[0.009s][info][gc] Using Parallel
[0.009s][info][gc,heap,coops] Heap address: 0x00000007fc000000, size: 64 MB, Compressed Oops mode: Zero based, Oop shift amount: 3
[10.020s][info][gc,start     ] GC(0) Pause Young (Allocation Failure)
[10.025s][debug][gc,phases    ] GC(0) Scavenge 4.410ms
[10.025s][debug][gc,phases    ] GC(0) Reference Processing 0.048ms
[10.025s][debug][gc,phases    ] GC(0) Weak Processing 0.038ms
[10.026s][debug][gc,phases    ] GC(0) Scrub String Table 0.098ms
[10.026s][debug][gc,age       ] GC(0) Desired survivor size 2621440 bytes, new threshold 7 (max threshold 15)
[10.026s][info ][gc,heap      ] GC(0) PSYoungGen: 16384K->2559K(18944K)
[10.026s][info ][gc,heap      ] GC(0) ParOldGen: 0K->2121K(44032K)
[10.026s][info ][gc,metaspace ] GC(0) Metaspace: 15746K->15746K(1062912K)
[10.026s][info ][gc           ] GC(0) Pause Young (Allocation Failure) 16M->4M(61M) 5.423ms
[10.026s][info ][gc,cpu       ] GC(0) User=0.02s Sys=0.01s Real=0.00s
[10.032s][info ][gc,start     ] GC(1) Pause Young (Allocation Failure)
[10.036s][debug][gc,phases    ] GC(1) Scavenge 3.776ms
[10.036s][debug][gc,phases    ] GC(1) Reference Processing 0.024ms
[10.036s][debug][gc,phases    ] GC(1) Weak Processing 0.015ms
[10.036s][debug][gc,phases    ] GC(1) Scrub String Table 0.078ms
[10.036s][debug][gc,age       ] GC(1) Desired survivor size 2621440 bytes, new threshold 7 (max threshold 15)
[10.036s][info ][gc,heap      ] GC(1) PSYoungGen: 18693K->2556K(18944K)
[10.036s][info ][gc,heap      ] GC(1) ParOldGen: 2121K->4592K(44032K)
[10.036s][info ][gc,metaspace ] GC(1) Metaspace: 15756K->15756K(1062912K)
[10.036s][info ][gc           ] GC(1) Pause Young (Allocation Failure) 20M->6M(61M) 4.139ms
[10.036s][info ][gc,cpu       ] GC(1) User=0.02s Sys=0.00s Real=0.00s
[10.040s][info ][gc,start     ] GC(2) Pause Young (Allocation Failure)
[10.043s][debug][gc,phases    ] GC(2) Scavenge 3.316ms
[10.043s][debug][gc,phases    ] GC(2) Reference Processing 0.025ms
[10.043s][debug][gc,phases    ] GC(2) Weak Processing 0.022ms
[10.043s][debug][gc,phases    ] GC(2) Scrub String Table 0.084ms
[10.043s][debug][gc,age       ] GC(2) Desired survivor size 2621440 bytes, new threshold 7 (max threshold 15)
[10.043s][info ][gc,heap      ] GC(2) PSYoungGen: 18763K->2246K(18944K)
[10.043s][info ][gc,heap      ] GC(2) ParOldGen: 4592K->7725K(44032K)
[10.043s][info ][gc,metaspace ] GC(2) Metaspace: 15758K->15758K(1062912K)
[10.043s][info ][gc           ] GC(2) Pause Young (Allocation Failure) 22M->9M(61M) 3.698ms
[10.043s][info ][gc,cpu       ] GC(2) User=0.01s Sys=0.01s Real=0.00s
[10.045s][info ][gc,start     ] GC(3) Pause Young (Allocation Failure)
[10.047s][debug][gc,phases    ] GC(3) Scavenge 2.183ms
[10.048s][debug][gc,phases    ] GC(3) Reference Processing 0.023ms
[10.048s][debug][gc,phases    ] GC(3) Weak Processing 0.016ms
[10.048s][debug][gc,phases    ] GC(3) Scrub String Table 0.074ms
[10.048s][debug][gc,age       ] GC(3) Desired survivor size 2621440 bytes, new threshold 7 (max threshold 15)
[10.048s][info ][gc,heap      ] GC(3) PSYoungGen: 18492K->2529K(18944K)
[10.048s][info ][gc,heap      ] GC(3) ParOldGen: 7725K->7733K(44032K)
[10.048s][info ][gc,metaspace ] GC(3) Metaspace: 15759K->15759K(1062912K)
[10.048s][info ][gc           ] GC(3) Pause Young (Allocation Failure) 25M->10M(61M) 2.549ms
[10.048s][info ][gc,cpu       ] GC(3) User=0.01s Sys=0.00s Real=0.01s
[10.049s][info ][gc,start     ] GC(4) Pause Young (Allocation Failure)
[10.051s][debug][gc,phases    ] GC(4) Scavenge 1.398ms
[10.051s][debug][gc,phases    ] GC(4) Reference Processing 0.022ms
[10.051s][debug][gc,phases    ] GC(4) Weak Processing 0.013ms
[10.051s][debug][gc,phases    ] GC(4) Scrub String Table 0.069ms
[10.051s][debug][gc,age       ] GC(4) Desired survivor size 6291456 bytes, new threshold 6 (max threshold 15)
[10.051s][info ][gc,heap      ] GC(4) PSYoungGen: 18847K->2182K(18944K)
[10.051s][info ][gc,heap      ] GC(4) ParOldGen: 7733K->7733K(44032K)
[10.051s][info ][gc,metaspace ] GC(4) Metaspace: 15763K->15763K(1062912K)
[10.051s][info ][gc           ] GC(4) Pause Young (Allocation Failure) 25M->9M(61M) 1.738ms
[10.051s][info ][gc,cpu       ] GC(4) User=0.01s Sys=0.00s Real=0.00s
[10.053s][info ][gc,start     ] GC(5) Pause Young (Allocation Failure)
[10.055s][debug][gc,phases    ] GC(5) Scavenge 1.795ms
[10.055s][debug][gc,phases    ] GC(5) Reference Processing 0.024ms
[10.055s][debug][gc,phases    ] GC(5) Weak Processing 0.015ms
[10.055s][debug][gc,phases    ] GC(5) Scrub String Table 0.071ms
[10.055s][debug][gc,age       ] GC(5) Desired survivor size 6291456 bytes, new threshold 5 (max threshold 15)
[10.055s][info ][gc,heap      ] GC(5) PSYoungGen: 18269K->2214K(11776K)
[10.055s][info ][gc,heap      ] GC(5) ParOldGen: 7733K->9296K(44032K)
[10.055s][info ][gc,metaspace ] GC(5) Metaspace: 15765K->15765K(1062912K)
[10.055s][info ][gc           ] GC(5) Pause Young (Allocation Failure) 25M->11M(54M) 2.093ms
[10.055s][info ][gc,cpu       ] GC(5) User=0.01s Sys=0.00s Real=0.00s
[10.056s][info ][gc,start     ] GC(6) Pause Young (Allocation Failure)
[10.058s][debug][gc,phases    ] GC(6) Scavenge 2.052ms
[10.058s][debug][gc,phases    ] GC(6) Reference Processing 0.021ms
[10.058s][debug][gc,phases    ] GC(6) Weak Processing 0.016ms
[10.058s][debug][gc,phases    ] GC(6) Scrub String Table 0.073ms
[10.058s][debug][gc,age       ] GC(6) Desired survivor size 5767168 bytes, new threshold 4 (max threshold 15)
[10.058s][info ][gc,heap      ] GC(6) PSYoungGen: 11189K->2177K(15360K)
[10.058s][info ][gc,heap      ] GC(6) ParOldGen: 9296K->10232K(44032K)
[10.058s][info ][gc,metaspace ] GC(6) Metaspace: 15771K->15771K(1064960K)
[10.058s][info ][gc           ] GC(6) Pause Young (Allocation Failure) 20M->12M(58M) 2.363ms
[10.058s][info ][gc,cpu       ] GC(6) User=0.01s Sys=0.00s Real=0.01s
[10.059s][info ][gc,start     ] GC(7) Pause Young (Allocation Failure)
[10.060s][debug][gc,phases    ] GC(7) Scavenge 0.551ms
[10.060s][debug][gc,phases    ] GC(7) Reference Processing 0.020ms
[10.060s][debug][gc,phases    ] GC(7) Weak Processing 0.011ms
[10.060s][debug][gc,phases    ] GC(7) Scrub String Table 0.069ms
[10.060s][debug][gc,age       ] GC(7) Desired survivor size 5767168 bytes, new threshold 3 (max threshold 15)
[10.060s][info ][gc,heap      ] GC(7) PSYoungGen: 11074K->1427K(14848K)
[10.060s][info ][gc,heap      ] GC(7) ParOldGen: 10232K->10264K(44032K)
[10.060s][info ][gc,metaspace ] GC(7) Metaspace: 15772K->15772K(1064960K)
[10.060s][info ][gc           ] GC(7) Pause Young (Allocation Failure) 20M->11M(57M) 0.877ms
[10.060s][info ][gc,cpu       ] GC(7) User=0.00s Sys=0.00s Real=0.00s
[10.061s][info ][gc,start     ] GC(8) Pause Young (Allocation Failure)
[10.061s][debug][gc,phases    ] GC(8) Scavenge 0.364ms
[10.062s][debug][gc,phases    ] GC(8) Reference Processing 0.020ms
[10.062s][debug][gc,phases    ] GC(8) Weak Processing 0.010ms
[10.062s][debug][gc,phases    ] GC(8) Scrub String Table 0.069ms
[10.062s][debug][gc,age       ] GC(8) Desired survivor size 5767168 bytes, new threshold 2 (max threshold 15)
[10.062s][info ][gc,heap      ] GC(8) PSYoungGen: 11071K->2177K(15360K)
[10.062s][info ][gc,heap      ] GC(8) ParOldGen: 10264K->10304K(44032K)
[10.062s][info ][gc,metaspace ] GC(8) Metaspace: 15787K->15787K(1064960K)
[10.062s][info ][gc           ] GC(8) Pause Young (Allocation Failure) 20M->12M(58M) 0.674ms
[10.062s][info ][gc,cpu       ] GC(8) User=0.00s Sys=0.00s Real=0.00s
[10.063s][info ][gc,start     ] GC(9) Pause Young (Allocation Failure)
[10.063s][debug][gc,phases    ] GC(9) Scavenge 0.411ms
[10.063s][debug][gc,phases    ] GC(9) Reference Processing 0.022ms
[10.063s][debug][gc,phases    ] GC(9) Weak Processing 0.010ms
[10.063s][debug][gc,phases    ] GC(9) Scrub String Table 0.068ms
[10.063s][debug][gc,age       ] GC(9) Desired survivor size 5767168 bytes, new threshold 1 (max threshold 15)
[10.063s][info ][gc,heap      ] GC(9) PSYoungGen: 11791K->1395K(15872K)
[10.063s][info ][gc,heap      ] GC(9) ParOldGen: 10304K->10344K(44032K)
[10.063s][info ][gc,metaspace ] GC(9) Metaspace: 15790K->15790K(1064960K)
[10.063s][info ][gc           ] GC(9) Pause Young (Allocation Failure) 21M->11M(58M) 0.702ms
[10.063s][info ][gc,cpu       ] GC(9) User=0.00s Sys=0.00s Real=0.00s
[10.065s][info ][gc,start     ] GC(10) Pause Young (Allocation Failure)
[10.065s][debug][gc,phases    ] GC(10) Scavenge 0.465ms
[10.065s][debug][gc,phases    ] GC(10) Reference Processing 0.019ms
[10.065s][debug][gc,phases    ] GC(10) Weak Processing 0.011ms
[10.065s][debug][gc,phases    ] GC(10) Scrub String Table 0.069ms
[10.065s][debug][gc,age       ] GC(10) Desired survivor size 5767168 bytes, new threshold 1 (max threshold 15)
[10.066s][info ][gc,heap      ] GC(10) PSYoungGen: 11508K->1818K(15872K)
[10.066s][info ][gc,heap      ] GC(10) ParOldGen: 10344K->10384K(44032K)
[10.066s][info ][gc,metaspace ] GC(10) Metaspace: 15794K->15794K(1064960K)
[10.066s][info ][gc           ] GC(10) Pause Young (Allocation Failure) 21M->11M(58M) 0.752ms
[10.066s][info ][gc,cpu       ] GC(10) User=0.00s Sys=0.00s Real=0.00s
[10.067s][info ][gc,start     ] GC(11) Pause Young (Allocation Failure)
[10.067s][debug][gc,phases    ] GC(11) Scavenge 0.699ms
[10.067s][debug][gc,phases    ] GC(11) Reference Processing 0.018ms
[10.067s][debug][gc,phases    ] GC(11) Weak Processing 0.013ms
[10.067s][debug][gc,phases    ] GC(11) Scrub String Table 0.078ms
[10.067s][debug][gc,age       ] GC(11) Desired survivor size 5767168 bytes, new threshold 1 (max threshold 15)
[10.067s][info ][gc,heap      ] GC(11) PSYoungGen: 11785K->1427K(15872K)
[10.068s][info ][gc,heap      ] GC(11) ParOldGen: 10384K->10424K(44032K)
[10.068s][info ][gc,metaspace ] GC(11) Metaspace: 15802K->15802K(1064960K)
[10.068s][info ][gc           ] GC(11) Pause Young (Allocation Failure) 21M->11M(58M) 0.983ms
[10.068s][info ][gc,cpu       ] GC(11) User=0.00s Sys=0.00s Real=0.00s
[10.068s][info ][gc,start     ] GC(12) Pause Young (Allocation Failure)
[10.070s][debug][gc,phases    ] GC(12) Scavenge 1.125ms
[10.070s][debug][gc,phases    ] GC(12) Reference Processing 0.022ms
[10.070s][debug][gc,phases    ] GC(12) Weak Processing 0.011ms
[10.070s][debug][gc,phases    ] GC(12) Scrub String Table 0.069ms
[10.070s][debug][gc,age       ] GC(12) Desired survivor size 5242880 bytes, new threshold 1 (max threshold 15)
[10.070s][info ][gc,heap      ] GC(12) PSYoungGen: 11459K->2209K(12800K)
[10.070s][info ][gc,heap      ] GC(12) ParOldGen: 10424K->10863K(44032K)
[10.070s][info ][gc,metaspace ] GC(12) Metaspace: 15808K->15808K(1064960K)
[10.070s][info ][gc           ] GC(12) Pause Young (Allocation Failure) 21M->12M(55M) 1.450ms
[10.070s][info ][gc,cpu       ] GC(12) User=0.01s Sys=0.00s Real=0.00s
[10.071s][info ][gc,start     ] GC(13) Pause Young (Allocation Failure)
[10.072s][debug][gc,phases    ] GC(13) Scavenge 0.779ms
[10.072s][debug][gc,phases    ] GC(13) Reference Processing 0.022ms
[10.072s][debug][gc,phases    ] GC(13) Weak Processing 0.011ms
[10.072s][debug][gc,phases    ] GC(13) Scrub String Table 0.068ms
[10.072s][debug][gc,age       ] GC(13) Desired survivor size 5242880 bytes, new threshold 1 (max threshold 15)
[10.072s][info ][gc,heap      ] GC(13) PSYoungGen: 12165K->2958K(15360K)
[10.072s][info ][gc,heap      ] GC(13) ParOldGen: 10863K->11293K(44032K)
[10.072s][info ][gc,metaspace ] GC(13) Metaspace: 15809K->15809K(1064960K)
[10.072s][info ][gc           ] GC(13) Pause Young (Allocation Failure) 22M->13M(58M) 1.093ms
[10.072s][info ][gc,cpu       ] GC(13) User=0.00s Sys=0.00s Real=0.00s
[10.073s][info ][gc,start     ] GC(14) Pause Young (Allocation Failure)
[10.074s][debug][gc,phases    ] GC(14) Scavenge 0.763ms
[10.074s][debug][gc,phases    ] GC(14) Reference Processing 0.022ms
[10.074s][debug][gc,phases    ] GC(14) Weak Processing 0.011ms
[10.074s][debug][gc,phases    ] GC(14) Scrub String Table 0.069ms
[10.074s][debug][gc,age       ] GC(14) Desired survivor size 5242880 bytes, new threshold 1 (max threshold 15)
[10.074s][info ][gc,heap      ] GC(14) PSYoungGen: 12967K->2990K(15360K)
[10.074s][info ][gc,heap      ] GC(14) ParOldGen: 11293K->11732K(44032K)
[10.074s][info ][gc,metaspace ] GC(14) Metaspace: 15810K->15810K(1064960K)
[10.074s][info ][gc           ] GC(14) Pause Young (Allocation Failure) 23M->14M(58M) 1.063ms
[10.074s][info ][gc,cpu       ] GC(14) User=0.00s Sys=0.00s Real=0.00s
[10.075s][info ][gc,start     ] GC(15) Pause Young (Allocation Failure)
[10.076s][debug][gc,phases    ] GC(15) Scavenge 1.098ms
[10.076s][debug][gc,phases    ] GC(15) Reference Processing 0.018ms
[10.076s][debug][gc,phases    ] GC(15) Weak Processing 0.014ms
[10.076s][debug][gc,phases    ] GC(15) Scrub String Table 0.080ms
[10.076s][debug][gc,age       ] GC(15) Desired survivor size 5242880 bytes, new threshold 1 (max threshold 15)
[10.076s][info ][gc,heap      ] GC(15) PSYoungGen: 12996K->2209K(16384K)
[10.076s][info ][gc,heap      ] GC(15) ParOldGen: 11732K->12537K(44032K)
[10.076s][info ][gc,metaspace ] GC(15) Metaspace: 15810K->15810K(1064960K)
[10.076s][info ][gc           ] GC(15) Pause Young (Allocation Failure) 24M->14M(59M) 1.394ms
[10.076s][info ][gc,cpu       ] GC(15) User=0.00s Sys=0.00s Real=0.01s
[10.078s][info ][gc,start     ] GC(16) Pause Young (Allocation Failure)
[10.079s][debug][gc,phases    ] GC(16) Scavenge 0.934ms
[10.079s][debug][gc,phases    ] GC(16) Reference Processing 0.025ms
[10.079s][debug][gc,phases    ] GC(16) Weak Processing 0.012ms
[10.079s][debug][gc,phases    ] GC(16) Scrub String Table 0.068ms
[10.079s][debug][gc,age       ] GC(16) Desired survivor size 5242880 bytes, new threshold 1 (max threshold 15)
[10.079s][info ][gc,heap      ] GC(16) PSYoungGen: 13395K->3707K(16384K)
[10.079s][info ][gc,heap      ] GC(16) ParOldGen: 12537K->12561K(44032K)
[10.079s][info ][gc,metaspace ] GC(16) Metaspace: 15817K->15817K(1064960K)
[10.079s][info ][gc           ] GC(16) Pause Young (Allocation Failure) 25M->15M(59M) 1.278ms
[10.079s][info ][gc,cpu       ] GC(16) User=0.01s Sys=0.00s Real=0.00s
[10.080s][info ][gc,start     ] GC(17) Pause Young (Allocation Failure)
[10.081s][debug][gc,phases    ] GC(17) Scavenge 0.566ms
[10.081s][debug][gc,phases    ] GC(17) Reference Processing 0.023ms
[10.081s][debug][gc,phases    ] GC(17) Weak Processing 0.010ms
[10.081s][debug][gc,phases    ] GC(17) Scrub String Table 0.069ms
[10.081s][debug][gc,age       ] GC(17) Desired survivor size 5242880 bytes, new threshold 1 (max threshold 15)
[10.081s][info ][gc,heap      ] GC(17) PSYoungGen: 14856K->3771K(16384K)
[10.081s][info ][gc,heap      ] GC(17) ParOldGen: 12561K->12601K(44032K)
[10.081s][info ][gc,metaspace ] GC(17) Metaspace: 15818K->15818K(1064960K)
[10.081s][info ][gc           ] GC(17) Pause Young (Allocation Failure) 26M->15M(59M) 0.866ms
[10.081s][info ][gc,cpu       ] GC(17) User=0.01s Sys=0.00s Real=0.00s
[10.082s][info ][gc,start     ] GC(18) Pause Young (Allocation Failure)
[10.083s][debug][gc,phases    ] GC(18) Scavenge 0.838ms
[10.083s][debug][gc,phases    ] GC(18) Reference Processing 0.021ms
[10.083s][debug][gc,phases    ] GC(18) Weak Processing 0.010ms
[10.083s][debug][gc,phases    ] GC(18) Scrub String Table 0.068ms
[10.083s][debug][gc,age       ] GC(18) Desired survivor size 5242880 bytes, new threshold 1 (max threshold 15)
[10.083s][info ][gc,heap      ] GC(18) PSYoungGen: 15007K->3381K(16384K)
[10.083s][info ][gc,heap      ] GC(18) ParOldGen: 12601K->13024K(44032K)
[10.083s][info ][gc,metaspace ] GC(18) Metaspace: 15820K->15820K(1064960K)
[10.083s][info ][gc           ] GC(18) Pause Young (Allocation Failure) 26M->16M(59M) 1.149ms
[10.083s][info ][gc,cpu       ] GC(18) User=0.01s Sys=0.00s Real=0.00s
[10.084s][info ][gc,start     ] GC(19) Pause Young (Allocation Failure)
[10.085s][debug][gc,phases    ] GC(19) Scavenge 0.847ms
[10.085s][debug][gc,phases    ] GC(19) Reference Processing 0.023ms
[10.085s][debug][gc,phases    ] GC(19) Weak Processing 0.011ms
[10.085s][debug][gc,phases    ] GC(19) Scrub String Table 0.067ms
[10.085s][debug][gc,age       ] GC(19) Desired survivor size 5242880 bytes, new threshold 1 (max threshold 15)
[10.085s][info ][gc,heap      ] GC(19) PSYoungGen: 14529K->1395K(16384K)
[10.085s][info ][gc,heap      ] GC(19) ParOldGen: 13024K->13845K(44032K)
[10.085s][info ][gc,metaspace ] GC(19) Metaspace: 15824K->15824K(1064960K)
[10.085s][info ][gc           ] GC(19) Pause Young (Allocation Failure) 26M->14M(59M) 1.128ms
[10.085s][info ][gc,cpu       ] GC(19) User=0.00s Sys=0.00s Real=0.00s
[10.087s][info ][gc,start     ] GC(20) Pause Young (Allocation Failure)
[10.088s][debug][gc,phases    ] GC(20) Scavenge 1.008ms
[10.088s][debug][gc,phases    ] GC(20) Reference Processing 0.021ms
[10.088s][debug][gc,phases    ] GC(20) Weak Processing 0.011ms
[10.088s][debug][gc,phases    ] GC(20) Scrub String Table 0.068ms
[10.088s][debug][gc,age       ] GC(20) Desired survivor size 5242880 bytes, new threshold 1 (max threshold 15)
[10.088s][info ][gc,heap      ] GC(20) PSYoungGen: 12534K->2177K(16384K)
[10.088s][info ][gc,heap      ] GC(20) ParOldGen: 13845K->13869K(44032K)
[10.088s][info ][gc,metaspace ] GC(20) Metaspace: 15832K->15832K(1064960K)
[10.088s][info ][gc           ] GC(20) Pause Young (Allocation Failure) 25M->15M(59M) 1.313ms
[10.088s][info ][gc,cpu       ] GC(20) User=0.00s Sys=0.01s Real=0.00s
[10.089s][info ][gc,start     ] GC(21) Pause Young (Allocation Failure)
[10.090s][debug][gc,phases    ] GC(21) Scavenge 0.802ms
[10.090s][debug][gc,phases    ] GC(21) Reference Processing 0.022ms
[10.090s][debug][gc,phases    ] GC(21) Weak Processing 0.010ms
[10.090s][debug][gc,phases    ] GC(21) Scrub String Table 0.068ms
[10.090s][debug][gc,age       ] GC(21) Desired survivor size 5242880 bytes, new threshold 1 (max threshold 15)
[10.090s][info ][gc,heap      ] GC(21) PSYoungGen: 13337K->2567K(16384K)
[10.090s][info ][gc,heap      ] GC(21) ParOldGen: 13869K->14308K(44032K)
[10.090s][info ][gc,metaspace ] GC(21) Metaspace: 15835K->15835K(1064960K)
[10.090s][info ][gc           ] GC(21) Pause Young (Allocation Failure) 26M->16M(59M) 1.086ms
[10.090s][info ][gc,cpu       ] GC(21) User=0.01s Sys=0.00s Real=0.00s
[10.091s][info ][gc,start     ] GC(22) Pause Young (Allocation Failure)
[10.093s][debug][gc,phases    ] GC(22) Scavenge 1.183ms
[10.093s][debug][gc,phases    ] GC(22) Reference Processing 0.023ms
[10.093s][debug][gc,phases    ] GC(22) Weak Processing 0.012ms
[10.093s][debug][gc,phases    ] GC(22) Scrub String Table 0.098ms
[10.093s][debug][gc,age       ] GC(22) Desired survivor size 4718592 bytes, new threshold 1 (max threshold 15)
[10.093s][info ][gc,heap      ] GC(22) PSYoungGen: 13736K->2567K(14336K)
[10.093s][info ][gc,heap      ] GC(22) ParOldGen: 14308K->14754K(44032K)
[10.093s][info ][gc,metaspace ] GC(22) Metaspace: 15835K->15835K(1064960K)
[10.093s][info ][gc           ] GC(22) Pause Young (Allocation Failure) 27M->16M(57M) 1.588ms
[10.093s][info ][gc,cpu       ] GC(22) User=0.01s Sys=0.00s Real=0.00s
[10.094s][info ][gc,start     ] GC(23) Pause Young (Allocation Failure)
[10.095s][debug][gc,phases    ] GC(23) Scavenge 0.907ms
[10.095s][debug][gc,phases    ] GC(23) Reference Processing 0.024ms
[10.095s][debug][gc,phases    ] GC(23) Weak Processing 0.011ms
[10.095s][debug][gc,phases    ] GC(23) Scrub String Table 0.068ms
[10.095s][debug][gc,age       ] GC(23) Desired survivor size 4718592 bytes, new threshold 1 (max threshold 15)
[10.095s][info ][gc,heap      ] GC(23) PSYoungGen: 13802K->3349K(15872K)
[10.095s][info ][gc,heap      ] GC(23) ParOldGen: 14754K->15169K(44032K)
[10.095s][info ][gc,metaspace ] GC(23) Metaspace: 15840K->15840K(1064960K)
[10.095s][info ][gc           ] GC(23) Pause Young (Allocation Failure) 27M->18M(58M) 1.241ms
[10.095s][info ][gc,cpu       ] GC(23) User=0.00s Sys=0.00s Real=0.00s
[10.099s][info ][gc,start     ] GC(24) Pause Young (GCLocker Initiated GC)
[10.099s][debug][gc,phases    ] GC(24) Scavenge 0.536ms
[10.099s][debug][gc,phases    ] GC(24) Reference Processing 0.022ms
[10.099s][debug][gc,phases    ] GC(24) Weak Processing 0.011ms
[10.099s][debug][gc,phases    ] GC(24) Scrub String Table 0.068ms
[10.099s][debug][gc,age       ] GC(24) Desired survivor size 4718592 bytes, new threshold 1 (max threshold 15)
[10.099s][info ][gc,heap      ] GC(24) PSYoungGen: 14548K->2209K(15872K)
[10.099s][info ][gc,heap      ] GC(24) ParOldGen: 18294K->18310K(44032K)
[10.099s][info ][gc,metaspace ] GC(24) Metaspace: 15844K->15844K(1064960K)
[10.099s][info ][gc           ] GC(24) Pause Young (GCLocker Initiated GC) 32M->20M(58M) 0.826ms
[10.099s][info ][gc,cpu       ] GC(24) User=0.01s Sys=0.00s Real=0.00s
[10.115s][debug][gc,phases    ] GC(25) Pre Compact 0.022ms
[10.115s][info ][gc,start     ] GC(25) Pause Full (Ergonomics)
[10.116s][info ][gc,phases,start] GC(25) Marking Phase
[10.118s][debug][gc,phases      ] GC(25) Par Mark 2.420ms
[10.118s][debug][gc,phases      ] GC(25) Reference Processing 0.110ms
[10.118s][debug][gc,phases      ] GC(25) Weak Processing 0.011ms
[10.118s][debug][gc,phases      ] GC(25) ClassLoaderData 0.076ms
[10.118s][debug][gc,phases      ] GC(25) ProtectionDomainCacheTable 0.002ms
[10.118s][debug][gc,phases      ] GC(25) ResolvedMethodTable 0.016ms
[10.119s][debug][gc,phases      ] GC(25) Class Unloading 0.795ms
[10.119s][debug][gc,phases      ] GC(25) Scrub String Table 0.060ms
[10.120s][debug][gc,phases      ] GC(25) Scrub Symbol Table 0.980ms
[10.120s][info ][gc,phases      ] GC(25) Marking Phase 4.518ms
[10.120s][info ][gc,phases,start] GC(25) Summary Phase
[10.120s][info ][gc,phases      ] GC(25) Summary Phase 0.013ms
[10.120s][info ][gc,phases,start] GC(25) Adjust Roots
[10.122s][info ][gc,phases      ] GC(25) Adjust Roots 2.423ms
[10.122s][info ][gc,phases,start] GC(25) Compaction Phase
[10.128s][info ][gc,phases      ] GC(25) Compaction Phase 5.461ms
[10.128s][info ][gc,phases,start] GC(25) Post Compact
[10.129s][info ][gc,phases      ] GC(25) Post Compact 0.974ms
[10.130s][info ][gc,heap        ] GC(25) PSYoungGen: 13467K->0K(16896K)
[10.130s][info ][gc,heap        ] GC(25) ParOldGen: 42920K->7823K(26624K)
[10.130s][info ][gc,metaspace   ] GC(25) Metaspace: 15855K->15855K(1064960K)
[10.130s][info ][gc             ] GC(25) Pause Full (Ergonomics) 55M->7M(42M) 14.092ms
[10.130s][info ][gc,cpu         ] GC(25) User=0.04s Sys=0.00s Real=0.02s
[10.131s][info ][gc,start       ] GC(26) Pause Young (Allocation Failure)
[10.131s][debug][gc,phases      ] GC(26) Scavenge 0.352ms
[10.131s][debug][gc,phases      ] GC(26) Reference Processing 0.021ms
[10.131s][debug][gc,phases      ] GC(26) Weak Processing 0.010ms
[10.131s][debug][gc,phases      ] GC(26) Scrub String Table 0.067ms
[10.131s][debug][gc,age         ] GC(26) Desired survivor size 4718592 bytes, new threshold 1 (max threshold 15)
[10.131s][info ][gc,heap        ] GC(26) PSYoungGen: 11989K->2177K(16896K)
[10.131s][info ][gc,heap        ] GC(26) ParOldGen: 7823K->7823K(26624K)
[10.131s][info ][gc,metaspace   ] GC(26) Metaspace: 15855K->15855K(1064960K)
[10.131s][info ][gc             ] GC(26) Pause Young (Allocation Failure) 19M->9M(42M) 0.643ms
[10.131s][info ][gc,cpu         ] GC(26) User=0.00s Sys=0.00s Real=0.00s
[10.133s][info ][gc,start       ] GC(27) Pause Young (Allocation Failure)
[10.133s][debug][gc,phases      ] GC(27) Scavenge 0.354ms
[10.133s][debug][gc,phases      ] GC(27) Reference Processing 0.018ms
[10.133s][debug][gc,phases      ] GC(27) Weak Processing 0.010ms
[10.133s][debug][gc,phases      ] GC(27) Scrub String Table 0.068ms
[10.133s][debug][gc,age         ] GC(27) Desired survivor size 4718592 bytes, new threshold 1 (max threshold 15)
[10.133s][info ][gc,heap        ] GC(27) PSYoungGen: 14326K->2567K(16896K)
[10.133s][info ][gc,heap        ] GC(27) ParOldGen: 7823K->7847K(26624K)
[10.133s][info ][gc,metaspace   ] GC(27) Metaspace: 15855K->15855K(1064960K)
[10.133s][info ][gc             ] GC(27) Pause Young (Allocation Failure) 21M->10M(42M) 0.636ms
[10.133s][info ][gc,cpu         ] GC(27) User=0.00s Sys=0.00s Real=0.00s
[10.136s][info ][gc,start       ] GC(28) Pause Young (Allocation Failure)
[10.137s][debug][gc,phases      ] GC(28) Scavenge 0.375ms
[10.137s][debug][gc,phases      ] GC(28) Reference Processing 0.018ms
[10.137s][debug][gc,phases      ] GC(28) Weak Processing 0.010ms
[10.137s][debug][gc,phases      ] GC(28) Scrub String Table 0.067ms
[10.137s][debug][gc,age         ] GC(28) Desired survivor size 4718592 bytes, new threshold 1 (max threshold 15)
[10.137s][info ][gc,heap        ] GC(28) PSYoungGen: 14735K->3381K(16896K)
[10.137s][info ][gc,heap        ] GC(28) ParOldGen: 7847K->7855K(26624K)
[10.137s][info ][gc,metaspace   ] GC(28) Metaspace: 15855K->15855K(1064960K)
[10.137s][info ][gc             ] GC(28) Pause Young (Allocation Failure) 22M->10M(42M) 0.672ms
[10.137s][info ][gc,cpu         ] GC(28) User=0.00s Sys=0.00s Real=0.01s
[10.138s][info ][gc,start       ] GC(29) Pause Young (Allocation Failure)
[10.138s][debug][gc,phases      ] GC(29) Scavenge 0.250ms
[10.138s][debug][gc,phases      ] GC(29) Reference Processing 0.018ms
[10.138s][debug][gc,phases      ] GC(29) Weak Processing 0.011ms
[10.139s][debug][gc,phases      ] GC(29) Scrub String Table 0.068ms
[10.139s][debug][gc,age         ] GC(29) Desired survivor size 4718592 bytes, new threshold 1 (max threshold 15)
[10.139s][info ][gc,heap        ] GC(29) PSYoungGen: 15425K->2145K(16896K)
[10.139s][info ][gc,heap        ] GC(29) ParOldGen: 7855K->7879K(26624K)
[10.139s][info ][gc,metaspace   ] GC(29) Metaspace: 15855K->15855K(1064960K)
[10.139s][info ][gc             ] GC(29) Pause Young (Allocation Failure) 22M->9M(42M) 0.522ms
[10.139s][info ][gc,cpu         ] GC(29) User=0.01s Sys=0.00s Real=0.00s
[10.140s][info ][gc,start       ] GC(30) Pause Young (Allocation Failure)
[10.140s][debug][gc,phases      ] GC(30) Scavenge 0.376ms
[10.140s][debug][gc,phases      ] GC(30) Reference Processing 0.027ms
[10.140s][debug][gc,phases      ] GC(30) Weak Processing 0.014ms
[10.140s][debug][gc,phases      ] GC(30) Scrub String Table 0.094ms
[10.140s][debug][gc,age         ] GC(30) Desired survivor size 4718592 bytes, new threshold 1 (max threshold 15)
[10.140s][info ][gc,heap        ] GC(30) PSYoungGen: 14120K->1786K(16896K)
[10.140s][info ][gc,heap        ] GC(30) ParOldGen: 7879K->8302K(26624K)
[10.140s][info ][gc,metaspace   ] GC(30) Metaspace: 15855K->15855K(1064960K)
[10.140s][info ][gc             ] GC(30) Pause Young (Allocation Failure) 21M->9M(42M) 0.768ms
[10.140s][info ][gc,cpu         ] GC(30) User=0.00s Sys=0.00s Real=0.00s
[10.142s][info ][gc,start       ] GC(31) Pause Young (Allocation Failure)
[10.142s][debug][gc,phases      ] GC(31) Scavenge 0.324ms
[10.142s][debug][gc,phases      ] GC(31) Reference Processing 0.019ms
[10.142s][debug][gc,phases      ] GC(31) Weak Processing 0.010ms
[10.142s][debug][gc,phases      ] GC(31) Scrub String Table 0.068ms
[10.142s][debug][gc,age         ] GC(31) Desired survivor size 4718592 bytes, new threshold 1 (max threshold 15)
[10.142s][info ][gc,heap        ] GC(31) PSYoungGen: 13717K->1818K(16896K)
[10.142s][info ][gc,heap        ] GC(31) ParOldGen: 8302K->8724K(26624K)
[10.142s][info ][gc,metaspace   ] GC(31) Metaspace: 15855K->15855K(1064960K)
[10.142s][info ][gc             ] GC(31) Pause Young (Allocation Failure) 21M->10M(42M) 0.600ms
[10.142s][info ][gc,cpu         ] GC(31) User=0.00s Sys=0.00s Real=0.00s
[10.143s][info ][gc,start       ] GC(32) Pause Young (Allocation Failure)
[10.144s][debug][gc,phases      ] GC(32) Scavenge 0.361ms
[10.144s][debug][gc,phases      ] GC(32) Reference Processing 0.022ms
[10.144s][debug][gc,phases      ] GC(32) Weak Processing 0.010ms
[10.144s][debug][gc,phases      ] GC(32) Scrub String Table 0.067ms
[10.144s][debug][gc,age         ] GC(32) Desired survivor size 4194304 bytes, new threshold 1 (max threshold 15)
[10.144s][info ][gc,heap        ] GC(32) PSYoungGen: 13766K->2567K(15360K)
[10.144s][info ][gc,heap        ] GC(32) ParOldGen: 8724K->9139K(26624K)
[10.144s][info ][gc,metaspace   ] GC(32) Metaspace: 15855K->15855K(1064960K)
[10.144s][info ][gc             ] GC(32) Pause Young (Allocation Failure) 21M->11M(41M) 0.664ms
[10.144s][info ][gc,cpu         ] GC(32) User=0.00s Sys=0.00s Real=0.00s
[10.145s][info ][gc,start       ] GC(33) Pause Young (Allocation Failure)
[10.146s][debug][gc,phases      ] GC(33) Scavenge 0.761ms
[10.146s][debug][gc,phases      ] GC(33) Reference Processing 0.027ms
[10.146s][debug][gc,phases      ] GC(33) Weak Processing 0.013ms
[10.146s][debug][gc,phases      ] GC(33) Scrub String Table 0.084ms
[10.146s][debug][gc,age         ] GC(33) Desired survivor size 4194304 bytes, new threshold 1 (max threshold 15)
[10.146s][info ][gc,heap        ] GC(33) PSYoungGen: 14555K->1722K(16384K)
[10.146s][info ][gc,heap        ] GC(33) ParOldGen: 9139K->9553K(26624K)
[10.146s][info ][gc,metaspace   ] GC(33) Metaspace: 15856K->15856K(1064960K)
[10.146s][info ][gc             ] GC(33) Pause Young (Allocation Failure) 23M->11M(42M) 1.160ms
[10.146s][info ][gc,cpu         ] GC(33) User=0.00s Sys=0.00s Real=0.00s
[10.147s][info ][gc,start       ] GC(34) Pause Young (Allocation Failure)
[10.147s][debug][gc,phases      ] GC(34) Scavenge 0.239ms
[10.147s][debug][gc,phases      ] GC(34) Reference Processing 0.020ms
[10.147s][debug][gc,phases      ] GC(34) Weak Processing 0.010ms
[10.148s][debug][gc,phases      ] GC(34) Scrub String Table 0.069ms
[10.148s][debug][gc,age         ] GC(34) Desired survivor size 4194304 bytes, new threshold 1 (max threshold 15)
[10.148s][info ][gc,heap        ] GC(34) PSYoungGen: 13737K->1427K(16384K)
[10.148s][info ][gc,heap        ] GC(34) ParOldGen: 9553K->9569K(26624K)
[10.148s][info ][gc,metaspace   ] GC(34) Metaspace: 15858K->15858K(1064960K)
[10.148s][info ][gc             ] GC(34) Pause Young (Allocation Failure) 22M->10M(42M) 0.521ms
[10.148s][info ][gc,cpu         ] GC(34) User=0.00s Sys=0.00s Real=0.00s
[10.149s][info ][gc,start       ] GC(35) Pause Young (Allocation Failure)
[10.150s][debug][gc,phases      ] GC(35) Scavenge 0.958ms
[10.150s][debug][gc,phases      ] GC(35) Reference Processing 0.020ms
[10.150s][debug][gc,phases      ] GC(35) Weak Processing 0.011ms
[10.150s][debug][gc,phases      ] GC(35) Scrub String Table 0.070ms
[10.150s][debug][gc,age         ] GC(35) Desired survivor size 4194304 bytes, new threshold 1 (max threshold 15)
[10.150s][info ][gc,heap        ] GC(35) PSYoungGen: 13423K->2177K(17408K)
[10.150s][info ][gc,heap        ] GC(35) ParOldGen: 9569K->9593K(26624K)
[10.150s][info ][gc,metaspace   ] GC(35) Metaspace: 15859K->15859K(1064960K)
[10.150s][info ][gc             ] GC(35) Pause Young (Allocation Failure) 22M->11M(43M) 1.258ms
[10.150s][info ][gc,cpu         ] GC(35) User=0.00s Sys=0.00s Real=0.00s
[10.151s][info ][gc,start       ] GC(36) Pause Young (Allocation Failure)
[10.152s][debug][gc,phases      ] GC(36) Scavenge 1.037ms
[10.152s][debug][gc,phases      ] GC(36) Reference Processing 0.022ms
[10.152s][debug][gc,phases      ] GC(36) Weak Processing 0.011ms
[10.152s][debug][gc,phases      ] GC(36) Scrub String Table 0.068ms
[10.152s][debug][gc,age         ] GC(36) Desired survivor size 4194304 bytes, new threshold 1 (max threshold 15)
[10.152s][info ][gc,heap        ] GC(36) PSYoungGen: 15315K->2177K(17408K)
[10.152s][info ][gc,heap        ] GC(36) ParOldGen: 9593K->9601K(26624K)
[10.152s][info ][gc,metaspace   ] GC(36) Metaspace: 15859K->15859K(1064960K)
[10.152s][info ][gc             ] GC(36) Pause Young (Allocation Failure) 24M->11M(43M) 1.328ms
[10.153s][info ][gc,cpu         ] GC(36) User=0.01s Sys=0.00s Real=0.00s
[10.154s][info ][gc,start       ] GC(37) Pause Young (Allocation Failure)
[10.154s][debug][gc,phases      ] GC(37) Scavenge 0.421ms
[10.154s][debug][gc,phases      ] GC(37) Reference Processing 0.019ms
[10.154s][debug][gc,phases      ] GC(37) Weak Processing 0.010ms
[10.154s][debug][gc,phases      ] GC(37) Scrub String Table 0.068ms
[10.154s][debug][gc,age         ] GC(37) Desired survivor size 4194304 bytes, new threshold 1 (max threshold 15)
[10.154s][info ][gc,heap        ] GC(37) PSYoungGen: 15356K->1427K(17408K)
[10.154s][info ][gc,heap        ] GC(37) ParOldGen: 9601K->9609K(26624K)
[10.154s][info ][gc,metaspace   ] GC(37) Metaspace: 15859K->15859K(1064960K)
[10.154s][info ][gc             ] GC(37) Pause Young (Allocation Failure) 24M->10M(43M) 0.703ms
[10.154s][info ][gc,cpu         ] GC(37) User=0.01s Sys=0.00s Real=0.00s
[10.155s][info ][gc,start       ] GC(38) Pause Young (Allocation Failure)
[10.156s][debug][gc,phases      ] GC(38) Scavenge 0.343ms
[10.156s][debug][gc,phases      ] GC(38) Reference Processing 0.022ms
[10.156s][debug][gc,phases      ] GC(38) Weak Processing 0.010ms
[10.156s][debug][gc,phases      ] GC(38) Scrub String Table 0.067ms
[10.156s][debug][gc,age         ] GC(38) Desired survivor size 4194304 bytes, new threshold 1 (max threshold 15)
[10.156s][info ][gc,heap        ] GC(38) PSYoungGen: 14530K->2567K(17408K)
[10.156s][info ][gc,heap        ] GC(38) ParOldGen: 9609K->10040K(26624K)
[10.156s][info ][gc,metaspace   ] GC(38) Metaspace: 15860K->15860K(1064960K)
[10.156s][info ][gc             ] GC(38) Pause Young (Allocation Failure) 23M->12M(43M) 0.657ms
[10.156s][info ][gc,cpu         ] GC(38) User=0.01s Sys=0.00s Real=0.00s
[10.157s][info ][gc,start       ] GC(39) Pause Young (Allocation Failure)
[10.158s][debug][gc,phases      ] GC(39) Scavenge 0.369ms
[10.158s][debug][gc,phases      ] GC(39) Reference Processing 0.019ms
[10.158s][debug][gc,phases      ] GC(39) Weak Processing 0.010ms
[10.158s][debug][gc,phases      ] GC(39) Scrub String Table 0.068ms
[10.158s][debug][gc,age         ] GC(39) Desired survivor size 4194304 bytes, new threshold 1 (max threshold 15)
[10.158s][info ][gc,heap        ] GC(39) PSYoungGen: 15755K->2599K(17408K)
[10.158s][info ][gc,heap        ] GC(39) ParOldGen: 10040K->10040K(26624K)
[10.158s][info ][gc,metaspace   ] GC(39) Metaspace: 15860K->15860K(1064960K)
[10.158s][info ][gc             ] GC(39) Pause Young (Allocation Failure) 25M->12M(43M) 0.665ms
[10.158s][info ][gc,cpu         ] GC(39) User=0.01s Sys=0.00s Real=0.00s
[10.159s][info ][gc,start       ] GC(40) Pause Young (Allocation Failure)
[10.160s][debug][gc,phases      ] GC(40) Scavenge 0.575ms
[10.160s][debug][gc,phases      ] GC(40) Reference Processing 0.019ms
[10.160s][debug][gc,phases      ] GC(40) Weak Processing 0.010ms
[10.160s][debug][gc,phases      ] GC(40) Scrub String Table 0.069ms
[10.160s][debug][gc,age         ] GC(40) Desired survivor size 3670016 bytes, new threshold 1 (max threshold 15)
[10.160s][info ][gc,heap        ] GC(40) PSYoungGen: 15702K->2145K(15872K)
[10.160s][info ][gc,heap        ] GC(40) ParOldGen: 10040K->10471K(26624K)
[10.160s][info ][gc,metaspace   ] GC(40) Metaspace: 15860K->15860K(1064960K)
[10.160s][info ][gc             ] GC(40) Pause Young (Allocation Failure) 25M->12M(41M) 0.874ms
[10.160s][info ][gc,cpu         ] GC(40) User=0.01s Sys=0.00s Real=0.00s
[10.161s][info ][gc,start       ] GC(41) Pause Young (Allocation Failure)
[10.162s][debug][gc,phases      ] GC(41) Scavenge 0.262ms
[10.162s][debug][gc,phases      ] GC(41) Reference Processing 0.020ms
[10.162s][debug][gc,phases      ] GC(41) Weak Processing 0.010ms
[10.162s][debug][gc,phases      ] GC(41) Scrub String Table 0.070ms
[10.162s][debug][gc,age         ] GC(41) Desired survivor size 4194304 bytes, new threshold 1 (max threshold 15)
[10.162s][info ][gc,heap        ] GC(41) PSYoungGen: 15332K->1331K(16384K)
[10.162s][info ][gc,heap        ] GC(41) ParOldGen: 10471K->10479K(26624K)
[10.162s][info ][gc,metaspace   ] GC(41) Metaspace: 15860K->15860K(1064960K)
[10.162s][info ][gc             ] GC(41) Pause Young (Allocation Failure) 25M->11M(42M) 0.605ms
[10.162s][info ][gc,cpu         ] GC(41) User=0.00s Sys=0.00s Real=0.00s
[10.163s][info ][gc,start       ] GC(42) Pause Young (Allocation Failure)
[10.163s][debug][gc,phases      ] GC(42) Scavenge 0.312ms
[10.163s][debug][gc,phases      ] GC(42) Reference Processing 0.018ms
[10.163s][debug][gc,phases      ] GC(42) Weak Processing 0.010ms
[10.163s][debug][gc,phases      ] GC(42) Scrub String Table 0.068ms
[10.163s][debug][gc,age         ] GC(42) Desired survivor size 3670016 bytes, new threshold 1 (max threshold 15)
[10.163s][info ][gc,heap        ] GC(42) PSYoungGen: 14076K->2177K(16896K)
[10.163s][info ][gc,heap        ] GC(42) ParOldGen: 10479K->10503K(26624K)
[10.163s][info ][gc,metaspace   ] GC(42) Metaspace: 15860K->15860K(1064960K)
[10.163s][info ][gc             ] GC(42) Pause Young (Allocation Failure) 23M->12M(42M) 0.642ms
[10.164s][info ][gc,cpu         ] GC(42) User=0.00s Sys=0.01s Real=0.00s
[10.165s][info ][gc,start       ] GC(43) Pause Young (Allocation Failure)
[10.165s][debug][gc,phases      ] GC(43) Scavenge 0.289ms
[10.165s][debug][gc,phases      ] GC(43) Reference Processing 0.019ms
[10.165s][debug][gc,phases      ] GC(43) Weak Processing 0.010ms
[10.165s][debug][gc,phases      ] GC(43) Scrub String Table 0.068ms
[10.165s][debug][gc,age         ] GC(43) Desired survivor size 3670016 bytes, new threshold 1 (max threshold 15)
[10.165s][info ][gc,heap        ] GC(43) PSYoungGen: 14956K->2177K(17408K)
[10.165s][info ][gc,heap        ] GC(43) ParOldGen: 10503K->10511K(26624K)
[10.165s][info ][gc,metaspace   ] GC(43) Metaspace: 15860K->15860K(1064960K)
[10.165s][info ][gc             ] GC(43) Pause Young (Allocation Failure) 24M->12M(43M) 0.605ms
[10.165s][info ][gc,cpu         ] GC(43) User=0.00s Sys=0.00s Real=0.00s
[10.166s][info ][gc,start       ] GC(44) Pause Young (Allocation Failure)
[10.167s][debug][gc,phases      ] GC(44) Scavenge 0.315ms
[10.167s][debug][gc,phases      ] GC(44) Reference Processing 0.022ms
[10.167s][debug][gc,phases      ] GC(44) Weak Processing 0.010ms
[10.167s][debug][gc,phases      ] GC(44) Scrub String Table 0.068ms
[10.167s][debug][gc,age         ] GC(44) Desired survivor size 3670016 bytes, new threshold 1 (max threshold 15)
[10.167s][info ][gc,heap        ] GC(44) PSYoungGen: 15711K->2599K(17408K)
[10.167s][info ][gc,heap        ] GC(44) ParOldGen: 10511K->10527K(26624K)
[10.167s][info ][gc,metaspace   ] GC(44) Metaspace: 15860K->15860K(1064960K)
[10.167s][info ][gc             ] GC(44) Pause Young (Allocation Failure) 25M->12M(43M) 0.618ms
[10.167s][info ][gc,cpu         ] GC(44) User=0.00s Sys=0.00s Real=0.01s
[10.168s][info ][gc,start       ] GC(45) Pause Young (Allocation Failure)
[10.168s][debug][gc,phases      ] GC(45) Scavenge 0.386ms
[10.169s][debug][gc,phases      ] GC(45) Reference Processing 0.019ms
[10.169s][debug][gc,phases      ] GC(45) Weak Processing 0.011ms
[10.169s][debug][gc,phases      ] GC(45) Scrub String Table 0.068ms
[10.169s][debug][gc,age         ] GC(45) Desired survivor size 3670016 bytes, new threshold 1 (max threshold 15)
[10.169s][info ][gc,heap        ] GC(45) PSYoungGen: 16176K->2567K(17920K)
[10.169s][info ][gc,heap        ] GC(45) ParOldGen: 10527K->10527K(26624K)
[10.169s][info ][gc,metaspace   ] GC(45) Metaspace: 15860K->15860K(1064960K)
[10.169s][info ][gc             ] GC(45) Pause Young (Allocation Failure) 26M->12M(43M) 0.658ms
[10.169s][info ][gc,cpu         ] GC(45) User=0.01s Sys=0.00s Real=0.00s
[10.170s][info ][gc,start       ] GC(46) Pause Young (Allocation Failure)
[10.170s][debug][gc,phases      ] GC(46) Scavenge 0.285ms
[10.170s][debug][gc,phases      ] GC(46) Reference Processing 0.025ms
[10.170s][debug][gc,phases      ] GC(46) Weak Processing 0.015ms
[10.170s][debug][gc,phases      ] GC(46) Scrub String Table 0.082ms
[10.170s][debug][gc,age         ] GC(46) Desired survivor size 3670016 bytes, new threshold 1 (max threshold 15)
[10.170s][info ][gc,heap        ] GC(46) PSYoungGen: 16537K->1395K(17920K)
[10.170s][info ][gc,heap        ] GC(46) ParOldGen: 10527K->10535K(26624K)
[10.170s][info ][gc,metaspace   ] GC(46) Metaspace: 15860K->15860K(1064960K)
[10.170s][info ][gc             ] GC(46) Pause Young (Allocation Failure) 26M->11M(43M) 0.617ms
[10.170s][info ][gc,cpu         ] GC(46) User=0.00s Sys=0.00s Real=0.00s
[10.172s][info ][gc,start       ] GC(47) Pause Young (Allocation Failure)
[10.172s][debug][gc,phases      ] GC(47) Scavenge 0.291ms
[10.172s][debug][gc,phases      ] GC(47) Reference Processing 0.019ms
[10.172s][debug][gc,phases      ] GC(47) Weak Processing 0.011ms
[10.172s][debug][gc,phases      ] GC(47) Scrub String Table 0.068ms
[10.172s][debug][gc,age         ] GC(47) Desired survivor size 3670016 bytes, new threshold 1 (max threshold 15)
[10.172s][info ][gc,heap        ] GC(47) PSYoungGen: 15359K->2145K(17920K)
[10.172s][info ][gc,heap        ] GC(47) ParOldGen: 10535K->10535K(26624K)
[10.172s][info ][gc,metaspace   ] GC(47) Metaspace: 15860K->15860K(1064960K)
[10.172s][info ][gc             ] GC(47) Pause Young (Allocation Failure) 25M->12M(43M) 0.573ms
[10.172s][info ][gc,cpu         ] GC(47) User=0.00s Sys=0.00s Real=0.00s
[10.173s][info ][gc,start       ] GC(48) Pause Young (Allocation Failure)
[10.174s][debug][gc,phases      ] GC(48) Scavenge 0.423ms
[10.174s][debug][gc,phases      ] GC(48) Reference Processing 0.023ms
[10.174s][debug][gc,phases      ] GC(48) Weak Processing 0.011ms
[10.174s][debug][gc,phases      ] GC(48) Scrub String Table 0.069ms
[10.174s][debug][gc,age         ] GC(48) Desired survivor size 3670016 bytes, new threshold 1 (max threshold 15)
[10.174s][info ][gc,heap        ] GC(48) PSYoungGen: 16105K->2599K(17920K)
[10.174s][info ][gc,heap        ] GC(48) ParOldGen: 10535K->10535K(26624K)
[10.174s][info ][gc,metaspace   ] GC(48) Metaspace: 15860K->15860K(1064960K)
[10.174s][info ][gc             ] GC(48) Pause Young (Allocation Failure) 26M->12M(43M) 0.824ms
[10.174s][info ][gc,cpu         ] GC(48) User=0.00s Sys=0.00s Real=0.00s
[10.175s][info ][gc,start       ] GC(49) Pause Young (Allocation Failure)
[10.176s][debug][gc,phases      ] GC(49) Scavenge 0.763ms
[10.176s][debug][gc,phases      ] GC(49) Reference Processing 0.018ms
[10.176s][debug][gc,phases      ] GC(49) Weak Processing 0.011ms
[10.176s][debug][gc,phases      ] GC(49) Scrub String Table 0.071ms
[10.176s][debug][gc,age         ] GC(49) Desired survivor size 3670016 bytes, new threshold 1 (max threshold 15)
[10.176s][info ][gc,heap        ] GC(49) PSYoungGen: 16913K->1363K(17920K)
[10.176s][info ][gc,heap        ] GC(49) ParOldGen: 10535K->10933K(26624K)
[10.176s][info ][gc,metaspace   ] GC(49) Metaspace: 15860K->15860K(1064960K)
[10.176s][info ][gc             ] GC(49) Pause Young (Allocation Failure) 26M->12M(43M) 1.048ms
[10.176s][info ][gc,cpu         ] GC(49) User=0.00s Sys=0.00s Real=0.00s
[10.177s][info ][gc,start       ] GC(50) Pause Young (Allocation Failure)
[10.178s][debug][gc,phases      ] GC(50) Scavenge 0.748ms
[10.178s][debug][gc,phases      ] GC(50) Reference Processing 0.041ms
[10.178s][debug][gc,phases      ] GC(50) Weak Processing 0.016ms
[10.178s][debug][gc,phases      ] GC(50) Scrub String Table 0.100ms
[10.178s][debug][gc,age         ] GC(50) Desired survivor size 3670016 bytes, new threshold 1 (max threshold 15)
[10.178s][info ][gc,heap        ] GC(50) PSYoungGen: 15683K->1818K(17920K)
[10.178s][info ][gc,heap        ] GC(50) ParOldGen: 10933K->10941K(26624K)
[10.178s][info ][gc,metaspace   ] GC(50) Metaspace: 15860K->15860K(1064960K)
[10.178s][info ][gc             ] GC(50) Pause Young (Allocation Failure) 25M->12M(43M) 1.152ms
[10.178s][info ][gc,cpu         ] GC(50) User=0.00s Sys=0.00s Real=0.00s
[10.180s][info ][gc,start       ] GC(51) Pause Young (Allocation Failure)
[10.181s][debug][gc,phases      ] GC(51) Scavenge 1.038ms
[10.181s][debug][gc,phases      ] GC(51) Reference Processing 0.019ms
[10.181s][debug][gc,phases      ] GC(51) Weak Processing 0.011ms
[10.181s][debug][gc,phases      ] GC(51) Scrub String Table 0.069ms
[10.181s][debug][gc,age         ] GC(51) Desired survivor size 3670016 bytes, new threshold 1 (max threshold 15)
[10.181s][info ][gc,heap        ] GC(51) PSYoungGen: 16152K->2177K(17920K)
[10.181s][info ][gc,heap        ] GC(51) ParOldGen: 10941K->10965K(26624K)
[10.181s][info ][gc,metaspace   ] GC(51) Metaspace: 15860K->15860K(1064960K)
[10.181s][info ][gc             ] GC(51) Pause Young (Allocation Failure) 26M->12M(43M) 1.366ms
[10.181s][info ][gc,cpu         ] GC(51) User=0.00s Sys=0.00s Real=0.00s
[10.182s][info ][gc,start       ] GC(52) Pause Young (Allocation Failure)
[10.183s][debug][gc,phases      ] GC(52) Scavenge 1.116ms
[10.183s][debug][gc,phases      ] GC(52) Reference Processing 0.025ms
[10.183s][debug][gc,phases      ] GC(52) Weak Processing 0.011ms
[10.183s][debug][gc,phases      ] GC(52) Scrub String Table 0.067ms
[10.183s][debug][gc,age         ] GC(52) Desired survivor size 3670016 bytes, new threshold 1 (max threshold 15)
[10.183s][info ][gc,heap        ] GC(52) PSYoungGen: 16159K->3381K(17920K)
[10.183s][info ][gc,heap        ] GC(52) ParOldGen: 10965K->10973K(26624K)
[10.183s][info ][gc,metaspace   ] GC(52) Metaspace: 15860K->15860K(1064960K)
[10.183s][info ][gc             ] GC(52) Pause Young (Allocation Failure) 26M->14M(43M) 1.406ms
[10.184s][info ][gc,cpu         ] GC(52) User=0.01s Sys=0.00s Real=0.00s
[10.185s][info ][gc,start       ] GC(53) Pause Young (Allocation Failure)
[10.186s][debug][gc,phases      ] GC(53) Scavenge 0.971ms
[10.186s][debug][gc,phases      ] GC(53) Reference Processing 0.019ms
[10.186s][debug][gc,phases      ] GC(53) Weak Processing 0.011ms
[10.186s][debug][gc,phases      ] GC(53) Scrub String Table 0.069ms
[10.186s][debug][gc,age         ] GC(53) Desired survivor size 3670016 bytes, new threshold 1 (max threshold 15)
[10.186s][info ][gc,heap        ] GC(53) PSYoungGen: 17717K->2209K(17920K)
[10.186s][info ][gc,heap        ] GC(53) ParOldGen: 10973K->10989K(26624K)
[10.186s][info ][gc,metaspace   ] GC(53) Metaspace: 15860K->15860K(1064960K)
[10.186s][info ][gc             ] GC(53) Pause Young (Allocation Failure) 28M->12M(43M) 1.278ms
[10.186s][info ][gc,cpu         ] GC(53) User=0.01s Sys=0.00s Real=0.00s
[10.187s][info ][gc,start       ] GC(54) Pause Young (Allocation Failure)
[10.188s][debug][gc,phases      ] GC(54) Scavenge 1.041ms
[10.188s][debug][gc,phases      ] GC(54) Reference Processing 0.019ms
[10.188s][debug][gc,phases      ] GC(54) Weak Processing 0.011ms
[10.188s][debug][gc,phases      ] GC(54) Scrub String Table 0.068ms
[10.188s][debug][gc,age         ] GC(54) Desired survivor size 3670016 bytes, new threshold 1 (max threshold 15)
[10.188s][info ][gc,heap        ] GC(54) PSYoungGen: 16175K->2209K(17920K)
[10.188s][info ][gc,heap        ] GC(54) ParOldGen: 10989K->10989K(26624K)
[10.188s][info ][gc,metaspace   ] GC(54) Metaspace: 15860K->15860K(1064960K)
[10.188s][info ][gc             ] GC(54) Pause Young (Allocation Failure) 26M->12M(43M) 1.350ms
[10.188s][info ][gc,cpu         ] GC(54) User=0.01s Sys=0.00s Real=0.00s
[10.190s][info ][gc,start       ] GC(55) Pause Young (Allocation Failure)
[10.190s][debug][gc,phases      ] GC(55) Scavenge 0.551ms
[10.190s][debug][gc,phases      ] GC(55) Reference Processing 0.019ms
[10.190s][debug][gc,phases      ] GC(55) Weak Processing 0.010ms
[10.190s][debug][gc,phases      ] GC(55) Scrub String Table 0.069ms
[10.190s][debug][gc,age         ] GC(55) Desired survivor size 3670016 bytes, new threshold 1 (max threshold 15)
[10.190s][info ][gc,heap        ] GC(55) PSYoungGen: 16171K->2990K(17920K)
[10.190s][info ][gc,heap        ] GC(55) ParOldGen: 10989K->10989K(26624K)
[10.190s][info ][gc,metaspace   ] GC(55) Metaspace: 15860K->15860K(1064960K)
[10.190s][info ][gc             ] GC(55) Pause Young (Allocation Failure) 26M->13M(43M) 0.828ms
[10.190s][info ][gc,cpu         ] GC(55) User=0.01s Sys=0.00s Real=0.00s
[10.192s][info ][gc,start       ] GC(56) Pause Young (Allocation Failure)
[10.193s][debug][gc,phases      ] GC(56) Scavenge 1.304ms
[10.193s][debug][gc,phases      ] GC(56) Reference Processing 0.019ms
[10.193s][debug][gc,phases      ] GC(56) Weak Processing 0.011ms
[10.193s][debug][gc,phases      ] GC(56) Scrub String Table 0.067ms
[10.193s][debug][gc,age         ] GC(56) Desired survivor size 3670016 bytes, new threshold 1 (max threshold 15)
[10.193s][info ][gc,heap        ] GC(56) PSYoungGen: 17326K->2113K(17920K)
[10.193s][info ][gc,heap        ] GC(56) ParOldGen: 10989K->11787K(26624K)
[10.193s][info ][gc,metaspace   ] GC(56) Metaspace: 15860K->15860K(1064960K)
[10.193s][info ][gc             ] GC(56) Pause Young (Allocation Failure) 27M->13M(43M) 1.588ms
[10.193s][info ][gc,cpu         ] GC(56) User=0.01s Sys=0.00s Real=0.00s
[10.194s][info ][gc,start       ] GC(57) Pause Young (Allocation Failure)
[10.195s][debug][gc,phases      ] GC(57) Scavenge 0.592ms
[10.195s][debug][gc,phases      ] GC(57) Reference Processing 0.024ms
[10.195s][debug][gc,phases      ] GC(57) Weak Processing 0.011ms
[10.195s][debug][gc,phases      ] GC(57) Scrub String Table 0.069ms
[10.195s][debug][gc,age         ] GC(57) Desired survivor size 3670016 bytes, new threshold 1 (max threshold 15)
[10.195s][info ][gc,heap        ] GC(57) PSYoungGen: 16388K->1754K(17920K)
[10.195s][info ][gc,heap        ] GC(57) ParOldGen: 11787K->12217K(26624K)
[10.195s][info ][gc,metaspace   ] GC(57) Metaspace: 15860K->15860K(1064960K)
[10.195s][info ][gc             ] GC(57) Pause Young (Allocation Failure) 27M->13M(43M) 0.936ms
[10.195s][info ][gc,cpu         ] GC(57) User=0.00s Sys=0.00s Real=0.00s
[10.197s][info ][gc,start       ] GC(58) Pause Young (Allocation Failure)
[10.197s][debug][gc,phases      ] GC(58) Scavenge 0.713ms
[10.197s][debug][gc,phases      ] GC(58) Reference Processing 0.021ms
[10.197s][debug][gc,phases      ] GC(58) Weak Processing 0.010ms
[10.197s][debug][gc,phases      ] GC(58) Scrub String Table 0.068ms
[10.198s][debug][gc,age         ] GC(58) Desired survivor size 3670016 bytes, new threshold 1 (max threshold 15)
[10.198s][info ][gc,heap        ] GC(58) PSYoungGen: 16036K->1722K(17920K)
[10.198s][info ][gc,heap        ] GC(58) ParOldGen: 12217K->12640K(26624K)
[10.198s][info ][gc,metaspace   ] GC(58) Metaspace: 15860K->15860K(1064960K)
[10.198s][info ][gc             ] GC(58) Pause Young (Allocation Failure) 27M->14M(43M) 0.992ms
[10.198s][info ][gc,cpu         ] GC(58) User=0.01s Sys=0.00s Real=0.00s
[10.199s][info ][gc,start       ] GC(59) Pause Young (Allocation Failure)
[10.199s][debug][gc,phases      ] GC(59) Scavenge 0.456ms
[10.199s][debug][gc,phases      ] GC(59) Reference Processing 0.042ms
[10.199s][debug][gc,phases      ] GC(59) Weak Processing 0.013ms
[10.200s][debug][gc,phases      ] GC(59) Scrub String Table 0.070ms
[10.200s][debug][gc,age         ] GC(59) Desired survivor size 3670016 bytes, new threshold 1 (max threshold 15)
[10.200s][info ][gc,heap        ] GC(59) PSYoungGen: 15682K->1395K(17920K)
[10.200s][info ][gc,heap        ] GC(59) ParOldGen: 12640K->13063K(26624K)
[10.200s][info ][gc,metaspace   ] GC(59) Metaspace: 15860K->15860K(1064960K)
[10.200s][info ][gc             ] GC(59) Pause Young (Allocation Failure) 27M->14M(43M) 0.827ms
[10.200s][info ][gc,cpu         ] GC(59) User=0.00s Sys=0.00s Real=0.00s
[10.201s][info ][gc,start       ] GC(60) Pause Young (Allocation Failure)
[10.201s][debug][gc,phases      ] GC(60) Scavenge 0.692ms
[10.201s][debug][gc,phases      ] GC(60) Reference Processing 0.024ms
[10.202s][debug][gc,phases      ] GC(60) Weak Processing 0.015ms
[10.202s][debug][gc,phases      ] GC(60) Scrub String Table 0.083ms
[10.202s][debug][gc,age         ] GC(60) Desired survivor size 3670016 bytes, new threshold 1 (max threshold 15)
[10.202s][info ][gc,heap        ] GC(60) PSYoungGen: 15355K->2894K(17920K)
[10.202s][info ][gc,heap        ] GC(60) ParOldGen: 13063K->13477K(26624K)
[10.202s][info ][gc,metaspace   ] GC(60) Metaspace: 15860K->15860K(1064960K)
[10.202s][info ][gc             ] GC(60) Pause Young (Allocation Failure) 27M->15M(43M) 1.070ms
[10.202s][info ][gc,cpu         ] GC(60) User=0.01s Sys=0.00s Real=0.00s
[10.203s][info ][gc,start       ] GC(61) Pause Young (Allocation Failure)
[10.204s][debug][gc,phases      ] GC(61) Scavenge 1.179ms
[10.204s][debug][gc,phases      ] GC(61) Reference Processing 0.023ms
[10.204s][debug][gc,phases      ] GC(61) Weak Processing 0.014ms
[10.204s][debug][gc,phases      ] GC(61) Scrub String Table 0.080ms
[10.204s][debug][gc,age         ] GC(61) Desired survivor size 3670016 bytes, new threshold 1 (max threshold 15)
[10.204s][info ][gc,heap        ] GC(61) PSYoungGen: 17198K->2145K(17920K)
[10.204s][info ][gc,heap        ] GC(61) ParOldGen: 13477K->14291K(26624K)
[10.204s][info ][gc,metaspace   ] GC(61) Metaspace: 15860K->15860K(1064960K)
[10.204s][info ][gc             ] GC(61) Pause Young (Allocation Failure) 29M->16M(43M) 1.519ms
[10.204s][info ][gc,cpu         ] GC(61) User=0.01s Sys=0.00s Real=0.00s
[10.205s][info ][gc,start       ] GC(62) Pause Young (Allocation Failure)
[10.206s][debug][gc,phases      ] GC(62) Scavenge 0.983ms
[10.206s][debug][gc,phases      ] GC(62) Reference Processing 0.019ms
[10.206s][debug][gc,phases      ] GC(62) Weak Processing 0.010ms
[10.207s][debug][gc,phases      ] GC(62) Scrub String Table 0.069ms
[10.207s][debug][gc,age         ] GC(62) Desired survivor size 3670016 bytes, new threshold 1 (max threshold 15)
[10.207s][info ][gc,heap        ] GC(62) PSYoungGen: 16462K->1331K(17920K)
[10.207s][info ][gc,heap        ] GC(62) ParOldGen: 14291K->14697K(26624K)
[10.207s][info ][gc,metaspace   ] GC(62) Metaspace: 15860K->15860K(1064960K)
[10.207s][info ][gc             ] GC(62) Pause Young (Allocation Failure) 30M->15M(43M) 1.291ms
[10.207s][info ][gc,cpu         ] GC(62) User=0.00s Sys=0.00s Real=0.01s
[10.208s][info ][gc,start       ] GC(63) Pause Young (Allocation Failure)
[10.209s][debug][gc,phases      ] GC(63) Scavenge 0.766ms
[10.209s][debug][gc,phases      ] GC(63) Reference Processing 0.021ms
[10.209s][debug][gc,phases      ] GC(63) Weak Processing 0.011ms
[10.209s][debug][gc,phases      ] GC(63) Scrub String Table 0.069ms
[10.209s][debug][gc,age         ] GC(63) Desired survivor size 3670016 bytes, new threshold 1 (max threshold 15)
[10.209s][info ][gc,heap        ] GC(63) PSYoungGen: 15663K->2113K(17920K)
[10.209s][info ][gc,heap        ] GC(63) ParOldGen: 14697K->14713K(26624K)
[10.209s][info ][gc,metaspace   ] GC(63) Metaspace: 15860K->15860K(1064960K)
[10.209s][info ][gc             ] GC(63) Pause Young (Allocation Failure) 29M->16M(43M) 1.045ms
[10.209s][info ][gc,cpu         ] GC(63) User=0.00s Sys=0.00s Real=0.00s
[10.210s][info ][gc,start       ] GC(64) Pause Young (Allocation Failure)
[10.211s][debug][gc,phases      ] GC(64) Scavenge 0.937ms
[10.211s][debug][gc,phases      ] GC(64) Reference Processing 0.021ms
[10.211s][debug][gc,phases      ] GC(64) Weak Processing 0.012ms
[10.211s][debug][gc,phases      ] GC(64) Scrub String Table 0.076ms
[10.211s][debug][gc,age         ] GC(64) Desired survivor size 3670016 bytes, new threshold 1 (max threshold 15)
[10.211s][info ][gc,heap        ] GC(64) PSYoungGen: 16446K->2503K(17920K)
[10.211s][info ][gc,heap        ] GC(64) ParOldGen: 14713K->15534K(26624K)
[10.211s][info ][gc,metaspace   ] GC(64) Metaspace: 15860K->15860K(1064960K)
[10.211s][info ][gc             ] GC(64) Pause Young (Allocation Failure) 30M->17M(43M) 1.319ms
[10.211s][info ][gc,cpu         ] GC(64) User=0.01s Sys=0.00s Real=0.00s
[10.213s][info ][gc,start       ] GC(65) Pause Young (Allocation Failure)
[10.214s][debug][gc,phases      ] GC(65) Scavenge 1.231ms
[10.214s][debug][gc,phases      ] GC(65) Reference Processing 0.018ms
[10.214s][debug][gc,phases      ] GC(65) Weak Processing 0.011ms
[10.214s][debug][gc,phases      ] GC(65) Scrub String Table 0.068ms
[10.214s][debug][gc,age         ] GC(65) Desired survivor size 3670016 bytes, new threshold 1 (max threshold 15)
[10.214s][info ][gc,heap        ] GC(65) PSYoungGen: 16780K->909K(17920K)
[10.214s][info ][gc,heap        ] GC(65) ParOldGen: 15534K->16738K(26624K)
[10.214s][info ][gc,metaspace   ] GC(65) Metaspace: 15860K->15860K(1064960K)
[10.214s][info ][gc             ] GC(65) Pause Young (Allocation Failure) 31M->17M(43M) 1.526ms
[10.214s][info ][gc,cpu         ] GC(65) User=0.01s Sys=0.00s Real=0.00s
[10.215s][info ][gc,start       ] GC(66) Pause Young (Allocation Failure)
[10.216s][debug][gc,phases      ] GC(66) Scavenge 0.984ms
[10.216s][debug][gc,phases      ] GC(66) Reference Processing 0.023ms
[10.216s][debug][gc,phases      ] GC(66) Weak Processing 0.013ms
[10.216s][debug][gc,phases      ] GC(66) Scrub String Table 0.088ms
[10.216s][debug][gc,age         ] GC(66) Desired survivor size 3670016 bytes, new threshold 1 (max threshold 15)
[10.216s][info ][gc,heap        ] GC(66) PSYoungGen: 14877K->2145K(17920K)
[10.216s][info ][gc,heap        ] GC(66) ParOldGen: 16738K->16754K(26624K)
[10.216s][info ][gc,metaspace   ] GC(66) Metaspace: 15860K->15860K(1064960K)
[10.216s][info ][gc             ] GC(66) Pause Young (Allocation Failure) 30M->18M(43M) 1.329ms
[10.216s][info ][gc,cpu         ] GC(66) User=0.01s Sys=0.00s Real=0.01s
[10.217s][info ][gc,start       ] GC(67) Pause Young (Allocation Failure)
[10.219s][debug][gc,phases      ] GC(67) Scavenge 1.073ms
[10.219s][debug][gc,phases      ] GC(67) Reference Processing 0.024ms
[10.219s][debug][gc,phases      ] GC(67) Weak Processing 0.010ms
[10.219s][debug][gc,phases      ] GC(67) Scrub String Table 0.068ms
[10.219s][debug][gc,age         ] GC(67) Desired survivor size 3670016 bytes, new threshold 1 (max threshold 15)
[10.219s][info ][gc,heap        ] GC(67) PSYoungGen: 16192K->2503K(17920K)
[10.219s][info ][gc,heap        ] GC(67) ParOldGen: 16754K->17177K(26624K)
[10.219s][info ][gc,metaspace   ] GC(67) Metaspace: 15860K->15860K(1064960K)
[10.219s][info ][gc             ] GC(67) Pause Young (Allocation Failure) 32M->19M(43M) 1.402ms
[10.219s][info ][gc,cpu         ] GC(67) User=0.01s Sys=0.00s Real=0.00s
[10.220s][info ][gc,start       ] GC(68) Pause Young (Allocation Failure)
[10.221s][debug][gc,phases      ] GC(68) Scavenge 0.985ms
[10.221s][debug][gc,phases      ] GC(68) Reference Processing 0.021ms
[10.221s][debug][gc,phases      ] GC(68) Weak Processing 0.011ms
[10.221s][debug][gc,phases      ] GC(68) Scrub String Table 0.068ms
[10.221s][debug][gc,age         ] GC(68) Desired survivor size 3670016 bytes, new threshold 1 (max threshold 15)
[10.221s][info ][gc,heap        ] GC(68) PSYoungGen: 16469K->1754K(17920K)
[10.221s][info ][gc,heap        ] GC(68) ParOldGen: 17177K->17592K(26624K)
[10.221s][info ][gc,metaspace   ] GC(68) Metaspace: 15860K->15860K(1064960K)
[10.221s][info ][gc             ] GC(68) Pause Young (Allocation Failure) 32M->18M(43M) 1.282ms
[10.221s][info ][gc,cpu         ] GC(68) User=0.01s Sys=0.00s Real=0.00s
[10.222s][info ][gc,start       ] GC(69) Pause Young (Allocation Failure)
[10.223s][debug][gc,phases      ] GC(69) Scavenge 0.373ms
[10.223s][debug][gc,phases      ] GC(69) Reference Processing 0.020ms
[10.223s][debug][gc,phases      ] GC(69) Weak Processing 0.011ms
[10.223s][debug][gc,phases      ] GC(69) Scrub String Table 0.068ms
[10.223s][debug][gc,age         ] GC(69) Desired survivor size 3670016 bytes, new threshold 1 (max threshold 15)
[10.223s][info ][gc,heap        ] GC(69) PSYoungGen: 15764K->1722K(17920K)
[10.223s][info ][gc,heap        ] GC(69) ParOldGen: 17592K->17600K(26624K)
[10.223s][info ][gc,metaspace   ] GC(69) Metaspace: 15860K->15860K(1064960K)
[10.223s][info ][gc             ] GC(69) Pause Young (Allocation Failure) 32M->18M(43M) 0.650ms
[10.223s][info ][gc,cpu         ] GC(69) User=0.00s Sys=0.00s Real=0.00s
[10.224s][info ][gc,start       ] GC(70) Pause Young (Allocation Failure)
[10.225s][debug][gc,phases      ] GC(70) Scavenge 0.347ms
[10.225s][debug][gc,phases      ] GC(70) Reference Processing 0.022ms
[10.225s][debug][gc,phases      ] GC(70) Weak Processing 0.011ms
[10.225s][debug][gc,phases      ] GC(70) Scrub String Table 0.068ms
[10.225s][debug][gc,age         ] GC(70) Desired survivor size 3670016 bytes, new threshold 1 (max threshold 15)
[10.225s][info ][gc,heap        ] GC(70) PSYoungGen: 15712K->2599K(17920K)
[10.225s][info ][gc,heap        ] GC(70) ParOldGen: 17600K->17616K(26624K)
[10.225s][info ][gc,metaspace   ] GC(70) Metaspace: 15860K->15860K(1064960K)
[10.225s][info ][gc             ] GC(70) Pause Young (Allocation Failure) 32M->19M(43M) 0.655ms
[10.225s][info ][gc,cpu         ] GC(70) User=0.00s Sys=0.00s Real=0.00s
[10.226s][info ][gc,start       ] GC(71) Pause Young (Allocation Failure)
[10.227s][debug][gc,phases      ] GC(71) Scavenge 0.625ms
[10.227s][debug][gc,phases      ] GC(71) Reference Processing 0.020ms
[10.227s][debug][gc,phases      ] GC(71) Weak Processing 0.011ms
[10.227s][debug][gc,phases      ] GC(71) Scrub String Table 0.069ms
[10.227s][debug][gc,age         ] GC(71) Desired survivor size 3670016 bytes, new threshold 1 (max threshold 15)
[10.227s][info ][gc,heap        ] GC(71) PSYoungGen: 16934K->2567K(17920K)
[10.227s][info ][gc,heap        ] GC(71) ParOldGen: 17616K->18030K(26624K)
[10.227s][info ][gc,metaspace   ] GC(71) Metaspace: 15860K->15860K(1064960K)
[10.227s][info ][gc             ] GC(71) Pause Young (Allocation Failure) 33M->20M(43M) 0.940ms
[10.227s][info ][gc,cpu         ] GC(71) User=0.00s Sys=0.00s Real=0.01s
[10.228s][info ][gc,start       ] GC(72) Pause Young (Allocation Failure)
[10.229s][debug][gc,phases      ] GC(72) Scavenge 0.834ms
[10.229s][debug][gc,phases      ] GC(72) Reference Processing 0.020ms
[10.229s][debug][gc,phases      ] GC(72) Weak Processing 0.014ms
[10.229s][debug][gc,phases      ] GC(72) Scrub String Table 0.071ms
[10.229s][debug][gc,age         ] GC(72) Desired survivor size 3670016 bytes, new threshold 1 (max threshold 15)
[10.229s][info ][gc,heap        ] GC(72) PSYoungGen: 16895K->2926K(17920K)
[10.229s][info ][gc,heap        ] GC(72) ParOldGen: 18030K->18054K(26624K)
[10.229s][info ][gc,metaspace   ] GC(72) Metaspace: 15860K->15860K(1064960K)
[10.229s][info ][gc             ] GC(72) Pause Young (Allocation Failure) 34M->20M(43M) 1.167ms
[10.229s][info ][gc,cpu         ] GC(72) User=0.01s Sys=0.00s Real=0.00s
[10.230s][info ][gc,start       ] GC(73) Pause Young (Allocation Failure)
[10.231s][debug][gc,phases      ] GC(73) Scavenge 0.700ms
[10.231s][debug][gc,phases      ] GC(73) Reference Processing 0.020ms
[10.231s][debug][gc,phases      ] GC(73) Weak Processing 0.011ms
[10.231s][debug][gc,phases      ] GC(73) Scrub String Table 0.068ms
[10.231s][debug][gc,age         ] GC(73) Desired survivor size 3670016 bytes, new threshold 1 (max threshold 15)
[10.231s][info ][gc,heap        ] GC(73) PSYoungGen: 16910K->1786K(17920K)
[10.231s][info ][gc,heap        ] GC(73) ParOldGen: 18054K->18062K(26624K)
[10.231s][info ][gc,metaspace   ] GC(73) Metaspace: 15860K->15860K(1064960K)
[10.231s][info ][gc             ] GC(73) Pause Young (Allocation Failure) 34M->19M(43M) 0.982ms
[10.231s][info ][gc,cpu         ] GC(73) User=0.01s Sys=0.00s Real=0.00s
[10.233s][info ][gc,start       ] GC(74) Pause Young (Allocation Failure)
[10.234s][debug][gc,phases      ] GC(74) Scavenge 1.067ms
[10.234s][debug][gc,phases      ] GC(74) Reference Processing 0.025ms
[10.234s][debug][gc,phases      ] GC(74) Weak Processing 0.010ms
[10.234s][debug][gc,phases      ] GC(74) Scrub String Table 0.069ms
[10.234s][debug][gc,age         ] GC(74) Desired survivor size 3670016 bytes, new threshold 1 (max threshold 15)
[10.234s][info ][gc,heap        ] GC(74) PSYoungGen: 16113K->2567K(17920K)
[10.234s][info ][gc,heap        ] GC(74) ParOldGen: 18062K->18070K(26624K)
[10.234s][info ][gc,metaspace   ] GC(74) Metaspace: 15860K->15860K(1064960K)
[10.234s][info ][gc             ] GC(74) Pause Young (Allocation Failure) 33M->20M(43M) 1.371ms
[10.234s][info ][gc,cpu         ] GC(74) User=0.01s Sys=0.00s Real=0.00s
[10.235s][info ][gc,start       ] GC(75) Pause Young (Allocation Failure)
[10.236s][debug][gc,phases      ] GC(75) Scavenge 1.052ms
[10.236s][debug][gc,phases      ] GC(75) Reference Processing 0.020ms
[10.236s][debug][gc,phases      ] GC(75) Weak Processing 0.010ms
[10.236s][debug][gc,phases      ] GC(75) Scrub String Table 0.068ms
[10.236s][debug][gc,age         ] GC(75) Desired survivor size 3670016 bytes, new threshold 1 (max threshold 15)
[10.236s][info ][gc,heap        ] GC(75) PSYoungGen: 16547K->2145K(17920K)
[10.236s][info ][gc,heap        ] GC(75) ParOldGen: 18070K->18086K(26624K)
[10.236s][info ][gc,metaspace   ] GC(75) Metaspace: 15860K->15860K(1064960K)
[10.236s][info ][gc             ] GC(75) Pause Young (Allocation Failure) 33M->19M(43M) 1.333ms
[10.236s][info ][gc,cpu         ] GC(75) User=0.01s Sys=0.00s Real=0.01s
[10.237s][info ][gc,start       ] GC(76) Pause Young (Allocation Failure)
[10.238s][debug][gc,phases      ] GC(76) Scavenge 0.944ms
[10.239s][debug][gc,phases      ] GC(76) Reference Processing 0.022ms
[10.239s][debug][gc,phases      ] GC(76) Weak Processing 0.011ms
[10.239s][debug][gc,phases      ] GC(76) Scrub String Table 0.069ms
[10.239s][debug][gc,age         ] GC(76) Desired survivor size 3670016 bytes, new threshold 1 (max threshold 15)
[10.239s][info ][gc,heap        ] GC(76) PSYoungGen: 16471K->2145K(17920K)
[10.239s][info ][gc,heap        ] GC(76) ParOldGen: 18086K->18110K(26624K)
[10.239s][info ][gc,metaspace   ] GC(76) Metaspace: 15860K->15860K(1064960K)
[10.239s][info ][gc             ] GC(76) Pause Young (Allocation Failure) 33M->19M(43M) 1.236ms
[10.239s][info ][gc,cpu         ] GC(76) User=0.01s Sys=0.00s Real=0.00s
[10.240s][info ][gc,start       ] GC(77) Pause Young (Allocation Failure)
[10.241s][debug][gc,phases      ] GC(77) Scavenge 1.160ms
[10.241s][debug][gc,phases      ] GC(77) Reference Processing 0.019ms
[10.241s][debug][gc,phases      ] GC(77) Weak Processing 0.010ms
[10.241s][debug][gc,phases      ] GC(77) Scrub String Table 0.068ms
[10.241s][debug][gc,age         ] GC(77) Desired survivor size 4194304 bytes, new threshold 1 (max threshold 15)
[10.241s][info ][gc,heap        ] GC(77) PSYoungGen: 16119K->3381K(16896K)
[10.241s][info ][gc,heap        ] GC(77) ParOldGen: 18110K->18517K(26624K)
[10.241s][info ][gc,metaspace   ] GC(77) Metaspace: 15860K->15860K(1064960K)
[10.241s][info ][gc             ] GC(77) Pause Young (Allocation Failure) 33M->21M(42M) 1.508ms
[10.241s][info ][gc,cpu         ] GC(77) User=0.00s Sys=0.00s Real=0.00s
[10.242s][info ][gc,start       ] GC(78) Pause Young (Allocation Failure)
[10.243s][debug][gc,phases      ] GC(78) Scavenge 0.275ms
[10.243s][debug][gc,phases      ] GC(78) Reference Processing 0.021ms
[10.243s][debug][gc,phases      ] GC(78) Weak Processing 0.010ms
[10.243s][debug][gc,phases      ] GC(78) Scrub String Table 0.068ms
[10.243s][debug][gc,age         ] GC(78) Desired survivor size 3670016 bytes, new threshold 1 (max threshold 15)
[10.243s][info ][gc,heap        ] GC(78) PSYoungGen: 16546K->1818K(17408K)
[10.243s][info ][gc,heap        ] GC(78) ParOldGen: 18517K->18525K(26624K)
[10.243s][info ][gc,metaspace   ] GC(78) Metaspace: 15860K->15860K(1064960K)
[10.243s][info ][gc             ] GC(78) Pause Young (Allocation Failure) 34M->19M(43M) 0.618ms
[10.243s][info ][gc,cpu         ] GC(78) User=0.00s Sys=0.00s Real=0.00s
[10.244s][info ][gc,start       ] GC(79) Pause Young (Allocation Failure)
[10.245s][debug][gc,phases      ] GC(79) Scavenge 0.440ms
[10.245s][debug][gc,phases      ] GC(79) Reference Processing 0.024ms
[10.245s][debug][gc,phases      ] GC(79) Weak Processing 0.011ms
[10.245s][debug][gc,phases      ] GC(79) Scrub String Table 0.069ms
[10.245s][debug][gc,age         ] GC(79) Desired survivor size 4194304 bytes, new threshold 1 (max threshold 15)
[10.245s][info ][gc,heap        ] GC(79) PSYoungGen: 14979K->2990K(16896K)
[10.245s][info ][gc,heap        ] GC(79) ParOldGen: 18525K->18533K(26624K)
[10.245s][info ][gc,metaspace   ] GC(79) Metaspace: 15860K->15860K(1064960K)
[10.245s][info ][gc             ] GC(79) Pause Young (Allocation Failure) 32M->21M(42M) 0.815ms
[10.245s][info ][gc,cpu         ] GC(79) User=0.00s Sys=0.00s Real=0.00s
[10.246s][info ][gc,start       ] GC(80) Pause Young (Allocation Failure)
[10.246s][debug][gc,phases      ] GC(80) Scavenge 0.346ms
[10.246s][debug][gc,phases      ] GC(80) Reference Processing 0.018ms
[10.247s][debug][gc,phases      ] GC(80) Weak Processing 0.011ms
[10.247s][debug][gc,phases      ] GC(80) Scrub String Table 0.068ms
[10.247s][debug][gc,age         ] GC(80) Desired survivor size 4194304 bytes, new threshold 1 (max threshold 15)
[10.247s][info ][gc,heap        ] GC(80) PSYoungGen: 16148K->2177K(17408K)
[10.247s][info ][gc,heap        ] GC(80) ParOldGen: 18533K->18533K(26624K)
[10.247s][info ][gc,metaspace   ] GC(80) Metaspace: 15860K->15860K(1064960K)
[10.247s][info ][gc             ] GC(80) Pause Young (Allocation Failure) 33M->20M(43M) 0.654ms
[10.247s][info ][gc,cpu         ] GC(80) User=0.00s Sys=0.00s Real=0.01s
[10.248s][info ][gc,start       ] GC(81) Pause Young (Allocation Failure)
[10.248s][debug][gc,phases      ] GC(81) Scavenge 0.444ms
[10.248s][debug][gc,phases      ] GC(81) Reference Processing 0.019ms
[10.248s][debug][gc,phases      ] GC(81) Weak Processing 0.010ms
[10.248s][debug][gc,phases      ] GC(81) Scrub String Table 0.067ms
[10.248s][debug][gc,age         ] GC(81) Desired survivor size 3670016 bytes, new threshold 1 (max threshold 15)
[10.248s][info ][gc,heap        ] GC(81) PSYoungGen: 15301K->2535K(16384K)
[10.248s][info ][gc,heap        ] GC(81) ParOldGen: 18533K->18549K(26624K)
[10.248s][info ][gc,metaspace   ] GC(81) Metaspace: 15860K->15860K(1064960K)
[10.248s][info ][gc             ] GC(81) Pause Young (Allocation Failure) 33M->20M(42M) 0.806ms
[10.248s][info ][gc,cpu         ] GC(81) User=0.01s Sys=0.00s Real=0.00s
[10.250s][info ][gc,start       ] GC(82) Pause Young (Allocation Failure)
[10.250s][debug][gc,phases      ] GC(82) Scavenge 0.499ms
[10.250s][debug][gc,phases      ] GC(82) Reference Processing 0.020ms
[10.250s][debug][gc,phases      ] GC(82) Weak Processing 0.011ms
[10.250s][debug][gc,phases      ] GC(82) Scrub String Table 0.068ms
[10.250s][debug][gc,age         ] GC(82) Desired survivor size 3670016 bytes, new threshold 1 (max threshold 15)
[10.250s][info ][gc,heap        ] GC(82) PSYoungGen: 15696K->2567K(16896K)
[10.250s][info ][gc,heap        ] GC(82) ParOldGen: 18549K->18549K(26624K)
[10.250s][info ][gc,metaspace   ] GC(82) Metaspace: 15860K->15860K(1064960K)
[10.250s][info ][gc             ] GC(82) Pause Young (Allocation Failure) 33M->20M(42M) 0.827ms
[10.250s][info ][gc,cpu         ] GC(82) User=0.01s Sys=0.00s Real=0.00s
[10.251s][info ][gc,start       ] GC(83) Pause Young (Allocation Failure)
[10.253s][debug][gc,phases      ] GC(83) Scavenge 1.282ms
[10.253s][debug][gc,phases      ] GC(83) Reference Processing 0.019ms
[10.253s][debug][gc,phases      ] GC(83) Weak Processing 0.011ms
[10.253s][debug][gc,phases      ] GC(83) Scrub String Table 0.068ms
[10.253s][debug][gc,age         ] GC(83) Desired survivor size 4194304 bytes, new threshold 1 (max threshold 15)
[10.253s][info ][gc,heap        ] GC(83) PSYoungGen: 15728K->2958K(16896K)
[10.253s][info ][gc,heap        ] GC(83) ParOldGen: 18549K->18565K(26624K)
[10.253s][info ][gc,metaspace   ] GC(83) Metaspace: 15860K->15860K(1064960K)
[10.253s][info ][gc             ] GC(83) Pause Young (Allocation Failure) 33M->21M(42M) 1.584ms
[10.253s][info ][gc,cpu         ] GC(83) User=0.01s Sys=0.00s Real=0.00s
[10.254s][info ][gc,start       ] GC(84) Pause Young (Allocation Failure)
[10.255s][debug][gc,phases      ] GC(84) Scavenge 1.010ms
[10.255s][debug][gc,phases      ] GC(84) Reference Processing 0.024ms
[10.255s][debug][gc,phases      ] GC(84) Weak Processing 0.011ms
[10.255s][debug][gc,phases      ] GC(84) Scrub String Table 0.070ms
[10.255s][debug][gc,age         ] GC(84) Desired survivor size 3670016 bytes, new threshold 1 (max threshold 15)
[10.255s][info ][gc,heap        ] GC(84) PSYoungGen: 16113K->2177K(17408K)
[10.255s][info ][gc,heap        ] GC(84) ParOldGen: 18565K->18565K(26624K)
[10.255s][info ][gc,metaspace   ] GC(84) Metaspace: 15860K->15860K(1064960K)
[10.255s][info ][gc             ] GC(84) Pause Young (Allocation Failure) 33M->20M(43M) 1.326ms
[10.255s][info ][gc,cpu         ] GC(84) User=0.01s Sys=0.01s Real=0.00s
[10.256s][info ][gc,start       ] GC(85) Pause Young (Allocation Failure)
[10.258s][debug][gc,phases      ] GC(85) Scavenge 1.164ms
[10.258s][debug][gc,phases      ] GC(85) Reference Processing 0.019ms
[10.258s][debug][gc,phases      ] GC(85) Weak Processing 0.011ms
[10.258s][debug][gc,phases      ] GC(85) Scrub String Table 0.069ms
[10.258s][debug][gc,age         ] GC(85) Desired survivor size 3670016 bytes, new threshold 1 (max threshold 15)
[10.258s][info ][gc,heap        ] GC(85) PSYoungGen: 15303K->2145K(17408K)
[10.258s][info ][gc,heap        ] GC(85) ParOldGen: 18565K->18597K(26624K)
[10.258s][info ][gc,metaspace   ] GC(85) Metaspace: 15860K->15860K(1064960K)
[10.258s][info ][gc             ] GC(85) Pause Young (Allocation Failure) 33M->20M(43M) 1.455ms
[10.258s][info ][gc,cpu         ] GC(85) User=0.01s Sys=0.00s Real=0.00s
[10.259s][info ][gc,start       ] GC(86) Pause Young (Allocation Failure)
[10.260s][debug][gc,phases      ] GC(86) Scavenge 0.660ms
[10.260s][debug][gc,phases      ] GC(86) Reference Processing 0.020ms
[10.260s][debug][gc,phases      ] GC(86) Weak Processing 0.011ms
[10.260s][debug][gc,phases      ] GC(86) Scrub String Table 0.068ms
[10.260s][debug][gc,age         ] GC(86) Desired survivor size 3670016 bytes, new threshold 1 (max threshold 15)
[10.260s][info ][gc,heap        ] GC(86) PSYoungGen: 15640K->2471K(17408K)
[10.260s][info ][gc,heap        ] GC(86) ParOldGen: 18597K->18613K(26624K)
[10.260s][info ][gc,metaspace   ] GC(86) Metaspace: 15860K->15860K(1064960K)
[10.260s][info ][gc             ] GC(86) Pause Young (Allocation Failure) 33M->20M(43M) 0.969ms
[10.260s][info ][gc,cpu         ] GC(86) User=0.01s Sys=0.00s Real=0.00s
[10.261s][info ][gc,start       ] GC(87) Pause Young (Allocation Failure)
[10.262s][debug][gc,phases      ] GC(87) Scavenge 1.287ms
[10.262s][debug][gc,phases      ] GC(87) Reference Processing 0.020ms
[10.262s][debug][gc,phases      ] GC(87) Weak Processing 0.011ms
[10.263s][debug][gc,phases      ] GC(87) Scrub String Table 0.068ms
[10.263s][debug][gc,age         ] GC(87) Desired survivor size 3670016 bytes, new threshold 1 (max threshold 15)
[10.263s][info ][gc,heap        ] GC(87) PSYoungGen: 16054K->2535K(17920K)
[10.263s][info ][gc,heap        ] GC(87) ParOldGen: 18613K->18621K(26624K)
[10.263s][info ][gc,metaspace   ] GC(87) Metaspace: 15860K->15860K(1064960K)
[10.263s][info ][gc             ] GC(87) Pause Young (Allocation Failure) 33M->20M(43M) 1.597ms
[10.263s][info ][gc,cpu         ] GC(87) User=0.00s Sys=0.00s Real=0.00s
[10.264s][info ][gc,start       ] GC(88) Pause Young (Allocation Failure)
[10.264s][debug][gc,phases      ] GC(88) Scavenge 0.438ms
[10.264s][debug][gc,phases      ] GC(88) Reference Processing 0.021ms
[10.264s][debug][gc,phases      ] GC(88) Weak Processing 0.010ms
[10.264s][debug][gc,phases      ] GC(88) Scrub String Table 0.068ms
[10.264s][debug][gc,age         ] GC(88) Desired survivor size 3670016 bytes, new threshold 1 (max threshold 15)
[10.264s][info ][gc,heap        ] GC(88) PSYoungGen: 16509K->2599K(17920K)
[10.264s][info ][gc,heap        ] GC(88) ParOldGen: 18621K->18637K(26624K)
[10.264s][info ][gc,metaspace   ] GC(88) Metaspace: 15860K->15860K(1064960K)
[10.264s][info ][gc             ] GC(88) Pause Young (Allocation Failure) 34M->20M(43M) 0.716ms
[10.264s][info ][gc,cpu         ] GC(88) User=0.00s Sys=0.00s Real=0.00s
[10.266s][info ][gc,start       ] GC(89) Pause Young (Allocation Failure)
[10.266s][debug][gc,phases      ] GC(89) Scavenge 0.282ms
[10.266s][debug][gc,phases      ] GC(89) Reference Processing 0.019ms
[10.266s][debug][gc,phases      ] GC(89) Weak Processing 0.011ms
[10.266s][debug][gc,phases      ] GC(89) Scrub String Table 0.068ms
[10.266s][debug][gc,age         ] GC(89) Desired survivor size 3670016 bytes, new threshold 1 (max threshold 15)
[10.266s][info ][gc,heap        ] GC(89) PSYoungGen: 16935K->1786K(17920K)
[10.266s][info ][gc,heap        ] GC(89) ParOldGen: 18637K->18637K(26624K)
[10.266s][info ][gc,metaspace   ] GC(89) Metaspace: 15860K->15860K(1064960K)
[10.266s][info ][gc             ] GC(89) Pause Young (Allocation Failure) 34M->19M(43M) 0.579ms
[10.266s][info ][gc,cpu         ] GC(89) User=0.00s Sys=0.00s Real=0.00s
[10.267s][info ][gc,start       ] GC(90) Pause Young (Allocation Failure)
[10.268s][debug][gc,phases      ] GC(90) Scavenge 0.422ms
[10.268s][debug][gc,phases      ] GC(90) Reference Processing 0.021ms
[10.268s][debug][gc,phases      ] GC(90) Weak Processing 0.013ms
[10.268s][debug][gc,phases      ] GC(90) Scrub String Table 0.079ms
[10.268s][debug][gc,age         ] GC(90) Desired survivor size 3670016 bytes, new threshold 1 (max threshold 15)
[10.268s][info ][gc,heap        ] GC(90) PSYoungGen: 15749K->2567K(17920K)
[10.268s][info ][gc,heap        ] GC(90) ParOldGen: 18637K->19044K(26624K)
[10.268s][info ][gc,metaspace   ] GC(90) Metaspace: 15860K->15860K(1064960K)
[10.268s][info ][gc             ] GC(90) Pause Young (Allocation Failure) 33M->21M(43M) 0.741ms
[10.268s][info ][gc,cpu         ] GC(90) User=0.00s Sys=0.00s Real=0.00s
[10.269s][info ][gc,start       ] GC(91) Pause Young (Allocation Failure)
[10.270s][debug][gc,phases      ] GC(91) Scavenge 0.391ms
[10.270s][debug][gc,phases      ] GC(91) Reference Processing 0.019ms
[10.270s][debug][gc,phases      ] GC(91) Weak Processing 0.011ms
[10.270s][debug][gc,phases      ] GC(91) Scrub String Table 0.068ms
[10.270s][debug][gc,age         ] GC(91) Desired survivor size 3670016 bytes, new threshold 1 (max threshold 15)
[10.270s][info ][gc,heap        ] GC(91) PSYoungGen: 16527K->2599K(17920K)
[10.270s][info ][gc,heap        ] GC(91) ParOldGen: 19044K->19044K(26624K)
[10.270s][info ][gc,metaspace   ] GC(91) Metaspace: 15860K->15860K(1064960K)
[10.270s][info ][gc             ] GC(91) Pause Young (Allocation Failure) 34M->21M(43M) 0.670ms
[10.270s][info ][gc,cpu         ] GC(91) User=0.00s Sys=0.00s Real=0.00s
[10.271s][info ][gc,start       ] GC(92) Pause Young (Allocation Failure)
[10.272s][debug][gc,phases      ] GC(92) Scavenge 1.158ms
[10.272s][debug][gc,phases      ] GC(92) Reference Processing 0.017ms
[10.272s][debug][gc,phases      ] GC(92) Weak Processing 0.011ms
[10.272s][debug][gc,phases      ] GC(92) Scrub String Table 0.068ms
[10.272s][debug][gc,age         ] GC(92) Desired survivor size 3670016 bytes, new threshold 1 (max threshold 15)
[10.272s][info ][gc,heap        ] GC(92) PSYoungGen: 16935K->2599K(17920K)
[10.272s][info ][gc,heap        ] GC(92) ParOldGen: 19044K->19458K(26624K)
[10.272s][info ][gc,metaspace   ] GC(92) Metaspace: 15860K->15860K(1064960K)
[10.272s][info ][gc             ] GC(92) Pause Young (Allocation Failure) 35M->21M(43M) 1.450ms
[10.272s][info ][gc,cpu         ] GC(92) User=0.01s Sys=0.00s Real=0.00s
[10.274s][info ][gc,start       ] GC(93) Pause Young (Allocation Failure)
[10.275s][debug][gc,phases      ] GC(93) Scavenge 1.126ms
[10.275s][debug][gc,phases      ] GC(93) Reference Processing 0.025ms
[10.275s][debug][gc,phases      ] GC(93) Weak Processing 0.016ms
[10.275s][debug][gc,phases      ] GC(93) Scrub String Table 0.069ms
[10.275s][debug][gc,age         ] GC(93) Desired survivor size 3670016 bytes, new threshold 1 (max threshold 15)
[10.275s][info ][gc,heap        ] GC(93) PSYoungGen: 16919K->3349K(17920K)
[10.275s][info ][gc,heap        ] GC(93) ParOldGen: 19458K->19458K(26624K)
[10.275s][info ][gc,metaspace   ] GC(93) Metaspace: 15860K->15860K(1064960K)
[10.275s][info ][gc             ] GC(93) Pause Young (Allocation Failure) 35M->22M(43M) 1.427ms
[10.275s][info ][gc,cpu         ] GC(93) User=0.01s Sys=0.00s Real=0.00s
[10.276s][info ][gc,start       ] GC(94) Pause Young (Allocation Failure)
[10.277s][debug][gc,phases      ] GC(94) Scavenge 1.079ms
[10.277s][debug][gc,phases      ] GC(94) Reference Processing 0.029ms
[10.277s][debug][gc,phases      ] GC(94) Weak Processing 0.016ms
[10.278s][debug][gc,phases      ] GC(94) Scrub String Table 0.071ms
[10.278s][debug][gc,age         ] GC(94) Desired survivor size 3670016 bytes, new threshold 1 (max threshold 15)
[10.278s][info ][gc,heap        ] GC(94) PSYoungGen: 17685K->2535K(17920K)
[10.278s][info ][gc,heap        ] GC(94) ParOldGen: 19458K->19873K(26624K)
[10.278s][info ][gc,metaspace   ] GC(94) Metaspace: 15860K->15860K(1064960K)
[10.278s][info ][gc             ] GC(94) Pause Young (Allocation Failure) 36M->21M(43M) 1.447ms
[10.278s][info ][gc,cpu         ] GC(94) User=0.01s Sys=0.00s Real=0.01s
[10.279s][info ][gc,start       ] GC(95) Pause Young (Allocation Failure)
[10.280s][debug][gc,phases      ] GC(95) Scavenge 0.924ms
[10.280s][debug][gc,phases      ] GC(95) Reference Processing 0.021ms
[10.280s][debug][gc,phases      ] GC(95) Weak Processing 0.011ms
[10.280s][debug][gc,phases      ] GC(95) Scrub String Table 0.069ms
[10.280s][debug][gc,age         ] GC(95) Desired survivor size 3670016 bytes, new threshold 1 (max threshold 15)
[10.280s][info ][gc,heap        ] GC(95) PSYoungGen: 16871K->2535K(17920K)
[10.280s][info ][gc,heap        ] GC(95) ParOldGen: 19873K->20279K(26624K)
[10.280s][info ][gc,metaspace   ] GC(95) Metaspace: 15860K->15860K(1064960K)
[10.280s][info ][gc             ] GC(95) Pause Young (Allocation Failure) 35M->22M(43M) 1.214ms
[10.280s][info ][gc,cpu         ] GC(95) User=0.01s Sys=0.00s Real=0.00s
[10.281s][info ][gc,start       ] GC(96) Pause Young (Allocation Failure)
[10.282s][debug][gc,phases      ] GC(96) Scavenge 0.701ms
[10.282s][debug][gc,phases      ] GC(96) Reference Processing 0.019ms
[10.282s][debug][gc,phases      ] GC(96) Weak Processing 0.010ms
[10.282s][debug][gc,phases      ] GC(96) Scrub String Table 0.068ms
[10.282s][debug][gc,age         ] GC(96) Desired survivor size 3670016 bytes, new threshold 1 (max threshold 15)
[10.282s][info ][gc,heap        ] GC(96) PSYoungGen: 16493K->2958K(17920K)
[10.282s][info ][gc,heap        ] GC(96) ParOldGen: 20279K->20287K(26624K)
[10.282s][info ][gc,metaspace   ] GC(96) Metaspace: 15860K->15860K(1064960K)
[10.282s][info ][gc             ] GC(96) Pause Young (Allocation Failure) 35M->22M(43M) 0.981ms
[10.282s][info ][gc,cpu         ] GC(96) User=0.00s Sys=0.00s Real=0.00s
[10.283s][info ][gc,start       ] GC(97) Pause Young (Allocation Failure)
[10.284s][debug][gc,phases      ] GC(97) Scavenge 0.418ms
[10.284s][debug][gc,phases      ] GC(97) Reference Processing 0.019ms
[10.284s][debug][gc,phases      ] GC(97) Weak Processing 0.010ms
[10.284s][debug][gc,phases      ] GC(97) Scrub String Table 0.068ms
[10.284s][debug][gc,age         ] GC(97) Desired survivor size 3670016 bytes, new threshold 1 (max threshold 15)
[10.284s][info ][gc,heap        ] GC(97) PSYoungGen: 17294K->1754K(17920K)
[10.284s][info ][gc,heap        ] GC(97) ParOldGen: 20287K->20702K(26624K)
[10.284s][info ][gc,metaspace   ] GC(97) Metaspace: 15860K->15860K(1064960K)
[10.284s][info ][gc             ] GC(97) Pause Young (Allocation Failure) 36M->21M(43M) 0.703ms
[10.284s][info ][gc,cpu         ] GC(97) User=0.00s Sys=0.01s Real=0.00s
[10.285s][info ][gc,start       ] GC(98) Pause Young (Allocation Failure)
[10.286s][debug][gc,phases      ] GC(98) Scavenge 0.537ms
[10.286s][debug][gc,phases      ] GC(98) Reference Processing 0.021ms
[10.286s][debug][gc,phases      ] GC(98) Weak Processing 0.010ms
[10.286s][debug][gc,phases      ] GC(98) Scrub String Table 0.068ms
[10.286s][debug][gc,age         ] GC(98) Desired survivor size 3670016 bytes, new threshold 1 (max threshold 15)
[10.286s][info ][gc,heap        ] GC(98) PSYoungGen: 16090K->2209K(17920K)
[10.286s][info ][gc,heap        ] GC(98) ParOldGen: 20702K->21117K(26624K)
[10.286s][info ][gc,metaspace   ] GC(98) Metaspace: 15860K->15860K(1064960K)
[10.286s][info ][gc             ] GC(98) Pause Young (Allocation Failure) 35M->22M(43M) 0.833ms
[10.286s][info ][gc,cpu         ] GC(98) User=0.00s Sys=0.00s Real=0.00s
[10.287s][info ][gc,start       ] GC(99) Pause Young (Allocation Failure)
[10.287s][debug][gc,phases      ] GC(99) Scavenge 0.428ms
[10.287s][debug][gc,phases      ] GC(99) Reference Processing 0.023ms
[10.287s][debug][gc,phases      ] GC(99) Weak Processing 0.010ms
[10.288s][debug][gc,phases      ] GC(99) Scrub String Table 0.068ms
[10.288s][debug][gc,age         ] GC(99) Desired survivor size 4194304 bytes, new threshold 1 (max threshold 15)
[10.288s][info ][gc,heap        ] GC(99) PSYoungGen: 16164K->3381K(16896K)
[10.288s][info ][gc,heap        ] GC(99) ParOldGen: 21117K->21133K(26624K)
[10.288s][info ][gc,metaspace   ] GC(99) Metaspace: 15860K->15860K(1064960K)
[10.288s][info ][gc             ] GC(99) Pause Young (Allocation Failure) 36M->23M(42M) 0.719ms
[10.288s][info ][gc,cpu         ] GC(99) User=0.00s Sys=0.00s Real=0.00s
[10.289s][info ][gc,start       ] GC(100) Pause Young (Allocation Failure)
[10.289s][debug][gc,phases      ] GC(100) Scavenge 0.450ms
[10.289s][debug][gc,phases      ] GC(100) Reference Processing 0.020ms
[10.289s][debug][gc,phases      ] GC(100) Weak Processing 0.010ms
[10.289s][debug][gc,phases      ] GC(100) Scrub String Table 0.068ms
[10.289s][debug][gc,age         ] GC(100) Desired survivor size 4194304 bytes, new threshold 1 (max threshold 15)
[10.289s][info ][gc,heap        ] GC(100) PSYoungGen: 16499K->2958K(17408K)
[10.289s][info ][gc,heap        ] GC(100) ParOldGen: 21133K->21547K(26624K)
[10.289s][info ][gc,metaspace   ] GC(100) Metaspace: 15860K->15860K(1064960K)
[10.289s][info ][gc             ] GC(100) Pause Young (Allocation Failure) 36M->23M(43M) 0.727ms
[10.289s][info ][gc,cpu         ] GC(100) User=0.00s Sys=0.00s Real=0.00s
[10.291s][info ][gc,start       ] GC(101) Pause Young (Allocation Failure)
[10.291s][debug][gc,phases      ] GC(101) Scavenge 0.307ms
[10.291s][debug][gc,phases      ] GC(101) Reference Processing 0.021ms
[10.291s][debug][gc,phases      ] GC(101) Weak Processing 0.010ms
[10.291s][debug][gc,phases      ] GC(101) Scrub String Table 0.068ms
[10.291s][debug][gc,age         ] GC(101) Desired survivor size 4194304 bytes, new threshold 1 (max threshold 15)
[10.291s][info ][gc,heap        ] GC(101) PSYoungGen: 16124K->1005K(17408K)
[10.291s][info ][gc,heap        ] GC(101) ParOldGen: 21547K->21555K(26624K)
[10.291s][info ][gc,metaspace   ] GC(101) Metaspace: 15860K->15860K(1064960K)
[10.291s][info ][gc             ] GC(101) Pause Young (Allocation Failure) 36M->22M(43M) 0.601ms
[10.291s][info ][gc,cpu         ] GC(101) User=0.00s Sys=0.00s Real=0.00s
[10.292s][info ][gc,start       ] GC(102) Pause Young (Allocation Failure)
[10.293s][debug][gc,phases      ] GC(102) Scavenge 0.980ms
[10.293s][debug][gc,phases      ] GC(102) Reference Processing 0.017ms
[10.293s][debug][gc,phases      ] GC(102) Weak Processing 0.012ms
[10.293s][debug][gc,phases      ] GC(102) Scrub String Table 0.070ms
[10.293s][debug][gc,age         ] GC(102) Desired survivor size 4194304 bytes, new threshold 1 (max threshold 15)
[10.293s][info ][gc,heap        ] GC(102) PSYoungGen: 14115K->1722K(17408K)
[10.293s][info ][gc,heap        ] GC(102) ParOldGen: 21555K->21970K(26624K)
[10.293s][info ][gc,metaspace   ] GC(102) Metaspace: 15860K->15860K(1064960K)
[10.293s][info ][gc             ] GC(102) Pause Young (Allocation Failure) 34M->23M(43M) 1.255ms
[10.293s][info ][gc,cpu         ] GC(102) User=0.01s Sys=0.00s Real=0.00s
[10.294s][info ][gc,start       ] GC(103) Pause Young (Allocation Failure)
[10.296s][debug][gc,phases      ] GC(103) Scavenge 1.200ms
[10.296s][debug][gc,phases      ] GC(103) Reference Processing 0.019ms
[10.296s][debug][gc,phases      ] GC(103) Weak Processing 0.011ms
[10.296s][debug][gc,phases      ] GC(103) Scrub String Table 0.070ms
[10.296s][debug][gc,age         ] GC(103) Desired survivor size 4194304 bytes, new threshold 1 (max threshold 15)
[10.296s][info ][gc,heap        ] GC(103) PSYoungGen: 14822K->1626K(17408K)
[10.296s][info ][gc,heap        ] GC(103) ParOldGen: 21970K->22385K(26624K)
[10.296s][info ][gc,metaspace   ] GC(103) Metaspace: 15860K->15860K(1064960K)
[10.296s][info ][gc             ] GC(103) Pause Young (Allocation Failure) 35M->23M(43M) 1.493ms
[10.296s][info ][gc,cpu         ] GC(103) User=0.01s Sys=0.00s Real=0.00s
[10.297s][info ][gc,start       ] GC(104) Pause Young (Allocation Failure)
[10.299s][debug][gc,phases      ] GC(104) Scavenge 1.791ms
[10.299s][debug][gc,phases      ] GC(104) Reference Processing 0.020ms
[10.299s][debug][gc,phases      ] GC(104) Weak Processing 0.011ms
[10.299s][debug][gc,phases      ] GC(104) Scrub String Table 0.074ms
[10.299s][debug][gc,age         ] GC(104) Desired survivor size 4194304 bytes, new threshold 1 (max threshold 15)
[10.299s][info ][gc,heap        ] GC(104) PSYoungGen: 14790K->2830K(17408K)
[10.299s][info ][gc,heap        ] GC(104) ParOldGen: 22385K->22401K(26624K)
[10.299s][info ][gc,metaspace   ] GC(104) Metaspace: 15860K->15860K(1064960K)
[10.299s][info ][gc             ] GC(104) Pause Young (Allocation Failure) 36M->24M(43M) 2.093ms
[10.299s][info ][gc,cpu         ] GC(104) User=0.01s Sys=0.00s Real=0.00s
[10.300s][info ][gc,start       ] GC(105) Pause Young (Allocation Failure)
[10.301s][debug][gc,phases      ] GC(105) Scavenge 1.080ms
[10.301s][debug][gc,phases      ] GC(105) Reference Processing 0.018ms
[10.301s][debug][gc,phases      ] GC(105) Weak Processing 0.010ms
[10.301s][debug][gc,phases      ] GC(105) Scrub String Table 0.069ms
[10.301s][debug][gc,age         ] GC(105) Desired survivor size 4194304 bytes, new threshold 1 (max threshold 15)
[10.301s][info ][gc,heap        ] GC(105) PSYoungGen: 16018K->2049K(17408K)
[10.301s][info ][gc,heap        ] GC(105) ParOldGen: 22401K->22409K(26624K)
[10.301s][info ][gc,metaspace   ] GC(105) Metaspace: 15860K->15860K(1064960K)
[10.301s][info ][gc             ] GC(105) Pause Young (Allocation Failure) 37M->23M(43M) 1.362ms
[10.301s][info ][gc,cpu         ] GC(105) User=0.00s Sys=0.00s Real=0.00s
[10.302s][info ][gc,start       ] GC(106) Pause Young (Allocation Failure)
[10.303s][debug][gc,phases      ] GC(106) Scavenge 0.819ms
[10.303s][debug][gc,phases      ] GC(106) Reference Processing 0.020ms
[10.303s][debug][gc,phases      ] GC(106) Weak Processing 0.010ms
[10.303s][debug][gc,phases      ] GC(106) Scrub String Table 0.068ms
[10.303s][debug][gc,age         ] GC(106) Desired survivor size 4194304 bytes, new threshold 1 (max threshold 15)
[10.303s][info ][gc,heap        ] GC(106) PSYoungGen: 15224K->2894K(17408K)
[10.303s][info ][gc,heap        ] GC(106) ParOldGen: 22409K->22417K(26624K)
[10.303s][info ][gc,metaspace   ] GC(106) Metaspace: 15860K->15860K(1064960K)
[10.304s][info ][gc             ] GC(106) Pause Young (Allocation Failure) 36M->24M(43M) 1.109ms
[10.304s][info ][gc,cpu         ] GC(106) User=0.00s Sys=0.00s Real=0.00s
[10.305s][info ][gc,start       ] GC(107) Pause Young (Allocation Failure)
[10.305s][debug][gc,phases      ] GC(107) Scavenge 0.447ms
[10.305s][debug][gc,phases      ] GC(107) Reference Processing 0.018ms
[10.305s][debug][gc,phases      ] GC(107) Weak Processing 0.011ms
[10.305s][debug][gc,phases      ] GC(107) Scrub String Table 0.069ms
[10.305s][debug][gc,age         ] GC(107) Desired survivor size 4194304 bytes, new threshold 1 (max threshold 15)
[10.305s][info ][gc,heap        ] GC(107) PSYoungGen: 16059K->2177K(17408K)
[10.305s][info ][gc,heap        ] GC(107) ParOldGen: 22417K->22417K(26624K)
[10.305s][info ][gc,metaspace   ] GC(107) Metaspace: 15860K->15860K(1064960K)
[10.305s][info ][gc             ] GC(107) Pause Young (Allocation Failure) 37M->24M(43M) 0.717ms
[10.305s][info ][gc,cpu         ] GC(107) User=0.00s Sys=0.00s Real=0.00s
[10.306s][info ][gc,start       ] GC(108) Pause Young (Allocation Failure)
[10.307s][debug][gc,phases      ] GC(108) Scavenge 0.444ms
[10.307s][debug][gc,phases      ] GC(108) Reference Processing 0.019ms
[10.307s][debug][gc,phases      ] GC(108) Weak Processing 0.010ms
[10.307s][debug][gc,phases      ] GC(108) Scrub String Table 0.068ms
[10.307s][debug][gc,age         ] GC(108) Desired survivor size 4194304 bytes, new threshold 1 (max threshold 15)
[10.307s][info ][gc,heap        ] GC(108) PSYoungGen: 15309K->2567K(17408K)
[10.307s][info ][gc,heap        ] GC(108) ParOldGen: 22417K->22433K(26624K)
[10.307s][info ][gc,metaspace   ] GC(108) Metaspace: 15860K->15860K(1064960K)
[10.307s][info ][gc             ] GC(108) Pause Young (Allocation Failure) 36M->24M(43M) 0.730ms
[10.307s][info ][gc,cpu         ] GC(108) User=0.00s Sys=0.00s Real=0.00s
[10.308s][info ][gc,start       ] GC(109) Pause Young (Allocation Failure)
[10.309s][debug][gc,phases      ] GC(109) Scavenge 0.452ms
[10.309s][debug][gc,phases      ] GC(109) Reference Processing 0.021ms
[10.309s][debug][gc,phases      ] GC(109) Weak Processing 0.010ms
[10.309s][debug][gc,phases      ] GC(109) Scrub String Table 0.069ms
[10.309s][debug][gc,age         ] GC(109) Desired survivor size 4194304 bytes, new threshold 1 (max threshold 15)
[10.309s][info ][gc,heap        ] GC(109) PSYoungGen: 15738K->3381K(17408K)
[10.309s][info ][gc,heap        ] GC(109) ParOldGen: 22433K->22433K(26624K)
[10.309s][info ][gc,metaspace   ] GC(109) Metaspace: 15860K->15860K(1064960K)
[10.309s][info ][gc             ] GC(109) Pause Young (Allocation Failure) 37M->25M(43M) 0.755ms
[10.309s][info ][gc,cpu         ] GC(109) User=0.00s Sys=0.00s Real=0.00s
[10.310s][info ][gc,start       ] GC(110) Pause Young (Allocation Failure)
[10.310s][debug][gc,phases      ] GC(110) Scavenge 0.429ms
[10.310s][debug][gc,phases      ] GC(110) Reference Processing 0.019ms
[10.310s][debug][gc,phases      ] GC(110) Weak Processing 0.010ms
[10.311s][debug][gc,phases      ] GC(110) Scrub String Table 0.069ms
[10.311s][debug][gc,age         ] GC(110) Desired survivor size 4194304 bytes, new threshold 1 (max threshold 15)
[10.311s][info ][gc,heap        ] GC(110) PSYoungGen: 16400K->941K(17408K)
[10.311s][info ][gc,heap        ] GC(110) ParOldGen: 22433K->24043K(26624K)
[10.311s][info ][gc,metaspace   ] GC(110) Metaspace: 15860K->15860K(1064960K)
[10.311s][info ][gc             ] GC(110) Pause Young (Allocation Failure) 37M->24M(43M) 0.722ms
[10.311s][info ][gc,cpu         ] GC(110) User=0.00s Sys=0.00s Real=0.00s
[10.312s][info ][gc,start       ] GC(111) Pause Young (Allocation Failure)
[10.313s][debug][gc,phases      ] GC(111) Scavenge 1.163ms
[10.313s][debug][gc,phases      ] GC(111) Reference Processing 0.023ms
[10.313s][debug][gc,phases      ] GC(111) Weak Processing 0.012ms
[10.313s][debug][gc,phases      ] GC(111) Scrub String Table 0.069ms
[10.313s][debug][gc,age         ] GC(111) Desired survivor size 4194304 bytes, new threshold 1 (max threshold 15)
[10.313s][info ][gc,heap        ] GC(111) PSYoungGen: 14103K->2535K(17408K)
[10.313s][info ][gc,heap        ] GC(111) ParOldGen: 24043K->24059K(26624K)
[10.313s][info ][gc,metaspace   ] GC(111) Metaspace: 15860K->15860K(1064960K)
[10.313s][info ][gc             ] GC(111) Pause Young (Allocation Failure) 37M->25M(43M) 1.505ms
[10.313s][info ][gc,cpu         ] GC(111) User=0.01s Sys=0.00s Real=0.00s
[10.314s][info ][gc,start       ] GC(112) Pause Young (Allocation Failure)
[10.315s][debug][gc,phases      ] GC(112) Scavenge 0.324ms
[10.315s][debug][gc,phases      ] GC(112) Reference Processing 0.019ms
[10.315s][debug][gc,phases      ] GC(112) Weak Processing 0.011ms
[10.315s][debug][gc,phases      ] GC(112) Scrub String Table 0.069ms
[10.315s][debug][gc,age         ] GC(112) Desired survivor size 4194304 bytes, new threshold 1 (max threshold 15)
[10.315s][info ][gc,heap        ] GC(112) PSYoungGen: 15743K->2177K(17408K)
[10.315s][info ][gc,heap        ] GC(112) ParOldGen: 24059K->24067K(26624K)
[10.315s][info ][gc,metaspace   ] GC(112) Metaspace: 15860K->15860K(1064960K)
[10.315s][info ][gc             ] GC(112) Pause Young (Allocation Failure) 38M->25M(43M) 0.585ms
[10.315s][info ][gc,cpu         ] GC(112) User=0.00s Sys=0.01s Real=0.00s
[10.316s][info ][gc,start       ] GC(113) Pause Young (Allocation Failure)
[10.317s][debug][gc,phases      ] GC(113) Scavenge 0.505ms
[10.317s][debug][gc,phases      ] GC(113) Reference Processing 0.018ms
[10.317s][debug][gc,phases      ] GC(113) Weak Processing 0.010ms
[10.317s][debug][gc,phases      ] GC(113) Scrub String Table 0.068ms
[10.317s][debug][gc,age         ] GC(113) Desired survivor size 4194304 bytes, new threshold 1 (max threshold 15)
[10.317s][info ][gc,heap        ] GC(113) PSYoungGen: 15365K->1754K(17408K)
[10.317s][info ][gc,heap        ] GC(113) ParOldGen: 24067K->24482K(26624K)
[10.317s][info ][gc,metaspace   ] GC(113) Metaspace: 15860K->15860K(1064960K)
[10.317s][info ][gc             ] GC(113) Pause Young (Allocation Failure) 38M->25M(43M) 0.793ms
[10.317s][info ][gc,cpu         ] GC(113) User=0.00s Sys=0.00s Real=0.01s
[10.318s][info ][gc,start       ] GC(114) Pause Young (Allocation Failure)
[10.319s][debug][gc,phases      ] GC(114) Scavenge 0.672ms
[10.319s][debug][gc,phases      ] GC(114) Reference Processing 0.019ms
[10.319s][debug][gc,phases      ] GC(114) Weak Processing 0.010ms
[10.319s][debug][gc,phases      ] GC(114) Scrub String Table 0.068ms
[10.319s][debug][gc,age         ] GC(114) Desired survivor size 4194304 bytes, new threshold 1 (max threshold 15)
[10.319s][info ][gc,heap        ] GC(114) PSYoungGen: 14893K->2535K(17408K)
[10.319s][info ][gc,heap        ] GC(114) ParOldGen: 24482K->24490K(26624K)
[10.319s][info ][gc,metaspace   ] GC(114) Metaspace: 15860K->15860K(1064960K)
[10.319s][info ][gc             ] GC(114) Pause Young (Allocation Failure) 38M->26M(43M) 0.959ms
[10.319s][info ][gc,cpu         ] GC(114) User=0.00s Sys=0.00s Real=0.00s
[10.320s][info ][gc,start       ] GC(115) Pause Young (Allocation Failure)
[10.320s][debug][gc,phases      ] GC(115) Scavenge 0.297ms
[10.320s][debug][gc,phases      ] GC(115) Reference Processing 0.022ms
[10.320s][debug][gc,phases      ] GC(115) Weak Processing 0.013ms
[10.320s][debug][gc,phases      ] GC(115) Scrub String Table 0.071ms
[10.320s][debug][gc,age         ] GC(115) Desired survivor size 4194304 bytes, new threshold 1 (max threshold 15)
[10.320s][info ][gc,heap        ] GC(115) PSYoungGen: 15716K->1427K(17408K)
[10.320s][info ][gc,heap        ] GC(115) ParOldGen: 24490K->24498K(26624K)
[10.320s][info ][gc,metaspace   ] GC(115) Metaspace: 15860K->15860K(1064960K)
[10.320s][info ][gc             ] GC(115) Pause Young (Allocation Failure) 39M->25M(43M) 0.580ms
[10.320s][info ][gc,cpu         ] GC(115) User=0.00s Sys=0.00s Real=0.00s
[10.322s][info ][gc,start       ] GC(116) Pause Young (Allocation Failure)
[10.322s][debug][gc,phases      ] GC(116) Scavenge 0.420ms
[10.322s][debug][gc,phases      ] GC(116) Reference Processing 0.038ms
[10.322s][debug][gc,phases      ] GC(116) Weak Processing 0.010ms
[10.322s][debug][gc,phases      ] GC(116) Scrub String Table 0.068ms
[10.322s][debug][gc,age         ] GC(116) Desired survivor size 3670016 bytes, new threshold 1 (max threshold 15)
[10.322s][info ][gc,heap        ] GC(116) PSYoungGen: 14484K->2145K(15872K)
[10.322s][info ][gc,heap        ] GC(116) ParOldGen: 24498K->24937K(26624K)
[10.322s][info ][gc,metaspace   ] GC(116) Metaspace: 15860K->15860K(1064960K)
[10.322s][info ][gc             ] GC(116) Pause Young (Allocation Failure) 38M->26M(41M) 0.838ms
[10.323s][info ][gc,cpu         ] GC(116) User=0.00s Sys=0.00s Real=0.00s
[10.323s][info ][gc,start       ] GC(117) Pause Young (Allocation Failure)
[10.324s][debug][gc,phases      ] GC(117) Scavenge 0.369ms
[10.324s][debug][gc,phases      ] GC(117) Reference Processing 0.022ms
[10.324s][debug][gc,phases      ] GC(117) Weak Processing 0.010ms
[10.324s][debug][gc,phases      ] GC(117) Scrub String Table 0.068ms
[10.324s][debug][gc,age         ] GC(117) Desired survivor size 4194304 bytes, new threshold 1 (max threshold 15)
[10.324s][info ][gc,heap        ] GC(117) PSYoungGen: 15192K->486K(16384K)
[10.324s][info ][gc,heap        ] GC(117) ParOldGen: 24937K->25742K(26624K)
[10.324s][info ][gc,metaspace   ] GC(117) Metaspace: 15860K->15860K(1064960K)
[10.324s][info ][gc             ] GC(117) Pause Young (Allocation Failure) 39M->25M(42M) 0.694ms
[10.324s][info ][gc,cpu         ] GC(117) User=0.00s Sys=0.00s Real=0.00s
[10.324s][debug][gc,phases      ] GC(118) Pre Compact 0.014ms
[10.324s][info ][gc,start       ] GC(118) Pause Full (Ergonomics)
[10.324s][info ][gc,phases,start] GC(118) Marking Phase
[10.327s][debug][gc,phases      ] GC(118) Par Mark 2.826ms
[10.327s][debug][gc,phases      ] GC(118) Reference Processing 0.051ms
[10.327s][debug][gc,phases      ] GC(118) Weak Processing 0.010ms
[10.327s][debug][gc,phases      ] GC(118) ClassLoaderData 0.025ms
[10.327s][debug][gc,phases      ] GC(118) ProtectionDomainCacheTable 0.002ms
[10.327s][debug][gc,phases      ] GC(118) ResolvedMethodTable 0.014ms
[10.328s][debug][gc,phases      ] GC(118) Class Unloading 0.744ms
[10.328s][debug][gc,phases      ] GC(118) Scrub String Table 0.059ms
[10.329s][debug][gc,phases      ] GC(118) Scrub Symbol Table 1.038ms
[10.329s][info ][gc,phases      ] GC(118) Marking Phase 4.862ms
[10.329s][info ][gc,phases,start] GC(118) Summary Phase
[10.329s][info ][gc,phases      ] GC(118) Summary Phase 0.012ms
[10.329s][info ][gc,phases,start] GC(118) Adjust Roots
[10.331s][info ][gc,phases      ] GC(118) Adjust Roots 1.721ms
[10.331s][info ][gc,phases,start] GC(118) Compaction Phase
[10.332s][info ][gc,phases      ] GC(118) Compaction Phase 1.216ms
[10.332s][info ][gc,phases,start] GC(118) Post Compact
[10.332s][info ][gc,phases      ] GC(118) Post Compact 0.090ms
[10.332s][info ][gc,heap        ] GC(118) PSYoungGen: 486K->0K(16896K)
[10.332s][info ][gc,heap        ] GC(118) ParOldGen: 25742K->4310K(23552K)
[10.332s][info ][gc,metaspace   ] GC(118) Metaspace: 15860K->15860K(1064960K)
[10.332s][info ][gc             ] GC(118) Pause Full (Ergonomics) 25M->4M(39M) 8.190ms
[10.332s][info ][gc,cpu         ] GC(118) User=0.03s Sys=0.00s Real=0.01s
[10.333s][info ][gc,start       ] GC(119) Pause Young (Allocation Failure)
[10.334s][debug][gc,phases      ] GC(119) Scavenge 0.343ms
[10.334s][debug][gc,phases      ] GC(119) Reference Processing 0.020ms
[10.334s][debug][gc,phases      ] GC(119) Weak Processing 0.010ms
[10.334s][debug][gc,phases      ] GC(119) Scrub String Table 0.067ms
[10.334s][debug][gc,age         ] GC(119) Desired survivor size 4194304 bytes, new threshold 1 (max threshold 15)
[10.334s][info ][gc,heap        ] GC(119) PSYoungGen: 12787K->2599K(17408K)
[10.334s][info ][gc,heap        ] GC(119) ParOldGen: 4310K->4310K(23552K)
[10.334s][info ][gc,metaspace   ] GC(119) Metaspace: 15860K->15860K(1064960K)
[10.334s][info ][gc             ] GC(119) Pause Young (Allocation Failure) 16M->6M(40M) 0.627ms
[10.334s][info ][gc,cpu         ] GC(119) User=0.00s Sys=0.00s Real=0.00s
[10.335s][info ][gc,start       ] GC(120) Pause Young (Allocation Failure)
[10.335s][debug][gc,phases      ] GC(120) Scavenge 0.199ms
[10.335s][debug][gc,phases      ] GC(120) Reference Processing 0.022ms
[10.335s][debug][gc,phases      ] GC(120) Weak Processing 0.010ms
[10.336s][debug][gc,phases      ] GC(120) Scrub String Table 0.068ms
[10.336s][debug][gc,age         ] GC(120) Desired survivor size 4194304 bytes, new threshold 1 (max threshold 15)
[10.336s][info ][gc,heap        ] GC(120) PSYoungGen: 15826K->1363K(17408K)
[10.336s][info ][gc,heap        ] GC(120) ParOldGen: 4310K->4326K(23552K)
[10.336s][info ][gc,metaspace   ] GC(120) Metaspace: 15860K->15860K(1064960K)
[10.336s][info ][gc             ] GC(120) Pause Young (Allocation Failure) 19M->5M(40M) 0.483ms
[10.336s][info ][gc,cpu         ] GC(120) User=0.00s Sys=0.00s Real=0.00s
[10.337s][info ][gc,start       ] GC(121) Pause Young (Allocation Failure)
[10.337s][debug][gc,phases      ] GC(121) Scavenge 0.437ms
[10.337s][debug][gc,phases      ] GC(121) Reference Processing 0.019ms
[10.337s][debug][gc,phases      ] GC(121) Weak Processing 0.018ms
[10.337s][debug][gc,phases      ] GC(121) Scrub String Table 0.080ms
[10.337s][debug][gc,age         ] GC(121) Desired survivor size 4194304 bytes, new threshold 1 (max threshold 15)
[10.338s][info ][gc,heap        ] GC(121) PSYoungGen: 14343K->1267K(17408K)
[10.338s][info ][gc,heap        ] GC(121) ParOldGen: 4326K->5546K(23552K)
[10.338s][info ][gc,metaspace   ] GC(121) Metaspace: 15860K->15860K(1064960K)
[10.338s][info ][gc             ] GC(121) Pause Young (Allocation Failure) 18M->6M(40M) 0.810ms
[10.338s][info ][gc,cpu         ] GC(121) User=0.00s Sys=0.00s Real=0.00s
[10.339s][info ][gc,start       ] GC(122) Pause Young (Allocation Failure)
[10.339s][debug][gc,phases      ] GC(122) Scavenge 0.298ms
[10.339s][debug][gc,phases      ] GC(122) Reference Processing 0.023ms
[10.339s][debug][gc,phases      ] GC(122) Weak Processing 0.016ms
[10.339s][debug][gc,phases      ] GC(122) Scrub String Table 0.080ms
[10.339s][debug][gc,age         ] GC(122) Desired survivor size 4194304 bytes, new threshold 1 (max threshold 15)
[10.339s][info ][gc,heap        ] GC(122) PSYoungGen: 14529K->2209K(17408K)
[10.339s][info ][gc,heap        ] GC(122) ParOldGen: 5546K->5546K(23552K)
[10.339s][info ][gc,metaspace   ] GC(122) Metaspace: 15860K->15860K(1064960K)
[10.339s][info ][gc             ] GC(122) Pause Young (Allocation Failure) 19M->7M(40M) 0.615ms
[10.339s][info ][gc,cpu         ] GC(122) User=0.00s Sys=0.00s Real=0.00s
[10.340s][info ][gc,start       ] GC(123) Pause Young (Allocation Failure)
[10.341s][debug][gc,phases      ] GC(123) Scavenge 1.113ms
[10.341s][debug][gc,phases      ] GC(123) Reference Processing 0.019ms
[10.342s][debug][gc,phases      ] GC(123) Weak Processing 0.010ms
[10.342s][debug][gc,phases      ] GC(123) Scrub String Table 0.068ms
[10.342s][debug][gc,age         ] GC(123) Desired survivor size 3670016 bytes, new threshold 1 (max threshold 15)
[10.342s][info ][gc,heap        ] GC(123) PSYoungGen: 15351K->2081K(16384K)
[10.342s][info ][gc,heap        ] GC(123) ParOldGen: 5546K->5960K(23552K)
[10.342s][info ][gc,metaspace   ] GC(123) Metaspace: 15860K->15860K(1064960K)
[10.342s][info ][gc             ] GC(123) Pause Young (Allocation Failure) 20M->7M(39M) 1.419ms
[10.342s][info ][gc,cpu         ] GC(123) User=0.01s Sys=0.00s Real=0.00s
[10.343s][info ][gc,start       ] GC(124) Pause Young (Allocation Failure)
[10.343s][debug][gc,phases      ] GC(124) Scavenge 0.416ms
[10.343s][debug][gc,phases      ] GC(124) Reference Processing 0.023ms
[10.343s][debug][gc,phases      ] GC(124) Weak Processing 0.012ms
[10.344s][debug][gc,phases      ] GC(124) Scrub String Table 0.069ms
[10.344s][debug][gc,age         ] GC(124) Desired survivor size 3670016 bytes, new threshold 1 (max threshold 15)
[10.344s][info ][gc,heap        ] GC(124) PSYoungGen: 15211K->2049K(16896K)
[10.344s][info ][gc,heap        ] GC(124) ParOldGen: 5960K->5976K(23552K)
[10.344s][info ][gc,metaspace   ] GC(124) Metaspace: 15860K->15860K(1064960K)
[10.344s][info ][gc             ] GC(124) Pause Young (Allocation Failure) 20M->7M(39M) 0.732ms
[10.344s][info ][gc,cpu         ] GC(124) User=0.00s Sys=0.00s Real=0.00s
[10.345s][info ][gc,start       ] GC(125) Pause Young (Allocation Failure)
[10.346s][debug][gc,phases      ] GC(125) Scavenge 1.269ms
[10.346s][debug][gc,phases      ] GC(125) Reference Processing 0.021ms
[10.346s][debug][gc,phases      ] GC(125) Weak Processing 0.023ms
[10.346s][debug][gc,phases      ] GC(125) Scrub String Table 0.070ms
[10.346s][debug][gc,age         ] GC(125) Desired survivor size 3670016 bytes, new threshold 1 (max threshold 15)
[10.346s][info ][gc,heap        ] GC(125) PSYoungGen: 15164K->877K(17920K)
[10.346s][info ][gc,heap        ] GC(125) ParOldGen: 5976K->6782K(23552K)
[10.346s][info ][gc,metaspace   ] GC(125) Metaspace: 15860K->15860K(1064960K)
[10.346s][info ][gc             ] GC(125) Pause Young (Allocation Failure) 20M->7M(40M) 1.606ms
[10.346s][info ][gc,cpu         ] GC(125) User=0.00s Sys=0.00s Real=0.00s
[10.347s][info ][gc,start       ] GC(126) Pause Young (Allocation Failure)
[10.348s][debug][gc,phases      ] GC(126) Scavenge 0.267ms
[10.348s][debug][gc,phases      ] GC(126) Reference Processing 0.018ms
[10.348s][debug][gc,phases      ] GC(126) Weak Processing 0.010ms
[10.348s][debug][gc,phases      ] GC(126) Scrub String Table 0.068ms
[10.348s][debug][gc,age         ] GC(126) Desired survivor size 3670016 bytes, new threshold 1 (max threshold 15)
[10.348s][info ][gc,heap        ] GC(126) PSYoungGen: 15094K->1299K(17920K)
[10.348s][info ][gc,heap        ] GC(126) ParOldGen: 6782K->7212K(23552K)
[10.348s][info ][gc,metaspace   ] GC(126) Metaspace: 15860K->15860K(1064960K)
[10.348s][info ][gc             ] GC(126) Pause Young (Allocation Failure) 21M->8M(40M) 0.538ms
[10.348s][info ][gc,cpu         ] GC(126) User=0.00s Sys=0.00s Real=0.00s
[10.349s][info ][gc,start       ] GC(127) Pause Young (Allocation Failure)
[10.349s][debug][gc,phases      ] GC(127) Scavenge 0.185ms
[10.349s][debug][gc,phases      ] GC(127) Reference Processing 0.021ms
[10.349s][debug][gc,phases      ] GC(127) Weak Processing 0.010ms
[10.349s][debug][gc,phases      ] GC(127) Scrub String Table 0.068ms
[10.349s][debug][gc,age         ] GC(127) Desired survivor size 3670016 bytes, new threshold 1 (max threshold 15)
[10.349s][info ][gc,heap        ] GC(127) PSYoungGen: 15288K->1427K(17920K)
[10.349s][info ][gc,heap        ] GC(127) ParOldGen: 7212K->7220K(23552K)
[10.349s][info ][gc,metaspace   ] GC(127) Metaspace: 15860K->15860K(1064960K)
[10.350s][info ][gc             ] GC(127) Pause Young (Allocation Failure) 21M->8M(40M) 0.459ms
[10.350s][info ][gc,cpu         ] GC(127) User=0.00s Sys=0.00s Real=0.00s
[10.351s][info ][gc,start       ] GC(128) Pause Young (Allocation Failure)
[10.351s][debug][gc,phases      ] GC(128) Scavenge 0.608ms
[10.352s][debug][gc,phases      ] GC(128) Reference Processing 0.023ms
[10.352s][debug][gc,phases      ] GC(128) Weak Processing 0.015ms
[10.352s][debug][gc,phases      ] GC(128) Scrub String Table 0.096ms
[10.352s][debug][gc,age         ] GC(128) Desired survivor size 3670016 bytes, new threshold 1 (max threshold 15)
[10.352s][info ][gc,heap        ] GC(128) PSYoungGen: 15451K->2830K(17920K)
[10.352s][info ][gc,heap        ] GC(128) ParOldGen: 7220K->7236K(23552K)
[10.352s][info ][gc,metaspace   ] GC(128) Metaspace: 15860K->15860K(1064960K)
[10.352s][info ][gc             ] GC(128) Pause Young (Allocation Failure) 22M->9M(40M) 0.977ms
[10.352s][info ][gc,cpu         ] GC(128) User=0.01s Sys=0.00s Real=0.00s
[10.353s][info ][gc,start       ] GC(129) Pause Young (Allocation Failure)
[10.354s][debug][gc,phases      ] GC(129) Scavenge 0.986ms
[10.354s][debug][gc,phases      ] GC(129) Reference Processing 0.019ms
[10.354s][debug][gc,phases      ] GC(129) Weak Processing 0.011ms
[10.354s][debug][gc,phases      ] GC(129) Scrub String Table 0.069ms
[10.354s][debug][gc,age         ] GC(129) Desired survivor size 4194304 bytes, new threshold 1 (max threshold 15)
[10.354s][info ][gc,heap        ] GC(129) PSYoungGen: 16892K->2830K(16896K)
[10.354s][info ][gc,heap        ] GC(129) ParOldGen: 7236K->7244K(23552K)
[10.354s][info ][gc,metaspace   ] GC(129) Metaspace: 15860K->15860K(1064960K)
[10.354s][info ][gc             ] GC(129) Pause Young (Allocation Failure) 23M->9M(39M) 1.280ms
[10.354s][info ][gc,cpu         ] GC(129) User=0.01s Sys=0.00s Real=0.00s
[10.355s][info ][gc,start       ] GC(130) Pause Young (Allocation Failure)
[10.356s][debug][gc,phases      ] GC(130) Scavenge 1.012ms
[10.356s][debug][gc,phases      ] GC(130) Reference Processing 0.018ms
[10.356s][debug][gc,phases      ] GC(130) Weak Processing 0.010ms
[10.356s][debug][gc,phases      ] GC(130) Scrub String Table 0.070ms
[10.356s][debug][gc,age         ] GC(130) Desired survivor size 4194304 bytes, new threshold 1 (max threshold 15)
[10.356s][info ][gc,heap        ] GC(130) PSYoungGen: 15927K->64K(17408K)
[10.356s][info ][gc,heap        ] GC(130) ParOldGen: 7244K->8831K(23552K)
[10.356s][info ][gc,metaspace   ] GC(130) Metaspace: 15860K->15860K(1064960K)
[10.356s][info ][gc             ] GC(130) Pause Young (Allocation Failure) 22M->8M(40M) 1.291ms
[10.356s][info ][gc,cpu         ] GC(130) User=0.00s Sys=0.00s Real=0.01s
[10.357s][info ][gc,start       ] GC(131) Pause Young (Allocation Failure)
[10.358s][debug][gc,phases      ] GC(131) Scavenge 0.805ms
[10.358s][debug][gc,phases      ] GC(131) Reference Processing 0.019ms
[10.358s][debug][gc,phases      ] GC(131) Weak Processing 0.012ms
[10.359s][debug][gc,phases      ] GC(131) Scrub String Table 0.088ms
[10.359s][debug][gc,age         ] GC(131) Desired survivor size 4194304 bytes, new threshold 1 (max threshold 15)
[10.359s][info ][gc,heap        ] GC(131) PSYoungGen: 13242K->2145K(17408K)
[10.359s][info ][gc,heap        ] GC(131) ParOldGen: 8831K->8839K(23552K)
[10.359s][info ][gc,metaspace   ] GC(131) Metaspace: 15860K->15860K(1064960K)
[10.359s][info ][gc             ] GC(131) Pause Young (Allocation Failure) 21M->10M(40M) 1.157ms
[10.359s][info ][gc,cpu         ] GC(131) User=0.01s Sys=0.00s Real=0.00s
[10.360s][info ][gc,start       ] GC(132) Pause Young (Allocation Failure)
[10.361s][debug][gc,phases      ] GC(132) Scavenge 1.323ms
[10.361s][debug][gc,phases      ] GC(132) Reference Processing 0.029ms
[10.361s][debug][gc,phases      ] GC(132) Weak Processing 0.011ms
[10.361s][debug][gc,phases      ] GC(132) Scrub String Table 0.072ms
[10.361s][debug][gc,age         ] GC(132) Desired survivor size 4194304 bytes, new threshold 1 (max threshold 15)
[10.361s][info ][gc,heap        ] GC(132) PSYoungGen: 15338K->2113K(17408K)
[10.361s][info ][gc,heap        ] GC(132) ParOldGen: 8839K->9652K(23552K)
[10.361s][info ][gc,metaspace   ] GC(132) Metaspace: 15860K->15860K(1064960K)
[10.361s][info ][gc             ] GC(132) Pause Young (Allocation Failure) 23M->11M(40M) 1.652ms
[10.361s][info ][gc,cpu         ] GC(132) User=0.01s Sys=0.00s Real=0.00s
[10.363s][info ][gc,start       ] GC(133) Pause Young (Allocation Failure)
[10.364s][debug][gc,phases      ] GC(133) Scavenge 1.156ms
[10.364s][debug][gc,phases      ] GC(133) Reference Processing 0.019ms
[10.364s][debug][gc,phases      ] GC(133) Weak Processing 0.011ms
[10.364s][debug][gc,phases      ] GC(133) Scrub String Table 0.069ms
[10.364s][debug][gc,age         ] GC(133) Desired survivor size 4194304 bytes, new threshold 1 (max threshold 15)
[10.364s][info ][gc,heap        ] GC(133) PSYoungGen: 15315K->2535K(17408K)
[10.364s][info ][gc,heap        ] GC(133) ParOldGen: 9652K->10473K(23552K)
[10.364s][info ][gc,metaspace   ] GC(133) Metaspace: 15860K->15860K(1064960K)
[10.364s][info ][gc             ] GC(133) Pause Young (Allocation Failure) 24M->12M(40M) 1.445ms
[10.364s][info ][gc,cpu         ] GC(133) User=0.01s Sys=0.00s Real=0.00s
[10.365s][info ][gc,start       ] GC(134) Pause Young (Allocation Failure)
[10.366s][debug][gc,phases      ] GC(134) Scavenge 1.299ms
[10.367s][debug][gc,phases      ] GC(134) Reference Processing 0.022ms
[10.367s][debug][gc,phases      ] GC(134) Weak Processing 0.011ms
[10.367s][debug][gc,phases      ] GC(134) Scrub String Table 0.068ms
[10.367s][debug][gc,age         ] GC(134) Desired survivor size 4194304 bytes, new threshold 1 (max threshold 15)
[10.367s][info ][gc,heap        ] GC(134) PSYoungGen: 15673K->1690K(17408K)
[10.367s][info ][gc,heap        ] GC(134) ParOldGen: 10473K->11287K(23552K)
[10.367s][info ][gc,metaspace   ] GC(134) Metaspace: 15860K->15860K(1064960K)
[10.367s][info ][gc             ] GC(134) Pause Young (Allocation Failure) 25M->12M(40M) 1.617ms
[10.367s][info ][gc,cpu         ] GC(134) User=0.00s Sys=0.00s Real=0.01s
[10.368s][info ][gc,start       ] GC(135) Pause Young (Allocation Failure)
[10.369s][debug][gc,phases      ] GC(135) Scavenge 1.238ms
[10.369s][debug][gc,phases      ] GC(135) Reference Processing 0.018ms
[10.369s][debug][gc,phases      ] GC(135) Weak Processing 0.010ms
[10.369s][debug][gc,phases      ] GC(135) Scrub String Table 0.069ms
[10.369s][debug][gc,age         ] GC(135) Desired survivor size 3670016 bytes, new threshold 1 (max threshold 15)
[10.369s][info ][gc,heap        ] GC(135) PSYoungGen: 14831K->2113K(16384K)
[10.369s][info ][gc,heap        ] GC(135) ParOldGen: 11287K->11311K(23552K)
[10.369s][info ][gc,metaspace   ] GC(135) Metaspace: 15860K->15860K(1064960K)
[10.369s][info ][gc             ] GC(135) Pause Young (Allocation Failure) 25M->13M(39M) 1.580ms
[10.369s][info ][gc,cpu         ] GC(135) User=0.01s Sys=0.00s Real=0.00s
[10.371s][info ][gc,start       ] GC(136) Pause Young (Allocation Failure)
[10.372s][debug][gc,phases      ] GC(136) Scavenge 1.145ms
[10.372s][debug][gc,phases      ] GC(136) Reference Processing 0.018ms
[10.372s][debug][gc,phases      ] GC(136) Weak Processing 0.011ms
[10.372s][debug][gc,phases      ] GC(136) Scrub String Table 0.068ms
[10.372s][debug][gc,age         ] GC(136) Desired survivor size 3670016 bytes, new threshold 1 (max threshold 15)
[10.372s][info ][gc,heap        ] GC(136) PSYoungGen: 15258K->2081K(16896K)
[10.372s][info ][gc,heap        ] GC(136) ParOldGen: 11311K->11733K(23552K)
[10.372s][info ][gc,metaspace   ] GC(136) Metaspace: 15860K->15860K(1064960K)
[10.372s][info ][gc             ] GC(136) Pause Young (Allocation Failure) 25M->13M(39M) 1.461ms
[10.372s][info ][gc,cpu         ] GC(136) User=0.01s Sys=0.00s Real=0.00s
[10.374s][info ][gc,start       ] GC(137) Pause Young (Allocation Failure)
[10.375s][debug][gc,phases      ] GC(137) Scavenge 1.238ms
[10.375s][debug][gc,phases      ] GC(137) Reference Processing 0.022ms
[10.375s][debug][gc,phases      ] GC(137) Weak Processing 0.011ms
[10.375s][debug][gc,phases      ] GC(137) Scrub String Table 0.070ms
[10.375s][debug][gc,age         ] GC(137) Desired survivor size 3670016 bytes, new threshold 1 (max threshold 15)
[10.375s][info ][gc,heap        ] GC(137) PSYoungGen: 15226K->2145K(17920K)
[10.375s][info ][gc,heap        ] GC(137) ParOldGen: 11733K->12531K(23552K)
[10.375s][info ][gc,metaspace   ] GC(137) Metaspace: 15860K->15860K(1064960K)
[10.375s][info ][gc             ] GC(137) Pause Young (Allocation Failure) 26M->14M(40M) 1.532ms
[10.375s][info ][gc,cpu         ] GC(137) User=0.00s Sys=0.00s Real=0.00s
[10.376s][info ][gc,start       ] GC(138) Pause Young (Allocation Failure)
[10.378s][debug][gc,phases      ] GC(138) Scavenge 1.206ms
[10.378s][debug][gc,phases      ] GC(138) Reference Processing 0.025ms
[10.378s][debug][gc,phases      ] GC(138) Weak Processing 0.014ms
[10.378s][debug][gc,phases      ] GC(138) Scrub String Table 0.090ms
[10.378s][debug][gc,age         ] GC(138) Desired survivor size 3670016 bytes, new threshold 1 (max threshold 15)
[10.378s][info ][gc,heap        ] GC(138) PSYoungGen: 16108K->2503K(17920K)
[10.378s][info ][gc,heap        ] GC(138) ParOldGen: 12531K->13344K(23552K)
[10.378s][info ][gc,metaspace   ] GC(138) Metaspace: 15860K->15860K(1064960K)
[10.378s][info ][gc             ] GC(138) Pause Young (Allocation Failure) 27M->15M(40M) 1.612ms
[10.378s][info ][gc,cpu         ] GC(138) User=0.01s Sys=0.00s Real=0.00s
[10.379s][info ][gc,start       ] GC(139) Pause Young (Allocation Failure)
[10.381s][debug][gc,phases      ] GC(139) Scavenge 1.267ms
[10.381s][debug][gc,phases      ] GC(139) Reference Processing 0.019ms
[10.381s][debug][gc,phases      ] GC(139) Weak Processing 0.017ms
[10.381s][debug][gc,phases      ] GC(139) Scrub String Table 0.070ms
[10.381s][debug][gc,age         ] GC(139) Desired survivor size 3670016 bytes, new threshold 1 (max threshold 15)
[10.381s][info ][gc,heap        ] GC(139) PSYoungGen: 16502K->2113K(17920K)
[10.381s][info ][gc,heap        ] GC(139) ParOldGen: 13344K->13775K(23552K)
[10.381s][info ][gc,metaspace   ] GC(139) Metaspace: 15860K->15860K(1064960K)
[10.381s][info ][gc             ] GC(139) Pause Young (Allocation Failure) 29M->15M(40M) 1.566ms
[10.381s][info ][gc,cpu         ] GC(139) User=0.01s Sys=0.00s Real=0.00s
[10.382s][info ][gc,start       ] GC(140) Pause Young (Allocation Failure)
[10.384s][debug][gc,phases      ] GC(140) Scavenge 1.362ms
[10.384s][debug][gc,phases      ] GC(140) Reference Processing 0.019ms
[10.384s][debug][gc,phases      ] GC(140) Weak Processing 0.011ms
[10.384s][debug][gc,phases      ] GC(140) Scrub String Table 0.070ms
[10.384s][debug][gc,age         ] GC(140) Desired survivor size 3670016 bytes, new threshold 1 (max threshold 15)
[10.384s][info ][gc,heap        ] GC(140) PSYoungGen: 16078K->2081K(17920K)
[10.384s][info ][gc,heap        ] GC(140) ParOldGen: 13775K->14197K(23552K)
[10.384s][info ][gc,metaspace   ] GC(140) Metaspace: 15860K->15860K(1064960K)
[10.384s][info ][gc             ] GC(140) Pause Young (Allocation Failure) 29M->15M(40M) 1.657ms
[10.384s][info ][gc,cpu         ] GC(140) User=0.00s Sys=0.00s Real=0.00s
[10.385s][info ][gc,start       ] GC(141) Pause Young (Allocation Failure)
[10.387s][debug][gc,phases      ] GC(141) Scavenge 1.957ms
[10.387s][debug][gc,phases      ] GC(141) Reference Processing 0.023ms
[10.387s][debug][gc,phases      ] GC(141) Weak Processing 0.011ms
[10.387s][debug][gc,phases      ] GC(141) Scrub String Table 0.070ms
[10.387s][debug][gc,age         ] GC(141) Desired survivor size 3670016 bytes, new threshold 1 (max threshold 15)
[10.387s][info ][gc,heap        ] GC(141) PSYoungGen: 16113K->2798K(17920K)
[10.387s][info ][gc,heap        ] GC(141) ParOldGen: 14197K->14205K(23552K)
[10.387s][info ][gc,metaspace   ] GC(141) Metaspace: 15860K->15860K(1064960K)
[10.387s][info ][gc             ] GC(141) Pause Young (Allocation Failure) 29M->16M(40M) 2.256ms
[10.387s][info ][gc,cpu         ] GC(141) User=0.01s Sys=0.00s Real=0.01s
[10.388s][info ][gc,start       ] GC(142) Pause Young (Allocation Failure)
[10.390s][debug][gc,phases      ] GC(142) Scavenge 1.191ms
[10.390s][debug][gc,phases      ] GC(142) Reference Processing 0.020ms
[10.390s][debug][gc,phases      ] GC(142) Weak Processing 0.011ms
[10.390s][debug][gc,phases      ] GC(142) Scrub String Table 0.126ms
[10.390s][debug][gc,age         ] GC(142) Desired survivor size 3670016 bytes, new threshold 1 (max threshold 15)
[10.390s][info ][gc,heap        ] GC(142) PSYoungGen: 16789K->2407K(17920K)
[10.390s][info ][gc,heap        ] GC(142) ParOldGen: 14205K->14221K(23552K)
[10.390s][info ][gc,metaspace   ] GC(142) Metaspace: 15860K->15860K(1064960K)
[10.390s][info ][gc             ] GC(142) Pause Young (Allocation Failure) 30M->16M(40M) 1.549ms
[10.390s][info ][gc,cpu         ] GC(142) User=0.00s Sys=0.00s Real=0.00s
[10.391s][info ][gc,start       ] GC(143) Pause Young (Allocation Failure)
[10.393s][debug][gc,phases      ] GC(143) Scavenge 1.319ms
[10.393s][debug][gc,phases      ] GC(143) Reference Processing 0.017ms
[10.393s][debug][gc,phases      ] GC(143) Weak Processing 0.011ms
[10.393s][debug][gc,phases      ] GC(143) Scrub String Table 0.069ms
[10.393s][debug][gc,age         ] GC(143) Desired survivor size 3670016 bytes, new threshold 1 (max threshold 15)
[10.393s][info ][gc,heap        ] GC(143) PSYoungGen: 16731K->2017K(17920K)
[10.393s][info ][gc,heap        ] GC(143) ParOldGen: 14221K->14620K(23552K)
[10.393s][info ][gc,metaspace   ] GC(143) Metaspace: 15860K->15860K(1064960K)
[10.393s][info ][gc             ] GC(143) Pause Young (Allocation Failure) 30M->16M(40M) 1.619ms
[10.393s][info ][gc,cpu         ] GC(143) User=0.00s Sys=0.00s Real=0.00s
[10.394s][info ][gc,start       ] GC(144) Pause Young (Allocation Failure)
[10.396s][debug][gc,phases      ] GC(144) Scavenge 1.122ms
[10.396s][debug][gc,phases      ] GC(144) Reference Processing 0.022ms
[10.396s][debug][gc,phases      ] GC(144) Weak Processing 0.013ms
[10.396s][debug][gc,phases      ] GC(144) Scrub String Table 0.071ms
[10.396s][debug][gc,age         ] GC(144) Desired survivor size 3670016 bytes, new threshold 1 (max threshold 15)
[10.396s][info ][gc,heap        ] GC(144) PSYoungGen: 16327K->2113K(17920K)
[10.396s][info ][gc,heap        ] GC(144) ParOldGen: 14620K->15027K(23552K)
[10.396s][info ][gc,metaspace   ] GC(144) Metaspace: 15860K->15860K(1064960K)
[10.396s][info ][gc             ] GC(144) Pause Young (Allocation Failure) 30M->16M(40M) 1.493ms
[10.396s][info ][gc,cpu         ] GC(144) User=0.01s Sys=0.00s Real=0.00s
[10.397s][info ][gc,start       ] GC(145) Pause Young (Allocation Failure)
[10.399s][debug][gc,phases      ] GC(145) Scavenge 1.544ms
[10.399s][debug][gc,phases      ] GC(145) Reference Processing 0.028ms
[10.399s][debug][gc,phases      ] GC(145) Weak Processing 0.015ms
[10.399s][debug][gc,phases      ] GC(145) Scrub String Table 0.080ms
[10.399s][debug][gc,age         ] GC(145) Desired survivor size 3670016 bytes, new threshold 1 (max threshold 15)
[10.399s][info ][gc,heap        ] GC(145) PSYoungGen: 16083K->1626K(17920K)
[10.399s][info ][gc,heap        ] GC(145) ParOldGen: 15027K->15425K(23552K)
[10.399s][info ][gc,metaspace   ] GC(145) Metaspace: 15860K->15860K(1064960K)
[10.399s][info ][gc             ] GC(145) Pause Young (Allocation Failure) 30M->16M(40M) 1.956ms
[10.399s][info ][gc,cpu         ] GC(145) User=0.01s Sys=0.00s Real=0.00s
[10.400s][info ][gc,start       ] GC(146) Pause Young (Allocation Failure)
[10.402s][debug][gc,phases      ] GC(146) Scavenge 1.274ms
[10.402s][debug][gc,phases      ] GC(146) Reference Processing 0.019ms
[10.402s][debug][gc,phases      ] GC(146) Weak Processing 0.011ms
[10.402s][debug][gc,phases      ] GC(146) Scrub String Table 0.069ms
[10.402s][debug][gc,age         ] GC(146) Desired survivor size 3670016 bytes, new threshold 1 (max threshold 15)
[10.402s][info ][gc,heap        ] GC(146) PSYoungGen: 15912K->845K(17920K)
[10.402s][info ][gc,heap        ] GC(146) ParOldGen: 15425K->16222K(23552K)
[10.402s][info ][gc,metaspace   ] GC(146) Metaspace: 15860K->15860K(1064960K)
[10.402s][info ][gc             ] GC(146) Pause Young (Allocation Failure) 30M->16M(40M) 1.567ms
[10.402s][info ][gc,cpu         ] GC(146) User=0.00s Sys=0.00s Real=0.00s
[10.403s][info ][gc,start       ] GC(147) Pause Young (Allocation Failure)
[10.404s][debug][gc,phases      ] GC(147) Scavenge 0.983ms
[10.404s][debug][gc,phases      ] GC(147) Reference Processing 0.022ms
[10.404s][debug][gc,phases      ] GC(147) Weak Processing 0.011ms
[10.404s][debug][gc,phases      ] GC(147) Scrub String Table 0.068ms
[10.404s][debug][gc,age         ] GC(147) Desired survivor size 3670016 bytes, new threshold 1 (max threshold 15)
[10.404s][info ][gc,heap        ] GC(147) PSYoungGen: 14862K->2177K(17920K)
[10.404s][info ][gc,heap        ] GC(147) ParOldGen: 16222K->16262K(23552K)
[10.404s][info ][gc,metaspace   ] GC(147) Metaspace: 15860K->15860K(1064960K)
[10.404s][info ][gc             ] GC(147) Pause Young (Allocation Failure) 30M->18M(40M) 1.282ms
[10.404s][info ][gc,cpu         ] GC(147) User=0.01s Sys=0.00s Real=0.00s
[10.406s][info ][gc,start       ] GC(148) Pause Young (Allocation Failure)
[10.407s][debug][gc,phases      ] GC(148) Scavenge 1.222ms
[10.407s][debug][gc,phases      ] GC(148) Reference Processing 0.019ms
[10.407s][debug][gc,phases      ] GC(148) Weak Processing 0.011ms
[10.407s][debug][gc,phases      ] GC(148) Scrub String Table 0.071ms
[10.407s][debug][gc,age         ] GC(148) Desired survivor size 3670016 bytes, new threshold 1 (max threshold 15)
[10.407s][info ][gc,heap        ] GC(148) PSYoungGen: 16483K->1235K(17920K)
[10.407s][info ][gc,heap        ] GC(148) ParOldGen: 16262K->17068K(23552K)
[10.407s][info ][gc,metaspace   ] GC(148) Metaspace: 15860K->15860K(1064960K)
[10.407s][info ][gc             ] GC(148) Pause Young (Allocation Failure) 31M->17M(40M) 1.519ms
[10.407s][info ][gc,cpu         ] GC(148) User=0.01s Sys=0.00s Real=0.01s
[10.408s][info ][gc,start       ] GC(149) Pause Young (Allocation Failure)
[10.410s][debug][gc,phases      ] GC(149) Scavenge 1.115ms
[10.410s][debug][gc,phases      ] GC(149) Reference Processing 0.031ms
[10.410s][debug][gc,phases      ] GC(149) Weak Processing 0.011ms
[10.410s][debug][gc,phases      ] GC(149) Scrub String Table 0.068ms
[10.410s][debug][gc,age         ] GC(149) Desired survivor size 3670016 bytes, new threshold 1 (max threshold 15)
[10.410s][info ][gc,heap        ] GC(149) PSYoungGen: 15222K->2567K(17920K)
[10.410s][info ][gc,heap        ] GC(149) ParOldGen: 17068K->17889K(23552K)
[10.410s][info ][gc,metaspace   ] GC(149) Metaspace: 15860K->15860K(1064960K)
[10.410s][info ][gc             ] GC(149) Pause Young (Allocation Failure) 31M->19M(40M) 1.447ms
[10.410s][info ][gc,cpu         ] GC(149) User=0.01s Sys=0.00s Real=0.00s
[10.411s][info ][gc,start       ] GC(150) Pause Young (Allocation Failure)
[10.412s][debug][gc,phases      ] GC(150) Scavenge 1.309ms
[10.412s][debug][gc,phases      ] GC(150) Reference Processing 0.020ms
[10.413s][debug][gc,phases      ] GC(150) Weak Processing 0.011ms
[10.413s][debug][gc,phases      ] GC(150) Scrub String Table 0.068ms
[10.413s][debug][gc,age         ] GC(150) Desired survivor size 3670016 bytes, new threshold 1 (max threshold 15)
[10.413s][info ][gc,heap        ] GC(150) PSYoungGen: 16903K->1331K(17920K)
[10.413s][info ][gc,heap        ] GC(150) ParOldGen: 17889K->18694K(23552K)
[10.413s][info ][gc,metaspace   ] GC(150) Metaspace: 15860K->15860K(1064960K)
[10.413s][info ][gc             ] GC(150) Pause Young (Allocation Failure) 33M->19M(40M) 1.637ms
[10.413s][info ][gc,cpu         ] GC(150) User=0.01s Sys=0.00s Real=0.00s
[10.414s][info ][gc,start       ] GC(151) Pause Young (Allocation Failure)
[10.415s][debug][gc,phases      ] GC(151) Scavenge 1.316ms
[10.415s][debug][gc,phases      ] GC(151) Reference Processing 0.018ms
[10.415s][debug][gc,phases      ] GC(151) Weak Processing 0.011ms
[10.416s][debug][gc,phases      ] GC(151) Scrub String Table 0.069ms
[10.416s][debug][gc,age         ] GC(151) Desired survivor size 3670016 bytes, new threshold 1 (max threshold 15)
[10.416s][info ][gc,heap        ] GC(151) PSYoungGen: 15501K->1267K(17920K)
[10.416s][info ][gc,heap        ] GC(151) ParOldGen: 18694K->19508K(23552K)
[10.416s][info ][gc,metaspace   ] GC(151) Metaspace: 15860K->15860K(1064960K)
[10.416s][info ][gc             ] GC(151) Pause Young (Allocation Failure) 33M->20M(40M) 1.604ms
[10.416s][info ][gc,cpu         ] GC(151) User=0.01s Sys=0.00s Real=0.00s
[10.417s][info ][gc,start       ] GC(152) Pause Young (Allocation Failure)
[10.418s][debug][gc,phases      ] GC(152) Scavenge 0.938ms
[10.418s][debug][gc,phases      ] GC(152) Reference Processing 0.020ms
[10.418s][debug][gc,phases      ] GC(152) Weak Processing 0.011ms
[10.418s][debug][gc,phases      ] GC(152) Scrub String Table 0.068ms
[10.418s][debug][gc,age         ] GC(152) Desired survivor size 3670016 bytes, new threshold 1 (max threshold 15)
[10.418s][info ][gc,heap        ] GC(152) PSYoungGen: 15556K->1754K(17920K)
[10.418s][info ][gc,heap        ] GC(152) ParOldGen: 19508K->19906K(23552K)
[10.418s][info ][gc,metaspace   ] GC(152) Metaspace: 15860K->15860K(1064960K)
[10.418s][info ][gc             ] GC(152) Pause Young (Allocation Failure) 34M->21M(40M) 1.284ms
[10.418s][info ][gc,cpu         ] GC(152) User=0.00s Sys=0.00s Real=0.00s
[10.420s][info ][gc,start       ] GC(153) Pause Young (Allocation Failure)
[10.421s][debug][gc,phases      ] GC(153) Scavenge 0.958ms
[10.421s][debug][gc,phases      ] GC(153) Reference Processing 0.027ms
[10.421s][debug][gc,phases      ] GC(153) Weak Processing 0.017ms
[10.421s][debug][gc,phases      ] GC(153) Scrub String Table 0.094ms
[10.421s][debug][gc,age         ] GC(153) Desired survivor size 3670016 bytes, new threshold 1 (max threshold 15)
[10.421s][info ][gc,heap        ] GC(153) PSYoungGen: 15778K->1005K(17920K)
[10.421s][info ][gc,heap        ] GC(153) ParOldGen: 19906K->19922K(23552K)
[10.421s][info ][gc,metaspace   ] GC(153) Metaspace: 15860K->15860K(1064960K)
[10.421s][info ][gc             ] GC(153) Pause Young (Allocation Failure) 34M->20M(40M) 1.322ms
[10.421s][info ][gc,cpu         ] GC(153) User=0.01s Sys=0.00s Real=0.00s
[10.422s][info ][gc,start       ] GC(154) Pause Young (Allocation Failure)
[10.423s][debug][gc,phases      ] GC(154) Scavenge 1.149ms
[10.423s][debug][gc,phases      ] GC(154) Reference Processing 0.019ms
[10.423s][debug][gc,phases      ] GC(154) Weak Processing 0.010ms
[10.423s][debug][gc,phases      ] GC(154) Scrub String Table 0.068ms
[10.423s][debug][gc,age         ] GC(154) Desired survivor size 3145728 bytes, new threshold 1 (max threshold 15)
[10.424s][info ][gc,heap        ] GC(154) PSYoungGen: 14976K->1331K(15872K)
[10.424s][info ][gc,heap        ] GC(154) ParOldGen: 19922K->19954K(23552K)
[10.424s][info ][gc,metaspace   ] GC(154) Metaspace: 15860K->15860K(1064960K)
[10.424s][info ][gc             ] GC(154) Pause Young (Allocation Failure) 34M->20M(38M) 1.484ms
[10.424s][info ][gc,cpu         ] GC(154) User=0.01s Sys=0.00s Real=0.00s
[10.425s][info ][gc,start       ] GC(155) Pause Young (Allocation Failure)
[10.426s][debug][gc,phases      ] GC(155) Scavenge 1.266ms
[10.426s][debug][gc,phases      ] GC(155) Reference Processing 0.019ms
[10.426s][debug][gc,phases      ] GC(155) Weak Processing 0.012ms
[10.426s][debug][gc,phases      ] GC(155) Scrub String Table 0.070ms
[10.426s][debug][gc,age         ] GC(155) Desired survivor size 3670016 bytes, new threshold 1 (max threshold 15)
[10.426s][info ][gc,heap        ] GC(155) PSYoungGen: 15331K->2145K(16896K)
[10.426s][info ][gc,heap        ] GC(155) ParOldGen: 19954K->20361K(23552K)
[10.426s][info ][gc,metaspace   ] GC(155) Metaspace: 15860K->15860K(1064960K)
[10.426s][info ][gc             ] GC(155) Pause Young (Allocation Failure) 34M->21M(39M) 1.575ms
[10.426s][info ][gc,cpu         ] GC(155) User=0.01s Sys=0.00s Real=0.00s
[10.427s][info ][gc,start       ] GC(156) Pause Young (Allocation Failure)
[10.428s][debug][gc,phases      ] GC(156) Scavenge 0.977ms
[10.428s][debug][gc,phases      ] GC(156) Reference Processing 0.020ms
[10.429s][debug][gc,phases      ] GC(156) Weak Processing 0.010ms
[10.429s][debug][gc,phases      ] GC(156) Scrub String Table 0.068ms
[10.429s][debug][gc,age         ] GC(156) Desired survivor size 3145728 bytes, new threshold 1 (max threshold 15)
[10.429s][info ][gc,heap        ] GC(156) PSYoungGen: 15778K->1786K(17408K)
[10.429s][info ][gc,heap        ] GC(156) ParOldGen: 20361K->20369K(23552K)
[10.429s][info ][gc,metaspace   ] GC(156) Metaspace: 15860K->15860K(1064960K)
[10.429s][info ][gc             ] GC(156) Pause Young (Allocation Failure) 35M->21M(40M) 1.284ms
[10.429s][info ][gc,cpu         ] GC(156) User=0.00s Sys=0.00s Real=0.00s
[10.430s][info ][gc,start       ] GC(157) Pause Young (Allocation Failure)
[10.431s][debug][gc,phases      ] GC(157) Scavenge 1.233ms
[10.431s][debug][gc,phases      ] GC(157) Reference Processing 0.020ms
[10.431s][debug][gc,phases      ] GC(157) Weak Processing 0.012ms
[10.431s][debug][gc,phases      ] GC(157) Scrub String Table 0.070ms
[10.431s][debug][gc,age         ] GC(157) Desired survivor size 3145728 bytes, new threshold 1 (max threshold 15)
[10.431s][info ][gc,heap        ] GC(157) PSYoungGen: 15352K->2145K(17920K)
[10.431s][info ][gc,heap        ] GC(157) ParOldGen: 20369K->20783K(23552K)
[10.431s][info ][gc,metaspace   ] GC(157) Metaspace: 15860K->15860K(1064960K)
[10.431s][info ][gc             ] GC(157) Pause Young (Allocation Failure) 34M->22M(40M) 1.580ms
[10.431s][info ][gc,cpu         ] GC(157) User=0.00s Sys=0.00s Real=0.00s
[10.433s][info ][gc,start       ] GC(158) Pause Young (Allocation Failure)
[10.433s][debug][gc,phases      ] GC(158) Scavenge 0.434ms
[10.433s][debug][gc,phases      ] GC(158) Reference Processing 0.019ms
[10.433s][debug][gc,phases      ] GC(158) Weak Processing 0.011ms
[10.433s][debug][gc,phases      ] GC(158) Scrub String Table 0.069ms
[10.433s][debug][gc,age         ] GC(158) Desired survivor size 3145728 bytes, new threshold 1 (max threshold 15)
[10.433s][info ][gc,heap        ] GC(158) PSYoungGen: 16940K->1754K(17920K)
[10.433s][info ][gc,heap        ] GC(158) ParOldGen: 20783K->21198K(23552K)
[10.433s][info ][gc,metaspace   ] GC(158) Metaspace: 15860K->15860K(1064960K)
[10.433s][info ][gc             ] GC(158) Pause Young (Allocation Failure) 36M->22M(40M) 0.756ms
[10.433s][info ][gc,cpu         ] GC(158) User=0.00s Sys=0.00s Real=0.00s
[10.435s][info ][gc,start       ] GC(159) Pause Young (Allocation Failure)
[10.436s][debug][gc,phases      ] GC(159) Scavenge 1.261ms
[10.436s][debug][gc,phases      ] GC(159) Reference Processing 0.031ms
[10.436s][debug][gc,phases      ] GC(159) Weak Processing 0.013ms
[10.436s][debug][gc,phases      ] GC(159) Scrub String Table 0.071ms
[10.436s][debug][gc,age         ] GC(159) Desired survivor size 3145728 bytes, new threshold 1 (max threshold 15)
[10.436s][info ][gc,heap        ] GC(159) PSYoungGen: 16440K->909K(18432K)
[10.436s][info ][gc,heap        ] GC(159) ParOldGen: 21198K->21613K(23552K)
[10.436s][info ][gc,metaspace   ] GC(159) Metaspace: 15860K->15860K(1064960K)
[10.436s][info ][gc             ] GC(159) Pause Young (Allocation Failure) 36M->21M(41M) 1.571ms
[10.436s][info ][gc,cpu         ] GC(159) User=0.01s Sys=0.00s Real=0.00s
[10.437s][info ][gc,start       ] GC(160) Pause Young (Allocation Failure)
[10.439s][debug][gc,phases      ] GC(160) Scavenge 1.552ms
[10.439s][debug][gc,phases      ] GC(160) Reference Processing 0.020ms
[10.439s][debug][gc,phases      ] GC(160) Weak Processing 0.015ms
[10.439s][debug][gc,phases      ] GC(160) Scrub String Table 0.079ms
[10.439s][debug][gc,age         ] GC(160) Desired survivor size 3670016 bytes, new threshold 1 (max threshold 15)
[10.439s][info ][gc,heap        ] GC(160) PSYoungGen: 16079K->2958K(18432K)
[10.439s][info ][gc,heap        ] GC(160) ParOldGen: 21613K->21637K(23552K)
[10.439s][info ][gc,metaspace   ] GC(160) Metaspace: 15860K->15860K(1064960K)
[10.439s][info ][gc             ] GC(160) Pause Young (Allocation Failure) 36M->24M(41M) 1.878ms
[10.439s][info ][gc,cpu         ] GC(160) User=0.01s Sys=0.00s Real=0.00s
[10.441s][info ][gc,start       ] GC(161) Pause Young (Allocation Failure)
[10.442s][debug][gc,phases      ] GC(161) Scavenge 1.155ms
[10.442s][debug][gc,phases      ] GC(161) Reference Processing 0.019ms
[10.442s][debug][gc,phases      ] GC(161) Weak Processing 0.012ms
[10.442s][debug][gc,phases      ] GC(161) Scrub String Table 0.070ms
[10.442s][debug][gc,age         ] GC(161) Desired survivor size 3670016 bytes, new threshold 1 (max threshold 15)
[10.442s][info ][gc,heap        ] GC(161) PSYoungGen: 18120K->2113K(17408K)
[10.442s][info ][gc,heap        ] GC(161) ParOldGen: 21637K->22043K(23552K)
[10.442s][info ][gc,metaspace   ] GC(161) Metaspace: 15860K->15860K(1064960K)
[10.442s][info ][gc             ] GC(161) Pause Young (Allocation Failure) 38M->23M(40M) 1.449ms
[10.442s][info ][gc,cpu         ] GC(161) User=0.00s Sys=0.00s Real=0.00s
[10.444s][info ][gc,start       ] GC(162) Pause Young (Allocation Failure)
[10.445s][debug][gc,phases      ] GC(162) Scavenge 1.327ms
[10.445s][debug][gc,phases      ] GC(162) Reference Processing 0.031ms
[10.445s][debug][gc,phases      ] GC(162) Weak Processing 0.013ms
[10.445s][debug][gc,phases      ] GC(162) Scrub String Table 0.068ms
[10.445s][debug][gc,age         ] GC(162) Desired survivor size 3670016 bytes, new threshold 1 (max threshold 15)
[10.445s][info ][gc,heap        ] GC(162) PSYoungGen: 16449K->1658K(17920K)
[10.445s][info ][gc,heap        ] GC(162) ParOldGen: 22043K->22833K(23552K)
[10.445s][info ][gc,metaspace   ] GC(162) Metaspace: 15860K->15860K(1064960K)
[10.445s][info ][gc             ] GC(162) Pause Young (Allocation Failure) 37M->23M(40M) 1.677ms
[10.445s][info ][gc,cpu         ] GC(162) User=0.01s Sys=0.00s Real=0.00s
[10.445s][debug][gc,phases      ] GC(163) Pre Compact 0.013ms
[10.445s][info ][gc,start       ] GC(163) Pause Full (Ergonomics)
[10.445s][info ][gc,phases,start] GC(163) Marking Phase
[10.448s][debug][gc,phases      ] GC(163) Par Mark 2.431ms
[10.448s][debug][gc,phases      ] GC(163) Reference Processing 0.058ms
[10.448s][debug][gc,phases      ] GC(163) Weak Processing 0.011ms
[10.448s][debug][gc,phases      ] GC(163) ClassLoaderData 0.031ms
[10.448s][debug][gc,phases      ] GC(163) ProtectionDomainCacheTable 0.002ms
[10.448s][debug][gc,phases      ] GC(163) ResolvedMethodTable 0.014ms
[10.449s][debug][gc,phases      ] GC(163) Class Unloading 0.746ms
[10.449s][debug][gc,phases      ] GC(163) Scrub String Table 0.060ms
[10.450s][debug][gc,phases      ] GC(163) Scrub Symbol Table 1.017ms
[10.450s][info ][gc,phases      ] GC(163) Marking Phase 4.472ms
[10.450s][info ][gc,phases,start] GC(163) Summary Phase
[10.450s][info ][gc,phases      ] GC(163) Summary Phase 0.012ms
[10.450s][info ][gc,phases,start] GC(163) Adjust Roots
[10.454s][info ][gc,phases      ] GC(163) Adjust Roots 4.116ms
[10.454s][info ][gc,phases,start] GC(163) Compaction Phase
[10.476s][info ][gc,phases      ] GC(163) Compaction Phase 22.010ms
[10.476s][info ][gc,phases,start] GC(163) Post Compact
[10.476s][info ][gc,phases      ] GC(163) Post Compact 0.069ms
[10.476s][info ][gc,heap        ] GC(163) PSYoungGen: 1658K->0K(17920K)
[10.476s][info ][gc,heap        ] GC(163) ParOldGen: 22833K->5382K(26624K)
[10.476s][info ][gc,metaspace   ] GC(163) Metaspace: 15860K->15860K(1064960K)
[10.476s][info ][gc             ] GC(163) Pause Full (Ergonomics) 23M->5M(43M) 30.954ms
[10.476s][info ][gc,cpu         ] GC(163) User=0.18s Sys=0.00s Real=0.04s
[10.478s][info ][gc,start       ] GC(164) Pause Young (Allocation Failure)
[10.480s][debug][gc,phases      ] GC(164) Scavenge 1.356ms
[10.480s][debug][gc,phases      ] GC(164) Reference Processing 0.028ms
[10.480s][debug][gc,phases      ] GC(164) Weak Processing 0.018ms
[10.480s][debug][gc,phases      ] GC(164) Scrub String Table 0.088ms
[10.480s][debug][gc,age         ] GC(164) Desired survivor size 3145728 bytes, new threshold 1 (max threshold 15)
[10.480s][info ][gc,heap        ] GC(164) PSYoungGen: 14211K->1626K(16384K)
[10.480s][info ][gc,heap        ] GC(164) ParOldGen: 5382K->5382K(26624K)
[10.480s][info ][gc,metaspace   ] GC(164) Metaspace: 15860K->15860K(1064960K)
[10.480s][info ][gc             ] GC(164) Pause Young (Allocation Failure) 19M->6M(42M) 1.803ms
[10.480s][info ][gc,cpu         ] GC(164) User=0.01s Sys=0.00s Real=0.00s
[10.481s][info ][gc,start       ] GC(165) Pause Young (Allocation Failure)
[10.483s][debug][gc,phases      ] GC(165) Scavenge 1.304ms
[10.483s][debug][gc,phases      ] GC(165) Reference Processing 0.021ms
[10.483s][debug][gc,phases      ] GC(165) Weak Processing 0.010ms
[10.483s][debug][gc,phases      ] GC(165) Scrub String Table 0.066ms
[10.483s][debug][gc,age         ] GC(165) Desired survivor size 3145728 bytes, new threshold 1 (max threshold 15)
[10.483s][info ][gc,heap        ] GC(165) PSYoungGen: 15586K->2177K(17408K)
[10.483s][info ][gc,heap        ] GC(165) ParOldGen: 5382K->6179K(26624K)
[10.483s][info ][gc,metaspace   ] GC(165) Metaspace: 15860K->15860K(1064960K)
[10.483s][info ][gc             ] GC(165) Pause Young (Allocation Failure) 20M->8M(43M) 1.609ms
[10.483s][info ][gc,cpu         ] GC(165) User=0.01s Sys=0.00s Real=0.00s
[10.484s][info ][gc,start       ] GC(166) Pause Young (Allocation Failure)
[10.486s][debug][gc,phases      ] GC(166) Scavenge 1.920ms
[10.486s][debug][gc,phases      ] GC(166) Reference Processing 0.023ms
[10.486s][debug][gc,phases      ] GC(166) Weak Processing 0.011ms
[10.486s][debug][gc,phases      ] GC(166) Scrub String Table 0.071ms
[10.486s][debug][gc,age         ] GC(166) Desired survivor size 3670016 bytes, new threshold 1 (max threshold 15)
[10.486s][info ][gc,heap        ] GC(166) PSYoungGen: 16207K->2439K(17408K)
[10.486s][info ][gc,heap        ] GC(166) ParOldGen: 6179K->6195K(26624K)
[10.486s][info ][gc,metaspace   ] GC(166) Metaspace: 15860K->15860K(1064960K)
[10.486s][info ][gc             ] GC(166) Pause Young (Allocation Failure) 21M->8M(43M) 2.272ms
[10.486s][info ][gc,cpu         ] GC(166) User=0.01s Sys=0.00s Real=0.01s
[10.488s][info ][gc,start       ] GC(167) Pause Young (Allocation Failure)
[10.489s][debug][gc,phases      ] GC(167) Scavenge 1.114ms
[10.489s][debug][gc,phases      ] GC(167) Reference Processing 0.030ms
[10.489s][debug][gc,phases      ] GC(167) Weak Processing 0.024ms
[10.489s][debug][gc,phases      ] GC(167) Scrub String Table 0.074ms
[10.489s][debug][gc,age         ] GC(167) Desired survivor size 3670016 bytes, new threshold 1 (max threshold 15)
[10.489s][info ][gc,heap        ] GC(167) PSYoungGen: 16775K->1363K(17920K)
[10.489s][info ][gc,heap        ] GC(167) ParOldGen: 6195K->7016K(26624K)
[10.489s][info ][gc,metaspace   ] GC(167) Metaspace: 15860K->15860K(1064960K)
[10.489s][info ][gc             ] GC(167) Pause Young (Allocation Failure) 22M->8M(43M) 1.484ms
[10.489s][info ][gc,cpu         ] GC(167) User=0.01s Sys=0.00s Real=0.00s
[10.491s][info ][gc,start       ] GC(168) Pause Young (Allocation Failure)
[10.492s][debug][gc,phases      ] GC(168) Scavenge 1.343ms
[10.492s][debug][gc,phases      ] GC(168) Reference Processing 0.019ms
[10.492s][debug][gc,phases      ] GC(168) Weak Processing 0.011ms
[10.492s][debug][gc,phases      ] GC(168) Scrub String Table 0.069ms
[10.492s][debug][gc,age         ] GC(168) Desired survivor size 3670016 bytes, new threshold 1 (max threshold 15)
[10.492s][info ][gc,heap        ] GC(168) PSYoungGen: 15682K->2535K(17920K)
[10.492s][info ][gc,heap        ] GC(168) ParOldGen: 7016K->7056K(26624K)
[10.492s][info ][gc,metaspace   ] GC(168) Metaspace: 15860K->15860K(1064960K)
[10.492s][info ][gc             ] GC(168) Pause Young (Allocation Failure) 22M->9M(43M) 1.645ms
[10.492s][info ][gc,cpu         ] GC(168) User=0.01s Sys=0.00s Real=0.00s
[10.494s][info ][gc,start       ] GC(169) Pause Young (Allocation Failure)
[10.495s][debug][gc,phases      ] GC(169) Scavenge 1.538ms
[10.496s][debug][gc,phases      ] GC(169) Reference Processing 0.023ms
[10.496s][debug][gc,phases      ] GC(169) Weak Processing 0.012ms
[10.496s][debug][gc,phases      ] GC(169) Scrub String Table 0.069ms
[10.496s][debug][gc,age         ] GC(169) Desired survivor size 3670016 bytes, new threshold 1 (max threshold 15)
[10.496s][info ][gc,heap        ] GC(169) PSYoungGen: 16849K->2049K(17920K)
[10.496s][info ][gc,heap        ] GC(169) ParOldGen: 7056K->8252K(26624K)
[10.496s][info ][gc,metaspace   ] GC(169) Metaspace: 15860K->15860K(1064960K)
[10.496s][info ][gc             ] GC(169) Pause Young (Allocation Failure) 23M->10M(43M) 1.984ms
[10.496s][info ][gc,cpu         ] GC(169) User=0.01s Sys=0.00s Real=0.00s
[10.497s][info ][gc,start       ] GC(170) Pause Young (Allocation Failure)
[10.500s][debug][gc,phases      ] GC(170) Scavenge 2.775ms
[10.500s][debug][gc,phases      ] GC(170) Reference Processing 0.033ms
[10.500s][debug][gc,phases      ] GC(170) Weak Processing 0.039ms
[10.500s][debug][gc,phases      ] GC(170) Scrub String Table 0.128ms
[10.500s][debug][gc,age         ] GC(170) Desired survivor size 3670016 bytes, new threshold 1 (max threshold 15)
[10.500s][info ][gc,heap        ] GC(170) PSYoungGen: 16385K->1690K(17920K)
[10.500s][info ][gc,heap        ] GC(170) ParOldGen: 8252K->9448K(26624K)
[10.500s][info ][gc,metaspace   ] GC(170) Metaspace: 15860K->15860K(1064960K)
[10.500s][info ][gc             ] GC(170) Pause Young (Allocation Failure) 24M->10M(43M) 3.352ms
[10.500s][info ][gc,cpu         ] GC(170) User=0.01s Sys=0.00s Real=0.00s
[10.502s][info ][gc,start       ] GC(171) Pause Young (Allocation Failure)
[10.503s][debug][gc,phases      ] GC(171) Scavenge 1.156ms
[10.503s][debug][gc,phases      ] GC(171) Reference Processing 0.024ms
[10.503s][debug][gc,phases      ] GC(171) Weak Processing 0.011ms
[10.503s][debug][gc,phases      ] GC(171) Scrub String Table 0.068ms
[10.503s][debug][gc,age         ] GC(171) Desired survivor size 3145728 bytes, new threshold 1 (max threshold 15)
[10.503s][info ][gc,heap        ] GC(171) PSYoungGen: 15714K->1722K(16896K)
[10.503s][info ][gc,heap        ] GC(171) ParOldGen: 9448K->10253K(26624K)
[10.503s][info ][gc,metaspace   ] GC(171) Metaspace: 15860K->15860K(1064960K)
[10.503s][info ][gc             ] GC(171) Pause Young (Allocation Failure) 24M->11M(42M) 1.501ms
[10.503s][info ][gc,cpu         ] GC(171) User=0.00s Sys=0.00s Real=0.00s
[10.505s][info ][gc,start       ] GC(172) Pause Young (Allocation Failure)
[10.506s][debug][gc,phases      ] GC(172) Scavenge 1.132ms
[10.506s][debug][gc,phases      ] GC(172) Reference Processing 0.024ms
[10.506s][debug][gc,phases      ] GC(172) Weak Processing 0.014ms
[10.506s][debug][gc,phases      ] GC(172) Scrub String Table 0.081ms
[10.506s][debug][gc,age         ] GC(172) Desired survivor size 3145728 bytes, new threshold 1 (max threshold 15)
[10.506s][info ][gc,heap        ] GC(172) PSYoungGen: 16008K->2145K(17408K)
[10.506s][info ][gc,heap        ] GC(172) ParOldGen: 10253K->10684K(26624K)
[10.506s][info ][gc,metaspace   ] GC(172) Metaspace: 15860K->15860K(1064960K)
[10.506s][info ][gc             ] GC(172) Pause Young (Allocation Failure) 25M->12M(43M) 1.509ms
[10.506s][info ][gc,cpu         ] GC(172) User=0.01s Sys=0.00s Real=0.01s
[10.508s][info ][gc,start       ] GC(173) Pause Young (Allocation Failure)
[10.510s][debug][gc,phases      ] GC(173) Scavenge 1.852ms
[10.510s][debug][gc,phases      ] GC(173) Reference Processing 0.027ms
[10.510s][debug][gc,phases      ] GC(173) Weak Processing 0.128ms
[10.510s][debug][gc,phases      ] GC(173) Scrub String Table 0.083ms
[10.510s][debug][gc,age         ] GC(173) Desired survivor size 3145728 bytes, new threshold 1 (max threshold 15)
[10.510s][info ][gc,heap        ] GC(173) PSYoungGen: 16444K->2081K(18432K)
[10.510s][info ][gc,heap        ] GC(173) ParOldGen: 10684K->11497K(26624K)
[10.510s][info ][gc,metaspace   ] GC(173) Metaspace: 15860K->15860K(1064960K)
[10.510s][info ][gc             ] GC(173) Pause Young (Allocation Failure) 26M->13M(44M) 2.384ms
[10.510s][info ][gc,cpu         ] GC(173) User=0.01s Sys=0.00s Real=0.00s
[10.516s][info ][gc,start       ] GC(174) Pause Young (Allocation Failure)
[10.516s][debug][gc,phases      ] GC(174) Scavenge 0.727ms
[10.516s][debug][gc,phases      ] GC(174) Reference Processing 0.022ms
[10.516s][debug][gc,phases      ] GC(174) Weak Processing 0.011ms
[10.516s][debug][gc,phases      ] GC(174) Scrub String Table 0.070ms
[10.516s][debug][gc,age         ] GC(174) Desired survivor size 3145728 bytes, new threshold 1 (max threshold 15)
[10.517s][info ][gc,heap        ] GC(174) PSYoungGen: 17239K->1658K(18432K)
[10.517s][info ][gc,heap        ] GC(174) ParOldGen: 11497K->12311K(26624K)
[10.517s][info ][gc,metaspace   ] GC(174) Metaspace: 15860K->15860K(1064960K)
[10.517s][info ][gc             ] GC(174) Pause Young (Allocation Failure) 28M->13M(44M) 1.040ms
[10.517s][info ][gc,cpu         ] GC(174) User=0.01s Sys=0.00s Real=0.01s
[10.518s][info ][gc,start       ] GC(175) Pause Young (Allocation Failure)
[10.519s][debug][gc,phases      ] GC(175) Scavenge 1.391ms
[10.519s][debug][gc,phases      ] GC(175) Reference Processing 0.022ms
[10.519s][debug][gc,phases      ] GC(175) Weak Processing 0.014ms
[10.519s][debug][gc,phases      ] GC(175) Scrub String Table 0.070ms
[10.519s][debug][gc,age         ] GC(175) Desired survivor size 3145728 bytes, new threshold 1 (max threshold 15)
[10.520s][info ][gc,heap        ] GC(175) PSYoungGen: 16798K->2113K(18432K)
[10.520s][info ][gc,heap        ] GC(175) ParOldGen: 12311K->12725K(26624K)
[10.520s][info ][gc,metaspace   ] GC(175) Metaspace: 15860K->15860K(1064960K)
[10.520s][info ][gc             ] GC(175) Pause Young (Allocation Failure) 28M->14M(44M) 1.792ms
[10.520s][info ][gc,cpu         ] GC(175) User=0.01s Sys=0.00s Real=0.00s
[10.521s][info ][gc,start       ] GC(176) Pause Young (Allocation Failure)
[10.522s][debug][gc,phases      ] GC(176) Scavenge 1.358ms
[10.522s][debug][gc,phases      ] GC(176) Reference Processing 0.019ms
[10.522s][debug][gc,phases      ] GC(176) Weak Processing 0.012ms
[10.522s][debug][gc,phases      ] GC(176) Scrub String Table 0.069ms
[10.522s][debug][gc,age         ] GC(176) Desired survivor size 3145728 bytes, new threshold 1 (max threshold 15)
[10.522s][info ][gc,heap        ] GC(176) PSYoungGen: 17403K->1299K(18432K)
[10.522s][info ][gc,heap        ] GC(176) ParOldGen: 12725K->13132K(26624K)
[10.522s][info ][gc,metaspace   ] GC(176) Metaspace: 15860K->15860K(1064960K)
[10.522s][info ][gc             ] GC(176) Pause Young (Allocation Failure) 29M->14M(44M) 1.658ms
[10.522s][info ][gc,cpu         ] GC(176) User=0.00s Sys=0.00s Real=0.00s
[10.524s][info ][gc,start       ] GC(177) Pause Young (Allocation Failure)
[10.525s][debug][gc,phases      ] GC(177) Scavenge 1.148ms
[10.525s][debug][gc,phases      ] GC(177) Reference Processing 0.028ms
[10.525s][debug][gc,phases      ] GC(177) Weak Processing 0.012ms
[10.525s][debug][gc,phases      ] GC(177) Scrub String Table 0.069ms
[10.525s][debug][gc,age         ] GC(177) Desired survivor size 3145728 bytes, new threshold 1 (max threshold 15)
[10.525s][info ][gc,heap        ] GC(177) PSYoungGen: 16492K->1658K(18432K)
[10.525s][info ][gc,heap        ] GC(177) ParOldGen: 13132K->13539K(26624K)
[10.525s][info ][gc,metaspace   ] GC(177) Metaspace: 15860K->15860K(1064960K)
[10.525s][info ][gc             ] GC(177) Pause Young (Allocation Failure) 28M->14M(44M) 1.466ms
[10.525s][info ][gc,cpu         ] GC(177) User=0.00s Sys=0.00s Real=0.00s
[10.527s][info ][gc,start       ] GC(178) Pause Young (Allocation Failure)
[10.528s][debug][gc,phases      ] GC(178) Scavenge 1.187ms
[10.528s][debug][gc,phases      ] GC(178) Reference Processing 0.023ms
[10.528s][debug][gc,phases      ] GC(178) Weak Processing 0.012ms
[10.528s][debug][gc,phases      ] GC(178) Scrub String Table 0.089ms
[10.528s][debug][gc,age         ] GC(178) Desired survivor size 3145728 bytes, new threshold 1 (max threshold 15)
[10.528s][info ][gc,heap        ] GC(178) PSYoungGen: 16802K->2535K(18432K)
[10.528s][info ][gc,heap        ] GC(178) ParOldGen: 13539K->14360K(26624K)
[10.528s][info ][gc,metaspace   ] GC(178) Metaspace: 15860K->15860K(1064960K)
[10.528s][info ][gc             ] GC(178) Pause Young (Allocation Failure) 29M->16M(44M) 1.583ms
[10.528s][info ][gc,cpu         ] GC(178) User=0.01s Sys=0.00s Real=0.00s
[10.530s][info ][gc,start       ] GC(179) Pause Young (Allocation Failure)
[10.531s][debug][gc,phases      ] GC(179) Scavenge 1.207ms
[10.531s][debug][gc,phases      ] GC(179) Reference Processing 0.019ms
[10.531s][debug][gc,phases      ] GC(179) Weak Processing 0.010ms
[10.531s][debug][gc,phases      ] GC(179) Scrub String Table 0.067ms
[10.531s][debug][gc,age         ] GC(179) Desired survivor size 3145728 bytes, new threshold 1 (max threshold 15)
[10.531s][info ][gc,heap        ] GC(179) PSYoungGen: 17628K->1722K(18432K)
[10.531s][info ][gc,heap        ] GC(179) ParOldGen: 14360K->15572K(26624K)
[10.531s][info ][gc,metaspace   ] GC(179) Metaspace: 15860K->15860K(1064960K)
[10.531s][info ][gc             ] GC(179) Pause Young (Allocation Failure) 31M->16M(44M) 1.514ms
[10.531s][info ][gc,cpu         ] GC(179) User=0.01s Sys=0.00s Real=0.00s
[10.533s][info ][gc,start       ] GC(180) Pause Young (Allocation Failure)
[10.533s][debug][gc,phases      ] GC(180) Scavenge 0.561ms
[10.533s][debug][gc,phases      ] GC(180) Reference Processing 0.018ms
[10.533s][debug][gc,phases      ] GC(180) Weak Processing 0.011ms
[10.533s][debug][gc,phases      ] GC(180) Scrub String Table 0.068ms
[10.533s][debug][gc,age         ] GC(180) Desired survivor size 3145728 bytes, new threshold 1 (max threshold 15)
[10.534s][info ][gc,heap        ] GC(180) PSYoungGen: 16930K->2049K(18432K)
[10.534s][info ][gc,heap        ] GC(180) ParOldGen: 15572K->15580K(26624K)
[10.534s][info ][gc,metaspace   ] GC(180) Metaspace: 15860K->15860K(1064960K)
[10.534s][info ][gc             ] GC(180) Pause Young (Allocation Failure) 31M->17M(44M) 0.837ms
[10.534s][info ][gc,cpu         ] GC(180) User=0.00s Sys=0.00s Real=0.00s
[10.535s][info ][gc,start       ] GC(181) Pause Young (Allocation Failure)
[10.536s][debug][gc,phases      ] GC(181) Scavenge 1.132ms
[10.536s][debug][gc,phases      ] GC(181) Reference Processing 0.031ms
[10.536s][debug][gc,phases      ] GC(181) Weak Processing 0.025ms
[10.536s][debug][gc,phases      ] GC(181) Scrub String Table 0.070ms
[10.536s][debug][gc,age         ] GC(181) Desired survivor size 3145728 bytes, new threshold 1 (max threshold 15)
[10.536s][info ][gc,heap        ] GC(181) PSYoungGen: 17170K->1754K(18432K)
[10.536s][info ][gc,heap        ] GC(181) ParOldGen: 15580K->16792K(26624K)
[10.536s][info ][gc,metaspace   ] GC(181) Metaspace: 15860K->15860K(1064960K)
[10.537s][info ][gc             ] GC(181) Pause Young (Allocation Failure) 31M->18M(44M) 1.495ms
[10.537s][info ][gc,cpu         ] GC(181) User=0.01s Sys=0.00s Real=0.01s
[10.538s][info ][gc,start       ] GC(182) Pause Young (Allocation Failure)
[10.538s][debug][gc,phases      ] GC(182) Scavenge 0.561ms
[10.538s][debug][gc,phases      ] GC(182) Reference Processing 0.020ms
[10.538s][debug][gc,phases      ] GC(182) Weak Processing 0.010ms
[10.539s][debug][gc,phases      ] GC(182) Scrub String Table 0.068ms
[10.539s][debug][gc,age         ] GC(182) Desired survivor size 3145728 bytes, new threshold 1 (max threshold 15)
[10.539s][info ][gc,heap        ] GC(182) PSYoungGen: 16951K->2177K(18432K)
[10.539s][info ][gc,heap        ] GC(182) ParOldGen: 16792K->17222K(26624K)
[10.539s][info ][gc,metaspace   ] GC(182) Metaspace: 15860K->15860K(1064960K)
[10.539s][info ][gc             ] GC(182) Pause Young (Allocation Failure) 32M->18M(44M) 0.853ms
[10.539s][info ][gc,cpu         ] GC(182) User=0.00s Sys=0.00s Real=0.00s
[10.540s][info ][gc,start       ] GC(183) Pause Young (Allocation Failure)
[10.541s][debug][gc,phases      ] GC(183) Scavenge 1.136ms
[10.541s][debug][gc,phases      ] GC(183) Reference Processing 0.019ms
[10.541s][debug][gc,phases      ] GC(183) Weak Processing 0.010ms
[10.541s][debug][gc,phases      ] GC(183) Scrub String Table 0.071ms
[10.541s][debug][gc,age         ] GC(183) Desired survivor size 3145728 bytes, new threshold 1 (max threshold 15)
[10.541s][info ][gc,heap        ] GC(183) PSYoungGen: 17364K->2503K(18432K)
[10.541s][info ][gc,heap        ] GC(183) ParOldGen: 17222K->18028K(26624K)
[10.541s][info ][gc,metaspace   ] GC(183) Metaspace: 15860K->15860K(1064960K)
[10.541s][info ][gc             ] GC(183) Pause Young (Allocation Failure) 33M->20M(44M) 1.431ms
[10.541s][info ][gc,cpu         ] GC(183) User=0.01s Sys=0.00s Real=0.00s
[10.543s][info ][gc,start       ] GC(184) Pause Young (Allocation Failure)
[10.544s][debug][gc,phases      ] GC(184) Scavenge 1.095ms
[10.544s][debug][gc,phases      ] GC(184) Reference Processing 0.019ms
[10.544s][debug][gc,phases      ] GC(184) Weak Processing 0.010ms
[10.544s][debug][gc,phases      ] GC(184) Scrub String Table 0.069ms
[10.544s][debug][gc,age         ] GC(184) Desired survivor size 3670016 bytes, new threshold 1 (max threshold 15)
[10.544s][info ][gc,heap        ] GC(184) PSYoungGen: 17724K->2958K(18432K)
[10.544s][info ][gc,heap        ] GC(184) ParOldGen: 18028K->18442K(26624K)
[10.544s][info ][gc,metaspace   ] GC(184) Metaspace: 15860K->15860K(1064960K)
[10.544s][info ][gc             ] GC(184) Pause Young (Allocation Failure) 34M->20M(44M) 1.370ms
[10.544s][info ][gc,cpu         ] GC(184) User=0.01s Sys=0.00s Real=0.00s
[10.546s][info ][gc,start       ] GC(185) Pause Young (Allocation Failure)
[10.547s][debug][gc,phases      ] GC(185) Scavenge 1.160ms
[10.547s][debug][gc,phases      ] GC(185) Reference Processing 0.023ms
[10.548s][debug][gc,phases      ] GC(185) Weak Processing 0.011ms
[10.548s][debug][gc,phases      ] GC(185) Scrub String Table 0.068ms
[10.548s][debug][gc,age         ] GC(185) Desired survivor size 3670016 bytes, new threshold 1 (max threshold 15)
[10.548s][info ][gc,heap        ] GC(185) PSYoungGen: 18175K->2145K(17408K)
[10.548s][info ][gc,heap        ] GC(185) ParOldGen: 18442K->18857K(26624K)
[10.548s][info ][gc,metaspace   ] GC(185) Metaspace: 15860K->15860K(1064960K)
[10.548s][info ][gc             ] GC(185) Pause Young (Allocation Failure) 35M->20M(43M) 1.467ms
[10.548s][info ][gc,cpu         ] GC(185) User=0.00s Sys=0.00s Real=0.01s
[10.549s][info ][gc,start       ] GC(186) Pause Young (Allocation Failure)
[10.549s][debug][gc,phases      ] GC(186) Scavenge 0.454ms
[10.549s][debug][gc,phases      ] GC(186) Reference Processing 0.018ms
[10.549s][debug][gc,phases      ] GC(186) Weak Processing 0.015ms
[10.550s][debug][gc,phases      ] GC(186) Scrub String Table 0.070ms
[10.550s][debug][gc,age         ] GC(186) Desired survivor size 3145728 bytes, new threshold 1 (max threshold 15)
[10.550s][info ][gc,heap        ] GC(186) PSYoungGen: 16426K->1690K(17920K)
[10.550s][info ][gc,heap        ] GC(186) ParOldGen: 18857K->19686K(26624K)
[10.550s][info ][gc,metaspace   ] GC(186) Metaspace: 15860K->15860K(1064960K)
[10.550s][info ][gc             ] GC(186) Pause Young (Allocation Failure) 34M->20M(43M) 0.747ms
[10.550s][info ][gc,cpu         ] GC(186) User=0.01s Sys=0.00s Real=0.00s
[10.551s][info ][gc,start       ] GC(187) Pause Young (Allocation Failure)
[10.552s][debug][gc,phases      ] GC(187) Scavenge 1.334ms
[10.552s][debug][gc,phases      ] GC(187) Reference Processing 0.042ms
[10.552s][debug][gc,phases      ] GC(187) Weak Processing 0.012ms
[10.552s][debug][gc,phases      ] GC(187) Scrub String Table 0.086ms
[10.552s][debug][gc,age         ] GC(187) Desired survivor size 3145728 bytes, new threshold 1 (max threshold 15)
[10.553s][info ][gc,heap        ] GC(187) PSYoungGen: 15998K->2145K(17920K)
[10.553s][info ][gc,heap        ] GC(187) ParOldGen: 19686K->20109K(26624K)
[10.553s][info ][gc,metaspace   ] GC(187) Metaspace: 15860K->15860K(1064960K)
[10.553s][info ][gc             ] GC(187) Pause Young (Allocation Failure) 34M->21M(43M) 1.738ms
[10.553s][info ][gc,cpu         ] GC(187) User=0.01s Sys=0.00s Real=0.00s
[10.554s][info ][gc,start       ] GC(188) Pause Young (Allocation Failure)
[10.555s][debug][gc,phases      ] GC(188) Scavenge 1.157ms
[10.555s][debug][gc,phases      ] GC(188) Reference Processing 0.019ms
[10.555s][debug][gc,phases      ] GC(188) Weak Processing 0.010ms
[10.555s][debug][gc,phases      ] GC(188) Scrub String Table 0.068ms
[10.555s][debug][gc,age         ] GC(188) Desired survivor size 3670016 bytes, new threshold 1 (max threshold 15)
[10.555s][info ][gc,heap        ] GC(188) PSYoungGen: 16818K->941K(17920K)
[10.555s][info ][gc,heap        ] GC(188) ParOldGen: 20109K->22110K(26624K)
[10.555s][info ][gc,metaspace   ] GC(188) Metaspace: 15860K->15860K(1064960K)
[10.555s][info ][gc             ] GC(188) Pause Young (Allocation Failure) 36M->22M(43M) 1.452ms
[10.555s][info ][gc,cpu         ] GC(188) User=0.01s Sys=0.00s Real=0.00s
[10.557s][info ][gc,start       ] GC(189) Pause Young (Allocation Failure)
[10.558s][debug][gc,phases      ] GC(189) Scavenge 1.107ms
[10.558s][debug][gc,phases      ] GC(189) Reference Processing 0.022ms
[10.558s][debug][gc,phases      ] GC(189) Weak Processing 0.011ms
[10.558s][debug][gc,phases      ] GC(189) Scrub String Table 0.069ms
[10.558s][debug][gc,age         ] GC(189) Desired survivor size 3145728 bytes, new threshold 1 (max threshold 15)
[10.558s][info ][gc,heap        ] GC(189) PSYoungGen: 15727K->2145K(17920K)
[10.558s][info ][gc,heap        ] GC(189) ParOldGen: 22110K->22134K(26624K)
[10.558s][info ][gc,metaspace   ] GC(189) Metaspace: 15860K->15860K(1064960K)
[10.558s][info ][gc             ] GC(189) Pause Young (Allocation Failure) 36M->23M(43M) 1.490ms
[10.558s][info ][gc,cpu         ] GC(189) User=0.00s Sys=0.00s Real=0.00s
[10.560s][info ][gc,start       ] GC(190) Pause Young (Allocation Failure)
[10.561s][debug][gc,phases      ] GC(190) Scavenge 1.239ms
[10.561s][debug][gc,phases      ] GC(190) Reference Processing 0.018ms
[10.561s][debug][gc,phases      ] GC(190) Weak Processing 0.015ms
[10.561s][debug][gc,phases      ] GC(190) Scrub String Table 0.071ms
[10.561s][debug][gc,age         ] GC(190) Desired survivor size 3145728 bytes, new threshold 1 (max threshold 15)
[10.561s][info ][gc,heap        ] GC(190) PSYoungGen: 16873K->2113K(17920K)
[10.561s][info ][gc,heap        ] GC(190) ParOldGen: 22134K->22573K(26624K)
[10.561s][info ][gc,metaspace   ] GC(190) Metaspace: 15860K->15860K(1064960K)
[10.561s][info ][gc             ] GC(190) Pause Young (Allocation Failure) 38M->24M(43M) 1.600ms
[10.561s][info ][gc,cpu         ] GC(190) User=0.01s Sys=0.00s Real=0.00s
[10.563s][info ][gc,start       ] GC(191) Pause Young (Allocation Failure)
[10.564s][debug][gc,phases      ] GC(191) Scavenge 0.652ms
[10.564s][debug][gc,phases      ] GC(191) Reference Processing 0.019ms
[10.564s][debug][gc,phases      ] GC(191) Weak Processing 0.010ms
[10.564s][debug][gc,phases      ] GC(191) Scrub String Table 0.068ms
[10.564s][debug][gc,age         ] GC(191) Desired survivor size 3145728 bytes, new threshold 1 (max threshold 15)
[10.564s][info ][gc,heap        ] GC(191) PSYoungGen: 16783K->1690K(18432K)
[10.564s][info ][gc,heap        ] GC(191) ParOldGen: 22573K->23784K(26624K)
[10.564s][info ][gc,metaspace   ] GC(191) Metaspace: 15860K->15860K(1064960K)
[10.564s][info ][gc             ] GC(191) Pause Young (Allocation Failure) 38M->24M(44M) 0.934ms
[10.564s][info ][gc,cpu         ] GC(191) User=0.00s Sys=0.01s Real=0.00s
[10.565s][info ][gc,start       ] GC(192) Pause Young (Allocation Failure)
[10.566s][debug][gc,phases      ] GC(192) Scavenge 1.312ms
[10.567s][debug][gc,phases      ] GC(192) Reference Processing 0.020ms
[10.567s][debug][gc,phases      ] GC(192) Weak Processing 0.012ms
[10.567s][debug][gc,phases      ] GC(192) Scrub String Table 0.074ms
[10.567s][debug][gc,age         ] GC(192) Desired survivor size 3145728 bytes, new threshold 1 (max threshold 15)
[10.567s][info ][gc,heap        ] GC(192) PSYoungGen: 16848K->2049K(18432K)
[10.567s][info ][gc,heap        ] GC(192) ParOldGen: 23784K->24199K(26624K)
[10.567s][info ][gc,metaspace   ] GC(192) Metaspace: 15860K->15860K(1064960K)
[10.567s][info ][gc             ] GC(192) Pause Young (Allocation Failure) 39M->25M(44M) 1.622ms
[10.567s][info ][gc,cpu         ] GC(192) User=0.00s Sys=0.00s Real=0.01s
[10.568s][info ][gc,start       ] GC(193) Pause Young (Allocation Failure)
[10.570s][debug][gc,phases      ] GC(193) Scavenge 1.336ms
[10.570s][debug][gc,phases      ] GC(193) Reference Processing 0.028ms
[10.570s][debug][gc,phases      ] GC(193) Weak Processing 0.011ms
[10.570s][debug][gc,phases      ] GC(193) Scrub String Table 0.071ms
[10.570s][debug][gc,age         ] GC(193) Desired survivor size 3145728 bytes, new threshold 1 (max threshold 15)
[10.570s][info ][gc,heap        ] GC(193) PSYoungGen: 17179K->2145K(18432K)
[10.570s][info ][gc,heap        ] GC(193) ParOldGen: 24199K->25020K(26624K)
[10.570s][info ][gc,metaspace   ] GC(193) Metaspace: 15860K->15860K(1064960K)
[10.570s][info ][gc             ] GC(193) Pause Young (Allocation Failure) 40M->26M(44M) 1.646ms
[10.570s][info ][gc,cpu         ] GC(193) User=0.01s Sys=0.00s Real=0.00s
[10.570s][debug][gc,phases      ] GC(194) Pre Compact 0.011ms
[10.570s][info ][gc,start       ] GC(194) Pause Full (Ergonomics)
[10.570s][info ][gc,phases,start] GC(194) Marking Phase
[10.573s][debug][gc,phases      ] GC(194) Par Mark 3.090ms
[10.573s][debug][gc,phases      ] GC(194) Reference Processing 0.083ms
[10.573s][debug][gc,phases      ] GC(194) Weak Processing 0.011ms
[10.574s][debug][gc,phases      ] GC(194) ClassLoaderData 0.030ms
[10.574s][debug][gc,phases      ] GC(194) ProtectionDomainCacheTable 0.002ms
[10.574s][debug][gc,phases      ] GC(194) ResolvedMethodTable 0.024ms
[10.574s][debug][gc,phases      ] GC(194) Class Unloading 0.984ms
[10.575s][debug][gc,phases      ] GC(194) Scrub String Table 0.059ms
[10.576s][debug][gc,phases      ] GC(194) Scrub Symbol Table 1.288ms
[10.576s][info ][gc,phases      ] GC(194) Marking Phase 5.887ms
[10.576s][info ][gc,phases,start] GC(194) Summary Phase
[10.576s][info ][gc,phases      ] GC(194) Summary Phase 0.031ms
[10.576s][info ][gc,phases,start] GC(194) Adjust Roots
[10.578s][info ][gc,phases      ] GC(194) Adjust Roots 1.637ms
[10.578s][info ][gc,phases,start] GC(194) Compaction Phase
[10.579s][info ][gc,phases      ] GC(194) Compaction Phase 1.585ms
[10.579s][info ][gc,phases,start] GC(194) Post Compact
[10.579s][info ][gc,phases      ] GC(194) Post Compact 0.080ms
[10.579s][info ][gc,heap        ] GC(194) PSYoungGen: 2145K->0K(18432K)
[10.579s][info ][gc,heap        ] GC(194) ParOldGen: 25020K->6199K(30208K)
[10.579s][info ][gc,metaspace   ] GC(194) Metaspace: 15860K->15860K(1064960K)
[10.579s][info ][gc             ] GC(194) Pause Full (Ergonomics) 26M->6M(47M) 9.481ms
[10.579s][info ][gc,cpu         ] GC(194) User=0.03s Sys=0.00s Real=0.01s
[10.581s][info ][gc,start       ] GC(195) Pause Young (Allocation Failure)
[10.582s][debug][gc,phases      ] GC(195) Scavenge 0.979ms
[10.582s][debug][gc,phases      ] GC(195) Reference Processing 0.022ms
[10.582s][debug][gc,phases      ] GC(195) Weak Processing 0.011ms
[10.582s][debug][gc,phases      ] GC(195) Scrub String Table 0.068ms
[10.582s][debug][gc,age         ] GC(195) Desired survivor size 3145728 bytes, new threshold 1 (max threshold 15)
[10.582s][info ][gc,heap        ] GC(195) PSYoungGen: 15277K->582K(18432K)
[10.582s][info ][gc,heap        ] GC(195) ParOldGen: 6199K->6199K(30208K)
[10.582s][info ][gc,metaspace   ] GC(195) Metaspace: 15860K->15860K(1064960K)
[10.582s][info ][gc             ] GC(195) Pause Young (Allocation Failure) 20M->6M(47M) 1.278ms
[10.582s][info ][gc,cpu         ] GC(195) User=0.00s Sys=0.00s Real=0.00s
[10.584s][info ][gc,start       ] GC(196) Pause Young (Allocation Failure)
[10.585s][debug][gc,phases      ] GC(196) Scavenge 0.949ms
[10.585s][debug][gc,phases      ] GC(196) Reference Processing 0.019ms
[10.585s][debug][gc,phases      ] GC(196) Weak Processing 0.010ms
[10.585s][debug][gc,phases      ] GC(196) Scrub String Table 0.068ms
[10.585s][debug][gc,age         ] GC(196) Desired survivor size 3145728 bytes, new threshold 1 (max threshold 15)
[10.585s][info ][gc,heap        ] GC(196) PSYoungGen: 15666K->1331K(18432K)
[10.585s][info ][gc,heap        ] GC(196) ParOldGen: 6199K->6638K(30208K)
[10.585s][info ][gc,metaspace   ] GC(196) Metaspace: 15860K->15860K(1064960K)
[10.585s][info ][gc             ] GC(196) Pause Young (Allocation Failure) 21M->7M(47M) 1.234ms
[10.585s][info ][gc,cpu         ] GC(196) User=0.01s Sys=0.00s Real=0.00s
[10.586s][info ][gc,start       ] GC(197) Pause Young (Allocation Failure)
[10.587s][debug][gc,phases      ] GC(197) Scavenge 1.133ms
[10.587s][debug][gc,phases      ] GC(197) Reference Processing 0.021ms
[10.587s][debug][gc,phases      ] GC(197) Weak Processing 0.010ms
[10.587s][debug][gc,phases      ] GC(197) Scrub String Table 0.070ms
[10.587s][debug][gc,age         ] GC(197) Desired survivor size 3145728 bytes, new threshold 1 (max threshold 15)
[10.587s][info ][gc,heap        ] GC(197) PSYoungGen: 16479K->1722K(18432K)
[10.587s][info ][gc,heap        ] GC(197) ParOldGen: 6638K->7060K(30208K)
[10.587s][info ][gc,metaspace   ] GC(197) Metaspace: 15860K->15860K(1064960K)
[10.587s][info ][gc             ] GC(197) Pause Young (Allocation Failure) 22M->8M(47M) 1.445ms
[10.587s][info ][gc,cpu         ] GC(197) User=0.01s Sys=0.00s Real=0.01s
[10.589s][info ][gc,start       ] GC(198) Pause Young (Allocation Failure)
[10.590s][debug][gc,phases      ] GC(198) Scavenge 1.122ms
[10.590s][debug][gc,phases      ] GC(198) Reference Processing 0.041ms
[10.591s][debug][gc,phases      ] GC(198) Weak Processing 0.014ms
[10.591s][debug][gc,phases      ] GC(198) Scrub String Table 0.069ms
[10.591s][debug][gc,age         ] GC(198) Desired survivor size 3145728 bytes, new threshold 1 (max threshold 15)
[10.591s][info ][gc,heap        ] GC(198) PSYoungGen: 17069K->1299K(18432K)
[10.591s][info ][gc,heap        ] GC(198) ParOldGen: 7060K->7483K(30208K)
[10.591s][info ][gc,metaspace   ] GC(198) Metaspace: 15860K->15860K(1064960K)
[10.591s][info ][gc             ] GC(198) Pause Young (Allocation Failure) 23M->8M(47M) 1.452ms
[10.591s][info ][gc,cpu         ] GC(198) User=0.01s Sys=0.00s Real=0.00s
[10.592s][info ][gc,start       ] GC(199) Pause Young (Allocation Failure)
[10.593s][debug][gc,phases      ] GC(199) Scavenge 1.119ms
[10.593s][debug][gc,phases      ] GC(199) Reference Processing 0.021ms
[10.593s][debug][gc,phases      ] GC(199) Weak Processing 0.011ms
[10.593s][debug][gc,phases      ] GC(199) Scrub String Table 0.068ms
[10.593s][debug][gc,age         ] GC(199) Desired survivor size 3145728 bytes, new threshold 1 (max threshold 15)
[10.593s][info ][gc,heap        ] GC(199) PSYoungGen: 16573K->2017K(18432K)
[10.593s][info ][gc,heap        ] GC(199) ParOldGen: 7483K->7483K(30208K)
[10.593s][info ][gc,metaspace   ] GC(199) Metaspace: 15860K->15860K(1064960K)
[10.593s][info ][gc             ] GC(199) Pause Young (Allocation Failure) 23M->9M(47M) 1.398ms
[10.593s][info ][gc,cpu         ] GC(199) User=0.00s Sys=0.00s Real=0.00s
[10.595s][info ][gc,start       ] GC(200) Pause Young (Allocation Failure)
[10.596s][debug][gc,phases      ] GC(200) Scavenge 1.130ms
[10.596s][debug][gc,phases      ] GC(200) Reference Processing 0.018ms
[10.596s][debug][gc,phases      ] GC(200) Weak Processing 0.011ms
[10.596s][debug][gc,phases      ] GC(200) Scrub String Table 0.071ms
[10.596s][debug][gc,age         ] GC(200) Desired survivor size 3145728 bytes, new threshold 1 (max threshold 15)
[10.596s][info ][gc,heap        ] GC(200) PSYoungGen: 17235K->1754K(18432K)
[10.596s][info ][gc,heap        ] GC(200) ParOldGen: 7483K->7906K(30208K)
[10.596s][info ][gc,metaspace   ] GC(200) Metaspace: 15860K->15860K(1064960K)
[10.596s][info ][gc             ] GC(200) Pause Young (Allocation Failure) 24M->9M(47M) 1.410ms
[10.596s][info ][gc,cpu         ] GC(200) User=0.01s Sys=0.00s Real=0.01s
[10.598s][info ][gc,start       ] GC(201) Pause Young (Allocation Failure)
[10.599s][debug][gc,phases      ] GC(201) Scavenge 1.251ms
[10.599s][debug][gc,phases      ] GC(201) Reference Processing 0.029ms
[10.599s][debug][gc,phases      ] GC(201) Weak Processing 0.019ms
[10.599s][debug][gc,phases      ] GC(201) Scrub String Table 0.088ms
[10.599s][debug][gc,age         ] GC(201) Desired survivor size 3145728 bytes, new threshold 1 (max threshold 15)
[10.599s][info ][gc,heap        ] GC(201) PSYoungGen: 16918K->1331K(18432K)
[10.599s][info ][gc,heap        ] GC(201) ParOldGen: 7906K->7922K(30208K)
[10.599s][info ][gc,metaspace   ] GC(201) Metaspace: 15860K->15860K(1064960K)
[10.599s][info ][gc             ] GC(201) Pause Young (Allocation Failure) 24M->9M(47M) 1.629ms
[10.599s][info ][gc,cpu         ] GC(201) User=0.01s Sys=0.01s Real=0.00s
[10.601s][info ][gc,start       ] GC(202) Pause Young (Allocation Failure)
[10.602s][debug][gc,phases      ] GC(202) Scavenge 1.139ms
[10.602s][debug][gc,phases      ] GC(202) Reference Processing 0.020ms
[10.602s][debug][gc,phases      ] GC(202) Weak Processing 0.011ms
[10.602s][debug][gc,phases      ] GC(202) Scrub String Table 0.068ms
[10.602s][debug][gc,age         ] GC(202) Desired survivor size 3145728 bytes, new threshold 1 (max threshold 15)
[10.602s][info ][gc,heap        ] GC(202) PSYoungGen: 16413K->1235K(18432K)
[10.602s][info ][gc,heap        ] GC(202) ParOldGen: 7922K->8344K(30208K)
[10.602s][info ][gc,metaspace   ] GC(202) Metaspace: 15860K->15860K(1064960K)
[10.602s][info ][gc             ] GC(202) Pause Young (Allocation Failure) 23M->9M(47M) 1.447ms
[10.602s][info ][gc,cpu         ] GC(202) User=0.01s Sys=0.00s Real=0.00s
[10.603s][info ][gc,start       ] GC(203) Pause Young (Allocation Failure)
[10.605s][debug][gc,phases      ] GC(203) Scavenge 1.921ms
[10.605s][debug][gc,phases      ] GC(203) Reference Processing 0.022ms
[10.605s][debug][gc,phases      ] GC(203) Weak Processing 0.012ms
[10.606s][debug][gc,phases      ] GC(203) Scrub String Table 0.070ms
[10.606s][debug][gc,age         ] GC(203) Desired survivor size 3145728 bytes, new threshold 1 (max threshold 15)
[10.606s][info ][gc,heap        ] GC(203) PSYoungGen: 16411K->2017K(18432K)
[10.606s][info ][gc,heap        ] GC(203) ParOldGen: 8344K->8743K(30208K)
[10.606s][info ][gc,metaspace   ] GC(203) Metaspace: 15860K->15860K(1064960K)
[10.606s][info ][gc             ] GC(203) Pause Young (Allocation Failure) 24M->10M(47M) 2.267ms
[10.606s][info ][gc,cpu         ] GC(203) User=0.01s Sys=0.00s Real=0.00s
[10.607s][info ][gc,start       ] GC(204) Pause Young (Allocation Failure)
[10.609s][debug][gc,phases      ] GC(204) Scavenge 1.584ms
[10.609s][debug][gc,phases      ] GC(204) Reference Processing 0.020ms
[10.609s][debug][gc,phases      ] GC(204) Weak Processing 0.011ms
[10.609s][debug][gc,phases      ] GC(204) Scrub String Table 0.088ms
[10.609s][debug][gc,age         ] GC(204) Desired survivor size 3145728 bytes, new threshold 1 (max threshold 15)
[10.609s][info ][gc,heap        ] GC(204) PSYoungGen: 17155K->1690K(18432K)
[10.609s][info ][gc,heap        ] GC(204) ParOldGen: 8743K->9556K(30208K)
[10.609s][info ][gc,metaspace   ] GC(204) Metaspace: 15860K->15860K(1064960K)
[10.609s][info ][gc             ] GC(204) Pause Young (Allocation Failure) 25M->10M(47M) 1.948ms
[10.609s][info ][gc,cpu         ] GC(204) User=0.01s Sys=0.00s Real=0.00s
[10.611s][info ][gc,start       ] GC(205) Pause Young (Allocation Failure)
[10.613s][debug][gc,phases      ] GC(205) Scavenge 1.872ms
[10.613s][debug][gc,phases      ] GC(205) Reference Processing 0.020ms
[10.613s][debug][gc,phases      ] GC(205) Weak Processing 0.011ms
[10.613s][debug][gc,phases      ] GC(205) Scrub String Table 0.069ms
[10.613s][debug][gc,age         ] GC(205) Desired survivor size 2621440 bytes, new threshold 1 (max threshold 15)
[10.613s][info ][gc,heap        ] GC(205) PSYoungGen: 16942K->1658K(17408K)
[10.613s][info ][gc,heap        ] GC(205) ParOldGen: 9556K->9955K(30208K)
[10.613s][info ][gc,metaspace   ] GC(205) Metaspace: 15860K->15860K(1064960K)
[10.613s][info ][gc             ] GC(205) Pause Young (Allocation Failure) 25M->11M(46M) 2.256ms
[10.613s][info ][gc,cpu         ] GC(205) User=0.01s Sys=0.00s Real=0.00s
[10.615s][info ][gc,start       ] GC(206) Pause Young (Allocation Failure)
[10.616s][debug][gc,phases      ] GC(206) Scavenge 1.525ms
[10.616s][debug][gc,phases      ] GC(206) Reference Processing 0.030ms
[10.616s][debug][gc,phases      ] GC(206) Weak Processing 0.016ms
[10.616s][debug][gc,phases      ] GC(206) Scrub String Table 0.090ms
[10.616s][debug][gc,age         ] GC(206) Desired survivor size 2621440 bytes, new threshold 1 (max threshold 15)
[10.616s][info ][gc,heap        ] GC(206) PSYoungGen: 16809K->1658K(17920K)
[10.616s][info ][gc,heap        ] GC(206) ParOldGen: 9955K->9963K(30208K)
[10.617s][info ][gc,metaspace   ] GC(206) Metaspace: 15860K->15860K(1064960K)
[10.617s][info ][gc             ] GC(206) Pause Young (Allocation Failure) 26M->11M(47M) 1.964ms
[10.617s][info ][gc,cpu         ] GC(206) User=0.01s Sys=0.00s Real=0.01s
[10.618s][info ][gc,start       ] GC(207) Pause Young (Allocation Failure)
[10.619s][debug][gc,phases      ] GC(207) Scavenge 1.163ms
[10.619s][debug][gc,phases      ] GC(207) Reference Processing 0.020ms
[10.619s][debug][gc,phases      ] GC(207) Weak Processing 0.010ms
[10.619s][debug][gc,phases      ] GC(207) Scrub String Table 0.068ms
[10.619s][debug][gc,age         ] GC(207) Desired survivor size 2621440 bytes, new threshold 1 (max threshold 15)
[10.619s][info ][gc,heap        ] GC(207) PSYoungGen: 16705K->2145K(18944K)
[10.619s][info ][gc,heap        ] GC(207) ParOldGen: 9963K->10784K(30208K)
[10.619s][info ][gc,metaspace   ] GC(207) Metaspace: 15860K->15860K(1064960K)
[10.619s][info ][gc             ] GC(207) Pause Young (Allocation Failure) 26M->12M(48M) 1.451ms
[10.619s][info ][gc,cpu         ] GC(207) User=0.01s Sys=0.00s Real=0.00s
[10.621s][info ][gc,start       ] GC(208) Pause Young (Allocation Failure)
[10.622s][debug][gc,phases      ] GC(208) Scavenge 1.096ms
[10.622s][debug][gc,phases      ] GC(208) Reference Processing 0.019ms
[10.622s][debug][gc,phases      ] GC(208) Weak Processing 0.012ms
[10.622s][debug][gc,phases      ] GC(208) Scrub String Table 0.070ms
[10.622s][debug][gc,age         ] GC(208) Desired survivor size 2621440 bytes, new threshold 1 (max threshold 15)
[10.622s][info ][gc,heap        ] GC(208) PSYoungGen: 18442K->1690K(18944K)
[10.622s][info ][gc,heap        ] GC(208) ParOldGen: 10784K->11597K(30208K)
[10.623s][info ][gc,metaspace   ] GC(208) Metaspace: 15860K->15860K(1064960K)
[10.623s][info ][gc             ] GC(208) Pause Young (Allocation Failure) 28M->12M(48M) 1.388ms
[10.623s][info ][gc,cpu         ] GC(208) User=0.01s Sys=0.00s Real=0.00s
[10.624s][info ][gc,start       ] GC(209) Pause Young (Allocation Failure)
[10.625s][debug][gc,phases      ] GC(209) Scavenge 1.073ms
[10.625s][debug][gc,phases      ] GC(209) Reference Processing 0.022ms
[10.626s][debug][gc,phases      ] GC(209) Weak Processing 0.011ms
[10.626s][debug][gc,phases      ] GC(209) Scrub String Table 0.069ms
[10.626s][debug][gc,age         ] GC(209) Desired survivor size 2621440 bytes, new threshold 1 (max threshold 15)
[10.626s][info ][gc,heap        ] GC(209) PSYoungGen: 18006K->2145K(18944K)
[10.626s][info ][gc,heap        ] GC(209) ParOldGen: 11597K->11637K(30208K)
[10.626s][info ][gc,metaspace   ] GC(209) Metaspace: 15860K->15860K(1064960K)
[10.626s][info ][gc             ] GC(209) Pause Young (Allocation Failure) 28M->13M(48M) 1.361ms
[10.626s][info ][gc,cpu         ] GC(209) User=0.01s Sys=0.00s Real=0.00s
[10.627s][info ][gc,start       ] GC(210) Pause Young (Allocation Failure)
[10.628s][debug][gc,phases      ] GC(210) Scavenge 1.019ms
[10.628s][debug][gc,phases      ] GC(210) Reference Processing 0.027ms
[10.628s][debug][gc,phases      ] GC(210) Weak Processing 0.014ms
[10.628s][debug][gc,phases      ] GC(210) Scrub String Table 0.101ms
[10.628s][debug][gc,age         ] GC(210) Desired survivor size 2621440 bytes, new threshold 1 (max threshold 15)
[10.628s][info ][gc,heap        ] GC(210) PSYoungGen: 18495K->1754K(18944K)
[10.628s][info ][gc,heap        ] GC(210) ParOldGen: 11637K->12060K(30208K)
[10.628s][info ][gc,metaspace   ] GC(210) Metaspace: 15860K->15860K(1064960K)
[10.628s][info ][gc             ] GC(210) Pause Young (Allocation Failure) 29M->13M(48M) 1.387ms
[10.628s][info ][gc,cpu         ] GC(210) User=0.01s Sys=0.00s Real=0.00s
[10.630s][info ][gc,start       ] GC(211) Pause Young (Allocation Failure)
[10.630s][debug][gc,phases      ] GC(211) Scavenge 0.525ms
[10.630s][debug][gc,phases      ] GC(211) Reference Processing 0.061ms
[10.630s][debug][gc,phases      ] GC(211) Weak Processing 0.011ms
[10.630s][debug][gc,phases      ] GC(211) Scrub String Table 0.074ms
[10.630s][debug][gc,age         ] GC(211) Desired survivor size 2621440 bytes, new threshold 1 (max threshold 15)
[10.631s][info ][gc,heap        ] GC(211) PSYoungGen: 18111K->1786K(18944K)
[10.631s][info ][gc,heap        ] GC(211) ParOldGen: 12060K->12475K(30208K)
[10.631s][info ][gc,metaspace   ] GC(211) Metaspace: 15860K->15860K(1064960K)
[10.631s][info ][gc             ] GC(211) Pause Young (Allocation Failure) 29M->13M(48M) 0.964ms
[10.631s][info ][gc,cpu         ] GC(211) User=0.01s Sys=0.00s Real=0.00s
[10.632s][info ][gc,start       ] GC(212) Pause Young (Allocation Failure)
[10.633s][debug][gc,phases      ] GC(212) Scavenge 0.836ms
[10.633s][debug][gc,phases      ] GC(212) Reference Processing 0.020ms
[10.633s][debug][gc,phases      ] GC(212) Weak Processing 0.010ms
[10.633s][debug][gc,phases      ] GC(212) Scrub String Table 0.068ms
[10.633s][debug][gc,age         ] GC(212) Desired survivor size 2621440 bytes, new threshold 1 (max threshold 15)
[10.633s][info ][gc,heap        ] GC(212) PSYoungGen: 18130K->1658K(18944K)
[10.633s][info ][gc,heap        ] GC(212) ParOldGen: 12475K->13280K(30208K)
[10.633s][info ][gc,metaspace   ] GC(212) Metaspace: 15860K->15860K(1064960K)
[10.633s][info ][gc             ] GC(212) Pause Young (Allocation Failure) 29M->14M(48M) 1.124ms
[10.633s][info ][gc,cpu         ] GC(212) User=0.00s Sys=0.00s Real=0.00s
[10.634s][info ][gc,start       ] GC(213) Pause Young (Allocation Failure)
[10.636s][debug][gc,phases      ] GC(213) Scavenge 1.086ms
[10.636s][debug][gc,phases      ] GC(213) Reference Processing 0.025ms
[10.636s][debug][gc,phases      ] GC(213) Weak Processing 0.011ms
[10.636s][debug][gc,phases      ] GC(213) Scrub String Table 0.074ms
[10.636s][debug][gc,age         ] GC(213) Desired survivor size 2621440 bytes, new threshold 1 (max threshold 15)
[10.636s][info ][gc,heap        ] GC(213) PSYoungGen: 17823K->909K(18944K)
[10.636s][info ][gc,heap        ] GC(213) ParOldGen: 13280K->14093K(30208K)
[10.636s][info ][gc,metaspace   ] GC(213) Metaspace: 15860K->15860K(1064960K)
[10.636s][info ][gc             ] GC(213) Pause Young (Allocation Failure) 30M->14M(48M) 1.396ms
[10.636s][info ][gc,cpu         ] GC(213) User=0.00s Sys=0.01s Real=0.00s
[10.637s][info ][gc,start       ] GC(214) Pause Young (Allocation Failure)
[10.638s][debug][gc,phases      ] GC(214) Scavenge 0.433ms
[10.638s][debug][gc,phases      ] GC(214) Reference Processing 0.021ms
[10.638s][debug][gc,phases      ] GC(214) Weak Processing 0.010ms
[10.638s][debug][gc,phases      ] GC(214) Scrub String Table 0.068ms
[10.638s][debug][gc,age         ] GC(214) Desired survivor size 2621440 bytes, new threshold 1 (max threshold 15)
[10.638s][info ][gc,heap        ] GC(214) PSYoungGen: 17288K->2145K(18944K)
[10.638s][info ][gc,heap        ] GC(214) ParOldGen: 14093K->14516K(30208K)
[10.638s][info ][gc,metaspace   ] GC(214) Metaspace: 15860K->15860K(1064960K)
[10.638s][info ][gc             ] GC(214) Pause Young (Allocation Failure) 30M->16M(48M) 0.723ms
[10.638s][info ][gc,cpu         ] GC(214) User=0.00s Sys=0.00s Real=0.00s
[10.639s][info ][gc,start       ] GC(215) Pause Young (Allocation Failure)
[10.641s][debug][gc,phases      ] GC(215) Scavenge 1.329ms
[10.641s][debug][gc,phases      ] GC(215) Reference Processing 0.020ms
[10.641s][debug][gc,phases      ] GC(215) Weak Processing 0.010ms
[10.641s][debug][gc,phases      ] GC(215) Scrub String Table 0.068ms
[10.641s][debug][gc,age         ] GC(215) Desired survivor size 3145728 bytes, new threshold 1 (max threshold 15)
[10.641s][info ][gc,heap        ] GC(215) PSYoungGen: 18529K->2535K(17920K)
[10.641s][info ][gc,heap        ] GC(215) ParOldGen: 14516K->14922K(30208K)
[10.641s][info ][gc,metaspace   ] GC(215) Metaspace: 15860K->15860K(1064960K)
[10.641s][info ][gc             ] GC(215) Pause Young (Allocation Failure) 32M->17M(47M) 1.642ms
[10.641s][info ][gc,cpu         ] GC(215) User=0.01s Sys=0.00s Real=0.00s
[10.643s][info ][gc,start       ] GC(216) Pause Young (Allocation Failure)
[10.644s][debug][gc,phases      ] GC(216) Scavenge 1.441ms
[10.644s][debug][gc,phases      ] GC(216) Reference Processing 0.020ms
[10.644s][debug][gc,phases      ] GC(216) Weak Processing 0.015ms
[10.644s][debug][gc,phases      ] GC(216) Scrub String Table 0.086ms
[10.644s][debug][gc,age         ] GC(216) Desired survivor size 3145728 bytes, new threshold 1 (max threshold 15)
[10.644s][info ][gc,heap        ] GC(216) PSYoungGen: 17523K->454K(18432K)
[10.644s][info ][gc,heap        ] GC(216) ParOldGen: 14922K->16525K(30208K)
[10.644s][info ][gc,metaspace   ] GC(216) Metaspace: 15860K->15860K(1064960K)
[10.644s][info ][gc             ] GC(216) Pause Young (Allocation Failure) 31M->16M(47M) 1.816ms
[10.644s][info ][gc,cpu         ] GC(216) User=0.01s Sys=0.00s Real=0.00s
[10.646s][info ][gc,start       ] GC(217) Pause Young (Allocation Failure)
[10.647s][debug][gc,phases      ] GC(217) Scavenge 1.243ms
[10.647s][debug][gc,phases      ] GC(217) Reference Processing 0.052ms
[10.647s][debug][gc,phases      ] GC(217) Weak Processing 0.013ms
[10.647s][debug][gc,phases      ] GC(217) Scrub String Table 0.071ms
[10.648s][debug][gc,age         ] GC(217) Desired survivor size 3145728 bytes, new threshold 1 (max threshold 15)
[10.648s][info ][gc,heap        ] GC(217) PSYoungGen: 15663K->1690K(18432K)
[10.648s][info ][gc,heap        ] GC(217) ParOldGen: 16525K->16533K(30208K)
[10.648s][info ][gc,metaspace   ] GC(217) Metaspace: 15860K->15860K(1064960K)
[10.648s][info ][gc             ] GC(217) Pause Young (Allocation Failure) 31M->17M(47M) 1.663ms
[10.648s][info ][gc,cpu         ] GC(217) User=0.01s Sys=0.00s Real=0.01s
[10.649s][info ][gc,start       ] GC(218) Pause Young (Allocation Failure)
[10.651s][debug][gc,phases      ] GC(218) Scavenge 1.491ms
[10.651s][debug][gc,phases      ] GC(218) Reference Processing 0.020ms
[10.651s][debug][gc,phases      ] GC(218) Weak Processing 0.011ms
[10.651s][debug][gc,phases      ] GC(218) Scrub String Table 0.071ms
[10.651s][debug][gc,age         ] GC(218) Desired survivor size 3145728 bytes, new threshold 1 (max threshold 15)
[10.651s][info ][gc,heap        ] GC(218) PSYoungGen: 16991K->2113K(18432K)
[10.651s][info ][gc,heap        ] GC(218) ParOldGen: 16533K->17322K(30208K)
[10.651s][info ][gc,metaspace   ] GC(218) Metaspace: 15860K->15860K(1064960K)
[10.651s][info ][gc             ] GC(218) Pause Young (Allocation Failure) 32M->18M(47M) 1.822ms
[10.651s][info ][gc,cpu         ] GC(218) User=0.00s Sys=0.00s Real=0.00s
[10.653s][info ][gc,start       ] GC(219) Pause Young (Allocation Failure)
[10.654s][debug][gc,phases      ] GC(219) Scavenge 1.615ms
[10.654s][debug][gc,phases      ] GC(219) Reference Processing 0.021ms
[10.654s][debug][gc,phases      ] GC(219) Weak Processing 0.013ms
[10.654s][debug][gc,phases      ] GC(219) Scrub String Table 0.071ms
[10.654s][debug][gc,age         ] GC(219) Desired survivor size 3145728 bytes, new threshold 1 (max threshold 15)
[10.654s][info ][gc,heap        ] GC(219) PSYoungGen: 17235K->1690K(18432K)
[10.654s][info ][gc,heap        ] GC(219) ParOldGen: 17322K->18128K(30208K)
[10.654s][info ][gc,metaspace   ] GC(219) Metaspace: 15860K->15860K(1064960K)
[10.654s][info ][gc             ] GC(219) Pause Young (Allocation Failure) 33M->19M(47M) 1.942ms
[10.654s][info ][gc,cpu         ] GC(219) User=0.01s Sys=0.00s Real=0.00s
[10.656s][info ][gc,start       ] GC(220) Pause Young (Allocation Failure)
[10.657s][debug][gc,phases      ] GC(220) Scavenge 1.428ms
[10.657s][debug][gc,phases      ] GC(220) Reference Processing 0.021ms
[10.657s][debug][gc,phases      ] GC(220) Weak Processing 0.011ms
[10.658s][debug][gc,phases      ] GC(220) Scrub String Table 0.071ms
[10.658s][debug][gc,age         ] GC(220) Desired survivor size 3145728 bytes, new threshold 1 (max threshold 15)
[10.658s][info ][gc,heap        ] GC(220) PSYoungGen: 16771K->877K(18432K)
[10.658s][info ][gc,heap        ] GC(220) ParOldGen: 18128K->18542K(30208K)
[10.658s][info ][gc,metaspace   ] GC(220) Metaspace: 15860K->15860K(1064960K)
[10.658s][info ][gc             ] GC(220) Pause Young (Allocation Failure) 34M->18M(47M) 1.754ms
[10.658s][info ][gc,cpu         ] GC(220) User=0.01s Sys=0.00s Real=0.01s
[10.660s][info ][gc,start       ] GC(221) Pause Young (Allocation Failure)
[10.667s][debug][gc,phases      ] GC(221) Scavenge 1.064ms
[10.667s][debug][gc,phases      ] GC(221) Reference Processing 0.027ms
[10.667s][debug][gc,phases      ] GC(221) Weak Processing 0.011ms
[10.667s][debug][gc,phases      ] GC(221) Scrub String Table 0.093ms
[10.667s][debug][gc,age         ] GC(221) Desired survivor size 3145728 bytes, new threshold 1 (max threshold 15)
[10.667s][info ][gc,heap        ] GC(221) PSYoungGen: 15904K->1267K(18432K)
[10.667s][info ][gc,heap        ] GC(221) ParOldGen: 18542K->18550K(30208K)
[10.667s][info ][gc,metaspace   ] GC(221) Metaspace: 15860K->15860K(1064960K)
[10.667s][info ][gc             ] GC(221) Pause Young (Allocation Failure) 33M->19M(47M) 7.589ms
[10.667s][info ][gc,cpu         ] GC(221) User=0.01s Sys=0.00s Real=0.01s
[10.669s][info ][gc,start       ] GC(222) Pause Young (Allocation Failure)
[10.671s][debug][gc,phases      ] GC(222) Scavenge 1.142ms
[10.671s][debug][gc,phases      ] GC(222) Reference Processing 0.025ms
[10.671s][debug][gc,phases      ] GC(222) Weak Processing 0.011ms
[10.671s][debug][gc,phases      ] GC(222) Scrub String Table 0.070ms
[10.671s][debug][gc,age         ] GC(222) Desired survivor size 3145728 bytes, new threshold 1 (max threshold 15)
[10.671s][info ][gc,heap        ] GC(222) PSYoungGen: 16447K->1658K(18432K)
[10.671s][info ][gc,heap        ] GC(222) ParOldGen: 18550K->18566K(30208K)
[10.671s][info ][gc,metaspace   ] GC(222) Metaspace: 15860K->15860K(1064960K)
[10.671s][info ][gc             ] GC(222) Pause Young (Allocation Failure) 34M->19M(47M) 1.540ms
[10.671s][info ][gc,cpu         ] GC(222) User=0.01s Sys=0.00s Real=0.00s
[10.672s][info ][gc,start       ] GC(223) Pause Young (Allocation Failure)
[10.673s][debug][gc,phases      ] GC(223) Scavenge 1.092ms
[10.673s][debug][gc,phases      ] GC(223) Reference Processing 0.021ms
[10.673s][debug][gc,phases      ] GC(223) Weak Processing 0.012ms
[10.673s][debug][gc,phases      ] GC(223) Scrub String Table 0.081ms
[10.673s][debug][gc,age         ] GC(223) Desired survivor size 3145728 bytes, new threshold 1 (max threshold 15)
[10.673s][info ][gc,heap        ] GC(223) PSYoungGen: 16729K->128K(18432K)
[10.673s][info ][gc,heap        ] GC(223) ParOldGen: 18566K->19379K(30208K)
[10.673s][info ][gc,metaspace   ] GC(223) Metaspace: 15860K->15860K(1064960K)
[10.673s][info ][gc             ] GC(223) Pause Young (Allocation Failure) 34M->19M(47M) 1.445ms
[10.674s][info ][gc,cpu         ] GC(223) User=0.01s Sys=0.00s Real=0.00s
[10.675s][info ][gc,start       ] GC(224) Pause Young (Allocation Failure)
[10.676s][debug][gc,phases      ] GC(224) Scavenge 0.972ms
[10.676s][debug][gc,phases      ] GC(224) Reference Processing 0.020ms
[10.676s][debug][gc,phases      ] GC(224) Weak Processing 0.011ms
[10.676s][debug][gc,phases      ] GC(224) Scrub String Table 0.071ms
[10.676s][debug][gc,age         ] GC(224) Desired survivor size 3145728 bytes, new threshold 1 (max threshold 15)
[10.676s][info ][gc,heap        ] GC(224) PSYoungGen: 15238K->909K(18432K)
[10.676s][info ][gc,heap        ] GC(224) ParOldGen: 19379K->19403K(30208K)
[10.676s][info ][gc,metaspace   ] GC(224) Metaspace: 15860K->15860K(1064960K)
[10.676s][info ][gc             ] GC(224) Pause Young (Allocation Failure) 33M->19M(47M) 1.299ms
[10.676s][info ][gc,cpu         ] GC(224) User=0.01s Sys=0.00s Real=0.00s
[10.677s][info ][gc,start       ] GC(225) Pause Young (Allocation Failure)
[10.679s][debug][gc,phases      ] GC(225) Scavenge 1.712ms
[10.679s][debug][gc,phases      ] GC(225) Reference Processing 0.028ms
[10.679s][debug][gc,phases      ] GC(225) Weak Processing 0.018ms
[10.679s][debug][gc,phases      ] GC(225) Scrub String Table 0.088ms
[10.679s][debug][gc,age         ] GC(225) Desired survivor size 3145728 bytes, new threshold 1 (max threshold 15)
[10.679s][info ][gc,heap        ] GC(225) PSYoungGen: 15970K->2113K(18432K)
[10.679s][info ][gc,heap        ] GC(225) ParOldGen: 19403K->19826K(30208K)
[10.679s][info ][gc,metaspace   ] GC(225) Metaspace: 15860K->15860K(1064960K)
[10.679s][info ][gc             ] GC(225) Pause Young (Allocation Failure) 34M->21M(47M) 2.162ms
[10.679s][info ][gc,cpu         ] GC(225) User=0.01s Sys=0.00s Real=0.00s
[10.681s][info ][gc,start       ] GC(226) Pause Young (Allocation Failure)
[10.682s][debug][gc,phases      ] GC(226) Scavenge 1.099ms
[10.682s][debug][gc,phases      ] GC(226) Reference Processing 0.019ms
[10.682s][debug][gc,phases      ] GC(226) Weak Processing 0.011ms
[10.682s][debug][gc,phases      ] GC(226) Scrub String Table 0.068ms
[10.682s][debug][gc,age         ] GC(226) Desired survivor size 3145728 bytes, new threshold 1 (max threshold 15)
[10.682s][info ][gc,heap        ] GC(226) PSYoungGen: 17424K->1754K(18432K)
[10.682s][info ][gc,heap        ] GC(226) ParOldGen: 19826K->19842K(30208K)
[10.682s][info ][gc,metaspace   ] GC(226) Metaspace: 15860K->15860K(1064960K)
[10.682s][info ][gc             ] GC(226) Pause Young (Allocation Failure) 36M->21M(47M) 1.424ms
[10.682s][info ][gc,cpu         ] GC(226) User=0.01s Sys=0.01s Real=0.00s
[10.683s][info ][gc,start       ] GC(227) Pause Young (Allocation Failure)
[10.684s][debug][gc,phases      ] GC(227) Scavenge 0.981ms
[10.684s][debug][gc,phases      ] GC(227) Reference Processing 0.022ms
[10.684s][debug][gc,phases      ] GC(227) Weak Processing 0.012ms
[10.684s][debug][gc,phases      ] GC(227) Scrub String Table 0.069ms
[10.685s][debug][gc,age         ] GC(227) Desired survivor size 3145728 bytes, new threshold 1 (max threshold 15)
[10.685s][info ][gc,heap        ] GC(227) PSYoungGen: 17004K->1395K(18432K)
[10.685s][info ][gc,heap        ] GC(227) ParOldGen: 19842K->20249K(30208K)
[10.685s][info ][gc,metaspace   ] GC(227) Metaspace: 15860K->15860K(1064960K)
[10.685s][info ][gc             ] GC(227) Pause Young (Allocation Failure) 35M->21M(47M) 1.309ms
[10.685s][info ][gc,cpu         ] GC(227) User=0.01s Sys=0.00s Real=0.00s
[10.686s][info ][gc,start       ] GC(228) Pause Young (Allocation Failure)
[10.687s][debug][gc,phases      ] GC(228) Scavenge 1.051ms
[10.687s][debug][gc,phases      ] GC(228) Reference Processing 0.025ms
[10.687s][debug][gc,phases      ] GC(228) Weak Processing 0.011ms
[10.687s][debug][gc,phases      ] GC(228) Scrub String Table 0.070ms
[10.687s][debug][gc,age         ] GC(228) Desired survivor size 3145728 bytes, new threshold 1 (max threshold 15)
[10.687s][info ][gc,heap        ] GC(228) PSYoungGen: 16665K->2567K(18432K)
[10.687s][info ][gc,heap        ] GC(228) ParOldGen: 20249K->20265K(30208K)
[10.687s][info ][gc,metaspace   ] GC(228) Metaspace: 15860K->15860K(1064960K)
[10.687s][info ][gc             ] GC(228) Pause Young (Allocation Failure) 36M->22M(47M) 1.423ms
[10.687s][info ][gc,cpu         ] GC(228) User=0.00s Sys=0.00s Real=0.01s
[10.688s][info ][gc,start       ] GC(229) Pause Young (Allocation Failure)
[10.689s][debug][gc,phases      ] GC(229) Scavenge 1.040ms
[10.689s][debug][gc,phases      ] GC(229) Reference Processing 0.019ms
[10.689s][debug][gc,phases      ] GC(229) Weak Processing 0.010ms
[10.690s][debug][gc,phases      ] GC(229) Scrub String Table 0.092ms
[10.690s][debug][gc,age         ] GC(229) Desired survivor size 3145728 bytes, new threshold 1 (max threshold 15)
[10.690s][info ][gc,heap        ] GC(229) PSYoungGen: 17793K->1754K(18432K)
[10.690s][info ][gc,heap        ] GC(229) ParOldGen: 20265K->21094K(30208K)
[10.690s][info ][gc,metaspace   ] GC(229) Metaspace: 15860K->15860K(1064960K)
[10.690s][info ][gc             ] GC(229) Pause Young (Allocation Failure) 37M->22M(47M) 1.397ms
[10.690s][info ][gc,cpu         ] GC(229) User=0.01s Sys=0.00s Real=0.00s
[10.691s][info ][gc,start       ] GC(230) Pause Young (Allocation Failure)
[10.692s][debug][gc,phases      ] GC(230) Scavenge 0.872ms
[10.692s][debug][gc,phases      ] GC(230) Reference Processing 0.020ms
[10.692s][debug][gc,phases      ] GC(230) Weak Processing 0.010ms
[10.692s][debug][gc,phases      ] GC(230) Scrub String Table 0.069ms
[10.692s][debug][gc,age         ] GC(230) Desired survivor size 3670016 bytes, new threshold 1 (max threshold 15)
[10.692s][info ][gc,heap        ] GC(230) PSYoungGen: 16826K->2862K(18432K)
[10.692s][info ][gc,heap        ] GC(230) ParOldGen: 21094K->21541K(30208K)
[10.692s][info ][gc,metaspace   ] GC(230) Metaspace: 15860K->15860K(1064960K)
[10.692s][info ][gc             ] GC(230) Pause Young (Allocation Failure) 37M->23M(47M) 1.227ms
[10.692s][info ][gc,cpu         ] GC(230) User=0.00s Sys=0.00s Real=0.00s
[10.693s][info ][gc,start       ] GC(231) Pause Young (Allocation Failure)
[10.694s][debug][gc,phases      ] GC(231) Scavenge 1.003ms
[10.694s][debug][gc,phases      ] GC(231) Reference Processing 0.018ms
[10.694s][debug][gc,phases      ] GC(231) Weak Processing 0.012ms
[10.695s][debug][gc,phases      ] GC(231) Scrub String Table 0.069ms
[10.695s][debug][gc,age         ] GC(231) Desired survivor size 3670016 bytes, new threshold 1 (max threshold 15)
[10.695s][info ][gc,heap        ] GC(231) PSYoungGen: 18077K->2567K(17408K)
[10.695s][info ][gc,heap        ] GC(231) ParOldGen: 21541K->21549K(30208K)
[10.695s][info ][gc,metaspace   ] GC(231) Metaspace: 15860K->15860K(1064960K)
[10.695s][info ][gc             ] GC(231) Pause Young (Allocation Failure) 38M->23M(46M) 1.302ms
[10.695s][info ][gc,cpu         ] GC(231) User=0.01s Sys=0.00s Real=0.00s
[10.696s][info ][gc,start       ] GC(232) Pause Young (Allocation Failure)
[10.698s][debug][gc,phases      ] GC(232) Scavenge 1.279ms
[10.698s][debug][gc,phases      ] GC(232) Reference Processing 0.020ms
[10.698s][debug][gc,phases      ] GC(232) Weak Processing 0.011ms
[10.698s][debug][gc,phases      ] GC(232) Scrub String Table 0.069ms
[10.698s][debug][gc,age         ] GC(232) Desired survivor size 3670016 bytes, new threshold 1 (max threshold 15)
[10.698s][info ][gc,heap        ] GC(232) PSYoungGen: 16859K->2471K(17920K)
[10.698s][info ][gc,heap        ] GC(232) ParOldGen: 21549K->21979K(30208K)
[10.698s][info ][gc,metaspace   ] GC(232) Metaspace: 15860K->15860K(1064960K)
[10.698s][info ][gc             ] GC(232) Pause Young (Allocation Failure) 37M->23M(47M) 1.642ms
[10.698s][info ][gc,cpu         ] GC(232) User=0.01s Sys=0.00s Real=0.01s
[10.699s][info ][gc,start       ] GC(233) Pause Young (Allocation Failure)
[10.700s][debug][gc,phases      ] GC(233) Scavenge 1.297ms
[10.700s][debug][gc,phases      ] GC(233) Reference Processing 0.019ms
[10.700s][debug][gc,phases      ] GC(233) Weak Processing 0.011ms
[10.700s][debug][gc,phases      ] GC(233) Scrub String Table 0.068ms
[10.700s][debug][gc,age         ] GC(233) Desired survivor size 3670016 bytes, new threshold 1 (max threshold 15)
[10.700s][info ][gc,heap        ] GC(233) PSYoungGen: 16737K->2113K(17920K)
[10.700s][info ][gc,heap        ] GC(233) ParOldGen: 21979K->22785K(30208K)
[10.700s][info ][gc,metaspace   ] GC(233) Metaspace: 15860K->15860K(1064960K)
[10.701s][info ][gc             ] GC(233) Pause Young (Allocation Failure) 37M->24M(47M) 1.585ms
[10.701s][info ][gc,cpu         ] GC(233) User=0.00s Sys=0.00s Real=0.00s
[10.702s][info ][gc,start       ] GC(234) Pause Young (Allocation Failure)
[10.703s][debug][gc,phases      ] GC(234) Scavenge 1.174ms
[10.703s][debug][gc,phases      ] GC(234) Reference Processing 0.020ms
[10.703s][debug][gc,phases      ] GC(234) Weak Processing 0.011ms
[10.703s][debug][gc,phases      ] GC(234) Scrub String Table 0.068ms
[10.703s][debug][gc,age         ] GC(234) Desired survivor size 3670016 bytes, new threshold 1 (max threshold 15)
[10.703s][info ][gc,heap        ] GC(234) PSYoungGen: 16370K->1267K(17920K)
[10.703s][info ][gc,heap        ] GC(234) ParOldGen: 22785K->23199K(30208K)
[10.703s][info ][gc,metaspace   ] GC(234) Metaspace: 15860K->15860K(1064960K)
[10.703s][info ][gc             ] GC(234) Pause Young (Allocation Failure) 38M->23M(47M) 1.475ms
[10.703s][info ][gc,cpu         ] GC(234) User=0.00s Sys=0.00s Real=0.00s
[10.704s][info ][gc,start       ] GC(235) Pause Young (Allocation Failure)
[10.705s][debug][gc,phases      ] GC(235) Scavenge 0.950ms
[10.705s][debug][gc,phases      ] GC(235) Reference Processing 0.020ms
[10.705s][debug][gc,phases      ] GC(235) Weak Processing 0.010ms
[10.706s][debug][gc,phases      ] GC(235) Scrub String Table 0.069ms
[10.706s][debug][gc,age         ] GC(235) Desired survivor size 3670016 bytes, new threshold 1 (max threshold 15)
[10.706s][info ][gc,heap        ] GC(235) PSYoungGen: 15289K->550K(17920K)
[10.706s][info ][gc,heap        ] GC(235) ParOldGen: 23199K->23598K(30208K)
[10.706s][info ][gc,metaspace   ] GC(235) Metaspace: 15860K->15860K(1064960K)
[10.706s][info ][gc             ] GC(235) Pause Young (Allocation Failure) 37M->23M(47M) 1.234ms
[10.706s][info ][gc,cpu         ] GC(235) User=0.01s Sys=0.00s Real=0.00s
[10.707s][info ][gc,start       ] GC(236) Pause Young (Allocation Failure)
[10.707s][debug][gc,phases      ] GC(236) Scavenge 0.458ms
[10.707s][debug][gc,phases      ] GC(236) Reference Processing 0.019ms
[10.707s][debug][gc,phases      ] GC(236) Weak Processing 0.010ms
[10.707s][debug][gc,phases      ] GC(236) Scrub String Table 0.068ms
[10.707s][debug][gc,age         ] GC(236) Desired survivor size 3670016 bytes, new threshold 1 (max threshold 15)
[10.707s][info ][gc,heap        ] GC(236) PSYoungGen: 14884K->1363K(17920K)
[10.707s][info ][gc,heap        ] GC(236) ParOldGen: 23598K->23614K(30208K)
[10.707s][info ][gc,metaspace   ] GC(236) Metaspace: 15860K->15860K(1064960K)
[10.707s][info ][gc             ] GC(236) Pause Young (Allocation Failure) 37M->24M(47M) 0.775ms
[10.707s][info ][gc,cpu         ] GC(236) User=0.01s Sys=0.00s Real=0.00s
[10.708s][info ][gc,start       ] GC(237) Pause Young (Allocation Failure)
[10.709s][debug][gc,phases      ] GC(237) Scavenge 0.833ms
[10.709s][debug][gc,phases      ] GC(237) Reference Processing 0.021ms
[10.709s][debug][gc,phases      ] GC(237) Weak Processing 0.011ms
[10.710s][debug][gc,phases      ] GC(237) Scrub String Table 0.068ms
[10.710s][debug][gc,age         ] GC(237) Desired survivor size 3670016 bytes, new threshold 1 (max threshold 15)
[10.710s][info ][gc,heap        ] GC(237) PSYoungGen: 15666K->1331K(17920K)
[10.710s][info ][gc,heap        ] GC(237) ParOldGen: 23614K->24036K(30208K)
[10.710s][info ][gc,metaspace   ] GC(237) Metaspace: 15860K->15860K(1064960K)
[10.710s][info ][gc             ] GC(237) Pause Young (Allocation Failure) 38M->24M(47M) 1.127ms
[10.710s][info ][gc,cpu         ] GC(237) User=0.01s Sys=0.00s Real=0.00s
[10.711s][info ][gc,start       ] GC(238) Pause Young (Allocation Failure)
[10.712s][debug][gc,phases      ] GC(238) Scavenge 1.026ms
[10.712s][debug][gc,phases      ] GC(238) Reference Processing 0.021ms
[10.712s][debug][gc,phases      ] GC(238) Weak Processing 0.011ms
[10.712s][debug][gc,phases      ] GC(238) Scrub String Table 0.071ms
[10.712s][debug][gc,age         ] GC(238) Desired survivor size 3670016 bytes, new threshold 1 (max threshold 15)
[10.712s][info ][gc,heap        ] GC(238) PSYoungGen: 15641K->1754K(17920K)
[10.712s][info ][gc,heap        ] GC(238) ParOldGen: 24036K->24451K(30208K)
[10.712s][info ][gc,metaspace   ] GC(238) Metaspace: 15860K->15860K(1064960K)
[10.712s][info ][gc             ] GC(238) Pause Young (Allocation Failure) 38M->25M(47M) 1.327ms
[10.712s][info ][gc,cpu         ] GC(238) User=0.01s Sys=0.00s Real=0.00s
[10.713s][info ][gc,start       ] GC(239) Pause Young (Allocation Failure)
[10.714s][debug][gc,phases      ] GC(239) Scavenge 1.142ms
[10.714s][debug][gc,phases      ] GC(239) Reference Processing 0.020ms
[10.714s][debug][gc,phases      ] GC(239) Weak Processing 0.011ms
[10.715s][debug][gc,phases      ] GC(239) Scrub String Table 0.069ms
[10.715s][debug][gc,age         ] GC(239) Desired survivor size 3670016 bytes, new threshold 1 (max threshold 15)
[10.715s][info ][gc,heap        ] GC(239) PSYoungGen: 15779K->2535K(17920K)
[10.715s][info ][gc,heap        ] GC(239) ParOldGen: 24451K->24866K(30208K)
[10.715s][info ][gc,metaspace   ] GC(239) Metaspace: 15860K->15860K(1064960K)
[10.715s][info ][gc             ] GC(239) Pause Young (Allocation Failure) 39M->26M(47M) 1.428ms
[10.715s][info ][gc,cpu         ] GC(239) User=0.01s Sys=0.00s Real=0.00s
[10.716s][info ][gc,start       ] GC(240) Pause Young (Allocation Failure)
[10.717s][debug][gc,phases      ] GC(240) Scavenge 1.038ms
[10.717s][debug][gc,phases      ] GC(240) Reference Processing 0.019ms
[10.717s][debug][gc,phases      ] GC(240) Weak Processing 0.011ms
[10.717s][debug][gc,phases      ] GC(240) Scrub String Table 0.069ms
[10.717s][debug][gc,age         ] GC(240) Desired survivor size 3670016 bytes, new threshold 1 (max threshold 15)
[10.717s][info ][gc,heap        ] GC(240) PSYoungGen: 16588K->877K(17920K)
[10.717s][info ][gc,heap        ] GC(240) ParOldGen: 24866K->25687K(30208K)
[10.717s][info ][gc,metaspace   ] GC(240) Metaspace: 15860K->15860K(1064960K)
[10.717s][info ][gc             ] GC(240) Pause Young (Allocation Failure) 40M->25M(47M) 1.326ms
[10.717s][info ][gc,cpu         ] GC(240) User=0.00s Sys=0.00s Real=0.01s
[10.718s][info ][gc,start       ] GC(241) Pause Young (Allocation Failure)
[10.720s][debug][gc,phases      ] GC(241) Scavenge 1.071ms
[10.720s][debug][gc,phases      ] GC(241) Reference Processing 0.018ms
[10.720s][debug][gc,phases      ] GC(241) Weak Processing 0.010ms
[10.720s][debug][gc,phases      ] GC(241) Scrub String Table 0.068ms
[10.720s][debug][gc,age         ] GC(241) Desired survivor size 3670016 bytes, new threshold 1 (max threshold 15)
[10.720s][info ][gc,heap        ] GC(241) PSYoungGen: 15183K->2177K(17920K)
[10.720s][info ][gc,heap        ] GC(241) ParOldGen: 25687K->25703K(30208K)
[10.720s][info ][gc,metaspace   ] GC(241) Metaspace: 15860K->15860K(1064960K)
[10.720s][info ][gc             ] GC(241) Pause Young (Allocation Failure) 39M->27M(47M) 1.353ms
[10.720s][info ][gc,cpu         ] GC(241) User=0.01s Sys=0.00s Real=0.00s
[10.721s][info ][gc,start       ] GC(242) Pause Young (Allocation Failure)
[10.722s][debug][gc,phases      ] GC(242) Scavenge 1.065ms
[10.722s][debug][gc,phases      ] GC(242) Reference Processing 0.021ms
[10.722s][debug][gc,phases      ] GC(242) Weak Processing 0.011ms
[10.722s][debug][gc,phases      ] GC(242) Scrub String Table 0.082ms
[10.722s][debug][gc,age         ] GC(242) Desired survivor size 3670016 bytes, new threshold 1 (max threshold 15)
[10.722s][info ][gc,heap        ] GC(242) PSYoungGen: 16138K->1395K(17920K)
[10.722s][info ][gc,heap        ] GC(242) ParOldGen: 25703K->26126K(30208K)
[10.722s][info ][gc,metaspace   ] GC(242) Metaspace: 15860K->15860K(1064960K)
[10.722s][info ][gc             ] GC(242) Pause Young (Allocation Failure) 40M->26M(47M) 1.434ms
[10.722s][info ][gc,cpu         ] GC(242) User=0.01s Sys=0.00s Real=0.00s
[10.723s][info ][gc,start       ] GC(243) Pause Young (Allocation Failure)
[10.724s][debug][gc,phases      ] GC(243) Scavenge 0.963ms
[10.724s][debug][gc,phases      ] GC(243) Reference Processing 0.018ms
[10.724s][debug][gc,phases      ] GC(243) Weak Processing 0.010ms
[10.725s][debug][gc,phases      ] GC(243) Scrub String Table 0.069ms
[10.725s][debug][gc,age         ] GC(243) Desired survivor size 3670016 bytes, new threshold 1 (max threshold 15)
[10.725s][info ][gc,heap        ] GC(243) PSYoungGen: 15721K->1786K(17920K)
[10.725s][info ][gc,heap        ] GC(243) ParOldGen: 26126K->26142K(30208K)
[10.725s][info ][gc,metaspace   ] GC(243) Metaspace: 15860K->15860K(1064960K)
[10.725s][info ][gc             ] GC(243) Pause Young (Allocation Failure) 40M->27M(47M) 1.238ms
[10.725s][info ][gc,cpu         ] GC(243) User=0.00s Sys=0.00s Real=0.00s
[10.726s][info ][gc,start       ] GC(244) Pause Young (Allocation Failure)
[10.727s][debug][gc,phases      ] GC(244) Scavenge 1.423ms
[10.727s][debug][gc,phases      ] GC(244) Reference Processing 0.023ms
[10.727s][debug][gc,phases      ] GC(244) Weak Processing 0.011ms
[10.727s][debug][gc,phases      ] GC(244) Scrub String Table 0.068ms
[10.727s][debug][gc,age         ] GC(244) Desired survivor size 3145728 bytes, new threshold 1 (max threshold 15)
[10.727s][info ][gc,heap        ] GC(244) PSYoungGen: 16088K->1363K(15872K)
[10.727s][info ][gc,heap        ] GC(244) ParOldGen: 26142K->26963K(30208K)
[10.728s][info ][gc,metaspace   ] GC(244) Metaspace: 15860K->15860K(1064960K)
[10.728s][info ][gc             ] GC(244) Pause Young (Allocation Failure) 41M->27M(45M) 1.934ms
[10.728s][info ][gc,cpu         ] GC(244) User=0.01s Sys=0.00s Real=0.01s
[10.729s][info ][gc,start       ] GC(245) Pause Young (Allocation Failure)
[10.730s][debug][gc,phases      ] GC(245) Scavenge 1.466ms
[10.730s][debug][gc,phases      ] GC(245) Reference Processing 0.021ms
[10.730s][debug][gc,phases      ] GC(245) Weak Processing 0.015ms
[10.731s][debug][gc,phases      ] GC(245) Scrub String Table 0.079ms
[10.731s][debug][gc,age         ] GC(245) Desired survivor size 3145728 bytes, new threshold 1 (max threshold 15)
[10.731s][info ][gc,heap        ] GC(245) PSYoungGen: 15565K->1299K(17408K)
[10.731s][info ][gc,heap        ] GC(245) ParOldGen: 26963K->27776K(30208K)
[10.731s][info ][gc,metaspace   ] GC(245) Metaspace: 15860K->15860K(1064960K)
[10.731s][info ][gc             ] GC(245) Pause Young (Allocation Failure) 41M->28M(46M) 1.819ms
[10.731s][info ][gc,cpu         ] GC(245) User=0.01s Sys=0.00s Real=0.00s
[10.732s][info ][gc,start       ] GC(246) Pause Young (Allocation Failure)
[10.733s][debug][gc,phases      ] GC(246) Scavenge 1.057ms
[10.733s][debug][gc,phases      ] GC(246) Reference Processing 0.020ms
[10.733s][debug][gc,phases      ] GC(246) Weak Processing 0.010ms
[10.733s][debug][gc,phases      ] GC(246) Scrub String Table 0.070ms
[10.733s][debug][gc,age         ] GC(246) Desired survivor size 3670016 bytes, new threshold 1 (max threshold 15)
[10.733s][info ][gc,heap        ] GC(246) PSYoungGen: 15344K->2926K(17408K)
[10.733s][info ][gc,heap        ] GC(246) ParOldGen: 27776K->27784K(30208K)
[10.733s][info ][gc,metaspace   ] GC(246) Metaspace: 15860K->15860K(1064960K)
[10.733s][info ][gc             ] GC(246) Pause Young (Allocation Failure) 42M->29M(46M) 1.340ms
[10.733s][info ][gc,cpu         ] GC(246) User=0.01s Sys=0.00s Real=0.00s
[10.734s][info ][gc,start       ] GC(247) Pause Young (Allocation Failure)
[10.736s][debug][gc,phases      ] GC(247) Scavenge 1.525ms
[10.736s][debug][gc,phases      ] GC(247) Reference Processing 0.021ms
[10.736s][debug][gc,phases      ] GC(247) Weak Processing 0.010ms
[10.736s][debug][gc,phases      ] GC(247) Scrub String Table 0.068ms
[10.736s][debug][gc,age         ] GC(247) Desired survivor size 3670016 bytes, new threshold 1 (max threshold 15)
[10.736s][info ][gc,heap        ] GC(247) PSYoungGen: 16992K->1818K(17920K)
[10.736s][info ][gc,heap        ] GC(247) ParOldGen: 27784K->28215K(30208K)
[10.736s][info ][gc,metaspace   ] GC(247) Metaspace: 15860K->15860K(1064960K)
[10.736s][info ][gc             ] GC(247) Pause Young (Allocation Failure) 43M->29M(47M) 1.829ms
[10.736s][info ][gc,cpu         ] GC(247) User=0.01s Sys=0.00s Real=0.00s
[10.737s][info ][gc,start       ] GC(248) Pause Young (Allocation Failure)
[10.738s][debug][gc,phases      ] GC(248) Scavenge 1.088ms
[10.738s][debug][gc,phases      ] GC(248) Reference Processing 0.026ms
[10.739s][debug][gc,phases      ] GC(248) Weak Processing 0.011ms
[10.739s][debug][gc,phases      ] GC(248) Scrub String Table 0.070ms
[10.739s][debug][gc,age         ] GC(248) Desired survivor size 3670016 bytes, new threshold 1 (max threshold 15)
[10.739s][info ][gc,heap        ] GC(248) PSYoungGen: 16104K->518K(17920K)
[10.739s][info ][gc,heap        ] GC(248) ParOldGen: 28215K->29427K(30208K)
[10.739s][info ][gc,metaspace   ] GC(248) Metaspace: 15860K->15860K(1064960K)
[10.739s][info ][gc             ] GC(248) Pause Young (Allocation Failure) 43M->29M(47M) 1.384ms
[10.739s][info ][gc,cpu         ] GC(248) User=0.01s Sys=0.00s Real=0.00s
[10.739s][debug][gc,phases      ] GC(249) Pre Compact 0.011ms
[10.739s][info ][gc,start       ] GC(249) Pause Full (Ergonomics)
[10.739s][info ][gc,phases,start] GC(249) Marking Phase
[10.741s][debug][gc,phases      ] GC(249) Par Mark 2.137ms
[10.741s][debug][gc,phases      ] GC(249) Reference Processing 0.046ms
[10.741s][debug][gc,phases      ] GC(249) Weak Processing 0.011ms
[10.741s][debug][gc,phases      ] GC(249) ClassLoaderData 0.019ms
[10.741s][debug][gc,phases      ] GC(249) ProtectionDomainCacheTable 0.002ms
[10.741s][debug][gc,phases      ] GC(249) ResolvedMethodTable 0.021ms
[10.742s][debug][gc,phases      ] GC(249) Class Unloading 0.801ms
[10.742s][debug][gc,phases      ] GC(249) Scrub String Table 0.054ms
[10.743s][debug][gc,phases      ] GC(249) Scrub Symbol Table 0.997ms
[10.743s][info ][gc,phases      ] GC(249) Marking Phase 4.177ms
[10.743s][info ][gc,phases,start] GC(249) Summary Phase
[10.743s][info ][gc,phases      ] GC(249) Summary Phase 0.013ms
[10.743s][info ][gc,phases,start] GC(249) Adjust Roots
[10.745s][info ][gc,phases      ] GC(249) Adjust Roots 1.579ms
[10.745s][info ][gc,phases,start] GC(249) Compaction Phase
[10.746s][info ][gc,phases      ] GC(249) Compaction Phase 1.651ms
[10.746s][info ][gc,phases,start] GC(249) Post Compact
[10.746s][info ][gc,phases      ] GC(249) Post Compact 0.075ms
[10.746s][info ][gc,heap        ] GC(249) PSYoungGen: 518K->0K(17920K)
[10.746s][info ][gc,heap        ] GC(249) ParOldGen: 29427K->4636K(29696K)
[10.746s][info ][gc,metaspace   ] GC(249) Metaspace: 15860K->15860K(1064960K)
[10.746s][info ][gc             ] GC(249) Pause Full (Ergonomics) 29M->4M(46M) 7.668ms
[10.746s][info ][gc,cpu         ] GC(249) User=0.03s Sys=0.00s Real=0.01s
[10.748s][info ][gc,start       ] GC(250) Pause Young (Allocation Failure)
[10.748s][debug][gc,phases      ] GC(250) Scavenge 0.407ms
[10.748s][debug][gc,phases      ] GC(250) Reference Processing 0.020ms
[10.748s][debug][gc,phases      ] GC(250) Weak Processing 0.013ms
[10.748s][debug][gc,phases      ] GC(250) Scrub String Table 0.068ms
[10.748s][debug][gc,age         ] GC(250) Desired survivor size 3670016 bytes, new threshold 1 (max threshold 15)
[10.748s][info ][gc,heap        ] GC(250) PSYoungGen: 14273K->128K(17920K)
[10.748s][info ][gc,heap        ] GC(250) ParOldGen: 4636K->4636K(29696K)
[10.748s][info ][gc,metaspace   ] GC(250) Metaspace: 15860K->15860K(1064960K)
[10.748s][info ][gc             ] GC(250) Pause Young (Allocation Failure) 18M->4M(46M) 0.690ms
[10.748s][info ][gc,cpu         ] GC(250) User=0.00s Sys=0.00s Real=0.00s
[10.749s][info ][gc,start       ] GC(251) Pause Young (Allocation Failure)
[10.750s][debug][gc,phases      ] GC(251) Scavenge 0.274ms
[10.750s][debug][gc,phases      ] GC(251) Reference Processing 0.020ms
[10.750s][debug][gc,phases      ] GC(251) Weak Processing 0.010ms
[10.750s][debug][gc,phases      ] GC(251) Scrub String Table 0.068ms
[10.750s][debug][gc,age         ] GC(251) Desired survivor size 3670016 bytes, new threshold 1 (max threshold 15)
[10.750s][info ][gc,heap        ] GC(251) PSYoungGen: 14462K->2177K(17920K)
[10.750s][info ][gc,heap        ] GC(251) ParOldGen: 4636K->4652K(29696K)
[10.750s][info ][gc,metaspace   ] GC(251) Metaspace: 15860K->15860K(1064960K)
[10.750s][info ][gc             ] GC(251) Pause Young (Allocation Failure) 18M->6M(46M) 0.559ms
[10.750s][info ][gc,cpu         ] GC(251) User=0.00s Sys=0.00s Real=0.00s
[10.751s][info ][gc,start       ] GC(252) Pause Young (Allocation Failure)
[10.752s][debug][gc,phases      ] GC(252) Scavenge 0.788ms
[10.752s][debug][gc,phases      ] GC(252) Reference Processing 0.033ms
[10.752s][debug][gc,phases      ] GC(252) Weak Processing 0.011ms
[10.752s][debug][gc,phases      ] GC(252) Scrub String Table 0.072ms
[10.752s][debug][gc,age         ] GC(252) Desired survivor size 3670016 bytes, new threshold 1 (max threshold 15)
[10.752s][info ][gc,heap        ] GC(252) PSYoungGen: 16483K->973K(17920K)
[10.752s][info ][gc,heap        ] GC(252) ParOldGen: 4652K->5458K(29696K)
[10.752s][info ][gc,metaspace   ] GC(252) Metaspace: 15860K->15860K(1064960K)
[10.752s][info ][gc             ] GC(252) Pause Young (Allocation Failure) 20M->6M(46M) 1.112ms
[10.752s][info ][gc,cpu         ] GC(252) User=0.01s Sys=0.01s Real=0.00s
[10.753s][info ][gc,start       ] GC(253) Pause Young (Allocation Failure)
[10.754s][debug][gc,phases      ] GC(253) Scavenge 0.963ms
[10.754s][debug][gc,phases      ] GC(253) Reference Processing 0.019ms
[10.754s][debug][gc,phases      ] GC(253) Weak Processing 0.011ms
[10.754s][debug][gc,phases      ] GC(253) Scrub String Table 0.070ms
[10.754s][debug][gc,age         ] GC(253) Desired survivor size 3670016 bytes, new threshold 1 (max threshold 15)
[10.754s][info ][gc,heap        ] GC(253) PSYoungGen: 15189K->1331K(17920K)
[10.754s][info ][gc,heap        ] GC(253) ParOldGen: 5458K->5872K(29696K)
[10.754s][info ][gc,metaspace   ] GC(253) Metaspace: 15860K->15860K(1064960K)
[10.754s][info ][gc             ] GC(253) Pause Young (Allocation Failure) 20M->7M(46M) 1.244ms
[10.754s][info ][gc,cpu         ] GC(253) User=0.01s Sys=0.00s Real=0.00s
[10.756s][info ][gc,start       ] GC(254) Pause Young (Allocation Failure)
[10.757s][debug][gc,phases      ] GC(254) Scavenge 1.058ms
[10.757s][debug][gc,phases      ] GC(254) Reference Processing 0.020ms
[10.757s][debug][gc,phases      ] GC(254) Weak Processing 0.011ms
[10.757s][debug][gc,phases      ] GC(254) Scrub String Table 0.069ms
[10.757s][debug][gc,age         ] GC(254) Desired survivor size 3670016 bytes, new threshold 1 (max threshold 15)
[10.757s][info ][gc,heap        ] GC(254) PSYoungGen: 15607K->2862K(17920K)
[10.757s][info ][gc,heap        ] GC(254) ParOldGen: 5872K->6303K(29696K)
[10.757s][info ][gc,metaspace   ] GC(254) Metaspace: 15860K->15860K(1064960K)
[10.757s][info ][gc             ] GC(254) Pause Young (Allocation Failure) 20M->8M(46M) 1.349ms
[10.757s][info ][gc,cpu         ] GC(254) User=0.00s Sys=0.00s Real=0.01s
[10.758s][info ][gc,start       ] GC(255) Pause Young (Allocation Failure)
[10.759s][debug][gc,phases      ] GC(255) Scavenge 1.245ms
[10.759s][debug][gc,phases      ] GC(255) Reference Processing 0.020ms
[10.759s][debug][gc,phases      ] GC(255) Weak Processing 0.011ms
[10.760s][debug][gc,phases      ] GC(255) Scrub String Table 0.068ms
[10.760s][debug][gc,age         ] GC(255) Desired survivor size 3670016 bytes, new threshold 1 (max threshold 15)
[10.760s][info ][gc,heap        ] GC(255) PSYoungGen: 17013K->1786K(17920K)
[10.760s][info ][gc,heap        ] GC(255) ParOldGen: 6303K->6319K(29696K)
[10.760s][info ][gc,metaspace   ] GC(255) Metaspace: 15860K->15860K(1064960K)
[10.760s][info ][gc             ] GC(255) Pause Young (Allocation Failure) 22M->7M(46M) 1.532ms
[10.760s][info ][gc,cpu         ] GC(255) User=0.01s Sys=0.00s Real=0.00s
[10.761s][info ][gc,start       ] GC(256) Pause Young (Allocation Failure)
[10.762s][debug][gc,phases      ] GC(256) Scavenge 0.920ms
[10.762s][debug][gc,phases      ] GC(256) Reference Processing 0.019ms
[10.762s][debug][gc,phases      ] GC(256) Weak Processing 0.011ms
[10.762s][debug][gc,phases      ] GC(256) Scrub String Table 0.069ms
[10.762s][debug][gc,age         ] GC(256) Desired survivor size 3670016 bytes, new threshold 1 (max threshold 15)
[10.762s][info ][gc,heap        ] GC(256) PSYoungGen: 16106K->1786K(17920K)
[10.762s][info ][gc,heap        ] GC(256) ParOldGen: 6319K->6343K(29696K)
[10.762s][info ][gc,metaspace   ] GC(256) Metaspace: 15860K->15860K(1064960K)
[10.762s][info ][gc             ] GC(256) Pause Young (Allocation Failure) 21M->7M(46M) 1.192ms
[10.762s][info ][gc,cpu         ] GC(256) User=0.01s Sys=0.00s Real=0.00s
[10.763s][info ][gc,start       ] GC(257) Pause Young (Allocation Failure)
[10.764s][debug][gc,phases      ] GC(257) Scavenge 1.121ms
[10.764s][debug][gc,phases      ] GC(257) Reference Processing 0.020ms
[10.764s][debug][gc,phases      ] GC(257) Weak Processing 0.014ms
[10.765s][debug][gc,phases      ] GC(257) Scrub String Table 0.080ms
[10.765s][debug][gc,age         ] GC(257) Desired survivor size 3670016 bytes, new threshold 1 (max threshold 15)
[10.765s][info ][gc,heap        ] GC(257) PSYoungGen: 15822K->2081K(17920K)
[10.765s][info ][gc,heap        ] GC(257) ParOldGen: 6343K->6774K(29696K)
[10.765s][info ][gc,metaspace   ] GC(257) Metaspace: 15860K->15860K(1064960K)
[10.765s][info ][gc             ] GC(257) Pause Young (Allocation Failure) 21M->8M(46M) 1.423ms
[10.765s][info ][gc,cpu         ] GC(257) User=0.00s Sys=0.00s Real=0.00s
[10.766s][info ][gc,start       ] GC(258) Pause Young (Allocation Failure)
[10.767s][debug][gc,phases      ] GC(258) Scavenge 1.117ms
[10.767s][debug][gc,phases      ] GC(258) Reference Processing 0.019ms
[10.767s][debug][gc,phases      ] GC(258) Weak Processing 0.011ms
[10.767s][debug][gc,phases      ] GC(258) Scrub String Table 0.068ms
[10.767s][debug][gc,age         ] GC(258) Desired survivor size 3670016 bytes, new threshold 1 (max threshold 15)
[10.767s][info ][gc,heap        ] GC(258) PSYoungGen: 16141K->2503K(17920K)
[10.767s][info ][gc,heap        ] GC(258) ParOldGen: 6774K->7204K(29696K)
[10.767s][info ][gc,metaspace   ] GC(258) Metaspace: 15860K->15860K(1064960K)
[10.767s][info ][gc             ] GC(258) Pause Young (Allocation Failure) 22M->9M(46M) 1.404ms
[10.767s][info ][gc,cpu         ] GC(258) User=0.01s Sys=0.00s Real=0.01s
[10.768s][info ][gc,start       ] GC(259) Pause Young (Allocation Failure)
[10.769s][debug][gc,phases      ] GC(259) Scavenge 0.863ms
[10.769s][debug][gc,phases      ] GC(259) Reference Processing 0.020ms
[10.769s][debug][gc,phases      ] GC(259) Weak Processing 0.010ms
[10.769s][debug][gc,phases      ] GC(259) Scrub String Table 0.069ms
[10.769s][debug][gc,age         ] GC(259) Desired survivor size 3670016 bytes, new threshold 1 (max threshold 15)
[10.769s][info ][gc,heap        ] GC(259) PSYoungGen: 16828K->192K(17920K)
[10.769s][info ][gc,heap        ] GC(259) ParOldGen: 7204K->7635K(29696K)
[10.769s][info ][gc,metaspace   ] GC(259) Metaspace: 15860K->15860K(1064960K)
[10.769s][info ][gc             ] GC(259) Pause Young (Allocation Failure) 23M->7M(46M) 1.154ms
[10.769s][info ][gc,cpu         ] GC(259) User=0.01s Sys=0.00s Real=0.00s
[10.770s][info ][gc,start       ] GC(260) Pause Young (Allocation Failure)
[10.772s][debug][gc,phases      ] GC(260) Scavenge 1.059ms
[10.772s][debug][gc,phases      ] GC(260) Reference Processing 0.021ms
[10.772s][debug][gc,phases      ] GC(260) Weak Processing 0.011ms
[10.772s][debug][gc,phases      ] GC(260) Scrub String Table 0.068ms
[10.772s][debug][gc,age         ] GC(260) Desired survivor size 3670016 bytes, new threshold 1 (max threshold 15)
[10.772s][info ][gc,heap        ] GC(260) PSYoungGen: 14461K->1754K(17920K)
[10.772s][info ][gc,heap        ] GC(260) ParOldGen: 7635K->7659K(29696K)
[10.772s][info ][gc,metaspace   ] GC(260) Metaspace: 15860K->15860K(1064960K)
[10.772s][info ][gc             ] GC(260) Pause Young (Allocation Failure) 21M->9M(46M) 1.388ms
[10.772s][info ][gc,cpu         ] GC(260) User=0.00s Sys=0.00s Real=0.00s
[10.773s][info ][gc,start       ] GC(261) Pause Young (Allocation Failure)
[10.774s][debug][gc,phases      ] GC(261) Scavenge 1.170ms
[10.774s][debug][gc,phases      ] GC(261) Reference Processing 0.019ms
[10.774s][debug][gc,phases      ] GC(261) Weak Processing 0.011ms
[10.774s][debug][gc,phases      ] GC(261) Scrub String Table 0.069ms
[10.774s][debug][gc,age         ] GC(261) Desired survivor size 3670016 bytes, new threshold 1 (max threshold 15)
[10.774s][info ][gc,heap        ] GC(261) PSYoungGen: 16090K->845K(17920K)
[10.774s][info ][gc,heap        ] GC(261) ParOldGen: 7659K->7675K(29696K)
[10.774s][info ][gc,metaspace   ] GC(261) Metaspace: 15860K->15860K(1064960K)
[10.774s][info ][gc             ] GC(261) Pause Young (Allocation Failure) 23M->8M(46M) 1.524ms
[10.774s][info ][gc,cpu         ] GC(261) User=0.00s Sys=0.00s Real=0.00s
[10.776s][info ][gc,start       ] GC(262) Pause Young (Allocation Failure)
[10.778s][debug][gc,phases      ] GC(262) Scavenge 1.493ms
[10.778s][debug][gc,phases      ] GC(262) Reference Processing 0.019ms
[10.778s][debug][gc,phases      ] GC(262) Weak Processing 0.012ms
[10.778s][debug][gc,phases      ] GC(262) Scrub String Table 0.071ms
[10.778s][debug][gc,age         ] GC(262) Desired survivor size 3670016 bytes, new threshold 1 (max threshold 15)
[10.778s][info ][gc,heap        ] GC(262) PSYoungGen: 15019K->454K(17920K)
[10.778s][info ][gc,heap        ] GC(262) ParOldGen: 7675K->7691K(29696K)
[10.778s][info ][gc,metaspace   ] GC(262) Metaspace: 15860K->15860K(1064960K)
[10.778s][info ][gc             ] GC(262) Pause Young (Allocation Failure) 22M->7M(46M) 1.779ms
[10.778s][info ][gc,cpu         ] GC(262) User=0.01s Sys=0.00s Real=0.01s
[10.779s][info ][gc,start       ] GC(263) Pause Young (Allocation Failure)
[10.781s][debug][gc,phases      ] GC(263) Scavenge 1.041ms
[10.781s][debug][gc,phases      ] GC(263) Reference Processing 0.019ms
[10.781s][debug][gc,phases      ] GC(263) Weak Processing 0.012ms
[10.781s][debug][gc,phases      ] GC(263) Scrub String Table 0.069ms
[10.781s][debug][gc,age         ] GC(263) Desired survivor size 3670016 bytes, new threshold 1 (max threshold 15)
[10.781s][info ][gc,heap        ] GC(263) PSYoungGen: 14421K->1690K(17920K)
[10.781s][info ][gc,heap        ] GC(263) ParOldGen: 7691K->7691K(29696K)
[10.781s][info ][gc,metaspace   ] GC(263) Metaspace: 15860K->15860K(1064960K)
[10.781s][info ][gc             ] GC(263) Pause Young (Allocation Failure) 21M->9M(46M) 1.330ms
[10.781s][info ][gc,cpu         ] GC(263) User=0.01s Sys=0.00s Real=0.00s
[10.782s][info ][gc,start       ] GC(264) Pause Young (Allocation Failure)
[10.783s][debug][gc,phases      ] GC(264) Scavenge 0.978ms
[10.783s][debug][gc,phases      ] GC(264) Reference Processing 0.018ms
[10.783s][debug][gc,phases      ] GC(264) Weak Processing 0.012ms
[10.784s][debug][gc,phases      ] GC(264) Scrub String Table 0.071ms
[10.784s][debug][gc,age         ] GC(264) Desired survivor size 3670016 bytes, new threshold 1 (max threshold 15)
[10.784s][info ][gc,heap        ] GC(264) PSYoungGen: 16022K->941K(17920K)
[10.784s][info ][gc,heap        ] GC(264) ParOldGen: 7691K->7715K(29696K)
[10.784s][info ][gc,metaspace   ] GC(264) Metaspace: 15860K->15860K(1064960K)
[10.784s][info ][gc             ] GC(264) Pause Young (Allocation Failure) 23M->8M(46M) 1.250ms
[10.784s][info ][gc,cpu         ] GC(264) User=0.00s Sys=0.00s Real=0.00s
[10.785s][info ][gc,start       ] GC(265) Pause Young (Allocation Failure)
[10.786s][debug][gc,phases      ] GC(265) Scavenge 1.091ms
[10.786s][debug][gc,phases      ] GC(265) Reference Processing 0.023ms
[10.786s][debug][gc,phases      ] GC(265) Weak Processing 0.013ms
[10.786s][debug][gc,phases      ] GC(265) Scrub String Table 0.098ms
[10.786s][debug][gc,age         ] GC(265) Desired survivor size 3670016 bytes, new threshold 1 (max threshold 15)
[10.786s][info ][gc,heap        ] GC(265) PSYoungGen: 15052K->2017K(17920K)
[10.786s][info ][gc,heap        ] GC(265) ParOldGen: 7715K->7723K(29696K)
[10.786s][info ][gc,metaspace   ] GC(265) Metaspace: 15860K->15860K(1064960K)
[10.786s][info ][gc             ] GC(265) Pause Young (Allocation Failure) 22M->9M(46M) 1.456ms
[10.786s][info ][gc,cpu         ] GC(265) User=0.01s Sys=0.00s Real=0.00s
[10.787s][info ][gc,start       ] GC(266) Pause Young (Allocation Failure)
[10.788s][debug][gc,phases      ] GC(266) Scavenge 0.949ms
[10.788s][debug][gc,phases      ] GC(266) Reference Processing 0.020ms
[10.788s][debug][gc,phases      ] GC(266) Weak Processing 0.010ms
[10.788s][debug][gc,phases      ] GC(266) Scrub String Table 0.068ms
[10.788s][debug][gc,age         ] GC(266) Desired survivor size 3670016 bytes, new threshold 1 (max threshold 15)
[10.788s][info ][gc,heap        ] GC(266) PSYoungGen: 16216K->550K(17920K)
[10.789s][info ][gc,heap        ] GC(266) ParOldGen: 7723K->8544K(29696K)
[10.789s][info ][gc,metaspace   ] GC(266) Metaspace: 15860K->15860K(1064960K)
[10.789s][info ][gc             ] GC(266) Pause Young (Allocation Failure) 23M->8M(46M) 1.232ms
[10.789s][info ][gc,cpu         ] GC(266) User=0.01s Sys=0.00s Real=0.00s
[10.790s][info ][gc,start       ] GC(267) Pause Young (Allocation Failure)
[10.791s][debug][gc,phases      ] GC(267) Scavenge 1.092ms
[10.791s][debug][gc,phases      ] GC(267) Reference Processing 0.020ms
[10.791s][debug][gc,phases      ] GC(267) Weak Processing 0.014ms
[10.791s][debug][gc,phases      ] GC(267) Scrub String Table 0.077ms
[10.791s][debug][gc,age         ] GC(267) Desired survivor size 3145728 bytes, new threshold 1 (max threshold 15)
[10.791s][info ][gc,heap        ] GC(267) PSYoungGen: 14529K->1363K(16896K)
[10.791s][info ][gc,heap        ] GC(267) ParOldGen: 8544K->8568K(29696K)
[10.791s][info ][gc,metaspace   ] GC(267) Metaspace: 15860K->15860K(1064960K)
[10.791s][info ][gc             ] GC(267) Pause Young (Allocation Failure) 22M->9M(45M) 1.409ms
[10.791s][info ][gc,cpu         ] GC(267) User=0.01s Sys=0.00s Real=0.00s
[10.792s][info ][gc,start       ] GC(268) Pause Young (Allocation Failure)
[10.794s][debug][gc,phases      ] GC(268) Scavenge 1.711ms
[10.794s][debug][gc,phases      ] GC(268) Reference Processing 0.019ms
[10.794s][debug][gc,phases      ] GC(268) Weak Processing 0.010ms
[10.794s][debug][gc,phases      ] GC(268) Scrub String Table 0.069ms
[10.794s][debug][gc,age         ] GC(268) Desired survivor size 3145728 bytes, new threshold 1 (max threshold 15)
[10.794s][info ][gc,heap        ] GC(268) PSYoungGen: 15347K->1690K(17408K)
[10.794s][info ][gc,heap        ] GC(268) ParOldGen: 8568K->9365K(29696K)
[10.794s][info ][gc,metaspace   ] GC(268) Metaspace: 15860K->15860K(1064960K)
[10.794s][info ][gc             ] GC(268) Pause Young (Allocation Failure) 23M->10M(46M) 2.000ms
[10.794s][info ][gc,cpu         ] GC(268) User=0.01s Sys=0.00s Real=0.00s
[10.795s][info ][gc,start       ] GC(269) Pause Young (Allocation Failure)
[10.796s][debug][gc,phases      ] GC(269) Scavenge 1.057ms
[10.796s][debug][gc,phases      ] GC(269) Reference Processing 0.021ms
[10.796s][debug][gc,phases      ] GC(269) Weak Processing 0.011ms
[10.796s][debug][gc,phases      ] GC(269) Scrub String Table 0.068ms
[10.796s][debug][gc,age         ] GC(269) Desired survivor size 3145728 bytes, new threshold 1 (max threshold 15)
[10.796s][info ][gc,heap        ] GC(269) PSYoungGen: 15686K->518K(18432K)
[10.796s][info ][gc,heap        ] GC(269) ParOldGen: 9365K->9780K(29696K)
[10.796s][info ][gc,metaspace   ] GC(269) Metaspace: 15860K->15860K(1064960K)
[10.796s][info ][gc             ] GC(269) Pause Young (Allocation Failure) 24M->10M(47M) 1.398ms
[10.796s][info ][gc,cpu         ] GC(269) User=0.01s Sys=0.00s Real=0.01s
[10.798s][info ][gc,start       ] GC(270) Pause Young (Allocation Failure)
[10.799s][debug][gc,phases      ] GC(270) Scavenge 0.971ms
[10.799s][debug][gc,phases      ] GC(270) Reference Processing 0.022ms
[10.799s][debug][gc,phases      ] GC(270) Weak Processing 0.022ms
[10.799s][debug][gc,phases      ] GC(270) Scrub String Table 0.074ms
[10.799s][debug][gc,age         ] GC(270) Desired survivor size 3145728 bytes, new threshold 1 (max threshold 15)
[10.799s][info ][gc,heap        ] GC(270) PSYoungGen: 15546K->1331K(18432K)
[10.799s][info ][gc,heap        ] GC(270) ParOldGen: 9780K->9820K(29696K)
[10.799s][info ][gc,metaspace   ] GC(270) Metaspace: 15860K->15860K(1064960K)
[10.799s][info ][gc             ] GC(270) Pause Young (Allocation Failure) 24M->10M(47M) 1.313ms
[10.799s][info ][gc,cpu         ] GC(270) User=0.01s Sys=0.01s Real=0.00s
[10.800s][info ][gc,start       ] GC(271) Pause Young (Allocation Failure)
[10.801s][debug][gc,phases      ] GC(271) Scavenge 1.048ms
[10.801s][debug][gc,phases      ] GC(271) Reference Processing 0.025ms
[10.801s][debug][gc,phases      ] GC(271) Weak Processing 0.011ms
[10.801s][debug][gc,phases      ] GC(271) Scrub String Table 0.072ms
[10.801s][debug][gc,age         ] GC(271) Desired survivor size 3670016 bytes, new threshold 1 (max threshold 15)
[10.801s][info ][gc,heap        ] GC(271) PSYoungGen: 16646K->2990K(17408K)
[10.801s][info ][gc,heap        ] GC(271) ParOldGen: 9820K->9828K(29696K)
[10.801s][info ][gc,metaspace   ] GC(271) Metaspace: 15860K->15860K(1064960K)
[10.802s][info ][gc             ] GC(271) Pause Young (Allocation Failure) 25M->12M(46M) 1.357ms
[10.802s][info ][gc,cpu         ] GC(271) User=0.00s Sys=0.00s Real=0.00s
[10.803s][info ][gc,start       ] GC(272) Pause Young (Allocation Failure)
[10.804s][debug][gc,phases      ] GC(272) Scavenge 1.007ms
[10.804s][debug][gc,phases      ] GC(272) Reference Processing 0.020ms
[10.804s][debug][gc,phases      ] GC(272) Weak Processing 0.011ms
[10.804s][debug][gc,phases      ] GC(272) Scrub String Table 0.085ms
[10.804s][debug][gc,age         ] GC(272) Desired survivor size 3670016 bytes, new threshold 1 (max threshold 15)
[10.804s][info ][gc,heap        ] GC(272) PSYoungGen: 17045K->2145K(17920K)
[10.804s][info ][gc,heap        ] GC(272) ParOldGen: 9828K->10251K(29696K)
[10.804s][info ][gc,metaspace   ] GC(272) Metaspace: 15860K->15860K(1064960K)
[10.804s][info ][gc             ] GC(272) Pause Young (Allocation Failure) 26M->12M(46M) 1.302ms
[10.804s][info ][gc,cpu         ] GC(272) User=0.01s Sys=0.00s Real=0.00s
[10.806s][info ][gc,start       ] GC(273) Pause Young (Allocation Failure)
[10.807s][debug][gc,phases      ] GC(273) Scavenge 1.012ms
[10.807s][debug][gc,phases      ] GC(273) Reference Processing 0.019ms
[10.807s][debug][gc,phases      ] GC(273) Weak Processing 0.011ms
[10.807s][debug][gc,phases      ] GC(273) Scrub String Table 0.069ms
[10.807s][debug][gc,age         ] GC(273) Desired survivor size 3670016 bytes, new threshold 1 (max threshold 15)
[10.807s][info ][gc,heap        ] GC(273) PSYoungGen: 16318K->486K(17920K)
[10.807s][info ][gc,heap        ] GC(273) ParOldGen: 10251K->11471K(29696K)
[10.807s][info ][gc,metaspace   ] GC(273) Metaspace: 15860K->15860K(1064960K)
[10.807s][info ][gc             ] GC(273) Pause Young (Allocation Failure) 25M->11M(46M) 1.297ms
[10.807s][info ][gc,cpu         ] GC(273) User=0.01s Sys=0.00s Real=0.01s
[10.809s][info ][gc,start       ] GC(274) Pause Young (Allocation Failure)
[10.810s][debug][gc,phases      ] GC(274) Scavenge 1.098ms
[10.810s][debug][gc,phases      ] GC(274) Reference Processing 0.020ms
[10.810s][debug][gc,phases      ] GC(274) Weak Processing 0.011ms
[10.810s][debug][gc,phases      ] GC(274) Scrub String Table 0.069ms
[10.810s][debug][gc,age         ] GC(274) Desired survivor size 3670016 bytes, new threshold 1 (max threshold 15)
[10.810s][info ][gc,heap        ] GC(274) PSYoungGen: 14700K->454K(17920K)
[10.810s][info ][gc,heap        ] GC(274) ParOldGen: 11471K->11869K(29696K)
[10.810s][info ][gc,metaspace   ] GC(274) Metaspace: 15860K->15860K(1064960K)
[10.810s][info ][gc             ] GC(274) Pause Young (Allocation Failure) 25M->12M(46M) 1.426ms
[10.810s][info ][gc,cpu         ] GC(274) User=0.01s Sys=0.00s Real=0.00s
[10.812s][info ][gc,start       ] GC(275) Pause Young (Allocation Failure)
[10.813s][debug][gc,phases      ] GC(275) Scavenge 1.181ms
[10.813s][debug][gc,phases      ] GC(275) Reference Processing 0.033ms
[10.813s][debug][gc,phases      ] GC(275) Weak Processing 0.012ms
[10.813s][debug][gc,phases      ] GC(275) Scrub String Table 0.071ms
[10.813s][debug][gc,age         ] GC(275) Desired survivor size 3670016 bytes, new threshold 1 (max threshold 15)
[10.813s][info ][gc,heap        ] GC(275) PSYoungGen: 14618K->845K(17920K)
[10.813s][info ][gc,heap        ] GC(275) ParOldGen: 11869K->11877K(29696K)
[10.813s][info ][gc,metaspace   ] GC(275) Metaspace: 15860K->15860K(1064960K)
[10.813s][info ][gc             ] GC(275) Pause Young (Allocation Failure) 25M->12M(46M) 1.531ms
[10.813s][info ][gc,cpu         ] GC(275) User=0.01s Sys=0.00s Real=0.00s
[10.815s][info ][gc,start       ] GC(276) Pause Young (Allocation Failure)
[10.816s][debug][gc,phases      ] GC(276) Scavenge 0.995ms
[10.816s][debug][gc,phases      ] GC(276) Reference Processing 0.027ms
[10.816s][debug][gc,phases      ] GC(276) Weak Processing 0.016ms
[10.816s][debug][gc,phases      ] GC(276) Scrub String Table 0.083ms
[10.816s][debug][gc,age         ] GC(276) Desired survivor size 3145728 bytes, new threshold 1 (max threshold 15)
[10.816s][info ][gc,heap        ] GC(276) PSYoungGen: 15102K->1331K(15872K)
[10.816s][info ][gc,heap        ] GC(276) ParOldGen: 11877K->11885K(29696K)
[10.816s][info ][gc,metaspace   ] GC(276) Metaspace: 15860K->15860K(1064960K)
[10.816s][info ][gc             ] GC(276) Pause Young (Allocation Failure) 26M->12M(44M) 1.488ms
[10.816s][info ][gc,cpu         ] GC(276) User=0.01s Sys=0.00s Real=0.00s
[10.817s][info ][gc,start       ] GC(277) Pause Young (Allocation Failure)
[10.819s][debug][gc,phases      ] GC(277) Scavenge 0.964ms
[10.819s][debug][gc,phases      ] GC(277) Reference Processing 0.023ms
[10.819s][debug][gc,phases      ] GC(277) Weak Processing 0.010ms
[10.819s][debug][gc,phases      ] GC(277) Scrub String Table 0.070ms
[10.819s][debug][gc,age         ] GC(277) Desired survivor size 3145728 bytes, new threshold 1 (max threshold 15)
[10.819s][info ][gc,heap        ] GC(277) PSYoungGen: 15576K->909K(17408K)
[10.819s][info ][gc,heap        ] GC(277) ParOldGen: 11885K->12698K(29696K)
[10.819s][info ][gc,metaspace   ] GC(277) Metaspace: 15860K->15860K(1064960K)
[10.819s][info ][gc             ] GC(277) Pause Young (Allocation Failure) 26M->13M(46M) 1.279ms
[10.819s][info ][gc,cpu         ] GC(277) User=0.00s Sys=0.00s Real=0.00s
[10.820s][info ][gc,start       ] GC(278) Pause Young (Allocation Failure)
[10.821s][debug][gc,phases      ] GC(278) Scavenge 1.003ms
[10.821s][debug][gc,phases      ] GC(278) Reference Processing 0.023ms
[10.821s][debug][gc,phases      ] GC(278) Weak Processing 0.011ms
[10.821s][debug][gc,phases      ] GC(278) Scrub String Table 0.069ms
[10.821s][debug][gc,age         ] GC(278) Desired survivor size 3145728 bytes, new threshold 1 (max threshold 15)
[10.821s][info ][gc,heap        ] GC(278) PSYoungGen: 14969K->1754K(17408K)
[10.821s][info ][gc,heap        ] GC(278) ParOldGen: 12698K->12706K(29696K)
[10.821s][info ][gc,metaspace   ] GC(278) Metaspace: 15860K->15860K(1064960K)
[10.821s][info ][gc             ] GC(278) Pause Young (Allocation Failure) 27M->14M(46M) 1.290ms
[10.821s][info ][gc,cpu         ] GC(278) User=0.01s Sys=0.00s Real=0.00s
[10.822s][info ][gc,start       ] GC(279) Pause Young (Allocation Failure)
[10.823s][debug][gc,phases      ] GC(279) Scavenge 0.872ms
[10.823s][debug][gc,phases      ] GC(279) Reference Processing 0.026ms
[10.823s][debug][gc,phases      ] GC(279) Weak Processing 0.014ms
[10.823s][debug][gc,phases      ] GC(279) Scrub String Table 0.073ms
[10.824s][debug][gc,age         ] GC(279) Desired survivor size 3670016 bytes, new threshold 1 (max threshold 15)
[10.824s][info ][gc,heap        ] GC(279) PSYoungGen: 15837K->2535K(17408K)
[10.824s][info ][gc,heap        ] GC(279) ParOldGen: 12706K->13121K(29696K)
[10.824s][info ][gc,metaspace   ] GC(279) Metaspace: 15860K->15860K(1064960K)
[10.824s][info ][gc             ] GC(279) Pause Young (Allocation Failure) 27M->15M(46M) 1.223ms
[10.824s][info ][gc,cpu         ] GC(279) User=0.00s Sys=0.00s Real=0.00s
[10.825s][info ][gc,start       ] GC(280) Pause Young (Allocation Failure)
[10.826s][debug][gc,phases      ] GC(280) Scavenge 0.973ms
[10.826s][debug][gc,phases      ] GC(280) Reference Processing 0.023ms
[10.826s][debug][gc,phases      ] GC(280) Weak Processing 0.011ms
[10.826s][debug][gc,phases      ] GC(280) Scrub String Table 0.068ms
[10.826s][debug][gc,age         ] GC(280) Desired survivor size 3670016 bytes, new threshold 1 (max threshold 15)
[10.826s][info ][gc,heap        ] GC(280) PSYoungGen: 16710K->2567K(17920K)
[10.826s][info ][gc,heap        ] GC(280) ParOldGen: 13121K->13137K(29696K)
[10.826s][info ][gc,metaspace   ] GC(280) Metaspace: 15860K->15860K(1064960K)
[10.826s][info ][gc             ] GC(280) Pause Young (Allocation Failure) 29M->15M(46M) 1.279ms
[10.826s][info ][gc,cpu         ] GC(280) User=0.00s Sys=0.00s Real=0.00s
[10.827s][info ][gc,start       ] GC(281) Pause Young (Allocation Failure)
[10.828s][debug][gc,phases      ] GC(281) Scavenge 0.985ms
[10.828s][debug][gc,phases      ] GC(281) Reference Processing 0.023ms
[10.828s][debug][gc,phases      ] GC(281) Weak Processing 0.026ms
[10.828s][debug][gc,phases      ] GC(281) Scrub String Table 0.083ms
[10.828s][debug][gc,age         ] GC(281) Desired survivor size 3670016 bytes, new threshold 1 (max threshold 15)
[10.828s][info ][gc,heap        ] GC(281) PSYoungGen: 16617K->2177K(17920K)
[10.828s][info ][gc,heap        ] GC(281) ParOldGen: 13137K->13169K(29696K)
[10.828s][info ][gc,metaspace   ] GC(281) Metaspace: 15860K->15860K(1064960K)
[10.829s][info ][gc             ] GC(281) Pause Young (Allocation Failure) 29M->14M(46M) 1.394ms
[10.829s][info ][gc,cpu         ] GC(281) User=0.01s Sys=0.00s Real=0.00s
[10.830s][info ][gc,start       ] GC(282) Pause Young (Allocation Failure)
[10.831s][debug][gc,phases      ] GC(282) Scavenge 1.151ms
[10.831s][debug][gc,phases      ] GC(282) Reference Processing 0.021ms
[10.831s][debug][gc,phases      ] GC(282) Weak Processing 0.010ms
[10.831s][debug][gc,phases      ] GC(282) Scrub String Table 0.068ms
[10.831s][debug][gc,age         ] GC(282) Desired survivor size 3670016 bytes, new threshold 1 (max threshold 15)
[10.831s][info ][gc,heap        ] GC(282) PSYoungGen: 16178K->1363K(17920K)
[10.831s][info ][gc,heap        ] GC(282) ParOldGen: 13169K->13193K(29696K)
[10.831s][info ][gc,metaspace   ] GC(282) Metaspace: 15860K->15860K(1064960K)
[10.831s][info ][gc             ] GC(282) Pause Young (Allocation Failure) 28M->14M(46M) 1.421ms
[10.831s][info ][gc,cpu         ] GC(282) User=0.01s Sys=0.00s Real=0.00s
[10.832s][info ][gc,start       ] GC(283) Pause Young (Allocation Failure)
[10.833s][debug][gc,phases      ] GC(283) Scavenge 0.972ms
[10.834s][debug][gc,phases      ] GC(283) Reference Processing 0.021ms
[10.834s][debug][gc,phases      ] GC(283) Weak Processing 0.011ms
[10.834s][debug][gc,phases      ] GC(283) Scrub String Table 0.069ms
[10.834s][debug][gc,age         ] GC(283) Desired survivor size 3670016 bytes, new threshold 1 (max threshold 15)
[10.834s][info ][gc,heap        ] GC(283) PSYoungGen: 15659K->1786K(17920K)
[10.834s][info ][gc,heap        ] GC(283) ParOldGen: 13193K->13217K(29696K)
[10.834s][info ][gc,metaspace   ] GC(283) Metaspace: 15860K->15860K(1064960K)
[10.834s][info ][gc             ] GC(283) Pause Young (Allocation Failure) 28M->14M(46M) 1.249ms
[10.834s][info ][gc,cpu         ] GC(283) User=0.00s Sys=0.00s Real=0.00s
[10.835s][info ][gc,start       ] GC(284) Pause Young (Allocation Failure)
[10.836s][debug][gc,phases      ] GC(284) Scavenge 1.147ms
[10.836s][debug][gc,phases      ] GC(284) Reference Processing 0.021ms
[10.836s][debug][gc,phases      ] GC(284) Weak Processing 0.011ms
[10.836s][debug][gc,phases      ] GC(284) Scrub String Table 0.070ms
[10.836s][debug][gc,age         ] GC(284) Desired survivor size 3670016 bytes, new threshold 1 (max threshold 15)
[10.836s][info ][gc,heap        ] GC(284) PSYoungGen: 16058K->941K(17920K)
[10.836s][info ][gc,heap        ] GC(284) ParOldGen: 13217K->13241K(29696K)
[10.836s][info ][gc,metaspace   ] GC(284) Metaspace: 15860K->15860K(1064960K)
[10.836s][info ][gc             ] GC(284) Pause Young (Allocation Failure) 28M->13M(46M) 1.517ms
[10.836s][info ][gc,cpu         ] GC(284) User=0.00s Sys=0.01s Real=0.01s
[10.837s][info ][gc,start       ] GC(285) Pause Young (Allocation Failure)
[10.838s][debug][gc,phases      ] GC(285) Scavenge 1.092ms
[10.839s][debug][gc,phases      ] GC(285) Reference Processing 0.020ms
[10.839s][debug][gc,phases      ] GC(285) Weak Processing 0.011ms
[10.839s][debug][gc,phases      ] GC(285) Scrub String Table 0.069ms
[10.839s][debug][gc,age         ] GC(285) Desired survivor size 3670016 bytes, new threshold 1 (max threshold 15)
[10.839s][info ][gc,heap        ] GC(285) PSYoungGen: 14985K->2177K(17920K)
[10.839s][info ][gc,heap        ] GC(285) ParOldGen: 13241K->13241K(29696K)
[10.839s][info ][gc,metaspace   ] GC(285) Metaspace: 15860K->15860K(1064960K)
[10.839s][info ][gc             ] GC(285) Pause Young (Allocation Failure) 27M->15M(46M) 1.385ms
[10.839s][info ][gc,cpu         ] GC(285) User=0.01s Sys=0.00s Real=0.00s
[10.840s][info ][gc,start       ] GC(286) Pause Young (Allocation Failure)
[10.841s][debug][gc,phases      ] GC(286) Scavenge 1.055ms
[10.841s][debug][gc,phases      ] GC(286) Reference Processing 0.020ms
[10.841s][debug][gc,phases      ] GC(286) Weak Processing 0.010ms
[10.841s][debug][gc,phases      ] GC(286) Scrub String Table 0.069ms
[10.841s][debug][gc,age         ] GC(286) Desired survivor size 3670016 bytes, new threshold 1 (max threshold 15)
[10.841s][info ][gc,heap        ] GC(286) PSYoungGen: 16513K->1754K(17920K)
[10.841s][info ][gc,heap        ] GC(286) ParOldGen: 13241K->14046K(29696K)
[10.841s][info ][gc,metaspace   ] GC(286) Metaspace: 15860K->15860K(1064960K)
[10.841s][info ][gc             ] GC(286) Pause Young (Allocation Failure) 29M->15M(46M) 1.351ms
[10.841s][info ][gc,cpu         ] GC(286) User=0.01s Sys=0.00s Real=0.00s
[10.842s][info ][gc,start       ] GC(287) Pause Young (Allocation Failure)
[10.843s][debug][gc,phases      ] GC(287) Scavenge 1.084ms
[10.848s][debug][gc,phases      ] GC(287) Reference Processing 0.030ms
[10.849s][debug][gc,phases      ] GC(287) Weak Processing 0.015ms
[10.849s][debug][gc,phases      ] GC(287) Scrub String Table 0.081ms
[10.849s][debug][gc,age         ] GC(287) Desired survivor size 3145728 bytes, new threshold 1 (max threshold 15)
[10.849s][info ][gc,heap        ] GC(287) PSYoungGen: 15739K->1363K(16896K)
[10.849s][info ][gc,heap        ] GC(287) ParOldGen: 14046K->14062K(29696K)
[10.849s][info ][gc,metaspace   ] GC(287) Metaspace: 15860K->15860K(1064960K)
[10.849s][info ][gc             ] GC(287) Pause Young (Allocation Failure) 29M->15M(45M) 6.511ms
[10.849s][info ][gc,cpu         ] GC(287) User=0.01s Sys=0.00s Real=0.01s
[10.850s][info ][gc,start       ] GC(288) Pause Young (Allocation Failure)
[10.851s][debug][gc,phases      ] GC(288) Scavenge 1.051ms
[10.851s][debug][gc,phases      ] GC(288) Reference Processing 0.018ms
[10.851s][debug][gc,phases      ] GC(288) Weak Processing 0.012ms
[10.851s][debug][gc,phases      ] GC(288) Scrub String Table 0.069ms
[10.851s][debug][gc,age         ] GC(288) Desired survivor size 3670016 bytes, new threshold 1 (max threshold 15)
[10.851s][info ][gc,heap        ] GC(288) PSYoungGen: 15675K->2177K(17408K)
[10.851s][info ][gc,heap        ] GC(288) ParOldGen: 14062K->14485K(29696K)
[10.851s][info ][gc,metaspace   ] GC(288) Metaspace: 15860K->15860K(1064960K)
[10.851s][info ][gc             ] GC(288) Pause Young (Allocation Failure) 29M->16M(46M) 1.378ms
[10.851s][info ][gc,cpu         ] GC(288) User=0.01s Sys=0.00s Real=0.00s
[10.852s][info ][gc,start       ] GC(289) Pause Young (Allocation Failure)
[10.854s][debug][gc,phases      ] GC(289) Scavenge 1.257ms
[10.854s][debug][gc,phases      ] GC(289) Reference Processing 0.019ms
[10.854s][debug][gc,phases      ] GC(289) Weak Processing 0.010ms
[10.854s][debug][gc,phases      ] GC(289) Scrub String Table 0.069ms
[10.854s][debug][gc,age         ] GC(289) Desired survivor size 3670016 bytes, new threshold 1 (max threshold 15)
[10.854s][info ][gc,heap        ] GC(289) PSYoungGen: 16178K->2926K(17920K)
[10.854s][info ][gc,heap        ] GC(289) ParOldGen: 14485K->14908K(29696K)
[10.854s][info ][gc,metaspace   ] GC(289) Metaspace: 15860K->15860K(1064960K)
[10.854s][info ][gc             ] GC(289) Pause Young (Allocation Failure) 29M->17M(46M) 1.600ms
[10.854s][info ][gc,cpu         ] GC(289) User=0.01s Sys=0.00s Real=0.00s
[10.855s][info ][gc,start       ] GC(290) Pause Young (Allocation Failure)
[10.856s][debug][gc,phases      ] GC(290) Scavenge 0.436ms
[10.856s][debug][gc,phases      ] GC(290) Reference Processing 0.020ms
[10.856s][debug][gc,phases      ] GC(290) Weak Processing 0.010ms
[10.856s][debug][gc,phases      ] GC(290) Scrub String Table 0.069ms
[10.856s][debug][gc,age         ] GC(290) Desired survivor size 3670016 bytes, new threshold 1 (max threshold 15)
[10.856s][info ][gc,heap        ] GC(290) PSYoungGen: 17182K->1331K(17920K)
[10.856s][info ][gc,heap        ] GC(290) ParOldGen: 14908K->16526K(29696K)
[10.856s][info ][gc,metaspace   ] GC(290) Metaspace: 15860K->15860K(1064960K)
[10.856s][info ][gc             ] GC(290) Pause Young (Allocation Failure) 31M->17M(46M) 0.766ms
[10.856s][info ][gc,cpu         ] GC(290) User=0.00s Sys=0.00s Real=0.00s
[10.857s][info ][gc,start       ] GC(291) Pause Young (Allocation Failure)
[10.858s][debug][gc,phases      ] GC(291) Scavenge 1.211ms
[10.858s][debug][gc,phases      ] GC(291) Reference Processing 0.020ms
[10.858s][debug][gc,phases      ] GC(291) Weak Processing 0.010ms
[10.859s][debug][gc,phases      ] GC(291) Scrub String Table 0.069ms
[10.859s][debug][gc,age         ] GC(291) Desired survivor size 4194304 bytes, new threshold 1 (max threshold 15)
[10.859s][info ][gc,heap        ] GC(291) PSYoungGen: 15349K->2958K(16896K)
[10.859s][info ][gc,heap        ] GC(291) ParOldGen: 16526K->16526K(29696K)
[10.859s][info ][gc,metaspace   ] GC(291) Metaspace: 15860K->15860K(1064960K)
[10.859s][info ][gc             ] GC(291) Pause Young (Allocation Failure) 31M->19M(45M) 1.585ms
[10.859s][info ][gc,cpu         ] GC(291) User=0.01s Sys=0.00s Real=0.00s
[10.860s][info ][gc,start       ] GC(292) Pause Young (Allocation Failure)
[10.861s][debug][gc,phases      ] GC(292) Scavenge 0.966ms
[10.861s][debug][gc,phases      ] GC(292) Reference Processing 0.019ms
[10.861s][debug][gc,phases      ] GC(292) Weak Processing 0.011ms
[10.861s][debug][gc,phases      ] GC(292) Scrub String Table 0.068ms
[10.861s][debug][gc,age         ] GC(292) Desired survivor size 4194304 bytes, new threshold 1 (max threshold 15)
[10.861s][info ][gc,heap        ] GC(292) PSYoungGen: 16187K->2567K(17408K)
[10.861s][info ][gc,heap        ] GC(292) ParOldGen: 16526K->16534K(29696K)
[10.861s][info ][gc,metaspace   ] GC(292) Metaspace: 15860K->15860K(1064960K)
[10.861s][info ][gc             ] GC(292) Pause Young (Allocation Failure) 31M->18M(46M) 1.290ms
[10.861s][info ][gc,cpu         ] GC(292) User=0.01s Sys=0.00s Real=0.00s
[10.862s][info ][gc,start       ] GC(293) Pause Young (Allocation Failure)
[10.864s][debug][gc,phases      ] GC(293) Scavenge 1.227ms
[10.864s][debug][gc,phases      ] GC(293) Reference Processing 0.022ms
[10.864s][debug][gc,phases      ] GC(293) Weak Processing 0.013ms
[10.864s][debug][gc,phases      ] GC(293) Scrub String Table 0.107ms
[10.864s][debug][gc,age         ] GC(293) Desired survivor size 4194304 bytes, new threshold 1 (max threshold 15)
[10.864s][info ][gc,heap        ] GC(293) PSYoungGen: 15769K->909K(17408K)
[10.864s][info ][gc,heap        ] GC(293) ParOldGen: 16534K->17340K(29696K)
[10.864s][info ][gc,metaspace   ] GC(293) Metaspace: 15860K->15860K(1064960K)
[10.864s][info ][gc             ] GC(293) Pause Young (Allocation Failure) 31M->17M(46M) 1.672ms
[10.864s][info ][gc,cpu         ] GC(293) User=0.00s Sys=0.00s Real=0.00s
[10.865s][info ][gc,start       ] GC(294) Pause Young (Allocation Failure)
[10.866s][debug][gc,phases      ] GC(294) Scavenge 1.044ms
[10.866s][debug][gc,phases      ] GC(294) Reference Processing 0.020ms
[10.866s][debug][gc,phases      ] GC(294) Weak Processing 0.011ms
[10.866s][debug][gc,phases      ] GC(294) Scrub String Table 0.070ms
[10.866s][debug][gc,age         ] GC(294) Desired survivor size 4194304 bytes, new threshold 1 (max threshold 15)
[10.866s][info ][gc,heap        ] GC(294) PSYoungGen: 13966K->941K(17408K)
[10.866s][info ][gc,heap        ] GC(294) ParOldGen: 17340K->17778K(29696K)
[10.866s][info ][gc,metaspace   ] GC(294) Metaspace: 15860K->15860K(1064960K)
[10.866s][info ][gc             ] GC(294) Pause Young (Allocation Failure) 30M->18M(46M) 1.389ms
[10.866s][info ][gc,cpu         ] GC(294) User=0.00s Sys=0.00s Real=0.01s
[10.867s][info ][gc,start       ] GC(295) Pause Young (Allocation Failure)
[10.868s][debug][gc,phases      ] GC(295) Scavenge 0.976ms
[10.869s][debug][gc,phases      ] GC(295) Reference Processing 0.020ms
[10.869s][debug][gc,phases      ] GC(295) Weak Processing 0.010ms
[10.869s][debug][gc,phases      ] GC(295) Scrub String Table 0.069ms
[10.869s][debug][gc,age         ] GC(295) Desired survivor size 4194304 bytes, new threshold 1 (max threshold 15)
[10.869s][info ][gc,heap        ] GC(295) PSYoungGen: 14159K->2145K(17408K)
[10.869s][info ][gc,heap        ] GC(295) ParOldGen: 17778K->17786K(29696K)
[10.869s][info ][gc,metaspace   ] GC(295) Metaspace: 15860K->15860K(1064960K)
[10.869s][info ][gc             ] GC(295) Pause Young (Allocation Failure) 31M->19M(46M) 1.286ms
[10.869s][info ][gc,cpu         ] GC(295) User=0.01s Sys=0.00s Real=0.00s
[10.870s][info ][gc,start       ] GC(296) Pause Young (Allocation Failure)
[10.871s][debug][gc,phases      ] GC(296) Scavenge 0.961ms
[10.871s][debug][gc,phases      ] GC(296) Reference Processing 0.019ms
[10.871s][debug][gc,phases      ] GC(296) Weak Processing 0.017ms
[10.871s][debug][gc,phases      ] GC(296) Scrub String Table 0.090ms
[10.871s][debug][gc,age         ] GC(296) Desired survivor size 3670016 bytes, new threshold 1 (max threshold 15)
[10.871s][info ][gc,heap        ] GC(296) PSYoungGen: 15235K->1722K(15360K)
[10.871s][info ][gc,heap        ] GC(296) ParOldGen: 17786K->18201K(29696K)
[10.871s][info ][gc,metaspace   ] GC(296) Metaspace: 15860K->15860K(1064960K)
[10.871s][info ][gc             ] GC(296) Pause Young (Allocation Failure) 32M->19M(44M) 1.425ms
[10.871s][info ][gc,cpu         ] GC(296) User=0.01s Sys=0.00s Real=0.00s
[10.872s][info ][gc,start       ] GC(297) Pause Young (Allocation Failure)
[10.873s][debug][gc,phases      ] GC(297) Scavenge 0.968ms
[10.873s][debug][gc,phases      ] GC(297) Reference Processing 0.020ms
[10.873s][debug][gc,phases      ] GC(297) Weak Processing 0.010ms
[10.873s][debug][gc,phases      ] GC(297) Scrub String Table 0.074ms
[10.873s][debug][gc,age         ] GC(297) Desired survivor size 3670016 bytes, new threshold 1 (max threshold 15)
[10.873s][info ][gc,heap        ] GC(297) PSYoungGen: 14866K->941K(16896K)
[10.873s][info ][gc,heap        ] GC(297) ParOldGen: 18201K->18623K(29696K)
[10.873s][info ][gc,metaspace   ] GC(297) Metaspace: 15860K->15860K(1064960K)
[10.874s][info ][gc             ] GC(297) Pause Young (Allocation Failure) 32M->19M(45M) 1.386ms
[10.874s][info ][gc,cpu         ] GC(297) User=0.01s Sys=0.01s Real=0.00s
[10.875s][info ][gc,start       ] GC(298) Pause Young (Allocation Failure)
[10.876s][debug][gc,phases      ] GC(298) Scavenge 1.121ms
[10.876s][debug][gc,phases      ] GC(298) Reference Processing 0.021ms
[10.876s][debug][gc,phases      ] GC(298) Weak Processing 0.015ms
[10.876s][debug][gc,phases      ] GC(298) Scrub String Table 0.072ms
[10.876s][debug][gc,age         ] GC(298) Desired survivor size 3670016 bytes, new threshold 1 (max threshold 15)
[10.876s][info ][gc,heap        ] GC(298) PSYoungGen: 13949K->160K(16896K)
[10.876s][info ][gc,heap        ] GC(298) ParOldGen: 18623K->18663K(29696K)
[10.876s][info ][gc,metaspace   ] GC(298) Metaspace: 15860K->15860K(1064960K)
[10.876s][info ][gc             ] GC(298) Pause Young (Allocation Failure) 31M->18M(45M) 1.483ms
[10.876s][info ][gc,cpu         ] GC(298) User=0.00s Sys=0.00s Real=0.00s
[10.877s][info ][gc,start       ] GC(299) Pause Young (Allocation Failure)
[10.878s][debug][gc,phases      ] GC(299) Scavenge 0.900ms
[10.878s][debug][gc,phases      ] GC(299) Reference Processing 0.028ms
[10.879s][debug][gc,phases      ] GC(299) Weak Processing 0.025ms
[10.879s][debug][gc,phases      ] GC(299) Scrub String Table 0.076ms
[10.879s][debug][gc,age         ] GC(299) Desired survivor size 3670016 bytes, new threshold 1 (max threshold 15)
[10.879s][info ][gc,heap        ] GC(299) PSYoungGen: 13233K->1395K(17920K)
[10.879s][info ][gc,heap        ] GC(299) ParOldGen: 18663K->18695K(29696K)
[10.879s][info ][gc,metaspace   ] GC(299) Metaspace: 15860K->15860K(1064960K)
[10.879s][info ][gc             ] GC(299) Pause Young (Allocation Failure) 31M->19M(46M) 1.313ms
[10.879s][info ][gc,cpu         ] GC(299) User=0.00s Sys=0.00s Real=0.00s
[10.880s][info ][gc,start       ] GC(300) Pause Young (Allocation Failure)
[10.881s][debug][gc,phases      ] GC(300) Scavenge 0.997ms
[10.881s][debug][gc,phases      ] GC(300) Reference Processing 0.022ms
[10.881s][debug][gc,phases      ] GC(300) Weak Processing 0.010ms
[10.881s][debug][gc,phases      ] GC(300) Scrub String Table 0.068ms
[10.881s][debug][gc,age         ] GC(300) Desired survivor size 3670016 bytes, new threshold 1 (max threshold 15)
[10.881s][info ][gc,heap        ] GC(300) PSYoungGen: 15374K->1754K(17920K)
[10.881s][info ][gc,heap        ] GC(300) ParOldGen: 18695K->19126K(29696K)
[10.881s][info ][gc,metaspace   ] GC(300) Metaspace: 15860K->15860K(1064960K)
[10.881s][info ][gc             ] GC(300) Pause Young (Allocation Failure) 33M->20M(46M) 1.336ms
[10.881s][info ][gc,cpu         ] GC(300) User=0.01s Sys=0.00s Real=0.00s
[10.882s][info ][gc,start       ] GC(301) Pause Young (Allocation Failure)
[10.883s][debug][gc,phases      ] GC(301) Scavenge 0.991ms
[10.883s][debug][gc,phases      ] GC(301) Reference Processing 0.022ms
[10.883s][debug][gc,phases      ] GC(301) Weak Processing 0.010ms
[10.883s][debug][gc,phases      ] GC(301) Scrub String Table 0.068ms
[10.884s][debug][gc,age         ] GC(301) Desired survivor size 3670016 bytes, new threshold 1 (max threshold 15)
[10.884s][info ][gc,heap        ] GC(301) PSYoungGen: 15706K->941K(17920K)
[10.884s][info ][gc,heap        ] GC(301) ParOldGen: 19126K->19939K(29696K)
[10.884s][info ][gc,metaspace   ] GC(301) Metaspace: 15860K->15860K(1064960K)
[10.884s][info ][gc             ] GC(301) Pause Young (Allocation Failure) 34M->20M(46M) 1.315ms
[10.884s][info ][gc,cpu         ] GC(301) User=0.01s Sys=0.00s Real=0.00s
[10.885s][info ][gc,start       ] GC(302) Pause Young (Allocation Failure)
[10.886s][debug][gc,phases      ] GC(302) Scavenge 1.013ms
[10.886s][debug][gc,phases      ] GC(302) Reference Processing 0.019ms
[10.886s][debug][gc,phases      ] GC(302) Weak Processing 0.010ms
[10.886s][debug][gc,phases      ] GC(302) Scrub String Table 0.069ms
[10.886s][debug][gc,age         ] GC(302) Desired survivor size 3145728 bytes, new threshold 1 (max threshold 15)
[10.886s][info ][gc,heap        ] GC(302) PSYoungGen: 14930K->1363K(15872K)
[10.886s][info ][gc,heap        ] GC(302) ParOldGen: 19939K->20362K(29696K)
[10.886s][info ][gc,metaspace   ] GC(302) Metaspace: 15860K->15860K(1064960K)
[10.886s][info ][gc             ] GC(302) Pause Young (Allocation Failure) 34M->21M(44M) 1.493ms
[10.886s][info ][gc,cpu         ] GC(302) User=0.00s Sys=0.00s Real=0.00s
[10.887s][info ][gc,start       ] GC(303) Pause Young (Allocation Failure)
[10.888s][debug][gc,phases      ] GC(303) Scavenge 1.079ms
[10.888s][debug][gc,phases      ] GC(303) Reference Processing 0.025ms
[10.889s][debug][gc,phases      ] GC(303) Weak Processing 0.011ms
[10.889s][debug][gc,phases      ] GC(303) Scrub String Table 0.069ms
[10.889s][debug][gc,age         ] GC(303) Desired survivor size 3145728 bytes, new threshold 1 (max threshold 15)
[10.889s][info ][gc,heap        ] GC(303) PSYoungGen: 15637K->1331K(17408K)
[10.889s][info ][gc,heap        ] GC(303) ParOldGen: 20362K->20777K(29696K)
[10.889s][info ][gc,metaspace   ] GC(303) Metaspace: 15860K->15860K(1064960K)
[10.889s][info ][gc             ] GC(303) Pause Young (Allocation Failure) 35M->21M(46M) 1.437ms
[10.889s][info ][gc,cpu         ] GC(303) User=0.01s Sys=0.00s Real=0.00s
[10.890s][info ][gc,start       ] GC(304) Pause Young (Allocation Failure)
[10.891s][debug][gc,phases      ] GC(304) Scavenge 0.590ms
[10.891s][debug][gc,phases      ] GC(304) Reference Processing 0.019ms
[10.891s][debug][gc,phases      ] GC(304) Weak Processing 0.010ms
[10.891s][debug][gc,phases      ] GC(304) Scrub String Table 0.069ms
[10.891s][debug][gc,age         ] GC(304) Desired survivor size 3145728 bytes, new threshold 1 (max threshold 15)
[10.891s][info ][gc,heap        ] GC(304) PSYoungGen: 15630K->486K(17408K)
[10.891s][info ][gc,heap        ] GC(304) ParOldGen: 20777K->21183K(29696K)
[10.891s][info ][gc,metaspace   ] GC(304) Metaspace: 15860K->15860K(1064960K)
[10.891s][info ][gc             ] GC(304) Pause Young (Allocation Failure) 35M->21M(46M) 0.909ms
[10.891s][info ][gc,cpu         ] GC(304) User=0.00s Sys=0.00s Real=0.00s
[10.892s][info ][gc,start       ] GC(305) Pause Young (Allocation Failure)
[10.893s][debug][gc,phases      ] GC(305) Scavenge 1.122ms
[10.893s][debug][gc,phases      ] GC(305) Reference Processing 0.020ms
[10.893s][debug][gc,phases      ] GC(305) Weak Processing 0.012ms
[10.893s][debug][gc,phases      ] GC(305) Scrub String Table 0.080ms
[10.893s][debug][gc,age         ] GC(305) Desired survivor size 3145728 bytes, new threshold 1 (max threshold 15)
[10.893s][info ][gc,heap        ] GC(305) PSYoungGen: 14619K->2113K(18432K)
[10.893s][info ][gc,heap        ] GC(305) ParOldGen: 21183K->21183K(29696K)
[10.893s][info ][gc,metaspace   ] GC(305) Metaspace: 15860K->15860K(1064960K)
[10.893s][info ][gc             ] GC(305) Pause Young (Allocation Failure) 34M->22M(47M) 1.476ms
[10.893s][info ][gc,cpu         ] GC(305) User=0.01s Sys=0.00s Real=0.00s
[10.895s][info ][gc,start       ] GC(306) Pause Young (Allocation Failure)
[10.896s][debug][gc,phases      ] GC(306) Scavenge 1.387ms
[10.896s][debug][gc,phases      ] GC(306) Reference Processing 0.053ms
[10.896s][debug][gc,phases      ] GC(306) Weak Processing 0.013ms
[10.896s][debug][gc,phases      ] GC(306) Scrub String Table 0.086ms
[10.897s][debug][gc,age         ] GC(306) Desired survivor size 3145728 bytes, new threshold 1 (max threshold 15)
[10.897s][info ][gc,heap        ] GC(306) PSYoungGen: 17153K->518K(18432K)
[10.897s][info ][gc,heap        ] GC(306) ParOldGen: 21183K->22379K(29696K)
[10.897s][info ][gc,metaspace   ] GC(306) Metaspace: 15860K->15860K(1064960K)
[10.897s][info ][gc             ] GC(306) Pause Young (Allocation Failure) 37M->22M(47M) 1.916ms
[10.897s][info ][gc,cpu         ] GC(306) User=0.01s Sys=0.00s Real=0.01s
[10.898s][info ][gc,start       ] GC(307) Pause Young (Allocation Failure)
[10.899s][debug][gc,phases      ] GC(307) Scavenge 1.040ms
[10.899s][debug][gc,phases      ] GC(307) Reference Processing 0.031ms
[10.899s][debug][gc,phases      ] GC(307) Weak Processing 0.012ms
[10.899s][debug][gc,phases      ] GC(307) Scrub String Table 0.090ms
[10.899s][debug][gc,age         ] GC(307) Desired survivor size 3670016 bytes, new threshold 1 (max threshold 15)
[10.899s][info ][gc,heap        ] GC(307) PSYoungGen: 15825K->2990K(17408K)
[10.899s][info ][gc,heap        ] GC(307) ParOldGen: 22379K->22379K(29696K)
[10.899s][info ][gc,metaspace   ] GC(307) Metaspace: 15860K->15860K(1064960K)
[10.899s][info ][gc             ] GC(307) Pause Young (Allocation Failure) 37M->24M(46M) 1.517ms
[10.899s][info ][gc,cpu         ] GC(307) User=0.00s Sys=0.00s Real=0.00s
[10.900s][info ][gc,start       ] GC(308) Pause Young (Allocation Failure)
[10.902s][debug][gc,phases      ] GC(308) Scavenge 1.219ms
[10.902s][debug][gc,phases      ] GC(308) Reference Processing 0.019ms
[10.902s][debug][gc,phases      ] GC(308) Weak Processing 0.012ms
[10.902s][debug][gc,phases      ] GC(308) Scrub String Table 0.101ms
[10.902s][debug][gc,age         ] GC(308) Desired survivor size 4194304 bytes, new threshold 1 (max threshold 15)
[10.902s][info ][gc,heap        ] GC(308) PSYoungGen: 17041K->2567K(17408K)
[10.902s][info ][gc,heap        ] GC(308) ParOldGen: 22379K->22395K(29696K)
[10.902s][info ][gc,metaspace   ] GC(308) Metaspace: 15860K->15860K(1064960K)
[10.902s][info ][gc             ] GC(308) Pause Young (Allocation Failure) 38M->24M(46M) 1.609ms
[10.902s][info ][gc,cpu         ] GC(308) User=0.01s Sys=0.00s Real=0.00s
[10.903s][info ][gc,start       ] GC(309) Pause Young (Allocation Failure)
[10.904s][debug][gc,phases      ] GC(309) Scavenge 0.933ms
[10.904s][debug][gc,phases      ] GC(309) Reference Processing 0.022ms
[10.904s][debug][gc,phases      ] GC(309) Weak Processing 0.013ms
[10.904s][debug][gc,phases      ] GC(309) Scrub String Table 0.092ms
[10.904s][debug][gc,age         ] GC(309) Desired survivor size 3670016 bytes, new threshold 1 (max threshold 15)
[10.904s][info ][gc,heap        ] GC(309) PSYoungGen: 16583K->1331K(17920K)
[10.904s][info ][gc,heap        ] GC(309) ParOldGen: 22395K->22395K(29696K)
[10.904s][info ][gc,metaspace   ] GC(309) Metaspace: 15860K->15860K(1064960K)
[10.904s][info ][gc             ] GC(309) Pause Young (Allocation Failure) 38M->23M(46M) 1.264ms
[10.904s][info ][gc,cpu         ] GC(309) User=0.01s Sys=0.00s Real=0.00s
[10.906s][info ][gc,start       ] GC(310) Pause Young (Allocation Failure)
[10.907s][debug][gc,phases      ] GC(310) Scavenge 0.954ms
[10.907s][debug][gc,phases      ] GC(310) Reference Processing 0.027ms
[10.907s][debug][gc,phases      ] GC(310) Weak Processing 0.016ms
[10.907s][debug][gc,phases      ] GC(310) Scrub String Table 0.100ms
[10.907s][debug][gc,age         ] GC(310) Desired survivor size 3670016 bytes, new threshold 1 (max threshold 15)
[10.907s][info ][gc,heap        ] GC(310) PSYoungGen: 15155K->1331K(17408K)
[10.907s][info ][gc,heap        ] GC(310) ParOldGen: 22395K->22427K(29696K)
[10.907s][info ][gc,metaspace   ] GC(310) Metaspace: 15860K->15860K(1064960K)
[10.907s][info ][gc             ] GC(310) Pause Young (Allocation Failure) 36M->23M(46M) 1.338ms
[10.907s][info ][gc,cpu         ] GC(310) User=0.01s Sys=0.01s Real=0.01s
[10.908s][info ][gc,start       ] GC(311) Pause Young (Allocation Failure)
[10.909s][debug][gc,phases      ] GC(311) Scavenge 1.309ms
[10.909s][debug][gc,phases      ] GC(311) Reference Processing 0.021ms
[10.909s][debug][gc,phases      ] GC(311) Weak Processing 0.010ms
[10.910s][debug][gc,phases      ] GC(311) Scrub String Table 0.069ms
[10.910s][debug][gc,age         ] GC(311) Desired survivor size 3670016 bytes, new threshold 1 (max threshold 15)
[10.910s][info ][gc,heap        ] GC(311) PSYoungGen: 14837K->1267K(17408K)
[10.910s][info ][gc,heap        ] GC(311) ParOldGen: 22427K->23232K(29696K)
[10.910s][info ][gc,metaspace   ] GC(311) Metaspace: 15860K->15860K(1064960K)
[10.910s][info ][gc             ] GC(311) Pause Young (Allocation Failure) 36M->23M(46M) 1.619ms
[10.910s][info ][gc,cpu         ] GC(311) User=0.01s Sys=0.00s Real=0.00s
[10.911s][info ][gc,start       ] GC(312) Pause Young (Allocation Failure)
[10.912s][debug][gc,phases      ] GC(312) Scavenge 1.397ms
[10.912s][debug][gc,phases      ] GC(312) Reference Processing 0.025ms
[10.912s][debug][gc,phases      ] GC(312) Weak Processing 0.014ms
[10.912s][debug][gc,phases      ] GC(312) Scrub String Table 0.074ms
[10.912s][debug][gc,age         ] GC(312) Desired survivor size 4194304 bytes, new threshold 1 (max threshold 15)
[10.912s][info ][gc,heap        ] GC(312) PSYoungGen: 14915K->3317K(17408K)
[10.912s][info ][gc,heap        ] GC(312) ParOldGen: 23232K->23240K(29696K)
[10.912s][info ][gc,metaspace   ] GC(312) Metaspace: 15860K->15860K(1064960K)
[10.912s][info ][gc             ] GC(312) Pause Young (Allocation Failure) 37M->25M(46M) 1.738ms
[10.912s][info ][gc,cpu         ] GC(312) User=0.01s Sys=0.00s Real=0.00s
[10.913s][info ][gc,start       ] GC(313) Pause Young (Allocation Failure)
[10.914s][debug][gc,phases      ] GC(313) Scavenge 1.033ms
[10.915s][debug][gc,phases      ] GC(313) Reference Processing 0.022ms
[10.915s][debug][gc,phases      ] GC(313) Weak Processing 0.011ms
[10.915s][debug][gc,phases      ] GC(313) Scrub String Table 0.068ms
[10.915s][debug][gc,age         ] GC(313) Desired survivor size 4194304 bytes, new threshold 1 (max threshold 15)
[10.915s][info ][gc,heap        ] GC(313) PSYoungGen: 16931K->1331K(17408K)
[10.915s][info ][gc,heap        ] GC(313) ParOldGen: 23240K->23647K(29696K)
[10.915s][info ][gc,metaspace   ] GC(313) Metaspace: 15860K->15860K(1064960K)
[10.915s][info ][gc             ] GC(313) Pause Young (Allocation Failure) 39M->24M(46M) 1.336ms
[10.915s][info ][gc,cpu         ] GC(313) User=0.01s Sys=0.00s Real=0.00s
[10.916s][info ][gc,start       ] GC(314) Pause Young (Allocation Failure)
[10.917s][debug][gc,phases      ] GC(314) Scavenge 1.402ms
[10.917s][debug][gc,phases      ] GC(314) Reference Processing 0.020ms
[10.917s][debug][gc,phases      ] GC(314) Weak Processing 0.011ms
[10.917s][debug][gc,phases      ] GC(314) Scrub String Table 0.069ms
[10.917s][debug][gc,age         ] GC(314) Desired survivor size 3670016 bytes, new threshold 1 (max threshold 15)
[10.918s][info ][gc,heap        ] GC(314) PSYoungGen: 14429K->2049K(15872K)
[10.918s][info ][gc,heap        ] GC(314) ParOldGen: 23647K->24062K(29696K)
[10.918s][info ][gc,metaspace   ] GC(314) Metaspace: 15860K->15860K(1064960K)
[10.918s][info ][gc             ] GC(314) Pause Young (Allocation Failure) 37M->25M(44M) 1.789ms
[10.918s][info ][gc,cpu         ] GC(314) User=0.01s Sys=0.00s Real=0.01s
[10.919s][info ][gc,start       ] GC(315) Pause Young (Allocation Failure)
[10.920s][debug][gc,phases      ] GC(315) Scavenge 1.119ms
[10.920s][debug][gc,phases      ] GC(315) Reference Processing 0.024ms
[10.920s][debug][gc,phases      ] GC(315) Weak Processing 0.011ms
[10.920s][debug][gc,phases      ] GC(315) Scrub String Table 0.069ms
[10.920s][debug][gc,age         ] GC(315) Desired survivor size 3670016 bytes, new threshold 1 (max threshold 15)
[10.920s][info ][gc,heap        ] GC(315) PSYoungGen: 15231K->2145K(16896K)
[10.920s][info ][gc,heap        ] GC(315) ParOldGen: 24062K->24476K(29696K)
[10.920s][info ][gc,metaspace   ] GC(315) Metaspace: 15860K->15860K(1064960K)
[10.920s][info ][gc             ] GC(315) Pause Young (Allocation Failure) 38M->25M(45M) 1.486ms
[10.920s][info ][gc,cpu         ] GC(315) User=0.00s Sys=0.00s Real=0.00s
[10.921s][info ][gc,start       ] GC(316) Pause Young (Allocation Failure)
[10.922s][debug][gc,phases      ] GC(316) Scavenge 1.130ms
[10.923s][debug][gc,phases      ] GC(316) Reference Processing 0.025ms
[10.923s][debug][gc,phases      ] GC(316) Weak Processing 0.010ms
[10.923s][debug][gc,phases      ] GC(316) Scrub String Table 0.070ms
[10.923s][debug][gc,age         ] GC(316) Desired survivor size 4194304 bytes, new threshold 1 (max threshold 15)
[10.923s][info ][gc,heap        ] GC(316) PSYoungGen: 15301K->2926K(16896K)
[10.923s][info ][gc,heap        ] GC(316) ParOldGen: 24476K->24492K(29696K)
[10.923s][info ][gc,metaspace   ] GC(316) Metaspace: 15860K->15860K(1064960K)
[10.923s][info ][gc             ] GC(316) Pause Young (Allocation Failure) 38M->26M(45M) 1.510ms
[10.923s][info ][gc,cpu         ] GC(316) User=0.01s Sys=0.00s Real=0.00s
[10.924s][info ][gc,start       ] GC(317) Pause Young (Allocation Failure)
[10.925s][debug][gc,phases      ] GC(317) Scavenge 1.245ms
[10.925s][debug][gc,phases      ] GC(317) Reference Processing 0.019ms
[10.925s][debug][gc,phases      ] GC(317) Weak Processing 0.011ms
[10.925s][debug][gc,phases      ] GC(317) Scrub String Table 0.071ms
[10.925s][debug][gc,age         ] GC(317) Desired survivor size 4194304 bytes, new threshold 1 (max threshold 15)
[10.925s][info ][gc,heap        ] GC(317) PSYoungGen: 16049K->1331K(17408K)
[10.925s][info ][gc,heap        ] GC(317) ParOldGen: 24492K->25314K(29696K)
[10.925s][info ][gc,metaspace   ] GC(317) Metaspace: 15860K->15860K(1064960K)
[10.925s][info ][gc             ] GC(317) Pause Young (Allocation Failure) 39M->26M(46M) 1.533ms
[10.925s][info ][gc,cpu         ] GC(317) User=0.01s Sys=0.00s Real=0.00s
[10.926s][info ][gc,start       ] GC(318) Pause Young (Allocation Failure)
[10.927s][debug][gc,phases      ] GC(318) Scavenge 1.133ms
[10.927s][debug][gc,phases      ] GC(318) Reference Processing 0.022ms
[10.927s][debug][gc,phases      ] GC(318) Weak Processing 0.011ms
[10.928s][debug][gc,phases      ] GC(318) Scrub String Table 0.069ms
[10.928s][debug][gc,age         ] GC(318) Desired survivor size 4194304 bytes, new threshold 1 (max threshold 15)
[10.928s][info ][gc,heap        ] GC(318) PSYoungGen: 14540K->2503K(17408K)
[10.928s][info ][gc,heap        ] GC(318) ParOldGen: 25314K->25322K(29696K)
[10.928s][info ][gc,metaspace   ] GC(318) Metaspace: 15860K->15860K(1064960K)
[10.928s][info ][gc             ] GC(318) Pause Young (Allocation Failure) 38M->27M(46M) 1.419ms
[10.928s][info ][gc,cpu         ] GC(318) User=0.00s Sys=0.00s Real=0.01s
[10.929s][info ][gc,start       ] GC(319) Pause Young (Allocation Failure)
[10.930s][debug][gc,phases      ] GC(319) Scavenge 1.072ms
[10.930s][debug][gc,phases      ] GC(319) Reference Processing 0.020ms
[10.930s][debug][gc,phases      ] GC(319) Weak Processing 0.010ms
[10.930s][debug][gc,phases      ] GC(319) Scrub String Table 0.068ms
[10.930s][debug][gc,age         ] GC(319) Desired survivor size 4194304 bytes, new threshold 1 (max threshold 15)
[10.930s][info ][gc,heap        ] GC(319) PSYoungGen: 15660K->1331K(17408K)
[10.930s][info ][gc,heap        ] GC(319) ParOldGen: 25322K->25752K(29696K)
[10.930s][info ][gc,metaspace   ] GC(319) Metaspace: 15860K->15860K(1064960K)
[10.930s][info ][gc             ] GC(319) Pause Young (Allocation Failure) 40M->26M(46M) 1.363ms
[10.930s][info ][gc,cpu         ] GC(319) User=0.00s Sys=0.00s Real=0.00s
[10.931s][info ][gc,start       ] GC(320) Pause Young (Allocation Failure)
[10.932s][debug][gc,phases      ] GC(320) Scavenge 1.031ms
[10.932s][debug][gc,phases      ] GC(320) Reference Processing 0.019ms
[10.932s][debug][gc,phases      ] GC(320) Weak Processing 0.011ms
[10.933s][debug][gc,phases      ] GC(320) Scrub String Table 0.068ms
[10.933s][debug][gc,age         ] GC(320) Desired survivor size 3670016 bytes, new threshold 1 (max threshold 15)
[10.933s][info ][gc,heap        ] GC(320) PSYoungGen: 14406K->1331K(14848K)
[10.933s][info ][gc,heap        ] GC(320) ParOldGen: 25752K->26183K(29696K)
[10.933s][info ][gc,metaspace   ] GC(320) Metaspace: 15860K->15860K(1064960K)
[10.933s][info ][gc             ] GC(320) Pause Young (Allocation Failure) 39M->26M(43M) 1.332ms
[10.933s][info ][gc,cpu         ] GC(320) User=0.01s Sys=0.00s Real=0.00s
[10.934s][info ][gc,start       ] GC(321) Pause Young (Allocation Failure)
[10.935s][debug][gc,phases      ] GC(321) Scavenge 1.038ms
[10.935s][debug][gc,phases      ] GC(321) Reference Processing 0.020ms
[10.935s][debug][gc,phases      ] GC(321) Weak Processing 0.010ms
[10.935s][debug][gc,phases      ] GC(321) Scrub String Table 0.069ms
[10.935s][debug][gc,age         ] GC(321) Desired survivor size 4194304 bytes, new threshold 1 (max threshold 15)
[10.935s][info ][gc,heap        ] GC(321) PSYoungGen: 14420K->486K(16384K)
[10.935s][info ][gc,heap        ] GC(321) ParOldGen: 26183K->26582K(29696K)
[10.935s][info ][gc,metaspace   ] GC(321) Metaspace: 15860K->15860K(1064960K)
[10.935s][info ][gc             ] GC(321) Pause Young (Allocation Failure) 39M->26M(45M) 1.336ms
[10.935s][info ][gc,cpu         ] GC(321) User=0.00s Sys=0.00s Real=0.00s
[10.937s][info ][gc,start       ] GC(322) Pause Young (Allocation Failure)
[10.938s][debug][gc,phases      ] GC(322) Scavenge 1.047ms
[10.938s][debug][gc,phases      ] GC(322) Reference Processing 0.027ms
[10.938s][debug][gc,phases      ] GC(322) Weak Processing 0.011ms
[10.938s][debug][gc,phases      ] GC(322) Scrub String Table 0.069ms
[10.938s][debug][gc,age         ] GC(322) Desired survivor size 3670016 bytes, new threshold 1 (max threshold 15)
[10.938s][info ][gc,heap        ] GC(322) PSYoungGen: 13192K->1690K(16896K)
[10.938s][info ][gc,heap        ] GC(322) ParOldGen: 26582K->26614K(29696K)
[10.938s][info ][gc,metaspace   ] GC(322) Metaspace: 15860K->15860K(1064960K)
[10.938s][info ][gc             ] GC(322) Pause Young (Allocation Failure) 38M->27M(45M) 1.376ms
[10.938s][info ][gc,cpu         ] GC(322) User=0.01s Sys=0.00s Real=0.00s
[10.940s][info ][gc,start       ] GC(323) Pause Young (Allocation Failure)
[10.941s][debug][gc,phases      ] GC(323) Scavenge 1.314ms
[10.941s][debug][gc,phases      ] GC(323) Reference Processing 0.020ms
[10.941s][debug][gc,phases      ] GC(323) Weak Processing 0.011ms
[10.941s][debug][gc,phases      ] GC(323) Scrub String Table 0.069ms
[10.941s][debug][gc,age         ] GC(323) Desired survivor size 3670016 bytes, new threshold 1 (max threshold 15)
[10.941s][info ][gc,heap        ] GC(323) PSYoungGen: 14389K->96K(17408K)
[10.941s][info ][gc,heap        ] GC(323) ParOldGen: 26614K->27802K(29696K)
[10.941s][info ][gc,metaspace   ] GC(323) Metaspace: 15860K->15860K(1064960K)
[10.941s][info ][gc             ] GC(323) Pause Young (Allocation Failure) 40M->27M(46M) 1.589ms
[10.941s][info ][gc,cpu         ] GC(323) User=0.01s Sys=0.00s Real=0.00s
[10.942s][info ][gc,start       ] GC(324) Pause Young (Allocation Failure)
[10.944s][debug][gc,phases      ] GC(324) Scavenge 1.696ms
[10.944s][debug][gc,phases      ] GC(324) Reference Processing 0.026ms
[10.944s][debug][gc,phases      ] GC(324) Weak Processing 0.014ms
[10.944s][debug][gc,phases      ] GC(324) Scrub String Table 0.071ms
[10.944s][debug][gc,age         ] GC(324) Desired survivor size 3670016 bytes, new threshold 1 (max threshold 15)
[10.944s][info ][gc,heap        ] GC(324) PSYoungGen: 13876K->1299K(17408K)
[10.944s][info ][gc,heap        ] GC(324) ParOldGen: 27802K->27818K(29696K)
[10.944s][info ][gc,metaspace   ] GC(324) Metaspace: 15860K->15860K(1064960K)
[10.944s][info ][gc             ] GC(324) Pause Young (Allocation Failure) 40M->28M(46M) 2.021ms
[10.945s][info ][gc,cpu         ] GC(324) User=0.01s Sys=0.00s Real=0.00s
[10.947s][info ][gc,start       ] GC(325) Pause Young (Allocation Failure)
[10.948s][debug][gc,phases      ] GC(325) Scavenge 1.447ms
[10.948s][debug][gc,phases      ] GC(325) Reference Processing 0.021ms
[10.948s][debug][gc,phases      ] GC(325) Weak Processing 0.011ms
[10.948s][debug][gc,phases      ] GC(325) Scrub String Table 0.071ms
[10.948s][debug][gc,age         ] GC(325) Desired survivor size 3670016 bytes, new threshold 1 (max threshold 15)
[10.948s][info ][gc,heap        ] GC(325) PSYoungGen: 14946K->2081K(17920K)
[10.948s][info ][gc,heap        ] GC(325) ParOldGen: 27818K->27826K(29696K)
[10.948s][info ][gc,metaspace   ] GC(325) Metaspace: 15860K->15860K(1064960K)
[10.948s][info ][gc             ] GC(325) Pause Young (Allocation Failure) 41M->29M(46M) 1.758ms
[10.948s][info ][gc,cpu         ] GC(325) User=0.01s Sys=0.01s Real=0.00s
[10.950s][info ][gc,start       ] GC(326) Pause Young (Allocation Failure)
[10.953s][debug][gc,phases      ] GC(326) Scavenge 2.769ms
[10.953s][debug][gc,phases      ] GC(326) Reference Processing 0.020ms
[10.953s][debug][gc,phases      ] GC(326) Weak Processing 0.011ms
[10.953s][debug][gc,phases      ] GC(326) Scrub String Table 0.069ms
[10.953s][debug][gc,age         ] GC(326) Desired survivor size 3670016 bytes, new threshold 1 (max threshold 15)
[10.953s][info ][gc,heap        ] GC(326) PSYoungGen: 16417K->845K(17920K)
[10.953s][info ][gc,heap        ] GC(326) ParOldGen: 27826K->28623K(29696K)
[10.953s][info ][gc,metaspace   ] GC(326) Metaspace: 15860K->15860K(1064960K)
[10.953s][info ][gc             ] GC(326) Pause Young (Allocation Failure) 43M->28M(46M) 3.075ms
[10.953s][info ][gc,cpu         ] GC(326) User=0.02s Sys=0.00s Real=0.00s
[10.953s][debug][gc,phases      ] GC(327) Pre Compact 0.011ms
[10.953s][info ][gc,start       ] GC(327) Pause Full (Ergonomics)
[10.953s][info ][gc,phases,start] GC(327) Marking Phase
[10.957s][debug][gc,phases      ] GC(327) Par Mark 3.959ms
[10.957s][debug][gc,phases      ] GC(327) Reference Processing 0.086ms
[10.957s][debug][gc,phases      ] GC(327) Weak Processing 0.015ms
[10.957s][debug][gc,phases      ] GC(327) ClassLoaderData 0.036ms
[10.957s][debug][gc,phases      ] GC(327) ProtectionDomainCacheTable 0.003ms
[10.957s][debug][gc,phases      ] GC(327) ResolvedMethodTable 0.015ms
[10.958s][debug][gc,phases      ] GC(327) Class Unloading 0.802ms
[10.958s][debug][gc,phases      ] GC(327) Scrub String Table 0.060ms
[10.959s][debug][gc,phases      ] GC(327) Scrub Symbol Table 1.051ms
[10.959s][info ][gc,phases      ] GC(327) Marking Phase 6.163ms
[10.959s][info ][gc,phases,start] GC(327) Summary Phase
[10.959s][info ][gc,phases      ] GC(327) Summary Phase 0.013ms
[10.959s][info ][gc,phases,start] GC(327) Adjust Roots
[10.961s][info ][gc,phases      ] GC(327) Adjust Roots 1.709ms
[10.961s][info ][gc,phases,start] GC(327) Compaction Phase
[10.963s][info ][gc,phases      ] GC(327) Compaction Phase 1.980ms
[10.963s][info ][gc,phases,start] GC(327) Post Compact
[10.963s][info ][gc,phases      ] GC(327) Post Compact 0.060ms
[10.963s][info ][gc,heap        ] GC(327) PSYoungGen: 845K->0K(17920K)
[10.963s][info ][gc,heap        ] GC(327) ParOldGen: 28623K->4636K(31232K)
[10.963s][info ][gc,metaspace   ] GC(327) Metaspace: 15860K->15860K(1064960K)
[10.963s][info ][gc             ] GC(327) Pause Full (Ergonomics) 28M->4M(48M) 10.238ms
[10.963s][info ][gc,cpu         ] GC(327) User=0.03s Sys=0.00s Real=0.01s
[10.964s][info ][gc,start       ] GC(328) Pause Young (Allocation Failure)
[10.966s][debug][gc,phases      ] GC(328) Scavenge 1.819ms
[10.966s][debug][gc,phases      ] GC(328) Reference Processing 0.019ms
[10.966s][debug][gc,phases      ] GC(328) Weak Processing 0.011ms
[10.966s][debug][gc,phases      ] GC(328) Scrub String Table 0.069ms
[10.966s][debug][gc,age         ] GC(328) Desired survivor size 3670016 bytes, new threshold 1 (max threshold 15)
[10.966s][info ][gc,heap        ] GC(328) PSYoungGen: 13966K->1267K(17920K)
[10.966s][info ][gc,heap        ] GC(328) ParOldGen: 4636K->4636K(31232K)
[10.967s][info ][gc,metaspace   ] GC(328) Metaspace: 15860K->15860K(1064960K)
[10.967s][info ][gc             ] GC(328) Pause Young (Allocation Failure) 18M->5M(48M) 2.118ms
[10.967s][info ][gc,cpu         ] GC(328) User=0.00s Sys=0.00s Real=0.01s
[10.968s][info ][gc,start       ] GC(329) Pause Young (Allocation Failure)
[10.969s][debug][gc,phases      ] GC(329) Scavenge 0.942ms
[10.969s][debug][gc,phases      ] GC(329) Reference Processing 0.020ms
[10.969s][debug][gc,phases      ] GC(329) Weak Processing 0.011ms
[10.969s][debug][gc,phases      ] GC(329) Scrub String Table 0.069ms
[10.969s][debug][gc,age         ] GC(329) Desired survivor size 3670016 bytes, new threshold 1 (max threshold 15)
[10.969s][info ][gc,heap        ] GC(329) PSYoungGen: 15569K->941K(17920K)
[10.969s][info ][gc,heap        ] GC(329) ParOldGen: 4636K->5051K(31232K)
[10.969s][info ][gc,metaspace   ] GC(329) Metaspace: 15860K->15860K(1064960K)
[10.969s][info ][gc             ] GC(329) Pause Young (Allocation Failure) 19M->5M(48M) 1.227ms
[10.969s][info ][gc,cpu         ] GC(329) User=0.01s Sys=0.00s Real=0.00s
[10.970s][info ][gc,start       ] GC(330) Pause Young (Allocation Failure)
[10.972s][debug][gc,phases      ] GC(330) Scavenge 1.881ms
[10.972s][debug][gc,phases      ] GC(330) Reference Processing 0.020ms
[10.972s][debug][gc,phases      ] GC(330) Weak Processing 0.011ms
[10.972s][debug][gc,phases      ] GC(330) Scrub String Table 0.069ms
[10.972s][debug][gc,age         ] GC(330) Desired survivor size 3670016 bytes, new threshold 1 (max threshold 15)
[10.973s][info ][gc,heap        ] GC(330) PSYoungGen: 14997K->2830K(17920K)
[10.973s][info ][gc,heap        ] GC(330) ParOldGen: 5051K->5458K(31232K)
[10.973s][info ][gc,metaspace   ] GC(330) Metaspace: 15860K->15860K(1064960K)
[10.973s][info ][gc             ] GC(330) Pause Young (Allocation Failure) 19M->8M(48M) 2.183ms
[10.973s][info ][gc,cpu         ] GC(330) User=0.01s Sys=0.00s Real=0.00s
[10.974s][info ][gc,start       ] GC(331) Pause Young (Allocation Failure)
[10.975s][debug][gc,phases      ] GC(331) Scavenge 1.048ms
[10.975s][debug][gc,phases      ] GC(331) Reference Processing 0.019ms
[10.975s][debug][gc,phases      ] GC(331) Weak Processing 0.011ms
[10.976s][debug][gc,phases      ] GC(331) Scrub String Table 0.071ms
[10.976s][debug][gc,age         ] GC(331) Desired survivor size 3670016 bytes, new threshold 1 (max threshold 15)
[10.976s][info ][gc,heap        ] GC(331) PSYoungGen: 17166K->518K(17920K)
[10.976s][info ][gc,heap        ] GC(331) ParOldGen: 5458K->5888K(31232K)
[10.976s][info ][gc,metaspace   ] GC(331) Metaspace: 15860K->15860K(1064960K)
[10.976s][info ][gc             ] GC(331) Pause Young (Allocation Failure) 22M->6M(48M) 1.345ms
[10.976s][info ][gc,cpu         ] GC(331) User=0.00s Sys=0.00s Real=0.00s
[10.977s][info ][gc,start       ] GC(332) Pause Young (Allocation Failure)
[10.978s][debug][gc,phases      ] GC(332) Scavenge 0.923ms
[10.978s][debug][gc,phases      ] GC(332) Reference Processing 0.021ms
[10.978s][debug][gc,phases      ] GC(332) Weak Processing 0.013ms
[10.978s][debug][gc,phases      ] GC(332) Scrub String Table 0.107ms
[10.978s][debug][gc,age         ] GC(332) Desired survivor size 3670016 bytes, new threshold 1 (max threshold 15)
[10.978s][info ][gc,heap        ] GC(332) PSYoungGen: 14750K->486K(17920K)
[10.978s][info ][gc,heap        ] GC(332) ParOldGen: 5888K->5912K(31232K)
[10.978s][info ][gc,metaspace   ] GC(332) Metaspace: 15860K->15860K(1064960K)
[10.978s][info ][gc             ] GC(332) Pause Young (Allocation Failure) 20M->6M(48M) 1.339ms
[10.978s][info ][gc,cpu         ] GC(332) User=0.00s Sys=0.00s Real=0.00s
[10.980s][info ][gc,start       ] GC(333) Pause Young (Allocation Failure)
[10.981s][debug][gc,phases      ] GC(333) Scavenge 1.335ms
[10.981s][debug][gc,phases      ] GC(333) Reference Processing 0.020ms
[10.981s][debug][gc,phases      ] GC(333) Weak Processing 0.011ms
[10.981s][debug][gc,phases      ] GC(333) Scrub String Table 0.069ms
[10.981s][debug][gc,age         ] GC(333) Desired survivor size 3670016 bytes, new threshold 1 (max threshold 15)
[10.981s][info ][gc,heap        ] GC(333) PSYoungGen: 14795K->1626K(17920K)
[10.981s][info ][gc,heap        ] GC(333) ParOldGen: 5912K->5920K(31232K)
[10.981s][info ][gc,metaspace   ] GC(333) Metaspace: 15860K->15860K(1064960K)
[10.981s][info ][gc             ] GC(333) Pause Young (Allocation Failure) 20M->7M(48M) 1.631ms
[10.981s][info ][gc,cpu         ] GC(333) User=0.00s Sys=0.00s Real=0.00s
[10.983s][info ][gc,start       ] GC(334) Pause Young (Allocation Failure)
[10.984s][debug][gc,phases      ] GC(334) Scavenge 1.040ms
[10.984s][debug][gc,phases      ] GC(334) Reference Processing 0.020ms
[10.984s][debug][gc,phases      ] GC(334) Weak Processing 0.010ms
[10.984s][debug][gc,phases      ] GC(334) Scrub String Table 0.068ms
[10.984s][debug][gc,age         ] GC(334) Desired survivor size 3670016 bytes, new threshold 1 (max threshold 15)
[10.984s][info ][gc,heap        ] GC(334) PSYoungGen: 15596K->582K(17920K)
[10.984s][info ][gc,heap        ] GC(334) ParOldGen: 5920K->6734K(31232K)
[10.984s][info ][gc,metaspace   ] GC(334) Metaspace: 15860K->15860K(1064960K)
[10.984s][info ][gc             ] GC(334) Pause Young (Allocation Failure) 21M->7M(48M) 1.324ms
[10.984s][info ][gc,cpu         ] GC(334) User=0.01s Sys=0.00s Real=0.00s
[10.985s][info ][gc,start       ] GC(335) Pause Young (Allocation Failure)
[10.987s][debug][gc,phases      ] GC(335) Scavenge 1.076ms
[10.987s][debug][gc,phases      ] GC(335) Reference Processing 0.019ms
[10.987s][debug][gc,phases      ] GC(335) Weak Processing 0.011ms
[10.987s][debug][gc,phases      ] GC(335) Scrub String Table 0.069ms
[10.987s][debug][gc,age         ] GC(335) Desired survivor size 3670016 bytes, new threshold 1 (max threshold 15)
[10.987s][info ][gc,heap        ] GC(335) PSYoungGen: 14779K->550K(17920K)
[10.987s][info ][gc,heap        ] GC(335) ParOldGen: 6734K->6758K(31232K)
[10.987s][info ][gc,metaspace   ] GC(335) Metaspace: 15860K->15860K(1064960K)
[10.987s][info ][gc             ] GC(335) Pause Young (Allocation Failure) 21M->7M(48M) 1.372ms
[10.987s][info ][gc,cpu         ] GC(335) User=0.01s Sys=0.00s Real=0.01s
[10.988s][info ][gc,start       ] GC(336) Pause Young (Allocation Failure)
[10.990s][debug][gc,phases      ] GC(336) Scavenge 1.218ms
[10.990s][debug][gc,phases      ] GC(336) Reference Processing 0.020ms
[10.990s][debug][gc,phases      ] GC(336) Weak Processing 0.011ms
[10.990s][debug][gc,phases      ] GC(336) Scrub String Table 0.077ms
[10.990s][debug][gc,age         ] GC(336) Desired survivor size 3145728 bytes, new threshold 1 (max threshold 15)
[10.990s][info ][gc,heap        ] GC(336) PSYoungGen: 14795K->1235K(15872K)
[10.990s][info ][gc,heap        ] GC(336) ParOldGen: 6758K->7156K(31232K)
[10.990s][info ][gc,metaspace   ] GC(336) Metaspace: 15860K->15860K(1064960K)
[10.990s][info ][gc             ] GC(336) Pause Young (Allocation Failure) 21M->8M(46M) 1.571ms
[10.990s][info ][gc,cpu         ] GC(336) User=0.01s Sys=0.00s Real=0.00s
[10.991s][info ][gc,start       ] GC(337) Pause Young (Allocation Failure)
[10.993s][debug][gc,phases      ] GC(337) Scavenge 1.480ms
[10.993s][debug][gc,phases      ] GC(337) Reference Processing 0.036ms
[10.993s][debug][gc,phases      ] GC(337) Weak Processing 0.016ms
[10.993s][debug][gc,phases      ] GC(337) Scrub String Table 0.098ms
[10.993s][debug][gc,age         ] GC(337) Desired survivor size 3145728 bytes, new threshold 1 (max threshold 15)
[10.993s][info ][gc,heap        ] GC(337) PSYoungGen: 15309K->1594K(17408K)
[10.993s][info ][gc,heap        ] GC(337) ParOldGen: 7156K->7555K(31232K)
[10.993s][info ][gc,metaspace   ] GC(337) Metaspace: 15860K->15860K(1064960K)
[10.993s][info ][gc             ] GC(337) Pause Young (Allocation Failure) 21M->8M(47M) 1.882ms
[10.993s][info ][gc,cpu         ] GC(337) User=0.00s Sys=0.01s Real=0.00s
[10.994s][info ][gc,start       ] GC(338) Pause Young (Allocation Failure)
[10.995s][debug][gc,phases      ] GC(338) Scavenge 0.981ms
[10.995s][debug][gc,phases      ] GC(338) Reference Processing 0.025ms
[10.995s][debug][gc,phases      ] GC(338) Weak Processing 0.015ms
[10.995s][debug][gc,phases      ] GC(338) Scrub String Table 0.086ms
[10.995s][debug][gc,age         ] GC(338) Desired survivor size 3670016 bytes, new threshold 1 (max threshold 15)
[10.996s][info ][gc,heap        ] GC(338) PSYoungGen: 15686K->2081K(17408K)
[10.996s][info ][gc,heap        ] GC(338) ParOldGen: 7555K->7563K(31232K)
[10.996s][info ][gc,metaspace   ] GC(338) Metaspace: 15860K->15860K(1064960K)
[10.996s][info ][gc             ] GC(338) Pause Young (Allocation Failure) 22M->9M(47M) 1.349ms
[10.996s][info ][gc,cpu         ] GC(338) User=0.00s Sys=0.00s Real=0.00s
[10.997s][info ][gc,start       ] GC(339) Pause Young (Allocation Failure)
[10.999s][debug][gc,phases      ] GC(339) Scavenge 1.337ms
[10.999s][debug][gc,phases      ] GC(339) Reference Processing 0.027ms
[10.999s][debug][gc,phases      ] GC(339) Weak Processing 0.016ms
[10.999s][debug][gc,phases      ] GC(339) Scrub String Table 0.080ms
[10.999s][debug][gc,age         ] GC(339) Desired survivor size 3145728 bytes, new threshold 1 (max threshold 15)
[10.999s][info ][gc,heap        ] GC(339) PSYoungGen: 16346K->845K(17920K)
[10.999s][info ][gc,heap        ] GC(339) ParOldGen: 7563K->8751K(31232K)
[10.999s][info ][gc,metaspace   ] GC(339) Metaspace: 15860K->15860K(1064960K)
[10.999s][info ][gc             ] GC(339) Pause Young (Allocation Failure) 23M->9M(48M) 1.763ms
[10.999s][info ][gc,cpu         ] GC(339) User=0.01s Sys=0.00s Real=0.00s
[11.000s][info ][gc,start       ] GC(340) Pause Young (Allocation Failure)
[11.002s][debug][gc,phases      ] GC(340) Scavenge 1.648ms
[11.002s][debug][gc,phases      ] GC(340) Reference Processing 0.020ms
[11.002s][debug][gc,phases      ] GC(340) Weak Processing 0.010ms
[11.002s][debug][gc,phases      ] GC(340) Scrub String Table 0.070ms
[11.002s][debug][gc,age         ] GC(340) Desired survivor size 3670016 bytes, new threshold 1 (max threshold 15)
[11.002s][info ][gc,heap        ] GC(340) PSYoungGen: 15368K->2798K(17920K)
[11.002s][info ][gc,heap        ] GC(340) ParOldGen: 8751K->8783K(31232K)
[11.002s][info ][gc,metaspace   ] GC(340) Metaspace: 15860K->15860K(1064960K)
[11.002s][info ][gc             ] GC(340) Pause Young (Allocation Failure) 23M->11M(48M) 1.947ms
[11.002s][info ][gc,cpu         ] GC(340) User=0.01s Sys=0.00s Real=0.00s
[11.004s][info ][gc,start       ] GC(341) Pause Young (Allocation Failure)
[11.005s][debug][gc,phases      ] GC(341) Scavenge 1.158ms
[11.005s][debug][gc,phases      ] GC(341) Reference Processing 0.019ms
[11.005s][debug][gc,phases      ] GC(341) Weak Processing 0.011ms
[11.005s][debug][gc,phases      ] GC(341) Scrub String Table 0.068ms
[11.005s][debug][gc,age         ] GC(341) Desired survivor size 3670016 bytes, new threshold 1 (max threshold 15)
[11.005s][info ][gc,heap        ] GC(341) PSYoungGen: 17422K->877K(17920K)
[11.005s][info ][gc,heap        ] GC(341) ParOldGen: 8783K->10760K(31232K)
[11.005s][info ][gc,metaspace   ] GC(341) Metaspace: 15860K->15860K(1064960K)
[11.005s][info ][gc             ] GC(341) Pause Young (Allocation Failure) 25M->11M(48M) 1.441ms
[11.005s][info ][gc,cpu         ] GC(341) User=0.01s Sys=0.00s Real=0.00s
[11.007s][info ][gc,start       ] GC(342) Pause Young (Allocation Failure)
[11.008s][debug][gc,phases      ] GC(342) Scavenge 1.298ms
[11.008s][debug][gc,phases      ] GC(342) Reference Processing 0.021ms
[11.008s][debug][gc,phases      ] GC(342) Weak Processing 0.011ms
[11.008s][debug][gc,phases      ] GC(342) Scrub String Table 0.073ms
[11.008s][debug][gc,age         ] GC(342) Desired survivor size 3670016 bytes, new threshold 1 (max threshold 15)
[11.008s][info ][gc,heap        ] GC(342) PSYoungGen: 14936K->1235K(17920K)
[11.008s][info ][gc,heap        ] GC(342) ParOldGen: 10760K->10768K(31232K)
[11.008s][info ][gc,metaspace   ] GC(342) Metaspace: 15860K->15860K(1064960K)
[11.008s][info ][gc             ] GC(342) Pause Young (Allocation Failure) 25M->11M(48M) 1.599ms
[11.008s][info ][gc,cpu         ] GC(342) User=0.01s Sys=0.00s Real=0.00s
[11.010s][info ][gc,start       ] GC(343) Pause Young (Allocation Failure)
[11.011s][debug][gc,phases      ] GC(343) Scavenge 1.312ms
[11.011s][debug][gc,phases      ] GC(343) Reference Processing 0.022ms
[11.011s][debug][gc,phases      ] GC(343) Weak Processing 0.012ms
[11.011s][debug][gc,phases      ] GC(343) Scrub String Table 0.071ms
[11.011s][debug][gc,age         ] GC(343) Desired survivor size 4194304 bytes, new threshold 1 (max threshold 15)
[11.011s][info ][gc,heap        ] GC(343) PSYoungGen: 15298K->3349K(16896K)
[11.011s][info ][gc,heap        ] GC(343) ParOldGen: 10768K->10784K(31232K)
[11.011s][info ][gc,metaspace   ] GC(343) Metaspace: 15860K->15860K(1064960K)
[11.011s][info ][gc             ] GC(343) Pause Young (Allocation Failure) 25M->13M(47M) 1.662ms
[11.011s][info ][gc,cpu         ] GC(343) User=0.00s Sys=0.00s Real=0.00s
[11.012s][info ][gc,start       ] GC(344) Pause Young (Allocation Failure)
[11.013s][debug][gc,phases      ] GC(344) Scavenge 0.865ms
[11.013s][debug][gc,phases      ] GC(344) Reference Processing 0.020ms
[11.013s][debug][gc,phases      ] GC(344) Weak Processing 0.011ms
[11.013s][debug][gc,phases      ] GC(344) Scrub String Table 0.069ms
[11.013s][debug][gc,age         ] GC(344) Desired survivor size 4194304 bytes, new threshold 1 (max threshold 15)
[11.013s][info ][gc,heap        ] GC(344) PSYoungGen: 16566K->2145K(17408K)
[11.013s][info ][gc,heap        ] GC(344) ParOldGen: 10784K->10792K(31232K)
[11.013s][info ][gc,metaspace   ] GC(344) Metaspace: 15860K->15860K(1064960K)
[11.014s][info ][gc             ] GC(344) Pause Young (Allocation Failure) 26M->12M(47M) 1.158ms
[11.014s][info ][gc,cpu         ] GC(344) User=0.00s Sys=0.00s Real=0.00s
[11.015s][info ][gc,start       ] GC(345) Pause Young (Allocation Failure)
[11.016s][debug][gc,phases      ] GC(345) Scavenge 1.254ms
[11.016s][debug][gc,phases      ] GC(345) Reference Processing 0.029ms
[11.016s][debug][gc,phases      ] GC(345) Weak Processing 0.015ms
[11.016s][debug][gc,phases      ] GC(345) Scrub String Table 0.083ms
[11.016s][debug][gc,age         ] GC(345) Desired survivor size 3670016 bytes, new threshold 1 (max threshold 15)
[11.016s][info ][gc,heap        ] GC(345) PSYoungGen: 15161K->1267K(16384K)
[11.016s][info ][gc,heap        ] GC(345) ParOldGen: 10792K->12004K(31232K)
[11.016s][info ][gc,metaspace   ] GC(345) Metaspace: 15860K->15860K(1064960K)
[11.016s][info ][gc             ] GC(345) Pause Young (Allocation Failure) 25M->12M(46M) 1.720ms
[11.016s][info ][gc,cpu         ] GC(345) User=0.01s Sys=0.00s Real=0.01s
[11.018s][info ][gc,start       ] GC(346) Pause Young (Allocation Failure)
[11.019s][debug][gc,phases      ] GC(346) Scavenge 1.693ms
[11.019s][debug][gc,phases      ] GC(346) Reference Processing 0.019ms
[11.019s][debug][gc,phases      ] GC(346) Weak Processing 0.011ms
[11.019s][debug][gc,phases      ] GC(346) Scrub String Table 0.071ms
[11.020s][debug][gc,age         ] GC(346) Desired survivor size 3670016 bytes, new threshold 1 (max threshold 15)
[11.020s][info ][gc,heap        ] GC(346) PSYoungGen: 14283K->877K(16896K)
[11.020s][info ][gc,heap        ] GC(346) ParOldGen: 12004K->12801K(31232K)
[11.020s][info ][gc,metaspace   ] GC(346) Metaspace: 15860K->15860K(1064960K)
[11.020s][info ][gc             ] GC(346) Pause Young (Allocation Failure) 25M->13M(47M) 1.991ms
[11.020s][info ][gc,cpu         ] GC(346) User=0.01s Sys=0.00s Real=0.00s
[11.021s][info ][gc,start       ] GC(347) Pause Young (Allocation Failure)
[11.022s][debug][gc,phases      ] GC(347) Scavenge 0.885ms
[11.022s][debug][gc,phases      ] GC(347) Reference Processing 0.019ms
[11.022s][debug][gc,phases      ] GC(347) Weak Processing 0.011ms
[11.022s][debug][gc,phases      ] GC(347) Scrub String Table 0.069ms
[11.022s][debug][gc,age         ] GC(347) Desired survivor size 3670016 bytes, new threshold 1 (max threshold 15)
[11.022s][info ][gc,heap        ] GC(347) PSYoungGen: 13900K->1267K(17920K)
[11.022s][info ][gc,heap        ] GC(347) ParOldGen: 12801K->13614K(31232K)
[11.022s][info ][gc,metaspace   ] GC(347) Metaspace: 15860K->15860K(1064960K)
[11.022s][info ][gc             ] GC(347) Pause Young (Allocation Failure) 26M->14M(48M) 1.213ms
[11.022s][info ][gc,cpu         ] GC(347) User=0.01s Sys=0.00s Real=0.00s
[11.023s][info ][gc,start       ] GC(348) Pause Young (Allocation Failure)
[11.025s][debug][gc,phases      ] GC(348) Scavenge 1.194ms
[11.025s][debug][gc,phases      ] GC(348) Reference Processing 0.020ms
[11.025s][debug][gc,phases      ] GC(348) Weak Processing 0.011ms
[11.025s][debug][gc,phases      ] GC(348) Scrub String Table 0.070ms
[11.025s][debug][gc,age         ] GC(348) Desired survivor size 3670016 bytes, new threshold 1 (max threshold 15)
[11.025s][info ][gc,heap        ] GC(348) PSYoungGen: 15603K->454K(17920K)
[11.025s][info ][gc,heap        ] GC(348) ParOldGen: 13614K->14013K(31232K)
[11.025s][info ][gc,metaspace   ] GC(348) Metaspace: 15860K->15860K(1064960K)
[11.025s][info ][gc             ] GC(348) Pause Young (Allocation Failure) 28M->14M(48M) 1.485ms
[11.025s][info ][gc,cpu         ] GC(348) User=0.01s Sys=0.00s Real=0.00s
[11.026s][info ][gc,start       ] GC(349) Pause Young (Allocation Failure)
[11.027s][debug][gc,phases      ] GC(349) Scavenge 1.069ms
[11.028s][debug][gc,phases      ] GC(349) Reference Processing 0.024ms
[11.028s][debug][gc,phases      ] GC(349) Weak Processing 0.011ms
[11.028s][debug][gc,phases      ] GC(349) Scrub String Table 0.078ms
[11.028s][debug][gc,age         ] GC(349) Desired survivor size 3670016 bytes, new threshold 1 (max threshold 15)
[11.028s][info ][gc,heap        ] GC(349) PSYoungGen: 14460K->1722K(17920K)
[11.028s][info ][gc,heap        ] GC(349) ParOldGen: 14013K->14021K(31232K)
[11.028s][info ][gc,metaspace   ] GC(349) Metaspace: 15860K->15860K(1064960K)
[11.028s][info ][gc             ] GC(349) Pause Young (Allocation Failure) 27M->15M(48M) 1.399ms
[11.028s][info ][gc,cpu         ] GC(349) User=0.01s Sys=0.00s Real=0.01s
[11.029s][info ][gc,start       ] GC(350) Pause Young (Allocation Failure)
[11.030s][debug][gc,phases      ] GC(350) Scavenge 1.357ms
[11.030s][debug][gc,phases      ] GC(350) Reference Processing 0.025ms
[11.030s][debug][gc,phases      ] GC(350) Weak Processing 0.016ms
[11.031s][debug][gc,phases      ] GC(350) Scrub String Table 0.079ms
[11.031s][debug][gc,age         ] GC(350) Desired survivor size 3670016 bytes, new threshold 1 (max threshold 15)
[11.031s][info ][gc,heap        ] GC(350) PSYoungGen: 15993K->909K(17920K)
[11.031s][info ][gc,heap        ] GC(350) ParOldGen: 14021K->14826K(31232K)
[11.031s][info ][gc,metaspace   ] GC(350) Metaspace: 15860K->15860K(1064960K)
[11.031s][info ][gc             ] GC(350) Pause Young (Allocation Failure) 29M->15M(48M) 1.716ms
[11.031s][info ][gc,cpu         ] GC(350) User=0.01s Sys=0.00s Real=0.00s
[11.032s][info ][gc,start       ] GC(351) Pause Young (Allocation Failure)
[11.034s][debug][gc,phases      ] GC(351) Scavenge 1.090ms
[11.034s][debug][gc,phases      ] GC(351) Reference Processing 0.019ms
[11.034s][debug][gc,phases      ] GC(351) Weak Processing 0.010ms
[11.034s][debug][gc,phases      ] GC(351) Scrub String Table 0.069ms
[11.034s][debug][gc,age         ] GC(351) Desired survivor size 3670016 bytes, new threshold 1 (max threshold 15)
[11.034s][info ][gc,heap        ] GC(351) PSYoungGen: 15243K->486K(17920K)
[11.034s][info ][gc,heap        ] GC(351) ParOldGen: 14826K->14842K(31232K)
[11.034s][info ][gc,metaspace   ] GC(351) Metaspace: 15860K->15860K(1064960K)
[11.034s][info ][gc             ] GC(351) Pause Young (Allocation Failure) 29M->14M(48M) 1.379ms
[11.034s][info ][gc,cpu         ] GC(351) User=0.00s Sys=0.00s Real=0.00s
[11.035s][info ][gc,start       ] GC(352) Pause Young (Allocation Failure)
[11.036s][debug][gc,phases      ] GC(352) Scavenge 1.097ms
[11.037s][debug][gc,phases      ] GC(352) Reference Processing 0.020ms
[11.037s][debug][gc,phases      ] GC(352) Weak Processing 0.011ms
[11.037s][debug][gc,phases      ] GC(352) Scrub String Table 0.068ms
[11.037s][debug][gc,age         ] GC(352) Desired survivor size 3145728 bytes, new threshold 1 (max threshold 15)
[11.037s][info ][gc,heap        ] GC(352) PSYoungGen: 14672K->486K(14848K)
[11.037s][info ][gc,heap        ] GC(352) ParOldGen: 14842K->15257K(31232K)
[11.037s][info ][gc,metaspace   ] GC(352) Metaspace: 15860K->15860K(1064960K)
[11.037s][info ][gc             ] GC(352) Pause Young (Allocation Failure) 28M->15M(45M) 1.395ms
[11.037s][info ][gc,cpu         ] GC(352) User=0.01s Sys=0.00s Real=0.01s
[11.038s][info ][gc,start       ] GC(353) Pause Young (Allocation Failure)
[11.040s][debug][gc,phases      ] GC(353) Scavenge 1.627ms
[11.040s][debug][gc,phases      ] GC(353) Reference Processing 0.019ms
[11.040s][debug][gc,phases      ] GC(353) Weak Processing 0.013ms
[11.040s][debug][gc,phases      ] GC(353) Scrub String Table 0.072ms
[11.040s][debug][gc,age         ] GC(353) Desired survivor size 3145728 bytes, new threshold 1 (max threshold 15)
[11.040s][info ][gc,heap        ] GC(353) PSYoungGen: 14451K->1658K(17408K)
[11.040s][info ][gc,heap        ] GC(353) ParOldGen: 15257K->15273K(31232K)
[11.040s][info ][gc,metaspace   ] GC(353) Metaspace: 15860K->15860K(1064960K)
[11.040s][info ][gc             ] GC(353) Pause Young (Allocation Failure) 29M->16M(47M) 1.915ms
[11.040s][info ][gc,cpu         ] GC(353) User=0.01s Sys=0.01s Real=0.00s
[11.041s][info ][gc,start       ] GC(354) Pause Young (Allocation Failure)
[11.043s][debug][gc,phases      ] GC(354) Scavenge 1.498ms
[11.043s][debug][gc,phases      ] GC(354) Reference Processing 0.061ms
[11.043s][debug][gc,phases      ] GC(354) Weak Processing 0.012ms
[11.043s][debug][gc,phases      ] GC(354) Scrub String Table 0.070ms
[11.043s][debug][gc,age         ] GC(354) Desired survivor size 3145728 bytes, new threshold 1 (max threshold 15)
[11.043s][info ][gc,heap        ] GC(354) PSYoungGen: 15752K->1626K(17408K)
[11.043s][info ][gc,heap        ] GC(354) ParOldGen: 15273K->16062K(31232K)
[11.043s][info ][gc,metaspace   ] GC(354) Metaspace: 15860K->15860K(1064960K)
[11.043s][info ][gc             ] GC(354) Pause Young (Allocation Failure) 30M->17M(47M) 1.873ms
[11.043s][info ][gc,cpu         ] GC(354) User=0.00s Sys=0.00s Real=0.00s
[11.045s][info ][gc,start       ] GC(355) Pause Young (Allocation Failure)
[11.046s][debug][gc,phases      ] GC(355) Scavenge 1.349ms
[11.046s][debug][gc,phases      ] GC(355) Reference Processing 0.021ms
[11.046s][debug][gc,phases      ] GC(355) Weak Processing 0.011ms
[11.046s][debug][gc,phases      ] GC(355) Scrub String Table 0.070ms
[11.046s][debug][gc,age         ] GC(355) Desired survivor size 3145728 bytes, new threshold 1 (max threshold 15)
[11.046s][info ][gc,heap        ] GC(355) PSYoungGen: 15962K->1235K(18432K)
[11.046s][info ][gc,heap        ] GC(355) ParOldGen: 16062K->16860K(31232K)
[11.046s][info ][gc,metaspace   ] GC(355) Metaspace: 15860K->15860K(1064960K)
[11.046s][info ][gc             ] GC(355) Pause Young (Allocation Failure) 31M->17M(48M) 1.670ms
[11.046s][info ][gc,cpu         ] GC(355) User=0.00s Sys=0.00s Real=0.01s
[11.048s][info ][gc,start       ] GC(356) Pause Young (Allocation Failure)
[11.049s][debug][gc,phases      ] GC(356) Scavenge 1.111ms
[11.049s][debug][gc,phases      ] GC(356) Reference Processing 0.026ms
[11.049s][debug][gc,phases      ] GC(356) Weak Processing 0.010ms
[11.049s][debug][gc,phases      ] GC(356) Scrub String Table 0.069ms
[11.049s][debug][gc,age         ] GC(356) Desired survivor size 3145728 bytes, new threshold 1 (max threshold 15)
[11.049s][info ][gc,heap        ] GC(356) PSYoungGen: 16306K->454K(18432K)
[11.049s][info ][gc,heap        ] GC(356) ParOldGen: 16860K->17266K(31232K)
[11.049s][info ][gc,metaspace   ] GC(356) Metaspace: 15860K->15860K(1064960K)
[11.049s][info ][gc             ] GC(356) Pause Young (Allocation Failure) 32M->17M(48M) 1.410ms
[11.049s][info ][gc,cpu         ] GC(356) User=0.01s Sys=0.00s Real=0.00s
[11.051s][info ][gc,start       ] GC(357) Pause Young (Allocation Failure)
[11.052s][debug][gc,phases      ] GC(357) Scavenge 0.867ms
[11.052s][debug][gc,phases      ] GC(357) Reference Processing 0.019ms
[11.052s][debug][gc,phases      ] GC(357) Weak Processing 0.011ms
[11.052s][debug][gc,phases      ] GC(357) Scrub String Table 0.070ms
[11.052s][debug][gc,age         ] GC(357) Desired survivor size 3145728 bytes, new threshold 1 (max threshold 15)
[11.052s][info ][gc,heap        ] GC(357) PSYoungGen: 15426K->845K(18432K)
[11.052s][info ][gc,heap        ] GC(357) ParOldGen: 17266K->17673K(31232K)
[11.052s][info ][gc,metaspace   ] GC(357) Metaspace: 15860K->15860K(1064960K)
[11.052s][info ][gc             ] GC(357) Pause Young (Allocation Failure) 31M->18M(48M) 1.156ms
[11.052s][info ][gc,cpu         ] GC(357) User=0.01s Sys=0.00s Real=0.00s
[11.054s][info ][gc,start       ] GC(358) Pause Young (Allocation Failure)
[11.055s][debug][gc,phases      ] GC(358) Scavenge 0.976ms
[11.055s][debug][gc,phases      ] GC(358) Reference Processing 0.019ms
[11.055s][debug][gc,phases      ] GC(358) Weak Processing 0.011ms
[11.055s][debug][gc,phases      ] GC(358) Scrub String Table 0.069ms
[11.055s][debug][gc,age         ] GC(358) Desired survivor size 3145728 bytes, new threshold 1 (max threshold 15)
[11.055s][info ][gc,heap        ] GC(358) PSYoungGen: 16074K->1299K(18432K)
[11.055s][info ][gc,heap        ] GC(358) ParOldGen: 17673K->17673K(31232K)
[11.055s][info ][gc,metaspace   ] GC(358) Metaspace: 15860K->15860K(1064960K)
[11.055s][info ][gc             ] GC(358) Pause Young (Allocation Failure) 32M->18M(48M) 1.265ms
[11.055s][info ][gc,cpu         ] GC(358) User=0.01s Sys=0.00s Real=0.00s
[11.057s][info ][gc,start       ] GC(359) Pause Young (Allocation Failure)
[11.058s][debug][gc,phases      ] GC(359) Scavenge 1.077ms
[11.058s][debug][gc,phases      ] GC(359) Reference Processing 0.019ms
[11.058s][debug][gc,phases      ] GC(359) Weak Processing 0.012ms
[11.058s][debug][gc,phases      ] GC(359) Scrub String Table 0.071ms
[11.058s][debug][gc,age         ] GC(359) Desired survivor size 2621440 bytes, new threshold 1 (max threshold 15)
[11.058s][info ][gc,heap        ] GC(359) PSYoungGen: 16499K->909K(17408K)
[11.058s][info ][gc,heap        ] GC(359) ParOldGen: 17673K->18087K(31232K)
[11.058s][info ][gc,metaspace   ] GC(359) Metaspace: 15860K->15860K(1064960K)
[11.058s][info ][gc             ] GC(359) Pause Young (Allocation Failure) 33M->18M(47M) 1.416ms
[11.058s][info ][gc,cpu         ] GC(359) User=0.01s Sys=0.00s Real=0.00s
[11.060s][info ][gc,start       ] GC(360) Pause Young (Allocation Failure)
[11.061s][debug][gc,phases      ] GC(360) Scavenge 1.019ms
[11.061s][debug][gc,phases      ] GC(360) Reference Processing 0.020ms
[11.061s][debug][gc,phases      ] GC(360) Weak Processing 0.012ms
[11.061s][debug][gc,phases      ] GC(360) Scrub String Table 0.101ms
[11.061s][debug][gc,age         ] GC(360) Desired survivor size 2621440 bytes, new threshold 1 (max threshold 15)
[11.061s][info ][gc,heap        ] GC(360) PSYoungGen: 16066K->909K(17920K)
[11.061s][info ][gc,heap        ] GC(360) ParOldGen: 18087K->18111K(31232K)
[11.061s][info ][gc,metaspace   ] GC(360) Metaspace: 15860K->15860K(1064960K)
[11.061s][info ][gc             ] GC(360) Pause Young (Allocation Failure) 33M->18M(48M) 1.371ms
[11.061s][info ][gc,cpu         ] GC(360) User=0.01s Sys=0.00s Real=0.00s
[11.063s][info ][gc,start       ] GC(361) Pause Young (Allocation Failure)
[11.064s][debug][gc,phases      ] GC(361) Scavenge 1.362ms
[11.064s][debug][gc,phases      ] GC(361) Reference Processing 0.020ms
[11.064s][debug][gc,phases      ] GC(361) Weak Processing 0.012ms
[11.064s][debug][gc,phases      ] GC(361) Scrub String Table 0.068ms
[11.064s][debug][gc,age         ] GC(361) Desired survivor size 3145728 bytes, new threshold 1 (max threshold 15)
[11.064s][info ][gc,heap        ] GC(361) PSYoungGen: 16222K->2113K(17920K)
[11.064s][info ][gc,heap        ] GC(361) ParOldGen: 18111K->18119K(31232K)
[11.064s][info ][gc,metaspace   ] GC(361) Metaspace: 15860K->15860K(1064960K)
[11.064s][info ][gc             ] GC(361) Pause Young (Allocation Failure) 33M->19M(48M) 1.690ms
[11.064s][info ][gc,cpu         ] GC(361) User=0.01s Sys=0.00s Real=0.00s
[11.066s][info ][gc,start       ] GC(362) Pause Young (Allocation Failure)
[11.067s][debug][gc,phases      ] GC(362) Scavenge 1.077ms
[11.067s][debug][gc,phases      ] GC(362) Reference Processing 0.021ms
[11.067s][debug][gc,phases      ] GC(362) Weak Processing 0.011ms
[11.067s][debug][gc,phases      ] GC(362) Scrub String Table 0.069ms
[11.067s][debug][gc,age         ] GC(362) Desired survivor size 3145728 bytes, new threshold 1 (max threshold 15)
[11.067s][info ][gc,heap        ] GC(362) PSYoungGen: 17327K->1690K(18432K)
[11.067s][info ][gc,heap        ] GC(362) ParOldGen: 18119K->18550K(31232K)
[11.067s][info ][gc,metaspace   ] GC(362) Metaspace: 15860K->15860K(1064960K)
[11.067s][info ][gc             ] GC(362) Pause Young (Allocation Failure) 34M->19M(48M) 1.396ms
[11.067s][info ][gc,cpu         ] GC(362) User=0.01s Sys=0.00s Real=0.01s
[11.069s][info ][gc,start       ] GC(363) Pause Young (Allocation Failure)
[11.071s][debug][gc,phases      ] GC(363) Scavenge 2.033ms
[11.071s][debug][gc,phases      ] GC(363) Reference Processing 0.023ms
[11.071s][debug][gc,phases      ] GC(363) Weak Processing 0.012ms
[11.071s][debug][gc,phases      ] GC(363) Scrub String Table 0.069ms
[11.071s][debug][gc,age         ] GC(363) Desired survivor size 2621440 bytes, new threshold 1 (max threshold 15)
[11.071s][info ][gc,heap        ] GC(363) PSYoungGen: 16760K->1235K(17408K)
[11.071s][info ][gc,heap        ] GC(363) ParOldGen: 18550K->19347K(31232K)
[11.071s][info ][gc,metaspace   ] GC(363) Metaspace: 15860K->15860K(1064960K)
[11.071s][info ][gc             ] GC(363) Pause Young (Allocation Failure) 34M->20M(47M) 2.407ms
[11.071s][info ][gc,cpu         ] GC(363) User=0.01s Sys=0.00s Real=0.00s
[11.072s][info ][gc,start       ] GC(364) Pause Young (Allocation Failure)
[11.075s][debug][gc,phases      ] GC(364) Scavenge 2.222ms
[11.075s][debug][gc,phases      ] GC(364) Reference Processing 0.032ms
[11.075s][debug][gc,phases      ] GC(364) Weak Processing 0.012ms
[11.075s][debug][gc,phases      ] GC(364) Scrub String Table 0.069ms
[11.075s][debug][gc,age         ] GC(364) Desired survivor size 2621440 bytes, new threshold 1 (max threshold 15)
[11.075s][info ][gc,heap        ] GC(364) PSYoungGen: 16307K->845K(17920K)
[11.075s][info ][gc,heap        ] GC(364) ParOldGen: 19347K->19363K(31232K)
[11.075s][info ][gc,metaspace   ] GC(364) Metaspace: 15860K->15860K(1064960K)
[11.075s][info ][gc             ] GC(364) Pause Young (Allocation Failure) 34M->19M(48M) 2.549ms
[11.075s][info ][gc,cpu         ] GC(364) User=0.01s Sys=0.00s Real=0.00s
[11.076s][info ][gc,start       ] GC(365) Pause Young (Allocation Failure)
[11.078s][debug][gc,phases      ] GC(365) Scavenge 1.311ms
[11.082s][debug][gc,phases      ] GC(365) Reference Processing 0.031ms
[11.082s][debug][gc,phases      ] GC(365) Weak Processing 0.013ms
[11.082s][debug][gc,phases      ] GC(365) Scrub String Table 0.072ms
[11.082s][debug][gc,age         ] GC(365) Desired survivor size 2621440 bytes, new threshold 1 (max threshold 15)
[11.082s][info ][gc,heap        ] GC(365) PSYoungGen: 16062K->1267K(18944K)
[11.082s][info ][gc,heap        ] GC(365) ParOldGen: 19363K->19379K(31232K)
[11.082s][info ][gc,metaspace   ] GC(365) Metaspace: 15860K->15860K(1064960K)
[11.082s][info ][gc             ] GC(365) Pause Young (Allocation Failure) 34M->20M(49M) 6.169ms
[11.082s][info ][gc,cpu         ] GC(365) User=0.01s Sys=0.00s Real=0.01s
[11.084s][info ][gc,start       ] GC(366) Pause Young (Allocation Failure)
[11.086s][debug][gc,phases      ] GC(366) Scavenge 1.907ms
[11.086s][debug][gc,phases      ] GC(366) Reference Processing 0.020ms
[11.086s][debug][gc,phases      ] GC(366) Weak Processing 0.011ms
[11.086s][debug][gc,phases      ] GC(366) Scrub String Table 0.069ms
[11.086s][debug][gc,age         ] GC(366) Desired survivor size 2621440 bytes, new threshold 1 (max threshold 15)
[11.086s][info ][gc,heap        ] GC(366) PSYoungGen: 17512K->32K(18944K)
[11.086s][info ][gc,heap        ] GC(366) ParOldGen: 19379K->20177K(31232K)
[11.086s][info ][gc,metaspace   ] GC(366) Metaspace: 15860K->15860K(1064960K)
[11.086s][info ][gc             ] GC(366) Pause Young (Allocation Failure) 36M->19M(49M) 2.256ms
[11.086s][info ][gc,cpu         ] GC(366) User=0.01s Sys=0.00s Real=0.00s
[11.088s][info ][gc,start       ] GC(367) Pause Young (Allocation Failure)
[11.089s][debug][gc,phases      ] GC(367) Scavenge 0.958ms
[11.089s][debug][gc,phases      ] GC(367) Reference Processing 0.026ms
[11.089s][debug][gc,phases      ] GC(367) Weak Processing 0.014ms
[11.089s][debug][gc,phases      ] GC(367) Scrub String Table 0.114ms
[11.089s][debug][gc,age         ] GC(367) Desired survivor size 2621440 bytes, new threshold 1 (max threshold 15)
[11.089s][info ][gc,heap        ] GC(367) PSYoungGen: 16251K->518K(18944K)
[11.089s][info ][gc,heap        ] GC(367) ParOldGen: 20177K->20201K(31232K)
[11.089s][info ][gc,metaspace   ] GC(367) Metaspace: 15860K->15860K(1064960K)
[11.089s][info ][gc             ] GC(367) Pause Young (Allocation Failure) 35M->20M(49M) 1.426ms
[11.089s][info ][gc,cpu         ] GC(367) User=0.01s Sys=0.00s Real=0.00s
[11.091s][info ][gc,start       ] GC(368) Pause Young (Allocation Failure)
[11.092s][debug][gc,phases      ] GC(368) Scavenge 1.044ms
[11.092s][debug][gc,phases      ] GC(368) Reference Processing 0.020ms
[11.092s][debug][gc,phases      ] GC(368) Weak Processing 0.024ms
[11.092s][debug][gc,phases      ] GC(368) Scrub String Table 0.079ms
[11.092s][debug][gc,age         ] GC(368) Desired survivor size 2621440 bytes, new threshold 1 (max threshold 15)
[11.092s][info ][gc,heap        ] GC(368) PSYoungGen: 16626K->1722K(18944K)
[11.092s][info ][gc,heap        ] GC(368) ParOldGen: 20201K->20615K(31232K)
[11.092s][info ][gc,metaspace   ] GC(368) Metaspace: 15860K->15860K(1064960K)
[11.092s][info ][gc             ] GC(368) Pause Young (Allocation Failure) 35M->21M(49M) 1.540ms
[11.092s][info ][gc,cpu         ] GC(368) User=0.01s Sys=0.00s Real=0.00s
[11.094s][info ][gc,start       ] GC(369) Pause Young (Allocation Failure)
[11.095s][debug][gc,phases      ] GC(369) Scavenge 1.226ms
[11.095s][debug][gc,phases      ] GC(369) Reference Processing 0.026ms
[11.095s][debug][gc,phases      ] GC(369) Weak Processing 0.015ms
[11.095s][debug][gc,phases      ] GC(369) Scrub String Table 0.100ms
[11.096s][debug][gc,age         ] GC(369) Desired survivor size 2621440 bytes, new threshold 1 (max threshold 15)
[11.096s][info ][gc,heap        ] GC(369) PSYoungGen: 17727K->1299K(18944K)
[11.096s][info ][gc,heap        ] GC(369) ParOldGen: 20615K->21421K(31232K)
[11.096s][info ][gc,metaspace   ] GC(369) Metaspace: 15860K->15860K(1064960K)
[11.096s][info ][gc             ] GC(369) Pause Young (Allocation Failure) 37M->22M(49M) 1.700ms
[11.096s][info ][gc,cpu         ] GC(369) User=0.01s Sys=0.00s Real=0.00s
[11.097s][info ][gc,start       ] GC(370) Pause Young (Allocation Failure)
[11.098s][debug][gc,phases      ] GC(370) Scavenge 0.976ms
[11.098s][debug][gc,phases      ] GC(370) Reference Processing 0.020ms
[11.098s][debug][gc,phases      ] GC(370) Weak Processing 0.012ms
[11.098s][debug][gc,phases      ] GC(370) Scrub String Table 0.070ms
[11.098s][debug][gc,age         ] GC(370) Desired survivor size 2621440 bytes, new threshold 1 (max threshold 15)
[11.098s][info ][gc,heap        ] GC(370) PSYoungGen: 17638K->1331K(18944K)
[11.098s][info ][gc,heap        ] GC(370) ParOldGen: 21421K->21843K(31232K)
[11.098s][info ][gc,metaspace   ] GC(370) Metaspace: 15860K->15860K(1064960K)
[11.098s][info ][gc             ] GC(370) Pause Young (Allocation Failure) 38M->22M(49M) 1.305ms
[11.098s][info ][gc,cpu         ] GC(370) User=0.01s Sys=0.00s Real=0.00s
[11.100s][info ][gc,start       ] GC(371) Pause Young (Allocation Failure)
[11.101s][debug][gc,phases      ] GC(371) Scavenge 1.184ms
[11.101s][debug][gc,phases      ] GC(371) Reference Processing 0.020ms
[11.101s][debug][gc,phases      ] GC(371) Weak Processing 0.011ms
[11.101s][debug][gc,phases      ] GC(371) Scrub String Table 0.070ms
[11.101s][debug][gc,age         ] GC(371) Desired survivor size 3145728 bytes, new threshold 1 (max threshold 15)
[11.101s][info ][gc,heap        ] GC(371) PSYoungGen: 17380K->2177K(17920K)
[11.101s][info ][gc,heap        ] GC(371) ParOldGen: 21843K->22274K(31232K)
[11.101s][info ][gc,metaspace   ] GC(371) Metaspace: 15860K->15860K(1064960K)
[11.101s][info ][gc             ] GC(371) Pause Young (Allocation Failure) 38M->23M(48M) 1.512ms
[11.101s][info ][gc,cpu         ] GC(371) User=0.01s Sys=0.00s Real=0.00s
[11.102s][info ][gc,start       ] GC(372) Pause Young (Allocation Failure)
[11.104s][debug][gc,phases      ] GC(372) Scavenge 1.307ms
[11.104s][debug][gc,phases      ] GC(372) Reference Processing 0.020ms
[11.104s][debug][gc,phases      ] GC(372) Weak Processing 0.014ms
[11.104s][debug][gc,phases      ] GC(372) Scrub String Table 0.080ms
[11.104s][debug][gc,age         ] GC(372) Desired survivor size 3145728 bytes, new threshold 1 (max threshold 15)
[11.104s][info ][gc,heap        ] GC(372) PSYoungGen: 17320K->454K(18432K)
[11.104s][info ][gc,heap        ] GC(372) ParOldGen: 22274K->23071K(31232K)
[11.104s][info ][gc,metaspace   ] GC(372) Metaspace: 15860K->15860K(1064960K)
[11.104s][info ][gc             ] GC(372) Pause Young (Allocation Failure) 38M->22M(48M) 1.661ms
[11.104s][info ][gc,cpu         ] GC(372) User=0.01s Sys=0.00s Real=0.00s
[11.106s][info ][gc,start       ] GC(373) Pause Young (Allocation Failure)
[11.106s][debug][gc,phases      ] GC(373) Scavenge 0.450ms
[11.107s][debug][gc,phases      ] GC(373) Reference Processing 0.020ms
[11.107s][debug][gc,phases      ] GC(373) Weak Processing 0.010ms
[11.107s][debug][gc,phases      ] GC(373) Scrub String Table 0.069ms
[11.107s][debug][gc,age         ] GC(373) Desired survivor size 2621440 bytes, new threshold 1 (max threshold 15)
[11.107s][info ][gc,heap        ] GC(373) PSYoungGen: 15429K->941K(17408K)
[11.107s][info ][gc,heap        ] GC(373) ParOldGen: 23071K->23111K(31232K)
[11.107s][info ][gc,metaspace   ] GC(373) Metaspace: 15860K->15860K(1064960K)
[11.107s][info ][gc             ] GC(373) Pause Young (Allocation Failure) 37M->23M(47M) 0.847ms
[11.107s][info ][gc,cpu         ] GC(373) User=0.00s Sys=0.00s Real=0.01s
[11.108s][info ][gc,start       ] GC(374) Pause Young (Allocation Failure)
[11.110s][debug][gc,phases      ] GC(374) Scavenge 1.533ms
[11.110s][debug][gc,phases      ] GC(374) Reference Processing 0.020ms
[11.110s][debug][gc,phases      ] GC(374) Weak Processing 0.014ms
[11.110s][debug][gc,phases      ] GC(374) Scrub String Table 0.080ms
[11.110s][debug][gc,age         ] GC(374) Desired survivor size 3145728 bytes, new threshold 1 (max threshold 15)
[11.110s][info ][gc,heap        ] GC(374) PSYoungGen: 16068K->1658K(17920K)
[11.110s][info ][gc,heap        ] GC(374) ParOldGen: 23111K->23518K(31232K)
[11.110s][info ][gc,metaspace   ] GC(374) Metaspace: 15860K->15860K(1064960K)
[11.110s][info ][gc             ] GC(374) Pause Young (Allocation Failure) 38M->24M(48M) 1.902ms
[11.110s][info ][gc,cpu         ] GC(374) User=0.01s Sys=0.00s Real=0.00s
[11.111s][info ][gc,start       ] GC(375) Pause Young (Allocation Failure)
[11.113s][debug][gc,phases      ] GC(375) Scavenge 1.206ms
[11.113s][debug][gc,phases      ] GC(375) Reference Processing 0.020ms
[11.113s][debug][gc,phases      ] GC(375) Weak Processing 0.012ms
[11.113s][debug][gc,phases      ] GC(375) Scrub String Table 0.073ms
[11.113s][debug][gc,age         ] GC(375) Desired survivor size 3145728 bytes, new threshold 1 (max threshold 15)
[11.113s][info ][gc,heap        ] GC(375) PSYoungGen: 16870K->1658K(18432K)
[11.113s][info ][gc,heap        ] GC(375) ParOldGen: 23518K->23526K(31232K)
[11.113s][info ][gc,metaspace   ] GC(375) Metaspace: 15860K->15860K(1064960K)
[11.113s][info ][gc             ] GC(375) Pause Young (Allocation Failure) 39M->24M(48M) 1.548ms
[11.113s][info ][gc,cpu         ] GC(375) User=0.00s Sys=0.00s Real=0.00s
[11.114s][info ][gc,start       ] GC(376) Pause Young (Allocation Failure)
[11.115s][debug][gc,phases      ] GC(376) Scavenge 1.067ms
[11.115s][debug][gc,phases      ] GC(376) Reference Processing 0.021ms
[11.116s][debug][gc,phases      ] GC(376) Weak Processing 0.011ms
[11.116s][debug][gc,phases      ] GC(376) Scrub String Table 0.070ms
[11.116s][debug][gc,age         ] GC(376) Desired survivor size 3145728 bytes, new threshold 1 (max threshold 15)
[11.116s][info ][gc,heap        ] GC(376) PSYoungGen: 16949K->1722K(18432K)
[11.116s][info ][gc,heap        ] GC(376) ParOldGen: 23526K->24331K(31232K)
[11.116s][info ][gc,metaspace   ] GC(376) Metaspace: 15860K->15860K(1064960K)
[11.116s][info ][gc             ] GC(376) Pause Young (Allocation Failure) 39M->25M(48M) 1.399ms
[11.116s][info ][gc,cpu         ] GC(376) User=0.01s Sys=0.00s Real=0.00s
[11.117s][info ][gc,start       ] GC(377) Pause Young (Allocation Failure)
[11.118s][debug][gc,phases      ] GC(377) Scavenge 1.022ms
[11.118s][debug][gc,phases      ] GC(377) Reference Processing 0.018ms
[11.118s][debug][gc,phases      ] GC(377) Weak Processing 0.012ms
[11.118s][debug][gc,phases      ] GC(377) Scrub String Table 0.070ms
[11.118s][debug][gc,age         ] GC(377) Desired survivor size 3670016 bytes, new threshold 1 (max threshold 15)
[11.118s][info ][gc,heap        ] GC(377) PSYoungGen: 16951K->2894K(17408K)
[11.118s][info ][gc,heap        ] GC(377) ParOldGen: 24331K->24746K(31232K)
[11.118s][info ][gc,metaspace   ] GC(377) Metaspace: 15860K->15860K(1064960K)
[11.118s][info ][gc             ] GC(377) Pause Young (Allocation Failure) 40M->26M(47M) 1.333ms
[11.118s][info ][gc,cpu         ] GC(377) User=0.00s Sys=0.00s Real=0.00s
[11.119s][info ][gc,start       ] GC(378) Pause Young (Allocation Failure)
[11.121s][debug][gc,phases      ] GC(378) Scavenge 1.960ms
[11.122s][debug][gc,phases      ] GC(378) Reference Processing 0.020ms
[11.122s][debug][gc,phases      ] GC(378) Weak Processing 0.014ms
[11.122s][debug][gc,phases      ] GC(378) Scrub String Table 0.079ms
[11.122s][debug][gc,age         ] GC(378) Desired survivor size 3145728 bytes, new threshold 1 (max threshold 15)
[11.122s][info ][gc,heap        ] GC(378) PSYoungGen: 17230K->845K(17920K)
[11.122s][info ][gc,heap        ] GC(378) ParOldGen: 24746K->25543K(31232K)
[11.122s][info ][gc,metaspace   ] GC(378) Metaspace: 15860K->15860K(1064960K)
[11.122s][info ][gc             ] GC(378) Pause Young (Allocation Failure) 40M->25M(48M) 2.324ms
[11.122s][info ][gc,cpu         ] GC(378) User=0.02s Sys=0.00s Real=0.00s
[11.123s][info ][gc,start       ] GC(379) Pause Young (Allocation Failure)
[11.125s][debug][gc,phases      ] GC(379) Scavenge 1.047ms
[11.125s][debug][gc,phases      ] GC(379) Reference Processing 0.018ms
[11.125s][debug][gc,phases      ] GC(379) Weak Processing 0.010ms
[11.125s][debug][gc,phases      ] GC(379) Scrub String Table 0.068ms
[11.125s][debug][gc,age         ] GC(379) Desired survivor size 3670016 bytes, new threshold 1 (max threshold 15)
[11.125s][info ][gc,heap        ] GC(379) PSYoungGen: 15041K->32K(17408K)
[11.125s][info ][gc,heap        ] GC(379) ParOldGen: 25543K->25950K(31232K)
[11.125s][info ][gc,metaspace   ] GC(379) Metaspace: 15860K->15860K(1064960K)
[11.125s][info ][gc             ] GC(379) Pause Young (Allocation Failure) 39M->25M(47M) 1.385ms
[11.125s][info ][gc,cpu         ] GC(379) User=0.01s Sys=0.01s Real=0.00s
[11.126s][info ][gc,start       ] GC(380) Pause Young (Allocation Failure)
[11.129s][debug][gc,phases      ] GC(380) Scavenge 2.252ms
[11.129s][debug][gc,phases      ] GC(380) Reference Processing 0.020ms
[11.129s][debug][gc,phases      ] GC(380) Weak Processing 0.011ms
[11.129s][debug][gc,phases      ] GC(380) Scrub String Table 0.071ms
[11.129s][debug][gc,age         ] GC(380) Desired survivor size 3145728 bytes, new threshold 1 (max threshold 15)
[11.129s][info ][gc,heap        ] GC(380) PSYoungGen: 13987K->1235K(17920K)
[11.129s][info ][gc,heap        ] GC(380) ParOldGen: 25950K->25950K(31232K)
[11.129s][info ][gc,metaspace   ] GC(380) Metaspace: 15860K->15860K(1064960K)
[11.129s][info ][gc             ] GC(380) Pause Young (Allocation Failure) 39M->26M(48M) 2.610ms
[11.129s][info ][gc,cpu         ] GC(380) User=0.01s Sys=0.00s Real=0.00s
[11.130s][info ][gc,start       ] GC(381) Pause Young (Allocation Failure)
[11.131s][debug][gc,phases      ] GC(381) Scavenge 1.098ms
[11.131s][debug][gc,phases      ] GC(381) Reference Processing 0.020ms
[11.131s][debug][gc,phases      ] GC(381) Weak Processing 0.011ms
[11.132s][debug][gc,phases      ] GC(381) Scrub String Table 0.069ms
[11.132s][debug][gc,age         ] GC(381) Desired survivor size 3145728 bytes, new threshold 1 (max threshold 15)
[11.132s][info ][gc,heap        ] GC(381) PSYoungGen: 15261K->1331K(17920K)
[11.132s][info ][gc,heap        ] GC(381) ParOldGen: 25950K->25958K(31232K)
[11.132s][info ][gc,metaspace   ] GC(381) Metaspace: 15860K->15860K(1064960K)
[11.132s][info ][gc             ] GC(381) Pause Young (Allocation Failure) 40M->26M(48M) 1.440ms
[11.132s][info ][gc,cpu         ] GC(381) User=0.00s Sys=0.00s Real=0.00s
[11.133s][info ][gc,start       ] GC(382) Pause Young (Allocation Failure)
[11.135s][debug][gc,phases      ] GC(382) Scavenge 1.541ms
[11.135s][debug][gc,phases      ] GC(382) Reference Processing 0.025ms
[11.135s][debug][gc,phases      ] GC(382) Weak Processing 0.011ms
[11.135s][debug][gc,phases      ] GC(382) Scrub String Table 0.073ms
[11.135s][debug][gc,age         ] GC(382) Desired survivor size 3145728 bytes, new threshold 1 (max threshold 15)
[11.135s][info ][gc,heap        ] GC(382) PSYoungGen: 15886K->1235K(17920K)
[11.135s][info ][gc,heap        ] GC(382) ParOldGen: 25958K->26364K(31232K)
[11.135s][info ][gc,metaspace   ] GC(382) Metaspace: 15860K->15860K(1064960K)
[11.135s][info ][gc             ] GC(382) Pause Young (Allocation Failure) 40M->26M(48M) 1.939ms
[11.135s][info ][gc,cpu         ] GC(382) User=0.01s Sys=0.00s Real=0.00s
[11.139s][info ][gc,start       ] GC(383) Pause Young (Allocation Failure)
[11.140s][debug][gc,phases      ] GC(383) Scavenge 1.201ms
[11.140s][debug][gc,phases      ] GC(383) Reference Processing 0.025ms
[11.140s][debug][gc,phases      ] GC(383) Weak Processing 0.015ms
[11.140s][debug][gc,phases      ] GC(383) Scrub String Table 0.080ms
[11.140s][debug][gc,age         ] GC(383) Desired survivor size 3145728 bytes, new threshold 1 (max threshold 15)
[11.140s][info ][gc,heap        ] GC(383) PSYoungGen: 15970K->909K(18432K)
[11.140s][info ][gc,heap        ] GC(383) ParOldGen: 26364K->26771K(31232K)
[11.140s][info ][gc,metaspace   ] GC(383) Metaspace: 15860K->15860K(1064960K)
[11.140s][info ][gc             ] GC(383) Pause Young (Allocation Failure) 41M->27M(48M) 1.640ms
[11.140s][info ][gc,cpu         ] GC(383) User=0.00s Sys=0.00s Real=0.00s
[11.142s][info ][gc,start       ] GC(384) Pause Young (Allocation Failure)
[11.143s][debug][gc,phases      ] GC(384) Scavenge 1.273ms
[11.143s][debug][gc,phases      ] GC(384) Reference Processing 0.021ms
[11.143s][debug][gc,phases      ] GC(384) Weak Processing 0.010ms
[11.144s][debug][gc,phases      ] GC(384) Scrub String Table 0.068ms
[11.144s][debug][gc,age         ] GC(384) Desired survivor size 3145728 bytes, new threshold 1 (max threshold 15)
[11.144s][info ][gc,heap        ] GC(384) PSYoungGen: 15990K->1722K(18432K)
[11.144s][info ][gc,heap        ] GC(384) ParOldGen: 26771K->27584K(31232K)
[11.144s][info ][gc,metaspace   ] GC(384) Metaspace: 15860K->15860K(1064960K)
[11.144s][info ][gc             ] GC(384) Pause Young (Allocation Failure) 41M->28M(48M) 1.595ms
[11.144s][info ][gc,cpu         ] GC(384) User=0.01s Sys=0.00s Real=0.00s
[11.145s][info ][gc,start       ] GC(385) Pause Young (Allocation Failure)
[11.146s][debug][gc,phases      ] GC(385) Scavenge 1.221ms
[11.146s][debug][gc,phases      ] GC(385) Reference Processing 0.021ms
[11.146s][debug][gc,phases      ] GC(385) Weak Processing 0.012ms
[11.146s][debug][gc,phases      ] GC(385) Scrub String Table 0.071ms
[11.146s][debug][gc,age         ] GC(385) Desired survivor size 2621440 bytes, new threshold 1 (max threshold 15)
[11.147s][info ][gc,heap        ] GC(385) PSYoungGen: 16935K->941K(17408K)
[11.147s][info ][gc,heap        ] GC(385) ParOldGen: 27584K->27999K(31232K)
[11.147s][info ][gc,metaspace   ] GC(385) Metaspace: 15860K->15860K(1064960K)
[11.147s][info ][gc             ] GC(385) Pause Young (Allocation Failure) 43M->28M(47M) 1.661ms
[11.147s][info ][gc,cpu         ] GC(385) User=0.01s Sys=0.00s Real=0.01s
[11.148s][info ][gc,start       ] GC(386) Pause Young (Allocation Failure)
[11.150s][debug][gc,phases      ] GC(386) Scavenge 1.101ms
[11.150s][debug][gc,phases      ] GC(386) Reference Processing 0.022ms
[11.150s][debug][gc,phases      ] GC(386) Weak Processing 0.011ms
[11.150s][debug][gc,phases      ] GC(386) Scrub String Table 0.072ms
[11.150s][debug][gc,age         ] GC(386) Desired survivor size 2621440 bytes, new threshold 1 (max threshold 15)
[11.150s][info ][gc,heap        ] GC(386) PSYoungGen: 15932K->941K(17920K)
[11.150s][info ][gc,heap        ] GC(386) ParOldGen: 27999K->28812K(31232K)
[11.150s][info ][gc,metaspace   ] GC(386) Metaspace: 15860K->15860K(1064960K)
[11.150s][info ][gc             ] GC(386) Pause Young (Allocation Failure) 42M->29M(48M) 1.415ms
[11.150s][info ][gc,cpu         ] GC(386) User=0.01s Sys=0.00s Real=0.00s
[11.151s][info ][gc,start       ] GC(387) Pause Young (Allocation Failure)
[11.152s][debug][gc,phases      ] GC(387) Scavenge 1.031ms
[11.152s][debug][gc,phases      ] GC(387) Reference Processing 0.020ms
[11.152s][debug][gc,phases      ] GC(387) Weak Processing 0.011ms
[11.152s][debug][gc,phases      ] GC(387) Scrub String Table 0.070ms
[11.152s][debug][gc,age         ] GC(387) Desired survivor size 2621440 bytes, new threshold 1 (max threshold 15)
[11.152s][info ][gc,heap        ] GC(387) PSYoungGen: 16226K->1754K(18944K)
[11.152s][info ][gc,heap        ] GC(387) ParOldGen: 28812K->28820K(31232K)
[11.152s][info ][gc,metaspace   ] GC(387) Metaspace: 15860K->15860K(1064960K)
[11.152s][info ][gc             ] GC(387) Pause Young (Allocation Failure) 43M->29M(49M) 1.333ms
[11.152s][info ][gc,cpu         ] GC(387) User=0.01s Sys=0.00s Real=0.00s
[11.154s][info ][gc,start       ] GC(388) Pause Young (Allocation Failure)
[11.155s][debug][gc,phases      ] GC(388) Scavenge 0.918ms
[11.155s][debug][gc,phases      ] GC(388) Reference Processing 0.019ms
[11.155s][debug][gc,phases      ] GC(388) Weak Processing 0.011ms
[11.155s][debug][gc,phases      ] GC(388) Scrub String Table 0.068ms
[11.155s][debug][gc,age         ] GC(388) Desired survivor size 2621440 bytes, new threshold 1 (max threshold 15)
[11.155s][info ][gc,heap        ] GC(388) PSYoungGen: 18134K->973K(18944K)
[11.155s][info ][gc,heap        ] GC(388) ParOldGen: 28820K->28844K(31232K)
[11.155s][info ][gc,metaspace   ] GC(388) Metaspace: 15860K->15860K(1064960K)
[11.155s][info ][gc             ] GC(388) Pause Young (Allocation Failure) 45M->29M(49M) 1.194ms
[11.155s][info ][gc,cpu         ] GC(388) User=0.01s Sys=0.00s Real=0.00s
[11.157s][info ][gc,start       ] GC(389) Pause Young (Allocation Failure)
[11.158s][debug][gc,phases      ] GC(389) Scavenge 1.094ms
[11.158s][debug][gc,phases      ] GC(389) Reference Processing 0.024ms
[11.158s][debug][gc,phases      ] GC(389) Weak Processing 0.011ms
[11.158s][debug][gc,phases      ] GC(389) Scrub String Table 0.069ms
[11.158s][debug][gc,age         ] GC(389) Desired survivor size 2621440 bytes, new threshold 1 (max threshold 15)
[11.158s][info ][gc,heap        ] GC(389) PSYoungGen: 17357K->973K(18944K)
[11.158s][info ][gc,heap        ] GC(389) ParOldGen: 28844K->29267K(31232K)
[11.158s][info ][gc,metaspace   ] GC(389) Metaspace: 15860K->15860K(1064960K)
[11.158s][info ][gc             ] GC(389) Pause Young (Allocation Failure) 45M->29M(49M) 1.389ms
[11.158s][info ][gc,cpu         ] GC(389) User=0.01s Sys=0.00s Real=0.00s
[11.160s][info ][gc,start       ] GC(390) Pause Young (Allocation Failure)
[11.161s][debug][gc,phases      ] GC(390) Scavenge 1.200ms
[11.161s][debug][gc,phases      ] GC(390) Reference Processing 0.018ms
[11.161s][debug][gc,phases      ] GC(390) Weak Processing 0.011ms
[11.161s][debug][gc,phases      ] GC(390) Scrub String Table 0.067ms
[11.161s][debug][gc,age         ] GC(390) Desired survivor size 2621440 bytes, new threshold 1 (max threshold 15)
[11.161s][info ][gc,heap        ] GC(390) PSYoungGen: 17135K->813K(18944K)
[11.161s][info ][gc,heap        ] GC(390) ParOldGen: 29267K->29673K(31232K)
[11.161s][info ][gc,metaspace   ] GC(390) Metaspace: 15860K->15860K(1064960K)
[11.161s][info ][gc             ] GC(390) Pause Young (Allocation Failure) 45M->29M(49M) 1.470ms
[11.161s][info ][gc,cpu         ] GC(390) User=0.01s Sys=0.00s Real=0.00s
[11.163s][info ][gc,start       ] GC(391) Pause Young (Allocation Failure)
[11.164s][debug][gc,phases      ] GC(391) Scavenge 1.194ms
[11.164s][debug][gc,phases      ] GC(391) Reference Processing 0.020ms
[11.164s][debug][gc,phases      ] GC(391) Weak Processing 0.011ms
[11.164s][debug][gc,phases      ] GC(391) Scrub String Table 0.066ms
[11.164s][debug][gc,age         ] GC(391) Desired survivor size 2621440 bytes, new threshold 1 (max threshold 15)
[11.164s][info ][gc,heap        ] GC(391) PSYoungGen: 16865K->1690K(18944K)
[11.164s][info ][gc,heap        ] GC(391) ParOldGen: 29673K->29681K(31232K)
[11.164s][info ][gc,metaspace   ] GC(391) Metaspace: 15860K->15860K(1064960K)
[11.164s][info ][gc             ] GC(391) Pause Young (Allocation Failure) 45M->30M(49M) 1.493ms
[11.164s][info ][gc,cpu         ] GC(391) User=0.01s Sys=0.00s Real=0.00s
[11.166s][info ][gc,start       ] GC(392) Pause Young (Allocation Failure)
[11.167s][debug][gc,phases      ] GC(392) Scavenge 1.108ms
[11.167s][debug][gc,phases      ] GC(392) Reference Processing 0.018ms
[11.167s][debug][gc,phases      ] GC(392) Weak Processing 0.011ms
[11.167s][debug][gc,phases      ] GC(392) Scrub String Table 0.067ms
[11.167s][debug][gc,age         ] GC(392) Desired survivor size 2621440 bytes, new threshold 1 (max threshold 15)
[11.167s][info ][gc,heap        ] GC(392) PSYoungGen: 17896K->518K(18944K)
[11.167s][info ][gc,heap        ] GC(392) ParOldGen: 29681K->30487K(31232K)
[11.167s][info ][gc,metaspace   ] GC(392) Metaspace: 15860K->15860K(1064960K)
[11.167s][info ][gc             ] GC(392) Pause Young (Allocation Failure) 46M->30M(49M) 1.373ms
[11.167s][info ][gc,cpu         ] GC(392) User=0.01s Sys=0.01s Real=0.01s
[11.167s][debug][gc,phases      ] GC(393) Pre Compact 0.011ms
[11.167s][info ][gc,start       ] GC(393) Pause Full (Ergonomics)
[11.167s][info ][gc,phases,start] GC(393) Marking Phase
[11.171s][debug][gc,phases      ] GC(393) Par Mark 3.887ms
[11.171s][debug][gc,phases      ] GC(393) Reference Processing 0.060ms
[11.171s][debug][gc,phases      ] GC(393) Weak Processing 0.009ms
[11.171s][debug][gc,phases      ] GC(393) ClassLoaderData 0.022ms
[11.171s][debug][gc,phases      ] GC(393) ProtectionDomainCacheTable 0.003ms
[11.171s][debug][gc,phases      ] GC(393) ResolvedMethodTable 0.033ms
[11.172s][debug][gc,phases      ] GC(393) Class Unloading 0.738ms
[11.172s][debug][gc,phases      ] GC(393) Scrub String Table 0.054ms
[11.173s][debug][gc,phases      ] GC(393) Scrub Symbol Table 0.956ms
[11.173s][info ][gc,phases      ] GC(393) Marking Phase 5.828ms
[11.173s][info ][gc,phases,start] GC(393) Summary Phase
[11.173s][info ][gc,phases      ] GC(393) Summary Phase 0.013ms
[11.173s][info ][gc,phases,start] GC(393) Adjust Roots
[11.175s][info ][gc,phases      ] GC(393) Adjust Roots 1.538ms
[11.175s][info ][gc,phases,start] GC(393) Compaction Phase
[11.176s][info ][gc,phases      ] GC(393) Compaction Phase 1.252ms
[11.176s][info ][gc,phases,start] GC(393) Post Compact
[11.176s][info ][gc,phases      ] GC(393) Post Compact 0.058ms
[11.176s][info ][gc,heap        ] GC(393) PSYoungGen: 518K->0K(18944K)
[11.176s][info ][gc,heap        ] GC(393) ParOldGen: 30487K->4246K(31744K)
[11.176s][info ][gc,metaspace   ] GC(393) Metaspace: 15860K->15860K(1064960K)
[11.176s][info ][gc             ] GC(393) Pause Full (Ergonomics) 30M->4M(49M) 8.854ms
[11.176s][info ][gc,cpu         ] GC(393) User=0.03s Sys=0.00s Real=0.00s
[11.177s][info ][gc,start       ] GC(394) Pause Young (Allocation Failure)
[11.178s][debug][gc,phases      ] GC(394) Scavenge 0.887ms
[11.178s][debug][gc,phases      ] GC(394) Reference Processing 0.026ms
[11.178s][debug][gc,phases      ] GC(394) Weak Processing 0.023ms
[11.178s][debug][gc,phases      ] GC(394) Scrub String Table 0.088ms
[11.178s][debug][gc,age         ] GC(394) Desired survivor size 2621440 bytes, new threshold 1 (max threshold 15)
[11.179s][info ][gc,heap        ] GC(394) PSYoungGen: 16344K->1395K(18944K)
[11.179s][info ][gc,heap        ] GC(394) ParOldGen: 4246K->4246K(31744K)
[11.179s][info ][gc,metaspace   ] GC(394) Metaspace: 15860K->15860K(1064960K)
[11.179s][info ][gc             ] GC(394) Pause Young (Allocation Failure) 20M->5M(49M) 1.284ms
[11.179s][info ][gc,cpu         ] GC(394) User=0.01s Sys=0.00s Real=0.00s
[11.180s][info ][gc,start       ] GC(395) Pause Young (Allocation Failure)
[11.181s][debug][gc,phases      ] GC(395) Scavenge 0.974ms
[11.181s][debug][gc,phases      ] GC(395) Reference Processing 0.018ms
[11.181s][debug][gc,phases      ] GC(395) Weak Processing 0.011ms
[11.181s][debug][gc,phases      ] GC(395) Scrub String Table 0.067ms
[11.181s][debug][gc,age         ] GC(395) Desired survivor size 2621440 bytes, new threshold 1 (max threshold 15)
[11.181s][info ][gc,heap        ] GC(395) PSYoungGen: 17533K->1722K(18944K)
[11.181s][info ][gc,heap        ] GC(395) ParOldGen: 4246K->4660K(31744K)
[11.181s][info ][gc,metaspace   ] GC(395) Metaspace: 15860K->15860K(1064960K)
[11.181s][info ][gc             ] GC(395) Pause Young (Allocation Failure) 21M->6M(49M) 1.250ms
[11.181s][info ][gc,cpu         ] GC(395) User=0.01s Sys=0.00s Real=0.00s
[11.183s][info ][gc,start       ] GC(396) Pause Young (Allocation Failure)
[11.184s][debug][gc,phases      ] GC(396) Scavenge 0.898ms
[11.184s][debug][gc,phases      ] GC(396) Reference Processing 0.017ms
[11.184s][debug][gc,phases      ] GC(396) Weak Processing 0.012ms
[11.184s][debug][gc,phases      ] GC(396) Scrub String Table 0.067ms
[11.184s][debug][gc,age         ] GC(396) Desired survivor size 2621440 bytes, new threshold 1 (max threshold 15)
[11.184s][info ][gc,heap        ] GC(396) PSYoungGen: 18044K->550K(18944K)
[11.184s][info ][gc,heap        ] GC(396) ParOldGen: 4660K->5482K(31744K)
[11.184s][info ][gc,metaspace   ] GC(396) Metaspace: 15860K->15860K(1064960K)
[11.184s][info ][gc             ] GC(396) Pause Young (Allocation Failure) 22M->5M(49M) 1.149ms
[11.184s][info ][gc,cpu         ] GC(396) User=0.00s Sys=0.00s Real=0.00s
[11.185s][info ][gc,start       ] GC(397) Pause Young (Allocation Failure)
[11.186s][debug][gc,phases      ] GC(397) Scavenge 0.837ms
[11.186s][debug][gc,phases      ] GC(397) Reference Processing 0.018ms
[11.186s][debug][gc,phases      ] GC(397) Weak Processing 0.011ms
[11.186s][debug][gc,phases      ] GC(397) Scrub String Table 0.070ms
[11.186s][debug][gc,age         ] GC(397) Desired survivor size 2621440 bytes, new threshold 1 (max threshold 15)
[11.186s][info ][gc,heap        ] GC(397) PSYoungGen: 16928K->550K(18944K)
[11.186s][info ][gc,heap        ] GC(397) ParOldGen: 5482K->5522K(31744K)
[11.186s][info ][gc,metaspace   ] GC(397) Metaspace: 15860K->15860K(1064960K)
[11.186s][info ][gc             ] GC(397) Pause Young (Allocation Failure) 21M->5M(49M) 1.096ms
[11.186s][info ][gc,cpu         ] GC(397) User=0.01s Sys=0.00s Real=0.00s
[11.188s][info ][gc,start       ] GC(398) Pause Young (Allocation Failure)
[11.189s][debug][gc,phases      ] GC(398) Scavenge 0.827ms
[11.189s][debug][gc,phases      ] GC(398) Reference Processing 0.019ms
[11.189s][debug][gc,phases      ] GC(398) Weak Processing 0.011ms
[11.189s][debug][gc,phases      ] GC(398) Scrub String Table 0.066ms
[11.189s][debug][gc,age         ] GC(398) Desired survivor size 2621440 bytes, new threshold 1 (max threshold 15)
[11.189s][info ][gc,heap        ] GC(398) PSYoungGen: 16852K->518K(18944K)
[11.189s][info ][gc,heap        ] GC(398) ParOldGen: 5522K->5538K(31744K)
[11.189s][info ][gc,metaspace   ] GC(398) Metaspace: 15860K->15860K(1064960K)
[11.189s][info ][gc             ] GC(398) Pause Young (Allocation Failure) 21M->5M(49M) 1.104ms
[11.189s][info ][gc,cpu         ] GC(398) User=0.01s Sys=0.00s Real=0.00s
[11.190s][info ][gc,start       ] GC(399) Pause Young (Allocation Failure)
[11.191s][debug][gc,phases      ] GC(399) Scavenge 1.029ms
[11.191s][debug][gc,phases      ] GC(399) Reference Processing 0.019ms
[11.192s][debug][gc,phases      ] GC(399) Weak Processing 0.010ms
[11.192s][debug][gc,phases      ] GC(399) Scrub String Table 0.066ms
[11.192s][debug][gc,age         ] GC(399) Desired survivor size 3145728 bytes, new threshold 1 (max threshold 15)
[11.192s][info ][gc,heap        ] GC(399) PSYoungGen: 16645K->2145K(17920K)
[11.192s][info ][gc,heap        ] GC(399) ParOldGen: 5538K->5546K(31744K)
[11.192s][info ][gc,metaspace   ] GC(399) Metaspace: 15860K->15860K(1064960K)
[11.192s][info ][gc             ] GC(399) Pause Young (Allocation Failure) 21M->7M(48M) 1.302ms
[11.192s][info ][gc,cpu         ] GC(399) User=0.00s Sys=0.00s Real=0.00s
[11.193s][info ][gc,start       ] GC(400) Pause Young (Allocation Failure)
[11.194s][debug][gc,phases      ] GC(400) Scavenge 0.983ms
[11.194s][debug][gc,phases      ] GC(400) Reference Processing 0.020ms
[11.194s][debug][gc,phases      ] GC(400) Weak Processing 0.010ms
[11.194s][debug][gc,phases      ] GC(400) Scrub String Table 0.068ms
[11.194s][debug][gc,age         ] GC(400) Desired survivor size 3145728 bytes, new threshold 1 (max threshold 15)
[11.194s][info ][gc,heap        ] GC(400) PSYoungGen: 17293K->128K(18432K)
[11.194s][info ][gc,heap        ] GC(400) ParOldGen: 5546K->5968K(31744K)
[11.194s][info ][gc,metaspace   ] GC(400) Metaspace: 15860K->15860K(1064960K)
[11.194s][info ][gc             ] GC(400) Pause Young (Allocation Failure) 22M->5M(49M) 1.261ms
[11.194s][info ][gc,cpu         ] GC(400) User=0.01s Sys=0.00s Real=0.00s
[11.196s][info ][gc,start       ] GC(401) Pause Young (Allocation Failure)
[11.197s][debug][gc,phases      ] GC(401) Scavenge 0.882ms
[11.197s][debug][gc,phases      ] GC(401) Reference Processing 0.022ms
[11.197s][debug][gc,phases      ] GC(401) Weak Processing 0.010ms
[11.197s][debug][gc,phases      ] GC(401) Scrub String Table 0.066ms
[11.197s][debug][gc,age         ] GC(401) Desired survivor size 2621440 bytes, new threshold 1 (max threshold 15)
[11.197s][info ][gc,heap        ] GC(401) PSYoungGen: 15136K->941K(17408K)
[11.197s][info ][gc,heap        ] GC(401) ParOldGen: 5968K->6000K(31744K)
[11.197s][info ][gc,metaspace   ] GC(401) Metaspace: 15860K->15860K(1064960K)
[11.197s][info ][gc             ] GC(401) Pause Young (Allocation Failure) 20M->6M(48M) 1.266ms
[11.197s][info ][gc,cpu         ] GC(401) User=0.01s Sys=0.00s Real=0.01s
[11.198s][info ][gc,start       ] GC(402) Pause Young (Allocation Failure)
[11.199s][debug][gc,phases      ] GC(402) Scavenge 1.006ms
[11.199s][debug][gc,phases      ] GC(402) Reference Processing 0.017ms
[11.199s][debug][gc,phases      ] GC(402) Weak Processing 0.012ms
[11.199s][debug][gc,phases      ] GC(402) Scrub String Table 0.084ms
[11.199s][debug][gc,age         ] GC(402) Desired survivor size 3145728 bytes, new threshold 1 (max threshold 15)
[11.199s][info ][gc,heap        ] GC(402) PSYoungGen: 16148K->2535K(17920K)
[11.199s][info ][gc,heap        ] GC(402) ParOldGen: 6000K->6016K(31744K)
[11.199s][info ][gc,metaspace   ] GC(402) Metaspace: 15860K->15860K(1064960K)
[11.199s][info ][gc             ] GC(402) Pause Young (Allocation Failure) 21M->8M(48M) 1.329ms
[11.199s][info ][gc,cpu         ] GC(402) User=0.01s Sys=0.00s Real=0.00s
[11.201s][info ][gc,start       ] GC(403) Pause Young (Allocation Failure)
[11.202s][debug][gc,phases      ] GC(403) Scavenge 1.116ms
[11.202s][debug][gc,phases      ] GC(403) Reference Processing 0.018ms
[11.202s][debug][gc,phases      ] GC(403) Weak Processing 0.010ms
[11.202s][debug][gc,phases      ] GC(403) Scrub String Table 0.064ms
[11.202s][debug][gc,age         ] GC(403) Desired survivor size 3145728 bytes, new threshold 1 (max threshold 15)
[11.202s][info ][gc,heap        ] GC(403) PSYoungGen: 17678K->1658K(18432K)
[11.202s][info ][gc,heap        ] GC(403) ParOldGen: 6016K->6822K(31744K)
[11.202s][info ][gc,metaspace   ] GC(403) Metaspace: 15860K->15860K(1064960K)
[11.202s][info ][gc             ] GC(403) Pause Young (Allocation Failure) 23M->8M(49M) 1.392ms
[11.202s][info ][gc,cpu         ] GC(403) User=0.00s Sys=0.00s Real=0.00s
[11.203s][info ][gc,start       ] GC(404) Pause Young (Allocation Failure)
[11.205s][debug][gc,phases      ] GC(404) Scavenge 1.731ms
[11.205s][debug][gc,phases      ] GC(404) Reference Processing 0.019ms
[11.205s][debug][gc,phases      ] GC(404) Weak Processing 0.010ms
[11.205s][debug][gc,phases      ] GC(404) Scrub String Table 0.065ms
[11.205s][debug][gc,age         ] GC(404) Desired survivor size 3145728 bytes, new threshold 1 (max threshold 15)
[11.205s][info ][gc,heap        ] GC(404) PSYoungGen: 16951K->2017K(18432K)
[11.205s][info ][gc,heap        ] GC(404) ParOldGen: 6822K->7220K(31744K)
[11.205s][info ][gc,metaspace   ] GC(404) Metaspace: 15860K->15860K(1064960K)
[11.205s][info ][gc             ] GC(404) Pause Young (Allocation Failure) 23M->9M(49M) 1.990ms
[11.205s][info ][gc,cpu         ] GC(404) User=0.01s Sys=0.00s Real=0.00s
[11.207s][info ][gc,start       ] GC(405) Pause Young (Allocation Failure)
[11.208s][debug][gc,phases      ] GC(405) Scavenge 1.051ms
[11.208s][debug][gc,phases      ] GC(405) Reference Processing 0.019ms
[11.208s][debug][gc,phases      ] GC(405) Weak Processing 0.011ms
[11.208s][debug][gc,phases      ] GC(405) Scrub String Table 0.066ms
[11.208s][debug][gc,age         ] GC(405) Desired survivor size 3145728 bytes, new threshold 1 (max threshold 15)
[11.208s][info ][gc,heap        ] GC(405) PSYoungGen: 17377K->1235K(18432K)
[11.208s][info ][gc,heap        ] GC(405) ParOldGen: 7220K->8831K(31744K)
[11.208s][info ][gc,metaspace   ] GC(405) Metaspace: 15860K->15860K(1064960K)
[11.208s][info ][gc             ] GC(405) Pause Young (Allocation Failure) 24M->9M(49M) 1.343ms
[11.208s][info ][gc,cpu         ] GC(405) User=0.01s Sys=0.00s Real=0.00s
[11.210s][info ][gc,start       ] GC(406) Pause Young (Allocation Failure)
[11.211s][debug][gc,phases      ] GC(406) Scavenge 1.071ms
[11.211s][debug][gc,phases      ] GC(406) Reference Processing 0.018ms
[11.211s][debug][gc,phases      ] GC(406) Weak Processing 0.011ms
[11.211s][debug][gc,phases      ] GC(406) Scrub String Table 0.065ms
[11.211s][debug][gc,age         ] GC(406) Desired survivor size 3145728 bytes, new threshold 1 (max threshold 15)
[11.211s][info ][gc,heap        ] GC(406) PSYoungGen: 16280K->128K(18432K)
[11.211s][info ][gc,heap        ] GC(406) ParOldGen: 8831K->9620K(31744K)
[11.211s][info ][gc,metaspace   ] GC(406) Metaspace: 15860K->15860K(1064960K)
[11.211s][info ][gc             ] GC(406) Pause Young (Allocation Failure) 24M->9M(49M) 1.330ms
[11.211s][info ][gc,cpu         ] GC(406) User=0.01s Sys=0.00s Real=0.00s
[11.213s][info ][gc,start       ] GC(407) Pause Young (Allocation Failure)
[11.214s][debug][gc,phases      ] GC(407) Scavenge 1.140ms
[11.214s][debug][gc,phases      ] GC(407) Reference Processing 0.018ms
[11.214s][debug][gc,phases      ] GC(407) Weak Processing 0.011ms
[11.214s][debug][gc,phases      ] GC(407) Scrub String Table 0.067ms
[11.214s][debug][gc,age         ] GC(407) Desired survivor size 3670016 bytes, new threshold 1 (max threshold 15)
[11.214s][info ][gc,heap        ] GC(407) PSYoungGen: 15291K->2081K(17408K)
[11.214s][info ][gc,heap        ] GC(407) ParOldGen: 9620K->9636K(31744K)
[11.214s][info ][gc,metaspace   ] GC(407) Metaspace: 15860K->15860K(1064960K)
[11.214s][info ][gc             ] GC(407) Pause Young (Allocation Failure) 24M->11M(48M) 1.415ms
[11.214s][info ][gc,cpu         ] GC(407) User=0.01s Sys=0.00s Real=0.00s
[11.216s][info ][gc,start       ] GC(408) Pause Young (Allocation Failure)
[11.217s][debug][gc,phases      ] GC(408) Scavenge 1.086ms
[11.217s][debug][gc,phases      ] GC(408) Reference Processing 0.019ms
[11.217s][debug][gc,phases      ] GC(408) Weak Processing 0.012ms
[11.217s][debug][gc,phases      ] GC(408) Scrub String Table 0.067ms
[11.217s][debug][gc,age         ] GC(408) Desired survivor size 3145728 bytes, new threshold 1 (max threshold 15)
[11.217s][info ][gc,heap        ] GC(408) PSYoungGen: 16291K->486K(17920K)
[11.217s][info ][gc,heap        ] GC(408) ParOldGen: 9636K->10832K(31744K)
[11.217s][info ][gc,metaspace   ] GC(408) Metaspace: 15860K->15860K(1064960K)
[11.217s][info ][gc             ] GC(408) Pause Young (Allocation Failure) 25M->11M(48M) 1.429ms
[11.217s][info ][gc,cpu         ] GC(408) User=0.01s Sys=0.00s Real=0.01s
[11.219s][info ][gc,start       ] GC(409) Pause Young (Allocation Failure)
[11.221s][debug][gc,phases      ] GC(409) Scavenge 1.494ms
[11.221s][debug][gc,phases      ] GC(409) Reference Processing 0.023ms
[11.221s][debug][gc,phases      ] GC(409) Weak Processing 0.015ms
[11.221s][debug][gc,phases      ] GC(409) Scrub String Table 0.081ms
[11.221s][debug][gc,age         ] GC(409) Desired survivor size 3145728 bytes, new threshold 1 (max threshold 15)
[11.221s][info ][gc,heap        ] GC(409) PSYoungGen: 14724K->454K(17920K)
[11.221s][info ][gc,heap        ] GC(409) ParOldGen: 10832K->10848K(31744K)
[11.221s][info ][gc,metaspace   ] GC(409) Metaspace: 15860K->15860K(1064960K)
[11.221s][info ][gc             ] GC(409) Pause Young (Allocation Failure) 24M->11M(48M) 1.830ms
[11.221s][info ][gc,cpu         ] GC(409) User=0.01s Sys=0.00s Real=0.00s
[11.222s][info ][gc,start       ] GC(410) Pause Young (Allocation Failure)
[11.224s][debug][gc,phases      ] GC(410) Scavenge 1.844ms
[11.224s][debug][gc,phases      ] GC(410) Reference Processing 0.019ms
[11.224s][debug][gc,phases      ] GC(410) Weak Processing 0.010ms
[11.224s][debug][gc,phases      ] GC(410) Scrub String Table 0.067ms
[11.224s][debug][gc,age         ] GC(410) Desired survivor size 3670016 bytes, new threshold 1 (max threshold 15)
[11.224s][info ][gc,heap        ] GC(410) PSYoungGen: 15021K->2017K(17920K)
[11.224s][info ][gc,heap        ] GC(410) ParOldGen: 10848K->10864K(31744K)
[11.224s][info ][gc,metaspace   ] GC(410) Metaspace: 15860K->15860K(1064960K)
[11.224s][info ][gc             ] GC(410) Pause Young (Allocation Failure) 25M->12M(48M) 2.160ms
[11.224s][info ][gc,cpu         ] GC(410) User=0.01s Sys=0.00s Real=0.00s
[11.226s][info ][gc,start       ] GC(411) Pause Young (Allocation Failure)
[11.227s][debug][gc,phases      ] GC(411) Scavenge 1.501ms
[11.227s][debug][gc,phases      ] GC(411) Reference Processing 0.018ms
[11.227s][debug][gc,phases      ] GC(411) Weak Processing 0.010ms
[11.227s][debug][gc,phases      ] GC(411) Scrub String Table 0.066ms
[11.227s][debug][gc,age         ] GC(411) Desired survivor size 3145728 bytes, new threshold 1 (max threshold 15)
[11.227s][info ][gc,heap        ] GC(411) PSYoungGen: 16814K->813K(17920K)
[11.227s][info ][gc,heap        ] GC(411) ParOldGen: 10864K->11263K(31744K)
[11.227s][info ][gc,metaspace   ] GC(411) Metaspace: 15860K->15860K(1064960K)
[11.227s][info ][gc             ] GC(411) Pause Young (Allocation Failure) 27M->11M(48M) 1.784ms
[11.227s][info ][gc,cpu         ] GC(411) User=0.00s Sys=0.00s Real=0.01s
[11.230s][info ][gc,start       ] GC(412) Pause Young (Allocation Failure)
[11.231s][debug][gc,phases      ] GC(412) Scavenge 1.229ms
[11.231s][debug][gc,phases      ] GC(412) Reference Processing 0.019ms
[11.231s][debug][gc,phases      ] GC(412) Weak Processing 0.010ms
[11.231s][debug][gc,phases      ] GC(412) Scrub String Table 0.064ms
[11.231s][debug][gc,age         ] GC(412) Desired survivor size 3670016 bytes, new threshold 1 (max threshold 15)
[11.231s][info ][gc,heap        ] GC(412) PSYoungGen: 15638K->2439K(17920K)
[11.231s][info ][gc,heap        ] GC(412) ParOldGen: 11263K->11271K(31744K)
[11.231s][info ][gc,metaspace   ] GC(412) Metaspace: 15860K->15860K(1064960K)
[11.231s][info ][gc             ] GC(412) Pause Young (Allocation Failure) 26M->13M(48M) 1.522ms
[11.231s][info ][gc,cpu         ] GC(412) User=0.01s Sys=0.00s Real=0.00s
[11.233s][info ][gc,start       ] GC(413) Pause Young (Allocation Failure)
[11.235s][debug][gc,phases      ] GC(413) Scavenge 2.333ms
[11.235s][debug][gc,phases      ] GC(413) Reference Processing 0.019ms
[11.235s][debug][gc,phases      ] GC(413) Weak Processing 0.013ms
[11.235s][debug][gc,phases      ] GC(413) Scrub String Table 0.064ms
[11.235s][debug][gc,age         ] GC(413) Desired survivor size 3670016 bytes, new threshold 1 (max threshold 15)
[11.235s][info ][gc,heap        ] GC(413) PSYoungGen: 17282K->1626K(17920K)
[11.235s][info ][gc,heap        ] GC(413) ParOldGen: 11271K->11669K(31744K)
[11.235s][info ][gc,metaspace   ] GC(413) Metaspace: 15860K->15860K(1064960K)
[11.235s][info ][gc             ] GC(413) Pause Young (Allocation Failure) 27M->12M(48M) 2.607ms
[11.235s][info ][gc,cpu         ] GC(413) User=0.01s Sys=0.00s Real=0.00s
[11.237s][info ][gc,start       ] GC(414) Pause Young (Allocation Failure)
[11.238s][debug][gc,phases      ] GC(414) Scavenge 0.883ms
[11.238s][debug][gc,phases      ] GC(414) Reference Processing 0.018ms
[11.238s][debug][gc,phases      ] GC(414) Weak Processing 0.010ms
[11.238s][debug][gc,phases      ] GC(414) Scrub String Table 0.064ms
[11.238s][debug][gc,age         ] GC(414) Desired survivor size 3670016 bytes, new threshold 1 (max threshold 15)
[11.238s][info ][gc,heap        ] GC(414) PSYoungGen: 15929K->941K(17920K)
[11.238s][info ][gc,heap        ] GC(414) ParOldGen: 11669K->11693K(31744K)
[11.238s][info ][gc,metaspace   ] GC(414) Metaspace: 15860K->15860K(1064960K)
[11.238s][info ][gc             ] GC(414) Pause Young (Allocation Failure) 26M->12M(48M) 1.154ms
[11.238s][info ][gc,cpu         ] GC(414) User=0.01s Sys=0.00s Real=0.00s
[11.239s][info ][gc,start       ] GC(415) Pause Young (Allocation Failure)
[11.242s][debug][gc,phases      ] GC(415) Scavenge 2.230ms
[11.242s][debug][gc,phases      ] GC(415) Reference Processing 0.018ms
[11.242s][debug][gc,phases      ] GC(415) Weak Processing 0.010ms
[11.242s][debug][gc,phases      ] GC(415) Scrub String Table 0.064ms
[11.242s][debug][gc,age         ] GC(415) Desired survivor size 3145728 bytes, new threshold 1 (max threshold 15)
[11.242s][info ][gc,heap        ] GC(415) PSYoungGen: 15097K->454K(16896K)
[11.242s][info ][gc,heap        ] GC(415) ParOldGen: 11693K->12092K(31744K)
[11.242s][info ][gc,metaspace   ] GC(415) Metaspace: 15860K->15860K(1064960K)
[11.242s][info ][gc             ] GC(415) Pause Young (Allocation Failure) 26M->12M(47M) 2.527ms
[11.242s][info ][gc,cpu         ] GC(415) User=0.02s Sys=0.00s Real=0.00s
[11.243s][info ][gc,start       ] GC(416) Pause Young (Allocation Failure)
[11.245s][debug][gc,phases      ] GC(416) Scavenge 1.605ms
[11.245s][debug][gc,phases      ] GC(416) Reference Processing 0.018ms
[11.245s][debug][gc,phases      ] GC(416) Weak Processing 0.010ms
[11.245s][debug][gc,phases      ] GC(416) Scrub String Table 0.063ms
[11.245s][debug][gc,age         ] GC(416) Desired survivor size 3145728 bytes, new threshold 1 (max threshold 15)
[11.245s][info ][gc,heap        ] GC(416) PSYoungGen: 14740K->1626K(17408K)
[11.245s][info ][gc,heap        ] GC(416) ParOldGen: 12092K->12092K(31744K)
[11.245s][info ][gc,metaspace   ] GC(416) Metaspace: 15860K->15860K(1064960K)
[11.245s][info ][gc             ] GC(416) Pause Young (Allocation Failure) 26M->13M(48M) 1.891ms
[11.245s][info ][gc,cpu         ] GC(416) User=0.00s Sys=0.00s Real=0.00s
[11.247s][info ][gc,start       ] GC(417) Pause Young (Allocation Failure)
[11.248s][debug][gc,phases      ] GC(417) Scavenge 1.096ms
[11.248s][debug][gc,phases      ] GC(417) Reference Processing 0.018ms
[11.248s][debug][gc,phases      ] GC(417) Weak Processing 0.010ms
[11.248s][debug][gc,phases      ] GC(417) Scrub String Table 0.064ms
[11.248s][debug][gc,age         ] GC(417) Desired survivor size 3670016 bytes, new threshold 1 (max threshold 15)
[11.248s][info ][gc,heap        ] GC(417) PSYoungGen: 15712K->2113K(17408K)
[11.248s][info ][gc,heap        ] GC(417) ParOldGen: 12092K->12100K(31744K)
[11.248s][info ][gc,metaspace   ] GC(417) Metaspace: 15860K->15860K(1064960K)
[11.248s][info ][gc             ] GC(417) Pause Young (Allocation Failure) 27M->13M(48M) 1.376ms
[11.248s][info ][gc,cpu         ] GC(417) User=0.01s Sys=0.00s Real=0.00s
[11.249s][info ][gc,start       ] GC(418) Pause Young (Allocation Failure)
[11.252s][debug][gc,phases      ] GC(418) Scavenge 2.177ms
[11.252s][debug][gc,phases      ] GC(418) Reference Processing 0.018ms
[11.252s][debug][gc,phases      ] GC(418) Weak Processing 0.010ms
[11.252s][debug][gc,phases      ] GC(418) Scrub String Table 0.070ms
[11.252s][debug][gc,age         ] GC(418) Desired survivor size 3670016 bytes, new threshold 1 (max threshold 15)
[11.252s][info ][gc,heap        ] GC(418) PSYoungGen: 16193K->454K(17920K)
[11.252s][info ][gc,heap        ] GC(418) ParOldGen: 12100K->12499K(31744K)
[11.252s][info ][gc,metaspace   ] GC(418) Metaspace: 15860K->15860K(1064960K)
[11.252s][info ][gc             ] GC(418) Pause Young (Allocation Failure) 27M->12M(48M) 2.452ms
[11.252s][info ][gc,cpu         ] GC(418) User=0.02s Sys=0.00s Real=0.00s
[11.253s][info ][gc,start       ] GC(419) Pause Young (Allocation Failure)
[11.255s][debug][gc,phases      ] GC(419) Scavenge 1.028ms
[11.255s][debug][gc,phases      ] GC(419) Reference Processing 0.018ms
[11.255s][debug][gc,phases      ] GC(419) Weak Processing 0.009ms
[11.255s][debug][gc,phases      ] GC(419) Scrub String Table 0.065ms
[11.255s][debug][gc,age         ] GC(419) Desired survivor size 3145728 bytes, new threshold 1 (max threshold 15)
[11.255s][info ][gc,heap        ] GC(419) PSYoungGen: 14675K->518K(16896K)
[11.255s][info ][gc,heap        ] GC(419) ParOldGen: 12499K->12523K(31744K)
[11.255s][info ][gc,metaspace   ] GC(419) Metaspace: 15860K->15860K(1064960K)
[11.255s][info ][gc             ] GC(419) Pause Young (Allocation Failure) 26M->12M(47M) 1.332ms
[11.255s][info ][gc,cpu         ] GC(419) User=0.01s Sys=0.00s Real=0.00s
[11.256s][info ][gc,start       ] GC(420) Pause Young (Allocation Failure)
[11.257s][debug][gc,phases      ] GC(420) Scavenge 0.853ms
[11.257s][debug][gc,phases      ] GC(420) Reference Processing 0.019ms
[11.257s][debug][gc,phases      ] GC(420) Weak Processing 0.011ms
[11.257s][debug][gc,phases      ] GC(420) Scrub String Table 0.070ms
[11.257s][debug][gc,age         ] GC(420) Desired survivor size 3145728 bytes, new threshold 1 (max threshold 15)
[11.257s][info ][gc,heap        ] GC(420) PSYoungGen: 14854K->1363K(17408K)
[11.257s][info ][gc,heap        ] GC(420) ParOldGen: 12523K->12523K(31744K)
[11.257s][info ][gc,metaspace   ] GC(420) Metaspace: 15860K->15860K(1064960K)
[11.257s][info ][gc             ] GC(420) Pause Young (Allocation Failure) 26M->13M(48M) 1.156ms
[11.257s][info ][gc,cpu         ] GC(420) User=0.00s Sys=0.00s Real=0.01s
[11.258s][info ][gc,start       ] GC(421) Pause Young (Allocation Failure)
[11.259s][debug][gc,phases      ] GC(421) Scavenge 0.916ms
[11.259s][debug][gc,phases      ] GC(421) Reference Processing 0.023ms
[11.259s][debug][gc,phases      ] GC(421) Weak Processing 0.010ms
[11.260s][debug][gc,phases      ] GC(421) Scrub String Table 0.067ms
[11.260s][debug][gc,age         ] GC(421) Desired survivor size 3145728 bytes, new threshold 1 (max threshold 15)
[11.260s][info ][gc,heap        ] GC(421) PSYoungGen: 15646K->909K(18432K)
[11.260s][info ][gc,heap        ] GC(421) ParOldGen: 12523K->12945K(31744K)
[11.260s][info ][gc,metaspace   ] GC(421) Metaspace: 15860K->15860K(1064960K)
[11.260s][info ][gc             ] GC(421) Pause Young (Allocation Failure) 27M->13M(49M) 1.200ms
[11.260s][info ][gc,cpu         ] GC(421) User=0.01s Sys=0.00s Real=0.00s
[11.261s][info ][gc,start       ] GC(422) Pause Young (Allocation Failure)
[11.262s][debug][gc,phases      ] GC(422) Scavenge 0.835ms
[11.262s][debug][gc,phases      ] GC(422) Reference Processing 0.025ms
[11.262s][debug][gc,phases      ] GC(422) Weak Processing 0.014ms
[11.262s][debug][gc,phases      ] GC(422) Scrub String Table 0.078ms
[11.262s][debug][gc,age         ] GC(422) Desired survivor size 3145728 bytes, new threshold 1 (max threshold 15)
[11.262s][info ][gc,heap        ] GC(422) PSYoungGen: 15915K->1331K(18432K)
[11.262s][info ][gc,heap        ] GC(422) ParOldGen: 12945K->12961K(31744K)
[11.262s][info ][gc,metaspace   ] GC(422) Metaspace: 15860K->15860K(1064960K)
[11.262s][info ][gc             ] GC(422) Pause Young (Allocation Failure) 28M->13M(49M) 1.163ms
[11.262s][info ][gc,cpu         ] GC(422) User=0.01s Sys=0.00s Real=0.00s
[11.264s][info ][gc,start       ] GC(423) Pause Young (Allocation Failure)
[11.265s][debug][gc,phases      ] GC(423) Scavenge 1.050ms
[11.265s][debug][gc,phases      ] GC(423) Reference Processing 0.019ms
[11.265s][debug][gc,phases      ] GC(423) Weak Processing 0.011ms
[11.265s][debug][gc,phases      ] GC(423) Scrub String Table 0.065ms
[11.265s][debug][gc,age         ] GC(423) Desired survivor size 3145728 bytes, new threshold 1 (max threshold 15)
[11.265s][info ][gc,heap        ] GC(423) PSYoungGen: 16355K->877K(18432K)
[11.265s][info ][gc,heap        ] GC(423) ParOldGen: 12961K->13368K(31744K)
[11.265s][info ][gc,metaspace   ] GC(423) Metaspace: 15860K->15860K(1064960K)
[11.265s][info ][gc             ] GC(423) Pause Young (Allocation Failure) 28M->13M(49M) 1.318ms
[11.265s][info ][gc,cpu         ] GC(423) User=0.01s Sys=0.00s Real=0.00s
[11.266s][info ][gc,start       ] GC(424) Pause Young (Allocation Failure)
[11.267s][debug][gc,phases      ] GC(424) Scavenge 1.060ms
[11.267s][debug][gc,phases      ] GC(424) Reference Processing 0.017ms
[11.267s][debug][gc,phases      ] GC(424) Weak Processing 0.010ms
[11.268s][debug][gc,phases      ] GC(424) Scrub String Table 0.065ms
[11.268s][debug][gc,age         ] GC(424) Desired survivor size 3145728 bytes, new threshold 1 (max threshold 15)
[11.268s][info ][gc,heap        ] GC(424) PSYoungGen: 16149K->1658K(18432K)
[11.268s][info ][gc,heap        ] GC(424) ParOldGen: 13368K->13774K(31744K)
[11.268s][info ][gc,metaspace   ] GC(424) Metaspace: 15860K->15860K(1064960K)
[11.268s][info ][gc             ] GC(424) Pause Young (Allocation Failure) 28M->15M(49M) 1.325ms
[11.268s][info ][gc,cpu         ] GC(424) User=0.00s Sys=0.00s Real=0.01s
[11.269s][info ][gc,start       ] GC(425) Pause Young (Allocation Failure)
[11.270s][debug][gc,phases      ] GC(425) Scavenge 1.034ms
[11.270s][debug][gc,phases      ] GC(425) Reference Processing 0.019ms
[11.270s][debug][gc,phases      ] GC(425) Weak Processing 0.010ms
[11.270s][debug][gc,phases      ] GC(425) Scrub String Table 0.064ms
[11.270s][debug][gc,age         ] GC(425) Desired survivor size 3145728 bytes, new threshold 1 (max threshold 15)
[11.270s][info ][gc,heap        ] GC(425) PSYoungGen: 16979K->2439K(18432K)
[11.270s][info ][gc,heap        ] GC(425) ParOldGen: 13774K->13782K(31744K)
[11.270s][info ][gc,metaspace   ] GC(425) Metaspace: 15860K->15860K(1064960K)
[11.270s][info ][gc             ] GC(425) Pause Young (Allocation Failure) 30M->15M(49M) 1.310ms
[11.270s][info ][gc,cpu         ] GC(425) User=0.01s Sys=0.00s Real=0.00s
[11.271s][info ][gc,start       ] GC(426) Pause Young (Allocation Failure)
[11.272s][debug][gc,phases      ] GC(426) Scavenge 1.084ms
[11.272s][debug][gc,phases      ] GC(426) Reference Processing 0.019ms
[11.272s][debug][gc,phases      ] GC(426) Weak Processing 0.010ms
[11.273s][debug][gc,phases      ] GC(426) Scrub String Table 0.064ms
[11.273s][debug][gc,age         ] GC(426) Desired survivor size 3670016 bytes, new threshold 1 (max threshold 15)
[11.273s][info ][gc,heap        ] GC(426) PSYoungGen: 17581K->2081K(17920K)
[11.273s][info ][gc,heap        ] GC(426) ParOldGen: 13782K->14994K(31744K)
[11.273s][info ][gc,metaspace   ] GC(426) Metaspace: 15860K->15860K(1064960K)
[11.273s][info ][gc             ] GC(426) Pause Young (Allocation Failure) 30M->16M(48M) 1.392ms
[11.273s][info ][gc,cpu         ] GC(426) User=0.00s Sys=0.00s Real=0.00s
[11.274s][info ][gc,start       ] GC(427) Pause Young (Allocation Failure)
[11.276s][debug][gc,phases      ] GC(427) Scavenge 2.244ms
[11.276s][debug][gc,phases      ] GC(427) Reference Processing 0.019ms
[11.276s][debug][gc,phases      ] GC(427) Weak Processing 0.011ms
[11.277s][debug][gc,phases      ] GC(427) Scrub String Table 0.074ms
[11.277s][debug][gc,age         ] GC(427) Desired survivor size 3145728 bytes, new threshold 1 (max threshold 15)
[11.277s][info ][gc,heap        ] GC(427) PSYoungGen: 17153K->845K(18432K)
[11.277s][info ][gc,heap        ] GC(427) ParOldGen: 14994K->15393K(31744K)
[11.277s][info ][gc,metaspace   ] GC(427) Metaspace: 15860K->15860K(1064960K)
[11.277s][info ][gc             ] GC(427) Pause Young (Allocation Failure) 31M->15M(49M) 2.554ms
[11.277s][info ][gc,cpu         ] GC(427) User=0.01s Sys=0.01s Real=0.01s
[11.278s][info ][gc,start       ] GC(428) Pause Young (Allocation Failure)
[11.280s][debug][gc,phases      ] GC(428) Scavenge 1.891ms
[11.280s][debug][gc,phases      ] GC(428) Reference Processing 0.023ms
[11.280s][debug][gc,phases      ] GC(428) Weak Processing 0.011ms
[11.280s][debug][gc,phases      ] GC(428) Scrub String Table 0.066ms
[11.280s][debug][gc,age         ] GC(428) Desired survivor size 3670016 bytes, new threshold 1 (max threshold 15)
[11.280s][info ][gc,heap        ] GC(428) PSYoungGen: 15316K->2017K(17920K)
[11.280s][info ][gc,heap        ] GC(428) ParOldGen: 15393K->15393K(31744K)
[11.280s][info ][gc,metaspace   ] GC(428) Metaspace: 15860K->15860K(1064960K)
[11.280s][info ][gc             ] GC(428) Pause Young (Allocation Failure) 29M->17M(48M) 2.230ms
[11.280s][info ][gc,cpu         ] GC(428) User=0.01s Sys=0.00s Real=0.00s
[11.281s][info ][gc,start       ] GC(429) Pause Young (Allocation Failure)
[11.283s][debug][gc,phases      ] GC(429) Scavenge 1.745ms
[11.283s][debug][gc,phases      ] GC(429) Reference Processing 0.018ms
[11.283s][debug][gc,phases      ] GC(429) Weak Processing 0.009ms
[11.283s][debug][gc,phases      ] GC(429) Scrub String Table 0.064ms
[11.283s][debug][gc,age         ] GC(429) Desired survivor size 3145728 bytes, new threshold 1 (max threshold 15)
[11.283s][info ][gc,heap        ] GC(429) PSYoungGen: 16792K->1203K(17920K)
[11.283s][info ][gc,heap        ] GC(429) ParOldGen: 15393K->16190K(31744K)
[11.283s][info ][gc,metaspace   ] GC(429) Metaspace: 15860K->15860K(1064960K)
[11.283s][info ][gc             ] GC(429) Pause Young (Allocation Failure) 31M->16M(48M) 2.030ms
[11.283s][info ][gc,cpu         ] GC(429) User=0.00s Sys=0.00s Real=0.00s
[11.285s][info ][gc,start       ] GC(430) Pause Young (Allocation Failure)
[11.287s][debug][gc,phases      ] GC(430) Scavenge 2.453ms
[11.287s][debug][gc,phases      ] GC(430) Reference Processing 0.020ms
[11.287s][debug][gc,phases      ] GC(430) Weak Processing 0.010ms
[11.287s][debug][gc,phases      ] GC(430) Scrub String Table 0.068ms
[11.287s][debug][gc,age         ] GC(430) Desired survivor size 3670016 bytes, new threshold 1 (max threshold 15)
[11.287s][info ][gc,heap        ] GC(430) PSYoungGen: 15690K->2798K(17920K)
[11.287s][info ][gc,heap        ] GC(430) ParOldGen: 16190K->16198K(31744K)
[11.287s][info ][gc,metaspace   ] GC(430) Metaspace: 15860K->15860K(1064960K)
[11.287s][info ][gc             ] GC(430) Pause Young (Allocation Failure) 31M->18M(48M) 2.757ms
[11.287s][info ][gc,cpu         ] GC(430) User=0.01s Sys=0.00s Real=0.01s
[11.288s][info ][gc,start       ] GC(431) Pause Young (Allocation Failure)
[11.290s][debug][gc,phases      ] GC(431) Scavenge 1.124ms
[11.290s][debug][gc,phases      ] GC(431) Reference Processing 0.018ms
[11.290s][debug][gc,phases      ] GC(431) Weak Processing 0.010ms
[11.290s][debug][gc,phases      ] GC(431) Scrub String Table 0.063ms
[11.290s][debug][gc,age         ] GC(431) Desired survivor size 4194304 bytes, new threshold 1 (max threshold 15)
[11.290s][info ][gc,heap        ] GC(431) PSYoungGen: 17628K->2958K(16896K)
[11.290s][info ][gc,heap        ] GC(431) ParOldGen: 16198K->16206K(31744K)
[11.290s][info ][gc,metaspace   ] GC(431) Metaspace: 15860K->15860K(1064960K)
[11.290s][info ][gc             ] GC(431) Pause Young (Allocation Failure) 33M->18M(47M) 1.408ms
[11.290s][info ][gc,cpu         ] GC(431) User=0.01s Sys=0.00s Real=0.00s
[11.291s][info ][gc,start       ] GC(432) Pause Young (Allocation Failure)
[11.292s][debug][gc,phases      ] GC(432) Scavenge 0.924ms
[11.292s][debug][gc,phases      ] GC(432) Reference Processing 0.023ms
[11.292s][debug][gc,phases      ] GC(432) Weak Processing 0.010ms
[11.292s][debug][gc,phases      ] GC(432) Scrub String Table 0.065ms
[11.292s][debug][gc,age         ] GC(432) Desired survivor size 3670016 bytes, new threshold 1 (max threshold 15)
[11.292s][info ][gc,heap        ] GC(432) PSYoungGen: 16159K->1395K(17408K)
[11.292s][info ][gc,heap        ] GC(432) ParOldGen: 16206K->16222K(31744K)
[11.292s][info ][gc,metaspace   ] GC(432) Metaspace: 15860K->15860K(1064960K)
[11.292s][info ][gc             ] GC(432) Pause Young (Allocation Failure) 31M->17M(48M) 1.269ms
[11.292s][info ][gc,cpu         ] GC(432) User=0.00s Sys=0.00s Real=0.00s
[11.293s][info ][gc,start       ] GC(433) Pause Young (Allocation Failure)
[11.294s][debug][gc,phases      ] GC(433) Scavenge 0.990ms
[11.294s][debug][gc,phases      ] GC(433) Reference Processing 0.019ms
[11.294s][debug][gc,phases      ] GC(433) Weak Processing 0.010ms
[11.295s][debug][gc,phases      ] GC(433) Scrub String Table 0.065ms
[11.295s][debug][gc,age         ] GC(433) Desired survivor size 3670016 bytes, new threshold 1 (max threshold 15)
[11.295s][info ][gc,heap        ] GC(433) PSYoungGen: 14446K->1331K(17408K)
[11.295s][info ][gc,heap        ] GC(433) ParOldGen: 16222K->16637K(31744K)
[11.295s][info ][gc,metaspace   ] GC(433) Metaspace: 15860K->15860K(1064960K)
[11.295s][info ][gc             ] GC(433) Pause Young (Allocation Failure) 29M->17M(48M) 1.259ms
[11.295s][info ][gc,cpu         ] GC(433) User=0.00s Sys=0.00s Real=0.00s
[11.296s][info ][gc,start       ] GC(434) Pause Young (Allocation Failure)
[11.297s][debug][gc,phases      ] GC(434) Scavenge 1.249ms
[11.297s][debug][gc,phases      ] GC(434) Reference Processing 0.023ms
[11.297s][debug][gc,phases      ] GC(434) Weak Processing 0.010ms
[11.297s][debug][gc,phases      ] GC(434) Scrub String Table 0.065ms
[11.297s][debug][gc,age         ] GC(434) Desired survivor size 3670016 bytes, new threshold 1 (max threshold 15)
[11.298s][info ][gc,heap        ] GC(434) PSYoungGen: 15123K->1722K(17408K)
[11.298s][info ][gc,heap        ] GC(434) ParOldGen: 16637K->17442K(31744K)
[11.298s][info ][gc,metaspace   ] GC(434) Metaspace: 15860K->15860K(1064960K)
[11.298s][info ][gc             ] GC(434) Pause Young (Allocation Failure) 31M->18M(48M) 1.586ms
[11.298s][info ][gc,cpu         ] GC(434) User=0.00s Sys=0.00s Real=0.01s
[11.299s][info ][gc,start       ] GC(435) Pause Young (Allocation Failure)
[11.299s][debug][gc,phases      ] GC(435) Scavenge 0.846ms
[11.300s][debug][gc,phases      ] GC(435) Reference Processing 0.019ms
[11.300s][debug][gc,phases      ] GC(435) Weak Processing 0.010ms
[11.300s][debug][gc,phases      ] GC(435) Scrub String Table 0.064ms
[11.300s][debug][gc,age         ] GC(435) Desired survivor size 4194304 bytes, new threshold 1 (max threshold 15)
[11.300s][info ][gc,heap        ] GC(435) PSYoungGen: 15400K->3349K(16896K)
[11.300s][info ][gc,heap        ] GC(435) ParOldGen: 17442K->17458K(31744K)
[11.300s][info ][gc,metaspace   ] GC(435) Metaspace: 15860K->15860K(1064960K)
[11.300s][info ][gc             ] GC(435) Pause Young (Allocation Failure) 32M->20M(47M) 1.125ms
[11.300s][info ][gc,cpu         ] GC(435) User=0.01s Sys=0.00s Real=0.00s
[11.301s][info ][gc,start       ] GC(436) Pause Young (Allocation Failure)
[11.302s][debug][gc,phases      ] GC(436) Scavenge 1.156ms
[11.302s][debug][gc,phases      ] GC(436) Reference Processing 0.018ms
[11.302s][debug][gc,phases      ] GC(436) Weak Processing 0.009ms
[11.302s][debug][gc,phases      ] GC(436) Scrub String Table 0.065ms
[11.302s][debug][gc,age         ] GC(436) Desired survivor size 4194304 bytes, new threshold 1 (max threshold 15)
[11.302s][info ][gc,heap        ] GC(436) PSYoungGen: 16578K->2145K(17408K)
[11.302s][info ][gc,heap        ] GC(436) ParOldGen: 17458K->17865K(31744K)
[11.302s][info ][gc,metaspace   ] GC(436) Metaspace: 15860K->15860K(1064960K)
[11.302s][info ][gc             ] GC(436) Pause Young (Allocation Failure) 33M->19M(48M) 1.417ms
[11.302s][info ][gc,cpu         ] GC(436) User=0.01s Sys=0.00s Real=0.00s
[11.303s][info ][gc,start       ] GC(437) Pause Young (Allocation Failure)
[11.304s][debug][gc,phases      ] GC(437) Scavenge 0.915ms
[11.304s][debug][gc,phases      ] GC(437) Reference Processing 0.018ms
[11.304s][debug][gc,phases      ] GC(437) Weak Processing 0.010ms
[11.304s][debug][gc,phases      ] GC(437) Scrub String Table 0.064ms
[11.304s][debug][gc,age         ] GC(437) Desired survivor size 4194304 bytes, new threshold 1 (max threshold 15)
[11.304s][info ][gc,heap        ] GC(437) PSYoungGen: 15347K->2177K(17408K)
[11.304s][info ][gc,heap        ] GC(437) ParOldGen: 17865K->17865K(31744K)
[11.304s][info ][gc,metaspace   ] GC(437) Metaspace: 15860K->15860K(1064960K)
[11.304s][info ][gc             ] GC(437) Pause Young (Allocation Failure) 32M->19M(48M) 1.182ms
[11.304s][info ][gc,cpu         ] GC(437) User=0.00s Sys=0.00s Real=0.00s
[11.305s][info ][gc,start       ] GC(438) Pause Young (Allocation Failure)
[11.306s][debug][gc,phases      ] GC(438) Scavenge 0.856ms
[11.306s][debug][gc,phases      ] GC(438) Reference Processing 0.019ms
[11.306s][debug][gc,phases      ] GC(438) Weak Processing 0.010ms
[11.306s][debug][gc,phases      ] GC(438) Scrub String Table 0.066ms
[11.306s][debug][gc,age         ] GC(438) Desired survivor size 3670016 bytes, new threshold 1 (max threshold 15)
[11.306s][info ][gc,heap        ] GC(438) PSYoungGen: 15361K->1395K(14848K)
[11.306s][info ][gc,heap        ] GC(438) ParOldGen: 17865K->17881K(31744K)
[11.306s][info ][gc,metaspace   ] GC(438) Metaspace: 15860K->15860K(1064960K)
[11.307s][info ][gc             ] GC(438) Pause Young (Allocation Failure) 32M->18M(45M) 1.237ms
[11.307s][info ][gc,cpu         ] GC(438) User=0.01s Sys=0.00s Real=0.01s
[11.307s][info ][gc,start       ] GC(439) Pause Young (Allocation Failure)
[11.308s][debug][gc,phases      ] GC(439) Scavenge 0.943ms
[11.309s][debug][gc,phases      ] GC(439) Reference Processing 0.019ms
[11.309s][debug][gc,phases      ] GC(439) Weak Processing 0.010ms
[11.309s][debug][gc,phases      ] GC(439) Scrub String Table 0.065ms
[11.309s][debug][gc,age         ] GC(439) Desired survivor size 3670016 bytes, new threshold 1 (max threshold 15)
[11.309s][info ][gc,heap        ] GC(439) PSYoungGen: 14487K->2177K(16896K)
[11.309s][info ][gc,heap        ] GC(439) ParOldGen: 17881K->17905K(31744K)
[11.309s][info ][gc,metaspace   ] GC(439) Metaspace: 15860K->15860K(1064960K)
[11.309s][info ][gc             ] GC(439) Pause Young (Allocation Failure) 31M->19M(47M) 1.229ms
[11.309s][info ][gc,cpu         ] GC(439) User=0.01s Sys=0.00s Real=0.00s
[11.310s][info ][gc,start       ] GC(440) Pause Young (Allocation Failure)
[11.311s][debug][gc,phases      ] GC(440) Scavenge 0.899ms
[11.311s][debug][gc,phases      ] GC(440) Reference Processing 0.019ms
[11.311s][debug][gc,phases      ] GC(440) Weak Processing 0.010ms
[11.311s][debug][gc,phases      ] GC(440) Scrub String Table 0.064ms
[11.311s][debug][gc,age         ] GC(440) Desired survivor size 3670016 bytes, new threshold 1 (max threshold 15)
[11.311s][info ][gc,heap        ] GC(440) PSYoungGen: 15372K->2177K(16896K)
[11.311s][info ][gc,heap        ] GC(440) ParOldGen: 17905K->17913K(31744K)
[11.311s][info ][gc,metaspace   ] GC(440) Metaspace: 15860K->15860K(1064960K)
[11.311s][info ][gc             ] GC(440) Pause Young (Allocation Failure) 32M->19M(47M) 1.168ms
[11.311s][info ][gc,cpu         ] GC(440) User=0.00s Sys=0.00s Real=0.00s
[11.312s][info ][gc,start       ] GC(441) Pause Young (Allocation Failure)
[11.313s][debug][gc,phases      ] GC(441) Scavenge 1.273ms
[11.313s][debug][gc,phases      ] GC(441) Reference Processing 0.018ms
[11.313s][debug][gc,phases      ] GC(441) Weak Processing 0.011ms
[11.313s][debug][gc,phases      ] GC(441) Scrub String Table 0.065ms
[11.313s][debug][gc,age         ] GC(441) Desired survivor size 4194304 bytes, new threshold 1 (max threshold 15)
[11.313s][info ][gc,heap        ] GC(441) PSYoungGen: 15320K->3285K(16896K)
[11.313s][info ][gc,heap        ] GC(441) ParOldGen: 17913K->17937K(31744K)
[11.313s][info ][gc,metaspace   ] GC(441) Metaspace: 15860K->15860K(1064960K)
[11.314s][info ][gc             ] GC(441) Pause Young (Allocation Failure) 32M->20M(47M) 1.571ms
[11.314s][info ][gc,cpu         ] GC(441) User=0.01s Sys=0.00s Real=0.00s
[11.315s][info ][gc,start       ] GC(442) Pause Young (Allocation Failure)
[11.317s][debug][gc,phases      ] GC(442) Scavenge 2.046ms
[11.317s][debug][gc,phases      ] GC(442) Reference Processing 0.019ms
[11.317s][debug][gc,phases      ] GC(442) Weak Processing 0.024ms
[11.317s][debug][gc,phases      ] GC(442) Scrub String Table 0.067ms
[11.317s][debug][gc,age         ] GC(442) Desired survivor size 4194304 bytes, new threshold 1 (max threshold 15)
[11.317s][info ][gc,heap        ] GC(442) PSYoungGen: 16465K->3221K(17408K)
[11.317s][info ][gc,heap        ] GC(442) ParOldGen: 17937K->17937K(31744K)
[11.317s][info ][gc,metaspace   ] GC(442) Metaspace: 15860K->15860K(1064960K)
[11.317s][info ][gc             ] GC(442) Pause Young (Allocation Failure) 33M->20M(48M) 2.349ms
[11.317s][info ][gc,cpu         ] GC(442) User=0.01s Sys=0.00s Real=0.01s
[11.318s][info ][gc,start       ] GC(443) Pause Young (Allocation Failure)
[11.320s][debug][gc,phases      ] GC(443) Scavenge 2.377ms
[11.320s][debug][gc,phases      ] GC(443) Reference Processing 0.018ms
[11.320s][debug][gc,phases      ] GC(443) Weak Processing 0.011ms
[11.321s][debug][gc,phases      ] GC(443) Scrub String Table 0.068ms
[11.321s][debug][gc,age         ] GC(443) Desired survivor size 4718592 bytes, new threshold 1 (max threshold 15)
[11.321s][info ][gc,heap        ] GC(443) PSYoungGen: 16391K->3221K(16384K)
[11.321s][info ][gc,heap        ] GC(443) ParOldGen: 17937K->17945K(31744K)
[11.321s][info ][gc,metaspace   ] GC(443) Metaspace: 15860K->15860K(1064960K)
[11.321s][info ][gc             ] GC(443) Pause Young (Allocation Failure) 33M->20M(47M) 2.646ms
[11.321s][info ][gc,cpu         ] GC(443) User=0.01s Sys=0.00s Real=0.00s
[11.322s][info ][gc,start       ] GC(444) Pause Young (Allocation Failure)
[11.323s][debug][gc,phases      ] GC(444) Scavenge 1.722ms
[11.323s][debug][gc,phases      ] GC(444) Reference Processing 0.037ms
[11.324s][debug][gc,phases      ] GC(444) Weak Processing 0.011ms
[11.324s][debug][gc,phases      ] GC(444) Scrub String Table 0.069ms
[11.324s][debug][gc,age         ] GC(444) Desired survivor size 4718592 bytes, new threshold 1 (max threshold 15)
[11.324s][info ][gc,heap        ] GC(444) PSYoungGen: 15161K->2439K(16896K)
[11.324s][info ][gc,heap        ] GC(444) ParOldGen: 17945K->18344K(31744K)
[11.324s][info ][gc,metaspace   ] GC(444) Metaspace: 15860K->15860K(1064960K)
[11.324s][info ][gc             ] GC(444) Pause Young (Allocation Failure) 32M->20M(47M) 2.039ms
[11.324s][info ][gc,cpu         ] GC(444) User=0.01s Sys=0.00s Real=0.00s
[11.325s][info ][gc,start       ] GC(445) Pause Young (Allocation Failure)
[11.326s][debug][gc,phases      ] GC(445) Scavenge 1.642ms
[11.326s][debug][gc,phases      ] GC(445) Reference Processing 0.019ms
[11.326s][debug][gc,phases      ] GC(445) Weak Processing 0.010ms
[11.326s][debug][gc,phases      ] GC(445) Scrub String Table 0.066ms
[11.326s][debug][gc,age         ] GC(445) Desired survivor size 4194304 bytes, new threshold 1 (max threshold 15)
[11.327s][info ][gc,heap        ] GC(445) PSYoungGen: 14418K->2439K(15872K)
[11.327s][info ][gc,heap        ] GC(445) ParOldGen: 18344K->18344K(31744K)
[11.327s][info ][gc,metaspace   ] GC(445) Metaspace: 15860K->15860K(1064960K)
[11.327s][info ][gc             ] GC(445) Pause Young (Allocation Failure) 31M->20M(46M) 2.015ms
[11.327s][info ][gc,cpu         ] GC(445) User=0.01s Sys=0.00s Real=0.01s
[11.328s][info ][gc,start       ] GC(446) Pause Young (Allocation Failure)
[11.329s][debug][gc,phases      ] GC(446) Scavenge 1.814ms
[11.329s][debug][gc,phases      ] GC(446) Reference Processing 0.025ms
[11.329s][debug][gc,phases      ] GC(446) Weak Processing 0.011ms
[11.330s][debug][gc,phases      ] GC(446) Scrub String Table 0.067ms
[11.330s][debug][gc,age         ] GC(446) Desired survivor size 4194304 bytes, new threshold 1 (max threshold 15)
[11.330s][info ][gc,heap        ] GC(446) PSYoungGen: 14411K->2830K(16384K)
[11.330s][info ][gc,heap        ] GC(446) ParOldGen: 18344K->18352K(31744K)
[11.330s][info ][gc,metaspace   ] GC(446) Metaspace: 15860K->15860K(1064960K)
[11.330s][info ][gc             ] GC(446) Pause Young (Allocation Failure) 31M->20M(47M) 2.119ms
[11.330s][info ][gc,cpu         ] GC(446) User=0.01s Sys=0.00s Real=0.00s
[11.331s][info ][gc,start       ] GC(447) Pause Young (Allocation Failure)
[11.332s][debug][gc,phases      ] GC(447) Scavenge 1.702ms
[11.332s][debug][gc,phases      ] GC(447) Reference Processing 0.019ms
[11.332s][debug][gc,phases      ] GC(447) Weak Processing 0.009ms
[11.333s][debug][gc,phases      ] GC(447) Scrub String Table 0.065ms
[11.333s][debug][gc,age         ] GC(447) Desired survivor size 4194304 bytes, new threshold 1 (max threshold 15)
[11.333s][info ][gc,heap        ] GC(447) PSYoungGen: 14798K->2439K(17408K)
[11.333s][info ][gc,heap        ] GC(447) ParOldGen: 18352K->18758K(31744K)
[11.333s][info ][gc,metaspace   ] GC(447) Metaspace: 15860K->15860K(1064960K)
[11.333s][info ][gc             ] GC(447) Pause Young (Allocation Failure) 32M->20M(48M) 1.974ms
[11.333s][info ][gc,cpu         ] GC(447) User=0.01s Sys=0.00s Real=0.00s
[11.334s][info ][gc,start       ] GC(448) Pause Young (Allocation Failure)
[11.334s][debug][gc,phases      ] GC(448) Scavenge 0.720ms
[11.334s][debug][gc,phases      ] GC(448) Reference Processing 0.017ms
[11.334s][debug][gc,phases      ] GC(448) Weak Processing 0.010ms
[11.335s][debug][gc,phases      ] GC(448) Scrub String Table 0.065ms
[11.335s][debug][gc,age         ] GC(448) Desired survivor size 4194304 bytes, new threshold 1 (max threshold 15)
[11.335s][info ][gc,heap        ] GC(448) PSYoungGen: 15597K->2049K(17408K)
[11.335s][info ][gc,heap        ] GC(448) ParOldGen: 18758K->18758K(31744K)
[11.335s][info ][gc,metaspace   ] GC(448) Metaspace: 15860K->15860K(1064960K)
[11.335s][info ][gc             ] GC(448) Pause Young (Allocation Failure) 33M->20M(48M) 0.977ms
[11.335s][info ][gc,cpu         ] GC(448) User=0.00s Sys=0.00s Real=0.00s
[11.336s][info ][gc,start       ] GC(449) Pause Young (Allocation Failure)
[11.337s][debug][gc,phases      ] GC(449) Scavenge 0.959ms
[11.337s][debug][gc,phases      ] GC(449) Reference Processing 0.020ms
[11.337s][debug][gc,phases      ] GC(449) Weak Processing 0.010ms
[11.337s][debug][gc,phases      ] GC(449) Scrub String Table 0.063ms
[11.337s][debug][gc,age         ] GC(449) Desired survivor size 4194304 bytes, new threshold 1 (max threshold 15)
[11.337s][info ][gc,heap        ] GC(449) PSYoungGen: 15205K->2049K(17408K)
[11.337s][info ][gc,heap        ] GC(449) ParOldGen: 18758K->18766K(31744K)
[11.337s][info ][gc,metaspace   ] GC(449) Metaspace: 15860K->15860K(1064960K)
[11.337s][info ][gc             ] GC(449) Pause Young (Allocation Failure) 33M->20M(48M) 1.231ms
[11.337s][info ][gc,cpu         ] GC(449) User=0.00s Sys=0.00s Real=0.01s
[11.338s][info ][gc,start       ] GC(450) Pause Young (Allocation Failure)
[11.339s][debug][gc,phases      ] GC(450) Scavenge 1.146ms
[11.339s][debug][gc,phases      ] GC(450) Reference Processing 0.018ms
[11.339s][debug][gc,phases      ] GC(450) Weak Processing 0.010ms
[11.339s][debug][gc,phases      ] GC(450) Scrub String Table 0.064ms
[11.339s][debug][gc,age         ] GC(450) Desired survivor size 4194304 bytes, new threshold 1 (max threshold 15)
[11.339s][info ][gc,heap        ] GC(450) PSYoungGen: 15203K->2439K(17408K)
[11.339s][info ][gc,heap        ] GC(450) ParOldGen: 18766K->18766K(31744K)
[11.339s][info ][gc,metaspace   ] GC(450) Metaspace: 15860K->15860K(1064960K)
[11.339s][info ][gc             ] GC(450) Pause Young (Allocation Failure) 33M->20M(48M) 1.412ms
[11.339s][info ][gc,cpu         ] GC(450) User=0.00s Sys=0.00s Real=0.00s
[11.340s][info ][gc,start       ] GC(451) Pause Young (Allocation Failure)
[11.341s][debug][gc,phases      ] GC(451) Scavenge 1.010ms
[11.341s][debug][gc,phases      ] GC(451) Reference Processing 0.019ms
[11.341s][debug][gc,phases      ] GC(451) Weak Processing 0.010ms
[11.341s][debug][gc,phases      ] GC(451) Scrub String Table 0.065ms
[11.341s][debug][gc,age         ] GC(451) Desired survivor size 4194304 bytes, new threshold 1 (max threshold 15)
[11.341s][info ][gc,heap        ] GC(451) PSYoungGen: 15593K->2830K(17408K)
[11.341s][info ][gc,heap        ] GC(451) ParOldGen: 18766K->18766K(31744K)
[11.341s][info ][gc,metaspace   ] GC(451) Metaspace: 15860K->15860K(1064960K)
[11.341s][info ][gc             ] GC(451) Pause Young (Allocation Failure) 33M->21M(48M) 1.278ms
[11.341s][info ][gc,cpu         ] GC(451) User=0.00s Sys=0.00s Real=0.00s
[11.342s][info ][gc,start       ] GC(452) Pause Young (Allocation Failure)
[11.344s][debug][gc,phases      ] GC(452) Scavenge 1.734ms
[11.359s][debug][gc,phases      ] GC(452) Reference Processing 0.029ms
[11.359s][debug][gc,phases      ] GC(452) Weak Processing 0.014ms
[11.359s][debug][gc,phases      ] GC(452) Scrub String Table 0.079ms
[11.359s][debug][gc,age         ] GC(452) Desired survivor size 3670016 bytes, new threshold 1 (max threshold 15)
[11.359s][info ][gc,heap        ] GC(452) PSYoungGen: 15983K->2407K(15872K)
[11.359s][info ][gc,heap        ] GC(452) ParOldGen: 18766K->18766K(31744K)
[11.359s][info ][gc,metaspace   ] GC(452) Metaspace: 15860K->15860K(1064960K)
[11.359s][info ][gc             ] GC(452) Pause Young (Allocation Failure) 33M->20M(46M) 16.406ms
[11.359s][info ][gc,cpu         ] GC(452) User=0.02s Sys=0.00s Real=0.02s
[11.360s][info ][gc,start       ] GC(453) Pause Young (Allocation Failure)
[11.361s][debug][gc,phases      ] GC(453) Scavenge 0.987ms
[11.361s][debug][gc,phases      ] GC(453) Reference Processing 0.018ms
[11.361s][debug][gc,phases      ] GC(453) Weak Processing 0.009ms
[11.361s][debug][gc,phases      ] GC(453) Scrub String Table 0.064ms
[11.361s][debug][gc,age         ] GC(453) Desired survivor size 3670016 bytes, new threshold 1 (max threshold 15)
[11.361s][info ][gc,heap        ] GC(453) PSYoungGen: 15560K->2567K(16896K)
[11.361s][info ][gc,heap        ] GC(453) ParOldGen: 18766K->18766K(31744K)
[11.361s][info ][gc,metaspace   ] GC(453) Metaspace: 15860K->15860K(1064960K)
[11.361s][info ][gc             ] GC(453) Pause Young (Allocation Failure) 33M->20M(47M) 1.252ms
[11.361s][info ][gc,cpu         ] GC(453) User=0.00s Sys=0.00s Real=0.00s
[11.362s][info ][gc,start       ] GC(454) Pause Young (Allocation Failure)
[11.364s][debug][gc,phases      ] GC(454) Scavenge 1.147ms
[11.364s][debug][gc,phases      ] GC(454) Reference Processing 0.019ms
[11.364s][debug][gc,phases      ] GC(454) Weak Processing 0.009ms
[11.364s][debug][gc,phases      ] GC(454) Scrub String Table 0.064ms
[11.364s][debug][gc,age         ] GC(454) Desired survivor size 4194304 bytes, new threshold 1 (max threshold 15)
[11.364s][info ][gc,heap        ] GC(454) PSYoungGen: 15720K->3317K(16896K)
[11.364s][info ][gc,heap        ] GC(454) ParOldGen: 18766K->18774K(31744K)
[11.364s][info ][gc,metaspace   ] GC(454) Metaspace: 15860K->15860K(1064960K)
[11.364s][info ][gc             ] GC(454) Pause Young (Allocation Failure) 33M->21M(47M) 1.443ms
[11.364s][info ][gc,cpu         ] GC(454) User=0.01s Sys=0.00s Real=0.00s
[11.365s][info ][gc,start       ] GC(455) Pause Young (Allocation Failure)
[11.366s][debug][gc,phases      ] GC(455) Scavenge 1.253ms
[11.366s][debug][gc,phases      ] GC(455) Reference Processing 0.019ms
[11.366s][debug][gc,phases      ] GC(455) Weak Processing 0.010ms
[11.366s][debug][gc,phases      ] GC(455) Scrub String Table 0.064ms
[11.366s][debug][gc,age         ] GC(455) Desired survivor size 4194304 bytes, new threshold 1 (max threshold 15)
[11.366s][info ][gc,heap        ] GC(455) PSYoungGen: 16469K->2081K(17408K)
[11.366s][info ][gc,heap        ] GC(455) ParOldGen: 18774K->19173K(31744K)
[11.366s][info ][gc,metaspace   ] GC(455) Metaspace: 15860K->15860K(1064960K)
[11.366s][info ][gc             ] GC(455) Pause Young (Allocation Failure) 34M->20M(48M) 1.544ms
[11.366s][info ][gc,cpu         ] GC(455) User=0.01s Sys=0.00s Real=0.00s
[11.367s][info ][gc,start       ] GC(456) Pause Young (Allocation Failure)
[11.368s][debug][gc,phases      ] GC(456) Scavenge 1.075ms
[11.368s][debug][gc,phases      ] GC(456) Reference Processing 0.019ms
[11.368s][debug][gc,phases      ] GC(456) Weak Processing 0.009ms
[11.368s][debug][gc,phases      ] GC(456) Scrub String Table 0.064ms
[11.369s][debug][gc,age         ] GC(456) Desired survivor size 3670016 bytes, new threshold 1 (max threshold 15)
[11.369s][info ][gc,heap        ] GC(456) PSYoungGen: 15233K->2471K(15872K)
[11.369s][info ][gc,heap        ] GC(456) ParOldGen: 19173K->19173K(31744K)
[11.369s][info ][gc,metaspace   ] GC(456) Metaspace: 15860K->15860K(1064960K)
[11.369s][info ][gc             ] GC(456) Pause Young (Allocation Failure) 33M->21M(46M) 1.346ms
[11.369s][info ][gc,cpu         ] GC(456) User=0.00s Sys=0.00s Real=0.00s
[11.370s][info ][gc,start       ] GC(457) Pause Young (Allocation Failure)
[11.371s][debug][gc,phases      ] GC(457) Scavenge 1.690ms
[11.371s][debug][gc,phases      ] GC(457) Reference Processing 0.018ms
[11.371s][debug][gc,phases      ] GC(457) Weak Processing 0.013ms
[11.371s][debug][gc,phases      ] GC(457) Scrub String Table 0.068ms
[11.371s][debug][gc,age         ] GC(457) Desired survivor size 4194304 bytes, new threshold 1 (max threshold 15)
[11.371s][info ][gc,heap        ] GC(457) PSYoungGen: 15624K->2830K(16384K)
[11.372s][info ][gc,heap        ] GC(457) ParOldGen: 19173K->19181K(31744K)
[11.372s][info ][gc,metaspace   ] GC(457) Metaspace: 15860K->15860K(1064960K)
[11.372s][info ][gc             ] GC(457) Pause Young (Allocation Failure) 33M->21M(47M) 1.960ms
[11.372s][info ][gc,cpu         ] GC(457) User=0.01s Sys=0.00s Real=0.00s
[11.372s][info ][gc,start       ] GC(458) Pause Young (Allocation Failure)
[11.374s][debug][gc,phases      ] GC(458) Scavenge 1.128ms
[11.374s][debug][gc,phases      ] GC(458) Reference Processing 0.018ms
[11.374s][debug][gc,phases      ] GC(458) Weak Processing 0.010ms
[11.374s][debug][gc,phases      ] GC(458) Scrub String Table 0.078ms
[11.374s][debug][gc,age         ] GC(458) Desired survivor size 3670016 bytes, new threshold 1 (max threshold 15)
[11.374s][info ][gc,heap        ] GC(458) PSYoungGen: 15582K->2049K(16896K)
[11.374s][info ][gc,heap        ] GC(458) ParOldGen: 19181K->19181K(31744K)
[11.374s][info ][gc,metaspace   ] GC(458) Metaspace: 15860K->15860K(1064960K)
[11.374s][info ][gc             ] GC(458) Pause Young (Allocation Failure) 33M->20M(47M) 1.422ms
[11.374s][info ][gc,cpu         ] GC(458) User=0.01s Sys=0.00s Real=0.00s
[11.375s][info ][gc,start       ] GC(459) Pause Young (Allocation Failure)
[11.376s][debug][gc,phases      ] GC(459) Scavenge 0.968ms
[11.376s][debug][gc,phases      ] GC(459) Reference Processing 0.019ms
[11.376s][debug][gc,phases      ] GC(459) Weak Processing 0.010ms
[11.376s][debug][gc,phases      ] GC(459) Scrub String Table 0.065ms
[11.376s][debug][gc,age         ] GC(459) Desired survivor size 4194304 bytes, new threshold 1 (max threshold 15)
[11.376s][info ][gc,heap        ] GC(459) PSYoungGen: 14801K->1658K(16896K)
[11.376s][info ][gc,heap        ] GC(459) ParOldGen: 19181K->19587K(31744K)
[11.376s][info ][gc,metaspace   ] GC(459) Metaspace: 15860K->15860K(1064960K)
[11.376s][info ][gc             ] GC(459) Pause Young (Allocation Failure) 33M->20M(47M) 1.262ms
[11.376s][info ][gc,cpu         ] GC(459) User=0.01s Sys=0.00s Real=0.00s
[11.377s][info ][gc,start       ] GC(460) Pause Young (Allocation Failure)
[11.384s][debug][gc,phases      ] GC(460) Scavenge 1.738ms
[11.384s][debug][gc,phases      ] GC(460) Reference Processing 0.018ms
[11.384s][debug][gc,phases      ] GC(460) Weak Processing 0.009ms
[11.384s][debug][gc,phases      ] GC(460) Scrub String Table 0.063ms
[11.384s][debug][gc,age         ] GC(460) Desired survivor size 3670016 bytes, new threshold 1 (max threshold 15)
[11.384s][info ][gc,heap        ] GC(460) PSYoungGen: 14811K->2439K(17408K)
[11.384s][info ][gc,heap        ] GC(460) ParOldGen: 19587K->19994K(31744K)
[11.385s][info ][gc,metaspace   ] GC(460) Metaspace: 15860K->15860K(1064960K)
[11.385s][info ][gc             ] GC(460) Pause Young (Allocation Failure) 33M->21M(48M) 7.300ms
[11.385s][info ][gc,cpu         ] GC(460) User=0.02s Sys=0.00s Real=0.00s
[11.385s][info ][gc,start       ] GC(461) Pause Young (Allocation Failure)
[11.387s][debug][gc,phases      ] GC(461) Scavenge 1.867ms
[11.387s][debug][gc,phases      ] GC(461) Reference Processing 0.017ms
[11.387s][debug][gc,phases      ] GC(461) Weak Processing 0.011ms
[11.388s][debug][gc,phases      ] GC(461) Scrub String Table 0.065ms
[11.388s][debug][gc,age         ] GC(461) Desired survivor size 3670016 bytes, new threshold 1 (max threshold 15)
[11.388s][info ][gc,heap        ] GC(461) PSYoungGen: 15592K->1267K(17408K)
[11.388s][info ][gc,heap        ] GC(461) ParOldGen: 19994K->21581K(31744K)
[11.388s][info ][gc,metaspace   ] GC(461) Metaspace: 15860K->15860K(1064960K)
[11.388s][info ][gc             ] GC(461) Pause Young (Allocation Failure) 34M->22M(48M) 2.125ms
[11.388s][info ][gc,cpu         ] GC(461) User=0.01s Sys=0.00s Real=0.01s
[11.389s][info ][gc,start       ] GC(462) Pause Young (Allocation Failure)
[11.391s][debug][gc,phases      ] GC(462) Scavenge 1.786ms
[11.391s][debug][gc,phases      ] GC(462) Reference Processing 0.019ms
[11.391s][debug][gc,phases      ] GC(462) Weak Processing 0.010ms
[11.391s][debug][gc,phases      ] GC(462) Scrub String Table 0.063ms
[11.391s][debug][gc,age         ] GC(462) Desired survivor size 3670016 bytes, new threshold 1 (max threshold 15)
[11.391s][info ][gc,heap        ] GC(462) PSYoungGen: 14791K->2049K(17408K)
[11.391s][info ][gc,heap        ] GC(462) ParOldGen: 21581K->21987K(31744K)
[11.391s][info ][gc,metaspace   ] GC(462) Metaspace: 15860K->15860K(1064960K)
[11.391s][info ][gc             ] GC(462) Pause Young (Allocation Failure) 35M->23M(48M) 2.067ms
[11.391s][info ][gc,cpu         ] GC(462) User=0.01s Sys=0.00s Real=0.00s
[11.392s][info ][gc,start       ] GC(463) Pause Young (Allocation Failure)
[11.393s][debug][gc,phases      ] GC(463) Scavenge 1.599ms
[11.393s][debug][gc,phases      ] GC(463) Reference Processing 0.018ms
[11.393s][debug][gc,phases      ] GC(463) Weak Processing 0.010ms
[11.394s][debug][gc,phases      ] GC(463) Scrub String Table 0.063ms
[11.394s][debug][gc,age         ] GC(463) Desired survivor size 3670016 bytes, new threshold 1 (max threshold 15)
[11.394s][info ][gc,heap        ] GC(463) PSYoungGen: 15612K->2049K(17920K)
[11.394s][info ][gc,heap        ] GC(463) ParOldGen: 21987K->22003K(31744K)
[11.394s][info ][gc,metaspace   ] GC(463) Metaspace: 15860K->15860K(1064960K)
[11.394s][info ][gc             ] GC(463) Pause Young (Allocation Failure) 36M->23M(48M) 1.861ms
[11.394s][info ][gc,cpu         ] GC(463) User=0.01s Sys=0.00s Real=0.00s
[11.395s][info ][gc,start       ] GC(464) Pause Young (Allocation Failure)
[11.397s][debug][gc,phases      ] GC(464) Scavenge 1.879ms
[11.397s][debug][gc,phases      ] GC(464) Reference Processing 0.019ms
[11.397s][debug][gc,phases      ] GC(464) Weak Processing 0.011ms
[11.397s][debug][gc,phases      ] GC(464) Scrub String Table 0.065ms
[11.397s][debug][gc,age         ] GC(464) Desired survivor size 3670016 bytes, new threshold 1 (max threshold 15)
[11.397s][info ][gc,heap        ] GC(464) PSYoungGen: 16010K->2439K(17920K)
[11.397s][info ][gc,heap        ] GC(464) ParOldGen: 22003K->22011K(31744K)
[11.397s][info ][gc,metaspace   ] GC(464) Metaspace: 15860K->15860K(1064960K)
[11.397s][info ][gc             ] GC(464) Pause Young (Allocation Failure) 37M->23M(48M) 2.163ms
[11.397s][info ][gc,cpu         ] GC(464) User=0.01s Sys=0.00s Real=0.01s
[11.398s][info ][gc,start       ] GC(465) Pause Young (Allocation Failure)
[11.399s][debug][gc,phases      ] GC(465) Scavenge 1.013ms
[11.399s][debug][gc,phases      ] GC(465) Reference Processing 0.017ms
[11.399s][debug][gc,phases      ] GC(465) Weak Processing 0.009ms
[11.399s][debug][gc,phases      ] GC(465) Scrub String Table 0.063ms
[11.399s][debug][gc,age         ] GC(465) Desired survivor size 3670016 bytes, new threshold 1 (max threshold 15)
[11.399s][info ][gc,heap        ] GC(465) PSYoungGen: 16775K->2049K(17920K)
[11.399s][info ][gc,heap        ] GC(465) ParOldGen: 22011K->22011K(31744K)
[11.399s][info ][gc,metaspace   ] GC(465) Metaspace: 15860K->15860K(1064960K)
[11.399s][info ][gc             ] GC(465) Pause Young (Allocation Failure) 37M->23M(48M) 1.275ms
[11.399s][info ][gc,cpu         ] GC(465) User=0.01s Sys=0.00s Real=0.00s
[11.400s][info ][gc,start       ] GC(466) Pause Young (Allocation Failure)
[11.401s][debug][gc,phases      ] GC(466) Scavenge 1.030ms
[11.401s][debug][gc,phases      ] GC(466) Reference Processing 0.019ms
[11.401s][debug][gc,phases      ] GC(466) Weak Processing 0.011ms
[11.401s][debug][gc,phases      ] GC(466) Scrub String Table 0.066ms
[11.401s][debug][gc,age         ] GC(466) Desired survivor size 3670016 bytes, new threshold 1 (max threshold 15)
[11.401s][info ][gc,heap        ] GC(466) PSYoungGen: 16006K->2439K(17920K)
[11.401s][info ][gc,heap        ] GC(466) ParOldGen: 22011K->22011K(31744K)
[11.401s][info ][gc,metaspace   ] GC(466) Metaspace: 15860K->15860K(1064960K)
[11.402s][info ][gc             ] GC(466) Pause Young (Allocation Failure) 37M->23M(48M) 1.301ms
[11.402s][info ][gc,cpu         ] GC(466) User=0.01s Sys=0.00s Real=0.00s
[11.403s][info ][gc,start       ] GC(467) Pause Young (Allocation Failure)
[11.404s][debug][gc,phases      ] GC(467) Scavenge 0.995ms
[11.404s][debug][gc,phases      ] GC(467) Reference Processing 0.018ms
[11.404s][debug][gc,phases      ] GC(467) Weak Processing 0.010ms
[11.404s][debug][gc,phases      ] GC(467) Scrub String Table 0.063ms
[11.404s][debug][gc,age         ] GC(467) Desired survivor size 3670016 bytes, new threshold 1 (max threshold 15)
[11.404s][info ][gc,heap        ] GC(467) PSYoungGen: 16752K->2535K(17920K)
[11.404s][info ][gc,heap        ] GC(467) ParOldGen: 22011K->22426K(31744K)
[11.404s][info ][gc,metaspace   ] GC(467) Metaspace: 15860K->15860K(1064960K)
[11.404s][info ][gc             ] GC(467) Pause Young (Allocation Failure) 37M->24M(48M) 1.254ms
[11.404s][info ][gc,cpu         ] GC(467) User=0.00s Sys=0.00s Real=0.00s
[11.405s][info ][gc,start       ] GC(468) Pause Young (Allocation Failure)
[11.407s][debug][gc,phases      ] GC(468) Scavenge 1.734ms
[11.407s][debug][gc,phases      ] GC(468) Reference Processing 0.017ms
[11.407s][debug][gc,phases      ] GC(468) Weak Processing 0.026ms
[11.407s][debug][gc,phases      ] GC(468) Scrub String Table 0.066ms
[11.407s][debug][gc,age         ] GC(468) Desired survivor size 3670016 bytes, new threshold 1 (max threshold 15)
[11.407s][info ][gc,heap        ] GC(468) PSYoungGen: 16502K->3221K(17920K)
[11.407s][info ][gc,heap        ] GC(468) ParOldGen: 22426K->22426K(31744K)
[11.407s][info ][gc,metaspace   ] GC(468) Metaspace: 15860K->15860K(1064960K)
[11.407s][info ][gc             ] GC(468) Pause Young (Allocation Failure) 38M->25M(48M) 1.999ms
[11.407s][info ][gc,cpu         ] GC(468) User=0.01s Sys=0.00s Real=0.01s
[11.408s][info ][gc,start       ] GC(469) Pause Young (Allocation Failure)
[11.410s][debug][gc,phases      ] GC(469) Scavenge 1.560ms
[11.410s][debug][gc,phases      ] GC(469) Reference Processing 0.018ms
[11.410s][debug][gc,phases      ] GC(469) Weak Processing 0.010ms
[11.410s][debug][gc,phases      ] GC(469) Scrub String Table 0.077ms
[11.410s][debug][gc,age         ] GC(469) Desired survivor size 3670016 bytes, new threshold 1 (max threshold 15)
[11.410s][info ][gc,heap        ] GC(469) PSYoungGen: 17557K->1658K(17920K)
[11.410s][info ][gc,heap        ] GC(469) ParOldGen: 22426K->22434K(31744K)
[11.410s][info ][gc,metaspace   ] GC(469) Metaspace: 15860K->15860K(1064960K)
[11.410s][info ][gc             ] GC(469) Pause Young (Allocation Failure) 39M->23M(48M) 1.843ms
[11.410s][info ][gc,cpu         ] GC(469) User=0.00s Sys=0.00s Real=0.00s
[11.411s][info ][gc,start       ] GC(470) Pause Young (Allocation Failure)
[11.413s][debug][gc,phases      ] GC(470) Scavenge 2.330ms
[11.413s][debug][gc,phases      ] GC(470) Reference Processing 0.021ms
[11.413s][debug][gc,phases      ] GC(470) Weak Processing 0.011ms
[11.413s][debug][gc,phases      ] GC(470) Scrub String Table 0.063ms
[11.413s][debug][gc,age         ] GC(470) Desired survivor size 4194304 bytes, new threshold 1 (max threshold 15)
[11.413s][info ][gc,heap        ] GC(470) PSYoungGen: 15618K->3221K(17920K)
[11.414s][info ][gc,heap        ] GC(470) ParOldGen: 22434K->22434K(31744K)
[11.414s][info ][gc,metaspace   ] GC(470) Metaspace: 15860K->15860K(1064960K)
[11.414s][info ][gc             ] GC(470) Pause Young (Allocation Failure) 37M->25M(48M) 2.604ms
[11.414s][info ][gc,cpu         ] GC(470) User=0.01s Sys=0.00s Real=0.00s
[11.415s][info ][gc,start       ] GC(471) Pause Young (Allocation Failure)
[11.415s][debug][gc,phases      ] GC(471) Scavenge 0.832ms
[11.416s][debug][gc,phases      ] GC(471) Reference Processing 0.020ms
[11.416s][debug][gc,phases      ] GC(471) Weak Processing 0.010ms
[11.416s][debug][gc,phases      ] GC(471) Scrub String Table 0.066ms
[11.416s][debug][gc,age         ] GC(471) Desired survivor size 4194304 bytes, new threshold 1 (max threshold 15)
[11.416s][info ][gc,heap        ] GC(471) PSYoungGen: 17178K->3349K(16896K)
[11.416s][info ][gc,heap        ] GC(471) ParOldGen: 22434K->22434K(31744K)
[11.416s][info ][gc,metaspace   ] GC(471) Metaspace: 15860K->15860K(1064960K)
[11.416s][info ][gc             ] GC(471) Pause Young (Allocation Failure) 38M->25M(47M) 1.112ms
[11.416s][info ][gc,cpu         ] GC(471) User=0.00s Sys=0.00s Real=0.00s
[11.417s][info ][gc,start       ] GC(472) Pause Young (Allocation Failure)
[11.418s][debug][gc,phases      ] GC(472) Scavenge 1.092ms
[11.418s][debug][gc,phases      ] GC(472) Reference Processing 0.019ms
[11.418s][debug][gc,phases      ] GC(472) Weak Processing 0.011ms
[11.418s][debug][gc,phases      ] GC(472) Scrub String Table 0.067ms
[11.418s][debug][gc,age         ] GC(472) Desired survivor size 4194304 bytes, new threshold 1 (max threshold 15)
[11.418s][info ][gc,heap        ] GC(472) PSYoungGen: 16484K->1658K(17408K)
[11.418s][info ][gc,heap        ] GC(472) ParOldGen: 22434K->22841K(31744K)
[11.418s][info ][gc,metaspace   ] GC(472) Metaspace: 15860K->15860K(1064960K)
[11.418s][info ][gc             ] GC(472) Pause Young (Allocation Failure) 38M->23M(48M) 1.361ms
[11.418s][info ][gc,cpu         ] GC(472) User=0.01s Sys=0.00s Real=0.00s
[11.419s][info ][gc,start       ] GC(473) Pause Young (Allocation Failure)
[11.421s][debug][gc,phases      ] GC(473) Scavenge 1.768ms
[11.421s][debug][gc,phases      ] GC(473) Reference Processing 0.034ms
[11.421s][debug][gc,phases      ] GC(473) Weak Processing 0.010ms
[11.421s][debug][gc,phases      ] GC(473) Scrub String Table 0.069ms
[11.421s][debug][gc,age         ] GC(473) Desired survivor size 4194304 bytes, new threshold 1 (max threshold 15)
[11.421s][info ][gc,heap        ] GC(473) PSYoungGen: 14819K->2439K(17408K)
[11.421s][info ][gc,heap        ] GC(473) ParOldGen: 22841K->22841K(31744K)
[11.421s][info ][gc,metaspace   ] GC(473) Metaspace: 15860K->15860K(1064960K)
[11.421s][info ][gc             ] GC(473) Pause Young (Allocation Failure) 36M->24M(48M) 2.078ms
[11.421s][info ][gc,cpu         ] GC(473) User=0.01s Sys=0.00s Real=0.00s
[11.422s][info ][gc,start       ] GC(474) Pause Young (Allocation Failure)
[11.424s][debug][gc,phases      ] GC(474) Scavenge 1.638ms
[11.424s][debug][gc,phases      ] GC(474) Reference Processing 0.018ms
[11.424s][debug][gc,phases      ] GC(474) Weak Processing 0.010ms
[11.424s][debug][gc,phases      ] GC(474) Scrub String Table 0.064ms
[11.424s][debug][gc,age         ] GC(474) Desired survivor size 4194304 bytes, new threshold 1 (max threshold 15)
[11.424s][info ][gc,heap        ] GC(474) PSYoungGen: 15463K->877K(17408K)
[11.424s][info ][gc,heap        ] GC(474) ParOldGen: 22841K->24036K(31744K)
[11.424s][info ][gc,metaspace   ] GC(474) Metaspace: 15860K->15860K(1064960K)
[11.424s][info ][gc             ] GC(474) Pause Young (Allocation Failure) 37M->24M(48M) 1.903ms
[11.424s][info ][gc,cpu         ] GC(474) User=0.01s Sys=0.00s Real=0.00s
[11.425s][info ][gc,start       ] GC(475) Pause Young (Allocation Failure)
[11.427s][debug][gc,phases      ] GC(475) Scavenge 1.665ms
[11.427s][debug][gc,phases      ] GC(475) Reference Processing 0.019ms
[11.427s][debug][gc,phases      ] GC(475) Weak Processing 0.010ms
[11.427s][debug][gc,phases      ] GC(475) Scrub String Table 0.065ms
[11.427s][debug][gc,age         ] GC(475) Desired survivor size 4194304 bytes, new threshold 1 (max threshold 15)
[11.427s][info ][gc,heap        ] GC(475) PSYoungGen: 13903K->1267K(17408K)
[11.427s][info ][gc,heap        ] GC(475) ParOldGen: 24036K->24435K(31744K)
[11.427s][info ][gc,metaspace   ] GC(475) Metaspace: 15860K->15860K(1064960K)
[11.427s][info ][gc             ] GC(475) Pause Young (Allocation Failure) 37M->25M(48M) 1.933ms
[11.427s][info ][gc,cpu         ] GC(475) User=0.00s Sys=0.00s Real=0.01s
[11.429s][info ][gc,start       ] GC(476) Pause Young (Allocation Failure)
[11.430s][debug][gc,phases      ] GC(476) Scavenge 1.009ms
[11.430s][debug][gc,phases      ] GC(476) Reference Processing 0.025ms
[11.430s][debug][gc,phases      ] GC(476) Weak Processing 0.011ms
[11.430s][debug][gc,phases      ] GC(476) Scrub String Table 0.067ms
[11.430s][debug][gc,age         ] GC(476) Desired survivor size 4194304 bytes, new threshold 1 (max threshold 15)
[11.430s][info ][gc,heap        ] GC(476) PSYoungGen: 14467K->1658K(17408K)
[11.430s][info ][gc,heap        ] GC(476) ParOldGen: 24435K->24443K(31744K)
[11.430s][info ][gc,metaspace   ] GC(476) Metaspace: 15860K->15860K(1064960K)
[11.430s][info ][gc             ] GC(476) Pause Young (Allocation Failure) 37M->25M(48M) 1.284ms
[11.430s][info ][gc,cpu         ] GC(476) User=0.00s Sys=0.00s Real=0.00s
[11.431s][info ][gc,start       ] GC(477) Pause Young (Allocation Failure)
[11.433s][debug][gc,phases      ] GC(477) Scavenge 1.620ms
[11.433s][debug][gc,phases      ] GC(477) Reference Processing 0.017ms
[11.433s][debug][gc,phases      ] GC(477) Weak Processing 0.011ms
[11.433s][debug][gc,phases      ] GC(477) Scrub String Table 0.065ms
[11.433s][debug][gc,age         ] GC(477) Desired survivor size 4194304 bytes, new threshold 1 (max threshold 15)
[11.433s][info ][gc,heap        ] GC(477) PSYoungGen: 14862K->1267K(17408K)
[11.433s][info ][gc,heap        ] GC(477) ParOldGen: 24443K->24467K(31744K)
[11.433s][info ][gc,metaspace   ] GC(477) Metaspace: 15860K->15860K(1064960K)
[11.433s][info ][gc             ] GC(477) Pause Young (Allocation Failure) 38M->25M(48M) 1.894ms
[11.433s][info ][gc,cpu         ] GC(477) User=0.01s Sys=0.00s Real=0.00s
[11.434s][info ][gc,start       ] GC(478) Pause Young (Allocation Failure)
[11.435s][debug][gc,phases      ] GC(478) Scavenge 1.569ms
[11.435s][debug][gc,phases      ] GC(478) Reference Processing 0.019ms
[11.435s][debug][gc,phases      ] GC(478) Weak Processing 0.010ms
[11.436s][debug][gc,phases      ] GC(478) Scrub String Table 0.064ms
[11.436s][debug][gc,age         ] GC(478) Desired survivor size 4194304 bytes, new threshold 1 (max threshold 15)
[11.436s][info ][gc,heap        ] GC(478) PSYoungGen: 14353K->845K(17408K)
[11.436s][info ][gc,heap        ] GC(478) ParOldGen: 24467K->24882K(31744K)
[11.436s][info ][gc,metaspace   ] GC(478) Metaspace: 15860K->15860K(1064960K)
[11.436s][info ][gc             ] GC(478) Pause Young (Allocation Failure) 37M->25M(48M) 1.839ms
[11.436s][info ][gc,cpu         ] GC(478) User=0.01s Sys=0.00s Real=0.00s
[11.437s][info ][gc,start       ] GC(479) Pause Young (Allocation Failure)
[11.438s][debug][gc,phases      ] GC(479) Scavenge 1.205ms
[11.438s][debug][gc,phases      ] GC(479) Reference Processing 0.018ms
[11.438s][debug][gc,phases      ] GC(479) Weak Processing 0.010ms
[11.438s][debug][gc,phases      ] GC(479) Scrub String Table 0.065ms
[11.438s][debug][gc,age         ] GC(479) Desired survivor size 4194304 bytes, new threshold 1 (max threshold 15)
[11.438s][info ][gc,heap        ] GC(479) PSYoungGen: 14082K->2535K(17408K)
[11.438s][info ][gc,heap        ] GC(479) ParOldGen: 24882K->24882K(31744K)
[11.438s][info ][gc,metaspace   ] GC(479) Metaspace: 15860K->15860K(1064960K)
[11.438s][info ][gc             ] GC(479) Pause Young (Allocation Failure) 38M->26M(48M) 1.478ms
[11.438s][info ][gc,cpu         ] GC(479) User=0.00s Sys=0.00s Real=0.00s
[11.440s][info ][gc,start       ] GC(480) Pause Young (Allocation Failure)
[11.441s][debug][gc,phases      ] GC(480) Scavenge 1.448ms
[11.441s][debug][gc,phases      ] GC(480) Reference Processing 0.017ms
[11.441s][debug][gc,phases      ] GC(480) Weak Processing 0.009ms
[11.441s][debug][gc,phases      ] GC(480) Scrub String Table 0.063ms
[11.441s][debug][gc,age         ] GC(480) Desired survivor size 4194304 bytes, new threshold 1 (max threshold 15)
[11.441s][info ][gc,heap        ] GC(480) PSYoungGen: 15691K->1626K(17408K)
[11.441s][info ][gc,heap        ] GC(480) ParOldGen: 24882K->25280K(31744K)
[11.441s][info ][gc,metaspace   ] GC(480) Metaspace: 15860K->15860K(1064960K)
[11.441s][info ][gc             ] GC(480) Pause Young (Allocation Failure) 39M->26M(48M) 1.698ms
[11.441s][info ][gc,cpu         ] GC(480) User=0.00s Sys=0.00s Real=0.00s
[11.442s][info ][gc,start       ] GC(481) Pause Young (Allocation Failure)
[11.444s][debug][gc,phases      ] GC(481) Scavenge 1.587ms
[11.444s][debug][gc,phases      ] GC(481) Reference Processing 0.018ms
[11.444s][debug][gc,phases      ] GC(481) Weak Processing 0.010ms
[11.444s][debug][gc,phases      ] GC(481) Scrub String Table 0.064ms
[11.444s][debug][gc,age         ] GC(481) Desired survivor size 4194304 bytes, new threshold 1 (max threshold 15)
[11.444s][info ][gc,heap        ] GC(481) PSYoungGen: 14701K->845K(17408K)
[11.444s][info ][gc,heap        ] GC(481) ParOldGen: 25280K->25695K(31744K)
[11.444s][info ][gc,metaspace   ] GC(481) Metaspace: 15860K->15860K(1064960K)
[11.444s][info ][gc             ] GC(481) Pause Young (Allocation Failure) 39M->25M(48M) 1.851ms
[11.444s][info ][gc,cpu         ] GC(481) User=0.01s Sys=0.00s Real=0.00s
[11.446s][info ][gc,start       ] GC(482) Pause Young (Allocation Failure)
[11.447s][debug][gc,phases      ] GC(482) Scavenge 1.156ms
[11.447s][debug][gc,phases      ] GC(482) Reference Processing 0.017ms
[11.447s][debug][gc,phases      ] GC(482) Weak Processing 0.010ms
[11.447s][debug][gc,phases      ] GC(482) Scrub String Table 0.063ms
[11.447s][debug][gc,age         ] GC(482) Desired survivor size 3670016 bytes, new threshold 1 (max threshold 15)
[11.447s][info ][gc,heap        ] GC(482) PSYoungGen: 14023K->1658K(15360K)
[11.447s][info ][gc,heap        ] GC(482) ParOldGen: 25695K->25711K(31744K)
[11.447s][info ][gc,metaspace   ] GC(482) Metaspace: 15860K->15860K(1064960K)
[11.447s][info ][gc             ] GC(482) Pause Young (Allocation Failure) 38M->26M(46M) 1.533ms
[11.447s][info ][gc,cpu         ] GC(482) User=0.01s Sys=0.00s Real=0.01s
[11.448s][info ][gc,start       ] GC(483) Pause Young (Allocation Failure)
[11.450s][debug][gc,phases      ] GC(483) Scavenge 1.642ms
[11.450s][debug][gc,phases      ] GC(483) Reference Processing 0.017ms
[11.450s][debug][gc,phases      ] GC(483) Weak Processing 0.009ms
[11.450s][debug][gc,phases      ] GC(483) Scrub String Table 0.062ms
[11.450s][debug][gc,age         ] GC(483) Desired survivor size 3670016 bytes, new threshold 1 (max threshold 15)
[11.450s][info ][gc,heap        ] GC(483) PSYoungGen: 14701K->1235K(16896K)
[11.450s][info ][gc,heap        ] GC(483) ParOldGen: 25711K->26907K(31744K)
[11.450s][info ][gc,metaspace   ] GC(483) Metaspace: 15860K->15860K(1064960K)
[11.450s][info ][gc             ] GC(483) Pause Young (Allocation Failure) 39M->27M(47M) 1.911ms
[11.450s][info ][gc,cpu         ] GC(483) User=0.01s Sys=0.00s Real=0.00s
[11.451s][info ][gc,start       ] GC(484) Pause Young (Allocation Failure)
[11.454s][debug][gc,phases      ] GC(484) Scavenge 2.015ms
[11.454s][debug][gc,phases      ] GC(484) Reference Processing 0.018ms
[11.454s][debug][gc,phases      ] GC(484) Weak Processing 0.009ms
[11.454s][debug][gc,phases      ] GC(484) Scrub String Table 0.064ms
[11.454s][debug][gc,age         ] GC(484) Desired survivor size 3670016 bytes, new threshold 1 (max threshold 15)
[11.454s][info ][gc,heap        ] GC(484) PSYoungGen: 14453K->1626K(16896K)
[11.454s][info ][gc,heap        ] GC(484) ParOldGen: 26907K->26915K(31744K)
[11.454s][info ][gc,metaspace   ] GC(484) Metaspace: 15860K->15860K(1064960K)
[11.454s][info ][gc             ] GC(484) Pause Young (Allocation Failure) 40M->27M(47M) 2.273ms
[11.454s][info ][gc,cpu         ] GC(484) User=0.00s Sys=0.00s Real=0.00s
[11.455s][info ][gc,start       ] GC(485) Pause Young (Allocation Failure)
[11.457s][debug][gc,phases      ] GC(485) Scavenge 2.278ms
[11.457s][debug][gc,phases      ] GC(485) Reference Processing 0.019ms
[11.457s][debug][gc,phases      ] GC(485) Weak Processing 0.010ms
[11.457s][debug][gc,phases      ] GC(485) Scrub String Table 0.068ms
[11.457s][debug][gc,age         ] GC(485) Desired survivor size 3670016 bytes, new threshold 1 (max threshold 15)
[11.457s][info ][gc,heap        ] GC(485) PSYoungGen: 14811K->2017K(17920K)
[11.457s][info ][gc,heap        ] GC(485) ParOldGen: 26915K->27322K(31744K)
[11.457s][info ][gc,metaspace   ] GC(485) Metaspace: 15860K->15860K(1064960K)
[11.457s][info ][gc             ] GC(485) Pause Young (Allocation Failure) 40M->28M(48M) 2.541ms
[11.457s][info ][gc,cpu         ] GC(485) User=0.01s Sys=0.00s Real=0.01s
[11.459s][info ][gc,start       ] GC(486) Pause Young (Allocation Failure)
[11.461s][debug][gc,phases      ] GC(486) Scavenge 2.387ms
[11.461s][debug][gc,phases      ] GC(486) Reference Processing 0.018ms
[11.461s][debug][gc,phases      ] GC(486) Weak Processing 0.010ms
[11.461s][debug][gc,phases      ] GC(486) Scrub String Table 0.063ms
[11.461s][debug][gc,age         ] GC(486) Desired survivor size 3670016 bytes, new threshold 1 (max threshold 15)
[11.461s][info ][gc,heap        ] GC(486) PSYoungGen: 16252K->845K(17920K)
[11.461s][info ][gc,heap        ] GC(486) ParOldGen: 27322K->28510K(31744K)
[11.461s][info ][gc,metaspace   ] GC(486) Metaspace: 15860K->15860K(1064960K)
[11.461s][info ][gc             ] GC(486) Pause Young (Allocation Failure) 42M->28M(48M) 2.638ms
[11.462s][info ][gc,cpu         ] GC(486) User=0.01s Sys=0.00s Real=0.00s
[11.463s][info ][gc,start       ] GC(487) Pause Young (Allocation Failure)
[11.464s][debug][gc,phases      ] GC(487) Scavenge 1.206ms
[11.464s][debug][gc,phases      ] GC(487) Reference Processing 0.020ms
[11.464s][debug][gc,phases      ] GC(487) Weak Processing 0.010ms
[11.464s][debug][gc,phases      ] GC(487) Scrub String Table 0.064ms
[11.464s][debug][gc,age         ] GC(487) Desired survivor size 3670016 bytes, new threshold 1 (max threshold 15)
[11.464s][info ][gc,heap        ] GC(487) PSYoungGen: 14897K->2894K(17920K)
[11.464s][info ][gc,heap        ] GC(487) ParOldGen: 28510K->28518K(31744K)
[11.464s][info ][gc,metaspace   ] GC(487) Metaspace: 15860K->15860K(1064960K)
[11.464s][info ][gc             ] GC(487) Pause Young (Allocation Failure) 42M->30M(48M) 1.514ms
[11.464s][info ][gc,cpu         ] GC(487) User=0.00s Sys=0.00s Real=0.00s
[11.466s][info ][gc,start       ] GC(488) Pause Young (Allocation Failure)
[11.468s][debug][gc,phases      ] GC(488) Scavenge 1.746ms
[11.468s][debug][gc,phases      ] GC(488) Reference Processing 0.017ms
[11.468s][debug][gc,phases      ] GC(488) Weak Processing 0.011ms
[11.468s][debug][gc,phases      ] GC(488) Scrub String Table 0.062ms
[11.468s][debug][gc,age         ] GC(488) Desired survivor size 4194304 bytes, new threshold 1 (max threshold 15)
[11.468s][info ][gc,heap        ] GC(488) PSYoungGen: 17177K->454K(14848K)
[11.468s][info ][gc,heap        ] GC(488) ParOldGen: 28518K->29705K(31744K)
[11.468s][info ][gc,metaspace   ] GC(488) Metaspace: 15860K->15860K(1064960K)
[11.468s][info ][gc             ] GC(488) Pause Young (Allocation Failure) 44M->29M(45M) 1.995ms
[11.468s][info ][gc,cpu         ] GC(488) User=0.00s Sys=0.01s Real=0.01s
[11.469s][info ][gc,start       ] GC(489) Pause Young (Allocation Failure)
[11.471s][debug][gc,phases      ] GC(489) Scavenge 2.203ms
[11.471s][debug][gc,phases      ] GC(489) Reference Processing 0.018ms
[11.471s][debug][gc,phases      ] GC(489) Weak Processing 0.010ms
[11.471s][debug][gc,phases      ] GC(489) Scrub String Table 0.066ms
[11.471s][debug][gc,age         ] GC(489) Desired survivor size 3670016 bytes, new threshold 1 (max threshold 15)
[11.471s][info ][gc,heap        ] GC(489) PSYoungGen: 14513K->2049K(17920K)
[11.471s][info ][gc,heap        ] GC(489) ParOldGen: 29705K->29713K(31744K)
[11.471s][info ][gc,metaspace   ] GC(489) Metaspace: 15860K->15860K(1064960K)
[11.472s][info ][gc             ] GC(489) Pause Young (Allocation Failure) 43M->31M(48M) 2.466ms
[11.472s][info ][gc,cpu         ] GC(489) User=0.02s Sys=0.00s Real=0.00s
[11.473s][info ][gc,start       ] GC(490) Pause Young (Allocation Failure)
[11.474s][debug][gc,phases      ] GC(490) Scavenge 1.198ms
[11.474s][debug][gc,phases      ] GC(490) Reference Processing 0.018ms
[11.474s][debug][gc,phases      ] GC(490) Weak Processing 0.011ms
[11.474s][debug][gc,phases      ] GC(490) Scrub String Table 0.063ms
[11.474s][debug][gc,age         ] GC(490) Desired survivor size 3670016 bytes, new threshold 1 (max threshold 15)
[11.474s][info ][gc,heap        ] GC(490) PSYoungGen: 15869K->877K(17408K)
[11.474s][info ][gc,heap        ] GC(490) ParOldGen: 29713K->31308K(31744K)
[11.474s][info ][gc,metaspace   ] GC(490) Metaspace: 15860K->15860K(1064960K)
[11.474s][info ][gc             ] GC(490) Pause Young (Allocation Failure) 44M->31M(48M) 1.483ms
[11.474s][info ][gc,cpu         ] GC(490) User=0.01s Sys=0.00s Real=0.00s
[11.474s][debug][gc,phases      ] GC(491) Pre Compact 0.010ms
[11.474s][info ][gc,start       ] GC(491) Pause Full (Ergonomics)
[11.474s][info ][gc,phases,start] GC(491) Marking Phase
[11.477s][debug][gc,phases      ] GC(491) Par Mark 3.074ms
[11.477s][debug][gc,phases      ] GC(491) Reference Processing 0.037ms
[11.477s][debug][gc,phases      ] GC(491) Weak Processing 0.009ms
[11.477s][debug][gc,phases      ] GC(491) ClassLoaderData 0.020ms
[11.477s][debug][gc,phases      ] GC(491) ProtectionDomainCacheTable 0.002ms
[11.477s][debug][gc,phases      ] GC(491) ResolvedMethodTable 0.013ms
[11.478s][debug][gc,phases      ] GC(491) Class Unloading 0.662ms
[11.478s][debug][gc,phases      ] GC(491) Scrub String Table 0.052ms
[11.479s][debug][gc,phases      ] GC(491) Scrub Symbol Table 1.072ms
[11.479s][info ][gc,phases      ] GC(491) Marking Phase 5.044ms
[11.479s][info ][gc,phases,start] GC(491) Summary Phase
[11.479s][info ][gc,phases      ] GC(491) Summary Phase 0.012ms
[11.479s][info ][gc,phases,start] GC(491) Adjust Roots
[11.481s][info ][gc,phases      ] GC(491) Adjust Roots 1.473ms
[11.481s][info ][gc,phases,start] GC(491) Compaction Phase
[11.483s][info ][gc,phases      ] GC(491) Compaction Phase 1.874ms
[11.483s][info ][gc,phases,start] GC(491) Post Compact
[11.483s][info ][gc,phases      ] GC(491) Post Compact 0.058ms
[11.483s][info ][gc,heap        ] GC(491) PSYoungGen: 877K->0K(17408K)
[11.483s][info ][gc,heap        ] GC(491) ParOldGen: 31308K->5418K(34816K)
[11.483s][info ][gc,metaspace   ] GC(491) Metaspace: 15860K->15860K(1064960K)
[11.483s][info ][gc             ] GC(491) Pause Full (Ergonomics) 31M->5M(51M) 8.648ms
[11.483s][info ][gc,cpu         ] GC(491) User=0.03s Sys=0.00s Real=0.01s
[11.484s][info ][gc,start       ] GC(492) Pause Young (Allocation Failure)
[11.485s][debug][gc,phases      ] GC(492) Scavenge 0.999ms
[11.485s][debug][gc,phases      ] GC(492) Reference Processing 0.018ms
[11.485s][debug][gc,phases      ] GC(492) Weak Processing 0.010ms
[11.485s][debug][gc,phases      ] GC(492) Scrub String Table 0.063ms
[11.485s][debug][gc,age         ] GC(492) Desired survivor size 3670016 bytes, new threshold 1 (max threshold 15)
[11.485s][info ][gc,heap        ] GC(492) PSYoungGen: 13443K->845K(17408K)
[11.485s][info ][gc,heap        ] GC(492) ParOldGen: 5418K->5418K(34816K)
[11.485s][info ][gc,metaspace   ] GC(492) Metaspace: 15860K->15860K(1064960K)
[11.485s][info ][gc             ] GC(492) Pause Young (Allocation Failure) 18M->6M(51M) 1.257ms
[11.485s][info ][gc,cpu         ] GC(492) User=0.01s Sys=0.00s Real=0.00s
[11.486s][info ][gc,start       ] GC(493) Pause Young (Allocation Failure)
[11.487s][debug][gc,phases      ] GC(493) Scavenge 0.858ms
[11.487s][debug][gc,phases      ] GC(493) Reference Processing 0.017ms
[11.487s][debug][gc,phases      ] GC(493) Weak Processing 0.009ms
[11.487s][debug][gc,phases      ] GC(493) Scrub String Table 0.064ms
[11.487s][debug][gc,age         ] GC(493) Desired survivor size 3670016 bytes, new threshold 1 (max threshold 15)
[11.487s][info ][gc,heap        ] GC(493) PSYoungGen: 14291K->486K(17920K)
[11.487s][info ][gc,heap        ] GC(493) ParOldGen: 5418K->5824K(34816K)
[11.487s][info ][gc,metaspace   ] GC(493) Metaspace: 15860K->15860K(1064960K)
[11.487s][info ][gc             ] GC(493) Pause Young (Allocation Failure) 19M->6M(51M) 1.118ms
[11.487s][info ][gc,cpu         ] GC(493) User=0.01s Sys=0.00s Real=0.01s
[11.488s][info ][gc,start       ] GC(494) Pause Young (Allocation Failure)
[11.489s][debug][gc,phases      ] GC(494) Scavenge 0.942ms
[11.489s][debug][gc,phases      ] GC(494) Reference Processing 0.024ms
[11.489s][debug][gc,phases      ] GC(494) Weak Processing 0.014ms
[11.490s][debug][gc,phases      ] GC(494) Scrub String Table 0.076ms
[11.490s][debug][gc,age         ] GC(494) Desired survivor size 3670016 bytes, new threshold 1 (max threshold 15)
[11.490s][info ][gc,heap        ] GC(494) PSYoungGen: 14601K->2113K(17920K)
[11.490s][info ][gc,heap        ] GC(494) ParOldGen: 5824K->5832K(34816K)
[11.490s][info ][gc,metaspace   ] GC(494) Metaspace: 15860K->15860K(1064960K)
[11.490s][info ][gc             ] GC(494) Pause Young (Allocation Failure) 19M->7M(51M) 1.289ms
[11.490s][info ][gc,cpu         ] GC(494) User=0.01s Sys=0.00s Real=0.00s
[11.491s][info ][gc,start       ] GC(495) Pause Young (Allocation Failure)
[11.493s][debug][gc,phases      ] GC(495) Scavenge 2.203ms
[11.493s][debug][gc,phases      ] GC(495) Reference Processing 0.017ms
[11.493s][debug][gc,phases      ] GC(495) Weak Processing 0.009ms
[11.493s][debug][gc,phases      ] GC(495) Scrub String Table 0.063ms
[11.493s][debug][gc,age         ] GC(495) Desired survivor size 3670016 bytes, new threshold 1 (max threshold 15)
[11.493s][info ][gc,heap        ] GC(495) PSYoungGen: 16202K->2049K(17920K)
[11.493s][info ][gc,heap        ] GC(495) ParOldGen: 5832K->6239K(34816K)
[11.493s][info ][gc,metaspace   ] GC(495) Metaspace: 15860K->15860K(1064960K)
[11.493s][info ][gc             ] GC(495) Pause Young (Allocation Failure) 21M->8M(51M) 2.458ms
[11.493s][info ][gc,cpu         ] GC(495) User=0.01s Sys=0.00s Real=0.00s
[11.494s][info ][gc,start       ] GC(496) Pause Young (Allocation Failure)
[11.495s][debug][gc,phases      ] GC(496) Scavenge 0.945ms
[11.495s][debug][gc,phases      ] GC(496) Reference Processing 0.019ms
[11.495s][debug][gc,phases      ] GC(496) Weak Processing 0.010ms
[11.495s][debug][gc,phases      ] GC(496) Scrub String Table 0.069ms
[11.495s][debug][gc,age         ] GC(496) Desired survivor size 3670016 bytes, new threshold 1 (max threshold 15)
[11.495s][info ][gc,heap        ] GC(496) PSYoungGen: 16357K->486K(17920K)
[11.495s][info ][gc,heap        ] GC(496) ParOldGen: 6239K->7435K(34816K)
[11.495s][info ][gc,metaspace   ] GC(496) Metaspace: 15860K->15860K(1064960K)
[11.495s][info ][gc             ] GC(496) Pause Young (Allocation Failure) 22M->7M(51M) 1.219ms
[11.496s][info ][gc,cpu         ] GC(496) User=0.01s Sys=0.00s Real=0.00s
[11.497s][info ][gc,start       ] GC(497) Pause Young (Allocation Failure)
[11.497s][debug][gc,phases      ] GC(497) Scavenge 0.645ms
[11.497s][debug][gc,phases      ] GC(497) Reference Processing 0.017ms
[11.497s][debug][gc,phases      ] GC(497) Weak Processing 0.010ms
[11.498s][debug][gc,phases      ] GC(497) Scrub String Table 0.063ms
[11.498s][debug][gc,age         ] GC(497) Desired survivor size 3670016 bytes, new threshold 1 (max threshold 15)
[11.498s][info ][gc,heap        ] GC(497) PSYoungGen: 14800K->941K(17920K)
[11.498s][info ][gc,heap        ] GC(497) ParOldGen: 7435K->7459K(34816K)
[11.498s][info ][gc,metaspace   ] GC(497) Metaspace: 15860K->15860K(1064960K)
[11.498s][info ][gc             ] GC(497) Pause Young (Allocation Failure) 21M->8M(51M) 0.905ms
[11.498s][info ][gc,cpu         ] GC(497) User=0.01s Sys=0.00s Real=0.00s
[11.499s][info ][gc,start       ] GC(498) Pause Young (Allocation Failure)
[11.500s][debug][gc,phases      ] GC(498) Scavenge 0.979ms
[11.500s][debug][gc,phases      ] GC(498) Reference Processing 0.020ms
[11.500s][debug][gc,phases      ] GC(498) Weak Processing 0.010ms
[11.500s][debug][gc,phases      ] GC(498) Scrub String Table 0.065ms
[11.500s][debug][gc,age         ] GC(498) Desired survivor size 3670016 bytes, new threshold 1 (max threshold 15)
[11.500s][info ][gc,heap        ] GC(498) PSYoungGen: 15160K->486K(17920K)
[11.500s][info ][gc,heap        ] GC(498) ParOldGen: 7459K->7483K(34816K)
[11.500s][info ][gc,metaspace   ] GC(498) Metaspace: 15860K->15860K(1064960K)
[11.500s][info ][gc             ] GC(498) Pause Young (Allocation Failure) 22M->7M(51M) 1.265ms
[11.500s][info ][gc,cpu         ] GC(498) User=0.00s Sys=0.00s Real=0.00s
[11.501s][info ][gc,start       ] GC(499) Pause Young (Allocation Failure)
[11.502s][debug][gc,phases      ] GC(499) Scavenge 0.986ms
[11.502s][debug][gc,phases      ] GC(499) Reference Processing 0.019ms
[11.502s][debug][gc,phases      ] GC(499) Weak Processing 0.010ms
[11.502s][debug][gc,phases      ] GC(499) Scrub String Table 0.064ms
[11.502s][debug][gc,age         ] GC(499) Desired survivor size 3670016 bytes, new threshold 1 (max threshold 15)
[11.502s][info ][gc,heap        ] GC(499) PSYoungGen: 14596K->2049K(17920K)
[11.502s][info ][gc,heap        ] GC(499) ParOldGen: 7483K->7491K(34816K)
[11.502s][info ][gc,metaspace   ] GC(499) Metaspace: 15860K->15860K(1064960K)
[11.502s][info ][gc             ] GC(499) Pause Young (Allocation Failure) 21M->9M(51M) 1.266ms
[11.502s][info ][gc,cpu         ] GC(499) User=0.01s Sys=0.00s Real=0.00s
[11.504s][info ][gc,start       ] GC(500) Pause Young (Allocation Failure)
[11.505s][debug][gc,phases      ] GC(500) Scavenge 1.083ms
[11.505s][debug][gc,phases      ] GC(500) Reference Processing 0.019ms
[11.505s][debug][gc,phases      ] GC(500) Weak Processing 0.010ms
[11.505s][debug][gc,phases      ] GC(500) Scrub String Table 0.065ms
[11.505s][debug][gc,age         ] GC(500) Desired survivor size 3670016 bytes, new threshold 1 (max threshold 15)
[11.505s][info ][gc,heap        ] GC(500) PSYoungGen: 16103K->2081K(17920K)
[11.505s][info ][gc,heap        ] GC(500) ParOldGen: 7491K->7922K(34816K)
[11.505s][info ][gc,metaspace   ] GC(500) Metaspace: 15860K->15860K(1064960K)
[11.505s][info ][gc             ] GC(500) Pause Young (Allocation Failure) 23M->9M(51M) 1.373ms
[11.505s][info ][gc,cpu         ] GC(500) User=0.01s Sys=0.00s Real=0.00s
[11.506s][info ][gc,start       ] GC(501) Pause Young (Allocation Failure)
[11.509s][debug][gc,phases      ] GC(501) Scavenge 2.263ms
[11.509s][debug][gc,phases      ] GC(501) Reference Processing 0.027ms
[11.509s][debug][gc,phases      ] GC(501) Weak Processing 0.014ms
[11.509s][debug][gc,phases      ] GC(501) Scrub String Table 0.071ms
[11.509s][debug][gc,age         ] GC(501) Desired survivor size 3670016 bytes, new threshold 1 (max threshold 15)
[11.509s][info ][gc,heap        ] GC(501) PSYoungGen: 16045K->1331K(17920K)
[11.509s][info ][gc,heap        ] GC(501) ParOldGen: 7922K->8336K(34816K)
[11.509s][info ][gc,metaspace   ] GC(501) Metaspace: 15860K->15860K(1064960K)
[11.509s][info ][gc             ] GC(501) Pause Young (Allocation Failure) 23M->9M(51M) 2.658ms
[11.509s][info ][gc,cpu         ] GC(501) User=0.01s Sys=0.00s Real=0.01s
[11.510s][info ][gc,start       ] GC(502) Pause Young (Allocation Failure)
[11.511s][debug][gc,phases      ] GC(502) Scavenge 0.998ms
[11.511s][debug][gc,phases      ] GC(502) Reference Processing 0.019ms
[11.511s][debug][gc,phases      ] GC(502) Weak Processing 0.011ms
[11.511s][debug][gc,phases      ] GC(502) Scrub String Table 0.070ms
[11.511s][debug][gc,age         ] GC(502) Desired survivor size 3670016 bytes, new threshold 1 (max threshold 15)
[11.512s][info ][gc,heap        ] GC(502) PSYoungGen: 15646K->909K(17920K)
[11.512s][info ][gc,heap        ] GC(502) ParOldGen: 8336K->8352K(34816K)
[11.512s][info ][gc,metaspace   ] GC(502) Metaspace: 15860K->15860K(1064960K)
[11.512s][info ][gc             ] GC(502) Pause Young (Allocation Failure) 23M->9M(51M) 1.283ms
[11.512s][info ][gc,cpu         ] GC(502) User=0.01s Sys=0.00s Real=0.00s
[11.513s][info ][gc,start       ] GC(503) Pause Young (Allocation Failure)
[11.514s][debug][gc,phases      ] GC(503) Scavenge 1.242ms
[11.514s][debug][gc,phases      ] GC(503) Reference Processing 0.020ms
[11.514s][debug][gc,phases      ] GC(503) Weak Processing 0.011ms
[11.514s][debug][gc,phases      ] GC(503) Scrub String Table 0.070ms
[11.514s][debug][gc,age         ] GC(503) Desired survivor size 3145728 bytes, new threshold 1 (max threshold 15)
[11.515s][info ][gc,heap        ] GC(503) PSYoungGen: 14885K->1299K(16896K)
[11.515s][info ][gc,heap        ] GC(503) ParOldGen: 8352K->8368K(34816K)
[11.515s][info ][gc,metaspace   ] GC(503) Metaspace: 15860K->15860K(1064960K)
[11.515s][info ][gc             ] GC(503) Pause Young (Allocation Failure) 22M->9M(50M) 1.613ms
[11.515s][info ][gc,cpu         ] GC(503) User=0.01s Sys=0.00s Real=0.00s
[11.516s][info ][gc,start       ] GC(504) Pause Young (Allocation Failure)
[11.517s][debug][gc,phases      ] GC(504) Scavenge 0.813ms
[11.517s][debug][gc,phases      ] GC(504) Reference Processing 0.020ms
[11.517s][debug][gc,phases      ] GC(504) Weak Processing 0.011ms
[11.517s][debug][gc,phases      ] GC(504) Scrub String Table 0.070ms
[11.517s][debug][gc,age         ] GC(504) Desired survivor size 3670016 bytes, new threshold 1 (max threshold 15)
[11.517s][info ][gc,heap        ] GC(504) PSYoungGen: 15276K->2503K(17408K)
[11.517s][info ][gc,heap        ] GC(504) ParOldGen: 8368K->8376K(34816K)
[11.517s][info ][gc,metaspace   ] GC(504) Metaspace: 15860K->15860K(1064960K)
[11.517s][info ][gc             ] GC(504) Pause Young (Allocation Failure) 23M->10M(51M) 1.154ms
[11.517s][info ][gc,cpu         ] GC(504) User=0.00s Sys=0.00s Real=0.01s
[11.518s][info ][gc,start       ] GC(505) Pause Young (Allocation Failure)
[11.519s][debug][gc,phases      ] GC(505) Scavenge 0.986ms
[11.519s][debug][gc,phases      ] GC(505) Reference Processing 0.018ms
[11.519s][debug][gc,phases      ] GC(505) Weak Processing 0.010ms
[11.519s][debug][gc,phases      ] GC(505) Scrub String Table 0.068ms
[11.519s][debug][gc,age         ] GC(505) Desired survivor size 3670016 bytes, new threshold 1 (max threshold 15)
[11.519s][info ][gc,heap        ] GC(505) PSYoungGen: 16741K->454K(17920K)
[11.519s][info ][gc,heap        ] GC(505) ParOldGen: 8376K->9174K(34816K)
[11.519s][info ][gc,metaspace   ] GC(505) Metaspace: 15860K->15860K(1064960K)
[11.519s][info ][gc             ] GC(505) Pause Young (Allocation Failure) 24M->9M(51M) 1.257ms
[11.519s][info ][gc,cpu         ] GC(505) User=0.01s Sys=0.00s Real=0.00s
[11.521s][info ][gc,start       ] GC(506) Pause Young (Allocation Failure)
[11.522s][debug][gc,phases      ] GC(506) Scavenge 1.173ms
[11.522s][debug][gc,phases      ] GC(506) Reference Processing 0.019ms
[11.522s][debug][gc,phases      ] GC(506) Weak Processing 0.010ms
[11.522s][debug][gc,phases      ] GC(506) Scrub String Table 0.068ms
[11.522s][debug][gc,age         ] GC(506) Desired survivor size 3670016 bytes, new threshold 1 (max threshold 15)
[11.522s][info ][gc,heap        ] GC(506) PSYoungGen: 14682K->1299K(17920K)
[11.522s][info ][gc,heap        ] GC(506) ParOldGen: 9174K->9190K(34816K)
[11.522s][info ][gc,metaspace   ] GC(506) Metaspace: 15860K->15860K(1064960K)
[11.522s][info ][gc             ] GC(506) Pause Young (Allocation Failure) 23M->10M(51M) 1.522ms
[11.522s][info ][gc,cpu         ] GC(506) User=0.00s Sys=0.00s Real=0.00s
[11.524s][info ][gc,start       ] GC(507) Pause Young (Allocation Failure)
[11.524s][debug][gc,phases      ] GC(507) Scavenge 0.721ms
[11.525s][debug][gc,phases      ] GC(507) Reference Processing 0.020ms
[11.525s][debug][gc,phases      ] GC(507) Weak Processing 0.010ms
[11.525s][debug][gc,phases      ] GC(507) Scrub String Table 0.068ms
[11.525s][debug][gc,age         ] GC(507) Desired survivor size 3670016 bytes, new threshold 1 (max threshold 15)
[11.525s][info ][gc,heap        ] GC(507) PSYoungGen: 15347K->2049K(17920K)
[11.525s][info ][gc,heap        ] GC(507) ParOldGen: 9190K->9198K(34816K)
[11.525s][info ][gc,metaspace   ] GC(507) Metaspace: 15860K->15860K(1064960K)
[11.525s][info ][gc             ] GC(507) Pause Young (Allocation Failure) 23M->10M(51M) 1.009ms
[11.525s][info ][gc,cpu         ] GC(507) User=0.00s Sys=0.00s Real=0.00s
[11.526s][info ][gc,start       ] GC(508) Pause Young (Allocation Failure)
[11.527s][debug][gc,phases      ] GC(508) Scavenge 1.453ms
[11.527s][debug][gc,phases      ] GC(508) Reference Processing 0.020ms
[11.527s][debug][gc,phases      ] GC(508) Weak Processing 0.011ms
[11.527s][debug][gc,phases      ] GC(508) Scrub String Table 0.068ms
[11.528s][debug][gc,age         ] GC(508) Desired survivor size 3670016 bytes, new threshold 1 (max threshold 15)
[11.528s][info ][gc,heap        ] GC(508) PSYoungGen: 16352K->454K(17920K)
[11.528s][info ][gc,heap        ] GC(508) ParOldGen: 9198K->10003K(34816K)
[11.528s][info ][gc,metaspace   ] GC(508) Metaspace: 15860K->15860K(1064960K)
[11.528s][info ][gc             ] GC(508) Pause Young (Allocation Failure) 24M->10M(51M) 1.739ms
[11.528s][info ][gc,cpu         ] GC(508) User=0.01s Sys=0.00s Real=0.01s
[11.529s][info ][gc,start       ] GC(509) Pause Young (Allocation Failure)
[11.530s][debug][gc,phases      ] GC(509) Scavenge 0.750ms
[11.530s][debug][gc,phases      ] GC(509) Reference Processing 0.030ms
[11.530s][debug][gc,phases      ] GC(509) Weak Processing 0.016ms
[11.530s][debug][gc,phases      ] GC(509) Scrub String Table 0.084ms
[11.530s][debug][gc,age         ] GC(509) Desired survivor size 3145728 bytes, new threshold 1 (max threshold 15)
[11.530s][info ][gc,heap        ] GC(509) PSYoungGen: 14665K->877K(16896K)
[11.530s][info ][gc,heap        ] GC(509) ParOldGen: 10003K->10019K(34816K)
[11.530s][info ][gc,metaspace   ] GC(509) Metaspace: 15860K->15860K(1064960K)
[11.530s][info ][gc             ] GC(509) Pause Young (Allocation Failure) 24M->10M(50M) 1.220ms
[11.530s][info ][gc,cpu         ] GC(509) User=0.00s Sys=0.00s Real=0.00s
[11.531s][info ][gc,start       ] GC(510) Pause Young (Allocation Failure)
[11.533s][debug][gc,phases      ] GC(510) Scavenge 1.809ms
[11.533s][debug][gc,phases      ] GC(510) Reference Processing 0.019ms
[11.533s][debug][gc,phases      ] GC(510) Weak Processing 0.011ms
[11.533s][debug][gc,phases      ] GC(510) Scrub String Table 0.067ms
[11.533s][debug][gc,age         ] GC(510) Desired survivor size 3670016 bytes, new threshold 1 (max threshold 15)
[11.533s][info ][gc,heap        ] GC(510) PSYoungGen: 14884K->2407K(17408K)
[11.533s][info ][gc,heap        ] GC(510) ParOldGen: 10019K->10425K(34816K)
[11.533s][info ][gc,metaspace   ] GC(510) Metaspace: 15860K->15860K(1064960K)
[11.533s][info ][gc             ] GC(510) Pause Young (Allocation Failure) 24M->12M(51M) 2.112ms
[11.533s][info ][gc,cpu         ] GC(510) User=0.00s Sys=0.00s Real=0.00s
[11.535s][info ][gc,start       ] GC(511) Pause Young (Allocation Failure)
[11.536s][debug][gc,phases      ] GC(511) Scavenge 1.156ms
[11.536s][debug][gc,phases      ] GC(511) Reference Processing 0.019ms
[11.536s][debug][gc,phases      ] GC(511) Weak Processing 0.011ms
[11.536s][debug][gc,phases      ] GC(511) Scrub String Table 0.070ms
[11.536s][debug][gc,age         ] GC(511) Desired survivor size 3670016 bytes, new threshold 1 (max threshold 15)
[11.536s][info ][gc,heap        ] GC(511) PSYoungGen: 16470K->2439K(17920K)
[11.536s][info ][gc,heap        ] GC(511) ParOldGen: 10425K->10832K(34816K)
[11.536s][info ][gc,metaspace   ] GC(511) Metaspace: 15860K->15860K(1064960K)
[11.536s][info ][gc             ] GC(511) Pause Young (Allocation Failure) 26M->12M(51M) 1.455ms
[11.536s][info ][gc,cpu         ] GC(511) User=0.01s Sys=0.00s Real=0.00s
[11.537s][info ][gc,start       ] GC(512) Pause Young (Allocation Failure)
[11.538s][debug][gc,phases      ] GC(512) Scavenge 1.060ms
[11.538s][debug][gc,phases      ] GC(512) Reference Processing 0.019ms
[11.538s][debug][gc,phases      ] GC(512) Weak Processing 0.010ms
[11.539s][debug][gc,phases      ] GC(512) Scrub String Table 0.068ms
[11.539s][debug][gc,age         ] GC(512) Desired survivor size 3670016 bytes, new threshold 1 (max threshold 15)
[11.539s][info ][gc,heap        ] GC(512) PSYoungGen: 16708K->96K(17920K)
[11.539s][info ][gc,heap        ] GC(512) ParOldGen: 10832K->12036K(34816K)
[11.539s][info ][gc,metaspace   ] GC(512) Metaspace: 15860K->15860K(1064960K)
[11.539s][info ][gc             ] GC(512) Pause Young (Allocation Failure) 26M->11M(51M) 1.338ms
[11.539s][info ][gc,cpu         ] GC(512) User=0.01s Sys=0.00s Real=0.00s
[11.540s][info ][gc,start       ] GC(513) Pause Young (Allocation Failure)
[11.541s][debug][gc,phases      ] GC(513) Scavenge 1.073ms
[11.541s][debug][gc,phases      ] GC(513) Reference Processing 0.019ms
[11.541s][debug][gc,phases      ] GC(513) Weak Processing 0.010ms
[11.541s][debug][gc,phases      ] GC(513) Scrub String Table 0.068ms
[11.541s][debug][gc,age         ] GC(513) Desired survivor size 3670016 bytes, new threshold 1 (max threshold 15)
[11.541s][info ][gc,heap        ] GC(513) PSYoungGen: 14182K->2049K(17920K)
[11.541s][info ][gc,heap        ] GC(513) ParOldGen: 12036K->12036K(34816K)
[11.541s][info ][gc,metaspace   ] GC(513) Metaspace: 15860K->15860K(1064960K)
[11.541s][info ][gc             ] GC(513) Pause Young (Allocation Failure) 25M->13M(51M) 1.359ms
[11.541s][info ][gc,cpu         ] GC(513) User=0.01s Sys=0.00s Real=0.00s
[11.542s][info ][gc,start       ] GC(514) Pause Young (Allocation Failure)
[11.544s][debug][gc,phases      ] GC(514) Scavenge 1.681ms
[11.544s][debug][gc,phases      ] GC(514) Reference Processing 0.019ms
[11.544s][debug][gc,phases      ] GC(514) Weak Processing 0.010ms
[11.544s][debug][gc,phases      ] GC(514) Scrub String Table 0.067ms
[11.544s][debug][gc,age         ] GC(514) Desired survivor size 3670016 bytes, new threshold 1 (max threshold 15)
[11.544s][info ][gc,heap        ] GC(514) PSYoungGen: 16088K->2049K(17920K)
[11.544s][info ][gc,heap        ] GC(514) ParOldGen: 12036K->12052K(34816K)
[11.544s][info ][gc,metaspace   ] GC(514) Metaspace: 15860K->15860K(1064960K)
[11.544s][info ][gc             ] GC(514) Pause Young (Allocation Failure) 27M->13M(51M) 1.953ms
[11.544s][info ][gc,cpu         ] GC(514) User=0.01s Sys=0.00s Real=0.00s
[11.546s][info ][gc,start       ] GC(515) Pause Young (Allocation Failure)
[11.547s][debug][gc,phases      ] GC(515) Scavenge 1.249ms
[11.547s][debug][gc,phases      ] GC(515) Reference Processing 0.019ms
[11.547s][debug][gc,phases      ] GC(515) Weak Processing 0.011ms
[11.547s][debug][gc,phases      ] GC(515) Scrub String Table 0.069ms
[11.547s][debug][gc,age         ] GC(515) Desired survivor size 3670016 bytes, new threshold 1 (max threshold 15)
[11.547s][info ][gc,heap        ] GC(515) PSYoungGen: 16252K->877K(17920K)
[11.547s][info ][gc,heap        ] GC(515) ParOldGen: 12052K->12865K(34816K)
[11.547s][info ][gc,metaspace   ] GC(515) Metaspace: 15860K->15860K(1064960K)
[11.547s][info ][gc             ] GC(515) Pause Young (Allocation Failure) 27M->13M(51M) 1.566ms
[11.547s][info ][gc,cpu         ] GC(515) User=0.00s Sys=0.00s Real=0.01s
[11.549s][info ][gc,start       ] GC(516) Pause Young (Allocation Failure)
[11.550s][debug][gc,phases      ] GC(516) Scavenge 1.066ms
[11.550s][debug][gc,phases      ] GC(516) Reference Processing 0.019ms
[11.550s][debug][gc,phases      ] GC(516) Weak Processing 0.011ms
[11.550s][debug][gc,phases      ] GC(516) Scrub String Table 0.066ms
[11.550s][debug][gc,age         ] GC(516) Desired survivor size 4194304 bytes, new threshold 1 (max threshold 15)
[11.550s][info ][gc,heap        ] GC(516) PSYoungGen: 14876K->2798K(17408K)
[11.550s][info ][gc,heap        ] GC(516) ParOldGen: 12865K->12881K(34816K)
[11.550s][info ][gc,metaspace   ] GC(516) Metaspace: 15860K->15860K(1064960K)
[11.550s][info ][gc             ] GC(516) Pause Young (Allocation Failure) 27M->15M(51M) 1.354ms
[11.550s][info ][gc,cpu         ] GC(516) User=0.00s Sys=0.00s Real=0.00s
[11.551s][info ][gc,start       ] GC(517) Pause Young (Allocation Failure)
[11.553s][debug][gc,phases      ] GC(517) Scavenge 1.343ms
[11.553s][debug][gc,phases      ] GC(517) Reference Processing 0.020ms
[11.553s][debug][gc,phases      ] GC(517) Weak Processing 0.011ms
[11.553s][debug][gc,phases      ] GC(517) Scrub String Table 0.067ms
[11.553s][debug][gc,age         ] GC(517) Desired survivor size 4194304 bytes, new threshold 1 (max threshold 15)
[11.553s][info ][gc,heap        ] GC(517) PSYoungGen: 16802K->845K(17408K)
[11.553s][info ][gc,heap        ] GC(517) ParOldGen: 12881K->13679K(34816K)
[11.553s][info ][gc,metaspace   ] GC(517) Metaspace: 15860K->15860K(1064960K)
[11.553s][info ][gc             ] GC(517) Pause Young (Allocation Failure) 28M->14M(51M) 1.626ms
[11.553s][info ][gc,cpu         ] GC(517) User=0.00s Sys=0.00s Real=0.00s
[11.554s][info ][gc,start       ] GC(518) Pause Young (Allocation Failure)
[11.555s][debug][gc,phases      ] GC(518) Scavenge 0.995ms
[11.555s][debug][gc,phases      ] GC(518) Reference Processing 0.019ms
[11.555s][debug][gc,phases      ] GC(518) Weak Processing 0.013ms
[11.555s][debug][gc,phases      ] GC(518) Scrub String Table 0.078ms
[11.555s][debug][gc,age         ] GC(518) Desired survivor size 3670016 bytes, new threshold 1 (max threshold 15)
[11.555s][info ][gc,heap        ] GC(518) PSYoungGen: 14027K->1626K(15360K)
[11.555s][info ][gc,heap        ] GC(518) ParOldGen: 13679K->13695K(34816K)
[11.555s][info ][gc,metaspace   ] GC(518) Metaspace: 15860K->15860K(1064960K)
[11.555s][info ][gc             ] GC(518) Pause Young (Allocation Failure) 27M->14M(49M) 1.297ms
[11.555s][info ][gc,cpu         ] GC(518) User=0.01s Sys=0.00s Real=0.00s
[11.557s][info ][gc,start       ] GC(519) Pause Young (Allocation Failure)
[11.558s][debug][gc,phases      ] GC(519) Scavenge 1.643ms
[11.558s][debug][gc,phases      ] GC(519) Reference Processing 0.027ms
[11.558s][debug][gc,phases      ] GC(519) Weak Processing 0.015ms
[11.559s][debug][gc,phases      ] GC(519) Scrub String Table 0.083ms
[11.559s][debug][gc,age         ] GC(519) Desired survivor size 3670016 bytes, new threshold 1 (max threshold 15)
[11.559s][info ][gc,heap        ] GC(519) PSYoungGen: 14834K->1267K(16896K)
[11.559s][info ][gc,heap        ] GC(519) ParOldGen: 13695K->13711K(34816K)
[11.559s][info ][gc,metaspace   ] GC(519) Metaspace: 15860K->15860K(1064960K)
[11.559s][info ][gc             ] GC(519) Pause Young (Allocation Failure) 27M->14M(50M) 2.011ms
[11.559s][info ][gc,cpu         ] GC(519) User=0.01s Sys=0.00s Real=0.00s
[11.560s][info ][gc,start       ] GC(520) Pause Young (Allocation Failure)
[11.561s][debug][gc,phases      ] GC(520) Scavenge 1.049ms
[11.561s][debug][gc,phases      ] GC(520) Reference Processing 0.019ms
[11.561s][debug][gc,phases      ] GC(520) Weak Processing 0.010ms
[11.561s][debug][gc,phases      ] GC(520) Scrub String Table 0.066ms
[11.561s][debug][gc,age         ] GC(520) Desired survivor size 4194304 bytes, new threshold 1 (max threshold 15)
[11.561s][info ][gc,heap        ] GC(520) PSYoungGen: 14419K->2894K(16896K)
[11.561s][info ][gc,heap        ] GC(520) ParOldGen: 13711K->13751K(34816K)
[11.561s][info ][gc,metaspace   ] GC(520) Metaspace: 15860K->15860K(1064960K)
[11.561s][info ][gc             ] GC(520) Pause Young (Allocation Failure) 27M->16M(50M) 1.329ms
[11.561s][info ][gc,cpu         ] GC(520) User=0.01s Sys=0.00s Real=0.00s
[11.562s][info ][gc,start       ] GC(521) Pause Young (Allocation Failure)
[11.564s][debug][gc,phases      ] GC(521) Scavenge 1.358ms
[11.564s][debug][gc,phases      ] GC(521) Reference Processing 0.021ms
[11.564s][debug][gc,phases      ] GC(521) Weak Processing 0.012ms
[11.564s][debug][gc,phases      ] GC(521) Scrub String Table 0.067ms
[11.564s][debug][gc,age         ] GC(521) Desired survivor size 4194304 bytes, new threshold 1 (max threshold 15)
[11.564s][info ][gc,heap        ] GC(521) PSYoungGen: 16082K->2471K(17408K)
[11.564s][info ][gc,heap        ] GC(521) ParOldGen: 13751K->13759K(34816K)
[11.564s][info ][gc,metaspace   ] GC(521) Metaspace: 15860K->15860K(1064960K)
[11.564s][info ][gc             ] GC(521) Pause Young (Allocation Failure) 29M->15M(51M) 1.691ms
[11.564s][info ][gc,cpu         ] GC(521) User=0.00s Sys=0.00s Real=0.00s
[11.565s][info ][gc,start       ] GC(522) Pause Young (Allocation Failure)
[11.566s][debug][gc,phases      ] GC(522) Scavenge 0.759ms
[11.566s][debug][gc,phases      ] GC(522) Reference Processing 0.019ms
[11.566s][debug][gc,phases      ] GC(522) Weak Processing 0.010ms
[11.566s][debug][gc,phases      ] GC(522) Scrub String Table 0.067ms
[11.566s][debug][gc,age         ] GC(522) Desired survivor size 4194304 bytes, new threshold 1 (max threshold 15)
[11.566s][info ][gc,heap        ] GC(522) PSYoungGen: 15543K->128K(17408K)
[11.566s][info ][gc,heap        ] GC(522) ParOldGen: 13759K->14978K(34816K)
[11.566s][info ][gc,metaspace   ] GC(522) Metaspace: 15860K->15860K(1064960K)
[11.566s][info ][gc             ] GC(522) Pause Young (Allocation Failure) 28M->14M(51M) 1.033ms
[11.566s][info ][gc,cpu         ] GC(522) User=0.00s Sys=0.00s Real=0.01s
[11.568s][info ][gc,start       ] GC(523) Pause Young (Allocation Failure)
[11.569s][debug][gc,phases      ] GC(523) Scavenge 1.521ms
[11.569s][debug][gc,phases      ] GC(523) Reference Processing 0.019ms
[11.569s][debug][gc,phases      ] GC(523) Weak Processing 0.010ms
[11.569s][debug][gc,phases      ] GC(523) Scrub String Table 0.066ms
[11.569s][debug][gc,age         ] GC(523) Desired survivor size 4194304 bytes, new threshold 1 (max threshold 15)
[11.569s][info ][gc,heap        ] GC(523) PSYoungGen: 13147K->877K(17408K)
[11.569s][info ][gc,heap        ] GC(523) ParOldGen: 14978K->14994K(34816K)
[11.569s][info ][gc,metaspace   ] GC(523) Metaspace: 15860K->15860K(1064960K)
[11.569s][info ][gc             ] GC(523) Pause Young (Allocation Failure) 27M->15M(51M) 1.791ms
[11.569s][info ][gc,cpu         ] GC(523) User=0.00s Sys=0.01s Real=0.00s
[11.571s][info ][gc,start       ] GC(524) Pause Young (Allocation Failure)
[11.572s][debug][gc,phases      ] GC(524) Scavenge 1.516ms
[11.572s][debug][gc,phases      ] GC(524) Reference Processing 0.018ms
[11.572s][debug][gc,phases      ] GC(524) Weak Processing 0.010ms
[11.572s][debug][gc,phases      ] GC(524) Scrub String Table 0.066ms
[11.572s][debug][gc,age         ] GC(524) Desired survivor size 4194304 bytes, new threshold 1 (max threshold 15)
[11.572s][info ][gc,heap        ] GC(524) PSYoungGen: 13908K->877K(17408K)
[11.572s][info ][gc,heap        ] GC(524) ParOldGen: 14994K->15010K(34816K)
[11.572s][info ][gc,metaspace   ] GC(524) Metaspace: 15860K->15860K(1064960K)
[11.572s][info ][gc             ] GC(524) Pause Young (Allocation Failure) 28M->15M(51M) 1.776ms
[11.572s][info ][gc,cpu         ] GC(524) User=0.01s Sys=0.00s Real=0.00s
[11.574s][info ][gc,start       ] GC(525) Pause Young (Allocation Failure)
[11.575s][debug][gc,phases      ] GC(525) Scavenge 0.922ms
[11.575s][debug][gc,phases      ] GC(525) Reference Processing 0.017ms
[11.575s][debug][gc,phases      ] GC(525) Weak Processing 0.011ms
[11.575s][debug][gc,phases      ] GC(525) Scrub String Table 0.067ms
[11.575s][debug][gc,age         ] GC(525) Desired survivor size 3670016 bytes, new threshold 1 (max threshold 15)
[11.575s][info ][gc,heap        ] GC(525) PSYoungGen: 13923K->454K(16384K)
[11.575s][info ][gc,heap        ] GC(525) ParOldGen: 15010K->15018K(34816K)
[11.575s][info ][gc,metaspace   ] GC(525) Metaspace: 15860K->15860K(1064960K)
[11.575s][info ][gc             ] GC(525) Pause Young (Allocation Failure) 28M->15M(50M) 1.256ms
[11.575s][info ][gc,cpu         ] GC(525) User=0.00s Sys=0.00s Real=0.00s
[11.576s][info ][gc,start       ] GC(526) Pause Young (Allocation Failure)
[11.577s][debug][gc,phases      ] GC(526) Scavenge 1.035ms
[11.577s][debug][gc,phases      ] GC(526) Reference Processing 0.019ms
[11.577s][debug][gc,phases      ] GC(526) Weak Processing 0.010ms
[11.577s][debug][gc,phases      ] GC(526) Scrub String Table 0.065ms
[11.577s][debug][gc,age         ] GC(526) Desired survivor size 3670016 bytes, new threshold 1 (max threshold 15)
[11.577s][info ][gc,heap        ] GC(526) PSYoungGen: 13530K->486K(16896K)
[11.577s][info ][gc,heap        ] GC(526) ParOldGen: 15018K->15026K(34816K)
[11.577s][info ][gc,metaspace   ] GC(526) Metaspace: 15860K->15860K(1064960K)
[11.577s][info ][gc             ] GC(526) Pause Young (Allocation Failure) 27M->15M(50M) 1.326ms
[11.577s][info ][gc,cpu         ] GC(526) User=0.00s Sys=0.00s Real=0.01s
[11.578s][info ][gc,start       ] GC(527) Pause Young (Allocation Failure)
[11.581s][debug][gc,phases      ] GC(527) Scavenge 2.072ms
[11.581s][debug][gc,phases      ] GC(527) Reference Processing 0.023ms
[11.581s][debug][gc,phases      ] GC(527) Weak Processing 0.012ms
[11.581s][debug][gc,phases      ] GC(527) Scrub String Table 0.092ms
[11.581s][debug][gc,age         ] GC(527) Desired survivor size 3670016 bytes, new threshold 1 (max threshold 15)
[11.581s][info ][gc,heap        ] GC(527) PSYoungGen: 13455K->2049K(17920K)
[11.581s][info ][gc,heap        ] GC(527) ParOldGen: 15026K->15034K(34816K)
[11.581s][info ][gc,metaspace   ] GC(527) Metaspace: 15860K->15860K(1064960K)
[11.581s][info ][gc             ] GC(527) Pause Young (Allocation Failure) 27M->16M(51M) 2.425ms
[11.581s][info ][gc,cpu         ] GC(527) User=0.01s Sys=0.00s Real=0.00s
[11.582s][info ][gc,start       ] GC(528) Pause Young (Allocation Failure)
[11.583s][debug][gc,phases      ] GC(528) Scavenge 1.286ms
[11.583s][debug][gc,phases      ] GC(528) Reference Processing 0.020ms
[11.583s][debug][gc,phases      ] GC(528) Weak Processing 0.010ms
[11.583s][debug][gc,phases      ] GC(528) Scrub String Table 0.067ms
[11.583s][debug][gc,age         ] GC(528) Desired survivor size 4194304 bytes, new threshold 1 (max threshold 15)
[11.583s][info ][gc,heap        ] GC(528) PSYoungGen: 16146K->2049K(16896K)
[11.583s][info ][gc,heap        ] GC(528) ParOldGen: 15034K->15042K(34816K)
[11.583s][info ][gc,metaspace   ] GC(528) Metaspace: 15860K->15860K(1064960K)
[11.583s][info ][gc             ] GC(528) Pause Young (Allocation Failure) 30M->16M(50M) 1.570ms
[11.583s][info ][gc,cpu         ] GC(528) User=0.01s Sys=0.00s Real=0.00s
[11.585s][info ][gc,start       ] GC(529) Pause Young (Allocation Failure)
[11.586s][debug][gc,phases      ] GC(529) Scavenge 1.014ms
[11.586s][debug][gc,phases      ] GC(529) Reference Processing 0.018ms
[11.586s][debug][gc,phases      ] GC(529) Weak Processing 0.010ms
[11.586s][debug][gc,phases      ] GC(529) Scrub String Table 0.066ms
[11.586s][debug][gc,age         ] GC(529) Desired survivor size 3670016 bytes, new threshold 1 (max threshold 15)
[11.586s][info ][gc,heap        ] GC(529) PSYoungGen: 16309K->454K(17920K)
[11.586s][info ][gc,heap        ] GC(529) ParOldGen: 15042K->15848K(34816K)
[11.586s][info ][gc,metaspace   ] GC(529) Metaspace: 15860K->15860K(1064960K)
[11.586s][info ][gc             ] GC(529) Pause Young (Allocation Failure) 30M->15M(51M) 1.299ms
[11.586s][info ][gc,cpu         ] GC(529) User=0.01s Sys=0.00s Real=0.00s
[11.587s][info ][gc,start       ] GC(530) Pause Young (Allocation Failure)
[11.589s][debug][gc,phases      ] GC(530) Scavenge 1.563ms
[11.589s][debug][gc,phases      ] GC(530) Reference Processing 0.018ms
[11.589s][debug][gc,phases      ] GC(530) Weak Processing 0.010ms
[11.589s][debug][gc,phases      ] GC(530) Scrub String Table 0.066ms
[11.589s][debug][gc,age         ] GC(530) Desired survivor size 3670016 bytes, new threshold 1 (max threshold 15)
[11.589s][info ][gc,heap        ] GC(530) PSYoungGen: 14272K->486K(17408K)
[11.589s][info ][gc,heap        ] GC(530) ParOldGen: 15848K->15872K(34816K)
[11.589s][info ][gc,metaspace   ] GC(530) Metaspace: 15860K->15860K(1064960K)
[11.589s][info ][gc             ] GC(530) Pause Young (Allocation Failure) 29M->15M(51M) 1.865ms
[11.589s][info ][gc,cpu         ] GC(530) User=0.01s Sys=0.00s Real=0.00s
[11.590s][info ][gc,start       ] GC(531) Pause Young (Allocation Failure)
[11.591s][debug][gc,phases      ] GC(531) Scavenge 1.031ms
[11.591s][debug][gc,phases      ] GC(531) Reference Processing 0.019ms
[11.591s][debug][gc,phases      ] GC(531) Weak Processing 0.013ms
[11.591s][debug][gc,phases      ] GC(531) Scrub String Table 0.075ms
[11.591s][debug][gc,age         ] GC(531) Desired survivor size 3670016 bytes, new threshold 1 (max threshold 15)
[11.591s][info ][gc,heap        ] GC(531) PSYoungGen: 14307K->1299K(17408K)
[11.591s][info ][gc,heap        ] GC(531) ParOldGen: 15872K->15896K(34816K)
[11.591s][info ][gc,metaspace   ] GC(531) Metaspace: 15860K->15860K(1064960K)
[11.591s][info ][gc             ] GC(531) Pause Young (Allocation Failure) 29M->16M(51M) 1.371ms
[11.591s][info ][gc,cpu         ] GC(531) User=0.01s Sys=0.00s Real=0.00s
[11.593s][info ][gc,start       ] GC(532) Pause Young (Allocation Failure)
[11.594s][debug][gc,phases      ] GC(532) Scavenge 1.587ms
[11.594s][debug][gc,phases      ] GC(532) Reference Processing 0.019ms
[11.594s][debug][gc,phases      ] GC(532) Weak Processing 0.010ms
[11.595s][debug][gc,phases      ] GC(532) Scrub String Table 0.064ms
[11.595s][debug][gc,age         ] GC(532) Desired survivor size 3670016 bytes, new threshold 1 (max threshold 15)
[11.595s][info ][gc,heap        ] GC(532) PSYoungGen: 14977K->2439K(17408K)
[11.595s][info ][gc,heap        ] GC(532) ParOldGen: 15896K->15920K(34816K)
[11.595s][info ][gc,metaspace   ] GC(532) Metaspace: 15860K->15860K(1064960K)
[11.595s][info ][gc             ] GC(532) Pause Young (Allocation Failure) 30M->17M(51M) 1.853ms
[11.595s][info ][gc,cpu         ] GC(532) User=0.00s Sys=0.00s Real=0.00s
[11.596s][info ][gc,start       ] GC(533) Pause Young (Allocation Failure)
[11.597s][debug][gc,phases      ] GC(533) Scavenge 1.513ms
[11.597s][debug][gc,phases      ] GC(533) Reference Processing 0.024ms
[11.597s][debug][gc,phases      ] GC(533) Weak Processing 0.013ms
[11.598s][debug][gc,phases      ] GC(533) Scrub String Table 0.069ms
[11.598s][debug][gc,age         ] GC(533) Desired survivor size 3670016 bytes, new threshold 1 (max threshold 15)
[11.598s][info ][gc,heap        ] GC(533) PSYoungGen: 16073K->1235K(17920K)
[11.598s][info ][gc,heap        ] GC(533) ParOldGen: 15920K->17108K(34816K)
[11.598s][info ][gc,metaspace   ] GC(533) Metaspace: 15860K->15860K(1064960K)
[11.598s][info ][gc             ] GC(533) Pause Young (Allocation Failure) 31M->17M(51M) 1.846ms
[11.598s][info ][gc,cpu         ] GC(533) User=0.00s Sys=0.00s Real=0.01s
[11.599s][info ][gc,start       ] GC(534) Pause Young (Allocation Failure)
[11.600s][debug][gc,phases      ] GC(534) Scavenge 0.979ms
[11.600s][debug][gc,phases      ] GC(534) Reference Processing 0.018ms
[11.600s][debug][gc,phases      ] GC(534) Weak Processing 0.010ms
[11.600s][debug][gc,phases      ] GC(534) Scrub String Table 0.067ms
[11.600s][debug][gc,age         ] GC(534) Desired survivor size 3670016 bytes, new threshold 1 (max threshold 15)
[11.600s][info ][gc,heap        ] GC(534) PSYoungGen: 15224K->1331K(17920K)
[11.600s][info ][gc,heap        ] GC(534) ParOldGen: 17108K->17514K(34816K)
[11.600s][info ][gc,metaspace   ] GC(534) Metaspace: 15860K->15860K(1064960K)
[11.600s][info ][gc             ] GC(534) Pause Young (Allocation Failure) 31M->18M(51M) 1.242ms
[11.600s][info ][gc,cpu         ] GC(534) User=0.01s Sys=0.00s Real=0.00s
[11.601s][info ][gc,start       ] GC(535) Pause Young (Allocation Failure)
[11.603s][debug][gc,phases      ] GC(535) Scavenge 1.150ms
[11.603s][debug][gc,phases      ] GC(535) Reference Processing 0.026ms
[11.603s][debug][gc,phases      ] GC(535) Weak Processing 0.014ms
[11.603s][debug][gc,phases      ] GC(535) Scrub String Table 0.078ms
[11.603s][debug][gc,age         ] GC(535) Desired survivor size 3670016 bytes, new threshold 1 (max threshold 15)
[11.603s][info ][gc,heap        ] GC(535) PSYoungGen: 15562K->454K(17920K)
[11.603s][info ][gc,heap        ] GC(535) ParOldGen: 17514K->18336K(34816K)
[11.603s][info ][gc,metaspace   ] GC(535) Metaspace: 15860K->15860K(1064960K)
[11.603s][info ][gc             ] GC(535) Pause Young (Allocation Failure) 32M->18M(51M) 1.572ms
[11.603s][info ][gc,cpu         ] GC(535) User=0.01s Sys=0.00s Real=0.00s
[11.605s][info ][gc,start       ] GC(536) Pause Young (Allocation Failure)
[11.606s][debug][gc,phases      ] GC(536) Scavenge 1.225ms
[11.606s][debug][gc,phases      ] GC(536) Reference Processing 0.019ms
[11.606s][debug][gc,phases      ] GC(536) Weak Processing 0.011ms
[11.606s][debug][gc,phases      ] GC(536) Scrub String Table 0.068ms
[11.606s][debug][gc,age         ] GC(536) Desired survivor size 3145728 bytes, new threshold 1 (max threshold 15)
[11.606s][info ][gc,heap        ] GC(536) PSYoungGen: 14701K->877K(15360K)
[11.606s][info ][gc,heap        ] GC(536) ParOldGen: 18336K->18344K(34816K)
[11.606s][info ][gc,metaspace   ] GC(536) Metaspace: 15860K->15860K(1064960K)
[11.606s][info ][gc             ] GC(536) Pause Young (Allocation Failure) 32M->18M(49M) 1.525ms
[11.606s][info ][gc,cpu         ] GC(536) User=0.01s Sys=0.00s Real=0.00s
[11.608s][info ][gc,start       ] GC(537) Pause Young (Allocation Failure)
[11.610s][debug][gc,phases      ] GC(537) Scavenge 1.284ms
[11.610s][debug][gc,phases      ] GC(537) Reference Processing 0.028ms
[11.610s][debug][gc,phases      ] GC(537) Weak Processing 0.015ms
[11.610s][debug][gc,phases      ] GC(537) Scrub String Table 0.085ms
[11.610s][debug][gc,age         ] GC(537) Desired survivor size 3145728 bytes, new threshold 1 (max threshold 15)
[11.610s][info ][gc,heap        ] GC(537) PSYoungGen: 15189K->1658K(17408K)
[11.610s][info ][gc,heap        ] GC(537) ParOldGen: 18344K->18750K(34816K)
[11.610s][info ][gc,metaspace   ] GC(537) Metaspace: 15860K->15860K(1064960K)
[11.610s][info ][gc             ] GC(537) Pause Young (Allocation Failure) 32M->19M(51M) 1.729ms
[11.610s][info ][gc,cpu         ] GC(537) User=0.00s Sys=0.00s Real=0.00s
[11.611s][info ][gc,start       ] GC(538) Pause Young (Allocation Failure)
[11.612s][debug][gc,phases      ] GC(538) Scavenge 0.970ms
[11.612s][debug][gc,phases      ] GC(538) Reference Processing 0.031ms
[11.612s][debug][gc,phases      ] GC(538) Weak Processing 0.018ms
[11.612s][debug][gc,phases      ] GC(538) Scrub String Table 0.077ms
[11.612s][debug][gc,age         ] GC(538) Desired survivor size 3670016 bytes, new threshold 1 (max threshold 15)
[11.612s][info ][gc,heap        ] GC(538) PSYoungGen: 15748K->2145K(17408K)
[11.612s][info ][gc,heap        ] GC(538) ParOldGen: 18750K->18750K(34816K)
[11.612s][info ][gc,metaspace   ] GC(538) Metaspace: 15860K->15860K(1064960K)
[11.613s][info ][gc             ] GC(538) Pause Young (Allocation Failure) 33M->20M(51M) 1.372ms
[11.613s][info ][gc,cpu         ] GC(538) User=0.00s Sys=0.00s Real=0.00s
[11.614s][info ][gc,start       ] GC(539) Pause Young (Allocation Failure)
[11.615s][debug][gc,phases      ] GC(539) Scavenge 1.309ms
[11.615s][debug][gc,phases      ] GC(539) Reference Processing 0.028ms
[11.615s][debug][gc,phases      ] GC(539) Weak Processing 0.017ms
[11.616s][debug][gc,phases      ] GC(539) Scrub String Table 0.089ms
[11.616s][debug][gc,age         ] GC(539) Desired survivor size 3145728 bytes, new threshold 1 (max threshold 15)
[11.616s][info ][gc,heap        ] GC(539) PSYoungGen: 16222K->1690K(17920K)
[11.616s][info ][gc,heap        ] GC(539) ParOldGen: 18750K->18766K(34816K)
[11.616s][info ][gc,metaspace   ] GC(539) Metaspace: 15860K->15860K(1064960K)
[11.616s][info ][gc             ] GC(539) Pause Young (Allocation Failure) 34M->19M(51M) 2.475ms
[11.616s][info ][gc,cpu         ] GC(539) User=0.01s Sys=0.00s Real=0.01s
[11.618s][info ][gc,start       ] GC(540) Pause Young (Allocation Failure)
[11.618s][debug][gc,phases      ] GC(540) Scavenge 0.566ms
[11.618s][debug][gc,phases      ] GC(540) Reference Processing 0.020ms
[11.618s][debug][gc,phases      ] GC(540) Weak Processing 0.010ms
[11.618s][debug][gc,phases      ] GC(540) Scrub String Table 0.069ms
[11.618s][debug][gc,age         ] GC(540) Desired survivor size 3145728 bytes, new threshold 1 (max threshold 15)
[11.618s][info ][gc,heap        ] GC(540) PSYoungGen: 16522K->1754K(17920K)
[11.618s][info ][gc,heap        ] GC(540) ParOldGen: 18766K->19197K(34816K)
[11.618s][info ][gc,metaspace   ] GC(540) Metaspace: 15860K->15860K(1064960K)
[11.618s][info ][gc             ] GC(540) Pause Young (Allocation Failure) 34M->20M(51M) 0.869ms
[11.618s][info ][gc,cpu         ] GC(540) User=0.01s Sys=0.00s Real=0.00s
[11.620s][info ][gc,start       ] GC(541) Pause Young (Allocation Failure)
[11.621s][debug][gc,phases      ] GC(541) Scavenge 1.220ms
[11.621s][debug][gc,phases      ] GC(541) Reference Processing 0.020ms
[11.621s][debug][gc,phases      ] GC(541) Weak Processing 0.011ms
[11.621s][debug][gc,phases      ] GC(541) Scrub String Table 0.069ms
[11.621s][debug][gc,age         ] GC(541) Desired survivor size 3670016 bytes, new threshold 1 (max threshold 15)
[11.621s][info ][gc,heap        ] GC(541) PSYoungGen: 16593K->2894K(17408K)
[11.621s][info ][gc,heap        ] GC(541) ParOldGen: 19197K->19213K(34816K)
[11.621s][info ][gc,metaspace   ] GC(541) Metaspace: 15860K->15860K(1064960K)
[11.621s][info ][gc             ] GC(541) Pause Young (Allocation Failure) 34M->21M(51M) 1.504ms
[11.621s][info ][gc,cpu         ] GC(541) User=0.01s Sys=0.01s Real=0.00s
[11.623s][info ][gc,start       ] GC(542) Pause Young (Allocation Failure)
[11.625s][debug][gc,phases      ] GC(542) Scavenge 2.585ms
[11.625s][debug][gc,phases      ] GC(542) Reference Processing 0.021ms
[11.625s][debug][gc,phases      ] GC(542) Weak Processing 0.011ms
[11.625s][debug][gc,phases      ] GC(542) Scrub String Table 0.073ms
[11.625s][debug][gc,age         ] GC(542) Desired survivor size 3670016 bytes, new threshold 1 (max threshold 15)
[11.625s][info ][gc,heap        ] GC(542) PSYoungGen: 17230K->1235K(17920K)
[11.625s][info ][gc,heap        ] GC(542) ParOldGen: 19213K->19221K(34816K)
[11.626s][info ][gc,metaspace   ] GC(542) Metaspace: 15860K->15860K(1064960K)
[11.626s][info ][gc             ] GC(542) Pause Young (Allocation Failure) 35M->19M(51M) 2.886ms
[11.626s][info ][gc,cpu         ] GC(542) User=0.01s Sys=0.00s Real=0.00s
[11.627s][info ][gc,start       ] GC(543) Pause Young (Allocation Failure)
[11.629s][debug][gc,phases      ] GC(543) Scavenge 1.688ms
[11.629s][debug][gc,phases      ] GC(543) Reference Processing 0.020ms
[11.629s][debug][gc,phases      ] GC(543) Weak Processing 0.010ms
[11.629s][debug][gc,phases      ] GC(543) Scrub String Table 0.068ms
[11.629s][debug][gc,age         ] GC(543) Desired survivor size 3670016 bytes, new threshold 1 (max threshold 15)
[11.629s][info ][gc,heap        ] GC(543) PSYoungGen: 15241K->1658K(17920K)
[11.629s][info ][gc,heap        ] GC(543) ParOldGen: 19221K->19245K(34816K)
[11.629s][info ][gc,metaspace   ] GC(543) Metaspace: 15860K->15860K(1064960K)
[11.629s][info ][gc             ] GC(543) Pause Young (Allocation Failure) 33M->20M(51M) 1.985ms
[11.629s][info ][gc,cpu         ] GC(543) User=0.01s Sys=0.00s Real=0.00s
[11.630s][info ][gc,start       ] GC(544) Pause Young (Allocation Failure)
[11.631s][debug][gc,phases      ] GC(544) Scavenge 1.105ms
[11.632s][debug][gc,phases      ] GC(544) Reference Processing 0.020ms
[11.632s][debug][gc,phases      ] GC(544) Weak Processing 0.014ms
[11.632s][debug][gc,phases      ] GC(544) Scrub String Table 0.079ms
[11.632s][debug][gc,age         ] GC(544) Desired survivor size 3145728 bytes, new threshold 1 (max threshold 15)
[11.632s][info ][gc,heap        ] GC(544) PSYoungGen: 15958K->1690K(16384K)
[11.632s][info ][gc,heap        ] GC(544) ParOldGen: 19245K->19269K(34816K)
[11.632s][info ][gc,metaspace   ] GC(544) Metaspace: 15860K->15860K(1064960K)
[11.632s][info ][gc             ] GC(544) Pause Young (Allocation Failure) 34M->20M(50M) 1.524ms
[11.632s][info ][gc,cpu         ] GC(544) User=0.00s Sys=0.00s Real=0.00s
[11.633s][info ][gc,start       ] GC(545) Pause Young (Allocation Failure)
[11.635s][debug][gc,phases      ] GC(545) Scavenge 1.788ms
[11.635s][debug][gc,phases      ] GC(545) Reference Processing 0.018ms
[11.635s][debug][gc,phases      ] GC(545) Weak Processing 0.009ms
[11.635s][debug][gc,phases      ] GC(545) Scrub String Table 0.066ms
[11.635s][debug][gc,age         ] GC(545) Desired survivor size 3670016 bytes, new threshold 1 (max threshold 15)
[11.635s][info ][gc,heap        ] GC(545) PSYoungGen: 15693K->2830K(16896K)
[11.635s][info ][gc,heap        ] GC(545) ParOldGen: 19269K->19285K(34816K)
[11.635s][info ][gc,metaspace   ] GC(545) Metaspace: 15860K->15860K(1064960K)
[11.635s][info ][gc             ] GC(545) Pause Young (Allocation Failure) 34M->21M(50M) 2.084ms
[11.635s][info ][gc,cpu         ] GC(545) User=0.01s Sys=0.00s Real=0.00s
[11.637s][info ][gc,start       ] GC(546) Pause Young (Allocation Failure)
[11.637s][debug][gc,phases      ] GC(546) Scavenge 0.497ms
[11.637s][debug][gc,phases      ] GC(546) Reference Processing 0.020ms
[11.637s][debug][gc,phases      ] GC(546) Weak Processing 0.011ms
[11.637s][debug][gc,phases      ] GC(546) Scrub String Table 0.068ms
[11.637s][debug][gc,age         ] GC(546) Desired survivor size 3670016 bytes, new threshold 1 (max threshold 15)
[11.637s][info ][gc,heap        ] GC(546) PSYoungGen: 16654K->1395K(17408K)
[11.637s][info ][gc,heap        ] GC(546) ParOldGen: 19285K->20497K(34816K)
[11.637s][info ][gc,metaspace   ] GC(546) Metaspace: 15860K->15860K(1064960K)
[11.637s][info ][gc             ] GC(546) Pause Young (Allocation Failure) 35M->21M(51M) 0.787ms
[11.637s][info ][gc,cpu         ] GC(546) User=0.01s Sys=0.00s Real=0.00s
[11.639s][info ][gc,start       ] GC(547) Pause Young (Allocation Failure)
[11.640s][debug][gc,phases      ] GC(547) Scavenge 1.202ms
[11.640s][debug][gc,phases      ] GC(547) Reference Processing 0.019ms
[11.640s][debug][gc,phases      ] GC(547) Weak Processing 0.010ms
[11.640s][debug][gc,phases      ] GC(547) Scrub String Table 0.069ms
[11.640s][debug][gc,age         ] GC(547) Desired survivor size 3670016 bytes, new threshold 1 (max threshold 15)
[11.640s][info ][gc,heap        ] GC(547) PSYoungGen: 14943K->1267K(17920K)
[11.640s][info ][gc,heap        ] GC(547) ParOldGen: 20497K->20895K(34816K)
[11.640s][info ][gc,metaspace   ] GC(547) Metaspace: 15860K->15860K(1064960K)
[11.640s][info ][gc             ] GC(547) Pause Young (Allocation Failure) 34M->21M(51M) 1.484ms
[11.640s][info ][gc,cpu         ] GC(547) User=0.01s Sys=0.00s Real=0.00s
[11.641s][info ][gc,start       ] GC(548) Pause Young (Allocation Failure)
[11.643s][debug][gc,phases      ] GC(548) Scavenge 1.516ms
[11.643s][debug][gc,phases      ] GC(548) Reference Processing 0.020ms
[11.643s][debug][gc,phases      ] GC(548) Weak Processing 0.011ms
[11.643s][debug][gc,phases      ] GC(548) Scrub String Table 0.068ms
[11.643s][debug][gc,age         ] GC(548) Desired survivor size 3670016 bytes, new threshold 1 (max threshold 15)
[11.643s][info ][gc,heap        ] GC(548) PSYoungGen: 15557K->486K(17920K)
[11.643s][info ][gc,heap        ] GC(548) ParOldGen: 20895K->21701K(34816K)
[11.643s][info ][gc,metaspace   ] GC(548) Metaspace: 15860K->15860K(1064960K)
[11.643s][info ][gc             ] GC(548) Pause Young (Allocation Failure) 35M->21M(51M) 1.799ms
[11.643s][info ][gc,cpu         ] GC(548) User=0.01s Sys=0.00s Real=0.00s
[11.644s][info ][gc,start       ] GC(549) Pause Young (Allocation Failure)
[11.646s][debug][gc,phases      ] GC(549) Scavenge 1.661ms
[11.646s][debug][gc,phases      ] GC(549) Reference Processing 0.026ms
[11.646s][debug][gc,phases      ] GC(549) Weak Processing 0.017ms
[11.646s][debug][gc,phases      ] GC(549) Scrub String Table 0.084ms
[11.646s][debug][gc,age         ] GC(549) Desired survivor size 3670016 bytes, new threshold 1 (max threshold 15)
[11.646s][info ][gc,heap        ] GC(549) PSYoungGen: 14720K->877K(17920K)
[11.646s][info ][gc,heap        ] GC(549) ParOldGen: 21701K->21709K(34816K)
[11.646s][info ][gc,metaspace   ] GC(549) Metaspace: 15860K->15860K(1064960K)
[11.646s][info ][gc             ] GC(549) Pause Young (Allocation Failure) 35M->22M(51M) 2.074ms
[11.646s][info ][gc,cpu         ] GC(549) User=0.01s Sys=0.00s Real=0.01s
[11.648s][info ][gc,start       ] GC(550) Pause Young (Allocation Failure)
[11.648s][debug][gc,phases      ] GC(550) Scavenge 0.767ms
[11.648s][debug][gc,phases      ] GC(550) Reference Processing 0.020ms
[11.648s][debug][gc,phases      ] GC(550) Weak Processing 0.010ms
[11.649s][debug][gc,phases      ] GC(550) Scrub String Table 0.068ms
[11.649s][debug][gc,age         ] GC(550) Desired survivor size 3145728 bytes, new threshold 1 (max threshold 15)
[11.649s][info ][gc,heap        ] GC(550) PSYoungGen: 14832K->1658K(16384K)
[11.649s][info ][gc,heap        ] GC(550) ParOldGen: 21709K->21717K(34816K)
[11.649s][info ][gc,metaspace   ] GC(550) Metaspace: 15860K->15860K(1064960K)
[11.649s][info ][gc             ] GC(550) Pause Young (Allocation Failure) 35M->22M(50M) 1.063ms
[11.649s][info ][gc,cpu         ] GC(550) User=0.00s Sys=0.00s Real=0.00s
[11.650s][info ][gc,start       ] GC(551) Pause Young (Allocation Failure)
[11.652s][debug][gc,phases      ] GC(551) Scavenge 1.663ms
[11.652s][debug][gc,phases      ] GC(551) Reference Processing 0.019ms
[11.652s][debug][gc,phases      ] GC(551) Weak Processing 0.011ms
[11.652s][debug][gc,phases      ] GC(551) Scrub String Table 0.067ms
[11.652s][debug][gc,age         ] GC(551) Desired survivor size 3145728 bytes, new threshold 1 (max threshold 15)
[11.652s][info ][gc,heap        ] GC(551) PSYoungGen: 15960K->1235K(17408K)
[11.652s][info ][gc,heap        ] GC(551) ParOldGen: 21717K->22123K(34816K)
[11.652s][info ][gc,metaspace   ] GC(551) Metaspace: 15860K->15860K(1064960K)
[11.652s][info ][gc             ] GC(551) Pause Young (Allocation Failure) 36M->22M(51M) 1.963ms
[11.652s][info ][gc,cpu         ] GC(551) User=0.00s Sys=0.00s Real=0.00s
[11.653s][info ][gc,start       ] GC(552) Pause Young (Allocation Failure)
[11.655s][debug][gc,phases      ] GC(552) Scavenge 1.636ms
[11.655s][debug][gc,phases      ] GC(552) Reference Processing 0.019ms
[11.655s][debug][gc,phases      ] GC(552) Weak Processing 0.013ms
[11.655s][debug][gc,phases      ] GC(552) Scrub String Table 0.078ms
[11.655s][debug][gc,age         ] GC(552) Desired survivor size 3145728 bytes, new threshold 1 (max threshold 15)
[11.655s][info ][gc,heap        ] GC(552) PSYoungGen: 15480K->1267K(17408K)
[11.655s][info ][gc,heap        ] GC(552) ParOldGen: 22123K->22139K(34816K)
[11.655s][info ][gc,metaspace   ] GC(552) Metaspace: 15860K->15860K(1064960K)
[11.655s][info ][gc             ] GC(552) Pause Young (Allocation Failure) 36M->22M(51M) 1.913ms
[11.655s][info ][gc,cpu         ] GC(552) User=0.00s Sys=0.00s Real=0.00s
[11.656s][info ][gc,start       ] GC(553) Pause Young (Allocation Failure)
[11.658s][debug][gc,phases      ] GC(553) Scavenge 1.000ms
[11.658s][debug][gc,phases      ] GC(553) Reference Processing 0.019ms
[11.658s][debug][gc,phases      ] GC(553) Weak Processing 0.013ms
[11.658s][debug][gc,phases      ] GC(553) Scrub String Table 0.074ms
[11.658s][debug][gc,age         ] GC(553) Desired survivor size 3145728 bytes, new threshold 1 (max threshold 15)
[11.658s][info ][gc,heap        ] GC(553) PSYoungGen: 15489K->160K(18432K)
[11.658s][info ][gc,heap        ] GC(553) ParOldGen: 22139K->22546K(34816K)
[11.658s][info ][gc,metaspace   ] GC(553) Metaspace: 15860K->15860K(1064960K)
[11.658s][info ][gc             ] GC(553) Pause Young (Allocation Failure) 36M->22M(52M) 1.299ms
[11.658s][info ][gc,cpu         ] GC(553) User=0.01s Sys=0.00s Real=0.00s
[11.659s][info ][gc,start       ] GC(554) Pause Young (Allocation Failure)
[11.660s][debug][gc,phases      ] GC(554) Scavenge 1.353ms
[11.660s][debug][gc,phases      ] GC(554) Reference Processing 0.019ms
[11.660s][debug][gc,phases      ] GC(554) Weak Processing 0.011ms
[11.660s][debug][gc,phases      ] GC(554) Scrub String Table 0.065ms
[11.661s][debug][gc,age         ] GC(554) Desired survivor size 3145728 bytes, new threshold 1 (max threshold 15)
[11.661s][info ][gc,heap        ] GC(554) PSYoungGen: 15174K->845K(18432K)
[11.661s][info ][gc,heap        ] GC(554) ParOldGen: 22546K->22562K(34816K)
[11.661s][info ][gc,metaspace   ] GC(554) Metaspace: 15860K->15860K(1064960K)
[11.661s][info ][gc             ] GC(554) Pause Young (Allocation Failure) 36M->22M(52M) 1.615ms
[11.661s][info ][gc,cpu         ] GC(554) User=0.01s Sys=0.00s Real=0.00s
[11.662s][info ][gc,start       ] GC(555) Pause Young (Allocation Failure)
[11.663s][debug][gc,phases      ] GC(555) Scavenge 0.960ms
[11.663s][debug][gc,phases      ] GC(555) Reference Processing 0.022ms
[11.663s][debug][gc,phases      ] GC(555) Weak Processing 0.012ms
[11.663s][debug][gc,phases      ] GC(555) Scrub String Table 0.072ms
[11.663s][debug][gc,age         ] GC(555) Desired survivor size 3670016 bytes, new threshold 1 (max threshold 15)
[11.663s][info ][gc,heap        ] GC(555) PSYoungGen: 15887K->2958K(17408K)
[11.663s][info ][gc,heap        ] GC(555) ParOldGen: 22562K->22961K(34816K)
[11.663s][info ][gc,metaspace   ] GC(555) Metaspace: 15860K->15860K(1064960K)
[11.663s][info ][gc             ] GC(555) Pause Young (Allocation Failure) 37M->25M(51M) 1.272ms
[11.663s][info ][gc,cpu         ] GC(555) User=0.01s Sys=0.00s Real=0.00s
[11.664s][info ][gc,start       ] GC(556) Pause Young (Allocation Failure)
[11.665s][debug][gc,phases      ] GC(556) Scavenge 0.848ms
[11.665s][debug][gc,phases      ] GC(556) Reference Processing 0.021ms
[11.665s][debug][gc,phases      ] GC(556) Weak Processing 0.011ms
[11.665s][debug][gc,phases      ] GC(556) Scrub String Table 0.068ms
[11.665s][debug][gc,age         ] GC(556) Desired survivor size 3670016 bytes, new threshold 1 (max threshold 15)
[11.665s][info ][gc,heap        ] GC(556) PSYoungGen: 17029K->2049K(17920K)
[11.665s][info ][gc,heap        ] GC(556) ParOldGen: 22961K->23766K(34816K)
[11.665s][info ][gc,metaspace   ] GC(556) Metaspace: 15860K->15860K(1064960K)
[11.665s][info ][gc             ] GC(556) Pause Young (Allocation Failure) 39M->25M(51M) 1.123ms
[11.665s][info ][gc,cpu         ] GC(556) User=0.00s Sys=0.00s Real=0.00s
[11.666s][info ][gc,start       ] GC(557) Pause Young (Allocation Failure)
[11.668s][debug][gc,phases      ] GC(557) Scavenge 1.425ms
[11.668s][debug][gc,phases      ] GC(557) Reference Processing 0.019ms
[11.668s][debug][gc,phases      ] GC(557) Weak Processing 0.010ms
[11.668s][debug][gc,phases      ] GC(557) Scrub String Table 0.066ms
[11.668s][debug][gc,age         ] GC(557) Desired survivor size 3670016 bytes, new threshold 1 (max threshold 15)
[11.668s][info ][gc,heap        ] GC(557) PSYoungGen: 16042K->2049K(17920K)
[11.668s][info ][gc,heap        ] GC(557) ParOldGen: 23766K->23782K(34816K)
[11.668s][info ][gc,metaspace   ] GC(557) Metaspace: 15860K->15860K(1064960K)
[11.668s][info ][gc             ] GC(557) Pause Young (Allocation Failure) 38M->25M(51M) 1.700ms
[11.668s][info ][gc,cpu         ] GC(557) User=0.01s Sys=0.00s Real=0.00s
[11.669s][info ][gc,start       ] GC(558) Pause Young (Allocation Failure)
[11.671s][debug][gc,phases      ] GC(558) Scavenge 1.101ms
[11.671s][debug][gc,phases      ] GC(558) Reference Processing 0.020ms
[11.671s][debug][gc,phases      ] GC(558) Weak Processing 0.010ms
[11.671s][debug][gc,phases      ] GC(558) Scrub String Table 0.066ms
[11.671s][debug][gc,age         ] GC(558) Desired survivor size 3670016 bytes, new threshold 1 (max threshold 15)
[11.671s][info ][gc,heap        ] GC(558) PSYoungGen: 16313K->1331K(17920K)
[11.671s][info ][gc,heap        ] GC(558) ParOldGen: 23782K->24595K(34816K)
[11.671s][info ][gc,metaspace   ] GC(558) Metaspace: 15860K->15860K(1064960K)
[11.671s][info ][gc             ] GC(558) Pause Young (Allocation Failure) 39M->25M(51M) 1.501ms
[11.671s][info ][gc,cpu         ] GC(558) User=0.01s Sys=0.00s Real=0.00s
[11.672s][info ][gc,start       ] GC(559) Pause Young (Allocation Failure)
[11.673s][debug][gc,phases      ] GC(559) Scavenge 0.986ms
[11.673s][debug][gc,phases      ] GC(559) Reference Processing 0.018ms
[11.673s][debug][gc,phases      ] GC(559) Weak Processing 0.012ms
[11.673s][debug][gc,phases      ] GC(559) Scrub String Table 0.069ms
[11.673s][debug][gc,age         ] GC(559) Desired survivor size 3670016 bytes, new threshold 1 (max threshold 15)
[11.673s][info ][gc,heap        ] GC(559) PSYoungGen: 15328K->2113K(17920K)
[11.673s][info ][gc,heap        ] GC(559) ParOldGen: 24595K->24595K(34816K)
[11.673s][info ][gc,metaspace   ] GC(559) Metaspace: 15860K->15860K(1064960K)
[11.673s][info ][gc             ] GC(559) Pause Young (Allocation Failure) 38M->26M(51M) 1.254ms
[11.673s][info ][gc,cpu         ] GC(559) User=0.01s Sys=0.00s Real=0.00s
[11.675s][info ][gc,start       ] GC(560) Pause Young (Allocation Failure)
[11.676s][debug][gc,phases      ] GC(560) Scavenge 1.152ms
[11.676s][debug][gc,phases      ] GC(560) Reference Processing 0.019ms
[11.676s][debug][gc,phases      ] GC(560) Weak Processing 0.010ms
[11.676s][debug][gc,phases      ] GC(560) Scrub String Table 0.064ms
[11.676s][debug][gc,age         ] GC(560) Desired survivor size 3670016 bytes, new threshold 1 (max threshold 15)
[11.676s][info ][gc,heap        ] GC(560) PSYoungGen: 16337K->486K(17920K)
[11.676s][info ][gc,heap        ] GC(560) ParOldGen: 24595K->25392K(34816K)
[11.676s][info ][gc,metaspace   ] GC(560) Metaspace: 15860K->15860K(1064960K)
[11.676s][info ][gc             ] GC(560) Pause Young (Allocation Failure) 39M->25M(51M) 1.423ms
[11.676s][info ][gc,cpu         ] GC(560) User=0.01s Sys=0.00s Real=0.00s
[11.677s][info ][gc,start       ] GC(561) Pause Young (Allocation Failure)
[11.679s][debug][gc,phases      ] GC(561) Scavenge 1.596ms
[11.679s][debug][gc,phases      ] GC(561) Reference Processing 0.031ms
[11.679s][debug][gc,phases      ] GC(561) Weak Processing 0.014ms
[11.679s][debug][gc,phases      ] GC(561) Scrub String Table 0.078ms
[11.679s][debug][gc,age         ] GC(561) Desired survivor size 3670016 bytes, new threshold 1 (max threshold 15)
[11.679s][info ][gc,heap        ] GC(561) PSYoungGen: 14550K->2049K(17920K)
[11.679s][info ][gc,heap        ] GC(561) ParOldGen: 25392K->25392K(34816K)
[11.679s][info ][gc,metaspace   ] GC(561) Metaspace: 15860K->15860K(1064960K)
[11.679s][info ][gc             ] GC(561) Pause Young (Allocation Failure) 39M->26M(51M) 1.973ms
[11.679s][info ][gc,cpu         ] GC(561) User=0.01s Sys=0.00s Real=0.00s
[11.680s][info ][gc,start       ] GC(562) Pause Young (Allocation Failure)
[11.682s][debug][gc,phases      ] GC(562) Scavenge 1.265ms
[11.682s][debug][gc,phases      ] GC(562) Reference Processing 0.019ms
[11.682s][debug][gc,phases      ] GC(562) Weak Processing 0.010ms
[11.682s][debug][gc,phases      ] GC(562) Scrub String Table 0.069ms
[11.682s][debug][gc,age         ] GC(562) Desired survivor size 3670016 bytes, new threshold 1 (max threshold 15)
[11.682s][info ][gc,heap        ] GC(562) PSYoungGen: 16074K->2113K(17920K)
[11.682s][info ][gc,heap        ] GC(562) ParOldGen: 25392K->26206K(34816K)
[11.682s][info ][gc,metaspace   ] GC(562) Metaspace: 15860K->15860K(1064960K)
[11.682s][info ][gc             ] GC(562) Pause Young (Allocation Failure) 40M->27M(51M) 1.541ms
[11.682s][info ][gc,cpu         ] GC(562) User=0.01s Sys=0.00s Real=0.00s
[11.683s][info ][gc,start       ] GC(563) Pause Young (Allocation Failure)
[11.684s][debug][gc,phases      ] GC(563) Scavenge 0.545ms
[11.684s][debug][gc,phases      ] GC(563) Reference Processing 0.020ms
[11.684s][debug][gc,phases      ] GC(563) Weak Processing 0.010ms
[11.684s][debug][gc,phases      ] GC(563) Scrub String Table 0.067ms
[11.684s][debug][gc,age         ] GC(563) Desired survivor size 3670016 bytes, new threshold 1 (max threshold 15)
[11.684s][info ][gc,heap        ] GC(563) PSYoungGen: 16305K->941K(17920K)
[11.684s][info ][gc,heap        ] GC(563) ParOldGen: 26206K->27035K(34816K)
[11.684s][info ][gc,metaspace   ] GC(563) Metaspace: 15860K->15860K(1064960K)
[11.684s][info ][gc             ] GC(563) Pause Young (Allocation Failure) 41M->27M(51M) 0.827ms
[11.684s][info ][gc,cpu         ] GC(563) User=0.00s Sys=0.00s Real=0.00s
[11.685s][info ][gc,start       ] GC(564) Pause Young (Allocation Failure)
[11.687s][debug][gc,phases      ] GC(564) Scavenge 1.632ms
[11.687s][debug][gc,phases      ] GC(564) Reference Processing 0.019ms
[11.687s][debug][gc,phases      ] GC(564) Weak Processing 0.012ms
[11.687s][debug][gc,phases      ] GC(564) Scrub String Table 0.071ms
[11.687s][debug][gc,age         ] GC(564) Desired survivor size 3670016 bytes, new threshold 1 (max threshold 15)
[11.687s][info ][gc,heap        ] GC(564) PSYoungGen: 15182K->845K(17920K)
[11.687s][info ][gc,heap        ] GC(564) ParOldGen: 27035K->27442K(34816K)
[11.687s][info ][gc,metaspace   ] GC(564) Metaspace: 15860K->15860K(1064960K)
[11.687s][info ][gc             ] GC(564) Pause Young (Allocation Failure) 41M->27M(51M) 1.920ms
[11.687s][info ][gc,cpu         ] GC(564) User=0.01s Sys=0.00s Real=0.01s
[11.688s][info ][gc,start       ] GC(565) Pause Young (Allocation Failure)
[11.689s][debug][gc,phases      ] GC(565) Scavenge 1.026ms
[11.689s][debug][gc,phases      ] GC(565) Reference Processing 0.026ms
[11.689s][debug][gc,phases      ] GC(565) Weak Processing 0.015ms
[11.689s][debug][gc,phases      ] GC(565) Scrub String Table 0.087ms
[11.689s][debug][gc,age         ] GC(565) Desired survivor size 3670016 bytes, new threshold 1 (max threshold 15)
[11.690s][info ][gc,heap        ] GC(565) PSYoungGen: 15081K->486K(17920K)
[11.690s][info ][gc,heap        ] GC(565) ParOldGen: 27442K->28239K(34816K)
[11.690s][info ][gc,metaspace   ] GC(565) Metaspace: 15860K->15860K(1064960K)
[11.690s][info ][gc             ] GC(565) Pause Young (Allocation Failure) 41M->28M(51M) 1.381ms
[11.690s][info ][gc,cpu         ] GC(565) User=0.00s Sys=0.00s Real=0.00s
[11.691s][info ][gc,start       ] GC(566) Pause Young (Allocation Failure)
[11.692s][debug][gc,phases      ] GC(566) Scavenge 0.907ms
[11.692s][debug][gc,phases      ] GC(566) Reference Processing 0.019ms
[11.692s][debug][gc,phases      ] GC(566) Weak Processing 0.010ms
[11.692s][debug][gc,phases      ] GC(566) Scrub String Table 0.065ms
[11.692s][debug][gc,age         ] GC(566) Desired survivor size 3670016 bytes, new threshold 1 (max threshold 15)
[11.692s][info ][gc,heap        ] GC(566) PSYoungGen: 14707K->909K(17920K)
[11.692s][info ][gc,heap        ] GC(566) ParOldGen: 28239K->28670K(34816K)
[11.692s][info ][gc,metaspace   ] GC(566) Metaspace: 15860K->15860K(1064960K)
[11.692s][info ][gc             ] GC(566) Pause Young (Allocation Failure) 41M->28M(51M) 1.188ms
[11.692s][info ][gc,cpu         ] GC(566) User=0.00s Sys=0.00s Real=0.00s
[11.693s][info ][gc,start       ] GC(567) Pause Young (Allocation Failure)
[11.694s][debug][gc,phases      ] GC(567) Scavenge 0.919ms
[11.694s][debug][gc,phases      ] GC(567) Reference Processing 0.019ms
[11.694s][debug][gc,phases      ] GC(567) Weak Processing 0.010ms
[11.694s][debug][gc,phases      ] GC(567) Scrub String Table 0.064ms
[11.694s][debug][gc,age         ] GC(567) Desired survivor size 3145728 bytes, new threshold 1 (max threshold 15)
[11.694s][info ][gc,heap        ] GC(567) PSYoungGen: 15174K->877K(16896K)
[11.694s][info ][gc,heap        ] GC(567) ParOldGen: 28670K->28678K(34816K)
[11.694s][info ][gc,metaspace   ] GC(567) Metaspace: 15860K->15860K(1064960K)
[11.694s][info ][gc             ] GC(567) Pause Young (Allocation Failure) 42M->28M(50M) 1.276ms
[11.694s][info ][gc,cpu         ] GC(567) User=0.00s Sys=0.00s Real=0.00s
[11.696s][info ][gc,start       ] GC(568) Pause Young (Allocation Failure)
[11.696s][debug][gc,phases      ] GC(568) Scavenge 0.451ms
[11.696s][debug][gc,phases      ] GC(568) Reference Processing 0.055ms
[11.696s][debug][gc,phases      ] GC(568) Weak Processing 0.017ms
[11.696s][debug][gc,phases      ] GC(568) Scrub String Table 0.093ms
[11.696s][debug][gc,age         ] GC(568) Desired survivor size 3145728 bytes, new threshold 1 (max threshold 15)
[11.696s][info ][gc,heap        ] GC(568) PSYoungGen: 15156K->877K(17408K)
[11.696s][info ][gc,heap        ] GC(568) ParOldGen: 28678K->29084K(34816K)
[11.696s][info ][gc,metaspace   ] GC(568) Metaspace: 15860K->15860K(1064960K)
[11.696s][info ][gc             ] GC(568) Pause Young (Allocation Failure) 42M->29M(51M) 0.883ms
[11.696s][info ][gc,cpu         ] GC(568) User=0.00s Sys=0.00s Real=0.01s
[11.698s][info ][gc,start       ] GC(569) Pause Young (Allocation Failure)
[11.699s][debug][gc,phases      ] GC(569) Scavenge 1.241ms
[11.699s][debug][gc,phases      ] GC(569) Reference Processing 0.020ms
[11.699s][debug][gc,phases      ] GC(569) Weak Processing 0.013ms
[11.699s][debug][gc,phases      ] GC(569) Scrub String Table 0.076ms
[11.699s][debug][gc,age         ] GC(569) Desired survivor size 3670016 bytes, new threshold 1 (max threshold 15)
[11.699s][info ][gc,heap        ] GC(569) PSYoungGen: 15081K->2439K(17408K)
[11.699s][info ][gc,heap        ] GC(569) ParOldGen: 29084K->29108K(34816K)
[11.699s][info ][gc,metaspace   ] GC(569) Metaspace: 15860K->15860K(1064960K)
[11.699s][info ][gc             ] GC(569) Pause Young (Allocation Failure) 43M->30M(51M) 1.532ms
[11.699s][info ][gc,cpu         ] GC(569) User=0.00s Sys=0.00s Real=0.00s
[11.700s][info ][gc,start       ] GC(570) Pause Young (Allocation Failure)
[11.702s][debug][gc,phases      ] GC(570) Scavenge 1.851ms
[11.702s][debug][gc,phases      ] GC(570) Reference Processing 0.018ms
[11.702s][debug][gc,phases      ] GC(570) Weak Processing 0.010ms
[11.702s][debug][gc,phases      ] GC(570) Scrub String Table 0.066ms
[11.702s][debug][gc,age         ] GC(570) Desired survivor size 3670016 bytes, new threshold 1 (max threshold 15)
[11.702s][info ][gc,heap        ] GC(570) PSYoungGen: 16636K->2830K(17920K)
[11.702s][info ][gc,heap        ] GC(570) ParOldGen: 29108K->29116K(34816K)
[11.702s][info ][gc,metaspace   ] GC(570) Metaspace: 15860K->15860K(1064960K)
[11.702s][info ][gc             ] GC(570) Pause Young (Allocation Failure) 44M->31M(51M) 2.116ms
[11.702s][info ][gc,cpu         ] GC(570) User=0.00s Sys=0.00s Real=0.00s
[11.704s][info ][gc,start       ] GC(571) Pause Young (Allocation Failure)
[11.705s][debug][gc,phases      ] GC(571) Scavenge 1.647ms
[11.705s][debug][gc,phases      ] GC(571) Reference Processing 0.019ms
[11.705s][debug][gc,phases      ] GC(571) Weak Processing 0.010ms
[11.705s][debug][gc,phases      ] GC(571) Scrub String Table 0.065ms
[11.705s][debug][gc,age         ] GC(571) Desired survivor size 4194304 bytes, new threshold 1 (max threshold 15)
[11.705s][info ][gc,heap        ] GC(571) PSYoungGen: 16940K->2439K(16896K)
[11.705s][info ][gc,heap        ] GC(571) ParOldGen: 29116K->29124K(34816K)
[11.705s][info ][gc,metaspace   ] GC(571) Metaspace: 15860K->15860K(1064960K)
[11.705s][info ][gc             ] GC(571) Pause Young (Allocation Failure) 44M->30M(50M) 1.914ms
[11.705s][info ][gc,cpu         ] GC(571) User=0.01s Sys=0.00s Real=0.00s
[11.706s][info ][gc,start       ] GC(572) Pause Young (Allocation Failure)
[11.708s][debug][gc,phases      ] GC(572) Scavenge 0.938ms
[11.708s][debug][gc,phases      ] GC(572) Reference Processing 0.017ms
[11.708s][debug][gc,phases      ] GC(572) Weak Processing 0.010ms
[11.708s][debug][gc,phases      ] GC(572) Scrub String Table 0.066ms
[11.708s][debug][gc,age         ] GC(572) Desired survivor size 4194304 bytes, new threshold 1 (max threshold 15)
[11.708s][info ][gc,heap        ] GC(572) PSYoungGen: 15685K->582K(17408K)
[11.708s][info ][gc,heap        ] GC(572) ParOldGen: 29124K->29124K(34816K)
[11.708s][info ][gc,metaspace   ] GC(572) Metaspace: 15860K->15860K(1064960K)
[11.708s][info ][gc             ] GC(572) Pause Young (Allocation Failure) 43M->29M(51M) 1.212ms
[11.708s][info ][gc,cpu         ] GC(572) User=0.00s Sys=0.00s Real=0.00s
[11.709s][info ][gc,start       ] GC(573) Pause Young (Allocation Failure)
[11.710s][debug][gc,phases      ] GC(573) Scavenge 1.563ms
[11.711s][debug][gc,phases      ] GC(573) Reference Processing 0.018ms
[11.711s][debug][gc,phases      ] GC(573) Weak Processing 0.009ms
[11.711s][debug][gc,phases      ] GC(573) Scrub String Table 0.064ms
[11.711s][debug][gc,age         ] GC(573) Desired survivor size 4194304 bytes, new threshold 1 (max threshold 15)
[11.711s][info ][gc,heap        ] GC(573) PSYoungGen: 13604K->486K(17408K)
[11.711s][info ][gc,heap        ] GC(573) ParOldGen: 29124K->29148K(34816K)
[11.711s][info ][gc,metaspace   ] GC(573) Metaspace: 15860K->15860K(1064960K)
[11.711s][info ][gc             ] GC(573) Pause Young (Allocation Failure) 41M->28M(51M) 1.817ms
[11.711s][info ][gc,cpu         ] GC(573) User=0.01s Sys=0.00s Real=0.00s
[11.712s][info ][gc,start       ] GC(574) Pause Young (Allocation Failure)
[11.712s][debug][gc,phases      ] GC(574) Scavenge 0.490ms
[11.712s][debug][gc,phases      ] GC(574) Reference Processing 0.026ms
[11.712s][debug][gc,phases      ] GC(574) Weak Processing 0.014ms
[11.713s][debug][gc,phases      ] GC(574) Scrub String Table 0.097ms
[11.713s][debug][gc,age         ] GC(574) Desired survivor size 3670016 bytes, new threshold 1 (max threshold 15)
[11.713s][info ][gc,heap        ] GC(574) PSYoungGen: 13530K->877K(14336K)
[11.713s][info ][gc,heap        ] GC(574) ParOldGen: 29148K->29164K(34816K)
[11.713s][info ][gc,metaspace   ] GC(574) Metaspace: 15860K->15860K(1064960K)
[11.713s][info ][gc             ] GC(574) Pause Young (Allocation Failure) 41M->29M(48M) 0.958ms
[11.713s][info ][gc,cpu         ] GC(574) User=0.00s Sys=0.00s Real=0.00s
[11.714s][info ][gc,start       ] GC(575) Pause Young (Allocation Failure)
[11.716s][debug][gc,phases      ] GC(575) Scavenge 1.657ms
[11.716s][debug][gc,phases      ] GC(575) Reference Processing 0.038ms
[11.716s][debug][gc,phases      ] GC(575) Weak Processing 0.019ms
[11.716s][debug][gc,phases      ] GC(575) Scrub String Table 0.089ms
[11.716s][debug][gc,age         ] GC(575) Desired survivor size 4194304 bytes, new threshold 1 (max threshold 15)
[11.716s][info ][gc,heap        ] GC(575) PSYoungGen: 14175K->2439K(16384K)
[11.716s][info ][gc,heap        ] GC(575) ParOldGen: 29164K->29172K(34816K)
[11.716s][info ][gc,metaspace   ] GC(575) Metaspace: 15860K->15860K(1064960K)
[11.716s][info ][gc             ] GC(575) Pause Young (Allocation Failure) 42M->30M(50M) 2.065ms
[11.716s][info ][gc,cpu         ] GC(575) User=0.01s Sys=0.00s Real=0.00s
[11.717s][info ][gc,start       ] GC(576) Pause Young (Allocation Failure)
[11.718s][debug][gc,phases      ] GC(576) Scavenge 1.295ms
[11.718s][debug][gc,phases      ] GC(576) Reference Processing 0.020ms
[11.718s][debug][gc,phases      ] GC(576) Weak Processing 0.014ms
[11.719s][debug][gc,phases      ] GC(576) Scrub String Table 0.075ms
[11.719s][debug][gc,age         ] GC(576) Desired survivor size 4194304 bytes, new threshold 1 (max threshold 15)
[11.719s][info ][gc,heap        ] GC(576) PSYoungGen: 15206K->2081K(16896K)
[11.719s][info ][gc,heap        ] GC(576) ParOldGen: 29172K->29587K(34816K)
[11.719s][info ][gc,metaspace   ] GC(576) Metaspace: 15860K->15860K(1064960K)
[11.719s][info ][gc             ] GC(576) Pause Young (Allocation Failure) 43M->30M(50M) 1.577ms
[11.719s][info ][gc,cpu         ] GC(576) User=0.01s Sys=0.00s Real=0.00s
[11.720s][info ][gc,start       ] GC(577) Pause Young (Allocation Failure)
[11.721s][debug][gc,phases      ] GC(577) Scavenge 0.982ms
[11.721s][debug][gc,phases      ] GC(577) Reference Processing 0.018ms
[11.721s][debug][gc,phases      ] GC(577) Weak Processing 0.011ms
[11.721s][debug][gc,phases      ] GC(577) Scrub String Table 0.065ms
[11.721s][debug][gc,age         ] GC(577) Desired survivor size 3670016 bytes, new threshold 1 (max threshold 15)
[11.721s][info ][gc,heap        ] GC(577) PSYoungGen: 14839K->1754K(16384K)
[11.721s][info ][gc,heap        ] GC(577) ParOldGen: 29587K->29994K(34816K)
[11.721s][info ][gc,metaspace   ] GC(577) Metaspace: 15860K->15860K(1064960K)
[11.721s][info ][gc             ] GC(577) Pause Young (Allocation Failure) 43M->31M(50M) 1.264ms
[11.721s][info ][gc,cpu         ] GC(577) User=0.01s Sys=0.01s Real=0.00s
[11.722s][info ][gc,start       ] GC(578) Pause Young (Allocation Failure)
[11.724s][debug][gc,phases      ] GC(578) Scavenge 1.102ms
[11.724s][debug][gc,phases      ] GC(578) Reference Processing 0.018ms
[11.724s][debug][gc,phases      ] GC(578) Weak Processing 0.012ms
[11.724s][debug][gc,phases      ] GC(578) Scrub String Table 0.077ms
[11.724s][debug][gc,age         ] GC(578) Desired survivor size 3670016 bytes, new threshold 1 (max threshold 15)
[11.724s][info ][gc,heap        ] GC(578) PSYoungGen: 14819K->486K(16896K)
[11.724s][info ][gc,heap        ] GC(578) ParOldGen: 29994K->30799K(34816K)
[11.724s][info ][gc,metaspace   ] GC(578) Metaspace: 15860K->15860K(1064960K)
[11.724s][info ][gc             ] GC(578) Pause Young (Allocation Failure) 43M->30M(50M) 1.393ms
[11.724s][info ][gc,cpu         ] GC(578) User=0.01s Sys=0.00s Real=0.00s
[11.725s][info ][gc,start       ] GC(579) Pause Young (Allocation Failure)
[11.727s][debug][gc,phases      ] GC(579) Scavenge 1.547ms
[11.727s][debug][gc,phases      ] GC(579) Reference Processing 0.040ms
[11.727s][debug][gc,phases      ] GC(579) Weak Processing 0.019ms
[11.727s][debug][gc,phases      ] GC(579) Scrub String Table 0.089ms
[11.727s][debug][gc,age         ] GC(579) Desired survivor size 3670016 bytes, new threshold 1 (max threshold 15)
[11.727s][info ][gc,heap        ] GC(579) PSYoungGen: 13544K->96K(17920K)
[11.727s][info ][gc,heap        ] GC(579) ParOldGen: 30799K->30815K(34816K)
[11.727s][info ][gc,metaspace   ] GC(579) Metaspace: 15860K->15860K(1064960K)
[11.727s][info ][gc             ] GC(579) Pause Young (Allocation Failure) 43M->30M(51M) 1.928ms
[11.727s][info ][gc,cpu         ] GC(579) User=0.01s Sys=0.00s Real=0.01s
[11.728s][info ][gc,start       ] GC(580) Pause Young (Allocation Failure)
[11.730s][debug][gc,phases      ] GC(580) Scavenge 2.000ms
[11.730s][debug][gc,phases      ] GC(580) Reference Processing 0.019ms
[11.730s][debug][gc,phases      ] GC(580) Weak Processing 0.012ms
[11.730s][debug][gc,phases      ] GC(580) Scrub String Table 0.070ms
[11.730s][debug][gc,age         ] GC(580) Desired survivor size 4194304 bytes, new threshold 1 (max threshold 15)
[11.730s][info ][gc,heap        ] GC(580) PSYoungGen: 14432K->2049K(16896K)
[11.730s][info ][gc,heap        ] GC(580) ParOldGen: 30815K->30823K(34816K)
[11.730s][info ][gc,metaspace   ] GC(580) Metaspace: 15860K->15860K(1064960K)
[11.730s][info ][gc             ] GC(580) Pause Young (Allocation Failure) 44M->32M(50M) 2.286ms
[11.730s][info ][gc,cpu         ] GC(580) User=0.00s Sys=0.00s Real=0.00s
[11.732s][info ][gc,start       ] GC(581) Pause Young (Allocation Failure)
[11.734s][debug][gc,phases      ] GC(581) Scavenge 1.784ms
[11.734s][debug][gc,phases      ] GC(581) Reference Processing 0.018ms
[11.734s][debug][gc,phases      ] GC(581) Weak Processing 0.010ms
[11.734s][debug][gc,phases      ] GC(581) Scrub String Table 0.066ms
[11.734s][debug][gc,age         ] GC(581) Desired survivor size 3670016 bytes, new threshold 1 (max threshold 15)
[11.734s][info ][gc,heap        ] GC(581) PSYoungGen: 16315K->486K(17920K)
[11.734s][info ][gc,heap        ] GC(581) ParOldGen: 30823K->31620K(34816K)
[11.734s][info ][gc,metaspace   ] GC(581) Metaspace: 15860K->15860K(1064960K)
[11.734s][info ][gc             ] GC(581) Pause Young (Allocation Failure) 46M->31M(51M) 2.040ms
[11.734s][info ][gc,cpu         ] GC(581) User=0.01s Sys=0.00s Real=0.00s
[11.735s][info ][gc,start       ] GC(582) Pause Young (Allocation Failure)
[11.736s][debug][gc,phases      ] GC(582) Scavenge 0.733ms
[11.736s][debug][gc,phases      ] GC(582) Reference Processing 0.044ms
[11.736s][debug][gc,phases      ] GC(582) Weak Processing 0.014ms
[11.736s][debug][gc,phases      ] GC(582) Scrub String Table 0.085ms
[11.736s][debug][gc,age         ] GC(582) Desired survivor size 3670016 bytes, new threshold 1 (max threshold 15)
[11.736s][info ][gc,heap        ] GC(582) PSYoungGen: 13924K->1267K(17408K)
[11.736s][info ][gc,heap        ] GC(582) ParOldGen: 31620K->31644K(34816K)
[11.736s][info ][gc,metaspace   ] GC(582) Metaspace: 15860K->15860K(1064960K)
[11.736s][info ][gc             ] GC(582) Pause Young (Allocation Failure) 44M->32M(51M) 1.124ms
[11.736s][info ][gc,cpu         ] GC(582) User=0.01s Sys=0.00s Real=0.00s
[11.737s][info ][gc,start       ] GC(583) Pause Young (Allocation Failure)
[11.738s][debug][gc,phases      ] GC(583) Scavenge 1.056ms
[11.738s][debug][gc,phases      ] GC(583) Reference Processing 0.019ms
[11.738s][debug][gc,phases      ] GC(583) Weak Processing 0.009ms
[11.738s][debug][gc,phases      ] GC(583) Scrub String Table 0.063ms
[11.738s][debug][gc,age         ] GC(583) Desired survivor size 3670016 bytes, new threshold 1 (max threshold 15)
[11.738s][info ][gc,heap        ] GC(583) PSYoungGen: 14712K->909K(17408K)
[11.739s][info ][gc,heap        ] GC(583) ParOldGen: 31644K->32059K(34816K)
[11.739s][info ][gc,metaspace   ] GC(583) Metaspace: 15860K->15860K(1064960K)
[11.739s][info ][gc             ] GC(583) Pause Young (Allocation Failure) 45M->32M(51M) 1.337ms
[11.739s][info ][gc,cpu         ] GC(583) User=0.01s Sys=0.00s Real=0.00s
[11.740s][info ][gc,start       ] GC(584) Pause Young (Allocation Failure)
[11.741s][debug][gc,phases      ] GC(584) Scavenge 1.125ms
[11.741s][debug][gc,phases      ] GC(584) Reference Processing 0.018ms
[11.741s][debug][gc,phases      ] GC(584) Weak Processing 0.010ms
[11.741s][debug][gc,phases      ] GC(584) Scrub String Table 0.065ms
[11.741s][debug][gc,age         ] GC(584) Desired survivor size 3145728 bytes, new threshold 1 (max threshold 15)
[11.741s][info ][gc,heap        ] GC(584) PSYoungGen: 14376K->877K(17408K)
[11.741s][info ][gc,heap        ] GC(584) ParOldGen: 32059K->32067K(34816K)
[11.741s][info ][gc,metaspace   ] GC(584) Metaspace: 15860K->15860K(1064960K)
[11.741s][info ][gc             ] GC(584) Pause Young (Allocation Failure) 45M->32M(51M) 1.403ms
[11.741s][info ][gc,cpu         ] GC(584) User=0.01s Sys=0.00s Real=0.00s
[11.742s][info ][gc,start       ] GC(585) Pause Young (Allocation Failure)
[11.744s][debug][gc,phases      ] GC(585) Scavenge 1.572ms
[11.744s][debug][gc,phases      ] GC(585) Reference Processing 0.018ms
[11.744s][debug][gc,phases      ] GC(585) Weak Processing 0.009ms
[11.744s][debug][gc,phases      ] GC(585) Scrub String Table 0.062ms
[11.744s][debug][gc,age         ] GC(585) Desired survivor size 3145728 bytes, new threshold 1 (max threshold 15)
[11.744s][info ][gc,heap        ] GC(585) PSYoungGen: 14373K->486K(17408K)
[11.744s][info ][gc,heap        ] GC(585) ParOldGen: 32067K->32075K(34816K)
[11.744s][info ][gc,metaspace   ] GC(585) Metaspace: 15860K->15860K(1064960K)
[11.744s][info ][gc             ] GC(585) Pause Young (Allocation Failure) 45M->31M(51M) 1.845ms
[11.744s][info ][gc,cpu         ] GC(585) User=0.01s Sys=0.00s Real=0.00s
[11.745s][info ][gc,start       ] GC(586) Pause Young (Allocation Failure)
[11.747s][debug][gc,phases      ] GC(586) Scavenge 1.550ms
[11.747s][debug][gc,phases      ] GC(586) Reference Processing 0.023ms
[11.747s][debug][gc,phases      ] GC(586) Weak Processing 0.011ms
[11.747s][debug][gc,phases      ] GC(586) Scrub String Table 0.066ms
[11.747s][debug][gc,age         ] GC(586) Desired survivor size 3145728 bytes, new threshold 1 (max threshold 15)
[11.747s][info ][gc,heap        ] GC(586) PSYoungGen: 14782K->1267K(17408K)
[11.747s][info ][gc,heap        ] GC(586) ParOldGen: 32075K->32083K(34816K)
[11.747s][info ][gc,metaspace   ] GC(586) Metaspace: 15860K->15860K(1064960K)
[11.747s][info ][gc             ] GC(586) Pause Young (Allocation Failure) 45M->32M(51M) 1.867ms
[11.747s][info ][gc,cpu         ] GC(586) User=0.01s Sys=0.00s Real=0.01s
[11.748s][info ][gc,start       ] GC(587) Pause Young (Allocation Failure)
[11.749s][debug][gc,phases      ] GC(587) Scavenge 1.036ms
[11.749s][debug][gc,phases      ] GC(587) Reference Processing 0.020ms
[11.750s][debug][gc,phases      ] GC(587) Weak Processing 0.010ms
[11.750s][debug][gc,phases      ] GC(587) Scrub String Table 0.064ms
[11.750s][debug][gc,age         ] GC(587) Desired survivor size 3145728 bytes, new threshold 1 (max threshold 15)
[11.750s][info ][gc,heap        ] GC(587) PSYoungGen: 15477K->1658K(18432K)
[11.750s][info ][gc,heap        ] GC(587) ParOldGen: 32083K->32091K(34816K)
[11.750s][info ][gc,metaspace   ] GC(587) Metaspace: 15860K->15860K(1064960K)
[11.750s][info ][gc             ] GC(587) Pause Young (Allocation Failure) 46M->32M(52M) 1.312ms
[11.750s][info ][gc,cpu         ] GC(587) User=0.01s Sys=0.00s Real=0.00s
[11.751s][info ][gc,start       ] GC(588) Pause Young (Allocation Failure)
[11.752s][debug][gc,phases      ] GC(588) Scavenge 1.074ms
[11.752s][debug][gc,phases      ] GC(588) Reference Processing 0.020ms
[11.752s][debug][gc,phases      ] GC(588) Weak Processing 0.011ms
[11.752s][debug][gc,phases      ] GC(588) Scrub String Table 0.066ms
[11.752s][debug][gc,age         ] GC(588) Desired survivor size 3145728 bytes, new threshold 1 (max threshold 15)
[11.752s][info ][gc,heap        ] GC(588) PSYoungGen: 16750K->1267K(18432K)
[11.752s][info ][gc,heap        ] GC(588) ParOldGen: 32091K->32904K(34816K)
[11.752s][info ][gc,metaspace   ] GC(588) Metaspace: 15860K->15860K(1064960K)
[11.752s][info ][gc             ] GC(588) Pause Young (Allocation Failure) 47M->33M(52M) 1.341ms
[11.752s][info ][gc,cpu         ] GC(588) User=0.01s Sys=0.00s Real=0.00s
[11.754s][info ][gc,start       ] GC(589) Pause Young (Allocation Failure)
[11.755s][debug][gc,phases      ] GC(589) Scavenge 1.169ms
[11.755s][debug][gc,phases      ] GC(589) Reference Processing 0.019ms
[11.755s][debug][gc,phases      ] GC(589) Weak Processing 0.009ms
[11.755s][debug][gc,phases      ] GC(589) Scrub String Table 0.065ms
[11.755s][debug][gc,age         ] GC(589) Desired survivor size 3670016 bytes, new threshold 1 (max threshold 15)
[11.755s][info ][gc,heap        ] GC(589) PSYoungGen: 16627K->2894K(17408K)
[11.755s][info ][gc,heap        ] GC(589) ParOldGen: 32904K->33303K(34816K)
[11.755s][info ][gc,metaspace   ] GC(589) Metaspace: 15860K->15860K(1064960K)
[11.755s][info ][gc             ] GC(589) Pause Young (Allocation Failure) 48M->35M(51M) 1.441ms
[11.755s][info ][gc,cpu         ] GC(589) User=0.00s Sys=0.00s Real=0.00s
[11.756s][info ][gc,start       ] GC(590) Pause Young (Allocation Failure)
[11.758s][debug][gc,phases      ] GC(590) Scavenge 1.574ms
[11.758s][debug][gc,phases      ] GC(590) Reference Processing 0.019ms
[11.758s][debug][gc,phases      ] GC(590) Weak Processing 0.010ms
[11.758s][debug][gc,phases      ] GC(590) Scrub String Table 0.065ms
[11.758s][debug][gc,age         ] GC(590) Desired survivor size 3670016 bytes, new threshold 1 (max threshold 15)
[11.758s][info ][gc,heap        ] GC(590) PSYoungGen: 17186K->486K(17920K)
[11.758s][info ][gc,heap        ] GC(590) ParOldGen: 33303K->35288K(35840K)
[11.758s][info ][gc,metaspace   ] GC(590) Metaspace: 15860K->15860K(1064960K)
[11.758s][info ][gc             ] GC(590) Pause Young (Allocation Failure) 49M->34M(52M) 1.844ms
[11.758s][info ][gc,cpu         ] GC(590) User=0.00s Sys=0.00s Real=0.01s
[11.758s][debug][gc,phases      ] GC(591) Pre Compact 0.010ms
[11.758s][info ][gc,start       ] GC(591) Pause Full (Ergonomics)
[11.758s][info ][gc,phases,start] GC(591) Marking Phase
[11.760s][debug][gc,phases      ] GC(591) Par Mark 2.245ms
[11.760s][debug][gc,phases      ] GC(591) Reference Processing 0.039ms
[11.760s][debug][gc,phases      ] GC(591) Weak Processing 0.009ms
[11.760s][debug][gc,phases      ] GC(591) ClassLoaderData 0.020ms
[11.760s][debug][gc,phases      ] GC(591) ProtectionDomainCacheTable 0.002ms
[11.761s][debug][gc,phases      ] GC(591) ResolvedMethodTable 0.013ms
[11.761s][debug][gc,phases      ] GC(591) Class Unloading 0.670ms
[11.761s][debug][gc,phases      ] GC(591) Scrub String Table 0.052ms
[11.762s][debug][gc,phases      ] GC(591) Scrub Symbol Table 0.917ms
[11.762s][info ][gc,phases      ] GC(591) Marking Phase 4.056ms
[11.762s][info ][gc,phases,start] GC(591) Summary Phase
[11.762s][info ][gc,phases      ] GC(591) Summary Phase 0.011ms
[11.762s][info ][gc,phases,start] GC(591) Adjust Roots
[11.764s][info ][gc,phases      ] GC(591) Adjust Roots 1.649ms
[11.764s][info ][gc,phases,start] GC(591) Compaction Phase
[11.765s][info ][gc,phases      ] GC(591) Compaction Phase 1.056ms
[11.765s][info ][gc,phases,start] GC(591) Post Compact
[11.765s][info ][gc,phases      ] GC(591) Post Compact 0.065ms
[11.765s][info ][gc,heap        ] GC(591) PSYoungGen: 486K->0K(17920K)
[11.765s][info ][gc,heap        ] GC(591) ParOldGen: 35288K->5418K(35328K)
[11.765s][info ][gc,metaspace   ] GC(591) Metaspace: 15860K->15860K(1064960K)
[11.765s][info ][gc             ] GC(591) Pause Full (Ergonomics) 34M->5M(52M) 7.011ms
[11.765s][info ][gc,cpu         ] GC(591) User=0.03s Sys=0.01s Real=0.00s
[11.766s][info ][gc,start       ] GC(592) Pause Young (Allocation Failure)
[11.768s][debug][gc,phases      ] GC(592) Scavenge 1.652ms
[11.768s][debug][gc,phases      ] GC(592) Reference Processing 0.019ms
[11.768s][debug][gc,phases      ] GC(592) Weak Processing 0.010ms
[11.768s][debug][gc,phases      ] GC(592) Scrub String Table 0.063ms
[11.768s][debug][gc,age         ] GC(592) Desired survivor size 3670016 bytes, new threshold 1 (max threshold 15)
[11.768s][info ][gc,heap        ] GC(592) PSYoungGen: 13988K->1658K(17920K)
[11.768s][info ][gc,heap        ] GC(592) ParOldGen: 5418K->5418K(35328K)
[11.768s][info ][gc,metaspace   ] GC(592) Metaspace: 15860K->15860K(1064960K)
[11.768s][info ][gc             ] GC(592) Pause Young (Allocation Failure) 18M->6M(52M) 1.926ms
[11.768s][info ][gc,cpu         ] GC(592) User=0.01s Sys=0.00s Real=0.01s
[11.769s][info ][gc,start       ] GC(593) Pause Young (Allocation Failure)
[11.771s][debug][gc,phases      ] GC(593) Scavenge 1.833ms
[11.771s][debug][gc,phases      ] GC(593) Reference Processing 0.017ms
[11.771s][debug][gc,phases      ] GC(593) Weak Processing 0.011ms
[11.771s][debug][gc,phases      ] GC(593) Scrub String Table 0.065ms
[11.771s][debug][gc,age         ] GC(593) Desired survivor size 3670016 bytes, new threshold 1 (max threshold 15)
[11.771s][info ][gc,heap        ] GC(593) PSYoungGen: 15994K->96K(17920K)
[11.771s][info ][gc,heap        ] GC(593) ParOldGen: 5418K->6223K(35328K)
[11.771s][info ][gc,metaspace   ] GC(593) Metaspace: 15860K->15860K(1064960K)
[11.772s][info ][gc             ] GC(593) Pause Young (Allocation Failure) 20M->6M(52M) 2.090ms
[11.772s][info ][gc,cpu         ] GC(593) User=0.01s Sys=0.00s Real=0.00s
[11.773s][info ][gc,start       ] GC(594) Pause Young (Allocation Failure)
[11.774s][debug][gc,phases      ] GC(594) Scavenge 0.929ms
[11.774s][debug][gc,phases      ] GC(594) Reference Processing 0.019ms
[11.774s][debug][gc,phases      ] GC(594) Weak Processing 0.010ms
[11.774s][debug][gc,phases      ] GC(594) Scrub String Table 0.066ms
[11.774s][debug][gc,age         ] GC(594) Desired survivor size 3145728 bytes, new threshold 1 (max threshold 15)
[11.774s][info ][gc,heap        ] GC(594) PSYoungGen: 14366K->877K(15360K)
[11.774s][info ][gc,heap        ] GC(594) ParOldGen: 6223K->6239K(35328K)
[11.774s][info ][gc,metaspace   ] GC(594) Metaspace: 15860K->15860K(1064960K)
[11.774s][info ][gc             ] GC(594) Pause Young (Allocation Failure) 20M->6M(49M) 1.302ms
[11.774s][info ][gc,cpu         ] GC(594) User=0.01s Sys=0.00s Real=0.00s
[11.775s][info ][gc,start       ] GC(595) Pause Young (Allocation Failure)
[11.777s][debug][gc,phases      ] GC(595) Scavenge 1.360ms
[11.777s][debug][gc,phases      ] GC(595) Reference Processing 0.018ms
[11.777s][debug][gc,phases      ] GC(595) Weak Processing 0.010ms
[11.777s][debug][gc,phases      ] GC(595) Scrub String Table 0.065ms
[11.777s][debug][gc,age         ] GC(595) Desired survivor size 3145728 bytes, new threshold 1 (max threshold 15)
[11.777s][info ][gc,heap        ] GC(595) PSYoungGen: 15213K->1658K(17408K)
[11.777s][info ][gc,heap        ] GC(595) ParOldGen: 6239K->6654K(35328K)
[11.777s][info ][gc,metaspace   ] GC(595) Metaspace: 15860K->15860K(1064960K)
[11.777s][info ][gc             ] GC(595) Pause Young (Allocation Failure) 20M->8M(51M) 1.640ms
[11.777s][info ][gc,cpu         ] GC(595) User=0.01s Sys=0.00s Real=0.01s
[11.778s][info ][gc,start       ] GC(596) Pause Young (Allocation Failure)
[11.780s][debug][gc,phases      ] GC(596) Scavenge 1.581ms
[11.780s][debug][gc,phases      ] GC(596) Reference Processing 0.047ms
[11.780s][debug][gc,phases      ] GC(596) Weak Processing 0.015ms
[11.780s][debug][gc,phases      ] GC(596) Scrub String Table 0.108ms
[11.780s][debug][gc,age         ] GC(596) Desired survivor size 3145728 bytes, new threshold 1 (max threshold 15)
[11.780s][info ][gc,heap        ] GC(596) PSYoungGen: 15850K->454K(17408K)
[11.780s][info ][gc,heap        ] GC(596) ParOldGen: 6654K->7850K(35328K)
[11.780s][info ][gc,metaspace   ] GC(596) Metaspace: 15860K->15860K(1064960K)
[11.780s][info ][gc             ] GC(596) Pause Young (Allocation Failure) 21M->8M(51M) 2.008ms
[11.780s][info ][gc,cpu         ] GC(596) User=0.01s Sys=0.00s Real=0.00s
[11.781s][info ][gc,start       ] GC(597) Pause Young (Allocation Failure)
[11.782s][debug][gc,phases      ] GC(597) Scavenge 0.807ms
[11.782s][debug][gc,phases      ] GC(597) Reference Processing 0.019ms
[11.782s][debug][gc,phases      ] GC(597) Weak Processing 0.010ms
[11.782s][debug][gc,phases      ] GC(597) Scrub String Table 0.066ms
[11.782s][debug][gc,age         ] GC(597) Desired survivor size 3145728 bytes, new threshold 1 (max threshold 15)
[11.782s][info ][gc,heap        ] GC(597) PSYoungGen: 14549K->1658K(18432K)
[11.782s][info ][gc,heap        ] GC(597) ParOldGen: 7850K->8256K(35328K)
[11.782s][info ][gc,metaspace   ] GC(597) Metaspace: 15860K->15860K(1064960K)
[11.782s][info ][gc             ] GC(597) Pause Young (Allocation Failure) 21M->9M(52M) 1.080ms
[11.782s][info ][gc,cpu         ] GC(597) User=0.00s Sys=0.00s Real=0.00s
[11.784s][info ][gc,start       ] GC(598) Pause Young (Allocation Failure)
[11.785s][debug][gc,phases      ] GC(598) Scavenge 0.957ms
[11.785s][debug][gc,phases      ] GC(598) Reference Processing 0.019ms
[11.785s][debug][gc,phases      ] GC(598) Weak Processing 0.011ms
[11.785s][debug][gc,phases      ] GC(598) Scrub String Table 0.068ms
[11.785s][debug][gc,age         ] GC(598) Desired survivor size 3145728 bytes, new threshold 1 (max threshold 15)
[11.785s][info ][gc,heap        ] GC(598) PSYoungGen: 16774K->1267K(18432K)
[11.785s][info ][gc,heap        ] GC(598) ParOldGen: 8256K->8280K(35328K)
[11.785s][info ][gc,metaspace   ] GC(598) Metaspace: 15860K->15860K(1064960K)
[11.785s][info ][gc             ] GC(598) Pause Young (Allocation Failure) 24M->9M(52M) 1.235ms
[11.785s][info ][gc,cpu         ] GC(598) User=0.01s Sys=0.00s Real=0.00s
[11.786s][info ][gc,start       ] GC(599) Pause Young (Allocation Failure)
[11.788s][debug][gc,phases      ] GC(599) Scavenge 1.400ms
[11.788s][debug][gc,phases      ] GC(599) Reference Processing 0.018ms
[11.788s][debug][gc,phases      ] GC(599) Weak Processing 0.012ms
[11.788s][debug][gc,phases      ] GC(599) Scrub String Table 0.066ms
[11.788s][debug][gc,age         ] GC(599) Desired survivor size 3670016 bytes, new threshold 1 (max threshold 15)
[11.788s][info ][gc,heap        ] GC(599) PSYoungGen: 16627K->2439K(17408K)
[11.788s][info ][gc,heap        ] GC(599) ParOldGen: 8280K->8280K(35328K)
[11.788s][info ][gc,metaspace   ] GC(599) Metaspace: 15860K->15860K(1064960K)
[11.788s][info ][gc             ] GC(599) Pause Young (Allocation Failure) 24M->10M(51M) 1.662ms
[11.788s][info ][gc,cpu         ] GC(599) User=0.00s Sys=0.00s Real=0.01s
[11.789s][info ][gc,start       ] GC(600) Pause Young (Allocation Failure)
[11.790s][debug][gc,phases      ] GC(600) Scavenge 0.990ms
[11.790s][debug][gc,phases      ] GC(600) Reference Processing 0.020ms
[11.790s][debug][gc,phases      ] GC(600) Weak Processing 0.010ms
[11.790s][debug][gc,phases      ] GC(600) Scrub String Table 0.067ms
[11.790s][debug][gc,age         ] GC(600) Desired survivor size 3145728 bytes, new threshold 1 (max threshold 15)
[11.790s][info ][gc,heap        ] GC(600) PSYoungGen: 16754K->941K(17920K)
[11.790s][info ][gc,heap        ] GC(600) ParOldGen: 8280K->9492K(35328K)
[11.790s][info ][gc,metaspace   ] GC(600) Metaspace: 15860K->15860K(1064960K)
[11.790s][info ][gc             ] GC(600) Pause Young (Allocation Failure) 24M->10M(52M) 1.278ms
[11.790s][info ][gc,cpu         ] GC(600) User=0.00s Sys=0.00s Real=0.00s
[11.792s][info ][gc,start       ] GC(601) Pause Young (Allocation Failure)
[11.792s][debug][gc,phases      ] GC(601) Scavenge 0.762ms
[11.792s][debug][gc,phases      ] GC(601) Reference Processing 0.020ms
[11.793s][debug][gc,phases      ] GC(601) Weak Processing 0.010ms
[11.793s][debug][gc,phases      ] GC(601) Scrub String Table 0.069ms
[11.793s][debug][gc,age         ] GC(601) Desired survivor size 3145728 bytes, new threshold 1 (max threshold 15)
[11.793s][info ][gc,heap        ] GC(601) PSYoungGen: 15166K->845K(17920K)
[11.793s][info ][gc,heap        ] GC(601) ParOldGen: 9492K->9899K(35328K)
[11.793s][info ][gc,metaspace   ] GC(601) Metaspace: 15860K->15860K(1064960K)
[11.793s][info ][gc             ] GC(601) Pause Young (Allocation Failure) 24M->10M(52M) 1.059ms
[11.793s][info ][gc,cpu         ] GC(601) User=0.00s Sys=0.00s Real=0.00s
[11.794s][info ][gc,start       ] GC(602) Pause Young (Allocation Failure)
[11.794s][debug][gc,phases      ] GC(602) Scavenge 0.615ms
[11.795s][debug][gc,phases      ] GC(602) Reference Processing 0.020ms
[11.795s][debug][gc,phases      ] GC(602) Weak Processing 0.011ms
[11.795s][debug][gc,phases      ] GC(602) Scrub String Table 0.066ms
[11.795s][debug][gc,age         ] GC(602) Desired survivor size 3145728 bytes, new threshold 1 (max threshold 15)
[11.795s][info ][gc,heap        ] GC(602) PSYoungGen: 15500K->96K(17920K)
[11.795s][info ][gc,heap        ] GC(602) ParOldGen: 9899K->10305K(35328K)
[11.795s][info ][gc,metaspace   ] GC(602) Metaspace: 15860K->15860K(1064960K)
[11.795s][info ][gc             ] GC(602) Pause Young (Allocation Failure) 24M->10M(52M) 0.909ms
[11.795s][info ][gc,cpu         ] GC(602) User=0.00s Sys=0.00s Real=0.00s
[11.796s][info ][gc,start       ] GC(603) Pause Young (Allocation Failure)
[11.797s][debug][gc,phases      ] GC(603) Scavenge 0.904ms
[11.797s][debug][gc,phases      ] GC(603) Reference Processing 0.020ms
[11.797s][debug][gc,phases      ] GC(603) Weak Processing 0.011ms
[11.797s][debug][gc,phases      ] GC(603) Scrub String Table 0.068ms
[11.797s][debug][gc,age         ] GC(603) Desired survivor size 3145728 bytes, new threshold 1 (max threshold 15)
[11.797s][info ][gc,heap        ] GC(603) PSYoungGen: 14731K->1299K(18432K)
[11.797s][info ][gc,heap        ] GC(603) ParOldGen: 10305K->10329K(35328K)
[11.797s][info ][gc,metaspace   ] GC(603) Metaspace: 15860K->15860K(1064960K)
[11.797s][info ][gc             ] GC(603) Pause Young (Allocation Failure) 24M->11M(52M) 1.186ms
[11.797s][info ][gc,cpu         ] GC(603) User=0.01s Sys=0.00s Real=0.01s
[11.798s][info ][gc,start       ] GC(604) Pause Young (Allocation Failure)
[11.800s][debug][gc,phases      ] GC(604) Scavenge 1.782ms
[11.800s][debug][gc,phases      ] GC(604) Reference Processing 0.019ms
[11.800s][debug][gc,phases      ] GC(604) Weak Processing 0.013ms
[11.800s][debug][gc,phases      ] GC(604) Scrub String Table 0.076ms
[11.800s][debug][gc,age         ] GC(604) Desired survivor size 3145728 bytes, new threshold 1 (max threshold 15)
[11.800s][info ][gc,heap        ] GC(604) PSYoungGen: 16649K->2049K(18432K)
[11.800s][info ][gc,heap        ] GC(604) ParOldGen: 10329K->10345K(35328K)
[11.800s][info ][gc,metaspace   ] GC(604) Metaspace: 15860K->15860K(1064960K)
[11.800s][info ][gc             ] GC(604) Pause Young (Allocation Failure) 26M->12M(52M) 2.095ms
[11.800s][info ][gc,cpu         ] GC(604) User=0.00s Sys=0.00s Real=0.00s
[11.802s][info ][gc,start       ] GC(605) Pause Young (Allocation Failure)
[11.804s][debug][gc,phases      ] GC(605) Scavenge 1.643ms
[11.804s][debug][gc,phases      ] GC(605) Reference Processing 0.018ms
[11.804s][debug][gc,phases      ] GC(605) Weak Processing 0.010ms
[11.804s][debug][gc,phases      ] GC(605) Scrub String Table 0.065ms
[11.804s][debug][gc,age         ] GC(605) Desired survivor size 3145728 bytes, new threshold 1 (max threshold 15)
[11.804s][info ][gc,heap        ] GC(605) PSYoungGen: 17191K->877K(18432K)
[11.804s][info ][gc,heap        ] GC(605) ParOldGen: 10345K->11541K(35328K)
[11.804s][info ][gc,metaspace   ] GC(605) Metaspace: 15860K->15860K(1064960K)
[11.804s][info ][gc             ] GC(605) Pause Young (Allocation Failure) 26M->12M(52M) 1.911ms
[11.804s][info ][gc,cpu         ] GC(605) User=0.01s Sys=0.00s Real=0.00s
[11.805s][info ][gc,start       ] GC(606) Pause Young (Allocation Failure)
[11.806s][debug][gc,phases      ] GC(606) Scavenge 0.948ms
[11.806s][debug][gc,phases      ] GC(606) Reference Processing 0.019ms
[11.806s][debug][gc,phases      ] GC(606) Weak Processing 0.010ms
[11.806s][debug][gc,phases      ] GC(606) Scrub String Table 0.065ms
[11.806s][debug][gc,age         ] GC(606) Desired survivor size 3145728 bytes, new threshold 1 (max threshold 15)
[11.806s][info ][gc,heap        ] GC(606) PSYoungGen: 15988K->877K(18432K)
[11.806s][info ][gc,heap        ] GC(606) ParOldGen: 11541K->11557K(35328K)
[11.806s][info ][gc,metaspace   ] GC(606) Metaspace: 15860K->15860K(1064960K)
[11.806s][info ][gc             ] GC(606) Pause Young (Allocation Failure) 26M->12M(52M) 1.216ms
[11.806s][info ][gc,cpu         ] GC(606) User=0.01s Sys=0.00s Real=0.00s
[11.807s][info ][gc,start       ] GC(607) Pause Young (Allocation Failure)
[11.808s][debug][gc,phases      ] GC(607) Scavenge 0.406ms
[11.808s][debug][gc,phases      ] GC(607) Reference Processing 0.017ms
[11.808s][debug][gc,phases      ] GC(607) Weak Processing 0.010ms
[11.808s][debug][gc,phases      ] GC(607) Scrub String Table 0.065ms
[11.808s][debug][gc,age         ] GC(607) Desired survivor size 3145728 bytes, new threshold 1 (max threshold 15)
[11.808s][info ][gc,heap        ] GC(607) PSYoungGen: 16109K->941K(18432K)
[11.808s][info ][gc,heap        ] GC(607) ParOldGen: 11557K->11565K(35328K)
[11.808s][info ][gc,metaspace   ] GC(607) Metaspace: 15860K->15860K(1064960K)
[11.808s][info ][gc             ] GC(607) Pause Young (Allocation Failure) 27M->12M(52M) 0.662ms
[11.808s][info ][gc,cpu         ] GC(607) User=0.00s Sys=0.00s Real=0.00s
[11.809s][info ][gc,start       ] GC(608) Pause Young (Allocation Failure)
[11.811s][debug][gc,phases      ] GC(608) Scavenge 1.738ms
[11.811s][debug][gc,phases      ] GC(608) Reference Processing 0.018ms
[11.811s][debug][gc,phases      ] GC(608) Weak Processing 0.013ms
[11.811s][debug][gc,phases      ] GC(608) Scrub String Table 0.075ms
[11.811s][debug][gc,age         ] GC(608) Desired survivor size 3145728 bytes, new threshold 1 (max threshold 15)
[11.811s][info ][gc,heap        ] GC(608) PSYoungGen: 15962K->454K(18432K)
[11.811s][info ][gc,heap        ] GC(608) ParOldGen: 11565K->11964K(35328K)
[11.811s][info ][gc,metaspace   ] GC(608) Metaspace: 15860K->15860K(1064960K)
[11.811s][info ][gc             ] GC(608) Pause Young (Allocation Failure) 26M->12M(52M) 2.020ms
[11.811s][info ][gc,cpu         ] GC(608) User=0.01s Sys=0.00s Real=0.00s
[11.813s][info ][gc,start       ] GC(609) Pause Young (Allocation Failure)
[11.814s][debug][gc,phases      ] GC(609) Scavenge 1.054ms
[11.814s][debug][gc,phases      ] GC(609) Reference Processing 0.018ms
[11.814s][debug][gc,phases      ] GC(609) Weak Processing 0.011ms
[11.814s][debug][gc,phases      ] GC(609) Scrub String Table 0.064ms
[11.814s][debug][gc,age         ] GC(609) Desired survivor size 2621440 bytes, new threshold 1 (max threshold 15)
[11.814s][info ][gc,heap        ] GC(609) PSYoungGen: 15497K->486K(17408K)
[11.814s][info ][gc,heap        ] GC(609) ParOldGen: 11964K->11980K(35328K)
[11.814s][info ][gc,metaspace   ] GC(609) Metaspace: 15860K->15860K(1064960K)
[11.814s][info ][gc             ] GC(609) Pause Young (Allocation Failure) 26M->12M(51M) 1.403ms
[11.814s][info ][gc,cpu         ] GC(609) User=0.01s Sys=0.00s Real=0.00s
[11.815s][info ][gc,start       ] GC(610) Pause Young (Allocation Failure)
[11.817s][debug][gc,phases      ] GC(610) Scavenge 1.349ms
[11.817s][debug][gc,phases      ] GC(610) Reference Processing 0.019ms
[11.817s][debug][gc,phases      ] GC(610) Weak Processing 0.014ms
[11.817s][debug][gc,phases      ] GC(610) Scrub String Table 0.075ms
[11.817s][debug][gc,age         ] GC(610) Desired survivor size 2621440 bytes, new threshold 1 (max threshold 15)
[11.817s][info ][gc,heap        ] GC(610) PSYoungGen: 15583K->486K(17920K)
[11.817s][info ][gc,heap        ] GC(610) ParOldGen: 11980K->11988K(35328K)
[11.817s][info ][gc,metaspace   ] GC(610) Metaspace: 15860K->15860K(1064960K)
[11.817s][info ][gc             ] GC(610) Pause Young (Allocation Failure) 26M->12M(52M) 1.642ms
[11.817s][info ][gc,cpu         ] GC(610) User=0.01s Sys=0.00s Real=0.01s
[11.818s][info ][gc,start       ] GC(611) Pause Young (Allocation Failure)
[11.819s][debug][gc,phases      ] GC(611) Scavenge 0.884ms
[11.819s][debug][gc,phases      ] GC(611) Reference Processing 0.019ms
[11.819s][debug][gc,phases      ] GC(611) Weak Processing 0.010ms
[11.819s][debug][gc,phases      ] GC(611) Scrub String Table 0.065ms
[11.819s][debug][gc,age         ] GC(611) Desired survivor size 2621440 bytes, new threshold 1 (max threshold 15)
[11.819s][info ][gc,heap        ] GC(611) PSYoungGen: 15552K->64K(18944K)
[11.819s][info ][gc,heap        ] GC(611) ParOldGen: 11988K->12403K(35328K)
[11.819s][info ][gc,metaspace   ] GC(611) Metaspace: 15860K->15860K(1064960K)
[11.819s][info ][gc             ] GC(611) Pause Young (Allocation Failure) 26M->12M(53M) 1.178ms
[11.819s][info ][gc,cpu         ] GC(611) User=0.01s Sys=0.00s Real=0.00s
[11.821s][info ][gc,start       ] GC(612) Pause Young (Allocation Failure)
[11.822s][debug][gc,phases      ] GC(612) Scavenge 0.833ms
[11.822s][debug][gc,phases      ] GC(612) Reference Processing 0.018ms
[11.822s][debug][gc,phases      ] GC(612) Weak Processing 0.010ms
[11.822s][debug][gc,phases      ] GC(612) Scrub String Table 0.063ms
[11.822s][debug][gc,age         ] GC(612) Desired survivor size 2621440 bytes, new threshold 1 (max threshold 15)
[11.822s][info ][gc,heap        ] GC(612) PSYoungGen: 16286K->1299K(18944K)
[11.822s][info ][gc,heap        ] GC(612) ParOldGen: 12403K->12427K(35328K)
[11.822s][info ][gc,metaspace   ] GC(612) Metaspace: 15860K->15860K(1064960K)
[11.822s][info ][gc             ] GC(612) Pause Young (Allocation Failure) 28M->13M(53M) 1.114ms
[11.822s][info ][gc,cpu         ] GC(612) User=0.01s Sys=0.00s Real=0.00s
[11.823s][info ][gc,start       ] GC(613) Pause Young (Allocation Failure)
[11.825s][debug][gc,phases      ] GC(613) Scavenge 1.793ms
[11.825s][debug][gc,phases      ] GC(613) Reference Processing 0.019ms
[11.825s][debug][gc,phases      ] GC(613) Weak Processing 0.012ms
[11.825s][debug][gc,phases      ] GC(613) Scrub String Table 0.066ms
[11.825s][debug][gc,age         ] GC(613) Desired survivor size 2621440 bytes, new threshold 1 (max threshold 15)
[11.825s][info ][gc,heap        ] GC(613) PSYoungGen: 17683K->877K(18944K)
[11.825s][info ][gc,heap        ] GC(613) ParOldGen: 12427K->12833K(35328K)
[11.825s][info ][gc,metaspace   ] GC(613) Metaspace: 15860K->15860K(1064960K)
[11.825s][info ][gc             ] GC(613) Pause Young (Allocation Failure) 29M->13M(53M) 2.073ms
[11.825s][info ][gc,cpu         ] GC(613) User=0.01s Sys=0.00s Real=0.00s
[11.827s][info ][gc,start       ] GC(614) Pause Young (Allocation Failure)
[11.828s][debug][gc,phases      ] GC(614) Scavenge 1.483ms
[11.828s][debug][gc,phases      ] GC(614) Reference Processing 0.018ms
[11.828s][debug][gc,phases      ] GC(614) Weak Processing 0.010ms
[11.828s][debug][gc,phases      ] GC(614) Scrub String Table 0.066ms
[11.828s][debug][gc,age         ] GC(614) Desired survivor size 2621440 bytes, new threshold 1 (max threshold 15)
[11.829s][info ][gc,heap        ] GC(614) PSYoungGen: 17122K->877K(18944K)
[11.829s][info ][gc,heap        ] GC(614) ParOldGen: 12833K->12841K(35328K)
[11.829s][info ][gc,metaspace   ] GC(614) Metaspace: 15860K->15860K(1064960K)
[11.829s][info ][gc             ] GC(614) Pause Young (Allocation Failure) 29M->13M(53M) 1.748ms
[11.829s][info ][gc,cpu         ] GC(614) User=0.00s Sys=0.00s Real=0.00s
[11.830s][info ][gc,start       ] GC(615) Pause Young (Allocation Failure)
[11.831s][debug][gc,phases      ] GC(615) Scavenge 0.988ms
[11.831s][debug][gc,phases      ] GC(615) Reference Processing 0.019ms
[11.831s][debug][gc,phases      ] GC(615) Weak Processing 0.011ms
[11.831s][debug][gc,phases      ] GC(615) Scrub String Table 0.066ms
[11.831s][debug][gc,age         ] GC(615) Desired survivor size 2621440 bytes, new threshold 1 (max threshold 15)
[11.831s][info ][gc,heap        ] GC(615) PSYoungGen: 17083K->941K(18944K)
[11.831s][info ][gc,heap        ] GC(615) ParOldGen: 12841K->12849K(35328K)
[11.831s][info ][gc,metaspace   ] GC(615) Metaspace: 15860K->15860K(1064960K)
[11.831s][info ][gc             ] GC(615) Pause Young (Allocation Failure) 29M->13M(53M) 1.297ms
[11.831s][info ][gc,cpu         ] GC(615) User=0.01s Sys=0.00s Real=0.00s
[11.832s][info ][gc,start       ] GC(616) Pause Young (Allocation Failure)
[11.834s][debug][gc,phases      ] GC(616) Scavenge 1.659ms
[11.834s][debug][gc,phases      ] GC(616) Reference Processing 0.018ms
[11.834s][debug][gc,phases      ] GC(616) Weak Processing 0.009ms
[11.834s][debug][gc,phases      ] GC(616) Scrub String Table 0.062ms
[11.834s][debug][gc,age         ] GC(616) Desired survivor size 2621440 bytes, new threshold 1 (max threshold 15)
[11.834s][info ][gc,heap        ] GC(616) PSYoungGen: 17111K->1267K(18944K)
[11.834s][info ][gc,heap        ] GC(616) ParOldGen: 12849K->13264K(35328K)
[11.834s][info ][gc,metaspace   ] GC(616) Metaspace: 15860K->15860K(1064960K)
[11.834s][info ][gc             ] GC(616) Pause Young (Allocation Failure) 29M->14M(53M) 1.928ms
[11.834s][info ][gc,cpu         ] GC(616) User=0.01s Sys=0.00s Real=0.00s
[11.836s][info ][gc,start       ] GC(617) Pause Young (Allocation Failure)
[11.837s][debug][gc,phases      ] GC(617) Scavenge 1.015ms
[11.837s][debug][gc,phases      ] GC(617) Reference Processing 0.019ms
[11.837s][debug][gc,phases      ] GC(617) Weak Processing 0.010ms
[11.837s][debug][gc,phases      ] GC(617) Scrub String Table 0.065ms
[11.837s][debug][gc,age         ] GC(617) Desired survivor size 2621440 bytes, new threshold 1 (max threshold 15)
[11.837s][info ][gc,heap        ] GC(617) PSYoungGen: 17490K->1299K(18944K)
[11.837s][info ][gc,heap        ] GC(617) ParOldGen: 13264K->13671K(35328K)
[11.837s][info ][gc,metaspace   ] GC(617) Metaspace: 15860K->15860K(1064960K)
[11.837s][info ][gc             ] GC(617) Pause Young (Allocation Failure) 30M->14M(53M) 1.307ms
[11.837s][info ][gc,cpu         ] GC(617) User=0.00s Sys=0.00s Real=0.01s
[11.839s][info ][gc,start       ] GC(618) Pause Young (Allocation Failure)
[11.840s][debug][gc,phases      ] GC(618) Scavenge 1.540ms
[11.840s][debug][gc,phases      ] GC(618) Reference Processing 0.018ms
[11.840s][debug][gc,phases      ] GC(618) Weak Processing 0.010ms
[11.840s][debug][gc,phases      ] GC(618) Scrub String Table 0.064ms
[11.840s][debug][gc,age         ] GC(618) Desired survivor size 2621440 bytes, new threshold 1 (max threshold 15)
[11.840s][info ][gc,heap        ] GC(618) PSYoungGen: 17563K->1267K(18944K)
[11.840s][info ][gc,heap        ] GC(618) ParOldGen: 13671K->13679K(35328K)
[11.840s][info ][gc,metaspace   ] GC(618) Metaspace: 15860K->15860K(1064960K)
[11.840s][info ][gc             ] GC(618) Pause Young (Allocation Failure) 30M->14M(53M) 1.791ms
[11.840s][info ][gc,cpu         ] GC(618) User=0.01s Sys=0.00s Real=0.00s
[11.842s][info ][gc,start       ] GC(619) Pause Young (Allocation Failure)
[11.843s][debug][gc,phases      ] GC(619) Scavenge 0.878ms
[11.843s][debug][gc,phases      ] GC(619) Reference Processing 0.019ms
[11.843s][debug][gc,phases      ] GC(619) Weak Processing 0.010ms
[11.843s][debug][gc,phases      ] GC(619) Scrub String Table 0.065ms
[11.843s][debug][gc,age         ] GC(619) Desired survivor size 2621440 bytes, new threshold 1 (max threshold 15)
[11.843s][info ][gc,heap        ] GC(619) PSYoungGen: 17438K->2503K(18944K)
[11.843s][info ][gc,heap        ] GC(619) ParOldGen: 13679K->13679K(35328K)
[11.843s][info ][gc,metaspace   ] GC(619) Metaspace: 15860K->15860K(1064960K)
[11.843s][info ][gc             ] GC(619) Pause Young (Allocation Failure) 30M->15M(53M) 1.148ms
[11.843s][info ][gc,cpu         ] GC(619) User=0.01s Sys=0.00s Real=0.00s
[11.844s][info ][gc,start       ] GC(620) Pause Young (Allocation Failure)
[11.846s][debug][gc,phases      ] GC(620) Scavenge 1.701ms
[11.846s][debug][gc,phases      ] GC(620) Reference Processing 0.029ms
[11.846s][debug][gc,phases      ] GC(620) Weak Processing 0.026ms
[11.846s][debug][gc,phases      ] GC(620) Scrub String Table 0.078ms
[11.846s][debug][gc,age         ] GC(620) Desired survivor size 2621440 bytes, new threshold 1 (max threshold 15)
[11.846s][info ][gc,heap        ] GC(620) PSYoungGen: 18887K->486K(18944K)
[11.846s][info ][gc,heap        ] GC(620) ParOldGen: 13679K->15265K(35328K)
[11.846s][info ][gc,metaspace   ] GC(620) Metaspace: 15860K->15860K(1064960K)
[11.846s][info ][gc             ] GC(620) Pause Young (Allocation Failure) 31M->15M(53M) 2.246ms
[11.846s][info ][gc,cpu         ] GC(620) User=0.01s Sys=0.00s Real=0.01s
[11.848s][info ][gc,start       ] GC(621) Pause Young (Allocation Failure)
[11.849s][debug][gc,phases      ] GC(621) Scavenge 1.615ms
[11.849s][debug][gc,phases      ] GC(621) Reference Processing 0.019ms
[11.849s][debug][gc,phases      ] GC(621) Weak Processing 0.010ms
[11.850s][debug][gc,phases      ] GC(621) Scrub String Table 0.065ms
[11.850s][debug][gc,age         ] GC(621) Desired survivor size 3145728 bytes, new threshold 1 (max threshold 15)
[11.850s][info ][gc,heap        ] GC(621) PSYoungGen: 16576K->2439K(17920K)
[11.850s][info ][gc,heap        ] GC(621) ParOldGen: 15265K->15265K(35328K)
[11.850s][info ][gc,metaspace   ] GC(621) Metaspace: 15860K->15860K(1064960K)
[11.850s][info ][gc             ] GC(621) Pause Young (Allocation Failure) 31M->17M(52M) 1.878ms
[11.850s][info ][gc,cpu         ] GC(621) User=0.01s Sys=0.00s Real=0.00s
[11.851s][info ][gc,start       ] GC(622) Pause Young (Allocation Failure)
[11.852s][debug][gc,phases      ] GC(622) Scavenge 0.777ms
[11.852s][debug][gc,phases      ] GC(622) Reference Processing 0.020ms
[11.852s][debug][gc,phases      ] GC(622) Weak Processing 0.011ms
[11.852s][debug][gc,phases      ] GC(622) Scrub String Table 0.067ms
[11.852s][debug][gc,age         ] GC(622) Desired survivor size 3145728 bytes, new threshold 1 (max threshold 15)
[11.852s][info ][gc,heap        ] GC(622) PSYoungGen: 17509K->877K(18432K)
[11.852s][info ][gc,heap        ] GC(622) ParOldGen: 15265K->16852K(35328K)
[11.852s][info ][gc,metaspace   ] GC(622) Metaspace: 15860K->15860K(1064960K)
[11.852s][info ][gc             ] GC(622) Pause Young (Allocation Failure) 32M->17M(52M) 1.060ms
[11.852s][info ][gc,cpu         ] GC(622) User=0.00s Sys=0.00s Real=0.00s
[11.853s][info ][gc,start       ] GC(623) Pause Young (Allocation Failure)
[11.854s][debug][gc,phases      ] GC(623) Scavenge 1.116ms
[11.854s][debug][gc,phases      ] GC(623) Reference Processing 0.019ms
[11.854s][debug][gc,phases      ] GC(623) Weak Processing 0.011ms
[11.855s][debug][gc,phases      ] GC(623) Scrub String Table 0.068ms
[11.855s][debug][gc,age         ] GC(623) Desired survivor size 3670016 bytes, new threshold 1 (max threshold 15)
[11.855s][info ][gc,heap        ] GC(623) PSYoungGen: 16104K->2503K(17408K)
[11.855s][info ][gc,heap        ] GC(623) ParOldGen: 16852K->17657K(35328K)
[11.855s][info ][gc,metaspace   ] GC(623) Metaspace: 15860K->15860K(1064960K)
[11.855s][info ][gc             ] GC(623) Pause Young (Allocation Failure) 32M->19M(51M) 1.391ms
[11.855s][info ][gc,cpu         ] GC(623) User=0.00s Sys=0.00s Real=0.00s
[11.856s][info ][gc,start       ] GC(624) Pause Young (Allocation Failure)
[11.857s][debug][gc,phases      ] GC(624) Scavenge 0.917ms
[11.857s][debug][gc,phases      ] GC(624) Reference Processing 0.024ms
[11.857s][debug][gc,phases      ] GC(624) Weak Processing 0.012ms
[11.857s][debug][gc,phases      ] GC(624) Scrub String Table 0.070ms
[11.857s][debug][gc,age         ] GC(624) Desired survivor size 3670016 bytes, new threshold 1 (max threshold 15)
[11.857s][info ][gc,heap        ] GC(624) PSYoungGen: 16839K->2439K(17920K)
[11.857s][info ][gc,heap        ] GC(624) ParOldGen: 17657K->18462K(35328K)
[11.857s][info ][gc,metaspace   ] GC(624) Metaspace: 15860K->15860K(1064960K)
[11.857s][info ][gc             ] GC(624) Pause Young (Allocation Failure) 33M->20M(52M) 1.208ms
[11.857s][info ][gc,cpu         ] GC(624) User=0.01s Sys=0.00s Real=0.01s
[11.858s][info ][gc,start       ] GC(625) Pause Young (Allocation Failure)
[11.860s][debug][gc,phases      ] GC(625) Scavenge 1.230ms
[11.860s][debug][gc,phases      ] GC(625) Reference Processing 0.058ms
[11.860s][debug][gc,phases      ] GC(625) Weak Processing 0.011ms
[11.860s][debug][gc,phases      ] GC(625) Scrub String Table 0.070ms
[11.860s][debug][gc,age         ] GC(625) Desired survivor size 4194304 bytes, new threshold 1 (max threshold 15)
[11.860s][info ][gc,heap        ] GC(625) PSYoungGen: 16515K->2894K(16896K)
[11.860s][info ][gc,heap        ] GC(625) ParOldGen: 18462K->18877K(35328K)
[11.860s][info ][gc,metaspace   ] GC(625) Metaspace: 15860K->15860K(1064960K)
[11.860s][info ][gc             ] GC(625) Pause Young (Allocation Failure) 34M->21M(51M) 1.618ms
[11.860s][info ][gc,cpu         ] GC(625) User=0.01s Sys=0.00s Real=0.00s
[11.861s][info ][gc,start       ] GC(626) Pause Young (Allocation Failure)
[11.862s][debug][gc,phases      ] GC(626) Scavenge 1.109ms
[11.862s][debug][gc,phases      ] GC(626) Reference Processing 0.028ms
[11.862s][debug][gc,phases      ] GC(626) Weak Processing 0.016ms
[11.862s][debug][gc,phases      ] GC(626) Scrub String Table 0.104ms
[11.862s][debug][gc,age         ] GC(626) Desired survivor size 3670016 bytes, new threshold 1 (max threshold 15)
[11.863s][info ][gc,heap        ] GC(626) PSYoungGen: 16082K->1658K(17408K)
[11.863s][info ][gc,heap        ] GC(626) ParOldGen: 18877K->18885K(35328K)
[11.863s][info ][gc,metaspace   ] GC(626) Metaspace: 15860K->15860K(1064960K)
[11.863s][info ][gc             ] GC(626) Pause Young (Allocation Failure) 34M->20M(51M) 1.568ms
[11.863s][info ][gc,cpu         ] GC(626) User=0.01s Sys=0.00s Real=0.00s
[11.864s][info ][gc,start       ] GC(627) Pause Young (Allocation Failure)
[11.865s][debug][gc,phases      ] GC(627) Scavenge 1.002ms
[11.865s][debug][gc,phases      ] GC(627) Reference Processing 0.019ms
[11.865s][debug][gc,phases      ] GC(627) Weak Processing 0.010ms
[11.865s][debug][gc,phases      ] GC(627) Scrub String Table 0.068ms
[11.865s][debug][gc,age         ] GC(627) Desired survivor size 3670016 bytes, new threshold 1 (max threshold 15)
[11.865s][info ][gc,heap        ] GC(627) PSYoungGen: 14814K->1690K(17408K)
[11.865s][info ][gc,heap        ] GC(627) ParOldGen: 18885K->19292K(35328K)
[11.865s][info ][gc,metaspace   ] GC(627) Metaspace: 15860K->15860K(1064960K)
[11.865s][info ][gc             ] GC(627) Pause Young (Allocation Failure) 32M->20M(51M) 1.285ms
[11.865s][info ][gc,cpu         ] GC(627) User=0.01s Sys=0.00s Real=0.00s
[11.866s][info ][gc,start       ] GC(628) Pause Young (Allocation Failure)
[11.868s][debug][gc,phases      ] GC(628) Scavenge 1.790ms
[11.868s][debug][gc,phases      ] GC(628) Reference Processing 0.020ms
[11.868s][debug][gc,phases      ] GC(628) Weak Processing 0.010ms
[11.868s][debug][gc,phases      ] GC(628) Scrub String Table 0.066ms
[11.868s][debug][gc,age         ] GC(628) Desired survivor size 3670016 bytes, new threshold 1 (max threshold 15)
[11.868s][info ][gc,heap        ] GC(628) PSYoungGen: 15212K->2439K(17408K)
[11.868s][info ][gc,heap        ] GC(628) ParOldGen: 19292K->19706K(35328K)
[11.868s][info ][gc,metaspace   ] GC(628) Metaspace: 15860K->15860K(1064960K)
[11.868s][info ][gc             ] GC(628) Pause Young (Allocation Failure) 33M->21M(51M) 2.084ms
[11.868s][info ][gc,cpu         ] GC(628) User=0.00s Sys=0.00s Real=0.00s
[11.870s][info ][gc,start       ] GC(629) Pause Young (Allocation Failure)
[11.872s][debug][gc,phases      ] GC(629) Scavenge 2.414ms
[11.872s][debug][gc,phases      ] GC(629) Reference Processing 0.020ms
[11.872s][debug][gc,phases      ] GC(629) Weak Processing 0.011ms
[11.872s][debug][gc,phases      ] GC(629) Scrub String Table 0.068ms
[11.872s][debug][gc,age         ] GC(629) Desired survivor size 3670016 bytes, new threshold 1 (max threshold 15)
[11.872s][info ][gc,heap        ] GC(629) PSYoungGen: 16258K->877K(17920K)
[11.872s][info ][gc,heap        ] GC(629) ParOldGen: 19706K->20902K(35328K)
[11.872s][info ][gc,metaspace   ] GC(629) Metaspace: 15860K->15860K(1064960K)
[11.872s][info ][gc             ] GC(629) Pause Young (Allocation Failure) 35M->21M(52M) 2.695ms
[11.873s][info ][gc,cpu         ] GC(629) User=0.01s Sys=0.01s Real=0.00s
[11.874s][info ][gc,start       ] GC(630) Pause Young (Allocation Failure)
[11.875s][debug][gc,phases      ] GC(630) Scavenge 1.210ms
[11.875s][debug][gc,phases      ] GC(630) Reference Processing 0.019ms
[11.875s][debug][gc,phases      ] GC(630) Weak Processing 0.011ms
[11.875s][debug][gc,phases      ] GC(630) Scrub String Table 0.068ms
[11.875s][debug][gc,age         ] GC(630) Desired survivor size 4194304 bytes, new threshold 1 (max threshold 15)
[11.875s][info ][gc,heap        ] GC(630) PSYoungGen: 15213K->2926K(17408K)
[11.875s][info ][gc,heap        ] GC(630) ParOldGen: 20902K->20910K(35328K)
[11.875s][info ][gc,metaspace   ] GC(630) Metaspace: 15860K->15860K(1064960K)
[11.875s][info ][gc             ] GC(630) Pause Young (Allocation Failure) 35M->23M(51M) 1.534ms
[11.875s][info ][gc,cpu         ] GC(630) User=0.01s Sys=0.00s Real=0.00s
[11.877s][info ][gc,start       ] GC(631) Pause Young (Allocation Failure)
[11.877s][debug][gc,phases      ] GC(631) Scavenge 0.399ms
[11.877s][debug][gc,phases      ] GC(631) Reference Processing 0.019ms
[11.877s][debug][gc,phases      ] GC(631) Weak Processing 0.011ms
[11.877s][debug][gc,phases      ] GC(631) Scrub String Table 0.069ms
[11.877s][debug][gc,age         ] GC(631) Desired survivor size 4194304 bytes, new threshold 1 (max threshold 15)
[11.877s][info ][gc,heap        ] GC(631) PSYoungGen: 16947K->2209K(17408K)
[11.877s][info ][gc,heap        ] GC(631) ParOldGen: 20910K->21325K(35328K)
[11.877s][info ][gc,metaspace   ] GC(631) Metaspace: 15860K->15860K(1064960K)
[11.877s][info ][gc             ] GC(631) Pause Young (Allocation Failure) 36M->22M(51M) 0.705ms
[11.877s][info ][gc,cpu         ] GC(631) User=0.00s Sys=0.00s Real=0.00s
[11.879s][info ][gc,start       ] GC(632) Pause Young (Allocation Failure)
[11.881s][debug][gc,phases      ] GC(632) Scavenge 2.147ms
[11.881s][debug][gc,phases      ] GC(632) Reference Processing 0.029ms
[11.881s][debug][gc,phases      ] GC(632) Weak Processing 0.012ms
[11.881s][debug][gc,phases      ] GC(632) Scrub String Table 0.076ms
[11.881s][debug][gc,age         ] GC(632) Desired survivor size 4194304 bytes, new threshold 1 (max threshold 15)
[11.881s][info ][gc,heap        ] GC(632) PSYoungGen: 15439K->2830K(17408K)
[11.881s][info ][gc,heap        ] GC(632) ParOldGen: 21325K->21349K(35328K)
[11.881s][info ][gc,metaspace   ] GC(632) Metaspace: 15860K->15860K(1064960K)
[11.881s][info ][gc             ] GC(632) Pause Young (Allocation Failure) 35M->23M(51M) 2.482ms
[11.881s][info ][gc,cpu         ] GC(632) User=0.01s Sys=0.00s Real=0.00s
[11.882s][info ][gc,start       ] GC(633) Pause Young (Allocation Failure)
[11.885s][debug][gc,phases      ] GC(633) Scavenge 2.451ms
[11.885s][debug][gc,phases      ] GC(633) Reference Processing 0.020ms
[11.885s][debug][gc,phases      ] GC(633) Weak Processing 0.010ms
[11.885s][debug][gc,phases      ] GC(633) Scrub String Table 0.067ms
[11.885s][debug][gc,age         ] GC(633) Desired survivor size 4194304 bytes, new threshold 1 (max threshold 15)
[11.885s][info ][gc,heap        ] GC(633) PSYoungGen: 16033K->2439K(17408K)
[11.885s][info ][gc,heap        ] GC(633) ParOldGen: 21349K->21747K(35328K)
[11.885s][info ][gc,metaspace   ] GC(633) Metaspace: 15860K->15860K(1064960K)
[11.885s][info ][gc             ] GC(633) Pause Young (Allocation Failure) 36M->23M(51M) 2.738ms
[11.885s][info ][gc,cpu         ] GC(633) User=0.02s Sys=0.00s Real=0.00s
[11.886s][info ][gc,start       ] GC(634) Pause Young (Allocation Failure)
[11.887s][debug][gc,phases      ] GC(634) Scavenge 1.204ms
[11.887s][debug][gc,phases      ] GC(634) Reference Processing 0.020ms
[11.887s][debug][gc,phases      ] GC(634) Weak Processing 0.010ms
[11.888s][debug][gc,phases      ] GC(634) Scrub String Table 0.069ms
[11.888s][debug][gc,age         ] GC(634) Desired survivor size 4194304 bytes, new threshold 1 (max threshold 15)
[11.888s][info ][gc,heap        ] GC(634) PSYoungGen: 15565K->2145K(17408K)
[11.888s][info ][gc,heap        ] GC(634) ParOldGen: 21747K->22959K(35328K)
[11.888s][info ][gc,metaspace   ] GC(634) Metaspace: 15860K->15860K(1064960K)
[11.888s][info ][gc             ] GC(634) Pause Young (Allocation Failure) 36M->24M(51M) 1.488ms
[11.888s][info ][gc,cpu         ] GC(634) User=0.01s Sys=0.00s Real=0.01s
[11.889s][info ][gc,start       ] GC(635) Pause Young (Allocation Failure)
[11.890s][debug][gc,phases      ] GC(635) Scavenge 1.233ms
[11.890s][debug][gc,phases      ] GC(635) Reference Processing 0.019ms
[11.890s][debug][gc,phases      ] GC(635) Weak Processing 0.011ms
[11.890s][debug][gc,phases      ] GC(635) Scrub String Table 0.069ms
[11.890s][debug][gc,age         ] GC(635) Desired survivor size 4194304 bytes, new threshold 1 (max threshold 15)
[11.890s][info ][gc,heap        ] GC(635) PSYoungGen: 15181K->877K(17408K)
[11.890s][info ][gc,heap        ] GC(635) ParOldGen: 22959K->23757K(35328K)
[11.890s][info ][gc,metaspace   ] GC(635) Metaspace: 15860K->15860K(1064960K)
[11.890s][info ][gc             ] GC(635) Pause Young (Allocation Failure) 37M->24M(51M) 1.514ms
[11.890s][info ][gc,cpu         ] GC(635) User=0.01s Sys=0.00s Real=0.00s
[11.891s][info ][gc,start       ] GC(636) Pause Young (Allocation Failure)
[11.893s][debug][gc,phases      ] GC(636) Scavenge 1.354ms
[11.893s][debug][gc,phases      ] GC(636) Reference Processing 0.020ms
[11.893s][debug][gc,phases      ] GC(636) Weak Processing 0.011ms
[11.893s][debug][gc,phases      ] GC(636) Scrub String Table 0.070ms
[11.893s][debug][gc,age         ] GC(636) Desired survivor size 4194304 bytes, new threshold 1 (max threshold 15)
[11.893s][info ][gc,heap        ] GC(636) PSYoungGen: 14071K->2471K(17408K)
[11.893s][info ][gc,heap        ] GC(636) ParOldGen: 23757K->23765K(35328K)
[11.893s][info ][gc,metaspace   ] GC(636) Metaspace: 15860K->15860K(1064960K)
[11.893s][info ][gc             ] GC(636) Pause Young (Allocation Failure) 36M->25M(51M) 1.671ms
[11.893s][info ][gc,cpu         ] GC(636) User=0.01s Sys=0.00s Real=0.00s
[11.894s][info ][gc,start       ] GC(637) Pause Young (Allocation Failure)
[11.895s][debug][gc,phases      ] GC(637) Scavenge 0.385ms
[11.895s][debug][gc,phases      ] GC(637) Reference Processing 0.022ms
[11.895s][debug][gc,phases      ] GC(637) Weak Processing 0.013ms
[11.895s][debug][gc,phases      ] GC(637) Scrub String Table 0.072ms
[11.895s][debug][gc,age         ] GC(637) Desired survivor size 4194304 bytes, new threshold 1 (max threshold 15)
[11.895s][info ][gc,heap        ] GC(637) PSYoungGen: 15692K->2177K(17408K)
[11.895s][info ][gc,heap        ] GC(637) ParOldGen: 23765K->23781K(35328K)
[11.895s][info ][gc,metaspace   ] GC(637) Metaspace: 15860K->15860K(1064960K)
[11.895s][info ][gc             ] GC(637) Pause Young (Allocation Failure) 38M->25M(51M) 0.763ms
[11.895s][info ][gc,cpu         ] GC(637) User=0.00s Sys=0.00s Real=0.00s
[11.896s][info ][gc,start       ] GC(638) Pause Young (Allocation Failure)
[11.898s][debug][gc,phases      ] GC(638) Scavenge 1.269ms
[11.898s][debug][gc,phases      ] GC(638) Reference Processing 0.019ms
[11.898s][debug][gc,phases      ] GC(638) Weak Processing 0.012ms
[11.898s][debug][gc,phases      ] GC(638) Scrub String Table 0.070ms
[11.898s][debug][gc,age         ] GC(638) Desired survivor size 4194304 bytes, new threshold 1 (max threshold 15)
[11.898s][info ][gc,heap        ] GC(638) PSYoungGen: 15333K->1331K(17408K)
[11.898s][info ][gc,heap        ] GC(638) ParOldGen: 23781K->24195K(35328K)
[11.898s][info ][gc,metaspace   ] GC(638) Metaspace: 15860K->15860K(1064960K)
[11.898s][info ][gc             ] GC(638) Pause Young (Allocation Failure) 38M->24M(51M) 1.560ms
[11.898s][info ][gc,cpu         ] GC(638) User=0.01s Sys=0.00s Real=0.00s
[11.899s][info ][gc,start       ] GC(639) Pause Young (Allocation Failure)
[11.900s][debug][gc,phases      ] GC(639) Scavenge 1.083ms
[11.900s][debug][gc,phases      ] GC(639) Reference Processing 0.019ms
[11.900s][debug][gc,phases      ] GC(639) Weak Processing 0.011ms
[11.900s][debug][gc,phases      ] GC(639) Scrub String Table 0.068ms
[11.900s][debug][gc,age         ] GC(639) Desired survivor size 3670016 bytes, new threshold 1 (max threshold 15)
[11.900s][info ][gc,heap        ] GC(639) PSYoungGen: 14505K->2113K(16384K)
[11.900s][info ][gc,heap        ] GC(639) ParOldGen: 24195K->24610K(35328K)
[11.900s][info ][gc,metaspace   ] GC(639) Metaspace: 15860K->15860K(1064960K)
[11.901s][info ][gc             ] GC(639) Pause Young (Allocation Failure) 37M->26M(50M) 1.485ms
[11.901s][info ][gc,cpu         ] GC(639) User=0.01s Sys=0.00s Real=0.00s
[11.902s][info ][gc,start       ] GC(640) Pause Young (Allocation Failure)
[11.903s][debug][gc,phases      ] GC(640) Scavenge 1.194ms
[11.903s][debug][gc,phases      ] GC(640) Reference Processing 0.019ms
[11.903s][debug][gc,phases      ] GC(640) Weak Processing 0.011ms
[11.903s][debug][gc,phases      ] GC(640) Scrub String Table 0.068ms
[11.903s][debug][gc,age         ] GC(640) Desired survivor size 3670016 bytes, new threshold 1 (max threshold 15)
[11.903s][info ][gc,heap        ] GC(640) PSYoungGen: 15210K->1754K(16896K)
[11.903s][info ][gc,heap        ] GC(640) ParOldGen: 24610K->25025K(35328K)
[11.903s][info ][gc,metaspace   ] GC(640) Metaspace: 15860K->15860K(1064960K)
[11.903s][info ][gc             ] GC(640) Pause Young (Allocation Failure) 38M->26M(51M) 1.501ms
[11.903s][info ][gc,cpu         ] GC(640) User=0.01s Sys=0.00s Real=0.00s
[11.905s][info ][gc,start       ] GC(641) Pause Young (Allocation Failure)
[11.907s][debug][gc,phases      ] GC(641) Scavenge 1.773ms
[11.907s][debug][gc,phases      ] GC(641) Reference Processing 0.018ms
[11.907s][debug][gc,phases      ] GC(641) Weak Processing 0.013ms
[11.907s][debug][gc,phases      ] GC(641) Scrub String Table 0.070ms
[11.907s][debug][gc,age         ] GC(641) Desired survivor size 3670016 bytes, new threshold 1 (max threshold 15)
[11.907s][info ][gc,heap        ] GC(641) PSYoungGen: 14888K->1235K(17920K)
[11.907s][info ][gc,heap        ] GC(641) ParOldGen: 25025K->25431K(35328K)
[11.907s][info ][gc,metaspace   ] GC(641) Metaspace: 15860K->15860K(1064960K)
[11.907s][info ][gc             ] GC(641) Pause Young (Allocation Failure) 38M->26M(52M) 2.046ms
[11.907s][info ][gc,cpu         ] GC(641) User=0.00s Sys=0.00s Real=0.01s
[11.908s][info ][gc,start       ] GC(642) Pause Young (Allocation Failure)
[11.909s][debug][gc,phases      ] GC(642) Scavenge 0.986ms
[11.909s][debug][gc,phases      ] GC(642) Reference Processing 0.019ms
[11.909s][debug][gc,phases      ] GC(642) Weak Processing 0.010ms
[11.909s][debug][gc,phases      ] GC(642) Scrub String Table 0.065ms
[11.909s][debug][gc,age         ] GC(642) Desired survivor size 3670016 bytes, new threshold 1 (max threshold 15)
[11.909s][info ][gc,heap        ] GC(642) PSYoungGen: 15217K->1786K(17920K)
[11.909s][info ][gc,heap        ] GC(642) ParOldGen: 25431K->25447K(35328K)
[11.909s][info ][gc,metaspace   ] GC(642) Metaspace: 15860K->15860K(1064960K)
[11.909s][info ][gc             ] GC(642) Pause Young (Allocation Failure) 39M->26M(52M) 1.258ms
[11.909s][info ][gc,cpu         ] GC(642) User=0.01s Sys=0.00s Real=0.00s
[11.911s][info ][gc,start       ] GC(643) Pause Young (Allocation Failure)
[11.913s][debug][gc,phases      ] GC(643) Scavenge 2.017ms
[11.913s][debug][gc,phases      ] GC(643) Reference Processing 0.019ms
[11.913s][debug][gc,phases      ] GC(643) Weak Processing 0.024ms
[11.913s][debug][gc,phases      ] GC(643) Scrub String Table 0.066ms
[11.913s][debug][gc,age         ] GC(643) Desired survivor size 3670016 bytes, new threshold 1 (max threshold 15)
[11.913s][info ][gc,heap        ] GC(643) PSYoungGen: 16051K->1626K(17920K)
[11.913s][info ][gc,heap        ] GC(643) ParOldGen: 25447K->26244K(35328K)
[11.913s][info ][gc,metaspace   ] GC(643) Metaspace: 15860K->15860K(1064960K)
[11.913s][info ][gc             ] GC(643) Pause Young (Allocation Failure) 40M->27M(52M) 2.342ms
[11.913s][info ][gc,cpu         ] GC(643) User=0.01s Sys=0.00s Real=0.00s
[11.914s][info ][gc,start       ] GC(644) Pause Young (Allocation Failure)
[11.916s][debug][gc,phases      ] GC(644) Scavenge 1.236ms
[11.916s][debug][gc,phases      ] GC(644) Reference Processing 0.025ms
[11.916s][debug][gc,phases      ] GC(644) Weak Processing 0.015ms
[11.916s][debug][gc,phases      ] GC(644) Scrub String Table 0.078ms
[11.916s][debug][gc,age         ] GC(644) Desired survivor size 3670016 bytes, new threshold 1 (max threshold 15)
[11.916s][info ][gc,heap        ] GC(644) PSYoungGen: 15619K->2407K(17920K)
[11.916s][info ][gc,heap        ] GC(644) ParOldGen: 26244K->26651K(35328K)
[11.916s][info ][gc,metaspace   ] GC(644) Metaspace: 15860K->15860K(1064960K)
[11.916s][info ][gc             ] GC(644) Pause Young (Allocation Failure) 40M->28M(52M) 1.590ms
[11.916s][info ][gc,cpu         ] GC(644) User=0.01s Sys=0.00s Real=0.00s
[11.917s][info ][gc,start       ] GC(645) Pause Young (Allocation Failure)
[11.918s][debug][gc,phases      ] GC(645) Scavenge 1.166ms
[11.918s][debug][gc,phases      ] GC(645) Reference Processing 0.019ms
[11.918s][debug][gc,phases      ] GC(645) Weak Processing 0.009ms
[11.918s][debug][gc,phases      ] GC(645) Scrub String Table 0.063ms
[11.918s][debug][gc,age         ] GC(645) Desired survivor size 3670016 bytes, new threshold 1 (max threshold 15)
[11.918s][info ][gc,heap        ] GC(645) PSYoungGen: 16743K->1235K(17920K)
[11.918s][info ][gc,heap        ] GC(645) ParOldGen: 26651K->27058K(35328K)
[11.918s][info ][gc,metaspace   ] GC(645) Metaspace: 15860K->15860K(1064960K)
[11.918s][info ][gc             ] GC(645) Pause Young (Allocation Failure) 42M->27M(52M) 1.427ms
[11.918s][info ][gc,cpu         ] GC(645) User=0.00s Sys=0.00s Real=0.00s
[11.920s][info ][gc,start       ] GC(646) Pause Young (Allocation Failure)
[11.922s][debug][gc,phases      ] GC(646) Scavenge 1.384ms
[11.922s][debug][gc,phases      ] GC(646) Reference Processing 0.018ms
[11.922s][debug][gc,phases      ] GC(646) Weak Processing 0.012ms
[11.922s][debug][gc,phases      ] GC(646) Scrub String Table 0.078ms
[11.922s][debug][gc,age         ] GC(646) Desired survivor size 3670016 bytes, new threshold 1 (max threshold 15)
[11.922s][info ][gc,heap        ] GC(646) PSYoungGen: 15415K->454K(17920K)
[11.922s][info ][gc,heap        ] GC(646) ParOldGen: 27058K->27456K(35328K)
[11.922s][info ][gc,metaspace   ] GC(646) Metaspace: 15860K->15860K(1064960K)
[11.922s][info ][gc             ] GC(646) Pause Young (Allocation Failure) 41M->27M(52M) 1.651ms
[11.922s][info ][gc,cpu         ] GC(646) User=0.01s Sys=0.00s Real=0.00s
[11.923s][info ][gc,start       ] GC(647) Pause Young (Allocation Failure)
[11.924s][debug][gc,phases      ] GC(647) Scavenge 0.957ms
[11.924s][debug][gc,phases      ] GC(647) Reference Processing 0.019ms
[11.924s][debug][gc,phases      ] GC(647) Weak Processing 0.010ms
[11.924s][debug][gc,phases      ] GC(647) Scrub String Table 0.065ms
[11.924s][debug][gc,age         ] GC(647) Desired survivor size 3670016 bytes, new threshold 1 (max threshold 15)
[11.924s][info ][gc,heap        ] GC(647) PSYoungGen: 14489K->1267K(17920K)
[11.924s][info ][gc,heap        ] GC(647) ParOldGen: 27456K->27464K(35328K)
[11.924s][info ][gc,metaspace   ] GC(647) Metaspace: 15860K->15860K(1064960K)
[11.924s][info ][gc             ] GC(647) Pause Young (Allocation Failure) 40M->28M(52M) 1.222ms
[11.924s][info ][gc,cpu         ] GC(647) User=0.00s Sys=0.00s Real=0.00s
[11.926s][info ][gc,start       ] GC(648) Pause Young (Allocation Failure)
[11.927s][debug][gc,phases      ] GC(648) Scavenge 0.795ms
[11.927s][debug][gc,phases      ] GC(648) Reference Processing 0.018ms
[11.927s][debug][gc,phases      ] GC(648) Weak Processing 0.010ms
[11.927s][debug][gc,phases      ] GC(648) Scrub String Table 0.078ms
[11.927s][debug][gc,age         ] GC(648) Desired survivor size 3670016 bytes, new threshold 1 (max threshold 15)
[11.927s][info ][gc,heap        ] GC(648) PSYoungGen: 15488K->909K(17920K)
[11.927s][info ][gc,heap        ] GC(648) ParOldGen: 27464K->27887K(35328K)
[11.927s][info ][gc,metaspace   ] GC(648) Metaspace: 15860K->15860K(1064960K)
[11.927s][info ][gc             ] GC(648) Pause Young (Allocation Failure) 41M->28M(52M) 1.108ms
[11.927s][info ][gc,cpu         ] GC(648) User=0.00s Sys=0.00s Real=0.01s
[11.928s][info ][gc,start       ] GC(649) Pause Young (Allocation Failure)
[11.930s][debug][gc,phases      ] GC(649) Scavenge 1.629ms
[11.930s][debug][gc,phases      ] GC(649) Reference Processing 0.035ms
[11.930s][debug][gc,phases      ] GC(649) Weak Processing 0.015ms
[11.930s][debug][gc,phases      ] GC(649) Scrub String Table 0.083ms
[11.930s][debug][gc,age         ] GC(649) Desired survivor size 3670016 bytes, new threshold 1 (max threshold 15)
[11.930s][info ][gc,heap        ] GC(649) PSYoungGen: 15245K->2439K(17920K)
[11.930s][info ][gc,heap        ] GC(649) ParOldGen: 27887K->27887K(35328K)
[11.930s][info ][gc,metaspace   ] GC(649) Metaspace: 15860K->15860K(1064960K)
[11.930s][info ][gc             ] GC(649) Pause Young (Allocation Failure) 42M->29M(52M) 1.977ms
[11.930s][info ][gc,cpu         ] GC(649) User=0.00s Sys=0.00s Real=0.00s
[11.931s][info ][gc,start       ] GC(650) Pause Young (Allocation Failure)
[11.933s][debug][gc,phases      ] GC(650) Scavenge 1.732ms
[11.933s][debug][gc,phases      ] GC(650) Reference Processing 0.019ms
[11.933s][debug][gc,phases      ] GC(650) Weak Processing 0.010ms
[11.933s][debug][gc,phases      ] GC(650) Scrub String Table 0.064ms
[11.933s][debug][gc,age         ] GC(650) Desired survivor size 3670016 bytes, new threshold 1 (max threshold 15)
[11.933s][info ][gc,heap        ] GC(650) PSYoungGen: 16509K->2049K(17920K)
[11.933s][info ][gc,heap        ] GC(650) ParOldGen: 27887K->28294K(35328K)
[11.933s][info ][gc,metaspace   ] GC(650) Metaspace: 15860K->15860K(1064960K)
[11.933s][info ][gc             ] GC(650) Pause Young (Allocation Failure) 43M->29M(52M) 1.992ms
[11.933s][info ][gc,cpu         ] GC(650) User=0.01s Sys=0.00s Real=0.00s
[11.934s][info ][gc,start       ] GC(651) Pause Young (Allocation Failure)
[11.936s][debug][gc,phases      ] GC(651) Scavenge 1.637ms
[11.936s][debug][gc,phases      ] GC(651) Reference Processing 0.019ms
[11.936s][debug][gc,phases      ] GC(651) Weak Processing 0.010ms
[11.936s][debug][gc,phases      ] GC(651) Scrub String Table 0.065ms
[11.936s][debug][gc,age         ] GC(651) Desired survivor size 3670016 bytes, new threshold 1 (max threshold 15)
[11.936s][info ][gc,heap        ] GC(651) PSYoungGen: 16077K->2439K(17920K)
[11.936s][info ][gc,heap        ] GC(651) ParOldGen: 28294K->28310K(35328K)
[11.936s][info ][gc,metaspace   ] GC(651) Metaspace: 15860K->15860K(1064960K)
[11.936s][info ][gc             ] GC(651) Pause Young (Allocation Failure) 43M->30M(52M) 1.906ms
[11.936s][info ][gc,cpu         ] GC(651) User=0.00s Sys=0.00s Real=0.00s
[11.937s][info ][gc,start       ] GC(652) Pause Young (Allocation Failure)
[11.939s][debug][gc,phases      ] GC(652) Scavenge 1.731ms
[11.939s][debug][gc,phases      ] GC(652) Reference Processing 0.019ms
[11.939s][debug][gc,phases      ] GC(652) Weak Processing 0.009ms
[11.939s][debug][gc,phases      ] GC(652) Scrub String Table 0.065ms
[11.939s][debug][gc,age         ] GC(652) Desired survivor size 3670016 bytes, new threshold 1 (max threshold 15)
[11.939s][info ][gc,heap        ] GC(652) PSYoungGen: 16775K->1267K(17920K)
[11.939s][info ][gc,heap        ] GC(652) ParOldGen: 28310K->29506K(35328K)
[11.939s][info ][gc,metaspace   ] GC(652) Metaspace: 15860K->15860K(1064960K)
[11.939s][info ][gc             ] GC(652) Pause Young (Allocation Failure) 44M->30M(52M) 2.000ms
[11.940s][info ][gc,cpu         ] GC(652) User=0.01s Sys=0.00s Real=0.00s
[11.941s][info ][gc,start       ] GC(653) Pause Young (Allocation Failure)
[11.942s][debug][gc,phases      ] GC(653) Scavenge 1.569ms
[11.942s][debug][gc,phases      ] GC(653) Reference Processing 0.017ms
[11.942s][debug][gc,phases      ] GC(653) Weak Processing 0.009ms
[11.942s][debug][gc,phases      ] GC(653) Scrub String Table 0.063ms
[11.943s][debug][gc,age         ] GC(653) Desired survivor size 3670016 bytes, new threshold 1 (max threshold 15)
[11.943s][info ][gc,heap        ] GC(653) PSYoungGen: 15548K->1658K(17920K)
[11.943s][info ][gc,heap        ] GC(653) ParOldGen: 29506K->29912K(35328K)
[11.943s][info ][gc,metaspace   ] GC(653) Metaspace: 15860K->15860K(1064960K)
[11.943s][info ][gc             ] GC(653) Pause Young (Allocation Failure) 43M->30M(52M) 1.823ms
[11.943s][info ][gc,cpu         ] GC(653) User=0.01s Sys=0.00s Real=0.00s
[11.944s][info ][gc,start       ] GC(654) Pause Young (Allocation Failure)
[11.945s][debug][gc,phases      ] GC(654) Scavenge 1.719ms
[11.946s][debug][gc,phases      ] GC(654) Reference Processing 0.017ms
[11.946s][debug][gc,phases      ] GC(654) Weak Processing 0.013ms
[11.946s][debug][gc,phases      ] GC(654) Scrub String Table 0.074ms
[11.946s][debug][gc,age         ] GC(654) Desired survivor size 3670016 bytes, new threshold 1 (max threshold 15)
[11.946s][info ][gc,heap        ] GC(654) PSYoungGen: 15922K->845K(17920K)
[11.946s][info ][gc,heap        ] GC(654) ParOldGen: 29912K->30319K(35328K)
[11.946s][info ][gc,metaspace   ] GC(654) Metaspace: 15860K->15860K(1064960K)
[11.946s][info ][gc             ] GC(654) Pause Young (Allocation Failure) 44M->30M(52M) 2.004ms
[11.946s][info ][gc,cpu         ] GC(654) User=0.01s Sys=0.00s Real=0.00s
[11.947s][info ][gc,start       ] GC(655) Pause Young (Allocation Failure)
[11.948s][debug][gc,phases      ] GC(655) Scavenge 1.067ms
[11.948s][debug][gc,phases      ] GC(655) Reference Processing 0.019ms
[11.948s][debug][gc,phases      ] GC(655) Weak Processing 0.010ms
[11.948s][debug][gc,phases      ] GC(655) Scrub String Table 0.064ms
[11.948s][debug][gc,age         ] GC(655) Desired survivor size 3145728 bytes, new threshold 1 (max threshold 15)
[11.948s][info ][gc,heap        ] GC(655) PSYoungGen: 15079K->1690K(16896K)
[11.948s][info ][gc,heap        ] GC(655) ParOldGen: 30319K->30725K(35328K)
[11.948s][info ][gc,metaspace   ] GC(655) Metaspace: 15860K->15860K(1064960K)
[11.949s][info ][gc             ] GC(655) Pause Young (Allocation Failure) 44M->31M(51M) 1.350ms
[11.949s][info ][gc,cpu         ] GC(655) User=0.00s Sys=0.00s Real=0.00s
[11.950s][info ][gc,start       ] GC(656) Pause Young (Allocation Failure)
[11.951s][debug][gc,phases      ] GC(656) Scavenge 0.977ms
[11.951s][debug][gc,phases      ] GC(656) Reference Processing 0.018ms
[11.951s][debug][gc,phases      ] GC(656) Weak Processing 0.009ms
[11.951s][debug][gc,phases      ] GC(656) Scrub String Table 0.065ms
[11.951s][debug][gc,age         ] GC(656) Desired survivor size 3145728 bytes, new threshold 1 (max threshold 15)
[11.951s][info ][gc,heap        ] GC(656) PSYoungGen: 15900K->845K(17408K)
[11.951s][info ][gc,heap        ] GC(656) ParOldGen: 30725K->31132K(35328K)
[11.951s][info ][gc,metaspace   ] GC(656) Metaspace: 15860K->15860K(1064960K)
[11.951s][info ][gc             ] GC(656) Pause Young (Allocation Failure) 45M->31M(51M) 1.268ms
[11.951s][info ][gc,cpu         ] GC(656) User=0.00s Sys=0.00s Real=0.00s
[11.952s][info ][gc,start       ] GC(657) Pause Young (Allocation Failure)
[11.954s][debug][gc,phases      ] GC(657) Scavenge 1.427ms
[11.954s][debug][gc,phases      ] GC(657) Reference Processing 0.019ms
[11.954s][debug][gc,phases      ] GC(657) Weak Processing 0.011ms
[11.954s][debug][gc,phases      ] GC(657) Scrub String Table 0.067ms
[11.954s][debug][gc,age         ] GC(657) Desired survivor size 3670016 bytes, new threshold 1 (max threshold 15)
[11.954s][info ][gc,heap        ] GC(657) PSYoungGen: 14919K->2439K(17408K)
[11.954s][info ][gc,heap        ] GC(657) ParOldGen: 31132K->31132K(35328K)
[11.954s][info ][gc,metaspace   ] GC(657) Metaspace: 15860K->15860K(1064960K)
[11.954s][info ][gc             ] GC(657) Pause Young (Allocation Failure) 44M->32M(51M) 1.703ms
[11.954s][info ][gc,cpu         ] GC(657) User=0.01s Sys=0.00s Real=0.00s
[11.955s][info ][gc,start       ] GC(658) Pause Young (Allocation Failure)
[11.957s][debug][gc,phases      ] GC(658) Scavenge 1.840ms
[11.957s][debug][gc,phases      ] GC(658) Reference Processing 0.017ms
[11.957s][debug][gc,phases      ] GC(658) Weak Processing 0.010ms
[11.957s][debug][gc,phases      ] GC(658) Scrub String Table 0.063ms
[11.957s][debug][gc,age         ] GC(658) Desired survivor size 3670016 bytes, new threshold 1 (max threshold 15)
[11.957s][info ][gc,heap        ] GC(658) PSYoungGen: 16727K->454K(17920K)
[11.957s][info ][gc,heap        ] GC(658) ParOldGen: 31132K->32328K(35328K)
[11.957s][info ][gc,metaspace   ] GC(658) Metaspace: 15860K->15860K(1064960K)
[11.957s][info ][gc             ] GC(658) Pause Young (Allocation Failure) 46M->32M(52M) 2.107ms
[11.957s][info ][gc,cpu         ] GC(658) User=0.01s Sys=0.00s Real=0.01s
[11.958s][info ][gc,start       ] GC(659) Pause Young (Allocation Failure)
[11.960s][debug][gc,phases      ] GC(659) Scavenge 1.186ms
[11.960s][debug][gc,phases      ] GC(659) Reference Processing 0.018ms
[11.960s][debug][gc,phases      ] GC(659) Weak Processing 0.010ms
[11.960s][debug][gc,phases      ] GC(659) Scrub String Table 0.065ms
[11.960s][debug][gc,age         ] GC(659) Desired survivor size 4194304 bytes, new threshold 1 (max threshold 15)
[11.960s][info ][gc,heap        ] GC(659) PSYoungGen: 14569K->3221K(16896K)
[11.960s][info ][gc,heap        ] GC(659) ParOldGen: 32328K->32328K(35328K)
[11.960s][info ][gc,metaspace   ] GC(659) Metaspace: 15860K->15860K(1064960K)
[11.960s][info ][gc             ] GC(659) Pause Young (Allocation Failure) 45M->34M(51M) 1.458ms
[11.960s][info ][gc,cpu         ] GC(659) User=0.00s Sys=0.00s Real=0.00s
[11.961s][info ][gc,start       ] GC(660) Pause Young (Allocation Failure)
[11.962s][debug][gc,phases      ] GC(660) Scavenge 1.120ms
[11.962s][debug][gc,phases      ] GC(660) Reference Processing 0.018ms
[11.962s][debug][gc,phases      ] GC(660) Weak Processing 0.010ms
[11.962s][debug][gc,phases      ] GC(660) Scrub String Table 0.072ms
[11.962s][debug][gc,age         ] GC(660) Desired survivor size 4194304 bytes, new threshold 1 (max threshold 15)
[11.962s][info ][gc,heap        ] GC(660) PSYoungGen: 16322K->1235K(17408K)
[11.962s][info ][gc,heap        ] GC(660) ParOldGen: 32328K->34305K(35328K)
[11.962s][info ][gc,metaspace   ] GC(660) Metaspace: 15860K->15860K(1064960K)
[11.962s][info ][gc             ] GC(660) Pause Young (Allocation Failure) 47M->34M(51M) 1.395ms
[11.962s][info ][gc,cpu         ] GC(660) User=0.01s Sys=0.00s Real=0.00s
[11.962s][debug][gc,phases      ] GC(661) Pre Compact 0.017ms
[11.962s][info ][gc,start       ] GC(661) Pause Full (Ergonomics)
[11.963s][info ][gc,phases,start] GC(661) Marking Phase
[11.966s][debug][gc,phases      ] GC(661) Par Mark 2.950ms
[11.966s][debug][gc,phases      ] GC(661) Reference Processing 0.052ms
[11.966s][debug][gc,phases      ] GC(661) Weak Processing 0.010ms
[11.966s][debug][gc,phases      ] GC(661) ClassLoaderData 0.023ms
[11.966s][debug][gc,phases      ] GC(661) ProtectionDomainCacheTable 0.002ms
[11.966s][debug][gc,phases      ] GC(661) ResolvedMethodTable 0.013ms
[11.966s][debug][gc,phases      ] GC(661) Class Unloading 0.702ms
[11.966s][debug][gc,phases      ] GC(661) Scrub String Table 0.055ms
[11.967s][debug][gc,phases      ] GC(661) Scrub Symbol Table 0.938ms
[11.967s][info ][gc,phases      ] GC(661) Marking Phase 4.845ms
[11.967s][info ][gc,phases,start] GC(661) Summary Phase
[11.967s][info ][gc,phases      ] GC(661) Summary Phase 0.012ms
[11.967s][info ][gc,phases,start] GC(661) Adjust Roots
[11.969s][info ][gc,phases      ] GC(661) Adjust Roots 1.480ms
[11.969s][info ][gc,phases,start] GC(661) Compaction Phase
[11.971s][info ][gc,phases      ] GC(661) Compaction Phase 2.544ms
[11.971s][info ][gc,phases,start] GC(661) Post Compact
[11.972s][info ][gc,phases      ] GC(661) Post Compact 0.063ms
[11.972s][info ][gc,heap        ] GC(661) PSYoungGen: 1235K->0K(17408K)
[11.972s][info ][gc,heap        ] GC(661) ParOldGen: 34305K->6199K(37376K)
[11.972s][info ][gc,metaspace   ] GC(661) Metaspace: 15860K->15860K(1064960K)
[11.972s][info ][gc             ] GC(661) Pause Full (Ergonomics) 34M->6M(53M) 9.138ms
[11.972s][info ][gc,cpu         ] GC(661) User=0.03s Sys=0.00s Real=0.01s
[11.973s][info ][gc,start       ] GC(662) Pause Young (Allocation Failure)
[11.974s][debug][gc,phases      ] GC(662) Scavenge 0.962ms
[11.974s][debug][gc,phases      ] GC(662) Reference Processing 0.018ms
[11.974s][debug][gc,phases      ] GC(662) Weak Processing 0.010ms
[11.974s][debug][gc,phases      ] GC(662) Scrub String Table 0.064ms
[11.974s][debug][gc,age         ] GC(662) Desired survivor size 3670016 bytes, new threshold 1 (max threshold 15)
[11.974s][info ][gc,heap        ] GC(662) PSYoungGen: 13267K->1658K(15360K)
[11.974s][info ][gc,heap        ] GC(662) ParOldGen: 6199K->6199K(37376K)
[11.974s][info ][gc,metaspace   ] GC(662) Metaspace: 15860K->15860K(1064960K)
[11.974s][info ][gc             ] GC(662) Pause Young (Allocation Failure) 19M->7M(51M) 1.300ms
[11.974s][info ][gc,cpu         ] GC(662) User=0.01s Sys=0.00s Real=0.00s
[11.975s][info ][gc,start       ] GC(663) Pause Young (Allocation Failure)
[11.977s][debug][gc,phases      ] GC(663) Scavenge 1.751ms
[11.977s][debug][gc,phases      ] GC(663) Reference Processing 0.017ms
[11.977s][debug][gc,phases      ] GC(663) Weak Processing 0.009ms
[11.977s][debug][gc,phases      ] GC(663) Scrub String Table 0.063ms
[11.977s][debug][gc,age         ] GC(663) Desired survivor size 3670016 bytes, new threshold 1 (max threshold 15)
[11.977s][info ][gc,heap        ] GC(663) PSYoungGen: 14742K->845K(16896K)
[11.977s][info ][gc,heap        ] GC(663) ParOldGen: 6199K->7004K(37376K)
[11.977s][info ][gc,metaspace   ] GC(663) Metaspace: 15860K->15860K(1064960K)
[11.977s][info ][gc             ] GC(663) Pause Young (Allocation Failure) 20M->7M(53M) 2.031ms
[11.977s][info ][gc,cpu         ] GC(663) User=0.01s Sys=0.00s Real=0.01s
[11.978s][info ][gc,start       ] GC(664) Pause Young (Allocation Failure)
[11.980s][debug][gc,phases      ] GC(664) Scavenge 1.437ms
[11.980s][debug][gc,phases      ] GC(664) Reference Processing 0.024ms
[11.980s][debug][gc,phases      ] GC(664) Weak Processing 0.014ms
[11.980s][debug][gc,phases      ] GC(664) Scrub String Table 0.072ms
[11.980s][debug][gc,age         ] GC(664) Desired survivor size 3670016 bytes, new threshold 1 (max threshold 15)
[11.980s][info ][gc,heap        ] GC(664) PSYoungGen: 13880K->845K(16896K)
[11.980s][info ][gc,heap        ] GC(664) ParOldGen: 7004K->7020K(37376K)
[11.980s][info ][gc,metaspace   ] GC(664) Metaspace: 15860K->15860K(1064960K)
[11.980s][info ][gc             ] GC(664) Pause Young (Allocation Failure) 20M->7M(53M) 1.759ms
[11.980s][info ][gc,cpu         ] GC(664) User=0.01s Sys=0.00s Real=0.00s
[11.981s][info ][gc,start       ] GC(665) Pause Young (Allocation Failure)
[11.983s][debug][gc,phases      ] GC(665) Scavenge 1.583ms
[11.983s][debug][gc,phases      ] GC(665) Reference Processing 0.027ms
[11.983s][debug][gc,phases      ] GC(665) Weak Processing 0.013ms
[11.983s][debug][gc,phases      ] GC(665) Scrub String Table 0.086ms
[11.983s][debug][gc,age         ] GC(665) Desired survivor size 3670016 bytes, new threshold 1 (max threshold 15)
[11.983s][info ][gc,heap        ] GC(665) PSYoungGen: 14059K->1658K(17920K)
[11.983s][info ][gc,heap        ] GC(665) ParOldGen: 7020K->7028K(37376K)
[11.983s][info ][gc,metaspace   ] GC(665) Metaspace: 15860K->15860K(1064960K)
[11.983s][info ][gc             ] GC(665) Pause Young (Allocation Failure) 20M->8M(54M) 1.925ms
[11.983s][info ][gc,cpu         ] GC(665) User=0.00s Sys=0.00s Real=0.00s
[11.984s][info ][gc,start       ] GC(666) Pause Young (Allocation Failure)
[11.986s][debug][gc,phases      ] GC(666) Scavenge 1.609ms
[11.986s][debug][gc,phases      ] GC(666) Reference Processing 0.018ms
[11.986s][debug][gc,phases      ] GC(666) Weak Processing 0.010ms
[11.986s][debug][gc,phases      ] GC(666) Scrub String Table 0.064ms
[11.986s][debug][gc,age         ] GC(666) Desired survivor size 3670016 bytes, new threshold 1 (max threshold 15)
[11.986s][info ][gc,heap        ] GC(666) PSYoungGen: 15943K->877K(17920K)
[11.986s][info ][gc,heap        ] GC(666) ParOldGen: 7028K->7826K(37376K)
[11.986s][info ][gc,metaspace   ] GC(666) Metaspace: 15860K->15860K(1064960K)
[11.986s][info ][gc             ] GC(666) Pause Young (Allocation Failure) 22M->8M(54M) 1.867ms
[11.986s][info ][gc,cpu         ] GC(666) User=0.01s Sys=0.00s Real=0.00s
[11.987s][info ][gc,start       ] GC(667) Pause Young (Allocation Failure)
[11.989s][debug][gc,phases      ] GC(667) Scavenge 1.041ms
[11.989s][debug][gc,phases      ] GC(667) Reference Processing 0.019ms
[11.989s][debug][gc,phases      ] GC(667) Weak Processing 0.011ms
[11.989s][debug][gc,phases      ] GC(667) Scrub String Table 0.067ms
[11.989s][debug][gc,age         ] GC(667) Desired survivor size 3670016 bytes, new threshold 1 (max threshold 15)
[11.989s][info ][gc,heap        ] GC(667) PSYoungGen: 15071K->64K(17920K)
[11.989s][info ][gc,heap        ] GC(667) ParOldGen: 7826K->8232K(37376K)
[11.989s][info ][gc,metaspace   ] GC(667) Metaspace: 15860K->15860K(1064960K)
[11.989s][info ][gc             ] GC(667) Pause Young (Allocation Failure) 22M->8M(54M) 1.322ms
[11.989s][info ][gc,cpu         ] GC(667) User=0.01s Sys=0.00s Real=0.00s
[11.990s][info ][gc,start       ] GC(668) Pause Young (Allocation Failure)
[11.991s][debug][gc,phases      ] GC(668) Scavenge 0.954ms
[11.991s][debug][gc,phases      ] GC(668) Reference Processing 0.019ms
[11.991s][debug][gc,phases      ] GC(668) Weak Processing 0.010ms
[11.991s][debug][gc,phases      ] GC(668) Scrub String Table 0.067ms
[11.991s][debug][gc,age         ] GC(668) Desired survivor size 3670016 bytes, new threshold 1 (max threshold 15)
[11.991s][info ][gc,heap        ] GC(668) PSYoungGen: 14084K->2145K(17920K)
[11.991s][info ][gc,heap        ] GC(668) ParOldGen: 8232K->8256K(37376K)
[11.991s][info ][gc,metaspace   ] GC(668) Metaspace: 15860K->15860K(1064960K)
[11.991s][info ][gc             ] GC(668) Pause Young (Allocation Failure) 21M->10M(54M) 1.235ms
[11.991s][info ][gc,cpu         ] GC(668) User=0.01s Sys=0.00s Real=0.00s
[11.993s][info ][gc,start       ] GC(669) Pause Young (Allocation Failure)
[11.995s][debug][gc,phases      ] GC(669) Scavenge 1.683ms
[11.995s][debug][gc,phases      ] GC(669) Reference Processing 0.019ms
[11.995s][debug][gc,phases      ] GC(669) Weak Processing 0.010ms
[11.995s][debug][gc,phases      ] GC(669) Scrub String Table 0.064ms
[11.995s][debug][gc,age         ] GC(669) Desired survivor size 3670016 bytes, new threshold 1 (max threshold 15)
[11.995s][info ][gc,heap        ] GC(669) PSYoungGen: 16378K->64K(17920K)
[11.995s][info ][gc,heap        ] GC(669) ParOldGen: 8256K->9054K(37376K)
[11.995s][info ][gc,metaspace   ] GC(669) Metaspace: 15860K->15860K(1064960K)
[11.995s][info ][gc             ] GC(669) Pause Young (Allocation Failure) 24M->8M(54M) 1.941ms
[11.995s][info ][gc,cpu         ] GC(669) User=0.01s Sys=0.00s Real=0.00s
[11.997s][info ][gc,start       ] GC(670) Pause Young (Allocation Failure)
[11.998s][debug][gc,phases      ] GC(670) Scavenge 0.983ms
[11.998s][debug][gc,phases      ] GC(670) Reference Processing 0.019ms
[11.998s][debug][gc,phases      ] GC(670) Weak Processing 0.011ms
[11.998s][debug][gc,phases      ] GC(670) Scrub String Table 0.066ms
[11.998s][debug][gc,age         ] GC(670) Desired survivor size 3670016 bytes, new threshold 1 (max threshold 15)
[11.998s][info ][gc,heap        ] GC(670) PSYoungGen: 14275K->64K(17920K)
[11.998s][info ][gc,heap        ] GC(670) ParOldGen: 9054K->9078K(37376K)
[11.998s][info ][gc,metaspace   ] GC(670) Metaspace: 15860K->15860K(1064960K)
[11.998s][info ][gc             ] GC(670) Pause Young (Allocation Failure) 22M->8M(54M) 1.285ms
[11.998s][info ][gc,cpu         ] GC(670) User=0.00s Sys=0.00s Real=0.00s
[11.999s][info ][gc,start       ] GC(671) Pause Young (Allocation Failure)
[12.001s][debug][gc,phases      ] GC(671) Scavenge 2.195ms
[12.001s][debug][gc,phases      ] GC(671) Reference Processing 0.020ms
[12.001s][debug][gc,phases      ] GC(671) Weak Processing 0.010ms
[12.002s][debug][gc,phases      ] GC(671) Scrub String Table 0.071ms
[12.002s][debug][gc,age         ] GC(671) Desired survivor size 3670016 bytes, new threshold 1 (max threshold 15)
[12.002s][info ][gc,heap        ] GC(671) PSYoungGen: 14216K->1626K(17920K)
[12.002s][info ][gc,heap        ] GC(671) ParOldGen: 9078K->9086K(37376K)
[12.002s][info ][gc,metaspace   ] GC(671) Metaspace: 15860K->15860K(1064960K)
[12.002s][info ][gc             ] GC(671) Pause Young (Allocation Failure) 22M->10M(54M) 2.555ms
[12.002s][info ][gc,cpu         ] GC(671) User=0.01s Sys=0.00s Real=0.00s
[12.003s][info ][gc,start       ] GC(672) Pause Young (Allocation Failure)
[12.006s][debug][gc,phases      ] GC(672) Scavenge 2.381ms
[12.006s][debug][gc,phases      ] GC(672) Reference Processing 0.020ms
[12.006s][debug][gc,phases      ] GC(672) Weak Processing 0.034ms
[12.006s][debug][gc,phases      ] GC(672) Scrub String Table 0.090ms
[12.006s][debug][gc,age         ] GC(672) Desired survivor size 3670016 bytes, new threshold 1 (max threshold 15)
[12.006s][info ][gc,heap        ] GC(672) PSYoungGen: 15962K->1267K(17920K)
[12.006s][info ][gc,heap        ] GC(672) ParOldGen: 9086K->9883K(37376K)
[12.006s][info ][gc,metaspace   ] GC(672) Metaspace: 15860K->15860K(1064960K)
[12.006s][info ][gc             ] GC(672) Pause Young (Allocation Failure) 24M->10M(54M) 2.794ms
[12.006s][info ][gc,cpu         ] GC(672) User=0.01s Sys=0.00s Real=0.00s
[12.007s][info ][gc,start       ] GC(673) Pause Young (Allocation Failure)
[12.009s][debug][gc,phases      ] GC(673) Scavenge 1.646ms
[12.009s][debug][gc,phases      ] GC(673) Reference Processing 0.018ms
[12.009s][debug][gc,phases      ] GC(673) Weak Processing 0.011ms
[12.009s][debug][gc,phases      ] GC(673) Scrub String Table 0.067ms
[12.009s][debug][gc,age         ] GC(673) Desired survivor size 3670016 bytes, new threshold 1 (max threshold 15)
[12.009s][info ][gc,heap        ] GC(673) PSYoungGen: 15370K->2439K(17920K)
[12.009s][info ][gc,heap        ] GC(673) ParOldGen: 9883K->9899K(37376K)
[12.009s][info ][gc,metaspace   ] GC(673) Metaspace: 15860K->15860K(1064960K)
[12.009s][info ][gc             ] GC(673) Pause Young (Allocation Failure) 24M->12M(54M) 1.916ms
[12.009s][info ][gc,cpu         ] GC(673) User=0.01s Sys=0.00s Real=0.00s
[12.011s][info ][gc,start       ] GC(674) Pause Young (Allocation Failure)
[12.012s][debug][gc,phases      ] GC(674) Scavenge 1.144ms
[12.012s][debug][gc,phases      ] GC(674) Reference Processing 0.019ms
[12.012s][debug][gc,phases      ] GC(674) Weak Processing 0.010ms
[12.012s][debug][gc,phases      ] GC(674) Scrub String Table 0.066ms
[12.012s][debug][gc,age         ] GC(674) Desired survivor size 3670016 bytes, new threshold 1 (max threshold 15)
[12.012s][info ][gc,heap        ] GC(674) PSYoungGen: 16706K->1299K(17920K)
[12.012s][info ][gc,heap        ] GC(674) ParOldGen: 9899K->10728K(37376K)
[12.012s][info ][gc,metaspace   ] GC(674) Metaspace: 15860K->15860K(1064960K)
[12.012s][info ][gc             ] GC(674) Pause Young (Allocation Failure) 25M->11M(54M) 1.419ms
[12.012s][info ][gc,cpu         ] GC(674) User=0.01s Sys=0.00s Real=0.00s
[12.013s][info ][gc,start       ] GC(675) Pause Young (Allocation Failure)
[12.014s][debug][gc,phases      ] GC(675) Scavenge 0.947ms
[12.014s][debug][gc,phases      ] GC(675) Reference Processing 0.019ms
[12.014s][debug][gc,phases      ] GC(675) Weak Processing 0.010ms
[12.014s][debug][gc,phases      ] GC(675) Scrub String Table 0.066ms
[12.014s][debug][gc,age         ] GC(675) Desired survivor size 3145728 bytes, new threshold 1 (max threshold 15)
[12.014s][info ][gc,heap        ] GC(675) PSYoungGen: 15425K->1299K(16896K)
[12.014s][info ][gc,heap        ] GC(675) ParOldGen: 10728K->10736K(37376K)
[12.014s][info ][gc,metaspace   ] GC(675) Metaspace: 15860K->15860K(1064960K)
[12.014s][info ][gc             ] GC(675) Pause Young (Allocation Failure) 25M->11M(53M) 1.236ms
[12.014s][info ][gc,cpu         ] GC(675) User=0.01s Sys=0.00s Real=0.00s
[12.016s][info ][gc,start       ] GC(676) Pause Young (Allocation Failure)
[12.017s][debug][gc,phases      ] GC(676) Scavenge 1.097ms
[12.017s][debug][gc,phases      ] GC(676) Reference Processing 0.019ms
[12.017s][debug][gc,phases      ] GC(676) Weak Processing 0.010ms
[12.017s][debug][gc,phases      ] GC(676) Scrub String Table 0.065ms
[12.017s][debug][gc,age         ] GC(676) Desired survivor size 3145728 bytes, new threshold 1 (max threshold 15)
[12.017s][info ][gc,heap        ] GC(676) PSYoungGen: 15549K->1267K(17408K)
[12.017s][info ][gc,heap        ] GC(676) ParOldGen: 10736K->10752K(37376K)
[12.017s][info ][gc,metaspace   ] GC(676) Metaspace: 15860K->15860K(1064960K)
[12.017s][info ][gc             ] GC(676) Pause Young (Allocation Failure) 25M->11M(53M) 1.377ms
[12.017s][info ][gc,cpu         ] GC(676) User=0.01s Sys=0.00s Real=0.01s
[12.018s][info ][gc,start       ] GC(677) Pause Young (Allocation Failure)
[12.020s][debug][gc,phases      ] GC(677) Scavenge 1.637ms
[12.020s][debug][gc,phases      ] GC(677) Reference Processing 0.018ms
[12.020s][debug][gc,phases      ] GC(677) Weak Processing 0.010ms
[12.020s][debug][gc,phases      ] GC(677) Scrub String Table 0.066ms
[12.020s][debug][gc,age         ] GC(677) Desired survivor size 3670016 bytes, new threshold 1 (max threshold 15)
[12.020s][info ][gc,heap        ] GC(677) PSYoungGen: 15365K->2439K(17408K)
[12.020s][info ][gc,heap        ] GC(677) ParOldGen: 10752K->10760K(37376K)
[12.020s][info ][gc,metaspace   ] GC(677) Metaspace: 15860K->15860K(1064960K)
[12.020s][info ][gc             ] GC(677) Pause Young (Allocation Failure) 25M->12M(53M) 1.894ms
[12.020s][info ][gc,cpu         ] GC(677) User=0.01s Sys=0.00s Real=0.00s
[12.021s][info ][gc,start       ] GC(678) Pause Young (Allocation Failure)
[12.022s][debug][gc,phases      ] GC(678) Scavenge 0.415ms
[12.022s][debug][gc,phases      ] GC(678) Reference Processing 0.018ms
[12.022s][debug][gc,phases      ] GC(678) Weak Processing 0.010ms
[12.022s][debug][gc,phases      ] GC(678) Scrub String Table 0.065ms
[12.022s][debug][gc,age         ] GC(678) Desired survivor size 3145728 bytes, new threshold 1 (max threshold 15)
[12.022s][info ][gc,heap        ] GC(678) PSYoungGen: 16743K->1658K(17920K)
[12.022s][info ][gc,heap        ] GC(678) ParOldGen: 10760K->11956K(37376K)
[12.022s][info ][gc,metaspace   ] GC(678) Metaspace: 15860K->15860K(1064960K)
[12.022s][info ][gc             ] GC(678) Pause Young (Allocation Failure) 26M->13M(54M) 0.696ms
[12.022s][info ][gc,cpu         ] GC(678) User=0.00s Sys=0.00s Real=0.00s
[12.023s][info ][gc,start       ] GC(679) Pause Young (Allocation Failure)
[12.025s][debug][gc,phases      ] GC(679) Scavenge 1.577ms
[12.025s][debug][gc,phases      ] GC(679) Reference Processing 0.018ms
[12.025s][debug][gc,phases      ] GC(679) Weak Processing 0.010ms
[12.025s][debug][gc,phases      ] GC(679) Scrub String Table 0.065ms
[12.025s][debug][gc,age         ] GC(679) Desired survivor size 3145728 bytes, new threshold 1 (max threshold 15)
[12.025s][info ][gc,heap        ] GC(679) PSYoungGen: 15943K->845K(17920K)
[12.025s][info ][gc,heap        ] GC(679) ParOldGen: 11956K->12753K(37376K)
[12.025s][info ][gc,metaspace   ] GC(679) Metaspace: 15860K->15860K(1064960K)
[12.025s][info ][gc             ] GC(679) Pause Young (Allocation Failure) 27M->13M(54M) 1.837ms
[12.025s][info ][gc,cpu         ] GC(679) User=0.01s Sys=0.00s Real=0.00s
[12.026s][info ][gc,start       ] GC(680) Pause Young (Allocation Failure)
[12.028s][debug][gc,phases      ] GC(680) Scavenge 1.594ms
[12.028s][debug][gc,phases      ] GC(680) Reference Processing 0.017ms
[12.028s][debug][gc,phases      ] GC(680) Weak Processing 0.010ms
[12.028s][debug][gc,phases      ] GC(680) Scrub String Table 0.065ms
[12.028s][debug][gc,age         ] GC(680) Desired survivor size 3145728 bytes, new threshold 1 (max threshold 15)
[12.028s][info ][gc,heap        ] GC(680) PSYoungGen: 15487K->454K(17920K)
[12.028s][info ][gc,heap        ] GC(680) ParOldGen: 12753K->13160K(37376K)
[12.028s][info ][gc,metaspace   ] GC(680) Metaspace: 15860K->15860K(1064960K)
[12.028s][info ][gc             ] GC(680) Pause Young (Allocation Failure) 27M->13M(54M) 1.887ms
[12.028s][info ][gc,cpu         ] GC(680) User=0.00s Sys=0.00s Real=0.01s
[12.030s][info ][gc,start       ] GC(681) Pause Young (Allocation Failure)
[12.031s][debug][gc,phases      ] GC(681) Scavenge 1.067ms
[12.031s][debug][gc,phases      ] GC(681) Reference Processing 0.018ms
[12.031s][debug][gc,phases      ] GC(681) Weak Processing 0.011ms
[12.031s][debug][gc,phases      ] GC(681) Scrub String Table 0.064ms
[12.031s][debug][gc,age         ] GC(681) Desired survivor size 3145728 bytes, new threshold 1 (max threshold 15)
[12.031s][info ][gc,heap        ] GC(681) PSYoungGen: 15096K->518K(18432K)
[12.031s][info ][gc,heap        ] GC(681) ParOldGen: 13160K->13583K(37376K)
[12.031s][info ][gc,metaspace   ] GC(681) Metaspace: 15860K->15860K(1064960K)
[12.031s][info ][gc             ] GC(681) Pause Young (Allocation Failure) 27M->13M(54M) 1.351ms
[12.031s][info ][gc,cpu         ] GC(681) User=0.00s Sys=0.00s Real=0.00s
[12.032s][info ][gc,start       ] GC(682) Pause Young (Allocation Failure)
[12.034s][debug][gc,phases      ] GC(682) Scavenge 1.513ms
[12.034s][debug][gc,phases      ] GC(682) Reference Processing 0.018ms
[12.034s][debug][gc,phases      ] GC(682) Weak Processing 0.010ms
[12.034s][debug][gc,phases      ] GC(682) Scrub String Table 0.077ms
[12.034s][debug][gc,age         ] GC(682) Desired survivor size 3145728 bytes, new threshold 1 (max threshold 15)
[12.034s][info ][gc,heap        ] GC(682) PSYoungGen: 15573K->877K(18432K)
[12.034s][info ][gc,heap        ] GC(682) ParOldGen: 13583K->13591K(37376K)
[12.034s][info ][gc,metaspace   ] GC(682) Metaspace: 15860K->15860K(1064960K)
[12.034s][info ][gc             ] GC(682) Pause Young (Allocation Failure) 28M->14M(54M) 1.793ms
[12.034s][info ][gc,cpu         ] GC(682) User=0.01s Sys=0.00s Real=0.00s
[12.035s][info ][gc,start       ] GC(683) Pause Young (Allocation Failure)
[12.037s][debug][gc,phases      ] GC(683) Scavenge 1.586ms
[12.037s][debug][gc,phases      ] GC(683) Reference Processing 0.037ms
[12.037s][debug][gc,phases      ] GC(683) Weak Processing 0.013ms
[12.037s][debug][gc,phases      ] GC(683) Scrub String Table 0.076ms
[12.037s][debug][gc,age         ] GC(683) Desired survivor size 3145728 bytes, new threshold 1 (max threshold 15)
[12.037s][info ][gc,heap        ] GC(683) PSYoungGen: 15923K->877K(18432K)
[12.037s][info ][gc,heap        ] GC(683) ParOldGen: 13591K->13997K(37376K)
[12.037s][info ][gc,metaspace   ] GC(683) Metaspace: 15860K->15860K(1064960K)
[12.037s][info ][gc             ] GC(683) Pause Young (Allocation Failure) 28M->14M(54M) 1.936ms
[12.037s][info ][gc,cpu         ] GC(683) User=0.01s Sys=0.00s Real=0.01s
[12.038s][info ][gc,start       ] GC(684) Pause Young (Allocation Failure)
[12.040s][debug][gc,phases      ] GC(684) Scavenge 1.579ms
[12.040s][debug][gc,phases      ] GC(684) Reference Processing 0.018ms
[12.040s][debug][gc,phases      ] GC(684) Weak Processing 0.009ms
[12.040s][debug][gc,phases      ] GC(684) Scrub String Table 0.064ms
[12.040s][debug][gc,age         ] GC(684) Desired survivor size 3145728 bytes, new threshold 1 (max threshold 15)
[12.040s][info ][gc,heap        ] GC(684) PSYoungGen: 15966K->877K(18432K)
[12.040s][info ][gc,heap        ] GC(684) ParOldGen: 13997K->14404K(37376K)
[12.040s][info ][gc,metaspace   ] GC(684) Metaspace: 15860K->15860K(1064960K)
[12.040s][info ][gc             ] GC(684) Pause Young (Allocation Failure) 29M->14M(54M) 1.842ms
[12.040s][info ][gc,cpu         ] GC(684) User=0.01s Sys=0.00s Real=0.00s
[12.041s][info ][gc,start       ] GC(685) Pause Young (Allocation Failure)
[12.042s][debug][gc,phases      ] GC(685) Scavenge 1.022ms
[12.042s][debug][gc,phases      ] GC(685) Reference Processing 0.019ms
[12.042s][debug][gc,phases      ] GC(685) Weak Processing 0.010ms
[12.043s][debug][gc,phases      ] GC(685) Scrub String Table 0.064ms
[12.043s][debug][gc,age         ] GC(685) Desired survivor size 3145728 bytes, new threshold 1 (max threshold 15)
[12.043s][info ][gc,heap        ] GC(685) PSYoungGen: 16231K->2535K(18432K)
[12.043s][info ][gc,heap        ] GC(685) ParOldGen: 14404K->14412K(37376K)
[12.043s][info ][gc,metaspace   ] GC(685) Metaspace: 15860K->15860K(1064960K)
[12.043s][info ][gc             ] GC(685) Pause Young (Allocation Failure) 29M->16M(54M) 1.291ms
[12.043s][info ][gc,cpu         ] GC(685) User=0.01s Sys=0.00s Real=0.00s
[12.044s][info ][gc,start       ] GC(686) Pause Young (Allocation Failure)
[12.046s][debug][gc,phases      ] GC(686) Scavenge 1.626ms
[12.046s][debug][gc,phases      ] GC(686) Reference Processing 0.018ms
[12.046s][debug][gc,phases      ] GC(686) Weak Processing 0.010ms
[12.046s][debug][gc,phases      ] GC(686) Scrub String Table 0.064ms
[12.046s][debug][gc,age         ] GC(686) Desired survivor size 3145728 bytes, new threshold 1 (max threshold 15)
[12.046s][info ][gc,heap        ] GC(686) PSYoungGen: 17577K->454K(18432K)
[12.046s][info ][gc,heap        ] GC(686) ParOldGen: 14412K->15608K(37376K)
[12.046s][info ][gc,metaspace   ] GC(686) Metaspace: 15860K->15860K(1064960K)
[12.046s][info ][gc             ] GC(686) Pause Young (Allocation Failure) 31M->15M(54M) 1.914ms
[12.046s][info ][gc,cpu         ] GC(686) User=0.01s Sys=0.00s Real=0.00s
[12.047s][info ][gc,start       ] GC(687) Pause Young (Allocation Failure)
[12.048s][debug][gc,phases      ] GC(687) Scavenge 0.993ms
[12.048s][debug][gc,phases      ] GC(687) Reference Processing 0.018ms
[12.048s][debug][gc,phases      ] GC(687) Weak Processing 0.010ms
[12.048s][debug][gc,phases      ] GC(687) Scrub String Table 0.064ms
[12.048s][debug][gc,age         ] GC(687) Desired survivor size 3145728 bytes, new threshold 1 (max threshold 15)
[12.048s][info ][gc,heap        ] GC(687) PSYoungGen: 15541K->486K(18432K)
[12.048s][info ][gc,heap        ] GC(687) ParOldGen: 15608K->15616K(37376K)
[12.048s][info ][gc,metaspace   ] GC(687) Metaspace: 15860K->15860K(1064960K)
[12.048s][info ][gc             ] GC(687) Pause Young (Allocation Failure) 30M->15M(54M) 1.289ms
[12.048s][info ][gc,cpu         ] GC(687) User=0.01s Sys=0.00s Real=0.00s
[12.050s][info ][gc,start       ] GC(688) Pause Young (Allocation Failure)
[12.051s][debug][gc,phases      ] GC(688) Scavenge 1.557ms
[12.051s][debug][gc,phases      ] GC(688) Reference Processing 0.025ms
[12.051s][debug][gc,phases      ] GC(688) Weak Processing 0.035ms
[12.051s][debug][gc,phases      ] GC(688) Scrub String Table 0.090ms
[12.052s][debug][gc,age         ] GC(688) Desired survivor size 3145728 bytes, new threshold 1 (max threshold 15)
[12.052s][info ][gc,heap        ] GC(688) PSYoungGen: 15599K->1267K(18432K)
[12.052s][info ][gc,heap        ] GC(688) ParOldGen: 15616K->15624K(37376K)
[12.052s][info ][gc,metaspace   ] GC(688) Metaspace: 15860K->15860K(1064960K)
[12.052s][info ][gc             ] GC(688) Pause Young (Allocation Failure) 30M->16M(54M) 1.936ms
[12.052s][info ][gc,cpu         ] GC(688) User=0.01s Sys=0.00s Real=0.00s
[12.053s][info ][gc,start       ] GC(689) Pause Young (Allocation Failure)
[12.054s][debug][gc,phases      ] GC(689) Scavenge 1.543ms
[12.055s][debug][gc,phases      ] GC(689) Reference Processing 0.026ms
[12.055s][debug][gc,phases      ] GC(689) Weak Processing 0.010ms
[12.055s][debug][gc,phases      ] GC(689) Scrub String Table 0.064ms
[12.055s][debug][gc,age         ] GC(689) Desired survivor size 3145728 bytes, new threshold 1 (max threshold 15)
[12.055s][info ][gc,heap        ] GC(689) PSYoungGen: 16443K->1267K(18432K)
[12.055s][info ][gc,heap        ] GC(689) ParOldGen: 15624K->15632K(37376K)
[12.055s][info ][gc,metaspace   ] GC(689) Metaspace: 15860K->15860K(1064960K)
[12.055s][info ][gc             ] GC(689) Pause Young (Allocation Failure) 31M->16M(54M) 1.826ms
[12.055s][info ][gc,cpu         ] GC(689) User=0.01s Sys=0.00s Real=0.00s
[12.056s][info ][gc,start       ] GC(690) Pause Young (Allocation Failure)
[12.058s][debug][gc,phases      ] GC(690) Scavenge 1.582ms
[12.058s][debug][gc,phases      ] GC(690) Reference Processing 0.017ms
[12.058s][debug][gc,phases      ] GC(690) Weak Processing 0.011ms
[12.058s][debug][gc,phases      ] GC(690) Scrub String Table 0.063ms
[12.058s][debug][gc,age         ] GC(690) Desired survivor size 3670016 bytes, new threshold 1 (max threshold 15)
[12.058s][info ][gc,heap        ] GC(690) PSYoungGen: 16309K->2830K(18432K)
[12.058s][info ][gc,heap        ] GC(690) ParOldGen: 15632K->16030K(37376K)
[12.058s][info ][gc,metaspace   ] GC(690) Metaspace: 15860K->15860K(1064960K)
[12.058s][info ][gc             ] GC(690) Pause Young (Allocation Failure) 31M->18M(54M) 1.843ms
[12.058s][info ][gc,cpu         ] GC(690) User=0.01s Sys=0.00s Real=0.01s
[12.059s][info ][gc,start       ] GC(691) Pause Young (Allocation Failure)
[12.061s][debug][gc,phases      ] GC(691) Scavenge 1.632ms
[12.061s][debug][gc,phases      ] GC(691) Reference Processing 0.018ms
[12.061s][debug][gc,phases      ] GC(691) Weak Processing 0.010ms
[12.061s][debug][gc,phases      ] GC(691) Scrub String Table 0.065ms
[12.061s][debug][gc,age         ] GC(691) Desired survivor size 3670016 bytes, new threshold 1 (max threshold 15)
[12.061s][info ][gc,heap        ] GC(691) PSYoungGen: 18084K->2830K(17408K)
[12.061s][info ][gc,heap        ] GC(691) ParOldGen: 16030K->16054K(37376K)
[12.061s][info ][gc,metaspace   ] GC(691) Metaspace: 15860K->15860K(1064960K)
[12.061s][info ][gc             ] GC(691) Pause Young (Allocation Failure) 33M->18M(53M) 1.901ms
[12.061s][info ][gc,cpu         ] GC(691) User=0.00s Sys=0.00s Real=0.00s
[12.062s][info ][gc,start       ] GC(692) Pause Young (Allocation Failure)
[12.064s][debug][gc,phases      ] GC(692) Scavenge 1.794ms
[12.064s][debug][gc,phases      ] GC(692) Reference Processing 0.020ms
[12.064s][debug][gc,phases      ] GC(692) Weak Processing 0.010ms
[12.064s][debug][gc,phases      ] GC(692) Scrub String Table 0.067ms
[12.064s][debug][gc,age         ] GC(692) Desired survivor size 4194304 bytes, new threshold 1 (max threshold 15)
[12.064s][info ][gc,heap        ] GC(692) PSYoungGen: 16870K->2407K(16896K)
[12.064s][info ][gc,heap        ] GC(692) ParOldGen: 16054K->16461K(37376K)
[12.064s][info ][gc,metaspace   ] GC(692) Metaspace: 15860K->15860K(1064960K)
[12.064s][info ][gc             ] GC(692) Pause Young (Allocation Failure) 32M->18M(53M) 2.083ms
[12.064s][info ][gc,cpu         ] GC(692) User=0.01s Sys=0.00s Real=0.00s
[12.065s][info ][gc,start       ] GC(693) Pause Young (Allocation Failure)
[12.067s][debug][gc,phases      ] GC(693) Scavenge 1.760ms
[12.067s][debug][gc,phases      ] GC(693) Reference Processing 0.017ms
[12.067s][debug][gc,phases      ] GC(693) Weak Processing 0.010ms
[12.067s][debug][gc,phases      ] GC(693) Scrub String Table 0.063ms
[12.067s][debug][gc,age         ] GC(693) Desired survivor size 4194304 bytes, new threshold 1 (max threshold 15)
[12.067s][info ][gc,heap        ] GC(693) PSYoungGen: 16464K->2407K(17408K)
[12.067s][info ][gc,heap        ] GC(693) ParOldGen: 16461K->16469K(37376K)
[12.067s][info ][gc,metaspace   ] GC(693) Metaspace: 15860K->15860K(1064960K)
[12.067s][info ][gc             ] GC(693) Pause Young (Allocation Failure) 32M->18M(53M) 2.013ms
[12.067s][info ][gc,cpu         ] GC(693) User=0.01s Sys=0.00s Real=0.01s
[12.068s][info ][gc,start       ] GC(694) Pause Young (Allocation Failure)
[12.070s][debug][gc,phases      ] GC(694) Scavenge 1.579ms
[12.070s][debug][gc,phases      ] GC(694) Reference Processing 0.019ms
[12.070s][debug][gc,phases      ] GC(694) Weak Processing 0.009ms
[12.070s][debug][gc,phases      ] GC(694) Scrub String Table 0.063ms
[12.070s][debug][gc,age         ] GC(694) Desired survivor size 4194304 bytes, new threshold 1 (max threshold 15)
[12.070s][info ][gc,heap        ] GC(694) PSYoungGen: 15504K->454K(17408K)
[12.070s][info ][gc,heap        ] GC(694) ParOldGen: 16469K->17665K(37376K)
[12.070s][info ][gc,metaspace   ] GC(694) Metaspace: 15860K->15860K(1064960K)
[12.070s][info ][gc             ] GC(694) Pause Young (Allocation Failure) 31M->17M(53M) 1.846ms
[12.070s][info ][gc,cpu         ] GC(694) User=0.01s Sys=0.00s Real=0.00s
[12.071s][info ][gc,start       ] GC(695) Pause Young (Allocation Failure)
[12.073s][debug][gc,phases      ] GC(695) Scavenge 1.785ms
[12.073s][debug][gc,phases      ] GC(695) Reference Processing 0.042ms
[12.073s][debug][gc,phases      ] GC(695) Weak Processing 0.012ms
[12.074s][debug][gc,phases      ] GC(695) Scrub String Table 0.109ms
[12.074s][debug][gc,age         ] GC(695) Desired survivor size 4194304 bytes, new threshold 1 (max threshold 15)
[12.074s][info ][gc,heap        ] GC(695) PSYoungGen: 13632K->2439K(17408K)
[12.074s][info ][gc,heap        ] GC(695) ParOldGen: 17665K->17673K(37376K)
[12.074s][info ][gc,metaspace   ] GC(695) Metaspace: 15860K->15860K(1064960K)
[12.074s][info ][gc             ] GC(695) Pause Young (Allocation Failure) 30M->19M(53M) 2.303ms
[12.074s][info ][gc,cpu         ] GC(695) User=0.01s Sys=0.00s Real=0.00s
[12.075s][info ][gc,start       ] GC(696) Pause Young (Allocation Failure)
[12.076s][debug][gc,phases      ] GC(696) Scavenge 1.101ms
[12.076s][debug][gc,phases      ] GC(696) Reference Processing 0.019ms
[12.076s][debug][gc,phases      ] GC(696) Weak Processing 0.013ms
[12.076s][debug][gc,phases      ] GC(696) Scrub String Table 0.075ms
[12.076s][debug][gc,age         ] GC(696) Desired survivor size 4194304 bytes, new threshold 1 (max threshold 15)
[12.076s][info ][gc,heap        ] GC(696) PSYoungGen: 15664K->2113K(17408K)
[12.076s][info ][gc,heap        ] GC(696) ParOldGen: 17673K->17689K(37376K)
[12.076s][info ][gc,metaspace   ] GC(696) Metaspace: 15860K->15860K(1064960K)
[12.076s][info ][gc             ] GC(696) Pause Young (Allocation Failure) 32M->19M(53M) 1.415ms
[12.076s][info ][gc,cpu         ] GC(696) User=0.01s Sys=0.00s Real=0.01s
[12.078s][info ][gc,start       ] GC(697) Pause Young (Allocation Failure)
[12.079s][debug][gc,phases      ] GC(697) Scavenge 1.481ms
[12.079s][debug][gc,phases      ] GC(697) Reference Processing 0.029ms
[12.079s][debug][gc,phases      ] GC(697) Weak Processing 0.010ms
[12.080s][debug][gc,phases      ] GC(697) Scrub String Table 0.071ms
[12.080s][debug][gc,age         ] GC(697) Desired survivor size 4194304 bytes, new threshold 1 (max threshold 15)
[12.080s][info ][gc,heap        ] GC(697) PSYoungGen: 15287K->2017K(17408K)
[12.080s][info ][gc,heap        ] GC(697) ParOldGen: 17689K->17705K(37376K)
[12.080s][info ][gc,metaspace   ] GC(697) Metaspace: 15860K->15860K(1064960K)
[12.080s][info ][gc             ] GC(697) Pause Young (Allocation Failure) 32M->19M(53M) 1.837ms
[12.080s][info ][gc,cpu         ] GC(697) User=0.01s Sys=0.00s Real=0.00s
[12.081s][info ][gc,start       ] GC(698) Pause Young (Allocation Failure)
[12.082s][debug][gc,phases      ] GC(698) Scavenge 1.294ms
[12.082s][debug][gc,phases      ] GC(698) Reference Processing 0.019ms
[12.082s][debug][gc,phases      ] GC(698) Weak Processing 0.011ms
[12.082s][debug][gc,phases      ] GC(698) Scrub String Table 0.065ms
[12.082s][debug][gc,age         ] GC(698) Desired survivor size 3670016 bytes, new threshold 1 (max threshold 15)
[12.082s][info ][gc,heap        ] GC(698) PSYoungGen: 15091K->1626K(15360K)
[12.082s][info ][gc,heap        ] GC(698) ParOldGen: 17705K->18502K(37376K)
[12.082s][info ][gc,metaspace   ] GC(698) Metaspace: 15860K->15860K(1064960K)
[12.082s][info ][gc             ] GC(698) Pause Young (Allocation Failure) 32M->19M(51M) 1.669ms
[12.082s][info ][gc,cpu         ] GC(698) User=0.00s Sys=0.00s Real=0.00s
[12.084s][info ][gc,start       ] GC(699) Pause Young (Allocation Failure)
[12.085s][debug][gc,phases      ] GC(699) Scavenge 1.104ms
[12.085s][debug][gc,phases      ] GC(699) Reference Processing 0.018ms
[12.085s][debug][gc,phases      ] GC(699) Weak Processing 0.010ms
[12.085s][debug][gc,phases      ] GC(699) Scrub String Table 0.078ms
[12.085s][debug][gc,age         ] GC(699) Desired survivor size 4194304 bytes, new threshold 1 (max threshold 15)
[12.085s][info ][gc,heap        ] GC(699) PSYoungGen: 14656K->96K(16384K)
[12.085s][info ][gc,heap        ] GC(699) ParOldGen: 18502K->19698K(37376K)
[12.085s][info ][gc,metaspace   ] GC(699) Metaspace: 15860K->15860K(1064960K)
[12.085s][info ][gc             ] GC(699) Pause Young (Allocation Failure) 32M->19M(52M) 1.408ms
[12.085s][info ][gc,cpu         ] GC(699) User=0.00s Sys=0.00s Real=0.00s
[12.086s][info ][gc,start       ] GC(700) Pause Young (Allocation Failure)
[12.088s][debug][gc,phases      ] GC(700) Scavenge 1.591ms
[12.088s][debug][gc,phases      ] GC(700) Reference Processing 0.016ms
[12.088s][debug][gc,phases      ] GC(700) Weak Processing 0.011ms
[12.088s][debug][gc,phases      ] GC(700) Scrub String Table 0.065ms
[12.088s][debug][gc,age         ] GC(700) Desired survivor size 3670016 bytes, new threshold 1 (max threshold 15)
[12.088s][info ][gc,heap        ] GC(700) PSYoungGen: 12785K->1658K(16896K)
[12.088s][info ][gc,heap        ] GC(700) ParOldGen: 19698K->19714K(37376K)
[12.088s][info ][gc,metaspace   ] GC(700) Metaspace: 15860K->15860K(1064960K)
[12.088s][info ][gc             ] GC(700) Pause Young (Allocation Failure) 31M->20M(53M) 1.857ms
[12.088s][info ][gc,cpu         ] GC(700) User=0.00s Sys=0.00s Real=0.01s
[12.089s][info ][gc,start       ] GC(701) Pause Young (Allocation Failure)
[12.090s][debug][gc,phases      ] GC(701) Scavenge 1.142ms
[12.090s][debug][gc,phases      ] GC(701) Reference Processing 0.017ms
[12.090s][debug][gc,phases      ] GC(701) Weak Processing 0.012ms
[12.090s][debug][gc,phases      ] GC(701) Scrub String Table 0.065ms
[12.090s][debug][gc,age         ] GC(701) Desired survivor size 3670016 bytes, new threshold 1 (max threshold 15)
[12.090s][info ][gc,heap        ] GC(701) PSYoungGen: 14327K->1235K(17408K)
[12.090s][info ][gc,heap        ] GC(701) ParOldGen: 19714K->20519K(37376K)
[12.090s][info ][gc,metaspace   ] GC(701) Metaspace: 15860K->15860K(1064960K)
[12.090s][info ][gc             ] GC(701) Pause Young (Allocation Failure) 33M->21M(53M) 1.417ms
[12.090s][info ][gc,cpu         ] GC(701) User=0.00s Sys=0.00s Real=0.00s
[12.092s][info ][gc,start       ] GC(702) Pause Young (Allocation Failure)
[12.093s][debug][gc,phases      ] GC(702) Scavenge 1.557ms
[12.093s][debug][gc,phases      ] GC(702) Reference Processing 0.016ms
[12.093s][debug][gc,phases      ] GC(702) Weak Processing 0.010ms
[12.093s][debug][gc,phases      ] GC(702) Scrub String Table 0.064ms
[12.093s][debug][gc,age         ] GC(702) Desired survivor size 3670016 bytes, new threshold 1 (max threshold 15)
[12.093s][info ][gc,heap        ] GC(702) PSYoungGen: 14847K->2049K(17408K)
[12.093s][info ][gc,heap        ] GC(702) ParOldGen: 20519K->20527K(37376K)
[12.093s][info ][gc,metaspace   ] GC(702) Metaspace: 15860K->15860K(1064960K)
[12.093s][info ][gc             ] GC(702) Pause Young (Allocation Failure) 34M->22M(53M) 1.822ms
[12.093s][info ][gc,cpu         ] GC(702) User=0.00s Sys=0.00s Real=0.00s
[12.095s][info ][gc,start       ] GC(703) Pause Young (Allocation Failure)
[12.096s][debug][gc,phases      ] GC(703) Scavenge 1.623ms
[12.096s][debug][gc,phases      ] GC(703) Reference Processing 0.024ms
[12.096s][debug][gc,phases      ] GC(703) Weak Processing 0.015ms
[12.096s][debug][gc,phases      ] GC(703) Scrub String Table 0.085ms
[12.097s][debug][gc,age         ] GC(703) Desired survivor size 3670016 bytes, new threshold 1 (max threshold 15)
[12.097s][info ][gc,heap        ] GC(703) PSYoungGen: 15873K->486K(17920K)
[12.097s][info ][gc,heap        ] GC(703) ParOldGen: 20527K->21325K(37376K)
[12.097s][info ][gc,metaspace   ] GC(703) Metaspace: 15860K->15860K(1064960K)
[12.097s][info ][gc             ] GC(703) Pause Young (Allocation Failure) 35M->21M(54M) 1.968ms
[12.097s][info ][gc,cpu         ] GC(703) User=0.01s Sys=0.01s Real=0.01s
[12.098s][info ][gc,start       ] GC(704) Pause Young (Allocation Failure)
[12.099s][debug][gc,phases      ] GC(704) Scavenge 1.436ms
[12.099s][debug][gc,phases      ] GC(704) Reference Processing 0.018ms
[12.099s][debug][gc,phases      ] GC(704) Weak Processing 0.010ms
[12.099s][debug][gc,phases      ] GC(704) Scrub String Table 0.066ms
[12.100s][debug][gc,age         ] GC(704) Desired survivor size 3670016 bytes, new threshold 1 (max threshold 15)
[12.100s][info ][gc,heap        ] GC(704) PSYoungGen: 14618K->2439K(17920K)
[12.100s][info ][gc,heap        ] GC(704) ParOldGen: 21325K->21349K(37376K)
[12.100s][info ][gc,metaspace   ] GC(704) Metaspace: 15860K->15860K(1064960K)
[12.100s][info ][gc             ] GC(704) Pause Young (Allocation Failure) 35M->23M(54M) 1.703ms
[12.100s][info ][gc,cpu         ] GC(704) User=0.01s Sys=0.00s Real=0.00s
[12.101s][info ][gc,start       ] GC(705) Pause Young (Allocation Failure)
[12.102s][debug][gc,phases      ] GC(705) Scavenge 1.069ms
[12.102s][debug][gc,phases      ] GC(705) Reference Processing 0.021ms
[12.102s][debug][gc,phases      ] GC(705) Weak Processing 0.010ms
[12.102s][debug][gc,phases      ] GC(705) Scrub String Table 0.064ms
[12.102s][debug][gc,age         ] GC(705) Desired survivor size 3670016 bytes, new threshold 1 (max threshold 15)
[12.102s][info ][gc,heap        ] GC(705) PSYoungGen: 16775K->877K(17920K)
[12.102s][info ][gc,heap        ] GC(705) ParOldGen: 21349K->22545K(37376K)
[12.102s][info ][gc,metaspace   ] GC(705) Metaspace: 15860K->15860K(1064960K)
[12.102s][info ][gc             ] GC(705) Pause Young (Allocation Failure) 37M->22M(54M) 1.347ms
[12.102s][info ][gc,cpu         ] GC(705) User=0.01s Sys=0.00s Real=0.00s
[12.103s][info ][gc,start       ] GC(706) Pause Young (Allocation Failure)
[12.105s][debug][gc,phases      ] GC(706) Scavenge 1.620ms
[12.105s][debug][gc,phases      ] GC(706) Reference Processing 0.018ms
[12.105s][debug][gc,phases      ] GC(706) Weak Processing 0.009ms
[12.105s][debug][gc,phases      ] GC(706) Scrub String Table 0.063ms
[12.105s][debug][gc,age         ] GC(706) Desired survivor size 3670016 bytes, new threshold 1 (max threshold 15)
[12.105s][info ][gc,heap        ] GC(706) PSYoungGen: 15107K->1658K(17920K)
[12.105s][info ][gc,heap        ] GC(706) ParOldGen: 22545K->22951K(37376K)
[12.105s][info ][gc,metaspace   ] GC(706) Metaspace: 15860K->15860K(1064960K)
[12.105s][info ][gc             ] GC(706) Pause Young (Allocation Failure) 36M->24M(54M) 1.910ms
[12.105s][info ][gc,cpu         ] GC(706) User=0.01s Sys=0.00s Real=0.00s
[12.106s][info ][gc,start       ] GC(707) Pause Young (Allocation Failure)
[12.108s][debug][gc,phases      ] GC(707) Scavenge 1.420ms
[12.108s][debug][gc,phases      ] GC(707) Reference Processing 0.017ms
[12.108s][debug][gc,phases      ] GC(707) Weak Processing 0.012ms
[12.108s][debug][gc,phases      ] GC(707) Scrub String Table 0.069ms
[12.108s][debug][gc,age         ] GC(707) Desired survivor size 3670016 bytes, new threshold 1 (max threshold 15)
[12.108s][info ][gc,heap        ] GC(707) PSYoungGen: 15936K->877K(17920K)
[12.108s][info ][gc,heap        ] GC(707) ParOldGen: 22951K->23749K(37376K)
[12.108s][info ][gc,metaspace   ] GC(707) Metaspace: 15860K->15860K(1064960K)
[12.108s][info ][gc             ] GC(707) Pause Young (Allocation Failure) 37M->24M(54M) 1.669ms
[12.108s][info ][gc,cpu         ] GC(707) User=0.00s Sys=0.00s Real=0.00s
[12.109s][info ][gc,start       ] GC(708) Pause Young (Allocation Failure)
[12.111s][debug][gc,phases      ] GC(708) Scavenge 1.729ms
[12.111s][debug][gc,phases      ] GC(708) Reference Processing 0.018ms
[12.111s][debug][gc,phases      ] GC(708) Weak Processing 0.009ms
[12.111s][debug][gc,phases      ] GC(708) Scrub String Table 0.063ms
[12.111s][debug][gc,age         ] GC(708) Desired survivor size 3670016 bytes, new threshold 1 (max threshold 15)
[12.111s][info ][gc,heap        ] GC(708) PSYoungGen: 15190K->877K(17920K)
[12.111s][info ][gc,heap        ] GC(708) ParOldGen: 23749K->24155K(37376K)
[12.111s][info ][gc,metaspace   ] GC(708) Metaspace: 15860K->15860K(1064960K)
[12.111s][info ][gc             ] GC(708) Pause Young (Allocation Failure) 38M->24M(54M) 1.997ms
[12.111s][info ][gc,cpu         ] GC(708) User=0.00s Sys=0.00s Real=0.00s
[12.112s][info ][gc,start       ] GC(709) Pause Young (Allocation Failure)
[12.113s][debug][gc,phases      ] GC(709) Scavenge 0.955ms
[12.113s][debug][gc,phases      ] GC(709) Reference Processing 0.019ms
[12.113s][debug][gc,phases      ] GC(709) Weak Processing 0.011ms
[12.114s][debug][gc,phases      ] GC(709) Scrub String Table 0.067ms
[12.114s][debug][gc,age         ] GC(709) Desired survivor size 3145728 bytes, new threshold 1 (max threshold 15)
[12.114s][info ][gc,heap        ] GC(709) PSYoungGen: 15152K->877K(16896K)
[12.114s][info ][gc,heap        ] GC(709) ParOldGen: 24155K->24163K(37376K)
[12.114s][info ][gc,metaspace   ] GC(709) Metaspace: 15860K->15860K(1064960K)
[12.114s][info ][gc             ] GC(709) Pause Young (Allocation Failure) 38M->24M(53M) 1.255ms
[12.114s][info ][gc,cpu         ] GC(709) User=0.00s Sys=0.00s Real=0.00s
[12.115s][info ][gc,start       ] GC(710) Pause Young (Allocation Failure)
[12.116s][debug][gc,phases      ] GC(710) Scavenge 1.452ms
[12.116s][debug][gc,phases      ] GC(710) Reference Processing 0.026ms
[12.116s][debug][gc,phases      ] GC(710) Weak Processing 0.012ms
[12.116s][debug][gc,phases      ] GC(710) Scrub String Table 0.071ms
[12.117s][debug][gc,age         ] GC(710) Desired survivor size 3670016 bytes, new threshold 1 (max threshold 15)
[12.117s][info ][gc,heap        ] GC(710) PSYoungGen: 14927K->2081K(17408K)
[12.117s][info ][gc,heap        ] GC(710) ParOldGen: 24163K->24578K(37376K)
[12.117s][info ][gc,metaspace   ] GC(710) Metaspace: 15860K->15860K(1064960K)
[12.117s][info ][gc             ] GC(710) Pause Young (Allocation Failure) 38M->26M(53M) 1.835ms
[12.117s][info ][gc,cpu         ] GC(710) User=0.01s Sys=0.00s Real=0.01s
[12.118s][info ][gc,start       ] GC(711) Pause Young (Allocation Failure)
[12.119s][debug][gc,phases      ] GC(711) Scavenge 1.041ms
[12.119s][debug][gc,phases      ] GC(711) Reference Processing 0.018ms
[12.119s][debug][gc,phases      ] GC(711) Weak Processing 0.010ms
[12.119s][debug][gc,phases      ] GC(711) Scrub String Table 0.064ms
[12.119s][debug][gc,age         ] GC(711) Desired survivor size 3145728 bytes, new threshold 1 (max threshold 15)
[12.119s][info ][gc,heap        ] GC(711) PSYoungGen: 16374K->1235K(17920K)
[12.119s][info ][gc,heap        ] GC(711) ParOldGen: 24578K->25798K(37376K)
[12.119s][info ][gc,metaspace   ] GC(711) Metaspace: 15860K->15860K(1064960K)
[12.119s][info ][gc             ] GC(711) Pause Young (Allocation Failure) 39M->26M(54M) 1.323ms
[12.119s][info ][gc,cpu         ] GC(711) User=0.01s Sys=0.00s Real=0.00s
[12.120s][info ][gc,start       ] GC(712) Pause Young (Allocation Failure)
[12.122s][debug][gc,phases      ] GC(712) Scavenge 1.690ms
[12.122s][debug][gc,phases      ] GC(712) Reference Processing 0.019ms
[12.122s][debug][gc,phases      ] GC(712) Weak Processing 0.009ms
[12.122s][debug][gc,phases      ] GC(712) Scrub String Table 0.065ms
[12.122s][debug][gc,age         ] GC(712) Desired survivor size 3670016 bytes, new threshold 1 (max threshold 15)
[12.122s][info ][gc,heap        ] GC(712) PSYoungGen: 16083K->2439K(17920K)
[12.122s][info ][gc,heap        ] GC(712) ParOldGen: 25798K->25798K(37376K)
[12.122s][info ][gc,metaspace   ] GC(712) Metaspace: 15860K->15860K(1064960K)
[12.122s][info ][gc             ] GC(712) Pause Young (Allocation Failure) 40M->27M(54M) 1.983ms
[12.122s][info ][gc,cpu         ] GC(712) User=0.01s Sys=0.00s Real=0.00s
[12.124s][info ][gc,start       ] GC(713) Pause Young (Allocation Failure)
[12.125s][debug][gc,phases      ] GC(713) Scavenge 1.247ms
[12.125s][debug][gc,phases      ] GC(713) Reference Processing 0.019ms
[12.125s][debug][gc,phases      ] GC(713) Weak Processing 0.010ms
[12.125s][debug][gc,phases      ] GC(713) Scrub String Table 0.064ms
[12.125s][debug][gc,age         ] GC(713) Desired survivor size 3670016 bytes, new threshold 1 (max threshold 15)
[12.125s][info ][gc,heap        ] GC(713) PSYoungGen: 17024K->486K(17920K)
[12.125s][info ][gc,heap        ] GC(713) ParOldGen: 25798K->27400K(37376K)
[12.125s][info ][gc,metaspace   ] GC(713) Metaspace: 15860K->15860K(1064960K)
[12.125s][info ][gc             ] GC(713) Pause Young (Allocation Failure) 41M->27M(54M) 1.551ms
[12.125s][info ][gc,cpu         ] GC(713) User=0.00s Sys=0.00s Real=0.00s
[12.126s][info ][gc,start       ] GC(714) Pause Young (Allocation Failure)
[12.128s][debug][gc,phases      ] GC(714) Scavenge 1.201ms
[12.128s][debug][gc,phases      ] GC(714) Reference Processing 0.017ms
[12.128s][debug][gc,phases      ] GC(714) Weak Processing 0.011ms
[12.128s][debug][gc,phases      ] GC(714) Scrub String Table 0.065ms
[12.128s][debug][gc,age         ] GC(714) Desired survivor size 3670016 bytes, new threshold 1 (max threshold 15)
[12.128s][info ][gc,heap        ] GC(714) PSYoungGen: 14794K->1658K(17920K)
[12.128s][info ][gc,heap        ] GC(714) ParOldGen: 27400K->27807K(37376K)
[12.128s][info ][gc,metaspace   ] GC(714) Metaspace: 15860K->15860K(1064960K)
[12.128s][info ][gc             ] GC(714) Pause Young (Allocation Failure) 41M->28M(54M) 1.469ms
[12.128s][info ][gc,cpu         ] GC(714) User=0.00s Sys=0.00s Real=0.00s
[12.129s][info ][gc,start       ] GC(715) Pause Young (Allocation Failure)
[12.131s][debug][gc,phases      ] GC(715) Scavenge 1.186ms
[12.131s][debug][gc,phases      ] GC(715) Reference Processing 0.019ms
[12.131s][debug][gc,phases      ] GC(715) Weak Processing 0.010ms
[12.131s][debug][gc,phases      ] GC(715) Scrub String Table 0.065ms
[12.131s][debug][gc,age         ] GC(715) Desired survivor size 3670016 bytes, new threshold 1 (max threshold 15)
[12.131s][info ][gc,heap        ] GC(715) PSYoungGen: 15994K->582K(17920K)
[12.131s][info ][gc,heap        ] GC(715) ParOldGen: 27807K->28238K(37376K)
[12.131s][info ][gc,metaspace   ] GC(715) Metaspace: 15860K->15860K(1064960K)
[12.131s][info ][gc             ] GC(715) Pause Young (Allocation Failure) 42M->28M(54M) 1.482ms
[12.131s][info ][gc,cpu         ] GC(715) User=0.01s Sys=0.00s Real=0.00s
[12.132s][info ][gc,start       ] GC(716) Pause Young (Allocation Failure)
[12.133s][debug][gc,phases      ] GC(716) Scavenge 1.078ms
[12.133s][debug][gc,phases      ] GC(716) Reference Processing 0.018ms
[12.133s][debug][gc,phases      ] GC(716) Weak Processing 0.012ms
[12.133s][debug][gc,phases      ] GC(716) Scrub String Table 0.065ms
[12.133s][debug][gc,age         ] GC(716) Desired survivor size 3670016 bytes, new threshold 1 (max threshold 15)
[12.133s][info ][gc,heap        ] GC(716) PSYoungGen: 14710K->2081K(17920K)
[12.133s][info ][gc,heap        ] GC(716) ParOldGen: 28238K->28246K(37376K)
[12.133s][info ][gc,metaspace   ] GC(716) Metaspace: 15860K->15860K(1064960K)
[12.133s][info ][gc             ] GC(716) Pause Young (Allocation Failure) 41M->29M(54M) 1.359ms
[12.133s][info ][gc,cpu         ] GC(716) User=0.01s Sys=0.00s Real=0.00s
[12.134s][info ][gc,start       ] GC(717) Pause Young (Allocation Failure)
[12.136s][debug][gc,phases      ] GC(717) Scavenge 1.415ms
[12.136s][debug][gc,phases      ] GC(717) Reference Processing 0.021ms
[12.136s][debug][gc,phases      ] GC(717) Weak Processing 0.011ms
[12.136s][debug][gc,phases      ] GC(717) Scrub String Table 0.068ms
[12.136s][debug][gc,age         ] GC(717) Desired survivor size 3670016 bytes, new threshold 1 (max threshold 15)
[12.136s][info ][gc,heap        ] GC(717) PSYoungGen: 16403K->1690K(17920K)
[12.136s][info ][gc,heap        ] GC(717) ParOldGen: 28246K->29450K(37376K)
[12.136s][info ][gc,metaspace   ] GC(717) Metaspace: 15860K->15860K(1064960K)
[12.136s][info ][gc             ] GC(717) Pause Young (Allocation Failure) 43M->30M(54M) 1.703ms
[12.136s][info ][gc,cpu         ] GC(717) User=0.01s Sys=0.00s Real=0.00s
[12.137s][info ][gc,start       ] GC(718) Pause Young (Allocation Failure)
[12.139s][debug][gc,phases      ] GC(718) Scavenge 1.870ms
[12.139s][debug][gc,phases      ] GC(718) Reference Processing 0.020ms
[12.139s][debug][gc,phases      ] GC(718) Weak Processing 0.010ms
[12.139s][debug][gc,phases      ] GC(718) Scrub String Table 0.067ms
[12.139s][debug][gc,age         ] GC(718) Desired survivor size 3670016 bytes, new threshold 1 (max threshold 15)
[12.139s][info ][gc,heap        ] GC(718) PSYoungGen: 15784K->2439K(17920K)
[12.139s][info ][gc,heap        ] GC(718) ParOldGen: 29450K->29840K(37376K)
[12.139s][info ][gc,metaspace   ] GC(718) Metaspace: 15860K->15860K(1064960K)
[12.140s][info ][gc             ] GC(718) Pause Young (Allocation Failure) 44M->31M(54M) 2.164ms
[12.140s][info ][gc,cpu         ] GC(718) User=0.01s Sys=0.00s Real=0.00s
[12.141s][info ][gc,start       ] GC(719) Pause Young (Allocation Failure)
[12.142s][debug][gc,phases      ] GC(719) Scavenge 1.327ms
[12.142s][debug][gc,phases      ] GC(719) Reference Processing 0.021ms
[12.142s][debug][gc,phases      ] GC(719) Weak Processing 0.012ms
[12.143s][debug][gc,phases      ] GC(719) Scrub String Table 0.065ms
[12.143s][debug][gc,age         ] GC(719) Desired survivor size 3670016 bytes, new threshold 1 (max threshold 15)
[12.143s][info ][gc,heap        ] GC(719) PSYoungGen: 16775K->1658K(17920K)
[12.143s][info ][gc,heap        ] GC(719) ParOldGen: 29840K->30661K(37376K)
[12.143s][info ][gc,metaspace   ] GC(719) Metaspace: 15860K->15860K(1064960K)
[12.143s][info ][gc             ] GC(719) Pause Young (Allocation Failure) 45M->31M(54M) 1.603ms
[12.143s][info ][gc,cpu         ] GC(719) User=0.01s Sys=0.00s Real=0.00s
[12.144s][info ][gc,start       ] GC(720) Pause Young (Allocation Failure)
[12.146s][debug][gc,phases      ] GC(720) Scavenge 1.452ms
[12.146s][debug][gc,phases      ] GC(720) Reference Processing 0.023ms
[12.146s][debug][gc,phases      ] GC(720) Weak Processing 0.015ms
[12.146s][debug][gc,phases      ] GC(720) Scrub String Table 0.083ms
[12.146s][debug][gc,age         ] GC(720) Desired survivor size 3670016 bytes, new threshold 1 (max threshold 15)
[12.146s][info ][gc,heap        ] GC(720) PSYoungGen: 15689K->1658K(17920K)
[12.146s][info ][gc,heap        ] GC(720) ParOldGen: 30661K->31076K(37376K)
[12.146s][info ][gc,metaspace   ] GC(720) Metaspace: 15860K->15860K(1064960K)
[12.146s][info ][gc             ] GC(720) Pause Young (Allocation Failure) 45M->31M(54M) 1.961ms
[12.146s][info ][gc,cpu         ] GC(720) User=0.01s Sys=0.00s Real=0.00s
[12.147s][info ][gc,start       ] GC(721) Pause Young (Allocation Failure)
[12.149s][debug][gc,phases      ] GC(721) Scavenge 1.231ms
[12.149s][debug][gc,phases      ] GC(721) Reference Processing 0.019ms
[12.149s][debug][gc,phases      ] GC(721) Weak Processing 0.012ms
[12.149s][debug][gc,phases      ] GC(721) Scrub String Table 0.069ms
[12.149s][debug][gc,age         ] GC(721) Desired survivor size 3145728 bytes, new threshold 1 (max threshold 15)
[12.149s][info ][gc,heap        ] GC(721) PSYoungGen: 15641K->1690K(16896K)
[12.149s][info ][gc,heap        ] GC(721) ParOldGen: 31076K->31491K(37376K)
[12.149s][info ][gc,metaspace   ] GC(721) Metaspace: 15860K->15860K(1064960K)
[12.149s][info ][gc             ] GC(721) Pause Young (Allocation Failure) 45M->32M(53M) 1.559ms
[12.149s][info ][gc,cpu         ] GC(721) User=0.01s Sys=0.00s Real=0.00s
[12.150s][info ][gc,start       ] GC(722) Pause Young (Allocation Failure)
[12.153s][debug][gc,phases      ] GC(722) Scavenge 2.418ms
[12.153s][debug][gc,phases      ] GC(722) Reference Processing 0.019ms
[12.153s][debug][gc,phases      ] GC(722) Weak Processing 0.011ms
[12.153s][debug][gc,phases      ] GC(722) Scrub String Table 0.067ms
[12.153s][debug][gc,age         ] GC(722) Desired survivor size 3670016 bytes, new threshold 1 (max threshold 15)
[12.153s][info ][gc,heap        ] GC(722) PSYoungGen: 15657K->2407K(17408K)
[12.153s][info ][gc,heap        ] GC(722) ParOldGen: 31491K->31507K(37376K)
[12.153s][info ][gc,metaspace   ] GC(722) Metaspace: 15860K->15860K(1064960K)
[12.153s][info ][gc             ] GC(722) Pause Young (Allocation Failure) 46M->33M(53M) 2.716ms
[12.153s][info ][gc,cpu         ] GC(722) User=0.01s Sys=0.00s Real=0.00s
[12.154s][info ][gc,start       ] GC(723) Pause Young (Allocation Failure)
[12.156s][debug][gc,phases      ] GC(723) Scavenge 2.122ms
[12.157s][debug][gc,phases      ] GC(723) Reference Processing 0.026ms
[12.157s][debug][gc,phases      ] GC(723) Weak Processing 0.017ms
[12.157s][debug][gc,phases      ] GC(723) Scrub String Table 0.081ms
[12.157s][debug][gc,age         ] GC(723) Desired survivor size 3670016 bytes, new threshold 1 (max threshold 15)
[12.157s][info ][gc,heap        ] GC(723) PSYoungGen: 16701K->454K(17920K)
[12.157s][info ][gc,heap        ] GC(723) ParOldGen: 31507K->32304K(37376K)
[12.157s][info ][gc,metaspace   ] GC(723) Metaspace: 15860K->15860K(1064960K)
[12.157s][info ][gc             ] GC(723) Pause Young (Allocation Failure) 47M->31M(54M) 2.489ms
[12.157s][info ][gc,cpu         ] GC(723) User=0.01s Sys=0.00s Real=0.01s
[12.158s][info ][gc,start       ] GC(724) Pause Young (Allocation Failure)
[12.160s][debug][gc,phases      ] GC(724) Scavenge 2.569ms
[12.161s][debug][gc,phases      ] GC(724) Reference Processing 0.019ms
[12.161s][debug][gc,phases      ] GC(724) Weak Processing 0.011ms
[12.161s][debug][gc,phases      ] GC(724) Scrub String Table 0.067ms
[12.161s][debug][gc,age         ] GC(724) Desired survivor size 3670016 bytes, new threshold 1 (max threshold 15)
[12.161s][info ][gc,heap        ] GC(724) PSYoungGen: 14432K->2017K(17920K)
[12.161s][info ][gc,heap        ] GC(724) ParOldGen: 32304K->32320K(37376K)
[12.161s][info ][gc,metaspace   ] GC(724) Metaspace: 15860K->15860K(1064960K)
[12.161s][info ][gc             ] GC(724) Pause Young (Allocation Failure) 45M->33M(54M) 2.847ms
[12.161s][info ][gc,cpu         ] GC(724) User=0.02s Sys=0.00s Real=0.00s
[12.162s][info ][gc,start       ] GC(725) Pause Young (Allocation Failure)
[12.164s][debug][gc,phases      ] GC(725) Scavenge 1.460ms
[12.164s][debug][gc,phases      ] GC(725) Reference Processing 0.019ms
[12.164s][debug][gc,phases      ] GC(725) Weak Processing 0.010ms
[12.164s][debug][gc,phases      ] GC(725) Scrub String Table 0.076ms
[12.164s][debug][gc,age         ] GC(725) Desired survivor size 3670016 bytes, new threshold 1 (max threshold 15)
[12.164s][info ][gc,heap        ] GC(725) PSYoungGen: 16353K->2017K(17920K)
[12.164s][info ][gc,heap        ] GC(725) ParOldGen: 32320K->32336K(37376K)
[12.164s][info ][gc,metaspace   ] GC(725) Metaspace: 15860K->15860K(1064960K)
[12.164s][info ][gc             ] GC(725) Pause Young (Allocation Failure) 47M->33M(54M) 1.752ms
[12.164s][info ][gc,cpu         ] GC(725) User=0.01s Sys=0.00s Real=0.00s
[12.165s][info ][gc,start       ] GC(726) Pause Young (Allocation Failure)
[12.167s][debug][gc,phases      ] GC(726) Scavenge 1.205ms
[12.167s][debug][gc,phases      ] GC(726) Reference Processing 0.019ms
[12.167s][debug][gc,phases      ] GC(726) Weak Processing 0.011ms
[12.167s][debug][gc,phases      ] GC(726) Scrub String Table 0.066ms
[12.167s][debug][gc,age         ] GC(726) Desired survivor size 3670016 bytes, new threshold 1 (max threshold 15)
[12.167s][info ][gc,heap        ] GC(726) PSYoungGen: 16054K->2113K(17920K)
[12.167s][info ][gc,heap        ] GC(726) ParOldGen: 32336K->32759K(37376K)
[12.167s][info ][gc,metaspace   ] GC(726) Metaspace: 15860K->15860K(1064960K)
[12.167s][info ][gc             ] GC(726) Pause Young (Allocation Failure) 47M->34M(54M) 1.488ms
[12.167s][info ][gc,cpu         ] GC(726) User=0.01s Sys=0.00s Real=0.01s
[12.168s][info ][gc,start       ] GC(727) Pause Young (Allocation Failure)
[12.169s][debug][gc,phases      ] GC(727) Scavenge 1.105ms
[12.170s][debug][gc,phases      ] GC(727) Reference Processing 0.020ms
[12.170s][debug][gc,phases      ] GC(727) Weak Processing 0.010ms
[12.170s][debug][gc,phases      ] GC(727) Scrub String Table 0.070ms
[12.170s][debug][gc,age         ] GC(727) Desired survivor size 3670016 bytes, new threshold 1 (max threshold 15)
[12.170s][info ][gc,heap        ] GC(727) PSYoungGen: 16087K->2535K(17920K)
[12.170s][info ][gc,heap        ] GC(727) ParOldGen: 32759K->32775K(37376K)
[12.170s][info ][gc,metaspace   ] GC(727) Metaspace: 15860K->15860K(1064960K)
[12.170s][info ][gc             ] GC(727) Pause Young (Allocation Failure) 47M->34M(54M) 1.389ms
[12.170s][info ][gc,cpu         ] GC(727) User=0.01s Sys=0.00s Real=0.00s
[12.171s][info ][gc,start       ] GC(728) Pause Young (Allocation Failure)
[12.172s][debug][gc,phases      ] GC(728) Scavenge 1.174ms
[12.172s][debug][gc,phases      ] GC(728) Reference Processing 0.020ms
[12.172s][debug][gc,phases      ] GC(728) Weak Processing 0.013ms
[12.173s][debug][gc,phases      ] GC(728) Scrub String Table 0.082ms
[12.173s][debug][gc,age         ] GC(728) Desired survivor size 3670016 bytes, new threshold 1 (max threshold 15)
[12.173s][info ][gc,heap        ] GC(728) PSYoungGen: 16484K->1754K(17920K)
[12.173s][info ][gc,heap        ] GC(728) ParOldGen: 32775K->33189K(37376K)
[12.173s][info ][gc,metaspace   ] GC(728) Metaspace: 15860K->15860K(1064960K)
[12.173s][info ][gc             ] GC(728) Pause Young (Allocation Failure) 48M->34M(54M) 1.501ms
[12.173s][info ][gc,cpu         ] GC(728) User=0.00s Sys=0.00s Real=0.00s
[12.174s][info ][gc,start       ] GC(729) Pause Young (Allocation Failure)
[12.175s][debug][gc,phases      ] GC(729) Scavenge 1.231ms
[12.175s][debug][gc,phases      ] GC(729) Reference Processing 0.020ms
[12.175s][debug][gc,phases      ] GC(729) Weak Processing 0.014ms
[12.175s][debug][gc,phases      ] GC(729) Scrub String Table 0.081ms
[12.175s][debug][gc,age         ] GC(729) Desired survivor size 3670016 bytes, new threshold 1 (max threshold 15)
[12.175s][info ][gc,heap        ] GC(729) PSYoungGen: 16090K->2894K(17920K)
[12.175s][info ][gc,heap        ] GC(729) ParOldGen: 33189K->33205K(37376K)
[12.175s][info ][gc,metaspace   ] GC(729) Metaspace: 15860K->15860K(1064960K)
[12.175s][info ][gc             ] GC(729) Pause Young (Allocation Failure) 48M->35M(54M) 1.535ms
[12.176s][info ][gc,cpu         ] GC(729) User=0.01s Sys=0.00s Real=0.00s
[12.177s][info ][gc,start       ] GC(730) Pause Young (Allocation Failure)
[12.179s][debug][gc,phases      ] GC(730) Scavenge 1.810ms
[12.179s][debug][gc,phases      ] GC(730) Reference Processing 0.019ms
[12.179s][debug][gc,phases      ] GC(730) Weak Processing 0.011ms
[12.179s][debug][gc,phases      ] GC(730) Scrub String Table 0.067ms
[12.179s][debug][gc,age         ] GC(730) Desired survivor size 3670016 bytes, new threshold 1 (max threshold 15)
[12.179s][info ][gc,heap        ] GC(730) PSYoungGen: 16891K->2439K(17920K)
[12.179s][info ][gc,heap        ] GC(730) ParOldGen: 33205K->33213K(37376K)
[12.179s][info ][gc,metaspace   ] GC(730) Metaspace: 15860K->15860K(1064960K)
[12.179s][info ][gc             ] GC(730) Pause Young (Allocation Failure) 48M->34M(54M) 2.108ms
[12.179s][info ][gc,cpu         ] GC(730) User=0.01s Sys=0.00s Real=0.00s
[12.180s][info ][gc,start       ] GC(731) Pause Young (Allocation Failure)
[12.181s][debug][gc,phases      ] GC(731) Scavenge 1.302ms
[12.181s][debug][gc,phases      ] GC(731) Reference Processing 0.020ms
[12.181s][debug][gc,phases      ] GC(731) Weak Processing 0.012ms
[12.181s][debug][gc,phases      ] GC(731) Scrub String Table 0.069ms
[12.181s][debug][gc,age         ] GC(731) Desired survivor size 4194304 bytes, new threshold 1 (max threshold 15)
[12.182s][info ][gc,heap        ] GC(731) PSYoungGen: 16770K->2535K(16896K)
[12.182s][info ][gc,heap        ] GC(731) ParOldGen: 33213K->33229K(37376K)
[12.182s][info ][gc,metaspace   ] GC(731) Metaspace: 15860K->15860K(1064960K)
[12.182s][info ][gc             ] GC(731) Pause Young (Allocation Failure) 48M->34M(53M) 1.642ms
[12.182s][info ][gc,cpu         ] GC(731) User=0.01s Sys=0.00s Real=0.00s
[12.183s][info ][gc,start       ] GC(732) Pause Young (Allocation Failure)
[12.184s][debug][gc,phases      ] GC(732) Scavenge 1.369ms
[12.184s][debug][gc,phases      ] GC(732) Reference Processing 0.019ms
[12.184s][debug][gc,phases      ] GC(732) Weak Processing 0.011ms
[12.184s][debug][gc,phases      ] GC(732) Scrub String Table 0.068ms
[12.184s][debug][gc,age         ] GC(732) Desired survivor size 3670016 bytes, new threshold 1 (max threshold 15)
[12.184s][info ][gc,heap        ] GC(732) PSYoungGen: 15719K->2049K(17408K)
[12.184s][info ][gc,heap        ] GC(732) ParOldGen: 33229K->33237K(37376K)
[12.184s][info ][gc,metaspace   ] GC(732) Metaspace: 15860K->15860K(1064960K)
[12.184s][info ][gc             ] GC(732) Pause Young (Allocation Failure) 47M->34M(53M) 1.661ms
[12.184s][info ][gc,cpu         ] GC(732) User=0.01s Sys=0.00s Real=0.00s
[12.185s][info ][gc,start       ] GC(733) Pause Young (Allocation Failure)
[12.187s][debug][gc,phases      ] GC(733) Scavenge 1.266ms
[12.187s][debug][gc,phases      ] GC(733) Reference Processing 0.019ms
[12.187s][debug][gc,phases      ] GC(733) Weak Processing 0.012ms
[12.187s][debug][gc,phases      ] GC(733) Scrub String Table 0.072ms
[12.187s][debug][gc,age         ] GC(733) Desired survivor size 3670016 bytes, new threshold 1 (max threshold 15)
[12.187s][info ][gc,heap        ] GC(733) PSYoungGen: 15221K->1690K(17408K)
[12.187s][info ][gc,heap        ] GC(733) ParOldGen: 33237K->33245K(37376K)
[12.187s][info ][gc,metaspace   ] GC(733) Metaspace: 15860K->15860K(1064960K)
[12.187s][info ][gc             ] GC(733) Pause Young (Allocation Failure) 47M->34M(53M) 1.562ms
[12.187s][info ][gc,cpu         ] GC(733) User=0.01s Sys=0.00s Real=0.01s
[12.188s][info ][gc,start       ] GC(734) Pause Young (Allocation Failure)
[12.190s][debug][gc,phases      ] GC(734) Scavenge 1.925ms
[12.190s][debug][gc,phases      ] GC(734) Reference Processing 0.026ms
[12.190s][debug][gc,phases      ] GC(734) Weak Processing 0.012ms
[12.190s][debug][gc,phases      ] GC(734) Scrub String Table 0.071ms
[12.190s][debug][gc,age         ] GC(734) Desired survivor size 3670016 bytes, new threshold 1 (max threshold 15)
[12.190s][info ][gc,heap        ] GC(734) PSYoungGen: 15257K->2471K(17408K)
[12.190s][info ][gc,heap        ] GC(734) ParOldGen: 33245K->33253K(37376K)
[12.190s][info ][gc,metaspace   ] GC(734) Metaspace: 15860K->15860K(1064960K)
[12.190s][info ][gc             ] GC(734) Pause Young (Allocation Failure) 47M->34M(53M) 2.352ms
[12.192s][info ][gc,cpu         ] GC(734) User=0.01s Sys=0.00s Real=0.00s
[12.193s][info ][gc,start       ] GC(735) Pause Young (Allocation Failure)
[12.195s][debug][gc,phases      ] GC(735) Scavenge 2.380ms
[12.196s][debug][gc,phases      ] GC(735) Reference Processing 0.020ms
[12.196s][debug][gc,phases      ] GC(735) Weak Processing 0.013ms
[12.196s][debug][gc,phases      ] GC(735) Scrub String Table 0.070ms
[12.196s][debug][gc,age         ] GC(735) Desired survivor size 3670016 bytes, new threshold 1 (max threshold 15)
[12.196s][info ][gc,heap        ] GC(735) PSYoungGen: 15998K->1626K(17920K)
[12.196s][info ][gc,heap        ] GC(735) ParOldGen: 33253K->33660K(37376K)
[12.196s][info ][gc,metaspace   ] GC(735) Metaspace: 15860K->15860K(1064960K)
[12.196s][info ][gc             ] GC(735) Pause Young (Allocation Failure) 48M->34M(54M) 2.668ms
[12.196s][info ][gc,cpu         ] GC(735) User=0.01s Sys=0.00s Real=0.00s
[12.197s][info ][gc,start       ] GC(736) Pause Young (Allocation Failure)
[12.198s][debug][gc,phases      ] GC(736) Scavenge 1.234ms
[12.198s][debug][gc,phases      ] GC(736) Reference Processing 0.028ms
[12.198s][debug][gc,phases      ] GC(736) Weak Processing 0.016ms
[12.199s][debug][gc,phases      ] GC(736) Scrub String Table 0.092ms
[12.199s][debug][gc,age         ] GC(736) Desired survivor size 3670016 bytes, new threshold 1 (max threshold 15)
[12.199s][info ][gc,heap        ] GC(736) PSYoungGen: 15882K->486K(17920K)
[12.199s][info ][gc,heap        ] GC(736) ParOldGen: 33660K->34473K(37376K)
[12.199s][info ][gc,metaspace   ] GC(736) Metaspace: 15860K->15860K(1064960K)
[12.199s][info ][gc             ] GC(736) Pause Young (Allocation Failure) 48M->34M(54M) 1.629ms
[12.199s][info ][gc,cpu         ] GC(736) User=0.00s Sys=0.00s Real=0.00s
[12.200s][info ][gc,start       ] GC(737) Pause Young (Allocation Failure)
[12.201s][debug][gc,phases      ] GC(737) Scavenge 1.405ms
[12.201s][debug][gc,phases      ] GC(737) Reference Processing 0.025ms
[12.201s][debug][gc,phases      ] GC(737) Weak Processing 0.016ms
[12.201s][debug][gc,phases      ] GC(737) Scrub String Table 0.081ms
[12.201s][debug][gc,age         ] GC(737) Desired survivor size 3670016 bytes, new threshold 1 (max threshold 15)
[12.201s][info ][gc,heap        ] GC(737) PSYoungGen: 14445K->2017K(17920K)
[12.201s][info ][gc,heap        ] GC(737) ParOldGen: 34473K->34489K(37376K)
[12.201s][info ][gc,metaspace   ] GC(737) Metaspace: 15860K->15860K(1064960K)
[12.201s][info ][gc             ] GC(737) Pause Young (Allocation Failure) 47M->35M(54M) 1.764ms
[12.201s][info ][gc,cpu         ] GC(737) User=0.01s Sys=0.00s Real=0.00s
[12.202s][info ][gc,start       ] GC(738) Pause Young (Allocation Failure)
[12.205s][debug][gc,phases      ] GC(738) Scavenge 2.203ms
[12.205s][debug][gc,phases      ] GC(738) Reference Processing 0.018ms
[12.205s][debug][gc,phases      ] GC(738) Weak Processing 0.010ms
[12.205s][debug][gc,phases      ] GC(738) Scrub String Table 0.066ms
[12.205s][debug][gc,age         ] GC(738) Desired survivor size 3670016 bytes, new threshold 1 (max threshold 15)
[12.205s][info ][gc,heap        ] GC(738) PSYoungGen: 15993K->2049K(17920K)
[12.205s][info ][gc,heap        ] GC(738) ParOldGen: 34489K->34505K(37376K)
[12.205s][info ][gc,metaspace   ] GC(738) Metaspace: 15860K->15860K(1064960K)
[12.205s][info ][gc             ] GC(738) Pause Young (Allocation Failure) 49M->35M(54M) 2.468ms
[12.205s][info ][gc,cpu         ] GC(738) User=0.01s Sys=0.00s Real=0.00s
[12.206s][info ][gc,start       ] GC(739) Pause Young (Allocation Failure)
[12.208s][debug][gc,phases      ] GC(739) Scavenge 1.415ms
[12.208s][debug][gc,phases      ] GC(739) Reference Processing 0.022ms
[12.208s][debug][gc,phases      ] GC(739) Weak Processing 0.012ms
[12.208s][debug][gc,phases      ] GC(739) Scrub String Table 0.067ms
[12.208s][debug][gc,age         ] GC(739) Desired survivor size 3670016 bytes, new threshold 1 (max threshold 15)
[12.208s][info ][gc,heap        ] GC(739) PSYoungGen: 16040K->1690K(17920K)
[12.208s][info ][gc,heap        ] GC(739) ParOldGen: 34505K->34537K(37376K)
[12.208s][info ][gc,metaspace   ] GC(739) Metaspace: 15860K->15860K(1064960K)
[12.208s][info ][gc             ] GC(739) Pause Young (Allocation Failure) 49M->35M(54M) 1.725ms
[12.208s][info ][gc,cpu         ] GC(739) User=0.00s Sys=0.00s Real=0.01s
[12.209s][info ][gc,start       ] GC(740) Pause Young (Allocation Failure)
[12.210s][debug][gc,phases      ] GC(740) Scavenge 1.226ms
[12.210s][debug][gc,phases      ] GC(740) Reference Processing 0.018ms
[12.210s][debug][gc,phases      ] GC(740) Weak Processing 0.011ms
[12.210s][debug][gc,phases      ] GC(740) Scrub String Table 0.067ms
[12.210s][debug][gc,age         ] GC(740) Desired survivor size 3670016 bytes, new threshold 1 (max threshold 15)
[12.210s][info ][gc,heap        ] GC(740) PSYoungGen: 16026K->2798K(17920K)
[12.210s][info ][gc,heap        ] GC(740) ParOldGen: 34537K->34545K(37376K)
[12.210s][info ][gc,metaspace   ] GC(740) Metaspace: 15860K->15860K(1064960K)
[12.210s][info ][gc             ] GC(740) Pause Young (Allocation Failure) 49M->36M(54M) 1.486ms
[12.210s][info ][gc,cpu         ] GC(740) User=0.00s Sys=0.00s Real=0.00s
[12.211s][info ][gc,start       ] GC(741) Pause Young (Allocation Failure)
[12.213s][debug][gc,phases      ] GC(741) Scavenge 1.225ms
[12.213s][debug][gc,phases      ] GC(741) Reference Processing 0.020ms
[12.213s][debug][gc,phases      ] GC(741) Weak Processing 0.012ms
[12.213s][debug][gc,phases      ] GC(741) Scrub String Table 0.101ms
[12.213s][debug][gc,age         ] GC(741) Desired survivor size 3670016 bytes, new threshold 1 (max threshold 15)
[12.213s][info ][gc,heap        ] GC(741) PSYoungGen: 16768K->2439K(17920K)
[12.213s][info ][gc,heap        ] GC(741) ParOldGen: 34545K->34553K(37376K)
[12.213s][info ][gc,metaspace   ] GC(741) Metaspace: 15860K->15860K(1064960K)
[12.213s][info ][gc             ] GC(741) Pause Young (Allocation Failure) 50M->36M(54M) 1.654ms
[12.213s][info ][gc,cpu         ] GC(741) User=0.01s Sys=0.00s Real=0.00s
[12.214s][info ][gc,start       ] GC(742) Pause Young (Allocation Failure)
[12.215s][debug][gc,phases      ] GC(742) Scavenge 1.091ms
[12.215s][debug][gc,phases      ] GC(742) Reference Processing 0.019ms
[12.215s][debug][gc,phases      ] GC(742) Weak Processing 0.010ms
[12.215s][debug][gc,phases      ] GC(742) Scrub String Table 0.070ms
[12.216s][debug][gc,age         ] GC(742) Desired survivor size 3670016 bytes, new threshold 1 (max threshold 15)
[12.216s][info ][gc,heap        ] GC(742) PSYoungGen: 16775K->2113K(17920K)
[12.216s][info ][gc,heap        ] GC(742) ParOldGen: 34553K->34960K(37376K)
[12.216s][info ][gc,metaspace   ] GC(742) Metaspace: 15860K->15860K(1064960K)
[12.216s][info ][gc             ] GC(742) Pause Young (Allocation Failure) 50M->36M(54M) 1.371ms
[12.216s][info ][gc,cpu         ] GC(742) User=0.01s Sys=0.00s Real=0.00s
[12.217s][info ][gc,start       ] GC(743) Pause Young (Allocation Failure)
[12.218s][debug][gc,phases      ] GC(743) Scavenge 0.688ms
[12.218s][debug][gc,phases      ] GC(743) Reference Processing 0.019ms
[12.218s][debug][gc,phases      ] GC(743) Weak Processing 0.011ms
[12.218s][debug][gc,phases      ] GC(743) Scrub String Table 0.069ms
[12.218s][debug][gc,age         ] GC(743) Desired survivor size 3670016 bytes, new threshold 1 (max threshold 15)
[12.218s][info ][gc,heap        ] GC(743) PSYoungGen: 16444K->2439K(17920K)
[12.218s][info ][gc,heap        ] GC(743) ParOldGen: 34960K->34960K(37376K)
[12.218s][info ][gc,metaspace   ] GC(743) Metaspace: 15860K->15860K(1064960K)
[12.218s][info ][gc             ] GC(743) Pause Young (Allocation Failure) 50M->36M(54M) 0.966ms
[12.218s][info ][gc,cpu         ] GC(743) User=0.00s Sys=0.00s Real=0.00s
[12.219s][info ][gc,start       ] GC(744) Pause Young (Allocation Failure)
[12.221s][debug][gc,phases      ] GC(744) Scavenge 1.991ms
[12.221s][debug][gc,phases      ] GC(744) Reference Processing 0.020ms
[12.221s][debug][gc,phases      ] GC(744) Weak Processing 0.011ms
[12.221s][debug][gc,phases      ] GC(744) Scrub String Table 0.068ms
[12.221s][debug][gc,age         ] GC(744) Desired survivor size 3670016 bytes, new threshold 1 (max threshold 15)
[12.221s][info ][gc,heap        ] GC(744) PSYoungGen: 16775K->2049K(17920K)
[12.221s][info ][gc,heap        ] GC(744) ParOldGen: 34960K->35358K(37376K)
[12.221s][info ][gc,metaspace   ] GC(744) Metaspace: 15860K->15860K(1064960K)
[12.221s][info ][gc             ] GC(744) Pause Young (Allocation Failure) 50M->36M(54M) 2.279ms
[12.221s][info ][gc,cpu         ] GC(744) User=0.01s Sys=0.00s Real=0.00s
[12.222s][info ][gc,start       ] GC(745) Pause Young (Allocation Failure)
[12.223s][debug][gc,phases      ] GC(745) Scavenge 0.791ms
[12.223s][debug][gc,phases      ] GC(745) Reference Processing 0.020ms
[12.223s][debug][gc,phases      ] GC(745) Weak Processing 0.010ms
[12.223s][debug][gc,phases      ] GC(745) Scrub String Table 0.069ms
[12.223s][debug][gc,age         ] GC(745) Desired survivor size 3670016 bytes, new threshold 1 (max threshold 15)
[12.223s][info ][gc,heap        ] GC(745) PSYoungGen: 16009K->2049K(17920K)
[12.223s][info ][gc,heap        ] GC(745) ParOldGen: 35358K->35366K(37376K)
[12.223s][info ][gc,metaspace   ] GC(745) Metaspace: 15860K->15860K(1064960K)
[12.223s][info ][gc             ] GC(745) Pause Young (Allocation Failure) 50M->36M(54M) 1.080ms
[12.223s][info ][gc,cpu         ] GC(745) User=0.01s Sys=0.00s Real=0.00s
[12.224s][info ][gc,start       ] GC(746) Pause Young (Allocation Failure)
[12.225s][debug][gc,phases      ] GC(746) Scavenge 0.904ms
[12.225s][debug][gc,phases      ] GC(746) Reference Processing 0.018ms
[12.225s][debug][gc,phases      ] GC(746) Weak Processing 0.011ms
[12.226s][debug][gc,phases      ] GC(746) Scrub String Table 0.067ms
[12.226s][debug][gc,age         ] GC(746) Desired survivor size 3670016 bytes, new threshold 1 (max threshold 15)
[12.226s][info ][gc,heap        ] GC(746) PSYoungGen: 16385K->2830K(17920K)
[12.226s][info ][gc,heap        ] GC(746) ParOldGen: 35366K->35374K(37376K)
[12.226s][info ][gc,metaspace   ] GC(746) Metaspace: 15860K->15860K(1064960K)
[12.226s][info ][gc             ] GC(746) Pause Young (Allocation Failure) 50M->37M(54M) 1.166ms
[12.226s][info ][gc,cpu         ] GC(746) User=0.00s Sys=0.00s Real=0.00s
[12.227s][info ][gc,start       ] GC(747) Pause Young (Allocation Failure)
[12.228s][debug][gc,phases      ] GC(747) Scavenge 1.276ms
[12.228s][debug][gc,phases      ] GC(747) Reference Processing 0.020ms
[12.228s][debug][gc,phases      ] GC(747) Weak Processing 0.010ms
[12.228s][debug][gc,phases      ] GC(747) Scrub String Table 0.066ms
[12.228s][debug][gc,age         ] GC(747) Desired survivor size 3670016 bytes, new threshold 1 (max threshold 15)
[12.228s][info ][gc,heap        ] GC(747) PSYoungGen: 16786K->1658K(17920K)
[12.228s][info ][gc,heap        ] GC(747) ParOldGen: 35374K->35374K(37376K)
[12.228s][info ][gc,metaspace   ] GC(747) Metaspace: 15860K->15860K(1064960K)
[12.228s][info ][gc             ] GC(747) Pause Young (Allocation Failure) 50M->36M(54M) 1.561ms
[12.228s][info ][gc,cpu         ] GC(747) User=0.00s Sys=0.00s Real=0.00s
[12.229s][info ][gc,start       ] GC(748) Pause Young (Allocation Failure)
[12.231s][debug][gc,phases      ] GC(748) Scavenge 1.352ms
[12.231s][debug][gc,phases      ] GC(748) Reference Processing 0.020ms
[12.231s][debug][gc,phases      ] GC(748) Weak Processing 0.011ms
[12.231s][debug][gc,phases      ] GC(748) Scrub String Table 0.070ms
[12.231s][debug][gc,age         ] GC(748) Desired survivor size 3670016 bytes, new threshold 1 (max threshold 15)
[12.231s][info ][gc,heap        ] GC(748) PSYoungGen: 15971K->2503K(17920K)
[12.231s][info ][gc,heap        ] GC(748) ParOldGen: 35374K->35781K(37376K)
[12.231s][info ][gc,metaspace   ] GC(748) Metaspace: 15860K->15860K(1064960K)
[12.231s][info ][gc             ] GC(748) Pause Young (Allocation Failure) 50M->37M(54M) 1.655ms
[12.231s][info ][gc,cpu         ] GC(748) User=0.00s Sys=0.00s Real=0.00s
[12.232s][info ][gc,start       ] GC(749) Pause Young (Allocation Failure)
[12.234s][debug][gc,phases      ] GC(749) Scavenge 1.949ms
[12.234s][debug][gc,phases      ] GC(749) Reference Processing 0.020ms
[12.234s][debug][gc,phases      ] GC(749) Weak Processing 0.011ms
[12.234s][debug][gc,phases      ] GC(749) Scrub String Table 0.068ms
[12.234s][debug][gc,age         ] GC(749) Desired survivor size 3670016 bytes, new threshold 1 (max threshold 15)
[12.234s][info ][gc,heap        ] GC(749) PSYoungGen: 16470K->2830K(17920K)
[12.234s][info ][gc,heap        ] GC(749) ParOldGen: 35781K->35781K(37376K)
[12.234s][info ][gc,metaspace   ] GC(749) Metaspace: 15860K->15860K(1064960K)
[12.234s][info ][gc             ] GC(749) Pause Young (Allocation Failure) 51M->37M(54M) 2.228ms
[12.234s][info ][gc,cpu         ] GC(749) User=0.01s Sys=0.00s Real=0.00s
[12.235s][info ][gc,start       ] GC(750) Pause Young (Allocation Failure)
[12.237s][debug][gc,phases      ] GC(750) Scavenge 1.530ms
[12.237s][debug][gc,phases      ] GC(750) Reference Processing 0.019ms
[12.237s][debug][gc,phases      ] GC(750) Weak Processing 0.011ms
[12.237s][debug][gc,phases      ] GC(750) Scrub String Table 0.068ms
[12.237s][debug][gc,age         ] GC(750) Desired survivor size 3670016 bytes, new threshold 1 (max threshold 15)
[12.237s][info ][gc,heap        ] GC(750) PSYoungGen: 16792K->2862K(17920K)
[12.237s][info ][gc,heap        ] GC(750) ParOldGen: 35781K->35789K(37376K)
[12.237s][info ][gc,metaspace   ] GC(750) Metaspace: 15860K->15860K(1064960K)
[12.237s][info ][gc             ] GC(750) Pause Young (Allocation Failure) 51M->37M(54M) 1.933ms
[12.237s][info ][gc,cpu         ] GC(750) User=0.00s Sys=0.00s Real=0.01s
[12.239s][info ][gc,start       ] GC(751) Pause Young (Allocation Failure)
[12.240s][debug][gc,phases      ] GC(751) Scavenge 1.357ms
[12.240s][debug][gc,phases      ] GC(751) Reference Processing 0.019ms
[12.240s][debug][gc,phases      ] GC(751) Weak Processing 0.011ms
[12.240s][debug][gc,phases      ] GC(751) Scrub String Table 0.070ms
[12.240s][debug][gc,age         ] GC(751) Desired survivor size 3670016 bytes, new threshold 1 (max threshold 15)
[12.240s][info ][gc,heap        ] GC(751) PSYoungGen: 17198K->2439K(17920K)
[12.240s][info ][gc,heap        ] GC(751) ParOldGen: 35789K->35805K(37376K)
[12.240s][info ][gc,metaspace   ] GC(751) Metaspace: 15860K->15860K(1064960K)
[12.240s][info ][gc             ] GC(751) Pause Young (Allocation Failure) 51M->37M(54M) 1.642ms
[12.240s][info ][gc,cpu         ] GC(751) User=0.01s Sys=0.00s Real=0.00s
[12.241s][info ][gc,start       ] GC(752) Pause Young (Allocation Failure)
[12.243s][debug][gc,phases      ] GC(752) Scavenge 1.337ms
[12.243s][debug][gc,phases      ] GC(752) Reference Processing 0.020ms
[12.243s][debug][gc,phases      ] GC(752) Weak Processing 0.011ms
[12.243s][debug][gc,phases      ] GC(752) Scrub String Table 0.069ms
[12.243s][debug][gc,age         ] GC(752) Desired survivor size 3670016 bytes, new threshold 1 (max threshold 15)
[12.243s][info ][gc,heap        ] GC(752) PSYoungGen: 16397K->2798K(17920K)
[12.243s][info ][gc,heap        ] GC(752) ParOldGen: 35805K->35805K(37376K)
[12.243s][info ][gc,metaspace   ] GC(752) Metaspace: 15860K->15860K(1064960K)
[12.243s][info ][gc             ] GC(752) Pause Young (Allocation Failure) 50M->37M(54M) 1.624ms
[12.243s][info ][gc,cpu         ] GC(752) User=0.01s Sys=0.01s Real=0.00s
[12.244s][info ][gc,start       ] GC(753) Pause Young (Allocation Failure)
[12.246s][debug][gc,phases      ] GC(753) Scavenge 1.673ms
[12.246s][debug][gc,phases      ] GC(753) Reference Processing 0.027ms
[12.246s][debug][gc,phases      ] GC(753) Weak Processing 0.016ms
[12.246s][debug][gc,phases      ] GC(753) Scrub String Table 0.084ms
[12.246s][debug][gc,age         ] GC(753) Desired survivor size 3670016 bytes, new threshold 1 (max threshold 15)
[12.246s][info ][gc,heap        ] GC(753) PSYoungGen: 16754K->2439K(17920K)
[12.246s][info ][gc,heap        ] GC(753) ParOldGen: 35805K->35813K(37376K)
[12.246s][info ][gc,metaspace   ] GC(753) Metaspace: 15860K->15860K(1064960K)
[12.246s][info ][gc             ] GC(753) Pause Young (Allocation Failure) 51M->37M(54M) 2.029ms
[12.246s][info ][gc,cpu         ] GC(753) User=0.00s Sys=0.00s Real=0.00s
[12.248s][info ][gc,start       ] GC(754) Pause Young (Allocation Failure)
[12.249s][debug][gc,phases      ] GC(754) Scavenge 1.521ms
[12.249s][debug][gc,phases      ] GC(754) Reference Processing 0.029ms
[12.249s][debug][gc,phases      ] GC(754) Weak Processing 0.018ms
[12.250s][debug][gc,phases      ] GC(754) Scrub String Table 0.093ms
[12.250s][debug][gc,age         ] GC(754) Desired survivor size 3670016 bytes, new threshold 1 (max threshold 15)
[12.250s][info ][gc,heap        ] GC(754) PSYoungGen: 16683K->2113K(17920K)
[12.250s][info ][gc,heap        ] GC(754) ParOldGen: 35813K->36228K(37376K)
[12.250s][info ][gc,metaspace   ] GC(754) Metaspace: 15860K->15860K(1064960K)
[12.250s][info ][gc             ] GC(754) Pause Young (Allocation Failure) 51M->37M(54M) 1.927ms
[12.250s][info ][gc,cpu         ] GC(754) User=0.00s Sys=0.00s Real=0.00s
[12.251s][info ][gc,start       ] GC(755) Pause Young (Allocation Failure)
[12.253s][debug][gc,phases      ] GC(755) Scavenge 1.880ms
[12.253s][debug][gc,phases      ] GC(755) Reference Processing 0.020ms
[12.253s][debug][gc,phases      ] GC(755) Weak Processing 0.011ms
[12.253s][debug][gc,phases      ] GC(755) Scrub String Table 0.068ms
[12.253s][debug][gc,age         ] GC(755) Desired survivor size 3670016 bytes, new threshold 1 (max threshold 15)
[12.253s][info ][gc,heap        ] GC(755) PSYoungGen: 16412K->1235K(17920K)
[12.253s][info ][gc,heap        ] GC(755) ParOldGen: 36228K->37033K(37376K)
[12.253s][info ][gc,metaspace   ] GC(755) Metaspace: 15860K->15860K(1064960K)
[12.253s][info ][gc             ] GC(755) Pause Young (Allocation Failure) 51M->37M(54M) 2.165ms
[12.253s][info ][gc,cpu         ] GC(755) User=0.01s Sys=0.00s Real=0.00s
[12.253s][debug][gc,phases      ] GC(756) Pre Compact 0.010ms
[12.253s][info ][gc,start       ] GC(756) Pause Full (Ergonomics)
[12.253s][info ][gc,phases,start] GC(756) Marking Phase
[12.257s][debug][gc,phases      ] GC(756) Par Mark 3.561ms
[12.257s][debug][gc,phases      ] GC(756) Reference Processing 0.082ms
[12.257s][debug][gc,phases      ] GC(756) Weak Processing 0.013ms
[12.257s][debug][gc,phases      ] GC(756) ClassLoaderData 0.048ms
[12.257s][debug][gc,phases      ] GC(756) ProtectionDomainCacheTable 0.003ms
[12.257s][debug][gc,phases      ] GC(756) ResolvedMethodTable 0.016ms
[12.258s][debug][gc,phases      ] GC(756) Class Unloading 0.772ms
[12.258s][debug][gc,phases      ] GC(756) Scrub String Table 0.054ms
[12.259s][debug][gc,phases      ] GC(756) Scrub Symbol Table 0.974ms
[12.259s][info ][gc,phases      ] GC(756) Marking Phase 5.620ms
[12.259s][info ][gc,phases,start] GC(756) Summary Phase
[12.259s][info ][gc,phases      ] GC(756) Summary Phase 0.012ms
[12.259s][info ][gc,phases,start] GC(756) Adjust Roots
[12.260s][info ][gc,phases      ] GC(756) Adjust Roots 1.518ms
[12.260s][info ][gc,phases,start] GC(756) Compaction Phase
[12.262s][info ][gc,phases      ] GC(756) Compaction Phase 1.706ms
[12.262s][info ][gc,phases,start] GC(756) Post Compact
[12.262s][info ][gc,phases      ] GC(756) Post Compact 0.071ms
[12.262s][info ][gc,heap        ] GC(756) PSYoungGen: 1235K->0K(17920K)
[12.262s][info ][gc,heap        ] GC(756) ParOldGen: 37033K->5027K(35840K)
[12.262s][info ][gc,metaspace   ] GC(756) Metaspace: 15860K->15860K(1064960K)
[12.262s][info ][gc             ] GC(756) Pause Full (Ergonomics) 37M->4M(52M) 9.142ms
[12.262s][info ][gc,cpu         ] GC(756) User=0.03s Sys=0.00s Real=0.01s
[12.263s][info ][gc,start       ] GC(757) Pause Young (Allocation Failure)
[12.265s][debug][gc,phases      ] GC(757) Scavenge 1.148ms
[12.265s][debug][gc,phases      ] GC(757) Reference Processing 0.020ms
[12.265s][debug][gc,phases      ] GC(757) Weak Processing 0.011ms
[12.265s][debug][gc,phases      ] GC(757) Scrub String Table 0.070ms
[12.265s][debug][gc,age         ] GC(757) Desired survivor size 3670016 bytes, new threshold 1 (max threshold 15)
[12.265s][info ][gc,heap        ] GC(757) PSYoungGen: 14007K->2113K(17920K)
[12.265s][info ][gc,heap        ] GC(757) ParOldGen: 5027K->5027K(35840K)
[12.265s][info ][gc,metaspace   ] GC(757) Metaspace: 15860K->15860K(1064960K)
[12.265s][info ][gc             ] GC(757) Pause Young (Allocation Failure) 18M->6M(52M) 1.509ms
[12.265s][info ][gc,cpu         ] GC(757) User=0.01s Sys=0.00s Real=0.00s
[12.266s][info ][gc,start       ] GC(758) Pause Young (Allocation Failure)
[12.268s][debug][gc,phases      ] GC(758) Scavenge 1.724ms
[12.268s][debug][gc,phases      ] GC(758) Reference Processing 0.019ms
[12.268s][debug][gc,phases      ] GC(758) Weak Processing 0.014ms
[12.268s][debug][gc,phases      ] GC(758) Scrub String Table 0.092ms
[12.268s][debug][gc,age         ] GC(758) Desired survivor size 3670016 bytes, new threshold 1 (max threshold 15)
[12.268s][info ][gc,heap        ] GC(758) PSYoungGen: 16101K->2049K(17920K)
[12.268s][info ][gc,heap        ] GC(758) ParOldGen: 5027K->5035K(35840K)
[12.268s][info ][gc,metaspace   ] GC(758) Metaspace: 15860K->15860K(1064960K)
[12.268s][info ][gc             ] GC(758) Pause Young (Allocation Failure) 20M->6M(52M) 2.030ms
[12.268s][info ][gc,cpu         ] GC(758) User=0.01s Sys=0.00s Real=0.01s
[12.269s][info ][gc,start       ] GC(759) Pause Young (Allocation Failure)
[12.271s][debug][gc,phases      ] GC(759) Scavenge 1.620ms
[12.271s][debug][gc,phases      ] GC(759) Reference Processing 0.019ms
[12.271s][debug][gc,phases      ] GC(759) Weak Processing 0.011ms
[12.271s][debug][gc,phases      ] GC(759) Scrub String Table 0.069ms
[12.271s][debug][gc,age         ] GC(759) Desired survivor size 3670016 bytes, new threshold 1 (max threshold 15)
[12.271s][info ][gc,heap        ] GC(759) PSYoungGen: 16025K->2049K(17920K)
[12.271s][info ][gc,heap        ] GC(759) ParOldGen: 5035K->5043K(35840K)
[12.271s][info ][gc,metaspace   ] GC(759) Metaspace: 15860K->15860K(1064960K)
[12.271s][info ][gc             ] GC(759) Pause Young (Allocation Failure) 20M->6M(52M) 1.889ms
[12.271s][info ][gc,cpu         ] GC(759) User=0.01s Sys=0.00s Real=0.00s
[12.272s][info ][gc,start       ] GC(760) Pause Young (Allocation Failure)
[12.273s][debug][gc,phases      ] GC(760) Scavenge 0.722ms
[12.273s][debug][gc,phases      ] GC(760) Reference Processing 0.019ms
[12.273s][debug][gc,phases      ] GC(760) Weak Processing 0.011ms
[12.273s][debug][gc,phases      ] GC(760) Scrub String Table 0.066ms
[12.273s][debug][gc,age         ] GC(760) Desired survivor size 3670016 bytes, new threshold 1 (max threshold 15)
[12.273s][info ][gc,heap        ] GC(760) PSYoungGen: 16017K->2049K(17920K)
[12.273s][info ][gc,heap        ] GC(760) ParOldGen: 5043K->5043K(35840K)
[12.273s][info ][gc,metaspace   ] GC(760) Metaspace: 15860K->15860K(1064960K)
[12.273s][info ][gc             ] GC(760) Pause Young (Allocation Failure) 20M->6M(52M) 0.990ms
[12.273s][info ][gc,cpu         ] GC(760) User=0.01s Sys=0.00s Real=0.00s
[12.274s][info ][gc,start       ] GC(761) Pause Young (Allocation Failure)
[12.275s][debug][gc,phases      ] GC(761) Scavenge 0.926ms
[12.275s][debug][gc,phases      ] GC(761) Reference Processing 0.019ms
[12.275s][debug][gc,phases      ] GC(761) Weak Processing 0.011ms
[12.275s][debug][gc,phases      ] GC(761) Scrub String Table 0.069ms
[12.275s][debug][gc,age         ] GC(761) Desired survivor size 3145728 bytes, new threshold 1 (max threshold 15)
[12.275s][info ][gc,heap        ] GC(761) PSYoungGen: 16012K->2017K(16896K)
[12.275s][info ][gc,heap        ] GC(761) ParOldGen: 5043K->5051K(35840K)
[12.275s][info ][gc,metaspace   ] GC(761) Metaspace: 15860K->15860K(1064960K)
[12.275s][info ][gc             ] GC(761) Pause Young (Allocation Failure) 20M->6M(51M) 1.269ms
[12.275s][info ][gc,cpu         ] GC(761) User=0.01s Sys=0.00s Real=0.00s
[12.277s][info ][gc,start       ] GC(762) Pause Young (Allocation Failure)
[12.278s][debug][gc,phases      ] GC(762) Scavenge 1.019ms
[12.278s][debug][gc,phases      ] GC(762) Reference Processing 0.020ms
[12.278s][debug][gc,phases      ] GC(762) Weak Processing 0.010ms
[12.278s][debug][gc,phases      ] GC(762) Scrub String Table 0.065ms
[12.278s][debug][gc,age         ] GC(762) Desired survivor size 3145728 bytes, new threshold 1 (max threshold 15)
[12.278s][info ][gc,heap        ] GC(762) PSYoungGen: 16353K->2145K(17408K)
[12.278s][info ][gc,heap        ] GC(762) ParOldGen: 5051K->5458K(35840K)
[12.278s][info ][gc,metaspace   ] GC(762) Metaspace: 15860K->15860K(1064960K)
[12.278s][info ][gc             ] GC(762) Pause Young (Allocation Failure) 20M->7M(52M) 1.344ms
[12.278s][info ][gc,cpu         ] GC(762) User=0.01s Sys=0.00s Real=0.00s
[12.279s][info ][gc,start       ] GC(763) Pause Young (Allocation Failure)
[12.280s][debug][gc,phases      ] GC(763) Scavenge 0.988ms
[12.280s][debug][gc,phases      ] GC(763) Reference Processing 0.024ms
[12.280s][debug][gc,phases      ] GC(763) Weak Processing 0.014ms
[12.280s][debug][gc,phases      ] GC(763) Scrub String Table 0.079ms
[12.280s][debug][gc,age         ] GC(763) Desired survivor size 3145728 bytes, new threshold 1 (max threshold 15)
[12.280s][info ][gc,heap        ] GC(763) PSYoungGen: 16469K->2503K(18432K)
[12.280s][info ][gc,heap        ] GC(763) ParOldGen: 5458K->5856K(35840K)
[12.280s][info ][gc,metaspace   ] GC(763) Metaspace: 15860K->15860K(1064960K)
[12.280s][info ][gc             ] GC(763) Pause Young (Allocation Failure) 21M->8M(53M) 1.369ms
[12.280s][info ][gc,cpu         ] GC(763) User=0.01s Sys=0.00s Real=0.00s
[12.282s][info ][gc,start       ] GC(764) Pause Young (Allocation Failure)
[12.283s][debug][gc,phases      ] GC(764) Scavenge 1.699ms
[12.283s][debug][gc,phases      ] GC(764) Reference Processing 0.020ms
[12.283s][debug][gc,phases      ] GC(764) Weak Processing 0.010ms
[12.283s][debug][gc,phases      ] GC(764) Scrub String Table 0.067ms
[12.283s][debug][gc,age         ] GC(764) Desired survivor size 3145728 bytes, new threshold 1 (max threshold 15)
[12.283s][info ][gc,heap        ] GC(764) PSYoungGen: 17592K->2471K(18432K)
[12.284s][info ][gc,heap        ] GC(764) ParOldGen: 5856K->6662K(35840K)
[12.284s][info ][gc,metaspace   ] GC(764) Metaspace: 15860K->15860K(1064960K)
[12.284s][info ][gc             ] GC(764) Pause Young (Allocation Failure) 22M->8M(53M) 1.981ms
[12.284s][info ][gc,cpu         ] GC(764) User=0.01s Sys=0.00s Real=0.00s
[12.285s][info ][gc,start       ] GC(765) Pause Young (Allocation Failure)
[12.287s][debug][gc,phases      ] GC(765) Scavenge 1.928ms
[12.287s][debug][gc,phases      ] GC(765) Reference Processing 0.021ms
[12.287s][debug][gc,phases      ] GC(765) Weak Processing 0.014ms
[12.287s][debug][gc,phases      ] GC(765) Scrub String Table 0.078ms
[12.287s][debug][gc,age         ] GC(765) Desired survivor size 3670016 bytes, new threshold 1 (max threshold 15)
[12.287s][info ][gc,heap        ] GC(765) PSYoungGen: 17650K->2798K(17408K)
[12.287s][info ][gc,heap        ] GC(765) ParOldGen: 6662K->6670K(35840K)
[12.287s][info ][gc,metaspace   ] GC(765) Metaspace: 15860K->15860K(1064960K)
[12.287s][info ][gc             ] GC(765) Pause Young (Allocation Failure) 23M->9M(52M) 2.229ms
[12.287s][info ][gc,cpu         ] GC(765) User=0.01s Sys=0.00s Real=0.01s
[12.288s][info ][gc,start       ] GC(766) Pause Young (Allocation Failure)
[12.290s][debug][gc,phases      ] GC(766) Scavenge 1.806ms
[12.290s][debug][gc,phases      ] GC(766) Reference Processing 0.020ms
[12.290s][debug][gc,phases      ] GC(766) Weak Processing 0.011ms
[12.290s][debug][gc,phases      ] GC(766) Scrub String Table 0.066ms
[12.290s][debug][gc,age         ] GC(766) Desired survivor size 3670016 bytes, new threshold 1 (max threshold 15)
[12.290s][info ][gc,heap        ] GC(766) PSYoungGen: 17134K->454K(17920K)
[12.290s][info ][gc,heap        ] GC(766) ParOldGen: 6670K->6678K(35840K)
[12.290s][info ][gc,metaspace   ] GC(766) Metaspace: 15860K->15860K(1064960K)
[12.290s][info ][gc             ] GC(766) Pause Young (Allocation Failure) 23M->6M(52M) 2.084ms
[12.290s][info ][gc,cpu         ] GC(766) User=0.00s Sys=0.01s Real=0.00s
[12.291s][info ][gc,start       ] GC(767) Pause Young (Allocation Failure)
[12.294s][debug][gc,phases      ] GC(767) Scavenge 2.218ms
[12.294s][debug][gc,phases      ] GC(767) Reference Processing 0.018ms
[12.294s][debug][gc,phases      ] GC(767) Weak Processing 0.009ms
[12.294s][debug][gc,phases      ] GC(767) Scrub String Table 0.065ms
[12.294s][debug][gc,age         ] GC(767) Desired survivor size 3670016 bytes, new threshold 1 (max threshold 15)
[12.294s][info ][gc,heap        ] GC(767) PSYoungGen: 14625K->1203K(17920K)
[12.294s][info ][gc,heap        ] GC(767) ParOldGen: 6678K->7084K(35840K)
[12.294s][info ][gc,metaspace   ] GC(767) Metaspace: 15860K->15860K(1064960K)
[12.294s][info ][gc             ] GC(767) Pause Young (Allocation Failure) 20M->8M(52M) 2.483ms
[12.294s][info ][gc,cpu         ] GC(767) User=0.01s Sys=0.00s Real=0.00s
[12.295s][info ][gc,start       ] GC(768) Pause Young (Allocation Failure)
[12.297s][debug][gc,phases      ] GC(768) Scavenge 1.614ms
[12.297s][debug][gc,phases      ] GC(768) Reference Processing 0.019ms
[12.297s][debug][gc,phases      ] GC(768) Weak Processing 0.011ms
[12.297s][debug][gc,phases      ] GC(768) Scrub String Table 0.102ms
[12.297s][debug][gc,age         ] GC(768) Desired survivor size 3670016 bytes, new threshold 1 (max threshold 15)
[12.297s][info ][gc,heap        ] GC(768) PSYoungGen: 15232K->2017K(17920K)
[12.297s][info ][gc,heap        ] GC(768) ParOldGen: 7084K->7084K(35840K)
[12.297s][info ][gc,metaspace   ] GC(768) Metaspace: 15860K->15860K(1064960K)
[12.297s][info ][gc             ] GC(768) Pause Young (Allocation Failure) 21M->8M(52M) 1.926ms
[12.297s][info ][gc,cpu         ] GC(768) User=0.01s Sys=0.00s Real=0.01s
[12.298s][info ][gc,start       ] GC(769) Pause Young (Allocation Failure)
[12.300s][debug][gc,phases      ] GC(769) Scavenge 1.367ms
[12.300s][debug][gc,phases      ] GC(769) Reference Processing 0.019ms
[12.300s][debug][gc,phases      ] GC(769) Weak Processing 0.011ms
[12.300s][debug][gc,phases      ] GC(769) Scrub String Table 0.070ms
[12.300s][debug][gc,age         ] GC(769) Desired survivor size 3670016 bytes, new threshold 1 (max threshold 15)
[12.300s][info ][gc,heap        ] GC(769) PSYoungGen: 16257K->1235K(17920K)
[12.300s][info ][gc,heap        ] GC(769) ParOldGen: 7084K->7882K(35840K)
[12.300s][info ][gc,metaspace   ] GC(769) Metaspace: 15860K->15860K(1064960K)
[12.300s][info ][gc             ] GC(769) Pause Young (Allocation Failure) 22M->8M(52M) 1.659ms
[12.300s][info ][gc,cpu         ] GC(769) User=0.01s Sys=0.00s Real=0.00s
[12.301s][info ][gc,start       ] GC(770) Pause Young (Allocation Failure)
[12.303s][debug][gc,phases      ] GC(770) Scavenge 1.689ms
[12.303s][debug][gc,phases      ] GC(770) Reference Processing 0.018ms
[12.303s][debug][gc,phases      ] GC(770) Weak Processing 0.011ms
[12.303s][debug][gc,phases      ] GC(770) Scrub String Table 0.066ms
[12.303s][debug][gc,age         ] GC(770) Desired survivor size 3670016 bytes, new threshold 1 (max threshold 15)
[12.303s][info ][gc,heap        ] GC(770) PSYoungGen: 15275K->1626K(17920K)
[12.303s][info ][gc,heap        ] GC(770) ParOldGen: 7882K->7882K(35840K)
[12.303s][info ][gc,metaspace   ] GC(770) Metaspace: 15860K->15860K(1064960K)
[12.303s][info ][gc             ] GC(770) Pause Young (Allocation Failure) 22M->9M(52M) 1.964ms
[12.303s][info ][gc,cpu         ] GC(770) User=0.00s Sys=0.00s Real=0.00s
[12.304s][info ][gc,start       ] GC(771) Pause Young (Allocation Failure)
[12.306s][debug][gc,phases      ] GC(771) Scavenge 1.570ms
[12.306s][debug][gc,phases      ] GC(771) Reference Processing 0.018ms
[12.306s][debug][gc,phases      ] GC(771) Weak Processing 0.011ms
[12.306s][debug][gc,phases      ] GC(771) Scrub String Table 0.067ms
[12.306s][debug][gc,age         ] GC(771) Desired survivor size 3670016 bytes, new threshold 1 (max threshold 15)
[12.306s][info ][gc,heap        ] GC(771) PSYoungGen: 15855K->845K(17920K)
[12.306s][info ][gc,heap        ] GC(771) ParOldGen: 7882K->8288K(35840K)
[12.306s][info ][gc,metaspace   ] GC(771) Metaspace: 15860K->15860K(1064960K)
[12.306s][info ][gc             ] GC(771) Pause Young (Allocation Failure) 23M->8M(52M) 1.863ms
[12.306s][info ][gc,cpu         ] GC(771) User=0.01s Sys=0.00s Real=0.00s
[12.307s][info ][gc,start       ] GC(772) Pause Young (Allocation Failure)
[12.308s][debug][gc,phases      ] GC(772) Scavenge 0.917ms
[12.308s][debug][gc,phases      ] GC(772) Reference Processing 0.018ms
[12.308s][debug][gc,phases      ] GC(772) Weak Processing 0.011ms
[12.308s][debug][gc,phases      ] GC(772) Scrub String Table 0.065ms
[12.308s][debug][gc,age         ] GC(772) Desired survivor size 3670016 bytes, new threshold 1 (max threshold 15)
[12.308s][info ][gc,heap        ] GC(772) PSYoungGen: 15032K->877K(17920K)
[12.308s][info ][gc,heap        ] GC(772) ParOldGen: 8288K->8304K(35840K)
[12.308s][info ][gc,metaspace   ] GC(772) Metaspace: 15860K->15860K(1064960K)
[12.308s][info ][gc             ] GC(772) Pause Young (Allocation Failure) 22M->8M(52M) 1.212ms
[12.308s][info ][gc,cpu         ] GC(772) User=0.01s Sys=0.00s Real=0.00s
[12.310s][info ][gc,start       ] GC(773) Pause Young (Allocation Failure)
[12.311s][debug][gc,phases      ] GC(773) Scavenge 0.786ms
[12.311s][debug][gc,phases      ] GC(773) Reference Processing 0.019ms
[12.311s][debug][gc,phases      ] GC(773) Weak Processing 0.009ms
[12.311s][debug][gc,phases      ] GC(773) Scrub String Table 0.064ms
[12.311s][debug][gc,age         ] GC(773) Desired survivor size 3670016 bytes, new threshold 1 (max threshold 15)
[12.311s][info ][gc,heap        ] GC(773) PSYoungGen: 15120K->909K(17920K)
[12.311s][info ][gc,heap        ] GC(773) ParOldGen: 8304K->8312K(35840K)
[12.311s][info ][gc,metaspace   ] GC(773) Metaspace: 15860K->15860K(1064960K)
[12.311s][info ][gc             ] GC(773) Pause Young (Allocation Failure) 22M->9M(52M) 1.066ms
[12.311s][info ][gc,cpu         ] GC(773) User=0.00s Sys=0.00s Real=0.00s
[12.312s][info ][gc,start       ] GC(774) Pause Young (Allocation Failure)
[12.314s][debug][gc,phases      ] GC(774) Scavenge 1.689ms
[12.314s][debug][gc,phases      ] GC(774) Reference Processing 0.026ms
[12.314s][debug][gc,phases      ] GC(774) Weak Processing 0.014ms
[12.314s][debug][gc,phases      ] GC(774) Scrub String Table 0.073ms
[12.314s][debug][gc,age         ] GC(774) Desired survivor size 3670016 bytes, new threshold 1 (max threshold 15)
[12.314s][info ][gc,heap        ] GC(774) PSYoungGen: 14890K->1267K(17920K)
[12.314s][info ][gc,heap        ] GC(774) ParOldGen: 8312K->8328K(35840K)
[12.314s][info ][gc,metaspace   ] GC(774) Metaspace: 15860K->15860K(1064960K)
[12.314s][info ][gc             ] GC(774) Pause Young (Allocation Failure) 22M->9M(52M) 2.031ms
[12.314s][info ][gc,cpu         ] GC(774) User=0.01s Sys=0.00s Real=0.00s
[12.315s][info ][gc,start       ] GC(775) Pause Young (Allocation Failure)
[12.316s][debug][gc,phases      ] GC(775) Scavenge 1.111ms
[12.316s][debug][gc,phases      ] GC(775) Reference Processing 0.019ms
[12.316s][debug][gc,phases      ] GC(775) Weak Processing 0.011ms
[12.317s][debug][gc,phases      ] GC(775) Scrub String Table 0.065ms
[12.317s][debug][gc,age         ] GC(775) Desired survivor size 3145728 bytes, new threshold 1 (max threshold 15)
[12.317s][info ][gc,heap        ] GC(775) PSYoungGen: 15562K->1658K(16896K)
[12.317s][info ][gc,heap        ] GC(775) ParOldGen: 8328K->8344K(35840K)
[12.317s][info ][gc,metaspace   ] GC(775) Metaspace: 15860K->15860K(1064960K)
[12.317s][info ][gc             ] GC(775) Pause Young (Allocation Failure) 23M->9M(51M) 1.490ms
[12.317s][info ][gc,cpu         ] GC(775) User=0.01s Sys=0.00s Real=0.01s
[12.318s][info ][gc,start       ] GC(776) Pause Young (Allocation Failure)
[12.320s][debug][gc,phases      ] GC(776) Scavenge 1.543ms
[12.320s][debug][gc,phases      ] GC(776) Reference Processing 0.017ms
[12.320s][debug][gc,phases      ] GC(776) Weak Processing 0.010ms
[12.320s][debug][gc,phases      ] GC(776) Scrub String Table 0.066ms
[12.320s][debug][gc,age         ] GC(776) Desired survivor size 3145728 bytes, new threshold 1 (max threshold 15)
[12.320s][info ][gc,heap        ] GC(776) PSYoungGen: 15973K->1267K(17408K)
[12.320s][info ][gc,heap        ] GC(776) ParOldGen: 8344K->8759K(35840K)
[12.320s][info ][gc,metaspace   ] GC(776) Metaspace: 15860K->15860K(1064960K)
[12.320s][info ][gc             ] GC(776) Pause Young (Allocation Failure) 23M->9M(52M) 1.815ms
[12.320s][info ][gc,cpu         ] GC(776) User=0.01s Sys=0.00s Real=0.00s
[12.321s][info ][gc,start       ] GC(777) Pause Young (Allocation Failure)
[12.322s][debug][gc,phases      ] GC(777) Scavenge 0.875ms
[12.322s][debug][gc,phases      ] GC(777) Reference Processing 0.019ms
[12.322s][debug][gc,phases      ] GC(777) Weak Processing 0.010ms
[12.322s][debug][gc,phases      ] GC(777) Scrub String Table 0.065ms
[12.322s][debug][gc,age         ] GC(777) Desired survivor size 3145728 bytes, new threshold 1 (max threshold 15)
[12.322s][info ][gc,heap        ] GC(777) PSYoungGen: 15513K->909K(18432K)
[12.322s][info ][gc,heap        ] GC(777) ParOldGen: 8759K->9174K(35840K)
[12.322s][info ][gc,metaspace   ] GC(777) Metaspace: 15860K->15860K(1064960K)
[12.322s][info ][gc             ] GC(777) Pause Young (Allocation Failure) 23M->9M(53M) 1.154ms
[12.322s][info ][gc,cpu         ] GC(777) User=0.01s Sys=0.00s Real=0.00s
[12.324s][info ][gc,start       ] GC(778) Pause Young (Allocation Failure)
[12.324s][debug][gc,phases      ] GC(778) Scavenge 0.561ms
[12.324s][debug][gc,phases      ] GC(778) Reference Processing 0.019ms
[12.324s][debug][gc,phases      ] GC(778) Weak Processing 0.010ms
[12.324s][debug][gc,phases      ] GC(778) Scrub String Table 0.065ms
[12.324s][debug][gc,age         ] GC(778) Desired survivor size 3145728 bytes, new threshold 1 (max threshold 15)
[12.324s][info ][gc,heap        ] GC(778) PSYoungGen: 15987K->909K(18432K)
[12.324s][info ][gc,heap        ] GC(778) ParOldGen: 9174K->9182K(35840K)
[12.324s][info ][gc,metaspace   ] GC(778) Metaspace: 15860K->15860K(1064960K)
[12.324s][info ][gc             ] GC(778) Pause Young (Allocation Failure) 24M->9M(53M) 0.821ms
[12.324s][info ][gc,cpu         ] GC(778) User=0.01s Sys=0.00s Real=0.00s
[12.326s][info ][gc,start       ] GC(779) Pause Young (Allocation Failure)
[12.327s][debug][gc,phases      ] GC(779) Scavenge 1.200ms
[12.327s][debug][gc,phases      ] GC(779) Reference Processing 0.030ms
[12.327s][debug][gc,phases      ] GC(779) Weak Processing 0.021ms
[12.327s][debug][gc,phases      ] GC(779) Scrub String Table 0.129ms
[12.327s][debug][gc,age         ] GC(779) Desired survivor size 3670016 bytes, new threshold 1 (max threshold 15)
[12.327s][info ][gc,heap        ] GC(779) PSYoungGen: 16256K->2439K(17408K)
[12.327s][info ][gc,heap        ] GC(779) ParOldGen: 9182K->9580K(35840K)
[12.327s][info ][gc,metaspace   ] GC(779) Metaspace: 15860K->15860K(1064960K)
[12.327s][info ][gc             ] GC(779) Pause Young (Allocation Failure) 24M->11M(52M) 1.600ms
[12.327s][info ][gc,cpu         ] GC(779) User=0.00s Sys=0.00s Real=0.01s
[12.328s][info ][gc,start       ] GC(780) Pause Young (Allocation Failure)
[12.330s][debug][gc,phases      ] GC(780) Scavenge 1.881ms
[12.330s][debug][gc,phases      ] GC(780) Reference Processing 0.020ms
[12.330s][debug][gc,phases      ] GC(780) Weak Processing 0.011ms
[12.330s][debug][gc,phases      ] GC(780) Scrub String Table 0.066ms
[12.330s][debug][gc,age         ] GC(780) Desired survivor size 3670016 bytes, new threshold 1 (max threshold 15)
[12.330s][info ][gc,heap        ] GC(780) PSYoungGen: 16591K->2049K(17920K)
[12.330s][info ][gc,heap        ] GC(780) ParOldGen: 9580K->10378K(35840K)
[12.330s][info ][gc,metaspace   ] GC(780) Metaspace: 15860K->15860K(1064960K)
[12.330s][info ][gc             ] GC(780) Pause Young (Allocation Failure) 25M->12M(52M) 2.175ms
[12.330s][info ][gc,cpu         ] GC(780) User=0.01s Sys=0.00s Real=0.00s
[12.331s][info ][gc,start       ] GC(781) Pause Young (Allocation Failure)
[12.333s][debug][gc,phases      ] GC(781) Scavenge 1.762ms
[12.333s][debug][gc,phases      ] GC(781) Reference Processing 0.019ms
[12.333s][debug][gc,phases      ] GC(781) Weak Processing 0.011ms
[12.333s][debug][gc,phases      ] GC(781) Scrub String Table 0.065ms
[12.333s][debug][gc,age         ] GC(781) Desired survivor size 3670016 bytes, new threshold 1 (max threshold 15)
[12.333s][info ][gc,heap        ] GC(781) PSYoungGen: 16062K->2798K(17920K)
[12.334s][info ][gc,heap        ] GC(781) ParOldGen: 10378K->10784K(35840K)
[12.334s][info ][gc,metaspace   ] GC(781) Metaspace: 15860K->15860K(1064960K)
[12.334s][info ][gc             ] GC(781) Pause Young (Allocation Failure) 25M->13M(52M) 2.045ms
[12.334s][info ][gc,cpu         ] GC(781) User=0.01s Sys=0.00s Real=0.00s
[12.335s][info ][gc,start       ] GC(782) Pause Young (Allocation Failure)
[12.337s][debug][gc,phases      ] GC(782) Scavenge 1.861ms
[12.337s][debug][gc,phases      ] GC(782) Reference Processing 0.019ms
[12.337s][debug][gc,phases      ] GC(782) Weak Processing 0.010ms
[12.337s][debug][gc,phases      ] GC(782) Scrub String Table 0.065ms
[12.337s][debug][gc,age         ] GC(782) Desired survivor size 3670016 bytes, new threshold 1 (max threshold 15)
[12.337s][info ][gc,heap        ] GC(782) PSYoungGen: 17008K->454K(17920K)
[12.337s][info ][gc,heap        ] GC(782) ParOldGen: 10784K->12371K(35840K)
[12.337s][info ][gc,metaspace   ] GC(782) Metaspace: 15860K->15860K(1064960K)
[12.337s][info ][gc             ] GC(782) Pause Young (Allocation Failure) 27M->12M(52M) 2.136ms
[12.337s][info ][gc,cpu         ] GC(782) User=0.01s Sys=0.00s Real=0.01s
[12.338s][info ][gc,start       ] GC(783) Pause Young (Allocation Failure)
[12.339s][debug][gc,phases      ] GC(783) Scavenge 0.720ms
[12.339s][debug][gc,phases      ] GC(783) Reference Processing 0.018ms
[12.339s][debug][gc,phases      ] GC(783) Weak Processing 0.010ms
[12.339s][debug][gc,phases      ] GC(783) Scrub String Table 0.064ms
[12.339s][debug][gc,age         ] GC(783) Desired survivor size 3670016 bytes, new threshold 1 (max threshold 15)
[12.339s][info ][gc,heap        ] GC(783) PSYoungGen: 14731K->909K(17920K)
[12.339s][info ][gc,heap        ] GC(783) ParOldGen: 12371K->12793K(35840K)
[12.339s][info ][gc,metaspace   ] GC(783) Metaspace: 15860K->15860K(1064960K)
[12.339s][info ][gc             ] GC(783) Pause Young (Allocation Failure) 26M->13M(52M) 0.979ms
[12.339s][info ][gc,cpu         ] GC(783) User=0.00s Sys=0.00s Real=0.00s
[12.340s][info ][gc,start       ] GC(784) Pause Young (Allocation Failure)
[12.342s][debug][gc,phases      ] GC(784) Scavenge 1.584ms
[12.342s][debug][gc,phases      ] GC(784) Reference Processing 0.019ms
[12.342s][debug][gc,phases      ] GC(784) Weak Processing 0.009ms
[12.342s][debug][gc,phases      ] GC(784) Scrub String Table 0.064ms
[12.342s][debug][gc,age         ] GC(784) Desired survivor size 3670016 bytes, new threshold 1 (max threshold 15)
[12.342s][info ][gc,heap        ] GC(784) PSYoungGen: 14887K->2049K(17920K)
[12.342s][info ][gc,heap        ] GC(784) ParOldGen: 12793K->12801K(35840K)
[12.342s][info ][gc,metaspace   ] GC(784) Metaspace: 15860K->15860K(1064960K)
[12.342s][info ][gc             ] GC(784) Pause Young (Allocation Failure) 27M->14M(52M) 1.852ms
[12.342s][info ][gc,cpu         ] GC(784) User=0.00s Sys=0.00s Real=0.00s
[12.343s][info ][gc,start       ] GC(785) Pause Young (Allocation Failure)
[12.344s][debug][gc,phases      ] GC(785) Scavenge 0.904ms
[12.344s][debug][gc,phases      ] GC(785) Reference Processing 0.020ms
[12.344s][debug][gc,phases      ] GC(785) Weak Processing 0.010ms
[12.345s][debug][gc,phases      ] GC(785) Scrub String Table 0.064ms
[12.345s][debug][gc,age         ] GC(785) Desired survivor size 3670016 bytes, new threshold 1 (max threshold 15)
[12.345s][info ][gc,heap        ] GC(785) PSYoungGen: 16385K->1299K(17920K)
[12.345s][info ][gc,heap        ] GC(785) ParOldGen: 12801K->13224K(35840K)
[12.345s][info ][gc,metaspace   ] GC(785) Metaspace: 15860K->15860K(1064960K)
[12.345s][info ][gc             ] GC(785) Pause Young (Allocation Failure) 28M->14M(52M) 1.163ms
[12.345s][info ][gc,cpu         ] GC(785) User=0.00s Sys=0.00s Real=0.00s
[12.346s][info ][gc,start       ] GC(786) Pause Young (Allocation Failure)
[12.348s][debug][gc,phases      ] GC(786) Scavenge 1.756ms
[12.348s][debug][gc,phases      ] GC(786) Reference Processing 0.040ms
[12.348s][debug][gc,phases      ] GC(786) Weak Processing 0.011ms
[12.348s][debug][gc,phases      ] GC(786) Scrub String Table 0.067ms
[12.348s][debug][gc,age         ] GC(786) Desired survivor size 3670016 bytes, new threshold 1 (max threshold 15)
[12.348s][info ][gc,heap        ] GC(786) PSYoungGen: 15537K->454K(17920K)
[12.348s][info ][gc,heap        ] GC(786) ParOldGen: 13224K->13631K(35840K)
[12.348s][info ][gc,metaspace   ] GC(786) Metaspace: 15860K->15860K(1064960K)
[12.348s][info ][gc             ] GC(786) Pause Young (Allocation Failure) 28M->13M(52M) 2.090ms
[12.348s][info ][gc,cpu         ] GC(786) User=0.01s Sys=0.01s Real=0.01s
[12.349s][info ][gc,start       ] GC(787) Pause Young (Allocation Failure)
[12.351s][debug][gc,phases      ] GC(787) Scavenge 2.288ms
[12.351s][debug][gc,phases      ] GC(787) Reference Processing 0.024ms
[12.352s][debug][gc,phases      ] GC(787) Weak Processing 0.014ms
[12.352s][debug][gc,phases      ] GC(787) Scrub String Table 0.080ms
[12.352s][debug][gc,age         ] GC(787) Desired survivor size 3670016 bytes, new threshold 1 (max threshold 15)
[12.352s][info ][gc,heap        ] GC(787) PSYoungGen: 14558K->2407K(17920K)
[12.352s][info ][gc,heap        ] GC(787) ParOldGen: 13631K->13639K(35840K)
[12.352s][info ][gc,metaspace   ] GC(787) Metaspace: 15860K->15860K(1064960K)
[12.352s][info ][gc             ] GC(787) Pause Young (Allocation Failure) 27M->15M(52M) 2.652ms
[12.352s][info ][gc,cpu         ] GC(787) User=0.01s Sys=0.00s Real=0.00s
[12.353s][info ][gc,start       ] GC(788) Pause Young (Allocation Failure)
[12.354s][debug][gc,phases      ] GC(788) Scavenge 1.157ms
[12.355s][debug][gc,phases      ] GC(788) Reference Processing 0.018ms
[12.355s][debug][gc,phases      ] GC(788) Weak Processing 0.010ms
[12.355s][debug][gc,phases      ] GC(788) Scrub String Table 0.065ms
[12.355s][debug][gc,age         ] GC(788) Desired survivor size 3670016 bytes, new threshold 1 (max threshold 15)
[12.355s][info ][gc,heap        ] GC(788) PSYoungGen: 16743K->2407K(17920K)
[12.355s][info ][gc,heap        ] GC(788) ParOldGen: 13639K->14436K(35840K)
[12.355s][info ][gc,metaspace   ] GC(788) Metaspace: 15860K->15860K(1064960K)
[12.355s][info ][gc             ] GC(788) Pause Young (Allocation Failure) 29M->16M(52M) 1.425ms
[12.355s][info ][gc,cpu         ] GC(788) User=0.00s Sys=0.00s Real=0.00s
[12.356s][info ][gc,start       ] GC(789) Pause Young (Allocation Failure)
[12.358s][debug][gc,phases      ] GC(789) Scavenge 1.249ms
[12.358s][debug][gc,phases      ] GC(789) Reference Processing 0.018ms
[12.358s][debug][gc,phases      ] GC(789) Weak Processing 0.010ms
[12.358s][debug][gc,phases      ] GC(789) Scrub String Table 0.079ms
[12.358s][debug][gc,age         ] GC(789) Desired survivor size 3670016 bytes, new threshold 1 (max threshold 15)
[12.358s][info ][gc,heap        ] GC(789) PSYoungGen: 16647K->845K(17920K)
[12.358s][info ][gc,heap        ] GC(789) ParOldGen: 14436K->16405K(35840K)
[12.358s][info ][gc,metaspace   ] GC(789) Metaspace: 15860K->15860K(1064960K)
[12.358s][info ][gc             ] GC(789) Pause Young (Allocation Failure) 30M->16M(52M) 1.590ms
[12.358s][info ][gc,cpu         ] GC(789) User=0.00s Sys=0.00s Real=0.01s
[12.359s][info ][gc,start       ] GC(790) Pause Young (Allocation Failure)
[12.359s][debug][gc,phases      ] GC(790) Scavenge 0.366ms
[12.359s][debug][gc,phases      ] GC(790) Reference Processing 0.018ms
[12.359s][debug][gc,phases      ] GC(790) Weak Processing 0.010ms
[12.359s][debug][gc,phases      ] GC(790) Scrub String Table 0.065ms
[12.359s][debug][gc,age         ] GC(790) Desired survivor size 3670016 bytes, new threshold 1 (max threshold 15)
[12.359s][info ][gc,heap        ] GC(790) PSYoungGen: 14837K->1395K(17920K)
[12.359s][info ][gc,heap        ] GC(790) ParOldGen: 16405K->16828K(35840K)
[12.359s][info ][gc,metaspace   ] GC(790) Metaspace: 15860K->15860K(1064960K)
[12.360s][info ][gc             ] GC(790) Pause Young (Allocation Failure) 30M->17M(52M) 0.619ms
[12.360s][info ][gc,cpu         ] GC(790) User=0.00s Sys=0.00s Real=0.00s
[12.361s][info ][gc,start       ] GC(791) Pause Young (Allocation Failure)
[12.362s][debug][gc,phases      ] GC(791) Scavenge 0.970ms
[12.362s][debug][gc,phases      ] GC(791) Reference Processing 0.019ms
[12.362s][debug][gc,phases      ] GC(791) Weak Processing 0.010ms
[12.362s][debug][gc,phases      ] GC(791) Scrub String Table 0.065ms
[12.362s][debug][gc,age         ] GC(791) Desired survivor size 3670016 bytes, new threshold 1 (max threshold 15)
[12.362s][info ][gc,heap        ] GC(791) PSYoungGen: 15591K->909K(17920K)
[12.362s][info ][gc,heap        ] GC(791) ParOldGen: 16828K->17665K(35840K)
[12.362s][info ][gc,metaspace   ] GC(791) Metaspace: 15860K->15860K(1064960K)
[12.362s][info ][gc             ] GC(791) Pause Young (Allocation Failure) 31M->18M(52M) 1.236ms
[12.362s][info ][gc,cpu         ] GC(791) User=0.00s Sys=0.00s Real=0.00s
[12.363s][info ][gc,start       ] GC(792) Pause Young (Allocation Failure)
[12.365s][debug][gc,phases      ] GC(792) Scavenge 1.180ms
[12.365s][debug][gc,phases      ] GC(792) Reference Processing 0.019ms
[12.365s][debug][gc,phases      ] GC(792) Weak Processing 0.011ms
[12.365s][debug][gc,phases      ] GC(792) Scrub String Table 0.066ms
[12.365s][debug][gc,age         ] GC(792) Desired survivor size 4194304 bytes, new threshold 1 (max threshold 15)
[12.365s][info ][gc,heap        ] GC(792) PSYoungGen: 15013K->2926K(17408K)
[12.365s][info ][gc,heap        ] GC(792) ParOldGen: 17665K->17665K(35840K)
[12.365s][info ][gc,metaspace   ] GC(792) Metaspace: 15860K->15860K(1064960K)
[12.365s][info ][gc             ] GC(792) Pause Young (Allocation Failure) 31M->20M(52M) 1.484ms
[12.365s][info ][gc,cpu         ] GC(792) User=0.00s Sys=0.00s Real=0.00s
[12.366s][info ][gc,start       ] GC(793) Pause Young (Allocation Failure)
[12.368s][debug][gc,phases      ] GC(793) Scavenge 1.797ms
[12.368s][debug][gc,phases      ] GC(793) Reference Processing 0.017ms
[12.368s][debug][gc,phases      ] GC(793) Weak Processing 0.010ms
[12.368s][debug][gc,phases      ] GC(793) Scrub String Table 0.066ms
[12.368s][debug][gc,age         ] GC(793) Desired survivor size 4194304 bytes, new threshold 1 (max threshold 15)
[12.368s][info ][gc,heap        ] GC(793) PSYoungGen: 17010K->2407K(17408K)
[12.368s][info ][gc,heap        ] GC(793) ParOldGen: 17665K->18072K(35840K)
[12.368s][info ][gc,metaspace   ] GC(793) Metaspace: 15860K->15860K(1064960K)
[12.368s][info ][gc             ] GC(793) Pause Young (Allocation Failure) 33M->19M(52M) 2.044ms
[12.368s][info ][gc,cpu         ] GC(793) User=0.01s Sys=0.00s Real=0.00s
[12.370s][info ][gc,start       ] GC(794) Pause Young (Allocation Failure)
[12.371s][debug][gc,phases      ] GC(794) Scavenge 1.021ms
[12.371s][debug][gc,phases      ] GC(794) Reference Processing 0.019ms
[12.371s][debug][gc,phases      ] GC(794) Weak Processing 0.010ms
[12.371s][debug][gc,phases      ] GC(794) Scrub String Table 0.066ms
[12.371s][debug][gc,age         ] GC(794) Desired survivor size 4194304 bytes, new threshold 1 (max threshold 15)
[12.371s][info ][gc,heap        ] GC(794) PSYoungGen: 15635K->2407K(17408K)
[12.371s][info ][gc,heap        ] GC(794) ParOldGen: 18072K->18869K(35840K)
[12.371s][info ][gc,metaspace   ] GC(794) Metaspace: 15860K->15860K(1064960K)
[12.371s][info ][gc             ] GC(794) Pause Young (Allocation Failure) 32M->20M(52M) 1.284ms
[12.371s][info ][gc,cpu         ] GC(794) User=0.01s Sys=0.00s Real=0.00s
[12.373s][info ][gc,start       ] GC(795) Pause Young (Allocation Failure)
[12.374s][debug][gc,phases      ] GC(795) Scavenge 1.275ms
[12.374s][debug][gc,phases      ] GC(795) Reference Processing 0.019ms
[12.374s][debug][gc,phases      ] GC(795) Weak Processing 0.013ms
[12.374s][debug][gc,phases      ] GC(795) Scrub String Table 0.076ms
[12.374s][debug][gc,age         ] GC(795) Desired survivor size 4194304 bytes, new threshold 1 (max threshold 15)
[12.374s][info ][gc,heap        ] GC(795) PSYoungGen: 15644K->2439K(17408K)
[12.374s][info ][gc,heap        ] GC(795) ParOldGen: 18869K->19284K(35840K)
[12.374s][info ][gc,metaspace   ] GC(795) Metaspace: 15860K->15860K(1064960K)
[12.374s][info ][gc             ] GC(795) Pause Young (Allocation Failure) 33M->21M(52M) 1.563ms
[12.374s][info ][gc,cpu         ] GC(795) User=0.01s Sys=0.00s Real=0.00s
[12.376s][info ][gc,start       ] GC(796) Pause Young (Allocation Failure)
[12.377s][debug][gc,phases      ] GC(796) Scavenge 1.091ms
[12.377s][debug][gc,phases      ] GC(796) Reference Processing 0.019ms
[12.377s][debug][gc,phases      ] GC(796) Weak Processing 0.011ms
[12.377s][debug][gc,phases      ] GC(796) Scrub String Table 0.066ms
[12.377s][debug][gc,age         ] GC(796) Desired survivor size 4194304 bytes, new threshold 1 (max threshold 15)
[12.377s][info ][gc,heap        ] GC(796) PSYoungGen: 15504K->422K(17408K)
[12.377s][info ][gc,heap        ] GC(796) ParOldGen: 19284K->20081K(35840K)
[12.377s][info ][gc,metaspace   ] GC(796) Metaspace: 15860K->15860K(1064960K)
[12.377s][info ][gc             ] GC(796) Pause Young (Allocation Failure) 33M->20M(52M) 1.356ms
[12.377s][info ][gc,cpu         ] GC(796) User=0.01s Sys=0.00s Real=0.01s
[12.378s][info ][gc,start       ] GC(797) Pause Young (Allocation Failure)
[12.380s][debug][gc,phases      ] GC(797) Scavenge 1.633ms
[12.380s][debug][gc,phases      ] GC(797) Reference Processing 0.050ms
[12.380s][debug][gc,phases      ] GC(797) Weak Processing 0.010ms
[12.380s][debug][gc,phases      ] GC(797) Scrub String Table 0.085ms
[12.380s][debug][gc,age         ] GC(797) Desired survivor size 4194304 bytes, new threshold 1 (max threshold 15)
[12.380s][info ][gc,heap        ] GC(797) PSYoungGen: 13660K->2439K(17408K)
[12.380s][info ][gc,heap        ] GC(797) ParOldGen: 20081K->20097K(35840K)
[12.380s][info ][gc,metaspace   ] GC(797) Metaspace: 15860K->15860K(1064960K)
[12.380s][info ][gc             ] GC(797) Pause Young (Allocation Failure) 32M->22M(52M) 2.022ms
[12.380s][info ][gc,cpu         ] GC(797) User=0.01s Sys=0.00s Real=0.00s
[12.381s][info ][gc,start       ] GC(798) Pause Young (Allocation Failure)
[12.383s][debug][gc,phases      ] GC(798) Scavenge 1.672ms
[12.383s][debug][gc,phases      ] GC(798) Reference Processing 0.018ms
[12.383s][debug][gc,phases      ] GC(798) Weak Processing 0.011ms
[12.383s][debug][gc,phases      ] GC(798) Scrub String Table 0.065ms
[12.383s][debug][gc,age         ] GC(798) Desired survivor size 4718592 bytes, new threshold 1 (max threshold 15)
[12.383s][info ][gc,heap        ] GC(798) PSYoungGen: 15647K->2830K(16384K)
[12.383s][info ][gc,heap        ] GC(798) ParOldGen: 20097K->20121K(35840K)
[12.383s][info ][gc,metaspace   ] GC(798) Metaspace: 15860K->15860K(1064960K)
[12.383s][info ][gc             ] GC(798) Pause Young (Allocation Failure) 34M->22M(51M) 1.930ms
[12.383s][info ][gc,cpu         ] GC(798) User=0.00s Sys=0.00s Real=0.00s
[12.384s][info ][gc,start       ] GC(799) Pause Young (Allocation Failure)
[12.385s][debug][gc,phases      ] GC(799) Scavenge 0.968ms
[12.385s][debug][gc,phases      ] GC(799) Reference Processing 0.018ms
[12.385s][debug][gc,phases      ] GC(799) Weak Processing 0.011ms
[12.385s][debug][gc,phases      ] GC(799) Scrub String Table 0.066ms
[12.385s][debug][gc,age         ] GC(799) Desired survivor size 4718592 bytes, new threshold 1 (max threshold 15)
[12.385s][info ][gc,heap        ] GC(799) PSYoungGen: 15872K->486K(16896K)
[12.385s][info ][gc,heap        ] GC(799) ParOldGen: 20121K->21333K(35840K)
[12.385s][info ][gc,metaspace   ] GC(799) Metaspace: 15860K->15860K(1064960K)
[12.385s][info ][gc             ] GC(799) Pause Young (Allocation Failure) 35M->21M(51M) 1.224ms
[12.385s][info ][gc,cpu         ] GC(799) User=0.01s Sys=0.00s Real=0.00s
[12.386s][info ][gc,start       ] GC(800) Pause Young (Allocation Failure)
[12.388s][debug][gc,phases      ] GC(800) Scavenge 1.666ms
[12.388s][debug][gc,phases      ] GC(800) Reference Processing 0.018ms
[12.388s][debug][gc,phases      ] GC(800) Weak Processing 0.009ms
[12.388s][debug][gc,phases      ] GC(800) Scrub String Table 0.063ms
[12.388s][debug][gc,age         ] GC(800) Desired survivor size 4718592 bytes, new threshold 1 (max threshold 15)
[12.388s][info ][gc,heap        ] GC(800) PSYoungGen: 12516K->2830K(16896K)
[12.388s][info ][gc,heap        ] GC(800) ParOldGen: 21333K->21349K(35840K)
[12.388s][info ][gc,metaspace   ] GC(800) Metaspace: 15860K->15860K(1064960K)
[12.388s][info ][gc             ] GC(800) Pause Young (Allocation Failure) 33M->23M(51M) 1.938ms
[12.388s][info ][gc,cpu         ] GC(800) User=0.01s Sys=0.00s Real=0.00s
[12.389s][info ][gc,start       ] GC(801) Pause Young (Allocation Failure)
[12.391s][debug][gc,phases      ] GC(801) Scavenge 1.873ms
[12.391s][debug][gc,phases      ] GC(801) Reference Processing 0.017ms
[12.391s][debug][gc,phases      ] GC(801) Weak Processing 0.010ms
[12.392s][debug][gc,phases      ] GC(801) Scrub String Table 0.064ms
[12.392s][debug][gc,age         ] GC(801) Desired survivor size 4718592 bytes, new threshold 1 (max threshold 15)
[12.392s][info ][gc,heap        ] GC(801) PSYoungGen: 15096K->877K(16896K)
[12.392s][info ][gc,heap        ] GC(801) ParOldGen: 21349K->22935K(35840K)
[12.392s][info ][gc,metaspace   ] GC(801) Metaspace: 15860K->15860K(1064960K)
[12.392s][info ][gc             ] GC(801) Pause Young (Allocation Failure) 35M->23M(51M) 2.169ms
[12.392s][info ][gc,cpu         ] GC(801) User=0.01s Sys=0.00s Real=0.00s
[12.393s][info ][gc,start       ] GC(802) Pause Young (Allocation Failure)
[12.394s][debug][gc,phases      ] GC(802) Scavenge 1.576ms
[12.394s][debug][gc,phases      ] GC(802) Reference Processing 0.019ms
[12.394s][debug][gc,phases      ] GC(802) Weak Processing 0.011ms
[12.394s][debug][gc,phases      ] GC(802) Scrub String Table 0.070ms
[12.394s][debug][gc,age         ] GC(802) Desired survivor size 4194304 bytes, new threshold 1 (max threshold 15)
[12.395s][info ][gc,heap        ] GC(802) PSYoungGen: 13157K->1235K(13824K)
[12.395s][info ][gc,heap        ] GC(802) ParOldGen: 22935K->23342K(35840K)
[12.395s][info ][gc,metaspace   ] GC(802) Metaspace: 15860K->15860K(1064960K)
[12.395s][info ][gc             ] GC(802) Pause Young (Allocation Failure) 35M->24M(48M) 1.923ms
[12.395s][info ][gc,cpu         ] GC(802) User=0.01s Sys=0.00s Real=0.00s
[12.396s][info ][gc,start       ] GC(803) Pause Young (Allocation Failure)
[12.397s][debug][gc,phases      ] GC(803) Scavenge 1.648ms
[12.397s][debug][gc,phases      ] GC(803) Reference Processing 0.019ms
[12.398s][debug][gc,phases      ] GC(803) Weak Processing 0.010ms
[12.398s][debug][gc,phases      ] GC(803) Scrub String Table 0.065ms
[12.398s][debug][gc,age         ] GC(803) Desired survivor size 4194304 bytes, new threshold 1 (max threshold 15)
[12.398s][info ][gc,heap        ] GC(803) PSYoungGen: 13512K->1235K(16384K)
[12.398s][info ][gc,heap        ] GC(803) ParOldGen: 23342K->23749K(35840K)
[12.398s][info ][gc,metaspace   ] GC(803) Metaspace: 15860K->15860K(1064960K)
[12.398s][info ][gc             ] GC(803) Pause Young (Allocation Failure) 35M->24M(51M) 1.941ms
[12.398s][info ][gc,cpu         ] GC(803) User=0.01s Sys=0.00s Real=0.01s
[12.399s][info ][gc,start       ] GC(804) Pause Young (Allocation Failure)
[12.400s][debug][gc,phases      ] GC(804) Scavenge 1.608ms
[12.400s][debug][gc,phases      ] GC(804) Reference Processing 0.016ms
[12.400s][debug][gc,phases      ] GC(804) Weak Processing 0.010ms
[12.400s][debug][gc,phases      ] GC(804) Scrub String Table 0.063ms
[12.400s][debug][gc,age         ] GC(804) Desired survivor size 4194304 bytes, new threshold 1 (max threshold 15)
[12.401s][info ][gc,heap        ] GC(804) PSYoungGen: 13286K->1658K(16384K)
[12.401s][info ][gc,heap        ] GC(804) ParOldGen: 23749K->23757K(35840K)
[12.401s][info ][gc,metaspace   ] GC(804) Metaspace: 15860K->15860K(1064960K)
[12.401s][info ][gc             ] GC(804) Pause Young (Allocation Failure) 36M->24M(51M) 1.886ms
[12.401s][info ][gc,cpu         ] GC(804) User=0.01s Sys=0.00s Real=0.00s
[12.402s][info ][gc,start       ] GC(805) Pause Young (Allocation Failure)
[12.403s][debug][gc,phases      ] GC(805) Scavenge 1.761ms
[12.403s][debug][gc,phases      ] GC(805) Reference Processing 0.019ms
[12.404s][debug][gc,phases      ] GC(805) Weak Processing 0.012ms
[12.404s][debug][gc,phases      ] GC(805) Scrub String Table 0.073ms
[12.404s][debug][gc,age         ] GC(805) Desired survivor size 4194304 bytes, new threshold 1 (max threshold 15)
[12.404s][info ][gc,heap        ] GC(805) PSYoungGen: 13713K->2439K(17408K)
[12.404s][info ][gc,heap        ] GC(805) ParOldGen: 23757K->23765K(35840K)
[12.404s][info ][gc,metaspace   ] GC(805) Metaspace: 15860K->15860K(1064960K)
[12.404s][info ][gc             ] GC(805) Pause Young (Allocation Failure) 36M->25M(52M) 2.036ms
[12.404s][info ][gc,cpu         ] GC(805) User=0.01s Sys=0.00s Real=0.00s
[12.405s][info ][gc,start       ] GC(806) Pause Young (Allocation Failure)
[12.406s][debug][gc,phases      ] GC(806) Scavenge 1.028ms
[12.406s][debug][gc,phases      ] GC(806) Reference Processing 0.018ms
[12.406s][debug][gc,phases      ] GC(806) Weak Processing 0.009ms
[12.406s][debug][gc,phases      ] GC(806) Scrub String Table 0.065ms
[12.406s][debug][gc,age         ] GC(806) Desired survivor size 4194304 bytes, new threshold 1 (max threshold 15)
[12.406s][info ][gc,heap        ] GC(806) PSYoungGen: 15458K->486K(17408K)
[12.406s][info ][gc,heap        ] GC(806) ParOldGen: 23765K->25351K(35840K)
[12.406s][info ][gc,metaspace   ] GC(806) Metaspace: 15860K->15860K(1064960K)
[12.406s][info ][gc             ] GC(806) Pause Young (Allocation Failure) 38M->25M(52M) 1.287ms
[12.406s][info ][gc,cpu         ] GC(806) User=0.00s Sys=0.01s Real=0.00s
[12.407s][info ][gc,start       ] GC(807) Pause Young (Allocation Failure)
[12.409s][debug][gc,phases      ] GC(807) Scavenge 1.827ms
[12.409s][debug][gc,phases      ] GC(807) Reference Processing 0.019ms
[12.409s][debug][gc,phases      ] GC(807) Weak Processing 0.010ms
[12.409s][debug][gc,phases      ] GC(807) Scrub String Table 0.064ms
[12.409s][debug][gc,age         ] GC(807) Desired survivor size 4194304 bytes, new threshold 1 (max threshold 15)
[12.409s][info ][gc,heap        ] GC(807) PSYoungGen: 13588K->877K(17408K)
[12.409s][info ][gc,heap        ] GC(807) ParOldGen: 25351K->25367K(35840K)
[12.409s][info ][gc,metaspace   ] GC(807) Metaspace: 15860K->15860K(1064960K)
[12.409s][info ][gc             ] GC(807) Pause Young (Allocation Failure) 38M->25M(52M) 2.110ms
[12.409s][info ][gc,cpu         ] GC(807) User=0.01s Sys=0.00s Real=0.00s
[12.410s][info ][gc,start       ] GC(808) Pause Young (Allocation Failure)
[12.412s][debug][gc,phases      ] GC(808) Scavenge 1.591ms
[12.412s][debug][gc,phases      ] GC(808) Reference Processing 0.018ms
[12.412s][debug][gc,phases      ] GC(808) Weak Processing 0.010ms
[12.412s][debug][gc,phases      ] GC(808) Scrub String Table 0.063ms
[12.412s][debug][gc,age         ] GC(808) Desired survivor size 3670016 bytes, new threshold 1 (max threshold 15)
[12.412s][info ][gc,heap        ] GC(808) PSYoungGen: 13983K->877K(14336K)
[12.412s][info ][gc,heap        ] GC(808) ParOldGen: 25367K->25774K(35840K)
[12.412s][info ][gc,metaspace   ] GC(808) Metaspace: 15860K->15860K(1064960K)
[12.412s][info ][gc             ] GC(808) Pause Young (Allocation Failure) 38M->26M(49M) 1.865ms
[12.412s][info ][gc,cpu         ] GC(808) User=0.00s Sys=0.00s Real=0.00s
[12.413s][info ][gc,start       ] GC(809) Pause Young (Allocation Failure)
[12.415s][debug][gc,phases      ] GC(809) Scavenge 1.124ms
[12.415s][debug][gc,phases      ] GC(809) Reference Processing 0.018ms
[12.415s][debug][gc,phases      ] GC(809) Weak Processing 0.012ms
[12.415s][debug][gc,phases      ] GC(809) Scrub String Table 0.080ms
[12.415s][debug][gc,age         ] GC(809) Desired survivor size 3670016 bytes, new threshold 1 (max threshold 15)
[12.415s][info ][gc,heap        ] GC(809) PSYoungGen: 13946K->877K(16896K)
[12.415s][info ][gc,heap        ] GC(809) ParOldGen: 25774K->26188K(35840K)
[12.415s][info ][gc,metaspace   ] GC(809) Metaspace: 15860K->15860K(1064960K)
[12.415s][info ][gc             ] GC(809) Pause Young (Allocation Failure) 38M->26M(51M) 1.432ms
[12.415s][info ][gc,cpu         ] GC(809) User=0.01s Sys=0.00s Real=0.00s
[12.416s][info ][gc,start       ] GC(810) Pause Young (Allocation Failure)
[12.416s][debug][gc,phases      ] GC(810) Scavenge 0.467ms
[12.417s][debug][gc,phases      ] GC(810) Reference Processing 0.017ms
[12.417s][debug][gc,phases      ] GC(810) Weak Processing 0.011ms
[12.417s][debug][gc,phases      ] GC(810) Scrub String Table 0.066ms
[12.417s][debug][gc,age         ] GC(810) Desired survivor size 3670016 bytes, new threshold 1 (max threshold 15)
[12.417s][info ][gc,heap        ] GC(810) PSYoungGen: 14144K->1786K(16896K)
[12.417s][info ][gc,heap        ] GC(810) ParOldGen: 26188K->26196K(35840K)
[12.417s][info ][gc,metaspace   ] GC(810) Metaspace: 15860K->15860K(1064960K)
[12.417s][info ][gc             ] GC(810) Pause Young (Allocation Failure) 39M->27M(51M) 0.739ms
[12.417s][info ][gc,cpu         ] GC(810) User=0.00s Sys=0.00s Real=0.01s
[12.418s][info ][gc,start       ] GC(811) Pause Young (Allocation Failure)
[12.420s][debug][gc,phases      ] GC(811) Scavenge 1.650ms
[12.420s][debug][gc,phases      ] GC(811) Reference Processing 0.020ms
[12.420s][debug][gc,phases      ] GC(811) Weak Processing 0.010ms
[12.420s][debug][gc,phases      ] GC(811) Scrub String Table 0.064ms
[12.420s][debug][gc,age         ] GC(811) Desired survivor size 3670016 bytes, new threshold 1 (max threshold 15)
[12.420s][info ][gc,heap        ] GC(811) PSYoungGen: 14884K->1235K(17920K)
[12.420s][info ][gc,heap        ] GC(811) ParOldGen: 26196K->27002K(35840K)
[12.420s][info ][gc,metaspace   ] GC(811) Metaspace: 15860K->15860K(1064960K)
[12.420s][info ][gc             ] GC(811) Pause Young (Allocation Failure) 40M->27M(52M) 1.911ms
[12.420s][info ][gc,cpu         ] GC(811) User=0.01s Sys=0.00s Real=0.00s
[12.421s][info ][gc,start       ] GC(812) Pause Young (Allocation Failure)
[12.423s][debug][gc,phases      ] GC(812) Scavenge 1.778ms
[12.423s][debug][gc,phases      ] GC(812) Reference Processing 0.018ms
[12.423s][debug][gc,phases      ] GC(812) Weak Processing 0.010ms
[12.423s][debug][gc,phases      ] GC(812) Scrub String Table 0.065ms
[12.423s][debug][gc,age         ] GC(812) Desired survivor size 3670016 bytes, new threshold 1 (max threshold 15)
[12.423s][info ][gc,heap        ] GC(812) PSYoungGen: 15467K->845K(17920K)
[12.423s][info ][gc,heap        ] GC(812) ParOldGen: 27002K->27400K(35840K)
[12.423s][info ][gc,metaspace   ] GC(812) Metaspace: 15860K->15860K(1064960K)
[12.423s][info ][gc             ] GC(812) Pause Young (Allocation Failure) 41M->27M(52M) 2.033ms
[12.423s][info ][gc,cpu         ] GC(812) User=0.01s Sys=0.00s Real=0.00s
[12.424s][info ][gc,start       ] GC(813) Pause Young (Allocation Failure)
[12.425s][debug][gc,phases      ] GC(813) Scavenge 1.180ms
[12.425s][debug][gc,phases      ] GC(813) Reference Processing 0.017ms
[12.425s][debug][gc,phases      ] GC(813) Weak Processing 0.010ms
[12.425s][debug][gc,phases      ] GC(813) Scrub String Table 0.067ms
[12.425s][debug][gc,age         ] GC(813) Desired survivor size 3670016 bytes, new threshold 1 (max threshold 15)
[12.425s][info ][gc,heap        ] GC(813) PSYoungGen: 15007K->2830K(17920K)
[12.425s][info ][gc,heap        ] GC(813) ParOldGen: 27400K->27408K(35840K)
[12.425s][info ][gc,metaspace   ] GC(813) Metaspace: 15860K->15860K(1064960K)
[12.425s][info ][gc             ] GC(813) Pause Young (Allocation Failure) 41M->29M(52M) 1.445ms
[12.425s][info ][gc,cpu         ] GC(813) User=0.01s Sys=0.00s Real=0.00s
[12.427s][info ][gc,start       ] GC(814) Pause Young (Allocation Failure)
[12.429s][debug][gc,phases      ] GC(814) Scavenge 1.726ms
[12.429s][debug][gc,phases      ] GC(814) Reference Processing 0.019ms
[12.429s][debug][gc,phases      ] GC(814) Weak Processing 0.009ms
[12.429s][debug][gc,phases      ] GC(814) Scrub String Table 0.065ms
[12.429s][debug][gc,age         ] GC(814) Desired survivor size 3670016 bytes, new threshold 1 (max threshold 15)
[12.429s][info ][gc,heap        ] GC(814) PSYoungGen: 17166K->1658K(17920K)
[12.429s][info ][gc,heap        ] GC(814) ParOldGen: 27408K->28214K(35840K)
[12.429s][info ][gc,metaspace   ] GC(814) Metaspace: 15860K->15860K(1064960K)
[12.429s][info ][gc             ] GC(814) Pause Young (Allocation Failure) 43M->29M(52M) 2.016ms
[12.429s][info ][gc,cpu         ] GC(814) User=0.01s Sys=0.00s Real=0.00s
[12.430s][info ][gc,start       ] GC(815) Pause Young (Allocation Failure)
[12.431s][debug][gc,phases      ] GC(815) Scavenge 1.137ms
[12.431s][debug][gc,phases      ] GC(815) Reference Processing 0.020ms
[12.431s][debug][gc,phases      ] GC(815) Weak Processing 0.010ms
[12.431s][debug][gc,phases      ] GC(815) Scrub String Table 0.066ms
[12.431s][debug][gc,age         ] GC(815) Desired survivor size 3670016 bytes, new threshold 1 (max threshold 15)
[12.431s][info ][gc,heap        ] GC(815) PSYoungGen: 15946K->64K(17920K)
[12.431s][info ][gc,heap        ] GC(815) ParOldGen: 28214K->29011K(35840K)
[12.431s][info ][gc,metaspace   ] GC(815) Metaspace: 15860K->15860K(1064960K)
[12.431s][info ][gc             ] GC(815) Pause Young (Allocation Failure) 43M->28M(52M) 1.430ms
[12.431s][info ][gc,cpu         ] GC(815) User=0.00s Sys=0.00s Real=0.00s
[12.433s][info ][gc,start       ] GC(816) Pause Young (Allocation Failure)
[12.434s][debug][gc,phases      ] GC(816) Scavenge 1.024ms
[12.434s][debug][gc,phases      ] GC(816) Reference Processing 0.019ms
[12.434s][debug][gc,phases      ] GC(816) Weak Processing 0.010ms
[12.434s][debug][gc,phases      ] GC(816) Scrub String Table 0.065ms
[12.434s][debug][gc,age         ] GC(816) Desired survivor size 4194304 bytes, new threshold 1 (max threshold 15)
[12.434s][info ][gc,heap        ] GC(816) PSYoungGen: 14400K->2894K(17408K)
[12.434s][info ][gc,heap        ] GC(816) ParOldGen: 29011K->29035K(35840K)
[12.434s][info ][gc,metaspace   ] GC(816) Metaspace: 15860K->15860K(1064960K)
[12.434s][info ][gc             ] GC(816) Pause Young (Allocation Failure) 42M->31M(52M) 1.297ms
[12.434s][info ][gc,cpu         ] GC(816) User=0.00s Sys=0.00s Real=0.00s
[12.435s][info ][gc,start       ] GC(817) Pause Young (Allocation Failure)
[12.436s][debug][gc,phases      ] GC(817) Scavenge 1.094ms
[12.436s][debug][gc,phases      ] GC(817) Reference Processing 0.020ms
[12.436s][debug][gc,phases      ] GC(817) Weak Processing 0.010ms
[12.436s][debug][gc,phases      ] GC(817) Scrub String Table 0.071ms
[12.436s][debug][gc,age         ] GC(817) Desired survivor size 4194304 bytes, new threshold 1 (max threshold 15)
[12.436s][info ][gc,heap        ] GC(817) PSYoungGen: 16934K->2081K(17408K)
[12.436s][info ][gc,heap        ] GC(817) ParOldGen: 29035K->29442K(35840K)
[12.436s][info ][gc,metaspace   ] GC(817) Metaspace: 15860K->15860K(1064960K)
[12.436s][info ][gc             ] GC(817) Pause Young (Allocation Failure) 44M->30M(52M) 1.388ms
[12.436s][info ][gc,cpu         ] GC(817) User=0.01s Sys=0.00s Real=0.00s
[12.437s][info ][gc,start       ] GC(818) Pause Young (Allocation Failure)
[12.438s][debug][gc,phases      ] GC(818) Scavenge 1.147ms
[12.439s][debug][gc,phases      ] GC(818) Reference Processing 0.018ms
[12.439s][debug][gc,phases      ] GC(818) Weak Processing 0.011ms
[12.439s][debug][gc,phases      ] GC(818) Scrub String Table 0.068ms
[12.439s][debug][gc,age         ] GC(818) Desired survivor size 4194304 bytes, new threshold 1 (max threshold 15)
[12.439s][info ][gc,heap        ] GC(818) PSYoungGen: 15198K->2081K(17408K)
[12.439s][info ][gc,heap        ] GC(818) ParOldGen: 29442K->30263K(35840K)
[12.439s][info ][gc,metaspace   ] GC(818) Metaspace: 15860K->15860K(1064960K)
[12.439s][info ][gc             ] GC(818) Pause Young (Allocation Failure) 43M->31M(52M) 1.429ms
[12.439s][info ][gc,cpu         ] GC(818) User=0.01s Sys=0.00s Real=0.00s
[12.440s][info ][gc,start       ] GC(819) Pause Young (Allocation Failure)
[12.441s][debug][gc,phases      ] GC(819) Scavenge 1.095ms
[12.441s][debug][gc,phases      ] GC(819) Reference Processing 0.018ms
[12.441s][debug][gc,phases      ] GC(819) Weak Processing 0.010ms
[12.441s][debug][gc,phases      ] GC(819) Scrub String Table 0.066ms
[12.441s][debug][gc,age         ] GC(819) Desired survivor size 3670016 bytes, new threshold 1 (max threshold 15)
[12.441s][info ][gc,heap        ] GC(819) PSYoungGen: 15177K->1690K(16384K)
[12.441s][info ][gc,heap        ] GC(819) ParOldGen: 30263K->31060K(35840K)
[12.441s][info ][gc,metaspace   ] GC(819) Metaspace: 15860K->15860K(1064960K)
[12.441s][info ][gc             ] GC(819) Pause Young (Allocation Failure) 44M->31M(51M) 1.424ms
[12.441s][info ][gc,cpu         ] GC(819) User=0.01s Sys=0.00s Real=0.00s
[12.443s][info ][gc,start       ] GC(820) Pause Young (Allocation Failure)
[12.444s][debug][gc,phases      ] GC(820) Scavenge 1.085ms
[12.444s][debug][gc,phases      ] GC(820) Reference Processing 0.019ms
[12.444s][debug][gc,phases      ] GC(820) Weak Processing 0.010ms
[12.444s][debug][gc,phases      ] GC(820) Scrub String Table 0.066ms
[12.444s][debug][gc,age         ] GC(820) Desired survivor size 3670016 bytes, new threshold 1 (max threshold 15)
[12.444s][info ][gc,heap        ] GC(820) PSYoungGen: 14806K->845K(16896K)
[12.444s][info ][gc,heap        ] GC(820) ParOldGen: 31060K->31865K(35840K)
[12.444s][info ][gc,metaspace   ] GC(820) Metaspace: 15860K->15860K(1064960K)
[12.444s][info ][gc             ] GC(820) Pause Young (Allocation Failure) 44M->31M(51M) 1.377ms
[12.444s][info ][gc,cpu         ] GC(820) User=0.01s Sys=0.00s Real=0.00s
[12.445s][info ][gc,start       ] GC(821) Pause Young (Allocation Failure)
[12.447s][debug][gc,phases      ] GC(821) Scavenge 1.612ms
[12.447s][debug][gc,phases      ] GC(821) Reference Processing 0.025ms
[12.447s][debug][gc,phases      ] GC(821) Weak Processing 0.016ms
[12.447s][debug][gc,phases      ] GC(821) Scrub String Table 0.084ms
[12.447s][debug][gc,age         ] GC(821) Desired survivor size 3670016 bytes, new threshold 1 (max threshold 15)
[12.447s][info ][gc,heap        ] GC(821) PSYoungGen: 13900K->454K(17920K)
[12.447s][info ][gc,heap        ] GC(821) ParOldGen: 31865K->32272K(35840K)
[12.447s][info ][gc,metaspace   ] GC(821) Metaspace: 15860K->15860K(1064960K)
[12.447s][info ][gc             ] GC(821) Pause Young (Allocation Failure) 44M->31M(52M) 1.965ms
[12.447s][info ][gc,cpu         ] GC(821) User=0.01s Sys=0.00s Real=0.01s
[12.448s][info ][gc,start       ] GC(822) Pause Young (Allocation Failure)
[12.449s][debug][gc,phases      ] GC(822) Scavenge 0.686ms
[12.449s][debug][gc,phases      ] GC(822) Reference Processing 0.019ms
[12.449s][debug][gc,phases      ] GC(822) Weak Processing 0.013ms
[12.449s][debug][gc,phases      ] GC(822) Scrub String Table 0.077ms
[12.449s][debug][gc,age         ] GC(822) Desired survivor size 3670016 bytes, new threshold 1 (max threshold 15)
[12.449s][info ][gc,heap        ] GC(822) PSYoungGen: 14516K->2177K(17920K)
[12.449s][info ][gc,heap        ] GC(822) ParOldGen: 32272K->32280K(35840K)
[12.449s][info ][gc,metaspace   ] GC(822) Metaspace: 15860K->15860K(1064960K)
[12.449s][info ][gc             ] GC(822) Pause Young (Allocation Failure) 45M->33M(52M) 0.996ms
[12.449s][info ][gc,cpu         ] GC(822) User=0.00s Sys=0.00s Real=0.00s
[12.451s][info ][gc,start       ] GC(823) Pause Young (Allocation Failure)
[12.453s][debug][gc,phases      ] GC(823) Scavenge 1.938ms
[12.453s][debug][gc,phases      ] GC(823) Reference Processing 0.021ms
[12.453s][debug][gc,phases      ] GC(823) Weak Processing 0.014ms
[12.453s][debug][gc,phases      ] GC(823) Scrub String Table 0.091ms
[12.453s][debug][gc,age         ] GC(823) Desired survivor size 4194304 bytes, new threshold 1 (max threshold 15)
[12.453s][info ][gc,heap        ] GC(823) PSYoungGen: 16513K->3189K(16896K)
[12.453s][info ][gc,heap        ] GC(823) ParOldGen: 32280K->33476K(35840K)
[12.453s][info ][gc,metaspace   ] GC(823) Metaspace: 15860K->15860K(1064960K)
[12.453s][info ][gc             ] GC(823) Pause Young (Allocation Failure) 47M->35M(51M) 2.261ms
[12.453s][info ][gc,cpu         ] GC(823) User=0.00s Sys=0.00s Real=0.00s
[12.454s][info ][gc,start       ] GC(824) Pause Young (Allocation Failure)
[12.456s][debug][gc,phases      ] GC(824) Scavenge 2.005ms
[12.456s][debug][gc,phases      ] GC(824) Reference Processing 0.019ms
[12.456s][debug][gc,phases      ] GC(824) Weak Processing 0.010ms
[12.457s][debug][gc,phases      ] GC(824) Scrub String Table 0.109ms
[12.457s][debug][gc,age         ] GC(824) Desired survivor size 4194304 bytes, new threshold 1 (max threshold 15)
[12.457s][info ][gc,heap        ] GC(824) PSYoungGen: 16438K->1658K(17408K)
[12.457s][info ][gc,heap        ] GC(824) ParOldGen: 33476K->35055K(35840K)
[12.457s][info ][gc,metaspace   ] GC(824) Metaspace: 15860K->15860K(1064960K)
[12.457s][info ][gc             ] GC(824) Pause Young (Allocation Failure) 48M->35M(52M) 2.355ms
[12.457s][info ][gc,cpu         ] GC(824) User=0.01s Sys=0.00s Real=0.01s
[12.457s][debug][gc,phases      ] GC(825) Pre Compact 0.011ms
[12.457s][info ][gc,start       ] GC(825) Pause Full (Ergonomics)
[12.457s][info ][gc,phases,start] GC(825) Marking Phase
[12.459s][debug][gc,phases      ] GC(825) Par Mark 2.412ms
[12.459s][debug][gc,phases      ] GC(825) Reference Processing 0.044ms
[12.459s][debug][gc,phases      ] GC(825) Weak Processing 0.012ms
[12.459s][debug][gc,phases      ] GC(825) ClassLoaderData 0.021ms
[12.459s][debug][gc,phases      ] GC(825) ProtectionDomainCacheTable 0.002ms
[12.459s][debug][gc,phases      ] GC(825) ResolvedMethodTable 0.014ms
[12.460s][debug][gc,phases      ] GC(825) Class Unloading 0.762ms
[12.460s][debug][gc,phases      ] GC(825) Scrub String Table 0.060ms
[12.461s][debug][gc,phases      ] GC(825) Scrub Symbol Table 1.020ms
[12.461s][info ][gc,phases      ] GC(825) Marking Phase 4.465ms
[12.461s][info ][gc,phases,start] GC(825) Summary Phase
[12.461s][info ][gc,phases      ] GC(825) Summary Phase 0.013ms
[12.461s][info ][gc,phases,start] GC(825) Adjust Roots
[12.463s][info ][gc,phases      ] GC(825) Adjust Roots 1.573ms
[12.463s][info ][gc,phases,start] GC(825) Compaction Phase
[12.465s][info ][gc,phases      ] GC(825) Compaction Phase 1.825ms
[12.465s][info ][gc,phases,start] GC(825) Post Compact
[12.465s][info ][gc,phases      ] GC(825) Post Compact 0.071ms
[12.465s][info ][gc,heap        ] GC(825) PSYoungGen: 1658K->0K(17408K)
[12.465s][info ][gc,heap        ] GC(825) ParOldGen: 35055K->6199K(38400K)
[12.465s][info ][gc,metaspace   ] GC(825) Metaspace: 15860K->15860K(1064960K)
[12.465s][info ][gc             ] GC(825) Pause Full (Ergonomics) 35M->6M(54M) 8.163ms
[12.465s][info ][gc,cpu         ] GC(825) User=0.03s Sys=0.01s Real=0.00s
[12.466s][info ][gc,start       ] GC(826) Pause Young (Allocation Failure)
[12.468s][debug][gc,phases      ] GC(826) Scavenge 1.621ms
[12.468s][debug][gc,phases      ] GC(826) Reference Processing 0.032ms
[12.468s][debug][gc,phases      ] GC(826) Weak Processing 0.010ms
[12.468s][debug][gc,phases      ] GC(826) Scrub String Table 0.067ms
[12.468s][debug][gc,age         ] GC(826) Desired survivor size 4194304 bytes, new threshold 1 (max threshold 15)
[12.468s][info ][gc,heap        ] GC(826) PSYoungGen: 13252K->1267K(17408K)
[12.468s][info ][gc,heap        ] GC(826) ParOldGen: 6199K->6199K(38400K)
[12.468s][info ][gc,metaspace   ] GC(826) Metaspace: 15860K->15860K(1064960K)
[12.468s][info ][gc             ] GC(826) Pause Young (Allocation Failure) 18M->7M(54M) 1.903ms
[12.468s][info ][gc,cpu         ] GC(826) User=0.00s Sys=0.00s Real=0.01s
[12.469s][info ][gc,start       ] GC(827) Pause Young (Allocation Failure)
[12.470s][debug][gc,phases      ] GC(827) Scavenge 0.553ms
[12.470s][debug][gc,phases      ] GC(827) Reference Processing 0.030ms
[12.470s][debug][gc,phases      ] GC(827) Weak Processing 0.015ms
[12.470s][debug][gc,phases      ] GC(827) Scrub String Table 0.068ms
[12.470s][debug][gc,age         ] GC(827) Desired survivor size 3670016 bytes, new threshold 1 (max threshold 15)
[12.470s][info ][gc,heap        ] GC(827) PSYoungGen: 14288K->973K(16384K)
[12.470s][info ][gc,heap        ] GC(827) ParOldGen: 6199K->7028K(38400K)
[12.470s][info ][gc,metaspace   ] GC(827) Metaspace: 15860K->15860K(1064960K)
[12.470s][info ][gc             ] GC(827) Pause Young (Allocation Failure) 20M->7M(53M) 0.926ms
[12.470s][info ][gc,cpu         ] GC(827) User=0.00s Sys=0.00s Real=0.00s
[12.471s][info ][gc,start       ] GC(828) Pause Young (Allocation Failure)
[12.473s][debug][gc,phases      ] GC(828) Scavenge 1.593ms
[12.473s][debug][gc,phases      ] GC(828) Reference Processing 0.022ms
[12.473s][debug][gc,phases      ] GC(828) Weak Processing 0.011ms
[12.473s][debug][gc,phases      ] GC(828) Scrub String Table 0.070ms
[12.473s][debug][gc,age         ] GC(828) Desired survivor size 3670016 bytes, new threshold 1 (max threshold 15)
[12.473s][info ][gc,heap        ] GC(828) PSYoungGen: 14062K->1267K(16896K)
[12.473s][info ][gc,heap        ] GC(828) ParOldGen: 7028K->7044K(38400K)
[12.473s][info ][gc,metaspace   ] GC(828) Metaspace: 15860K->15860K(1064960K)
[12.473s][info ][gc             ] GC(828) Pause Young (Allocation Failure) 20M->8M(54M) 1.897ms
[12.473s][info ][gc,cpu         ] GC(828) User=0.01s Sys=0.00s Real=0.00s
[12.474s][info ][gc,start       ] GC(829) Pause Young (Allocation Failure)
[12.476s][debug][gc,phases      ] GC(829) Scavenge 1.136ms
[12.476s][debug][gc,phases      ] GC(829) Reference Processing 0.019ms
[12.476s][debug][gc,phases      ] GC(829) Weak Processing 0.014ms
[12.476s][debug][gc,phases      ] GC(829) Scrub String Table 0.092ms
[12.476s][debug][gc,age         ] GC(829) Desired survivor size 3670016 bytes, new threshold 1 (max threshold 15)
[12.476s][info ][gc,heap        ] GC(829) PSYoungGen: 14379K->1235K(17920K)
[12.476s][info ][gc,heap        ] GC(829) ParOldGen: 7044K->7052K(38400K)
[12.476s][info ][gc,metaspace   ] GC(829) Metaspace: 15860K->15860K(1064960K)
[12.476s][info ][gc             ] GC(829) Pause Young (Allocation Failure) 20M->8M(55M) 1.450ms
[12.476s][info ][gc,cpu         ] GC(829) User=0.00s Sys=0.00s Real=0.00s
[12.477s][info ][gc,start       ] GC(830) Pause Young (Allocation Failure)
[12.478s][debug][gc,phases      ] GC(830) Scavenge 1.141ms
[12.478s][debug][gc,phases      ] GC(830) Reference Processing 0.019ms
[12.478s][debug][gc,phases      ] GC(830) Weak Processing 0.011ms
[12.478s][debug][gc,phases      ] GC(830) Scrub String Table 0.068ms
[12.478s][debug][gc,age         ] GC(830) Desired survivor size 4194304 bytes, new threshold 1 (max threshold 15)
[12.478s][info ][gc,heap        ] GC(830) PSYoungGen: 15301K->2894K(17408K)
[12.478s][info ][gc,heap        ] GC(830) ParOldGen: 7052K->7052K(38400K)
[12.478s][info ][gc,metaspace   ] GC(830) Metaspace: 15860K->15860K(1064960K)
[12.479s][info ][gc             ] GC(830) Pause Young (Allocation Failure) 21M->9M(54M) 1.432ms
[12.479s][info ][gc,cpu         ] GC(830) User=0.01s Sys=0.00s Real=0.00s
[12.480s][info ][gc,start       ] GC(831) Pause Young (Allocation Failure)
[12.482s][debug][gc,phases      ] GC(831) Scavenge 1.945ms
[12.482s][debug][gc,phases      ] GC(831) Reference Processing 0.021ms
[12.482s][debug][gc,phases      ] GC(831) Weak Processing 0.011ms
[12.482s][debug][gc,phases      ] GC(831) Scrub String Table 0.070ms
[12.482s][debug][gc,age         ] GC(831) Desired survivor size 3670016 bytes, new threshold 1 (max threshold 15)
[12.482s][info ][gc,heap        ] GC(831) PSYoungGen: 17230K->1267K(17920K)
[12.482s][info ][gc,heap        ] GC(831) ParOldGen: 7052K->8639K(38400K)
[12.482s][info ][gc,metaspace   ] GC(831) Metaspace: 15860K->15860K(1064960K)
[12.482s][info ][gc             ] GC(831) Pause Young (Allocation Failure) 23M->9M(55M) 2.254ms
[12.482s][info ][gc,cpu         ] GC(831) User=0.01s Sys=0.00s Real=0.00s
[12.483s][info ][gc,start       ] GC(832) Pause Young (Allocation Failure)
[12.485s][debug][gc,phases      ] GC(832) Scavenge 1.690ms
[12.485s][debug][gc,phases      ] GC(832) Reference Processing 0.019ms
[12.485s][debug][gc,phases      ] GC(832) Weak Processing 0.010ms
[12.485s][debug][gc,phases      ] GC(832) Scrub String Table 0.068ms
[12.485s][debug][gc,age         ] GC(832) Desired survivor size 3670016 bytes, new threshold 1 (max threshold 15)
[12.485s][info ][gc,heap        ] GC(832) PSYoungGen: 14734K->1267K(17408K)
[12.485s][info ][gc,heap        ] GC(832) ParOldGen: 8639K->9038K(38400K)
[12.485s][info ][gc,metaspace   ] GC(832) Metaspace: 15860K->15860K(1064960K)
[12.485s][info ][gc             ] GC(832) Pause Young (Allocation Failure) 22M->10M(54M) 1.983ms
[12.485s][info ][gc,cpu         ] GC(832) User=0.00s Sys=0.00s Real=0.00s
[12.487s][info ][gc,start       ] GC(833) Pause Young (Allocation Failure)
[12.488s][debug][gc,phases      ] GC(833) Scavenge 1.593ms
[12.488s][debug][gc,phases      ] GC(833) Reference Processing 0.020ms
[12.488s][debug][gc,phases      ] GC(833) Weak Processing 0.011ms
[12.488s][debug][gc,phases      ] GC(833) Scrub String Table 0.069ms
[12.488s][debug][gc,age         ] GC(833) Desired survivor size 3670016 bytes, new threshold 1 (max threshold 15)
[12.488s][info ][gc,heap        ] GC(833) PSYoungGen: 14765K->1267K(17408K)
[12.488s][info ][gc,heap        ] GC(833) ParOldGen: 9038K->9046K(38400K)
[12.489s][info ][gc,metaspace   ] GC(833) Metaspace: 15860K->15860K(1064960K)
[12.489s][info ][gc             ] GC(833) Pause Young (Allocation Failure) 23M->10M(54M) 1.900ms
[12.489s][info ][gc,cpu         ] GC(833) User=0.02s Sys=0.00s Real=0.00s
[12.490s][info ][gc,start       ] GC(834) Pause Young (Allocation Failure)
[12.491s][debug][gc,phases      ] GC(834) Scavenge 1.403ms
[12.491s][debug][gc,phases      ] GC(834) Reference Processing 0.020ms
[12.491s][debug][gc,phases      ] GC(834) Weak Processing 0.011ms
[12.491s][debug][gc,phases      ] GC(834) Scrub String Table 0.067ms
[12.491s][debug][gc,age         ] GC(834) Desired survivor size 3670016 bytes, new threshold 1 (max threshold 15)
[12.491s][info ][gc,heap        ] GC(834) PSYoungGen: 14732K->877K(17408K)
[12.491s][info ][gc,heap        ] GC(834) ParOldGen: 9046K->9444K(38400K)
[12.491s][info ][gc,metaspace   ] GC(834) Metaspace: 15860K->15860K(1064960K)
[12.491s][info ][gc             ] GC(834) Pause Young (Allocation Failure) 23M->10M(54M) 1.690ms
[12.491s][info ][gc,cpu         ] GC(834) User=0.01s Sys=0.00s Real=0.00s
[12.493s][info ][gc,start       ] GC(835) Pause Young (Allocation Failure)
[12.494s][debug][gc,phases      ] GC(835) Scavenge 1.659ms
[12.494s][debug][gc,phases      ] GC(835) Reference Processing 0.020ms
[12.494s][debug][gc,phases      ] GC(835) Weak Processing 0.010ms
[12.495s][debug][gc,phases      ] GC(835) Scrub String Table 0.067ms
[12.495s][debug][gc,age         ] GC(835) Desired survivor size 3670016 bytes, new threshold 1 (max threshold 15)
[12.495s][info ][gc,heap        ] GC(835) PSYoungGen: 14353K->845K(17920K)
[12.495s][info ][gc,heap        ] GC(835) ParOldGen: 9444K->9859K(38400K)
[12.495s][info ][gc,metaspace   ] GC(835) Metaspace: 15860K->15860K(1064960K)
[12.495s][info ][gc             ] GC(835) Pause Young (Allocation Failure) 23M->10M(55M) 1.933ms
[12.495s][info ][gc,cpu         ] GC(835) User=0.01s Sys=0.00s Real=0.00s
[12.496s][info ][gc,start       ] GC(836) Pause Young (Allocation Failure)
[12.497s][debug][gc,phases      ] GC(836) Scavenge 1.058ms
[12.497s][debug][gc,phases      ] GC(836) Reference Processing 0.020ms
[12.497s][debug][gc,phases      ] GC(836) Weak Processing 0.011ms
[12.497s][debug][gc,phases      ] GC(836) Scrub String Table 0.072ms
[12.497s][debug][gc,age         ] GC(836) Desired survivor size 3145728 bytes, new threshold 1 (max threshold 15)
[12.497s][info ][gc,heap        ] GC(836) PSYoungGen: 15095K->877K(15360K)
[12.497s][info ][gc,heap        ] GC(836) ParOldGen: 9859K->9875K(38400K)
[12.497s][info ][gc,metaspace   ] GC(836) Metaspace: 15860K->15860K(1064960K)
[12.497s][info ][gc             ] GC(836) Pause Young (Allocation Failure) 24M->10M(52M) 1.370ms
[12.497s][info ][gc,cpu         ] GC(836) User=0.01s Sys=0.00s Real=0.01s
[12.498s][info ][gc,start       ] GC(837) Pause Young (Allocation Failure)
[12.499s][debug][gc,phases      ] GC(837) Scavenge 0.888ms
[12.499s][debug][gc,phases      ] GC(837) Reference Processing 0.021ms
[12.499s][debug][gc,phases      ] GC(837) Weak Processing 0.011ms
[12.499s][debug][gc,phases      ] GC(837) Scrub String Table 0.070ms
[12.499s][debug][gc,age         ] GC(837) Desired survivor size 3670016 bytes, new threshold 1 (max threshold 15)
[12.499s][info ][gc,heap        ] GC(837) PSYoungGen: 15017K->2862K(16896K)
[12.499s][info ][gc,heap        ] GC(837) ParOldGen: 9875K->9883K(38400K)
[12.499s][info ][gc,metaspace   ] GC(837) Metaspace: 15860K->15860K(1064960K)
[12.499s][info ][gc             ] GC(837) Pause Young (Allocation Failure) 24M->12M(54M) 1.184ms
[12.499s][info ][gc,cpu         ] GC(837) User=0.00s Sys=0.00s Real=0.00s
[12.501s][info ][gc,start       ] GC(838) Pause Young (Allocation Failure)
[12.502s][debug][gc,phases      ] GC(838) Scavenge 1.211ms
[12.502s][debug][gc,phases      ] GC(838) Reference Processing 0.018ms
[12.502s][debug][gc,phases      ] GC(838) Weak Processing 0.012ms
[12.502s][debug][gc,phases      ] GC(838) Scrub String Table 0.069ms
[12.502s][debug][gc,age         ] GC(838) Desired survivor size 3670016 bytes, new threshold 1 (max threshold 15)
[12.502s][info ][gc,heap        ] GC(838) PSYoungGen: 16358K->1267K(17408K)
[12.502s][info ][gc,heap        ] GC(838) ParOldGen: 9883K->11469K(38400K)
[12.502s][info ][gc,metaspace   ] GC(838) Metaspace: 15860K->15860K(1064960K)
[12.502s][info ][gc             ] GC(838) Pause Young (Allocation Failure) 25M->12M(54M) 1.502ms
[12.502s][info ][gc,cpu         ] GC(838) User=0.01s Sys=0.00s Real=0.00s
[12.503s][info ][gc,start       ] GC(839) Pause Young (Allocation Failure)
[12.505s][debug][gc,phases      ] GC(839) Scavenge 1.732ms
[12.505s][debug][gc,phases      ] GC(839) Reference Processing 0.020ms
[12.505s][debug][gc,phases      ] GC(839) Weak Processing 0.010ms
[12.505s][debug][gc,phases      ] GC(839) Scrub String Table 0.068ms
[12.505s][debug][gc,age         ] GC(839) Desired survivor size 3670016 bytes, new threshold 1 (max threshold 15)
[12.505s][info ][gc,heap        ] GC(839) PSYoungGen: 15033K->2439K(17920K)
[12.505s][info ][gc,heap        ] GC(839) ParOldGen: 11469K->11477K(38400K)
[12.505s][info ][gc,metaspace   ] GC(839) Metaspace: 15860K->15860K(1064960K)
[12.505s][info ][gc             ] GC(839) Pause Young (Allocation Failure) 25M->13M(55M) 2.018ms
[12.505s][info ][gc,cpu         ] GC(839) User=0.00s Sys=0.00s Real=0.00s
[12.507s][info ][gc,start       ] GC(840) Pause Young (Allocation Failure)
[12.509s][debug][gc,phases      ] GC(840) Scavenge 1.313ms
[12.510s][debug][gc,phases      ] GC(840) Reference Processing 0.025ms
[12.510s][debug][gc,phases      ] GC(840) Weak Processing 0.012ms
[12.510s][debug][gc,phases      ] GC(840) Scrub String Table 0.070ms
[12.510s][debug][gc,age         ] GC(840) Desired survivor size 3670016 bytes, new threshold 1 (max threshold 15)
[12.510s][info ][gc,heap        ] GC(840) PSYoungGen: 16425K->1267K(17920K)
[12.510s][info ][gc,heap        ] GC(840) ParOldGen: 11477K->11892K(38400K)
[12.510s][info ][gc,metaspace   ] GC(840) Metaspace: 15860K->15860K(1064960K)
[12.510s][info ][gc             ] GC(840) Pause Young (Allocation Failure) 27M->12M(55M) 2.849ms
[12.510s][info ][gc,cpu         ] GC(840) User=0.01s Sys=0.00s Real=0.00s
[12.511s][info ][gc,start       ] GC(841) Pause Young (Allocation Failure)
[12.513s][debug][gc,phases      ] GC(841) Scavenge 1.759ms
[12.513s][debug][gc,phases      ] GC(841) Reference Processing 0.020ms
[12.513s][debug][gc,phases      ] GC(841) Weak Processing 0.011ms
[12.513s][debug][gc,phases      ] GC(841) Scrub String Table 0.068ms
[12.513s][debug][gc,age         ] GC(841) Desired survivor size 3670016 bytes, new threshold 1 (max threshold 15)
[12.513s][info ][gc,heap        ] GC(841) PSYoungGen: 15352K->1658K(17920K)
[12.513s][info ][gc,heap        ] GC(841) ParOldGen: 11892K->11900K(38400K)
[12.513s][info ][gc,metaspace   ] GC(841) Metaspace: 15860K->15860K(1064960K)
[12.513s][info ][gc             ] GC(841) Pause Young (Allocation Failure) 26M->13M(55M) 2.062ms
[12.513s][info ][gc,cpu         ] GC(841) User=0.01s Sys=0.00s Real=0.00s
[12.514s][info ][gc,start       ] GC(842) Pause Young (Allocation Failure)
[12.515s][debug][gc,phases      ] GC(842) Scavenge 1.229ms
[12.515s][debug][gc,phases      ] GC(842) Reference Processing 0.020ms
[12.515s][debug][gc,phases      ] GC(842) Weak Processing 0.011ms
[12.516s][debug][gc,phases      ] GC(842) Scrub String Table 0.068ms
[12.516s][debug][gc,age         ] GC(842) Desired survivor size 3670016 bytes, new threshold 1 (max threshold 15)
[12.516s][info ][gc,heap        ] GC(842) PSYoungGen: 15696K->2503K(17920K)
[12.516s][info ][gc,heap        ] GC(842) ParOldGen: 11900K->11908K(38400K)
[12.516s][info ][gc,metaspace   ] GC(842) Metaspace: 15860K->15860K(1064960K)
[12.516s][info ][gc             ] GC(842) Pause Young (Allocation Failure) 26M->14M(55M) 1.532ms
[12.516s][info ][gc,cpu         ] GC(842) User=0.00s Sys=0.01s Real=0.00s
[12.517s][info ][gc,start       ] GC(843) Pause Young (Allocation Failure)
[12.518s][debug][gc,phases      ] GC(843) Scavenge 1.052ms
[12.518s][debug][gc,phases      ] GC(843) Reference Processing 0.019ms
[12.518s][debug][gc,phases      ] GC(843) Weak Processing 0.011ms
[12.518s][debug][gc,phases      ] GC(843) Scrub String Table 0.070ms
[12.518s][debug][gc,age         ] GC(843) Desired survivor size 3670016 bytes, new threshold 1 (max threshold 15)
[12.518s][info ][gc,heap        ] GC(843) PSYoungGen: 16839K->2049K(17920K)
[12.518s][info ][gc,heap        ] GC(843) ParOldGen: 11908K->11916K(38400K)
[12.518s][info ][gc,metaspace   ] GC(843) Metaspace: 15860K->15860K(1064960K)
[12.518s][info ][gc             ] GC(843) Pause Young (Allocation Failure) 28M->13M(55M) 1.341ms
[12.518s][info ][gc,cpu         ] GC(843) User=0.00s Sys=0.00s Real=0.00s
[12.520s][info ][gc,start       ] GC(844) Pause Young (Allocation Failure)
[12.522s][debug][gc,phases      ] GC(844) Scavenge 2.084ms
[12.522s][debug][gc,phases      ] GC(844) Reference Processing 0.023ms
[12.522s][debug][gc,phases      ] GC(844) Weak Processing 0.012ms
[12.522s][debug][gc,phases      ] GC(844) Scrub String Table 0.072ms
[12.522s][debug][gc,age         ] GC(844) Desired survivor size 3670016 bytes, new threshold 1 (max threshold 15)
[12.522s][info ][gc,heap        ] GC(844) PSYoungGen: 16385K->1658K(17920K)
[12.522s][info ][gc,heap        ] GC(844) ParOldGen: 11916K->12721K(38400K)
[12.522s][info ][gc,metaspace   ] GC(844) Metaspace: 15860K->15860K(1064960K)
[12.522s][info ][gc             ] GC(844) Pause Young (Allocation Failure) 27M->14M(55M) 2.411ms
[12.522s][info ][gc,cpu         ] GC(844) User=0.01s Sys=0.00s Real=0.00s
[12.523s][info ][gc,start       ] GC(845) Pause Young (Allocation Failure)
[12.525s][debug][gc,phases      ] GC(845) Scavenge 1.859ms
[12.525s][debug][gc,phases      ] GC(845) Reference Processing 0.020ms
[12.525s][debug][gc,phases      ] GC(845) Weak Processing 0.011ms
[12.525s][debug][gc,phases      ] GC(845) Scrub String Table 0.068ms
[12.525s][debug][gc,age         ] GC(845) Desired survivor size 3670016 bytes, new threshold 1 (max threshold 15)
[12.525s][info ][gc,heap        ] GC(845) PSYoungGen: 15912K->96K(17920K)
[12.525s][info ][gc,heap        ] GC(845) ParOldGen: 12721K->13136K(38400K)
[12.526s][info ][gc,metaspace   ] GC(845) Metaspace: 15860K->15860K(1064960K)
[12.526s][info ][gc             ] GC(845) Pause Young (Allocation Failure) 27M->12M(55M) 2.144ms
[12.526s][info ][gc,cpu         ] GC(845) User=0.01s Sys=0.00s Real=0.00s
[12.527s][info ][gc,start       ] GC(846) Pause Young (Allocation Failure)
[12.529s][debug][gc,phases      ] GC(846) Scavenge 1.699ms
[12.529s][debug][gc,phases      ] GC(846) Reference Processing 0.020ms
[12.529s][debug][gc,phases      ] GC(846) Weak Processing 0.010ms
[12.529s][debug][gc,phases      ] GC(846) Scrub String Table 0.069ms
[12.529s][debug][gc,age         ] GC(846) Desired survivor size 3670016 bytes, new threshold 1 (max threshold 15)
[12.529s][info ][gc,heap        ] GC(846) PSYoungGen: 14400K->2081K(17920K)
[12.529s][info ][gc,heap        ] GC(846) ParOldGen: 13136K->13152K(38400K)
[12.529s][info ][gc,metaspace   ] GC(846) Metaspace: 15860K->15860K(1064960K)
[12.529s][info ][gc             ] GC(846) Pause Young (Allocation Failure) 26M->14M(55M) 1.986ms
[12.529s][info ][gc,cpu         ] GC(846) User=0.01s Sys=0.00s Real=0.00s
[12.530s][info ][gc,start       ] GC(847) Pause Young (Allocation Failure)
[12.532s][debug][gc,phases      ] GC(847) Scavenge 1.268ms
[12.532s][debug][gc,phases      ] GC(847) Reference Processing 0.021ms
[12.532s][debug][gc,phases      ] GC(847) Weak Processing 0.011ms
[12.532s][debug][gc,phases      ] GC(847) Scrub String Table 0.069ms
[12.532s][debug][gc,age         ] GC(847) Desired survivor size 3670016 bytes, new threshold 1 (max threshold 15)
[12.532s][info ][gc,heap        ] GC(847) PSYoungGen: 16328K->454K(17920K)
[12.532s][info ][gc,heap        ] GC(847) ParOldGen: 13152K->13957K(38400K)
[12.532s][info ][gc,metaspace   ] GC(847) Metaspace: 15860K->15860K(1064960K)
[12.532s][info ][gc             ] GC(847) Pause Young (Allocation Failure) 28M->14M(55M) 1.584ms
[12.532s][info ][gc,cpu         ] GC(847) User=0.01s Sys=0.00s Real=0.00s
[12.533s][info ][gc,start       ] GC(848) Pause Young (Allocation Failure)
[12.534s][debug][gc,phases      ] GC(848) Scavenge 1.022ms
[12.534s][debug][gc,phases      ] GC(848) Reference Processing 0.040ms
[12.534s][debug][gc,phases      ] GC(848) Weak Processing 0.011ms
[12.534s][debug][gc,phases      ] GC(848) Scrub String Table 0.088ms
[12.534s][debug][gc,age         ] GC(848) Desired survivor size 3670016 bytes, new threshold 1 (max threshold 15)
[12.535s][info ][gc,heap        ] GC(848) PSYoungGen: 14683K->1267K(17920K)
[12.535s][info ][gc,heap        ] GC(848) ParOldGen: 13957K->13965K(38400K)
[12.535s][info ][gc,metaspace   ] GC(848) Metaspace: 15860K->15860K(1064960K)
[12.535s][info ][gc             ] GC(848) Pause Young (Allocation Failure) 27M->14M(55M) 1.373ms
[12.535s][info ][gc,cpu         ] GC(848) User=0.01s Sys=0.00s Real=0.00s
[12.536s][info ][gc,start       ] GC(849) Pause Young (Allocation Failure)
[12.537s][debug][gc,phases      ] GC(849) Scavenge 0.921ms
[12.537s][debug][gc,phases      ] GC(849) Reference Processing 0.019ms
[12.537s][debug][gc,phases      ] GC(849) Weak Processing 0.011ms
[12.537s][debug][gc,phases      ] GC(849) Scrub String Table 0.068ms
[12.537s][debug][gc,age         ] GC(849) Desired survivor size 3145728 bytes, new threshold 1 (max threshold 15)
[12.537s][info ][gc,heap        ] GC(849) PSYoungGen: 15603K->1299K(16896K)
[12.537s][info ][gc,heap        ] GC(849) ParOldGen: 13965K->13973K(38400K)
[12.537s][info ][gc,metaspace   ] GC(849) Metaspace: 15860K->15860K(1064960K)
[12.537s][info ][gc             ] GC(849) Pause Young (Allocation Failure) 28M->14M(54M) 1.214ms
[12.537s][info ][gc,cpu         ] GC(849) User=0.01s Sys=0.00s Real=0.01s
[12.538s][info ][gc,start       ] GC(850) Pause Young (Allocation Failure)
[12.540s][debug][gc,phases      ] GC(850) Scavenge 1.703ms
[12.540s][debug][gc,phases      ] GC(850) Reference Processing 0.018ms
[12.540s][debug][gc,phases      ] GC(850) Weak Processing 0.012ms
[12.540s][debug][gc,phases      ] GC(850) Scrub String Table 0.067ms
[12.540s][debug][gc,age         ] GC(850) Desired survivor size 3145728 bytes, new threshold 1 (max threshold 15)
[12.540s][info ][gc,heap        ] GC(850) PSYoungGen: 15548K->877K(17408K)
[12.540s][info ][gc,heap        ] GC(850) ParOldGen: 13973K->14779K(38400K)
[12.540s][info ][gc,metaspace   ] GC(850) Metaspace: 15860K->15860K(1064960K)
[12.540s][info ][gc             ] GC(850) Pause Young (Allocation Failure) 28M->15M(54M) 1.975ms
[12.540s][info ][gc,cpu         ] GC(850) User=0.01s Sys=0.00s Real=0.00s
[12.542s][info ][gc,start       ] GC(851) Pause Young (Allocation Failure)
[12.543s][debug][gc,phases      ] GC(851) Scavenge 1.287ms
[12.543s][debug][gc,phases      ] GC(851) Reference Processing 0.020ms
[12.543s][debug][gc,phases      ] GC(851) Weak Processing 0.011ms
[12.543s][debug][gc,phases      ] GC(851) Scrub String Table 0.068ms
[12.543s][debug][gc,age         ] GC(851) Desired survivor size 3670016 bytes, new threshold 1 (max threshold 15)
[12.543s][info ][gc,heap        ] GC(851) PSYoungGen: 15039K->2862K(17408K)
[12.543s][info ][gc,heap        ] GC(851) ParOldGen: 14779K->15177K(38400K)
[12.543s][info ][gc,metaspace   ] GC(851) Metaspace: 15860K->15860K(1064960K)
[12.543s][info ][gc             ] GC(851) Pause Young (Allocation Failure) 29M->17M(54M) 1.577ms
[12.543s][info ][gc,cpu         ] GC(851) User=0.01s Sys=0.00s Real=0.00s
[12.544s][info ][gc,start       ] GC(852) Pause Young (Allocation Failure)
[12.546s][debug][gc,phases      ] GC(852) Scavenge 1.824ms
[12.546s][debug][gc,phases      ] GC(852) Reference Processing 0.027ms
[12.546s][debug][gc,phases      ] GC(852) Weak Processing 0.017ms
[12.547s][debug][gc,phases      ] GC(852) Scrub String Table 0.090ms
[12.547s][debug][gc,age         ] GC(852) Desired survivor size 3670016 bytes, new threshold 1 (max threshold 15)
[12.547s][info ][gc,heap        ] GC(852) PSYoungGen: 17099K->486K(17920K)
[12.547s][info ][gc,heap        ] GC(852) ParOldGen: 15177K->16764K(38400K)
[12.547s][info ][gc,metaspace   ] GC(852) Metaspace: 15860K->15860K(1064960K)
[12.547s][info ][gc             ] GC(852) Pause Young (Allocation Failure) 31M->16M(55M) 2.228ms
[12.547s][info ][gc,cpu         ] GC(852) User=0.01s Sys=0.00s Real=0.01s
[12.548s][info ][gc,start       ] GC(853) Pause Young (Allocation Failure)
[12.548s][debug][gc,phases      ] GC(853) Scavenge 0.493ms
[12.548s][debug][gc,phases      ] GC(853) Reference Processing 0.019ms
[12.548s][debug][gc,phases      ] GC(853) Weak Processing 0.011ms
[12.549s][debug][gc,phases      ] GC(853) Scrub String Table 0.067ms
[12.549s][debug][gc,age         ] GC(853) Desired survivor size 3670016 bytes, new threshold 1 (max threshold 15)
[12.549s][info ][gc,heap        ] GC(853) PSYoungGen: 14578K->1754K(17920K)
[12.549s][info ][gc,heap        ] GC(853) ParOldGen: 16764K->16772K(38400K)
[12.549s][info ][gc,metaspace   ] GC(853) Metaspace: 15860K->15860K(1064960K)
[12.549s][info ][gc             ] GC(853) Pause Young (Allocation Failure) 30M->18M(55M) 0.773ms
[12.549s][info ][gc,cpu         ] GC(853) User=0.01s Sys=0.00s Real=0.00s
[12.550s][info ][gc,start       ] GC(854) Pause Young (Allocation Failure)
[12.550s][debug][gc,phases      ] GC(854) Scavenge 0.566ms
[12.551s][debug][gc,phases      ] GC(854) Reference Processing 0.019ms
[12.551s][debug][gc,phases      ] GC(854) Weak Processing 0.009ms
[12.551s][debug][gc,phases      ] GC(854) Scrub String Table 0.068ms
[12.551s][debug][gc,age         ] GC(854) Desired survivor size 3670016 bytes, new threshold 1 (max threshold 15)
[12.551s][info ][gc,heap        ] GC(854) PSYoungGen: 16062K->2049K(17920K)
[12.551s][info ][gc,heap        ] GC(854) ParOldGen: 16772K->17178K(38400K)
[12.551s][info ][gc,metaspace   ] GC(854) Metaspace: 15860K->15860K(1064960K)
[12.551s][info ][gc             ] GC(854) Pause Young (Allocation Failure) 32M->18M(55M) 0.838ms
[12.551s][info ][gc,cpu         ] GC(854) User=0.01s Sys=0.00s Real=0.00s
[12.552s][info ][gc,start       ] GC(855) Pause Young (Allocation Failure)
[12.553s][debug][gc,phases      ] GC(855) Scavenge 1.076ms
[12.553s][debug][gc,phases      ] GC(855) Reference Processing 0.019ms
[12.553s][debug][gc,phases      ] GC(855) Weak Processing 0.012ms
[12.553s][debug][gc,phases      ] GC(855) Scrub String Table 0.070ms
[12.553s][debug][gc,age         ] GC(855) Desired survivor size 3670016 bytes, new threshold 1 (max threshold 15)
[12.553s][info ][gc,heap        ] GC(855) PSYoungGen: 16139K->2177K(17920K)
[12.553s][info ][gc,heap        ] GC(855) ParOldGen: 17178K->17202K(38400K)
[12.553s][info ][gc,metaspace   ] GC(855) Metaspace: 15860K->15860K(1064960K)
[12.553s][info ][gc             ] GC(855) Pause Young (Allocation Failure) 32M->18M(55M) 1.376ms
[12.553s][info ][gc,cpu         ] GC(855) User=0.01s Sys=0.00s Real=0.00s
[12.554s][info ][gc,start       ] GC(856) Pause Young (Allocation Failure)
[12.556s][debug][gc,phases      ] GC(856) Scavenge 1.078ms
[12.556s][debug][gc,phases      ] GC(856) Reference Processing 0.022ms
[12.556s][debug][gc,phases      ] GC(856) Weak Processing 0.010ms
[12.556s][debug][gc,phases      ] GC(856) Scrub String Table 0.069ms
[12.556s][debug][gc,age         ] GC(856) Desired survivor size 3670016 bytes, new threshold 1 (max threshold 15)
[12.556s][info ][gc,heap        ] GC(856) PSYoungGen: 16171K->2439K(17920K)
[12.556s][info ][gc,heap        ] GC(856) ParOldGen: 17202K->17609K(38400K)
[12.556s][info ][gc,metaspace   ] GC(856) Metaspace: 15860K->15860K(1064960K)
[12.556s][info ][gc             ] GC(856) Pause Young (Allocation Failure) 32M->19M(55M) 1.399ms
[12.556s][info ][gc,cpu         ] GC(856) User=0.00s Sys=0.00s Real=0.00s
[12.557s][info ][gc,start       ] GC(857) Pause Young (Allocation Failure)
[12.558s][debug][gc,phases      ] GC(857) Scavenge 1.055ms
[12.558s][debug][gc,phases      ] GC(857) Reference Processing 0.020ms
[12.558s][debug][gc,phases      ] GC(857) Weak Processing 0.014ms
[12.558s][debug][gc,phases      ] GC(857) Scrub String Table 0.080ms
[12.558s][debug][gc,age         ] GC(857) Desired survivor size 3670016 bytes, new threshold 1 (max threshold 15)
[12.558s][info ][gc,heap        ] GC(857) PSYoungGen: 16466K->2177K(17920K)
[12.558s][info ][gc,heap        ] GC(857) ParOldGen: 17609K->18016K(38400K)
[12.558s][info ][gc,metaspace   ] GC(857) Metaspace: 15860K->15860K(1064960K)
[12.558s][info ][gc             ] GC(857) Pause Young (Allocation Failure) 33M->19M(55M) 1.369ms
[12.558s][info ][gc,cpu         ] GC(857) User=0.01s Sys=0.00s Real=0.00s
[12.560s][info ][gc,start       ] GC(858) Pause Young (Allocation Failure)
[12.560s][debug][gc,phases      ] GC(858) Scavenge 0.270ms
[12.560s][debug][gc,phases      ] GC(858) Reference Processing 0.019ms
[12.560s][debug][gc,phases      ] GC(858) Weak Processing 0.010ms
[12.560s][debug][gc,phases      ] GC(858) Scrub String Table 0.068ms
[12.560s][debug][gc,age         ] GC(858) Desired survivor size 3670016 bytes, new threshold 1 (max threshold 15)
[12.560s][info ][gc,heap        ] GC(858) PSYoungGen: 16143K->1427K(17920K)
[12.560s][info ][gc,heap        ] GC(858) ParOldGen: 18016K->18032K(38400K)
[12.560s][info ][gc,metaspace   ] GC(858) Metaspace: 15860K->15860K(1064960K)
[12.560s][info ][gc             ] GC(858) Pause Young (Allocation Failure) 33M->19M(55M) 0.551ms
[12.560s][info ][gc,cpu         ] GC(858) User=0.01s Sys=0.00s Real=0.00s
[12.561s][info ][gc,start       ] GC(859) Pause Young (Allocation Failure)
[12.562s][debug][gc,phases      ] GC(859) Scavenge 0.466ms
[12.562s][debug][gc,phases      ] GC(859) Reference Processing 0.019ms
[12.562s][debug][gc,phases      ] GC(859) Weak Processing 0.010ms
[12.562s][debug][gc,phases      ] GC(859) Scrub String Table 0.069ms
[12.562s][debug][gc,age         ] GC(859) Desired survivor size 4194304 bytes, new threshold 1 (max threshold 15)
[12.562s][info ][gc,heap        ] GC(859) PSYoungGen: 15424K->2990K(16896K)
[12.562s][info ][gc,heap        ] GC(859) ParOldGen: 18032K->18040K(38400K)
[12.562s][info ][gc,metaspace   ] GC(859) Metaspace: 15860K->15860K(1064960K)
[12.562s][info ][gc             ] GC(859) Pause Young (Allocation Failure) 32M->20M(54M) 0.748ms
[12.562s][info ][gc,cpu         ] GC(859) User=0.00s Sys=0.00s Real=0.00s
[12.563s][info ][gc,start       ] GC(860) Pause Young (Allocation Failure)
[12.565s][debug][gc,phases      ] GC(860) Scavenge 1.144ms
[12.565s][debug][gc,phases      ] GC(860) Reference Processing 0.020ms
[12.565s][debug][gc,phases      ] GC(860) Weak Processing 0.010ms
[12.565s][debug][gc,phases      ] GC(860) Scrub String Table 0.068ms
[12.565s][debug][gc,age         ] GC(860) Desired survivor size 4194304 bytes, new threshold 1 (max threshold 15)
[12.565s][info ][gc,heap        ] GC(860) PSYoungGen: 16168K->2113K(17408K)
[12.565s][info ][gc,heap        ] GC(860) ParOldGen: 18040K->18048K(38400K)
[12.565s][info ][gc,metaspace   ] GC(860) Metaspace: 15860K->15860K(1064960K)
[12.565s][info ][gc             ] GC(860) Pause Young (Allocation Failure) 33M->19M(54M) 1.507ms
[12.565s][info ][gc,cpu         ] GC(860) User=0.01s Sys=0.00s Real=0.00s
[12.566s][info ][gc,start       ] GC(861) Pause Young (Allocation Failure)
[12.566s][debug][gc,phases      ] GC(861) Scavenge 0.412ms
[12.566s][debug][gc,phases      ] GC(861) Reference Processing 0.020ms
[12.566s][debug][gc,phases      ] GC(861) Weak Processing 0.010ms
[12.566s][debug][gc,phases      ] GC(861) Scrub String Table 0.068ms
[12.566s][debug][gc,age         ] GC(861) Desired survivor size 3670016 bytes, new threshold 1 (max threshold 15)
[12.566s][info ][gc,heap        ] GC(861) PSYoungGen: 15282K->2209K(16384K)
[12.566s][info ][gc,heap        ] GC(861) ParOldGen: 18048K->18048K(38400K)
[12.566s][info ][gc,metaspace   ] GC(861) Metaspace: 15860K->15860K(1064960K)
[12.567s][info ][gc             ] GC(861) Pause Young (Allocation Failure) 32M->19M(53M) 0.812ms
[12.567s][info ][gc,cpu         ] GC(861) User=0.00s Sys=0.00s Real=0.01s
[12.568s][info ][gc,start       ] GC(862) Pause Young (Allocation Failure)
[12.568s][debug][gc,phases      ] GC(862) Scavenge 0.454ms
[12.568s][debug][gc,phases      ] GC(862) Reference Processing 0.023ms
[12.568s][debug][gc,phases      ] GC(862) Weak Processing 0.010ms
[12.568s][debug][gc,phases      ] GC(862) Scrub String Table 0.069ms
[12.568s][debug][gc,age         ] GC(862) Desired survivor size 4194304 bytes, new threshold 1 (max threshold 15)
[12.568s][info ][gc,heap        ] GC(862) PSYoungGen: 15372K->3381K(16896K)
[12.568s][info ][gc,heap        ] GC(862) ParOldGen: 18048K->18048K(38400K)
[12.568s][info ][gc,metaspace   ] GC(862) Metaspace: 15860K->15860K(1064960K)
[12.568s][info ][gc             ] GC(862) Pause Young (Allocation Failure) 32M->20M(54M) 0.764ms
[12.568s][info ][gc,cpu         ] GC(862) User=0.00s Sys=0.00s Real=0.00s
[12.569s][info ][gc,start       ] GC(863) Pause Young (Allocation Failure)
[12.570s][debug][gc,phases      ] GC(863) Scavenge 0.935ms
[12.570s][debug][gc,phases      ] GC(863) Reference Processing 0.020ms
[12.570s][debug][gc,phases      ] GC(863) Weak Processing 0.010ms
[12.570s][debug][gc,phases      ] GC(863) Scrub String Table 0.069ms
[12.571s][debug][gc,age         ] GC(863) Desired survivor size 4718592 bytes, new threshold 1 (max threshold 15)
[12.571s][info ][gc,heap        ] GC(863) PSYoungGen: 16540K->3381K(16384K)
[12.571s][info ][gc,heap        ] GC(863) ParOldGen: 18048K->18048K(38400K)
[12.571s][info ][gc,metaspace   ] GC(863) Metaspace: 15860K->15860K(1064960K)
[12.571s][info ][gc             ] GC(863) Pause Young (Allocation Failure) 33M->20M(53M) 1.218ms
[12.571s][info ][gc,cpu         ] GC(863) User=0.01s Sys=0.00s Real=0.00s
[12.572s][info ][gc,start       ] GC(864) Pause Young (Allocation Failure)
[12.572s][debug][gc,phases      ] GC(864) Scavenge 0.462ms
[12.572s][debug][gc,phases      ] GC(864) Reference Processing 0.020ms
[12.572s][debug][gc,phases      ] GC(864) Weak Processing 0.010ms
[12.573s][debug][gc,phases      ] GC(864) Scrub String Table 0.069ms
[12.573s][debug][gc,age         ] GC(864) Desired survivor size 4718592 bytes, new threshold 1 (max threshold 15)
[12.573s][info ][gc,heap        ] GC(864) PSYoungGen: 15345K->2958K(16896K)
[12.573s][info ][gc,heap        ] GC(864) ParOldGen: 18048K->18048K(38400K)
[12.573s][info ][gc,metaspace   ] GC(864) Metaspace: 15860K->15860K(1064960K)
[12.573s][info ][gc             ] GC(864) Pause Young (Allocation Failure) 32M->20M(54M) 0.747ms
[12.573s][info ][gc,cpu         ] GC(864) User=0.00s Sys=0.00s Real=0.00s
[12.574s][info ][gc,start       ] GC(865) Pause Young (Allocation Failure)
[12.574s][debug][gc,phases      ] GC(865) Scavenge 0.468ms
[12.574s][debug][gc,phases      ] GC(865) Reference Processing 0.020ms
[12.574s][debug][gc,phases      ] GC(865) Weak Processing 0.010ms
[12.574s][debug][gc,phases      ] GC(865) Scrub String Table 0.068ms
[12.574s][debug][gc,age         ] GC(865) Desired survivor size 4718592 bytes, new threshold 1 (max threshold 15)
[12.574s][info ][gc,heap        ] GC(865) PSYoungGen: 14921K->2599K(16896K)
[12.574s][info ][gc,heap        ] GC(865) ParOldGen: 18048K->18048K(38400K)
[12.574s][info ][gc,metaspace   ] GC(865) Metaspace: 15860K->15860K(1064960K)
[12.574s][info ][gc             ] GC(865) Pause Young (Allocation Failure) 32M->20M(54M) 0.751ms
[12.574s][info ][gc,cpu         ] GC(865) User=0.00s Sys=0.00s Real=0.00s
[12.575s][info ][gc,start       ] GC(866) Pause Young (Allocation Failure)
[12.576s][debug][gc,phases      ] GC(866) Scavenge 0.412ms
[12.576s][debug][gc,phases      ] GC(866) Reference Processing 0.020ms
[12.576s][debug][gc,phases      ] GC(866) Weak Processing 0.010ms
[12.576s][debug][gc,phases      ] GC(866) Scrub String Table 0.069ms
[12.576s][debug][gc,age         ] GC(866) Desired survivor size 4194304 bytes, new threshold 1 (max threshold 15)
[12.576s][info ][gc,heap        ] GC(866) PSYoungGen: 14561K->2209K(14848K)
[12.576s][info ][gc,heap        ] GC(866) ParOldGen: 18048K->18048K(38400K)
[12.576s][info ][gc,metaspace   ] GC(866) Metaspace: 15860K->15860K(1064960K)
[12.576s][info ][gc             ] GC(866) Pause Young (Allocation Failure) 31M->19M(52M) 0.758ms
[12.576s][info ][gc,cpu         ] GC(866) User=0.00s Sys=0.00s Real=0.00s
[12.577s][info ][gc,start       ] GC(867) Pause Young (Allocation Failure)
[12.578s][debug][gc,phases      ] GC(867) Scavenge 0.424ms
[12.578s][debug][gc,phases      ] GC(867) Reference Processing 0.021ms
[12.578s][debug][gc,phases      ] GC(867) Weak Processing 0.010ms
[12.578s][debug][gc,phases      ] GC(867) Scrub String Table 0.068ms
[12.578s][debug][gc,age         ] GC(867) Desired survivor size 4718592 bytes, new threshold 1 (max threshold 15)
[12.578s][info ][gc,heap        ] GC(867) PSYoungGen: 14170K->3381K(15872K)
[12.578s][info ][gc,heap        ] GC(867) ParOldGen: 18048K->18048K(38400K)
[12.578s][info ][gc,metaspace   ] GC(867) Metaspace: 15860K->15860K(1064960K)
[12.578s][info ][gc             ] GC(867) Pause Young (Allocation Failure) 31M->20M(53M) 0.730ms
[12.578s][info ][gc,cpu         ] GC(867) User=0.00s Sys=0.00s Real=0.00s
[12.579s][info ][gc,start       ] GC(868) Pause Young (Allocation Failure)
[12.579s][debug][gc,phases      ] GC(868) Scavenge 0.472ms
[12.579s][debug][gc,phases      ] GC(868) Reference Processing 0.021ms
[12.580s][debug][gc,phases      ] GC(868) Weak Processing 0.013ms
[12.580s][debug][gc,phases      ] GC(868) Scrub String Table 0.072ms
[12.580s][debug][gc,age         ] GC(868) Desired survivor size 4718592 bytes, new threshold 1 (max threshold 15)
[12.580s][info ][gc,heap        ] GC(868) PSYoungGen: 14941K->2958K(16384K)
[12.580s][info ][gc,heap        ] GC(868) ParOldGen: 18048K->18048K(38400K)
[12.580s][info ][gc,metaspace   ] GC(868) Metaspace: 15860K->15860K(1064960K)
[12.580s][info ][gc             ] GC(868) Pause Young (Allocation Failure) 32M->20M(53M) 0.767ms
[12.580s][info ][gc,cpu         ] GC(868) User=0.01s Sys=0.00s Real=0.00s
[12.581s][info ][gc,start       ] GC(869) Pause Young (Allocation Failure)
[12.582s][debug][gc,phases      ] GC(869) Scavenge 0.795ms
[12.582s][debug][gc,phases      ] GC(869) Reference Processing 0.019ms
[12.582s][debug][gc,phases      ] GC(869) Weak Processing 0.010ms
[12.582s][debug][gc,phases      ] GC(869) Scrub String Table 0.068ms
[12.582s][debug][gc,age         ] GC(869) Desired survivor size 4718592 bytes, new threshold 1 (max threshold 15)
[12.582s][info ][gc,heap        ] GC(869) PSYoungGen: 14491K->1331K(16896K)
[12.582s][info ][gc,heap        ] GC(869) ParOldGen: 18048K->18454K(38400K)
[12.582s][info ][gc,metaspace   ] GC(869) Metaspace: 15860K->15860K(1064960K)
[12.582s][info ][gc             ] GC(869) Pause Young (Allocation Failure) 31M->19M(54M) 1.096ms
[12.582s][info ][gc,cpu         ] GC(869) User=0.01s Sys=0.00s Real=0.00s
[12.583s][info ][gc,start       ] GC(870) Pause Young (Allocation Failure)
[12.583s][debug][gc,phases      ] GC(870) Scavenge 0.616ms
[12.583s][debug][gc,phases      ] GC(870) Reference Processing 0.021ms
[12.583s][debug][gc,phases      ] GC(870) Weak Processing 0.010ms
[12.584s][debug][gc,phases      ] GC(870) Scrub String Table 0.068ms
[12.584s][debug][gc,age         ] GC(870) Desired survivor size 4718592 bytes, new threshold 1 (max threshold 15)
[12.584s][info ][gc,heap        ] GC(870) PSYoungGen: 13303K->2990K(16896K)
[12.584s][info ][gc,heap        ] GC(870) ParOldGen: 18454K->18454K(38400K)
[12.584s][info ][gc,metaspace   ] GC(870) Metaspace: 15860K->15860K(1064960K)
[12.584s][info ][gc             ] GC(870) Pause Young (Allocation Failure) 31M->20M(54M) 0.902ms
[12.584s][info ][gc,cpu         ] GC(870) User=0.01s Sys=0.00s Real=0.00s
[12.585s][info ][gc,start       ] GC(871) Pause Young (Allocation Failure)
[12.585s][debug][gc,phases      ] GC(871) Scavenge 0.522ms
[12.585s][debug][gc,phases      ] GC(871) Reference Processing 0.020ms
[12.585s][debug][gc,phases      ] GC(871) Weak Processing 0.010ms
[12.585s][debug][gc,phases      ] GC(871) Scrub String Table 0.068ms
[12.585s][debug][gc,age         ] GC(871) Desired survivor size 4718592 bytes, new threshold 1 (max threshold 15)
[12.585s][info ][gc,heap        ] GC(871) PSYoungGen: 14957K->2990K(16896K)
[12.585s][info ][gc,heap        ] GC(871) ParOldGen: 18454K->18470K(38400K)
[12.585s][info ][gc,metaspace   ] GC(871) Metaspace: 15860K->15860K(1064960K)
[12.585s][info ][gc             ] GC(871) Pause Young (Allocation Failure) 32M->20M(54M) 0.807ms
[12.585s][info ][gc,cpu         ] GC(871) User=0.00s Sys=0.00s Real=0.00s
[12.587s][info ][gc,start       ] GC(872) Pause Young (Allocation Failure)
[12.587s][debug][gc,phases      ] GC(872) Scavenge 0.677ms
[12.587s][debug][gc,phases      ] GC(872) Reference Processing 0.019ms
[12.587s][debug][gc,phases      ] GC(872) Weak Processing 0.010ms
[12.588s][debug][gc,phases      ] GC(872) Scrub String Table 0.068ms
[12.588s][debug][gc,age         ] GC(872) Desired survivor size 4718592 bytes, new threshold 1 (max threshold 15)
[12.588s][info ][gc,heap        ] GC(872) PSYoungGen: 14955K->3317K(16896K)
[12.588s][info ][gc,heap        ] GC(872) ParOldGen: 18470K->18470K(38400K)
[12.588s][info ][gc,metaspace   ] GC(872) Metaspace: 15860K->15860K(1064960K)
[12.588s][info ][gc             ] GC(872) Pause Young (Allocation Failure) 32M->21M(54M) 0.983ms
[12.588s][info ][gc,cpu         ] GC(872) User=0.00s Sys=0.00s Real=0.00s
[12.589s][info ][gc,start       ] GC(873) Pause Young (Allocation Failure)
[12.590s][debug][gc,phases      ] GC(873) Scavenge 1.056ms
[12.590s][debug][gc,phases      ] GC(873) Reference Processing 0.021ms
[12.590s][debug][gc,phases      ] GC(873) Weak Processing 0.011ms
[12.590s][debug][gc,phases      ] GC(873) Scrub String Table 0.071ms
[12.590s][debug][gc,age         ] GC(873) Desired survivor size 4718592 bytes, new threshold 1 (max threshold 15)
[12.590s][info ][gc,heap        ] GC(873) PSYoungGen: 15280K->2567K(16896K)
[12.590s][info ][gc,heap        ] GC(873) ParOldGen: 18470K->18478K(38400K)
[12.590s][info ][gc,metaspace   ] GC(873) Metaspace: 15860K->15860K(1064960K)
[12.590s][info ][gc             ] GC(873) Pause Young (Allocation Failure) 32M->20M(54M) 1.421ms
[12.590s][info ][gc,cpu         ] GC(873) User=0.01s Sys=0.00s Real=0.00s
[12.591s][info ][gc,start       ] GC(874) Pause Young (Allocation Failure)
[12.591s][debug][gc,phases      ] GC(874) Scavenge 0.330ms
[12.592s][debug][gc,phases      ] GC(874) Reference Processing 0.020ms
[12.592s][debug][gc,phases      ] GC(874) Weak Processing 0.010ms
[12.592s][debug][gc,phases      ] GC(874) Scrub String Table 0.069ms
[12.592s][debug][gc,age         ] GC(874) Desired survivor size 4718592 bytes, new threshold 1 (max threshold 15)
[12.592s][info ][gc,heap        ] GC(874) PSYoungGen: 14530K->1786K(16896K)
[12.592s][info ][gc,heap        ] GC(874) ParOldGen: 18478K->18510K(38400K)
[12.592s][info ][gc,metaspace   ] GC(874) Metaspace: 15860K->15860K(1064960K)
[12.592s][info ][gc             ] GC(874) Pause Young (Allocation Failure) 32M->19M(54M) 0.607ms
[12.592s][info ][gc,cpu         ] GC(874) User=0.00s Sys=0.00s Real=0.00s
[12.593s][info ][gc,start       ] GC(875) Pause Young (Allocation Failure)
[12.593s][debug][gc,phases      ] GC(875) Scavenge 0.511ms
[12.593s][debug][gc,phases      ] GC(875) Reference Processing 0.019ms
[12.593s][debug][gc,phases      ] GC(875) Weak Processing 0.010ms
[12.594s][debug][gc,phases      ] GC(875) Scrub String Table 0.068ms
[12.594s][debug][gc,age         ] GC(875) Desired survivor size 4718592 bytes, new threshold 1 (max threshold 15)
[12.594s][info ][gc,heap        ] GC(875) PSYoungGen: 13748K->3381K(16896K)
[12.594s][info ][gc,heap        ] GC(875) ParOldGen: 18510K->18542K(38400K)
[12.594s][info ][gc,metaspace   ] GC(875) Metaspace: 15860K->15860K(1064960K)
[12.594s][info ][gc             ] GC(875) Pause Young (Allocation Failure) 31M->21M(54M) 0.795ms
[12.594s][info ][gc,cpu         ] GC(875) User=0.00s Sys=0.00s Real=0.00s
[12.595s][info ][gc,start       ] GC(876) Pause Young (Allocation Failure)
[12.596s][debug][gc,phases      ] GC(876) Scavenge 1.234ms
[12.596s][debug][gc,phases      ] GC(876) Reference Processing 0.020ms
[12.596s][debug][gc,phases      ] GC(876) Weak Processing 0.010ms
[12.596s][debug][gc,phases      ] GC(876) Scrub String Table 0.069ms
[12.596s][debug][gc,age         ] GC(876) Desired survivor size 4718592 bytes, new threshold 1 (max threshold 15)
[12.596s][info ][gc,heap        ] GC(876) PSYoungGen: 15342K->2567K(16896K)
[12.596s][info ][gc,heap        ] GC(876) ParOldGen: 18542K->18550K(38400K)
[12.596s][info ][gc,metaspace   ] GC(876) Metaspace: 15860K->15860K(1064960K)
[12.596s][info ][gc             ] GC(876) Pause Young (Allocation Failure) 33M->20M(54M) 1.521ms
[12.596s][info ][gc,cpu         ] GC(876) User=0.00s Sys=0.00s Real=0.00s
[12.597s][info ][gc,start       ] GC(877) Pause Young (Allocation Failure)
[12.598s][debug][gc,phases      ] GC(877) Scavenge 1.283ms
[12.599s][debug][gc,phases      ] GC(877) Reference Processing 0.026ms
[12.599s][debug][gc,phases      ] GC(877) Weak Processing 0.012ms
[12.599s][debug][gc,phases      ] GC(877) Scrub String Table 0.070ms
[12.599s][debug][gc,age         ] GC(877) Desired survivor size 4718592 bytes, new threshold 1 (max threshold 15)
[12.599s][info ][gc,heap        ] GC(877) PSYoungGen: 14528K->1754K(16896K)
[12.599s][info ][gc,heap        ] GC(877) ParOldGen: 18550K->18558K(38400K)
[12.599s][info ][gc,metaspace   ] GC(877) Metaspace: 15860K->15860K(1064960K)
[12.599s][info ][gc             ] GC(877) Pause Young (Allocation Failure) 32M->19M(54M) 1.607ms
[12.599s][info ][gc,cpu         ] GC(877) User=0.00s Sys=0.00s Real=0.00s
[12.600s][info ][gc,start       ] GC(878) Pause Young (Allocation Failure)
[12.601s][debug][gc,phases      ] GC(878) Scavenge 1.060ms
[12.601s][debug][gc,phases      ] GC(878) Reference Processing 0.022ms
[12.601s][debug][gc,phases      ] GC(878) Weak Processing 0.011ms
[12.601s][debug][gc,phases      ] GC(878) Scrub String Table 0.082ms
[12.601s][debug][gc,age         ] GC(878) Desired survivor size 4718592 bytes, new threshold 1 (max threshold 15)
[12.601s][info ][gc,heap        ] GC(878) PSYoungGen: 13683K->1722K(16896K)
[12.601s][info ][gc,heap        ] GC(878) ParOldGen: 18558K->18989K(38400K)
[12.601s][info ][gc,metaspace   ] GC(878) Metaspace: 15860K->15860K(1064960K)
[12.601s][info ][gc             ] GC(878) Pause Young (Allocation Failure) 31M->20M(54M) 1.392ms
[12.601s][info ][gc,cpu         ] GC(878) User=0.00s Sys=0.00s Real=0.00s
[12.602s][info ][gc,start       ] GC(879) Pause Young (Allocation Failure)
[12.603s][debug][gc,phases      ] GC(879) Scavenge 1.233ms
[12.603s][debug][gc,phases      ] GC(879) Reference Processing 0.020ms
[12.603s][debug][gc,phases      ] GC(879) Weak Processing 0.010ms
[12.604s][debug][gc,phases      ] GC(879) Scrub String Table 0.068ms
[12.604s][debug][gc,age         ] GC(879) Desired survivor size 4194304 bytes, new threshold 1 (max threshold 15)
[12.604s][info ][gc,heap        ] GC(879) PSYoungGen: 13694K->2535K(15872K)
[12.604s][info ][gc,heap        ] GC(879) ParOldGen: 18989K->19005K(38400K)
[12.604s][info ][gc,metaspace   ] GC(879) Metaspace: 15860K->15860K(1064960K)
[12.604s][info ][gc             ] GC(879) Pause Young (Allocation Failure) 31M->21M(53M) 1.537ms
[12.604s][info ][gc,cpu         ] GC(879) User=0.01s Sys=0.00s Real=0.00s
[12.605s][info ][gc,start       ] GC(880) Pause Young (Allocation Failure)
[12.605s][debug][gc,phases      ] GC(880) Scavenge 0.449ms
[12.605s][debug][gc,phases      ] GC(880) Reference Processing 0.026ms
[12.605s][debug][gc,phases      ] GC(880) Weak Processing 0.011ms
[12.605s][debug][gc,phases      ] GC(880) Scrub String Table 0.068ms
[12.605s][debug][gc,age         ] GC(880) Desired survivor size 4718592 bytes, new threshold 1 (max threshold 15)
[12.605s][info ][gc,heap        ] GC(880) PSYoungGen: 14503K->3381K(16384K)
[12.605s][info ][gc,heap        ] GC(880) ParOldGen: 19005K->19029K(38400K)
[12.605s][info ][gc,metaspace   ] GC(880) Metaspace: 15860K->15860K(1064960K)
[12.605s][info ][gc             ] GC(880) Pause Young (Allocation Failure) 32M->21M(53M) 0.772ms
[12.605s][info ][gc,cpu         ] GC(880) User=0.00s Sys=0.00s Real=0.00s
[12.606s][info ][gc,start       ] GC(881) Pause Young (Allocation Failure)
[12.608s][debug][gc,phases      ] GC(881) Scavenge 1.070ms
[12.608s][debug][gc,phases      ] GC(881) Reference Processing 0.029ms
[12.608s][debug][gc,phases      ] GC(881) Weak Processing 0.013ms
[12.608s][debug][gc,phases      ] GC(881) Scrub String Table 0.069ms
[12.608s][debug][gc,age         ] GC(881) Desired survivor size 4718592 bytes, new threshold 1 (max threshold 15)
[12.608s][info ][gc,heap        ] GC(881) PSYoungGen: 15346K->2113K(16896K)
[12.608s][info ][gc,heap        ] GC(881) ParOldGen: 19029K->19037K(38400K)
[12.608s][info ][gc,metaspace   ] GC(881) Metaspace: 15860K->15860K(1064960K)
[12.608s][info ][gc             ] GC(881) Pause Young (Allocation Failure) 33M->20M(54M) 1.454ms
[12.608s][info ][gc,cpu         ] GC(881) User=0.01s Sys=0.00s Real=0.00s
[12.609s][info ][gc,start       ] GC(882) Pause Young (Allocation Failure)
[12.609s][debug][gc,phases      ] GC(882) Scavenge 0.417ms
[12.609s][debug][gc,phases      ] GC(882) Reference Processing 0.020ms
[12.609s][debug][gc,phases      ] GC(882) Weak Processing 0.010ms
[12.610s][debug][gc,phases      ] GC(882) Scrub String Table 0.068ms
[12.610s][debug][gc,age         ] GC(882) Desired survivor size 4718592 bytes, new threshold 1 (max threshold 15)
[12.610s][info ][gc,heap        ] GC(882) PSYoungGen: 14076K->2958K(16896K)
[12.610s][info ][gc,heap        ] GC(882) ParOldGen: 19037K->19045K(38400K)
[12.610s][info ][gc,metaspace   ] GC(882) Metaspace: 15860K->15860K(1064960K)
[12.610s][info ][gc             ] GC(882) Pause Young (Allocation Failure) 32M->21M(54M) 0.707ms
[12.610s][info ][gc,cpu         ] GC(882) User=0.00s Sys=0.00s Real=0.00s
[12.611s][info ][gc,start       ] GC(883) Pause Young (Allocation Failure)
[12.611s][debug][gc,phases      ] GC(883) Scavenge 0.443ms
[12.611s][debug][gc,phases      ] GC(883) Reference Processing 0.020ms
[12.611s][debug][gc,phases      ] GC(883) Weak Processing 0.010ms
[12.611s][debug][gc,phases      ] GC(883) Scrub String Table 0.069ms
[12.611s][debug][gc,age         ] GC(883) Desired survivor size 4194304 bytes, new threshold 1 (max threshold 15)
[12.611s][info ][gc,heap        ] GC(883) PSYoungGen: 14920K->2599K(15872K)
[12.611s][info ][gc,heap        ] GC(883) ParOldGen: 19045K->19045K(38400K)
[12.611s][info ][gc,metaspace   ] GC(883) Metaspace: 15860K->15860K(1064960K)
[12.611s][info ][gc             ] GC(883) Pause Young (Allocation Failure) 33M->21M(53M) 0.737ms
[12.611s][info ][gc,cpu         ] GC(883) User=0.00s Sys=0.00s Real=0.00s
[12.612s][info ][gc,start       ] GC(884) Pause Young (Allocation Failure)
[12.613s][debug][gc,phases      ] GC(884) Scavenge 0.393ms
[12.613s][debug][gc,phases      ] GC(884) Reference Processing 0.019ms
[12.613s][debug][gc,phases      ] GC(884) Weak Processing 0.011ms
[12.613s][debug][gc,phases      ] GC(884) Scrub String Table 0.070ms
[12.613s][debug][gc,age         ] GC(884) Desired survivor size 4194304 bytes, new threshold 1 (max threshold 15)
[12.613s][info ][gc,heap        ] GC(884) PSYoungGen: 14561K->2567K(16384K)
[12.613s][info ][gc,heap        ] GC(884) ParOldGen: 19045K->19452K(38400K)
[12.613s][info ][gc,metaspace   ] GC(884) Metaspace: 15860K->15860K(1064960K)
[12.613s][info ][gc             ] GC(884) Pause Young (Allocation Failure) 32M->21M(53M) 0.692ms
[12.613s][info ][gc,cpu         ] GC(884) User=0.00s Sys=0.00s Real=0.00s
[12.614s][info ][gc,start       ] GC(885) Pause Young (Allocation Failure)
[12.615s][debug][gc,phases      ] GC(885) Scavenge 0.771ms
[12.615s][debug][gc,phases      ] GC(885) Reference Processing 0.019ms
[12.615s][debug][gc,phases      ] GC(885) Weak Processing 0.010ms
[12.615s][debug][gc,phases      ] GC(885) Scrub String Table 0.068ms
[12.615s][debug][gc,age         ] GC(885) Desired survivor size 4194304 bytes, new threshold 1 (max threshold 15)
[12.615s][info ][gc,heap        ] GC(885) PSYoungGen: 14507K->1754K(17408K)
[12.615s][info ][gc,heap        ] GC(885) ParOldGen: 19452K->19452K(38400K)
[12.615s][info ][gc,metaspace   ] GC(885) Metaspace: 15860K->15860K(1064960K)
[12.615s][info ][gc             ] GC(885) Pause Young (Allocation Failure) 33M->20M(54M) 1.044ms
[12.615s][info ][gc,cpu         ] GC(885) User=0.01s Sys=0.00s Real=0.00s
[12.616s][info ][gc,start       ] GC(886) Pause Young (Allocation Failure)
[12.617s][debug][gc,phases      ] GC(886) Scavenge 0.405ms
[12.617s][debug][gc,phases      ] GC(886) Reference Processing 0.020ms
[12.617s][debug][gc,phases      ] GC(886) Weak Processing 0.010ms
[12.617s][debug][gc,phases      ] GC(886) Scrub String Table 0.068ms
[12.617s][debug][gc,age         ] GC(886) Desired survivor size 4194304 bytes, new threshold 1 (max threshold 15)
[12.617s][info ][gc,heap        ] GC(886) PSYoungGen: 14885K->2567K(17408K)
[12.617s][info ][gc,heap        ] GC(886) ParOldGen: 19452K->19858K(38400K)
[12.617s][info ][gc,metaspace   ] GC(886) Metaspace: 15860K->15860K(1064960K)
[12.617s][info ][gc             ] GC(886) Pause Young (Allocation Failure) 33M->21M(54M) 0.707ms
[12.617s][info ][gc,cpu         ] GC(886) User=0.01s Sys=0.00s Real=0.00s
[12.618s][info ][gc,start       ] GC(887) Pause Young (Allocation Failure)
[12.619s][debug][gc,phases      ] GC(887) Scavenge 0.821ms
[12.619s][debug][gc,phases      ] GC(887) Reference Processing 0.020ms
[12.619s][debug][gc,phases      ] GC(887) Weak Processing 0.010ms
[12.619s][debug][gc,phases      ] GC(887) Scrub String Table 0.069ms
[12.619s][debug][gc,age         ] GC(887) Desired survivor size 4194304 bytes, new threshold 1 (max threshold 15)
[12.619s][info ][gc,heap        ] GC(887) PSYoungGen: 15736K->3381K(17408K)
[12.619s][info ][gc,heap        ] GC(887) ParOldGen: 19858K->19866K(38400K)
[12.619s][info ][gc,metaspace   ] GC(887) Metaspace: 15860K->15860K(1064960K)
[12.619s][info ][gc             ] GC(887) Pause Young (Allocation Failure) 34M->22M(54M) 1.106ms
[12.619s][info ][gc,cpu         ] GC(887) User=0.01s Sys=0.00s Real=0.00s
[12.620s][info ][gc,start       ] GC(888) Pause Young (Allocation Failure)
[12.621s][debug][gc,phases      ] GC(888) Scavenge 0.389ms
[12.621s][debug][gc,phases      ] GC(888) Reference Processing 0.020ms
[12.621s][debug][gc,phases      ] GC(888) Weak Processing 0.010ms
[12.621s][debug][gc,phases      ] GC(888) Scrub String Table 0.069ms
[12.621s][debug][gc,age         ] GC(888) Desired survivor size 4194304 bytes, new threshold 1 (max threshold 15)
[12.621s][info ][gc,heap        ] GC(888) PSYoungGen: 16544K->2958K(17408K)
[12.621s][info ][gc,heap        ] GC(888) ParOldGen: 19866K->19874K(38400K)
[12.621s][info ][gc,metaspace   ] GC(888) Metaspace: 15860K->15860K(1064960K)
[12.621s][info ][gc             ] GC(888) Pause Young (Allocation Failure) 35M->22M(54M) 0.679ms
[12.621s][info ][gc,cpu         ] GC(888) User=0.00s Sys=0.01s Real=0.00s
[12.622s][info ][gc,start       ] GC(889) Pause Young (Allocation Failure)
[12.622s][debug][gc,phases      ] GC(889) Scavenge 0.455ms
[12.623s][debug][gc,phases      ] GC(889) Reference Processing 0.019ms
[12.623s][debug][gc,phases      ] GC(889) Weak Processing 0.010ms
[12.623s][debug][gc,phases      ] GC(889) Scrub String Table 0.068ms
[12.623s][debug][gc,age         ] GC(889) Desired survivor size 4718592 bytes, new threshold 1 (max threshold 15)
[12.623s][info ][gc,heap        ] GC(889) PSYoungGen: 16117K->3381K(16384K)
[12.623s][info ][gc,heap        ] GC(889) ParOldGen: 19874K->19874K(38400K)
[12.623s][info ][gc,metaspace   ] GC(889) Metaspace: 15860K->15860K(1064960K)
[12.623s][info ][gc             ] GC(889) Pause Young (Allocation Failure) 35M->22M(53M) 0.745ms
[12.623s][info ][gc,cpu         ] GC(889) User=0.01s Sys=0.00s Real=0.00s
[12.624s][info ][gc,start       ] GC(890) Pause Young (Allocation Failure)
[12.624s][debug][gc,phases      ] GC(890) Scavenge 0.426ms
[12.624s][debug][gc,phases      ] GC(890) Reference Processing 0.022ms
[12.624s][debug][gc,phases      ] GC(890) Weak Processing 0.010ms
[12.624s][debug][gc,phases      ] GC(890) Scrub String Table 0.069ms
[12.624s][debug][gc,age         ] GC(890) Desired survivor size 4718592 bytes, new threshold 1 (max threshold 15)
[12.624s][info ][gc,heap        ] GC(890) PSYoungGen: 15345K->2958K(16896K)
[12.624s][info ][gc,heap        ] GC(890) ParOldGen: 19874K->19874K(38400K)
[12.624s][info ][gc,metaspace   ] GC(890) Metaspace: 15860K->15860K(1064960K)
[12.624s][info ][gc             ] GC(890) Pause Young (Allocation Failure) 34M->22M(54M) 0.714ms
[12.625s][info ][gc,cpu         ] GC(890) User=0.01s Sys=0.00s Real=0.00s
[12.626s][info ][gc,start       ] GC(891) Pause Young (Allocation Failure)
[12.626s][debug][gc,phases      ] GC(891) Scavenge 0.352ms
[12.626s][debug][gc,phases      ] GC(891) Reference Processing 0.020ms
[12.626s][debug][gc,phases      ] GC(891) Weak Processing 0.010ms
[12.626s][debug][gc,phases      ] GC(891) Scrub String Table 0.068ms
[12.626s][debug][gc,age         ] GC(891) Desired survivor size 4194304 bytes, new threshold 1 (max threshold 15)
[12.626s][info ][gc,heap        ] GC(891) PSYoungGen: 14921K->2990K(15872K)
[12.626s][info ][gc,heap        ] GC(891) ParOldGen: 19874K->19898K(38400K)
[12.626s][info ][gc,metaspace   ] GC(891) Metaspace: 15860K->15860K(1064960K)
[12.626s][info ][gc             ] GC(891) Pause Young (Allocation Failure) 33M->22M(53M) 0.694ms
[12.626s][info ][gc,cpu         ] GC(891) User=0.00s Sys=0.00s Real=0.01s
[12.627s][info ][gc,start       ] GC(892) Pause Young (Allocation Failure)
[12.628s][debug][gc,phases      ] GC(892) Scavenge 0.477ms
[12.628s][debug][gc,phases      ] GC(892) Reference Processing 0.024ms
[12.628s][debug][gc,phases      ] GC(892) Weak Processing 0.010ms
[12.628s][debug][gc,phases      ] GC(892) Scrub String Table 0.068ms
[12.628s][debug][gc,age         ] GC(892) Desired survivor size 4718592 bytes, new threshold 1 (max threshold 15)
[12.628s][info ][gc,heap        ] GC(892) PSYoungGen: 14952K->3381K(16384K)
[12.628s][info ][gc,heap        ] GC(892) ParOldGen: 19898K->19898K(38400K)
[12.628s][info ][gc,metaspace   ] GC(892) Metaspace: 15860K->15860K(1064960K)
[12.628s][info ][gc             ] GC(892) Pause Young (Allocation Failure) 34M->22M(53M) 0.805ms
[12.628s][info ][gc,cpu         ] GC(892) User=0.00s Sys=0.00s Real=0.00s
[12.629s][info ][gc,start       ] GC(893) Pause Young (Allocation Failure)
[12.630s][debug][gc,phases      ] GC(893) Scavenge 0.445ms
[12.630s][debug][gc,phases      ] GC(893) Reference Processing 0.025ms
[12.630s][debug][gc,phases      ] GC(893) Weak Processing 0.011ms
[12.630s][debug][gc,phases      ] GC(893) Scrub String Table 0.073ms
[12.630s][debug][gc,age         ] GC(893) Desired survivor size 4194304 bytes, new threshold 1 (max threshold 15)
[12.630s][info ][gc,heap        ] GC(893) PSYoungGen: 15342K->2599K(16896K)
[12.630s][info ][gc,heap        ] GC(893) ParOldGen: 19898K->19906K(38400K)
[12.630s][info ][gc,metaspace   ] GC(893) Metaspace: 15860K->15860K(1064960K)
[12.630s][info ][gc             ] GC(893) Pause Young (Allocation Failure) 34M->21M(54M) 0.847ms
[12.630s][info ][gc,cpu         ] GC(893) User=0.00s Sys=0.00s Real=0.00s
[12.631s][info ][gc,start       ] GC(894) Pause Young (Allocation Failure)
[12.632s][debug][gc,phases      ] GC(894) Scavenge 0.367ms
[12.632s][debug][gc,phases      ] GC(894) Reference Processing 0.034ms
[12.632s][debug][gc,phases      ] GC(894) Weak Processing 0.012ms
[12.632s][debug][gc,phases      ] GC(894) Scrub String Table 0.077ms
[12.632s][debug][gc,age         ] GC(894) Desired survivor size 4194304 bytes, new threshold 1 (max threshold 15)
[12.632s][info ][gc,heap        ] GC(894) PSYoungGen: 15352K->2113K(16896K)
[12.632s][info ][gc,heap        ] GC(894) ParOldGen: 19906K->20321K(38400K)
[12.632s][info ][gc,metaspace   ] GC(894) Metaspace: 15860K->15860K(1064960K)
[12.632s][info ][gc             ] GC(894) Pause Young (Allocation Failure) 34M->21M(54M) 0.722ms
[12.632s][info ][gc,cpu         ] GC(894) User=0.00s Sys=0.00s Real=0.00s
[12.633s][info ][gc,start       ] GC(895) Pause Young (Allocation Failure)
[12.633s][debug][gc,phases      ] GC(895) Scavenge 0.429ms
[12.633s][debug][gc,phases      ] GC(895) Reference Processing 0.020ms
[12.633s][debug][gc,phases      ] GC(895) Weak Processing 0.011ms
[12.634s][debug][gc,phases      ] GC(895) Scrub String Table 0.069ms
[12.634s][debug][gc,age         ] GC(895) Desired survivor size 4194304 bytes, new threshold 1 (max threshold 15)
[12.634s][info ][gc,heap        ] GC(895) PSYoungGen: 14865K->2990K(17408K)
[12.634s][info ][gc,heap        ] GC(895) ParOldGen: 20321K->20321K(38400K)
[12.634s][info ][gc,metaspace   ] GC(895) Metaspace: 15860K->15860K(1064960K)
[12.634s][info ][gc             ] GC(895) Pause Young (Allocation Failure) 34M->22M(54M) 0.719ms
[12.634s][info ][gc,cpu         ] GC(895) User=0.01s Sys=0.00s Real=0.00s
[12.635s][info ][gc,start       ] GC(896) Pause Young (Allocation Failure)
[12.636s][debug][gc,phases      ] GC(896) Scavenge 0.993ms
[12.636s][debug][gc,phases      ] GC(896) Reference Processing 0.063ms
[12.636s][debug][gc,phases      ] GC(896) Weak Processing 0.012ms
[12.636s][debug][gc,phases      ] GC(896) Scrub String Table 0.073ms
[12.636s][debug][gc,age         ] GC(896) Desired survivor size 4194304 bytes, new threshold 1 (max threshold 15)
[12.636s][info ][gc,heap        ] GC(896) PSYoungGen: 16143K->2177K(17408K)
[12.636s][info ][gc,heap        ] GC(896) ParOldGen: 20321K->20329K(38400K)
[12.636s][info ][gc,metaspace   ] GC(896) Metaspace: 15860K->15860K(1064960K)
[12.636s][info ][gc             ] GC(896) Pause Young (Allocation Failure) 35M->21M(54M) 1.345ms
[12.636s][info ][gc,cpu         ] GC(896) User=0.01s Sys=0.00s Real=0.00s
[12.637s][info ][gc,start       ] GC(897) Pause Young (Allocation Failure)
[12.638s][debug][gc,phases      ] GC(897) Scavenge 0.493ms
[12.638s][debug][gc,phases      ] GC(897) Reference Processing 0.020ms
[12.638s][debug][gc,phases      ] GC(897) Weak Processing 0.010ms
[12.638s][debug][gc,phases      ] GC(897) Scrub String Table 0.070ms
[12.638s][debug][gc,age         ] GC(897) Desired survivor size 4194304 bytes, new threshold 1 (max threshold 15)
[12.638s][info ][gc,heap        ] GC(897) PSYoungGen: 15329K->2990K(17408K)
[12.638s][info ][gc,heap        ] GC(897) ParOldGen: 20329K->20329K(38400K)
[12.638s][info ][gc,metaspace   ] GC(897) Metaspace: 15860K->15860K(1064960K)
[12.638s][info ][gc             ] GC(897) Pause Young (Allocation Failure) 34M->22M(54M) 0.776ms
[12.638s][info ][gc,cpu         ] GC(897) User=0.00s Sys=0.00s Real=0.00s
[12.639s][info ][gc,start       ] GC(898) Pause Young (Allocation Failure)
[12.640s][debug][gc,phases      ] GC(898) Scavenge 0.540ms
[12.640s][debug][gc,phases      ] GC(898) Reference Processing 0.021ms
[12.640s][debug][gc,phases      ] GC(898) Weak Processing 0.011ms
[12.640s][debug][gc,phases      ] GC(898) Scrub String Table 0.098ms
[12.640s][debug][gc,age         ] GC(898) Desired survivor size 4194304 bytes, new threshold 1 (max threshold 15)
[12.640s][info ][gc,heap        ] GC(898) PSYoungGen: 16143K->3381K(17408K)
[12.640s][info ][gc,heap        ] GC(898) ParOldGen: 20329K->20329K(38400K)
[12.640s][info ][gc,metaspace   ] GC(898) Metaspace: 15860K->15860K(1064960K)
[12.640s][info ][gc             ] GC(898) Pause Young (Allocation Failure) 35M->23M(54M) 0.899ms
[12.640s][info ][gc,cpu         ] GC(898) User=0.00s Sys=0.00s Real=0.00s
[12.641s][info ][gc,start       ] GC(899) Pause Young (Allocation Failure)
[12.642s][debug][gc,phases      ] GC(899) Scavenge 1.261ms
[12.642s][debug][gc,phases      ] GC(899) Reference Processing 0.024ms
[12.642s][debug][gc,phases      ] GC(899) Weak Processing 0.011ms
[12.643s][debug][gc,phases      ] GC(899) Scrub String Table 0.069ms
[12.643s][debug][gc,age         ] GC(899) Desired survivor size 4194304 bytes, new threshold 1 (max threshold 15)
[12.643s][info ][gc,heap        ] GC(899) PSYoungGen: 16533K->2503K(17408K)
[12.643s][info ][gc,heap        ] GC(899) ParOldGen: 20329K->20329K(38400K)
[12.643s][info ][gc,metaspace   ] GC(899) Metaspace: 15860K->15860K(1064960K)
[12.643s][info ][gc             ] GC(899) Pause Young (Allocation Failure) 35M->22M(54M) 1.570ms
[12.643s][info ][gc,cpu         ] GC(899) User=0.00s Sys=0.00s Real=0.00s
[12.644s][info ][gc,start       ] GC(900) Pause Young (Allocation Failure)
[12.644s][debug][gc,phases      ] GC(900) Scavenge 0.580ms
[12.644s][debug][gc,phases      ] GC(900) Reference Processing 0.019ms
[12.644s][debug][gc,phases      ] GC(900) Weak Processing 0.011ms
[12.645s][debug][gc,phases      ] GC(900) Scrub String Table 0.070ms
[12.645s][debug][gc,age         ] GC(900) Desired survivor size 4194304 bytes, new threshold 1 (max threshold 15)
[12.645s][info ][gc,heap        ] GC(900) PSYoungGen: 15656K->2862K(17408K)
[12.645s][info ][gc,heap        ] GC(900) ParOldGen: 20329K->20329K(38400K)
[12.645s][info ][gc,metaspace   ] GC(900) Metaspace: 15860K->15860K(1064960K)
[12.645s][info ][gc             ] GC(900) Pause Young (Allocation Failure) 35M->22M(54M) 0.851ms
[12.645s][info ][gc,cpu         ] GC(900) User=0.00s Sys=0.00s Real=0.00s
[12.646s][info ][gc,start       ] GC(901) Pause Young (Allocation Failure)
[12.647s][debug][gc,phases      ] GC(901) Scavenge 1.140ms
[12.647s][debug][gc,phases      ] GC(901) Reference Processing 0.022ms
[12.647s][debug][gc,phases      ] GC(901) Weak Processing 0.013ms
[12.647s][debug][gc,phases      ] GC(901) Scrub String Table 0.088ms
[12.647s][debug][gc,age         ] GC(901) Desired survivor size 4194304 bytes, new threshold 1 (max threshold 15)
[12.647s][info ][gc,heap        ] GC(901) PSYoungGen: 16015K->2894K(17408K)
[12.647s][info ][gc,heap        ] GC(901) ParOldGen: 20329K->20329K(38400K)
[12.647s][info ][gc,metaspace   ] GC(901) Metaspace: 15860K->15860K(1064960K)
[12.647s][info ][gc             ] GC(901) Pause Young (Allocation Failure) 35M->22M(54M) 1.646ms
[12.647s][info ][gc,cpu         ] GC(901) User=0.00s Sys=0.00s Real=0.01s
[12.648s][info ][gc,start       ] GC(902) Pause Young (Allocation Failure)
[12.649s][debug][gc,phases      ] GC(902) Scavenge 0.325ms
[12.649s][debug][gc,phases      ] GC(902) Reference Processing 0.018ms
[12.649s][debug][gc,phases      ] GC(902) Weak Processing 0.012ms
[12.649s][debug][gc,phases      ] GC(902) Scrub String Table 0.069ms
[12.649s][debug][gc,age         ] GC(902) Desired survivor size 4194304 bytes, new threshold 1 (max threshold 15)
[12.649s][info ][gc,heap        ] GC(902) PSYoungGen: 16047K->1722K(17408K)
[12.649s][info ][gc,heap        ] GC(902) ParOldGen: 20329K->20329K(38400K)
[12.649s][info ][gc,metaspace   ] GC(902) Metaspace: 15860K->15860K(1064960K)
[12.649s][info ][gc             ] GC(902) Pause Young (Allocation Failure) 35M->21M(54M) 0.604ms
[12.649s][info ][gc,cpu         ] GC(902) User=0.00s Sys=0.00s Real=0.00s
[12.650s][info ][gc,start       ] GC(903) Pause Young (Allocation Failure)
[12.651s][debug][gc,phases      ] GC(903) Scavenge 0.577ms
[12.651s][debug][gc,phases      ] GC(903) Reference Processing 0.020ms
[12.651s][debug][gc,phases      ] GC(903) Weak Processing 0.011ms
[12.651s][debug][gc,phases      ] GC(903) Scrub String Table 0.070ms
[12.651s][debug][gc,age         ] GC(903) Desired survivor size 4194304 bytes, new threshold 1 (max threshold 15)
[12.651s][info ][gc,heap        ] GC(903) PSYoungGen: 14875K->2145K(17408K)
[12.651s][info ][gc,heap        ] GC(903) ParOldGen: 20329K->20329K(38400K)
[12.651s][info ][gc,metaspace   ] GC(903) Metaspace: 15860K->15860K(1064960K)
[12.651s][info ][gc             ] GC(903) Pause Young (Allocation Failure) 34M->21M(54M) 0.858ms
[12.651s][info ][gc,cpu         ] GC(903) User=0.01s Sys=0.01s Real=0.00s
[12.652s][info ][gc,start       ] GC(904) Pause Young (Allocation Failure)
[12.653s][debug][gc,phases      ] GC(904) Scavenge 1.166ms
[12.653s][debug][gc,phases      ] GC(904) Reference Processing 0.021ms
[12.654s][debug][gc,phases      ] GC(904) Weak Processing 0.011ms
[12.654s][debug][gc,phases      ] GC(904) Scrub String Table 0.068ms
[12.654s][debug][gc,age         ] GC(904) Desired survivor size 4194304 bytes, new threshold 1 (max threshold 15)
[12.654s][info ][gc,heap        ] GC(904) PSYoungGen: 15266K->2926K(17408K)
[12.654s][info ][gc,heap        ] GC(904) ParOldGen: 20329K->20353K(38400K)
[12.654s][info ][gc,metaspace   ] GC(904) Metaspace: 15860K->15860K(1064960K)
[12.654s][info ][gc             ] GC(904) Pause Young (Allocation Failure) 34M->22M(54M) 1.472ms
[12.654s][info ][gc,cpu         ] GC(904) User=0.01s Sys=0.00s Real=0.00s
[12.655s][info ][gc,start       ] GC(905) Pause Young (Allocation Failure)
[12.655s][debug][gc,phases      ] GC(905) Scavenge 0.447ms
[12.655s][debug][gc,phases      ] GC(905) Reference Processing 0.023ms
[12.655s][debug][gc,phases      ] GC(905) Weak Processing 0.010ms
[12.655s][debug][gc,phases      ] GC(905) Scrub String Table 0.068ms
[12.655s][debug][gc,age         ] GC(905) Desired survivor size 4194304 bytes, new threshold 1 (max threshold 15)
[12.656s][info ][gc,heap        ] GC(905) PSYoungGen: 16090K->2177K(17408K)
[12.656s][info ][gc,heap        ] GC(905) ParOldGen: 20353K->20353K(38400K)
[12.656s][info ][gc,metaspace   ] GC(905) Metaspace: 15860K->15860K(1064960K)
[12.656s][info ][gc             ] GC(905) Pause Young (Allocation Failure) 35M->22M(54M) 0.752ms
[12.656s][info ][gc,cpu         ] GC(905) User=0.01s Sys=0.00s Real=0.00s
[12.657s][info ][gc,start       ] GC(906) Pause Young (Allocation Failure)
[12.658s][debug][gc,phases      ] GC(906) Scavenge 0.816ms
[12.658s][debug][gc,phases      ] GC(906) Reference Processing 0.020ms
[12.658s][debug][gc,phases      ] GC(906) Weak Processing 0.010ms
[12.658s][debug][gc,phases      ] GC(906) Scrub String Table 0.068ms
[12.658s][debug][gc,age         ] GC(906) Desired survivor size 4194304 bytes, new threshold 1 (max threshold 15)
[12.658s][info ][gc,heap        ] GC(906) PSYoungGen: 15336K->2567K(17408K)
[12.658s][info ][gc,heap        ] GC(906) ParOldGen: 20353K->20353K(38400K)
[12.658s][info ][gc,metaspace   ] GC(906) Metaspace: 15860K->15860K(1064960K)
[12.658s][info ][gc             ] GC(906) Pause Young (Allocation Failure) 34M->22M(54M) 1.106ms
[12.658s][info ][gc,cpu         ] GC(906) User=0.01s Sys=0.00s Real=0.00s
[12.659s][info ][gc,start       ] GC(907) Pause Young (Allocation Failure)
[12.659s][debug][gc,phases      ] GC(907) Scavenge 0.384ms
[12.659s][debug][gc,phases      ] GC(907) Reference Processing 0.022ms
[12.659s][debug][gc,phases      ] GC(907) Weak Processing 0.010ms
[12.659s][debug][gc,phases      ] GC(907) Scrub String Table 0.068ms
[12.660s][debug][gc,age         ] GC(907) Desired survivor size 4194304 bytes, new threshold 1 (max threshold 15)
[12.660s][info ][gc,heap        ] GC(907) PSYoungGen: 15725K->2599K(17408K)
[12.660s][info ][gc,heap        ] GC(907) ParOldGen: 20353K->20361K(38400K)
[12.660s][info ][gc,metaspace   ] GC(907) Metaspace: 15860K->15860K(1064960K)
[12.660s][info ][gc             ] GC(907) Pause Young (Allocation Failure) 35M->22M(54M) 0.669ms
[12.660s][info ][gc,cpu         ] GC(907) User=0.01s Sys=0.00s Real=0.00s
[12.661s][info ][gc,start       ] GC(908) Pause Young (Allocation Failure)
[12.662s][debug][gc,phases      ] GC(908) Scavenge 1.282ms
[12.662s][debug][gc,phases      ] GC(908) Reference Processing 0.025ms
[12.662s][debug][gc,phases      ] GC(908) Weak Processing 0.011ms
[12.662s][debug][gc,phases      ] GC(908) Scrub String Table 0.069ms
[12.662s][debug][gc,age         ] GC(908) Desired survivor size 3670016 bytes, new threshold 1 (max threshold 15)
[12.662s][info ][gc,heap        ] GC(908) PSYoungGen: 15755K->2535K(15872K)
[12.662s][info ][gc,heap        ] GC(908) ParOldGen: 20361K->20361K(38400K)
[12.662s][info ][gc,metaspace   ] GC(908) Metaspace: 15860K->15860K(1064960K)
[12.662s][info ][gc             ] GC(908) Pause Young (Allocation Failure) 35M->22M(53M) 1.643ms
[12.662s][info ][gc,cpu         ] GC(908) User=0.01s Sys=0.00s Real=0.00s
[12.664s][info ][gc,start       ] GC(909) Pause Young (Allocation Failure)
[12.665s][debug][gc,phases      ] GC(909) Scavenge 1.045ms
[12.665s][debug][gc,phases      ] GC(909) Reference Processing 0.023ms
[12.665s][debug][gc,phases      ] GC(909) Weak Processing 0.010ms
[12.665s][debug][gc,phases      ] GC(909) Scrub String Table 0.068ms
[12.665s][debug][gc,age         ] GC(909) Desired survivor size 3670016 bytes, new threshold 1 (max threshold 15)
[12.665s][info ][gc,heap        ] GC(909) PSYoungGen: 15690K->1786K(16896K)
[12.665s][info ][gc,heap        ] GC(909) ParOldGen: 20361K->20767K(38400K)
[12.665s][info ][gc,metaspace   ] GC(909) Metaspace: 15860K->15860K(1064960K)
[12.665s][info ][gc             ] GC(909) Pause Young (Allocation Failure) 35M->22M(54M) 1.359ms
[12.665s][info ][gc,cpu         ] GC(909) User=0.01s Sys=0.00s Real=0.00s
[12.666s][info ][gc,start       ] GC(910) Pause Young (Allocation Failure)
[12.667s][debug][gc,phases      ] GC(910) Scavenge 0.494ms
[12.667s][debug][gc,phases      ] GC(910) Reference Processing 0.020ms
[12.667s][debug][gc,phases      ] GC(910) Weak Processing 0.010ms
[12.667s][debug][gc,phases      ] GC(910) Scrub String Table 0.069ms
[12.667s][debug][gc,age         ] GC(910) Desired survivor size 4194304 bytes, new threshold 1 (max threshold 15)
[12.667s][info ][gc,heap        ] GC(910) PSYoungGen: 14940K->1395K(16896K)
[12.667s][info ][gc,heap        ] GC(910) ParOldGen: 20767K->20767K(38400K)
[12.667s][info ][gc,metaspace   ] GC(910) Metaspace: 15860K->15860K(1064960K)
[12.667s][info ][gc             ] GC(910) Pause Young (Allocation Failure) 34M->21M(54M) 0.785ms
[12.667s][info ][gc,cpu         ] GC(910) User=0.00s Sys=0.00s Real=0.01s
[12.668s][info ][gc,start       ] GC(911) Pause Young (Allocation Failure)
[12.668s][debug][gc,phases      ] GC(911) Scavenge 0.574ms
[12.669s][debug][gc,phases      ] GC(911) Reference Processing 0.025ms
[12.669s][debug][gc,phases      ] GC(911) Weak Processing 0.011ms
[12.669s][debug][gc,phases      ] GC(911) Scrub String Table 0.068ms
[12.669s][debug][gc,age         ] GC(911) Desired survivor size 3670016 bytes, new threshold 1 (max threshold 15)
[12.669s][info ][gc,heap        ] GC(911) PSYoungGen: 14526K->2535K(17408K)
[12.669s][info ][gc,heap        ] GC(911) ParOldGen: 20767K->20775K(38400K)
[12.669s][info ][gc,metaspace   ] GC(911) Metaspace: 15860K->15860K(1064960K)
[12.669s][info ][gc             ] GC(911) Pause Young (Allocation Failure) 34M->22M(54M) 0.886ms
[12.669s][info ][gc,cpu         ] GC(911) User=0.00s Sys=0.00s Real=0.00s
[12.670s][info ][gc,start       ] GC(912) Pause Young (Allocation Failure)
[12.671s][debug][gc,phases      ] GC(912) Scavenge 1.262ms
[12.671s][debug][gc,phases      ] GC(912) Reference Processing 0.023ms
[12.671s][debug][gc,phases      ] GC(912) Weak Processing 0.010ms
[12.671s][debug][gc,phases      ] GC(912) Scrub String Table 0.067ms
[12.671s][debug][gc,age         ] GC(912) Desired survivor size 3670016 bytes, new threshold 1 (max threshold 15)
[12.671s][info ][gc,heap        ] GC(912) PSYoungGen: 16095K->1690K(17408K)
[12.671s][info ][gc,heap        ] GC(912) ParOldGen: 20775K->21190K(38400K)
[12.671s][info ][gc,metaspace   ] GC(912) Metaspace: 15860K->15860K(1064960K)
[12.671s][info ][gc             ] GC(912) Pause Young (Allocation Failure) 36M->22M(54M) 1.566ms
[12.671s][info ][gc,cpu         ] GC(912) User=0.01s Sys=0.00s Real=0.00s
[12.672s][info ][gc,start       ] GC(913) Pause Young (Allocation Failure)
[12.673s][debug][gc,phases      ] GC(913) Scavenge 0.955ms
[12.674s][debug][gc,phases      ] GC(913) Reference Processing 0.020ms
[12.674s][debug][gc,phases      ] GC(913) Weak Processing 0.010ms
[12.674s][debug][gc,phases      ] GC(913) Scrub String Table 0.068ms
[12.674s][debug][gc,age         ] GC(913) Desired survivor size 4194304 bytes, new threshold 1 (max threshold 15)
[12.674s][info ][gc,heap        ] GC(913) PSYoungGen: 15215K->1363K(16896K)
[12.674s][info ][gc,heap        ] GC(913) ParOldGen: 21190K->21206K(38400K)
[12.674s][info ][gc,metaspace   ] GC(913) Metaspace: 15860K->15860K(1064960K)
[12.674s][info ][gc             ] GC(913) Pause Young (Allocation Failure) 35M->22M(54M) 1.261ms
[12.674s][info ][gc,cpu         ] GC(913) User=0.00s Sys=0.00s Real=0.00s
[12.675s][info ][gc,start       ] GC(914) Pause Young (Allocation Failure)
[12.676s][debug][gc,phases      ] GC(914) Scavenge 0.901ms
[12.676s][debug][gc,phases      ] GC(914) Reference Processing 0.026ms
[12.676s][debug][gc,phases      ] GC(914) Weak Processing 0.011ms
[12.676s][debug][gc,phases      ] GC(914) Scrub String Table 0.069ms
[12.676s][debug][gc,age         ] GC(914) Desired survivor size 4194304 bytes, new threshold 1 (max threshold 15)
[12.676s][info ][gc,heap        ] GC(914) PSYoungGen: 14530K->2535K(17408K)
[12.676s][info ][gc,heap        ] GC(914) ParOldGen: 21206K->21214K(38400K)
[12.676s][info ][gc,metaspace   ] GC(914) Metaspace: 15860K->15860K(1064960K)
[12.676s][info ][gc             ] GC(914) Pause Young (Allocation Failure) 34M->23M(54M) 1.203ms
[12.676s][info ][gc,cpu         ] GC(914) User=0.00s Sys=0.00s Real=0.00s
[12.677s][info ][gc,start       ] GC(915) Pause Young (Allocation Failure)
[12.678s][debug][gc,phases      ] GC(915) Scavenge 0.704ms
[12.678s][debug][gc,phases      ] GC(915) Reference Processing 0.020ms
[12.678s][debug][gc,phases      ] GC(915) Weak Processing 0.010ms
[12.678s][debug][gc,phases      ] GC(915) Scrub String Table 0.068ms
[12.678s][debug][gc,age         ] GC(915) Desired survivor size 4194304 bytes, new threshold 1 (max threshold 15)
[12.678s][info ][gc,heap        ] GC(915) PSYoungGen: 15697K->3381K(17408K)
[12.678s][info ][gc,heap        ] GC(915) ParOldGen: 21214K->21230K(38400K)
[12.678s][info ][gc,metaspace   ] GC(915) Metaspace: 15860K->15860K(1064960K)
[12.678s][info ][gc             ] GC(915) Pause Young (Allocation Failure) 36M->24M(54M) 1.022ms
[12.678s][info ][gc,cpu         ] GC(915) User=0.00s Sys=0.00s Real=0.00s
[12.679s][info ][gc,start       ] GC(916) Pause Young (Allocation Failure)
[12.680s][debug][gc,phases      ] GC(916) Scavenge 0.349ms
[12.680s][debug][gc,phases      ] GC(916) Reference Processing 0.026ms
[12.680s][debug][gc,phases      ] GC(916) Weak Processing 0.012ms
[12.680s][debug][gc,phases      ] GC(916) Scrub String Table 0.076ms
[12.680s][debug][gc,age         ] GC(916) Desired survivor size 4194304 bytes, new threshold 1 (max threshold 15)
[12.680s][info ][gc,heap        ] GC(916) PSYoungGen: 16539K->2958K(17408K)
[12.680s][info ][gc,heap        ] GC(916) ParOldGen: 21230K->21230K(38400K)
[12.680s][info ][gc,metaspace   ] GC(916) Metaspace: 15860K->15860K(1064960K)
[12.680s][info ][gc             ] GC(916) Pause Young (Allocation Failure) 36M->23M(54M) 0.688ms
[12.680s][info ][gc,cpu         ] GC(916) User=0.00s Sys=0.00s Real=0.00s
[12.681s][info ][gc,start       ] GC(917) Pause Young (Allocation Failure)
[12.682s][debug][gc,phases      ] GC(917) Scavenge 0.987ms
[12.682s][debug][gc,phases      ] GC(917) Reference Processing 0.025ms
[12.682s][debug][gc,phases      ] GC(917) Weak Processing 0.013ms
[12.682s][debug][gc,phases      ] GC(917) Scrub String Table 0.096ms
[12.682s][debug][gc,age         ] GC(917) Desired survivor size 4194304 bytes, new threshold 1 (max threshold 15)
[12.682s][info ][gc,heap        ] GC(917) PSYoungGen: 16114K->2958K(17408K)
[12.682s][info ][gc,heap        ] GC(917) ParOldGen: 21230K->21230K(38400K)
[12.682s][info ][gc,metaspace   ] GC(917) Metaspace: 15860K->15860K(1064960K)
[12.682s][info ][gc             ] GC(917) Pause Young (Allocation Failure) 36M->23M(54M) 1.340ms
[12.682s][info ][gc,cpu         ] GC(917) User=0.00s Sys=0.01s Real=0.00s
[12.683s][info ][gc,start       ] GC(918) Pause Young (Allocation Failure)
[12.685s][debug][gc,phases      ] GC(918) Scavenge 1.067ms
[12.685s][debug][gc,phases      ] GC(918) Reference Processing 0.050ms
[12.685s][debug][gc,phases      ] GC(918) Weak Processing 0.020ms
[12.685s][debug][gc,phases      ] GC(918) Scrub String Table 0.103ms
[12.685s][debug][gc,age         ] GC(918) Desired survivor size 4194304 bytes, new threshold 1 (max threshold 15)
[12.685s][info ][gc,heap        ] GC(918) PSYoungGen: 16113K->2567K(17408K)
[12.685s][info ][gc,heap        ] GC(918) ParOldGen: 21230K->21238K(38400K)
[12.685s][info ][gc,metaspace   ] GC(918) Metaspace: 15860K->15860K(1064960K)
[12.685s][info ][gc             ] GC(918) Pause Young (Allocation Failure) 36M->23M(54M) 1.595ms
[12.685s][info ][gc,cpu         ] GC(918) User=0.01s Sys=0.00s Real=0.00s
[12.686s][info ][gc,start       ] GC(919) Pause Young (Allocation Failure)
[12.687s][debug][gc,phases      ] GC(919) Scavenge 0.979ms
[12.687s][debug][gc,phases      ] GC(919) Reference Processing 0.022ms
[12.687s][debug][gc,phases      ] GC(919) Weak Processing 0.011ms
[12.687s][debug][gc,phases      ] GC(919) Scrub String Table 0.070ms
[12.687s][debug][gc,age         ] GC(919) Desired survivor size 4194304 bytes, new threshold 1 (max threshold 15)
[12.687s][info ][gc,heap        ] GC(919) PSYoungGen: 15721K->2145K(17408K)
[12.687s][info ][gc,heap        ] GC(919) ParOldGen: 21238K->21262K(38400K)
[12.687s][info ][gc,metaspace   ] GC(919) Metaspace: 15860K->15860K(1064960K)
[12.687s][info ][gc             ] GC(919) Pause Young (Allocation Failure) 36M->22M(54M) 1.264ms
[12.687s][info ][gc,cpu         ] GC(919) User=0.01s Sys=0.00s Real=0.01s
[12.688s][info ][gc,start       ] GC(920) Pause Young (Allocation Failure)
[12.689s][debug][gc,phases      ] GC(920) Scavenge 0.969ms
[12.690s][debug][gc,phases      ] GC(920) Reference Processing 0.028ms
[12.690s][debug][gc,phases      ] GC(920) Weak Processing 0.018ms
[12.690s][debug][gc,phases      ] GC(920) Scrub String Table 0.095ms
[12.690s][debug][gc,age         ] GC(920) Desired survivor size 4194304 bytes, new threshold 1 (max threshold 15)
[12.690s][info ][gc,heap        ] GC(920) PSYoungGen: 15298K->1005K(17408K)
[12.690s][info ][gc,heap        ] GC(920) ParOldGen: 21262K->21270K(38400K)
[12.690s][info ][gc,metaspace   ] GC(920) Metaspace: 15860K->15860K(1064960K)
[12.690s][info ][gc             ] GC(920) Pause Young (Allocation Failure) 35M->21M(54M) 1.367ms
[12.690s][info ][gc,cpu         ] GC(920) User=0.01s Sys=0.00s Real=0.00s
[12.691s][info ][gc,start       ] GC(921) Pause Young (Allocation Failure)
[12.692s][debug][gc,phases      ] GC(921) Scavenge 0.982ms
[12.692s][debug][gc,phases      ] GC(921) Reference Processing 0.022ms
[12.692s][debug][gc,phases      ] GC(921) Weak Processing 0.011ms
[12.692s][debug][gc,phases      ] GC(921) Scrub String Table 0.066ms
[12.692s][debug][gc,age         ] GC(921) Desired survivor size 4194304 bytes, new threshold 1 (max threshold 15)
[12.692s][info ][gc,heap        ] GC(921) PSYoungGen: 14088K->1754K(17408K)
[12.692s][info ][gc,heap        ] GC(921) ParOldGen: 21270K->21294K(38400K)
[12.692s][info ][gc,metaspace   ] GC(921) Metaspace: 15860K->15860K(1064960K)
[12.692s][info ][gc             ] GC(921) Pause Young (Allocation Failure) 34M->22M(54M) 1.267ms
[12.692s][info ][gc,cpu         ] GC(921) User=0.00s Sys=0.00s Real=0.00s
[12.693s][info ][gc,start       ] GC(922) Pause Young (Allocation Failure)
[12.694s][debug][gc,phases      ] GC(922) Scavenge 1.111ms
[12.694s][debug][gc,phases      ] GC(922) Reference Processing 0.039ms
[12.694s][debug][gc,phases      ] GC(922) Weak Processing 0.011ms
[12.694s][debug][gc,phases      ] GC(922) Scrub String Table 0.070ms
[12.694s][debug][gc,age         ] GC(922) Desired survivor size 4194304 bytes, new threshold 1 (max threshold 15)
[12.694s][info ][gc,heap        ] GC(922) PSYoungGen: 14932K->2958K(17408K)
[12.694s][info ][gc,heap        ] GC(922) ParOldGen: 21294K->21318K(38400K)
[12.695s][info ][gc,metaspace   ] GC(922) Metaspace: 15860K->15860K(1064960K)
[12.695s][info ][gc             ] GC(922) Pause Young (Allocation Failure) 35M->23M(54M) 1.445ms
[12.695s][info ][gc,cpu         ] GC(922) User=0.00s Sys=0.00s Real=0.00s
[12.696s][info ][gc,start       ] GC(923) Pause Young (Allocation Failure)
[12.696s][debug][gc,phases      ] GC(923) Scavenge 0.621ms
[12.696s][debug][gc,phases      ] GC(923) Reference Processing 0.020ms
[12.696s][debug][gc,phases      ] GC(923) Weak Processing 0.012ms
[12.696s][debug][gc,phases      ] GC(923) Scrub String Table 0.068ms
[12.696s][debug][gc,age         ] GC(923) Desired survivor size 4194304 bytes, new threshold 1 (max threshold 15)
[12.696s][info ][gc,heap        ] GC(923) PSYoungGen: 16097K->2535K(17408K)
[12.696s][info ][gc,heap        ] GC(923) ParOldGen: 21318K->21733K(38400K)
[12.696s][info ][gc,metaspace   ] GC(923) Metaspace: 15860K->15860K(1064960K)
[12.696s][info ][gc             ] GC(923) Pause Young (Allocation Failure) 36M->23M(54M) 0.915ms
[12.696s][info ][gc,cpu         ] GC(923) User=0.00s Sys=0.00s Real=0.01s
[12.698s][info ][gc,start       ] GC(924) Pause Young (Allocation Failure)
[12.699s][debug][gc,phases      ] GC(924) Scavenge 1.387ms
[12.699s][debug][gc,phases      ] GC(924) Reference Processing 0.027ms
[12.699s][debug][gc,phases      ] GC(924) Weak Processing 0.012ms
[12.699s][debug][gc,phases      ] GC(924) Scrub String Table 0.068ms
[12.699s][debug][gc,age         ] GC(924) Desired survivor size 4194304 bytes, new threshold 1 (max threshold 15)
[12.699s][info ][gc,heap        ] GC(924) PSYoungGen: 15706K->2958K(17408K)
[12.699s][info ][gc,heap        ] GC(924) ParOldGen: 21733K->21749K(38400K)
[12.699s][info ][gc,metaspace   ] GC(924) Metaspace: 15860K->15860K(1064960K)
[12.699s][info ][gc             ] GC(924) Pause Young (Allocation Failure) 36M->24M(54M) 1.729ms
[12.699s][info ][gc,cpu         ] GC(924) User=0.01s Sys=0.00s Real=0.00s
[12.700s][info ][gc,start       ] GC(925) Pause Young (Allocation Failure)
[12.701s][debug][gc,phases      ] GC(925) Scavenge 1.111ms
[12.702s][debug][gc,phases      ] GC(925) Reference Processing 0.020ms
[12.702s][debug][gc,phases      ] GC(925) Weak Processing 0.014ms
[12.702s][debug][gc,phases      ] GC(925) Scrub String Table 0.083ms
[12.702s][debug][gc,age         ] GC(925) Desired survivor size 4194304 bytes, new threshold 1 (max threshold 15)
[12.702s][info ][gc,heap        ] GC(925) PSYoungGen: 16088K->2177K(17408K)
[12.702s][info ][gc,heap        ] GC(925) ParOldGen: 21749K->22163K(38400K)
[12.702s][info ][gc,metaspace   ] GC(925) Metaspace: 15860K->15860K(1064960K)
[12.702s][info ][gc             ] GC(925) Pause Young (Allocation Failure) 36M->23M(54M) 1.438ms
[12.702s][info ][gc,cpu         ] GC(925) User=0.01s Sys=0.00s Real=0.00s
[12.703s][info ][gc,start       ] GC(926) Pause Young (Allocation Failure)
[12.704s][debug][gc,phases      ] GC(926) Scavenge 1.124ms
[12.704s][debug][gc,phases      ] GC(926) Reference Processing 0.025ms
[12.704s][debug][gc,phases      ] GC(926) Weak Processing 0.013ms
[12.704s][debug][gc,phases      ] GC(926) Scrub String Table 0.079ms
[12.704s][debug][gc,age         ] GC(926) Desired survivor size 4194304 bytes, new threshold 1 (max threshold 15)
[12.704s][info ][gc,heap        ] GC(926) PSYoungGen: 15306K->2599K(17408K)
[12.704s][info ][gc,heap        ] GC(926) ParOldGen: 22163K->22187K(38400K)
[12.704s][info ][gc,metaspace   ] GC(926) Metaspace: 15860K->15860K(1064960K)
[12.704s][info ][gc             ] GC(926) Pause Young (Allocation Failure) 36M->24M(54M) 1.475ms
[12.704s][info ][gc,cpu         ] GC(926) User=0.01s Sys=0.00s Real=0.00s
[12.705s][info ][gc,start       ] GC(927) Pause Young (Allocation Failure)
[12.706s][debug][gc,phases      ] GC(927) Scavenge 0.830ms
[12.706s][debug][gc,phases      ] GC(927) Reference Processing 0.022ms
[12.706s][debug][gc,phases      ] GC(927) Weak Processing 0.010ms
[12.706s][debug][gc,phases      ] GC(927) Scrub String Table 0.066ms
[12.706s][debug][gc,age         ] GC(927) Desired survivor size 4194304 bytes, new threshold 1 (max threshold 15)
[12.706s][info ][gc,heap        ] GC(927) PSYoungGen: 15780K->2599K(17408K)
[12.706s][info ][gc,heap        ] GC(927) ParOldGen: 22187K->22195K(38400K)
[12.706s][info ][gc,metaspace   ] GC(927) Metaspace: 15860K->15860K(1064960K)
[12.706s][info ][gc             ] GC(927) Pause Young (Allocation Failure) 37M->24M(54M) 1.105ms
[12.706s][info ][gc,cpu         ] GC(927) User=0.01s Sys=0.00s Real=0.00s
[12.707s][info ][gc,start       ] GC(928) Pause Young (Allocation Failure)
[12.708s][debug][gc,phases      ] GC(928) Scavenge 0.983ms
[12.709s][debug][gc,phases      ] GC(928) Reference Processing 0.020ms
[12.709s][debug][gc,phases      ] GC(928) Weak Processing 0.012ms
[12.709s][debug][gc,phases      ] GC(928) Scrub String Table 0.068ms
[12.709s][debug][gc,age         ] GC(928) Desired survivor size 4194304 bytes, new threshold 1 (max threshold 15)
[12.709s][info ][gc,heap        ] GC(928) PSYoungGen: 15737K->1786K(17408K)
[12.709s][info ][gc,heap        ] GC(928) ParOldGen: 22195K->22211K(38400K)
[12.709s][info ][gc,metaspace   ] GC(928) Metaspace: 15860K->15860K(1064960K)
[12.709s][info ][gc             ] GC(928) Pause Young (Allocation Failure) 37M->23M(54M) 1.275ms
[12.709s][info ][gc,cpu         ] GC(928) User=0.01s Sys=0.00s Real=0.00s
[12.710s][info ][gc,start       ] GC(929) Pause Young (Allocation Failure)
[12.711s][debug][gc,phases      ] GC(929) Scavenge 1.220ms
[12.711s][debug][gc,phases      ] GC(929) Reference Processing 0.022ms
[12.711s][debug][gc,phases      ] GC(929) Weak Processing 0.030ms
[12.711s][debug][gc,phases      ] GC(929) Scrub String Table 0.068ms
[12.711s][debug][gc,age         ] GC(929) Desired survivor size 4194304 bytes, new threshold 1 (max threshold 15)
[12.711s][info ][gc,heap        ] GC(929) PSYoungGen: 14932K->2567K(17408K)
[12.711s][info ][gc,heap        ] GC(929) ParOldGen: 22211K->22227K(38400K)
[12.711s][info ][gc,metaspace   ] GC(929) Metaspace: 15860K->15860K(1064960K)
[12.711s][info ][gc             ] GC(929) Pause Young (Allocation Failure) 36M->24M(54M) 1.572ms
[12.711s][info ][gc,cpu         ] GC(929) User=0.00s Sys=0.00s Real=0.00s
[12.712s][info ][gc,start       ] GC(930) Pause Young (Allocation Failure)
[12.713s][debug][gc,phases      ] GC(930) Scavenge 0.379ms
[12.713s][debug][gc,phases      ] GC(930) Reference Processing 0.018ms
[12.713s][debug][gc,phases      ] GC(930) Weak Processing 0.010ms
[12.713s][debug][gc,phases      ] GC(930) Scrub String Table 0.067ms
[12.713s][debug][gc,age         ] GC(930) Desired survivor size 3670016 bytes, new threshold 1 (max threshold 15)
[12.713s][info ][gc,heap        ] GC(930) PSYoungGen: 15743K->2177K(15872K)
[12.713s][info ][gc,heap        ] GC(930) ParOldGen: 22227K->22235K(38400K)
[12.713s][info ][gc,metaspace   ] GC(930) Metaspace: 15860K->15860K(1064960K)
[12.713s][info ][gc             ] GC(930) Pause Young (Allocation Failure) 37M->23M(53M) 0.711ms
[12.713s][info ][gc,cpu         ] GC(930) User=0.00s Sys=0.00s Real=0.00s
[12.714s][info ][gc,start       ] GC(931) Pause Young (Allocation Failure)
[12.715s][debug][gc,phases      ] GC(931) Scavenge 0.642ms
[12.715s][debug][gc,phases      ] GC(931) Reference Processing 0.022ms
[12.715s][debug][gc,phases      ] GC(931) Weak Processing 0.013ms
[12.715s][debug][gc,phases      ] GC(931) Scrub String Table 0.067ms
[12.715s][debug][gc,age         ] GC(931) Desired survivor size 4194304 bytes, new threshold 1 (max threshold 15)
[12.715s][info ][gc,heap        ] GC(931) PSYoungGen: 15344K->1331K(16384K)
[12.715s][info ][gc,heap        ] GC(931) ParOldGen: 22235K->22243K(38400K)
[12.715s][info ][gc,metaspace   ] GC(931) Metaspace: 15860K->15860K(1064960K)
[12.715s][info ][gc             ] GC(931) Pause Young (Allocation Failure) 36M->23M(53M) 0.947ms
[12.715s][info ][gc,cpu         ] GC(931) User=0.00s Sys=0.00s Real=0.00s
[12.716s][info ][gc,start       ] GC(932) Pause Young (Allocation Failure)
[12.717s][debug][gc,phases      ] GC(932) Scavenge 0.697ms
[12.717s][debug][gc,phases      ] GC(932) Reference Processing 0.019ms
[12.717s][debug][gc,phases      ] GC(932) Weak Processing 0.010ms
[12.717s][debug][gc,phases      ] GC(932) Scrub String Table 0.066ms
[12.717s][debug][gc,age         ] GC(932) Desired survivor size 4194304 bytes, new threshold 1 (max threshold 15)
[12.717s][info ][gc,heap        ] GC(932) PSYoungGen: 14092K->941K(16896K)
[12.717s][info ][gc,heap        ] GC(932) ParOldGen: 22243K->22243K(38400K)
[12.717s][info ][gc,metaspace   ] GC(932) Metaspace: 15860K->15860K(1064960K)
[12.717s][info ][gc             ] GC(932) Pause Young (Allocation Failure) 35M->22M(54M) 1.001ms
[12.717s][info ][gc,cpu         ] GC(932) User=0.00s Sys=0.00s Real=0.01s
[12.718s][info ][gc,start       ] GC(933) Pause Young (Allocation Failure)
[12.718s][debug][gc,phases      ] GC(933) Scavenge 0.514ms
[12.719s][debug][gc,phases      ] GC(933) Reference Processing 0.019ms
[12.719s][debug][gc,phases      ] GC(933) Weak Processing 0.010ms
[12.719s][debug][gc,phases      ] GC(933) Scrub String Table 0.067ms
[12.719s][debug][gc,age         ] GC(933) Desired survivor size 4194304 bytes, new threshold 1 (max threshold 15)
[12.719s][info ][gc,heap        ] GC(933) PSYoungGen: 13699K->2599K(17408K)
[12.719s][info ][gc,heap        ] GC(933) ParOldGen: 22243K->22243K(38400K)
[12.719s][info ][gc,metaspace   ] GC(933) Metaspace: 15860K->15860K(1064960K)
[12.719s][info ][gc             ] GC(933) Pause Young (Allocation Failure) 35M->24M(54M) 0.788ms
[12.719s][info ][gc,cpu         ] GC(933) User=0.00s Sys=0.00s Real=0.00s
[12.720s][info ][gc,start       ] GC(934) Pause Young (Allocation Failure)
[12.721s][debug][gc,phases      ] GC(934) Scavenge 0.853ms
[12.721s][debug][gc,phases      ] GC(934) Reference Processing 0.019ms
[12.721s][debug][gc,phases      ] GC(934) Weak Processing 0.010ms
[12.721s][debug][gc,phases      ] GC(934) Scrub String Table 0.070ms
[12.721s][debug][gc,age         ] GC(934) Desired survivor size 4194304 bytes, new threshold 1 (max threshold 15)
[12.721s][info ][gc,heap        ] GC(934) PSYoungGen: 15756K->2958K(17408K)
[12.721s][info ][gc,heap        ] GC(934) ParOldGen: 22243K->22243K(38400K)
[12.721s][info ][gc,metaspace   ] GC(934) Metaspace: 15860K->15860K(1064960K)
[12.721s][info ][gc             ] GC(934) Pause Young (Allocation Failure) 37M->24M(54M) 1.141ms
[12.721s][info ][gc,cpu         ] GC(934) User=0.00s Sys=0.00s Real=0.00s
[12.722s][info ][gc,start       ] GC(935) Pause Young (Allocation Failure)
[12.723s][debug][gc,phases      ] GC(935) Scavenge 0.569ms
[12.723s][debug][gc,phases      ] GC(935) Reference Processing 0.019ms
[12.723s][debug][gc,phases      ] GC(935) Weak Processing 0.011ms
[12.723s][debug][gc,phases      ] GC(935) Scrub String Table 0.068ms
[12.723s][debug][gc,age         ] GC(935) Desired survivor size 4194304 bytes, new threshold 1 (max threshold 15)
[12.723s][info ][gc,heap        ] GC(935) PSYoungGen: 16113K->2958K(17408K)
[12.723s][info ][gc,heap        ] GC(935) ParOldGen: 22243K->22243K(38400K)
[12.723s][info ][gc,metaspace   ] GC(935) Metaspace: 15860K->15860K(1064960K)
[12.723s][info ][gc             ] GC(935) Pause Young (Allocation Failure) 37M->24M(54M) 0.897ms
[12.723s][info ][gc,cpu         ] GC(935) User=0.00s Sys=0.00s Real=0.00s
[12.724s][info ][gc,start       ] GC(936) Pause Young (Allocation Failure)
[12.725s][debug][gc,phases      ] GC(936) Scavenge 0.617ms
[12.725s][debug][gc,phases      ] GC(936) Reference Processing 0.019ms
[12.725s][debug][gc,phases      ] GC(936) Weak Processing 0.023ms
[12.725s][debug][gc,phases      ] GC(936) Scrub String Table 0.069ms
[12.725s][debug][gc,age         ] GC(936) Desired survivor size 4194304 bytes, new threshold 1 (max threshold 15)
[12.725s][info ][gc,heap        ] GC(936) PSYoungGen: 16112K->2958K(17408K)
[12.725s][info ][gc,heap        ] GC(936) ParOldGen: 22243K->22243K(38400K)
[12.725s][info ][gc,metaspace   ] GC(936) Metaspace: 15860K->15860K(1064960K)
[12.725s][info ][gc             ] GC(936) Pause Young (Allocation Failure) 37M->24M(54M) 0.935ms
[12.725s][info ][gc,cpu         ] GC(936) User=0.00s Sys=0.00s Real=0.00s
[12.726s][info ][gc,start       ] GC(937) Pause Young (Allocation Failure)
[12.727s][debug][gc,phases      ] GC(937) Scavenge 0.673ms
[12.727s][debug][gc,phases      ] GC(937) Reference Processing 0.023ms
[12.727s][debug][gc,phases      ] GC(937) Weak Processing 0.011ms
[12.727s][debug][gc,phases      ] GC(937) Scrub String Table 0.069ms
[12.727s][debug][gc,age         ] GC(937) Desired survivor size 4718592 bytes, new threshold 1 (max threshold 15)
[12.727s][info ][gc,heap        ] GC(937) PSYoungGen: 16112K->3381K(16384K)
[12.727s][info ][gc,heap        ] GC(937) ParOldGen: 22243K->22243K(38400K)
[12.727s][info ][gc,metaspace   ] GC(937) Metaspace: 15860K->15860K(1064960K)
[12.727s][info ][gc             ] GC(937) Pause Young (Allocation Failure) 37M->25M(53M) 0.980ms
[12.727s][info ][gc,cpu         ] GC(937) User=0.00s Sys=0.00s Real=0.01s
[12.728s][info ][gc,start       ] GC(938) Pause Young (Allocation Failure)
[12.728s][debug][gc,phases      ] GC(938) Scavenge 0.230ms
[12.728s][debug][gc,phases      ] GC(938) Reference Processing 0.020ms
[12.728s][debug][gc,phases      ] GC(938) Weak Processing 0.010ms
[12.729s][debug][gc,phases      ] GC(938) Scrub String Table 0.068ms
[12.729s][debug][gc,age         ] GC(938) Desired survivor size 4718592 bytes, new threshold 1 (max threshold 15)
[12.729s][info ][gc,heap        ] GC(938) PSYoungGen: 15342K->1005K(16896K)
[12.729s][info ][gc,heap        ] GC(938) ParOldGen: 22243K->22243K(38400K)
[12.729s][info ][gc,metaspace   ] GC(938) Metaspace: 15860K->15860K(1064960K)
[12.729s][info ][gc             ] GC(938) Pause Young (Allocation Failure) 36M->22M(54M) 0.516ms
[12.729s][info ][gc,cpu         ] GC(938) User=0.00s Sys=0.00s Real=0.00s
[12.730s][info ][gc,start       ] GC(939) Pause Young (Allocation Failure)
[12.730s][debug][gc,phases      ] GC(939) Scavenge 0.445ms
[12.730s][debug][gc,phases      ] GC(939) Reference Processing 0.019ms
[12.730s][debug][gc,phases      ] GC(939) Weak Processing 0.010ms
[12.730s][debug][gc,phases      ] GC(939) Scrub String Table 0.069ms
[12.730s][debug][gc,age         ] GC(939) Desired survivor size 4718592 bytes, new threshold 1 (max threshold 15)
[12.730s][info ][gc,heap        ] GC(939) PSYoungGen: 12966K->2567K(16896K)
[12.730s][info ][gc,heap        ] GC(939) ParOldGen: 22243K->22243K(38400K)
[12.730s][info ][gc,metaspace   ] GC(939) Metaspace: 15860K->15860K(1064960K)
[12.730s][info ][gc             ] GC(939) Pause Young (Allocation Failure) 34M->24M(54M) 0.725ms
[12.730s][info ][gc,cpu         ] GC(939) User=0.01s Sys=0.00s Real=0.00s
[12.732s][info ][gc,start       ] GC(940) Pause Young (Allocation Failure)
[12.733s][debug][gc,phases      ] GC(940) Scavenge 1.354ms
[12.733s][debug][gc,phases      ] GC(940) Reference Processing 0.020ms
[12.733s][debug][gc,phases      ] GC(940) Weak Processing 0.014ms
[12.733s][debug][gc,phases      ] GC(940) Scrub String Table 0.080ms
[12.733s][debug][gc,age         ] GC(940) Desired survivor size 4194304 bytes, new threshold 1 (max threshold 15)
[12.733s][info ][gc,heap        ] GC(940) PSYoungGen: 14528K->2113K(14848K)
[12.733s][info ][gc,heap        ] GC(940) ParOldGen: 22243K->22243K(38400K)
[12.733s][info ][gc,metaspace   ] GC(940) Metaspace: 15860K->15860K(1064960K)
[12.733s][info ][gc             ] GC(940) Pause Young (Allocation Failure) 35M->23M(52M) 1.745ms
[12.733s][info ][gc,cpu         ] GC(940) User=0.01s Sys=0.00s Real=0.00s
[12.734s][info ][gc,start       ] GC(941) Pause Young (Allocation Failure)
[12.735s][debug][gc,phases      ] GC(941) Scavenge 0.474ms
[12.735s][debug][gc,phases      ] GC(941) Reference Processing 0.020ms
[12.735s][debug][gc,phases      ] GC(941) Weak Processing 0.010ms
[12.735s][debug][gc,phases      ] GC(941) Scrub String Table 0.068ms
[12.735s][debug][gc,age         ] GC(941) Desired survivor size 4718592 bytes, new threshold 1 (max threshold 15)
[12.735s][info ][gc,heap        ] GC(941) PSYoungGen: 14073K->3771K(15872K)
[12.735s][info ][gc,heap        ] GC(941) ParOldGen: 22243K->22243K(38400K)
[12.735s][info ][gc,metaspace   ] GC(941) Metaspace: 15860K->15860K(1064960K)
[12.735s][info ][gc             ] GC(941) Pause Young (Allocation Failure) 35M->25M(53M) 0.782ms
[12.735s][info ][gc,cpu         ] GC(941) User=0.01s Sys=0.00s Real=0.00s
[12.736s][info ][gc,start       ] GC(942) Pause Young (Allocation Failure)
[12.736s][debug][gc,phases      ] GC(942) Scavenge 0.430ms
[12.737s][debug][gc,phases      ] GC(942) Reference Processing 0.019ms
[12.737s][debug][gc,phases      ] GC(942) Weak Processing 0.010ms
[12.737s][debug][gc,phases      ] GC(942) Scrub String Table 0.068ms
[12.737s][debug][gc,age         ] GC(942) Desired survivor size 4718592 bytes, new threshold 1 (max threshold 15)
[12.737s][info ][gc,heap        ] GC(942) PSYoungGen: 15331K->2599K(16384K)
[12.737s][info ][gc,heap        ] GC(942) ParOldGen: 22243K->22243K(38400K)
[12.737s][info ][gc,metaspace   ] GC(942) Metaspace: 15860K->15860K(1064960K)
[12.737s][info ][gc             ] GC(942) Pause Young (Allocation Failure) 36M->24M(53M) 0.714ms
[12.737s][info ][gc,cpu         ] GC(942) User=0.00s Sys=0.00s Real=0.01s
[12.738s][info ][gc,start       ] GC(943) Pause Young (Allocation Failure)
[12.738s][debug][gc,phases      ] GC(943) Scavenge 0.401ms
[12.738s][debug][gc,phases      ] GC(943) Reference Processing 0.021ms
[12.738s][debug][gc,phases      ] GC(943) Weak Processing 0.010ms
[12.738s][debug][gc,phases      ] GC(943) Scrub String Table 0.069ms
[12.738s][debug][gc,age         ] GC(943) Desired survivor size 4718592 bytes, new threshold 1 (max threshold 15)
[12.738s][info ][gc,heap        ] GC(943) PSYoungGen: 14159K->2990K(16896K)
[12.738s][info ][gc,heap        ] GC(943) ParOldGen: 22243K->22243K(38400K)
[12.738s][info ][gc,metaspace   ] GC(943) Metaspace: 15860K->15860K(1064960K)
[12.738s][info ][gc             ] GC(943) Pause Young (Allocation Failure) 35M->24M(54M) 0.705ms
[12.738s][info ][gc,cpu         ] GC(943) User=0.00s Sys=0.00s Real=0.00s
[12.739s][info ][gc,start       ] GC(944) Pause Young (Allocation Failure)
[12.740s][debug][gc,phases      ] GC(944) Scavenge 0.418ms
[12.740s][debug][gc,phases      ] GC(944) Reference Processing 0.020ms
[12.740s][debug][gc,phases      ] GC(944) Weak Processing 0.010ms
[12.740s][debug][gc,phases      ] GC(944) Scrub String Table 0.069ms
[12.740s][debug][gc,age         ] GC(944) Desired survivor size 4718592 bytes, new threshold 1 (max threshold 15)
[12.740s][info ][gc,heap        ] GC(944) PSYoungGen: 14951K->2990K(16896K)
[12.740s][info ][gc,heap        ] GC(944) ParOldGen: 22243K->22243K(38400K)
[12.740s][info ][gc,metaspace   ] GC(944) Metaspace: 15860K->15860K(1064960K)
[12.740s][info ][gc             ] GC(944) Pause Young (Allocation Failure) 36M->24M(54M) 0.699ms
[12.740s][info ][gc,cpu         ] GC(944) User=0.00s Sys=0.00s Real=0.00s
[12.741s][info ][gc,start       ] GC(945) Pause Young (Allocation Failure)
[12.742s][debug][gc,phases      ] GC(945) Scavenge 0.390ms
[12.742s][debug][gc,phases      ] GC(945) Reference Processing 0.020ms
[12.742s][debug][gc,phases      ] GC(945) Weak Processing 0.010ms
[12.742s][debug][gc,phases      ] GC(945) Scrub String Table 0.069ms
[12.742s][debug][gc,age         ] GC(945) Desired survivor size 4718592 bytes, new threshold 1 (max threshold 15)
[12.742s][info ][gc,heap        ] GC(945) PSYoungGen: 14951K->2990K(16896K)
[12.742s][info ][gc,heap        ] GC(945) ParOldGen: 22243K->22243K(38400K)
[12.742s][info ][gc,metaspace   ] GC(945) Metaspace: 15860K->15860K(1064960K)
[12.742s][info ][gc             ] GC(945) Pause Young (Allocation Failure) 36M->24M(54M) 0.675ms
[12.742s][info ][gc,cpu         ] GC(945) User=0.00s Sys=0.00s Real=0.00s
[12.743s][info ][gc,start       ] GC(946) Pause Young (Allocation Failure)
[12.743s][debug][gc,phases      ] GC(946) Scavenge 0.445ms
[12.743s][debug][gc,phases      ] GC(946) Reference Processing 0.019ms
[12.743s][debug][gc,phases      ] GC(946) Weak Processing 0.010ms
[12.743s][debug][gc,phases      ] GC(946) Scrub String Table 0.069ms
[12.743s][debug][gc,age         ] GC(946) Desired survivor size 4194304 bytes, new threshold 1 (max threshold 15)
[12.744s][info ][gc,heap        ] GC(946) PSYoungGen: 14951K->2599K(15360K)
[12.744s][info ][gc,heap        ] GC(946) ParOldGen: 22243K->22243K(38400K)
[12.744s][info ][gc,metaspace   ] GC(946) Metaspace: 15860K->15860K(1064960K)
[12.744s][info ][gc             ] GC(946) Pause Young (Allocation Failure) 36M->24M(52M) 0.742ms
[12.744s][info ][gc,cpu         ] GC(946) User=0.00s Sys=0.00s Real=0.00s
[12.745s][info ][gc,start       ] GC(947) Pause Young (Allocation Failure)
[12.745s][debug][gc,phases      ] GC(947) Scavenge 0.438ms
[12.745s][debug][gc,phases      ] GC(947) Reference Processing 0.020ms
[12.745s][debug][gc,phases      ] GC(947) Weak Processing 0.011ms
[12.745s][debug][gc,phases      ] GC(947) Scrub String Table 0.068ms
[12.745s][debug][gc,age         ] GC(947) Desired survivor size 4194304 bytes, new threshold 1 (max threshold 15)
[12.745s][info ][gc,heap        ] GC(947) PSYoungGen: 14560K->2599K(16384K)
[12.745s][info ][gc,heap        ] GC(947) ParOldGen: 22243K->22243K(38400K)
[12.745s][info ][gc,metaspace   ] GC(947) Metaspace: 15860K->15860K(1064960K)
[12.745s][info ][gc             ] GC(947) Pause Young (Allocation Failure) 35M->24M(53M) 0.739ms
[12.745s][info ][gc,cpu         ] GC(947) User=0.01s Sys=0.00s Real=0.00s
[12.746s][info ][gc,start       ] GC(948) Pause Young (Allocation Failure)
[12.747s][debug][gc,phases      ] GC(948) Scavenge 0.413ms
[12.747s][debug][gc,phases      ] GC(948) Reference Processing 0.025ms
[12.747s][debug][gc,phases      ] GC(948) Weak Processing 0.027ms
[12.747s][debug][gc,phases      ] GC(948) Scrub String Table 0.187ms
[12.747s][debug][gc,age         ] GC(948) Desired survivor size 4194304 bytes, new threshold 1 (max threshold 15)
[12.747s][info ][gc,heap        ] GC(948) PSYoungGen: 14560K->2990K(16384K)
[12.747s][info ][gc,heap        ] GC(948) ParOldGen: 22243K->22243K(38400K)
[12.747s][info ][gc,metaspace   ] GC(948) Metaspace: 15860K->15860K(1064960K)
[12.747s][info ][gc             ] GC(948) Pause Young (Allocation Failure) 35M->24M(53M) 0.942ms
[12.747s][info ][gc,cpu         ] GC(948) User=0.01s Sys=0.00s Real=0.01s
[12.748s][info ][gc,start       ] GC(949) Pause Young (Allocation Failure)
[12.749s][debug][gc,phases      ] GC(949) Scavenge 0.897ms
[12.749s][debug][gc,phases      ] GC(949) Reference Processing 0.018ms
[12.749s][debug][gc,phases      ] GC(949) Weak Processing 0.012ms
[12.749s][debug][gc,phases      ] GC(949) Scrub String Table 0.071ms
[12.749s][debug][gc,age         ] GC(949) Desired survivor size 4194304 bytes, new threshold 1 (max threshold 15)
[12.749s][info ][gc,heap        ] GC(949) PSYoungGen: 14950K->2535K(17408K)
[12.749s][info ][gc,heap        ] GC(949) ParOldGen: 22243K->22642K(38400K)
[12.749s][info ][gc,metaspace   ] GC(949) Metaspace: 15860K->15860K(1064960K)
[12.750s][info ][gc             ] GC(949) Pause Young (Allocation Failure) 36M->24M(54M) 1.193ms
[12.750s][info ][gc,cpu         ] GC(949) User=0.01s Sys=0.00s Real=0.00s
[12.751s][info ][gc,start       ] GC(950) Pause Young (Allocation Failure)
[12.751s][debug][gc,phases      ] GC(950) Scavenge 0.364ms
[12.751s][debug][gc,phases      ] GC(950) Reference Processing 0.025ms
[12.751s][debug][gc,phases      ] GC(950) Weak Processing 0.011ms
[12.751s][debug][gc,phases      ] GC(950) Scrub String Table 0.068ms
[12.751s][debug][gc,age         ] GC(950) Desired survivor size 4194304 bytes, new threshold 1 (max threshold 15)
[12.751s][info ][gc,heap        ] GC(950) PSYoungGen: 15688K->2145K(17408K)
[12.751s][info ][gc,heap        ] GC(950) ParOldGen: 22642K->22658K(38400K)
[12.751s][info ][gc,metaspace   ] GC(950) Metaspace: 15860K->15860K(1064960K)
[12.751s][info ][gc             ] GC(950) Pause Young (Allocation Failure) 37M->24M(54M) 0.657ms
[12.751s][info ][gc,cpu         ] GC(950) User=0.00s Sys=0.00s Real=0.00s
[12.752s][info ][gc,start       ] GC(951) Pause Young (Allocation Failure)
[12.753s][debug][gc,phases      ] GC(951) Scavenge 0.367ms
[12.753s][debug][gc,phases      ] GC(951) Reference Processing 0.024ms
[12.753s][debug][gc,phases      ] GC(951) Weak Processing 0.010ms
[12.753s][debug][gc,phases      ] GC(951) Scrub String Table 0.068ms
[12.753s][debug][gc,age         ] GC(951) Desired survivor size 4194304 bytes, new threshold 1 (max threshold 15)
[12.753s][info ][gc,heap        ] GC(951) PSYoungGen: 15297K->1722K(17408K)
[12.753s][info ][gc,heap        ] GC(951) ParOldGen: 22658K->22666K(38400K)
[12.753s][info ][gc,metaspace   ] GC(951) Metaspace: 15860K->15860K(1064960K)
[12.753s][info ][gc             ] GC(951) Pause Young (Allocation Failure) 37M->23M(54M) 0.672ms
[12.753s][info ][gc,cpu         ] GC(951) User=0.00s Sys=0.00s Real=0.00s
[12.754s][info ][gc,start       ] GC(952) Pause Young (Allocation Failure)
[12.754s][debug][gc,phases      ] GC(952) Scavenge 0.412ms
[12.754s][debug][gc,phases      ] GC(952) Reference Processing 0.026ms
[12.754s][debug][gc,phases      ] GC(952) Weak Processing 0.011ms
[12.755s][debug][gc,phases      ] GC(952) Scrub String Table 0.068ms
[12.755s][debug][gc,age         ] GC(952) Desired survivor size 4194304 bytes, new threshold 1 (max threshold 15)
[12.755s][info ][gc,heap        ] GC(952) PSYoungGen: 14875K->2145K(17408K)
[12.755s][info ][gc,heap        ] GC(952) ParOldGen: 22666K->22674K(38400K)
[12.755s][info ][gc,metaspace   ] GC(952) Metaspace: 15860K->15860K(1064960K)
[12.755s][info ][gc             ] GC(952) Pause Young (Allocation Failure) 36M->24M(54M) 0.705ms
[12.755s][info ][gc,cpu         ] GC(952) User=0.00s Sys=0.00s Real=0.00s
[12.756s][info ][gc,start       ] GC(953) Pause Young (Allocation Failure)
[12.756s][debug][gc,phases      ] GC(953) Scavenge 0.409ms
[12.756s][debug][gc,phases      ] GC(953) Reference Processing 0.020ms
[12.756s][debug][gc,phases      ] GC(953) Weak Processing 0.010ms
[12.756s][debug][gc,phases      ] GC(953) Scrub String Table 0.068ms
[12.756s][debug][gc,age         ] GC(953) Desired survivor size 4194304 bytes, new threshold 1 (max threshold 15)
[12.756s][info ][gc,heap        ] GC(953) PSYoungGen: 15297K->2990K(17408K)
[12.756s][info ][gc,heap        ] GC(953) ParOldGen: 22674K->22674K(38400K)
[12.756s][info ][gc,metaspace   ] GC(953) Metaspace: 15860K->15860K(1064960K)
[12.756s][info ][gc             ] GC(953) Pause Young (Allocation Failure) 37M->25M(54M) 0.703ms
[12.756s][info ][gc,cpu         ] GC(953) User=0.00s Sys=0.00s Real=0.01s
[12.758s][info ][gc,start       ] GC(954) Pause Young (Allocation Failure)
[12.758s][debug][gc,phases      ] GC(954) Scavenge 0.357ms
[12.758s][debug][gc,phases      ] GC(954) Reference Processing 0.019ms
[12.758s][debug][gc,phases      ] GC(954) Weak Processing 0.011ms
[12.758s][debug][gc,phases      ] GC(954) Scrub String Table 0.068ms
[12.758s][debug][gc,age         ] GC(954) Desired survivor size 4194304 bytes, new threshold 1 (max threshold 15)
[12.758s][info ][gc,heap        ] GC(954) PSYoungGen: 16143K->2209K(17408K)
[12.758s][info ][gc,heap        ] GC(954) ParOldGen: 22674K->22674K(38400K)
[12.758s][info ][gc,metaspace   ] GC(954) Metaspace: 15860K->15860K(1064960K)
[12.758s][info ][gc             ] GC(954) Pause Young (Allocation Failure) 37M->24M(54M) 0.636ms
[12.758s][info ][gc,cpu         ] GC(954) User=0.01s Sys=0.00s Real=0.00s
[12.759s][info ][gc,start       ] GC(955) Pause Young (Allocation Failure)
[12.760s][debug][gc,phases      ] GC(955) Scavenge 0.386ms
[12.760s][debug][gc,phases      ] GC(955) Reference Processing 0.020ms
[12.760s][debug][gc,phases      ] GC(955) Weak Processing 0.010ms
[12.760s][debug][gc,phases      ] GC(955) Scrub String Table 0.068ms
[12.760s][debug][gc,age         ] GC(955) Desired survivor size 4194304 bytes, new threshold 1 (max threshold 15)
[12.760s][info ][gc,heap        ] GC(955) PSYoungGen: 15361K->2567K(17408K)
[12.760s][info ][gc,heap        ] GC(955) ParOldGen: 22674K->22674K(38400K)
[12.760s][info ][gc,metaspace   ] GC(955) Metaspace: 15860K->15860K(1064960K)
[12.760s][info ][gc             ] GC(955) Pause Young (Allocation Failure) 37M->24M(54M) 0.680ms
[12.760s][info ][gc,cpu         ] GC(955) User=0.01s Sys=0.00s Real=0.00s
[12.761s][info ][gc,start       ] GC(956) Pause Young (Allocation Failure)
[12.761s][debug][gc,phases      ] GC(956) Scavenge 0.379ms
[12.761s][debug][gc,phases      ] GC(956) Reference Processing 0.020ms
[12.761s][debug][gc,phases      ] GC(956) Weak Processing 0.010ms
[12.762s][debug][gc,phases      ] GC(956) Scrub String Table 0.068ms
[12.762s][debug][gc,age         ] GC(956) Desired survivor size 3670016 bytes, new threshold 1 (max threshold 15)
[12.762s][info ][gc,heap        ] GC(956) PSYoungGen: 15720K->2567K(16384K)
[12.762s][info ][gc,heap        ] GC(956) ParOldGen: 22674K->22674K(38400K)
[12.762s][info ][gc,metaspace   ] GC(956) Metaspace: 15860K->15860K(1064960K)
[12.762s][info ][gc             ] GC(956) Pause Young (Allocation Failure) 37M->24M(53M) 0.680ms
[12.762s][info ][gc,cpu         ] GC(956) User=0.00s Sys=0.00s Real=0.00s
[12.763s][info ][gc,start       ] GC(957) Pause Young (Allocation Failure)
[12.763s][debug][gc,phases      ] GC(957) Scavenge 0.448ms
[12.763s][debug][gc,phases      ] GC(957) Reference Processing 0.023ms
[12.763s][debug][gc,phases      ] GC(957) Weak Processing 0.011ms
[12.763s][debug][gc,phases      ] GC(957) Scrub String Table 0.070ms
[12.763s][debug][gc,age         ] GC(957) Desired survivor size 3670016 bytes, new threshold 1 (max threshold 15)
[12.763s][info ][gc,heap        ] GC(957) PSYoungGen: 15720K->2567K(16896K)
[12.763s][info ][gc,heap        ] GC(957) ParOldGen: 22674K->22674K(38400K)
[12.764s][info ][gc,metaspace   ] GC(957) Metaspace: 15860K->15860K(1064960K)
[12.764s][info ][gc             ] GC(957) Pause Young (Allocation Failure) 37M->24M(54M) 0.759ms
[12.764s][info ][gc,cpu         ] GC(957) User=0.00s Sys=0.00s Real=0.00s
[12.765s][info ][gc,start       ] GC(958) Pause Young (Allocation Failure)
[12.765s][debug][gc,phases      ] GC(958) Scavenge 0.483ms
[12.765s][debug][gc,phases      ] GC(958) Reference Processing 0.040ms
[12.765s][debug][gc,phases      ] GC(958) Weak Processing 0.017ms
[12.765s][debug][gc,phases      ] GC(958) Scrub String Table 0.085ms
[12.765s][debug][gc,age         ] GC(958) Desired survivor size 3670016 bytes, new threshold 1 (max threshold 15)
[12.765s][info ][gc,heap        ] GC(958) PSYoungGen: 15720K->2599K(16896K)
[12.765s][info ][gc,heap        ] GC(958) ParOldGen: 22674K->22674K(38400K)
[12.765s][info ][gc,metaspace   ] GC(958) Metaspace: 15860K->15860K(1064960K)
[12.765s][info ][gc             ] GC(958) Pause Young (Allocation Failure) 37M->24M(54M) 0.879ms
[12.765s][info ][gc,cpu         ] GC(958) User=0.00s Sys=0.00s Real=0.00s
[12.767s][info ][gc,start       ] GC(959) Pause Young (Allocation Failure)
[12.768s][debug][gc,phases      ] GC(959) Scavenge 0.925ms
[12.768s][debug][gc,phases      ] GC(959) Reference Processing 0.021ms
[12.768s][debug][gc,phases      ] GC(959) Weak Processing 0.010ms
[12.768s][debug][gc,phases      ] GC(959) Scrub String Table 0.069ms
[12.768s][debug][gc,age         ] GC(959) Desired survivor size 4194304 bytes, new threshold 1 (max threshold 15)
[12.768s][info ][gc,heap        ] GC(959) PSYoungGen: 15752K->3381K(16896K)
[12.768s][info ][gc,heap        ] GC(959) ParOldGen: 22674K->22682K(38400K)
[12.768s][info ][gc,metaspace   ] GC(959) Metaspace: 15860K->15860K(1064960K)
[12.768s][info ][gc             ] GC(959) Pause Young (Allocation Failure) 37M->25M(54M) 1.216ms
[12.768s][info ][gc,cpu         ] GC(959) User=0.00s Sys=0.00s Real=0.00s
[12.769s][info ][gc,start       ] GC(960) Pause Young (Allocation Failure)
[12.769s][debug][gc,phases      ] GC(960) Scavenge 0.472ms
[12.769s][debug][gc,phases      ] GC(960) Reference Processing 0.020ms
[12.769s][debug][gc,phases      ] GC(960) Weak Processing 0.010ms
[12.770s][debug][gc,phases      ] GC(960) Scrub String Table 0.068ms
[12.770s][debug][gc,age         ] GC(960) Desired survivor size 3670016 bytes, new threshold 1 (max threshold 15)
[12.770s][info ][gc,heap        ] GC(960) PSYoungGen: 16533K->2599K(17408K)
[12.770s][info ][gc,heap        ] GC(960) ParOldGen: 22682K->22682K(38400K)
[12.770s][info ][gc,metaspace   ] GC(960) Metaspace: 15860K->15860K(1064960K)
[12.770s][info ][gc             ] GC(960) Pause Young (Allocation Failure) 38M->24M(54M) 0.800ms
[12.770s][info ][gc,cpu         ] GC(960) User=0.00s Sys=0.00s Real=0.00s
[12.771s][info ][gc,start       ] GC(961) Pause Young (Allocation Failure)
[12.771s][debug][gc,phases      ] GC(961) Scavenge 0.372ms
[12.771s][debug][gc,phases      ] GC(961) Reference Processing 0.019ms
[12.771s][debug][gc,phases      ] GC(961) Weak Processing 0.010ms
[12.771s][debug][gc,phases      ] GC(961) Scrub String Table 0.068ms
[12.771s][debug][gc,age         ] GC(961) Desired survivor size 3670016 bytes, new threshold 1 (max threshold 15)
[12.771s][info ][gc,heap        ] GC(961) PSYoungGen: 15752K->2567K(17408K)
[12.771s][info ][gc,heap        ] GC(961) ParOldGen: 22682K->22682K(38400K)
[12.771s][info ][gc,metaspace   ] GC(961) Metaspace: 15860K->15860K(1064960K)
[12.771s][info ][gc             ] GC(961) Pause Young (Allocation Failure) 37M->24M(54M) 0.669ms
[12.771s][info ][gc,cpu         ] GC(961) User=0.00s Sys=0.00s Real=0.00s
[12.772s][info ][gc,start       ] GC(962) Pause Young (Allocation Failure)
[12.773s][debug][gc,phases      ] GC(962) Scavenge 0.502ms
[12.773s][debug][gc,phases      ] GC(962) Reference Processing 0.020ms
[12.773s][debug][gc,phases      ] GC(962) Weak Processing 0.015ms
[12.773s][debug][gc,phases      ] GC(962) Scrub String Table 0.083ms
[12.773s][debug][gc,age         ] GC(962) Desired survivor size 3670016 bytes, new threshold 1 (max threshold 15)
[12.773s][info ][gc,heap        ] GC(962) PSYoungGen: 16121K->2958K(17408K)
[12.773s][info ][gc,heap        ] GC(962) ParOldGen: 22682K->22682K(38400K)
[12.773s][info ][gc,metaspace   ] GC(962) Metaspace: 15860K->15860K(1064960K)
[12.773s][info ][gc             ] GC(962) Pause Young (Allocation Failure) 37M->25M(54M) 0.825ms
[12.773s][info ][gc,cpu         ] GC(962) User=0.00s Sys=0.00s Real=0.00s
[12.774s][info ][gc,start       ] GC(963) Pause Young (Allocation Failure)
[12.775s][debug][gc,phases      ] GC(963) Scavenge 0.673ms
[12.775s][debug][gc,phases      ] GC(963) Reference Processing 0.040ms
[12.775s][debug][gc,phases      ] GC(963) Weak Processing 0.016ms
[12.775s][debug][gc,phases      ] GC(963) Scrub String Table 0.070ms
[12.775s][debug][gc,age         ] GC(963) Desired survivor size 4194304 bytes, new threshold 1 (max threshold 15)
[12.775s][info ][gc,heap        ] GC(963) PSYoungGen: 16511K->3381K(16896K)
[12.775s][info ][gc,heap        ] GC(963) ParOldGen: 22682K->22682K(38400K)
[12.775s][info ][gc,metaspace   ] GC(963) Metaspace: 15860K->15860K(1064960K)
[12.775s][info ][gc             ] GC(963) Pause Young (Allocation Failure) 38M->25M(54M) 1.017ms
[12.775s][info ][gc,cpu         ] GC(963) User=0.00s Sys=0.00s Real=0.00s
[12.776s][info ][gc,start       ] GC(964) Pause Young (Allocation Failure)
[12.777s][debug][gc,phases      ] GC(964) Scavenge 0.434ms
[12.777s][debug][gc,phases      ] GC(964) Reference Processing 0.021ms
[12.777s][debug][gc,phases      ] GC(964) Weak Processing 0.010ms
[12.777s][debug][gc,phases      ] GC(964) Scrub String Table 0.069ms
[12.777s][debug][gc,age         ] GC(964) Desired survivor size 4194304 bytes, new threshold 1 (max threshold 15)
[12.777s][info ][gc,heap        ] GC(964) PSYoungGen: 16533K->2990K(17408K)
[12.777s][info ][gc,heap        ] GC(964) ParOldGen: 22682K->22682K(38400K)
[12.777s][info ][gc,metaspace   ] GC(964) Metaspace: 15860K->15860K(1064960K)
[12.777s][info ][gc             ] GC(964) Pause Young (Allocation Failure) 38M->25M(54M) 0.739ms
[12.777s][info ][gc,cpu         ] GC(964) User=0.00s Sys=0.00s Real=0.00s
[12.778s][info ][gc,start       ] GC(965) Pause Young (Allocation Failure)
[12.779s][debug][gc,phases      ] GC(965) Scavenge 0.482ms
[12.779s][debug][gc,phases      ] GC(965) Reference Processing 0.021ms
[12.779s][debug][gc,phases      ] GC(965) Weak Processing 0.012ms
[12.779s][debug][gc,phases      ] GC(965) Scrub String Table 0.068ms
[12.779s][debug][gc,age         ] GC(965) Desired survivor size 4194304 bytes, new threshold 1 (max threshold 15)
[12.779s][info ][gc,heap        ] GC(965) PSYoungGen: 16143K->2599K(17408K)
[12.779s][info ][gc,heap        ] GC(965) ParOldGen: 22682K->22682K(38400K)
[12.779s][info ][gc,metaspace   ] GC(965) Metaspace: 15860K->15860K(1064960K)
[12.779s][info ][gc             ] GC(965) Pause Young (Allocation Failure) 37M->24M(54M) 0.774ms
[12.779s][info ][gc,cpu         ] GC(965) User=0.00s Sys=0.00s Real=0.00s
[12.780s][info ][gc,start       ] GC(966) Pause Young (Allocation Failure)
[12.781s][debug][gc,phases      ] GC(966) Scavenge 0.453ms
[12.781s][debug][gc,phases      ] GC(966) Reference Processing 0.028ms
[12.781s][debug][gc,phases      ] GC(966) Weak Processing 0.012ms
[12.781s][debug][gc,phases      ] GC(966) Scrub String Table 0.082ms
[12.781s][debug][gc,age         ] GC(966) Desired survivor size 4194304 bytes, new threshold 1 (max threshold 15)
[12.781s][info ][gc,heap        ] GC(966) PSYoungGen: 15752K->3381K(17408K)
[12.781s][info ][gc,heap        ] GC(966) ParOldGen: 22682K->22682K(38400K)
[12.781s][info ][gc,metaspace   ] GC(966) Metaspace: 15860K->15860K(1064960K)
[12.781s][info ][gc             ] GC(966) Pause Young (Allocation Failure) 37M->25M(54M) 0.790ms
[12.781s][info ][gc,cpu         ] GC(966) User=0.00s Sys=0.00s Real=0.00s
[12.782s][info ][gc,start       ] GC(967) Pause Young (Allocation Failure)
[12.783s][debug][gc,phases      ] GC(967) Scavenge 0.342ms
[12.783s][debug][gc,phases      ] GC(967) Reference Processing 0.026ms
[12.783s][debug][gc,phases      ] GC(967) Weak Processing 0.011ms
[12.783s][debug][gc,phases      ] GC(967) Scrub String Table 0.089ms
[12.783s][debug][gc,age         ] GC(967) Desired survivor size 4194304 bytes, new threshold 1 (max threshold 15)
[12.783s][info ][gc,heap        ] GC(967) PSYoungGen: 16533K->1786K(17408K)
[12.783s][info ][gc,heap        ] GC(967) ParOldGen: 22682K->22682K(38400K)
[12.783s][info ][gc,metaspace   ] GC(967) Metaspace: 15860K->15860K(1064960K)
[12.783s][info ][gc             ] GC(967) Pause Young (Allocation Failure) 38M->23M(54M) 0.694ms
[12.783s][info ][gc,cpu         ] GC(967) User=0.01s Sys=0.00s Real=0.00s
[12.784s][info ][gc,start       ] GC(968) Pause Young (Allocation Failure)
[12.784s][debug][gc,phases      ] GC(968) Scavenge 0.337ms
[12.784s][debug][gc,phases      ] GC(968) Reference Processing 0.019ms
[12.784s][debug][gc,phases      ] GC(968) Weak Processing 0.010ms
[12.784s][debug][gc,phases      ] GC(968) Scrub String Table 0.069ms
[12.784s][debug][gc,age         ] GC(968) Desired survivor size 4194304 bytes, new threshold 1 (max threshold 15)
[12.784s][info ][gc,heap        ] GC(968) PSYoungGen: 14939K->2209K(17408K)
[12.784s][info ][gc,heap        ] GC(968) ParOldGen: 22682K->22682K(38400K)
[12.784s][info ][gc,metaspace   ] GC(968) Metaspace: 15860K->15860K(1064960K)
[12.784s][info ][gc             ] GC(968) Pause Young (Allocation Failure) 36M->24M(54M) 0.594ms
[12.784s][info ][gc,cpu         ] GC(968) User=0.00s Sys=0.00s Real=0.00s
[12.785s][info ][gc,start       ] GC(969) Pause Young (Allocation Failure)
[12.786s][debug][gc,phases      ] GC(969) Scavenge 0.344ms
[12.786s][debug][gc,phases      ] GC(969) Reference Processing 0.025ms
[12.786s][debug][gc,phases      ] GC(969) Weak Processing 0.011ms
[12.786s][debug][gc,phases      ] GC(969) Scrub String Table 0.073ms
[12.786s][debug][gc,age         ] GC(969) Desired survivor size 4194304 bytes, new threshold 1 (max threshold 15)
[12.786s][info ][gc,heap        ] GC(969) PSYoungGen: 15361K->2177K(17408K)
[12.786s][info ][gc,heap        ] GC(969) ParOldGen: 22682K->22682K(38400K)
[12.786s][info ][gc,metaspace   ] GC(969) Metaspace: 15860K->15860K(1064960K)
[12.786s][info ][gc             ] GC(969) Pause Young (Allocation Failure) 37M->24M(54M) 0.660ms
[12.786s][info ][gc,cpu         ] GC(969) User=0.00s Sys=0.00s Real=0.00s
[12.787s][info ][gc,start       ] GC(970) Pause Young (Allocation Failure)
[12.788s][debug][gc,phases      ] GC(970) Scavenge 0.329ms
[12.788s][debug][gc,phases      ] GC(970) Reference Processing 0.020ms
[12.788s][debug][gc,phases      ] GC(970) Weak Processing 0.010ms
[12.788s][debug][gc,phases      ] GC(970) Scrub String Table 0.068ms
[12.788s][debug][gc,age         ] GC(970) Desired survivor size 4194304 bytes, new threshold 1 (max threshold 15)
[12.788s][info ][gc,heap        ] GC(970) PSYoungGen: 15329K->1786K(17408K)
[12.788s][info ][gc,heap        ] GC(970) ParOldGen: 22682K->22682K(38400K)
[12.788s][info ][gc,metaspace   ] GC(970) Metaspace: 15860K->15860K(1064960K)
[12.788s][info ][gc             ] GC(970) Pause Young (Allocation Failure) 37M->23M(54M) 0.616ms
[12.788s][info ][gc,cpu         ] GC(970) User=0.00s Sys=0.00s Real=0.00s
[12.789s][info ][gc,start       ] GC(971) Pause Young (Allocation Failure)
[12.789s][debug][gc,phases      ] GC(971) Scavenge 0.364ms
[12.789s][debug][gc,phases      ] GC(971) Reference Processing 0.023ms
[12.789s][debug][gc,phases      ] GC(971) Weak Processing 0.013ms
[12.789s][debug][gc,phases      ] GC(971) Scrub String Table 0.068ms
[12.789s][debug][gc,age         ] GC(971) Desired survivor size 4194304 bytes, new threshold 1 (max threshold 15)
[12.789s][info ][gc,heap        ] GC(971) PSYoungGen: 14939K->2599K(17408K)
[12.790s][info ][gc,heap        ] GC(971) ParOldGen: 22682K->22682K(38400K)
[12.790s][info ][gc,metaspace   ] GC(971) Metaspace: 15860K->15860K(1064960K)
[12.790s][info ][gc             ] GC(971) Pause Young (Allocation Failure) 36M->24M(54M) 0.661ms
[12.790s][info ][gc,cpu         ] GC(971) User=0.00s Sys=0.00s Real=0.00s
[12.791s][info ][gc,start       ] GC(972) Pause Young (Allocation Failure)
[12.791s][debug][gc,phases      ] GC(972) Scavenge 0.352ms
[12.791s][debug][gc,phases      ] GC(972) Reference Processing 0.020ms
[12.791s][debug][gc,phases      ] GC(972) Weak Processing 0.010ms
[12.791s][debug][gc,phases      ] GC(972) Scrub String Table 0.068ms
[12.791s][debug][gc,age         ] GC(972) Desired survivor size 4194304 bytes, new threshold 1 (max threshold 15)
[12.791s][info ][gc,heap        ] GC(972) PSYoungGen: 15752K->2599K(17408K)
[12.791s][info ][gc,heap        ] GC(972) ParOldGen: 22682K->22682K(38400K)
[12.791s][info ][gc,metaspace   ] GC(972) Metaspace: 15860K->15860K(1064960K)
[12.791s][info ][gc             ] GC(972) Pause Young (Allocation Failure) 37M->24M(54M) 0.634ms
[12.791s][info ][gc,cpu         ] GC(972) User=0.00s Sys=0.00s Real=0.00s
[12.792s][info ][gc,start       ] GC(973) Pause Young (Allocation Failure)
[12.793s][debug][gc,phases      ] GC(973) Scavenge 0.876ms
[12.793s][debug][gc,phases      ] GC(973) Reference Processing 0.020ms
[12.793s][debug][gc,phases      ] GC(973) Weak Processing 0.011ms
[12.793s][debug][gc,phases      ] GC(973) Scrub String Table 0.068ms
[12.793s][debug][gc,age         ] GC(973) Desired survivor size 4194304 bytes, new threshold 1 (max threshold 15)
[12.793s][info ][gc,heap        ] GC(973) PSYoungGen: 15752K->2958K(17408K)
[12.793s][info ][gc,heap        ] GC(973) ParOldGen: 22682K->22682K(38400K)
[12.793s][info ][gc,metaspace   ] GC(973) Metaspace: 15860K->15860K(1064960K)
[12.793s][info ][gc             ] GC(973) Pause Young (Allocation Failure) 37M->25M(54M) 1.163ms
[12.793s][info ][gc,cpu         ] GC(973) User=0.00s Sys=0.00s Real=0.00s
[12.794s][info ][gc,start       ] GC(974) Pause Young (Allocation Failure)
[12.795s][debug][gc,phases      ] GC(974) Scavenge 0.342ms
[12.795s][debug][gc,phases      ] GC(974) Reference Processing 0.022ms
[12.795s][debug][gc,phases      ] GC(974) Weak Processing 0.010ms
[12.795s][debug][gc,phases      ] GC(974) Scrub String Table 0.069ms
[12.795s][debug][gc,age         ] GC(974) Desired survivor size 4194304 bytes, new threshold 1 (max threshold 15)
[12.795s][info ][gc,heap        ] GC(974) PSYoungGen: 16111K->2209K(17408K)
[12.795s][info ][gc,heap        ] GC(974) ParOldGen: 22682K->22682K(38400K)
[12.795s][info ][gc,metaspace   ] GC(974) Metaspace: 15860K->15860K(1064960K)
[12.795s][info ][gc             ] GC(974) Pause Young (Allocation Failure) 37M->24M(54M) 0.635ms
[12.795s][info ][gc,cpu         ] GC(974) User=0.00s Sys=0.00s Real=0.00s
[12.796s][info ][gc,start       ] GC(975) Pause Young (Allocation Failure)
[12.797s][debug][gc,phases      ] GC(975) Scavenge 0.474ms
[12.797s][debug][gc,phases      ] GC(975) Reference Processing 0.024ms
[12.797s][debug][gc,phases      ] GC(975) Weak Processing 0.012ms
[12.797s][debug][gc,phases      ] GC(975) Scrub String Table 0.074ms
[12.797s][debug][gc,age         ] GC(975) Desired survivor size 3670016 bytes, new threshold 1 (max threshold 15)
[12.797s][info ][gc,heap        ] GC(975) PSYoungGen: 15361K->2599K(16384K)
[12.797s][info ][gc,heap        ] GC(975) ParOldGen: 22682K->22682K(38400K)
[12.797s][info ][gc,metaspace   ] GC(975) Metaspace: 15860K->15860K(1064960K)
[12.797s][info ][gc             ] GC(975) Pause Young (Allocation Failure) 37M->24M(53M) 0.954ms
[12.797s][info ][gc,cpu         ] GC(975) User=0.00s Sys=0.01s Real=0.01s
[12.799s][info ][gc,start       ] GC(976) Pause Young (Allocation Failure)
[12.799s][debug][gc,phases      ] GC(976) Scavenge 0.383ms
[12.799s][debug][gc,phases      ] GC(976) Reference Processing 0.019ms
[12.799s][debug][gc,phases      ] GC(976) Weak Processing 0.013ms
[12.799s][debug][gc,phases      ] GC(976) Scrub String Table 0.078ms
[12.799s][debug][gc,age         ] GC(976) Desired survivor size 3670016 bytes, new threshold 1 (max threshold 15)
[12.799s][info ][gc,heap        ] GC(976) PSYoungGen: 15752K->1786K(16896K)
[12.799s][info ][gc,heap        ] GC(976) ParOldGen: 22682K->22682K(38400K)
[12.799s][info ][gc,metaspace   ] GC(976) Metaspace: 15860K->15860K(1064960K)
[12.799s][info ][gc             ] GC(976) Pause Young (Allocation Failure) 37M->23M(54M) 0.690ms
[12.799s][info ][gc,cpu         ] GC(976) User=0.01s Sys=0.00s Real=0.00s
[12.800s][info ][gc,start       ] GC(977) Pause Young (Allocation Failure)
[12.801s][debug][gc,phases      ] GC(977) Scavenge 0.344ms
[12.801s][debug][gc,phases      ] GC(977) Reference Processing 0.020ms
[12.801s][debug][gc,phases      ] GC(977) Weak Processing 0.010ms
[12.801s][debug][gc,phases      ] GC(977) Scrub String Table 0.068ms
[12.801s][debug][gc,age         ] GC(977) Desired survivor size 3670016 bytes, new threshold 1 (max threshold 15)
[12.801s][info ][gc,heap        ] GC(977) PSYoungGen: 14939K->2209K(17920K)
[12.801s][info ][gc,heap        ] GC(977) ParOldGen: 22682K->22682K(38400K)
[12.801s][info ][gc,metaspace   ] GC(977) Metaspace: 15860K->15860K(1064960K)
[12.801s][info ][gc             ] GC(977) Pause Young (Allocation Failure) 36M->24M(55M) 0.629ms
[12.801s][info ][gc,cpu         ] GC(977) User=0.00s Sys=0.00s Real=0.00s
[12.802s][info ][gc,start       ] GC(978) Pause Young (Allocation Failure)
[12.803s][debug][gc,phases      ] GC(978) Scavenge 0.515ms
[12.803s][debug][gc,phases      ] GC(978) Reference Processing 0.019ms
[12.803s][debug][gc,phases      ] GC(978) Weak Processing 0.010ms
[12.803s][debug][gc,phases      ] GC(978) Scrub String Table 0.068ms
[12.803s][debug][gc,age         ] GC(978) Desired survivor size 3670016 bytes, new threshold 1 (max threshold 15)
[12.803s][info ][gc,heap        ] GC(978) PSYoungGen: 16163K->2567K(17920K)
[12.803s][info ][gc,heap        ] GC(978) ParOldGen: 22682K->22690K(38400K)
[12.803s][info ][gc,metaspace   ] GC(978) Metaspace: 15860K->15860K(1064960K)
[12.803s][info ][gc             ] GC(978) Pause Young (Allocation Failure) 37M->24M(55M) 0.799ms
[12.803s][info ][gc,cpu         ] GC(978) User=0.00s Sys=0.00s Real=0.00s
[12.804s][info ][gc,start       ] GC(979) Pause Young (Allocation Failure)
[12.804s][debug][gc,phases      ] GC(979) Scavenge 0.373ms
[12.804s][debug][gc,phases      ] GC(979) Reference Processing 0.019ms
[12.804s][debug][gc,phases      ] GC(979) Weak Processing 0.010ms
[12.804s][debug][gc,phases      ] GC(979) Scrub String Table 0.068ms
[12.804s][debug][gc,age         ] GC(979) Desired survivor size 3670016 bytes, new threshold 1 (max threshold 15)
[12.804s][info ][gc,heap        ] GC(979) PSYoungGen: 16521K->2599K(17920K)
[12.804s][info ][gc,heap        ] GC(979) ParOldGen: 22690K->22690K(38400K)
[12.804s][info ][gc,metaspace   ] GC(979) Metaspace: 15860K->15860K(1064960K)
[12.804s][info ][gc             ] GC(979) Pause Young (Allocation Failure) 38M->24M(55M) 0.654ms
[12.805s][info ][gc,cpu         ] GC(979) User=0.00s Sys=0.00s Real=0.00s
[12.806s][info ][gc,start       ] GC(980) Pause Young (Allocation Failure)
[12.806s][debug][gc,phases      ] GC(980) Scavenge 0.367ms
[12.806s][debug][gc,phases      ] GC(980) Reference Processing 0.020ms
[12.806s][debug][gc,phases      ] GC(980) Weak Processing 0.010ms
[12.806s][debug][gc,phases      ] GC(980) Scrub String Table 0.069ms
[12.806s][debug][gc,age         ] GC(980) Desired survivor size 3670016 bytes, new threshold 1 (max threshold 15)
[12.806s][info ][gc,heap        ] GC(980) PSYoungGen: 16553K->2990K(17920K)
[12.806s][info ][gc,heap        ] GC(980) ParOldGen: 22690K->22698K(38400K)
[12.806s][info ][gc,metaspace   ] GC(980) Metaspace: 15860K->15860K(1064960K)
[12.806s][info ][gc             ] GC(980) Pause Young (Allocation Failure) 38M->25M(55M) 0.656ms
[12.806s][info ][gc,cpu         ] GC(980) User=0.00s Sys=0.00s Real=0.00s
[12.807s][info ][gc,start       ] GC(981) Pause Young (Allocation Failure)
[12.808s][debug][gc,phases      ] GC(981) Scavenge 0.909ms
[12.809s][debug][gc,phases      ] GC(981) Reference Processing 0.020ms
[12.809s][debug][gc,phases      ] GC(981) Weak Processing 0.010ms
[12.809s][debug][gc,phases      ] GC(981) Scrub String Table 0.068ms
[12.809s][debug][gc,age         ] GC(981) Desired survivor size 3670016 bytes, new threshold 1 (max threshold 15)
[12.809s][info ][gc,heap        ] GC(981) PSYoungGen: 17326K->2926K(17920K)
[12.809s][info ][gc,heap        ] GC(981) ParOldGen: 22698K->23105K(38400K)
[12.809s][info ][gc,metaspace   ] GC(981) Metaspace: 15860K->15860K(1064960K)
[12.809s][info ][gc             ] GC(981) Pause Young (Allocation Failure) 39M->25M(55M) 1.228ms
[12.809s][info ][gc,cpu         ] GC(981) User=0.00s Sys=0.00s Real=0.00s
[12.810s][info ][gc,start       ] GC(982) Pause Young (Allocation Failure)
[12.810s][debug][gc,phases      ] GC(982) Scavenge 0.463ms
[12.810s][debug][gc,phases      ] GC(982) Reference Processing 0.021ms
[12.810s][debug][gc,phases      ] GC(982) Weak Processing 0.010ms
[12.810s][debug][gc,phases      ] GC(982) Scrub String Table 0.069ms
[12.810s][debug][gc,age         ] GC(982) Desired survivor size 4194304 bytes, new threshold 1 (max threshold 15)
[12.810s][info ][gc,heap        ] GC(982) PSYoungGen: 16880K->2958K(17408K)
[12.810s][info ][gc,heap        ] GC(982) ParOldGen: 23105K->23105K(38400K)
[12.810s][info ][gc,metaspace   ] GC(982) Metaspace: 15860K->15860K(1064960K)
[12.810s][info ][gc             ] GC(982) Pause Young (Allocation Failure) 39M->25M(54M) 0.760ms
[12.810s][info ][gc,cpu         ] GC(982) User=0.00s Sys=0.00s Real=0.00s
[12.812s][info ][gc,start       ] GC(983) Pause Young (Allocation Failure)
[12.812s][debug][gc,phases      ] GC(983) Scavenge 0.419ms
[12.812s][debug][gc,phases      ] GC(983) Reference Processing 0.020ms
[12.812s][debug][gc,phases      ] GC(983) Weak Processing 0.010ms
[12.812s][debug][gc,phases      ] GC(983) Scrub String Table 0.069ms
[12.812s][debug][gc,age         ] GC(983) Desired survivor size 4194304 bytes, new threshold 1 (max threshold 15)
[12.812s][info ][gc,heap        ] GC(983) PSYoungGen: 16912K->2990K(17408K)
[12.812s][info ][gc,heap        ] GC(983) ParOldGen: 23105K->23113K(38400K)
[12.812s][info ][gc,metaspace   ] GC(983) Metaspace: 15860K->15860K(1064960K)
[12.812s][info ][gc             ] GC(983) Pause Young (Allocation Failure) 39M->25M(54M) 0.711ms
[12.812s][info ][gc,cpu         ] GC(983) User=0.00s Sys=0.00s Real=0.00s
[12.813s][info ][gc,start       ] GC(984) Pause Young (Allocation Failure)
[12.815s][debug][gc,phases      ] GC(984) Scavenge 1.273ms
[12.815s][debug][gc,phases      ] GC(984) Reference Processing 0.020ms
[12.815s][debug][gc,phases      ] GC(984) Weak Processing 0.011ms
[12.815s][debug][gc,phases      ] GC(984) Scrub String Table 0.069ms
[12.815s][debug][gc,age         ] GC(984) Desired survivor size 4194304 bytes, new threshold 1 (max threshold 15)
[12.815s][info ][gc,heap        ] GC(984) PSYoungGen: 16143K->3317K(17408K)
[12.815s][info ][gc,heap        ] GC(984) ParOldGen: 23113K->23113K(38400K)
[12.815s][info ][gc,metaspace   ] GC(984) Metaspace: 15860K->15860K(1064960K)
[12.815s][info ][gc             ] GC(984) Pause Young (Allocation Failure) 38M->25M(54M) 1.570ms
[12.815s][info ][gc,cpu         ] GC(984) User=0.00s Sys=0.00s Real=0.00s
[12.816s][info ][gc,start       ] GC(985) Pause Young (Allocation Failure)
[12.817s][debug][gc,phases      ] GC(985) Scavenge 0.455ms
[12.817s][debug][gc,phases      ] GC(985) Reference Processing 0.019ms
[12.817s][debug][gc,phases      ] GC(985) Weak Processing 0.010ms
[12.817s][debug][gc,phases      ] GC(985) Scrub String Table 0.068ms
[12.817s][debug][gc,age         ] GC(985) Desired survivor size 4194304 bytes, new threshold 1 (max threshold 15)
[12.817s][info ][gc,heap        ] GC(985) PSYoungGen: 16469K->3381K(17408K)
[12.817s][info ][gc,heap        ] GC(985) ParOldGen: 23113K->23113K(38400K)
[12.817s][info ][gc,metaspace   ] GC(985) Metaspace: 15860K->15860K(1064960K)
[12.817s][info ][gc             ] GC(985) Pause Young (Allocation Failure) 38M->25M(54M) 0.736ms
[12.817s][info ][gc,cpu         ] GC(985) User=0.00s Sys=0.00s Real=0.00s
[12.818s][info ][gc,start       ] GC(986) Pause Young (Allocation Failure)
[12.819s][debug][gc,phases      ] GC(986) Scavenge 0.403ms
[12.819s][debug][gc,phases      ] GC(986) Reference Processing 0.020ms
[12.819s][debug][gc,phases      ] GC(986) Weak Processing 0.010ms
[12.819s][debug][gc,phases      ] GC(986) Scrub String Table 0.068ms
[12.819s][debug][gc,age         ] GC(986) Desired survivor size 4194304 bytes, new threshold 1 (max threshold 15)
[12.819s][info ][gc,heap        ] GC(986) PSYoungGen: 16533K->2209K(17408K)
[12.819s][info ][gc,heap        ] GC(986) ParOldGen: 23113K->23113K(38400K)
[12.819s][info ][gc,metaspace   ] GC(986) Metaspace: 15860K->15860K(1064960K)
[12.819s][info ][gc             ] GC(986) Pause Young (Allocation Failure) 38M->24M(54M) 0.691ms
[12.819s][info ][gc,cpu         ] GC(986) User=0.00s Sys=0.00s Real=0.00s
[12.820s][info ][gc,start       ] GC(987) Pause Young (Allocation Failure)
[12.821s][debug][gc,phases      ] GC(987) Scavenge 0.447ms
[12.821s][debug][gc,phases      ] GC(987) Reference Processing 0.019ms
[12.821s][debug][gc,phases      ] GC(987) Weak Processing 0.013ms
[12.821s][debug][gc,phases      ] GC(987) Scrub String Table 0.078ms
[12.821s][debug][gc,age         ] GC(987) Desired survivor size 4194304 bytes, new threshold 1 (max threshold 15)
[12.821s][info ][gc,heap        ] GC(987) PSYoungGen: 15361K->2990K(17408K)
[12.821s][info ][gc,heap        ] GC(987) ParOldGen: 23113K->23113K(38400K)
[12.821s][info ][gc,metaspace   ] GC(987) Metaspace: 15860K->15860K(1064960K)
[12.821s][info ][gc             ] GC(987) Pause Young (Allocation Failure) 37M->25M(54M) 0.750ms
[12.821s][info ][gc,cpu         ] GC(987) User=0.00s Sys=0.00s Real=0.00s
[12.822s][info ][gc,start       ] GC(988) Pause Young (Allocation Failure)
[12.822s][debug][gc,phases      ] GC(988) Scavenge 0.352ms
[12.822s][debug][gc,phases      ] GC(988) Reference Processing 0.019ms
[12.822s][debug][gc,phases      ] GC(988) Weak Processing 0.010ms
[12.822s][debug][gc,phases      ] GC(988) Scrub String Table 0.069ms
[12.822s][debug][gc,age         ] GC(988) Desired survivor size 4194304 bytes, new threshold 1 (max threshold 15)
[12.822s][info ][gc,heap        ] GC(988) PSYoungGen: 16143K->2958K(17408K)
[12.822s][info ][gc,heap        ] GC(988) ParOldGen: 23113K->23113K(38400K)
[12.822s][info ][gc,metaspace   ] GC(988) Metaspace: 15860K->15860K(1064960K)
[12.822s][info ][gc             ] GC(988) Pause Young (Allocation Failure) 38M->25M(54M) 0.629ms
[12.822s][info ][gc,cpu         ] GC(988) User=0.00s Sys=0.00s Real=0.00s
[12.824s][info ][gc,start       ] GC(989) Pause Young (Allocation Failure)
[12.824s][debug][gc,phases      ] GC(989) Scavenge 0.437ms
[12.824s][debug][gc,phases      ] GC(989) Reference Processing 0.034ms
[12.824s][debug][gc,phases      ] GC(989) Weak Processing 0.013ms
[12.824s][debug][gc,phases      ] GC(989) Scrub String Table 0.079ms
[12.824s][debug][gc,age         ] GC(989) Desired survivor size 4194304 bytes, new threshold 1 (max threshold 15)
[12.824s][info ][gc,heap        ] GC(989) PSYoungGen: 16111K->2599K(17408K)
[12.824s][info ][gc,heap        ] GC(989) ParOldGen: 23113K->23511K(38400K)
[12.824s][info ][gc,metaspace   ] GC(989) Metaspace: 15860K->15860K(1064960K)
[12.824s][info ][gc             ] GC(989) Pause Young (Allocation Failure) 38M->25M(54M) 0.755ms
[12.824s][info ][gc,cpu         ] GC(989) User=0.00s Sys=0.00s Real=0.00s
[12.825s][info ][gc,start       ] GC(990) Pause Young (Allocation Failure)
[12.826s][debug][gc,phases      ] GC(990) Scavenge 0.344ms
[12.826s][debug][gc,phases      ] GC(990) Reference Processing 0.020ms
[12.826s][debug][gc,phases      ] GC(990) Weak Processing 0.010ms
[12.826s][debug][gc,phases      ] GC(990) Scrub String Table 0.069ms
[12.826s][debug][gc,age         ] GC(990) Desired survivor size 4194304 bytes, new threshold 1 (max threshold 15)
[12.826s][info ][gc,heap        ] GC(990) PSYoungGen: 15752K->2990K(17408K)
[12.826s][info ][gc,heap        ] GC(990) ParOldGen: 23511K->23511K(38400K)
[12.826s][info ][gc,metaspace   ] GC(990) Metaspace: 15860K->15860K(1064960K)
[12.826s][info ][gc             ] GC(990) Pause Young (Allocation Failure) 38M->25M(54M) 0.629ms
[12.826s][info ][gc,cpu         ] GC(990) User=0.01s Sys=0.01s Real=0.00s
[12.827s][info ][gc,start       ] GC(991) Pause Young (Allocation Failure)
[12.828s][debug][gc,phases      ] GC(991) Scavenge 0.449ms
[12.828s][debug][gc,phases      ] GC(991) Reference Processing 0.020ms
[12.828s][debug][gc,phases      ] GC(991) Weak Processing 0.010ms
[12.828s][debug][gc,phases      ] GC(991) Scrub String Table 0.069ms
[12.828s][debug][gc,age         ] GC(991) Desired survivor size 4194304 bytes, new threshold 1 (max threshold 15)
[12.828s][info ][gc,heap        ] GC(991) PSYoungGen: 16143K->2567K(17408K)
[12.828s][info ][gc,heap        ] GC(991) ParOldGen: 23511K->23519K(38400K)
[12.828s][info ][gc,metaspace   ] GC(991) Metaspace: 15860K->15860K(1064960K)
[12.828s][info ][gc             ] GC(991) Pause Young (Allocation Failure) 38M->25M(54M) 0.759ms
[12.828s][info ][gc,cpu         ] GC(991) User=0.01s Sys=0.00s Real=0.00s
[12.829s][info ][gc,start       ] GC(992) Pause Young (Allocation Failure)
[12.829s][debug][gc,phases      ] GC(992) Scavenge 0.400ms
[12.829s][debug][gc,phases      ] GC(992) Reference Processing 0.020ms
[12.829s][debug][gc,phases      ] GC(992) Weak Processing 0.011ms
[12.830s][debug][gc,phases      ] GC(992) Scrub String Table 0.070ms
[12.830s][debug][gc,age         ] GC(992) Desired survivor size 4194304 bytes, new threshold 1 (max threshold 15)
[12.830s][info ][gc,heap        ] GC(992) PSYoungGen: 15684K->2145K(17408K)
[12.830s][info ][gc,heap        ] GC(992) ParOldGen: 23519K->23926K(38400K)
[12.830s][info ][gc,metaspace   ] GC(992) Metaspace: 15860K->15860K(1064960K)
[12.830s][info ][gc             ] GC(992) Pause Young (Allocation Failure) 38M->25M(54M) 0.682ms
[12.830s][info ][gc,cpu         ] GC(992) User=0.00s Sys=0.00s Real=0.00s
[12.831s][info ][gc,start       ] GC(993) Pause Young (Allocation Failure)
[12.832s][debug][gc,phases      ] GC(993) Scavenge 1.136ms
[12.832s][debug][gc,phases      ] GC(993) Reference Processing 0.020ms
[12.832s][debug][gc,phases      ] GC(993) Weak Processing 0.011ms
[12.832s][debug][gc,phases      ] GC(993) Scrub String Table 0.069ms
[12.832s][debug][gc,age         ] GC(993) Desired survivor size 4194304 bytes, new threshold 1 (max threshold 15)
[12.832s][info ][gc,heap        ] GC(993) PSYoungGen: 15310K->2567K(17408K)
[12.832s][info ][gc,heap        ] GC(993) ParOldGen: 23926K->23926K(38400K)
[12.832s][info ][gc,metaspace   ] GC(993) Metaspace: 15860K->15860K(1064960K)
[12.832s][info ][gc             ] GC(993) Pause Young (Allocation Failure) 38M->25M(54M) 1.426ms
[12.832s][info ][gc,cpu         ] GC(993) User=0.01s Sys=0.00s Real=0.00s
[12.834s][info ][gc,start       ] GC(994) Pause Young (Allocation Failure)
[12.834s][debug][gc,phases      ] GC(994) Scavenge 0.468ms
[12.834s][debug][gc,phases      ] GC(994) Reference Processing 0.024ms
[12.834s][debug][gc,phases      ] GC(994) Weak Processing 0.014ms
[12.834s][debug][gc,phases      ] GC(994) Scrub String Table 0.079ms
[12.834s][debug][gc,age         ] GC(994) Desired survivor size 4194304 bytes, new threshold 1 (max threshold 15)
[12.834s][info ][gc,heap        ] GC(994) PSYoungGen: 15728K->3381K(17408K)
[12.834s][info ][gc,heap        ] GC(994) ParOldGen: 23926K->23934K(38400K)
[12.834s][info ][gc,metaspace   ] GC(994) Metaspace: 15860K->15860K(1064960K)
[12.834s][info ][gc             ] GC(994) Pause Young (Allocation Failure) 38M->26M(54M) 0.792ms
[12.834s][info ][gc,cpu         ] GC(994) User=0.01s Sys=0.00s Real=0.00s
[12.835s][info ][gc,start       ] GC(995) Pause Young (Allocation Failure)
[12.836s][debug][gc,phases      ] GC(995) Scavenge 0.838ms
[12.836s][debug][gc,phases      ] GC(995) Reference Processing 0.038ms
[12.837s][debug][gc,phases      ] GC(995) Weak Processing 0.011ms
[12.837s][debug][gc,phases      ] GC(995) Scrub String Table 0.069ms
[12.837s][debug][gc,age         ] GC(995) Desired survivor size 4194304 bytes, new threshold 1 (max threshold 15)
[12.837s][info ][gc,heap        ] GC(995) PSYoungGen: 16538K->2926K(17408K)
[12.837s][info ][gc,heap        ] GC(995) ParOldGen: 23934K->23934K(38400K)
[12.837s][info ][gc,metaspace   ] GC(995) Metaspace: 15860K->15860K(1064960K)
[12.837s][info ][gc             ] GC(995) Pause Young (Allocation Failure) 39M->26M(54M) 1.173ms
[12.837s][info ][gc,cpu         ] GC(995) User=0.01s Sys=0.00s Real=0.01s
[12.838s][info ][gc,start       ] GC(996) Pause Young (Allocation Failure)
[12.838s][debug][gc,phases      ] GC(996) Scavenge 0.408ms
[12.838s][debug][gc,phases      ] GC(996) Reference Processing 0.022ms
[12.838s][debug][gc,phases      ] GC(996) Weak Processing 0.010ms
[12.838s][debug][gc,phases      ] GC(996) Scrub String Table 0.068ms
[12.838s][debug][gc,age         ] GC(996) Desired survivor size 4194304 bytes, new threshold 1 (max threshold 15)
[12.838s][info ][gc,heap        ] GC(996) PSYoungGen: 16082K->2958K(17408K)
[12.838s][info ][gc,heap        ] GC(996) ParOldGen: 23934K->23934K(38400K)
[12.838s][info ][gc,metaspace   ] GC(996) Metaspace: 15860K->15860K(1064960K)
[12.838s][info ][gc             ] GC(996) Pause Young (Allocation Failure) 39M->26M(54M) 0.704ms
[12.838s][info ][gc,cpu         ] GC(996) User=0.01s Sys=0.00s Real=0.00s
[12.840s][info ][gc,start       ] GC(997) Pause Young (Allocation Failure)
[12.840s][debug][gc,phases      ] GC(997) Scavenge 0.454ms
[12.840s][debug][gc,phases      ] GC(997) Reference Processing 0.021ms
[12.840s][debug][gc,phases      ] GC(997) Weak Processing 0.010ms
[12.840s][debug][gc,phases      ] GC(997) Scrub String Table 0.068ms
[12.840s][debug][gc,age         ] GC(997) Desired survivor size 4194304 bytes, new threshold 1 (max threshold 15)
[12.840s][info ][gc,heap        ] GC(997) PSYoungGen: 16113K->2209K(17408K)
[12.840s][info ][gc,heap        ] GC(997) ParOldGen: 23934K->23934K(38400K)
[12.840s][info ][gc,metaspace   ] GC(997) Metaspace: 15860K->15860K(1064960K)
[12.840s][info ][gc             ] GC(997) Pause Young (Allocation Failure) 39M->25M(54M) 0.735ms
[12.840s][info ][gc,cpu         ] GC(997) User=0.00s Sys=0.00s Real=0.00s
[12.841s][info ][gc,start       ] GC(998) Pause Young (Allocation Failure)
[12.842s][debug][gc,phases      ] GC(998) Scavenge 0.361ms
[12.842s][debug][gc,phases      ] GC(998) Reference Processing 0.019ms
[12.842s][debug][gc,phases      ] GC(998) Weak Processing 0.011ms
[12.842s][debug][gc,phases      ] GC(998) Scrub String Table 0.069ms
[12.842s][debug][gc,age         ] GC(998) Desired survivor size 4194304 bytes, new threshold 1 (max threshold 15)
[12.842s][info ][gc,heap        ] GC(998) PSYoungGen: 15363K->2567K(17408K)
[12.842s][info ][gc,heap        ] GC(998) ParOldGen: 23934K->23934K(38400K)
[12.842s][info ][gc,metaspace   ] GC(998) Metaspace: 15860K->15860K(1064960K)
[12.842s][info ][gc             ] GC(998) Pause Young (Allocation Failure) 38M->25M(54M) 0.616ms
[12.842s][info ][gc,cpu         ] GC(998) User=0.00s Sys=0.00s Real=0.00s
[12.843s][info ][gc,start       ] GC(999) Pause Young (Allocation Failure)
[12.844s][debug][gc,phases      ] GC(999) Scavenge 0.406ms
[12.844s][debug][gc,phases      ] GC(999) Reference Processing 0.021ms
[12.844s][debug][gc,phases      ] GC(999) Weak Processing 0.010ms
[12.844s][debug][gc,phases      ] GC(999) Scrub String Table 0.069ms
[12.844s][debug][gc,age         ] GC(999) Desired survivor size 3670016 bytes, new threshold 1 (max threshold 15)
[12.844s][info ][gc,heap        ] GC(999) PSYoungGen: 15721K->2599K(16384K)
[12.844s][info ][gc,heap        ] GC(999) ParOldGen: 23934K->23934K(38400K)
[12.844s][info ][gc,metaspace   ] GC(999) Metaspace: 15860K->15860K(1064960K)
[12.844s][info ][gc             ] GC(999) Pause Young (Allocation Failure) 38M->25M(53M) 0.784ms
[12.844s][info ][gc,cpu         ] GC(999) User=0.00s Sys=0.00s Real=0.00s
[12.845s][info ][gc,start       ] GC(1000) Pause Young (Allocation Failure)
[12.845s][debug][gc,phases      ] GC(1000) Scavenge 0.405ms
[12.845s][debug][gc,phases      ] GC(1000) Reference Processing 0.020ms
[12.845s][debug][gc,phases      ] GC(1000) Weak Processing 0.011ms
[12.845s][debug][gc,phases      ] GC(1000) Scrub String Table 0.069ms
[12.845s][debug][gc,age         ] GC(1000) Desired survivor size 4194304 bytes, new threshold 1 (max threshold 15)
[12.845s][info ][gc,heap        ] GC(1000) PSYoungGen: 15721K->941K(16896K)
[12.845s][info ][gc,heap        ] GC(1000) ParOldGen: 23934K->24747K(38400K)
[12.845s][info ][gc,metaspace   ] GC(1000) Metaspace: 15860K->15860K(1064960K)
[12.845s][info ][gc             ] GC(1000) Pause Young (Allocation Failure) 38M->25M(54M) 0.704ms
[12.845s][info ][gc,cpu         ] GC(1000) User=0.00s Sys=0.00s Real=0.00s
[12.846s][info ][gc,start       ] GC(1001) Pause Young (Allocation Failure)
[12.847s][debug][gc,phases      ] GC(1001) Scavenge 0.667ms
[12.847s][debug][gc,phases      ] GC(1001) Reference Processing 0.031ms
[12.847s][debug][gc,phases      ] GC(1001) Weak Processing 0.017ms
[12.847s][debug][gc,phases      ] GC(1001) Scrub String Table 0.090ms
[12.847s][debug][gc,age         ] GC(1001) Desired survivor size 4194304 bytes, new threshold 1 (max threshold 15)
[12.847s][info ][gc,heap        ] GC(1001) PSYoungGen: 14025K->2145K(17408K)
[12.847s][info ][gc,heap        ] GC(1001) ParOldGen: 24747K->25154K(38400K)
[12.847s][info ][gc,metaspace   ] GC(1001) Metaspace: 15860K->15860K(1064960K)
[12.847s][info ][gc             ] GC(1001) Pause Young (Allocation Failure) 37M->26M(54M) 1.060ms
[12.848s][info ][gc,cpu         ] GC(1001) User=0.01s Sys=0.00s Real=0.00s
[12.849s][info ][gc,start       ] GC(1002) Pause Young (Allocation Failure)
[12.849s][debug][gc,phases      ] GC(1002) Scavenge 0.303ms
[12.849s][debug][gc,phases      ] GC(1002) Reference Processing 0.020ms
[12.849s][debug][gc,phases      ] GC(1002) Weak Processing 0.010ms
[12.849s][debug][gc,phases      ] GC(1002) Scrub String Table 0.068ms
[12.849s][debug][gc,age         ] GC(1002) Desired survivor size 4194304 bytes, new threshold 1 (max threshold 15)
[12.849s][info ][gc,heap        ] GC(1002) PSYoungGen: 15299K->1754K(17408K)
[12.849s][info ][gc,heap        ] GC(1002) ParOldGen: 25154K->25170K(38400K)
[12.849s][info ][gc,metaspace   ] GC(1002) Metaspace: 15860K->15860K(1064960K)
[12.849s][info ][gc             ] GC(1002) Pause Young (Allocation Failure) 39M->26M(54M) 0.584ms
[12.849s][info ][gc,cpu         ] GC(1002) User=0.00s Sys=0.00s Real=0.00s
[12.850s][info ][gc,start       ] GC(1003) Pause Young (Allocation Failure)
[12.851s][debug][gc,phases      ] GC(1003) Scavenge 0.295ms
[12.851s][debug][gc,phases      ] GC(1003) Reference Processing 0.019ms
[12.851s][debug][gc,phases      ] GC(1003) Weak Processing 0.011ms
[12.851s][debug][gc,phases      ] GC(1003) Scrub String Table 0.068ms
[12.851s][debug][gc,age         ] GC(1003) Desired survivor size 4194304 bytes, new threshold 1 (max threshold 15)
[12.851s][info ][gc,heap        ] GC(1003) PSYoungGen: 14911K->1818K(17408K)
[12.851s][info ][gc,heap        ] GC(1003) ParOldGen: 25170K->25194K(38400K)
[12.851s][info ][gc,metaspace   ] GC(1003) Metaspace: 15860K->15860K(1064960K)
[12.851s][info ][gc             ] GC(1003) Pause Young (Allocation Failure) 39M->26M(54M) 0.564ms
[12.851s][info ][gc,cpu         ] GC(1003) User=0.00s Sys=0.00s Real=0.00s
[12.852s][info ][gc,start       ] GC(1004) Pause Young (Allocation Failure)
[12.852s][debug][gc,phases      ] GC(1004) Scavenge 0.366ms
[12.852s][debug][gc,phases      ] GC(1004) Reference Processing 0.020ms
[12.852s][debug][gc,phases      ] GC(1004) Weak Processing 0.010ms
[12.852s][debug][gc,phases      ] GC(1004) Scrub String Table 0.068ms
[12.852s][debug][gc,age         ] GC(1004) Desired survivor size 4194304 bytes, new threshold 1 (max threshold 15)
[12.852s][info ][gc,heap        ] GC(1004) PSYoungGen: 15005K->2209K(17408K)
[12.852s][info ][gc,heap        ] GC(1004) ParOldGen: 25194K->25202K(38400K)
[12.852s][info ][gc,metaspace   ] GC(1004) Metaspace: 15860K->15860K(1064960K)
[12.852s][info ][gc             ] GC(1004) Pause Young (Allocation Failure) 39M->26M(54M) 0.655ms
[12.853s][info ][gc,cpu         ] GC(1004) User=0.00s Sys=0.00s Real=0.00s
[12.854s][info ][gc,start       ] GC(1005) Pause Young (Allocation Failure)
[12.854s][debug][gc,phases      ] GC(1005) Scavenge 0.444ms
[12.854s][debug][gc,phases      ] GC(1005) Reference Processing 0.034ms
[12.854s][debug][gc,phases      ] GC(1005) Weak Processing 0.010ms
[12.854s][debug][gc,phases      ] GC(1005) Scrub String Table 0.069ms
[12.854s][debug][gc,age         ] GC(1005) Desired survivor size 4194304 bytes, new threshold 1 (max threshold 15)
[12.854s][info ][gc,heap        ] GC(1005) PSYoungGen: 15383K->2990K(17408K)
[12.854s][info ][gc,heap        ] GC(1005) ParOldGen: 25202K->25210K(38400K)
[12.854s][info ][gc,metaspace   ] GC(1005) Metaspace: 15860K->15860K(1064960K)
[12.854s][info ][gc             ] GC(1005) Pause Young (Allocation Failure) 39M->27M(54M) 0.756ms
[12.854s][info ][gc,cpu         ] GC(1005) User=0.01s Sys=0.00s Real=0.00s
[12.855s][info ][gc,start       ] GC(1006) Pause Young (Allocation Failure)
[12.856s][debug][gc,phases      ] GC(1006) Scavenge 0.396ms
[12.856s][debug][gc,phases      ] GC(1006) Reference Processing 0.022ms
[12.856s][debug][gc,phases      ] GC(1006) Weak Processing 0.010ms
[12.856s][debug][gc,phases      ] GC(1006) Scrub String Table 0.068ms
[12.856s][debug][gc,age         ] GC(1006) Desired survivor size 4194304 bytes, new threshold 1 (max threshold 15)
[12.856s][info ][gc,heap        ] GC(1006) PSYoungGen: 16157K->2990K(17408K)
[12.856s][info ][gc,heap        ] GC(1006) ParOldGen: 25210K->25210K(38400K)
[12.856s][info ][gc,metaspace   ] GC(1006) Metaspace: 15860K->15860K(1064960K)
[12.856s][info ][gc             ] GC(1006) Pause Young (Allocation Failure) 40M->27M(54M) 0.693ms
[12.856s][info ][gc,cpu         ] GC(1006) User=0.01s Sys=0.01s Real=0.00s
[12.857s][info ][gc,start       ] GC(1007) Pause Young (Allocation Failure)
[12.857s][debug][gc,phases      ] GC(1007) Scavenge 0.471ms
[12.858s][debug][gc,phases      ] GC(1007) Reference Processing 0.022ms
[12.858s][debug][gc,phases      ] GC(1007) Weak Processing 0.011ms
[12.858s][debug][gc,phases      ] GC(1007) Scrub String Table 0.071ms
[12.858s][debug][gc,age         ] GC(1007) Desired survivor size 4194304 bytes, new threshold 1 (max threshold 15)
[12.858s][info ][gc,heap        ] GC(1007) PSYoungGen: 16082K->1754K(17408K)
[12.858s][info ][gc,heap        ] GC(1007) ParOldGen: 25210K->26023K(38400K)
[12.858s][info ][gc,metaspace   ] GC(1007) Metaspace: 15860K->15860K(1064960K)
[12.858s][info ][gc             ] GC(1007) Pause Young (Allocation Failure) 40M->27M(54M) 0.781ms
[12.858s][info ][gc,cpu         ] GC(1007) User=0.00s Sys=0.00s Real=0.00s
[12.859s][info ][gc,start       ] GC(1008) Pause Young (Allocation Failure)
[12.859s][debug][gc,phases      ] GC(1008) Scavenge 0.447ms
[12.859s][debug][gc,phases      ] GC(1008) Reference Processing 0.019ms
[12.859s][debug][gc,phases      ] GC(1008) Weak Processing 0.010ms
[12.859s][debug][gc,phases      ] GC(1008) Scrub String Table 0.068ms
[12.859s][debug][gc,age         ] GC(1008) Desired survivor size 4194304 bytes, new threshold 1 (max threshold 15)
[12.859s][info ][gc,heap        ] GC(1008) PSYoungGen: 14862K->1786K(17408K)
[12.859s][info ][gc,heap        ] GC(1008) ParOldGen: 26023K->26430K(38400K)
[12.859s][info ][gc,metaspace   ] GC(1008) Metaspace: 15860K->15860K(1064960K)
[12.859s][info ][gc             ] GC(1008) Pause Young (Allocation Failure) 39M->27M(54M) 0.719ms
[12.859s][info ][gc,cpu         ] GC(1008) User=0.00s Sys=0.00s Real=0.00s
[12.860s][info ][gc,start       ] GC(1009) Pause Young (Allocation Failure)
[12.861s][debug][gc,phases      ] GC(1009) Scavenge 0.291ms
[12.861s][debug][gc,phases      ] GC(1009) Reference Processing 0.020ms
[12.861s][debug][gc,phases      ] GC(1009) Weak Processing 0.010ms
[12.861s][debug][gc,phases      ] GC(1009) Scrub String Table 0.068ms
[12.861s][debug][gc,age         ] GC(1009) Desired survivor size 4194304 bytes, new threshold 1 (max threshold 15)
[12.861s][info ][gc,heap        ] GC(1009) PSYoungGen: 14937K->1786K(17408K)
[12.861s][info ][gc,heap        ] GC(1009) ParOldGen: 26430K->26454K(38400K)
[12.861s][info ][gc,metaspace   ] GC(1009) Metaspace: 15860K->15860K(1064960K)
[12.861s][info ][gc             ] GC(1009) Pause Young (Allocation Failure) 40M->27M(54M) 0.575ms
[12.861s][info ][gc,cpu         ] GC(1009) User=0.00s Sys=0.00s Real=0.00s
[12.862s][info ][gc,start       ] GC(1010) Pause Young (Allocation Failure)
[12.863s][debug][gc,phases      ] GC(1010) Scavenge 0.453ms
[12.863s][debug][gc,phases      ] GC(1010) Reference Processing 0.022ms
[12.863s][debug][gc,phases      ] GC(1010) Weak Processing 0.011ms
[12.863s][debug][gc,phases      ] GC(1010) Scrub String Table 0.069ms
[12.863s][debug][gc,age         ] GC(1010) Desired survivor size 3670016 bytes, new threshold 1 (max threshold 15)
[12.863s][info ][gc,heap        ] GC(1010) PSYoungGen: 14946K->2209K(15872K)
[12.863s][info ][gc,heap        ] GC(1010) ParOldGen: 26454K->26470K(38400K)
[12.863s][info ][gc,metaspace   ] GC(1010) Metaspace: 15860K->15860K(1064960K)
[12.863s][info ][gc             ] GC(1010) Pause Young (Allocation Failure) 40M->28M(53M) 0.809ms
[12.863s][info ][gc,cpu         ] GC(1010) User=0.01s Sys=0.00s Real=0.00s
[12.864s][info ][gc,start       ] GC(1011) Pause Young (Allocation Failure)
[12.865s][debug][gc,phases      ] GC(1011) Scavenge 0.985ms
[12.865s][debug][gc,phases      ] GC(1011) Reference Processing 0.022ms
[12.865s][debug][gc,phases      ] GC(1011) Weak Processing 0.014ms
[12.865s][debug][gc,phases      ] GC(1011) Scrub String Table 0.079ms
[12.865s][debug][gc,age         ] GC(1011) Desired survivor size 4194304 bytes, new threshold 1 (max threshold 15)
[12.865s][info ][gc,heap        ] GC(1011) PSYoungGen: 15363K->1395K(16384K)
[12.865s][info ][gc,heap        ] GC(1011) ParOldGen: 26470K->26478K(38400K)
[12.865s][info ][gc,metaspace   ] GC(1011) Metaspace: 15860K->15860K(1064960K)
[12.865s][info ][gc             ] GC(1011) Pause Young (Allocation Failure) 40M->27M(53M) 1.321ms
[12.865s][info ][gc,cpu         ] GC(1011) User=0.01s Sys=0.00s Real=0.00s
[12.866s][info ][gc,start       ] GC(1012) Pause Young (Allocation Failure)
[12.867s][debug][gc,phases      ] GC(1012) Scavenge 1.054ms
[12.867s][debug][gc,phases      ] GC(1012) Reference Processing 0.021ms
[12.867s][debug][gc,phases      ] GC(1012) Weak Processing 0.014ms
[12.867s][debug][gc,phases      ] GC(1012) Scrub String Table 0.080ms
[12.867s][debug][gc,age         ] GC(1012) Desired survivor size 4194304 bytes, new threshold 1 (max threshold 15)
[12.867s][info ][gc,heap        ] GC(1012) PSYoungGen: 14189K->2567K(16896K)
[12.867s][info ][gc,heap        ] GC(1012) ParOldGen: 26478K->26486K(38400K)
[12.867s][info ][gc,metaspace   ] GC(1012) Metaspace: 15860K->15860K(1064960K)
[12.868s][info ][gc             ] GC(1012) Pause Young (Allocation Failure) 39M->28M(54M) 1.374ms
[12.868s][info ][gc,cpu         ] GC(1012) User=0.01s Sys=0.00s Real=0.01s
[12.869s][info ][gc,start       ] GC(1013) Pause Young (Allocation Failure)
[12.870s][debug][gc,phases      ] GC(1013) Scavenge 0.914ms
[12.870s][debug][gc,phases      ] GC(1013) Reference Processing 0.020ms
[12.870s][debug][gc,phases      ] GC(1013) Weak Processing 0.010ms
[12.870s][debug][gc,phases      ] GC(1013) Scrub String Table 0.068ms
[12.870s][debug][gc,age         ] GC(1013) Desired survivor size 4194304 bytes, new threshold 1 (max threshold 15)
[12.870s][info ][gc,heap        ] GC(1013) PSYoungGen: 15181K->845K(17408K)
[12.870s][info ][gc,heap        ] GC(1013) ParOldGen: 26486K->28096K(38400K)
[12.870s][info ][gc,metaspace   ] GC(1013) Metaspace: 15860K->15860K(1064960K)
[12.870s][info ][gc             ] GC(1013) Pause Young (Allocation Failure) 40M->28M(54M) 1.220ms
[12.870s][info ][gc,cpu         ] GC(1013) User=0.01s Sys=0.00s Real=0.00s
[12.871s][info ][gc,start       ] GC(1014) Pause Young (Allocation Failure)
[12.872s][debug][gc,phases      ] GC(1014) Scavenge 1.092ms
[12.872s][debug][gc,phases      ] GC(1014) Reference Processing 0.020ms
[12.872s][debug][gc,phases      ] GC(1014) Weak Processing 0.010ms
[12.872s][debug][gc,phases      ] GC(1014) Scrub String Table 0.068ms
[12.872s][debug][gc,age         ] GC(1014) Desired survivor size 4194304 bytes, new threshold 1 (max threshold 15)
[12.872s][info ][gc,heap        ] GC(1014) PSYoungGen: 14077K->2567K(17408K)
[12.872s][info ][gc,heap        ] GC(1014) ParOldGen: 28096K->28096K(38400K)
[12.872s][info ][gc,metaspace   ] GC(1014) Metaspace: 15860K->15860K(1064960K)
[12.872s][info ][gc             ] GC(1014) Pause Young (Allocation Failure) 41M->29M(54M) 1.383ms
[12.872s][info ][gc,cpu         ] GC(1014) User=0.01s Sys=0.00s Real=0.00s
[12.874s][info ][gc,start       ] GC(1015) Pause Young (Allocation Failure)
[12.875s][debug][gc,phases      ] GC(1015) Scavenge 1.354ms
[12.875s][debug][gc,phases      ] GC(1015) Reference Processing 0.021ms
[12.875s][debug][gc,phases      ] GC(1015) Weak Processing 0.011ms
[12.875s][debug][gc,phases      ] GC(1015) Scrub String Table 0.069ms
[12.875s][debug][gc,age         ] GC(1015) Desired survivor size 4718592 bytes, new threshold 1 (max threshold 15)
[12.875s][info ][gc,heap        ] GC(1015) PSYoungGen: 15771K->3771K(16384K)
[12.875s][info ][gc,heap        ] GC(1015) ParOldGen: 28096K->28120K(38400K)
[12.875s][info ][gc,metaspace   ] GC(1015) Metaspace: 15860K->15860K(1064960K)
[12.875s][info ][gc             ] GC(1015) Pause Young (Allocation Failure) 42M->31M(53M) 1.662ms
[12.875s][info ][gc,cpu         ] GC(1015) User=0.00s Sys=0.00s Real=0.00s
[12.876s][info ][gc,start       ] GC(1016) Pause Young (Allocation Failure)
[12.878s][debug][gc,phases      ] GC(1016) Scavenge 1.124ms
[12.878s][debug][gc,phases      ] GC(1016) Reference Processing 0.020ms
[12.878s][debug][gc,phases      ] GC(1016) Weak Processing 0.010ms
[12.878s][debug][gc,phases      ] GC(1016) Scrub String Table 0.068ms
[12.878s][debug][gc,age         ] GC(1016) Desired survivor size 4718592 bytes, new threshold 1 (max threshold 15)
[12.878s][info ][gc,heap        ] GC(1016) PSYoungGen: 15762K->2926K(16896K)
[12.878s][info ][gc,heap        ] GC(1016) ParOldGen: 28120K->28120K(38400K)
[12.878s][info ][gc,metaspace   ] GC(1016) Metaspace: 15860K->15860K(1064960K)
[12.878s][info ][gc             ] GC(1016) Pause Young (Allocation Failure) 42M->30M(54M) 1.439ms
[12.878s][info ][gc,cpu         ] GC(1016) User=0.01s Sys=0.00s Real=0.01s
[12.879s][info ][gc,start       ] GC(1017) Pause Young (Allocation Failure)
[12.879s][debug][gc,phases      ] GC(1017) Scavenge 0.354ms
[12.879s][debug][gc,phases      ] GC(1017) Reference Processing 0.020ms
[12.879s][debug][gc,phases      ] GC(1017) Weak Processing 0.010ms
[12.879s][debug][gc,phases      ] GC(1017) Scrub String Table 0.068ms
[12.879s][debug][gc,age         ] GC(1017) Desired survivor size 4194304 bytes, new threshold 1 (max threshold 15)
[12.879s][info ][gc,heap        ] GC(1017) PSYoungGen: 14906K->2209K(15872K)
[12.879s][info ][gc,heap        ] GC(1017) ParOldGen: 28120K->28128K(38400K)
[12.879s][info ][gc,metaspace   ] GC(1017) Metaspace: 15860K->15860K(1064960K)
[12.879s][info ][gc             ] GC(1017) Pause Young (Allocation Failure) 42M->29M(53M) 0.733ms
[12.880s][info ][gc,cpu         ] GC(1017) User=0.00s Sys=0.00s Real=0.00s
[12.880s][info ][gc,start       ] GC(1018) Pause Young (Allocation Failure)
[12.882s][debug][gc,phases      ] GC(1018) Scavenge 1.304ms
[12.882s][debug][gc,phases      ] GC(1018) Reference Processing 0.019ms
[12.882s][debug][gc,phases      ] GC(1018) Weak Processing 0.011ms
[12.882s][debug][gc,phases      ] GC(1018) Scrub String Table 0.068ms
[12.882s][debug][gc,age         ] GC(1018) Desired survivor size 4194304 bytes, new threshold 1 (max threshold 15)
[12.882s][info ][gc,heap        ] GC(1018) PSYoungGen: 14182K->2503K(16384K)
[12.882s][info ][gc,heap        ] GC(1018) ParOldGen: 28128K->28527K(38400K)
[12.882s][info ][gc,metaspace   ] GC(1018) Metaspace: 15860K->15860K(1064960K)
[12.882s][info ][gc             ] GC(1018) Pause Young (Allocation Failure) 41M->30M(53M) 1.607ms
[12.882s][info ][gc,cpu         ] GC(1018) User=0.01s Sys=0.00s Real=0.00s
[12.883s][info ][gc,start       ] GC(1019) Pause Young (Allocation Failure)
[12.883s][debug][gc,phases      ] GC(1019) Scavenge 0.422ms
[12.884s][debug][gc,phases      ] GC(1019) Reference Processing 0.020ms
[12.884s][debug][gc,phases      ] GC(1019) Weak Processing 0.010ms
[12.884s][debug][gc,phases      ] GC(1019) Scrub String Table 0.068ms
[12.884s][debug][gc,age         ] GC(1019) Desired survivor size 4194304 bytes, new threshold 1 (max threshold 15)
[12.884s][info ][gc,heap        ] GC(1019) PSYoungGen: 14472K->1363K(17408K)
[12.884s][info ][gc,heap        ] GC(1019) ParOldGen: 28527K->28950K(38400K)
[12.884s][info ][gc,metaspace   ] GC(1019) Metaspace: 15860K->15860K(1064960K)
[12.884s][info ][gc             ] GC(1019) Pause Young (Allocation Failure) 41M->29M(54M) 0.701ms
[12.884s][info ][gc,cpu         ] GC(1019) User=0.00s Sys=0.00s Real=0.00s
[12.885s][info ][gc,start       ] GC(1020) Pause Young (Allocation Failure)
[12.885s][debug][gc,phases      ] GC(1020) Scavenge 0.436ms
[12.885s][debug][gc,phases      ] GC(1020) Reference Processing 0.019ms
[12.885s][debug][gc,phases      ] GC(1020) Weak Processing 0.010ms
[12.885s][debug][gc,phases      ] GC(1020) Scrub String Table 0.070ms
[12.886s][debug][gc,age         ] GC(1020) Desired survivor size 4194304 bytes, new threshold 1 (max threshold 15)
[12.886s][info ][gc,heap        ] GC(1020) PSYoungGen: 14522K->2990K(17408K)
[12.886s][info ][gc,heap        ] GC(1020) ParOldGen: 28950K->28958K(38400K)
[12.886s][info ][gc,metaspace   ] GC(1020) Metaspace: 15860K->15860K(1064960K)
[12.886s][info ][gc             ] GC(1020) Pause Young (Allocation Failure) 42M->31M(54M) 0.736ms
[12.886s][info ][gc,cpu         ] GC(1020) User=0.00s Sys=0.00s Real=0.00s
[12.887s][info ][gc,start       ] GC(1021) Pause Young (Allocation Failure)
[12.887s][debug][gc,phases      ] GC(1021) Scavenge 0.359ms
[12.887s][debug][gc,phases      ] GC(1021) Reference Processing 0.020ms
[12.887s][debug][gc,phases      ] GC(1021) Weak Processing 0.010ms
[12.887s][debug][gc,phases      ] GC(1021) Scrub String Table 0.068ms
[12.887s][debug][gc,age         ] GC(1021) Desired survivor size 4194304 bytes, new threshold 1 (max threshold 15)
[12.887s][info ][gc,heap        ] GC(1021) PSYoungGen: 16146K->1754K(17408K)
[12.887s][info ][gc,heap        ] GC(1021) ParOldGen: 28958K->28966K(38400K)
[12.887s][info ][gc,metaspace   ] GC(1021) Metaspace: 15860K->15860K(1064960K)
[12.887s][info ][gc             ] GC(1021) Pause Young (Allocation Failure) 44M->30M(54M) 0.672ms
[12.887s][info ][gc,cpu         ] GC(1021) User=0.00s Sys=0.00s Real=0.00s
[12.888s][info ][gc,start       ] GC(1022) Pause Young (Allocation Failure)
[12.889s][debug][gc,phases      ] GC(1022) Scavenge 0.339ms
[12.889s][debug][gc,phases      ] GC(1022) Reference Processing 0.019ms
[12.889s][debug][gc,phases      ] GC(1022) Weak Processing 0.010ms
[12.889s][debug][gc,phases      ] GC(1022) Scrub String Table 0.067ms
[12.889s][debug][gc,age         ] GC(1022) Desired survivor size 4194304 bytes, new threshold 1 (max threshold 15)
[12.889s][info ][gc,heap        ] GC(1022) PSYoungGen: 14880K->1395K(17408K)
[12.889s][info ][gc,heap        ] GC(1022) ParOldGen: 28966K->29388K(38400K)
[12.889s][info ][gc,metaspace   ] GC(1022) Metaspace: 15860K->15860K(1064960K)
[12.889s][info ][gc             ] GC(1022) Pause Young (Allocation Failure) 42M->30M(54M) 0.616ms
[12.889s][info ][gc,cpu         ] GC(1022) User=0.01s Sys=0.00s Real=0.00s
[12.890s][info ][gc,start       ] GC(1023) Pause Young (Allocation Failure)
[12.891s][debug][gc,phases      ] GC(1023) Scavenge 0.759ms
[12.891s][debug][gc,phases      ] GC(1023) Reference Processing 0.020ms
[12.891s][debug][gc,phases      ] GC(1023) Weak Processing 0.010ms
[12.891s][debug][gc,phases      ] GC(1023) Scrub String Table 0.070ms
[12.891s][debug][gc,age         ] GC(1023) Desired survivor size 4194304 bytes, new threshold 1 (max threshold 15)
[12.891s][info ][gc,heap        ] GC(1023) PSYoungGen: 14489K->2503K(17408K)
[12.891s][info ][gc,heap        ] GC(1023) ParOldGen: 29388K->29795K(38400K)
[12.891s][info ][gc,metaspace   ] GC(1023) Metaspace: 15860K->15860K(1064960K)
[12.891s][info ][gc             ] GC(1023) Pause Young (Allocation Failure) 42M->31M(54M) 1.048ms
[12.891s][info ][gc,cpu         ] GC(1023) User=0.01s Sys=0.00s Real=0.00s
[12.892s][info ][gc,start       ] GC(1024) Pause Young (Allocation Failure)
[12.893s][debug][gc,phases      ] GC(1024) Scavenge 0.956ms
[12.893s][debug][gc,phases      ] GC(1024) Reference Processing 0.021ms
[12.893s][debug][gc,phases      ] GC(1024) Weak Processing 0.011ms
[12.893s][debug][gc,phases      ] GC(1024) Scrub String Table 0.076ms
[12.893s][debug][gc,age         ] GC(1024) Desired survivor size 4194304 bytes, new threshold 1 (max threshold 15)
[12.893s][info ][gc,heap        ] GC(1024) PSYoungGen: 15688K->2958K(17408K)
[12.893s][info ][gc,heap        ] GC(1024) ParOldGen: 29795K->29803K(38400K)
[12.893s][info ][gc,metaspace   ] GC(1024) Metaspace: 15860K->15860K(1064960K)
[12.893s][info ][gc             ] GC(1024) Pause Young (Allocation Failure) 44M->31M(54M) 1.258ms
[12.893s][info ][gc,cpu         ] GC(1024) User=0.01s Sys=0.00s Real=0.00s
[12.894s][info ][gc,start       ] GC(1025) Pause Young (Allocation Failure)
[12.896s][debug][gc,phases      ] GC(1025) Scavenge 1.158ms
[12.896s][debug][gc,phases      ] GC(1025) Reference Processing 0.019ms
[12.896s][debug][gc,phases      ] GC(1025) Weak Processing 0.011ms
[12.896s][debug][gc,phases      ] GC(1025) Scrub String Table 0.069ms
[12.896s][debug][gc,age         ] GC(1025) Desired survivor size 4194304 bytes, new threshold 1 (max threshold 15)
[12.896s][info ][gc,heap        ] GC(1025) PSYoungGen: 16023K->1299K(17408K)
[12.896s][info ][gc,heap        ] GC(1025) ParOldGen: 29803K->31031K(38400K)
[12.896s][info ][gc,metaspace   ] GC(1025) Metaspace: 15860K->15860K(1064960K)
[12.896s][info ][gc             ] GC(1025) Pause Young (Allocation Failure) 44M->31M(54M) 1.458ms
[12.896s][info ][gc,cpu         ] GC(1025) User=0.01s Sys=0.00s Real=0.00s
[12.897s][info ][gc,start       ] GC(1026) Pause Young (Allocation Failure)
[12.899s][debug][gc,phases      ] GC(1026) Scavenge 1.219ms
[12.899s][debug][gc,phases      ] GC(1026) Reference Processing 0.022ms
[12.899s][debug][gc,phases      ] GC(1026) Weak Processing 0.012ms
[12.899s][debug][gc,phases      ] GC(1026) Scrub String Table 0.069ms
[12.899s][debug][gc,age         ] GC(1026) Desired survivor size 4194304 bytes, new threshold 1 (max threshold 15)
[12.899s][info ][gc,heap        ] GC(1026) PSYoungGen: 14425K->1754K(17408K)
[12.899s][info ][gc,heap        ] GC(1026) ParOldGen: 31031K->31852K(38400K)
[12.899s][info ][gc,metaspace   ] GC(1026) Metaspace: 15860K->15860K(1064960K)
[12.899s][info ][gc             ] GC(1026) Pause Young (Allocation Failure) 44M->32M(54M) 1.533ms
[12.899s][info ][gc,cpu         ] GC(1026) User=0.01s Sys=0.00s Real=0.00s
[12.900s][info ][gc,start       ] GC(1027) Pause Young (Allocation Failure)
[12.900s][debug][gc,phases      ] GC(1027) Scavenge 0.525ms
[12.900s][debug][gc,phases      ] GC(1027) Reference Processing 0.020ms
[12.900s][debug][gc,phases      ] GC(1027) Weak Processing 0.010ms
[12.900s][debug][gc,phases      ] GC(1027) Scrub String Table 0.068ms
[12.900s][debug][gc,age         ] GC(1027) Desired survivor size 4194304 bytes, new threshold 1 (max threshold 15)
[12.900s][info ][gc,heap        ] GC(1027) PSYoungGen: 14919K->2177K(17408K)
[12.900s][info ][gc,heap        ] GC(1027) ParOldGen: 31852K->32275K(38400K)
[12.900s][info ][gc,metaspace   ] GC(1027) Metaspace: 15860K->15860K(1064960K)
[12.901s][info ][gc             ] GC(1027) Pause Young (Allocation Failure) 45M->33M(54M) 0.805ms
[12.901s][info ][gc,cpu         ] GC(1027) User=0.01s Sys=0.00s Real=0.00s
[12.902s][info ][gc,start       ] GC(1028) Pause Young (Allocation Failure)
[12.902s][debug][gc,phases      ] GC(1028) Scavenge 0.397ms
[12.902s][debug][gc,phases      ] GC(1028) Reference Processing 0.020ms
[12.902s][debug][gc,phases      ] GC(1028) Weak Processing 0.010ms
[12.902s][debug][gc,phases      ] GC(1028) Scrub String Table 0.068ms
[12.902s][debug][gc,age         ] GC(1028) Desired survivor size 4194304 bytes, new threshold 1 (max threshold 15)
[12.902s][info ][gc,heap        ] GC(1028) PSYoungGen: 15386K->2599K(17408K)
[12.902s][info ][gc,heap        ] GC(1028) ParOldGen: 32275K->32283K(38400K)
[12.902s][info ][gc,metaspace   ] GC(1028) Metaspace: 15860K->15860K(1064960K)
[12.902s][info ][gc             ] GC(1028) Pause Young (Allocation Failure) 46M->34M(54M) 0.683ms
[12.902s][info ][gc,cpu         ] GC(1028) User=0.00s Sys=0.00s Real=0.00s
[12.903s][info ][gc,start       ] GC(1029) Pause Young (Allocation Failure)
[12.904s][debug][gc,phases      ] GC(1029) Scavenge 0.365ms
[12.904s][debug][gc,phases      ] GC(1029) Reference Processing 0.020ms
[12.904s][debug][gc,phases      ] GC(1029) Weak Processing 0.010ms
[12.904s][debug][gc,phases      ] GC(1029) Scrub String Table 0.069ms
[12.904s][debug][gc,age         ] GC(1029) Desired survivor size 4194304 bytes, new threshold 1 (max threshold 15)
[12.904s][info ][gc,heap        ] GC(1029) PSYoungGen: 15789K->2599K(17408K)
[12.904s][info ][gc,heap        ] GC(1029) ParOldGen: 32283K->32291K(38400K)
[12.904s][info ][gc,metaspace   ] GC(1029) Metaspace: 15860K->15860K(1064960K)
[12.904s][info ][gc             ] GC(1029) Pause Young (Allocation Failure) 46M->34M(54M) 0.656ms
[12.904s][info ][gc,cpu         ] GC(1029) User=0.00s Sys=0.00s Real=0.00s
[12.905s][info ][gc,start       ] GC(1030) Pause Young (Allocation Failure)
[12.906s][debug][gc,phases      ] GC(1030) Scavenge 0.465ms
[12.906s][debug][gc,phases      ] GC(1030) Reference Processing 0.020ms
[12.906s][debug][gc,phases      ] GC(1030) Weak Processing 0.010ms
[12.906s][debug][gc,phases      ] GC(1030) Scrub String Table 0.069ms
[12.906s][debug][gc,age         ] GC(1030) Desired survivor size 4194304 bytes, new threshold 1 (max threshold 15)
[12.906s][info ][gc,heap        ] GC(1030) PSYoungGen: 15775K->1395K(17408K)
[12.906s][info ][gc,heap        ] GC(1030) ParOldGen: 32291K->32705K(38400K)
[12.906s][info ][gc,metaspace   ] GC(1030) Metaspace: 15860K->15860K(1064960K)
[12.906s][info ][gc             ] GC(1030) Pause Young (Allocation Failure) 46M->33M(54M) 0.754ms
[12.906s][info ][gc,cpu         ] GC(1030) User=0.00s Sys=0.00s Real=0.00s
[12.907s][info ][gc,start       ] GC(1031) Pause Young (Allocation Failure)
[12.908s][debug][gc,phases      ] GC(1031) Scavenge 0.563ms
[12.908s][debug][gc,phases      ] GC(1031) Reference Processing 0.020ms
[12.908s][debug][gc,phases      ] GC(1031) Weak Processing 0.010ms
[12.908s][debug][gc,phases      ] GC(1031) Scrub String Table 0.068ms
[12.908s][debug][gc,age         ] GC(1031) Desired survivor size 3670016 bytes, new threshold 1 (max threshold 15)
[12.908s][info ][gc,heap        ] GC(1031) PSYoungGen: 14563K->2177K(16384K)
[12.908s][info ][gc,heap        ] GC(1031) ParOldGen: 32705K->32705K(38400K)
[12.908s][info ][gc,metaspace   ] GC(1031) Metaspace: 15860K->15860K(1064960K)
[12.908s][info ][gc             ] GC(1031) Pause Young (Allocation Failure) 46M->34M(53M) 0.935ms
[12.908s][info ][gc,cpu         ] GC(1031) User=0.00s Sys=0.00s Real=0.00s
[12.909s][info ][gc,start       ] GC(1032) Pause Young (Allocation Failure)
[12.910s][debug][gc,phases      ] GC(1032) Scavenge 0.873ms
[12.910s][debug][gc,phases      ] GC(1032) Reference Processing 0.021ms
[12.910s][debug][gc,phases      ] GC(1032) Weak Processing 0.011ms
[12.910s][debug][gc,phases      ] GC(1032) Scrub String Table 0.069ms
[12.910s][debug][gc,age         ] GC(1032) Desired survivor size 3670016 bytes, new threshold 1 (max threshold 15)
[12.910s][info ][gc,heap        ] GC(1032) PSYoungGen: 15308K->2535K(16896K)
[12.910s][info ][gc,heap        ] GC(1032) ParOldGen: 32705K->33112K(38400K)
[12.910s][info ][gc,metaspace   ] GC(1032) Metaspace: 15860K->15860K(1064960K)
[12.910s][info ][gc             ] GC(1032) Pause Young (Allocation Failure) 46M->34M(54M) 1.199ms
[12.910s][info ][gc,cpu         ] GC(1032) User=0.00s Sys=0.00s Real=0.00s
[12.911s][info ][gc,start       ] GC(1033) Pause Young (Allocation Failure)
[12.912s][debug][gc,phases      ] GC(1033) Scavenge 0.815ms
[12.912s][debug][gc,phases      ] GC(1033) Reference Processing 0.020ms
[12.912s][debug][gc,phases      ] GC(1033) Weak Processing 0.010ms
[12.912s][debug][gc,phases      ] GC(1033) Scrub String Table 0.068ms
[12.912s][debug][gc,age         ] GC(1033) Desired survivor size 4194304 bytes, new threshold 1 (max threshold 15)
[12.912s][info ][gc,heap        ] GC(1033) PSYoungGen: 15705K->2990K(16896K)
[12.912s][info ][gc,heap        ] GC(1033) ParOldGen: 33112K->33152K(38400K)
[12.912s][info ][gc,metaspace   ] GC(1033) Metaspace: 15860K->15860K(1064960K)
[12.912s][info ][gc             ] GC(1033) Pause Young (Allocation Failure) 47M->35M(54M) 1.105ms
[12.913s][info ][gc,cpu         ] GC(1033) User=0.00s Sys=0.00s Real=0.00s
[12.914s][info ][gc,start       ] GC(1034) Pause Young (Allocation Failure)
[12.915s][debug][gc,phases      ] GC(1034) Scavenge 1.309ms
[12.915s][debug][gc,phases      ] GC(1034) Reference Processing 0.020ms
[12.915s][debug][gc,phases      ] GC(1034) Weak Processing 0.011ms
[12.915s][debug][gc,phases      ] GC(1034) Scrub String Table 0.068ms
[12.915s][debug][gc,age         ] GC(1034) Desired survivor size 4194304 bytes, new threshold 1 (max threshold 15)
[12.915s][info ][gc,heap        ] GC(1034) PSYoungGen: 16154K->3317K(17408K)
[12.915s][info ][gc,heap        ] GC(1034) ParOldGen: 33152K->33160K(38400K)
[12.915s][info ][gc,metaspace   ] GC(1034) Metaspace: 15860K->15860K(1064960K)
[12.915s][info ][gc             ] GC(1034) Pause Young (Allocation Failure) 48M->35M(54M) 1.621ms
[12.915s][info ][gc,cpu         ] GC(1034) User=0.01s Sys=0.00s Real=0.00s
[12.917s][info ][gc,start       ] GC(1035) Pause Young (Allocation Failure)
[12.917s][debug][gc,phases      ] GC(1035) Scavenge 0.445ms
[12.917s][debug][gc,phases      ] GC(1035) Reference Processing 0.020ms
[12.917s][debug][gc,phases      ] GC(1035) Weak Processing 0.011ms
[12.917s][debug][gc,phases      ] GC(1035) Scrub String Table 0.068ms
[12.917s][debug][gc,age         ] GC(1035) Desired survivor size 4194304 bytes, new threshold 1 (max threshold 15)
[12.917s][info ][gc,heap        ] GC(1035) PSYoungGen: 16476K->2567K(17408K)
[12.917s][info ][gc,heap        ] GC(1035) ParOldGen: 33160K->33168K(38400K)
[12.917s][info ][gc,metaspace   ] GC(1035) Metaspace: 15860K->15860K(1064960K)
[12.917s][info ][gc             ] GC(1035) Pause Young (Allocation Failure) 48M->34M(54M) 0.744ms
[12.917s][info ][gc,cpu         ] GC(1035) User=0.00s Sys=0.00s Real=0.00s
[12.918s][info ][gc,start       ] GC(1036) Pause Young (Allocation Failure)
[12.919s][debug][gc,phases      ] GC(1036) Scavenge 0.315ms
[12.919s][debug][gc,phases      ] GC(1036) Reference Processing 0.020ms
[12.919s][debug][gc,phases      ] GC(1036) Weak Processing 0.010ms
[12.919s][debug][gc,phases      ] GC(1036) Scrub String Table 0.069ms
[12.919s][debug][gc,age         ] GC(1036) Desired survivor size 4194304 bytes, new threshold 1 (max threshold 15)
[12.919s][info ][gc,heap        ] GC(1036) PSYoungGen: 15725K->1786K(17408K)
[12.919s][info ][gc,heap        ] GC(1036) ParOldGen: 33168K->33168K(38400K)
[12.919s][info ][gc,metaspace   ] GC(1036) Metaspace: 15860K->15860K(1064960K)
[12.919s][info ][gc             ] GC(1036) Pause Young (Allocation Failure) 47M->34M(54M) 0.595ms
[12.919s][info ][gc,cpu         ] GC(1036) User=0.00s Sys=0.00s Real=0.00s
[12.920s][info ][gc,start       ] GC(1037) Pause Young (Allocation Failure)
[12.920s][debug][gc,phases      ] GC(1037) Scavenge 0.457ms
[12.920s][debug][gc,phases      ] GC(1037) Reference Processing 0.024ms
[12.920s][debug][gc,phases      ] GC(1037) Weak Processing 0.011ms
[12.921s][debug][gc,phases      ] GC(1037) Scrub String Table 0.071ms
[12.921s][debug][gc,age         ] GC(1037) Desired survivor size 4194304 bytes, new threshold 1 (max threshold 15)
[12.921s][info ][gc,heap        ] GC(1037) PSYoungGen: 14942K->2567K(17408K)
[12.921s][info ][gc,heap        ] GC(1037) ParOldGen: 33168K->33168K(38400K)
[12.921s][info ][gc,metaspace   ] GC(1037) Metaspace: 15860K->15860K(1064960K)
[12.921s][info ][gc             ] GC(1037) Pause Young (Allocation Failure) 46M->34M(54M) 0.772ms
[12.921s][info ][gc,cpu         ] GC(1037) User=0.00s Sys=0.01s Real=0.00s
[12.922s][info ][gc,start       ] GC(1038) Pause Young (Allocation Failure)
[12.922s][debug][gc,phases      ] GC(1038) Scavenge 0.350ms
[12.922s][debug][gc,phases      ] GC(1038) Reference Processing 0.021ms
[12.922s][debug][gc,phases      ] GC(1038) Weak Processing 0.010ms
[12.922s][debug][gc,phases      ] GC(1038) Scrub String Table 0.068ms
[12.922s][debug][gc,age         ] GC(1038) Desired survivor size 4194304 bytes, new threshold 1 (max threshold 15)
[12.922s][info ][gc,heap        ] GC(1038) PSYoungGen: 15659K->2209K(17408K)
[12.922s][info ][gc,heap        ] GC(1038) ParOldGen: 33168K->33192K(38400K)
[12.922s][info ][gc,metaspace   ] GC(1038) Metaspace: 15860K->15860K(1064960K)
[12.922s][info ][gc             ] GC(1038) Pause Young (Allocation Failure) 47M->34M(54M) 0.636ms
[12.922s][info ][gc,cpu         ] GC(1038) User=0.01s Sys=0.00s Real=0.00s
[12.923s][info ][gc,start       ] GC(1039) Pause Young (Allocation Failure)
[12.924s][debug][gc,phases      ] GC(1039) Scavenge 0.443ms
[12.924s][debug][gc,phases      ] GC(1039) Reference Processing 0.019ms
[12.924s][debug][gc,phases      ] GC(1039) Weak Processing 0.010ms
[12.924s][debug][gc,phases      ] GC(1039) Scrub String Table 0.068ms
[12.924s][debug][gc,age         ] GC(1039) Desired survivor size 4194304 bytes, new threshold 1 (max threshold 15)
[12.924s][info ][gc,heap        ] GC(1039) PSYoungGen: 15385K->2567K(17408K)
[12.924s][info ][gc,heap        ] GC(1039) ParOldGen: 33192K->33192K(38400K)
[12.924s][info ][gc,metaspace   ] GC(1039) Metaspace: 15860K->15860K(1064960K)
[12.924s][info ][gc             ] GC(1039) Pause Young (Allocation Failure) 47M->34M(54M) 0.744ms
[12.924s][info ][gc,cpu         ] GC(1039) User=0.01s Sys=0.00s Real=0.00s
[12.925s][info ][gc,start       ] GC(1040) Pause Young (Allocation Failure)
[12.926s][debug][gc,phases      ] GC(1040) Scavenge 0.717ms
[12.926s][debug][gc,phases      ] GC(1040) Reference Processing 0.021ms
[12.926s][debug][gc,phases      ] GC(1040) Weak Processing 0.011ms
[12.926s][debug][gc,phases      ] GC(1040) Scrub String Table 0.080ms
[12.926s][debug][gc,age         ] GC(1040) Desired survivor size 3670016 bytes, new threshold 1 (max threshold 15)
[12.926s][info ][gc,heap        ] GC(1040) PSYoungGen: 15735K->2567K(16384K)
[12.926s][info ][gc,heap        ] GC(1040) ParOldGen: 33192K->33216K(38400K)
[12.926s][info ][gc,metaspace   ] GC(1040) Metaspace: 15860K->15860K(1064960K)
[12.926s][info ][gc             ] GC(1040) Pause Young (Allocation Failure) 47M->34M(53M) 1.167ms
[12.926s][info ][gc,cpu         ] GC(1040) User=0.01s Sys=0.00s Real=0.01s
[12.927s][info ][gc,start       ] GC(1041) Pause Young (Allocation Failure)
[12.928s][debug][gc,phases      ] GC(1041) Scavenge 0.600ms
[12.928s][debug][gc,phases      ] GC(1041) Reference Processing 0.020ms
[12.928s][debug][gc,phases      ] GC(1041) Weak Processing 0.012ms
[12.928s][debug][gc,phases      ] GC(1041) Scrub String Table 0.070ms
[12.928s][debug][gc,age         ] GC(1041) Desired survivor size 3670016 bytes, new threshold 1 (max threshold 15)
[12.928s][info ][gc,heap        ] GC(1041) PSYoungGen: 15730K->2145K(16896K)
[12.928s][info ][gc,heap        ] GC(1041) ParOldGen: 33216K->33216K(38400K)
[12.928s][info ][gc,metaspace   ] GC(1041) Metaspace: 15860K->15860K(1064960K)
[12.928s][info ][gc             ] GC(1041) Pause Young (Allocation Failure) 47M->34M(54M) 0.895ms
[12.928s][info ][gc,cpu         ] GC(1041) User=0.00s Sys=0.00s Real=0.00s
[12.930s][info ][gc,start       ] GC(1042) Pause Young (Allocation Failure)
[12.930s][debug][gc,phases      ] GC(1042) Scavenge 0.478ms
[12.930s][debug][gc,phases      ] GC(1042) Reference Processing 0.022ms
[12.930s][debug][gc,phases      ] GC(1042) Weak Processing 0.011ms
[12.930s][debug][gc,phases      ] GC(1042) Scrub String Table 0.068ms
[12.930s][debug][gc,age         ] GC(1042) Desired survivor size 3670016 bytes, new threshold 1 (max threshold 15)
[12.930s][info ][gc,heap        ] GC(1042) PSYoungGen: 15238K->2926K(16896K)
[12.930s][info ][gc,heap        ] GC(1042) ParOldGen: 33216K->33647K(38400K)
[12.930s][info ][gc,metaspace   ] GC(1042) Metaspace: 15860K->15860K(1064960K)
[12.930s][info ][gc             ] GC(1042) Pause Young (Allocation Failure) 47M->35M(54M) 0.777ms
[12.930s][info ][gc,cpu         ] GC(1042) User=0.00s Sys=0.00s Real=0.00s
[12.932s][info ][gc,start       ] GC(1043) Pause Young (Allocation Failure)
[12.933s][debug][gc,phases      ] GC(1043) Scavenge 1.078ms
[12.933s][debug][gc,phases      ] GC(1043) Reference Processing 0.020ms
[12.933s][debug][gc,phases      ] GC(1043) Weak Processing 0.010ms
[12.933s][debug][gc,phases      ] GC(1043) Scrub String Table 0.068ms
[12.933s][debug][gc,age         ] GC(1043) Desired survivor size 3670016 bytes, new threshold 1 (max threshold 15)
[12.933s][info ][gc,heap        ] GC(1043) PSYoungGen: 16103K->2177K(17920K)
[12.933s][info ][gc,heap        ] GC(1043) ParOldGen: 33647K->33663K(38400K)
[12.933s][info ][gc,metaspace   ] GC(1043) Metaspace: 15860K->15860K(1064960K)
[12.933s][info ][gc             ] GC(1043) Pause Young (Allocation Failure) 48M->35M(55M) 1.364ms
[12.933s][info ][gc,cpu         ] GC(1043) User=0.00s Sys=0.00s Real=0.00s
[12.934s][info ][gc,start       ] GC(1044) Pause Young (Allocation Failure)
[12.935s][debug][gc,phases      ] GC(1044) Scavenge 0.489ms
[12.935s][debug][gc,phases      ] GC(1044) Reference Processing 0.023ms
[12.935s][debug][gc,phases      ] GC(1044) Weak Processing 0.010ms
[12.935s][debug][gc,phases      ] GC(1044) Scrub String Table 0.068ms
[12.935s][debug][gc,age         ] GC(1044) Desired survivor size 3670016 bytes, new threshold 1 (max threshold 15)
[12.935s][info ][gc,heap        ] GC(1044) PSYoungGen: 16148K->2567K(17920K)
[12.935s][info ][gc,heap        ] GC(1044) ParOldGen: 33663K->33671K(38400K)
[12.935s][info ][gc,metaspace   ] GC(1044) Metaspace: 15860K->15860K(1064960K)
[12.935s][info ][gc             ] GC(1044) Pause Young (Allocation Failure) 48M->35M(55M) 0.777ms
[12.935s][info ][gc,cpu         ] GC(1044) User=0.00s Sys=0.00s Real=0.00s
[12.936s][info ][gc,start       ] GC(1045) Pause Young (Allocation Failure)
[12.937s][debug][gc,phases      ] GC(1045) Scavenge 0.923ms
[12.937s][debug][gc,phases      ] GC(1045) Reference Processing 0.021ms
[12.937s][debug][gc,phases      ] GC(1045) Weak Processing 0.010ms
[12.937s][debug][gc,phases      ] GC(1045) Scrub String Table 0.069ms
[12.937s][debug][gc,age         ] GC(1045) Desired survivor size 3670016 bytes, new threshold 1 (max threshold 15)
[12.937s][info ][gc,heap        ] GC(1045) PSYoungGen: 16532K->2535K(17920K)
[12.937s][info ][gc,heap        ] GC(1045) ParOldGen: 33671K->33679K(38400K)
[12.937s][info ][gc,metaspace   ] GC(1045) Metaspace: 15860K->15860K(1064960K)
[12.937s][info ][gc             ] GC(1045) Pause Young (Allocation Failure) 49M->35M(55M) 1.218ms
[12.937s][info ][gc,cpu         ] GC(1045) User=0.00s Sys=0.00s Real=0.01s
[12.938s][info ][gc,start       ] GC(1046) Pause Young (Allocation Failure)
[12.939s][debug][gc,phases      ] GC(1046) Scavenge 0.348ms
[12.939s][debug][gc,phases      ] GC(1046) Reference Processing 0.033ms
[12.939s][debug][gc,phases      ] GC(1046) Weak Processing 0.010ms
[12.939s][debug][gc,phases      ] GC(1046) Scrub String Table 0.068ms
[12.939s][debug][gc,age         ] GC(1046) Desired survivor size 3670016 bytes, new threshold 1 (max threshold 15)
[12.939s][info ][gc,heap        ] GC(1046) PSYoungGen: 16496K->1818K(17920K)
[12.939s][info ][gc,heap        ] GC(1046) ParOldGen: 33679K->33679K(38400K)
[12.939s][info ][gc,metaspace   ] GC(1046) Metaspace: 15860K->15860K(1064960K)
[12.939s][info ][gc             ] GC(1046) Pause Young (Allocation Failure) 48M->34M(55M) 0.665ms
[12.939s][info ][gc,cpu         ] GC(1046) User=0.00s Sys=0.00s Real=0.00s
[12.940s][info ][gc,start       ] GC(1047) Pause Young (Allocation Failure)
[12.940s][debug][gc,phases      ] GC(1047) Scavenge 0.342ms
[12.940s][debug][gc,phases      ] GC(1047) Reference Processing 0.019ms
[12.940s][debug][gc,phases      ] GC(1047) Weak Processing 0.010ms
[12.940s][debug][gc,phases      ] GC(1047) Scrub String Table 0.069ms
[12.941s][debug][gc,age         ] GC(1047) Desired survivor size 3670016 bytes, new threshold 1 (max threshold 15)
[12.941s][info ][gc,heap        ] GC(1047) PSYoungGen: 15776K->2177K(17920K)
[12.941s][info ][gc,heap        ] GC(1047) ParOldGen: 33679K->33679K(38400K)
[12.941s][info ][gc,metaspace   ] GC(1047) Metaspace: 15860K->15860K(1064960K)
[12.941s][info ][gc             ] GC(1047) Pause Young (Allocation Failure) 48M->35M(55M) 0.622ms
[12.941s][info ][gc,cpu         ] GC(1047) User=0.00s Sys=0.00s Real=0.00s
[12.942s][info ][gc,start       ] GC(1048) Pause Young (Allocation Failure)
[12.943s][debug][gc,phases      ] GC(1048) Scavenge 0.940ms
[12.943s][debug][gc,phases      ] GC(1048) Reference Processing 0.019ms
[12.943s][debug][gc,phases      ] GC(1048) Weak Processing 0.011ms
[12.943s][debug][gc,phases      ] GC(1048) Scrub String Table 0.071ms
[12.943s][debug][gc,age         ] GC(1048) Desired survivor size 3670016 bytes, new threshold 1 (max threshold 15)
[12.943s][info ][gc,heap        ] GC(1048) PSYoungGen: 16134K->2177K(17920K)
[12.943s][info ][gc,heap        ] GC(1048) ParOldGen: 33679K->33695K(38400K)
[12.943s][info ][gc,metaspace   ] GC(1048) Metaspace: 15860K->15860K(1064960K)
[12.943s][info ][gc             ] GC(1048) Pause Young (Allocation Failure) 48M->35M(55M) 1.246ms
[12.943s][info ][gc,cpu         ] GC(1048) User=0.00s Sys=0.00s Real=0.00s
[12.944s][info ][gc,start       ] GC(1049) Pause Young (Allocation Failure)
[12.945s][debug][gc,phases      ] GC(1049) Scavenge 1.162ms
[12.945s][debug][gc,phases      ] GC(1049) Reference Processing 0.021ms
[12.945s][debug][gc,phases      ] GC(1049) Weak Processing 0.011ms
[12.946s][debug][gc,phases      ] GC(1049) Scrub String Table 0.068ms
[12.946s][debug][gc,age         ] GC(1049) Desired survivor size 3670016 bytes, new threshold 1 (max threshold 15)
[12.946s][info ][gc,heap        ] GC(1049) PSYoungGen: 16488K->2926K(17920K)
[12.946s][info ][gc,heap        ] GC(1049) ParOldGen: 33695K->34101K(38400K)
[12.946s][info ][gc,metaspace   ] GC(1049) Metaspace: 15860K->15860K(1064960K)
[12.946s][info ][gc             ] GC(1049) Pause Young (Allocation Failure) 49M->36M(55M) 1.458ms
[12.946s][info ][gc,cpu         ] GC(1049) User=0.01s Sys=0.00s Real=0.00s
[12.947s][info ][gc,start       ] GC(1050) Pause Young (Allocation Failure)
[12.948s][debug][gc,phases      ] GC(1050) Scavenge 1.247ms
[12.948s][debug][gc,phases      ] GC(1050) Reference Processing 0.023ms
[12.948s][debug][gc,phases      ] GC(1050) Weak Processing 0.012ms
[12.948s][debug][gc,phases      ] GC(1050) Scrub String Table 0.069ms
[12.948s][debug][gc,age         ] GC(1050) Desired survivor size 3670016 bytes, new threshold 1 (max threshold 15)
[12.948s][info ][gc,heap        ] GC(1050) PSYoungGen: 16894K->1299K(17920K)
[12.948s][info ][gc,heap        ] GC(1050) ParOldGen: 34101K->34109K(38400K)
[12.948s][info ][gc,metaspace   ] GC(1050) Metaspace: 15860K->15860K(1064960K)
[12.948s][info ][gc             ] GC(1050) Pause Young (Allocation Failure) 49M->34M(55M) 1.562ms
[12.948s][info ][gc,cpu         ] GC(1050) User=0.01s Sys=0.00s Real=0.00s
[12.949s][info ][gc,start       ] GC(1051) Pause Young (Allocation Failure)
[12.950s][debug][gc,phases      ] GC(1051) Scavenge 0.357ms
[12.950s][debug][gc,phases      ] GC(1051) Reference Processing 0.020ms
[12.950s][debug][gc,phases      ] GC(1051) Weak Processing 0.010ms
[12.950s][debug][gc,phases      ] GC(1051) Scrub String Table 0.068ms
[12.950s][debug][gc,age         ] GC(1051) Desired survivor size 3670016 bytes, new threshold 1 (max threshold 15)
[12.950s][info ][gc,heap        ] GC(1051) PSYoungGen: 15262K->1754K(17920K)
[12.950s][info ][gc,heap        ] GC(1051) ParOldGen: 34109K->34117K(38400K)
[12.950s][info ][gc,metaspace   ] GC(1051) Metaspace: 15860K->15860K(1064960K)
[12.950s][info ][gc             ] GC(1051) Pause Young (Allocation Failure) 48M->35M(55M) 0.642ms
[12.950s][info ][gc,cpu         ] GC(1051) User=0.00s Sys=0.00s Real=0.00s
[12.951s][info ][gc,start       ] GC(1052) Pause Young (Allocation Failure)
[12.952s][debug][gc,phases      ] GC(1052) Scavenge 0.414ms
[12.952s][debug][gc,phases      ] GC(1052) Reference Processing 0.022ms
[12.952s][debug][gc,phases      ] GC(1052) Weak Processing 0.010ms
[12.952s][debug][gc,phases      ] GC(1052) Scrub String Table 0.067ms
[12.952s][debug][gc,age         ] GC(1052) Desired survivor size 4194304 bytes, new threshold 1 (max threshold 15)
[12.952s][info ][gc,heap        ] GC(1052) PSYoungGen: 15714K->2990K(17408K)
[12.952s][info ][gc,heap        ] GC(1052) ParOldGen: 34117K->34117K(38400K)
[12.952s][info ][gc,metaspace   ] GC(1052) Metaspace: 15860K->15860K(1064960K)
[12.952s][info ][gc             ] GC(1052) Pause Young (Allocation Failure) 48M->36M(54M) 0.722ms
[12.952s][info ][gc,cpu         ] GC(1052) User=0.01s Sys=0.00s Real=0.00s
[12.953s][info ][gc,start       ] GC(1053) Pause Young (Allocation Failure)
[12.954s][debug][gc,phases      ] GC(1053) Scavenge 0.717ms
[12.954s][debug][gc,phases      ] GC(1053) Reference Processing 0.022ms
[12.954s][debug][gc,phases      ] GC(1053) Weak Processing 0.010ms
[12.954s][debug][gc,phases      ] GC(1053) Scrub String Table 0.069ms
[12.954s][debug][gc,age         ] GC(1053) Desired survivor size 3670016 bytes, new threshold 1 (max threshold 15)
[12.954s][info ][gc,heap        ] GC(1053) PSYoungGen: 16948K->1786K(17920K)
[12.954s][info ][gc,heap        ] GC(1053) ParOldGen: 34117K->34117K(38400K)
[12.954s][info ][gc,metaspace   ] GC(1053) Metaspace: 15860K->15860K(1064960K)
[12.954s][info ][gc             ] GC(1053) Pause Young (Allocation Failure) 49M->35M(55M) 1.013ms
[12.954s][info ][gc,cpu         ] GC(1053) User=0.01s Sys=0.00s Real=0.00s
[12.955s][info ][gc,start       ] GC(1054) Pause Young (Allocation Failure)
[12.956s][debug][gc,phases      ] GC(1054) Scavenge 0.453ms
[12.956s][debug][gc,phases      ] GC(1054) Reference Processing 0.020ms
[12.956s][debug][gc,phases      ] GC(1054) Weak Processing 0.010ms
[12.956s][debug][gc,phases      ] GC(1054) Scrub String Table 0.068ms
[12.956s][debug][gc,age         ] GC(1054) Desired survivor size 3670016 bytes, new threshold 1 (max threshold 15)
[12.956s][info ][gc,heap        ] GC(1054) PSYoungGen: 15342K->2599K(17408K)
[12.956s][info ][gc,heap        ] GC(1054) ParOldGen: 34117K->34117K(38400K)
[12.956s][info ][gc,metaspace   ] GC(1054) Metaspace: 15860K->15860K(1064960K)
[12.956s][info ][gc             ] GC(1054) Pause Young (Allocation Failure) 48M->35M(54M) 0.762ms
[12.956s][info ][gc,cpu         ] GC(1054) User=0.01s Sys=0.00s Real=0.00s
[12.957s][info ][gc,start       ] GC(1055) Pause Young (Allocation Failure)
[12.958s][debug][gc,phases      ] GC(1055) Scavenge 0.416ms
[12.958s][debug][gc,phases      ] GC(1055) Reference Processing 0.020ms
[12.958s][debug][gc,phases      ] GC(1055) Weak Processing 0.010ms
[12.958s][debug][gc,phases      ] GC(1055) Scrub String Table 0.068ms
[12.958s][debug][gc,age         ] GC(1055) Desired survivor size 4194304 bytes, new threshold 1 (max threshold 15)
[12.958s][info ][gc,heap        ] GC(1055) PSYoungGen: 16154K->2990K(16896K)
[12.958s][info ][gc,heap        ] GC(1055) ParOldGen: 34117K->34117K(38400K)
[12.958s][info ][gc,metaspace   ] GC(1055) Metaspace: 15860K->15860K(1064960K)
[12.958s][info ][gc             ] GC(1055) Pause Young (Allocation Failure) 49M->36M(54M) 0.767ms
[12.958s][info ][gc,cpu         ] GC(1055) User=0.01s Sys=0.00s Real=0.00s
[12.959s][info ][gc,start       ] GC(1056) Pause Young (Allocation Failure)
[12.960s][debug][gc,phases      ] GC(1056) Scavenge 0.968ms
[12.960s][debug][gc,phases      ] GC(1056) Reference Processing 0.021ms
[12.960s][debug][gc,phases      ] GC(1056) Weak Processing 0.011ms
[12.960s][debug][gc,phases      ] GC(1056) Scrub String Table 0.069ms
[12.960s][debug][gc,age         ] GC(1056) Desired survivor size 4194304 bytes, new threshold 1 (max threshold 15)
[12.960s][info ][gc,heap        ] GC(1056) PSYoungGen: 16143K->3349K(17408K)
[12.960s][info ][gc,heap        ] GC(1056) ParOldGen: 34117K->34141K(38400K)
[12.960s][info ][gc,metaspace   ] GC(1056) Metaspace: 15860K->15860K(1064960K)
[12.960s][info ][gc             ] GC(1056) Pause Young (Allocation Failure) 49M->36M(54M) 1.262ms
[12.960s][info ][gc,cpu         ] GC(1056) User=0.01s Sys=0.00s Real=0.00s
[12.961s][info ][gc,start       ] GC(1057) Pause Young (Allocation Failure)
[12.963s][debug][gc,phases      ] GC(1057) Scavenge 1.224ms
[12.963s][debug][gc,phases      ] GC(1057) Reference Processing 0.021ms
[12.963s][debug][gc,phases      ] GC(1057) Weak Processing 0.012ms
[12.963s][debug][gc,phases      ] GC(1057) Scrub String Table 0.072ms
[12.963s][debug][gc,age         ] GC(1057) Desired survivor size 4194304 bytes, new threshold 1 (max threshold 15)
[12.963s][info ][gc,heap        ] GC(1057) PSYoungGen: 16468K->2894K(17408K)
[12.963s][info ][gc,heap        ] GC(1057) ParOldGen: 34141K->34548K(38400K)
[12.963s][info ][gc,metaspace   ] GC(1057) Metaspace: 15860K->15860K(1064960K)
[12.963s][info ][gc             ] GC(1057) Pause Young (Allocation Failure) 49M->36M(54M) 1.542ms
[12.963s][info ][gc,cpu         ] GC(1057) User=0.01s Sys=0.00s Real=0.00s
[12.964s][info ][gc,start       ] GC(1058) Pause Young (Allocation Failure)
[12.966s][debug][gc,phases      ] GC(1058) Scavenge 1.361ms
[12.966s][debug][gc,phases      ] GC(1058) Reference Processing 0.021ms
[12.966s][debug][gc,phases      ] GC(1058) Weak Processing 0.010ms
[12.966s][debug][gc,phases      ] GC(1058) Scrub String Table 0.068ms
[12.966s][debug][gc,age         ] GC(1058) Desired survivor size 4194304 bytes, new threshold 1 (max threshold 15)
[12.966s][info ][gc,heap        ] GC(1058) PSYoungGen: 15911K->1299K(17408K)
[12.966s][info ][gc,heap        ] GC(1058) ParOldGen: 34548K->36159K(38400K)
[12.966s][info ][gc,metaspace   ] GC(1058) Metaspace: 15860K->15860K(1064960K)
[12.966s][info ][gc             ] GC(1058) Pause Young (Allocation Failure) 49M->36M(54M) 1.689ms
[12.966s][info ][gc,cpu         ] GC(1058) User=0.01s Sys=0.00s Real=0.00s
[12.967s][info ][gc,start       ] GC(1059) Pause Young (Allocation Failure)
[12.968s][debug][gc,phases      ] GC(1059) Scavenge 0.449ms
[12.968s][debug][gc,phases      ] GC(1059) Reference Processing 0.019ms
[12.968s][debug][gc,phases      ] GC(1059) Weak Processing 0.010ms
[12.968s][debug][gc,phases      ] GC(1059) Scrub String Table 0.068ms
[12.968s][debug][gc,age         ] GC(1059) Desired survivor size 4718592 bytes, new threshold 1 (max threshold 15)
[12.968s][info ][gc,heap        ] GC(1059) PSYoungGen: 14510K->3381K(16384K)
[12.968s][info ][gc,heap        ] GC(1059) ParOldGen: 36159K->36167K(38400K)
[12.968s][info ][gc,metaspace   ] GC(1059) Metaspace: 15860K->15860K(1064960K)
[12.968s][info ][gc             ] GC(1059) Pause Young (Allocation Failure) 49M->38M(53M) 0.733ms
[12.968s][info ][gc,cpu         ] GC(1059) User=0.00s Sys=0.00s Real=0.00s
[12.969s][info ][gc,start       ] GC(1060) Pause Young (Allocation Failure)
[12.969s][debug][gc,phases      ] GC(1060) Scavenge 0.601ms
[12.970s][debug][gc,phases      ] GC(1060) Reference Processing 0.019ms
[12.970s][debug][gc,phases      ] GC(1060) Weak Processing 0.010ms
[12.970s][debug][gc,phases      ] GC(1060) Scrub String Table 0.069ms
[12.970s][debug][gc,age         ] GC(1060) Desired survivor size 4194304 bytes, new threshold 1 (max threshold 15)
[12.970s][info ][gc,heap        ] GC(1060) PSYoungGen: 15376K->2599K(16896K)
[12.970s][info ][gc,heap        ] GC(1060) ParOldGen: 36167K->36207K(38400K)
[12.970s][info ][gc,metaspace   ] GC(1060) Metaspace: 15860K->15860K(1064960K)
[12.970s][info ][gc             ] GC(1060) Pause Young (Allocation Failure) 50M->37M(54M) 0.907ms
[12.970s][info ][gc,cpu         ] GC(1060) User=0.01s Sys=0.00s Real=0.00s
[12.971s][info ][gc,start       ] GC(1061) Pause Young (Allocation Failure)
[12.972s][debug][gc,phases      ] GC(1061) Scavenge 1.178ms
[12.972s][debug][gc,phases      ] GC(1061) Reference Processing 0.021ms
[12.972s][debug][gc,phases      ] GC(1061) Weak Processing 0.011ms
[12.972s][debug][gc,phases      ] GC(1061) Scrub String Table 0.069ms
[12.972s][debug][gc,age         ] GC(1061) Desired survivor size 4194304 bytes, new threshold 1 (max threshold 15)
[12.972s][info ][gc,heap        ] GC(1061) PSYoungGen: 14555K->2535K(16896K)
[12.972s][info ][gc,heap        ] GC(1061) ParOldGen: 36207K->36637K(38400K)
[12.972s][info ][gc,metaspace   ] GC(1061) Metaspace: 15860K->15860K(1064960K)
[12.972s][info ][gc             ] GC(1061) Pause Young (Allocation Failure) 49M->38M(54M) 1.497ms
[12.972s][info ][gc,cpu         ] GC(1061) User=0.01s Sys=0.00s Real=0.00s
[12.973s][info ][gc,start       ] GC(1062) Pause Young (Allocation Failure)
[12.974s][debug][gc,phases      ] GC(1062) Scavenge 0.960ms
[12.974s][debug][gc,phases      ] GC(1062) Reference Processing 0.021ms
[12.974s][debug][gc,phases      ] GC(1062) Weak Processing 0.011ms
[12.975s][debug][gc,phases      ] GC(1062) Scrub String Table 0.078ms
[12.975s][debug][gc,age         ] GC(1062) Desired survivor size 4194304 bytes, new threshold 1 (max threshold 15)
[12.975s][info ][gc,heap        ] GC(1062) PSYoungGen: 15312K->2439K(16896K)
[12.975s][info ][gc,heap        ] GC(1062) ParOldGen: 36637K->36645K(38400K)
[12.975s][info ][gc,metaspace   ] GC(1062) Metaspace: 15860K->15860K(1064960K)
[12.975s][info ][gc             ] GC(1062) Pause Young (Allocation Failure) 50M->38M(54M) 1.292ms
[12.975s][info ][gc,cpu         ] GC(1062) User=0.00s Sys=0.00s Real=0.00s
[12.976s][info ][gc,start       ] GC(1063) Pause Young (Allocation Failure)
[12.977s][debug][gc,phases      ] GC(1063) Scavenge 1.295ms
[12.977s][debug][gc,phases      ] GC(1063) Reference Processing 0.019ms
[12.977s][debug][gc,phases      ] GC(1063) Weak Processing 0.012ms
[12.977s][debug][gc,phases      ] GC(1063) Scrub String Table 0.094ms
[12.977s][debug][gc,age         ] GC(1063) Desired survivor size 4194304 bytes, new threshold 1 (max threshold 15)
[12.977s][info ][gc,heap        ] GC(1063) PSYoungGen: 15207K->2567K(17408K)
[12.977s][info ][gc,heap        ] GC(1063) ParOldGen: 36645K->36661K(38400K)
[12.977s][info ][gc,metaspace   ] GC(1063) Metaspace: 15860K->15860K(1064960K)
[12.977s][info ][gc             ] GC(1063) Pause Young (Allocation Failure) 50M->38M(54M) 1.669ms
[12.977s][info ][gc,cpu         ] GC(1063) User=0.01s Sys=0.00s Real=0.01s
[12.979s][info ][gc,start       ] GC(1064) Pause Young (Allocation Failure)
[12.981s][debug][gc,phases      ] GC(1064) Scavenge 1.780ms
[12.981s][debug][gc,phases      ] GC(1064) Reference Processing 0.031ms
[12.981s][debug][gc,phases      ] GC(1064) Weak Processing 0.017ms
[12.981s][debug][gc,phases      ] GC(1064) Scrub String Table 0.127ms
[12.981s][debug][gc,age         ] GC(1064) Desired survivor size 4194304 bytes, new threshold 1 (max threshold 15)
[12.981s][info ][gc,heap        ] GC(1064) PSYoungGen: 15690K->2017K(17408K)
[12.981s][info ][gc,heap        ] GC(1064) ParOldGen: 36661K->37068K(38400K)
[12.981s][info ][gc,metaspace   ] GC(1064) Metaspace: 15860K->15860K(1064960K)
[12.981s][info ][gc             ] GC(1064) Pause Young (Allocation Failure) 51M->38M(54M) 2.291ms
[12.981s][info ][gc,cpu         ] GC(1064) User=0.00s Sys=0.00s Real=0.00s
[12.982s][info ][gc,start       ] GC(1065) Pause Young (Allocation Failure)
[12.984s][debug][gc,phases      ] GC(1065) Scavenge 1.437ms
[12.984s][debug][gc,phases      ] GC(1065) Reference Processing 0.029ms
[12.984s][debug][gc,phases      ] GC(1065) Weak Processing 0.014ms
[12.984s][debug][gc,phases      ] GC(1065) Scrub String Table 0.071ms
[12.984s][debug][gc,age         ] GC(1065) Desired survivor size 3670016 bytes, new threshold 1 (max threshold 15)
[12.984s][info ][gc,heap        ] GC(1065) PSYoungGen: 15110K->2535K(16384K)
[12.984s][info ][gc,heap        ] GC(1065) ParOldGen: 37068K->37881K(38400K)
[12.984s][info ][gc,metaspace   ] GC(1065) Metaspace: 15860K->15860K(1064960K)
[12.984s][info ][gc             ] GC(1065) Pause Young (Allocation Failure) 50M->39M(53M) 1.814ms
[12.984s][info ][gc,cpu         ] GC(1065) User=0.00s Sys=0.00s Real=0.00s
[12.984s][debug][gc,phases      ] GC(1066) Pre Compact 0.013ms
[12.984s][info ][gc,start       ] GC(1066) Pause Full (Ergonomics)
[12.984s][info ][gc,phases,start] GC(1066) Marking Phase
[12.987s][debug][gc,phases      ] GC(1066) Par Mark 3.055ms
[12.987s][debug][gc,phases      ] GC(1066) Reference Processing 0.055ms
[12.987s][debug][gc,phases      ] GC(1066) Weak Processing 0.011ms
[12.987s][debug][gc,phases      ] GC(1066) ClassLoaderData 0.027ms
[12.987s][debug][gc,phases      ] GC(1066) ProtectionDomainCacheTable 0.002ms
[12.987s][debug][gc,phases      ] GC(1066) ResolvedMethodTable 0.014ms
[12.988s][debug][gc,phases      ] GC(1066) Class Unloading 0.739ms
[12.988s][debug][gc,phases      ] GC(1066) Scrub String Table 0.060ms
[12.989s][debug][gc,phases      ] GC(1066) Scrub Symbol Table 1.023ms
[12.989s][info ][gc,phases      ] GC(1066) Marking Phase 5.107ms
[12.989s][info ][gc,phases,start] GC(1066) Summary Phase
[12.989s][info ][gc,phases      ] GC(1066) Summary Phase 0.013ms
[12.989s][info ][gc,phases,start] GC(1066) Adjust Roots
[12.991s][info ][gc,phases      ] GC(1066) Adjust Roots 1.623ms
[12.991s][info ][gc,phases,start] GC(1066) Compaction Phase
[12.992s][info ][gc,phases      ] GC(1066) Compaction Phase 1.529ms
[12.993s][info ][gc,phases,start] GC(1066) Post Compact
[12.993s][info ][gc,phases      ] GC(1066) Post Compact 0.160ms
[12.993s][info ][gc,heap        ] GC(1066) PSYoungGen: 2535K->0K(16896K)
[12.993s][info ][gc,heap        ] GC(1066) ParOldGen: 37881K->6199K(38400K)
[12.993s][info ][gc,metaspace   ] GC(1066) Metaspace: 15860K->15860K(1064960K)
[12.993s][info ][gc             ] GC(1066) Pause Full (Ergonomics) 39M->6M(54M) 8.672ms
[12.993s][info ][gc,cpu         ] GC(1066) User=0.04s Sys=0.00s Real=0.01s
[12.994s][info ][gc,start       ] GC(1067) Pause Young (Allocation Failure)
[12.995s][debug][gc,phases      ] GC(1067) Scavenge 0.924ms
[12.995s][debug][gc,phases      ] GC(1067) Reference Processing 0.021ms
[12.995s][debug][gc,phases      ] GC(1067) Weak Processing 0.010ms
[12.995s][debug][gc,phases      ] GC(1067) Scrub String Table 0.068ms
[12.995s][debug][gc,age         ] GC(1067) Desired survivor size 3670016 bytes, new threshold 1 (max threshold 15)
[12.995s][info ][gc,heap        ] GC(1067) PSYoungGen: 13158K->1786K(17920K)
[12.995s][info ][gc,heap        ] GC(1067) ParOldGen: 6199K->6199K(38400K)
[12.995s][info ][gc,metaspace   ] GC(1067) Metaspace: 15860K->15860K(1064960K)
[12.995s][info ][gc             ] GC(1067) Pause Young (Allocation Failure) 18M->7M(55M) 1.220ms
[12.995s][info ][gc,cpu         ] GC(1067) User=0.01s Sys=0.00s Real=0.00s
[12.996s][info ][gc,start       ] GC(1068) Pause Young (Allocation Failure)
[12.998s][debug][gc,phases      ] GC(1068) Scavenge 1.114ms
[12.998s][debug][gc,phases      ] GC(1068) Reference Processing 0.024ms
[12.998s][debug][gc,phases      ] GC(1068) Weak Processing 0.022ms
[12.998s][debug][gc,phases      ] GC(1068) Scrub String Table 0.081ms
[12.998s][debug][gc,age         ] GC(1068) Desired survivor size 3670016 bytes, new threshold 1 (max threshold 15)
[12.998s][info ][gc,heap        ] GC(1068) PSYoungGen: 15741K->1754K(17920K)
[12.998s][info ][gc,heap        ] GC(1068) ParOldGen: 6199K->6215K(38400K)
[12.998s][info ][gc,metaspace   ] GC(1068) Metaspace: 15860K->15860K(1064960K)
[12.998s][info ][gc             ] GC(1068) Pause Young (Allocation Failure) 21M->7M(55M) 1.531ms
[12.998s][info ][gc,cpu         ] GC(1068) User=0.01s Sys=0.00s Real=0.00s
[12.999s][info ][gc,start       ] GC(1069) Pause Young (Allocation Failure)
[13.000s][debug][gc,phases      ] GC(1069) Scavenge 0.881ms
[13.000s][debug][gc,phases      ] GC(1069) Reference Processing 0.032ms
[13.000s][debug][gc,phases      ] GC(1069) Weak Processing 0.020ms
[13.001s][debug][gc,phases      ] GC(1069) Scrub String Table 0.070ms
[13.001s][debug][gc,age         ] GC(1069) Desired survivor size 3670016 bytes, new threshold 1 (max threshold 15)
[13.001s][info ][gc,heap        ] GC(1069) PSYoungGen: 15708K->2567K(17920K)
[13.001s][info ][gc,heap        ] GC(1069) ParOldGen: 6215K->6231K(38400K)
[13.001s][info ][gc,metaspace   ] GC(1069) Metaspace: 15860K->15860K(1064960K)
[13.001s][info ][gc             ] GC(1069) Pause Young (Allocation Failure) 21M->8M(55M) 1.390ms
[13.001s][info ][gc,cpu         ] GC(1069) User=0.00s Sys=0.00s Real=0.00s
[13.002s][info ][gc,start       ] GC(1070) Pause Young (Allocation Failure)
[13.003s][debug][gc,phases      ] GC(1070) Scavenge 1.305ms
[13.003s][debug][gc,phases      ] GC(1070) Reference Processing 0.021ms
[13.003s][debug][gc,phases      ] GC(1070) Weak Processing 0.012ms
[13.003s][debug][gc,phases      ] GC(1070) Scrub String Table 0.071ms
[13.003s][debug][gc,age         ] GC(1070) Desired survivor size 3670016 bytes, new threshold 1 (max threshold 15)
[13.003s][info ][gc,heap        ] GC(1070) PSYoungGen: 16532K->2567K(17920K)
[13.003s][info ][gc,heap        ] GC(1070) ParOldGen: 6231K->6646K(38400K)
[13.003s][info ][gc,metaspace   ] GC(1070) Metaspace: 15860K->15860K(1064960K)
[13.003s][info ][gc             ] GC(1070) Pause Young (Allocation Failure) 22M->8M(55M) 1.608ms
[13.003s][info ][gc,cpu         ] GC(1070) User=0.00s Sys=0.00s Real=0.00s
[13.005s][info ][gc,start       ] GC(1071) Pause Young (Allocation Failure)
[13.006s][debug][gc,phases      ] GC(1071) Scavenge 0.917ms
[13.006s][debug][gc,phases      ] GC(1071) Reference Processing 0.022ms
[13.006s][debug][gc,phases      ] GC(1071) Weak Processing 0.011ms
[13.006s][debug][gc,phases      ] GC(1071) Scrub String Table 0.069ms
[13.006s][debug][gc,age         ] GC(1071) Desired survivor size 3670016 bytes, new threshold 1 (max threshold 15)
[13.006s][info ][gc,heap        ] GC(1071) PSYoungGen: 16569K->1818K(17920K)
[13.006s][info ][gc,heap        ] GC(1071) ParOldGen: 6646K->6654K(38400K)
[13.006s][info ][gc,metaspace   ] GC(1071) Metaspace: 15860K->15860K(1064960K)
[13.006s][info ][gc             ] GC(1071) Pause Young (Allocation Failure) 22M->8M(55M) 1.207ms
[13.006s][info ][gc,cpu         ] GC(1071) User=0.01s Sys=0.00s Real=0.00s
[13.007s][info ][gc,start       ] GC(1072) Pause Young (Allocation Failure)
[13.008s][debug][gc,phases      ] GC(1072) Scavenge 1.217ms
[13.008s][debug][gc,phases      ] GC(1072) Reference Processing 0.021ms
[13.008s][debug][gc,phases      ] GC(1072) Weak Processing 0.012ms
[13.009s][debug][gc,phases      ] GC(1072) Scrub String Table 0.100ms
[13.009s][debug][gc,age         ] GC(1072) Desired survivor size 3670016 bytes, new threshold 1 (max threshold 15)
[13.009s][info ][gc,heap        ] GC(1072) PSYoungGen: 15771K->2145K(17920K)
[13.009s][info ][gc,heap        ] GC(1072) ParOldGen: 6654K->6670K(38400K)
[13.009s][info ][gc,metaspace   ] GC(1072) Metaspace: 15860K->15860K(1064960K)
[13.009s][info ][gc             ] GC(1072) Pause Young (Allocation Failure) 21M->8M(55M) 1.687ms
[13.009s][info ][gc,cpu         ] GC(1072) User=0.01s Sys=0.00s Real=0.00s
[13.010s][info ][gc,start       ] GC(1073) Pause Young (Allocation Failure)
[13.011s][debug][gc,phases      ] GC(1073) Scavenge 1.049ms
[13.011s][debug][gc,phases      ] GC(1073) Reference Processing 0.034ms
[13.011s][debug][gc,phases      ] GC(1073) Weak Processing 0.011ms
[13.012s][debug][gc,phases      ] GC(1073) Scrub String Table 0.070ms
[13.012s][debug][gc,age         ] GC(1073) Desired survivor size 3670016 bytes, new threshold 1 (max threshold 15)
[13.012s][info ][gc,heap        ] GC(1073) PSYoungGen: 16476K->2958K(17920K)
[13.012s][info ][gc,heap        ] GC(1073) ParOldGen: 6670K->6702K(38400K)
[13.012s][info ][gc,metaspace   ] GC(1073) Metaspace: 15860K->15860K(1064960K)
[13.012s][info ][gc             ] GC(1073) Pause Young (Allocation Failure) 22M->9M(55M) 1.359ms
[13.012s][info ][gc,cpu         ] GC(1073) User=0.00s Sys=0.00s Real=0.00s
[13.013s][info ][gc,start       ] GC(1074) Pause Young (Allocation Failure)
[13.013s][debug][gc,phases      ] GC(1074) Scavenge 0.385ms
[13.013s][debug][gc,phases      ] GC(1074) Reference Processing 0.025ms
[13.013s][debug][gc,phases      ] GC(1074) Weak Processing 0.011ms
[13.013s][debug][gc,phases      ] GC(1074) Scrub String Table 0.074ms
[13.013s][debug][gc,age         ] GC(1074) Desired survivor size 4194304 bytes, new threshold 1 (max threshold 15)
[13.013s][info ][gc,heap        ] GC(1074) PSYoungGen: 16944K->2958K(17408K)
[13.013s][info ][gc,heap        ] GC(1074) ParOldGen: 6702K->6710K(38400K)
[13.014s][info ][gc,metaspace   ] GC(1074) Metaspace: 15860K->15860K(1064960K)
[13.014s][info ][gc             ] GC(1074) Pause Young (Allocation Failure) 23M->9M(54M) 0.720ms
[13.014s][info ][gc,cpu         ] GC(1074) User=0.00s Sys=0.01s Real=0.00s
[13.015s][info ][gc,start       ] GC(1075) Pause Young (Allocation Failure)
[13.016s][debug][gc,phases      ] GC(1075) Scavenge 1.549ms
[13.016s][debug][gc,phases      ] GC(1075) Reference Processing 0.023ms
[13.016s][debug][gc,phases      ] GC(1075) Weak Processing 0.011ms
[13.017s][debug][gc,phases      ] GC(1075) Scrub String Table 0.072ms
[13.017s][debug][gc,age         ] GC(1075) Desired survivor size 3670016 bytes, new threshold 1 (max threshold 15)
[13.017s][info ][gc,heap        ] GC(1075) PSYoungGen: 17256K->2503K(17920K)
[13.017s][info ][gc,heap        ] GC(1075) ParOldGen: 6710K->7531K(38400K)
[13.017s][info ][gc,metaspace   ] GC(1075) Metaspace: 15860K->15860K(1064960K)
[13.017s][info ][gc             ] GC(1075) Pause Young (Allocation Failure) 23M->9M(55M) 1.880ms
[13.017s][info ][gc,cpu         ] GC(1075) User=0.00s Sys=0.00s Real=0.01s
[13.018s][info ][gc,start       ] GC(1076) Pause Young (Allocation Failure)
[13.019s][debug][gc,phases      ] GC(1076) Scavenge 1.034ms
[13.019s][debug][gc,phases      ] GC(1076) Reference Processing 0.022ms
[13.019s][debug][gc,phases      ] GC(1076) Weak Processing 0.010ms
[13.019s][debug][gc,phases      ] GC(1076) Scrub String Table 0.069ms
[13.019s][debug][gc,age         ] GC(1076) Desired survivor size 3670016 bytes, new threshold 1 (max threshold 15)
[13.019s][info ][gc,heap        ] GC(1076) PSYoungGen: 16098K->2535K(17408K)
[13.019s][info ][gc,heap        ] GC(1076) ParOldGen: 7531K->7531K(38400K)
[13.019s][info ][gc,metaspace   ] GC(1076) Metaspace: 15860K->15860K(1064960K)
[13.019s][info ][gc             ] GC(1076) Pause Young (Allocation Failure) 23M->9M(54M) 1.342ms
[13.019s][info ][gc,cpu         ] GC(1076) User=0.01s Sys=0.00s Real=0.00s
[13.020s][info ][gc,start       ] GC(1077) Pause Young (Allocation Failure)
[13.022s][debug][gc,phases      ] GC(1077) Scavenge 1.201ms
[13.022s][debug][gc,phases      ] GC(1077) Reference Processing 0.019ms
[13.022s][debug][gc,phases      ] GC(1077) Weak Processing 0.011ms
[13.022s][debug][gc,phases      ] GC(1077) Scrub String Table 0.071ms
[13.022s][debug][gc,age         ] GC(1077) Desired survivor size 3670016 bytes, new threshold 1 (max threshold 15)
[13.022s][info ][gc,heap        ] GC(1077) PSYoungGen: 16071K->1299K(17408K)
[13.022s][info ][gc,heap        ] GC(1077) ParOldGen: 7531K->7563K(38400K)
[13.022s][info ][gc,metaspace   ] GC(1077) Metaspace: 15860K->15860K(1064960K)
[13.022s][info ][gc             ] GC(1077) Pause Young (Allocation Failure) 23M->8M(54M) 1.726ms
[13.022s][info ][gc,cpu         ] GC(1077) User=0.01s Sys=0.00s Real=0.00s
[13.023s][info ][gc,start       ] GC(1078) Pause Young (Allocation Failure)
[13.024s][debug][gc,phases      ] GC(1078) Scavenge 1.128ms
[13.024s][debug][gc,phases      ] GC(1078) Reference Processing 0.022ms
[13.024s][debug][gc,phases      ] GC(1078) Weak Processing 0.011ms
[13.024s][debug][gc,phases      ] GC(1078) Scrub String Table 0.069ms
[13.024s][debug][gc,age         ] GC(1078) Desired survivor size 3670016 bytes, new threshold 1 (max threshold 15)
[13.025s][info ][gc,heap        ] GC(1078) PSYoungGen: 14809K->1786K(17408K)
[13.025s][info ][gc,heap        ] GC(1078) ParOldGen: 7563K->7579K(38400K)
[13.025s][info ][gc,metaspace   ] GC(1078) Metaspace: 15860K->15860K(1064960K)
[13.025s][info ][gc             ] GC(1078) Pause Young (Allocation Failure) 21M->9M(54M) 1.422ms
[13.025s][info ][gc,cpu         ] GC(1078) User=0.01s Sys=0.00s Real=0.00s
[13.026s][info ][gc,start       ] GC(1079) Pause Young (Allocation Failure)
[13.027s][debug][gc,phases      ] GC(1079) Scavenge 1.265ms
[13.027s][debug][gc,phases      ] GC(1079) Reference Processing 0.021ms
[13.027s][debug][gc,phases      ] GC(1079) Weak Processing 0.011ms
[13.027s][debug][gc,phases      ] GC(1079) Scrub String Table 0.070ms
[13.027s][debug][gc,age         ] GC(1079) Desired survivor size 3670016 bytes, new threshold 1 (max threshold 15)
[13.027s][info ][gc,heap        ] GC(1079) PSYoungGen: 15302K->1331K(17920K)
[13.027s][info ][gc,heap        ] GC(1079) ParOldGen: 7579K->8002K(38400K)
[13.027s][info ][gc,metaspace   ] GC(1079) Metaspace: 15860K->15860K(1064960K)
[13.027s][info ][gc             ] GC(1079) Pause Young (Allocation Failure) 22M->9M(55M) 1.574ms
[13.027s][info ][gc,cpu         ] GC(1079) User=0.01s Sys=0.00s Real=0.01s
[13.028s][info ][gc,start       ] GC(1080) Pause Young (Allocation Failure)
[13.029s][debug][gc,phases      ] GC(1080) Scavenge 0.969ms
[13.030s][debug][gc,phases      ] GC(1080) Reference Processing 0.026ms
[13.030s][debug][gc,phases      ] GC(1080) Weak Processing 0.011ms
[13.030s][debug][gc,phases      ] GC(1080) Scrub String Table 0.069ms
[13.030s][debug][gc,age         ] GC(1080) Desired survivor size 3670016 bytes, new threshold 1 (max threshold 15)
[13.030s][info ][gc,heap        ] GC(1080) PSYoungGen: 15299K->2145K(17920K)
[13.030s][info ][gc,heap        ] GC(1080) ParOldGen: 8002K->8018K(38400K)
[13.030s][info ][gc,metaspace   ] GC(1080) Metaspace: 15860K->15860K(1064960K)
[13.030s][info ][gc             ] GC(1080) Pause Young (Allocation Failure) 22M->9M(55M) 1.291ms
[13.030s][info ][gc,cpu         ] GC(1080) User=0.00s Sys=0.00s Real=0.00s
[13.031s][info ][gc,start       ] GC(1081) Pause Young (Allocation Failure)
[13.033s][debug][gc,phases      ] GC(1081) Scavenge 1.506ms
[13.033s][debug][gc,phases      ] GC(1081) Reference Processing 0.019ms
[13.033s][debug][gc,phases      ] GC(1081) Weak Processing 0.012ms
[13.033s][debug][gc,phases      ] GC(1081) Scrub String Table 0.070ms
[13.033s][debug][gc,age         ] GC(1081) Desired survivor size 3670016 bytes, new threshold 1 (max threshold 15)
[13.033s][info ][gc,heap        ] GC(1081) PSYoungGen: 16456K->2113K(17920K)
[13.033s][info ][gc,heap        ] GC(1081) ParOldGen: 8018K->8449K(38400K)
[13.033s][info ][gc,metaspace   ] GC(1081) Metaspace: 15860K->15860K(1064960K)
[13.033s][info ][gc             ] GC(1081) Pause Young (Allocation Failure) 23M->10M(55M) 1.846ms
[13.033s][info ][gc,cpu         ] GC(1081) User=0.00s Sys=0.00s Real=0.00s
[13.034s][info ][gc,start       ] GC(1082) Pause Young (Allocation Failure)
[13.035s][debug][gc,phases      ] GC(1082) Scavenge 1.139ms
[13.035s][debug][gc,phases      ] GC(1082) Reference Processing 0.024ms
[13.035s][debug][gc,phases      ] GC(1082) Weak Processing 0.015ms
[13.035s][debug][gc,phases      ] GC(1082) Scrub String Table 0.079ms
[13.035s][debug][gc,age         ] GC(1082) Desired survivor size 3670016 bytes, new threshold 1 (max threshold 15)
[13.035s][info ][gc,heap        ] GC(1082) PSYoungGen: 16058K->1722K(17920K)
[13.035s][info ][gc,heap        ] GC(1082) ParOldGen: 8449K->8863K(38400K)
[13.035s][info ][gc,metaspace   ] GC(1082) Metaspace: 15860K->15860K(1064960K)
[13.035s][info ][gc             ] GC(1082) Pause Young (Allocation Failure) 23M->10M(55M) 1.550ms
[13.035s][info ][gc,cpu         ] GC(1082) User=0.00s Sys=0.00s Real=0.00s
[13.037s][info ][gc,start       ] GC(1083) Pause Young (Allocation Failure)
[13.038s][debug][gc,phases      ] GC(1083) Scavenge 1.172ms
[13.038s][debug][gc,phases      ] GC(1083) Reference Processing 0.023ms
[13.038s][debug][gc,phases      ] GC(1083) Weak Processing 0.010ms
[13.038s][debug][gc,phases      ] GC(1083) Scrub String Table 0.069ms
[13.038s][debug][gc,age         ] GC(1083) Desired survivor size 3670016 bytes, new threshold 1 (max threshold 15)
[13.038s][info ][gc,heap        ] GC(1083) PSYoungGen: 16044K->1722K(17920K)
[13.038s][info ][gc,heap        ] GC(1083) ParOldGen: 8863K->8887K(38400K)
[13.038s][info ][gc,metaspace   ] GC(1083) Metaspace: 15860K->15860K(1064960K)
[13.038s][info ][gc             ] GC(1083) Pause Young (Allocation Failure) 24M->10M(55M) 1.456ms
[13.038s][info ][gc,cpu         ] GC(1083) User=0.00s Sys=0.00s Real=0.00s
[13.039s][info ][gc,start       ] GC(1084) Pause Young (Allocation Failure)
[13.040s][debug][gc,phases      ] GC(1084) Scavenge 1.118ms
[13.041s][debug][gc,phases      ] GC(1084) Reference Processing 0.023ms
[13.041s][debug][gc,phases      ] GC(1084) Weak Processing 0.011ms
[13.041s][debug][gc,phases      ] GC(1084) Scrub String Table 0.070ms
[13.041s][debug][gc,age         ] GC(1084) Desired survivor size 3670016 bytes, new threshold 1 (max threshold 15)
[13.041s][info ][gc,heap        ] GC(1084) PSYoungGen: 15715K->1754K(17920K)
[13.041s][info ][gc,heap        ] GC(1084) ParOldGen: 8887K->8903K(38400K)
[13.041s][info ][gc,metaspace   ] GC(1084) Metaspace: 15860K->15860K(1064960K)
[13.041s][info ][gc             ] GC(1084) Pause Young (Allocation Failure) 24M->10M(55M) 1.423ms
[13.041s][info ][gc,cpu         ] GC(1084) User=0.01s Sys=0.00s Real=0.00s
[13.042s][info ][gc,start       ] GC(1085) Pause Young (Allocation Failure)
[13.043s][debug][gc,phases      ] GC(1085) Scavenge 1.029ms
[13.043s][debug][gc,phases      ] GC(1085) Reference Processing 0.019ms
[13.043s][debug][gc,phases      ] GC(1085) Weak Processing 0.011ms
[13.043s][debug][gc,phases      ] GC(1085) Scrub String Table 0.072ms
[13.043s][debug][gc,age         ] GC(1085) Desired survivor size 3670016 bytes, new threshold 1 (max threshold 15)
[13.043s][info ][gc,heap        ] GC(1085) PSYoungGen: 16024K->1754K(17920K)
[13.043s][info ][gc,heap        ] GC(1085) ParOldGen: 8903K->8943K(38400K)
[13.043s][info ][gc,metaspace   ] GC(1085) Metaspace: 15860K->15860K(1064960K)
[13.043s][info ][gc             ] GC(1085) Pause Young (Allocation Failure) 24M->10M(55M) 1.328ms
[13.044s][info ][gc,cpu         ] GC(1085) User=0.01s Sys=0.00s Real=0.00s
[13.045s][info ][gc,start       ] GC(1086) Pause Young (Allocation Failure)
[13.046s][debug][gc,phases      ] GC(1086) Scavenge 1.178ms
[13.046s][debug][gc,phases      ] GC(1086) Reference Processing 0.020ms
[13.046s][debug][gc,phases      ] GC(1086) Weak Processing 0.011ms
[13.046s][debug][gc,phases      ] GC(1086) Scrub String Table 0.069ms
[13.046s][debug][gc,age         ] GC(1086) Desired survivor size 3145728 bytes, new threshold 1 (max threshold 15)
[13.046s][info ][gc,heap        ] GC(1086) PSYoungGen: 16080K->2113K(16896K)
[13.046s][info ][gc,heap        ] GC(1086) ParOldGen: 8943K->9358K(38400K)
[13.046s][info ][gc,metaspace   ] GC(1086) Metaspace: 15860K->15860K(1064960K)
[13.046s][info ][gc             ] GC(1086) Pause Young (Allocation Failure) 24M->11M(54M) 1.522ms
[13.046s][info ][gc,cpu         ] GC(1086) User=0.01s Sys=0.01s Real=0.00s
[13.047s][info ][gc,start       ] GC(1087) Pause Young (Allocation Failure)
[13.049s][debug][gc,phases      ] GC(1087) Scavenge 1.747ms
[13.049s][debug][gc,phases      ] GC(1087) Reference Processing 0.021ms
[13.049s][debug][gc,phases      ] GC(1087) Weak Processing 0.015ms
[13.049s][debug][gc,phases      ] GC(1087) Scrub String Table 0.081ms
[13.049s][debug][gc,age         ] GC(1087) Desired survivor size 3670016 bytes, new threshold 1 (max threshold 15)
[13.050s][info ][gc,heap        ] GC(1087) PSYoungGen: 16118K->2439K(16896K)
[13.050s][info ][gc,heap        ] GC(1087) ParOldGen: 9358K->9765K(38400K)
[13.050s][info ][gc,metaspace   ] GC(1087) Metaspace: 15860K->15860K(1064960K)
[13.050s][info ][gc             ] GC(1087) Pause Young (Allocation Failure) 24M->11M(54M) 2.095ms
[13.050s][info ][gc,cpu         ] GC(1087) User=0.01s Sys=0.00s Real=0.00s
[13.051s][info ][gc,start       ] GC(1088) Pause Young (Allocation Failure)
[13.051s][debug][gc,phases      ] GC(1088) Scavenge 0.383ms
[13.051s][debug][gc,phases      ] GC(1088) Reference Processing 0.021ms
[13.051s][debug][gc,phases      ] GC(1088) Weak Processing 0.011ms
[13.051s][debug][gc,phases      ] GC(1088) Scrub String Table 0.068ms
[13.051s][debug][gc,age         ] GC(1088) Desired survivor size 3670016 bytes, new threshold 1 (max threshold 15)
[13.051s][info ][gc,heap        ] GC(1088) PSYoungGen: 16023K->2599K(17408K)
[13.051s][info ][gc,heap        ] GC(1088) ParOldGen: 9765K->10171K(38400K)
[13.051s][info ][gc,metaspace   ] GC(1088) Metaspace: 15860K->15860K(1064960K)
[13.051s][info ][gc             ] GC(1088) Pause Young (Allocation Failure) 25M->12M(54M) 0.664ms
[13.051s][info ][gc,cpu         ] GC(1088) User=0.00s Sys=0.00s Real=0.00s
[13.053s][info ][gc,start       ] GC(1089) Pause Young (Allocation Failure)
[13.053s][debug][gc,phases      ] GC(1089) Scavenge 0.381ms
[13.053s][debug][gc,phases      ] GC(1089) Reference Processing 0.026ms
[13.053s][debug][gc,phases      ] GC(1089) Weak Processing 0.011ms
[13.053s][debug][gc,phases      ] GC(1089) Scrub String Table 0.073ms
[13.053s][debug][gc,age         ] GC(1089) Desired survivor size 3670016 bytes, new threshold 1 (max threshold 15)
[13.053s][info ][gc,heap        ] GC(1089) PSYoungGen: 16220K->2177K(17920K)
[13.053s][info ][gc,heap        ] GC(1089) ParOldGen: 10171K->10203K(38400K)
[13.053s][info ][gc,metaspace   ] GC(1089) Metaspace: 15861K->15861K(1064960K)
[13.053s][info ][gc             ] GC(1089) Pause Young (Allocation Failure) 25M->12M(55M) 0.672ms
[13.053s][info ][gc,cpu         ] GC(1089) User=0.00s Sys=0.00s Real=0.00s
[13.054s][info ][gc,start       ] GC(1090) Pause Young (Allocation Failure)
[13.055s][debug][gc,phases      ] GC(1090) Scavenge 0.763ms
[13.055s][debug][gc,phases      ] GC(1090) Reference Processing 0.020ms
[13.055s][debug][gc,phases      ] GC(1090) Weak Processing 0.011ms
[13.055s][debug][gc,phases      ] GC(1090) Scrub String Table 0.070ms
[13.055s][debug][gc,age         ] GC(1090) Desired survivor size 3145728 bytes, new threshold 1 (max threshold 15)
[13.055s][info ][gc,heap        ] GC(1090) PSYoungGen: 16174K->2113K(16896K)
[13.055s][info ][gc,heap        ] GC(1090) ParOldGen: 10203K->10219K(38400K)
[13.055s][info ][gc,metaspace   ] GC(1090) Metaspace: 15861K->15861K(1064960K)
[13.055s][info ][gc             ] GC(1090) Pause Young (Allocation Failure) 25M->12M(54M) 1.074ms
[13.055s][info ][gc,cpu         ] GC(1090) User=0.00s Sys=0.00s Real=0.00s
[13.057s][info ][gc,start       ] GC(1091) Pause Young (Allocation Failure)
[13.058s][debug][gc,phases      ] GC(1091) Scavenge 0.816ms
[13.058s][debug][gc,phases      ] GC(1091) Reference Processing 0.020ms
[13.058s][debug][gc,phases      ] GC(1091) Weak Processing 0.011ms
[13.058s][debug][gc,phases      ] GC(1091) Scrub String Table 0.069ms
[13.058s][debug][gc,age         ] GC(1091) Desired survivor size 3145728 bytes, new threshold 1 (max threshold 15)
[13.058s][info ][gc,heap        ] GC(1091) PSYoungGen: 16446K->1722K(17408K)
[13.058s][info ][gc,heap        ] GC(1091) ParOldGen: 10219K->10626K(38400K)
[13.058s][info ][gc,metaspace   ] GC(1091) Metaspace: 15861K->15861K(1064960K)
[13.058s][info ][gc             ] GC(1091) Pause Young (Allocation Failure) 26M->12M(54M) 1.122ms
[13.058s][info ][gc,cpu         ] GC(1091) User=0.00s Sys=0.00s Real=0.00s
[13.059s][info ][gc,start       ] GC(1092) Pause Young (Allocation Failure)
[13.059s][debug][gc,phases      ] GC(1092) Scavenge 0.304ms
[13.059s][debug][gc,phases      ] GC(1092) Reference Processing 0.025ms
[13.059s][debug][gc,phases      ] GC(1092) Weak Processing 0.010ms
[13.060s][debug][gc,phases      ] GC(1092) Scrub String Table 0.069ms
[13.060s][debug][gc,age         ] GC(1092) Desired survivor size 3145728 bytes, new threshold 1 (max threshold 15)
[13.060s][info ][gc,heap        ] GC(1092) PSYoungGen: 15708K->2209K(17408K)
[13.060s][info ][gc,heap        ] GC(1092) ParOldGen: 10626K->10658K(38400K)
[13.060s][info ][gc,metaspace   ] GC(1092) Metaspace: 15861K->15861K(1064960K)
[13.060s][info ][gc             ] GC(1092) Pause Young (Allocation Failure) 25M->12M(54M) 0.611ms
[13.060s][info ][gc,cpu         ] GC(1092) User=0.00s Sys=0.00s Real=0.00s
[13.061s][info ][gc,start       ] GC(1093) Pause Young (Allocation Failure)
[13.061s][debug][gc,phases      ] GC(1093) Scavenge 0.301ms
[13.061s][debug][gc,phases      ] GC(1093) Reference Processing 0.021ms
[13.061s][debug][gc,phases      ] GC(1093) Weak Processing 0.010ms
[13.061s][debug][gc,phases      ] GC(1093) Scrub String Table 0.069ms
[13.061s][debug][gc,age         ] GC(1093) Desired survivor size 3145728 bytes, new threshold 1 (max threshold 15)
[13.061s][info ][gc,heap        ] GC(1093) PSYoungGen: 16183K->1818K(18432K)
[13.061s][info ][gc,heap        ] GC(1093) ParOldGen: 10658K->10666K(38400K)
[13.061s][info ][gc,metaspace   ] GC(1093) Metaspace: 15861K->15861K(1064960K)
[13.061s][info ][gc             ] GC(1093) Pause Young (Allocation Failure) 26M->12M(55M) 0.587ms
[13.061s][info ][gc,cpu         ] GC(1093) User=0.00s Sys=0.00s Real=0.00s
[13.063s][info ][gc,start       ] GC(1094) Pause Young (Allocation Failure)
[13.064s][debug][gc,phases      ] GC(1094) Scavenge 1.378ms
[13.064s][debug][gc,phases      ] GC(1094) Reference Processing 0.022ms
[13.064s][debug][gc,phases      ] GC(1094) Weak Processing 0.011ms
[13.064s][debug][gc,phases      ] GC(1094) Scrub String Table 0.082ms
[13.064s][debug][gc,age         ] GC(1094) Desired survivor size 3145728 bytes, new threshold 1 (max threshold 15)
[13.064s][info ][gc,heap        ] GC(1094) PSYoungGen: 16978K->2535K(18432K)
[13.064s][info ][gc,heap        ] GC(1094) ParOldGen: 10666K->10674K(38400K)
[13.064s][info ][gc,metaspace   ] GC(1094) Metaspace: 15861K->15861K(1064960K)
[13.064s][info ][gc             ] GC(1094) Pause Young (Allocation Failure) 26M->12M(55M) 1.867ms
[13.064s][info ][gc,cpu         ] GC(1094) User=0.00s Sys=0.00s Real=0.00s
[13.066s][info ][gc,start       ] GC(1095) Pause Young (Allocation Failure)
[13.067s][debug][gc,phases      ] GC(1095) Scavenge 0.780ms
[13.067s][debug][gc,phases      ] GC(1095) Reference Processing 0.019ms
[13.067s][debug][gc,phases      ] GC(1095) Weak Processing 0.010ms
[13.067s][debug][gc,phases      ] GC(1095) Scrub String Table 0.068ms
[13.067s][debug][gc,age         ] GC(1095) Desired survivor size 3670016 bytes, new threshold 1 (max threshold 15)
[13.067s][info ][gc,heap        ] GC(1095) PSYoungGen: 17690K->2599K(17408K)
[13.067s][info ][gc,heap        ] GC(1095) ParOldGen: 10674K->10674K(38400K)
[13.067s][info ][gc,metaspace   ] GC(1095) Metaspace: 15861K->15861K(1064960K)
[13.067s][info ][gc             ] GC(1095) Pause Young (Allocation Failure) 27M->12M(54M) 1.078ms
[13.067s][info ][gc,cpu         ] GC(1095) User=0.00s Sys=0.00s Real=0.01s
[13.068s][info ][gc,start       ] GC(1096) Pause Young (Allocation Failure)
[13.068s][debug][gc,phases      ] GC(1096) Scavenge 0.276ms
[13.068s][debug][gc,phases      ] GC(1096) Reference Processing 0.025ms
[13.068s][debug][gc,phases      ] GC(1096) Weak Processing 0.011ms
[13.068s][debug][gc,phases      ] GC(1096) Scrub String Table 0.068ms
[13.069s][debug][gc,age         ] GC(1096) Desired survivor size 3145728 bytes, new threshold 1 (max threshold 15)
[13.069s][info ][gc,heap        ] GC(1096) PSYoungGen: 16559K->1786K(17920K)
[13.069s][info ][gc,heap        ] GC(1096) ParOldGen: 10674K->10674K(38400K)
[13.069s][info ][gc,metaspace   ] GC(1096) Metaspace: 15861K->15861K(1064960K)
[13.069s][info ][gc             ] GC(1096) Pause Young (Allocation Failure) 26M->12M(55M) 0.592ms
[13.069s][info ][gc,cpu         ] GC(1096) User=0.00s Sys=0.00s Real=0.00s
[13.070s][info ][gc,start       ] GC(1097) Pause Young (Allocation Failure)
[13.070s][debug][gc,phases      ] GC(1097) Scavenge 0.222ms
[13.070s][debug][gc,phases      ] GC(1097) Reference Processing 0.030ms
[13.070s][debug][gc,phases      ] GC(1097) Weak Processing 0.030ms
[13.070s][debug][gc,phases      ] GC(1097) Scrub String Table 0.079ms
[13.070s][debug][gc,age         ] GC(1097) Desired survivor size 3670016 bytes, new threshold 1 (max threshold 15)
[13.070s][info ][gc,heap        ] GC(1097) PSYoungGen: 15744K->1005K(17408K)
[13.070s][info ][gc,heap        ] GC(1097) ParOldGen: 10674K->10674K(38400K)
[13.070s][info ][gc,metaspace   ] GC(1097) Metaspace: 15861K->15861K(1064960K)
[13.070s][info ][gc             ] GC(1097) Pause Young (Allocation Failure) 25M->11M(54M) 0.642ms
[13.070s][info ][gc,cpu         ] GC(1097) User=0.00s Sys=0.00s Real=0.00s
[13.071s][info ][gc,start       ] GC(1098) Pause Young (Allocation Failure)
[13.073s][debug][gc,phases      ] GC(1098) Scavenge 1.182ms
[13.073s][debug][gc,phases      ] GC(1098) Reference Processing 0.026ms
[13.073s][debug][gc,phases      ] GC(1098) Weak Processing 0.011ms
[13.073s][debug][gc,phases      ] GC(1098) Scrub String Table 0.069ms
[13.073s][debug][gc,age         ] GC(1098) Desired survivor size 3670016 bytes, new threshold 1 (max threshold 15)
[13.073s][info ][gc,heap        ] GC(1098) PSYoungGen: 14961K->2567K(17920K)
[13.073s][info ][gc,heap        ] GC(1098) ParOldGen: 10674K->10682K(38400K)
[13.073s][info ][gc,metaspace   ] GC(1098) Metaspace: 15861K->15861K(1064960K)
[13.073s][info ][gc             ] GC(1098) Pause Young (Allocation Failure) 25M->12M(55M) 1.508ms
[13.073s][info ][gc,cpu         ] GC(1098) User=0.00s Sys=0.01s Real=0.00s
[13.074s][info ][gc,start       ] GC(1099) Pause Young (Allocation Failure)
[13.074s][debug][gc,phases      ] GC(1099) Scavenge 0.302ms
[13.074s][debug][gc,phases      ] GC(1099) Reference Processing 0.020ms
[13.074s][debug][gc,phases      ] GC(1099) Weak Processing 0.010ms
[13.075s][debug][gc,phases      ] GC(1099) Scrub String Table 0.068ms
[13.075s][debug][gc,age         ] GC(1099) Desired survivor size 3670016 bytes, new threshold 1 (max threshold 15)
[13.075s][info ][gc,heap        ] GC(1099) PSYoungGen: 16523K->1818K(17920K)
[13.075s][info ][gc,heap        ] GC(1099) ParOldGen: 10682K->10682K(38400K)
[13.075s][info ][gc,metaspace   ] GC(1099) Metaspace: 15861K->15861K(1064960K)
[13.075s][info ][gc             ] GC(1099) Pause Young (Allocation Failure) 26M->12M(55M) 0.586ms
[13.075s][info ][gc,cpu         ] GC(1099) User=0.00s Sys=0.00s Real=0.00s
[13.076s][info ][gc,start       ] GC(1100) Pause Young (Allocation Failure)
[13.077s][debug][gc,phases      ] GC(1100) Scavenge 0.712ms
[13.077s][debug][gc,phases      ] GC(1100) Reference Processing 0.021ms
[13.077s][debug][gc,phases      ] GC(1100) Weak Processing 0.010ms
[13.077s][debug][gc,phases      ] GC(1100) Scrub String Table 0.068ms
[13.077s][debug][gc,age         ] GC(1100) Desired survivor size 3670016 bytes, new threshold 1 (max threshold 15)
[13.077s][info ][gc,heap        ] GC(1100) PSYoungGen: 16154K->2177K(17920K)
[13.077s][info ][gc,heap        ] GC(1100) ParOldGen: 10682K->10698K(38400K)
[13.077s][info ][gc,metaspace   ] GC(1100) Metaspace: 15861K->15861K(1064960K)
[13.077s][info ][gc             ] GC(1100) Pause Young (Allocation Failure) 26M->12M(55M) 1.015ms
[13.077s][info ][gc,cpu         ] GC(1100) User=0.00s Sys=0.00s Real=0.01s
[13.078s][info ][gc,start       ] GC(1101) Pause Young (Allocation Failure)
[13.078s][debug][gc,phases      ] GC(1101) Scavenge 0.353ms
[13.078s][debug][gc,phases      ] GC(1101) Reference Processing 0.023ms
[13.078s][debug][gc,phases      ] GC(1101) Weak Processing 0.010ms
[13.078s][debug][gc,phases      ] GC(1101) Scrub String Table 0.068ms
[13.079s][debug][gc,age         ] GC(1101) Desired survivor size 3145728 bytes, new threshold 1 (max threshold 15)
[13.079s][info ][gc,heap        ] GC(1101) PSYoungGen: 16489K->2209K(16896K)
[13.079s][info ][gc,heap        ] GC(1101) ParOldGen: 10698K->10714K(38400K)
[13.079s][info ][gc,metaspace   ] GC(1101) Metaspace: 15861K->15861K(1064960K)
[13.079s][info ][gc             ] GC(1101) Pause Young (Allocation Failure) 26M->12M(54M) 0.722ms
[13.079s][info ][gc,cpu         ] GC(1101) User=0.00s Sys=0.00s Real=0.00s
[13.080s][info ][gc,start       ] GC(1102) Pause Young (Allocation Failure)
[13.081s][debug][gc,phases      ] GC(1102) Scavenge 1.333ms
[13.081s][debug][gc,phases      ] GC(1102) Reference Processing 0.021ms
[13.081s][debug][gc,phases      ] GC(1102) Weak Processing 0.011ms
[13.081s][debug][gc,phases      ] GC(1102) Scrub String Table 0.068ms
[13.081s][debug][gc,age         ] GC(1102) Desired survivor size 3670016 bytes, new threshold 1 (max threshold 15)
[13.081s][info ][gc,heap        ] GC(1102) PSYoungGen: 16545K->2958K(17408K)
[13.081s][info ][gc,heap        ] GC(1102) ParOldGen: 10714K->10738K(38400K)
[13.081s][info ][gc,metaspace   ] GC(1102) Metaspace: 15861K->15861K(1064960K)
[13.082s][info ][gc             ] GC(1102) Pause Young (Allocation Failure) 26M->13M(54M) 1.656ms
[13.082s][info ][gc,cpu         ] GC(1102) User=0.01s Sys=0.00s Real=0.00s
[13.083s][info ][gc,start       ] GC(1103) Pause Young (Allocation Failure)
[13.083s][debug][gc,phases      ] GC(1103) Scavenge 0.287ms
[13.083s][debug][gc,phases      ] GC(1103) Reference Processing 0.020ms
[13.083s][debug][gc,phases      ] GC(1103) Weak Processing 0.010ms
[13.083s][debug][gc,phases      ] GC(1103) Scrub String Table 0.067ms
[13.083s][debug][gc,age         ] GC(1103) Desired survivor size 3670016 bytes, new threshold 1 (max threshold 15)
[13.083s][info ][gc,heap        ] GC(1103) PSYoungGen: 16920K->2209K(17920K)
[13.083s][info ][gc,heap        ] GC(1103) ParOldGen: 10738K->10746K(38400K)
[13.083s][info ][gc,metaspace   ] GC(1103) Metaspace: 15861K->15861K(1064960K)
[13.083s][info ][gc             ] GC(1103) Pause Young (Allocation Failure) 27M->12M(55M) 0.573ms
[13.083s][info ][gc,cpu         ] GC(1103) User=0.00s Sys=0.00s Real=0.00s
[13.084s][info ][gc,start       ] GC(1104) Pause Young (Allocation Failure)
[13.085s][debug][gc,phases      ] GC(1104) Scavenge 0.268ms
[13.085s][debug][gc,phases      ] GC(1104) Reference Processing 0.020ms
[13.085s][debug][gc,phases      ] GC(1104) Weak Processing 0.010ms
[13.085s][debug][gc,phases      ] GC(1104) Scrub String Table 0.068ms
[13.085s][debug][gc,age         ] GC(1104) Desired survivor size 3670016 bytes, new threshold 1 (max threshold 15)
[13.085s][info ][gc,heap        ] GC(1104) PSYoungGen: 16168K->1363K(17920K)
[13.085s][info ][gc,heap        ] GC(1104) ParOldGen: 10746K->10754K(38400K)
[13.085s][info ][gc,metaspace   ] GC(1104) Metaspace: 15861K->15861K(1064960K)
[13.085s][info ][gc             ] GC(1104) Pause Young (Allocation Failure) 26M->11M(55M) 0.561ms
[13.085s][info ][gc,cpu         ] GC(1104) User=0.00s Sys=0.00s Real=0.00s
[13.086s][info ][gc,start       ] GC(1105) Pause Young (Allocation Failure)
[13.087s][debug][gc,phases      ] GC(1105) Scavenge 0.870ms
[13.087s][debug][gc,phases      ] GC(1105) Reference Processing 0.031ms
[13.087s][debug][gc,phases      ] GC(1105) Weak Processing 0.014ms
[13.087s][debug][gc,phases      ] GC(1105) Scrub String Table 0.088ms
[13.087s][debug][gc,age         ] GC(1105) Desired survivor size 3670016 bytes, new threshold 1 (max threshold 15)
[13.087s][info ][gc,heap        ] GC(1105) PSYoungGen: 15321K->2958K(17920K)
[13.087s][info ][gc,heap        ] GC(1105) ParOldGen: 10754K->10754K(38400K)
[13.087s][info ][gc,metaspace   ] GC(1105) Metaspace: 15861K->15861K(1064960K)
[13.087s][info ][gc             ] GC(1105) Pause Young (Allocation Failure) 25M->13M(55M) 1.247ms
[13.087s][info ][gc,cpu         ] GC(1105) User=0.01s Sys=0.00s Real=0.01s
[13.088s][info ][gc,start       ] GC(1106) Pause Young (Allocation Failure)
[13.089s][debug][gc,phases      ] GC(1106) Scavenge 0.810ms
[13.089s][debug][gc,phases      ] GC(1106) Reference Processing 0.020ms
[13.089s][debug][gc,phases      ] GC(1106) Weak Processing 0.011ms
[13.090s][debug][gc,phases      ] GC(1106) Scrub String Table 0.069ms
[13.090s][debug][gc,age         ] GC(1106) Desired survivor size 3670016 bytes, new threshold 1 (max threshold 15)
[13.090s][info ][gc,heap        ] GC(1106) PSYoungGen: 17294K->2113K(17920K)
[13.090s][info ][gc,heap        ] GC(1106) ParOldGen: 10754K->10770K(38400K)
[13.090s][info ][gc,metaspace   ] GC(1106) Metaspace: 15861K->15861K(1064960K)
[13.090s][info ][gc             ] GC(1106) Pause Young (Allocation Failure) 27M->12M(55M) 1.112ms
[13.090s][info ][gc,cpu         ] GC(1106) User=0.01s Sys=0.00s Real=0.00s
[13.091s][info ][gc,start       ] GC(1107) Pause Young (Allocation Failure)
[13.091s][debug][gc,phases      ] GC(1107) Scavenge 0.380ms
[13.091s][debug][gc,phases      ] GC(1107) Reference Processing 0.019ms
[13.091s][debug][gc,phases      ] GC(1107) Weak Processing 0.010ms
[13.091s][debug][gc,phases      ] GC(1107) Scrub String Table 0.068ms
[13.091s][debug][gc,age         ] GC(1107) Desired survivor size 3670016 bytes, new threshold 1 (max threshold 15)
[13.091s][info ][gc,heap        ] GC(1107) PSYoungGen: 16068K->2599K(17920K)
[13.091s][info ][gc,heap        ] GC(1107) ParOldGen: 10770K->10770K(38400K)
[13.091s][info ][gc,metaspace   ] GC(1107) Metaspace: 15861K->15861K(1064960K)
[13.091s][info ][gc             ] GC(1107) Pause Young (Allocation Failure) 26M->13M(55M) 0.653ms
[13.091s][info ][gc,cpu         ] GC(1107) User=0.01s Sys=0.00s Real=0.00s
[13.092s][info ][gc,start       ] GC(1108) Pause Young (Allocation Failure)
[13.093s][debug][gc,phases      ] GC(1108) Scavenge 0.424ms
[13.093s][debug][gc,phases      ] GC(1108) Reference Processing 0.021ms
[13.093s][debug][gc,phases      ] GC(1108) Weak Processing 0.010ms
[13.093s][debug][gc,phases      ] GC(1108) Scrub String Table 0.068ms
[13.093s][debug][gc,age         ] GC(1108) Desired survivor size 3670016 bytes, new threshold 1 (max threshold 15)
[13.093s][info ][gc,heap        ] GC(1108) PSYoungGen: 16554K->2599K(17920K)
[13.093s][info ][gc,heap        ] GC(1108) ParOldGen: 10770K->10778K(38400K)
[13.093s][info ][gc,metaspace   ] GC(1108) Metaspace: 15861K->15861K(1064960K)
[13.093s][info ][gc             ] GC(1108) Pause Young (Allocation Failure) 26M->13M(55M) 0.705ms
[13.093s][info ][gc,cpu         ] GC(1108) User=0.01s Sys=0.00s Real=0.00s
[13.094s][info ][gc,start       ] GC(1109) Pause Young (Allocation Failure)
[13.095s][debug][gc,phases      ] GC(1109) Scavenge 0.333ms
[13.095s][debug][gc,phases      ] GC(1109) Reference Processing 0.020ms
[13.095s][debug][gc,phases      ] GC(1109) Weak Processing 0.010ms
[13.095s][debug][gc,phases      ] GC(1109) Scrub String Table 0.068ms
[13.095s][debug][gc,age         ] GC(1109) Desired survivor size 3670016 bytes, new threshold 1 (max threshold 15)
[13.095s][info ][gc,heap        ] GC(1109) PSYoungGen: 16554K->2599K(17920K)
[13.095s][info ][gc,heap        ] GC(1109) ParOldGen: 10778K->10778K(38400K)
[13.095s][info ][gc,metaspace   ] GC(1109) Metaspace: 15861K->15861K(1064960K)
[13.095s][info ][gc             ] GC(1109) Pause Young (Allocation Failure) 26M->13M(55M) 0.638ms
[13.095s][info ][gc,cpu         ] GC(1109) User=0.00s Sys=0.00s Real=0.00s
[13.096s][info ][gc,start       ] GC(1110) Pause Young (Allocation Failure)
[13.097s][debug][gc,phases      ] GC(1110) Scavenge 0.952ms
[13.097s][debug][gc,phases      ] GC(1110) Reference Processing 0.021ms
[13.097s][debug][gc,phases      ] GC(1110) Weak Processing 0.010ms
[13.097s][debug][gc,phases      ] GC(1110) Scrub String Table 0.086ms
[13.097s][debug][gc,age         ] GC(1110) Desired survivor size 3670016 bytes, new threshold 1 (max threshold 15)
[13.097s][info ][gc,heap        ] GC(1110) PSYoungGen: 16917K->2535K(17920K)
[13.097s][info ][gc,heap        ] GC(1110) ParOldGen: 10778K->11192K(38400K)
[13.097s][info ][gc,metaspace   ] GC(1110) Metaspace: 15861K->15861K(1064960K)
[13.097s][info ][gc             ] GC(1110) Pause Young (Allocation Failure) 27M->13M(55M) 1.318ms
[13.098s][info ][gc,cpu         ] GC(1110) User=0.00s Sys=0.00s Real=0.01s
[13.099s][info ][gc,start       ] GC(1111) Pause Young (Allocation Failure)
[13.099s][debug][gc,phases      ] GC(1111) Scavenge 0.412ms
[13.099s][debug][gc,phases      ] GC(1111) Reference Processing 0.021ms
[13.099s][debug][gc,phases      ] GC(1111) Weak Processing 0.011ms
[13.099s][debug][gc,phases      ] GC(1111) Scrub String Table 0.069ms
[13.099s][debug][gc,age         ] GC(1111) Desired survivor size 3670016 bytes, new threshold 1 (max threshold 15)
[13.099s][info ][gc,heap        ] GC(1111) PSYoungGen: 16852K->1786K(17920K)
[13.099s][info ][gc,heap        ] GC(1111) ParOldGen: 11192K->11599K(38400K)
[13.099s][info ][gc,metaspace   ] GC(1111) Metaspace: 15861K->15861K(1064960K)
[13.099s][info ][gc             ] GC(1111) Pause Young (Allocation Failure) 27M->13M(55M) 0.711ms
[13.099s][info ][gc,cpu         ] GC(1111) User=0.00s Sys=0.00s Real=0.00s
[13.101s][info ][gc,start       ] GC(1112) Pause Young (Allocation Failure)
[13.101s][debug][gc,phases      ] GC(1112) Scavenge 0.351ms
[13.101s][debug][gc,phases      ] GC(1112) Reference Processing 0.021ms
[13.101s][debug][gc,phases      ] GC(1112) Weak Processing 0.012ms
[13.101s][debug][gc,phases      ] GC(1112) Scrub String Table 0.074ms
[13.101s][debug][gc,age         ] GC(1112) Desired survivor size 3670016 bytes, new threshold 1 (max threshold 15)
[13.101s][info ][gc,heap        ] GC(1112) PSYoungGen: 15760K->2990K(17920K)
[13.101s][info ][gc,heap        ] GC(1112) ParOldGen: 11599K->11607K(38400K)
[13.101s][info ][gc,metaspace   ] GC(1112) Metaspace: 15861K->15861K(1064960K)
[13.101s][info ][gc             ] GC(1112) Pause Young (Allocation Failure) 26M->14M(55M) 0.652ms
[13.101s][info ][gc,cpu         ] GC(1112) User=0.00s Sys=0.00s Real=0.00s
[13.102s][info ][gc,start       ] GC(1113) Pause Young (Allocation Failure)
[13.103s][debug][gc,phases      ] GC(1113) Scavenge 0.780ms
[13.103s][debug][gc,phases      ] GC(1113) Reference Processing 0.020ms
[13.103s][debug][gc,phases      ] GC(1113) Weak Processing 0.010ms
[13.103s][debug][gc,phases      ] GC(1113) Scrub String Table 0.069ms
[13.103s][debug][gc,age         ] GC(1113) Desired survivor size 3670016 bytes, new threshold 1 (max threshold 15)
[13.103s][info ][gc,heap        ] GC(1113) PSYoungGen: 16957K->2535K(17920K)
[13.103s][info ][gc,heap        ] GC(1113) ParOldGen: 11607K->11615K(38400K)
[13.103s][info ][gc,metaspace   ] GC(1113) Metaspace: 15861K->15861K(1064960K)
[13.103s][info ][gc             ] GC(1113) Pause Young (Allocation Failure) 27M->13M(55M) 1.066ms
[13.103s][info ][gc,cpu         ] GC(1113) User=0.00s Sys=0.00s Real=0.00s
[13.105s][info ][gc,start       ] GC(1114) Pause Young (Allocation Failure)
[13.106s][debug][gc,phases      ] GC(1114) Scavenge 0.827ms
[13.106s][debug][gc,phases      ] GC(1114) Reference Processing 0.022ms
[13.106s][debug][gc,phases      ] GC(1114) Weak Processing 0.011ms
[13.106s][debug][gc,phases      ] GC(1114) Scrub String Table 0.068ms
[13.106s][debug][gc,age         ] GC(1114) Desired survivor size 3670016 bytes, new threshold 1 (max threshold 15)
[13.106s][info ][gc,heap        ] GC(1114) PSYoungGen: 16871K->1722K(17920K)
[13.106s][info ][gc,heap        ] GC(1114) ParOldGen: 11615K->12022K(38400K)
[13.106s][info ][gc,metaspace   ] GC(1114) Metaspace: 15861K->15861K(1064960K)
[13.106s][info ][gc             ] GC(1114) Pause Young (Allocation Failure) 27M->13M(55M) 1.173ms
[13.106s][info ][gc,cpu         ] GC(1114) User=0.00s Sys=0.00s Real=0.00s
[13.107s][info ][gc,start       ] GC(1115) Pause Young (Allocation Failure)
[13.108s][debug][gc,phases      ] GC(1115) Scavenge 0.928ms
[13.108s][debug][gc,phases      ] GC(1115) Reference Processing 0.020ms
[13.108s][debug][gc,phases      ] GC(1115) Weak Processing 0.011ms
[13.108s][debug][gc,phases      ] GC(1115) Scrub String Table 0.068ms
[13.108s][debug][gc,age         ] GC(1115) Desired survivor size 3670016 bytes, new threshold 1 (max threshold 15)
[13.108s][info ][gc,heap        ] GC(1115) PSYoungGen: 15681K->2567K(17920K)
[13.108s][info ][gc,heap        ] GC(1115) ParOldGen: 12022K->12054K(38400K)
[13.108s][info ][gc,metaspace   ] GC(1115) Metaspace: 15861K->15861K(1064960K)
[13.108s][info ][gc             ] GC(1115) Pause Young (Allocation Failure) 27M->14M(55M) 1.218ms
[13.108s][info ][gc,cpu         ] GC(1115) User=0.01s Sys=0.00s Real=0.00s
[13.109s][info ][gc,start       ] GC(1116) Pause Young (Allocation Failure)
[13.110s][debug][gc,phases      ] GC(1116) Scavenge 0.189ms
[13.110s][debug][gc,phases      ] GC(1116) Reference Processing 0.022ms
[13.110s][debug][gc,phases      ] GC(1116) Weak Processing 0.010ms
[13.110s][debug][gc,phases      ] GC(1116) Scrub String Table 0.069ms
[13.110s][debug][gc,age         ] GC(1116) Desired survivor size 3670016 bytes, new threshold 1 (max threshold 15)
[13.110s][info ][gc,heap        ] GC(1116) PSYoungGen: 16525K->1005K(17920K)
[13.110s][info ][gc,heap        ] GC(1116) ParOldGen: 12054K->12062K(38400K)
[13.110s][info ][gc,metaspace   ] GC(1116) Metaspace: 15861K->15861K(1064960K)
[13.110s][info ][gc             ] GC(1116) Pause Young (Allocation Failure) 27M->12M(55M) 0.461ms
[13.110s][info ][gc,cpu         ] GC(1116) User=0.00s Sys=0.00s Real=0.00s
[13.111s][info ][gc,start       ] GC(1117) Pause Young (Allocation Failure)
[13.112s][debug][gc,phases      ] GC(1117) Scavenge 1.098ms
[13.112s][debug][gc,phases      ] GC(1117) Reference Processing 0.026ms
[13.112s][debug][gc,phases      ] GC(1117) Weak Processing 0.012ms
[13.112s][debug][gc,phases      ] GC(1117) Scrub String Table 0.071ms
[13.112s][debug][gc,age         ] GC(1117) Desired survivor size 3670016 bytes, new threshold 1 (max threshold 15)
[13.112s][info ][gc,heap        ] GC(1117) PSYoungGen: 14961K->1363K(17920K)
[13.112s][info ][gc,heap        ] GC(1117) ParOldGen: 12062K->12070K(38400K)
[13.112s][info ][gc,metaspace   ] GC(1117) Metaspace: 15861K->15861K(1064960K)
[13.112s][info ][gc             ] GC(1117) Pause Young (Allocation Failure) 26M->13M(55M) 1.511ms
[13.112s][info ][gc,cpu         ] GC(1117) User=0.01s Sys=0.00s Real=0.00s
[13.114s][info ][gc,start       ] GC(1118) Pause Young (Allocation Failure)
[13.115s][debug][gc,phases      ] GC(1118) Scavenge 1.152ms
[13.115s][debug][gc,phases      ] GC(1118) Reference Processing 0.024ms
[13.115s][debug][gc,phases      ] GC(1118) Weak Processing 0.014ms
[13.115s][debug][gc,phases      ] GC(1118) Scrub String Table 0.079ms
[13.115s][debug][gc,age         ] GC(1118) Desired survivor size 3670016 bytes, new threshold 1 (max threshold 15)
[13.115s][info ][gc,heap        ] GC(1118) PSYoungGen: 15319K->1786K(17920K)
[13.115s][info ][gc,heap        ] GC(1118) ParOldGen: 12070K->12094K(38400K)
[13.115s][info ][gc,metaspace   ] GC(1118) Metaspace: 15861K->15861K(1064960K)
[13.115s][info ][gc             ] GC(1118) Pause Young (Allocation Failure) 26M->13M(55M) 1.490ms
[13.115s][info ][gc,cpu         ] GC(1118) User=0.01s Sys=0.00s Real=0.00s
[13.116s][info ][gc,start       ] GC(1119) Pause Young (Allocation Failure)
[13.117s][debug][gc,phases      ] GC(1119) Scavenge 0.494ms
[13.117s][debug][gc,phases      ] GC(1119) Reference Processing 0.019ms
[13.117s][debug][gc,phases      ] GC(1119) Weak Processing 0.021ms
[13.117s][debug][gc,phases      ] GC(1119) Scrub String Table 0.068ms
[13.117s][debug][gc,age         ] GC(1119) Desired survivor size 4194304 bytes, new threshold 1 (max threshold 15)
[13.117s][info ][gc,heap        ] GC(1119) PSYoungGen: 15741K->2958K(16896K)
[13.117s][info ][gc,heap        ] GC(1119) ParOldGen: 12094K->12102K(38400K)
[13.117s][info ][gc,metaspace   ] GC(1119) Metaspace: 15861K->15861K(1064960K)
[13.117s][info ][gc             ] GC(1119) Pause Young (Allocation Failure) 27M->14M(54M) 0.811ms
[13.117s][info ][gc,cpu         ] GC(1119) User=0.00s Sys=0.00s Real=0.01s
[13.118s][info ][gc,start       ] GC(1120) Pause Young (Allocation Failure)
[13.120s][debug][gc,phases      ] GC(1120) Scavenge 1.614ms
[13.120s][debug][gc,phases      ] GC(1120) Reference Processing 0.022ms
[13.120s][debug][gc,phases      ] GC(1120) Weak Processing 0.011ms
[13.120s][debug][gc,phases      ] GC(1120) Scrub String Table 0.069ms
[13.120s][debug][gc,age         ] GC(1120) Desired survivor size 4194304 bytes, new threshold 1 (max threshold 15)
[13.120s][info ][gc,heap        ] GC(1120) PSYoungGen: 16111K->3317K(17408K)
[13.120s][info ][gc,heap        ] GC(1120) ParOldGen: 12102K->12102K(38400K)
[13.120s][info ][gc,metaspace   ] GC(1120) Metaspace: 15861K->15861K(1064960K)
[13.120s][info ][gc             ] GC(1120) Pause Young (Allocation Failure) 27M->15M(54M) 1.926ms
[13.120s][info ][gc,cpu         ] GC(1120) User=0.01s Sys=0.00s Real=0.00s
[13.121s][info ][gc,start       ] GC(1121) Pause Young (Allocation Failure)
[13.122s][debug][gc,phases      ] GC(1121) Scavenge 1.030ms
[13.123s][debug][gc,phases      ] GC(1121) Reference Processing 0.024ms
[13.123s][debug][gc,phases      ] GC(1121) Weak Processing 0.010ms
[13.123s][debug][gc,phases      ] GC(1121) Scrub String Table 0.068ms
[13.123s][debug][gc,age         ] GC(1121) Desired survivor size 4194304 bytes, new threshold 1 (max threshold 15)
[13.123s][info ][gc,heap        ] GC(1121) PSYoungGen: 16469K->1754K(17408K)
[13.123s][info ][gc,heap        ] GC(1121) ParOldGen: 12102K->12907K(38400K)
[13.123s][info ][gc,metaspace   ] GC(1121) Metaspace: 15861K->15861K(1064960K)
[13.123s][info ][gc             ] GC(1121) Pause Young (Allocation Failure) 27M->14M(54M) 1.316ms
[13.123s][info ][gc,cpu         ] GC(1121) User=0.00s Sys=0.00s Real=0.00s
[13.124s][info ][gc,start       ] GC(1122) Pause Young (Allocation Failure)
[13.124s][debug][gc,phases      ] GC(1122) Scavenge 0.586ms
[13.124s][debug][gc,phases      ] GC(1122) Reference Processing 0.022ms
[13.125s][debug][gc,phases      ] GC(1122) Weak Processing 0.012ms
[13.125s][debug][gc,phases      ] GC(1122) Scrub String Table 0.070ms
[13.125s][debug][gc,age         ] GC(1122) Desired survivor size 4194304 bytes, new threshold 1 (max threshold 15)
[13.125s][info ][gc,heap        ] GC(1122) PSYoungGen: 14907K->2958K(17408K)
[13.125s][info ][gc,heap        ] GC(1122) ParOldGen: 12907K->12907K(38400K)
[13.125s][info ][gc,metaspace   ] GC(1122) Metaspace: 15861K->15861K(1064960K)
[13.125s][info ][gc             ] GC(1122) Pause Young (Allocation Failure) 27M->15M(54M) 0.893ms
[13.125s][info ][gc,cpu         ] GC(1122) User=0.00s Sys=0.00s Real=0.00s
[13.126s][info ][gc,start       ] GC(1123) Pause Young (Allocation Failure)
[13.127s][debug][gc,phases      ] GC(1123) Scavenge 1.144ms
[13.127s][debug][gc,phases      ] GC(1123) Reference Processing 0.035ms
[13.127s][debug][gc,phases      ] GC(1123) Weak Processing 0.015ms
[13.127s][debug][gc,phases      ] GC(1123) Scrub String Table 0.081ms
[13.127s][debug][gc,age         ] GC(1123) Desired survivor size 4194304 bytes, new threshold 1 (max threshold 15)
[13.127s][info ][gc,heap        ] GC(1123) PSYoungGen: 16075K->2567K(17408K)
[13.127s][info ][gc,heap        ] GC(1123) ParOldGen: 12907K->12923K(38400K)
[13.127s][info ][gc,metaspace   ] GC(1123) Metaspace: 15861K->15861K(1064960K)
[13.127s][info ][gc             ] GC(1123) Pause Young (Allocation Failure) 28M->15M(54M) 1.628ms
[13.128s][info ][gc,cpu         ] GC(1123) User=0.01s Sys=0.00s Real=0.01s
[13.129s][info ][gc,start       ] GC(1124) Pause Young (Allocation Failure)
[13.129s][debug][gc,phases      ] GC(1124) Scavenge 0.600ms
[13.129s][debug][gc,phases      ] GC(1124) Reference Processing 0.019ms
[13.129s][debug][gc,phases      ] GC(1124) Weak Processing 0.011ms
[13.130s][debug][gc,phases      ] GC(1124) Scrub String Table 0.069ms
[13.130s][debug][gc,age         ] GC(1124) Desired survivor size 4194304 bytes, new threshold 1 (max threshold 15)
[13.130s][info ][gc,heap        ] GC(1124) PSYoungGen: 15733K->1299K(17408K)
[13.130s][info ][gc,heap        ] GC(1124) ParOldGen: 12923K->12923K(38400K)
[13.130s][info ][gc,metaspace   ] GC(1124) Metaspace: 15861K->15861K(1064960K)
[13.130s][info ][gc             ] GC(1124) Pause Young (Allocation Failure) 27M->13M(54M) 0.910ms
[13.130s][info ][gc,cpu         ] GC(1124) User=0.00s Sys=0.01s Real=0.00s
[13.131s][info ][gc,start       ] GC(1125) Pause Young (Allocation Failure)
[13.132s][debug][gc,phases      ] GC(1125) Scavenge 1.176ms
[13.132s][debug][gc,phases      ] GC(1125) Reference Processing 0.021ms
[13.132s][debug][gc,phases      ] GC(1125) Weak Processing 0.011ms
[13.132s][debug][gc,phases      ] GC(1125) Scrub String Table 0.070ms
[13.132s][debug][gc,age         ] GC(1125) Desired survivor size 4194304 bytes, new threshold 1 (max threshold 15)
[13.132s][info ][gc,heap        ] GC(1125) PSYoungGen: 14460K->2535K(17408K)
[13.132s][info ][gc,heap        ] GC(1125) ParOldGen: 12923K->12947K(38400K)
[13.132s][info ][gc,metaspace   ] GC(1125) Metaspace: 15861K->15861K(1064960K)
[13.132s][info ][gc             ] GC(1125) Pause Young (Allocation Failure) 26M->15M(54M) 1.477ms
[13.132s][info ][gc,cpu         ] GC(1125) User=0.01s Sys=0.00s Real=0.00s
[13.133s][info ][gc,start       ] GC(1126) Pause Young (Allocation Failure)
[13.134s][debug][gc,phases      ] GC(1126) Scavenge 0.393ms
[13.134s][debug][gc,phases      ] GC(1126) Reference Processing 0.024ms
[13.134s][debug][gc,phases      ] GC(1126) Weak Processing 0.010ms
[13.134s][debug][gc,phases      ] GC(1126) Scrub String Table 0.068ms
[13.134s][debug][gc,age         ] GC(1126) Desired survivor size 4194304 bytes, new threshold 1 (max threshold 15)
[13.134s][info ][gc,heap        ] GC(1126) PSYoungGen: 15693K->2177K(17408K)
[13.134s][info ][gc,heap        ] GC(1126) ParOldGen: 12947K->12947K(38400K)
[13.134s][info ][gc,metaspace   ] GC(1126) Metaspace: 15861K->15861K(1064960K)
[13.134s][info ][gc             ] GC(1126) Pause Young (Allocation Failure) 27M->14M(54M) 0.677ms
[13.134s][info ][gc,cpu         ] GC(1126) User=0.00s Sys=0.00s Real=0.00s
[13.135s][info ][gc,start       ] GC(1127) Pause Young (Allocation Failure)
[13.136s][debug][gc,phases      ] GC(1127) Scavenge 1.236ms
[13.137s][debug][gc,phases      ] GC(1127) Reference Processing 0.026ms
[13.137s][debug][gc,phases      ] GC(1127) Weak Processing 0.013ms
[13.137s][debug][gc,phases      ] GC(1127) Scrub String Table 0.069ms
[13.137s][debug][gc,age         ] GC(1127) Desired survivor size 3670016 bytes, new threshold 1 (max threshold 15)
[13.137s][info ][gc,heap        ] GC(1127) PSYoungGen: 15333K->2177K(16384K)
[13.137s][info ][gc,heap        ] GC(1127) ParOldGen: 12947K->12955K(38400K)
[13.137s][info ][gc,metaspace   ] GC(1127) Metaspace: 15861K->15861K(1064960K)
[13.137s][info ][gc             ] GC(1127) Pause Young (Allocation Failure) 27M->14M(53M) 1.626ms
[13.137s][info ][gc,cpu         ] GC(1127) User=0.01s Sys=0.00s Real=0.01s
[13.138s][info ][gc,start       ] GC(1128) Pause Young (Allocation Failure)
[13.138s][debug][gc,phases      ] GC(1128) Scavenge 0.430ms
[13.138s][debug][gc,phases      ] GC(1128) Reference Processing 0.019ms
[13.138s][debug][gc,phases      ] GC(1128) Weak Processing 0.010ms
[13.138s][debug][gc,phases      ] GC(1128) Scrub String Table 0.069ms
[13.138s][debug][gc,age         ] GC(1128) Desired survivor size 4194304 bytes, new threshold 1 (max threshold 15)
[13.138s][info ][gc,heap        ] GC(1128) PSYoungGen: 15332K->3381K(16896K)
[13.138s][info ][gc,heap        ] GC(1128) ParOldGen: 12955K->12955K(38400K)
[13.138s][info ][gc,metaspace   ] GC(1128) Metaspace: 15861K->15861K(1064960K)
[13.139s][info ][gc             ] GC(1128) Pause Young (Allocation Failure) 27M->15M(54M) 0.737ms
[13.139s][info ][gc,cpu         ] GC(1128) User=0.00s Sys=0.00s Real=0.00s
[13.140s][info ][gc,start       ] GC(1129) Pause Young (Allocation Failure)
[13.140s][debug][gc,phases      ] GC(1129) Scavenge 0.296ms
[13.140s][debug][gc,phases      ] GC(1129) Reference Processing 0.020ms
[13.140s][debug][gc,phases      ] GC(1129) Weak Processing 0.010ms
[13.140s][debug][gc,phases      ] GC(1129) Scrub String Table 0.068ms
[13.140s][debug][gc,age         ] GC(1129) Desired survivor size 4194304 bytes, new threshold 1 (max threshold 15)
[13.140s][info ][gc,heap        ] GC(1129) PSYoungGen: 16535K->2599K(17408K)
[13.140s][info ][gc,heap        ] GC(1129) ParOldGen: 12955K->12955K(38400K)
[13.140s][info ][gc,metaspace   ] GC(1129) Metaspace: 15861K->15861K(1064960K)
[13.140s][info ][gc             ] GC(1129) Pause Young (Allocation Failure) 28M->15M(54M) 0.593ms
[13.140s][info ][gc,cpu         ] GC(1129) User=0.00s Sys=0.00s Real=0.00s
[13.141s][info ][gc,start       ] GC(1130) Pause Young (Allocation Failure)
[13.142s][debug][gc,phases      ] GC(1130) Scavenge 0.451ms
[13.142s][debug][gc,phases      ] GC(1130) Reference Processing 0.024ms
[13.142s][debug][gc,phases      ] GC(1130) Weak Processing 0.011ms
[13.142s][debug][gc,phases      ] GC(1130) Scrub String Table 0.068ms
[13.142s][debug][gc,age         ] GC(1130) Desired survivor size 4194304 bytes, new threshold 1 (max threshold 15)
[13.142s][info ][gc,heap        ] GC(1130) PSYoungGen: 15753K->3381K(17408K)
[13.142s][info ][gc,heap        ] GC(1130) ParOldGen: 12955K->12955K(38400K)
[13.142s][info ][gc,metaspace   ] GC(1130) Metaspace: 15861K->15861K(1064960K)
[13.142s][info ][gc             ] GC(1130) Pause Young (Allocation Failure) 28M->15M(54M) 0.741ms
[13.142s][info ][gc,cpu         ] GC(1130) User=0.00s Sys=0.00s Real=0.00s
[13.143s][info ][gc,start       ] GC(1131) Pause Young (Allocation Failure)
[13.145s][debug][gc,phases      ] GC(1131) Scavenge 1.439ms
[13.145s][debug][gc,phases      ] GC(1131) Reference Processing 0.020ms
[13.145s][debug][gc,phases      ] GC(1131) Weak Processing 0.013ms
[13.145s][debug][gc,phases      ] GC(1131) Scrub String Table 0.069ms
[13.145s][debug][gc,age         ] GC(1131) Desired survivor size 4718592 bytes, new threshold 1 (max threshold 15)
[13.145s][info ][gc,heap        ] GC(1131) PSYoungGen: 16534K->3771K(16384K)
[13.145s][info ][gc,heap        ] GC(1131) ParOldGen: 12955K->12955K(38400K)
[13.145s][info ][gc,metaspace   ] GC(1131) Metaspace: 15861K->15861K(1064960K)
[13.145s][info ][gc             ] GC(1131) Pause Young (Allocation Failure) 28M->16M(53M) 1.738ms
[13.145s][info ][gc,cpu         ] GC(1131) User=0.01s Sys=0.00s Real=0.00s
[13.146s][info ][gc,start       ] GC(1132) Pause Young (Allocation Failure)
[13.147s][debug][gc,phases      ] GC(1132) Scavenge 1.051ms
[13.147s][debug][gc,phases      ] GC(1132) Reference Processing 0.027ms
[13.147s][debug][gc,phases      ] GC(1132) Weak Processing 0.011ms
[13.147s][debug][gc,phases      ] GC(1132) Scrub String Table 0.070ms
[13.147s][debug][gc,age         ] GC(1132) Desired survivor size 4718592 bytes, new threshold 1 (max threshold 15)
[13.147s][info ][gc,heap        ] GC(1132) PSYoungGen: 15732K->2535K(16896K)
[13.147s][info ][gc,heap        ] GC(1132) ParOldGen: 12955K->12955K(38400K)
[13.147s][info ][gc,metaspace   ] GC(1132) Metaspace: 15861K->15861K(1064960K)
[13.147s][info ][gc             ] GC(1132) Pause Young (Allocation Failure) 28M->15M(54M) 1.390ms
[13.147s][info ][gc,cpu         ] GC(1132) User=0.01s Sys=0.00s Real=0.01s
[13.148s][info ][gc,start       ] GC(1133) Pause Young (Allocation Failure)
[13.149s][debug][gc,phases      ] GC(1133) Scavenge 0.501ms
[13.149s][debug][gc,phases      ] GC(1133) Reference Processing 0.020ms
[13.149s][debug][gc,phases      ] GC(1133) Weak Processing 0.010ms
[13.149s][debug][gc,phases      ] GC(1133) Scrub String Table 0.068ms
[13.149s][debug][gc,age         ] GC(1133) Desired survivor size 4718592 bytes, new threshold 1 (max threshold 15)
[13.149s][info ][gc,heap        ] GC(1133) PSYoungGen: 14496K->2145K(16896K)
[13.149s][info ][gc,heap        ] GC(1133) ParOldGen: 12955K->12955K(38400K)
[13.149s][info ][gc,metaspace   ] GC(1133) Metaspace: 15861K->15861K(1064960K)
[13.149s][info ][gc             ] GC(1133) Pause Young (Allocation Failure) 26M->14M(54M) 0.794ms
[13.149s][info ][gc,cpu         ] GC(1133) User=0.01s Sys=0.00s Real=0.00s
[13.150s][info ][gc,start       ] GC(1134) Pause Young (Allocation Failure)
[13.151s][debug][gc,phases      ] GC(1134) Scavenge 0.445ms
[13.151s][debug][gc,phases      ] GC(1134) Reference Processing 0.057ms
[13.151s][debug][gc,phases      ] GC(1134) Weak Processing 0.010ms
[13.151s][debug][gc,phases      ] GC(1134) Scrub String Table 0.069ms
[13.151s][debug][gc,age         ] GC(1134) Desired survivor size 4194304 bytes, new threshold 1 (max threshold 15)
[13.151s][info ][gc,heap        ] GC(1134) PSYoungGen: 14105K->2567K(15360K)
[13.151s][info ][gc,heap        ] GC(1134) ParOldGen: 12955K->12955K(38400K)
[13.151s][info ][gc,metaspace   ] GC(1134) Metaspace: 15861K->15861K(1064960K)
[13.151s][info ][gc             ] GC(1134) Pause Young (Allocation Failure) 26M->15M(52M) 0.880ms
[13.151s][info ][gc,cpu         ] GC(1134) User=0.00s Sys=0.00s Real=0.00s
[13.152s][info ][gc,start       ] GC(1135) Pause Young (Allocation Failure)
[13.153s][debug][gc,phases      ] GC(1135) Scavenge 0.922ms
[13.153s][debug][gc,phases      ] GC(1135) Reference Processing 0.021ms
[13.153s][debug][gc,phases      ] GC(1135) Weak Processing 0.011ms
[13.153s][debug][gc,phases      ] GC(1135) Scrub String Table 0.069ms
[13.153s][debug][gc,age         ] GC(1135) Desired survivor size 4194304 bytes, new threshold 1 (max threshold 15)
[13.153s][info ][gc,heap        ] GC(1135) PSYoungGen: 14493K->2535K(16384K)
[13.153s][info ][gc,heap        ] GC(1135) ParOldGen: 12955K->13370K(38400K)
[13.153s][info ][gc,metaspace   ] GC(1135) Metaspace: 15861K->15861K(1064960K)
[13.153s][info ][gc             ] GC(1135) Pause Young (Allocation Failure) 26M->15M(53M) 1.242ms
[13.153s][info ][gc,cpu         ] GC(1135) User=0.00s Sys=0.00s Real=0.00s
[13.154s][info ][gc,start       ] GC(1136) Pause Young (Allocation Failure)
[13.155s][debug][gc,phases      ] GC(1136) Scavenge 0.437ms
[13.155s][debug][gc,phases      ] GC(1136) Reference Processing 0.022ms
[13.155s][debug][gc,phases      ] GC(1136) Weak Processing 0.011ms
[13.155s][debug][gc,phases      ] GC(1136) Scrub String Table 0.068ms
[13.155s][debug][gc,age         ] GC(1136) Desired survivor size 4194304 bytes, new threshold 1 (max threshold 15)
[13.155s][info ][gc,heap        ] GC(1136) PSYoungGen: 14508K->3349K(16384K)
[13.155s][info ][gc,heap        ] GC(1136) ParOldGen: 13370K->13386K(38400K)
[13.155s][info ][gc,metaspace   ] GC(1136) Metaspace: 15861K->15861K(1064960K)
[13.155s][info ][gc             ] GC(1136) Pause Young (Allocation Failure) 27M->16M(53M) 0.712ms
[13.155s][info ][gc,cpu         ] GC(1136) User=0.00s Sys=0.00s Real=0.00s
[13.156s][info ][gc,start       ] GC(1137) Pause Young (Allocation Failure)
[13.157s][debug][gc,phases      ] GC(1137) Scavenge 0.411ms
[13.157s][debug][gc,phases      ] GC(1137) Reference Processing 0.023ms
[13.157s][debug][gc,phases      ] GC(1137) Weak Processing 0.011ms
[13.157s][debug][gc,phases      ] GC(1137) Scrub String Table 0.069ms
[13.157s][debug][gc,age         ] GC(1137) Desired survivor size 4194304 bytes, new threshold 1 (max threshold 15)
[13.157s][info ][gc,heap        ] GC(1137) PSYoungGen: 15317K->2958K(17408K)
[13.157s][info ][gc,heap        ] GC(1137) ParOldGen: 13386K->13394K(38400K)
[13.157s][info ][gc,metaspace   ] GC(1137) Metaspace: 15861K->15861K(1064960K)
[13.157s][info ][gc             ] GC(1137) Pause Young (Allocation Failure) 28M->15M(54M) 0.728ms
[13.157s][info ][gc,cpu         ] GC(1137) User=0.00s Sys=0.00s Real=0.01s
[13.158s][info ][gc,start       ] GC(1138) Pause Young (Allocation Failure)
[13.158s][debug][gc,phases      ] GC(1138) Scavenge 0.350ms
[13.158s][debug][gc,phases      ] GC(1138) Reference Processing 0.021ms
[13.158s][debug][gc,phases      ] GC(1138) Weak Processing 0.010ms
[13.158s][debug][gc,phases      ] GC(1138) Scrub String Table 0.068ms
[13.159s][debug][gc,age         ] GC(1138) Desired survivor size 4194304 bytes, new threshold 1 (max threshold 15)
[13.159s][info ][gc,heap        ] GC(1138) PSYoungGen: 16116K->2535K(17408K)
[13.159s][info ][gc,heap        ] GC(1138) ParOldGen: 13394K->13402K(38400K)
[13.159s][info ][gc,metaspace   ] GC(1138) Metaspace: 15861K->15861K(1064960K)
[13.159s][info ][gc             ] GC(1138) Pause Young (Allocation Failure) 28M->15M(54M) 0.654ms
[13.159s][info ][gc,cpu         ] GC(1138) User=0.00s Sys=0.00s Real=0.00s
[13.160s][info ][gc,start       ] GC(1139) Pause Young (Allocation Failure)
[13.161s][debug][gc,phases      ] GC(1139) Scavenge 1.121ms
[13.161s][debug][gc,phases      ] GC(1139) Reference Processing 0.022ms
[13.161s][debug][gc,phases      ] GC(1139) Weak Processing 0.010ms
[13.161s][debug][gc,phases      ] GC(1139) Scrub String Table 0.068ms
[13.161s][debug][gc,age         ] GC(1139) Desired survivor size 4194304 bytes, new threshold 1 (max threshold 15)
[13.161s][info ][gc,heap        ] GC(1139) PSYoungGen: 15691K->1363K(17408K)
[13.161s][info ][gc,heap        ] GC(1139) ParOldGen: 13402K->13418K(38400K)
[13.161s][info ][gc,metaspace   ] GC(1139) Metaspace: 15861K->15861K(1064960K)
[13.161s][info ][gc             ] GC(1139) Pause Young (Allocation Failure) 28M->14M(54M) 1.441ms
[13.161s][info ][gc,cpu         ] GC(1139) User=0.00s Sys=0.00s Real=0.00s
[13.162s][info ][gc,start       ] GC(1140) Pause Young (Allocation Failure)
[13.163s][debug][gc,phases      ] GC(1140) Scavenge 0.341ms
[13.163s][debug][gc,phases      ] GC(1140) Reference Processing 0.022ms
[13.163s][debug][gc,phases      ] GC(1140) Weak Processing 0.010ms
[13.163s][debug][gc,phases      ] GC(1140) Scrub String Table 0.070ms
[13.163s][debug][gc,age         ] GC(1140) Desired survivor size 4194304 bytes, new threshold 1 (max threshold 15)
[13.163s][info ][gc,heap        ] GC(1140) PSYoungGen: 14518K->2209K(17408K)
[13.163s][info ][gc,heap        ] GC(1140) ParOldGen: 13418K->13418K(38400K)
[13.163s][info ][gc,metaspace   ] GC(1140) Metaspace: 15861K->15861K(1064960K)
[13.163s][info ][gc             ] GC(1140) Pause Young (Allocation Failure) 27M->15M(54M) 0.629ms
[13.163s][info ][gc,cpu         ] GC(1140) User=0.00s Sys=0.00s Real=0.00s
[13.164s][info ][gc,start       ] GC(1141) Pause Young (Allocation Failure)
[13.165s][debug][gc,phases      ] GC(1141) Scavenge 1.063ms
[13.165s][debug][gc,phases      ] GC(1141) Reference Processing 0.023ms
[13.165s][debug][gc,phases      ] GC(1141) Weak Processing 0.011ms
[13.165s][debug][gc,phases      ] GC(1141) Scrub String Table 0.068ms
[13.165s][debug][gc,age         ] GC(1141) Desired survivor size 4194304 bytes, new threshold 1 (max threshold 15)
[13.165s][info ][gc,heap        ] GC(1141) PSYoungGen: 15363K->1786K(17408K)
[13.165s][info ][gc,heap        ] GC(1141) ParOldGen: 13418K->13426K(38400K)
[13.165s][info ][gc,metaspace   ] GC(1141) Metaspace: 15861K->15861K(1064960K)
[13.165s][info ][gc             ] GC(1141) Pause Young (Allocation Failure) 28M->14M(54M) 1.360ms
[13.165s][info ][gc,cpu         ] GC(1141) User=0.00s Sys=0.00s Real=0.00s
[13.166s][info ][gc,start       ] GC(1142) Pause Young (Allocation Failure)
[13.167s][debug][gc,phases      ] GC(1142) Scavenge 0.331ms
[13.167s][debug][gc,phases      ] GC(1142) Reference Processing 0.020ms
[13.167s][debug][gc,phases      ] GC(1142) Weak Processing 0.010ms
[13.167s][debug][gc,phases      ] GC(1142) Scrub String Table 0.068ms
[13.167s][debug][gc,age         ] GC(1142) Desired survivor size 4194304 bytes, new threshold 1 (max threshold 15)
[13.167s][info ][gc,heap        ] GC(1142) PSYoungGen: 14940K->1395K(17408K)
[13.167s][info ][gc,heap        ] GC(1142) ParOldGen: 13426K->13426K(38400K)
[13.167s][info ][gc,metaspace   ] GC(1142) Metaspace: 15861K->15861K(1064960K)
[13.167s][info ][gc             ] GC(1142) Pause Young (Allocation Failure) 27M->14M(54M) 0.642ms
[13.167s][info ][gc,cpu         ] GC(1142) User=0.00s Sys=0.00s Real=0.01s
[13.168s][info ][gc,start       ] GC(1143) Pause Young (Allocation Failure)
[13.169s][debug][gc,phases      ] GC(1143) Scavenge 1.085ms
[13.169s][debug][gc,phases      ] GC(1143) Reference Processing 0.021ms
[13.169s][debug][gc,phases      ] GC(1143) Weak Processing 0.011ms
[13.169s][debug][gc,phases      ] GC(1143) Scrub String Table 0.068ms
[13.169s][debug][gc,age         ] GC(1143) Desired survivor size 4194304 bytes, new threshold 1 (max threshold 15)
[13.169s][info ][gc,heap        ] GC(1143) PSYoungGen: 14515K->2926K(17408K)
[13.169s][info ][gc,heap        ] GC(1143) ParOldGen: 13426K->13840K(38400K)
[13.169s][info ][gc,metaspace   ] GC(1143) Metaspace: 15861K->15861K(1064960K)
[13.169s][info ][gc             ] GC(1143) Pause Young (Allocation Failure) 27M->16M(54M) 1.378ms
[13.169s][info ][gc,cpu         ] GC(1143) User=0.00s Sys=0.00s Real=0.00s
[13.171s][info ][gc,start       ] GC(1144) Pause Young (Allocation Failure)
[13.171s][debug][gc,phases      ] GC(1144) Scavenge 0.339ms
[13.171s][debug][gc,phases      ] GC(1144) Reference Processing 0.020ms
[13.171s][debug][gc,phases      ] GC(1144) Weak Processing 0.010ms
[13.171s][debug][gc,phases      ] GC(1144) Scrub String Table 0.067ms
[13.171s][debug][gc,age         ] GC(1144) Desired survivor size 4194304 bytes, new threshold 1 (max threshold 15)
[13.171s][info ][gc,heap        ] GC(1144) PSYoungGen: 16091K->2209K(17408K)
[13.171s][info ][gc,heap        ] GC(1144) ParOldGen: 13840K->13848K(38400K)
[13.171s][info ][gc,metaspace   ] GC(1144) Metaspace: 15861K->15861K(1064960K)
[13.171s][info ][gc             ] GC(1144) Pause Young (Allocation Failure) 29M->15M(54M) 0.622ms
[13.171s][info ][gc,cpu         ] GC(1144) User=0.00s Sys=0.00s Real=0.00s
[13.172s][info ][gc,start       ] GC(1145) Pause Young (Allocation Failure)
[13.173s][debug][gc,phases      ] GC(1145) Scavenge 0.329ms
[13.173s][debug][gc,phases      ] GC(1145) Reference Processing 0.020ms
[13.173s][debug][gc,phases      ] GC(1145) Weak Processing 0.010ms
[13.173s][debug][gc,phases      ] GC(1145) Scrub String Table 0.069ms
[13.173s][debug][gc,age         ] GC(1145) Desired survivor size 4194304 bytes, new threshold 1 (max threshold 15)
[13.173s][info ][gc,heap        ] GC(1145) PSYoungGen: 15369K->2567K(17408K)
[13.173s][info ][gc,heap        ] GC(1145) ParOldGen: 13848K->13856K(38400K)
[13.173s][info ][gc,metaspace   ] GC(1145) Metaspace: 15861K->15861K(1064960K)
[13.173s][info ][gc             ] GC(1145) Pause Young (Allocation Failure) 28M->16M(54M) 0.613ms
[13.173s][info ][gc,cpu         ] GC(1145) User=0.01s Sys=0.00s Real=0.00s
[13.174s][info ][gc,start       ] GC(1146) Pause Young (Allocation Failure)
[13.175s][debug][gc,phases      ] GC(1146) Scavenge 1.152ms
[13.175s][debug][gc,phases      ] GC(1146) Reference Processing 0.024ms
[13.175s][debug][gc,phases      ] GC(1146) Weak Processing 0.011ms
[13.176s][debug][gc,phases      ] GC(1146) Scrub String Table 0.068ms
[13.176s][debug][gc,age         ] GC(1146) Desired survivor size 4194304 bytes, new threshold 1 (max threshold 15)
[13.176s][info ][gc,heap        ] GC(1146) PSYoungGen: 15725K->3349K(17408K)
[13.176s][info ][gc,heap        ] GC(1146) ParOldGen: 13856K->13856K(38400K)
[13.176s][info ][gc,metaspace   ] GC(1146) Metaspace: 15861K->15861K(1064960K)
[13.176s][info ][gc             ] GC(1146) Pause Young (Allocation Failure) 28M->16M(54M) 1.462ms
[13.176s][info ][gc,cpu         ] GC(1146) User=0.01s Sys=0.00s Real=0.00s
[13.177s][info ][gc,start       ] GC(1147) Pause Young (Allocation Failure)
[13.178s][debug][gc,phases      ] GC(1147) Scavenge 0.437ms
[13.178s][debug][gc,phases      ] GC(1147) Reference Processing 0.020ms
[13.178s][debug][gc,phases      ] GC(1147) Weak Processing 0.010ms
[13.178s][debug][gc,phases      ] GC(1147) Scrub String Table 0.068ms
[13.178s][debug][gc,age         ] GC(1147) Desired survivor size 4194304 bytes, new threshold 1 (max threshold 15)
[13.178s][info ][gc,heap        ] GC(1147) PSYoungGen: 16477K->1754K(17408K)
[13.178s][info ][gc,heap        ] GC(1147) ParOldGen: 13856K->14271K(38400K)
[13.178s][info ][gc,metaspace   ] GC(1147) Metaspace: 15861K->15861K(1064960K)
[13.178s][info ][gc             ] GC(1147) Pause Young (Allocation Failure) 29M->15M(54M) 0.716ms
[13.178s][info ][gc,cpu         ] GC(1147) User=0.00s Sys=0.00s Real=0.00s
[13.179s][info ][gc,start       ] GC(1148) Pause Young (Allocation Failure)
[13.179s][debug][gc,phases      ] GC(1148) Scavenge 0.289ms
[13.179s][debug][gc,phases      ] GC(1148) Reference Processing 0.020ms
[13.179s][debug][gc,phases      ] GC(1148) Weak Processing 0.010ms
[13.179s][debug][gc,phases      ] GC(1148) Scrub String Table 0.069ms
[13.179s][debug][gc,age         ] GC(1148) Desired survivor size 4194304 bytes, new threshold 1 (max threshold 15)
[13.179s][info ][gc,heap        ] GC(1148) PSYoungGen: 14919K->1786K(17408K)
[13.179s][info ][gc,heap        ] GC(1148) ParOldGen: 14271K->14271K(38400K)
[13.179s][info ][gc,metaspace   ] GC(1148) Metaspace: 15861K->15861K(1064960K)
[13.179s][info ][gc             ] GC(1148) Pause Young (Allocation Failure) 28M->15M(54M) 0.563ms
[13.179s][info ][gc,cpu         ] GC(1148) User=0.01s Sys=0.00s Real=0.00s
[13.180s][info ][gc,start       ] GC(1149) Pause Young (Allocation Failure)
[13.181s][debug][gc,phases      ] GC(1149) Scavenge 0.582ms
[13.181s][debug][gc,phases      ] GC(1149) Reference Processing 0.024ms
[13.181s][debug][gc,phases      ] GC(1149) Weak Processing 0.011ms
[13.181s][debug][gc,phases      ] GC(1149) Scrub String Table 0.070ms
[13.181s][debug][gc,age         ] GC(1149) Desired survivor size 4194304 bytes, new threshold 1 (max threshold 15)
[13.181s][info ][gc,heap        ] GC(1149) PSYoungGen: 14946K->2599K(17408K)
[13.181s][info ][gc,heap        ] GC(1149) ParOldGen: 14271K->14279K(38400K)
[13.181s][info ][gc,metaspace   ] GC(1149) Metaspace: 15861K->15861K(1064960K)
[13.181s][info ][gc             ] GC(1149) Pause Young (Allocation Failure) 28M->16M(54M) 0.912ms
[13.181s][info ][gc,cpu         ] GC(1149) User=0.01s Sys=0.00s Real=0.00s
[13.182s][info ][gc,start       ] GC(1150) Pause Young (Allocation Failure)
[13.184s][debug][gc,phases      ] GC(1150) Scavenge 1.135ms
[13.184s][debug][gc,phases      ] GC(1150) Reference Processing 0.043ms
[13.184s][debug][gc,phases      ] GC(1150) Weak Processing 0.011ms
[13.184s][debug][gc,phases      ] GC(1150) Scrub String Table 0.088ms
[13.184s][debug][gc,age         ] GC(1150) Desired survivor size 4194304 bytes, new threshold 1 (max threshold 15)
[13.184s][info ][gc,heap        ] GC(1150) PSYoungGen: 15757K->3349K(17408K)
[13.184s][info ][gc,heap        ] GC(1150) ParOldGen: 14279K->14694K(38400K)
[13.184s][info ][gc,metaspace   ] GC(1150) Metaspace: 15861K->15861K(1064960K)
[13.184s][info ][gc             ] GC(1150) Pause Young (Allocation Failure) 29M->17M(54M) 1.547ms
[13.184s][info ][gc,cpu         ] GC(1150) User=0.01s Sys=0.00s Real=0.00s
[13.185s][info ][gc,start       ] GC(1151) Pause Young (Allocation Failure)
[13.186s][debug][gc,phases      ] GC(1151) Scavenge 0.952ms
[13.186s][debug][gc,phases      ] GC(1151) Reference Processing 0.020ms
[13.186s][debug][gc,phases      ] GC(1151) Weak Processing 0.010ms
[13.186s][debug][gc,phases      ] GC(1151) Scrub String Table 0.070ms
[13.186s][debug][gc,age         ] GC(1151) Desired survivor size 4194304 bytes, new threshold 1 (max threshold 15)
[13.186s][info ][gc,heap        ] GC(1151) PSYoungGen: 16504K->2567K(17408K)
[13.187s][info ][gc,heap        ] GC(1151) ParOldGen: 14694K->15491K(38400K)
[13.187s][info ][gc,metaspace   ] GC(1151) Metaspace: 15861K->15861K(1064960K)
[13.187s][info ][gc             ] GC(1151) Pause Young (Allocation Failure) 30M->17M(54M) 1.238ms
[13.187s][info ][gc,cpu         ] GC(1151) User=0.01s Sys=0.00s Real=0.01s
[13.188s][info ][gc,start       ] GC(1152) Pause Young (Allocation Failure)
[13.188s][debug][gc,phases      ] GC(1152) Scavenge 0.685ms
[13.188s][debug][gc,phases      ] GC(1152) Reference Processing 0.022ms
[13.188s][debug][gc,phases      ] GC(1152) Weak Processing 0.010ms
[13.188s][debug][gc,phases      ] GC(1152) Scrub String Table 0.068ms
[13.188s][debug][gc,age         ] GC(1152) Desired survivor size 4194304 bytes, new threshold 1 (max threshold 15)
[13.188s][info ][gc,heap        ] GC(1152) PSYoungGen: 15722K->1395K(17408K)
[13.188s][info ][gc,heap        ] GC(1152) ParOldGen: 15491K->15491K(38400K)
[13.189s][info ][gc,metaspace   ] GC(1152) Metaspace: 15861K->15861K(1064960K)
[13.189s][info ][gc             ] GC(1152) Pause Young (Allocation Failure) 30M->16M(54M) 0.959ms
[13.189s][info ][gc,cpu         ] GC(1152) User=0.00s Sys=0.00s Real=0.00s
[13.190s][info ][gc,start       ] GC(1153) Pause Young (Allocation Failure)
[13.191s][debug][gc,phases      ] GC(1153) Scavenge 0.980ms
[13.191s][debug][gc,phases      ] GC(1153) Reference Processing 0.020ms
[13.191s][debug][gc,phases      ] GC(1153) Weak Processing 0.010ms
[13.191s][debug][gc,phases      ] GC(1153) Scrub String Table 0.070ms
[13.191s][debug][gc,age         ] GC(1153) Desired survivor size 4194304 bytes, new threshold 1 (max threshold 15)
[13.191s][info ][gc,heap        ] GC(1153) PSYoungGen: 14539K->2177K(17408K)
[13.191s][info ][gc,heap        ] GC(1153) ParOldGen: 15491K->15507K(38400K)
[13.191s][info ][gc,metaspace   ] GC(1153) Metaspace: 15861K->15861K(1064960K)
[13.191s][info ][gc             ] GC(1153) Pause Young (Allocation Failure) 29M->17M(54M) 1.272ms
[13.191s][info ][gc,cpu         ] GC(1153) User=0.00s Sys=0.00s Real=0.00s
[13.192s][info ][gc,start       ] GC(1154) Pause Young (Allocation Failure)
[13.193s][debug][gc,phases      ] GC(1154) Scavenge 1.326ms
[13.193s][debug][gc,phases      ] GC(1154) Reference Processing 0.024ms
[13.193s][debug][gc,phases      ] GC(1154) Weak Processing 0.011ms
[13.194s][debug][gc,phases      ] GC(1154) Scrub String Table 0.069ms
[13.194s][debug][gc,age         ] GC(1154) Desired survivor size 4194304 bytes, new threshold 1 (max threshold 15)
[13.194s][info ][gc,heap        ] GC(1154) PSYoungGen: 15307K->2113K(17408K)
[13.194s][info ][gc,heap        ] GC(1154) ParOldGen: 15507K->16312K(38400K)
[13.194s][info ][gc,metaspace   ] GC(1154) Metaspace: 15861K->15861K(1064960K)
[13.194s][info ][gc             ] GC(1154) Pause Young (Allocation Failure) 30M->17M(54M) 1.633ms
[13.194s][info ][gc,cpu         ] GC(1154) User=0.00s Sys=0.00s Real=0.00s
[13.195s][info ][gc,start       ] GC(1155) Pause Young (Allocation Failure)
[13.196s][debug][gc,phases      ] GC(1155) Scavenge 1.184ms
[13.208s][debug][gc,phases      ] GC(1155) Reference Processing 0.028ms
[13.209s][debug][gc,phases      ] GC(1155) Weak Processing 0.014ms
[13.209s][debug][gc,phases      ] GC(1155) Scrub String Table 0.080ms
[13.209s][debug][gc,age         ] GC(1155) Desired survivor size 4194304 bytes, new threshold 1 (max threshold 15)
[13.209s][info ][gc,heap        ] GC(1155) PSYoungGen: 15272K->1658K(17408K)
[13.209s][info ][gc,heap        ] GC(1155) ParOldGen: 16312K->16312K(38400K)
[13.209s][info ][gc,metaspace   ] GC(1155) Metaspace: 15861K->15861K(1064960K)
[13.209s][info ][gc             ] GC(1155) Pause Young (Allocation Failure) 30M->17M(54M) 13.909ms
[13.209s][info ][gc,cpu         ] GC(1155) User=0.00s Sys=0.00s Real=0.02s
[13.210s][info ][gc,start       ] GC(1156) Pause Young (Allocation Failure)
[13.211s][debug][gc,phases      ] GC(1156) Scavenge 0.868ms
[13.218s][debug][gc,phases      ] GC(1156) Reference Processing 0.034ms
[13.218s][debug][gc,phases      ] GC(1156) Weak Processing 0.015ms
[13.218s][debug][gc,phases      ] GC(1156) Scrub String Table 0.083ms
[13.218s][debug][gc,age         ] GC(1156) Desired survivor size 4718592 bytes, new threshold 1 (max threshold 15)
[13.218s][info ][gc,heap        ] GC(1156) PSYoungGen: 14815K->3771K(17408K)
[13.218s][info ][gc,heap        ] GC(1156) ParOldGen: 16312K->16336K(38400K)
[13.218s][info ][gc,metaspace   ] GC(1156) Metaspace: 15861K->15861K(1064960K)
[13.218s][info ][gc             ] GC(1156) Pause Young (Allocation Failure) 30M->19M(54M) 8.026ms
[13.218s][info ][gc,cpu         ] GC(1156) User=0.00s Sys=0.00s Real=0.01s
[13.219s][info ][gc,start       ] GC(1157) Pause Young (Allocation Failure)
[13.220s][debug][gc,phases      ] GC(1157) Scavenge 0.413ms
[13.220s][debug][gc,phases      ] GC(1157) Reference Processing 0.020ms
[13.220s][debug][gc,phases      ] GC(1157) Weak Processing 0.011ms
[13.220s][debug][gc,phases      ] GC(1157) Scrub String Table 0.068ms
[13.220s][debug][gc,age         ] GC(1157) Desired survivor size 4718592 bytes, new threshold 1 (max threshold 15)
[13.220s][info ][gc,heap        ] GC(1157) PSYoungGen: 16927K->2990K(16384K)
[13.220s][info ][gc,heap        ] GC(1157) ParOldGen: 16336K->16344K(38400K)
[13.220s][info ][gc,metaspace   ] GC(1157) Metaspace: 15861K->15861K(1064960K)
[13.220s][info ][gc             ] GC(1157) Pause Young (Allocation Failure) 32M->18M(53M) 0.699ms
[13.220s][info ][gc,cpu         ] GC(1157) User=0.00s Sys=0.00s Real=0.00s
[13.221s][info ][gc,start       ] GC(1158) Pause Young (Allocation Failure)
[13.222s][debug][gc,phases      ] GC(1158) Scavenge 0.392ms
[13.222s][debug][gc,phases      ] GC(1158) Reference Processing 0.020ms
[13.222s][debug][gc,phases      ] GC(1158) Weak Processing 0.010ms
[13.222s][debug][gc,phases      ] GC(1158) Scrub String Table 0.068ms
[13.222s][debug][gc,age         ] GC(1158) Desired survivor size 4194304 bytes, new threshold 1 (max threshold 15)
[13.222s][info ][gc,heap        ] GC(1158) PSYoungGen: 14952K->2209K(16896K)
[13.222s][info ][gc,heap        ] GC(1158) ParOldGen: 16344K->17173K(38400K)
[13.222s][info ][gc,metaspace   ] GC(1158) Metaspace: 15861K->15861K(1064960K)
[13.222s][info ][gc             ] GC(1158) Pause Young (Allocation Failure) 30M->18M(54M) 0.686ms
[13.222s][info ][gc,cpu         ] GC(1158) User=0.00s Sys=0.00s Real=0.00s
[13.223s][info ][gc,start       ] GC(1159) Pause Young (Allocation Failure)
[13.223s][debug][gc,phases      ] GC(1159) Scavenge 0.555ms
[13.224s][debug][gc,phases      ] GC(1159) Reference Processing 0.023ms
[13.224s][debug][gc,phases      ] GC(1159) Weak Processing 0.012ms
[13.224s][debug][gc,phases      ] GC(1159) Scrub String Table 0.070ms
[13.224s][debug][gc,age         ] GC(1159) Desired survivor size 4718592 bytes, new threshold 1 (max threshold 15)
[13.224s][info ][gc,heap        ] GC(1159) PSYoungGen: 14170K->3349K(16384K)
[13.224s][info ][gc,heap        ] GC(1159) ParOldGen: 17173K->17173K(38400K)
[13.224s][info ][gc,metaspace   ] GC(1159) Metaspace: 15861K->15861K(1064960K)
[13.224s][info ][gc             ] GC(1159) Pause Young (Allocation Failure) 30M->20M(53M) 0.866ms
[13.224s][info ][gc,cpu         ] GC(1159) User=0.00s Sys=0.01s Real=0.00s
[13.225s][info ][gc,start       ] GC(1160) Pause Young (Allocation Failure)
[13.226s][debug][gc,phases      ] GC(1160) Scavenge 0.725ms
[13.226s][debug][gc,phases      ] GC(1160) Reference Processing 0.019ms
[13.226s][debug][gc,phases      ] GC(1160) Weak Processing 0.011ms
[13.226s][debug][gc,phases      ] GC(1160) Scrub String Table 0.069ms
[13.226s][debug][gc,age         ] GC(1160) Desired survivor size 4718592 bytes, new threshold 1 (max threshold 15)
[13.226s][info ][gc,heap        ] GC(1160) PSYoungGen: 15295K->3317K(16896K)
[13.226s][info ][gc,heap        ] GC(1160) ParOldGen: 17173K->17588K(38400K)
[13.226s][info ][gc,metaspace   ] GC(1160) Metaspace: 15861K->15861K(1064960K)
[13.226s][info ][gc             ] GC(1160) Pause Young (Allocation Failure) 31M->20M(54M) 1.030ms
[13.226s][info ][gc,cpu         ] GC(1160) User=0.00s Sys=0.00s Real=0.00s
[13.227s][info ][gc,start       ] GC(1161) Pause Young (Allocation Failure)
[13.228s][debug][gc,phases      ] GC(1161) Scavenge 0.611ms
[13.228s][debug][gc,phases      ] GC(1161) Reference Processing 0.020ms
[13.228s][debug][gc,phases      ] GC(1161) Weak Processing 0.011ms
[13.228s][debug][gc,phases      ] GC(1161) Scrub String Table 0.070ms
[13.228s][debug][gc,age         ] GC(1161) Desired survivor size 4718592 bytes, new threshold 1 (max threshold 15)
[13.228s][info ][gc,heap        ] GC(1161) PSYoungGen: 15280K->3349K(16896K)
[13.228s][info ][gc,heap        ] GC(1161) ParOldGen: 17588K->17588K(38400K)
[13.228s][info ][gc,metaspace   ] GC(1161) Metaspace: 15861K->15861K(1064960K)
[13.228s][info ][gc             ] GC(1161) Pause Young (Allocation Failure) 32M->20M(54M) 0.916ms
[13.228s][info ][gc,cpu         ] GC(1161) User=0.01s Sys=0.00s Real=0.00s
[13.229s][info ][gc,start       ] GC(1162) Pause Young (Allocation Failure)
[13.229s][debug][gc,phases      ] GC(1162) Scavenge 0.481ms
[13.229s][debug][gc,phases      ] GC(1162) Reference Processing 0.020ms
[13.230s][debug][gc,phases      ] GC(1162) Weak Processing 0.014ms
[13.230s][debug][gc,phases      ] GC(1162) Scrub String Table 0.079ms
[13.230s][debug][gc,age         ] GC(1162) Desired survivor size 4718592 bytes, new threshold 1 (max threshold 15)
[13.230s][info ][gc,heap        ] GC(1162) PSYoungGen: 15311K->2567K(16896K)
[13.230s][info ][gc,heap        ] GC(1162) ParOldGen: 17588K->17596K(38400K)
[13.230s][info ][gc,metaspace   ] GC(1162) Metaspace: 15861K->15861K(1064960K)
[13.230s][info ][gc             ] GC(1162) Pause Young (Allocation Failure) 32M->19M(54M) 0.776ms
[13.230s][info ][gc,cpu         ] GC(1162) User=0.01s Sys=0.00s Real=0.00s
[13.231s][info ][gc,start       ] GC(1163) Pause Young (Allocation Failure)
[13.232s][debug][gc,phases      ] GC(1163) Scavenge 1.497ms
[13.232s][debug][gc,phases      ] GC(1163) Reference Processing 0.028ms
[13.232s][debug][gc,phases      ] GC(1163) Weak Processing 0.015ms
[13.232s][debug][gc,phases      ] GC(1163) Scrub String Table 0.088ms
[13.232s][debug][gc,age         ] GC(1163) Desired survivor size 4718592 bytes, new threshold 1 (max threshold 15)
[13.232s][info ][gc,heap        ] GC(1163) PSYoungGen: 14529K->2830K(16896K)
[13.232s][info ][gc,heap        ] GC(1163) ParOldGen: 17596K->17596K(38400K)
[13.232s][info ][gc,metaspace   ] GC(1163) Metaspace: 15861K->15861K(1064960K)
[13.233s][info ][gc             ] GC(1163) Pause Young (Allocation Failure) 31M->19M(54M) 1.891ms
[13.233s][info ][gc,cpu         ] GC(1163) User=0.01s Sys=0.00s Real=0.00s
[13.234s][info ][gc,start       ] GC(1164) Pause Young (Allocation Failure)
[13.234s][debug][gc,phases      ] GC(1164) Scavenge 0.437ms
[13.234s][debug][gc,phases      ] GC(1164) Reference Processing 0.023ms
[13.234s][debug][gc,phases      ] GC(1164) Weak Processing 0.010ms
[13.234s][debug][gc,phases      ] GC(1164) Scrub String Table 0.069ms
[13.234s][debug][gc,age         ] GC(1164) Desired survivor size 4718592 bytes, new threshold 1 (max threshold 15)
[13.234s][info ][gc,heap        ] GC(1164) PSYoungGen: 14761K->2958K(16896K)
[13.234s][info ][gc,heap        ] GC(1164) ParOldGen: 17596K->18003K(38400K)
[13.234s][info ][gc,metaspace   ] GC(1164) Metaspace: 15861K->15861K(1064960K)
[13.234s][info ][gc             ] GC(1164) Pause Young (Allocation Failure) 31M->20M(54M) 0.704ms
[13.234s][info ][gc,cpu         ] GC(1164) User=0.01s Sys=0.00s Real=0.00s
[13.235s][info ][gc,start       ] GC(1165) Pause Young (Allocation Failure)
[13.236s][debug][gc,phases      ] GC(1165) Scavenge 0.493ms
[13.236s][debug][gc,phases      ] GC(1165) Reference Processing 0.022ms
[13.236s][debug][gc,phases      ] GC(1165) Weak Processing 0.011ms
[13.236s][debug][gc,phases      ] GC(1165) Scrub String Table 0.071ms
[13.236s][debug][gc,age         ] GC(1165) Desired survivor size 4194304 bytes, new threshold 1 (max threshold 15)
[13.236s][info ][gc,heap        ] GC(1165) PSYoungGen: 14927K->2599K(15872K)
[13.236s][info ][gc,heap        ] GC(1165) ParOldGen: 18003K->18003K(38400K)
[13.236s][info ][gc,metaspace   ] GC(1165) Metaspace: 15861K->15861K(1064960K)
[13.236s][info ][gc             ] GC(1165) Pause Young (Allocation Failure) 32M->20M(53M) 0.816ms
[13.236s][info ][gc,cpu         ] GC(1165) User=0.00s Sys=0.00s Real=0.00s
[13.237s][info ][gc,start       ] GC(1166) Pause Young (Allocation Failure)
[13.237s][debug][gc,phases      ] GC(1166) Scavenge 0.425ms
[13.237s][debug][gc,phases      ] GC(1166) Reference Processing 0.020ms
[13.238s][debug][gc,phases      ] GC(1166) Weak Processing 0.010ms
[13.238s][debug][gc,phases      ] GC(1166) Scrub String Table 0.069ms
[13.238s][debug][gc,age         ] GC(1166) Desired survivor size 4718592 bytes, new threshold 1 (max threshold 15)
[13.238s][info ][gc,heap        ] GC(1166) PSYoungGen: 14565K->3381K(16384K)
[13.238s][info ][gc,heap        ] GC(1166) ParOldGen: 18003K->18011K(38400K)
[13.238s][info ][gc,metaspace   ] GC(1166) Metaspace: 15861K->15861K(1064960K)
[13.238s][info ][gc             ] GC(1166) Pause Young (Allocation Failure) 31M->20M(53M) 0.730ms
[13.238s][info ][gc,cpu         ] GC(1166) User=0.00s Sys=0.00s Real=0.00s
[13.239s][info ][gc,start       ] GC(1167) Pause Young (Allocation Failure)
[13.239s][debug][gc,phases      ] GC(1167) Scavenge 0.376ms
[13.239s][debug][gc,phases      ] GC(1167) Reference Processing 0.026ms
[13.239s][debug][gc,phases      ] GC(1167) Weak Processing 0.010ms
[13.239s][debug][gc,phases      ] GC(1167) Scrub String Table 0.069ms
[13.239s][debug][gc,age         ] GC(1167) Desired survivor size 4194304 bytes, new threshold 1 (max threshold 15)
[13.239s][info ][gc,heap        ] GC(1167) PSYoungGen: 15345K->2958K(16896K)
[13.239s][info ][gc,heap        ] GC(1167) ParOldGen: 18011K->18011K(38400K)
[13.239s][info ][gc,metaspace   ] GC(1167) Metaspace: 15861K->15861K(1064960K)
[13.239s][info ][gc             ] GC(1167) Pause Young (Allocation Failure) 32M->20M(54M) 0.694ms
[13.239s][info ][gc,cpu         ] GC(1167) User=0.00s Sys=0.00s Real=0.00s
[13.241s][info ][gc,start       ] GC(1168) Pause Young (Allocation Failure)
[13.242s][debug][gc,phases      ] GC(1168) Scavenge 1.224ms
[13.242s][debug][gc,phases      ] GC(1168) Reference Processing 0.020ms
[13.242s][debug][gc,phases      ] GC(1168) Weak Processing 0.010ms
[13.242s][debug][gc,phases      ] GC(1168) Scrub String Table 0.069ms
[13.242s][debug][gc,age         ] GC(1168) Desired survivor size 4194304 bytes, new threshold 1 (max threshold 15)
[13.242s][info ][gc,heap        ] GC(1168) PSYoungGen: 15712K->2145K(16896K)
[13.242s][info ][gc,heap        ] GC(1168) ParOldGen: 18011K->18027K(38400K)
[13.242s][info ][gc,metaspace   ] GC(1168) Metaspace: 15861K->15861K(1064960K)
[13.242s][info ][gc             ] GC(1168) Pause Young (Allocation Failure) 32M->19M(54M) 1.521ms
[13.242s][info ][gc,cpu         ] GC(1168) User=0.00s Sys=0.00s Real=0.00s
[13.243s][info ][gc,start       ] GC(1169) Pause Young (Allocation Failure)
[13.244s][debug][gc,phases      ] GC(1169) Scavenge 0.403ms
[13.244s][debug][gc,phases      ] GC(1169) Reference Processing 0.020ms
[13.244s][debug][gc,phases      ] GC(1169) Weak Processing 0.010ms
[13.244s][debug][gc,phases      ] GC(1169) Scrub String Table 0.069ms
[13.244s][debug][gc,age         ] GC(1169) Desired survivor size 4194304 bytes, new threshold 1 (max threshold 15)
[13.244s][info ][gc,heap        ] GC(1169) PSYoungGen: 14898K->2990K(17408K)
[13.244s][info ][gc,heap        ] GC(1169) ParOldGen: 18027K->18027K(38400K)
[13.244s][info ][gc,metaspace   ] GC(1169) Metaspace: 15861K->15861K(1064960K)
[13.244s][info ][gc             ] GC(1169) Pause Young (Allocation Failure) 32M->20M(54M) 0.692ms
[13.244s][info ][gc,cpu         ] GC(1169) User=0.00s Sys=0.00s Real=0.00s
[13.245s][info ][gc,start       ] GC(1170) Pause Young (Allocation Failure)
[13.245s][debug][gc,phases      ] GC(1170) Scavenge 0.319ms
[13.245s][debug][gc,phases      ] GC(1170) Reference Processing 0.023ms
[13.245s][debug][gc,phases      ] GC(1170) Weak Processing 0.010ms
[13.246s][debug][gc,phases      ] GC(1170) Scrub String Table 0.068ms
[13.246s][debug][gc,age         ] GC(1170) Desired survivor size 4194304 bytes, new threshold 1 (max threshold 15)
[13.246s][info ][gc,heap        ] GC(1170) PSYoungGen: 16144K->2209K(17408K)
[13.246s][info ][gc,heap        ] GC(1170) ParOldGen: 18027K->18035K(38400K)
[13.246s][info ][gc,metaspace   ] GC(1170) Metaspace: 15861K->15861K(1064960K)
[13.246s][info ][gc             ] GC(1170) Pause Young (Allocation Failure) 33M->19M(54M) 0.610ms
[13.246s][info ][gc,cpu         ] GC(1170) User=0.00s Sys=0.00s Real=0.00s
[13.247s][info ][gc,start       ] GC(1171) Pause Young (Allocation Failure)
[13.247s][debug][gc,phases      ] GC(1171) Scavenge 0.416ms
[13.247s][debug][gc,phases      ] GC(1171) Reference Processing 0.027ms
[13.247s][debug][gc,phases      ] GC(1171) Weak Processing 0.016ms
[13.247s][debug][gc,phases      ] GC(1171) Scrub String Table 0.073ms
[13.247s][debug][gc,age         ] GC(1171) Desired survivor size 4194304 bytes, new threshold 1 (max threshold 15)
[13.247s][info ][gc,heap        ] GC(1171) PSYoungGen: 15362K->1818K(17408K)
[13.247s][info ][gc,heap        ] GC(1171) ParOldGen: 18035K->18051K(38400K)
[13.247s][info ][gc,metaspace   ] GC(1171) Metaspace: 15861K->15861K(1064960K)
[13.247s][info ][gc             ] GC(1171) Pause Young (Allocation Failure) 32M->19M(54M) 0.741ms
[13.247s][info ][gc,cpu         ] GC(1171) User=0.00s Sys=0.00s Real=0.00s
[13.249s][info ][gc,start       ] GC(1172) Pause Young (Allocation Failure)
[13.249s][debug][gc,phases      ] GC(1172) Scavenge 0.712ms
[13.249s][debug][gc,phases      ] GC(1172) Reference Processing 0.022ms
[13.249s][debug][gc,phases      ] GC(1172) Weak Processing 0.013ms
[13.250s][debug][gc,phases      ] GC(1172) Scrub String Table 0.072ms
[13.250s][debug][gc,age         ] GC(1172) Desired survivor size 4718592 bytes, new threshold 1 (max threshold 15)
[13.250s][info ][gc,heap        ] GC(1172) PSYoungGen: 14971K->3317K(16896K)
[13.250s][info ][gc,heap        ] GC(1172) ParOldGen: 18051K->18059K(38400K)
[13.250s][info ][gc,metaspace   ] GC(1172) Metaspace: 15861K->15861K(1064960K)
[13.250s][info ][gc             ] GC(1172) Pause Young (Allocation Failure) 32M->20M(54M) 1.131ms
[13.250s][info ][gc,cpu         ] GC(1172) User=0.01s Sys=0.00s Real=0.00s
[13.251s][info ][gc,start       ] GC(1173) Pause Young (Allocation Failure)
[13.251s][debug][gc,phases      ] GC(1173) Scavenge 0.441ms
[13.251s][debug][gc,phases      ] GC(1173) Reference Processing 0.021ms
[13.251s][debug][gc,phases      ] GC(1173) Weak Processing 0.011ms
[13.251s][debug][gc,phases      ] GC(1173) Scrub String Table 0.071ms
[13.251s][debug][gc,age         ] GC(1173) Desired survivor size 4194304 bytes, new threshold 1 (max threshold 15)
[13.251s][info ][gc,heap        ] GC(1173) PSYoungGen: 16470K->2599K(17408K)
[13.251s][info ][gc,heap        ] GC(1173) ParOldGen: 18059K->18083K(38400K)
[13.251s][info ][gc,metaspace   ] GC(1173) Metaspace: 15861K->15861K(1064960K)
[13.251s][info ][gc             ] GC(1173) Pause Young (Allocation Failure) 33M->20M(54M) 0.731ms
[13.252s][info ][gc,cpu         ] GC(1173) User=0.00s Sys=0.00s Real=0.00s
[13.253s][info ][gc,start       ] GC(1174) Pause Young (Allocation Failure)
[13.253s][debug][gc,phases      ] GC(1174) Scavenge 0.477ms
[13.253s][debug][gc,phases      ] GC(1174) Reference Processing 0.022ms
[13.253s][debug][gc,phases      ] GC(1174) Weak Processing 0.010ms
[13.253s][debug][gc,phases      ] GC(1174) Scrub String Table 0.069ms
[13.253s][debug][gc,age         ] GC(1174) Desired survivor size 4194304 bytes, new threshold 1 (max threshold 15)
[13.253s][info ][gc,heap        ] GC(1174) PSYoungGen: 15351K->2958K(16896K)
[13.253s][info ][gc,heap        ] GC(1174) ParOldGen: 18083K->18083K(38400K)
[13.253s][info ][gc,metaspace   ] GC(1174) Metaspace: 15861K->15861K(1064960K)
[13.253s][info ][gc             ] GC(1174) Pause Young (Allocation Failure) 32M->20M(54M) 0.785ms
[13.253s][info ][gc,cpu         ] GC(1174) User=0.00s Sys=0.00s Real=0.00s
[13.254s][info ][gc,start       ] GC(1175) Pause Young (Allocation Failure)
[13.255s][debug][gc,phases      ] GC(1175) Scavenge 1.048ms
[13.255s][debug][gc,phases      ] GC(1175) Reference Processing 0.020ms
[13.255s][debug][gc,phases      ] GC(1175) Weak Processing 0.011ms
[13.256s][debug][gc,phases      ] GC(1175) Scrub String Table 0.069ms
[13.256s][debug][gc,age         ] GC(1175) Desired survivor size 4194304 bytes, new threshold 1 (max threshold 15)
[13.256s][info ][gc,heap        ] GC(1175) PSYoungGen: 15710K->2567K(16896K)
[13.256s][info ][gc,heap        ] GC(1175) ParOldGen: 18083K->18091K(38400K)
[13.256s][info ][gc,metaspace   ] GC(1175) Metaspace: 15861K->15861K(1064960K)
[13.256s][info ][gc             ] GC(1175) Pause Young (Allocation Failure) 33M->20M(54M) 1.396ms
[13.256s][info ][gc,cpu         ] GC(1175) User=0.01s Sys=0.00s Real=0.00s
[13.257s][info ][gc,start       ] GC(1176) Pause Young (Allocation Failure)
[13.258s][debug][gc,phases      ] GC(1176) Scavenge 0.844ms
[13.258s][debug][gc,phases      ] GC(1176) Reference Processing 0.020ms
[13.258s][debug][gc,phases      ] GC(1176) Weak Processing 0.010ms
[13.258s][debug][gc,phases      ] GC(1176) Scrub String Table 0.068ms
[13.258s][debug][gc,age         ] GC(1176) Desired survivor size 4194304 bytes, new threshold 1 (max threshold 15)
[13.258s][info ][gc,heap        ] GC(1176) PSYoungGen: 15319K->2535K(16896K)
[13.258s][info ][gc,heap        ] GC(1176) ParOldGen: 18091K->18091K(38400K)
[13.258s][info ][gc,metaspace   ] GC(1176) Metaspace: 15861K->15861K(1064960K)
[13.258s][info ][gc             ] GC(1176) Pause Young (Allocation Failure) 32M->20M(54M) 1.168ms
[13.258s][info ][gc,cpu         ] GC(1176) User=0.01s Sys=0.00s Real=0.00s
[13.259s][info ][gc,start       ] GC(1177) Pause Young (Allocation Failure)
[13.260s][debug][gc,phases      ] GC(1177) Scavenge 0.412ms
[13.260s][debug][gc,phases      ] GC(1177) Reference Processing 0.019ms
[13.260s][debug][gc,phases      ] GC(1177) Weak Processing 0.010ms
[13.260s][debug][gc,phases      ] GC(1177) Scrub String Table 0.068ms
[13.260s][debug][gc,age         ] GC(1177) Desired survivor size 4194304 bytes, new threshold 1 (max threshold 15)
[13.260s][info ][gc,heap        ] GC(1177) PSYoungGen: 15287K->2209K(17408K)
[13.260s][info ][gc,heap        ] GC(1177) ParOldGen: 18091K->18107K(38400K)
[13.260s][info ][gc,metaspace   ] GC(1177) Metaspace: 15861K->15861K(1064960K)
[13.260s][info ][gc             ] GC(1177) Pause Young (Allocation Failure) 32M->19M(54M) 0.706ms
[13.260s][info ][gc,cpu         ] GC(1177) User=0.00s Sys=0.00s Real=0.00s
[13.261s][info ][gc,start       ] GC(1178) Pause Young (Allocation Failure)
[13.261s][debug][gc,phases      ] GC(1178) Scavenge 0.449ms
[13.261s][debug][gc,phases      ] GC(1178) Reference Processing 0.021ms
[13.261s][debug][gc,phases      ] GC(1178) Weak Processing 0.010ms
[13.262s][debug][gc,phases      ] GC(1178) Scrub String Table 0.068ms
[13.262s][debug][gc,age         ] GC(1178) Desired survivor size 4194304 bytes, new threshold 1 (max threshold 15)
[13.262s][info ][gc,heap        ] GC(1178) PSYoungGen: 15361K->3381K(17408K)
[13.262s][info ][gc,heap        ] GC(1178) ParOldGen: 18107K->18107K(38400K)
[13.262s][info ][gc,metaspace   ] GC(1178) Metaspace: 15861K->15861K(1064960K)
[13.262s][info ][gc             ] GC(1178) Pause Young (Allocation Failure) 32M->20M(54M) 0.745ms
[13.262s][info ][gc,cpu         ] GC(1178) User=0.00s Sys=0.00s Real=0.00s
[13.263s][info ][gc,start       ] GC(1179) Pause Young (Allocation Failure)
[13.263s][debug][gc,phases      ] GC(1179) Scavenge 0.621ms
[13.263s][debug][gc,phases      ] GC(1179) Reference Processing 0.020ms
[13.264s][debug][gc,phases      ] GC(1179) Weak Processing 0.011ms
[13.264s][debug][gc,phases      ] GC(1179) Scrub String Table 0.069ms
[13.264s][debug][gc,age         ] GC(1179) Desired survivor size 4194304 bytes, new threshold 1 (max threshold 15)
[13.264s][info ][gc,heap        ] GC(1179) PSYoungGen: 16533K->3381K(17408K)
[13.264s][info ][gc,heap        ] GC(1179) ParOldGen: 18107K->18115K(38400K)
[13.264s][info ][gc,metaspace   ] GC(1179) Metaspace: 15861K->15861K(1064960K)
[13.264s][info ][gc             ] GC(1179) Pause Young (Allocation Failure) 33M->20M(54M) 0.896ms
[13.264s][info ][gc,cpu         ] GC(1179) User=0.00s Sys=0.00s Real=0.00s
[13.265s][info ][gc,start       ] GC(1180) Pause Young (Allocation Failure)
[13.266s][debug][gc,phases      ] GC(1180) Scavenge 1.304ms
[13.266s][debug][gc,phases      ] GC(1180) Reference Processing 0.020ms
[13.266s][debug][gc,phases      ] GC(1180) Weak Processing 0.011ms
[13.267s][debug][gc,phases      ] GC(1180) Scrub String Table 0.068ms
[13.267s][debug][gc,age         ] GC(1180) Desired survivor size 4194304 bytes, new threshold 1 (max threshold 15)
[13.267s][info ][gc,heap        ] GC(1180) PSYoungGen: 16533K->2894K(17408K)
[13.267s][info ][gc,heap        ] GC(1180) ParOldGen: 18115K->18529K(38400K)
[13.267s][info ][gc,metaspace   ] GC(1180) Metaspace: 15861K->15861K(1064960K)
[13.267s][info ][gc             ] GC(1180) Pause Young (Allocation Failure) 33M->20M(54M) 1.664ms
[13.267s][info ][gc,cpu         ] GC(1180) User=0.01s Sys=0.00s Real=0.01s
[13.268s][info ][gc,start       ] GC(1181) Pause Young (Allocation Failure)
[13.268s][debug][gc,phases      ] GC(1181) Scavenge 0.410ms
[13.268s][debug][gc,phases      ] GC(1181) Reference Processing 0.023ms
[13.268s][debug][gc,phases      ] GC(1181) Weak Processing 0.010ms
[13.268s][debug][gc,phases      ] GC(1181) Scrub String Table 0.068ms
[13.268s][debug][gc,age         ] GC(1181) Desired survivor size 4194304 bytes, new threshold 1 (max threshold 15)
[13.268s][info ][gc,heap        ] GC(1181) PSYoungGen: 16047K->2958K(17408K)
[13.268s][info ][gc,heap        ] GC(1181) ParOldGen: 18529K->18529K(38400K)
[13.268s][info ][gc,metaspace   ] GC(1181) Metaspace: 15861K->15861K(1064960K)
[13.268s][info ][gc             ] GC(1181) Pause Young (Allocation Failure) 33M->20M(54M) 0.685ms
[13.268s][info ][gc,cpu         ] GC(1181) User=0.00s Sys=0.00s Real=0.00s
[13.269s][info ][gc,start       ] GC(1182) Pause Young (Allocation Failure)
[13.270s][debug][gc,phases      ] GC(1182) Scavenge 0.462ms
[13.270s][debug][gc,phases      ] GC(1182) Reference Processing 0.021ms
[13.270s][debug][gc,phases      ] GC(1182) Weak Processing 0.011ms
[13.270s][debug][gc,phases      ] GC(1182) Scrub String Table 0.070ms
[13.270s][debug][gc,age         ] GC(1182) Desired survivor size 4194304 bytes, new threshold 1 (max threshold 15)
[13.270s][info ][gc,heap        ] GC(1182) PSYoungGen: 16111K->2958K(17408K)
[13.270s][info ][gc,heap        ] GC(1182) ParOldGen: 18529K->18537K(38400K)
[13.270s][info ][gc,metaspace   ] GC(1182) Metaspace: 15861K->15861K(1064960K)
[13.270s][info ][gc             ] GC(1182) Pause Young (Allocation Failure) 33M->20M(54M) 0.754ms
[13.270s][info ][gc,cpu         ] GC(1182) User=0.00s Sys=0.00s Real=0.00s
[13.271s][info ][gc,start       ] GC(1183) Pause Young (Allocation Failure)
[13.272s][debug][gc,phases      ] GC(1183) Scavenge 0.861ms
[13.272s][debug][gc,phases      ] GC(1183) Reference Processing 0.019ms
[13.272s][debug][gc,phases      ] GC(1183) Weak Processing 0.012ms
[13.272s][debug][gc,phases      ] GC(1183) Scrub String Table 0.069ms
[13.272s][debug][gc,age         ] GC(1183) Desired survivor size 4194304 bytes, new threshold 1 (max threshold 15)
[13.272s][info ][gc,heap        ] GC(1183) PSYoungGen: 16111K->2535K(17408K)
[13.272s][info ][gc,heap        ] GC(1183) ParOldGen: 18537K->18537K(38400K)
[13.272s][info ][gc,metaspace   ] GC(1183) Metaspace: 15861K->15861K(1064960K)
[13.272s][info ][gc             ] GC(1183) Pause Young (Allocation Failure) 33M->20M(54M) 1.161ms
[13.272s][info ][gc,cpu         ] GC(1183) User=0.01s Sys=0.00s Real=0.00s
[13.274s][info ][gc,start       ] GC(1184) Pause Young (Allocation Failure)
[13.274s][debug][gc,phases      ] GC(1184) Scavenge 0.392ms
[13.274s][debug][gc,phases      ] GC(1184) Reference Processing 0.020ms
[13.274s][debug][gc,phases      ] GC(1184) Weak Processing 0.010ms
[13.274s][debug][gc,phases      ] GC(1184) Scrub String Table 0.069ms
[13.274s][debug][gc,age         ] GC(1184) Desired survivor size 4194304 bytes, new threshold 1 (max threshold 15)
[13.274s][info ][gc,heap        ] GC(1184) PSYoungGen: 15663K->2145K(17408K)
[13.274s][info ][gc,heap        ] GC(1184) ParOldGen: 18537K->18553K(38400K)
[13.274s][info ][gc,metaspace   ] GC(1184) Metaspace: 15861K->15861K(1064960K)
[13.274s][info ][gc             ] GC(1184) Pause Young (Allocation Failure) 33M->20M(54M) 0.694ms
[13.274s][info ][gc,cpu         ] GC(1184) User=0.00s Sys=0.00s Real=0.00s
[13.275s][info ][gc,start       ] GC(1185) Pause Young (Allocation Failure)
[13.276s][debug][gc,phases      ] GC(1185) Scavenge 0.344ms
[13.276s][debug][gc,phases      ] GC(1185) Reference Processing 0.020ms
[13.276s][debug][gc,phases      ] GC(1185) Weak Processing 0.010ms
[13.276s][debug][gc,phases      ] GC(1185) Scrub String Table 0.069ms
[13.276s][debug][gc,age         ] GC(1185) Desired survivor size 4194304 bytes, new threshold 1 (max threshold 15)
[13.276s][info ][gc,heap        ] GC(1185) PSYoungGen: 15303K->2599K(17408K)
[13.276s][info ][gc,heap        ] GC(1185) ParOldGen: 18553K->18553K(38400K)
[13.276s][info ][gc,metaspace   ] GC(1185) Metaspace: 15861K->15861K(1064960K)
[13.276s][info ][gc             ] GC(1185) Pause Young (Allocation Failure) 33M->20M(54M) 0.629ms
[13.276s][info ][gc,cpu         ] GC(1185) User=0.00s Sys=0.00s Real=0.00s
[13.277s][info ][gc,start       ] GC(1186) Pause Young (Allocation Failure)
[13.278s][debug][gc,phases      ] GC(1186) Scavenge 0.416ms
[13.278s][debug][gc,phases      ] GC(1186) Reference Processing 0.019ms
[13.278s][debug][gc,phases      ] GC(1186) Weak Processing 0.010ms
[13.278s][debug][gc,phases      ] GC(1186) Scrub String Table 0.068ms
[13.278s][debug][gc,age         ] GC(1186) Desired survivor size 4194304 bytes, new threshold 1 (max threshold 15)
[13.278s][info ][gc,heap        ] GC(1186) PSYoungGen: 15756K->2177K(17408K)
[13.278s][info ][gc,heap        ] GC(1186) ParOldGen: 18553K->18561K(38400K)
[13.278s][info ][gc,metaspace   ] GC(1186) Metaspace: 15861K->15861K(1064960K)
[13.278s][info ][gc             ] GC(1186) Pause Young (Allocation Failure) 33M->20M(54M) 0.689ms
[13.278s][info ][gc,cpu         ] GC(1186) User=0.00s Sys=0.00s Real=0.00s
[13.279s][info ][gc,start       ] GC(1187) Pause Young (Allocation Failure)
[13.279s][debug][gc,phases      ] GC(1187) Scavenge 0.442ms
[13.279s][debug][gc,phases      ] GC(1187) Reference Processing 0.020ms
[13.279s][debug][gc,phases      ] GC(1187) Weak Processing 0.013ms
[13.280s][debug][gc,phases      ] GC(1187) Scrub String Table 0.116ms
[13.280s][debug][gc,age         ] GC(1187) Desired survivor size 4194304 bytes, new threshold 1 (max threshold 15)
[13.280s][info ][gc,heap        ] GC(1187) PSYoungGen: 15332K->3381K(17408K)
[13.280s][info ][gc,heap        ] GC(1187) ParOldGen: 18561K->18561K(38400K)
[13.280s][info ][gc,metaspace   ] GC(1187) Metaspace: 15861K->15861K(1064960K)
[13.280s][info ][gc             ] GC(1187) Pause Young (Allocation Failure) 33M->21M(54M) 0.779ms
[13.280s][info ][gc,cpu         ] GC(1187) User=0.00s Sys=0.00s Real=0.00s
[13.281s][info ][gc,start       ] GC(1188) Pause Young (Allocation Failure)
[13.282s][debug][gc,phases      ] GC(1188) Scavenge 1.304ms
[13.282s][debug][gc,phases      ] GC(1188) Reference Processing 0.020ms
[13.282s][debug][gc,phases      ] GC(1188) Weak Processing 0.012ms
[13.282s][debug][gc,phases      ] GC(1188) Scrub String Table 0.068ms
[13.282s][debug][gc,age         ] GC(1188) Desired survivor size 4194304 bytes, new threshold 1 (max threshold 15)
[13.283s][info ][gc,heap        ] GC(1188) PSYoungGen: 16535K->2503K(17408K)
[13.283s][info ][gc,heap        ] GC(1188) ParOldGen: 18561K->18569K(38400K)
[13.283s][info ][gc,metaspace   ] GC(1188) Metaspace: 15861K->15861K(1064960K)
[13.283s][info ][gc             ] GC(1188) Pause Young (Allocation Failure) 34M->20M(54M) 1.607ms
[13.283s][info ][gc,cpu         ] GC(1188) User=0.00s Sys=0.00s Real=0.00s
[13.284s][info ][gc,start       ] GC(1189) Pause Young (Allocation Failure)
[13.284s][debug][gc,phases      ] GC(1189) Scavenge 0.431ms
[13.284s][debug][gc,phases      ] GC(1189) Reference Processing 0.019ms
[13.284s][debug][gc,phases      ] GC(1189) Weak Processing 0.010ms
[13.284s][debug][gc,phases      ] GC(1189) Scrub String Table 0.068ms
[13.284s][debug][gc,age         ] GC(1189) Desired survivor size 4194304 bytes, new threshold 1 (max threshold 15)
[13.284s][info ][gc,heap        ] GC(1189) PSYoungGen: 15657K->3381K(17408K)
[13.284s][info ][gc,heap        ] GC(1189) ParOldGen: 18569K->18569K(38400K)
[13.284s][info ][gc,metaspace   ] GC(1189) Metaspace: 15861K->15861K(1064960K)
[13.284s][info ][gc             ] GC(1189) Pause Young (Allocation Failure) 33M->21M(54M) 0.704ms
[13.284s][info ][gc,cpu         ] GC(1189) User=0.00s Sys=0.00s Real=0.00s
[13.285s][info ][gc,start       ] GC(1190) Pause Young (Allocation Failure)
[13.286s][debug][gc,phases      ] GC(1190) Scavenge 0.473ms
[13.286s][debug][gc,phases      ] GC(1190) Reference Processing 0.025ms
[13.286s][debug][gc,phases      ] GC(1190) Weak Processing 0.011ms
[13.286s][debug][gc,phases      ] GC(1190) Scrub String Table 0.070ms
[13.286s][debug][gc,age         ] GC(1190) Desired survivor size 4194304 bytes, new threshold 1 (max threshold 15)
[13.286s][info ][gc,heap        ] GC(1190) PSYoungGen: 16534K->3381K(17408K)
[13.286s][info ][gc,heap        ] GC(1190) ParOldGen: 18569K->18569K(38400K)
[13.286s][info ][gc,metaspace   ] GC(1190) Metaspace: 15861K->15861K(1064960K)
[13.286s][info ][gc             ] GC(1190) Pause Young (Allocation Failure) 34M->21M(54M) 0.778ms
[13.286s][info ][gc,cpu         ] GC(1190) User=0.00s Sys=0.00s Real=0.00s
[13.287s][info ][gc,start       ] GC(1191) Pause Young (Allocation Failure)
[13.288s][debug][gc,phases      ] GC(1191) Scavenge 0.808ms
[13.288s][debug][gc,phases      ] GC(1191) Reference Processing 0.020ms
[13.288s][debug][gc,phases      ] GC(1191) Weak Processing 0.011ms
[13.288s][debug][gc,phases      ] GC(1191) Scrub String Table 0.069ms
[13.288s][debug][gc,age         ] GC(1191) Desired survivor size 4194304 bytes, new threshold 1 (max threshold 15)
[13.288s][info ][gc,heap        ] GC(1191) PSYoungGen: 16534K->2990K(17408K)
[13.288s][info ][gc,heap        ] GC(1191) ParOldGen: 18569K->18569K(38400K)
[13.288s][info ][gc,metaspace   ] GC(1191) Metaspace: 15861K->15861K(1064960K)
[13.288s][info ][gc             ] GC(1191) Pause Young (Allocation Failure) 34M->21M(54M) 1.096ms
[13.288s][info ][gc,cpu         ] GC(1191) User=0.00s Sys=0.00s Real=0.00s
[13.290s][info ][gc,start       ] GC(1192) Pause Young (Allocation Failure)
[13.290s][debug][gc,phases      ] GC(1192) Scavenge 0.656ms
[13.290s][debug][gc,phases      ] GC(1192) Reference Processing 0.023ms
[13.290s][debug][gc,phases      ] GC(1192) Weak Processing 0.011ms
[13.291s][debug][gc,phases      ] GC(1192) Scrub String Table 0.068ms
[13.291s][debug][gc,age         ] GC(1192) Desired survivor size 4194304 bytes, new threshold 1 (max threshold 15)
[13.291s][info ][gc,heap        ] GC(1192) PSYoungGen: 16143K->2145K(17408K)
[13.291s][info ][gc,heap        ] GC(1192) ParOldGen: 18569K->19000K(38400K)
[13.291s][info ][gc,metaspace   ] GC(1192) Metaspace: 15861K->15861K(1064960K)
[13.291s][info ][gc             ] GC(1192) Pause Young (Allocation Failure) 33M->20M(54M) 0.950ms
[13.291s][info ][gc,cpu         ] GC(1192) User=0.00s Sys=0.00s Real=0.00s
[13.292s][info ][gc,start       ] GC(1193) Pause Young (Allocation Failure)
[13.292s][debug][gc,phases      ] GC(1193) Scavenge 0.470ms
[13.292s][debug][gc,phases      ] GC(1193) Reference Processing 0.020ms
[13.292s][debug][gc,phases      ] GC(1193) Weak Processing 0.010ms
[13.292s][debug][gc,phases      ] GC(1193) Scrub String Table 0.068ms
[13.292s][debug][gc,age         ] GC(1193) Desired survivor size 4194304 bytes, new threshold 1 (max threshold 15)
[13.292s][info ][gc,heap        ] GC(1193) PSYoungGen: 15297K->2145K(17408K)
[13.292s][info ][gc,heap        ] GC(1193) ParOldGen: 19000K->19000K(38400K)
[13.292s][info ][gc,metaspace   ] GC(1193) Metaspace: 15861K->15861K(1064960K)
[13.292s][info ][gc             ] GC(1193) Pause Young (Allocation Failure) 33M->20M(54M) 0.755ms
[13.292s][info ][gc,cpu         ] GC(1193) User=0.00s Sys=0.00s Real=0.00s
[13.293s][info ][gc,start       ] GC(1194) Pause Young (Allocation Failure)
[13.294s][debug][gc,phases      ] GC(1194) Scavenge 0.477ms
[13.294s][debug][gc,phases      ] GC(1194) Reference Processing 0.023ms
[13.294s][debug][gc,phases      ] GC(1194) Weak Processing 0.011ms
[13.294s][debug][gc,phases      ] GC(1194) Scrub String Table 0.070ms
[13.294s][debug][gc,age         ] GC(1194) Desired survivor size 4194304 bytes, new threshold 1 (max threshold 15)
[13.294s][info ][gc,heap        ] GC(1194) PSYoungGen: 15297K->2958K(17408K)
[13.294s][info ][gc,heap        ] GC(1194) ParOldGen: 19000K->19008K(38400K)
[13.294s][info ][gc,metaspace   ] GC(1194) Metaspace: 15861K->15861K(1064960K)
[13.294s][info ][gc             ] GC(1194) Pause Young (Allocation Failure) 33M->21M(54M) 0.780ms
[13.294s][info ][gc,cpu         ] GC(1194) User=0.01s Sys=0.00s Real=0.00s
[13.295s][info ][gc,start       ] GC(1195) Pause Young (Allocation Failure)
[13.297s][debug][gc,phases      ] GC(1195) Scavenge 1.256ms
[13.297s][debug][gc,phases      ] GC(1195) Reference Processing 0.020ms
[13.297s][debug][gc,phases      ] GC(1195) Weak Processing 0.011ms
[13.297s][debug][gc,phases      ] GC(1195) Scrub String Table 0.069ms
[13.297s][debug][gc,age         ] GC(1195) Desired survivor size 4194304 bytes, new threshold 1 (max threshold 15)
[13.297s][info ][gc,heap        ] GC(1195) PSYoungGen: 16111K->2177K(17408K)
[13.297s][info ][gc,heap        ] GC(1195) ParOldGen: 19008K->19008K(38400K)
[13.297s][info ][gc,metaspace   ] GC(1195) Metaspace: 15861K->15861K(1064960K)
[13.297s][info ][gc             ] GC(1195) Pause Young (Allocation Failure) 34M->20M(54M) 1.558ms
[13.297s][info ][gc,cpu         ] GC(1195) User=0.01s Sys=0.00s Real=0.01s
[13.298s][info ][gc,start       ] GC(1196) Pause Young (Allocation Failure)
[13.299s][debug][gc,phases      ] GC(1196) Scavenge 0.859ms
[13.299s][debug][gc,phases      ] GC(1196) Reference Processing 0.039ms
[13.299s][debug][gc,phases      ] GC(1196) Weak Processing 0.016ms
[13.299s][debug][gc,phases      ] GC(1196) Scrub String Table 0.083ms
[13.299s][debug][gc,age         ] GC(1196) Desired survivor size 4194304 bytes, new threshold 1 (max threshold 15)
[13.299s][info ][gc,heap        ] GC(1196) PSYoungGen: 15329K->2567K(17408K)
[13.299s][info ][gc,heap        ] GC(1196) ParOldGen: 19008K->19008K(38400K)
[13.299s][info ][gc,metaspace   ] GC(1196) Metaspace: 15861K->15861K(1064960K)
[13.299s][info ][gc             ] GC(1196) Pause Young (Allocation Failure) 33M->21M(54M) 1.247ms
[13.299s][info ][gc,cpu         ] GC(1196) User=0.00s Sys=0.01s Real=0.00s
[13.300s][info ][gc,start       ] GC(1197) Pause Young (Allocation Failure)
[13.301s][debug][gc,phases      ] GC(1197) Scavenge 0.452ms
[13.301s][debug][gc,phases      ] GC(1197) Reference Processing 0.022ms
[13.301s][debug][gc,phases      ] GC(1197) Weak Processing 0.011ms
[13.301s][debug][gc,phases      ] GC(1197) Scrub String Table 0.069ms
[13.301s][debug][gc,age         ] GC(1197) Desired survivor size 4194304 bytes, new threshold 1 (max threshold 15)
[13.301s][info ][gc,heap        ] GC(1197) PSYoungGen: 15686K->2958K(17408K)
[13.301s][info ][gc,heap        ] GC(1197) ParOldGen: 19008K->19423K(38400K)
[13.301s][info ][gc,metaspace   ] GC(1197) Metaspace: 15861K->15861K(1064960K)
[13.301s][info ][gc             ] GC(1197) Pause Young (Allocation Failure) 33M->21M(54M) 0.747ms
[13.301s][info ][gc,cpu         ] GC(1197) User=0.00s Sys=0.00s Real=0.00s
[13.302s][info ][gc,start       ] GC(1198) Pause Young (Allocation Failure)
[13.303s][debug][gc,phases      ] GC(1198) Scavenge 0.388ms
[13.303s][debug][gc,phases      ] GC(1198) Reference Processing 0.023ms
[13.303s][debug][gc,phases      ] GC(1198) Weak Processing 0.013ms
[13.303s][debug][gc,phases      ] GC(1198) Scrub String Table 0.115ms
[13.303s][debug][gc,age         ] GC(1198) Desired survivor size 4194304 bytes, new threshold 1 (max threshold 15)
[13.303s][info ][gc,heap        ] GC(1198) PSYoungGen: 16123K->2567K(17408K)
[13.303s][info ][gc,heap        ] GC(1198) ParOldGen: 19423K->19423K(38400K)
[13.303s][info ][gc,metaspace   ] GC(1198) Metaspace: 15861K->15861K(1064960K)
[13.303s][info ][gc             ] GC(1198) Pause Young (Allocation Failure) 34M->21M(54M) 0.728ms
[13.303s][info ][gc,cpu         ] GC(1198) User=0.00s Sys=0.00s Real=0.00s
[13.304s][info ][gc,start       ] GC(1199) Pause Young (Allocation Failure)
[13.305s][debug][gc,phases      ] GC(1199) Scavenge 0.886ms
[13.305s][debug][gc,phases      ] GC(1199) Reference Processing 0.019ms
[13.305s][debug][gc,phases      ] GC(1199) Weak Processing 0.010ms
[13.305s][debug][gc,phases      ] GC(1199) Scrub String Table 0.069ms
[13.305s][debug][gc,age         ] GC(1199) Desired survivor size 4194304 bytes, new threshold 1 (max threshold 15)
[13.305s][info ][gc,heap        ] GC(1199) PSYoungGen: 15691K->2177K(17408K)
[13.305s][info ][gc,heap        ] GC(1199) ParOldGen: 19423K->19431K(38400K)
[13.305s][info ][gc,metaspace   ] GC(1199) Metaspace: 15861K->15861K(1064960K)
[13.305s][info ][gc             ] GC(1199) Pause Young (Allocation Failure) 34M->21M(54M) 1.172ms
[13.305s][info ][gc,cpu         ] GC(1199) User=0.01s Sys=0.00s Real=0.00s
[13.306s][info ][gc,start       ] GC(1200) Pause Young (Allocation Failure)
[13.307s][debug][gc,phases      ] GC(1200) Scavenge 0.399ms
[13.307s][debug][gc,phases      ] GC(1200) Reference Processing 0.020ms
[13.307s][debug][gc,phases      ] GC(1200) Weak Processing 0.010ms
[13.307s][debug][gc,phases      ] GC(1200) Scrub String Table 0.069ms
[13.307s][debug][gc,age         ] GC(1200) Desired survivor size 4194304 bytes, new threshold 1 (max threshold 15)
[13.307s][info ][gc,heap        ] GC(1200) PSYoungGen: 15347K->2990K(17408K)
[13.307s][info ][gc,heap        ] GC(1200) ParOldGen: 19431K->19431K(38400K)
[13.307s][info ][gc,metaspace   ] GC(1200) Metaspace: 15861K->15861K(1064960K)
[13.307s][info ][gc             ] GC(1200) Pause Young (Allocation Failure) 33M->21M(54M) 0.714ms
[13.307s][info ][gc,cpu         ] GC(1200) User=0.00s Sys=0.00s Real=0.00s
[13.308s][info ][gc,start       ] GC(1201) Pause Young (Allocation Failure)
[13.309s][debug][gc,phases      ] GC(1201) Scavenge 0.335ms
[13.309s][debug][gc,phases      ] GC(1201) Reference Processing 0.019ms
[13.309s][debug][gc,phases      ] GC(1201) Weak Processing 0.011ms
[13.309s][debug][gc,phases      ] GC(1201) Scrub String Table 0.069ms
[13.309s][debug][gc,age         ] GC(1201) Desired survivor size 4194304 bytes, new threshold 1 (max threshold 15)
[13.309s][info ][gc,heap        ] GC(1201) PSYoungGen: 16154K->2990K(17408K)
[13.309s][info ][gc,heap        ] GC(1201) ParOldGen: 19431K->19439K(38400K)
[13.309s][info ][gc,metaspace   ] GC(1201) Metaspace: 15861K->15861K(1064960K)
[13.309s][info ][gc             ] GC(1201) Pause Young (Allocation Failure) 34M->21M(54M) 0.607ms
[13.309s][info ][gc,cpu         ] GC(1201) User=0.01s Sys=0.00s Real=0.00s
[13.310s][info ][gc,start       ] GC(1202) Pause Young (Allocation Failure)
[13.311s][debug][gc,phases      ] GC(1202) Scavenge 1.158ms
[13.311s][debug][gc,phases      ] GC(1202) Reference Processing 0.022ms
[13.311s][debug][gc,phases      ] GC(1202) Weak Processing 0.011ms
[13.311s][debug][gc,phases      ] GC(1202) Scrub String Table 0.070ms
[13.311s][debug][gc,age         ] GC(1202) Desired survivor size 4194304 bytes, new threshold 1 (max threshold 15)
[13.311s][info ][gc,heap        ] GC(1202) PSYoungGen: 16150K->2958K(17408K)
[13.311s][info ][gc,heap        ] GC(1202) ParOldGen: 19439K->19439K(38400K)
[13.311s][info ][gc,metaspace   ] GC(1202) Metaspace: 15861K->15861K(1064960K)
[13.311s][info ][gc             ] GC(1202) Pause Young (Allocation Failure) 34M->21M(54M) 1.482ms
[13.311s][info ][gc,cpu         ] GC(1202) User=0.01s Sys=0.00s Real=0.00s
[13.313s][info ][gc,start       ] GC(1203) Pause Young (Allocation Failure)
[13.313s][debug][gc,phases      ] GC(1203) Scavenge 0.364ms
[13.313s][debug][gc,phases      ] GC(1203) Reference Processing 0.019ms
[13.313s][debug][gc,phases      ] GC(1203) Weak Processing 0.010ms
[13.313s][debug][gc,phases      ] GC(1203) Scrub String Table 0.068ms
[13.313s][debug][gc,age         ] GC(1203) Desired survivor size 4194304 bytes, new threshold 1 (max threshold 15)
[13.313s][info ][gc,heap        ] GC(1203) PSYoungGen: 16115K->2177K(17408K)
[13.313s][info ][gc,heap        ] GC(1203) ParOldGen: 19439K->19463K(38400K)
[13.313s][info ][gc,metaspace   ] GC(1203) Metaspace: 15861K->15861K(1064960K)
[13.313s][info ][gc             ] GC(1203) Pause Young (Allocation Failure) 34M->21M(54M) 0.641ms
[13.313s][info ][gc,cpu         ] GC(1203) User=0.00s Sys=0.00s Real=0.00s
[13.314s][info ][gc,start       ] GC(1204) Pause Young (Allocation Failure)
[13.315s][debug][gc,phases      ] GC(1204) Scavenge 0.464ms
[13.315s][debug][gc,phases      ] GC(1204) Reference Processing 0.023ms
[13.315s][debug][gc,phases      ] GC(1204) Weak Processing 0.011ms
[13.315s][debug][gc,phases      ] GC(1204) Scrub String Table 0.070ms
[13.315s][debug][gc,age         ] GC(1204) Desired survivor size 4194304 bytes, new threshold 1 (max threshold 15)
[13.315s][info ][gc,heap        ] GC(1204) PSYoungGen: 15332K->3349K(17408K)
[13.315s][info ][gc,heap        ] GC(1204) ParOldGen: 19463K->19463K(38400K)
[13.315s][info ][gc,metaspace   ] GC(1204) Metaspace: 15861K->15861K(1064960K)
[13.315s][info ][gc             ] GC(1204) Pause Young (Allocation Failure) 33M->22M(54M) 0.761ms
[13.315s][info ][gc,cpu         ] GC(1204) User=0.01s Sys=0.00s Real=0.00s
[13.316s][info ][gc,start       ] GC(1205) Pause Young (Allocation Failure)
[13.317s][debug][gc,phases      ] GC(1205) Scavenge 0.595ms
[13.317s][debug][gc,phases      ] GC(1205) Reference Processing 0.021ms
[13.317s][debug][gc,phases      ] GC(1205) Weak Processing 0.011ms
[13.317s][debug][gc,phases      ] GC(1205) Scrub String Table 0.069ms
[13.317s][debug][gc,age         ] GC(1205) Desired survivor size 4194304 bytes, new threshold 1 (max threshold 15)
[13.317s][info ][gc,heap        ] GC(1205) PSYoungGen: 16503K->2926K(17408K)
[13.317s][info ][gc,heap        ] GC(1205) ParOldGen: 19463K->19471K(38400K)
[13.317s][info ][gc,metaspace   ] GC(1205) Metaspace: 15861K->15861K(1064960K)
[13.317s][info ][gc             ] GC(1205) Pause Young (Allocation Failure) 35M->21M(54M) 0.899ms
[13.317s][info ][gc,cpu         ] GC(1205) User=0.01s Sys=0.00s Real=0.01s
[13.318s][info ][gc,start       ] GC(1206) Pause Young (Allocation Failure)
[13.318s][debug][gc,phases      ] GC(1206) Scavenge 0.281ms
[13.319s][debug][gc,phases      ] GC(1206) Reference Processing 0.022ms
[13.319s][debug][gc,phases      ] GC(1206) Weak Processing 0.010ms
[13.319s][debug][gc,phases      ] GC(1206) Scrub String Table 0.068ms
[13.319s][debug][gc,age         ] GC(1206) Desired survivor size 4194304 bytes, new threshold 1 (max threshold 15)
[13.319s][info ][gc,heap        ] GC(1206) PSYoungGen: 16080K->1786K(17408K)
[13.319s][info ][gc,heap        ] GC(1206) ParOldGen: 19471K->19471K(38400K)
[13.319s][info ][gc,metaspace   ] GC(1206) Metaspace: 15861K->15861K(1064960K)
[13.319s][info ][gc             ] GC(1206) Pause Young (Allocation Failure) 34M->20M(54M) 0.579ms
[13.319s][info ][gc,cpu         ] GC(1206) User=0.00s Sys=0.00s Real=0.00s
[13.320s][info ][gc,start       ] GC(1207) Pause Young (Allocation Failure)
[13.321s][debug][gc,phases      ] GC(1207) Scavenge 1.376ms
[13.321s][debug][gc,phases      ] GC(1207) Reference Processing 0.025ms
[13.321s][debug][gc,phases      ] GC(1207) Weak Processing 0.014ms
[13.322s][debug][gc,phases      ] GC(1207) Scrub String Table 0.107ms
[13.322s][debug][gc,age         ] GC(1207) Desired survivor size 4194304 bytes, new threshold 1 (max threshold 15)
[13.322s][info ][gc,heap        ] GC(1207) PSYoungGen: 14939K->2535K(17408K)
[13.322s][info ][gc,heap        ] GC(1207) ParOldGen: 19471K->19471K(38400K)
[13.322s][info ][gc,metaspace   ] GC(1207) Metaspace: 15861K->15861K(1064960K)
[13.322s][info ][gc             ] GC(1207) Pause Young (Allocation Failure) 33M->21M(54M) 1.765ms
[13.322s][info ][gc,cpu         ] GC(1207) User=0.01s Sys=0.00s Real=0.00s
[13.323s][info ][gc,start       ] GC(1208) Pause Young (Allocation Failure)
[13.324s][debug][gc,phases      ] GC(1208) Scavenge 0.855ms
[13.324s][debug][gc,phases      ] GC(1208) Reference Processing 0.021ms
[13.324s][debug][gc,phases      ] GC(1208) Weak Processing 0.011ms
[13.324s][debug][gc,phases      ] GC(1208) Scrub String Table 0.069ms
[13.324s][debug][gc,age         ] GC(1208) Desired survivor size 4194304 bytes, new threshold 1 (max threshold 15)
[13.324s][info ][gc,heap        ] GC(1208) PSYoungGen: 15656K->1722K(17408K)
[13.324s][info ][gc,heap        ] GC(1208) ParOldGen: 19471K->19893K(38400K)
[13.324s][info ][gc,metaspace   ] GC(1208) Metaspace: 15861K->15861K(1064960K)
[13.324s][info ][gc             ] GC(1208) Pause Young (Allocation Failure) 34M->21M(54M) 1.173ms
[13.324s][info ][gc,cpu         ] GC(1208) User=0.01s Sys=0.00s Real=0.00s
[13.325s][info ][gc,start       ] GC(1209) Pause Young (Allocation Failure)
[13.326s][debug][gc,phases      ] GC(1209) Scavenge 1.238ms
[13.326s][debug][gc,phases      ] GC(1209) Reference Processing 0.022ms
[13.326s][debug][gc,phases      ] GC(1209) Weak Processing 0.011ms
[13.327s][debug][gc,phases      ] GC(1209) Scrub String Table 0.084ms
[13.327s][debug][gc,age         ] GC(1209) Desired survivor size 4194304 bytes, new threshold 1 (max threshold 15)
[13.327s][info ][gc,heap        ] GC(1209) PSYoungGen: 14842K->1754K(17408K)
[13.327s][info ][gc,heap        ] GC(1209) ParOldGen: 19893K->20300K(38400K)
[13.327s][info ][gc,metaspace   ] GC(1209) Metaspace: 15861K->15861K(1064960K)
[13.327s][info ][gc             ] GC(1209) Pause Young (Allocation Failure) 33M->21M(54M) 1.580ms
[13.327s][info ][gc,cpu         ] GC(1209) User=0.01s Sys=0.00s Real=0.01s
[13.328s][info ][gc,start       ] GC(1210) Pause Young (Allocation Failure)
[13.329s][debug][gc,phases      ] GC(1210) Scavenge 1.076ms
[13.329s][debug][gc,phases      ] GC(1210) Reference Processing 0.021ms
[13.329s][debug][gc,phases      ] GC(1210) Weak Processing 0.010ms
[13.329s][debug][gc,phases      ] GC(1210) Scrub String Table 0.072ms
[13.329s][debug][gc,age         ] GC(1210) Desired survivor size 4194304 bytes, new threshold 1 (max threshold 15)
[13.329s][info ][gc,heap        ] GC(1210) PSYoungGen: 14930K->2535K(17408K)
[13.329s][info ][gc,heap        ] GC(1210) ParOldGen: 20300K->20706K(38400K)
[13.329s][info ][gc,metaspace   ] GC(1210) Metaspace: 15861K->15861K(1064960K)
[13.329s][info ][gc             ] GC(1210) Pause Young (Allocation Failure) 34M->22M(54M) 1.369ms
[13.329s][info ][gc,cpu         ] GC(1210) User=0.01s Sys=0.00s Real=0.00s
[13.330s][info ][gc,start       ] GC(1211) Pause Young (Allocation Failure)
[13.331s][debug][gc,phases      ] GC(1211) Scavenge 0.290ms
[13.331s][debug][gc,phases      ] GC(1211) Reference Processing 0.020ms
[13.331s][debug][gc,phases      ] GC(1211) Weak Processing 0.017ms
[13.331s][debug][gc,phases      ] GC(1211) Scrub String Table 0.076ms
[13.331s][debug][gc,age         ] GC(1211) Desired survivor size 4194304 bytes, new threshold 1 (max threshold 15)
[13.331s][info ][gc,heap        ] GC(1211) PSYoungGen: 15703K->1818K(17408K)
[13.331s][info ][gc,heap        ] GC(1211) ParOldGen: 20706K->20714K(38400K)
[13.331s][info ][gc,metaspace   ] GC(1211) Metaspace: 15861K->15861K(1064960K)
[13.331s][info ][gc             ] GC(1211) Pause Young (Allocation Failure) 35M->22M(54M) 0.606ms
[13.331s][info ][gc,cpu         ] GC(1211) User=0.01s Sys=0.00s Real=0.00s
[13.332s][info ][gc,start       ] GC(1212) Pause Young (Allocation Failure)
[13.333s][debug][gc,phases      ] GC(1212) Scavenge 0.543ms
[13.333s][debug][gc,phases      ] GC(1212) Reference Processing 0.020ms
[13.333s][debug][gc,phases      ] GC(1212) Weak Processing 0.012ms
[13.333s][debug][gc,phases      ] GC(1212) Scrub String Table 0.070ms
[13.333s][debug][gc,age         ] GC(1212) Desired survivor size 4194304 bytes, new threshold 1 (max threshold 15)
[13.333s][info ][gc,heap        ] GC(1212) PSYoungGen: 14980K->2567K(17408K)
[13.333s][info ][gc,heap        ] GC(1212) ParOldGen: 20714K->20722K(38400K)
[13.333s][info ][gc,metaspace   ] GC(1212) Metaspace: 15861K->15861K(1064960K)
[13.333s][info ][gc             ] GC(1212) Pause Young (Allocation Failure) 34M->22M(54M) 0.862ms
[13.333s][info ][gc,cpu         ] GC(1212) User=0.01s Sys=0.00s Real=0.00s
[13.334s][info ][gc,start       ] GC(1213) Pause Young (Allocation Failure)
[13.335s][debug][gc,phases      ] GC(1213) Scavenge 1.103ms
[13.335s][debug][gc,phases      ] GC(1213) Reference Processing 0.020ms
[13.335s][debug][gc,phases      ] GC(1213) Weak Processing 0.010ms
[13.335s][debug][gc,phases      ] GC(1213) Scrub String Table 0.069ms
[13.335s][debug][gc,age         ] GC(1213) Desired survivor size 4194304 bytes, new threshold 1 (max threshold 15)
[13.335s][info ][gc,heap        ] GC(1213) PSYoungGen: 15726K->3381K(17408K)
[13.335s][info ][gc,heap        ] GC(1213) ParOldGen: 20722K->20722K(38400K)
[13.335s][info ][gc,metaspace   ] GC(1213) Metaspace: 15861K->15861K(1064960K)
[13.335s][info ][gc             ] GC(1213) Pause Young (Allocation Failure) 35M->23M(54M) 1.389ms
[13.335s][info ][gc,cpu         ] GC(1213) User=0.01s Sys=0.00s Real=0.00s
[13.336s][info ][gc,start       ] GC(1214) Pause Young (Allocation Failure)
[13.337s][debug][gc,phases      ] GC(1214) Scavenge 0.453ms
[13.337s][debug][gc,phases      ] GC(1214) Reference Processing 0.022ms
[13.337s][debug][gc,phases      ] GC(1214) Weak Processing 0.011ms
[13.337s][debug][gc,phases      ] GC(1214) Scrub String Table 0.068ms
[13.337s][debug][gc,age         ] GC(1214) Desired survivor size 4194304 bytes, new threshold 1 (max threshold 15)
[13.337s][info ][gc,heap        ] GC(1214) PSYoungGen: 16537K->2209K(17408K)
[13.337s][info ][gc,heap        ] GC(1214) ParOldGen: 20722K->20722K(38400K)
[13.337s][info ][gc,metaspace   ] GC(1214) Metaspace: 15861K->15861K(1064960K)
[13.337s][info ][gc             ] GC(1214) Pause Young (Allocation Failure) 36M->22M(54M) 0.747ms
[13.337s][info ][gc,cpu         ] GC(1214) User=0.00s Sys=0.00s Real=0.01s
[13.338s][info ][gc,start       ] GC(1215) Pause Young (Allocation Failure)
[13.339s][debug][gc,phases      ] GC(1215) Scavenge 0.529ms
[13.339s][debug][gc,phases      ] GC(1215) Reference Processing 0.023ms
[13.339s][debug][gc,phases      ] GC(1215) Weak Processing 0.011ms
[13.339s][debug][gc,phases      ] GC(1215) Scrub String Table 0.068ms
[13.339s][debug][gc,age         ] GC(1215) Desired survivor size 4194304 bytes, new threshold 1 (max threshold 15)
[13.339s][info ][gc,heap        ] GC(1215) PSYoungGen: 15364K->3381K(17408K)
[13.339s][info ][gc,heap        ] GC(1215) ParOldGen: 20722K->20722K(38400K)
[13.339s][info ][gc,metaspace   ] GC(1215) Metaspace: 15861K->15861K(1064960K)
[13.339s][info ][gc             ] GC(1215) Pause Young (Allocation Failure) 35M->23M(54M) 0.812ms
[13.339s][info ][gc,cpu         ] GC(1215) User=0.01s Sys=0.00s Real=0.00s
[13.340s][info ][gc,start       ] GC(1216) Pause Young (Allocation Failure)
[13.340s][debug][gc,phases      ] GC(1216) Scavenge 0.318ms
[13.340s][debug][gc,phases      ] GC(1216) Reference Processing 0.019ms
[13.340s][debug][gc,phases      ] GC(1216) Weak Processing 0.010ms
[13.340s][debug][gc,phases      ] GC(1216) Scrub String Table 0.069ms
[13.340s][debug][gc,age         ] GC(1216) Desired survivor size 4194304 bytes, new threshold 1 (max threshold 15)
[13.340s][info ][gc,heap        ] GC(1216) PSYoungGen: 16535K->2599K(17408K)
[13.340s][info ][gc,heap        ] GC(1216) ParOldGen: 20722K->20722K(38400K)
[13.341s][info ][gc,metaspace   ] GC(1216) Metaspace: 15861K->15861K(1064960K)
[13.341s][info ][gc             ] GC(1216) Pause Young (Allocation Failure) 36M->22M(54M) 0.607ms
[13.341s][info ][gc,cpu         ] GC(1216) User=0.00s Sys=0.00s Real=0.00s
[13.342s][info ][gc,start       ] GC(1217) Pause Young (Allocation Failure)
[13.343s][debug][gc,phases      ] GC(1217) Scavenge 1.125ms
[13.343s][debug][gc,phases      ] GC(1217) Reference Processing 0.027ms
[13.343s][debug][gc,phases      ] GC(1217) Weak Processing 0.011ms
[13.343s][debug][gc,phases      ] GC(1217) Scrub String Table 0.069ms
[13.343s][debug][gc,age         ] GC(1217) Desired survivor size 4194304 bytes, new threshold 1 (max threshold 15)
[13.343s][info ][gc,heap        ] GC(1217) PSYoungGen: 15753K->2535K(17408K)
[13.343s][info ][gc,heap        ] GC(1217) ParOldGen: 20722K->20722K(38400K)
[13.343s][info ][gc,metaspace   ] GC(1217) Metaspace: 15861K->15861K(1064960K)
[13.343s][info ][gc             ] GC(1217) Pause Young (Allocation Failure) 35M->22M(54M) 1.463ms
[13.343s][info ][gc,cpu         ] GC(1217) User=0.01s Sys=0.00s Real=0.00s
[13.344s][info ][gc,start       ] GC(1218) Pause Young (Allocation Failure)
[13.345s][debug][gc,phases      ] GC(1218) Scavenge 0.445ms
[13.345s][debug][gc,phases      ] GC(1218) Reference Processing 0.020ms
[13.345s][debug][gc,phases      ] GC(1218) Weak Processing 0.010ms
[13.345s][debug][gc,phases      ] GC(1218) Scrub String Table 0.068ms
[13.345s][debug][gc,age         ] GC(1218) Desired survivor size 4194304 bytes, new threshold 1 (max threshold 15)
[13.345s][info ][gc,heap        ] GC(1218) PSYoungGen: 15689K->2958K(17408K)
[13.345s][info ][gc,heap        ] GC(1218) ParOldGen: 20722K->20722K(38400K)
[13.345s][info ][gc,metaspace   ] GC(1218) Metaspace: 15861K->15861K(1064960K)
[13.345s][info ][gc             ] GC(1218) Pause Young (Allocation Failure) 35M->23M(54M) 0.720ms
[13.345s][info ][gc,cpu         ] GC(1218) User=0.01s Sys=0.00s Real=0.00s
[13.346s][info ][gc,start       ] GC(1219) Pause Young (Allocation Failure)
[13.346s][debug][gc,phases      ] GC(1219) Scavenge 0.426ms
[13.346s][debug][gc,phases      ] GC(1219) Reference Processing 0.023ms
[13.346s][debug][gc,phases      ] GC(1219) Weak Processing 0.010ms
[13.347s][debug][gc,phases      ] GC(1219) Scrub String Table 0.070ms
[13.347s][debug][gc,age         ] GC(1219) Desired survivor size 4194304 bytes, new threshold 1 (max threshold 15)
[13.347s][info ][gc,heap        ] GC(1219) PSYoungGen: 16111K->2990K(17408K)
[13.347s][info ][gc,heap        ] GC(1219) ParOldGen: 20722K->20722K(38400K)
[13.347s][info ][gc,metaspace   ] GC(1219) Metaspace: 15861K->15861K(1064960K)
[13.347s][info ][gc             ] GC(1219) Pause Young (Allocation Failure) 35M->23M(54M) 0.721ms
[13.347s][info ][gc,cpu         ] GC(1219) User=0.00s Sys=0.00s Real=0.01s
[13.348s][info ][gc,start       ] GC(1220) Pause Young (Allocation Failure)
[13.348s][debug][gc,phases      ] GC(1220) Scavenge 0.446ms
[13.348s][debug][gc,phases      ] GC(1220) Reference Processing 0.021ms
[13.348s][debug][gc,phases      ] GC(1220) Weak Processing 0.011ms
[13.348s][debug][gc,phases      ] GC(1220) Scrub String Table 0.070ms
[13.348s][debug][gc,age         ] GC(1220) Desired survivor size 4194304 bytes, new threshold 1 (max threshold 15)
[13.348s][info ][gc,heap        ] GC(1220) PSYoungGen: 16143K->3349K(17408K)
[13.348s][info ][gc,heap        ] GC(1220) ParOldGen: 20722K->20722K(38400K)
[13.348s][info ][gc,metaspace   ] GC(1220) Metaspace: 15861K->15861K(1064960K)
[13.349s][info ][gc             ] GC(1220) Pause Young (Allocation Failure) 36M->23M(54M) 0.760ms
[13.349s][info ][gc,cpu         ] GC(1220) User=0.00s Sys=0.00s Real=0.00s
[13.350s][info ][gc,start       ] GC(1221) Pause Young (Allocation Failure)
[13.350s][debug][gc,phases      ] GC(1221) Scavenge 0.329ms
[13.350s][debug][gc,phases      ] GC(1221) Reference Processing 0.020ms
[13.350s][debug][gc,phases      ] GC(1221) Weak Processing 0.013ms
[13.350s][debug][gc,phases      ] GC(1221) Scrub String Table 0.067ms
[13.350s][debug][gc,age         ] GC(1221) Desired survivor size 4194304 bytes, new threshold 1 (max threshold 15)
[13.350s][info ][gc,heap        ] GC(1221) PSYoungGen: 16501K->1754K(17408K)
[13.350s][info ][gc,heap        ] GC(1221) ParOldGen: 20722K->20722K(38400K)
[13.350s][info ][gc,metaspace   ] GC(1221) Metaspace: 15861K->15861K(1064960K)
[13.350s][info ][gc             ] GC(1221) Pause Young (Allocation Failure) 36M->21M(54M) 0.627ms
[13.350s][info ][gc,cpu         ] GC(1221) User=0.00s Sys=0.00s Real=0.00s
[13.351s][info ][gc,start       ] GC(1222) Pause Young (Allocation Failure)
[13.352s][debug][gc,phases      ] GC(1222) Scavenge 0.306ms
[13.352s][debug][gc,phases      ] GC(1222) Reference Processing 0.020ms
[13.352s][debug][gc,phases      ] GC(1222) Weak Processing 0.011ms
[13.352s][debug][gc,phases      ] GC(1222) Scrub String Table 0.068ms
[13.352s][debug][gc,age         ] GC(1222) Desired survivor size 4194304 bytes, new threshold 1 (max threshold 15)
[13.352s][info ][gc,heap        ] GC(1222) PSYoungGen: 14907K->1818K(17408K)
[13.352s][info ][gc,heap        ] GC(1222) ParOldGen: 20722K->20722K(38400K)
[13.352s][info ][gc,metaspace   ] GC(1222) Metaspace: 15861K->15861K(1064960K)
[13.352s][info ][gc             ] GC(1222) Pause Young (Allocation Failure) 34M->22M(54M) 0.594ms
[13.352s][info ][gc,cpu         ] GC(1222) User=0.00s Sys=0.00s Real=0.00s
[13.353s][info ][gc,start       ] GC(1223) Pause Young (Allocation Failure)
[13.353s][debug][gc,phases      ] GC(1223) Scavenge 0.338ms
[13.353s][debug][gc,phases      ] GC(1223) Reference Processing 0.023ms
[13.353s][debug][gc,phases      ] GC(1223) Weak Processing 0.010ms
[13.353s][debug][gc,phases      ] GC(1223) Scrub String Table 0.069ms
[13.353s][debug][gc,age         ] GC(1223) Desired survivor size 4194304 bytes, new threshold 1 (max threshold 15)
[13.353s][info ][gc,heap        ] GC(1223) PSYoungGen: 14971K->2990K(17408K)
[13.353s][info ][gc,heap        ] GC(1223) ParOldGen: 20722K->20722K(38400K)
[13.353s][info ][gc,metaspace   ] GC(1223) Metaspace: 15861K->15861K(1064960K)
[13.353s][info ][gc             ] GC(1223) Pause Young (Allocation Failure) 34M->23M(54M) 0.613ms
[13.353s][info ][gc,cpu         ] GC(1223) User=0.00s Sys=0.01s Real=0.00s
[13.355s][info ][gc,start       ] GC(1224) Pause Young (Allocation Failure)
[13.355s][debug][gc,phases      ] GC(1224) Scavenge 0.326ms
[13.355s][debug][gc,phases      ] GC(1224) Reference Processing 0.019ms
[13.355s][debug][gc,phases      ] GC(1224) Weak Processing 0.010ms
[13.355s][debug][gc,phases      ] GC(1224) Scrub String Table 0.067ms
[13.355s][debug][gc,age         ] GC(1224) Desired survivor size 4194304 bytes, new threshold 1 (max threshold 15)
[13.355s][info ][gc,heap        ] GC(1224) PSYoungGen: 16143K->2209K(17408K)
[13.355s][info ][gc,heap        ] GC(1224) ParOldGen: 20722K->20722K(38400K)
[13.355s][info ][gc,metaspace   ] GC(1224) Metaspace: 15861K->15861K(1064960K)
[13.355s][info ][gc             ] GC(1224) Pause Young (Allocation Failure) 36M->22M(54M) 0.596ms
[13.355s][info ][gc,cpu         ] GC(1224) User=0.01s Sys=0.00s Real=0.00s
[13.356s][info ][gc,start       ] GC(1225) Pause Young (Allocation Failure)
[13.357s][debug][gc,phases      ] GC(1225) Scavenge 0.467ms
[13.357s][debug][gc,phases      ] GC(1225) Reference Processing 0.020ms
[13.357s][debug][gc,phases      ] GC(1225) Weak Processing 0.011ms
[13.357s][debug][gc,phases      ] GC(1225) Scrub String Table 0.073ms
[13.357s][debug][gc,age         ] GC(1225) Desired survivor size 4194304 bytes, new threshold 1 (max threshold 15)
[13.357s][info ][gc,heap        ] GC(1225) PSYoungGen: 15361K->2958K(17408K)
[13.357s][info ][gc,heap        ] GC(1225) ParOldGen: 20722K->20722K(38400K)
[13.357s][info ][gc,metaspace   ] GC(1225) Metaspace: 15861K->15861K(1064960K)
[13.357s][info ][gc             ] GC(1225) Pause Young (Allocation Failure) 35M->23M(54M) 0.751ms
[13.357s][info ][gc,cpu         ] GC(1225) User=0.00s Sys=0.00s Real=0.01s
[13.358s][info ][gc,start       ] GC(1226) Pause Young (Allocation Failure)
[13.359s][debug][gc,phases      ] GC(1226) Scavenge 1.013ms
[13.359s][debug][gc,phases      ] GC(1226) Reference Processing 0.020ms
[13.359s][debug][gc,phases      ] GC(1226) Weak Processing 0.011ms
[13.359s][debug][gc,phases      ] GC(1226) Scrub String Table 0.069ms
[13.359s][debug][gc,age         ] GC(1226) Desired survivor size 4194304 bytes, new threshold 1 (max threshold 15)
[13.359s][info ][gc,heap        ] GC(1226) PSYoungGen: 16111K->2535K(17408K)
[13.359s][info ][gc,heap        ] GC(1226) ParOldGen: 20722K->20722K(38400K)
[13.359s][info ][gc,metaspace   ] GC(1226) Metaspace: 15861K->15861K(1064960K)
[13.359s][info ][gc             ] GC(1226) Pause Young (Allocation Failure) 35M->22M(54M) 1.315ms
[13.359s][info ][gc,cpu         ] GC(1226) User=0.01s Sys=0.00s Real=0.00s
[13.360s][info ][gc,start       ] GC(1227) Pause Young (Allocation Failure)
[13.361s][debug][gc,phases      ] GC(1227) Scavenge 0.412ms
[13.361s][debug][gc,phases      ] GC(1227) Reference Processing 0.020ms
[13.361s][debug][gc,phases      ] GC(1227) Weak Processing 0.010ms
[13.361s][debug][gc,phases      ] GC(1227) Scrub String Table 0.068ms
[13.361s][debug][gc,age         ] GC(1227) Desired survivor size 4194304 bytes, new threshold 1 (max threshold 15)
[13.361s][info ][gc,heap        ] GC(1227) PSYoungGen: 15688K->2958K(17408K)
[13.361s][info ][gc,heap        ] GC(1227) ParOldGen: 20722K->20722K(38400K)
[13.361s][info ][gc,metaspace   ] GC(1227) Metaspace: 15861K->15861K(1064960K)
[13.361s][info ][gc             ] GC(1227) Pause Young (Allocation Failure) 35M->23M(54M) 0.721ms
[13.361s][info ][gc,cpu         ] GC(1227) User=0.01s Sys=0.00s Real=0.00s
[13.362s][info ][gc,start       ] GC(1228) Pause Young (Allocation Failure)
[13.363s][debug][gc,phases      ] GC(1228) Scavenge 0.453ms
[13.363s][debug][gc,phases      ] GC(1228) Reference Processing 0.018ms
[13.363s][debug][gc,phases      ] GC(1228) Weak Processing 0.011ms
[13.363s][debug][gc,phases      ] GC(1228) Scrub String Table 0.070ms
[13.363s][debug][gc,age         ] GC(1228) Desired survivor size 4194304 bytes, new threshold 1 (max threshold 15)
[13.363s][info ][gc,heap        ] GC(1228) PSYoungGen: 16111K->3381K(17408K)
[13.363s][info ][gc,heap        ] GC(1228) ParOldGen: 20722K->20722K(38400K)
[13.363s][info ][gc,metaspace   ] GC(1228) Metaspace: 15861K->15861K(1064960K)
[13.363s][info ][gc             ] GC(1228) Pause Young (Allocation Failure) 35M->23M(54M) 0.732ms
[13.363s][info ][gc,cpu         ] GC(1228) User=0.01s Sys=0.00s Real=0.00s
[13.364s][info ][gc,start       ] GC(1229) Pause Young (Allocation Failure)
[13.365s][debug][gc,phases      ] GC(1229) Scavenge 0.472ms
[13.365s][debug][gc,phases      ] GC(1229) Reference Processing 0.019ms
[13.365s][debug][gc,phases      ] GC(1229) Weak Processing 0.012ms
[13.365s][debug][gc,phases      ] GC(1229) Scrub String Table 0.072ms
[13.365s][debug][gc,age         ] GC(1229) Desired survivor size 4718592 bytes, new threshold 1 (max threshold 15)
[13.365s][info ][gc,heap        ] GC(1229) PSYoungGen: 16533K->3381K(16384K)
[13.365s][info ][gc,heap        ] GC(1229) ParOldGen: 20722K->20746K(38400K)
[13.365s][info ][gc,metaspace   ] GC(1229) Metaspace: 15861K->15861K(1064960K)
[13.365s][info ][gc             ] GC(1229) Pause Young (Allocation Failure) 36M->23M(53M) 0.761ms
[13.365s][info ][gc,cpu         ] GC(1229) User=0.01s Sys=0.00s Real=0.00s
[13.366s][info ][gc,start       ] GC(1230) Pause Young (Allocation Failure)
[13.366s][debug][gc,phases      ] GC(1230) Scavenge 0.499ms
[13.366s][debug][gc,phases      ] GC(1230) Reference Processing 0.021ms
[13.366s][debug][gc,phases      ] GC(1230) Weak Processing 0.010ms
[13.367s][debug][gc,phases      ] GC(1230) Scrub String Table 0.068ms
[13.367s][debug][gc,age         ] GC(1230) Desired survivor size 4718592 bytes, new threshold 1 (max threshold 15)
[13.367s][info ][gc,heap        ] GC(1230) PSYoungGen: 15341K->3349K(16896K)
[13.367s][info ][gc,heap        ] GC(1230) ParOldGen: 20746K->20770K(38400K)
[13.367s][info ][gc,metaspace   ] GC(1230) Metaspace: 15861K->15861K(1064960K)
[13.367s][info ][gc             ] GC(1230) Pause Young (Allocation Failure) 35M->23M(54M) 0.789ms
[13.367s][info ][gc,cpu         ] GC(1230) User=0.00s Sys=0.00s Real=0.01s
[13.368s][info ][gc,start       ] GC(1231) Pause Young (Allocation Failure)
[13.368s][debug][gc,phases      ] GC(1231) Scavenge 0.518ms
[13.368s][debug][gc,phases      ] GC(1231) Reference Processing 0.020ms
[13.368s][debug][gc,phases      ] GC(1231) Weak Processing 0.010ms
[13.368s][debug][gc,phases      ] GC(1231) Scrub String Table 0.069ms
[13.368s][debug][gc,age         ] GC(1231) Desired survivor size 4718592 bytes, new threshold 1 (max threshold 15)
[13.368s][info ][gc,heap        ] GC(1231) PSYoungGen: 15309K->2567K(16896K)
[13.368s][info ][gc,heap        ] GC(1231) ParOldGen: 20770K->20778K(38400K)
[13.368s][info ][gc,metaspace   ] GC(1231) Metaspace: 15861K->15861K(1064960K)
[13.368s][info ][gc             ] GC(1231) Pause Young (Allocation Failure) 35M->22M(54M) 0.804ms
[13.368s][info ][gc,cpu         ] GC(1231) User=0.00s Sys=0.00s Real=0.00s
[13.369s][info ][gc,start       ] GC(1232) Pause Young (Allocation Failure)
[13.370s][debug][gc,phases      ] GC(1232) Scavenge 0.584ms
[13.370s][debug][gc,phases      ] GC(1232) Reference Processing 0.022ms
[13.370s][debug][gc,phases      ] GC(1232) Weak Processing 0.011ms
[13.370s][debug][gc,phases      ] GC(1232) Scrub String Table 0.069ms
[13.370s][debug][gc,age         ] GC(1232) Desired survivor size 4718592 bytes, new threshold 1 (max threshold 15)
[13.370s][info ][gc,heap        ] GC(1232) PSYoungGen: 14528K->3739K(16896K)
[13.370s][info ][gc,heap        ] GC(1232) ParOldGen: 20778K->20786K(38400K)
[13.370s][info ][gc,metaspace   ] GC(1232) Metaspace: 15861K->15861K(1064960K)
[13.370s][info ][gc             ] GC(1232) Pause Young (Allocation Failure) 34M->23M(54M) 0.896ms
[13.370s][info ][gc,cpu         ] GC(1232) User=0.00s Sys=0.00s Real=0.00s
[13.371s][info ][gc,start       ] GC(1233) Pause Young (Allocation Failure)
[13.372s][debug][gc,phases      ] GC(1233) Scavenge 0.408ms
[13.372s][debug][gc,phases      ] GC(1233) Reference Processing 0.020ms
[13.372s][debug][gc,phases      ] GC(1233) Weak Processing 0.010ms
[13.372s][debug][gc,phases      ] GC(1233) Scrub String Table 0.069ms
[13.372s][debug][gc,age         ] GC(1233) Desired survivor size 4718592 bytes, new threshold 1 (max threshold 15)
[13.372s][info ][gc,heap        ] GC(1233) PSYoungGen: 15700K->3381K(16896K)
[13.372s][info ][gc,heap        ] GC(1233) ParOldGen: 20786K->20786K(38400K)
[13.372s][info ][gc,metaspace   ] GC(1233) Metaspace: 15861K->15861K(1064960K)
[13.372s][info ][gc             ] GC(1233) Pause Young (Allocation Failure) 35M->23M(54M) 0.697ms
[13.372s][info ][gc,cpu         ] GC(1233) User=0.00s Sys=0.00s Real=0.00s
[13.373s][info ][gc,start       ] GC(1234) Pause Young (Allocation Failure)
[13.374s][debug][gc,phases      ] GC(1234) Scavenge 0.952ms
[13.374s][debug][gc,phases      ] GC(1234) Reference Processing 0.023ms
[13.374s][debug][gc,phases      ] GC(1234) Weak Processing 0.011ms
[13.374s][debug][gc,phases      ] GC(1234) Scrub String Table 0.068ms
[13.374s][debug][gc,age         ] GC(1234) Desired survivor size 4718592 bytes, new threshold 1 (max threshold 15)
[13.374s][info ][gc,heap        ] GC(1234) PSYoungGen: 15341K->2535K(16896K)
[13.374s][info ][gc,heap        ] GC(1234) ParOldGen: 20786K->20786K(38400K)
[13.374s][info ][gc,metaspace   ] GC(1234) Metaspace: 15861K->15861K(1064960K)
[13.374s][info ][gc             ] GC(1234) Pause Young (Allocation Failure) 35M->22M(54M) 1.252ms
[13.374s][info ][gc,cpu         ] GC(1234) User=0.00s Sys=0.00s Real=0.00s
[13.375s][info ][gc,start       ] GC(1235) Pause Young (Allocation Failure)
[13.376s][debug][gc,phases      ] GC(1235) Scavenge 0.991ms
[13.376s][debug][gc,phases      ] GC(1235) Reference Processing 0.024ms
[13.376s][debug][gc,phases      ] GC(1235) Weak Processing 0.012ms
[13.377s][debug][gc,phases      ] GC(1235) Scrub String Table 0.067ms
[13.377s][debug][gc,age         ] GC(1235) Desired survivor size 4718592 bytes, new threshold 1 (max threshold 15)
[13.377s][info ][gc,heap        ] GC(1235) PSYoungGen: 14496K->2177K(16896K)
[13.377s][info ][gc,heap        ] GC(1235) ParOldGen: 20786K->20786K(38400K)
[13.377s][info ][gc,metaspace   ] GC(1235) Metaspace: 15861K->15861K(1064960K)
[13.377s][info ][gc             ] GC(1235) Pause Young (Allocation Failure) 34M->22M(54M) 1.306ms
[13.377s][info ][gc,cpu         ] GC(1235) User=0.00s Sys=0.00s Real=0.01s
[13.378s][info ][gc,start       ] GC(1236) Pause Young (Allocation Failure)
[13.378s][debug][gc,phases      ] GC(1236) Scavenge 0.473ms
[13.378s][debug][gc,phases      ] GC(1236) Reference Processing 0.022ms
[13.378s][debug][gc,phases      ] GC(1236) Weak Processing 0.011ms
[13.378s][debug][gc,phases      ] GC(1236) Scrub String Table 0.068ms
[13.378s][debug][gc,age         ] GC(1236) Desired survivor size 4718592 bytes, new threshold 1 (max threshold 15)
[13.378s][info ][gc,heap        ] GC(1236) PSYoungGen: 14137K->3381K(16896K)
[13.378s][info ][gc,heap        ] GC(1236) ParOldGen: 20786K->20786K(38400K)
[13.378s][info ][gc,metaspace   ] GC(1236) Metaspace: 15861K->15861K(1064960K)
[13.378s][info ][gc             ] GC(1236) Pause Young (Allocation Failure) 34M->23M(54M) 0.774ms
[13.378s][info ][gc,cpu         ] GC(1236) User=0.00s Sys=0.00s Real=0.00s
[13.379s][info ][gc,start       ] GC(1237) Pause Young (Allocation Failure)
[13.380s][debug][gc,phases      ] GC(1237) Scavenge 0.397ms
[13.380s][debug][gc,phases      ] GC(1237) Reference Processing 0.020ms
[13.380s][debug][gc,phases      ] GC(1237) Weak Processing 0.010ms
[13.380s][debug][gc,phases      ] GC(1237) Scrub String Table 0.068ms
[13.380s][debug][gc,age         ] GC(1237) Desired survivor size 4718592 bytes, new threshold 1 (max threshold 15)
[13.380s][info ][gc,heap        ] GC(1237) PSYoungGen: 15341K->2958K(16896K)
[13.380s][info ][gc,heap        ] GC(1237) ParOldGen: 20786K->20786K(38400K)
[13.380s][info ][gc,metaspace   ] GC(1237) Metaspace: 15861K->15861K(1064960K)
[13.380s][info ][gc             ] GC(1237) Pause Young (Allocation Failure) 35M->23M(54M) 0.682ms
[13.380s][info ][gc,cpu         ] GC(1237) User=0.00s Sys=0.00s Real=0.00s
[13.381s][info ][gc,start       ] GC(1238) Pause Young (Allocation Failure)
[13.382s][debug][gc,phases      ] GC(1238) Scavenge 0.593ms
[13.382s][debug][gc,phases      ] GC(1238) Reference Processing 0.020ms
[13.382s][debug][gc,phases      ] GC(1238) Weak Processing 0.011ms
[13.382s][debug][gc,phases      ] GC(1238) Scrub String Table 0.070ms
[13.382s][debug][gc,age         ] GC(1238) Desired survivor size 4718592 bytes, new threshold 1 (max threshold 15)
[13.382s][info ][gc,heap        ] GC(1238) PSYoungGen: 14918K->2958K(16896K)
[13.382s][info ][gc,heap        ] GC(1238) ParOldGen: 20786K->20786K(38400K)
[13.382s][info ][gc,metaspace   ] GC(1238) Metaspace: 15861K->15861K(1064960K)
[13.382s][info ][gc             ] GC(1238) Pause Young (Allocation Failure) 34M->23M(54M) 0.881ms
[13.382s][info ][gc,cpu         ] GC(1238) User=0.00s Sys=0.01s Real=0.00s
[13.383s][info ][gc,start       ] GC(1239) Pause Young (Allocation Failure)
[13.384s][debug][gc,phases      ] GC(1239) Scavenge 0.393ms
[13.384s][debug][gc,phases      ] GC(1239) Reference Processing 0.023ms
[13.384s][debug][gc,phases      ] GC(1239) Weak Processing 0.010ms
[13.384s][debug][gc,phases      ] GC(1239) Scrub String Table 0.068ms
[13.384s][debug][gc,age         ] GC(1239) Desired survivor size 4194304 bytes, new threshold 1 (max threshold 15)
[13.384s][info ][gc,heap        ] GC(1239) PSYoungGen: 14919K->2990K(15872K)
[13.384s][info ][gc,heap        ] GC(1239) ParOldGen: 20786K->20786K(38400K)
[13.384s][info ][gc,metaspace   ] GC(1239) Metaspace: 15861K->15861K(1064960K)
[13.384s][info ][gc             ] GC(1239) Pause Young (Allocation Failure) 34M->23M(53M) 0.759ms
[13.384s][info ][gc,cpu         ] GC(1239) User=0.00s Sys=0.00s Real=0.00s
[13.385s][info ][gc,start       ] GC(1240) Pause Young (Allocation Failure)
[13.385s][debug][gc,phases      ] GC(1240) Scavenge 0.336ms
[13.385s][debug][gc,phases      ] GC(1240) Reference Processing 0.020ms
[13.385s][debug][gc,phases      ] GC(1240) Weak Processing 0.010ms
[13.385s][debug][gc,phases      ] GC(1240) Scrub String Table 0.067ms
[13.385s][debug][gc,age         ] GC(1240) Desired survivor size 4194304 bytes, new threshold 1 (max threshold 15)
[13.385s][info ][gc,heap        ] GC(1240) PSYoungGen: 14950K->2209K(16384K)
[13.385s][info ][gc,heap        ] GC(1240) ParOldGen: 20786K->20786K(38400K)
[13.385s][info ][gc,metaspace   ] GC(1240) Metaspace: 15861K->15861K(1064960K)
[13.385s][info ][gc             ] GC(1240) Pause Young (Allocation Failure) 34M->22M(53M) 0.635ms
[13.385s][info ][gc,cpu         ] GC(1240) User=0.01s Sys=0.00s Real=0.00s
[13.386s][info ][gc,start       ] GC(1241) Pause Young (Allocation Failure)
[13.387s][debug][gc,phases      ] GC(1241) Scavenge 0.573ms
[13.387s][debug][gc,phases      ] GC(1241) Reference Processing 0.019ms
[13.387s][debug][gc,phases      ] GC(1241) Weak Processing 0.011ms
[13.387s][debug][gc,phases      ] GC(1241) Scrub String Table 0.067ms
[13.387s][debug][gc,age         ] GC(1241) Desired survivor size 4194304 bytes, new threshold 1 (max threshold 15)
[13.387s][info ][gc,heap        ] GC(1241) PSYoungGen: 14169K->2990K(17408K)
[13.387s][info ][gc,heap        ] GC(1241) ParOldGen: 20786K->20786K(38400K)
[13.387s][info ][gc,metaspace   ] GC(1241) Metaspace: 15861K->15861K(1064960K)
[13.387s][info ][gc             ] GC(1241) Pause Young (Allocation Failure) 34M->23M(54M) 0.859ms
[13.387s][info ][gc,cpu         ] GC(1241) User=0.01s Sys=0.00s Real=0.00s
[13.388s][info ][gc,start       ] GC(1242) Pause Young (Allocation Failure)
[13.389s][debug][gc,phases      ] GC(1242) Scavenge 0.401ms
[13.389s][debug][gc,phases      ] GC(1242) Reference Processing 0.020ms
[13.389s][debug][gc,phases      ] GC(1242) Weak Processing 0.010ms
[13.389s][debug][gc,phases      ] GC(1242) Scrub String Table 0.068ms
[13.389s][debug][gc,age         ] GC(1242) Desired survivor size 4194304 bytes, new threshold 1 (max threshold 15)
[13.389s][info ][gc,heap        ] GC(1242) PSYoungGen: 16143K->2567K(17408K)
[13.389s][info ][gc,heap        ] GC(1242) ParOldGen: 20786K->20786K(38400K)
[13.389s][info ][gc,metaspace   ] GC(1242) Metaspace: 15861K->15861K(1064960K)
[13.389s][info ][gc             ] GC(1242) Pause Young (Allocation Failure) 36M->22M(54M) 0.687ms
[13.389s][info ][gc,cpu         ] GC(1242) User=0.00s Sys=0.00s Real=0.00s
[13.390s][info ][gc,start       ] GC(1243) Pause Young (Allocation Failure)
[13.391s][debug][gc,phases      ] GC(1243) Scavenge 0.458ms
[13.391s][debug][gc,phases      ] GC(1243) Reference Processing 0.020ms
[13.391s][debug][gc,phases      ] GC(1243) Weak Processing 0.010ms
[13.391s][debug][gc,phases      ] GC(1243) Scrub String Table 0.069ms
[13.391s][debug][gc,age         ] GC(1243) Desired survivor size 4194304 bytes, new threshold 1 (max threshold 15)
[13.391s][info ][gc,heap        ] GC(1243) PSYoungGen: 15720K->2958K(17408K)
[13.391s][info ][gc,heap        ] GC(1243) ParOldGen: 20786K->20786K(38400K)
[13.391s][info ][gc,metaspace   ] GC(1243) Metaspace: 15861K->15861K(1064960K)
[13.391s][info ][gc             ] GC(1243) Pause Young (Allocation Failure) 35M->23M(54M) 0.756ms
[13.391s][info ][gc,cpu         ] GC(1243) User=0.00s Sys=0.00s Real=0.00s
[13.392s][info ][gc,start       ] GC(1244) Pause Young (Allocation Failure)
[13.393s][debug][gc,phases      ] GC(1244) Scavenge 0.908ms
[13.393s][debug][gc,phases      ] GC(1244) Reference Processing 0.019ms
[13.393s][debug][gc,phases      ] GC(1244) Weak Processing 0.011ms
[13.393s][debug][gc,phases      ] GC(1244) Scrub String Table 0.071ms
[13.393s][debug][gc,age         ] GC(1244) Desired survivor size 4194304 bytes, new threshold 1 (max threshold 15)
[13.393s][info ][gc,heap        ] GC(1244) PSYoungGen: 16111K->2926K(17408K)
[13.393s][info ][gc,heap        ] GC(1244) ParOldGen: 20786K->21201K(38400K)
[13.393s][info ][gc,metaspace   ] GC(1244) Metaspace: 15861K->15861K(1064960K)
[13.393s][info ][gc             ] GC(1244) Pause Young (Allocation Failure) 36M->23M(54M) 1.198ms
[13.393s][info ][gc,cpu         ] GC(1244) User=0.01s Sys=0.00s Real=0.00s
[13.394s][info ][gc,start       ] GC(1245) Pause Young (Allocation Failure)
[13.395s][debug][gc,phases      ] GC(1245) Scavenge 0.387ms
[13.395s][debug][gc,phases      ] GC(1245) Reference Processing 0.019ms
[13.395s][debug][gc,phases      ] GC(1245) Weak Processing 0.014ms
[13.395s][debug][gc,phases      ] GC(1245) Scrub String Table 0.079ms
[13.395s][debug][gc,age         ] GC(1245) Desired survivor size 4194304 bytes, new threshold 1 (max threshold 15)
[13.395s][info ][gc,heap        ] GC(1245) PSYoungGen: 16079K->2958K(17408K)
[13.395s][info ][gc,heap        ] GC(1245) ParOldGen: 21201K->21201K(38400K)
[13.395s][info ][gc,metaspace   ] GC(1245) Metaspace: 15861K->15861K(1064960K)
[13.395s][info ][gc             ] GC(1245) Pause Young (Allocation Failure) 36M->23M(54M) 0.681ms
[13.395s][info ][gc,cpu         ] GC(1245) User=0.00s Sys=0.00s Real=0.00s
[13.396s][info ][gc,start       ] GC(1246) Pause Young (Allocation Failure)
[13.397s][debug][gc,phases      ] GC(1246) Scavenge 0.431ms
[13.397s][debug][gc,phases      ] GC(1246) Reference Processing 0.019ms
[13.397s][debug][gc,phases      ] GC(1246) Weak Processing 0.010ms
[13.397s][debug][gc,phases      ] GC(1246) Scrub String Table 0.068ms
[13.397s][debug][gc,age         ] GC(1246) Desired survivor size 4194304 bytes, new threshold 1 (max threshold 15)
[13.397s][info ][gc,heap        ] GC(1246) PSYoungGen: 16111K->2567K(17408K)
[13.397s][info ][gc,heap        ] GC(1246) ParOldGen: 21201K->21209K(38400K)
[13.397s][info ][gc,metaspace   ] GC(1246) Metaspace: 15861K->15861K(1064960K)
[13.397s][info ][gc             ] GC(1246) Pause Young (Allocation Failure) 36M->23M(54M) 0.710ms
[13.397s][info ][gc,cpu         ] GC(1246) User=0.00s Sys=0.00s Real=0.01s
[13.398s][info ][gc,start       ] GC(1247) Pause Young (Allocation Failure)
[13.399s][debug][gc,phases      ] GC(1247) Scavenge 0.548ms
[13.399s][debug][gc,phases      ] GC(1247) Reference Processing 0.020ms
[13.399s][debug][gc,phases      ] GC(1247) Weak Processing 0.011ms
[13.399s][debug][gc,phases      ] GC(1247) Scrub String Table 0.071ms
[13.399s][debug][gc,age         ] GC(1247) Desired survivor size 4194304 bytes, new threshold 1 (max threshold 15)
[13.399s][info ][gc,heap        ] GC(1247) PSYoungGen: 15720K->2177K(17408K)
[13.399s][info ][gc,heap        ] GC(1247) ParOldGen: 21209K->21209K(38400K)
[13.399s][info ][gc,metaspace   ] GC(1247) Metaspace: 15861K->15861K(1064960K)
[13.399s][info ][gc             ] GC(1247) Pause Young (Allocation Failure) 36M->22M(54M) 0.839ms
[13.399s][info ][gc,cpu         ] GC(1247) User=0.00s Sys=0.00s Real=0.00s
[13.400s][info ][gc,start       ] GC(1248) Pause Young (Allocation Failure)
[13.400s][debug][gc,phases      ] GC(1248) Scavenge 0.423ms
[13.400s][debug][gc,phases      ] GC(1248) Reference Processing 0.020ms
[13.400s][debug][gc,phases      ] GC(1248) Weak Processing 0.010ms
[13.401s][debug][gc,phases      ] GC(1248) Scrub String Table 0.069ms
[13.401s][debug][gc,age         ] GC(1248) Desired survivor size 4194304 bytes, new threshold 1 (max threshold 15)
[13.401s][info ][gc,heap        ] GC(1248) PSYoungGen: 15329K->2990K(17408K)
[13.401s][info ][gc,heap        ] GC(1248) ParOldGen: 21209K->21225K(38400K)
[13.401s][info ][gc,metaspace   ] GC(1248) Metaspace: 15861K->15861K(1064960K)
[13.401s][info ][gc             ] GC(1248) Pause Young (Allocation Failure) 35M->23M(54M) 0.699ms
[13.401s][info ][gc,cpu         ] GC(1248) User=0.00s Sys=0.00s Real=0.00s
[13.402s][info ][gc,start       ] GC(1249) Pause Young (Allocation Failure)
[13.402s][debug][gc,phases      ] GC(1249) Scavenge 0.431ms
[13.402s][debug][gc,phases      ] GC(1249) Reference Processing 0.024ms
[13.402s][debug][gc,phases      ] GC(1249) Weak Processing 0.010ms
[13.402s][debug][gc,phases      ] GC(1249) Scrub String Table 0.069ms
[13.402s][debug][gc,age         ] GC(1249) Desired survivor size 4194304 bytes, new threshold 1 (max threshold 15)
[13.402s][info ][gc,heap        ] GC(1249) PSYoungGen: 16143K->2599K(17408K)
[13.402s][info ][gc,heap        ] GC(1249) ParOldGen: 21225K->21225K(38400K)
[13.402s][info ][gc,metaspace   ] GC(1249) Metaspace: 15861K->15861K(1064960K)
[13.402s][info ][gc             ] GC(1249) Pause Young (Allocation Failure) 36M->23M(54M) 0.754ms
[13.402s][info ][gc,cpu         ] GC(1249) User=0.00s Sys=0.00s Real=0.00s
[13.403s][info ][gc,start       ] GC(1250) Pause Young (Allocation Failure)
[13.404s][debug][gc,phases      ] GC(1250) Scavenge 0.352ms
[13.404s][debug][gc,phases      ] GC(1250) Reference Processing 0.020ms
[13.404s][debug][gc,phases      ] GC(1250) Weak Processing 0.010ms
[13.404s][debug][gc,phases      ] GC(1250) Scrub String Table 0.069ms
[13.404s][debug][gc,age         ] GC(1250) Desired survivor size 4194304 bytes, new threshold 1 (max threshold 15)
[13.404s][info ][gc,heap        ] GC(1250) PSYoungGen: 15752K->2990K(17408K)
[13.404s][info ][gc,heap        ] GC(1250) ParOldGen: 21225K->21233K(38400K)
[13.404s][info ][gc,metaspace   ] GC(1250) Metaspace: 15861K->15861K(1064960K)
[13.404s][info ][gc             ] GC(1250) Pause Young (Allocation Failure) 36M->23M(54M) 0.638ms
[13.404s][info ][gc,cpu         ] GC(1250) User=0.01s Sys=0.00s Real=0.00s
[13.405s][info ][gc,start       ] GC(1251) Pause Young (Allocation Failure)
[13.406s][debug][gc,phases      ] GC(1251) Scavenge 0.409ms
[13.406s][debug][gc,phases      ] GC(1251) Reference Processing 0.020ms
[13.406s][debug][gc,phases      ] GC(1251) Weak Processing 0.010ms
[13.406s][debug][gc,phases      ] GC(1251) Scrub String Table 0.068ms
[13.406s][debug][gc,age         ] GC(1251) Desired survivor size 4194304 bytes, new threshold 1 (max threshold 15)
[13.406s][info ][gc,heap        ] GC(1251) PSYoungGen: 16143K->2990K(17408K)
[13.406s][info ][gc,heap        ] GC(1251) ParOldGen: 21233K->21233K(38400K)
[13.406s][info ][gc,metaspace   ] GC(1251) Metaspace: 15861K->15861K(1064960K)
[13.406s][info ][gc             ] GC(1251) Pause Young (Allocation Failure) 36M->23M(54M) 0.691ms
[13.406s][info ][gc,cpu         ] GC(1251) User=0.01s Sys=0.00s Real=0.00s
[13.407s][info ][gc,start       ] GC(1252) Pause Young (Allocation Failure)
[13.408s][debug][gc,phases      ] GC(1252) Scavenge 0.530ms
[13.408s][debug][gc,phases      ] GC(1252) Reference Processing 0.020ms
[13.408s][debug][gc,phases      ] GC(1252) Weak Processing 0.010ms
[13.408s][debug][gc,phases      ] GC(1252) Scrub String Table 0.068ms
[13.408s][debug][gc,age         ] GC(1252) Desired survivor size 4194304 bytes, new threshold 1 (max threshold 15)
[13.408s][info ][gc,heap        ] GC(1252) PSYoungGen: 16143K->3381K(17408K)
[13.408s][info ][gc,heap        ] GC(1252) ParOldGen: 21233K->21233K(38400K)
[13.408s][info ][gc,metaspace   ] GC(1252) Metaspace: 15861K->15861K(1064960K)
[13.408s][info ][gc             ] GC(1252) Pause Young (Allocation Failure) 36M->24M(54M) 0.827ms
[13.408s][info ][gc,cpu         ] GC(1252) User=0.00s Sys=0.00s Real=0.00s
[13.409s][info ][gc,start       ] GC(1253) Pause Young (Allocation Failure)
[13.410s][debug][gc,phases      ] GC(1253) Scavenge 0.860ms
[13.410s][debug][gc,phases      ] GC(1253) Reference Processing 0.021ms
[13.410s][debug][gc,phases      ] GC(1253) Weak Processing 0.010ms
[13.410s][debug][gc,phases      ] GC(1253) Scrub String Table 0.068ms
[13.410s][debug][gc,age         ] GC(1253) Desired survivor size 4194304 bytes, new threshold 1 (max threshold 15)
[13.410s][info ][gc,heap        ] GC(1253) PSYoungGen: 16533K->1395K(17408K)
[13.410s][info ][gc,heap        ] GC(1253) ParOldGen: 21233K->21233K(38400K)
[13.410s][info ][gc,metaspace   ] GC(1253) Metaspace: 15861K->15861K(1064960K)
[13.410s][info ][gc             ] GC(1253) Pause Young (Allocation Failure) 36M->22M(54M) 1.152ms
[13.410s][info ][gc,cpu         ] GC(1253) User=0.01s Sys=0.00s Real=0.00s
[13.411s][info ][gc,start       ] GC(1254) Pause Young (Allocation Failure)
[13.412s][debug][gc,phases      ] GC(1254) Scavenge 0.447ms
[13.412s][debug][gc,phases      ] GC(1254) Reference Processing 0.020ms
[13.412s][debug][gc,phases      ] GC(1254) Weak Processing 0.010ms
[13.412s][debug][gc,phases      ] GC(1254) Scrub String Table 0.067ms
[13.412s][debug][gc,age         ] GC(1254) Desired survivor size 4194304 bytes, new threshold 1 (max threshold 15)
[13.412s][info ][gc,heap        ] GC(1254) PSYoungGen: 14548K->2567K(17408K)
[13.412s][info ][gc,heap        ] GC(1254) ParOldGen: 21233K->21233K(38400K)
[13.412s][info ][gc,metaspace   ] GC(1254) Metaspace: 15861K->15861K(1064960K)
[13.412s][info ][gc             ] GC(1254) Pause Young (Allocation Failure) 34M->23M(54M) 0.723ms
[13.412s][info ][gc,cpu         ] GC(1254) User=0.00s Sys=0.00s Real=0.00s
[13.413s][info ][gc,start       ] GC(1255) Pause Young (Allocation Failure)
[13.414s][debug][gc,phases      ] GC(1255) Scavenge 0.490ms
[13.414s][debug][gc,phases      ] GC(1255) Reference Processing 0.018ms
[13.414s][debug][gc,phases      ] GC(1255) Weak Processing 0.011ms
[13.414s][debug][gc,phases      ] GC(1255) Scrub String Table 0.068ms
[13.414s][debug][gc,age         ] GC(1255) Desired survivor size 4194304 bytes, new threshold 1 (max threshold 15)
[13.414s][info ][gc,heap        ] GC(1255) PSYoungGen: 15720K->2958K(17408K)
[13.414s][info ][gc,heap        ] GC(1255) ParOldGen: 21233K->21233K(38400K)
[13.414s][info ][gc,metaspace   ] GC(1255) Metaspace: 15861K->15861K(1064960K)
[13.414s][info ][gc             ] GC(1255) Pause Young (Allocation Failure) 36M->23M(54M) 0.769ms
[13.414s][info ][gc,cpu         ] GC(1255) User=0.00s Sys=0.00s Real=0.00s
[13.415s][info ][gc,start       ] GC(1256) Pause Young (Allocation Failure)
[13.415s][debug][gc,phases      ] GC(1256) Scavenge 0.455ms
[13.415s][debug][gc,phases      ] GC(1256) Reference Processing 0.026ms
[13.415s][debug][gc,phases      ] GC(1256) Weak Processing 0.011ms
[13.416s][debug][gc,phases      ] GC(1256) Scrub String Table 0.072ms
[13.416s][debug][gc,age         ] GC(1256) Desired survivor size 4194304 bytes, new threshold 1 (max threshold 15)
[13.416s][info ][gc,heap        ] GC(1256) PSYoungGen: 16111K->2567K(17408K)
[13.416s][info ][gc,heap        ] GC(1256) ParOldGen: 21233K->21233K(38400K)
[13.416s][info ][gc,metaspace   ] GC(1256) Metaspace: 15861K->15861K(1064960K)
[13.416s][info ][gc             ] GC(1256) Pause Young (Allocation Failure) 36M->23M(54M) 0.761ms
[13.416s][info ][gc,cpu         ] GC(1256) User=0.00s Sys=0.00s Real=0.00s
[13.417s][info ][gc,start       ] GC(1257) Pause Young (Allocation Failure)
[13.417s][debug][gc,phases      ] GC(1257) Scavenge 0.449ms
[13.417s][debug][gc,phases      ] GC(1257) Reference Processing 0.020ms
[13.417s][debug][gc,phases      ] GC(1257) Weak Processing 0.011ms
[13.417s][debug][gc,phases      ] GC(1257) Scrub String Table 0.070ms
[13.417s][debug][gc,age         ] GC(1257) Desired survivor size 4194304 bytes, new threshold 1 (max threshold 15)
[13.417s][info ][gc,heap        ] GC(1257) PSYoungGen: 15720K->2535K(17408K)
[13.417s][info ][gc,heap        ] GC(1257) ParOldGen: 21233K->21233K(38400K)
[13.417s][info ][gc,metaspace   ] GC(1257) Metaspace: 15861K->15861K(1064960K)
[13.417s][info ][gc             ] GC(1257) Pause Young (Allocation Failure) 36M->23M(54M) 0.738ms
[13.417s][info ][gc,cpu         ] GC(1257) User=0.00s Sys=0.00s Real=0.00s
[13.418s][info ][gc,start       ] GC(1258) Pause Young (Allocation Failure)
[13.419s][debug][gc,phases      ] GC(1258) Scavenge 0.410ms
[13.419s][debug][gc,phases      ] GC(1258) Reference Processing 0.024ms
[13.419s][debug][gc,phases      ] GC(1258) Weak Processing 0.010ms
[13.419s][debug][gc,phases      ] GC(1258) Scrub String Table 0.068ms
[13.419s][debug][gc,age         ] GC(1258) Desired survivor size 4194304 bytes, new threshold 1 (max threshold 15)
[13.419s][info ][gc,heap        ] GC(1258) PSYoungGen: 15688K->2990K(17408K)
[13.419s][info ][gc,heap        ] GC(1258) ParOldGen: 21233K->21233K(38400K)
[13.419s][info ][gc,metaspace   ] GC(1258) Metaspace: 15861K->15861K(1064960K)
[13.419s][info ][gc             ] GC(1258) Pause Young (Allocation Failure) 36M->23M(54M) 0.715ms
[13.419s][info ][gc,cpu         ] GC(1258) User=0.00s Sys=0.00s Real=0.00s
[13.420s][info ][gc,start       ] GC(1259) Pause Young (Allocation Failure)
[13.421s][debug][gc,phases      ] GC(1259) Scavenge 0.407ms
[13.421s][debug][gc,phases      ] GC(1259) Reference Processing 0.020ms
[13.421s][debug][gc,phases      ] GC(1259) Weak Processing 0.010ms
[13.421s][debug][gc,phases      ] GC(1259) Scrub String Table 0.068ms
[13.421s][debug][gc,age         ] GC(1259) Desired survivor size 4194304 bytes, new threshold 1 (max threshold 15)
[13.421s][info ][gc,heap        ] GC(1259) PSYoungGen: 16143K->2567K(17408K)
[13.421s][info ][gc,heap        ] GC(1259) ParOldGen: 21233K->21233K(38400K)
[13.421s][info ][gc,metaspace   ] GC(1259) Metaspace: 15861K->15861K(1064960K)
[13.421s][info ][gc             ] GC(1259) Pause Young (Allocation Failure) 36M->23M(54M) 0.728ms
[13.421s][info ][gc,cpu         ] GC(1259) User=0.00s Sys=0.00s Real=0.00s
[13.422s][info ][gc,start       ] GC(1260) Pause Young (Allocation Failure)
[13.423s][debug][gc,phases      ] GC(1260) Scavenge 0.514ms
[13.423s][debug][gc,phases      ] GC(1260) Reference Processing 0.021ms
[13.423s][debug][gc,phases      ] GC(1260) Weak Processing 0.010ms
[13.423s][debug][gc,phases      ] GC(1260) Scrub String Table 0.068ms
[13.423s][debug][gc,age         ] GC(1260) Desired survivor size 4194304 bytes, new threshold 1 (max threshold 15)
[13.423s][info ][gc,heap        ] GC(1260) PSYoungGen: 15720K->3381K(17408K)
[13.423s][info ][gc,heap        ] GC(1260) ParOldGen: 21233K->21233K(38400K)
[13.423s][info ][gc,metaspace   ] GC(1260) Metaspace: 15861K->15861K(1064960K)
[13.423s][info ][gc             ] GC(1260) Pause Young (Allocation Failure) 36M->24M(54M) 0.796ms
[13.423s][info ][gc,cpu         ] GC(1260) User=0.01s Sys=0.00s Real=0.00s
[13.424s][info ][gc,start       ] GC(1261) Pause Young (Allocation Failure)
[13.425s][debug][gc,phases      ] GC(1261) Scavenge 0.670ms
[13.425s][debug][gc,phases      ] GC(1261) Reference Processing 0.021ms
[13.425s][debug][gc,phases      ] GC(1261) Weak Processing 0.011ms
[13.425s][debug][gc,phases      ] GC(1261) Scrub String Table 0.068ms
[13.425s][debug][gc,age         ] GC(1261) Desired survivor size 4194304 bytes, new threshold 1 (max threshold 15)
[13.425s][info ][gc,heap        ] GC(1261) PSYoungGen: 16533K->3381K(17408K)
[13.425s][info ][gc,heap        ] GC(1261) ParOldGen: 21233K->21233K(38400K)
[13.425s][info ][gc,metaspace   ] GC(1261) Metaspace: 15861K->15861K(1064960K)
[13.425s][info ][gc             ] GC(1261) Pause Young (Allocation Failure) 36M->24M(54M) 0.954ms
[13.425s][info ][gc,cpu         ] GC(1261) User=0.01s Sys=0.00s Real=0.00s
[13.426s][info ][gc,start       ] GC(1262) Pause Young (Allocation Failure)
[13.427s][debug][gc,phases      ] GC(1262) Scavenge 0.618ms
[13.427s][debug][gc,phases      ] GC(1262) Reference Processing 0.023ms
[13.427s][debug][gc,phases      ] GC(1262) Weak Processing 0.010ms
[13.427s][debug][gc,phases      ] GC(1262) Scrub String Table 0.068ms
[13.427s][debug][gc,age         ] GC(1262) Desired survivor size 4194304 bytes, new threshold 1 (max threshold 15)
[13.427s][info ][gc,heap        ] GC(1262) PSYoungGen: 16533K->2145K(17408K)
[13.427s][info ][gc,heap        ] GC(1262) ParOldGen: 21233K->21640K(38400K)
[13.427s][info ][gc,metaspace   ] GC(1262) Metaspace: 15861K->15861K(1064960K)
[13.427s][info ][gc             ] GC(1262) Pause Young (Allocation Failure) 36M->23M(54M) 0.935ms
[13.427s][info ][gc,cpu         ] GC(1262) User=0.01s Sys=0.00s Real=0.01s
[13.428s][info ][gc,start       ] GC(1263) Pause Young (Allocation Failure)
[13.429s][debug][gc,phases      ] GC(1263) Scavenge 0.436ms
[13.429s][debug][gc,phases      ] GC(1263) Reference Processing 0.020ms
[13.429s][debug][gc,phases      ] GC(1263) Weak Processing 0.011ms
[13.429s][debug][gc,phases      ] GC(1263) Scrub String Table 0.068ms
[13.429s][debug][gc,age         ] GC(1263) Desired survivor size 4194304 bytes, new threshold 1 (max threshold 15)
[13.429s][info ][gc,heap        ] GC(1263) PSYoungGen: 15297K->3381K(17408K)
[13.429s][info ][gc,heap        ] GC(1263) ParOldGen: 21640K->21640K(38400K)
[13.429s][info ][gc,metaspace   ] GC(1263) Metaspace: 15861K->15861K(1064960K)
[13.429s][info ][gc             ] GC(1263) Pause Young (Allocation Failure) 36M->24M(54M) 0.713ms
[13.429s][info ][gc,cpu         ] GC(1263) User=0.01s Sys=0.00s Real=0.00s
[13.430s][info ][gc,start       ] GC(1264) Pause Young (Allocation Failure)
[13.430s][debug][gc,phases      ] GC(1264) Scavenge 0.380ms
[13.431s][debug][gc,phases      ] GC(1264) Reference Processing 0.019ms
[13.431s][debug][gc,phases      ] GC(1264) Weak Processing 0.010ms
[13.431s][debug][gc,phases      ] GC(1264) Scrub String Table 0.068ms
[13.431s][debug][gc,age         ] GC(1264) Desired survivor size 4194304 bytes, new threshold 1 (max threshold 15)
[13.431s][info ][gc,heap        ] GC(1264) PSYoungGen: 16533K->2567K(17408K)
[13.431s][info ][gc,heap        ] GC(1264) ParOldGen: 21640K->21648K(38400K)
[13.431s][info ][gc,metaspace   ] GC(1264) Metaspace: 15861K->15861K(1064960K)
[13.431s][info ][gc             ] GC(1264) Pause Young (Allocation Failure) 37M->23M(54M) 0.685ms
[13.431s][info ][gc,cpu         ] GC(1264) User=0.00s Sys=0.00s Real=0.00s
[13.432s][info ][gc,start       ] GC(1265) Pause Young (Allocation Failure)
[13.433s][debug][gc,phases      ] GC(1265) Scavenge 0.768ms
[13.433s][debug][gc,phases      ] GC(1265) Reference Processing 0.022ms
[13.433s][debug][gc,phases      ] GC(1265) Weak Processing 0.012ms
[13.433s][debug][gc,phases      ] GC(1265) Scrub String Table 0.069ms
[13.433s][debug][gc,age         ] GC(1265) Desired survivor size 4194304 bytes, new threshold 1 (max threshold 15)
[13.433s][info ][gc,heap        ] GC(1265) PSYoungGen: 15720K->1363K(17408K)
[13.433s][info ][gc,heap        ] GC(1265) ParOldGen: 21648K->21648K(38400K)
[13.433s][info ][gc,metaspace   ] GC(1265) Metaspace: 15861K->15861K(1064960K)
[13.433s][info ][gc             ] GC(1265) Pause Young (Allocation Failure) 36M->22M(54M) 1.097ms
[13.433s][info ][gc,cpu         ] GC(1265) User=0.00s Sys=0.00s Real=0.00s
[13.434s][info ][gc,start       ] GC(1266) Pause Young (Allocation Failure)
[13.434s][debug][gc,phases      ] GC(1266) Scavenge 0.311ms
[13.434s][debug][gc,phases      ] GC(1266) Reference Processing 0.020ms
[13.434s][debug][gc,phases      ] GC(1266) Weak Processing 0.011ms
[13.434s][debug][gc,phases      ] GC(1266) Scrub String Table 0.069ms
[13.434s][debug][gc,age         ] GC(1266) Desired survivor size 4194304 bytes, new threshold 1 (max threshold 15)
[13.434s][info ][gc,heap        ] GC(1266) PSYoungGen: 14516K->2599K(17408K)
[13.434s][info ][gc,heap        ] GC(1266) ParOldGen: 21648K->21648K(38400K)
[13.434s][info ][gc,metaspace   ] GC(1266) Metaspace: 15861K->15861K(1064960K)
[13.434s][info ][gc             ] GC(1266) Pause Young (Allocation Failure) 35M->23M(54M) 0.596ms
[13.435s][info ][gc,cpu         ] GC(1266) User=0.00s Sys=0.00s Real=0.00s
[13.436s][info ][gc,start       ] GC(1267) Pause Young (Allocation Failure)
[13.436s][debug][gc,phases      ] GC(1267) Scavenge 0.398ms
[13.436s][debug][gc,phases      ] GC(1267) Reference Processing 0.019ms
[13.436s][debug][gc,phases      ] GC(1267) Weak Processing 0.010ms
[13.436s][debug][gc,phases      ] GC(1267) Scrub String Table 0.068ms
[13.436s][debug][gc,age         ] GC(1267) Desired survivor size 4194304 bytes, new threshold 1 (max threshold 15)
[13.436s][info ][gc,heap        ] GC(1267) PSYoungGen: 15752K->2958K(17408K)
[13.436s][info ][gc,heap        ] GC(1267) ParOldGen: 21648K->21648K(38400K)
[13.436s][info ][gc,metaspace   ] GC(1267) Metaspace: 15861K->15861K(1064960K)
[13.436s][info ][gc             ] GC(1267) Pause Young (Allocation Failure) 36M->24M(54M) 0.688ms
[13.436s][info ][gc,cpu         ] GC(1267) User=0.00s Sys=0.00s Real=0.01s
[13.437s][info ][gc,start       ] GC(1268) Pause Young (Allocation Failure)
[13.438s][debug][gc,phases      ] GC(1268) Scavenge 0.342ms
[13.438s][debug][gc,phases      ] GC(1268) Reference Processing 0.020ms
[13.438s][debug][gc,phases      ] GC(1268) Weak Processing 0.010ms
[13.438s][debug][gc,phases      ] GC(1268) Scrub String Table 0.069ms
[13.438s][debug][gc,age         ] GC(1268) Desired survivor size 4194304 bytes, new threshold 1 (max threshold 15)
[13.438s][info ][gc,heap        ] GC(1268) PSYoungGen: 16111K->2990K(17408K)
[13.438s][info ][gc,heap        ] GC(1268) ParOldGen: 21648K->21648K(38400K)
[13.438s][info ][gc,metaspace   ] GC(1268) Metaspace: 15861K->15861K(1064960K)
[13.438s][info ][gc             ] GC(1268) Pause Young (Allocation Failure) 36M->24M(54M) 0.628ms
[13.438s][info ][gc,cpu         ] GC(1268) User=0.00s Sys=0.00s Real=0.00s
[13.439s][info ][gc,start       ] GC(1269) Pause Young (Allocation Failure)
[13.440s][debug][gc,phases      ] GC(1269) Scavenge 0.439ms
[13.440s][debug][gc,phases      ] GC(1269) Reference Processing 0.019ms
[13.440s][debug][gc,phases      ] GC(1269) Weak Processing 0.010ms
[13.440s][debug][gc,phases      ] GC(1269) Scrub String Table 0.069ms
[13.440s][debug][gc,age         ] GC(1269) Desired survivor size 4194304 bytes, new threshold 1 (max threshold 15)
[13.440s][info ][gc,heap        ] GC(1269) PSYoungGen: 16143K->2567K(17408K)
[13.440s][info ][gc,heap        ] GC(1269) ParOldGen: 21648K->21648K(38400K)
[13.440s][info ][gc,metaspace   ] GC(1269) Metaspace: 15861K->15861K(1064960K)
[13.440s][info ][gc             ] GC(1269) Pause Young (Allocation Failure) 36M->23M(54M) 0.720ms
[13.440s][info ][gc,cpu         ] GC(1269) User=0.00s Sys=0.00s Real=0.00s
[13.441s][info ][gc,start       ] GC(1270) Pause Young (Allocation Failure)
[13.442s][debug][gc,phases      ] GC(1270) Scavenge 1.136ms
[13.442s][debug][gc,phases      ] GC(1270) Reference Processing 0.022ms
[13.442s][debug][gc,phases      ] GC(1270) Weak Processing 0.011ms
[13.442s][debug][gc,phases      ] GC(1270) Scrub String Table 0.069ms
[13.442s][debug][gc,age         ] GC(1270) Desired survivor size 4194304 bytes, new threshold 1 (max threshold 15)
[13.442s][info ][gc,heap        ] GC(1270) PSYoungGen: 15720K->2958K(17408K)
[13.442s][info ][gc,heap        ] GC(1270) ParOldGen: 21648K->21648K(38400K)
[13.442s][info ][gc,metaspace   ] GC(1270) Metaspace: 15861K->15861K(1064960K)
[13.442s][info ][gc             ] GC(1270) Pause Young (Allocation Failure) 36M->24M(54M) 1.430ms
[13.442s][info ][gc,cpu         ] GC(1270) User=0.00s Sys=0.00s Real=0.00s
[13.443s][info ][gc,start       ] GC(1271) Pause Young (Allocation Failure)
[13.444s][debug][gc,phases      ] GC(1271) Scavenge 0.470ms
[13.444s][debug][gc,phases      ] GC(1271) Reference Processing 0.020ms
[13.444s][debug][gc,phases      ] GC(1271) Weak Processing 0.010ms
[13.444s][debug][gc,phases      ] GC(1271) Scrub String Table 0.068ms
[13.444s][debug][gc,age         ] GC(1271) Desired survivor size 4194304 bytes, new threshold 1 (max threshold 15)
[13.444s][info ][gc,heap        ] GC(1271) PSYoungGen: 16111K->3381K(17408K)
[13.444s][info ][gc,heap        ] GC(1271) ParOldGen: 21648K->21648K(38400K)
[13.444s][info ][gc,metaspace   ] GC(1271) Metaspace: 15861K->15861K(1064960K)
[13.444s][info ][gc             ] GC(1271) Pause Young (Allocation Failure) 36M->24M(54M) 0.760ms
[13.444s][info ][gc,cpu         ] GC(1271) User=0.00s Sys=0.00s Real=0.00s
[13.445s][info ][gc,start       ] GC(1272) Pause Young (Allocation Failure)
[13.446s][debug][gc,phases      ] GC(1272) Scavenge 0.360ms
[13.446s][debug][gc,phases      ] GC(1272) Reference Processing 0.020ms
[13.446s][debug][gc,phases      ] GC(1272) Weak Processing 0.011ms
[13.446s][debug][gc,phases      ] GC(1272) Scrub String Table 0.071ms
[13.446s][debug][gc,age         ] GC(1272) Desired survivor size 4194304 bytes, new threshold 1 (max threshold 15)
[13.446s][info ][gc,heap        ] GC(1272) PSYoungGen: 16533K->2567K(17408K)
[13.446s][info ][gc,heap        ] GC(1272) ParOldGen: 21648K->21648K(38400K)
[13.446s][info ][gc,metaspace   ] GC(1272) Metaspace: 15861K->15861K(1064960K)
[13.446s][info ][gc             ] GC(1272) Pause Young (Allocation Failure) 37M->23M(54M) 0.643ms
[13.446s][info ][gc,cpu         ] GC(1272) User=0.00s Sys=0.00s Real=0.00s
[13.447s][info ][gc,start       ] GC(1273) Pause Young (Allocation Failure)
[13.447s][debug][gc,phases      ] GC(1273) Scavenge 0.376ms
[13.448s][debug][gc,phases      ] GC(1273) Reference Processing 0.025ms
[13.448s][debug][gc,phases      ] GC(1273) Weak Processing 0.013ms
[13.448s][debug][gc,phases      ] GC(1273) Scrub String Table 0.076ms
[13.448s][debug][gc,age         ] GC(1273) Desired survivor size 4194304 bytes, new threshold 1 (max threshold 15)
[13.448s][info ][gc,heap        ] GC(1273) PSYoungGen: 15720K->2990K(17408K)
[13.448s][info ][gc,heap        ] GC(1273) ParOldGen: 21648K->21648K(38400K)
[13.448s][info ][gc,metaspace   ] GC(1273) Metaspace: 15861K->15861K(1064960K)
[13.448s][info ][gc             ] GC(1273) Pause Young (Allocation Failure) 36M->24M(54M) 0.712ms
[13.448s][info ][gc,cpu         ] GC(1273) User=0.00s Sys=0.00s Real=0.00s
[13.449s][info ][gc,start       ] GC(1274) Pause Young (Allocation Failure)
[13.450s][debug][gc,phases      ] GC(1274) Scavenge 0.509ms
[13.450s][debug][gc,phases      ] GC(1274) Reference Processing 0.021ms
[13.450s][debug][gc,phases      ] GC(1274) Weak Processing 0.011ms
[13.450s][debug][gc,phases      ] GC(1274) Scrub String Table 0.068ms
[13.450s][debug][gc,age         ] GC(1274) Desired survivor size 4194304 bytes, new threshold 1 (max threshold 15)
[13.450s][info ][gc,heap        ] GC(1274) PSYoungGen: 16143K->2145K(17408K)
[13.450s][info ][gc,heap        ] GC(1274) ParOldGen: 21648K->22054K(38400K)
[13.450s][info ][gc,metaspace   ] GC(1274) Metaspace: 15861K->15861K(1064960K)
[13.450s][info ][gc             ] GC(1274) Pause Young (Allocation Failure) 36M->23M(54M) 0.843ms
[13.450s][info ][gc,cpu         ] GC(1274) User=0.00s Sys=0.00s Real=0.00s
[13.451s][info ][gc,start       ] GC(1275) Pause Young (Allocation Failure)
[13.451s][debug][gc,phases      ] GC(1275) Scavenge 0.334ms
[13.451s][debug][gc,phases      ] GC(1275) Reference Processing 0.031ms
[13.451s][debug][gc,phases      ] GC(1275) Weak Processing 0.015ms
[13.451s][debug][gc,phases      ] GC(1275) Scrub String Table 0.091ms
[13.451s][debug][gc,age         ] GC(1275) Desired survivor size 4194304 bytes, new threshold 1 (max threshold 15)
[13.451s][info ][gc,heap        ] GC(1275) PSYoungGen: 15297K->2209K(17408K)
[13.451s][info ][gc,heap        ] GC(1275) ParOldGen: 22054K->22054K(38400K)
[13.451s][info ][gc,metaspace   ] GC(1275) Metaspace: 15861K->15861K(1064960K)
[13.451s][info ][gc             ] GC(1275) Pause Young (Allocation Failure) 36M->23M(54M) 0.699ms
[13.451s][info ][gc,cpu         ] GC(1275) User=0.01s Sys=0.00s Real=0.00s
[13.452s][info ][gc,start       ] GC(1276) Pause Young (Allocation Failure)
[13.453s][debug][gc,phases      ] GC(1276) Scavenge 0.453ms
[13.453s][debug][gc,phases      ] GC(1276) Reference Processing 0.022ms
[13.453s][debug][gc,phases      ] GC(1276) Weak Processing 0.010ms
[13.453s][debug][gc,phases      ] GC(1276) Scrub String Table 0.072ms
[13.453s][debug][gc,age         ] GC(1276) Desired survivor size 4194304 bytes, new threshold 1 (max threshold 15)
[13.453s][info ][gc,heap        ] GC(1276) PSYoungGen: 15361K->1786K(17408K)
[13.453s][info ][gc,heap        ] GC(1276) ParOldGen: 22054K->22062K(38400K)
[13.453s][info ][gc,metaspace   ] GC(1276) Metaspace: 15861K->15861K(1064960K)
[13.453s][info ][gc             ] GC(1276) Pause Young (Allocation Failure) 36M->23M(54M) 0.750ms
[13.453s][info ][gc,cpu         ] GC(1276) User=0.00s Sys=0.00s Real=0.00s
[13.454s][info ][gc,start       ] GC(1277) Pause Young (Allocation Failure)
[13.455s][debug][gc,phases      ] GC(1277) Scavenge 0.463ms
[13.455s][debug][gc,phases      ] GC(1277) Reference Processing 0.020ms
[13.455s][debug][gc,phases      ] GC(1277) Weak Processing 0.010ms
[13.455s][debug][gc,phases      ] GC(1277) Scrub String Table 0.069ms
[13.455s][debug][gc,age         ] GC(1277) Desired survivor size 4194304 bytes, new threshold 1 (max threshold 15)
[13.455s][info ][gc,heap        ] GC(1277) PSYoungGen: 14939K->3381K(17408K)
[13.455s][info ][gc,heap        ] GC(1277) ParOldGen: 22062K->22062K(38400K)
[13.455s][info ][gc,metaspace   ] GC(1277) Metaspace: 15861K->15861K(1064960K)
[13.455s][info ][gc             ] GC(1277) Pause Young (Allocation Failure) 36M->24M(54M) 0.747ms
[13.455s][info ][gc,cpu         ] GC(1277) User=0.00s Sys=0.00s Real=0.00s
[13.456s][info ][gc,start       ] GC(1278) Pause Young (Allocation Failure)
[13.457s][debug][gc,phases      ] GC(1278) Scavenge 0.393ms
[13.457s][debug][gc,phases      ] GC(1278) Reference Processing 0.021ms
[13.457s][debug][gc,phases      ] GC(1278) Weak Processing 0.011ms
[13.457s][debug][gc,phases      ] GC(1278) Scrub String Table 0.070ms
[13.457s][debug][gc,age         ] GC(1278) Desired survivor size 4194304 bytes, new threshold 1 (max threshold 15)
[13.457s][info ][gc,heap        ] GC(1278) PSYoungGen: 16533K->2599K(17408K)
[13.457s][info ][gc,heap        ] GC(1278) ParOldGen: 22062K->22086K(38400K)
[13.457s][info ][gc,metaspace   ] GC(1278) Metaspace: 15861K->15861K(1064960K)
[13.457s][info ][gc             ] GC(1278) Pause Young (Allocation Failure) 37M->24M(54M) 0.681ms
[13.457s][info ][gc,cpu         ] GC(1278) User=0.00s Sys=0.00s Real=0.01s
[13.458s][info ][gc,start       ] GC(1279) Pause Young (Allocation Failure)
[13.459s][debug][gc,phases      ] GC(1279) Scavenge 1.045ms
[13.459s][debug][gc,phases      ] GC(1279) Reference Processing 0.020ms
[13.459s][debug][gc,phases      ] GC(1279) Weak Processing 0.010ms
[13.459s][debug][gc,phases      ] GC(1279) Scrub String Table 0.068ms
[13.459s][debug][gc,age         ] GC(1279) Desired survivor size 4194304 bytes, new threshold 1 (max threshold 15)
[13.459s][info ][gc,heap        ] GC(1279) PSYoungGen: 15752K->2145K(17408K)
[13.459s][info ][gc,heap        ] GC(1279) ParOldGen: 22086K->22086K(38400K)
[13.459s][info ][gc,metaspace   ] GC(1279) Metaspace: 15861K->15861K(1064960K)
[13.459s][info ][gc             ] GC(1279) Pause Young (Allocation Failure) 36M->23M(54M) 1.340ms
[13.459s][info ][gc,cpu         ] GC(1279) User=0.01s Sys=0.00s Real=0.00s
[13.460s][info ][gc,start       ] GC(1280) Pause Young (Allocation Failure)
[13.461s][debug][gc,phases      ] GC(1280) Scavenge 0.435ms
[13.461s][debug][gc,phases      ] GC(1280) Reference Processing 0.020ms
[13.461s][debug][gc,phases      ] GC(1280) Weak Processing 0.010ms
[13.461s][debug][gc,phases      ] GC(1280) Scrub String Table 0.069ms
[13.461s][debug][gc,age         ] GC(1280) Desired survivor size 4194304 bytes, new threshold 1 (max threshold 15)
[13.461s][info ][gc,heap        ] GC(1280) PSYoungGen: 15297K->2567K(17408K)
[13.461s][info ][gc,heap        ] GC(1280) ParOldGen: 22086K->22094K(38400K)
[13.461s][info ][gc,metaspace   ] GC(1280) Metaspace: 15861K->15861K(1064960K)
[13.461s][info ][gc             ] GC(1280) Pause Young (Allocation Failure) 36M->24M(54M) 0.725ms
[13.461s][info ][gc,cpu         ] GC(1280) User=0.00s Sys=0.00s Real=0.00s
[13.462s][info ][gc,start       ] GC(1281) Pause Young (Allocation Failure)
[13.463s][debug][gc,phases      ] GC(1281) Scavenge 0.415ms
[13.463s][debug][gc,phases      ] GC(1281) Reference Processing 0.020ms
[13.463s][debug][gc,phases      ] GC(1281) Weak Processing 0.010ms
[13.463s][debug][gc,phases      ] GC(1281) Scrub String Table 0.069ms
[13.463s][debug][gc,age         ] GC(1281) Desired survivor size 4194304 bytes, new threshold 1 (max threshold 15)
[13.463s][info ][gc,heap        ] GC(1281) PSYoungGen: 15720K->3381K(17408K)
[13.463s][info ][gc,heap        ] GC(1281) ParOldGen: 22094K->22094K(38400K)
[13.463s][info ][gc,metaspace   ] GC(1281) Metaspace: 15861K->15861K(1064960K)
[13.463s][info ][gc             ] GC(1281) Pause Young (Allocation Failure) 36M->24M(54M) 0.694ms
[13.463s][info ][gc,cpu         ] GC(1281) User=0.00s Sys=0.00s Real=0.00s
[13.464s][info ][gc,start       ] GC(1282) Pause Young (Allocation Failure)
[13.465s][debug][gc,phases      ] GC(1282) Scavenge 0.812ms
[13.465s][debug][gc,phases      ] GC(1282) Reference Processing 0.020ms
[13.465s][debug][gc,phases      ] GC(1282) Weak Processing 0.011ms
[13.465s][debug][gc,phases      ] GC(1282) Scrub String Table 0.069ms
[13.465s][debug][gc,age         ] GC(1282) Desired survivor size 4194304 bytes, new threshold 1 (max threshold 15)
[13.465s][info ][gc,heap        ] GC(1282) PSYoungGen: 16533K->2113K(17408K)
[13.465s][info ][gc,heap        ] GC(1282) ParOldGen: 22094K->22110K(38400K)
[13.465s][info ][gc,metaspace   ] GC(1282) Metaspace: 15861K->15861K(1064960K)
[13.465s][info ][gc             ] GC(1282) Pause Young (Allocation Failure) 37M->23M(54M) 1.111ms
[13.465s][info ][gc,cpu         ] GC(1282) User=0.00s Sys=0.00s Real=0.00s
[13.466s][info ][gc,start       ] GC(1283) Pause Young (Allocation Failure)
[13.467s][debug][gc,phases      ] GC(1283) Scavenge 0.395ms
[13.467s][debug][gc,phases      ] GC(1283) Reference Processing 0.020ms
[13.467s][debug][gc,phases      ] GC(1283) Weak Processing 0.010ms
[13.467s][debug][gc,phases      ] GC(1283) Scrub String Table 0.068ms
[13.467s][debug][gc,age         ] GC(1283) Desired survivor size 4194304 bytes, new threshold 1 (max threshold 15)
[13.467s][info ][gc,heap        ] GC(1283) PSYoungGen: 15265K->2567K(17408K)
[13.467s][info ][gc,heap        ] GC(1283) ParOldGen: 22110K->22134K(38400K)
[13.467s][info ][gc,metaspace   ] GC(1283) Metaspace: 15861K->15861K(1064960K)
[13.467s][info ][gc             ] GC(1283) Pause Young (Allocation Failure) 36M->24M(54M) 0.682ms
[13.467s][info ][gc,cpu         ] GC(1283) User=0.00s Sys=0.00s Real=0.01s
[13.468s][info ][gc,start       ] GC(1284) Pause Young (Allocation Failure)
[13.468s][debug][gc,phases      ] GC(1284) Scavenge 0.413ms
[13.468s][debug][gc,phases      ] GC(1284) Reference Processing 0.020ms
[13.468s][debug][gc,phases      ] GC(1284) Weak Processing 0.011ms
[13.469s][debug][gc,phases      ] GC(1284) Scrub String Table 0.068ms
[13.469s][debug][gc,age         ] GC(1284) Desired survivor size 4194304 bytes, new threshold 1 (max threshold 15)
[13.469s][info ][gc,heap        ] GC(1284) PSYoungGen: 15720K->2990K(17408K)
[13.469s][info ][gc,heap        ] GC(1284) ParOldGen: 22134K->22142K(38400K)
[13.469s][info ][gc,metaspace   ] GC(1284) Metaspace: 15861K->15861K(1064960K)
[13.469s][info ][gc             ] GC(1284) Pause Young (Allocation Failure) 36M->24M(54M) 0.705ms
[13.469s][info ][gc,cpu         ] GC(1284) User=0.00s Sys=0.00s Real=0.00s
[13.470s][info ][gc,start       ] GC(1285) Pause Young (Allocation Failure)
[13.471s][debug][gc,phases      ] GC(1285) Scavenge 0.902ms
[13.471s][debug][gc,phases      ] GC(1285) Reference Processing 0.024ms
[13.471s][debug][gc,phases      ] GC(1285) Weak Processing 0.011ms
[13.471s][debug][gc,phases      ] GC(1285) Scrub String Table 0.069ms
[13.471s][debug][gc,age         ] GC(1285) Desired survivor size 4194304 bytes, new threshold 1 (max threshold 15)
[13.471s][info ][gc,heap        ] GC(1285) PSYoungGen: 16143K->2177K(17408K)
[13.471s][info ][gc,heap        ] GC(1285) ParOldGen: 22142K->22174K(38400K)
[13.471s][info ][gc,metaspace   ] GC(1285) Metaspace: 15861K->15861K(1064960K)
[13.471s][info ][gc             ] GC(1285) Pause Young (Allocation Failure) 37M->23M(54M) 1.274ms
[13.471s][info ][gc,cpu         ] GC(1285) User=0.00s Sys=0.00s Real=0.00s
[13.472s][info ][gc,start       ] GC(1286) Pause Young (Allocation Failure)
[13.473s][debug][gc,phases      ] GC(1286) Scavenge 1.165ms
[13.473s][debug][gc,phases      ] GC(1286) Reference Processing 0.019ms
[13.473s][debug][gc,phases      ] GC(1286) Weak Processing 0.010ms
[13.473s][debug][gc,phases      ] GC(1286) Scrub String Table 0.068ms
[13.473s][debug][gc,age         ] GC(1286) Desired survivor size 4194304 bytes, new threshold 1 (max threshold 15)
[13.473s][info ][gc,heap        ] GC(1286) PSYoungGen: 15296K->1363K(17408K)
[13.473s][info ][gc,heap        ] GC(1286) ParOldGen: 22174K->22190K(38400K)
[13.473s][info ][gc,metaspace   ] GC(1286) Metaspace: 15861K->15861K(1064960K)
[13.474s][info ][gc             ] GC(1286) Pause Young (Allocation Failure) 36M->23M(54M) 1.452ms
[13.474s][info ][gc,cpu         ] GC(1286) User=0.00s Sys=0.00s Real=0.00s
[13.475s][info ][gc,start       ] GC(1287) Pause Young (Allocation Failure)
[13.476s][debug][gc,phases      ] GC(1287) Scavenge 0.997ms
[13.476s][debug][gc,phases      ] GC(1287) Reference Processing 0.022ms
[13.476s][debug][gc,phases      ] GC(1287) Weak Processing 0.011ms
[13.476s][debug][gc,phases      ] GC(1287) Scrub String Table 0.073ms
[13.476s][debug][gc,age         ] GC(1287) Desired survivor size 4194304 bytes, new threshold 1 (max threshold 15)
[13.476s][info ][gc,heap        ] GC(1287) PSYoungGen: 14528K->1722K(17408K)
[13.476s][info ][gc,heap        ] GC(1287) ParOldGen: 22190K->22206K(38400K)
[13.476s][info ][gc,metaspace   ] GC(1287) Metaspace: 15861K->15861K(1064960K)
[13.476s][info ][gc             ] GC(1287) Pause Young (Allocation Failure) 35M->23M(54M) 1.308ms
[13.476s][info ][gc,cpu         ] GC(1287) User=0.00s Sys=0.00s Real=0.00s
[13.477s][info ][gc,start       ] GC(1288) Pause Young (Allocation Failure)
[13.478s][debug][gc,phases      ] GC(1288) Scavenge 1.259ms
[13.478s][debug][gc,phases      ] GC(1288) Reference Processing 0.021ms
[13.478s][debug][gc,phases      ] GC(1288) Weak Processing 0.012ms
[13.478s][debug][gc,phases      ] GC(1288) Scrub String Table 0.070ms
[13.478s][debug][gc,age         ] GC(1288) Desired survivor size 4194304 bytes, new threshold 1 (max threshold 15)
[13.478s][info ][gc,heap        ] GC(1288) PSYoungGen: 14882K->2113K(17408K)
[13.478s][info ][gc,heap        ] GC(1288) ParOldGen: 22206K->22214K(38400K)
[13.478s][info ][gc,metaspace   ] GC(1288) Metaspace: 15861K->15861K(1064960K)
[13.479s][info ][gc             ] GC(1288) Pause Young (Allocation Failure) 36M->23M(54M) 1.553ms
[13.479s][info ][gc,cpu         ] GC(1288) User=0.01s Sys=0.00s Real=0.00s
[13.480s][info ][gc,start       ] GC(1289) Pause Young (Allocation Failure)
[13.480s][debug][gc,phases      ] GC(1289) Scavenge 0.513ms
[13.480s][debug][gc,phases      ] GC(1289) Reference Processing 0.021ms
[13.480s][debug][gc,phases      ] GC(1289) Weak Processing 0.010ms
[13.480s][debug][gc,phases      ] GC(1289) Scrub String Table 0.068ms
[13.480s][debug][gc,age         ] GC(1289) Desired survivor size 4194304 bytes, new threshold 1 (max threshold 15)
[13.481s][info ][gc,heap        ] GC(1289) PSYoungGen: 15270K->2535K(17408K)
[13.481s][info ][gc,heap        ] GC(1289) ParOldGen: 22214K->23036K(38400K)
[13.481s][info ][gc,metaspace   ] GC(1289) Metaspace: 15861K->15861K(1064960K)
[13.481s][info ][gc             ] GC(1289) Pause Young (Allocation Failure) 36M->24M(54M) 0.830ms
[13.481s][info ][gc,cpu         ] GC(1289) User=0.00s Sys=0.00s Real=0.00s
[13.482s][info ][gc,start       ] GC(1290) Pause Young (Allocation Failure)
[13.482s][debug][gc,phases      ] GC(1290) Scavenge 0.533ms
[13.482s][debug][gc,phases      ] GC(1290) Reference Processing 0.021ms
[13.482s][debug][gc,phases      ] GC(1290) Weak Processing 0.011ms
[13.482s][debug][gc,phases      ] GC(1290) Scrub String Table 0.075ms
[13.482s][debug][gc,age         ] GC(1290) Desired survivor size 4194304 bytes, new threshold 1 (max threshold 15)
[13.482s][info ][gc,heap        ] GC(1290) PSYoungGen: 15691K->2958K(17408K)
[13.483s][info ][gc,heap        ] GC(1290) ParOldGen: 23036K->23036K(38400K)
[13.483s][info ][gc,metaspace   ] GC(1290) Metaspace: 15861K->15861K(1064960K)
[13.483s][info ][gc             ] GC(1290) Pause Young (Allocation Failure) 37M->25M(54M) 0.846ms
[13.483s][info ][gc,cpu         ] GC(1290) User=0.00s Sys=0.00s Real=0.00s
[13.484s][info ][gc,start       ] GC(1291) Pause Young (Allocation Failure)
[13.485s][debug][gc,phases      ] GC(1291) Scavenge 1.238ms
[13.485s][debug][gc,phases      ] GC(1291) Reference Processing 0.024ms
[13.485s][debug][gc,phases      ] GC(1291) Weak Processing 0.011ms
[13.485s][debug][gc,phases      ] GC(1291) Scrub String Table 0.068ms
[13.485s][debug][gc,age         ] GC(1291) Desired survivor size 4194304 bytes, new threshold 1 (max threshold 15)
[13.485s][info ][gc,heap        ] GC(1291) PSYoungGen: 16113K->3381K(17408K)
[13.485s][info ][gc,heap        ] GC(1291) ParOldGen: 23036K->23044K(38400K)
[13.485s][info ][gc,metaspace   ] GC(1291) Metaspace: 15861K->15861K(1064960K)
[13.485s][info ][gc             ] GC(1291) Pause Young (Allocation Failure) 38M->25M(54M) 1.538ms
[13.485s][info ][gc,cpu         ] GC(1291) User=0.01s Sys=0.00s Real=0.00s
[13.486s][info ][gc,start       ] GC(1292) Pause Young (Allocation Failure)
[13.487s][debug][gc,phases      ] GC(1292) Scavenge 0.996ms
[13.487s][debug][gc,phases      ] GC(1292) Reference Processing 0.020ms
[13.487s][debug][gc,phases      ] GC(1292) Weak Processing 0.010ms
[13.487s][debug][gc,phases      ] GC(1292) Scrub String Table 0.068ms
[13.487s][debug][gc,age         ] GC(1292) Desired survivor size 4194304 bytes, new threshold 1 (max threshold 15)
[13.487s][info ][gc,heap        ] GC(1292) PSYoungGen: 16534K->1722K(17408K)
[13.487s][info ][gc,heap        ] GC(1292) ParOldGen: 23044K->23450K(38400K)
[13.488s][info ][gc,metaspace   ] GC(1292) Metaspace: 15861K->15861K(1064960K)
[13.488s][info ][gc             ] GC(1292) Pause Young (Allocation Failure) 38M->24M(54M) 1.289ms
[13.488s][info ][gc,cpu         ] GC(1292) User=0.01s Sys=0.00s Real=0.01s
[13.489s][info ][gc,start       ] GC(1293) Pause Young (Allocation Failure)
[13.490s][debug][gc,phases      ] GC(1293) Scavenge 0.954ms
[13.490s][debug][gc,phases      ] GC(1293) Reference Processing 0.020ms
[13.490s][debug][gc,phases      ] GC(1293) Weak Processing 0.010ms
[13.490s][debug][gc,phases      ] GC(1293) Scrub String Table 0.068ms
[13.490s][debug][gc,age         ] GC(1293) Desired survivor size 4194304 bytes, new threshold 1 (max threshold 15)
[13.490s][info ][gc,heap        ] GC(1293) PSYoungGen: 14840K->1754K(17408K)
[13.490s][info ][gc,heap        ] GC(1293) ParOldGen: 23450K->23474K(38400K)
[13.490s][info ][gc,metaspace   ] GC(1293) Metaspace: 15861K->15861K(1064960K)
[13.490s][info ][gc             ] GC(1293) Pause Young (Allocation Failure) 37M->24M(54M) 1.242ms
[13.490s][info ][gc,cpu         ] GC(1293) User=0.01s Sys=0.00s Real=0.00s
[13.491s][info ][gc,start       ] GC(1294) Pause Young (Allocation Failure)
[13.492s][debug][gc,phases      ] GC(1294) Scavenge 1.048ms
[13.492s][debug][gc,phases      ] GC(1294) Reference Processing 0.023ms
[13.492s][debug][gc,phases      ] GC(1294) Weak Processing 0.011ms
[13.492s][debug][gc,phases      ] GC(1294) Scrub String Table 0.069ms
[13.492s][debug][gc,age         ] GC(1294) Desired survivor size 4194304 bytes, new threshold 1 (max threshold 15)
[13.492s][info ][gc,heap        ] GC(1294) PSYoungGen: 14920K->1754K(17408K)
[13.492s][info ][gc,heap        ] GC(1294) ParOldGen: 23474K->23482K(38400K)
[13.492s][info ][gc,metaspace   ] GC(1294) Metaspace: 15861K->15861K(1064960K)
[13.492s][info ][gc             ] GC(1294) Pause Young (Allocation Failure) 37M->24M(54M) 1.357ms
[13.492s][info ][gc,cpu         ] GC(1294) User=0.00s Sys=0.00s Real=0.00s
[13.493s][info ][gc,start       ] GC(1295) Pause Young (Allocation Failure)
[13.495s][debug][gc,phases      ] GC(1295) Scavenge 1.189ms
[13.495s][debug][gc,phases      ] GC(1295) Reference Processing 0.022ms
[13.495s][debug][gc,phases      ] GC(1295) Weak Processing 0.011ms
[13.495s][debug][gc,phases      ] GC(1295) Scrub String Table 0.071ms
[13.495s][debug][gc,age         ] GC(1295) Desired survivor size 4194304 bytes, new threshold 1 (max threshold 15)
[13.495s][info ][gc,heap        ] GC(1295) PSYoungGen: 14881K->2535K(17408K)
[13.495s][info ][gc,heap        ] GC(1295) ParOldGen: 23482K->23506K(38400K)
[13.495s][info ][gc,metaspace   ] GC(1295) Metaspace: 15861K->15861K(1064960K)
[13.495s][info ][gc             ] GC(1295) Pause Young (Allocation Failure) 37M->25M(54M) 1.495ms
[13.495s][info ][gc,cpu         ] GC(1295) User=0.00s Sys=0.00s Real=0.00s
[13.496s][info ][gc,start       ] GC(1296) Pause Young (Allocation Failure)
[13.497s][debug][gc,phases      ] GC(1296) Scavenge 0.961ms
[13.497s][debug][gc,phases      ] GC(1296) Reference Processing 0.020ms
[13.497s][debug][gc,phases      ] GC(1296) Weak Processing 0.013ms
[13.497s][debug][gc,phases      ] GC(1296) Scrub String Table 0.079ms
[13.497s][debug][gc,age         ] GC(1296) Desired survivor size 4194304 bytes, new threshold 1 (max threshold 15)
[13.497s][info ][gc,heap        ] GC(1296) PSYoungGen: 15664K->1754K(17408K)
[13.497s][info ][gc,heap        ] GC(1296) ParOldGen: 23506K->24304K(38400K)
[13.497s][info ][gc,metaspace   ] GC(1296) Metaspace: 15861K->15861K(1064960K)
[13.497s][info ][gc             ] GC(1296) Pause Young (Allocation Failure) 38M->25M(54M) 1.299ms
[13.497s][info ][gc,cpu         ] GC(1296) User=0.00s Sys=0.01s Real=0.01s
[13.499s][info ][gc,start       ] GC(1297) Pause Young (Allocation Failure)
[13.500s][debug][gc,phases      ] GC(1297) Scavenge 1.055ms
[13.500s][debug][gc,phases      ] GC(1297) Reference Processing 0.074ms
[13.500s][debug][gc,phases      ] GC(1297) Weak Processing 0.036ms
[13.500s][debug][gc,phases      ] GC(1297) Scrub String Table 0.080ms
[13.500s][debug][gc,age         ] GC(1297) Desired survivor size 4194304 bytes, new threshold 1 (max threshold 15)
[13.500s][info ][gc,heap        ] GC(1297) PSYoungGen: 14888K->1754K(17408K)
[13.500s][info ][gc,heap        ] GC(1297) ParOldGen: 24304K->24710K(38400K)
[13.500s][info ][gc,metaspace   ] GC(1297) Metaspace: 15861K->15861K(1064960K)
[13.500s][info ][gc             ] GC(1297) Pause Young (Allocation Failure) 38M->25M(54M) 1.469ms
[13.500s][info ][gc,cpu         ] GC(1297) User=0.01s Sys=0.00s Real=0.00s
[13.501s][info ][gc,start       ] GC(1298) Pause Young (Allocation Failure)
[13.502s][debug][gc,phases      ] GC(1298) Scavenge 1.106ms
[13.502s][debug][gc,phases      ] GC(1298) Reference Processing 0.033ms
[13.503s][debug][gc,phases      ] GC(1298) Weak Processing 0.010ms
[13.503s][debug][gc,phases      ] GC(1298) Scrub String Table 0.069ms
[13.503s][debug][gc,age         ] GC(1298) Desired survivor size 4194304 bytes, new threshold 1 (max threshold 15)
[13.503s][info ][gc,heap        ] GC(1298) PSYoungGen: 14912K->2958K(17408K)
[13.503s][info ][gc,heap        ] GC(1298) ParOldGen: 24710K->24726K(38400K)
[13.503s][info ][gc,metaspace   ] GC(1298) Metaspace: 15861K->15861K(1064960K)
[13.503s][info ][gc             ] GC(1298) Pause Young (Allocation Failure) 38M->27M(54M) 1.437ms
[13.503s][info ][gc,cpu         ] GC(1298) User=0.01s Sys=0.00s Real=0.00s
[13.504s][info ][gc,start       ] GC(1299) Pause Young (Allocation Failure)
[13.505s][debug][gc,phases      ] GC(1299) Scavenge 1.144ms
[13.505s][debug][gc,phases      ] GC(1299) Reference Processing 0.019ms
[13.505s][debug][gc,phases      ] GC(1299) Weak Processing 0.010ms
[13.505s][debug][gc,phases      ] GC(1299) Scrub String Table 0.068ms
[13.505s][debug][gc,age         ] GC(1299) Desired survivor size 4194304 bytes, new threshold 1 (max threshold 15)
[13.505s][info ][gc,heap        ] GC(1299) PSYoungGen: 16141K->1754K(17408K)
[13.505s][info ][gc,heap        ] GC(1299) ParOldGen: 24726K->25133K(38400K)
[13.505s][info ][gc,metaspace   ] GC(1299) Metaspace: 15861K->15861K(1064960K)
[13.505s][info ][gc             ] GC(1299) Pause Young (Allocation Failure) 39M->26M(54M) 1.431ms
[13.505s][info ][gc,cpu         ] GC(1299) User=0.01s Sys=0.00s Real=0.00s
[13.506s][info ][gc,start       ] GC(1300) Pause Young (Allocation Failure)
[13.507s][debug][gc,phases      ] GC(1300) Scavenge 0.413ms
[13.507s][debug][gc,phases      ] GC(1300) Reference Processing 0.021ms
[13.507s][debug][gc,phases      ] GC(1300) Weak Processing 0.010ms
[13.507s][debug][gc,phases      ] GC(1300) Scrub String Table 0.080ms
[13.507s][debug][gc,age         ] GC(1300) Desired survivor size 4194304 bytes, new threshold 1 (max threshold 15)
[13.507s][info ][gc,heap        ] GC(1300) PSYoungGen: 14927K->2209K(17408K)
[13.507s][info ][gc,heap        ] GC(1300) ParOldGen: 25133K->25141K(38400K)
[13.507s][info ][gc,metaspace   ] GC(1300) Metaspace: 15861K->15861K(1064960K)
[13.507s][info ][gc             ] GC(1300) Pause Young (Allocation Failure) 39M->26M(54M) 0.744ms
[13.507s][info ][gc,cpu         ] GC(1300) User=0.00s Sys=0.00s Real=0.01s
[13.509s][info ][gc,start       ] GC(1301) Pause Young (Allocation Failure)
[13.511s][debug][gc,phases      ] GC(1301) Scavenge 1.758ms
[13.511s][debug][gc,phases      ] GC(1301) Reference Processing 0.029ms
[13.511s][debug][gc,phases      ] GC(1301) Weak Processing 0.017ms
[13.511s][debug][gc,phases      ] GC(1301) Scrub String Table 0.089ms
[13.511s][debug][gc,age         ] GC(1301) Desired survivor size 4194304 bytes, new threshold 1 (max threshold 15)
[13.511s][info ][gc,heap        ] GC(1301) PSYoungGen: 15279K->1299K(17408K)
[13.511s][info ][gc,heap        ] GC(1301) ParOldGen: 25141K->25946K(38400K)
[13.511s][info ][gc,metaspace   ] GC(1301) Metaspace: 15861K->15861K(1064960K)
[13.511s][info ][gc             ] GC(1301) Pause Young (Allocation Failure) 39M->26M(54M) 2.282ms
[13.512s][info ][gc,cpu         ] GC(1301) User=0.01s Sys=0.00s Real=0.00s
[13.513s][info ][gc,start       ] GC(1302) Pause Young (Allocation Failure)
[13.514s][debug][gc,phases      ] GC(1302) Scavenge 0.798ms
[13.514s][debug][gc,phases      ] GC(1302) Reference Processing 0.027ms
[13.514s][debug][gc,phases      ] GC(1302) Weak Processing 0.015ms
[13.514s][debug][gc,phases      ] GC(1302) Scrub String Table 0.080ms
[13.514s][debug][gc,age         ] GC(1302) Desired survivor size 4194304 bytes, new threshold 1 (max threshold 15)
[13.514s][info ][gc,heap        ] GC(1302) PSYoungGen: 14439K->941K(17408K)
[13.514s][info ][gc,heap        ] GC(1302) ParOldGen: 25946K->26369K(38400K)
[13.514s][info ][gc,metaspace   ] GC(1302) Metaspace: 15861K->15861K(1064960K)
[13.514s][info ][gc             ] GC(1302) Pause Young (Allocation Failure) 39M->26M(54M) 1.153ms
[13.514s][info ][gc,cpu         ] GC(1302) User=0.01s Sys=0.00s Real=0.00s
[13.515s][info ][gc,start       ] GC(1303) Pause Young (Allocation Failure)
[13.517s][debug][gc,phases      ] GC(1303) Scavenge 1.242ms
[13.517s][debug][gc,phases      ] GC(1303) Reference Processing 0.034ms
[13.517s][debug][gc,phases      ] GC(1303) Weak Processing 0.012ms
[13.517s][debug][gc,phases      ] GC(1303) Scrub String Table 0.075ms
[13.517s][debug][gc,age         ] GC(1303) Desired survivor size 4194304 bytes, new threshold 1 (max threshold 15)
[13.517s][info ][gc,heap        ] GC(1303) PSYoungGen: 14018K->1331K(17408K)
[13.517s][info ][gc,heap        ] GC(1303) ParOldGen: 26369K->26393K(38400K)
[13.517s][info ][gc,metaspace   ] GC(1303) Metaspace: 15861K->15861K(1064960K)
[13.517s][info ][gc             ] GC(1303) Pause Young (Allocation Failure) 39M->27M(54M) 1.602ms
[13.517s][info ][gc,cpu         ] GC(1303) User=0.01s Sys=0.00s Real=0.01s
[13.518s][info ][gc,start       ] GC(1304) Pause Young (Allocation Failure)
[13.519s][debug][gc,phases      ] GC(1304) Scavenge 0.855ms
[13.519s][debug][gc,phases      ] GC(1304) Reference Processing 0.023ms
[13.519s][debug][gc,phases      ] GC(1304) Weak Processing 0.010ms
[13.519s][debug][gc,phases      ] GC(1304) Scrub String Table 0.068ms
[13.519s][debug][gc,age         ] GC(1304) Desired survivor size 3670016 bytes, new threshold 1 (max threshold 15)
[13.519s][info ][gc,heap        ] GC(1304) PSYoungGen: 14558K->2177K(15872K)
[13.519s][info ][gc,heap        ] GC(1304) ParOldGen: 26393K->26401K(38400K)
[13.519s][info ][gc,metaspace   ] GC(1304) Metaspace: 15861K->15861K(1064960K)
[13.519s][info ][gc             ] GC(1304) Pause Young (Allocation Failure) 39M->27M(53M) 1.211ms
[13.519s][info ][gc,cpu         ] GC(1304) User=0.01s Sys=0.00s Real=0.00s
[13.520s][info ][gc,start       ] GC(1305) Pause Young (Allocation Failure)
[13.521s][debug][gc,phases      ] GC(1305) Scavenge 0.559ms
[13.521s][debug][gc,phases      ] GC(1305) Reference Processing 0.021ms
[13.521s][debug][gc,phases      ] GC(1305) Weak Processing 0.012ms
[13.521s][debug][gc,phases      ] GC(1305) Scrub String Table 0.069ms
[13.521s][debug][gc,age         ] GC(1305) Desired survivor size 3670016 bytes, new threshold 1 (max threshold 15)
[13.521s][info ][gc,heap        ] GC(1305) PSYoungGen: 15377K->1722K(16896K)
[13.521s][info ][gc,heap        ] GC(1305) ParOldGen: 26401K->26433K(38400K)
[13.521s][info ][gc,metaspace   ] GC(1305) Metaspace: 15861K->15861K(1064960K)
[13.521s][info ][gc             ] GC(1305) Pause Young (Allocation Failure) 40M->27M(54M) 0.880ms
[13.521s][info ][gc,cpu         ] GC(1305) User=0.01s Sys=0.00s Real=0.00s
[13.522s][info ][gc,start       ] GC(1306) Pause Young (Allocation Failure)
[13.523s][debug][gc,phases      ] GC(1306) Scavenge 0.291ms
[13.523s][debug][gc,phases      ] GC(1306) Reference Processing 0.020ms
[13.523s][debug][gc,phases      ] GC(1306) Weak Processing 0.010ms
[13.523s][debug][gc,phases      ] GC(1306) Scrub String Table 0.068ms
[13.523s][debug][gc,age         ] GC(1306) Desired survivor size 3670016 bytes, new threshold 1 (max threshold 15)
[13.523s][info ][gc,heap        ] GC(1306) PSYoungGen: 14905K->1363K(16896K)
[13.523s][info ][gc,heap        ] GC(1306) ParOldGen: 26433K->26457K(38400K)
[13.523s][info ][gc,metaspace   ] GC(1306) Metaspace: 15861K->15861K(1064960K)
[13.523s][info ][gc             ] GC(1306) Pause Young (Allocation Failure) 40M->27M(54M) 0.563ms
[13.523s][info ][gc,cpu         ] GC(1306) User=0.00s Sys=0.00s Real=0.00s
[13.524s][info ][gc,start       ] GC(1307) Pause Young (Allocation Failure)
[13.525s][debug][gc,phases      ] GC(1307) Scavenge 1.052ms
[13.525s][debug][gc,phases      ] GC(1307) Reference Processing 0.020ms
[13.525s][debug][gc,phases      ] GC(1307) Weak Processing 0.014ms
[13.525s][debug][gc,phases      ] GC(1307) Scrub String Table 0.074ms
[13.525s][debug][gc,age         ] GC(1307) Desired survivor size 3670016 bytes, new threshold 1 (max threshold 15)
[13.525s][info ][gc,heap        ] GC(1307) PSYoungGen: 14536K->1754K(17920K)
[13.525s][info ][gc,heap        ] GC(1307) ParOldGen: 26457K->26465K(38400K)
[13.525s][info ][gc,metaspace   ] GC(1307) Metaspace: 15861K->15861K(1064960K)
[13.525s][info ][gc             ] GC(1307) Pause Young (Allocation Failure) 40M->27M(55M) 1.352ms
[13.525s][info ][gc,cpu         ] GC(1307) User=0.01s Sys=0.00s Real=0.00s
[13.527s][info ][gc,start       ] GC(1308) Pause Young (Allocation Failure)
[13.527s][debug][gc,phases      ] GC(1308) Scavenge 0.315ms
[13.527s][debug][gc,phases      ] GC(1308) Reference Processing 0.023ms
[13.527s][debug][gc,phases      ] GC(1308) Weak Processing 0.010ms
[13.527s][debug][gc,phases      ] GC(1308) Scrub String Table 0.068ms
[13.527s][debug][gc,age         ] GC(1308) Desired survivor size 3670016 bytes, new threshold 1 (max threshold 15)
[13.527s][info ][gc,heap        ] GC(1308) PSYoungGen: 16043K->1754K(17920K)
[13.527s][info ][gc,heap        ] GC(1308) ParOldGen: 26465K->26887K(38400K)
[13.527s][info ][gc,metaspace   ] GC(1308) Metaspace: 15861K->15861K(1064960K)
[13.527s][info ][gc             ] GC(1308) Pause Young (Allocation Failure) 41M->27M(55M) 0.617ms
[13.527s][info ][gc,cpu         ] GC(1308) User=0.00s Sys=0.00s Real=0.00s
[13.528s][info ][gc,start       ] GC(1309) Pause Young (Allocation Failure)
[13.529s][debug][gc,phases      ] GC(1309) Scavenge 0.924ms
[13.529s][debug][gc,phases      ] GC(1309) Reference Processing 0.018ms
[13.529s][debug][gc,phases      ] GC(1309) Weak Processing 0.010ms
[13.529s][debug][gc,phases      ] GC(1309) Scrub String Table 0.068ms
[13.529s][debug][gc,age         ] GC(1309) Desired survivor size 3670016 bytes, new threshold 1 (max threshold 15)
[13.529s][info ][gc,heap        ] GC(1309) PSYoungGen: 15741K->2535K(17920K)
[13.529s][info ][gc,heap        ] GC(1309) ParOldGen: 26887K->27302K(38400K)
[13.529s][info ][gc,metaspace   ] GC(1309) Metaspace: 15861K->15861K(1064960K)
[13.530s][info ][gc             ] GC(1309) Pause Young (Allocation Failure) 41M->29M(55M) 1.208ms
[13.530s][info ][gc,cpu         ] GC(1309) User=0.01s Sys=0.00s Real=0.00s
[13.531s][info ][gc,start       ] GC(1310) Pause Young (Allocation Failure)
[13.532s][debug][gc,phases      ] GC(1310) Scavenge 1.446ms
[13.532s][debug][gc,phases      ] GC(1310) Reference Processing 0.041ms
[13.532s][debug][gc,phases      ] GC(1310) Weak Processing 0.012ms
[13.532s][debug][gc,phases      ] GC(1310) Scrub String Table 0.075ms
[13.532s][debug][gc,age         ] GC(1310) Desired survivor size 3670016 bytes, new threshold 1 (max threshold 15)
[13.532s][info ][gc,heap        ] GC(1310) PSYoungGen: 16511K->2862K(17920K)
[13.532s][info ][gc,heap        ] GC(1310) ParOldGen: 27302K->27310K(38400K)
[13.532s][info ][gc,metaspace   ] GC(1310) Metaspace: 15861K->15861K(1064960K)
[13.532s][info ][gc             ] GC(1310) Pause Young (Allocation Failure) 42M->29M(55M) 1.837ms
[13.532s][info ][gc,cpu         ] GC(1310) User=0.01s Sys=0.00s Real=0.00s
[13.534s][info ][gc,start       ] GC(1311) Pause Young (Allocation Failure)
[13.534s][debug][gc,phases      ] GC(1311) Scavenge 0.358ms
[13.534s][debug][gc,phases      ] GC(1311) Reference Processing 0.020ms
[13.534s][debug][gc,phases      ] GC(1311) Weak Processing 0.010ms
[13.534s][debug][gc,phases      ] GC(1311) Scrub String Table 0.068ms
[13.534s][debug][gc,age         ] GC(1311) Desired survivor size 3670016 bytes, new threshold 1 (max threshold 15)
[13.534s][info ][gc,heap        ] GC(1311) PSYoungGen: 17198K->2177K(17920K)
[13.534s][info ][gc,heap        ] GC(1311) ParOldGen: 27310K->27318K(38400K)
[13.534s][info ][gc,metaspace   ] GC(1311) Metaspace: 15861K->15861K(1064960K)
[13.534s][info ][gc             ] GC(1311) Pause Young (Allocation Failure) 43M->28M(55M) 0.644ms
[13.534s][info ][gc,cpu         ] GC(1311) User=0.01s Sys=0.00s Real=0.00s
[13.535s][info ][gc,start       ] GC(1312) Pause Young (Allocation Failure)
[13.537s][debug][gc,phases      ] GC(1312) Scavenge 1.452ms
[13.537s][debug][gc,phases      ] GC(1312) Reference Processing 0.027ms
[13.537s][debug][gc,phases      ] GC(1312) Weak Processing 0.018ms
[13.537s][debug][gc,phases      ] GC(1312) Scrub String Table 0.113ms
[13.537s][debug][gc,age         ] GC(1312) Desired survivor size 3670016 bytes, new threshold 1 (max threshold 15)
[13.537s][info ][gc,heap        ] GC(1312) PSYoungGen: 16140K->2177K(17920K)
[13.537s][info ][gc,heap        ] GC(1312) ParOldGen: 27318K->27326K(38400K)
[13.537s][info ][gc,metaspace   ] GC(1312) Metaspace: 15861K->15861K(1064960K)
[13.537s][info ][gc             ] GC(1312) Pause Young (Allocation Failure) 42M->28M(55M) 1.894ms
[13.537s][info ][gc,cpu         ] GC(1312) User=0.01s Sys=0.00s Real=0.01s
[13.538s][info ][gc,start       ] GC(1313) Pause Young (Allocation Failure)
[13.539s][debug][gc,phases      ] GC(1313) Scavenge 0.810ms
[13.539s][debug][gc,phases      ] GC(1313) Reference Processing 0.019ms
[13.539s][debug][gc,phases      ] GC(1313) Weak Processing 0.010ms
[13.539s][debug][gc,phases      ] GC(1313) Scrub String Table 0.068ms
[13.539s][debug][gc,age         ] GC(1313) Desired survivor size 4194304 bytes, new threshold 1 (max threshold 15)
[13.539s][info ][gc,heap        ] GC(1313) PSYoungGen: 16136K->3381K(16896K)
[13.539s][info ][gc,heap        ] GC(1313) ParOldGen: 27326K->27334K(38400K)
[13.539s][info ][gc,metaspace   ] GC(1313) Metaspace: 15861K->15861K(1064960K)
[13.540s][info ][gc             ] GC(1313) Pause Young (Allocation Failure) 42M->29M(54M) 1.078ms
[13.540s][info ][gc,cpu         ] GC(1313) User=0.00s Sys=0.00s Real=0.00s
[13.541s][info ][gc,start       ] GC(1314) Pause Young (Allocation Failure)
[13.541s][debug][gc,phases      ] GC(1314) Scavenge 0.349ms
[13.541s][debug][gc,phases      ] GC(1314) Reference Processing 0.022ms
[13.541s][debug][gc,phases      ] GC(1314) Weak Processing 0.013ms
[13.541s][debug][gc,phases      ] GC(1314) Scrub String Table 0.084ms
[13.541s][debug][gc,age         ] GC(1314) Desired survivor size 3670016 bytes, new threshold 1 (max threshold 15)
[13.541s][info ][gc,heap        ] GC(1314) PSYoungGen: 16537K->2145K(17408K)
[13.541s][info ][gc,heap        ] GC(1314) ParOldGen: 27334K->27334K(38400K)
[13.541s][info ][gc,metaspace   ] GC(1314) Metaspace: 15861K->15861K(1064960K)
[13.541s][info ][gc             ] GC(1314) Pause Young (Allocation Failure) 42M->28M(54M) 0.767ms
[13.541s][info ][gc,cpu         ] GC(1314) User=0.00s Sys=0.00s Real=0.00s
[13.542s][info ][gc,start       ] GC(1315) Pause Young (Allocation Failure)
[13.543s][debug][gc,phases      ] GC(1315) Scavenge 0.770ms
[13.543s][debug][gc,phases      ] GC(1315) Reference Processing 0.020ms
[13.543s][debug][gc,phases      ] GC(1315) Weak Processing 0.012ms
[13.544s][debug][gc,phases      ] GC(1315) Scrub String Table 0.069ms
[13.544s][debug][gc,age         ] GC(1315) Desired survivor size 4194304 bytes, new threshold 1 (max threshold 15)
[13.544s][info ][gc,heap        ] GC(1315) PSYoungGen: 15270K->1037K(16896K)
[13.544s][info ][gc,heap        ] GC(1315) ParOldGen: 27334K->27358K(38400K)
[13.544s][info ][gc,metaspace   ] GC(1315) Metaspace: 15861K->15861K(1064960K)
[13.544s][info ][gc             ] GC(1315) Pause Young (Allocation Failure) 41M->27M(54M) 1.139ms
[13.544s][info ][gc,cpu         ] GC(1315) User=0.01s Sys=0.00s Real=0.00s
[13.545s][info ][gc,start       ] GC(1316) Pause Young (Allocation Failure)
[13.546s][debug][gc,phases      ] GC(1316) Scavenge 1.149ms
[13.546s][debug][gc,phases      ] GC(1316) Reference Processing 0.020ms
[13.546s][debug][gc,phases      ] GC(1316) Weak Processing 0.011ms
[13.546s][debug][gc,phases      ] GC(1316) Scrub String Table 0.069ms
[13.546s][debug][gc,age         ] GC(1316) Desired survivor size 4194304 bytes, new threshold 1 (max threshold 15)
[13.546s][info ][gc,heap        ] GC(1316) PSYoungGen: 14201K->3317K(17408K)
[13.546s][info ][gc,heap        ] GC(1316) ParOldGen: 27358K->27358K(38400K)
[13.546s][info ][gc,metaspace   ] GC(1316) Metaspace: 15861K->15861K(1064960K)
[13.546s][info ][gc             ] GC(1316) Pause Young (Allocation Failure) 40M->29M(54M) 1.465ms
[13.546s][info ][gc,cpu         ] GC(1316) User=0.01s Sys=0.00s Real=0.00s
[13.547s][info ][gc,start       ] GC(1317) Pause Young (Allocation Failure)
[13.549s][debug][gc,phases      ] GC(1317) Scavenge 1.174ms
[13.549s][debug][gc,phases      ] GC(1317) Reference Processing 0.057ms
[13.549s][debug][gc,phases      ] GC(1317) Weak Processing 0.011ms
[13.549s][debug][gc,phases      ] GC(1317) Scrub String Table 0.069ms
[13.549s][debug][gc,age         ] GC(1317) Desired survivor size 4194304 bytes, new threshold 1 (max threshold 15)
[13.549s][info ][gc,heap        ] GC(1317) PSYoungGen: 16477K->2958K(17408K)
[13.549s][info ][gc,heap        ] GC(1317) ParOldGen: 27358K->27358K(38400K)
[13.549s][info ][gc,metaspace   ] GC(1317) Metaspace: 15861K->15861K(1064960K)
[13.549s][info ][gc             ] GC(1317) Pause Young (Allocation Failure) 42M->29M(54M) 1.561ms
[13.549s][info ][gc,cpu         ] GC(1317) User=0.00s Sys=0.00s Real=0.00s
[13.550s][info ][gc,start       ] GC(1318) Pause Young (Allocation Failure)
[13.550s][debug][gc,phases      ] GC(1318) Scavenge 0.350ms
[13.550s][debug][gc,phases      ] GC(1318) Reference Processing 0.018ms
[13.550s][debug][gc,phases      ] GC(1318) Weak Processing 0.010ms
[13.550s][debug][gc,phases      ] GC(1318) Scrub String Table 0.068ms
[13.550s][debug][gc,age         ] GC(1318) Desired survivor size 4194304 bytes, new threshold 1 (max threshold 15)
[13.550s][info ][gc,heap        ] GC(1318) PSYoungGen: 16116K->2599K(17408K)
[13.550s][info ][gc,heap        ] GC(1318) ParOldGen: 27358K->27366K(38400K)
[13.550s][info ][gc,metaspace   ] GC(1318) Metaspace: 15861K->15861K(1064960K)
[13.550s][info ][gc             ] GC(1318) Pause Young (Allocation Failure) 42M->29M(54M) 0.626ms
[13.550s][info ][gc,cpu         ] GC(1318) User=0.00s Sys=0.00s Real=0.00s
[13.552s][info ][gc,start       ] GC(1319) Pause Young (Allocation Failure)
[13.553s][debug][gc,phases      ] GC(1319) Scavenge 1.478ms
[13.553s][debug][gc,phases      ] GC(1319) Reference Processing 0.021ms
[13.553s][debug][gc,phases      ] GC(1319) Weak Processing 0.011ms
[13.553s][debug][gc,phases      ] GC(1319) Scrub String Table 0.069ms
[13.553s][debug][gc,age         ] GC(1319) Desired survivor size 4194304 bytes, new threshold 1 (max threshold 15)
[13.553s][info ][gc,heap        ] GC(1319) PSYoungGen: 15755K->1331K(17408K)
[13.553s][info ][gc,heap        ] GC(1319) ParOldGen: 27366K->27366K(38400K)
[13.553s][info ][gc,metaspace   ] GC(1319) Metaspace: 15861K->15861K(1064960K)
[13.553s][info ][gc             ] GC(1319) Pause Young (Allocation Failure) 42M->28M(54M) 1.809ms
[13.554s][info ][gc,cpu         ] GC(1319) User=0.00s Sys=0.00s Real=0.00s
[13.554s][info ][gc,start       ] GC(1320) Pause Young (Allocation Failure)
[13.555s][debug][gc,phases      ] GC(1320) Scavenge 0.329ms
[13.555s][debug][gc,phases      ] GC(1320) Reference Processing 0.020ms
[13.555s][debug][gc,phases      ] GC(1320) Weak Processing 0.010ms
[13.555s][debug][gc,phases      ] GC(1320) Scrub String Table 0.068ms
[13.555s][debug][gc,age         ] GC(1320) Desired survivor size 4194304 bytes, new threshold 1 (max threshold 15)
[13.555s][info ][gc,heap        ] GC(1320) PSYoungGen: 14486K->2599K(17408K)
[13.555s][info ][gc,heap        ] GC(1320) ParOldGen: 27366K->27382K(38400K)
[13.555s][info ][gc,metaspace   ] GC(1320) Metaspace: 15861K->15861K(1064960K)
[13.555s][info ][gc             ] GC(1320) Pause Young (Allocation Failure) 40M->29M(54M) 0.610ms
[13.555s][info ][gc,cpu         ] GC(1320) User=0.00s Sys=0.00s Real=0.00s
[13.556s][info ][gc,start       ] GC(1321) Pause Young (Allocation Failure)
[13.557s][debug][gc,phases      ] GC(1321) Scavenge 0.360ms
[13.557s][debug][gc,phases      ] GC(1321) Reference Processing 0.021ms
[13.557s][debug][gc,phases      ] GC(1321) Weak Processing 0.011ms
[13.557s][debug][gc,phases      ] GC(1321) Scrub String Table 0.069ms
[13.557s][debug][gc,age         ] GC(1321) Desired survivor size 4194304 bytes, new threshold 1 (max threshold 15)
[13.557s][info ][gc,heap        ] GC(1321) PSYoungGen: 15753K->2990K(17408K)
[13.557s][info ][gc,heap        ] GC(1321) ParOldGen: 27382K->27382K(38400K)
[13.557s][info ][gc,metaspace   ] GC(1321) Metaspace: 15861K->15861K(1064960K)
[13.557s][info ][gc             ] GC(1321) Pause Young (Allocation Failure) 42M->29M(54M) 0.642ms
[13.557s][info ][gc,cpu         ] GC(1321) User=0.00s Sys=0.00s Real=0.01s
[13.558s][info ][gc,start       ] GC(1322) Pause Young (Allocation Failure)
[13.559s][debug][gc,phases      ] GC(1322) Scavenge 1.302ms
[13.560s][debug][gc,phases      ] GC(1322) Reference Processing 0.022ms
[13.560s][debug][gc,phases      ] GC(1322) Weak Processing 0.010ms
[13.560s][debug][gc,phases      ] GC(1322) Scrub String Table 0.082ms
[13.560s][debug][gc,age         ] GC(1322) Desired survivor size 4718592 bytes, new threshold 1 (max threshold 15)
[13.560s][info ][gc,heap        ] GC(1322) PSYoungGen: 16143K->3739K(17408K)
[13.560s][info ][gc,heap        ] GC(1322) ParOldGen: 27382K->27390K(38400K)
[13.560s][info ][gc,metaspace   ] GC(1322) Metaspace: 15861K->15861K(1064960K)
[13.560s][info ][gc             ] GC(1322) Pause Young (Allocation Failure) 42M->30M(54M) 1.645ms
[13.560s][info ][gc,cpu         ] GC(1322) User=0.01s Sys=0.00s Real=0.00s
[13.561s][info ][gc,start       ] GC(1323) Pause Young (Allocation Failure)
[13.562s][debug][gc,phases      ] GC(1323) Scavenge 0.462ms
[13.562s][debug][gc,phases      ] GC(1323) Reference Processing 0.020ms
[13.562s][debug][gc,phases      ] GC(1323) Weak Processing 0.011ms
[13.562s][debug][gc,phases      ] GC(1323) Scrub String Table 0.068ms
[13.562s][debug][gc,age         ] GC(1323) Desired survivor size 4718592 bytes, new threshold 1 (max threshold 15)
[13.562s][info ][gc,heap        ] GC(1323) PSYoungGen: 16859K->2990K(16384K)
[13.562s][info ][gc,heap        ] GC(1323) ParOldGen: 27390K->27805K(38400K)
[13.562s][info ][gc,metaspace   ] GC(1323) Metaspace: 15861K->15861K(1064960K)
[13.562s][info ][gc             ] GC(1323) Pause Young (Allocation Failure) 43M->30M(53M) 0.767ms
[13.562s][info ][gc,cpu         ] GC(1323) User=0.00s Sys=0.00s Real=0.00s
[13.563s][info ][gc,start       ] GC(1324) Pause Young (Allocation Failure)
[13.563s][debug][gc,phases      ] GC(1324) Scavenge 0.444ms
[13.563s][debug][gc,phases      ] GC(1324) Reference Processing 0.020ms
[13.563s][debug][gc,phases      ] GC(1324) Weak Processing 0.010ms
[13.563s][debug][gc,phases      ] GC(1324) Scrub String Table 0.068ms
[13.563s][debug][gc,age         ] GC(1324) Desired survivor size 4718592 bytes, new threshold 1 (max threshold 15)
[13.564s][info ][gc,heap        ] GC(1324) PSYoungGen: 14962K->2567K(16896K)
[13.564s][info ][gc,heap        ] GC(1324) ParOldGen: 27805K->27805K(38400K)
[13.564s][info ][gc,metaspace   ] GC(1324) Metaspace: 15861K->15861K(1064960K)
[13.564s][info ][gc             ] GC(1324) Pause Young (Allocation Failure) 41M->29M(54M) 0.728ms
[13.564s][info ][gc,cpu         ] GC(1324) User=0.00s Sys=0.00s Real=0.00s
[13.565s][info ][gc,start       ] GC(1325) Pause Young (Allocation Failure)
[13.566s][debug][gc,phases      ] GC(1325) Scavenge 1.373ms
[13.566s][debug][gc,phases      ] GC(1325) Reference Processing 0.020ms
[13.566s][debug][gc,phases      ] GC(1325) Weak Processing 0.011ms
[13.566s][debug][gc,phases      ] GC(1325) Scrub String Table 0.068ms
[13.566s][debug][gc,age         ] GC(1325) Desired survivor size 4718592 bytes, new threshold 1 (max threshold 15)
[13.566s][info ][gc,heap        ] GC(1325) PSYoungGen: 14535K->3349K(16896K)
[13.566s][info ][gc,heap        ] GC(1325) ParOldGen: 27805K->27813K(38400K)
[13.566s][info ][gc,metaspace   ] GC(1325) Metaspace: 15861K->15861K(1064960K)
[13.566s][info ][gc             ] GC(1325) Pause Young (Allocation Failure) 41M->30M(54M) 1.678ms
[13.566s][info ][gc,cpu         ] GC(1325) User=0.01s Sys=0.00s Real=0.00s
[13.567s][info ][gc,start       ] GC(1326) Pause Young (Allocation Failure)
[13.569s][debug][gc,phases      ] GC(1326) Scavenge 1.245ms
[13.569s][debug][gc,phases      ] GC(1326) Reference Processing 0.022ms
[13.569s][debug][gc,phases      ] GC(1326) Weak Processing 0.012ms
[13.569s][debug][gc,phases      ] GC(1326) Scrub String Table 0.074ms
[13.569s][debug][gc,age         ] GC(1326) Desired survivor size 4718592 bytes, new threshold 1 (max threshold 15)
[13.569s][info ][gc,heap        ] GC(1326) PSYoungGen: 15314K->2177K(16896K)
[13.569s][info ][gc,heap        ] GC(1326) ParOldGen: 27813K->27813K(38400K)
[13.569s][info ][gc,metaspace   ] GC(1326) Metaspace: 15861K->15861K(1064960K)
[13.569s][info ][gc             ] GC(1326) Pause Young (Allocation Failure) 42M->29M(54M) 1.572ms
[13.569s][info ][gc,cpu         ] GC(1326) User=0.01s Sys=0.00s Real=0.00s
[13.570s][info ][gc,start       ] GC(1327) Pause Young (Allocation Failure)
[13.570s][debug][gc,phases      ] GC(1327) Scavenge 0.454ms
[13.570s][debug][gc,phases      ] GC(1327) Reference Processing 0.034ms
[13.570s][debug][gc,phases      ] GC(1327) Weak Processing 0.011ms
[13.571s][debug][gc,phases      ] GC(1327) Scrub String Table 0.070ms
[13.571s][debug][gc,age         ] GC(1327) Desired survivor size 4718592 bytes, new threshold 1 (max threshold 15)
[13.571s][info ][gc,heap        ] GC(1327) PSYoungGen: 14140K->2990K(16896K)
[13.571s][info ][gc,heap        ] GC(1327) ParOldGen: 27813K->27813K(38400K)
[13.571s][info ][gc,metaspace   ] GC(1327) Metaspace: 15861K->15861K(1064960K)
[13.571s][info ][gc             ] GC(1327) Pause Young (Allocation Failure) 40M->30M(54M) 0.775ms
[13.571s][info ][gc,cpu         ] GC(1327) User=0.01s Sys=0.00s Real=0.00s
[13.572s][info ][gc,start       ] GC(1328) Pause Young (Allocation Failure)
[13.572s][debug][gc,phases      ] GC(1328) Scavenge 0.366ms
[13.572s][debug][gc,phases      ] GC(1328) Reference Processing 0.024ms
[13.572s][debug][gc,phases      ] GC(1328) Weak Processing 0.026ms
[13.572s][debug][gc,phases      ] GC(1328) Scrub String Table 0.078ms
[13.572s][debug][gc,age         ] GC(1328) Desired survivor size 4718592 bytes, new threshold 1 (max threshold 15)
[13.572s][info ][gc,heap        ] GC(1328) PSYoungGen: 14952K->1786K(16896K)
[13.572s][info ][gc,heap        ] GC(1328) ParOldGen: 27813K->27813K(38400K)
[13.572s][info ][gc,metaspace   ] GC(1328) Metaspace: 15861K->15861K(1064960K)
[13.572s][info ][gc             ] GC(1328) Pause Young (Allocation Failure) 41M->28M(54M) 0.704ms
[13.572s][info ][gc,cpu         ] GC(1328) User=0.00s Sys=0.00s Real=0.00s
[13.573s][info ][gc,start       ] GC(1329) Pause Young (Allocation Failure)
[13.574s][debug][gc,phases      ] GC(1329) Scavenge 0.448ms
[13.574s][debug][gc,phases      ] GC(1329) Reference Processing 0.020ms
[13.574s][debug][gc,phases      ] GC(1329) Weak Processing 0.010ms
[13.574s][debug][gc,phases      ] GC(1329) Scrub String Table 0.068ms
[13.574s][debug][gc,age         ] GC(1329) Desired survivor size 4718592 bytes, new threshold 1 (max threshold 15)
[13.574s][info ][gc,heap        ] GC(1329) PSYoungGen: 13720K->2145K(16896K)
[13.574s][info ][gc,heap        ] GC(1329) ParOldGen: 27813K->27829K(38400K)
[13.574s][info ][gc,metaspace   ] GC(1329) Metaspace: 15861K->15861K(1064960K)
[13.574s][info ][gc             ] GC(1329) Pause Young (Allocation Failure) 40M->29M(54M) 0.733ms
[13.574s][info ][gc,cpu         ] GC(1329) User=0.00s Sys=0.00s Real=0.00s
[13.575s][info ][gc,start       ] GC(1330) Pause Young (Allocation Failure)
[13.577s][debug][gc,phases      ] GC(1330) Scavenge 1.310ms
[13.577s][debug][gc,phases      ] GC(1330) Reference Processing 0.025ms
[13.577s][debug][gc,phases      ] GC(1330) Weak Processing 0.012ms
[13.577s][debug][gc,phases      ] GC(1330) Scrub String Table 0.098ms
[13.577s][debug][gc,age         ] GC(1330) Desired survivor size 4718592 bytes, new threshold 1 (max threshold 15)
[13.577s][info ][gc,heap        ] GC(1330) PSYoungGen: 14116K->2926K(16896K)
[13.577s][info ][gc,heap        ] GC(1330) ParOldGen: 27829K->27845K(38400K)
[13.577s][info ][gc,metaspace   ] GC(1330) Metaspace: 15861K->15861K(1064960K)
[13.577s][info ][gc             ] GC(1330) Pause Young (Allocation Failure) 40M->30M(54M) 1.704ms
[13.577s][info ][gc,cpu         ] GC(1330) User=0.00s Sys=0.00s Real=0.01s
[13.578s][info ][gc,start       ] GC(1331) Pause Young (Allocation Failure)
[13.578s][debug][gc,phases      ] GC(1331) Scavenge 0.304ms
[13.578s][debug][gc,phases      ] GC(1331) Reference Processing 0.022ms
[13.579s][debug][gc,phases      ] GC(1331) Weak Processing 0.014ms
[13.579s][debug][gc,phases      ] GC(1331) Scrub String Table 0.080ms
[13.579s][debug][gc,age         ] GC(1331) Desired survivor size 4194304 bytes, new threshold 1 (max threshold 15)
[13.579s][info ][gc,heap        ] GC(1331) PSYoungGen: 14893K->2209K(15872K)
[13.579s][info ][gc,heap        ] GC(1331) ParOldGen: 27845K->27853K(38400K)
[13.579s][info ][gc,metaspace   ] GC(1331) Metaspace: 15861K->15861K(1064960K)
[13.579s][info ][gc             ] GC(1331) Pause Young (Allocation Failure) 41M->29M(53M) 0.762ms
[13.579s][info ][gc,cpu         ] GC(1331) User=0.00s Sys=0.00s Real=0.00s
[13.580s][info ][gc,start       ] GC(1332) Pause Young (Allocation Failure)
[13.580s][debug][gc,phases      ] GC(1332) Scavenge 0.492ms
[13.580s][debug][gc,phases      ] GC(1332) Reference Processing 0.021ms
[13.580s][debug][gc,phases      ] GC(1332) Weak Processing 0.010ms
[13.580s][debug][gc,phases      ] GC(1332) Scrub String Table 0.068ms
[13.581s][debug][gc,age         ] GC(1332) Desired survivor size 4718592 bytes, new threshold 1 (max threshold 15)
[13.581s][info ][gc,heap        ] GC(1332) PSYoungGen: 14174K->3381K(16384K)
[13.581s][info ][gc,heap        ] GC(1332) ParOldGen: 27853K->27861K(38400K)
[13.581s][info ][gc,metaspace   ] GC(1332) Metaspace: 15861K->15861K(1064960K)
[13.581s][info ][gc             ] GC(1332) Pause Young (Allocation Failure) 41M->30M(53M) 0.800ms
[13.581s][info ][gc,cpu         ] GC(1332) User=0.00s Sys=0.01s Real=0.00s
[13.582s][info ][gc,start       ] GC(1333) Pause Young (Allocation Failure)
[13.583s][debug][gc,phases      ] GC(1333) Scavenge 1.016ms
[13.583s][debug][gc,phases      ] GC(1333) Reference Processing 0.022ms
[13.583s][debug][gc,phases      ] GC(1333) Weak Processing 0.012ms
[13.583s][debug][gc,phases      ] GC(1333) Scrub String Table 0.069ms
[13.583s][debug][gc,age         ] GC(1333) Desired survivor size 4718592 bytes, new threshold 1 (max threshold 15)
[13.583s][info ][gc,heap        ] GC(1333) PSYoungGen: 15344K->2113K(16896K)
[13.583s][info ][gc,heap        ] GC(1333) ParOldGen: 27861K->27861K(38400K)
[13.583s][info ][gc,metaspace   ] GC(1333) Metaspace: 15861K->15861K(1064960K)
[13.583s][info ][gc             ] GC(1333) Pause Young (Allocation Failure) 42M->29M(54M) 1.319ms
[13.583s][info ][gc,cpu         ] GC(1333) User=0.00s Sys=0.00s Real=0.00s
[13.584s][info ][gc,start       ] GC(1334) Pause Young (Allocation Failure)
[13.585s][debug][gc,phases      ] GC(1334) Scavenge 1.307ms
[13.585s][debug][gc,phases      ] GC(1334) Reference Processing 0.019ms
[13.585s][debug][gc,phases      ] GC(1334) Weak Processing 0.011ms
[13.585s][debug][gc,phases      ] GC(1334) Scrub String Table 0.070ms
[13.586s][debug][gc,age         ] GC(1334) Desired survivor size 4718592 bytes, new threshold 1 (max threshold 15)
[13.586s][info ][gc,heap        ] GC(1334) PSYoungGen: 14075K->3349K(16896K)
[13.586s][info ][gc,heap        ] GC(1334) ParOldGen: 27861K->27861K(38400K)
[13.586s][info ][gc,metaspace   ] GC(1334) Metaspace: 15861K->15861K(1064960K)
[13.586s][info ][gc             ] GC(1334) Pause Young (Allocation Failure) 40M->30M(54M) 1.695ms
[13.586s][info ][gc,cpu         ] GC(1334) User=0.00s Sys=0.00s Real=0.00s
[13.587s][info ][gc,start       ] GC(1335) Pause Young (Allocation Failure)
[13.587s][debug][gc,phases      ] GC(1335) Scavenge 0.483ms
[13.587s][debug][gc,phases      ] GC(1335) Reference Processing 0.021ms
[13.587s][debug][gc,phases      ] GC(1335) Weak Processing 0.010ms
[13.587s][debug][gc,phases      ] GC(1335) Scrub String Table 0.069ms
[13.587s][debug][gc,age         ] GC(1335) Desired survivor size 4718592 bytes, new threshold 1 (max threshold 15)
[13.587s][info ][gc,heap        ] GC(1335) PSYoungGen: 15278K->2567K(16896K)
[13.588s][info ][gc,heap        ] GC(1335) ParOldGen: 27861K->28267K(38400K)
[13.588s][info ][gc,metaspace   ] GC(1335) Metaspace: 15861K->15861K(1064960K)
[13.588s][info ][gc             ] GC(1335) Pause Young (Allocation Failure) 42M->30M(54M) 0.772ms
[13.588s][info ][gc,cpu         ] GC(1335) User=0.00s Sys=0.00s Real=0.00s
[13.589s][info ][gc,start       ] GC(1336) Pause Young (Allocation Failure)
[13.590s][debug][gc,phases      ] GC(1336) Scavenge 1.227ms
[13.590s][debug][gc,phases      ] GC(1336) Reference Processing 0.021ms
[13.590s][debug][gc,phases      ] GC(1336) Weak Processing 0.011ms
[13.590s][debug][gc,phases      ] GC(1336) Scrub String Table 0.069ms
[13.590s][debug][gc,age         ] GC(1336) Desired survivor size 4718592 bytes, new threshold 1 (max threshold 15)
[13.590s][info ][gc,heap        ] GC(1336) PSYoungGen: 14540K->1299K(16896K)
[13.590s][info ][gc,heap        ] GC(1336) ParOldGen: 28267K->28267K(38400K)
[13.590s][info ][gc,metaspace   ] GC(1336) Metaspace: 15861K->15861K(1064960K)
[13.590s][info ][gc             ] GC(1336) Pause Young (Allocation Failure) 41M->28M(54M) 1.554ms
[13.590s][info ][gc,cpu         ] GC(1336) User=0.00s Sys=0.00s Real=0.00s
[13.591s][info ][gc,start       ] GC(1337) Pause Young (Allocation Failure)
[13.593s][debug][gc,phases      ] GC(1337) Scavenge 1.282ms
[13.593s][debug][gc,phases      ] GC(1337) Reference Processing 0.020ms
[13.593s][debug][gc,phases      ] GC(1337) Weak Processing 0.011ms
[13.593s][debug][gc,phases      ] GC(1337) Scrub String Table 0.069ms
[13.593s][debug][gc,age         ] GC(1337) Desired survivor size 4718592 bytes, new threshold 1 (max threshold 15)
[13.593s][info ][gc,heap        ] GC(1337) PSYoungGen: 13268K->3349K(16896K)
[13.593s][info ][gc,heap        ] GC(1337) ParOldGen: 28267K->28299K(38400K)
[13.593s][info ][gc,metaspace   ] GC(1337) Metaspace: 15861K->15861K(1064960K)
[13.593s][info ][gc             ] GC(1337) Pause Young (Allocation Failure) 40M->30M(54M) 1.588ms
[13.593s][info ][gc,cpu         ] GC(1337) User=0.00s Sys=0.00s Real=0.00s
[13.594s][info ][gc,start       ] GC(1338) Pause Young (Allocation Failure)
[13.594s][debug][gc,phases      ] GC(1338) Scavenge 0.381ms
[13.594s][debug][gc,phases      ] GC(1338) Reference Processing 0.020ms
[13.594s][debug][gc,phases      ] GC(1338) Weak Processing 0.010ms
[13.595s][debug][gc,phases      ] GC(1338) Scrub String Table 0.069ms
[13.595s][debug][gc,age         ] GC(1338) Desired survivor size 4718592 bytes, new threshold 1 (max threshold 15)
[13.595s][info ][gc,heap        ] GC(1338) PSYoungGen: 15314K->2599K(16896K)
[13.595s][info ][gc,heap        ] GC(1338) ParOldGen: 28299K->28299K(38400K)
[13.595s][info ][gc,metaspace   ] GC(1338) Metaspace: 15861K->15861K(1064960K)
[13.595s][info ][gc             ] GC(1338) Pause Young (Allocation Failure) 42M->30M(54M) 0.683ms
[13.595s][info ][gc,cpu         ] GC(1338) User=0.00s Sys=0.00s Real=0.00s
[13.596s][info ][gc,start       ] GC(1339) Pause Young (Allocation Failure)
[13.596s][debug][gc,phases      ] GC(1339) Scavenge 0.451ms
[13.596s][debug][gc,phases      ] GC(1339) Reference Processing 0.020ms
[13.596s][debug][gc,phases      ] GC(1339) Weak Processing 0.010ms
[13.596s][debug][gc,phases      ] GC(1339) Scrub String Table 0.068ms
[13.596s][debug][gc,age         ] GC(1339) Desired survivor size 4718592 bytes, new threshold 1 (max threshold 15)
[13.596s][info ][gc,heap        ] GC(1339) PSYoungGen: 14563K->3381K(16896K)
[13.596s][info ][gc,heap        ] GC(1339) ParOldGen: 28299K->28307K(38400K)
[13.596s][info ][gc,metaspace   ] GC(1339) Metaspace: 15861K->15861K(1064960K)
[13.596s][info ][gc             ] GC(1339) Pause Young (Allocation Failure) 41M->30M(54M) 0.732ms
[13.596s][info ][gc,cpu         ] GC(1339) User=0.00s Sys=0.00s Real=0.01s
[13.597s][info ][gc,start       ] GC(1340) Pause Young (Allocation Failure)
[13.599s][debug][gc,phases      ] GC(1340) Scavenge 1.183ms
[13.599s][debug][gc,phases      ] GC(1340) Reference Processing 0.022ms
[13.599s][debug][gc,phases      ] GC(1340) Weak Processing 0.011ms
[13.599s][debug][gc,phases      ] GC(1340) Scrub String Table 0.068ms
[13.599s][debug][gc,age         ] GC(1340) Desired survivor size 4718592 bytes, new threshold 1 (max threshold 15)
[13.599s][info ][gc,heap        ] GC(1340) PSYoungGen: 15343K->1363K(16896K)
[13.599s][info ][gc,heap        ] GC(1340) ParOldGen: 28307K->28307K(38400K)
[13.599s][info ][gc,metaspace   ] GC(1340) Metaspace: 15861K->15861K(1064960K)
[13.599s][info ][gc             ] GC(1340) Pause Young (Allocation Failure) 42M->28M(54M) 1.498ms
[13.599s][info ][gc,cpu         ] GC(1340) User=0.00s Sys=0.00s Real=0.00s
[13.600s][info ][gc,start       ] GC(1341) Pause Young (Allocation Failure)
[13.601s][debug][gc,phases      ] GC(1341) Scavenge 1.182ms
[13.601s][debug][gc,phases      ] GC(1341) Reference Processing 0.070ms
[13.601s][debug][gc,phases      ] GC(1341) Weak Processing 0.017ms
[13.601s][debug][gc,phases      ] GC(1341) Scrub String Table 0.072ms
[13.601s][debug][gc,age         ] GC(1341) Desired survivor size 4718592 bytes, new threshold 1 (max threshold 15)
[13.601s][info ][gc,heap        ] GC(1341) PSYoungGen: 13300K->2177K(16896K)
[13.602s][info ][gc,heap        ] GC(1341) ParOldGen: 28307K->28323K(38400K)
[13.602s][info ][gc,metaspace   ] GC(1341) Metaspace: 15861K->15861K(1064960K)
[13.602s][info ][gc             ] GC(1341) Pause Young (Allocation Failure) 40M->29M(54M) 1.640ms
[13.602s][info ][gc,cpu         ] GC(1341) User=0.00s Sys=0.00s Real=0.00s
[13.603s][info ][gc,start       ] GC(1342) Pause Young (Allocation Failure)
[13.603s][debug][gc,phases      ] GC(1342) Scavenge 0.412ms
[13.603s][debug][gc,phases      ] GC(1342) Reference Processing 0.022ms
[13.603s][debug][gc,phases      ] GC(1342) Weak Processing 0.011ms
[13.603s][debug][gc,phases      ] GC(1342) Scrub String Table 0.069ms
[13.603s][debug][gc,age         ] GC(1342) Desired survivor size 4718592 bytes, new threshold 1 (max threshold 15)
[13.603s][info ][gc,heap        ] GC(1342) PSYoungGen: 14147K->2990K(16896K)
[13.603s][info ][gc,heap        ] GC(1342) ParOldGen: 28323K->28323K(38400K)
[13.603s][info ][gc,metaspace   ] GC(1342) Metaspace: 15861K->15861K(1064960K)
[13.603s][info ][gc             ] GC(1342) Pause Young (Allocation Failure) 41M->30M(54M) 0.712ms
[13.603s][info ][gc,cpu         ] GC(1342) User=0.00s Sys=0.00s Real=0.00s
[13.604s][info ][gc,start       ] GC(1343) Pause Young (Allocation Failure)
[13.605s][debug][gc,phases      ] GC(1343) Scavenge 0.477ms
[13.605s][debug][gc,phases      ] GC(1343) Reference Processing 0.019ms
[13.605s][debug][gc,phases      ] GC(1343) Weak Processing 0.010ms
[13.605s][debug][gc,phases      ] GC(1343) Scrub String Table 0.069ms
[13.605s][debug][gc,age         ] GC(1343) Desired survivor size 4718592 bytes, new threshold 1 (max threshold 15)
[13.605s][info ][gc,heap        ] GC(1343) PSYoungGen: 14957K->2177K(16896K)
[13.605s][info ][gc,heap        ] GC(1343) ParOldGen: 28323K->28331K(38400K)
[13.605s][info ][gc,metaspace   ] GC(1343) Metaspace: 15861K->15861K(1064960K)
[13.605s][info ][gc             ] GC(1343) Pause Young (Allocation Failure) 42M->29M(54M) 0.756ms
[13.605s][info ][gc,cpu         ] GC(1343) User=0.00s Sys=0.00s Real=0.00s
[13.606s][info ][gc,start       ] GC(1344) Pause Young (Allocation Failure)
[13.606s][debug][gc,phases      ] GC(1344) Scavenge 0.391ms
[13.606s][debug][gc,phases      ] GC(1344) Reference Processing 0.021ms
[13.607s][debug][gc,phases      ] GC(1344) Weak Processing 0.011ms
[13.607s][debug][gc,phases      ] GC(1344) Scrub String Table 0.070ms
[13.607s][debug][gc,age         ] GC(1344) Desired survivor size 4194304 bytes, new threshold 1 (max threshold 15)
[13.607s][info ][gc,heap        ] GC(1344) PSYoungGen: 14141K->2567K(15360K)
[13.607s][info ][gc,heap        ] GC(1344) ParOldGen: 28331K->28331K(38400K)
[13.607s][info ][gc,metaspace   ] GC(1344) Metaspace: 15861K->15861K(1064960K)
[13.607s][info ][gc             ] GC(1344) Pause Young (Allocation Failure) 41M->30M(52M) 0.717ms
[13.607s][info ][gc,cpu         ] GC(1344) User=0.01s Sys=0.00s Real=0.01s
[13.608s][info ][gc,start       ] GC(1345) Pause Young (Allocation Failure)
[13.609s][debug][gc,phases      ] GC(1345) Scavenge 1.246ms
[13.609s][debug][gc,phases      ] GC(1345) Reference Processing 0.019ms
[13.609s][debug][gc,phases      ] GC(1345) Weak Processing 0.012ms
[13.609s][debug][gc,phases      ] GC(1345) Scrub String Table 0.070ms
[13.609s][debug][gc,age         ] GC(1345) Desired survivor size 4194304 bytes, new threshold 1 (max threshold 15)
[13.609s][info ][gc,heap        ] GC(1345) PSYoungGen: 14500K->2926K(16384K)
[13.609s][info ][gc,heap        ] GC(1345) ParOldGen: 28331K->28355K(38400K)
[13.609s][info ][gc,metaspace   ] GC(1345) Metaspace: 15861K->15861K(1064960K)
[13.609s][info ][gc             ] GC(1345) Pause Young (Allocation Failure) 41M->30M(53M) 1.556ms
[13.609s][info ][gc,cpu         ] GC(1345) User=0.01s Sys=0.00s Real=0.00s
[13.610s][info ][gc,start       ] GC(1346) Pause Young (Allocation Failure)
[13.611s][debug][gc,phases      ] GC(1346) Scavenge 0.436ms
[13.611s][debug][gc,phases      ] GC(1346) Reference Processing 0.020ms
[13.611s][debug][gc,phases      ] GC(1346) Weak Processing 0.010ms
[13.611s][debug][gc,phases      ] GC(1346) Scrub String Table 0.068ms
[13.611s][debug][gc,age         ] GC(1346) Desired survivor size 4194304 bytes, new threshold 1 (max threshold 15)
[13.611s][info ][gc,heap        ] GC(1346) PSYoungGen: 14896K->2958K(16384K)
[13.611s][info ][gc,heap        ] GC(1346) ParOldGen: 28355K->28379K(38400K)
[13.611s][info ][gc,metaspace   ] GC(1346) Metaspace: 15861K->15861K(1064960K)
[13.611s][info ][gc             ] GC(1346) Pause Young (Allocation Failure) 42M->30M(53M) 0.716ms
[13.611s][info ][gc,cpu         ] GC(1346) User=0.00s Sys=0.00s Real=0.00s
[13.612s][info ][gc,start       ] GC(1347) Pause Young (Allocation Failure)
[13.612s][debug][gc,phases      ] GC(1347) Scavenge 0.295ms
[13.612s][debug][gc,phases      ] GC(1347) Reference Processing 0.020ms
[13.612s][debug][gc,phases      ] GC(1347) Weak Processing 0.010ms
[13.613s][debug][gc,phases      ] GC(1347) Scrub String Table 0.068ms
[13.613s][debug][gc,age         ] GC(1347) Desired survivor size 4194304 bytes, new threshold 1 (max threshold 15)
[13.613s][info ][gc,heap        ] GC(1347) PSYoungGen: 14925K->1786K(17408K)
[13.613s][info ][gc,heap        ] GC(1347) ParOldGen: 28379K->28387K(38400K)
[13.613s][info ][gc,metaspace   ] GC(1347) Metaspace: 15861K->15861K(1064960K)
[13.613s][info ][gc             ] GC(1347) Pause Young (Allocation Failure) 42M->29M(54M) 0.574ms
[13.613s][info ][gc,cpu         ] GC(1347) User=0.00s Sys=0.00s Real=0.00s
[13.614s][info ][gc,start       ] GC(1348) Pause Young (Allocation Failure)
[13.614s][debug][gc,phases      ] GC(1348) Scavenge 0.371ms
[13.614s][debug][gc,phases      ] GC(1348) Reference Processing 0.021ms
[13.614s][debug][gc,phases      ] GC(1348) Weak Processing 0.010ms
[13.614s][debug][gc,phases      ] GC(1348) Scrub String Table 0.069ms
[13.614s][debug][gc,age         ] GC(1348) Desired survivor size 4194304 bytes, new threshold 1 (max threshold 15)
[13.614s][info ][gc,heap        ] GC(1348) PSYoungGen: 14943K->2990K(17408K)
[13.614s][info ][gc,heap        ] GC(1348) ParOldGen: 28387K->28395K(38400K)
[13.614s][info ][gc,metaspace   ] GC(1348) Metaspace: 15861K->15861K(1064960K)
[13.614s][info ][gc             ] GC(1348) Pause Young (Allocation Failure) 42M->30M(54M) 0.661ms
[13.614s][info ][gc,cpu         ] GC(1348) User=0.00s Sys=0.00s Real=0.00s
[13.616s][info ][gc,start       ] GC(1349) Pause Young (Allocation Failure)
[13.617s][debug][gc,phases      ] GC(1349) Scavenge 1.687ms
[13.617s][debug][gc,phases      ] GC(1349) Reference Processing 0.021ms
[13.617s][debug][gc,phases      ] GC(1349) Weak Processing 0.011ms
[13.617s][debug][gc,phases      ] GC(1349) Scrub String Table 0.069ms
[13.617s][debug][gc,age         ] GC(1349) Desired survivor size 4194304 bytes, new threshold 1 (max threshold 15)
[13.617s][info ][gc,heap        ] GC(1349) PSYoungGen: 16113K->2113K(17408K)
[13.617s][info ][gc,heap        ] GC(1349) ParOldGen: 28395K->28794K(38400K)
[13.618s][info ][gc,metaspace   ] GC(1349) Metaspace: 15861K->15861K(1064960K)
[13.618s][info ][gc             ] GC(1349) Pause Young (Allocation Failure) 43M->30M(54M) 1.998ms
[13.618s][info ][gc,cpu         ] GC(1349) User=0.01s Sys=0.00s Real=0.01s
[13.619s][info ][gc,start       ] GC(1350) Pause Young (Allocation Failure)
[13.619s][debug][gc,phases      ] GC(1350) Scavenge 0.347ms
[13.619s][debug][gc,phases      ] GC(1350) Reference Processing 0.020ms
[13.619s][debug][gc,phases      ] GC(1350) Weak Processing 0.010ms
[13.619s][debug][gc,phases      ] GC(1350) Scrub String Table 0.067ms
[13.619s][debug][gc,age         ] GC(1350) Desired survivor size 4194304 bytes, new threshold 1 (max threshold 15)
[13.619s][info ][gc,heap        ] GC(1350) PSYoungGen: 15278K->2209K(17408K)
[13.619s][info ][gc,heap        ] GC(1350) ParOldGen: 28794K->28794K(38400K)
[13.619s][info ][gc,metaspace   ] GC(1350) Metaspace: 15861K->15861K(1064960K)
[13.619s][info ][gc             ] GC(1350) Pause Young (Allocation Failure) 43M->30M(54M) 0.632ms
[13.619s][info ][gc,cpu         ] GC(1350) User=0.00s Sys=0.00s Real=0.00s
[13.620s][info ][gc,start       ] GC(1351) Pause Young (Allocation Failure)
[13.621s][debug][gc,phases      ] GC(1351) Scavenge 0.357ms
[13.621s][debug][gc,phases      ] GC(1351) Reference Processing 0.022ms
[13.621s][debug][gc,phases      ] GC(1351) Weak Processing 0.011ms
[13.621s][debug][gc,phases      ] GC(1351) Scrub String Table 0.073ms
[13.621s][debug][gc,age         ] GC(1351) Desired survivor size 4194304 bytes, new threshold 1 (max threshold 15)
[13.621s][info ][gc,heap        ] GC(1351) PSYoungGen: 15370K->1818K(17408K)
[13.621s][info ][gc,heap        ] GC(1351) ParOldGen: 28794K->28802K(38400K)
[13.621s][info ][gc,metaspace   ] GC(1351) Metaspace: 15861K->15861K(1064960K)
[13.621s][info ][gc             ] GC(1351) Pause Young (Allocation Failure) 43M->29M(54M) 0.658ms
[13.621s][info ][gc,cpu         ] GC(1351) User=0.00s Sys=0.00s Real=0.00s
[13.622s][info ][gc,start       ] GC(1352) Pause Young (Allocation Failure)
[13.622s][debug][gc,phases      ] GC(1352) Scavenge 0.299ms
[13.622s][debug][gc,phases      ] GC(1352) Reference Processing 0.023ms
[13.622s][debug][gc,phases      ] GC(1352) Weak Processing 0.010ms
[13.622s][debug][gc,phases      ] GC(1352) Scrub String Table 0.069ms
[13.622s][debug][gc,age         ] GC(1352) Desired survivor size 4194304 bytes, new threshold 1 (max threshold 15)
[13.622s][info ][gc,heap        ] GC(1352) PSYoungGen: 14976K->1786K(17408K)
[13.622s][info ][gc,heap        ] GC(1352) ParOldGen: 28802K->28818K(38400K)
[13.622s][info ][gc,metaspace   ] GC(1352) Metaspace: 15861K->15861K(1064960K)
[13.622s][info ][gc             ] GC(1352) Pause Young (Allocation Failure) 42M->29M(54M) 0.578ms
[13.623s][info ][gc,cpu         ] GC(1352) User=0.00s Sys=0.00s Real=0.00s
[13.623s][info ][gc,start       ] GC(1353) Pause Young (Allocation Failure)
[13.624s][debug][gc,phases      ] GC(1353) Scavenge 0.395ms
[13.624s][debug][gc,phases      ] GC(1353) Reference Processing 0.035ms
[13.624s][debug][gc,phases      ] GC(1353) Weak Processing 0.015ms
[13.624s][debug][gc,phases      ] GC(1353) Scrub String Table 0.074ms
[13.624s][debug][gc,age         ] GC(1353) Desired survivor size 4194304 bytes, new threshold 1 (max threshold 15)
[13.624s][info ][gc,heap        ] GC(1353) PSYoungGen: 14942K->2145K(17408K)
[13.624s][info ][gc,heap        ] GC(1353) ParOldGen: 28818K->28818K(38400K)
[13.624s][info ][gc,metaspace   ] GC(1353) Metaspace: 15861K->15861K(1064960K)
[13.624s][info ][gc             ] GC(1353) Pause Young (Allocation Failure) 42M->30M(54M) 0.757ms
[13.624s][info ][gc,cpu         ] GC(1353) User=0.00s Sys=0.00s Real=0.00s
[13.626s][info ][gc,start       ] GC(1354) Pause Young (Allocation Failure)
[13.626s][debug][gc,phases      ] GC(1354) Scavenge 0.338ms
[13.626s][debug][gc,phases      ] GC(1354) Reference Processing 0.020ms
[13.626s][debug][gc,phases      ] GC(1354) Weak Processing 0.010ms
[13.626s][debug][gc,phases      ] GC(1354) Scrub String Table 0.068ms
[13.626s][debug][gc,age         ] GC(1354) Desired survivor size 4194304 bytes, new threshold 1 (max threshold 15)
[13.626s][info ][gc,heap        ] GC(1354) PSYoungGen: 15262K->1786K(17408K)
[13.626s][info ][gc,heap        ] GC(1354) ParOldGen: 28818K->28850K(38400K)
[13.626s][info ][gc,metaspace   ] GC(1354) Metaspace: 15861K->15861K(1064960K)
[13.626s][info ][gc             ] GC(1354) Pause Young (Allocation Failure) 43M->29M(54M) 0.627ms
[13.626s][info ][gc,cpu         ] GC(1354) User=0.01s Sys=0.00s Real=0.00s
[13.627s][info ][gc,start       ] GC(1355) Pause Young (Allocation Failure)
[13.628s][debug][gc,phases      ] GC(1355) Scavenge 0.326ms
[13.628s][debug][gc,phases      ] GC(1355) Reference Processing 0.020ms
[13.628s][debug][gc,phases      ] GC(1355) Weak Processing 0.010ms
[13.628s][debug][gc,phases      ] GC(1355) Scrub String Table 0.068ms
[13.628s][debug][gc,age         ] GC(1355) Desired survivor size 4194304 bytes, new threshold 1 (max threshold 15)
[13.628s][info ][gc,heap        ] GC(1355) PSYoungGen: 14953K->1395K(17408K)
[13.628s][info ][gc,heap        ] GC(1355) ParOldGen: 28850K->28874K(38400K)
[13.628s][info ][gc,metaspace   ] GC(1355) Metaspace: 15861K->15861K(1064960K)
[13.628s][info ][gc             ] GC(1355) Pause Young (Allocation Failure) 42M->29M(54M) 0.614ms
[13.628s][info ][gc,cpu         ] GC(1355) User=0.00s Sys=0.00s Real=0.00s
[13.629s][info ][gc,start       ] GC(1356) Pause Young (Allocation Failure)
[13.629s][debug][gc,phases      ] GC(1356) Scavenge 0.378ms
[13.629s][debug][gc,phases      ] GC(1356) Reference Processing 0.020ms
[13.629s][debug][gc,phases      ] GC(1356) Weak Processing 0.011ms
[13.630s][debug][gc,phases      ] GC(1356) Scrub String Table 0.071ms
[13.630s][debug][gc,age         ] GC(1356) Desired survivor size 4194304 bytes, new threshold 1 (max threshold 15)
[13.630s][info ][gc,heap        ] GC(1356) PSYoungGen: 14558K->2567K(17408K)
[13.630s][info ][gc,heap        ] GC(1356) ParOldGen: 28874K->28882K(38400K)
[13.630s][info ][gc,metaspace   ] GC(1356) Metaspace: 15861K->15861K(1064960K)
[13.630s][info ][gc             ] GC(1356) Pause Young (Allocation Failure) 42M->30M(54M) 0.665ms
[13.630s][info ][gc,cpu         ] GC(1356) User=0.00s Sys=0.00s Real=0.00s
[13.631s][info ][gc,start       ] GC(1357) Pause Young (Allocation Failure)
[13.632s][debug][gc,phases      ] GC(1357) Scavenge 1.302ms
[13.632s][debug][gc,phases      ] GC(1357) Reference Processing 0.021ms
[13.632s][debug][gc,phases      ] GC(1357) Weak Processing 0.015ms
[13.632s][debug][gc,phases      ] GC(1357) Scrub String Table 0.107ms
[13.632s][debug][gc,age         ] GC(1357) Desired survivor size 4194304 bytes, new threshold 1 (max threshold 15)
[13.632s][info ][gc,heap        ] GC(1357) PSYoungGen: 15726K->2535K(17408K)
[13.632s][info ][gc,heap        ] GC(1357) ParOldGen: 28882K->28890K(38400K)
[13.632s][info ][gc,metaspace   ] GC(1357) Metaspace: 15861K->15861K(1064960K)
[13.632s][info ][gc             ] GC(1357) Pause Young (Allocation Failure) 43M->30M(54M) 1.738ms
[13.632s][info ][gc,cpu         ] GC(1357) User=0.00s Sys=0.00s Real=0.00s
[13.633s][info ][gc,start       ] GC(1358) Pause Young (Allocation Failure)
[13.634s][debug][gc,phases      ] GC(1358) Scavenge 0.339ms
[13.634s][debug][gc,phases      ] GC(1358) Reference Processing 0.020ms
[13.634s][debug][gc,phases      ] GC(1358) Weak Processing 0.010ms
[13.634s][debug][gc,phases      ] GC(1358) Scrub String Table 0.069ms
[13.634s][debug][gc,age         ] GC(1358) Desired survivor size 4194304 bytes, new threshold 1 (max threshold 15)
[13.634s][info ][gc,heap        ] GC(1358) PSYoungGen: 15692K->2599K(17408K)
[13.634s][info ][gc,heap        ] GC(1358) ParOldGen: 28890K->28890K(38400K)
[13.634s][info ][gc,metaspace   ] GC(1358) Metaspace: 15861K->15861K(1064960K)
[13.634s][info ][gc             ] GC(1358) Pause Young (Allocation Failure) 43M->30M(54M) 0.621ms
[13.634s][info ][gc,cpu         ] GC(1358) User=0.00s Sys=0.01s Real=0.00s
[13.635s][info ][gc,start       ] GC(1359) Pause Young (Allocation Failure)
[13.636s][debug][gc,phases      ] GC(1359) Scavenge 0.910ms
[13.636s][debug][gc,phases      ] GC(1359) Reference Processing 0.021ms
[13.636s][debug][gc,phases      ] GC(1359) Weak Processing 0.012ms
[13.636s][debug][gc,phases      ] GC(1359) Scrub String Table 0.072ms
[13.636s][debug][gc,age         ] GC(1359) Desired survivor size 4194304 bytes, new threshold 1 (max threshold 15)
[13.636s][info ][gc,heap        ] GC(1359) PSYoungGen: 15754K->3381K(17408K)
[13.636s][info ][gc,heap        ] GC(1359) ParOldGen: 28890K->28890K(38400K)
[13.636s][info ][gc,metaspace   ] GC(1359) Metaspace: 15861K->15861K(1064960K)
[13.636s][info ][gc             ] GC(1359) Pause Young (Allocation Failure) 43M->31M(54M) 1.222ms
[13.636s][info ][gc,cpu         ] GC(1359) User=0.00s Sys=0.00s Real=0.01s
[13.638s][info ][gc,start       ] GC(1360) Pause Young (Allocation Failure)
[13.639s][debug][gc,phases      ] GC(1360) Scavenge 1.398ms
[13.639s][debug][gc,phases      ] GC(1360) Reference Processing 0.019ms
[13.639s][debug][gc,phases      ] GC(1360) Weak Processing 0.010ms
[13.639s][debug][gc,phases      ] GC(1360) Scrub String Table 0.069ms
[13.639s][debug][gc,age         ] GC(1360) Desired survivor size 4194304 bytes, new threshold 1 (max threshold 15)
[13.639s][info ][gc,heap        ] GC(1360) PSYoungGen: 16500K->3349K(17408K)
[13.639s][info ][gc,heap        ] GC(1360) ParOldGen: 28890K->29305K(38400K)
[13.639s][info ][gc,metaspace   ] GC(1360) Metaspace: 15861K->15861K(1064960K)
[13.639s][info ][gc             ] GC(1360) Pause Young (Allocation Failure) 44M->31M(54M) 1.684ms
[13.639s][info ][gc,cpu         ] GC(1360) User=0.01s Sys=0.00s Real=0.00s
[13.640s][info ][gc,start       ] GC(1361) Pause Young (Allocation Failure)
[13.642s][debug][gc,phases      ] GC(1361) Scavenge 1.107ms
[13.642s][debug][gc,phases      ] GC(1361) Reference Processing 0.021ms
[13.642s][debug][gc,phases      ] GC(1361) Weak Processing 0.011ms
[13.642s][debug][gc,phases      ] GC(1361) Scrub String Table 0.070ms
[13.642s][debug][gc,age         ] GC(1361) Desired survivor size 4194304 bytes, new threshold 1 (max threshold 15)
[13.642s][info ][gc,heap        ] GC(1361) PSYoungGen: 16515K->2535K(17408K)
[13.642s][info ][gc,heap        ] GC(1361) ParOldGen: 29305K->29719K(38400K)
[13.642s][info ][gc,metaspace   ] GC(1361) Metaspace: 15861K->15861K(1064960K)
[13.642s][info ][gc             ] GC(1361) Pause Young (Allocation Failure) 44M->31M(54M) 1.401ms
[13.642s][info ][gc,cpu         ] GC(1361) User=0.01s Sys=0.00s Real=0.00s
[13.643s][info ][gc,start       ] GC(1362) Pause Young (Allocation Failure)
[13.644s][debug][gc,phases      ] GC(1362) Scavenge 1.121ms
[13.644s][debug][gc,phases      ] GC(1362) Reference Processing 0.019ms
[13.644s][debug][gc,phases      ] GC(1362) Weak Processing 0.011ms
[13.644s][debug][gc,phases      ] GC(1362) Scrub String Table 0.069ms
[13.644s][debug][gc,age         ] GC(1362) Desired survivor size 4194304 bytes, new threshold 1 (max threshold 15)
[13.644s][info ][gc,heap        ] GC(1362) PSYoungGen: 15697K->2567K(17408K)
[13.644s][info ][gc,heap        ] GC(1362) ParOldGen: 29719K->29727K(38400K)
[13.644s][info ][gc,metaspace   ] GC(1362) Metaspace: 15861K->15861K(1064960K)
[13.644s][info ][gc             ] GC(1362) Pause Young (Allocation Failure) 44M->31M(54M) 1.410ms
[13.645s][info ][gc,cpu         ] GC(1362) User=0.00s Sys=0.00s Real=0.00s
[13.646s][info ][gc,start       ] GC(1363) Pause Young (Allocation Failure)
[13.647s][debug][gc,phases      ] GC(1363) Scavenge 1.112ms
[13.647s][debug][gc,phases      ] GC(1363) Reference Processing 0.022ms
[13.647s][debug][gc,phases      ] GC(1363) Weak Processing 0.010ms
[13.647s][debug][gc,phases      ] GC(1363) Scrub String Table 0.068ms
[13.647s][debug][gc,age         ] GC(1363) Desired survivor size 4194304 bytes, new threshold 1 (max threshold 15)
[13.647s][info ][gc,heap        ] GC(1363) PSYoungGen: 15726K->2535K(17408K)
[13.647s][info ][gc,heap        ] GC(1363) ParOldGen: 29727K->29759K(38400K)
[13.647s][info ][gc,metaspace   ] GC(1363) Metaspace: 15861K->15861K(1064960K)
[13.647s][info ][gc             ] GC(1363) Pause Young (Allocation Failure) 44M->31M(54M) 1.427ms
[13.647s][info ][gc,cpu         ] GC(1363) User=0.00s Sys=0.00s Real=0.01s
[13.648s][info ][gc,start       ] GC(1364) Pause Young (Allocation Failure)
[13.650s][debug][gc,phases      ] GC(1364) Scavenge 1.524ms
[13.650s][debug][gc,phases      ] GC(1364) Reference Processing 0.023ms
[13.650s][debug][gc,phases      ] GC(1364) Weak Processing 0.011ms
[13.650s][debug][gc,phases      ] GC(1364) Scrub String Table 0.069ms
[13.650s][debug][gc,age         ] GC(1364) Desired survivor size 4194304 bytes, new threshold 1 (max threshold 15)
[13.650s][info ][gc,heap        ] GC(1364) PSYoungGen: 15659K->2894K(17408K)
[13.650s][info ][gc,heap        ] GC(1364) ParOldGen: 29759K->30158K(38400K)
[13.650s][info ][gc,metaspace   ] GC(1364) Metaspace: 15861K->15861K(1064960K)
[13.650s][info ][gc             ] GC(1364) Pause Young (Allocation Failure) 44M->32M(54M) 1.858ms
[13.650s][info ][gc,cpu         ] GC(1364) User=0.01s Sys=0.00s Real=0.00s
[13.651s][info ][gc,start       ] GC(1365) Pause Young (Allocation Failure)
[13.653s][debug][gc,phases      ] GC(1365) Scavenge 1.110ms
[13.653s][debug][gc,phases      ] GC(1365) Reference Processing 0.019ms
[13.653s][debug][gc,phases      ] GC(1365) Weak Processing 0.010ms
[13.653s][debug][gc,phases      ] GC(1365) Scrub String Table 0.069ms
[13.653s][debug][gc,age         ] GC(1365) Desired survivor size 4194304 bytes, new threshold 1 (max threshold 15)
[13.653s][info ][gc,heap        ] GC(1365) PSYoungGen: 16031K->2535K(17408K)
[13.653s][info ][gc,heap        ] GC(1365) ParOldGen: 30158K->30565K(38400K)
[13.653s][info ][gc,metaspace   ] GC(1365) Metaspace: 15861K->15861K(1064960K)
[13.653s][info ][gc             ] GC(1365) Pause Young (Allocation Failure) 45M->32M(54M) 1.405ms
[13.653s][info ][gc,cpu         ] GC(1365) User=0.01s Sys=0.00s Real=0.00s
[13.654s][info ][gc,start       ] GC(1366) Pause Young (Allocation Failure)
[13.654s][debug][gc,phases      ] GC(1366) Scavenge 0.413ms
[13.654s][debug][gc,phases      ] GC(1366) Reference Processing 0.020ms
[13.654s][debug][gc,phases      ] GC(1366) Weak Processing 0.011ms
[13.655s][debug][gc,phases      ] GC(1366) Scrub String Table 0.069ms
[13.655s][debug][gc,age         ] GC(1366) Desired survivor size 4194304 bytes, new threshold 1 (max threshold 15)
[13.655s][info ][gc,heap        ] GC(1366) PSYoungGen: 15668K->1754K(17408K)
[13.655s][info ][gc,heap        ] GC(1366) ParOldGen: 30565K->30971K(38400K)
[13.655s][info ][gc,metaspace   ] GC(1366) Metaspace: 15861K->15861K(1064960K)
[13.655s][info ][gc             ] GC(1366) Pause Young (Allocation Failure) 45M->31M(54M) 0.694ms
[13.655s][info ][gc,cpu         ] GC(1366) User=0.01s Sys=0.00s Real=0.00s
[13.656s][info ][gc,start       ] GC(1367) Pause Young (Allocation Failure)
[13.657s][debug][gc,phases      ] GC(1367) Scavenge 1.360ms
[13.657s][debug][gc,phases      ] GC(1367) Reference Processing 0.027ms
[13.657s][debug][gc,phases      ] GC(1367) Weak Processing 0.013ms
[13.657s][debug][gc,phases      ] GC(1367) Scrub String Table 0.070ms
[13.657s][debug][gc,age         ] GC(1367) Desired survivor size 3670016 bytes, new threshold 1 (max threshold 15)
[13.657s][info ][gc,heap        ] GC(1367) PSYoungGen: 14931K->2535K(16384K)
[13.657s][info ][gc,heap        ] GC(1367) ParOldGen: 30971K->30979K(38400K)
[13.657s][info ][gc,metaspace   ] GC(1367) Metaspace: 15861K->15861K(1064960K)
[13.657s][info ][gc             ] GC(1367) Pause Young (Allocation Failure) 44M->32M(53M) 1.764ms
[13.657s][info ][gc,cpu         ] GC(1367) User=0.01s Sys=0.00s Real=0.01s
[13.658s][info ][gc,start       ] GC(1368) Pause Young (Allocation Failure)
[13.659s][debug][gc,phases      ] GC(1368) Scavenge 0.456ms
[13.659s][debug][gc,phases      ] GC(1368) Reference Processing 0.019ms
[13.659s][debug][gc,phases      ] GC(1368) Weak Processing 0.011ms
[13.659s][debug][gc,phases      ] GC(1368) Scrub String Table 0.068ms
[13.659s][debug][gc,age         ] GC(1368) Desired survivor size 4194304 bytes, new threshold 1 (max threshold 15)
[13.659s][info ][gc,heap        ] GC(1368) PSYoungGen: 15703K->3381K(16896K)
[13.659s][info ][gc,heap        ] GC(1368) ParOldGen: 30979K->31378K(38400K)
[13.659s][info ][gc,metaspace   ] GC(1368) Metaspace: 15861K->15861K(1064960K)
[13.659s][info ][gc             ] GC(1368) Pause Young (Allocation Failure) 45M->33M(54M) 0.758ms
[13.659s][info ][gc,cpu         ] GC(1368) User=0.00s Sys=0.00s Real=0.00s
[13.660s][info ][gc,start       ] GC(1369) Pause Young (Allocation Failure)
[13.661s][debug][gc,phases      ] GC(1369) Scavenge 0.369ms
[13.661s][debug][gc,phases      ] GC(1369) Reference Processing 0.021ms
[13.661s][debug][gc,phases      ] GC(1369) Weak Processing 0.010ms
[13.661s][debug][gc,phases      ] GC(1369) Scrub String Table 0.069ms
[13.661s][debug][gc,age         ] GC(1369) Desired survivor size 4194304 bytes, new threshold 1 (max threshold 15)
[13.661s][info ][gc,heap        ] GC(1369) PSYoungGen: 16543K->2599K(17408K)
[13.661s][info ][gc,heap        ] GC(1369) ParOldGen: 31378K->31378K(38400K)
[13.661s][info ][gc,metaspace   ] GC(1369) Metaspace: 15861K->15861K(1064960K)
[13.661s][info ][gc             ] GC(1369) Pause Young (Allocation Failure) 46M->33M(54M) 0.663ms
[13.661s][info ][gc,cpu         ] GC(1369) User=0.00s Sys=0.00s Real=0.00s
[13.662s][info ][gc,start       ] GC(1370) Pause Young (Allocation Failure)
[13.662s][debug][gc,phases      ] GC(1370) Scavenge 0.295ms
[13.662s][debug][gc,phases      ] GC(1370) Reference Processing 0.020ms
[13.662s][debug][gc,phases      ] GC(1370) Weak Processing 0.010ms
[13.663s][debug][gc,phases      ] GC(1370) Scrub String Table 0.069ms
[13.663s][debug][gc,age         ] GC(1370) Desired survivor size 4194304 bytes, new threshold 1 (max threshold 15)
[13.663s][info ][gc,heap        ] GC(1370) PSYoungGen: 15758K->1754K(17408K)
[13.663s][info ][gc,heap        ] GC(1370) ParOldGen: 31378K->31378K(38400K)
[13.663s][info ][gc,metaspace   ] GC(1370) Metaspace: 15861K->15861K(1064960K)
[13.663s][info ][gc             ] GC(1370) Pause Young (Allocation Failure) 46M->32M(54M) 0.572ms
[13.663s][info ][gc,cpu         ] GC(1370) User=0.00s Sys=0.00s Real=0.00s
[13.664s][info ][gc,start       ] GC(1371) Pause Young (Allocation Failure)
[13.665s][debug][gc,phases      ] GC(1371) Scavenge 1.285ms
[13.665s][debug][gc,phases      ] GC(1371) Reference Processing 0.020ms
[13.665s][debug][gc,phases      ] GC(1371) Weak Processing 0.013ms
[13.665s][debug][gc,phases      ] GC(1371) Scrub String Table 0.070ms
[13.665s][debug][gc,age         ] GC(1371) Desired survivor size 4194304 bytes, new threshold 1 (max threshold 15)
[13.665s][info ][gc,heap        ] GC(1371) PSYoungGen: 14911K->2567K(17408K)
[13.665s][info ][gc,heap        ] GC(1371) ParOldGen: 31378K->31378K(38400K)
[13.665s][info ][gc,metaspace   ] GC(1371) Metaspace: 15861K->15861K(1064960K)
[13.665s][info ][gc             ] GC(1371) Pause Young (Allocation Failure) 45M->33M(54M) 1.604ms
[13.665s][info ][gc,cpu         ] GC(1371) User=0.01s Sys=0.01s Real=0.00s
[13.666s][info ][gc,start       ] GC(1372) Pause Young (Allocation Failure)
[13.667s][debug][gc,phases      ] GC(1372) Scavenge 0.307ms
[13.667s][debug][gc,phases      ] GC(1372) Reference Processing 0.021ms
[13.667s][debug][gc,phases      ] GC(1372) Weak Processing 0.010ms
[13.667s][debug][gc,phases      ] GC(1372) Scrub String Table 0.068ms
[13.667s][debug][gc,age         ] GC(1372) Desired survivor size 4194304 bytes, new threshold 1 (max threshold 15)
[13.667s][info ][gc,heap        ] GC(1372) PSYoungGen: 15723K->1786K(17408K)
[13.667s][info ][gc,heap        ] GC(1372) ParOldGen: 31378K->31378K(38400K)
[13.667s][info ][gc,metaspace   ] GC(1372) Metaspace: 15861K->15861K(1064960K)
[13.667s][info ][gc             ] GC(1372) Pause Young (Allocation Failure) 45M->32M(54M) 0.595ms
[13.667s][info ][gc,cpu         ] GC(1372) User=0.01s Sys=0.00s Real=0.00s
[13.668s][info ][gc,start       ] GC(1373) Pause Young (Allocation Failure)
[13.669s][debug][gc,phases      ] GC(1373) Scavenge 0.844ms
[13.669s][debug][gc,phases      ] GC(1373) Reference Processing 0.024ms
[13.669s][debug][gc,phases      ] GC(1373) Weak Processing 0.011ms
[13.669s][debug][gc,phases      ] GC(1373) Scrub String Table 0.068ms
[13.669s][debug][gc,age         ] GC(1373) Desired survivor size 4194304 bytes, new threshold 1 (max threshold 15)
[13.669s][info ][gc,heap        ] GC(1373) PSYoungGen: 14940K->3381K(17408K)
[13.669s][info ][gc,heap        ] GC(1373) ParOldGen: 31378K->31378K(38400K)
[13.669s][info ][gc,metaspace   ] GC(1373) Metaspace: 15861K->15861K(1064960K)
[13.669s][info ][gc             ] GC(1373) Pause Young (Allocation Failure) 45M->33M(54M) 1.127ms
[13.669s][info ][gc,cpu         ] GC(1373) User=0.01s Sys=0.00s Real=0.00s
[13.670s][info ][gc,start       ] GC(1374) Pause Young (Allocation Failure)
[13.671s][debug][gc,phases      ] GC(1374) Scavenge 0.301ms
[13.671s][debug][gc,phases      ] GC(1374) Reference Processing 0.019ms
[13.671s][debug][gc,phases      ] GC(1374) Weak Processing 0.010ms
[13.671s][debug][gc,phases      ] GC(1374) Scrub String Table 0.069ms
[13.671s][debug][gc,age         ] GC(1374) Desired survivor size 4194304 bytes, new threshold 1 (max threshold 15)
[13.671s][info ][gc,heap        ] GC(1374) PSYoungGen: 16534K->1786K(17408K)
[13.671s][info ][gc,heap        ] GC(1374) ParOldGen: 31378K->31378K(38400K)
[13.671s][info ][gc,metaspace   ] GC(1374) Metaspace: 15861K->15861K(1064960K)
[13.671s][info ][gc             ] GC(1374) Pause Young (Allocation Failure) 46M->32M(54M) 0.582ms
[13.671s][info ][gc,cpu         ] GC(1374) User=0.01s Sys=0.00s Real=0.00s
[13.672s][info ][gc,start       ] GC(1375) Pause Young (Allocation Failure)
[13.673s][debug][gc,phases      ] GC(1375) Scavenge 0.979ms
[13.673s][debug][gc,phases      ] GC(1375) Reference Processing 0.021ms
[13.673s][debug][gc,phases      ] GC(1375) Weak Processing 0.011ms
[13.673s][debug][gc,phases      ] GC(1375) Scrub String Table 0.068ms
[13.673s][debug][gc,age         ] GC(1375) Desired survivor size 4194304 bytes, new threshold 1 (max threshold 15)
[13.673s][info ][gc,heap        ] GC(1375) PSYoungGen: 14939K->2177K(17408K)
[13.673s][info ][gc,heap        ] GC(1375) ParOldGen: 31378K->31784K(38400K)
[13.673s][info ][gc,metaspace   ] GC(1375) Metaspace: 15861K->15861K(1064960K)
[13.673s][info ][gc             ] GC(1375) Pause Young (Allocation Failure) 45M->33M(54M) 1.281ms
[13.673s][info ][gc,cpu         ] GC(1375) User=0.01s Sys=0.00s Real=0.00s
[13.674s][info ][gc,start       ] GC(1376) Pause Young (Allocation Failure)
[13.675s][debug][gc,phases      ] GC(1376) Scavenge 0.423ms
[13.675s][debug][gc,phases      ] GC(1376) Reference Processing 0.021ms
[13.675s][debug][gc,phases      ] GC(1376) Weak Processing 0.010ms
[13.675s][debug][gc,phases      ] GC(1376) Scrub String Table 0.088ms
[13.675s][debug][gc,age         ] GC(1376) Desired survivor size 4194304 bytes, new threshold 1 (max threshold 15)
[13.675s][info ][gc,heap        ] GC(1376) PSYoungGen: 15330K->2990K(17408K)
[13.675s][info ][gc,heap        ] GC(1376) ParOldGen: 31784K->31784K(38400K)
[13.675s][info ][gc,metaspace   ] GC(1376) Metaspace: 15861K->15861K(1064960K)
[13.675s][info ][gc             ] GC(1376) Pause Young (Allocation Failure) 46M->33M(54M) 0.769ms
[13.675s][info ][gc,cpu         ] GC(1376) User=0.01s Sys=0.00s Real=0.00s
[13.676s][info ][gc,start       ] GC(1377) Pause Young (Allocation Failure)
[13.677s][debug][gc,phases      ] GC(1377) Scavenge 0.830ms
[13.677s][debug][gc,phases      ] GC(1377) Reference Processing 0.020ms
[13.677s][debug][gc,phases      ] GC(1377) Weak Processing 0.010ms
[13.677s][debug][gc,phases      ] GC(1377) Scrub String Table 0.069ms
[13.677s][debug][gc,age         ] GC(1377) Desired survivor size 4194304 bytes, new threshold 1 (max threshold 15)
[13.677s][info ][gc,heap        ] GC(1377) PSYoungGen: 16143K->2535K(17408K)
[13.677s][info ][gc,heap        ] GC(1377) ParOldGen: 31784K->31792K(38400K)
[13.677s][info ][gc,metaspace   ] GC(1377) Metaspace: 15861K->15861K(1064960K)
[13.677s][info ][gc             ] GC(1377) Pause Young (Allocation Failure) 46M->33M(54M) 1.110ms
[13.677s][info ][gc,cpu         ] GC(1377) User=0.01s Sys=0.00s Real=0.01s
[13.678s][info ][gc,start       ] GC(1378) Pause Young (Allocation Failure)
[13.679s][debug][gc,phases      ] GC(1378) Scavenge 0.422ms
[13.679s][debug][gc,phases      ] GC(1378) Reference Processing 0.020ms
[13.679s][debug][gc,phases      ] GC(1378) Weak Processing 0.010ms
[13.679s][debug][gc,phases      ] GC(1378) Scrub String Table 0.069ms
[13.679s][debug][gc,age         ] GC(1378) Desired survivor size 4194304 bytes, new threshold 1 (max threshold 15)
[13.679s][info ][gc,heap        ] GC(1378) PSYoungGen: 15688K->2958K(17408K)
[13.679s][info ][gc,heap        ] GC(1378) ParOldGen: 31792K->31792K(38400K)
[13.679s][info ][gc,metaspace   ] GC(1378) Metaspace: 15861K->15861K(1064960K)
[13.679s][info ][gc             ] GC(1378) Pause Young (Allocation Failure) 46M->33M(54M) 0.716ms
[13.679s][info ][gc,cpu         ] GC(1378) User=0.01s Sys=0.00s Real=0.00s
[13.680s][info ][gc,start       ] GC(1379) Pause Young (Allocation Failure)
[13.681s][debug][gc,phases      ] GC(1379) Scavenge 1.273ms
[13.682s][debug][gc,phases      ] GC(1379) Reference Processing 0.021ms
[13.682s][debug][gc,phases      ] GC(1379) Weak Processing 0.011ms
[13.682s][debug][gc,phases      ] GC(1379) Scrub String Table 0.069ms
[13.682s][debug][gc,age         ] GC(1379) Desired survivor size 4194304 bytes, new threshold 1 (max threshold 15)
[13.682s][info ][gc,heap        ] GC(1379) PSYoungGen: 16111K->3317K(17408K)
[13.682s][info ][gc,heap        ] GC(1379) ParOldGen: 31792K->32207K(38400K)
[13.682s][info ][gc,metaspace   ] GC(1379) Metaspace: 15861K->15861K(1064960K)
[13.682s][info ][gc             ] GC(1379) Pause Young (Allocation Failure) 46M->34M(54M) 1.576ms
[13.682s][info ][gc,cpu         ] GC(1379) User=0.01s Sys=0.00s Real=0.00s
[13.683s][info ][gc,start       ] GC(1380) Pause Young (Allocation Failure)
[13.683s][debug][gc,phases      ] GC(1380) Scavenge 0.381ms
[13.683s][debug][gc,phases      ] GC(1380) Reference Processing 0.020ms
[13.683s][debug][gc,phases      ] GC(1380) Weak Processing 0.010ms
[13.683s][debug][gc,phases      ] GC(1380) Scrub String Table 0.068ms
[13.683s][debug][gc,age         ] GC(1380) Desired survivor size 4194304 bytes, new threshold 1 (max threshold 15)
[13.683s][info ][gc,heap        ] GC(1380) PSYoungGen: 16469K->2599K(17408K)
[13.683s][info ][gc,heap        ] GC(1380) ParOldGen: 32207K->32207K(38400K)
[13.683s][info ][gc,metaspace   ] GC(1380) Metaspace: 15861K->15861K(1064960K)
[13.684s][info ][gc             ] GC(1380) Pause Young (Allocation Failure) 47M->33M(54M) 0.661ms
[13.684s][info ][gc,cpu         ] GC(1380) User=0.01s Sys=0.00s Real=0.00s
[13.685s][info ][gc,start       ] GC(1381) Pause Young (Allocation Failure)
[13.685s][debug][gc,phases      ] GC(1381) Scavenge 0.450ms
[13.685s][debug][gc,phases      ] GC(1381) Reference Processing 0.019ms
[13.685s][debug][gc,phases      ] GC(1381) Weak Processing 0.010ms
[13.685s][debug][gc,phases      ] GC(1381) Scrub String Table 0.069ms
[13.685s][debug][gc,age         ] GC(1381) Desired survivor size 4194304 bytes, new threshold 1 (max threshold 15)
[13.685s][info ][gc,heap        ] GC(1381) PSYoungGen: 15752K->2177K(17408K)
[13.685s][info ][gc,heap        ] GC(1381) ParOldGen: 32207K->32215K(38400K)
[13.685s][info ][gc,metaspace   ] GC(1381) Metaspace: 15861K->15861K(1064960K)
[13.685s][info ][gc             ] GC(1381) Pause Young (Allocation Failure) 46M->33M(54M) 0.737ms
[13.685s][info ][gc,cpu         ] GC(1381) User=0.00s Sys=0.00s Real=0.00s
[13.686s][info ][gc,start       ] GC(1382) Pause Young (Allocation Failure)
[13.687s][debug][gc,phases      ] GC(1382) Scavenge 0.450ms
[13.687s][debug][gc,phases      ] GC(1382) Reference Processing 0.021ms
[13.687s][debug][gc,phases      ] GC(1382) Weak Processing 0.010ms
[13.687s][debug][gc,phases      ] GC(1382) Scrub String Table 0.069ms
[13.687s][debug][gc,age         ] GC(1382) Desired survivor size 4194304 bytes, new threshold 1 (max threshold 15)
[13.687s][info ][gc,heap        ] GC(1382) PSYoungGen: 15298K->2958K(17408K)
[13.687s][info ][gc,heap        ] GC(1382) ParOldGen: 32215K->32622K(38400K)
[13.687s][info ][gc,metaspace   ] GC(1382) Metaspace: 15861K->15861K(1064960K)
[13.687s][info ][gc             ] GC(1382) Pause Young (Allocation Failure) 46M->34M(54M) 0.744ms
[13.687s][info ][gc,cpu         ] GC(1382) User=0.00s Sys=0.00s Real=0.00s
[13.688s][info ][gc,start       ] GC(1383) Pause Young (Allocation Failure)
[13.690s][debug][gc,phases      ] GC(1383) Scavenge 1.531ms
[13.690s][debug][gc,phases      ] GC(1383) Reference Processing 0.020ms
[13.690s][debug][gc,phases      ] GC(1383) Weak Processing 0.011ms
[13.690s][debug][gc,phases      ] GC(1383) Scrub String Table 0.069ms
[13.690s][debug][gc,age         ] GC(1383) Desired survivor size 4194304 bytes, new threshold 1 (max threshold 15)
[13.690s][info ][gc,heap        ] GC(1383) PSYoungGen: 16119K->3349K(17408K)
[13.690s][info ][gc,heap        ] GC(1383) ParOldGen: 32622K->32622K(38400K)
[13.690s][info ][gc,metaspace   ] GC(1383) Metaspace: 15861K->15861K(1064960K)
[13.690s][info ][gc             ] GC(1383) Pause Young (Allocation Failure) 47M->35M(54M) 1.846ms
[13.690s][info ][gc,cpu         ] GC(1383) User=0.01s Sys=0.00s Real=0.00s
[13.691s][info ][gc,start       ] GC(1384) Pause Young (Allocation Failure)
[13.692s][debug][gc,phases      ] GC(1384) Scavenge 0.523ms
[13.692s][debug][gc,phases      ] GC(1384) Reference Processing 0.020ms
[13.692s][debug][gc,phases      ] GC(1384) Weak Processing 0.010ms
[13.692s][debug][gc,phases      ] GC(1384) Scrub String Table 0.068ms
[13.692s][debug][gc,age         ] GC(1384) Desired survivor size 4194304 bytes, new threshold 1 (max threshold 15)
[13.692s][info ][gc,heap        ] GC(1384) PSYoungGen: 16507K->3381K(17408K)
[13.692s][info ][gc,heap        ] GC(1384) ParOldGen: 32622K->32630K(38400K)
[13.692s][info ][gc,metaspace   ] GC(1384) Metaspace: 15861K->15861K(1064960K)
[13.692s][info ][gc             ] GC(1384) Pause Young (Allocation Failure) 47M->35M(54M) 0.806ms
[13.692s][info ][gc,cpu         ] GC(1384) User=0.01s Sys=0.01s Real=0.00s
[13.693s][info ][gc,start       ] GC(1385) Pause Young (Allocation Failure)
[13.694s][debug][gc,phases      ] GC(1385) Scavenge 0.484ms
[13.694s][debug][gc,phases      ] GC(1385) Reference Processing 0.020ms
[13.694s][debug][gc,phases      ] GC(1385) Weak Processing 0.010ms
[13.694s][debug][gc,phases      ] GC(1385) Scrub String Table 0.068ms
[13.694s][debug][gc,age         ] GC(1385) Desired survivor size 4194304 bytes, new threshold 1 (max threshold 15)
[13.694s][info ][gc,heap        ] GC(1385) PSYoungGen: 16537K->2990K(17408K)
[13.694s][info ][gc,heap        ] GC(1385) ParOldGen: 32630K->32630K(38400K)
[13.694s][info ][gc,metaspace   ] GC(1385) Metaspace: 15861K->15861K(1064960K)
[13.694s][info ][gc             ] GC(1385) Pause Young (Allocation Failure) 48M->34M(54M) 0.764ms
[13.694s][info ][gc,cpu         ] GC(1385) User=0.01s Sys=0.00s Real=0.00s
[13.695s][info ][gc,start       ] GC(1386) Pause Young (Allocation Failure)
[13.695s][debug][gc,phases      ] GC(1386) Scavenge 0.322ms
[13.695s][debug][gc,phases      ] GC(1386) Reference Processing 0.020ms
[13.695s][debug][gc,phases      ] GC(1386) Weak Processing 0.010ms
[13.696s][debug][gc,phases      ] GC(1386) Scrub String Table 0.068ms
[13.696s][debug][gc,age         ] GC(1386) Desired survivor size 4194304 bytes, new threshold 1 (max threshold 15)
[13.696s][info ][gc,heap        ] GC(1386) PSYoungGen: 16145K->2209K(17408K)
[13.696s][info ][gc,heap        ] GC(1386) ParOldGen: 32630K->32630K(38400K)
[13.696s][info ][gc,metaspace   ] GC(1386) Metaspace: 15861K->15861K(1064960K)
[13.696s][info ][gc             ] GC(1386) Pause Young (Allocation Failure) 47M->34M(54M) 0.596ms
[13.696s][info ][gc,cpu         ] GC(1386) User=0.00s Sys=0.00s Real=0.00s
[13.697s][info ][gc,start       ] GC(1387) Pause Young (Allocation Failure)
[13.698s][debug][gc,phases      ] GC(1387) Scavenge 1.217ms
[13.698s][debug][gc,phases      ] GC(1387) Reference Processing 0.040ms
[13.698s][debug][gc,phases      ] GC(1387) Weak Processing 0.014ms
[13.698s][debug][gc,phases      ] GC(1387) Scrub String Table 0.095ms
[13.698s][debug][gc,age         ] GC(1387) Desired survivor size 4194304 bytes, new threshold 1 (max threshold 15)
[13.698s][info ][gc,heap        ] GC(1387) PSYoungGen: 15363K->2567K(17408K)
[13.698s][info ][gc,heap        ] GC(1387) ParOldGen: 32630K->32630K(38400K)
[13.698s][info ][gc,metaspace   ] GC(1387) Metaspace: 15861K->15861K(1064960K)
[13.698s][info ][gc             ] GC(1387) Pause Young (Allocation Failure) 46M->34M(54M) 1.666ms
[13.698s][info ][gc,cpu         ] GC(1387) User=0.01s Sys=0.00s Real=0.00s
[13.700s][info ][gc,start       ] GC(1388) Pause Young (Allocation Failure)
[13.700s][debug][gc,phases      ] GC(1388) Scavenge 0.401ms
[13.700s][debug][gc,phases      ] GC(1388) Reference Processing 0.019ms
[13.700s][debug][gc,phases      ] GC(1388) Weak Processing 0.010ms
[13.700s][debug][gc,phases      ] GC(1388) Scrub String Table 0.069ms
[13.700s][debug][gc,age         ] GC(1388) Desired survivor size 4194304 bytes, new threshold 1 (max threshold 15)
[13.700s][info ][gc,heap        ] GC(1388) PSYoungGen: 15721K->2958K(17408K)
[13.700s][info ][gc,heap        ] GC(1388) ParOldGen: 32630K->32630K(38400K)
[13.700s][info ][gc,metaspace   ] GC(1388) Metaspace: 15861K->15861K(1064960K)
[13.700s][info ][gc             ] GC(1388) Pause Young (Allocation Failure) 47M->34M(54M) 0.673ms
[13.700s][info ][gc,cpu         ] GC(1388) User=0.00s Sys=0.00s Real=0.00s
[13.701s][info ][gc,start       ] GC(1389) Pause Young (Allocation Failure)
[13.702s][debug][gc,phases      ] GC(1389) Scavenge 0.434ms
[13.702s][debug][gc,phases      ] GC(1389) Reference Processing 0.020ms
[13.702s][debug][gc,phases      ] GC(1389) Weak Processing 0.010ms
[13.702s][debug][gc,phases      ] GC(1389) Scrub String Table 0.068ms
[13.702s][debug][gc,age         ] GC(1389) Desired survivor size 4194304 bytes, new threshold 1 (max threshold 15)
[13.702s][info ][gc,heap        ] GC(1389) PSYoungGen: 16111K->2599K(17408K)
[13.702s][info ][gc,heap        ] GC(1389) ParOldGen: 32630K->32630K(38400K)
[13.702s][info ][gc,metaspace   ] GC(1389) Metaspace: 15861K->15861K(1064960K)
[13.702s][info ][gc             ] GC(1389) Pause Young (Allocation Failure) 47M->34M(54M) 0.732ms
[13.702s][info ][gc,cpu         ] GC(1389) User=0.00s Sys=0.00s Real=0.00s
[13.703s][info ][gc,start       ] GC(1390) Pause Young (Allocation Failure)
[13.704s][debug][gc,phases      ] GC(1390) Scavenge 0.403ms
[13.704s][debug][gc,phases      ] GC(1390) Reference Processing 0.020ms
[13.704s][debug][gc,phases      ] GC(1390) Weak Processing 0.010ms
[13.704s][debug][gc,phases      ] GC(1390) Scrub String Table 0.069ms
[13.704s][debug][gc,age         ] GC(1390) Desired survivor size 4194304 bytes, new threshold 1 (max threshold 15)
[13.704s][info ][gc,heap        ] GC(1390) PSYoungGen: 15752K->2990K(17408K)
[13.704s][info ][gc,heap        ] GC(1390) ParOldGen: 32630K->32630K(38400K)
[13.704s][info ][gc,metaspace   ] GC(1390) Metaspace: 15861K->15861K(1064960K)
[13.704s][info ][gc             ] GC(1390) Pause Young (Allocation Failure) 47M->34M(54M) 0.686ms
[13.704s][info ][gc,cpu         ] GC(1390) User=0.00s Sys=0.00s Real=0.00s
[13.705s][info ][gc,start       ] GC(1391) Pause Young (Allocation Failure)
[13.706s][debug][gc,phases      ] GC(1391) Scavenge 1.143ms
[13.706s][debug][gc,phases      ] GC(1391) Reference Processing 0.021ms
[13.706s][debug][gc,phases      ] GC(1391) Weak Processing 0.011ms
[13.706s][debug][gc,phases      ] GC(1391) Scrub String Table 0.070ms
[13.706s][debug][gc,age         ] GC(1391) Desired survivor size 4194304 bytes, new threshold 1 (max threshold 15)
[13.706s][info ][gc,heap        ] GC(1391) PSYoungGen: 16143K->2145K(17408K)
[13.706s][info ][gc,heap        ] GC(1391) ParOldGen: 32630K->32654K(38400K)
[13.706s][info ][gc,metaspace   ] GC(1391) Metaspace: 15861K->15861K(1064960K)
[13.707s][info ][gc             ] GC(1391) Pause Young (Allocation Failure) 47M->33M(54M) 1.456ms
[13.707s][info ][gc,cpu         ] GC(1391) User=0.00s Sys=0.00s Real=0.01s
[13.708s][info ][gc,start       ] GC(1392) Pause Young (Allocation Failure)
[13.708s][debug][gc,phases      ] GC(1392) Scavenge 0.343ms
[13.708s][debug][gc,phases      ] GC(1392) Reference Processing 0.021ms
[13.708s][debug][gc,phases      ] GC(1392) Weak Processing 0.010ms
[13.708s][debug][gc,phases      ] GC(1392) Scrub String Table 0.068ms
[13.708s][debug][gc,age         ] GC(1392) Desired survivor size 4194304 bytes, new threshold 1 (max threshold 15)
[13.708s][info ][gc,heap        ] GC(1392) PSYoungGen: 15297K->2990K(17408K)
[13.708s][info ][gc,heap        ] GC(1392) ParOldGen: 32654K->32678K(38400K)
[13.708s][info ][gc,metaspace   ] GC(1392) Metaspace: 15861K->15861K(1064960K)
[13.708s][info ][gc             ] GC(1392) Pause Young (Allocation Failure) 46M->34M(54M) 0.621ms
[13.708s][info ][gc,cpu         ] GC(1392) User=0.00s Sys=0.00s Real=0.00s
[13.709s][info ][gc,start       ] GC(1393) Pause Young (Allocation Failure)
[13.710s][debug][gc,phases      ] GC(1393) Scavenge 0.472ms
[13.710s][debug][gc,phases      ] GC(1393) Reference Processing 0.019ms
[13.710s][debug][gc,phases      ] GC(1393) Weak Processing 0.010ms
[13.710s][debug][gc,phases      ] GC(1393) Scrub String Table 0.068ms
[13.710s][debug][gc,age         ] GC(1393) Desired survivor size 4194304 bytes, new threshold 1 (max threshold 15)
[13.710s][info ][gc,heap        ] GC(1393) PSYoungGen: 16143K->2567K(17408K)
[13.710s][info ][gc,heap        ] GC(1393) ParOldGen: 32678K->32686K(38400K)
[13.710s][info ][gc,metaspace   ] GC(1393) Metaspace: 15861K->15861K(1064960K)
[13.710s][info ][gc             ] GC(1393) Pause Young (Allocation Failure) 47M->34M(54M) 0.754ms
[13.710s][info ][gc,cpu         ] GC(1393) User=0.00s Sys=0.00s Real=0.00s
[13.711s][info ][gc,start       ] GC(1394) Pause Young (Allocation Failure)
[13.712s][debug][gc,phases      ] GC(1394) Scavenge 0.574ms
[13.712s][debug][gc,phases      ] GC(1394) Reference Processing 0.021ms
[13.712s][debug][gc,phases      ] GC(1394) Weak Processing 0.010ms
[13.712s][debug][gc,phases      ] GC(1394) Scrub String Table 0.069ms
[13.712s][debug][gc,age         ] GC(1394) Desired survivor size 4194304 bytes, new threshold 1 (max threshold 15)
[13.712s][info ][gc,heap        ] GC(1394) PSYoungGen: 15720K->2177K(17408K)
[13.712s][info ][gc,heap        ] GC(1394) ParOldGen: 32686K->32694K(38400K)
[13.712s][info ][gc,metaspace   ] GC(1394) Metaspace: 15861K->15861K(1064960K)
[13.712s][info ][gc             ] GC(1394) Pause Young (Allocation Failure) 47M->34M(54M) 0.859ms
[13.712s][info ][gc,cpu         ] GC(1394) User=0.00s Sys=0.00s Real=0.00s
[13.713s][info ][gc,start       ] GC(1395) Pause Young (Allocation Failure)
[13.714s][debug][gc,phases      ] GC(1395) Scavenge 0.965ms
[13.714s][debug][gc,phases      ] GC(1395) Reference Processing 0.025ms
[13.714s][debug][gc,phases      ] GC(1395) Weak Processing 0.013ms
[13.714s][debug][gc,phases      ] GC(1395) Scrub String Table 0.075ms
[13.715s][debug][gc,age         ] GC(1395) Desired survivor size 4194304 bytes, new threshold 1 (max threshold 15)
[13.715s][info ][gc,heap        ] GC(1395) PSYoungGen: 15299K->1754K(17408K)
[13.715s][info ][gc,heap        ] GC(1395) ParOldGen: 32694K->32702K(38400K)
[13.715s][info ][gc,metaspace   ] GC(1395) Metaspace: 15861K->15861K(1064960K)
[13.715s][info ][gc             ] GC(1395) Pause Young (Allocation Failure) 46M->33M(54M) 1.361ms
[13.715s][info ][gc,cpu         ] GC(1395) User=0.00s Sys=0.00s Real=0.00s
[13.716s][info ][gc,start       ] GC(1396) Pause Young (Allocation Failure)
[13.717s][debug][gc,phases      ] GC(1396) Scavenge 1.131ms
[13.717s][debug][gc,phases      ] GC(1396) Reference Processing 0.020ms
[13.717s][debug][gc,phases      ] GC(1396) Weak Processing 0.011ms
[13.717s][debug][gc,phases      ] GC(1396) Scrub String Table 0.068ms
[13.717s][debug][gc,age         ] GC(1396) Desired survivor size 4194304 bytes, new threshold 1 (max threshold 15)
[13.717s][info ][gc,heap        ] GC(1396) PSYoungGen: 14844K->2503K(17408K)
[13.717s][info ][gc,heap        ] GC(1396) ParOldGen: 32702K->32726K(38400K)
[13.717s][info ][gc,metaspace   ] GC(1396) Metaspace: 15861K->15861K(1064960K)
[13.717s][info ][gc             ] GC(1396) Pause Young (Allocation Failure) 46M->34M(54M) 1.422ms
[13.717s][info ][gc,cpu         ] GC(1396) User=0.00s Sys=0.00s Real=0.01s
[13.718s][info ][gc,start       ] GC(1397) Pause Young (Allocation Failure)
[13.719s][debug][gc,phases      ] GC(1397) Scavenge 1.132ms
[13.720s][debug][gc,phases      ] GC(1397) Reference Processing 0.021ms
[13.720s][debug][gc,phases      ] GC(1397) Weak Processing 0.011ms
[13.720s][debug][gc,phases      ] GC(1397) Scrub String Table 0.071ms
[13.720s][debug][gc,age         ] GC(1397) Desired survivor size 3670016 bytes, new threshold 1 (max threshold 15)
[13.720s][info ][gc,heap        ] GC(1397) PSYoungGen: 15686K->2535K(16384K)
[13.720s][info ][gc,heap        ] GC(1397) ParOldGen: 32726K->33140K(38400K)
[13.720s][info ][gc,metaspace   ] GC(1397) Metaspace: 15861K->15861K(1064960K)
[13.720s][info ][gc             ] GC(1397) Pause Young (Allocation Failure) 47M->34M(53M) 1.488ms
[13.720s][info ][gc,cpu         ] GC(1397) User=0.01s Sys=0.00s Real=0.00s
[13.721s][info ][gc,start       ] GC(1398) Pause Young (Allocation Failure)
[13.723s][debug][gc,phases      ] GC(1398) Scavenge 1.706ms
[13.723s][debug][gc,phases      ] GC(1398) Reference Processing 0.020ms
[13.723s][debug][gc,phases      ] GC(1398) Weak Processing 0.011ms
[13.723s][debug][gc,phases      ] GC(1398) Scrub String Table 0.071ms
[13.723s][debug][gc,age         ] GC(1398) Desired survivor size 3670016 bytes, new threshold 1 (max threshold 15)
[13.723s][info ][gc,heap        ] GC(1398) PSYoungGen: 15673K->2145K(16896K)
[13.723s][info ][gc,heap        ] GC(1398) ParOldGen: 33140K->33547K(38400K)
[13.723s][info ][gc,metaspace   ] GC(1398) Metaspace: 15861K->15861K(1064960K)
[13.723s][info ][gc             ] GC(1398) Pause Young (Allocation Failure) 47M->34M(54M) 2.016ms
[13.723s][info ][gc,cpu         ] GC(1398) User=0.01s Sys=0.00s Real=0.00s
[13.724s][info ][gc,start       ] GC(1399) Pause Young (Allocation Failure)
[13.724s][debug][gc,phases      ] GC(1399) Scavenge 0.309ms
[13.725s][debug][gc,phases      ] GC(1399) Reference Processing 0.020ms
[13.725s][debug][gc,phases      ] GC(1399) Weak Processing 0.010ms
[13.725s][debug][gc,phases      ] GC(1399) Scrub String Table 0.068ms
[13.725s][debug][gc,age         ] GC(1399) Desired survivor size 3670016 bytes, new threshold 1 (max threshold 15)
[13.725s][info ][gc,heap        ] GC(1399) PSYoungGen: 15322K->2177K(17920K)
[13.725s][info ][gc,heap        ] GC(1399) ParOldGen: 33547K->33555K(38400K)
[13.725s][info ][gc,metaspace   ] GC(1399) Metaspace: 15861K->15861K(1064960K)
[13.725s][info ][gc             ] GC(1399) Pause Young (Allocation Failure) 47M->34M(55M) 0.588ms
[13.725s][info ][gc,cpu         ] GC(1399) User=0.01s Sys=0.00s Real=0.00s
[13.726s][info ][gc,start       ] GC(1400) Pause Young (Allocation Failure)
[13.726s][debug][gc,phases      ] GC(1400) Scavenge 0.454ms
[13.726s][debug][gc,phases      ] GC(1400) Reference Processing 0.024ms
[13.726s][debug][gc,phases      ] GC(1400) Weak Processing 0.011ms
[13.726s][debug][gc,phases      ] GC(1400) Scrub String Table 0.068ms
[13.727s][debug][gc,age         ] GC(1400) Desired survivor size 3670016 bytes, new threshold 1 (max threshold 15)
[13.727s][info ][gc,heap        ] GC(1400) PSYoungGen: 16148K->2990K(17920K)
[13.727s][info ][gc,heap        ] GC(1400) ParOldGen: 33555K->33563K(38400K)
[13.727s][info ][gc,metaspace   ] GC(1400) Metaspace: 15861K->15861K(1064960K)
[13.727s][info ][gc             ] GC(1400) Pause Young (Allocation Failure) 48M->35M(55M) 0.815ms
[13.727s][info ][gc,cpu         ] GC(1400) User=0.00s Sys=0.00s Real=0.01s
[13.728s][info ][gc,start       ] GC(1401) Pause Young (Allocation Failure)
[13.728s][debug][gc,phases      ] GC(1401) Scavenge 0.335ms
[13.728s][debug][gc,phases      ] GC(1401) Reference Processing 0.020ms
[13.728s][debug][gc,phases      ] GC(1401) Weak Processing 0.010ms
[13.728s][debug][gc,phases      ] GC(1401) Scrub String Table 0.068ms
[13.728s][debug][gc,age         ] GC(1401) Desired survivor size 3670016 bytes, new threshold 1 (max threshold 15)
[13.728s][info ][gc,heap        ] GC(1401) PSYoungGen: 16955K->2209K(17920K)
[13.728s][info ][gc,heap        ] GC(1401) ParOldGen: 33563K->33563K(38400K)
[13.728s][info ][gc,metaspace   ] GC(1401) Metaspace: 15861K->15861K(1064960K)
[13.728s][info ][gc             ] GC(1401) Pause Young (Allocation Failure) 49M->34M(55M) 0.614ms
[13.728s][info ][gc,cpu         ] GC(1401) User=0.00s Sys=0.00s Real=0.00s
[13.730s][info ][gc,start       ] GC(1402) Pause Young (Allocation Failure)
[13.731s][debug][gc,phases      ] GC(1402) Scavenge 0.925ms
[13.731s][debug][gc,phases      ] GC(1402) Reference Processing 0.019ms
[13.731s][debug][gc,phases      ] GC(1402) Weak Processing 0.011ms
[13.731s][debug][gc,phases      ] GC(1402) Scrub String Table 0.072ms
[13.731s][debug][gc,age         ] GC(1402) Desired survivor size 3670016 bytes, new threshold 1 (max threshold 15)
[13.731s][info ][gc,heap        ] GC(1402) PSYoungGen: 16522K->2145K(17920K)
[13.731s][info ][gc,heap        ] GC(1402) ParOldGen: 33563K->33587K(38400K)
[13.731s][info ][gc,metaspace   ] GC(1402) Metaspace: 15861K->15861K(1064960K)
[13.731s][info ][gc             ] GC(1402) Pause Young (Allocation Failure) 48M->34M(55M) 1.253ms
[13.731s][info ][gc,cpu         ] GC(1402) User=0.00s Sys=0.00s Real=0.00s
[13.732s][info ][gc,start       ] GC(1403) Pause Young (Allocation Failure)
[13.733s][debug][gc,phases      ] GC(1403) Scavenge 0.855ms
[13.733s][debug][gc,phases      ] GC(1403) Reference Processing 0.019ms
[13.733s][debug][gc,phases      ] GC(1403) Weak Processing 0.010ms
[13.734s][debug][gc,phases      ] GC(1403) Scrub String Table 0.069ms
[13.734s][debug][gc,age         ] GC(1403) Desired survivor size 3670016 bytes, new threshold 1 (max threshold 15)
[13.734s][info ][gc,heap        ] GC(1403) PSYoungGen: 16479K->2958K(17920K)
[13.734s][info ][gc,heap        ] GC(1403) ParOldGen: 33587K->34010K(38400K)
[13.734s][info ][gc,metaspace   ] GC(1403) Metaspace: 15861K->15861K(1064960K)
[13.734s][info ][gc             ] GC(1403) Pause Young (Allocation Failure) 48M->36M(55M) 1.144ms
[13.734s][info ][gc,cpu         ] GC(1403) User=0.01s Sys=0.00s Real=0.00s
[13.735s][info ][gc,start       ] GC(1404) Pause Young (Allocation Failure)
[13.736s][debug][gc,phases      ] GC(1404) Scavenge 1.350ms
[13.736s][debug][gc,phases      ] GC(1404) Reference Processing 0.023ms
[13.736s][debug][gc,phases      ] GC(1404) Weak Processing 0.011ms
[13.736s][debug][gc,phases      ] GC(1404) Scrub String Table 0.070ms
[13.736s][debug][gc,age         ] GC(1404) Desired survivor size 4194304 bytes, new threshold 1 (max threshold 15)
[13.736s][info ][gc,heap        ] GC(1404) PSYoungGen: 16934K->3349K(17920K)
[13.736s][info ][gc,heap        ] GC(1404) ParOldGen: 34010K->34018K(38400K)
[13.736s][info ][gc,metaspace   ] GC(1404) Metaspace: 15861K->15861K(1064960K)
[13.736s][info ][gc             ] GC(1404) Pause Young (Allocation Failure) 49M->36M(55M) 1.671ms
[13.737s][info ][gc,cpu         ] GC(1404) User=0.01s Sys=0.00s Real=0.01s
[13.738s][info ][gc,start       ] GC(1405) Pause Young (Allocation Failure)
[13.739s][debug][gc,phases      ] GC(1405) Scavenge 1.306ms
[13.739s][debug][gc,phases      ] GC(1405) Reference Processing 0.021ms
[13.739s][debug][gc,phases      ] GC(1405) Weak Processing 0.011ms
[13.739s][debug][gc,phases      ] GC(1405) Scrub String Table 0.069ms
[13.739s][debug][gc,age         ] GC(1405) Desired survivor size 4194304 bytes, new threshold 1 (max threshold 15)
[13.739s][info ][gc,heap        ] GC(1405) PSYoungGen: 17669K->2926K(16896K)
[13.739s][info ][gc,heap        ] GC(1405) ParOldGen: 34018K->34424K(38400K)
[13.739s][info ][gc,metaspace   ] GC(1405) Metaspace: 15861K->15861K(1064960K)
[13.739s][info ][gc             ] GC(1405) Pause Young (Allocation Failure) 50M->36M(54M) 1.631ms
[13.739s][info ][gc,cpu         ] GC(1405) User=0.00s Sys=0.00s Real=0.00s
[13.740s][info ][gc,start       ] GC(1406) Pause Young (Allocation Failure)
[13.741s][debug][gc,phases      ] GC(1406) Scavenge 0.485ms
[13.741s][debug][gc,phases      ] GC(1406) Reference Processing 0.021ms
[13.741s][debug][gc,phases      ] GC(1406) Weak Processing 0.011ms
[13.741s][debug][gc,phases      ] GC(1406) Scrub String Table 0.068ms
[13.741s][debug][gc,age         ] GC(1406) Desired survivor size 4194304 bytes, new threshold 1 (max threshold 15)
[13.741s][info ][gc,heap        ] GC(1406) PSYoungGen: 16100K->2990K(17408K)
[13.741s][info ][gc,heap        ] GC(1406) ParOldGen: 34424K->34424K(38400K)
[13.741s][info ][gc,metaspace   ] GC(1406) Metaspace: 15861K->15861K(1064960K)
[13.741s][info ][gc             ] GC(1406) Pause Young (Allocation Failure) 49M->36M(54M) 0.790ms
[13.741s][info ][gc,cpu         ] GC(1406) User=0.00s Sys=0.00s Real=0.00s
[13.742s][info ][gc,start       ] GC(1407) Pause Young (Allocation Failure)
[13.743s][debug][gc,phases      ] GC(1407) Scavenge 0.410ms
[13.743s][debug][gc,phases      ] GC(1407) Reference Processing 0.021ms
[13.743s][debug][gc,phases      ] GC(1407) Weak Processing 0.010ms
[13.743s][debug][gc,phases      ] GC(1407) Scrub String Table 0.068ms
[13.743s][debug][gc,age         ] GC(1407) Desired survivor size 4194304 bytes, new threshold 1 (max threshold 15)
[13.743s][info ][gc,heap        ] GC(1407) PSYoungGen: 16156K->2990K(17408K)
[13.743s][info ][gc,heap        ] GC(1407) ParOldGen: 34424K->34432K(38400K)
[13.743s][info ][gc,metaspace   ] GC(1407) Metaspace: 15861K->15861K(1064960K)
[13.743s][info ][gc             ] GC(1407) Pause Young (Allocation Failure) 49M->36M(54M) 0.702ms
[13.743s][info ][gc,cpu         ] GC(1407) User=0.00s Sys=0.00s Real=0.00s
[13.744s][info ][gc,start       ] GC(1408) Pause Young (Allocation Failure)
[13.745s][debug][gc,phases      ] GC(1408) Scavenge 0.487ms
[13.745s][debug][gc,phases      ] GC(1408) Reference Processing 0.020ms
[13.745s][debug][gc,phases      ] GC(1408) Weak Processing 0.010ms
[13.745s][debug][gc,phases      ] GC(1408) Scrub String Table 0.069ms
[13.745s][debug][gc,age         ] GC(1408) Desired survivor size 4194304 bytes, new threshold 1 (max threshold 15)
[13.745s][info ][gc,heap        ] GC(1408) PSYoungGen: 16151K->2567K(17408K)
[13.745s][info ][gc,heap        ] GC(1408) ParOldGen: 34432K->34432K(38400K)
[13.745s][info ][gc,metaspace   ] GC(1408) Metaspace: 15861K->15861K(1064960K)
[13.745s][info ][gc             ] GC(1408) Pause Young (Allocation Failure) 49M->36M(54M) 0.779ms
[13.745s][info ][gc,cpu         ] GC(1408) User=0.00s Sys=0.00s Real=0.00s
[13.746s][info ][gc,start       ] GC(1409) Pause Young (Allocation Failure)
[13.747s][debug][gc,phases      ] GC(1409) Scavenge 0.765ms
[13.747s][debug][gc,phases      ] GC(1409) Reference Processing 0.021ms
[13.747s][debug][gc,phases      ] GC(1409) Weak Processing 0.011ms
[13.747s][debug][gc,phases      ] GC(1409) Scrub String Table 0.090ms
[13.747s][debug][gc,age         ] GC(1409) Desired survivor size 4194304 bytes, new threshold 1 (max threshold 15)
[13.747s][info ][gc,heap        ] GC(1409) PSYoungGen: 15695K->2567K(17408K)
[13.747s][info ][gc,heap        ] GC(1409) ParOldGen: 34432K->34839K(38400K)
[13.747s][info ][gc,metaspace   ] GC(1409) Metaspace: 15861K->15861K(1064960K)
[13.748s][info ][gc             ] GC(1409) Pause Young (Allocation Failure) 48M->36M(54M) 1.176ms
[13.748s][info ][gc,cpu         ] GC(1409) User=0.00s Sys=0.00s Real=0.00s
[13.749s][info ][gc,start       ] GC(1410) Pause Young (Allocation Failure)
[13.750s][debug][gc,phases      ] GC(1410) Scavenge 0.834ms
[13.750s][debug][gc,phases      ] GC(1410) Reference Processing 0.020ms
[13.750s][debug][gc,phases      ] GC(1410) Weak Processing 0.010ms
[13.750s][debug][gc,phases      ] GC(1410) Scrub String Table 0.069ms
[13.750s][debug][gc,age         ] GC(1410) Desired survivor size 3670016 bytes, new threshold 1 (max threshold 15)
[13.750s][info ][gc,heap        ] GC(1410) PSYoungGen: 15735K->2567K(16384K)
[13.750s][info ][gc,heap        ] GC(1410) ParOldGen: 34839K->34839K(38400K)
[13.750s][info ][gc,metaspace   ] GC(1410) Metaspace: 15861K->15861K(1064960K)
[13.750s][info ][gc             ] GC(1410) Pause Young (Allocation Failure) 49M->36M(53M) 1.190ms
[13.750s][info ][gc,cpu         ] GC(1410) User=0.00s Sys=0.01s Real=0.00s
[13.751s][info ][gc,start       ] GC(1411) Pause Young (Allocation Failure)
[13.751s][debug][gc,phases      ] GC(1411) Scavenge 0.393ms
[13.751s][debug][gc,phases      ] GC(1411) Reference Processing 0.027ms
[13.751s][debug][gc,phases      ] GC(1411) Weak Processing 0.014ms
[13.752s][debug][gc,phases      ] GC(1411) Scrub String Table 0.085ms
[13.752s][debug][gc,age         ] GC(1411) Desired survivor size 4194304 bytes, new threshold 1 (max threshold 15)
[13.752s][info ][gc,heap        ] GC(1411) PSYoungGen: 15729K->1786K(16384K)
[13.752s][info ][gc,heap        ] GC(1411) ParOldGen: 34839K->34847K(38400K)
[13.752s][info ][gc,metaspace   ] GC(1411) Metaspace: 15861K->15861K(1064960K)
[13.752s][info ][gc             ] GC(1411) Pause Young (Allocation Failure) 49M->35M(53M) 0.831ms
[13.752s][info ][gc,cpu         ] GC(1411) User=0.00s Sys=0.00s Real=0.00s
[13.753s][info ][gc,start       ] GC(1412) Pause Young (Allocation Failure)
[13.754s][debug][gc,phases      ] GC(1412) Scavenge 1.229ms
[13.754s][debug][gc,phases      ] GC(1412) Reference Processing 0.021ms
[13.754s][debug][gc,phases      ] GC(1412) Weak Processing 0.011ms
[13.754s][debug][gc,phases      ] GC(1412) Scrub String Table 0.092ms
[13.754s][debug][gc,age         ] GC(1412) Desired survivor size 4194304 bytes, new threshold 1 (max threshold 15)
[13.754s][info ][gc,heap        ] GC(1412) PSYoungGen: 14517K->1363K(16896K)
[13.754s][info ][gc,heap        ] GC(1412) ParOldGen: 34847K->35254K(38400K)
[13.754s][info ][gc,metaspace   ] GC(1412) Metaspace: 15861K->15861K(1064960K)
[13.754s][info ][gc             ] GC(1412) Pause Young (Allocation Failure) 48M->35M(54M) 1.622ms
[13.755s][info ][gc,cpu         ] GC(1412) User=0.00s Sys=0.00s Real=0.00s
[13.756s][info ][gc,start       ] GC(1413) Pause Young (Allocation Failure)
[13.756s][debug][gc,phases      ] GC(1413) Scavenge 0.527ms
[13.756s][debug][gc,phases      ] GC(1413) Reference Processing 0.019ms
[13.756s][debug][gc,phases      ] GC(1413) Weak Processing 0.024ms
[13.756s][debug][gc,phases      ] GC(1413) Scrub String Table 0.073ms
[13.756s][debug][gc,age         ] GC(1413) Desired survivor size 4194304 bytes, new threshold 1 (max threshold 15)
[13.756s][info ][gc,heap        ] GC(1413) PSYoungGen: 14096K->2177K(17408K)
[13.756s][info ][gc,heap        ] GC(1413) ParOldGen: 35254K->35676K(38400K)
[13.756s][info ][gc,metaspace   ] GC(1413) Metaspace: 15861K->15861K(1064960K)
[13.756s][info ][gc             ] GC(1413) Pause Young (Allocation Failure) 48M->36M(54M) 0.891ms
[13.756s][info ][gc,cpu         ] GC(1413) User=0.00s Sys=0.00s Real=0.01s
[13.758s][info ][gc,start       ] GC(1414) Pause Young (Allocation Failure)
[13.759s][debug][gc,phases      ] GC(1414) Scavenge 1.299ms
[13.759s][debug][gc,phases      ] GC(1414) Reference Processing 0.026ms
[13.759s][debug][gc,phases      ] GC(1414) Weak Processing 0.013ms
[13.759s][debug][gc,phases      ] GC(1414) Scrub String Table 0.105ms
[13.759s][debug][gc,age         ] GC(1414) Desired survivor size 3670016 bytes, new threshold 1 (max threshold 15)
[13.759s][info ][gc,heap        ] GC(1414) PSYoungGen: 15318K->2503K(15872K)
[13.759s][info ][gc,heap        ] GC(1414) ParOldGen: 35676K->36083K(38400K)
[13.759s][info ][gc,metaspace   ] GC(1414) Metaspace: 15861K->15861K(1064960K)
[13.759s][info ][gc             ] GC(1414) Pause Young (Allocation Failure) 49M->37M(53M) 1.745ms
[13.759s][info ][gc,cpu         ] GC(1414) User=0.01s Sys=0.00s Real=0.00s
[13.760s][info ][gc,start       ] GC(1415) Pause Young (Allocation Failure)
[13.761s][debug][gc,phases      ] GC(1415) Scavenge 0.445ms
[13.761s][debug][gc,phases      ] GC(1415) Reference Processing 0.019ms
[13.761s][debug][gc,phases      ] GC(1415) Weak Processing 0.010ms
[13.761s][debug][gc,phases      ] GC(1415) Scrub String Table 0.067ms
[13.761s][debug][gc,age         ] GC(1415) Desired survivor size 3670016 bytes, new threshold 1 (max threshold 15)
[13.761s][info ][gc,heap        ] GC(1415) PSYoungGen: 15681K->2177K(16896K)
[13.761s][info ][gc,heap        ] GC(1415) ParOldGen: 36083K->36091K(38400K)
[13.761s][info ][gc,metaspace   ] GC(1415) Metaspace: 15861K->15861K(1064960K)
[13.761s][info ][gc             ] GC(1415) Pause Young (Allocation Failure) 50M->37M(54M) 0.741ms
[13.761s][info ][gc,cpu         ] GC(1415) User=0.00s Sys=0.00s Real=0.00s
[13.762s][info ][gc,start       ] GC(1416) Pause Young (Allocation Failure)
[13.764s][debug][gc,phases      ] GC(1416) Scavenge 1.215ms
[13.764s][debug][gc,phases      ] GC(1416) Reference Processing 0.019ms
[13.764s][debug][gc,phases      ] GC(1416) Weak Processing 0.010ms
[13.764s][debug][gc,phases      ] GC(1416) Scrub String Table 0.069ms
[13.764s][debug][gc,age         ] GC(1416) Desired survivor size 3670016 bytes, new threshold 1 (max threshold 15)
[13.764s][info ][gc,heap        ] GC(1416) PSYoungGen: 15306K->2535K(16896K)
[13.764s][info ][gc,heap        ] GC(1416) ParOldGen: 36091K->36514K(38400K)
[13.764s][info ][gc,metaspace   ] GC(1416) Metaspace: 15861K->15861K(1064960K)
[13.764s][info ][gc             ] GC(1416) Pause Young (Allocation Failure) 50M->38M(54M) 1.502ms
[13.764s][info ][gc,cpu         ] GC(1416) User=0.00s Sys=0.00s Real=0.00s
[13.765s][info ][gc,start       ] GC(1417) Pause Young (Allocation Failure)
[13.766s][debug][gc,phases      ] GC(1417) Scavenge 1.092ms
[13.766s][debug][gc,phases      ] GC(1417) Reference Processing 0.020ms
[13.766s][debug][gc,phases      ] GC(1417) Weak Processing 0.013ms
[13.766s][debug][gc,phases      ] GC(1417) Scrub String Table 0.082ms
[13.766s][debug][gc,age         ] GC(1417) Desired survivor size 3670016 bytes, new threshold 1 (max threshold 15)
[13.766s][info ][gc,heap        ] GC(1417) PSYoungGen: 15712K->2567K(17920K)
[13.766s][info ][gc,heap        ] GC(1417) ParOldGen: 36514K->36538K(38400K)
[13.766s][info ][gc,metaspace   ] GC(1417) Metaspace: 15861K->15861K(1064960K)
[13.766s][info ][gc             ] GC(1417) Pause Young (Allocation Failure) 51M->38M(55M) 1.400ms
[13.766s][info ][gc,cpu         ] GC(1417) User=0.00s Sys=0.00s Real=0.01s
[13.767s][info ][gc,start       ] GC(1418) Pause Young (Allocation Failure)
[13.768s][debug][gc,phases      ] GC(1418) Scavenge 0.438ms
[13.768s][debug][gc,phases      ] GC(1418) Reference Processing 0.020ms
[13.768s][debug][gc,phases      ] GC(1418) Weak Processing 0.014ms
[13.768s][debug][gc,phases      ] GC(1418) Scrub String Table 0.079ms
[13.768s][debug][gc,age         ] GC(1418) Desired survivor size 3670016 bytes, new threshold 1 (max threshold 15)
[13.768s][info ][gc,heap        ] GC(1418) PSYoungGen: 16538K->2209K(17920K)
[13.768s][info ][gc,heap        ] GC(1418) ParOldGen: 36538K->36546K(38400K)
[13.768s][info ][gc,metaspace   ] GC(1418) Metaspace: 15861K->15861K(1064960K)
[13.768s][info ][gc             ] GC(1418) Pause Young (Allocation Failure) 51M->37M(55M) 0.739ms
[13.768s][info ][gc,cpu         ] GC(1418) User=0.00s Sys=0.00s Real=0.00s
[13.769s][info ][gc,start       ] GC(1419) Pause Young (Allocation Failure)
[13.771s][debug][gc,phases      ] GC(1419) Scavenge 1.320ms
[13.771s][debug][gc,phases      ] GC(1419) Reference Processing 0.020ms
[13.771s][debug][gc,phases      ] GC(1419) Weak Processing 0.010ms
[13.771s][debug][gc,phases      ] GC(1419) Scrub String Table 0.070ms
[13.771s][debug][gc,age         ] GC(1419) Desired survivor size 3670016 bytes, new threshold 1 (max threshold 15)
[13.771s][info ][gc,heap        ] GC(1419) PSYoungGen: 16174K->2958K(17920K)
[13.771s][info ][gc,heap        ] GC(1419) ParOldGen: 36546K->36554K(38400K)
[13.771s][info ][gc,metaspace   ] GC(1419) Metaspace: 15861K->15861K(1064960K)
[13.771s][info ][gc             ] GC(1419) Pause Young (Allocation Failure) 51M->38M(55M) 1.613ms
[13.771s][info ][gc,cpu         ] GC(1419) User=0.00s Sys=0.00s Real=0.00s
[13.772s][info ][gc,start       ] GC(1420) Pause Young (Allocation Failure)
[13.772s][debug][gc,phases      ] GC(1420) Scavenge 0.448ms
[13.772s][debug][gc,phases      ] GC(1420) Reference Processing 0.024ms
[13.772s][debug][gc,phases      ] GC(1420) Weak Processing 0.011ms
[13.773s][debug][gc,phases      ] GC(1420) Scrub String Table 0.072ms
[13.773s][debug][gc,age         ] GC(1420) Desired survivor size 4194304 bytes, new threshold 1 (max threshold 15)
[13.773s][info ][gc,heap        ] GC(1420) PSYoungGen: 16919K->3381K(17920K)
[13.773s][info ][gc,heap        ] GC(1420) ParOldGen: 36554K->36554K(38400K)
[13.773s][info ][gc,metaspace   ] GC(1420) Metaspace: 15861K->15861K(1064960K)
[13.773s][info ][gc             ] GC(1420) Pause Young (Allocation Failure) 52M->38M(55M) 0.774ms
[13.773s][info ][gc,cpu         ] GC(1420) User=0.00s Sys=0.00s Real=0.00s
[13.774s][info ][gc,start       ] GC(1421) Pause Young (Allocation Failure)
[13.774s][debug][gc,phases      ] GC(1421) Scavenge 0.419ms
[13.774s][debug][gc,phases      ] GC(1421) Reference Processing 0.020ms
[13.774s][debug][gc,phases      ] GC(1421) Weak Processing 0.011ms
[13.774s][debug][gc,phases      ] GC(1421) Scrub String Table 0.067ms
[13.774s][debug][gc,age         ] GC(1421) Desired survivor size 4194304 bytes, new threshold 1 (max threshold 15)
[13.775s][info ][gc,heap        ] GC(1421) PSYoungGen: 17339K->2990K(16896K)
[13.775s][info ][gc,heap        ] GC(1421) ParOldGen: 36554K->36554K(38400K)
[13.775s][info ][gc,metaspace   ] GC(1421) Metaspace: 15861K->15861K(1064960K)
[13.775s][info ][gc             ] GC(1421) Pause Young (Allocation Failure) 52M->38M(54M) 0.710ms
[13.775s][info ][gc,cpu         ] GC(1421) User=0.00s Sys=0.00s Real=0.00s
[13.776s][info ][gc,start       ] GC(1422) Pause Young (Allocation Failure)
[13.776s][debug][gc,phases      ] GC(1422) Scavenge 0.443ms
[13.776s][debug][gc,phases      ] GC(1422) Reference Processing 0.019ms
[13.776s][debug][gc,phases      ] GC(1422) Weak Processing 0.011ms
[13.776s][debug][gc,phases      ] GC(1422) Scrub String Table 0.071ms
[13.776s][debug][gc,age         ] GC(1422) Desired survivor size 4194304 bytes, new threshold 1 (max threshold 15)
[13.776s][info ][gc,heap        ] GC(1422) PSYoungGen: 16145K->3381K(17408K)
[13.776s][info ][gc,heap        ] GC(1422) ParOldGen: 36554K->36554K(38400K)
[13.776s][info ][gc,metaspace   ] GC(1422) Metaspace: 15861K->15861K(1064960K)
[13.776s][info ][gc             ] GC(1422) Pause Young (Allocation Failure) 51M->38M(54M) 0.738ms
[13.777s][info ][gc,cpu         ] GC(1422) User=0.00s Sys=0.00s Real=0.01s
[13.778s][info ][gc,start       ] GC(1423) Pause Young (Allocation Failure)
[13.779s][debug][gc,phases      ] GC(1423) Scavenge 1.171ms
[13.779s][debug][gc,phases      ] GC(1423) Reference Processing 0.020ms
[13.779s][debug][gc,phases      ] GC(1423) Weak Processing 0.012ms
[13.779s][debug][gc,phases      ] GC(1423) Scrub String Table 0.068ms
[13.779s][debug][gc,age         ] GC(1423) Desired survivor size 4194304 bytes, new threshold 1 (max threshold 15)
[13.779s][info ][gc,heap        ] GC(1423) PSYoungGen: 16535K->2177K(17408K)
[13.779s][info ][gc,heap        ] GC(1423) ParOldGen: 36554K->36554K(38400K)
[13.779s][info ][gc,metaspace   ] GC(1423) Metaspace: 15861K->15861K(1064960K)
[13.779s][info ][gc             ] GC(1423) Pause Young (Allocation Failure) 51M->37M(54M) 1.457ms
[13.779s][info ][gc,cpu         ] GC(1423) User=0.00s Sys=0.00s Real=0.00s
[13.780s][info ][gc,start       ] GC(1424) Pause Young (Allocation Failure)
[13.781s][debug][gc,phases      ] GC(1424) Scavenge 0.443ms
[13.781s][debug][gc,phases      ] GC(1424) Reference Processing 0.021ms
[13.781s][debug][gc,phases      ] GC(1424) Weak Processing 0.011ms
[13.781s][debug][gc,phases      ] GC(1424) Scrub String Table 0.074ms
[13.781s][debug][gc,age         ] GC(1424) Desired survivor size 4194304 bytes, new threshold 1 (max threshold 15)
[13.781s][info ][gc,heap        ] GC(1424) PSYoungGen: 15330K->2599K(17408K)
[13.781s][info ][gc,heap        ] GC(1424) ParOldGen: 36554K->36554K(38400K)
[13.781s][info ][gc,metaspace   ] GC(1424) Metaspace: 15861K->15861K(1064960K)
[13.781s][info ][gc             ] GC(1424) Pause Young (Allocation Failure) 50M->38M(54M) 0.729ms
[13.781s][info ][gc,cpu         ] GC(1424) User=0.00s Sys=0.00s Real=0.00s
[13.782s][info ][gc,start       ] GC(1425) Pause Young (Allocation Failure)
[13.783s][debug][gc,phases      ] GC(1425) Scavenge 0.691ms
[13.783s][debug][gc,phases      ] GC(1425) Reference Processing 0.020ms
[13.783s][debug][gc,phases      ] GC(1425) Weak Processing 0.010ms
[13.783s][debug][gc,phases      ] GC(1425) Scrub String Table 0.068ms
[13.783s][debug][gc,age         ] GC(1425) Desired survivor size 4194304 bytes, new threshold 1 (max threshold 15)
[13.783s][info ][gc,heap        ] GC(1425) PSYoungGen: 15753K->2958K(17408K)
[13.783s][info ][gc,heap        ] GC(1425) ParOldGen: 36554K->36968K(38400K)
[13.783s][info ][gc,metaspace   ] GC(1425) Metaspace: 15861K->15861K(1064960K)
[13.783s][info ][gc             ] GC(1425) Pause Young (Allocation Failure) 51M->38M(54M) 0.985ms
[13.783s][info ][gc,cpu         ] GC(1425) User=0.00s Sys=0.00s Real=0.00s
[13.784s][info ][gc,start       ] GC(1426) Pause Young (Allocation Failure)
[13.785s][debug][gc,phases      ] GC(1426) Scavenge 0.392ms
[13.785s][debug][gc,phases      ] GC(1426) Reference Processing 0.020ms
[13.785s][debug][gc,phases      ] GC(1426) Weak Processing 0.010ms
[13.785s][debug][gc,phases      ] GC(1426) Scrub String Table 0.069ms
[13.785s][debug][gc,age         ] GC(1426) Desired survivor size 4194304 bytes, new threshold 1 (max threshold 15)
[13.785s][info ][gc,heap        ] GC(1426) PSYoungGen: 16111K->2990K(17408K)
[13.785s][info ][gc,heap        ] GC(1426) ParOldGen: 36968K->36968K(38400K)
[13.785s][info ][gc,metaspace   ] GC(1426) Metaspace: 15861K->15861K(1064960K)
[13.785s][info ][gc             ] GC(1426) Pause Young (Allocation Failure) 51M->39M(54M) 0.705ms
[13.785s][info ][gc,cpu         ] GC(1426) User=0.00s Sys=0.00s Real=0.00s
[13.786s][info ][gc,start       ] GC(1427) Pause Young (Allocation Failure)
[13.787s][debug][gc,phases      ] GC(1427) Scavenge 0.506ms
[13.787s][debug][gc,phases      ] GC(1427) Reference Processing 0.019ms
[13.787s][debug][gc,phases      ] GC(1427) Weak Processing 0.010ms
[13.787s][debug][gc,phases      ] GC(1427) Scrub String Table 0.068ms
[13.787s][debug][gc,age         ] GC(1427) Desired survivor size 4194304 bytes, new threshold 1 (max threshold 15)
[13.787s][info ][gc,heap        ] GC(1427) PSYoungGen: 16143K->2599K(17408K)
[13.787s][info ][gc,heap        ] GC(1427) ParOldGen: 36968K->36976K(38400K)
[13.787s][info ][gc,metaspace   ] GC(1427) Metaspace: 15861K->15861K(1064960K)
[13.787s][info ][gc             ] GC(1427) Pause Young (Allocation Failure) 51M->38M(54M) 0.797ms
[13.787s][info ][gc,cpu         ] GC(1427) User=0.00s Sys=0.00s Real=0.01s
[13.788s][info ][gc,start       ] GC(1428) Pause Young (Allocation Failure)
[13.789s][debug][gc,phases      ] GC(1428) Scavenge 1.033ms
[13.789s][debug][gc,phases      ] GC(1428) Reference Processing 0.019ms
[13.789s][debug][gc,phases      ] GC(1428) Weak Processing 0.011ms
[13.789s][debug][gc,phases      ] GC(1428) Scrub String Table 0.070ms
[13.789s][debug][gc,age         ] GC(1428) Desired survivor size 4194304 bytes, new threshold 1 (max threshold 15)
[13.789s][info ][gc,heap        ] GC(1428) PSYoungGen: 15717K->2113K(17408K)
[13.789s][info ][gc,heap        ] GC(1428) ParOldGen: 36976K->37391K(38400K)
[13.789s][info ][gc,metaspace   ] GC(1428) Metaspace: 15861K->15861K(1064960K)
[13.789s][info ][gc             ] GC(1428) Pause Young (Allocation Failure) 51M->38M(54M) 1.332ms
[13.789s][info ][gc,cpu         ] GC(1428) User=0.00s Sys=0.00s Real=0.00s
[13.790s][info ][gc,start       ] GC(1429) Pause Young (Allocation Failure)
[13.791s][debug][gc,phases      ] GC(1429) Scavenge 0.410ms
[13.791s][debug][gc,phases      ] GC(1429) Reference Processing 0.018ms
[13.791s][debug][gc,phases      ] GC(1429) Weak Processing 0.010ms
[13.791s][debug][gc,phases      ] GC(1429) Scrub String Table 0.069ms
[13.791s][debug][gc,age         ] GC(1429) Desired survivor size 4194304 bytes, new threshold 1 (max threshold 15)
[13.791s][info ][gc,heap        ] GC(1429) PSYoungGen: 15278K->2990K(17408K)
[13.791s][info ][gc,heap        ] GC(1429) ParOldGen: 37391K->37399K(38400K)
[13.791s][info ][gc,metaspace   ] GC(1429) Metaspace: 15861K->15861K(1064960K)
[13.791s][info ][gc             ] GC(1429) Pause Young (Allocation Failure) 51M->39M(54M) 0.680ms
[13.791s][info ][gc,cpu         ] GC(1429) User=0.00s Sys=0.00s Real=0.00s
[13.792s][info ][gc,start       ] GC(1430) Pause Young (Allocation Failure)
[13.792s][debug][gc,phases      ] GC(1430) Scavenge 0.400ms
[13.793s][debug][gc,phases      ] GC(1430) Reference Processing 0.020ms
[13.793s][debug][gc,phases      ] GC(1430) Weak Processing 0.010ms
[13.793s][debug][gc,phases      ] GC(1430) Scrub String Table 0.068ms
[13.793s][debug][gc,age         ] GC(1430) Desired survivor size 4194304 bytes, new threshold 1 (max threshold 15)
[13.793s][info ][gc,heap        ] GC(1430) PSYoungGen: 16151K->2990K(17408K)
[13.793s][info ][gc,heap        ] GC(1430) ParOldGen: 37399K->37407K(38400K)
[13.793s][info ][gc,metaspace   ] GC(1430) Metaspace: 15861K->15861K(1064960K)
[13.793s][info ][gc             ] GC(1430) Pause Young (Allocation Failure) 52M->39M(54M) 0.680ms
[13.793s][info ][gc,cpu         ] GC(1430) User=0.00s Sys=0.00s Real=0.00s
[13.794s][info ][gc,start       ] GC(1431) Pause Young (Allocation Failure)
[13.794s][debug][gc,phases      ] GC(1431) Scavenge 0.440ms
[13.794s][debug][gc,phases      ] GC(1431) Reference Processing 0.023ms
[13.794s][debug][gc,phases      ] GC(1431) Weak Processing 0.012ms
[13.794s][debug][gc,phases      ] GC(1431) Scrub String Table 0.070ms
[13.794s][debug][gc,age         ] GC(1431) Desired survivor size 4194304 bytes, new threshold 1 (max threshold 15)
[13.794s][info ][gc,heap        ] GC(1431) PSYoungGen: 16148K->2599K(17408K)
[13.794s][info ][gc,heap        ] GC(1431) ParOldGen: 37407K->37415K(38400K)
[13.795s][info ][gc,metaspace   ] GC(1431) Metaspace: 15861K->15861K(1064960K)
[13.795s][info ][gc             ] GC(1431) Pause Young (Allocation Failure) 52M->39M(54M) 0.775ms
[13.795s][info ][gc,cpu         ] GC(1431) User=0.00s Sys=0.00s Real=0.00s
[13.796s][info ][gc,start       ] GC(1432) Pause Young (Allocation Failure)
[13.797s][debug][gc,phases      ] GC(1432) Scavenge 1.048ms
[13.797s][debug][gc,phases      ] GC(1432) Reference Processing 0.024ms
[13.797s][debug][gc,phases      ] GC(1432) Weak Processing 0.011ms
[13.797s][debug][gc,phases      ] GC(1432) Scrub String Table 0.068ms
[13.797s][debug][gc,age         ] GC(1432) Desired survivor size 4194304 bytes, new threshold 1 (max threshold 15)
[13.797s][info ][gc,heap        ] GC(1432) PSYoungGen: 15755K->2145K(17408K)
[13.797s][info ][gc,heap        ] GC(1432) ParOldGen: 37415K->37415K(38400K)
[13.797s][info ][gc,metaspace   ] GC(1432) Metaspace: 15861K->15861K(1064960K)
[13.797s][info ][gc             ] GC(1432) Pause Young (Allocation Failure) 51M->38M(54M) 1.367ms
[13.797s][info ][gc,cpu         ] GC(1432) User=0.00s Sys=0.00s Real=0.01s
[13.798s][info ][gc,start       ] GC(1433) Pause Young (Allocation Failure)
[13.799s][debug][gc,phases      ] GC(1433) Scavenge 1.144ms
[13.799s][debug][gc,phases      ] GC(1433) Reference Processing 0.021ms
[13.800s][debug][gc,phases      ] GC(1433) Weak Processing 0.011ms
[13.800s][debug][gc,phases      ] GC(1433) Scrub String Table 0.068ms
[13.800s][debug][gc,age         ] GC(1433) Desired survivor size 3670016 bytes, new threshold 1 (max threshold 15)
[13.800s][info ][gc,heap        ] GC(1433) PSYoungGen: 15299K->2503K(16384K)
[13.800s][info ][gc,heap        ] GC(1433) ParOldGen: 37415K->37447K(38400K)
[13.800s][info ][gc,metaspace   ] GC(1433) Metaspace: 15861K->15861K(1064960K)
[13.800s][info ][gc             ] GC(1433) Pause Young (Allocation Failure) 51M->39M(53M) 1.519ms
[13.800s][info ][gc,cpu         ] GC(1433) User=0.00s Sys=0.00s Real=0.00s
[13.801s][info ][gc,start       ] GC(1434) Pause Young (Allocation Failure)
[13.801s][debug][gc,phases      ] GC(1434) Scavenge 0.377ms
[13.801s][debug][gc,phases      ] GC(1434) Reference Processing 0.023ms
[13.801s][debug][gc,phases      ] GC(1434) Weak Processing 0.010ms
[13.801s][debug][gc,phases      ] GC(1434) Scrub String Table 0.070ms
[13.801s][debug][gc,age         ] GC(1434) Desired survivor size 3670016 bytes, new threshold 1 (max threshold 15)
[13.801s][info ][gc,heap        ] GC(1434) PSYoungGen: 15657K->2567K(16896K)
[13.801s][info ][gc,heap        ] GC(1434) ParOldGen: 37447K->37447K(38400K)
[13.801s][info ][gc,metaspace   ] GC(1434) Metaspace: 15861K->15861K(1064960K)
[13.801s][info ][gc             ] GC(1434) Pause Young (Allocation Failure) 51M->39M(54M) 0.695ms
[13.801s][info ][gc,cpu         ] GC(1434) User=0.00s Sys=0.00s Real=0.00s
[13.802s][info ][gc,start       ] GC(1435) Pause Young (Allocation Failure)
[13.804s][debug][gc,phases      ] GC(1435) Scavenge 1.282ms
[13.804s][debug][gc,phases      ] GC(1435) Reference Processing 0.022ms
[13.804s][debug][gc,phases      ] GC(1435) Weak Processing 0.010ms
[13.804s][debug][gc,phases      ] GC(1435) Scrub String Table 0.067ms
[13.804s][debug][gc,age         ] GC(1435) Desired survivor size 3670016 bytes, new threshold 1 (max threshold 15)
[13.804s][info ][gc,heap        ] GC(1435) PSYoungGen: 15721K->2958K(17920K)
[13.804s][info ][gc,heap        ] GC(1435) ParOldGen: 37447K->37463K(38400K)
[13.804s][info ][gc,metaspace   ] GC(1435) Metaspace: 15861K->15861K(1064960K)
[13.804s][info ][gc             ] GC(1435) Pause Young (Allocation Failure) 51M->39M(55M) 1.586ms
[13.804s][info ][gc,cpu         ] GC(1435) User=0.00s Sys=0.01s Real=0.00s
[13.805s][info ][gc,start       ] GC(1436) Pause Young (Allocation Failure)
[13.806s][debug][gc,phases      ] GC(1436) Scavenge 0.458ms
[13.806s][debug][gc,phases      ] GC(1436) Reference Processing 0.021ms
[13.806s][debug][gc,phases      ] GC(1436) Weak Processing 0.010ms
[13.806s][debug][gc,phases      ] GC(1436) Scrub String Table 0.068ms
[13.806s][debug][gc,age         ] GC(1436) Desired survivor size 3670016 bytes, new threshold 1 (max threshold 15)
[13.806s][info ][gc,heap        ] GC(1436) PSYoungGen: 16913K->2567K(17920K)
[13.806s][info ][gc,heap        ] GC(1436) ParOldGen: 37463K->37463K(38400K)
[13.806s][info ][gc,metaspace   ] GC(1436) Metaspace: 15861K->15861K(1064960K)
[13.806s][info ][gc             ] GC(1436) Pause Young (Allocation Failure) 53M->39M(55M) 0.750ms
[13.806s][info ][gc,cpu         ] GC(1436) User=0.00s Sys=0.00s Real=0.00s
[13.807s][info ][gc,start       ] GC(1437) Pause Young (Allocation Failure)
[13.808s][debug][gc,phases      ] GC(1437) Scavenge 0.574ms
[13.808s][debug][gc,phases      ] GC(1437) Reference Processing 0.022ms
[13.808s][debug][gc,phases      ] GC(1437) Weak Processing 0.014ms
[13.808s][debug][gc,phases      ] GC(1437) Scrub String Table 0.070ms
[13.808s][debug][gc,age         ] GC(1437) Desired survivor size 3670016 bytes, new threshold 1 (max threshold 15)
[13.808s][info ][gc,heap        ] GC(1437) PSYoungGen: 16522K->2599K(17920K)
[13.808s][info ][gc,heap        ] GC(1437) ParOldGen: 37463K->37463K(38400K)
[13.808s][info ][gc,metaspace   ] GC(1437) Metaspace: 15861K->15861K(1064960K)
[13.808s][info ][gc             ] GC(1437) Pause Young (Allocation Failure) 52M->39M(55M) 0.919ms
[13.808s][info ][gc,cpu         ] GC(1437) User=0.00s Sys=0.00s Real=0.00s
[13.809s][info ][gc,start       ] GC(1438) Pause Young (Allocation Failure)
[13.810s][debug][gc,phases      ] GC(1438) Scavenge 0.452ms
[13.810s][debug][gc,phases      ] GC(1438) Reference Processing 0.021ms
[13.810s][debug][gc,phases      ] GC(1438) Weak Processing 0.010ms
[13.810s][debug][gc,phases      ] GC(1438) Scrub String Table 0.070ms
[13.810s][debug][gc,age         ] GC(1438) Desired survivor size 3670016 bytes, new threshold 1 (max threshold 15)
[13.810s][info ][gc,heap        ] GC(1438) PSYoungGen: 16554K->2599K(17920K)
[13.810s][info ][gc,heap        ] GC(1438) ParOldGen: 37463K->37463K(38400K)
[13.810s][info ][gc,metaspace   ] GC(1438) Metaspace: 15861K->15861K(1064960K)
[13.810s][info ][gc             ] GC(1438) Pause Young (Allocation Failure) 52M->39M(55M) 0.741ms
[13.810s][info ][gc,cpu         ] GC(1438) User=0.00s Sys=0.00s Real=0.00s
[13.811s][info ][gc,start       ] GC(1439) Pause Young (Allocation Failure)
[13.811s][debug][gc,phases      ] GC(1439) Scavenge 0.378ms
[13.811s][debug][gc,phases      ] GC(1439) Reference Processing 0.020ms
[13.811s][debug][gc,phases      ] GC(1439) Weak Processing 0.011ms
[13.811s][debug][gc,phases      ] GC(1439) Scrub String Table 0.069ms
[13.811s][debug][gc,age         ] GC(1439) Desired survivor size 3670016 bytes, new threshold 1 (max threshold 15)
[13.811s][info ][gc,heap        ] GC(1439) PSYoungGen: 16553K->2599K(17920K)
[13.811s][info ][gc,heap        ] GC(1439) ParOldGen: 37463K->37463K(38400K)
[13.811s][info ][gc,metaspace   ] GC(1439) Metaspace: 15861K->15861K(1064960K)
[13.812s][info ][gc             ] GC(1439) Pause Young (Allocation Failure) 52M->39M(55M) 0.661ms
[13.812s][info ][gc,cpu         ] GC(1439) User=0.00s Sys=0.00s Real=0.00s
[13.813s][info ][gc,start       ] GC(1440) Pause Young (Allocation Failure)
[13.814s][debug][gc,phases      ] GC(1440) Scavenge 1.389ms
[13.814s][debug][gc,phases      ] GC(1440) Reference Processing 0.039ms
[13.814s][debug][gc,phases      ] GC(1440) Weak Processing 0.015ms
[13.815s][debug][gc,phases      ] GC(1440) Scrub String Table 0.080ms
[13.815s][debug][gc,age         ] GC(1440) Desired survivor size 3670016 bytes, new threshold 1 (max threshold 15)
[13.815s][info ][gc,heap        ] GC(1440) PSYoungGen: 16910K->2503K(17920K)
[13.815s][info ][gc,heap        ] GC(1440) ParOldGen: 37463K->37861K(38400K)
[13.815s][info ][gc,metaspace   ] GC(1440) Metaspace: 15861K->15861K(1064960K)
[13.815s][info ][gc             ] GC(1440) Pause Young (Allocation Failure) 53M->39M(55M) 1.764ms
[13.815s][info ][gc,cpu         ] GC(1440) User=0.00s Sys=0.00s Real=0.00s
[13.815s][debug][gc,phases      ] GC(1441) Pre Compact 0.027ms
[13.815s][info ][gc,start       ] GC(1441) Pause Full (Ergonomics)
[13.815s][info ][gc,phases,start] GC(1441) Marking Phase
[13.818s][debug][gc,phases      ] GC(1441) Par Mark 3.265ms
[13.818s][debug][gc,phases      ] GC(1441) Reference Processing 0.059ms
[13.818s][debug][gc,phases      ] GC(1441) Weak Processing 0.010ms
[13.818s][debug][gc,phases      ] GC(1441) ClassLoaderData 0.024ms
[13.818s][debug][gc,phases      ] GC(1441) ProtectionDomainCacheTable 0.002ms
[13.818s][debug][gc,phases      ] GC(1441) ResolvedMethodTable 0.014ms
[13.819s][debug][gc,phases      ] GC(1441) Class Unloading 0.726ms
[13.819s][debug][gc,phases      ] GC(1441) Scrub String Table 0.059ms
[13.820s][debug][gc,phases      ] GC(1441) Scrub Symbol Table 0.977ms
[13.820s][info ][gc,phases      ] GC(1441) Marking Phase 5.246ms
[13.820s][info ][gc,phases,start] GC(1441) Summary Phase
[13.820s][info ][gc,phases      ] GC(1441) Summary Phase 0.013ms
[13.820s][info ][gc,phases,start] GC(1441) Adjust Roots
[13.822s][info ][gc,phases      ] GC(1441) Adjust Roots 1.666ms
[13.822s][info ][gc,phases,start] GC(1441) Compaction Phase
[13.823s][info ][gc,phases      ] GC(1441) Compaction Phase 1.199ms
[13.823s][info ][gc,phases,start] GC(1441) Post Compact
[13.823s][info ][gc,phases      ] GC(1441) Post Compact 0.083ms
[13.823s][info ][gc,heap        ] GC(1441) PSYoungGen: 2503K->0K(17920K)
[13.823s][info ][gc,heap        ] GC(1441) ParOldGen: 37861K->5809K(37888K)
[13.823s][info ][gc,metaspace   ] GC(1441) Metaspace: 15861K->15861K(1064960K)
[13.823s][info ][gc             ] GC(1441) Pause Full (Ergonomics) 39M->5M(54M) 8.399ms
[13.823s][info ][gc,cpu         ] GC(1441) User=0.03s Sys=0.00s Real=0.01s
[13.824s][info ][gc,start       ] GC(1442) Pause Young (Allocation Failure)
[13.825s][debug][gc,phases      ] GC(1442) Scavenge 1.194ms
[13.826s][debug][gc,phases      ] GC(1442) Reference Processing 0.020ms
[13.826s][debug][gc,phases      ] GC(1442) Weak Processing 0.011ms
[13.826s][debug][gc,phases      ] GC(1442) Scrub String Table 0.068ms
[13.826s][debug][gc,age         ] GC(1442) Desired survivor size 3670016 bytes, new threshold 1 (max threshold 15)
[13.826s][info ][gc,heap        ] GC(1442) PSYoungGen: 13966K->2894K(17920K)
[13.826s][info ][gc,heap        ] GC(1442) ParOldGen: 5809K->5809K(37888K)
[13.826s][info ][gc,metaspace   ] GC(1442) Metaspace: 15861K->15861K(1064960K)
[13.826s][info ][gc             ] GC(1442) Pause Young (Allocation Failure) 19M->8M(54M) 1.487ms
[13.826s][info ][gc,cpu         ] GC(1442) User=0.01s Sys=0.00s Real=0.00s
[13.827s][info ][gc,start       ] GC(1443) Pause Young (Allocation Failure)
[13.828s][debug][gc,phases      ] GC(1443) Scavenge 1.041ms
[13.828s][debug][gc,phases      ] GC(1443) Reference Processing 0.019ms
[13.828s][debug][gc,phases      ] GC(1443) Weak Processing 0.013ms
[13.828s][debug][gc,phases      ] GC(1443) Scrub String Table 0.125ms
[13.828s][debug][gc,age         ] GC(1443) Desired survivor size 3670016 bytes, new threshold 1 (max threshold 15)
[13.828s][info ][gc,heap        ] GC(1443) PSYoungGen: 17208K->2535K(17920K)
[13.828s][info ][gc,heap        ] GC(1443) ParOldGen: 5809K->6231K(37888K)
[13.828s][info ][gc,metaspace   ] GC(1443) Metaspace: 15861K->15861K(1064960K)
[13.828s][info ][gc             ] GC(1443) Pause Young (Allocation Failure) 22M->8M(54M) 1.384ms
[13.828s][info ][gc,cpu         ] GC(1443) User=0.01s Sys=0.00s Real=0.00s
[13.830s][info ][gc,start       ] GC(1444) Pause Young (Allocation Failure)
[13.831s][debug][gc,phases      ] GC(1444) Scavenge 1.148ms
[13.831s][debug][gc,phases      ] GC(1444) Reference Processing 0.030ms
[13.831s][debug][gc,phases      ] GC(1444) Weak Processing 0.027ms
[13.831s][debug][gc,phases      ] GC(1444) Scrub String Table 0.082ms
[13.831s][debug][gc,age         ] GC(1444) Desired survivor size 3670016 bytes, new threshold 1 (max threshold 15)
[13.831s][info ][gc,heap        ] GC(1444) PSYoungGen: 16870K->2113K(17920K)
[13.831s][info ][gc,heap        ] GC(1444) ParOldGen: 6231K->6638K(37888K)
[13.831s][info ][gc,metaspace   ] GC(1444) Metaspace: 15861K->15861K(1064960K)
[13.831s][info ][gc             ] GC(1444) Pause Young (Allocation Failure) 22M->8M(54M) 1.593ms
[13.831s][info ][gc,cpu         ] GC(1444) User=0.01s Sys=0.00s Real=0.00s
[13.832s][info ][gc,start       ] GC(1445) Pause Young (Allocation Failure)
[13.833s][debug][gc,phases      ] GC(1445) Scavenge 1.052ms
[13.834s][debug][gc,phases      ] GC(1445) Reference Processing 0.023ms
[13.834s][debug][gc,phases      ] GC(1445) Weak Processing 0.012ms
[13.834s][debug][gc,phases      ] GC(1445) Scrub String Table 0.068ms
[13.834s][debug][gc,age         ] GC(1445) Desired survivor size 3670016 bytes, new threshold 1 (max threshold 15)
[13.834s][info ][gc,heap        ] GC(1445) PSYoungGen: 16449K->1754K(17920K)
[13.834s][info ][gc,heap        ] GC(1445) ParOldGen: 6638K->7053K(37888K)
[13.834s][info ][gc,metaspace   ] GC(1445) Metaspace: 15861K->15861K(1064960K)
[13.834s][info ][gc             ] GC(1445) Pause Young (Allocation Failure) 22M->8M(54M) 1.340ms
[13.834s][info ][gc,cpu         ] GC(1445) User=0.01s Sys=0.00s Real=0.00s
[13.835s][info ][gc,start       ] GC(1446) Pause Young (Allocation Failure)
[13.836s][debug][gc,phases      ] GC(1446) Scavenge 1.375ms
[13.836s][debug][gc,phases      ] GC(1446) Reference Processing 0.028ms
[13.836s][debug][gc,phases      ] GC(1446) Weak Processing 0.013ms
[13.836s][debug][gc,phases      ] GC(1446) Scrub String Table 0.066ms
[13.836s][debug][gc,age         ] GC(1446) Desired survivor size 3670016 bytes, new threshold 1 (max threshold 15)
[13.837s][info ][gc,heap        ] GC(1446) PSYoungGen: 16064K->1786K(17920K)
[13.837s][info ][gc,heap        ] GC(1446) ParOldGen: 7053K->7069K(37888K)
[13.837s][info ][gc,metaspace   ] GC(1446) Metaspace: 15861K->15861K(1064960K)
[13.837s][info ][gc             ] GC(1446) Pause Young (Allocation Failure) 22M->8M(54M) 1.685ms
[13.837s][info ][gc,cpu         ] GC(1446) User=0.00s Sys=0.00s Real=0.01s
[13.838s][info ][gc,start       ] GC(1447) Pause Young (Allocation Failure)
[13.839s][debug][gc,phases      ] GC(1447) Scavenge 1.260ms
[13.839s][debug][gc,phases      ] GC(1447) Reference Processing 0.026ms
[13.839s][debug][gc,phases      ] GC(1447) Weak Processing 0.015ms
[13.839s][debug][gc,phases      ] GC(1447) Scrub String Table 0.085ms
[13.839s][debug][gc,age         ] GC(1447) Desired survivor size 3670016 bytes, new threshold 1 (max threshold 15)
[13.839s][info ][gc,heap        ] GC(1447) PSYoungGen: 16099K->1658K(17920K)
[13.840s][info ][gc,heap        ] GC(1447) ParOldGen: 7069K->7093K(37888K)
[13.840s][info ][gc,metaspace   ] GC(1447) Metaspace: 15861K->15861K(1064960K)
[13.840s][info ][gc             ] GC(1447) Pause Young (Allocation Failure) 22M->8M(54M) 1.630ms
[13.840s][info ][gc,cpu         ] GC(1447) User=0.00s Sys=0.00s Real=0.00s
[13.843s][info ][gc,start       ] GC(1448) Pause Young (Allocation Failure)
[13.846s][debug][gc,phases      ] GC(1448) Scavenge 3.145ms
[13.846s][debug][gc,phases      ] GC(1448) Reference Processing 0.030ms
[13.847s][debug][gc,phases      ] GC(1448) Weak Processing 0.018ms
[13.847s][debug][gc,phases      ] GC(1448) Scrub String Table 0.088ms
[13.847s][debug][gc,age         ] GC(1448) Desired survivor size 3670016 bytes, new threshold 1 (max threshold 15)
[13.847s][info ][gc,heap        ] GC(1448) PSYoungGen: 15940K->2145K(17920K)
[13.847s][info ][gc,heap        ] GC(1448) ParOldGen: 7093K->7507K(37888K)
[13.847s][info ][gc,metaspace   ] GC(1448) Metaspace: 15861K->15861K(1064960K)
[13.847s][info ][gc             ] GC(1448) Pause Young (Allocation Failure) 22M->9M(54M) 3.565ms
[13.847s][info ][gc,cpu         ] GC(1448) User=0.00s Sys=0.01s Real=0.01s
[13.848s][info ][gc,start       ] GC(1449) Pause Young (Allocation Failure)
[13.850s][debug][gc,phases      ] GC(1449) Scavenge 1.341ms
[13.850s][debug][gc,phases      ] GC(1449) Reference Processing 0.033ms
[13.851s][debug][gc,phases      ] GC(1449) Weak Processing 0.031ms
[13.851s][debug][gc,phases      ] GC(1449) Scrub String Table 0.124ms
[13.851s][debug][gc,age         ] GC(1449) Desired survivor size 3670016 bytes, new threshold 1 (max threshold 15)
[13.851s][info ][gc,heap        ] GC(1449) PSYoungGen: 16095K->2113K(17920K)
[13.851s][info ][gc,heap        ] GC(1449) ParOldGen: 7507K->8312K(37888K)
[13.851s][info ][gc,metaspace   ] GC(1449) Metaspace: 15861K->15861K(1064960K)
[13.851s][info ][gc             ] GC(1449) Pause Young (Allocation Failure) 23M->10M(54M) 2.915ms
[13.851s][info ][gc,cpu         ] GC(1449) User=0.00s Sys=0.00s Real=0.00s
[13.855s][info ][gc,start       ] GC(1450) Pause Young (Allocation Failure)
[13.859s][debug][gc,phases      ] GC(1450) Scavenge 4.205ms
[13.859s][debug][gc,phases      ] GC(1450) Reference Processing 0.034ms
[13.859s][debug][gc,phases      ] GC(1450) Weak Processing 0.020ms
[13.859s][debug][gc,phases      ] GC(1450) Scrub String Table 0.073ms
[13.859s][debug][gc,age         ] GC(1450) Desired survivor size 3670016 bytes, new threshold 1 (max threshold 15)
[13.859s][info ][gc,heap        ] GC(1450) PSYoungGen: 16420K->2081K(17920K)
[13.859s][info ][gc,heap        ] GC(1450) ParOldGen: 8312K->9118K(37888K)
[13.859s][info ][gc,metaspace   ] GC(1450) Metaspace: 15861K->15861K(1064960K)
[13.859s][info ][gc             ] GC(1450) Pause Young (Allocation Failure) 24M->10M(54M) 4.694ms
[13.859s][info ][gc,cpu         ] GC(1450) User=0.01s Sys=0.00s Real=0.01s
[13.861s][info ][gc,start       ] GC(1451) Pause Young (Allocation Failure)
[13.863s][debug][gc,phases      ] GC(1451) Scavenge 1.606ms
[13.863s][debug][gc,phases      ] GC(1451) Reference Processing 0.025ms
[13.863s][debug][gc,phases      ] GC(1451) Weak Processing 0.015ms
[13.863s][debug][gc,phases      ] GC(1451) Scrub String Table 0.073ms
[13.863s][debug][gc,age         ] GC(1451) Desired survivor size 3670016 bytes, new threshold 1 (max threshold 15)
[13.863s][info ][gc,heap        ] GC(1451) PSYoungGen: 16384K->1299K(17920K)
[13.863s][info ][gc,heap        ] GC(1451) ParOldGen: 9118K->10306K(37888K)
[13.863s][info ][gc,metaspace   ] GC(1451) Metaspace: 15861K->15861K(1064960K)
[13.863s][info ][gc             ] GC(1451) Pause Young (Allocation Failure) 24M->11M(54M) 2.015ms
[13.863s][info ][gc,cpu         ] GC(1451) User=0.01s Sys=0.00s Real=0.00s
[13.869s][debug][gc,phases      ] GC(1452) Pre Compact 0.029ms
[13.869s][info ][gc,start       ] GC(1452) Pause Full (Ergonomics)
[13.869s][info ][gc,phases,start] GC(1452) Marking Phase
[13.873s][debug][gc,phases      ] GC(1452) Par Mark 3.704ms
[13.873s][debug][gc,phases      ] GC(1452) Reference Processing 0.086ms
[13.873s][debug][gc,phases      ] GC(1452) Weak Processing 0.015ms
[13.873s][debug][gc,phases      ] GC(1452) ClassLoaderData 0.041ms
[13.873s][debug][gc,phases      ] GC(1452) ProtectionDomainCacheTable 0.003ms
[13.873s][debug][gc,phases      ] GC(1452) ResolvedMethodTable 0.019ms
[13.874s][debug][gc,phases      ] GC(1452) Class Unloading 1.046ms
[13.874s][debug][gc,phases      ] GC(1452) Scrub String Table 0.095ms
[13.876s][debug][gc,phases      ] GC(1452) Scrub Symbol Table 2.183ms
[13.876s][info ][gc,phases      ] GC(1452) Marking Phase 7.395ms
[13.876s][info ][gc,phases,start] GC(1452) Summary Phase
[13.877s][info ][gc,phases      ] GC(1452) Summary Phase 0.019ms
[13.877s][info ][gc,phases,start] GC(1452) Adjust Roots
[13.879s][info ][gc,phases      ] GC(1452) Adjust Roots 2.264ms
[13.879s][info ][gc,phases,start] GC(1452) Compaction Phase
[13.881s][info ][gc,phases      ] GC(1452) Compaction Phase 1.720ms
[13.881s][info ][gc,phases,start] GC(1452) Post Compact
[13.881s][info ][gc,phases      ] GC(1452) Post Compact 0.141ms
[13.881s][info ][gc,heap        ] GC(1452) PSYoungGen: 15635K->0K(17920K)
[13.881s][info ][gc,heap        ] GC(1452) ParOldGen: 40791K->6603K(40448K)
[13.881s][info ][gc,metaspace   ] GC(1452) Metaspace: 15861K->15861K(1064960K)
[13.881s][info ][gc             ] GC(1452) Pause Full (Ergonomics) 55M->6M(57M) 11.932ms
[13.881s][info ][gc,cpu         ] GC(1452) User=0.04s Sys=0.01s Real=0.01s
[13.883s][info ][gc,start       ] GC(1453) Pause Young (Allocation Failure)
[13.885s][debug][gc,phases      ] GC(1453) Scavenge 1.093ms
[13.885s][debug][gc,phases      ] GC(1453) Reference Processing 0.022ms
[13.885s][debug][gc,phases      ] GC(1453) Weak Processing 0.011ms
[13.885s][debug][gc,phases      ] GC(1453) Scrub String Table 0.070ms
[13.885s][debug][gc,age         ] GC(1453) Desired survivor size 3670016 bytes, new threshold 1 (max threshold 15)
[13.885s][info ][gc,heap        ] GC(1453) PSYoungGen: 14004K->582K(17920K)
[13.885s][info ][gc,heap        ] GC(1453) ParOldGen: 11291K->11291K(40448K)
[13.885s][info ][gc,metaspace   ] GC(1453) Metaspace: 15861K->15861K(1064960K)
[13.885s][info ][gc             ] GC(1453) Pause Young (Allocation Failure) 24M->11M(57M) 1.387ms
[13.885s][info ][gc,cpu         ] GC(1453) User=0.00s Sys=0.00s Real=0.00s
[13.887s][info ][gc,start       ] GC(1454) Pause Young (Allocation Failure)
[13.888s][debug][gc,phases      ] GC(1454) Scavenge 1.194ms
[13.888s][debug][gc,phases      ] GC(1454) Reference Processing 0.024ms
[13.888s][debug][gc,phases      ] GC(1454) Weak Processing 0.013ms
[13.888s][debug][gc,phases      ] GC(1454) Scrub String Table 0.098ms
[13.888s][debug][gc,age         ] GC(1454) Desired survivor size 3670016 bytes, new threshold 1 (max threshold 15)
[13.888s][info ][gc,heap        ] GC(1454) PSYoungGen: 14593K->1690K(17920K)
[13.888s][info ][gc,heap        ] GC(1454) ParOldGen: 11291K->11721K(40448K)
[13.888s][info ][gc,metaspace   ] GC(1454) Metaspace: 15861K->15861K(1064960K)
[13.888s][info ][gc             ] GC(1454) Pause Young (Allocation Failure) 25M->13M(57M) 1.650ms
[13.888s][info ][gc,cpu         ] GC(1454) User=0.00s Sys=0.00s Real=0.00s
[13.890s][info ][gc,start       ] GC(1455) Pause Young (Allocation Failure)
[13.891s][debug][gc,phases      ] GC(1455) Scavenge 1.168ms
[13.891s][debug][gc,phases      ] GC(1455) Reference Processing 0.021ms
[13.891s][debug][gc,phases      ] GC(1455) Weak Processing 0.012ms
[13.891s][debug][gc,phases      ] GC(1455) Scrub String Table 0.070ms
[13.891s][debug][gc,age         ] GC(1455) Desired survivor size 3670016 bytes, new threshold 1 (max threshold 15)
[13.891s][info ][gc,heap        ] GC(1455) PSYoungGen: 15817K->1722K(17920K)
[13.891s][info ][gc,heap        ] GC(1455) ParOldGen: 11721K->12537K(40448K)
[13.891s][info ][gc,metaspace   ] GC(1455) Metaspace: 15861K->15861K(1064960K)
[13.891s][info ][gc             ] GC(1455) Pause Young (Allocation Failure) 26M->13M(57M) 1.462ms
[13.891s][info ][gc,cpu         ] GC(1455) User=0.01s Sys=0.00s Real=0.00s
[13.892s][info ][gc,start       ] GC(1456) Pause Young (Allocation Failure)
[13.894s][debug][gc,phases      ] GC(1456) Scavenge 1.251ms
[13.894s][debug][gc,phases      ] GC(1456) Reference Processing 0.045ms
[13.894s][debug][gc,phases      ] GC(1456) Weak Processing 0.012ms
[13.894s][debug][gc,phases      ] GC(1456) Scrub String Table 0.149ms
[13.894s][debug][gc,age         ] GC(1456) Desired survivor size 3670016 bytes, new threshold 1 (max threshold 15)
[13.894s][info ][gc,heap        ] GC(1456) PSYoungGen: 15692K->1722K(17920K)
[13.894s][info ][gc,heap        ] GC(1456) ParOldGen: 12537K->13351K(40448K)
[13.894s][info ][gc,metaspace   ] GC(1456) Metaspace: 15861K->15861K(1064960K)
[13.894s][info ][gc             ] GC(1456) Pause Young (Allocation Failure) 27M->14M(57M) 1.799ms
[13.894s][info ][gc,cpu         ] GC(1456) User=0.01s Sys=0.00s Real=0.00s
[13.896s][info ][gc,start       ] GC(1457) Pause Young (Allocation Failure)
[13.897s][debug][gc,phases      ] GC(1457) Scavenge 1.249ms
[13.897s][debug][gc,phases      ] GC(1457) Reference Processing 0.038ms
[13.897s][debug][gc,phases      ] GC(1457) Weak Processing 0.016ms
[13.897s][debug][gc,phases      ] GC(1457) Scrub String Table 0.073ms
[13.897s][debug][gc,age         ] GC(1457) Desired survivor size 3670016 bytes, new threshold 1 (max threshold 15)
[13.897s][info ][gc,heap        ] GC(1457) PSYoungGen: 15681K->2145K(17920K)
[13.897s][info ][gc,heap        ] GC(1457) ParOldGen: 13351K->14547K(40448K)
[13.897s][info ][gc,metaspace   ] GC(1457) Metaspace: 15861K->15861K(1064960K)
[13.897s][info ][gc             ] GC(1457) Pause Young (Allocation Failure) 28M->16M(57M) 1.600ms
[13.897s][info ][gc,cpu         ] GC(1457) User=0.01s Sys=0.00s Real=0.01s
[13.899s][info ][gc,start       ] GC(1458) Pause Young (Allocation Failure)
[13.900s][debug][gc,phases      ] GC(1458) Scavenge 1.339ms
[13.900s][debug][gc,phases      ] GC(1458) Reference Processing 0.028ms
[13.900s][debug][gc,phases      ] GC(1458) Weak Processing 0.012ms
[13.900s][debug][gc,phases      ] GC(1458) Scrub String Table 0.068ms
[13.900s][debug][gc,age         ] GC(1458) Desired survivor size 3670016 bytes, new threshold 1 (max threshold 15)
[13.900s][info ][gc,heap        ] GC(1458) PSYoungGen: 16135K->2503K(17920K)
[13.900s][info ][gc,heap        ] GC(1458) ParOldGen: 14547K->15767K(40448K)
[13.900s][info ][gc,metaspace   ] GC(1458) Metaspace: 15861K->15861K(1064960K)
[13.900s][info ][gc             ] GC(1458) Pause Young (Allocation Failure) 29M->17M(57M) 1.673ms
[13.900s][info ][gc,cpu         ] GC(1458) User=0.00s Sys=0.00s Real=0.00s
[13.902s][info ][gc,start       ] GC(1459) Pause Young (Allocation Failure)
[13.903s][debug][gc,phases      ] GC(1459) Scavenge 1.355ms
[13.903s][debug][gc,phases      ] GC(1459) Reference Processing 0.039ms
[13.903s][debug][gc,phases      ] GC(1459) Weak Processing 0.027ms
[13.903s][debug][gc,phases      ] GC(1459) Scrub String Table 0.111ms
[13.904s][debug][gc,age         ] GC(1459) Desired survivor size 3670016 bytes, new threshold 1 (max threshold 15)
[13.904s][info ][gc,heap        ] GC(1459) PSYoungGen: 16590K->1754K(17920K)
[13.904s][info ][gc,heap        ] GC(1459) ParOldGen: 15767K->16580K(40448K)
[13.904s][info ][gc,metaspace   ] GC(1459) Metaspace: 15861K->15861K(1064960K)
[13.904s][info ][gc             ] GC(1459) Pause Young (Allocation Failure) 31M->17M(57M) 1.860ms
[13.904s][info ][gc,cpu         ] GC(1459) User=0.01s Sys=0.00s Real=0.00s
[13.906s][info ][gc,start       ] GC(1460) Pause Young (GCLocker Initiated GC)
[13.907s][debug][gc,phases      ] GC(1460) Scavenge 1.003ms
[13.907s][debug][gc,phases      ] GC(1460) Reference Processing 0.025ms
[13.907s][debug][gc,phases      ] GC(1460) Weak Processing 0.011ms
[13.907s][debug][gc,phases      ] GC(1460) Scrub String Table 0.069ms
[13.907s][debug][gc,age         ] GC(1460) Desired survivor size 3670016 bytes, new threshold 1 (max threshold 15)
[13.907s][info ][gc,heap        ] GC(1460) PSYoungGen: 16090K->1024K(17920K)
[13.907s][info ][gc,heap        ] GC(1460) ParOldGen: 20096K->20136K(40448K)
[13.907s][info ][gc,metaspace   ] GC(1460) Metaspace: 15861K->15861K(1064960K)
[13.907s][info ][gc             ] GC(1460) Pause Young (GCLocker Initiated GC) 35M->20M(57M) 1.313ms
[13.907s][info ][gc,cpu         ] GC(1460) User=0.01s Sys=0.00s Real=0.01s
[13.912s][debug][gc,phases      ] GC(1461) Pre Compact 0.023ms
[13.912s][info ][gc,start       ] GC(1461) Pause Full (Ergonomics)
[13.912s][info ][gc,phases,start] GC(1461) Marking Phase
[13.916s][debug][gc,phases      ] GC(1461) Par Mark 3.460ms
[13.916s][debug][gc,phases      ] GC(1461) Reference Processing 0.096ms
[13.916s][debug][gc,phases      ] GC(1461) Weak Processing 0.020ms
[13.916s][debug][gc,phases      ] GC(1461) ClassLoaderData 0.048ms
[13.916s][debug][gc,phases      ] GC(1461) ProtectionDomainCacheTable 0.015ms
[13.916s][debug][gc,phases      ] GC(1461) ResolvedMethodTable 0.018ms
[13.917s][debug][gc,phases      ] GC(1461) Class Unloading 0.886ms
[13.917s][debug][gc,phases      ] GC(1461) Scrub String Table 0.126ms
[13.920s][debug][gc,phases      ] GC(1461) Scrub Symbol Table 2.272ms
[13.920s][info ][gc,phases      ] GC(1461) Marking Phase 7.160ms
[13.920s][info ][gc,phases,start] GC(1461) Summary Phase
[13.920s][info ][gc,phases      ] GC(1461) Summary Phase 0.021ms
[13.920s][info ][gc,phases,start] GC(1461) Adjust Roots
[13.923s][info ][gc,phases      ] GC(1461) Adjust Roots 3.036ms
[13.923s][info ][gc,phases,start] GC(1461) Compaction Phase
[13.925s][info ][gc,phases      ] GC(1461) Compaction Phase 2.132ms
[13.925s][info ][gc,phases,start] GC(1461) Post Compact
[13.925s][info ][gc,phases      ] GC(1461) Post Compact 0.129ms
[13.925s][info ][gc,heap        ] GC(1461) PSYoungGen: 15360K->0K(17920K)
[13.925s][info ][gc,heap        ] GC(1461) ParOldGen: 42012K->6253K(41984K)
[13.925s][info ][gc,metaspace   ] GC(1461) Metaspace: 15861K->15861K(1064960K)
[13.925s][info ][gc             ] GC(1461) Pause Full (Ergonomics) 56M->6M(58M) 12.794ms
[13.925s][info ][gc,cpu         ] GC(1461) User=0.03s Sys=0.00s Real=0.01s
[13.927s][info ][gc,start       ] GC(1462) Pause Young (Allocation Failure)
[13.928s][debug][gc,phases      ] GC(1462) Scavenge 1.364ms
[13.929s][debug][gc,phases      ] GC(1462) Reference Processing 0.029ms
[13.929s][debug][gc,phases      ] GC(1462) Weak Processing 0.017ms
[13.929s][debug][gc,phases      ] GC(1462) Scrub String Table 0.077ms
[13.929s][debug][gc,age         ] GC(1462) Desired survivor size 3670016 bytes, new threshold 1 (max threshold 15)
[13.929s][info ][gc,heap        ] GC(1462) PSYoungGen: 14044K->2081K(17920K)
[13.929s][info ][gc,heap        ] GC(1462) ParOldGen: 6253K->6253K(41984K)
[13.929s][info ][gc,metaspace   ] GC(1462) Metaspace: 15861K->15861K(1064960K)
[13.929s][info ][gc             ] GC(1462) Pause Young (Allocation Failure) 19M->8M(58M) 1.730ms
[13.929s][info ][gc,cpu         ] GC(1462) User=0.00s Sys=0.00s Real=0.00s
[13.930s][info ][gc,start       ] GC(1463) Pause Young (Allocation Failure)
[13.932s][debug][gc,phases      ] GC(1463) Scavenge 1.524ms
[13.932s][debug][gc,phases      ] GC(1463) Reference Processing 0.023ms
[13.932s][debug][gc,phases      ] GC(1463) Weak Processing 0.012ms
[13.932s][debug][gc,phases      ] GC(1463) Scrub String Table 0.093ms
[13.932s][debug][gc,age         ] GC(1463) Desired survivor size 3670016 bytes, new threshold 1 (max threshold 15)
[13.932s][info ][gc,heap        ] GC(1463) PSYoungGen: 16090K->2439K(17920K)
[13.932s][info ][gc,heap        ] GC(1463) ParOldGen: 6253K->7449K(41984K)
[13.932s][info ][gc,metaspace   ] GC(1463) Metaspace: 15861K->15861K(1064960K)
[13.932s][info ][gc             ] GC(1463) Pause Young (Allocation Failure) 21M->9M(58M) 1.919ms
[13.932s][info ][gc,cpu         ] GC(1463) User=0.01s Sys=0.00s Real=0.00s
[13.934s][info ][gc,start       ] GC(1464) Pause Young (Allocation Failure)
[13.935s][debug][gc,phases      ] GC(1464) Scavenge 1.370ms
[13.935s][debug][gc,phases      ] GC(1464) Reference Processing 0.028ms
[13.935s][debug][gc,phases      ] GC(1464) Weak Processing 0.017ms
[13.935s][debug][gc,phases      ] GC(1464) Scrub String Table 0.083ms
[13.936s][debug][gc,age         ] GC(1464) Desired survivor size 3670016 bytes, new threshold 1 (max threshold 15)
[13.936s][info ][gc,heap        ] GC(1464) PSYoungGen: 16465K->1658K(17920K)
[13.936s][info ][gc,heap        ] GC(1464) ParOldGen: 7449K->8637K(41984K)
[13.936s][info ][gc,metaspace   ] GC(1464) Metaspace: 15861K->15861K(1064960K)
[13.936s][info ][gc             ] GC(1464) Pause Young (Allocation Failure) 23M->10M(58M) 1.718ms
[13.936s][info ][gc,cpu         ] GC(1464) User=0.00s Sys=0.00s Real=0.00s
[13.937s][info ][gc,start       ] GC(1465) Pause Young (Allocation Failure)
[13.938s][debug][gc,phases      ] GC(1465) Scavenge 1.214ms
[13.938s][debug][gc,phases      ] GC(1465) Reference Processing 0.019ms
[13.938s][debug][gc,phases      ] GC(1465) Weak Processing 0.033ms
[13.939s][debug][gc,phases      ] GC(1465) Scrub String Table 0.109ms
[13.939s][debug][gc,age         ] GC(1465) Desired survivor size 3145728 bytes, new threshold 1 (max threshold 15)
[13.939s][info ][gc,heap        ] GC(1465) PSYoungGen: 15755K->2081K(16896K)
[13.939s][info ][gc,heap        ] GC(1465) ParOldGen: 8637K->9043K(41984K)
[13.939s][info ][gc,metaspace   ] GC(1465) Metaspace: 15861K->15861K(1064960K)
[13.939s][info ][gc             ] GC(1465) Pause Young (Allocation Failure) 23M->10M(57M) 1.736ms
[13.939s][info ][gc,cpu         ] GC(1465) User=0.00s Sys=0.00s Real=0.00s
[13.940s][info ][gc,start       ] GC(1466) Pause Young (Allocation Failure)
[13.941s][debug][gc,phases      ] GC(1466) Scavenge 1.186ms
[13.941s][debug][gc,phases      ] GC(1466) Reference Processing 0.019ms
[13.941s][debug][gc,phases      ] GC(1466) Weak Processing 0.013ms
[13.942s][debug][gc,phases      ] GC(1466) Scrub String Table 0.081ms
[13.942s][debug][gc,age         ] GC(1466) Desired survivor size 3145728 bytes, new threshold 1 (max threshold 15)
[13.942s][info ][gc,heap        ] GC(1466) PSYoungGen: 16417K->1690K(17408K)
[13.942s][info ][gc,heap        ] GC(1466) ParOldGen: 9043K->9848K(41984K)
[13.942s][info ][gc,metaspace   ] GC(1466) Metaspace: 15861K->15861K(1064960K)
[13.942s][info ][gc             ] GC(1466) Pause Young (Allocation Failure) 24M->11M(58M) 1.511ms
[13.942s][info ][gc,cpu         ] GC(1466) User=0.00s Sys=0.00s Real=0.00s
[13.943s][info ][gc,start       ] GC(1467) Pause Young (Allocation Failure)
[13.944s][debug][gc,phases      ] GC(1467) Scavenge 1.436ms
[13.944s][debug][gc,phases      ] GC(1467) Reference Processing 0.030ms
[13.944s][debug][gc,phases      ] GC(1467) Weak Processing 0.017ms
[13.945s][debug][gc,phases      ] GC(1467) Scrub String Table 0.079ms
[13.945s][debug][gc,age         ] GC(1467) Desired survivor size 3145728 bytes, new threshold 1 (max threshold 15)
[13.945s][info ][gc,heap        ] GC(1467) PSYoungGen: 15716K->1690K(18432K)
[13.945s][info ][gc,heap        ] GC(1467) ParOldGen: 9848K->10654K(41984K)
[13.945s][info ][gc,metaspace   ] GC(1467) Metaspace: 15861K->15861K(1064960K)
[13.945s][info ][gc             ] GC(1467) Pause Young (Allocation Failure) 24M->12M(59M) 1.838ms
[13.945s][info ][gc,cpu         ] GC(1467) User=0.00s Sys=0.00s Real=0.00s
[13.946s][info ][gc,start       ] GC(1468) Pause Young (Allocation Failure)
[13.947s][debug][gc,phases      ] GC(1468) Scavenge 1.242ms
[13.947s][debug][gc,phases      ] GC(1468) Reference Processing 0.019ms
[13.947s][debug][gc,phases      ] GC(1468) Weak Processing 0.011ms
[13.947s][debug][gc,phases      ] GC(1468) Scrub String Table 0.069ms
[13.947s][debug][gc,age         ] GC(1468) Desired survivor size 3145728 bytes, new threshold 1 (max threshold 15)
[13.947s][info ][gc,heap        ] GC(1468) PSYoungGen: 16910K->2535K(18432K)
[13.947s][info ][gc,heap        ] GC(1468) ParOldGen: 10654K->10686K(41984K)
[13.947s][info ][gc,metaspace   ] GC(1468) Metaspace: 15861K->15861K(1064960K)
[13.947s][info ][gc             ] GC(1468) Pause Young (Allocation Failure) 26M->12M(59M) 1.538ms
[13.948s][info ][gc,cpu         ] GC(1468) User=0.00s Sys=0.00s Real=0.01s
[13.949s][info ][gc,start       ] GC(1469) Pause Young (Allocation Failure)
[13.950s][debug][gc,phases      ] GC(1469) Scavenge 1.307ms
[13.950s][debug][gc,phases      ] GC(1469) Reference Processing 0.028ms
[13.950s][debug][gc,phases      ] GC(1469) Weak Processing 0.015ms
[13.950s][debug][gc,phases      ] GC(1469) Scrub String Table 0.076ms
[13.950s][debug][gc,age         ] GC(1469) Desired survivor size 3145728 bytes, new threshold 1 (max threshold 15)
[13.950s][info ][gc,heap        ] GC(1469) PSYoungGen: 17684K->2145K(18432K)
[13.951s][info ][gc,heap        ] GC(1469) ParOldGen: 10686K->11108K(41984K)
[13.951s][info ][gc,metaspace   ] GC(1469) Metaspace: 15861K->15861K(1064960K)
[13.951s][info ][gc             ] GC(1469) Pause Young (Allocation Failure) 27M->12M(59M) 1.680ms
[13.951s][info ][gc,cpu         ] GC(1469) User=0.01s Sys=0.00s Real=0.00s
[13.952s][info ][gc,start       ] GC(1470) Pause Young (Allocation Failure)
[13.953s][debug][gc,phases      ] GC(1470) Scavenge 0.881ms
[13.953s][debug][gc,phases      ] GC(1470) Reference Processing 0.021ms
[13.953s][debug][gc,phases      ] GC(1470) Weak Processing 0.011ms
[13.953s][debug][gc,phases      ] GC(1470) Scrub String Table 0.069ms
[13.953s][debug][gc,age         ] GC(1470) Desired survivor size 3670016 bytes, new threshold 1 (max threshold 15)
[13.953s][info ][gc,heap        ] GC(1470) PSYoungGen: 17390K->2926K(18432K)
[13.953s][info ][gc,heap        ] GC(1470) ParOldGen: 11108K->11124K(41984K)
[13.953s][info ][gc,metaspace   ] GC(1470) Metaspace: 15861K->15861K(1064960K)
[13.953s][info ][gc             ] GC(1470) Pause Young (Allocation Failure) 27M->13M(59M) 1.228ms
[13.953s][info ][gc,cpu         ] GC(1470) User=0.01s Sys=0.00s Real=0.00s
[13.954s][info ][gc,start       ] GC(1471) Pause Young (Allocation Failure)
[13.955s][debug][gc,phases      ] GC(1471) Scavenge 0.751ms
[13.955s][debug][gc,phases      ] GC(1471) Reference Processing 0.020ms
[13.955s][debug][gc,phases      ] GC(1471) Weak Processing 0.010ms
[13.955s][debug][gc,phases      ] GC(1471) Scrub String Table 0.069ms
[13.955s][debug][gc,age         ] GC(1471) Desired survivor size 3670016 bytes, new threshold 1 (max threshold 15)
[13.955s][info ][gc,heap        ] GC(1471) PSYoungGen: 18136K->2958K(17408K)
[13.955s][info ][gc,heap        ] GC(1471) ParOldGen: 11124K->11140K(41984K)
[13.955s][info ][gc,metaspace   ] GC(1471) Metaspace: 15861K->15861K(1064960K)
[13.955s][info ][gc             ] GC(1471) Pause Young (Allocation Failure) 28M->13M(58M) 1.029ms
[13.955s][info ][gc,cpu         ] GC(1471) User=0.01s Sys=0.00s Real=0.00s
[13.956s][info ][gc,start       ] GC(1472) Pause Young (Allocation Failure)
[13.957s][debug][gc,phases      ] GC(1472) Scavenge 0.491ms
[13.957s][debug][gc,phases      ] GC(1472) Reference Processing 0.020ms
[13.957s][debug][gc,phases      ] GC(1472) Weak Processing 0.014ms
[13.957s][debug][gc,phases      ] GC(1472) Scrub String Table 0.069ms
[13.957s][debug][gc,age         ] GC(1472) Desired survivor size 3670016 bytes, new threshold 1 (max threshold 15)
[13.957s][info ][gc,heap        ] GC(1472) PSYoungGen: 16950K->2567K(17920K)
[13.957s][info ][gc,heap        ] GC(1472) ParOldGen: 11140K->11140K(41984K)
[13.957s][info ][gc,metaspace   ] GC(1472) Metaspace: 15861K->15861K(1064960K)
[13.957s][info ][gc             ] GC(1472) Pause Young (Allocation Failure) 27M->13M(58M) 0.811ms
[13.957s][info ][gc,cpu         ] GC(1472) User=0.01s Sys=0.00s Real=0.00s
[13.958s][info ][gc,start       ] GC(1473) Pause Young (Allocation Failure)
[13.959s][debug][gc,phases      ] GC(1473) Scavenge 0.411ms
[13.959s][debug][gc,phases      ] GC(1473) Reference Processing 0.021ms
[13.959s][debug][gc,phases      ] GC(1473) Weak Processing 0.011ms
[13.959s][debug][gc,phases      ] GC(1473) Scrub String Table 0.069ms
[13.959s][debug][gc,age         ] GC(1473) Desired survivor size 4194304 bytes, new threshold 1 (max threshold 15)
[13.959s][info ][gc,heap        ] GC(1473) PSYoungGen: 16546K->2958K(16896K)
[13.959s][info ][gc,heap        ] GC(1473) ParOldGen: 11140K->11148K(41984K)
[13.959s][info ][gc,metaspace   ] GC(1473) Metaspace: 15861K->15861K(1064960K)
[13.959s][info ][gc             ] GC(1473) Pause Young (Allocation Failure) 27M->13M(57M) 0.699ms
[13.959s][info ][gc,cpu         ] GC(1473) User=0.00s Sys=0.00s Real=0.00s
[13.960s][info ][gc,start       ] GC(1474) Pause Young (Allocation Failure)
[13.961s][debug][gc,phases      ] GC(1474) Scavenge 0.796ms
[13.961s][debug][gc,phases      ] GC(1474) Reference Processing 0.020ms
[13.961s][debug][gc,phases      ] GC(1474) Weak Processing 0.011ms
[13.961s][debug][gc,phases      ] GC(1474) Scrub String Table 0.069ms
[13.961s][debug][gc,age         ] GC(1474) Desired survivor size 4194304 bytes, new threshold 1 (max threshold 15)
[13.961s][info ][gc,heap        ] GC(1474) PSYoungGen: 16125K->2535K(17408K)
[13.961s][info ][gc,heap        ] GC(1474) ParOldGen: 11148K->11148K(41984K)
[13.961s][info ][gc,metaspace   ] GC(1474) Metaspace: 15861K->15861K(1064960K)
[13.961s][info ][gc             ] GC(1474) Pause Young (Allocation Failure) 26M->13M(58M) 1.089ms
[13.961s][info ][gc,cpu         ] GC(1474) User=0.00s Sys=0.00s Real=0.00s
[13.962s][info ][gc,start       ] GC(1475) Pause Young (Allocation Failure)
[13.963s][debug][gc,phases      ] GC(1475) Scavenge 0.449ms
[13.963s][debug][gc,phases      ] GC(1475) Reference Processing 0.021ms
[13.963s][debug][gc,phases      ] GC(1475) Weak Processing 0.010ms
[13.963s][debug][gc,phases      ] GC(1475) Scrub String Table 0.069ms
[13.963s][debug][gc,age         ] GC(1475) Desired survivor size 4194304 bytes, new threshold 1 (max threshold 15)
[13.963s][info ][gc,heap        ] GC(1475) PSYoungGen: 15697K->3381K(17408K)
[13.963s][info ][gc,heap        ] GC(1475) ParOldGen: 11148K->11148K(41984K)
[13.963s][info ][gc,metaspace   ] GC(1475) Metaspace: 15861K->15861K(1064960K)
[13.963s][info ][gc             ] GC(1475) Pause Young (Allocation Failure) 26M->14M(58M) 0.746ms
[13.963s][info ][gc,cpu         ] GC(1475) User=0.00s Sys=0.00s Real=0.00s
[13.964s][info ][gc,start       ] GC(1476) Pause Young (Allocation Failure)
[13.965s][debug][gc,phases      ] GC(1476) Scavenge 0.381ms
[13.965s][debug][gc,phases      ] GC(1476) Reference Processing 0.020ms
[13.965s][debug][gc,phases      ] GC(1476) Weak Processing 0.011ms
[13.965s][debug][gc,phases      ] GC(1476) Scrub String Table 0.070ms
[13.965s][debug][gc,age         ] GC(1476) Desired survivor size 4194304 bytes, new threshold 1 (max threshold 15)
[13.965s][info ][gc,heap        ] GC(1476) PSYoungGen: 16539K->2599K(17408K)
[13.965s][info ][gc,heap        ] GC(1476) ParOldGen: 11148K->11148K(41984K)
[13.965s][info ][gc,metaspace   ] GC(1476) Metaspace: 15861K->15861K(1064960K)
[13.965s][info ][gc             ] GC(1476) Pause Young (Allocation Failure) 27M->13M(58M) 0.674ms
[13.965s][info ][gc,cpu         ] GC(1476) User=0.00s Sys=0.00s Real=0.00s
[13.966s][info ][gc,start       ] GC(1477) Pause Young (Allocation Failure)
[13.967s][debug][gc,phases      ] GC(1477) Scavenge 0.791ms
[13.967s][debug][gc,phases      ] GC(1477) Reference Processing 0.022ms
[13.967s][debug][gc,phases      ] GC(1477) Weak Processing 0.010ms
[13.967s][debug][gc,phases      ] GC(1477) Scrub String Table 0.069ms
[13.967s][debug][gc,age         ] GC(1477) Desired survivor size 4194304 bytes, new threshold 1 (max threshold 15)
[13.967s][info ][gc,heap        ] GC(1477) PSYoungGen: 15720K->2535K(17408K)
[13.967s][info ][gc,heap        ] GC(1477) ParOldGen: 11148K->11164K(41984K)
[13.967s][info ][gc,metaspace   ] GC(1477) Metaspace: 15861K->15861K(1064960K)
[13.967s][info ][gc             ] GC(1477) Pause Young (Allocation Failure) 26M->13M(58M) 1.076ms
[13.967s][info ][gc,cpu         ] GC(1477) User=0.00s Sys=0.00s Real=0.01s
[13.968s][info ][gc,start       ] GC(1478) Pause Young (Allocation Failure)
[13.969s][debug][gc,phases      ] GC(1478) Scavenge 1.008ms
[13.969s][debug][gc,phases      ] GC(1478) Reference Processing 0.022ms
[13.969s][debug][gc,phases      ] GC(1478) Weak Processing 0.010ms
[13.969s][debug][gc,phases      ] GC(1478) Scrub String Table 0.069ms
[13.969s][debug][gc,age         ] GC(1478) Desired survivor size 4194304 bytes, new threshold 1 (max threshold 15)
[13.969s][info ][gc,heap        ] GC(1478) PSYoungGen: 15703K->2535K(17408K)
[13.969s][info ][gc,heap        ] GC(1478) ParOldGen: 11164K->11164K(41984K)
[13.969s][info ][gc,metaspace   ] GC(1478) Metaspace: 15861K->15861K(1064960K)
[13.969s][info ][gc             ] GC(1478) Pause Young (Allocation Failure) 26M->13M(58M) 1.335ms
[13.969s][info ][gc,cpu         ] GC(1478) User=0.00s Sys=0.01s Real=0.00s
[13.971s][info ][gc,start       ] GC(1479) Pause Young (Allocation Failure)
[13.971s][debug][gc,phases      ] GC(1479) Scavenge 0.635ms
[13.971s][debug][gc,phases      ] GC(1479) Reference Processing 0.018ms
[13.972s][debug][gc,phases      ] GC(1479) Weak Processing 0.010ms
[13.972s][debug][gc,phases      ] GC(1479) Scrub String Table 0.068ms
[13.972s][debug][gc,age         ] GC(1479) Desired survivor size 3670016 bytes, new threshold 1 (max threshold 15)
[13.972s][info ][gc,heap        ] GC(1479) PSYoungGen: 15629K->2145K(16384K)
[13.972s][info ][gc,heap        ] GC(1479) ParOldGen: 11164K->11978K(41984K)
[13.972s][info ][gc,metaspace   ] GC(1479) Metaspace: 15861K->15861K(1064960K)
[13.972s][info ][gc             ] GC(1479) Pause Young (Allocation Failure) 26M->13M(57M) 1.050ms
[13.972s][info ][gc,cpu         ] GC(1479) User=0.00s Sys=0.00s Real=0.00s
[13.973s][info ][gc,start       ] GC(1480) Pause Young (Allocation Failure)
[13.974s][debug][gc,phases      ] GC(1480) Scavenge 1.097ms
[13.974s][debug][gc,phases      ] GC(1480) Reference Processing 0.019ms
[13.974s][debug][gc,phases      ] GC(1480) Weak Processing 0.010ms
[13.974s][debug][gc,phases      ] GC(1480) Scrub String Table 0.068ms
[13.974s][debug][gc,age         ] GC(1480) Desired survivor size 4194304 bytes, new threshold 1 (max threshold 15)
[13.974s][info ][gc,heap        ] GC(1480) PSYoungGen: 15328K->2958K(16896K)
[13.974s][info ][gc,heap        ] GC(1480) ParOldGen: 11978K->11978K(41984K)
[13.974s][info ][gc,metaspace   ] GC(1480) Metaspace: 15861K->15861K(1064960K)
[13.974s][info ][gc             ] GC(1480) Pause Young (Allocation Failure) 26M->14M(57M) 1.400ms
[13.974s][info ][gc,cpu         ] GC(1480) User=0.00s Sys=0.00s Real=0.00s
[13.975s][info ][gc,start       ] GC(1481) Pause Young (Allocation Failure)
[13.976s][debug][gc,phases      ] GC(1481) Scavenge 0.390ms
[13.976s][debug][gc,phases      ] GC(1481) Reference Processing 0.019ms
[13.976s][debug][gc,phases      ] GC(1481) Weak Processing 0.014ms
[13.976s][debug][gc,phases      ] GC(1481) Scrub String Table 0.079ms
[13.976s][debug][gc,age         ] GC(1481) Desired survivor size 4194304 bytes, new threshold 1 (max threshold 15)
[13.976s][info ][gc,heap        ] GC(1481) PSYoungGen: 16130K->2958K(17408K)
[13.976s][info ][gc,heap        ] GC(1481) ParOldGen: 11978K->11986K(41984K)
[13.976s][info ][gc,metaspace   ] GC(1481) Metaspace: 15861K->15861K(1064960K)
[13.976s][info ][gc             ] GC(1481) Pause Young (Allocation Failure) 27M->14M(58M) 0.688ms
[13.976s][info ][gc,cpu         ] GC(1481) User=0.00s Sys=0.00s Real=0.00s
[13.977s][info ][gc,start       ] GC(1482) Pause Young (Allocation Failure)
[13.978s][debug][gc,phases      ] GC(1482) Scavenge 0.442ms
[13.978s][debug][gc,phases      ] GC(1482) Reference Processing 0.022ms
[13.978s][debug][gc,phases      ] GC(1482) Weak Processing 0.010ms
[13.978s][debug][gc,phases      ] GC(1482) Scrub String Table 0.068ms
[13.978s][debug][gc,age         ] GC(1482) Desired survivor size 4194304 bytes, new threshold 1 (max threshold 15)
[13.978s][info ][gc,heap        ] GC(1482) PSYoungGen: 16123K->2990K(17408K)
[13.978s][info ][gc,heap        ] GC(1482) ParOldGen: 11986K->11986K(41984K)
[13.978s][info ][gc,metaspace   ] GC(1482) Metaspace: 15861K->15861K(1064960K)
[13.978s][info ][gc             ] GC(1482) Pause Young (Allocation Failure) 27M->14M(58M) 0.724ms
[13.978s][info ][gc,cpu         ] GC(1482) User=0.00s Sys=0.00s Real=0.00s
[13.979s][info ][gc,start       ] GC(1483) Pause Young (Allocation Failure)
[13.979s][debug][gc,phases      ] GC(1483) Scavenge 0.349ms
[13.979s][debug][gc,phases      ] GC(1483) Reference Processing 0.020ms
[13.979s][debug][gc,phases      ] GC(1483) Weak Processing 0.010ms
[13.980s][debug][gc,phases      ] GC(1483) Scrub String Table 0.069ms
[13.980s][debug][gc,age         ] GC(1483) Desired survivor size 4194304 bytes, new threshold 1 (max threshold 15)
[13.980s][info ][gc,heap        ] GC(1483) PSYoungGen: 16151K->2990K(17408K)
[13.980s][info ][gc,heap        ] GC(1483) ParOldGen: 11986K->11986K(41984K)
[13.980s][info ][gc,metaspace   ] GC(1483) Metaspace: 15861K->15861K(1064960K)
[13.980s][info ][gc             ] GC(1483) Pause Young (Allocation Failure) 27M->14M(58M) 0.630ms
[13.980s][info ][gc,cpu         ] GC(1483) User=0.00s Sys=0.00s Real=0.00s
[13.981s][info ][gc,start       ] GC(1484) Pause Young (Allocation Failure)
[13.982s][debug][gc,phases      ] GC(1484) Scavenge 1.218ms
[13.982s][debug][gc,phases      ] GC(1484) Reference Processing 0.028ms
[13.982s][debug][gc,phases      ] GC(1484) Weak Processing 0.014ms
[13.982s][debug][gc,phases      ] GC(1484) Scrub String Table 0.105ms
[13.982s][debug][gc,age         ] GC(1484) Desired survivor size 4194304 bytes, new threshold 1 (max threshold 15)
[13.982s][info ][gc,heap        ] GC(1484) PSYoungGen: 16148K->3253K(17408K)
[13.982s][info ][gc,heap        ] GC(1484) ParOldGen: 11986K->11986K(41984K)
[13.982s][info ][gc,metaspace   ] GC(1484) Metaspace: 15861K->15861K(1064960K)
[13.982s][info ][gc             ] GC(1484) Pause Young (Allocation Failure) 27M->14M(58M) 1.615ms
[13.982s][info ][gc,cpu         ] GC(1484) User=0.00s Sys=0.00s Real=0.00s
[13.984s][info ][gc,start       ] GC(1485) Pause Young (Allocation Failure)
[13.984s][debug][gc,phases      ] GC(1485) Scavenge 0.907ms
[13.985s][debug][gc,phases      ] GC(1485) Reference Processing 0.018ms
[13.985s][debug][gc,phases      ] GC(1485) Weak Processing 0.011ms
[13.985s][debug][gc,phases      ] GC(1485) Scrub String Table 0.068ms
[13.985s][debug][gc,age         ] GC(1485) Desired survivor size 4194304 bytes, new threshold 1 (max threshold 15)
[13.985s][info ][gc,heap        ] GC(1485) PSYoungGen: 16344K->2535K(17408K)
[13.985s][info ][gc,heap        ] GC(1485) ParOldGen: 11986K->12783K(41984K)
[13.985s][info ][gc,metaspace   ] GC(1485) Metaspace: 15861K->15861K(1064960K)
[13.985s][info ][gc             ] GC(1485) Pause Young (Allocation Failure) 27M->14M(58M) 1.194ms
[13.985s][info ][gc,cpu         ] GC(1485) User=0.00s Sys=0.00s Real=0.00s
[13.986s][info ][gc,start       ] GC(1486) Pause Young (Allocation Failure)
[13.987s][debug][gc,phases      ] GC(1486) Scavenge 1.280ms
[13.987s][debug][gc,phases      ] GC(1486) Reference Processing 0.019ms
[13.987s][debug][gc,phases      ] GC(1486) Weak Processing 0.011ms
[13.988s][debug][gc,phases      ] GC(1486) Scrub String Table 0.069ms
[13.988s][debug][gc,age         ] GC(1486) Desired survivor size 4194304 bytes, new threshold 1 (max threshold 15)
[13.988s][info ][gc,heap        ] GC(1486) PSYoungGen: 15673K->1658K(17408K)
[13.988s][info ][gc,heap        ] GC(1486) ParOldGen: 12783K->13198K(41984K)
[13.988s][info ][gc,metaspace   ] GC(1486) Metaspace: 15861K->15861K(1064960K)
[13.988s][info ][gc             ] GC(1486) Pause Young (Allocation Failure) 27M->14M(58M) 1.573ms
[13.988s][info ][gc,cpu         ] GC(1486) User=0.00s Sys=0.00s Real=0.01s
[13.989s][info ][gc,start       ] GC(1487) Pause Young (Allocation Failure)
[13.989s][debug][gc,phases      ] GC(1487) Scavenge 0.208ms
[13.989s][debug][gc,phases      ] GC(1487) Reference Processing 0.019ms
[13.989s][debug][gc,phases      ] GC(1487) Weak Processing 0.010ms
[13.989s][debug][gc,phases      ] GC(1487) Scrub String Table 0.068ms
[13.989s][debug][gc,age         ] GC(1487) Desired survivor size 4194304 bytes, new threshold 1 (max threshold 15)
[13.989s][info ][gc,heap        ] GC(1487) PSYoungGen: 14756K->1363K(17408K)
[13.989s][info ][gc,heap        ] GC(1487) ParOldGen: 13198K->13222K(41984K)
[13.989s][info ][gc,metaspace   ] GC(1487) Metaspace: 15861K->15861K(1064960K)
[13.989s][info ][gc             ] GC(1487) Pause Young (Allocation Failure) 27M->14M(58M) 0.467ms
[13.989s][info ][gc,cpu         ] GC(1487) User=0.00s Sys=0.00s Real=0.00s
[13.990s][info ][gc,start       ] GC(1488) Pause Young (Allocation Failure)
[13.991s][debug][gc,phases      ] GC(1488) Scavenge 0.413ms
[13.991s][debug][gc,phases      ] GC(1488) Reference Processing 0.024ms
[13.991s][debug][gc,phases      ] GC(1488) Weak Processing 0.011ms
[13.991s][debug][gc,phases      ] GC(1488) Scrub String Table 0.079ms
[13.991s][debug][gc,age         ] GC(1488) Desired survivor size 4194304 bytes, new threshold 1 (max threshold 15)
[13.991s][info ][gc,heap        ] GC(1488) PSYoungGen: 14566K->2990K(17408K)
[13.991s][info ][gc,heap        ] GC(1488) ParOldGen: 13222K->13238K(41984K)
[13.991s][info ][gc,metaspace   ] GC(1488) Metaspace: 15861K->15861K(1064960K)
[13.991s][info ][gc             ] GC(1488) Pause Young (Allocation Failure) 27M->15M(58M) 0.742ms
[13.991s][info ][gc,cpu         ] GC(1488) User=0.00s Sys=0.00s Real=0.00s
[13.992s][info ][gc,start       ] GC(1489) Pause Young (Allocation Failure)
[13.993s][debug][gc,phases      ] GC(1489) Scavenge 0.596ms
[13.993s][debug][gc,phases      ] GC(1489) Reference Processing 0.019ms
[13.993s][debug][gc,phases      ] GC(1489) Weak Processing 0.011ms
[13.993s][debug][gc,phases      ] GC(1489) Scrub String Table 0.068ms
[13.993s][debug][gc,age         ] GC(1489) Desired survivor size 4194304 bytes, new threshold 1 (max threshold 15)
[13.993s][info ][gc,heap        ] GC(1489) PSYoungGen: 16175K->2926K(17408K)
[13.993s][info ][gc,heap        ] GC(1489) ParOldGen: 13238K->13262K(41984K)
[13.993s][info ][gc,metaspace   ] GC(1489) Metaspace: 15861K->15861K(1064960K)
[13.993s][info ][gc             ] GC(1489) Pause Young (Allocation Failure) 28M->15M(58M) 0.890ms
[13.993s][info ][gc,cpu         ] GC(1489) User=0.01s Sys=0.00s Real=0.00s
[13.995s][info ][gc,start       ] GC(1490) Pause Young (Allocation Failure)
[13.995s][debug][gc,phases      ] GC(1490) Scavenge 0.408ms
[13.995s][debug][gc,phases      ] GC(1490) Reference Processing 0.020ms
[13.995s][debug][gc,phases      ] GC(1490) Weak Processing 0.011ms
[13.995s][debug][gc,phases      ] GC(1490) Scrub String Table 0.069ms
[13.995s][debug][gc,age         ] GC(1490) Desired survivor size 4194304 bytes, new threshold 1 (max threshold 15)
[13.995s][info ][gc,heap        ] GC(1490) PSYoungGen: 16099K->2599K(17408K)
[13.995s][info ][gc,heap        ] GC(1490) ParOldGen: 13262K->13278K(41984K)
[13.995s][info ][gc,metaspace   ] GC(1490) Metaspace: 15861K->15861K(1064960K)
[13.995s][info ][gc             ] GC(1490) Pause Young (Allocation Failure) 28M->15M(58M) 0.674ms
[13.995s][info ][gc,cpu         ] GC(1490) User=0.01s Sys=0.00s Real=0.00s
[13.996s][info ][gc,start       ] GC(1491) Pause Young (Allocation Failure)
[13.997s][debug][gc,phases      ] GC(1491) Scavenge 0.356ms
[13.997s][debug][gc,phases      ] GC(1491) Reference Processing 0.023ms
[13.997s][debug][gc,phases      ] GC(1491) Weak Processing 0.011ms
[13.997s][debug][gc,phases      ] GC(1491) Scrub String Table 0.069ms
[13.997s][debug][gc,age         ] GC(1491) Desired survivor size 4194304 bytes, new threshold 1 (max threshold 15)
[13.997s][info ][gc,heap        ] GC(1491) PSYoungGen: 15765K->2990K(17408K)
[13.997s][info ][gc,heap        ] GC(1491) ParOldGen: 13278K->13286K(41984K)
[13.997s][info ][gc,metaspace   ] GC(1491) Metaspace: 15861K->15861K(1064960K)
[13.997s][info ][gc             ] GC(1491) Pause Young (Allocation Failure) 28M->15M(58M) 0.637ms
[13.997s][info ][gc,cpu         ] GC(1491) User=0.00s Sys=0.00s Real=0.01s
[13.998s][info ][gc,start       ] GC(1492) Pause Young (Allocation Failure)
[13.999s][debug][gc,phases      ] GC(1492) Scavenge 1.213ms
[13.999s][debug][gc,phases      ] GC(1492) Reference Processing 0.020ms
[13.999s][debug][gc,phases      ] GC(1492) Weak Processing 0.010ms
[13.999s][debug][gc,phases      ] GC(1492) Scrub String Table 0.068ms
[14.000s][debug][gc,age         ] GC(1492) Desired survivor size 4194304 bytes, new threshold 1 (max threshold 15)
[14.000s][info ][gc,heap        ] GC(1492) PSYoungGen: 16151K->2567K(17408K)
[14.000s][info ][gc,heap        ] GC(1492) ParOldGen: 13286K->13294K(41984K)
[14.000s][info ][gc,metaspace   ] GC(1492) Metaspace: 15861K->15861K(1064960K)
[14.000s][info ][gc             ] GC(1492) Pause Young (Allocation Failure) 28M->15M(58M) 1.515ms
[14.000s][info ][gc,cpu         ] GC(1492) User=0.01s Sys=0.00s Real=0.00s
[14.001s][info ][gc,start       ] GC(1493) Pause Young (Allocation Failure)
[14.001s][debug][gc,phases      ] GC(1493) Scavenge 0.378ms
[14.001s][debug][gc,phases      ] GC(1493) Reference Processing 0.020ms
[14.001s][debug][gc,phases      ] GC(1493) Weak Processing 0.011ms
[14.001s][debug][gc,phases      ] GC(1493) Scrub String Table 0.071ms
[14.001s][debug][gc,age         ] GC(1493) Desired survivor size 4194304 bytes, new threshold 1 (max threshold 15)
[14.001s][info ][gc,heap        ] GC(1493) PSYoungGen: 15725K->2990K(17408K)
[14.001s][info ][gc,heap        ] GC(1493) ParOldGen: 13294K->13294K(41984K)
[14.001s][info ][gc,metaspace   ] GC(1493) Metaspace: 15861K->15861K(1064960K)
[14.001s][info ][gc             ] GC(1493) Pause Young (Allocation Failure) 28M->15M(58M) 0.668ms
[14.001s][info ][gc,cpu         ] GC(1493) User=0.01s Sys=0.00s Real=0.00s
[14.002s][info ][gc,start       ] GC(1494) Pause Young (Allocation Failure)
[14.003s][debug][gc,phases      ] GC(1494) Scavenge 0.465ms
[14.003s][debug][gc,phases      ] GC(1494) Reference Processing 0.020ms
[14.003s][debug][gc,phases      ] GC(1494) Weak Processing 0.010ms
[14.003s][debug][gc,phases      ] GC(1494) Scrub String Table 0.078ms
[14.003s][debug][gc,age         ] GC(1494) Desired survivor size 4194304 bytes, new threshold 1 (max threshold 15)
[14.003s][info ][gc,heap        ] GC(1494) PSYoungGen: 16146K->3381K(17408K)
[14.003s][info ][gc,heap        ] GC(1494) ParOldGen: 13294K->13294K(41984K)
[14.003s][info ][gc,metaspace   ] GC(1494) Metaspace: 15861K->15861K(1064960K)
[14.003s][info ][gc             ] GC(1494) Pause Young (Allocation Failure) 28M->16M(58M) 0.785ms
[14.003s][info ][gc,cpu         ] GC(1494) User=0.01s Sys=0.00s Real=0.00s
[14.004s][info ][gc,start       ] GC(1495) Pause Young (Allocation Failure)
[14.005s][debug][gc,phases      ] GC(1495) Scavenge 0.810ms
[14.005s][debug][gc,phases      ] GC(1495) Reference Processing 0.020ms
[14.005s][debug][gc,phases      ] GC(1495) Weak Processing 0.010ms
[14.005s][debug][gc,phases      ] GC(1495) Scrub String Table 0.069ms
[14.005s][debug][gc,age         ] GC(1495) Desired survivor size 4194304 bytes, new threshold 1 (max threshold 15)
[14.005s][info ][gc,heap        ] GC(1495) PSYoungGen: 16535K->3381K(17408K)
[14.005s][info ][gc,heap        ] GC(1495) ParOldGen: 13294K->13302K(41984K)
[14.005s][info ][gc,metaspace   ] GC(1495) Metaspace: 15861K->15861K(1064960K)
[14.006s][info ][gc             ] GC(1495) Pause Young (Allocation Failure) 29M->16M(58M) 1.094ms
[14.006s][info ][gc,cpu         ] GC(1495) User=0.01s Sys=0.00s Real=0.00s
[14.007s][info ][gc,start       ] GC(1496) Pause Young (Allocation Failure)
[14.008s][debug][gc,phases      ] GC(1496) Scavenge 0.871ms
[14.008s][debug][gc,phases      ] GC(1496) Reference Processing 0.023ms
[14.008s][debug][gc,phases      ] GC(1496) Weak Processing 0.011ms
[14.008s][debug][gc,phases      ] GC(1496) Scrub String Table 0.074ms
[14.008s][debug][gc,age         ] GC(1496) Desired survivor size 4194304 bytes, new threshold 1 (max threshold 15)
[14.008s][info ][gc,heap        ] GC(1496) PSYoungGen: 16535K->2894K(17408K)
[14.008s][info ][gc,heap        ] GC(1496) ParOldGen: 13302K->13326K(41984K)
[14.008s][info ][gc,metaspace   ] GC(1496) Metaspace: 15861K->15861K(1064960K)
[14.008s][info ][gc             ] GC(1496) Pause Young (Allocation Failure) 29M->15M(58M) 1.172ms
[14.008s][info ][gc,cpu         ] GC(1496) User=0.01s Sys=0.00s Real=0.00s
[14.009s][info ][gc,start       ] GC(1497) Pause Young (Allocation Failure)
[14.009s][debug][gc,phases      ] GC(1497) Scavenge 0.363ms
[14.009s][debug][gc,phases      ] GC(1497) Reference Processing 0.021ms
[14.009s][debug][gc,phases      ] GC(1497) Weak Processing 0.010ms
[14.009s][debug][gc,phases      ] GC(1497) Scrub String Table 0.069ms
[14.009s][debug][gc,age         ] GC(1497) Desired survivor size 4194304 bytes, new threshold 1 (max threshold 15)
[14.009s][info ][gc,heap        ] GC(1497) PSYoungGen: 16047K->2990K(17408K)
[14.010s][info ][gc,heap        ] GC(1497) ParOldGen: 13326K->13326K(41984K)
[14.010s][info ][gc,metaspace   ] GC(1497) Metaspace: 15861K->15861K(1064960K)
[14.010s][info ][gc             ] GC(1497) Pause Young (Allocation Failure) 28M->15M(58M) 0.655ms
[14.010s][info ][gc,cpu         ] GC(1497) User=0.01s Sys=0.00s Real=0.00s
[14.011s][info ][gc,start       ] GC(1498) Pause Young (Allocation Failure)
[14.012s][debug][gc,phases      ] GC(1498) Scavenge 1.112ms
[14.012s][debug][gc,phases      ] GC(1498) Reference Processing 0.021ms
[14.012s][debug][gc,phases      ] GC(1498) Weak Processing 0.012ms
[14.012s][debug][gc,phases      ] GC(1498) Scrub String Table 0.103ms
[14.012s][debug][gc,age         ] GC(1498) Desired survivor size 4194304 bytes, new threshold 1 (max threshold 15)
[14.012s][info ][gc,heap        ] GC(1498) PSYoungGen: 16143K->2567K(17408K)
[14.012s][info ][gc,heap        ] GC(1498) ParOldGen: 13326K->13334K(41984K)
[14.012s][info ][gc,metaspace   ] GC(1498) Metaspace: 15861K->15861K(1064960K)
[14.012s][info ][gc             ] GC(1498) Pause Young (Allocation Failure) 28M->15M(58M) 1.571ms
[14.012s][info ][gc,cpu         ] GC(1498) User=0.01s Sys=0.00s Real=0.00s
[14.014s][info ][gc,start       ] GC(1499) Pause Young (Allocation Failure)
[14.014s][debug][gc,phases      ] GC(1499) Scavenge 0.578ms
[14.014s][debug][gc,phases      ] GC(1499) Reference Processing 0.020ms
[14.014s][debug][gc,phases      ] GC(1499) Weak Processing 0.011ms
[14.014s][debug][gc,phases      ] GC(1499) Scrub String Table 0.069ms
[14.014s][debug][gc,age         ] GC(1499) Desired survivor size 4194304 bytes, new threshold 1 (max threshold 15)
[14.014s][info ][gc,heap        ] GC(1499) PSYoungGen: 15690K->2567K(17408K)
[14.014s][info ][gc,heap        ] GC(1499) ParOldGen: 13334K->13740K(41984K)
[14.014s][info ][gc,metaspace   ] GC(1499) Metaspace: 15861K->15861K(1064960K)
[14.014s][info ][gc             ] GC(1499) Pause Young (Allocation Failure) 28M->15M(58M) 0.869ms
[14.014s][info ][gc,cpu         ] GC(1499) User=0.00s Sys=0.00s Real=0.00s
[14.016s][info ][gc,start       ] GC(1500) Pause Young (Allocation Failure)
[14.016s][debug][gc,phases      ] GC(1500) Scavenge 0.841ms
[14.017s][debug][gc,phases      ] GC(1500) Reference Processing 0.018ms
[14.017s][debug][gc,phases      ] GC(1500) Weak Processing 0.011ms
[14.017s][debug][gc,phases      ] GC(1500) Scrub String Table 0.068ms
[14.017s][debug][gc,age         ] GC(1500) Desired survivor size 4194304 bytes, new threshold 1 (max threshold 15)
[14.017s][info ][gc,heap        ] GC(1500) PSYoungGen: 15707K->2113K(17408K)
[14.017s][info ][gc,heap        ] GC(1500) ParOldGen: 13740K->14147K(41984K)
[14.017s][info ][gc,metaspace   ] GC(1500) Metaspace: 15861K->15861K(1064960K)
[14.017s][info ][gc             ] GC(1500) Pause Young (Allocation Failure) 28M->15M(58M) 1.155ms
[14.017s][info ][gc,cpu         ] GC(1500) User=0.01s Sys=0.00s Real=0.01s
[14.018s][info ][gc,start       ] GC(1501) Pause Young (Allocation Failure)
[14.018s][debug][gc,phases      ] GC(1501) Scavenge 0.510ms
[14.018s][debug][gc,phases      ] GC(1501) Reference Processing 0.022ms
[14.018s][debug][gc,phases      ] GC(1501) Weak Processing 0.011ms
[14.018s][debug][gc,phases      ] GC(1501) Scrub String Table 0.070ms
[14.018s][debug][gc,age         ] GC(1501) Desired survivor size 4194304 bytes, new threshold 1 (max threshold 15)
[14.018s][info ][gc,heap        ] GC(1501) PSYoungGen: 15281K->2113K(17408K)
[14.018s][info ][gc,heap        ] GC(1501) ParOldGen: 14147K->14155K(41984K)
[14.018s][info ][gc,metaspace   ] GC(1501) Metaspace: 15861K->15861K(1064960K)
[14.018s][info ][gc             ] GC(1501) Pause Young (Allocation Failure) 28M->15M(58M) 0.800ms
[14.018s][info ][gc,cpu         ] GC(1501) User=0.01s Sys=0.00s Real=0.00s
[14.019s][info ][gc,start       ] GC(1502) Pause Young (Allocation Failure)
[14.020s][debug][gc,phases      ] GC(1502) Scavenge 0.414ms
[14.020s][debug][gc,phases      ] GC(1502) Reference Processing 0.026ms
[14.020s][debug][gc,phases      ] GC(1502) Weak Processing 0.011ms
[14.020s][debug][gc,phases      ] GC(1502) Scrub String Table 0.086ms
[14.020s][debug][gc,age         ] GC(1502) Desired survivor size 4718592 bytes, new threshold 1 (max threshold 15)
[14.020s][info ][gc,heap        ] GC(1502) PSYoungGen: 15275K->3771K(17408K)
[14.020s][info ][gc,heap        ] GC(1502) ParOldGen: 14155K->14163K(41984K)
[14.020s][info ][gc,metaspace   ] GC(1502) Metaspace: 15861K->15861K(1064960K)
[14.020s][info ][gc             ] GC(1502) Pause Young (Allocation Failure) 28M->17M(58M) 0.765ms
[14.020s][info ][gc,cpu         ] GC(1502) User=0.01s Sys=0.00s Real=0.00s
[14.021s][info ][gc,start       ] GC(1503) Pause Young (Allocation Failure)
[14.022s][debug][gc,phases      ] GC(1503) Scavenge 0.465ms
[14.022s][debug][gc,phases      ] GC(1503) Reference Processing 0.019ms
[14.022s][debug][gc,phases      ] GC(1503) Weak Processing 0.010ms
[14.022s][debug][gc,phases      ] GC(1503) Scrub String Table 0.068ms
[14.022s][debug][gc,age         ] GC(1503) Desired survivor size 4194304 bytes, new threshold 1 (max threshold 15)
[14.022s][info ][gc,heap        ] GC(1503) PSYoungGen: 16930K->2535K(17408K)
[14.022s][info ][gc,heap        ] GC(1503) ParOldGen: 14163K->14163K(41984K)
[14.022s][info ][gc,metaspace   ] GC(1503) Metaspace: 15861K->15861K(1064960K)
[14.022s][info ][gc             ] GC(1503) Pause Young (Allocation Failure) 30M->16M(58M) 0.802ms
[14.022s][info ][gc,cpu         ] GC(1503) User=0.00s Sys=0.01s Real=0.00s
[14.023s][info ][gc,start       ] GC(1504) Pause Young (Allocation Failure)
[14.024s][debug][gc,phases      ] GC(1504) Scavenge 0.401ms
[14.024s][debug][gc,phases      ] GC(1504) Reference Processing 0.020ms
[14.024s][debug][gc,phases      ] GC(1504) Weak Processing 0.010ms
[14.024s][debug][gc,phases      ] GC(1504) Scrub String Table 0.069ms
[14.024s][debug][gc,age         ] GC(1504) Desired survivor size 4194304 bytes, new threshold 1 (max threshold 15)
[14.024s][info ][gc,heap        ] GC(1504) PSYoungGen: 15692K->2990K(17408K)
[14.024s][info ][gc,heap        ] GC(1504) ParOldGen: 14163K->14171K(41984K)
[14.024s][info ][gc,metaspace   ] GC(1504) Metaspace: 15861K->15861K(1064960K)
[14.024s][info ][gc             ] GC(1504) Pause Young (Allocation Failure) 29M->16M(58M) 0.682ms
[14.024s][info ][gc,cpu         ] GC(1504) User=0.00s Sys=0.00s Real=0.00s
[14.025s][info ][gc,start       ] GC(1505) Pause Young (Allocation Failure)
[14.025s][debug][gc,phases      ] GC(1505) Scavenge 0.369ms
[14.025s][debug][gc,phases      ] GC(1505) Reference Processing 0.020ms
[14.026s][debug][gc,phases      ] GC(1505) Weak Processing 0.010ms
[14.026s][debug][gc,phases      ] GC(1505) Scrub String Table 0.069ms
[14.026s][debug][gc,age         ] GC(1505) Desired survivor size 4194304 bytes, new threshold 1 (max threshold 15)
[14.026s][info ][gc,heap        ] GC(1505) PSYoungGen: 16145K->2990K(17408K)
[14.026s][info ][gc,heap        ] GC(1505) ParOldGen: 14171K->14171K(41984K)
[14.026s][info ][gc,metaspace   ] GC(1505) Metaspace: 15861K->15861K(1064960K)
[14.026s][info ][gc             ] GC(1505) Pause Young (Allocation Failure) 29M->16M(58M) 0.659ms
[14.026s][info ][gc,cpu         ] GC(1505) User=0.00s Sys=0.00s Real=0.00s
[14.027s][info ][gc,start       ] GC(1506) Pause Young (Allocation Failure)
[14.027s][debug][gc,phases      ] GC(1506) Scavenge 0.563ms
[14.027s][debug][gc,phases      ] GC(1506) Reference Processing 0.023ms
[14.028s][debug][gc,phases      ] GC(1506) Weak Processing 0.010ms
[14.028s][debug][gc,phases      ] GC(1506) Scrub String Table 0.070ms
[14.028s][debug][gc,age         ] GC(1506) Desired survivor size 4194304 bytes, new threshold 1 (max threshold 15)
[14.028s][info ][gc,heap        ] GC(1506) PSYoungGen: 16144K->2990K(17408K)
[14.028s][info ][gc,heap        ] GC(1506) ParOldGen: 14171K->14171K(41984K)
[14.028s][info ][gc,metaspace   ] GC(1506) Metaspace: 15861K->15861K(1064960K)
[14.028s][info ][gc             ] GC(1506) Pause Young (Allocation Failure) 29M->16M(58M) 0.857ms
[14.028s][info ][gc,cpu         ] GC(1506) User=0.00s Sys=0.00s Real=0.00s
[14.029s][info ][gc,start       ] GC(1507) Pause Young (Allocation Failure)
[14.029s][debug][gc,phases      ] GC(1507) Scavenge 0.349ms
[14.029s][debug][gc,phases      ] GC(1507) Reference Processing 0.019ms
[14.029s][debug][gc,phases      ] GC(1507) Weak Processing 0.011ms
[14.029s][debug][gc,phases      ] GC(1507) Scrub String Table 0.068ms
[14.029s][debug][gc,age         ] GC(1507) Desired survivor size 4194304 bytes, new threshold 1 (max threshold 15)
[14.029s][info ][gc,heap        ] GC(1507) PSYoungGen: 16144K->2567K(17408K)
[14.029s][info ][gc,heap        ] GC(1507) ParOldGen: 14171K->14171K(41984K)
[14.029s][info ][gc,metaspace   ] GC(1507) Metaspace: 15861K->15861K(1064960K)
[14.029s][info ][gc             ] GC(1507) Pause Young (Allocation Failure) 29M->16M(58M) 0.605ms
[14.029s][info ][gc,cpu         ] GC(1507) User=0.00s Sys=0.00s Real=0.00s
[14.030s][info ][gc,start       ] GC(1508) Pause Young (Allocation Failure)
[14.031s][debug][gc,phases      ] GC(1508) Scavenge 0.846ms
[14.031s][debug][gc,phases      ] GC(1508) Reference Processing 0.024ms
[14.031s][debug][gc,phases      ] GC(1508) Weak Processing 0.014ms
[14.032s][debug][gc,phases      ] GC(1508) Scrub String Table 0.083ms
[14.032s][debug][gc,age         ] GC(1508) Desired survivor size 4194304 bytes, new threshold 1 (max threshold 15)
[14.032s][info ][gc,heap        ] GC(1508) PSYoungGen: 15721K->3349K(17408K)
[14.032s][info ][gc,heap        ] GC(1508) ParOldGen: 14171K->14171K(41984K)
[14.032s][info ][gc,metaspace   ] GC(1508) Metaspace: 15861K->15861K(1064960K)
[14.032s][info ][gc             ] GC(1508) Pause Young (Allocation Failure) 29M->17M(58M) 1.187ms
[14.032s][info ][gc,cpu         ] GC(1508) User=0.00s Sys=0.00s Real=0.00s
[14.033s][info ][gc,start       ] GC(1509) Pause Young (Allocation Failure)
[14.034s][debug][gc,phases      ] GC(1509) Scavenge 0.735ms
[14.034s][debug][gc,phases      ] GC(1509) Reference Processing 0.019ms
[14.034s][debug][gc,phases      ] GC(1509) Weak Processing 0.011ms
[14.034s][debug][gc,phases      ] GC(1509) Scrub String Table 0.069ms
[14.034s][debug][gc,age         ] GC(1509) Desired survivor size 4194304 bytes, new threshold 1 (max threshold 15)
[14.034s][info ][gc,heap        ] GC(1509) PSYoungGen: 16502K->1395K(17408K)
[14.034s][info ][gc,heap        ] GC(1509) ParOldGen: 14171K->14577K(41984K)
[14.034s][info ][gc,metaspace   ] GC(1509) Metaspace: 15861K->15861K(1064960K)
[14.034s][info ][gc             ] GC(1509) Pause Young (Allocation Failure) 29M->15M(58M) 1.015ms
[14.034s][info ][gc,cpu         ] GC(1509) User=0.00s Sys=0.00s Real=0.00s
[14.035s][info ][gc,start       ] GC(1510) Pause Young (Allocation Failure)
[14.035s][debug][gc,phases      ] GC(1510) Scavenge 0.432ms
[14.035s][debug][gc,phases      ] GC(1510) Reference Processing 0.023ms
[14.035s][debug][gc,phases      ] GC(1510) Weak Processing 0.010ms
[14.035s][debug][gc,phases      ] GC(1510) Scrub String Table 0.068ms
[14.035s][debug][gc,age         ] GC(1510) Desired survivor size 4194304 bytes, new threshold 1 (max threshold 15)
[14.036s][info ][gc,heap        ] GC(1510) PSYoungGen: 14548K->2599K(17408K)
[14.036s][info ][gc,heap        ] GC(1510) ParOldGen: 14577K->14617K(41984K)
[14.036s][info ][gc,metaspace   ] GC(1510) Metaspace: 15861K->15861K(1064960K)
[14.036s][info ][gc             ] GC(1510) Pause Young (Allocation Failure) 28M->16M(58M) 0.741ms
[14.036s][info ][gc,cpu         ] GC(1510) User=0.00s Sys=0.00s Real=0.00s
[14.037s][info ][gc,start       ] GC(1511) Pause Young (Allocation Failure)
[14.037s][debug][gc,phases      ] GC(1511) Scavenge 0.377ms
[14.037s][debug][gc,phases      ] GC(1511) Reference Processing 0.019ms
[14.037s][debug][gc,phases      ] GC(1511) Weak Processing 0.011ms
[14.037s][debug][gc,phases      ] GC(1511) Scrub String Table 0.069ms
[14.037s][debug][gc,age         ] GC(1511) Desired survivor size 4194304 bytes, new threshold 1 (max threshold 15)
[14.037s][info ][gc,heap        ] GC(1511) PSYoungGen: 15752K->2209K(17408K)
[14.037s][info ][gc,heap        ] GC(1511) ParOldGen: 14617K->14625K(41984K)
[14.037s][info ][gc,metaspace   ] GC(1511) Metaspace: 15861K->15861K(1064960K)
[14.037s][info ][gc             ] GC(1511) Pause Young (Allocation Failure) 29M->16M(58M) 0.650ms
[14.037s][info ][gc,cpu         ] GC(1511) User=0.00s Sys=0.00s Real=0.00s
[14.038s][info ][gc,start       ] GC(1512) Pause Young (Allocation Failure)
[14.039s][debug][gc,phases      ] GC(1512) Scavenge 0.558ms
[14.039s][debug][gc,phases      ] GC(1512) Reference Processing 0.019ms
[14.039s][debug][gc,phases      ] GC(1512) Weak Processing 0.010ms
[14.039s][debug][gc,phases      ] GC(1512) Scrub String Table 0.069ms
[14.039s][debug][gc,age         ] GC(1512) Desired survivor size 4194304 bytes, new threshold 1 (max threshold 15)
[14.039s][info ][gc,heap        ] GC(1512) PSYoungGen: 15361K->2958K(17408K)
[14.039s][info ][gc,heap        ] GC(1512) ParOldGen: 14625K->14633K(41984K)
[14.039s][info ][gc,metaspace   ] GC(1512) Metaspace: 15861K->15861K(1064960K)
[14.039s][info ][gc             ] GC(1512) Pause Young (Allocation Failure) 29M->17M(58M) 0.843ms
[14.039s][info ][gc,cpu         ] GC(1512) User=0.00s Sys=0.00s Real=0.00s
[14.040s][info ][gc,start       ] GC(1513) Pause Young (Allocation Failure)
[14.041s][debug][gc,phases      ] GC(1513) Scavenge 0.452ms
[14.041s][debug][gc,phases      ] GC(1513) Reference Processing 0.020ms
[14.041s][debug][gc,phases      ] GC(1513) Weak Processing 0.010ms
[14.041s][debug][gc,phases      ] GC(1513) Scrub String Table 0.068ms
[14.041s][debug][gc,age         ] GC(1513) Desired survivor size 4194304 bytes, new threshold 1 (max threshold 15)
[14.041s][info ][gc,heap        ] GC(1513) PSYoungGen: 16111K->3381K(17408K)
[14.041s][info ][gc,heap        ] GC(1513) ParOldGen: 14633K->14633K(41984K)
[14.041s][info ][gc,metaspace   ] GC(1513) Metaspace: 15861K->15861K(1064960K)
[14.041s][info ][gc             ] GC(1513) Pause Young (Allocation Failure) 30M->17M(58M) 0.751ms
[14.041s][info ][gc,cpu         ] GC(1513) User=0.00s Sys=0.00s Real=0.00s
[14.042s][info ][gc,start       ] GC(1514) Pause Young (Allocation Failure)
[14.043s][debug][gc,phases      ] GC(1514) Scavenge 0.331ms
[14.043s][debug][gc,phases      ] GC(1514) Reference Processing 0.019ms
[14.043s][debug][gc,phases      ] GC(1514) Weak Processing 0.013ms
[14.043s][debug][gc,phases      ] GC(1514) Scrub String Table 0.079ms
[14.043s][debug][gc,age         ] GC(1514) Desired survivor size 4194304 bytes, new threshold 1 (max threshold 15)
[14.043s][info ][gc,heap        ] GC(1514) PSYoungGen: 16533K->2145K(17408K)
[14.043s][info ][gc,heap        ] GC(1514) ParOldGen: 14633K->14633K(41984K)
[14.043s][info ][gc,metaspace   ] GC(1514) Metaspace: 15861K->15861K(1064960K)
[14.043s][info ][gc             ] GC(1514) Pause Young (Allocation Failure) 30M->16M(58M) 0.628ms
[14.043s][info ][gc,cpu         ] GC(1514) User=0.00s Sys=0.00s Real=0.00s
[14.044s][info ][gc,start       ] GC(1515) Pause Young (Allocation Failure)
[14.045s][debug][gc,phases      ] GC(1515) Scavenge 0.857ms
[14.045s][debug][gc,phases      ] GC(1515) Reference Processing 0.019ms
[14.045s][debug][gc,phases      ] GC(1515) Weak Processing 0.011ms
[14.045s][debug][gc,phases      ] GC(1515) Scrub String Table 0.068ms
[14.045s][debug][gc,age         ] GC(1515) Desired survivor size 4718592 bytes, new threshold 1 (max threshold 15)
[14.045s][info ][gc,heap        ] GC(1515) PSYoungGen: 15297K->3771K(16384K)
[14.045s][info ][gc,heap        ] GC(1515) ParOldGen: 14633K->14633K(41984K)
[14.045s][info ][gc,metaspace   ] GC(1515) Metaspace: 15861K->15861K(1064960K)
[14.045s][info ][gc             ] GC(1515) Pause Young (Allocation Failure) 29M->17M(57M) 1.144ms
[14.045s][info ][gc,cpu         ] GC(1515) User=0.00s Sys=0.00s Real=0.00s
[14.046s][info ][gc,start       ] GC(1516) Pause Young (Allocation Failure)
[14.047s][debug][gc,phases      ] GC(1516) Scavenge 0.302ms
[14.047s][debug][gc,phases      ] GC(1516) Reference Processing 0.020ms
[14.047s][debug][gc,phases      ] GC(1516) Weak Processing 0.010ms
[14.047s][debug][gc,phases      ] GC(1516) Scrub String Table 0.067ms
[14.047s][debug][gc,age         ] GC(1516) Desired survivor size 4718592 bytes, new threshold 1 (max threshold 15)
[14.047s][info ][gc,heap        ] GC(1516) PSYoungGen: 15732K->1818K(16896K)
[14.047s][info ][gc,heap        ] GC(1516) ParOldGen: 14633K->14633K(41984K)
[14.047s][info ][gc,metaspace   ] GC(1516) Metaspace: 15861K->15861K(1064960K)
[14.047s][info ][gc             ] GC(1516) Pause Young (Allocation Failure) 29M->16M(57M) 0.570ms
[14.047s][info ][gc,cpu         ] GC(1516) User=0.00s Sys=0.00s Real=0.00s
[14.048s][info ][gc,start       ] GC(1517) Pause Young (Allocation Failure)
[14.049s][debug][gc,phases      ] GC(1517) Scavenge 0.483ms
[14.049s][debug][gc,phases      ] GC(1517) Reference Processing 0.019ms
[14.049s][debug][gc,phases      ] GC(1517) Weak Processing 0.011ms
[14.049s][debug][gc,phases      ] GC(1517) Scrub String Table 0.069ms
[14.049s][debug][gc,age         ] GC(1517) Desired survivor size 4718592 bytes, new threshold 1 (max threshold 15)
[14.049s][info ][gc,heap        ] GC(1517) PSYoungGen: 13745K->2209K(16896K)
[14.049s][info ][gc,heap        ] GC(1517) ParOldGen: 14633K->15048K(41984K)
[14.049s][info ][gc,metaspace   ] GC(1517) Metaspace: 15861K->15861K(1064960K)
[14.049s][info ][gc             ] GC(1517) Pause Young (Allocation Failure) 27M->16M(57M) 0.781ms
[14.049s][info ][gc,cpu         ] GC(1517) User=0.01s Sys=0.00s Real=0.00s
[14.050s][info ][gc,start       ] GC(1518) Pause Young (Allocation Failure)
[14.050s][debug][gc,phases      ] GC(1518) Scavenge 0.461ms
[14.050s][debug][gc,phases      ] GC(1518) Reference Processing 0.020ms
[14.050s][debug][gc,phases      ] GC(1518) Weak Processing 0.010ms
[14.051s][debug][gc,phases      ] GC(1518) Scrub String Table 0.068ms
[14.051s][debug][gc,age         ] GC(1518) Desired survivor size 4718592 bytes, new threshold 1 (max threshold 15)
[14.051s][info ][gc,heap        ] GC(1518) PSYoungGen: 14181K->3381K(16896K)
[14.051s][info ][gc,heap        ] GC(1518) ParOldGen: 15048K->15048K(41984K)
[14.051s][info ][gc,metaspace   ] GC(1518) Metaspace: 15861K->15861K(1064960K)
[14.051s][info ][gc             ] GC(1518) Pause Young (Allocation Failure) 28M->17M(57M) 0.745ms
[14.051s][info ][gc,cpu         ] GC(1518) User=0.00s Sys=0.01s Real=0.00s
[14.052s][info ][gc,start       ] GC(1519) Pause Young (Allocation Failure)
[14.052s][debug][gc,phases      ] GC(1519) Scavenge 0.413ms
[14.052s][debug][gc,phases      ] GC(1519) Reference Processing 0.032ms
[14.052s][debug][gc,phases      ] GC(1519) Weak Processing 0.011ms
[14.052s][debug][gc,phases      ] GC(1519) Scrub String Table 0.068ms
[14.052s][debug][gc,age         ] GC(1519) Desired survivor size 4718592 bytes, new threshold 1 (max threshold 15)
[14.052s][info ][gc,heap        ] GC(1519) PSYoungGen: 15349K->3381K(16896K)
[14.052s][info ][gc,heap        ] GC(1519) ParOldGen: 15048K->15056K(41984K)
[14.052s][info ][gc,metaspace   ] GC(1519) Metaspace: 15861K->15861K(1064960K)
[14.052s][info ][gc             ] GC(1519) Pause Young (Allocation Failure) 29M->18M(57M) 0.697ms
[14.052s][info ][gc,cpu         ] GC(1519) User=0.00s Sys=0.00s Real=0.00s
[14.053s][info ][gc,start       ] GC(1520) Pause Young (Allocation Failure)
[14.054s][debug][gc,phases      ] GC(1520) Scavenge 0.441ms
[14.054s][debug][gc,phases      ] GC(1520) Reference Processing 0.022ms
[14.054s][debug][gc,phases      ] GC(1520) Weak Processing 0.011ms
[14.054s][debug][gc,phases      ] GC(1520) Scrub String Table 0.068ms
[14.054s][debug][gc,age         ] GC(1520) Desired survivor size 4718592 bytes, new threshold 1 (max threshold 15)
[14.054s][info ][gc,heap        ] GC(1520) PSYoungGen: 15346K->2958K(16896K)
[14.054s][info ][gc,heap        ] GC(1520) ParOldGen: 15056K->15056K(41984K)
[14.054s][info ][gc,metaspace   ] GC(1520) Metaspace: 15861K->15861K(1064960K)
[14.054s][info ][gc             ] GC(1520) Pause Young (Allocation Failure) 29M->17M(57M) 0.762ms
[14.054s][info ][gc,cpu         ] GC(1520) User=0.00s Sys=0.00s Real=0.00s
[14.055s][info ][gc,start       ] GC(1521) Pause Young (Allocation Failure)
[14.056s][debug][gc,phases      ] GC(1521) Scavenge 0.439ms
[14.056s][debug][gc,phases      ] GC(1521) Reference Processing 0.019ms
[14.056s][debug][gc,phases      ] GC(1521) Weak Processing 0.010ms
[14.056s][debug][gc,phases      ] GC(1521) Scrub String Table 0.069ms
[14.056s][debug][gc,age         ] GC(1521) Desired survivor size 4718592 bytes, new threshold 1 (max threshold 15)
[14.056s][info ][gc,heap        ] GC(1521) PSYoungGen: 14922K->2990K(16896K)
[14.056s][info ][gc,heap        ] GC(1521) ParOldGen: 15056K->15056K(41984K)
[14.056s][info ][gc,metaspace   ] GC(1521) Metaspace: 15861K->15861K(1064960K)
[14.056s][info ][gc             ] GC(1521) Pause Young (Allocation Failure) 29M->17M(57M) 0.723ms
[14.056s][info ][gc,cpu         ] GC(1521) User=0.00s Sys=0.00s Real=0.00s
[14.057s][info ][gc,start       ] GC(1522) Pause Young (Allocation Failure)
[14.058s][debug][gc,phases      ] GC(1522) Scavenge 0.442ms
[14.058s][debug][gc,phases      ] GC(1522) Reference Processing 0.019ms
[14.058s][debug][gc,phases      ] GC(1522) Weak Processing 0.014ms
[14.058s][debug][gc,phases      ] GC(1522) Scrub String Table 0.080ms
[14.058s][debug][gc,age         ] GC(1522) Desired survivor size 4718592 bytes, new threshold 1 (max threshold 15)
[14.058s][info ][gc,heap        ] GC(1522) PSYoungGen: 14953K->2567K(16896K)
[14.058s][info ][gc,heap        ] GC(1522) ParOldGen: 15056K->15056K(41984K)
[14.058s][info ][gc,metaspace   ] GC(1522) Metaspace: 15861K->15861K(1064960K)
[14.058s][info ][gc             ] GC(1522) Pause Young (Allocation Failure) 29M->17M(57M) 0.771ms
[14.058s][info ][gc,cpu         ] GC(1522) User=0.00s Sys=0.00s Real=0.00s
[14.059s][info ][gc,start       ] GC(1523) Pause Young (Allocation Failure)
[14.059s][debug][gc,phases      ] GC(1523) Scavenge 0.329ms
[14.059s][debug][gc,phases      ] GC(1523) Reference Processing 0.021ms
[14.059s][debug][gc,phases      ] GC(1523) Weak Processing 0.010ms
[14.059s][debug][gc,phases      ] GC(1523) Scrub String Table 0.069ms
[14.059s][debug][gc,age         ] GC(1523) Desired survivor size 4194304 bytes, new threshold 1 (max threshold 15)
[14.059s][info ][gc,heap        ] GC(1523) PSYoungGen: 14529K->2990K(15872K)
[14.059s][info ][gc,heap        ] GC(1523) ParOldGen: 15056K->15056K(41984K)
[14.059s][info ][gc,metaspace   ] GC(1523) Metaspace: 15861K->15861K(1064960K)
[14.059s][info ][gc             ] GC(1523) Pause Young (Allocation Failure) 28M->17M(56M) 0.699ms
[14.059s][info ][gc,cpu         ] GC(1523) User=0.01s Sys=0.00s Real=0.00s
[14.061s][info ][gc,start       ] GC(1524) Pause Young (Allocation Failure)
[14.061s][debug][gc,phases      ] GC(1524) Scavenge 0.256ms
[14.061s][debug][gc,phases      ] GC(1524) Reference Processing 0.019ms
[14.061s][debug][gc,phases      ] GC(1524) Weak Processing 0.010ms
[14.061s][debug][gc,phases      ] GC(1524) Scrub String Table 0.068ms
[14.061s][debug][gc,age         ] GC(1524) Desired survivor size 4718592 bytes, new threshold 1 (max threshold 15)
[14.061s][info ][gc,heap        ] GC(1524) PSYoungGen: 14951K->1395K(16384K)
[14.061s][info ][gc,heap        ] GC(1524) ParOldGen: 15056K->15072K(41984K)
[14.061s][info ][gc,metaspace   ] GC(1524) Metaspace: 15861K->15861K(1064960K)
[14.061s][info ][gc             ] GC(1524) Pause Young (Allocation Failure) 29M->16M(57M) 0.545ms
[14.061s][info ][gc,cpu         ] GC(1524) User=0.00s Sys=0.00s Real=0.00s
[14.062s][info ][gc,start       ] GC(1525) Pause Young (Allocation Failure)
[14.064s][debug][gc,phases      ] GC(1525) Scavenge 1.285ms
[14.064s][debug][gc,phases      ] GC(1525) Reference Processing 0.018ms
[14.064s][debug][gc,phases      ] GC(1525) Weak Processing 0.011ms
[14.064s][debug][gc,phases      ] GC(1525) Scrub String Table 0.069ms
[14.064s][debug][gc,age         ] GC(1525) Desired survivor size 4718592 bytes, new threshold 1 (max threshold 15)
[14.064s][info ][gc,heap        ] GC(1525) PSYoungGen: 13356K->3771K(16896K)
[14.064s][info ][gc,heap        ] GC(1525) ParOldGen: 15072K->15072K(41984K)
[14.064s][info ][gc,metaspace   ] GC(1525) Metaspace: 15861K->15861K(1064960K)
[14.064s][info ][gc             ] GC(1525) Pause Young (Allocation Failure) 27M->18M(57M) 1.574ms
[14.064s][info ][gc,cpu         ] GC(1525) User=0.01s Sys=0.00s Real=0.00s
[14.065s][info ][gc,start       ] GC(1526) Pause Young (Allocation Failure)
[14.065s][debug][gc,phases      ] GC(1526) Scavenge 0.421ms
[14.065s][debug][gc,phases      ] GC(1526) Reference Processing 0.024ms
[14.065s][debug][gc,phases      ] GC(1526) Weak Processing 0.011ms
[14.065s][debug][gc,phases      ] GC(1526) Scrub String Table 0.071ms
[14.065s][debug][gc,age         ] GC(1526) Desired survivor size 4718592 bytes, new threshold 1 (max threshold 15)
[14.065s][info ][gc,heap        ] GC(1526) PSYoungGen: 15732K->2958K(16896K)
[14.065s][info ][gc,heap        ] GC(1526) ParOldGen: 15072K->15080K(41984K)
[14.065s][info ][gc,metaspace   ] GC(1526) Metaspace: 15861K->15861K(1064960K)
[14.066s][info ][gc             ] GC(1526) Pause Young (Allocation Failure) 30M->17M(57M) 0.750ms
[14.066s][info ][gc,cpu         ] GC(1526) User=0.00s Sys=0.00s Real=0.00s
[14.067s][info ][gc,start       ] GC(1527) Pause Young (Allocation Failure)
[14.067s][debug][gc,phases      ] GC(1527) Scavenge 0.431ms
[14.067s][debug][gc,phases      ] GC(1527) Reference Processing 0.019ms
[14.067s][debug][gc,phases      ] GC(1527) Weak Processing 0.010ms
[14.067s][debug][gc,phases      ] GC(1527) Scrub String Table 0.068ms
[14.067s][debug][gc,age         ] GC(1527) Desired survivor size 4718592 bytes, new threshold 1 (max threshold 15)
[14.067s][info ][gc,heap        ] GC(1527) PSYoungGen: 14887K->1395K(16896K)
[14.067s][info ][gc,heap        ] GC(1527) ParOldGen: 15080K->15495K(41984K)
[14.067s][info ][gc,metaspace   ] GC(1527) Metaspace: 15861K->15861K(1064960K)
[14.067s][info ][gc             ] GC(1527) Pause Young (Allocation Failure) 29M->16M(57M) 0.729ms
[14.067s][info ][gc,cpu         ] GC(1527) User=0.00s Sys=0.00s Real=0.00s
[14.068s][info ][gc,start       ] GC(1528) Pause Young (Allocation Failure)
[14.069s][debug][gc,phases      ] GC(1528) Scavenge 0.384ms
[14.069s][debug][gc,phases      ] GC(1528) Reference Processing 0.023ms
[14.069s][debug][gc,phases      ] GC(1528) Weak Processing 0.010ms
[14.069s][debug][gc,phases      ] GC(1528) Scrub String Table 0.068ms
[14.069s][debug][gc,age         ] GC(1528) Desired survivor size 4718592 bytes, new threshold 1 (max threshold 15)
[14.069s][info ][gc,heap        ] GC(1528) PSYoungGen: 13367K->2958K(16896K)
[14.069s][info ][gc,heap        ] GC(1528) ParOldGen: 15495K->15495K(41984K)
[14.069s][info ][gc,metaspace   ] GC(1528) Metaspace: 15861K->15861K(1064960K)
[14.069s][info ][gc             ] GC(1528) Pause Young (Allocation Failure) 28M->18M(57M) 0.696ms
[14.069s][info ][gc,cpu         ] GC(1528) User=0.00s Sys=0.00s Real=0.00s
[14.070s][info ][gc,start       ] GC(1529) Pause Young (Allocation Failure)
[14.071s][debug][gc,phases      ] GC(1529) Scavenge 0.415ms
[14.071s][debug][gc,phases      ] GC(1529) Reference Processing 0.038ms
[14.071s][debug][gc,phases      ] GC(1529) Weak Processing 0.013ms
[14.071s][debug][gc,phases      ] GC(1529) Scrub String Table 0.072ms
[14.071s][debug][gc,age         ] GC(1529) Desired survivor size 4718592 bytes, new threshold 1 (max threshold 15)
[14.071s][info ][gc,heap        ] GC(1529) PSYoungGen: 14926K->2209K(16896K)
[14.071s][info ][gc,heap        ] GC(1529) ParOldGen: 15495K->15503K(41984K)
[14.071s][info ][gc,metaspace   ] GC(1529) Metaspace: 15861K->15861K(1064960K)
[14.071s][info ][gc             ] GC(1529) Pause Young (Allocation Failure) 29M->17M(57M) 0.756ms
[14.071s][info ][gc,cpu         ] GC(1529) User=0.00s Sys=0.00s Real=0.00s
[14.072s][info ][gc,start       ] GC(1530) Pause Young (Allocation Failure)
[14.072s][debug][gc,phases      ] GC(1530) Scavenge 0.386ms
[14.072s][debug][gc,phases      ] GC(1530) Reference Processing 0.019ms
[14.072s][debug][gc,phases      ] GC(1530) Weak Processing 0.010ms
[14.072s][debug][gc,phases      ] GC(1530) Scrub String Table 0.068ms
[14.072s][debug][gc,age         ] GC(1530) Desired survivor size 4718592 bytes, new threshold 1 (max threshold 15)
[14.072s][info ][gc,heap        ] GC(1530) PSYoungGen: 14174K->2958K(16896K)
[14.072s][info ][gc,heap        ] GC(1530) ParOldGen: 15503K->15503K(41984K)
[14.072s][info ][gc,metaspace   ] GC(1530) Metaspace: 15861K->15861K(1064960K)
[14.073s][info ][gc             ] GC(1530) Pause Young (Allocation Failure) 28M->18M(57M) 0.674ms
[14.073s][info ][gc,cpu         ] GC(1530) User=0.01s Sys=0.00s Real=0.00s
[14.074s][info ][gc,start       ] GC(1531) Pause Young (Allocation Failure)
[14.074s][debug][gc,phases      ] GC(1531) Scavenge 0.452ms
[14.074s][debug][gc,phases      ] GC(1531) Reference Processing 0.025ms
[14.074s][debug][gc,phases      ] GC(1531) Weak Processing 0.011ms
[14.074s][debug][gc,phases      ] GC(1531) Scrub String Table 0.077ms
[14.074s][debug][gc,age         ] GC(1531) Desired survivor size 4194304 bytes, new threshold 1 (max threshold 15)
[14.074s][info ][gc,heap        ] GC(1531) PSYoungGen: 14922K->2567K(15872K)
[14.074s][info ][gc,heap        ] GC(1531) ParOldGen: 15503K->15503K(41984K)
[14.074s][info ][gc,metaspace   ] GC(1531) Metaspace: 15861K->15861K(1064960K)
[14.074s][info ][gc             ] GC(1531) Pause Young (Allocation Failure) 29M->17M(56M) 0.851ms
[14.074s][info ][gc,cpu         ] GC(1531) User=0.00s Sys=0.00s Real=0.00s
[14.075s][info ][gc,start       ] GC(1532) Pause Young (Allocation Failure)
[14.076s][debug][gc,phases      ] GC(1532) Scavenge 0.399ms
[14.076s][debug][gc,phases      ] GC(1532) Reference Processing 0.020ms
[14.076s][debug][gc,phases      ] GC(1532) Weak Processing 0.010ms
[14.076s][debug][gc,phases      ] GC(1532) Scrub String Table 0.070ms
[14.076s][debug][gc,age         ] GC(1532) Desired survivor size 4194304 bytes, new threshold 1 (max threshold 15)
[14.076s][info ][gc,heap        ] GC(1532) PSYoungGen: 14530K->2567K(16384K)
[14.076s][info ][gc,heap        ] GC(1532) ParOldGen: 15503K->15909K(41984K)
[14.076s][info ][gc,metaspace   ] GC(1532) Metaspace: 15861K->15861K(1064960K)
[14.076s][info ][gc             ] GC(1532) Pause Young (Allocation Failure) 29M->18M(57M) 0.705ms
[14.076s][info ][gc,cpu         ] GC(1532) User=0.00s Sys=0.00s Real=0.00s
[14.077s][info ][gc,start       ] GC(1533) Pause Young (Allocation Failure)
[14.078s][debug][gc,phases      ] GC(1533) Scavenge 0.369ms
[14.078s][debug][gc,phases      ] GC(1533) Reference Processing 0.020ms
[14.078s][debug][gc,phases      ] GC(1533) Weak Processing 0.010ms
[14.078s][debug][gc,phases      ] GC(1533) Scrub String Table 0.069ms
[14.078s][debug][gc,age         ] GC(1533) Desired survivor size 4194304 bytes, new threshold 1 (max threshold 15)
[14.078s][info ][gc,heap        ] GC(1533) PSYoungGen: 14492K->2958K(17408K)
[14.078s][info ][gc,heap        ] GC(1533) ParOldGen: 15909K->15925K(41984K)
[14.078s][info ][gc,metaspace   ] GC(1533) Metaspace: 15861K->15861K(1064960K)
[14.078s][info ][gc             ] GC(1533) Pause Young (Allocation Failure) 29M->18M(58M) 0.699ms
[14.078s][info ][gc,cpu         ] GC(1533) User=0.00s Sys=0.00s Real=0.00s
[14.079s][info ][gc,start       ] GC(1534) Pause Young (Allocation Failure)
[14.079s][debug][gc,phases      ] GC(1534) Scavenge 0.402ms
[14.080s][debug][gc,phases      ] GC(1534) Reference Processing 0.021ms
[14.080s][debug][gc,phases      ] GC(1534) Weak Processing 0.011ms
[14.080s][debug][gc,phases      ] GC(1534) Scrub String Table 0.069ms
[14.080s][debug][gc,age         ] GC(1534) Desired survivor size 4194304 bytes, new threshold 1 (max threshold 15)
[14.080s][info ][gc,heap        ] GC(1534) PSYoungGen: 16126K->2567K(17408K)
[14.080s][info ][gc,heap        ] GC(1534) ParOldGen: 15925K->16332K(41984K)
[14.080s][info ][gc,metaspace   ] GC(1534) Metaspace: 15861K->15861K(1064960K)
[14.080s][info ][gc             ] GC(1534) Pause Young (Allocation Failure) 31M->18M(58M) 0.699ms
[14.080s][info ][gc,cpu         ] GC(1534) User=0.00s Sys=0.00s Real=0.00s
[14.081s][info ][gc,start       ] GC(1535) Pause Young (Allocation Failure)
[14.082s][debug][gc,phases      ] GC(1535) Scavenge 0.855ms
[14.082s][debug][gc,phases      ] GC(1535) Reference Processing 0.022ms
[14.082s][debug][gc,phases      ] GC(1535) Weak Processing 0.011ms
[14.082s][debug][gc,phases      ] GC(1535) Scrub String Table 0.073ms
[14.082s][debug][gc,age         ] GC(1535) Desired survivor size 4194304 bytes, new threshold 1 (max threshold 15)
[14.082s][info ][gc,heap        ] GC(1535) PSYoungGen: 15730K->3381K(17408K)
[14.082s][info ][gc,heap        ] GC(1535) ParOldGen: 16332K->16340K(41984K)
[14.082s][info ][gc,metaspace   ] GC(1535) Metaspace: 15861K->15861K(1064960K)
[14.082s][info ][gc             ] GC(1535) Pause Young (Allocation Failure) 31M->19M(58M) 1.260ms
[14.082s][info ][gc,cpu         ] GC(1535) User=0.01s Sys=0.00s Real=0.00s
[14.083s][info ][gc,start       ] GC(1536) Pause Young (Allocation Failure)
[14.084s][debug][gc,phases      ] GC(1536) Scavenge 0.480ms
[14.084s][debug][gc,phases      ] GC(1536) Reference Processing 0.020ms
[14.084s][debug][gc,phases      ] GC(1536) Weak Processing 0.010ms
[14.084s][debug][gc,phases      ] GC(1536) Scrub String Table 0.069ms
[14.084s][debug][gc,age         ] GC(1536) Desired survivor size 4194304 bytes, new threshold 1 (max threshold 15)
[14.084s][info ][gc,heap        ] GC(1536) PSYoungGen: 16539K->2535K(17408K)
[14.084s][info ][gc,heap        ] GC(1536) ParOldGen: 16340K->16747K(41984K)
[14.084s][info ][gc,metaspace   ] GC(1536) Metaspace: 15861K->15861K(1064960K)
[14.084s][info ][gc             ] GC(1536) Pause Young (Allocation Failure) 32M->18M(58M) 0.801ms
[14.084s][info ][gc,cpu         ] GC(1536) User=0.00s Sys=0.00s Real=0.00s
[14.085s][info ][gc,start       ] GC(1537) Pause Young (Allocation Failure)
[14.086s][debug][gc,phases      ] GC(1537) Scavenge 0.478ms
[14.086s][debug][gc,phases      ] GC(1537) Reference Processing 0.019ms
[14.086s][debug][gc,phases      ] GC(1537) Weak Processing 0.011ms
[14.086s][debug][gc,phases      ] GC(1537) Scrub String Table 0.071ms
[14.086s][debug][gc,age         ] GC(1537) Desired survivor size 4194304 bytes, new threshold 1 (max threshold 15)
[14.086s][info ][gc,heap        ] GC(1537) PSYoungGen: 15692K->2958K(17408K)
[14.086s][info ][gc,heap        ] GC(1537) ParOldGen: 16747K->16747K(41984K)
[14.086s][info ][gc,metaspace   ] GC(1537) Metaspace: 15861K->15861K(1064960K)
[14.086s][info ][gc             ] GC(1537) Pause Young (Allocation Failure) 31M->19M(58M) 0.779ms
[14.086s][info ][gc,cpu         ] GC(1537) User=0.00s Sys=0.00s Real=0.00s
[14.087s][info ][gc,start       ] GC(1538) Pause Young (Allocation Failure)
[14.088s][debug][gc,phases      ] GC(1538) Scavenge 0.992ms
[14.088s][debug][gc,phases      ] GC(1538) Reference Processing 0.019ms
[14.088s][debug][gc,phases      ] GC(1538) Weak Processing 0.011ms
[14.088s][debug][gc,phases      ] GC(1538) Scrub String Table 0.079ms
[14.088s][debug][gc,age         ] GC(1538) Desired survivor size 4194304 bytes, new threshold 1 (max threshold 15)
[14.088s][info ][gc,heap        ] GC(1538) PSYoungGen: 16113K->1005K(17408K)
[14.088s][info ][gc,heap        ] GC(1538) ParOldGen: 16747K->16755K(41984K)
[14.088s][info ][gc,metaspace   ] GC(1538) Metaspace: 15861K->15861K(1064960K)
[14.088s][info ][gc             ] GC(1538) Pause Young (Allocation Failure) 32M->17M(58M) 1.466ms
[14.088s][info ][gc,cpu         ] GC(1538) User=0.01s Sys=0.00s Real=0.00s
[14.090s][info ][gc,start       ] GC(1539) Pause Young (Allocation Failure)
[14.090s][debug][gc,phases      ] GC(1539) Scavenge 0.612ms
[14.090s][debug][gc,phases      ] GC(1539) Reference Processing 0.020ms
[14.090s][debug][gc,phases      ] GC(1539) Weak Processing 0.010ms
[14.090s][debug][gc,phases      ] GC(1539) Scrub String Table 0.068ms
[14.090s][debug][gc,age         ] GC(1539) Desired survivor size 4194304 bytes, new threshold 1 (max threshold 15)
[14.091s][info ][gc,heap        ] GC(1539) PSYoungGen: 14119K->1754K(17408K)
[14.091s][info ][gc,heap        ] GC(1539) ParOldGen: 16755K->17177K(41984K)
[14.091s][info ][gc,metaspace   ] GC(1539) Metaspace: 15861K->15861K(1064960K)
[14.091s][info ][gc             ] GC(1539) Pause Young (Allocation Failure) 30M->18M(58M) 0.961ms
[14.091s][info ][gc,cpu         ] GC(1539) User=0.01s Sys=0.00s Real=0.00s
[14.092s][info ][gc,start       ] GC(1540) Pause Young (Allocation Failure)
[14.092s][debug][gc,phases      ] GC(1540) Scavenge 0.525ms
[14.092s][debug][gc,phases      ] GC(1540) Reference Processing 0.031ms
[14.092s][debug][gc,phases      ] GC(1540) Weak Processing 0.015ms
[14.093s][debug][gc,phases      ] GC(1540) Scrub String Table 0.073ms
[14.093s][debug][gc,age         ] GC(1540) Desired survivor size 4194304 bytes, new threshold 1 (max threshold 15)
[14.093s][info ][gc,heap        ] GC(1540) PSYoungGen: 14883K->2177K(17408K)
[14.093s][info ][gc,heap        ] GC(1540) ParOldGen: 17177K->17185K(41984K)
[14.093s][info ][gc,metaspace   ] GC(1540) Metaspace: 15861K->15861K(1064960K)
[14.093s][info ][gc             ] GC(1540) Pause Young (Allocation Failure) 31M->18M(58M) 0.910ms
[14.093s][info ][gc,cpu         ] GC(1540) User=0.01s Sys=0.00s Real=0.00s
[14.094s][info ][gc,start       ] GC(1541) Pause Young (Allocation Failure)
[14.095s][debug][gc,phases      ] GC(1541) Scavenge 1.052ms
[14.095s][debug][gc,phases      ] GC(1541) Reference Processing 0.022ms
[14.095s][debug][gc,phases      ] GC(1541) Weak Processing 0.036ms
[14.095s][debug][gc,phases      ] GC(1541) Scrub String Table 0.073ms
[14.095s][debug][gc,age         ] GC(1541) Desired survivor size 4194304 bytes, new threshold 1 (max threshold 15)
[14.095s][info ][gc,heap        ] GC(1541) PSYoungGen: 15353K->2567K(17408K)
[14.095s][info ][gc,heap        ] GC(1541) ParOldGen: 17185K->17193K(41984K)
[14.095s][info ][gc,metaspace   ] GC(1541) Metaspace: 15861K->15861K(1064960K)
[14.095s][info ][gc             ] GC(1541) Pause Young (Allocation Failure) 31M->19M(58M) 1.474ms
[14.095s][info ][gc,cpu         ] GC(1541) User=0.01s Sys=0.00s Real=0.00s
[14.096s][info ][gc,start       ] GC(1542) Pause Young (Allocation Failure)
[14.097s][debug][gc,phases      ] GC(1542) Scavenge 0.414ms
[14.097s][debug][gc,phases      ] GC(1542) Reference Processing 0.019ms
[14.097s][debug][gc,phases      ] GC(1542) Weak Processing 0.011ms
[14.097s][debug][gc,phases      ] GC(1542) Scrub String Table 0.067ms
[14.097s][debug][gc,age         ] GC(1542) Desired survivor size 4194304 bytes, new threshold 1 (max threshold 15)
[14.097s][info ][gc,heap        ] GC(1542) PSYoungGen: 15697K->2535K(17408K)
[14.097s][info ][gc,heap        ] GC(1542) ParOldGen: 17193K->17608K(41984K)
[14.097s][info ][gc,metaspace   ] GC(1542) Metaspace: 15861K->15861K(1064960K)
[14.097s][info ][gc             ] GC(1542) Pause Young (Allocation Failure) 32M->19M(58M) 0.695ms
[14.097s][info ][gc,cpu         ] GC(1542) User=0.00s Sys=0.00s Real=0.00s
[14.098s][info ][gc,start       ] GC(1543) Pause Young (Allocation Failure)
[14.099s][debug][gc,phases      ] GC(1543) Scavenge 0.875ms
[14.099s][debug][gc,phases      ] GC(1543) Reference Processing 0.020ms
[14.099s][debug][gc,phases      ] GC(1543) Weak Processing 0.011ms
[14.099s][debug][gc,phases      ] GC(1543) Scrub String Table 0.070ms
[14.099s][debug][gc,age         ] GC(1543) Desired survivor size 4194304 bytes, new threshold 1 (max threshold 15)
[14.099s][info ][gc,heap        ] GC(1543) PSYoungGen: 15711K->2503K(17408K)
[14.099s][info ][gc,heap        ] GC(1543) ParOldGen: 17608K->17608K(41984K)
[14.099s][info ][gc,metaspace   ] GC(1543) Metaspace: 15861K->15861K(1064960K)
[14.099s][info ][gc             ] GC(1543) Pause Young (Allocation Failure) 32M->19M(58M) 1.212ms
[14.099s][info ][gc,cpu         ] GC(1543) User=0.00s Sys=0.00s Real=0.00s
[14.101s][info ][gc,start       ] GC(1544) Pause Young (Allocation Failure)
[14.101s][debug][gc,phases      ] GC(1544) Scavenge 0.303ms
[14.101s][debug][gc,phases      ] GC(1544) Reference Processing 0.019ms
[14.101s][debug][gc,phases      ] GC(1544) Weak Processing 0.012ms
[14.101s][debug][gc,phases      ] GC(1544) Scrub String Table 0.070ms
[14.101s][debug][gc,age         ] GC(1544) Desired survivor size 3670016 bytes, new threshold 1 (max threshold 15)
[14.101s][info ][gc,heap        ] GC(1544) PSYoungGen: 15671K->2177K(15872K)
[14.101s][info ][gc,heap        ] GC(1544) ParOldGen: 17608K->17648K(41984K)
[14.101s][info ][gc,metaspace   ] GC(1544) Metaspace: 15861K->15861K(1064960K)
[14.101s][info ][gc             ] GC(1544) Pause Young (Allocation Failure) 32M->19M(56M) 0.654ms
[14.101s][info ][gc,cpu         ] GC(1544) User=0.00s Sys=0.00s Real=0.00s
[14.102s][info ][gc,start       ] GC(1545) Pause Young (Allocation Failure)
[14.104s][debug][gc,phases      ] GC(1545) Scavenge 1.104ms
[14.104s][debug][gc,phases      ] GC(1545) Reference Processing 0.022ms
[14.104s][debug][gc,phases      ] GC(1545) Weak Processing 0.013ms
[14.104s][debug][gc,phases      ] GC(1545) Scrub String Table 0.071ms
[14.104s][debug][gc,age         ] GC(1545) Desired survivor size 4194304 bytes, new threshold 1 (max threshold 15)
[14.104s][info ][gc,heap        ] GC(1545) PSYoungGen: 15295K->2926K(16384K)
[14.104s][info ][gc,heap        ] GC(1545) ParOldGen: 17648K->18063K(41984K)
[14.104s][info ][gc,metaspace   ] GC(1545) Metaspace: 15861K->15861K(1064960K)
[14.104s][info ][gc             ] GC(1545) Pause Young (Allocation Failure) 32M->20M(57M) 1.452ms
[14.104s][info ][gc,cpu         ] GC(1545) User=0.00s Sys=0.00s Real=0.00s
[14.105s][info ][gc,start       ] GC(1546) Pause Young (Allocation Failure)
[14.106s][debug][gc,phases      ] GC(1546) Scavenge 0.386ms
[14.106s][debug][gc,phases      ] GC(1546) Reference Processing 0.019ms
[14.106s][debug][gc,phases      ] GC(1546) Weak Processing 0.010ms
[14.106s][debug][gc,phases      ] GC(1546) Scrub String Table 0.068ms
[14.106s][debug][gc,age         ] GC(1546) Desired survivor size 4194304 bytes, new threshold 1 (max threshold 15)
[14.106s][info ][gc,heap        ] GC(1546) PSYoungGen: 15699K->2990K(16896K)
[14.106s][info ][gc,heap        ] GC(1546) ParOldGen: 18063K->18071K(41984K)
[14.106s][info ][gc,metaspace   ] GC(1546) Metaspace: 15861K->15861K(1064960K)
[14.106s][info ][gc             ] GC(1546) Pause Young (Allocation Failure) 32M->20M(57M) 0.675ms
[14.106s][info ][gc,cpu         ] GC(1546) User=0.00s Sys=0.00s Real=0.00s
[14.107s][info ][gc,start       ] GC(1547) Pause Young (Allocation Failure)
[14.108s][debug][gc,phases      ] GC(1547) Scavenge 1.128ms
[14.108s][debug][gc,phases      ] GC(1547) Reference Processing 0.024ms
[14.108s][debug][gc,phases      ] GC(1547) Weak Processing 0.011ms
[14.108s][debug][gc,phases      ] GC(1547) Scrub String Table 0.070ms
[14.108s][debug][gc,age         ] GC(1547) Desired survivor size 4194304 bytes, new threshold 1 (max threshold 15)
[14.108s][info ][gc,heap        ] GC(1547) PSYoungGen: 15755K->2958K(17408K)
[14.108s][info ][gc,heap        ] GC(1547) ParOldGen: 18071K->18079K(41984K)
[14.108s][info ][gc,metaspace   ] GC(1547) Metaspace: 15861K->15861K(1064960K)
[14.108s][info ][gc             ] GC(1547) Pause Young (Allocation Failure) 33M->20M(58M) 1.458ms
[14.108s][info ][gc,cpu         ] GC(1547) User=0.00s Sys=0.00s Real=0.00s
[14.109s][info ][gc,start       ] GC(1548) Pause Young (Allocation Failure)
[14.110s][debug][gc,phases      ] GC(1548) Scavenge 0.416ms
[14.110s][debug][gc,phases      ] GC(1548) Reference Processing 0.019ms
[14.110s][debug][gc,phases      ] GC(1548) Weak Processing 0.014ms
[14.110s][debug][gc,phases      ] GC(1548) Scrub String Table 0.079ms
[14.110s][debug][gc,age         ] GC(1548) Desired survivor size 4194304 bytes, new threshold 1 (max threshold 15)
[14.110s][info ][gc,heap        ] GC(1548) PSYoungGen: 16120K->2567K(17408K)
[14.110s][info ][gc,heap        ] GC(1548) ParOldGen: 18079K->18485K(41984K)
[14.110s][info ][gc,metaspace   ] GC(1548) Metaspace: 15861K->15861K(1064960K)
[14.110s][info ][gc             ] GC(1548) Pause Young (Allocation Failure) 33M->20M(58M) 0.746ms
[14.110s][info ][gc,cpu         ] GC(1548) User=0.00s Sys=0.01s Real=0.00s
[14.111s][info ][gc,start       ] GC(1549) Pause Young (Allocation Failure)
[14.112s][debug][gc,phases      ] GC(1549) Scavenge 0.949ms
[14.112s][debug][gc,phases      ] GC(1549) Reference Processing 0.021ms
[14.112s][debug][gc,phases      ] GC(1549) Weak Processing 0.010ms
[14.113s][debug][gc,phases      ] GC(1549) Scrub String Table 0.069ms
[14.113s][debug][gc,age         ] GC(1549) Desired survivor size 3670016 bytes, new threshold 1 (max threshold 15)
[14.113s][info ][gc,heap        ] GC(1549) PSYoungGen: 15687K->2535K(16384K)
[14.113s][info ][gc,heap        ] GC(1549) ParOldGen: 18485K->18517K(41984K)
[14.113s][info ][gc,metaspace   ] GC(1549) Metaspace: 15861K->15861K(1064960K)
[14.113s][info ][gc             ] GC(1549) Pause Young (Allocation Failure) 33M->20M(57M) 1.273ms
[14.113s][info ][gc,cpu         ] GC(1549) User=0.00s Sys=0.00s Real=0.00s
[14.114s][info ][gc,start       ] GC(1550) Pause Young (Allocation Failure)
[14.114s][debug][gc,phases      ] GC(1550) Scavenge 0.434ms
[14.114s][debug][gc,phases      ] GC(1550) Reference Processing 0.019ms
[14.114s][debug][gc,phases      ] GC(1550) Weak Processing 0.010ms
[14.114s][debug][gc,phases      ] GC(1550) Scrub String Table 0.068ms
[14.114s][debug][gc,age         ] GC(1550) Desired survivor size 3670016 bytes, new threshold 1 (max threshold 15)
[14.114s][info ][gc,heap        ] GC(1550) PSYoungGen: 15706K->2958K(16896K)
[14.114s][info ][gc,heap        ] GC(1550) ParOldGen: 18517K->18525K(41984K)
[14.114s][info ][gc,metaspace   ] GC(1550) Metaspace: 15861K->15861K(1064960K)
[14.114s][info ][gc             ] GC(1550) Pause Young (Allocation Failure) 33M->20M(57M) 0.766ms
[14.114s][info ][gc,cpu         ] GC(1550) User=0.00s Sys=0.00s Real=0.00s
[14.116s][info ][gc,start       ] GC(1551) Pause Young (Allocation Failure)
[14.117s][debug][gc,phases      ] GC(1551) Scavenge 0.976ms
[14.117s][debug][gc,phases      ] GC(1551) Reference Processing 0.019ms
[14.117s][debug][gc,phases      ] GC(1551) Weak Processing 0.011ms
[14.117s][debug][gc,phases      ] GC(1551) Scrub String Table 0.070ms
[14.117s][debug][gc,age         ] GC(1551) Desired survivor size 4194304 bytes, new threshold 1 (max threshold 15)
[14.117s][info ][gc,heap        ] GC(1551) PSYoungGen: 16122K->1722K(16896K)
[14.117s][info ][gc,heap        ] GC(1551) ParOldGen: 18525K->18533K(41984K)
[14.117s][info ][gc,metaspace   ] GC(1551) Metaspace: 15861K->15861K(1064960K)
[14.117s][info ][gc             ] GC(1551) Pause Young (Allocation Failure) 33M->19M(57M) 1.279ms
[14.117s][info ][gc,cpu         ] GC(1551) User=0.00s Sys=0.00s Real=0.01s
[14.118s][info ][gc,start       ] GC(1552) Pause Young (Allocation Failure)
[14.119s][debug][gc,phases      ] GC(1552) Scavenge 1.023ms
[14.119s][debug][gc,phases      ] GC(1552) Reference Processing 0.020ms
[14.119s][debug][gc,phases      ] GC(1552) Weak Processing 0.011ms
[14.119s][debug][gc,phases      ] GC(1552) Scrub String Table 0.091ms
[14.119s][debug][gc,age         ] GC(1552) Desired survivor size 4194304 bytes, new threshold 1 (max threshold 15)
[14.119s][info ][gc,heap        ] GC(1552) PSYoungGen: 14882K->1786K(17408K)
[14.119s][info ][gc,heap        ] GC(1552) ParOldGen: 18533K->18533K(41984K)
[14.119s][info ][gc,metaspace   ] GC(1552) Metaspace: 15861K->15861K(1064960K)
[14.119s][info ][gc             ] GC(1552) Pause Young (Allocation Failure) 32M->19M(58M) 1.390ms
[14.119s][info ][gc,cpu         ] GC(1552) User=0.00s Sys=0.00s Real=0.00s
[14.120s][info ][gc,start       ] GC(1553) Pause Young (Allocation Failure)
[14.121s][debug][gc,phases      ] GC(1553) Scavenge 0.406ms
[14.121s][debug][gc,phases      ] GC(1553) Reference Processing 0.020ms
[14.121s][debug][gc,phases      ] GC(1553) Weak Processing 0.011ms
[14.121s][debug][gc,phases      ] GC(1553) Scrub String Table 0.068ms
[14.121s][debug][gc,age         ] GC(1553) Desired survivor size 3670016 bytes, new threshold 1 (max threshold 15)
[14.121s][info ][gc,heap        ] GC(1553) PSYoungGen: 14906K->2535K(16384K)
[14.121s][info ][gc,heap        ] GC(1553) ParOldGen: 18533K->18940K(41984K)
[14.121s][info ][gc,metaspace   ] GC(1553) Metaspace: 15861K->15861K(1064960K)
[14.121s][info ][gc             ] GC(1553) Pause Young (Allocation Failure) 32M->20M(57M) 0.720ms
[14.121s][info ][gc,cpu         ] GC(1553) User=0.00s Sys=0.00s Real=0.00s
[14.122s][info ][gc,start       ] GC(1554) Pause Young (Allocation Failure)
[14.123s][debug][gc,phases      ] GC(1554) Scavenge 0.381ms
[14.123s][debug][gc,phases      ] GC(1554) Reference Processing 0.021ms
[14.123s][debug][gc,phases      ] GC(1554) Weak Processing 0.010ms
[14.123s][debug][gc,phases      ] GC(1554) Scrub String Table 0.068ms
[14.123s][debug][gc,age         ] GC(1554) Desired survivor size 4194304 bytes, new threshold 1 (max threshold 15)
[14.123s][info ][gc,heap        ] GC(1554) PSYoungGen: 15704K->2990K(16896K)
[14.123s][info ][gc,heap        ] GC(1554) ParOldGen: 18940K->18940K(41984K)
[14.123s][info ][gc,metaspace   ] GC(1554) Metaspace: 15861K->15861K(1064960K)
[14.123s][info ][gc             ] GC(1554) Pause Young (Allocation Failure) 33M->21M(57M) 0.702ms
[14.123s][info ][gc,cpu         ] GC(1554) User=0.00s Sys=0.00s Real=0.00s
[14.124s][info ][gc,start       ] GC(1555) Pause Young (Allocation Failure)
[14.125s][debug][gc,phases      ] GC(1555) Scavenge 0.464ms
[14.125s][debug][gc,phases      ] GC(1555) Reference Processing 0.018ms
[14.125s][debug][gc,phases      ] GC(1555) Weak Processing 0.011ms
[14.125s][debug][gc,phases      ] GC(1555) Scrub String Table 0.068ms
[14.125s][debug][gc,age         ] GC(1555) Desired survivor size 4194304 bytes, new threshold 1 (max threshold 15)
[14.125s][info ][gc,heap        ] GC(1555) PSYoungGen: 16153K->2990K(17408K)
[14.125s][info ][gc,heap        ] GC(1555) ParOldGen: 18940K->18948K(41984K)
[14.125s][info ][gc,metaspace   ] GC(1555) Metaspace: 15861K->15861K(1064960K)
[14.125s][info ][gc             ] GC(1555) Pause Young (Allocation Failure) 34M->21M(58M) 0.773ms
[14.125s][info ][gc,cpu         ] GC(1555) User=0.00s Sys=0.00s Real=0.00s
[14.126s][info ][gc,start       ] GC(1556) Pause Young (Allocation Failure)
[14.127s][debug][gc,phases      ] GC(1556) Scavenge 0.753ms
[14.127s][debug][gc,phases      ] GC(1556) Reference Processing 0.074ms
[14.127s][debug][gc,phases      ] GC(1556) Weak Processing 0.021ms
[14.127s][debug][gc,phases      ] GC(1556) Scrub String Table 0.074ms
[14.127s][debug][gc,age         ] GC(1556) Desired survivor size 4194304 bytes, new threshold 1 (max threshold 15)
[14.127s][info ][gc,heap        ] GC(1556) PSYoungGen: 16149K->1754K(17408K)
[14.127s][info ][gc,heap        ] GC(1556) ParOldGen: 18948K->18948K(41984K)
[14.127s][info ][gc,metaspace   ] GC(1556) Metaspace: 15861K->15861K(1064960K)
[14.127s][info ][gc             ] GC(1556) Pause Young (Allocation Failure) 34M->20M(58M) 1.198ms
[14.127s][info ][gc,cpu         ] GC(1556) User=0.00s Sys=0.00s Real=0.01s
[14.128s][info ][gc,start       ] GC(1557) Pause Young (Allocation Failure)
[14.129s][debug][gc,phases      ] GC(1557) Scavenge 0.508ms
[14.129s][debug][gc,phases      ] GC(1557) Reference Processing 0.019ms
[14.129s][debug][gc,phases      ] GC(1557) Weak Processing 0.010ms
[14.129s][debug][gc,phases      ] GC(1557) Scrub String Table 0.068ms
[14.129s][debug][gc,age         ] GC(1557) Desired survivor size 4194304 bytes, new threshold 1 (max threshold 15)
[14.129s][info ][gc,heap        ] GC(1557) PSYoungGen: 14876K->2567K(17408K)
[14.129s][info ][gc,heap        ] GC(1557) ParOldGen: 18948K->18956K(41984K)
[14.129s][info ][gc,metaspace   ] GC(1557) Metaspace: 15861K->15861K(1064960K)
[14.129s][info ][gc             ] GC(1557) Pause Young (Allocation Failure) 33M->21M(58M) 0.781ms
[14.129s][info ][gc,cpu         ] GC(1557) User=0.00s Sys=0.00s Real=0.00s
[14.130s][info ][gc,start       ] GC(1558) Pause Young (Allocation Failure)
[14.131s][debug][gc,phases      ] GC(1558) Scavenge 0.408ms
[14.131s][debug][gc,phases      ] GC(1558) Reference Processing 0.024ms
[14.131s][debug][gc,phases      ] GC(1558) Weak Processing 0.010ms
[14.131s][debug][gc,phases      ] GC(1558) Scrub String Table 0.068ms
[14.131s][debug][gc,age         ] GC(1558) Desired survivor size 3670016 bytes, new threshold 1 (max threshold 15)
[14.131s][info ][gc,heap        ] GC(1558) PSYoungGen: 15710K->2145K(15872K)
[14.131s][info ][gc,heap        ] GC(1558) ParOldGen: 18956K->19371K(41984K)
[14.131s][info ][gc,metaspace   ] GC(1558) Metaspace: 15861K->15861K(1064960K)
[14.131s][info ][gc             ] GC(1558) Pause Young (Allocation Failure) 33M->21M(56M) 0.751ms
[14.131s][info ][gc,cpu         ] GC(1558) User=0.01s Sys=0.00s Real=0.00s
[14.132s][info ][gc,start       ] GC(1559) Pause Young (Allocation Failure)
[14.133s][debug][gc,phases      ] GC(1559) Scavenge 0.788ms
[14.133s][debug][gc,phases      ] GC(1559) Reference Processing 0.018ms
[14.133s][debug][gc,phases      ] GC(1559) Weak Processing 0.011ms
[14.133s][debug][gc,phases      ] GC(1559) Scrub String Table 0.069ms
[14.133s][debug][gc,age         ] GC(1559) Desired survivor size 3670016 bytes, new threshold 1 (max threshold 15)
[14.133s][info ][gc,heap        ] GC(1559) PSYoungGen: 15282K->2145K(16896K)
[14.133s][info ][gc,heap        ] GC(1559) ParOldGen: 19371K->19777K(41984K)
[14.133s][info ][gc,metaspace   ] GC(1559) Metaspace: 15861K->15861K(1064960K)
[14.133s][info ][gc             ] GC(1559) Pause Young (Allocation Failure) 33M->21M(57M) 1.088ms
[14.133s][info ][gc,cpu         ] GC(1559) User=0.01s Sys=0.00s Real=0.00s
[14.134s][info ][gc,start       ] GC(1560) Pause Young (Allocation Failure)
[14.136s][debug][gc,phases      ] GC(1560) Scavenge 1.194ms
[14.136s][debug][gc,phases      ] GC(1560) Reference Processing 0.021ms
[14.136s][debug][gc,phases      ] GC(1560) Weak Processing 0.012ms
[14.136s][debug][gc,phases      ] GC(1560) Scrub String Table 0.070ms
[14.136s][debug][gc,age         ] GC(1560) Desired survivor size 3670016 bytes, new threshold 1 (max threshold 15)
[14.136s][info ][gc,heap        ] GC(1560) PSYoungGen: 15322K->2177K(16896K)
[14.136s][info ][gc,heap        ] GC(1560) ParOldGen: 19777K->19785K(41984K)
[14.136s][info ][gc,metaspace   ] GC(1560) Metaspace: 15861K->15861K(1064960K)
[14.136s][info ][gc             ] GC(1560) Pause Young (Allocation Failure) 34M->21M(57M) 1.526ms
[14.136s][info ][gc,cpu         ] GC(1560) User=0.01s Sys=0.00s Real=0.00s
[14.137s][info ][gc,start       ] GC(1561) Pause Young (Allocation Failure)
[14.137s][debug][gc,phases      ] GC(1561) Scavenge 0.370ms
[14.138s][debug][gc,phases      ] GC(1561) Reference Processing 0.019ms
[14.138s][debug][gc,phases      ] GC(1561) Weak Processing 0.010ms
[14.138s][debug][gc,phases      ] GC(1561) Scrub String Table 0.068ms
[14.138s][debug][gc,age         ] GC(1561) Desired survivor size 3670016 bytes, new threshold 1 (max threshold 15)
[14.138s][info ][gc,heap        ] GC(1561) PSYoungGen: 15345K->2209K(17920K)
[14.138s][info ][gc,heap        ] GC(1561) ParOldGen: 19785K->19793K(41984K)
[14.138s][info ][gc,metaspace   ] GC(1561) Metaspace: 15861K->15861K(1064960K)
[14.138s][info ][gc             ] GC(1561) Pause Young (Allocation Failure) 34M->21M(58M) 0.689ms
[14.138s][info ][gc,cpu         ] GC(1561) User=0.00s Sys=0.00s Real=0.00s
[14.139s][info ][gc,start       ] GC(1562) Pause Young (Allocation Failure)
[14.140s][debug][gc,phases      ] GC(1562) Scavenge 0.797ms
[14.140s][debug][gc,phases      ] GC(1562) Reference Processing 0.023ms
[14.140s][debug][gc,phases      ] GC(1562) Weak Processing 0.011ms
[14.140s][debug][gc,phases      ] GC(1562) Scrub String Table 0.068ms
[14.140s][debug][gc,age         ] GC(1562) Desired survivor size 3670016 bytes, new threshold 1 (max threshold 15)
[14.140s][info ][gc,heap        ] GC(1562) PSYoungGen: 16173K->2177K(17920K)
[14.140s][info ][gc,heap        ] GC(1562) ParOldGen: 19793K->19793K(41984K)
[14.140s][info ][gc,metaspace   ] GC(1562) Metaspace: 15861K->15861K(1064960K)
[14.140s][info ][gc             ] GC(1562) Pause Young (Allocation Failure) 35M->21M(58M) 1.110ms
[14.140s][info ][gc,cpu         ] GC(1562) User=0.01s Sys=0.00s Real=0.00s
[14.141s][info ][gc,start       ] GC(1563) Pause Young (Allocation Failure)
[14.141s][debug][gc,phases      ] GC(1563) Scavenge 0.360ms
[14.141s][debug][gc,phases      ] GC(1563) Reference Processing 0.023ms
[14.141s][debug][gc,phases      ] GC(1563) Weak Processing 0.011ms
[14.142s][debug][gc,phases      ] GC(1563) Scrub String Table 0.069ms
[14.142s][debug][gc,age         ] GC(1563) Desired survivor size 3670016 bytes, new threshold 1 (max threshold 15)
[14.142s][info ][gc,heap        ] GC(1563) PSYoungGen: 16138K->2535K(17920K)
[14.142s][info ][gc,heap        ] GC(1563) ParOldGen: 19793K->19793K(41984K)
[14.142s][info ][gc,metaspace   ] GC(1563) Metaspace: 15861K->15861K(1064960K)
[14.142s][info ][gc             ] GC(1563) Pause Young (Allocation Failure) 35M->21M(58M) 0.666ms
[14.142s][info ][gc,cpu         ] GC(1563) User=0.00s Sys=0.00s Real=0.00s
[14.143s][info ][gc,start       ] GC(1564) Pause Young (Allocation Failure)
[14.144s][debug][gc,phases      ] GC(1564) Scavenge 0.813ms
[14.144s][debug][gc,phases      ] GC(1564) Reference Processing 0.023ms
[14.144s][debug][gc,phases      ] GC(1564) Weak Processing 0.013ms
[14.144s][debug][gc,phases      ] GC(1564) Scrub String Table 0.072ms
[14.144s][debug][gc,age         ] GC(1564) Desired survivor size 3670016 bytes, new threshold 1 (max threshold 15)
[14.144s][info ][gc,heap        ] GC(1564) PSYoungGen: 16494K->2535K(17920K)
[14.144s][info ][gc,heap        ] GC(1564) ParOldGen: 19793K->19793K(41984K)
[14.144s][info ][gc,metaspace   ] GC(1564) Metaspace: 15861K->15861K(1064960K)
[14.144s][info ][gc             ] GC(1564) Pause Young (Allocation Failure) 35M->21M(58M) 1.197ms
[14.144s][info ][gc,cpu         ] GC(1564) User=0.01s Sys=0.00s Real=0.00s
[14.145s][info ][gc,start       ] GC(1565) Pause Young (Allocation Failure)
[14.146s][debug][gc,phases      ] GC(1565) Scavenge 0.368ms
[14.146s][debug][gc,phases      ] GC(1565) Reference Processing 0.023ms
[14.146s][debug][gc,phases      ] GC(1565) Weak Processing 0.010ms
[14.146s][debug][gc,phases      ] GC(1565) Scrub String Table 0.070ms
[14.146s][debug][gc,age         ] GC(1565) Desired survivor size 3670016 bytes, new threshold 1 (max threshold 15)
[14.146s][info ][gc,heap        ] GC(1565) PSYoungGen: 16492K->2567K(17920K)
[14.146s][info ][gc,heap        ] GC(1565) ParOldGen: 19793K->19793K(41984K)
[14.146s][info ][gc,metaspace   ] GC(1565) Metaspace: 15861K->15861K(1064960K)
[14.146s][info ][gc             ] GC(1565) Pause Young (Allocation Failure) 35M->21M(58M) 0.680ms
[14.146s][info ][gc,cpu         ] GC(1565) User=0.01s Sys=0.00s Real=0.00s
[14.147s][info ][gc,start       ] GC(1566) Pause Young (Allocation Failure)
[14.147s][debug][gc,phases      ] GC(1566) Scavenge 0.399ms
[14.148s][debug][gc,phases      ] GC(1566) Reference Processing 0.024ms
[14.148s][debug][gc,phases      ] GC(1566) Weak Processing 0.014ms
[14.148s][debug][gc,phases      ] GC(1566) Scrub String Table 0.080ms
[14.148s][debug][gc,age         ] GC(1566) Desired survivor size 3670016 bytes, new threshold 1 (max threshold 15)
[14.148s][info ][gc,heap        ] GC(1566) PSYoungGen: 16523K->1754K(17920K)
[14.148s][info ][gc,heap        ] GC(1566) ParOldGen: 19793K->19801K(41984K)
[14.148s][info ][gc,metaspace   ] GC(1566) Metaspace: 15861K->15861K(1064960K)
[14.148s][info ][gc             ] GC(1566) Pause Young (Allocation Failure) 35M->21M(58M) 0.731ms
[14.148s][info ][gc,cpu         ] GC(1566) User=0.00s Sys=0.00s Real=0.00s
[14.149s][info ][gc,start       ] GC(1567) Pause Young (Allocation Failure)
[14.150s][debug][gc,phases      ] GC(1567) Scavenge 0.454ms
[14.150s][debug][gc,phases      ] GC(1567) Reference Processing 0.020ms
[14.150s][debug][gc,phases      ] GC(1567) Weak Processing 0.011ms
[14.150s][debug][gc,phases      ] GC(1567) Scrub String Table 0.069ms
[14.150s][debug][gc,age         ] GC(1567) Desired survivor size 3670016 bytes, new threshold 1 (max threshold 15)
[14.150s][info ][gc,heap        ] GC(1567) PSYoungGen: 16062K->2599K(17920K)
[14.150s][info ][gc,heap        ] GC(1567) ParOldGen: 19801K->19825K(41984K)
[14.150s][info ][gc,metaspace   ] GC(1567) Metaspace: 15861K->15861K(1064960K)
[14.150s][info ][gc             ] GC(1567) Pause Young (Allocation Failure) 35M->21M(58M) 0.792ms
[14.150s][info ][gc,cpu         ] GC(1567) User=0.00s Sys=0.00s Real=0.00s
[14.151s][info ][gc,start       ] GC(1568) Pause Young (Allocation Failure)
[14.152s][debug][gc,phases      ] GC(1568) Scavenge 1.061ms
[14.152s][debug][gc,phases      ] GC(1568) Reference Processing 0.021ms
[14.152s][debug][gc,phases      ] GC(1568) Weak Processing 0.010ms
[14.153s][debug][gc,phases      ] GC(1568) Scrub String Table 0.068ms
[14.153s][debug][gc,age         ] GC(1568) Desired survivor size 3670016 bytes, new threshold 1 (max threshold 15)
[14.153s][info ][gc,heap        ] GC(1568) PSYoungGen: 16935K->2894K(17920K)
[14.153s][info ][gc,heap        ] GC(1568) ParOldGen: 19825K->20232K(41984K)
[14.153s][info ][gc,metaspace   ] GC(1568) Metaspace: 15861K->15861K(1064960K)
[14.153s][info ][gc             ] GC(1568) Pause Young (Allocation Failure) 35M->22M(58M) 1.445ms
[14.153s][info ][gc,cpu         ] GC(1568) User=0.01s Sys=0.00s Real=0.00s
[14.154s][info ][gc,start       ] GC(1569) Pause Young (Allocation Failure)
[14.154s][debug][gc,phases      ] GC(1569) Scavenge 0.420ms
[14.154s][debug][gc,phases      ] GC(1569) Reference Processing 0.019ms
[14.154s][debug][gc,phases      ] GC(1569) Weak Processing 0.010ms
[14.154s][debug][gc,phases      ] GC(1569) Scrub String Table 0.069ms
[14.155s][debug][gc,age         ] GC(1569) Desired survivor size 3670016 bytes, new threshold 1 (max threshold 15)
[14.155s][info ][gc,heap        ] GC(1569) PSYoungGen: 16857K->2209K(17920K)
[14.155s][info ][gc,heap        ] GC(1569) ParOldGen: 20232K->20240K(41984K)
[14.155s][info ][gc,metaspace   ] GC(1569) Metaspace: 15861K->15861K(1064960K)
[14.155s][info ][gc             ] GC(1569) Pause Young (Allocation Failure) 36M->21M(58M) 0.726ms
[14.155s][info ][gc,cpu         ] GC(1569) User=0.00s Sys=0.00s Real=0.00s
[14.156s][info ][gc,start       ] GC(1570) Pause Young (Allocation Failure)
[14.156s][debug][gc,phases      ] GC(1570) Scavenge 0.656ms
[14.157s][debug][gc,phases      ] GC(1570) Reference Processing 0.020ms
[14.157s][debug][gc,phases      ] GC(1570) Weak Processing 0.011ms
[14.157s][debug][gc,phases      ] GC(1570) Scrub String Table 0.070ms
[14.157s][debug][gc,age         ] GC(1570) Desired survivor size 3670016 bytes, new threshold 1 (max threshold 15)
[14.157s][info ][gc,heap        ] GC(1570) PSYoungGen: 16169K->2990K(17920K)
[14.157s][info ][gc,heap        ] GC(1570) ParOldGen: 20240K->20248K(41984K)
[14.157s][info ][gc,metaspace   ] GC(1570) Metaspace: 15861K->15861K(1064960K)
[14.157s][info ][gc             ] GC(1570) Pause Young (Allocation Failure) 35M->22M(58M) 0.979ms
[14.157s][info ][gc,cpu         ] GC(1570) User=0.00s Sys=0.00s Real=0.01s
[14.158s][info ][gc,start       ] GC(1571) Pause Young (Allocation Failure)
[14.159s][debug][gc,phases      ] GC(1571) Scavenge 0.827ms
[14.159s][debug][gc,phases      ] GC(1571) Reference Processing 0.020ms
[14.159s][debug][gc,phases      ] GC(1571) Weak Processing 0.011ms
[14.159s][debug][gc,phases      ] GC(1571) Scrub String Table 0.071ms
[14.159s][debug][gc,age         ] GC(1571) Desired survivor size 3670016 bytes, new threshold 1 (max threshold 15)
[14.159s][info ][gc,heap        ] GC(1571) PSYoungGen: 16948K->2958K(17920K)
[14.159s][info ][gc,heap        ] GC(1571) ParOldGen: 20248K->20248K(41984K)
[14.159s][info ][gc,metaspace   ] GC(1571) Metaspace: 15861K->15861K(1064960K)
[14.159s][info ][gc             ] GC(1571) Pause Young (Allocation Failure) 36M->22M(58M) 1.194ms
[14.159s][info ][gc,cpu         ] GC(1571) User=0.01s Sys=0.00s Real=0.00s
[14.160s][info ][gc,start       ] GC(1572) Pause Young (Allocation Failure)
[14.161s][debug][gc,phases      ] GC(1572) Scavenge 0.438ms
[14.161s][debug][gc,phases      ] GC(1572) Reference Processing 0.023ms
[14.161s][debug][gc,phases      ] GC(1572) Weak Processing 0.010ms
[14.161s][debug][gc,phases      ] GC(1572) Scrub String Table 0.068ms
[14.161s][debug][gc,age         ] GC(1572) Desired survivor size 3670016 bytes, new threshold 1 (max threshold 15)
[14.161s][info ][gc,heap        ] GC(1572) PSYoungGen: 17294K->2177K(17920K)
[14.161s][info ][gc,heap        ] GC(1572) ParOldGen: 20248K->20280K(41984K)
[14.161s][info ][gc,metaspace   ] GC(1572) Metaspace: 15861K->15861K(1064960K)
[14.161s][info ][gc             ] GC(1572) Pause Young (Allocation Failure) 36M->21M(58M) 0.741ms
[14.161s][info ][gc,cpu         ] GC(1572) User=0.00s Sys=0.00s Real=0.00s
[14.162s][info ][gc,start       ] GC(1573) Pause Young (Allocation Failure)
[14.163s][debug][gc,phases      ] GC(1573) Scavenge 0.429ms
[14.163s][debug][gc,phases      ] GC(1573) Reference Processing 0.023ms
[14.163s][debug][gc,phases      ] GC(1573) Weak Processing 0.011ms
[14.163s][debug][gc,phases      ] GC(1573) Scrub String Table 0.068ms
[14.163s][debug][gc,age         ] GC(1573) Desired survivor size 3670016 bytes, new threshold 1 (max threshold 15)
[14.163s][info ][gc,heap        ] GC(1573) PSYoungGen: 16132K->2599K(17920K)
[14.163s][info ][gc,heap        ] GC(1573) ParOldGen: 20280K->20280K(41984K)
[14.163s][info ][gc,metaspace   ] GC(1573) Metaspace: 15861K->15861K(1064960K)
[14.163s][info ][gc             ] GC(1573) Pause Young (Allocation Failure) 35M->22M(58M) 0.731ms
[14.163s][info ][gc,cpu         ] GC(1573) User=0.00s Sys=0.00s Real=0.00s
[14.164s][info ][gc,start       ] GC(1574) Pause Young (Allocation Failure)
[14.164s][debug][gc,phases      ] GC(1574) Scavenge 0.448ms
[14.164s][debug][gc,phases      ] GC(1574) Reference Processing 0.022ms
[14.165s][debug][gc,phases      ] GC(1574) Weak Processing 0.010ms
[14.165s][debug][gc,phases      ] GC(1574) Scrub String Table 0.069ms
[14.165s][debug][gc,age         ] GC(1574) Desired survivor size 3670016 bytes, new threshold 1 (max threshold 15)
[14.165s][info ][gc,heap        ] GC(1574) PSYoungGen: 16554K->2599K(17920K)
[14.165s][info ][gc,heap        ] GC(1574) ParOldGen: 20280K->20288K(41984K)
[14.165s][info ][gc,metaspace   ] GC(1574) Metaspace: 15861K->15861K(1064960K)
[14.165s][info ][gc             ] GC(1574) Pause Young (Allocation Failure) 35M->22M(58M) 0.780ms
[14.165s][info ][gc,cpu         ] GC(1574) User=0.00s Sys=0.00s Real=0.00s
[14.166s][info ][gc,start       ] GC(1575) Pause Young (Allocation Failure)
[14.167s][debug][gc,phases      ] GC(1575) Scavenge 1.190ms
[14.167s][debug][gc,phases      ] GC(1575) Reference Processing 0.023ms
[14.167s][debug][gc,phases      ] GC(1575) Weak Processing 0.011ms
[14.168s][debug][gc,phases      ] GC(1575) Scrub String Table 0.069ms
[14.168s][debug][gc,age         ] GC(1575) Desired survivor size 3670016 bytes, new threshold 1 (max threshold 15)
[14.168s][info ][gc,heap        ] GC(1575) PSYoungGen: 16909K->1722K(17920K)
[14.168s][info ][gc,heap        ] GC(1575) ParOldGen: 20288K->20694K(41984K)
[14.168s][info ][gc,metaspace   ] GC(1575) Metaspace: 15861K->15861K(1064960K)
[14.168s][info ][gc             ] GC(1575) Pause Young (Allocation Failure) 36M->21M(58M) 1.538ms
[14.168s][info ][gc,cpu         ] GC(1575) User=0.00s Sys=0.00s Real=0.01s
[14.169s][info ][gc,start       ] GC(1576) Pause Young (Allocation Failure)
[14.170s][debug][gc,phases      ] GC(1576) Scavenge 1.337ms
[14.170s][debug][gc,phases      ] GC(1576) Reference Processing 0.022ms
[14.170s][debug][gc,phases      ] GC(1576) Weak Processing 0.010ms
[14.170s][debug][gc,phases      ] GC(1576) Scrub String Table 0.068ms
[14.170s][debug][gc,age         ] GC(1576) Desired survivor size 3670016 bytes, new threshold 1 (max threshold 15)
[14.170s][info ][gc,heap        ] GC(1576) PSYoungGen: 16038K->2926K(17920K)
[14.170s][info ][gc,heap        ] GC(1576) ParOldGen: 20694K->21117K(41984K)
[14.170s][info ][gc,metaspace   ] GC(1576) Metaspace: 15861K->15861K(1064960K)
[14.170s][info ][gc             ] GC(1576) Pause Young (Allocation Failure) 35M->23M(58M) 1.658ms
[14.170s][info ][gc,cpu         ] GC(1576) User=0.01s Sys=0.00s Real=0.00s
[14.172s][info ][gc,start       ] GC(1577) Pause Young (Allocation Failure)
[14.173s][debug][gc,phases      ] GC(1577) Scavenge 0.942ms
[14.173s][debug][gc,phases      ] GC(1577) Reference Processing 0.018ms
[14.173s][debug][gc,phases      ] GC(1577) Weak Processing 0.011ms
[14.173s][debug][gc,phases      ] GC(1577) Scrub String Table 0.068ms
[14.173s][debug][gc,age         ] GC(1577) Desired survivor size 3670016 bytes, new threshold 1 (max threshold 15)
[14.173s][info ][gc,heap        ] GC(1577) PSYoungGen: 17262K->1395K(17920K)
[14.173s][info ][gc,heap        ] GC(1577) ParOldGen: 21117K->21532K(41984K)
[14.173s][info ][gc,metaspace   ] GC(1577) Metaspace: 15861K->15861K(1064960K)
[14.173s][info ][gc             ] GC(1577) Pause Young (Allocation Failure) 37M->22M(58M) 1.227ms
[14.173s][info ][gc,cpu         ] GC(1577) User=0.01s Sys=0.00s Real=0.00s
[14.174s][info ][gc,start       ] GC(1578) Pause Young (Allocation Failure)
[14.176s][debug][gc,phases      ] GC(1578) Scavenge 1.256ms
[14.176s][debug][gc,phases      ] GC(1578) Reference Processing 0.027ms
[14.176s][debug][gc,phases      ] GC(1578) Weak Processing 0.016ms
[14.176s][debug][gc,phases      ] GC(1578) Scrub String Table 0.111ms
[14.176s][debug][gc,age         ] GC(1578) Desired survivor size 3670016 bytes, new threshold 1 (max threshold 15)
[14.176s][info ][gc,heap        ] GC(1578) PSYoungGen: 15715K->2113K(17920K)
[14.176s][info ][gc,heap        ] GC(1578) ParOldGen: 21532K->21556K(41984K)
[14.176s][info ][gc,metaspace   ] GC(1578) Metaspace: 15861K->15861K(1064960K)
[14.176s][info ][gc             ] GC(1578) Pause Young (Allocation Failure) 36M->23M(58M) 1.706ms
[14.176s][info ][gc,cpu         ] GC(1578) User=0.00s Sys=0.00s Real=0.00s
[14.177s][info ][gc,start       ] GC(1579) Pause Young (Allocation Failure)
[14.178s][debug][gc,phases      ] GC(1579) Scavenge 0.996ms
[14.178s][debug][gc,phases      ] GC(1579) Reference Processing 0.022ms
[14.178s][debug][gc,phases      ] GC(1579) Weak Processing 0.014ms
[14.178s][debug][gc,phases      ] GC(1579) Scrub String Table 0.073ms
[14.178s][debug][gc,age         ] GC(1579) Desired survivor size 3670016 bytes, new threshold 1 (max threshold 15)
[14.178s][info ][gc,heap        ] GC(1579) PSYoungGen: 16060K->1299K(17920K)
[14.178s][info ][gc,heap        ] GC(1579) ParOldGen: 21556K->21962K(41984K)
[14.178s][info ][gc,metaspace   ] GC(1579) Metaspace: 15861K->15861K(1064960K)
[14.178s][info ][gc             ] GC(1579) Pause Young (Allocation Failure) 36M->22M(58M) 1.307ms
[14.178s][info ][gc,cpu         ] GC(1579) User=0.00s Sys=0.00s Real=0.00s
[14.179s][info ][gc,start       ] GC(1580) Pause Young (Allocation Failure)
[14.180s][debug][gc,phases      ] GC(1580) Scavenge 0.634ms
[14.180s][debug][gc,phases      ] GC(1580) Reference Processing 0.020ms
[14.180s][debug][gc,phases      ] GC(1580) Weak Processing 0.014ms
[14.180s][debug][gc,phases      ] GC(1580) Scrub String Table 0.071ms
[14.180s][debug][gc,age         ] GC(1580) Desired survivor size 3670016 bytes, new threshold 1 (max threshold 15)
[14.180s][info ][gc,heap        ] GC(1580) PSYoungGen: 15280K->1363K(17920K)
[14.180s][info ][gc,heap        ] GC(1580) ParOldGen: 21962K->21970K(41984K)
[14.180s][info ][gc,metaspace   ] GC(1580) Metaspace: 15861K->15861K(1064960K)
[14.180s][info ][gc             ] GC(1580) Pause Young (Allocation Failure) 36M->22M(58M) 0.928ms
[14.180s][info ][gc,cpu         ] GC(1580) User=0.00s Sys=0.00s Real=0.00s
[14.182s][info ][gc,start       ] GC(1581) Pause Young (Allocation Failure)
[14.182s][debug][gc,phases      ] GC(1581) Scavenge 0.315ms
[14.182s][debug][gc,phases      ] GC(1581) Reference Processing 0.023ms
[14.182s][debug][gc,phases      ] GC(1581) Weak Processing 0.011ms
[14.182s][debug][gc,phases      ] GC(1581) Scrub String Table 0.070ms
[14.182s][debug][gc,age         ] GC(1581) Desired survivor size 3670016 bytes, new threshold 1 (max threshold 15)
[14.182s][info ][gc,heap        ] GC(1581) PSYoungGen: 15334K->1786K(17920K)
[14.182s][info ][gc,heap        ] GC(1581) ParOldGen: 21970K->21978K(41984K)
[14.182s][info ][gc,metaspace   ] GC(1581) Metaspace: 15861K->15861K(1064960K)
[14.182s][info ][gc             ] GC(1581) Pause Young (Allocation Failure) 36M->23M(58M) 0.609ms
[14.182s][info ][gc,cpu         ] GC(1581) User=0.00s Sys=0.00s Real=0.00s
[14.184s][info ][gc,start       ] GC(1582) Pause Young (Allocation Failure)
[14.185s][debug][gc,phases      ] GC(1582) Scavenge 0.938ms
[14.185s][debug][gc,phases      ] GC(1582) Reference Processing 0.019ms
[14.185s][debug][gc,phases      ] GC(1582) Weak Processing 0.010ms
[14.185s][debug][gc,phases      ] GC(1582) Scrub String Table 0.069ms
[14.185s][debug][gc,age         ] GC(1582) Desired survivor size 3670016 bytes, new threshold 1 (max threshold 15)
[14.185s][info ][gc,heap        ] GC(1582) PSYoungGen: 16108K->1363K(17920K)
[14.185s][info ][gc,heap        ] GC(1582) ParOldGen: 21978K->21994K(41984K)
[14.185s][info ][gc,metaspace   ] GC(1582) Metaspace: 15861K->15861K(1064960K)
[14.185s][info ][gc             ] GC(1582) Pause Young (Allocation Failure) 37M->22M(58M) 1.243ms
[14.185s][info ][gc,cpu         ] GC(1582) User=0.00s Sys=0.00s Real=0.00s
[14.186s][info ][gc,start       ] GC(1583) Pause Young (Allocation Failure)
[14.186s][debug][gc,phases      ] GC(1583) Scavenge 0.304ms
[14.186s][debug][gc,phases      ] GC(1583) Reference Processing 0.018ms
[14.186s][debug][gc,phases      ] GC(1583) Weak Processing 0.011ms
[14.186s][debug][gc,phases      ] GC(1583) Scrub String Table 0.069ms
[14.186s][debug][gc,age         ] GC(1583) Desired survivor size 3670016 bytes, new threshold 1 (max threshold 15)
[14.186s][info ][gc,heap        ] GC(1583) PSYoungGen: 15336K->1754K(17920K)
[14.186s][info ][gc,heap        ] GC(1583) ParOldGen: 21994K->21994K(41984K)
[14.187s][info ][gc,metaspace   ] GC(1583) Metaspace: 15861K->15861K(1064960K)
[14.187s][info ][gc             ] GC(1583) Pause Young (Allocation Failure) 36M->23M(58M) 0.587ms
[14.187s][info ][gc,cpu         ] GC(1583) User=0.00s Sys=0.00s Real=0.01s
[14.188s][info ][gc,start       ] GC(1584) Pause Young (Allocation Failure)
[14.189s][debug][gc,phases      ] GC(1584) Scavenge 1.002ms
[14.189s][debug][gc,phases      ] GC(1584) Reference Processing 0.020ms
[14.189s][debug][gc,phases      ] GC(1584) Weak Processing 0.010ms
[14.189s][debug][gc,phases      ] GC(1584) Scrub String Table 0.069ms
[14.189s][debug][gc,age         ] GC(1584) Desired survivor size 3670016 bytes, new threshold 1 (max threshold 15)
[14.189s][info ][gc,heap        ] GC(1584) PSYoungGen: 15720K->2145K(17920K)
[14.189s][info ][gc,heap        ] GC(1584) ParOldGen: 21994K->22002K(41984K)
[14.189s][info ][gc,metaspace   ] GC(1584) Metaspace: 15861K->15861K(1064960K)
[14.189s][info ][gc             ] GC(1584) Pause Young (Allocation Failure) 36M->23M(58M) 1.286ms
[14.189s][info ][gc,cpu         ] GC(1584) User=0.00s Sys=0.00s Real=0.00s
[14.190s][info ][gc,start       ] GC(1585) Pause Young (Allocation Failure)
[14.191s][debug][gc,phases      ] GC(1585) Scavenge 0.853ms
[14.191s][debug][gc,phases      ] GC(1585) Reference Processing 0.028ms
[14.191s][debug][gc,phases      ] GC(1585) Weak Processing 0.022ms
[14.191s][debug][gc,phases      ] GC(1585) Scrub String Table 0.084ms
[14.191s][debug][gc,age         ] GC(1585) Desired survivor size 3670016 bytes, new threshold 1 (max threshold 15)
[14.191s][info ][gc,heap        ] GC(1585) PSYoungGen: 16106K->1786K(17920K)
[14.191s][info ][gc,heap        ] GC(1585) ParOldGen: 22002K->22002K(41984K)
[14.191s][info ][gc,metaspace   ] GC(1585) Metaspace: 15861K->15861K(1064960K)
[14.191s][info ][gc             ] GC(1585) Pause Young (Allocation Failure) 37M->23M(58M) 1.238ms
[14.191s][info ][gc,cpu         ] GC(1585) User=0.01s Sys=0.00s Real=0.00s
[14.192s][info ][gc,start       ] GC(1586) Pause Young (Allocation Failure)
[14.193s][debug][gc,phases      ] GC(1586) Scavenge 0.381ms
[14.193s][debug][gc,phases      ] GC(1586) Reference Processing 0.020ms
[14.193s][debug][gc,phases      ] GC(1586) Weak Processing 0.011ms
[14.193s][debug][gc,phases      ] GC(1586) Scrub String Table 0.068ms
[14.193s][debug][gc,age         ] GC(1586) Desired survivor size 3670016 bytes, new threshold 1 (max threshold 15)
[14.193s][info ][gc,heap        ] GC(1586) PSYoungGen: 15745K->2567K(17920K)
[14.193s][info ][gc,heap        ] GC(1586) ParOldGen: 22002K->22002K(41984K)
[14.193s][info ][gc,metaspace   ] GC(1586) Metaspace: 15861K->15861K(1064960K)
[14.193s][info ][gc             ] GC(1586) Pause Young (Allocation Failure) 36M->23M(58M) 0.656ms
[14.193s][info ][gc,cpu         ] GC(1586) User=0.00s Sys=0.00s Real=0.00s
[14.194s][info ][gc,start       ] GC(1587) Pause Young (Allocation Failure)
[14.195s][debug][gc,phases      ] GC(1587) Scavenge 0.806ms
[14.195s][debug][gc,phases      ] GC(1587) Reference Processing 0.020ms
[14.195s][debug][gc,phases      ] GC(1587) Weak Processing 0.010ms
[14.195s][debug][gc,phases      ] GC(1587) Scrub String Table 0.069ms
[14.195s][debug][gc,age         ] GC(1587) Desired survivor size 4194304 bytes, new threshold 1 (max threshold 15)
[14.195s][info ][gc,heap        ] GC(1587) PSYoungGen: 16525K->3381K(16896K)
[14.195s][info ][gc,heap        ] GC(1587) ParOldGen: 22002K->22002K(41984K)
[14.195s][info ][gc,metaspace   ] GC(1587) Metaspace: 15861K->15861K(1064960K)
[14.195s][info ][gc             ] GC(1587) Pause Young (Allocation Failure) 37M->24M(57M) 1.103ms
[14.195s][info ][gc,cpu         ] GC(1587) User=0.01s Sys=0.00s Real=0.00s
[14.196s][info ][gc,start       ] GC(1588) Pause Young (Allocation Failure)
[14.197s][debug][gc,phases      ] GC(1588) Scavenge 0.452ms
[14.197s][debug][gc,phases      ] GC(1588) Reference Processing 0.022ms
[14.197s][debug][gc,phases      ] GC(1588) Weak Processing 0.010ms
[14.197s][debug][gc,phases      ] GC(1588) Scrub String Table 0.068ms
[14.197s][debug][gc,age         ] GC(1588) Desired survivor size 4194304 bytes, new threshold 1 (max threshold 15)
[14.197s][info ][gc,heap        ] GC(1588) PSYoungGen: 16535K->3381K(17408K)
[14.197s][info ][gc,heap        ] GC(1588) ParOldGen: 22002K->22002K(41984K)
[14.197s][info ][gc,metaspace   ] GC(1588) Metaspace: 15861K->15861K(1064960K)
[14.197s][info ][gc             ] GC(1588) Pause Young (Allocation Failure) 37M->24M(58M) 0.735ms
[14.197s][info ][gc,cpu         ] GC(1588) User=0.00s Sys=0.00s Real=0.00s
[14.198s][info ][gc,start       ] GC(1589) Pause Young (Allocation Failure)
[14.200s][debug][gc,phases      ] GC(1589) Scavenge 1.303ms
[14.200s][debug][gc,phases      ] GC(1589) Reference Processing 0.042ms
[14.200s][debug][gc,phases      ] GC(1589) Weak Processing 0.021ms
[14.200s][debug][gc,phases      ] GC(1589) Scrub String Table 0.071ms
[14.200s][debug][gc,age         ] GC(1589) Desired survivor size 4194304 bytes, new threshold 1 (max threshold 15)
[14.200s][info ][gc,heap        ] GC(1589) PSYoungGen: 16534K->2503K(17408K)
[14.200s][info ][gc,heap        ] GC(1589) ParOldGen: 22002K->22002K(41984K)
[14.200s][info ][gc,metaspace   ] GC(1589) Metaspace: 15861K->15861K(1064960K)
[14.200s][info ][gc             ] GC(1589) Pause Young (Allocation Failure) 37M->23M(58M) 1.703ms
[14.200s][info ][gc,cpu         ] GC(1589) User=0.01s Sys=0.00s Real=0.00s
[14.201s][info ][gc,start       ] GC(1590) Pause Young (Allocation Failure)
[14.201s][debug][gc,phases      ] GC(1590) Scavenge 0.290ms
[14.201s][debug][gc,phases      ] GC(1590) Reference Processing 0.020ms
[14.201s][debug][gc,phases      ] GC(1590) Weak Processing 0.010ms
[14.202s][debug][gc,phases      ] GC(1590) Scrub String Table 0.068ms
[14.202s][debug][gc,age         ] GC(1590) Desired survivor size 4194304 bytes, new threshold 1 (max threshold 15)
[14.202s][info ][gc,heap        ] GC(1590) PSYoungGen: 15657K->1786K(17408K)
[14.202s][info ][gc,heap        ] GC(1590) ParOldGen: 22002K->22002K(41984K)
[14.202s][info ][gc,metaspace   ] GC(1590) Metaspace: 15861K->15861K(1064960K)
[14.202s][info ][gc             ] GC(1590) Pause Young (Allocation Failure) 36M->23M(58M) 0.581ms
[14.202s][info ][gc,cpu         ] GC(1590) User=0.00s Sys=0.00s Real=0.00s
[14.203s][info ][gc,start       ] GC(1591) Pause Young (Allocation Failure)
[14.203s][debug][gc,phases      ] GC(1591) Scavenge 0.285ms
[14.203s][debug][gc,phases      ] GC(1591) Reference Processing 0.019ms
[14.203s][debug][gc,phases      ] GC(1591) Weak Processing 0.012ms
[14.203s][debug][gc,phases      ] GC(1591) Scrub String Table 0.076ms
[14.203s][debug][gc,age         ] GC(1591) Desired survivor size 4194304 bytes, new threshold 1 (max threshold 15)
[14.203s][info ][gc,heap        ] GC(1591) PSYoungGen: 14939K->1786K(17408K)
[14.203s][info ][gc,heap        ] GC(1591) ParOldGen: 22002K->22002K(41984K)
[14.203s][info ][gc,metaspace   ] GC(1591) Metaspace: 15861K->15861K(1064960K)
[14.203s][info ][gc             ] GC(1591) Pause Young (Allocation Failure) 36M->23M(58M) 0.552ms
[14.203s][info ][gc,cpu         ] GC(1591) User=0.00s Sys=0.00s Real=0.00s
[14.204s][info ][gc,start       ] GC(1592) Pause Young (Allocation Failure)
[14.205s][debug][gc,phases      ] GC(1592) Scavenge 0.436ms
[14.205s][debug][gc,phases      ] GC(1592) Reference Processing 0.018ms
[14.205s][debug][gc,phases      ] GC(1592) Weak Processing 0.011ms
[14.205s][debug][gc,phases      ] GC(1592) Scrub String Table 0.069ms
[14.205s][debug][gc,age         ] GC(1592) Desired survivor size 4194304 bytes, new threshold 1 (max threshold 15)
[14.205s][info ][gc,heap        ] GC(1592) PSYoungGen: 14939K->3381K(17408K)
[14.205s][info ][gc,heap        ] GC(1592) ParOldGen: 22002K->22002K(41984K)
[14.205s][info ][gc,metaspace   ] GC(1592) Metaspace: 15861K->15861K(1064960K)
[14.205s][info ][gc             ] GC(1592) Pause Young (Allocation Failure) 36M->24M(58M) 0.696ms
[14.205s][info ][gc,cpu         ] GC(1592) User=0.00s Sys=0.00s Real=0.00s
[14.206s][info ][gc,start       ] GC(1593) Pause Young (Allocation Failure)
[14.207s][debug][gc,phases      ] GC(1593) Scavenge 0.498ms
[14.207s][debug][gc,phases      ] GC(1593) Reference Processing 0.029ms
[14.207s][debug][gc,phases      ] GC(1593) Weak Processing 0.011ms
[14.207s][debug][gc,phases      ] GC(1593) Scrub String Table 0.076ms
[14.207s][debug][gc,age         ] GC(1593) Desired survivor size 4194304 bytes, new threshold 1 (max threshold 15)
[14.207s][info ][gc,heap        ] GC(1593) PSYoungGen: 16533K->2145K(17408K)
[14.207s][info ][gc,heap        ] GC(1593) ParOldGen: 22002K->22002K(41984K)
[14.207s][info ][gc,metaspace   ] GC(1593) Metaspace: 15861K->15861K(1064960K)
[14.207s][info ][gc             ] GC(1593) Pause Young (Allocation Failure) 37M->23M(58M) 0.884ms
[14.207s][info ][gc,cpu         ] GC(1593) User=0.00s Sys=0.00s Real=0.01s
[14.208s][info ][gc,start       ] GC(1594) Pause Young (Allocation Failure)
[14.208s][debug][gc,phases      ] GC(1594) Scavenge 0.309ms
[14.208s][debug][gc,phases      ] GC(1594) Reference Processing 0.018ms
[14.209s][debug][gc,phases      ] GC(1594) Weak Processing 0.010ms
[14.209s][debug][gc,phases      ] GC(1594) Scrub String Table 0.068ms
[14.209s][debug][gc,age         ] GC(1594) Desired survivor size 4194304 bytes, new threshold 1 (max threshold 15)
[14.209s][info ][gc,heap        ] GC(1594) PSYoungGen: 15265K->2177K(17408K)
[14.209s][info ][gc,heap        ] GC(1594) ParOldGen: 22002K->22026K(41984K)
[14.209s][info ][gc,metaspace   ] GC(1594) Metaspace: 15861K->15861K(1064960K)
[14.209s][info ][gc             ] GC(1594) Pause Young (Allocation Failure) 36M->23M(58M) 0.577ms
[14.209s][info ][gc,cpu         ] GC(1594) User=0.00s Sys=0.00s Real=0.00s
[14.210s][info ][gc,start       ] GC(1595) Pause Young (Allocation Failure)
[14.210s][debug][gc,phases      ] GC(1595) Scavenge 0.362ms
[14.210s][debug][gc,phases      ] GC(1595) Reference Processing 0.020ms
[14.210s][debug][gc,phases      ] GC(1595) Weak Processing 0.010ms
[14.210s][debug][gc,phases      ] GC(1595) Scrub String Table 0.067ms
[14.210s][debug][gc,age         ] GC(1595) Desired survivor size 4194304 bytes, new threshold 1 (max threshold 15)
[14.210s][info ][gc,heap        ] GC(1595) PSYoungGen: 15341K->2567K(17408K)
[14.210s][info ][gc,heap        ] GC(1595) ParOldGen: 22026K->22026K(41984K)
[14.210s][info ][gc,metaspace   ] GC(1595) Metaspace: 15861K->15861K(1064960K)
[14.210s][info ][gc             ] GC(1595) Pause Young (Allocation Failure) 36M->24M(58M) 0.651ms
[14.210s][info ][gc,cpu         ] GC(1595) User=0.01s Sys=0.00s Real=0.00s
[14.211s][info ][gc,start       ] GC(1596) Pause Young (Allocation Failure)
[14.212s][debug][gc,phases      ] GC(1596) Scavenge 0.406ms
[14.212s][debug][gc,phases      ] GC(1596) Reference Processing 0.020ms
[14.212s][debug][gc,phases      ] GC(1596) Weak Processing 0.010ms
[14.212s][debug][gc,phases      ] GC(1596) Scrub String Table 0.068ms
[14.212s][debug][gc,age         ] GC(1596) Desired survivor size 4194304 bytes, new threshold 1 (max threshold 15)
[14.212s][info ][gc,heap        ] GC(1596) PSYoungGen: 15727K->2958K(17408K)
[14.212s][info ][gc,heap        ] GC(1596) ParOldGen: 22026K->22058K(41984K)
[14.212s][info ][gc,metaspace   ] GC(1596) Metaspace: 15861K->15861K(1064960K)
[14.212s][info ][gc             ] GC(1596) Pause Young (Allocation Failure) 36M->24M(58M) 0.686ms
[14.212s][info ][gc,cpu         ] GC(1596) User=0.01s Sys=0.00s Real=0.00s
[14.213s][info ][gc,start       ] GC(1597) Pause Young (Allocation Failure)
[14.214s][debug][gc,phases      ] GC(1597) Scavenge 0.396ms
[14.214s][debug][gc,phases      ] GC(1597) Reference Processing 0.019ms
[14.214s][debug][gc,phases      ] GC(1597) Weak Processing 0.010ms
[14.214s][debug][gc,phases      ] GC(1597) Scrub String Table 0.069ms
[14.214s][debug][gc,age         ] GC(1597) Desired survivor size 4194304 bytes, new threshold 1 (max threshold 15)
[14.214s][info ][gc,heap        ] GC(1597) PSYoungGen: 16115K->2958K(17408K)
[14.214s][info ][gc,heap        ] GC(1597) ParOldGen: 22058K->22058K(41984K)
[14.214s][info ][gc,metaspace   ] GC(1597) Metaspace: 15861K->15861K(1064960K)
[14.214s][info ][gc             ] GC(1597) Pause Young (Allocation Failure) 37M->24M(58M) 0.677ms
[14.214s][info ][gc,cpu         ] GC(1597) User=0.00s Sys=0.00s Real=0.00s
[14.215s][info ][gc,start       ] GC(1598) Pause Young (Allocation Failure)
[14.216s][debug][gc,phases      ] GC(1598) Scavenge 1.261ms
[14.216s][debug][gc,phases      ] GC(1598) Reference Processing 0.030ms
[14.217s][debug][gc,phases      ] GC(1598) Weak Processing 0.012ms
[14.217s][debug][gc,phases      ] GC(1598) Scrub String Table 0.074ms
[14.217s][debug][gc,age         ] GC(1598) Desired survivor size 4194304 bytes, new threshold 1 (max threshold 15)
[14.217s][info ][gc,heap        ] GC(1598) PSYoungGen: 16114K->2177K(17408K)
[14.217s][info ][gc,heap        ] GC(1598) ParOldGen: 22058K->22066K(41984K)
[14.217s][info ][gc,metaspace   ] GC(1598) Metaspace: 15861K->15861K(1064960K)
[14.217s][info ][gc             ] GC(1598) Pause Young (Allocation Failure) 37M->23M(58M) 1.682ms
[14.217s][info ][gc,cpu         ] GC(1598) User=0.01s Sys=0.00s Real=0.01s
[14.218s][info ][gc,start       ] GC(1599) Pause Young (Allocation Failure)
[14.218s][debug][gc,phases      ] GC(1599) Scavenge 0.283ms
[14.218s][debug][gc,phases      ] GC(1599) Reference Processing 0.020ms
[14.218s][debug][gc,phases      ] GC(1599) Weak Processing 0.010ms
[14.218s][debug][gc,phases      ] GC(1599) Scrub String Table 0.068ms
[14.218s][debug][gc,age         ] GC(1599) Desired survivor size 4194304 bytes, new threshold 1 (max threshold 15)
[14.218s][info ][gc,heap        ] GC(1599) PSYoungGen: 15331K->2209K(17408K)
[14.218s][info ][gc,heap        ] GC(1599) ParOldGen: 22066K->22066K(41984K)
[14.218s][info ][gc,metaspace   ] GC(1599) Metaspace: 15861K->15861K(1064960K)
[14.218s][info ][gc             ] GC(1599) Pause Young (Allocation Failure) 36M->23M(58M) 0.567ms
[14.218s][info ][gc,cpu         ] GC(1599) User=0.00s Sys=0.00s Real=0.00s
[14.219s][info ][gc,start       ] GC(1600) Pause Young (Allocation Failure)
[14.220s][debug][gc,phases      ] GC(1600) Scavenge 0.425ms
[14.220s][debug][gc,phases      ] GC(1600) Reference Processing 0.022ms
[14.220s][debug][gc,phases      ] GC(1600) Weak Processing 0.011ms
[14.220s][debug][gc,phases      ] GC(1600) Scrub String Table 0.071ms
[14.220s][debug][gc,age         ] GC(1600) Desired survivor size 4194304 bytes, new threshold 1 (max threshold 15)
[14.220s][info ][gc,heap        ] GC(1600) PSYoungGen: 15363K->2990K(17408K)
[14.220s][info ][gc,heap        ] GC(1600) ParOldGen: 22066K->22066K(41984K)
[14.220s][info ][gc,metaspace   ] GC(1600) Metaspace: 15861K->15861K(1064960K)
[14.220s][info ][gc             ] GC(1600) Pause Young (Allocation Failure) 36M->24M(58M) 0.734ms
[14.220s][info ][gc,cpu         ] GC(1600) User=0.00s Sys=0.00s Real=0.00s
[14.221s][info ][gc,start       ] GC(1601) Pause Young (Allocation Failure)
[14.222s][debug][gc,phases      ] GC(1601) Scavenge 0.422ms
[14.222s][debug][gc,phases      ] GC(1601) Reference Processing 0.021ms
[14.222s][debug][gc,phases      ] GC(1601) Weak Processing 0.010ms
[14.222s][debug][gc,phases      ] GC(1601) Scrub String Table 0.068ms
[14.222s][debug][gc,age         ] GC(1601) Desired survivor size 4194304 bytes, new threshold 1 (max threshold 15)
[14.222s][info ][gc,heap        ] GC(1601) PSYoungGen: 16143K->2599K(17408K)
[14.222s][info ][gc,heap        ] GC(1601) ParOldGen: 22066K->22066K(41984K)
[14.222s][info ][gc,metaspace   ] GC(1601) Metaspace: 15861K->15861K(1064960K)
[14.222s][info ][gc             ] GC(1601) Pause Young (Allocation Failure) 37M->24M(58M) 0.706ms
[14.222s][info ][gc,cpu         ] GC(1601) User=0.00s Sys=0.00s Real=0.00s
[14.223s][info ][gc,start       ] GC(1602) Pause Young (Allocation Failure)
[14.224s][debug][gc,phases      ] GC(1602) Scavenge 0.527ms
[14.224s][debug][gc,phases      ] GC(1602) Reference Processing 0.019ms
[14.224s][debug][gc,phases      ] GC(1602) Weak Processing 0.010ms
[14.224s][debug][gc,phases      ] GC(1602) Scrub String Table 0.067ms
[14.224s][debug][gc,age         ] GC(1602) Desired survivor size 4194304 bytes, new threshold 1 (max threshold 15)
[14.224s][info ][gc,heap        ] GC(1602) PSYoungGen: 15753K->3381K(17408K)
[14.224s][info ][gc,heap        ] GC(1602) ParOldGen: 22066K->22066K(41984K)
[14.224s][info ][gc,metaspace   ] GC(1602) Metaspace: 15861K->15861K(1064960K)
[14.224s][info ][gc             ] GC(1602) Pause Young (Allocation Failure) 36M->24M(58M) 0.815ms
[14.224s][info ][gc,cpu         ] GC(1602) User=0.00s Sys=0.00s Real=0.00s
[14.225s][info ][gc,start       ] GC(1603) Pause Young (Allocation Failure)
[14.226s][debug][gc,phases      ] GC(1603) Scavenge 0.501ms
[14.226s][debug][gc,phases      ] GC(1603) Reference Processing 0.034ms
[14.226s][debug][gc,phases      ] GC(1603) Weak Processing 0.012ms
[14.226s][debug][gc,phases      ] GC(1603) Scrub String Table 0.072ms
[14.226s][debug][gc,age         ] GC(1603) Desired survivor size 4194304 bytes, new threshold 1 (max threshold 15)
[14.226s][info ][gc,heap        ] GC(1603) PSYoungGen: 16534K->2926K(17408K)
[14.226s][info ][gc,heap        ] GC(1603) ParOldGen: 22066K->22090K(41984K)
[14.226s][info ][gc,metaspace   ] GC(1603) Metaspace: 15861K->15861K(1064960K)
[14.226s][info ][gc             ] GC(1603) Pause Young (Allocation Failure) 37M->24M(58M) 0.839ms
[14.226s][info ][gc,cpu         ] GC(1603) User=0.00s Sys=0.00s Real=0.00s
[14.227s][info ][gc,start       ] GC(1604) Pause Young (Allocation Failure)
[14.227s][debug][gc,phases      ] GC(1604) Scavenge 0.357ms
[14.227s][debug][gc,phases      ] GC(1604) Reference Processing 0.022ms
[14.227s][debug][gc,phases      ] GC(1604) Weak Processing 0.010ms
[14.227s][debug][gc,phases      ] GC(1604) Scrub String Table 0.068ms
[14.227s][debug][gc,age         ] GC(1604) Desired survivor size 4194304 bytes, new threshold 1 (max threshold 15)
[14.228s][info ][gc,heap        ] GC(1604) PSYoungGen: 16079K->2958K(17408K)
[14.228s][info ][gc,heap        ] GC(1604) ParOldGen: 22090K->22090K(41984K)
[14.228s][info ][gc,metaspace   ] GC(1604) Metaspace: 15861K->15861K(1064960K)
[14.228s][info ][gc             ] GC(1604) Pause Young (Allocation Failure) 37M->24M(58M) 0.636ms
[14.228s][info ][gc,cpu         ] GC(1604) User=0.00s Sys=0.00s Real=0.00s
[14.229s][info ][gc,start       ] GC(1605) Pause Young (Allocation Failure)
[14.229s][debug][gc,phases      ] GC(1605) Scavenge 0.491ms
[14.229s][debug][gc,phases      ] GC(1605) Reference Processing 0.020ms
[14.229s][debug][gc,phases      ] GC(1605) Weak Processing 0.010ms
[14.229s][debug][gc,phases      ] GC(1605) Scrub String Table 0.069ms
[14.229s][debug][gc,age         ] GC(1605) Desired survivor size 4194304 bytes, new threshold 1 (max threshold 15)
[14.229s][info ][gc,heap        ] GC(1605) PSYoungGen: 16111K->2990K(17408K)
[14.229s][info ][gc,heap        ] GC(1605) ParOldGen: 22090K->22098K(41984K)
[14.229s][info ][gc,metaspace   ] GC(1605) Metaspace: 15861K->15861K(1064960K)
[14.229s][info ][gc             ] GC(1605) Pause Young (Allocation Failure) 37M->24M(58M) 0.769ms
[14.229s][info ][gc,cpu         ] GC(1605) User=0.00s Sys=0.01s Real=0.00s
[14.230s][info ][gc,start       ] GC(1606) Pause Young (Allocation Failure)
[14.231s][debug][gc,phases      ] GC(1606) Scavenge 0.531ms
[14.231s][debug][gc,phases      ] GC(1606) Reference Processing 0.019ms
[14.231s][debug][gc,phases      ] GC(1606) Weak Processing 0.014ms
[14.231s][debug][gc,phases      ] GC(1606) Scrub String Table 0.091ms
[14.231s][debug][gc,age         ] GC(1606) Desired survivor size 4194304 bytes, new threshold 1 (max threshold 15)
[14.231s][info ][gc,heap        ] GC(1606) PSYoungGen: 16143K->3381K(17408K)
[14.231s][info ][gc,heap        ] GC(1606) ParOldGen: 22098K->22098K(41984K)
[14.231s][info ][gc,metaspace   ] GC(1606) Metaspace: 15861K->15861K(1064960K)
[14.231s][info ][gc             ] GC(1606) Pause Young (Allocation Failure) 37M->24M(58M) 0.900ms
[14.231s][info ][gc,cpu         ] GC(1606) User=0.01s Sys=0.00s Real=0.00s
[14.233s][info ][gc,start       ] GC(1607) Pause Young (Allocation Failure)
[14.234s][debug][gc,phases      ] GC(1607) Scavenge 1.015ms
[14.234s][debug][gc,phases      ] GC(1607) Reference Processing 0.020ms
[14.234s][debug][gc,phases      ] GC(1607) Weak Processing 0.011ms
[14.234s][debug][gc,phases      ] GC(1607) Scrub String Table 0.068ms
[14.234s][debug][gc,age         ] GC(1607) Desired survivor size 4718592 bytes, new threshold 1 (max threshold 15)
[14.234s][info ][gc,heap        ] GC(1607) PSYoungGen: 16533K->1299K(16384K)
[14.234s][info ][gc,heap        ] GC(1607) ParOldGen: 22098K->22505K(41984K)
[14.234s][info ][gc,metaspace   ] GC(1607) Metaspace: 15861K->15861K(1064960K)
[14.234s][info ][gc             ] GC(1607) Pause Young (Allocation Failure) 37M->23M(57M) 1.325ms
[14.234s][info ][gc,cpu         ] GC(1607) User=0.01s Sys=0.00s Real=0.00s
[14.235s][info ][gc,start       ] GC(1608) Pause Young (Allocation Failure)
[14.235s][debug][gc,phases      ] GC(1608) Scavenge 0.446ms
[14.235s][debug][gc,phases      ] GC(1608) Reference Processing 0.018ms
[14.235s][debug][gc,phases      ] GC(1608) Weak Processing 0.010ms
[14.236s][debug][gc,phases      ] GC(1608) Scrub String Table 0.069ms
[14.236s][debug][gc,age         ] GC(1608) Desired survivor size 4194304 bytes, new threshold 1 (max threshold 15)
[14.236s][info ][gc,heap        ] GC(1608) PSYoungGen: 13260K->2177K(16896K)
[14.236s][info ][gc,heap        ] GC(1608) ParOldGen: 22505K->22521K(41984K)
[14.236s][info ][gc,metaspace   ] GC(1608) Metaspace: 15861K->15861K(1064960K)
[14.236s][info ][gc             ] GC(1608) Pause Young (Allocation Failure) 34M->24M(57M) 0.750ms
[14.236s][info ][gc,cpu         ] GC(1608) User=0.00s Sys=0.00s Real=0.00s
[14.237s][info ][gc,start       ] GC(1609) Pause Young (Allocation Failure)
[14.237s][debug][gc,phases      ] GC(1609) Scavenge 0.594ms
[14.237s][debug][gc,phases      ] GC(1609) Reference Processing 0.022ms
[14.237s][debug][gc,phases      ] GC(1609) Weak Processing 0.010ms
[14.237s][debug][gc,phases      ] GC(1609) Scrub String Table 0.068ms
[14.238s][debug][gc,age         ] GC(1609) Desired survivor size 4194304 bytes, new threshold 1 (max threshold 15)
[14.238s][info ][gc,heap        ] GC(1609) PSYoungGen: 14106K->2567K(16896K)
[14.238s][info ][gc,heap        ] GC(1609) ParOldGen: 22521K->22928K(41984K)
[14.238s][info ][gc,metaspace   ] GC(1609) Metaspace: 15861K->15861K(1064960K)
[14.238s][info ][gc             ] GC(1609) Pause Young (Allocation Failure) 35M->24M(57M) 0.887ms
[14.238s][info ][gc,cpu         ] GC(1609) User=0.00s Sys=0.00s Real=0.00s
[14.239s][info ][gc,start       ] GC(1610) Pause Young (Allocation Failure)
[14.240s][debug][gc,phases      ] GC(1610) Scavenge 1.092ms
[14.240s][debug][gc,phases      ] GC(1610) Reference Processing 0.023ms
[14.240s][debug][gc,phases      ] GC(1610) Weak Processing 0.011ms
[14.240s][debug][gc,phases      ] GC(1610) Scrub String Table 0.068ms
[14.240s][debug][gc,age         ] GC(1610) Desired survivor size 4194304 bytes, new threshold 1 (max threshold 15)
[14.240s][info ][gc,heap        ] GC(1610) PSYoungGen: 15331K->2145K(16896K)
[14.240s][info ][gc,heap        ] GC(1610) ParOldGen: 22928K->22936K(41984K)
[14.240s][info ][gc,metaspace   ] GC(1610) Metaspace: 15861K->15861K(1064960K)
[14.240s][info ][gc             ] GC(1610) Pause Young (Allocation Failure) 37M->24M(57M) 1.444ms
[14.240s][info ][gc,cpu         ] GC(1610) User=0.00s Sys=0.00s Real=0.00s
[14.241s][info ][gc,start       ] GC(1611) Pause Young (Allocation Failure)
[14.242s][debug][gc,phases      ] GC(1611) Scavenge 1.114ms
[14.242s][debug][gc,phases      ] GC(1611) Reference Processing 0.018ms
[14.242s][debug][gc,phases      ] GC(1611) Weak Processing 0.010ms
[14.242s][debug][gc,phases      ] GC(1611) Scrub String Table 0.069ms
[14.242s][debug][gc,age         ] GC(1611) Desired survivor size 4194304 bytes, new threshold 1 (max threshold 15)
[14.242s][info ][gc,heap        ] GC(1611) PSYoungGen: 14872K->2535K(17408K)
[14.242s][info ][gc,heap        ] GC(1611) ParOldGen: 22936K->23342K(41984K)
[14.242s][info ][gc,metaspace   ] GC(1611) Metaspace: 15861K->15861K(1064960K)
[14.242s][info ][gc             ] GC(1611) Pause Young (Allocation Failure) 36M->25M(58M) 1.390ms
[14.242s][info ][gc,cpu         ] GC(1611) User=0.01s Sys=0.00s Real=0.00s
[14.244s][info ][gc,start       ] GC(1612) Pause Young (Allocation Failure)
[14.244s][debug][gc,phases      ] GC(1612) Scavenge 0.374ms
[14.244s][debug][gc,phases      ] GC(1612) Reference Processing 0.019ms
[14.244s][debug][gc,phases      ] GC(1612) Weak Processing 0.014ms
[14.244s][debug][gc,phases      ] GC(1612) Scrub String Table 0.078ms
[14.244s][debug][gc,age         ] GC(1612) Desired survivor size 4194304 bytes, new threshold 1 (max threshold 15)
[14.244s][info ][gc,heap        ] GC(1612) PSYoungGen: 15705K->2990K(17408K)
[14.244s][info ][gc,heap        ] GC(1612) ParOldGen: 23342K->23342K(41984K)
[14.244s][info ][gc,metaspace   ] GC(1612) Metaspace: 15861K->15861K(1064960K)
[14.244s][info ][gc             ] GC(1612) Pause Young (Allocation Failure) 38M->25M(58M) 0.681ms
[14.244s][info ][gc,cpu         ] GC(1612) User=0.01s Sys=0.00s Real=0.00s
[14.245s][info ][gc,start       ] GC(1613) Pause Young (Allocation Failure)
[14.246s][debug][gc,phases      ] GC(1613) Scavenge 0.364ms
[14.246s][debug][gc,phases      ] GC(1613) Reference Processing 0.022ms
[14.246s][debug][gc,phases      ] GC(1613) Weak Processing 0.011ms
[14.246s][debug][gc,phases      ] GC(1613) Scrub String Table 0.071ms
[14.246s][debug][gc,age         ] GC(1613) Desired survivor size 4194304 bytes, new threshold 1 (max threshold 15)
[14.246s][info ][gc,heap        ] GC(1613) PSYoungGen: 16153K->2990K(17408K)
[14.246s][info ][gc,heap        ] GC(1613) ParOldGen: 23342K->23350K(41984K)
[14.246s][info ][gc,metaspace   ] GC(1613) Metaspace: 15861K->15861K(1064960K)
[14.246s][info ][gc             ] GC(1613) Pause Young (Allocation Failure) 38M->25M(58M) 0.670ms
[14.246s][info ][gc,cpu         ] GC(1613) User=0.00s Sys=0.00s Real=0.00s
[14.247s][info ][gc,start       ] GC(1614) Pause Young (Allocation Failure)
[14.248s][debug][gc,phases      ] GC(1614) Scavenge 0.529ms
[14.248s][debug][gc,phases      ] GC(1614) Reference Processing 0.021ms
[14.248s][debug][gc,phases      ] GC(1614) Weak Processing 0.010ms
[14.248s][debug][gc,phases      ] GC(1614) Scrub String Table 0.069ms
[14.248s][debug][gc,age         ] GC(1614) Desired survivor size 4194304 bytes, new threshold 1 (max threshold 15)
[14.248s][info ][gc,heap        ] GC(1614) PSYoungGen: 16150K->3381K(17408K)
[14.248s][info ][gc,heap        ] GC(1614) ParOldGen: 23350K->23350K(41984K)
[14.248s][info ][gc,metaspace   ] GC(1614) Metaspace: 15861K->15861K(1064960K)
[14.248s][info ][gc             ] GC(1614) Pause Young (Allocation Failure) 38M->26M(58M) 0.827ms
[14.248s][info ][gc,cpu         ] GC(1614) User=0.00s Sys=0.00s Real=0.00s
[14.249s][info ][gc,start       ] GC(1615) Pause Young (Allocation Failure)
[14.250s][debug][gc,phases      ] GC(1615) Scavenge 0.639ms
[14.250s][debug][gc,phases      ] GC(1615) Reference Processing 0.020ms
[14.250s][debug][gc,phases      ] GC(1615) Weak Processing 0.011ms
[14.250s][debug][gc,phases      ] GC(1615) Scrub String Table 0.070ms
[14.250s][debug][gc,age         ] GC(1615) Desired survivor size 4194304 bytes, new threshold 1 (max threshold 15)
[14.250s][info ][gc,heap        ] GC(1615) PSYoungGen: 16538K->2177K(17408K)
[14.250s][info ][gc,heap        ] GC(1615) ParOldGen: 23350K->23350K(41984K)
[14.250s][info ][gc,metaspace   ] GC(1615) Metaspace: 15861K->15861K(1064960K)
[14.250s][info ][gc             ] GC(1615) Pause Young (Allocation Failure) 38M->24M(58M) 0.982ms
[14.250s][info ][gc,cpu         ] GC(1615) User=0.00s Sys=0.00s Real=0.00s
[14.251s][info ][gc,start       ] GC(1616) Pause Young (Allocation Failure)
[14.252s][debug][gc,phases      ] GC(1616) Scavenge 0.414ms
[14.252s][debug][gc,phases      ] GC(1616) Reference Processing 0.021ms
[14.252s][debug][gc,phases      ] GC(1616) Weak Processing 0.010ms
[14.252s][debug][gc,phases      ] GC(1616) Scrub String Table 0.069ms
[14.252s][debug][gc,age         ] GC(1616) Desired survivor size 4194304 bytes, new threshold 1 (max threshold 15)
[14.252s][info ][gc,heap        ] GC(1616) PSYoungGen: 15332K->3381K(17408K)
[14.252s][info ][gc,heap        ] GC(1616) ParOldGen: 23350K->23350K(41984K)
[14.252s][info ][gc,metaspace   ] GC(1616) Metaspace: 15861K->15861K(1064960K)
[14.252s][info ][gc             ] GC(1616) Pause Young (Allocation Failure) 37M->26M(58M) 0.707ms
[14.252s][info ][gc,cpu         ] GC(1616) User=0.00s Sys=0.00s Real=0.00s
[14.253s][info ][gc,start       ] GC(1617) Pause Young (Allocation Failure)
[14.253s][debug][gc,phases      ] GC(1617) Scavenge 0.442ms
[14.253s][debug][gc,phases      ] GC(1617) Reference Processing 0.020ms
[14.253s][debug][gc,phases      ] GC(1617) Weak Processing 0.010ms
[14.253s][debug][gc,phases      ] GC(1617) Scrub String Table 0.068ms
[14.253s][debug][gc,age         ] GC(1617) Desired survivor size 4718592 bytes, new threshold 1 (max threshold 15)
[14.253s][info ][gc,heap        ] GC(1617) PSYoungGen: 16535K->3381K(16384K)
[14.253s][info ][gc,heap        ] GC(1617) ParOldGen: 23350K->23350K(41984K)
[14.254s][info ][gc,metaspace   ] GC(1617) Metaspace: 15861K->15861K(1064960K)
[14.254s][info ][gc             ] GC(1617) Pause Young (Allocation Failure) 38M->26M(57M) 0.729ms
[14.254s][info ][gc,cpu         ] GC(1617) User=0.00s Sys=0.00s Real=0.00s
[14.255s][info ][gc,start       ] GC(1618) Pause Young (Allocation Failure)
[14.255s][debug][gc,phases      ] GC(1618) Scavenge 0.342ms
[14.255s][debug][gc,phases      ] GC(1618) Reference Processing 0.020ms
[14.255s][debug][gc,phases      ] GC(1618) Weak Processing 0.011ms
[14.255s][debug][gc,phases      ] GC(1618) Scrub String Table 0.069ms
[14.255s][debug][gc,age         ] GC(1618) Desired survivor size 4718592 bytes, new threshold 1 (max threshold 15)
[14.255s][info ][gc,heap        ] GC(1618) PSYoungGen: 15342K->2209K(16896K)
[14.255s][info ][gc,heap        ] GC(1618) ParOldGen: 23350K->23350K(41984K)
[14.255s][info ][gc,metaspace   ] GC(1618) Metaspace: 15861K->15861K(1064960K)
[14.255s][info ][gc             ] GC(1618) Pause Young (Allocation Failure) 37M->24M(57M) 0.627ms
[14.255s][info ][gc,cpu         ] GC(1618) User=0.00s Sys=0.00s Real=0.00s
[14.256s][info ][gc,start       ] GC(1619) Pause Young (Allocation Failure)
[14.257s][debug][gc,phases      ] GC(1619) Scavenge 0.484ms
[14.257s][debug][gc,phases      ] GC(1619) Reference Processing 0.021ms
[14.257s][debug][gc,phases      ] GC(1619) Weak Processing 0.011ms
[14.257s][debug][gc,phases      ] GC(1619) Scrub String Table 0.072ms
[14.257s][debug][gc,age         ] GC(1619) Desired survivor size 4194304 bytes, new threshold 1 (max threshold 15)
[14.257s][info ][gc,heap        ] GC(1619) PSYoungGen: 14141K->2535K(15872K)
[14.257s][info ][gc,heap        ] GC(1619) ParOldGen: 23350K->23757K(41984K)
[14.257s][info ][gc,metaspace   ] GC(1619) Metaspace: 15861K->15861K(1064960K)
[14.257s][info ][gc             ] GC(1619) Pause Young (Allocation Failure) 36M->25M(56M) 0.884ms
[14.257s][info ][gc,cpu         ] GC(1619) User=0.01s Sys=0.00s Real=0.01s
[14.258s][info ][gc,start       ] GC(1620) Pause Young (Allocation Failure)
[14.259s][debug][gc,phases      ] GC(1620) Scavenge 0.542ms
[14.259s][debug][gc,phases      ] GC(1620) Reference Processing 0.021ms
[14.259s][debug][gc,phases      ] GC(1620) Weak Processing 0.010ms
[14.259s][debug][gc,phases      ] GC(1620) Scrub String Table 0.068ms
[14.259s][debug][gc,age         ] GC(1620) Desired survivor size 4194304 bytes, new threshold 1 (max threshold 15)
[14.259s][info ][gc,heap        ] GC(1620) PSYoungGen: 14504K->2567K(16384K)
[14.259s][info ][gc,heap        ] GC(1620) ParOldGen: 23757K->23757K(41984K)
[14.259s][info ][gc,metaspace   ] GC(1620) Metaspace: 15861K->15861K(1064960K)
[14.259s][info ][gc             ] GC(1620) Pause Young (Allocation Failure) 37M->25M(57M) 0.848ms
[14.259s][info ][gc,cpu         ] GC(1620) User=0.00s Sys=0.01s Real=0.00s
[14.260s][info ][gc,start       ] GC(1621) Pause Young (Allocation Failure)
[14.260s][debug][gc,phases      ] GC(1621) Scavenge 0.417ms
[14.260s][debug][gc,phases      ] GC(1621) Reference Processing 0.019ms
[14.261s][debug][gc,phases      ] GC(1621) Weak Processing 0.010ms
[14.261s][debug][gc,phases      ] GC(1621) Scrub String Table 0.068ms
[14.261s][debug][gc,age         ] GC(1621) Desired survivor size 4194304 bytes, new threshold 1 (max threshold 15)
[14.261s][info ][gc,heap        ] GC(1621) PSYoungGen: 14533K->1363K(17408K)
[14.261s][info ][gc,heap        ] GC(1621) ParOldGen: 23757K->23765K(41984K)
[14.261s][info ][gc,metaspace   ] GC(1621) Metaspace: 15861K->15861K(1064960K)
[14.261s][info ][gc             ] GC(1621) Pause Young (Allocation Failure) 37M->24M(58M) 0.709ms
[14.261s][info ][gc,cpu         ] GC(1621) User=0.00s Sys=0.00s Real=0.00s
[14.262s][info ][gc,start       ] GC(1622) Pause Young (Allocation Failure)
[14.262s][debug][gc,phases      ] GC(1622) Scavenge 0.325ms
[14.262s][debug][gc,phases      ] GC(1622) Reference Processing 0.023ms
[14.262s][debug][gc,phases      ] GC(1622) Weak Processing 0.010ms
[14.262s][debug][gc,phases      ] GC(1622) Scrub String Table 0.068ms
[14.262s][debug][gc,age         ] GC(1622) Desired survivor size 4194304 bytes, new threshold 1 (max threshold 15)
[14.262s][info ][gc,heap        ] GC(1622) PSYoungGen: 14520K->2177K(17408K)
[14.262s][info ][gc,heap        ] GC(1622) ParOldGen: 23765K->23765K(41984K)
[14.262s][info ][gc,metaspace   ] GC(1622) Metaspace: 15861K->15861K(1064960K)
[14.262s][info ][gc             ] GC(1622) Pause Young (Allocation Failure) 37M->25M(58M) 0.618ms
[14.262s][info ][gc,cpu         ] GC(1622) User=0.00s Sys=0.00s Real=0.00s
[14.263s][info ][gc,start       ] GC(1623) Pause Young (Allocation Failure)
[14.264s][debug][gc,phases      ] GC(1623) Scavenge 0.786ms
[14.264s][debug][gc,phases      ] GC(1623) Reference Processing 0.019ms
[14.264s][debug][gc,phases      ] GC(1623) Weak Processing 0.010ms
[14.264s][debug][gc,phases      ] GC(1623) Scrub String Table 0.068ms
[14.264s][debug][gc,age         ] GC(1623) Desired survivor size 4194304 bytes, new threshold 1 (max threshold 15)
[14.264s][info ][gc,heap        ] GC(1623) PSYoungGen: 15332K->2535K(17408K)
[14.264s][info ][gc,heap        ] GC(1623) ParOldGen: 23765K->23765K(41984K)
[14.264s][info ][gc,metaspace   ] GC(1623) Metaspace: 15861K->15861K(1064960K)
[14.264s][info ][gc             ] GC(1623) Pause Young (Allocation Failure) 38M->25M(58M) 1.073ms
[14.264s][info ][gc,cpu         ] GC(1623) User=0.00s Sys=0.00s Real=0.00s
[14.266s][info ][gc,start       ] GC(1624) Pause Young (Allocation Failure)
[14.267s][debug][gc,phases      ] GC(1624) Scavenge 1.358ms
[14.267s][debug][gc,phases      ] GC(1624) Reference Processing 0.020ms
[14.267s][debug][gc,phases      ] GC(1624) Weak Processing 0.011ms
[14.267s][debug][gc,phases      ] GC(1624) Scrub String Table 0.070ms
[14.267s][debug][gc,age         ] GC(1624) Desired survivor size 4194304 bytes, new threshold 1 (max threshold 15)
[14.267s][info ][gc,heap        ] GC(1624) PSYoungGen: 15689K->2081K(17408K)
[14.267s][info ][gc,heap        ] GC(1624) ParOldGen: 23765K->23781K(41984K)
[14.267s][info ][gc,metaspace   ] GC(1624) Metaspace: 15861K->15861K(1064960K)
[14.267s][info ][gc             ] GC(1624) Pause Young (Allocation Failure) 38M->25M(58M) 1.677ms
[14.267s][info ][gc,cpu         ] GC(1624) User=0.00s Sys=0.00s Real=0.01s
[14.268s][info ][gc,start       ] GC(1625) Pause Young (Allocation Failure)
[14.269s][debug][gc,phases      ] GC(1625) Scavenge 0.471ms
[14.269s][debug][gc,phases      ] GC(1625) Reference Processing 0.021ms
[14.269s][debug][gc,phases      ] GC(1625) Weak Processing 0.010ms
[14.269s][debug][gc,phases      ] GC(1625) Scrub String Table 0.069ms
[14.269s][debug][gc,age         ] GC(1625) Desired survivor size 4194304 bytes, new threshold 1 (max threshold 15)
[14.269s][info ][gc,heap        ] GC(1625) PSYoungGen: 15234K->2567K(17408K)
[14.269s][info ][gc,heap        ] GC(1625) ParOldGen: 23781K->23781K(41984K)
[14.269s][info ][gc,metaspace   ] GC(1625) Metaspace: 15861K->15861K(1064960K)
[14.269s][info ][gc             ] GC(1625) Pause Young (Allocation Failure) 38M->25M(58M) 0.756ms
[14.269s][info ][gc,cpu         ] GC(1625) User=0.00s Sys=0.00s Real=0.00s
[14.270s][info ][gc,start       ] GC(1626) Pause Young (Allocation Failure)
[14.271s][debug][gc,phases      ] GC(1626) Scavenge 0.371ms
[14.271s][debug][gc,phases      ] GC(1626) Reference Processing 0.018ms
[14.271s][debug][gc,phases      ] GC(1626) Weak Processing 0.011ms
[14.271s][debug][gc,phases      ] GC(1626) Scrub String Table 0.068ms
[14.271s][debug][gc,age         ] GC(1626) Desired survivor size 4194304 bytes, new threshold 1 (max threshold 15)
[14.271s][info ][gc,heap        ] GC(1626) PSYoungGen: 15721K->2958K(17408K)
[14.271s][info ][gc,heap        ] GC(1626) ParOldGen: 23781K->23789K(41984K)
[14.271s][info ][gc,metaspace   ] GC(1626) Metaspace: 15861K->15861K(1064960K)
[14.271s][info ][gc             ] GC(1626) Pause Young (Allocation Failure) 38M->26M(58M) 0.656ms
[14.271s][info ][gc,cpu         ] GC(1626) User=0.00s Sys=0.00s Real=0.00s
[14.272s][info ][gc,start       ] GC(1627) Pause Young (Allocation Failure)
[14.273s][debug][gc,phases      ] GC(1627) Scavenge 0.515ms
[14.273s][debug][gc,phases      ] GC(1627) Reference Processing 0.024ms
[14.273s][debug][gc,phases      ] GC(1627) Weak Processing 0.011ms
[14.273s][debug][gc,phases      ] GC(1627) Scrub String Table 0.068ms
[14.273s][debug][gc,age         ] GC(1627) Desired survivor size 4194304 bytes, new threshold 1 (max threshold 15)
[14.273s][info ][gc,heap        ] GC(1627) PSYoungGen: 16111K->2958K(17408K)
[14.273s][info ][gc,heap        ] GC(1627) ParOldGen: 23789K->23797K(41984K)
[14.273s][info ][gc,metaspace   ] GC(1627) Metaspace: 15861K->15861K(1064960K)
[14.273s][info ][gc             ] GC(1627) Pause Young (Allocation Failure) 38M->26M(58M) 0.813ms
[14.273s][info ][gc,cpu         ] GC(1627) User=0.01s Sys=0.00s Real=0.00s
[14.274s][info ][gc,start       ] GC(1628) Pause Young (Allocation Failure)
[14.275s][debug][gc,phases      ] GC(1628) Scavenge 1.193ms
[14.275s][debug][gc,phases      ] GC(1628) Reference Processing 0.020ms
[14.275s][debug][gc,phases      ] GC(1628) Weak Processing 0.012ms
[14.275s][debug][gc,phases      ] GC(1628) Scrub String Table 0.071ms
[14.275s][debug][gc,age         ] GC(1628) Desired survivor size 4194304 bytes, new threshold 1 (max threshold 15)
[14.275s][info ][gc,heap        ] GC(1628) PSYoungGen: 16079K->2567K(17408K)
[14.275s][info ][gc,heap        ] GC(1628) ParOldGen: 23797K->24196K(41984K)
[14.275s][info ][gc,metaspace   ] GC(1628) Metaspace: 15861K->15861K(1064960K)
[14.275s][info ][gc             ] GC(1628) Pause Young (Allocation Failure) 38M->26M(58M) 1.495ms
[14.275s][info ][gc,cpu         ] GC(1628) User=0.01s Sys=0.00s Real=0.00s
[14.276s][info ][gc,start       ] GC(1629) Pause Young (Allocation Failure)
[14.278s][debug][gc,phases      ] GC(1629) Scavenge 1.131ms
[14.278s][debug][gc,phases      ] GC(1629) Reference Processing 0.022ms
[14.278s][debug][gc,phases      ] GC(1629) Weak Processing 0.011ms
[14.278s][debug][gc,phases      ] GC(1629) Scrub String Table 0.069ms
[14.278s][debug][gc,age         ] GC(1629) Desired survivor size 4194304 bytes, new threshold 1 (max threshold 15)
[14.278s][info ][gc,heap        ] GC(1629) PSYoungGen: 15732K->2926K(17408K)
[14.278s][info ][gc,heap        ] GC(1629) ParOldGen: 24196K->24196K(41984K)
[14.278s][info ][gc,metaspace   ] GC(1629) Metaspace: 15861K->15861K(1064960K)
[14.278s][info ][gc             ] GC(1629) Pause Young (Allocation Failure) 38M->26M(58M) 1.428ms
[14.278s][info ][gc,cpu         ] GC(1629) User=0.00s Sys=0.00s Real=0.00s
[14.279s][info ][gc,start       ] GC(1630) Pause Young (Allocation Failure)
[14.280s][debug][gc,phases      ] GC(1630) Scavenge 1.220ms
[14.280s][debug][gc,phases      ] GC(1630) Reference Processing 0.023ms
[14.280s][debug][gc,phases      ] GC(1630) Weak Processing 0.010ms
[14.280s][debug][gc,phases      ] GC(1630) Scrub String Table 0.068ms
[14.280s][debug][gc,age         ] GC(1630) Desired survivor size 4194304 bytes, new threshold 1 (max threshold 15)
[14.280s][info ][gc,heap        ] GC(1630) PSYoungGen: 16052K->2894K(17408K)
[14.280s][info ][gc,heap        ] GC(1630) ParOldGen: 24196K->24610K(41984K)
[14.280s][info ][gc,metaspace   ] GC(1630) Metaspace: 15861K->15861K(1064960K)
[14.280s][info ][gc             ] GC(1630) Pause Young (Allocation Failure) 39M->26M(58M) 1.556ms
[14.280s][info ][gc,cpu         ] GC(1630) User=0.00s Sys=0.00s Real=0.00s
[14.281s][info ][gc,start       ] GC(1631) Pause Young (Allocation Failure)
[14.283s][debug][gc,phases      ] GC(1631) Scavenge 1.323ms
[14.283s][debug][gc,phases      ] GC(1631) Reference Processing 0.022ms
[14.283s][debug][gc,phases      ] GC(1631) Weak Processing 0.015ms
[14.283s][debug][gc,phases      ] GC(1631) Scrub String Table 0.069ms
[14.283s][debug][gc,age         ] GC(1631) Desired survivor size 4194304 bytes, new threshold 1 (max threshold 15)
[14.283s][info ][gc,heap        ] GC(1631) PSYoungGen: 16026K->2503K(17408K)
[14.283s][info ][gc,heap        ] GC(1631) ParOldGen: 24610K->25009K(41984K)
[14.283s][info ][gc,metaspace   ] GC(1631) Metaspace: 15861K->15861K(1064960K)
[14.283s][info ][gc             ] GC(1631) Pause Young (Allocation Failure) 39M->26M(58M) 1.670ms
[14.283s][info ][gc,cpu         ] GC(1631) User=0.01s Sys=0.00s Real=0.00s
[14.284s][info ][gc,start       ] GC(1632) Pause Young (Allocation Failure)
[14.285s][debug][gc,phases      ] GC(1632) Scavenge 1.110ms
[14.285s][debug][gc,phases      ] GC(1632) Reference Processing 0.021ms
[14.285s][debug][gc,phases      ] GC(1632) Weak Processing 0.011ms
[14.286s][debug][gc,phases      ] GC(1632) Scrub String Table 0.069ms
[14.286s][debug][gc,age         ] GC(1632) Desired survivor size 3670016 bytes, new threshold 1 (max threshold 15)
[14.286s][info ][gc,heap        ] GC(1632) PSYoungGen: 15677K->2535K(15872K)
[14.286s][info ][gc,heap        ] GC(1632) ParOldGen: 25009K->25423K(41984K)
[14.286s][info ][gc,metaspace   ] GC(1632) Metaspace: 15861K->15861K(1064960K)
[14.286s][info ][gc             ] GC(1632) Pause Young (Allocation Failure) 39M->27M(56M) 1.428ms
[14.286s][info ][gc,cpu         ] GC(1632) User=0.01s Sys=0.00s Real=0.00s
[14.287s][info ][gc,start       ] GC(1633) Pause Young (Allocation Failure)
[14.288s][debug][gc,phases      ] GC(1633) Scavenge 1.273ms
[14.288s][debug][gc,phases      ] GC(1633) Reference Processing 0.020ms
[14.288s][debug][gc,phases      ] GC(1633) Weak Processing 0.013ms
[14.288s][debug][gc,phases      ] GC(1633) Scrub String Table 0.079ms
[14.288s][debug][gc,age         ] GC(1633) Desired survivor size 3670016 bytes, new threshold 1 (max threshold 15)
[14.288s][info ][gc,heap        ] GC(1633) PSYoungGen: 15668K->2503K(16896K)
[14.288s][info ][gc,heap        ] GC(1633) ParOldGen: 25423K->25846K(41984K)
[14.288s][info ][gc,metaspace   ] GC(1633) Metaspace: 15861K->15861K(1064960K)
[14.288s][info ][gc             ] GC(1633) Pause Young (Allocation Failure) 40M->27M(57M) 1.585ms
[14.288s][info ][gc,cpu         ] GC(1633) User=0.01s Sys=0.00s Real=0.00s
[14.289s][info ][gc,start       ] GC(1634) Pause Young (Allocation Failure)
[14.290s][debug][gc,phases      ] GC(1634) Scavenge 1.026ms
[14.290s][debug][gc,phases      ] GC(1634) Reference Processing 0.023ms
[14.291s][debug][gc,phases      ] GC(1634) Weak Processing 0.010ms
[14.291s][debug][gc,phases      ] GC(1634) Scrub String Table 0.068ms
[14.291s][debug][gc,age         ] GC(1634) Desired survivor size 3670016 bytes, new threshold 1 (max threshold 15)
[14.291s][info ][gc,heap        ] GC(1634) PSYoungGen: 15677K->2599K(16896K)
[14.291s][info ][gc,heap        ] GC(1634) ParOldGen: 25846K->25854K(41984K)
[14.291s][info ][gc,metaspace   ] GC(1634) Metaspace: 15861K->15861K(1064960K)
[14.291s][info ][gc             ] GC(1634) Pause Young (Allocation Failure) 40M->27M(57M) 1.338ms
[14.291s][info ][gc,cpu         ] GC(1634) User=0.00s Sys=0.01s Real=0.00s
[14.292s][info ][gc,start       ] GC(1635) Pause Young (Allocation Failure)
[14.293s][debug][gc,phases      ] GC(1635) Scavenge 1.089ms
[14.293s][debug][gc,phases      ] GC(1635) Reference Processing 0.022ms
[14.293s][debug][gc,phases      ] GC(1635) Weak Processing 0.010ms
[14.293s][debug][gc,phases      ] GC(1635) Scrub String Table 0.068ms
[14.293s][debug][gc,age         ] GC(1635) Desired survivor size 3670016 bytes, new threshold 1 (max threshold 15)
[14.293s][info ][gc,heap        ] GC(1635) PSYoungGen: 15730K->2145K(17920K)
[14.293s][info ][gc,heap        ] GC(1635) ParOldGen: 25854K->26261K(41984K)
[14.293s][info ][gc,metaspace   ] GC(1635) Metaspace: 15861K->15861K(1064960K)
[14.293s][info ][gc             ] GC(1635) Pause Young (Allocation Failure) 40M->27M(58M) 1.390ms
[14.293s][info ][gc,cpu         ] GC(1635) User=0.01s Sys=0.00s Real=0.00s
[14.294s][info ][gc,start       ] GC(1636) Pause Young (Allocation Failure)
[14.295s][debug][gc,phases      ] GC(1636) Scavenge 0.475ms
[14.295s][debug][gc,phases      ] GC(1636) Reference Processing 0.023ms
[14.295s][debug][gc,phases      ] GC(1636) Weak Processing 0.010ms
[14.295s][debug][gc,phases      ] GC(1636) Scrub String Table 0.069ms
[14.295s][debug][gc,age         ] GC(1636) Desired survivor size 3670016 bytes, new threshold 1 (max threshold 15)
[14.295s][info ][gc,heap        ] GC(1636) PSYoungGen: 16481K->2535K(17920K)
[14.295s][info ][gc,heap        ] GC(1636) ParOldGen: 26261K->26261K(41984K)
[14.295s][info ][gc,metaspace   ] GC(1636) Metaspace: 15861K->15861K(1064960K)
[14.295s][info ][gc             ] GC(1636) Pause Young (Allocation Failure) 41M->28M(58M) 0.787ms
[14.295s][info ][gc,cpu         ] GC(1636) User=0.01s Sys=0.00s Real=0.00s
[14.296s][info ][gc,start       ] GC(1637) Pause Young (Allocation Failure)
[14.297s][debug][gc,phases      ] GC(1637) Scavenge 0.992ms
[14.297s][debug][gc,phases      ] GC(1637) Reference Processing 0.023ms
[14.297s][debug][gc,phases      ] GC(1637) Weak Processing 0.011ms
[14.298s][debug][gc,phases      ] GC(1637) Scrub String Table 0.069ms
[14.298s][debug][gc,age         ] GC(1637) Desired survivor size 3670016 bytes, new threshold 1 (max threshold 15)
[14.298s][info ][gc,heap        ] GC(1637) PSYoungGen: 16871K->1786K(17920K)
[14.298s][info ][gc,heap        ] GC(1637) ParOldGen: 26261K->26285K(41984K)
[14.298s][info ][gc,metaspace   ] GC(1637) Metaspace: 15861K->15861K(1064960K)
[14.298s][info ][gc             ] GC(1637) Pause Young (Allocation Failure) 42M->27M(58M) 1.294ms
[14.298s][info ][gc,cpu         ] GC(1637) User=0.01s Sys=0.00s Real=0.00s
[14.299s][info ][gc,start       ] GC(1638) Pause Young (Allocation Failure)
[14.300s][debug][gc,phases      ] GC(1638) Scavenge 1.388ms
[14.300s][debug][gc,phases      ] GC(1638) Reference Processing 0.021ms
[14.300s][debug][gc,phases      ] GC(1638) Weak Processing 0.011ms
[14.300s][debug][gc,phases      ] GC(1638) Scrub String Table 0.078ms
[14.300s][debug][gc,age         ] GC(1638) Desired survivor size 3670016 bytes, new threshold 1 (max threshold 15)
[14.301s][info ][gc,heap        ] GC(1638) PSYoungGen: 16094K->2894K(17920K)
[14.301s][info ][gc,heap        ] GC(1638) ParOldGen: 26285K->26309K(41984K)
[14.301s][info ][gc,metaspace   ] GC(1638) Metaspace: 15861K->15861K(1064960K)
[14.301s][info ][gc             ] GC(1638) Pause Young (Allocation Failure) 41M->28M(58M) 1.731ms
[14.301s][info ][gc,cpu         ] GC(1638) User=0.01s Sys=0.00s Real=0.00s
[14.302s][info ][gc,start       ] GC(1639) Pause Young (Allocation Failure)
[14.303s][debug][gc,phases      ] GC(1639) Scavenge 1.226ms
[14.303s][debug][gc,phases      ] GC(1639) Reference Processing 0.038ms
[14.303s][debug][gc,phases      ] GC(1639) Weak Processing 0.012ms
[14.303s][debug][gc,phases      ] GC(1639) Scrub String Table 0.088ms
[14.303s][debug][gc,age         ] GC(1639) Desired survivor size 3670016 bytes, new threshold 1 (max threshold 15)
[14.303s][info ][gc,heap        ] GC(1639) PSYoungGen: 17230K->1690K(17920K)
[14.303s][info ][gc,heap        ] GC(1639) ParOldGen: 26309K->26715K(41984K)
[14.303s][info ][gc,metaspace   ] GC(1639) Metaspace: 15861K->15861K(1064960K)
[14.303s][info ][gc             ] GC(1639) Pause Young (Allocation Failure) 42M->27M(58M) 1.622ms
[14.303s][info ][gc,cpu         ] GC(1639) User=0.00s Sys=0.00s Real=0.00s
[14.304s][info ][gc,start       ] GC(1640) Pause Young (Allocation Failure)
[14.306s][debug][gc,phases      ] GC(1640) Scavenge 1.103ms
[14.306s][debug][gc,phases      ] GC(1640) Reference Processing 0.021ms
[14.306s][debug][gc,phases      ] GC(1640) Weak Processing 0.010ms
[14.306s][debug][gc,phases      ] GC(1640) Scrub String Table 0.069ms
[14.306s][debug][gc,age         ] GC(1640) Desired survivor size 3670016 bytes, new threshold 1 (max threshold 15)
[14.306s][info ][gc,heap        ] GC(1640) PSYoungGen: 15659K->2535K(17920K)
[14.306s][info ][gc,heap        ] GC(1640) ParOldGen: 26715K->26723K(41984K)
[14.306s][info ][gc,metaspace   ] GC(1640) Metaspace: 15861K->15861K(1064960K)
[14.306s][info ][gc             ] GC(1640) Pause Young (Allocation Failure) 41M->28M(58M) 1.409ms
[14.306s][info ][gc,cpu         ] GC(1640) User=0.00s Sys=0.00s Real=0.00s
[14.307s][info ][gc,start       ] GC(1641) Pause Young (Allocation Failure)
[14.308s][debug][gc,phases      ] GC(1641) Scavenge 1.159ms
[14.308s][debug][gc,phases      ] GC(1641) Reference Processing 0.020ms
[14.308s][debug][gc,phases      ] GC(1641) Weak Processing 0.011ms
[14.308s][debug][gc,phases      ] GC(1641) Scrub String Table 0.069ms
[14.308s][debug][gc,age         ] GC(1641) Desired survivor size 4194304 bytes, new threshold 1 (max threshold 15)
[14.308s][info ][gc,heap        ] GC(1641) PSYoungGen: 16858K->3349K(16896K)
[14.308s][info ][gc,heap        ] GC(1641) ParOldGen: 26723K->26739K(41984K)
[14.308s][info ][gc,metaspace   ] GC(1641) Metaspace: 15861K->15861K(1064960K)
[14.308s][info ][gc             ] GC(1641) Pause Young (Allocation Failure) 42M->29M(57M) 1.457ms
[14.308s][info ][gc,cpu         ] GC(1641) User=0.01s Sys=0.00s Real=0.00s
[14.310s][info ][gc,start       ] GC(1642) Pause Young (Allocation Failure)
[14.310s][debug][gc,phases      ] GC(1642) Scavenge 0.595ms
[14.310s][debug][gc,phases      ] GC(1642) Reference Processing 0.023ms
[14.310s][debug][gc,phases      ] GC(1642) Weak Processing 0.011ms
[14.310s][debug][gc,phases      ] GC(1642) Scrub String Table 0.080ms
[14.310s][debug][gc,age         ] GC(1642) Desired survivor size 3670016 bytes, new threshold 1 (max threshold 15)
[14.310s][info ][gc,heap        ] GC(1642) PSYoungGen: 16517K->2567K(17408K)
[14.310s][info ][gc,heap        ] GC(1642) ParOldGen: 26739K->26739K(41984K)
[14.310s][info ][gc,metaspace   ] GC(1642) Metaspace: 15861K->15861K(1064960K)
[14.311s][info ][gc             ] GC(1642) Pause Young (Allocation Failure) 42M->28M(58M) 0.989ms
[14.311s][info ][gc,cpu         ] GC(1642) User=0.01s Sys=0.00s Real=0.00s
[14.312s][info ][gc,start       ] GC(1643) Pause Young (Allocation Failure)
[14.313s][debug][gc,phases      ] GC(1643) Scavenge 1.120ms
[14.313s][debug][gc,phases      ] GC(1643) Reference Processing 0.021ms
[14.313s][debug][gc,phases      ] GC(1643) Weak Processing 0.010ms
[14.313s][debug][gc,phases      ] GC(1643) Scrub String Table 0.067ms
[14.313s][debug][gc,age         ] GC(1643) Desired survivor size 3670016 bytes, new threshold 1 (max threshold 15)
[14.313s][info ][gc,heap        ] GC(1643) PSYoungGen: 15694K->2926K(17408K)
[14.313s][info ][gc,heap        ] GC(1643) ParOldGen: 26739K->27154K(41984K)
[14.313s][info ][gc,metaspace   ] GC(1643) Metaspace: 15861K->15861K(1064960K)
[14.313s][info ][gc             ] GC(1643) Pause Young (Allocation Failure) 41M->29M(58M) 1.418ms
[14.313s][info ][gc,cpu         ] GC(1643) User=0.01s Sys=0.00s Real=0.00s
[14.314s][info ][gc,start       ] GC(1644) Pause Young (Allocation Failure)
[14.315s][debug][gc,phases      ] GC(1644) Scavenge 1.115ms
[14.315s][debug][gc,phases      ] GC(1644) Reference Processing 0.022ms
[14.315s][debug][gc,phases      ] GC(1644) Weak Processing 0.012ms
[14.316s][debug][gc,phases      ] GC(1644) Scrub String Table 0.081ms
[14.316s][debug][gc,age         ] GC(1644) Desired survivor size 3670016 bytes, new threshold 1 (max threshold 15)
[14.316s][info ][gc,heap        ] GC(1644) PSYoungGen: 16461K->2113K(17408K)
[14.316s][info ][gc,heap        ] GC(1644) ParOldGen: 27154K->27561K(41984K)
[14.316s][info ][gc,metaspace   ] GC(1644) Metaspace: 15861K->15861K(1064960K)
[14.316s][info ][gc             ] GC(1644) Pause Young (Allocation Failure) 42M->28M(58M) 1.470ms
[14.316s][info ][gc,cpu         ] GC(1644) User=0.00s Sys=0.00s Real=0.00s
[14.317s][info ][gc,start       ] GC(1645) Pause Young (Allocation Failure)
[14.318s][debug][gc,phases      ] GC(1645) Scavenge 0.924ms
[14.318s][debug][gc,phases      ] GC(1645) Reference Processing 0.024ms
[14.318s][debug][gc,phases      ] GC(1645) Weak Processing 0.011ms
[14.318s][debug][gc,phases      ] GC(1645) Scrub String Table 0.068ms
[14.318s][debug][gc,age         ] GC(1645) Desired survivor size 4194304 bytes, new threshold 1 (max threshold 15)
[14.318s][info ][gc,heap        ] GC(1645) PSYoungGen: 15693K->1722K(16896K)
[14.318s][info ][gc,heap        ] GC(1645) ParOldGen: 27561K->27569K(41984K)
[14.318s][info ][gc,metaspace   ] GC(1645) Metaspace: 15861K->15861K(1064960K)
[14.318s][info ][gc             ] GC(1645) Pause Young (Allocation Failure) 42M->28M(57M) 1.243ms
[14.318s][info ][gc,cpu         ] GC(1645) User=0.00s Sys=0.00s Real=0.00s
[14.319s][info ][gc,start       ] GC(1646) Pause Young (Allocation Failure)
[14.320s][debug][gc,phases      ] GC(1646) Scavenge 1.242ms
[14.320s][debug][gc,phases      ] GC(1646) Reference Processing 0.024ms
[14.320s][debug][gc,phases      ] GC(1646) Weak Processing 0.011ms
[14.321s][debug][gc,phases      ] GC(1646) Scrub String Table 0.069ms
[14.321s][debug][gc,age         ] GC(1646) Desired survivor size 3670016 bytes, new threshold 1 (max threshold 15)
[14.321s][info ][gc,heap        ] GC(1646) PSYoungGen: 14891K->2599K(17408K)
[14.321s][info ][gc,heap        ] GC(1646) ParOldGen: 27569K->27577K(41984K)
[14.321s][info ][gc,metaspace   ] GC(1646) Metaspace: 15861K->15861K(1064960K)
[14.321s][info ][gc             ] GC(1646) Pause Young (Allocation Failure) 41M->29M(58M) 1.576ms
[14.321s][info ][gc,cpu         ] GC(1646) User=0.00s Sys=0.00s Real=0.00s
[14.322s][info ][gc,start       ] GC(1647) Pause Young (Allocation Failure)
[14.322s][debug][gc,phases      ] GC(1647) Scavenge 0.436ms
[14.322s][debug][gc,phases      ] GC(1647) Reference Processing 0.022ms
[14.322s][debug][gc,phases      ] GC(1647) Weak Processing 0.013ms
[14.323s][debug][gc,phases      ] GC(1647) Scrub String Table 0.070ms
[14.323s][debug][gc,age         ] GC(1647) Desired survivor size 3670016 bytes, new threshold 1 (max threshold 15)
[14.323s][info ][gc,heap        ] GC(1647) PSYoungGen: 15763K->1754K(17408K)
[14.323s][info ][gc,heap        ] GC(1647) ParOldGen: 27577K->28007K(41984K)
[14.323s][info ][gc,metaspace   ] GC(1647) Metaspace: 15861K->15861K(1064960K)
[14.323s][info ][gc             ] GC(1647) Pause Young (Allocation Failure) 42M->29M(58M) 0.725ms
[14.323s][info ][gc,cpu         ] GC(1647) User=0.00s Sys=0.00s Real=0.00s
[14.324s][info ][gc,start       ] GC(1648) Pause Young (Allocation Failure)
[14.325s][debug][gc,phases      ] GC(1648) Scavenge 0.822ms
[14.325s][debug][gc,phases      ] GC(1648) Reference Processing 0.020ms
[14.325s][debug][gc,phases      ] GC(1648) Weak Processing 0.011ms
[14.325s][debug][gc,phases      ] GC(1648) Scrub String Table 0.069ms
[14.325s][debug][gc,age         ] GC(1648) Desired survivor size 3670016 bytes, new threshold 1 (max threshold 15)
[14.325s][info ][gc,heap        ] GC(1648) PSYoungGen: 15315K->2535K(17408K)
[14.325s][info ][gc,heap        ] GC(1648) ParOldGen: 28007K->28015K(41984K)
[14.325s][info ][gc,metaspace   ] GC(1648) Metaspace: 15861K->15861K(1064960K)
[14.325s][info ][gc             ] GC(1648) Pause Young (Allocation Failure) 42M->29M(58M) 1.176ms
[14.325s][info ][gc,cpu         ] GC(1648) User=0.00s Sys=0.00s Real=0.00s
[14.326s][info ][gc,start       ] GC(1649) Pause Young (Allocation Failure)
[14.326s][debug][gc,phases      ] GC(1649) Scavenge 0.434ms
[14.327s][debug][gc,phases      ] GC(1649) Reference Processing 0.019ms
[14.327s][debug][gc,phases      ] GC(1649) Weak Processing 0.010ms
[14.327s][debug][gc,phases      ] GC(1649) Scrub String Table 0.072ms
[14.327s][debug][gc,age         ] GC(1649) Desired survivor size 3670016 bytes, new threshold 1 (max threshold 15)
[14.327s][info ][gc,heap        ] GC(1649) PSYoungGen: 16093K->2958K(17920K)
[14.327s][info ][gc,heap        ] GC(1649) ParOldGen: 28015K->28023K(41984K)
[14.327s][info ][gc,metaspace   ] GC(1649) Metaspace: 15861K->15861K(1064960K)
[14.327s][info ][gc             ] GC(1649) Pause Young (Allocation Failure) 43M->30M(58M) 0.725ms
[14.327s][info ][gc,cpu         ] GC(1649) User=0.00s Sys=0.00s Real=0.01s
[14.328s][info ][gc,start       ] GC(1650) Pause Young (Allocation Failure)
[14.329s][debug][gc,phases      ] GC(1650) Scavenge 0.585ms
[14.329s][debug][gc,phases      ] GC(1650) Reference Processing 0.020ms
[14.329s][debug][gc,phases      ] GC(1650) Weak Processing 0.011ms
[14.329s][debug][gc,phases      ] GC(1650) Scrub String Table 0.070ms
[14.329s][debug][gc,age         ] GC(1650) Desired survivor size 4194304 bytes, new threshold 1 (max threshold 15)
[14.329s][info ][gc,heap        ] GC(1650) PSYoungGen: 16915K->2958K(17408K)
[14.329s][info ][gc,heap        ] GC(1650) ParOldGen: 28023K->28023K(41984K)
[14.329s][info ][gc,metaspace   ] GC(1650) Metaspace: 15861K->15861K(1064960K)
[14.329s][info ][gc             ] GC(1650) Pause Young (Allocation Failure) 43M->30M(58M) 0.881ms
[14.329s][info ][gc,cpu         ] GC(1650) User=0.00s Sys=0.00s Real=0.00s
[14.330s][info ][gc,start       ] GC(1651) Pause Young (Allocation Failure)
[14.330s][debug][gc,phases      ] GC(1651) Scavenge 0.481ms
[14.331s][debug][gc,phases      ] GC(1651) Reference Processing 0.020ms
[14.331s][debug][gc,phases      ] GC(1651) Weak Processing 0.010ms
[14.331s][debug][gc,phases      ] GC(1651) Scrub String Table 0.068ms
[14.331s][debug][gc,age         ] GC(1651) Desired survivor size 3670016 bytes, new threshold 1 (max threshold 15)
[14.331s][info ][gc,heap        ] GC(1651) PSYoungGen: 16914K->2599K(17920K)
[14.331s][info ][gc,heap        ] GC(1651) ParOldGen: 28023K->28023K(41984K)
[14.331s][info ][gc,metaspace   ] GC(1651) Metaspace: 15861K->15861K(1064960K)
[14.331s][info ][gc             ] GC(1651) Pause Young (Allocation Failure) 43M->29M(58M) 0.771ms
[14.331s][info ][gc,cpu         ] GC(1651) User=0.00s Sys=0.00s Real=0.00s
[14.332s][info ][gc,start       ] GC(1652) Pause Young (Allocation Failure)
[14.332s][debug][gc,phases      ] GC(1652) Scavenge 0.466ms
[14.332s][debug][gc,phases      ] GC(1652) Reference Processing 0.026ms
[14.332s][debug][gc,phases      ] GC(1652) Weak Processing 0.011ms
[14.333s][debug][gc,phases      ] GC(1652) Scrub String Table 0.072ms
[14.333s][debug][gc,age         ] GC(1652) Desired survivor size 4194304 bytes, new threshold 1 (max threshold 15)
[14.333s][info ][gc,heap        ] GC(1652) PSYoungGen: 16154K->2990K(17408K)
[14.333s][info ][gc,heap        ] GC(1652) ParOldGen: 28023K->28023K(41984K)
[14.333s][info ][gc,metaspace   ] GC(1652) Metaspace: 15861K->15861K(1064960K)
[14.333s][info ][gc             ] GC(1652) Pause Young (Allocation Failure) 43M->30M(58M) 0.777ms
[14.333s][info ][gc,cpu         ] GC(1652) User=0.00s Sys=0.00s Real=0.00s
[14.334s][info ][gc,start       ] GC(1653) Pause Young (Allocation Failure)
[14.334s][debug][gc,phases      ] GC(1653) Scavenge 0.452ms
[14.334s][debug][gc,phases      ] GC(1653) Reference Processing 0.022ms
[14.334s][debug][gc,phases      ] GC(1653) Weak Processing 0.010ms
[14.334s][debug][gc,phases      ] GC(1653) Scrub String Table 0.068ms
[14.334s][debug][gc,age         ] GC(1653) Desired survivor size 4194304 bytes, new threshold 1 (max threshold 15)
[14.334s][info ][gc,heap        ] GC(1653) PSYoungGen: 16544K->2958K(17408K)
[14.334s][info ][gc,heap        ] GC(1653) ParOldGen: 28023K->28023K(41984K)
[14.334s][info ][gc,metaspace   ] GC(1653) Metaspace: 15861K->15861K(1064960K)
[14.335s][info ][gc             ] GC(1653) Pause Young (Allocation Failure) 43M->30M(58M) 0.746ms
[14.335s][info ][gc,cpu         ] GC(1653) User=0.00s Sys=0.00s Real=0.00s
[14.336s][info ][gc,start       ] GC(1654) Pause Young (Allocation Failure)
[14.336s][debug][gc,phases      ] GC(1654) Scavenge 0.514ms
[14.336s][debug][gc,phases      ] GC(1654) Reference Processing 0.026ms
[14.336s][debug][gc,phases      ] GC(1654) Weak Processing 0.012ms
[14.336s][debug][gc,phases      ] GC(1654) Scrub String Table 0.071ms
[14.336s][debug][gc,age         ] GC(1654) Desired survivor size 4194304 bytes, new threshold 1 (max threshold 15)
[14.336s][info ][gc,heap        ] GC(1654) PSYoungGen: 16111K->2209K(17408K)
[14.336s][info ][gc,heap        ] GC(1654) ParOldGen: 28023K->28039K(41984K)
[14.336s][info ][gc,metaspace   ] GC(1654) Metaspace: 15861K->15861K(1064960K)
[14.336s][info ][gc             ] GC(1654) Pause Young (Allocation Failure) 43M->29M(58M) 0.823ms
[14.336s][info ][gc,cpu         ] GC(1654) User=0.00s Sys=0.00s Real=0.01s
[14.337s][info ][gc,start       ] GC(1655) Pause Young (Allocation Failure)
[14.338s][debug][gc,phases      ] GC(1655) Scavenge 0.304ms
[14.338s][debug][gc,phases      ] GC(1655) Reference Processing 0.018ms
[14.338s][debug][gc,phases      ] GC(1655) Weak Processing 0.010ms
[14.338s][debug][gc,phases      ] GC(1655) Scrub String Table 0.069ms
[14.338s][debug][gc,age         ] GC(1655) Desired survivor size 4194304 bytes, new threshold 1 (max threshold 15)
[14.338s][info ][gc,heap        ] GC(1655) PSYoungGen: 15362K->2209K(17408K)
[14.338s][info ][gc,heap        ] GC(1655) ParOldGen: 28039K->28039K(41984K)
[14.338s][info ][gc,metaspace   ] GC(1655) Metaspace: 15861K->15861K(1064960K)
[14.338s][info ][gc             ] GC(1655) Pause Young (Allocation Failure) 42M->29M(58M) 0.574ms
[14.338s][info ][gc,cpu         ] GC(1655) User=0.01s Sys=0.00s Real=0.00s
[14.339s][info ][gc,start       ] GC(1656) Pause Young (Allocation Failure)
[14.340s][debug][gc,phases      ] GC(1656) Scavenge 0.411ms
[14.340s][debug][gc,phases      ] GC(1656) Reference Processing 0.024ms
[14.340s][debug][gc,phases      ] GC(1656) Weak Processing 0.011ms
[14.340s][debug][gc,phases      ] GC(1656) Scrub String Table 0.068ms
[14.340s][debug][gc,age         ] GC(1656) Desired survivor size 3670016 bytes, new threshold 1 (max threshold 15)
[14.340s][info ][gc,heap        ] GC(1656) PSYoungGen: 15361K->2567K(16384K)
[14.340s][info ][gc,heap        ] GC(1656) ParOldGen: 28039K->28047K(41984K)
[14.340s][info ][gc,metaspace   ] GC(1656) Metaspace: 15861K->15861K(1064960K)
[14.340s][info ][gc             ] GC(1656) Pause Young (Allocation Failure) 42M->29M(57M) 0.809ms
[14.340s][info ][gc,cpu         ] GC(1656) User=0.00s Sys=0.00s Real=0.00s
[14.341s][info ][gc,start       ] GC(1657) Pause Young (Allocation Failure)
[14.342s][debug][gc,phases      ] GC(1657) Scavenge 0.912ms
[14.342s][debug][gc,phases      ] GC(1657) Reference Processing 0.019ms
[14.342s][debug][gc,phases      ] GC(1657) Weak Processing 0.011ms
[14.342s][debug][gc,phases      ] GC(1657) Scrub String Table 0.069ms
[14.342s][debug][gc,age         ] GC(1657) Desired survivor size 3670016 bytes, new threshold 1 (max threshold 15)
[14.342s][info ][gc,heap        ] GC(1657) PSYoungGen: 15720K->2567K(16896K)
[14.342s][info ][gc,heap        ] GC(1657) ParOldGen: 28047K->28071K(41984K)
[14.342s][info ][gc,metaspace   ] GC(1657) Metaspace: 15861K->15861K(1064960K)
[14.342s][info ][gc             ] GC(1657) Pause Young (Allocation Failure) 42M->29M(57M) 1.208ms
[14.342s][info ][gc,cpu         ] GC(1657) User=0.00s Sys=0.00s Real=0.00s
[14.343s][info ][gc,start       ] GC(1658) Pause Young (Allocation Failure)
[14.344s][debug][gc,phases      ] GC(1658) Scavenge 0.313ms
[14.344s][debug][gc,phases      ] GC(1658) Reference Processing 0.018ms
[14.344s][debug][gc,phases      ] GC(1658) Weak Processing 0.010ms
[14.344s][debug][gc,phases      ] GC(1658) Scrub String Table 0.068ms
[14.344s][debug][gc,age         ] GC(1658) Desired survivor size 3670016 bytes, new threshold 1 (max threshold 15)
[14.344s][info ][gc,heap        ] GC(1658) PSYoungGen: 15720K->1427K(16896K)
[14.344s][info ][gc,heap        ] GC(1658) ParOldGen: 28071K->28071K(41984K)
[14.344s][info ][gc,metaspace   ] GC(1658) Metaspace: 15861K->15861K(1064960K)
[14.344s][info ][gc             ] GC(1658) Pause Young (Allocation Failure) 42M->28M(57M) 0.585ms
[14.344s][info ][gc,cpu         ] GC(1658) User=0.00s Sys=0.00s Real=0.00s
[14.345s][info ][gc,start       ] GC(1659) Pause Young (Allocation Failure)
[14.345s][debug][gc,phases      ] GC(1659) Scavenge 0.469ms
[14.346s][debug][gc,phases      ] GC(1659) Reference Processing 0.025ms
[14.346s][debug][gc,phases      ] GC(1659) Weak Processing 0.022ms
[14.346s][debug][gc,phases      ] GC(1659) Scrub String Table 0.080ms
[14.346s][debug][gc,age         ] GC(1659) Desired survivor size 3670016 bytes, new threshold 1 (max threshold 15)
[14.346s][info ][gc,heap        ] GC(1659) PSYoungGen: 14580K->2599K(17920K)
[14.346s][info ][gc,heap        ] GC(1659) ParOldGen: 28071K->28079K(41984K)
[14.346s][info ][gc,metaspace   ] GC(1659) Metaspace: 15861K->15861K(1064960K)
[14.346s][info ][gc             ] GC(1659) Pause Young (Allocation Failure) 41M->29M(58M) 0.893ms
[14.346s][info ][gc,cpu         ] GC(1659) User=0.00s Sys=0.00s Real=0.00s
[14.347s][info ][gc,start       ] GC(1660) Pause Young (Allocation Failure)
[14.348s][debug][gc,phases      ] GC(1660) Scavenge 0.991ms
[14.348s][debug][gc,phases      ] GC(1660) Reference Processing 0.022ms
[14.348s][debug][gc,phases      ] GC(1660) Weak Processing 0.011ms
[14.348s][debug][gc,phases      ] GC(1660) Scrub String Table 0.083ms
[14.348s][debug][gc,age         ] GC(1660) Desired survivor size 3670016 bytes, new threshold 1 (max threshold 15)
[14.348s][info ][gc,heap        ] GC(1660) PSYoungGen: 16553K->2177K(17920K)
[14.348s][info ][gc,heap        ] GC(1660) ParOldGen: 28079K->28079K(41984K)
[14.348s][info ][gc,metaspace   ] GC(1660) Metaspace: 15861K->15861K(1064960K)
[14.348s][info ][gc             ] GC(1660) Pause Young (Allocation Failure) 43M->29M(58M) 1.341ms
[14.348s][info ][gc,cpu         ] GC(1660) User=0.01s Sys=0.00s Real=0.00s
[14.349s][info ][gc,start       ] GC(1661) Pause Young (Allocation Failure)
[14.350s][debug][gc,phases      ] GC(1661) Scavenge 0.842ms
[14.350s][debug][gc,phases      ] GC(1661) Reference Processing 0.020ms
[14.350s][debug][gc,phases      ] GC(1661) Weak Processing 0.010ms
[14.350s][debug][gc,phases      ] GC(1661) Scrub String Table 0.068ms
[14.350s][debug][gc,age         ] GC(1661) Desired survivor size 3670016 bytes, new threshold 1 (max threshold 15)
[14.350s][info ][gc,heap        ] GC(1661) PSYoungGen: 16513K->1722K(17920K)
[14.350s][info ][gc,heap        ] GC(1661) ParOldGen: 28079K->28095K(41984K)
[14.350s][info ][gc,metaspace   ] GC(1661) Metaspace: 15861K->15861K(1064960K)
[14.351s][info ][gc             ] GC(1661) Pause Young (Allocation Failure) 43M->29M(58M) 1.134ms
[14.351s][info ][gc,cpu         ] GC(1661) User=0.01s Sys=0.00s Real=0.00s
[14.352s][info ][gc,start       ] GC(1662) Pause Young (Allocation Failure)
[14.352s][debug][gc,phases      ] GC(1662) Scavenge 0.355ms
[14.352s][debug][gc,phases      ] GC(1662) Reference Processing 0.019ms
[14.352s][debug][gc,phases      ] GC(1662) Weak Processing 0.010ms
[14.352s][debug][gc,phases      ] GC(1662) Scrub String Table 0.069ms
[14.352s][debug][gc,age         ] GC(1662) Desired survivor size 3670016 bytes, new threshold 1 (max threshold 15)
[14.352s][info ][gc,heap        ] GC(1662) PSYoungGen: 15676K->2177K(17920K)
[14.352s][info ][gc,heap        ] GC(1662) ParOldGen: 28095K->28095K(41984K)
[14.352s][info ][gc,metaspace   ] GC(1662) Metaspace: 15861K->15861K(1064960K)
[14.352s][info ][gc             ] GC(1662) Pause Young (Allocation Failure) 42M->29M(58M) 0.659ms
[14.352s][info ][gc,cpu         ] GC(1662) User=0.00s Sys=0.00s Real=0.00s
[14.353s][info ][gc,start       ] GC(1663) Pause Young (Allocation Failure)
[14.354s][debug][gc,phases      ] GC(1663) Scavenge 0.367ms
[14.354s][debug][gc,phases      ] GC(1663) Reference Processing 0.019ms
[14.354s][debug][gc,phases      ] GC(1663) Weak Processing 0.010ms
[14.354s][debug][gc,phases      ] GC(1663) Scrub String Table 0.068ms
[14.354s][debug][gc,age         ] GC(1663) Desired survivor size 3670016 bytes, new threshold 1 (max threshold 15)
[14.354s][info ][gc,heap        ] GC(1663) PSYoungGen: 16131K->2599K(17920K)
[14.354s][info ][gc,heap        ] GC(1663) ParOldGen: 28095K->28103K(41984K)
[14.354s][info ][gc,metaspace   ] GC(1663) Metaspace: 15861K->15861K(1064960K)
[14.354s][info ][gc             ] GC(1663) Pause Young (Allocation Failure) 43M->29M(58M) 0.649ms
[14.354s][info ][gc,cpu         ] GC(1663) User=0.00s Sys=0.00s Real=0.00s
[14.355s][info ][gc,start       ] GC(1664) Pause Young (Allocation Failure)
[14.356s][debug][gc,phases      ] GC(1664) Scavenge 0.583ms
[14.356s][debug][gc,phases      ] GC(1664) Reference Processing 0.036ms
[14.356s][debug][gc,phases      ] GC(1664) Weak Processing 0.010ms
[14.356s][debug][gc,phases      ] GC(1664) Scrub String Table 0.068ms
[14.356s][debug][gc,age         ] GC(1664) Desired survivor size 3670016 bytes, new threshold 1 (max threshold 15)
[14.356s][info ][gc,heap        ] GC(1664) PSYoungGen: 16553K->2599K(17920K)
[14.356s][info ][gc,heap        ] GC(1664) ParOldGen: 28103K->28103K(41984K)
[14.356s][info ][gc,metaspace   ] GC(1664) Metaspace: 15861K->15861K(1064960K)
[14.356s][info ][gc             ] GC(1664) Pause Young (Allocation Failure) 43M->29M(58M) 0.923ms
[14.356s][info ][gc,cpu         ] GC(1664) User=0.00s Sys=0.00s Real=0.00s
[14.357s][info ][gc,start       ] GC(1665) Pause Young (Allocation Failure)
[14.358s][debug][gc,phases      ] GC(1665) Scavenge 0.601ms
[14.358s][debug][gc,phases      ] GC(1665) Reference Processing 0.019ms
[14.358s][debug][gc,phases      ] GC(1665) Weak Processing 0.011ms
[14.358s][debug][gc,phases      ] GC(1665) Scrub String Table 0.068ms
[14.358s][debug][gc,age         ] GC(1665) Desired survivor size 3670016 bytes, new threshold 1 (max threshold 15)
[14.358s][info ][gc,heap        ] GC(1665) PSYoungGen: 16553K->2599K(17920K)
[14.358s][info ][gc,heap        ] GC(1665) ParOldGen: 28103K->28103K(41984K)
[14.358s][info ][gc,metaspace   ] GC(1665) Metaspace: 15861K->15861K(1064960K)
[14.358s][info ][gc             ] GC(1665) Pause Young (Allocation Failure) 43M->29M(58M) 0.889ms
[14.358s][info ][gc,cpu         ] GC(1665) User=0.00s Sys=0.00s Real=0.00s
[14.359s][info ][gc,start       ] GC(1666) Pause Young (Allocation Failure)
[14.359s][debug][gc,phases      ] GC(1666) Scavenge 0.359ms
[14.359s][debug][gc,phases      ] GC(1666) Reference Processing 0.020ms
[14.360s][debug][gc,phases      ] GC(1666) Weak Processing 0.013ms
[14.360s][debug][gc,phases      ] GC(1666) Scrub String Table 0.067ms
[14.360s][debug][gc,age         ] GC(1666) Desired survivor size 3670016 bytes, new threshold 1 (max threshold 15)
[14.360s][info ][gc,heap        ] GC(1666) PSYoungGen: 16553K->2599K(17920K)
[14.360s][info ][gc,heap        ] GC(1666) ParOldGen: 28103K->28103K(41984K)
[14.360s][info ][gc,metaspace   ] GC(1666) Metaspace: 15861K->15861K(1064960K)
[14.360s][info ][gc             ] GC(1666) Pause Young (Allocation Failure) 43M->29M(58M) 0.641ms
[14.360s][info ][gc,cpu         ] GC(1666) User=0.00s Sys=0.00s Real=0.00s
[14.361s][info ][gc,start       ] GC(1667) Pause Young (Allocation Failure)
[14.361s][debug][gc,phases      ] GC(1667) Scavenge 0.399ms
[14.361s][debug][gc,phases      ] GC(1667) Reference Processing 0.024ms
[14.361s][debug][gc,phases      ] GC(1667) Weak Processing 0.010ms
[14.361s][debug][gc,phases      ] GC(1667) Scrub String Table 0.069ms
[14.361s][debug][gc,age         ] GC(1667) Desired survivor size 3670016 bytes, new threshold 1 (max threshold 15)
[14.361s][info ][gc,heap        ] GC(1667) PSYoungGen: 16553K->2177K(17920K)
[14.361s][info ][gc,heap        ] GC(1667) ParOldGen: 28103K->28103K(41984K)
[14.361s][info ][gc,metaspace   ] GC(1667) Metaspace: 15861K->15861K(1064960K)
[14.361s][info ][gc             ] GC(1667) Pause Young (Allocation Failure) 43M->29M(58M) 0.678ms
[14.361s][info ][gc,cpu         ] GC(1667) User=0.00s Sys=0.00s Real=0.00s
[14.363s][info ][gc,start       ] GC(1668) Pause Young (Allocation Failure)
[14.363s][debug][gc,phases      ] GC(1668) Scavenge 0.378ms
[14.363s][debug][gc,phases      ] GC(1668) Reference Processing 0.020ms
[14.363s][debug][gc,phases      ] GC(1668) Weak Processing 0.010ms
[14.363s][debug][gc,phases      ] GC(1668) Scrub String Table 0.068ms
[14.363s][debug][gc,age         ] GC(1668) Desired survivor size 3670016 bytes, new threshold 1 (max threshold 15)
[14.363s][info ][gc,heap        ] GC(1668) PSYoungGen: 16131K->2990K(17920K)
[14.363s][info ][gc,heap        ] GC(1668) ParOldGen: 28103K->28103K(41984K)
[14.363s][info ][gc,metaspace   ] GC(1668) Metaspace: 15861K->15861K(1064960K)
[14.363s][info ][gc             ] GC(1668) Pause Young (Allocation Failure) 43M->30M(58M) 0.666ms
[14.363s][info ][gc,cpu         ] GC(1668) User=0.00s Sys=0.00s Real=0.00s
[14.364s][info ][gc,start       ] GC(1669) Pause Young (Allocation Failure)
[14.365s][debug][gc,phases      ] GC(1669) Scavenge 0.328ms
[14.365s][debug][gc,phases      ] GC(1669) Reference Processing 0.025ms
[14.365s][debug][gc,phases      ] GC(1669) Weak Processing 0.010ms
[14.365s][debug][gc,phases      ] GC(1669) Scrub String Table 0.070ms
[14.365s][debug][gc,age         ] GC(1669) Desired survivor size 3670016 bytes, new threshold 1 (max threshold 15)
[14.365s][info ][gc,heap        ] GC(1669) PSYoungGen: 16944K->2177K(17920K)
[14.365s][info ][gc,heap        ] GC(1669) ParOldGen: 28103K->28103K(41984K)
[14.365s][info ][gc,metaspace   ] GC(1669) Metaspace: 15861K->15861K(1064960K)
[14.365s][info ][gc             ] GC(1669) Pause Young (Allocation Failure) 43M->29M(58M) 0.627ms
[14.365s][info ][gc,cpu         ] GC(1669) User=0.00s Sys=0.00s Real=0.00s
[14.366s][info ][gc,start       ] GC(1670) Pause Young (Allocation Failure)
[14.367s][debug][gc,phases      ] GC(1670) Scavenge 0.677ms
[14.367s][debug][gc,phases      ] GC(1670) Reference Processing 0.020ms
[14.367s][debug][gc,phases      ] GC(1670) Weak Processing 0.014ms
[14.367s][debug][gc,phases      ] GC(1670) Scrub String Table 0.080ms
[14.367s][debug][gc,age         ] GC(1670) Desired survivor size 3670016 bytes, new threshold 1 (max threshold 15)
[14.367s][info ][gc,heap        ] GC(1670) PSYoungGen: 16487K->1754K(17920K)
[14.367s][info ][gc,heap        ] GC(1670) ParOldGen: 28103K->28111K(41984K)
[14.367s][info ][gc,metaspace   ] GC(1670) Metaspace: 15861K->15861K(1064960K)
[14.367s][info ][gc             ] GC(1670) Pause Young (Allocation Failure) 43M->29M(58M) 0.987ms
[14.367s][info ][gc,cpu         ] GC(1670) User=0.01s Sys=0.00s Real=0.01s
[14.368s][info ][gc,start       ] GC(1671) Pause Young (Allocation Failure)
[14.369s][debug][gc,phases      ] GC(1671) Scavenge 0.807ms
[14.369s][debug][gc,phases      ] GC(1671) Reference Processing 0.019ms
[14.369s][debug][gc,phases      ] GC(1671) Weak Processing 0.010ms
[14.369s][debug][gc,phases      ] GC(1671) Scrub String Table 0.069ms
[14.369s][debug][gc,age         ] GC(1671) Desired survivor size 4194304 bytes, new threshold 1 (max threshold 15)
[14.369s][info ][gc,heap        ] GC(1671) PSYoungGen: 16090K->3381K(16896K)
[14.369s][info ][gc,heap        ] GC(1671) ParOldGen: 28111K->28111K(41984K)
[14.369s][info ][gc,metaspace   ] GC(1671) Metaspace: 15861K->15861K(1064960K)
[14.369s][info ][gc             ] GC(1671) Pause Young (Allocation Failure) 43M->30M(57M) 1.090ms
[14.369s][info ][gc,cpu         ] GC(1671) User=0.01s Sys=0.00s Real=0.00s
[14.371s][info ][gc,start       ] GC(1672) Pause Young (Allocation Failure)
[14.372s][debug][gc,phases      ] GC(1672) Scavenge 1.024ms
[14.372s][debug][gc,phases      ] GC(1672) Reference Processing 0.019ms
[14.372s][debug][gc,phases      ] GC(1672) Weak Processing 0.010ms
[14.372s][debug][gc,phases      ] GC(1672) Scrub String Table 0.082ms
[14.372s][debug][gc,age         ] GC(1672) Desired survivor size 3670016 bytes, new threshold 1 (max threshold 15)
[14.372s][info ][gc,heap        ] GC(1672) PSYoungGen: 16541K->2535K(17408K)
[14.372s][info ][gc,heap        ] GC(1672) ParOldGen: 28111K->28111K(41984K)
[14.372s][info ][gc,metaspace   ] GC(1672) Metaspace: 15861K->15861K(1064960K)
[14.372s][info ][gc             ] GC(1672) Pause Young (Allocation Failure) 43M->29M(58M) 1.354ms
[14.372s][info ][gc,cpu         ] GC(1672) User=0.00s Sys=0.00s Real=0.00s
[14.373s][info ][gc,start       ] GC(1673) Pause Young (Allocation Failure)
[14.374s][debug][gc,phases      ] GC(1673) Scavenge 1.132ms
[14.374s][debug][gc,phases      ] GC(1673) Reference Processing 0.022ms
[14.374s][debug][gc,phases      ] GC(1673) Weak Processing 0.010ms
[14.374s][debug][gc,phases      ] GC(1673) Scrub String Table 0.069ms
[14.374s][debug][gc,age         ] GC(1673) Desired survivor size 4194304 bytes, new threshold 1 (max threshold 15)
[14.374s][info ][gc,heap        ] GC(1673) PSYoungGen: 15693K->2926K(16896K)
[14.374s][info ][gc,heap        ] GC(1673) ParOldGen: 28111K->28127K(41984K)
[14.374s][info ][gc,metaspace   ] GC(1673) Metaspace: 15861K->15861K(1064960K)
[14.374s][info ][gc             ] GC(1673) Pause Young (Allocation Failure) 42M->30M(57M) 1.436ms
[14.374s][info ][gc,cpu         ] GC(1673) User=0.01s Sys=0.00s Real=0.00s
[14.375s][info ][gc,start       ] GC(1674) Pause Young (Allocation Failure)
[14.376s][debug][gc,phases      ] GC(1674) Scavenge 0.436ms
[14.376s][debug][gc,phases      ] GC(1674) Reference Processing 0.017ms
[14.376s][debug][gc,phases      ] GC(1674) Weak Processing 0.010ms
[14.376s][debug][gc,phases      ] GC(1674) Scrub String Table 0.066ms
[14.376s][debug][gc,age         ] GC(1674) Desired survivor size 3670016 bytes, new threshold 1 (max threshold 15)
[14.376s][info ][gc,heap        ] GC(1674) PSYoungGen: 16082K->2145K(17408K)
[14.376s][info ][gc,heap        ] GC(1674) ParOldGen: 28127K->28127K(41984K)
[14.376s][info ][gc,metaspace   ] GC(1674) Metaspace: 15861K->15861K(1064960K)
[14.376s][info ][gc             ] GC(1674) Pause Young (Allocation Failure) 43M->29M(58M) 0.749ms
[14.376s][info ][gc,cpu         ] GC(1674) User=0.00s Sys=0.00s Real=0.00s
[14.377s][info ][gc,start       ] GC(1675) Pause Young (Allocation Failure)
[14.378s][debug][gc,phases      ] GC(1675) Scavenge 0.950ms
[14.378s][debug][gc,phases      ] GC(1675) Reference Processing 0.020ms
[14.378s][debug][gc,phases      ] GC(1675) Weak Processing 0.010ms
[14.378s][debug][gc,phases      ] GC(1675) Scrub String Table 0.069ms
[14.378s][debug][gc,age         ] GC(1675) Desired survivor size 3670016 bytes, new threshold 1 (max threshold 15)
[14.378s][info ][gc,heap        ] GC(1675) PSYoungGen: 15262K->2535K(17408K)
[14.378s][info ][gc,heap        ] GC(1675) ParOldGen: 28127K->28542K(41984K)
[14.378s][info ][gc,metaspace   ] GC(1675) Metaspace: 15861K->15861K(1064960K)
[14.378s][info ][gc             ] GC(1675) Pause Young (Allocation Failure) 42M->30M(58M) 1.230ms
[14.378s][info ][gc,cpu         ] GC(1675) User=0.00s Sys=0.01s Real=0.00s
[14.379s][info ][gc,start       ] GC(1676) Pause Young (Allocation Failure)
[14.380s][debug][gc,phases      ] GC(1676) Scavenge 0.839ms
[14.380s][debug][gc,phases      ] GC(1676) Reference Processing 0.020ms
[14.380s][debug][gc,phases      ] GC(1676) Weak Processing 0.011ms
[14.381s][debug][gc,phases      ] GC(1676) Scrub String Table 0.069ms
[14.381s][debug][gc,age         ] GC(1676) Desired survivor size 4194304 bytes, new threshold 1 (max threshold 15)
[14.381s][info ][gc,heap        ] GC(1676) PSYoungGen: 16104K->3381K(17408K)
[14.381s][info ][gc,heap        ] GC(1676) ParOldGen: 28542K->28542K(41984K)
[14.381s][info ][gc,metaspace   ] GC(1676) Metaspace: 15861K->15861K(1064960K)
[14.381s][info ][gc             ] GC(1676) Pause Young (Allocation Failure) 43M->31M(58M) 1.138ms
[14.381s][info ][gc,cpu         ] GC(1676) User=0.01s Sys=0.00s Real=0.00s
[14.382s][info ][gc,start       ] GC(1677) Pause Young (Allocation Failure)
[14.383s][debug][gc,phases      ] GC(1677) Scavenge 0.835ms
[14.383s][debug][gc,phases      ] GC(1677) Reference Processing 0.020ms
[14.383s][debug][gc,phases      ] GC(1677) Weak Processing 0.011ms
[14.383s][debug][gc,phases      ] GC(1677) Scrub String Table 0.070ms
[14.383s][debug][gc,age         ] GC(1677) Desired survivor size 4194304 bytes, new threshold 1 (max threshold 15)
[14.383s][info ][gc,heap        ] GC(1677) PSYoungGen: 16944K->2958K(17408K)
[14.383s][info ][gc,heap        ] GC(1677) ParOldGen: 28542K->28550K(41984K)
[14.383s][info ][gc,metaspace   ] GC(1677) Metaspace: 15861K->15861K(1064960K)
[14.383s][info ][gc             ] GC(1677) Pause Young (Allocation Failure) 44M->30M(58M) 1.170ms
[14.383s][info ][gc,cpu         ] GC(1677) User=0.01s Sys=0.00s Real=0.00s
[14.384s][info ][gc,start       ] GC(1678) Pause Young (Allocation Failure)
[14.384s][debug][gc,phases      ] GC(1678) Scavenge 0.374ms
[14.384s][debug][gc,phases      ] GC(1678) Reference Processing 0.020ms
[14.384s][debug][gc,phases      ] GC(1678) Weak Processing 0.010ms
[14.385s][debug][gc,phases      ] GC(1678) Scrub String Table 0.069ms
[14.385s][debug][gc,age         ] GC(1678) Desired survivor size 4194304 bytes, new threshold 1 (max threshold 15)
[14.385s][info ][gc,heap        ] GC(1678) PSYoungGen: 16117K->2990K(17408K)
[14.385s][info ][gc,heap        ] GC(1678) ParOldGen: 28550K->28550K(41984K)
[14.385s][info ][gc,metaspace   ] GC(1678) Metaspace: 15861K->15861K(1064960K)
[14.385s][info ][gc             ] GC(1678) Pause Young (Allocation Failure) 43M->30M(58M) 0.676ms
[14.385s][info ][gc,cpu         ] GC(1678) User=0.01s Sys=0.00s Real=0.00s
[14.386s][info ][gc,start       ] GC(1679) Pause Young (Allocation Failure)
[14.386s][debug][gc,phases      ] GC(1679) Scavenge 0.352ms
[14.386s][debug][gc,phases      ] GC(1679) Reference Processing 0.018ms
[14.386s][debug][gc,phases      ] GC(1679) Weak Processing 0.011ms
[14.386s][debug][gc,phases      ] GC(1679) Scrub String Table 0.069ms
[14.386s][debug][gc,age         ] GC(1679) Desired survivor size 4194304 bytes, new threshold 1 (max threshold 15)
[14.386s][info ][gc,heap        ] GC(1679) PSYoungGen: 16146K->2567K(17408K)
[14.386s][info ][gc,heap        ] GC(1679) ParOldGen: 28550K->28550K(41984K)
[14.386s][info ][gc,metaspace   ] GC(1679) Metaspace: 15861K->15861K(1064960K)
[14.386s][info ][gc             ] GC(1679) Pause Young (Allocation Failure) 43M->30M(58M) 0.619ms
[14.386s][info ][gc,cpu         ] GC(1679) User=0.01s Sys=0.00s Real=0.01s
[14.387s][info ][gc,start       ] GC(1680) Pause Young (Allocation Failure)
[14.388s][debug][gc,phases      ] GC(1680) Scavenge 0.542ms
[14.388s][debug][gc,phases      ] GC(1680) Reference Processing 0.024ms
[14.388s][debug][gc,phases      ] GC(1680) Weak Processing 0.010ms
[14.388s][debug][gc,phases      ] GC(1680) Scrub String Table 0.069ms
[14.388s][debug][gc,age         ] GC(1680) Desired survivor size 3670016 bytes, new threshold 1 (max threshold 15)
[14.388s][info ][gc,heap        ] GC(1680) PSYoungGen: 15722K->2599K(16384K)
[14.388s][info ][gc,heap        ] GC(1680) ParOldGen: 28550K->28550K(41984K)
[14.388s][info ][gc,metaspace   ] GC(1680) Metaspace: 15861K->15861K(1064960K)
[14.388s][info ][gc             ] GC(1680) Pause Young (Allocation Failure) 43M->30M(57M) 0.922ms
[14.388s][info ][gc,cpu         ] GC(1680) User=0.00s Sys=0.00s Real=0.00s
[14.389s][info ][gc,start       ] GC(1681) Pause Young (Allocation Failure)
[14.390s][debug][gc,phases      ] GC(1681) Scavenge 0.412ms
[14.390s][debug][gc,phases      ] GC(1681) Reference Processing 0.020ms
[14.390s][debug][gc,phases      ] GC(1681) Weak Processing 0.010ms
[14.390s][debug][gc,phases      ] GC(1681) Scrub String Table 0.068ms
[14.390s][debug][gc,age         ] GC(1681) Desired survivor size 4194304 bytes, new threshold 1 (max threshold 15)
[14.390s][info ][gc,heap        ] GC(1681) PSYoungGen: 15754K->2990K(16384K)
[14.390s][info ][gc,heap        ] GC(1681) ParOldGen: 28550K->28550K(41984K)
[14.390s][info ][gc,metaspace   ] GC(1681) Metaspace: 15861K->15861K(1064960K)
[14.390s][info ][gc             ] GC(1681) Pause Young (Allocation Failure) 43M->30M(57M) 0.713ms
[14.390s][info ][gc,cpu         ] GC(1681) User=0.00s Sys=0.00s Real=0.00s
[14.391s][info ][gc,start       ] GC(1682) Pause Young (Allocation Failure)
[14.392s][debug][gc,phases      ] GC(1682) Scavenge 0.385ms
[14.392s][debug][gc,phases      ] GC(1682) Reference Processing 0.020ms
[14.392s][debug][gc,phases      ] GC(1682) Weak Processing 0.010ms
[14.392s][debug][gc,phases      ] GC(1682) Scrub String Table 0.067ms
[14.392s][debug][gc,age         ] GC(1682) Desired survivor size 3670016 bytes, new threshold 1 (max threshold 15)
[14.392s][info ][gc,heap        ] GC(1682) PSYoungGen: 15743K->2567K(16896K)
[14.392s][info ][gc,heap        ] GC(1682) ParOldGen: 28550K->28550K(41984K)
[14.392s][info ][gc,metaspace   ] GC(1682) Metaspace: 15861K->15861K(1064960K)
[14.392s][info ][gc             ] GC(1682) Pause Young (Allocation Failure) 43M->30M(57M) 0.685ms
[14.392s][info ][gc,cpu         ] GC(1682) User=0.00s Sys=0.00s Real=0.00s
[14.393s][info ][gc,start       ] GC(1683) Pause Young (Allocation Failure)
[14.393s][debug][gc,phases      ] GC(1683) Scavenge 0.338ms
[14.393s][debug][gc,phases      ] GC(1683) Reference Processing 0.019ms
[14.393s][debug][gc,phases      ] GC(1683) Weak Processing 0.010ms
[14.394s][debug][gc,phases      ] GC(1683) Scrub String Table 0.068ms
[14.394s][debug][gc,age         ] GC(1683) Desired survivor size 3670016 bytes, new threshold 1 (max threshold 15)
[14.394s][info ][gc,heap        ] GC(1683) PSYoungGen: 15320K->2599K(17408K)
[14.394s][info ][gc,heap        ] GC(1683) ParOldGen: 28550K->28550K(41984K)
[14.394s][info ][gc,metaspace   ] GC(1683) Metaspace: 15861K->15861K(1064960K)
[14.394s][info ][gc             ] GC(1683) Pause Young (Allocation Failure) 42M->30M(58M) 0.623ms
[14.394s][info ][gc,cpu         ] GC(1683) User=0.00s Sys=0.00s Real=0.00s
[14.395s][info ][gc,start       ] GC(1684) Pause Young (Allocation Failure)
[14.395s][debug][gc,phases      ] GC(1684) Scavenge 0.287ms
[14.395s][debug][gc,phases      ] GC(1684) Reference Processing 0.018ms
[14.395s][debug][gc,phases      ] GC(1684) Weak Processing 0.011ms
[14.395s][debug][gc,phases      ] GC(1684) Scrub String Table 0.069ms
[14.395s][debug][gc,age         ] GC(1684) Desired survivor size 4194304 bytes, new threshold 1 (max threshold 15)
[14.395s][info ][gc,heap        ] GC(1684) PSYoungGen: 16153K->1427K(17408K)
[14.395s][info ][gc,heap        ] GC(1684) ParOldGen: 28550K->28550K(41984K)
[14.395s][info ][gc,metaspace   ] GC(1684) Metaspace: 15861K->15861K(1064960K)
[14.395s][info ][gc             ] GC(1684) Pause Young (Allocation Failure) 43M->29M(58M) 0.585ms
[14.395s][info ][gc,cpu         ] GC(1684) User=0.00s Sys=0.00s Real=0.00s
[14.396s][info ][gc,start       ] GC(1685) Pause Young (Allocation Failure)
[14.397s][debug][gc,phases      ] GC(1685) Scavenge 0.403ms
[14.397s][debug][gc,phases      ] GC(1685) Reference Processing 0.019ms
[14.397s][debug][gc,phases      ] GC(1685) Weak Processing 0.010ms
[14.397s][debug][gc,phases      ] GC(1685) Scrub String Table 0.067ms
[14.397s][debug][gc,age         ] GC(1685) Desired survivor size 4194304 bytes, new threshold 1 (max threshold 15)
[14.397s][info ][gc,heap        ] GC(1685) PSYoungGen: 14981K->2990K(17408K)
[14.397s][info ][gc,heap        ] GC(1685) ParOldGen: 28550K->28550K(41984K)
[14.397s][info ][gc,metaspace   ] GC(1685) Metaspace: 15861K->15861K(1064960K)
[14.397s][info ][gc             ] GC(1685) Pause Young (Allocation Failure) 42M->30M(58M) 0.690ms
[14.397s][info ][gc,cpu         ] GC(1685) User=0.00s Sys=0.00s Real=0.00s
[14.398s][info ][gc,start       ] GC(1686) Pause Young (Allocation Failure)
[14.399s][debug][gc,phases      ] GC(1686) Scavenge 0.632ms
[14.399s][debug][gc,phases      ] GC(1686) Reference Processing 0.023ms
[14.399s][debug][gc,phases      ] GC(1686) Weak Processing 0.011ms
[14.399s][debug][gc,phases      ] GC(1686) Scrub String Table 0.070ms
[14.399s][debug][gc,age         ] GC(1686) Desired survivor size 3670016 bytes, new threshold 1 (max threshold 15)
[14.399s][info ][gc,heap        ] GC(1686) PSYoungGen: 16143K->2535K(15872K)
[14.399s][info ][gc,heap        ] GC(1686) ParOldGen: 28550K->28550K(41984K)
[14.399s][info ][gc,metaspace   ] GC(1686) Metaspace: 15861K->15861K(1064960K)
[14.399s][info ][gc             ] GC(1686) Pause Young (Allocation Failure) 43M->30M(56M) 1.043ms
[14.399s][info ][gc,cpu         ] GC(1686) User=0.00s Sys=0.00s Real=0.00s
[14.400s][info ][gc,start       ] GC(1687) Pause Young (Allocation Failure)
[14.401s][debug][gc,phases      ] GC(1687) Scavenge 0.399ms
[14.401s][debug][gc,phases      ] GC(1687) Reference Processing 0.020ms
[14.401s][debug][gc,phases      ] GC(1687) Weak Processing 0.010ms
[14.401s][debug][gc,phases      ] GC(1687) Scrub String Table 0.069ms
[14.401s][debug][gc,age         ] GC(1687) Desired survivor size 3670016 bytes, new threshold 1 (max threshold 15)
[14.401s][info ][gc,heap        ] GC(1687) PSYoungGen: 15688K->2567K(16896K)
[14.401s][info ][gc,heap        ] GC(1687) ParOldGen: 28550K->28550K(41984K)
[14.401s][info ][gc,metaspace   ] GC(1687) Metaspace: 15861K->15861K(1064960K)
[14.401s][info ][gc             ] GC(1687) Pause Young (Allocation Failure) 43M->30M(57M) 0.696ms
[14.401s][info ][gc,cpu         ] GC(1687) User=0.00s Sys=0.00s Real=0.00s
[14.402s][info ][gc,start       ] GC(1688) Pause Young (Allocation Failure)
[14.402s][debug][gc,phases      ] GC(1688) Scavenge 0.311ms
[14.403s][debug][gc,phases      ] GC(1688) Reference Processing 0.022ms
[14.403s][debug][gc,phases      ] GC(1688) Weak Processing 0.010ms
[14.403s][debug][gc,phases      ] GC(1688) Scrub String Table 0.068ms
[14.403s][debug][gc,age         ] GC(1688) Desired survivor size 3670016 bytes, new threshold 1 (max threshold 15)
[14.403s][info ][gc,heap        ] GC(1688) PSYoungGen: 15720K->1427K(16896K)
[14.403s][info ][gc,heap        ] GC(1688) ParOldGen: 28550K->28550K(41984K)
[14.403s][info ][gc,metaspace   ] GC(1688) Metaspace: 15861K->15861K(1064960K)
[14.403s][info ][gc             ] GC(1688) Pause Young (Allocation Failure) 43M->29M(57M) 0.598ms
[14.403s][info ][gc,cpu         ] GC(1688) User=0.01s Sys=0.00s Real=0.00s
[14.404s][info ][gc,start       ] GC(1689) Pause Young (Allocation Failure)
[14.404s][debug][gc,phases      ] GC(1689) Scavenge 0.373ms
[14.404s][debug][gc,phases      ] GC(1689) Reference Processing 0.020ms
[14.404s][debug][gc,phases      ] GC(1689) Weak Processing 0.010ms
[14.404s][debug][gc,phases      ] GC(1689) Scrub String Table 0.069ms
[14.404s][debug][gc,age         ] GC(1689) Desired survivor size 3670016 bytes, new threshold 1 (max threshold 15)
[14.404s][info ][gc,heap        ] GC(1689) PSYoungGen: 14580K->2567K(17920K)
[14.404s][info ][gc,heap        ] GC(1689) ParOldGen: 28550K->28550K(41984K)
[14.404s][info ][gc,metaspace   ] GC(1689) Metaspace: 15861K->15861K(1064960K)
[14.404s][info ][gc             ] GC(1689) Pause Young (Allocation Failure) 42M->30M(58M) 0.645ms
[14.404s][info ][gc,cpu         ] GC(1689) User=0.00s Sys=0.00s Real=0.00s
[14.406s][info ][gc,start       ] GC(1690) Pause Young (Allocation Failure)
[14.406s][debug][gc,phases      ] GC(1690) Scavenge 0.402ms
[14.406s][debug][gc,phases      ] GC(1690) Reference Processing 0.020ms
[14.406s][debug][gc,phases      ] GC(1690) Weak Processing 0.010ms
[14.406s][debug][gc,phases      ] GC(1690) Scrub String Table 0.069ms
[14.406s][debug][gc,age         ] GC(1690) Desired survivor size 3670016 bytes, new threshold 1 (max threshold 15)
[14.406s][info ][gc,heap        ] GC(1690) PSYoungGen: 16521K->2958K(17920K)
[14.406s][info ][gc,heap        ] GC(1690) ParOldGen: 28550K->28550K(41984K)
[14.406s][info ][gc,metaspace   ] GC(1690) Metaspace: 15861K->15861K(1064960K)
[14.406s][info ][gc             ] GC(1690) Pause Young (Allocation Failure) 44M->30M(58M) 0.677ms
[14.406s][info ][gc,cpu         ] GC(1690) User=0.00s Sys=0.00s Real=0.00s
[14.407s][info ][gc,start       ] GC(1691) Pause Young (Allocation Failure)
[14.408s][debug][gc,phases      ] GC(1691) Scavenge 0.889ms
[14.408s][debug][gc,phases      ] GC(1691) Reference Processing 0.024ms
[14.408s][debug][gc,phases      ] GC(1691) Weak Processing 0.011ms
[14.409s][debug][gc,phases      ] GC(1691) Scrub String Table 0.069ms
[14.409s][debug][gc,age         ] GC(1691) Desired survivor size 4194304 bytes, new threshold 1 (max threshold 15)
[14.409s][info ][gc,heap        ] GC(1691) PSYoungGen: 16912K->3349K(16896K)
[14.409s][info ][gc,heap        ] GC(1691) ParOldGen: 28550K->28550K(41984K)
[14.409s][info ][gc,metaspace   ] GC(1691) Metaspace: 15861K->15861K(1064960K)
[14.409s][info ][gc             ] GC(1691) Pause Young (Allocation Failure) 44M->31M(57M) 1.205ms
[14.409s][info ][gc,cpu         ] GC(1691) User=0.01s Sys=0.00s Real=0.00s
[14.410s][info ][gc,start       ] GC(1692) Pause Young (Allocation Failure)
[14.410s][debug][gc,phases      ] GC(1692) Scavenge 0.301ms
[14.410s][debug][gc,phases      ] GC(1692) Reference Processing 0.019ms
[14.410s][debug][gc,phases      ] GC(1692) Weak Processing 0.010ms
[14.410s][debug][gc,phases      ] GC(1692) Scrub String Table 0.068ms
[14.410s][debug][gc,age         ] GC(1692) Desired survivor size 4194304 bytes, new threshold 1 (max threshold 15)
[14.410s][info ][gc,heap        ] GC(1692) PSYoungGen: 16501K->2177K(17408K)
[14.410s][info ][gc,heap        ] GC(1692) ParOldGen: 28550K->28550K(41984K)
[14.410s][info ][gc,metaspace   ] GC(1692) Metaspace: 15861K->15861K(1064960K)
[14.410s][info ][gc             ] GC(1692) Pause Young (Allocation Failure) 43M->30M(58M) 0.577ms
[14.410s][info ][gc,cpu         ] GC(1692) User=0.00s Sys=0.00s Real=0.00s
[14.411s][info ][gc,start       ] GC(1693) Pause Young (Allocation Failure)
[14.412s][debug][gc,phases      ] GC(1693) Scavenge 0.426ms
[14.412s][debug][gc,phases      ] GC(1693) Reference Processing 0.019ms
[14.412s][debug][gc,phases      ] GC(1693) Weak Processing 0.010ms
[14.412s][debug][gc,phases      ] GC(1693) Scrub String Table 0.069ms
[14.412s][debug][gc,age         ] GC(1693) Desired survivor size 4194304 bytes, new threshold 1 (max threshold 15)
[14.412s][info ][gc,heap        ] GC(1693) PSYoungGen: 15329K->2145K(17408K)
[14.412s][info ][gc,heap        ] GC(1693) ParOldGen: 28550K->28550K(41984K)
[14.412s][info ][gc,metaspace   ] GC(1693) Metaspace: 15861K->15861K(1064960K)
[14.412s][info ][gc             ] GC(1693) Pause Young (Allocation Failure) 42M->29M(58M) 0.704ms
[14.412s][info ][gc,cpu         ] GC(1693) User=0.00s Sys=0.00s Real=0.00s
[14.413s][info ][gc,start       ] GC(1694) Pause Young (Allocation Failure)
[14.414s][debug][gc,phases      ] GC(1694) Scavenge 0.536ms
[14.414s][debug][gc,phases      ] GC(1694) Reference Processing 0.025ms
[14.414s][debug][gc,phases      ] GC(1694) Weak Processing 0.012ms
[14.414s][debug][gc,phases      ] GC(1694) Scrub String Table 0.071ms
[14.414s][debug][gc,age         ] GC(1694) Desired survivor size 4194304 bytes, new threshold 1 (max threshold 15)
[14.414s][info ][gc,heap        ] GC(1694) PSYoungGen: 15297K->2990K(17408K)
[14.414s][info ][gc,heap        ] GC(1694) ParOldGen: 28550K->28550K(41984K)
[14.414s][info ][gc,metaspace   ] GC(1694) Metaspace: 15861K->15861K(1064960K)
[14.414s][info ][gc             ] GC(1694) Pause Young (Allocation Failure) 42M->30M(58M) 0.869ms
[14.414s][info ][gc,cpu         ] GC(1694) User=0.00s Sys=0.00s Real=0.00s
[14.415s][info ][gc,start       ] GC(1695) Pause Young (Allocation Failure)
[14.415s][debug][gc,phases      ] GC(1695) Scavenge 0.445ms
[14.415s][debug][gc,phases      ] GC(1695) Reference Processing 0.024ms
[14.415s][debug][gc,phases      ] GC(1695) Weak Processing 0.011ms
[14.416s][debug][gc,phases      ] GC(1695) Scrub String Table 0.073ms
[14.416s][debug][gc,age         ] GC(1695) Desired survivor size 4194304 bytes, new threshold 1 (max threshold 15)
[14.416s][info ][gc,heap        ] GC(1695) PSYoungGen: 16143K->2958K(17408K)
[14.416s][info ][gc,heap        ] GC(1695) ParOldGen: 28550K->28550K(41984K)
[14.416s][info ][gc,metaspace   ] GC(1695) Metaspace: 15861K->15861K(1064960K)
[14.416s][info ][gc             ] GC(1695) Pause Young (Allocation Failure) 43M->30M(58M) 0.740ms
[14.416s][info ][gc,cpu         ] GC(1695) User=0.00s Sys=0.00s Real=0.00s
[14.417s][info ][gc,start       ] GC(1696) Pause Young (Allocation Failure)
[14.417s][debug][gc,phases      ] GC(1696) Scavenge 0.401ms
[14.417s][debug][gc,phases      ] GC(1696) Reference Processing 0.021ms
[14.417s][debug][gc,phases      ] GC(1696) Weak Processing 0.011ms
[14.417s][debug][gc,phases      ] GC(1696) Scrub String Table 0.068ms
[14.417s][debug][gc,age         ] GC(1696) Desired survivor size 4194304 bytes, new threshold 1 (max threshold 15)
[14.417s][info ][gc,heap        ] GC(1696) PSYoungGen: 16111K->2599K(17408K)
[14.417s][info ][gc,heap        ] GC(1696) ParOldGen: 28550K->28566K(41984K)
[14.417s][info ][gc,metaspace   ] GC(1696) Metaspace: 15861K->15861K(1064960K)
[14.418s][info ][gc             ] GC(1696) Pause Young (Allocation Failure) 43M->30M(58M) 0.723ms
[14.418s][info ][gc,cpu         ] GC(1696) User=0.00s Sys=0.00s Real=0.00s
[14.419s][info ][gc,start       ] GC(1697) Pause Young (Allocation Failure)
[14.419s][debug][gc,phases      ] GC(1697) Scavenge 0.365ms
[14.419s][debug][gc,phases      ] GC(1697) Reference Processing 0.019ms
[14.419s][debug][gc,phases      ] GC(1697) Weak Processing 0.013ms
[14.419s][debug][gc,phases      ] GC(1697) Scrub String Table 0.079ms
[14.419s][debug][gc,age         ] GC(1697) Desired survivor size 3670016 bytes, new threshold 1 (max threshold 15)
[14.419s][info ][gc,heap        ] GC(1697) PSYoungGen: 15752K->2599K(16384K)
[14.419s][info ][gc,heap        ] GC(1697) ParOldGen: 28566K->28566K(41984K)
[14.419s][info ][gc,metaspace   ] GC(1697) Metaspace: 15861K->15861K(1064960K)
[14.419s][info ][gc             ] GC(1697) Pause Young (Allocation Failure) 43M->30M(57M) 0.760ms
[14.419s][info ][gc,cpu         ] GC(1697) User=0.00s Sys=0.00s Real=0.00s
[14.420s][info ][gc,start       ] GC(1698) Pause Young (Allocation Failure)
[14.421s][debug][gc,phases      ] GC(1698) Scavenge 0.444ms
[14.421s][debug][gc,phases      ] GC(1698) Reference Processing 0.019ms
[14.421s][debug][gc,phases      ] GC(1698) Weak Processing 0.010ms
[14.421s][debug][gc,phases      ] GC(1698) Scrub String Table 0.068ms
[14.421s][debug][gc,age         ] GC(1698) Desired survivor size 4194304 bytes, new threshold 1 (max threshold 15)
[14.421s][info ][gc,heap        ] GC(1698) PSYoungGen: 15752K->2958K(16896K)
[14.421s][info ][gc,heap        ] GC(1698) ParOldGen: 28566K->28574K(41984K)
[14.421s][info ][gc,metaspace   ] GC(1698) Metaspace: 15861K->15861K(1064960K)
[14.421s][info ][gc             ] GC(1698) Pause Young (Allocation Failure) 43M->30M(57M) 0.752ms
[14.421s][info ][gc,cpu         ] GC(1698) User=0.01s Sys=0.00s Real=0.00s
[14.422s][info ][gc,start       ] GC(1699) Pause Young (Allocation Failure)
[14.423s][debug][gc,phases      ] GC(1699) Scavenge 0.439ms
[14.423s][debug][gc,phases      ] GC(1699) Reference Processing 0.021ms
[14.423s][debug][gc,phases      ] GC(1699) Weak Processing 0.010ms
[14.423s][debug][gc,phases      ] GC(1699) Scrub String Table 0.068ms
[14.423s][debug][gc,age         ] GC(1699) Desired survivor size 3670016 bytes, new threshold 1 (max threshold 15)
[14.423s][info ][gc,heap        ] GC(1699) PSYoungGen: 16111K->2145K(17408K)
[14.423s][info ][gc,heap        ] GC(1699) ParOldGen: 28574K->28574K(41984K)
[14.423s][info ][gc,metaspace   ] GC(1699) Metaspace: 15861K->15861K(1064960K)
[14.423s][info ][gc             ] GC(1699) Pause Young (Allocation Failure) 43M->29M(58M) 0.740ms
[14.423s][info ][gc,cpu         ] GC(1699) User=0.01s Sys=0.00s Real=0.00s
[14.424s][info ][gc,start       ] GC(1700) Pause Young (Allocation Failure)
[14.425s][debug][gc,phases      ] GC(1700) Scavenge 0.396ms
[14.425s][debug][gc,phases      ] GC(1700) Reference Processing 0.018ms
[14.425s][debug][gc,phases      ] GC(1700) Weak Processing 0.012ms
[14.425s][debug][gc,phases      ] GC(1700) Scrub String Table 0.068ms
[14.425s][debug][gc,age         ] GC(1700) Desired survivor size 4194304 bytes, new threshold 1 (max threshold 15)
[14.425s][info ][gc,heap        ] GC(1700) PSYoungGen: 15698K->2958K(17408K)
[14.425s][info ][gc,heap        ] GC(1700) ParOldGen: 28574K->28574K(41984K)
[14.425s][info ][gc,metaspace   ] GC(1700) Metaspace: 15861K->15861K(1064960K)
[14.425s][info ][gc             ] GC(1700) Pause Young (Allocation Failure) 43M->30M(58M) 0.672ms
[14.425s][info ][gc,cpu         ] GC(1700) User=0.01s Sys=0.00s Real=0.00s
[14.426s][info ][gc,start       ] GC(1701) Pause Young (Allocation Failure)
[14.426s][debug][gc,phases      ] GC(1701) Scavenge 0.401ms
[14.426s][debug][gc,phases      ] GC(1701) Reference Processing 0.024ms
[14.426s][debug][gc,phases      ] GC(1701) Weak Processing 0.011ms
[14.427s][debug][gc,phases      ] GC(1701) Scrub String Table 0.069ms
[14.427s][debug][gc,age         ] GC(1701) Desired survivor size 4194304 bytes, new threshold 1 (max threshold 15)
[14.427s][info ][gc,heap        ] GC(1701) PSYoungGen: 16511K->2990K(17408K)
[14.427s][info ][gc,heap        ] GC(1701) ParOldGen: 28574K->28574K(41984K)
[14.427s][info ][gc,metaspace   ] GC(1701) Metaspace: 15861K->15861K(1064960K)
[14.427s][info ][gc             ] GC(1701) Pause Young (Allocation Failure) 44M->30M(58M) 0.711ms
[14.427s][info ][gc,cpu         ] GC(1701) User=0.01s Sys=0.00s Real=0.01s
[14.428s][info ][gc,start       ] GC(1702) Pause Young (Allocation Failure)
[14.428s][debug][gc,phases      ] GC(1702) Scavenge 0.471ms
[14.428s][debug][gc,phases      ] GC(1702) Reference Processing 0.026ms
[14.428s][debug][gc,phases      ] GC(1702) Weak Processing 0.010ms
[14.428s][debug][gc,phases      ] GC(1702) Scrub String Table 0.068ms
[14.428s][debug][gc,age         ] GC(1702) Desired survivor size 3670016 bytes, new threshold 1 (max threshold 15)
[14.428s][info ][gc,heap        ] GC(1702) PSYoungGen: 16143K->2567K(16384K)
[14.428s][info ][gc,heap        ] GC(1702) ParOldGen: 28574K->28574K(41984K)
[14.428s][info ][gc,metaspace   ] GC(1702) Metaspace: 15861K->15861K(1064960K)
[14.428s][info ][gc             ] GC(1702) Pause Young (Allocation Failure) 43M->30M(57M) 0.786ms
[14.428s][info ][gc,cpu         ] GC(1702) User=0.00s Sys=0.00s Real=0.00s
[14.429s][info ][gc,start       ] GC(1703) Pause Young (Allocation Failure)
[14.430s][debug][gc,phases      ] GC(1703) Scavenge 0.357ms
[14.430s][debug][gc,phases      ] GC(1703) Reference Processing 0.021ms
[14.430s][debug][gc,phases      ] GC(1703) Weak Processing 0.010ms
[14.430s][debug][gc,phases      ] GC(1703) Scrub String Table 0.068ms
[14.430s][debug][gc,age         ] GC(1703) Desired survivor size 3670016 bytes, new threshold 1 (max threshold 15)
[14.430s][info ][gc,heap        ] GC(1703) PSYoungGen: 15720K->2177K(16896K)
[14.430s][info ][gc,heap        ] GC(1703) ParOldGen: 28574K->28574K(41984K)
[14.430s][info ][gc,metaspace   ] GC(1703) Metaspace: 15861K->15861K(1064960K)
[14.430s][info ][gc             ] GC(1703) Pause Young (Allocation Failure) 43M->30M(57M) 0.674ms
[14.430s][info ][gc,cpu         ] GC(1703) User=0.00s Sys=0.00s Real=0.00s
[14.431s][info ][gc,start       ] GC(1704) Pause Young (Allocation Failure)
[14.432s][debug][gc,phases      ] GC(1704) Scavenge 0.460ms
[14.432s][debug][gc,phases      ] GC(1704) Reference Processing 0.024ms
[14.432s][debug][gc,phases      ] GC(1704) Weak Processing 0.011ms
[14.432s][debug][gc,phases      ] GC(1704) Scrub String Table 0.071ms
[14.432s][debug][gc,age         ] GC(1704) Desired survivor size 4194304 bytes, new threshold 1 (max threshold 15)
[14.432s][info ][gc,heap        ] GC(1704) PSYoungGen: 15329K->3381K(16896K)
[14.432s][info ][gc,heap        ] GC(1704) ParOldGen: 28574K->28574K(41984K)
[14.432s][info ][gc,metaspace   ] GC(1704) Metaspace: 15861K->15861K(1064960K)
[14.432s][info ][gc             ] GC(1704) Pause Young (Allocation Failure) 42M->31M(57M) 0.775ms
[14.432s][info ][gc,cpu         ] GC(1704) User=0.00s Sys=0.00s Real=0.00s
[14.433s][info ][gc,start       ] GC(1705) Pause Young (Allocation Failure)
[14.434s][debug][gc,phases      ] GC(1705) Scavenge 0.835ms
[14.434s][debug][gc,phases      ] GC(1705) Reference Processing 0.020ms
[14.434s][debug][gc,phases      ] GC(1705) Weak Processing 0.011ms
[14.434s][debug][gc,phases      ] GC(1705) Scrub String Table 0.069ms
[14.434s][debug][gc,age         ] GC(1705) Desired survivor size 4194304 bytes, new threshold 1 (max threshold 15)
[14.434s][info ][gc,heap        ] GC(1705) PSYoungGen: 16533K->2958K(17408K)
[14.434s][info ][gc,heap        ] GC(1705) ParOldGen: 28574K->28574K(41984K)
[14.434s][info ][gc,metaspace   ] GC(1705) Metaspace: 15861K->15861K(1064960K)
[14.434s][info ][gc             ] GC(1705) Pause Young (Allocation Failure) 44M->30M(58M) 1.129ms
[14.434s][info ][gc,cpu         ] GC(1705) User=0.00s Sys=0.00s Real=0.00s
[14.435s][info ][gc,start       ] GC(1706) Pause Young (Allocation Failure)
[14.436s][debug][gc,phases      ] GC(1706) Scavenge 0.415ms
[14.436s][debug][gc,phases      ] GC(1706) Reference Processing 0.020ms
[14.436s][debug][gc,phases      ] GC(1706) Weak Processing 0.011ms
[14.436s][debug][gc,phases      ] GC(1706) Scrub String Table 0.071ms
[14.436s][debug][gc,age         ] GC(1706) Desired survivor size 4194304 bytes, new threshold 1 (max threshold 15)
[14.436s][info ][gc,heap        ] GC(1706) PSYoungGen: 16111K->2990K(17408K)
[14.436s][info ][gc,heap        ] GC(1706) ParOldGen: 28574K->28574K(41984K)
[14.436s][info ][gc,metaspace   ] GC(1706) Metaspace: 15861K->15861K(1064960K)
[14.436s][info ][gc             ] GC(1706) Pause Young (Allocation Failure) 43M->30M(58M) 0.718ms
[14.436s][info ][gc,cpu         ] GC(1706) User=0.00s Sys=0.00s Real=0.00s
[14.437s][info ][gc,start       ] GC(1707) Pause Young (Allocation Failure)
[14.438s][debug][gc,phases      ] GC(1707) Scavenge 0.524ms
[14.438s][debug][gc,phases      ] GC(1707) Reference Processing 0.020ms
[14.438s][debug][gc,phases      ] GC(1707) Weak Processing 0.010ms
[14.438s][debug][gc,phases      ] GC(1707) Scrub String Table 0.077ms
[14.438s][debug][gc,age         ] GC(1707) Desired survivor size 4194304 bytes, new threshold 1 (max threshold 15)
[14.438s][info ][gc,heap        ] GC(1707) PSYoungGen: 16143K->2990K(17408K)
[14.438s][info ][gc,heap        ] GC(1707) ParOldGen: 28574K->28574K(41984K)
[14.438s][info ][gc,metaspace   ] GC(1707) Metaspace: 15861K->15861K(1064960K)
[14.438s][info ][gc             ] GC(1707) Pause Young (Allocation Failure) 43M->30M(58M) 0.833ms
[14.438s][info ][gc,cpu         ] GC(1707) User=0.00s Sys=0.00s Real=0.00s
[14.439s][info ][gc,start       ] GC(1708) Pause Young (Allocation Failure)
[14.440s][debug][gc,phases      ] GC(1708) Scavenge 0.523ms
[14.440s][debug][gc,phases      ] GC(1708) Reference Processing 0.019ms
[14.440s][debug][gc,phases      ] GC(1708) Weak Processing 0.011ms
[14.440s][debug][gc,phases      ] GC(1708) Scrub String Table 0.068ms
[14.440s][debug][gc,age         ] GC(1708) Desired survivor size 4194304 bytes, new threshold 1 (max threshold 15)
[14.440s][info ][gc,heap        ] GC(1708) PSYoungGen: 16143K->2958K(17408K)
[14.440s][info ][gc,heap        ] GC(1708) ParOldGen: 28574K->28574K(41984K)
[14.440s][info ][gc,metaspace   ] GC(1708) Metaspace: 15861K->15861K(1064960K)
[14.440s][info ][gc             ] GC(1708) Pause Young (Allocation Failure) 43M->30M(58M) 0.808ms
[14.440s][info ][gc,cpu         ] GC(1708) User=0.00s Sys=0.00s Real=0.00s
[14.441s][info ][gc,start       ] GC(1709) Pause Young (Allocation Failure)
[14.441s][debug][gc,phases      ] GC(1709) Scavenge 0.409ms
[14.441s][debug][gc,phases      ] GC(1709) Reference Processing 0.020ms
[14.442s][debug][gc,phases      ] GC(1709) Weak Processing 0.010ms
[14.442s][debug][gc,phases      ] GC(1709) Scrub String Table 0.069ms
[14.442s][debug][gc,age         ] GC(1709) Desired survivor size 4194304 bytes, new threshold 1 (max threshold 15)
[14.442s][info ][gc,heap        ] GC(1709) PSYoungGen: 16111K->2990K(17408K)
[14.442s][info ][gc,heap        ] GC(1709) ParOldGen: 28574K->28574K(41984K)
[14.442s][info ][gc,metaspace   ] GC(1709) Metaspace: 15861K->15861K(1064960K)
[14.442s][info ][gc             ] GC(1709) Pause Young (Allocation Failure) 43M->30M(58M) 0.699ms
[14.442s][info ][gc,cpu         ] GC(1709) User=0.00s Sys=0.00s Real=0.00s
[14.443s][info ][gc,start       ] GC(1710) Pause Young (Allocation Failure)
[14.443s][debug][gc,phases      ] GC(1710) Scavenge 0.455ms
[14.443s][debug][gc,phases      ] GC(1710) Reference Processing 0.023ms
[14.443s][debug][gc,phases      ] GC(1710) Weak Processing 0.010ms
[14.443s][debug][gc,phases      ] GC(1710) Scrub String Table 0.068ms
[14.443s][debug][gc,age         ] GC(1710) Desired survivor size 4194304 bytes, new threshold 1 (max threshold 15)
[14.443s][info ][gc,heap        ] GC(1710) PSYoungGen: 16143K->2990K(17408K)
[14.443s][info ][gc,heap        ] GC(1710) ParOldGen: 28574K->28574K(41984K)
[14.443s][info ][gc,metaspace   ] GC(1710) Metaspace: 15861K->15861K(1064960K)
[14.444s][info ][gc             ] GC(1710) Pause Young (Allocation Failure) 43M->30M(58M) 0.749ms
[14.444s][info ][gc,cpu         ] GC(1710) User=0.00s Sys=0.00s Real=0.00s
[14.445s][info ][gc,start       ] GC(1711) Pause Young (Allocation Failure)
[14.445s][debug][gc,phases      ] GC(1711) Scavenge 0.365ms
[14.445s][debug][gc,phases      ] GC(1711) Reference Processing 0.019ms
[14.445s][debug][gc,phases      ] GC(1711) Weak Processing 0.010ms
[14.445s][debug][gc,phases      ] GC(1711) Scrub String Table 0.068ms
[14.445s][debug][gc,age         ] GC(1711) Desired survivor size 4194304 bytes, new threshold 1 (max threshold 15)
[14.445s][info ][gc,heap        ] GC(1711) PSYoungGen: 16143K->2209K(17408K)
[14.445s][info ][gc,heap        ] GC(1711) ParOldGen: 28574K->28574K(41984K)
[14.445s][info ][gc,metaspace   ] GC(1711) Metaspace: 15861K->15861K(1064960K)
[14.445s][info ][gc             ] GC(1711) Pause Young (Allocation Failure) 43M->30M(58M) 0.653ms
[14.445s][info ][gc,cpu         ] GC(1711) User=0.01s Sys=0.00s Real=0.00s
[14.446s][info ][gc,start       ] GC(1712) Pause Young (Allocation Failure)
[14.447s][debug][gc,phases      ] GC(1712) Scavenge 0.401ms
[14.447s][debug][gc,phases      ] GC(1712) Reference Processing 0.019ms
[14.447s][debug][gc,phases      ] GC(1712) Weak Processing 0.010ms
[14.447s][debug][gc,phases      ] GC(1712) Scrub String Table 0.069ms
[14.447s][debug][gc,age         ] GC(1712) Desired survivor size 4194304 bytes, new threshold 1 (max threshold 15)
[14.447s][info ][gc,heap        ] GC(1712) PSYoungGen: 15361K->2958K(17408K)
[14.447s][info ][gc,heap        ] GC(1712) ParOldGen: 28574K->28574K(41984K)
[14.447s][info ][gc,metaspace   ] GC(1712) Metaspace: 15861K->15861K(1064960K)
[14.447s][info ][gc             ] GC(1712) Pause Young (Allocation Failure) 42M->30M(58M) 0.700ms
[14.447s][info ][gc,cpu         ] GC(1712) User=0.01s Sys=0.00s Real=0.01s
[14.448s][info ][gc,start       ] GC(1713) Pause Young (Allocation Failure)
[14.449s][debug][gc,phases      ] GC(1713) Scavenge 0.494ms
[14.449s][debug][gc,phases      ] GC(1713) Reference Processing 0.020ms
[14.449s][debug][gc,phases      ] GC(1713) Weak Processing 0.012ms
[14.449s][debug][gc,phases      ] GC(1713) Scrub String Table 0.070ms
[14.449s][debug][gc,age         ] GC(1713) Desired survivor size 4194304 bytes, new threshold 1 (max threshold 15)
[14.449s][info ][gc,heap        ] GC(1713) PSYoungGen: 16111K->2958K(17408K)
[14.449s][info ][gc,heap        ] GC(1713) ParOldGen: 28574K->28574K(41984K)
[14.449s][info ][gc,metaspace   ] GC(1713) Metaspace: 15861K->15861K(1064960K)
[14.449s][info ][gc             ] GC(1713) Pause Young (Allocation Failure) 43M->30M(58M) 0.820ms
[14.449s][info ][gc,cpu         ] GC(1713) User=0.00s Sys=0.00s Real=0.00s
[14.450s][info ][gc,start       ] GC(1714) Pause Young (Allocation Failure)
[14.450s][debug][gc,phases      ] GC(1714) Scavenge 0.435ms
[14.450s][debug][gc,phases      ] GC(1714) Reference Processing 0.022ms
[14.451s][debug][gc,phases      ] GC(1714) Weak Processing 0.010ms
[14.451s][debug][gc,phases      ] GC(1714) Scrub String Table 0.070ms
[14.451s][debug][gc,age         ] GC(1714) Desired survivor size 4194304 bytes, new threshold 1 (max threshold 15)
[14.451s][info ][gc,heap        ] GC(1714) PSYoungGen: 16111K->1754K(17408K)
[14.451s][info ][gc,heap        ] GC(1714) ParOldGen: 28574K->28981K(41984K)
[14.451s][info ][gc,metaspace   ] GC(1714) Metaspace: 15861K->15861K(1064960K)
[14.451s][info ][gc             ] GC(1714) Pause Young (Allocation Failure) 43M->30M(58M) 0.726ms
[14.451s][info ][gc,cpu         ] GC(1714) User=0.00s Sys=0.00s Real=0.00s
[14.452s][info ][gc,start       ] GC(1715) Pause Young (Allocation Failure)
[14.452s][debug][gc,phases      ] GC(1715) Scavenge 0.413ms
[14.452s][debug][gc,phases      ] GC(1715) Reference Processing 0.020ms
[14.452s][debug][gc,phases      ] GC(1715) Weak Processing 0.010ms
[14.452s][debug][gc,phases      ] GC(1715) Scrub String Table 0.069ms
[14.452s][debug][gc,age         ] GC(1715) Desired survivor size 4194304 bytes, new threshold 1 (max threshold 15)
[14.452s][info ][gc,heap        ] GC(1715) PSYoungGen: 14907K->2599K(17408K)
[14.452s][info ][gc,heap        ] GC(1715) ParOldGen: 28981K->28981K(41984K)
[14.452s][info ][gc,metaspace   ] GC(1715) Metaspace: 15861K->15861K(1064960K)
[14.452s][info ][gc             ] GC(1715) Pause Young (Allocation Failure) 42M->30M(58M) 0.719ms
[14.452s][info ][gc,cpu         ] GC(1715) User=0.00s Sys=0.00s Real=0.00s
[14.453s][info ][gc,start       ] GC(1716) Pause Young (Allocation Failure)
[14.454s][debug][gc,phases      ] GC(1716) Scavenge 0.349ms
[14.454s][debug][gc,phases      ] GC(1716) Reference Processing 0.020ms
[14.454s][debug][gc,phases      ] GC(1716) Weak Processing 0.010ms
[14.454s][debug][gc,phases      ] GC(1716) Scrub String Table 0.068ms
[14.454s][debug][gc,age         ] GC(1716) Desired survivor size 4194304 bytes, new threshold 1 (max threshold 15)
[14.454s][info ][gc,heap        ] GC(1716) PSYoungGen: 15752K->1395K(17408K)
[14.454s][info ][gc,heap        ] GC(1716) ParOldGen: 28981K->28989K(41984K)
[14.454s][info ][gc,metaspace   ] GC(1716) Metaspace: 15861K->15861K(1064960K)
[14.454s][info ][gc             ] GC(1716) Pause Young (Allocation Failure) 43M->29M(58M) 0.640ms
[14.454s][info ][gc,cpu         ] GC(1716) User=0.00s Sys=0.00s Real=0.00s
[14.455s][info ][gc,start       ] GC(1717) Pause Young (Allocation Failure)
[14.456s][debug][gc,phases      ] GC(1717) Scavenge 0.356ms
[14.456s][debug][gc,phases      ] GC(1717) Reference Processing 0.019ms
[14.456s][debug][gc,phases      ] GC(1717) Weak Processing 0.010ms
[14.456s][debug][gc,phases      ] GC(1717) Scrub String Table 0.068ms
[14.456s][debug][gc,age         ] GC(1717) Desired survivor size 4194304 bytes, new threshold 1 (max threshold 15)
[14.456s][info ][gc,heap        ] GC(1717) PSYoungGen: 14548K->2567K(17408K)
[14.456s][info ][gc,heap        ] GC(1717) ParOldGen: 28989K->28989K(41984K)
[14.456s][info ][gc,metaspace   ] GC(1717) Metaspace: 15861K->15861K(1064960K)
[14.456s][info ][gc             ] GC(1717) Pause Young (Allocation Failure) 42M->30M(58M) 0.632ms
[14.456s][info ][gc,cpu         ] GC(1717) User=0.00s Sys=0.00s Real=0.00s
[14.457s][info ][gc,start       ] GC(1718) Pause Young (Allocation Failure)
[14.458s][debug][gc,phases      ] GC(1718) Scavenge 0.436ms
[14.458s][debug][gc,phases      ] GC(1718) Reference Processing 0.022ms
[14.458s][debug][gc,phases      ] GC(1718) Weak Processing 0.010ms
[14.458s][debug][gc,phases      ] GC(1718) Scrub String Table 0.068ms
[14.458s][debug][gc,age         ] GC(1718) Desired survivor size 4194304 bytes, new threshold 1 (max threshold 15)
[14.458s][info ][gc,heap        ] GC(1718) PSYoungGen: 15720K->2958K(17408K)
[14.458s][info ][gc,heap        ] GC(1718) ParOldGen: 28989K->28989K(41984K)
[14.458s][info ][gc,metaspace   ] GC(1718) Metaspace: 15861K->15861K(1064960K)
[14.458s][info ][gc             ] GC(1718) Pause Young (Allocation Failure) 43M->31M(58M) 0.757ms
[14.458s][info ][gc,cpu         ] GC(1718) User=0.00s Sys=0.01s Real=0.00s
[14.459s][info ][gc,start       ] GC(1719) Pause Young (Allocation Failure)
[14.459s][debug][gc,phases      ] GC(1719) Scavenge 0.493ms
[14.459s][debug][gc,phases      ] GC(1719) Reference Processing 0.020ms
[14.459s][debug][gc,phases      ] GC(1719) Weak Processing 0.011ms
[14.459s][debug][gc,phases      ] GC(1719) Scrub String Table 0.073ms
[14.459s][debug][gc,age         ] GC(1719) Desired survivor size 4194304 bytes, new threshold 1 (max threshold 15)
[14.459s][info ][gc,heap        ] GC(1719) PSYoungGen: 16111K->2209K(17408K)
[14.460s][info ][gc,heap        ] GC(1719) ParOldGen: 28989K->28989K(41984K)
[14.460s][info ][gc,metaspace   ] GC(1719) Metaspace: 15861K->15861K(1064960K)
[14.460s][info ][gc             ] GC(1719) Pause Young (Allocation Failure) 44M->30M(58M) 0.785ms
[14.460s][info ][gc,cpu         ] GC(1719) User=0.01s Sys=0.00s Real=0.00s
[14.461s][info ][gc,start       ] GC(1720) Pause Young (Allocation Failure)
[14.461s][debug][gc,phases      ] GC(1720) Scavenge 0.483ms
[14.461s][debug][gc,phases      ] GC(1720) Reference Processing 0.021ms
[14.461s][debug][gc,phases      ] GC(1720) Weak Processing 0.013ms
[14.461s][debug][gc,phases      ] GC(1720) Scrub String Table 0.072ms
[14.461s][debug][gc,age         ] GC(1720) Desired survivor size 4194304 bytes, new threshold 1 (max threshold 15)
[14.461s][info ][gc,heap        ] GC(1720) PSYoungGen: 15361K->2990K(17408K)
[14.461s][info ][gc,heap        ] GC(1720) ParOldGen: 28989K->28989K(41984K)
[14.461s][info ][gc,metaspace   ] GC(1720) Metaspace: 15861K->15861K(1064960K)
[14.461s][info ][gc             ] GC(1720) Pause Young (Allocation Failure) 43M->31M(58M) 0.779ms
[14.461s][info ][gc,cpu         ] GC(1720) User=0.01s Sys=0.00s Real=0.00s
[14.462s][info ][gc,start       ] GC(1721) Pause Young (Allocation Failure)
[14.463s][debug][gc,phases      ] GC(1721) Scavenge 0.439ms
[14.463s][debug][gc,phases      ] GC(1721) Reference Processing 0.019ms
[14.463s][debug][gc,phases      ] GC(1721) Weak Processing 0.010ms
[14.463s][debug][gc,phases      ] GC(1721) Scrub String Table 0.068ms
[14.463s][debug][gc,age         ] GC(1721) Desired survivor size 4194304 bytes, new threshold 1 (max threshold 15)
[14.463s][info ][gc,heap        ] GC(1721) PSYoungGen: 16143K->2599K(17408K)
[14.463s][info ][gc,heap        ] GC(1721) ParOldGen: 28989K->28989K(41984K)
[14.463s][info ][gc,metaspace   ] GC(1721) Metaspace: 15861K->15861K(1064960K)
[14.463s][info ][gc             ] GC(1721) Pause Young (Allocation Failure) 44M->30M(58M) 0.722ms
[14.463s][info ][gc,cpu         ] GC(1721) User=0.01s Sys=0.00s Real=0.00s
[14.464s][info ][gc,start       ] GC(1722) Pause Young (Allocation Failure)
[14.465s][debug][gc,phases      ] GC(1722) Scavenge 0.451ms
[14.465s][debug][gc,phases      ] GC(1722) Reference Processing 0.021ms
[14.465s][debug][gc,phases      ] GC(1722) Weak Processing 0.011ms
[14.465s][debug][gc,phases      ] GC(1722) Scrub String Table 0.075ms
[14.465s][debug][gc,age         ] GC(1722) Desired survivor size 4194304 bytes, new threshold 1 (max threshold 15)
[14.465s][info ][gc,heap        ] GC(1722) PSYoungGen: 15752K->3381K(17408K)
[14.465s][info ][gc,heap        ] GC(1722) ParOldGen: 28989K->28989K(41984K)
[14.465s][info ][gc,metaspace   ] GC(1722) Metaspace: 15861K->15861K(1064960K)
[14.465s][info ][gc             ] GC(1722) Pause Young (Allocation Failure) 43M->31M(58M) 0.751ms
[14.465s][info ][gc,cpu         ] GC(1722) User=0.01s Sys=0.00s Real=0.00s
[14.466s][info ][gc,start       ] GC(1723) Pause Young (Allocation Failure)
[14.467s][debug][gc,phases      ] GC(1723) Scavenge 0.703ms
[14.467s][debug][gc,phases      ] GC(1723) Reference Processing 0.025ms
[14.467s][debug][gc,phases      ] GC(1723) Weak Processing 0.010ms
[14.467s][debug][gc,phases      ] GC(1723) Scrub String Table 0.068ms
[14.467s][debug][gc,age         ] GC(1723) Desired survivor size 4194304 bytes, new threshold 1 (max threshold 15)
[14.467s][info ][gc,heap        ] GC(1723) PSYoungGen: 16533K->2177K(17408K)
[14.467s][info ][gc,heap        ] GC(1723) ParOldGen: 28989K->28989K(41984K)
[14.467s][info ][gc,metaspace   ] GC(1723) Metaspace: 15861K->15861K(1064960K)
[14.467s][info ][gc             ] GC(1723) Pause Young (Allocation Failure) 44M->30M(58M) 1.022ms
[14.467s][info ][gc,cpu         ] GC(1723) User=0.01s Sys=0.00s Real=0.01s
[14.468s][info ][gc,start       ] GC(1724) Pause Young (Allocation Failure)
[14.469s][debug][gc,phases      ] GC(1724) Scavenge 0.450ms
[14.469s][debug][gc,phases      ] GC(1724) Reference Processing 0.021ms
[14.469s][debug][gc,phases      ] GC(1724) Weak Processing 0.010ms
[14.469s][debug][gc,phases      ] GC(1724) Scrub String Table 0.069ms
[14.469s][debug][gc,age         ] GC(1724) Desired survivor size 4194304 bytes, new threshold 1 (max threshold 15)
[14.469s][info ][gc,heap        ] GC(1724) PSYoungGen: 15329K->2599K(17408K)
[14.469s][info ][gc,heap        ] GC(1724) ParOldGen: 28989K->28989K(41984K)
[14.469s][info ][gc,metaspace   ] GC(1724) Metaspace: 15861K->15861K(1064960K)
[14.469s][info ][gc             ] GC(1724) Pause Young (Allocation Failure) 43M->30M(58M) 0.741ms
[14.469s][info ][gc,cpu         ] GC(1724) User=0.00s Sys=0.00s Real=0.00s
[14.470s][info ][gc,start       ] GC(1725) Pause Young (Allocation Failure)
[14.471s][debug][gc,phases      ] GC(1725) Scavenge 0.408ms
[14.471s][debug][gc,phases      ] GC(1725) Reference Processing 0.018ms
[14.471s][debug][gc,phases      ] GC(1725) Weak Processing 0.010ms
[14.471s][debug][gc,phases      ] GC(1725) Scrub String Table 0.069ms
[14.471s][debug][gc,age         ] GC(1725) Desired survivor size 4194304 bytes, new threshold 1 (max threshold 15)
[14.471s][info ][gc,heap        ] GC(1725) PSYoungGen: 15752K->2958K(17408K)
[14.471s][info ][gc,heap        ] GC(1725) ParOldGen: 28989K->28989K(41984K)
[14.471s][info ][gc,metaspace   ] GC(1725) Metaspace: 15861K->15861K(1064960K)
[14.471s][info ][gc             ] GC(1725) Pause Young (Allocation Failure) 43M->31M(58M) 0.686ms
[14.471s][info ][gc,cpu         ] GC(1725) User=0.00s Sys=0.00s Real=0.00s
[14.472s][info ][gc,start       ] GC(1726) Pause Young (Allocation Failure)
[14.472s][debug][gc,phases      ] GC(1726) Scavenge 0.294ms
[14.472s][debug][gc,phases      ] GC(1726) Reference Processing 0.018ms
[14.472s][debug][gc,phases      ] GC(1726) Weak Processing 0.010ms
[14.472s][debug][gc,phases      ] GC(1726) Scrub String Table 0.067ms
[14.472s][debug][gc,age         ] GC(1726) Desired survivor size 4194304 bytes, new threshold 1 (max threshold 15)
[14.472s][info ][gc,heap        ] GC(1726) PSYoungGen: 16111K->1818K(17408K)
[14.472s][info ][gc,heap        ] GC(1726) ParOldGen: 28989K->28989K(41984K)
[14.472s][info ][gc,metaspace   ] GC(1726) Metaspace: 15861K->15861K(1064960K)
[14.473s][info ][gc             ] GC(1726) Pause Young (Allocation Failure) 44M->30M(58M) 0.559ms
[14.473s][info ][gc,cpu         ] GC(1726) User=0.00s Sys=0.00s Real=0.00s
[14.474s][info ][gc,start       ] GC(1727) Pause Young (Allocation Failure)
[14.474s][debug][gc,phases      ] GC(1727) Scavenge 0.411ms
[14.474s][debug][gc,phases      ] GC(1727) Reference Processing 0.021ms
[14.474s][debug][gc,phases      ] GC(1727) Weak Processing 0.010ms
[14.474s][debug][gc,phases      ] GC(1727) Scrub String Table 0.069ms
[14.474s][debug][gc,age         ] GC(1727) Desired survivor size 4194304 bytes, new threshold 1 (max threshold 15)
[14.474s][info ][gc,heap        ] GC(1727) PSYoungGen: 14971K->2990K(17408K)
[14.474s][info ][gc,heap        ] GC(1727) ParOldGen: 28989K->28989K(41984K)
[14.474s][info ][gc,metaspace   ] GC(1727) Metaspace: 15861K->15861K(1064960K)
[14.474s][info ][gc             ] GC(1727) Pause Young (Allocation Failure) 42M->31M(58M) 0.718ms
[14.474s][info ][gc,cpu         ] GC(1727) User=0.00s Sys=0.00s Real=0.00s
[14.475s][info ][gc,start       ] GC(1728) Pause Young (Allocation Failure)
[14.476s][debug][gc,phases      ] GC(1728) Scavenge 0.364ms
[14.476s][debug][gc,phases      ] GC(1728) Reference Processing 0.019ms
[14.476s][debug][gc,phases      ] GC(1728) Weak Processing 0.011ms
[14.476s][debug][gc,phases      ] GC(1728) Scrub String Table 0.070ms
[14.476s][debug][gc,age         ] GC(1728) Desired survivor size 4194304 bytes, new threshold 1 (max threshold 15)
[14.476s][info ][gc,heap        ] GC(1728) PSYoungGen: 16143K->2990K(17408K)
[14.476s][info ][gc,heap        ] GC(1728) ParOldGen: 28989K->28989K(41984K)
[14.476s][info ][gc,metaspace   ] GC(1728) Metaspace: 15861K->15861K(1064960K)
[14.476s][info ][gc             ] GC(1728) Pause Young (Allocation Failure) 44M->31M(58M) 0.654ms
[14.476s][info ][gc,cpu         ] GC(1728) User=0.00s Sys=0.00s Real=0.00s
[14.477s][info ][gc,start       ] GC(1729) Pause Young (Allocation Failure)
[14.478s][debug][gc,phases      ] GC(1729) Scavenge 0.464ms
[14.478s][debug][gc,phases      ] GC(1729) Reference Processing 0.022ms
[14.478s][debug][gc,phases      ] GC(1729) Weak Processing 0.011ms
[14.478s][debug][gc,phases      ] GC(1729) Scrub String Table 0.068ms
[14.478s][debug][gc,age         ] GC(1729) Desired survivor size 4194304 bytes, new threshold 1 (max threshold 15)
[14.478s][info ][gc,heap        ] GC(1729) PSYoungGen: 16143K->2209K(17408K)
[14.478s][info ][gc,heap        ] GC(1729) ParOldGen: 28989K->29021K(41984K)
[14.478s][info ][gc,metaspace   ] GC(1729) Metaspace: 15861K->15861K(1064960K)
[14.478s][info ][gc             ] GC(1729) Pause Young (Allocation Failure) 44M->30M(58M) 0.766ms
[14.478s][info ][gc,cpu         ] GC(1729) User=0.00s Sys=0.00s Real=0.00s
[14.479s][info ][gc,start       ] GC(1730) Pause Young (Allocation Failure)
[14.480s][debug][gc,phases      ] GC(1730) Scavenge 0.497ms
[14.480s][debug][gc,phases      ] GC(1730) Reference Processing 0.019ms
[14.480s][debug][gc,phases      ] GC(1730) Weak Processing 0.010ms
[14.480s][debug][gc,phases      ] GC(1730) Scrub String Table 0.068ms
[14.480s][debug][gc,age         ] GC(1730) Desired survivor size 4194304 bytes, new threshold 1 (max threshold 15)
[14.480s][info ][gc,heap        ] GC(1730) PSYoungGen: 15361K->2990K(17408K)
[14.480s][info ][gc,heap        ] GC(1730) ParOldGen: 29021K->29021K(41984K)
[14.480s][info ][gc,metaspace   ] GC(1730) Metaspace: 15861K->15861K(1064960K)
[14.480s][info ][gc             ] GC(1730) Pause Young (Allocation Failure) 43M->31M(58M) 0.781ms
[14.480s][info ][gc,cpu         ] GC(1730) User=0.01s Sys=0.00s Real=0.00s
[14.481s][info ][gc,start       ] GC(1731) Pause Young (Allocation Failure)
[14.481s][debug][gc,phases      ] GC(1731) Scavenge 0.435ms
[14.481s][debug][gc,phases      ] GC(1731) Reference Processing 0.021ms
[14.481s][debug][gc,phases      ] GC(1731) Weak Processing 0.013ms
[14.481s][debug][gc,phases      ] GC(1731) Scrub String Table 0.068ms
[14.481s][debug][gc,age         ] GC(1731) Desired survivor size 4194304 bytes, new threshold 1 (max threshold 15)
[14.481s][info ][gc,heap        ] GC(1731) PSYoungGen: 16143K->2145K(17408K)
[14.481s][info ][gc,heap        ] GC(1731) ParOldGen: 29021K->29029K(41984K)
[14.481s][info ][gc,metaspace   ] GC(1731) Metaspace: 15861K->15861K(1064960K)
[14.482s][info ][gc             ] GC(1731) Pause Young (Allocation Failure) 44M->30M(58M) 0.723ms
[14.482s][info ][gc,cpu         ] GC(1731) User=0.01s Sys=0.00s Real=0.00s
[14.483s][info ][gc,start       ] GC(1732) Pause Young (Allocation Failure)
[14.483s][debug][gc,phases      ] GC(1732) Scavenge 0.629ms
[14.483s][debug][gc,phases      ] GC(1732) Reference Processing 0.025ms
[14.483s][debug][gc,phases      ] GC(1732) Weak Processing 0.015ms
[14.484s][debug][gc,phases      ] GC(1732) Scrub String Table 0.081ms
[14.484s][debug][gc,age         ] GC(1732) Desired survivor size 4194304 bytes, new threshold 1 (max threshold 15)
[14.484s][info ][gc,heap        ] GC(1732) PSYoungGen: 15297K->2567K(17408K)
[14.484s][info ][gc,heap        ] GC(1732) ParOldGen: 29029K->29029K(41984K)
[14.484s][info ][gc,metaspace   ] GC(1732) Metaspace: 15861K->15861K(1064960K)
[14.484s][info ][gc             ] GC(1732) Pause Young (Allocation Failure) 43M->30M(58M) 0.968ms
[14.484s][info ][gc,cpu         ] GC(1732) User=0.01s Sys=0.00s Real=0.00s
[14.485s][info ][gc,start       ] GC(1733) Pause Young (Allocation Failure)
[14.485s][debug][gc,phases      ] GC(1733) Scavenge 0.287ms
[14.485s][debug][gc,phases      ] GC(1733) Reference Processing 0.018ms
[14.485s][debug][gc,phases      ] GC(1733) Weak Processing 0.010ms
[14.485s][debug][gc,phases      ] GC(1733) Scrub String Table 0.068ms
[14.485s][debug][gc,age         ] GC(1733) Desired survivor size 4194304 bytes, new threshold 1 (max threshold 15)
[14.485s][info ][gc,heap        ] GC(1733) PSYoungGen: 15720K->1427K(17408K)
[14.485s][info ][gc,heap        ] GC(1733) ParOldGen: 29029K->29029K(41984K)
[14.485s][info ][gc,metaspace   ] GC(1733) Metaspace: 15861K->15861K(1064960K)
[14.485s][info ][gc             ] GC(1733) Pause Young (Allocation Failure) 43M->29M(58M) 0.566ms
[14.485s][info ][gc,cpu         ] GC(1733) User=0.00s Sys=0.01s Real=0.00s
[14.486s][info ][gc,start       ] GC(1734) Pause Young (Allocation Failure)
[14.487s][debug][gc,phases      ] GC(1734) Scavenge 0.458ms
[14.487s][debug][gc,phases      ] GC(1734) Reference Processing 0.025ms
[14.487s][debug][gc,phases      ] GC(1734) Weak Processing 0.011ms
[14.487s][debug][gc,phases      ] GC(1734) Scrub String Table 0.070ms
[14.487s][debug][gc,age         ] GC(1734) Desired survivor size 4194304 bytes, new threshold 1 (max threshold 15)
[14.487s][info ][gc,heap        ] GC(1734) PSYoungGen: 14580K->2958K(17408K)
[14.487s][info ][gc,heap        ] GC(1734) ParOldGen: 29029K->29029K(41984K)
[14.487s][info ][gc,metaspace   ] GC(1734) Metaspace: 15861K->15861K(1064960K)
[14.487s][info ][gc             ] GC(1734) Pause Young (Allocation Failure) 42M->31M(58M) 0.772ms
[14.487s][info ][gc,cpu         ] GC(1734) User=0.00s Sys=0.00s Real=0.01s
[14.488s][info ][gc,start       ] GC(1735) Pause Young (Allocation Failure)
[14.489s][debug][gc,phases      ] GC(1735) Scavenge 0.489ms
[14.489s][debug][gc,phases      ] GC(1735) Reference Processing 0.022ms
[14.489s][debug][gc,phases      ] GC(1735) Weak Processing 0.011ms
[14.489s][debug][gc,phases      ] GC(1735) Scrub String Table 0.070ms
[14.489s][debug][gc,age         ] GC(1735) Desired survivor size 4194304 bytes, new threshold 1 (max threshold 15)
[14.489s][info ][gc,heap        ] GC(1735) PSYoungGen: 16111K->2209K(17408K)
[14.489s][info ][gc,heap        ] GC(1735) ParOldGen: 29029K->29029K(41984K)
[14.489s][info ][gc,metaspace   ] GC(1735) Metaspace: 15861K->15861K(1064960K)
[14.489s][info ][gc             ] GC(1735) Pause Young (Allocation Failure) 44M->30M(58M) 0.818ms
[14.489s][info ][gc,cpu         ] GC(1735) User=0.00s Sys=0.00s Real=0.00s
[14.490s][info ][gc,start       ] GC(1736) Pause Young (Allocation Failure)
[14.490s][debug][gc,phases      ] GC(1736) Scavenge 0.331ms
[14.490s][debug][gc,phases      ] GC(1736) Reference Processing 0.020ms
[14.490s][debug][gc,phases      ] GC(1736) Weak Processing 0.010ms
[14.490s][debug][gc,phases      ] GC(1736) Scrub String Table 0.068ms
[14.490s][debug][gc,age         ] GC(1736) Desired survivor size 4194304 bytes, new threshold 1 (max threshold 15)
[14.491s][info ][gc,heap        ] GC(1736) PSYoungGen: 15361K->2209K(17408K)
[14.491s][info ][gc,heap        ] GC(1736) ParOldGen: 29029K->29029K(41984K)
[14.491s][info ][gc,metaspace   ] GC(1736) Metaspace: 15861K->15861K(1064960K)
[14.491s][info ][gc             ] GC(1736) Pause Young (Allocation Failure) 43M->30M(58M) 0.629ms
[14.491s][info ][gc,cpu         ] GC(1736) User=0.00s Sys=0.00s Real=0.00s
[14.492s][info ][gc,start       ] GC(1737) Pause Young (Allocation Failure)
[14.492s][debug][gc,phases      ] GC(1737) Scavenge 0.449ms
[14.492s][debug][gc,phases      ] GC(1737) Reference Processing 0.017ms
[14.492s][debug][gc,phases      ] GC(1737) Weak Processing 0.012ms
[14.492s][debug][gc,phases      ] GC(1737) Scrub String Table 0.068ms
[14.492s][debug][gc,age         ] GC(1737) Desired survivor size 3670016 bytes, new threshold 1 (max threshold 15)
[14.492s][info ][gc,heap        ] GC(1737) PSYoungGen: 15361K->2599K(16384K)
[14.492s][info ][gc,heap        ] GC(1737) ParOldGen: 29029K->29029K(41984K)
[14.492s][info ][gc,metaspace   ] GC(1737) Metaspace: 15861K->15861K(1064960K)
[14.492s][info ][gc             ] GC(1737) Pause Young (Allocation Failure) 43M->30M(57M) 0.728ms
[14.492s][info ][gc,cpu         ] GC(1737) User=0.00s Sys=0.00s Real=0.00s
[14.493s][info ][gc,start       ] GC(1738) Pause Young (Allocation Failure)
[14.494s][debug][gc,phases      ] GC(1738) Scavenge 0.525ms
[14.494s][debug][gc,phases      ] GC(1738) Reference Processing 0.022ms
[14.494s][debug][gc,phases      ] GC(1738) Weak Processing 0.012ms
[14.494s][debug][gc,phases      ] GC(1738) Scrub String Table 0.074ms
[14.494s][debug][gc,age         ] GC(1738) Desired survivor size 4194304 bytes, new threshold 1 (max threshold 15)
[14.494s][info ][gc,heap        ] GC(1738) PSYoungGen: 15752K->2990K(16896K)
[14.494s][info ][gc,heap        ] GC(1738) ParOldGen: 29029K->29029K(41984K)
[14.494s][info ][gc,metaspace   ] GC(1738) Metaspace: 15861K->15861K(1064960K)
[14.494s][info ][gc             ] GC(1738) Pause Young (Allocation Failure) 43M->31M(57M) 0.877ms
[14.494s][info ][gc,cpu         ] GC(1738) User=0.01s Sys=0.00s Real=0.00s
[14.495s][info ][gc,start       ] GC(1739) Pause Young (Allocation Failure)
[14.496s][debug][gc,phases      ] GC(1739) Scavenge 0.287ms
[14.496s][debug][gc,phases      ] GC(1739) Reference Processing 0.018ms
[14.496s][debug][gc,phases      ] GC(1739) Weak Processing 0.012ms
[14.496s][debug][gc,phases      ] GC(1739) Scrub String Table 0.069ms
[14.496s][debug][gc,age         ] GC(1739) Desired survivor size 4194304 bytes, new threshold 1 (max threshold 15)
[14.496s][info ][gc,heap        ] GC(1739) PSYoungGen: 16143K->1427K(17408K)
[14.496s][info ][gc,heap        ] GC(1739) ParOldGen: 29029K->29029K(41984K)
[14.496s][info ][gc,metaspace   ] GC(1739) Metaspace: 15861K->15861K(1064960K)
[14.496s][info ][gc             ] GC(1739) Pause Young (Allocation Failure) 44M->29M(58M) 0.547ms
[14.496s][info ][gc,cpu         ] GC(1739) User=0.00s Sys=0.00s Real=0.00s
[14.497s][info ][gc,start       ] GC(1740) Pause Young (Allocation Failure)
[14.497s][debug][gc,phases      ] GC(1740) Scavenge 0.288ms
[14.497s][debug][gc,phases      ] GC(1740) Reference Processing 0.019ms
[14.497s][debug][gc,phases      ] GC(1740) Weak Processing 0.010ms
[14.497s][debug][gc,phases      ] GC(1740) Scrub String Table 0.068ms
[14.497s][debug][gc,age         ] GC(1740) Desired survivor size 4194304 bytes, new threshold 1 (max threshold 15)
[14.497s][info ][gc,heap        ] GC(1740) PSYoungGen: 14580K->1786K(17408K)
[14.497s][info ][gc,heap        ] GC(1740) ParOldGen: 29029K->29029K(41984K)
[14.497s][info ][gc,metaspace   ] GC(1740) Metaspace: 15861K->15861K(1064960K)
[14.497s][info ][gc             ] GC(1740) Pause Young (Allocation Failure) 42M->30M(58M) 0.569ms
[14.497s][info ][gc,cpu         ] GC(1740) User=0.00s Sys=0.00s Real=0.00s
[14.499s][info ][gc,start       ] GC(1741) Pause Young (Allocation Failure)
[14.500s][debug][gc,phases      ] GC(1741) Scavenge 0.923ms
[14.500s][debug][gc,phases      ] GC(1741) Reference Processing 0.020ms
[14.500s][debug][gc,phases      ] GC(1741) Weak Processing 0.013ms
[14.500s][debug][gc,phases      ] GC(1741) Scrub String Table 0.074ms
[14.500s][debug][gc,age         ] GC(1741) Desired survivor size 4194304 bytes, new threshold 1 (max threshold 15)
[14.500s][info ][gc,heap        ] GC(1741) PSYoungGen: 14939K->2926K(17408K)
[14.500s][info ][gc,heap        ] GC(1741) ParOldGen: 29029K->29029K(41984K)
[14.500s][info ][gc,metaspace   ] GC(1741) Metaspace: 15861K->15861K(1064960K)
[14.500s][info ][gc             ] GC(1741) Pause Young (Allocation Failure) 42M->31M(58M) 1.252ms
[14.500s][info ][gc,cpu         ] GC(1741) User=0.00s Sys=0.00s Real=0.00s
[14.501s][info ][gc,start       ] GC(1742) Pause Young (Allocation Failure)
[14.502s][debug][gc,phases      ] GC(1742) Scavenge 0.784ms
[14.502s][debug][gc,phases      ] GC(1742) Reference Processing 0.024ms
[14.502s][debug][gc,phases      ] GC(1742) Weak Processing 0.011ms
[14.502s][debug][gc,phases      ] GC(1742) Scrub String Table 0.069ms
[14.502s][debug][gc,age         ] GC(1742) Desired survivor size 4194304 bytes, new threshold 1 (max threshold 15)
[14.502s][info ][gc,heap        ] GC(1742) PSYoungGen: 16079K->2567K(17408K)
[14.502s][info ][gc,heap        ] GC(1742) ParOldGen: 29029K->29029K(41984K)
[14.502s][info ][gc,metaspace   ] GC(1742) Metaspace: 15861K->15861K(1064960K)
[14.502s][info ][gc             ] GC(1742) Pause Young (Allocation Failure) 44M->30M(58M) 1.108ms
[14.502s][info ][gc,cpu         ] GC(1742) User=0.00s Sys=0.00s Real=0.00s
[14.503s][info ][gc,start       ] GC(1743) Pause Young (Allocation Failure)
[14.503s][debug][gc,phases      ] GC(1743) Scavenge 0.442ms
[14.504s][debug][gc,phases      ] GC(1743) Reference Processing 0.019ms
[14.504s][debug][gc,phases      ] GC(1743) Weak Processing 0.011ms
[14.504s][debug][gc,phases      ] GC(1743) Scrub String Table 0.068ms
[14.504s][debug][gc,age         ] GC(1743) Desired survivor size 4194304 bytes, new threshold 1 (max threshold 15)
[14.504s][info ][gc,heap        ] GC(1743) PSYoungGen: 15720K->2599K(17408K)
[14.504s][info ][gc,heap        ] GC(1743) ParOldGen: 29029K->29029K(41984K)
[14.504s][info ][gc,metaspace   ] GC(1743) Metaspace: 15861K->15861K(1064960K)
[14.504s][info ][gc             ] GC(1743) Pause Young (Allocation Failure) 43M->30M(58M) 0.741ms
[14.504s][info ][gc,cpu         ] GC(1743) User=0.00s Sys=0.00s Real=0.00s
[14.505s][info ][gc,start       ] GC(1744) Pause Young (Allocation Failure)
[14.505s][debug][gc,phases      ] GC(1744) Scavenge 0.304ms
[14.505s][debug][gc,phases      ] GC(1744) Reference Processing 0.020ms
[14.505s][debug][gc,phases      ] GC(1744) Weak Processing 0.012ms
[14.505s][debug][gc,phases      ] GC(1744) Scrub String Table 0.080ms
[14.505s][debug][gc,age         ] GC(1744) Desired survivor size 4194304 bytes, new threshold 1 (max threshold 15)
[14.505s][info ][gc,heap        ] GC(1744) PSYoungGen: 15752K->1786K(17408K)
[14.505s][info ][gc,heap        ] GC(1744) ParOldGen: 29029K->29029K(41984K)
[14.505s][info ][gc,metaspace   ] GC(1744) Metaspace: 15861K->15861K(1064960K)
[14.505s][info ][gc             ] GC(1744) Pause Young (Allocation Failure) 43M->30M(58M) 0.647ms
[14.505s][info ][gc,cpu         ] GC(1744) User=0.00s Sys=0.00s Real=0.00s
[14.507s][info ][gc,start       ] GC(1745) Pause Young (Allocation Failure)
[14.508s][debug][gc,phases      ] GC(1745) Scavenge 1.039ms
[14.508s][debug][gc,phases      ] GC(1745) Reference Processing 0.020ms
[14.508s][debug][gc,phases      ] GC(1745) Weak Processing 0.011ms
[14.508s][debug][gc,phases      ] GC(1745) Scrub String Table 0.069ms
[14.508s][debug][gc,age         ] GC(1745) Desired survivor size 4194304 bytes, new threshold 1 (max threshold 15)
[14.508s][info ][gc,heap        ] GC(1745) PSYoungGen: 14908K->582K(17408K)
[14.508s][info ][gc,heap        ] GC(1745) ParOldGen: 29029K->29451K(41984K)
[14.508s][info ][gc,metaspace   ] GC(1745) Metaspace: 15861K->15861K(1064960K)
[14.508s][info ][gc             ] GC(1745) Pause Young (Allocation Failure) 42M->29M(58M) 1.375ms
[14.508s][info ][gc,cpu         ] GC(1745) User=0.00s Sys=0.00s Real=0.00s
[14.510s][info ][gc,start       ] GC(1746) Pause Young (Allocation Failure)
[14.512s][debug][gc,phases      ] GC(1746) Scavenge 1.731ms
[14.512s][debug][gc,phases      ] GC(1746) Reference Processing 0.033ms
[14.512s][debug][gc,phases      ] GC(1746) Weak Processing 0.015ms
[14.512s][debug][gc,phases      ] GC(1746) Scrub String Table 0.081ms
[14.512s][debug][gc,age         ] GC(1746) Desired survivor size 4194304 bytes, new threshold 1 (max threshold 15)
[14.512s][info ][gc,heap        ] GC(1746) PSYoungGen: 13746K->1299K(17408K)
[14.512s][info ][gc,heap        ] GC(1746) ParOldGen: 29451K->29451K(41984K)
[14.512s][info ][gc,metaspace   ] GC(1746) Metaspace: 15861K->15861K(1064960K)
[14.512s][info ][gc             ] GC(1746) Pause Young (Allocation Failure) 42M->30M(58M) 2.145ms
[14.512s][info ][gc,cpu         ] GC(1746) User=0.00s Sys=0.00s Real=0.00s
[14.513s][info ][gc,start       ] GC(1747) Pause Young (Allocation Failure)
[14.513s][debug][gc,phases      ] GC(1747) Scavenge 0.391ms
[14.513s][debug][gc,phases      ] GC(1747) Reference Processing 0.025ms
[14.514s][debug][gc,phases      ] GC(1747) Weak Processing 0.012ms
[14.514s][debug][gc,phases      ] GC(1747) Scrub String Table 0.080ms
[14.514s][debug][gc,age         ] GC(1747) Desired survivor size 4194304 bytes, new threshold 1 (max threshold 15)
[14.514s][info ][gc,heap        ] GC(1747) PSYoungGen: 14425K->2177K(17408K)
[14.514s][info ][gc,heap        ] GC(1747) ParOldGen: 29451K->29467K(41984K)
[14.514s][info ][gc,metaspace   ] GC(1747) Metaspace: 15861K->15861K(1064960K)
[14.514s][info ][gc             ] GC(1747) Pause Young (Allocation Failure) 42M->30M(58M) 0.713ms
[14.514s][info ][gc,cpu         ] GC(1747) User=0.00s Sys=0.00s Real=0.00s
[14.515s][info ][gc,start       ] GC(1748) Pause Young (Allocation Failure)
[14.516s][debug][gc,phases      ] GC(1748) Scavenge 1.300ms
[14.516s][debug][gc,phases      ] GC(1748) Reference Processing 0.034ms
[14.516s][debug][gc,phases      ] GC(1748) Weak Processing 0.032ms
[14.516s][debug][gc,phases      ] GC(1748) Scrub String Table 0.095ms
[14.516s][debug][gc,age         ] GC(1748) Desired survivor size 4194304 bytes, new threshold 1 (max threshold 15)
[14.517s][info ][gc,heap        ] GC(1748) PSYoungGen: 15318K->2535K(17408K)
[14.517s][info ][gc,heap        ] GC(1748) ParOldGen: 29467K->29491K(41984K)
[14.517s][info ][gc,metaspace   ] GC(1748) Metaspace: 15861K->15861K(1064960K)
[14.517s][info ][gc             ] GC(1748) Pause Young (Allocation Failure) 43M->31M(58M) 1.790ms
[14.517s][info ][gc,cpu         ] GC(1748) User=0.00s Sys=0.00s Real=0.01s
[14.518s][info ][gc,start       ] GC(1749) Pause Young (Allocation Failure)
[14.518s][debug][gc,phases      ] GC(1749) Scavenge 0.352ms
[14.518s][debug][gc,phases      ] GC(1749) Reference Processing 0.018ms
[14.518s][debug][gc,phases      ] GC(1749) Weak Processing 0.011ms
[14.518s][debug][gc,phases      ] GC(1749) Scrub String Table 0.069ms
[14.518s][debug][gc,age         ] GC(1749) Desired survivor size 3670016 bytes, new threshold 1 (max threshold 15)
[14.518s][info ][gc,heap        ] GC(1749) PSYoungGen: 15677K->1754K(16384K)
[14.518s][info ][gc,heap        ] GC(1749) ParOldGen: 29491K->29515K(41984K)
[14.518s][info ][gc,metaspace   ] GC(1749) Metaspace: 15861K->15861K(1064960K)
[14.519s][info ][gc             ] GC(1749) Pause Young (Allocation Failure) 44M->30M(57M) 0.687ms
[14.519s][info ][gc,cpu         ] GC(1749) User=0.00s Sys=0.00s Real=0.00s
[14.519s][info ][gc,start       ] GC(1750) Pause Young (Allocation Failure)
[14.520s][debug][gc,phases      ] GC(1750) Scavenge 0.553ms
[14.520s][debug][gc,phases      ] GC(1750) Reference Processing 0.028ms
[14.520s][debug][gc,phases      ] GC(1750) Weak Processing 0.014ms
[14.520s][debug][gc,phases      ] GC(1750) Scrub String Table 0.089ms
[14.520s][debug][gc,age         ] GC(1750) Desired survivor size 3670016 bytes, new threshold 1 (max threshold 15)
[14.520s][info ][gc,heap        ] GC(1750) PSYoungGen: 14931K->2209K(16896K)
[14.520s][info ][gc,heap        ] GC(1750) ParOldGen: 29515K->29523K(41984K)
[14.520s][info ][gc,metaspace   ] GC(1750) Metaspace: 15861K->15861K(1064960K)
[14.520s][info ][gc             ] GC(1750) Pause Young (Allocation Failure) 43M->30M(57M) 0.929ms
[14.520s][info ][gc,cpu         ] GC(1750) User=0.01s Sys=0.00s Real=0.00s
[14.521s][info ][gc,start       ] GC(1751) Pause Young (Allocation Failure)
[14.522s][debug][gc,phases      ] GC(1751) Scavenge 0.776ms
[14.522s][debug][gc,phases      ] GC(1751) Reference Processing 0.021ms
[14.522s][debug][gc,phases      ] GC(1751) Weak Processing 0.010ms
[14.522s][debug][gc,phases      ] GC(1751) Scrub String Table 0.069ms
[14.522s][debug][gc,age         ] GC(1751) Desired survivor size 4194304 bytes, new threshold 1 (max threshold 15)
[14.522s][info ][gc,heap        ] GC(1751) PSYoungGen: 15377K->2990K(16896K)
[14.522s][info ][gc,heap        ] GC(1751) ParOldGen: 29523K->29531K(41984K)
[14.522s][info ][gc,metaspace   ] GC(1751) Metaspace: 15861K->15861K(1064960K)
[14.522s][info ][gc             ] GC(1751) Pause Young (Allocation Failure) 43M->31M(57M) 1.062ms
[14.522s][info ][gc,cpu         ] GC(1751) User=0.01s Sys=0.00s Real=0.00s
[14.523s][info ][gc,start       ] GC(1752) Pause Young (Allocation Failure)
[14.524s][debug][gc,phases      ] GC(1752) Scavenge 0.574ms
[14.524s][debug][gc,phases      ] GC(1752) Reference Processing 0.022ms
[14.524s][debug][gc,phases      ] GC(1752) Weak Processing 0.011ms
[14.524s][debug][gc,phases      ] GC(1752) Scrub String Table 0.067ms
[14.524s][debug][gc,age         ] GC(1752) Desired survivor size 4194304 bytes, new threshold 1 (max threshold 15)
[14.524s][info ][gc,heap        ] GC(1752) PSYoungGen: 16153K->3771K(17408K)
[14.524s][info ][gc,heap        ] GC(1752) ParOldGen: 29531K->29531K(41984K)
[14.524s][info ][gc,metaspace   ] GC(1752) Metaspace: 15861K->15861K(1064960K)
[14.524s][info ][gc             ] GC(1752) Pause Young (Allocation Failure) 44M->32M(58M) 0.859ms
[14.524s][info ][gc,cpu         ] GC(1752) User=0.01s Sys=0.00s Real=0.00s
[14.525s][info ][gc,start       ] GC(1753) Pause Young (Allocation Failure)
[14.526s][debug][gc,phases      ] GC(1753) Scavenge 0.395ms
[14.526s][debug][gc,phases      ] GC(1753) Reference Processing 0.020ms
[14.526s][debug][gc,phases      ] GC(1753) Weak Processing 0.010ms
[14.526s][debug][gc,phases      ] GC(1753) Scrub String Table 0.071ms
[14.526s][debug][gc,age         ] GC(1753) Desired survivor size 4194304 bytes, new threshold 1 (max threshold 15)
[14.526s][info ][gc,heap        ] GC(1753) PSYoungGen: 16930K->2567K(17408K)
[14.526s][info ][gc,heap        ] GC(1753) ParOldGen: 29531K->29531K(41984K)
[14.526s][info ][gc,metaspace   ] GC(1753) Metaspace: 15861K->15861K(1064960K)
[14.526s][info ][gc             ] GC(1753) Pause Young (Allocation Failure) 45M->31M(58M) 0.686ms
[14.526s][info ][gc,cpu         ] GC(1753) User=0.01s Sys=0.00s Real=0.00s
[14.527s][info ][gc,start       ] GC(1754) Pause Young (Allocation Failure)
[14.528s][debug][gc,phases      ] GC(1754) Scavenge 1.126ms
[14.528s][debug][gc,phases      ] GC(1754) Reference Processing 0.020ms
[14.528s][debug][gc,phases      ] GC(1754) Weak Processing 0.011ms
[14.529s][debug][gc,phases      ] GC(1754) Scrub String Table 0.070ms
[14.529s][debug][gc,age         ] GC(1754) Desired survivor size 4194304 bytes, new threshold 1 (max threshold 15)
[14.529s][info ][gc,heap        ] GC(1754) PSYoungGen: 15724K->2145K(17408K)
[14.529s][info ][gc,heap        ] GC(1754) ParOldGen: 29531K->29531K(41984K)
[14.529s][info ][gc,metaspace   ] GC(1754) Metaspace: 15861K->15861K(1064960K)
[14.529s][info ][gc             ] GC(1754) Pause Young (Allocation Failure) 44M->30M(58M) 1.443ms
[14.529s][info ][gc,cpu         ] GC(1754) User=0.01s Sys=0.00s Real=0.00s
[14.530s][info ][gc,start       ] GC(1755) Pause Young (Allocation Failure)
[14.530s][debug][gc,phases      ] GC(1755) Scavenge 0.321ms
[14.530s][debug][gc,phases      ] GC(1755) Reference Processing 0.019ms
[14.530s][debug][gc,phases      ] GC(1755) Weak Processing 0.011ms
[14.530s][debug][gc,phases      ] GC(1755) Scrub String Table 0.070ms
[14.530s][debug][gc,age         ] GC(1755) Desired survivor size 4194304 bytes, new threshold 1 (max threshold 15)
[14.530s][info ][gc,heap        ] GC(1755) PSYoungGen: 15262K->1786K(17408K)
[14.530s][info ][gc,heap        ] GC(1755) ParOldGen: 29531K->29938K(41984K)
[14.530s][info ][gc,metaspace   ] GC(1755) Metaspace: 15861K->15861K(1064960K)
[14.530s][info ][gc             ] GC(1755) Pause Young (Allocation Failure) 43M->30M(58M) 0.616ms
[14.530s][info ][gc,cpu         ] GC(1755) User=0.01s Sys=0.00s Real=0.00s
[14.531s][info ][gc,start       ] GC(1756) Pause Young (Allocation Failure)
[14.532s][debug][gc,phases      ] GC(1756) Scavenge 0.411ms
[14.532s][debug][gc,phases      ] GC(1756) Reference Processing 0.028ms
[14.532s][debug][gc,phases      ] GC(1756) Weak Processing 0.015ms
[14.532s][debug][gc,phases      ] GC(1756) Scrub String Table 0.079ms
[14.532s][debug][gc,age         ] GC(1756) Desired survivor size 4194304 bytes, new threshold 1 (max threshold 15)
[14.532s][info ][gc,heap        ] GC(1756) PSYoungGen: 14954K->2177K(17408K)
[14.532s][info ][gc,heap        ] GC(1756) ParOldGen: 29938K->29938K(41984K)
[14.532s][info ][gc,metaspace   ] GC(1756) Metaspace: 15861K->15861K(1064960K)
[14.532s][info ][gc             ] GC(1756) Pause Young (Allocation Failure) 43M->31M(58M) 0.793ms
[14.532s][info ][gc,cpu         ] GC(1756) User=0.00s Sys=0.00s Real=0.00s
[14.533s][info ][gc,start       ] GC(1757) Pause Young (Allocation Failure)
[14.534s][debug][gc,phases      ] GC(1757) Scavenge 0.427ms
[14.534s][debug][gc,phases      ] GC(1757) Reference Processing 0.019ms
[14.534s][debug][gc,phases      ] GC(1757) Weak Processing 0.012ms
[14.534s][debug][gc,phases      ] GC(1757) Scrub String Table 0.070ms
[14.534s][debug][gc,age         ] GC(1757) Desired survivor size 3670016 bytes, new threshold 1 (max threshold 15)
[14.534s][info ][gc,heap        ] GC(1757) PSYoungGen: 15339K->2145K(16384K)
[14.534s][info ][gc,heap        ] GC(1757) ParOldGen: 29938K->29946K(41984K)
[14.534s][info ][gc,metaspace   ] GC(1757) Metaspace: 15861K->15861K(1064960K)
[14.534s][info ][gc             ] GC(1757) Pause Young (Allocation Failure) 44M->31M(57M) 0.791ms
[14.534s][info ][gc,cpu         ] GC(1757) User=0.00s Sys=0.00s Real=0.00s
[14.535s][info ][gc,start       ] GC(1758) Pause Young (Allocation Failure)
[14.535s][debug][gc,phases      ] GC(1758) Scavenge 0.425ms
[14.535s][debug][gc,phases      ] GC(1758) Reference Processing 0.020ms
[14.536s][debug][gc,phases      ] GC(1758) Weak Processing 0.011ms
[14.536s][debug][gc,phases      ] GC(1758) Scrub String Table 0.070ms
[14.536s][debug][gc,age         ] GC(1758) Desired survivor size 3670016 bytes, new threshold 1 (max threshold 15)
[14.536s][info ][gc,heap        ] GC(1758) PSYoungGen: 15304K->2209K(16896K)
[14.536s][info ][gc,heap        ] GC(1758) ParOldGen: 29946K->29946K(41984K)
[14.536s][info ][gc,metaspace   ] GC(1758) Metaspace: 15861K->15861K(1064960K)
[14.536s][info ][gc             ] GC(1758) Pause Young (Allocation Failure) 44M->31M(57M) 0.743ms
[14.536s][info ][gc,cpu         ] GC(1758) User=0.00s Sys=0.00s Real=0.00s
[14.537s][info ][gc,start       ] GC(1759) Pause Young (Allocation Failure)
[14.538s][debug][gc,phases      ] GC(1759) Scavenge 1.040ms
[14.538s][debug][gc,phases      ] GC(1759) Reference Processing 0.019ms
[14.538s][debug][gc,phases      ] GC(1759) Weak Processing 0.012ms
[14.538s][debug][gc,phases      ] GC(1759) Scrub String Table 0.069ms
[14.538s][debug][gc,age         ] GC(1759) Desired survivor size 3670016 bytes, new threshold 1 (max threshold 15)
[14.538s][info ][gc,heap        ] GC(1759) PSYoungGen: 15365K->1395K(17920K)
[14.538s][info ][gc,heap        ] GC(1759) ParOldGen: 29946K->29946K(41984K)
[14.538s][info ][gc,metaspace   ] GC(1759) Metaspace: 15861K->15861K(1064960K)
[14.538s][info ][gc             ] GC(1759) Pause Young (Allocation Failure) 44M->30M(58M) 1.347ms
[14.538s][info ][gc,cpu         ] GC(1759) User=0.00s Sys=0.00s Real=0.00s
[14.539s][info ][gc,start       ] GC(1760) Pause Young (Allocation Failure)
[14.540s][debug][gc,phases      ] GC(1760) Scavenge 0.479ms
[14.540s][debug][gc,phases      ] GC(1760) Reference Processing 0.022ms
[14.540s][debug][gc,phases      ] GC(1760) Weak Processing 0.012ms
[14.540s][debug][gc,phases      ] GC(1760) Scrub String Table 0.076ms
[14.540s][debug][gc,age         ] GC(1760) Desired survivor size 4194304 bytes, new threshold 1 (max threshold 15)
[14.540s][info ][gc,heap        ] GC(1760) PSYoungGen: 15352K->3381K(17920K)
[14.540s][info ][gc,heap        ] GC(1760) ParOldGen: 29946K->29946K(41984K)
[14.540s][info ][gc,metaspace   ] GC(1760) Metaspace: 15861K->15861K(1064960K)
[14.540s][info ][gc             ] GC(1760) Pause Young (Allocation Failure) 44M->32M(58M) 0.784ms
[14.540s][info ][gc,cpu         ] GC(1760) User=0.00s Sys=0.00s Real=0.00s
[14.541s][info ][gc,start       ] GC(1761) Pause Young (Allocation Failure)
[14.542s][debug][gc,phases      ] GC(1761) Scavenge 0.750ms
[14.542s][debug][gc,phases      ] GC(1761) Reference Processing 0.021ms
[14.542s][debug][gc,phases      ] GC(1761) Weak Processing 0.011ms
[14.542s][debug][gc,phases      ] GC(1761) Scrub String Table 0.069ms
[14.542s][debug][gc,age         ] GC(1761) Desired survivor size 4194304 bytes, new threshold 1 (max threshold 15)
[14.542s][info ][gc,heap        ] GC(1761) PSYoungGen: 17336K->2958K(16896K)
[14.542s][info ][gc,heap        ] GC(1761) ParOldGen: 29946K->29946K(41984K)
[14.542s][info ][gc,metaspace   ] GC(1761) Metaspace: 15861K->15861K(1064960K)
[14.542s][info ][gc             ] GC(1761) Pause Young (Allocation Failure) 46M->32M(57M) 1.038ms
[14.542s][info ][gc,cpu         ] GC(1761) User=0.00s Sys=0.01s Real=0.00s
[14.543s][info ][gc,start       ] GC(1762) Pause Young (Allocation Failure)
[14.544s][debug][gc,phases      ] GC(1762) Scavenge 0.455ms
[14.544s][debug][gc,phases      ] GC(1762) Reference Processing 0.018ms
[14.544s][debug][gc,phases      ] GC(1762) Weak Processing 0.010ms
[14.544s][debug][gc,phases      ] GC(1762) Scrub String Table 0.069ms
[14.544s][debug][gc,age         ] GC(1762) Desired survivor size 4718592 bytes, new threshold 1 (max threshold 15)
[14.544s][info ][gc,heap        ] GC(1762) PSYoungGen: 16112K->3381K(16896K)
[14.544s][info ][gc,heap        ] GC(1762) ParOldGen: 29946K->29946K(41984K)
[14.544s][info ][gc,metaspace   ] GC(1762) Metaspace: 15861K->15861K(1064960K)
[14.544s][info ][gc             ] GC(1762) Pause Young (Allocation Failure) 44M->32M(57M) 0.745ms
[14.544s][info ][gc,cpu         ] GC(1762) User=0.00s Sys=0.00s Real=0.00s
[14.545s][info ][gc,start       ] GC(1763) Pause Young (Allocation Failure)
[14.545s][debug][gc,phases      ] GC(1763) Scavenge 0.420ms
[14.546s][debug][gc,phases      ] GC(1763) Reference Processing 0.018ms
[14.546s][debug][gc,phases      ] GC(1763) Weak Processing 0.011ms
[14.546s][debug][gc,phases      ] GC(1763) Scrub String Table 0.068ms
[14.546s][debug][gc,age         ] GC(1763) Desired survivor size 4194304 bytes, new threshold 1 (max threshold 15)
[14.546s][info ][gc,heap        ] GC(1763) PSYoungGen: 16534K->1818K(17408K)
[14.546s][info ][gc,heap        ] GC(1763) ParOldGen: 29946K->29946K(41984K)
[14.546s][info ][gc,metaspace   ] GC(1763) Metaspace: 15861K->15861K(1064960K)
[14.546s][info ][gc             ] GC(1763) Pause Young (Allocation Failure) 45M->31M(58M) 0.716ms
[14.546s][info ][gc,cpu         ] GC(1763) User=0.00s Sys=0.00s Real=0.00s
[14.547s][info ][gc,start       ] GC(1764) Pause Young (Allocation Failure)
[14.547s][debug][gc,phases      ] GC(1764) Scavenge 0.487ms
[14.547s][debug][gc,phases      ] GC(1764) Reference Processing 0.019ms
[14.547s][debug][gc,phases      ] GC(1764) Weak Processing 0.010ms
[14.547s][debug][gc,phases      ] GC(1764) Scrub String Table 0.068ms
[14.547s][debug][gc,age         ] GC(1764) Desired survivor size 4718592 bytes, new threshold 1 (max threshold 15)
[14.547s][info ][gc,heap        ] GC(1764) PSYoungGen: 14570K->2990K(16896K)
[14.547s][info ][gc,heap        ] GC(1764) ParOldGen: 29946K->29962K(41984K)
[14.547s][info ][gc,metaspace   ] GC(1764) Metaspace: 15861K->15861K(1064960K)
[14.547s][info ][gc             ] GC(1764) Pause Young (Allocation Failure) 43M->32M(57M) 0.776ms
[14.547s][info ][gc,cpu         ] GC(1764) User=0.00s Sys=0.00s Real=0.00s
[14.549s][info ][gc,start       ] GC(1765) Pause Young (Allocation Failure)
[14.549s][debug][gc,phases      ] GC(1765) Scavenge 0.449ms
[14.549s][debug][gc,phases      ] GC(1765) Reference Processing 0.022ms
[14.549s][debug][gc,phases      ] GC(1765) Weak Processing 0.011ms
[14.549s][debug][gc,phases      ] GC(1765) Scrub String Table 0.069ms
[14.549s][debug][gc,age         ] GC(1765) Desired survivor size 4718592 bytes, new threshold 1 (max threshold 15)
[14.549s][info ][gc,heap        ] GC(1765) PSYoungGen: 15742K->2958K(16896K)
[14.549s][info ][gc,heap        ] GC(1765) ParOldGen: 29962K->29962K(41984K)
[14.549s][info ][gc,metaspace   ] GC(1765) Metaspace: 15861K->15861K(1064960K)
[14.549s][info ][gc             ] GC(1765) Pause Young (Allocation Failure) 44M->32M(57M) 0.778ms
[14.549s][info ][gc,cpu         ] GC(1765) User=0.01s Sys=0.00s Real=0.00s
[14.550s][info ][gc,start       ] GC(1766) Pause Young (Allocation Failure)
[14.551s][debug][gc,phases      ] GC(1766) Scavenge 0.310ms
[14.551s][debug][gc,phases      ] GC(1766) Reference Processing 0.020ms
[14.551s][debug][gc,phases      ] GC(1766) Weak Processing 0.010ms
[14.551s][debug][gc,phases      ] GC(1766) Scrub String Table 0.069ms
[14.551s][debug][gc,age         ] GC(1766) Desired survivor size 4718592 bytes, new threshold 1 (max threshold 15)
[14.551s][info ][gc,heap        ] GC(1766) PSYoungGen: 14919K->1395K(16896K)
[14.551s][info ][gc,heap        ] GC(1766) ParOldGen: 29962K->29970K(41984K)
[14.551s][info ][gc,metaspace   ] GC(1766) Metaspace: 15861K->15861K(1064960K)
[14.551s][info ][gc             ] GC(1766) Pause Young (Allocation Failure) 43M->30M(57M) 0.596ms
[14.551s][info ][gc,cpu         ] GC(1766) User=0.00s Sys=0.00s Real=0.00s
[14.552s][info ][gc,start       ] GC(1767) Pause Young (Allocation Failure)
[14.553s][debug][gc,phases      ] GC(1767) Scavenge 1.152ms
[14.553s][debug][gc,phases      ] GC(1767) Reference Processing 0.020ms
[14.553s][debug][gc,phases      ] GC(1767) Weak Processing 0.011ms
[14.553s][debug][gc,phases      ] GC(1767) Scrub String Table 0.072ms
[14.553s][debug][gc,age         ] GC(1767) Desired survivor size 4194304 bytes, new threshold 1 (max threshold 15)
[14.553s][info ][gc,heap        ] GC(1767) PSYoungGen: 13356K->2113K(15872K)
[14.554s][info ][gc,heap        ] GC(1767) ParOldGen: 29970K->29970K(41984K)
[14.554s][info ][gc,metaspace   ] GC(1767) Metaspace: 15861K->15861K(1064960K)
[14.554s][info ][gc             ] GC(1767) Pause Young (Allocation Failure) 42M->31M(56M) 1.547ms
[14.554s][info ][gc,cpu         ] GC(1767) User=0.01s Sys=0.00s Real=0.00s
[14.554s][info ][gc,start       ] GC(1768) Pause Young (Allocation Failure)
[14.555s][debug][gc,phases      ] GC(1768) Scavenge 0.350ms
[14.555s][debug][gc,phases      ] GC(1768) Reference Processing 0.019ms
[14.555s][debug][gc,phases      ] GC(1768) Weak Processing 0.011ms
[14.555s][debug][gc,phases      ] GC(1768) Scrub String Table 0.068ms
[14.555s][debug][gc,age         ] GC(1768) Desired survivor size 4194304 bytes, new threshold 1 (max threshold 15)
[14.555s][info ][gc,heap        ] GC(1768) PSYoungGen: 14073K->2177K(16384K)
[14.555s][info ][gc,heap        ] GC(1768) ParOldGen: 29970K->29970K(41984K)
[14.555s][info ][gc,metaspace   ] GC(1768) Metaspace: 15861K->15861K(1064960K)
[14.555s][info ][gc             ] GC(1768) Pause Young (Allocation Failure) 43M->31M(57M) 0.651ms
[14.555s][info ][gc,cpu         ] GC(1768) User=0.00s Sys=0.00s Real=0.00s
[14.556s][info ][gc,start       ] GC(1769) Pause Young (Allocation Failure)
[14.557s][debug][gc,phases      ] GC(1769) Scavenge 0.559ms
[14.557s][debug][gc,phases      ] GC(1769) Reference Processing 0.025ms
[14.557s][debug][gc,phases      ] GC(1769) Weak Processing 0.012ms
[14.557s][debug][gc,phases      ] GC(1769) Scrub String Table 0.072ms
[14.557s][debug][gc,age         ] GC(1769) Desired survivor size 4194304 bytes, new threshold 1 (max threshold 15)
[14.557s][info ][gc,heap        ] GC(1769) PSYoungGen: 14137K->2599K(17408K)
[14.557s][info ][gc,heap        ] GC(1769) ParOldGen: 29970K->29970K(41984K)
[14.557s][info ][gc,metaspace   ] GC(1769) Metaspace: 15861K->15861K(1064960K)
[14.557s][info ][gc             ] GC(1769) Pause Young (Allocation Failure) 43M->31M(58M) 0.885ms
[14.557s][info ][gc,cpu         ] GC(1769) User=0.00s Sys=0.00s Real=0.01s
[14.558s][info ][gc,start       ] GC(1770) Pause Young (Allocation Failure)
[14.559s][debug][gc,phases      ] GC(1770) Scavenge 1.013ms
[14.559s][debug][gc,phases      ] GC(1770) Reference Processing 0.020ms
[14.559s][debug][gc,phases      ] GC(1770) Weak Processing 0.010ms
[14.559s][debug][gc,phases      ] GC(1770) Scrub String Table 0.068ms
[14.559s][debug][gc,age         ] GC(1770) Desired survivor size 4194304 bytes, new threshold 1 (max threshold 15)
[14.559s][info ][gc,heap        ] GC(1770) PSYoungGen: 15752K->2177K(17408K)
[14.559s][info ][gc,heap        ] GC(1770) ParOldGen: 29970K->29970K(41984K)
[14.559s][info ][gc,metaspace   ] GC(1770) Metaspace: 15861K->15861K(1064960K)
[14.559s][info ][gc             ] GC(1770) Pause Young (Allocation Failure) 44M->31M(58M) 1.305ms
[14.559s][info ][gc,cpu         ] GC(1770) User=0.00s Sys=0.00s Real=0.00s
[14.560s][info ][gc,start       ] GC(1771) Pause Young (Allocation Failure)
[14.561s][debug][gc,phases      ] GC(1771) Scavenge 0.336ms
[14.561s][debug][gc,phases      ] GC(1771) Reference Processing 0.035ms
[14.561s][debug][gc,phases      ] GC(1771) Weak Processing 0.011ms
[14.561s][debug][gc,phases      ] GC(1771) Scrub String Table 0.070ms
[14.561s][debug][gc,age         ] GC(1771) Desired survivor size 4194304 bytes, new threshold 1 (max threshold 15)
[14.561s][info ][gc,heap        ] GC(1771) PSYoungGen: 15329K->1786K(17408K)
[14.561s][info ][gc,heap        ] GC(1771) ParOldGen: 29970K->29970K(41984K)
[14.561s][info ][gc,metaspace   ] GC(1771) Metaspace: 15861K->15861K(1064960K)
[14.561s][info ][gc             ] GC(1771) Pause Young (Allocation Failure) 44M->31M(58M) 0.643ms
[14.561s][info ][gc,cpu         ] GC(1771) User=0.00s Sys=0.00s Real=0.00s
[14.562s][info ][gc,start       ] GC(1772) Pause Young (Allocation Failure)
[14.563s][debug][gc,phases      ] GC(1772) Scavenge 0.342ms
[14.563s][debug][gc,phases      ] GC(1772) Reference Processing 0.021ms
[14.563s][debug][gc,phases      ] GC(1772) Weak Processing 0.010ms
[14.563s][debug][gc,phases      ] GC(1772) Scrub String Table 0.068ms
[14.563s][debug][gc,age         ] GC(1772) Desired survivor size 3670016 bytes, new threshold 1 (max threshold 15)
[14.563s][info ][gc,heap        ] GC(1772) PSYoungGen: 14939K->2209K(15872K)
[14.563s][info ][gc,heap        ] GC(1772) ParOldGen: 29970K->29970K(41984K)
[14.563s][info ][gc,metaspace   ] GC(1772) Metaspace: 15861K->15861K(1064960K)
[14.563s][info ][gc             ] GC(1772) Pause Young (Allocation Failure) 43M->31M(56M) 0.643ms
[14.563s][info ][gc,cpu         ] GC(1772) User=0.00s Sys=0.00s Real=0.00s
[14.564s][info ][gc,start       ] GC(1773) Pause Young (Allocation Failure)
[14.564s][debug][gc,phases      ] GC(1773) Scavenge 0.447ms
[14.564s][debug][gc,phases      ] GC(1773) Reference Processing 0.020ms
[14.565s][debug][gc,phases      ] GC(1773) Weak Processing 0.011ms
[14.565s][debug][gc,phases      ] GC(1773) Scrub String Table 0.069ms
[14.565s][debug][gc,age         ] GC(1773) Desired survivor size 4194304 bytes, new threshold 1 (max threshold 15)
[14.565s][info ][gc,heap        ] GC(1773) PSYoungGen: 15361K->2990K(16384K)
[14.565s][info ][gc,heap        ] GC(1773) ParOldGen: 29970K->29970K(41984K)
[14.565s][info ][gc,metaspace   ] GC(1773) Metaspace: 15861K->15861K(1064960K)
[14.565s][info ][gc             ] GC(1773) Pause Young (Allocation Failure) 44M->32M(57M) 0.748ms
[14.565s][info ][gc,cpu         ] GC(1773) User=0.00s Sys=0.00s Real=0.00s
[14.566s][info ][gc,start       ] GC(1774) Pause Young (Allocation Failure)
[14.567s][debug][gc,phases      ] GC(1774) Scavenge 0.699ms
[14.567s][debug][gc,phases      ] GC(1774) Reference Processing 0.036ms
[14.567s][debug][gc,phases      ] GC(1774) Weak Processing 0.015ms
[14.567s][debug][gc,phases      ] GC(1774) Scrub String Table 0.073ms
[14.567s][debug][gc,age         ] GC(1774) Desired survivor size 4194304 bytes, new threshold 1 (max threshold 15)
[14.567s][info ][gc,heap        ] GC(1774) PSYoungGen: 15742K->2177K(16896K)
[14.567s][info ][gc,heap        ] GC(1774) ParOldGen: 29970K->29970K(41984K)
[14.567s][info ][gc,metaspace   ] GC(1774) Metaspace: 15861K->15861K(1064960K)
[14.567s][info ][gc             ] GC(1774) Pause Young (Allocation Failure) 44M->31M(57M) 1.094ms
[14.567s][info ][gc,cpu         ] GC(1774) User=0.00s Sys=0.00s Real=0.01s
[14.568s][info ][gc,start       ] GC(1775) Pause Young (Allocation Failure)
[14.568s][debug][gc,phases      ] GC(1775) Scavenge 0.430ms
[14.568s][debug][gc,phases      ] GC(1775) Reference Processing 0.020ms
[14.568s][debug][gc,phases      ] GC(1775) Weak Processing 0.010ms
[14.568s][debug][gc,phases      ] GC(1775) Scrub String Table 0.068ms
[14.568s][debug][gc,age         ] GC(1775) Desired survivor size 4194304 bytes, new threshold 1 (max threshold 15)
[14.568s][info ][gc,heap        ] GC(1775) PSYoungGen: 14929K->2990K(17408K)
[14.568s][info ][gc,heap        ] GC(1775) ParOldGen: 29970K->29970K(41984K)
[14.568s][info ][gc,metaspace   ] GC(1775) Metaspace: 15861K->15861K(1064960K)
[14.568s][info ][gc             ] GC(1775) Pause Young (Allocation Failure) 43M->32M(58M) 0.718ms
[14.568s][info ][gc,cpu         ] GC(1775) User=0.00s Sys=0.00s Real=0.00s
[14.570s][info ][gc,start       ] GC(1776) Pause Young (Allocation Failure)
[14.570s][debug][gc,phases      ] GC(1776) Scavenge 0.534ms
[14.570s][debug][gc,phases      ] GC(1776) Reference Processing 0.030ms
[14.570s][debug][gc,phases      ] GC(1776) Weak Processing 0.021ms
[14.570s][debug][gc,phases      ] GC(1776) Scrub String Table 0.071ms
[14.570s][debug][gc,age         ] GC(1776) Desired survivor size 4194304 bytes, new threshold 1 (max threshold 15)
[14.570s][info ][gc,heap        ] GC(1776) PSYoungGen: 16143K->2990K(17408K)
[14.570s][info ][gc,heap        ] GC(1776) ParOldGen: 29970K->29970K(41984K)
[14.570s][info ][gc,metaspace   ] GC(1776) Metaspace: 15861K->15861K(1064960K)
[14.570s][info ][gc             ] GC(1776) Pause Young (Allocation Failure) 45M->32M(58M) 0.864ms
[14.570s][info ][gc,cpu         ] GC(1776) User=0.00s Sys=0.00s Real=0.00s
[14.571s][info ][gc,start       ] GC(1777) Pause Young (Allocation Failure)
[14.572s][debug][gc,phases      ] GC(1777) Scavenge 0.637ms
[14.572s][debug][gc,phases      ] GC(1777) Reference Processing 0.047ms
[14.572s][debug][gc,phases      ] GC(1777) Weak Processing 0.011ms
[14.572s][debug][gc,phases      ] GC(1777) Scrub String Table 0.071ms
[14.572s][debug][gc,age         ] GC(1777) Desired survivor size 4194304 bytes, new threshold 1 (max threshold 15)
[14.572s][info ][gc,heap        ] GC(1777) PSYoungGen: 16143K->3381K(17408K)
[14.572s][info ][gc,heap        ] GC(1777) ParOldGen: 29970K->29970K(41984K)
[14.572s][info ][gc,metaspace   ] GC(1777) Metaspace: 15861K->15861K(1064960K)
[14.572s][info ][gc             ] GC(1777) Pause Young (Allocation Failure) 45M->32M(58M) 1.005ms
[14.572s][info ][gc,cpu         ] GC(1777) User=0.01s Sys=0.00s Real=0.00s
[14.574s][info ][gc,start       ] GC(1778) Pause Young (Allocation Failure)
[14.574s][debug][gc,phases      ] GC(1778) Scavenge 0.383ms
[14.574s][debug][gc,phases      ] GC(1778) Reference Processing 0.020ms
[14.574s][debug][gc,phases      ] GC(1778) Weak Processing 0.011ms
[14.574s][debug][gc,phases      ] GC(1778) Scrub String Table 0.068ms
[14.574s][debug][gc,age         ] GC(1778) Desired survivor size 4194304 bytes, new threshold 1 (max threshold 15)
[14.574s][info ][gc,heap        ] GC(1778) PSYoungGen: 16533K->2209K(17408K)
[14.574s][info ][gc,heap        ] GC(1778) ParOldGen: 29970K->29970K(41984K)
[14.574s][info ][gc,metaspace   ] GC(1778) Metaspace: 15861K->15861K(1064960K)
[14.574s][info ][gc             ] GC(1778) Pause Young (Allocation Failure) 45M->31M(58M) 0.662ms
[14.574s][info ][gc,cpu         ] GC(1778) User=0.00s Sys=0.00s Real=0.00s
[14.575s][info ][gc,start       ] GC(1779) Pause Young (Allocation Failure)
[14.577s][debug][gc,phases      ] GC(1779) Scavenge 1.125ms
[14.577s][debug][gc,phases      ] GC(1779) Reference Processing 0.022ms
[14.577s][debug][gc,phases      ] GC(1779) Weak Processing 0.011ms
[14.577s][debug][gc,phases      ] GC(1779) Scrub String Table 0.070ms
[14.577s][debug][gc,age         ] GC(1779) Desired survivor size 4194304 bytes, new threshold 1 (max threshold 15)
[14.577s][info ][gc,heap        ] GC(1779) PSYoungGen: 15361K->1754K(17408K)
[14.577s][info ][gc,heap        ] GC(1779) ParOldGen: 29970K->29970K(41984K)
[14.577s][info ][gc,metaspace   ] GC(1779) Metaspace: 15861K->15861K(1064960K)
[14.577s][info ][gc             ] GC(1779) Pause Young (Allocation Failure) 44M->30M(58M) 1.448ms
[14.577s][info ][gc,cpu         ] GC(1779) User=0.01s Sys=0.00s Real=0.01s
[14.578s][info ][gc,start       ] GC(1780) Pause Young (Allocation Failure)
[14.579s][debug][gc,phases      ] GC(1780) Scavenge 1.024ms
[14.579s][debug][gc,phases      ] GC(1780) Reference Processing 0.024ms
[14.579s][debug][gc,phases      ] GC(1780) Weak Processing 0.010ms
[14.579s][debug][gc,phases      ] GC(1780) Scrub String Table 0.069ms
[14.579s][debug][gc,age         ] GC(1780) Desired survivor size 4194304 bytes, new threshold 1 (max threshold 15)
[14.579s][info ][gc,heap        ] GC(1780) PSYoungGen: 14907K->2177K(17408K)
[14.579s][info ][gc,heap        ] GC(1780) ParOldGen: 29970K->30002K(41984K)
[14.579s][info ][gc,metaspace   ] GC(1780) Metaspace: 15861K->15861K(1064960K)
[14.579s][info ][gc             ] GC(1780) Pause Young (Allocation Failure) 43M->31M(58M) 1.343ms
[14.579s][info ][gc,cpu         ] GC(1780) User=0.00s Sys=0.00s Real=0.00s
[14.580s][info ][gc,start       ] GC(1781) Pause Young (Allocation Failure)
[14.581s][debug][gc,phases      ] GC(1781) Scavenge 0.329ms
[14.581s][debug][gc,phases      ] GC(1781) Reference Processing 0.022ms
[14.581s][debug][gc,phases      ] GC(1781) Weak Processing 0.010ms
[14.581s][debug][gc,phases      ] GC(1781) Scrub String Table 0.072ms
[14.581s][debug][gc,age         ] GC(1781) Desired survivor size 4194304 bytes, new threshold 1 (max threshold 15)
[14.581s][info ][gc,heap        ] GC(1781) PSYoungGen: 15296K->973K(17408K)
[14.581s][info ][gc,heap        ] GC(1781) ParOldGen: 30002K->30026K(41984K)
[14.581s][info ][gc,metaspace   ] GC(1781) Metaspace: 15861K->15861K(1064960K)
[14.581s][info ][gc             ] GC(1781) Pause Young (Allocation Failure) 44M->30M(58M) 0.617ms
[14.581s][info ][gc,cpu         ] GC(1781) User=0.00s Sys=0.00s Real=0.00s
[14.582s][info ][gc,start       ] GC(1782) Pause Young (Allocation Failure)
[14.583s][debug][gc,phases      ] GC(1782) Scavenge 1.158ms
[14.583s][debug][gc,phases      ] GC(1782) Reference Processing 0.027ms
[14.583s][debug][gc,phases      ] GC(1782) Weak Processing 0.017ms
[14.583s][debug][gc,phases      ] GC(1782) Scrub String Table 0.100ms
[14.583s][debug][gc,age         ] GC(1782) Desired survivor size 4194304 bytes, new threshold 1 (max threshold 15)
[14.583s][info ][gc,heap        ] GC(1782) PSYoungGen: 14137K->2177K(17408K)
[14.583s][info ][gc,heap        ] GC(1782) ParOldGen: 30026K->30042K(41984K)
[14.583s][info ][gc,metaspace   ] GC(1782) Metaspace: 15861K->15861K(1064960K)
[14.583s][info ][gc             ] GC(1782) Pause Young (Allocation Failure) 43M->31M(58M) 1.568ms
[14.584s][info ][gc,cpu         ] GC(1782) User=0.00s Sys=0.00s Real=0.00s
[14.584s][info ][gc,start       ] GC(1783) Pause Young (Allocation Failure)
[14.585s][debug][gc,phases      ] GC(1783) Scavenge 0.345ms
[14.585s][debug][gc,phases      ] GC(1783) Reference Processing 0.025ms
[14.585s][debug][gc,phases      ] GC(1783) Weak Processing 0.011ms
[14.585s][debug][gc,phases      ] GC(1783) Scrub String Table 0.073ms
[14.585s][debug][gc,age         ] GC(1783) Desired survivor size 4194304 bytes, new threshold 1 (max threshold 15)
[14.585s][info ][gc,heap        ] GC(1783) PSYoungGen: 15337K->2209K(17408K)
[14.585s][info ][gc,heap        ] GC(1783) ParOldGen: 30042K->30058K(41984K)
[14.585s][info ][gc,metaspace   ] GC(1783) Metaspace: 15861K->15861K(1064960K)
[14.585s][info ][gc             ] GC(1783) Pause Young (Allocation Failure) 44M->31M(58M) 0.637ms
[14.585s][info ][gc,cpu         ] GC(1783) User=0.00s Sys=0.00s Real=0.00s
[14.586s][info ][gc,start       ] GC(1784) Pause Young (Allocation Failure)
[14.587s][debug][gc,phases      ] GC(1784) Scavenge 0.499ms
[14.587s][debug][gc,phases      ] GC(1784) Reference Processing 0.042ms
[14.587s][debug][gc,phases      ] GC(1784) Weak Processing 0.016ms
[14.587s][debug][gc,phases      ] GC(1784) Scrub String Table 0.092ms
[14.587s][debug][gc,age         ] GC(1784) Desired survivor size 4194304 bytes, new threshold 1 (max threshold 15)
[14.587s][info ][gc,heap        ] GC(1784) PSYoungGen: 15366K->2990K(17408K)
[14.587s][info ][gc,heap        ] GC(1784) ParOldGen: 30058K->30074K(41984K)
[14.587s][info ][gc,metaspace   ] GC(1784) Metaspace: 15861K->15861K(1064960K)
[14.587s][info ][gc             ] GC(1784) Pause Young (Allocation Failure) 44M->32M(58M) 0.945ms
[14.587s][info ][gc,cpu         ] GC(1784) User=0.01s Sys=0.00s Real=0.00s
[14.588s][info ][gc,start       ] GC(1785) Pause Young (Allocation Failure)
[14.590s][debug][gc,phases      ] GC(1785) Scavenge 1.143ms
[14.590s][debug][gc,phases      ] GC(1785) Reference Processing 0.019ms
[14.590s][debug][gc,phases      ] GC(1785) Weak Processing 0.012ms
[14.590s][debug][gc,phases      ] GC(1785) Scrub String Table 0.071ms
[14.590s][debug][gc,age         ] GC(1785) Desired survivor size 4194304 bytes, new threshold 1 (max threshold 15)
[14.590s][info ][gc,heap        ] GC(1785) PSYoungGen: 16146K->2958K(17408K)
[14.590s][info ][gc,heap        ] GC(1785) ParOldGen: 30074K->30082K(41984K)
[14.590s][info ][gc,metaspace   ] GC(1785) Metaspace: 15861K->15861K(1064960K)
[14.590s][info ][gc             ] GC(1785) Pause Young (Allocation Failure) 45M->32M(58M) 1.428ms
[14.590s][info ][gc,cpu         ] GC(1785) User=0.01s Sys=0.00s Real=0.00s
[14.591s][info ][gc,start       ] GC(1786) Pause Young (Allocation Failure)
[14.591s][debug][gc,phases      ] GC(1786) Scavenge 0.535ms
[14.591s][debug][gc,phases      ] GC(1786) Reference Processing 0.026ms
[14.592s][debug][gc,phases      ] GC(1786) Weak Processing 0.016ms
[14.592s][debug][gc,phases      ] GC(1786) Scrub String Table 0.084ms
[14.592s][debug][gc,age         ] GC(1786) Desired survivor size 4194304 bytes, new threshold 1 (max threshold 15)
[14.592s][info ][gc,heap        ] GC(1786) PSYoungGen: 16113K->2567K(17408K)
[14.592s][info ][gc,heap        ] GC(1786) ParOldGen: 30082K->30090K(41984K)
[14.592s][info ][gc,metaspace   ] GC(1786) Metaspace: 15861K->15861K(1064960K)
[14.592s][info ][gc             ] GC(1786) Pause Young (Allocation Failure) 45M->31M(58M) 0.894ms
[14.592s][info ][gc,cpu         ] GC(1786) User=0.00s Sys=0.00s Real=0.00s
[14.593s][info ][gc,start       ] GC(1787) Pause Young (Allocation Failure)
[14.594s][debug][gc,phases      ] GC(1787) Scavenge 1.142ms
[14.594s][debug][gc,phases      ] GC(1787) Reference Processing 0.021ms
[14.594s][debug][gc,phases      ] GC(1787) Weak Processing 0.012ms
[14.594s][debug][gc,phases      ] GC(1787) Scrub String Table 0.073ms
[14.594s][debug][gc,age         ] GC(1787) Desired survivor size 4194304 bytes, new threshold 1 (max threshold 15)
[14.594s][info ][gc,heap        ] GC(1787) PSYoungGen: 15721K->2145K(17408K)
[14.594s][info ][gc,heap        ] GC(1787) ParOldGen: 30090K->30114K(41984K)
[14.594s][info ][gc,metaspace   ] GC(1787) Metaspace: 15861K->15861K(1064960K)
[14.594s][info ][gc             ] GC(1787) Pause Young (Allocation Failure) 44M->31M(58M) 1.490ms
[14.594s][info ][gc,cpu         ] GC(1787) User=0.01s Sys=0.00s Real=0.00s
[14.595s][info ][gc,start       ] GC(1788) Pause Young (Allocation Failure)
[14.597s][debug][gc,phases      ] GC(1788) Scavenge 1.320ms
[14.597s][debug][gc,phases      ] GC(1788) Reference Processing 0.028ms
[14.597s][debug][gc,phases      ] GC(1788) Weak Processing 0.017ms
[14.597s][debug][gc,phases      ] GC(1788) Scrub String Table 0.091ms
[14.597s][debug][gc,age         ] GC(1788) Desired survivor size 4194304 bytes, new threshold 1 (max threshold 15)
[14.597s][info ][gc,heap        ] GC(1788) PSYoungGen: 15219K->2113K(17408K)
[14.597s][info ][gc,heap        ] GC(1788) ParOldGen: 30114K->30529K(41984K)
[14.597s][info ][gc,metaspace   ] GC(1788) Metaspace: 15861K->15861K(1064960K)
[14.597s][info ][gc             ] GC(1788) Pause Young (Allocation Failure) 44M->31M(58M) 1.717ms
[14.597s][info ][gc,cpu         ] GC(1788) User=0.00s Sys=0.00s Real=0.01s
[14.598s][info ][gc,start       ] GC(1789) Pause Young (Allocation Failure)
[14.600s][debug][gc,phases      ] GC(1789) Scavenge 1.629ms
[14.600s][debug][gc,phases      ] GC(1789) Reference Processing 0.043ms
[14.600s][debug][gc,phases      ] GC(1789) Weak Processing 0.018ms
[14.600s][debug][gc,phases      ] GC(1789) Scrub String Table 0.088ms
[14.600s][debug][gc,age         ] GC(1789) Desired survivor size 3670016 bytes, new threshold 1 (max threshold 15)
[14.600s][info ][gc,heap        ] GC(1789) PSYoungGen: 15256K->2535K(16384K)
[14.600s][info ][gc,heap        ] GC(1789) ParOldGen: 30529K->30943K(41984K)
[14.600s][info ][gc,metaspace   ] GC(1789) Metaspace: 15861K->15861K(1064960K)
[14.600s][info ][gc             ] GC(1789) Pause Young (Allocation Failure) 44M->32M(57M) 2.141ms
[14.600s][info ][gc,cpu         ] GC(1789) User=0.00s Sys=0.01s Real=0.00s
[14.602s][info ][gc,start       ] GC(1790) Pause Young (Allocation Failure)
[14.603s][debug][gc,phases      ] GC(1790) Scavenge 1.536ms
[14.603s][debug][gc,phases      ] GC(1790) Reference Processing 0.024ms
[14.603s][debug][gc,phases      ] GC(1790) Weak Processing 0.011ms
[14.603s][debug][gc,phases      ] GC(1790) Scrub String Table 0.078ms
[14.603s][debug][gc,age         ] GC(1790) Desired survivor size 4194304 bytes, new threshold 1 (max threshold 15)
[14.603s][info ][gc,heap        ] GC(1790) PSYoungGen: 15691K->909K(16896K)
[14.603s][info ][gc,heap        ] GC(1790) ParOldGen: 30943K->31748K(41984K)
[14.603s][info ][gc,metaspace   ] GC(1790) Metaspace: 15861K->15861K(1064960K)
[14.603s][info ][gc             ] GC(1790) Pause Young (Allocation Failure) 45M->31M(57M) 1.914ms
[14.604s][info ][gc,cpu         ] GC(1790) User=0.00s Sys=0.00s Real=0.00s
[14.605s][info ][gc,start       ] GC(1791) Pause Young (Allocation Failure)
[14.606s][debug][gc,phases      ] GC(1791) Scavenge 1.265ms
[14.606s][debug][gc,phases      ] GC(1791) Reference Processing 0.019ms
[14.606s][debug][gc,phases      ] GC(1791) Weak Processing 0.011ms
[14.606s][debug][gc,phases      ] GC(1791) Scrub String Table 0.070ms
[14.606s][debug][gc,age         ] GC(1791) Desired survivor size 3670016 bytes, new threshold 1 (max threshold 15)
[14.606s][info ][gc,heap        ] GC(1791) PSYoungGen: 14043K->2177K(17408K)
[14.606s][info ][gc,heap        ] GC(1791) ParOldGen: 31748K->31764K(41984K)
[14.606s][info ][gc,metaspace   ] GC(1791) Metaspace: 15861K->15861K(1064960K)
[14.606s][info ][gc             ] GC(1791) Pause Young (Allocation Failure) 44M->33M(58M) 1.627ms
[14.606s][info ][gc,cpu         ] GC(1791) User=0.01s Sys=0.00s Real=0.01s
[14.608s][info ][gc,start       ] GC(1792) Pause Young (Allocation Failure)
[14.609s][debug][gc,phases      ] GC(1792) Scavenge 1.124ms
[14.609s][debug][gc,phases      ] GC(1792) Reference Processing 0.023ms
[14.609s][debug][gc,phases      ] GC(1792) Weak Processing 0.011ms
[14.609s][debug][gc,phases      ] GC(1792) Scrub String Table 0.069ms
[14.609s][debug][gc,age         ] GC(1792) Desired survivor size 3670016 bytes, new threshold 1 (max threshold 15)
[14.609s][info ][gc,heap        ] GC(1792) PSYoungGen: 15724K->2113K(17408K)
[14.609s][info ][gc,heap        ] GC(1792) ParOldGen: 31764K->32578K(41984K)
[14.609s][info ][gc,metaspace   ] GC(1792) Metaspace: 15861K->15861K(1064960K)
[14.609s][info ][gc             ] GC(1792) Pause Young (Allocation Failure) 46M->33M(58M) 1.424ms
[14.609s][info ][gc,cpu         ] GC(1792) User=0.01s Sys=0.00s Real=0.00s
[14.610s][info ][gc,start       ] GC(1793) Pause Young (Allocation Failure)
[14.611s][debug][gc,phases      ] GC(1793) Scavenge 1.104ms
[14.611s][debug][gc,phases      ] GC(1793) Reference Processing 0.027ms
[14.611s][debug][gc,phases      ] GC(1793) Weak Processing 0.011ms
[14.611s][debug][gc,phases      ] GC(1793) Scrub String Table 0.070ms
[14.611s][debug][gc,age         ] GC(1793) Desired survivor size 3670016 bytes, new threshold 1 (max threshold 15)
[14.611s][info ][gc,heap        ] GC(1793) PSYoungGen: 15665K->2535K(17920K)
[14.611s][info ][gc,heap        ] GC(1793) ParOldGen: 32578K->32992K(41984K)
[14.611s][info ][gc,metaspace   ] GC(1793) Metaspace: 15861K->15861K(1064960K)
[14.612s][info ][gc             ] GC(1793) Pause Young (Allocation Failure) 47M->34M(58M) 1.412ms
[14.612s][info ][gc,cpu         ] GC(1793) User=0.01s Sys=0.00s Real=0.00s
[14.613s][info ][gc,start       ] GC(1794) Pause Young (Allocation Failure)
[14.614s][debug][gc,phases      ] GC(1794) Scavenge 1.185ms
[14.614s][debug][gc,phases      ] GC(1794) Reference Processing 0.022ms
[14.614s][debug][gc,phases      ] GC(1794) Weak Processing 0.010ms
[14.614s][debug][gc,phases      ] GC(1794) Scrub String Table 0.067ms
[14.614s][debug][gc,age         ] GC(1794) Desired survivor size 3670016 bytes, new threshold 1 (max threshold 15)
[14.614s][info ][gc,heap        ] GC(1794) PSYoungGen: 16501K->2535K(17920K)
[14.614s][info ][gc,heap        ] GC(1794) ParOldGen: 32992K->33407K(41984K)
[14.614s][info ][gc,metaspace   ] GC(1794) Metaspace: 15861K->15861K(1064960K)
[14.614s][info ][gc             ] GC(1794) Pause Young (Allocation Failure) 48M->35M(58M) 1.500ms
[14.614s][info ][gc,cpu         ] GC(1794) User=0.00s Sys=0.00s Real=0.00s
[14.615s][info ][gc,start       ] GC(1795) Pause Young (Allocation Failure)
[14.616s][debug][gc,phases      ] GC(1795) Scavenge 1.027ms
[14.616s][debug][gc,phases      ] GC(1795) Reference Processing 0.021ms
[14.616s][debug][gc,phases      ] GC(1795) Weak Processing 0.011ms
[14.616s][debug][gc,phases      ] GC(1795) Scrub String Table 0.070ms
[14.616s][debug][gc,age         ] GC(1795) Desired survivor size 4194304 bytes, new threshold 1 (max threshold 15)
[14.616s][info ][gc,heap        ] GC(1795) PSYoungGen: 16528K->3317K(16896K)
[14.616s][info ][gc,heap        ] GC(1795) ParOldGen: 33407K->33415K(41984K)
[14.616s][info ][gc,metaspace   ] GC(1795) Metaspace: 15861K->15861K(1064960K)
[14.617s][info ][gc             ] GC(1795) Pause Young (Allocation Failure) 48M->35M(57M) 1.327ms
[14.617s][info ][gc,cpu         ] GC(1795) User=0.00s Sys=0.00s Real=0.01s
[14.618s][info ][gc,start       ] GC(1796) Pause Young (Allocation Failure)
[14.619s][debug][gc,phases      ] GC(1796) Scavenge 1.184ms
[14.619s][debug][gc,phases      ] GC(1796) Reference Processing 0.026ms
[14.619s][debug][gc,phases      ] GC(1796) Weak Processing 0.012ms
[14.619s][debug][gc,phases      ] GC(1796) Scrub String Table 0.072ms
[14.619s][debug][gc,age         ] GC(1796) Desired survivor size 4194304 bytes, new threshold 1 (max threshold 15)
[14.619s][info ][gc,heap        ] GC(1796) PSYoungGen: 16463K->1690K(17408K)
[14.619s][info ][gc,heap        ] GC(1796) ParOldGen: 33415K->34228K(41984K)
[14.619s][info ][gc,metaspace   ] GC(1796) Metaspace: 15862K->15862K(1064960K)
[14.619s][info ][gc             ] GC(1796) Pause Young (Allocation Failure) 48M->35M(58M) 1.551ms
[14.619s][info ][gc,cpu         ] GC(1796) User=0.01s Sys=0.00s Real=0.00s
[14.620s][info ][gc,start       ] GC(1797) Pause Young (Allocation Failure)
[14.622s][debug][gc,phases      ] GC(1797) Scavenge 1.175ms
[14.622s][debug][gc,phases      ] GC(1797) Reference Processing 0.026ms
[14.622s][debug][gc,phases      ] GC(1797) Weak Processing 0.013ms
[14.622s][debug][gc,phases      ] GC(1797) Scrub String Table 0.069ms
[14.622s][debug][gc,age         ] GC(1797) Desired survivor size 4194304 bytes, new threshold 1 (max threshold 15)
[14.622s][info ][gc,heap        ] GC(1797) PSYoungGen: 14829K->2958K(17408K)
[14.622s][info ][gc,heap        ] GC(1797) ParOldGen: 34228K->34244K(41984K)
[14.622s][info ][gc,metaspace   ] GC(1797) Metaspace: 15867K->15867K(1064960K)
[14.622s][info ][gc             ] GC(1797) Pause Young (Allocation Failure) 47M->36M(58M) 1.576ms
[14.622s][info ][gc,cpu         ] GC(1797) User=0.01s Sys=0.00s Real=0.00s
[14.623s][info ][gc,start       ] GC(1798) Pause Young (Allocation Failure)
[14.624s][debug][gc,phases      ] GC(1798) Scavenge 0.719ms
[14.624s][debug][gc,phases      ] GC(1798) Reference Processing 0.017ms
[14.624s][debug][gc,phases      ] GC(1798) Weak Processing 0.011ms
[14.624s][debug][gc,phases      ] GC(1798) Scrub String Table 0.069ms
[14.624s][debug][gc,age         ] GC(1798) Desired survivor size 4194304 bytes, new threshold 1 (max threshold 15)
[14.624s][info ][gc,heap        ] GC(1798) PSYoungGen: 16101K->582K(17408K)
[14.624s][info ][gc,heap        ] GC(1798) ParOldGen: 34244K->34667K(41984K)
[14.624s][info ][gc,metaspace   ] GC(1798) Metaspace: 15867K->15867K(1064960K)
[14.624s][info ][gc             ] GC(1798) Pause Young (Allocation Failure) 49M->34M(58M) 0.976ms
[14.624s][info ][gc,cpu         ] GC(1798) User=0.00s Sys=0.00s Real=0.00s
[14.625s][info ][gc,start       ] GC(1799) Pause Young (Allocation Failure)
[14.626s][debug][gc,phases      ] GC(1799) Scavenge 0.625ms
[14.626s][debug][gc,phases      ] GC(1799) Reference Processing 0.029ms
[14.626s][debug][gc,phases      ] GC(1799) Weak Processing 0.011ms
[14.626s][debug][gc,phases      ] GC(1799) Scrub String Table 0.073ms
[14.626s][debug][gc,age         ] GC(1799) Desired survivor size 4194304 bytes, new threshold 1 (max threshold 15)
[14.626s][info ][gc,heap        ] GC(1799) PSYoungGen: 13768K->2567K(17408K)
[14.626s][info ][gc,heap        ] GC(1799) ParOldGen: 34667K->34675K(41984K)
[14.626s][info ][gc,metaspace   ] GC(1799) Metaspace: 15867K->15867K(1064960K)
[14.626s][info ][gc             ] GC(1799) Pause Young (Allocation Failure) 47M->36M(58M) 0.963ms
[14.626s][info ][gc,cpu         ] GC(1799) User=0.00s Sys=0.00s Real=0.00s
[14.627s][info ][gc,start       ] GC(1800) Pause Young (Allocation Failure)
[14.628s][debug][gc,phases      ] GC(1800) Scavenge 0.526ms
[14.628s][debug][gc,phases      ] GC(1800) Reference Processing 0.021ms
[14.628s][debug][gc,phases      ] GC(1800) Weak Processing 0.012ms
[14.628s][debug][gc,phases      ] GC(1800) Scrub String Table 0.073ms
[14.628s][debug][gc,age         ] GC(1800) Desired survivor size 4194304 bytes, new threshold 1 (max threshold 15)
[14.628s][info ][gc,heap        ] GC(1800) PSYoungGen: 15741K->2926K(17408K)
[14.628s][info ][gc,heap        ] GC(1800) ParOldGen: 34675K->34683K(41984K)
[14.628s][info ][gc,metaspace   ] GC(1800) Metaspace: 15867K->15867K(1064960K)
[14.628s][info ][gc             ] GC(1800) Pause Young (Allocation Failure) 49M->36M(58M) 0.843ms
[14.628s][info ][gc,cpu         ] GC(1800) User=0.00s Sys=0.00s Real=0.00s
[14.629s][info ][gc,start       ] GC(1801) Pause Young (Allocation Failure)
[14.630s][debug][gc,phases      ] GC(1801) Scavenge 0.814ms
[14.630s][debug][gc,phases      ] GC(1801) Reference Processing 0.020ms
[14.630s][debug][gc,phases      ] GC(1801) Weak Processing 0.012ms
[14.630s][debug][gc,phases      ] GC(1801) Scrub String Table 0.074ms
[14.630s][debug][gc,age         ] GC(1801) Desired survivor size 4194304 bytes, new threshold 1 (max threshold 15)
[14.630s][info ][gc,heap        ] GC(1801) PSYoungGen: 16092K->2177K(17408K)
[14.630s][info ][gc,heap        ] GC(1801) ParOldGen: 34683K->34683K(41984K)
[14.630s][info ][gc,metaspace   ] GC(1801) Metaspace: 15867K->15867K(1064960K)
[14.630s][info ][gc             ] GC(1801) Pause Young (Allocation Failure) 49M->35M(58M) 1.117ms
[14.630s][info ][gc,cpu         ] GC(1801) User=0.00s Sys=0.00s Real=0.00s
[14.631s][info ][gc,start       ] GC(1802) Pause Young (Allocation Failure)
[14.632s][debug][gc,phases      ] GC(1802) Scavenge 0.374ms
[14.632s][debug][gc,phases      ] GC(1802) Reference Processing 0.026ms
[14.632s][debug][gc,phases      ] GC(1802) Weak Processing 0.016ms
[14.632s][debug][gc,phases      ] GC(1802) Scrub String Table 0.081ms
[14.632s][debug][gc,age         ] GC(1802) Desired survivor size 4194304 bytes, new threshold 1 (max threshold 15)
[14.632s][info ][gc,heap        ] GC(1802) PSYoungGen: 15338K->2990K(17408K)
[14.632s][info ][gc,heap        ] GC(1802) ParOldGen: 34683K->34683K(41984K)
[14.632s][info ][gc,metaspace   ] GC(1802) Metaspace: 15867K->15867K(1064960K)
[14.632s][info ][gc             ] GC(1802) Pause Young (Allocation Failure) 48M->36M(58M) 0.730ms
[14.632s][info ][gc,cpu         ] GC(1802) User=0.00s Sys=0.00s Real=0.00s
[14.633s][info ][gc,start       ] GC(1803) Pause Young (Allocation Failure)
[14.634s][debug][gc,phases      ] GC(1803) Scavenge 0.456ms
[14.634s][debug][gc,phases      ] GC(1803) Reference Processing 0.044ms
[14.634s][debug][gc,phases      ] GC(1803) Weak Processing 0.016ms
[14.634s][debug][gc,phases      ] GC(1803) Scrub String Table 0.081ms
[14.634s][debug][gc,age         ] GC(1803) Desired survivor size 4194304 bytes, new threshold 1 (max threshold 15)
[14.634s][info ][gc,heap        ] GC(1803) PSYoungGen: 16148K->2177K(17408K)
[14.634s][info ][gc,heap        ] GC(1803) ParOldGen: 34683K->34683K(41984K)
[14.634s][info ][gc,metaspace   ] GC(1803) Metaspace: 15867K->15867K(1064960K)
[14.634s][info ][gc             ] GC(1803) Pause Young (Allocation Failure) 49M->35M(58M) 0.855ms
[14.634s][info ][gc,cpu         ] GC(1803) User=0.00s Sys=0.01s Real=0.00s
[14.635s][info ][gc,start       ] GC(1804) Pause Young (Allocation Failure)
[14.636s][debug][gc,phases      ] GC(1804) Scavenge 1.182ms
[14.636s][debug][gc,phases      ] GC(1804) Reference Processing 0.021ms
[14.636s][debug][gc,phases      ] GC(1804) Weak Processing 0.014ms
[14.637s][debug][gc,phases      ] GC(1804) Scrub String Table 0.088ms
[14.637s][debug][gc,age         ] GC(1804) Desired survivor size 4194304 bytes, new threshold 1 (max threshold 15)
[14.637s][info ][gc,heap        ] GC(1804) PSYoungGen: 15333K->3285K(17408K)
[14.637s][info ][gc,heap        ] GC(1804) ParOldGen: 34683K->34699K(41984K)
[14.637s][info ][gc,metaspace   ] GC(1804) Metaspace: 15867K->15867K(1064960K)
[14.637s][info ][gc             ] GC(1804) Pause Young (Allocation Failure) 48M->37M(58M) 1.543ms
[14.637s][info ][gc,cpu         ] GC(1804) User=0.01s Sys=0.00s Real=0.01s
[14.638s][info ][gc,start       ] GC(1805) Pause Young (Allocation Failure)
[14.639s][debug][gc,phases      ] GC(1805) Scavenge 1.306ms
[14.639s][debug][gc,phases      ] GC(1805) Reference Processing 0.055ms
[14.639s][debug][gc,phases      ] GC(1805) Weak Processing 0.015ms
[14.639s][debug][gc,phases      ] GC(1805) Scrub String Table 0.143ms
[14.639s][debug][gc,age         ] GC(1805) Desired survivor size 4194304 bytes, new threshold 1 (max threshold 15)
[14.640s][info ][gc,heap        ] GC(1805) PSYoungGen: 16440K->2958K(17408K)
[14.640s][info ][gc,heap        ] GC(1805) ParOldGen: 34699K->34699K(41984K)
[14.640s][info ][gc,metaspace   ] GC(1805) Metaspace: 15867K->15867K(1064960K)
[14.640s][info ][gc             ] GC(1805) Pause Young (Allocation Failure) 49M->36M(58M) 1.804ms
[14.640s][info ][gc,cpu         ] GC(1805) User=0.00s Sys=0.00s Real=0.00s
[14.643s][info ][gc,start       ] GC(1806) Pause Young (Allocation Failure)
[14.646s][debug][gc,phases      ] GC(1806) Scavenge 2.748ms
[14.646s][debug][gc,phases      ] GC(1806) Reference Processing 0.030ms
[14.646s][debug][gc,phases      ] GC(1806) Weak Processing 0.017ms
[14.646s][debug][gc,phases      ] GC(1806) Scrub String Table 0.083ms
[14.646s][debug][gc,age         ] GC(1806) Desired survivor size 4718592 bytes, new threshold 1 (max threshold 15)
[14.647s][info ][gc,heap        ] GC(1806) PSYoungGen: 15952K->64K(13824K)
[14.647s][info ][gc,heap        ] GC(1806) ParOldGen: 34699K->36285K(41984K)
[14.647s][info ][gc,metaspace   ] GC(1806) Metaspace: 15867K->15867K(1064960K)
[14.647s][info ][gc             ] GC(1806) Pause Young (Allocation Failure) 49M->35M(54M) 3.203ms
[14.647s][info ][gc,cpu         ] GC(1806) User=0.00s Sys=0.00s Real=0.01s
[14.648s][info ][gc,start       ] GC(1807) Pause Young (Allocation Failure)
[14.650s][debug][gc,phases      ] GC(1807) Scavenge 1.579ms
[14.650s][debug][gc,phases      ] GC(1807) Reference Processing 0.027ms
[14.650s][debug][gc,phases      ] GC(1807) Weak Processing 0.013ms
[14.650s][debug][gc,phases      ] GC(1807) Scrub String Table 0.072ms
[14.650s][debug][gc,age         ] GC(1807) Desired survivor size 4718592 bytes, new threshold 1 (max threshold 15)
[14.650s][info ][gc,heap        ] GC(1807) PSYoungGen: 13149K->1690K(16896K)
[14.650s][info ][gc,heap        ] GC(1807) ParOldGen: 36285K->36301K(41984K)
[14.650s][info ][gc,metaspace   ] GC(1807) Metaspace: 15867K->15867K(1064960K)
[14.650s][info ][gc             ] GC(1807) Pause Young (Allocation Failure) 48M->37M(57M) 1.940ms
[14.650s][info ][gc,cpu         ] GC(1807) User=0.00s Sys=0.00s Real=0.00s
[14.651s][info ][gc,start       ] GC(1808) Pause Young (Allocation Failure)
[14.654s][debug][gc,phases      ] GC(1808) Scavenge 2.524ms
[14.654s][debug][gc,phases      ] GC(1808) Reference Processing 0.031ms
[14.654s][debug][gc,phases      ] GC(1808) Weak Processing 0.018ms
[14.654s][debug][gc,phases      ] GC(1808) Scrub String Table 0.091ms
[14.654s][debug][gc,age         ] GC(1808) Desired survivor size 4194304 bytes, new threshold 1 (max threshold 15)
[14.654s][info ][gc,heap        ] GC(1808) PSYoungGen: 13641K->1690K(14336K)
[14.654s][info ][gc,heap        ] GC(1808) ParOldGen: 36301K->36325K(41984K)
[14.654s][info ][gc,metaspace   ] GC(1808) Metaspace: 15867K->15867K(1064960K)
[14.654s][info ][gc             ] GC(1808) Pause Young (Allocation Failure) 48M->37M(55M) 3.038ms
[14.654s][info ][gc,cpu         ] GC(1808) User=0.01s Sys=0.00s Real=0.00s
[14.655s][info ][gc,start       ] GC(1809) Pause Young (Allocation Failure)
[14.657s][debug][gc,phases      ] GC(1809) Scavenge 1.221ms
[14.657s][debug][gc,phases      ] GC(1809) Reference Processing 0.035ms
[14.657s][debug][gc,phases      ] GC(1809) Weak Processing 0.012ms
[14.657s][debug][gc,phases      ] GC(1809) Scrub String Table 0.084ms
[14.657s][debug][gc,age         ] GC(1809) Desired survivor size 4194304 bytes, new threshold 1 (max threshold 15)
[14.657s][info ][gc,heap        ] GC(1809) PSYoungGen: 13693K->1722K(16384K)
[14.657s][info ][gc,heap        ] GC(1809) ParOldGen: 36325K->36740K(41984K)
[14.657s][info ][gc,metaspace   ] GC(1809) Metaspace: 15867K->15867K(1064960K)
[14.657s][info ][gc             ] GC(1809) Pause Young (Allocation Failure) 48M->37M(57M) 1.595ms
[14.657s][info ][gc,cpu         ] GC(1809) User=0.00s Sys=0.00s Real=0.01s
[14.658s][info ][gc,start       ] GC(1810) Pause Young (Allocation Failure)
[14.660s][debug][gc,phases      ] GC(1810) Scavenge 1.532ms
[14.660s][debug][gc,phases      ] GC(1810) Reference Processing 0.022ms
[14.660s][debug][gc,phases      ] GC(1810) Weak Processing 0.013ms
[14.660s][debug][gc,phases      ] GC(1810) Scrub String Table 0.072ms
[14.660s][debug][gc,age         ] GC(1810) Desired survivor size 4194304 bytes, new threshold 1 (max threshold 15)
[14.660s][info ][gc,heap        ] GC(1810) PSYoungGen: 13714K->2503K(16384K)
[14.660s][info ][gc,heap        ] GC(1810) ParOldGen: 36740K->37147K(41984K)
[14.660s][info ][gc,metaspace   ] GC(1810) Metaspace: 15867K->15867K(1064960K)
[14.660s][info ][gc             ] GC(1810) Pause Young (Allocation Failure) 49M->38M(57M) 1.868ms
[14.660s][info ][gc,cpu         ] GC(1810) User=0.01s Sys=0.00s Real=0.00s
[14.661s][info ][gc,start       ] GC(1811) Pause Young (Allocation Failure)
[14.662s][debug][gc,phases      ] GC(1811) Scavenge 1.258ms
[14.662s][debug][gc,phases      ] GC(1811) Reference Processing 0.027ms
[14.662s][debug][gc,phases      ] GC(1811) Weak Processing 0.017ms
[14.663s][debug][gc,phases      ] GC(1811) Scrub String Table 0.083ms
[14.663s][debug][gc,age         ] GC(1811) Desired survivor size 4194304 bytes, new threshold 1 (max threshold 15)
[14.663s][info ][gc,heap        ] GC(1811) PSYoungGen: 14481K->1722K(17408K)
[14.663s][info ][gc,heap        ] GC(1811) ParOldGen: 37147K->37553K(41984K)
[14.663s][info ][gc,metaspace   ] GC(1811) Metaspace: 15867K->15867K(1064960K)
[14.663s][info ][gc             ] GC(1811) Pause Young (Allocation Failure) 50M->38M(58M) 1.681ms
[14.663s][info ][gc,cpu         ] GC(1811) User=0.01s Sys=0.00s Real=0.00s
[14.664s][info ][gc,start       ] GC(1812) Pause Young (Allocation Failure)
[14.665s][debug][gc,phases      ] GC(1812) Scavenge 1.103ms
[14.665s][debug][gc,phases      ] GC(1812) Reference Processing 0.021ms
[14.665s][debug][gc,phases      ] GC(1812) Weak Processing 0.011ms
[14.665s][debug][gc,phases      ] GC(1812) Scrub String Table 0.070ms
[14.665s][debug][gc,age         ] GC(1812) Desired survivor size 4194304 bytes, new threshold 1 (max threshold 15)
[14.665s][info ][gc,heap        ] GC(1812) PSYoungGen: 14925K->2926K(17408K)
[14.665s][info ][gc,heap        ] GC(1812) ParOldGen: 37553K->37561K(41984K)
[14.665s][info ][gc,metaspace   ] GC(1812) Metaspace: 15867K->15867K(1064960K)
[14.665s][info ][gc             ] GC(1812) Pause Young (Allocation Failure) 51M->39M(58M) 1.401ms
[14.665s][info ][gc,cpu         ] GC(1812) User=0.01s Sys=0.00s Real=0.00s
[14.666s][info ][gc,start       ] GC(1813) Pause Young (Allocation Failure)
[14.668s][debug][gc,phases      ] GC(1813) Scavenge 1.189ms
[14.668s][debug][gc,phases      ] GC(1813) Reference Processing 0.022ms
[14.668s][debug][gc,phases      ] GC(1813) Weak Processing 0.012ms
[14.668s][debug][gc,phases      ] GC(1813) Scrub String Table 0.068ms
[14.668s][debug][gc,age         ] GC(1813) Desired survivor size 4194304 bytes, new threshold 1 (max threshold 15)
[14.668s][info ][gc,heap        ] GC(1813) PSYoungGen: 16111K->1363K(17408K)
[14.668s][info ][gc,heap        ] GC(1813) ParOldGen: 37561K->37561K(41984K)
[14.668s][info ][gc,metaspace   ] GC(1813) Metaspace: 15867K->15867K(1064960K)
[14.668s][info ][gc             ] GC(1813) Pause Young (Allocation Failure) 52M->38M(58M) 1.527ms
[14.668s][info ][gc,cpu         ] GC(1813) User=0.01s Sys=0.00s Real=0.01s
[14.669s][info ][gc,start       ] GC(1814) Pause Young (Allocation Failure)
[14.670s][debug][gc,phases      ] GC(1814) Scavenge 0.863ms
[14.670s][debug][gc,phases      ] GC(1814) Reference Processing 0.038ms
[14.670s][debug][gc,phases      ] GC(1814) Weak Processing 0.017ms
[14.670s][debug][gc,phases      ] GC(1814) Scrub String Table 0.076ms
[14.670s][debug][gc,age         ] GC(1814) Desired survivor size 4194304 bytes, new threshold 1 (max threshold 15)
[14.670s][info ][gc,heap        ] GC(1814) PSYoungGen: 14537K->2145K(17408K)
[14.670s][info ][gc,heap        ] GC(1814) ParOldGen: 37561K->37585K(41984K)
[14.670s][info ][gc,metaspace   ] GC(1814) Metaspace: 15867K->15867K(1064960K)
[14.670s][info ][gc             ] GC(1814) Pause Young (Allocation Failure) 50M->38M(58M) 1.297ms
[14.670s][info ][gc,cpu         ] GC(1814) User=0.00s Sys=0.00s Real=0.00s
[14.671s][info ][gc,start       ] GC(1815) Pause Young (Allocation Failure)
[14.673s][debug][gc,phases      ] GC(1815) Scavenge 1.105ms
[14.673s][debug][gc,phases      ] GC(1815) Reference Processing 0.023ms
[14.673s][debug][gc,phases      ] GC(1815) Weak Processing 0.013ms
[14.673s][debug][gc,phases      ] GC(1815) Scrub String Table 0.097ms
[14.673s][debug][gc,age         ] GC(1815) Desired survivor size 4194304 bytes, new threshold 1 (max threshold 15)
[14.673s][info ][gc,heap        ] GC(1815) PSYoungGen: 15277K->2535K(17408K)
[14.673s][info ][gc,heap        ] GC(1815) ParOldGen: 37585K->37601K(41984K)
[14.673s][info ][gc,metaspace   ] GC(1815) Metaspace: 15867K->15867K(1064960K)
[14.673s][info ][gc             ] GC(1815) Pause Young (Allocation Failure) 51M->39M(58M) 1.491ms
[14.673s][info ][gc,cpu         ] GC(1815) User=0.01s Sys=0.00s Real=0.00s
[14.674s][info ][gc,start       ] GC(1816) Pause Young (Allocation Failure)
[14.675s][debug][gc,phases      ] GC(1816) Scavenge 1.223ms
[14.675s][debug][gc,phases      ] GC(1816) Reference Processing 0.027ms
[14.675s][debug][gc,phases      ] GC(1816) Weak Processing 0.011ms
[14.676s][debug][gc,phases      ] GC(1816) Scrub String Table 0.074ms
[14.676s][debug][gc,age         ] GC(1816) Desired survivor size 4194304 bytes, new threshold 1 (max threshold 15)
[14.676s][info ][gc,heap        ] GC(1816) PSYoungGen: 15668K->2599K(17408K)
[14.676s][info ][gc,heap        ] GC(1816) ParOldGen: 37601K->37617K(41984K)
[14.676s][info ][gc,metaspace   ] GC(1816) Metaspace: 15867K->15867K(1064960K)
[14.676s][info ][gc             ] GC(1816) Pause Young (Allocation Failure) 52M->39M(58M) 1.526ms
[14.676s][info ][gc,cpu         ] GC(1816) User=0.00s Sys=0.00s Real=0.00s
[14.677s][info ][gc,start       ] GC(1817) Pause Young (Allocation Failure)
[14.678s][debug][gc,phases      ] GC(1817) Scavenge 0.910ms
[14.678s][debug][gc,phases      ] GC(1817) Reference Processing 0.021ms
[14.678s][debug][gc,phases      ] GC(1817) Weak Processing 0.011ms
[14.678s][debug][gc,phases      ] GC(1817) Scrub String Table 0.068ms
[14.678s][debug][gc,age         ] GC(1817) Desired survivor size 4194304 bytes, new threshold 1 (max threshold 15)
[14.678s][info ][gc,heap        ] GC(1817) PSYoungGen: 15779K->2535K(17408K)
[14.678s][info ][gc,heap        ] GC(1817) ParOldGen: 37617K->37625K(41984K)
[14.678s][info ][gc,metaspace   ] GC(1817) Metaspace: 15867K->15867K(1064960K)
[14.678s][info ][gc             ] GC(1817) Pause Young (Allocation Failure) 52M->39M(58M) 1.223ms
[14.678s][info ][gc,cpu         ] GC(1817) User=0.00s Sys=0.00s Real=0.00s
[14.679s][info ][gc,start       ] GC(1818) Pause Young (Allocation Failure)
[14.680s][debug][gc,phases      ] GC(1818) Scavenge 1.122ms
[14.680s][debug][gc,phases      ] GC(1818) Reference Processing 0.040ms
[14.680s][debug][gc,phases      ] GC(1818) Weak Processing 0.012ms
[14.680s][debug][gc,phases      ] GC(1818) Scrub String Table 0.074ms
[14.680s][debug][gc,age         ] GC(1818) Desired survivor size 4194304 bytes, new threshold 1 (max threshold 15)
[14.680s][info ][gc,heap        ] GC(1818) PSYoungGen: 15706K->3349K(17408K)
[14.680s][info ][gc,heap        ] GC(1818) ParOldGen: 37625K->37633K(41984K)
[14.681s][info ][gc,metaspace   ] GC(1818) Metaspace: 15867K->15867K(1064960K)
[14.681s][info ][gc             ] GC(1818) Pause Young (Allocation Failure) 52M->40M(58M) 1.496ms
[14.681s][info ][gc,cpu         ] GC(1818) User=0.00s Sys=0.00s Real=0.00s
[14.682s][info ][gc,start       ] GC(1819) Pause Young (Allocation Failure)
[14.683s][debug][gc,phases      ] GC(1819) Scavenge 1.460ms
[14.683s][debug][gc,phases      ] GC(1819) Reference Processing 0.020ms
[14.683s][debug][gc,phases      ] GC(1819) Weak Processing 0.012ms
[14.683s][debug][gc,phases      ] GC(1819) Scrub String Table 0.077ms
[14.683s][debug][gc,age         ] GC(1819) Desired survivor size 4194304 bytes, new threshold 1 (max threshold 15)
[14.683s][info ][gc,heap        ] GC(1819) PSYoungGen: 16513K->2145K(17408K)
[14.683s][info ][gc,heap        ] GC(1819) ParOldGen: 37633K->38040K(41984K)
[14.683s][info ][gc,metaspace   ] GC(1819) Metaspace: 15867K->15867K(1064960K)
[14.683s][info ][gc             ] GC(1819) Pause Young (Allocation Failure) 52M->39M(58M) 1.816ms
[14.684s][info ][gc,cpu         ] GC(1819) User=0.01s Sys=0.00s Real=0.00s
[14.685s][info ][gc,start       ] GC(1820) Pause Young (Allocation Failure)
[14.686s][debug][gc,phases      ] GC(1820) Scavenge 1.186ms
[14.686s][debug][gc,phases      ] GC(1820) Reference Processing 0.028ms
[14.686s][debug][gc,phases      ] GC(1820) Weak Processing 0.027ms
[14.686s][debug][gc,phases      ] GC(1820) Scrub String Table 0.070ms
[14.686s][debug][gc,age         ] GC(1820) Desired survivor size 4194304 bytes, new threshold 1 (max threshold 15)
[14.686s][info ][gc,heap        ] GC(1820) PSYoungGen: 15305K->2926K(17408K)
[14.686s][info ][gc,heap        ] GC(1820) ParOldGen: 38040K->38040K(41984K)
[14.686s][info ][gc,metaspace   ] GC(1820) Metaspace: 15867K->15867K(1064960K)
[14.686s][info ][gc             ] GC(1820) Pause Young (Allocation Failure) 52M->40M(58M) 1.642ms
[14.686s][info ][gc,cpu         ] GC(1820) User=0.01s Sys=0.00s Real=0.00s
[14.688s][info ][gc,start       ] GC(1821) Pause Young (Allocation Failure)
[14.689s][debug][gc,phases      ] GC(1821) Scavenge 1.208ms
[14.689s][debug][gc,phases      ] GC(1821) Reference Processing 0.020ms
[14.689s][debug][gc,phases      ] GC(1821) Weak Processing 0.011ms
[14.689s][debug][gc,phases      ] GC(1821) Scrub String Table 0.069ms
[14.689s][debug][gc,age         ] GC(1821) Desired survivor size 4194304 bytes, new threshold 1 (max threshold 15)
[14.689s][info ][gc,heap        ] GC(1821) PSYoungGen: 16061K->1331K(17408K)
[14.689s][info ][gc,heap        ] GC(1821) ParOldGen: 38040K->38447K(41984K)
[14.689s][info ][gc,metaspace   ] GC(1821) Metaspace: 15867K->15867K(1064960K)
[14.689s][info ][gc             ] GC(1821) Pause Young (Allocation Failure) 52M->38M(58M) 1.513ms
[14.689s][info ][gc,cpu         ] GC(1821) User=0.01s Sys=0.00s Real=0.00s
[14.690s][info ][gc,start       ] GC(1822) Pause Young (Allocation Failure)
[14.691s][debug][gc,phases      ] GC(1822) Scavenge 1.054ms
[14.691s][debug][gc,phases      ] GC(1822) Reference Processing 0.024ms
[14.691s][debug][gc,phases      ] GC(1822) Weak Processing 0.012ms
[14.692s][debug][gc,phases      ] GC(1822) Scrub String Table 0.069ms
[14.692s][debug][gc,age         ] GC(1822) Desired survivor size 4194304 bytes, new threshold 1 (max threshold 15)
[14.692s][info ][gc,heap        ] GC(1822) PSYoungGen: 14465K->1754K(17408K)
[14.692s][info ][gc,heap        ] GC(1822) ParOldGen: 38447K->38471K(41984K)
[14.692s][info ][gc,metaspace   ] GC(1822) Metaspace: 15867K->15867K(1064960K)
[14.692s][info ][gc             ] GC(1822) Pause Young (Allocation Failure) 51M->39M(58M) 1.368ms
[14.692s][info ][gc,cpu         ] GC(1822) User=0.00s Sys=0.00s Real=0.00s
[14.693s][info ][gc,start       ] GC(1823) Pause Young (Allocation Failure)
[14.694s][debug][gc,phases      ] GC(1823) Scavenge 1.230ms
[14.694s][debug][gc,phases      ] GC(1823) Reference Processing 0.030ms
[14.694s][debug][gc,phases      ] GC(1823) Weak Processing 0.015ms
[14.694s][debug][gc,phases      ] GC(1823) Scrub String Table 0.087ms
[14.694s][debug][gc,age         ] GC(1823) Desired survivor size 4194304 bytes, new threshold 1 (max threshold 15)
[14.694s][info ][gc,heap        ] GC(1823) PSYoungGen: 14884K->1754K(17408K)
[14.695s][info ][gc,heap        ] GC(1823) ParOldGen: 38471K->38503K(41984K)
[14.695s][info ][gc,metaspace   ] GC(1823) Metaspace: 15867K->15867K(1064960K)
[14.695s][info ][gc             ] GC(1823) Pause Young (Allocation Failure) 52M->39M(58M) 1.831ms
[14.695s][info ][gc,cpu         ] GC(1823) User=0.00s Sys=0.00s Real=0.00s
[14.696s][info ][gc,start       ] GC(1824) Pause Young (Allocation Failure)
[14.697s][debug][gc,phases      ] GC(1824) Scavenge 1.266ms
[14.697s][debug][gc,phases      ] GC(1824) Reference Processing 0.019ms
[14.697s][debug][gc,phases      ] GC(1824) Weak Processing 0.011ms
[14.697s][debug][gc,phases      ] GC(1824) Scrub String Table 0.071ms
[14.697s][debug][gc,age         ] GC(1824) Desired survivor size 4194304 bytes, new threshold 1 (max threshold 15)
[14.697s][info ][gc,heap        ] GC(1824) PSYoungGen: 14891K->1754K(17408K)
[14.697s][info ][gc,heap        ] GC(1824) ParOldGen: 38503K->38917K(41984K)
[14.697s][info ][gc,metaspace   ] GC(1824) Metaspace: 15867K->15867K(1064960K)
[14.697s][info ][gc             ] GC(1824) Pause Young (Allocation Failure) 52M->39M(58M) 1.574ms
[14.697s][info ][gc,cpu         ] GC(1824) User=0.00s Sys=0.00s Real=0.01s
[14.698s][info ][gc,start       ] GC(1825) Pause Young (Allocation Failure)
[14.700s][debug][gc,phases      ] GC(1825) Scavenge 1.665ms
[14.700s][debug][gc,phases      ] GC(1825) Reference Processing 0.029ms
[14.700s][debug][gc,phases      ] GC(1825) Weak Processing 0.013ms
[14.700s][debug][gc,phases      ] GC(1825) Scrub String Table 0.074ms
[14.700s][debug][gc,age         ] GC(1825) Desired survivor size 4194304 bytes, new threshold 1 (max threshold 15)
[14.700s][info ][gc,heap        ] GC(1825) PSYoungGen: 14860K->1690K(17408K)
[14.700s][info ][gc,heap        ] GC(1825) ParOldGen: 38917K->38925K(41984K)
[14.700s][info ][gc,metaspace   ] GC(1825) Metaspace: 15867K->15867K(1064960K)
[14.700s][info ][gc             ] GC(1825) Pause Young (Allocation Failure) 52M->39M(58M) 2.074ms
[14.700s][info ][gc,cpu         ] GC(1825) User=0.00s Sys=0.00s Real=0.00s
[14.702s][info ][gc,start       ] GC(1826) Pause Young (Allocation Failure)
[14.703s][debug][gc,phases      ] GC(1826) Scavenge 0.674ms
[14.703s][debug][gc,phases      ] GC(1826) Reference Processing 0.026ms
[14.703s][debug][gc,phases      ] GC(1826) Weak Processing 0.012ms
[14.703s][debug][gc,phases      ] GC(1826) Scrub String Table 0.094ms
[14.703s][debug][gc,age         ] GC(1826) Desired survivor size 3670016 bytes, new threshold 1 (max threshold 15)
[14.703s][info ][gc,heap        ] GC(1826) PSYoungGen: 14804K->2113K(15872K)
[14.703s][info ][gc,heap        ] GC(1826) ParOldGen: 38925K->39332K(41984K)
[14.703s][info ][gc,metaspace   ] GC(1826) Metaspace: 15867K->15867K(1064960K)
[14.703s][info ][gc             ] GC(1826) Pause Young (Allocation Failure) 52M->40M(56M) 1.098ms
[14.703s][info ][gc,cpu         ] GC(1826) User=0.00s Sys=0.00s Real=0.00s
[14.704s][info ][gc,start       ] GC(1827) Pause Young (Allocation Failure)
[14.706s][debug][gc,phases      ] GC(1827) Scavenge 1.233ms
[14.706s][debug][gc,phases      ] GC(1827) Reference Processing 0.042ms
[14.706s][debug][gc,phases      ] GC(1827) Weak Processing 0.012ms
[14.706s][debug][gc,phases      ] GC(1827) Scrub String Table 0.070ms
[14.706s][debug][gc,age         ] GC(1827) Desired survivor size 3670016 bytes, new threshold 1 (max threshold 15)
[14.706s][info ][gc,heap        ] GC(1827) PSYoungGen: 15327K->2145K(16896K)
[14.706s][info ][gc,heap        ] GC(1827) ParOldGen: 39332K->39340K(41984K)
[14.706s][info ][gc,metaspace   ] GC(1827) Metaspace: 15867K->15867K(1064960K)
[14.706s][info ][gc             ] GC(1827) Pause Young (Allocation Failure) 53M->40M(57M) 1.595ms
[14.706s][info ][gc,cpu         ] GC(1827) User=0.00s Sys=0.00s Real=0.00s
[14.707s][info ][gc,start       ] GC(1828) Pause Young (Allocation Failure)
[14.708s][debug][gc,phases      ] GC(1828) Scavenge 1.071ms
[14.709s][debug][gc,phases      ] GC(1828) Reference Processing 0.039ms
[14.709s][debug][gc,phases      ] GC(1828) Weak Processing 0.011ms
[14.709s][debug][gc,phases      ] GC(1828) Scrub String Table 0.077ms
[14.709s][debug][gc,age         ] GC(1828) Desired survivor size 3670016 bytes, new threshold 1 (max threshold 15)
[14.709s][info ][gc,heap        ] GC(1828) PSYoungGen: 15337K->1363K(16896K)
[14.709s][info ][gc,heap        ] GC(1828) ParOldGen: 39340K->39372K(41984K)
[14.709s][info ][gc,metaspace   ] GC(1828) Metaspace: 15867K->15867K(1064960K)
[14.709s][info ][gc             ] GC(1828) Pause Young (Allocation Failure) 53M->39M(57M) 1.427ms
[14.709s][info ][gc,cpu         ] GC(1828) User=0.00s Sys=0.00s Real=0.00s
[14.710s][info ][gc,start       ] GC(1829) Pause Young (Allocation Failure)
[14.711s][debug][gc,phases      ] GC(1829) Scavenge 1.129ms
[14.711s][debug][gc,phases      ] GC(1829) Reference Processing 0.020ms
[14.711s][debug][gc,phases      ] GC(1829) Weak Processing 0.012ms
[14.711s][debug][gc,phases      ] GC(1829) Scrub String Table 0.071ms
[14.711s][debug][gc,age         ] GC(1829) Desired survivor size 3670016 bytes, new threshold 1 (max threshold 15)
[14.711s][info ][gc,heap        ] GC(1829) PSYoungGen: 14501K->1786K(17920K)
[14.711s][info ][gc,heap        ] GC(1829) ParOldGen: 39372K->39396K(41984K)
[14.711s][info ][gc,metaspace   ] GC(1829) Metaspace: 15867K->15867K(1064960K)
[14.711s][info ][gc             ] GC(1829) Pause Young (Allocation Failure) 52M->40M(58M) 1.454ms
[14.711s][info ][gc,cpu         ] GC(1829) User=0.01s Sys=0.00s Real=0.00s
[14.713s][info ][gc,start       ] GC(1830) Pause Young (Allocation Failure)
[14.714s][debug][gc,phases      ] GC(1830) Scavenge 1.356ms
[14.714s][debug][gc,phases      ] GC(1830) Reference Processing 0.035ms
[14.714s][debug][gc,phases      ] GC(1830) Weak Processing 0.026ms
[14.714s][debug][gc,phases      ] GC(1830) Scrub String Table 0.081ms
[14.714s][debug][gc,age         ] GC(1830) Desired survivor size 3670016 bytes, new threshold 1 (max threshold 15)
[14.714s][info ][gc,heap        ] GC(1830) PSYoungGen: 15735K->2926K(17920K)
[14.714s][info ][gc,heap        ] GC(1830) ParOldGen: 39396K->39819K(41984K)
[14.714s][info ][gc,metaspace   ] GC(1830) Metaspace: 15867K->15867K(1064960K)
[14.714s][info ][gc             ] GC(1830) Pause Young (Allocation Failure) 53M->41M(58M) 1.778ms
[14.714s][info ][gc,cpu         ] GC(1830) User=0.01s Sys=0.00s Real=0.00s
[14.716s][info ][gc,start       ] GC(1831) Pause Young (Allocation Failure)
[14.717s][debug][gc,phases      ] GC(1831) Scavenge 1.486ms
[14.717s][debug][gc,phases      ] GC(1831) Reference Processing 0.032ms
[14.717s][debug][gc,phases      ] GC(1831) Weak Processing 0.011ms
[14.717s][debug][gc,phases      ] GC(1831) Scrub String Table 0.076ms
[14.717s][debug][gc,age         ] GC(1831) Desired survivor size 3670016 bytes, new threshold 1 (max threshold 15)
[14.717s][info ][gc,heap        ] GC(1831) PSYoungGen: 17262K->1722K(17920K)
[14.717s][info ][gc,heap        ] GC(1831) ParOldGen: 39819K->40225K(41984K)
[14.717s][info ][gc,metaspace   ] GC(1831) Metaspace: 15867K->15867K(1064960K)
[14.718s][info ][gc             ] GC(1831) Pause Young (Allocation Failure) 55M->40M(58M) 1.874ms
[14.718s][info ][gc,cpu         ] GC(1831) User=0.00s Sys=0.00s Real=0.01s
[14.719s][info ][gc,start       ] GC(1832) Pause Young (Allocation Failure)
[14.720s][debug][gc,phases      ] GC(1832) Scavenge 1.243ms
[14.720s][debug][gc,phases      ] GC(1832) Reference Processing 0.020ms
[14.720s][debug][gc,phases      ] GC(1832) Weak Processing 0.015ms
[14.720s][debug][gc,phases      ] GC(1832) Scrub String Table 0.074ms
[14.720s][debug][gc,age         ] GC(1832) Desired survivor size 3670016 bytes, new threshold 1 (max threshold 15)
[14.720s][info ][gc,heap        ] GC(1832) PSYoungGen: 16057K->2145K(17920K)
[14.720s][info ][gc,heap        ] GC(1832) ParOldGen: 40225K->40233K(41984K)
[14.720s][info ][gc,metaspace   ] GC(1832) Metaspace: 15867K->15867K(1064960K)
[14.720s][info ][gc             ] GC(1832) Pause Young (Allocation Failure) 54M->41M(58M) 1.583ms
[14.720s][info ][gc,cpu         ] GC(1832) User=0.01s Sys=0.00s Real=0.00s
[14.721s][info ][gc,start       ] GC(1833) Pause Young (Allocation Failure)
[14.723s][debug][gc,phases      ] GC(1833) Scavenge 1.318ms
[14.723s][debug][gc,phases      ] GC(1833) Reference Processing 0.020ms
[14.723s][debug][gc,phases      ] GC(1833) Weak Processing 0.011ms
[14.723s][debug][gc,phases      ] GC(1833) Scrub String Table 0.089ms
[14.723s][debug][gc,age         ] GC(1833) Desired survivor size 3670016 bytes, new threshold 1 (max threshold 15)
[14.723s][info ][gc,heap        ] GC(1833) PSYoungGen: 16096K->2535K(17920K)
[14.723s][info ][gc,heap        ] GC(1833) ParOldGen: 40233K->40640K(41984K)
[14.723s][info ][gc,metaspace   ] GC(1833) Metaspace: 15867K->15867K(1064960K)
[14.723s][info ][gc             ] GC(1833) Pause Young (Allocation Failure) 55M->42M(58M) 1.643ms
[14.723s][info ][gc,cpu         ] GC(1833) User=0.01s Sys=0.00s Real=0.00s
[14.724s][info ][gc,start       ] GC(1834) Pause Young (Allocation Failure)
[14.725s][debug][gc,phases      ] GC(1834) Scavenge 0.982ms
[14.725s][debug][gc,phases      ] GC(1834) Reference Processing 0.023ms
[14.725s][debug][gc,phases      ] GC(1834) Weak Processing 0.011ms
[14.726s][debug][gc,phases      ] GC(1834) Scrub String Table 0.097ms
[14.726s][debug][gc,age         ] GC(1834) Desired survivor size 3670016 bytes, new threshold 1 (max threshold 15)
[14.726s][info ][gc,heap        ] GC(1834) PSYoungGen: 16871K->2209K(17920K)
[14.726s][info ][gc,heap        ] GC(1834) ParOldGen: 40640K->40664K(41984K)
[14.726s][info ][gc,metaspace   ] GC(1834) Metaspace: 15867K->15867K(1064960K)
[14.726s][info ][gc             ] GC(1834) Pause Young (Allocation Failure) 56M->41M(58M) 1.375ms
[14.726s][info ][gc,cpu         ] GC(1834) User=0.01s Sys=0.00s Real=0.00s
[14.727s][info ][gc,start       ] GC(1835) Pause Young (Allocation Failure)
[14.728s][debug][gc,phases      ] GC(1835) Scavenge 1.203ms
[14.728s][debug][gc,phases      ] GC(1835) Reference Processing 0.022ms
[14.728s][debug][gc,phases      ] GC(1835) Weak Processing 0.012ms
[14.728s][debug][gc,phases      ] GC(1835) Scrub String Table 0.070ms
[14.729s][debug][gc,age         ] GC(1835) Desired survivor size 3670016 bytes, new threshold 1 (max threshold 15)
[14.729s][info ][gc,heap        ] GC(1835) PSYoungGen: 16166K->2145K(17920K)
[14.729s][info ][gc,heap        ] GC(1835) ParOldGen: 40664K->41079K(41984K)
[14.729s][info ][gc,metaspace   ] GC(1835) Metaspace: 15867K->15867K(1064960K)
[14.729s][info ][gc             ] GC(1835) Pause Young (Allocation Failure) 55M->42M(58M) 1.530ms
[14.729s][info ][gc,cpu         ] GC(1835) User=0.00s Sys=0.00s Real=0.00s
[14.730s][info ][gc,start       ] GC(1836) Pause Young (Allocation Failure)
[14.731s][debug][gc,phases      ] GC(1836) Scavenge 1.159ms
[14.731s][debug][gc,phases      ] GC(1836) Reference Processing 0.026ms
[14.731s][debug][gc,phases      ] GC(1836) Weak Processing 0.013ms
[14.731s][debug][gc,phases      ] GC(1836) Scrub String Table 0.075ms
[14.731s][debug][gc,age         ] GC(1836) Desired survivor size 3670016 bytes, new threshold 1 (max threshold 15)
[14.731s][info ][gc,heap        ] GC(1836) PSYoungGen: 16136K->3349K(17920K)
[14.731s][info ][gc,heap        ] GC(1836) ParOldGen: 41079K->41103K(41984K)
[14.731s][info ][gc,metaspace   ] GC(1836) Metaspace: 15867K->15867K(1064960K)
[14.731s][info ][gc             ] GC(1836) Pause Young (Allocation Failure) 55M->43M(58M) 1.493ms
[14.731s][info ][gc,cpu         ] GC(1836) User=0.00s Sys=0.00s Real=0.00s
[14.733s][info ][gc,start       ] GC(1837) Pause Young (Allocation Failure)
[14.734s][debug][gc,phases      ] GC(1837) Scavenge 1.108ms
[14.734s][debug][gc,phases      ] GC(1837) Reference Processing 0.028ms
[14.734s][debug][gc,phases      ] GC(1837) Weak Processing 0.012ms
[14.734s][debug][gc,phases      ] GC(1837) Scrub String Table 0.083ms
[14.734s][debug][gc,age         ] GC(1837) Desired survivor size 3670016 bytes, new threshold 1 (max threshold 15)
[14.734s][info ][gc,heap        ] GC(1837) PSYoungGen: 17684K->1722K(17920K)
[14.734s][info ][gc,heap        ] GC(1837) ParOldGen: 41103K->41119K(41984K)
[14.734s][info ][gc,metaspace   ] GC(1837) Metaspace: 15867K->15867K(1064960K)
[14.734s][info ][gc             ] GC(1837) Pause Young (Allocation Failure) 57M->41M(58M) 1.471ms
[14.734s][info ][gc,cpu         ] GC(1837) User=0.01s Sys=0.00s Real=0.00s
[14.735s][info ][gc,start       ] GC(1838) Pause Young (Allocation Failure)
[14.736s][debug][gc,phases      ] GC(1838) Scavenge 0.876ms
[14.736s][debug][gc,phases      ] GC(1838) Reference Processing 0.020ms
[14.736s][debug][gc,phases      ] GC(1838) Weak Processing 0.011ms
[14.736s][debug][gc,phases      ] GC(1838) Scrub String Table 0.069ms
[14.736s][debug][gc,age         ] GC(1838) Desired survivor size 4194304 bytes, new threshold 1 (max threshold 15)
[14.736s][info ][gc,heap        ] GC(1838) PSYoungGen: 15701K->3349K(17920K)
[14.736s][info ][gc,heap        ] GC(1838) ParOldGen: 41119K->41127K(41984K)
[14.736s][info ][gc,metaspace   ] GC(1838) Metaspace: 15867K->15867K(1064960K)
[14.736s][info ][gc             ] GC(1838) Pause Young (Allocation Failure) 55M->43M(58M) 1.191ms
[14.736s][info ][gc,cpu         ] GC(1838) User=0.01s Sys=0.00s Real=0.01s
[14.738s][info ][gc,start       ] GC(1839) Pause Young (Allocation Failure)
[14.739s][debug][gc,phases      ] GC(1839) Scavenge 1.125ms
[14.739s][debug][gc,phases      ] GC(1839) Reference Processing 0.026ms
[14.739s][debug][gc,phases      ] GC(1839) Weak Processing 0.015ms
[14.739s][debug][gc,phases      ] GC(1839) Scrub String Table 0.079ms
[14.739s][debug][gc,age         ] GC(1839) Desired survivor size 4194304 bytes, new threshold 1 (max threshold 15)
[14.739s][info ][gc,heap        ] GC(1839) PSYoungGen: 17318K->1786K(16896K)
[14.739s][info ][gc,heap        ] GC(1839) ParOldGen: 41127K->41151K(41984K)
[14.739s][info ][gc,metaspace   ] GC(1839) Metaspace: 15867K->15867K(1064960K)
[14.739s][info ][gc             ] GC(1839) Pause Young (Allocation Failure) 57M->41M(57M) 1.508ms
[14.739s][info ][gc,cpu         ] GC(1839) User=0.01s Sys=0.00s Real=0.00s
[14.740s][info ][gc,start       ] GC(1840) Pause Young (Allocation Failure)
[14.741s][debug][gc,phases      ] GC(1840) Scavenge 1.183ms
[14.742s][debug][gc,phases      ] GC(1840) Reference Processing 0.044ms
[14.742s][debug][gc,phases      ] GC(1840) Weak Processing 0.011ms
[14.742s][debug][gc,phases      ] GC(1840) Scrub String Table 0.079ms
[14.742s][debug][gc,age         ] GC(1840) Desired survivor size 3670016 bytes, new threshold 1 (max threshold 15)
[14.742s][info ][gc,heap        ] GC(1840) PSYoungGen: 14914K->2177K(17408K)
[14.742s][info ][gc,heap        ] GC(1840) ParOldGen: 41151K->41159K(41984K)
[14.742s][info ][gc,metaspace   ] GC(1840) Metaspace: 15867K->15867K(1064960K)
[14.742s][info ][gc             ] GC(1840) Pause Young (Allocation Failure) 54M->42M(58M) 1.555ms
[14.742s][info ][gc,cpu         ] GC(1840) User=0.01s Sys=0.00s Real=0.00s
[14.743s][info ][gc,start       ] GC(1841) Pause Young (Allocation Failure)
[14.744s][debug][gc,phases      ] GC(1841) Scavenge 1.170ms
[14.744s][debug][gc,phases      ] GC(1841) Reference Processing 0.028ms
[14.744s][debug][gc,phases      ] GC(1841) Weak Processing 0.021ms
[14.744s][debug][gc,phases      ] GC(1841) Scrub String Table 0.092ms
[14.744s][debug][gc,age         ] GC(1841) Desired survivor size 3670016 bytes, new threshold 1 (max threshold 15)
[14.744s][info ][gc,heap        ] GC(1841) PSYoungGen: 15312K->1754K(17408K)
[14.744s][info ][gc,heap        ] GC(1841) ParOldGen: 41159K->41175K(41984K)
[14.745s][info ][gc,metaspace   ] GC(1841) Metaspace: 15867K->15867K(1064960K)
[14.745s][info ][gc             ] GC(1841) Pause Young (Allocation Failure) 55M->41M(58M) 1.571ms
[14.745s][info ][gc,cpu         ] GC(1841) User=0.00s Sys=0.00s Real=0.00s
[14.746s][info ][gc,start       ] GC(1842) Pause Young (Allocation Failure)
[14.747s][debug][gc,phases      ] GC(1842) Scavenge 0.878ms
[14.747s][debug][gc,phases      ] GC(1842) Reference Processing 0.020ms
[14.747s][debug][gc,phases      ] GC(1842) Weak Processing 0.011ms
[14.747s][debug][gc,phases      ] GC(1842) Scrub String Table 0.068ms
[14.747s][debug][gc,age         ] GC(1842) Desired survivor size 4194304 bytes, new threshold 1 (max threshold 15)
[14.747s][info ][gc,heap        ] GC(1842) PSYoungGen: 15291K->2926K(17408K)
[14.747s][info ][gc,heap        ] GC(1842) ParOldGen: 41175K->41191K(41984K)
[14.747s][info ][gc,metaspace   ] GC(1842) Metaspace: 15867K->15867K(1064960K)
[14.747s][info ][gc             ] GC(1842) Pause Young (Allocation Failure) 55M->43M(58M) 1.295ms
[14.747s][info ][gc,cpu         ] GC(1842) User=0.00s Sys=0.00s Real=0.01s
[14.748s][info ][gc,start       ] GC(1843) Pause Young (Allocation Failure)
[14.750s][debug][gc,phases      ] GC(1843) Scavenge 1.434ms
[14.750s][debug][gc,phases      ] GC(1843) Reference Processing 0.026ms
[14.750s][debug][gc,phases      ] GC(1843) Weak Processing 0.014ms
[14.750s][debug][gc,phases      ] GC(1843) Scrub String Table 0.080ms
[14.750s][debug][gc,age         ] GC(1843) Desired survivor size 3670016 bytes, new threshold 1 (max threshold 15)
[14.750s][info ][gc,heap        ] GC(1843) PSYoungGen: 16510K->2177K(17408K)
[14.750s][info ][gc,heap        ] GC(1843) ParOldGen: 41191K->41215K(41984K)
[14.750s][info ][gc,metaspace   ] GC(1843) Metaspace: 15867K->15867K(1064960K)
[14.750s][info ][gc             ] GC(1843) Pause Young (Allocation Failure) 56M->42M(58M) 1.836ms
[14.750s][info ][gc,cpu         ] GC(1843) User=0.00s Sys=0.00s Real=0.00s
[14.751s][info ][gc,start       ] GC(1844) Pause Young (Allocation Failure)
[14.752s][debug][gc,phases      ] GC(1844) Scavenge 1.055ms
[14.752s][debug][gc,phases      ] GC(1844) Reference Processing 0.020ms
[14.752s][debug][gc,phases      ] GC(1844) Weak Processing 0.011ms
[14.753s][debug][gc,phases      ] GC(1844) Scrub String Table 0.069ms
[14.753s][debug][gc,age         ] GC(1844) Desired survivor size 3670016 bytes, new threshold 1 (max threshold 15)
[14.753s][info ][gc,heap        ] GC(1844) PSYoungGen: 15712K->2145K(17408K)
[14.753s][info ][gc,heap        ] GC(1844) ParOldGen: 41215K->41621K(41984K)
[14.753s][info ][gc,metaspace   ] GC(1844) Metaspace: 15867K->15867K(1064960K)
[14.753s][info ][gc             ] GC(1844) Pause Young (Allocation Failure) 55M->42M(58M) 1.401ms
[14.753s][info ][gc,cpu         ] GC(1844) User=0.01s Sys=0.00s Real=0.00s
[14.753s][debug][gc,phases      ] GC(1845) Pre Compact 0.011ms
[14.753s][info ][gc,start       ] GC(1845) Pause Full (Ergonomics)
[14.753s][info ][gc,phases,start] GC(1845) Marking Phase
[14.756s][debug][gc,phases      ] GC(1845) Par Mark 2.871ms
[14.756s][debug][gc,phases      ] GC(1845) Reference Processing 0.069ms
[14.756s][debug][gc,phases      ] GC(1845) Weak Processing 0.009ms
[14.756s][debug][gc,phases      ] GC(1845) ClassLoaderData 0.032ms
[14.756s][debug][gc,phases      ] GC(1845) ProtectionDomainCacheTable 0.002ms
[14.756s][debug][gc,phases      ] GC(1845) ResolvedMethodTable 0.014ms
[14.757s][debug][gc,phases      ] GC(1845) Class Unloading 0.827ms
[14.757s][debug][gc,phases      ] GC(1845) Scrub String Table 0.081ms
[14.758s][debug][gc,phases      ] GC(1845) Scrub Symbol Table 1.137ms
[14.758s][info ][gc,phases      ] GC(1845) Marking Phase 5.187ms
[14.758s][info ][gc,phases,start] GC(1845) Summary Phase
[14.758s][info ][gc,phases      ] GC(1845) Summary Phase 0.014ms
[14.758s][info ][gc,phases,start] GC(1845) Adjust Roots
[14.760s][info ][gc,phases      ] GC(1845) Adjust Roots 1.870ms
[14.760s][info ][gc,phases,start] GC(1845) Compaction Phase
[14.762s][info ][gc,phases      ] GC(1845) Compaction Phase 1.795ms
[14.762s][info ][gc,phases,start] GC(1845) Post Compact
[14.762s][info ][gc,phases      ] GC(1845) Post Compact 0.107ms
[14.762s][info ][gc,heap        ] GC(1845) PSYoungGen: 2145K->0K(17920K)
[14.762s][info ][gc,heap        ] GC(1845) ParOldGen: 41621K->5472K(41472K)
[14.762s][info ][gc,metaspace   ] GC(1845) Metaspace: 15867K->15867K(1064960K)
[14.762s][info ][gc             ] GC(1845) Pause Full (Ergonomics) 42M->5M(58M) 9.239ms
[14.762s][info ][gc,cpu         ] GC(1845) User=0.03s Sys=0.00s Real=0.01s
[14.763s][info ][gc,start       ] GC(1846) Pause Young (Allocation Failure)
[14.764s][debug][gc,phases      ] GC(1846) Scavenge 1.298ms
[14.764s][debug][gc,phases      ] GC(1846) Reference Processing 0.024ms
[14.765s][debug][gc,phases      ] GC(1846) Weak Processing 0.011ms
[14.765s][debug][gc,phases      ] GC(1846) Scrub String Table 0.073ms
[14.765s][debug][gc,age         ] GC(1846) Desired survivor size 3670016 bytes, new threshold 1 (max threshold 15)
[14.765s][info ][gc,heap        ] GC(1846) PSYoungGen: 14329K->2958K(17920K)
[14.765s][info ][gc,heap        ] GC(1846) ParOldGen: 5472K->5472K(41472K)
[14.765s][info ][gc,metaspace   ] GC(1846) Metaspace: 15867K->15867K(1064960K)
[14.765s][info ][gc             ] GC(1846) Pause Young (Allocation Failure) 19M->8M(58M) 1.622ms
[14.765s][info ][gc,cpu         ] GC(1846) User=0.01s Sys=0.00s Real=0.00s
[14.766s][info ][gc,start       ] GC(1847) Pause Young (Allocation Failure)
[14.768s][debug][gc,phases      ] GC(1847) Scavenge 1.249ms
[14.768s][debug][gc,phases      ] GC(1847) Reference Processing 0.020ms
[14.768s][debug][gc,phases      ] GC(1847) Weak Processing 0.011ms
[14.768s][debug][gc,phases      ] GC(1847) Scrub String Table 0.070ms
[14.768s][debug][gc,age         ] GC(1847) Desired survivor size 4194304 bytes, new threshold 1 (max threshold 15)
[14.768s][info ][gc,heap        ] GC(1847) PSYoungGen: 16905K->518K(16896K)
[14.768s][info ][gc,heap        ] GC(1847) ParOldGen: 5472K->5886K(41472K)
[14.768s][info ][gc,metaspace   ] GC(1847) Metaspace: 15867K->15867K(1064960K)
[14.768s][info ][gc             ] GC(1847) Pause Young (Allocation Failure) 21M->6M(57M) 1.569ms
[14.768s][info ][gc,cpu         ] GC(1847) User=0.01s Sys=0.00s Real=0.01s
[14.769s][info ][gc,start       ] GC(1848) Pause Young (Allocation Failure)
[14.770s][debug][gc,phases      ] GC(1848) Scavenge 1.119ms
[14.770s][debug][gc,phases      ] GC(1848) Reference Processing 0.030ms
[14.770s][debug][gc,phases      ] GC(1848) Weak Processing 0.011ms
[14.770s][debug][gc,phases      ] GC(1848) Scrub String Table 0.069ms
[14.770s][debug][gc,age         ] GC(1848) Desired survivor size 4194304 bytes, new threshold 1 (max threshold 15)
[14.770s][info ][gc,heap        ] GC(1848) PSYoungGen: 13673K->2145K(17408K)
[14.770s][info ][gc,heap        ] GC(1848) ParOldGen: 5886K->5910K(41472K)
[14.770s][info ][gc,metaspace   ] GC(1848) Metaspace: 15867K->15867K(1064960K)
[14.770s][info ][gc             ] GC(1848) Pause Young (Allocation Failure) 19M->7M(57M) 1.472ms
[14.770s][info ][gc,cpu         ] GC(1848) User=0.01s Sys=0.00s Real=0.00s
[14.771s][info ][gc,start       ] GC(1849) Pause Young (Allocation Failure)
[14.772s][debug][gc,phases      ] GC(1849) Scavenge 0.625ms
[14.772s][debug][gc,phases      ] GC(1849) Reference Processing 0.020ms
[14.772s][debug][gc,phases      ] GC(1849) Weak Processing 0.010ms
[14.772s][debug][gc,phases      ] GC(1849) Scrub String Table 0.069ms
[14.772s][debug][gc,age         ] GC(1849) Desired survivor size 4194304 bytes, new threshold 1 (max threshold 15)
[14.772s][info ][gc,heap        ] GC(1849) PSYoungGen: 15326K->3381K(17408K)
[14.772s][info ][gc,heap        ] GC(1849) ParOldGen: 5910K->5934K(41472K)
[14.772s][info ][gc,metaspace   ] GC(1849) Metaspace: 15867K->15867K(1064960K)
[14.772s][info ][gc             ] GC(1849) Pause Young (Allocation Failure) 20M->9M(57M) 0.918ms
[14.772s][info ][gc,cpu         ] GC(1849) User=0.01s Sys=0.00s Real=0.00s
[14.773s][info ][gc,start       ] GC(1850) Pause Young (Allocation Failure)
[14.774s][debug][gc,phases      ] GC(1850) Scavenge 0.627ms
[14.774s][debug][gc,phases      ] GC(1850) Reference Processing 0.024ms
[14.774s][debug][gc,phases      ] GC(1850) Weak Processing 0.010ms
[14.774s][debug][gc,phases      ] GC(1850) Scrub String Table 0.091ms
[14.774s][debug][gc,age         ] GC(1850) Desired survivor size 4194304 bytes, new threshold 1 (max threshold 15)
[14.774s][info ][gc,heap        ] GC(1850) PSYoungGen: 16552K->2535K(17408K)
[14.774s][info ][gc,heap        ] GC(1850) ParOldGen: 5934K->5942K(41472K)
[14.774s][info ][gc,metaspace   ] GC(1850) Metaspace: 15867K->15867K(1064960K)
[14.775s][info ][gc             ] GC(1850) Pause Young (Allocation Failure) 21M->8M(57M) 1.026ms
[14.775s][info ][gc,cpu         ] GC(1850) User=0.01s Sys=0.00s Real=0.00s
[14.776s][info ][gc,start       ] GC(1851) Pause Young (Allocation Failure)
[14.777s][debug][gc,phases      ] GC(1851) Scavenge 1.207ms
[14.777s][debug][gc,phases      ] GC(1851) Reference Processing 0.023ms
[14.777s][debug][gc,phases      ] GC(1851) Weak Processing 0.012ms
[14.777s][debug][gc,phases      ] GC(1851) Scrub String Table 0.100ms
[14.777s][debug][gc,age         ] GC(1851) Desired survivor size 4194304 bytes, new threshold 1 (max threshold 15)
[14.777s][info ][gc,heap        ] GC(1851) PSYoungGen: 15700K->1754K(17408K)
[14.777s][info ][gc,heap        ] GC(1851) ParOldGen: 5942K->6349K(41472K)
[14.777s][info ][gc,metaspace   ] GC(1851) Metaspace: 15867K->15867K(1064960K)
[14.777s][info ][gc             ] GC(1851) Pause Young (Allocation Failure) 21M->7M(57M) 1.633ms
[14.777s][info ][gc,cpu         ] GC(1851) User=0.01s Sys=0.00s Real=0.01s
[14.778s][info ][gc,start       ] GC(1852) Pause Young (Allocation Failure)
[14.780s][debug][gc,phases      ] GC(1852) Scavenge 1.090ms
[14.780s][debug][gc,phases      ] GC(1852) Reference Processing 0.022ms
[14.780s][debug][gc,phases      ] GC(1852) Weak Processing 0.012ms
[14.780s][debug][gc,phases      ] GC(1852) Scrub String Table 0.071ms
[14.780s][debug][gc,age         ] GC(1852) Desired survivor size 4194304 bytes, new threshold 1 (max threshold 15)
[14.780s][info ][gc,heap        ] GC(1852) PSYoungGen: 14914K->2113K(17408K)
[14.780s][info ][gc,heap        ] GC(1852) ParOldGen: 6349K->6365K(41472K)
[14.780s][info ][gc,metaspace   ] GC(1852) Metaspace: 15867K->15867K(1064960K)
[14.780s][info ][gc             ] GC(1852) Pause Young (Allocation Failure) 20M->8M(57M) 1.423ms
[14.780s][info ][gc,cpu         ] GC(1852) User=0.01s Sys=0.00s Real=0.00s
[14.781s][info ][gc,start       ] GC(1853) Pause Young (Allocation Failure)
[14.781s][debug][gc,phases      ] GC(1853) Scavenge 0.419ms
[14.782s][debug][gc,phases      ] GC(1853) Reference Processing 0.026ms
[14.782s][debug][gc,phases      ] GC(1853) Weak Processing 0.012ms
[14.782s][debug][gc,phases      ] GC(1853) Scrub String Table 0.094ms
[14.782s][debug][gc,age         ] GC(1853) Desired survivor size 3670016 bytes, new threshold 1 (max threshold 15)
[14.782s][info ][gc,heap        ] GC(1853) PSYoungGen: 15270K->2177K(16384K)
[14.782s][info ][gc,heap        ] GC(1853) ParOldGen: 6365K->6373K(41472K)
[14.782s][info ][gc,metaspace   ] GC(1853) Metaspace: 15867K->15867K(1064960K)
[14.782s][info ][gc             ] GC(1853) Pause Young (Allocation Failure) 21M->8M(56M) 0.852ms
[14.782s][info ][gc,cpu         ] GC(1853) User=0.01s Sys=0.00s Real=0.00s
[14.783s][info ][gc,start       ] GC(1854) Pause Young (Allocation Failure)
[14.784s][debug][gc,phases      ] GC(1854) Scavenge 0.751ms
[14.784s][debug][gc,phases      ] GC(1854) Reference Processing 0.028ms
[14.784s][debug][gc,phases      ] GC(1854) Weak Processing 0.012ms
[14.784s][debug][gc,phases      ] GC(1854) Scrub String Table 0.073ms
[14.784s][debug][gc,age         ] GC(1854) Desired survivor size 3670016 bytes, new threshold 1 (max threshold 15)
[14.784s][info ][gc,heap        ] GC(1854) PSYoungGen: 15332K->2567K(16896K)
[14.784s][info ][gc,heap        ] GC(1854) ParOldGen: 6373K->6373K(41472K)
[14.784s][info ][gc,metaspace   ] GC(1854) Metaspace: 15867K->15867K(1064960K)
[14.784s][info ][gc             ] GC(1854) Pause Young (Allocation Failure) 21M->8M(57M) 1.184ms
[14.784s][info ][gc,cpu         ] GC(1854) User=0.01s Sys=0.00s Real=0.00s
[14.785s][info ][gc,start       ] GC(1855) Pause Young (Allocation Failure)
[14.786s][debug][gc,phases      ] GC(1855) Scavenge 0.881ms
[14.786s][debug][gc,phases      ] GC(1855) Reference Processing 0.020ms
[14.786s][debug][gc,phases      ] GC(1855) Weak Processing 0.011ms
[14.786s][debug][gc,phases      ] GC(1855) Scrub String Table 0.070ms
[14.786s][debug][gc,age         ] GC(1855) Desired survivor size 4194304 bytes, new threshold 1 (max threshold 15)
[14.786s][info ][gc,heap        ] GC(1855) PSYoungGen: 15722K->2990K(16896K)
[14.786s][info ][gc,heap        ] GC(1855) ParOldGen: 6373K->6381K(41472K)
[14.786s][info ][gc,metaspace   ] GC(1855) Metaspace: 15867K->15867K(1064960K)
[14.786s][info ][gc             ] GC(1855) Pause Young (Allocation Failure) 21M->9M(57M) 1.183ms
[14.786s][info ][gc,cpu         ] GC(1855) User=0.01s Sys=0.00s Real=0.01s
[14.787s][info ][gc,start       ] GC(1856) Pause Young (Allocation Failure)
[14.788s][debug][gc,phases      ] GC(1856) Scavenge 0.312ms
[14.788s][debug][gc,phases      ] GC(1856) Reference Processing 0.020ms
[14.788s][debug][gc,phases      ] GC(1856) Weak Processing 0.012ms
[14.788s][debug][gc,phases      ] GC(1856) Scrub String Table 0.072ms
[14.788s][debug][gc,age         ] GC(1856) Desired survivor size 3670016 bytes, new threshold 1 (max threshold 15)
[14.788s][info ][gc,heap        ] GC(1856) PSYoungGen: 16144K->2209K(17408K)
[14.788s][info ][gc,heap        ] GC(1856) ParOldGen: 6381K->6381K(41472K)
[14.788s][info ][gc,metaspace   ] GC(1856) Metaspace: 15867K->15867K(1064960K)
[14.788s][info ][gc             ] GC(1856) Pause Young (Allocation Failure) 21M->8M(57M) 0.637ms
[14.788s][info ][gc,cpu         ] GC(1856) User=0.00s Sys=0.00s Real=0.00s
[14.789s][info ][gc,start       ] GC(1857) Pause Young (Allocation Failure)
[14.790s][debug][gc,phases      ] GC(1857) Scavenge 0.719ms
[14.790s][debug][gc,phases      ] GC(1857) Reference Processing 0.021ms
[14.790s][debug][gc,phases      ] GC(1857) Weak Processing 0.011ms
[14.790s][debug][gc,phases      ] GC(1857) Scrub String Table 0.071ms
[14.790s][debug][gc,age         ] GC(1857) Desired survivor size 3670016 bytes, new threshold 1 (max threshold 15)
[14.790s][info ][gc,heap        ] GC(1857) PSYoungGen: 15362K->2599K(17408K)
[14.790s][info ][gc,heap        ] GC(1857) ParOldGen: 6381K->6381K(41472K)
[14.790s][info ][gc,metaspace   ] GC(1857) Metaspace: 15867K->15867K(1064960K)
[14.790s][info ][gc             ] GC(1857) Pause Young (Allocation Failure) 21M->8M(57M) 1.126ms
[14.790s][info ][gc,cpu         ] GC(1857) User=0.00s Sys=0.00s Real=0.00s
[14.791s][info ][gc,start       ] GC(1858) Pause Young (Allocation Failure)
[14.793s][debug][gc,phases      ] GC(1858) Scavenge 1.120ms
[14.793s][debug][gc,phases      ] GC(1858) Reference Processing 0.034ms
[14.793s][debug][gc,phases      ] GC(1858) Weak Processing 0.012ms
[14.793s][debug][gc,phases      ] GC(1858) Scrub String Table 0.110ms
[14.793s][debug][gc,age         ] GC(1858) Desired survivor size 4194304 bytes, new threshold 1 (max threshold 15)
[14.793s][info ][gc,heap        ] GC(1858) PSYoungGen: 16121K->941K(17408K)
[14.793s][info ][gc,heap        ] GC(1858) ParOldGen: 6381K->6787K(41472K)
[14.793s][info ][gc,metaspace   ] GC(1858) Metaspace: 15867K->15867K(1064960K)
[14.793s][info ][gc             ] GC(1858) Pause Young (Allocation Failure) 21M->7M(57M) 1.662ms
[14.793s][info ][gc,cpu         ] GC(1858) User=0.00s Sys=0.00s Real=0.00s
[14.794s][info ][gc,start       ] GC(1859) Pause Young (Allocation Failure)
[14.795s][debug][gc,phases      ] GC(1859) Scavenge 0.343ms
[14.795s][debug][gc,phases      ] GC(1859) Reference Processing 0.036ms
[14.795s][debug][gc,phases      ] GC(1859) Weak Processing 0.017ms
[14.795s][debug][gc,phases      ] GC(1859) Scrub String Table 0.086ms
[14.795s][debug][gc,age         ] GC(1859) Desired survivor size 4194304 bytes, new threshold 1 (max threshold 15)
[14.795s][info ][gc,heap        ] GC(1859) PSYoungGen: 14427K->1331K(17408K)
[14.795s][info ][gc,heap        ] GC(1859) ParOldGen: 6787K->6795K(41472K)
[14.795s][info ][gc,metaspace   ] GC(1859) Metaspace: 15867K->15867K(1064960K)
[14.795s][info ][gc             ] GC(1859) Pause Young (Allocation Failure) 20M->7M(57M) 0.791ms
[14.795s][info ][gc,cpu         ] GC(1859) User=0.00s Sys=0.00s Real=0.00s
[14.796s][info ][gc,start       ] GC(1860) Pause Young (Allocation Failure)
[14.797s][debug][gc,phases      ] GC(1860) Scavenge 0.490ms
[14.797s][debug][gc,phases      ] GC(1860) Reference Processing 0.019ms
[14.797s][debug][gc,phases      ] GC(1860) Weak Processing 0.011ms
[14.797s][debug][gc,phases      ] GC(1860) Scrub String Table 0.070ms
[14.797s][debug][gc,age         ] GC(1860) Desired survivor size 4194304 bytes, new threshold 1 (max threshold 15)
[14.797s][info ][gc,heap        ] GC(1860) PSYoungGen: 14518K->2567K(17408K)
[14.797s][info ][gc,heap        ] GC(1860) ParOldGen: 6795K->6811K(41472K)
[14.797s][info ][gc,metaspace   ] GC(1860) Metaspace: 15867K->15867K(1064960K)
[14.797s][info ][gc             ] GC(1860) Pause Young (Allocation Failure) 20M->9M(57M) 0.784ms
[14.797s][info ][gc,cpu         ] GC(1860) User=0.00s Sys=0.00s Real=0.01s
[14.798s][info ][gc,start       ] GC(1861) Pause Young (Allocation Failure)
[14.799s][debug][gc,phases      ] GC(1861) Scavenge 1.030ms
[14.799s][debug][gc,phases      ] GC(1861) Reference Processing 0.023ms
[14.799s][debug][gc,phases      ] GC(1861) Weak Processing 0.037ms
[14.799s][debug][gc,phases      ] GC(1861) Scrub String Table 0.087ms
[14.799s][debug][gc,age         ] GC(1861) Desired survivor size 4194304 bytes, new threshold 1 (max threshold 15)
[14.799s][info ][gc,heap        ] GC(1861) PSYoungGen: 15742K->2599K(17408K)
[14.799s][info ][gc,heap        ] GC(1861) ParOldGen: 6811K->6819K(41472K)
[14.799s][info ][gc,metaspace   ] GC(1861) Metaspace: 15867K->15867K(1064960K)
[14.799s][info ][gc             ] GC(1861) Pause Young (Allocation Failure) 22M->9M(57M) 1.457ms
[14.799s][info ][gc,cpu         ] GC(1861) User=0.00s Sys=0.00s Real=0.00s
[14.801s][info ][gc,start       ] GC(1862) Pause Young (Allocation Failure)
[14.801s][debug][gc,phases      ] GC(1862) Scavenge 0.730ms
[14.801s][debug][gc,phases      ] GC(1862) Reference Processing 0.023ms
[14.801s][debug][gc,phases      ] GC(1862) Weak Processing 0.011ms
[14.802s][debug][gc,phases      ] GC(1862) Scrub String Table 0.069ms
[14.802s][debug][gc,age         ] GC(1862) Desired survivor size 3670016 bytes, new threshold 1 (max threshold 15)
[14.802s][info ][gc,heap        ] GC(1862) PSYoungGen: 15766K->2177K(15872K)
[14.802s][info ][gc,heap        ] GC(1862) ParOldGen: 6819K->6827K(41472K)
[14.802s][info ][gc,metaspace   ] GC(1862) Metaspace: 15867K->15867K(1064960K)
[14.802s][info ][gc             ] GC(1862) Pause Young (Allocation Failure) 22M->8M(56M) 1.154ms
[14.802s][info ][gc,cpu         ] GC(1862) User=0.00s Sys=0.00s Real=0.00s
[14.803s][info ][gc,start       ] GC(1863) Pause Young (Allocation Failure)
[14.803s][debug][gc,phases      ] GC(1863) Scavenge 0.401ms
[14.803s][debug][gc,phases      ] GC(1863) Reference Processing 0.027ms
[14.803s][debug][gc,phases      ] GC(1863) Weak Processing 0.010ms
[14.803s][debug][gc,phases      ] GC(1863) Scrub String Table 0.068ms
[14.803s][debug][gc,age         ] GC(1863) Desired survivor size 3670016 bytes, new threshold 1 (max threshold 15)
[14.803s][info ][gc,heap        ] GC(1863) PSYoungGen: 15338K->2209K(16896K)
[14.803s][info ][gc,heap        ] GC(1863) ParOldGen: 6827K->6827K(41472K)
[14.803s][info ][gc,metaspace   ] GC(1863) Metaspace: 15867K->15867K(1064960K)
[14.803s][info ][gc             ] GC(1863) Pause Young (Allocation Failure) 21M->8M(57M) 0.714ms
[14.803s][info ][gc,cpu         ] GC(1863) User=0.00s Sys=0.00s Real=0.00s
[14.804s][info ][gc,start       ] GC(1864) Pause Young (Allocation Failure)
[14.805s][debug][gc,phases      ] GC(1864) Scavenge 0.488ms
[14.805s][debug][gc,phases      ] GC(1864) Reference Processing 0.018ms
[14.805s][debug][gc,phases      ] GC(1864) Weak Processing 0.010ms
[14.805s][debug][gc,phases      ] GC(1864) Scrub String Table 0.068ms
[14.805s][debug][gc,age         ] GC(1864) Desired survivor size 3670016 bytes, new threshold 1 (max threshold 15)
[14.805s][info ][gc,heap        ] GC(1864) PSYoungGen: 15367K->2990K(16896K)
[14.805s][info ][gc,heap        ] GC(1864) ParOldGen: 6827K->6851K(41472K)
[14.805s][info ][gc,metaspace   ] GC(1864) Metaspace: 15867K->15867K(1064960K)
[14.805s][info ][gc             ] GC(1864) Pause Young (Allocation Failure) 21M->9M(57M) 0.761ms
[14.805s][info ][gc,cpu         ] GC(1864) User=0.00s Sys=0.00s Real=0.00s
[14.806s][info ][gc,start       ] GC(1865) Pause Young (Allocation Failure)
[14.807s][debug][gc,phases      ] GC(1865) Scavenge 0.804ms
[14.807s][debug][gc,phases      ] GC(1865) Reference Processing 0.026ms
[14.807s][debug][gc,phases      ] GC(1865) Weak Processing 0.010ms
[14.807s][debug][gc,phases      ] GC(1865) Scrub String Table 0.074ms
[14.807s][debug][gc,age         ] GC(1865) Desired survivor size 4194304 bytes, new threshold 1 (max threshold 15)
[14.807s][info ][gc,heap        ] GC(1865) PSYoungGen: 16146K->2958K(16896K)
[14.807s][info ][gc,heap        ] GC(1865) ParOldGen: 6851K->6851K(41472K)
[14.807s][info ][gc,metaspace   ] GC(1865) Metaspace: 15867K->15867K(1064960K)
[14.807s][info ][gc             ] GC(1865) Pause Young (Allocation Failure) 22M->9M(57M) 1.112ms
[14.807s][info ][gc,cpu         ] GC(1865) User=0.01s Sys=0.00s Real=0.00s
[14.809s][info ][gc,start       ] GC(1866) Pause Young (Allocation Failure)
[14.810s][debug][gc,phases      ] GC(1866) Scavenge 1.134ms
[14.810s][debug][gc,phases      ] GC(1866) Reference Processing 0.026ms
[14.810s][debug][gc,phases      ] GC(1866) Weak Processing 0.011ms
[14.810s][debug][gc,phases      ] GC(1866) Scrub String Table 0.074ms
[14.810s][debug][gc,age         ] GC(1866) Desired survivor size 4194304 bytes, new threshold 1 (max threshold 15)
[14.810s][info ][gc,heap        ] GC(1866) PSYoungGen: 16113K->2145K(17408K)
[14.810s][info ][gc,heap        ] GC(1866) ParOldGen: 6851K->6867K(41472K)
[14.810s][info ][gc,metaspace   ] GC(1866) Metaspace: 15867K->15867K(1064960K)
[14.810s][info ][gc             ] GC(1866) Pause Young (Allocation Failure) 22M->8M(57M) 1.480ms
[14.810s][info ][gc,cpu         ] GC(1866) User=0.01s Sys=0.00s Real=0.00s
[14.811s][info ][gc,start       ] GC(1867) Pause Young (Allocation Failure)
[14.812s][debug][gc,phases      ] GC(1867) Scavenge 0.763ms
[14.812s][debug][gc,phases      ] GC(1867) Reference Processing 0.021ms
[14.812s][debug][gc,phases      ] GC(1867) Weak Processing 0.011ms
[14.812s][debug][gc,phases      ] GC(1867) Scrub String Table 0.092ms
[14.812s][debug][gc,age         ] GC(1867) Desired survivor size 3670016 bytes, new threshold 1 (max threshold 15)
[14.812s][info ][gc,heap        ] GC(1867) PSYoungGen: 15299K->1754K(16384K)
[14.812s][info ][gc,heap        ] GC(1867) ParOldGen: 6867K->6867K(41472K)
[14.812s][info ][gc,metaspace   ] GC(1867) Metaspace: 15867K->15867K(1064960K)
[14.812s][info ][gc             ] GC(1867) Pause Young (Allocation Failure) 21M->8M(56M) 1.209ms
[14.812s][info ][gc,cpu         ] GC(1867) User=0.00s Sys=0.00s Real=0.00s
[14.814s][info ][gc,start       ] GC(1868) Pause Young (Allocation Failure)
[14.815s][debug][gc,phases      ] GC(1868) Scavenge 0.993ms
[14.815s][debug][gc,phases      ] GC(1868) Reference Processing 0.049ms
[14.815s][debug][gc,phases      ] GC(1868) Weak Processing 0.011ms
[14.815s][debug][gc,phases      ] GC(1868) Scrub String Table 0.080ms
[14.815s][debug][gc,age         ] GC(1868) Desired survivor size 3670016 bytes, new threshold 1 (max threshold 15)
[14.815s][info ][gc,heap        ] GC(1868) PSYoungGen: 14908K->2145K(16896K)
[14.815s][info ][gc,heap        ] GC(1868) ParOldGen: 6867K->6883K(41472K)
[14.815s][info ][gc,metaspace   ] GC(1868) Metaspace: 15867K->15867K(1064960K)
[14.815s][info ][gc             ] GC(1868) Pause Young (Allocation Failure) 21M->8M(57M) 1.364ms
[14.815s][info ][gc,cpu         ] GC(1868) User=0.00s Sys=0.00s Real=0.00s
[14.816s][info ][gc,start       ] GC(1869) Pause Young (Allocation Failure)
[14.817s][debug][gc,phases      ] GC(1869) Scavenge 1.165ms
[14.817s][debug][gc,phases      ] GC(1869) Reference Processing 0.020ms
[14.818s][debug][gc,phases      ] GC(1869) Weak Processing 0.012ms
[14.818s][debug][gc,phases      ] GC(1869) Scrub String Table 0.095ms
[14.818s][debug][gc,age         ] GC(1869) Desired survivor size 3670016 bytes, new threshold 1 (max threshold 15)
[14.818s][info ][gc,heap        ] GC(1869) PSYoungGen: 15298K->909K(17920K)
[14.818s][info ][gc,heap        ] GC(1869) ParOldGen: 6883K->7290K(41472K)
[14.818s][info ][gc,metaspace   ] GC(1869) Metaspace: 15867K->15867K(1064960K)
[14.818s][info ][gc             ] GC(1869) Pause Young (Allocation Failure) 21M->8M(58M) 1.580ms
[14.818s][info ][gc,cpu         ] GC(1869) User=0.00s Sys=0.00s Real=0.01s
[14.819s][info ][gc,start       ] GC(1870) Pause Young (Allocation Failure)
[14.819s][debug][gc,phases      ] GC(1870) Scavenge 0.430ms
[14.819s][debug][gc,phases      ] GC(1870) Reference Processing 0.019ms
[14.819s][debug][gc,phases      ] GC(1870) Weak Processing 0.011ms
[14.819s][debug][gc,phases      ] GC(1870) Scrub String Table 0.070ms
[14.819s][debug][gc,age         ] GC(1870) Desired survivor size 4194304 bytes, new threshold 1 (max threshold 15)
[14.819s][info ][gc,heap        ] GC(1870) PSYoungGen: 14863K->2990K(17408K)
[14.819s][info ][gc,heap        ] GC(1870) ParOldGen: 7290K->7298K(41472K)
[14.819s][info ][gc,metaspace   ] GC(1870) Metaspace: 15867K->15867K(1064960K)
[14.819s][info ][gc             ] GC(1870) Pause Young (Allocation Failure) 21M->10M(57M) 0.722ms
[14.820s][info ][gc,cpu         ] GC(1870) User=0.00s Sys=0.00s Real=0.00s
[14.821s][info ][gc,start       ] GC(1871) Pause Young (Allocation Failure)
[14.821s][debug][gc,phases      ] GC(1871) Scavenge 0.361ms
[14.821s][debug][gc,phases      ] GC(1871) Reference Processing 0.019ms
[14.821s][debug][gc,phases      ] GC(1871) Weak Processing 0.011ms
[14.821s][debug][gc,phases      ] GC(1871) Scrub String Table 0.068ms
[14.821s][debug][gc,age         ] GC(1871) Desired survivor size 4194304 bytes, new threshold 1 (max threshold 15)
[14.821s][info ][gc,heap        ] GC(1871) PSYoungGen: 16944K->2113K(17408K)
[14.821s][info ][gc,heap        ] GC(1871) ParOldGen: 7298K->7306K(41472K)
[14.821s][info ][gc,metaspace   ] GC(1871) Metaspace: 15867K->15867K(1064960K)
[14.821s][info ][gc             ] GC(1871) Pause Young (Allocation Failure) 23M->9M(57M) 0.649ms
[14.821s][info ][gc,cpu         ] GC(1871) User=0.00s Sys=0.00s Real=0.00s
[14.822s][info ][gc,start       ] GC(1872) Pause Young (Allocation Failure)
[14.823s][debug][gc,phases      ] GC(1872) Scavenge 0.438ms
[14.823s][debug][gc,phases      ] GC(1872) Reference Processing 0.019ms
[14.823s][debug][gc,phases      ] GC(1872) Weak Processing 0.010ms
[14.823s][debug][gc,phases      ] GC(1872) Scrub String Table 0.069ms
[14.823s][debug][gc,age         ] GC(1872) Desired survivor size 4194304 bytes, new threshold 1 (max threshold 15)
[14.823s][info ][gc,heap        ] GC(1872) PSYoungGen: 15265K->3381K(17408K)
[14.823s][info ][gc,heap        ] GC(1872) ParOldGen: 7306K->7306K(41472K)
[14.823s][info ][gc,metaspace   ] GC(1872) Metaspace: 15867K->15867K(1064960K)
[14.823s][info ][gc             ] GC(1872) Pause Young (Allocation Failure) 22M->10M(57M) 0.728ms
[14.823s][info ][gc,cpu         ] GC(1872) User=0.01s Sys=0.00s Real=0.00s
[14.824s][info ][gc,start       ] GC(1873) Pause Young (Allocation Failure)
[14.825s][debug][gc,phases      ] GC(1873) Scavenge 1.122ms
[14.826s][debug][gc,phases      ] GC(1873) Reference Processing 0.020ms
[14.826s][debug][gc,phases      ] GC(1873) Weak Processing 0.012ms
[14.826s][debug][gc,phases      ] GC(1873) Scrub String Table 0.071ms
[14.826s][debug][gc,age         ] GC(1873) Desired survivor size 4194304 bytes, new threshold 1 (max threshold 15)
[14.826s][info ][gc,heap        ] GC(1873) PSYoungGen: 16533K->2567K(17408K)
[14.826s][info ][gc,heap        ] GC(1873) ParOldGen: 7306K->7306K(41472K)
[14.826s][info ][gc,metaspace   ] GC(1873) Metaspace: 15867K->15867K(1064960K)
[14.826s][info ][gc             ] GC(1873) Pause Young (Allocation Failure) 23M->9M(57M) 1.432ms
[14.826s][info ][gc,cpu         ] GC(1873) User=0.01s Sys=0.00s Real=0.00s
[14.827s][info ][gc,start       ] GC(1874) Pause Young (Allocation Failure)
[14.827s][debug][gc,phases      ] GC(1874) Scavenge 0.436ms
[14.828s][debug][gc,phases      ] GC(1874) Reference Processing 0.019ms
[14.828s][debug][gc,phases      ] GC(1874) Weak Processing 0.011ms
[14.828s][debug][gc,phases      ] GC(1874) Scrub String Table 0.068ms
[14.828s][debug][gc,age         ] GC(1874) Desired survivor size 4194304 bytes, new threshold 1 (max threshold 15)
[14.828s][info ][gc,heap        ] GC(1874) PSYoungGen: 15688K->2145K(17408K)
[14.828s][info ][gc,heap        ] GC(1874) ParOldGen: 7306K->7713K(41472K)
[14.828s][info ][gc,metaspace   ] GC(1874) Metaspace: 15867K->15867K(1064960K)
[14.828s][info ][gc             ] GC(1874) Pause Young (Allocation Failure) 22M->9M(57M) 0.745ms
[14.828s][info ][gc,cpu         ] GC(1874) User=0.01s Sys=0.00s Real=0.00s
[14.829s][info ][gc,start       ] GC(1875) Pause Young (Allocation Failure)
[14.830s][debug][gc,phases      ] GC(1875) Scavenge 1.111ms
[14.830s][debug][gc,phases      ] GC(1875) Reference Processing 0.027ms
[14.830s][debug][gc,phases      ] GC(1875) Weak Processing 0.013ms
[14.830s][debug][gc,phases      ] GC(1875) Scrub String Table 0.075ms
[14.830s][debug][gc,age         ] GC(1875) Desired survivor size 4194304 bytes, new threshold 1 (max threshold 15)
[14.830s][info ][gc,heap        ] GC(1875) PSYoungGen: 15262K->2535K(17408K)
[14.830s][info ][gc,heap        ] GC(1875) ParOldGen: 7713K->7721K(41472K)
[14.830s][info ][gc,metaspace   ] GC(1875) Metaspace: 15867K->15867K(1064960K)
[14.830s][info ][gc             ] GC(1875) Pause Young (Allocation Failure) 22M->10M(57M) 1.458ms
[14.830s][info ][gc,cpu         ] GC(1875) User=0.01s Sys=0.00s Real=0.00s
[14.831s][info ][gc,start       ] GC(1876) Pause Young (Allocation Failure)
[14.833s][debug][gc,phases      ] GC(1876) Scavenge 1.177ms
[14.833s][debug][gc,phases      ] GC(1876) Reference Processing 0.026ms
[14.833s][debug][gc,phases      ] GC(1876) Weak Processing 0.014ms
[14.833s][debug][gc,phases      ] GC(1876) Scrub String Table 0.095ms
[14.833s][debug][gc,age         ] GC(1876) Desired survivor size 4194304 bytes, new threshold 1 (max threshold 15)
[14.833s][info ][gc,heap        ] GC(1876) PSYoungGen: 15712K->1818K(17408K)
[14.833s][info ][gc,heap        ] GC(1876) ParOldGen: 7721K->7737K(41472K)
[14.833s][info ][gc,metaspace   ] GC(1876) Metaspace: 15867K->15867K(1064960K)
[14.833s][info ][gc             ] GC(1876) Pause Young (Allocation Failure) 22M->9M(57M) 1.595ms
[14.833s][info ][gc,cpu         ] GC(1876) User=0.01s Sys=0.00s Real=0.00s
[14.834s][info ][gc,start       ] GC(1877) Pause Young (Allocation Failure)
[14.835s][debug][gc,phases      ] GC(1877) Scavenge 0.280ms
[14.835s][debug][gc,phases      ] GC(1877) Reference Processing 0.019ms
[14.835s][debug][gc,phases      ] GC(1877) Weak Processing 0.012ms
[14.835s][debug][gc,phases      ] GC(1877) Scrub String Table 0.070ms
[14.835s][debug][gc,age         ] GC(1877) Desired survivor size 3670016 bytes, new threshold 1 (max threshold 15)
[14.835s][info ][gc,heap        ] GC(1877) PSYoungGen: 14947K->1786K(16384K)
[14.835s][info ][gc,heap        ] GC(1877) ParOldGen: 7737K->7753K(41472K)
[14.835s][info ][gc,metaspace   ] GC(1877) Metaspace: 15867K->15867K(1064960K)
[14.835s][info ][gc             ] GC(1877) Pause Young (Allocation Failure) 22M->9M(56M) 0.590ms
[14.835s][info ][gc,cpu         ] GC(1877) User=0.01s Sys=0.00s Real=0.00s
[14.836s][info ][gc,start       ] GC(1878) Pause Young (Allocation Failure)
[14.836s][debug][gc,phases      ] GC(1878) Scavenge 0.284ms
[14.836s][debug][gc,phases      ] GC(1878) Reference Processing 0.020ms
[14.836s][debug][gc,phases      ] GC(1878) Weak Processing 0.014ms
[14.836s][debug][gc,phases      ] GC(1878) Scrub String Table 0.078ms
[14.836s][debug][gc,age         ] GC(1878) Desired survivor size 3670016 bytes, new threshold 1 (max threshold 15)
[14.836s][info ][gc,heap        ] GC(1878) PSYoungGen: 14963K->1427K(16896K)
[14.836s][info ][gc,heap        ] GC(1878) ParOldGen: 7753K->7753K(41472K)
[14.836s][info ][gc,metaspace   ] GC(1878) Metaspace: 15867K->15867K(1064960K)
[14.836s][info ][gc             ] GC(1878) Pause Young (Allocation Failure) 22M->8M(57M) 0.605ms
[14.836s][info ][gc,cpu         ] GC(1878) User=0.00s Sys=0.00s Real=0.01s
[14.837s][info ][gc,start       ] GC(1879) Pause Young (Allocation Failure)
[14.838s][debug][gc,phases      ] GC(1879) Scavenge 0.356ms
[14.838s][debug][gc,phases      ] GC(1879) Reference Processing 0.028ms
[14.838s][debug][gc,phases      ] GC(1879) Weak Processing 0.010ms
[14.838s][debug][gc,phases      ] GC(1879) Scrub String Table 0.068ms
[14.838s][debug][gc,age         ] GC(1879) Desired survivor size 3670016 bytes, new threshold 1 (max threshold 15)
[14.838s][info ][gc,heap        ] GC(1879) PSYoungGen: 14595K->2177K(17920K)
[14.838s][info ][gc,heap        ] GC(1879) ParOldGen: 7753K->7761K(41472K)
[14.838s][info ][gc,metaspace   ] GC(1879) Metaspace: 15867K->15867K(1064960K)
[14.838s][info ][gc             ] GC(1879) Pause Young (Allocation Failure) 21M->9M(58M) 0.663ms
[14.838s][info ][gc,cpu         ] GC(1879) User=0.00s Sys=0.00s Real=0.00s
[14.839s][info ][gc,start       ] GC(1880) Pause Young (Allocation Failure)
[14.840s][debug][gc,phases      ] GC(1880) Scavenge 0.407ms
[14.840s][debug][gc,phases      ] GC(1880) Reference Processing 0.019ms
[14.840s][debug][gc,phases      ] GC(1880) Weak Processing 0.012ms
[14.840s][debug][gc,phases      ] GC(1880) Scrub String Table 0.070ms
[14.840s][debug][gc,age         ] GC(1880) Desired survivor size 3670016 bytes, new threshold 1 (max threshold 15)
[14.840s][info ][gc,heap        ] GC(1880) PSYoungGen: 16141K->2599K(17920K)
[14.840s][info ][gc,heap        ] GC(1880) ParOldGen: 7761K->7761K(41472K)
[14.840s][info ][gc,metaspace   ] GC(1880) Metaspace: 15867K->15867K(1064960K)
[14.840s][info ][gc             ] GC(1880) Pause Young (Allocation Failure) 23M->10M(58M) 0.703ms
[14.840s][info ][gc,cpu         ] GC(1880) User=0.00s Sys=0.00s Real=0.00s
[14.841s][info ][gc,start       ] GC(1881) Pause Young (Allocation Failure)
[14.842s][debug][gc,phases      ] GC(1881) Scavenge 0.399ms
[14.842s][debug][gc,phases      ] GC(1881) Reference Processing 0.023ms
[14.842s][debug][gc,phases      ] GC(1881) Weak Processing 0.011ms
[14.842s][debug][gc,phases      ] GC(1881) Scrub String Table 0.070ms
[14.842s][debug][gc,age         ] GC(1881) Desired survivor size 3670016 bytes, new threshold 1 (max threshold 15)
[14.842s][info ][gc,heap        ] GC(1881) PSYoungGen: 16560K->2177K(17920K)
[14.842s][info ][gc,heap        ] GC(1881) ParOldGen: 7761K->7761K(41472K)
[14.842s][info ][gc,metaspace   ] GC(1881) Metaspace: 15867K->15867K(1064960K)
[14.842s][info ][gc             ] GC(1881) Pause Young (Allocation Failure) 23M->9M(58M) 0.719ms
[14.842s][info ][gc,cpu         ] GC(1881) User=0.01s Sys=0.00s Real=0.00s
[14.843s][info ][gc,start       ] GC(1882) Pause Young (Allocation Failure)
[14.844s][debug][gc,phases      ] GC(1882) Scavenge 1.281ms
[14.845s][debug][gc,phases      ] GC(1882) Reference Processing 0.026ms
[14.845s][debug][gc,phases      ] GC(1882) Weak Processing 0.014ms
[14.845s][debug][gc,phases      ] GC(1882) Scrub String Table 0.090ms
[14.845s][debug][gc,age         ] GC(1882) Desired survivor size 3670016 bytes, new threshold 1 (max threshold 15)
[14.845s][info ][gc,heap        ] GC(1882) PSYoungGen: 16494K->2567K(17920K)
[14.845s][info ][gc,heap        ] GC(1882) ParOldGen: 7761K->8175K(41472K)
[14.845s][info ][gc,metaspace   ] GC(1882) Metaspace: 15867K->15867K(1064960K)
[14.845s][info ][gc             ] GC(1882) Pause Young (Allocation Failure) 23M->10M(58M) 1.718ms
[14.845s][info ][gc,cpu         ] GC(1882) User=0.01s Sys=0.01s Real=0.00s
[14.846s][info ][gc,start       ] GC(1883) Pause Young (Allocation Failure)
[14.848s][debug][gc,phases      ] GC(1883) Scavenge 1.165ms
[14.848s][debug][gc,phases      ] GC(1883) Reference Processing 0.020ms
[14.848s][debug][gc,phases      ] GC(1883) Weak Processing 0.013ms
[14.848s][debug][gc,phases      ] GC(1883) Scrub String Table 0.073ms
[14.848s][debug][gc,age         ] GC(1883) Desired survivor size 3670016 bytes, new threshold 1 (max threshold 15)
[14.848s][info ][gc,heap        ] GC(1883) PSYoungGen: 16883K->1754K(17920K)
[14.848s][info ][gc,heap        ] GC(1883) ParOldGen: 8175K->8582K(41472K)
[14.848s][info ][gc,metaspace   ] GC(1883) Metaspace: 15867K->15867K(1064960K)
[14.848s][info ][gc             ] GC(1883) Pause Young (Allocation Failure) 24M->10M(58M) 1.554ms
[14.848s][info ][gc,cpu         ] GC(1883) User=0.01s Sys=0.00s Real=0.01s
[14.849s][info ][gc,start       ] GC(1884) Pause Young (Allocation Failure)
[14.850s][debug][gc,phases      ] GC(1884) Scavenge 0.790ms
[14.850s][debug][gc,phases      ] GC(1884) Reference Processing 0.020ms
[14.850s][debug][gc,phases      ] GC(1884) Weak Processing 0.012ms
[14.850s][debug][gc,phases      ] GC(1884) Scrub String Table 0.079ms
[14.850s][debug][gc,age         ] GC(1884) Desired survivor size 3670016 bytes, new threshold 1 (max threshold 15)
[14.850s][info ][gc,heap        ] GC(1884) PSYoungGen: 16082K->1722K(17920K)
[14.850s][info ][gc,heap        ] GC(1884) ParOldGen: 8582K->8606K(41472K)
[14.850s][info ][gc,metaspace   ] GC(1884) Metaspace: 15867K->15867K(1064960K)
[14.850s][info ][gc             ] GC(1884) Pause Young (Allocation Failure) 24M->10M(58M) 1.212ms
[14.850s][info ][gc,cpu         ] GC(1884) User=0.00s Sys=0.00s Real=0.00s
[14.851s][info ][gc,start       ] GC(1885) Pause Young (Allocation Failure)
[14.852s][debug][gc,phases      ] GC(1885) Scavenge 0.354ms
[14.852s][debug][gc,phases      ] GC(1885) Reference Processing 0.021ms
[14.852s][debug][gc,phases      ] GC(1885) Weak Processing 0.010ms
[14.852s][debug][gc,phases      ] GC(1885) Scrub String Table 0.103ms
[14.852s][debug][gc,age         ] GC(1885) Desired survivor size 3670016 bytes, new threshold 1 (max threshold 15)
[14.852s][info ][gc,heap        ] GC(1885) PSYoungGen: 16057K->2535K(17920K)
[14.852s][info ][gc,heap        ] GC(1885) ParOldGen: 8606K->8622K(41472K)
[14.852s][info ][gc,metaspace   ] GC(1885) Metaspace: 15867K->15867K(1064960K)
[14.852s][info ][gc             ] GC(1885) Pause Young (Allocation Failure) 24M->10M(58M) 0.749ms
[14.852s][info ][gc,cpu         ] GC(1885) User=0.01s Sys=0.00s Real=0.00s
[14.853s][info ][gc,start       ] GC(1886) Pause Young (Allocation Failure)
[14.854s][debug][gc,phases      ] GC(1886) Scavenge 0.430ms
[14.854s][debug][gc,phases      ] GC(1886) Reference Processing 0.020ms
[14.854s][debug][gc,phases      ] GC(1886) Weak Processing 0.011ms
[14.854s][debug][gc,phases      ] GC(1886) Scrub String Table 0.070ms
[14.854s][debug][gc,age         ] GC(1886) Desired survivor size 4194304 bytes, new threshold 1 (max threshold 15)
[14.854s][info ][gc,heap        ] GC(1886) PSYoungGen: 16523K->3381K(17920K)
[14.854s][info ][gc,heap        ] GC(1886) ParOldGen: 8622K->8630K(41472K)
[14.854s][info ][gc,metaspace   ] GC(1886) Metaspace: 15867K->15867K(1064960K)
[14.854s][info ][gc             ] GC(1886) Pause Young (Allocation Failure) 24M->11M(58M) 0.734ms
[14.854s][info ][gc,cpu         ] GC(1886) User=0.00s Sys=0.00s Real=0.00s
[14.855s][info ][gc,start       ] GC(1887) Pause Young (Allocation Failure)
[14.856s][debug][gc,phases      ] GC(1887) Scavenge 0.480ms
[14.856s][debug][gc,phases      ] GC(1887) Reference Processing 0.026ms
[14.856s][debug][gc,phases      ] GC(1887) Weak Processing 0.010ms
[14.856s][debug][gc,phases      ] GC(1887) Scrub String Table 0.068ms
[14.856s][debug][gc,age         ] GC(1887) Desired survivor size 4194304 bytes, new threshold 1 (max threshold 15)
[14.856s][info ][gc,heap        ] GC(1887) PSYoungGen: 17356K->2599K(16896K)
[14.856s][info ][gc,heap        ] GC(1887) ParOldGen: 8630K->8638K(41472K)
[14.856s][info ][gc,metaspace   ] GC(1887) Metaspace: 15867K->15867K(1064960K)
[14.856s][info ][gc             ] GC(1887) Pause Young (Allocation Failure) 25M->10M(57M) 0.793ms
[14.856s][info ][gc,cpu         ] GC(1887) User=0.00s Sys=0.00s Real=0.00s
[14.857s][info ][gc,start       ] GC(1888) Pause Young (Allocation Failure)
[14.858s][debug][gc,phases      ] GC(1888) Scavenge 0.601ms
[14.858s][debug][gc,phases      ] GC(1888) Reference Processing 0.021ms
[14.858s][debug][gc,phases      ] GC(1888) Weak Processing 0.010ms
[14.858s][debug][gc,phases      ] GC(1888) Scrub String Table 0.075ms
[14.858s][debug][gc,age         ] GC(1888) Desired survivor size 3670016 bytes, new threshold 1 (max threshold 15)
[14.858s][info ][gc,heap        ] GC(1888) PSYoungGen: 15765K->2113K(17408K)
[14.858s][info ][gc,heap        ] GC(1888) ParOldGen: 8638K->8638K(41472K)
[14.858s][info ][gc,metaspace   ] GC(1888) Metaspace: 15867K->15867K(1064960K)
[14.858s][info ][gc             ] GC(1888) Pause Young (Allocation Failure) 23M->10M(57M) 0.970ms
[14.858s][info ][gc,cpu         ] GC(1888) User=0.00s Sys=0.00s Real=0.00s
[14.859s][info ][gc,start       ] GC(1889) Pause Young (Allocation Failure)
[14.860s][debug][gc,phases      ] GC(1889) Scavenge 1.166ms
[14.860s][debug][gc,phases      ] GC(1889) Reference Processing 0.036ms
[14.860s][debug][gc,phases      ] GC(1889) Weak Processing 0.011ms
[14.861s][debug][gc,phases      ] GC(1889) Scrub String Table 0.076ms
[14.861s][debug][gc,age         ] GC(1889) Desired survivor size 3670016 bytes, new threshold 1 (max threshold 15)
[14.861s][info ][gc,heap        ] GC(1889) PSYoungGen: 15244K->1754K(17408K)
[14.861s][info ][gc,heap        ] GC(1889) ParOldGen: 8638K->9069K(41472K)
[14.861s][info ][gc,metaspace   ] GC(1889) Metaspace: 15867K->15867K(1064960K)
[14.861s][info ][gc             ] GC(1889) Pause Young (Allocation Failure) 23M->10M(57M) 1.518ms
[14.861s][info ][gc,cpu         ] GC(1889) User=0.00s Sys=0.00s Real=0.00s
[14.862s][info ][gc,start       ] GC(1890) Pause Young (Allocation Failure)
[14.863s][debug][gc,phases      ] GC(1890) Scavenge 1.184ms
[14.863s][debug][gc,phases      ] GC(1890) Reference Processing 0.022ms
[14.863s][debug][gc,phases      ] GC(1890) Weak Processing 0.011ms
[14.863s][debug][gc,phases      ] GC(1890) Scrub String Table 0.069ms
[14.863s][debug][gc,age         ] GC(1890) Desired survivor size 3670016 bytes, new threshold 1 (max threshold 15)
[14.863s][info ][gc,heap        ] GC(1890) PSYoungGen: 15287K->2145K(17408K)
[14.863s][info ][gc,heap        ] GC(1890) ParOldGen: 9069K->9491K(41472K)
[14.863s][info ][gc,metaspace   ] GC(1890) Metaspace: 15867K->15867K(1064960K)
[14.863s][info ][gc             ] GC(1890) Pause Young (Allocation Failure) 23M->11M(57M) 1.530ms
[14.863s][info ][gc,cpu         ] GC(1890) User=0.01s Sys=0.00s Real=0.00s
[14.865s][info ][gc,start       ] GC(1891) Pause Young (Allocation Failure)
[14.865s][debug][gc,phases      ] GC(1891) Scavenge 0.821ms
[14.865s][debug][gc,phases      ] GC(1891) Reference Processing 0.019ms
[14.866s][debug][gc,phases      ] GC(1891) Weak Processing 0.011ms
[14.866s][debug][gc,phases      ] GC(1891) Scrub String Table 0.069ms
[14.866s][debug][gc,age         ] GC(1891) Desired survivor size 3670016 bytes, new threshold 1 (max threshold 15)
[14.866s][info ][gc,heap        ] GC(1891) PSYoungGen: 15722K->2145K(17920K)
[14.866s][info ][gc,heap        ] GC(1891) ParOldGen: 9491K->9499K(41472K)
[14.866s][info ][gc,metaspace   ] GC(1891) Metaspace: 15867K->15867K(1064960K)
[14.866s][info ][gc             ] GC(1891) Pause Young (Allocation Failure) 24M->11M(58M) 1.236ms
[14.866s][info ][gc,cpu         ] GC(1891) User=0.01s Sys=0.00s Real=0.00s
[14.867s][info ][gc,start       ] GC(1892) Pause Young (Allocation Failure)
[14.868s][debug][gc,phases      ] GC(1892) Scavenge 1.051ms
[14.868s][debug][gc,phases      ] GC(1892) Reference Processing 0.020ms
[14.868s][debug][gc,phases      ] GC(1892) Weak Processing 0.011ms
[14.868s][debug][gc,phases      ] GC(1892) Scrub String Table 0.069ms
[14.868s][debug][gc,age         ] GC(1892) Desired survivor size 3670016 bytes, new threshold 1 (max threshold 15)
[14.868s][info ][gc,heap        ] GC(1892) PSYoungGen: 16475K->2209K(17920K)
[14.868s][info ][gc,heap        ] GC(1892) ParOldGen: 9499K->9507K(41472K)
[14.868s][info ][gc,metaspace   ] GC(1892) Metaspace: 15867K->15867K(1064960K)
[14.868s][info ][gc             ] GC(1892) Pause Young (Allocation Failure) 25M->11M(58M) 1.379ms
[14.868s][info ][gc,cpu         ] GC(1892) User=0.01s Sys=0.00s Real=0.00s
[14.870s][info ][gc,start       ] GC(1893) Pause Young (Allocation Failure)
[14.870s][debug][gc,phases      ] GC(1893) Scavenge 0.368ms
[14.870s][debug][gc,phases      ] GC(1893) Reference Processing 0.019ms
[14.870s][debug][gc,phases      ] GC(1893) Weak Processing 0.011ms
[14.870s][debug][gc,phases      ] GC(1893) Scrub String Table 0.070ms
[14.870s][debug][gc,age         ] GC(1893) Desired survivor size 3670016 bytes, new threshold 1 (max threshold 15)
[14.870s][info ][gc,heap        ] GC(1893) PSYoungGen: 16183K->2567K(17920K)
[14.870s][info ][gc,heap        ] GC(1893) ParOldGen: 9507K->9914K(41472K)
[14.870s][info ][gc,metaspace   ] GC(1893) Metaspace: 15867K->15867K(1064960K)
[14.870s][info ][gc             ] GC(1893) Pause Young (Allocation Failure) 25M->12M(58M) 0.660ms
[14.870s][info ][gc,cpu         ] GC(1893) User=0.00s Sys=0.00s Real=0.00s
[14.871s][info ][gc,start       ] GC(1894) Pause Young (Allocation Failure)
[14.872s][debug][gc,phases      ] GC(1894) Scavenge 0.311ms
[14.872s][debug][gc,phases      ] GC(1894) Reference Processing 0.021ms
[14.872s][debug][gc,phases      ] GC(1894) Weak Processing 0.010ms
[14.872s][debug][gc,phases      ] GC(1894) Scrub String Table 0.074ms
[14.872s][debug][gc,age         ] GC(1894) Desired survivor size 3670016 bytes, new threshold 1 (max threshold 15)
[14.872s][info ][gc,heap        ] GC(1894) PSYoungGen: 16903K->2177K(17920K)
[14.872s][info ][gc,heap        ] GC(1894) ParOldGen: 9914K->9922K(41472K)
[14.872s][info ][gc,metaspace   ] GC(1894) Metaspace: 15867K->15867K(1064960K)
[14.872s][info ][gc             ] GC(1894) Pause Young (Allocation Failure) 26M->11M(58M) 0.615ms
[14.872s][info ][gc,cpu         ] GC(1894) User=0.01s Sys=0.00s Real=0.00s
[14.873s][info ][gc,start       ] GC(1895) Pause Young (Allocation Failure)
[14.874s][debug][gc,phases      ] GC(1895) Scavenge 0.375ms
[14.874s][debug][gc,phases      ] GC(1895) Reference Processing 0.020ms
[14.874s][debug][gc,phases      ] GC(1895) Weak Processing 0.011ms
[14.874s][debug][gc,phases      ] GC(1895) Scrub String Table 0.068ms
[14.874s][debug][gc,age         ] GC(1895) Desired survivor size 3670016 bytes, new threshold 1 (max threshold 15)
[14.874s][info ][gc,heap        ] GC(1895) PSYoungGen: 16490K->2567K(17920K)
[14.874s][info ][gc,heap        ] GC(1895) ParOldGen: 9922K->10329K(41472K)
[14.874s][info ][gc,metaspace   ] GC(1895) Metaspace: 15867K->15867K(1064960K)
[14.874s][info ][gc             ] GC(1895) Pause Young (Allocation Failure) 25M->12M(58M) 0.684ms
[14.874s][info ][gc,cpu         ] GC(1895) User=0.01s Sys=0.00s Real=0.00s
[14.875s][info ][gc,start       ] GC(1896) Pause Young (Allocation Failure)
[14.877s][debug][gc,phases      ] GC(1896) Scavenge 1.264ms
[14.877s][debug][gc,phases      ] GC(1896) Reference Processing 0.020ms
[14.877s][debug][gc,phases      ] GC(1896) Weak Processing 0.012ms
[14.877s][debug][gc,phases      ] GC(1896) Scrub String Table 0.068ms
[14.877s][debug][gc,age         ] GC(1896) Desired survivor size 3670016 bytes, new threshold 1 (max threshold 15)
[14.877s][info ][gc,heap        ] GC(1896) PSYoungGen: 16892K->2535K(17920K)
[14.877s][info ][gc,heap        ] GC(1896) ParOldGen: 10329K->10329K(41472K)
[14.877s][info ][gc,metaspace   ] GC(1896) Metaspace: 15867K->15867K(1064960K)
[14.877s][info ][gc             ] GC(1896) Pause Young (Allocation Failure) 26M->12M(58M) 1.623ms
[14.877s][info ][gc,cpu         ] GC(1896) User=0.01s Sys=0.00s Real=0.01s
[14.878s][info ][gc,start       ] GC(1897) Pause Young (Allocation Failure)
[14.879s][debug][gc,phases      ] GC(1897) Scavenge 1.228ms
[14.879s][debug][gc,phases      ] GC(1897) Reference Processing 0.020ms
[14.879s][debug][gc,phases      ] GC(1897) Weak Processing 0.011ms
[14.880s][debug][gc,phases      ] GC(1897) Scrub String Table 0.069ms
[14.880s][debug][gc,age         ] GC(1897) Desired survivor size 3670016 bytes, new threshold 1 (max threshold 15)
[14.880s][info ][gc,heap        ] GC(1897) PSYoungGen: 16827K->2535K(17920K)
[14.880s][info ][gc,heap        ] GC(1897) ParOldGen: 10329K->10751K(41472K)
[14.880s][info ][gc,metaspace   ] GC(1897) Metaspace: 15867K->15867K(1064960K)
[14.880s][info ][gc             ] GC(1897) Pause Young (Allocation Failure) 26M->12M(58M) 1.524ms
[14.880s][info ][gc,cpu         ] GC(1897) User=0.01s Sys=0.00s Real=0.00s
[14.881s][info ][gc,start       ] GC(1898) Pause Young (Allocation Failure)
[14.882s][debug][gc,phases      ] GC(1898) Scavenge 1.077ms
[14.882s][debug][gc,phases      ] GC(1898) Reference Processing 0.025ms
[14.882s][debug][gc,phases      ] GC(1898) Weak Processing 0.015ms
[14.882s][debug][gc,phases      ] GC(1898) Scrub String Table 0.082ms
[14.882s][debug][gc,age         ] GC(1898) Desired survivor size 3670016 bytes, new threshold 1 (max threshold 15)
[14.882s][info ][gc,heap        ] GC(1898) PSYoungGen: 16871K->1754K(17920K)
[14.882s][info ][gc,heap        ] GC(1898) ParOldGen: 10751K->11556K(41472K)
[14.882s][info ][gc,metaspace   ] GC(1898) Metaspace: 15867K->15867K(1064960K)
[14.882s][info ][gc             ] GC(1898) Pause Young (Allocation Failure) 26M->12M(58M) 1.430ms
[14.882s][info ][gc,cpu         ] GC(1898) User=0.01s Sys=0.00s Real=0.00s
[14.884s][info ][gc,start       ] GC(1899) Pause Young (Allocation Failure)
[14.884s][debug][gc,phases      ] GC(1899) Scavenge 0.908ms
[14.885s][debug][gc,phases      ] GC(1899) Reference Processing 0.019ms
[14.885s][debug][gc,phases      ] GC(1899) Weak Processing 0.011ms
[14.885s][debug][gc,phases      ] GC(1899) Scrub String Table 0.069ms
[14.885s][debug][gc,age         ] GC(1899) Desired survivor size 3670016 bytes, new threshold 1 (max threshold 15)
[14.885s][info ][gc,heap        ] GC(1899) PSYoungGen: 16066K->1754K(17920K)
[14.885s][info ][gc,heap        ] GC(1899) ParOldGen: 11556K->11580K(41472K)
[14.885s][info ][gc,metaspace   ] GC(1899) Metaspace: 15867K->15867K(1064960K)
[14.885s][info ][gc             ] GC(1899) Pause Young (Allocation Failure) 26M->13M(58M) 1.215ms
[14.885s][info ][gc,cpu         ] GC(1899) User=0.01s Sys=0.00s Real=0.00s
[14.886s][info ][gc,start       ] GC(1900) Pause Young (Allocation Failure)
[14.887s][debug][gc,phases      ] GC(1900) Scavenge 1.166ms
[14.887s][debug][gc,phases      ] GC(1900) Reference Processing 0.025ms
[14.887s][debug][gc,phases      ] GC(1900) Weak Processing 0.011ms
[14.887s][debug][gc,phases      ] GC(1900) Scrub String Table 0.077ms
[14.887s][debug][gc,age         ] GC(1900) Desired survivor size 3670016 bytes, new threshold 1 (max threshold 15)
[14.887s][info ][gc,heap        ] GC(1900) PSYoungGen: 15761K->2990K(17920K)
[14.887s][info ][gc,heap        ] GC(1900) ParOldGen: 11580K->11588K(41472K)
[14.887s][info ][gc,metaspace   ] GC(1900) Metaspace: 15867K->15867K(1064960K)
[14.887s][info ][gc             ] GC(1900) Pause Young (Allocation Failure) 26M->14M(58M) 1.530ms
[14.888s][info ][gc,cpu         ] GC(1900) User=0.01s Sys=0.00s Real=0.01s
[14.889s][info ][gc,start       ] GC(1901) Pause Young (Allocation Failure)
[14.890s][debug][gc,phases      ] GC(1901) Scavenge 1.232ms
[14.890s][debug][gc,phases      ] GC(1901) Reference Processing 0.017ms
[14.890s][debug][gc,phases      ] GC(1901) Weak Processing 0.013ms
[14.890s][debug][gc,phases      ] GC(1901) Scrub String Table 0.070ms
[14.890s][debug][gc,age         ] GC(1901) Desired survivor size 3670016 bytes, new threshold 1 (max threshold 15)
[14.890s][info ][gc,heap        ] GC(1901) PSYoungGen: 16978K->2926K(17920K)
[14.890s][info ][gc,heap        ] GC(1901) ParOldGen: 11588K->11995K(41472K)
[14.890s][info ][gc,metaspace   ] GC(1901) Metaspace: 15867K->15867K(1064960K)
[14.890s][info ][gc             ] GC(1901) Pause Young (Allocation Failure) 27M->14M(58M) 1.534ms
[14.890s][info ][gc,cpu         ] GC(1901) User=0.01s Sys=0.00s Real=0.00s
[14.891s][info ][gc,start       ] GC(1902) Pause Young (Allocation Failure)
[14.893s][debug][gc,phases      ] GC(1902) Scavenge 1.111ms
[14.893s][debug][gc,phases      ] GC(1902) Reference Processing 0.020ms
[14.893s][debug][gc,phases      ] GC(1902) Weak Processing 0.011ms
[14.893s][debug][gc,phases      ] GC(1902) Scrub String Table 0.069ms
[14.893s][debug][gc,age         ] GC(1902) Desired survivor size 4194304 bytes, new threshold 1 (max threshold 15)
[14.893s][info ][gc,heap        ] GC(1902) PSYoungGen: 17249K->909K(15360K)
[14.893s][info ][gc,heap        ] GC(1902) ParOldGen: 11995K->12402K(41472K)
[14.893s][info ][gc,metaspace   ] GC(1902) Metaspace: 15867K->15867K(1064960K)
[14.893s][info ][gc             ] GC(1902) Pause Young (Allocation Failure) 28M->12M(55M) 1.438ms
[14.893s][info ][gc,cpu         ] GC(1902) User=0.01s Sys=0.00s Real=0.00s
[14.894s][info ][gc,start       ] GC(1903) Pause Young (Allocation Failure)
[14.895s][debug][gc,phases      ] GC(1903) Scavenge 1.138ms
[14.895s][debug][gc,phases      ] GC(1903) Reference Processing 0.021ms
[14.895s][debug][gc,phases      ] GC(1903) Weak Processing 0.011ms
[14.896s][debug][gc,phases      ] GC(1903) Scrub String Table 0.079ms
[14.896s][debug][gc,age         ] GC(1903) Desired survivor size 4194304 bytes, new threshold 1 (max threshold 15)
[14.896s][info ][gc,heap        ] GC(1903) PSYoungGen: 15209K->1331K(17408K)
[14.896s][info ][gc,heap        ] GC(1903) ParOldGen: 12402K->12426K(41472K)
[14.896s][info ][gc,metaspace   ] GC(1903) Metaspace: 15867K->15867K(1064960K)
[14.896s][info ][gc             ] GC(1903) Pause Young (Allocation Failure) 26M->13M(57M) 1.543ms
[14.896s][info ][gc,cpu         ] GC(1903) User=0.00s Sys=0.00s Real=0.00s
[14.897s][info ][gc,start       ] GC(1904) Pause Young (Allocation Failure)
[14.898s][debug][gc,phases      ] GC(1904) Scavenge 1.119ms
[14.898s][debug][gc,phases      ] GC(1904) Reference Processing 0.029ms
[14.898s][debug][gc,phases      ] GC(1904) Weak Processing 0.016ms
[14.898s][debug][gc,phases      ] GC(1904) Scrub String Table 0.073ms
[14.898s][debug][gc,age         ] GC(1904) Desired survivor size 3670016 bytes, new threshold 1 (max threshold 15)
[14.898s][info ][gc,heap        ] GC(1904) PSYoungGen: 14485K->1818K(15360K)
[14.898s][info ][gc,heap        ] GC(1904) ParOldGen: 12426K->12442K(41472K)
[14.898s][info ][gc,metaspace   ] GC(1904) Metaspace: 15867K->15867K(1064960K)
[14.898s][info ][gc             ] GC(1904) Pause Young (Allocation Failure) 26M->13M(55M) 1.573ms
[14.898s][info ][gc,cpu         ] GC(1904) User=0.01s Sys=0.01s Real=0.00s
[14.899s][info ][gc,start       ] GC(1905) Pause Young (Allocation Failure)
[14.900s][debug][gc,phases      ] GC(1905) Scavenge 0.455ms
[14.900s][debug][gc,phases      ] GC(1905) Reference Processing 0.047ms
[14.900s][debug][gc,phases      ] GC(1905) Weak Processing 0.011ms
[14.900s][debug][gc,phases      ] GC(1905) Scrub String Table 0.070ms
[14.900s][debug][gc,age         ] GC(1905) Desired survivor size 3670016 bytes, new threshold 1 (max threshold 15)
[14.900s][info ][gc,heap        ] GC(1905) PSYoungGen: 14968K->1363K(16896K)
[14.900s][info ][gc,heap        ] GC(1905) ParOldGen: 12442K->12458K(41472K)
[14.900s][info ][gc,metaspace   ] GC(1905) Metaspace: 15867K->15867K(1064960K)
[14.900s][info ][gc             ] GC(1905) Pause Young (Allocation Failure) 26M->13M(57M) 0.816ms
[14.900s][info ][gc,cpu         ] GC(1905) User=0.00s Sys=0.00s Real=0.00s
[14.902s][info ][gc,start       ] GC(1906) Pause Young (Allocation Failure)
[14.902s][debug][gc,phases      ] GC(1906) Scavenge 0.460ms
[14.902s][debug][gc,phases      ] GC(1906) Reference Processing 0.020ms
[14.902s][debug][gc,phases      ] GC(1906) Weak Processing 0.010ms
[14.902s][debug][gc,phases      ] GC(1906) Scrub String Table 0.075ms
[14.902s][debug][gc,age         ] GC(1906) Desired survivor size 4194304 bytes, new threshold 1 (max threshold 15)
[14.902s][info ][gc,heap        ] GC(1906) PSYoungGen: 14525K->2958K(16896K)
[14.902s][info ][gc,heap        ] GC(1906) ParOldGen: 12458K->12872K(41472K)
[14.902s][info ][gc,metaspace   ] GC(1906) Metaspace: 15867K->15867K(1064960K)
[14.902s][info ][gc             ] GC(1906) Pause Young (Allocation Failure) 26M->15M(57M) 0.781ms
[14.902s][info ][gc,cpu         ] GC(1906) User=0.00s Sys=0.00s Real=0.00s
[14.903s][info ][gc,start       ] GC(1907) Pause Young (Allocation Failure)
[14.904s][debug][gc,phases      ] GC(1907) Scavenge 0.328ms
[14.904s][debug][gc,phases      ] GC(1907) Reference Processing 0.018ms
[14.904s][debug][gc,phases      ] GC(1907) Weak Processing 0.011ms
[14.904s][debug][gc,phases      ] GC(1907) Scrub String Table 0.068ms
[14.904s][debug][gc,age         ] GC(1907) Desired survivor size 4194304 bytes, new threshold 1 (max threshold 15)
[14.904s][info ][gc,heap        ] GC(1907) PSYoungGen: 16150K->2209K(17408K)
[14.904s][info ][gc,heap        ] GC(1907) ParOldGen: 12872K->12880K(41472K)
[14.904s][info ][gc,metaspace   ] GC(1907) Metaspace: 15867K->15867K(1064960K)
[14.904s][info ][gc             ] GC(1907) Pause Young (Allocation Failure) 28M->14M(57M) 0.609ms
[14.904s][info ][gc,cpu         ] GC(1907) User=0.00s Sys=0.00s Real=0.00s
[14.905s][info ][gc,start       ] GC(1908) Pause Young (Allocation Failure)
[14.906s][debug][gc,phases      ] GC(1908) Scavenge 0.356ms
[14.906s][debug][gc,phases      ] GC(1908) Reference Processing 0.019ms
[14.906s][debug][gc,phases      ] GC(1908) Weak Processing 0.011ms
[14.906s][debug][gc,phases      ] GC(1908) Scrub String Table 0.068ms
[14.906s][debug][gc,age         ] GC(1908) Desired survivor size 4194304 bytes, new threshold 1 (max threshold 15)
[14.906s][info ][gc,heap        ] GC(1908) PSYoungGen: 15387K->2567K(17408K)
[14.906s][info ][gc,heap        ] GC(1908) ParOldGen: 12880K->12888K(41472K)
[14.906s][info ][gc,metaspace   ] GC(1908) Metaspace: 15867K->15867K(1064960K)
[14.906s][info ][gc             ] GC(1908) Pause Young (Allocation Failure) 27M->15M(57M) 0.645ms
[14.906s][info ][gc,cpu         ] GC(1908) User=0.00s Sys=0.00s Real=0.00s
[14.907s][info ][gc,start       ] GC(1909) Pause Young (Allocation Failure)
[14.907s][debug][gc,phases      ] GC(1909) Scavenge 0.350ms
[14.907s][debug][gc,phases      ] GC(1909) Reference Processing 0.018ms
[14.907s][debug][gc,phases      ] GC(1909) Weak Processing 0.010ms
[14.907s][debug][gc,phases      ] GC(1909) Scrub String Table 0.075ms
[14.907s][debug][gc,age         ] GC(1909) Desired survivor size 3670016 bytes, new threshold 1 (max threshold 15)
[14.907s][info ][gc,heap        ] GC(1909) PSYoungGen: 15736K->2209K(16384K)
[14.907s][info ][gc,heap        ] GC(1909) ParOldGen: 12888K->12888K(41472K)
[14.908s][info ][gc,metaspace   ] GC(1909) Metaspace: 15867K->15867K(1064960K)
[14.908s][info ][gc             ] GC(1909) Pause Young (Allocation Failure) 27M->14M(56M) 0.683ms
[14.908s][info ][gc,cpu         ] GC(1909) User=0.01s Sys=0.00s Real=0.00s
[14.909s][info ][gc,start       ] GC(1910) Pause Young (Allocation Failure)
[14.910s][debug][gc,phases      ] GC(1910) Scavenge 1.079ms
[14.910s][debug][gc,phases      ] GC(1910) Reference Processing 0.025ms
[14.910s][debug][gc,phases      ] GC(1910) Weak Processing 0.010ms
[14.910s][debug][gc,phases      ] GC(1910) Scrub String Table 0.068ms
[14.910s][debug][gc,age         ] GC(1910) Desired survivor size 3670016 bytes, new threshold 1 (max threshold 15)
[14.910s][info ][gc,heap        ] GC(1910) PSYoungGen: 15336K->1754K(16896K)
[14.910s][info ][gc,heap        ] GC(1910) ParOldGen: 12888K->12904K(41472K)
[14.910s][info ][gc,metaspace   ] GC(1910) Metaspace: 15867K->15867K(1064960K)
[14.910s][info ][gc             ] GC(1910) Pause Young (Allocation Failure) 27M->14M(57M) 1.423ms
[14.910s][info ][gc,cpu         ] GC(1910) User=0.01s Sys=0.00s Real=0.00s
[14.911s][info ][gc,start       ] GC(1911) Pause Young (Allocation Failure)
[14.912s][debug][gc,phases      ] GC(1911) Scavenge 1.142ms
[14.912s][debug][gc,phases      ] GC(1911) Reference Processing 0.053ms
[14.913s][debug][gc,phases      ] GC(1911) Weak Processing 0.011ms
[14.913s][debug][gc,phases      ] GC(1911) Scrub String Table 0.095ms
[14.913s][debug][gc,age         ] GC(1911) Desired survivor size 4194304 bytes, new threshold 1 (max threshold 15)
[14.913s][info ][gc,heap        ] GC(1911) PSYoungGen: 14889K->2958K(16896K)
[14.913s][info ][gc,heap        ] GC(1911) ParOldGen: 12904K->12928K(41472K)
[14.913s][info ][gc,metaspace   ] GC(1911) Metaspace: 15867K->15867K(1064960K)
[14.913s][info ][gc             ] GC(1911) Pause Young (Allocation Failure) 27M->15M(57M) 1.533ms
[14.913s][info ][gc,cpu         ] GC(1911) User=0.01s Sys=0.00s Real=0.00s
[14.914s][info ][gc,start       ] GC(1912) Pause Young (Allocation Failure)
[14.915s][debug][gc,phases      ] GC(1912) Scavenge 1.238ms
[14.915s][debug][gc,phases      ] GC(1912) Reference Processing 0.026ms
[14.915s][debug][gc,phases      ] GC(1912) Weak Processing 0.015ms
[14.915s][debug][gc,phases      ] GC(1912) Scrub String Table 0.097ms
[14.915s][debug][gc,age         ] GC(1912) Desired survivor size 3670016 bytes, new threshold 1 (max threshold 15)
[14.916s][info ][gc,heap        ] GC(1912) PSYoungGen: 16137K->2177K(17408K)
[14.916s][info ][gc,heap        ] GC(1912) ParOldGen: 12928K->12936K(41472K)
[14.916s][info ][gc,metaspace   ] GC(1912) Metaspace: 15867K->15867K(1064960K)
[14.916s][info ][gc             ] GC(1912) Pause Young (Allocation Failure) 28M->14M(57M) 1.677ms
[14.916s][info ][gc,cpu         ] GC(1912) User=0.01s Sys=0.00s Real=0.00s
[14.917s][info ][gc,start       ] GC(1913) Pause Young (Allocation Failure)
[14.918s][debug][gc,phases      ] GC(1913) Scavenge 1.194ms
[14.918s][debug][gc,phases      ] GC(1913) Reference Processing 0.020ms
[14.918s][debug][gc,phases      ] GC(1913) Weak Processing 0.012ms
[14.918s][debug][gc,phases      ] GC(1913) Scrub String Table 0.074ms
[14.918s][debug][gc,age         ] GC(1913) Desired survivor size 3670016 bytes, new threshold 1 (max threshold 15)
[14.918s][info ][gc,heap        ] GC(1913) PSYoungGen: 15307K->1754K(17408K)
[14.918s][info ][gc,heap        ] GC(1913) ParOldGen: 12936K->12952K(41472K)
[14.918s][info ][gc,metaspace   ] GC(1913) Metaspace: 15867K->15867K(1064960K)
[14.918s][info ][gc             ] GC(1913) Pause Young (Allocation Failure) 27M->14M(57M) 1.538ms
[14.918s][info ][gc,cpu         ] GC(1913) User=0.00s Sys=0.00s Real=0.00s
[14.919s][info ][gc,start       ] GC(1914) Pause Young (Allocation Failure)
[14.920s][debug][gc,phases      ] GC(1914) Scavenge 0.469ms
[14.920s][debug][gc,phases      ] GC(1914) Reference Processing 0.024ms
[14.920s][debug][gc,phases      ] GC(1914) Weak Processing 0.011ms
[14.920s][debug][gc,phases      ] GC(1914) Scrub String Table 0.070ms
[14.920s][debug][gc,age         ] GC(1914) Desired survivor size 4194304 bytes, new threshold 1 (max threshold 15)
[14.920s][info ][gc,heap        ] GC(1914) PSYoungGen: 15333K->3381K(17408K)
[14.920s][info ][gc,heap        ] GC(1914) ParOldGen: 12952K->12960K(41472K)
[14.920s][info ][gc,metaspace   ] GC(1914) Metaspace: 15867K->15867K(1064960K)
[14.920s][info ][gc             ] GC(1914) Pause Young (Allocation Failure) 27M->15M(57M) 0.800ms
[14.920s][info ][gc,cpu         ] GC(1914) User=0.00s Sys=0.00s Real=0.00s
[14.921s][info ][gc,start       ] GC(1915) Pause Young (Allocation Failure)
[14.922s][debug][gc,phases      ] GC(1915) Scavenge 0.479ms
[14.922s][debug][gc,phases      ] GC(1915) Reference Processing 0.021ms
[14.922s][debug][gc,phases      ] GC(1915) Weak Processing 0.010ms
[14.922s][debug][gc,phases      ] GC(1915) Scrub String Table 0.069ms
[14.922s][debug][gc,age         ] GC(1915) Desired survivor size 4194304 bytes, new threshold 1 (max threshold 15)
[14.922s][info ][gc,heap        ] GC(1915) PSYoungGen: 16950K->3381K(17408K)
[14.922s][info ][gc,heap        ] GC(1915) ParOldGen: 12960K->12968K(41472K)
[14.922s][info ][gc,metaspace   ] GC(1915) Metaspace: 15867K->15867K(1064960K)
[14.922s][info ][gc             ] GC(1915) Pause Young (Allocation Failure) 29M->15M(57M) 0.771ms
[14.922s][info ][gc,cpu         ] GC(1915) User=0.00s Sys=0.00s Real=0.00s
[14.923s][info ][gc,start       ] GC(1916) Pause Young (Allocation Failure)
[14.923s][debug][gc,phases      ] GC(1916) Scavenge 0.289ms
[14.923s][debug][gc,phases      ] GC(1916) Reference Processing 0.019ms
[14.923s][debug][gc,phases      ] GC(1916) Weak Processing 0.010ms
[14.924s][debug][gc,phases      ] GC(1916) Scrub String Table 0.072ms
[14.924s][debug][gc,age         ] GC(1916) Desired survivor size 4194304 bytes, new threshold 1 (max threshold 15)
[14.924s][info ][gc,heap        ] GC(1916) PSYoungGen: 16543K->1818K(17408K)
[14.924s][info ][gc,heap        ] GC(1916) ParOldGen: 12968K->12968K(41472K)
[14.924s][info ][gc,metaspace   ] GC(1916) Metaspace: 15867K->15867K(1064960K)
[14.924s][info ][gc             ] GC(1916) Pause Young (Allocation Failure) 28M->14M(57M) 0.572ms
[14.924s][info ][gc,cpu         ] GC(1916) User=0.00s Sys=0.00s Real=0.00s
[14.925s][info ][gc,start       ] GC(1917) Pause Young (Allocation Failure)
[14.926s][debug][gc,phases      ] GC(1917) Scavenge 1.056ms
[14.926s][debug][gc,phases      ] GC(1917) Reference Processing 0.024ms
[14.926s][debug][gc,phases      ] GC(1917) Weak Processing 0.011ms
[14.926s][debug][gc,phases      ] GC(1917) Scrub String Table 0.069ms
[14.926s][debug][gc,age         ] GC(1917) Desired survivor size 4194304 bytes, new threshold 1 (max threshold 15)
[14.926s][info ][gc,heap        ] GC(1917) PSYoungGen: 14977K->2567K(17408K)
[14.926s][info ][gc,heap        ] GC(1917) ParOldGen: 12968K->12968K(41472K)
[14.926s][info ][gc,metaspace   ] GC(1917) Metaspace: 15867K->15867K(1064960K)
[14.926s][info ][gc             ] GC(1917) Pause Young (Allocation Failure) 27M->15M(57M) 1.351ms
[14.926s][info ][gc,cpu         ] GC(1917) User=0.01s Sys=0.00s Real=0.00s
[14.927s][info ][gc,start       ] GC(1918) Pause Young (Allocation Failure)
[14.928s][debug][gc,phases      ] GC(1918) Scavenge 0.963ms
[14.928s][debug][gc,phases      ] GC(1918) Reference Processing 0.020ms
[14.928s][debug][gc,phases      ] GC(1918) Weak Processing 0.010ms
[14.928s][debug][gc,phases      ] GC(1918) Scrub String Table 0.069ms
[14.928s][debug][gc,age         ] GC(1918) Desired survivor size 4194304 bytes, new threshold 1 (max threshold 15)
[14.928s][info ][gc,heap        ] GC(1918) PSYoungGen: 15692K->2177K(17408K)
[14.928s][info ][gc,heap        ] GC(1918) ParOldGen: 12968K->12984K(41472K)
[14.928s][info ][gc,metaspace   ] GC(1918) Metaspace: 15867K->15867K(1064960K)
[14.928s][info ][gc             ] GC(1918) Pause Young (Allocation Failure) 27M->14M(57M) 1.256ms
[14.928s][info ][gc,cpu         ] GC(1918) User=0.00s Sys=0.00s Real=0.00s
[14.930s][info ][gc,start       ] GC(1919) Pause Young (Allocation Failure)
[14.931s][debug][gc,phases      ] GC(1919) Scavenge 1.003ms
[14.931s][debug][gc,phases      ] GC(1919) Reference Processing 0.028ms
[14.931s][debug][gc,phases      ] GC(1919) Weak Processing 0.014ms
[14.931s][debug][gc,phases      ] GC(1919) Scrub String Table 0.079ms
[14.931s][debug][gc,age         ] GC(1919) Desired survivor size 4194304 bytes, new threshold 1 (max threshold 15)
[14.931s][info ][gc,heap        ] GC(1919) PSYoungGen: 15343K->2177K(17408K)
[14.931s][info ][gc,heap        ] GC(1919) ParOldGen: 12984K->12992K(41472K)
[14.931s][info ][gc,metaspace   ] GC(1919) Metaspace: 15867K->15867K(1064960K)
[14.931s][info ][gc             ] GC(1919) Pause Young (Allocation Failure) 27M->14M(57M) 1.371ms
[14.931s][info ][gc,cpu         ] GC(1919) User=0.00s Sys=0.00s Real=0.00s
[14.932s][info ][gc,start       ] GC(1920) Pause Young (Allocation Failure)
[14.933s][debug][gc,phases      ] GC(1920) Scavenge 0.407ms
[14.933s][debug][gc,phases      ] GC(1920) Reference Processing 0.020ms
[14.933s][debug][gc,phases      ] GC(1920) Weak Processing 0.011ms
[14.933s][debug][gc,phases      ] GC(1920) Scrub String Table 0.077ms
[14.933s][debug][gc,age         ] GC(1920) Desired survivor size 4194304 bytes, new threshold 1 (max threshold 15)
[14.933s][info ][gc,heap        ] GC(1920) PSYoungGen: 15307K->2567K(17408K)
[14.933s][info ][gc,heap        ] GC(1920) ParOldGen: 12992K->13000K(41472K)
[14.933s][info ][gc,metaspace   ] GC(1920) Metaspace: 15867K->15867K(1064960K)
[14.933s][info ][gc             ] GC(1920) Pause Young (Allocation Failure) 27M->15M(57M) 0.747ms
[14.933s][info ][gc,cpu         ] GC(1920) User=0.00s Sys=0.00s Real=0.00s
[14.934s][info ][gc,start       ] GC(1921) Pause Young (Allocation Failure)
[14.934s][debug][gc,phases      ] GC(1921) Scavenge 0.246ms
[14.934s][debug][gc,phases      ] GC(1921) Reference Processing 0.020ms
[14.934s][debug][gc,phases      ] GC(1921) Weak Processing 0.012ms
[14.934s][debug][gc,phases      ] GC(1921) Scrub String Table 0.072ms
[14.934s][debug][gc,age         ] GC(1921) Desired survivor size 3670016 bytes, new threshold 1 (max threshold 15)
[14.935s][info ][gc,heap        ] GC(1921) PSYoungGen: 15737K->1786K(16384K)
[14.935s][info ][gc,heap        ] GC(1921) ParOldGen: 13000K->13000K(41472K)
[14.935s][info ][gc,metaspace   ] GC(1921) Metaspace: 15867K->15867K(1064960K)
[14.935s][info ][gc             ] GC(1921) Pause Young (Allocation Failure) 28M->14M(56M) 0.622ms
[14.935s][info ][gc,cpu         ] GC(1921) User=0.00s Sys=0.00s Real=0.00s
[14.936s][info ][gc,start       ] GC(1922) Pause Young (Allocation Failure)
[14.936s][debug][gc,phases      ] GC(1922) Scavenge 0.730ms
[14.936s][debug][gc,phases      ] GC(1922) Reference Processing 0.020ms
[14.936s][debug][gc,phases      ] GC(1922) Weak Processing 0.014ms
[14.936s][debug][gc,phases      ] GC(1922) Scrub String Table 0.081ms
[14.937s][debug][gc,age         ] GC(1922) Desired survivor size 3670016 bytes, new threshold 1 (max threshold 15)
[14.937s][info ][gc,heap        ] GC(1922) PSYoungGen: 14950K->1754K(16896K)
[14.937s][info ][gc,heap        ] GC(1922) ParOldGen: 13000K->13008K(41472K)
[14.937s][info ][gc,metaspace   ] GC(1922) Metaspace: 15867K->15867K(1064960K)
[14.937s][info ][gc             ] GC(1922) Pause Young (Allocation Failure) 27M->14M(57M) 1.056ms
[14.937s][info ][gc,cpu         ] GC(1922) User=0.01s Sys=0.00s Real=0.01s
[14.938s][info ][gc,start       ] GC(1923) Pause Young (Allocation Failure)
[14.938s][debug][gc,phases      ] GC(1923) Scavenge 0.657ms
[14.938s][debug][gc,phases      ] GC(1923) Reference Processing 0.020ms
[14.938s][debug][gc,phases      ] GC(1923) Weak Processing 0.015ms
[14.938s][debug][gc,phases      ] GC(1923) Scrub String Table 0.070ms
[14.938s][debug][gc,age         ] GC(1923) Desired survivor size 3670016 bytes, new threshold 1 (max threshold 15)
[14.939s][info ][gc,heap        ] GC(1923) PSYoungGen: 14914K->2599K(17920K)
[14.939s][info ][gc,heap        ] GC(1923) ParOldGen: 13008K->13008K(41472K)
[14.939s][info ][gc,metaspace   ] GC(1923) Metaspace: 15867K->15867K(1064960K)
[14.939s][info ][gc             ] GC(1923) Pause Young (Allocation Failure) 27M->15M(58M) 0.955ms
[14.939s][info ][gc,cpu         ] GC(1923) User=0.01s Sys=0.00s Real=0.00s
[14.940s][info ][gc,start       ] GC(1924) Pause Young (Allocation Failure)
[14.940s][debug][gc,phases      ] GC(1924) Scavenge 0.337ms
[14.940s][debug][gc,phases      ] GC(1924) Reference Processing 0.020ms
[14.940s][debug][gc,phases      ] GC(1924) Weak Processing 0.010ms
[14.940s][debug][gc,phases      ] GC(1924) Scrub String Table 0.068ms
[14.940s][debug][gc,age         ] GC(1924) Desired survivor size 3670016 bytes, new threshold 1 (max threshold 15)
[14.940s][info ][gc,heap        ] GC(1924) PSYoungGen: 16558K->2209K(17920K)
[14.940s][info ][gc,heap        ] GC(1924) ParOldGen: 13008K->13008K(41472K)
[14.940s][info ][gc,metaspace   ] GC(1924) Metaspace: 15867K->15867K(1064960K)
[14.940s][info ][gc             ] GC(1924) Pause Young (Allocation Failure) 28M->14M(58M) 0.622ms
[14.940s][info ][gc,cpu         ] GC(1924) User=0.01s Sys=0.00s Real=0.00s
[14.942s][info ][gc,start       ] GC(1925) Pause Young (Allocation Failure)
[14.943s][debug][gc,phases      ] GC(1925) Scavenge 1.061ms
[14.943s][debug][gc,phases      ] GC(1925) Reference Processing 0.020ms
[14.943s][debug][gc,phases      ] GC(1925) Weak Processing 0.012ms
[14.943s][debug][gc,phases      ] GC(1925) Scrub String Table 0.071ms
[14.943s][debug][gc,age         ] GC(1925) Desired survivor size 3670016 bytes, new threshold 1 (max threshold 15)
[14.943s][info ][gc,heap        ] GC(1925) PSYoungGen: 16522K->2177K(17920K)
[14.943s][info ][gc,heap        ] GC(1925) ParOldGen: 13008K->13431K(41472K)
[14.943s][info ][gc,metaspace   ] GC(1925) Metaspace: 15867K->15867K(1064960K)
[14.943s][info ][gc             ] GC(1925) Pause Young (Allocation Failure) 28M->15M(58M) 1.361ms
[14.943s][info ][gc,cpu         ] GC(1925) User=0.01s Sys=0.00s Real=0.00s
[14.944s][info ][gc,start       ] GC(1926) Pause Young (Allocation Failure)
[14.945s][debug][gc,phases      ] GC(1926) Scavenge 0.900ms
[14.945s][debug][gc,phases      ] GC(1926) Reference Processing 0.023ms
[14.945s][debug][gc,phases      ] GC(1926) Weak Processing 0.012ms
[14.945s][debug][gc,phases      ] GC(1926) Scrub String Table 0.074ms
[14.945s][debug][gc,age         ] GC(1926) Desired survivor size 3670016 bytes, new threshold 1 (max threshold 15)
[14.945s][info ][gc,heap        ] GC(1926) PSYoungGen: 16513K->2567K(17920K)
[14.945s][info ][gc,heap        ] GC(1926) ParOldGen: 13431K->13447K(41472K)
[14.945s][info ][gc,metaspace   ] GC(1926) Metaspace: 15867K->15867K(1064960K)
[14.945s][info ][gc             ] GC(1926) Pause Young (Allocation Failure) 29M->15M(58M) 1.282ms
[14.945s][info ][gc,cpu         ] GC(1926) User=0.00s Sys=0.00s Real=0.00s
[14.947s][info ][gc,start       ] GC(1927) Pause Young (Allocation Failure)
[14.948s][debug][gc,phases      ] GC(1927) Scavenge 1.055ms
[14.948s][debug][gc,phases      ] GC(1927) Reference Processing 0.019ms
[14.948s][debug][gc,phases      ] GC(1927) Weak Processing 0.012ms
[14.948s][debug][gc,phases      ] GC(1927) Scrub String Table 0.069ms
[14.948s][debug][gc,age         ] GC(1927) Desired survivor size 3670016 bytes, new threshold 1 (max threshold 15)
[14.948s][info ][gc,heap        ] GC(1927) PSYoungGen: 16903K->2567K(17920K)
[14.948s][info ][gc,heap        ] GC(1927) ParOldGen: 13447K->13471K(41472K)
[14.948s][info ][gc,metaspace   ] GC(1927) Metaspace: 15867K->15867K(1064960K)
[14.948s][info ][gc             ] GC(1927) Pause Young (Allocation Failure) 29M->15M(58M) 1.379ms
[14.948s][info ][gc,cpu         ] GC(1927) User=0.00s Sys=0.00s Real=0.00s
[14.949s][info ][gc,start       ] GC(1928) Pause Young (Allocation Failure)
[14.950s][debug][gc,phases      ] GC(1928) Scavenge 0.877ms
[14.950s][debug][gc,phases      ] GC(1928) Reference Processing 0.028ms
[14.950s][debug][gc,phases      ] GC(1928) Weak Processing 0.026ms
[14.950s][debug][gc,phases      ] GC(1928) Scrub String Table 0.086ms
[14.950s][debug][gc,age         ] GC(1928) Desired survivor size 3670016 bytes, new threshold 1 (max threshold 15)
[14.950s][info ][gc,heap        ] GC(1928) PSYoungGen: 16903K->2567K(17920K)
[14.950s][info ][gc,heap        ] GC(1928) ParOldGen: 13471K->13495K(41472K)
[14.950s][info ][gc,metaspace   ] GC(1928) Metaspace: 15867K->15867K(1064960K)
[14.950s][info ][gc             ] GC(1928) Pause Young (Allocation Failure) 29M->15M(58M) 1.305ms
[14.950s][info ][gc,cpu         ] GC(1928) User=0.00s Sys=0.00s Real=0.00s
[14.952s][info ][gc,start       ] GC(1929) Pause Young (Allocation Failure)
[14.953s][debug][gc,phases      ] GC(1929) Scavenge 1.311ms
[14.953s][debug][gc,phases      ] GC(1929) Reference Processing 0.021ms
[14.953s][debug][gc,phases      ] GC(1929) Weak Processing 0.014ms
[14.953s][debug][gc,phases      ] GC(1929) Scrub String Table 0.074ms
[14.953s][debug][gc,age         ] GC(1929) Desired survivor size 3670016 bytes, new threshold 1 (max threshold 15)
[14.953s][info ][gc,heap        ] GC(1929) PSYoungGen: 16525K->2958K(17920K)
[14.953s][info ][gc,heap        ] GC(1929) ParOldGen: 13495K->13503K(41472K)
[14.953s][info ][gc,metaspace   ] GC(1929) Metaspace: 15867K->15867K(1064960K)
[14.953s][info ][gc             ] GC(1929) Pause Young (Allocation Failure) 29M->16M(58M) 1.634ms
[14.953s][info ][gc,cpu         ] GC(1929) User=0.01s Sys=0.00s Real=0.00s
[14.954s][info ][gc,start       ] GC(1930) Pause Young (Allocation Failure)
[14.956s][debug][gc,phases      ] GC(1930) Scavenge 1.250ms
[14.956s][debug][gc,phases      ] GC(1930) Reference Processing 0.022ms
[14.956s][debug][gc,phases      ] GC(1930) Weak Processing 0.012ms
[14.956s][debug][gc,phases      ] GC(1930) Scrub String Table 0.071ms
[14.956s][debug][gc,age         ] GC(1930) Desired survivor size 3670016 bytes, new threshold 1 (max threshold 15)
[14.956s][info ][gc,heap        ] GC(1930) PSYoungGen: 17294K->2503K(17920K)
[14.956s][info ][gc,heap        ] GC(1930) ParOldGen: 13503K->13910K(41472K)
[14.956s][info ][gc,metaspace   ] GC(1930) Metaspace: 15867K->15867K(1064960K)
[14.956s][info ][gc             ] GC(1930) Pause Young (Allocation Failure) 30M->16M(58M) 1.654ms
[14.956s][info ][gc,cpu         ] GC(1930) User=0.01s Sys=0.01s Real=0.00s
[14.957s][info ][gc,start       ] GC(1931) Pause Young (Allocation Failure)
[14.959s][debug][gc,phases      ] GC(1931) Scavenge 1.402ms
[14.959s][debug][gc,phases      ] GC(1931) Reference Processing 0.021ms
[14.959s][debug][gc,phases      ] GC(1931) Weak Processing 0.012ms
[14.959s][debug][gc,phases      ] GC(1931) Scrub String Table 0.071ms
[14.959s][debug][gc,age         ] GC(1931) Desired survivor size 3670016 bytes, new threshold 1 (max threshold 15)
[14.959s][info ][gc,heap        ] GC(1931) PSYoungGen: 16806K->2503K(17920K)
[14.959s][info ][gc,heap        ] GC(1931) ParOldGen: 13910K->14324K(41472K)
[14.959s][info ][gc,metaspace   ] GC(1931) Metaspace: 15867K->15867K(1064960K)
[14.959s][info ][gc             ] GC(1931) Pause Young (Allocation Failure) 29M->16M(58M) 1.708ms
[14.959s][info ][gc,cpu         ] GC(1931) User=0.01s Sys=0.00s Real=0.00s
[14.960s][info ][gc,start       ] GC(1932) Pause Young (Allocation Failure)
[14.961s][debug][gc,phases      ] GC(1932) Scavenge 1.117ms
[14.962s][debug][gc,phases      ] GC(1932) Reference Processing 0.026ms
[14.962s][debug][gc,phases      ] GC(1932) Weak Processing 0.015ms
[14.962s][debug][gc,phases      ] GC(1932) Scrub String Table 0.082ms
[14.962s][debug][gc,age         ] GC(1932) Desired survivor size 3670016 bytes, new threshold 1 (max threshold 15)
[14.962s][info ][gc,heap        ] GC(1932) PSYoungGen: 16777K->2113K(17920K)
[14.962s][info ][gc,heap        ] GC(1932) ParOldGen: 14324K->15130K(41472K)
[14.962s][info ][gc,metaspace   ] GC(1932) Metaspace: 15867K->15867K(1064960K)
[14.962s][info ][gc             ] GC(1932) Pause Young (Allocation Failure) 30M->16M(58M) 1.502ms
[14.962s][info ][gc,cpu         ] GC(1932) User=0.00s Sys=0.00s Real=0.00s
[14.963s][info ][gc,start       ] GC(1933) Pause Young (Allocation Failure)
[14.964s][debug][gc,phases      ] GC(1933) Scavenge 1.185ms
[14.964s][debug][gc,phases      ] GC(1933) Reference Processing 0.022ms
[14.964s][debug][gc,phases      ] GC(1933) Weak Processing 0.013ms
[14.964s][debug][gc,phases      ] GC(1933) Scrub String Table 0.075ms
[14.964s][debug][gc,age         ] GC(1933) Desired survivor size 3670016 bytes, new threshold 1 (max threshold 15)
[14.964s][info ][gc,heap        ] GC(1933) PSYoungGen: 16449K->1299K(17920K)
[14.965s][info ][gc,heap        ] GC(1933) ParOldGen: 15130K->15536K(41472K)
[14.965s][info ][gc,metaspace   ] GC(1933) Metaspace: 15867K->15867K(1064960K)
[14.965s][info ][gc             ] GC(1933) Pause Young (Allocation Failure) 30M->16M(58M) 1.528ms
[14.965s][info ][gc,cpu         ] GC(1933) User=0.00s Sys=0.00s Real=0.00s
[14.966s][info ][gc,start       ] GC(1934) Pause Young (Allocation Failure)
[14.967s][debug][gc,phases      ] GC(1934) Scavenge 0.512ms
[14.967s][debug][gc,phases      ] GC(1934) Reference Processing 0.027ms
[14.967s][debug][gc,phases      ] GC(1934) Weak Processing 0.014ms
[14.967s][debug][gc,phases      ] GC(1934) Scrub String Table 0.077ms
[14.967s][debug][gc,age         ] GC(1934) Desired survivor size 3670016 bytes, new threshold 1 (max threshold 15)
[14.967s][info ][gc,heap        ] GC(1934) PSYoungGen: 15298K->2177K(17920K)
[14.967s][info ][gc,heap        ] GC(1934) ParOldGen: 15536K->15544K(41472K)
[14.967s][info ][gc,metaspace   ] GC(1934) Metaspace: 15867K->15867K(1064960K)
[14.967s][info ][gc             ] GC(1934) Pause Young (Allocation Failure) 30M->17M(58M) 0.929ms
[14.967s][info ][gc,cpu         ] GC(1934) User=0.00s Sys=0.00s Real=0.01s
[14.968s][info ][gc,start       ] GC(1935) Pause Young (Allocation Failure)
[14.969s][debug][gc,phases      ] GC(1935) Scavenge 0.441ms
[14.969s][debug][gc,phases      ] GC(1935) Reference Processing 0.020ms
[14.969s][debug][gc,phases      ] GC(1935) Weak Processing 0.011ms
[14.969s][debug][gc,phases      ] GC(1935) Scrub String Table 0.069ms
[14.969s][debug][gc,age         ] GC(1935) Desired survivor size 3670016 bytes, new threshold 1 (max threshold 15)
[14.969s][info ][gc,heap        ] GC(1935) PSYoungGen: 16160K->2990K(17920K)
[14.969s][info ][gc,heap        ] GC(1935) ParOldGen: 15544K->15552K(41472K)
[14.969s][info ][gc,metaspace   ] GC(1935) Metaspace: 15867K->15867K(1064960K)
[14.969s][info ][gc             ] GC(1935) Pause Young (Allocation Failure) 30M->18M(58M) 0.723ms
[14.969s][info ][gc,cpu         ] GC(1935) User=0.00s Sys=0.00s Real=0.00s
[14.970s][info ][gc,start       ] GC(1936) Pause Young (Allocation Failure)
[14.971s][debug][gc,phases      ] GC(1936) Scavenge 1.053ms
[14.971s][debug][gc,phases      ] GC(1936) Reference Processing 0.035ms
[14.971s][debug][gc,phases      ] GC(1936) Weak Processing 0.011ms
[14.971s][debug][gc,phases      ] GC(1936) Scrub String Table 0.069ms
[14.971s][debug][gc,age         ] GC(1936) Desired survivor size 3670016 bytes, new threshold 1 (max threshold 15)
[14.971s][info ][gc,heap        ] GC(1936) PSYoungGen: 16962K->2567K(17920K)
[14.971s][info ][gc,heap        ] GC(1936) ParOldGen: 15552K->15560K(41472K)
[14.971s][info ][gc,metaspace   ] GC(1936) Metaspace: 15867K->15867K(1064960K)
[14.971s][info ][gc             ] GC(1936) Pause Young (Allocation Failure) 31M->17M(58M) 1.380ms
[14.971s][info ][gc,cpu         ] GC(1936) User=0.00s Sys=0.00s Real=0.00s
[14.972s][info ][gc,start       ] GC(1937) Pause Young (Allocation Failure)
[14.973s][debug][gc,phases      ] GC(1937) Scavenge 0.272ms
[14.973s][debug][gc,phases      ] GC(1937) Reference Processing 0.018ms
[14.973s][debug][gc,phases      ] GC(1937) Weak Processing 0.011ms
[14.973s][debug][gc,phases      ] GC(1937) Scrub String Table 0.069ms
[14.973s][debug][gc,age         ] GC(1937) Desired survivor size 3670016 bytes, new threshold 1 (max threshold 15)
[14.973s][info ][gc,heap        ] GC(1937) PSYoungGen: 16533K->1754K(17920K)
[14.973s][info ][gc,heap        ] GC(1937) ParOldGen: 15560K->15560K(41472K)
[14.973s][info ][gc,metaspace   ] GC(1937) Metaspace: 15867K->15867K(1064960K)
[14.973s][info ][gc             ] GC(1937) Pause Young (Allocation Failure) 31M->16M(58M) 0.560ms
[14.973s][info ][gc,cpu         ] GC(1937) User=0.00s Sys=0.00s Real=0.00s
[14.974s][info ][gc,start       ] GC(1938) Pause Young (Allocation Failure)
[14.976s][debug][gc,phases      ] GC(1938) Scavenge 1.287ms
[14.976s][debug][gc,phases      ] GC(1938) Reference Processing 0.022ms
[14.976s][debug][gc,phases      ] GC(1938) Weak Processing 0.012ms
[14.976s][debug][gc,phases      ] GC(1938) Scrub String Table 0.070ms
[14.976s][debug][gc,age         ] GC(1938) Desired survivor size 3670016 bytes, new threshold 1 (max threshold 15)
[14.976s][info ][gc,heap        ] GC(1938) PSYoungGen: 16090K->2535K(17920K)
[14.976s][info ][gc,heap        ] GC(1938) ParOldGen: 15560K->15576K(41472K)
[14.976s][info ][gc,metaspace   ] GC(1938) Metaspace: 15867K->15867K(1064960K)
[14.976s][info ][gc             ] GC(1938) Pause Young (Allocation Failure) 30M->17M(58M) 1.608ms
[14.976s][info ][gc,cpu         ] GC(1938) User=0.00s Sys=0.00s Real=0.00s
[14.977s][info ][gc,start       ] GC(1939) Pause Young (Allocation Failure)
[14.978s][debug][gc,phases      ] GC(1939) Scavenge 1.201ms
[14.978s][debug][gc,phases      ] GC(1939) Reference Processing 0.020ms
[14.978s][debug][gc,phases      ] GC(1939) Weak Processing 0.013ms
[14.978s][debug][gc,phases      ] GC(1939) Scrub String Table 0.073ms
[14.978s][debug][gc,age         ] GC(1939) Desired survivor size 4194304 bytes, new threshold 1 (max threshold 15)
[14.978s][info ][gc,heap        ] GC(1939) PSYoungGen: 16494K->3349K(16896K)
[14.978s][info ][gc,heap        ] GC(1939) ParOldGen: 15576K->15584K(41472K)
[14.978s][info ][gc,metaspace   ] GC(1939) Metaspace: 15867K->15867K(1064960K)
[14.978s][info ][gc             ] GC(1939) Pause Young (Allocation Failure) 31M->18M(57M) 1.493ms
[14.978s][info ][gc,cpu         ] GC(1939) User=0.01s Sys=0.00s Real=0.00s
[14.980s][info ][gc,start       ] GC(1940) Pause Young (Allocation Failure)
[14.981s][debug][gc,phases      ] GC(1940) Scavenge 1.116ms
[14.981s][debug][gc,phases      ] GC(1940) Reference Processing 0.018ms
[14.981s][debug][gc,phases      ] GC(1940) Weak Processing 0.014ms
[14.981s][debug][gc,phases      ] GC(1940) Scrub String Table 0.075ms
[14.981s][debug][gc,age         ] GC(1940) Desired survivor size 4194304 bytes, new threshold 1 (max threshold 15)
[14.981s][info ][gc,heap        ] GC(1940) PSYoungGen: 16504K->2567K(17408K)
[14.981s][info ][gc,heap        ] GC(1940) ParOldGen: 15584K->15991K(41472K)
[14.981s][info ][gc,metaspace   ] GC(1940) Metaspace: 15867K->15867K(1064960K)
[14.981s][info ][gc             ] GC(1940) Pause Young (Allocation Failure) 31M->18M(57M) 1.420ms
[14.981s][info ][gc,cpu         ] GC(1940) User=0.01s Sys=0.00s Real=0.00s
[14.982s][info ][gc,start       ] GC(1941) Pause Young (Allocation Failure)
[14.983s][debug][gc,phases      ] GC(1941) Scavenge 0.958ms
[14.983s][debug][gc,phases      ] GC(1941) Reference Processing 0.022ms
[14.983s][debug][gc,phases      ] GC(1941) Weak Processing 0.012ms
[14.983s][debug][gc,phases      ] GC(1941) Scrub String Table 0.074ms
[14.983s][debug][gc,age         ] GC(1941) Desired survivor size 4194304 bytes, new threshold 1 (max threshold 15)
[14.983s][info ][gc,heap        ] GC(1941) PSYoungGen: 15722K->2990K(17408K)
[14.983s][info ][gc,heap        ] GC(1941) ParOldGen: 15991K->15999K(41472K)
[14.983s][info ][gc,metaspace   ] GC(1941) Metaspace: 15867K->15867K(1064960K)
[14.983s][info ][gc             ] GC(1941) Pause Young (Allocation Failure) 30M->18M(57M) 1.295ms
[14.983s][info ][gc,cpu         ] GC(1941) User=0.00s Sys=0.00s Real=0.00s
[14.984s][info ][gc,start       ] GC(1942) Pause Young (Allocation Failure)
[14.985s][debug][gc,phases      ] GC(1942) Scavenge 0.408ms
[14.985s][debug][gc,phases      ] GC(1942) Reference Processing 0.019ms
[14.985s][debug][gc,phases      ] GC(1942) Weak Processing 0.012ms
[14.985s][debug][gc,phases      ] GC(1942) Scrub String Table 0.070ms
[14.985s][debug][gc,age         ] GC(1942) Desired survivor size 4194304 bytes, new threshold 1 (max threshold 15)
[14.985s][info ][gc,heap        ] GC(1942) PSYoungGen: 16144K->2567K(17408K)
[14.985s][info ][gc,heap        ] GC(1942) ParOldGen: 15999K->16007K(41472K)
[14.985s][info ][gc,metaspace   ] GC(1942) Metaspace: 15867K->15867K(1064960K)
[14.985s][info ][gc             ] GC(1942) Pause Young (Allocation Failure) 31M->18M(57M) 0.700ms
[14.985s][info ][gc,cpu         ] GC(1942) User=0.00s Sys=0.00s Real=0.00s
[14.986s][info ][gc,start       ] GC(1943) Pause Young (Allocation Failure)
[14.987s][debug][gc,phases      ] GC(1943) Scavenge 0.338ms
[14.987s][debug][gc,phases      ] GC(1943) Reference Processing 0.019ms
[14.987s][debug][gc,phases      ] GC(1943) Weak Processing 0.011ms
[14.987s][debug][gc,phases      ] GC(1943) Scrub String Table 0.084ms
[14.987s][debug][gc,age         ] GC(1943) Desired survivor size 3670016 bytes, new threshold 1 (max threshold 15)
[14.987s][info ][gc,heap        ] GC(1943) PSYoungGen: 15721K->2599K(16384K)
[14.987s][info ][gc,heap        ] GC(1943) ParOldGen: 16007K->16007K(41472K)
[14.987s][info ][gc,metaspace   ] GC(1943) Metaspace: 15867K->15867K(1064960K)
[14.987s][info ][gc             ] GC(1943) Pause Young (Allocation Failure) 30M->18M(56M) 0.842ms
[14.987s][info ][gc,cpu         ] GC(1943) User=0.00s Sys=0.00s Real=0.01s
[14.988s][info ][gc,start       ] GC(1944) Pause Young (Allocation Failure)
[14.989s][debug][gc,phases      ] GC(1944) Scavenge 0.617ms
[14.989s][debug][gc,phases      ] GC(1944) Reference Processing 0.018ms
[14.989s][debug][gc,phases      ] GC(1944) Weak Processing 0.011ms
[14.989s][debug][gc,phases      ] GC(1944) Scrub String Table 0.072ms
[14.989s][debug][gc,age         ] GC(1944) Desired survivor size 4194304 bytes, new threshold 1 (max threshold 15)
[14.989s][info ][gc,heap        ] GC(1944) PSYoungGen: 15752K->2990K(16896K)
[14.989s][info ][gc,heap        ] GC(1944) ParOldGen: 16007K->16007K(41472K)
[14.989s][info ][gc,metaspace   ] GC(1944) Metaspace: 15867K->15867K(1064960K)
[14.989s][info ][gc             ] GC(1944) Pause Young (Allocation Failure) 31M->18M(57M) 0.922ms
[14.989s][info ][gc,cpu         ] GC(1944) User=0.01s Sys=0.01s Real=0.00s
[14.990s][info ][gc,start       ] GC(1945) Pause Young (Allocation Failure)
[14.991s][debug][gc,phases      ] GC(1945) Scavenge 0.475ms
[14.991s][debug][gc,phases      ] GC(1945) Reference Processing 0.021ms
[14.991s][debug][gc,phases      ] GC(1945) Weak Processing 0.012ms
[14.991s][debug][gc,phases      ] GC(1945) Scrub String Table 0.072ms
[14.991s][debug][gc,age         ] GC(1945) Desired survivor size 4194304 bytes, new threshold 1 (max threshold 15)
[14.991s][info ][gc,heap        ] GC(1945) PSYoungGen: 16143K->2926K(17408K)
[14.991s][info ][gc,heap        ] GC(1945) ParOldGen: 16007K->16007K(41472K)
[14.991s][info ][gc,metaspace   ] GC(1945) Metaspace: 15867K->15867K(1064960K)
[14.991s][info ][gc             ] GC(1945) Pause Young (Allocation Failure) 31M->18M(57M) 0.773ms
[14.991s][info ][gc,cpu         ] GC(1945) User=0.00s Sys=0.00s Real=0.00s
[14.992s][info ][gc,start       ] GC(1946) Pause Young (Allocation Failure)
[14.993s][debug][gc,phases      ] GC(1946) Scavenge 0.888ms
[14.993s][debug][gc,phases      ] GC(1946) Reference Processing 0.020ms
[14.993s][debug][gc,phases      ] GC(1946) Weak Processing 0.013ms
[14.993s][debug][gc,phases      ] GC(1946) Scrub String Table 0.073ms
[14.993s][debug][gc,age         ] GC(1946) Desired survivor size 4194304 bytes, new threshold 1 (max threshold 15)
[14.993s][info ][gc,heap        ] GC(1946) PSYoungGen: 16079K->1005K(17408K)
[14.993s][info ][gc,heap        ] GC(1946) ParOldGen: 16007K->16007K(41472K)
[14.993s][info ][gc,metaspace   ] GC(1946) Metaspace: 15867K->15867K(1064960K)
[14.993s][info ][gc             ] GC(1946) Pause Young (Allocation Failure) 31M->16M(57M) 1.250ms
[14.993s][info ][gc,cpu         ] GC(1946) User=0.01s Sys=0.00s Real=0.00s
[14.994s][info ][gc,start       ] GC(1947) Pause Young (Allocation Failure)
[14.995s][debug][gc,phases      ] GC(1947) Scavenge 1.008ms
[14.995s][debug][gc,phases      ] GC(1947) Reference Processing 0.020ms
[14.995s][debug][gc,phases      ] GC(1947) Weak Processing 0.013ms
[14.996s][debug][gc,phases      ] GC(1947) Scrub String Table 0.080ms
[14.996s][debug][gc,age         ] GC(1947) Desired survivor size 4194304 bytes, new threshold 1 (max threshold 15)
[14.996s][info ][gc,heap        ] GC(1947) PSYoungGen: 14158K->2145K(17408K)
[14.996s][info ][gc,heap        ] GC(1947) ParOldGen: 16007K->16023K(41472K)
[14.996s][info ][gc,metaspace   ] GC(1947) Metaspace: 15867K->15867K(1064960K)
[14.996s][info ][gc             ] GC(1947) Pause Young (Allocation Failure) 29M->17M(57M) 1.384ms
[14.996s][info ][gc,cpu         ] GC(1947) User=0.01s Sys=0.00s Real=0.00s
[14.997s][info ][gc,start       ] GC(1948) Pause Young (Allocation Failure)
[14.998s][debug][gc,phases      ] GC(1948) Scavenge 1.009ms
[14.998s][debug][gc,phases      ] GC(1948) Reference Processing 0.027ms
[14.998s][debug][gc,phases      ] GC(1948) Weak Processing 0.014ms
[14.998s][debug][gc,phases      ] GC(1948) Scrub String Table 0.081ms
[14.998s][debug][gc,age         ] GC(1948) Desired survivor size 4194304 bytes, new threshold 1 (max threshold 15)
[14.998s][info ][gc,heap        ] GC(1948) PSYoungGen: 15297K->1395K(17408K)
[14.998s][info ][gc,heap        ] GC(1948) ParOldGen: 16023K->16430K(41472K)
[14.998s][info ][gc,metaspace   ] GC(1948) Metaspace: 15867K->15867K(1064960K)
[14.998s][info ][gc             ] GC(1948) Pause Young (Allocation Failure) 30M->17M(57M) 1.398ms
[14.998s][info ][gc,cpu         ] GC(1948) User=0.01s Sys=0.00s Real=0.00s
[15.000s][info ][gc,start       ] GC(1949) Pause Young (Allocation Failure)
[15.000s][debug][gc,phases      ] GC(1949) Scavenge 0.464ms
[15.000s][debug][gc,phases      ] GC(1949) Reference Processing 0.027ms
[15.000s][debug][gc,phases      ] GC(1949) Weak Processing 0.015ms
[15.000s][debug][gc,phases      ] GC(1949) Scrub String Table 0.080ms
[15.000s][debug][gc,age         ] GC(1949) Desired survivor size 4194304 bytes, new threshold 1 (max threshold 15)
[15.000s][info ][gc,heap        ] GC(1949) PSYoungGen: 14455K->1395K(17408K)
[15.000s][info ][gc,heap        ] GC(1949) ParOldGen: 16430K->16462K(41472K)
[15.000s][info ][gc,metaspace   ] GC(1949) Metaspace: 15867K->15867K(1064960K)
[15.000s][info ][gc             ] GC(1949) Pause Young (Allocation Failure) 30M->17M(57M) 0.860ms
[15.001s][info ][gc,cpu         ] GC(1949) User=0.01s Sys=0.00s Real=0.00s
[15.002s][info ][gc,start       ] GC(1950) Pause Young (Allocation Failure)
[15.002s][debug][gc,phases      ] GC(1950) Scavenge 0.411ms
[15.002s][debug][gc,phases      ] GC(1950) Reference Processing 0.026ms
[15.002s][debug][gc,phases      ] GC(1950) Weak Processing 0.016ms
[15.002s][debug][gc,phases      ] GC(1950) Scrub String Table 0.085ms
[15.002s][debug][gc,age         ] GC(1950) Desired survivor size 4194304 bytes, new threshold 1 (max threshold 15)
[15.002s][info ][gc,heap        ] GC(1950) PSYoungGen: 14581K->2990K(17408K)
[15.002s][info ][gc,heap        ] GC(1950) ParOldGen: 16462K->16486K(41472K)
[15.002s][info ][gc,metaspace   ] GC(1950) Metaspace: 15867K->15867K(1064960K)
[15.002s][info ][gc             ] GC(1950) Pause Young (Allocation Failure) 30M->19M(57M) 0.764ms
[15.002s][info ][gc,cpu         ] GC(1950) User=0.01s Sys=0.00s Real=0.00s
[15.004s][info ][gc,start       ] GC(1951) Pause Young (Allocation Failure)
[15.004s][debug][gc,phases      ] GC(1951) Scavenge 0.410ms
[15.004s][debug][gc,phases      ] GC(1951) Reference Processing 0.020ms
[15.004s][debug][gc,phases      ] GC(1951) Weak Processing 0.011ms
[15.004s][debug][gc,phases      ] GC(1951) Scrub String Table 0.071ms
[15.004s][debug][gc,age         ] GC(1951) Desired survivor size 4194304 bytes, new threshold 1 (max threshold 15)
[15.004s][info ][gc,heap        ] GC(1951) PSYoungGen: 16164K->2209K(17408K)
[15.004s][info ][gc,heap        ] GC(1951) ParOldGen: 16486K->16494K(41472K)
[15.004s][info ][gc,metaspace   ] GC(1951) Metaspace: 15867K->15867K(1064960K)
[15.004s][info ][gc             ] GC(1951) Pause Young (Allocation Failure) 31M->18M(57M) 0.719ms
[15.004s][info ][gc,cpu         ] GC(1951) User=0.00s Sys=0.00s Real=0.00s
[15.005s][info ][gc,start       ] GC(1952) Pause Young (Allocation Failure)
[15.006s][debug][gc,phases      ] GC(1952) Scavenge 0.456ms
[15.006s][debug][gc,phases      ] GC(1952) Reference Processing 0.020ms
[15.006s][debug][gc,phases      ] GC(1952) Weak Processing 0.011ms
[15.006s][debug][gc,phases      ] GC(1952) Scrub String Table 0.071ms
[15.006s][debug][gc,age         ] GC(1952) Desired survivor size 4194304 bytes, new threshold 1 (max threshold 15)
[15.006s][info ][gc,heap        ] GC(1952) PSYoungGen: 15375K->2567K(17408K)
[15.006s][info ][gc,heap        ] GC(1952) ParOldGen: 16494K->16502K(41472K)
[15.006s][info ][gc,metaspace   ] GC(1952) Metaspace: 15867K->15867K(1064960K)
[15.006s][info ][gc             ] GC(1952) Pause Young (Allocation Failure) 31M->18M(57M) 0.734ms
[15.006s][info ][gc,cpu         ] GC(1952) User=0.00s Sys=0.00s Real=0.00s
[15.007s][info ][gc,start       ] GC(1953) Pause Young (Allocation Failure)
[15.008s][debug][gc,phases      ] GC(1953) Scavenge 0.416ms
[15.008s][debug][gc,phases      ] GC(1953) Reference Processing 0.021ms
[15.008s][debug][gc,phases      ] GC(1953) Weak Processing 0.012ms
[15.008s][debug][gc,phases      ] GC(1953) Scrub String Table 0.092ms
[15.008s][debug][gc,age         ] GC(1953) Desired survivor size 4194304 bytes, new threshold 1 (max threshold 15)
[15.008s][info ][gc,heap        ] GC(1953) PSYoungGen: 15729K->2599K(17408K)
[15.008s][info ][gc,heap        ] GC(1953) ParOldGen: 16502K->16502K(41472K)
[15.008s][info ][gc,metaspace   ] GC(1953) Metaspace: 15867K->15867K(1064960K)
[15.008s][info ][gc             ] GC(1953) Pause Young (Allocation Failure) 31M->18M(57M) 0.770ms
[15.008s][info ][gc,cpu         ] GC(1953) User=0.00s Sys=0.00s Real=0.00s
[15.009s][info ][gc,start       ] GC(1954) Pause Young (Allocation Failure)
[15.010s][debug][gc,phases      ] GC(1954) Scavenge 1.046ms
[15.010s][debug][gc,phases      ] GC(1954) Reference Processing 0.047ms
[15.010s][debug][gc,phases      ] GC(1954) Weak Processing 0.016ms
[15.010s][debug][gc,phases      ] GC(1954) Scrub String Table 0.092ms
[15.010s][debug][gc,age         ] GC(1954) Desired survivor size 3670016 bytes, new threshold 1 (max threshold 15)
[15.010s][info ][gc,heap        ] GC(1954) PSYoungGen: 15758K->2177K(15872K)
[15.010s][info ][gc,heap        ] GC(1954) ParOldGen: 16502K->16502K(41472K)
[15.011s][info ][gc,metaspace   ] GC(1954) Metaspace: 15867K->15867K(1064960K)
[15.011s][info ][gc             ] GC(1954) Pause Young (Allocation Failure) 31M->18M(56M) 1.494ms
[15.011s][info ][gc,cpu         ] GC(1954) User=0.00s Sys=0.00s Real=0.00s
[15.012s][info ][gc,start       ] GC(1955) Pause Young (Allocation Failure)
[15.013s][debug][gc,phases      ] GC(1955) Scavenge 1.014ms
[15.013s][debug][gc,phases      ] GC(1955) Reference Processing 0.019ms
[15.013s][debug][gc,phases      ] GC(1955) Weak Processing 0.013ms
[15.013s][debug][gc,phases      ] GC(1955) Scrub String Table 0.075ms
[15.013s][debug][gc,age         ] GC(1955) Desired survivor size 4194304 bytes, new threshold 1 (max threshold 15)
[15.013s][info ][gc,heap        ] GC(1955) PSYoungGen: 15333K->1363K(16384K)
[15.013s][info ][gc,heap        ] GC(1955) ParOldGen: 16502K->16518K(41472K)
[15.013s][info ][gc,metaspace   ] GC(1955) Metaspace: 15867K->15867K(1064960K)
[15.013s][info ][gc             ] GC(1955) Pause Young (Allocation Failure) 31M->17M(56M) 1.353ms
[15.013s][info ][gc,cpu         ] GC(1955) User=0.01s Sys=0.00s Real=0.00s
[15.014s][info ][gc,start       ] GC(1956) Pause Young (Allocation Failure)
[15.015s][debug][gc,phases      ] GC(1956) Scavenge 1.100ms
[15.015s][debug][gc,phases      ] GC(1956) Reference Processing 0.020ms
[15.015s][debug][gc,phases      ] GC(1956) Weak Processing 0.012ms
[15.015s][debug][gc,phases      ] GC(1956) Scrub String Table 0.071ms
[15.015s][debug][gc,age         ] GC(1956) Desired survivor size 4194304 bytes, new threshold 1 (max threshold 15)
[15.015s][info ][gc,heap        ] GC(1956) PSYoungGen: 14080K->2958K(16896K)
[15.015s][info ][gc,heap        ] GC(1956) ParOldGen: 16518K->16550K(41472K)
[15.015s][info ][gc,metaspace   ] GC(1956) Metaspace: 15867K->15867K(1064960K)
[15.015s][info ][gc             ] GC(1956) Pause Young (Allocation Failure) 29M->19M(57M) 1.376ms
[15.015s][info ][gc,cpu         ] GC(1956) User=0.01s Sys=0.00s Real=0.00s
[15.017s][info ][gc,start       ] GC(1957) Pause Young (Allocation Failure)
[15.018s][debug][gc,phases      ] GC(1957) Scavenge 1.394ms
[15.018s][debug][gc,phases      ] GC(1957) Reference Processing 0.040ms
[15.018s][debug][gc,phases      ] GC(1957) Weak Processing 0.012ms
[15.018s][debug][gc,phases      ] GC(1957) Scrub String Table 0.069ms
[15.018s][debug][gc,age         ] GC(1957) Desired survivor size 4194304 bytes, new threshold 1 (max threshold 15)
[15.018s][info ][gc,heap        ] GC(1957) PSYoungGen: 15725K->2926K(17408K)
[15.018s][info ][gc,heap        ] GC(1957) ParOldGen: 16550K->16558K(41472K)
[15.018s][info ][gc,metaspace   ] GC(1957) Metaspace: 15867K->15867K(1064960K)
[15.018s][info ][gc             ] GC(1957) Pause Young (Allocation Failure) 31M->19M(57M) 1.757ms
[15.019s][info ][gc,cpu         ] GC(1957) User=0.01s Sys=0.00s Real=0.00s
[15.019s][info ][gc,start       ] GC(1958) Pause Young (Allocation Failure)
[15.020s][debug][gc,phases      ] GC(1958) Scavenge 0.487ms
[15.020s][debug][gc,phases      ] GC(1958) Reference Processing 0.019ms
[15.020s][debug][gc,phases      ] GC(1958) Weak Processing 0.012ms
[15.020s][debug][gc,phases      ] GC(1958) Scrub String Table 0.067ms
[15.020s][debug][gc,age         ] GC(1958) Desired survivor size 4194304 bytes, new threshold 1 (max threshold 15)
[15.020s][info ][gc,heap        ] GC(1958) PSYoungGen: 16089K->2567K(17408K)
[15.020s][info ][gc,heap        ] GC(1958) ParOldGen: 16558K->16566K(41472K)
[15.020s][info ][gc,metaspace   ] GC(1958) Metaspace: 15867K->15867K(1064960K)
[15.020s][info ][gc             ] GC(1958) Pause Young (Allocation Failure) 31M->18M(57M) 0.762ms
[15.020s][info ][gc,cpu         ] GC(1958) User=0.00s Sys=0.00s Real=0.00s
[15.021s][info ][gc,start       ] GC(1959) Pause Young (Allocation Failure)
[15.023s][debug][gc,phases      ] GC(1959) Scavenge 1.502ms
[15.023s][debug][gc,phases      ] GC(1959) Reference Processing 0.020ms
[15.023s][debug][gc,phases      ] GC(1959) Weak Processing 0.009ms
[15.023s][debug][gc,phases      ] GC(1959) Scrub String Table 0.065ms
[15.023s][debug][gc,age         ] GC(1959) Desired survivor size 4194304 bytes, new threshold 1 (max threshold 15)
[15.023s][info ][gc,heap        ] GC(1959) PSYoungGen: 15726K->3381K(17408K)
[15.023s][info ][gc,heap        ] GC(1959) ParOldGen: 16566K->16566K(41472K)
[15.023s][info ][gc,metaspace   ] GC(1959) Metaspace: 15867K->15867K(1064960K)
[15.023s][info ][gc             ] GC(1959) Pause Young (Allocation Failure) 31M->19M(57M) 1.783ms
[15.023s][info ][gc,cpu         ] GC(1959) User=0.01s Sys=0.00s Real=0.00s
[15.024s][info ][gc,start       ] GC(1960) Pause Young (Allocation Failure)
[15.025s][debug][gc,phases      ] GC(1960) Scavenge 0.378ms
[15.025s][debug][gc,phases      ] GC(1960) Reference Processing 0.020ms
[15.025s][debug][gc,phases      ] GC(1960) Weak Processing 0.010ms
[15.025s][debug][gc,phases      ] GC(1960) Scrub String Table 0.061ms
[15.025s][debug][gc,age         ] GC(1960) Desired survivor size 4194304 bytes, new threshold 1 (max threshold 15)
[15.025s][info ][gc,heap        ] GC(1960) PSYoungGen: 16537K->2599K(17408K)
[15.025s][info ][gc,heap        ] GC(1960) ParOldGen: 16566K->16566K(41472K)
[15.025s][info ][gc,metaspace   ] GC(1960) Metaspace: 15867K->15867K(1064960K)
[15.025s][info ][gc             ] GC(1960) Pause Young (Allocation Failure) 32M->18M(57M) 0.646ms
[15.025s][info ][gc,cpu         ] GC(1960) User=0.00s Sys=0.00s Real=0.00s
[15.026s][info ][gc,start       ] GC(1961) Pause Young (Allocation Failure)
[15.027s][debug][gc,phases      ] GC(1961) Scavenge 0.650ms
[15.027s][debug][gc,phases      ] GC(1961) Reference Processing 0.019ms
[15.027s][debug][gc,phases      ] GC(1961) Weak Processing 0.009ms
[15.027s][debug][gc,phases      ] GC(1961) Scrub String Table 0.065ms
[15.027s][debug][gc,age         ] GC(1961) Desired survivor size 4194304 bytes, new threshold 1 (max threshold 15)
[15.027s][info ][gc,heap        ] GC(1961) PSYoungGen: 15722K->1395K(17408K)
[15.027s][info ][gc,heap        ] GC(1961) ParOldGen: 16566K->16980K(41472K)
[15.027s][info ][gc,metaspace   ] GC(1961) Metaspace: 15867K->15867K(1064960K)
[15.027s][info ][gc             ] GC(1961) Pause Young (Allocation Failure) 31M->17M(57M) 0.936ms
[15.027s][info ][gc,cpu         ] GC(1961) User=0.00s Sys=0.00s Real=0.01s
[15.028s][info ][gc,start       ] GC(1962) Pause Young (Allocation Failure)
[15.029s][debug][gc,phases      ] GC(1962) Scavenge 0.917ms
[15.029s][debug][gc,phases      ] GC(1962) Reference Processing 0.020ms
[15.029s][debug][gc,phases      ] GC(1962) Weak Processing 0.010ms
[15.029s][debug][gc,phases      ] GC(1962) Scrub String Table 0.058ms
[15.029s][debug][gc,age         ] GC(1962) Desired survivor size 4194304 bytes, new threshold 1 (max threshold 15)
[15.029s][info ][gc,heap        ] GC(1962) PSYoungGen: 14529K->2958K(17408K)
[15.029s][info ][gc,heap        ] GC(1962) ParOldGen: 16980K->16996K(41472K)
[15.029s][info ][gc,metaspace   ] GC(1962) Metaspace: 15867K->15867K(1064960K)
[15.029s][info ][gc             ] GC(1962) Pause Young (Allocation Failure) 30M->19M(57M) 1.189ms
[15.029s][info ][gc,cpu         ] GC(1962) User=0.01s Sys=0.00s Real=0.00s
[15.030s][info ][gc,start       ] GC(1963) Pause Young (Allocation Failure)
[15.031s][debug][gc,phases      ] GC(1963) Scavenge 1.018ms
[15.031s][debug][gc,phases      ] GC(1963) Reference Processing 0.021ms
[15.031s][debug][gc,phases      ] GC(1963) Weak Processing 0.013ms
[15.031s][debug][gc,phases      ] GC(1963) Scrub String Table 0.068ms
[15.031s][debug][gc,age         ] GC(1963) Desired survivor size 4194304 bytes, new threshold 1 (max threshold 15)
[15.031s][info ][gc,heap        ] GC(1963) PSYoungGen: 16130K->2113K(17408K)
[15.031s][info ][gc,heap        ] GC(1963) ParOldGen: 16996K->17403K(41472K)
[15.031s][info ][gc,metaspace   ] GC(1963) Metaspace: 15867K->15867K(1064960K)
[15.031s][info ][gc             ] GC(1963) Pause Young (Allocation Failure) 32M->19M(57M) 1.332ms
[15.031s][info ][gc,cpu         ] GC(1963) User=0.00s Sys=0.00s Real=0.00s
[15.032s][info ][gc,start       ] GC(1964) Pause Young (Allocation Failure)
[15.033s][debug][gc,phases      ] GC(1964) Scavenge 0.381ms
[15.033s][debug][gc,phases      ] GC(1964) Reference Processing 0.025ms
[15.033s][debug][gc,phases      ] GC(1964) Weak Processing 0.014ms
[15.033s][debug][gc,phases      ] GC(1964) Scrub String Table 0.067ms
[15.033s][debug][gc,age         ] GC(1964) Desired survivor size 4194304 bytes, new threshold 1 (max threshold 15)
[15.033s][info ][gc,heap        ] GC(1964) PSYoungGen: 15243K->1786K(17408K)
[15.033s][info ][gc,heap        ] GC(1964) ParOldGen: 17403K->17817K(41472K)
[15.033s][info ][gc,metaspace   ] GC(1964) Metaspace: 15867K->15867K(1064960K)
[15.033s][info ][gc             ] GC(1964) Pause Young (Allocation Failure) 31M->19M(57M) 0.697ms
[15.033s][info ][gc,cpu         ] GC(1964) User=0.00s Sys=0.00s Real=0.00s
[15.034s][info ][gc,start       ] GC(1965) Pause Young (Allocation Failure)
[15.035s][debug][gc,phases      ] GC(1965) Scavenge 0.416ms
[15.035s][debug][gc,phases      ] GC(1965) Reference Processing 0.015ms
[15.035s][debug][gc,phases      ] GC(1965) Weak Processing 0.013ms
[15.035s][debug][gc,phases      ] GC(1965) Scrub String Table 0.061ms
[15.035s][debug][gc,age         ] GC(1965) Desired survivor size 4194304 bytes, new threshold 1 (max threshold 15)
[15.035s][info ][gc,heap        ] GC(1965) PSYoungGen: 14959K->2958K(17408K)
[15.035s][info ][gc,heap        ] GC(1965) ParOldGen: 17817K->17825K(41472K)
[15.035s][info ][gc,metaspace   ] GC(1965) Metaspace: 15867K->15867K(1064960K)
[15.035s][info ][gc             ] GC(1965) Pause Young (Allocation Failure) 32M->20M(57M) 0.688ms
[15.035s][info ][gc,cpu         ] GC(1965) User=0.01s Sys=0.00s Real=0.00s
[15.036s][info ][gc,start       ] GC(1966) Pause Young (Allocation Failure)
[15.036s][debug][gc,phases      ] GC(1966) Scavenge 0.395ms
[15.036s][debug][gc,phases      ] GC(1966) Reference Processing 0.017ms
[15.036s][debug][gc,phases      ] GC(1966) Weak Processing 0.011ms
[15.036s][debug][gc,phases      ] GC(1966) Scrub String Table 0.067ms
[15.036s][debug][gc,age         ] GC(1966) Desired survivor size 4194304 bytes, new threshold 1 (max threshold 15)
[15.036s][info ][gc,heap        ] GC(1966) PSYoungGen: 16124K->2567K(17408K)
[15.037s][info ][gc,heap        ] GC(1966) ParOldGen: 17825K->17833K(41472K)
[15.037s][info ][gc,metaspace   ] GC(1966) Metaspace: 15867K->15867K(1064960K)
[15.037s][info ][gc             ] GC(1966) Pause Young (Allocation Failure) 33M->19M(57M) 0.708ms
[15.037s][info ][gc,cpu         ] GC(1966) User=0.00s Sys=0.00s Real=0.01s
[15.038s][info ][gc,start       ] GC(1967) Pause Young (Allocation Failure)
[15.038s][debug][gc,phases      ] GC(1967) Scavenge 0.494ms
[15.038s][debug][gc,phases      ] GC(1967) Reference Processing 0.022ms
[15.038s][debug][gc,phases      ] GC(1967) Weak Processing 0.011ms
[15.038s][debug][gc,phases      ] GC(1967) Scrub String Table 0.083ms
[15.038s][debug][gc,age         ] GC(1967) Desired survivor size 4194304 bytes, new threshold 1 (max threshold 15)
[15.038s][info ][gc,heap        ] GC(1967) PSYoungGen: 15729K->3381K(17408K)
[15.038s][info ][gc,heap        ] GC(1967) ParOldGen: 17833K->17841K(41472K)
[15.038s][info ][gc,metaspace   ] GC(1967) Metaspace: 15867K->15867K(1064960K)
[15.038s][info ][gc             ] GC(1967) Pause Young (Allocation Failure) 32M->20M(57M) 0.782ms
[15.038s][info ][gc,cpu         ] GC(1967) User=0.00s Sys=0.00s Real=0.00s
[15.039s][info ][gc,start       ] GC(1968) Pause Young (Allocation Failure)
[15.040s][debug][gc,phases      ] GC(1968) Scavenge 0.351ms
[15.040s][debug][gc,phases      ] GC(1968) Reference Processing 0.016ms
[15.040s][debug][gc,phases      ] GC(1968) Weak Processing 0.011ms
[15.040s][debug][gc,phases      ] GC(1968) Scrub String Table 0.064ms
[15.040s][debug][gc,age         ] GC(1968) Desired survivor size 4194304 bytes, new threshold 1 (max threshold 15)
[15.040s][info ][gc,heap        ] GC(1968) PSYoungGen: 16539K->2990K(17408K)
[15.040s][info ][gc,heap        ] GC(1968) ParOldGen: 17841K->17841K(41472K)
[15.040s][info ][gc,metaspace   ] GC(1968) Metaspace: 15867K->15867K(1064960K)
[15.040s][info ][gc             ] GC(1968) Pause Young (Allocation Failure) 33M->20M(57M) 0.599ms
[15.040s][info ][gc,cpu         ] GC(1968) User=0.00s Sys=0.00s Real=0.00s
[15.041s][info ][gc,start       ] GC(1969) Pause Young (Allocation Failure)
[15.042s][debug][gc,phases      ] GC(1969) Scavenge 1.007ms
[15.042s][debug][gc,phases      ] GC(1969) Reference Processing 0.018ms
[15.042s][debug][gc,phases      ] GC(1969) Weak Processing 0.010ms
[15.042s][debug][gc,phases      ] GC(1969) Scrub String Table 0.064ms
[15.042s][debug][gc,age         ] GC(1969) Desired survivor size 4194304 bytes, new threshold 1 (max threshold 15)
[15.042s][info ][gc,heap        ] GC(1969) PSYoungGen: 16146K->2926K(17408K)
[15.042s][info ][gc,heap        ] GC(1969) ParOldGen: 17841K->17857K(41472K)
[15.042s][info ][gc,metaspace   ] GC(1969) Metaspace: 15867K->15867K(1064960K)
[15.042s][info ][gc             ] GC(1969) Pause Young (Allocation Failure) 33M->20M(57M) 1.278ms
[15.042s][info ][gc,cpu         ] GC(1969) User=0.00s Sys=0.00s Real=0.00s
[15.043s][info ][gc,start       ] GC(1970) Pause Young (Allocation Failure)
[15.044s][debug][gc,phases      ] GC(1970) Scavenge 0.825ms
[15.044s][debug][gc,phases      ] GC(1970) Reference Processing 0.016ms
[15.044s][debug][gc,phases      ] GC(1970) Weak Processing 0.011ms
[15.044s][debug][gc,phases      ] GC(1970) Scrub String Table 0.064ms
[15.044s][debug][gc,age         ] GC(1970) Desired survivor size 4194304 bytes, new threshold 1 (max threshold 15)
[15.044s][info ][gc,heap        ] GC(1970) PSYoungGen: 16081K->2145K(17408K)
[15.044s][info ][gc,heap        ] GC(1970) ParOldGen: 17857K->17857K(41472K)
[15.044s][info ][gc,metaspace   ] GC(1970) Metaspace: 15867K->15867K(1064960K)
[15.044s][info ][gc             ] GC(1970) Pause Young (Allocation Failure) 33M->19M(57M) 1.105ms
[15.044s][info ][gc,cpu         ] GC(1970) User=0.00s Sys=0.00s Real=0.00s
[15.046s][info ][gc,start       ] GC(1971) Pause Young (Allocation Failure)
[15.047s][debug][gc,phases      ] GC(1971) Scavenge 0.989ms
[15.047s][debug][gc,phases      ] GC(1971) Reference Processing 0.019ms
[15.047s][debug][gc,phases      ] GC(1971) Weak Processing 0.011ms
[15.047s][debug][gc,phases      ] GC(1971) Scrub String Table 0.061ms
[15.047s][debug][gc,age         ] GC(1971) Desired survivor size 4194304 bytes, new threshold 1 (max threshold 15)
[15.047s][info ][gc,heap        ] GC(1971) PSYoungGen: 15224K->1267K(17408K)
[15.047s][info ][gc,heap        ] GC(1971) ParOldGen: 17857K->18272K(41472K)
[15.047s][info ][gc,metaspace   ] GC(1971) Metaspace: 15867K->15867K(1064960K)
[15.047s][info ][gc             ] GC(1971) Pause Young (Allocation Failure) 32M->19M(57M) 1.313ms
[15.047s][info ][gc,cpu         ] GC(1971) User=0.00s Sys=0.00s Real=0.01s
[15.048s][info ][gc,start       ] GC(1972) Pause Young (Allocation Failure)
[15.049s][debug][gc,phases      ] GC(1972) Scavenge 1.013ms
[15.049s][debug][gc,phases      ] GC(1972) Reference Processing 0.023ms
[15.049s][debug][gc,phases      ] GC(1972) Weak Processing 0.014ms
[15.049s][debug][gc,phases      ] GC(1972) Scrub String Table 0.074ms
[15.049s][debug][gc,age         ] GC(1972) Desired survivor size 4194304 bytes, new threshold 1 (max threshold 15)
[15.049s][info ][gc,heap        ] GC(1972) PSYoungGen: 14448K->2535K(17408K)
[15.049s][info ][gc,heap        ] GC(1972) ParOldGen: 18272K->18272K(41472K)
[15.049s][info ][gc,metaspace   ] GC(1972) Metaspace: 15867K->15867K(1064960K)
[15.049s][info ][gc             ] GC(1972) Pause Young (Allocation Failure) 31M->20M(57M) 1.323ms
[15.049s][info ][gc,cpu         ] GC(1972) User=0.00s Sys=0.00s Real=0.00s
[15.050s][info ][gc,start       ] GC(1973) Pause Young (Allocation Failure)
[15.051s][debug][gc,phases      ] GC(1973) Scavenge 0.950ms
[15.051s][debug][gc,phases      ] GC(1973) Reference Processing 0.023ms
[15.051s][debug][gc,phases      ] GC(1973) Weak Processing 0.016ms
[15.051s][debug][gc,phases      ] GC(1973) Scrub String Table 0.069ms
[15.051s][debug][gc,age         ] GC(1973) Desired survivor size 4194304 bytes, new threshold 1 (max threshold 15)
[15.051s][info ][gc,heap        ] GC(1973) PSYoungGen: 15662K->2145K(17408K)
[15.051s][info ][gc,heap        ] GC(1973) ParOldGen: 18272K->18296K(41472K)
[15.052s][info ][gc,metaspace   ] GC(1973) Metaspace: 15867K->15867K(1064960K)
[15.052s][info ][gc             ] GC(1973) Pause Young (Allocation Failure) 33M->19M(57M) 1.288ms
[15.052s][info ][gc,cpu         ] GC(1973) User=0.00s Sys=0.00s Real=0.00s
[15.052s][info ][gc,start       ] GC(1974) Pause Young (Allocation Failure)
[15.053s][debug][gc,phases      ] GC(1974) Scavenge 0.871ms
[15.053s][debug][gc,phases      ] GC(1974) Reference Processing 0.016ms
[15.053s][debug][gc,phases      ] GC(1974) Weak Processing 0.009ms
[15.053s][debug][gc,phases      ] GC(1974) Scrub String Table 0.060ms
[15.054s][debug][gc,age         ] GC(1974) Desired survivor size 4194304 bytes, new threshold 1 (max threshold 15)
[15.054s][info ][gc,heap        ] GC(1974) PSYoungGen: 15324K->2535K(17408K)
[15.054s][info ][gc,heap        ] GC(1974) ParOldGen: 18296K->18304K(41472K)
[15.054s][info ][gc,metaspace   ] GC(1974) Metaspace: 15867K->15867K(1064960K)
[15.054s][info ][gc             ] GC(1974) Pause Young (Allocation Failure) 32M->20M(57M) 1.121ms
[15.054s][info ][gc,cpu         ] GC(1974) User=0.00s Sys=0.01s Real=0.00s
[15.055s][info ][gc,start       ] GC(1975) Pause Young (Allocation Failure)
[15.055s][debug][gc,phases      ] GC(1975) Scavenge 0.842ms
[15.055s][debug][gc,phases      ] GC(1975) Reference Processing 0.016ms
[15.055s][debug][gc,phases      ] GC(1975) Weak Processing 0.009ms
[15.056s][debug][gc,phases      ] GC(1975) Scrub String Table 0.057ms
[15.056s][debug][gc,age         ] GC(1975) Desired survivor size 4194304 bytes, new threshold 1 (max threshold 15)
[15.056s][info ][gc,heap        ] GC(1975) PSYoungGen: 15705K->2177K(17408K)
[15.056s][info ][gc,heap        ] GC(1975) ParOldGen: 18304K->18320K(41472K)
[15.056s][info ][gc,metaspace   ] GC(1975) Metaspace: 15867K->15867K(1064960K)
[15.056s][info ][gc             ] GC(1975) Pause Young (Allocation Failure) 33M->20M(57M) 1.107ms
[15.056s][info ][gc,cpu         ] GC(1975) User=0.00s Sys=0.00s Real=0.00s
[15.057s][info ][gc,start       ] GC(1976) Pause Young (Allocation Failure)
[15.057s][debug][gc,phases      ] GC(1976) Scavenge 0.393ms
[15.057s][debug][gc,phases      ] GC(1976) Reference Processing 0.028ms
[15.057s][debug][gc,phases      ] GC(1976) Weak Processing 0.009ms
[15.057s][debug][gc,phases      ] GC(1976) Scrub String Table 0.058ms
[15.057s][debug][gc,age         ] GC(1976) Desired survivor size 3670016 bytes, new threshold 1 (max threshold 15)
[15.057s][info ][gc,heap        ] GC(1976) PSYoungGen: 15341K->2535K(15872K)
[15.057s][info ][gc,heap        ] GC(1976) ParOldGen: 18320K->18336K(41472K)
[15.057s][info ][gc,metaspace   ] GC(1976) Metaspace: 15867K->15867K(1064960K)
[15.057s][info ][gc             ] GC(1976) Pause Young (Allocation Failure) 32M->20M(56M) 0.711ms
[15.057s][info ][gc,cpu         ] GC(1976) User=0.00s Sys=0.00s Real=0.00s
[15.058s][info ][gc,start       ] GC(1977) Pause Young (Allocation Failure)
[15.059s][debug][gc,phases      ] GC(1977) Scavenge 0.860ms
[15.059s][debug][gc,phases      ] GC(1977) Reference Processing 0.018ms
[15.059s][debug][gc,phases      ] GC(1977) Weak Processing 0.012ms
[15.059s][debug][gc,phases      ] GC(1977) Scrub String Table 0.059ms
[15.059s][debug][gc,age         ] GC(1977) Desired survivor size 3670016 bytes, new threshold 1 (max threshold 15)
[15.059s][info ][gc,heap        ] GC(1977) PSYoungGen: 15659K->2535K(16896K)
[15.059s][info ][gc,heap        ] GC(1977) ParOldGen: 18336K->18352K(41472K)
[15.059s][info ][gc,metaspace   ] GC(1977) Metaspace: 15867K->15867K(1064960K)
[15.059s][info ][gc             ] GC(1977) Pause Young (Allocation Failure) 33M->20M(57M) 1.130ms
[15.060s][info ][gc,cpu         ] GC(1977) User=0.01s Sys=0.00s Real=0.00s
[15.060s][info ][gc,start       ] GC(1978) Pause Young (Allocation Failure)
[15.061s][debug][gc,phases      ] GC(1978) Scavenge 0.985ms
[15.062s][debug][gc,phases      ] GC(1978) Reference Processing 0.022ms
[15.062s][debug][gc,phases      ] GC(1978) Weak Processing 0.012ms
[15.062s][debug][gc,phases      ] GC(1978) Scrub String Table 0.093ms
[15.062s][debug][gc,age         ] GC(1978) Desired survivor size 3670016 bytes, new threshold 1 (max threshold 15)
[15.062s][info ][gc,heap        ] GC(1978) PSYoungGen: 15676K->1722K(16896K)
[15.062s][info ][gc,heap        ] GC(1978) ParOldGen: 18352K->18783K(41472K)
[15.062s][info ][gc,metaspace   ] GC(1978) Metaspace: 15867K->15867K(1064960K)
[15.062s][info ][gc             ] GC(1978) Pause Young (Allocation Failure) 33M->20M(57M) 1.324ms
[15.062s][info ][gc,cpu         ] GC(1978) User=0.01s Sys=0.00s Real=0.00s
[15.063s][info ][gc,start       ] GC(1979) Pause Young (Allocation Failure)
[15.064s][debug][gc,phases      ] GC(1979) Scavenge 0.759ms
[15.064s][debug][gc,phases      ] GC(1979) Reference Processing 0.021ms
[15.064s][debug][gc,phases      ] GC(1979) Weak Processing 0.013ms
[15.064s][debug][gc,phases      ] GC(1979) Scrub String Table 0.079ms
[15.064s][debug][gc,age         ] GC(1979) Desired survivor size 3670016 bytes, new threshold 1 (max threshold 15)
[15.064s][info ][gc,heap        ] GC(1979) PSYoungGen: 14856K->1331K(17920K)
[15.064s][info ][gc,heap        ] GC(1979) ParOldGen: 18783K->18823K(41472K)
[15.064s][info ][gc,metaspace   ] GC(1979) Metaspace: 15867K->15867K(1064960K)
[15.064s][info ][gc             ] GC(1979) Pause Young (Allocation Failure) 32M->19M(58M) 1.072ms
[15.064s][info ][gc,cpu         ] GC(1979) User=0.01s Sys=0.00s Real=0.00s
[15.065s][info ][gc,start       ] GC(1980) Pause Young (Allocation Failure)
[15.065s][debug][gc,phases      ] GC(1980) Scavenge 0.341ms
[15.065s][debug][gc,phases      ] GC(1980) Reference Processing 0.017ms
[15.065s][debug][gc,phases      ] GC(1980) Weak Processing 0.009ms
[15.065s][debug][gc,phases      ] GC(1980) Scrub String Table 0.060ms
[15.065s][debug][gc,age         ] GC(1980) Desired survivor size 3670016 bytes, new threshold 1 (max threshold 15)
[15.065s][info ][gc,heap        ] GC(1980) PSYoungGen: 15316K->2177K(17920K)
[15.065s][info ][gc,heap        ] GC(1980) ParOldGen: 18823K->18831K(41472K)
[15.065s][info ][gc,metaspace   ] GC(1980) Metaspace: 15867K->15867K(1064960K)
[15.065s][info ][gc             ] GC(1980) Pause Young (Allocation Failure) 33M->20M(58M) 0.601ms
[15.065s][info ][gc,cpu         ] GC(1980) User=0.00s Sys=0.00s Real=0.00s
[15.067s][info ][gc,start       ] GC(1981) Pause Young (Allocation Failure)
[15.068s][debug][gc,phases      ] GC(1981) Scavenge 1.067ms
[15.068s][debug][gc,phases      ] GC(1981) Reference Processing 0.018ms
[15.068s][debug][gc,phases      ] GC(1981) Weak Processing 0.012ms
[15.068s][debug][gc,phases      ] GC(1981) Scrub String Table 0.059ms
[15.068s][debug][gc,age         ] GC(1981) Desired survivor size 3670016 bytes, new threshold 1 (max threshold 15)
[15.068s][info ][gc,heap        ] GC(1981) PSYoungGen: 16512K->2503K(17920K)
[15.068s][info ][gc,heap        ] GC(1981) ParOldGen: 18831K->19245K(41472K)
[15.068s][info ][gc,metaspace   ] GC(1981) Metaspace: 15867K->15867K(1064960K)
[15.068s][info ][gc             ] GC(1981) Pause Young (Allocation Failure) 34M->21M(58M) 1.329ms
[15.068s][info ][gc,cpu         ] GC(1981) User=0.01s Sys=0.00s Real=0.00s
[15.069s][info ][gc,start       ] GC(1982) Pause Young (Allocation Failure)
[15.070s][debug][gc,phases      ] GC(1982) Scavenge 0.972ms
[15.070s][debug][gc,phases      ] GC(1982) Reference Processing 0.022ms
[15.070s][debug][gc,phases      ] GC(1982) Weak Processing 0.022ms
[15.070s][debug][gc,phases      ] GC(1982) Scrub String Table 0.062ms
[15.070s][debug][gc,age         ] GC(1982) Desired survivor size 3670016 bytes, new threshold 1 (max threshold 15)
[15.070s][info ][gc,heap        ] GC(1982) PSYoungGen: 16831K->2145K(17920K)
[15.070s][info ][gc,heap        ] GC(1982) ParOldGen: 19245K->19668K(41472K)
[15.070s][info ][gc,metaspace   ] GC(1982) Metaspace: 15867K->15867K(1064960K)
[15.070s][info ][gc             ] GC(1982) Pause Young (Allocation Failure) 35M->21M(58M) 1.267ms
[15.070s][info ][gc,cpu         ] GC(1982) User=0.01s Sys=0.00s Real=0.00s
[15.071s][info ][gc,start       ] GC(1983) Pause Young (Allocation Failure)
[15.072s][debug][gc,phases      ] GC(1983) Scavenge 0.931ms
[15.072s][debug][gc,phases      ] GC(1983) Reference Processing 0.016ms
[15.072s][debug][gc,phases      ] GC(1983) Weak Processing 0.011ms
[15.072s][debug][gc,phases      ] GC(1983) Scrub String Table 0.058ms
[15.072s][debug][gc,age         ] GC(1983) Desired survivor size 3670016 bytes, new threshold 1 (max threshold 15)
[15.072s][info ][gc,heap        ] GC(1983) PSYoungGen: 16481K->2926K(17920K)
[15.072s][info ][gc,heap        ] GC(1983) ParOldGen: 19668K->19692K(41472K)
[15.072s][info ][gc,metaspace   ] GC(1983) Metaspace: 15867K->15867K(1064960K)
[15.072s][info ][gc             ] GC(1983) Pause Young (Allocation Failure) 35M->22M(58M) 1.217ms
[15.073s][info ][gc,cpu         ] GC(1983) User=0.01s Sys=0.00s Real=0.00s
[15.074s][info ][gc,start       ] GC(1984) Pause Young (Allocation Failure)
[15.075s][debug][gc,phases      ] GC(1984) Scavenge 0.931ms
[15.075s][debug][gc,phases      ] GC(1984) Reference Processing 0.015ms
[15.075s][debug][gc,phases      ] GC(1984) Weak Processing 0.011ms
[15.075s][debug][gc,phases      ] GC(1984) Scrub String Table 0.058ms
[15.075s][debug][gc,age         ] GC(1984) Desired survivor size 3670016 bytes, new threshold 1 (max threshold 15)
[15.075s][info ][gc,heap        ] GC(1984) PSYoungGen: 17262K->2535K(17920K)
[15.075s][info ][gc,heap        ] GC(1984) ParOldGen: 19692K->20107K(41472K)
[15.075s][info ][gc,metaspace   ] GC(1984) Metaspace: 15867K->15867K(1064960K)
[15.075s][info ][gc             ] GC(1984) Pause Young (Allocation Failure) 36M->22M(58M) 1.179ms
[15.075s][info ][gc,cpu         ] GC(1984) User=0.01s Sys=0.00s Real=0.00s
[15.076s][info ][gc,start       ] GC(1985) Pause Young (Allocation Failure)
[15.077s][debug][gc,phases      ] GC(1985) Scavenge 0.759ms
[15.077s][debug][gc,phases      ] GC(1985) Reference Processing 0.020ms
[15.077s][debug][gc,phases      ] GC(1985) Weak Processing 0.009ms
[15.077s][debug][gc,phases      ] GC(1985) Scrub String Table 0.059ms
[15.077s][debug][gc,age         ] GC(1985) Desired survivor size 3670016 bytes, new threshold 1 (max threshold 15)
[15.077s][info ][gc,heap        ] GC(1985) PSYoungGen: 16500K->2958K(17920K)
[15.077s][info ][gc,heap        ] GC(1985) ParOldGen: 20107K->20131K(41472K)
[15.077s][info ][gc,metaspace   ] GC(1985) Metaspace: 15867K->15867K(1064960K)
[15.077s][info ][gc             ] GC(1985) Pause Young (Allocation Failure) 35M->22M(58M) 1.035ms
[15.077s][info ][gc,cpu         ] GC(1985) User=0.01s Sys=0.00s Real=0.01s
[15.078s][info ][gc,start       ] GC(1986) Pause Young (Allocation Failure)
[15.078s][debug][gc,phases      ] GC(1986) Scavenge 0.375ms
[15.078s][debug][gc,phases      ] GC(1986) Reference Processing 0.019ms
[15.078s][debug][gc,phases      ] GC(1986) Weak Processing 0.010ms
[15.078s][debug][gc,phases      ] GC(1986) Scrub String Table 0.059ms
[15.078s][debug][gc,age         ] GC(1986) Desired survivor size 3670016 bytes, new threshold 1 (max threshold 15)
[15.078s][info ][gc,heap        ] GC(1986) PSYoungGen: 16919K->2599K(17920K)
[15.078s][info ][gc,heap        ] GC(1986) ParOldGen: 20131K->20139K(41472K)
[15.078s][info ][gc,metaspace   ] GC(1986) Metaspace: 15867K->15867K(1064960K)
[15.078s][info ][gc             ] GC(1986) Pause Young (Allocation Failure) 36M->22M(58M) 0.612ms
[15.079s][info ][gc,cpu         ] GC(1986) User=0.00s Sys=0.00s Real=0.00s
[15.080s][info ][gc,start       ] GC(1987) Pause Young (Allocation Failure)
[15.080s][debug][gc,phases      ] GC(1987) Scavenge 0.828ms
[15.080s][debug][gc,phases      ] GC(1987) Reference Processing 0.019ms
[15.080s][debug][gc,phases      ] GC(1987) Weak Processing 0.011ms
[15.081s][debug][gc,phases      ] GC(1987) Scrub String Table 0.059ms
[15.081s][debug][gc,age         ] GC(1987) Desired survivor size 3670016 bytes, new threshold 1 (max threshold 15)
[15.081s][info ][gc,heap        ] GC(1987) PSYoungGen: 16558K->1754K(17920K)
[15.081s][info ][gc,heap        ] GC(1987) ParOldGen: 20139K->20147K(41472K)
[15.081s][info ][gc,metaspace   ] GC(1987) Metaspace: 15867K->15867K(1064960K)
[15.081s][info ][gc             ] GC(1987) Pause Young (Allocation Failure) 35M->21M(58M) 1.077ms
[15.081s][info ][gc,cpu         ] GC(1987) User=0.01s Sys=0.00s Real=0.00s
[15.082s][info ][gc,start       ] GC(1988) Pause Young (Allocation Failure)
[15.082s][debug][gc,phases      ] GC(1988) Scavenge 0.338ms
[15.082s][debug][gc,phases      ] GC(1988) Reference Processing 0.016ms
[15.082s][debug][gc,phases      ] GC(1988) Weak Processing 0.009ms
[15.082s][debug][gc,phases      ] GC(1988) Scrub String Table 0.064ms
[15.082s][debug][gc,age         ] GC(1988) Desired survivor size 3670016 bytes, new threshold 1 (max threshold 15)
[15.082s][info ][gc,heap        ] GC(1988) PSYoungGen: 15711K->2209K(17920K)
[15.082s][info ][gc,heap        ] GC(1988) ParOldGen: 20147K->20147K(41472K)
[15.082s][info ][gc,metaspace   ] GC(1988) Metaspace: 15867K->15867K(1064960K)
[15.082s][info ][gc             ] GC(1988) Pause Young (Allocation Failure) 35M->21M(58M) 0.595ms
[15.082s][info ][gc,cpu         ] GC(1988) User=0.00s Sys=0.00s Real=0.00s
[15.083s][info ][gc,start       ] GC(1989) Pause Young (Allocation Failure)
[15.084s][debug][gc,phases      ] GC(1989) Scavenge 0.329ms
[15.084s][debug][gc,phases      ] GC(1989) Reference Processing 0.017ms
[15.084s][debug][gc,phases      ] GC(1989) Weak Processing 0.009ms
[15.084s][debug][gc,phases      ] GC(1989) Scrub String Table 0.059ms
[15.084s][debug][gc,age         ] GC(1989) Desired survivor size 3670016 bytes, new threshold 1 (max threshold 15)
[15.084s][info ][gc,heap        ] GC(1989) PSYoungGen: 16522K->2599K(17920K)
[15.084s][info ][gc,heap        ] GC(1989) ParOldGen: 20147K->20163K(41472K)
[15.084s][info ][gc,metaspace   ] GC(1989) Metaspace: 15867K->15867K(1064960K)
[15.084s][info ][gc             ] GC(1989) Pause Young (Allocation Failure) 35M->22M(58M) 0.582ms
[15.084s][info ][gc,cpu         ] GC(1989) User=0.00s Sys=0.00s Real=0.00s
[15.085s][info ][gc,start       ] GC(1990) Pause Young (Allocation Failure)
[15.085s][debug][gc,phases      ] GC(1990) Scavenge 0.332ms
[15.086s][debug][gc,phases      ] GC(1990) Reference Processing 0.019ms
[15.086s][debug][gc,phases      ] GC(1990) Weak Processing 0.010ms
[15.086s][debug][gc,phases      ] GC(1990) Scrub String Table 0.067ms
[15.086s][debug][gc,age         ] GC(1990) Desired survivor size 3670016 bytes, new threshold 1 (max threshold 15)
[15.086s][info ][gc,heap        ] GC(1990) PSYoungGen: 16935K->1818K(17920K)
[15.086s][info ][gc,heap        ] GC(1990) ParOldGen: 20163K->20163K(41472K)
[15.086s][info ][gc,metaspace   ] GC(1990) Metaspace: 15867K->15867K(1064960K)
[15.086s][info ][gc             ] GC(1990) Pause Young (Allocation Failure) 36M->21M(58M) 0.594ms
[15.086s][info ][gc,cpu         ] GC(1990) User=0.00s Sys=0.00s Real=0.00s
[15.087s][info ][gc,start       ] GC(1991) Pause Young (Allocation Failure)
[15.087s][debug][gc,phases      ] GC(1991) Scavenge 0.337ms
[15.087s][debug][gc,phases      ] GC(1991) Reference Processing 0.016ms
[15.087s][debug][gc,phases      ] GC(1991) Weak Processing 0.009ms
[15.087s][debug][gc,phases      ] GC(1991) Scrub String Table 0.057ms
[15.087s][debug][gc,age         ] GC(1991) Desired survivor size 3670016 bytes, new threshold 1 (max threshold 15)
[15.087s][info ][gc,heap        ] GC(1991) PSYoungGen: 15781K->2599K(17920K)
[15.087s][info ][gc,heap        ] GC(1991) ParOldGen: 20163K->20171K(41472K)
[15.087s][info ][gc,metaspace   ] GC(1991) Metaspace: 15867K->15867K(1064960K)
[15.087s][info ][gc             ] GC(1991) Pause Young (Allocation Failure) 35M->22M(58M) 0.576ms
[15.087s][info ][gc,cpu         ] GC(1991) User=0.00s Sys=0.00s Real=0.00s
[15.088s][info ][gc,start       ] GC(1992) Pause Young (Allocation Failure)
[15.089s][debug][gc,phases      ] GC(1992) Scavenge 0.623ms
[15.089s][debug][gc,phases      ] GC(1992) Reference Processing 0.016ms
[15.089s][debug][gc,phases      ] GC(1992) Weak Processing 0.009ms
[15.089s][debug][gc,phases      ] GC(1992) Scrub String Table 0.059ms
[15.089s][debug][gc,age         ] GC(1992) Desired survivor size 3670016 bytes, new threshold 1 (max threshold 15)
[15.089s][info ][gc,heap        ] GC(1992) PSYoungGen: 16559K->1786K(17920K)
[15.089s][info ][gc,heap        ] GC(1992) ParOldGen: 20171K->20171K(41472K)
[15.089s][info ][gc,metaspace   ] GC(1992) Metaspace: 15867K->15867K(1064960K)
[15.089s][info ][gc             ] GC(1992) Pause Young (Allocation Failure) 35M->21M(58M) 0.865ms
[15.089s][info ][gc,cpu         ] GC(1992) User=0.01s Sys=0.00s Real=0.00s
[15.090s][info ][gc,start       ] GC(1993) Pause Young (Allocation Failure)
[15.091s][debug][gc,phases      ] GC(1993) Scavenge 0.855ms
[15.091s][debug][gc,phases      ] GC(1993) Reference Processing 0.015ms
[15.091s][debug][gc,phases      ] GC(1993) Weak Processing 0.010ms
[15.091s][debug][gc,phases      ] GC(1993) Scrub String Table 0.062ms
[15.091s][debug][gc,age         ] GC(1993) Desired survivor size 3670016 bytes, new threshold 1 (max threshold 15)
[15.091s][info ][gc,heap        ] GC(1993) PSYoungGen: 15744K->1267K(17920K)
[15.091s][info ][gc,heap        ] GC(1993) ParOldGen: 20171K->20171K(41472K)
[15.091s][info ][gc,metaspace   ] GC(1993) Metaspace: 15867K->15867K(1064960K)
[15.091s][info ][gc             ] GC(1993) Pause Young (Allocation Failure) 35M->20M(58M) 1.091ms
[15.091s][info ][gc,cpu         ] GC(1993) User=0.00s Sys=0.00s Real=0.00s
[15.092s][info ][gc,start       ] GC(1994) Pause Young (Allocation Failure)
[15.093s][debug][gc,phases      ] GC(1994) Scavenge 0.420ms
[15.093s][debug][gc,phases      ] GC(1994) Reference Processing 0.016ms
[15.093s][debug][gc,phases      ] GC(1994) Weak Processing 0.009ms
[15.093s][debug][gc,phases      ] GC(1994) Scrub String Table 0.060ms
[15.093s][debug][gc,age         ] GC(1994) Desired survivor size 4194304 bytes, new threshold 1 (max threshold 15)
[15.093s][info ][gc,heap        ] GC(1994) PSYoungGen: 15224K->3381K(17920K)
[15.093s][info ][gc,heap        ] GC(1994) ParOldGen: 20171K->20171K(41472K)
[15.093s][info ][gc,metaspace   ] GC(1994) Metaspace: 15867K->15867K(1064960K)
[15.093s][info ][gc             ] GC(1994) Pause Young (Allocation Failure) 34M->23M(58M) 0.669ms
[15.093s][info ][gc,cpu         ] GC(1994) User=0.01s Sys=0.00s Real=0.00s
[15.094s][info ][gc,start       ] GC(1995) Pause Young (Allocation Failure)
[15.095s][debug][gc,phases      ] GC(1995) Scavenge 0.696ms
[15.095s][debug][gc,phases      ] GC(1995) Reference Processing 0.018ms
[15.095s][debug][gc,phases      ] GC(1995) Weak Processing 0.009ms
[15.095s][debug][gc,phases      ] GC(1995) Scrub String Table 0.059ms
[15.095s][debug][gc,age         ] GC(1995) Desired survivor size 4194304 bytes, new threshold 1 (max threshold 15)
[15.095s][info ][gc,heap        ] GC(1995) PSYoungGen: 17336K->3381K(16896K)
[15.095s][info ][gc,heap        ] GC(1995) ParOldGen: 20171K->20171K(41472K)
[15.095s][info ][gc,metaspace   ] GC(1995) Metaspace: 15867K->15867K(1064960K)
[15.095s][info ][gc             ] GC(1995) Pause Young (Allocation Failure) 36M->23M(57M) 0.973ms
[15.095s][info ][gc,cpu         ] GC(1995) User=0.01s Sys=0.00s Real=0.00s
[15.096s][info ][gc,start       ] GC(1996) Pause Young (Allocation Failure)
[15.097s][debug][gc,phases      ] GC(1996) Scavenge 0.343ms
[15.097s][debug][gc,phases      ] GC(1996) Reference Processing 0.016ms
[15.097s][debug][gc,phases      ] GC(1996) Weak Processing 0.011ms
[15.097s][debug][gc,phases      ] GC(1996) Scrub String Table 0.062ms
[15.097s][debug][gc,age         ] GC(1996) Desired survivor size 4194304 bytes, new threshold 1 (max threshold 15)
[15.097s][info ][gc,heap        ] GC(1996) PSYoungGen: 16534K->2567K(17408K)
[15.097s][info ][gc,heap        ] GC(1996) ParOldGen: 20171K->20171K(41472K)
[15.097s][info ][gc,metaspace   ] GC(1996) Metaspace: 15867K->15867K(1064960K)
[15.097s][info ][gc             ] GC(1996) Pause Young (Allocation Failure) 35M->22M(57M) 0.580ms
[15.097s][info ][gc,cpu         ] GC(1996) User=0.01s Sys=0.00s Real=0.01s
[15.098s][info ][gc,start       ] GC(1997) Pause Young (Allocation Failure)
[15.098s][debug][gc,phases      ] GC(1997) Scavenge 0.384ms
[15.098s][debug][gc,phases      ] GC(1997) Reference Processing 0.016ms
[15.098s][debug][gc,phases      ] GC(1997) Weak Processing 0.009ms
[15.098s][debug][gc,phases      ] GC(1997) Scrub String Table 0.057ms
[15.098s][debug][gc,age         ] GC(1997) Desired survivor size 4194304 bytes, new threshold 1 (max threshold 15)
[15.098s][info ][gc,heap        ] GC(1997) PSYoungGen: 15691K->2567K(17408K)
[15.098s][info ][gc,heap        ] GC(1997) ParOldGen: 20171K->20577K(41472K)
[15.098s][info ][gc,metaspace   ] GC(1997) Metaspace: 15867K->15867K(1064960K)
[15.098s][info ][gc             ] GC(1997) Pause Young (Allocation Failure) 35M->22M(57M) 0.630ms
[15.098s][info ][gc,cpu         ] GC(1997) User=0.00s Sys=0.00s Real=0.00s
[15.099s][info ][gc,start       ] GC(1998) Pause Young (Allocation Failure)
[15.100s][debug][gc,phases      ] GC(1998) Scavenge 0.822ms
[15.100s][debug][gc,phases      ] GC(1998) Reference Processing 0.017ms
[15.100s][debug][gc,phases      ] GC(1998) Weak Processing 0.011ms
[15.100s][debug][gc,phases      ] GC(1998) Scrub String Table 0.063ms
[15.100s][debug][gc,age         ] GC(1998) Desired survivor size 4194304 bytes, new threshold 1 (max threshold 15)
[15.100s][info ][gc,heap        ] GC(1998) PSYoungGen: 15728K->3317K(17408K)
[15.100s][info ][gc,heap        ] GC(1998) ParOldGen: 20577K->20609K(41472K)
[15.100s][info ][gc,metaspace   ] GC(1998) Metaspace: 15867K->15867K(1064960K)
[15.100s][info ][gc             ] GC(1998) Pause Young (Allocation Failure) 35M->23M(57M) 1.070ms
[15.100s][info ][gc,cpu         ] GC(1998) User=0.00s Sys=0.00s Real=0.00s
[15.101s][info ][gc,start       ] GC(1999) Pause Young (Allocation Failure)
[15.102s][debug][gc,phases      ] GC(1999) Scavenge 0.441ms
[15.102s][debug][gc,phases      ] GC(1999) Reference Processing 0.015ms
[15.102s][debug][gc,phases      ] GC(1999) Weak Processing 0.010ms
[15.102s][debug][gc,phases      ] GC(1999) Scrub String Table 0.060ms
[15.102s][debug][gc,age         ] GC(1999) Desired survivor size 4718592 bytes, new threshold 1 (max threshold 15)
[15.102s][info ][gc,heap        ] GC(1999) PSYoungGen: 16474K->3739K(16384K)
[15.102s][info ][gc,heap        ] GC(1999) ParOldGen: 20609K->20625K(41472K)
[15.102s][info ][gc,metaspace   ] GC(1999) Metaspace: 15867K->15867K(1064960K)
[15.102s][info ][gc             ] GC(1999) Pause Young (Allocation Failure) 36M->23M(56M) 0.716ms
[15.102s][info ][gc,cpu         ] GC(1999) User=0.00s Sys=0.00s Real=0.00s
[15.103s][info ][gc,start       ] GC(2000) Pause Young (Allocation Failure)
[15.103s][debug][gc,phases      ] GC(2000) Scavenge 0.400ms
[15.104s][debug][gc,phases      ] GC(2000) Reference Processing 0.015ms
[15.104s][debug][gc,phases      ] GC(2000) Weak Processing 0.010ms
[15.104s][debug][gc,phases      ] GC(2000) Scrub String Table 0.057ms
[15.104s][debug][gc,age         ] GC(2000) Desired survivor size 4718592 bytes, new threshold 1 (max threshold 15)
[15.104s][info ][gc,heap        ] GC(2000) PSYoungGen: 15703K->2209K(16896K)
[15.104s][info ][gc,heap        ] GC(2000) ParOldGen: 20625K->20633K(41472K)
[15.104s][info ][gc,metaspace   ] GC(2000) Metaspace: 15867K->15867K(1064960K)
[15.104s][info ][gc             ] GC(2000) Pause Young (Allocation Failure) 35M->22M(57M) 0.651ms
[15.104s][info ][gc,cpu         ] GC(2000) User=0.00s Sys=0.00s Real=0.00s
[15.105s][info ][gc,start       ] GC(2001) Pause Young (Allocation Failure)
[15.105s][debug][gc,phases      ] GC(2001) Scavenge 0.461ms
[15.105s][debug][gc,phases      ] GC(2001) Reference Processing 0.017ms
[15.105s][debug][gc,phases      ] GC(2001) Weak Processing 0.009ms
[15.105s][debug][gc,phases      ] GC(2001) Scrub String Table 0.058ms
[15.105s][debug][gc,age         ] GC(2001) Desired survivor size 4718592 bytes, new threshold 1 (max threshold 15)
[15.105s][info ][gc,heap        ] GC(2001) PSYoungGen: 14171K->2990K(16896K)
[15.105s][info ][gc,heap        ] GC(2001) ParOldGen: 20633K->20641K(41472K)
[15.105s][info ][gc,metaspace   ] GC(2001) Metaspace: 15867K->15867K(1064960K)
[15.105s][info ][gc             ] GC(2001) Pause Young (Allocation Failure) 33M->23M(57M) 0.696ms
[15.105s][info ][gc,cpu         ] GC(2001) User=0.01s Sys=0.00s Real=0.00s
[15.106s][info ][gc,start       ] GC(2002) Pause Young (Allocation Failure)
[15.107s][debug][gc,phases      ] GC(2002) Scavenge 0.386ms
[15.107s][debug][gc,phases      ] GC(2002) Reference Processing 0.028ms
[15.107s][debug][gc,phases      ] GC(2002) Weak Processing 0.010ms
[15.107s][debug][gc,phases      ] GC(2002) Scrub String Table 0.061ms
[15.107s][debug][gc,age         ] GC(2002) Desired survivor size 4194304 bytes, new threshold 1 (max threshold 15)
[15.107s][info ][gc,heap        ] GC(2002) PSYoungGen: 14952K->2599K(15360K)
[15.107s][info ][gc,heap        ] GC(2002) ParOldGen: 20641K->20641K(41472K)
[15.107s][info ][gc,metaspace   ] GC(2002) Metaspace: 15867K->15867K(1064960K)
[15.107s][info ][gc             ] GC(2002) Pause Young (Allocation Failure) 34M->22M(55M) 0.756ms
[15.107s][info ][gc,cpu         ] GC(2002) User=0.00s Sys=0.00s Real=0.01s
[15.108s][info ][gc,start       ] GC(2003) Pause Young (Allocation Failure)
[15.109s][debug][gc,phases      ] GC(2003) Scavenge 0.699ms
[15.109s][debug][gc,phases      ] GC(2003) Reference Processing 0.016ms
[15.109s][debug][gc,phases      ] GC(2003) Weak Processing 0.009ms
[15.109s][debug][gc,phases      ] GC(2003) Scrub String Table 0.057ms
[15.109s][debug][gc,age         ] GC(2003) Desired survivor size 4194304 bytes, new threshold 1 (max threshold 15)
[15.109s][info ][gc,heap        ] GC(2003) PSYoungGen: 14561K->2177K(16384K)
[15.109s][info ][gc,heap        ] GC(2003) ParOldGen: 20641K->20641K(41472K)
[15.109s][info ][gc,metaspace   ] GC(2003) Metaspace: 15867K->15867K(1064960K)
[15.109s][info ][gc             ] GC(2003) Pause Young (Allocation Failure) 34M->22M(56M) 0.956ms
[15.109s][info ][gc,cpu         ] GC(2003) User=0.00s Sys=0.00s Real=0.00s
[15.110s][info ][gc,start       ] GC(2004) Pause Young (Allocation Failure)
[15.110s][debug][gc,phases      ] GC(2004) Scavenge 0.415ms
[15.110s][debug][gc,phases      ] GC(2004) Reference Processing 0.017ms
[15.110s][debug][gc,phases      ] GC(2004) Weak Processing 0.009ms
[15.110s][debug][gc,phases      ] GC(2004) Scrub String Table 0.057ms
[15.110s][debug][gc,age         ] GC(2004) Desired survivor size 4718592 bytes, new threshold 1 (max threshold 15)
[15.110s][info ][gc,heap        ] GC(2004) PSYoungGen: 14138K->3381K(16384K)
[15.110s][info ][gc,heap        ] GC(2004) ParOldGen: 20641K->20641K(41472K)
[15.110s][info ][gc,metaspace   ] GC(2004) Metaspace: 15867K->15867K(1064960K)
[15.110s][info ][gc             ] GC(2004) Pause Young (Allocation Failure) 33M->23M(56M) 0.654ms
[15.110s][info ][gc,cpu         ] GC(2004) User=0.00s Sys=0.00s Real=0.00s
[15.111s][info ][gc,start       ] GC(2005) Pause Young (Allocation Failure)
[15.112s][debug][gc,phases      ] GC(2005) Scavenge 0.475ms
[15.112s][debug][gc,phases      ] GC(2005) Reference Processing 0.025ms
[15.112s][debug][gc,phases      ] GC(2005) Weak Processing 0.009ms
[15.112s][debug][gc,phases      ] GC(2005) Scrub String Table 0.059ms
[15.112s][debug][gc,age         ] GC(2005) Desired survivor size 4194304 bytes, new threshold 1 (max threshold 15)
[15.112s][info ][gc,heap        ] GC(2005) PSYoungGen: 15341K->2113K(16896K)
[15.112s][info ][gc,heap        ] GC(2005) ParOldGen: 20641K->20641K(41472K)
[15.112s][info ][gc,metaspace   ] GC(2005) Metaspace: 15867K->15867K(1064960K)
[15.112s][info ][gc             ] GC(2005) Pause Young (Allocation Failure) 35M->22M(57M) 0.795ms
[15.112s][info ][gc,cpu         ] GC(2005) User=0.00s Sys=0.00s Real=0.00s
[15.113s][info ][gc,start       ] GC(2006) Pause Young (Allocation Failure)
[15.113s][debug][gc,phases      ] GC(2006) Scavenge 0.330ms
[15.113s][debug][gc,phases      ] GC(2006) Reference Processing 0.015ms
[15.113s][debug][gc,phases      ] GC(2006) Weak Processing 0.009ms
[15.114s][debug][gc,phases      ] GC(2006) Scrub String Table 0.058ms
[15.114s][debug][gc,age         ] GC(2006) Desired survivor size 4194304 bytes, new threshold 1 (max threshold 15)
[15.114s][info ][gc,heap        ] GC(2006) PSYoungGen: 14835K->1786K(16896K)
[15.114s][info ][gc,heap        ] GC(2006) ParOldGen: 20641K->21056K(41472K)
[15.114s][info ][gc,metaspace   ] GC(2006) Metaspace: 15867K->15867K(1064960K)
[15.114s][info ][gc             ] GC(2006) Pause Young (Allocation Failure) 34M->22M(57M) 0.581ms
[15.114s][info ][gc,cpu         ] GC(2006) User=0.01s Sys=0.00s Real=0.00s
[15.115s][info ][gc,start       ] GC(2007) Pause Young (Allocation Failure)
[15.115s][debug][gc,phases      ] GC(2007) Scavenge 0.360ms
[15.115s][debug][gc,phases      ] GC(2007) Reference Processing 0.015ms
[15.115s][debug][gc,phases      ] GC(2007) Weak Processing 0.008ms
[15.115s][debug][gc,phases      ] GC(2007) Scrub String Table 0.058ms
[15.115s][debug][gc,age         ] GC(2007) Desired survivor size 4194304 bytes, new threshold 1 (max threshold 15)
[15.115s][info ][gc,heap        ] GC(2007) PSYoungGen: 14549K->2958K(17408K)
[15.115s][info ][gc,heap        ] GC(2007) ParOldGen: 21056K->21056K(41472K)
[15.115s][info ][gc,metaspace   ] GC(2007) Metaspace: 15867K->15867K(1064960K)
[15.115s][info ][gc             ] GC(2007) Pause Young (Allocation Failure) 34M->23M(57M) 0.597ms
[15.115s][info ][gc,cpu         ] GC(2007) User=0.00s Sys=0.00s Real=0.00s
[15.116s][info ][gc,start       ] GC(2008) Pause Young (Allocation Failure)
[15.117s][debug][gc,phases      ] GC(2008) Scavenge 0.694ms
[15.117s][debug][gc,phases      ] GC(2008) Reference Processing 0.017ms
[15.117s][debug][gc,phases      ] GC(2008) Weak Processing 0.010ms
[15.117s][debug][gc,phases      ] GC(2008) Scrub String Table 0.061ms
[15.117s][debug][gc,age         ] GC(2008) Desired survivor size 4194304 bytes, new threshold 1 (max threshold 15)
[15.117s][info ][gc,heap        ] GC(2008) PSYoungGen: 16118K->2145K(17408K)
[15.117s][info ][gc,heap        ] GC(2008) ParOldGen: 21056K->21064K(41472K)
[15.117s][info ][gc,metaspace   ] GC(2008) Metaspace: 15867K->15867K(1064960K)
[15.117s][info ][gc             ] GC(2008) Pause Young (Allocation Failure) 36M->22M(57M) 0.969ms
[15.117s][info ][gc,cpu         ] GC(2008) User=0.00s Sys=0.00s Real=0.01s
[15.118s][info ][gc,start       ] GC(2009) Pause Young (Allocation Failure)
[15.118s][debug][gc,phases      ] GC(2009) Scavenge 0.271ms
[15.118s][debug][gc,phases      ] GC(2009) Reference Processing 0.018ms
[15.119s][debug][gc,phases      ] GC(2009) Weak Processing 0.009ms
[15.119s][debug][gc,phases      ] GC(2009) Scrub String Table 0.058ms
[15.119s][debug][gc,age         ] GC(2009) Desired survivor size 4194304 bytes, new threshold 1 (max threshold 15)
[15.119s][info ][gc,heap        ] GC(2009) PSYoungGen: 15302K->1818K(17408K)
[15.119s][info ][gc,heap        ] GC(2009) ParOldGen: 21064K->21064K(41472K)
[15.119s][info ][gc,metaspace   ] GC(2009) Metaspace: 15867K->15867K(1064960K)
[15.119s][info ][gc             ] GC(2009) Pause Young (Allocation Failure) 35M->22M(57M) 0.510ms
[15.119s][info ][gc,cpu         ] GC(2009) User=0.00s Sys=0.00s Real=0.00s
[15.120s][info ][gc,start       ] GC(2010) Pause Young (Allocation Failure)
[15.120s][debug][gc,phases      ] GC(2010) Scavenge 0.542ms
[15.120s][debug][gc,phases      ] GC(2010) Reference Processing 0.019ms
[15.120s][debug][gc,phases      ] GC(2010) Weak Processing 0.011ms
[15.120s][debug][gc,phases      ] GC(2010) Scrub String Table 0.059ms
[15.120s][debug][gc,age         ] GC(2010) Desired survivor size 4194304 bytes, new threshold 1 (max threshold 15)
[15.120s][info ][gc,heap        ] GC(2010) PSYoungGen: 14974K->2567K(17408K)
[15.120s][info ][gc,heap        ] GC(2010) ParOldGen: 21064K->21064K(41472K)
[15.120s][info ][gc,metaspace   ] GC(2010) Metaspace: 15867K->15867K(1064960K)
[15.120s][info ][gc             ] GC(2010) Pause Young (Allocation Failure) 35M->23M(57M) 0.794ms
[15.120s][info ][gc,cpu         ] GC(2010) User=0.00s Sys=0.00s Real=0.00s
[15.121s][info ][gc,start       ] GC(2011) Pause Young (Allocation Failure)
[15.122s][debug][gc,phases      ] GC(2011) Scavenge 0.408ms
[15.122s][debug][gc,phases      ] GC(2011) Reference Processing 0.019ms
[15.122s][debug][gc,phases      ] GC(2011) Weak Processing 0.009ms
[15.122s][debug][gc,phases      ] GC(2011) Scrub String Table 0.058ms
[15.122s][debug][gc,age         ] GC(2011) Desired survivor size 4194304 bytes, new threshold 1 (max threshold 15)
[15.122s][info ][gc,heap        ] GC(2011) PSYoungGen: 15722K->2177K(17408K)
[15.122s][info ][gc,heap        ] GC(2011) ParOldGen: 21064K->21064K(41472K)
[15.122s][info ][gc,metaspace   ] GC(2011) Metaspace: 15867K->15867K(1064960K)
[15.122s][info ][gc             ] GC(2011) Pause Young (Allocation Failure) 35M->22M(57M) 0.661ms
[15.122s][info ][gc,cpu         ] GC(2011) User=0.00s Sys=0.00s Real=0.00s
[15.123s][info ][gc,start       ] GC(2012) Pause Young (Allocation Failure)
[15.123s][debug][gc,phases      ] GC(2012) Scavenge 0.304ms
[15.123s][debug][gc,phases      ] GC(2012) Reference Processing 0.016ms
[15.123s][debug][gc,phases      ] GC(2012) Weak Processing 0.009ms
[15.124s][debug][gc,phases      ] GC(2012) Scrub String Table 0.057ms
[15.124s][debug][gc,age         ] GC(2012) Desired survivor size 4194304 bytes, new threshold 1 (max threshold 15)
[15.124s][info ][gc,heap        ] GC(2012) PSYoungGen: 15331K->2177K(17408K)
[15.124s][info ][gc,heap        ] GC(2012) ParOldGen: 21064K->21064K(41472K)
[15.124s][info ][gc,metaspace   ] GC(2012) Metaspace: 15867K->15867K(1064960K)
[15.124s][info ][gc             ] GC(2012) Pause Young (Allocation Failure) 35M->22M(57M) 0.541ms
[15.124s][info ][gc,cpu         ] GC(2012) User=0.01s Sys=0.00s Real=0.00s
[15.125s][info ][gc,start       ] GC(2013) Pause Young (Allocation Failure)
[15.125s][debug][gc,phases      ] GC(2013) Scavenge 0.368ms
[15.125s][debug][gc,phases      ] GC(2013) Reference Processing 0.019ms
[15.125s][debug][gc,phases      ] GC(2013) Weak Processing 0.009ms
[15.125s][debug][gc,phases      ] GC(2013) Scrub String Table 0.058ms
[15.125s][debug][gc,age         ] GC(2013) Desired survivor size 4194304 bytes, new threshold 1 (max threshold 15)
[15.125s][info ][gc,heap        ] GC(2013) PSYoungGen: 15330K->2177K(17408K)
[15.125s][info ][gc,heap        ] GC(2013) ParOldGen: 21064K->21064K(41472K)
[15.125s][info ][gc,metaspace   ] GC(2013) Metaspace: 15867K->15867K(1064960K)
[15.125s][info ][gc             ] GC(2013) Pause Young (Allocation Failure) 35M->22M(57M) 0.615ms
[15.125s][info ][gc,cpu         ] GC(2013) User=0.00s Sys=0.00s Real=0.00s
[15.126s][info ][gc,start       ] GC(2014) Pause Young (Allocation Failure)
[15.127s][debug][gc,phases      ] GC(2014) Scavenge 0.580ms
[15.127s][debug][gc,phases      ] GC(2014) Reference Processing 0.015ms
[15.127s][debug][gc,phases      ] GC(2014) Weak Processing 0.009ms
[15.127s][debug][gc,phases      ] GC(2014) Scrub String Table 0.058ms
[15.127s][debug][gc,age         ] GC(2014) Desired survivor size 4194304 bytes, new threshold 1 (max threshold 15)
[15.127s][info ][gc,heap        ] GC(2014) PSYoungGen: 15330K->3707K(17408K)
[15.127s][info ][gc,heap        ] GC(2014) ParOldGen: 21064K->21064K(41472K)
[15.127s][info ][gc,metaspace   ] GC(2014) Metaspace: 15867K->15867K(1064960K)
[15.127s][info ][gc             ] GC(2014) Pause Young (Allocation Failure) 35M->24M(57M) 0.822ms
[15.127s][info ][gc,cpu         ] GC(2014) User=0.00s Sys=0.00s Real=0.01s
[15.128s][info ][gc,start       ] GC(2015) Pause Young (Allocation Failure)
[15.129s][debug][gc,phases      ] GC(2015) Scavenge 0.504ms
[15.129s][debug][gc,phases      ] GC(2015) Reference Processing 0.017ms
[15.129s][debug][gc,phases      ] GC(2015) Weak Processing 0.008ms
[15.129s][debug][gc,phases      ] GC(2015) Scrub String Table 0.058ms
[15.129s][debug][gc,age         ] GC(2015) Desired survivor size 4194304 bytes, new threshold 1 (max threshold 15)
[15.129s][info ][gc,heap        ] GC(2015) PSYoungGen: 16860K->2990K(17408K)
[15.129s][info ][gc,heap        ] GC(2015) ParOldGen: 21064K->21064K(41472K)
[15.129s][info ][gc,metaspace   ] GC(2015) Metaspace: 15867K->15867K(1064960K)
[15.129s][info ][gc             ] GC(2015) Pause Young (Allocation Failure) 37M->23M(57M) 0.736ms
[15.129s][info ][gc,cpu         ] GC(2015) User=0.00s Sys=0.00s Real=0.00s
[15.130s][info ][gc,start       ] GC(2016) Pause Young (Allocation Failure)
[15.130s][debug][gc,phases      ] GC(2016) Scavenge 0.386ms
[15.130s][debug][gc,phases      ] GC(2016) Reference Processing 0.019ms
[15.130s][debug][gc,phases      ] GC(2016) Weak Processing 0.011ms
[15.130s][debug][gc,phases      ] GC(2016) Scrub String Table 0.059ms
[15.130s][debug][gc,age         ] GC(2016) Desired survivor size 4194304 bytes, new threshold 1 (max threshold 15)
[15.130s][info ][gc,heap        ] GC(2016) PSYoungGen: 16143K->2145K(17408K)
[15.130s][info ][gc,heap        ] GC(2016) ParOldGen: 21064K->21064K(41472K)
[15.130s][info ][gc,metaspace   ] GC(2016) Metaspace: 15867K->15867K(1064960K)
[15.130s][info ][gc             ] GC(2016) Pause Young (Allocation Failure) 36M->22M(57M) 0.639ms
[15.130s][info ][gc,cpu         ] GC(2016) User=0.00s Sys=0.00s Real=0.00s
[15.131s][info ][gc,start       ] GC(2017) Pause Young (Allocation Failure)
[15.132s][debug][gc,phases      ] GC(2017) Scavenge 0.348ms
[15.132s][debug][gc,phases      ] GC(2017) Reference Processing 0.016ms
[15.132s][debug][gc,phases      ] GC(2017) Weak Processing 0.009ms
[15.132s][debug][gc,phases      ] GC(2017) Scrub String Table 0.059ms
[15.132s][debug][gc,age         ] GC(2017) Desired survivor size 4194304 bytes, new threshold 1 (max threshold 15)
[15.132s][info ][gc,heap        ] GC(2017) PSYoungGen: 15297K->2209K(17408K)
[15.132s][info ][gc,heap        ] GC(2017) ParOldGen: 21064K->21064K(41472K)
[15.132s][info ][gc,metaspace   ] GC(2017) Metaspace: 15867K->15867K(1064960K)
[15.132s][info ][gc             ] GC(2017) Pause Young (Allocation Failure) 35M->22M(57M) 0.590ms
[15.132s][info ][gc,cpu         ] GC(2017) User=0.01s Sys=0.00s Real=0.00s
[15.133s][info ][gc,start       ] GC(2018) Pause Young (Allocation Failure)
[15.134s][debug][gc,phases      ] GC(2018) Scavenge 0.552ms
[15.134s][debug][gc,phases      ] GC(2018) Reference Processing 0.017ms
[15.134s][debug][gc,phases      ] GC(2018) Weak Processing 0.010ms
[15.134s][debug][gc,phases      ] GC(2018) Scrub String Table 0.061ms
[15.134s][debug][gc,age         ] GC(2018) Desired survivor size 4194304 bytes, new threshold 1 (max threshold 15)
[15.134s][info ][gc,heap        ] GC(2018) PSYoungGen: 15361K->2177K(17408K)
[15.134s][info ][gc,heap        ] GC(2018) ParOldGen: 21064K->21064K(41472K)
[15.134s][info ][gc,metaspace   ] GC(2018) Metaspace: 15867K->15867K(1064960K)
[15.134s][info ][gc             ] GC(2018) Pause Young (Allocation Failure) 35M->22M(57M) 0.819ms
[15.134s][info ][gc,cpu         ] GC(2018) User=0.01s Sys=0.00s Real=0.00s
[15.135s][info ][gc,start       ] GC(2019) Pause Young (Allocation Failure)
[15.135s][debug][gc,phases      ] GC(2019) Scavenge 0.360ms
[15.135s][debug][gc,phases      ] GC(2019) Reference Processing 0.016ms
[15.135s][debug][gc,phases      ] GC(2019) Weak Processing 0.009ms
[15.135s][debug][gc,phases      ] GC(2019) Scrub String Table 0.062ms
[15.135s][debug][gc,age         ] GC(2019) Desired survivor size 4194304 bytes, new threshold 1 (max threshold 15)
[15.135s][info ][gc,heap        ] GC(2019) PSYoungGen: 15329K->2567K(17408K)
[15.135s][info ][gc,heap        ] GC(2019) ParOldGen: 21064K->21064K(41472K)
[15.135s][info ][gc,metaspace   ] GC(2019) Metaspace: 15867K->15867K(1064960K)
[15.135s][info ][gc             ] GC(2019) Pause Young (Allocation Failure) 35M->23M(57M) 0.605ms
[15.135s][info ][gc,cpu         ] GC(2019) User=0.00s Sys=0.00s Real=0.00s
[15.136s][info ][gc,start       ] GC(2020) Pause Young (Allocation Failure)
[15.137s][debug][gc,phases      ] GC(2020) Scavenge 0.386ms
[15.137s][debug][gc,phases      ] GC(2020) Reference Processing 0.017ms
[15.137s][debug][gc,phases      ] GC(2020) Weak Processing 0.009ms
[15.137s][debug][gc,phases      ] GC(2020) Scrub String Table 0.059ms
[15.137s][debug][gc,age         ] GC(2020) Desired survivor size 4194304 bytes, new threshold 1 (max threshold 15)
[15.137s][info ][gc,heap        ] GC(2020) PSYoungGen: 15720K->2990K(17408K)
[15.137s][info ][gc,heap        ] GC(2020) ParOldGen: 21064K->21064K(41472K)
[15.137s][info ][gc,metaspace   ] GC(2020) Metaspace: 15867K->15867K(1064960K)
[15.137s][info ][gc             ] GC(2020) Pause Young (Allocation Failure) 35M->23M(57M) 0.613ms
[15.137s][info ][gc,cpu         ] GC(2020) User=0.00s Sys=0.00s Real=0.00s
[15.138s][info ][gc,start       ] GC(2021) Pause Young (Allocation Failure)
[15.139s][debug][gc,phases      ] GC(2021) Scavenge 0.381ms
[15.139s][debug][gc,phases      ] GC(2021) Reference Processing 0.016ms
[15.139s][debug][gc,phases      ] GC(2021) Weak Processing 0.013ms
[15.139s][debug][gc,phases      ] GC(2021) Scrub String Table 0.067ms
[15.139s][debug][gc,age         ] GC(2021) Desired survivor size 4194304 bytes, new threshold 1 (max threshold 15)
[15.139s][info ][gc,heap        ] GC(2021) PSYoungGen: 16143K->2567K(17408K)
[15.139s][info ][gc,heap        ] GC(2021) ParOldGen: 21064K->21064K(41472K)
[15.139s][info ][gc,metaspace   ] GC(2021) Metaspace: 15867K->15867K(1064960K)
[15.139s][info ][gc             ] GC(2021) Pause Young (Allocation Failure) 36M->23M(57M) 0.683ms
[15.139s][info ][gc,cpu         ] GC(2021) User=0.00s Sys=0.00s Real=0.00s
[15.140s][info ][gc,start       ] GC(2022) Pause Young (Allocation Failure)
[15.140s][debug][gc,phases      ] GC(2022) Scavenge 0.449ms
[15.140s][debug][gc,phases      ] GC(2022) Reference Processing 0.015ms
[15.140s][debug][gc,phases      ] GC(2022) Weak Processing 0.009ms
[15.140s][debug][gc,phases      ] GC(2022) Scrub String Table 0.058ms
[15.140s][debug][gc,age         ] GC(2022) Desired survivor size 4194304 bytes, new threshold 1 (max threshold 15)
[15.140s][info ][gc,heap        ] GC(2022) PSYoungGen: 15685K->2958K(17408K)
[15.140s][info ][gc,heap        ] GC(2022) ParOldGen: 21064K->21088K(41472K)
[15.140s][info ][gc,metaspace   ] GC(2022) Metaspace: 15867K->15867K(1064960K)
[15.140s][info ][gc             ] GC(2022) Pause Young (Allocation Failure) 35M->23M(57M) 0.690ms
[15.140s][info ][gc,cpu         ] GC(2022) User=0.00s Sys=0.00s Real=0.00s
[15.141s][info ][gc,start       ] GC(2023) Pause Young (Allocation Failure)
[15.142s][debug][gc,phases      ] GC(2023) Scavenge 0.361ms
[15.142s][debug][gc,phases      ] GC(2023) Reference Processing 0.017ms
[15.142s][debug][gc,phases      ] GC(2023) Weak Processing 0.009ms
[15.142s][debug][gc,phases      ] GC(2023) Scrub String Table 0.058ms
[15.142s][debug][gc,age         ] GC(2023) Desired survivor size 4194304 bytes, new threshold 1 (max threshold 15)
[15.142s][info ][gc,heap        ] GC(2023) PSYoungGen: 16123K->2177K(17408K)
[15.142s][info ][gc,heap        ] GC(2023) ParOldGen: 21088K->21503K(41472K)
[15.142s][info ][gc,metaspace   ] GC(2023) Metaspace: 15867K->15867K(1064960K)
[15.142s][info ][gc             ] GC(2023) Pause Young (Allocation Failure) 36M->23M(57M) 0.615ms
[15.142s][info ][gc,cpu         ] GC(2023) User=0.00s Sys=0.00s Real=0.00s
[15.143s][info ][gc,start       ] GC(2024) Pause Young (Allocation Failure)
[15.143s][debug][gc,phases      ] GC(2024) Scavenge 0.416ms
[15.143s][debug][gc,phases      ] GC(2024) Reference Processing 0.017ms
[15.144s][debug][gc,phases      ] GC(2024) Weak Processing 0.010ms
[15.144s][debug][gc,phases      ] GC(2024) Scrub String Table 0.059ms
[15.144s][debug][gc,age         ] GC(2024) Desired survivor size 4194304 bytes, new threshold 1 (max threshold 15)
[15.144s][info ][gc,heap        ] GC(2024) PSYoungGen: 15337K->3381K(17408K)
[15.144s][info ][gc,heap        ] GC(2024) ParOldGen: 21503K->21511K(41472K)
[15.144s][info ][gc,metaspace   ] GC(2024) Metaspace: 15867K->15867K(1064960K)
[15.144s][info ][gc             ] GC(2024) Pause Young (Allocation Failure) 35M->24M(57M) 0.674ms
[15.144s][info ][gc,cpu         ] GC(2024) User=0.00s Sys=0.00s Real=0.00s
[15.145s][info ][gc,start       ] GC(2025) Pause Young (Allocation Failure)
[15.145s][debug][gc,phases      ] GC(2025) Scavenge 0.373ms
[15.145s][debug][gc,phases      ] GC(2025) Reference Processing 0.017ms
[15.145s][debug][gc,phases      ] GC(2025) Weak Processing 0.009ms
[15.145s][debug][gc,phases      ] GC(2025) Scrub String Table 0.059ms
[15.145s][debug][gc,age         ] GC(2025) Desired survivor size 4194304 bytes, new threshold 1 (max threshold 15)
[15.145s][info ][gc,heap        ] GC(2025) PSYoungGen: 16538K->2599K(17408K)
[15.145s][info ][gc,heap        ] GC(2025) ParOldGen: 21511K->21519K(41472K)
[15.145s][info ][gc,metaspace   ] GC(2025) Metaspace: 15867K->15867K(1064960K)
[15.145s][info ][gc             ] GC(2025) Pause Young (Allocation Failure) 37M->23M(57M) 0.615ms
[15.145s][info ][gc,cpu         ] GC(2025) User=0.00s Sys=0.00s Real=0.00s
[15.146s][info ][gc,start       ] GC(2026) Pause Young (Allocation Failure)
[15.147s][debug][gc,phases      ] GC(2026) Scavenge 0.384ms
[15.147s][debug][gc,phases      ] GC(2026) Reference Processing 0.016ms
[15.147s][debug][gc,phases      ] GC(2026) Weak Processing 0.009ms
[15.147s][debug][gc,phases      ] GC(2026) Scrub String Table 0.058ms
[15.147s][debug][gc,age         ] GC(2026) Desired survivor size 4194304 bytes, new threshold 1 (max threshold 15)
[15.147s][info ][gc,heap        ] GC(2026) PSYoungGen: 15755K->2599K(17408K)
[15.147s][info ][gc,heap        ] GC(2026) ParOldGen: 21519K->21519K(41472K)
[15.147s][info ][gc,metaspace   ] GC(2026) Metaspace: 15867K->15867K(1064960K)
[15.147s][info ][gc             ] GC(2026) Pause Young (Allocation Failure) 36M->23M(57M) 0.645ms
[15.147s][info ][gc,cpu         ] GC(2026) User=0.00s Sys=0.00s Real=0.01s
[15.148s][info ][gc,start       ] GC(2027) Pause Young (Allocation Failure)
[15.149s][debug][gc,phases      ] GC(2027) Scavenge 0.736ms
[15.149s][debug][gc,phases      ] GC(2027) Reference Processing 0.015ms
[15.149s][debug][gc,phases      ] GC(2027) Weak Processing 0.010ms
[15.149s][debug][gc,phases      ] GC(2027) Scrub String Table 0.059ms
[15.149s][debug][gc,age         ] GC(2027) Desired survivor size 4194304 bytes, new threshold 1 (max threshold 15)
[15.149s][info ][gc,heap        ] GC(2027) PSYoungGen: 15754K->3349K(17408K)
[15.149s][info ][gc,heap        ] GC(2027) ParOldGen: 21519K->21519K(41472K)
[15.149s][info ][gc,metaspace   ] GC(2027) Metaspace: 15867K->15867K(1064960K)
[15.149s][info ][gc             ] GC(2027) Pause Young (Allocation Failure) 36M->24M(57M) 0.973ms
[15.149s][info ][gc,cpu         ] GC(2027) User=0.00s Sys=0.00s Real=0.00s
[15.150s][info ][gc,start       ] GC(2028) Pause Young (Allocation Failure)
[15.150s][debug][gc,phases      ] GC(2028) Scavenge 0.340ms
[15.150s][debug][gc,phases      ] GC(2028) Reference Processing 0.017ms
[15.151s][debug][gc,phases      ] GC(2028) Weak Processing 0.010ms
[15.151s][debug][gc,phases      ] GC(2028) Scrub String Table 0.059ms
[15.151s][debug][gc,age         ] GC(2028) Desired survivor size 4194304 bytes, new threshold 1 (max threshold 15)
[15.151s][info ][gc,heap        ] GC(2028) PSYoungGen: 16503K->2209K(17408K)
[15.151s][info ][gc,heap        ] GC(2028) ParOldGen: 21519K->21519K(41472K)
[15.151s][info ][gc,metaspace   ] GC(2028) Metaspace: 15867K->15867K(1064960K)
[15.151s][info ][gc             ] GC(2028) Pause Young (Allocation Failure) 37M->23M(57M) 0.609ms
[15.151s][info ][gc,cpu         ] GC(2028) User=0.00s Sys=0.00s Real=0.00s
[15.152s][info ][gc,start       ] GC(2029) Pause Young (Allocation Failure)
[15.152s][debug][gc,phases      ] GC(2029) Scavenge 0.328ms
[15.152s][debug][gc,phases      ] GC(2029) Reference Processing 0.018ms
[15.152s][debug][gc,phases      ] GC(2029) Weak Processing 0.009ms
[15.152s][debug][gc,phases      ] GC(2029) Scrub String Table 0.058ms
[15.152s][debug][gc,age         ] GC(2029) Desired survivor size 4194304 bytes, new threshold 1 (max threshold 15)
[15.152s][info ][gc,heap        ] GC(2029) PSYoungGen: 15362K->2209K(17408K)
[15.152s][info ][gc,heap        ] GC(2029) ParOldGen: 21519K->21519K(41472K)
[15.152s][info ][gc,metaspace   ] GC(2029) Metaspace: 15867K->15867K(1064960K)
[15.152s][info ][gc             ] GC(2029) Pause Young (Allocation Failure) 36M->23M(57M) 0.580ms
[15.152s][info ][gc,cpu         ] GC(2029) User=0.01s Sys=0.00s Real=0.00s
[15.153s][info ][gc,start       ] GC(2030) Pause Young (Allocation Failure)
[15.154s][debug][gc,phases      ] GC(2030) Scavenge 0.440ms
[15.154s][debug][gc,phases      ] GC(2030) Reference Processing 0.016ms
[15.154s][debug][gc,phases      ] GC(2030) Weak Processing 0.009ms
[15.154s][debug][gc,phases      ] GC(2030) Scrub String Table 0.058ms
[15.154s][debug][gc,age         ] GC(2030) Desired survivor size 4194304 bytes, new threshold 1 (max threshold 15)
[15.154s][info ][gc,heap        ] GC(2030) PSYoungGen: 15362K->2567K(17408K)
[15.154s][info ][gc,heap        ] GC(2030) ParOldGen: 21519K->21519K(41472K)
[15.154s][info ][gc,metaspace   ] GC(2030) Metaspace: 15867K->15867K(1064960K)
[15.154s][info ][gc             ] GC(2030) Pause Young (Allocation Failure) 36M->23M(57M) 0.679ms
[15.154s][info ][gc,cpu         ] GC(2030) User=0.00s Sys=0.00s Real=0.00s
[15.155s][info ][gc,start       ] GC(2031) Pause Young (Allocation Failure)
[15.155s][debug][gc,phases      ] GC(2031) Scavenge 0.361ms
[15.155s][debug][gc,phases      ] GC(2031) Reference Processing 0.016ms
[15.155s][debug][gc,phases      ] GC(2031) Weak Processing 0.009ms
[15.155s][debug][gc,phases      ] GC(2031) Scrub String Table 0.058ms
[15.155s][debug][gc,age         ] GC(2031) Desired survivor size 4194304 bytes, new threshold 1 (max threshold 15)
[15.155s][info ][gc,heap        ] GC(2031) PSYoungGen: 15720K->2990K(17408K)
[15.155s][info ][gc,heap        ] GC(2031) ParOldGen: 21519K->21519K(41472K)
[15.155s][info ][gc,metaspace   ] GC(2031) Metaspace: 15867K->15867K(1064960K)
[15.155s][info ][gc             ] GC(2031) Pause Young (Allocation Failure) 36M->23M(57M) 0.603ms
[15.155s][info ][gc,cpu         ] GC(2031) User=0.00s Sys=0.00s Real=0.00s
[15.157s][info ][gc,start       ] GC(2032) Pause Young (Allocation Failure)
[15.157s][debug][gc,phases      ] GC(2032) Scavenge 0.411ms
[15.157s][debug][gc,phases      ] GC(2032) Reference Processing 0.020ms
[15.157s][debug][gc,phases      ] GC(2032) Weak Processing 0.010ms
[15.157s][debug][gc,phases      ] GC(2032) Scrub String Table 0.059ms
[15.157s][debug][gc,age         ] GC(2032) Desired survivor size 4194304 bytes, new threshold 1 (max threshold 15)
[15.157s][info ][gc,heap        ] GC(2032) PSYoungGen: 16143K->2990K(17408K)
[15.157s][info ][gc,heap        ] GC(2032) ParOldGen: 21519K->21519K(41472K)
[15.157s][info ][gc,metaspace   ] GC(2032) Metaspace: 15867K->15867K(1064960K)
[15.157s][info ][gc             ] GC(2032) Pause Young (Allocation Failure) 36M->23M(57M) 0.686ms
[15.157s][info ][gc,cpu         ] GC(2032) User=0.00s Sys=0.00s Real=0.00s
[15.158s][info ][gc,start       ] GC(2033) Pause Young (Allocation Failure)
[15.159s][debug][gc,phases      ] GC(2033) Scavenge 0.412ms
[15.159s][debug][gc,phases      ] GC(2033) Reference Processing 0.019ms
[15.159s][debug][gc,phases      ] GC(2033) Weak Processing 0.009ms
[15.159s][debug][gc,phases      ] GC(2033) Scrub String Table 0.057ms
[15.159s][debug][gc,age         ] GC(2033) Desired survivor size 4194304 bytes, new threshold 1 (max threshold 15)
[15.159s][info ][gc,heap        ] GC(2033) PSYoungGen: 16143K->3381K(17408K)
[15.159s][info ][gc,heap        ] GC(2033) ParOldGen: 21519K->21519K(41472K)
[15.159s][info ][gc,metaspace   ] GC(2033) Metaspace: 15867K->15867K(1064960K)
[15.159s][info ][gc             ] GC(2033) Pause Young (Allocation Failure) 36M->24M(57M) 0.635ms
[15.159s][info ][gc,cpu         ] GC(2033) User=0.00s Sys=0.00s Real=0.00s
[15.160s][info ][gc,start       ] GC(2034) Pause Young (Allocation Failure)
[15.160s][debug][gc,phases      ] GC(2034) Scavenge 0.431ms
[15.160s][debug][gc,phases      ] GC(2034) Reference Processing 0.016ms
[15.160s][debug][gc,phases      ] GC(2034) Weak Processing 0.009ms
[15.160s][debug][gc,phases      ] GC(2034) Scrub String Table 0.058ms
[15.160s][debug][gc,age         ] GC(2034) Desired survivor size 4194304 bytes, new threshold 1 (max threshold 15)
[15.160s][info ][gc,heap        ] GC(2034) PSYoungGen: 16533K->2599K(17408K)
[15.160s][info ][gc,heap        ] GC(2034) ParOldGen: 21519K->21519K(41472K)
[15.160s][info ][gc,metaspace   ] GC(2034) Metaspace: 15867K->15867K(1064960K)
[15.160s][info ][gc             ] GC(2034) Pause Young (Allocation Failure) 37M->23M(57M) 0.667ms
[15.160s][info ][gc,cpu         ] GC(2034) User=0.00s Sys=0.00s Real=0.00s
[15.162s][info ][gc,start       ] GC(2035) Pause Young (Allocation Failure)
[15.162s][debug][gc,phases      ] GC(2035) Scavenge 0.392ms
[15.162s][debug][gc,phases      ] GC(2035) Reference Processing 0.016ms
[15.162s][debug][gc,phases      ] GC(2035) Weak Processing 0.009ms
[15.162s][debug][gc,phases      ] GC(2035) Scrub String Table 0.059ms
[15.162s][debug][gc,age         ] GC(2035) Desired survivor size 4194304 bytes, new threshold 1 (max threshold 15)
[15.162s][info ][gc,heap        ] GC(2035) PSYoungGen: 15752K->2567K(17408K)
[15.162s][info ][gc,heap        ] GC(2035) ParOldGen: 21519K->21551K(41472K)
[15.162s][info ][gc,metaspace   ] GC(2035) Metaspace: 15867K->15867K(1064960K)
[15.162s][info ][gc             ] GC(2035) Pause Young (Allocation Failure) 36M->23M(57M) 0.636ms
[15.162s][info ][gc,cpu         ] GC(2035) User=0.01s Sys=0.00s Real=0.00s
[15.163s][info ][gc,start       ] GC(2036) Pause Young (Allocation Failure)
[15.164s][debug][gc,phases      ] GC(2036) Scavenge 0.346ms
[15.164s][debug][gc,phases      ] GC(2036) Reference Processing 0.016ms
[15.164s][debug][gc,phases      ] GC(2036) Weak Processing 0.009ms
[15.164s][debug][gc,phases      ] GC(2036) Scrub String Table 0.058ms
[15.164s][debug][gc,age         ] GC(2036) Desired survivor size 4194304 bytes, new threshold 1 (max threshold 15)
[15.164s][info ][gc,heap        ] GC(2036) PSYoungGen: 15720K->2177K(17408K)
[15.164s][info ][gc,heap        ] GC(2036) ParOldGen: 21551K->21551K(41472K)
[15.164s][info ][gc,metaspace   ] GC(2036) Metaspace: 15867K->15867K(1064960K)
[15.164s][info ][gc             ] GC(2036) Pause Young (Allocation Failure) 36M->23M(57M) 0.588ms
[15.164s][info ][gc,cpu         ] GC(2036) User=0.00s Sys=0.00s Real=0.00s
[15.165s][info ][gc,start       ] GC(2037) Pause Young (Allocation Failure)
[15.165s][debug][gc,phases      ] GC(2037) Scavenge 0.335ms
[15.165s][debug][gc,phases      ] GC(2037) Reference Processing 0.017ms
[15.165s][debug][gc,phases      ] GC(2037) Weak Processing 0.009ms
[15.165s][debug][gc,phases      ] GC(2037) Scrub String Table 0.058ms
[15.165s][debug][gc,age         ] GC(2037) Desired survivor size 4194304 bytes, new threshold 1 (max threshold 15)
[15.165s][info ][gc,heap        ] GC(2037) PSYoungGen: 15329K->2599K(17408K)
[15.165s][info ][gc,heap        ] GC(2037) ParOldGen: 21551K->21559K(41472K)
[15.165s][info ][gc,metaspace   ] GC(2037) Metaspace: 15867K->15867K(1064960K)
[15.165s][info ][gc             ] GC(2037) Pause Young (Allocation Failure) 36M->23M(57M) 0.574ms
[15.165s][info ][gc,cpu         ] GC(2037) User=0.00s Sys=0.00s Real=0.00s
[15.166s][info ][gc,start       ] GC(2038) Pause Young (Allocation Failure)
[15.167s][debug][gc,phases      ] GC(2038) Scavenge 0.604ms
[15.167s][debug][gc,phases      ] GC(2038) Reference Processing 0.015ms
[15.167s][debug][gc,phases      ] GC(2038) Weak Processing 0.009ms
[15.167s][debug][gc,phases      ] GC(2038) Scrub String Table 0.059ms
[15.167s][debug][gc,age         ] GC(2038) Desired survivor size 3670016 bytes, new threshold 1 (max threshold 15)
[15.167s][info ][gc,heap        ] GC(2038) PSYoungGen: 15752K->2177K(15872K)
[15.167s][info ][gc,heap        ] GC(2038) ParOldGen: 21559K->21559K(41472K)
[15.167s][info ][gc,metaspace   ] GC(2038) Metaspace: 15867K->15867K(1064960K)
[15.167s][info ][gc             ] GC(2038) Pause Young (Allocation Failure) 36M->23M(56M) 0.918ms
[15.167s][info ][gc,cpu         ] GC(2038) User=0.00s Sys=0.00s Real=0.00s
[15.168s][info ][gc,start       ] GC(2039) Pause Young (Allocation Failure)
[15.169s][debug][gc,phases      ] GC(2039) Scavenge 0.393ms
[15.169s][debug][gc,phases      ] GC(2039) Reference Processing 0.015ms
[15.169s][debug][gc,phases      ] GC(2039) Weak Processing 0.009ms
[15.169s][debug][gc,phases      ] GC(2039) Scrub String Table 0.057ms
[15.169s][debug][gc,age         ] GC(2039) Desired survivor size 3670016 bytes, new threshold 1 (max threshold 15)
[15.169s][info ][gc,heap        ] GC(2039) PSYoungGen: 15329K->2599K(16896K)
[15.169s][info ][gc,heap        ] GC(2039) ParOldGen: 21559K->21559K(41472K)
[15.169s][info ][gc,metaspace   ] GC(2039) Metaspace: 15867K->15867K(1064960K)
[15.169s][info ][gc             ] GC(2039) Pause Young (Allocation Failure) 36M->23M(57M) 0.646ms
[15.169s][info ][gc,cpu         ] GC(2039) User=0.00s Sys=0.00s Real=0.00s
[15.170s][info ][gc,start       ] GC(2040) Pause Young (Allocation Failure)
[15.170s][debug][gc,phases      ] GC(2040) Scavenge 0.443ms
[15.170s][debug][gc,phases      ] GC(2040) Reference Processing 0.023ms
[15.170s][debug][gc,phases      ] GC(2040) Weak Processing 0.010ms
[15.170s][debug][gc,phases      ] GC(2040) Scrub String Table 0.070ms
[15.170s][debug][gc,age         ] GC(2040) Desired survivor size 3670016 bytes, new threshold 1 (max threshold 15)
[15.170s][info ][gc,heap        ] GC(2040) PSYoungGen: 15752K->2990K(16896K)
[15.171s][info ][gc,heap        ] GC(2040) ParOldGen: 21559K->21559K(41472K)
[15.171s][info ][gc,metaspace   ] GC(2040) Metaspace: 15867K->15867K(1064960K)
[15.171s][info ][gc             ] GC(2040) Pause Young (Allocation Failure) 36M->23M(57M) 0.720ms
[15.171s][info ][gc,cpu         ] GC(2040) User=0.01s Sys=0.00s Real=0.00s
[15.172s][info ][gc,start       ] GC(2041) Pause Young (Allocation Failure)
[15.172s][debug][gc,phases      ] GC(2041) Scavenge 0.698ms
[15.172s][debug][gc,phases      ] GC(2041) Reference Processing 0.015ms
[15.172s][debug][gc,phases      ] GC(2041) Weak Processing 0.009ms
[15.172s][debug][gc,phases      ] GC(2041) Scrub String Table 0.058ms
[15.172s][debug][gc,age         ] GC(2041) Desired survivor size 3670016 bytes, new threshold 1 (max threshold 15)
[15.172s][info ][gc,heap        ] GC(2041) PSYoungGen: 16143K->2990K(17920K)
[15.172s][info ][gc,heap        ] GC(2041) ParOldGen: 21559K->21559K(41472K)
[15.173s][info ][gc,metaspace   ] GC(2041) Metaspace: 15867K->15867K(1064960K)
[15.173s][info ][gc             ] GC(2041) Pause Young (Allocation Failure) 36M->23M(58M) 0.942ms
[15.173s][info ][gc,cpu         ] GC(2041) User=0.01s Sys=0.01s Real=0.00s
[15.174s][info ][gc,start       ] GC(2042) Pause Young (Allocation Failure)
[15.175s][debug][gc,phases      ] GC(2042) Scavenge 0.952ms
[15.175s][debug][gc,phases      ] GC(2042) Reference Processing 0.017ms
[15.175s][debug][gc,phases      ] GC(2042) Weak Processing 0.009ms
[15.175s][debug][gc,phases      ] GC(2042) Scrub String Table 0.058ms
[15.175s][debug][gc,age         ] GC(2042) Desired survivor size 3670016 bytes, new threshold 1 (max threshold 15)
[15.175s][info ][gc,heap        ] GC(2042) PSYoungGen: 16944K->2471K(17920K)
[15.175s][info ][gc,heap        ] GC(2042) ParOldGen: 21559K->21559K(41472K)
[15.175s][info ][gc,metaspace   ] GC(2042) Metaspace: 15867K->15867K(1064960K)
[15.175s][info ][gc             ] GC(2042) Pause Young (Allocation Failure) 37M->23M(58M) 1.194ms
[15.175s][info ][gc,cpu         ] GC(2042) User=0.01s Sys=0.00s Real=0.00s
[15.176s][info ][gc,start       ] GC(2043) Pause Young (Allocation Failure)
[15.176s][debug][gc,phases      ] GC(2043) Scavenge 0.244ms
[15.176s][debug][gc,phases      ] GC(2043) Reference Processing 0.015ms
[15.176s][debug][gc,phases      ] GC(2043) Weak Processing 0.009ms
[15.176s][debug][gc,phases      ] GC(2043) Scrub String Table 0.058ms
[15.176s][debug][gc,age         ] GC(2043) Desired survivor size 3670016 bytes, new threshold 1 (max threshold 15)
[15.176s][info ][gc,heap        ] GC(2043) PSYoungGen: 16425K->1818K(17920K)
[15.176s][info ][gc,heap        ] GC(2043) ParOldGen: 21559K->21559K(41472K)
[15.176s][info ][gc,metaspace   ] GC(2043) Metaspace: 15867K->15867K(1064960K)
[15.176s][info ][gc             ] GC(2043) Pause Young (Allocation Failure) 37M->22M(58M) 0.472ms
[15.176s][info ][gc,cpu         ] GC(2043) User=0.00s Sys=0.00s Real=0.00s
[15.177s][info ][gc,start       ] GC(2044) Pause Young (Allocation Failure)
[15.178s][debug][gc,phases      ] GC(2044) Scavenge 0.998ms
[15.178s][debug][gc,phases      ] GC(2044) Reference Processing 0.016ms
[15.179s][debug][gc,phases      ] GC(2044) Weak Processing 0.009ms
[15.179s][debug][gc,phases      ] GC(2044) Scrub String Table 0.057ms
[15.179s][debug][gc,age         ] GC(2044) Desired survivor size 4194304 bytes, new threshold 1 (max threshold 15)
[15.179s][info ][gc,heap        ] GC(2044) PSYoungGen: 15772K->3285K(17920K)
[15.179s][info ][gc,heap        ] GC(2044) ParOldGen: 21559K->22364K(41472K)
[15.179s][info ][gc,metaspace   ] GC(2044) Metaspace: 15867K->15867K(1064960K)
[15.179s][info ][gc             ] GC(2044) Pause Young (Allocation Failure) 36M->25M(58M) 1.233ms
[15.179s][info ][gc,cpu         ] GC(2044) User=0.01s Sys=0.00s Real=0.00s
[15.180s][info ][gc,start       ] GC(2045) Pause Young (Allocation Failure)
[15.181s][debug][gc,phases      ] GC(2045) Scavenge 0.888ms
[15.181s][debug][gc,phases      ] GC(2045) Reference Processing 0.016ms
[15.181s][debug][gc,phases      ] GC(2045) Weak Processing 0.009ms
[15.181s][debug][gc,phases      ] GC(2045) Scrub String Table 0.057ms
[15.181s][debug][gc,age         ] GC(2045) Desired survivor size 4194304 bytes, new threshold 1 (max threshold 15)
[15.181s][info ][gc,heap        ] GC(2045) PSYoungGen: 17239K->2862K(16896K)
[15.181s][info ][gc,heap        ] GC(2045) ParOldGen: 22364K->22364K(41472K)
[15.181s][info ][gc,metaspace   ] GC(2045) Metaspace: 15867K->15867K(1064960K)
[15.181s][info ][gc             ] GC(2045) Pause Young (Allocation Failure) 38M->24M(57M) 1.129ms
[15.181s][info ][gc,cpu         ] GC(2045) User=0.00s Sys=0.00s Real=0.00s
[15.182s][info ][gc,start       ] GC(2046) Pause Young (Allocation Failure)
[15.182s][debug][gc,phases      ] GC(2046) Scavenge 0.434ms
[15.182s][debug][gc,phases      ] GC(2046) Reference Processing 0.023ms
[15.182s][debug][gc,phases      ] GC(2046) Weak Processing 0.013ms
[15.183s][debug][gc,phases      ] GC(2046) Scrub String Table 0.086ms
[15.183s][debug][gc,age         ] GC(2046) Desired survivor size 4194304 bytes, new threshold 1 (max threshold 15)
[15.183s][info ][gc,heap        ] GC(2046) PSYoungGen: 16014K->2926K(17408K)
[15.183s][info ][gc,heap        ] GC(2046) ParOldGen: 22364K->22380K(41472K)
[15.183s][info ][gc,metaspace   ] GC(2046) Metaspace: 15867K->15867K(1064960K)
[15.183s][info ][gc             ] GC(2046) Pause Young (Allocation Failure) 37M->24M(57M) 0.774ms
[15.183s][info ][gc,cpu         ] GC(2046) User=0.00s Sys=0.00s Real=0.00s
[15.184s][info ][gc,start       ] GC(2047) Pause Young (Allocation Failure)
[15.185s][debug][gc,phases      ] GC(2047) Scavenge 0.876ms
[15.185s][debug][gc,phases      ] GC(2047) Reference Processing 0.016ms
[15.185s][debug][gc,phases      ] GC(2047) Weak Processing 0.009ms
[15.185s][debug][gc,phases      ] GC(2047) Scrub String Table 0.058ms
[15.185s][debug][gc,age         ] GC(2047) Desired survivor size 4194304 bytes, new threshold 1 (max threshold 15)
[15.185s][info ][gc,heap        ] GC(2047) PSYoungGen: 16079K->2894K(17408K)
[15.185s][info ][gc,heap        ] GC(2047) ParOldGen: 22380K->22380K(41472K)
[15.185s][info ][gc,metaspace   ] GC(2047) Metaspace: 15867K->15867K(1064960K)
[15.185s][info ][gc             ] GC(2047) Pause Young (Allocation Failure) 37M->24M(57M) 1.116ms
[15.185s][info ][gc,cpu         ] GC(2047) User=0.00s Sys=0.00s Real=0.00s
[15.186s][info ][gc,start       ] GC(2048) Pause Young (Allocation Failure)
[15.187s][debug][gc,phases      ] GC(2048) Scavenge 0.821ms
[15.187s][debug][gc,phases      ] GC(2048) Reference Processing 0.015ms
[15.187s][debug][gc,phases      ] GC(2048) Weak Processing 0.008ms
[15.187s][debug][gc,phases      ] GC(2048) Scrub String Table 0.057ms
[15.187s][debug][gc,age         ] GC(2048) Desired survivor size 4194304 bytes, new threshold 1 (max threshold 15)
[15.187s][info ][gc,heap        ] GC(2048) PSYoungGen: 16047K->2145K(17408K)
[15.187s][info ][gc,heap        ] GC(2048) ParOldGen: 22380K->22380K(41472K)
[15.187s][info ][gc,metaspace   ] GC(2048) Metaspace: 15867K->15867K(1064960K)
[15.187s][info ][gc             ] GC(2048) Pause Young (Allocation Failure) 37M->23M(57M) 1.058ms
[15.187s][info ][gc,cpu         ] GC(2048) User=0.00s Sys=0.00s Real=0.01s
[15.188s][info ][gc,start       ] GC(2049) Pause Young (Allocation Failure)
[15.188s][debug][gc,phases      ] GC(2049) Scavenge 0.346ms
[15.188s][debug][gc,phases      ] GC(2049) Reference Processing 0.016ms
[15.188s][debug][gc,phases      ] GC(2049) Weak Processing 0.009ms
[15.188s][debug][gc,phases      ] GC(2049) Scrub String Table 0.057ms
[15.188s][debug][gc,age         ] GC(2049) Desired survivor size 4194304 bytes, new threshold 1 (max threshold 15)
[15.189s][info ][gc,heap        ] GC(2049) PSYoungGen: 15297K->1754K(17408K)
[15.189s][info ][gc,heap        ] GC(2049) ParOldGen: 22380K->22380K(41472K)
[15.189s][info ][gc,metaspace   ] GC(2049) Metaspace: 15867K->15867K(1064960K)
[15.189s][info ][gc             ] GC(2049) Pause Young (Allocation Failure) 36M->23M(57M) 0.586ms
[15.189s][info ][gc,cpu         ] GC(2049) User=0.00s Sys=0.00s Real=0.00s
[15.190s][info ][gc,start       ] GC(2050) Pause Young (Allocation Failure)
[15.190s][debug][gc,phases      ] GC(2050) Scavenge 0.891ms
[15.191s][debug][gc,phases      ] GC(2050) Reference Processing 0.016ms
[15.191s][debug][gc,phases      ] GC(2050) Weak Processing 0.009ms
[15.191s][debug][gc,phases      ] GC(2050) Scrub String Table 0.058ms
[15.191s][debug][gc,age         ] GC(2050) Desired survivor size 4194304 bytes, new threshold 1 (max threshold 15)
[15.191s][info ][gc,heap        ] GC(2050) PSYoungGen: 14907K->2535K(17408K)
[15.191s][info ][gc,heap        ] GC(2050) ParOldGen: 22380K->22380K(41472K)
[15.191s][info ][gc,metaspace   ] GC(2050) Metaspace: 15867K->15867K(1064960K)
[15.191s][info ][gc             ] GC(2050) Pause Young (Allocation Failure) 36M->24M(57M) 1.139ms
[15.191s][info ][gc,cpu         ] GC(2050) User=0.00s Sys=0.00s Real=0.00s
[15.192s][info ][gc,start       ] GC(2051) Pause Young (Allocation Failure)
[15.192s][debug][gc,phases      ] GC(2051) Scavenge 0.355ms
[15.192s][debug][gc,phases      ] GC(2051) Reference Processing 0.015ms
[15.192s][debug][gc,phases      ] GC(2051) Weak Processing 0.009ms
[15.192s][debug][gc,phases      ] GC(2051) Scrub String Table 0.058ms
[15.192s][debug][gc,age         ] GC(2051) Desired survivor size 3670016 bytes, new threshold 1 (max threshold 15)
[15.192s][info ][gc,heap        ] GC(2051) PSYoungGen: 15688K->2209K(16384K)
[15.192s][info ][gc,heap        ] GC(2051) ParOldGen: 22380K->22380K(41472K)
[15.192s][info ][gc,metaspace   ] GC(2051) Metaspace: 15867K->15867K(1064960K)
[15.192s][info ][gc             ] GC(2051) Pause Young (Allocation Failure) 37M->24M(56M) 0.661ms
[15.192s][info ][gc,cpu         ] GC(2051) User=0.00s Sys=0.00s Real=0.00s
[15.193s][info ][gc,start       ] GC(2052) Pause Young (Allocation Failure)
[15.195s][debug][gc,phases      ] GC(2052) Scavenge 1.983ms
[15.195s][debug][gc,phases      ] GC(2052) Reference Processing 0.016ms
[15.195s][debug][gc,phases      ] GC(2052) Weak Processing 0.011ms
[15.196s][debug][gc,phases      ] GC(2052) Scrub String Table 0.060ms
[15.196s][debug][gc,age         ] GC(2052) Desired survivor size 4194304 bytes, new threshold 1 (max threshold 15)
[15.196s][info ][gc,heap        ] GC(2052) PSYoungGen: 15361K->2862K(16896K)
[15.196s][info ][gc,heap        ] GC(2052) ParOldGen: 22380K->22380K(41472K)
[15.196s][info ][gc,metaspace   ] GC(2052) Metaspace: 15867K->15867K(1064960K)
[15.196s][info ][gc             ] GC(2052) Pause Young (Allocation Failure) 36M->24M(57M) 2.250ms
[15.196s][info ][gc,cpu         ] GC(2052) User=0.01s Sys=0.00s Real=0.00s
[15.197s][info ][gc,start       ] GC(2053) Pause Young (Allocation Failure)
[15.197s][debug][gc,phases      ] GC(2053) Scavenge 0.859ms
[15.198s][debug][gc,phases      ] GC(2053) Reference Processing 0.017ms
[15.198s][debug][gc,phases      ] GC(2053) Weak Processing 0.009ms
[15.198s][debug][gc,phases      ] GC(2053) Scrub String Table 0.058ms
[15.198s][debug][gc,age         ] GC(2053) Desired survivor size 4194304 bytes, new threshold 1 (max threshold 15)
[15.198s][info ][gc,heap        ] GC(2053) PSYoungGen: 16015K->1299K(17408K)
[15.198s][info ][gc,heap        ] GC(2053) ParOldGen: 22380K->22786K(41472K)
[15.198s][info ][gc,metaspace   ] GC(2053) Metaspace: 15867K->15867K(1064960K)
[15.198s][info ][gc             ] GC(2053) Pause Young (Allocation Failure) 37M->23M(57M) 1.101ms
[15.198s][info ][gc,cpu         ] GC(2053) User=0.00s Sys=0.00s Real=0.00s
[15.199s][info ][gc,start       ] GC(2054) Pause Young (Allocation Failure)
[15.200s][debug][gc,phases      ] GC(2054) Scavenge 1.370ms
[15.200s][debug][gc,phases      ] GC(2054) Reference Processing 0.018ms
[15.200s][debug][gc,phases      ] GC(2054) Weak Processing 0.010ms
[15.200s][debug][gc,phases      ] GC(2054) Scrub String Table 0.060ms
[15.200s][debug][gc,age         ] GC(2054) Desired survivor size 4194304 bytes, new threshold 1 (max threshold 15)
[15.200s][info ][gc,heap        ] GC(2054) PSYoungGen: 14452K->2081K(17408K)
[15.200s][info ][gc,heap        ] GC(2054) ParOldGen: 22786K->22786K(41472K)
[15.200s][info ][gc,metaspace   ] GC(2054) Metaspace: 15867K->15867K(1064960K)
[15.200s][info ][gc             ] GC(2054) Pause Young (Allocation Failure) 36M->24M(57M) 1.641ms
[15.200s][info ][gc,cpu         ] GC(2054) User=0.00s Sys=0.00s Real=0.00s
[15.201s][info ][gc,start       ] GC(2055) Pause Young (Allocation Failure)
[15.202s][debug][gc,phases      ] GC(2055) Scavenge 0.950ms
[15.202s][debug][gc,phases      ] GC(2055) Reference Processing 0.016ms
[15.202s][debug][gc,phases      ] GC(2055) Weak Processing 0.009ms
[15.202s][debug][gc,phases      ] GC(2055) Scrub String Table 0.058ms
[15.202s][debug][gc,age         ] GC(2055) Desired survivor size 4194304 bytes, new threshold 1 (max threshold 15)
[15.202s][info ][gc,heap        ] GC(2055) PSYoungGen: 15233K->2862K(17408K)
[15.202s][info ][gc,heap        ] GC(2055) ParOldGen: 22786K->22794K(41472K)
[15.203s][info ][gc,metaspace   ] GC(2055) Metaspace: 15867K->15867K(1064960K)
[15.203s][info ][gc             ] GC(2055) Pause Young (Allocation Failure) 37M->25M(57M) 1.198ms
[15.203s][info ][gc,cpu         ] GC(2055) User=0.00s Sys=0.00s Real=0.00s
[15.203s][info ][gc,start       ] GC(2056) Pause Young (Allocation Failure)
[15.204s][debug][gc,phases      ] GC(2056) Scavenge 0.938ms
[15.204s][debug][gc,phases      ] GC(2056) Reference Processing 0.016ms
[15.205s][debug][gc,phases      ] GC(2056) Weak Processing 0.009ms
[15.205s][debug][gc,phases      ] GC(2056) Scrub String Table 0.058ms
[15.205s][debug][gc,age         ] GC(2056) Desired survivor size 4194304 bytes, new threshold 1 (max threshold 15)
[15.205s][info ][gc,heap        ] GC(2056) PSYoungGen: 16015K->3253K(17408K)
[15.205s][info ][gc,heap        ] GC(2056) ParOldGen: 22794K->22794K(41472K)
[15.205s][info ][gc,metaspace   ] GC(2056) Metaspace: 15867K->15867K(1064960K)
[15.205s][info ][gc             ] GC(2056) Pause Young (Allocation Failure) 37M->25M(57M) 1.182ms
[15.205s][info ][gc,cpu         ] GC(2056) User=0.00s Sys=0.00s Real=0.00s
[15.206s][info ][gc,start       ] GC(2057) Pause Young (Allocation Failure)
[15.207s][debug][gc,phases      ] GC(2057) Scavenge 1.429ms
[15.207s][debug][gc,phases      ] GC(2057) Reference Processing 0.016ms
[15.207s][debug][gc,phases      ] GC(2057) Weak Processing 0.009ms
[15.207s][debug][gc,phases      ] GC(2057) Scrub String Table 0.059ms
[15.207s][debug][gc,age         ] GC(2057) Desired survivor size 4194304 bytes, new threshold 1 (max threshold 15)
[15.207s][info ][gc,heap        ] GC(2057) PSYoungGen: 16405K->2471K(17408K)
[15.207s][info ][gc,heap        ] GC(2057) ParOldGen: 22794K->22794K(41472K)
[15.207s][info ][gc,metaspace   ] GC(2057) Metaspace: 15867K->15867K(1064960K)
[15.207s][info ][gc             ] GC(2057) Pause Young (Allocation Failure) 38M->24M(57M) 1.674ms
[15.207s][info ][gc,cpu         ] GC(2057) User=0.01s Sys=0.00s Real=0.01s
[15.208s][info ][gc,start       ] GC(2058) Pause Young (Allocation Failure)
[15.209s][debug][gc,phases      ] GC(2058) Scavenge 0.958ms
[15.210s][debug][gc,phases      ] GC(2058) Reference Processing 0.017ms
[15.210s][debug][gc,phases      ] GC(2058) Weak Processing 0.010ms
[15.210s][debug][gc,phases      ] GC(2058) Scrub String Table 0.061ms
[15.210s][debug][gc,age         ] GC(2058) Desired survivor size 4194304 bytes, new threshold 1 (max threshold 15)
[15.210s][info ][gc,heap        ] GC(2058) PSYoungGen: 15594K->2830K(17408K)
[15.210s][info ][gc,heap        ] GC(2058) ParOldGen: 22794K->23209K(41472K)
[15.210s][info ][gc,metaspace   ] GC(2058) Metaspace: 15867K->15867K(1064960K)
[15.210s][info ][gc             ] GC(2058) Pause Young (Allocation Failure) 37M->25M(57M) 1.215ms
[15.210s][info ][gc,cpu         ] GC(2058) User=0.01s Sys=0.00s Real=0.00s
[15.211s][info ][gc,start       ] GC(2059) Pause Young (Allocation Failure)
[15.212s][debug][gc,phases      ] GC(2059) Scavenge 0.886ms
[15.212s][debug][gc,phases      ] GC(2059) Reference Processing 0.016ms
[15.212s][debug][gc,phases      ] GC(2059) Weak Processing 0.009ms
[15.212s][debug][gc,phases      ] GC(2059) Scrub String Table 0.057ms
[15.212s][debug][gc,age         ] GC(2059) Desired survivor size 4194304 bytes, new threshold 1 (max threshold 15)
[15.212s][info ][gc,heap        ] GC(2059) PSYoungGen: 15993K->2471K(17408K)
[15.212s][info ][gc,heap        ] GC(2059) ParOldGen: 23209K->23209K(41472K)
[15.212s][info ][gc,metaspace   ] GC(2059) Metaspace: 15867K->15867K(1064960K)
[15.212s][info ][gc             ] GC(2059) Pause Young (Allocation Failure) 38M->25M(57M) 1.142ms
[15.212s][info ][gc,cpu         ] GC(2059) User=0.01s Sys=0.01s Real=0.00s
[15.213s][info ][gc,start       ] GC(2060) Pause Young (Allocation Failure)
[15.214s][debug][gc,phases      ] GC(2060) Scavenge 0.863ms
[15.214s][debug][gc,phases      ] GC(2060) Reference Processing 0.016ms
[15.214s][debug][gc,phases      ] GC(2060) Weak Processing 0.009ms
[15.214s][debug][gc,phases      ] GC(2060) Scrub String Table 0.058ms
[15.214s][debug][gc,age         ] GC(2060) Desired survivor size 4194304 bytes, new threshold 1 (max threshold 15)
[15.214s][info ][gc,heap        ] GC(2060) PSYoungGen: 15631K->2958K(17408K)
[15.214s][info ][gc,heap        ] GC(2060) ParOldGen: 23209K->23217K(41472K)
[15.214s][info ][gc,metaspace   ] GC(2060) Metaspace: 15867K->15867K(1064960K)
[15.214s][info ][gc             ] GC(2060) Pause Young (Allocation Failure) 37M->25M(57M) 1.102ms
[15.214s][info ][gc,cpu         ] GC(2060) User=0.01s Sys=0.00s Real=0.00s
[15.215s][info ][gc,start       ] GC(2061) Pause Young (Allocation Failure)
[15.216s][debug][gc,phases      ] GC(2061) Scavenge 1.022ms
[15.216s][debug][gc,phases      ] GC(2061) Reference Processing 0.034ms
[15.216s][debug][gc,phases      ] GC(2061) Weak Processing 0.015ms
[15.216s][debug][gc,phases      ] GC(2061) Scrub String Table 0.085ms
[15.216s][debug][gc,age         ] GC(2061) Desired survivor size 4194304 bytes, new threshold 1 (max threshold 15)
[15.216s][info ][gc,heap        ] GC(2061) PSYoungGen: 16115K->3253K(17408K)
[15.216s][info ][gc,heap        ] GC(2061) ParOldGen: 23217K->23217K(41472K)
[15.216s][info ][gc,metaspace   ] GC(2061) Metaspace: 15867K->15867K(1064960K)
[15.216s][info ][gc             ] GC(2061) Pause Young (Allocation Failure) 38M->25M(57M) 1.389ms
[15.216s][info ][gc,cpu         ] GC(2061) User=0.01s Sys=0.00s Real=0.00s
[15.217s][info ][gc,start       ] GC(2062) Pause Young (Allocation Failure)
[15.218s][debug][gc,phases      ] GC(2062) Scavenge 0.928ms
[15.218s][debug][gc,phases      ] GC(2062) Reference Processing 0.016ms
[15.218s][debug][gc,phases      ] GC(2062) Weak Processing 0.008ms
[15.219s][debug][gc,phases      ] GC(2062) Scrub String Table 0.059ms
[15.219s][debug][gc,age         ] GC(2062) Desired survivor size 4194304 bytes, new threshold 1 (max threshold 15)
[15.219s][info ][gc,heap        ] GC(2062) PSYoungGen: 16373K->2049K(17408K)
[15.219s][info ][gc,heap        ] GC(2062) ParOldGen: 23217K->23624K(41472K)
[15.219s][info ][gc,metaspace   ] GC(2062) Metaspace: 15867K->15867K(1064960K)
[15.219s][info ][gc             ] GC(2062) Pause Young (Allocation Failure) 38M->25M(57M) 1.171ms
[15.219s][info ][gc,cpu         ] GC(2062) User=0.01s Sys=0.00s Real=0.00s
[15.220s][info ][gc,start       ] GC(2063) Pause Young (Allocation Failure)
[15.220s][debug][gc,phases      ] GC(2063) Scavenge 0.583ms
[15.220s][debug][gc,phases      ] GC(2063) Reference Processing 0.016ms
[15.220s][debug][gc,phases      ] GC(2063) Weak Processing 0.010ms
[15.220s][debug][gc,phases      ] GC(2063) Scrub String Table 0.063ms
[15.220s][debug][gc,age         ] GC(2063) Desired survivor size 4194304 bytes, new threshold 1 (max threshold 15)
[15.220s][info ][gc,heap        ] GC(2063) PSYoungGen: 15147K->1331K(17408K)
[15.220s][info ][gc,heap        ] GC(2063) ParOldGen: 23624K->24038K(41472K)
[15.220s][info ][gc,metaspace   ] GC(2063) Metaspace: 15867K->15867K(1064960K)
[15.220s][info ][gc             ] GC(2063) Pause Young (Allocation Failure) 37M->24M(57M) 0.838ms
[15.220s][info ][gc,cpu         ] GC(2063) User=0.00s Sys=0.00s Real=0.00s
[15.221s][info ][gc,start       ] GC(2064) Pause Young (Allocation Failure)
[15.222s][debug][gc,phases      ] GC(2064) Scavenge 0.837ms
[15.222s][debug][gc,phases      ] GC(2064) Reference Processing 0.015ms
[15.222s][debug][gc,phases      ] GC(2064) Weak Processing 0.009ms
[15.222s][debug][gc,phases      ] GC(2064) Scrub String Table 0.058ms
[15.222s][debug][gc,age         ] GC(2064) Desired survivor size 4194304 bytes, new threshold 1 (max threshold 15)
[15.222s][info ][gc,heap        ] GC(2064) PSYoungGen: 14483K->2145K(17408K)
[15.222s][info ][gc,heap        ] GC(2064) ParOldGen: 24038K->24054K(41472K)
[15.222s][info ][gc,metaspace   ] GC(2064) Metaspace: 15867K->15867K(1064960K)
[15.222s][info ][gc             ] GC(2064) Pause Young (Allocation Failure) 37M->25M(57M) 1.076ms
[15.223s][info ][gc,cpu         ] GC(2064) User=0.00s Sys=0.00s Real=0.00s
[15.223s][info ][gc,start       ] GC(2065) Pause Young (Allocation Failure)
[15.224s][debug][gc,phases      ] GC(2065) Scavenge 0.848ms
[15.224s][debug][gc,phases      ] GC(2065) Reference Processing 0.015ms
[15.224s][debug][gc,phases      ] GC(2065) Weak Processing 0.009ms
[15.225s][debug][gc,phases      ] GC(2065) Scrub String Table 0.057ms
[15.225s][debug][gc,age         ] GC(2065) Desired survivor size 4194304 bytes, new threshold 1 (max threshold 15)
[15.225s][info ][gc,heap        ] GC(2065) PSYoungGen: 15293K->1786K(17408K)
[15.225s][info ][gc,heap        ] GC(2065) ParOldGen: 24054K->24469K(41472K)
[15.225s][info ][gc,metaspace   ] GC(2065) Metaspace: 15867K->15867K(1064960K)
[15.225s][info ][gc             ] GC(2065) Pause Young (Allocation Failure) 38M->25M(57M) 1.106ms
[15.225s][info ][gc,cpu         ] GC(2065) User=0.00s Sys=0.00s Real=0.00s
[15.225s][info ][gc,start       ] GC(2066) Pause Young (Allocation Failure)
[15.227s][debug][gc,phases      ] GC(2066) Scavenge 1.486ms
[15.227s][debug][gc,phases      ] GC(2066) Reference Processing 0.016ms
[15.227s][debug][gc,phases      ] GC(2066) Weak Processing 0.009ms
[15.227s][debug][gc,phases      ] GC(2066) Scrub String Table 0.058ms
[15.227s][debug][gc,age         ] GC(2066) Desired survivor size 4194304 bytes, new threshold 1 (max threshold 15)
[15.227s][info ][gc,heap        ] GC(2066) PSYoungGen: 14936K->1267K(17408K)
[15.227s][info ][gc,heap        ] GC(2066) ParOldGen: 24469K->24485K(41472K)
[15.227s][info ][gc,metaspace   ] GC(2066) Metaspace: 15867K->15867K(1064960K)
[15.227s][info ][gc             ] GC(2066) Pause Young (Allocation Failure) 38M->25M(57M) 1.730ms
[15.227s][info ][gc,cpu         ] GC(2066) User=0.00s Sys=0.00s Real=0.01s
[15.228s][info ][gc,start       ] GC(2067) Pause Young (Allocation Failure)
[15.229s][debug][gc,phases      ] GC(2067) Scavenge 0.916ms
[15.229s][debug][gc,phases      ] GC(2067) Reference Processing 0.016ms
[15.229s][debug][gc,phases      ] GC(2067) Weak Processing 0.008ms
[15.229s][debug][gc,phases      ] GC(2067) Scrub String Table 0.058ms
[15.229s][debug][gc,age         ] GC(2067) Desired survivor size 4194304 bytes, new threshold 1 (max threshold 15)
[15.229s][info ][gc,heap        ] GC(2067) PSYoungGen: 14456K->3285K(17408K)
[15.229s][info ][gc,heap        ] GC(2067) ParOldGen: 24485K->24493K(41472K)
[15.229s][info ][gc,metaspace   ] GC(2067) Metaspace: 15867K->15867K(1064960K)
[15.229s][info ][gc             ] GC(2067) Pause Young (Allocation Failure) 38M->27M(57M) 1.152ms
[15.229s][info ][gc,cpu         ] GC(2067) User=0.00s Sys=0.00s Real=0.00s
[15.230s][info ][gc,start       ] GC(2068) Pause Young (Allocation Failure)
[15.232s][debug][gc,phases      ] GC(2068) Scavenge 1.019ms
[15.232s][debug][gc,phases      ] GC(2068) Reference Processing 0.018ms
[15.232s][debug][gc,phases      ] GC(2068) Weak Processing 0.009ms
[15.232s][debug][gc,phases      ] GC(2068) Scrub String Table 0.057ms
[15.232s][debug][gc,age         ] GC(2068) Desired survivor size 4194304 bytes, new threshold 1 (max threshold 15)
[15.232s][info ][gc,heap        ] GC(2068) PSYoungGen: 16461K->1658K(17408K)
[15.232s][info ][gc,heap        ] GC(2068) ParOldGen: 24493K->24501K(41472K)
[15.232s][info ][gc,metaspace   ] GC(2068) Metaspace: 15867K->15867K(1064960K)
[15.232s][info ][gc             ] GC(2068) Pause Young (Allocation Failure) 39M->25M(57M) 1.279ms
[15.232s][info ][gc,cpu         ] GC(2068) User=0.00s Sys=0.00s Real=0.00s
[15.233s][info ][gc,start       ] GC(2069) Pause Young (Allocation Failure)
[15.234s][debug][gc,phases      ] GC(2069) Scavenge 0.994ms
[15.234s][debug][gc,phases      ] GC(2069) Reference Processing 0.016ms
[15.234s][debug][gc,phases      ] GC(2069) Weak Processing 0.009ms
[15.234s][debug][gc,phases      ] GC(2069) Scrub String Table 0.058ms
[15.234s][debug][gc,age         ] GC(2069) Desired survivor size 4194304 bytes, new threshold 1 (max threshold 15)
[15.234s][info ][gc,heap        ] GC(2069) PSYoungGen: 14826K->2535K(17408K)
[15.234s][info ][gc,heap        ] GC(2069) ParOldGen: 24501K->24501K(41472K)
[15.234s][info ][gc,metaspace   ] GC(2069) Metaspace: 15867K->15867K(1064960K)
[15.234s][info ][gc             ] GC(2069) Pause Young (Allocation Failure) 38M->26M(57M) 1.241ms
[15.234s][info ][gc,cpu         ] GC(2069) User=0.01s Sys=0.00s Real=0.00s
[15.235s][info ][gc,start       ] GC(2070) Pause Young (Allocation Failure)
[15.236s][debug][gc,phases      ] GC(2070) Scavenge 1.430ms
[15.236s][debug][gc,phases      ] GC(2070) Reference Processing 0.016ms
[15.236s][debug][gc,phases      ] GC(2070) Weak Processing 0.010ms
[15.237s][debug][gc,phases      ] GC(2070) Scrub String Table 0.082ms
[15.237s][debug][gc,age         ] GC(2070) Desired survivor size 4194304 bytes, new threshold 1 (max threshold 15)
[15.237s][info ][gc,heap        ] GC(2070) PSYoungGen: 15698K->2503K(17408K)
[15.237s][info ][gc,heap        ] GC(2070) ParOldGen: 24501K->24501K(41472K)
[15.237s][info ][gc,metaspace   ] GC(2070) Metaspace: 15867K->15867K(1064960K)
[15.237s][info ][gc             ] GC(2070) Pause Young (Allocation Failure) 39M->26M(57M) 1.739ms
[15.237s][info ][gc,cpu         ] GC(2070) User=0.01s Sys=0.00s Real=0.01s
[15.238s][info ][gc,start       ] GC(2071) Pause Young (Allocation Failure)
[15.238s][debug][gc,phases      ] GC(2071) Scavenge 0.361ms
[15.238s][debug][gc,phases      ] GC(2071) Reference Processing 0.017ms
[15.238s][debug][gc,phases      ] GC(2071) Weak Processing 0.009ms
[15.238s][debug][gc,phases      ] GC(2071) Scrub String Table 0.059ms
[15.238s][debug][gc,age         ] GC(2071) Desired survivor size 4194304 bytes, new threshold 1 (max threshold 15)
[15.238s][info ][gc,heap        ] GC(2071) PSYoungGen: 15662K->2177K(17408K)
[15.238s][info ][gc,heap        ] GC(2071) ParOldGen: 24501K->24501K(41472K)
[15.238s][info ][gc,metaspace   ] GC(2071) Metaspace: 15867K->15867K(1064960K)
[15.238s][info ][gc             ] GC(2071) Pause Young (Allocation Failure) 39M->26M(57M) 0.605ms
[15.238s][info ][gc,cpu         ] GC(2071) User=0.00s Sys=0.00s Real=0.00s
[15.239s][info ][gc,start       ] GC(2072) Pause Young (Allocation Failure)
[15.240s][debug][gc,phases      ] GC(2072) Scavenge 0.884ms
[15.240s][debug][gc,phases      ] GC(2072) Reference Processing 0.015ms
[15.240s][debug][gc,phases      ] GC(2072) Weak Processing 0.009ms
[15.240s][debug][gc,phases      ] GC(2072) Scrub String Table 0.057ms
[15.240s][debug][gc,age         ] GC(2072) Desired survivor size 4194304 bytes, new threshold 1 (max threshold 15)
[15.240s][info ][gc,heap        ] GC(2072) PSYoungGen: 15333K->2471K(17408K)
[15.240s][info ][gc,heap        ] GC(2072) ParOldGen: 24501K->24501K(41472K)
[15.240s][info ][gc,metaspace   ] GC(2072) Metaspace: 15867K->15867K(1064960K)
[15.240s][info ][gc             ] GC(2072) Pause Young (Allocation Failure) 38M->26M(57M) 1.120ms
[15.240s][info ][gc,cpu         ] GC(2072) User=0.01s Sys=0.00s Real=0.00s
[15.241s][info ][gc,start       ] GC(2073) Pause Young (Allocation Failure)
[15.242s][debug][gc,phases      ] GC(2073) Scavenge 1.009ms
[15.242s][debug][gc,phases      ] GC(2073) Reference Processing 0.018ms
[15.242s][debug][gc,phases      ] GC(2073) Weak Processing 0.009ms
[15.242s][debug][gc,phases      ] GC(2073) Scrub String Table 0.059ms
[15.243s][debug][gc,age         ] GC(2073) Desired survivor size 4194304 bytes, new threshold 1 (max threshold 15)
[15.243s][info ][gc,heap        ] GC(2073) PSYoungGen: 15626K->3317K(17408K)
[15.243s][info ][gc,heap        ] GC(2073) ParOldGen: 24501K->24501K(41472K)
[15.243s][info ][gc,metaspace   ] GC(2073) Metaspace: 15867K->15867K(1064960K)
[15.243s][info ][gc             ] GC(2073) Pause Young (Allocation Failure) 39M->27M(57M) 1.267ms
[15.243s][info ][gc,cpu         ] GC(2073) User=0.01s Sys=0.00s Real=0.00s
[15.244s][info ][gc,start       ] GC(2074) Pause Young (Allocation Failure)
[15.245s][debug][gc,phases      ] GC(2074) Scavenge 0.952ms
[15.245s][debug][gc,phases      ] GC(2074) Reference Processing 0.015ms
[15.245s][debug][gc,phases      ] GC(2074) Weak Processing 0.009ms
[15.245s][debug][gc,phases      ] GC(2074) Scrub String Table 0.057ms
[15.245s][debug][gc,age         ] GC(2074) Desired survivor size 4194304 bytes, new threshold 1 (max threshold 15)
[15.245s][info ][gc,heap        ] GC(2074) PSYoungGen: 16471K->3253K(17408K)
[15.245s][info ][gc,heap        ] GC(2074) ParOldGen: 24501K->24501K(41472K)
[15.245s][info ][gc,metaspace   ] GC(2074) Metaspace: 15867K->15867K(1064960K)
[15.245s][info ][gc             ] GC(2074) Pause Young (Allocation Failure) 40M->27M(57M) 1.198ms
[15.245s][info ][gc,cpu         ] GC(2074) User=0.01s Sys=0.00s Real=0.00s
[15.246s][info ][gc,start       ] GC(2075) Pause Young (Allocation Failure)
[15.246s][debug][gc,phases      ] GC(2075) Scavenge 0.345ms
[15.246s][debug][gc,phases      ] GC(2075) Reference Processing 0.017ms
[15.246s][debug][gc,phases      ] GC(2075) Weak Processing 0.009ms
[15.246s][debug][gc,phases      ] GC(2075) Scrub String Table 0.058ms
[15.246s][debug][gc,age         ] GC(2075) Desired survivor size 4194304 bytes, new threshold 1 (max threshold 15)
[15.246s][info ][gc,heap        ] GC(2075) PSYoungGen: 16406K->2990K(17408K)
[15.246s][info ][gc,heap        ] GC(2075) ParOldGen: 24501K->24501K(41472K)
[15.246s][info ][gc,metaspace   ] GC(2075) Metaspace: 15867K->15867K(1064960K)
[15.246s][info ][gc             ] GC(2075) Pause Young (Allocation Failure) 39M->26M(57M) 0.602ms
[15.246s][info ][gc,cpu         ] GC(2075) User=0.01s Sys=0.00s Real=0.01s
[15.247s][info ][gc,start       ] GC(2076) Pause Young (Allocation Failure)
[15.248s][debug][gc,phases      ] GC(2076) Scavenge 0.900ms
[15.248s][debug][gc,phases      ] GC(2076) Reference Processing 0.016ms
[15.248s][debug][gc,phases      ] GC(2076) Weak Processing 0.009ms
[15.248s][debug][gc,phases      ] GC(2076) Scrub String Table 0.057ms
[15.248s][debug][gc,age         ] GC(2076) Desired survivor size 4194304 bytes, new threshold 1 (max threshold 15)
[15.248s][info ][gc,heap        ] GC(2076) PSYoungGen: 16143K->2862K(17408K)
[15.248s][info ][gc,heap        ] GC(2076) ParOldGen: 24501K->24501K(41472K)
[15.248s][info ][gc,metaspace   ] GC(2076) Metaspace: 15867K->15867K(1064960K)
[15.248s][info ][gc             ] GC(2076) Pause Young (Allocation Failure) 39M->26M(57M) 1.140ms
[15.249s][info ][gc,cpu         ] GC(2076) User=0.01s Sys=0.00s Real=0.00s
[15.250s][info ][gc,start       ] GC(2077) Pause Young (Allocation Failure)
[15.251s][debug][gc,phases      ] GC(2077) Scavenge 1.045ms
[15.251s][debug][gc,phases      ] GC(2077) Reference Processing 0.018ms
[15.251s][debug][gc,phases      ] GC(2077) Weak Processing 0.009ms
[15.251s][debug][gc,phases      ] GC(2077) Scrub String Table 0.058ms
[15.251s][debug][gc,age         ] GC(2077) Desired survivor size 4194304 bytes, new threshold 1 (max threshold 15)
[15.251s][info ][gc,heap        ] GC(2077) PSYoungGen: 16015K->2958K(17408K)
[15.251s][info ][gc,heap        ] GC(2077) ParOldGen: 24501K->24501K(41472K)
[15.251s][info ][gc,metaspace   ] GC(2077) Metaspace: 15867K->15867K(1064960K)
[15.251s][info ][gc             ] GC(2077) Pause Young (Allocation Failure) 39M->26M(57M) 1.315ms
[15.251s][info ][gc,cpu         ] GC(2077) User=0.01s Sys=0.01s Real=0.00s
[15.252s][info ][gc,start       ] GC(2078) Pause Young (Allocation Failure)
[15.253s][debug][gc,phases      ] GC(2078) Scavenge 0.854ms
[15.253s][debug][gc,phases      ] GC(2078) Reference Processing 0.016ms
[15.253s][debug][gc,phases      ] GC(2078) Weak Processing 0.009ms
[15.253s][debug][gc,phases      ] GC(2078) Scrub String Table 0.057ms
[15.253s][debug][gc,age         ] GC(2078) Desired survivor size 4194304 bytes, new threshold 1 (max threshold 15)
[15.253s][info ][gc,heap        ] GC(2078) PSYoungGen: 16111K->2113K(17408K)
[15.253s][info ][gc,heap        ] GC(2078) ParOldGen: 24501K->24501K(41472K)
[15.253s][info ][gc,metaspace   ] GC(2078) Metaspace: 15867K->15867K(1064960K)
[15.253s][info ][gc             ] GC(2078) Pause Young (Allocation Failure) 39M->25M(57M) 1.124ms
[15.253s][info ][gc,cpu         ] GC(2078) User=0.01s Sys=0.00s Real=0.00s
[15.254s][info ][gc,start       ] GC(2079) Pause Young (Allocation Failure)
[15.255s][debug][gc,phases      ] GC(2079) Scavenge 0.795ms
[15.255s][debug][gc,phases      ] GC(2079) Reference Processing 0.016ms
[15.255s][debug][gc,phases      ] GC(2079) Weak Processing 0.009ms
[15.255s][debug][gc,phases      ] GC(2079) Scrub String Table 0.058ms
[15.255s][debug][gc,age         ] GC(2079) Desired survivor size 4194304 bytes, new threshold 1 (max threshold 15)
[15.255s][info ][gc,heap        ] GC(2079) PSYoungGen: 15265K->1299K(17408K)
[15.255s][info ][gc,heap        ] GC(2079) ParOldGen: 24501K->24501K(41472K)
[15.255s][info ][gc,metaspace   ] GC(2079) Metaspace: 15867K->15867K(1064960K)
[15.255s][info ][gc             ] GC(2079) Pause Young (Allocation Failure) 38M->25M(57M) 1.037ms
[15.255s][info ][gc,cpu         ] GC(2079) User=0.01s Sys=0.00s Real=0.00s
[15.256s][info ][gc,start       ] GC(2080) Pause Young (Allocation Failure)
[15.256s][debug][gc,phases      ] GC(2080) Scavenge 0.393ms
[15.256s][debug][gc,phases      ] GC(2080) Reference Processing 0.016ms
[15.256s][debug][gc,phases      ] GC(2080) Weak Processing 0.011ms
[15.256s][debug][gc,phases      ] GC(2080) Scrub String Table 0.068ms
[15.256s][debug][gc,age         ] GC(2080) Desired survivor size 4194304 bytes, new threshold 1 (max threshold 15)
[15.256s][info ][gc,heap        ] GC(2080) PSYoungGen: 14452K->2599K(17408K)
[15.256s][info ][gc,heap        ] GC(2080) ParOldGen: 24501K->24501K(41472K)
[15.256s][info ][gc,metaspace   ] GC(2080) Metaspace: 15867K->15867K(1064960K)
[15.257s][info ][gc             ] GC(2080) Pause Young (Allocation Failure) 38M->26M(57M) 0.652ms
[15.257s][info ][gc,cpu         ] GC(2080) User=0.00s Sys=0.00s Real=0.01s
[15.257s][info ][gc,start       ] GC(2081) Pause Young (Allocation Failure)
[15.258s][debug][gc,phases      ] GC(2081) Scavenge 0.897ms
[15.258s][debug][gc,phases      ] GC(2081) Reference Processing 0.016ms
[15.258s][debug][gc,phases      ] GC(2081) Weak Processing 0.009ms
[15.259s][debug][gc,phases      ] GC(2081) Scrub String Table 0.058ms
[15.259s][debug][gc,age         ] GC(2081) Desired survivor size 4194304 bytes, new threshold 1 (max threshold 15)
[15.259s][info ][gc,heap        ] GC(2081) PSYoungGen: 15752K->2471K(17408K)
[15.259s][info ][gc,heap        ] GC(2081) ParOldGen: 24501K->24501K(41472K)
[15.259s][info ][gc,metaspace   ] GC(2081) Metaspace: 15867K->15867K(1064960K)
[15.259s][info ][gc             ] GC(2081) Pause Young (Allocation Failure) 39M->26M(57M) 1.135ms
[15.259s][info ][gc,cpu         ] GC(2081) User=0.00s Sys=0.00s Real=0.00s
[15.260s][info ][gc,start       ] GC(2082) Pause Young (Allocation Failure)
[15.261s][debug][gc,phases      ] GC(2082) Scavenge 1.384ms
[15.261s][debug][gc,phases      ] GC(2082) Reference Processing 0.016ms
[15.261s][debug][gc,phases      ] GC(2082) Weak Processing 0.009ms
[15.261s][debug][gc,phases      ] GC(2082) Scrub String Table 0.057ms
[15.261s][debug][gc,age         ] GC(2082) Desired survivor size 4194304 bytes, new threshold 1 (max threshold 15)
[15.261s][info ][gc,heap        ] GC(2082) PSYoungGen: 15624K->2081K(17408K)
[15.261s][info ][gc,heap        ] GC(2082) ParOldGen: 24501K->24501K(41472K)
[15.261s][info ][gc,metaspace   ] GC(2082) Metaspace: 15867K->15867K(1064960K)
[15.261s][info ][gc             ] GC(2082) Pause Young (Allocation Failure) 39M->25M(57M) 1.666ms
[15.261s][info ][gc,cpu         ] GC(2082) User=0.01s Sys=0.00s Real=0.00s
[15.262s][info ][gc,start       ] GC(2083) Pause Young (Allocation Failure)
[15.264s][debug][gc,phases      ] GC(2083) Scavenge 1.431ms
[15.264s][debug][gc,phases      ] GC(2083) Reference Processing 0.016ms
[15.264s][debug][gc,phases      ] GC(2083) Weak Processing 0.009ms
[15.264s][debug][gc,phases      ] GC(2083) Scrub String Table 0.057ms
[15.264s][debug][gc,age         ] GC(2083) Desired survivor size 4194304 bytes, new threshold 1 (max threshold 15)
[15.264s][info ][gc,heap        ] GC(2083) PSYoungGen: 15233K->2862K(17408K)
[15.264s][info ][gc,heap        ] GC(2083) ParOldGen: 24501K->24501K(41472K)
[15.264s][info ][gc,metaspace   ] GC(2083) Metaspace: 15867K->15867K(1064960K)
[15.264s][info ][gc             ] GC(2083) Pause Young (Allocation Failure) 38M->26M(57M) 1.675ms
[15.264s][info ][gc,cpu         ] GC(2083) User=0.01s Sys=0.00s Real=0.00s
[15.265s][info ][gc,start       ] GC(2084) Pause Young (Allocation Failure)
[15.265s][debug][gc,phases      ] GC(2084) Scavenge 0.352ms
[15.265s][debug][gc,phases      ] GC(2084) Reference Processing 0.016ms
[15.265s][debug][gc,phases      ] GC(2084) Weak Processing 0.008ms
[15.266s][debug][gc,phases      ] GC(2084) Scrub String Table 0.294ms
[15.266s][debug][gc,age         ] GC(2084) Desired survivor size 4194304 bytes, new threshold 1 (max threshold 15)
[15.266s][info ][gc,heap        ] GC(2084) PSYoungGen: 16015K->2567K(17408K)
[15.266s][info ][gc,heap        ] GC(2084) ParOldGen: 24501K->24501K(41472K)
[15.266s][info ][gc,metaspace   ] GC(2084) Metaspace: 15867K->15867K(1064960K)
[15.266s][info ][gc             ] GC(2084) Pause Young (Allocation Failure) 39M->26M(57M) 0.931ms
[15.266s][info ][gc,cpu         ] GC(2084) User=0.00s Sys=0.00s Real=0.00s
[15.267s][info ][gc,start       ] GC(2085) Pause Young (Allocation Failure)
[15.268s][debug][gc,phases      ] GC(2085) Scavenge 0.616ms
[15.268s][debug][gc,phases      ] GC(2085) Reference Processing 0.015ms
[15.268s][debug][gc,phases      ] GC(2085) Weak Processing 0.009ms
[15.268s][debug][gc,phases      ] GC(2085) Scrub String Table 0.058ms
[15.268s][debug][gc,age         ] GC(2085) Desired survivor size 4194304 bytes, new threshold 1 (max threshold 15)
[15.268s][info ][gc,heap        ] GC(2085) PSYoungGen: 15687K->2145K(17408K)
[15.268s][info ][gc,heap        ] GC(2085) ParOldGen: 24501K->24908K(41472K)
[15.268s][info ][gc,metaspace   ] GC(2085) Metaspace: 15867K->15867K(1064960K)
[15.268s][info ][gc             ] GC(2085) Pause Young (Allocation Failure) 39M->26M(57M) 0.860ms
[15.268s][info ][gc,cpu         ] GC(2085) User=0.01s Sys=0.00s Real=0.00s
[15.269s][info ][gc,start       ] GC(2086) Pause Young (Allocation Failure)
[15.270s][debug][gc,phases      ] GC(2086) Scavenge 0.850ms
[15.270s][debug][gc,phases      ] GC(2086) Reference Processing 0.016ms
[15.270s][debug][gc,phases      ] GC(2086) Weak Processing 0.009ms
[15.270s][debug][gc,phases      ] GC(2086) Scrub String Table 0.057ms
[15.270s][debug][gc,age         ] GC(2086) Desired survivor size 4194304 bytes, new threshold 1 (max threshold 15)
[15.270s][info ][gc,heap        ] GC(2086) PSYoungGen: 15309K->2894K(17408K)
[15.270s][info ][gc,heap        ] GC(2086) ParOldGen: 24908K->24908K(41472K)
[15.270s][info ][gc,metaspace   ] GC(2086) Metaspace: 15867K->15867K(1064960K)
[15.270s][info ][gc             ] GC(2086) Pause Young (Allocation Failure) 39M->27M(57M) 1.088ms
[15.270s][info ][gc,cpu         ] GC(2086) User=0.01s Sys=0.00s Real=0.00s
[15.271s][info ][gc,start       ] GC(2087) Pause Young (Allocation Failure)
[15.271s][debug][gc,phases      ] GC(2087) Scavenge 0.364ms
[15.271s][debug][gc,phases      ] GC(2087) Reference Processing 0.016ms
[15.271s][debug][gc,phases      ] GC(2087) Weak Processing 0.009ms
[15.271s][debug][gc,phases      ] GC(2087) Scrub String Table 0.057ms
[15.271s][debug][gc,age         ] GC(2087) Desired survivor size 4194304 bytes, new threshold 1 (max threshold 15)
[15.271s][info ][gc,heap        ] GC(2087) PSYoungGen: 16054K->2990K(17408K)
[15.271s][info ][gc,heap        ] GC(2087) ParOldGen: 24908K->24916K(41472K)
[15.271s][info ][gc,metaspace   ] GC(2087) Metaspace: 15867K->15867K(1064960K)
[15.271s][info ][gc             ] GC(2087) Pause Young (Allocation Failure) 40M->27M(57M) 0.604ms
[15.271s][info ][gc,cpu         ] GC(2087) User=0.00s Sys=0.00s Real=0.00s
[15.272s][info ][gc,start       ] GC(2088) Pause Young (Allocation Failure)
[15.273s][debug][gc,phases      ] GC(2088) Scavenge 0.919ms
[15.273s][debug][gc,phases      ] GC(2088) Reference Processing 0.016ms
[15.273s][debug][gc,phases      ] GC(2088) Weak Processing 0.009ms
[15.273s][debug][gc,phases      ] GC(2088) Scrub String Table 0.058ms
[15.273s][debug][gc,age         ] GC(2088) Desired survivor size 4194304 bytes, new threshold 1 (max threshold 15)
[15.273s][info ][gc,heap        ] GC(2088) PSYoungGen: 16147K->3349K(17408K)
[15.274s][info ][gc,heap        ] GC(2088) ParOldGen: 24916K->24916K(41472K)
[15.274s][info ][gc,metaspace   ] GC(2088) Metaspace: 15867K->15867K(1064960K)
[15.274s][info ][gc             ] GC(2088) Pause Young (Allocation Failure) 40M->27M(57M) 1.159ms
[15.274s][info ][gc,cpu         ] GC(2088) User=0.01s Sys=0.00s Real=0.00s
[15.275s][info ][gc,start       ] GC(2089) Pause Young (Allocation Failure)
[15.275s][debug][gc,phases      ] GC(2089) Scavenge 0.717ms
[15.275s][debug][gc,phases      ] GC(2089) Reference Processing 0.017ms
[15.275s][debug][gc,phases      ] GC(2089) Weak Processing 0.009ms
[15.275s][debug][gc,phases      ] GC(2089) Scrub String Table 0.059ms
[15.275s][debug][gc,age         ] GC(2089) Desired survivor size 4194304 bytes, new threshold 1 (max threshold 15)
[15.275s][info ][gc,heap        ] GC(2089) PSYoungGen: 16504K->2471K(17408K)
[15.275s][info ][gc,heap        ] GC(2089) ParOldGen: 24916K->24916K(41472K)
[15.275s][info ][gc,metaspace   ] GC(2089) Metaspace: 15867K->15867K(1064960K)
[15.275s][info ][gc             ] GC(2089) Pause Young (Allocation Failure) 40M->26M(57M) 0.975ms
[15.276s][info ][gc,cpu         ] GC(2089) User=0.01s Sys=0.00s Real=0.00s
[15.277s][info ][gc,start       ] GC(2090) Pause Young (Allocation Failure)
[15.278s][debug][gc,phases      ] GC(2090) Scavenge 1.049ms
[15.278s][debug][gc,phases      ] GC(2090) Reference Processing 0.016ms
[15.278s][debug][gc,phases      ] GC(2090) Weak Processing 0.009ms
[15.278s][debug][gc,phases      ] GC(2090) Scrub String Table 0.058ms
[15.278s][debug][gc,age         ] GC(2090) Desired survivor size 4194304 bytes, new threshold 1 (max threshold 15)
[15.278s][info ][gc,heap        ] GC(2090) PSYoungGen: 15626K->3643K(17408K)
[15.278s][info ][gc,heap        ] GC(2090) ParOldGen: 24916K->24916K(41472K)
[15.278s][info ][gc,metaspace   ] GC(2090) Metaspace: 15867K->15867K(1064960K)
[15.278s][info ][gc             ] GC(2090) Pause Young (Allocation Failure) 39M->27M(57M) 1.292ms
[15.278s][info ][gc,cpu         ] GC(2090) User=0.01s Sys=0.00s Real=0.00s
[15.279s][info ][gc,start       ] GC(2091) Pause Young (Allocation Failure)
[15.280s][debug][gc,phases      ] GC(2091) Scavenge 0.790ms
[15.280s][debug][gc,phases      ] GC(2091) Reference Processing 0.017ms
[15.280s][debug][gc,phases      ] GC(2091) Weak Processing 0.009ms
[15.280s][debug][gc,phases      ] GC(2091) Scrub String Table 0.058ms
[15.280s][debug][gc,age         ] GC(2091) Desired survivor size 4718592 bytes, new threshold 1 (max threshold 15)
[15.280s][info ][gc,heap        ] GC(2091) PSYoungGen: 16797K->3771K(16384K)
[15.280s][info ][gc,heap        ] GC(2091) ParOldGen: 24916K->25306K(41472K)
[15.280s][info ][gc,metaspace   ] GC(2091) Metaspace: 15867K->15867K(1064960K)
[15.280s][info ][gc             ] GC(2091) Pause Young (Allocation Failure) 40M->28M(56M) 1.029ms
[15.280s][info ][gc,cpu         ] GC(2091) User=0.01s Sys=0.00s Real=0.00s
[15.281s][info ][gc,start       ] GC(2092) Pause Young (Allocation Failure)
[15.282s][debug][gc,phases      ] GC(2092) Scavenge 1.078ms
[15.282s][debug][gc,phases      ] GC(2092) Reference Processing 0.016ms
[15.282s][debug][gc,phases      ] GC(2092) Weak Processing 0.009ms
[15.282s][debug][gc,phases      ] GC(2092) Scrub String Table 0.058ms
[15.282s][debug][gc,age         ] GC(2092) Desired survivor size 4718592 bytes, new threshold 1 (max threshold 15)
[15.282s][info ][gc,heap        ] GC(2092) PSYoungGen: 15708K->2113K(16896K)
[15.282s][info ][gc,heap        ] GC(2092) ParOldGen: 25306K->25705K(41472K)
[15.282s][info ][gc,metaspace   ] GC(2092) Metaspace: 15867K->15867K(1064960K)
[15.282s][info ][gc             ] GC(2092) Pause Young (Allocation Failure) 40M->27M(57M) 1.326ms
[15.282s][info ][gc,cpu         ] GC(2092) User=0.01s Sys=0.00s Real=0.00s
[15.283s][info ][gc,start       ] GC(2093) Pause Young (Allocation Failure)
[15.284s][debug][gc,phases      ] GC(2093) Scavenge 1.010ms
[15.284s][debug][gc,phases      ] GC(2093) Reference Processing 0.019ms
[15.284s][debug][gc,phases      ] GC(2093) Weak Processing 0.010ms
[15.284s][debug][gc,phases      ] GC(2093) Scrub String Table 0.058ms
[15.284s][debug][gc,age         ] GC(2093) Desired survivor size 4718592 bytes, new threshold 1 (max threshold 15)
[15.284s][info ][gc,heap        ] GC(2093) PSYoungGen: 14052K->1754K(16896K)
[15.284s][info ][gc,heap        ] GC(2093) ParOldGen: 25705K->26120K(41472K)
[15.284s][info ][gc,metaspace   ] GC(2093) Metaspace: 15867K->15867K(1064960K)
[15.284s][info ][gc             ] GC(2093) Pause Young (Allocation Failure) 38M->27M(57M) 1.289ms
[15.284s][info ][gc,cpu         ] GC(2093) User=0.01s Sys=0.00s Real=0.00s
[15.285s][info ][gc,start       ] GC(2094) Pause Young (Allocation Failure)
[15.286s][debug][gc,phases      ] GC(2094) Scavenge 1.012ms
[15.286s][debug][gc,phases      ] GC(2094) Reference Processing 0.017ms
[15.286s][debug][gc,phases      ] GC(2094) Weak Processing 0.009ms
[15.286s][debug][gc,phases      ] GC(2094) Scrub String Table 0.058ms
[15.286s][debug][gc,age         ] GC(2094) Desired survivor size 4718592 bytes, new threshold 1 (max threshold 15)
[15.286s][info ][gc,heap        ] GC(2094) PSYoungGen: 13697K->1331K(16896K)
[15.286s][info ][gc,heap        ] GC(2094) ParOldGen: 26120K->26136K(41472K)
[15.286s][info ][gc,metaspace   ] GC(2094) Metaspace: 15867K->15867K(1064960K)
[15.286s][info ][gc             ] GC(2094) Pause Young (Allocation Failure) 38M->26M(57M) 1.255ms
[15.286s][info ][gc,cpu         ] GC(2094) User=0.00s Sys=0.00s Real=0.00s
[15.287s][info ][gc,start       ] GC(2095) Pause Young (Allocation Failure)
[15.289s][debug][gc,phases      ] GC(2095) Scavenge 1.491ms
[15.289s][debug][gc,phases      ] GC(2095) Reference Processing 0.089ms
[15.289s][debug][gc,phases      ] GC(2095) Weak Processing 0.010ms
[15.289s][debug][gc,phases      ] GC(2095) Scrub String Table 0.062ms
[15.289s][debug][gc,age         ] GC(2095) Desired survivor size 4718592 bytes, new threshold 1 (max threshold 15)
[15.289s][info ][gc,heap        ] GC(2095) PSYoungGen: 13279K->2439K(16896K)
[15.289s][info ][gc,heap        ] GC(2095) ParOldGen: 26136K->26152K(41472K)
[15.289s][info ][gc,metaspace   ] GC(2095) Metaspace: 15867K->15867K(1064960K)
[15.289s][info ][gc             ] GC(2095) Pause Young (Allocation Failure) 38M->27M(57M) 1.830ms
[15.289s][info ][gc,cpu         ] GC(2095) User=0.00s Sys=0.00s Real=0.00s
[15.290s][info ][gc,start       ] GC(2096) Pause Young (Allocation Failure)
[15.291s][debug][gc,phases      ] GC(2096) Scavenge 1.507ms
[15.291s][debug][gc,phases      ] GC(2096) Reference Processing 0.016ms
[15.291s][debug][gc,phases      ] GC(2096) Weak Processing 0.009ms
[15.291s][debug][gc,phases      ] GC(2096) Scrub String Table 0.059ms
[15.291s][debug][gc,age         ] GC(2096) Desired survivor size 4718592 bytes, new threshold 1 (max threshold 15)
[15.291s][info ][gc,heap        ] GC(2096) PSYoungGen: 14427K->2049K(16896K)
[15.291s][info ][gc,heap        ] GC(2096) ParOldGen: 26152K->26160K(41472K)
[15.291s][info ][gc,metaspace   ] GC(2096) Metaspace: 15867K->15867K(1064960K)
[15.292s][info ][gc             ] GC(2096) Pause Young (Allocation Failure) 39M->27M(57M) 1.745ms
[15.292s][info ][gc,cpu         ] GC(2096) User=0.01s Sys=0.00s Real=0.00s
[15.292s][info ][gc,start       ] GC(2097) Pause Young (Allocation Failure)
[15.293s][debug][gc,phases      ] GC(2097) Scavenge 0.340ms
[15.293s][debug][gc,phases      ] GC(2097) Reference Processing 0.015ms
[15.293s][debug][gc,phases      ] GC(2097) Weak Processing 0.010ms
[15.293s][debug][gc,phases      ] GC(2097) Scrub String Table 0.059ms
[15.293s][debug][gc,age         ] GC(2097) Desired survivor size 4194304 bytes, new threshold 1 (max threshold 15)
[15.293s][info ][gc,heap        ] GC(2097) PSYoungGen: 14027K->2599K(15872K)
[15.293s][info ][gc,heap        ] GC(2097) ParOldGen: 26160K->26168K(41472K)
[15.293s][info ][gc,metaspace   ] GC(2097) Metaspace: 15867K->15867K(1064960K)
[15.293s][info ][gc             ] GC(2097) Pause Young (Allocation Failure) 39M->28M(56M) 0.694ms
[15.293s][info ][gc,cpu         ] GC(2097) User=0.00s Sys=0.00s Real=0.00s
[15.294s][info ][gc,start       ] GC(2098) Pause Young (Allocation Failure)
[15.295s][debug][gc,phases      ] GC(2098) Scavenge 0.943ms
[15.295s][debug][gc,phases      ] GC(2098) Reference Processing 0.017ms
[15.295s][debug][gc,phases      ] GC(2098) Weak Processing 0.009ms
[15.295s][debug][gc,phases      ] GC(2098) Scrub String Table 0.058ms
[15.295s][debug][gc,age         ] GC(2098) Desired survivor size 4194304 bytes, new threshold 1 (max threshold 15)
[15.295s][info ][gc,heap        ] GC(2098) PSYoungGen: 14571K->2894K(16384K)
[15.295s][info ][gc,heap        ] GC(2098) ParOldGen: 26168K->26168K(41472K)
[15.295s][info ][gc,metaspace   ] GC(2098) Metaspace: 15867K->15867K(1064960K)
[15.295s][info ][gc             ] GC(2098) Pause Young (Allocation Failure) 39M->28M(56M) 1.225ms
[15.295s][info ][gc,cpu         ] GC(2098) User=0.00s Sys=0.00s Real=0.00s
[15.296s][info ][gc,start       ] GC(2099) Pause Young (Allocation Failure)
[15.297s][debug][gc,phases      ] GC(2099) Scavenge 0.872ms
[15.297s][debug][gc,phases      ] GC(2099) Reference Processing 0.016ms
[15.297s][debug][gc,phases      ] GC(2099) Weak Processing 0.009ms
[15.297s][debug][gc,phases      ] GC(2099) Scrub String Table 0.058ms
[15.297s][debug][gc,age         ] GC(2099) Desired survivor size 4194304 bytes, new threshold 1 (max threshold 15)
[15.297s][info ][gc,heap        ] GC(2099) PSYoungGen: 14862K->2471K(17408K)
[15.297s][info ][gc,heap        ] GC(2099) ParOldGen: 26168K->26168K(41472K)
[15.297s][info ][gc,metaspace   ] GC(2099) Metaspace: 15867K->15867K(1064960K)
[15.297s][info ][gc             ] GC(2099) Pause Young (Allocation Failure) 40M->27M(57M) 1.112ms
[15.297s][info ][gc,cpu         ] GC(2099) User=0.00s Sys=0.00s Real=0.01s
[15.298s][info ][gc,start       ] GC(2100) Pause Young (Allocation Failure)
[15.299s][debug][gc,phases      ] GC(2100) Scavenge 0.913ms
[15.299s][debug][gc,phases      ] GC(2100) Reference Processing 0.024ms
[15.299s][debug][gc,phases      ] GC(2100) Weak Processing 0.010ms
[15.299s][debug][gc,phases      ] GC(2100) Scrub String Table 0.063ms
[15.299s][debug][gc,age         ] GC(2100) Desired survivor size 4194304 bytes, new threshold 1 (max threshold 15)
[15.299s][info ][gc,heap        ] GC(2100) PSYoungGen: 15629K->2926K(17408K)
[15.299s][info ][gc,heap        ] GC(2100) ParOldGen: 26168K->26168K(41472K)
[15.299s][info ][gc,metaspace   ] GC(2100) Metaspace: 15867K->15867K(1064960K)
[15.299s][info ][gc             ] GC(2100) Pause Young (Allocation Failure) 40M->28M(57M) 1.216ms
[15.299s][info ][gc,cpu         ] GC(2100) User=0.00s Sys=0.00s Real=0.00s
[15.301s][info ][gc,start       ] GC(2101) Pause Young (Allocation Failure)
[15.301s][debug][gc,phases      ] GC(2101) Scavenge 0.739ms
[15.301s][debug][gc,phases      ] GC(2101) Reference Processing 0.017ms
[15.301s][debug][gc,phases      ] GC(2101) Weak Processing 0.009ms
[15.302s][debug][gc,phases      ] GC(2101) Scrub String Table 0.057ms
[15.302s][debug][gc,age         ] GC(2101) Desired survivor size 4194304 bytes, new threshold 1 (max threshold 15)
[15.302s][info ][gc,heap        ] GC(2101) PSYoungGen: 16020K->2081K(17408K)
[15.302s][info ][gc,heap        ] GC(2101) ParOldGen: 26168K->26973K(41472K)
[15.302s][info ][gc,metaspace   ] GC(2101) Metaspace: 15867K->15867K(1064960K)
[15.302s][info ][gc             ] GC(2101) Pause Young (Allocation Failure) 41M->28M(57M) 1.006ms
[15.302s][info ][gc,cpu         ] GC(2101) User=0.00s Sys=0.00s Real=0.00s
[15.302s][info ][gc,start       ] GC(2102) Pause Young (Allocation Failure)
[15.303s][debug][gc,phases      ] GC(2102) Scavenge 0.369ms
[15.303s][debug][gc,phases      ] GC(2102) Reference Processing 0.017ms
[15.303s][debug][gc,phases      ] GC(2102) Weak Processing 0.009ms
[15.303s][debug][gc,phases      ] GC(2102) Scrub String Table 0.058ms
[15.303s][debug][gc,age         ] GC(2102) Desired survivor size 4194304 bytes, new threshold 1 (max threshold 15)
[15.303s][info ][gc,heap        ] GC(2102) PSYoungGen: 15258K->2958K(17408K)
[15.303s][info ][gc,heap        ] GC(2102) ParOldGen: 26973K->26973K(41472K)
[15.303s][info ][gc,metaspace   ] GC(2102) Metaspace: 15867K->15867K(1064960K)
[15.303s][info ][gc             ] GC(2102) Pause Young (Allocation Failure) 41M->29M(57M) 0.613ms
[15.303s][info ][gc,cpu         ] GC(2102) User=0.00s Sys=0.00s Real=0.00s
[15.304s][info ][gc,start       ] GC(2103) Pause Young (Allocation Failure)
[15.305s][debug][gc,phases      ] GC(2103) Scavenge 0.419ms
[15.305s][debug][gc,phases      ] GC(2103) Reference Processing 0.018ms
[15.305s][debug][gc,phases      ] GC(2103) Weak Processing 0.008ms
[15.305s][debug][gc,phases      ] GC(2103) Scrub String Table 0.058ms
[15.305s][debug][gc,age         ] GC(2103) Desired survivor size 4194304 bytes, new threshold 1 (max threshold 15)
[15.305s][info ][gc,heap        ] GC(2103) PSYoungGen: 16126K->2990K(17408K)
[15.305s][info ][gc,heap        ] GC(2103) ParOldGen: 26973K->26981K(41472K)
[15.305s][info ][gc,metaspace   ] GC(2103) Metaspace: 15867K->15867K(1064960K)
[15.305s][info ][gc             ] GC(2103) Pause Young (Allocation Failure) 42M->29M(57M) 0.670ms
[15.305s][info ][gc,cpu         ] GC(2103) User=0.00s Sys=0.00s Real=0.00s
[15.306s][info ][gc,start       ] GC(2104) Pause Young (Allocation Failure)
[15.306s][debug][gc,phases      ] GC(2104) Scavenge 0.377ms
[15.306s][debug][gc,phases      ] GC(2104) Reference Processing 0.017ms
[15.306s][debug][gc,phases      ] GC(2104) Weak Processing 0.008ms
[15.306s][debug][gc,phases      ] GC(2104) Scrub String Table 0.057ms
[15.306s][debug][gc,age         ] GC(2104) Desired survivor size 4194304 bytes, new threshold 1 (max threshold 15)
[15.306s][info ][gc,heap        ] GC(2104) PSYoungGen: 16153K->2599K(17408K)
[15.306s][info ][gc,heap        ] GC(2104) ParOldGen: 26981K->26981K(41472K)
[15.306s][info ][gc,metaspace   ] GC(2104) Metaspace: 15867K->15867K(1064960K)
[15.306s][info ][gc             ] GC(2104) Pause Young (Allocation Failure) 42M->28M(57M) 0.606ms
[15.306s][info ][gc,cpu         ] GC(2104) User=0.01s Sys=0.00s Real=0.01s
[15.307s][info ][gc,start       ] GC(2105) Pause Young (Allocation Failure)
[15.308s][debug][gc,phases      ] GC(2105) Scavenge 0.375ms
[15.308s][debug][gc,phases      ] GC(2105) Reference Processing 0.017ms
[15.308s][debug][gc,phases      ] GC(2105) Weak Processing 0.008ms
[15.308s][debug][gc,phases      ] GC(2105) Scrub String Table 0.057ms
[15.308s][debug][gc,age         ] GC(2105) Desired survivor size 4194304 bytes, new threshold 1 (max threshold 15)
[15.308s][info ][gc,heap        ] GC(2105) PSYoungGen: 15758K->2599K(17408K)
[15.308s][info ][gc,heap        ] GC(2105) ParOldGen: 26981K->26997K(41472K)
[15.308s][info ][gc,metaspace   ] GC(2105) Metaspace: 15867K->15867K(1064960K)
[15.308s][info ][gc             ] GC(2105) Pause Young (Allocation Failure) 41M->28M(57M) 0.610ms
[15.308s][info ][gc,cpu         ] GC(2105) User=0.01s Sys=0.00s Real=0.00s
[15.309s][info ][gc,start       ] GC(2106) Pause Young (Allocation Failure)
[15.310s][debug][gc,phases      ] GC(2106) Scavenge 0.380ms
[15.310s][debug][gc,phases      ] GC(2106) Reference Processing 0.015ms
[15.310s][debug][gc,phases      ] GC(2106) Weak Processing 0.009ms
[15.310s][debug][gc,phases      ] GC(2106) Scrub String Table 0.059ms
[15.310s][debug][gc,age         ] GC(2106) Desired survivor size 3670016 bytes, new threshold 1 (max threshold 15)
[15.310s][info ][gc,heap        ] GC(2106) PSYoungGen: 15756K->2599K(16384K)
[15.310s][info ][gc,heap        ] GC(2106) ParOldGen: 26997K->27013K(41472K)
[15.310s][info ][gc,metaspace   ] GC(2106) Metaspace: 15867K->15867K(1064960K)
[15.310s][info ][gc             ] GC(2106) Pause Young (Allocation Failure) 41M->28M(56M) 0.627ms
[15.310s][info ][gc,cpu         ] GC(2106) User=0.00s Sys=0.00s Real=0.00s
[15.311s][info ][gc,start       ] GC(2107) Pause Young (Allocation Failure)
[15.311s][debug][gc,phases      ] GC(2107) Scavenge 0.396ms
[15.311s][debug][gc,phases      ] GC(2107) Reference Processing 0.018ms
[15.311s][debug][gc,phases      ] GC(2107) Weak Processing 0.009ms
[15.311s][debug][gc,phases      ] GC(2107) Scrub String Table 0.057ms
[15.311s][debug][gc,age         ] GC(2107) Desired survivor size 3670016 bytes, new threshold 1 (max threshold 15)
[15.311s][info ][gc,heap        ] GC(2107) PSYoungGen: 15755K->2599K(16896K)
[15.311s][info ][gc,heap        ] GC(2107) ParOldGen: 27013K->27021K(41472K)
[15.311s][info ][gc,metaspace   ] GC(2107) Metaspace: 15867K->15867K(1064960K)
[15.311s][info ][gc             ] GC(2107) Pause Young (Allocation Failure) 41M->28M(57M) 0.659ms
[15.311s][info ][gc,cpu         ] GC(2107) User=0.00s Sys=0.00s Real=0.00s
[15.312s][info ][gc,start       ] GC(2108) Pause Young (Allocation Failure)
[15.313s][debug][gc,phases      ] GC(2108) Scavenge 0.552ms
[15.313s][debug][gc,phases      ] GC(2108) Reference Processing 0.017ms
[15.313s][debug][gc,phases      ] GC(2108) Weak Processing 0.009ms
[15.313s][debug][gc,phases      ] GC(2108) Scrub String Table 0.058ms
[15.313s][debug][gc,age         ] GC(2108) Desired survivor size 4194304 bytes, new threshold 1 (max threshold 15)
[15.313s][info ][gc,heap        ] GC(2108) PSYoungGen: 15754K->3349K(16896K)
[15.313s][info ][gc,heap        ] GC(2108) ParOldGen: 27021K->27420K(41472K)
[15.313s][info ][gc,metaspace   ] GC(2108) Metaspace: 15867K->15867K(1064960K)
[15.313s][info ][gc             ] GC(2108) Pause Young (Allocation Failure) 41M->30M(57M) 0.807ms
[15.313s][info ][gc,cpu         ] GC(2108) User=0.00s Sys=0.00s Real=0.00s
[15.314s][info ][gc,start       ] GC(2109) Pause Young (Allocation Failure)
[15.315s][debug][gc,phases      ] GC(2109) Scavenge 0.399ms
[15.315s][debug][gc,phases      ] GC(2109) Reference Processing 0.016ms
[15.315s][debug][gc,phases      ] GC(2109) Weak Processing 0.009ms
[15.315s][debug][gc,phases      ] GC(2109) Scrub String Table 0.059ms
[15.315s][debug][gc,age         ] GC(2109) Desired survivor size 3670016 bytes, new threshold 1 (max threshold 15)
[15.315s][info ][gc,heap        ] GC(2109) PSYoungGen: 16502K->2599K(17408K)
[15.315s][info ][gc,heap        ] GC(2109) ParOldGen: 27420K->27420K(41472K)
[15.315s][info ][gc,metaspace   ] GC(2109) Metaspace: 15867K->15867K(1064960K)
[15.315s][info ][gc             ] GC(2109) Pause Young (Allocation Failure) 42M->29M(57M) 0.663ms
[15.315s][info ][gc,cpu         ] GC(2109) User=0.00s Sys=0.00s Real=0.00s
[15.316s][info ][gc,start       ] GC(2110) Pause Young (Allocation Failure)
[15.317s][debug][gc,phases      ] GC(2110) Scavenge 0.986ms
[15.317s][debug][gc,phases      ] GC(2110) Reference Processing 0.016ms
[15.317s][debug][gc,phases      ] GC(2110) Weak Processing 0.009ms
[15.317s][debug][gc,phases      ] GC(2110) Scrub String Table 0.059ms
[15.317s][debug][gc,age         ] GC(2110) Desired survivor size 3670016 bytes, new threshold 1 (max threshold 15)
[15.317s][info ][gc,heap        ] GC(2110) PSYoungGen: 16153K->2535K(17408K)
[15.317s][info ][gc,heap        ] GC(2110) ParOldGen: 27420K->27420K(41472K)
[15.317s][info ][gc,metaspace   ] GC(2110) Metaspace: 15867K->15867K(1064960K)
[15.317s][info ][gc             ] GC(2110) Pause Young (Allocation Failure) 42M->29M(57M) 1.270ms
[15.317s][info ][gc,cpu         ] GC(2110) User=0.01s Sys=0.00s Real=0.01s
[15.318s][info ][gc,start       ] GC(2111) Pause Young (Allocation Failure)
[15.319s][debug][gc,phases      ] GC(2111) Scavenge 0.352ms
[15.319s][debug][gc,phases      ] GC(2111) Reference Processing 0.015ms
[15.319s][debug][gc,phases      ] GC(2111) Weak Processing 0.009ms
[15.319s][debug][gc,phases      ] GC(2111) Scrub String Table 0.057ms
[15.319s][debug][gc,age         ] GC(2111) Desired survivor size 3670016 bytes, new threshold 1 (max threshold 15)
[15.319s][info ][gc,heap        ] GC(2111) PSYoungGen: 16089K->2567K(17920K)
[15.319s][info ][gc,heap        ] GC(2111) ParOldGen: 27420K->27420K(41472K)
[15.319s][info ][gc,metaspace   ] GC(2111) Metaspace: 15867K->15867K(1064960K)
[15.319s][info ][gc             ] GC(2111) Pause Young (Allocation Failure) 42M->29M(58M) 0.590ms
[15.319s][info ][gc,cpu         ] GC(2111) User=0.00s Sys=0.00s Real=0.00s
[15.320s][info ][gc,start       ] GC(2112) Pause Young (Allocation Failure)
[15.320s][debug][gc,phases      ] GC(2112) Scavenge 0.337ms
[15.320s][debug][gc,phases      ] GC(2112) Reference Processing 0.019ms
[15.320s][debug][gc,phases      ] GC(2112) Weak Processing 0.011ms
[15.320s][debug][gc,phases      ] GC(2112) Scrub String Table 0.072ms
[15.320s][debug][gc,age         ] GC(2112) Desired survivor size 3670016 bytes, new threshold 1 (max threshold 15)
[15.320s][info ][gc,heap        ] GC(2112) PSYoungGen: 16522K->2990K(17920K)
[15.320s][info ][gc,heap        ] GC(2112) ParOldGen: 27420K->27420K(41472K)
[15.321s][info ][gc,metaspace   ] GC(2112) Metaspace: 15867K->15867K(1064960K)
[15.321s][info ][gc             ] GC(2112) Pause Young (Allocation Failure) 42M->29M(58M) 0.613ms
[15.321s][info ][gc,cpu         ] GC(2112) User=0.01s Sys=0.00s Real=0.00s
[15.322s][info ][gc,start       ] GC(2113) Pause Young (Allocation Failure)
[15.322s][debug][gc,phases      ] GC(2113) Scavenge 0.741ms
[15.322s][debug][gc,phases      ] GC(2113) Reference Processing 0.016ms
[15.322s][debug][gc,phases      ] GC(2113) Weak Processing 0.009ms
[15.322s][debug][gc,phases      ] GC(2113) Scrub String Table 0.060ms
[15.323s][debug][gc,age         ] GC(2113) Desired survivor size 3670016 bytes, new threshold 1 (max threshold 15)
[15.323s][info ][gc,heap        ] GC(2113) PSYoungGen: 16944K->2958K(17920K)
[15.323s][info ][gc,heap        ] GC(2113) ParOldGen: 27420K->27420K(41472K)
[15.323s][info ][gc,metaspace   ] GC(2113) Metaspace: 15867K->15867K(1064960K)
[15.323s][info ][gc             ] GC(2113) Pause Young (Allocation Failure) 43M->29M(58M) 0.986ms
[15.323s][info ][gc,cpu         ] GC(2113) User=0.01s Sys=0.00s Real=0.00s
[15.324s][info ][gc,start       ] GC(2114) Pause Young (Allocation Failure)
[15.324s][debug][gc,phases      ] GC(2114) Scavenge 0.356ms
[15.324s][debug][gc,phases      ] GC(2114) Reference Processing 0.016ms
[15.324s][debug][gc,phases      ] GC(2114) Weak Processing 0.009ms
[15.324s][debug][gc,phases      ] GC(2114) Scrub String Table 0.058ms
[15.324s][debug][gc,age         ] GC(2114) Desired survivor size 3670016 bytes, new threshold 1 (max threshold 15)
[15.324s][info ][gc,heap        ] GC(2114) PSYoungGen: 16912K->1818K(17920K)
[15.324s][info ][gc,heap        ] GC(2114) ParOldGen: 27420K->27420K(41472K)
[15.324s][info ][gc,metaspace   ] GC(2114) Metaspace: 15867K->15867K(1064960K)
[15.324s][info ][gc             ] GC(2114) Pause Young (Allocation Failure) 43M->28M(58M) 0.617ms
[15.324s][info ][gc,cpu         ] GC(2114) User=0.01s Sys=0.00s Real=0.00s
[15.325s][info ][gc,start       ] GC(2115) Pause Young (Allocation Failure)
[15.326s][debug][gc,phases      ] GC(2115) Scavenge 0.342ms
[15.326s][debug][gc,phases      ] GC(2115) Reference Processing 0.016ms
[15.326s][debug][gc,phases      ] GC(2115) Weak Processing 0.008ms
[15.326s][debug][gc,phases      ] GC(2115) Scrub String Table 0.059ms
[15.326s][debug][gc,age         ] GC(2115) Desired survivor size 3670016 bytes, new threshold 1 (max threshold 15)
[15.326s][info ][gc,heap        ] GC(2115) PSYoungGen: 15772K->2209K(17920K)
[15.326s][info ][gc,heap        ] GC(2115) ParOldGen: 27420K->27420K(41472K)
[15.326s][info ][gc,metaspace   ] GC(2115) Metaspace: 15867K->15867K(1064960K)
[15.326s][info ][gc             ] GC(2115) Pause Young (Allocation Failure) 42M->28M(58M) 0.590ms
[15.326s][info ][gc,cpu         ] GC(2115) User=0.00s Sys=0.00s Real=0.00s
[15.327s][info ][gc,start       ] GC(2116) Pause Young (Allocation Failure)
[15.327s][debug][gc,phases      ] GC(2116) Scavenge 0.387ms
[15.328s][debug][gc,phases      ] GC(2116) Reference Processing 0.016ms
[15.328s][debug][gc,phases      ] GC(2116) Weak Processing 0.009ms
[15.328s][debug][gc,phases      ] GC(2116) Scrub String Table 0.058ms
[15.328s][debug][gc,age         ] GC(2116) Desired survivor size 3670016 bytes, new threshold 1 (max threshold 15)
[15.328s][info ][gc,heap        ] GC(2116) PSYoungGen: 16163K->2599K(17920K)
[15.328s][info ][gc,heap        ] GC(2116) ParOldGen: 27420K->27428K(41472K)
[15.328s][info ][gc,metaspace   ] GC(2116) Metaspace: 15867K->15867K(1064960K)
[15.328s][info ][gc             ] GC(2116) Pause Young (Allocation Failure) 42M->29M(58M) 0.638ms
[15.328s][info ][gc,cpu         ] GC(2116) User=0.00s Sys=0.00s Real=0.00s
[15.329s][info ][gc,start       ] GC(2117) Pause Young (Allocation Failure)
[15.329s][debug][gc,phases      ] GC(2117) Scavenge 0.366ms
[15.329s][debug][gc,phases      ] GC(2117) Reference Processing 0.016ms
[15.329s][debug][gc,phases      ] GC(2117) Weak Processing 0.009ms
[15.329s][debug][gc,phases      ] GC(2117) Scrub String Table 0.061ms
[15.329s][debug][gc,age         ] GC(2117) Desired survivor size 3670016 bytes, new threshold 1 (max threshold 15)
[15.329s][info ][gc,heap        ] GC(2117) PSYoungGen: 16553K->2177K(17920K)
[15.329s][info ][gc,heap        ] GC(2117) ParOldGen: 27428K->27428K(41472K)
[15.329s][info ][gc,metaspace   ] GC(2117) Metaspace: 15867K->15867K(1064960K)
[15.329s][info ][gc             ] GC(2117) Pause Young (Allocation Failure) 42M->28M(58M) 0.617ms
[15.329s][info ][gc,cpu         ] GC(2117) User=0.00s Sys=0.00s Real=0.00s
[15.330s][info ][gc,start       ] GC(2118) Pause Young (Allocation Failure)
[15.331s][debug][gc,phases      ] GC(2118) Scavenge 0.385ms
[15.331s][debug][gc,phases      ] GC(2118) Reference Processing 0.016ms
[15.331s][debug][gc,phases      ] GC(2118) Weak Processing 0.009ms
[15.331s][debug][gc,phases      ] GC(2118) Scrub String Table 0.057ms
[15.331s][debug][gc,age         ] GC(2118) Desired survivor size 3670016 bytes, new threshold 1 (max threshold 15)
[15.331s][info ][gc,heap        ] GC(2118) PSYoungGen: 16131K->2990K(17920K)
[15.331s][info ][gc,heap        ] GC(2118) ParOldGen: 27428K->27428K(41472K)
[15.331s][info ][gc,metaspace   ] GC(2118) Metaspace: 15867K->15867K(1064960K)
[15.331s][info ][gc             ] GC(2118) Pause Young (Allocation Failure) 42M->29M(58M) 0.626ms
[15.331s][info ][gc,cpu         ] GC(2118) User=0.00s Sys=0.00s Real=0.00s
[15.332s][info ][gc,start       ] GC(2119) Pause Young (Allocation Failure)
[15.332s][debug][gc,phases      ] GC(2119) Scavenge 0.287ms
[15.332s][debug][gc,phases      ] GC(2119) Reference Processing 0.016ms
[15.332s][debug][gc,phases      ] GC(2119) Weak Processing 0.010ms
[15.332s][debug][gc,phases      ] GC(2119) Scrub String Table 0.060ms
[15.332s][debug][gc,age         ] GC(2119) Desired survivor size 3670016 bytes, new threshold 1 (max threshold 15)
[15.332s][info ][gc,heap        ] GC(2119) PSYoungGen: 16944K->1818K(17920K)
[15.332s][info ][gc,heap        ] GC(2119) ParOldGen: 27428K->27428K(41472K)
[15.332s][info ][gc,metaspace   ] GC(2119) Metaspace: 15867K->15867K(1064960K)
[15.332s][info ][gc             ] GC(2119) Pause Young (Allocation Failure) 43M->28M(58M) 0.545ms
[15.332s][info ][gc,cpu         ] GC(2119) User=0.00s Sys=0.00s Real=0.00s
[15.334s][info ][gc,start       ] GC(2120) Pause Young (Allocation Failure)
[15.334s][debug][gc,phases      ] GC(2120) Scavenge 0.720ms
[15.334s][debug][gc,phases      ] GC(2120) Reference Processing 0.018ms
[15.334s][debug][gc,phases      ] GC(2120) Weak Processing 0.010ms
[15.335s][debug][gc,phases      ] GC(2120) Scrub String Table 0.057ms
[15.335s][debug][gc,age         ] GC(2120) Desired survivor size 4194304 bytes, new threshold 1 (max threshold 15)
[15.335s][info ][gc,heap        ] GC(2120) PSYoungGen: 16130K->2958K(17408K)
[15.335s][info ][gc,heap        ] GC(2120) ParOldGen: 27428K->27452K(41472K)
[15.335s][info ][gc,metaspace   ] GC(2120) Metaspace: 15867K->15867K(1064960K)
[15.335s][info ][gc             ] GC(2120) Pause Young (Allocation Failure) 42M->29M(57M) 0.963ms
[15.335s][info ][gc,cpu         ] GC(2120) User=0.01s Sys=0.00s Real=0.00s
[15.336s][info ][gc,start       ] GC(2121) Pause Young (Allocation Failure)
[15.336s][debug][gc,phases      ] GC(2121) Scavenge 0.492ms
[15.336s][debug][gc,phases      ] GC(2121) Reference Processing 0.021ms
[15.336s][debug][gc,phases      ] GC(2121) Weak Processing 0.013ms
[15.336s][debug][gc,phases      ] GC(2121) Scrub String Table 0.068ms
[15.336s][debug][gc,age         ] GC(2121) Desired survivor size 4194304 bytes, new threshold 1 (max threshold 15)
[15.336s][info ][gc,heap        ] GC(2121) PSYoungGen: 16924K->3381K(17408K)
[15.336s][info ][gc,heap        ] GC(2121) ParOldGen: 27452K->27452K(41472K)
[15.336s][info ][gc,metaspace   ] GC(2121) Metaspace: 15867K->15867K(1064960K)
[15.336s][info ][gc             ] GC(2121) Pause Young (Allocation Failure) 43M->30M(57M) 0.794ms
[15.336s][info ][gc,cpu         ] GC(2121) User=0.01s Sys=0.00s Real=0.01s
[15.337s][info ][gc,start       ] GC(2122) Pause Young (Allocation Failure)
[15.338s][debug][gc,phases      ] GC(2122) Scavenge 0.391ms
[15.338s][debug][gc,phases      ] GC(2122) Reference Processing 0.016ms
[15.338s][debug][gc,phases      ] GC(2122) Weak Processing 0.009ms
[15.338s][debug][gc,phases      ] GC(2122) Scrub String Table 0.059ms
[15.338s][debug][gc,age         ] GC(2122) Desired survivor size 4194304 bytes, new threshold 1 (max threshold 15)
[15.338s][info ][gc,heap        ] GC(2122) PSYoungGen: 16540K->2567K(17408K)
[15.338s][info ][gc,heap        ] GC(2122) ParOldGen: 27452K->27460K(41472K)
[15.338s][info ][gc,metaspace   ] GC(2122) Metaspace: 15867K->15867K(1064960K)
[15.338s][info ][gc             ] GC(2122) Pause Young (Allocation Failure) 42M->29M(57M) 0.626ms
[15.338s][info ][gc,cpu         ] GC(2122) User=0.00s Sys=0.00s Real=0.00s
[15.339s][info ][gc,start       ] GC(2123) Pause Young (Allocation Failure)
[15.339s][debug][gc,phases      ] GC(2123) Scavenge 0.276ms
[15.339s][debug][gc,phases      ] GC(2123) Reference Processing 0.018ms
[15.339s][debug][gc,phases      ] GC(2123) Weak Processing 0.009ms
[15.339s][debug][gc,phases      ] GC(2123) Scrub String Table 0.058ms
[15.339s][debug][gc,age         ] GC(2123) Desired survivor size 4194304 bytes, new threshold 1 (max threshold 15)
[15.339s][info ][gc,heap        ] GC(2123) PSYoungGen: 15724K->1427K(17408K)
[15.340s][info ][gc,heap        ] GC(2123) ParOldGen: 27460K->27460K(41472K)
[15.340s][info ][gc,metaspace   ] GC(2123) Metaspace: 15867K->15867K(1064960K)
[15.340s][info ][gc             ] GC(2123) Pause Young (Allocation Failure) 42M->28M(57M) 0.531ms
[15.340s][info ][gc,cpu         ] GC(2123) User=0.00s Sys=0.00s Real=0.00s
[15.340s][info ][gc,start       ] GC(2124) Pause Young (Allocation Failure)
[15.341s][debug][gc,phases      ] GC(2124) Scavenge 0.553ms
[15.341s][debug][gc,phases      ] GC(2124) Reference Processing 0.017ms
[15.341s][debug][gc,phases      ] GC(2124) Weak Processing 0.009ms
[15.341s][debug][gc,phases      ] GC(2124) Scrub String Table 0.059ms
[15.341s][debug][gc,age         ] GC(2124) Desired survivor size 4194304 bytes, new threshold 1 (max threshold 15)
[15.341s][info ][gc,heap        ] GC(2124) PSYoungGen: 14583K->3381K(17408K)
[15.341s][info ][gc,heap        ] GC(2124) ParOldGen: 27460K->27460K(41472K)
[15.341s][info ][gc,metaspace   ] GC(2124) Metaspace: 15867K->15867K(1064960K)
[15.341s][info ][gc             ] GC(2124) Pause Young (Allocation Failure) 41M->30M(57M) 0.798ms
[15.341s][info ][gc,cpu         ] GC(2124) User=0.00s Sys=0.00s Real=0.00s
[15.342s][info ][gc,start       ] GC(2125) Pause Young (Allocation Failure)
[15.343s][debug][gc,phases      ] GC(2125) Scavenge 0.348ms
[15.343s][debug][gc,phases      ] GC(2125) Reference Processing 0.023ms
[15.343s][debug][gc,phases      ] GC(2125) Weak Processing 0.010ms
[15.343s][debug][gc,phases      ] GC(2125) Scrub String Table 0.063ms
[15.343s][debug][gc,age         ] GC(2125) Desired survivor size 4194304 bytes, new threshold 1 (max threshold 15)
[15.343s][info ][gc,heap        ] GC(2125) PSYoungGen: 16535K->2209K(17408K)
[15.343s][info ][gc,heap        ] GC(2125) ParOldGen: 27460K->27460K(41472K)
[15.343s][info ][gc,metaspace   ] GC(2125) Metaspace: 15867K->15867K(1064960K)
[15.343s][info ][gc             ] GC(2125) Pause Young (Allocation Failure) 42M->28M(57M) 0.608ms
[15.343s][info ][gc,cpu         ] GC(2125) User=0.00s Sys=0.00s Real=0.00s
[15.344s][info ][gc,start       ] GC(2126) Pause Young (Allocation Failure)
[15.345s][debug][gc,phases      ] GC(2126) Scavenge 0.940ms
[15.345s][debug][gc,phases      ] GC(2126) Reference Processing 0.018ms
[15.345s][debug][gc,phases      ] GC(2126) Weak Processing 0.009ms
[15.345s][debug][gc,phases      ] GC(2126) Scrub String Table 0.058ms
[15.345s][debug][gc,age         ] GC(2126) Desired survivor size 4194304 bytes, new threshold 1 (max threshold 15)
[15.345s][info ][gc,heap        ] GC(2126) PSYoungGen: 15363K->3349K(17408K)
[15.345s][info ][gc,heap        ] GC(2126) ParOldGen: 27460K->27460K(41472K)
[15.345s][info ][gc,metaspace   ] GC(2126) Metaspace: 15867K->15867K(1064960K)
[15.345s][info ][gc             ] GC(2126) Pause Young (Allocation Failure) 41M->30M(57M) 1.162ms
[15.345s][info ][gc,cpu         ] GC(2126) User=0.01s Sys=0.00s Real=0.00s
[15.346s][info ][gc,start       ] GC(2127) Pause Young (Allocation Failure)
[15.346s][debug][gc,phases      ] GC(2127) Scavenge 0.363ms
[15.346s][debug][gc,phases      ] GC(2127) Reference Processing 0.017ms
[15.346s][debug][gc,phases      ] GC(2127) Weak Processing 0.009ms
[15.346s][debug][gc,phases      ] GC(2127) Scrub String Table 0.058ms
[15.347s][debug][gc,age         ] GC(2127) Desired survivor size 4194304 bytes, new threshold 1 (max threshold 15)
[15.347s][info ][gc,heap        ] GC(2127) PSYoungGen: 16502K->2990K(17408K)
[15.347s][info ][gc,heap        ] GC(2127) ParOldGen: 27460K->27460K(41472K)
[15.347s][info ][gc,metaspace   ] GC(2127) Metaspace: 15867K->15867K(1064960K)
[15.347s][info ][gc             ] GC(2127) Pause Young (Allocation Failure) 42M->29M(57M) 0.615ms
[15.347s][info ][gc,cpu         ] GC(2127) User=0.00s Sys=0.00s Real=0.01s
[15.348s][info ][gc,start       ] GC(2128) Pause Young (Allocation Failure)
[15.348s][debug][gc,phases      ] GC(2128) Scavenge 0.402ms
[15.348s][debug][gc,phases      ] GC(2128) Reference Processing 0.017ms
[15.348s][debug][gc,phases      ] GC(2128) Weak Processing 0.009ms
[15.348s][debug][gc,phases      ] GC(2128) Scrub String Table 0.058ms
[15.348s][debug][gc,age         ] GC(2128) Desired survivor size 4194304 bytes, new threshold 1 (max threshold 15)
[15.348s][info ][gc,heap        ] GC(2128) PSYoungGen: 16143K->2567K(17408K)
[15.348s][info ][gc,heap        ] GC(2128) ParOldGen: 27460K->27460K(41472K)
[15.348s][info ][gc,metaspace   ] GC(2128) Metaspace: 15867K->15867K(1064960K)
[15.348s][info ][gc             ] GC(2128) Pause Young (Allocation Failure) 42M->29M(57M) 0.642ms
[15.348s][info ][gc,cpu         ] GC(2128) User=0.01s Sys=0.00s Real=0.00s
[15.349s][info ][gc,start       ] GC(2129) Pause Young (Allocation Failure)
[15.350s][debug][gc,phases      ] GC(2129) Scavenge 1.016ms
[15.350s][debug][gc,phases      ] GC(2129) Reference Processing 0.015ms
[15.350s][debug][gc,phases      ] GC(2129) Weak Processing 0.010ms
[15.350s][debug][gc,phases      ] GC(2129) Scrub String Table 0.059ms
[15.350s][debug][gc,age         ] GC(2129) Desired survivor size 4194304 bytes, new threshold 1 (max threshold 15)
[15.350s][info ][gc,heap        ] GC(2129) PSYoungGen: 15720K->1754K(17408K)
[15.350s][info ][gc,heap        ] GC(2129) ParOldGen: 27460K->27460K(41472K)
[15.350s][info ][gc,metaspace   ] GC(2129) Metaspace: 15867K->15867K(1064960K)
[15.350s][info ][gc             ] GC(2129) Pause Young (Allocation Failure) 42M->28M(57M) 1.266ms
[15.350s][info ][gc,cpu         ] GC(2129) User=0.01s Sys=0.00s Real=0.00s
[15.351s][info ][gc,start       ] GC(2130) Pause Young (Allocation Failure)
[15.352s][debug][gc,phases      ] GC(2130) Scavenge 1.042ms
[15.352s][debug][gc,phases      ] GC(2130) Reference Processing 0.017ms
[15.352s][debug][gc,phases      ] GC(2130) Weak Processing 0.009ms
[15.352s][debug][gc,phases      ] GC(2130) Scrub String Table 0.057ms
[15.352s][debug][gc,age         ] GC(2130) Desired survivor size 4194304 bytes, new threshold 1 (max threshold 15)
[15.352s][info ][gc,heap        ] GC(2130) PSYoungGen: 14907K->2958K(17408K)
[15.352s][info ][gc,heap        ] GC(2130) ParOldGen: 27460K->27460K(41472K)
[15.352s][info ][gc,metaspace   ] GC(2130) Metaspace: 15867K->15867K(1064960K)
[15.353s][info ][gc             ] GC(2130) Pause Young (Allocation Failure) 41M->29M(57M) 1.296ms
[15.353s][info ][gc,cpu         ] GC(2130) User=0.01s Sys=0.00s Real=0.00s
[15.354s][info ][gc,start       ] GC(2131) Pause Young (Allocation Failure)
[15.354s][debug][gc,phases      ] GC(2131) Scavenge 0.854ms
[15.354s][debug][gc,phases      ] GC(2131) Reference Processing 0.017ms
[15.354s][debug][gc,phases      ] GC(2131) Weak Processing 0.009ms
[15.355s][debug][gc,phases      ] GC(2131) Scrub String Table 0.057ms
[15.355s][debug][gc,age         ] GC(2131) Desired survivor size 4194304 bytes, new threshold 1 (max threshold 15)
[15.355s][info ][gc,heap        ] GC(2131) PSYoungGen: 16111K->2567K(17408K)
[15.355s][info ][gc,heap        ] GC(2131) ParOldGen: 27460K->27460K(41472K)
[15.355s][info ][gc,metaspace   ] GC(2131) Metaspace: 15867K->15867K(1064960K)
[15.355s][info ][gc             ] GC(2131) Pause Young (Allocation Failure) 42M->29M(57M) 1.102ms
[15.355s][info ][gc,cpu         ] GC(2131) User=0.01s Sys=0.00s Real=0.00s
[15.356s][info ][gc,start       ] GC(2132) Pause Young (Allocation Failure)
[15.356s][debug][gc,phases      ] GC(2132) Scavenge 0.327ms
[15.356s][debug][gc,phases      ] GC(2132) Reference Processing 0.057ms
[15.356s][debug][gc,phases      ] GC(2132) Weak Processing 0.009ms
[15.356s][debug][gc,phases      ] GC(2132) Scrub String Table 0.057ms
[15.356s][debug][gc,age         ] GC(2132) Desired survivor size 4194304 bytes, new threshold 1 (max threshold 15)
[15.356s][info ][gc,heap        ] GC(2132) PSYoungGen: 15720K->1427K(17408K)
[15.356s][info ][gc,heap        ] GC(2132) ParOldGen: 27460K->27460K(41472K)
[15.356s][info ][gc,metaspace   ] GC(2132) Metaspace: 15867K->15867K(1064960K)
[15.356s][info ][gc             ] GC(2132) Pause Young (Allocation Failure) 42M->28M(57M) 0.613ms
[15.356s][info ][gc,cpu         ] GC(2132) User=0.00s Sys=0.01s Real=0.00s
[15.357s][info ][gc,start       ] GC(2133) Pause Young (Allocation Failure)
[15.358s][debug][gc,phases      ] GC(2133) Scavenge 0.395ms
[15.358s][debug][gc,phases      ] GC(2133) Reference Processing 0.018ms
[15.358s][debug][gc,phases      ] GC(2133) Weak Processing 0.009ms
[15.358s][debug][gc,phases      ] GC(2133) Scrub String Table 0.059ms
[15.358s][debug][gc,age         ] GC(2133) Desired survivor size 4194304 bytes, new threshold 1 (max threshold 15)
[15.358s][info ][gc,heap        ] GC(2133) PSYoungGen: 14550K->2958K(17408K)
[15.358s][info ][gc,heap        ] GC(2133) ParOldGen: 27460K->27476K(41472K)
[15.358s][info ][gc,metaspace   ] GC(2133) Metaspace: 15867K->15867K(1064960K)
[15.358s][info ][gc             ] GC(2133) Pause Young (Allocation Failure) 41M->29M(57M) 0.657ms
[15.358s][info ][gc,cpu         ] GC(2133) User=0.00s Sys=0.00s Real=0.00s
[15.359s][info ][gc,start       ] GC(2134) Pause Young (Allocation Failure)
[15.359s][debug][gc,phases      ] GC(2134) Scavenge 0.259ms
[15.359s][debug][gc,phases      ] GC(2134) Reference Processing 0.015ms
[15.359s][debug][gc,phases      ] GC(2134) Weak Processing 0.008ms
[15.359s][debug][gc,phases      ] GC(2134) Scrub String Table 0.058ms
[15.359s][debug][gc,age         ] GC(2134) Desired survivor size 4194304 bytes, new threshold 1 (max threshold 15)
[15.360s][info ][gc,heap        ] GC(2134) PSYoungGen: 16121K->1786K(17408K)
[15.360s][info ][gc,heap        ] GC(2134) ParOldGen: 27476K->27476K(41472K)
[15.360s][info ][gc,metaspace   ] GC(2134) Metaspace: 15867K->15867K(1064960K)
[15.360s][info ][gc             ] GC(2134) Pause Young (Allocation Failure) 42M->28M(57M) 0.492ms
[15.360s][info ][gc,cpu         ] GC(2134) User=0.00s Sys=0.00s Real=0.00s
[15.360s][info ][gc,start       ] GC(2135) Pause Young (Allocation Failure)
[15.361s][debug][gc,phases      ] GC(2135) Scavenge 0.373ms
[15.361s][debug][gc,phases      ] GC(2135) Reference Processing 0.017ms
[15.361s][debug][gc,phases      ] GC(2135) Weak Processing 0.012ms
[15.361s][debug][gc,phases      ] GC(2135) Scrub String Table 0.068ms
[15.361s][debug][gc,age         ] GC(2135) Desired survivor size 4194304 bytes, new threshold 1 (max threshold 15)
[15.361s][info ][gc,heap        ] GC(2135) PSYoungGen: 14946K->2599K(17408K)
[15.361s][info ][gc,heap        ] GC(2135) ParOldGen: 27476K->27484K(41472K)
[15.361s][info ][gc,metaspace   ] GC(2135) Metaspace: 15867K->15867K(1064960K)
[15.361s][info ][gc             ] GC(2135) Pause Young (Allocation Failure) 41M->29M(57M) 0.619ms
[15.361s][info ][gc,cpu         ] GC(2135) User=0.00s Sys=0.00s Real=0.00s
[15.362s][info ][gc,start       ] GC(2136) Pause Young (Allocation Failure)
[15.363s][debug][gc,phases      ] GC(2136) Scavenge 0.388ms
[15.363s][debug][gc,phases      ] GC(2136) Reference Processing 0.018ms
[15.363s][debug][gc,phases      ] GC(2136) Weak Processing 0.009ms
[15.363s][debug][gc,phases      ] GC(2136) Scrub String Table 0.057ms
[15.363s][debug][gc,age         ] GC(2136) Desired survivor size 4194304 bytes, new threshold 1 (max threshold 15)
[15.363s][info ][gc,heap        ] GC(2136) PSYoungGen: 15756K->2958K(17408K)
[15.363s][info ][gc,heap        ] GC(2136) ParOldGen: 27484K->27484K(41472K)
[15.363s][info ][gc,metaspace   ] GC(2136) Metaspace: 15867K->15867K(1064960K)
[15.363s][info ][gc             ] GC(2136) Pause Young (Allocation Failure) 42M->29M(57M) 0.664ms
[15.363s][info ][gc,cpu         ] GC(2136) User=0.00s Sys=0.00s Real=0.00s
[15.364s][info ][gc,start       ] GC(2137) Pause Young (Allocation Failure)
[15.364s][debug][gc,phases      ] GC(2137) Scavenge 0.403ms
[15.364s][debug][gc,phases      ] GC(2137) Reference Processing 0.017ms
[15.364s][debug][gc,phases      ] GC(2137) Weak Processing 0.009ms
[15.364s][debug][gc,phases      ] GC(2137) Scrub String Table 0.057ms
[15.364s][debug][gc,age         ] GC(2137) Desired survivor size 4194304 bytes, new threshold 1 (max threshold 15)
[15.364s][info ][gc,heap        ] GC(2137) PSYoungGen: 16113K->2599K(17408K)
[15.364s][info ][gc,heap        ] GC(2137) ParOldGen: 27484K->27484K(41472K)
[15.364s][info ][gc,metaspace   ] GC(2137) Metaspace: 15867K->15867K(1064960K)
[15.364s][info ][gc             ] GC(2137) Pause Young (Allocation Failure) 42M->29M(57M) 0.651ms
[15.364s][info ][gc,cpu         ] GC(2137) User=0.01s Sys=0.00s Real=0.00s
[15.365s][info ][gc,start       ] GC(2138) Pause Young (Allocation Failure)
[15.366s][debug][gc,phases      ] GC(2138) Scavenge 0.346ms
[15.366s][debug][gc,phases      ] GC(2138) Reference Processing 0.020ms
[15.366s][debug][gc,phases      ] GC(2138) Weak Processing 0.009ms
[15.366s][debug][gc,phases      ] GC(2138) Scrub String Table 0.062ms
[15.366s][debug][gc,age         ] GC(2138) Desired survivor size 4194304 bytes, new threshold 1 (max threshold 15)
[15.366s][info ][gc,heap        ] GC(2138) PSYoungGen: 15754K->2209K(17408K)
[15.366s][info ][gc,heap        ] GC(2138) ParOldGen: 27484K->27484K(41472K)
[15.366s][info ][gc,metaspace   ] GC(2138) Metaspace: 15867K->15867K(1064960K)
[15.366s][info ][gc             ] GC(2138) Pause Young (Allocation Failure) 42M->28M(57M) 0.647ms
[15.366s][info ][gc,cpu         ] GC(2138) User=0.00s Sys=0.00s Real=0.00s
[15.367s][info ][gc,start       ] GC(2139) Pause Young (Allocation Failure)
[15.368s][debug][gc,phases      ] GC(2139) Scavenge 0.721ms
[15.368s][debug][gc,phases      ] GC(2139) Reference Processing 0.016ms
[15.368s][debug][gc,phases      ] GC(2139) Weak Processing 0.008ms
[15.368s][debug][gc,phases      ] GC(2139) Scrub String Table 0.059ms
[15.368s][debug][gc,age         ] GC(2139) Desired survivor size 4194304 bytes, new threshold 1 (max threshold 15)
[15.368s][info ][gc,heap        ] GC(2139) PSYoungGen: 15331K->2145K(17408K)
[15.368s][info ][gc,heap        ] GC(2139) ParOldGen: 27484K->27500K(41472K)
[15.368s][info ][gc,metaspace   ] GC(2139) Metaspace: 15867K->15867K(1064960K)
[15.368s][info ][gc             ] GC(2139) Pause Young (Allocation Failure) 41M->28M(57M) 0.972ms
[15.368s][info ][gc,cpu         ] GC(2139) User=0.00s Sys=0.00s Real=0.00s
[15.369s][info ][gc,start       ] GC(2140) Pause Young (Allocation Failure)
[15.369s][debug][gc,phases      ] GC(2140) Scavenge 0.366ms
[15.369s][debug][gc,phases      ] GC(2140) Reference Processing 0.017ms
[15.369s][debug][gc,phases      ] GC(2140) Weak Processing 0.009ms
[15.369s][debug][gc,phases      ] GC(2140) Scrub String Table 0.058ms
[15.369s][debug][gc,age         ] GC(2140) Desired survivor size 3670016 bytes, new threshold 1 (max threshold 15)
[15.370s][info ][gc,heap        ] GC(2140) PSYoungGen: 15309K->2209K(15872K)
[15.370s][info ][gc,heap        ] GC(2140) ParOldGen: 27500K->27500K(41472K)
[15.370s][info ][gc,metaspace   ] GC(2140) Metaspace: 15867K->15867K(1064960K)
[15.370s][info ][gc             ] GC(2140) Pause Young (Allocation Failure) 41M->29M(56M) 0.665ms
[15.370s][info ][gc,cpu         ] GC(2140) User=0.00s Sys=0.00s Real=0.00s
[15.371s][info ][gc,start       ] GC(2141) Pause Young (Allocation Failure)
[15.372s][debug][gc,phases      ] GC(2141) Scavenge 0.787ms
[15.372s][debug][gc,phases      ] GC(2141) Reference Processing 0.018ms
[15.372s][debug][gc,phases      ] GC(2141) Weak Processing 0.010ms
[15.372s][debug][gc,phases      ] GC(2141) Scrub String Table 0.059ms
[15.372s][debug][gc,age         ] GC(2141) Desired survivor size 4194304 bytes, new threshold 1 (max threshold 15)
[15.372s][info ][gc,heap        ] GC(2141) PSYoungGen: 15369K->2926K(16384K)
[15.372s][info ][gc,heap        ] GC(2141) ParOldGen: 27500K->27524K(41472K)
[15.372s][info ][gc,metaspace   ] GC(2141) Metaspace: 15867K->15867K(1064960K)
[15.372s][info ][gc             ] GC(2141) Pause Young (Allocation Failure) 41M->29M(56M) 1.092ms
[15.372s][info ][gc,cpu         ] GC(2141) User=0.00s Sys=0.00s Real=0.00s
[15.373s][info ][gc,start       ] GC(2142) Pause Young (Allocation Failure)
[15.373s][debug][gc,phases      ] GC(2142) Scavenge 0.424ms
[15.373s][debug][gc,phases      ] GC(2142) Reference Processing 0.016ms
[15.373s][debug][gc,phases      ] GC(2142) Weak Processing 0.009ms
[15.374s][debug][gc,phases      ] GC(2142) Scrub String Table 0.058ms
[15.374s][debug][gc,age         ] GC(2142) Desired survivor size 4194304 bytes, new threshold 1 (max threshold 15)
[15.374s][info ][gc,heap        ] GC(2142) PSYoungGen: 15683K->2926K(16896K)
[15.374s][info ][gc,heap        ] GC(2142) ParOldGen: 27524K->27532K(41472K)
[15.374s][info ][gc,metaspace   ] GC(2142) Metaspace: 15867K->15867K(1064960K)
[15.374s][info ][gc             ] GC(2142) Pause Young (Allocation Failure) 42M->29M(57M) 0.672ms
[15.374s][info ][gc,cpu         ] GC(2142) User=0.00s Sys=0.00s Real=0.00s
[15.375s][info ][gc,start       ] GC(2143) Pause Young (Allocation Failure)
[15.376s][debug][gc,phases      ] GC(2143) Scavenge 0.949ms
[15.376s][debug][gc,phases      ] GC(2143) Reference Processing 0.024ms
[15.376s][debug][gc,phases      ] GC(2143) Weak Processing 0.010ms
[15.376s][debug][gc,phases      ] GC(2143) Scrub String Table 0.092ms
[15.376s][debug][gc,age         ] GC(2143) Desired survivor size 4194304 bytes, new threshold 1 (max threshold 15)
[15.376s][info ][gc,heap        ] GC(2143) PSYoungGen: 15681K->3349K(17408K)
[15.376s][info ][gc,heap        ] GC(2143) ParOldGen: 27532K->27548K(41472K)
[15.376s][info ][gc,metaspace   ] GC(2143) Metaspace: 15867K->15867K(1064960K)
[15.376s][info ][gc             ] GC(2143) Pause Young (Allocation Failure) 42M->30M(57M) 1.299ms
[15.376s][info ][gc,cpu         ] GC(2143) User=0.01s Sys=0.00s Real=0.00s
[15.377s][info ][gc,start       ] GC(2144) Pause Young (Allocation Failure)
[15.377s][debug][gc,phases      ] GC(2144) Scavenge 0.375ms
[15.377s][debug][gc,phases      ] GC(2144) Reference Processing 0.016ms
[15.377s][debug][gc,phases      ] GC(2144) Weak Processing 0.009ms
[15.378s][debug][gc,phases      ] GC(2144) Scrub String Table 0.058ms
[15.378s][debug][gc,age         ] GC(2144) Desired survivor size 4194304 bytes, new threshold 1 (max threshold 15)
[15.378s][info ][gc,heap        ] GC(2144) PSYoungGen: 16503K->2177K(17408K)
[15.378s][info ][gc,heap        ] GC(2144) ParOldGen: 27548K->27962K(41472K)
[15.378s][info ][gc,metaspace   ] GC(2144) Metaspace: 15867K->15867K(1064960K)
[15.378s][info ][gc             ] GC(2144) Pause Young (Allocation Failure) 43M->29M(57M) 0.615ms
[15.378s][info ][gc,cpu         ] GC(2144) User=0.01s Sys=0.00s Real=0.00s
[15.379s][info ][gc,start       ] GC(2145) Pause Young (Allocation Failure)
[15.379s][debug][gc,phases      ] GC(2145) Scavenge 0.765ms
[15.379s][debug][gc,phases      ] GC(2145) Reference Processing 0.018ms
[15.379s][debug][gc,phases      ] GC(2145) Weak Processing 0.008ms
[15.380s][debug][gc,phases      ] GC(2145) Scrub String Table 0.057ms
[15.380s][debug][gc,age         ] GC(2145) Desired survivor size 4718592 bytes, new threshold 1 (max threshold 15)
[15.380s][info ][gc,heap        ] GC(2145) PSYoungGen: 15331K->3771K(16384K)
[15.380s][info ][gc,heap        ] GC(2145) ParOldGen: 27962K->27962K(41472K)
[15.380s][info ][gc,metaspace   ] GC(2145) Metaspace: 15867K->15867K(1064960K)
[15.380s][info ][gc             ] GC(2145) Pause Young (Allocation Failure) 42M->30M(56M) 1.016ms
[15.380s][info ][gc,cpu         ] GC(2145) User=0.01s Sys=0.00s Real=0.00s
[15.381s][info ][gc,start       ] GC(2146) Pause Young (Allocation Failure)
[15.381s][debug][gc,phases      ] GC(2146) Scavenge 0.363ms
[15.381s][debug][gc,phases      ] GC(2146) Reference Processing 0.016ms
[15.381s][debug][gc,phases      ] GC(2146) Weak Processing 0.009ms
[15.381s][debug][gc,phases      ] GC(2146) Scrub String Table 0.058ms
[15.381s][debug][gc,age         ] GC(2146) Desired survivor size 4194304 bytes, new threshold 1 (max threshold 15)
[15.381s][info ][gc,heap        ] GC(2146) PSYoungGen: 15733K->2177K(16896K)
[15.381s][info ][gc,heap        ] GC(2146) ParOldGen: 27962K->27970K(41472K)
[15.381s][info ][gc,metaspace   ] GC(2146) Metaspace: 15867K->15867K(1064960K)
[15.381s][info ][gc             ] GC(2146) Pause Young (Allocation Failure) 42M->29M(57M) 0.626ms
[15.381s][info ][gc,cpu         ] GC(2146) User=0.01s Sys=0.00s Real=0.00s
[15.382s][info ][gc,start       ] GC(2147) Pause Young (Allocation Failure)
[15.383s][debug][gc,phases      ] GC(2147) Scavenge 0.395ms
[15.383s][debug][gc,phases      ] GC(2147) Reference Processing 0.017ms
[15.383s][debug][gc,phases      ] GC(2147) Weak Processing 0.011ms
[15.383s][debug][gc,phases      ] GC(2147) Scrub String Table 0.064ms
[15.383s][debug][gc,age         ] GC(2147) Desired survivor size 4194304 bytes, new threshold 1 (max threshold 15)
[15.383s][info ][gc,heap        ] GC(2147) PSYoungGen: 14138K->2599K(16896K)
[15.383s][info ][gc,heap        ] GC(2147) ParOldGen: 27970K->27986K(41472K)
[15.383s][info ][gc,metaspace   ] GC(2147) Metaspace: 15867K->15867K(1064960K)
[15.383s][info ][gc             ] GC(2147) Pause Young (Allocation Failure) 41M->29M(57M) 0.685ms
[15.383s][info ][gc,cpu         ] GC(2147) User=0.00s Sys=0.00s Real=0.00s
[15.384s][info ][gc,start       ] GC(2148) Pause Young (Allocation Failure)
[15.385s][debug][gc,phases      ] GC(2148) Scavenge 0.630ms
[15.385s][debug][gc,phases      ] GC(2148) Reference Processing 0.016ms
[15.385s][debug][gc,phases      ] GC(2148) Weak Processing 0.009ms
[15.385s][debug][gc,phases      ] GC(2148) Scrub String Table 0.058ms
[15.385s][debug][gc,age         ] GC(2148) Desired survivor size 4194304 bytes, new threshold 1 (max threshold 15)
[15.385s][info ][gc,heap        ] GC(2148) PSYoungGen: 15352K->1363K(16896K)
[15.385s][info ][gc,heap        ] GC(2148) ParOldGen: 27986K->27986K(41472K)
[15.385s][info ][gc,metaspace   ] GC(2148) Metaspace: 15867K->15867K(1064960K)
[15.385s][info ][gc             ] GC(2148) Pause Young (Allocation Failure) 42M->28M(57M) 0.892ms
[15.385s][info ][gc,cpu         ] GC(2148) User=0.00s Sys=0.00s Real=0.00s
[15.386s][info ][gc,start       ] GC(2149) Pause Young (Allocation Failure)
[15.386s][debug][gc,phases      ] GC(2149) Scavenge 0.376ms
[15.386s][debug][gc,phases      ] GC(2149) Reference Processing 0.017ms
[15.386s][debug][gc,phases      ] GC(2149) Weak Processing 0.009ms
[15.386s][debug][gc,phases      ] GC(2149) Scrub String Table 0.058ms
[15.386s][debug][gc,age         ] GC(2149) Desired survivor size 4194304 bytes, new threshold 1 (max threshold 15)
[15.386s][info ][gc,heap        ] GC(2149) PSYoungGen: 14116K->2990K(17408K)
[15.386s][info ][gc,heap        ] GC(2149) ParOldGen: 27986K->27994K(41472K)
[15.386s][info ][gc,metaspace   ] GC(2149) Metaspace: 15867K->15867K(1064960K)
[15.386s][info ][gc             ] GC(2149) Pause Young (Allocation Failure) 41M->30M(57M) 0.608ms
[15.386s][info ][gc,cpu         ] GC(2149) User=0.00s Sys=0.00s Real=0.00s
[15.387s][info ][gc,start       ] GC(2150) Pause Young (Allocation Failure)
[15.388s][debug][gc,phases      ] GC(2150) Scavenge 0.289ms
[15.388s][debug][gc,phases      ] GC(2150) Reference Processing 0.018ms
[15.388s][debug][gc,phases      ] GC(2150) Weak Processing 0.010ms
[15.388s][debug][gc,phases      ] GC(2150) Scrub String Table 0.060ms
[15.388s][debug][gc,age         ] GC(2150) Desired survivor size 4194304 bytes, new threshold 1 (max threshold 15)
[15.388s][info ][gc,heap        ] GC(2150) PSYoungGen: 16143K->1818K(17408K)
[15.388s][info ][gc,heap        ] GC(2150) ParOldGen: 27994K->27994K(41472K)
[15.388s][info ][gc,metaspace   ] GC(2150) Metaspace: 15867K->15867K(1064960K)
[15.388s][info ][gc             ] GC(2150) Pause Young (Allocation Failure) 43M->29M(57M) 0.552ms
[15.388s][info ][gc,cpu         ] GC(2150) User=0.00s Sys=0.00s Real=0.00s
[15.389s][info ][gc,start       ] GC(2151) Pause Young (Allocation Failure)
[15.389s][debug][gc,phases      ] GC(2151) Scavenge 0.322ms
[15.389s][debug][gc,phases      ] GC(2151) Reference Processing 0.016ms
[15.389s][debug][gc,phases      ] GC(2151) Weak Processing 0.009ms
[15.389s][debug][gc,phases      ] GC(2151) Scrub String Table 0.058ms
[15.389s][debug][gc,age         ] GC(2151) Desired survivor size 4194304 bytes, new threshold 1 (max threshold 15)
[15.389s][info ][gc,heap        ] GC(2151) PSYoungGen: 14938K->1754K(17408K)
[15.389s][info ][gc,heap        ] GC(2151) ParOldGen: 27994K->28002K(41472K)
[15.389s][info ][gc,metaspace   ] GC(2151) Metaspace: 15867K->15867K(1064960K)
[15.389s][info ][gc             ] GC(2151) Pause Young (Allocation Failure) 41M->29M(57M) 0.573ms
[15.389s][info ][gc,cpu         ] GC(2151) User=0.00s Sys=0.00s Real=0.00s
[15.390s][info ][gc,start       ] GC(2152) Pause Young (Allocation Failure)
[15.391s][debug][gc,phases      ] GC(2152) Scavenge 0.307ms
[15.391s][debug][gc,phases      ] GC(2152) Reference Processing 0.016ms
[15.391s][debug][gc,phases      ] GC(2152) Weak Processing 0.009ms
[15.391s][debug][gc,phases      ] GC(2152) Scrub String Table 0.058ms
[15.391s][debug][gc,age         ] GC(2152) Desired survivor size 4194304 bytes, new threshold 1 (max threshold 15)
[15.391s][info ][gc,heap        ] GC(2152) PSYoungGen: 14918K->2599K(17408K)
[15.391s][info ][gc,heap        ] GC(2152) ParOldGen: 28002K->28002K(41472K)
[15.391s][info ][gc,metaspace   ] GC(2152) Metaspace: 15867K->15867K(1064960K)
[15.391s][info ][gc             ] GC(2152) Pause Young (Allocation Failure) 41M->29M(57M) 0.539ms
[15.391s][info ][gc,cpu         ] GC(2152) User=0.00s Sys=0.00s Real=0.00s
[15.392s][info ][gc,start       ] GC(2153) Pause Young (Allocation Failure)
[15.393s][debug][gc,phases      ] GC(2153) Scavenge 0.922ms
[15.393s][debug][gc,phases      ] GC(2153) Reference Processing 0.018ms
[15.393s][debug][gc,phases      ] GC(2153) Weak Processing 0.010ms
[15.393s][debug][gc,phases      ] GC(2153) Scrub String Table 0.059ms
[15.393s][debug][gc,age         ] GC(2153) Desired survivor size 4194304 bytes, new threshold 1 (max threshold 15)
[15.393s][info ][gc,heap        ] GC(2153) PSYoungGen: 15759K->2958K(17408K)
[15.393s][info ][gc,heap        ] GC(2153) ParOldGen: 28002K->28010K(41472K)
[15.393s][info ][gc,metaspace   ] GC(2153) Metaspace: 15867K->15867K(1064960K)
[15.393s][info ][gc             ] GC(2153) Pause Young (Allocation Failure) 42M->30M(57M) 1.174ms
[15.393s][info ][gc,cpu         ] GC(2153) User=0.00s Sys=0.00s Real=0.00s
[15.394s][info ][gc,start       ] GC(2154) Pause Young (Allocation Failure)
[15.395s][debug][gc,phases      ] GC(2154) Scavenge 0.370ms
[15.395s][debug][gc,phases      ] GC(2154) Reference Processing 0.016ms
[15.395s][debug][gc,phases      ] GC(2154) Weak Processing 0.009ms
[15.395s][debug][gc,phases      ] GC(2154) Scrub String Table 0.058ms
[15.395s][debug][gc,age         ] GC(2154) Desired survivor size 4194304 bytes, new threshold 1 (max threshold 15)
[15.395s][info ][gc,heap        ] GC(2154) PSYoungGen: 16115K->2990K(17408K)
[15.395s][info ][gc,heap        ] GC(2154) ParOldGen: 28010K->28018K(41472K)
[15.395s][info ][gc,metaspace   ] GC(2154) Metaspace: 15867K->15867K(1064960K)
[15.395s][info ][gc             ] GC(2154) Pause Young (Allocation Failure) 43M->30M(57M) 0.625ms
[15.395s][info ][gc,cpu         ] GC(2154) User=0.00s Sys=0.00s Real=0.00s
[15.396s][info ][gc,start       ] GC(2155) Pause Young (Allocation Failure)
[15.396s][debug][gc,phases      ] GC(2155) Scavenge 0.368ms
[15.396s][debug][gc,phases      ] GC(2155) Reference Processing 0.016ms
[15.396s][debug][gc,phases      ] GC(2155) Weak Processing 0.009ms
[15.396s][debug][gc,phases      ] GC(2155) Scrub String Table 0.058ms
[15.396s][debug][gc,age         ] GC(2155) Desired survivor size 4194304 bytes, new threshold 1 (max threshold 15)
[15.396s][info ][gc,heap        ] GC(2155) PSYoungGen: 16146K->2990K(17408K)
[15.396s][info ][gc,heap        ] GC(2155) ParOldGen: 28018K->28018K(41472K)
[15.396s][info ][gc,metaspace   ] GC(2155) Metaspace: 15867K->15867K(1064960K)
[15.396s][info ][gc             ] GC(2155) Pause Young (Allocation Failure) 43M->30M(57M) 0.618ms
[15.396s][info ][gc,cpu         ] GC(2155) User=0.00s Sys=0.00s Real=0.01s
[15.397s][info ][gc,start       ] GC(2156) Pause Young (Allocation Failure)
[15.398s][debug][gc,phases      ] GC(2156) Scavenge 0.342ms
[15.398s][debug][gc,phases      ] GC(2156) Reference Processing 0.016ms
[15.398s][debug][gc,phases      ] GC(2156) Weak Processing 0.008ms
[15.398s][debug][gc,phases      ] GC(2156) Scrub String Table 0.058ms
[15.398s][debug][gc,age         ] GC(2156) Desired survivor size 4194304 bytes, new threshold 1 (max threshold 15)
[15.398s][info ][gc,heap        ] GC(2156) PSYoungGen: 16145K->2145K(17408K)
[15.398s][info ][gc,heap        ] GC(2156) ParOldGen: 28018K->28018K(41472K)
[15.398s][info ][gc,metaspace   ] GC(2156) Metaspace: 15867K->15867K(1064960K)
[15.398s][info ][gc             ] GC(2156) Pause Young (Allocation Failure) 43M->29M(57M) 0.580ms
[15.398s][info ][gc,cpu         ] GC(2156) User=0.00s Sys=0.00s Real=0.00s
[15.399s][info ][gc,start       ] GC(2157) Pause Young (Allocation Failure)
[15.399s][debug][gc,phases      ] GC(2157) Scavenge 0.356ms
[15.399s][debug][gc,phases      ] GC(2157) Reference Processing 0.016ms
[15.399s][debug][gc,phases      ] GC(2157) Weak Processing 0.009ms
[15.400s][debug][gc,phases      ] GC(2157) Scrub String Table 0.109ms
[15.400s][debug][gc,age         ] GC(2157) Desired survivor size 4194304 bytes, new threshold 1 (max threshold 15)
[15.400s][info ][gc,heap        ] GC(2157) PSYoungGen: 15299K->2567K(17408K)
[15.400s][info ][gc,heap        ] GC(2157) ParOldGen: 28018K->28018K(41472K)
[15.400s][info ][gc,metaspace   ] GC(2157) Metaspace: 15867K->15867K(1064960K)
[15.400s][info ][gc             ] GC(2157) Pause Young (Allocation Failure) 42M->29M(57M) 0.712ms
[15.400s][info ][gc,cpu         ] GC(2157) User=0.01s Sys=0.00s Real=0.00s
[15.401s][info ][gc,start       ] GC(2158) Pause Young (Allocation Failure)
[15.402s][debug][gc,phases      ] GC(2158) Scavenge 0.736ms
[15.402s][debug][gc,phases      ] GC(2158) Reference Processing 0.023ms
[15.402s][debug][gc,phases      ] GC(2158) Weak Processing 0.020ms
[15.402s][debug][gc,phases      ] GC(2158) Scrub String Table 0.060ms
[15.402s][debug][gc,age         ] GC(2158) Desired survivor size 4194304 bytes, new threshold 1 (max threshold 15)
[15.402s][info ][gc,heap        ] GC(2158) PSYoungGen: 15689K->2177K(17408K)
[15.402s][info ][gc,heap        ] GC(2158) ParOldGen: 28018K->28425K(41472K)
[15.402s][info ][gc,metaspace   ] GC(2158) Metaspace: 15867K->15867K(1064960K)
[15.402s][info ][gc             ] GC(2158) Pause Young (Allocation Failure) 42M->29M(57M) 1.017ms
[15.402s][info ][gc,cpu         ] GC(2158) User=0.01s Sys=0.00s Real=0.00s
[15.403s][info ][gc,start       ] GC(2159) Pause Young (Allocation Failure)
[15.403s][debug][gc,phases      ] GC(2159) Scavenge 0.440ms
[15.403s][debug][gc,phases      ] GC(2159) Reference Processing 0.016ms
[15.403s][debug][gc,phases      ] GC(2159) Weak Processing 0.009ms
[15.403s][debug][gc,phases      ] GC(2159) Scrub String Table 0.058ms
[15.403s][debug][gc,age         ] GC(2159) Desired survivor size 4194304 bytes, new threshold 1 (max threshold 15)
[15.403s][info ][gc,heap        ] GC(2159) PSYoungGen: 15341K->2990K(17408K)
[15.403s][info ][gc,heap        ] GC(2159) ParOldGen: 28425K->28425K(41472K)
[15.403s][info ][gc,metaspace   ] GC(2159) Metaspace: 15867K->15867K(1064960K)
[15.403s][info ][gc             ] GC(2159) Pause Young (Allocation Failure) 42M->30M(57M) 0.678ms
[15.403s][info ][gc,cpu         ] GC(2159) User=0.00s Sys=0.00s Real=0.00s
[15.404s][info ][gc,start       ] GC(2160) Pause Young (Allocation Failure)
[15.405s][debug][gc,phases      ] GC(2160) Scavenge 0.359ms
[15.405s][debug][gc,phases      ] GC(2160) Reference Processing 0.017ms
[15.405s][debug][gc,phases      ] GC(2160) Weak Processing 0.009ms
[15.405s][debug][gc,phases      ] GC(2160) Scrub String Table 0.060ms
[15.405s][debug][gc,age         ] GC(2160) Desired survivor size 4194304 bytes, new threshold 1 (max threshold 15)
[15.405s][info ][gc,heap        ] GC(2160) PSYoungGen: 16150K->1818K(17408K)
[15.405s][info ][gc,heap        ] GC(2160) ParOldGen: 28425K->28433K(41472K)
[15.405s][info ][gc,metaspace   ] GC(2160) Metaspace: 15867K->15867K(1064960K)
[15.405s][info ][gc             ] GC(2160) Pause Young (Allocation Failure) 43M->29M(57M) 0.600ms
[15.405s][info ][gc,cpu         ] GC(2160) User=0.00s Sys=0.00s Real=0.00s
[15.406s][info ][gc,start       ] GC(2161) Pause Young (Allocation Failure)
[15.406s][debug][gc,phases      ] GC(2161) Scavenge 0.362ms
[15.406s][debug][gc,phases      ] GC(2161) Reference Processing 0.016ms
[15.406s][debug][gc,phases      ] GC(2161) Weak Processing 0.008ms
[15.406s][debug][gc,phases      ] GC(2161) Scrub String Table 0.079ms
[15.406s][debug][gc,age         ] GC(2161) Desired survivor size 4194304 bytes, new threshold 1 (max threshold 15)
[15.406s][info ][gc,heap        ] GC(2161) PSYoungGen: 14976K->2177K(17408K)
[15.406s][info ][gc,heap        ] GC(2161) ParOldGen: 28433K->28433K(41472K)
[15.406s][info ][gc,metaspace   ] GC(2161) Metaspace: 15867K->15867K(1064960K)
[15.407s][info ][gc             ] GC(2161) Pause Young (Allocation Failure) 42M->29M(57M) 0.641ms
[15.407s][info ][gc,cpu         ] GC(2161) User=0.00s Sys=0.00s Real=0.01s
[15.408s][info ][gc,start       ] GC(2162) Pause Young (Allocation Failure)
[15.408s][debug][gc,phases      ] GC(2162) Scavenge 0.527ms
[15.408s][debug][gc,phases      ] GC(2162) Reference Processing 0.018ms
[15.408s][debug][gc,phases      ] GC(2162) Weak Processing 0.009ms
[15.408s][debug][gc,phases      ] GC(2162) Scrub String Table 0.059ms
[15.408s][debug][gc,age         ] GC(2162) Desired survivor size 4194304 bytes, new threshold 1 (max threshold 15)
[15.408s][info ][gc,heap        ] GC(2162) PSYoungGen: 15333K->3381K(17408K)
[15.408s][info ][gc,heap        ] GC(2162) ParOldGen: 28433K->28449K(41472K)
[15.408s][info ][gc,metaspace   ] GC(2162) Metaspace: 15867K->15867K(1064960K)
[15.408s][info ][gc             ] GC(2162) Pause Young (Allocation Failure) 42M->31M(57M) 0.771ms
[15.408s][info ][gc,cpu         ] GC(2162) User=0.00s Sys=0.00s Real=0.00s
[15.409s][info ][gc,start       ] GC(2163) Pause Young (Allocation Failure)
[15.410s][debug][gc,phases      ] GC(2163) Scavenge 0.244ms
[15.410s][debug][gc,phases      ] GC(2163) Reference Processing 0.016ms
[15.410s][debug][gc,phases      ] GC(2163) Weak Processing 0.010ms
[15.410s][debug][gc,phases      ] GC(2163) Scrub String Table 0.060ms
[15.410s][debug][gc,age         ] GC(2163) Desired survivor size 4194304 bytes, new threshold 1 (max threshold 15)
[15.410s][info ][gc,heap        ] GC(2163) PSYoungGen: 16535K->1427K(17408K)
[15.410s][info ][gc,heap        ] GC(2163) ParOldGen: 28449K->28449K(41472K)
[15.410s][info ][gc,metaspace   ] GC(2163) Metaspace: 15867K->15867K(1064960K)
[15.410s][info ][gc             ] GC(2163) Pause Young (Allocation Failure) 43M->29M(57M) 0.491ms
[15.410s][info ][gc,cpu         ] GC(2163) User=0.00s Sys=0.00s Real=0.00s
[15.411s][info ][gc,start       ] GC(2164) Pause Young (Allocation Failure)
[15.411s][debug][gc,phases      ] GC(2164) Scavenge 0.323ms
[15.411s][debug][gc,phases      ] GC(2164) Reference Processing 0.016ms
[15.411s][debug][gc,phases      ] GC(2164) Weak Processing 0.008ms
[15.411s][debug][gc,phases      ] GC(2164) Scrub String Table 0.058ms
[15.411s][debug][gc,age         ] GC(2164) Desired survivor size 4194304 bytes, new threshold 1 (max threshold 15)
[15.411s][info ][gc,heap        ] GC(2164) PSYoungGen: 14581K->2567K(17408K)
[15.411s][info ][gc,heap        ] GC(2164) ParOldGen: 28449K->28457K(41472K)
[15.411s][info ][gc,metaspace   ] GC(2164) Metaspace: 15867K->15867K(1064960K)
[15.411s][info ][gc             ] GC(2164) Pause Young (Allocation Failure) 42M->30M(57M) 0.572ms
[15.411s][info ][gc,cpu         ] GC(2164) User=0.00s Sys=0.00s Real=0.00s
[15.412s][info ][gc,start       ] GC(2165) Pause Young (Allocation Failure)
[15.413s][debug][gc,phases      ] GC(2165) Scavenge 0.253ms
[15.413s][debug][gc,phases      ] GC(2165) Reference Processing 0.016ms
[15.413s][debug][gc,phases      ] GC(2165) Weak Processing 0.008ms
[15.413s][debug][gc,phases      ] GC(2165) Scrub String Table 0.058ms
[15.413s][debug][gc,age         ] GC(2165) Desired survivor size 4194304 bytes, new threshold 1 (max threshold 15)
[15.413s][info ][gc,heap        ] GC(2165) PSYoungGen: 15721K->1818K(17408K)
[15.413s][info ][gc,heap        ] GC(2165) ParOldGen: 28457K->28457K(41472K)
[15.413s][info ][gc,metaspace   ] GC(2165) Metaspace: 15867K->15867K(1064960K)
[15.413s][info ][gc             ] GC(2165) Pause Young (Allocation Failure) 43M->29M(57M) 0.491ms
[15.413s][info ][gc,cpu         ] GC(2165) User=0.00s Sys=0.00s Real=0.00s
[15.414s][info ][gc,start       ] GC(2166) Pause Young (Allocation Failure)
[15.414s][debug][gc,phases      ] GC(2166) Scavenge 0.397ms
[15.414s][debug][gc,phases      ] GC(2166) Reference Processing 0.020ms
[15.414s][debug][gc,phases      ] GC(2166) Weak Processing 0.008ms
[15.414s][debug][gc,phases      ] GC(2166) Scrub String Table 0.058ms
[15.414s][debug][gc,age         ] GC(2166) Desired survivor size 4194304 bytes, new threshold 1 (max threshold 15)
[15.414s][info ][gc,heap        ] GC(2166) PSYoungGen: 14971K->2990K(17408K)
[15.414s][info ][gc,heap        ] GC(2166) ParOldGen: 28457K->28457K(41472K)
[15.414s][info ][gc,metaspace   ] GC(2166) Metaspace: 15867K->15867K(1064960K)
[15.414s][info ][gc             ] GC(2166) Pause Young (Allocation Failure) 42M->30M(57M) 0.632ms
[15.414s][info ][gc,cpu         ] GC(2166) User=0.00s Sys=0.00s Real=0.00s
[15.415s][info ][gc,start       ] GC(2167) Pause Young (Allocation Failure)
[15.416s][debug][gc,phases      ] GC(2167) Scavenge 0.418ms
[15.416s][debug][gc,phases      ] GC(2167) Reference Processing 0.018ms
[15.416s][debug][gc,phases      ] GC(2167) Weak Processing 0.010ms
[15.416s][debug][gc,phases      ] GC(2167) Scrub String Table 0.073ms
[15.416s][debug][gc,age         ] GC(2167) Desired survivor size 4718592 bytes, new threshold 1 (max threshold 15)
[15.416s][info ][gc,heap        ] GC(2167) PSYoungGen: 16143K->3381K(16384K)
[15.416s][info ][gc,heap        ] GC(2167) ParOldGen: 28457K->28457K(41472K)
[15.416s][info ][gc,metaspace   ] GC(2167) Metaspace: 15867K->15867K(1064960K)
[15.416s][info ][gc             ] GC(2167) Pause Young (Allocation Failure) 43M->31M(56M) 0.725ms
[15.416s][info ][gc,cpu         ] GC(2167) User=0.00s Sys=0.00s Real=0.00s
[15.417s][info ][gc,start       ] GC(2168) Pause Young (Allocation Failure)
[15.418s][debug][gc,phases      ] GC(2168) Scavenge 0.633ms
[15.418s][debug][gc,phases      ] GC(2168) Reference Processing 0.016ms
[15.418s][debug][gc,phases      ] GC(2168) Weak Processing 0.009ms
[15.418s][debug][gc,phases      ] GC(2168) Scrub String Table 0.058ms
[15.418s][debug][gc,age         ] GC(2168) Desired survivor size 4718592 bytes, new threshold 1 (max threshold 15)
[15.418s][info ][gc,heap        ] GC(2168) PSYoungGen: 15309K->973K(16896K)
[15.418s][info ][gc,heap        ] GC(2168) ParOldGen: 28457K->29270K(41472K)
[15.418s][info ][gc,metaspace   ] GC(2168) Metaspace: 15867K->15867K(1064960K)
[15.418s][info ][gc             ] GC(2168) Pause Young (Allocation Failure) 42M->29M(57M) 0.884ms
[15.418s][info ][gc,cpu         ] GC(2168) User=0.01s Sys=0.01s Real=0.00s
[15.419s][info ][gc,start       ] GC(2169) Pause Young (Allocation Failure)
[15.420s][debug][gc,phases      ] GC(2169) Scavenge 0.835ms
[15.420s][debug][gc,phases      ] GC(2169) Reference Processing 0.033ms
[15.420s][debug][gc,phases      ] GC(2169) Weak Processing 0.010ms
[15.420s][debug][gc,phases      ] GC(2169) Scrub String Table 0.063ms
[15.420s][debug][gc,age         ] GC(2169) Desired survivor size 4718592 bytes, new threshold 1 (max threshold 15)
[15.420s][info ][gc,heap        ] GC(2169) PSYoungGen: 12945K->973K(16896K)
[15.420s][info ][gc,heap        ] GC(2169) ParOldGen: 29270K->29685K(41472K)
[15.420s][info ][gc,metaspace   ] GC(2169) Metaspace: 15867K->15867K(1064960K)
[15.420s][info ][gc             ] GC(2169) Pause Young (Allocation Failure) 41M->29M(57M) 1.136ms
[15.420s][info ][gc,cpu         ] GC(2169) User=0.01s Sys=0.00s Real=0.00s
[15.421s][info ][gc,start       ] GC(2170) Pause Young (Allocation Failure)
[15.422s][debug][gc,phases      ] GC(2170) Scavenge 0.845ms
[15.422s][debug][gc,phases      ] GC(2170) Reference Processing 0.015ms
[15.422s][debug][gc,phases      ] GC(2170) Weak Processing 0.009ms
[15.422s][debug][gc,phases      ] GC(2170) Scrub String Table 0.058ms
[15.422s][debug][gc,age         ] GC(2170) Desired survivor size 4718592 bytes, new threshold 1 (max threshold 15)
[15.422s][info ][gc,heap        ] GC(2170) PSYoungGen: 12941K->2567K(16896K)
[15.422s][info ][gc,heap        ] GC(2170) ParOldGen: 29685K->29693K(41472K)
[15.422s][info ][gc,metaspace   ] GC(2170) Metaspace: 15867K->15867K(1064960K)
[15.422s][info ][gc             ] GC(2170) Pause Young (Allocation Failure) 41M->31M(57M) 1.074ms
[15.422s][info ][gc,cpu         ] GC(2170) User=0.01s Sys=0.00s Real=0.00s
[15.423s][info ][gc,start       ] GC(2171) Pause Young (Allocation Failure)
[15.424s][debug][gc,phases      ] GC(2171) Scavenge 1.132ms
[15.424s][debug][gc,phases      ] GC(2171) Reference Processing 0.017ms
[15.424s][debug][gc,phases      ] GC(2171) Weak Processing 0.010ms
[15.424s][debug][gc,phases      ] GC(2171) Scrub String Table 0.059ms
[15.424s][debug][gc,age         ] GC(2171) Desired survivor size 4718592 bytes, new threshold 1 (max threshold 15)
[15.424s][info ][gc,heap        ] GC(2171) PSYoungGen: 14504K->1299K(16896K)
[15.424s][info ][gc,heap        ] GC(2171) ParOldGen: 29693K->30099K(41472K)
[15.424s][info ][gc,metaspace   ] GC(2171) Metaspace: 15867K->15867K(1064960K)
[15.424s][info ][gc             ] GC(2171) Pause Young (Allocation Failure) 43M->30M(57M) 1.382ms
[15.424s][info ][gc,cpu         ] GC(2171) User=0.01s Sys=0.00s Real=0.00s
[15.425s][info ][gc,start       ] GC(2172) Pause Young (Allocation Failure)
[15.426s][debug][gc,phases      ] GC(2172) Scavenge 0.917ms
[15.426s][debug][gc,phases      ] GC(2172) Reference Processing 0.018ms
[15.426s][debug][gc,phases      ] GC(2172) Weak Processing 0.009ms
[15.426s][debug][gc,phases      ] GC(2172) Scrub String Table 0.058ms
[15.426s][debug][gc,age         ] GC(2172) Desired survivor size 4718592 bytes, new threshold 1 (max threshold 15)
[15.426s][info ][gc,heap        ] GC(2172) PSYoungGen: 13237K->2958K(16896K)
[15.426s][info ][gc,heap        ] GC(2172) ParOldGen: 30099K->30115K(41472K)
[15.426s][info ][gc,metaspace   ] GC(2172) Metaspace: 15867K->15867K(1064960K)
[15.426s][info ][gc             ] GC(2172) Pause Young (Allocation Failure) 42M->32M(57M) 1.170ms
[15.426s][info ][gc,cpu         ] GC(2172) User=0.01s Sys=0.00s Real=0.00s
[15.427s][info ][gc,start       ] GC(2173) Pause Young (Allocation Failure)
[15.428s][debug][gc,phases      ] GC(2173) Scavenge 0.411ms
[15.428s][debug][gc,phases      ] GC(2173) Reference Processing 0.015ms
[15.428s][debug][gc,phases      ] GC(2173) Weak Processing 0.009ms
[15.428s][debug][gc,phases      ] GC(2173) Scrub String Table 0.057ms
[15.428s][debug][gc,age         ] GC(2173) Desired survivor size 4718592 bytes, new threshold 1 (max threshold 15)
[15.428s][info ][gc,heap        ] GC(2173) PSYoungGen: 14940K->2567K(16896K)
[15.428s][info ][gc,heap        ] GC(2173) ParOldGen: 30115K->30131K(41472K)
[15.428s][info ][gc,metaspace   ] GC(2173) Metaspace: 15867K->15867K(1064960K)
[15.428s][info ][gc             ] GC(2173) Pause Young (Allocation Failure) 44M->31M(57M) 0.644ms
[15.428s][info ][gc,cpu         ] GC(2173) User=0.00s Sys=0.00s Real=0.00s
[15.429s][info ][gc,start       ] GC(2174) Pause Young (Allocation Failure)
[15.429s][debug][gc,phases      ] GC(2174) Scavenge 0.472ms
[15.429s][debug][gc,phases      ] GC(2174) Reference Processing 0.016ms
[15.429s][debug][gc,phases      ] GC(2174) Weak Processing 0.009ms
[15.429s][debug][gc,phases      ] GC(2174) Scrub String Table 0.058ms
[15.429s][debug][gc,age         ] GC(2174) Desired survivor size 4718592 bytes, new threshold 1 (max threshold 15)
[15.429s][info ][gc,heap        ] GC(2174) PSYoungGen: 14542K->2958K(16896K)
[15.429s][info ][gc,heap        ] GC(2174) ParOldGen: 30131K->30554K(41472K)
[15.429s][info ][gc,metaspace   ] GC(2174) Metaspace: 15867K->15867K(1064960K)
[15.429s][info ][gc             ] GC(2174) Pause Young (Allocation Failure) 43M->32M(57M) 0.718ms
[15.429s][info ][gc,cpu         ] GC(2174) User=0.00s Sys=0.00s Real=0.00s
[15.430s][info ][gc,start       ] GC(2175) Pause Young (Allocation Failure)
[15.431s][debug][gc,phases      ] GC(2175) Scavenge 0.330ms
[15.431s][debug][gc,phases      ] GC(2175) Reference Processing 0.016ms
[15.431s][debug][gc,phases      ] GC(2175) Weak Processing 0.009ms
[15.431s][debug][gc,phases      ] GC(2175) Scrub String Table 0.057ms
[15.431s][debug][gc,age         ] GC(2175) Desired survivor size 4718592 bytes, new threshold 1 (max threshold 15)
[15.431s][info ][gc,heap        ] GC(2175) PSYoungGen: 14927K->2567K(16896K)
[15.431s][info ][gc,heap        ] GC(2175) ParOldGen: 30554K->30586K(41472K)
[15.431s][info ][gc,metaspace   ] GC(2175) Metaspace: 15867K->15867K(1064960K)
[15.431s][info ][gc             ] GC(2175) Pause Young (Allocation Failure) 44M->32M(57M) 0.567ms
[15.431s][info ][gc,cpu         ] GC(2175) User=0.00s Sys=0.00s Real=0.00s
[15.432s][info ][gc,start       ] GC(2176) Pause Young (Allocation Failure)
[15.432s][debug][gc,phases      ] GC(2176) Scavenge 0.349ms
[15.432s][debug][gc,phases      ] GC(2176) Reference Processing 0.017ms
[15.432s][debug][gc,phases      ] GC(2176) Weak Processing 0.009ms
[15.432s][debug][gc,phases      ] GC(2176) Scrub String Table 0.058ms
[15.432s][debug][gc,age         ] GC(2176) Desired survivor size 4194304 bytes, new threshold 1 (max threshold 15)
[15.433s][info ][gc,heap        ] GC(2176) PSYoungGen: 14534K->2209K(14848K)
[15.433s][info ][gc,heap        ] GC(2176) ParOldGen: 30586K->30594K(41472K)
[15.433s][info ][gc,metaspace   ] GC(2176) Metaspace: 15867K->15867K(1064960K)
[15.433s][info ][gc             ] GC(2176) Pause Young (Allocation Failure) 44M->32M(55M) 0.682ms
[15.433s][info ][gc,cpu         ] GC(2176) User=0.00s Sys=0.00s Real=0.00s
[15.434s][info ][gc,start       ] GC(2177) Pause Young (Allocation Failure)
[15.435s][debug][gc,phases      ] GC(2177) Scavenge 1.006ms
[15.435s][debug][gc,phases      ] GC(2177) Reference Processing 0.016ms
[15.435s][debug][gc,phases      ] GC(2177) Weak Processing 0.009ms
[15.435s][debug][gc,phases      ] GC(2177) Scrub String Table 0.057ms
[15.435s][debug][gc,age         ] GC(2177) Desired survivor size 4194304 bytes, new threshold 1 (max threshold 15)
[15.435s][info ][gc,heap        ] GC(2177) PSYoungGen: 14140K->2535K(16384K)
[15.435s][info ][gc,heap        ] GC(2177) ParOldGen: 30594K->31009K(41472K)
[15.435s][info ][gc,metaspace   ] GC(2177) Metaspace: 15867K->15867K(1064960K)
[15.435s][info ][gc             ] GC(2177) Pause Young (Allocation Failure) 43M->32M(56M) 1.269ms
[15.435s][info ][gc,cpu         ] GC(2177) User=0.01s Sys=0.00s Real=0.00s
[15.436s][info ][gc,start       ] GC(2178) Pause Young (Allocation Failure)
[15.436s][debug][gc,phases      ] GC(2178) Scavenge 0.395ms
[15.436s][debug][gc,phases      ] GC(2178) Reference Processing 0.016ms
[15.436s][debug][gc,phases      ] GC(2178) Weak Processing 0.010ms
[15.436s][debug][gc,phases      ] GC(2178) Scrub String Table 0.060ms
[15.436s][debug][gc,age         ] GC(2178) Desired survivor size 4194304 bytes, new threshold 1 (max threshold 15)
[15.436s][info ][gc,heap        ] GC(2178) PSYoungGen: 14510K->2177K(16384K)
[15.436s][info ][gc,heap        ] GC(2178) ParOldGen: 31009K->31009K(41472K)
[15.436s][info ][gc,metaspace   ] GC(2178) Metaspace: 15867K->15867K(1064960K)
[15.436s][info ][gc             ] GC(2178) Pause Young (Allocation Failure) 44M->32M(56M) 0.639ms
[15.436s][info ][gc,cpu         ] GC(2178) User=0.00s Sys=0.00s Real=0.01s
[15.437s][info ][gc,start       ] GC(2179) Pause Young (Allocation Failure)
[15.438s][debug][gc,phases      ] GC(2179) Scavenge 0.513ms
[15.438s][debug][gc,phases      ] GC(2179) Reference Processing 0.017ms
[15.438s][debug][gc,phases      ] GC(2179) Weak Processing 0.009ms
[15.438s][debug][gc,phases      ] GC(2179) Scrub String Table 0.060ms
[15.438s][debug][gc,age         ] GC(2179) Desired survivor size 4194304 bytes, new threshold 1 (max threshold 15)
[15.438s][info ][gc,heap        ] GC(2179) PSYoungGen: 14146K->2926K(17408K)
[15.438s][info ][gc,heap        ] GC(2179) ParOldGen: 31009K->31017K(41472K)
[15.438s][info ][gc,metaspace   ] GC(2179) Metaspace: 15867K->15867K(1064960K)
[15.438s][info ][gc             ] GC(2179) Pause Young (Allocation Failure) 44M->33M(57M) 0.763ms
[15.438s][info ][gc,cpu         ] GC(2179) User=0.00s Sys=0.00s Real=0.00s
[15.439s][info ][gc,start       ] GC(2180) Pause Young (Allocation Failure)
[15.440s][debug][gc,phases      ] GC(2180) Scavenge 0.814ms
[15.440s][debug][gc,phases      ] GC(2180) Reference Processing 0.019ms
[15.440s][debug][gc,phases      ] GC(2180) Weak Processing 0.010ms
[15.440s][debug][gc,phases      ] GC(2180) Scrub String Table 0.062ms
[15.440s][debug][gc,age         ] GC(2180) Desired survivor size 4194304 bytes, new threshold 1 (max threshold 15)
[15.440s][info ][gc,heap        ] GC(2180) PSYoungGen: 16085K->2535K(17408K)
[15.440s][info ][gc,heap        ] GC(2180) ParOldGen: 31017K->31415K(41472K)
[15.440s][info ][gc,metaspace   ] GC(2180) Metaspace: 15867K->15867K(1064960K)
[15.440s][info ][gc             ] GC(2180) Pause Young (Allocation Failure) 45M->33M(57M) 1.096ms
[15.440s][info ][gc,cpu         ] GC(2180) User=0.01s Sys=0.00s Real=0.00s
[15.441s][info ][gc,start       ] GC(2181) Pause Young (Allocation Failure)
[15.442s][debug][gc,phases      ] GC(2181) Scavenge 0.904ms
[15.442s][debug][gc,phases      ] GC(2181) Reference Processing 0.016ms
[15.443s][debug][gc,phases      ] GC(2181) Weak Processing 0.010ms
[15.443s][debug][gc,phases      ] GC(2181) Scrub String Table 0.059ms
[15.443s][debug][gc,age         ] GC(2181) Desired survivor size 4194304 bytes, new threshold 1 (max threshold 15)
[15.443s][info ][gc,heap        ] GC(2181) PSYoungGen: 15568K->1690K(17408K)
[15.443s][info ][gc,heap        ] GC(2181) ParOldGen: 31415K->32237K(41472K)
[15.443s][info ][gc,metaspace   ] GC(2181) Metaspace: 15867K->15867K(1064960K)
[15.443s][info ][gc             ] GC(2181) Pause Young (Allocation Failure) 45M->33M(57M) 1.153ms
[15.443s][info ][gc,cpu         ] GC(2181) User=0.01s Sys=0.00s Real=0.00s
[15.444s][info ][gc,start       ] GC(2182) Pause Young (Allocation Failure)
[15.445s][debug][gc,phases      ] GC(2182) Scavenge 0.989ms
[15.445s][debug][gc,phases      ] GC(2182) Reference Processing 0.016ms
[15.445s][debug][gc,phases      ] GC(2182) Weak Processing 0.009ms
[15.445s][debug][gc,phases      ] GC(2182) Scrub String Table 0.060ms
[15.445s][debug][gc,age         ] GC(2182) Desired survivor size 4194304 bytes, new threshold 1 (max threshold 15)
[15.445s][info ][gc,heap        ] GC(2182) PSYoungGen: 14889K->1690K(17408K)
[15.445s][info ][gc,heap        ] GC(2182) ParOldGen: 32237K->32237K(41472K)
[15.445s][info ][gc,metaspace   ] GC(2182) Metaspace: 15867K->15867K(1064960K)
[15.445s][info ][gc             ] GC(2182) Pause Young (Allocation Failure) 46M->33M(57M) 1.234ms
[15.445s][info ][gc,cpu         ] GC(2182) User=0.01s Sys=0.00s Real=0.00s
[15.446s][info ][gc,start       ] GC(2183) Pause Young (Allocation Failure)
[15.446s][debug][gc,phases      ] GC(2183) Scavenge 0.413ms
[15.446s][debug][gc,phases      ] GC(2183) Reference Processing 0.015ms
[15.446s][debug][gc,phases      ] GC(2183) Weak Processing 0.008ms
[15.446s][debug][gc,phases      ] GC(2183) Scrub String Table 0.059ms
[15.446s][debug][gc,age         ] GC(2183) Desired survivor size 4194304 bytes, new threshold 1 (max threshold 15)
[15.446s][info ][gc,heap        ] GC(2183) PSYoungGen: 14873K->2599K(17408K)
[15.446s][info ][gc,heap        ] GC(2183) ParOldGen: 32237K->32277K(41472K)
[15.446s][info ][gc,metaspace   ] GC(2183) Metaspace: 15867K->15867K(1064960K)
[15.447s][info ][gc             ] GC(2183) Pause Young (Allocation Failure) 46M->34M(57M) 0.647ms
[15.447s][info ][gc,cpu         ] GC(2183) User=0.00s Sys=0.00s Real=0.01s
[15.447s][info ][gc,start       ] GC(2184) Pause Young (Allocation Failure)
[15.448s][debug][gc,phases      ] GC(2184) Scavenge 0.376ms
[15.448s][debug][gc,phases      ] GC(2184) Reference Processing 0.015ms
[15.448s][debug][gc,phases      ] GC(2184) Weak Processing 0.010ms
[15.448s][debug][gc,phases      ] GC(2184) Scrub String Table 0.059ms
[15.448s][debug][gc,age         ] GC(2184) Desired survivor size 4194304 bytes, new threshold 1 (max threshold 15)
[15.448s][info ][gc,heap        ] GC(2184) PSYoungGen: 15771K->2599K(17408K)
[15.448s][info ][gc,heap        ] GC(2184) ParOldGen: 32277K->32277K(41472K)
[15.448s][info ][gc,metaspace   ] GC(2184) Metaspace: 15867K->15867K(1064960K)
[15.448s][info ][gc             ] GC(2184) Pause Young (Allocation Failure) 46M->34M(57M) 0.594ms
[15.448s][info ][gc,cpu         ] GC(2184) User=0.00s Sys=0.00s Real=0.00s
[15.449s][info ][gc,start       ] GC(2185) Pause Young (Allocation Failure)
[15.450s][debug][gc,phases      ] GC(2185) Scavenge 0.735ms
[15.450s][debug][gc,phases      ] GC(2185) Reference Processing 0.023ms
[15.450s][debug][gc,phases      ] GC(2185) Weak Processing 0.024ms
[15.450s][debug][gc,phases      ] GC(2185) Scrub String Table 0.067ms
[15.450s][debug][gc,age         ] GC(2185) Desired survivor size 4194304 bytes, new threshold 1 (max threshold 15)
[15.450s][info ][gc,heap        ] GC(2185) PSYoungGen: 15764K->3381K(17408K)
[15.450s][info ][gc,heap        ] GC(2185) ParOldGen: 32277K->32285K(41472K)
[15.450s][info ][gc,metaspace   ] GC(2185) Metaspace: 15867K->15867K(1064960K)
[15.450s][info ][gc             ] GC(2185) Pause Young (Allocation Failure) 46M->34M(57M) 1.079ms
[15.450s][info ][gc,cpu         ] GC(2185) User=0.00s Sys=0.00s Real=0.00s
[15.451s][info ][gc,start       ] GC(2186) Pause Young (Allocation Failure)
[15.452s][debug][gc,phases      ] GC(2186) Scavenge 0.731ms
[15.452s][debug][gc,phases      ] GC(2186) Reference Processing 0.016ms
[15.452s][debug][gc,phases      ] GC(2186) Weak Processing 0.009ms
[15.452s][debug][gc,phases      ] GC(2186) Scrub String Table 0.058ms
[15.452s][debug][gc,age         ] GC(2186) Desired survivor size 4194304 bytes, new threshold 1 (max threshold 15)
[15.452s][info ][gc,heap        ] GC(2186) PSYoungGen: 16541K->2081K(17408K)
[15.452s][info ][gc,heap        ] GC(2186) ParOldGen: 32285K->32691K(41472K)
[15.452s][info ][gc,metaspace   ] GC(2186) Metaspace: 15867K->15867K(1064960K)
[15.452s][info ][gc             ] GC(2186) Pause Young (Allocation Failure) 47M->33M(57M) 0.976ms
[15.452s][info ][gc,cpu         ] GC(2186) User=0.00s Sys=0.00s Real=0.00s
[15.453s][info ][gc,start       ] GC(2187) Pause Young (Allocation Failure)
[15.453s][debug][gc,phases      ] GC(2187) Scavenge 0.339ms
[15.453s][debug][gc,phases      ] GC(2187) Reference Processing 0.016ms
[15.453s][debug][gc,phases      ] GC(2187) Weak Processing 0.009ms
[15.454s][debug][gc,phases      ] GC(2187) Scrub String Table 0.058ms
[15.454s][debug][gc,age         ] GC(2187) Desired survivor size 4194304 bytes, new threshold 1 (max threshold 15)
[15.454s][info ][gc,heap        ] GC(2187) PSYoungGen: 15238K->2209K(17408K)
[15.454s][info ][gc,heap        ] GC(2187) ParOldGen: 32691K->32691K(41472K)
[15.454s][info ][gc,metaspace   ] GC(2187) Metaspace: 15867K->15867K(1064960K)
[15.454s][info ][gc             ] GC(2187) Pause Young (Allocation Failure) 46M->34M(57M) 0.571ms
[15.454s][info ][gc,cpu         ] GC(2187) User=0.00s Sys=0.01s Real=0.00s
[15.455s][info ][gc,start       ] GC(2188) Pause Young (Allocation Failure)
[15.455s][debug][gc,phases      ] GC(2188) Scavenge 0.372ms
[15.455s][debug][gc,phases      ] GC(2188) Reference Processing 0.017ms
[15.455s][debug][gc,phases      ] GC(2188) Weak Processing 0.009ms
[15.455s][debug][gc,phases      ] GC(2188) Scrub String Table 0.059ms
[15.455s][debug][gc,age         ] GC(2188) Desired survivor size 4194304 bytes, new threshold 1 (max threshold 15)
[15.455s][info ][gc,heap        ] GC(2188) PSYoungGen: 15365K->2177K(17408K)
[15.455s][info ][gc,heap        ] GC(2188) ParOldGen: 32691K->32699K(41472K)
[15.455s][info ][gc,metaspace   ] GC(2188) Metaspace: 15867K->15867K(1064960K)
[15.455s][info ][gc             ] GC(2188) Pause Young (Allocation Failure) 46M->34M(57M) 0.618ms
[15.455s][info ][gc,cpu         ] GC(2188) User=0.01s Sys=0.00s Real=0.00s
[15.456s][info ][gc,start       ] GC(2189) Pause Young (Allocation Failure)
[15.457s][debug][gc,phases      ] GC(2189) Scavenge 0.352ms
[15.457s][debug][gc,phases      ] GC(2189) Reference Processing 0.019ms
[15.457s][debug][gc,phases      ] GC(2189) Weak Processing 0.010ms
[15.457s][debug][gc,phases      ] GC(2189) Scrub String Table 0.062ms
[15.457s][debug][gc,age         ] GC(2189) Desired survivor size 3670016 bytes, new threshold 1 (max threshold 15)
[15.457s][info ][gc,heap        ] GC(2189) PSYoungGen: 15331K->2177K(16384K)
[15.457s][info ][gc,heap        ] GC(2189) ParOldGen: 32699K->32699K(41472K)
[15.457s][info ][gc,metaspace   ] GC(2189) Metaspace: 15867K->15867K(1064960K)
[15.457s][info ][gc             ] GC(2189) Pause Young (Allocation Failure) 46M->34M(56M) 0.659ms
[15.457s][info ][gc,cpu         ] GC(2189) User=0.01s Sys=0.00s Real=0.01s
[15.458s][info ][gc,start       ] GC(2190) Pause Young (Allocation Failure)
[15.458s][debug][gc,phases      ] GC(2190) Scavenge 0.297ms
[15.458s][debug][gc,phases      ] GC(2190) Reference Processing 0.017ms
[15.458s][debug][gc,phases      ] GC(2190) Weak Processing 0.009ms
[15.458s][debug][gc,phases      ] GC(2190) Scrub String Table 0.057ms
[15.458s][debug][gc,age         ] GC(2190) Desired survivor size 3670016 bytes, new threshold 1 (max threshold 15)
[15.458s][info ][gc,heap        ] GC(2190) PSYoungGen: 15331K->2209K(16896K)
[15.458s][info ][gc,heap        ] GC(2190) ParOldGen: 32699K->32699K(41472K)
[15.458s][info ][gc,metaspace   ] GC(2190) Metaspace: 15867K->15867K(1064960K)
[15.458s][info ][gc             ] GC(2190) Pause Young (Allocation Failure) 46M->34M(57M) 0.547ms
[15.458s][info ][gc,cpu         ] GC(2190) User=0.00s Sys=0.00s Real=0.00s
[15.459s][info ][gc,start       ] GC(2191) Pause Young (Allocation Failure)
[15.460s][debug][gc,phases      ] GC(2191) Scavenge 0.408ms
[15.460s][debug][gc,phases      ] GC(2191) Reference Processing 0.017ms
[15.460s][debug][gc,phases      ] GC(2191) Weak Processing 0.009ms
[15.460s][debug][gc,phases      ] GC(2191) Scrub String Table 0.057ms
[15.460s][debug][gc,age         ] GC(2191) Desired survivor size 3670016 bytes, new threshold 1 (max threshold 15)
[15.460s][info ][gc,heap        ] GC(2191) PSYoungGen: 15362K->2599K(17920K)
[15.460s][info ][gc,heap        ] GC(2191) ParOldGen: 32699K->32699K(41472K)
[15.460s][info ][gc,metaspace   ] GC(2191) Metaspace: 15867K->15867K(1064960K)
[15.460s][info ][gc             ] GC(2191) Pause Young (Allocation Failure) 46M->34M(58M) 0.653ms
[15.460s][info ][gc,cpu         ] GC(2191) User=0.00s Sys=0.00s Real=0.00s
[15.461s][info ][gc,start       ] GC(2192) Pause Young (Allocation Failure)
[15.461s][debug][gc,phases      ] GC(2192) Scavenge 0.357ms
[15.461s][debug][gc,phases      ] GC(2192) Reference Processing 0.018ms
[15.461s][debug][gc,phases      ] GC(2192) Weak Processing 0.012ms
[15.462s][debug][gc,phases      ] GC(2192) Scrub String Table 0.067ms
[15.462s][debug][gc,age         ] GC(2192) Desired survivor size 3670016 bytes, new threshold 1 (max threshold 15)
[15.462s][info ][gc,heap        ] GC(2192) PSYoungGen: 16554K->2209K(17920K)
[15.462s][info ][gc,heap        ] GC(2192) ParOldGen: 32699K->32699K(41472K)
[15.462s][info ][gc,metaspace   ] GC(2192) Metaspace: 15867K->15867K(1064960K)
[15.462s][info ][gc             ] GC(2192) Pause Young (Allocation Failure) 48M->34M(58M) 0.626ms
[15.462s][info ][gc,cpu         ] GC(2192) User=0.00s Sys=0.00s Real=0.00s
[15.463s][info ][gc,start       ] GC(2193) Pause Young (Allocation Failure)
[15.464s][debug][gc,phases      ] GC(2193) Scavenge 0.907ms
[15.464s][debug][gc,phases      ] GC(2193) Reference Processing 0.016ms
[15.464s][debug][gc,phases      ] GC(2193) Weak Processing 0.009ms
[15.464s][debug][gc,phases      ] GC(2193) Scrub String Table 0.058ms
[15.464s][debug][gc,age         ] GC(2193) Desired survivor size 3670016 bytes, new threshold 1 (max threshold 15)
[15.464s][info ][gc,heap        ] GC(2193) PSYoungGen: 16163K->3253K(17920K)
[15.464s][info ][gc,heap        ] GC(2193) ParOldGen: 32699K->32699K(41472K)
[15.464s][info ][gc,metaspace   ] GC(2193) Metaspace: 15867K->15867K(1064960K)
[15.464s][info ][gc             ] GC(2193) Pause Young (Allocation Failure) 47M->35M(58M) 1.156ms
[15.464s][info ][gc,cpu         ] GC(2193) User=0.00s Sys=0.00s Real=0.00s
[15.465s][info ][gc,start       ] GC(2194) Pause Young (Allocation Failure)
[15.465s][debug][gc,phases      ] GC(2194) Scavenge 0.338ms
[15.465s][debug][gc,phases      ] GC(2194) Reference Processing 0.017ms
[15.465s][debug][gc,phases      ] GC(2194) Weak Processing 0.010ms
[15.465s][debug][gc,phases      ] GC(2194) Scrub String Table 0.062ms
[15.465s][debug][gc,age         ] GC(2194) Desired survivor size 3670016 bytes, new threshold 1 (max threshold 15)
[15.465s][info ][gc,heap        ] GC(2194) PSYoungGen: 17207K->2567K(17920K)
[15.465s][info ][gc,heap        ] GC(2194) ParOldGen: 32699K->32699K(41472K)
[15.465s][info ][gc,metaspace   ] GC(2194) Metaspace: 15867K->15867K(1064960K)
[15.465s][info ][gc             ] GC(2194) Pause Young (Allocation Failure) 48M->34M(58M) 0.582ms
[15.465s][info ][gc,cpu         ] GC(2194) User=0.00s Sys=0.00s Real=0.00s
[15.466s][info ][gc,start       ] GC(2195) Pause Young (Allocation Failure)
[15.467s][debug][gc,phases      ] GC(2195) Scavenge 0.947ms
[15.468s][debug][gc,phases      ] GC(2195) Reference Processing 0.016ms
[15.468s][debug][gc,phases      ] GC(2195) Weak Processing 0.011ms
[15.468s][debug][gc,phases      ] GC(2195) Scrub String Table 0.061ms
[15.468s][debug][gc,age         ] GC(2195) Desired survivor size 3670016 bytes, new threshold 1 (max threshold 15)
[15.468s][info ][gc,heap        ] GC(2195) PSYoungGen: 16521K->2145K(17920K)
[15.468s][info ][gc,heap        ] GC(2195) ParOldGen: 32699K->32699K(41472K)
[15.468s][info ][gc,metaspace   ] GC(2195) Metaspace: 15867K->15867K(1064960K)
[15.468s][info ][gc             ] GC(2195) Pause Young (Allocation Failure) 48M->34M(58M) 1.200ms
[15.468s][info ][gc,cpu         ] GC(2195) User=0.01s Sys=0.00s Real=0.00s
[15.469s][info ][gc,start       ] GC(2196) Pause Young (Allocation Failure)
[15.469s][debug][gc,phases      ] GC(2196) Scavenge 0.404ms
[15.469s][debug][gc,phases      ] GC(2196) Reference Processing 0.016ms
[15.469s][debug][gc,phases      ] GC(2196) Weak Processing 0.008ms
[15.469s][debug][gc,phases      ] GC(2196) Scrub String Table 0.057ms
[15.469s][debug][gc,age         ] GC(2196) Desired survivor size 4194304 bytes, new threshold 1 (max threshold 15)
[15.469s][info ][gc,heap        ] GC(2196) PSYoungGen: 16386K->941K(15360K)
[15.469s][info ][gc,heap        ] GC(2196) ParOldGen: 32699K->33911K(41472K)
[15.469s][info ][gc,metaspace   ] GC(2196) Metaspace: 15867K->15867K(1064960K)
[15.469s][info ][gc             ] GC(2196) Pause Young (Allocation Failure) 47M->34M(55M) 0.622ms
[15.469s][info ][gc,cpu         ] GC(2196) User=0.01s Sys=0.00s Real=0.00s
[15.471s][info ][gc,start       ] GC(2197) Pause Young (Allocation Failure)
[15.471s][debug][gc,phases      ] GC(2197) Scavenge 0.447ms
[15.471s][debug][gc,phases      ] GC(2197) Reference Processing 0.016ms
[15.471s][debug][gc,phases      ] GC(2197) Weak Processing 0.009ms
[15.471s][debug][gc,phases      ] GC(2197) Scrub String Table 0.057ms
[15.471s][debug][gc,age         ] GC(2197) Desired survivor size 3670016 bytes, new threshold 1 (max threshold 15)
[15.471s][info ][gc,heap        ] GC(2197) PSYoungGen: 14932K->2535K(17920K)
[15.471s][info ][gc,heap        ] GC(2197) ParOldGen: 33911K->33911K(41472K)
[15.471s][info ][gc,metaspace   ] GC(2197) Metaspace: 15867K->15867K(1064960K)
[15.471s][info ][gc             ] GC(2197) Pause Young (Allocation Failure) 47M->35M(58M) 0.702ms
[15.471s][info ][gc,cpu         ] GC(2197) User=0.00s Sys=0.00s Real=0.00s
[15.472s][info ][gc,start       ] GC(2198) Pause Young (Allocation Failure)
[15.473s][debug][gc,phases      ] GC(2198) Scavenge 0.385ms
[15.473s][debug][gc,phases      ] GC(2198) Reference Processing 0.015ms
[15.473s][debug][gc,phases      ] GC(2198) Weak Processing 0.009ms
[15.473s][debug][gc,phases      ] GC(2198) Scrub String Table 0.058ms
[15.473s][debug][gc,age         ] GC(2198) Desired survivor size 4194304 bytes, new threshold 1 (max threshold 15)
[15.473s][info ][gc,heap        ] GC(2198) PSYoungGen: 16111K->2990K(17408K)
[15.473s][info ][gc,heap        ] GC(2198) ParOldGen: 33911K->33919K(41472K)
[15.473s][info ][gc,metaspace   ] GC(2198) Metaspace: 15867K->15867K(1064960K)
[15.473s][info ][gc             ] GC(2198) Pause Young (Allocation Failure) 48M->36M(57M) 0.629ms
[15.473s][info ][gc,cpu         ] GC(2198) User=0.00s Sys=0.00s Real=0.00s
[15.474s][info ][gc,start       ] GC(2199) Pause Young (Allocation Failure)
[15.475s][debug][gc,phases      ] GC(2199) Scavenge 1.155ms
[15.475s][debug][gc,phases      ] GC(2199) Reference Processing 0.017ms
[15.475s][debug][gc,phases      ] GC(2199) Weak Processing 0.010ms
[15.475s][debug][gc,phases      ] GC(2199) Scrub String Table 0.058ms
[15.475s][debug][gc,age         ] GC(2199) Desired survivor size 4194304 bytes, new threshold 1 (max threshold 15)
[15.475s][info ][gc,heap        ] GC(2199) PSYoungGen: 16558K->2958K(17408K)
[15.475s][info ][gc,heap        ] GC(2199) ParOldGen: 33919K->34334K(41472K)
[15.475s][info ][gc,metaspace   ] GC(2199) Metaspace: 15867K->15867K(1064960K)
[15.475s][info ][gc             ] GC(2199) Pause Young (Allocation Failure) 49M->36M(57M) 1.415ms
[15.475s][info ][gc,cpu         ] GC(2199) User=0.00s Sys=0.00s Real=0.00s
[15.476s][info ][gc,start       ] GC(2200) Pause Young (Allocation Failure)
[15.476s][debug][gc,phases      ] GC(2200) Scavenge 0.356ms
[15.476s][debug][gc,phases      ] GC(2200) Reference Processing 0.015ms
[15.476s][debug][gc,phases      ] GC(2200) Weak Processing 0.010ms
[15.477s][debug][gc,phases      ] GC(2200) Scrub String Table 0.061ms
[15.477s][debug][gc,age         ] GC(2200) Desired survivor size 4194304 bytes, new threshold 1 (max threshold 15)
[15.477s][info ][gc,heap        ] GC(2200) PSYoungGen: 16120K->2990K(17408K)
[15.477s][info ][gc,heap        ] GC(2200) ParOldGen: 34334K->34334K(41472K)
[15.477s][info ][gc,metaspace   ] GC(2200) Metaspace: 15867K->15867K(1064960K)
[15.477s][info ][gc             ] GC(2200) Pause Young (Allocation Failure) 49M->36M(57M) 0.580ms
[15.477s][info ][gc,cpu         ] GC(2200) User=0.00s Sys=0.00s Real=0.01s
[15.478s][info ][gc,start       ] GC(2201) Pause Young (Allocation Failure)
[15.478s][debug][gc,phases      ] GC(2201) Scavenge 0.373ms
[15.478s][debug][gc,phases      ] GC(2201) Reference Processing 0.023ms
[15.478s][debug][gc,phases      ] GC(2201) Weak Processing 0.014ms
[15.478s][debug][gc,phases      ] GC(2201) Scrub String Table 0.078ms
[15.478s][debug][gc,age         ] GC(2201) Desired survivor size 4194304 bytes, new threshold 1 (max threshold 15)
[15.478s][info ][gc,heap        ] GC(2201) PSYoungGen: 16117K->2599K(17408K)
[15.478s][info ][gc,heap        ] GC(2201) ParOldGen: 34334K->34350K(41472K)
[15.478s][info ][gc,metaspace   ] GC(2201) Metaspace: 15867K->15867K(1064960K)
[15.478s][info ][gc             ] GC(2201) Pause Young (Allocation Failure) 49M->36M(57M) 0.757ms
[15.478s][info ][gc,cpu         ] GC(2201) User=0.00s Sys=0.00s Real=0.00s
[15.479s][info ][gc,start       ] GC(2202) Pause Young (Allocation Failure)
[15.480s][debug][gc,phases      ] GC(2202) Scavenge 0.352ms
[15.480s][debug][gc,phases      ] GC(2202) Reference Processing 0.016ms
[15.480s][debug][gc,phases      ] GC(2202) Weak Processing 0.009ms
[15.480s][debug][gc,phases      ] GC(2202) Scrub String Table 0.057ms
[15.480s][debug][gc,age         ] GC(2202) Desired survivor size 4194304 bytes, new threshold 1 (max threshold 15)
[15.480s][info ][gc,heap        ] GC(2202) PSYoungGen: 15767K->2567K(17408K)
[15.480s][info ][gc,heap        ] GC(2202) ParOldGen: 34350K->34350K(41472K)
[15.480s][info ][gc,metaspace   ] GC(2202) Metaspace: 15867K->15867K(1064960K)
[15.480s][info ][gc             ] GC(2202) Pause Young (Allocation Failure) 48M->36M(57M) 0.593ms
[15.480s][info ][gc,cpu         ] GC(2202) User=0.01s Sys=0.00s Real=0.00s
[15.481s][info ][gc,start       ] GC(2203) Pause Young (Allocation Failure)
[15.481s][debug][gc,phases      ] GC(2203) Scavenge 0.373ms
[15.481s][debug][gc,phases      ] GC(2203) Reference Processing 0.018ms
[15.481s][debug][gc,phases      ] GC(2203) Weak Processing 0.009ms
[15.482s][debug][gc,phases      ] GC(2203) Scrub String Table 0.057ms
[15.482s][debug][gc,age         ] GC(2203) Desired survivor size 4194304 bytes, new threshold 1 (max threshold 15)
[15.482s][info ][gc,heap        ] GC(2203) PSYoungGen: 15729K->2990K(17408K)
[15.482s][info ][gc,heap        ] GC(2203) ParOldGen: 34350K->34358K(41472K)
[15.482s][info ][gc,metaspace   ] GC(2203) Metaspace: 15867K->15867K(1064960K)
[15.482s][info ][gc             ] GC(2203) Pause Young (Allocation Failure) 48M->36M(57M) 0.617ms
[15.482s][info ][gc,cpu         ] GC(2203) User=0.01s Sys=0.00s Real=0.00s
[15.483s][info ][gc,start       ] GC(2204) Pause Young (Allocation Failure)
[15.484s][debug][gc,phases      ] GC(2204) Scavenge 0.807ms
[15.484s][debug][gc,phases      ] GC(2204) Reference Processing 0.026ms
[15.484s][debug][gc,phases      ] GC(2204) Weak Processing 0.010ms
[15.484s][debug][gc,phases      ] GC(2204) Scrub String Table 0.059ms
[15.484s][debug][gc,age         ] GC(2204) Desired survivor size 4194304 bytes, new threshold 1 (max threshold 15)
[15.484s][info ][gc,heap        ] GC(2204) PSYoungGen: 16149K->1363K(17408K)
[15.484s][info ][gc,heap        ] GC(2204) ParOldGen: 34358K->34358K(41472K)
[15.484s][info ][gc,metaspace   ] GC(2204) Metaspace: 15867K->15867K(1064960K)
[15.484s][info ][gc             ] GC(2204) Pause Young (Allocation Failure) 49M->34M(57M) 1.077ms
[15.484s][info ][gc,cpu         ] GC(2204) User=0.01s Sys=0.00s Real=0.00s
[15.485s][info ][gc,start       ] GC(2205) Pause Young (Allocation Failure)
[15.485s][debug][gc,phases      ] GC(2205) Scavenge 0.407ms
[15.485s][debug][gc,phases      ] GC(2205) Reference Processing 0.016ms
[15.485s][debug][gc,phases      ] GC(2205) Weak Processing 0.009ms
[15.485s][debug][gc,phases      ] GC(2205) Scrub String Table 0.057ms
[15.485s][debug][gc,age         ] GC(2205) Desired survivor size 4194304 bytes, new threshold 1 (max threshold 15)
[15.485s][info ][gc,heap        ] GC(2205) PSYoungGen: 14520K->2990K(17408K)
[15.485s][info ][gc,heap        ] GC(2205) ParOldGen: 34358K->34358K(41472K)
[15.485s][info ][gc,metaspace   ] GC(2205) Metaspace: 15867K->15867K(1064960K)
[15.485s][info ][gc             ] GC(2205) Pause Young (Allocation Failure) 47M->36M(57M) 0.645ms
[15.485s][info ][gc,cpu         ] GC(2205) User=0.00s Sys=0.01s Real=0.00s
[15.486s][info ][gc,start       ] GC(2206) Pause Young (Allocation Failure)
[15.487s][debug][gc,phases      ] GC(2206) Scavenge 0.289ms
[15.487s][debug][gc,phases      ] GC(2206) Reference Processing 0.019ms
[15.487s][debug][gc,phases      ] GC(2206) Weak Processing 0.014ms
[15.487s][debug][gc,phases      ] GC(2206) Scrub String Table 0.062ms
[15.487s][debug][gc,age         ] GC(2206) Desired survivor size 4194304 bytes, new threshold 1 (max threshold 15)
[15.487s][info ][gc,heap        ] GC(2206) PSYoungGen: 16145K->1818K(17408K)
[15.487s][info ][gc,heap        ] GC(2206) ParOldGen: 34358K->34358K(41472K)
[15.487s][info ][gc,metaspace   ] GC(2206) Metaspace: 15867K->15867K(1064960K)
[15.487s][info ][gc             ] GC(2206) Pause Young (Allocation Failure) 49M->35M(57M) 0.594ms
[15.487s][info ][gc,cpu         ] GC(2206) User=0.00s Sys=0.00s Real=0.01s
[15.488s][info ][gc,start       ] GC(2207) Pause Young (Allocation Failure)
[15.488s][debug][gc,phases      ] GC(2207) Scavenge 0.354ms
[15.488s][debug][gc,phases      ] GC(2207) Reference Processing 0.016ms
[15.488s][debug][gc,phases      ] GC(2207) Weak Processing 0.009ms
[15.488s][debug][gc,phases      ] GC(2207) Scrub String Table 0.059ms
[15.488s][debug][gc,age         ] GC(2207) Desired survivor size 4194304 bytes, new threshold 1 (max threshold 15)
[15.488s][info ][gc,heap        ] GC(2207) PSYoungGen: 14972K->1395K(17408K)
[15.488s][info ][gc,heap        ] GC(2207) ParOldGen: 34358K->34764K(41472K)
[15.488s][info ][gc,metaspace   ] GC(2207) Metaspace: 15867K->15867K(1064960K)
[15.488s][info ][gc             ] GC(2207) Pause Young (Allocation Failure) 48M->35M(57M) 0.600ms
[15.488s][info ][gc,cpu         ] GC(2207) User=0.00s Sys=0.00s Real=0.00s
[15.489s][info ][gc,start       ] GC(2208) Pause Young (Allocation Failure)
[15.490s][debug][gc,phases      ] GC(2208) Scavenge 0.272ms
[15.490s][debug][gc,phases      ] GC(2208) Reference Processing 0.017ms
[15.490s][debug][gc,phases      ] GC(2208) Weak Processing 0.010ms
[15.490s][debug][gc,phases      ] GC(2208) Scrub String Table 0.063ms
[15.490s][debug][gc,age         ] GC(2208) Desired survivor size 4194304 bytes, new threshold 1 (max threshold 15)
[15.490s][info ][gc,heap        ] GC(2208) PSYoungGen: 14549K->2177K(17408K)
[15.490s][info ][gc,heap        ] GC(2208) ParOldGen: 34764K->34764K(41472K)
[15.490s][info ][gc,metaspace   ] GC(2208) Metaspace: 15867K->15867K(1064960K)
[15.490s][info ][gc             ] GC(2208) Pause Young (Allocation Failure) 48M->36M(57M) 0.542ms
[15.490s][info ][gc,cpu         ] GC(2208) User=0.01s Sys=0.00s Real=0.00s
[15.491s][info ][gc,start       ] GC(2209) Pause Young (Allocation Failure)
[15.492s][debug][gc,phases      ] GC(2209) Scavenge 0.985ms
[15.492s][debug][gc,phases      ] GC(2209) Reference Processing 0.016ms
[15.492s][debug][gc,phases      ] GC(2209) Weak Processing 0.009ms
[15.492s][debug][gc,phases      ] GC(2209) Scrub String Table 0.057ms
[15.492s][debug][gc,age         ] GC(2209) Desired survivor size 4194304 bytes, new threshold 1 (max threshold 15)
[15.492s][info ][gc,heap        ] GC(2209) PSYoungGen: 15330K->2958K(17408K)
[15.492s][info ][gc,heap        ] GC(2209) ParOldGen: 34764K->34772K(41472K)
[15.492s][info ][gc,metaspace   ] GC(2209) Metaspace: 15867K->15867K(1064960K)
[15.492s][info ][gc             ] GC(2209) Pause Young (Allocation Failure) 48M->36M(57M) 1.242ms
[15.492s][info ][gc,cpu         ] GC(2209) User=0.01s Sys=0.00s Real=0.00s
[15.493s][info ][gc,start       ] GC(2210) Pause Young (Allocation Failure)
[15.494s][debug][gc,phases      ] GC(2210) Scavenge 0.952ms
[15.494s][debug][gc,phases      ] GC(2210) Reference Processing 0.018ms
[15.494s][debug][gc,phases      ] GC(2210) Weak Processing 0.009ms
[15.494s][debug][gc,phases      ] GC(2210) Scrub String Table 0.057ms
[15.494s][debug][gc,age         ] GC(2210) Desired survivor size 4194304 bytes, new threshold 1 (max threshold 15)
[15.494s][info ][gc,heap        ] GC(2210) PSYoungGen: 16111K->1786K(17408K)
[15.494s][info ][gc,heap        ] GC(2210) ParOldGen: 34772K->34772K(41472K)
[15.494s][info ][gc,metaspace   ] GC(2210) Metaspace: 15867K->15867K(1064960K)
[15.494s][info ][gc             ] GC(2210) Pause Young (Allocation Failure) 49M->35M(57M) 1.217ms
[15.494s][info ][gc,cpu         ] GC(2210) User=0.01s Sys=0.00s Real=0.00s
[15.495s][info ][gc,start       ] GC(2211) Pause Young (Allocation Failure)
[15.496s][debug][gc,phases      ] GC(2211) Scavenge 0.733ms
[15.496s][debug][gc,phases      ] GC(2211) Reference Processing 0.016ms
[15.496s][debug][gc,phases      ] GC(2211) Weak Processing 0.009ms
[15.496s][debug][gc,phases      ] GC(2211) Scrub String Table 0.058ms
[15.496s][debug][gc,age         ] GC(2211) Desired survivor size 4194304 bytes, new threshold 1 (max threshold 15)
[15.496s][info ][gc,heap        ] GC(2211) PSYoungGen: 14939K->3349K(17408K)
[15.496s][info ][gc,heap        ] GC(2211) ParOldGen: 34772K->34804K(41472K)
[15.496s][info ][gc,metaspace   ] GC(2211) Metaspace: 15867K->15867K(1064960K)
[15.496s][info ][gc             ] GC(2211) Pause Young (Allocation Failure) 48M->37M(57M) 0.977ms
[15.496s][info ][gc,cpu         ] GC(2211) User=0.01s Sys=0.00s Real=0.01s
[15.497s][info ][gc,start       ] GC(2212) Pause Young (Allocation Failure)
[15.498s][debug][gc,phases      ] GC(2212) Scavenge 0.927ms
[15.498s][debug][gc,phases      ] GC(2212) Reference Processing 0.017ms
[15.498s][debug][gc,phases      ] GC(2212) Weak Processing 0.010ms
[15.498s][debug][gc,phases      ] GC(2212) Scrub String Table 0.061ms
[15.498s][debug][gc,age         ] GC(2212) Desired survivor size 4194304 bytes, new threshold 1 (max threshold 15)
[15.498s][info ][gc,heap        ] GC(2212) PSYoungGen: 16464K->1754K(17408K)
[15.498s][info ][gc,heap        ] GC(2212) ParOldGen: 34804K->35211K(41472K)
[15.498s][info ][gc,metaspace   ] GC(2212) Metaspace: 15867K->15867K(1064960K)
[15.498s][info ][gc             ] GC(2212) Pause Young (Allocation Failure) 50M->36M(57M) 1.178ms
[15.498s][info ][gc,cpu         ] GC(2212) User=0.01s Sys=0.00s Real=0.00s
[15.500s][info ][gc,start       ] GC(2213) Pause Young (Allocation Failure)
[15.501s][debug][gc,phases      ] GC(2213) Scavenge 0.982ms
[15.501s][debug][gc,phases      ] GC(2213) Reference Processing 0.019ms
[15.501s][debug][gc,phases      ] GC(2213) Weak Processing 0.009ms
[15.501s][debug][gc,phases      ] GC(2213) Scrub String Table 0.061ms
[15.501s][debug][gc,age         ] GC(2213) Desired survivor size 4194304 bytes, new threshold 1 (max threshold 15)
[15.501s][info ][gc,heap        ] GC(2213) PSYoungGen: 14854K->2113K(17408K)
[15.501s][info ][gc,heap        ] GC(2213) ParOldGen: 35211K->35634K(41472K)
[15.501s][info ][gc,metaspace   ] GC(2213) Metaspace: 15867K->15867K(1064960K)
[15.501s][info ][gc             ] GC(2213) Pause Young (Allocation Failure) 48M->36M(57M) 1.263ms
[15.501s][info ][gc,cpu         ] GC(2213) User=0.01s Sys=0.00s Real=0.00s
[15.502s][info ][gc,start       ] GC(2214) Pause Young (Allocation Failure)
[15.503s][debug][gc,phases      ] GC(2214) Scavenge 0.742ms
[15.503s][debug][gc,phases      ] GC(2214) Reference Processing 0.019ms
[15.503s][debug][gc,phases      ] GC(2214) Weak Processing 0.008ms
[15.503s][debug][gc,phases      ] GC(2214) Scrub String Table 0.059ms
[15.503s][debug][gc,age         ] GC(2214) Desired survivor size 4194304 bytes, new threshold 1 (max threshold 15)
[15.503s][info ][gc,heap        ] GC(2214) PSYoungGen: 15258K->2177K(17408K)
[15.503s][info ][gc,heap        ] GC(2214) ParOldGen: 35634K->36040K(41472K)
[15.503s][info ][gc,metaspace   ] GC(2214) Metaspace: 15867K->15867K(1064960K)
[15.503s][info ][gc             ] GC(2214) Pause Young (Allocation Failure) 49M->37M(57M) 1.004ms
[15.503s][info ][gc,cpu         ] GC(2214) User=0.01s Sys=0.00s Real=0.00s
[15.504s][info ][gc,start       ] GC(2215) Pause Young (Allocation Failure)
[15.504s][debug][gc,phases      ] GC(2215) Scavenge 0.466ms
[15.505s][debug][gc,phases      ] GC(2215) Reference Processing 0.019ms
[15.505s][debug][gc,phases      ] GC(2215) Weak Processing 0.011ms
[15.505s][debug][gc,phases      ] GC(2215) Scrub String Table 0.067ms
[15.505s][debug][gc,age         ] GC(2215) Desired survivor size 4194304 bytes, new threshold 1 (max threshold 15)
[15.505s][info ][gc,heap        ] GC(2215) PSYoungGen: 15364K->2958K(17408K)
[15.505s][info ][gc,heap        ] GC(2215) ParOldGen: 36040K->36056K(41472K)
[15.505s][info ][gc,metaspace   ] GC(2215) Metaspace: 15867K->15867K(1064960K)
[15.505s][info ][gc             ] GC(2215) Pause Young (Allocation Failure) 50M->38M(57M) 0.777ms
[15.505s][info ][gc,cpu         ] GC(2215) User=0.01s Sys=0.00s Real=0.00s
[15.513s][info ][gc,start       ] GC(2216) Pause Young (Allocation Failure)
[15.515s][debug][gc,phases      ] GC(2216) Scavenge 1.759ms
[15.515s][debug][gc,phases      ] GC(2216) Reference Processing 0.033ms
[15.515s][debug][gc,phases      ] GC(2216) Weak Processing 0.014ms
[15.516s][debug][gc,phases      ] GC(2216) Scrub String Table 0.069ms
[15.516s][debug][gc,age         ] GC(2216) Desired survivor size 4194304 bytes, new threshold 1 (max threshold 15)
[15.516s][info ][gc,heap        ] GC(2216) PSYoungGen: 16099K->2862K(17408K)
[15.516s][info ][gc,heap        ] GC(2216) ParOldGen: 36056K->36471K(41472K)
[15.516s][info ][gc,metaspace   ] GC(2216) Metaspace: 15867K->15867K(1064960K)
[15.516s][info ][gc             ] GC(2216) Pause Young (Allocation Failure) 50M->38M(57M) 2.208ms
[15.516s][info ][gc,cpu         ] GC(2216) User=0.01s Sys=0.00s Real=0.00s
[15.517s][info ][gc,start       ] GC(2217) Pause Young (Allocation Failure)
[15.518s][debug][gc,phases      ] GC(2217) Scavenge 1.283ms
[15.518s][debug][gc,phases      ] GC(2217) Reference Processing 0.110ms
[15.518s][debug][gc,phases      ] GC(2217) Weak Processing 0.013ms
[15.519s][debug][gc,phases      ] GC(2217) Scrub String Table 0.068ms
[15.519s][debug][gc,age         ] GC(2217) Desired survivor size 4194304 bytes, new threshold 1 (max threshold 15)
[15.519s][info ][gc,heap        ] GC(2217) PSYoungGen: 15974K->2049K(17408K)
[15.519s][info ][gc,heap        ] GC(2217) ParOldGen: 36471K->37276K(41472K)
[15.519s][info ][gc,metaspace   ] GC(2217) Metaspace: 15867K->15867K(1064960K)
[15.519s][info ][gc             ] GC(2217) Pause Young (Allocation Failure) 51M->38M(57M) 1.709ms
[15.519s][info ][gc,cpu         ] GC(2217) User=0.01s Sys=0.00s Real=0.00s
[15.520s][info ][gc,start       ] GC(2218) Pause Young (Allocation Failure)
[15.521s][debug][gc,phases      ] GC(2218) Scavenge 1.082ms
[15.521s][debug][gc,phases      ] GC(2218) Reference Processing 0.017ms
[15.521s][debug][gc,phases      ] GC(2218) Weak Processing 0.010ms
[15.521s][debug][gc,phases      ] GC(2218) Scrub String Table 0.059ms
[15.521s][debug][gc,age         ] GC(2218) Desired survivor size 4194304 bytes, new threshold 1 (max threshold 15)
[15.521s][info ][gc,heap        ] GC(2218) PSYoungGen: 15242K->2535K(17408K)
[15.521s][info ][gc,heap        ] GC(2218) ParOldGen: 37276K->37691K(41472K)
[15.521s][info ][gc,metaspace   ] GC(2218) Metaspace: 15867K->15867K(1064960K)
[15.521s][info ][gc             ] GC(2218) Pause Young (Allocation Failure) 51M->39M(57M) 1.341ms
[15.521s][info ][gc,cpu         ] GC(2218) User=0.01s Sys=0.00s Real=0.00s
[15.522s][info ][gc,start       ] GC(2219) Pause Young (Allocation Failure)
[15.523s][debug][gc,phases      ] GC(2219) Scavenge 0.915ms
[15.523s][debug][gc,phases      ] GC(2219) Reference Processing 0.016ms
[15.524s][debug][gc,phases      ] GC(2219) Weak Processing 0.009ms
[15.524s][debug][gc,phases      ] GC(2219) Scrub String Table 0.058ms
[15.524s][debug][gc,age         ] GC(2219) Desired survivor size 4194304 bytes, new threshold 1 (max threshold 15)
[15.524s][info ][gc,heap        ] GC(2219) PSYoungGen: 15663K->2177K(17408K)
[15.524s][info ][gc,heap        ] GC(2219) ParOldGen: 37691K->38105K(41472K)
[15.524s][info ][gc,metaspace   ] GC(2219) Metaspace: 15867K->15867K(1064960K)
[15.524s][info ][gc             ] GC(2219) Pause Young (Allocation Failure) 52M->39M(57M) 1.169ms
[15.524s][info ][gc,cpu         ] GC(2219) User=0.01s Sys=0.00s Real=0.00s
[15.525s][info ][gc,start       ] GC(2220) Pause Young (Allocation Failure)
[15.526s][debug][gc,phases      ] GC(2220) Scavenge 0.849ms
[15.526s][debug][gc,phases      ] GC(2220) Reference Processing 0.019ms
[15.526s][debug][gc,phases      ] GC(2220) Weak Processing 0.009ms
[15.526s][debug][gc,phases      ] GC(2220) Scrub String Table 0.062ms
[15.526s][debug][gc,age         ] GC(2220) Desired survivor size 3670016 bytes, new threshold 1 (max threshold 15)
[15.526s][info ][gc,heap        ] GC(2220) PSYoungGen: 15341K->2145K(15872K)
[15.526s][info ][gc,heap        ] GC(2220) ParOldGen: 38105K->38121K(41472K)
[15.526s][info ][gc,metaspace   ] GC(2220) Metaspace: 15867K->15867K(1064960K)
[15.526s][info ][gc             ] GC(2220) Pause Young (Allocation Failure) 52M->39M(56M) 1.238ms
[15.526s][info ][gc,cpu         ] GC(2220) User=0.01s Sys=0.00s Real=0.00s
[15.527s][info ][gc,start       ] GC(2221) Pause Young (Allocation Failure)
[15.528s][debug][gc,phases      ] GC(2221) Scavenge 1.036ms
[15.528s][debug][gc,phases      ] GC(2221) Reference Processing 0.021ms
[15.528s][debug][gc,phases      ] GC(2221) Weak Processing 0.009ms
[15.528s][debug][gc,phases      ] GC(2221) Scrub String Table 0.060ms
[15.528s][debug][gc,age         ] GC(2221) Desired survivor size 3670016 bytes, new threshold 1 (max threshold 15)
[15.528s][info ][gc,heap        ] GC(2221) PSYoungGen: 15295K->2535K(16896K)
[15.528s][info ][gc,heap        ] GC(2221) ParOldGen: 38121K->38528K(41472K)
[15.528s][info ][gc,metaspace   ] GC(2221) Metaspace: 15867K->15867K(1064960K)
[15.528s][info ][gc             ] GC(2221) Pause Young (Allocation Failure) 52M->40M(57M) 1.338ms
[15.528s][info ][gc,cpu         ] GC(2221) User=0.01s Sys=0.00s Real=0.00s
[15.529s][info ][gc,start       ] GC(2222) Pause Young (Allocation Failure)
[15.530s][debug][gc,phases      ] GC(2222) Scavenge 0.941ms
[15.530s][debug][gc,phases      ] GC(2222) Reference Processing 0.017ms
[15.530s][debug][gc,phases      ] GC(2222) Weak Processing 0.009ms
[15.531s][debug][gc,phases      ] GC(2222) Scrub String Table 0.061ms
[15.531s][debug][gc,age         ] GC(2222) Desired survivor size 3670016 bytes, new threshold 1 (max threshold 15)
[15.531s][info ][gc,heap        ] GC(2222) PSYoungGen: 15720K->2535K(16896K)
[15.531s][info ][gc,heap        ] GC(2222) ParOldGen: 38528K->38536K(41472K)
[15.531s][info ][gc,metaspace   ] GC(2222) Metaspace: 15867K->15867K(1064960K)
[15.531s][info ][gc             ] GC(2222) Pause Young (Allocation Failure) 52M->40M(57M) 1.209ms
[15.531s][info ][gc,cpu         ] GC(2222) User=0.01s Sys=0.01s Real=0.00s
[15.532s][info ][gc,start       ] GC(2223) Pause Young (Allocation Failure)
[15.533s][debug][gc,phases      ] GC(2223) Scavenge 1.302ms
[15.533s][debug][gc,phases      ] GC(2223) Reference Processing 0.018ms
[15.533s][debug][gc,phases      ] GC(2223) Weak Processing 0.012ms
[15.533s][debug][gc,phases      ] GC(2223) Scrub String Table 0.065ms
[15.533s][debug][gc,age         ] GC(2223) Desired survivor size 3670016 bytes, new threshold 1 (max threshold 15)
[15.533s][info ][gc,heap        ] GC(2223) PSYoungGen: 15639K->2145K(17920K)
[15.533s][info ][gc,heap        ] GC(2223) ParOldGen: 38536K->39349K(41472K)
[15.533s][info ][gc,metaspace   ] GC(2223) Metaspace: 15867K->15867K(1064960K)
[15.533s][info ][gc             ] GC(2223) Pause Young (Allocation Failure) 52M->40M(58M) 1.593ms
[15.533s][info ][gc,cpu         ] GC(2223) User=0.01s Sys=0.00s Real=0.00s
[15.534s][info ][gc,start       ] GC(2224) Pause Young (Allocation Failure)
[15.535s][debug][gc,phases      ] GC(2224) Scavenge 0.885ms
[15.535s][debug][gc,phases      ] GC(2224) Reference Processing 0.022ms
[15.535s][debug][gc,phases      ] GC(2224) Weak Processing 0.012ms
[15.535s][debug][gc,phases      ] GC(2224) Scrub String Table 0.062ms
[15.535s][debug][gc,age         ] GC(2224) Desired survivor size 3670016 bytes, new threshold 1 (max threshold 15)
[15.535s][info ][gc,heap        ] GC(2224) PSYoungGen: 16447K->2145K(17920K)
[15.535s][info ][gc,heap        ] GC(2224) ParOldGen: 39349K->39764K(41472K)
[15.535s][info ][gc,metaspace   ] GC(2224) Metaspace: 15867K->15867K(1064960K)
[15.535s][info ][gc             ] GC(2224) Pause Young (Allocation Failure) 54M->40M(58M) 1.152ms
[15.535s][info ][gc,cpu         ] GC(2224) User=0.00s Sys=0.00s Real=0.00s
[15.537s][info ][gc,start       ] GC(2225) Pause Young (Allocation Failure)
[15.537s][debug][gc,phases      ] GC(2225) Scavenge 0.813ms
[15.537s][debug][gc,phases      ] GC(2225) Reference Processing 0.017ms
[15.538s][debug][gc,phases      ] GC(2225) Weak Processing 0.009ms
[15.538s][debug][gc,phases      ] GC(2225) Scrub String Table 0.060ms
[15.538s][debug][gc,age         ] GC(2225) Desired survivor size 3670016 bytes, new threshold 1 (max threshold 15)
[15.538s][info ][gc,heap        ] GC(2225) PSYoungGen: 16114K->1363K(17920K)
[15.538s][info ][gc,heap        ] GC(2225) ParOldGen: 39764K->39780K(41472K)
[15.538s][info ][gc,metaspace   ] GC(2225) Metaspace: 15867K->15867K(1064960K)
[15.538s][info ][gc             ] GC(2225) Pause Young (Allocation Failure) 54M->40M(58M) 1.083ms
[15.538s][info ][gc,cpu         ] GC(2225) User=0.00s Sys=0.00s Real=0.00s
[15.539s][info ][gc,start       ] GC(2226) Pause Young (Allocation Failure)
[15.540s][debug][gc,phases      ] GC(2226) Scavenge 0.883ms
[15.540s][debug][gc,phases      ] GC(2226) Reference Processing 0.018ms
[15.540s][debug][gc,phases      ] GC(2226) Weak Processing 0.010ms
[15.540s][debug][gc,phases      ] GC(2226) Scrub String Table 0.062ms
[15.540s][debug][gc,age         ] GC(2226) Desired survivor size 3670016 bytes, new threshold 1 (max threshold 15)
[15.540s][info ][gc,heap        ] GC(2226) PSYoungGen: 15328K->2145K(17920K)
[15.540s][info ][gc,heap        ] GC(2226) ParOldGen: 39780K->39796K(41472K)
[15.540s][info ][gc,metaspace   ] GC(2226) Metaspace: 15867K->15867K(1064960K)
[15.540s][info ][gc             ] GC(2226) Pause Young (Allocation Failure) 53M->40M(58M) 1.159ms
[15.540s][info ][gc,cpu         ] GC(2226) User=0.00s Sys=0.00s Real=0.00s
[15.541s][info ][gc,start       ] GC(2227) Pause Young (Allocation Failure)
[15.542s][debug][gc,phases      ] GC(2227) Scavenge 0.974ms
[15.542s][debug][gc,phases      ] GC(2227) Reference Processing 0.019ms
[15.542s][debug][gc,phases      ] GC(2227) Weak Processing 0.010ms
[15.542s][debug][gc,phases      ] GC(2227) Scrub String Table 0.061ms
[15.542s][debug][gc,age         ] GC(2227) Desired survivor size 3670016 bytes, new threshold 1 (max threshold 15)
[15.542s][info ][gc,heap        ] GC(2227) PSYoungGen: 16108K->2567K(17920K)
[15.542s][info ][gc,heap        ] GC(2227) ParOldGen: 39796K->39820K(41472K)
[15.542s][info ][gc,metaspace   ] GC(2227) Metaspace: 15867K->15867K(1064960K)
[15.542s][info ][gc             ] GC(2227) Pause Young (Allocation Failure) 54M->41M(58M) 1.245ms
[15.542s][info ][gc,cpu         ] GC(2227) User=0.00s Sys=0.00s Real=0.00s
[15.543s][info ][gc,start       ] GC(2228) Pause Young (Allocation Failure)
[15.545s][debug][gc,phases      ] GC(2228) Scavenge 1.140ms
[15.545s][debug][gc,phases      ] GC(2228) Reference Processing 0.017ms
[15.545s][debug][gc,phases      ] GC(2228) Weak Processing 0.010ms
[15.545s][debug][gc,phases      ] GC(2228) Scrub String Table 0.060ms
[15.545s][debug][gc,age         ] GC(2228) Desired survivor size 3670016 bytes, new threshold 1 (max threshold 15)
[15.545s][info ][gc,heap        ] GC(2228) PSYoungGen: 16523K->2145K(17920K)
[15.545s][info ][gc,heap        ] GC(2228) ParOldGen: 39820K->40227K(41472K)
[15.545s][info ][gc,metaspace   ] GC(2228) Metaspace: 15867K->15867K(1064960K)
[15.545s][info ][gc             ] GC(2228) Pause Young (Allocation Failure) 55M->41M(58M) 1.397ms
[15.545s][info ][gc,cpu         ] GC(2228) User=0.00s Sys=0.00s Real=0.00s
[15.546s][info ][gc,start       ] GC(2229) Pause Young (Allocation Failure)
[15.547s][debug][gc,phases      ] GC(2229) Scavenge 1.073ms
[15.547s][debug][gc,phases      ] GC(2229) Reference Processing 0.018ms
[15.547s][debug][gc,phases      ] GC(2229) Weak Processing 0.011ms
[15.547s][debug][gc,phases      ] GC(2229) Scrub String Table 0.061ms
[15.547s][debug][gc,age         ] GC(2229) Desired survivor size 3670016 bytes, new threshold 1 (max threshold 15)
[15.547s][info ][gc,heap        ] GC(2229) PSYoungGen: 16098K->1690K(17920K)
[15.547s][info ][gc,heap        ] GC(2229) ParOldGen: 40227K->40243K(41472K)
[15.547s][info ][gc,metaspace   ] GC(2229) Metaspace: 15867K->15867K(1064960K)
[15.547s][info ][gc             ] GC(2229) Pause Young (Allocation Failure) 55M->40M(58M) 1.332ms
[15.547s][info ][gc,cpu         ] GC(2229) User=0.00s Sys=0.00s Real=0.01s
[15.548s][info ][gc,start       ] GC(2230) Pause Young (Allocation Failure)
[15.549s][debug][gc,phases      ] GC(2230) Scavenge 0.850ms
[15.549s][debug][gc,phases      ] GC(2230) Reference Processing 0.018ms
[15.549s][debug][gc,phases      ] GC(2230) Weak Processing 0.010ms
[15.549s][debug][gc,phases      ] GC(2230) Scrub String Table 0.063ms
[15.549s][debug][gc,age         ] GC(2230) Desired survivor size 3670016 bytes, new threshold 1 (max threshold 15)
[15.549s][info ][gc,heap        ] GC(2230) PSYoungGen: 15644K->2535K(17920K)
[15.549s][info ][gc,heap        ] GC(2230) ParOldGen: 40243K->40259K(41472K)
[15.549s][info ][gc,metaspace   ] GC(2230) Metaspace: 15867K->15867K(1064960K)
[15.549s][info ][gc             ] GC(2230) Pause Young (Allocation Failure) 54M->41M(58M) 1.127ms
[15.549s][info ][gc,cpu         ] GC(2230) User=0.01s Sys=0.00s Real=0.00s
[15.550s][info ][gc,start       ] GC(2231) Pause Young (Allocation Failure)
[15.552s][debug][gc,phases      ] GC(2231) Scavenge 1.470ms
[15.552s][debug][gc,phases      ] GC(2231) Reference Processing 0.023ms
[15.552s][debug][gc,phases      ] GC(2231) Weak Processing 0.011ms
[15.552s][debug][gc,phases      ] GC(2231) Scrub String Table 0.059ms
[15.552s][debug][gc,age         ] GC(2231) Desired survivor size 3670016 bytes, new threshold 1 (max threshold 15)
[15.552s][info ][gc,heap        ] GC(2231) PSYoungGen: 16493K->2926K(17920K)
[15.552s][info ][gc,heap        ] GC(2231) ParOldGen: 40259K->40283K(41472K)
[15.552s][info ][gc,metaspace   ] GC(2231) Metaspace: 15867K->15867K(1064960K)
[15.552s][info ][gc             ] GC(2231) Pause Young (Allocation Failure) 55M->42M(58M) 1.814ms
[15.552s][info ][gc,cpu         ] GC(2231) User=0.01s Sys=0.00s Real=0.00s
[15.553s][info ][gc,start       ] GC(2232) Pause Young (Allocation Failure)
[15.554s][debug][gc,phases      ] GC(2232) Scavenge 0.459ms
[15.554s][debug][gc,phases      ] GC(2232) Reference Processing 0.016ms
[15.554s][debug][gc,phases      ] GC(2232) Weak Processing 0.009ms
[15.554s][debug][gc,phases      ] GC(2232) Scrub String Table 0.058ms
[15.554s][debug][gc,age         ] GC(2232) Desired survivor size 3670016 bytes, new threshold 1 (max threshold 15)
[15.554s][info ][gc,heap        ] GC(2232) PSYoungGen: 16922K->2567K(17920K)
[15.554s][info ][gc,heap        ] GC(2232) ParOldGen: 40283K->40689K(41472K)
[15.554s][info ][gc,metaspace   ] GC(2232) Metaspace: 15867K->15867K(1064960K)
[15.554s][info ][gc             ] GC(2232) Pause Young (Allocation Failure) 55M->42M(58M) 0.702ms
[15.554s][info ][gc,cpu         ] GC(2232) User=0.00s Sys=0.00s Real=0.00s
[15.554s][debug][gc,phases      ] GC(2233) Pre Compact 0.008ms
[15.554s][info ][gc,start       ] GC(2233) Pause Full (Ergonomics)
[15.554s][info ][gc,phases,start] GC(2233) Marking Phase
[15.557s][debug][gc,phases      ] GC(2233) Par Mark 2.377ms
[15.557s][debug][gc,phases      ] GC(2233) Reference Processing 0.041ms
[15.557s][debug][gc,phases      ] GC(2233) Weak Processing 0.007ms
[15.557s][debug][gc,phases      ] GC(2233) ClassLoaderData 0.018ms
[15.557s][debug][gc,phases      ] GC(2233) ProtectionDomainCacheTable 0.004ms
[15.557s][debug][gc,phases      ] GC(2233) ResolvedMethodTable 0.012ms
[15.557s][debug][gc,phases      ] GC(2233) Class Unloading 0.667ms
[15.557s][debug][gc,phases      ] GC(2233) Scrub String Table 0.046ms
[15.558s][debug][gc,phases      ] GC(2233) Scrub Symbol Table 0.864ms
[15.558s][info ][gc,phases      ] GC(2233) Marking Phase 4.103ms
[15.558s][info ][gc,phases,start] GC(2233) Summary Phase
[15.558s][info ][gc,phases      ] GC(2233) Summary Phase 0.010ms
[15.558s][info ][gc,phases,start] GC(2233) Adjust Roots
[15.560s][info ][gc,phases      ] GC(2233) Adjust Roots 1.300ms
[15.560s][info ][gc,phases,start] GC(2233) Compaction Phase
[15.561s][info ][gc,phases      ] GC(2233) Compaction Phase 1.025ms
[15.561s][info ][gc,phases,start] GC(2233) Post Compact
[15.561s][info ][gc,phases      ] GC(2233) Post Compact 0.063ms
[15.561s][info ][gc,heap        ] GC(2233) PSYoungGen: 2567K->0K(17920K)
[15.561s][info ][gc,heap        ] GC(2233) ParOldGen: 40689K->5862K(43520K)
[15.561s][info ][gc,metaspace   ] GC(2233) Metaspace: 15867K->15867K(1064960K)
[15.561s][info ][gc             ] GC(2233) Pause Full (Ergonomics) 42M->5M(60M) 6.666ms
[15.561s][info ][gc,cpu         ] GC(2233) User=0.03s Sys=0.00s Real=0.01s
[15.562s][info ][gc,start       ] GC(2234) Pause Young (Allocation Failure)
[15.562s][debug][gc,phases      ] GC(2234) Scavenge 0.265ms
[15.562s][debug][gc,phases      ] GC(2234) Reference Processing 0.016ms
[15.562s][debug][gc,phases      ] GC(2234) Weak Processing 0.009ms
[15.562s][debug][gc,phases      ] GC(2234) Scrub String Table 0.058ms
[15.562s][debug][gc,age         ] GC(2234) Desired survivor size 3670016 bytes, new threshold 1 (max threshold 15)
[15.562s][info ][gc,heap        ] GC(2234) PSYoungGen: 13980K->1427K(17920K)
[15.562s][info ][gc,heap        ] GC(2234) ParOldGen: 5862K->5862K(43520K)
[15.562s][info ][gc,metaspace   ] GC(2234) Metaspace: 15867K->15867K(1064960K)
[15.562s][info ][gc             ] GC(2234) Pause Young (Allocation Failure) 19M->7M(60M) 0.505ms
[15.562s][info ][gc,cpu         ] GC(2234) User=0.01s Sys=0.00s Real=0.00s
[15.563s][info ][gc,start       ] GC(2235) Pause Young (Allocation Failure)
[15.564s][debug][gc,phases      ] GC(2235) Scavenge 0.372ms
[15.564s][debug][gc,phases      ] GC(2235) Reference Processing 0.016ms
[15.564s][debug][gc,phases      ] GC(2235) Weak Processing 0.009ms
[15.564s][debug][gc,phases      ] GC(2235) Scrub String Table 0.057ms
[15.564s][debug][gc,age         ] GC(2235) Desired survivor size 3670016 bytes, new threshold 1 (max threshold 15)
[15.564s][info ][gc,heap        ] GC(2235) PSYoungGen: 15398K->2567K(17920K)
[15.564s][info ][gc,heap        ] GC(2235) ParOldGen: 5862K->5870K(43520K)
[15.564s][info ][gc,metaspace   ] GC(2235) Metaspace: 15867K->15867K(1064960K)
[15.564s][info ][gc             ] GC(2235) Pause Young (Allocation Failure) 20M->8M(60M) 0.612ms
[15.564s][info ][gc,cpu         ] GC(2235) User=0.00s Sys=0.00s Real=0.00s
[15.565s][info ][gc,start       ] GC(2236) Pause Young (Allocation Failure)
[15.565s][debug][gc,phases      ] GC(2236) Scavenge 0.333ms
[15.565s][debug][gc,phases      ] GC(2236) Reference Processing 0.015ms
[15.565s][debug][gc,phases      ] GC(2236) Weak Processing 0.008ms
[15.565s][debug][gc,phases      ] GC(2236) Scrub String Table 0.058ms
[15.565s][debug][gc,age         ] GC(2236) Desired survivor size 3670016 bytes, new threshold 1 (max threshold 15)
[15.566s][info ][gc,heap        ] GC(2236) PSYoungGen: 16532K->2958K(17920K)
[15.566s][info ][gc,heap        ] GC(2236) ParOldGen: 5870K->5870K(43520K)
[15.566s][info ][gc,metaspace   ] GC(2236) Metaspace: 15867K->15867K(1064960K)
[15.566s][info ][gc             ] GC(2236) Pause Young (Allocation Failure) 21M->8M(60M) 0.560ms
[15.566s][info ][gc,cpu         ] GC(2236) User=0.00s Sys=0.00s Real=0.00s
[15.567s][info ][gc,start       ] GC(2237) Pause Young (Allocation Failure)
[15.568s][debug][gc,phases      ] GC(2237) Scavenge 0.945ms
[15.568s][debug][gc,phases      ] GC(2237) Reference Processing 0.015ms
[15.568s][debug][gc,phases      ] GC(2237) Weak Processing 0.009ms
[15.568s][debug][gc,phases      ] GC(2237) Scrub String Table 0.058ms
[15.568s][debug][gc,age         ] GC(2237) Desired survivor size 4194304 bytes, new threshold 1 (max threshold 15)
[15.568s][info ][gc,heap        ] GC(2237) PSYoungGen: 17271K->1363K(16896K)
[15.568s][info ][gc,heap        ] GC(2237) ParOldGen: 5870K->6277K(43520K)
[15.568s][info ][gc,metaspace   ] GC(2237) Metaspace: 15867K->15867K(1064960K)
[15.568s][info ][gc             ] GC(2237) Pause Young (Allocation Failure) 22M->7M(59M) 1.216ms
[15.568s][info ][gc,cpu         ] GC(2237) User=0.00s Sys=0.00s Real=0.00s
[15.569s][info ][gc,start       ] GC(2238) Pause Young (Allocation Failure)
[15.569s][debug][gc,phases      ] GC(2238) Scavenge 0.232ms
[15.569s][debug][gc,phases      ] GC(2238) Reference Processing 0.016ms
[15.569s][debug][gc,phases      ] GC(2238) Weak Processing 0.008ms
[15.569s][debug][gc,phases      ] GC(2238) Scrub String Table 0.058ms
[15.569s][debug][gc,age         ] GC(2238) Desired survivor size 4194304 bytes, new threshold 1 (max threshold 15)
[15.569s][info ][gc,heap        ] GC(2238) PSYoungGen: 14533K->1395K(17408K)
[15.569s][info ][gc,heap        ] GC(2238) ParOldGen: 6277K->6277K(43520K)
[15.569s][info ][gc,metaspace   ] GC(2238) Metaspace: 15867K->15867K(1064960K)
[15.569s][info ][gc             ] GC(2238) Pause Young (Allocation Failure) 20M->7M(59M) 0.466ms
[15.569s][info ][gc,cpu         ] GC(2238) User=0.00s Sys=0.00s Real=0.00s
[15.570s][info ][gc,start       ] GC(2239) Pause Young (Allocation Failure)
[15.571s][debug][gc,phases      ] GC(2239) Scavenge 0.857ms
[15.571s][debug][gc,phases      ] GC(2239) Reference Processing 0.025ms
[15.571s][debug][gc,phases      ] GC(2239) Weak Processing 0.009ms
[15.571s][debug][gc,phases      ] GC(2239) Scrub String Table 0.058ms
[15.571s][debug][gc,age         ] GC(2239) Desired survivor size 3670016 bytes, new threshold 1 (max threshold 15)
[15.571s][info ][gc,heap        ] GC(2239) PSYoungGen: 14559K->2145K(16384K)
[15.571s][info ][gc,heap        ] GC(2239) ParOldGen: 6277K->6285K(43520K)
[15.572s][info ][gc,metaspace   ] GC(2239) Metaspace: 15867K->15867K(1064960K)
[15.572s][info ][gc             ] GC(2239) Pause Young (Allocation Failure) 20M->8M(58M) 1.220ms
[15.572s][info ][gc,cpu         ] GC(2239) User=0.00s Sys=0.00s Real=0.00s
[15.573s][info ][gc,start       ] GC(2240) Pause Young (Allocation Failure)
[15.573s][debug][gc,phases      ] GC(2240) Scavenge 0.479ms
[15.573s][debug][gc,phases      ] GC(2240) Reference Processing 0.016ms
[15.573s][debug][gc,phases      ] GC(2240) Weak Processing 0.009ms
[15.573s][debug][gc,phases      ] GC(2240) Scrub String Table 0.058ms
[15.573s][debug][gc,age         ] GC(2240) Desired survivor size 3670016 bytes, new threshold 1 (max threshold 15)
[15.573s][info ][gc,heap        ] GC(2240) PSYoungGen: 15304K->1754K(16896K)
[15.573s][info ][gc,heap        ] GC(2240) ParOldGen: 6285K->6691K(43520K)
[15.573s][info ][gc,metaspace   ] GC(2240) Metaspace: 15867K->15867K(1064960K)
[15.573s][info ][gc             ] GC(2240) Pause Young (Allocation Failure) 21M->8M(59M) 0.737ms
[15.573s][info ][gc,cpu         ] GC(2240) User=0.00s Sys=0.00s Real=0.00s
[15.574s][info ][gc,start       ] GC(2241) Pause Young (Allocation Failure)
[15.575s][debug][gc,phases      ] GC(2241) Scavenge 0.235ms
[15.575s][debug][gc,phases      ] GC(2241) Reference Processing 0.017ms
[15.575s][debug][gc,phases      ] GC(2241) Weak Processing 0.009ms
[15.575s][debug][gc,phases      ] GC(2241) Scrub String Table 0.057ms
[15.575s][debug][gc,age         ] GC(2241) Desired survivor size 3670016 bytes, new threshold 1 (max threshold 15)
[15.575s][info ][gc,heap        ] GC(2241) PSYoungGen: 14911K->1818K(17920K)
[15.575s][info ][gc,heap        ] GC(2241) ParOldGen: 6691K->6691K(43520K)
[15.575s][info ][gc,metaspace   ] GC(2241) Metaspace: 15867K->15867K(1064960K)
[15.575s][info ][gc             ] GC(2241) Pause Young (Allocation Failure) 21M->8M(60M) 0.488ms
[15.575s][info ][gc,cpu         ] GC(2241) User=0.01s Sys=0.00s Real=0.00s
[15.576s][info ][gc,start       ] GC(2242) Pause Young (Allocation Failure)
[15.576s][debug][gc,phases      ] GC(2242) Scavenge 0.249ms
[15.576s][debug][gc,phases      ] GC(2242) Reference Processing 0.022ms
[15.576s][debug][gc,phases      ] GC(2242) Weak Processing 0.014ms
[15.576s][debug][gc,phases      ] GC(2242) Scrub String Table 0.090ms
[15.576s][debug][gc,age         ] GC(2242) Desired survivor size 3670016 bytes, new threshold 1 (max threshold 15)
[15.576s][info ][gc,heap        ] GC(2242) PSYoungGen: 15775K->1818K(17920K)
[15.576s][info ][gc,heap        ] GC(2242) ParOldGen: 6691K->6699K(43520K)
[15.576s][info ][gc,metaspace   ] GC(2242) Metaspace: 15867K->15867K(1064960K)
[15.576s][info ][gc             ] GC(2242) Pause Young (Allocation Failure) 21M->8M(60M) 0.570ms
[15.577s][info ][gc,cpu         ] GC(2242) User=0.00s Sys=0.00s Real=0.01s
[15.577s][info ][gc,start       ] GC(2243) Pause Young (Allocation Failure)
[15.578s][debug][gc,phases      ] GC(2243) Scavenge 0.306ms
[15.578s][debug][gc,phases      ] GC(2243) Reference Processing 0.015ms
[15.578s][debug][gc,phases      ] GC(2243) Weak Processing 0.009ms
[15.578s][debug][gc,phases      ] GC(2243) Scrub String Table 0.058ms
[15.578s][debug][gc,age         ] GC(2243) Desired survivor size 3670016 bytes, new threshold 1 (max threshold 15)
[15.578s][info ][gc,heap        ] GC(2243) PSYoungGen: 15774K->2177K(17920K)
[15.578s][info ][gc,heap        ] GC(2243) ParOldGen: 6699K->6699K(43520K)
[15.578s][info ][gc,metaspace   ] GC(2243) Metaspace: 15867K->15867K(1064960K)
[15.578s][info ][gc             ] GC(2243) Pause Young (Allocation Failure) 21M->8M(60M) 0.526ms
[15.578s][info ][gc,cpu         ] GC(2243) User=0.00s Sys=0.00s Real=0.00s
[15.579s][info ][gc,start       ] GC(2244) Pause Young (Allocation Failure)
[15.579s][debug][gc,phases      ] GC(2244) Scavenge 0.247ms
[15.579s][debug][gc,phases      ] GC(2244) Reference Processing 0.016ms
[15.579s][debug][gc,phases      ] GC(2244) Weak Processing 0.009ms
[15.579s][debug][gc,phases      ] GC(2244) Scrub String Table 0.058ms
[15.579s][debug][gc,age         ] GC(2244) Desired survivor size 3670016 bytes, new threshold 1 (max threshold 15)
[15.579s][info ][gc,heap        ] GC(2244) PSYoungGen: 16132K->1395K(17920K)
[15.579s][info ][gc,heap        ] GC(2244) ParOldGen: 6699K->6699K(43520K)
[15.579s][info ][gc,metaspace   ] GC(2244) Metaspace: 15867K->15867K(1064960K)
[15.580s][info ][gc             ] GC(2244) Pause Young (Allocation Failure) 22M->7M(60M) 0.484ms
[15.580s][info ][gc,cpu         ] GC(2244) User=0.00s Sys=0.00s Real=0.00s
[15.581s][info ][gc,start       ] GC(2245) Pause Young (Allocation Failure)
[15.581s][debug][gc,phases      ] GC(2245) Scavenge 0.381ms
[15.581s][debug][gc,phases      ] GC(2245) Reference Processing 0.016ms
[15.581s][debug][gc,phases      ] GC(2245) Weak Processing 0.008ms
[15.581s][debug][gc,phases      ] GC(2245) Scrub String Table 0.058ms
[15.581s][debug][gc,age         ] GC(2245) Desired survivor size 3670016 bytes, new threshold 1 (max threshold 15)
[15.581s][info ][gc,heap        ] GC(2245) PSYoungGen: 15350K->2145K(17920K)
[15.581s][info ][gc,heap        ] GC(2245) ParOldGen: 6699K->6699K(43520K)
[15.581s][info ][gc,metaspace   ] GC(2245) Metaspace: 15867K->15867K(1064960K)
[15.581s][info ][gc             ] GC(2245) Pause Young (Allocation Failure) 21M->8M(60M) 0.618ms
[15.581s][info ][gc,cpu         ] GC(2245) User=0.00s Sys=0.00s Real=0.00s
[15.582s][info ][gc,start       ] GC(2246) Pause Young (Allocation Failure)
[15.583s][debug][gc,phases      ] GC(2246) Scavenge 0.353ms
[15.583s][debug][gc,phases      ] GC(2246) Reference Processing 0.023ms
[15.583s][debug][gc,phases      ] GC(2246) Weak Processing 0.010ms
[15.583s][debug][gc,phases      ] GC(2246) Scrub String Table 0.065ms
[15.583s][debug][gc,age         ] GC(2246) Desired survivor size 3670016 bytes, new threshold 1 (max threshold 15)
[15.583s][info ][gc,heap        ] GC(2246) PSYoungGen: 16099K->2567K(17920K)
[15.583s][info ][gc,heap        ] GC(2246) ParOldGen: 6699K->6699K(43520K)
[15.583s][info ][gc,metaspace   ] GC(2246) Metaspace: 15867K->15867K(1064960K)
[15.583s][info ][gc             ] GC(2246) Pause Young (Allocation Failure) 22M->9M(60M) 0.689ms
[15.583s][info ][gc,cpu         ] GC(2246) User=0.01s Sys=0.00s Real=0.00s
[15.584s][info ][gc,start       ] GC(2247) Pause Young (Allocation Failure)
[15.585s][debug][gc,phases      ] GC(2247) Scavenge 0.545ms
[15.585s][debug][gc,phases      ] GC(2247) Reference Processing 0.016ms
[15.585s][debug][gc,phases      ] GC(2247) Weak Processing 0.009ms
[15.585s][debug][gc,phases      ] GC(2247) Scrub String Table 0.058ms
[15.585s][debug][gc,age         ] GC(2247) Desired survivor size 3670016 bytes, new threshold 1 (max threshold 15)
[15.585s][info ][gc,heap        ] GC(2247) PSYoungGen: 16903K->2567K(17920K)
[15.585s][info ][gc,heap        ] GC(2247) ParOldGen: 6699K->7114K(43520K)
[15.585s][info ][gc,metaspace   ] GC(2247) Metaspace: 15867K->15867K(1064960K)
[15.585s][info ][gc             ] GC(2247) Pause Young (Allocation Failure) 23M->9M(60M) 0.786ms
[15.585s][info ][gc,cpu         ] GC(2247) User=0.00s Sys=0.00s Real=0.00s
[15.586s][info ][gc,start       ] GC(2248) Pause Young (Allocation Failure)
[15.586s][debug][gc,phases      ] GC(2248) Scavenge 0.322ms
[15.586s][debug][gc,phases      ] GC(2248) Reference Processing 0.019ms
[15.586s][debug][gc,phases      ] GC(2248) Weak Processing 0.009ms
[15.586s][debug][gc,phases      ] GC(2248) Scrub String Table 0.058ms
[15.586s][debug][gc,age         ] GC(2248) Desired survivor size 3670016 bytes, new threshold 1 (max threshold 15)
[15.586s][info ][gc,heap        ] GC(2248) PSYoungGen: 16522K->2177K(17920K)
[15.586s][info ][gc,heap        ] GC(2248) ParOldGen: 7114K->7114K(43520K)
[15.586s][info ][gc,metaspace   ] GC(2248) Metaspace: 15867K->15867K(1064960K)
[15.586s][info ][gc             ] GC(2248) Pause Young (Allocation Failure) 23M->9M(60M) 0.585ms
[15.586s][info ][gc,cpu         ] GC(2248) User=0.00s Sys=0.00s Real=0.01s
[15.587s][info ][gc,start       ] GC(2249) Pause Young (Allocation Failure)
[15.588s][debug][gc,phases      ] GC(2249) Scavenge 0.222ms
[15.588s][debug][gc,phases      ] GC(2249) Reference Processing 0.015ms
[15.588s][debug][gc,phases      ] GC(2249) Weak Processing 0.008ms
[15.588s][debug][gc,phases      ] GC(2249) Scrub String Table 0.058ms
[15.588s][debug][gc,age         ] GC(2249) Desired survivor size 3670016 bytes, new threshold 1 (max threshold 15)
[15.588s][info ][gc,heap        ] GC(2249) PSYoungGen: 16131K->1395K(17920K)
[15.588s][info ][gc,heap        ] GC(2249) ParOldGen: 7114K->7122K(43520K)
[15.588s][info ][gc,metaspace   ] GC(2249) Metaspace: 15867K->15867K(1064960K)
[15.588s][info ][gc             ] GC(2249) Pause Young (Allocation Failure) 22M->8M(60M) 0.455ms
[15.588s][info ][gc,cpu         ] GC(2249) User=0.00s Sys=0.00s Real=0.00s
[15.589s][info ][gc,start       ] GC(2250) Pause Young (Allocation Failure)
[15.590s][debug][gc,phases      ] GC(2250) Scavenge 0.621ms
[15.590s][debug][gc,phases      ] GC(2250) Reference Processing 0.016ms
[15.590s][debug][gc,phases      ] GC(2250) Weak Processing 0.009ms
[15.590s][debug][gc,phases      ] GC(2250) Scrub String Table 0.057ms
[15.590s][debug][gc,age         ] GC(2250) Desired survivor size 3670016 bytes, new threshold 1 (max threshold 15)
[15.590s][info ][gc,heap        ] GC(2250) PSYoungGen: 15349K->1331K(17920K)
[15.590s][info ][gc,heap        ] GC(2250) ParOldGen: 7122K->7122K(43520K)
[15.590s][info ][gc,metaspace   ] GC(2250) Metaspace: 15867K->15867K(1064960K)
[15.590s][info ][gc             ] GC(2250) Pause Young (Allocation Failure) 21M->8M(60M) 0.858ms
[15.590s][info ][gc,cpu         ] GC(2250) User=0.00s Sys=0.00s Real=0.00s
[15.591s][info ][gc,start       ] GC(2251) Pause Young (Allocation Failure)
[15.591s][debug][gc,phases      ] GC(2251) Scavenge 0.372ms
[15.591s][debug][gc,phases      ] GC(2251) Reference Processing 0.016ms
[15.591s][debug][gc,phases      ] GC(2251) Weak Processing 0.009ms
[15.591s][debug][gc,phases      ] GC(2251) Scrub String Table 0.058ms
[15.591s][debug][gc,age         ] GC(2251) Desired survivor size 3670016 bytes, new threshold 1 (max threshold 15)
[15.591s][info ][gc,heap        ] GC(2251) PSYoungGen: 15285K->2535K(17920K)
[15.591s][info ][gc,heap        ] GC(2251) ParOldGen: 7122K->7122K(43520K)
[15.591s][info ][gc,metaspace   ] GC(2251) Metaspace: 15867K->15867K(1064960K)
[15.591s][info ][gc             ] GC(2251) Pause Young (Allocation Failure) 21M->9M(60M) 0.616ms
[15.591s][info ][gc,cpu         ] GC(2251) User=0.00s Sys=0.00s Real=0.00s
[15.592s][info ][gc,start       ] GC(2252) Pause Young (Allocation Failure)
[15.593s][debug][gc,phases      ] GC(2252) Scavenge 0.372ms
[15.593s][debug][gc,phases      ] GC(2252) Reference Processing 0.016ms
[15.593s][debug][gc,phases      ] GC(2252) Weak Processing 0.009ms
[15.593s][debug][gc,phases      ] GC(2252) Scrub String Table 0.058ms
[15.593s][debug][gc,age         ] GC(2252) Desired survivor size 3670016 bytes, new threshold 1 (max threshold 15)
[15.593s][info ][gc,heap        ] GC(2252) PSYoungGen: 16489K->2958K(17920K)
[15.593s][info ][gc,heap        ] GC(2252) ParOldGen: 7122K->7122K(43520K)
[15.593s][info ][gc,metaspace   ] GC(2252) Metaspace: 15867K->15867K(1064960K)
[15.593s][info ][gc             ] GC(2252) Pause Young (Allocation Failure) 23M->9M(60M) 0.605ms
[15.593s][info ][gc,cpu         ] GC(2252) User=0.01s Sys=0.00s Real=0.00s
[15.594s][info ][gc,start       ] GC(2253) Pause Young (Allocation Failure)
[15.594s][debug][gc,phases      ] GC(2253) Scavenge 0.311ms
[15.594s][debug][gc,phases      ] GC(2253) Reference Processing 0.015ms
[15.594s][debug][gc,phases      ] GC(2253) Weak Processing 0.010ms
[15.595s][debug][gc,phases      ] GC(2253) Scrub String Table 0.058ms
[15.595s][debug][gc,age         ] GC(2253) Desired survivor size 3670016 bytes, new threshold 1 (max threshold 15)
[15.595s][info ][gc,heap        ] GC(2253) PSYoungGen: 16912K->2535K(17920K)
[15.595s][info ][gc,heap        ] GC(2253) ParOldGen: 7122K->7122K(43520K)
[15.595s][info ][gc,metaspace   ] GC(2253) Metaspace: 15867K->15867K(1064960K)
[15.595s][info ][gc             ] GC(2253) Pause Young (Allocation Failure) 23M->9M(60M) 0.559ms
[15.595s][info ][gc,cpu         ] GC(2253) User=0.00s Sys=0.00s Real=0.00s
[15.596s][info ][gc,start       ] GC(2254) Pause Young (Allocation Failure)
[15.596s][debug][gc,phases      ] GC(2254) Scavenge 0.345ms
[15.596s][debug][gc,phases      ] GC(2254) Reference Processing 0.016ms
[15.596s][debug][gc,phases      ] GC(2254) Weak Processing 0.009ms
[15.596s][debug][gc,phases      ] GC(2254) Scrub String Table 0.058ms
[15.596s][debug][gc,age         ] GC(2254) Desired survivor size 4194304 bytes, new threshold 1 (max threshold 15)
[15.596s][info ][gc,heap        ] GC(2254) PSYoungGen: 16489K->2990K(17408K)
[15.596s][info ][gc,heap        ] GC(2254) ParOldGen: 7122K->7122K(43520K)
[15.596s][info ][gc,metaspace   ] GC(2254) Metaspace: 15867K->15867K(1064960K)
[15.596s][info ][gc             ] GC(2254) Pause Young (Allocation Failure) 23M->9M(59M) 0.583ms
[15.596s][info ][gc,cpu         ] GC(2254) User=0.00s Sys=0.00s Real=0.00s
[15.597s][info ][gc,start       ] GC(2255) Pause Young (Allocation Failure)
[15.598s][debug][gc,phases      ] GC(2255) Scavenge 0.357ms
[15.598s][debug][gc,phases      ] GC(2255) Reference Processing 0.017ms
[15.598s][debug][gc,phases      ] GC(2255) Weak Processing 0.009ms
[15.598s][debug][gc,phases      ] GC(2255) Scrub String Table 0.058ms
[15.598s][debug][gc,age         ] GC(2255) Desired survivor size 4194304 bytes, new threshold 1 (max threshold 15)
[15.598s][info ][gc,heap        ] GC(2255) PSYoungGen: 16944K->2990K(17408K)
[15.598s][info ][gc,heap        ] GC(2255) ParOldGen: 7122K->7122K(43520K)
[15.598s][info ][gc,metaspace   ] GC(2255) Metaspace: 15867K->15867K(1064960K)
[15.598s][info ][gc             ] GC(2255) Pause Young (Allocation Failure) 23M->9M(59M) 0.599ms
[15.598s][info ][gc,cpu         ] GC(2255) User=0.00s Sys=0.00s Real=0.00s
[15.599s][info ][gc,start       ] GC(2256) Pause Young (Allocation Failure)
[15.599s][debug][gc,phases      ] GC(2256) Scavenge 0.391ms
[15.599s][debug][gc,phases      ] GC(2256) Reference Processing 0.020ms
[15.600s][debug][gc,phases      ] GC(2256) Weak Processing 0.010ms
[15.600s][debug][gc,phases      ] GC(2256) Scrub String Table 0.079ms
[15.600s][debug][gc,age         ] GC(2256) Desired survivor size 4194304 bytes, new threshold 1 (max threshold 15)
[15.600s][info ][gc,heap        ] GC(2256) PSYoungGen: 16142K->2567K(17408K)
[15.600s][info ][gc,heap        ] GC(2256) ParOldGen: 7122K->7122K(43520K)
[15.600s][info ][gc,metaspace   ] GC(2256) Metaspace: 15867K->15867K(1064960K)
[15.600s][info ][gc             ] GC(2256) Pause Young (Allocation Failure) 22M->9M(59M) 0.775ms
[15.600s][info ][gc,cpu         ] GC(2256) User=0.00s Sys=0.00s Real=0.00s
[15.601s][info ][gc,start       ] GC(2257) Pause Young (Allocation Failure)
[15.601s][debug][gc,phases      ] GC(2257) Scavenge 0.543ms
[15.601s][debug][gc,phases      ] GC(2257) Reference Processing 0.017ms
[15.601s][debug][gc,phases      ] GC(2257) Weak Processing 0.009ms
[15.602s][debug][gc,phases      ] GC(2257) Scrub String Table 0.057ms
[15.602s][debug][gc,age         ] GC(2257) Desired survivor size 4194304 bytes, new threshold 1 (max threshold 15)
[15.602s][info ][gc,heap        ] GC(2257) PSYoungGen: 15686K->2958K(17408K)
[15.602s][info ][gc,heap        ] GC(2257) ParOldGen: 7122K->7154K(43520K)
[15.602s][info ][gc,metaspace   ] GC(2257) Metaspace: 15867K->15867K(1064960K)
[15.602s][info ][gc             ] GC(2257) Pause Young (Allocation Failure) 22M->9M(59M) 0.790ms
[15.602s][info ][gc,cpu         ] GC(2257) User=0.01s Sys=0.00s Real=0.00s
[15.603s][info ][gc,start       ] GC(2258) Pause Young (Allocation Failure)
[15.603s][debug][gc,phases      ] GC(2258) Scavenge 0.399ms
[15.603s][debug][gc,phases      ] GC(2258) Reference Processing 0.021ms
[15.603s][debug][gc,phases      ] GC(2258) Weak Processing 0.010ms
[15.603s][debug][gc,phases      ] GC(2258) Scrub String Table 0.058ms
[15.603s][debug][gc,age         ] GC(2258) Desired survivor size 4194304 bytes, new threshold 1 (max threshold 15)
[15.603s][info ][gc,heap        ] GC(2258) PSYoungGen: 16123K->2990K(17408K)
[15.603s][info ][gc,heap        ] GC(2258) ParOldGen: 7154K->7154K(43520K)
[15.603s][info ][gc,metaspace   ] GC(2258) Metaspace: 15867K->15867K(1064960K)
[15.603s][info ][gc             ] GC(2258) Pause Young (Allocation Failure) 22M->9M(59M) 0.628ms
[15.603s][info ][gc,cpu         ] GC(2258) User=0.00s Sys=0.00s Real=0.00s
[15.604s][info ][gc,start       ] GC(2259) Pause Young (Allocation Failure)
[15.605s][debug][gc,phases      ] GC(2259) Scavenge 0.323ms
[15.605s][debug][gc,phases      ] GC(2259) Reference Processing 0.020ms
[15.605s][debug][gc,phases      ] GC(2259) Weak Processing 0.010ms
[15.605s][debug][gc,phases      ] GC(2259) Scrub String Table 0.063ms
[15.605s][debug][gc,age         ] GC(2259) Desired survivor size 4194304 bytes, new threshold 1 (max threshold 15)
[15.605s][info ][gc,heap        ] GC(2259) PSYoungGen: 16150K->1818K(17408K)
[15.605s][info ][gc,heap        ] GC(2259) ParOldGen: 7154K->7162K(43520K)
[15.605s][info ][gc,metaspace   ] GC(2259) Metaspace: 15867K->15867K(1064960K)
[15.605s][info ][gc             ] GC(2259) Pause Young (Allocation Failure) 22M->8M(59M) 0.584ms
[15.605s][info ][gc,cpu         ] GC(2259) User=0.00s Sys=0.00s Real=0.00s
[15.606s][info ][gc,start       ] GC(2260) Pause Young (Allocation Failure)
[15.606s][debug][gc,phases      ] GC(2260) Scavenge 0.167ms
[15.606s][debug][gc,phases      ] GC(2260) Reference Processing 0.016ms
[15.606s][debug][gc,phases      ] GC(2260) Weak Processing 0.009ms
[15.606s][debug][gc,phases      ] GC(2260) Scrub String Table 0.057ms
[15.606s][debug][gc,age         ] GC(2260) Desired survivor size 4194304 bytes, new threshold 1 (max threshold 15)
[15.606s][info ][gc,heap        ] GC(2260) PSYoungGen: 14948K->614K(17408K)
[15.606s][info ][gc,heap        ] GC(2260) ParOldGen: 7162K->7194K(43520K)
[15.606s][info ][gc,metaspace   ] GC(2260) Metaspace: 15867K->15867K(1064960K)
[15.606s][info ][gc             ] GC(2260) Pause Young (Allocation Failure) 21M->7M(59M) 0.394ms
[15.606s][info ][gc,cpu         ] GC(2260) User=0.00s Sys=0.00s Real=0.00s
[15.607s][info ][gc,start       ] GC(2261) Pause Young (Allocation Failure)
[15.608s][debug][gc,phases      ] GC(2261) Scavenge 0.336ms
[15.608s][debug][gc,phases      ] GC(2261) Reference Processing 0.017ms
[15.608s][debug][gc,phases      ] GC(2261) Weak Processing 0.009ms
[15.608s][debug][gc,phases      ] GC(2261) Scrub String Table 0.058ms
[15.608s][debug][gc,age         ] GC(2261) Desired survivor size 4194304 bytes, new threshold 1 (max threshold 15)
[15.608s][info ][gc,heap        ] GC(2261) PSYoungGen: 13780K->2145K(17408K)
[15.608s][info ][gc,heap        ] GC(2261) ParOldGen: 7194K->7194K(43520K)
[15.608s][info ][gc,metaspace   ] GC(2261) Metaspace: 15867K->15867K(1064960K)
[15.608s][info ][gc             ] GC(2261) Pause Young (Allocation Failure) 20M->9M(59M) 0.600ms
[15.608s][info ][gc,cpu         ] GC(2261) User=0.00s Sys=0.00s Real=0.00s
[15.609s][info ][gc,start       ] GC(2262) Pause Young (Allocation Failure)
[15.609s][debug][gc,phases      ] GC(2262) Scavenge 0.252ms
[15.609s][debug][gc,phases      ] GC(2262) Reference Processing 0.016ms
[15.609s][debug][gc,phases      ] GC(2262) Weak Processing 0.009ms
[15.609s][debug][gc,phases      ] GC(2262) Scrub String Table 0.058ms
[15.609s][debug][gc,age         ] GC(2262) Desired survivor size 4194304 bytes, new threshold 1 (max threshold 15)
[15.609s][info ][gc,heap        ] GC(2262) PSYoungGen: 15277K->1754K(17408K)
[15.609s][info ][gc,heap        ] GC(2262) ParOldGen: 7194K->7210K(43520K)
[15.609s][info ][gc,metaspace   ] GC(2262) Metaspace: 15867K->15867K(1064960K)
[15.609s][info ][gc             ] GC(2262) Pause Young (Allocation Failure) 21M->8M(59M) 0.514ms
[15.609s][info ][gc,cpu         ] GC(2262) User=0.00s Sys=0.00s Real=0.00s
[15.610s][info ][gc,start       ] GC(2263) Pause Young (Allocation Failure)
[15.611s][debug][gc,phases      ] GC(2263) Scavenge 0.366ms
[15.611s][debug][gc,phases      ] GC(2263) Reference Processing 0.023ms
[15.611s][debug][gc,phases      ] GC(2263) Weak Processing 0.016ms
[15.611s][debug][gc,phases      ] GC(2263) Scrub String Table 0.064ms
[15.611s][debug][gc,age         ] GC(2263) Desired survivor size 4194304 bytes, new threshold 1 (max threshold 15)
[15.611s][info ][gc,heap        ] GC(2263) PSYoungGen: 14922K->2990K(17408K)
[15.611s][info ][gc,heap        ] GC(2263) ParOldGen: 7210K->7210K(43520K)
[15.611s][info ][gc,metaspace   ] GC(2263) Metaspace: 15867K->15867K(1064960K)
[15.611s][info ][gc             ] GC(2263) Pause Young (Allocation Failure) 21M->9M(59M) 0.657ms
[15.611s][info ][gc,cpu         ] GC(2263) User=0.00s Sys=0.00s Real=0.00s
[15.612s][info ][gc,start       ] GC(2264) Pause Young (Allocation Failure)
[15.612s][debug][gc,phases      ] GC(2264) Scavenge 0.268ms
[15.612s][debug][gc,phases      ] GC(2264) Reference Processing 0.015ms
[15.612s][debug][gc,phases      ] GC(2264) Weak Processing 0.009ms
[15.612s][debug][gc,phases      ] GC(2264) Scrub String Table 0.059ms
[15.612s][debug][gc,age         ] GC(2264) Desired survivor size 4194304 bytes, new threshold 1 (max threshold 15)
[15.612s][info ][gc,heap        ] GC(2264) PSYoungGen: 16153K->2209K(17408K)
[15.612s][info ][gc,heap        ] GC(2264) ParOldGen: 7210K->7218K(43520K)
[15.612s][info ][gc,metaspace   ] GC(2264) Metaspace: 15867K->15867K(1064960K)
[15.612s][info ][gc             ] GC(2264) Pause Young (Allocation Failure) 22M->9M(59M) 0.497ms
[15.612s][info ][gc,cpu         ] GC(2264) User=0.01s Sys=0.00s Real=0.00s
[15.613s][info ][gc,start       ] GC(2265) Pause Young (Allocation Failure)
[15.614s][debug][gc,phases      ] GC(2265) Scavenge 0.322ms
[15.614s][debug][gc,phases      ] GC(2265) Reference Processing 0.017ms
[15.614s][debug][gc,phases      ] GC(2265) Weak Processing 0.009ms
[15.614s][debug][gc,phases      ] GC(2265) Scrub String Table 0.058ms
[15.614s][debug][gc,age         ] GC(2265) Desired survivor size 4194304 bytes, new threshold 1 (max threshold 15)
[15.614s][info ][gc,heap        ] GC(2265) PSYoungGen: 15368K->2599K(17408K)
[15.614s][info ][gc,heap        ] GC(2265) ParOldGen: 7218K->7218K(43520K)
[15.614s][info ][gc,metaspace   ] GC(2265) Metaspace: 15867K->15867K(1064960K)
[15.614s][info ][gc             ] GC(2265) Pause Young (Allocation Failure) 22M->9M(59M) 0.560ms
[15.614s][info ][gc,cpu         ] GC(2265) User=0.00s Sys=0.00s Real=0.00s
[15.615s][info ][gc,start       ] GC(2266) Pause Young (Allocation Failure)
[15.615s][debug][gc,phases      ] GC(2266) Scavenge 0.302ms
[15.615s][debug][gc,phases      ] GC(2266) Reference Processing 0.017ms
[15.615s][debug][gc,phases      ] GC(2266) Weak Processing 0.008ms
[15.615s][debug][gc,phases      ] GC(2266) Scrub String Table 0.057ms
[15.615s][debug][gc,age         ] GC(2266) Desired survivor size 4194304 bytes, new threshold 1 (max threshold 15)
[15.615s][info ][gc,heap        ] GC(2266) PSYoungGen: 15756K->2567K(17408K)
[15.615s][info ][gc,heap        ] GC(2266) ParOldGen: 7218K->7218K(43520K)
[15.615s][info ][gc,metaspace   ] GC(2266) Metaspace: 15867K->15867K(1064960K)
[15.615s][info ][gc             ] GC(2266) Pause Young (Allocation Failure) 22M->9M(59M) 0.545ms
[15.615s][info ][gc,cpu         ] GC(2266) User=0.00s Sys=0.00s Real=0.00s
[15.617s][info ][gc,start       ] GC(2267) Pause Young (Allocation Failure)
[15.618s][debug][gc,phases      ] GC(2267) Scavenge 0.978ms
[15.618s][debug][gc,phases      ] GC(2267) Reference Processing 0.016ms
[15.618s][debug][gc,phases      ] GC(2267) Weak Processing 0.009ms
[15.618s][debug][gc,phases      ] GC(2267) Scrub String Table 0.058ms
[15.618s][debug][gc,age         ] GC(2267) Desired survivor size 4194304 bytes, new threshold 1 (max threshold 15)
[15.618s][info ][gc,heap        ] GC(2267) PSYoungGen: 15723K->2567K(17408K)
[15.618s][info ][gc,heap        ] GC(2267) ParOldGen: 7218K->7218K(43520K)
[15.618s][info ][gc,metaspace   ] GC(2267) Metaspace: 15867K->15867K(1064960K)
[15.618s][info ][gc             ] GC(2267) Pause Young (Allocation Failure) 22M->9M(59M) 1.227ms
[15.618s][info ][gc,cpu         ] GC(2267) User=0.00s Sys=0.00s Real=0.00s
[15.619s][info ][gc,start       ] GC(2268) Pause Young (Allocation Failure)
[15.619s][debug][gc,phases      ] GC(2268) Scavenge 0.234ms
[15.619s][debug][gc,phases      ] GC(2268) Reference Processing 0.016ms
[15.619s][debug][gc,phases      ] GC(2268) Weak Processing 0.009ms
[15.619s][debug][gc,phases      ] GC(2268) Scrub String Table 0.058ms
[15.619s][debug][gc,age         ] GC(2268) Desired survivor size 4194304 bytes, new threshold 1 (max threshold 15)
[15.619s][info ][gc,heap        ] GC(2268) PSYoungGen: 15722K->1818K(17408K)
[15.619s][info ][gc,heap        ] GC(2268) ParOldGen: 7218K->7218K(43520K)
[15.619s][info ][gc,metaspace   ] GC(2268) Metaspace: 15867K->15867K(1064960K)
[15.619s][info ][gc             ] GC(2268) Pause Young (Allocation Failure) 22M->8M(59M) 0.473ms
[15.619s][info ][gc,cpu         ] GC(2268) User=0.00s Sys=0.00s Real=0.00s
[15.620s][info ][gc,start       ] GC(2269) Pause Young (Allocation Failure)
[15.620s][debug][gc,phases      ] GC(2269) Scavenge 0.322ms
[15.621s][debug][gc,phases      ] GC(2269) Reference Processing 0.015ms
[15.621s][debug][gc,phases      ] GC(2269) Weak Processing 0.008ms
[15.621s][debug][gc,phases      ] GC(2269) Scrub String Table 0.058ms
[15.621s][debug][gc,age         ] GC(2269) Desired survivor size 4194304 bytes, new threshold 1 (max threshold 15)
[15.621s][info ][gc,heap        ] GC(2269) PSYoungGen: 14972K->2567K(17408K)
[15.621s][info ][gc,heap        ] GC(2269) ParOldGen: 7218K->7218K(43520K)
[15.621s][info ][gc,metaspace   ] GC(2269) Metaspace: 15867K->15867K(1064960K)
[15.621s][info ][gc             ] GC(2269) Pause Young (Allocation Failure) 21M->9M(59M) 0.562ms
[15.621s][info ][gc,cpu         ] GC(2269) User=0.00s Sys=0.00s Real=0.00s
[15.622s][info ][gc,start       ] GC(2270) Pause Young (Allocation Failure)
[15.622s][debug][gc,phases      ] GC(2270) Scavenge 0.394ms
[15.622s][debug][gc,phases      ] GC(2270) Reference Processing 0.015ms
[15.622s][debug][gc,phases      ] GC(2270) Weak Processing 0.008ms
[15.622s][debug][gc,phases      ] GC(2270) Scrub String Table 0.058ms
[15.622s][debug][gc,age         ] GC(2270) Desired survivor size 4194304 bytes, new threshold 1 (max threshold 15)
[15.622s][info ][gc,heap        ] GC(2270) PSYoungGen: 15721K->3349K(17408K)
[15.622s][info ][gc,heap        ] GC(2270) ParOldGen: 7218K->7218K(43520K)
[15.622s][info ][gc,metaspace   ] GC(2270) Metaspace: 15867K->15867K(1064960K)
[15.622s][info ][gc             ] GC(2270) Pause Young (Allocation Failure) 22M->10M(59M) 0.626ms
[15.622s][info ][gc,cpu         ] GC(2270) User=0.01s Sys=0.00s Real=0.00s
[15.623s][info ][gc,start       ] GC(2271) Pause Young (Allocation Failure)
[15.624s][debug][gc,phases      ] GC(2271) Scavenge 0.379ms
[15.624s][debug][gc,phases      ] GC(2271) Reference Processing 0.073ms
[15.624s][debug][gc,phases      ] GC(2271) Weak Processing 0.014ms
[15.624s][debug][gc,phases      ] GC(2271) Scrub String Table 0.078ms
[15.624s][debug][gc,age         ] GC(2271) Desired survivor size 4194304 bytes, new threshold 1 (max threshold 15)
[15.624s][info ][gc,heap        ] GC(2271) PSYoungGen: 16502K->2567K(17408K)
[15.624s][info ][gc,heap        ] GC(2271) ParOldGen: 7218K->7218K(43520K)
[15.624s][info ][gc,metaspace   ] GC(2271) Metaspace: 15867K->15867K(1064960K)
[15.624s][info ][gc             ] GC(2271) Pause Young (Allocation Failure) 23M->9M(59M) 0.777ms
[15.624s][info ][gc,cpu         ] GC(2271) User=0.00s Sys=0.00s Real=0.00s
[15.625s][info ][gc,start       ] GC(2272) Pause Young (Allocation Failure)
[15.626s][debug][gc,phases      ] GC(2272) Scavenge 0.939ms
[15.626s][debug][gc,phases      ] GC(2272) Reference Processing 0.016ms
[15.626s][debug][gc,phases      ] GC(2272) Weak Processing 0.009ms
[15.626s][debug][gc,phases      ] GC(2272) Scrub String Table 0.057ms
[15.626s][debug][gc,age         ] GC(2272) Desired survivor size 4194304 bytes, new threshold 1 (max threshold 15)
[15.626s][info ][gc,heap        ] GC(2272) PSYoungGen: 15720K->3381K(17408K)
[15.626s][info ][gc,heap        ] GC(2272) ParOldGen: 7218K->7218K(43520K)
[15.626s][info ][gc,metaspace   ] GC(2272) Metaspace: 15867K->15867K(1064960K)
[15.626s][info ][gc             ] GC(2272) Pause Young (Allocation Failure) 22M->10M(59M) 1.175ms
[15.626s][info ][gc,cpu         ] GC(2272) User=0.01s Sys=0.00s Real=0.01s
[15.627s][info ][gc,start       ] GC(2273) Pause Young (Allocation Failure)
[15.628s][debug][gc,phases      ] GC(2273) Scavenge 0.359ms
[15.628s][debug][gc,phases      ] GC(2273) Reference Processing 0.016ms
[15.628s][debug][gc,phases      ] GC(2273) Weak Processing 0.009ms
[15.628s][debug][gc,phases      ] GC(2273) Scrub String Table 0.057ms
[15.628s][debug][gc,age         ] GC(2273) Desired survivor size 4194304 bytes, new threshold 1 (max threshold 15)
[15.628s][info ][gc,heap        ] GC(2273) PSYoungGen: 16533K->2990K(17408K)
[15.628s][info ][gc,heap        ] GC(2273) ParOldGen: 7218K->7218K(43520K)
[15.628s][info ][gc,metaspace   ] GC(2273) Metaspace: 15867K->15867K(1064960K)
[15.628s][info ][gc             ] GC(2273) Pause Young (Allocation Failure) 23M->9M(59M) 0.592ms
[15.628s][info ][gc,cpu         ] GC(2273) User=0.00s Sys=0.00s Real=0.00s
[15.629s][info ][gc,start       ] GC(2274) Pause Young (Allocation Failure)
[15.629s][debug][gc,phases      ] GC(2274) Scavenge 0.415ms
[15.629s][debug][gc,phases      ] GC(2274) Reference Processing 0.017ms
[15.629s][debug][gc,phases      ] GC(2274) Weak Processing 0.009ms
[15.630s][debug][gc,phases      ] GC(2274) Scrub String Table 0.057ms
[15.630s][debug][gc,age         ] GC(2274) Desired survivor size 4718592 bytes, new threshold 1 (max threshold 15)
[15.630s][info ][gc,heap        ] GC(2274) PSYoungGen: 16143K->3381K(16896K)
[15.630s][info ][gc,heap        ] GC(2274) ParOldGen: 7218K->7218K(43520K)
[15.630s][info ][gc,metaspace   ] GC(2274) Metaspace: 15867K->15867K(1064960K)
[15.630s][info ][gc             ] GC(2274) Pause Young (Allocation Failure) 22M->10M(59M) 0.660ms
[15.630s][info ][gc,cpu         ] GC(2274) User=0.00s Sys=0.00s Real=0.00s
[15.631s][info ][gc,start       ] GC(2275) Pause Young (Allocation Failure)
[15.631s][debug][gc,phases      ] GC(2275) Scavenge 0.795ms
[15.631s][debug][gc,phases      ] GC(2275) Reference Processing 0.016ms
[15.631s][debug][gc,phases      ] GC(2275) Weak Processing 0.009ms
[15.632s][debug][gc,phases      ] GC(2275) Scrub String Table 0.058ms
[15.632s][debug][gc,age         ] GC(2275) Desired survivor size 4718592 bytes, new threshold 1 (max threshold 15)
[15.632s][info ][gc,heap        ] GC(2275) PSYoungGen: 16533K->2926K(16896K)
[15.632s][info ][gc,heap        ] GC(2275) ParOldGen: 7218K->7218K(43520K)
[15.632s][info ][gc,metaspace   ] GC(2275) Metaspace: 15867K->15867K(1064960K)
[15.632s][info ][gc             ] GC(2275) Pause Young (Allocation Failure) 23M->9M(59M) 1.037ms
[15.632s][info ][gc,cpu         ] GC(2275) User=0.00s Sys=0.00s Real=0.00s
[15.632s][info ][gc,start       ] GC(2276) Pause Young (Allocation Failure)
[15.633s][debug][gc,phases      ] GC(2276) Scavenge 0.367ms
[15.633s][debug][gc,phases      ] GC(2276) Reference Processing 0.025ms
[15.633s][debug][gc,phases      ] GC(2276) Weak Processing 0.012ms
[15.633s][debug][gc,phases      ] GC(2276) Scrub String Table 0.061ms
[15.633s][debug][gc,age         ] GC(2276) Desired survivor size 4194304 bytes, new threshold 1 (max threshold 15)
[15.633s][info ][gc,heap        ] GC(2276) PSYoungGen: 14887K->2958K(15360K)
[15.633s][info ][gc,heap        ] GC(2276) ParOldGen: 7218K->7218K(43520K)
[15.633s][info ][gc,metaspace   ] GC(2276) Metaspace: 15867K->15867K(1064960K)
[15.633s][info ][gc             ] GC(2276) Pause Young (Allocation Failure) 21M->9M(57M) 0.736ms
[15.633s][info ][gc,cpu         ] GC(2276) User=0.00s Sys=0.00s Real=0.00s
[15.634s][info ][gc,start       ] GC(2277) Pause Young (Allocation Failure)
[15.635s][debug][gc,phases      ] GC(2277) Scavenge 0.672ms
[15.635s][debug][gc,phases      ] GC(2277) Reference Processing 0.018ms
[15.635s][debug][gc,phases      ] GC(2277) Weak Processing 0.009ms
[15.635s][debug][gc,phases      ] GC(2277) Scrub String Table 0.058ms
[15.635s][debug][gc,age         ] GC(2277) Desired survivor size 4194304 bytes, new threshold 1 (max threshold 15)
[15.635s][info ][gc,heap        ] GC(2277) PSYoungGen: 14888K->2145K(16384K)
[15.635s][info ][gc,heap        ] GC(2277) ParOldGen: 7218K->7641K(43520K)
[15.635s][info ][gc,metaspace   ] GC(2277) Metaspace: 15867K->15867K(1064960K)
[15.635s][info ][gc             ] GC(2277) Pause Young (Allocation Failure) 21M->9M(58M) 0.951ms
[15.635s][info ][gc,cpu         ] GC(2277) User=0.00s Sys=0.00s Real=0.00s
[15.636s][info ][gc,start       ] GC(2278) Pause Young (Allocation Failure)
[15.636s][debug][gc,phases      ] GC(2278) Scavenge 0.409ms
[15.636s][debug][gc,phases      ] GC(2278) Reference Processing 0.018ms
[15.636s][debug][gc,phases      ] GC(2278) Weak Processing 0.009ms
[15.637s][debug][gc,phases      ] GC(2278) Scrub String Table 0.058ms
[15.637s][debug][gc,age         ] GC(2278) Desired survivor size 4718592 bytes, new threshold 1 (max threshold 15)
[15.637s][info ][gc,heap        ] GC(2278) PSYoungGen: 14116K->3381K(16384K)
[15.637s][info ][gc,heap        ] GC(2278) ParOldGen: 7641K->7641K(43520K)
[15.637s][info ][gc,metaspace   ] GC(2278) Metaspace: 15867K->15867K(1064960K)
[15.637s][info ][gc             ] GC(2278) Pause Young (Allocation Failure) 21M->10M(58M) 0.662ms
[15.637s][info ][gc,cpu         ] GC(2278) User=0.01s Sys=0.00s Real=0.01s
[15.638s][info ][gc,start       ] GC(2279) Pause Young (Allocation Failure)
[15.638s][debug][gc,phases      ] GC(2279) Scavenge 0.395ms
[15.638s][debug][gc,phases      ] GC(2279) Reference Processing 0.016ms
[15.638s][debug][gc,phases      ] GC(2279) Weak Processing 0.009ms
[15.638s][debug][gc,phases      ] GC(2279) Scrub String Table 0.057ms
[15.638s][debug][gc,age         ] GC(2279) Desired survivor size 4194304 bytes, new threshold 1 (max threshold 15)
[15.638s][info ][gc,heap        ] GC(2279) PSYoungGen: 15348K->2599K(16896K)
[15.638s][info ][gc,heap        ] GC(2279) ParOldGen: 7641K->7649K(43520K)
[15.638s][info ][gc,metaspace   ] GC(2279) Metaspace: 15867K->15867K(1064960K)
[15.638s][info ][gc             ] GC(2279) Pause Young (Allocation Failure) 22M->10M(59M) 0.647ms
[15.638s][info ][gc,cpu         ] GC(2279) User=0.00s Sys=0.00s Real=0.00s
[15.639s][info ][gc,start       ] GC(2280) Pause Young (Allocation Failure)
[15.640s][debug][gc,phases      ] GC(2280) Scavenge 0.235ms
[15.640s][debug][gc,phases      ] GC(2280) Reference Processing 0.018ms
[15.640s][debug][gc,phases      ] GC(2280) Weak Processing 0.009ms
[15.640s][debug][gc,phases      ] GC(2280) Scrub String Table 0.057ms
[15.640s][debug][gc,age         ] GC(2280) Desired survivor size 4194304 bytes, new threshold 1 (max threshold 15)
[15.640s][info ][gc,heap        ] GC(2280) PSYoungGen: 15356K->1818K(16896K)
[15.640s][info ][gc,heap        ] GC(2280) ParOldGen: 7649K->7649K(43520K)
[15.640s][info ][gc,metaspace   ] GC(2280) Metaspace: 15867K->15867K(1064960K)
[15.640s][info ][gc             ] GC(2280) Pause Young (Allocation Failure) 22M->9M(59M) 0.502ms
[15.640s][info ][gc,cpu         ] GC(2280) User=0.00s Sys=0.00s Real=0.00s
[15.641s][info ][gc,start       ] GC(2281) Pause Young (Allocation Failure)
[15.641s][debug][gc,phases      ] GC(2281) Scavenge 0.357ms
[15.641s][debug][gc,phases      ] GC(2281) Reference Processing 0.016ms
[15.641s][debug][gc,phases      ] GC(2281) Weak Processing 0.010ms
[15.641s][debug][gc,phases      ] GC(2281) Scrub String Table 0.060ms
[15.641s][debug][gc,age         ] GC(2281) Desired survivor size 4194304 bytes, new threshold 1 (max threshold 15)
[15.641s][info ][gc,heap        ] GC(2281) PSYoungGen: 14573K->2990K(17408K)
[15.641s][info ][gc,heap        ] GC(2281) ParOldGen: 7649K->7649K(43520K)
[15.641s][info ][gc,metaspace   ] GC(2281) Metaspace: 15867K->15867K(1064960K)
[15.641s][info ][gc             ] GC(2281) Pause Young (Allocation Failure) 21M->10M(59M) 0.600ms
[15.641s][info ][gc,cpu         ] GC(2281) User=0.00s Sys=0.00s Real=0.00s
[15.642s][info ][gc,start       ] GC(2282) Pause Young (Allocation Failure)
[15.643s][debug][gc,phases      ] GC(2282) Scavenge 0.321ms
[15.643s][debug][gc,phases      ] GC(2282) Reference Processing 0.017ms
[15.643s][debug][gc,phases      ] GC(2282) Weak Processing 0.014ms
[15.643s][debug][gc,phases      ] GC(2282) Scrub String Table 0.075ms
[15.643s][debug][gc,age         ] GC(2282) Desired survivor size 4194304 bytes, new threshold 1 (max threshold 15)
[15.643s][info ][gc,heap        ] GC(2282) PSYoungGen: 16145K->2177K(17408K)
[15.643s][info ][gc,heap        ] GC(2282) ParOldGen: 7649K->7649K(43520K)
[15.643s][info ][gc,metaspace   ] GC(2282) Metaspace: 15867K->15867K(1064960K)
[15.643s][info ][gc             ] GC(2282) Pause Young (Allocation Failure) 23M->9M(59M) 0.598ms
[15.643s][info ][gc,cpu         ] GC(2282) User=0.00s Sys=0.00s Real=0.00s
[15.644s][info ][gc,start       ] GC(2283) Pause Young (Allocation Failure)
[15.644s][debug][gc,phases      ] GC(2283) Scavenge 0.409ms
[15.645s][debug][gc,phases      ] GC(2283) Reference Processing 0.018ms
[15.645s][debug][gc,phases      ] GC(2283) Weak Processing 0.009ms
[15.645s][debug][gc,phases      ] GC(2283) Scrub String Table 0.057ms
[15.645s][debug][gc,age         ] GC(2283) Desired survivor size 4194304 bytes, new threshold 1 (max threshold 15)
[15.645s][info ][gc,heap        ] GC(2283) PSYoungGen: 15331K->2958K(17408K)
[15.645s][info ][gc,heap        ] GC(2283) ParOldGen: 7649K->8063K(43520K)
[15.645s][info ][gc,metaspace   ] GC(2283) Metaspace: 15867K->15867K(1064960K)
[15.645s][info ][gc             ] GC(2283) Pause Young (Allocation Failure) 22M->10M(59M) 0.646ms
[15.645s][info ][gc,cpu         ] GC(2283) User=0.00s Sys=0.00s Real=0.00s
[15.646s][info ][gc,start       ] GC(2284) Pause Young (Allocation Failure)
[15.646s][debug][gc,phases      ] GC(2284) Scavenge 0.510ms
[15.646s][debug][gc,phases      ] GC(2284) Reference Processing 0.016ms
[15.646s][debug][gc,phases      ] GC(2284) Weak Processing 0.009ms
[15.646s][debug][gc,phases      ] GC(2284) Scrub String Table 0.057ms
[15.646s][debug][gc,age         ] GC(2284) Desired survivor size 4194304 bytes, new threshold 1 (max threshold 15)
[15.646s][info ][gc,heap        ] GC(2284) PSYoungGen: 16111K->2503K(17408K)
[15.646s][info ][gc,heap        ] GC(2284) ParOldGen: 8063K->8063K(43520K)
[15.646s][info ][gc,metaspace   ] GC(2284) Metaspace: 15867K->15867K(1064960K)
[15.646s][info ][gc             ] GC(2284) Pause Young (Allocation Failure) 23M->10M(59M) 0.784ms
[15.646s][info ][gc,cpu         ] GC(2284) User=0.00s Sys=0.00s Real=0.01s
[15.647s][info ][gc,start       ] GC(2285) Pause Young (Allocation Failure)
[15.648s][debug][gc,phases      ] GC(2285) Scavenge 0.344ms
[15.648s][debug][gc,phases      ] GC(2285) Reference Processing 0.015ms
[15.648s][debug][gc,phases      ] GC(2285) Weak Processing 0.009ms
[15.648s][debug][gc,phases      ] GC(2285) Scrub String Table 0.058ms
[15.648s][debug][gc,age         ] GC(2285) Desired survivor size 4194304 bytes, new threshold 1 (max threshold 15)
[15.648s][info ][gc,heap        ] GC(2285) PSYoungGen: 15656K->2177K(17408K)
[15.648s][info ][gc,heap        ] GC(2285) ParOldGen: 8063K->8071K(43520K)
[15.648s][info ][gc,metaspace   ] GC(2285) Metaspace: 15867K->15867K(1064960K)
[15.648s][info ][gc             ] GC(2285) Pause Young (Allocation Failure) 23M->10M(59M) 0.574ms
[15.648s][info ][gc,cpu         ] GC(2285) User=0.00s Sys=0.00s Real=0.00s
[15.649s][info ][gc,start       ] GC(2286) Pause Young (Allocation Failure)
[15.649s][debug][gc,phases      ] GC(2286) Scavenge 0.335ms
[15.650s][debug][gc,phases      ] GC(2286) Reference Processing 0.034ms
[15.650s][debug][gc,phases      ] GC(2286) Weak Processing 0.051ms
[15.650s][debug][gc,phases      ] GC(2286) Scrub String Table 0.060ms
[15.650s][debug][gc,age         ] GC(2286) Desired survivor size 4194304 bytes, new threshold 1 (max threshold 15)
[15.650s][info ][gc,heap        ] GC(2286) PSYoungGen: 15330K->2990K(17408K)
[15.650s][info ][gc,heap        ] GC(2286) ParOldGen: 8071K->8071K(43520K)
[15.650s][info ][gc,metaspace   ] GC(2286) Metaspace: 15867K->15867K(1064960K)
[15.650s][info ][gc             ] GC(2286) Pause Young (Allocation Failure) 22M->10M(59M) 0.684ms
[15.650s][info ][gc,cpu         ] GC(2286) User=0.00s Sys=0.00s Real=0.00s
[15.651s][info ][gc,start       ] GC(2287) Pause Young (Allocation Failure)
[15.652s][debug][gc,phases      ] GC(2287) Scavenge 0.828ms
[15.652s][debug][gc,phases      ] GC(2287) Reference Processing 0.018ms
[15.652s][debug][gc,phases      ] GC(2287) Weak Processing 0.010ms
[15.652s][debug][gc,phases      ] GC(2287) Scrub String Table 0.058ms
[15.652s][debug][gc,age         ] GC(2287) Desired survivor size 4194304 bytes, new threshold 1 (max threshold 15)
[15.652s][info ][gc,heap        ] GC(2287) PSYoungGen: 16143K->2926K(17408K)
[15.652s][info ][gc,heap        ] GC(2287) ParOldGen: 8071K->8478K(43520K)
[15.652s][info ][gc,metaspace   ] GC(2287) Metaspace: 15867K->15867K(1064960K)
[15.652s][info ][gc             ] GC(2287) Pause Young (Allocation Failure) 23M->11M(59M) 1.095ms
[15.652s][info ][gc,cpu         ] GC(2287) User=0.00s Sys=0.00s Real=0.00s
[15.653s][info ][gc,start       ] GC(2288) Pause Young (Allocation Failure)
[15.654s][debug][gc,phases      ] GC(2288) Scavenge 1.390ms
[15.654s][debug][gc,phases      ] GC(2288) Reference Processing 0.016ms
[15.654s][debug][gc,phases      ] GC(2288) Weak Processing 0.009ms
[15.654s][debug][gc,phases      ] GC(2288) Scrub String Table 0.058ms
[15.654s][debug][gc,age         ] GC(2288) Desired survivor size 4194304 bytes, new threshold 1 (max threshold 15)
[15.654s][info ][gc,heap        ] GC(2288) PSYoungGen: 16079K->2830K(17408K)
[15.654s][info ][gc,heap        ] GC(2288) ParOldGen: 8478K->8478K(43520K)
[15.654s][info ][gc,metaspace   ] GC(2288) Metaspace: 15867K->15867K(1064960K)
[15.654s][info ][gc             ] GC(2288) Pause Young (Allocation Failure) 23M->11M(59M) 1.622ms
[15.654s][info ][gc,cpu         ] GC(2288) User=0.00s Sys=0.00s Real=0.00s
[15.655s][info ][gc,start       ] GC(2289) Pause Young (Allocation Failure)
[15.656s][debug][gc,phases      ] GC(2289) Scavenge 0.539ms
[15.656s][debug][gc,phases      ] GC(2289) Reference Processing 0.016ms
[15.656s][debug][gc,phases      ] GC(2289) Weak Processing 0.009ms
[15.656s][debug][gc,phases      ] GC(2289) Scrub String Table 0.057ms
[15.656s][debug][gc,age         ] GC(2289) Desired survivor size 4194304 bytes, new threshold 1 (max threshold 15)
[15.656s][info ][gc,heap        ] GC(2289) PSYoungGen: 15983K->3381K(17408K)
[15.656s][info ][gc,heap        ] GC(2289) ParOldGen: 8478K->8486K(43520K)
[15.656s][info ][gc,metaspace   ] GC(2289) Metaspace: 15867K->15867K(1064960K)
[15.656s][info ][gc             ] GC(2289) Pause Young (Allocation Failure) 23M->11M(59M) 0.774ms
[15.656s][info ][gc,cpu         ] GC(2289) User=0.00s Sys=0.00s Real=0.00s
[15.657s][info ][gc,start       ] GC(2290) Pause Young (Allocation Failure)
[15.658s][debug][gc,phases      ] GC(2290) Scavenge 0.327ms
[15.658s][debug][gc,phases      ] GC(2290) Reference Processing 0.016ms
[15.658s][debug][gc,phases      ] GC(2290) Weak Processing 0.009ms
[15.658s][debug][gc,phases      ] GC(2290) Scrub String Table 0.058ms
[15.658s][debug][gc,age         ] GC(2290) Desired survivor size 4194304 bytes, new threshold 1 (max threshold 15)
[15.658s][info ][gc,heap        ] GC(2290) PSYoungGen: 16533K->2958K(17408K)
[15.658s][info ][gc,heap        ] GC(2290) ParOldGen: 8486K->8486K(43520K)
[15.658s][info ][gc,metaspace   ] GC(2290) Metaspace: 15867K->15867K(1064960K)
[15.658s][info ][gc             ] GC(2290) Pause Young (Allocation Failure) 24M->11M(59M) 0.583ms
[15.658s][info ][gc,cpu         ] GC(2290) User=0.00s Sys=0.00s Real=0.00s
[15.659s][info ][gc,start       ] GC(2291) Pause Young (Allocation Failure)
[15.659s][debug][gc,phases      ] GC(2291) Scavenge 0.403ms
[15.659s][debug][gc,phases      ] GC(2291) Reference Processing 0.017ms
[15.659s][debug][gc,phases      ] GC(2291) Weak Processing 0.009ms
[15.659s][debug][gc,phases      ] GC(2291) Scrub String Table 0.058ms
[15.659s][debug][gc,age         ] GC(2291) Desired survivor size 4194304 bytes, new threshold 1 (max threshold 15)
[15.659s][info ][gc,heap        ] GC(2291) PSYoungGen: 16111K->3381K(17408K)
[15.659s][info ][gc,heap        ] GC(2291) ParOldGen: 8486K->8486K(43520K)
[15.659s][info ][gc,metaspace   ] GC(2291) Metaspace: 15867K->15867K(1064960K)
[15.659s][info ][gc             ] GC(2291) Pause Young (Allocation Failure) 24M->11M(59M) 0.652ms
[15.659s][info ][gc,cpu         ] GC(2291) User=0.00s Sys=0.00s Real=0.00s
[15.661s][info ][gc,start       ] GC(2292) Pause Young (Allocation Failure)
[15.661s][debug][gc,phases      ] GC(2292) Scavenge 0.404ms
[15.661s][debug][gc,phases      ] GC(2292) Reference Processing 0.015ms
[15.661s][debug][gc,phases      ] GC(2292) Weak Processing 0.010ms
[15.661s][debug][gc,phases      ] GC(2292) Scrub String Table 0.058ms
[15.661s][debug][gc,age         ] GC(2292) Desired survivor size 4718592 bytes, new threshold 1 (max threshold 15)
[15.661s][info ][gc,heap        ] GC(2292) PSYoungGen: 16533K->3381K(16896K)
[15.661s][info ][gc,heap        ] GC(2292) ParOldGen: 8486K->8494K(43520K)
[15.661s][info ][gc,metaspace   ] GC(2292) Metaspace: 15867K->15867K(1064960K)
[15.661s][info ][gc             ] GC(2292) Pause Young (Allocation Failure) 24M->11M(59M) 0.637ms
[15.661s][info ][gc,cpu         ] GC(2292) User=0.01s Sys=0.00s Real=0.00s
[15.662s][info ][gc,start       ] GC(2293) Pause Young (Allocation Failure)
[15.663s][debug][gc,phases      ] GC(2293) Scavenge 0.364ms
[15.663s][debug][gc,phases      ] GC(2293) Reference Processing 0.016ms
[15.663s][debug][gc,phases      ] GC(2293) Weak Processing 0.009ms
[15.663s][debug][gc,phases      ] GC(2293) Scrub String Table 0.059ms
[15.663s][debug][gc,age         ] GC(2293) Desired survivor size 4194304 bytes, new threshold 1 (max threshold 15)
[15.663s][info ][gc,heap        ] GC(2293) PSYoungGen: 16533K->2599K(17408K)
[15.663s][info ][gc,heap        ] GC(2293) ParOldGen: 8494K->8494K(43520K)
[15.663s][info ][gc,metaspace   ] GC(2293) Metaspace: 15867K->15867K(1064960K)
[15.663s][info ][gc             ] GC(2293) Pause Young (Allocation Failure) 24M->10M(59M) 0.609ms
[15.663s][info ][gc,cpu         ] GC(2293) User=0.00s Sys=0.00s Real=0.00s
[15.664s][info ][gc,start       ] GC(2294) Pause Young (Allocation Failure)
[15.664s][debug][gc,phases      ] GC(2294) Scavenge 0.368ms
[15.664s][debug][gc,phases      ] GC(2294) Reference Processing 0.016ms
[15.664s][debug][gc,phases      ] GC(2294) Weak Processing 0.009ms
[15.664s][debug][gc,phases      ] GC(2294) Scrub String Table 0.058ms
[15.664s][debug][gc,age         ] GC(2294) Desired survivor size 4194304 bytes, new threshold 1 (max threshold 15)
[15.664s][info ][gc,heap        ] GC(2294) PSYoungGen: 15351K->2599K(16896K)
[15.664s][info ][gc,heap        ] GC(2294) ParOldGen: 8494K->8494K(43520K)
[15.664s][info ][gc,metaspace   ] GC(2294) Metaspace: 15867K->15867K(1064960K)
[15.664s][info ][gc             ] GC(2294) Pause Young (Allocation Failure) 23M->10M(59M) 0.633ms
[15.664s][info ][gc,cpu         ] GC(2294) User=0.00s Sys=0.00s Real=0.00s
[15.665s][info ][gc,start       ] GC(2295) Pause Young (Allocation Failure)
[15.666s][debug][gc,phases      ] GC(2295) Scavenge 0.241ms
[15.666s][debug][gc,phases      ] GC(2295) Reference Processing 0.018ms
[15.666s][debug][gc,phases      ] GC(2295) Weak Processing 0.010ms
[15.666s][debug][gc,phases      ] GC(2295) Scrub String Table 0.060ms
[15.666s][debug][gc,age         ] GC(2295) Desired survivor size 4194304 bytes, new threshold 1 (max threshold 15)
[15.666s][info ][gc,heap        ] GC(2295) PSYoungGen: 15351K->1786K(16896K)
[15.666s][info ][gc,heap        ] GC(2295) ParOldGen: 8494K->8494K(43520K)
[15.666s][info ][gc,metaspace   ] GC(2295) Metaspace: 15867K->15867K(1064960K)
[15.666s][info ][gc             ] GC(2295) Pause Young (Allocation Failure) 23M->10M(59M) 0.501ms
[15.666s][info ][gc,cpu         ] GC(2295) User=0.00s Sys=0.00s Real=0.00s
[15.667s][info ][gc,start       ] GC(2296) Pause Young (Allocation Failure)
[15.668s][debug][gc,phases      ] GC(2296) Scavenge 0.874ms
[15.668s][debug][gc,phases      ] GC(2296) Reference Processing 0.064ms
[15.668s][debug][gc,phases      ] GC(2296) Weak Processing 0.009ms
[15.668s][debug][gc,phases      ] GC(2296) Scrub String Table 0.058ms
[15.668s][debug][gc,age         ] GC(2296) Desired survivor size 4194304 bytes, new threshold 1 (max threshold 15)
[15.668s][info ][gc,heap        ] GC(2296) PSYoungGen: 14508K->2177K(16896K)
[15.668s][info ][gc,heap        ] GC(2296) ParOldGen: 8494K->8502K(43520K)
[15.668s][info ][gc,metaspace   ] GC(2296) Metaspace: 15867K->15867K(1064960K)
[15.668s][info ][gc             ] GC(2296) Pause Young (Allocation Failure) 22M->10M(59M) 1.185ms
[15.668s][info ][gc,cpu         ] GC(2296) User=0.01s Sys=0.01s Real=0.00s
[15.669s][info ][gc,start       ] GC(2297) Pause Young (Allocation Failure)
[15.669s][debug][gc,phases      ] GC(2297) Scavenge 0.239ms
[15.669s][debug][gc,phases      ] GC(2297) Reference Processing 0.017ms
[15.669s][debug][gc,phases      ] GC(2297) Weak Processing 0.009ms
[15.669s][debug][gc,phases      ] GC(2297) Scrub String Table 0.057ms
[15.669s][debug][gc,age         ] GC(2297) Desired survivor size 4194304 bytes, new threshold 1 (max threshold 15)
[15.669s][info ][gc,heap        ] GC(2297) PSYoungGen: 14939K->1818K(17408K)
[15.669s][info ][gc,heap        ] GC(2297) ParOldGen: 8502K->8502K(43520K)
[15.670s][info ][gc,metaspace   ] GC(2297) Metaspace: 15867K->15867K(1064960K)
[15.670s][info ][gc             ] GC(2297) Pause Young (Allocation Failure) 22M->10M(59M) 0.494ms
[15.670s][info ][gc,cpu         ] GC(2297) User=0.01s Sys=0.00s Real=0.00s
[15.671s][info ][gc,start       ] GC(2298) Pause Young (Allocation Failure)
[15.671s][debug][gc,phases      ] GC(2298) Scavenge 0.398ms
[15.671s][debug][gc,phases      ] GC(2298) Reference Processing 0.016ms
[15.671s][debug][gc,phases      ] GC(2298) Weak Processing 0.008ms
[15.671s][debug][gc,phases      ] GC(2298) Scrub String Table 0.058ms
[15.671s][debug][gc,age         ] GC(2298) Desired survivor size 4718592 bytes, new threshold 1 (max threshold 15)
[15.671s][info ][gc,heap        ] GC(2298) PSYoungGen: 14978K->3381K(16896K)
[15.671s][info ][gc,heap        ] GC(2298) ParOldGen: 8502K->8510K(43520K)
[15.671s][info ][gc,metaspace   ] GC(2298) Metaspace: 15867K->15867K(1064960K)
[15.671s][info ][gc             ] GC(2298) Pause Young (Allocation Failure) 22M->11M(59M) 0.651ms
[15.671s][info ][gc,cpu         ] GC(2298) User=0.00s Sys=0.00s Real=0.00s
[15.672s][info ][gc,start       ] GC(2299) Pause Young (Allocation Failure)
[15.673s][debug][gc,phases      ] GC(2299) Scavenge 0.888ms
[15.673s][debug][gc,phases      ] GC(2299) Reference Processing 0.016ms
[15.673s][debug][gc,phases      ] GC(2299) Weak Processing 0.009ms
[15.673s][debug][gc,phases      ] GC(2299) Scrub String Table 0.058ms
[15.673s][debug][gc,age         ] GC(2299) Desired survivor size 4194304 bytes, new threshold 1 (max threshold 15)
[15.673s][info ][gc,heap        ] GC(2299) PSYoungGen: 16538K->2599K(17408K)
[15.673s][info ][gc,heap        ] GC(2299) ParOldGen: 8510K->8510K(43520K)
[15.673s][info ][gc,metaspace   ] GC(2299) Metaspace: 15867K->15867K(1064960K)
[15.673s][info ][gc             ] GC(2299) Pause Young (Allocation Failure) 24M->10M(59M) 1.126ms
[15.673s][info ][gc,cpu         ] GC(2299) User=0.01s Sys=0.00s Real=0.00s
[15.674s][info ][gc,start       ] GC(2300) Pause Young (Allocation Failure)
[15.675s][debug][gc,phases      ] GC(2300) Scavenge 1.097ms
[15.676s][debug][gc,phases      ] GC(2300) Reference Processing 0.018ms
[15.676s][debug][gc,phases      ] GC(2300) Weak Processing 0.009ms
[15.676s][debug][gc,phases      ] GC(2300) Scrub String Table 0.060ms
[15.676s][debug][gc,age         ] GC(2300) Desired survivor size 4194304 bytes, new threshold 1 (max threshold 15)
[15.676s][info ][gc,heap        ] GC(2300) PSYoungGen: 15354K->2958K(16896K)
[15.676s][info ][gc,heap        ] GC(2300) ParOldGen: 8510K->8510K(43520K)
[15.676s][info ][gc,metaspace   ] GC(2300) Metaspace: 15867K->15867K(1064960K)
[15.676s][info ][gc             ] GC(2300) Pause Young (Allocation Failure) 23M->11M(59M) 1.387ms
[15.676s][info ][gc,cpu         ] GC(2300) User=0.01s Sys=0.00s Real=0.00s
[15.677s][info ][gc,start       ] GC(2301) Pause Young (Allocation Failure)
[15.678s][debug][gc,phases      ] GC(2301) Scavenge 0.916ms
[15.678s][debug][gc,phases      ] GC(2301) Reference Processing 0.018ms
[15.678s][debug][gc,phases      ] GC(2301) Weak Processing 0.009ms
[15.678s][debug][gc,phases      ] GC(2301) Scrub String Table 0.059ms
[15.678s][debug][gc,age         ] GC(2301) Desired survivor size 4194304 bytes, new threshold 1 (max threshold 15)
[15.678s][info ][gc,heap        ] GC(2301) PSYoungGen: 15680K->2535K(16896K)
[15.678s][info ][gc,heap        ] GC(2301) ParOldGen: 8510K->8916K(43520K)
[15.678s][info ][gc,metaspace   ] GC(2301) Metaspace: 15867K->15867K(1064960K)
[15.678s][info ][gc             ] GC(2301) Pause Young (Allocation Failure) 23M->11M(59M) 1.199ms
[15.678s][info ][gc,cpu         ] GC(2301) User=0.01s Sys=0.00s Real=0.00s
[15.679s][info ][gc,start       ] GC(2302) Pause Young (Allocation Failure)
[15.680s][debug][gc,phases      ] GC(2302) Scavenge 0.867ms
[15.680s][debug][gc,phases      ] GC(2302) Reference Processing 0.016ms
[15.680s][debug][gc,phases      ] GC(2302) Weak Processing 0.009ms
[15.680s][debug][gc,phases      ] GC(2302) Scrub String Table 0.058ms
[15.680s][debug][gc,age         ] GC(2302) Desired survivor size 4194304 bytes, new threshold 1 (max threshold 15)
[15.680s][info ][gc,heap        ] GC(2302) PSYoungGen: 15266K->2145K(16896K)
[15.680s][info ][gc,heap        ] GC(2302) ParOldGen: 8916K->9323K(43520K)
[15.680s][info ][gc,metaspace   ] GC(2302) Metaspace: 15867K->15867K(1064960K)
[15.680s][info ][gc             ] GC(2302) Pause Young (Allocation Failure) 23M->11M(59M) 1.104ms
[15.680s][info ][gc,cpu         ] GC(2302) User=0.01s Sys=0.00s Real=0.00s
[15.681s][info ][gc,start       ] GC(2303) Pause Young (Allocation Failure)
[15.682s][debug][gc,phases      ] GC(2303) Scavenge 1.102ms
[15.682s][debug][gc,phases      ] GC(2303) Reference Processing 0.015ms
[15.682s][debug][gc,phases      ] GC(2303) Weak Processing 0.011ms
[15.682s][debug][gc,phases      ] GC(2303) Scrub String Table 0.060ms
[15.682s][debug][gc,age         ] GC(2303) Desired survivor size 4194304 bytes, new threshold 1 (max threshold 15)
[15.682s][info ][gc,heap        ] GC(2303) PSYoungGen: 14880K->2862K(17408K)
[15.682s][info ][gc,heap        ] GC(2303) ParOldGen: 9323K->9339K(43520K)
[15.682s][info ][gc,metaspace   ] GC(2303) Metaspace: 15867K->15867K(1064960K)
[15.682s][info ][gc             ] GC(2303) Pause Young (Allocation Failure) 23M->11M(59M) 1.353ms
[15.682s][info ][gc,cpu         ] GC(2303) User=0.01s Sys=0.00s Real=0.00s
[15.684s][info ][gc,start       ] GC(2304) Pause Young (Allocation Failure)
[15.685s][debug][gc,phases      ] GC(2304) Scavenge 1.004ms
[15.685s][debug][gc,phases      ] GC(2304) Reference Processing 0.016ms
[15.685s][debug][gc,phases      ] GC(2304) Weak Processing 0.009ms
[15.685s][debug][gc,phases      ] GC(2304) Scrub String Table 0.057ms
[15.685s][debug][gc,age         ] GC(2304) Desired survivor size 4194304 bytes, new threshold 1 (max threshold 15)
[15.685s][info ][gc,heap        ] GC(2304) PSYoungGen: 16041K->2958K(17408K)
[15.685s][info ][gc,heap        ] GC(2304) ParOldGen: 9339K->9347K(43520K)
[15.685s][info ][gc,metaspace   ] GC(2304) Metaspace: 15867K->15867K(1064960K)
[15.685s][info ][gc             ] GC(2304) Pause Young (Allocation Failure) 24M->12M(59M) 1.292ms
[15.685s][info ][gc,cpu         ] GC(2304) User=0.01s Sys=0.00s Real=0.00s
[15.686s][info ][gc,start       ] GC(2305) Pause Young (Allocation Failure)
[15.686s][debug][gc,phases      ] GC(2305) Scavenge 0.523ms
[15.686s][debug][gc,phases      ] GC(2305) Reference Processing 0.028ms
[15.686s][debug][gc,phases      ] GC(2305) Weak Processing 0.009ms
[15.687s][debug][gc,phases      ] GC(2305) Scrub String Table 0.058ms
[15.687s][debug][gc,age         ] GC(2305) Desired survivor size 4194304 bytes, new threshold 1 (max threshold 15)
[15.687s][info ][gc,heap        ] GC(2305) PSYoungGen: 16074K->2535K(17408K)
[15.687s][info ][gc,heap        ] GC(2305) ParOldGen: 9347K->10152K(43520K)
[15.687s][info ][gc,metaspace   ] GC(2305) Metaspace: 15867K->15867K(1064960K)
[15.687s][info ][gc             ] GC(2305) Pause Young (Allocation Failure) 24M->12M(59M) 0.827ms
[15.687s][info ][gc,cpu         ] GC(2305) User=0.01s Sys=0.00s Real=0.01s
[15.688s][info ][gc,start       ] GC(2306) Pause Young (Allocation Failure)
[15.688s][debug][gc,phases      ] GC(2306) Scavenge 0.336ms
[15.688s][debug][gc,phases      ] GC(2306) Reference Processing 0.018ms
[15.688s][debug][gc,phases      ] GC(2306) Weak Processing 0.009ms
[15.688s][debug][gc,phases      ] GC(2306) Scrub String Table 0.060ms
[15.688s][debug][gc,age         ] GC(2306) Desired survivor size 4194304 bytes, new threshold 1 (max threshold 15)
[15.688s][info ][gc,heap        ] GC(2306) PSYoungGen: 15718K->1786K(17408K)
[15.688s][info ][gc,heap        ] GC(2306) ParOldGen: 10152K->10168K(43520K)
[15.688s][info ][gc,metaspace   ] GC(2306) Metaspace: 15867K->15867K(1064960K)
[15.688s][info ][gc             ] GC(2306) Pause Young (Allocation Failure) 25M->11M(59M) 0.580ms
[15.688s][info ][gc,cpu         ] GC(2306) User=0.00s Sys=0.00s Real=0.00s
