0.122: [GC 0.122: [ParNew
Desired survivor size 557056 bytes, new threshold 15 (max 15)
- age   1:     442856 bytes,     442856 total
: 1088K->448K(2176K), 0.0023409 secs] 1088K->448K(5504K), 0.0024413 secs] [Times: user=0.01 sys=0.00, real=0.01 secs] 
0.201: [GC 0.201: [ParNew
Desired survivor size 557056 bytes, new threshold 15 (max 15)
- age   1:     144224 bytes,     144224 total
- age   2:     394456 bytes,     538680 total
: 1536K->674K(2176K), 0.0020483 secs] 1536K->674K(5504K), 0.0021205 secs] [Times: user=0.01 sys=0.00, real=0.00 secs] 
0.245: [GC 0.246: [ParNew
Desired survivor size 557056 bytes, new threshold 3 (max 15)
- age   1:      79448 bytes,      79448 total
- age   2:     100320 bytes,     179768 total
- age   3:     394032 bytes,     573800 total
: 1762K->739K(2176K), 0.0013167 secs] 1762K->739K(5504K), 0.0013697 secs] [Times: user=0.01 sys=0.00, real=0.00 secs] 
0.317: [GC 0.317: [ParNew
Desired survivor size 557056 bytes, new threshold 3 (max 15)
- age   1:     424912 bytes,     424912 total
- age   2:      46624 bytes,     471536 total
- age   3:     100280 bytes,     571816 total
: 1827K->848K(2176K), 0.0121634 secs] 1827K->1278K(5504K), 0.0122452 secs] [Times: user=0.03 sys=0.00, real=0.01 secs] 
0.361: [GC 0.361: [ParNew
Desired survivor size 557056 bytes, new threshold 15 (max 15)
- age   1:     119824 bytes,     119824 total
- age   2:     378480 bytes,     498304 total
- age   3:      45472 bytes,     543776 total
: 1936K->689K(2176K), 0.0028058 secs] 2366K->1217K(5504K), 0.0028837 secs] [Times: user=0.01 sys=0.01, real=0.00 secs] 
0.393: [GC 0.393: [ParNew
Desired survivor size 557056 bytes, new threshold 4 (max 15)
- age   1:      61872 bytes,      61872 total
- age   2:     114232 bytes,     176104 total
- age   3:     378008 bytes,     554112 total
- age   4:      45472 bytes,     599584 total
: 1777K->832K(2176K), 0.0016487 secs] 2305K->1360K(5504K), 0.0017100 secs] [Times: user=0.00 sys=0.00, real=0.01 secs] 
0.420: [GC 0.420: [ParNew
Desired survivor size 557056 bytes, new threshold 4 (max 15)
- age   1:     171648 bytes,     171648 total
- age   2:      50312 bytes,     221960 total
- age   3:     114232 bytes,     336192 total
- age   4:     290048 bytes,     626240 total
: 1920K->896K(2176K), 0.0021372 secs] 2448K->1469K(5504K), 0.0022244 secs] [Times: user=0.00 sys=0.00, real=0.00 secs] 
0.463: [GC 0.463: [ParNew
Desired survivor size 557056 bytes, new threshold 15 (max 15)
- age   1:      81584 bytes,      81584 total
- age   2:     161648 bytes,     243232 total
- age   3:      50080 bytes,     293312 total
- age   4:     114232 bytes,     407544 total
: 1984K->690K(2176K), 0.0020998 secs] 2557K->1547K(5504K), 0.0021605 secs] [Times: user=0.01 sys=0.01, real=0.01 secs] 
0.497: [GC 0.497: [ParNew
Desired survivor size 557056 bytes, new threshold 4 (max 15)
- age   1:     275408 bytes,     275408 total
- age   2:      71480 bytes,     346888 total
- age   3:     161400 bytes,     508288 total
- age   4:      50080 bytes,     558368 total
- age   5:     114024 bytes,     672392 total
: 1773K->859K(2176K), 0.0013714 secs] 2630K->1717K(5504K), 0.0014312 secs] [Times: user=0.00 sys=0.00, real=0.00 secs] 
0.518: [GC 0.518: [ParNew
Desired survivor size 557056 bytes, new threshold 15 (max 15)
- age   1:     136936 bytes,     136936 total
- age   2:     164488 bytes,     301424 total
- age   3:      67992 bytes,     369416 total
- age   4:      81824 bytes,     451240 total
: 1947K->713K(2176K), 0.0017141 secs] 2805K->1731K(5504K), 0.0017895 secs] [Times: user=0.00 sys=0.00, real=0.00 secs] 
0.544: [GC 0.544: [ParNew
Desired survivor size 557056 bytes, new threshold 4 (max 15)
- age   1:     236000 bytes,     236000 total
- age   2:     120720 bytes,     356720 total
- age   3:     163808 bytes,     520528 total
- age   4:      67992 bytes,     588520 total
- age   5:      81824 bytes,     670344 total
: 1801K->821K(2176K), 0.0016880 secs] 2819K->1839K(5504K), 0.0017410 secs] [Times: user=0.01 sys=0.00, real=0.01 secs] 
0.576: [GC 0.576: [ParNew
Desired survivor size 557056 bytes, new threshold 15 (max 15)
- age   1:      82360 bytes,      82360 total
- age   2:     103112 bytes,     185472 total
- age   3:     110848 bytes,     296320 total
- age   4:     163208 bytes,     459528 total
: 1909K->740K(2176K), 0.0021435 secs] 2927K->1911K(5504K), 0.0022375 secs] [Times: user=0.01 sys=0.00, real=0.00 secs] 
0.614: [GC 0.615: [ParNew
Desired survivor size 557056 bytes, new threshold 15 (max 15)
- age   1:      42896 bytes,      42896 total
- age   2:      39016 bytes,      81912 total
- age   3:     101408 bytes,     183320 total
- age   4:     104480 bytes,     287800 total
- age   5:     163328 bytes,     451128 total
: 1828K->606K(2176K), 0.0012058 secs] 2999K->1776K(5504K), 0.0012491 secs] [Times: user=0.00 sys=0.00, real=0.00 secs] 
0.632: [GC 0.632: [ParNew
Desired survivor size 557056 bytes, new threshold 15 (max 15)
- age   1:      28744 bytes,      28744 total
- age   2:      40448 bytes,      69192 total
- age   3:      38776 bytes,     107968 total
- age   4:     101408 bytes,     209376 total
- age   5:     104480 bytes,     313856 total
- age   6:     163568 bytes,     477424 total
: 1694K->678K(2176K), 0.0011247 secs] 2864K->1849K(5504K), 0.0011698 secs] [Times: user=0.00 sys=0.00, real=0.00 secs] 
0.645: [Full GC (System) 0.645: [CMS: 1170K->1606K(3328K), 0.0434830 secs] 2474K->1606K(5504K), [CMS Perm : 9606K->9552K(21248K)], 0.0436041 secs] [Times: user=0.04 sys=0.01, real=0.04 secs] 
0.689: [Full GC (System) 0.689: [CMS: 1606K->1606K(3328K), 0.0317923 secs] 1606K->1606K(5632K), [CMS Perm : 9553K->9553K(21248K)], 0.0318729 secs] [Times: user=0.03 sys=0.00, real=0.03 secs] 
18.142: [GC 18.142: [ParNew
Desired survivor size 557056 bytes, new threshold 15 (max 15)
- age   1:     113536 bytes,     113536 total
: 1173K->462K(2304K), 0.0021240 secs] 2779K->2068K(5632K), 0.0021838 secs] [Times: user=0.00 sys=0.00, real=0.01 secs] 
20.483: [GC 20.483: [ParNew
Desired survivor size 557056 bytes, new threshold 1 (max 15)
- age   1:     787960 bytes,     787960 total
- age   2:     108040 bytes,     896000 total
: 1678K->926K(2304K), 0.0024157 secs] 3284K->2533K(5632K), 0.0024837 secs] [Times: user=0.00 sys=0.00, real=0.01 secs] 
20.552: [GC 20.552: [ParNew
Desired survivor size 557056 bytes, new threshold 1 (max 15)
- age   1:    1095368 bytes,    1095368 total
: 2142K->1088K(2304K), 0.0053804 secs] 3749K->3814K(5632K), 0.0054472 secs] [Times: user=0.01 sys=0.01, real=0.01 secs] 
20.558: [GC [1 CMS-initial-mark: 2726K(3328K)] 3833K(5632K), 0.0009841 secs] [Times: user=0.01 sys=0.00, real=0.00 secs] 
20.559: [CMS-concurrent-mark-start]
20.598: [CMS-concurrent-mark: 0.040/0.040 secs] [Times: user=0.12 sys=0.00, real=0.04 secs] 
20.598: [CMS-concurrent-preclean-start]
20.599: [CMS-concurrent-preclean: 0.000/0.000 secs] [Times: user=0.00 sys=0.00, real=0.00 secs] 
20.600: [GC[YG occupancy: 1706 K (2304 K)]20.600: [Rescan (parallel) , 0.0007606 secs]20.601: [weak refs processing, 0.0000336 secs] [1 CMS-remark: 2726K(3328K)] 4433K(5632K), 0.0008842 secs] [Times: user=0.01 sys=0.00, real=0.00 secs] 
20.601: [CMS-concurrent-sweep-start]
20.603: [CMS-concurrent-sweep: 0.002/0.002 secs] [Times: user=0.00 sys=0.00, real=0.00 secs] 
20.603: [CMS-concurrent-reset-start]
20.607: [CMS-concurrent-reset: 0.004/0.004 secs] [Times: user=0.01 sys=0.00, real=0.01 secs] 
20.626: [GC 20.626: [ParNew
Desired survivor size 557056 bytes, new threshold 1 (max 15)
- age   1:     912232 bytes,     912232 total
: 2304K->1088K(2304K), 0.0056203 secs] 4984K->5191K(6772K), 0.0056925 secs] [Times: user=0.02 sys=0.00, real=0.00 secs] 
20.632: [GC [1 CMS-initial-mark: 4103K(4468K)] 5212K(6772K), 0.0010452 secs] [Times: user=0.00 sys=0.00, real=0.00 secs] 
20.633: [CMS-concurrent-mark-start]
20.665: [CMS-concurrent-mark: 0.032/0.032 secs] [Times: user=0.11 sys=0.01, real=0.04 secs] 
20.665: [CMS-concurrent-preclean-start]
20.665: [CMS-concurrent-preclean: 0.000/0.000 secs] [Times: user=0.00 sys=0.00, real=0.00 secs] 
20.666: [GC[YG occupancy: 1848 K (2304 K)]20.666: [Rescan (parallel) , 0.0009327 secs]20.667: [weak refs processing, 0.0000056 secs] [1 CMS-remark: 4103K(4468K)] 5952K(6772K), 0.0010504 secs] [Times: user=0.00 sys=0.00, real=0.00 secs] 
20.669: [CMS-concurrent-sweep-start]
20.671: [CMS-concurrent-sweep: 0.002/0.002 secs] [Times: user=0.00 sys=0.00, real=0.00 secs] 
20.671: [CMS-concurrent-reset-start]
20.674: [GC 20.674: [ParNew
Desired survivor size 557056 bytes, new threshold 1 (max 15)
- age   1:    1006824 bytes,    1006824 total
: 2304K->1088K(2304K), 0.0063583 secs] 6401K->6321K(9136K), 0.0064495 secs] [Times: user=0.01 sys=0.00, real=0.00 secs] 
20.682: [CMS-concurrent-reset: 0.004/0.011 secs] [Times: user=0.04 sys=0.00, real=0.01 secs] 
20.692: [GC [1 CMS-initial-mark: 5233K(6832K)] 7013K(9136K), 0.0016458 secs] [Times: user=0.00 sys=0.00, real=0.00 secs] 
20.697: [CMS-concurrent-mark-start]
20.715: [GC 20.715: [ParNew
Desired survivor size 557056 bytes, new threshold 1 (max 15)
- age   1:     962992 bytes,     962992 total
: 2304K->1088K(2304K), 0.0043780 secs] 7537K->7527K(9136K), 0.0044519 secs] [Times: user=0.02 sys=0.00, real=0.00 secs] 
20.741: [GC 20.741: [ParNew
Desired survivor size 557056 bytes, new threshold 1 (max 15)
- age   1:     854088 bytes,     854088 total
: 2304K->1088K(2304K), 0.0067695 secs] 8743K->8825K(10480K), 0.0068519 secs] [Times: user=0.02 sys=0.01, real=0.01 secs] 
20.751: [CMS-concurrent-mark: 0.039/0.054 secs] [Times: user=0.17 sys=0.01, real=0.05 secs] 
20.751: [CMS-concurrent-preclean-start]
20.757: [CMS-concurrent-preclean: 0.006/0.006 secs] [Times: user=0.02 sys=0.00, real=0.01 secs] 
20.760: [GC[YG occupancy: 2288 K (2304 K)]20.760: [Rescan (parallel) , 0.0011370 secs]20.761: [weak refs processing, 0.0000071 secs] [1 CMS-remark: 7737K(8176K)] 10025K(10480K), 0.0012660 secs] [Times: user=0.00 sys=0.00, real=0.00 secs] 
20.761: [CMS-concurrent-sweep-start]
20.762: [GC 20.762: [ParNew
Desired survivor size 557056 bytes, new threshold 1 (max 15)
- age   1:    1054256 bytes,    1054256 total
: 2303K->1088K(2304K), 0.0038393 secs] 10041K->9822K(11440K), 0.0038955 secs] [Times: user=0.01 sys=0.00, real=0.01 secs] 
20.768: [CMS-concurrent-sweep: 0.003/0.007 secs] [Times: user=0.02 sys=0.00, real=0.01 secs] 
20.768: [CMS-concurrent-reset-start]
20.772: [CMS-concurrent-reset: 0.004/0.004 secs] [Times: user=0.00 sys=0.00, real=0.00 secs] 
20.779: [GC 20.779: [ParNew
Desired survivor size 557056 bytes, new threshold 1 (max 15)
- age   1:    1113216 bytes,    1113216 total
: 2304K->1088K(2304K), 0.0077973 secs] 11038K->11005K(16864K), 0.0078852 secs] [Times: user=0.02 sys=0.00, real=0.01 secs] 
20.795: [GC 20.796: [ParNew
Desired survivor size 557056 bytes, new threshold 1 (max 15)
- age   1:     927000 bytes,     927000 total
: 2304K->1088K(2304K), 0.0063153 secs] 12221K->12354K(16864K), 0.0063957 secs] [Times: user=0.02 sys=0.00, real=0.00 secs] 
20.803: [GC [1 CMS-initial-mark: 11266K(14560K)] 12374K(16864K), 0.0009509 secs] [Times: user=0.00 sys=0.00, real=0.01 secs] 
20.804: [CMS-concurrent-mark-start]
20.810: [GC 20.810: [ParNew
Desired survivor size 557056 bytes, new threshold 1 (max 15)
- age   1:     827024 bytes,     827024 total
: 2304K->1088K(2304K), 0.0045550 secs] 13570K->13641K(16864K), 0.0046239 secs] [Times: user=0.01 sys=0.00, real=0.01 secs] 
20.833: [GC 20.833: [ParNew
Desired survivor size 557056 bytes, new threshold 1 (max 15)
- age   1:    1062784 bytes,    1062784 total
: 2304K->1088K(2304K), 0.0038999 secs] 14857K->14613K(16864K), 0.0039772 secs] [Times: user=0.01 sys=0.00, real=0.01 secs] 
20.847: [GC 20.847: [ParNew
Desired survivor size 557056 bytes, new threshold 1 (max 15)
- age   1:     904144 bytes,     904144 total
: 2304K->1088K(2304K), 0.0070396 secs] 15829K->16056K(17632K), 0.0071282 secs] [Times: user=0.02 sys=0.00, real=0.01 secs] 
20.860: [GC 20.860: [ParNew
Desired survivor size 557056 bytes, new threshold 1 (max 15)
- age   1:    1102936 bytes,    1102936 total
: 2304K->1088K(2304K), 0.0056094 secs] 17272K->17154K(18784K), 0.0056938 secs] [Times: user=0.02 sys=0.00, real=0.01 secs] 
20.869: [CMS-concurrent-mark: 0.042/0.065 secs] [Times: user=0.22 sys=0.01, real=0.06 secs] 
20.869: [CMS-concurrent-preclean-start]
20.872: [GC 20.873: [ParNew
Desired survivor size 557056 bytes, new threshold 1 (max 15)
- age   1:     686792 bytes,     686792 total
: 2304K->1088K(2304K), 0.0066335 secs] 18370K->18689K(20320K), 0.0067126 secs] [Times: user=0.02 sys=0.00, real=0.01 secs] 
20.885: [GC 20.886: [ParNew
Desired survivor size 557056 bytes, new threshold 1 (max 15)
- age   1:     994896 bytes,     994896 total
: 2304K->1088K(2304K), 0.0041306 secs] 19905K->19597K(21280K), 0.0042130 secs] [Times: user=0.01 sys=0.00, real=0.00 secs] 
20.892: [CMS-concurrent-preclean: 0.011/0.023 secs] [Times: user=0.08 sys=0.00, real=0.02 secs] 
20.897: [GC 20.897: [ParNew
Desired survivor size 557056 bytes, new threshold 1 (max 15)
- age   1:    1081848 bytes,    1081848 total
: 2304K->1088K(2304K), 0.0063887 secs] 20813K->20706K(22240K), 0.0064694 secs] [Times: user=0.01 sys=0.00, real=0.00 secs] 
20.908: [GC[YG occupancy: 1936 K (2304 K)]20.908: [Rescan (parallel) , 0.0020219 secs]20.911: [weak refs processing, 0.0000078 secs] [1 CMS-remark: 19618K(19936K)] 21555K(22240K), 0.0021261 secs] [Times: user=0.01 sys=0.00, real=0.00 secs] 
20.911: [CMS-concurrent-sweep-start]
20.917: [CMS-concurrent-sweep: 0.006/0.006 secs] [Times: user=0.02 sys=0.00, real=0.01 secs] 
20.917: [CMS-concurrent-reset-start]
20.919: [GC 20.919: [ParNew
Desired survivor size 557056 bytes, new threshold 1 (max 15)
- age   1:     915752 bytes,     915752 total
: 2303K->1088K(2304K), 0.0046075 secs] 21900K->22057K(34968K), 0.0046865 secs] [Times: user=0.01 sys=0.00, real=0.00 secs] 
20.926: [CMS-concurrent-reset: 0.004/0.009 secs] [Times: user=0.03 sys=0.00, real=0.01 secs] 
20.928: [GC 20.928: [ParNew
Desired survivor size 557056 bytes, new threshold 1 (max 15)
- age   1:    1049024 bytes,    1049024 total
: 2304K->1088K(2304K), 0.0034945 secs] 23273K->23135K(34968K), 0.0035653 secs] [Times: user=0.01 sys=0.00, real=0.00 secs] 
20.933: [GC [1 CMS-initial-mark: 22047K(32664K)] 23152K(34968K), 0.0009161 secs] [Times: user=0.00 sys=0.00, real=0.01 secs] 
20.934: [CMS-concurrent-mark-start]
20.937: [GC 20.937: [ParNew
Desired survivor size 557056 bytes, new threshold 1 (max 15)
- age   1:    1019248 bytes,    1019248 total
: 2304K->1088K(2304K), 0.0040602 secs] 24351K->24375K(34968K), 0.0041267 secs] [Times: user=0.01 sys=0.01, real=0.00 secs] 
20.944: [GC 20.944: [ParNew
Desired survivor size 557056 bytes, new threshold 1 (max 15)
- age   1:     997672 bytes,     997672 total
: 2304K->1088K(2304K), 0.0035222 secs] 25591K->25605K(34968K), 0.0035852 secs] [Times: user=0.01 sys=0.00, real=0.01 secs] 
20.951: [GC 20.951: [ParNew
Desired survivor size 557056 bytes, new threshold 1 (max 15)
- age   1:    1113000 bytes,    1113000 total
: 2304K->1088K(2304K), 0.0067952 secs] 26821K->26703K(34968K), 0.0068653 secs] [Times: user=0.01 sys=0.00, real=0.01 secs] 
20.961: [GC 20.961: [ParNew
Desired survivor size 557056 bytes, new threshold 1 (max 15)
- age   1:    1034400 bytes,    1034400 total
: 2304K->1088K(2304K), 0.0037660 secs] 27919K->27983K(34968K), 0.0038367 secs] [Times: user=0.01 sys=0.00, real=0.01 secs] 
20.976: [GC 20.976: [ParNew
Desired survivor size 557056 bytes, new threshold 1 (max 15)
- age   1:    1113048 bytes,    1113048 total
: 2304K->1088K(2304K), 0.0056349 secs] 29199K->29113K(34968K), 0.0057091 secs] [Times: user=0.02 sys=0.00, real=0.00 secs] 
20.987: [GC 20.987: [ParNew
Desired survivor size 557056 bytes, new threshold 1 (max 15)
- age   1:    1009016 bytes,    1009016 total
: 2303K->1088K(2304K), 0.0040100 secs] 30329K->30412K(34968K), 0.0040847 secs] [Times: user=0.01 sys=0.00, real=0.00 secs] 
20.999: [GC 20.999: [ParNew
Desired survivor size 557056 bytes, new threshold 1 (max 15)
- age   1:     864152 bytes,     864152 total
: 2304K->1088K(2304K), 0.0044960 secs] 31628K->31758K(34968K), 0.0045756 secs] [Times: user=0.01 sys=0.00, real=0.00 secs] 
21.017: [GC 21.017: [ParNew
Desired survivor size 557056 bytes, new threshold 1 (max 15)
- age   1:     887520 bytes,     887520 total
: 2304K->1088K(2304K), 0.0051493 secs] 32974K->32949K(34968K), 0.0052236 secs] [Times: user=0.01 sys=0.00, real=0.00 secs] 
21.027: [GC 21.028: [ParNew
Desired survivor size 557056 bytes, new threshold 1 (max 15)
- age   1:     982824 bytes,     982824 total
: 2304K->1088K(2304K), 0.0034373 secs] 34165K->34060K(35736K), 0.0035079 secs] [Times: user=0.01 sys=0.00, real=0.00 secs] 
21.047: [GC 21.047: [ParNew
Desired survivor size 557056 bytes, new threshold 1 (max 15)
- age   1:    1069728 bytes,    1069728 total
: 2304K->1088K(2304K), 0.0033641 secs] 35276K->35164K(36888K), 0.0034257 secs] [Times: user=0.01 sys=0.01, real=0.00 secs] 
21.058: [GC 21.059: [ParNew
Desired survivor size 557056 bytes, new threshold 1 (max 15)
- age   1:    1071296 bytes,    1071296 total
: 2304K->1088K(2304K), 0.0052589 secs] 36380K->36360K(38040K), 0.0053396 secs] [Times: user=0.01 sys=0.00, real=0.00 secs] 
21.076: [CMS-concurrent-mark: 0.080/0.142 secs] [Times: user=0.40 sys=0.03, real=0.14 secs] 
21.076: [CMS-concurrent-preclean-start]
21.080: [CMS-concurrent-preclean: 0.004/0.004 secs] [Times: user=0.01 sys=0.00, real=0.00 secs] 
21.083: [GC[YG occupancy: 1993 K (2304 K)]21.083: [Rescan (parallel) , 0.0010375 secs]21.084: [weak refs processing, 0.0000087 secs] [1 CMS-remark: 35272K(35736K)] 37265K(38040K), 0.0011208 secs] [Times: user=0.00 sys=0.00, real=0.01 secs] 
21.084: [CMS-concurrent-sweep-start]
21.090: [GC 21.090: [ParNew
Desired survivor size 557056 bytes, new threshold 1 (max 15)
- age   1:     769512 bytes,     769512 total
: 2304K->1088K(2304K), 0.0046377 secs] 37575K->37801K(39576K), 0.0047093 secs] [Times: user=0.01 sys=0.00, real=0.01 secs] 
21.101: [CMS-concurrent-sweep: 0.011/0.017 secs] [Times: user=0.06 sys=0.00, real=0.01 secs] 
21.101: [CMS-concurrent-reset-start]
21.105: [CMS-concurrent-reset: 0.004/0.004 secs] [Times: user=0.01 sys=0.00, real=0.01 secs] 
21.123: [GC 21.123: [ParNew
Desired survivor size 557056 bytes, new threshold 1 (max 15)
- age   1:    1060512 bytes,    1060512 total
: 2304K->1088K(2304K), 0.0045694 secs] 38989K->38579K(63448K), 0.0046547 secs] [Times: user=0.01 sys=0.00, real=0.01 secs] 
21.140: [GC 21.140: [ParNew
Desired survivor size 557056 bytes, new threshold 1 (max 15)
- age   1:    1051168 bytes,    1051168 total
: 2304K->1088K(2304K), 0.0039584 secs] 39795K->39675K(63448K), 0.0040276 secs] [Times: user=0.01 sys=0.01, real=0.01 secs] 
21.152: [GC 21.152: [ParNew
Desired survivor size 557056 bytes, new threshold 1 (max 15)
- age   1:    1077808 bytes,    1077808 total
: 2304K->1088K(2304K), 0.0032609 secs] 40891K->40751K(63448K), 0.0033289 secs] [Times: user=0.01 sys=0.00, real=0.01 secs] 
21.160: [GC 21.160: [ParNew
Desired survivor size 557056 bytes, new threshold 1 (max 15)
- age   1:     948112 bytes,     948112 total
: 2304K->1088K(2304K), 0.0056824 secs] 41967K->41964K(63448K), 0.0057604 secs] [Times: user=0.01 sys=0.00, real=0.01 secs] 
21.171: [GC 21.171: [ParNew
Desired survivor size 557056 bytes, new threshold 1 (max 15)
- age   1:     882536 bytes,     882536 total
: 2304K->1088K(2304K), 0.0043572 secs] 43180K->43192K(63448K), 0.0044408 secs] [Times: user=0.02 sys=0.00, real=0.01 secs] 
21.179: [GC 21.179: [ParNew
Desired survivor size 557056 bytes, new threshold 1 (max 15)
- age   1:    1113936 bytes,    1113936 total
: 2304K->1088K(2304K), 0.0048554 secs] 44408K->44141K(63448K), 0.0049350 secs] [Times: user=0.02 sys=0.00, real=0.01 secs] 
21.189: [GC 21.189: [ParNew
Desired survivor size 557056 bytes, new threshold 1 (max 15)
- age   1:    1055232 bytes,    1055232 total
: 2304K->1088K(2304K), 0.0050955 secs] 45357K->45389K(63448K), 0.0051661 secs] [Times: user=0.02 sys=0.00, real=0.00 secs] 
21.195: [GC [1 CMS-initial-mark: 44301K(61144K)] 45400K(63448K), 0.0014313 secs] [Times: user=0.00 sys=0.00, real=0.00 secs] 
21.197: [CMS-concurrent-mark-start]
21.206: [GC 21.206: [ParNew
Desired survivor size 557056 bytes, new threshold 1 (max 15)
- age   1:     933888 bytes,     933888 total
: 2304K->1088K(2304K), 0.0069975 secs] 46605K->46726K(63448K), 0.0071182 secs] [Times: user=0.03 sys=0.00, real=0.00 secs] 
21.218: [GC 21.218: [ParNew
Desired survivor size 557056 bytes, new threshold 1 (max 15)
- age   1:     991440 bytes,     991440 total
: 2304K->1088K(2304K), 0.0057551 secs] 47942K->47860K(63448K), 0.0058695 secs] [Times: user=0.01 sys=0.00, real=0.01 secs] 
21.227: [GC 21.228: [ParNew
Desired survivor size 557056 bytes, new threshold 1 (max 15)
- age   1:     993832 bytes,     993832 total
: 2304K->1088K(2304K), 0.0057780 secs] 49076K->49071K(63448K), 0.0058848 secs] [Times: user=0.02 sys=0.01, real=0.00 secs] 
21.238: [GC 21.238: [ParNew
Desired survivor size 557056 bytes, new threshold 1 (max 15)
- age   1:    1090200 bytes,    1090200 total
: 2304K->1088K(2304K), 0.0053253 secs] 50287K->50097K(63448K), 0.0054044 secs] [Times: user=0.01 sys=0.00, real=0.00 secs] 
21.248: [GC 21.248: [ParNew
Desired survivor size 557056 bytes, new threshold 1 (max 15)
- age   1:     861904 bytes,     861904 total
: 2304K->1088K(2304K), 0.0060242 secs] 51313K->51419K(63448K), 0.0061114 secs] [Times: user=0.02 sys=0.00, real=0.00 secs] 
21.257: [GC 21.257: [ParNew
Desired survivor size 557056 bytes, new threshold 1 (max 15)
- age   1:     883584 bytes,     883584 total
: 2304K->1088K(2304K), 0.0045193 secs] 52635K->52509K(63448K), 0.0045885 secs] [Times: user=0.01 sys=0.00, real=0.00 secs] 
21.263: [GC 21.263: [ParNew
Desired survivor size 557056 bytes, new threshold 1 (max 15)
- age   1:     921784 bytes,     921784 total
: 2304K->1087K(2304K), 0.0059193 secs] 53725K->53576K(63448K), 0.0059940 secs] [Times: user=0.01 sys=0.00, real=0.01 secs] 
21.276: [GC 21.276: [ParNew
Desired survivor size 557056 bytes, new threshold 1 (max 15)
- age   1:     984920 bytes,     984920 total
: 2303K->1088K(2304K), 0.0037056 secs] 54792K->54622K(63448K), 0.0037763 secs] [Times: user=0.01 sys=0.01, real=0.00 secs] 
21.282: [GC 21.282: [ParNew
Desired survivor size 557056 bytes, new threshold 1 (max 15)
- age   1:    1103832 bytes,    1103832 total
: 2304K->1088K(2304K), 0.0054125 secs] 55838K->55623K(63448K), 0.0054882 secs] [Times: user=0.01 sys=0.00, real=0.01 secs] 
21.289: [GC 21.289: [ParNew
Desired survivor size 557056 bytes, new threshold 1 (max 15)
- age   1:     966712 bytes,     966712 total
: 2304K->1088K(2304K), 0.0037769 secs] 56839K->56875K(63448K), 0.0038759 secs] [Times: user=0.01 sys=0.00, real=0.00 secs] 
21.295: [GC 21.295: [ParNew
Desired survivor size 557056 bytes, new threshold 1 (max 15)
- age   1:    1095400 bytes,    1095400 total
: 2303K->1088K(2304K), 0.0034324 secs] 58091K->57861K(63448K), 0.0034954 secs] [Times: user=0.01 sys=0.00, real=0.00 secs] 
21.300: [GC 21.300: [ParNew
Desired survivor size 557056 bytes, new threshold 1 (max 15)
- age   1:    1059376 bytes,    1059376 total
: 2304K->1088K(2304K), 0.0035039 secs] 59077K->59006K(63448K), 0.0035702 secs] [Times: user=0.01 sys=0.00, real=0.00 secs] 
21.305: [GC 21.305: [ParNew
Desired survivor size 557056 bytes, new threshold 1 (max 15)
- age   1:     892896 bytes,     892896 total
: 2304K->1088K(2304K), 0.0039213 secs] 60222K->60279K(63448K), 0.0039838 secs] [Times: user=0.01 sys=0.00, real=0.00 secs] 
21.313: [GC 21.313: [ParNew
Desired survivor size 557056 bytes, new threshold 1 (max 15)
- age   1:     974904 bytes,     974904 total
: 2304K->1088K(2304K), 0.0045571 secs] 61495K->61300K(63448K), 0.0046353 secs] [Times: user=0.01 sys=0.01, real=0.01 secs] 
21.325: [GC 21.325: [ParNew
Desired survivor size 557056 bytes, new threshold 1 (max 15)
- age   1:     984952 bytes,     984952 total
: 2304K->1088K(2304K), 0.0046411 secs] 62516K->62400K(64024K), 0.0047115 secs] [Times: user=0.01 sys=0.00, real=0.00 secs] 
21.335: [GC 21.335: [ParNew
Desired survivor size 557056 bytes, new threshold 1 (max 15)
- age   1:     921248 bytes,     921248 total
: 2304K->1088K(2304K), 0.0036104 secs] 63616K->63563K(65368K), 0.0036853 secs] [Times: user=0.01 sys=0.00, real=0.00 secs] 
21.344: [GC 21.344: [ParNew
Desired survivor size 557056 bytes, new threshold 1 (max 15)
- age   1:     894424 bytes,     894424 total
: 2304K->1088K(2304K), 0.0036427 secs] 64779K->64701K(66328K), 0.0037206 secs] [Times: user=0.01 sys=0.00, real=0.00 secs] 
21.352: [GC 21.352: [ParNew
Desired survivor size 557056 bytes, new threshold 1 (max 15)
- age   1:    1090984 bytes,    1090984 total
: 2304K->1088K(2304K), 0.0039426 secs] 65917K->65618K(67288K), 0.0040186 secs] [Times: user=0.01 sys=0.00, real=0.01 secs] 
21.364: [GC 21.364: [ParNew
Desired survivor size 557056 bytes, new threshold 1 (max 15)
- age   1:     940088 bytes,     940088 total
: 2286K->1088K(2304K), 0.0037966 secs] 66817K->66849K(68632K), 0.0038679 secs] [Times: user=0.01 sys=0.00, real=0.00 secs] 
21.375: [GC 21.375: [ParNew
Desired survivor size 557056 bytes, new threshold 1 (max 15)
- age   1:    1028360 bytes,    1028360 total
: 2304K->1088K(2304K), 0.0045742 secs] 68065K->67889K(69592K), 0.0046508 secs] [Times: user=0.01 sys=0.01, real=0.00 secs] 
21.431: [CMS-concurrent-mark: 0.130/0.234 secs] [Times: user=0.77 sys=0.04, real=0.23 secs] 
21.431: [CMS-concurrent-preclean-start]
21.444: [CMS-concurrent-preclean: 0.013/0.013 secs] [Times: user=0.04 sys=0.00, real=0.02 secs] 
21.446: [GC 21.446: [ParNew
Desired survivor size 557056 bytes, new threshold 1 (max 15)
- age   1:     783592 bytes,     783592 total
: 2303K->1088K(2304K), 0.0057533 secs] 69105K->69111K(70744K), 0.0058290 secs] [Times: user=0.02 sys=0.00, real=0.00 secs] 
21.452: [GC[YG occupancy: 1125 K (2304 K)]21.452: [Rescan (parallel) , 0.0043562 secs]21.457: [weak refs processing, 0.0000113 secs] [1 CMS-remark: 68023K(68440K)] 69149K(70744K), 0.0044572 secs] [Times: user=0.02 sys=0.00, real=0.01 secs] 
21.457: [CMS-concurrent-sweep-start]
21.472: [GC 21.472: [ParNew
Desired survivor size 557056 bytes, new threshold 1 (max 15)
- age   1:    1051280 bytes,    1051280 total
: 2304K->1088K(2304K), 0.0034199 secs] 70051K->69537K(71128K), 0.0034932 secs] [Times: user=0.01 sys=0.00, real=0.01 secs] 
21.480: [GC 21.480: [ParNew
Desired survivor size 557056 bytes, new threshold 1 (max 15)
- age   1:    1090832 bytes,    1090832 total
: 2304K->1088K(2304K), 0.0055212 secs] 70350K->70261K(72088K), 0.0055944 secs] [Times: user=0.02 sys=0.00, real=0.01 secs] 
21.491: [GC 21.491: [ParNew
Desired survivor size 557056 bytes, new threshold 1 (max 15)
- age   1:    1046720 bytes,    1046720 total
: 2304K->1088K(2304K), 0.0042061 secs] 71461K->71496K(73240K), 0.0042767 secs] [Times: user=0.01 sys=0.01, real=0.01 secs] 
21.500: [GC 21.500: [ParNew
Desired survivor size 557056 bytes, new threshold 1 (max 15)
- age   1:    1033112 bytes,    1033112 total
: 2304K->1088K(2304K), 0.0037410 secs] 72703K->72669K(74392K), 0.0038125 secs] [Times: user=0.01 sys=0.00, real=0.01 secs] 
21.507: [CMS-concurrent-sweep: 0.022/0.050 secs] [Times: user=0.15 sys=0.01, real=0.05 secs] 
21.507: [CMS-concurrent-reset-start]
21.509: [GC 21.509: [ParNew
Desired survivor size 557056 bytes, new threshold 1 (max 15)
- age   1:     973800 bytes,     973800 total
: 2304K->1088K(2304K), 0.0032517 secs] 73772K->73718K(121420K), 0.0033230 secs] [Times: user=0.00 sys=0.00, real=0.00 secs] 
21.517: [CMS-concurrent-reset: 0.006/0.010 secs] [Times: user=0.03 sys=0.00, real=0.01 secs] 
21.520: [GC 21.520: [ParNew
Desired survivor size 557056 bytes, new threshold 1 (max 15)
- age   1:    1106312 bytes,    1106312 total
: 2304K->1088K(2304K), 0.0071567 secs] 74934K->74708K(121420K), 0.0072431 secs] [Times: user=0.01 sys=0.00, real=0.01 secs] 
21.529: [GC 21.529: [ParNew
Desired survivor size 557056 bytes, new threshold 1 (max 15)
- age   1:     898992 bytes,     898992 total
: 2304K->1088K(2304K), 0.0050073 secs] 75924K->76048K(121420K), 0.0050777 secs] [Times: user=0.01 sys=0.00, real=0.01 secs] 
21.538: [GC 21.538: [ParNew
Desired survivor size 557056 bytes, new threshold 1 (max 15)
- age   1:     936568 bytes,     936568 total
: 2304K->1088K(2304K), 0.0050428 secs] 77264K->77056K(121420K), 0.0051053 secs] [Times: user=0.02 sys=0.01, real=0.00 secs] 
21.547: [GC 21.547: [ParNew
Desired survivor size 557056 bytes, new threshold 1 (max 15)
- age   1:     912960 bytes,     912960 total
: 2304K->1088K(2304K), 0.0043661 secs] 78272K->78147K(121420K), 0.0044389 secs] [Times: user=0.01 sys=0.00, real=0.00 secs] 
21.555: [GC 21.555: [ParNew
Desired survivor size 557056 bytes, new threshold 1 (max 15)
- age   1:    1022240 bytes,    1022240 total
: 2304K->1088K(2304K), 0.0041693 secs] 79363K->79102K(121420K), 0.0042454 secs] [Times: user=0.01 sys=0.00, real=0.00 secs] 
21.578: [GC 21.578: [ParNew
Desired survivor size 557056 bytes, new threshold 15 (max 15)
- age   1:     478664 bytes,     478664 total
: 2304K->972K(2304K), 0.0031181 secs] 80318K->79984K(121420K), 0.0031908 secs] [Times: user=0.01 sys=0.00, real=0.00 secs] 
21.617: [GC 21.617: [ParNew
Desired survivor size 557056 bytes, new threshold 15 (max 15)
- age   1:        544 bytes,        544 total
- age   2:     478392 bytes,     478936 total
: 2188K->627K(2304K), 0.0012261 secs] 81200K->79640K(121420K), 0.0012787 secs] [Times: user=0.01 sys=0.00, real=0.00 secs] 
21.636: [GC 21.636: [ParNew
Desired survivor size 557056 bytes, new threshold 15 (max 15)
- age   1:        328 bytes,        328 total
- age   3:     478392 bytes,     478720 total
: 1843K->723K(2304K), 0.0022626 secs] 80856K->79735K(121420K), 0.0023388 secs] [Times: user=0.00 sys=0.01, real=0.00 secs] 
21.666: [GC 21.666: [ParNew
Desired survivor size 557056 bytes, new threshold 15 (max 15)
- age   1:        520 bytes,        520 total
- age   4:     478392 bytes,     478912 total
: 1939K->651K(2304K), 0.0022354 secs] 80951K->79663K(121420K), 0.0023119 secs] [Times: user=0.00 sys=0.00, real=0.00 secs] 
21.691: [GC 21.691: [ParNew
Desired survivor size 557056 bytes, new threshold 15 (max 15)
- age   1:       8720 bytes,       8720 total
- age   5:     478392 bytes,     487112 total
: 1867K->574K(2304K), 0.0023162 secs] 80879K->79586K(121420K), 0.0023849 secs] [Times: user=0.02 sys=0.00, real=0.00 secs] 
21.700: [GC 21.700: [ParNew
Desired survivor size 557056 bytes, new threshold 15 (max 15)
- age   1:        232 bytes,        232 total
- age   2:       8288 bytes,       8520 total
- age   6:     478392 bytes,     486912 total
: 1790K->707K(2304K), 0.0014453 secs] 80802K->79719K(121420K), 0.0015063 secs] [Times: user=0.01 sys=0.00, real=0.00 secs] 
21.704: [GC 21.704: [ParNew
Desired survivor size 557056 bytes, new threshold 15 (max 15)
- age   1:       8488 bytes,       8488 total
- age   2:         80 bytes,       8568 total
- age   3:       8288 bytes,      16856 total
- age   7:     478392 bytes,     495248 total
: 1923K->830K(2304K), 0.0014923 secs] 80935K->79842K(121420K), 0.0015661 secs] [Times: user=0.01 sys=0.00, real=0.01 secs] 
21.709: [GC 21.709: [ParNew
Desired survivor size 557056 bytes, new threshold 15 (max 15)
- age   1:        256 bytes,        256 total
- age   2:       8352 bytes,       8608 total
- age   3:         40 bytes,       8648 total
- age   4:       8288 bytes,      16936 total
- age   8:     478392 bytes,     495328 total
: 2046K->600K(2304K), 0.0012697 secs] 81058K->79612K(121420K), 0.0013155 secs] [Times: user=0.00 sys=0.00, real=0.00 secs] 
21.713: [GC 21.713: [ParNew
Desired survivor size 557056 bytes, new threshold 15 (max 15)
- age   1:         72 bytes,         72 total
- age   2:        128 bytes,        200 total
- age   3:       8352 bytes,       8552 total
- age   5:       8288 bytes,      16840 total
- age   9:     478392 bytes,     495232 total
: 1816K->806K(2304K), 0.0016906 secs] 80828K->79819K(121420K), 0.0017462 secs] [Times: user=0.01 sys=0.00, real=0.01 secs] 
21.717: [GC 21.717: [ParNew
Desired survivor size 557056 bytes, new threshold 15 (max 15)
- age   1:        168 bytes,        168 total
- age   2:         32 bytes,        200 total
- age   4:       8352 bytes,       8552 total
- age   6:       8288 bytes,      16840 total
- age  10:     478392 bytes,     495232 total
: 2022K->551K(2304K), 0.0015919 secs] 81035K->79563K(121420K), 0.0016345 secs] [Times: user=0.00 sys=0.00, real=0.00 secs] 
21.721: [GC 21.721: [ParNew
Desired survivor size 557056 bytes, new threshold 15 (max 15)
- age   1:        328 bytes,        328 total
- age   2:         40 bytes,        368 total
- age   3:         32 bytes,        400 total
- age   5:       8288 bytes,       8688 total
- age   7:       8288 bytes,      16976 total
- age  11:     478392 bytes,     495368 total
: 1767K->755K(2304K), 0.0012073 secs] 80779K->79767K(121420K), 0.0012873 secs] [Times: user=0.00 sys=0.00, real=0.00 secs] 
21.724: [GC 21.724: [ParNew
Desired survivor size 557056 bytes, new threshold 15 (max 15)
- age   1:        104 bytes,        104 total
- age   2:        200 bytes,        304 total
- age   3:         40 bytes,        344 total
- age   6:       8288 bytes,       8632 total
- age   8:       8288 bytes,      16920 total
- age  12:     478392 bytes,     495312 total
: 1971K->823K(2304K), 0.0012021 secs] 80983K->79836K(121420K), 0.0012557 secs] [Times: user=0.00 sys=0.00, real=0.00 secs] 
21.730: [GC 21.730: [ParNew
Desired survivor size 557056 bytes, new threshold 15 (max 15)
- age   1:        248 bytes,        248 total
- age   2:         32 bytes,        280 total
- age   3:        128 bytes,        408 total
- age   7:       8288 bytes,       8696 total
- age   9:       8288 bytes,      16984 total
- age  13:     478392 bytes,     495376 total
: 2039K->598K(2304K), 0.0022168 secs] 81052K->79610K(121420K), 0.0022920 secs] [Times: user=0.01 sys=0.01, real=0.00 secs] 
21.735: [GC 21.735: [ParNew
Desired survivor size 557056 bytes, new threshold 15 (max 15)
- age   1:        160 bytes,        160 total
- age   2:         32 bytes,        192 total
- age   3:         32 bytes,        224 total
- age   4:        128 bytes,        352 total
- age   8:       8288 bytes,       8640 total
- age  10:       8288 bytes,      16928 total
- age  14:     478392 bytes,     495320 total
: 1814K->587K(2304K), 0.0032320 secs] 80826K->79599K(121420K), 0.0033133 secs] [Times: user=0.01 sys=0.00, real=0.00 secs] 
21.742: [GC 21.742: [ParNew
Desired survivor size 557056 bytes, new threshold 15 (max 15)
- age   1:        160 bytes,        160 total
- age   2:        128 bytes,        288 total
- age   3:         32 bytes,        320 total
- age   4:         32 bytes,        352 total
- age   9:       8288 bytes,       8640 total
- age  11:       8288 bytes,      16928 total
- age  15:     478392 bytes,     495320 total
: 1803K->773K(2304K), 0.0023186 secs] 80815K->79785K(121420K), 0.0023958 secs] [Times: user=0.01 sys=0.00, real=0.01 secs] 
21.747: [GC 21.747: [ParNew
Desired survivor size 557056 bytes, new threshold 15 (max 15)
- age   1:      12448 bytes,      12448 total
- age   2:        128 bytes,      12576 total
- age   3:        128 bytes,      12704 total
- age   5:         32 bytes,      12736 total
- age  10:       8288 bytes,      21024 total
- age  12:       8288 bytes,      29312 total
: 1989K->354K(2304K), 0.0028244 secs] 81001K->79834K(121420K), 0.0028869 secs] [Times: user=0.01 sys=0.00, real=0.00 secs] 
21.753: [GC 21.753: [ParNew
Desired survivor size 557056 bytes, new threshold 15 (max 15)
- age   1:     145944 bytes,     145944 total
- age   2:      12120 bytes,     158064 total
- age   3:        128 bytes,     158192 total
- age   6:         32 bytes,     158224 total
- age  11:       8288 bytes,     166512 total
- age  13:       8288 bytes,     174800 total
: 1570K->224K(2304K), 0.0009154 secs] 81050K->79704K(121420K), 0.0009567 secs] [Times: user=0.00 sys=0.00, real=0.01 secs] 
21.756: [GC 21.756: [ParNew
Desired survivor size 557056 bytes, new threshold 15 (max 15)
- age   1:     264144 bytes,     264144 total
- age   2:     145872 bytes,     410016 total
- age   3:      12120 bytes,     422136 total
- age   4:        128 bytes,     422264 total
- age  12:       8288 bytes,     430552 total
- age  14:       8288 bytes,     438840 total
: 1440K->505K(2304K), 0.0020424 secs] 80920K->79984K(121420K), 0.0021089 secs] [Times: user=0.00 sys=0.00, real=0.00 secs] 
21.761: [GC 21.761: [ParNew
Desired survivor size 557056 bytes, new threshold 15 (max 15)
- age   1:      34952 bytes,      34952 total
- age   2:     264032 bytes,     298984 total
- age   3:     145744 bytes,     444728 total
- age   4:      12048 bytes,     456776 total
- age   5:         40 bytes,     456816 total
- age  13:       8288 bytes,     465104 total
- age  15:       8288 bytes,     473392 total
: 1721K->707K(2304K), 0.0010908 secs] 81200K->80187K(121420K), 0.0011669 secs] [Times: user=0.00 sys=0.00, real=0.00 secs] 
21.764: [GC 21.764: [ParNew
Desired survivor size 557056 bytes, new threshold 4 (max 15)
- age   1:     221592 bytes,     221592 total
- age   2:      34688 bytes,     256280 total
- age   3:     264032 bytes,     520312 total
- age   4:     145744 bytes,     666056 total
- age   5:      12048 bytes,     678104 total
- age  14:       8288 bytes,     686392 total
: 1923K->870K(2304K), 0.0011414 secs] 81403K->80358K(121420K), 0.0011813 secs] [Times: user=0.00 sys=0.00, real=0.01 secs] 
21.766: [GC 21.766: [ParNew
Desired survivor size 557056 bytes, new threshold 4 (max 15)
- age   1:     225760 bytes,     225760 total
- age   2:     221464 bytes,     447224 total
- age   3:      34576 bytes,     481800 total
- age   4:     264032 bytes,     745832 total
: 2086K->1070K(2304K), 0.0015878 secs] 81574K->80720K(121420K), 0.0016313 secs] [Times: user=0.00 sys=0.00, real=0.00 secs] 
21.769: [GC 21.769: [ParNew
Desired survivor size 557056 bytes, new threshold 3 (max 15)
- age   1:     210080 bytes,     210080 total
- age   2:     244248 bytes,     454328 total
- age   3:     225368 bytes,     679696 total
- age   4:      34576 bytes,     714272 total
: 2286K->1048K(2304K), 0.0023441 secs] 81936K->80956K(121420K), 0.0024162 secs] [Times: user=0.01 sys=0.00, real=0.00 secs] 
21.774: [GC 21.774: [ParNew
Desired survivor size 557056 bytes, new threshold 15 (max 15)
- age   1:        240 bytes,        240 total
- age   2:     203600 bytes,     203840 total
- age   3:     242168 bytes,     446008 total
: 2264K->670K(2304K), 0.0021287 secs] 82172K->80828K(121420K), 0.0021991 secs] [Times: user=0.01 sys=0.00, real=0.01 secs] 
21.778: [GC 21.778: [ParNew
Desired survivor size 557056 bytes, new threshold 4 (max 15)
- age   1:     183472 bytes,     183472 total
- age   3:     195280 bytes,     378752 total
- age   4:     225528 bytes,     604280 total
: 1886K->833K(2304K), 0.0011512 secs] 82044K->80990K(121420K), 0.0011952 secs] [Times: user=0.01 sys=0.00, real=0.00 secs] 
21.782: [GC 21.782: [ParNew
Desired survivor size 557056 bytes, new threshold 4 (max 15)
- age   1:     253896 bytes,     253896 total
- age   2:     183368 bytes,     437264 total
- age   4:     195200 bytes,     632464 total
: 2049K->982K(2304K), 0.0015503 secs] 82206K->81360K(121420K), 0.0015952 secs] [Times: user=0.01 sys=0.00, real=0.00 secs] 
21.784: [GC 21.784: [ParNew
Desired survivor size 557056 bytes, new threshold 3 (max 15)
- age   1:     210328 bytes,     210328 total
- age   2:     253736 bytes,     464064 total
- age   3:     183296 bytes,     647360 total
: 2198K->905K(2304K), 0.0015010 secs] 82576K->81473K(121420K), 0.0015476 secs] [Times: user=0.00 sys=0.00, real=0.00 secs] 
21.787: [GC 21.787: [ParNew
Desired survivor size 557056 bytes, new threshold 3 (max 15)
- age   1:     203096 bytes,     203096 total
- age   2:     210128 bytes,     413224 total
- age   3:     253584 bytes,     666808 total
: 2121K->937K(2304K), 0.0019074 secs] 82689K->81685K(121420K), 0.0019627 secs] [Times: user=0.00 sys=0.00, real=0.00 secs] 
21.792: [GC 21.792: [ParNew
Desired survivor size 557056 bytes, new threshold 3 (max 15)
- age   1:     316632 bytes,     316632 total
- age   2:     220632 bytes,     537264 total
- age   3:     223632 bytes,     760896 total
: 2153K->1088K(2304K), 0.0020963 secs] 82901K->82083K(121420K), 0.0021656 secs] [Times: user=0.00 sys=0.00, real=0.01 secs] 
21.795: [GC 21.795: [ParNew
Desired survivor size 557056 bytes, new threshold 3 (max 15)
- age   1:      42144 bytes,      42144 total
- age   2:     321424 bytes,     363568 total
- age   3:     244272 bytes,     607840 total
: 2304K->868K(2304K), 0.0016008 secs] 83299K->82068K(121420K), 0.0016455 secs] [Times: user=0.00 sys=0.00, real=0.00 secs] 
21.798: [GC 21.798: [ParNew
Desired survivor size 557056 bytes, new threshold 15 (max 15)
- age   1:     143312 bytes,     143312 total
- age   2:      41960 bytes,     185272 total
- age   3:     315184 bytes,     500456 total
: 2084K->875K(2304K), 0.0014052 secs] 83284K->82273K(121420K), 0.0014792 secs] [Times: user=0.00 sys=0.00, real=0.00 secs] 
21.801: [GC 21.801: [ParNew
Desired survivor size 557056 bytes, new threshold 4 (max 15)
- age   1:     203688 bytes,     203688 total
- age   2:     143240 bytes,     346928 total
- age   3:      41752 bytes,     388680 total
- age   4:     315184 bytes,     703864 total
: 2091K->823K(2304K), 0.0011491 secs] 83489K->82221K(121420K), 0.0011869 secs] [Times: user=0.01 sys=0.00, real=0.00 secs] 
21.804: [GC 21.804: [ParNew
Desired survivor size 557056 bytes, new threshold 3 (max 15)
- age   1:     226992 bytes,     226992 total
- age   2:     203552 bytes,     430544 total
- age   3:     143072 bytes,     573616 total
- age   4:      41752 bytes,     615368 total
: 2039K->896K(2304K), 0.0018130 secs] 83437K->82602K(121420K), 0.0018563 secs] [Times: user=0.01 sys=0.00, real=0.01 secs] 
21.807: [GC 21.807: [ParNew
Desired survivor size 557056 bytes, new threshold 3 (max 15)
- age   1:     215920 bytes,     215920 total
- age   2:     226864 bytes,     442784 total
- age   3:     203408 bytes,     646192 total
: 2112K->900K(2304K), 0.0014390 secs] 83818K->82786K(121420K), 0.0014781 secs] [Times: user=0.00 sys=0.00, real=0.00 secs] 
21.810: [GC 21.810: [ParNew
Desired survivor size 557056 bytes, new threshold 3 (max 15)
- age   1:     268888 bytes,     268888 total
- age   2:     215920 bytes,     484808 total
- age   3:     226752 bytes,     711560 total
: 2116K->935K(2304K), 0.0016055 secs] 84002K->83020K(121420K), 0.0016490 secs] [Times: user=0.00 sys=0.00, real=0.00 secs] 
21.815: [GC 21.815: [ParNew
Desired survivor size 557056 bytes, new threshold 3 (max 15)
- age   1:     136360 bytes,     136360 total
- age   2:     268888 bytes,     405248 total
- age   3:     215648 bytes,     620896 total
: 2151K->1015K(2304K), 0.0016006 secs] 84236K->83322K(121420K), 0.0016588 secs] [Times: user=0.00 sys=0.00, real=0.00 secs] 
21.818: [GC 21.818: [ParNew
Desired survivor size 557056 bytes, new threshold 15 (max 15)
- age   1:        296 bytes,        296 total
- age   2:     136240 bytes,     136536 total
- age   3:     268848 bytes,     405384 total
: 2231K->594K(2304K), 0.0020488 secs] 84538K->83112K(121420K), 0.0021055 secs] [Times: user=0.01 sys=0.00, real=0.00 secs] 
21.822: [GC 21.822: [ParNew
Desired survivor size 557056 bytes, new threshold 15 (max 15)
- age   1:        144 bytes,        144 total
- age   2:        168 bytes,        312 total
- age   3:     136240 bytes,     136552 total
- age   4:     268816 bytes,     405368 total
: 1810K->594K(2304K), 0.0013037 secs] 84328K->83111K(121420K), 0.0013586 secs] [Times: user=0.00 sys=0.00, real=0.00 secs] 
21.825: [GC 21.825: [ParNew
Desired survivor size 557056 bytes, new threshold 15 (max 15)
- age   1:     127784 bytes,     127784 total
- age   4:     136240 bytes,     264024 total
- age   5:     268816 bytes,     532840 total
: 1810K->593K(2304K), 0.0011156 secs] 84327K->83110K(121420K), 0.0011541 secs] [Times: user=0.00 sys=0.00, real=0.00 secs] 
21.827: [GC 21.827: [ParNew
Desired survivor size 557056 bytes, new threshold 6 (max 15)
- age   1:     207288 bytes,     207288 total
- age   2:     127584 bytes,     334872 total
- age   5:     136112 bytes,     470984 total
- age   6:     268816 bytes,     739800 total
: 1809K->978K(2304K), 0.0011877 secs] 84326K->83495K(121420K), 0.0012274 secs] [Times: user=0.00 sys=0.00, real=0.00 secs] 
21.829: [GC 21.829: [ParNew
Desired survivor size 557056 bytes, new threshold 6 (max 15)
- age   1:     214016 bytes,     214016 total
- age   2:     207256 bytes,     421272 total
- age   3:     127424 bytes,     548696 total
- age   6:     136112 bytes,     684808 total
: 2194K->1088K(2304K), 0.0016017 secs] 84711K->83867K(121420K), 0.0016503 secs] [Times: user=0.01 sys=0.00, real=0.00 secs] 
21.832: [GC 21.832: [ParNew
Desired survivor size 557056 bytes, new threshold 3 (max 15)
- age   1:     186768 bytes,     186768 total
- age   2:     213888 bytes,     400656 total
- age   3:     207056 bytes,     607712 total
- age   4:     127424 bytes,     735136 total
: 2304K->1001K(2304K), 0.0013852 secs] 85083K->83913K(121420K), 0.0014561 secs] [Times: user=0.01 sys=0.00, real=0.00 secs] 
21.835: [GC 21.835: [ParNew
Desired survivor size 557056 bytes, new threshold 3 (max 15)
- age   1:     183192 bytes,     183192 total
- age   2:     186640 bytes,     369832 total
- age   3:     213784 bytes,     583616 total
: 2217K->881K(2304K), 0.0016519 secs] 85129K->84120K(121420K), 0.0016898 secs] [Times: user=0.00 sys=0.00, real=0.00 secs] 
21.839: [GC 21.839: [ParNew
Desired survivor size 557056 bytes, new threshold 3 (max 15)
- age   1:     217448 bytes,     217448 total
- age   2:     183064 bytes,     400512 total
- age   3:     186536 bytes,     587048 total
: 2097K->905K(2304K), 0.0017331 secs] 85336K->84353K(121420K), 0.0017942 secs] [Times: user=0.00 sys=0.00, real=0.00 secs] 
21.842: [GC 21.842: [ParNew
Desired survivor size 557056 bytes, new threshold 15 (max 15)
- age   1:     145272 bytes,     145272 total
- age   2:     217376 bytes,     362648 total
- age   3:     182904 bytes,     545552 total
: 2121K->871K(2304K), 0.0015200 secs] 85569K->84501K(121420K), 0.0015655 secs] [Times: user=0.00 sys=0.00, real=0.00 secs] 
21.845: [GC 21.845: [ParNew
Desired survivor size 557056 bytes, new threshold 15 (max 15)
- age   1:        320 bytes,        320 total
- age   2:     144984 bytes,     145304 total
- age   3:     217248 bytes,     362552 total
- age   4:     182904 bytes,     545456 total
: 2087K->953K(2304K), 0.0013524 secs] 85717K->84583K(121420K), 0.0014057 secs] [Times: user=0.01 sys=0.00, real=0.00 secs] 
21.847: [GC 21.847: [ParNew
Desired survivor size 557056 bytes, new threshold 15 (max 15)
- age   1:        264 bytes,        264 total
- age   2:         72 bytes,        336 total
- age   3:     144984 bytes,     145320 total
- age   4:     217248 bytes,     362568 total
- age   5:     182904 bytes,     545472 total
: 2169K->756K(2304K), 0.0011841 secs] 85799K->84386K(121420K), 0.0012238 secs] [Times: user=0.00 sys=0.00, real=0.00 secs] 
21.850: [GC 21.850: [ParNew
Desired survivor size 557056 bytes, new threshold 6 (max 15)
- age   1:     160280 bytes,     160280 total
- age   2:         72 bytes,     160352 total
- age   3:         72 bytes,     160424 total
- age   4:     144912 bytes,     305336 total
- age   5:     217248 bytes,     522584 total
- age   6:     182904 bytes,     705488 total
: 1972K->967K(2304K), 0.0015238 secs] 85602K->84597K(121420K), 0.0015677 secs] [Times: user=0.00 sys=0.01, real=0.00 secs] 
21.853: [GC 21.853: [ParNew
Desired survivor size 557056 bytes, new threshold 15 (max 15)
- age   1:        304 bytes,        304 total
- age   2:     160120 bytes,     160424 total
- age   5:     144912 bytes,     305336 total
- age   6:     217248 bytes,     522584 total
: 2183K->956K(2304K), 0.0018667 secs] 85813K->84765K(121420K), 0.0019353 secs] [Times: user=0.01 sys=0.00, real=0.01 secs] 
21.857: [GC 21.857: [ParNew
Desired survivor size 557056 bytes, new threshold 6 (max 15)
- age   1:     261224 bytes,     261224 total
- age   2:        112 bytes,     261336 total
- age   3:     160048 bytes,     421384 total
- age   6:     144912 bytes,     566296 total
- age   7:     217248 bytes,     783544 total
: 2172K->876K(2304K), 0.0015942 secs] 85981K->84685K(121420K), 0.0016525 secs] [Times: user=0.01 sys=0.00, real=0.00 secs] 
21.860: [GC 21.860: [ParNew
Desired survivor size 557056 bytes, new threshold 4 (max 15)
- age   1:     192472 bytes,     192472 total
- age   2:     261096 bytes,     453568 total
- age   4:     160048 bytes,     613616 total
: 2092K->992K(2304K), 0.0020671 secs] 85901K->85154K(121420K), 0.0021128 secs] [Times: user=0.01 sys=0.00, real=0.00 secs] 
21.863: [GC 21.863: [ParNew
Desired survivor size 557056 bytes, new threshold 1 (max 15)
- age   1:     650136 bytes,     650136 total
- age   2:     192344 bytes,     842480 total
- age   3:     226144 bytes,    1068624 total
: 2208K->1088K(2304K), 0.0018636 secs] 86370K->85445K(121420K), 0.0019438 secs] [Times: user=0.00 sys=0.00, real=0.01 secs] 
21.866: [GC 21.866: [ParNew
Desired survivor size 557056 bytes, new threshold 15 (max 15)
- age   1:     398072 bytes,     398072 total
: 2304K->1088K(2304K), 0.0029959 secs] 86661K->86532K(121420K), 0.0030478 secs] [Times: user=0.01 sys=0.00, real=0.00 secs] 
21.869: [GC [1 CMS-initial-mark: 85444K(119116K)] 86542K(121420K), 0.0008519 secs] [Times: user=0.00 sys=0.00, real=0.00 secs] 
21.870: [CMS-concurrent-mark-start]
21.871: [GC 21.871: [ParNew
Desired survivor size 557056 bytes, new threshold 2 (max 15)
- age   1:     375480 bytes,     375480 total
- age   2:     395368 bytes,     770848 total
: 2304K->911K(2304K), 0.0018283 secs] 87748K->86355K(121420K), 0.0018903 secs] [Times: user=0.00 sys=0.00, real=0.00 secs] 
21.875: [GC 21.875: [ParNew
Desired survivor size 557056 bytes, new threshold 15 (max 15)
- age   1:      28760 bytes,      28760 total
- age   2:     375304 bytes,     404064 total
: 2127K->809K(2304K), 0.0027943 secs] 87571K->86638K(121420K), 0.0028785 secs] [Times: user=0.01 sys=0.00, real=0.00 secs] 
21.879: [GC 21.880: [ParNew
Desired survivor size 557056 bytes, new threshold 15 (max 15)
- age   1:     113840 bytes,     113840 total
- age   2:      28496 bytes,     142336 total
- age   3:     375208 bytes,     517544 total
: 2025K->774K(2304K), 0.0016184 secs] 87854K->86604K(121420K), 0.0016774 secs] [Times: user=0.00 sys=0.00, real=0.00 secs] 
21.884: [GC 21.884: [ParNew
Desired survivor size 557056 bytes, new threshold 15 (max 15)
- age   1:       5176 bytes,       5176 total
- age   2:     113568 bytes,     118744 total
- age   3:      28368 bytes,     147112 total
- age   4:     375208 bytes,     522320 total
: 1990K->798K(2304K), 0.0015772 secs] 87820K->86628K(121420K), 0.0016407 secs] [Times: user=0.00 sys=0.00, real=0.01 secs] 
21.887: [GC 21.887: [ParNew
Desired survivor size 557056 bytes, new threshold 5 (max 15)
- age   1:     303632 bytes,     303632 total
- age   2:       4816 bytes,     308448 total
- age   3:     113568 bytes,     422016 total
- age   4:      28368 bytes,     450384 total
- age   5:     364912 bytes,     815296 total
: 2014K->993K(2304K), 0.0014533 secs] 87844K->86823K(121420K), 0.0015001 secs] [Times: user=0.00 sys=0.00, real=0.00 secs] 
21.890: [GC 21.890: [ParNew
Desired survivor size 557056 bytes, new threshold 2 (max 15)
- age   1:     553360 bytes,     553360 total
- age   2:     282992 bytes,     836352 total
- age   3:       4816 bytes,     841168 total
- age   4:     113568 bytes,     954736 total
- age   5:      28368 bytes,     983104 total
: 2209K->1088K(2304K), 0.0025294 secs] 88039K->87294K(121420K), 0.0025874 secs] [Times: user=0.00 sys=0.00, real=0.00 secs] 
21.894: [GC 21.894: [ParNew
Desired survivor size 557056 bytes, new threshold 2 (max 15)
- age   1:     398032 bytes,     398032 total
- age   2:     525368 bytes,     923400 total
: 2304K->1088K(2304K), 0.0023166 secs] 88510K->87740K(121420K), 0.0023775 secs] [Times: user=0.00 sys=0.00, real=0.01 secs] 
21.898: [GC 21.898: [ParNew
Desired survivor size 557056 bytes, new threshold 2 (max 15)
- age   1:     283952 bytes,     283952 total
- age   2:     397928 bytes,     681880 total
: 2304K->1088K(2304K), 0.0023501 secs] 88956K->88253K(121420K), 0.0024210 secs] [Times: user=0.01 sys=0.00, real=0.00 secs] 
21.902: [GC 21.902: [ParNew
Desired survivor size 557056 bytes, new threshold 2 (max 15)
- age   1:     483744 bytes,     483744 total
- age   2:     283808 bytes,     767552 total
: 2304K->1075K(2304K), 0.0019737 secs] 89469K->88630K(121420K), 0.0020238 secs] [Times: user=0.01 sys=0.00, real=0.00 secs] 
21.905: [GC 21.905: [ParNew
Desired survivor size 557056 bytes, new threshold 2 (max 15)
- age   1:     441136 bytes,     441136 total
- age   2:     483504 bytes,     924640 total
: 2291K->1088K(2304K), 0.0040829 secs] 89846K->88919K(121420K), 0.0041567 secs] [Times: user=0.01 sys=0.00, real=0.00 secs] 
21.911: [GC 21.911: [ParNew
Desired survivor size 557056 bytes, new threshold 15 (max 15)
- age   1:      96328 bytes,      96328 total
- age   2:     440960 bytes,     537288 total
: 2304K->862K(2304K), 0.0023479 secs] 90135K->89166K(121420K), 0.0024363 secs] [Times: user=0.01 sys=0.00, real=0.00 secs] 
21.915: [GC 21.915: [ParNew
Desired survivor size 557056 bytes, new threshold 3 (max 15)
- age   1:     330048 bytes,     330048 total
- age   2:      96096 bytes,     426144 total
- age   3:     440960 bytes,     867104 total
: 2078K->1066K(2304K), 0.0015074 secs] 90382K->89369K(121420K), 0.0015527 secs] [Times: user=0.01 sys=0.00, real=0.00 secs] 
21.918: [GC 21.918: [ParNew
Desired survivor size 557056 bytes, new threshold 3 (max 15)
- age   1:     141624 bytes,     141624 total
- age   2:     329784 bytes,     471408 total
- age   3:      96096 bytes,     567504 total
: 2282K->1088K(2304K), 0.0022200 secs] 90585K->89822K(121420K), 0.0022623 secs] [Times: user=0.01 sys=0.00, real=0.00 secs] 
21.924: [GC 21.924: [ParNew
Desired survivor size 557056 bytes, new threshold 3 (max 15)
- age   1:     120328 bytes,     120328 total
- age   2:     139032 bytes,     259360 total
- age   3:     329784 bytes,     589144 total
: 2304K->708K(2304K), 0.0020024 secs] 91038K->89536K(121420K), 0.0020689 secs] [Times: user=0.00 sys=0.00, real=0.01 secs] 
21.929: [GC 21.929: [ParNew
Desired survivor size 557056 bytes, new threshold 15 (max 15)
- age   1:      86024 bytes,      86024 total
- age   2:     101816 bytes,     187840 total
- age   3:     139032 bytes,     326872 total
: 1924K->665K(2304K), 0.0021906 secs] 90752K->89816K(121420K), 0.0022517 secs] [Times: user=0.01 sys=0.01, real=0.00 secs] 
21.935: [GC 21.935: [ParNew
Desired survivor size 557056 bytes, new threshold 15 (max 15)
- age   1:      15032 bytes,      15032 total
- age   2:      85952 bytes,     100984 total
- age   3:     101776 bytes,     202760 total
- age   4:     139032 bytes,     341792 total
: 1881K->442K(2304K), 0.0015638 secs] 91032K->89592K(121420K), 0.0016150 secs] [Times: user=0.00 sys=0.00, real=0.00 secs] 
21.938: [GC 21.938: [ParNew
Desired survivor size 557056 bytes, new threshold 15 (max 15)
- age   1:        200 bytes,        200 total
- age   2:      14832 bytes,      15032 total
- age   3:      85952 bytes,     100984 total
- age   4:     101776 bytes,     202760 total
- age   5:     139032 bytes,     341792 total
: 1658K->470K(2304K), 0.0010102 secs] 90808K->89620K(121420K), 0.0010491 secs] [Times: user=0.00 sys=0.00, real=0.00 secs] 
21.941: [GC 21.941: [ParNew
Desired survivor size 557056 bytes, new threshold 15 (max 15)
- age   1:     108392 bytes,     108392 total
- age   3:      14832 bytes,     123224 total
- age   4:      58392 bytes,     181616 total
- age   5:     101776 bytes,     283392 total
- age   6:     139032 bytes,     422424 total
: 1686K->493K(2304K), 0.0014939 secs] 90836K->89643K(121420K), 0.0015547 secs] [Times: user=0.00 sys=0.00, real=0.00 secs] 
21.946: [GC 21.946: [ParNew
Desired survivor size 557056 bytes, new threshold 15 (max 15)
- age   1:     102712 bytes,     102712 total
- age   2:     108224 bytes,     210936 total
- age   4:      14832 bytes,     225768 total
- age   5:      58392 bytes,     284160 total
- age   6:     101776 bytes,     385936 total
- age   7:     139032 bytes,     524968 total
: 1709K->783K(2304K), 0.0013839 secs] 90859K->89933K(121420K), 0.0014323 secs] [Times: user=0.00 sys=0.00, real=0.00 secs] 
21.949: [GC 21.949: [ParNew
Desired survivor size 557056 bytes, new threshold 15 (max 15)
- age   1:        192 bytes,        192 total
- age   2:     102384 bytes,     102576 total
- age   3:     108224 bytes,     210800 total
- age   5:      14832 bytes,     225632 total
- age   6:      58392 bytes,     284024 total
- age   7:     101776 bytes,     385800 total
- age   8:     139032 bytes,     524832 total
: 1999K->844K(2304K), 0.0012011 secs] 91149K->89994K(121420K), 0.0012396 secs] [Times: user=0.00 sys=0.00, real=0.00 secs] 
21.951: [GC 21.951: [ParNew
Desired survivor size 557056 bytes, new threshold 15 (max 15)
- age   1:        232 bytes,        232 total
- age   3:     102384 bytes,     102616 total
- age   4:     108224 bytes,     210840 total
- age   6:      14832 bytes,     225672 total
- age   7:      58392 bytes,     284064 total
- age   8:     101776 bytes,     385840 total
- age   9:     139032 bytes,     524872 total
: 2060K->883K(2304K), 0.0013475 secs] 91210K->90034K(121420K), 0.0014243 secs] [Times: user=0.01 sys=0.00, real=0.00 secs] 
21.954: [GC 21.954: [ParNew
Desired survivor size 557056 bytes, new threshold 15 (max 15)
- age   1:       1416 bytes,       1416 total
- age   4:     102384 bytes,     103800 total
- age   5:     108224 bytes,     212024 total
- age   7:      14832 bytes,     226856 total
- age   8:      58392 bytes,     285248 total
- age   9:     100632 bytes,     385880 total
- age  10:     139032 bytes,     524912 total
: 2099K->716K(2304K), 0.0015614 secs] 91250K->89866K(121420K), 0.0016185 secs] [Times: user=0.01 sys=0.00, real=0.00 secs] 
21.957: [GC 21.957: [ParNew
Desired survivor size 557056 bytes, new threshold 15 (max 15)
- age   1:        328 bytes,        328 total
- age   2:       1144 bytes,       1472 total
- age   5:     102384 bytes,     103856 total
- age   6:     108224 bytes,     212080 total
- age   8:      14832 bytes,     226912 total
- age   9:      58392 bytes,     285304 total
- age  10:     100632 bytes,     385936 total
- age  11:     139032 bytes,     524968 total
: 1932K->812K(2304K), 0.0013883 secs] 91082K->89962K(121420K), 0.0014283 secs] [Times: user=0.00 sys=0.00, real=0.00 secs] 
21.960: [GC 21.960: [ParNew
Desired survivor size 557056 bytes, new threshold 15 (max 15)
- age   1:        328 bytes,        328 total
- age   3:       1144 bytes,       1472 total
- age   6:     102384 bytes,     103856 total
- age   7:     108224 bytes,     212080 total
- age   9:      14832 bytes,     226912 total
- age  10:      58392 bytes,     285304 total
- age  11:     100632 bytes,     385936 total
- age  12:     139032 bytes,     524968 total
: 2028K->750K(2304K), 0.0013395 secs] 91178K->89901K(121420K), 0.0013768 secs] [Times: user=0.00 sys=0.00, real=0.00 secs] 
21.962: [GC 21.962: [ParNew
Desired survivor size 557056 bytes, new threshold 15 (max 15)
- age   1:        176 bytes,        176 total
- age   4:       1144 bytes,       1320 total
- age   7:     102384 bytes,     103704 total
- age   8:     108224 bytes,     211928 total
- age  10:      14832 bytes,     226760 total
- age  11:      58392 bytes,     285152 total
- age  12:     100632 bytes,     385784 total
- age  13:     139032 bytes,     524816 total
: 1966K->637K(2304K), 0.0012103 secs] 91117K->89787K(121420K), 0.0012452 secs] [Times: user=0.01 sys=0.00, real=0.00 secs] 
21.965: [GC 21.965: [ParNew
Desired survivor size 557056 bytes, new threshold 15 (max 15)
- age   1:        328 bytes,        328 total
- age   5:       1144 bytes,       1472 total
- age   8:     102384 bytes,     103856 total
- age   9:     108224 bytes,     212080 total
- age  11:      14832 bytes,     226912 total
- age  12:      58392 bytes,     285304 total
- age  13:     100632 bytes,     385936 total
- age  14:     139032 bytes,     524968 total
: 1853K->767K(2304K), 0.0012017 secs] 91003K->89918K(121420K), 0.0012391 secs] [Times: user=0.00 sys=0.00, real=0.00 secs] 
21.967: [GC 21.967: [ParNew
Desired survivor size 557056 bytes, new threshold 15 (max 15)
- age   1:        216 bytes,        216 total
- age   6:       1144 bytes,       1360 total
- age   9:     102384 bytes,     103744 total
- age  10:     108224 bytes,     211968 total
- age  12:      14832 bytes,     226800 total
- age  13:      58392 bytes,     285192 total
- age  14:     100632 bytes,     385824 total
- age  15:     139032 bytes,     524856 total
: 1983K->768K(2304K), 0.0012226 secs] 91134K->89918K(121420K), 0.0012654 secs] [Times: user=0.00 sys=0.00, real=0.00 secs] 
21.970: [GC 21.970: [ParNew
Desired survivor size 557056 bytes, new threshold 15 (max 15)
- age   1:         80 bytes,         80 total
- age   2:         72 bytes,        152 total
- age   7:       1144 bytes,       1296 total
- age  10:     102384 bytes,     103680 total
- age  11:     108224 bytes,     211904 total
- age  13:      14832 bytes,     226736 total
- age  14:      58392 bytes,     285128 total
- age  15:     100632 bytes,     385760 total
: 1984K->640K(2304K), 0.0015717 secs] 91134K->89926K(121420K), 0.0016668 secs] [Times: user=0.01 sys=0.00, real=0.00 secs] 
21.973: [GC 21.974: [ParNew
Desired survivor size 557056 bytes, new threshold 15 (max 15)
- age   1:        200 bytes,        200 total
- age   2:         40 bytes,        240 total
- age   8:       1144 bytes,       1384 total
- age  11:     102384 bytes,     103768 total
- age  12:     108224 bytes,     211992 total
- age  14:      14832 bytes,     226824 total
- age  15:      58392 bytes,     285216 total
: 1856K->471K(2304K), 0.0014624 secs] 91142K->89855K(121420K), 0.0015111 secs] [Times: user=0.01 sys=0.00, real=0.01 secs] 
21.976: [GC 21.976: [ParNew
Desired survivor size 557056 bytes, new threshold 15 (max 15)
- age   1:        104 bytes,        104 total
- age   9:       1144 bytes,       1248 total
- age  12:     102384 bytes,     103632 total
- age  13:     108224 bytes,     211856 total
- age  15:      14832 bytes,     226688 total
: 1687K->343K(2304K), 0.0010895 secs] 91071K->89784K(121420K), 0.0011254 secs] [Times: user=0.00 sys=0.01, real=0.00 secs] 
21.978: [GC 21.978: [ParNew
Desired survivor size 557056 bytes, new threshold 15 (max 15)
- age   1:        216 bytes,        216 total
- age  10:       1144 bytes,       1360 total
- age  13:     102384 bytes,     103744 total
- age  14:     108224 bytes,     211968 total
: 1559K->261K(2304K), 0.0008710 secs] 91000K->89717K(121420K), 0.0009013 secs] [Times: user=0.00 sys=0.00, real=0.00 secs] 
21.981: [GC 21.981: [ParNew
Desired survivor size 557056 bytes, new threshold 15 (max 15)
- age   1:        232 bytes,        232 total
- age  11:       1144 bytes,       1376 total
- age  14:     102384 bytes,     103760 total
- age  15:     108224 bytes,     211984 total
: 1477K->259K(2304K), 0.0010349 secs] 90933K->89715K(121420K), 0.0010947 secs] [Times: user=0.00 sys=0.00, real=0.00 secs] 
21.983: [GC 21.983: [ParNew
Desired survivor size 557056 bytes, new threshold 15 (max 15)
- age   1:        200 bytes,        200 total
- age  12:       1144 bytes,       1344 total
- age  15:     102384 bytes,     103728 total
: 1475K->207K(2304K), 0.0010691 secs] 90931K->89768K(121420K), 0.0011037 secs] [Times: user=0.00 sys=0.00, real=0.01 secs] 
21.985: [GC 21.985: [ParNew
Desired survivor size 557056 bytes, new threshold 15 (max 15)
- age   1:        200 bytes,        200 total
- age  13:       1144 bytes,       1344 total
: 1423K->89K(2304K), 0.0012498 secs] 90984K->89751K(121420K), 0.0012807 secs] [Times: user=0.01 sys=0.00, real=0.00 secs] 
21.988: [GC 21.988: [ParNew
Desired survivor size 557056 bytes, new threshold 15 (max 15)
- age   1:        264 bytes,        264 total
- age  14:       1144 bytes,       1408 total
: 1305K->22K(2304K), 0.0007856 secs] 90967K->89684K(121420K), 0.0008269 secs] [Times: user=0.00 sys=0.00, real=0.00 secs] 
21.990: [GC 21.990: [ParNew
Desired survivor size 557056 bytes, new threshold 15 (max 15)
- age   1:        200 bytes,        200 total
- age   2:        128 bytes,        328 total
- age  15:       1144 bytes,       1472 total
: 1238K->8K(2304K), 0.0008825 secs] 90900K->89669K(121420K), 0.0009290 secs] [Times: user=0.00 sys=0.00, real=0.00 secs] 
21.992: [GC 21.992: [ParNew
Desired survivor size 557056 bytes, new threshold 15 (max 15)
- age   1:        264 bytes,        264 total
: 1224K->8K(2304K), 0.0007155 secs] 90885K->89670K(121420K), 0.0007505 secs] [Times: user=0.00 sys=0.00, real=0.00 secs] 
21.994: [GC 21.995: [ParNew
Desired survivor size 557056 bytes, new threshold 15 (max 15)
- age   1:       1000 bytes,       1000 total
: 1224K->8K(2304K), 0.0012688 secs] 90886K->89670K(121420K), 0.0013476 secs] [Times: user=0.00 sys=0.00, real=0.00 secs] 
21.998: [GC 21.998: [ParNew
Desired survivor size 557056 bytes, new threshold 15 (max 15)
- age   1:        344 bytes,        344 total
- age   2:        744 bytes,       1088 total
: 1224K->8K(2304K), 0.0009980 secs] 90886K->89670K(121420K), 0.0010740 secs] [Times: user=0.00 sys=0.00, real=0.00 secs] 
22.000: [GC 22.000: [ParNew
Desired survivor size 557056 bytes, new threshold 15 (max 15)
- age   1:        152 bytes,        152 total
- age   2:        144 bytes,        296 total
- age   3:        744 bytes,       1040 total
: 1224K->6K(2304K), 0.0007226 secs] 90886K->89668K(121420K), 0.0007612 secs] [Times: user=0.00 sys=0.00, real=0.00 secs] 
22.003: [GC 22.003: [ParNew
Desired survivor size 557056 bytes, new threshold 15 (max 15)
- age   1:        168 bytes,        168 total
- age   3:        144 bytes,        312 total
- age   4:        744 bytes,       1056 total
: 1222K->6K(2304K), 0.0007163 secs] 90884K->89668K(121420K), 0.0007539 secs] [Times: user=0.00 sys=0.00, real=0.00 secs] 
22.005: [GC 22.005: [ParNew
Desired survivor size 557056 bytes, new threshold 15 (max 15)
- age   1:        200 bytes,        200 total
- age   4:        144 bytes,        344 total
- age   5:        744 bytes,       1088 total
: 1222K->6K(2304K), 0.0008912 secs] 90884K->89668K(121420K), 0.0009330 secs] [Times: user=0.00 sys=0.00, real=0.00 secs] 
22.008: [GC 22.008: [ParNew
Desired survivor size 557056 bytes, new threshold 15 (max 15)
- age   1:        248 bytes,        248 total
- age   5:        144 bytes,        392 total
- age   6:        744 bytes,       1136 total
: 1222K->6K(2304K), 0.0008947 secs] 90884K->89668K(121420K), 0.0009348 secs] [Times: user=0.00 sys=0.00, real=0.00 secs] 
22.010: [GC 22.010: [ParNew
Desired survivor size 557056 bytes, new threshold 15 (max 15)
- age   1:        264 bytes,        264 total
- age   6:        144 bytes,        408 total
- age   7:        744 bytes,       1152 total
: 1222K->6K(2304K), 0.0008028 secs] 90884K->89668K(121420K), 0.0008641 secs] [Times: user=0.01 sys=0.00, real=0.00 secs] 
22.012: [GC 22.012: [ParNew
Desired survivor size 557056 bytes, new threshold 15 (max 15)
- age   1:        120 bytes,        120 total
- age   7:        144 bytes,        264 total
- age   8:        744 bytes,       1008 total
: 1222K->6K(2304K), 0.0006893 secs] 90884K->89668K(121420K), 0.0007230 secs] [Times: user=0.00 sys=0.00, real=0.00 secs] 
22.028: [GC 22.028: [ParNew
Desired survivor size 557056 bytes, new threshold 15 (max 15)
- age   1:     467648 bytes,     467648 total
- age   8:        144 bytes,     467792 total
- age   9:        744 bytes,     468536 total
: 1222K->467K(2304K), 0.0013570 secs] 90884K->90129K(121420K), 0.0014121 secs] [Times: user=0.00 sys=0.00, real=0.00 secs] 
22.034: [GC 22.034: [ParNew
Desired survivor size 557056 bytes, new threshold 1 (max 15)
- age   1:     637896 bytes,     637896 total
- age   2:     465408 bytes,    1103304 total
- age   9:        144 bytes,    1103448 total
- age  10:        744 bytes,    1104192 total
: 1683K->1088K(2304K), 0.0044839 secs] 91345K->91338K(121420K), 0.0045569 secs] [Times: user=0.02 sys=0.00, real=0.00 secs] 
22.044: [GC 22.044: [ParNew
Desired survivor size 557056 bytes, new threshold 1 (max 15)
- age   1:    1005576 bytes,    1005576 total
: 2304K->1088K(2304K), 0.0043872 secs] 92554K->92644K(121420K), 0.0044594 secs] [Times: user=0.01 sys=0.00, real=0.01 secs] 
22.049: [CMS-concurrent-mark: 0.091/0.179 secs] [Times: user=0.44 sys=0.04, real=0.18 secs] 
22.049: [CMS-concurrent-preclean-start]
22.051: [CMS-concurrent-preclean: 0.002/0.002 secs] [Times: user=0.00 sys=0.00, real=0.00 secs] 
22.053: [GC[YG occupancy: 1890 K (2304 K)]22.053: [Rescan (parallel) , 0.0007160 secs]22.053: [weak refs processing, 0.0000085 secs] [1 CMS-remark: 91556K(119116K)] 93446K(121420K), 0.0007964 secs] [Times: user=0.00 sys=0.00, real=0.00 secs] 
22.054: [CMS-concurrent-sweep-start]
22.057: [GC 22.057: [ParNew
Desired survivor size 557056 bytes, new threshold 1 (max 15)
- age   1:     951656 bytes,     951656 total
: 2304K->1088K(2304K), 0.0033950 secs] 93174K->93213K(121420K), 0.0034591 secs] [Times: user=0.01 sys=0.00, real=0.00 secs] 
22.064: [GC 22.064: [ParNew
Desired survivor size 557056 bytes, new threshold 1 (max 15)
- age   1:     993232 bytes,     993232 total
: 2304K->1088K(2304K), 0.0032809 secs] 89654K->89608K(121420K), 0.0033814 secs] [Times: user=0.01 sys=0.00, real=0.00 secs] 
22.073: [GC 22.073: [ParNew
Desired survivor size 557056 bytes, new threshold 1 (max 15)
- age   1:    1079648 bytes,    1079648 total
: 2304K->1088K(2304K), 0.0034693 secs] 86809K->86719K(121420K), 0.0035478 secs] [Times: user=0.01 sys=0.00, real=0.01 secs] 
22.081: [GC 22.081: [ParNew
Desired survivor size 557056 bytes, new threshold 1 (max 15)
- age   1:     982712 bytes,     982712 total
: 2304K->1088K(2304K), 0.0031766 secs] 83108K->83198K(121420K), 0.0032478 secs] [Times: user=0.01 sys=0.01, real=0.01 secs] 
22.090: [GC 22.090: [ParNew
Desired survivor size 557056 bytes, new threshold 1 (max 15)
- age   1:    1113896 bytes,    1113896 total
: 2302K->1088K(2304K), 0.0045990 secs] 80647K->80515K(121420K), 0.0046898 secs] [Times: user=0.01 sys=0.00, real=0.01 secs] 
22.098: [GC 22.098: [ParNew
Desired survivor size 557056 bytes, new threshold 1 (max 15)
- age   1:    1026048 bytes,    1026048 total
: 2304K->1088K(2304K), 0.0032894 secs] 75854K->75931K(121420K), 0.0033544 secs] [Times: user=0.01 sys=0.00, real=0.00 secs] 
22.107: [GC 22.107: [ParNew
Desired survivor size 557056 bytes, new threshold 1 (max 15)
- age   1:     861720 bytes,     861720 total
: 2304K->1088K(2304K), 0.0044074 secs] 73090K->73245K(121420K), 0.0044823 secs] [Times: user=0.01 sys=0.00, real=0.00 secs] 
22.115: [GC 22.115: [ParNew
Desired survivor size 557056 bytes, new threshold 1 (max 15)
- age   1:    1068384 bytes,    1068384 total
: 2304K->1088K(2304K), 0.0029573 secs] 72126K->71919K(121420K), 0.0030302 secs] [Times: user=0.01 sys=0.00, real=0.00 secs] 
22.119: [GC 22.119: [ParNew
Desired survivor size 557056 bytes, new threshold 1 (max 15)
- age   1:    1067720 bytes,    1067720 total
: 2304K->1088K(2304K), 0.0049383 secs] 72247K->72242K(121420K), 0.0050216 secs] [Times: user=0.01 sys=0.00, real=0.01 secs] 
22.127: [GC 22.127: [ParNew
Desired survivor size 557056 bytes, new threshold 1 (max 15)
- age   1:     809416 bytes,     809416 total
: 2288K->1088K(2304K), 0.0033700 secs] 71285K->71438K(121420K), 0.0034461 secs] [Times: user=0.01 sys=0.00, real=0.00 secs] 
22.132: [GC 22.132: [ParNew
Desired survivor size 557056 bytes, new threshold 1 (max 15)
- age   1:     961632 bytes,     961632 total
: 2304K->1088K(2304K), 0.0027207 secs] 70296K->70020K(121420K), 0.0027855 secs] [Times: user=0.01 sys=0.00, real=0.01 secs] 
22.137: [GC 22.137: [ParNew
Desired survivor size 557056 bytes, new threshold 1 (max 15)
- age   1:    1086024 bytes,    1086024 total
: 2304K->1088K(2304K), 0.0030523 secs] 68685K->68461K(121420K), 0.0031184 secs] [Times: user=0.01 sys=0.00, real=0.00 secs] 
22.143: [GC 22.143: [ParNew
Desired survivor size 557056 bytes, new threshold 1 (max 15)
- age   1:     939720 bytes,     939720 total
: 2304K->1088K(2304K), 0.0033357 secs] 67165K->67213K(121420K), 0.0034056 secs] [Times: user=0.01 sys=0.00, real=0.01 secs] 
22.150: [GC 22.150: [ParNew
Desired survivor size 557056 bytes, new threshold 1 (max 15)
- age   1:     975424 bytes,     975424 total
: 2304K->1088K(2304K), 0.0032927 secs] 65973K->65838K(121420K), 0.0033747 secs] [Times: user=0.01 sys=0.00, real=0.00 secs] 
22.155: [GC 22.155: [ParNew
Desired survivor size 557056 bytes, new threshold 1 (max 15)
- age   1:    1081688 bytes,    1081688 total
: 2304K->1088K(2304K), 0.0036616 secs] 65104K->64900K(121420K), 0.0037269 secs] [Times: user=0.01 sys=0.00, real=0.00 secs] 
22.161: [GC 22.161: [ParNew
Desired survivor size 557056 bytes, new threshold 1 (max 15)
- age   1:     972040 bytes,     972040 total
: 2304K->1088K(2304K), 0.0032611 secs] 64267K->64284K(121420K), 0.0033388 secs] [Times: user=0.01 sys=0.00, real=0.01 secs] 
22.170: [GC 22.170: [ParNew
Desired survivor size 557056 bytes, new threshold 1 (max 15)
- age   1:    1045544 bytes,    1045544 total
: 2304K->1088K(2304K), 0.0041779 secs] 61688K->61496K(121420K), 0.0042491 secs] [Times: user=0.01 sys=0.00, real=0.00 secs] 
22.184: [CMS-concurrent-sweep: 0.064/0.130 secs] [Times: user=0.31 sys=0.01, real=0.14 secs] 
22.184: [CMS-concurrent-reset-start]
22.188: [CMS-concurrent-reset: 0.004/0.004 secs] [Times: user=0.00 sys=0.00, real=0.00 secs] 
22.189: [GC 22.189: [ParNew
Desired survivor size 557056 bytes, new threshold 1 (max 15)
- age   1:     641336 bytes,     641336 total
: 2304K->1088K(2304K), 0.0050701 secs] 57193K->57174K(121420K), 0.0051638 secs] [Times: user=0.01 sys=0.00, real=0.01 secs] 
22.196: [GC 22.196: [ParNew
Desired survivor size 557056 bytes, new threshold 15 (max 15)
- age   1:         40 bytes,         40 total
: 2304K->108K(2304K), 0.0015212 secs] 58390K->56822K(121420K), 0.0015668 secs] [Times: user=0.01 sys=0.00, real=0.00 secs] 
22.200: [GC 22.200: [ParNew
Desired survivor size 557056 bytes, new threshold 15 (max 15)
- age   1:        128 bytes,        128 total
: 1324K->54K(2304K), 0.0007276 secs] 58038K->56767K(121420K), 0.0007635 secs] [Times: user=0.00 sys=0.00, real=0.00 secs] 
22.202: [GC 22.203: [ParNew
Desired survivor size 557056 bytes, new threshold 15 (max 15)
- age   1:        128 bytes,        128 total
: 1270K->13K(2304K), 0.0006274 secs] 57983K->56726K(121420K), 0.0006655 secs] [Times: user=0.00 sys=0.00, real=0.00 secs] 
22.205: [GC 22.205: [ParNew
Desired survivor size 557056 bytes, new threshold 15 (max 15)
- age   1:        128 bytes,        128 total
: 1229K->2K(2304K), 0.0006120 secs] 57942K->56715K(121420K), 0.0006425 secs] [Times: user=0.00 sys=0.00, real=0.00 secs] 
22.208: [GC 22.208: [ParNew
Desired survivor size 557056 bytes, new threshold 15 (max 15)
- age   1:         32 bytes,         32 total
: 1218K->2K(2304K), 0.0008242 secs] 57931K->56715K(121420K), 0.0008683 secs] [Times: user=0.00 sys=0.00, real=0.00 secs] 
22.211: [GC 22.211: [ParNew
Desired survivor size 557056 bytes, new threshold 15 (max 15)
- age   1:         80 bytes,         80 total
: 1218K->4K(2304K), 0.0008540 secs] 57931K->56717K(121420K), 0.0008933 secs] [Times: user=0.00 sys=0.00, real=0.00 secs] 
22.214: [GC 22.214: [ParNew
Desired survivor size 557056 bytes, new threshold 15 (max 15)
- age   1:         40 bytes,         40 total
: 1220K->2K(2304K), 0.0007653 secs] 57933K->56715K(121420K), 0.0008012 secs] [Times: user=0.01 sys=0.00, real=0.00 secs] 
22.217: [GC 22.217: [ParNew
Desired survivor size 557056 bytes, new threshold 15 (max 15)
- age   1:        128 bytes,        128 total
: 1218K->4K(2304K), 0.0007568 secs] 57931K->56717K(121420K), 0.0007939 secs] [Times: user=0.00 sys=0.00, real=0.00 secs] 
22.220: [GC 22.220: [ParNew
Desired survivor size 557056 bytes, new threshold 15 (max 15)
- age   1:         72 bytes,         72 total
: 1220K->4K(2304K), 0.0007740 secs] 57933K->56717K(121420K), 0.0008177 secs] [Times: user=0.00 sys=0.00, real=0.00 secs] 
22.223: [GC 22.223: [ParNew
Desired survivor size 557056 bytes, new threshold 15 (max 15)
- age   1:        128 bytes,        128 total
: 1220K->2K(2304K), 0.0008759 secs] 57933K->56715K(121420K), 0.0009185 secs] [Times: user=0.01 sys=0.00, real=0.01 secs] 
22.226: [GC 22.226: [ParNew
Desired survivor size 557056 bytes, new threshold 15 (max 15)
- age   1:         72 bytes,         72 total
: 1218K->4K(2304K), 0.0008069 secs] 57931K->56717K(121420K), 0.0008416 secs] [Times: user=0.00 sys=0.00, real=0.00 secs] 
22.229: [GC 22.229: [ParNew
Desired survivor size 557056 bytes, new threshold 15 (max 15)
- age   1:        128 bytes,        128 total
: 1220K->4K(2304K), 0.0008055 secs] 57933K->56717K(121420K), 0.0008367 secs] [Times: user=0.00 sys=0.00, real=0.00 secs] 
22.232: [GC 22.232: [ParNew
Desired survivor size 557056 bytes, new threshold 15 (max 15)
- age   1:         72 bytes,         72 total
: 1220K->4K(2304K), 0.0006382 secs] 57933K->56717K(121420K), 0.0006698 secs] [Times: user=0.01 sys=0.00, real=0.00 secs] 
22.235: [GC 22.235: [ParNew
Desired survivor size 557056 bytes, new threshold 15 (max 15)
- age   1:        128 bytes,        128 total
: 1220K->4K(2304K), 0.0007356 secs] 57933K->56717K(121420K), 0.0007734 secs] [Times: user=0.00 sys=0.00, real=0.00 secs] 
22.238: [GC 22.238: [ParNew
Desired survivor size 557056 bytes, new threshold 15 (max 15)
- age   1:         72 bytes,         72 total
: 1220K->4K(2304K), 0.0007793 secs] 57933K->56717K(121420K), 0.0008456 secs] [Times: user=0.00 sys=0.00, real=0.00 secs] 
22.241: [GC 22.241: [ParNew
Desired survivor size 557056 bytes, new threshold 15 (max 15)
- age   1:        128 bytes,        128 total
: 1220K->4K(2304K), 0.0008270 secs] 57933K->56717K(121420K), 0.0008702 secs] [Times: user=0.00 sys=0.00, real=0.00 secs] 
22.245: [GC 22.245: [ParNew
Desired survivor size 557056 bytes, new threshold 15 (max 15)
- age   1:        200 bytes,        200 total
: 1220K->4K(2304K), 0.0007802 secs] 57933K->56717K(121420K), 0.0008163 secs] [Times: user=0.00 sys=0.00, real=0.00 secs] 
22.248: [GC 22.248: [ParNew
Desired survivor size 557056 bytes, new threshold 15 (max 15)
- age   1:       1216 bytes,       1216 total
- age   2:         72 bytes,       1288 total
: 1220K->6K(2304K), 0.0009726 secs] 57933K->56719K(121420K), 0.0010438 secs] [Times: user=0.01 sys=0.00, real=0.00 secs] 
22.251: [GC 22.251: [ParNew
Desired survivor size 557056 bytes, new threshold 15 (max 15)
- age   1:         72 bytes,         72 total
- age   2:       1144 bytes,       1216 total
- age   3:         72 bytes,       1288 total
: 1222K->6K(2304K), 0.0008363 secs] 57935K->56719K(121420K), 0.0008711 secs] [Times: user=0.00 sys=0.00, real=0.00 secs] 
22.254: [GC 22.254: [ParNew
Desired survivor size 557056 bytes, new threshold 15 (max 15)
- age   1:         72 bytes,         72 total
- age   3:       1144 bytes,       1216 total
- age   4:         72 bytes,       1288 total
: 1222K->6K(2304K), 0.0006329 secs] 57935K->56719K(121420K), 0.0006699 secs] [Times: user=0.00 sys=0.00, real=0.00 secs] 
22.257: [GC 22.257: [ParNew
Desired survivor size 557056 bytes, new threshold 15 (max 15)
- age   1:         72 bytes,         72 total
- age   4:       1144 bytes,       1216 total
- age   5:         72 bytes,       1288 total
: 1222K->6K(2304K), 0.0009019 secs] 57935K->56719K(121420K), 0.0009485 secs] [Times: user=0.01 sys=0.00, real=0.00 secs] 
22.260: [GC 22.260: [ParNew
Desired survivor size 557056 bytes, new threshold 15 (max 15)
- age   1:         72 bytes,         72 total
- age   5:       1144 bytes,       1216 total
- age   6:         72 bytes,       1288 total
: 1222K->6K(2304K), 0.0007774 secs] 57935K->56719K(121420K), 0.0008153 secs] [Times: user=0.00 sys=0.00, real=0.00 secs] 
22.264: [GC 22.264: [ParNew
Desired survivor size 557056 bytes, new threshold 15 (max 15)
- age   1:      12792 bytes,      12792 total
- age   6:         40 bytes,      12832 total
- age   7:         72 bytes,      12904 total
: 1222K->16K(2304K), 0.0009510 secs] 57935K->56729K(121420K), 0.0010091 secs] [Times: user=0.01 sys=0.00, real=0.00 secs] 
22.271: [GC 22.271: [ParNew
Desired survivor size 557056 bytes, new threshold 1 (max 15)
- age   1:     586048 bytes,     586048 total
- age   2:      11408 bytes,     597456 total
- age   7:         40 bytes,     597496 total
- age   8:         72 bytes,     597568 total
: 1230K->595K(2304K), 0.0018840 secs] 57943K->57308K(121420K), 0.0019697 secs] [Times: user=0.00 sys=0.00, real=0.00 secs] 
22.278: [GC 22.278: [ParNew
Desired survivor size 557056 bytes, new threshold 1 (max 15)
- age   1:    1109688 bytes,    1109688 total
: 1811K->1088K(2304K), 0.0028976 secs] 58524K->58510K(121420K), 0.0029655 secs] [Times: user=0.00 sys=0.00, real=0.00 secs] 
22.285: [GC 22.285: [ParNew
Desired survivor size 557056 bytes, new threshold 1 (max 15)
- age   1:     917928 bytes,     917928 total
: 2304K->1088K(2304K), 0.0033053 secs] 59726K->59903K(121420K), 0.0033801 secs] [Times: user=0.01 sys=0.00, real=0.00 secs] 
22.292: [GC 22.292: [ParNew
Desired survivor size 557056 bytes, new threshold 1 (max 15)
- age   1:     972920 bytes,     972920 total
: 2304K->1088K(2304K), 0.0035509 secs] 61119K->61033K(121420K), 0.0036236 secs] [Times: user=0.01 sys=0.00, real=0.01 secs] 
22.300: [GC 22.300: [ParNew
Desired survivor size 557056 bytes, new threshold 1 (max 15)
- age   1:    1023952 bytes,    1023952 total
: 2304K->1088K(2304K), 0.0029719 secs] 62249K->62192K(121420K), 0.0030698 secs] [Times: user=0.00 sys=0.00, real=0.00 secs] 
22.307: [GC 22.307: [ParNew
Desired survivor size 557056 bytes, new threshold 1 (max 15)
- age   1:     901392 bytes,     901392 total
: 2304K->1088K(2304K), 0.0031163 secs] 63408K->63525K(121420K), 0.0031837 secs] [Times: user=0.01 sys=0.00, real=0.00 secs] 
22.314: [GC 22.314: [ParNew
Desired survivor size 557056 bytes, new threshold 1 (max 15)
- age   1:     934544 bytes,     934544 total
: 2304K->1088K(2304K), 0.0031914 secs] 64741K->64701K(121420K), 0.0032679 secs] [Times: user=0.01 sys=0.00, real=0.01 secs] 
22.321: [GC 22.321: [ParNew
Desired survivor size 557056 bytes, new threshold 1 (max 15)
- age   1:    1010856 bytes,    1010856 total
: 2304K->1088K(2304K), 0.0034164 secs] 65917K->65837K(121420K), 0.0034816 secs] [Times: user=0.01 sys=0.00, real=0.01 secs] 
22.328: [GC 22.328: [ParNew
Desired survivor size 557056 bytes, new threshold 1 (max 15)
- age   1:     990800 bytes,     990800 total
: 2304K->1088K(2304K), 0.0029775 secs] 67053K->67071K(121420K), 0.0030531 secs] [Times: user=0.01 sys=0.00, real=0.00 secs] 
22.332: [GC [1 CMS-initial-mark: 65983K(119116K)] 67091K(121420K), 0.0008033 secs] [Times: user=0.00 sys=0.00, real=0.00 secs] 
22.333: [CMS-concurrent-mark-start]
22.338: [GC 22.338: [ParNew
Desired survivor size 557056 bytes, new threshold 1 (max 15)
- age   1:    1066720 bytes,    1066720 total
: 2304K->1088K(2304K), 0.0038165 secs] 68287K->68207K(121420K), 0.0038894 secs] [Times: user=0.01 sys=0.00, real=0.00 secs] 
22.344: [GC 22.344: [ParNew
Desired survivor size 557056 bytes, new threshold 1 (max 15)
- age   1:     874872 bytes,     874872 total
: 2304K->1088K(2304K), 0.0033895 secs] 69423K->69606K(121420K), 0.0034547 secs] [Times: user=0.01 sys=0.00, real=0.00 secs] 
22.348: [GC 22.348: [ParNew
Desired survivor size 557056 bytes, new threshold 1 (max 15)
- age   1:    1113728 bytes,    1113728 total
: 2304K->1088K(2304K), 0.0047476 secs] 70822K->70586K(121420K), 0.0048098 secs] [Times: user=0.02 sys=0.00, real=0.00 secs] 
22.356: [GC 22.356: [ParNew
Desired survivor size 557056 bytes, new threshold 1 (max 15)
- age   1:     820992 bytes,     820992 total
: 2303K->1088K(2304K), 0.0033388 secs] 71802K->71978K(121420K), 0.0034138 secs] [Times: user=0.02 sys=0.00, real=0.00 secs] 
22.361: [GC 22.361: [ParNew
Desired survivor size 557056 bytes, new threshold 1 (max 15)
- age   1:     900688 bytes,     900688 total
: 2304K->1088K(2304K), 0.0030529 secs] 73194K->73000K(121420K), 0.0031261 secs] [Times: user=0.01 sys=0.00, real=0.01 secs] 
22.367: [GC 22.367: [ParNew
Desired survivor size 557056 bytes, new threshold 1 (max 15)
- age   1:    1076072 bytes,    1076072 total
: 2304K->1088K(2304K), 0.0031789 secs] 74216K->73942K(121420K), 0.0032494 secs] [Times: user=0.01 sys=0.00, real=0.00 secs] 
22.377: [GC 22.377: [ParNew
Desired survivor size 557056 bytes, new threshold 1 (max 15)
- age   1:     916760 bytes,     916760 total
: 2304K->1088K(2304K), 0.0033896 secs] 75158K->75220K(121420K), 0.0034602 secs] [Times: user=0.01 sys=0.00, real=0.00 secs] 
22.383: [GC 22.383: [ParNew
Desired survivor size 557056 bytes, new threshold 1 (max 15)
- age   1:    1038000 bytes,    1038000 total
: 2304K->1088K(2304K), 0.0032058 secs] 76436K->76216K(121420K), 0.0032752 secs] [Times: user=0.01 sys=0.00, real=0.01 secs] 
22.390: [GC 22.390: [ParNew
Desired survivor size 557056 bytes, new threshold 1 (max 15)
- age   1:    1009336 bytes,    1009336 total
: 2304K->1088K(2304K), 0.0034845 secs] 77432K->77358K(121420K), 0.0035587 secs] [Times: user=0.02 sys=0.00, real=0.00 secs] 
22.396: [GC 22.396: [ParNew
Desired survivor size 557056 bytes, new threshold 1 (max 15)
- age   1:     975432 bytes,     975432 total
: 2304K->1088K(2304K), 0.0032196 secs] 78574K->78520K(121420K), 0.0032892 secs] [Times: user=0.01 sys=0.00, real=0.00 secs] 
22.403: [GC 22.403: [ParNew
Desired survivor size 557056 bytes, new threshold 1 (max 15)
- age   1:    1011512 bytes,    1011512 total
: 2304K->1088K(2304K), 0.0036117 secs] 79736K->79570K(121420K), 0.0037219 secs] [Times: user=0.01 sys=0.00, real=0.01 secs] 
22.412: [CMS-concurrent-mark: 0.037/0.079 secs] [Times: user=0.19 sys=0.00, real=0.08 secs] 
22.412: [CMS-concurrent-preclean-start]
22.418: [GC 22.418: [ParNew
Desired survivor size 557056 bytes, new threshold 1 (max 15)
- age   1:     752664 bytes,     752664 total
: 2304K->1088K(2304K), 0.0036916 secs] 80786K->80531K(121420K), 0.0037617 secs] [Times: user=0.01 sys=0.00, real=0.00 secs] 
22.425: [GC 22.425: [ParNew
Desired survivor size 557056 bytes, new threshold 15 (max 15)
- age   1:         80 bytes,         80 total
: 2304K->344K(2304K), 0.0018264 secs] 81747K->80522K(121420K), 0.0018784 secs] [Times: user=0.01 sys=0.00, real=0.00 secs] 
22.429: [GC 22.429: [ParNew
Desired survivor size 557056 bytes, new threshold 15 (max 15)
- age   1:         40 bytes,         40 total
: 1560K->43K(2304K), 0.0009161 secs] 81738K->80221K(121420K), 0.0009620 secs] [Times: user=0.00 sys=0.00, real=0.00 secs] 
22.433: [GC 22.433: [ParNew
Desired survivor size 557056 bytes, new threshold 15 (max 15)
- age   1:         40 bytes,         40 total
: 1259K->10K(2304K), 0.0009321 secs] 81437K->80188K(121420K), 0.0009789 secs] [Times: user=0.00 sys=0.00, real=0.00 secs] 
22.436: [GC 22.436: [ParNew
Desired survivor size 557056 bytes, new threshold 15 (max 15)
- age   1:         72 bytes,         72 total
: 1226K->5K(2304K), 0.0009437 secs] 81404K->80183K(121420K), 0.0009904 secs] [Times: user=0.00 sys=0.00, real=0.00 secs] 
22.440: [GC 22.440: [ParNew
Desired survivor size 557056 bytes, new threshold 15 (max 15)
- age   1:         32 bytes,         32 total
: 1221K->2K(2304K), 0.0012599 secs] 81399K->80180K(121420K), 0.0013123 secs] [Times: user=0.00 sys=0.00, real=0.00 secs] 
22.448: [GC 22.448: [ParNew
Desired survivor size 557056 bytes, new threshold 15 (max 15)
- age   1:      76296 bytes,      76296 total
: 1218K->79K(2304K), 0.0010453 secs] 81396K->80258K(121420K), 0.0010852 secs] [Times: user=0.00 sys=0.00, real=0.00 secs] 
22.450: [CMS-concurrent-preclean: 0.025/0.038 secs] [Times: user=0.08 sys=0.01, real=0.04 secs] 
22.450: [GC[YG occupancy: 868 K (2304 K)]22.450: [Rescan (parallel) , 0.0010952 secs]22.452: [weak refs processing, 0.0000103 secs] [1 CMS-remark: 80178K(119116K)] 81046K(121420K), 0.0011665 secs] [Times: user=0.00 sys=0.00, real=0.00 secs] 
22.454: [GC 22.454: [ParNew
Desired survivor size 557056 bytes, new threshold 1 (max 15)
- age   1:     771264 bytes,     771264 total
- age   2:      76224 bytes,     847488 total
: 1295K->836K(2304K), 0.0031641 secs] 81474K->81014K(121420K), 0.0032457 secs] [Times: user=0.01 sys=0.00, real=0.00 secs] 
22.458: [CMS-concurrent-sweep-start]
22.465: [GC 22.465: [ParNew
Desired survivor size 557056 bytes, new threshold 15 (max 15)
- age   1:     264560 bytes,     264560 total
: 2052K->597K(2304K), 0.0028746 secs] 79708K->79079K(121420K), 0.0029393 secs] [Times: user=0.01 sys=0.00, real=0.00 secs] 
22.470: [GC 22.470: [ParNew
Desired survivor size 557056 bytes, new threshold 2 (max 15)
- age   1:     418224 bytes,     418224 total
- age   2:     264480 bytes,     682704 total
: 1813K->785K(2304K), 0.0012583 secs] 79273K->78245K(121420K), 0.0013090 secs] [Times: user=0.00 sys=0.00, real=0.00 secs] 
22.473: [GC 22.473: [ParNew
Desired survivor size 557056 bytes, new threshold 2 (max 15)
- age   1:     474552 bytes,     474552 total
- age   2:     417288 bytes,     891840 total
: 2001K->1088K(2304K), 0.0017604 secs] 78301K->77642K(121420K), 0.0018089 secs] [Times: user=0.01 sys=0.00, real=0.01 secs] 
22.477: [GC 22.477: [ParNew
Desired survivor size 557056 bytes, new threshold 2 (max 15)
- age   1:     466704 bytes,     466704 total
- age   2:     442904 bytes,     909608 total
: 2304K->1088K(2304K), 0.0019969 secs] 78020K->77286K(121420K), 0.0020468 secs] [Times: user=0.01 sys=0.00, real=0.00 secs] 
22.481: [GC 22.481: [ParNew
Desired survivor size 557056 bytes, new threshold 2 (max 15)
- age   1:     465000 bytes,     465000 total
- age   2:     466576 bytes,     931576 total
: 2304K->1079K(2304K), 0.0019118 secs] 77546K->76754K(121420K), 0.0020037 secs] [Times: user=0.00 sys=0.01, real=0.00 secs] 
22.485: [GC 22.485: [ParNew
Desired survivor size 557056 bytes, new threshold 2 (max 15)
- age   1:     298128 bytes,     298128 total
- age   2:     464872 bytes,     763000 total
: 2295K->1088K(2304K), 0.0018923 secs] 77219K->76486K(121420K), 0.0019591 secs] [Times: user=0.00 sys=0.00, real=0.00 secs] 
22.490: [GC 22.490: [ParNew
Desired survivor size 557056 bytes, new threshold 2 (max 15)
- age   1:     388248 bytes,     388248 total
- age   2:     298056 bytes,     686304 total
: 2304K->1088K(2304K), 0.0020909 secs] 76681K->75919K(121420K), 0.0021550 secs] [Times: user=0.00 sys=0.00, real=0.00 secs] 
22.494: [GC 22.494: [ParNew
Desired survivor size 557056 bytes, new threshold 2 (max 15)
- age   1:     522664 bytes,     522664 total
- age   2:     425560 bytes,     948224 total
: 2304K->1088K(2304K), 0.0017597 secs] 76306K->75381K(121420K), 0.0018144 secs] [Times: user=0.00 sys=0.00, real=0.00 secs] 
22.498: [GC 22.498: [ParNew
Desired survivor size 557056 bytes, new threshold 2 (max 15)
- age   1:     372192 bytes,     372192 total
- age   2:     489448 bytes,     861640 total
: 2304K->1088K(2304K), 0.0019229 secs] 75172K->74394K(121420K), 0.0019761 secs] [Times: user=0.01 sys=0.00, real=0.00 secs] 
22.502: [GC 22.502: [ParNew
Desired survivor size 557056 bytes, new threshold 2 (max 15)
- age   1:     415536 bytes,     415536 total
- age   2:     372120 bytes,     787656 total
: 2304K->1088K(2304K), 0.0019117 secs] 74625K->73926K(121420K), 0.0019635 secs] [Times: user=0.01 sys=0.00, real=0.01 secs] 
22.507: [GC 22.507: [ParNew
Desired survivor size 557056 bytes, new threshold 2 (max 15)
- age   1:     408576 bytes,     408576 total
- age   2:     415456 bytes,     824032 total
: 2304K->1088K(2304K), 0.0017610 secs] 74207K->73355K(121420K), 0.0018152 secs] [Times: user=0.01 sys=0.00, real=0.00 secs] 
22.510: [GC 22.510: [ParNew
Desired survivor size 557056 bytes, new threshold 1 (max 15)
- age   1:     583600 bytes,     583600 total
- age   2:     400848 bytes,     984448 total
: 2304K->1088K(2304K), 0.0019595 secs] 73966K->73164K(121420K), 0.0020111 secs] [Times: user=0.01 sys=0.00, real=0.00 secs] 
22.513: [GC 22.513: [ParNew
Desired survivor size 557056 bytes, new threshold 1 (max 15)
- age   1:     664336 bytes,     664336 total
: 2304K->1088K(2304K), 0.0027827 secs] 73880K->73709K(121420K), 0.0028455 secs] [Times: user=0.01 sys=0.00, real=0.01 secs] 
22.518: [GC 22.518: [ParNew
Desired survivor size 557056 bytes, new threshold 1 (max 15)
- age   1:     568824 bytes,     568824 total
: 2304K->828K(2304K), 0.0020964 secs] 73960K->73128K(121420K), 0.0021439 secs] [Times: user=0.01 sys=0.00, real=0.00 secs] 
22.522: [GC 22.522: [ParNew
Desired survivor size 557056 bytes, new threshold 1 (max 15)
- age   1:     571144 bytes,     571144 total
: 2044K->936K(2304K), 0.0039119 secs] 73198K->72635K(121420K), 0.0039960 secs] [Times: user=0.00 sys=0.00, real=0.01 secs] 
22.528: [GC 22.528: [ParNew
Desired survivor size 557056 bytes, new threshold 15 (max 15)
- age   1:     553960 bytes,     553960 total
: 2152K->771K(2304K), 0.0019690 secs] 73208K->72365K(121420K), 0.0020255 secs] [Times: user=0.00 sys=0.00, real=0.00 secs] 
22.531: [GC 22.531: [ParNew
Desired survivor size 557056 bytes, new threshold 2 (max 15)
- age   1:     511208 bytes,     511208 total
- age   2:     535176 bytes,    1046384 total
: 1987K->1088K(2304K), 0.0017648 secs] 72483K->71651K(121420K), 0.0018211 secs] [Times: user=0.00 sys=0.00, real=0.00 secs] 
22.535: [GC 22.535: [ParNew
Desired survivor size 557056 bytes, new threshold 2 (max 15)
- age   1:     516368 bytes,     516368 total
- age   2:     458064 bytes,     974432 total
: 2304K->1088K(2304K), 0.0025049 secs] 72179K->71617K(121420K), 0.0025597 secs] [Times: user=0.00 sys=0.00, real=0.00 secs] 
22.539: [GC 22.539: [ParNew
Desired survivor size 557056 bytes, new threshold 2 (max 15)
- age   1:     509312 bytes,     509312 total
- age   2:     515616 bytes,    1024928 total
: 2304K->1088K(2304K), 0.0030000 secs] 71795K->71138K(121420K), 0.0031222 secs] [Times: user=0.01 sys=0.00, real=0.00 secs] 
22.545: [GC 22.545: [ParNew
Desired survivor size 557056 bytes, new threshold 2 (max 15)
- age   1:     387864 bytes,     387864 total
- age   2:     508528 bytes,     896392 total
: 2304K->1088K(2304K), 0.0025243 secs] 71467K->70755K(121420K), 0.0025910 secs] [Times: user=0.01 sys=0.01, real=0.00 secs] 
22.551: [GC 22.551: [ParNew
Desired survivor size 557056 bytes, new threshold 15 (max 15)
- age   1:     175792 bytes,     175792 total
- age   2:     369416 bytes,     545208 total
: 2304K->1088K(2304K), 0.0021964 secs] 70937K->70218K(121420K), 0.0022789 secs] [Times: user=0.00 sys=0.00, real=0.00 secs] 
22.556: [GC 22.556: [ParNew
Desired survivor size 557056 bytes, new threshold 3 (max 15)
- age   1:     100280 bytes,     100280 total
- age   2:     175760 bytes,     276040 total
- age   3:     369416 bytes,     645456 total
: 2304K->771K(2304K), 0.0014820 secs] 69482K->67950K(121420K), 0.0015490 secs] [Times: user=0.01 sys=0.00, real=0.00 secs] 
22.561: [GC 22.561: [ParNew
Desired survivor size 557056 bytes, new threshold 15 (max 15)
- age   1:      84784 bytes,      84784 total
- age   2:     100152 bytes,     184936 total
- age   3:     134424 bytes,     319360 total
: 1987K->511K(2304K), 0.0019728 secs] 67582K->66466K(121420K), 0.0020417 secs] [Times: user=0.01 sys=0.00, real=0.00 secs] 
22.565: [GC 22.565: [ParNew
Desired survivor size 557056 bytes, new threshold 15 (max 15)
- age   1:        144 bytes,        144 total
- age   2:      84528 bytes,      84672 total
- age   3:     100152 bytes,     184824 total
- age   4:     134424 bytes,     319248 total
: 1727K->452K(2304K), 0.0011503 secs] 66863K->65588K(121420K), 0.0012009 secs] [Times: user=0.00 sys=0.00, real=0.00 secs] 
22.568: [GC 22.568: [ParNew
Desired survivor size 557056 bytes, new threshold 15 (max 15)
- age   1:        208 bytes,        208 total
- age   3:      84528 bytes,      84736 total
- age   4:     100152 bytes,     184888 total
- age   5:     134424 bytes,     319312 total
: 1668K->384K(2304K), 0.0010109 secs] 66296K->65013K(121420K), 0.0010461 secs] [Times: user=0.00 sys=0.00, real=0.00 secs] 
22.570: [GC 22.570: [ParNew
Desired survivor size 557056 bytes, new threshold 15 (max 15)
- age   1:        104 bytes,        104 total
- age   4:      84528 bytes,      84632 total
- age   5:     100152 bytes,     184784 total
- age   6:     134424 bytes,     319208 total
: 1600K->330K(2304K), 0.0009915 secs] 65694K->64423K(121420K), 0.0010262 secs] [Times: user=0.01 sys=0.00, real=0.00 secs] 
22.573: [GC 22.573: [ParNew
Desired survivor size 557056 bytes, new threshold 15 (max 15)
- age   1:        160 bytes,        160 total
- age   5:      84528 bytes,      84688 total
- age   6:     100152 bytes,     184840 total
- age   7:     134424 bytes,     319264 total
: 1546K->444K(2304K), 0.0009970 secs] 65169K->64068K(121420K), 0.0010346 secs] [Times: user=0.00 sys=0.00, real=0.00 secs] 
22.575: [GC 22.575: [ParNew
Desired survivor size 557056 bytes, new threshold 15 (max 15)
- age   1:         96 bytes,         96 total
- age   6:      84528 bytes,      84624 total
- age   7:     100152 bytes,     184776 total
- age   8:     134424 bytes,     319200 total
: 1660K->504K(2304K), 0.0013135 secs] 64501K->63346K(121420K), 0.0013657 secs] [Times: user=0.00 sys=0.00, real=0.00 secs] 
22.579: [GC 22.579: [ParNew
Desired survivor size 557056 bytes, new threshold 15 (max 15)
- age   1:        160 bytes,        160 total
- age   7:      84528 bytes,      84688 total
- age   8:     100152 bytes,     184840 total
- age   9:     134424 bytes,     319264 total
: 1720K->357K(2304K), 0.0010718 secs] 63724K->62361K(121420K), 0.0011115 secs] [Times: user=0.01 sys=0.00, real=0.00 secs] 
22.582: [GC 22.582: [ParNew
Desired survivor size 557056 bytes, new threshold 15 (max 15)
- age   1:        920 bytes,        920 total
- age   8:      84528 bytes,      85448 total
- age   9:     100152 bytes,     185600 total
- age  10:     134424 bytes,     320024 total
: 1573K->525K(2304K), 0.0012786 secs] 60869K->59821K(121420K), 0.0013670 secs] [Times: user=0.01 sys=0.00, real=0.00 secs] 
22.586: [GC 22.586: [ParNew
Desired survivor size 557056 bytes, new threshold 15 (max 15)
- age   1:         40 bytes,         40 total
- age   2:        888 bytes,        928 total
- age   9:      84528 bytes,      85456 total
- age  10:     100152 bytes,     185608 total
- age  11:     134424 bytes,     320032 total
: 1741K->426K(2304K), 0.0382056 secs] 59311K->57995K(121420K), 0.0383042 secs] [Times: user=0.00 sys=0.00, real=0.04 secs] 
22.627: [GC 22.627: [ParNew
Desired survivor size 557056 bytes, new threshold 15 (max 15)
- age   1:         72 bytes,         72 total
- age   3:        888 bytes,        960 total
- age  10:      84528 bytes,      85488 total
- age  11:     100152 bytes,     185640 total
- age  12:     134424 bytes,     320064 total
: 1642K->530K(2304K), 0.0009959 secs] 57379K->56267K(121420K), 0.0010345 secs] [Times: user=0.00 sys=0.00, real=0.00 secs] 
22.630: [GC 22.630: [ParNew
Desired survivor size 557056 bytes, new threshold 15 (max 15)
- age   1:        120 bytes,        120 total
- age   4:        888 bytes,       1008 total
- age  11:      84528 bytes,      85536 total
- age  12:     100152 bytes,     185688 total
- age  13:     134424 bytes,     320112 total
: 1746K->366K(2304K), 0.0009873 secs] 55994K->54615K(121420K), 0.0010264 secs] [Times: user=0.01 sys=0.00, real=0.00 secs] 
22.634: [GC 22.634: [ParNew
Desired survivor size 557056 bytes, new threshold 15 (max 15)
- age   1:        136 bytes,        136 total
- age   5:        888 bytes,       1024 total
- age  12:      84528 bytes,      85552 total
- age  13:     100152 bytes,     185704 total
- age  14:     134424 bytes,     320128 total
: 1582K->515K(2304K), 0.0009947 secs] 54361K->53293K(121420K), 0.0010328 secs] [Times: user=0.00 sys=0.00, real=0.00 secs] 
22.637: [GC 22.637: [ParNew
Desired survivor size 557056 bytes, new threshold 15 (max 15)
- age   1:        128 bytes,        128 total
- age   6:        888 bytes,       1016 total
- age  13:      84528 bytes,      85544 total
- age  14:     100152 bytes,     185696 total
- age  15:     134424 bytes,     320120 total
: 1731K->363K(2304K), 0.0011689 secs] 52879K->51511K(121420K), 0.0012089 secs] [Times: user=0.00 sys=0.00, real=0.00 secs] 
22.641: [GC 22.642: [ParNew
Desired survivor size 557056 bytes, new threshold 15 (max 15)
- age   1:        128 bytes,        128 total
- age   7:        888 bytes,       1016 total
- age  14:      84528 bytes,      85544 total
- age  15:     100152 bytes,     185696 total
: 1579K->287K(2304K), 0.0013087 secs] 51158K->49997K(121420K), 0.0013681 secs] [Times: user=0.00 sys=0.00, real=0.00 secs] 
22.660: [CMS-concurrent-sweep: 0.087/0.202 secs] [Times: user=0.38 sys=0.03, real=0.20 secs] 
22.660: [CMS-concurrent-reset-start]
22.664: [CMS-concurrent-reset: 0.004/0.004 secs] [Times: user=0.00 sys=0.00, real=0.00 secs] 
22.967: [GC 22.967: [ParNew
Desired survivor size 557056 bytes, new threshold 1 (max 15)
- age   1:     624560 bytes,     624560 total
- age   8:        888 bytes,     625448 total
- age  15:      84088 bytes,     709536 total
: 1503K->749K(2304K), 0.0014431 secs] 38130K->37474K(121420K), 0.0014889 secs] [Times: user=0.00 sys=0.00, real=0.00 secs] 
22.972: [GC 22.972: [ParNew
Desired survivor size 557056 bytes, new threshold 1 (max 15)
- age   1:    1111992 bytes,    1111992 total
: 1965K->1088K(2304K), 0.0028938 secs] 38690K->38628K(121420K), 0.0029606 secs] [Times: user=0.01 sys=0.00, real=0.01 secs] 
22.979: [GC 22.979: [ParNew
Desired survivor size 557056 bytes, new threshold 1 (max 15)
- age   1:    1083544 bytes,    1083544 total
: 2304K->1088K(2304K), 0.0032286 secs] 39844K->39861K(121420K), 0.0032983 secs] [Times: user=0.01 sys=0.00, real=0.00 secs] 
22.986: [GC 22.986: [ParNew
Desired survivor size 557056 bytes, new threshold 1 (max 15)
- age   1:     845760 bytes,     845760 total
: 2302K->1088K(2304K), 0.0031505 secs] 41076K->41293K(121420K), 0.0032009 secs] [Times: user=0.01 sys=0.00, real=0.00 secs] 
22.994: [GC 22.994: [ParNew
Desired survivor size 557056 bytes, new threshold 1 (max 15)
- age   1:    1070112 bytes,    1070112 total
: 2304K->1088K(2304K), 0.0025799 secs] 42509K->42229K(121420K), 0.0026459 secs] [Times: user=0.01 sys=0.00, real=0.01 secs] 
22.998: [GC 22.998: [ParNew
Desired survivor size 557056 bytes, new threshold 1 (max 15)
- age   1:    1078624 bytes,    1078624 total
: 2304K->1088K(2304K), 0.0031834 secs] 43445K->43431K(121420K), 0.0032530 secs] [Times: user=0.01 sys=0.00, real=0.00 secs] 
23.003: [GC 23.003: [ParNew
Desired survivor size 557056 bytes, new threshold 1 (max 15)
- age   1:    1042248 bytes,    1042248 total
: 2304K->1088K(2304K), 0.0041327 secs] 44647K->44626K(121420K), 0.0042034 secs] [Times: user=0.01 sys=0.00, real=0.01 secs] 
23.009: [GC 23.009: [ParNew
Desired survivor size 557056 bytes, new threshold 1 (max 15)
- age   1:     942136 bytes,     942136 total
: 2304K->1088K(2304K), 0.0031038 secs] 45842K->45859K(121420K), 0.0031710 secs] [Times: user=0.01 sys=0.00, real=0.00 secs] 
23.014: [GC 23.014: [ParNew
Desired survivor size 557056 bytes, new threshold 1 (max 15)
- age   1:    1112000 bytes,    1112000 total
: 2304K->1088K(2304K), 0.0029580 secs] 47075K->46822K(121420K), 0.0030259 secs] [Times: user=0.01 sys=0.00, real=0.00 secs] 
23.019: [GC 23.019: [ParNew
Desired survivor size 557056 bytes, new threshold 1 (max 15)
- age   1:     941168 bytes,     941168 total
: 2304K->1088K(2304K), 0.0042054 secs] 48038K->48136K(121420K), 0.0042775 secs] [Times: user=0.01 sys=0.00, real=0.00 secs] 
23.025: [GC [1 CMS-initial-mark: 47048K(119116K)] 48153K(121420K), 0.0011521 secs] [Times: user=0.00 sys=0.00, real=0.00 secs] 
23.026: [CMS-concurrent-mark-start]
23.028: [GC 23.028: [ParNew
Desired survivor size 557056 bytes, new threshold 1 (max 15)
- age   1:    1089064 bytes,    1089064 total
: 2304K->1088K(2304K), 0.0031735 secs] 49352K->49144K(121420K), 0.0032372 secs] [Times: user=0.01 sys=0.01, real=0.00 secs] 
23.034: [GC 23.034: [ParNew
Desired survivor size 557056 bytes, new threshold 1 (max 15)
- age   1:    1040960 bytes,    1040960 total
: 2302K->1088K(2304K), 0.0061310 secs] 50358K->50339K(121420K), 0.0062187 secs] [Times: user=0.01 sys=0.00, real=0.00 secs] 
23.045: [GC 23.045: [ParNew
Desired survivor size 557056 bytes, new threshold 1 (max 15)
- age   1:    1041176 bytes,    1041176 total
: 2304K->1088K(2304K), 0.0038889 secs] 51555K->51512K(121420K), 0.0039595 secs] [Times: user=0.01 sys=0.00, real=0.00 secs] 
23.052: [GC 23.052: [ParNew
Desired survivor size 557056 bytes, new threshold 1 (max 15)
- age   1:     926856 bytes,     926856 total
: 2304K->1088K(2304K), 0.0034732 secs] 52728K->52760K(121420K), 0.0035484 secs] [Times: user=0.01 sys=0.00, real=0.01 secs] 
23.057: [GC 23.057: [ParNew
Desired survivor size 557056 bytes, new threshold 1 (max 15)
- age   1:     910456 bytes,     910456 total
: 2304K->1088K(2304K), 0.0037912 secs] 53976K->53665K(121420K), 0.0038672 secs] [Times: user=0.01 sys=0.00, real=0.00 secs] 
23.068: [GC 23.068: [ParNew
Desired survivor size 557056 bytes, new threshold 15 (max 15)
- age   1:      11392 bytes,      11392 total
: 2304K->674K(2304K), 0.0028498 secs] 54881K->54140K(121420K), 0.0029246 secs] [Times: user=0.01 sys=0.00, real=0.00 secs] 
23.077: [GC 23.077: [ParNew
Desired survivor size 557056 bytes, new threshold 15 (max 15)
- age   1:         40 bytes,         40 total
- age   2:      11320 bytes,      11360 total
: 1890K->113K(2304K), 0.0015694 secs] 55356K->53579K(121420K), 0.0016392 secs] [Times: user=0.00 sys=0.00, real=0.00 secs] 
23.081: [GC 23.081: [ParNew
Desired survivor size 557056 bytes, new threshold 15 (max 15)
- age   1:     304472 bytes,     304472 total
- age   3:      11320 bytes,     315792 total
: 1329K->337K(2304K), 0.0010794 secs] 54795K->53804K(121420K), 0.0011297 secs] [Times: user=0.00 sys=0.00, real=0.00 secs] 
23.090: [GC 23.090: [ParNew
Desired survivor size 557056 bytes, new threshold 1 (max 15)
- age   1:     807096 bytes,     807096 total
- age   2:     303760 bytes,    1110856 total
- age   4:       1728 bytes,    1112584 total
: 1553K->1088K(2304K), 0.0031088 secs] 55020K->54831K(121420K), 0.0032346 secs] [Times: user=0.01 sys=0.00, real=0.00 secs] 
23.095: [GC 23.095: [ParNew
Desired survivor size 557056 bytes, new threshold 1 (max 15)
- age   1:    1052288 bytes,    1052288 total
: 2304K->1088K(2304K), 0.0058742 secs] 56047K->56032K(121420K), 0.0059592 secs] [Times: user=0.02 sys=0.01, real=0.00 secs] 
23.104: [GC 23.104: [ParNew
Desired survivor size 557056 bytes, new threshold 1 (max 15)
- age   1:    1056184 bytes,    1056184 total
: 2304K->1088K(2304K), 0.0035012 secs] 57248K->57172K(121420K), 0.0035773 secs] [Times: user=0.02 sys=0.00, real=0.01 secs] 
23.113: [GC 23.113: [ParNew
Desired survivor size 557056 bytes, new threshold 1 (max 15)
- age   1:     968088 bytes,     968088 total
: 2304K->1088K(2304K), 0.0056440 secs] 58388K->58408K(121420K), 0.0057295 secs] [Times: user=0.02 sys=0.00, real=0.01 secs] 
23.123: [GC 23.123: [ParNew
Desired survivor size 557056 bytes, new threshold 1 (max 15)
- age   1:     954080 bytes,     954080 total
: 2304K->1088K(2304K), 0.0054668 secs] 59624K->59472K(121420K), 0.0055576 secs] [Times: user=0.01 sys=0.00, real=0.01 secs] 
23.130: [GC 23.131: [ParNew
Desired survivor size 557056 bytes, new threshold 15 (max 15)
- age   1:     353752 bytes,     353752 total
: 2304K->1088K(2304K), 0.0031750 secs] 60688K->60404K(121420K), 0.0032649 secs] [Times: user=0.01 sys=0.00, real=0.00 secs] 
23.137: [GC 23.137: [ParNew
Desired survivor size 557056 bytes, new threshold 15 (max 15)
- age   1:      41176 bytes,      41176 total
- age   2:     353616 bytes,     394792 total
: 2304K->480K(2304K), 0.0018161 secs] 61620K->59796K(121420K), 0.0018808 secs] [Times: user=0.00 sys=0.01, real=0.00 secs] 
23.141: [CMS-concurrent-mark: 0.053/0.114 secs] [Times: user=0.34 sys=0.03, real=0.11 secs] 
23.141: [CMS-concurrent-preclean-start]
23.142: [GC 23.142: [ParNew
Desired survivor size 557056 bytes, new threshold 1 (max 15)
- age   1:     659648 bytes,     659648 total
- age   2:      41048 bytes,     700696 total
- age   3:     357800 bytes,    1058496 total
: 1696K->1088K(2304K), 0.0029756 secs] 61012K->60404K(121420K), 0.0030619 secs] [Times: user=0.01 sys=0.00, real=0.01 secs] 
23.147: [GC 23.147: [ParNew
Desired survivor size 557056 bytes, new threshold 15 (max 15)
- age   1:     399488 bytes,     399488 total
: 2304K->1080K(2304K), 0.0034504 secs] 61620K->61426K(121420K), 0.0035192 secs] [Times: user=0.02 sys=0.00, real=0.00 secs] 
23.153: [GC 23.153: [ParNew
Desired survivor size 557056 bytes, new threshold 2 (max 15)
- age   1:     418824 bytes,     418824 total
- age   2:     399448 bytes,     818272 total
: 2296K->862K(2304K), 0.0018948 secs] 62642K->61208K(121420K), 0.0019584 secs] [Times: user=0.01 sys=0.00, real=0.01 secs] 
23.157: [GC 23.157: [ParNew
Desired survivor size 557056 bytes, new threshold 2 (max 15)
- age   1:     368936 bytes,     368936 total
- age   2:     418792 bytes,     787728 total
: 2078K->1016K(2304K), 0.0027453 secs] 62424K->61752K(121420K), 0.0028153 secs] [Times: user=0.01 sys=0.00, real=0.00 secs] 
23.162: [GC 23.162: [ParNew
Desired survivor size 557056 bytes, new threshold 1 (max 15)
- age   1:     627328 bytes,     627328 total
- age   2:     284056 bytes,     911384 total
: 2232K->1088K(2304K), 0.0047195 secs] 62968K->62900K(121420K), 0.0048026 secs] [Times: user=0.02 sys=0.00, real=0.01 secs] 
23.169: [GC 23.169: [ParNew
Desired survivor size 557056 bytes, new threshold 15 (max 15)
- age   1:       9560 bytes,       9560 total
: 2304K->640K(2304K), 0.0034536 secs] 64116K->63342K(121420K), 0.0035206 secs] [Times: user=0.01 sys=0.00, real=0.00 secs] 
23.175: [GC 23.175: [ParNew
Desired survivor size 557056 bytes, new threshold 1 (max 15)
- age   1:     739344 bytes,     739344 total
- age   2:       8152 bytes,     747496 total
: 1856K->807K(2304K), 0.0020006 secs] 64558K->63509K(121420K), 0.0020626 secs] [Times: user=0.00 sys=0.00, real=0.00 secs] 
23.178: [GC 23.178: [ParNew
Desired survivor size 557056 bytes, new threshold 1 (max 15)
- age   1:     598264 bytes,     598264 total
: 2023K->1052K(2304K), 0.0039443 secs] 64725K->64474K(121420K), 0.0040429 secs] [Times: user=0.01 sys=0.00, real=0.00 secs] 
23.184: [GC 23.184: [ParNew
Desired survivor size 557056 bytes, new threshold 1 (max 15)
- age   1:     622520 bytes,     622520 total
: 2268K->738K(2304K), 0.0037411 secs] 65690K->64724K(121420K), 0.0038174 secs] [Times: user=0.01 sys=0.01, real=0.00 secs] 
23.190: [GC 23.190: [ParNew
Desired survivor size 557056 bytes, new threshold 15 (max 15)
- age   1:     526600 bytes,     526600 total
: 1954K->685K(2304K), 0.0031743 secs] 65940K->65279K(121420K), 0.0032413 secs] [Times: user=0.00 sys=0.00, real=0.00 secs] 
23.194: [GC 23.194: [ParNew
Desired survivor size 557056 bytes, new threshold 2 (max 15)
- age   1:     469232 bytes,     469232 total
- age   2:     522432 bytes,     991664 total
: 1901K->1088K(2304K), 0.0028383 secs] 66495K->65715K(121420K), 0.0029186 secs] [Times: user=0.01 sys=0.00, real=0.00 secs] 
23.201: [GC 23.201: [ParNew
Desired survivor size 557056 bytes, new threshold 2 (max 15)
- age   1:     436760 bytes,     436760 total
- age   2:     457624 bytes,     894384 total
: 2304K->1088K(2304K), 0.0038129 secs] 66931K->66552K(121420K), 0.0038847 secs] [Times: user=0.01 sys=0.00, real=0.01 secs] 
23.206: [GC 23.206: [ParNew
Desired survivor size 557056 bytes, new threshold 15 (max 15)
- age   1:        144 bytes,        144 total
- age   2:     436632 bytes,     436776 total
: 2304K->1086K(2304K), 0.0024880 secs] 67768K->66997K(121420K), 0.0025598 secs] [Times: user=0.01 sys=0.00, real=0.00 secs] 
23.212: [GC 23.212: [ParNew
Desired survivor size 557056 bytes, new threshold 15 (max 15)
- age   1:     128072 bytes,     128072 total
- age   3:     428456 bytes,     556528 total
: 2302K->809K(2304K), 0.0019619 secs] 68213K->66720K(121420K), 0.0020269 secs] [Times: user=0.00 sys=0.00, real=0.01 secs] 
23.218: [GC 23.218: [ParNew
Desired survivor size 557056 bytes, new threshold 4 (max 15)
- age   1:      35992 bytes,      35992 total
- age   2:     109440 bytes,     145432 total
- age   4:     428456 bytes,     573888 total
: 2025K->855K(2304K), 0.0017647 secs] 67936K->66765K(121420K), 0.0018277 secs] [Times: user=0.01 sys=0.00, real=0.00 secs] 
23.222: [GC 23.222: [ParNew
Desired survivor size 557056 bytes, new threshold 15 (max 15)
- age   1:     140448 bytes,     140448 total
- age   2:       8360 bytes,     148808 total
- age   3:     109440 bytes,     258248 total
: 2071K->447K(2304K), 0.0027986 secs] 67981K->66776K(121420K), 0.0028604 secs] [Times: user=0.00 sys=0.00, real=0.01 secs] 
23.225: [CMS-concurrent-preclean: 0.031/0.085 secs] [Times: user=0.25 sys=0.01, real=0.09 secs] 
23.228: [GC[YG occupancy: 1515 K (2304 K)]23.228: [Rescan (parallel) , 0.0022472 secs]23.230: [weak refs processing, 0.0000120 secs] [1 CMS-remark: 66329K(119116K)] 67845K(121420K), 0.0023583 secs] [Times: user=0.01 sys=0.00, real=0.00 secs] 
23.230: [CMS-concurrent-sweep-start]
23.232: [GC 23.232: [ParNew
Desired survivor size 557056 bytes, new threshold 15 (max 15)
- age   1:      28880 bytes,      28880 total
- age   2:     140408 bytes,     169288 total
- age   3:       8280 bytes,     177568 total
- age   4:     109440 bytes,     287008 total
: 1663K->376K(2304K), 0.0024134 secs] 67972K->66685K(121420K), 0.0024977 secs] [Times: user=0.00 sys=0.01, real=0.01 secs] 
23.238: [GC 23.239: [ParNew
Desired survivor size 557056 bytes, new threshold 15 (max 15)
- age   1:      64696 bytes,      64696 total
- age   2:      28720 bytes,      93416 total
- age   3:     140408 bytes,     233824 total
- age   4:       8280 bytes,     242104 total
- age   5:     109440 bytes,     351544 total
: 1592K->396K(2304K), 0.0018513 secs] 65641K->64445K(121420K), 0.0019071 secs] [Times: user=0.00 sys=0.00, real=0.00 secs] 
23.242: [GC 23.242: [ParNew
Desired survivor size 557056 bytes, new threshold 15 (max 15)
- age   1:        112 bytes,        112 total
- age   2:      64536 bytes,      64648 total
- age   3:      28720 bytes,      93368 total
- age   4:     140408 bytes,     233776 total
- age   5:       8280 bytes,     242056 total
- age   6:     109440 bytes,     351496 total
: 1612K->647K(2304K), 0.0014891 secs] 64914K->63949K(121420K), 0.0015638 secs] [Times: user=0.00 sys=0.00, real=0.00 secs] 
23.245: [GC 23.245: [ParNew
Desired survivor size 557056 bytes, new threshold 15 (max 15)
- age   1:        200 bytes,        200 total
- age   3:      64536 bytes,      64736 total
- age   4:      28720 bytes,      93456 total
- age   5:     140408 bytes,     233864 total
- age   6:       8280 bytes,     242144 total
- age   7:     109440 bytes,     351584 total
: 1863K->471K(2304K), 0.0015423 secs] 64353K->62962K(121420K), 0.0016278 secs] [Times: user=0.00 sys=0.00, real=0.00 secs] 
23.252: [GC 23.252: [ParNew
Desired survivor size 557056 bytes, new threshold 15 (max 15)
- age   1:        256 bytes,        256 total
- age   4:      64536 bytes,      64792 total
- age   5:      28720 bytes,      93512 total
- age   6:     140408 bytes,     233920 total
- age   7:       8280 bytes,     242200 total
- age   8:     109440 bytes,     351640 total
: 1687K->542K(2304K), 0.0013262 secs] 61777K->60631K(121420K), 0.0013859 secs] [Times: user=0.01 sys=0.00, real=0.00 secs] 
23.255: [GC 23.255: [ParNew
Desired survivor size 557056 bytes, new threshold 15 (max 15)
- age   1:         80 bytes,         80 total
- age   5:      64536 bytes,      64616 total
- age   6:      28720 bytes,      93336 total
- age   7:     140408 bytes,     233744 total
- age   8:       8280 bytes,     242024 total
- age   9:     109440 bytes,     351464 total
: 1758K->418K(2304K), 0.0011674 secs] 61146K->59806K(121420K), 0.0012069 secs] [Times: user=0.01 sys=0.00, real=0.00 secs] 
23.258: [GC 23.258: [ParNew
Desired survivor size 557056 bytes, new threshold 15 (max 15)
- age   1:        144 bytes,        144 total
- age   6:      64536 bytes,      64680 total
- age   7:      28720 bytes,      93400 total
- age   8:     140408 bytes,     233808 total
- age   9:       8280 bytes,     242088 total
- age  10:     109440 bytes,     351528 total
: 1634K->466K(2304K), 0.0010443 secs] 60104K->58936K(121420K), 0.0010848 secs] [Times: user=0.00 sys=0.00, real=0.00 secs] 
23.260: [GC 23.260: [ParNew
Desired survivor size 557056 bytes, new threshold 15 (max 15)
- age   1:        144 bytes,        144 total
- age   7:      64536 bytes,      64680 total
- age   8:      28720 bytes,      93400 total
- age   9:     140408 bytes,     233808 total
- age  10:       8280 bytes,     242088 total
- age  11:     109440 bytes,     351528 total
: 1682K->468K(2304K), 0.0009959 secs] 59509K->58295K(121420K), 0.0010296 secs] [Times: user=0.00 sys=0.00, real=0.00 secs] 
23.264: [GC 23.264: [ParNew
Desired survivor size 557056 bytes, new threshold 15 (max 15)
- age   1:        960 bytes,        960 total
- age   8:      64536 bytes,      65496 total
- age   9:      28720 bytes,      94216 total
- age  10:     140408 bytes,     234624 total
- age  11:       8280 bytes,     242904 total
- age  12:     109440 bytes,     352344 total
: 1684K->503K(2304K), 0.0012986 secs] 58121K->56940K(121420K), 0.0013516 secs] [Times: user=0.01 sys=0.00, real=0.01 secs] 
23.268: [GC 23.268: [ParNew
Desired survivor size 557056 bytes, new threshold 15 (max 15)
- age   1:         72 bytes,         72 total
- age   2:        888 bytes,        960 total
- age   9:      64536 bytes,      65496 total
- age  10:      28720 bytes,      94216 total
- age  11:     140408 bytes,     234624 total
- age  12:       8280 bytes,     242904 total
- age  13:     109440 bytes,     352344 total
: 1719K->513K(2304K), 0.0016844 secs] 56297K->55091K(121420K), 0.0017352 secs] [Times: user=0.01 sys=0.00, real=0.00 secs] 
23.272: [GC 23.272: [ParNew
Desired survivor size 557056 bytes, new threshold 15 (max 15)
- age   1:         72 bytes,         72 total
- age   3:        888 bytes,        960 total
- age  10:      64536 bytes,      65496 total
- age  11:      28720 bytes,      94216 total
- age  12:     140408 bytes,     234624 total
- age  13:       8280 bytes,     242904 total
- age  14:     109440 bytes,     352344 total
: 1729K->601K(2304K), 0.0010667 secs] 54624K->53496K(121420K), 0.0011392 secs] [Times: user=0.00 sys=0.00, real=0.00 secs] 
23.276: [GC 23.276: [ParNew
Desired survivor size 557056 bytes, new threshold 15 (max 15)
- age   1:         80 bytes,         80 total
- age   4:        888 bytes,        968 total
- age  11:      64536 bytes,      65504 total
- age  12:      28720 bytes,      94224 total
- age  13:     140408 bytes,     234632 total
- age  14:       8280 bytes,     242912 total
- age  15:     109440 bytes,     352352 total
: 1817K->483K(2304K), 0.0010563 secs] 52953K->51619K(121420K), 0.0010969 secs] [Times: user=0.00 sys=0.00, real=0.00 secs] 
23.279: [GC 23.280: [ParNew
Desired survivor size 557056 bytes, new threshold 15 (max 15)
- age   1:         32 bytes,         32 total
- age   5:        888 bytes,        920 total
- age  12:      64536 bytes,      65456 total
- age  13:      28720 bytes,      94176 total
- age  14:     140408 bytes,     234584 total
- age  15:       8280 bytes,     242864 total
: 1699K->389K(2304K), 0.0011147 secs] 50906K->49703K(121420K), 0.0011515 secs] [Times: user=0.01 sys=0.00, real=0.00 secs] 
23.283: [GC 23.283: [ParNew
Desired survivor size 557056 bytes, new threshold 15 (max 15)
- age   1:         40 bytes,         40 total
- age   6:        888 bytes,        928 total
- age  13:      64536 bytes,      65464 total
- age  14:      28720 bytes,      94184 total
- age  15:     140408 bytes,     234592 total
: 1605K->319K(2304K), 0.0012572 secs] 48942K->47665K(121420K), 0.0013083 secs] [Times: user=0.00 sys=0.01, real=0.01 secs] 
23.287: [GC 23.287: [ParNew
Desired survivor size 557056 bytes, new threshold 15 (max 15)
- age   1:         32 bytes,         32 total
- age   7:        888 bytes,        920 total
- age  14:      64536 bytes,      65456 total
- age  15:      28720 bytes,      94176 total
: 1535K->235K(2304K), 0.0010357 secs] 47182K->46019K(121420K), 0.0010741 secs] [Times: user=0.00 sys=0.00, real=0.00 secs] 
23.306: [CMS-concurrent-sweep: 0.051/0.076 secs] [Times: user=0.15 sys=0.02, real=0.08 secs] 
23.306: [CMS-concurrent-reset-start]
23.309: [CMS-concurrent-reset: 0.003/0.003 secs] [Times: user=0.00 sys=0.00, real=0.00 secs] 
23.324: [GC 23.324: [ParNew
Desired survivor size 557056 bytes, new threshold 15 (max 15)
- age   1:     298664 bytes,     298664 total
- age   8:        888 bytes,     299552 total
- age  15:      64176 bytes,     363728 total
: 1450K->409K(2304K), 0.0011457 secs] 33483K->32470K(121420K), 0.0011888 secs] [Times: user=0.00 sys=0.00, real=0.00 secs] 
23.329: [GC 23.329: [ParNew
Desired survivor size 557056 bytes, new threshold 1 (max 15)
- age   1:     813784 bytes,     813784 total
- age   2:     296424 bytes,    1110208 total
- age   9:        888 bytes,    1111096 total
: 1625K->1088K(2304K), 0.0022995 secs] 33686K->33624K(121420K), 0.0023545 secs] [Times: user=0.01 sys=0.00, real=0.00 secs] 
23.335: [GC 23.335: [ParNew
Desired survivor size 557056 bytes, new threshold 1 (max 15)
- age   1:     998048 bytes,     998048 total
: 2304K->1088K(2304K), 0.0030350 secs] 34840K->34933K(121420K), 0.0030993 secs] [Times: user=0.01 sys=0.00, real=0.00 secs] 
23.341: [GC 23.341: [ParNew
Desired survivor size 557056 bytes, new threshold 1 (max 15)
- age   1:    1065752 bytes,    1065752 total
: 2304K->1088K(2304K), 0.0027193 secs] 36149K->36072K(121420K), 0.0027851 secs] [Times: user=0.01 sys=0.00, real=0.01 secs] 
23.348: [GC 23.348: [ParNew
Desired survivor size 557056 bytes, new threshold 1 (max 15)
- age   1:     969672 bytes,     969672 total
: 2304K->1088K(2304K), 0.0030792 secs] 37288K->37376K(121420K), 0.0031459 secs] [Times: user=0.01 sys=0.00, real=0.00 secs] 
23.355: [GC 23.355: [ParNew
Desired survivor size 557056 bytes, new threshold 1 (max 15)
- age   1:    1044816 bytes,    1044816 total
: 2303K->1088K(2304K), 0.0026904 secs] 38591K->38512K(121420K), 0.0027712 secs] [Times: user=0.01 sys=0.00, real=0.00 secs] 
23.361: [GC 23.362: [ParNew
Desired survivor size 557056 bytes, new threshold 1 (max 15)
- age   1:     854760 bytes,     854760 total
: 2301K->1088K(2304K), 0.0039395 secs] 39726K->39901K(121420K), 0.0040582 secs] [Times: user=0.01 sys=0.00, real=0.01 secs] 
23.369: [GC 23.369: [ParNew
Desired survivor size 557056 bytes, new threshold 1 (max 15)
- age   1:     892888 bytes,     892888 total
: 2304K->1088K(2304K), 0.0026760 secs] 41117K->41073K(121420K), 0.0027439 secs] [Times: user=0.01 sys=0.00, real=0.00 secs] 
23.376: [GC 23.376: [ParNew
Desired survivor size 557056 bytes, new threshold 1 (max 15)
- age   1:    1072016 bytes,    1072016 total
: 2304K->1088K(2304K), 0.0026110 secs] 42289K->42104K(121420K), 0.0026836 secs] [Times: user=0.01 sys=0.00, real=0.00 secs] 
23.383: [GC 23.383: [ParNew
Desired survivor size 557056 bytes, new threshold 1 (max 15)
- age   1:    1019272 bytes,    1019272 total
: 2304K->1088K(2304K), 0.0029824 secs] 43320K->43368K(121420K), 0.0030504 secs] [Times: user=0.01 sys=0.00, real=0.01 secs] 
23.389: [GC 23.389: [ParNew
Desired survivor size 557056 bytes, new threshold 1 (max 15)
- age   1:     932048 bytes,     932048 total
: 2304K->1088K(2304K), 0.0033463 secs] 44584K->44664K(121420K), 0.0034204 secs] [Times: user=0.01 sys=0.01, real=0.00 secs] 
23.393: [GC 23.393: [ParNew
Desired survivor size 557056 bytes, new threshold 1 (max 15)
- age   1:    1040400 bytes,    1040400 total
: 2304K->1088K(2304K), 0.0050732 secs] 45880K->45772K(121420K), 0.0051457 secs] [Times: user=0.02 sys=0.00, real=0.01 secs] 
23.400: [GC [1 CMS-initial-mark: 44684K(119116K)] 45912K(121420K), 0.0012568 secs] [Times: user=0.00 sys=0.00, real=0.00 secs] 
23.401: [CMS-concurrent-mark-start]
23.403: [GC 23.403: [ParNew
Desired survivor size 557056 bytes, new threshold 1 (max 15)
- age   1:     799752 bytes,     799752 total
: 2304K->1088K(2304K), 0.0036185 secs] 46988K->47143K(121420K), 0.0036918 secs] [Times: user=0.01 sys=0.00, real=0.01 secs] 
23.409: [GC 23.409: [ParNew
Desired survivor size 557056 bytes, new threshold 1 (max 15)
- age   1:    1018816 bytes,    1018816 total
: 2265K->1088K(2304K), 0.0028161 secs] 48320K->48000K(121420K), 0.0028908 secs] [Times: user=0.01 sys=0.00, real=0.00 secs] 
23.415: [GC 23.415: [ParNew
Desired survivor size 557056 bytes, new threshold 1 (max 15)
- age   1:     982488 bytes,     982488 total
: 2304K->1088K(2304K), 0.0032286 secs] 49216K->49134K(121420K), 0.0033065 secs] [Times: user=0.01 sys=0.00, real=0.00 secs] 
23.421: [GC 23.421: [ParNew
Desired survivor size 557056 bytes, new threshold 1 (max 15)
- age   1:     991952 bytes,     991952 total
: 2304K->1088K(2304K), 0.0032619 secs] 50350K->50207K(121420K), 0.0033337 secs] [Times: user=0.01 sys=0.00, real=0.01 secs] 
23.427: [GC 23.427: [ParNew
Desired survivor size 557056 bytes, new threshold 1 (max 15)
- age   1:     828256 bytes,     828256 total
: 2304K->1088K(2304K), 0.0043872 secs] 51423K->51449K(121420K), 0.0044562 secs] [Times: user=0.01 sys=0.00, real=0.00 secs] 
23.434: [GC 23.434: [ParNew
Desired survivor size 557056 bytes, new threshold 1 (max 15)
- age   1:     912168 bytes,     912168 total
: 2304K->1088K(2304K), 0.0045117 secs] 52665K->52482K(121420K), 0.0045779 secs] [Times: user=0.01 sys=0.00, real=0.01 secs] 
23.441: [GC 23.441: [ParNew
Desired survivor size 557056 bytes, new threshold 1 (max 15)
- age   1:    1068144 bytes,    1068144 total
: 2304K->1088K(2304K), 0.0036930 secs] 53698K->53476K(121420K), 0.0037634 secs] [Times: user=0.01 sys=0.00, real=0.01 secs] 
23.447: [GC 23.447: [ParNew
Desired survivor size 557056 bytes, new threshold 1 (max 15)
- age   1:     907032 bytes,     907032 total
: 2304K->1088K(2304K), 0.0041055 secs] 54692K->54791K(121420K), 0.0041765 secs] [Times: user=0.01 sys=0.00, real=0.00 secs] 
23.453: [GC 23.453: [ParNew
Desired survivor size 557056 bytes, new threshold 1 (max 15)
- age   1:     923024 bytes,     923024 total
: 2304K->1088K(2304K), 0.0030079 secs] 56007K->55929K(121420K), 0.0030770 secs] [Times: user=0.01 sys=0.00, real=0.01 secs] 
23.459: [GC 23.459: [ParNew
Desired survivor size 557056 bytes, new threshold 1 (max 15)
- age   1:    1015000 bytes,    1015000 total
: 2304K->1088K(2304K), 0.0032758 secs] 57145K->56988K(121420K), 0.0033808 secs] [Times: user=0.02 sys=0.00, real=0.00 secs] 
23.469: [GC 23.469: [ParNew
Desired survivor size 557056 bytes, new threshold 1 (max 15)
- age   1:    1013560 bytes,    1013560 total
: 2304K->1088K(2304K), 0.0036776 secs] 58204K->58159K(121420K), 0.0037494 secs] [Times: user=0.01 sys=0.00, real=0.00 secs] 
23.478: [GC 23.478: [ParNew
Desired survivor size 557056 bytes, new threshold 1 (max 15)
- age   1:     849840 bytes,     849840 total
: 2304K->1088K(2304K), 0.0042697 secs] 59375K->59464K(121420K), 0.0043653 secs] [Times: user=0.02 sys=0.00, real=0.00 secs] 
23.487: [GC 23.487: [ParNew
Desired survivor size 557056 bytes, new threshold 1 (max 15)
- age   1:    1113872 bytes,    1113872 total
: 2304K->1088K(2304K), 0.0031047 secs] 60680K->60357K(121420K), 0.0031791 secs] [Times: user=0.01 sys=0.00, real=0.00 secs] 
23.493: [GC 23.493: [ParNew
Desired survivor size 557056 bytes, new threshold 1 (max 15)
- age   1:     890592 bytes,     890592 total
: 2304K->1088K(2304K), 0.0027449 secs] 61573K->61354K(121420K), 0.0028204 secs] [Times: user=0.01 sys=0.00, real=0.01 secs] 
23.498: [GC 23.498: [ParNew
Desired survivor size 557056 bytes, new threshold 15 (max 15)
- age   1:     375280 bytes,     375280 total
: 2304K->1088K(2304K), 0.0024834 secs] 62570K->62224K(121420K), 0.0025554 secs] [Times: user=0.01 sys=0.00, real=0.00 secs] 
23.503: [GC 23.503: [ParNew
Desired survivor size 557056 bytes, new threshold 2 (max 15)
- age   1:     427864 bytes,     427864 total
- age   2:     375208 bytes,     803072 total
: 2304K->944K(2304K), 0.0012608 secs] 63440K->62080K(121420K), 0.0013048 secs] [Times: user=0.01 sys=0.00, real=0.01 secs] 
23.506: [GC 23.506: [ParNew
Desired survivor size 557056 bytes, new threshold 2 (max 15)
- age   1:     500904 bytes,     500904 total
- age   2:     427784 bytes,     928688 total
: 2160K->1088K(2304K), 0.0018590 secs] 63296K->62590K(121420K), 0.0019114 secs] [Times: user=0.01 sys=0.00, real=0.00 secs] 
23.509: [CMS-concurrent-mark: 0.047/0.108 secs] [Times: user=0.30 sys=0.01, real=0.11 secs] 
23.509: [CMS-concurrent-preclean-start]
23.510: [GC 23.510: [ParNew
Desired survivor size 557056 bytes, new threshold 2 (max 15)
- age   1:     447152 bytes,     447152 total
- age   2:     500832 bytes,     947984 total
: 2304K->1088K(2304K), 0.0020323 secs] 63806K->63046K(121420K), 0.0020890 secs] [Times: user=0.01 sys=0.00, real=0.00 secs] 
23.514: [GC 23.514: [ParNew
Desired survivor size 557056 bytes, new threshold 2 (max 15)
- age   1:     388144 bytes,     388144 total
- age   2:     404904 bytes,     793048 total
: 2304K->1088K(2304K), 0.0026730 secs] 64262K->63578K(121420K), 0.0027436 secs] [Times: user=0.01 sys=0.00, real=0.01 secs] 
23.519: [GC 23.519: [ParNew
Desired survivor size 557056 bytes, new threshold 2 (max 15)
- age   1:     411640 bytes,     411640 total
- age   2:     388024 bytes,     799664 total
: 2304K->1088K(2304K), 0.0018556 secs] 64794K->63972K(121420K), 0.0019116 secs] [Times: user=0.00 sys=0.00, real=0.00 secs] 
23.523: [GC 23.523: [ParNew
Desired survivor size 557056 bytes, new threshold 2 (max 15)
- age   1:     383672 bytes,     383672 total
- age   2:     411568 bytes,     795240 total
: 2304K->1088K(2304K), 0.0021926 secs] 65188K->64351K(121420K), 0.0022530 secs] [Times: user=0.00 sys=0.00, real=0.01 secs] 
23.527: [GC 23.527: [ParNew
Desired survivor size 557056 bytes, new threshold 2 (max 15)
- age   1:     384056 bytes,     384056 total
- age   2:     383544 bytes,     767600 total
: 2304K->1088K(2304K), 0.0018303 secs] 65567K->64753K(121420K), 0.0018884 secs] [Times: user=0.00 sys=0.00, real=0.00 secs] 
23.531: [GC 23.531: [ParNew
Desired survivor size 557056 bytes, new threshold 2 (max 15)
- age   1:     389544 bytes,     389544 total
- age   2:     383928 bytes,     773472 total
: 2304K->1088K(2304K), 0.0023859 secs] 65969K->65127K(121420K), 0.0024548 secs] [Times: user=0.01 sys=0.00, real=0.00 secs] 
23.535: [GC 23.535: [ParNew
Desired survivor size 557056 bytes, new threshold 2 (max 15)
- age   1:     433600 bytes,     433600 total
- age   2:     389416 bytes,     823016 total
: 2304K->1088K(2304K), 0.0018552 secs] 66343K->65502K(121420K), 0.0019313 secs] [Times: user=0.01 sys=0.00, real=0.00 secs] 
23.539: [GC 23.539: [ParNew
Desired survivor size 557056 bytes, new threshold 2 (max 15)
- age   1:     323648 bytes,     323648 total
- age   2:     433568 bytes,     757216 total
: 2304K->1088K(2304K), 0.0017829 secs] 66718K->65882K(121420K), 0.0018296 secs] [Times: user=0.01 sys=0.00, real=0.00 secs] 
23.543: [GC 23.543: [ParNew
Desired survivor size 557056 bytes, new threshold 2 (max 15)
- age   1:     479832 bytes,     479832 total
- age   2:     323576 bytes,     803408 total
: 2304K->1088K(2304K), 0.0018772 secs] 67098K->66306K(121420K), 0.0019234 secs] [Times: user=0.01 sys=0.00, real=0.01 secs] 
23.546: [GC 23.546: [ParNew
Desired survivor size 557056 bytes, new threshold 2 (max 15)
- age   1:     330416 bytes,     330416 total
- age   2:     479696 bytes,     810112 total
: 2304K->1088K(2304K), 0.0017667 secs] 67522K->66622K(121420K), 0.0018136 secs] [Times: user=0.01 sys=0.00, real=0.00 secs] 
23.550: [GC 23.550: [ParNew
Desired survivor size 557056 bytes, new threshold 2 (max 15)
- age   1:     390200 bytes,     390200 total
- age   2:     330288 bytes,     720488 total
: 2304K->1088K(2304K), 0.0023290 secs] 67838K->67090K(121420K), 0.0023963 secs] [Times: user=0.01 sys=0.00, real=0.00 secs] 
23.554: [GC 23.554: [ParNew
Desired survivor size 557056 bytes, new threshold 2 (max 15)
- age   1:     315104 bytes,     315104 total
- age   2:     390160 bytes,     705264 total
: 2304K->1086K(2304K), 0.0016955 secs] 68306K->67412K(121420K), 0.0017414 secs] [Times: user=0.01 sys=0.00, real=0.00 secs] 
23.558: [GC 23.558: [ParNew
Desired survivor size 557056 bytes, new threshold 2 (max 15)
- age   1:     287784 bytes,     287784 total
- age   2:     315032 bytes,     602816 total
: 2302K->872K(2304K), 0.0017184 secs] 68628K->67578K(121420K), 0.0017694 secs] [Times: user=0.01 sys=0.00, real=0.00 secs] 
23.561: [GC 23.561: [ParNew
Desired survivor size 557056 bytes, new threshold 2 (max 15)
- age   1:     537872 bytes,     537872 total
- age   2:     287224 bytes,     825096 total
: 2088K->1088K(2304K), 0.0026015 secs] 68794K->68182K(121420K), 0.0026688 secs] [Times: user=0.01 sys=0.00, real=0.00 secs] 
23.564: [GC 23.565: [ParNew
Desired survivor size 557056 bytes, new threshold 1 (max 15)
- age   1:     577928 bytes,     577928 total
- age   2:     510088 bytes,    1088016 total
: 2304K->1088K(2304K), 0.0036140 secs] 69398K->68768K(121420K), 0.0036713 secs] [Times: user=0.01 sys=0.00, real=0.00 secs] 
23.569: [GC 23.569: [ParNew
Desired survivor size 557056 bytes, new threshold 1 (max 15)
- age   1:     849216 bytes,     849216 total
: 2304K->1088K(2304K), 0.0037055 secs] 69984K->69830K(121420K), 0.0037659 secs] [Times: user=0.02 sys=0.00, real=0.00 secs] 
23.574: [GC 23.574: [ParNew
Desired survivor size 557056 bytes, new threshold 1 (max 15)
- age   1:     617104 bytes,     617104 total
: 2304K->1088K(2304K), 0.0023511 secs] 71046K->70671K(121420K), 0.0024200 secs] [Times: user=0.01 sys=0.00, real=0.00 secs] 
23.578: [GC 23.579: [ParNew
Desired survivor size 557056 bytes, new threshold 1 (max 15)
- age   1:     593728 bytes,     593728 total
: 2304K->775K(2304K), 0.0023136 secs] 71887K->70951K(121420K), 0.0023823 secs] [Times: user=0.01 sys=0.00, real=0.00 secs] 
23.582: [GC 23.582: [ParNew
Desired survivor size 557056 bytes, new threshold 15 (max 15)
- age   1:     524624 bytes,     524624 total
: 1991K->682K(2304K), 0.0020904 secs] 72167K->71438K(121420K), 0.0021455 secs] [Times: user=0.01 sys=0.00, real=0.01 secs] 
23.586: [GC 23.586: [ParNew
Desired survivor size 557056 bytes, new threshold 2 (max 15)
- age   1:     490632 bytes,     490632 total
- age   2:     524488 bytes,    1015120 total
: 1898K->1088K(2304K), 0.0016939 secs] 72654K->71844K(121420K), 0.0017385 secs] [Times: user=0.01 sys=0.00, real=0.00 secs] 
23.589: [GC 23.589: [ParNew
Desired survivor size 557056 bytes, new threshold 1 (max 15)
- age   1:     626424 bytes,     626424 total
- age   2:     466360 bytes,    1092784 total
: 2304K->1088K(2304K), 0.0027618 secs] 73060K->72454K(121420K), 0.0028593 secs] [Times: user=0.01 sys=0.00, real=0.00 secs] 
23.593: [GC 23.593: [ParNew
Desired survivor size 557056 bytes, new threshold 15 (max 15)
- age   1:     545888 bytes,     545888 total
: 2304K->1018K(2304K), 0.0027920 secs] 73670K->73452K(121420K), 0.0028660 secs] [Times: user=0.00 sys=0.00, real=0.01 secs] 
23.598: [GC 23.598: [ParNew
Desired survivor size 557056 bytes, new threshold 1 (max 15)
- age   1:     569040 bytes,     569040 total
- age   2:     539792 bytes,    1108832 total
: 2234K->1088K(2304K), 0.0021380 secs] 74668K->73557K(121420K), 0.0021984 secs] [Times: user=0.00 sys=0.01, real=0.00 secs] 
23.601: [GC 23.601: [ParNew
Desired survivor size 557056 bytes, new threshold 15 (max 15)
- age   1:     480256 bytes,     480256 total
: 2304K->1088K(2304K), 0.0026639 secs] 74773K->74640K(121420K), 0.0027293 secs] [Times: user=0.01 sys=0.00, real=0.01 secs] 
23.606: [GC 23.606: [ParNew
Desired survivor size 557056 bytes, new threshold 1 (max 15)
- age   1:     580736 bytes,     580736 total
- age   2:     480152 bytes,    1060888 total
: 2304K->1088K(2304K), 0.0016395 secs] 75856K->74640K(121420K), 0.0016885 secs] [Times: user=0.01 sys=0.00, real=0.00 secs] 
23.609: [GC 23.609: [ParNew
Desired survivor size 557056 bytes, new threshold 1 (max 15)
- age   1:     571408 bytes,     571408 total
: 2304K->1088K(2304K), 0.0029602 secs] 75856K->75676K(121420K), 0.0030564 secs] [Times: user=0.01 sys=0.00, real=0.00 secs] 
23.616: [GC 23.616: [ParNew
Desired survivor size 557056 bytes, new threshold 15 (max 15)
- age   1:     307648 bytes,     307648 total
: 2304K->643K(2304K), 0.0018482 secs] 76892K->75789K(121420K), 0.0019029 secs] [Times: user=0.01 sys=0.00, real=0.00 secs] 
23.620: [GC 23.620: [ParNew
Desired survivor size 557056 bytes, new threshold 1 (max 15)
- age   1:     674032 bytes,     674032 total
- age   2:     307520 bytes,     981552 total
: 1859K->1088K(2304K), 0.0014907 secs] 77005K->76234K(121420K), 0.0015362 secs] [Times: user=0.00 sys=0.00, real=0.00 secs] 
23.623: [GC 23.623: [ParNew
Desired survivor size 557056 bytes, new threshold 1 (max 15)
- age   1:     905776 bytes,     905776 total
: 2304K->1088K(2304K), 0.0032652 secs] 77450K->77261K(121420K), 0.0033353 secs] [Times: user=0.01 sys=0.00, real=0.01 secs] 
23.627: [CMS-concurrent-preclean: 0.045/0.118 secs] [Times: user=0.33 sys=0.02, real=0.12 secs] 
23.627: [GC[YG occupancy: 1790 K (2304 K)]23.627: [Rescan (parallel) , 0.0013120 secs]23.629: [weak refs processing, 0.0000094 secs] [1 CMS-remark: 76173K(119116K)] 77963K(121420K), 0.0013951 secs] [Times: user=0.01 sys=0.00, real=0.00 secs] 
23.629: [CMS-concurrent-sweep-start]
23.629: [GC 23.629: [ParNew
Desired survivor size 557056 bytes, new threshold 1 (max 15)
- age   1:     987064 bytes,     987064 total
: 2304K->1088K(2304K), 0.0029122 secs] 78476K->78185K(121420K), 0.0029885 secs] [Times: user=0.01 sys=0.00, real=0.00 secs] 
23.634: [GC 23.634: [ParNew
Desired survivor size 557056 bytes, new threshold 15 (max 15)
- age   1:     405768 bytes,     405768 total
: 2304K->937K(2304K), 0.0025146 secs] 79219K->78816K(121420K), 0.0025773 secs] [Times: user=0.01 sys=0.00, real=0.00 secs] 
23.638: [GC 23.638: [ParNew
Desired survivor size 557056 bytes, new threshold 1 (max 15)
- age   1:     671680 bytes,     671680 total
- age   2:     403976 bytes,    1075656 total
: 2153K->1088K(2304K), 0.0016479 secs] 79690K->78639K(121420K), 0.0016939 secs] [Times: user=0.00 sys=0.00, real=0.00 secs] 
23.642: [GC 23.642: [ParNew
Desired survivor size 557056 bytes, new threshold 1 (max 15)
- age   1:     683496 bytes,     683496 total
: 2304K->883K(2304K), 0.0029410 secs] 79684K->79314K(121420K), 0.0030064 secs] [Times: user=0.01 sys=0.00, real=0.01 secs] 
23.647: [GC 23.647: [ParNew
Desired survivor size 557056 bytes, new threshold 15 (max 15)
- age   1:     512096 bytes,     512096 total
: 2099K->901K(2304K), 0.0021630 secs] 79859K->79328K(121420K), 0.0022313 secs] [Times: user=0.01 sys=0.00, real=0.00 secs] 
23.652: [GC 23.652: [ParNew
Desired survivor size 557056 bytes, new threshold 1 (max 15)
- age   1:     606824 bytes,     606824 total
- age   2:     503888 bytes,    1110712 total
: 2117K->1088K(2304K), 0.0022225 secs] 78972K->78101K(121420K), 0.0022894 secs] [Times: user=0.01 sys=0.00, real=0.01 secs] 
23.657: [GC 23.657: [ParNew
Desired survivor size 557056 bytes, new threshold 15 (max 15)
- age   1:     498864 bytes,     498864 total
: 2304K->1088K(2304K), 0.0023561 secs] 78596K->78438K(121420K), 0.0024220 secs] [Times: user=0.01 sys=0.00, real=0.00 secs] 
23.661: [GC 23.661: [ParNew
Desired survivor size 557056 bytes, new threshold 2 (max 15)
- age   1:     496608 bytes,     496608 total
- age   2:     498792 bytes,     995400 total
: 2303K->1088K(2304K), 0.0016692 secs] 78903K->77700K(121420K), 0.0017247 secs] [Times: user=0.00 sys=0.00, real=0.00 secs] 
23.665: [GC 23.665: [ParNew
Desired survivor size 557056 bytes, new threshold 2 (max 15)
- age   1:     495280 bytes,     495280 total
- age   2:     500640 bytes,     995920 total
: 2304K->1088K(2304K), 0.0021013 secs] 78191K->77422K(121420K), 0.0021756 secs] [Times: user=0.01 sys=0.00, real=0.00 secs] 
23.673: [GC 23.673: [ParNew
Desired survivor size 557056 bytes, new threshold 1 (max 15)
- age   1:     762464 bytes,     762464 total
- age   2:     358544 bytes,    1121008 total
: 2304K->1088K(2304K), 0.0034888 secs] 76630K->76421K(121420K), 0.0035698 secs] [Times: user=0.01 sys=0.00, real=0.01 secs] 
23.680: [GC 23.680: [ParNew
Desired survivor size 557056 bytes, new threshold 15 (max 15)
- age   1:     458656 bytes,     458656 total
: 2304K->1088K(2304K), 0.0020938 secs] 76267K->76137K(121420K), 0.0021649 secs] [Times: user=0.00 sys=0.00, real=0.00 secs] 
23.685: [GC 23.685: [ParNew
Desired survivor size 557056 bytes, new threshold 1 (max 15)
- age   1:     653464 bytes,     653464 total
- age   2:     458624 bytes,    1112088 total
: 2304K->1088K(2304K), 0.0040044 secs] 76406K->75649K(121420K), 0.0040858 secs] [Times: user=0.01 sys=0.00, real=0.00 secs] 
23.691: [GC 23.692: [ParNew
Desired survivor size 557056 bytes, new threshold 1 (max 15)
- age   1:     989696 bytes,     989696 total
: 2304K->1088K(2304K), 0.0034891 secs] 75847K->75857K(121420K), 0.0035617 secs] [Times: user=0.01 sys=0.00, real=0.01 secs] 
23.697: [GC 23.697: [ParNew
Desired survivor size 557056 bytes, new threshold 1 (max 15)
- age   1:    1006936 bytes,    1006936 total
: 2304K->1088K(2304K), 0.0036392 secs] 76341K->76212K(121420K), 0.0037056 secs] [Times: user=0.01 sys=0.00, real=0.00 secs] 
23.703: [GC 23.703: [ParNew
Desired survivor size 557056 bytes, new threshold 1 (max 15)
- age   1:     794720 bytes,     794720 total
: 2304K->1088K(2304K), 0.0031535 secs] 76403K->76170K(121420K), 0.0032241 secs] [Times: user=0.00 sys=0.00, real=0.01 secs] 
23.708: [GC 23.708: [ParNew
Desired survivor size 557056 bytes, new threshold 15 (max 15)
- age   1:     508792 bytes,     508792 total
: 2304K->812K(2304K), 0.0021155 secs] 76453K->75730K(121420K), 0.0021899 secs] [Times: user=0.01 sys=0.00, real=0.00 secs] 
23.711: [GC 23.712: [ParNew
Desired survivor size 557056 bytes, new threshold 1 (max 15)
- age   1:     576680 bytes,     576680 total
- age   2:     503840 bytes,    1080520 total
: 2020K->1088K(2304K), 0.0016656 secs] 76052K->75131K(121420K), 0.0017251 secs] [Times: user=0.00 sys=0.00, real=0.00 secs] 
23.717: [GC 23.717: [ParNew
Desired survivor size 557056 bytes, new threshold 15 (max 15)
- age   1:     288704 bytes,     288704 total
: 2304K->1015K(2304K), 0.0026905 secs] 74885K->74652K(121420K), 0.0027657 secs] [Times: user=0.01 sys=0.00, real=0.00 secs] 
23.723: [GC 23.723: [ParNew
Desired survivor size 557056 bytes, new threshold 15 (max 15)
- age   1:     102976 bytes,     102976 total
- age   2:     280400 bytes,     383376 total
: 2231K->506K(2304K), 0.0012409 secs] 74542K->72817K(121420K), 0.0013011 secs] [Times: user=0.01 sys=0.00, real=0.00 secs] 
23.726: [GC 23.726: [ParNew
Desired survivor size 557056 bytes, new threshold 15 (max 15)
- age   1:     119216 bytes,     119216 total
- age   2:      84528 bytes,     203744 total
- age   3:     280400 bytes,     484144 total
: 1722K->590K(2304K), 0.0014240 secs] 72955K->71823K(121420K), 0.0015022 secs] [Times: user=0.01 sys=0.01, real=0.00 secs] 
23.730: [GC 23.730: [ParNew
Desired survivor size 557056 bytes, new threshold 4 (max 15)
- age   1:     129736 bytes,     129736 total
- age   2:      91584 bytes,     221320 total
- age   3:      84528 bytes,     305848 total
- age   4:     280400 bytes,     586248 total
: 1806K->775K(2304K), 0.0013491 secs] 71779K->70748K(121420K), 0.0013979 secs] [Times: user=0.01 sys=0.00, real=0.00 secs] 
23.734: [GC 23.734: [ParNew
Desired survivor size 557056 bytes, new threshold 15 (max 15)
- age   1:     107600 bytes,     107600 total
- age   2:      88272 bytes,     195872 total
- age   3:      91584 bytes,     287456 total
- age   4:      84528 bytes,     371984 total
: 1991K->491K(2304K), 0.0018352 secs] 70407K->69181K(121420K), 0.0018940 secs] [Times: user=0.01 sys=0.00, real=0.01 secs] 
23.737: [GC 23.737: [ParNew
Desired survivor size 557056 bytes, new threshold 15 (max 15)
- age   1:        104 bytes,        104 total
- age   2:     107432 bytes,     107536 total
- age   3:      88272 bytes,     195808 total
- age   4:      91584 bytes,     287392 total
- age   5:      84528 bytes,     371920 total
: 1707K->554K(2304K), 0.0013350 secs] 69906K->68754K(121420K), 0.0013784 secs] [Times: user=0.01 sys=0.00, real=0.00 secs] 
23.740: [GC 23.740: [ParNew
Desired survivor size 557056 bytes, new threshold 15 (max 15)
- age   1:        104 bytes,        104 total
- age   3:     107432 bytes,     107536 total
- age   4:      88272 bytes,     195808 total
- age   5:      91584 bytes,     287392 total
- age   6:      84528 bytes,     371920 total
: 1770K->467K(2304K), 0.0012023 secs] 69314K->68011K(121420K), 0.0012544 secs] [Times: user=0.00 sys=0.00, real=0.00 secs] 
23.743: [GC 23.743: [ParNew
Desired survivor size 557056 bytes, new threshold 15 (max 15)
- age   1:        144 bytes,        144 total
- age   4:     107432 bytes,     107576 total
- age   5:      88272 bytes,     195848 total
- age   6:      91584 bytes,     287432 total
- age   7:      84528 bytes,     371960 total
: 1683K->539K(2304K), 0.0012871 secs] 68638K->67494K(121420K), 0.0013277 secs] [Times: user=0.00 sys=0.00, real=0.01 secs] 
23.746: [GC 23.746: [ParNew
Desired survivor size 557056 bytes, new threshold 15 (max 15)
- age   1:        112 bytes,        112 total
- age   5:     107432 bytes,     107544 total
- age   6:      88272 bytes,     195816 total
- age   7:      91584 bytes,     287400 total
- age   8:      84528 bytes,     371928 total
: 1755K->497K(2304K), 0.0010756 secs] 68193K->66934K(121420K), 0.0011149 secs] [Times: user=0.01 sys=0.00, real=0.00 secs] 
23.748: [GC 23.748: [ParNew
Desired survivor size 557056 bytes, new threshold 15 (max 15)
- age   1:        144 bytes,        144 total
- age   6:     107432 bytes,     107576 total
- age   7:      88272 bytes,     195848 total
- age   8:      91584 bytes,     287432 total
- age   9:      84528 bytes,     371960 total
: 1713K->550K(2304K), 0.0013121 secs] 67378K->66215K(121420K), 0.0013549 secs] [Times: user=0.00 sys=0.00, real=0.00 secs] 
23.751: [GC 23.751: [ParNew
Desired survivor size 557056 bytes, new threshold 15 (max 15)
- age   1:        200 bytes,        200 total
- age   7:     107432 bytes,     107632 total
- age   8:      88272 bytes,     195904 total
- age   9:      91584 bytes,     287488 total
- age  10:      84528 bytes,     372016 total
: 1766K->438K(2304K), 0.0011059 secs] 66808K->65480K(121420K), 0.0011444 secs] [Times: user=0.00 sys=0.00, real=0.00 secs] 
23.754: [GC 23.754: [ParNew
Desired survivor size 557056 bytes, new threshold 15 (max 15)
- age   1:        144 bytes,        144 total
- age   8:     107432 bytes,     107576 total
- age   9:      88272 bytes,     195848 total
- age  10:      91584 bytes,     287432 total
- age  11:      84528 bytes,     371960 total
: 1654K->420K(2304K), 0.0010840 secs] 66251K->65017K(121420K), 0.0011206 secs] [Times: user=0.01 sys=0.00, real=0.01 secs] 
23.757: [GC 23.757: [ParNew
Desired survivor size 557056 bytes, new threshold 15 (max 15)
- age   1:        104 bytes,        104 total
- age   9:     107432 bytes,     107536 total
- age  10:      88272 bytes,     195808 total
- age  11:      91584 bytes,     287392 total
- age  12:      84528 bytes,     371920 total
: 1636K->456K(2304K), 0.0010978 secs] 65144K->63964K(121420K), 0.0011367 secs] [Times: user=0.00 sys=0.00, real=0.00 secs] 
23.759: [GC 23.759: [ParNew
Desired survivor size 557056 bytes, new threshold 15 (max 15)
- age   1:        248 bytes,        248 total
- age  10:     107432 bytes,     107680 total
- age  11:      88272 bytes,     195952 total
- age  12:      91584 bytes,     287536 total
- age  13:      84528 bytes,     372064 total
: 1672K->443K(2304K), 0.0010651 secs] 63936K->62706K(121420K), 0.0011033 secs] [Times: user=0.00 sys=0.00, real=0.00 secs] 
23.762: [GC 23.762: [ParNew
Desired survivor size 557056 bytes, new threshold 15 (max 15)
- age   1:        200 bytes,        200 total
- age  11:     107432 bytes,     107632 total
- age  12:      88272 bytes,     195904 total
- age  13:      91584 bytes,     287488 total
- age  14:      84528 bytes,     372016 total
: 1659K->592K(2304K), 0.0010833 secs] 62802K->61735K(121420K), 0.0011183 secs] [Times: user=0.01 sys=0.00, real=0.00 secs] 
23.764: [GC 23.764: [ParNew
Desired survivor size 557056 bytes, new threshold 15 (max 15)
- age   1:         80 bytes,         80 total
- age  12:     107432 bytes,     107512 total
- age  13:      88272 bytes,     195784 total
- age  14:      91584 bytes,     287368 total
- age  15:      84528 bytes,     371896 total
: 1808K->439K(2304K), 0.0011764 secs] 62201K->60832K(121420K), 0.0012234 secs] [Times: user=0.00 sys=0.00, real=0.00 secs] 
23.767: [GC 23.767: [ParNew
Desired survivor size 557056 bytes, new threshold 15 (max 15)
- age   1:        168 bytes,        168 total
- age  13:     107432 bytes,     107600 total
- age  14:      88272 bytes,     195872 total
- age  15:      91584 bytes,     287456 total
: 1655K->334K(2304K), 0.0012064 secs] 61613K->60375K(121420K), 0.0012550 secs] [Times: user=0.00 sys=0.00, real=0.00 secs] 
23.769: [CMS-concurrent-sweep: 0.060/0.140 secs] [Times: user=0.37 sys=0.02, real=0.14 secs] 
23.769: [CMS-concurrent-reset-start]
23.770: [GC 23.770: [ParNew
Desired survivor size 557056 bytes, new threshold 15 (max 15)
- age   1:        144 bytes,        144 total
- age  14:     107432 bytes,     107576 total
- age  15:      88272 bytes,     195848 total
: 1550K->294K(2304K), 0.0011760 secs] 61320K->60153K(121420K), 0.0012232 secs] [Times: user=0.01 sys=0.00, real=0.00 secs] 
23.774: [GC 23.775: [ParNew
Desired survivor size 557056 bytes, new threshold 15 (max 15)
- age   1:        152 bytes,        152 total
- age  15:     107432 bytes,     107584 total
: 1510K->168K(2304K), 0.0012089 secs] 61369K->60113K(121420K), 0.0012546 secs] [Times: user=0.01 sys=0.01, real=0.00 secs] 
23.776: [CMS-concurrent-reset: 0.004/0.007 secs] [Times: user=0.02 sys=0.01, real=0.01 secs] 
23.777: [GC 23.777: [ParNew
Desired survivor size 557056 bytes, new threshold 15 (max 15)
- age   1:        104 bytes,        104 total
: 1384K->32K(2304K), 0.0008753 secs] 61329K->60083K(121420K), 0.0009128 secs] [Times: user=0.00 sys=0.00, real=0.00 secs] 
23.780: [GC 23.780: [ParNew
Desired survivor size 557056 bytes, new threshold 15 (max 15)
- age   1:        200 bytes,        200 total
: 1248K->8K(2304K), 0.0007156 secs] 61299K->60058K(121420K), 0.0007481 secs] [Times: user=0.01 sys=0.00, real=0.00 secs] 
23.782: [GC 23.782: [ParNew
Desired survivor size 557056 bytes, new threshold 15 (max 15)
- age   1:        200 bytes,        200 total
: 1224K->4K(2304K), 0.0006648 secs] 61274K->60054K(121420K), 0.0007003 secs] [Times: user=0.00 sys=0.00, real=0.00 secs] 
23.784: [GC 23.784: [ParNew
Desired survivor size 557056 bytes, new threshold 15 (max 15)
- age   1:        168 bytes,        168 total
: 1220K->4K(2304K), 0.0007518 secs] 61270K->60054K(121420K), 0.0007876 secs] [Times: user=0.00 sys=0.00, real=0.01 secs] 
23.786: [GC 23.786: [ParNew
Desired survivor size 557056 bytes, new threshold 15 (max 15)
- age   1:        208 bytes,        208 total
: 1220K->4K(2304K), 0.0007550 secs] 61270K->60054K(121420K), 0.0007929 secs] [Times: user=0.00 sys=0.00, real=0.00 secs] 
23.789: [GC 23.789: [ParNew
Desired survivor size 557056 bytes, new threshold 15 (max 15)
- age   1:        256 bytes,        256 total
: 1220K->6K(2304K), 0.0006392 secs] 61270K->60056K(121420K), 0.0006701 secs] [Times: user=0.00 sys=0.00, real=0.00 secs] 
23.791: [GC 23.791: [ParNew
Desired survivor size 557056 bytes, new threshold 15 (max 15)
- age   1:        104 bytes,        104 total
: 1222K->4K(2304K), 0.0008376 secs] 61272K->60054K(121420K), 0.0008773 secs] [Times: user=0.01 sys=0.00, real=0.00 secs] 
23.794: [GC 23.794: [ParNew
Desired survivor size 557056 bytes, new threshold 15 (max 15)
- age   1:        952 bytes,        952 total
: 1220K->4K(2304K), 0.0012581 secs] 61270K->60054K(121420K), 0.0013159 secs] [Times: user=0.00 sys=0.00, real=0.01 secs] 
23.798: [GC 23.798: [ParNew
Desired survivor size 557056 bytes, new threshold 15 (max 15)
- age   1:        136 bytes,        136 total
- age   2:        888 bytes,       1024 total
: 1220K->6K(2304K), 0.0008728 secs] 61270K->60056K(121420K), 0.0009156 secs] [Times: user=0.00 sys=0.00, real=0.00 secs] 
23.801: [GC 23.801: [ParNew
Desired survivor size 557056 bytes, new threshold 15 (max 15)
- age   1:         72 bytes,         72 total
- age   3:        888 bytes,        960 total
: 1222K->6K(2304K), 0.0007142 secs] 61272K->60056K(121420K), 0.0007529 secs] [Times: user=0.00 sys=0.00, real=0.00 secs] 
23.803: [GC 23.803: [ParNew
Desired survivor size 557056 bytes, new threshold 15 (max 15)
- age   1:         32 bytes,         32 total
- age   4:        888 bytes,        920 total
: 1222K->6K(2304K), 0.0006784 secs] 61272K->60056K(121420K), 0.0007094 secs] [Times: user=0.00 sys=0.00, real=0.00 secs] 
23.806: [GC 23.806: [ParNew
Desired survivor size 557056 bytes, new threshold 15 (max 15)
- age   1:         72 bytes,         72 total
- age   5:        888 bytes,        960 total
: 1222K->6K(2304K), 0.0008035 secs] 61272K->60056K(121420K), 0.0008402 secs] [Times: user=0.00 sys=0.00, real=0.00 secs] 
23.809: [GC 23.809: [ParNew
Desired survivor size 557056 bytes, new threshold 15 (max 15)
- age   1:        128 bytes,        128 total
- age   6:        888 bytes,       1016 total
: 1222K->6K(2304K), 0.0007714 secs] 61272K->60056K(121420K), 0.0008125 secs] [Times: user=0.00 sys=0.00, real=0.00 secs] 
23.811: [GC 23.811: [ParNew
Desired survivor size 557056 bytes, new threshold 15 (max 15)
- age   1:         72 bytes,         72 total
- age   7:        888 bytes,        960 total
: 1222K->6K(2304K), 0.0007216 secs] 61272K->60056K(121420K), 0.0007626 secs] [Times: user=0.00 sys=0.00, real=0.00 secs] 
24.138: [GC 24.138: [ParNew
Desired survivor size 557056 bytes, new threshold 15 (max 15)
- age   1:     287896 bytes,     287896 total
- age   8:        888 bytes,     288784 total
: 1222K->289K(2304K), 0.0012293 secs] 61272K->60340K(121420K), 0.0012862 secs] [Times: user=0.00 sys=0.00, real=0.00 secs] 
24.144: [GC 24.144: [ParNew
Desired survivor size 557056 bytes, new threshold 1 (max 15)
- age   1:     808584 bytes,     808584 total
- age   2:     285656 bytes,    1094240 total
- age   9:        888 bytes,    1095128 total
: 1505K->1088K(2304K), 0.0026432 secs] 61556K->61555K(121420K), 0.0027245 secs] [Times: user=0.01 sys=0.01, real=0.01 secs] 
24.150: [GC 24.150: [ParNew
Desired survivor size 557056 bytes, new threshold 1 (max 15)
- age   1:     995520 bytes,     995520 total
: 2304K->1088K(2304K), 0.0030200 secs] 62771K->62858K(121420K), 0.0030927 secs] [Times: user=0.00 sys=0.00, real=0.00 secs] 
24.157: [GC 24.157: [ParNew
Desired survivor size 557056 bytes, new threshold 1 (max 15)
- age   1:    1019144 bytes,    1019144 total
: 2304K->1088K(2304K), 0.0034615 secs] 64074K->64036K(121420K), 0.0035253 secs] [Times: user=0.01 sys=0.00, real=0.00 secs] 
24.164: [GC 24.164: [ParNew
Desired survivor size 557056 bytes, new threshold 1 (max 15)
- age   1:    1005880 bytes,    1005880 total
: 2304K->1088K(2304K), 0.0028765 secs] 65252K->65261K(121420K), 0.0029522 secs] [Times: user=0.01 sys=0.00, real=0.00 secs] 
24.169: [GC 24.169: [ParNew
Desired survivor size 557056 bytes, new threshold 1 (max 15)
- age   1:    1036368 bytes,    1036368 total
: 2304K->1088K(2304K), 0.0028012 secs] 66477K->66443K(121420K), 0.0028723 secs] [Times: user=0.01 sys=0.00, real=0.00 secs] 
24.174: [GC 24.174: [ParNew
Desired survivor size 557056 bytes, new threshold 1 (max 15)
- age   1:     991224 bytes,     991224 total
: 2304K->1088K(2304K), 0.0032513 secs] 67659K->67586K(121420K), 0.0033215 secs] [Times: user=0.01 sys=0.00, real=0.01 secs] 
24.177: [GC [1 CMS-initial-mark: 66498K(119116K)] 67632K(121420K), 0.0012088 secs] [Times: user=0.00 sys=0.00, real=0.00 secs] 
24.179: [CMS-concurrent-mark-start]
24.182: [GC 24.182: [ParNew
Desired survivor size 557056 bytes, new threshold 1 (max 15)
- age   1:    1002512 bytes,    1002512 total
: 2304K->1088K(2304K), 0.0031112 secs] 68802K->68674K(121420K), 0.0031828 secs] [Times: user=0.01 sys=0.00, real=0.01 secs] 
24.187: [GC 24.187: [ParNew
Desired survivor size 557056 bytes, new threshold 1 (max 15)
- age   1:    1023184 bytes,    1023184 total
: 2304K->1088K(2304K), 0.0032752 secs] 69890K->69769K(121420K), 0.0033457 secs] [Times: user=0.01 sys=0.00, real=0.00 secs] 
24.203: [GC 24.203: [ParNew
Desired survivor size 557056 bytes, new threshold 1 (max 15)
- age   1:     863184 bytes,     863184 total
: 2304K->1088K(2304K), 0.0034446 secs] 70985K->70852K(121420K), 0.0035176 secs] [Times: user=0.01 sys=0.00, real=0.01 secs] 
24.209: [GC 24.209: [ParNew
Desired survivor size 557056 bytes, new threshold 15 (max 15)
- age   1:         72 bytes,         72 total
: 2304K->410K(2304K), 0.0018296 secs] 72068K->71017K(121420K), 0.0018908 secs] [Times: user=0.00 sys=0.00, real=0.00 secs] 
24.213: [GC 24.214: [ParNew
Desired survivor size 557056 bytes, new threshold 15 (max 15)
- age   1:         72 bytes,         72 total
: 1626K->102K(2304K), 0.0009612 secs] 72233K->70710K(121420K), 0.0010076 secs] [Times: user=0.00 sys=0.00, real=0.01 secs] 
24.217: [GC 24.217: [ParNew
Desired survivor size 557056 bytes, new threshold 15 (max 15)
- age   1:        128 bytes,        128 total
: 1318K->12K(2304K), 0.0009369 secs] 71926K->70620K(121420K), 0.0009854 secs] [Times: user=0.00 sys=0.00, real=0.00 secs] 
24.221: [GC 24.221: [ParNew
Desired survivor size 557056 bytes, new threshold 15 (max 15)
- age   1:        128 bytes,        128 total
: 1228K->6K(2304K), 0.0007731 secs] 71836K->70613K(121420K), 0.0008137 secs] [Times: user=0.00 sys=0.00, real=0.00 secs] 
24.224: [GC 24.224: [ParNew
Desired survivor size 557056 bytes, new threshold 15 (max 15)
- age   1:        136 bytes,        136 total
: 1222K->4K(2304K), 0.0007301 secs] 71829K->70611K(121420K), 0.0007706 secs] [Times: user=0.00 sys=0.00, real=0.00 secs] 
24.227: [GC 24.227: [ParNew
Desired survivor size 557056 bytes, new threshold 15 (max 15)
- age   1:         32 bytes,         32 total
: 1220K->2K(2304K), 0.0009119 secs] 71827K->70609K(121420K), 0.0009574 secs] [Times: user=0.01 sys=0.01, real=0.00 secs] 
24.231: [GC 24.231: [ParNew
Desired survivor size 557056 bytes, new threshold 15 (max 15)
- age   1:        136 bytes,        136 total
: 1218K->2K(2304K), 0.0009301 secs] 71825K->70609K(121420K), 0.0009777 secs] [Times: user=0.00 sys=0.00, real=0.00 secs] 
24.233: [CMS-concurrent-mark: 0.035/0.054 secs] [Times: user=0.11 sys=0.01, real=0.05 secs] 
24.233: [CMS-concurrent-preclean-start]
24.235: [GC 24.235: [ParNew
Desired survivor size 557056 bytes, new threshold 15 (max 15)
- age   1:        128 bytes,        128 total
: 1218K->4K(2304K), 0.0007582 secs] 71825K->70611K(121420K), 0.0008006 secs] [Times: user=0.00 sys=0.00, real=0.00 secs] 
24.238: [GC 24.238: [ParNew
Desired survivor size 557056 bytes, new threshold 15 (max 15)
- age   1:        136 bytes,        136 total
: 1220K->4K(2304K), 0.0007169 secs] 71827K->70611K(121420K), 0.0007890 secs] [Times: user=0.01 sys=0.00, real=0.00 secs] 
24.241: [GC 24.241: [ParNew
Desired survivor size 557056 bytes, new threshold 15 (max 15)
- age   1:         32 bytes,         32 total
: 1220K->2K(2304K), 0.0007641 secs] 71827K->70609K(121420K), 0.0008008 secs] [Times: user=0.00 sys=0.00, real=0.00 secs] 
24.245: [CMS-concurrent-preclean: 0.010/0.013 secs] [Times: user=0.03 sys=0.00, real=0.02 secs] 
24.246: [GC[YG occupancy: 612 K (2304 K)]24.246: [Rescan (parallel) , 0.0006660 secs]24.246: [weak refs processing, 0.0000138 secs] [1 CMS-remark: 70607K(119116K)] 71220K(121420K), 0.0007700 secs] [Times: user=0.00 sys=0.00, real=0.00 secs] 
24.247: [CMS-concurrent-sweep-start]
24.308: [CMS-concurrent-sweep: 0.062/0.062 secs] [Times: user=0.06 sys=0.00, real=0.06 secs] 
24.308: [CMS-concurrent-reset-start]
24.312: [CMS-concurrent-reset: 0.004/0.004 secs] [Times: user=0.00 sys=0.00, real=0.00 secs] 
24.624: [GC 24.624: [ParNew
Desired survivor size 557056 bytes, new threshold 15 (max 15)
- age   1:     537256 bytes,     537256 total
: 1218K->536K(2304K), 0.0015966 secs] 14049K->13368K(121420K), 0.0016581 secs] [Times: user=0.01 sys=0.00, real=0.01 secs] 
24.630: [GC 24.630: [ParNew
Desired survivor size 557056 bytes, new threshold 1 (max 15)
- age   1:     653688 bytes,     653688 total
- age   2:     449856 bytes,    1103544 total
: 1752K->1088K(2304K), 0.0027704 secs] 14584K->14573K(121420K), 0.0028357 secs] [Times: user=0.01 sys=0.00, real=0.00 secs] 
24.637: [GC 24.637: [ParNew
Desired survivor size 557056 bytes, new threshold 1 (max 15)
- age   1:     939944 bytes,     939944 total
: 2304K->1088K(2304K), 0.0037407 secs] 15789K->15935K(121420K), 0.0038175 secs] [Times: user=0.01 sys=0.00, real=0.00 secs] 
24.644: [GC 24.644: [ParNew
Desired survivor size 557056 bytes, new threshold 1 (max 15)
- age   1:    1085816 bytes,    1085816 total
: 2304K->1088K(2304K), 0.0029417 secs] 17151K->16997K(121420K), 0.0030058 secs] [Times: user=0.01 sys=0.00, real=0.00 secs] 
24.649: [GC 24.649: [ParNew
Desired survivor size 557056 bytes, new threshold 1 (max 15)
- age   1:    1113848 bytes,    1113848 total
: 2304K->1088K(2304K), 0.0030056 secs] 18213K->18183K(121420K), 0.0030690 secs] [Times: user=0.01 sys=0.00, real=0.00 secs] 
24.654: [GC 24.654: [ParNew
Desired survivor size 557056 bytes, new threshold 1 (max 15)
- age   1:    1002808 bytes,    1002808 total
: 2304K->1088K(2304K), 0.0033840 secs] 19399K->19402K(121420K), 0.0034708 secs] [Times: user=0.01 sys=0.00, real=0.00 secs] 
24.659: [GC 24.659: [ParNew
Desired survivor size 557056 bytes, new threshold 1 (max 15)
- age   1:    1061064 bytes,    1061064 total
: 2304K->1088K(2304K), 0.0032974 secs] 20618K->20443K(121420K), 0.0033648 secs] [Times: user=0.01 sys=0.00, real=0.00 secs] 
24.665: [GC 24.665: [ParNew
Desired survivor size 557056 bytes, new threshold 1 (max 15)
- age   1:     991128 bytes,     991128 total
: 2304K->1088K(2304K), 0.0030577 secs] 21659K->21625K(121420K), 0.0031247 secs] [Times: user=0.01 sys=0.01, real=0.00 secs] 
24.673: [GC 24.673: [ParNew
Desired survivor size 557056 bytes, new threshold 15 (max 15)
- age   1:     506112 bytes,     506112 total
: 2304K->982K(2304K), 0.0028182 secs] 22841K->22488K(121420K), 0.0028880 secs] [Times: user=0.01 sys=0.00, real=0.01 secs] 
24.678: [GC 24.678: [ParNew
Desired survivor size 557056 bytes, new threshold 15 (max 15)
- age   1:         40 bytes,         40 total
- age   2:     506080 bytes,     506120 total
: 2198K->754K(2304K), 0.0015315 secs] 23704K->22259K(121420K), 0.0015908 secs] [Times: user=0.01 sys=0.00, real=0.00 secs] 
24.682: [GC 24.682: [ParNew
Desired survivor size 557056 bytes, new threshold 15 (max 15)
- age   1:        128 bytes,        128 total
- age   3:     506080 bytes,     506208 total
: 1970K->598K(2304K), 0.0012398 secs] 23475K->22103K(121420K), 0.0012779 secs] [Times: user=0.00 sys=0.00, real=0.00 secs] 
24.685: [GC 24.685: [ParNew
Desired survivor size 557056 bytes, new threshold 15 (max 15)
- age   1:         72 bytes,         72 total
- age   4:     506080 bytes,     506152 total
: 1814K->735K(2304K), 0.0012455 secs] 23319K->22241K(121420K), 0.0013200 secs] [Times: user=0.01 sys=0.00, real=0.00 secs] 
24.688: [GC 24.688: [ParNew
Desired survivor size 557056 bytes, new threshold 15 (max 15)
- age   1:         72 bytes,         72 total
- age   5:     506080 bytes,     506152 total
: 1951K->740K(2304K), 0.0014525 secs] 23457K->22245K(121420K), 0.0015030 secs] [Times: user=0.00 sys=0.00, real=0.00 secs] 
24.692: [GC 24.692: [ParNew
Desired survivor size 557056 bytes, new threshold 15 (max 15)
- age   1:         32 bytes,         32 total
- age   6:     506080 bytes,     506112 total
: 1956K->741K(2304K), 0.0011614 secs] 23461K->22246K(121420K), 0.0012083 secs] [Times: user=0.01 sys=0.00, real=0.00 secs] 
24.695: [GC 24.695: [ParNew
Desired survivor size 557056 bytes, new threshold 15 (max 15)
- age   1:         32 bytes,         32 total
- age   7:     506080 bytes,     506112 total
: 1957K->741K(2304K), 0.0012460 secs] 23462K->22246K(121420K), 0.0012843 secs] [Times: user=0.00 sys=0.00, real=0.00 secs] 
24.698: [GC 24.698: [ParNew
Desired survivor size 557056 bytes, new threshold 15 (max 15)
- age   1:        128 bytes,        128 total
- age   8:     506080 bytes,     506208 total
: 1957K->741K(2304K), 0.0012564 secs] 23462K->22246K(121420K), 0.0013124 secs] [Times: user=0.00 sys=0.00, real=0.00 secs] 
24.702: [GC 24.702: [ParNew
Desired survivor size 557056 bytes, new threshold 15 (max 15)
- age   1:         32 bytes,         32 total
- age   9:     506080 bytes,     506112 total
: 1957K->741K(2304K), 0.0011429 secs] 23462K->22247K(121420K), 0.0011863 secs] [Times: user=0.00 sys=0.00, real=0.00 secs] 
24.711: [GC 24.712: [ParNew
Desired survivor size 557056 bytes, new threshold 10 (max 15)
- age   1:     167992 bytes,     167992 total
- age  10:     505680 bytes,     673672 total
: 1957K->988K(2304K), 0.0013505 secs] 23463K->22494K(121420K), 0.0013963 secs] [Times: user=0.00 sys=0.00, real=0.00 secs] 
24.716: [GC 24.716: [ParNew
Desired survivor size 557056 bytes, new threshold 1 (max 15)
- age   1:     880480 bytes,     880480 total
- age   2:     143920 bytes,    1024400 total
: 2204K->1088K(2304K), 0.0024879 secs] 23710K->23456K(121420K), 0.0025469 secs] [Times: user=0.00 sys=0.00, real=0.00 secs] 
24.723: [GC 24.723: [ParNew
Desired survivor size 557056 bytes, new threshold 1 (max 15)
- age   1:     978112 bytes,     978112 total
: 2304K->1088K(2304K), 0.0029642 secs] 24672K->24710K(121420K), 0.0030316 secs] [Times: user=0.01 sys=0.00, real=0.01 secs] 
24.730: [GC 24.730: [ParNew
Desired survivor size 557056 bytes, new threshold 1 (max 15)
- age   1:    1002256 bytes,    1002256 total
: 2304K->1088K(2304K), 0.0029347 secs] 25926K->25888K(121420K), 0.0029994 secs] [Times: user=0.01 sys=0.00, real=0.00 secs] 
24.737: [GC 24.737: [ParNew
Desired survivor size 557056 bytes, new threshold 1 (max 15)
- age   1:     839456 bytes,     839456 total
: 2304K->1088K(2304K), 0.0035504 secs] 27104K->27257K(121420K), 0.0036243 secs] [Times: user=0.01 sys=0.00, real=0.00 secs] 
24.742: [GC 24.742: [ParNew
Desired survivor size 557056 bytes, new threshold 1 (max 15)
- age   1:    1054440 bytes,    1054440 total
: 2304K->1088K(2304K), 0.0029170 secs] 28473K->28250K(121420K), 0.0029823 secs] [Times: user=0.01 sys=0.01, real=0.01 secs] 
24.747: [GC 24.747: [ParNew
Desired survivor size 557056 bytes, new threshold 1 (max 15)
- age   1:    1092480 bytes,    1092480 total
: 2304K->1088K(2304K), 0.0031647 secs] 29466K->29313K(121420K), 0.0032332 secs] [Times: user=0.01 sys=0.00, real=0.00 secs] 
24.752: [GC 24.752: [ParNew
Desired survivor size 557056 bytes, new threshold 1 (max 15)
- age   1:    1012056 bytes,    1012056 total
: 2304K->1088K(2304K), 0.0031831 secs] 30529K->30489K(121420K), 0.0032560 secs] [Times: user=0.01 sys=0.00, real=0.01 secs] 
24.757: [GC 24.757: [ParNew
Desired survivor size 557056 bytes, new threshold 1 (max 15)
- age   1:     955968 bytes,     955968 total
: 2304K->1088K(2304K), 0.0043112 secs] 31705K->31659K(121420K), 0.0043868 secs] [Times: user=0.01 sys=0.00, real=0.00 secs] 
24.767: [GC 24.767: [ParNew
Desired survivor size 557056 bytes, new threshold 1 (max 15)
- age   1:     612928 bytes,     612928 total
: 2304K->1088K(2304K), 0.0030388 secs] 32875K->32592K(121420K), 0.0031094 secs] [Times: user=0.01 sys=0.00, real=0.00 secs] 
24.773: [GC 24.773: [ParNew
Desired survivor size 557056 bytes, new threshold 15 (max 15)
- age   1:        128 bytes,        128 total
: 2304K->231K(2304K), 0.0026936 secs] 33808K->32334K(121420K), 0.0027767 secs] [Times: user=0.00 sys=0.00, real=0.01 secs] 
24.778: [GC 24.778: [ParNew
Desired survivor size 557056 bytes, new threshold 15 (max 15)
- age   1:         72 bytes,         72 total
: 1447K->57K(2304K), 0.0007775 secs] 33550K->32161K(121420K), 0.0008159 secs] [Times: user=0.00 sys=0.00, real=0.00 secs] 
24.781: [GC 24.781: [ParNew
Desired survivor size 557056 bytes, new threshold 15 (max 15)
- age   1:        128 bytes,        128 total
: 1273K->14K(2304K), 0.0006718 secs] 33377K->32117K(121420K), 0.0007090 secs] [Times: user=0.00 sys=0.00, real=0.00 secs] 
24.783: [GC 24.783: [ParNew
Desired survivor size 557056 bytes, new threshold 15 (max 15)
- age   1:         32 bytes,         32 total
: 1230K->2K(2304K), 0.0006939 secs] 33333K->32105K(121420K), 0.0007380 secs] [Times: user=0.00 sys=0.00, real=0.00 secs] 
24.786: [GC 24.786: [ParNew
Desired survivor size 557056 bytes, new threshold 15 (max 15)
- age   1:         32 bytes,         32 total
: 1218K->2K(2304K), 0.0007340 secs] 33321K->32105K(121420K), 0.0007786 secs] [Times: user=0.00 sys=0.00, real=0.00 secs] 
24.789: [GC 24.789: [ParNew
Desired survivor size 557056 bytes, new threshold 15 (max 15)
- age   1:        128 bytes,        128 total
: 1218K->4K(2304K), 0.0006826 secs] 33321K->32107K(121420K), 0.0007144 secs] [Times: user=0.00 sys=0.00, real=0.00 secs] 
24.791: [GC 24.791: [ParNew
Desired survivor size 557056 bytes, new threshold 15 (max 15)
- age   1:        136 bytes,        136 total
: 1220K->4K(2304K), 0.0006614 secs] 33323K->32107K(121420K), 0.0006902 secs] [Times: user=0.00 sys=0.00, real=0.00 secs] 
24.794: [GC 24.794: [ParNew
Desired survivor size 557056 bytes, new threshold 15 (max 15)
- age   1:        136 bytes,        136 total
: 1220K->2K(2304K), 0.0007380 secs] 33323K->32105K(121420K), 0.0007720 secs] [Times: user=0.00 sys=0.00, real=0.01 secs] 
24.796: [GC 24.797: [ParNew
Desired survivor size 557056 bytes, new threshold 15 (max 15)
- age   1:      37664 bytes,      37664 total
: 1218K->41K(2304K), 0.0008363 secs] 33321K->32145K(121420K), 0.0008754 secs] [Times: user=0.00 sys=0.00, real=0.00 secs] 
24.799: [GC 24.800: [ParNew
Desired survivor size 557056 bytes, new threshold 15 (max 15)
- age   1:     375872 bytes,     375872 total
- age   2:      37536 bytes,     413408 total
: 1257K->419K(2304K), 0.0010309 secs] 33361K->32522K(121420K), 0.0010740 secs] [Times: user=0.00 sys=0.00, real=0.00 secs] 
24.805: [GC 24.805: [ParNew
Desired survivor size 557056 bytes, new threshold 1 (max 15)
- age   1:     691488 bytes,     691488 total
- age   2:     373504 bytes,    1064992 total
- age   3:      37496 bytes,    1102488 total
: 1635K->1088K(2304K), 0.0028914 secs] 33738K->33468K(121420K), 0.0029710 secs] [Times: user=0.01 sys=0.00, real=0.00 secs] 
24.811: [GC 24.811: [ParNew
Desired survivor size 557056 bytes, new threshold 1 (max 15)
- age   1:    1040008 bytes,    1040008 total
: 2304K->1088K(2304K), 0.0033128 secs] 34684K->34734K(121420K), 0.0033791 secs] [Times: user=0.01 sys=0.01, real=0.01 secs] 
24.818: [GC 24.818: [ParNew
Desired survivor size 557056 bytes, new threshold 1 (max 15)
- age   1:    1036016 bytes,    1036016 total
: 2303K->1088K(2304K), 0.0030944 secs] 35949K->35946K(121420K), 0.0031679 secs] [Times: user=0.01 sys=0.00, real=0.00 secs] 
24.825: [GC 24.825: [ParNew
Desired survivor size 557056 bytes, new threshold 1 (max 15)
- age   1:     904816 bytes,     904816 total
: 2304K->1088K(2304K), 0.0032812 secs] 37162K->37286K(121420K), 0.0033526 secs] [Times: user=0.01 sys=0.00, real=0.00 secs] 
24.832: [GC 24.832: [ParNew
Desired survivor size 557056 bytes, new threshold 1 (max 15)
- age   1:    1112768 bytes,    1112768 total
: 2304K->1088K(2304K), 0.0029019 secs] 38502K->38293K(121420K), 0.0029994 secs] [Times: user=0.01 sys=0.00, real=0.01 secs] 
24.839: [GC 24.839: [ParNew
Desired survivor size 557056 bytes, new threshold 1 (max 15)
- age   1:    1030872 bytes,    1030872 total
: 2304K->1088K(2304K), 0.0034675 secs] 39509K->39585K(121420K), 0.0035356 secs] [Times: user=0.01 sys=0.00, real=0.00 secs] 
24.846: [GC 24.846: [ParNew
Desired survivor size 557056 bytes, new threshold 1 (max 15)
- age   1:    1071120 bytes,    1071120 total
: 2303K->1088K(2304K), 0.0029242 secs] 40801K->40758K(121420K), 0.0029851 secs] [Times: user=0.01 sys=0.00, real=0.00 secs] 
24.853: [GC 24.853: [ParNew
Desired survivor size 557056 bytes, new threshold 1 (max 15)
- age   1:     856728 bytes,     856728 total
: 2302K->1088K(2304K), 0.0034631 secs] 41972K->42174K(121420K), 0.0035513 secs] [Times: user=0.01 sys=0.00, real=0.01 secs] 
24.860: [GC 24.860: [ParNew
Desired survivor size 557056 bytes, new threshold 1 (max 15)
- age   1:    1029640 bytes,    1029640 total
: 2304K->1088K(2304K), 0.0029313 secs] 43390K->43215K(121420K), 0.0030176 secs] [Times: user=0.01 sys=0.00, real=0.00 secs] 
24.866: [GC 24.867: [ParNew
Desired survivor size 557056 bytes, new threshold 1 (max 15)
- age   1:    1012824 bytes,    1012824 total
: 2304K->1088K(2304K), 0.0031049 secs] 44431K->44440K(121420K), 0.0031738 secs] [Times: user=0.01 sys=0.00, real=0.00 secs] 
24.870: [GC 24.870: [ParNew
Desired survivor size 557056 bytes, new threshold 1 (max 15)
- age   1:     927216 bytes,     927216 total
: 2304K->1088K(2304K), 0.0042999 secs] 45656K->45735K(121420K), 0.0043711 secs] [Times: user=0.02 sys=0.00, real=0.01 secs] 
24.876: [GC 24.876: [ParNew
Desired survivor size 557056 bytes, new threshold 1 (max 15)
- age   1:    1089792 bytes,    1089792 total
: 2304K->1088K(2304K), 0.0030109 secs] 46951K->46723K(121420K), 0.0030765 secs] [Times: user=0.01 sys=0.00, real=0.00 secs] 
24.881: [GC 24.881: [ParNew
Desired survivor size 557056 bytes, new threshold 1 (max 15)
- age   1:     938848 bytes,     938848 total
: 2304K->1088K(2304K), 0.0032963 secs] 47939K->47977K(121420K), 0.0033840 secs] [Times: user=0.01 sys=0.00, real=0.01 secs] 
24.886: [GC 24.886: [ParNew
Desired survivor size 557056 bytes, new threshold 1 (max 15)
- age   1:     893448 bytes,     893448 total
: 2304K->1088K(2304K), 0.0030171 secs] 49193K->49120K(121420K), 0.0030840 secs] [Times: user=0.01 sys=0.00, real=0.00 secs] 
24.891: [GC 24.891: [ParNew
Desired survivor size 557056 bytes, new threshold 1 (max 15)
- age   1:    1040144 bytes,    1040144 total
: 2304K->1088K(2304K), 0.0030159 secs] 50336K->50059K(121420K), 0.0030854 secs] [Times: user=0.01 sys=0.00, real=0.01 secs] 
24.897: [GC 24.897: [ParNew
Desired survivor size 557056 bytes, new threshold 1 (max 15)
- age   1:     922872 bytes,     922872 total
: 2304K->1088K(2304K), 0.0032373 secs] 51275K->51290K(121420K), 0.0033046 secs] [Times: user=0.01 sys=0.01, real=0.00 secs] 
24.902: [GC 24.902: [ParNew
Desired survivor size 557056 bytes, new threshold 1 (max 15)
- age   1:    1063928 bytes,    1063928 total
: 2304K->1088K(2304K), 0.0030377 secs] 52506K->52267K(121420K), 0.0030987 secs] [Times: user=0.01 sys=0.00, real=0.01 secs] 
24.907: [GC 24.907: [ParNew
Desired survivor size 557056 bytes, new threshold 1 (max 15)
- age   1:     856064 bytes,     856064 total
: 2304K->1088K(2304K), 0.0037994 secs] 53483K->53586K(121420K), 0.0038745 secs] [Times: user=0.01 sys=0.00, real=0.00 secs] 
24.913: [GC 24.913: [ParNew
Desired survivor size 557056 bytes, new threshold 1 (max 15)
- age   1:    1106088 bytes,    1106088 total
: 2304K->1088K(2304K), 0.0028238 secs] 54802K->54470K(121420K), 0.0028889 secs] [Times: user=0.01 sys=0.00, real=0.01 secs] 
24.926: [GC 24.926: [ParNew
Desired survivor size 557056 bytes, new threshold 1 (max 15)
- age   1:     916576 bytes,     916576 total
: 2294K->1088K(2304K), 0.0042018 secs] 55677K->55657K(121420K), 0.0042849 secs] [Times: user=0.01 sys=0.00, real=0.00 secs] 
24.932: [GC 24.932: [ParNew
Desired survivor size 557056 bytes, new threshold 15 (max 15)
- age   1:     140184 bytes,     140184 total
: 2304K->832K(2304K), 0.0019468 secs] 56873K->56206K(121420K), 0.0019993 secs] [Times: user=0.00 sys=0.00, real=0.01 secs] 
24.936: [GC 24.936: [ParNew
Desired survivor size 557056 bytes, new threshold 15 (max 15)
- age   1:        128 bytes,        128 total
- age   2:     140056 bytes,     140184 total
: 2048K->310K(2304K), 0.0008960 secs] 57422K->55683K(121420K), 0.0009330 secs] [Times: user=0.01 sys=0.00, real=0.00 secs] 
24.940: [GC 24.940: [ParNew
Desired survivor size 557056 bytes, new threshold 15 (max 15)
- age   1:       1272 bytes,       1272 total
- age   3:     140056 bytes,     141328 total
: 1526K->179K(2304K), 0.0015026 secs] 56899K->55553K(121420K), 0.0015773 secs] [Times: user=0.00 sys=0.00, real=0.00 secs] 
24.944: [GC 24.944: [ParNew
Desired survivor size 557056 bytes, new threshold 15 (max 15)
- age   1:        128 bytes,        128 total
- age   2:       1144 bytes,       1272 total
- age   4:     140056 bytes,     141328 total
: 1395K->147K(2304K), 0.0010746 secs] 56769K->55520K(121420K), 0.0011230 secs] [Times: user=0.00 sys=0.00, real=0.01 secs] 
24.947: [GC 24.947: [ParNew
Desired survivor size 557056 bytes, new threshold 15 (max 15)
- age   1:         32 bytes,         32 total
- age   3:       1144 bytes,       1176 total
- age   5:     140056 bytes,     141232 total
: 1363K->144K(2304K), 0.0008574 secs] 56736K->55517K(121420K), 0.0008955 secs] [Times: user=0.00 sys=0.00, real=0.00 secs] 
24.950: [GC 24.950: [ParNew
Desired survivor size 557056 bytes, new threshold 15 (max 15)
- age   1:         32 bytes,         32 total
- age   4:       1144 bytes,       1176 total
- age   6:     140056 bytes,     141232 total
: 1360K->144K(2304K), 0.0008008 secs] 56733K->55517K(121420K), 0.0008383 secs] [Times: user=0.00 sys=0.00, real=0.00 secs] 
24.953: [GC 24.953: [ParNew
Desired survivor size 557056 bytes, new threshold 15 (max 15)
- age   1:        120 bytes,        120 total
- age   5:       1144 bytes,       1264 total
- age   7:     140056 bytes,     141320 total
: 1360K->144K(2304K), 0.0007571 secs] 56733K->55517K(121420K), 0.0007937 secs] [Times: user=0.01 sys=0.00, real=0.00 secs] 
24.956: [GC 24.956: [ParNew
Desired survivor size 557056 bytes, new threshold 15 (max 15)
- age   1:       1264 bytes,       1264 total
- age   8:     140056 bytes,     141320 total
: 1360K->140K(2304K), 0.0010680 secs] 56733K->55513K(121420K), 0.0011163 secs] [Times: user=0.00 sys=0.00, real=0.00 secs] 
24.959: [GC 24.959: [ParNew
Desired survivor size 557056 bytes, new threshold 15 (max 15)
- age   1:         32 bytes,         32 total
- age   2:       1144 bytes,       1176 total
- age   9:     140056 bytes,     141232 total
: 1356K->140K(2304K), 0.0012788 secs] 56729K->55513K(121420K), 0.0013234 secs] [Times: user=0.00 sys=0.00, real=0.00 secs] 
24.963: [GC 24.963: [ParNew
Desired survivor size 557056 bytes, new threshold 15 (max 15)
- age   1:        128 bytes,        128 total
- age   3:       1144 bytes,       1272 total
- age  10:     140056 bytes,     141328 total
: 1356K->142K(2304K), 0.0008536 secs] 56729K->55515K(121420K), 0.0009042 secs] [Times: user=0.00 sys=0.00, real=0.00 secs] 
24.966: [GC 24.966: [ParNew
Desired survivor size 557056 bytes, new threshold 15 (max 15)
- age   1:         40 bytes,         40 total
- age   4:       1144 bytes,       1184 total
- age  11:     140056 bytes,     141240 total
: 1358K->144K(2304K), 0.0008434 secs] 56731K->55517K(121420K), 0.0008757 secs] [Times: user=0.00 sys=0.00, real=0.00 secs] 
24.968: [GC 24.968: [ParNew
Desired survivor size 557056 bytes, new threshold 15 (max 15)
- age   1:        128 bytes,        128 total
- age   5:       1144 bytes,       1272 total
- age  12:     140056 bytes,     141328 total
: 1360K->144K(2304K), 0.0008069 secs] 56733K->55517K(121420K), 0.0008371 secs] [Times: user=0.01 sys=0.00, real=0.00 secs] 
24.971: [GC 24.971: [ParNew
Desired survivor size 557056 bytes, new threshold 15 (max 15)
- age   1:         32 bytes,         32 total
- age   6:       1144 bytes,       1176 total
- age  13:     140056 bytes,     141232 total
: 1360K->142K(2304K), 0.0007668 secs] 56733K->55515K(121420K), 0.0008271 secs] [Times: user=0.00 sys=0.01, real=0.00 secs] 
24.974: [GC 24.974: [ParNew
Desired survivor size 557056 bytes, new threshold 15 (max 15)
- age   1:        136 bytes,        136 total
- age   7:       1144 bytes,       1280 total
- age  14:     140056 bytes,     141336 total
: 1358K->144K(2304K), 0.0008169 secs] 56731K->55517K(121420K), 0.0008516 secs] [Times: user=0.00 sys=0.00, real=0.01 secs] 
24.977: [GC 24.977: [ParNew
Desired survivor size 557056 bytes, new threshold 15 (max 15)
- age   1:         32 bytes,         32 total
- age   8:       1144 bytes,       1176 total
- age  15:     140056 bytes,     141232 total
: 1360K->144K(2304K), 0.0008289 secs] 56733K->55517K(121420K), 0.0008713 secs] [Times: user=0.01 sys=0.00, real=0.00 secs] 
24.980: [GC 24.980: [ParNew
Desired survivor size 557056 bytes, new threshold 15 (max 15)
- age   1:        128 bytes,        128 total
- age   9:       1144 bytes,       1272 total
: 1360K->6K(2304K), 0.0007780 secs] 56733K->55516K(121420K), 0.0008150 secs] [Times: user=0.00 sys=0.00, real=0.00 secs] 
24.982: [GC 24.982: [ParNew
Desired survivor size 557056 bytes, new threshold 15 (max 15)
- age   1:         40 bytes,         40 total
- age  10:       1144 bytes,       1184 total
: 1222K->6K(2304K), 0.0006464 secs] 56732K->55516K(121420K), 0.0006799 secs] [Times: user=0.00 sys=0.00, real=0.00 secs] 
24.985: [GC 24.985: [ParNew
Desired survivor size 557056 bytes, new threshold 15 (max 15)
- age   1:        128 bytes,        128 total
- age  11:       1144 bytes,       1272 total
: 1222K->6K(2304K), 0.0011819 secs] 56732K->55516K(121420K), 0.0012604 secs] [Times: user=0.01 sys=0.00, real=0.00 secs] 
24.988: [GC 24.988: [ParNew
Desired survivor size 557056 bytes, new threshold 15 (max 15)
- age   1:         40 bytes,         40 total
- age  12:       1144 bytes,       1184 total
: 1222K->6K(2304K), 0.0008761 secs] 56732K->55516K(121420K), 0.0009161 secs] [Times: user=0.00 sys=0.00, real=0.00 secs] 
24.991: [GC 24.991: [ParNew
Desired survivor size 557056 bytes, new threshold 15 (max 15)
- age   1:        128 bytes,        128 total
- age  13:       1144 bytes,       1272 total
: 1222K->6K(2304K), 0.0006575 secs] 56732K->55516K(121420K), 0.0006916 secs] [Times: user=0.00 sys=0.00, real=0.00 secs] 
24.993: [GC 24.994: [ParNew
Desired survivor size 557056 bytes, new threshold 15 (max 15)
- age   1:         32 bytes,         32 total
- age  14:       1144 bytes,       1176 total
: 1222K->6K(2304K), 0.0005679 secs] 56732K->55516K(121420K), 0.0006009 secs] [Times: user=0.01 sys=0.00, real=0.01 secs] 
24.996: [GC 24.996: [ParNew
Desired survivor size 557056 bytes, new threshold 15 (max 15)
- age   1:        128 bytes,        128 total
- age  15:       1144 bytes,       1272 total
: 1222K->6K(2304K), 0.0006463 secs] 56732K->55516K(121420K), 0.0006795 secs] [Times: user=0.00 sys=0.00, real=0.00 secs] 
24.998: [GC 24.999: [ParNew
Desired survivor size 557056 bytes, new threshold 15 (max 15)
- age   1:         40 bytes,         40 total
: 1222K->2K(2304K), 0.0007239 secs] 56732K->55513K(121420K), 0.0007658 secs] [Times: user=0.00 sys=0.00, real=0.00 secs] 
25.046: [GC 25.046: [ParNew
Desired survivor size 557056 bytes, new threshold 15 (max 15)
- age   1:     293336 bytes,     293336 total
: 1218K->295K(2304K), 0.0015237 secs] 56729K->55807K(121420K), 0.0015780 secs] [Times: user=0.00 sys=0.00, real=0.00 secs] 
25.053: [GC 25.053: [ParNew
Desired survivor size 557056 bytes, new threshold 1 (max 15)
- age   1:     805792 bytes,     805792 total
- age   2:     291096 bytes,    1096888 total
: 1511K->1088K(2304K), 0.0036377 secs] 57023K->57021K(121420K), 0.0037192 secs] [Times: user=0.00 sys=0.00, real=0.01 secs] 
25.060: [GC 25.060: [ParNew
Desired survivor size 557056 bytes, new threshold 1 (max 15)
- age   1:     998848 bytes,     998848 total
: 2304K->1088K(2304K), 0.0033244 secs] 58237K->58326K(121420K), 0.0033905 secs] [Times: user=0.01 sys=0.00, real=0.00 secs] 
25.068: [GC 25.068: [ParNew
Desired survivor size 557056 bytes, new threshold 1 (max 15)
- age   1:     936616 bytes,     936616 total
: 2304K->1088K(2304K), 0.0031154 secs] 59542K->59590K(121420K), 0.0031919 secs] [Times: user=0.01 sys=0.00, real=0.00 secs] 
25.075: [GC 25.075: [ParNew
Desired survivor size 557056 bytes, new threshold 1 (max 15)
- age   1:     983880 bytes,     983880 total
: 2304K->1088K(2304K), 0.0028757 secs] 60806K->60752K(121420K), 0.0029438 secs] [Times: user=0.01 sys=0.00, real=0.00 secs] 
25.082: [GC 25.082: [ParNew
Desired survivor size 557056 bytes, new threshold 1 (max 15)
- age   1:     894792 bytes,     894792 total
: 2304K->1088K(2304K), 0.0031599 secs] 61968K->62029K(121420K), 0.0032269 secs] [Times: user=0.01 sys=0.01, real=0.01 secs] 
25.089: [GC 25.089: [ParNew
Desired survivor size 557056 bytes, new threshold 1 (max 15)
- age   1:     981768 bytes,     981768 total
: 2303K->1088K(2304K), 0.0033047 secs] 63244K->63122K(121420K), 0.0033746 secs] [Times: user=0.01 sys=0.00, real=0.00 secs] 
25.095: [GC 25.095: [ParNew
Desired survivor size 557056 bytes, new threshold 1 (max 15)
- age   1:     986768 bytes,     986768 total
: 2304K->1088K(2304K), 0.0032042 secs] 64338K->64322K(121420K), 0.0032640 secs] [Times: user=0.01 sys=0.00, real=0.00 secs] 
25.101: [GC 25.101: [ParNew
Desired survivor size 557056 bytes, new threshold 1 (max 15)
- age   1:     964280 bytes,     964280 total
: 2304K->1088K(2304K), 0.0029685 secs] 65538K->65555K(121420K), 0.0030336 secs] [Times: user=0.01 sys=0.00, real=0.01 secs] 
25.107: [GC 25.107: [ParNew
Desired survivor size 557056 bytes, new threshold 1 (max 15)
- age   1:    1027752 bytes,    1027752 total
: 2304K->1088K(2304K), 0.0029251 secs] 66771K->66700K(121420K), 0.0029904 secs] [Times: user=0.00 sys=0.00, real=0.00 secs] 
25.111: [GC [1 CMS-initial-mark: 65612K(119116K)] 66725K(121420K), 0.0009146 secs] [Times: user=0.00 sys=0.00, real=0.00 secs] 
25.112: [CMS-concurrent-mark-start]
25.115: [GC 25.115: [ParNew
Desired survivor size 557056 bytes, new threshold 1 (max 15)
- age   1:     899048 bytes,     899048 total
: 2303K->1088K(2304K), 0.0031751 secs] 67916K->68035K(121420K), 0.0032410 secs] [Times: user=0.01 sys=0.00, real=0.00 secs] 
25.120: [GC 25.120: [ParNew
Desired survivor size 557056 bytes, new threshold 1 (max 15)
- age   1:    1043456 bytes,    1043456 total
: 2304K->1088K(2304K), 0.0035614 secs] 69251K->69105K(121420K), 0.0036330 secs] [Times: user=0.01 sys=0.00, real=0.01 secs] 
25.127: [GC 25.127: [ParNew
Desired survivor size 557056 bytes, new threshold 1 (max 15)
- age   1:    1079560 bytes,    1079560 total
: 2304K->1088K(2304K), 0.0030970 secs] 70321K->70292K(121420K), 0.0031660 secs] [Times: user=0.01 sys=0.00, real=0.00 secs] 
25.133: [GC 25.133: [ParNew
Desired survivor size 557056 bytes, new threshold 1 (max 15)
- age   1:    1113912 bytes,    1113912 total
: 2304K->1088K(2304K), 0.0031470 secs] 71508K->71454K(121420K), 0.0032161 secs] [Times: user=0.01 sys=0.00, real=0.01 secs] 
25.139: [GC 25.139: [ParNew
Desired survivor size 557056 bytes, new threshold 1 (max 15)
- age   1:     983456 bytes,     983456 total
: 2304K->1088K(2304K), 0.0039576 secs] 72670K->72791K(121420K), 0.0040352 secs] [Times: user=0.02 sys=0.00, real=0.00 secs] 
25.144: [GC 25.144: [ParNew
Desired survivor size 557056 bytes, new threshold 1 (max 15)
- age   1:     784672 bytes,     784672 total
: 2304K->1088K(2304K), 0.0033820 secs] 74007K->74178K(121420K), 0.0034495 secs] [Times: user=0.01 sys=0.00, real=0.00 secs] 
25.149: [GC 25.149: [ParNew
Desired survivor size 557056 bytes, new threshold 1 (max 15)
- age   1:    1078344 bytes,    1078344 total
: 2304K->1088K(2304K), 0.0029383 secs] 75394K->75053K(121420K), 0.0030000 secs] [Times: user=0.01 sys=0.00, real=0.00 secs] 
25.153: [GC 25.153: [ParNew
Desired survivor size 557056 bytes, new threshold 1 (max 15)
- age   1:    1042072 bytes,    1042072 total
: 2304K->1088K(2304K), 0.0044573 secs] 76269K->76277K(121420K), 0.0045292 secs] [Times: user=0.02 sys=0.00, real=0.01 secs] 
25.158: [GC 25.158: [ParNew
Desired survivor size 557056 bytes, new threshold 1 (max 15)
- age   1:     917544 bytes,     917544 total
: 2304K->1088K(2304K), 0.0033723 secs] 77493K->77542K(121420K), 0.0034541 secs] [Times: user=0.01 sys=0.00, real=0.00 secs] 
25.163: [GC 25.164: [ParNew
Desired survivor size 557056 bytes, new threshold 1 (max 15)
- age   1:    1102952 bytes,    1102952 total
: 2304K->1088K(2304K), 0.0031447 secs] 78758K->78468K(121420K), 0.0032038 secs] [Times: user=0.01 sys=0.00, real=0.01 secs] 
25.170: [GC 25.170: [ParNew
Desired survivor size 557056 bytes, new threshold 1 (max 15)
- age   1:    1015360 bytes,    1015360 total
: 2304K->1088K(2304K), 0.0041880 secs] 79684K->79646K(121420K), 0.0042682 secs] [Times: user=0.01 sys=0.00, real=0.01 secs] 
25.176: [GC 25.176: [ParNew
Desired survivor size 557056 bytes, new threshold 1 (max 15)
- age   1:    1073024 bytes,    1073024 total
: 2304K->1088K(2304K), 0.0033024 secs] 80862K->80686K(121420K), 0.0033683 secs] [Times: user=0.01 sys=0.00, real=0.00 secs] 
25.181: [GC 25.181: [ParNew
Desired survivor size 557056 bytes, new threshold 1 (max 15)
- age   1:    1059536 bytes,    1059536 total
: 2304K->1088K(2304K), 0.0032838 secs] 81902K->81810K(121420K), 0.0033506 secs] [Times: user=0.01 sys=0.00, real=0.01 secs] 
25.187: [GC 25.187: [ParNew
Desired survivor size 557056 bytes, new threshold 1 (max 15)
- age   1:     823552 bytes,     823552 total
: 2304K->1088K(2304K), 0.0036771 secs] 83026K->83158K(121420K), 0.0037518 secs] [Times: user=0.01 sys=0.00, real=0.00 secs] 
25.193: [GC 25.193: [ParNew
Desired survivor size 557056 bytes, new threshold 1 (max 15)
- age   1:     982512 bytes,     982512 total
: 2304K->1088K(2304K), 0.0041560 secs] 84374K->84090K(121420K), 0.0042405 secs] [Times: user=0.01 sys=0.00, real=0.01 secs] 
25.205: [GC 25.205: [ParNew
Desired survivor size 557056 bytes, new threshold 1 (max 15)
- age   1:    1077680 bytes,    1077680 total
: 2304K->1088K(2304K), 0.0034801 secs] 85306K->85082K(121420K), 0.0035573 secs] [Times: user=0.01 sys=0.00, real=0.00 secs] 
25.212: [GC 25.212: [ParNew
Desired survivor size 557056 bytes, new threshold 1 (max 15)
- age   1:     940432 bytes,     940432 total
: 2304K->1088K(2304K), 0.0035329 secs] 86298K->86259K(121420K), 0.0036011 secs] [Times: user=0.01 sys=0.00, real=0.01 secs] 
25.217: [GC 25.217: [ParNew
Desired survivor size 557056 bytes, new threshold 1 (max 15)
- age   1:     783120 bytes,     783120 total
: 2304K->1088K(2304K), 0.0030429 secs] 87475K->87178K(121420K), 0.0031287 secs] [Times: user=0.00 sys=0.00, real=0.00 secs] 
25.221: [GC 25.221: [ParNew
Desired survivor size 557056 bytes, new threshold 1 (max 15)
- age   1:     593240 bytes,     593240 total
: 2304K->1009K(2304K), 0.0023303 secs] 88394K->87864K(121420K), 0.0023916 secs] [Times: user=0.01 sys=0.00, real=0.00 secs] 
25.225: [GC 25.226: [ParNew
Desired survivor size 557056 bytes, new threshold 1 (max 15)
- age   1:     642024 bytes,     642024 total
: 2225K->838K(2304K), 0.0022920 secs] 89080K->88272K(121420K), 0.0023638 secs] [Times: user=0.01 sys=0.00, real=0.00 secs] 
25.229: [GC 25.229: [ParNew
Desired survivor size 557056 bytes, new threshold 1 (max 15)
- age   1:     692504 bytes,     692504 total
: 2054K->878K(2304K), 0.0022360 secs] 89488K->88939K(121420K), 0.0022941 secs] [Times: user=0.01 sys=0.00, real=0.00 secs] 
25.233: [GC 25.233: [ParNew
Desired survivor size 557056 bytes, new threshold 1 (max 15)
- age   1:     704864 bytes,     704864 total
: 2094K->929K(2304K), 0.0020884 secs] 90155K->89666K(121420K), 0.0021453 secs] [Times: user=0.00 sys=0.00, real=0.01 secs] 
25.238: [GC 25.238: [ParNew
Desired survivor size 557056 bytes, new threshold 1 (max 15)
- age   1:     684256 bytes,     684256 total
: 2145K->1088K(2304K), 0.0029079 secs] 90882K->90513K(121420K), 0.0029795 secs] [Times: user=0.01 sys=0.00, real=0.00 secs] 
25.244: [GC 25.244: [ParNew
Desired survivor size 557056 bytes, new threshold 15 (max 15)
- age   1:     443416 bytes,     443416 total
: 2304K->847K(2304K), 0.0023319 secs] 91729K->90935K(121420K), 0.0024553 secs] [Times: user=0.01 sys=0.00, real=0.00 secs] 
25.250: [GC 25.250: [ParNew
Desired survivor size 557056 bytes, new threshold 2 (max 15)
- age   1:     289232 bytes,     289232 total
- age   2:     424912 bytes,     714144 total
: 2063K->830K(2304K), 0.0014859 secs] 92151K->90918K(121420K), 0.0015382 secs] [Times: user=0.00 sys=0.00, real=0.00 secs] 
25.254: [GC 25.254: [ParNew
Desired survivor size 557056 bytes, new threshold 2 (max 15)
- age   1:     460264 bytes,     460264 total
- age   2:     272040 bytes,     732304 total
: 2046K->1061K(2304K), 0.0024001 secs] 92134K->91563K(121420K), 0.0024710 secs] [Times: user=0.01 sys=0.00, real=0.00 secs] 
25.259: [CMS-concurrent-mark: 0.054/0.147 secs] [Times: user=0.40 sys=0.02, real=0.15 secs] 
25.259: [GC 25.259: [ParNew
Desired survivor size 557056 bytes, new threshold 2 (max 15)
- age   1:     476024 bytes,     476024 total
- age   2:     410536 bytes,     886560 total
: 2277K->1088K(2304K), 0.0020558 secs] 92779K->91846K(121420K), 0.0021321 secs] [Times: user=0.01 sys=0.00, real=0.00 secs] 
25.261: [CMS-concurrent-preclean-start]
25.265: [GC 25.265: [ParNew
Desired survivor size 557056 bytes, new threshold 1 (max 15)
- age   1:     662496 bytes,     662496 total
- age   2:     450416 bytes,    1112912 total
: 2304K->1088K(2304K), 0.0028473 secs] 93062K->92446K(121420K), 0.0029152 secs] [Times: user=0.01 sys=0.00, real=0.00 secs] 
25.272: [GC 25.272: [ParNew
Desired survivor size 557056 bytes, new threshold 15 (max 15)
- age   1:     411808 bytes,     411808 total
: 2304K->1088K(2304K), 0.0045137 secs] 93662K->93472K(121420K), 0.0045871 secs] [Times: user=0.01 sys=0.00, real=0.01 secs] 
25.278: [GC 25.278: [ParNew
Desired survivor size 557056 bytes, new threshold 2 (max 15)
- age   1:     514840 bytes,     514840 total
- age   2:     411664 bytes,     926504 total
: 2304K->996K(2304K), 0.0014183 secs] 94688K->93381K(121420K), 0.0014684 secs] [Times: user=0.00 sys=0.00, real=0.00 secs] 
25.281: [GC 25.281: [ParNew
Desired survivor size 557056 bytes, new threshold 2 (max 15)
- age   1:     542056 bytes,     542056 total
- age   2:     482808 bytes,    1024864 total
: 2212K->1088K(2304K), 0.0024058 secs] 94597K->93948K(121420K), 0.0024623 secs] [Times: user=0.00 sys=0.00, real=0.00 secs] 
25.287: [GC 25.287: [ParNew
Desired survivor size 557056 bytes, new threshold 1 (max 15)
- age   1:     890616 bytes,     890616 total
- age   2:     221856 bytes,    1112472 total
: 2304K->1088K(2304K), 0.0049912 secs] 95164K->95030K(121420K), 0.0050572 secs] [Times: user=0.02 sys=0.00, real=0.00 secs] 
25.294: [GC 25.294: [ParNew
Desired survivor size 557056 bytes, new threshold 1 (max 15)
- age   1:     605056 bytes,     605056 total
: 2304K->1088K(2304K), 0.0030439 secs] 96246K->96116K(121420K), 0.0031101 secs] [Times: user=0.01 sys=0.00, real=0.00 secs] 
25.300: [GC 25.300: [ParNew
Desired survivor size 557056 bytes, new threshold 1 (max 15)
- age   1:    1012200 bytes,    1012200 total
: 2304K->1088K(2304K), 0.0026530 secs] 97332K->96852K(121420K), 0.0027192 secs] [Times: user=0.01 sys=0.00, real=0.00 secs] 
25.305: [GC 25.305: [ParNew
Desired survivor size 557056 bytes, new threshold 1 (max 15)
- age   1:     931856 bytes,     931856 total
: 2304K->1088K(2304K), 0.0048301 secs] 98068K->98137K(121420K), 0.0048967 secs] [Times: user=0.01 sys=0.00, real=0.00 secs] 
25.312: [GC 25.312: [ParNew
Desired survivor size 557056 bytes, new threshold 15 (max 15)
- age   1:     343352 bytes,     343352 total
: 2304K->897K(2304K), 0.0026204 secs] 99353K->98856K(121420K), 0.0026868 secs] [Times: user=0.01 sys=0.00, real=0.01 secs] 
25.317: [GC 25.317: [ParNew
Desired survivor size 557056 bytes, new threshold 1 (max 15)
- age   1:     603896 bytes,     603896 total
- age   2:     343224 bytes,     947120 total
: 2113K->1078K(2304K), 0.0015897 secs] 100072K->99037K(121420K), 0.0016553 secs] [Times: user=0.00 sys=0.00, real=0.00 secs] 
25.320: [GC 25.320: [ParNew
Desired survivor size 557056 bytes, new threshold 1 (max 15)
- age   1:     928016 bytes,     928016 total
: 2294K->1088K(2304K), 0.0051327 secs] 100253K->100245K(121420K), 0.0052417 secs] [Times: user=0.02 sys=0.01, real=0.01 secs] 
25.327: [GC 25.327: [ParNew
Desired survivor size 557056 bytes, new threshold 1 (max 15)
- age   1:     827888 bytes,     827888 total
: 2304K->1088K(2304K), 0.0035618 secs] 101461K->101282K(121420K), 0.0036310 secs] [Times: user=0.01 sys=0.00, real=0.00 secs] 
25.332: [GC 25.332: [ParNew
Desired survivor size 557056 bytes, new threshold 1 (max 15)
- age   1:     998224 bytes,     998224 total
: 2304K->1088K(2304K), 0.0033749 secs] 102498K->102252K(121420K), 0.0034378 secs] [Times: user=0.01 sys=0.00, real=0.01 secs] 
25.337: [GC 25.337: [ParNew
Desired survivor size 557056 bytes, new threshold 1 (max 15)
- age   1:     713608 bytes,     713608 total
: 2304K->1088K(2304K), 0.0030177 secs] 103468K->103227K(121420K), 0.0030813 secs] [Times: user=0.01 sys=0.00, real=0.00 secs] 
25.341: [GC 25.341: [ParNew
Desired survivor size 557056 bytes, new threshold 1 (max 15)
- age   1:     718672 bytes,     718672 total
: 2304K->1088K(2304K), 0.0026559 secs] 104443K->103924K(121420K), 0.0027189 secs] [Times: user=0.01 sys=0.00, real=0.01 secs] 
25.346: [GC 25.346: [ParNew
Desired survivor size 557056 bytes, new threshold 1 (max 15)
- age   1:     620408 bytes,     620408 total
: 2304K->1073K(2304K), 0.0024250 secs] 105140K->104611K(121420K), 0.0024835 secs] [Times: user=0.01 sys=0.00, real=0.00 secs] 
25.350: [GC 25.350: [ParNew
Desired survivor size 557056 bytes, new threshold 15 (max 15)
- age   1:     386344 bytes,     386344 total
: 2289K->609K(2304K), 0.0023737 secs] 105827K->104752K(121420K), 0.0024311 secs] [Times: user=0.01 sys=0.00, real=0.00 secs] 
25.355: [GC 25.355: [ParNew
Desired survivor size 557056 bytes, new threshold 1 (max 15)
- age   1:     726576 bytes,     726576 total
- age   2:     386264 bytes,    1112840 total
: 1825K->1088K(2304K), 0.0026607 secs] 105968K->105718K(121420K), 0.0027226 secs] [Times: user=0.00 sys=0.00, real=0.00 secs] 
25.360: [GC 25.360: [ParNew
Desired survivor size 557056 bytes, new threshold 1 (max 15)
- age   1:     642768 bytes,     642768 total
: 2304K->1088K(2304K), 0.0030466 secs] 106934K->106804K(121420K), 0.0031110 secs] [Times: user=0.01 sys=0.00, real=0.00 secs] 
25.364: [GC 25.364: [ParNew
Desired survivor size 557056 bytes, new threshold 15 (max 15)
- age   1:     380800 bytes,     380800 total
: 2304K->694K(2304K), 0.0023973 secs] 108020K->107039K(121420K), 0.0024584 secs] [Times: user=0.01 sys=0.00, real=0.00 secs] 
25.368: [GC 25.368: [ParNew
Desired survivor size 557056 bytes, new threshold 1 (max 15)
- age   1:     734688 bytes,     734688 total
- age   2:     370968 bytes,    1105656 total
: 1910K->1088K(2304K), 0.0020483 secs] 108255K->107496K(121420K), 0.0021063 secs] [Times: user=0.01 sys=0.00, real=0.00 secs] 
25.371: [GC 25.371: [ParNew
Desired survivor size 557056 bytes, new threshold 1 (max 15)
- age   1:     813360 bytes,     813360 total
: 2304K->1088K(2304K), 0.0043553 secs] 108712K->108618K(121420K), 0.0044307 secs] [Times: user=0.01 sys=0.00, real=0.01 secs] 
25.377: [GC 25.377: [ParNew
Desired survivor size 557056 bytes, new threshold 1 (max 15)
- age   1:     995544 bytes,     995544 total
: 2304K->1088K(2304K), 0.0032625 secs] 109834K->109561K(121420K), 0.0033296 secs] [Times: user=0.01 sys=0.00, real=0.00 secs] 
25.383: [GC 25.383: [ParNew
Desired survivor size 557056 bytes, new threshold 15 (max 15)
- age   1:     210504 bytes,     210504 total
: 2304K->932K(2304K), 0.0029395 secs] 110777K->110378K(121420K), 0.0030053 secs] [Times: user=0.01 sys=0.01, real=0.01 secs] 
25.389: [GC 25.389: [ParNew
Desired survivor size 557056 bytes, new threshold 1 (max 15)
- age   1:     907328 bytes,     907328 total
- age   2:     205008 bytes,    1112336 total
: 2148K->1088K(2304K), 0.0027567 secs] 111594K->110766K(121420K), 0.0028313 secs] [Times: user=0.00 sys=0.00, real=0.00 secs] 
25.394: [GC 25.394: [ParNew
Desired survivor size 557056 bytes, new threshold 15 (max 15)
- age   1:     451576 bytes,     451576 total
: 2303K->1059K(2304K), 0.0030545 secs] 111982K->111806K(121420K), 0.0031749 secs] [Times: user=0.01 sys=0.00, real=0.01 secs] 
25.399: [GC 25.399: [ParNew
Desired survivor size 557056 bytes, new threshold 2 (max 15)
- age   1:     541392 bytes,     541392 total
- age   2:     450912 bytes,     992304 total
: 2275K->1088K(2304K), 0.0016143 secs] 113022K->111840K(121420K), 0.0016647 secs] [Times: user=0.00 sys=0.00, real=0.00 secs] 
25.403: [GC 25.403: [ParNew
Desired survivor size 557056 bytes, new threshold 1 (max 15)
- age   1:     588368 bytes,     588368 total
- age   2:     525488 bytes,    1113856 total
: 2304K->1088K(2304K), 0.0045871 secs] 113056K->112461K(121420K), 0.0046646 secs] [Times: user=0.01 sys=0.00, real=0.01 secs] 
25.409: [GC 25.409: [ParNew
Desired survivor size 557056 bytes, new threshold 1 (max 15)
- age   1:     870712 bytes,     870712 total
: 2304K->1088K(2304K), 0.0037504 secs] 113677K->113548K(121420K), 0.0038226 secs] [Times: user=0.01 sys=0.00, real=0.00 secs] 
25.414: [GC 25.414: [ParNew
Desired survivor size 557056 bytes, new threshold 1 (max 15)
- age   1:     619936 bytes,     619936 total
: 2304K->1088K(2304K), 0.0028678 secs] 114764K->114399K(121420K), 0.0029299 secs] [Times: user=0.01 sys=0.00, real=0.00 secs] 
25.419: [GC 25.419: [ParNew
Desired survivor size 557056 bytes, new threshold 1 (max 15)
- age   1:     690200 bytes,     690200 total
: 2304K->787K(2304K), 0.0025871 secs] 115615K->114704K(121420K), 0.0026477 secs] [Times: user=0.01 sys=0.00, real=0.00 secs] 
25.424: [GC 25.424: [ParNew
Desired survivor size 557056 bytes, new threshold 1 (max 15)
- age   1:    1013968 bytes,    1013968 total
: 2003K->1088K(2304K), 0.0043534 secs] 115920K->115834K(121420K), 0.0044311 secs] [Times: user=0.01 sys=0.01, real=0.00 secs] 
25.431: [GC 25.431: [ParNew
Desired survivor size 557056 bytes, new threshold 1 (max 15)
- age   1:     638416 bytes,     638416 total
: 2304K->1088K(2304K), 0.0038217 secs] 117050K->116808K(121420K), 0.0039055 secs] [Times: user=0.01 sys=0.00, real=0.01 secs] 
25.437: [GC 25.437: [ParNew
Desired survivor size 557056 bytes, new threshold 15 (max 15)
- age   1:     173352 bytes,     173352 total
: 2304K->518K(2304K), 0.0020652 secs] 118024K->116844K(121420K), 0.0021225 secs] [Times: user=0.01 sys=0.00, real=0.00 secs] 
25.440: [GC 25.441: [ParNew
Desired survivor size 557056 bytes, new threshold 15 (max 15)
- age   1:     355776 bytes,     355776 total
- age   2:     173152 bytes,     528928 total
: 1734K->618K(2304K), 0.0016293 secs] 118060K->116944K(121420K), 0.0016849 secs] [Times: user=0.00 sys=0.00, real=0.00 secs] 
25.446: [GC 25.446: [ParNew
Desired survivor size 557056 bytes, new threshold 2 (max 15)
- age   1:     344680 bytes,     344680 total
- age   2:     355584 bytes,     700264 total
- age   3:     145592 bytes,     845856 total
: 1834K->1022K(2304K), 0.0017866 secs] 118160K->117348K(121420K), 0.0018600 secs] [Times: user=0.00 sys=0.00, real=0.00 secs] 
25.449: [GC 25.449: [ParNew
Desired survivor size 557056 bytes, new threshold 1 (max 15)
- age   1:     668120 bytes,     668120 total
- age   2:     320640 bytes,     988760 total
: 2238K->1088K(2304K), 0.0026182 secs] 118564K->117936K(121420K), 0.0026855 secs] [Times: user=0.01 sys=0.00, real=0.00 secs] 
25.453: [GC 25.453: [ParNew
Desired survivor size 557056 bytes, new threshold 15 (max 15)
- age   1:        224 bytes,        224 total
: 2304K->893K(2304K), 0.0024154 secs] 119152K->118707K(121420K), 0.0024669 secs] [Times: user=0.01 sys=0.00, real=0.01 secs] 
25.457: [GC 25.457: [ParNew
Desired survivor size 557056 bytes, new threshold 15 (max 15)
- age   1:     322032 bytes,     322032 total
- age   2:         64 bytes,     322096 total
: 2109K->447K(2304K), 0.0011235 secs] 119923K->118260K(121420K), 0.0011618 secs] [Times: user=0.01 sys=0.00, real=0.00 secs] 
25.460: [GC 25.460: [ParNew
Desired survivor size 557056 bytes, new threshold 15 (max 15)
- age   1:        208 bytes,        208 total
- age   2:     321904 bytes,     322112 total
: 1663K->510K(2304K), 0.0014336 secs] 119476K->118324K(121420K), 0.0014817 secs] [Times: user=0.01 sys=0.00, real=0.00 secs] 
25.463: [GC 25.463: [ParNew
Desired survivor size 557056 bytes, new threshold 3 (max 15)
- age   1:     320720 bytes,     320720 total
- age   2:         80 bytes,     320800 total
- age   3:     321776 bytes,     642576 total
: 1726K->849K(2304K), 0.0014113 secs] 119540K->118662K(121420K), 0.0014528 secs] [Times: user=0.00 sys=0.00, real=0.01 secs] 
25.465: [GC 25.465: [ParNew
Desired survivor size 557056 bytes, new threshold 2 (max 15)
- age   1:     387632 bytes,     387632 total
- age   2:     320536 bytes,     708168 total
: 2065K->958K(2304K), 0.0019850 secs] 119878K->119086K(121420K), 0.0020329 secs] [Times: user=0.00 sys=0.01, real=0.00 secs] 
25.469: [GC 25.469: [ParNew
Desired survivor size 557056 bytes, new threshold 15 (max 15)
- age   1:        272 bytes,        272 total
- age   2:     387432 bytes,     387704 total
: 2174K->819K(2304K), 0.0016760 secs] 120302K->119260K(121420K), 0.0017180 secs] [Times: user=0.00 sys=0.00, real=0.00 secs] 
25.471: [GC 25.471: [ParNew
Desired survivor size 557056 bytes, new threshold 3 (max 15)
- age   1:     359496 bytes,     359496 total
- age   2:         72 bytes,     359568 total
- age   3:     387368 bytes,     746936 total
: 2035K->841K(2304K), 0.0014069 secs] 120476K->119281K(121420K), 0.0014458 secs] [Times: user=0.00 sys=0.00, real=0.00 secs] 
25.474: [GC 25.475: [ParNew
Desired survivor size 557056 bytes, new threshold 15 (max 15)
- age   1:     186488 bytes,     186488 total
- age   2:     359272 bytes,     545760 total
: 2057K->935K(2304K), 0.0028136 secs] 120497K->119754K(121804K), 0.0028832 secs] [Times: user=0.00 sys=0.00, real=0.00 secs] 
25.479: [GC 25.479: [ParNew
Desired survivor size 557056 bytes, new threshold 3 (max 15)
- age   1:      30392 bytes,      30392 total
- age   2:     185432 bytes,     215824 total
- age   3:     359272 bytes,     575096 total
: 2151K->711K(2304K), 0.0013896 secs] 120970K->119530K(121804K), 0.0014512 secs] [Times: user=0.00 sys=0.00, real=0.00 secs] 
25.482: [GC 25.482: [ParNew
Desired survivor size 557056 bytes, new threshold 15 (max 15)
- age   1:      72400 bytes,      72400 total
- age   2:      26552 bytes,      98952 total
- age   3:     185432 bytes,     284384 total
: 1927K->637K(2304K), 0.0018226 secs] 120746K->119807K(122188K), 0.0018732 secs] [Times: user=0.00 sys=0.00, real=0.01 secs] 
25.486: [GC 25.486: [ParNew
Desired survivor size 557056 bytes, new threshold 15 (max 15)
- age   1:      66792 bytes,      66792 total
- age   2:      60016 bytes,     126808 total
- age   3:      26424 bytes,     153232 total
- age   4:     185432 bytes,     338664 total
: 1853K->463K(2304K), 0.0011873 secs] 121023K->119633K(122188K), 0.0012266 secs] [Times: user=0.00 sys=0.00, real=0.00 secs] 
25.489: [GC 25.489: [ParNew
Desired survivor size 557056 bytes, new threshold 15 (max 15)
- age   1:      79528 bytes,      79528 total
- age   2:      48384 bytes,     127912 total
- age   3:      59976 bytes,     187888 total
- age   4:      26424 bytes,     214312 total
- age   5:     185432 bytes,     399744 total
: 1679K->535K(2304K), 0.0012165 secs] 120849K->119705K(122188K), 0.0012573 secs] [Times: user=0.00 sys=0.00, real=0.00 secs] 
25.491: [GC 25.491: [ParNew
Desired survivor size 557056 bytes, new threshold 15 (max 15)
- age   1:        240 bytes,        240 total
- age   2:      79328 bytes,      79568 total
- age   3:      48312 bytes,     127880 total
- age   4:      59976 bytes,     187856 total
- age   5:      26424 bytes,     214280 total
- age   6:     185432 bytes,     399712 total
: 1751K->461K(2304K), 0.0011293 secs] 120921K->119631K(122188K), 0.0011648 secs] [Times: user=0.01 sys=0.00, real=0.00 secs] 
25.493: [CMS-concurrent-preclean: 0.078/0.232 secs] [Times: user=0.65 sys=0.06, real=0.23 secs] 
25.494: [GC[YG occupancy: 1677 K (2304 K)]25.494: [Rescan (parallel) , 0.0009989 secs]25.495: [weak refs processing, 0.0000128 secs] [1 CMS-remark: 119169K(119884K)] 120847K(122188K), 0.0010928 secs] [Times: user=0.01 sys=0.00, real=0.01 secs] 
25.495: [CMS-concurrent-sweep-start]
25.495: [GC 25.495: [ParNew
Desired survivor size 557056 bytes, new threshold 15 (max 15)
- age   1:      35840 bytes,      35840 total
- age   3:      79328 bytes,     115168 total
- age   4:      48312 bytes,     163480 total
- age   5:      59976 bytes,     223456 total
- age   6:      26424 bytes,     249880 total
- age   7:     185432 bytes,     435312 total
: 1677K->674K(2304K), 0.0014384 secs] 120847K->119843K(122188K), 0.0014782 secs] [Times: user=0.00 sys=0.00, real=0.00 secs] 
25.498: [GC 25.498: [ParNew
Desired survivor size 557056 bytes, new threshold 15 (max 15)
- age   1:      66600 bytes,      66600 total
- age   2:      35640 bytes,     102240 total
- age   4:      51768 bytes,     154008 total
- age   5:      48312 bytes,     202320 total
- age   6:      59976 bytes,     262296 total
- age   7:      26424 bytes,     288720 total
- age   8:     185432 bytes,     474152 total
: 1890K->518K(2304K), 0.0012522 secs] 120996K->119625K(122188K), 0.0012953 secs] [Times: user=0.01 sys=0.00, real=0.00 secs] 
25.501: [GC 25.502: [ParNew
Desired survivor size 557056 bytes, new threshold 15 (max 15)
- age   1:      75272 bytes,      75272 total
- age   2:      66528 bytes,     141800 total
- age   3:      35568 bytes,     177368 total
- age   5:      51768 bytes,     229136 total
- age   6:      48312 bytes,     277448 total
- age   7:      59976 bytes,     337424 total
- age   8:      26424 bytes,     363848 total
- age   9:     185432 bytes,     549280 total
: 1734K->676K(2304K), 0.0014776 secs] 119497K->118439K(122188K), 0.0015357 secs] [Times: user=0.01 sys=0.00, real=0.00 secs] 
25.506: [GC 25.506: [ParNew
Desired survivor size 557056 bytes, new threshold 10 (max 15)
- age   1:     111368 bytes,     111368 total
- age   2:      75104 bytes,     186472 total
- age   3:      66528 bytes,     253000 total
- age   4:      35568 bytes,     288568 total
- age   6:      51768 bytes,     340336 total
- age   7:      48312 bytes,     388648 total
- age   8:      59976 bytes,     448624 total
- age   9:      26424 bytes,     475048 total
- age  10:     185432 bytes,     660480 total
: 1892K->901K(2304K), 0.0018055 secs] 118033K->117042K(122188K), 0.0018722 secs] [Times: user=0.00 sys=0.00, real=0.00 secs] 
25.509: [GC 25.509: [ParNew
Desired survivor size 557056 bytes, new threshold 7 (max 15)
- age   1:     263624 bytes,     263624 total
- age   2:     111296 bytes,     374920 total
- age   3:      75104 bytes,     450024 total
- age   4:      66464 bytes,     516488 total
- age   5:      35568 bytes,     552056 total
- age   7:      51768 bytes,     603824 total
- age   8:      48312 bytes,     652136 total
- age   9:      59976 bytes,     712112 total
- age  10:      26424 bytes,     738536 total
: 2117K->1071K(2304K), 0.0016276 secs] 117254K->116390K(122188K), 0.0016756 secs] [Times: user=0.01 sys=0.01, real=0.00 secs] 
25.513: [GC 25.513: [ParNew
Desired survivor size 557056 bytes, new threshold 2 (max 15)
- age   1:     349216 bytes,     349216 total
- age   2:     263552 bytes,     612768 total
- age   3:     111296 bytes,     724064 total
- age   4:      74984 bytes,     799048 total
- age   5:      66464 bytes,     865512 total
- age   6:      35568 bytes,     901080 total
: 2287K->1088K(2304K), 0.0018142 secs] 116690K->115672K(122188K), 0.0018646 secs] [Times: user=0.00 sys=0.00, real=0.01 secs] 
25.517: [GC 25.517: [ParNew
Desired survivor size 557056 bytes, new threshold 15 (max 15)
- age   1:     188096 bytes,     188096 total
- age   2:     349144 bytes,     537240 total
: 2304K->1041K(2304K), 0.0019121 secs] 115881K->115158K(122188K), 0.0019636 secs] [Times: user=0.00 sys=0.00, real=0.00 secs] 
25.520: [GC 25.520: [ParNew
Desired survivor size 557056 bytes, new threshold 15 (max 15)
- age   1:        240 bytes,        240 total
- age   2:     187896 bytes,     188136 total
- age   3:     349104 bytes,     537240 total
: 2257K->607K(2304K), 0.0013079 secs] 115530K->113880K(122188K), 0.0013564 secs] [Times: user=0.00 sys=0.00, real=0.00 secs] 
25.524: [GC 25.524: [ParNew
Desired survivor size 557056 bytes, new threshold 4 (max 15)
- age   1:     251384 bytes,     251384 total
- age   2:        104 bytes,     251488 total
- age   3:     187856 bytes,     439344 total
- age   4:     349104 bytes,     788448 total
: 1823K->989K(2304K), 0.0017523 secs] 113886K->113052K(122188K), 0.0018390 secs] [Times: user=0.01 sys=0.00, real=0.01 secs] 
25.528: [GC 25.528: [ParNew
Desired survivor size 557056 bytes, new threshold 2 (max 15)
- age   1:     324984 bytes,     324984 total
- age   2:     251184 bytes,     576168 total
- age   4:     187856 bytes,     764024 total
: 2205K->1051K(2304K), 0.0018821 secs] 113800K->112987K(122188K), 0.0019347 secs] [Times: user=0.01 sys=0.00, real=0.00 secs] 
25.531: [GC 25.531: [ParNew
Desired survivor size 557056 bytes, new threshold 2 (max 15)
- age   1:     249296 bytes,     249296 total
- age   2:     324664 bytes,     573960 total
: 2267K->918K(2304K), 0.0017729 secs] 113263K->112342K(122188K), 0.0018299 secs] [Times: user=0.01 sys=0.00, real=0.00 secs] 
25.534: [GC 25.534: [ParNew
Desired survivor size 557056 bytes, new threshold 15 (max 15)
- age   1:        200 bytes,        200 total
- age   2:     249216 bytes,     249416 total
: 2134K->755K(2304K), 0.0014410 secs] 112647K->111584K(122188K), 0.0014848 secs] [Times: user=0.01 sys=0.00, real=0.00 secs] 
25.537: [GC 25.537: [ParNew
Desired survivor size 557056 bytes, new threshold 15 (max 15)
- age   1:     266008 bytes,     266008 total
- age   2:        160 bytes,     266168 total
- age   3:     249088 bytes,     515256 total
: 1971K->582K(2304K), 0.0011831 secs] 111865K->110477K(122188K), 0.0012241 secs] [Times: user=0.01 sys=0.00, real=0.00 secs] 
25.540: [GC 25.540: [ParNew
Desired survivor size 557056 bytes, new threshold 15 (max 15)
- age   1:        112 bytes,        112 total
- age   2:     265936 bytes,     266048 total
- age   3:        128 bytes,     266176 total
- age   4:     249088 bytes,     515264 total
: 1798K->753K(2304K), 0.0015490 secs] 110646K->109601K(122188K), 0.0015989 secs] [Times: user=0.00 sys=0.00, real=0.00 secs] 
25.543: [GC 25.543: [ParNew
Desired survivor size 557056 bytes, new threshold 15 (max 15)
- age   1:        272 bytes,        272 total
- age   3:     265936 bytes,     266208 total
- age   5:     249088 bytes,     515296 total
: 1969K->727K(2304K), 0.0011531 secs] 109969K->108727K(122188K), 0.0011931 secs] [Times: user=0.00 sys=0.00, real=0.01 secs] 
25.546: [GC 25.546: [ParNew
Desired survivor size 557056 bytes, new threshold 6 (max 15)
- age   1:     250632 bytes,     250632 total
- age   2:        144 bytes,     250776 total
- age   4:     265904 bytes,     516680 total
- age   6:     249088 bytes,     765768 total
: 1943K->1088K(2304K), 0.0014087 secs] 108955K->108100K(122188K), 0.0014653 secs] [Times: user=0.00 sys=0.00, real=0.00 secs] 
25.549: [GC 25.549: [ParNew
Desired survivor size 557056 bytes, new threshold 5 (max 15)
- age   1:     293344 bytes,     293344 total
- age   2:     250600 bytes,     543944 total
- age   5:     265904 bytes,     809848 total
: 2304K->1088K(2304K), 0.0016507 secs] 108309K->107337K(122188K), 0.0016992 secs] [Times: user=0.00 sys=0.00, real=0.00 secs] 
25.552: [GC 25.552: [ParNew
Desired survivor size 557056 bytes, new threshold 15 (max 15)
- age   1:        224 bytes,        224 total
- age   2:     293152 bytes,     293376 total
- age   3:     250528 bytes,     543904 total
: 2304K->1088K(2304K), 0.0364328 secs] 107984K->107027K(122188K), 0.0365109 secs] [Times: user=0.01 sys=0.00, real=0.04 secs] 
25.590: [GC 25.590: [ParNew
Desired survivor size 557056 bytes, new threshold 4 (max 15)
- age   1:     242208 bytes,     242208 total
- age   2:        152 bytes,     242360 total
- age   3:     293024 bytes,     535384 total
- age   4:     250528 bytes,     785912 total
: 2304K->975K(2304K), 0.0015844 secs] 107172K->105844K(122188K), 0.0016293 secs] [Times: user=0.01 sys=0.00, real=0.00 secs] 
25.593: [GC 25.593: [ParNew
Desired survivor size 557056 bytes, new threshold 15 (max 15)
- age   1:        320 bytes,        320 total
- age   2:     242136 bytes,     242456 total
- age   4:     293024 bytes,     535480 total
: 2191K->841K(2304K), 0.0019019 secs] 106328K->105222K(122188K), 0.0019980 secs] [Times: user=0.01 sys=0.00, real=0.01 secs] 
25.596: [GC 25.596: [ParNew
Desired survivor size 557056 bytes, new threshold 15 (max 15)
- age   1:        328 bytes,        328 total
- age   3:     242008 bytes,     242336 total
- age   5:     293024 bytes,     535360 total
: 2057K->700K(2304K), 0.0011626 secs] 105730K->104373K(122188K), 0.0012031 secs] [Times: user=0.00 sys=0.00, real=0.00 secs] 
25.599: [GC 25.599: [ParNew
Desired survivor size 557056 bytes, new threshold 6 (max 15)
- age   1:     233896 bytes,     233896 total
- age   2:         32 bytes,     233928 total
- age   4:     242008 bytes,     475936 total
- age   6:     293024 bytes,     768960 total
: 1916K->798K(2304K), 0.0013330 secs] 104350K->103232K(122188K), 0.0013771 secs] [Times: user=0.00 sys=0.00, real=0.00 secs] 
25.602: [GC 25.602: [ParNew
Desired survivor size 557056 bytes, new threshold 5 (max 15)
- age   1:     233304 bytes,     233304 total
- age   2:     233864 bytes,     467168 total
- age   5:     242008 bytes,     709176 total
: 2014K->1044K(2304K), 0.0016185 secs] 103473K->102789K(122188K), 0.0016631 secs] [Times: user=0.00 sys=0.00, real=0.00 secs] 
25.604: [GC 25.604: [ParNew
Desired survivor size 557056 bytes, new threshold 15 (max 15)
- age   1:        232 bytes,        232 total
- age   2:     233176 bytes,     233408 total
- age   3:     233608 bytes,     467016 total
: 2260K->866K(2304K), 0.0016660 secs] 103147K->101990K(122188K), 0.0017206 secs] [Times: user=0.00 sys=0.00, real=0.00 secs] 
25.608: [GC 25.608: [ParNew
Desired survivor size 557056 bytes, new threshold 4 (max 15)
- age   1:     278752 bytes,     278752 total
- age   2:        200 bytes,     278952 total
- age   3:     233048 bytes,     512000 total
- age   4:     233608 bytes,     745608 total
: 2082K->947K(2304K), 0.0018888 secs] 101831K->100695K(122188K), 0.0019568 secs] [Times: user=0.00 sys=0.00, real=0.00 secs] 
25.614: [GC 25.614: [ParNew
Desired survivor size 557056 bytes, new threshold 15 (max 15)
- age   1:        352 bytes,        352 total
- age   2:     278672 bytes,     279024 total
- age   4:     233048 bytes,     512072 total
: 2163K->790K(2304K), 0.0023776 secs] 101509K->100364K(122188K), 0.0024449 secs] [Times: user=0.01 sys=0.00, real=0.00 secs] 
25.619: [GC 25.619: [ParNew
Desired survivor size 557056 bytes, new threshold 5 (max 15)
- age   1:      56304 bytes,      56304 total
- age   2:        184 bytes,      56488 total
- age   3:     278672 bytes,     335160 total
- age   5:     233048 bytes,     568208 total
: 2006K->799K(2304K), 0.0013437 secs] 100667K->99461K(122188K), 0.0014048 secs] [Times: user=0.01 sys=0.00, real=0.00 secs] 
25.622: [GC 25.622: [ParNew
Desired survivor size 557056 bytes, new threshold 4 (max 15)
- age   1:     268976 bytes,     268976 total
- age   2:      56136 bytes,     325112 total
- age   3:        184 bytes,     325296 total
- age   4:     278672 bytes,     603968 total
: 2015K->824K(2304K), 0.0016222 secs] 99385K->98421K(122188K), 0.0016687 secs] [Times: user=0.01 sys=0.00, real=0.01 secs] 
25.627: [GC 25.627: [ParNew
Desired survivor size 557056 bytes, new threshold 3 (max 15)
- age   1:     258760 bytes,     258760 total
- age   2:     295880 bytes,     554640 total
- age   3:      60296 bytes,     614936 total
- age   4:        184 bytes,     615120 total
: 2040K->869K(2304K), 0.0023042 secs] 98291K->97393K(122188K), 0.0023620 secs] [Times: user=0.01 sys=0.00, real=0.00 secs] 
25.631: [GC 25.631: [ParNew
Desired survivor size 557056 bytes, new threshold 3 (max 15)
- age   1:      77496 bytes,      77496 total
- age   2:     252232 bytes,     329728 total
- age   3:     270856 bytes,     600584 total
: 2085K->852K(2304K), 0.0019090 secs] 98408K->97230K(122188K), 0.0019682 secs] [Times: user=0.01 sys=0.00, real=0.00 secs] 
25.635: [GC 25.635: [ParNew
Desired survivor size 557056 bytes, new threshold 15 (max 15)
- age   1:       4784 bytes,       4784 total
- age   2:      77384 bytes,      82168 total
- age   3:     252232 bytes,     334400 total
: 2068K->725K(2304K), 0.0021976 secs] 98446K->97366K(122188K), 0.0022825 secs] [Times: user=0.00 sys=0.00, real=0.00 secs] 
25.639: [GC 25.639: [ParNew
Desired survivor size 557056 bytes, new threshold 4 (max 15)
- age   1:     408760 bytes,     408760 total
- age   2:       4712 bytes,     413472 total
- age   3:      77384 bytes,     490856 total
- age   4:     252232 bytes,     743088 total
: 1941K->869K(2304K), 0.0016784 secs] 97079K->96007K(122188K), 0.0017288 secs] [Times: user=0.00 sys=0.00, real=0.00 secs] 
25.643: [GC 25.643: [ParNew
Desired survivor size 557056 bytes, new threshold 2 (max 15)
- age   1:     389240 bytes,     389240 total
- age   2:     408632 bytes,     797872 total
- age   3:       4712 bytes,     802584 total
- age   4:      77384 bytes,     879968 total
: 2085K->1069K(2304K), 0.0023369 secs] 95982K->95212K(122188K), 0.0024037 secs] [Times: user=0.00 sys=0.00, real=0.01 secs] 
25.648: [GC 25.648: [ParNew
Desired survivor size 557056 bytes, new threshold 2 (max 15)
- age   1:     529624 bytes,     529624 total
- age   2:     389112 bytes,     918736 total
: 2285K->1088K(2304K), 0.0021300 secs] 94613K->93895K(122188K), 0.0021919 secs] [Times: user=0.01 sys=0.00, real=0.00 secs] 
25.652: [GC 25.652: [ParNew
Desired survivor size 557056 bytes, new threshold 2 (max 15)
- age   1:     232000 bytes,     232000 total
- age   2:     520648 bytes,     752648 total
: 2304K->1088K(2304K), 0.0018008 secs] 94217K->93390K(122188K), 0.0018519 secs] [Times: user=0.01 sys=0.00, real=0.00 secs] 
25.655: [GC 25.655: [ParNew
Desired survivor size 557056 bytes, new threshold 15 (max 15)
- age   1:     268040 bytes,     268040 total
- age   2:     231744 bytes,     499784 total
: 2304K->961K(2304K), 0.0017580 secs] 93097K->92263K(122188K), 0.0018069 secs] [Times: user=0.01 sys=0.00, real=0.00 secs] 
25.658: [GC 25.658: [ParNew
Desired survivor size 557056 bytes, new threshold 3 (max 15)
- age   1:     251944 bytes,     251944 total
- age   2:     267784 bytes,     519728 total
- age   3:     231744 bytes,     751472 total
: 2177K->844K(2304K), 0.0013633 secs] 93344K->92011K(122188K), 0.0014062 secs] [Times: user=0.01 sys=0.00, real=0.00 secs] 
25.661: [GC 25.661: [ParNew
Desired survivor size 557056 bytes, new threshold 3 (max 15)
- age   1:     233552 bytes,     233552 total
- age   2:     251680 bytes,     485232 total
- age   3:     267784 bytes,     753016 total
: 2060K->1088K(2304K), 0.0019095 secs] 93227K->92481K(122188K), 0.0019682 secs] [Times: user=0.01 sys=0.00, real=0.00 secs] 
25.666: [GC 25.666: [ParNew
Desired survivor size 557056 bytes, new threshold 3 (max 15)
- age   1:     263400 bytes,     263400 total
- age   2:     233352 bytes,     496752 total
- age   3:     251680 bytes,     748432 total
: 2304K->1068K(2304K), 0.0026788 secs] 93697K->92723K(122188K), 0.0027710 secs] [Times: user=0.01 sys=0.00, real=0.00 secs] 
25.671: [GC 25.671: [ParNew
Desired survivor size 557056 bytes, new threshold 2 (max 15)
- age   1:     395688 bytes,     395688 total
- age   2:     261000 bytes,     656688 total
- age   3:     233288 bytes,     889976 total
: 2284K->1088K(2304K), 0.0034095 secs] 93369K->92464K(122188K), 0.0034801 secs] [Times: user=0.01 sys=0.00, real=0.01 secs] 
25.679: [GC 25.679: [ParNew
Desired survivor size 557056 bytes, new threshold 1 (max 15)
- age   1:     892648 bytes,     892648 total
- age   2:     219624 bytes,    1112272 total
: 2301K->1088K(2304K), 0.0040866 secs] 90054K->89828K(122188K), 0.0041704 secs] [Times: user=0.01 sys=0.00, real=0.00 secs] 
25.686: [GC 25.687: [ParNew
Desired survivor size 557056 bytes, new threshold 1 (max 15)
- age   1:     859216 bytes,     859216 total
: 2304K->1088K(2304K), 0.0031449 secs] 88572K->88755K(122188K), 0.0032116 secs] [Times: user=0.01 sys=0.00, real=0.00 secs] 
25.692: [GC 25.692: [ParNew
Desired survivor size 557056 bytes, new threshold 1 (max 15)
- age   1:    1065544 bytes,    1065544 total
: 2304K->1088K(2304K), 0.0026943 secs] 88437K->88226K(122188K), 0.0027626 secs] [Times: user=0.01 sys=0.00, real=0.01 secs] 
25.699: [GC 25.699: [ParNew
Desired survivor size 557056 bytes, new threshold 1 (max 15)
- age   1:    1072144 bytes,    1072144 total
: 2304K->1088K(2304K), 0.0041569 secs] 86514K->86501K(122188K), 0.0042408 secs] [Times: user=0.01 sys=0.00, real=0.00 secs] 
25.706: [GC 25.706: [ParNew
Desired survivor size 557056 bytes, new threshold 1 (max 15)
- age   1:     900128 bytes,     900128 total
: 2304K->1088K(2304K), 0.0039755 secs] 85862K->86024K(122188K), 0.0040424 secs] [Times: user=0.01 sys=0.01, real=0.00 secs] 
25.713: [GC 25.713: [ParNew
Desired survivor size 557056 bytes, new threshold 1 (max 15)
- age   1:    1078984 bytes,    1078984 total
: 2304K->1088K(2304K), 0.0035439 secs] 85637K->85457K(122188K), 0.0036115 secs] [Times: user=0.01 sys=0.00, real=0.01 secs] 
25.719: [GC 25.719: [ParNew
Desired survivor size 557056 bytes, new threshold 1 (max 15)
- age   1:    1072168 bytes,    1072168 total
: 2304K->1088K(2304K), 0.0032363 secs] 85316K->85320K(122188K), 0.0033087 secs] [Times: user=0.01 sys=0.00, real=0.00 secs] 
25.724: [GC 25.725: [ParNew
Desired survivor size 557056 bytes, new threshold 1 (max 15)
- age   1:    1007432 bytes,    1007432 total
: 2304K->1088K(2304K), 0.0031841 secs] 85015K->85068K(122188K), 0.0032575 secs] [Times: user=0.01 sys=0.00, real=0.00 secs] 
25.729: [GC 25.729: [ParNew
Desired survivor size 557056 bytes, new threshold 1 (max 15)
- age   1:     913288 bytes,     913288 total
: 2304K->1088K(2304K), 0.0047368 secs] 86188K->86266K(122188K), 0.0048131 secs] [Times: user=0.01 sys=0.00, real=0.00 secs] 
25.735: [GC 25.735: [ParNew
Desired survivor size 557056 bytes, new threshold 1 (max 15)
- age   1:     918872 bytes,     918872 total
: 2304K->1088K(2304K), 0.0047153 secs] 87179K->87149K(122188K), 0.0047929 secs] [Times: user=0.02 sys=0.00, real=0.00 secs] 
25.742: [GC 25.742: [ParNew
Desired survivor size 557056 bytes, new threshold 1 (max 15)
- age   1:    1055600 bytes,    1055600 total
: 2304K->1088K(2304K), 0.0034253 secs] 87812K->87592K(122188K), 0.0034967 secs] [Times: user=0.01 sys=0.00, real=0.01 secs] 
25.746: [CMS-concurrent-sweep: 0.088/0.251 secs] [Times: user=0.55 sys=0.04, real=0.25 secs] 
25.746: [CMS-concurrent-reset-start]
25.748: [GC 25.748: [ParNew
Desired survivor size 557056 bytes, new threshold 1 (max 15)
- age   1:    1051568 bytes,    1051568 total
: 2304K->1088K(2304K), 0.0031779 secs] 88329K->88273K(145680K), 0.0032497 secs] [Times: user=0.01 sys=0.00, real=0.00 secs] 
25.753: [GC 25.753: [ParNew
Desired survivor size 557056 bytes, new threshold 1 (max 15)
- age   1:    1086032 bytes,    1086032 total
: 2304K->1088K(2304K), 0.0031982 secs] 89489K->89371K(145680K), 0.0032737 secs] [Times: user=0.01 sys=0.00, real=0.01 secs] 
25.757: [CMS-concurrent-reset: 0.004/0.011 secs] [Times: user=0.04 sys=0.00, real=0.01 secs] 
25.759: [GC 25.759: [ParNew
Desired survivor size 557056 bytes, new threshold 1 (max 15)
- age   1:    1047120 bytes,    1047120 total
: 2304K->1088K(2304K), 0.0043640 secs] 90587K->90557K(145680K), 0.0044348 secs] [Times: user=0.01 sys=0.00, real=0.00 secs] 
25.764: [GC [1 CMS-initial-mark: 89469K(143376K)] 90564K(145680K), 0.0010942 secs] [Times: user=0.00 sys=0.00, real=0.00 secs] 
25.766: [CMS-concurrent-mark-start]
25.767: [GC 25.767: [ParNew
Desired survivor size 557056 bytes, new threshold 1 (max 15)
- age   1:    1020200 bytes,    1020200 total
: 2304K->1088K(2304K), 0.0033928 secs] 91773K->91740K(145680K), 0.0034619 secs] [Times: user=0.01 sys=0.00, real=0.00 secs] 
25.773: [GC 25.773: [ParNew
Desired survivor size 557056 bytes, new threshold 1 (max 15)
- age   1:    1093832 bytes,    1093832 total
: 2304K->1088K(2304K), 0.0042091 secs] 92956K->92819K(145680K), 0.0043032 secs] [Times: user=0.01 sys=0.00, real=0.01 secs] 
25.779: [GC 25.780: [ParNew
Desired survivor size 557056 bytes, new threshold 1 (max 15)
- age   1:    1058088 bytes,    1058088 total
: 2303K->1088K(2304K), 0.0036162 secs] 94035K->93994K(145680K), 0.0036870 secs] [Times: user=0.01 sys=0.01, real=0.00 secs] 
25.785: [GC 25.785: [ParNew
Desired survivor size 557056 bytes, new threshold 1 (max 15)
- age   1:    1041784 bytes,    1041784 total
: 2304K->1088K(2304K), 0.0034677 secs] 95210K->95145K(145680K), 0.0035449 secs] [Times: user=0.02 sys=0.00, real=0.00 secs] 
25.790: [GC 25.790: [ParNew
Desired survivor size 557056 bytes, new threshold 1 (max 15)
- age   1:    1064512 bytes,    1064512 total
: 2304K->1088K(2304K), 0.0035120 secs] 96361K->96271K(145680K), 0.0035871 secs] [Times: user=0.01 sys=0.00, real=0.00 secs] 
25.796: [GC 25.796: [ParNew
Desired survivor size 557056 bytes, new threshold 1 (max 15)
- age   1:     922536 bytes,     922536 total
: 2304K->1088K(2304K), 0.0042440 secs] 97487K->97564K(145680K), 0.0043130 secs] [Times: user=0.01 sys=0.00, real=0.00 secs] 
25.802: [GC 25.802: [ParNew
Desired survivor size 557056 bytes, new threshold 1 (max 15)
- age   1:    1079848 bytes,    1079848 total
: 2304K->1088K(2304K), 0.0032349 secs] 98780K->98561K(145680K), 0.0033050 secs] [Times: user=0.01 sys=0.00, real=0.01 secs] 
25.810: [GC 25.810: [ParNew
Desired survivor size 557056 bytes, new threshold 1 (max 15)
- age   1:     999568 bytes,     999568 total
: 2303K->1088K(2304K), 0.0041424 secs] 99776K->99772K(145680K), 0.0042135 secs] [Times: user=0.01 sys=0.00, real=0.01 secs] 
25.820: [GC 25.820: [ParNew
Desired survivor size 557056 bytes, new threshold 1 (max 15)
- age   1:    1090384 bytes,    1090384 total
: 2304K->1088K(2304K), 0.0035110 secs] 100988K->100865K(145680K), 0.0036023 secs] [Times: user=0.01 sys=0.00, real=0.01 secs] 
25.828: [GC 25.828: [ParNew
Desired survivor size 557056 bytes, new threshold 1 (max 15)
- age   1:     937960 bytes,     937960 total
: 2304K->1088K(2304K), 0.0040548 secs] 102081K->102184K(145680K), 0.0041258 secs] [Times: user=0.02 sys=0.00, real=0.00 secs] 
25.834: [GC 25.835: [ParNew
Desired survivor size 557056 bytes, new threshold 1 (max 15)
- age   1:    1062808 bytes,    1062808 total
: 2304K->1088K(2304K), 0.0038682 secs] 103400K->103272K(145680K), 0.0039561 secs] [Times: user=0.01 sys=0.00, real=0.00 secs] 
25.841: [GC 25.841: [ParNew
Desired survivor size 557056 bytes, new threshold 1 (max 15)
- age   1:     908648 bytes,     908648 total
: 2304K->1088K(2304K), 0.0038678 secs] 104488K->104605K(145680K), 0.0039627 secs] [Times: user=0.02 sys=0.00, real=0.01 secs] 
25.848: [GC 25.848: [ParNew
Desired survivor size 557056 bytes, new threshold 1 (max 15)
- age   1:    1060216 bytes,    1060216 total
: 2304K->1088K(2304K), 0.0032150 secs] 105821K->105567K(145680K), 0.0032934 secs] [Times: user=0.02 sys=0.00, real=0.00 secs] 
25.854: [GC 25.854: [ParNew
Desired survivor size 557056 bytes, new threshold 1 (max 15)
- age   1:     774120 bytes,     774120 total
: 2304K->1088K(2304K), 0.0037537 secs] 106783K->106950K(145680K), 0.0038342 secs] [Times: user=0.02 sys=0.00, real=0.01 secs] 
25.860: [GC 25.860: [ParNew
Desired survivor size 557056 bytes, new threshold 1 (max 15)
- age   1:     973736 bytes,     973736 total
: 2304K->1088K(2304K), 0.0029773 secs] 108166K->107720K(145680K), 0.0030603 secs] [Times: user=0.01 sys=0.00, real=0.00 secs] 
25.865: [GC 25.865: [ParNew
Desired survivor size 557056 bytes, new threshold 15 (max 15)
- age   1:     556024 bytes,     556024 total
: 2304K->1088K(2304K), 0.0028879 secs] 108936K->108670K(145680K), 0.0029542 secs] [Times: user=0.00 sys=0.00, real=0.00 secs] 
25.869: [GC 25.869: [ParNew
Desired survivor size 557056 bytes, new threshold 1 (max 15)
- age   1:     691792 bytes,     691792 total
- age   2:     421872 bytes,    1113664 total
: 2304K->1088K(2304K), 0.0019862 secs] 109886K->108823K(145680K), 0.0020400 secs] [Times: user=0.00 sys=0.00, real=0.00 secs] 
25.873: [GC 25.873: [ParNew
Desired survivor size 557056 bytes, new threshold 1 (max 15)
- age   1:     617912 bytes,     617912 total
: 2304K->1079K(2304K), 0.0029438 secs] 110039K->109902K(145680K), 0.0030119 secs] [Times: user=0.01 sys=0.00, real=0.01 secs] 
25.877: [GC 25.877: [ParNew
Desired survivor size 557056 bytes, new threshold 1 (max 15)
- age   1:     664440 bytes,     664440 total
: 2295K->773K(2304K), 0.0023744 secs] 111118K->110200K(145680K), 0.0024682 secs] [Times: user=0.01 sys=0.00, real=0.00 secs] 
25.882: [GC 25.882: [ParNew
Desired survivor size 557056 bytes, new threshold 15 (max 15)
- age   1:     483936 bytes,     483936 total
: 1989K->746K(2304K), 0.0023952 secs] 111416K->110822K(145680K), 0.0024577 secs] [Times: user=0.01 sys=0.00, real=0.01 secs] 
25.886: [GC 25.886: [ParNew
Desired survivor size 557056 bytes, new threshold 2 (max 15)
- age   1:     520888 bytes,     520888 total
- age   2:     482560 bytes,    1003448 total
: 1962K->1088K(2304K), 0.0017245 secs] 112038K->111175K(145680K), 0.0017785 secs] [Times: user=0.00 sys=0.00, real=0.00 secs] 
25.889: [GC 25.889: [ParNew
Desired survivor size 557056 bytes, new threshold 2 (max 15)
- age   1:     492648 bytes,     492648 total
- age   2:     520752 bytes,    1013400 total
: 2304K->1088K(2304K), 0.0025349 secs] 112391K->111671K(145680K), 0.0025959 secs] [Times: user=0.01 sys=0.00, real=0.00 secs] 
25.893: [GC 25.893: [ParNew
Desired survivor size 557056 bytes, new threshold 1 (max 15)
- age   1:     739400 bytes,     739400 total
- age   2:     329112 bytes,    1068512 total
: 2304K->1088K(2304K), 0.0027059 secs] 112887K->112339K(145680K), 0.0027657 secs] [Times: user=0.01 sys=0.00, real=0.01 secs] 
25.897: [GC 25.897: [ParNew
Desired survivor size 557056 bytes, new threshold 1 (max 15)
- age   1:     580344 bytes,     580344 total
: 2304K->1021K(2304K), 0.0034449 secs] 113555K->113317K(145680K), 0.0035217 secs] [Times: user=0.01 sys=0.00, real=0.00 secs] 
25.907: [GC 25.907: [ParNew
Desired survivor size 557056 bytes, new threshold 15 (max 15)
- age   1:     349352 bytes,     349352 total
: 2237K->485K(2304K), 0.0021087 secs] 114533K->113347K(145680K), 0.0021777 secs] [Times: user=0.00 sys=0.00, real=0.00 secs] 
25.913: [GC 25.913: [ParNew
Desired survivor size 557056 bytes, new threshold 15 (max 15)
- age   1:     190792 bytes,     190792 total
- age   2:     330936 bytes,     521728 total
: 1701K->759K(2304K), 0.0020614 secs] 114563K->113621K(145680K), 0.0021437 secs] [Times: user=0.01 sys=0.00, real=0.01 secs] 
25.919: [GC 25.919: [ParNew
Desired survivor size 557056 bytes, new threshold 3 (max 15)
- age   1:     164944 bytes,     164944 total
- age   2:     149328 bytes,     314272 total
- age   3:     330936 bytes,     645208 total
: 1975K->944K(2304K), 0.0015650 secs] 114837K->113805K(145680K), 0.0016239 secs] [Times: user=0.01 sys=0.00, real=0.00 secs] 
25.923: [GC 25.923: [ParNew
Desired survivor size 557056 bytes, new threshold 15 (max 15)
- age   1:     107888 bytes,     107888 total
- age   2:     164816 bytes,     272704 total
- age   3:     149328 bytes,     422032 total
: 2160K->598K(2304K), 0.0018516 secs] 115021K->113783K(145680K), 0.0019087 secs] [Times: user=0.00 sys=0.00, real=0.01 secs] 
25.928: [GC 25.928: [ParNew
Desired survivor size 557056 bytes, new threshold 4 (max 15)
- age   1:     210136 bytes,     210136 total
- age   2:     107856 bytes,     317992 total
- age   3:     102816 bytes,     420808 total
- age   4:     149328 bytes,     570136 total
: 1814K->887K(2304K), 0.0015176 secs] 114999K->114072K(145680K), 0.0015690 secs] [Times: user=0.00 sys=0.00, real=0.00 secs] 
25.932: [GC 25.932: [ParNew
Desired survivor size 557056 bytes, new threshold 4 (max 15)
- age   1:     156568 bytes,     156568 total
- age   2:     210064 bytes,     366632 total
- age   3:     107856 bytes,     474488 total
- age   4:     102816 bytes,     577304 total
: 2103K->639K(2304K), 0.0018403 secs] 115288K->113970K(145680K), 0.0019059 secs] [Times: user=0.01 sys=0.00, real=0.00 secs] 
25.936: [GC 25.936: [ParNew
Desired survivor size 557056 bytes, new threshold 4 (max 15)
- age   1:     218328 bytes,     218328 total
- age   2:     156528 bytes,     374856 total
- age   3:     117072 bytes,     491928 total
- age   4:     107856 bytes,     599784 total
: 1855K->982K(2304K), 0.0016005 secs] 115186K->114414K(145680K), 0.0016508 secs] [Times: user=0.01 sys=0.00, real=0.00 secs] 
25.939: [GC 25.939: [ParNew
Desired survivor size 557056 bytes, new threshold 15 (max 15)
- age   1:        256 bytes,        256 total
- age   2:     218176 bytes,     218432 total
- age   3:     156528 bytes,     374960 total
- age   4:     117072 bytes,     492032 total
: 2198K->685K(2304K), 0.0013715 secs] 115630K->114221K(145680K), 0.0014455 secs] [Times: user=0.00 sys=0.00, real=0.00 secs] 
25.941: [GC 25.941: [ParNew
Desired survivor size 557056 bytes, new threshold 15 (max 15)
- age   1:        104 bytes,        104 total
- age   3:     218176 bytes,     218280 total
- age   4:     156528 bytes,     374808 total
- age   5:     117072 bytes,     491880 total
: 1901K->708K(2304K), 0.0015012 secs] 115437K->114244K(145680K), 0.0015564 secs] [Times: user=0.00 sys=0.00, real=0.00 secs] 
25.945: [CMS-concurrent-mark: 0.070/0.179 secs] [Times: user=0.48 sys=0.03, real=0.18 secs] 
25.945: [GC 25.945: [ParNew
Desired survivor size 557056 bytes, new threshold 15 (max 15)
- age   1:        256 bytes,        256 total
- age   4:     218176 bytes,     218432 total
- age   5:     156528 bytes,     374960 total
- age   6:     117072 bytes,     492032 total
: 1924K->646K(2304K), 0.0014808 secs] 115460K->114182K(145680K), 0.0015308 secs] [Times: user=0.01 sys=0.00, real=0.00 secs] 
25.947: [CMS-concurrent-preclean-start]
25.948: [GC 25.948: [ParNew
Desired survivor size 557056 bytes, new threshold 15 (max 15)
- age   1:        112 bytes,        112 total
- age   5:     218176 bytes,     218288 total
- age   6:     156528 bytes,     374816 total
- age   7:     117072 bytes,     491888 total
: 1862K->651K(2304K), 0.0012231 secs] 115398K->114187K(145680K), 0.0012621 secs] [Times: user=0.01 sys=0.00, real=0.00 secs] 
25.951: [GC 25.951: [ParNew
Desired survivor size 557056 bytes, new threshold 15 (max 15)
- age   1:        152 bytes,        152 total
- age   6:     218176 bytes,     218328 total
- age   7:     156528 bytes,     374856 total
- age   8:     117072 bytes,     491928 total
: 1867K->652K(2304K), 0.0012404 secs] 115403K->114188K(145680K), 0.0012783 secs] [Times: user=0.00 sys=0.00, real=0.00 secs] 
25.953: [GC 25.953: [ParNew
Desired survivor size 557056 bytes, new threshold 15 (max 15)
- age   1:        200 bytes,        200 total
- age   7:     218176 bytes,     218376 total
- age   8:     156528 bytes,     374904 total
- age   9:     117072 bytes,     491976 total
: 1868K->652K(2304K), 0.0012426 secs] 115404K->114189K(145680K), 0.0012838 secs] [Times: user=0.00 sys=0.00, real=0.01 secs] 
25.956: [GC 25.956: [ParNew
Desired survivor size 557056 bytes, new threshold 15 (max 15)
- age   1:        104 bytes,        104 total
- age   8:     218176 bytes,     218280 total
- age   9:     156528 bytes,     374808 total
- age  10:     117072 bytes,     491880 total
: 1868K->652K(2304K), 0.0012109 secs] 115405K->114189K(145680K), 0.0012482 secs] [Times: user=0.01 sys=0.00, real=0.00 secs] 
25.959: [GC 25.959: [ParNew
Desired survivor size 557056 bytes, new threshold 15 (max 15)
- age   1:        168 bytes,        168 total
- age   9:     218176 bytes,     218344 total
- age  10:     156528 bytes,     374872 total
- age  11:     117072 bytes,     491944 total
: 1868K->652K(2304K), 0.0012450 secs] 115405K->114189K(145680K), 0.0012888 secs] [Times: user=0.00 sys=0.00, real=0.00 secs] 
25.962: [GC 25.962: [ParNew
Desired survivor size 557056 bytes, new threshold 15 (max 15)
- age   1:        144 bytes,        144 total
- age  10:     218176 bytes,     218320 total
- age  11:     156528 bytes,     374848 total
- age  12:     117072 bytes,     491920 total
: 1868K->652K(2304K), 0.0013076 secs] 115405K->114189K(145680K), 0.0013572 secs] [Times: user=0.00 sys=0.00, real=0.00 secs] 
25.964: [GC 25.964: [ParNew
Desired survivor size 557056 bytes, new threshold 15 (max 15)
- age   1:        200 bytes,        200 total
- age  11:     218176 bytes,     218376 total
- age  12:     156528 bytes,     374904 total
- age  13:     117072 bytes,     491976 total
: 1868K->652K(2304K), 0.0012221 secs] 115405K->114189K(145680K), 0.0012594 secs] [Times: user=0.00 sys=0.00, real=0.00 secs] 
25.967: [GC 25.967: [ParNew
Desired survivor size 557056 bytes, new threshold 15 (max 15)
- age   1:        208 bytes,        208 total
- age  12:     218176 bytes,     218384 total
- age  13:     156528 bytes,     374912 total
- age  14:     117072 bytes,     491984 total
: 1868K->652K(2304K), 0.0012260 secs] 115405K->114189K(145680K), 0.0012652 secs] [Times: user=0.01 sys=0.00, real=0.00 secs] 
25.970: [GC 25.970: [ParNew
Desired survivor size 557056 bytes, new threshold 15 (max 15)
- age   1:        256 bytes,        256 total
- age  13:     218176 bytes,     218432 total
- age  14:     156528 bytes,     374960 total
- age  15:     117072 bytes,     492032 total
: 1868K->652K(2304K), 0.0012213 secs] 115405K->114189K(145680K), 0.0012590 secs] [Times: user=0.00 sys=0.00, real=0.00 secs] 
25.973: [GC 25.973: [ParNew
Desired survivor size 557056 bytes, new threshold 15 (max 15)
- age   1:        104 bytes,        104 total
- age  14:     218176 bytes,     218280 total
- age  15:     156528 bytes,     374808 total
: 1868K->480K(2304K), 0.0013460 secs] 115405K->114131K(145680K), 0.0013946 secs] [Times: user=0.00 sys=0.00, real=0.01 secs] 
25.975: [GC 25.975: [ParNew
Desired survivor size 557056 bytes, new threshold 15 (max 15)
- age   1:        192 bytes,        192 total
- age  15:     218176 bytes,     218368 total
: 1696K->394K(2304K), 0.0012773 secs] 115347K->114198K(145680K), 0.0013221 secs] [Times: user=0.00 sys=0.00, real=0.00 secs] 
25.979: [GC 25.979: [ParNew
Desired survivor size 557056 bytes, new threshold 15 (max 15)
- age   1:        208 bytes,        208 total
: 1610K->62K(2304K), 0.0013439 secs] 115414K->114079K(145680K), 0.0013978 secs] [Times: user=0.01 sys=0.00, real=0.00 secs] 
25.982: [GC 25.982: [ParNew
Desired survivor size 557056 bytes, new threshold 15 (max 15)
- age   1:        160 bytes,        160 total
: 1278K->10K(2304K), 0.0010356 secs] 115295K->114027K(145680K), 0.0010756 secs] [Times: user=0.00 sys=0.01, real=0.00 secs] 
25.984: [GC 25.984: [ParNew
Desired survivor size 557056 bytes, new threshold 15 (max 15)
- age   1:        192 bytes,        192 total
: 1226K->8K(2304K), 0.0007895 secs] 115243K->114024K(145680K), 0.0008242 secs] [Times: user=0.00 sys=0.00, real=0.00 secs] 
25.987: [GC 25.987: [ParNew
Desired survivor size 557056 bytes, new threshold 15 (max 15)
- age   1:         72 bytes,         72 total
: 1224K->4K(2304K), 0.0007409 secs] 115240K->114020K(145680K), 0.0007737 secs] [Times: user=0.00 sys=0.00, real=0.00 secs] 
25.989: [GC 25.989: [ParNew
Desired survivor size 557056 bytes, new threshold 15 (max 15)
- age   1:        200 bytes,        200 total
: 1220K->4K(2304K), 0.0007383 secs] 115236K->114020K(145680K), 0.0007716 secs] [Times: user=0.00 sys=0.00, real=0.00 secs] 
25.991: [GC 25.991: [ParNew
Desired survivor size 557056 bytes, new threshold 15 (max 15)
- age   1:        200 bytes,        200 total
: 1220K->6K(2304K), 0.0007900 secs] 115236K->114022K(145680K), 0.0008270 secs] [Times: user=0.00 sys=0.00, real=0.00 secs] 
25.993: [GC 25.993: [ParNew
Desired survivor size 557056 bytes, new threshold 15 (max 15)
- age   1:        168 bytes,        168 total
: 1222K->4K(2304K), 0.0009933 secs] 115238K->114020K(145680K), 0.0010431 secs] [Times: user=0.00 sys=0.00, real=0.01 secs] 
25.996: [GC 25.996: [ParNew
Desired survivor size 557056 bytes, new threshold 15 (max 15)
- age   1:        112 bytes,        112 total
: 1220K->6K(2304K), 0.0008962 secs] 115236K->114022K(145680K), 0.0009325 secs] [Times: user=0.01 sys=0.00, real=0.00 secs] 
25.998: [GC 25.998: [ParNew
Desired survivor size 557056 bytes, new threshold 15 (max 15)
- age   1:        144 bytes,        144 total
: 1222K->4K(2304K), 0.0007817 secs] 115238K->114020K(145680K), 0.0008162 secs] [Times: user=0.00 sys=0.00, real=0.00 secs] 
26.000: [GC 26.000: [ParNew
Desired survivor size 557056 bytes, new threshold 15 (max 15)
- age   1:        200 bytes,        200 total
: 1220K->4K(2304K), 0.0007509 secs] 115236K->114020K(145680K), 0.0007847 secs] [Times: user=0.00 sys=0.00, real=0.00 secs] 
26.003: [GC 26.003: [ParNew
Desired survivor size 557056 bytes, new threshold 15 (max 15)
- age   1:         72 bytes,         72 total
: 1220K->4K(2304K), 0.0007709 secs] 115236K->114020K(145680K), 0.0008478 secs] [Times: user=0.00 sys=0.00, real=0.00 secs] 
26.006: [GC 26.006: [ParNew
Desired survivor size 557056 bytes, new threshold 15 (max 15)
- age   1:        216 bytes,        216 total
: 1220K->6K(2304K), 0.0010843 secs] 115236K->114022K(145680K), 0.0011276 secs] [Times: user=0.00 sys=0.00, real=0.00 secs] 
26.008: [CMS-concurrent-preclean: 0.032/0.061 secs] [Times: user=0.15 sys=0.01, real=0.06 secs] 
26.008: [GC[YG occupancy: 515 K (2304 K)]26.008: [Rescan (parallel) , 0.0005799 secs]26.009: [weak refs processing, 0.0000117 secs] [1 CMS-remark: 114016K(143376K)] 114532K(145680K), 0.0006518 secs] [Times: user=0.00 sys=0.00, real=0.00 secs] 
26.009: [CMS-concurrent-sweep-start]
26.011: [GC 26.011: [ParNew
Desired survivor size 557056 bytes, new threshold 15 (max 15)
- age   1:         40 bytes,         40 total
- age   2:        184 bytes,        224 total
: 1222K->4K(2304K), 0.0012675 secs] 115073K->113855K(145680K), 0.0013157 secs] [Times: user=0.00 sys=0.00, real=0.00 secs] 
26.015: [GC 26.015: [ParNew
Desired survivor size 557056 bytes, new threshold 15 (max 15)
- age   1:         72 bytes,         72 total
- age   3:        184 bytes,        256 total
: 1220K->6K(2304K), 0.0007990 secs] 114538K->113324K(145680K), 0.0008360 secs] [Times: user=0.01 sys=0.00, real=0.00 secs] 
26.018: [GC 26.018: [ParNew
Desired survivor size 557056 bytes, new threshold 15 (max 15)
- age   1:         32 bytes,         32 total
- age   4:        184 bytes,        216 total
: 1222K->4K(2304K), 0.0008017 secs] 113912K->112694K(145680K), 0.0008428 secs] [Times: user=0.00 sys=0.00, real=0.00 secs] 
26.021: [GC 26.021: [ParNew
Desired survivor size 557056 bytes, new threshold 15 (max 15)
- age   1:        128 bytes,        128 total
- age   5:        184 bytes,        312 total
: 1220K->6K(2304K), 0.0008310 secs] 111920K->110706K(145680K), 0.0008691 secs] [Times: user=0.00 sys=0.00, real=0.00 secs] 
26.025: [GC 26.025: [ParNew
Desired survivor size 557056 bytes, new threshold 15 (max 15)
- age   1:        128 bytes,        128 total
- age   6:        184 bytes,        312 total
: 1222K->6K(2304K), 0.0011679 secs] 111060K->109844K(145680K), 0.0012259 secs] [Times: user=0.01 sys=0.00, real=0.00 secs] 
26.029: [GC 26.029: [ParNew
Desired survivor size 557056 bytes, new threshold 15 (max 15)
- age   1:        128 bytes,        128 total
- age   7:        184 bytes,        312 total
: 1222K->6K(2304K), 0.0009091 secs] 109450K->108234K(145680K), 0.0009487 secs] [Times: user=0.00 sys=0.00, real=0.00 secs] 
26.033: [GC 26.033: [ParNew
Desired survivor size 557056 bytes, new threshold 15 (max 15)
- age   1:         72 bytes,         72 total
- age   8:        184 bytes,        256 total
: 1222K->6K(2304K), 0.0008036 secs] 109134K->107918K(145680K), 0.0008447 secs] [Times: user=0.00 sys=0.00, real=0.00 secs] 
26.036: [GC 26.036: [ParNew
Desired survivor size 557056 bytes, new threshold 15 (max 15)
- age   1:         72 bytes,         72 total
- age   9:        184 bytes,        256 total
: 1222K->6K(2304K), 0.0009819 secs] 107963K->106747K(145680K), 0.0010201 secs] [Times: user=0.01 sys=0.00, real=0.00 secs] 
26.040: [GC 26.040: [ParNew
Desired survivor size 557056 bytes, new threshold 15 (max 15)
- age   1:         32 bytes,         32 total
- age  10:        184 bytes,        216 total
: 1222K->4K(2304K), 0.0008656 secs] 105411K->104193K(145680K), 0.0009145 secs] [Times: user=0.00 sys=0.00, real=0.00 secs] 
26.043: [GC 26.043: [ParNew
Desired survivor size 557056 bytes, new threshold 15 (max 15)
- age   1:         40 bytes,         40 total
- age  11:        184 bytes,        224 total
: 1220K->6K(2304K), 0.0010355 secs] 103702K->102488K(145680K), 0.0010882 secs] [Times: user=0.00 sys=0.00, real=0.01 secs] 
26.046: [GC 26.047: [ParNew
Desired survivor size 557056 bytes, new threshold 15 (max 15)
- age   1:         72 bytes,         72 total
- age  12:        184 bytes,        256 total
: 1222K->6K(2304K), 0.0007887 secs] 102159K->100943K(145680K), 0.0008597 secs] [Times: user=0.01 sys=0.00, real=0.00 secs] 
26.087: [CMS-concurrent-sweep: 0.065/0.078 secs] [Times: user=0.12 sys=0.01, real=0.08 secs] 
26.087: [CMS-concurrent-reset-start]
26.090: [CMS-concurrent-reset: 0.003/0.003 secs] [Times: user=0.00 sys=0.00, real=0.00 secs] 
26.109: [GC 26.109: [ParNew
Desired survivor size 557056 bytes, new threshold 1 (max 15)
- age   1:    1100136 bytes,    1100136 total
- age  13:        184 bytes,    1100320 total
: 1222K->1086K(2304K), 0.0018242 secs] 50393K->50332K(145680K), 0.0018773 secs] [Times: user=0.01 sys=0.00, real=0.00 secs] 
26.115: [GC 26.115: [ParNew
Desired survivor size 557056 bytes, new threshold 1 (max 15)
- age   1:    1095808 bytes,    1095808 total
: 2300K->1088K(2304K), 0.0032617 secs] 51546K->51542K(145680K), 0.0033411 secs] [Times: user=0.01 sys=0.00, real=0.00 secs] 
26.122: [GC 26.122: [ParNew
Desired survivor size 557056 bytes, new threshold 1 (max 15)
- age   1:    1110752 bytes,    1110752 total
: 2304K->1088K(2304K), 0.0038052 secs] 52758K->52740K(145680K), 0.0038856 secs] [Times: user=0.00 sys=0.00, real=0.01 secs] 
26.129: [GC 26.129: [ParNew
Desired survivor size 557056 bytes, new threshold 1 (max 15)
- age   1:     859824 bytes,     859824 total
: 2304K->1088K(2304K), 0.0031661 secs] 53956K->54202K(145680K), 0.0032314 secs] [Times: user=0.01 sys=0.00, real=0.00 secs] 
26.135: [GC 26.135: [ParNew
Desired survivor size 557056 bytes, new threshold 1 (max 15)
- age   1:    1014096 bytes,    1014096 total
: 2304K->1088K(2304K), 0.0027103 secs] 55418K->55261K(145680K), 0.0027772 secs] [Times: user=0.01 sys=0.00, real=0.00 secs] 
26.139: [GC 26.139: [ParNew
Desired survivor size 557056 bytes, new threshold 1 (max 15)
- age   1:     901568 bytes,     901568 total
: 2304K->1088K(2304K), 0.0036180 secs] 56477K->56507K(145680K), 0.0037029 secs] [Times: user=0.01 sys=0.00, real=0.00 secs] 
26.145: [GC 26.145: [ParNew
Desired survivor size 557056 bytes, new threshold 1 (max 15)
- age   1:    1005160 bytes,    1005160 total
: 2271K->1088K(2304K), 0.0029256 secs] 57690K->57474K(145680K), 0.0030039 secs] [Times: user=0.01 sys=0.00, real=0.00 secs] 
26.150: [GC 26.150: [ParNew
Desired survivor size 557056 bytes, new threshold 1 (max 15)
- age   1:    1012184 bytes,    1012184 total
: 2304K->1088K(2304K), 0.0030813 secs] 58690K->58565K(145680K), 0.0031583 secs] [Times: user=0.01 sys=0.00, real=0.00 secs] 
26.154: [GC [1 CMS-initial-mark: 57477K(143376K)] 58588K(145680K), 0.0011735 secs] [Times: user=0.00 sys=0.00, real=0.00 secs] 
26.156: [CMS-concurrent-mark-start]
26.160: [GC 26.161: [ParNew
Desired survivor size 557056 bytes, new threshold 1 (max 15)
- age   1:     951064 bytes,     951064 total
: 2304K->1088K(2304K), 0.0048420 secs] 59781K->59687K(145680K), 0.0049131 secs] [Times: user=0.01 sys=0.00, real=0.01 secs] 
26.171: [GC 26.171: [ParNew
Desired survivor size 557056 bytes, new threshold 1 (max 15)
- age   1:     827512 bytes,     827512 total
: 2304K->1088K(2304K), 0.0028666 secs] 60903K->60607K(145680K), 0.0029359 secs] [Times: user=0.01 sys=0.00, real=0.00 secs] 
26.176: [GC 26.176: [ParNew
Desired survivor size 557056 bytes, new threshold 15 (max 15)
- age   1:     357312 bytes,     357312 total
: 2304K->1052K(2304K), 0.0022976 secs] 61823K->61379K(145680K), 0.0023694 secs] [Times: user=0.01 sys=0.00, real=0.00 secs] 
26.180: [GC 26.180: [ParNew
Desired survivor size 557056 bytes, new threshold 2 (max 15)
- age   1:     468856 bytes,     468856 total
- age   2:     357184 bytes,     826040 total
: 2268K->967K(2304K), 0.0013426 secs] 62595K->61294K(145680K), 0.0013882 secs] [Times: user=0.01 sys=0.00, real=0.00 secs] 
26.188: [GC 26.188: [ParNew
Desired survivor size 557056 bytes, new threshold 2 (max 15)
- age   1:     387288 bytes,     387288 total
- age   2:     468784 bytes,     856072 total
: 2183K->1088K(2304K), 0.0018451 secs] 62510K->61764K(145680K), 0.0019104 secs] [Times: user=0.00 sys=0.00, real=0.00 secs] 
26.191: [GC 26.191: [ParNew
Desired survivor size 557056 bytes, new threshold 2 (max 15)
- age   1:     469400 bytes,     469400 total
- age   2:     387216 bytes,     856616 total
: 2304K->1088K(2304K), 0.0024759 secs] 62980K->62217K(145680K), 0.0025799 secs] [Times: user=0.00 sys=0.00, real=0.00 secs] 
26.196: [GC 26.196: [ParNew
Desired survivor size 557056 bytes, new threshold 2 (max 15)
- age   1:     405344 bytes,     405344 total
- age   2:     464432 bytes,     869776 total
: 2304K->1088K(2304K), 0.0019511 secs] 63433K->62604K(145680K), 0.0020101 secs] [Times: user=0.01 sys=0.00, real=0.00 secs] 
26.200: [GC 26.200: [ParNew
Desired survivor size 557056 bytes, new threshold 2 (max 15)
- age   1:     387304 bytes,     387304 total
- age   2:     405304 bytes,     792608 total
: 2304K->1088K(2304K), 0.0019092 secs] 63820K->63057K(145680K), 0.0019672 secs] [Times: user=0.01 sys=0.00, real=0.00 secs] 
26.204: [GC 26.204: [ParNew
Desired survivor size 557056 bytes, new threshold 2 (max 15)
- age   1:     343864 bytes,     343864 total
- age   2:     387264 bytes,     731128 total
: 2304K->1088K(2304K), 0.0018448 secs] 64273K->63453K(145680K), 0.0018966 secs] [Times: user=0.01 sys=0.00, real=0.00 secs] 
26.208: [GC 26.208: [ParNew
Desired survivor size 557056 bytes, new threshold 2 (max 15)
- age   1:     354728 bytes,     354728 total
- age   2:     343832 bytes,     698560 total
: 2304K->1088K(2304K), 0.0019967 secs] 64669K->63831K(145680K), 0.0020612 secs] [Times: user=0.01 sys=0.00, real=0.00 secs] 
26.212: [GC 26.212: [ParNew
Desired survivor size 557056 bytes, new threshold 2 (max 15)
- age   1:     405336 bytes,     405336 total
- age   2:     366304 bytes,     771640 total
: 2304K->1042K(2304K), 0.0021396 secs] 65047K->64122K(145680K), 0.0022052 secs] [Times: user=0.01 sys=0.00, real=0.01 secs] 
26.216: [GC 26.216: [ParNew
Desired survivor size 557056 bytes, new threshold 2 (max 15)
- age   1:     476000 bytes,     476000 total
- age   2:     400016 bytes,     876016 total
: 2258K->1088K(2304K), 0.0018107 secs] 65338K->64513K(145680K), 0.0018622 secs] [Times: user=0.01 sys=0.00, real=0.00 secs] 
26.220: [GC 26.220: [ParNew
Desired survivor size 557056 bytes, new threshold 2 (max 15)
- age   1:     423632 bytes,     423632 total
- age   2:     451816 bytes,     875448 total
: 2304K->1088K(2304K), 0.0021081 secs] 65729K->64985K(145680K), 0.0021699 secs] [Times: user=0.01 sys=0.00, real=0.00 secs] 
26.224: [GC 26.224: [ParNew
Desired survivor size 557056 bytes, new threshold 2 (max 15)
- age   1:     390184 bytes,     390184 total
- age   2:     407144 bytes,     797328 total
: 2304K->1088K(2304K), 0.0020000 secs] 66201K->65452K(145680K), 0.0020620 secs] [Times: user=0.00 sys=0.00, real=0.00 secs] 
26.227: [CMS-concurrent-mark: 0.037/0.072 secs] [Times: user=0.19 sys=0.01, real=0.07 secs] 
26.227: [CMS-concurrent-preclean-start]
26.227: [GC 26.227: [ParNew
Desired survivor size 557056 bytes, new threshold 1 (max 15)
- age   1:     654528 bytes,     654528 total
- age   2:     390112 bytes,    1044640 total
: 2304K->1088K(2304K), 0.0036940 secs] 66668K->65971K(145680K), 0.0037592 secs] [Times: user=0.01 sys=0.00, real=0.00 secs] 
26.233: [GC 26.233: [ParNew
Desired survivor size 557056 bytes, new threshold 1 (max 15)
- age   1:     667128 bytes,     667128 total
: 2304K->1088K(2304K), 0.0027348 secs] 67187K->66991K(145680K), 0.0027980 secs] [Times: user=0.01 sys=0.00, real=0.01 secs] 
26.237: [GC 26.237: [ParNew
Desired survivor size 557056 bytes, new threshold 15 (max 15)
- age   1:     550584 bytes,     550584 total
: 2304K->869K(2304K), 0.0021281 secs] 68207K->67418K(145680K), 0.0021902 secs] [Times: user=0.01 sys=0.00, real=0.00 secs] 
26.241: [GC 26.241: [ParNew
Desired survivor size 557056 bytes, new threshold 2 (max 15)
- age   1:     458912 bytes,     458912 total
- age   2:     550488 bytes,    1009400 total
: 2085K->1088K(2304K), 0.0016473 secs] 68634K->67637K(145680K), 0.0016912 secs] [Times: user=0.01 sys=0.00, real=0.00 secs] 
26.244: [GC 26.244: [ParNew
Desired survivor size 557056 bytes, new threshold 2 (max 15)
- age   1:     486400 bytes,     486400 total
- age   2:     419472 bytes,     905872 total
: 2304K->1088K(2304K), 0.0030085 secs] 68853K->68193K(145680K), 0.0031125 secs] [Times: user=0.01 sys=0.00, real=0.00 secs] 
26.250: [GC 26.250: [ParNew
Desired survivor size 557056 bytes, new threshold 1 (max 15)
- age   1:     780656 bytes,     780656 total
- age   2:     333088 bytes,    1113744 total
: 2304K->1088K(2304K), 0.0036626 secs] 69409K->68997K(145680K), 0.0037470 secs] [Times: user=0.01 sys=0.00, real=0.00 secs] 
26.256: [GC 26.256: [ParNew
Desired survivor size 557056 bytes, new threshold 1 (max 15)
- age   1:     960808 bytes,     960808 total
: 2304K->1088K(2304K), 0.0035782 secs] 70213K->70288K(145680K), 0.0036587 secs] [Times: user=0.01 sys=0.00, real=0.00 secs] 
26.265: [GC 26.265: [ParNew
Desired survivor size 557056 bytes, new threshold 1 (max 15)
- age   1:    1089264 bytes,    1089264 total
: 2304K->1088K(2304K), 0.0035340 secs] 71504K->71318K(145680K), 0.0036020 secs] [Times: user=0.01 sys=0.00, real=0.00 secs] 
26.274: [GC 26.274: [ParNew
Desired survivor size 557056 bytes, new threshold 1 (max 15)
- age   1:     881104 bytes,     881104 total
: 2304K->1088K(2304K), 0.0045275 secs] 72534K->72681K(145680K), 0.0046065 secs] [Times: user=0.01 sys=0.00, real=0.01 secs] 
26.282: [GC 26.282: [ParNew
Desired survivor size 557056 bytes, new threshold 1 (max 15)
- age   1:     711248 bytes,     711248 total
: 2304K->1088K(2304K), 0.0031896 secs] 73897K->73549K(145680K), 0.0032598 secs] [Times: user=0.01 sys=0.00, real=0.01 secs] 
26.287: [GC 26.287: [ParNew
Desired survivor size 557056 bytes, new threshold 15 (max 15)
- age   1:     465784 bytes,     465784 total
: 2303K->924K(2304K), 0.0020040 secs] 74765K->74080K(145680K), 0.0020589 secs] [Times: user=0.00 sys=0.00, real=0.00 secs] 
26.290: [GC 26.290: [ParNew
Desired survivor size 557056 bytes, new threshold 2 (max 15)
- age   1:     367504 bytes,     367504 total
- age   2:     465656 bytes,     833160 total
: 2140K->1066K(2304K), 0.0015748 secs] 75296K->74222K(145680K), 0.0016229 secs] [Times: user=0.00 sys=0.00, real=0.00 secs] 
26.294: [GC 26.294: [ParNew
Desired survivor size 557056 bytes, new threshold 2 (max 15)
- age   1:     370568 bytes,     370568 total
- age   2:     367472 bytes,     738040 total
: 2282K->1088K(2304K), 0.0024908 secs] 75438K->74698K(145680K), 0.0025626 secs] [Times: user=0.00 sys=0.00, real=0.00 secs] 
26.299: [GC 26.299: [ParNew
Desired survivor size 557056 bytes, new threshold 2 (max 15)
- age   1:     445064 bytes,     445064 total
- age   2:     374600 bytes,     819664 total
: 2304K->1088K(2304K), 0.0021217 secs] 75914K->75057K(145680K), 0.0021830 secs] [Times: user=0.00 sys=0.00, real=0.00 secs] 
26.303: [GC 26.303: [ParNew
Desired survivor size 557056 bytes, new threshold 2 (max 15)
- age   1:     361320 bytes,     361320 total
- age   2:     444992 bytes,     806312 total
: 2304K->1088K(2304K), 0.0018399 secs] 76273K->75419K(145680K), 0.0018920 secs] [Times: user=0.00 sys=0.00, real=0.01 secs] 
26.305: [GC 26.305: [ParNew
Desired survivor size 557056 bytes, new threshold 1 (max 15)
- age   1:     762472 bytes,     762472 total
- age   2:     252184 bytes,    1014656 total
: 2304K->1088K(2304K), 0.0024095 secs] 76635K->76025K(145680K), 0.0024702 secs] [Times: user=0.00 sys=0.00, real=0.00 secs] 
26.310: [GC 26.310: [ParNew
Desired survivor size 557056 bytes, new threshold 1 (max 15)
- age   1:     641728 bytes,     641728 total
: 2304K->1088K(2304K), 0.0037896 secs] 77241K->77015K(145680K), 0.0038647 secs] [Times: user=0.01 sys=0.00, real=0.00 secs] 
26.315: [GC 26.315: [ParNew
Desired survivor size 557056 bytes, new threshold 1 (max 15)
- age   1:     577088 bytes,     577088 total
: 2304K->704K(2304K), 0.0029329 secs] 78231K->77249K(145680K), 0.0030110 secs] [Times: user=0.01 sys=0.00, real=0.00 secs] 
26.320: [GC 26.320: [ParNew
Desired survivor size 557056 bytes, new threshold 1 (max 15)
- age   1:     606696 bytes,     606696 total
: 1920K->810K(2304K), 0.0024867 secs] 78465K->77918K(145680K), 0.0025460 secs] [Times: user=0.01 sys=0.00, real=0.00 secs] 
26.323: [GC 26.324: [ParNew
Desired survivor size 557056 bytes, new threshold 1 (max 15)
- age   1:     721232 bytes,     721232 total
: 2026K->1014K(2304K), 0.0022876 secs] 79134K->78714K(145680K), 0.0023515 secs] [Times: user=0.01 sys=0.00, real=0.01 secs] 
26.328: [GC 26.328: [ParNew
Desired survivor size 557056 bytes, new threshold 15 (max 15)
- age   1:     546072 bytes,     546072 total
: 2230K->1009K(2304K), 0.0023818 secs] 79930K->79414K(145680K), 0.0024530 secs] [Times: user=0.00 sys=0.00, real=0.00 secs] 
26.333: [GC 26.333: [ParNew
Desired survivor size 557056 bytes, new threshold 2 (max 15)
- age   1:     367464 bytes,     367464 total
- age   2:     546000 bytes,     913464 total
: 2225K->1088K(2304K), 0.0019177 secs] 80630K->79492K(145680K), 0.0019941 secs] [Times: user=0.00 sys=0.00, real=0.01 secs] 
26.336: [CMS-concurrent-preclean: 0.039/0.109 secs] [Times: user=0.29 sys=0.02, real=0.11 secs] 
26.337: [GC[YG occupancy: 1606 K (2304 K)]26.338: [Rescan (parallel) , 0.0017673 secs]26.339: [weak refs processing, 0.0000094 secs] [1 CMS-remark: 78404K(143376K)] 80010K(145680K), 0.0018728 secs] [Times: user=0.00 sys=0.00, real=0.00 secs] 
26.339: [CMS-concurrent-sweep-start]
26.341: [GC 26.341: [ParNew
Desired survivor size 557056 bytes, new threshold 15 (max 15)
- age   1:     137856 bytes,     137856 total
- age   2:     355168 bytes,     493024 total
: 2303K->951K(2304K), 0.0023032 secs] 80612K->79792K(145680K), 0.0023843 secs] [Times: user=0.00 sys=0.00, real=0.00 secs] 
26.346: [GC 26.346: [ParNew
Desired survivor size 557056 bytes, new threshold 3 (max 15)
- age   1:     152320 bytes,     152320 total
- age   2:     110160 bytes,     262480 total
- age   3:     355168 bytes,     617648 total
: 2167K->782K(2304K), 0.0020737 secs] 79626K->78240K(145680K), 0.0021473 secs] [Times: user=0.00 sys=0.00, real=0.00 secs] 
26.350: [GC 26.350: [ParNew
Desired survivor size 557056 bytes, new threshold 15 (max 15)
- age   1:      30704 bytes,      30704 total
- age   2:     152288 bytes,     182992 total
- age   3:     110160 bytes,     293152 total
: 1998K->426K(2304K), 0.0016115 secs] 78531K->77306K(145680K), 0.0016576 secs] [Times: user=0.00 sys=0.00, real=0.00 secs] 
26.353: [GC 26.353: [ParNew
Desired survivor size 557056 bytes, new threshold 15 (max 15)
- age   1:        256 bytes,        256 total
- age   2:      30600 bytes,      30856 total
- age   3:     152288 bytes,     183144 total
- age   4:     110160 bytes,     293304 total
: 1642K->353K(2304K), 0.0010738 secs] 77680K->76391K(145680K), 0.0011126 secs] [Times: user=0.00 sys=0.00, real=0.00 secs] 
26.355: [GC 26.355: [ParNew
Desired survivor size 557056 bytes, new threshold 15 (max 15)
- age   1:        200 bytes,        200 total
- age   3:      30600 bytes,      30800 total
- age   4:     152288 bytes,     183088 total
- age   5:     110160 bytes,     293248 total
: 1569K->328K(2304K), 0.0010396 secs] 76757K->75516K(145680K), 0.0010747 secs] [Times: user=0.01 sys=0.00, real=0.00 secs] 
26.358: [GC 26.359: [ParNew
Desired survivor size 557056 bytes, new threshold 15 (max 15)
- age   1:        928 bytes,        928 total
- age   4:      30600 bytes,      31528 total
- age   5:     152288 bytes,     183816 total
- age   6:     110160 bytes,     293976 total
: 1544K->420K(2304K), 0.0013466 secs] 75410K->74286K(145680K), 0.0013981 secs] [Times: user=0.00 sys=0.00, real=0.00 secs] 
26.363: [GC 26.363: [ParNew
Desired survivor size 557056 bytes, new threshold 15 (max 15)
- age   1:         72 bytes,         72 total
- age   2:        888 bytes,        960 total
- age   5:      30600 bytes,      31560 total
- age   6:     152288 bytes,     183848 total
- age   7:     110160 bytes,     294008 total
: 1636K->356K(2304K), 0.0010594 secs] 73506K->72226K(145680K), 0.0011010 secs] [Times: user=0.00 sys=0.00, real=0.00 secs] 
26.366: [GC 26.366: [ParNew
Desired survivor size 557056 bytes, new threshold 15 (max 15)
- age   1:      12248 bytes,      12248 total
- age   3:        184 bytes,      12432 total
- age   6:      30600 bytes,      43032 total
- age   7:     152288 bytes,     195320 total
- age   8:     110160 bytes,     305480 total
: 1572K->358K(2304K), 0.0010760 secs] 71795K->70580K(145680K), 0.0011464 secs] [Times: user=0.00 sys=0.00, real=0.00 secs] 
26.370: [GC 26.370: [ParNew
Desired survivor size 557056 bytes, new threshold 15 (max 15)
- age   1:     184400 bytes,     184400 total
- age   2:      10824 bytes,     195224 total
- age   4:        184 bytes,     195408 total
- age   7:      30600 bytes,     226008 total
- age   8:     152288 bytes,     378296 total
- age   9:     110160 bytes,     488456 total
: 1574K->590K(2304K), 0.0012331 secs] 69858K->68874K(145680K), 0.0012794 secs] [Times: user=0.00 sys=0.00, real=0.00 secs] 
26.373: [GC 26.373: [ParNew
Desired survivor size 557056 bytes, new threshold 2 (max 15)
- age   1:     505472 bytes,     505472 total
- age   2:     184160 bytes,     689632 total
- age   3:      10824 bytes,     700456 total
- age   5:        184 bytes,     700640 total
- age   8:      23544 bytes,     724184 total
- age   9:     152288 bytes,     876472 total
- age  10:     110160 bytes,     986632 total
: 1806K->1088K(2304K), 0.0014958 secs] 69154K->68442K(145680K), 0.0015431 secs] [Times: user=0.01 sys=0.00, real=0.01 secs] 
26.376: [GC 26.376: [ParNew
Desired survivor size 557056 bytes, new threshold 2 (max 15)
- age   1:     443096 bytes,     443096 total
- age   2:     482368 bytes,     925464 total
: 2304K->1088K(2304K), 0.0027810 secs] 68455K->67779K(145680K), 0.0028578 secs] [Times: user=0.01 sys=0.00, real=0.00 secs] 
26.382: [GC 26.383: [ParNew
Desired survivor size 557056 bytes, new threshold 2 (max 15)
- age   1:     372640 bytes,     372640 total
- age   2:     442968 bytes,     815608 total
: 2304K->1088K(2304K), 0.0021446 secs] 67697K->66952K(145680K), 0.0022215 secs] [Times: user=0.00 sys=0.00, real=0.01 secs] 
26.386: [GC 26.386: [ParNew
Desired survivor size 557056 bytes, new threshold 2 (max 15)
- age   1:     308968 bytes,     308968 total
- age   2:     372512 bytes,     681480 total
: 2304K->1023K(2304K), 0.0019053 secs] 66889K->66041K(145680K), 0.0019578 secs] [Times: user=0.00 sys=0.00, real=0.00 secs] 
26.390: [GC 26.390: [ParNew
Desired survivor size 557056 bytes, new threshold 2 (max 15)
- age   1:     394056 bytes,     394056 total
- age   2:     308896 bytes,     702952 total
: 2239K->879K(2304K), 0.0016989 secs] 64753K->63757K(145680K), 0.0017540 secs] [Times: user=0.00 sys=0.00, real=0.00 secs] 
26.394: [GC 26.394: [ParNew
Desired survivor size 557056 bytes, new threshold 2 (max 15)
- age   1:     432776 bytes,     432776 total
- age   2:     393976 bytes,     826752 total
: 2095K->1036K(2304K), 0.0019727 secs] 63756K->62998K(145680K), 0.0020404 secs] [Times: user=0.00 sys=0.00, real=0.00 secs] 
26.400: [GC 26.400: [ParNew
Desired survivor size 557056 bytes, new threshold 1 (max 15)
- age   1:     570424 bytes,     570424 total
- age   2:     344032 bytes,     914456 total
: 2251K->1088K(2304K), 0.0028516 secs] 61257K->60631K(145680K), 0.0029288 secs] [Times: user=0.01 sys=0.00, real=0.00 secs] 
26.408: [GC 26.408: [ParNew
Desired survivor size 557056 bytes, new threshold 1 (max 15)
- age   1:    1088488 bytes,    1088488 total
: 2304K->1088K(2304K), 0.0030436 secs] 58760K->58598K(145680K), 0.0031250 secs] [Times: user=0.01 sys=0.00, real=0.00 secs] 
26.415: [GC 26.415: [ParNew
Desired survivor size 557056 bytes, new threshold 1 (max 15)
- age   1:     810856 bytes,     810856 total
: 2304K->1088K(2304K), 0.0030981 secs] 56950K->57199K(145680K), 0.0031676 secs] [Times: user=0.01 sys=0.00, real=0.00 secs] 
26.420: [GC 26.420: [ParNew
Desired survivor size 557056 bytes, new threshold 1 (max 15)
- age   1:    1105224 bytes,    1105224 total
: 2304K->1088K(2304K), 0.0028456 secs] 56905K->56541K(145680K), 0.0029164 secs] [Times: user=0.01 sys=0.00, real=0.00 secs] 
26.426: [GC 26.426: [ParNew
Desired survivor size 557056 bytes, new threshold 1 (max 15)
- age   1:     947512 bytes,     947512 total
: 2304K->1088K(2304K), 0.0042368 secs] 57258K->57301K(145680K), 0.0043175 secs] [Times: user=0.01 sys=0.01, real=0.00 secs] 
26.433: [GC 26.433: [ParNew
Desired survivor size 557056 bytes, new threshold 1 (max 15)
- age   1:    1053432 bytes,    1053432 total
: 2304K->1088K(2304K), 0.0040372 secs] 57205K->56985K(145680K), 0.0041113 secs] [Times: user=0.01 sys=0.00, real=0.01 secs] 
26.444: [GC 26.444: [ParNew
Desired survivor size 557056 bytes, new threshold 1 (max 15)
- age   1:     932296 bytes,     932296 total
: 2304K->1088K(2304K), 0.0046755 secs] 53218K->53191K(145680K), 0.0047429 secs] [Times: user=0.01 sys=0.00, real=0.00 secs] 
26.452: [GC 26.452: [ParNew
Desired survivor size 557056 bytes, new threshold 15 (max 15)
- age   1:      25760 bytes,      25760 total
: 2304K->935K(2304K), 0.0029498 secs] 51398K->50940K(145680K), 0.0030265 secs] [Times: user=0.01 sys=0.00, real=0.01 secs] 
26.458: [GC 26.458: [ParNew
Desired survivor size 557056 bytes, new threshold 15 (max 15)
- age   1:        128 bytes,        128 total
- age   2:      25632 bytes,      25760 total
: 2151K->178K(2304K), 0.0012637 secs] 50935K->48963K(145680K), 0.0013122 secs] [Times: user=0.00 sys=0.00, real=0.00 secs] 
26.463: [GC 26.464: [ParNew
Desired survivor size 557056 bytes, new threshold 15 (max 15)
- age   1:         72 bytes,         72 total
- age   3:      25632 bytes,      25704 total
: 1394K->64K(2304K), 0.0012947 secs] 47368K->46038K(145680K), 0.0013591 secs] [Times: user=0.00 sys=0.00, real=0.01 secs] 
26.468: [GC 26.468: [ParNew
Desired survivor size 557056 bytes, new threshold 15 (max 15)
- age   1:        128 bytes,        128 total
- age   4:      25632 bytes,      25760 total
: 1280K->44K(2304K), 0.0009871 secs] 45170K->43934K(145680K), 0.0010370 secs] [Times: user=0.00 sys=0.00, real=0.00 secs] 
26.472: [GC 26.472: [ParNew
Desired survivor size 557056 bytes, new threshold 15 (max 15)
- age   1:         32 bytes,         32 total
- age   5:      25632 bytes,      25664 total
: 1260K->37K(2304K), 0.0009600 secs] 44222K->42999K(145680K), 0.0010008 secs] [Times: user=0.01 sys=0.00, real=0.00 secs] 
26.474: [CMS-concurrent-sweep: 0.069/0.134 secs] [Times: user=0.31 sys=0.02, real=0.13 secs] 
26.474: [CMS-concurrent-reset-start]
26.476: [GC 26.476: [ParNew
Desired survivor size 557056 bytes, new threshold 15 (max 15)
- age   1:         80 bytes,         80 total
- age   6:      25632 bytes,      25712 total
: 1253K->45K(2304K), 0.0008316 secs] 44010K->42802K(145680K), 0.0008734 secs] [Times: user=0.00 sys=0.00, real=0.00 secs] 
26.479: [CMS-concurrent-reset: 0.004/0.005 secs] [Times: user=0.01 sys=0.00, real=0.01 secs] 
26.479: [GC 26.480: [ParNew
Desired survivor size 557056 bytes, new threshold 15 (max 15)
- age   1:        136 bytes,        136 total
- age   7:      25632 bytes,      25768 total
: 1261K->37K(2304K), 0.0009017 secs] 44018K->42795K(145680K), 0.0009531 secs] [Times: user=0.00 sys=0.00, real=0.00 secs] 
26.482: [GC 26.482: [ParNew
Desired survivor size 557056 bytes, new threshold 15 (max 15)
- age   1:         72 bytes,         72 total
- age   8:      25632 bytes,      25704 total
: 1253K->45K(2304K), 0.0007972 secs] 44011K->42802K(145680K), 0.0008290 secs] [Times: user=0.00 sys=0.00, real=0.00 secs] 
26.485: [GC 26.485: [ParNew
Desired survivor size 557056 bytes, new threshold 15 (max 15)
- age   1:        136 bytes,        136 total
- age   9:      25632 bytes,      25768 total
: 1261K->37K(2304K), 0.0007724 secs] 44018K->42795K(145680K), 0.0008000 secs] [Times: user=0.00 sys=0.00, real=0.00 secs] 
26.488: [GC 26.488: [ParNew
Desired survivor size 557056 bytes, new threshold 15 (max 15)
- age   1:         72 bytes,         72 total
- age  10:      25632 bytes,      25704 total
: 1253K->45K(2304K), 0.0008317 secs] 44011K->42802K(145680K), 0.0008677 secs] [Times: user=0.00 sys=0.00, real=0.00 secs] 
27.224: [GC 27.224: [ParNew
Desired survivor size 557056 bytes, new threshold 1 (max 15)
- age   1:     783648 bytes,     783648 total
- age  11:      25272 bytes,     808920 total
: 1261K->803K(2304K), 0.0014515 secs] 44018K->43560K(145680K), 0.0014990 secs] [Times: user=0.00 sys=0.01, real=0.00 secs] 
27.229: [GC 27.229: [ParNew
Desired survivor size 557056 bytes, new threshold 1 (max 15)
- age   1:    1056832 bytes,    1056832 total
: 2019K->1088K(2304K), 0.0031584 secs] 44776K->44810K(145680K), 0.0032722 secs] [Times: user=0.00 sys=0.00, real=0.00 secs] 
27.236: [GC 27.236: [ParNew
Desired survivor size 557056 bytes, new threshold 1 (max 15)
- age   1:     980056 bytes,     980056 total
: 2304K->1086K(2304K), 0.0029883 secs] 46026K->46087K(145680K), 0.0030576 secs] [Times: user=0.01 sys=0.00, real=0.00 secs] 
27.243: [GC 27.243: [ParNew
Desired survivor size 557056 bytes, new threshold 1 (max 15)
- age   1:    1173808 bytes,    1173808 total
: 2302K->1088K(2304K), 0.0028556 secs] 47303K->47169K(145680K), 0.0029409 secs] [Times: user=0.01 sys=0.00, real=0.01 secs] 
27.250: [GC 27.251: [ParNew
Desired survivor size 557056 bytes, new threshold 1 (max 15)
- age   1:     829400 bytes,     829400 total
: 2304K->1088K(2304K), 0.0038353 secs] 48385K->48656K(145680K), 0.0039068 secs] [Times: user=0.01 sys=0.00, real=0.01 secs] 
27.258: [GC 27.258: [ParNew
Desired survivor size 557056 bytes, new threshold 1 (max 15)
- age   1:    1100776 bytes,    1100776 total
: 2304K->1087K(2304K), 0.0025387 secs] 49872K->49548K(145680K), 0.0026106 secs] [Times: user=0.01 sys=0.00, real=0.00 secs] 
27.263: [GC 27.263: [ParNew
Desired survivor size 557056 bytes, new threshold 1 (max 15)
- age   1:    1076064 bytes,    1076064 total
: 2303K->1088K(2304K), 0.0031841 secs] 50764K->50784K(145680K), 0.0032613 secs] [Times: user=0.01 sys=0.00, real=0.01 secs] 
27.269: [GC 27.269: [ParNew
Desired survivor size 557056 bytes, new threshold 1 (max 15)
- age   1:     793008 bytes,     793008 total
: 2304K->1088K(2304K), 0.0031044 secs] 52000K->52272K(145680K), 0.0031744 secs] [Times: user=0.01 sys=0.00, real=0.00 secs] 
27.275: [GC 27.275: [ParNew
Desired survivor size 557056 bytes, new threshold 1 (max 15)
- age   1:     940000 bytes,     940000 total
: 2304K->1088K(2304K), 0.0040717 secs] 53488K->53337K(145680K), 0.0041499 secs] [Times: user=0.01 sys=0.00, real=0.00 secs] 
27.281: [GC 27.281: [ParNew
Desired survivor size 557056 bytes, new threshold 1 (max 15)
- age   1:    1039360 bytes,    1039360 total
: 2304K->1088K(2304K), 0.0029033 secs] 54553K->54449K(145680K), 0.0029736 secs] [Times: user=0.00 sys=0.00, real=0.01 secs] 
27.287: [GC 27.287: [ParNew
Desired survivor size 557056 bytes, new threshold 1 (max 15)
- age   1:    1059520 bytes,    1059520 total
: 2304K->1088K(2304K), 0.0034486 secs] 55665K->55638K(145680K), 0.0035158 secs] [Times: user=0.01 sys=0.00, real=0.00 secs] 
27.293: [GC 27.293: [ParNew
Desired survivor size 557056 bytes, new threshold 1 (max 15)
- age   1:    1019848 bytes,    1019848 total
: 2303K->1088K(2304K), 0.0038029 secs] 56854K->56874K(145680K), 0.0038703 secs] [Times: user=0.01 sys=0.01, real=0.01 secs] 
27.300: [GC 27.300: [ParNew
Desired survivor size 557056 bytes, new threshold 1 (max 15)
- age   1:    1099640 bytes,    1099640 total
: 2304K->1088K(2304K), 0.0034877 secs] 58090K->58008K(145680K), 0.0035565 secs] [Times: user=0.01 sys=0.00, real=0.00 secs] 
27.307: [GC 27.307: [ParNew
Desired survivor size 557056 bytes, new threshold 1 (max 15)
- age   1:     969832 bytes,     969832 total
: 2304K->1088K(2304K), 0.0033463 secs] 59224K->59346K(145680K), 0.0034208 secs] [Times: user=0.01 sys=0.00, real=0.00 secs] 
27.312: [GC 27.312: [ParNew
Desired survivor size 557056 bytes, new threshold 1 (max 15)
- age   1:    1112080 bytes,    1112080 total
: 2304K->1088K(2304K), 0.0036462 secs] 60562K->60414K(145680K), 0.0037101 secs] [Times: user=0.01 sys=0.00, real=0.01 secs] 
27.317: [GC 27.317: [ParNew
Desired survivor size 557056 bytes, new threshold 1 (max 15)
- age   1:     804096 bytes,     804096 total
: 2304K->1088K(2304K), 0.0042169 secs] 61630K->61921K(145680K), 0.0042913 secs] [Times: user=0.01 sys=0.00, real=0.00 secs] 
27.322: [GC [1 CMS-initial-mark: 60833K(143376K)] 61946K(145680K), 0.0009453 secs] [Times: user=0.00 sys=0.00, real=0.00 secs] 
27.323: [CMS-concurrent-mark-start]
27.323: [GC 27.323: [ParNew
Desired survivor size 557056 bytes, new threshold 1 (max 15)
- age   1:    1073160 bytes,    1073160 total
: 2304K->1088K(2304K), 0.0045052 secs] 63137K->62870K(145680K), 0.0046072 secs] [Times: user=0.02 sys=0.00, real=0.01 secs] 
27.330: [GC 27.330: [ParNew
Desired survivor size 557056 bytes, new threshold 1 (max 15)
- age   1:    1022896 bytes,    1022896 total
: 2304K->1088K(2304K), 0.0033043 secs] 64086K->64062K(145680K), 0.0033741 secs] [Times: user=0.02 sys=0.00, real=0.00 secs] 
27.335: [GC 27.335: [ParNew
Desired survivor size 557056 bytes, new threshold 1 (max 15)
- age   1:     979472 bytes,     979472 total
: 2304K->1088K(2304K), 0.0039513 secs] 65278K->65246K(145680K), 0.0040277 secs] [Times: user=0.01 sys=0.00, real=0.00 secs] 
27.341: [GC 27.341: [ParNew
Desired survivor size 557056 bytes, new threshold 1 (max 15)
- age   1:    1064328 bytes,    1064328 total
: 2304K->1088K(2304K), 0.0033547 secs] 66462K->66282K(145680K), 0.0034265 secs] [Times: user=0.02 sys=0.00, real=0.01 secs] 
27.346: [GC 27.346: [ParNew
Desired survivor size 557056 bytes, new threshold 1 (max 15)
- age   1:    1022168 bytes,    1022168 total
: 2304K->1088K(2304K), 0.0034734 secs] 67498K->67474K(145680K), 0.0035412 secs] [Times: user=0.01 sys=0.00, real=0.00 secs] 
27.351: [GC 27.351: [ParNew
Desired survivor size 557056 bytes, new threshold 1 (max 15)
- age   1:     967472 bytes,     967472 total
: 2304K->1088K(2304K), 0.0040621 secs] 68690K->68660K(145680K), 0.0041294 secs] [Times: user=0.01 sys=0.00, real=0.01 secs] 
27.357: [GC 27.357: [ParNew
Desired survivor size 557056 bytes, new threshold 1 (max 15)
- age   1:    1060208 bytes,    1060208 total
: 2304K->1088K(2304K), 0.0033531 secs] 69876K->69718K(145680K), 0.0034245 secs] [Times: user=0.01 sys=0.00, real=0.00 secs] 
27.362: [GC 27.362: [ParNew
Desired survivor size 557056 bytes, new threshold 1 (max 15)
- age   1:    1024040 bytes,    1024040 total
: 2304K->1088K(2304K), 0.0034148 secs] 70934K->70886K(145680K), 0.0034813 secs] [Times: user=0.01 sys=0.00, real=0.01 secs] 
27.368: [GC 27.368: [ParNew
Desired survivor size 557056 bytes, new threshold 1 (max 15)
- age   1:    1017904 bytes,    1017904 total
: 2304K->1088K(2304K), 0.0034112 secs] 72102K->72038K(145680K), 0.0035207 secs] [Times: user=0.01 sys=0.01, real=0.00 secs] 
27.374: [GC 27.374: [ParNew
Desired survivor size 557056 bytes, new threshold 1 (max 15)
- age   1:     858840 bytes,     858840 total
: 2304K->1088K(2304K), 0.0042133 secs] 73254K->73340K(145680K), 0.0042857 secs] [Times: user=0.01 sys=0.00, real=0.01 secs] 
27.380: [GC 27.380: [ParNew
Desired survivor size 557056 bytes, new threshold 1 (max 15)
- age   1:     979288 bytes,     979288 total
: 2246K->1088K(2304K), 0.0030527 secs] 74499K->74310K(145680K), 0.0031247 secs] [Times: user=0.01 sys=0.00, real=0.00 secs] 
27.385: [GC 27.385: [ParNew
Desired survivor size 557056 bytes, new threshold 1 (max 15)
- age   1:    1002664 bytes,    1002664 total
: 2304K->1088K(2304K), 0.0032395 secs] 75526K->75448K(145680K), 0.0033100 secs] [Times: user=0.01 sys=0.00, real=0.00 secs] 
27.391: [GC 27.391: [ParNew
Desired survivor size 557056 bytes, new threshold 1 (max 15)
- age   1:    1081408 bytes,    1081408 total
: 2304K->1088K(2304K), 0.0032993 secs] 76664K->76521K(145680K), 0.0033695 secs] [Times: user=0.01 sys=0.00, real=0.01 secs] 
27.400: [GC 27.400: [ParNew
Desired survivor size 557056 bytes, new threshold 1 (max 15)
- age   1:    1041424 bytes,    1041424 total
: 2304K->1088K(2304K), 0.0038234 secs] 77737K->77707K(145680K), 0.0039090 secs] [Times: user=0.02 sys=0.00, real=0.01 secs] 
27.405: [GC 27.405: [ParNew
Desired survivor size 557056 bytes, new threshold 1 (max 15)
- age   1:    1063040 bytes,    1063040 total
: 2304K->1088K(2304K), 0.0033952 secs] 78923K->78898K(145680K), 0.0034600 secs] [Times: user=0.01 sys=0.00, real=0.00 secs] 
27.411: [GC 27.411: [ParNew
Desired survivor size 557056 bytes, new threshold 1 (max 15)
- age   1:    1046168 bytes,    1046168 total
: 2304K->1088K(2304K), 0.0040114 secs] 80114K->80098K(145680K), 0.0040807 secs] [Times: user=0.02 sys=0.00, real=0.01 secs] 
27.418: [GC 27.418: [ParNew
Desired survivor size 557056 bytes, new threshold 1 (max 15)
- age   1:    1107888 bytes,    1107888 total
: 2304K->1088K(2304K), 0.0033197 secs] 81314K->81146K(145680K), 0.0034228 secs] [Times: user=0.01 sys=0.00, real=0.00 secs] 
27.423: [GC 27.423: [ParNew
Desired survivor size 557056 bytes, new threshold 1 (max 15)
- age   1:     874704 bytes,     874704 total
: 2304K->1088K(2304K), 0.0038371 secs] 82362K->82489K(145680K), 0.0039088 secs] [Times: user=0.02 sys=0.00, real=0.01 secs] 
27.430: [GC 27.430: [ParNew
Desired survivor size 557056 bytes, new threshold 1 (max 15)
- age   1:    1048576 bytes,    1048576 total
: 2304K->1088K(2304K), 0.0030740 secs] 83705K->83440K(145680K), 0.0031590 secs] [Times: user=0.01 sys=0.00, real=0.00 secs] 
27.435: [GC 27.435: [ParNew
Desired survivor size 557056 bytes, new threshold 1 (max 15)
- age   1:    1035024 bytes,    1035024 total
: 2304K->1088K(2304K), 0.0042181 secs] 84656K->84526K(145680K), 0.0042915 secs] [Times: user=0.01 sys=0.00, real=0.00 secs] 
27.441: [GC 27.441: [ParNew
Desired survivor size 557056 bytes, new threshold 15 (max 15)
- age   1:     440792 bytes,     440792 total
: 2304K->1088K(2304K), 0.0025495 secs] 85742K->85547K(145680K), 0.0026163 secs] [Times: user=0.01 sys=0.00, real=0.00 secs] 
27.445: [GC 27.445: [ParNew
Desired survivor size 557056 bytes, new threshold 1 (max 15)
- age   1:     662288 bytes,     662288 total
- age   2:     439608 bytes,    1101896 total
: 2304K->1088K(2304K), 0.0019047 secs] 86763K->85584K(145680K), 0.0019574 secs] [Times: user=0.00 sys=0.00, real=0.00 secs] 
27.449: [GC 27.449: [ParNew
Desired survivor size 557056 bytes, new threshold 1 (max 15)
- age   1:     582904 bytes,     582904 total
: 2304K->896K(2304K), 0.0031047 secs] 86800K->86469K(145680K), 0.0031907 secs] [Times: user=0.01 sys=0.01, real=0.00 secs] 
27.454: [GC 27.454: [ParNew
Desired survivor size 557056 bytes, new threshold 1 (max 15)
- age   1:     610400 bytes,     610400 total
: 2112K->976K(2304K), 0.0022363 secs] 87685K->87118K(145680K), 0.0022956 secs] [Times: user=0.01 sys=0.00, real=0.01 secs] 
27.462: [GC 27.462: [ParNew
Desired survivor size 557056 bytes, new threshold 15 (max 15)
- age   1:     553304 bytes,     553304 total
: 2192K->762K(2304K), 0.0021301 secs] 88334K->87500K(145680K), 0.0021937 secs] [Times: user=0.00 sys=0.00, real=0.01 secs] 
27.466: [GC 27.466: [ParNew
Desired survivor size 557056 bytes, new threshold 2 (max 15)
- age   1:     487280 bytes,     487280 total
- age   2:     551304 bytes,    1038584 total
: 1978K->1088K(2304K), 0.0017859 secs] 88716K->87849K(145680K), 0.0018363 secs] [Times: user=0.00 sys=0.00, real=0.00 secs] 
27.471: [GC 27.471: [ParNew
Desired survivor size 557056 bytes, new threshold 2 (max 15)
- age   1:     238360 bytes,     238360 total
- age   2:     487064 bytes,     725424 total
: 2304K->1088K(2304K), 0.0024865 secs] 89065K->88416K(145680K), 0.0025523 secs] [Times: user=0.01 sys=0.00, real=0.00 secs] 
27.475: [GC 27.475: [ParNew
Desired survivor size 557056 bytes, new threshold 1 (max 15)
- age   1:     718056 bytes,     718056 total
- age   2:     228872 bytes,     946928 total
: 2304K->1088K(2304K), 0.0022674 secs] 89632K->88919K(145680K), 0.0023275 secs] [Times: user=0.01 sys=0.00, real=0.00 secs] 
27.478: [GC 27.478: [ParNew
Desired survivor size 557056 bytes, new threshold 1 (max 15)
- age   1:     674408 bytes,     674408 total
: 2304K->1088K(2304K), 0.0028366 secs] 90135K->89861K(145680K), 0.0028979 secs] [Times: user=0.00 sys=0.00, real=0.00 secs] 
27.484: [GC 27.484: [ParNew
Desired survivor size 557056 bytes, new threshold 15 (max 15)
- age   1:     539256 bytes,     539256 total
: 2304K->893K(2304K), 0.0030574 secs] 91077K->90325K(145680K), 0.0031409 secs] [Times: user=0.01 sys=0.00, real=0.00 secs] 
27.490: [GC 27.490: [ParNew
Desired survivor size 557056 bytes, new threshold 2 (max 15)
- age   1:     249088 bytes,     249088 total
- age   2:     535488 bytes,     784576 total
: 2109K->940K(2304K), 0.0015921 secs] 91541K->90372K(145680K), 0.0016494 secs] [Times: user=0.00 sys=0.00, real=0.00 secs] 
27.494: [GC 27.494: [ParNew
Desired survivor size 557056 bytes, new threshold 2 (max 15)
- age   1:     385416 bytes,     385416 total
- age   2:     230584 bytes,     616000 total
: 2156K->862K(2304K), 0.0022602 secs] 91588K->90817K(145680K), 0.0023244 secs] [Times: user=0.00 sys=0.00, real=0.01 secs] 
27.500: [GC 27.500: [ParNew
Desired survivor size 557056 bytes, new threshold 2 (max 15)
- age   1:     272544 bytes,     272544 total
- age   2:     385376 bytes,     657920 total
: 2078K->924K(2304K), 0.0018590 secs] 92033K->91104K(145680K), 0.0019434 secs] [Times: user=0.01 sys=0.00, real=0.00 secs] 
27.506: [CMS-concurrent-mark: 0.067/0.184 secs] [Times: user=0.52 sys=0.02, real=0.19 secs] 
27.507: [GC 27.507: [ParNew
Desired survivor size 557056 bytes, new threshold 1 (max 15)
- age   1:     891392 bytes,     891392 total
- age   2:     221904 bytes,    1113296 total
: 2140K->1088K(2304K), 0.0030324 secs] 92320K->91962K(145680K), 0.0031016 secs] [Times: user=0.01 sys=0.00, real=0.00 secs] 
27.510: [CMS-concurrent-preclean-start]
27.511: [GC 27.511: [ParNew
Desired survivor size 557056 bytes, new threshold 1 (max 15)
- age   1:     621184 bytes,     621184 total
: 2304K->1088K(2304K), 0.0026239 secs] 93178K->93049K(145680K), 0.0026839 secs] [Times: user=0.00 sys=0.00, real=0.01 secs] 
27.517: [GC 27.517: [ParNew
Desired survivor size 557056 bytes, new threshold 1 (max 15)
- age   1:    1109200 bytes,    1109200 total
: 2304K->1088K(2304K), 0.0032916 secs] 94265K->93777K(145680K), 0.0033628 secs] [Times: user=0.01 sys=0.00, real=0.00 secs] 
27.523: [GC 27.523: [ParNew
Desired survivor size 557056 bytes, new threshold 1 (max 15)
- age   1:     783496 bytes,     783496 total
: 2304K->1088K(2304K), 0.0043381 secs] 94993K->95109K(145680K), 0.0043983 secs] [Times: user=0.01 sys=0.00, real=0.01 secs] 
27.531: [GC 27.531: [ParNew
Desired survivor size 557056 bytes, new threshold 1 (max 15)
- age   1:     971360 bytes,     971360 total
: 2304K->1088K(2304K), 0.0030256 secs] 96325K->96081K(145680K), 0.0030956 secs] [Times: user=0.01 sys=0.00, real=0.01 secs] 
27.536: [GC 27.536: [ParNew
Desired survivor size 557056 bytes, new threshold 1 (max 15)
- age   1:     620464 bytes,     620464 total
: 2304K->1088K(2304K), 0.0024799 secs] 97297K->97046K(145680K), 0.0025381 secs] [Times: user=0.01 sys=0.00, real=0.00 secs] 
27.542: [GC 27.542: [ParNew
Desired survivor size 557056 bytes, new threshold 1 (max 15)
- age   1:    1112176 bytes,    1112176 total
: 2304K->1088K(2304K), 0.0028173 secs] 98262K->97775K(145680K), 0.0028834 secs] [Times: user=0.01 sys=0.00, real=0.01 secs] 
27.546: [GC 27.546: [ParNew
Desired survivor size 557056 bytes, new threshold 1 (max 15)
- age   1:     622800 bytes,     622800 total
: 2304K->1088K(2304K), 0.0030463 secs] 98991K->98861K(145680K), 0.0031171 secs] [Times: user=0.01 sys=0.00, real=0.00 secs] 
27.552: [GC 27.552: [ParNew
Desired survivor size 557056 bytes, new threshold 15 (max 15)
- age   1:     395408 bytes,     395408 total
: 2304K->690K(2304K), 0.0021553 secs] 100077K->99071K(145680K), 0.0022176 secs] [Times: user=0.00 sys=0.00, real=0.00 secs] 
27.556: [GC 27.556: [ParNew
Desired survivor size 557056 bytes, new threshold 1 (max 15)
- age   1:     612464 bytes,     612464 total
- age   2:     395328 bytes,    1007792 total
: 1906K->1088K(2304K), 0.0015170 secs] 100287K->99469K(145680K), 0.0015698 secs] [Times: user=0.01 sys=0.00, real=0.00 secs] 
27.561: [GC 27.561: [ParNew
Desired survivor size 557056 bytes, new threshold 1 (max 15)
- age   1:    1046728 bytes,    1046728 total
: 2304K->1088K(2304K), 0.0035165 secs] 100685K->100637K(145680K), 0.0035894 secs] [Times: user=0.01 sys=0.00, real=0.01 secs] 
27.566: [GC 27.566: [ParNew
Desired survivor size 557056 bytes, new threshold 1 (max 15)
- age   1:     711056 bytes,     711056 total
: 2304K->1088K(2304K), 0.0033844 secs] 101853K->101667K(145680K), 0.0034558 secs] [Times: user=0.01 sys=0.00, real=0.00 secs] 
27.570: [GC 27.570: [ParNew
Desired survivor size 557056 bytes, new threshold 1 (max 15)
- age   1:     860792 bytes,     860792 total
: 2304K->1088K(2304K), 0.0025164 secs] 102883K->102385K(145680K), 0.0026156 secs] [Times: user=0.00 sys=0.00, real=0.00 secs] 
27.574: [GC 27.574: [ParNew
Desired survivor size 557056 bytes, new threshold 15 (max 15)
- age   1:     244512 bytes,     244512 total
: 2304K->821K(2304K), 0.0021033 secs] 103601K->102959K(145680K), 0.0021571 secs] [Times: user=0.00 sys=0.01, real=0.00 secs] 
27.578: [GC 27.578: [ParNew
Desired survivor size 557056 bytes, new threshold 15 (max 15)
- age   1:     177984 bytes,     177984 total
- age   2:     244432 bytes,     422416 total
: 2037K->530K(2304K), 0.0014380 secs] 104175K->102667K(145680K), 0.0014910 secs] [Times: user=0.00 sys=0.00, real=0.00 secs] 
27.581: [GC 27.581: [ParNew
Desired survivor size 557056 bytes, new threshold 3 (max 15)
- age   1:     349152 bytes,     349152 total
- age   2:     177816 bytes,     526968 total
- age   3:     244432 bytes,     771400 total
: 1746K->939K(2304K), 0.0014753 secs] 103883K->103077K(145680K), 0.0015190 secs] [Times: user=0.00 sys=0.00, real=0.00 secs] 
27.584: [GC 27.584: [ParNew
Desired survivor size 557056 bytes, new threshold 2 (max 15)
- age   1:     484016 bytes,     484016 total
- age   2:     349024 bytes,     833040 total
- age   3:     177816 bytes,    1010856 total
: 2155K->1088K(2304K), 0.0025613 secs] 104293K->103536K(145680K), 0.0026288 secs] [Times: user=0.00 sys=0.00, real=0.01 secs] 
27.588: [GC 27.588: [ParNew
Desired survivor size 557056 bytes, new threshold 2 (max 15)
- age   1:     543968 bytes,     543968 total
- age   2:     383096 bytes,     927064 total
: 2304K->1088K(2304K), 0.0025361 secs] 104752K->104175K(145680K), 0.0026030 secs] [Times: user=0.01 sys=0.00, real=0.00 secs] 
27.592: [GC 27.592: [ParNew
Desired survivor size 557056 bytes, new threshold 1 (max 15)
- age   1:     667344 bytes,     667344 total
- age   2:     380360 bytes,    1047704 total
: 2304K->1088K(2304K), 0.0024379 secs] 105391K->104759K(145680K), 0.0024959 secs] [Times: user=0.01 sys=0.00, real=0.01 secs] 
27.596: [GC 27.596: [ParNew
Desired survivor size 557056 bytes, new threshold 1 (max 15)
- age   1:     570040 bytes,     570040 total
: 2304K->1088K(2304K), 0.0026263 secs] 105975K->105782K(145680K), 0.0026875 secs] [Times: user=0.01 sys=0.00, real=0.00 secs] 
27.600: [GC 27.600: [ParNew
Desired survivor size 557056 bytes, new threshold 15 (max 15)
- age   1:     225048 bytes,     225048 total
: 2304K->571K(2304K), 0.0018191 secs] 106998K->105822K(145680K), 0.0018719 secs] [Times: user=0.00 sys=0.00, real=0.00 secs] 
27.604: [GC 27.604: [ParNew
Desired survivor size 557056 bytes, new threshold 1 (max 15)
- age   1:     888016 bytes,     888016 total
- age   2:     221152 bytes,    1109168 total
: 1787K->1088K(2304K), 0.0022110 secs] 107038K->106620K(145680K), 0.0022717 secs] [Times: user=0.01 sys=0.00, real=0.00 secs] 
27.608: [GC 27.608: [ParNew
Desired survivor size 557056 bytes, new threshold 15 (max 15)
- age   1:     425472 bytes,     425472 total
: 2303K->854K(2304K), 0.0030069 secs] 107836K->107470K(145680K), 0.0030695 secs] [Times: user=0.01 sys=0.00, real=0.00 secs] 
27.613: [GC 27.613: [ParNew
Desired survivor size 557056 bytes, new threshold 2 (max 15)
- age   1:     242288 bytes,     242288 total
- age   2:     425360 bytes,     667648 total
: 2070K->831K(2304K), 0.0014128 secs] 108686K->107447K(145680K), 0.0014595 secs] [Times: user=0.01 sys=0.00, real=0.01 secs] 
27.615: [GC 27.615: [ParNew
Desired survivor size 557056 bytes, new threshold 1 (max 15)
- age   1:     712760 bytes,     712760 total
- age   2:     242160 bytes,     954920 total
: 2047K->1088K(2304K), 0.0022231 secs] 108663K->108119K(145680K), 0.0022854 secs] [Times: user=0.01 sys=0.00, real=0.00 secs] 
27.619: [GC 27.619: [ParNew
Desired survivor size 557056 bytes, new threshold 1 (max 15)
- age   1:     902440 bytes,     902440 total
: 2304K->1088K(2304K), 0.0042795 secs] 109335K->109329K(145680K), 0.0043526 secs] [Times: user=0.02 sys=0.00, real=0.00 secs] 
27.626: [GC 27.626: [ParNew
Desired survivor size 557056 bytes, new threshold 1 (max 15)
- age   1:     648408 bytes,     648408 total
: 2304K->1088K(2304K), 0.0026994 secs] 110545K->110210K(145680K), 0.0028011 secs] [Times: user=0.01 sys=0.00, real=0.00 secs] 
27.631: [GC 27.631: [ParNew
Desired survivor size 557056 bytes, new threshold 15 (max 15)
- age   1:      89520 bytes,      89520 total
: 2304K->319K(2304K), 0.0018815 secs] 111426K->110071K(145680K), 0.0019368 secs] [Times: user=0.00 sys=0.01, real=0.00 secs] 
27.634: [GC 27.634: [ParNew
Desired survivor size 557056 bytes, new threshold 15 (max 15)
- age   1:      73728 bytes,      73728 total
- age   2:      77112 bytes,     150840 total
: 1535K->192K(2304K), 0.0010475 secs] 111287K->109944K(145680K), 0.0010851 secs] [Times: user=0.00 sys=0.00, real=0.00 secs] 
27.638: [GC 27.638: [ParNew
Desired survivor size 557056 bytes, new threshold 1 (max 15)
- age   1:     675192 bytes,     675192 total
- age   2:      55152 bytes,     730344 total
- age   3:      77112 bytes,     807456 total
: 1408K->855K(2304K), 0.0017655 secs] 111160K->110607K(145680K), 0.0018264 secs] [Times: user=0.01 sys=0.00, real=0.00 secs] 
27.641: [GC 27.641: [ParNew
Desired survivor size 557056 bytes, new threshold 1 (max 15)
- age   1:     725440 bytes,     725440 total
: 2071K->960K(2304K), 0.0028047 secs] 111823K->111469K(145680K), 0.0028717 secs] [Times: user=0.01 sys=0.00, real=0.01 secs] 
27.648: [GC 27.648: [ParNew
Desired survivor size 557056 bytes, new threshold 15 (max 15)
- age   1:     448160 bytes,     448160 total
: 2176K->841K(2304K), 0.0023401 secs] 112685K->112058K(145680K), 0.0024248 secs] [Times: user=0.01 sys=0.00, real=0.00 secs] 
27.652: [GC 27.652: [ParNew
Desired survivor size 557056 bytes, new threshold 1 (max 15)
- age   1:     769720 bytes,     769720 total
- age   2:     342208 bytes,    1111928 total
: 2057K->1088K(2304K), 0.0024305 secs] 113274K->112619K(145680K), 0.0025012 secs] [Times: user=0.01 sys=0.00, real=0.01 secs] 
27.656: [GC 27.656: [ParNew
Desired survivor size 557056 bytes, new threshold 15 (max 15)
- age   1:        208 bytes,        208 total
: 2304K->673K(2304K), 0.0024538 secs] 113835K->113290K(145680K), 0.0025144 secs] [Times: user=0.00 sys=0.00, real=0.00 secs] 
27.660: [GC 27.660: [ParNew
Desired survivor size 557056 bytes, new threshold 15 (max 15)
- age   1:     303752 bytes,     303752 total
- age   2:         72 bytes,     303824 total
: 1889K->448K(2304K), 0.0011338 secs] 114506K->113066K(145680K), 0.0011755 secs] [Times: user=0.00 sys=0.00, real=0.00 secs] 
27.662: [GC 27.662: [ParNew
Desired survivor size 557056 bytes, new threshold 15 (max 15)
- age   1:     219064 bytes,     219064 total
- age   2:     303672 bytes,     522736 total
: 1664K->627K(2304K), 0.0012258 secs] 114282K->113244K(145680K), 0.0012654 secs] [Times: user=0.01 sys=0.00, real=0.00 secs] 
27.665: [GC 27.665: [ParNew
Desired survivor size 557056 bytes, new threshold 2 (max 15)
- age   1:     398040 bytes,     398040 total
- age   2:     218992 bytes,     617032 total
- age   3:     303576 bytes,     920608 total
: 1843K->1088K(2304K), 0.0015409 secs] 114460K->113705K(145680K), 0.0015818 secs] [Times: user=0.01 sys=0.00, real=0.00 secs] 
27.668: [GC 27.668: [ParNew
Desired survivor size 557056 bytes, new threshold 2 (max 15)
- age   1:     224512 bytes,     224512 total
- age   2:     397840 bytes,     622352 total
: 2304K->984K(2304K), 0.0020608 secs] 114921K->114112K(145680K), 0.0021166 secs] [Times: user=0.01 sys=0.00, real=0.00 secs] 
27.672: [GC 27.672: [ParNew
Desired survivor size 557056 bytes, new threshold 15 (max 15)
- age   1:        104 bytes,        104 total
- age   2:     224472 bytes,     224576 total
: 2200K->489K(2304K), 0.0023754 secs] 115328K->114005K(145680K), 0.0024481 secs] [Times: user=0.01 sys=0.00, real=0.01 secs] 
27.676: [GC 27.676: [ParNew
Desired survivor size 557056 bytes, new threshold 3 (max 15)
- age   1:     479160 bytes,     479160 total
- age   2:         32 bytes,     479192 total
- age   3:     224472 bytes,     703664 total
: 1705K->859K(2304K), 0.0017869 secs] 115221K->114375K(145680K), 0.0018495 secs] [Times: user=0.01 sys=0.00, real=0.00 secs] 
27.680: [GC 27.680: [ParNew
Desired survivor size 557056 bytes, new threshold 2 (max 15)
- age   1:     384648 bytes,     384648 total
- age   2:     479032 bytes,     863680 total
- age   3:         32 bytes,     863712 total
: 2075K->1009K(2304K), 0.0018710 secs] 115591K->114744K(145680K), 0.0019375 secs] [Times: user=0.01 sys=0.00, real=0.00 secs] 
27.683: [GC 27.683: [ParNew
Desired survivor size 557056 bytes, new threshold 1 (max 15)
- age   1:     659616 bytes,     659616 total
- age   2:     384472 bytes,    1044088 total
: 2225K->1088K(2304K), 0.0032462 secs] 115960K->115347K(145680K), 0.0033001 secs] [Times: user=0.01 sys=0.00, real=0.01 secs] 
27.687: [GC 27.687: [ParNew
Desired survivor size 557056 bytes, new threshold 1 (max 15)
- age   1:     769200 bytes,     769200 total
: 2304K->1088K(2304K), 0.0036854 secs] 116563K->116366K(145680K), 0.0037654 secs] [Times: user=0.02 sys=0.01, real=0.00 secs] 
27.693: [GC 27.693: [ParNew
Desired survivor size 557056 bytes, new threshold 1 (max 15)
- age   1:     601576 bytes,     601576 total
: 2304K->803K(2304K), 0.0024556 secs] 117582K->116828K(145680K), 0.0025254 secs] [Times: user=0.01 sys=0.00, real=0.01 secs] 
27.696: [GC 27.696: [ParNew
Desired survivor size 557056 bytes, new threshold 15 (max 15)
- age   1:     299264 bytes,     299264 total
: 2019K->801K(2304K), 0.0018849 secs] 118044K->117414K(145680K), 0.0019324 secs] [Times: user=0.01 sys=0.00, real=0.00 secs] 
27.700: [GC 27.700: [ParNew
Desired survivor size 557056 bytes, new threshold 2 (max 15)
- age   1:     435576 bytes,     435576 total
- age   2:     299200 bytes,     734776 total
: 2017K->817K(2304K), 0.0015905 secs] 118630K->117429K(145680K), 0.0016410 secs] [Times: user=0.01 sys=0.00, real=0.00 secs] 
27.703: [GC 27.703: [ParNew
Desired survivor size 557056 bytes, new threshold 1 (max 15)
- age   1:     630112 bytes,     630112 total
- age   2:     409080 bytes,    1039192 total
: 2010K->1088K(2304K), 0.0027245 secs] 118623K->118098K(145680K), 0.0027976 secs] [Times: user=0.01 sys=0.00, real=0.01 secs] 
27.710: [GC 27.710: [ParNew
Desired survivor size 557056 bytes, new threshold 15 (max 15)
- age   1:     368472 bytes,     368472 total
: 2304K->1088K(2304K), 0.0031315 secs] 119314K->119112K(145680K), 0.0032045 secs] [Times: user=0.01 sys=0.00, real=0.00 secs] 
27.715: [GC 27.715: [ParNew
Desired survivor size 557056 bytes, new threshold 2 (max 15)
- age   1:     223544 bytes,     223544 total
- age   2:     368328 bytes,     591872 total
: 2304K->658K(2304K), 0.0012985 secs] 120328K->118683K(145680K), 0.0013407 secs] [Times: user=0.00 sys=0.00, real=0.00 secs] 
27.718: [GC 27.718: [ParNew
Desired survivor size 557056 bytes, new threshold 15 (max 15)
- age   1:      19064 bytes,      19064 total
- age   2:     223344 bytes,     242408 total
: 1874K->505K(2304K), 0.0014911 secs] 119899K->118889K(145680K), 0.0015385 secs] [Times: user=0.00 sys=0.00, real=0.00 secs] 
27.720: [GC 27.720: [ParNew
Desired survivor size 557056 bytes, new threshold 15 (max 15)
- age   1:        112 bytes,        112 total
- age   2:      18864 bytes,      18976 total
- age   3:     223272 bytes,     242248 total
: 1721K->324K(2304K), 0.0009809 secs] 120105K->118709K(145680K), 0.0010168 secs] [Times: user=0.00 sys=0.00, real=0.00 secs] 
27.723: [GC 27.723: [ParNew
Desired survivor size 557056 bytes, new threshold 4 (max 15)
- age   1:     353944 bytes,     353944 total
- age   2:         40 bytes,     353984 total
- age   3:      18864 bytes,     372848 total
- age   4:     223208 bytes,     596056 total
: 1540K->682K(2304K), 0.0013485 secs] 119925K->119066K(145680K), 0.0013990 secs] [Times: user=0.01 sys=0.00, real=0.01 secs] 
27.726: [GC 27.726: [ParNew
Desired survivor size 557056 bytes, new threshold 2 (max 15)
- age   1:     482912 bytes,     482912 total
- age   2:     353848 bytes,     836760 total
- age   4:      18864 bytes,     855624 total
: 1898K->1088K(2304K), 0.0019662 secs] 120282K->119690K(145680K), 0.0020236 secs] [Times: user=0.01 sys=0.00, real=0.00 secs] 
27.729: [GC 27.729: [ParNew
Desired survivor size 557056 bytes, new threshold 2 (max 15)
- age   1:     371584 bytes,     371584 total
- age   2:     482776 bytes,     854360 total
: 2304K->1088K(2304K), 0.0020610 secs] 120906K->120054K(145680K), 0.0021472 secs] [Times: user=0.01 sys=0.00, real=0.00 secs] 
27.733: [GC 27.733: [ParNew
Desired survivor size 557056 bytes, new threshold 2 (max 15)
- age   1:     459640 bytes,     459640 total
- age   2:     371520 bytes,     831160 total
: 2304K->1056K(2304K), 0.0033365 secs] 121270K->120467K(145680K), 0.0034187 secs] [Times: user=0.01 sys=0.00, real=0.01 secs] 
27.738: [GC 27.738: [ParNew
Desired survivor size 557056 bytes, new threshold 15 (max 15)
- age   1:        144 bytes,        144 total
- age   2:     459568 bytes,     459712 total
: 2272K->977K(2304K), 0.0024701 secs] 121683K->120750K(145680K), 0.0025316 secs] [Times: user=0.01 sys=0.00, real=0.00 secs] 
27.742: [GC 27.743: [ParNew
Desired survivor size 557056 bytes, new threshold 15 (max 15)
- age   1:        208 bytes,        208 total
- age   3:     459568 bytes,     459776 total
: 2193K->586K(2304K), 0.0014850 secs] 121966K->120359K(145680K), 0.0015285 secs] [Times: user=0.00 sys=0.00, real=0.01 secs] 
27.748: [GC 27.748: [ParNew
Desired survivor size 557056 bytes, new threshold 4 (max 15)
- age   1:     181880 bytes,     181880 total
- age   2:         40 bytes,     181920 total
- age   4:     447312 bytes,     629232 total
: 1802K->862K(2304K), 0.0016726 secs] 121575K->120635K(145680K), 0.0017475 secs] [Times: user=0.01 sys=0.00, real=0.00 secs] 
27.753: [GC 27.753: [ParNew
Desired survivor size 557056 bytes, new threshold 15 (max 15)
- age   1:      98712 bytes,      98712 total
- age   2:     154152 bytes,     252864 total
- age   3:         40 bytes,     252904 total
: 2078K->550K(2304K), 0.0020655 secs] 121851K->120760K(145680K), 0.0021277 secs] [Times: user=0.01 sys=0.00, real=0.01 secs] 
27.756: [GC 27.757: [ParNew
Desired survivor size 557056 bytes, new threshold 15 (max 15)
- age   1:      50232 bytes,      50232 total
- age   2:      98648 bytes,     148880 total
- age   3:     154152 bytes,     303032 total
- age   4:         40 bytes,     303072 total
: 1766K->399K(2304K), 0.0012095 secs] 121976K->120609K(145680K), 0.0012510 secs] [Times: user=0.01 sys=0.00, real=0.00 secs] 
27.760: [GC 27.760: [ParNew
Desired survivor size 557056 bytes, new threshold 15 (max 15)
- age   1:     105744 bytes,     105744 total
- age   2:      50192 bytes,     155936 total
- age   3:      98648 bytes,     254584 total
- age   4:     154152 bytes,     408736 total
: 1615K->546K(2304K), 0.0012263 secs] 121825K->120756K(145680K), 0.0012760 secs] [Times: user=0.01 sys=0.00, real=0.00 secs] 
27.763: [GC 27.763: [ParNew
Desired survivor size 557056 bytes, new threshold 15 (max 15)
- age   1:        632 bytes,        632 total
- age   2:     109808 bytes,     110440 total
- age   3:      50192 bytes,     160632 total
- age   4:      98648 bytes,     259280 total
- age   5:     154152 bytes,     413432 total
: 1762K->550K(2304K), 0.0012198 secs] 121972K->120760K(145680K), 0.0012626 secs] [Times: user=0.00 sys=0.00, real=0.01 secs] 
27.765: [CMS-concurrent-preclean: 0.096/0.256 secs] [Times: user=0.74 sys=0.05, real=0.26 secs] 
27.766: [GC 27.766: [ParNew
Desired survivor size 557056 bytes, new threshold 15 (max 15)
- age   1:        280 bytes,        280 total
- age   2:        360 bytes,        640 total
- age   3:     113912 bytes,     114552 total
- age   4:      50192 bytes,     164744 total
- age   5:      98648 bytes,     263392 total
- age   6:     154152 bytes,     417544 total
: 1766K->626K(2304K), 0.0011321 secs] 121976K->120837K(145680K), 0.0011859 secs] [Times: user=0.00 sys=0.00, real=0.00 secs] 
27.768: [GC[YG occupancy: 692 K (2304 K)]27.768: [Rescan (parallel) , 0.0006826 secs]27.769: [weak refs processing, 0.0000110 secs] [1 CMS-remark: 120210K(143376K)] 120902K(145680K), 0.0007617 secs] [Times: user=0.00 sys=0.00, real=0.00 secs] 
27.771: [CMS-concurrent-sweep-start]
27.771: [GC 27.771: [ParNew
Desired survivor size 557056 bytes, new threshold 15 (max 15)
- age   1:      30272 bytes,      30272 total
- age   3:        360 bytes,      30632 total
- age   4:     119528 bytes,     150160 total
- age   5:      50112 bytes,     200272 total
- age   6:      98648 bytes,     298920 total
- age   7:     159912 bytes,     458832 total
: 1842K->558K(2304K), 0.0019664 secs] 122053K->120768K(145680K), 0.0020543 secs] [Times: user=0.00 sys=0.00, real=0.00 secs] 
27.774: [GC 27.774: [ParNew
Desired survivor size 557056 bytes, new threshold 15 (max 15)
- age   1:        576 bytes,        576 total
- age   2:      29376 bytes,      29952 total
- age   4:        360 bytes,      30312 total
- age   5:     104480 bytes,     134792 total
- age   6:      50112 bytes,     184904 total
- age   7:      98648 bytes,     283552 total
- age   8:     154152 bytes,     437704 total
: 1774K->619K(2304K), 0.0016398 secs] 121914K->120759K(145680K), 0.0017061 secs] [Times: user=0.00 sys=0.00, real=0.00 secs] 
27.780: [GC 27.780: [ParNew
Desired survivor size 557056 bytes, new threshold 15 (max 15)
- age   1:      18768 bytes,      18768 total
- age   2:        504 bytes,      19272 total
- age   3:      29344 bytes,      48616 total
- age   5:        360 bytes,      48976 total
- age   6:     108296 bytes,     157272 total
- age   7:      50112 bytes,     207384 total
- age   8:      98648 bytes,     306032 total
- age   9:     154152 bytes,     460184 total
: 1835K->652K(2304K), 0.0016004 secs] 120455K->119273K(145680K), 0.0016455 secs] [Times: user=0.00 sys=0.00, real=0.00 secs] 
27.783: [GC 27.783: [ParNew
Desired survivor size 557056 bytes, new threshold 15 (max 15)
- age   1:      24592 bytes,      24592 total
- age   2:      18672 bytes,      43264 total
- age   3:        504 bytes,      43768 total
- age   4:      29304 bytes,      73072 total
- age   6:        360 bytes,      73432 total
- age   7:     104408 bytes,     177840 total
- age   8:      50112 bytes,     227952 total
- age   9:      98648 bytes,     326600 total
- age  10:     154152 bytes,     480752 total
: 1868K->748K(2304K), 0.0012854 secs] 119315K->118194K(145680K), 0.0013277 secs] [Times: user=0.00 sys=0.00, real=0.01 secs] 
27.786: [GC 27.786: [ParNew
Desired survivor size 557056 bytes, new threshold 11 (max 15)
- age   1:     155368 bytes,     155368 total
- age   2:      21752 bytes,     177120 total
- age   3:      18616 bytes,     195736 total
- age   4:        504 bytes,     196240 total
- age   5:      29304 bytes,     225544 total
- age   7:        360 bytes,     225904 total
- age   8:     107432 bytes,     333336 total
- age   9:      50112 bytes,     383448 total
- age  10:      98648 bytes,     482096 total
- age  11:     154152 bytes,     636248 total
: 1964K->803K(2304K), 0.0016856 secs] 118437K->117276K(145680K), 0.0017406 secs] [Times: user=0.01 sys=0.00, real=0.00 secs] 
27.789: [GC 27.789: [ParNew
Desired survivor size 557056 bytes, new threshold 15 (max 15)
- age   1:        200 bytes,        200 total
- age   2:     155240 bytes,     155440 total
- age   3:      22000 bytes,     177440 total
- age   4:      18616 bytes,     196056 total
- age   5:        432 bytes,     196488 total
- age   6:      29304 bytes,     225792 total
- age   8:        360 bytes,     226152 total
- age   9:     115568 bytes,     341720 total
- age  10:      50112 bytes,     391832 total
- age  11:      98648 bytes,     490480 total
: 2019K->578K(2304K), 0.0013700 secs] 117829K->116539K(145680K), 0.0014141 secs] [Times: user=0.01 sys=0.00, real=0.00 secs] 
27.802: [GC 27.802: [ParNew
Desired survivor size 557056 bytes, new threshold 5 (max 15)
- age   1:     369256 bytes,     369256 total
- age   2:         32 bytes,     369288 total
- age   3:     155112 bytes,     524400 total
- age   4:      21680 bytes,     546080 total
- age   5:      18576 bytes,     564656 total
- age   6:        432 bytes,     565088 total
- age   7:      29304 bytes,     594392 total
- age   9:        360 bytes,     594752 total
- age  10:     104408 bytes,     699160 total
- age  11:      50112 bytes,     749272 total
- age  12:      98648 bytes,     847920 total
: 1794K->991K(2304K), 0.0036693 secs] 116926K->116122K(145680K), 0.0037922 secs] [Times: user=0.01 sys=0.00, real=0.01 secs] 
27.810: [GC 27.810: [ParNew
Desired survivor size 557056 bytes, new threshold 4 (max 15)
- age   1:      71528 bytes,      71528 total
- age   2:     368480 bytes,     440008 total
- age   3:         32 bytes,     440040 total
- age   4:     155112 bytes,     595152 total
- age   5:      21680 bytes,     616832 total
: 2207K->931K(2304K), 0.0016243 secs] 115888K->114906K(145680K), 0.0016814 secs] [Times: user=0.00 sys=0.00, real=0.00 secs] 
27.813: [GC 27.813: [ParNew
Desired survivor size 557056 bytes, new threshold 3 (max 15)
- age   1:     201384 bytes,     201384 total
- age   2:      71456 bytes,     272840 total
- age   3:     368480 bytes,     641320 total
: 2147K->957K(2304K), 0.0015302 secs] 114963K->113946K(145680K), 0.0015775 secs] [Times: user=0.00 sys=0.00, real=0.01 secs] 
27.817: [GC 27.817: [ParNew
Desired survivor size 557056 bytes, new threshold 1 (max 15)
- age   1:     574560 bytes,     574560 total
- age   2:     201384 bytes,     775944 total
- age   3:      71456 bytes,     847400 total
: 2173K->1088K(2304K), 0.0018828 secs] 114029K->113303K(145680K), 0.0019334 secs] [Times: user=0.00 sys=0.00, real=0.00 secs] 
27.823: [GC 27.823: [ParNew
Desired survivor size 557056 bytes, new threshold 15 (max 15)
- age   1:     444512 bytes,     444512 total
: 2304K->972K(2304K), 0.0024169 secs] 112692K->112187K(145680K), 0.0024770 secs] [Times: user=0.01 sys=0.00, real=0.01 secs] 
27.827: [GC 27.827: [ParNew
Desired survivor size 557056 bytes, new threshold 15 (max 15)
- age   1:        304 bytes,        304 total
- age   2:     444472 bytes,     444776 total
: 2188K->625K(2304K), 0.0012330 secs] 112682K->111118K(145680K), 0.0012769 secs] [Times: user=0.00 sys=0.00, real=0.00 secs] 
27.830: [GC 27.830: [ParNew
Desired survivor size 557056 bytes, new threshold 3 (max 15)
- age   1:     225272 bytes,     225272 total
- age   2:         40 bytes,     225312 total
- age   3:     444472 bytes,     669784 total
: 1841K->830K(2304K), 0.0015610 secs] 111762K->110751K(145680K), 0.0016152 secs] [Times: user=0.00 sys=0.00, real=0.00 secs] 
27.833: [GC 27.833: [ParNew
Desired survivor size 557056 bytes, new threshold 15 (max 15)
- age   1:        232 bytes,        232 total
- age   2:     225144 bytes,     225376 total
: 2046K->743K(2304K), 0.0015859 secs] 111269K->110400K(145680K), 0.0016318 secs] [Times: user=0.00 sys=0.00, real=0.01 secs] 
27.836: [GC 27.836: [ParNew
Desired survivor size 557056 bytes, new threshold 15 (max 15)
- age   1:      48728 bytes,      48728 total
- age   2:         80 bytes,      48808 total
- age   3:     225144 bytes,     273952 total
: 1959K->305K(2304K), 0.0011115 secs] 110816K->109163K(145680K), 0.0011590 secs] [Times: user=0.00 sys=0.00, real=0.00 secs] 
27.839: [GC 27.839: [ParNew
Desired survivor size 557056 bytes, new threshold 4 (max 15)
- age   1:     411984 bytes,     411984 total
- age   2:      48600 bytes,     460584 total
- age   3:         80 bytes,     460664 total
- age   4:     225144 bytes,     685808 total
: 1521K->817K(2304K), 0.0016800 secs] 109504K->108801K(145680K), 0.0017348 secs] [Times: user=0.00 sys=0.00, real=0.00 secs] 
27.843: [GC 27.843: [ParNew
Desired survivor size 557056 bytes, new threshold 15 (max 15)
- age   1:        440 bytes,        440 total
- age   2:     411952 bytes,     412392 total
- age   3:      48472 bytes,     460864 total
: 2033K->847K(2304K), 0.0019856 secs] 109467K->108501K(145680K), 0.0020612 secs] [Times: user=0.01 sys=0.00, real=0.01 secs] 
27.847: [GC 27.847: [ParNew
Desired survivor size 557056 bytes, new threshold 3 (max 15)
- age   1:     398608 bytes,     398608 total
- age   2:        312 bytes,     398920 total
- age   3:     411952 bytes,     810872 total
- age   4:      48416 bytes,     859288 total
: 2063K->1007K(2304K), 0.0015344 secs] 108571K->107515K(145680K), 0.0016071 secs] [Times: user=0.01 sys=0.01, real=0.00 secs] 
27.850: [GC 27.850: [ParNew
Desired survivor size 557056 bytes, new threshold 15 (max 15)
- age   1:      48232 bytes,      48232 total
- age   2:     398576 bytes,     446808 total
- age   3:        312 bytes,     447120 total
: 2223K->883K(2304K), 0.0016953 secs] 108310K->107420K(145680K), 0.0017756 secs] [Times: user=0.01 sys=0.00, real=0.00 secs] 
27.853: [GC 27.853: [ParNew
Desired survivor size 557056 bytes, new threshold 3 (max 15)
- age   1:     264680 bytes,     264680 total
- age   2:      48096 bytes,     312776 total
- age   3:     398576 bytes,     711352 total
- age   4:        184 bytes,     711536 total
: 2099K->766K(2304K), 0.0013861 secs] 108083K->106750K(145680K), 0.0014419 secs] [Times: user=0.01 sys=0.00, real=0.01 secs] 
27.857: [GC 27.857: [ParNew
Desired survivor size 557056 bytes, new threshold 15 (max 15)
- age   1:        312 bytes,        312 total
- age   2:     264552 bytes,     264864 total
- age   3:      47968 bytes,     312832 total
: 1982K->606K(2304K), 0.0015761 secs] 106688K->105702K(145680K), 0.0016256 secs] [Times: user=0.01 sys=0.00, real=0.00 secs] 
27.860: [GC 27.860: [ParNew
Desired survivor size 557056 bytes, new threshold 1 (max 15)
- age   1:     588136 bytes,     588136 total
- age   2:        176 bytes,     588312 total
- age   3:     264552 bytes,     852864 total
- age   4:      47968 bytes,     900832 total
: 1822K->1064K(2304K), 0.0018825 secs] 105776K->105018K(145680K), 0.0019497 secs] [Times: user=0.01 sys=0.00, real=0.00 secs] 
27.864: [GC 27.864: [ParNew
Desired survivor size 557056 bytes, new threshold 1 (max 15)
- age   1:     788544 bytes,     788544 total
: 2280K->1088K(2304K), 0.0024434 secs] 104553K->104240K(145680K), 0.0025060 secs] [Times: user=0.01 sys=0.00, real=0.00 secs] 
27.868: [GC 27.868: [ParNew
Desired survivor size 557056 bytes, new threshold 1 (max 15)
- age   1:     574360 bytes,     574360 total
: 2304K->759K(2304K), 0.0022002 secs] 104906K->104131K(145680K), 0.0022578 secs] [Times: user=0.00 sys=0.00, real=0.00 secs] 
27.872: [GC 27.872: [ParNew
Desired survivor size 557056 bytes, new threshold 15 (max 15)
- age   1:     190136 bytes,     190136 total
: 1975K->595K(2304K), 0.0021707 secs] 105187K->104349K(145680K), 0.0022382 secs] [Times: user=0.00 sys=0.00, real=0.01 secs] 
27.877: [GC 27.877: [ParNew
Desired survivor size 557056 bytes, new threshold 1 (max 15)
- age   1:     844504 bytes,     844504 total
- age   2:     190008 bytes,    1034512 total
: 1811K->1088K(2304K), 0.0015303 secs] 104129K->103405K(145680K), 0.0015800 secs] [Times: user=0.01 sys=0.00, real=0.00 secs] 
27.881: [GC 27.881: [ParNew
Desired survivor size 557056 bytes, new threshold 1 (max 15)
- age   1:     592792 bytes,     592792 total
: 2304K->1088K(2304K), 0.0026509 secs] 103799K->103589K(145680K), 0.0027311 secs] [Times: user=0.01 sys=0.00, real=0.00 secs] 
27.886: [GC 27.886: [ParNew
Desired survivor size 557056 bytes, new threshold 1 (max 15)
- age   1:     648336 bytes,     648336 total
: 2304K->938K(2304K), 0.0019731 secs] 104366K->103578K(145680K), 0.0020317 secs] [Times: user=0.00 sys=0.00, real=0.00 secs] 
27.889: [GC 27.889: [ParNew
Desired survivor size 557056 bytes, new threshold 15 (max 15)
- age   1:     348672 bytes,     348672 total
: 2154K->724K(2304K), 0.0024827 secs] 103582K->102785K(145680K), 0.0025528 secs] [Times: user=0.00 sys=0.00, real=0.00 secs] 
27.893: [GC 27.893: [ParNew
Desired survivor size 557056 bytes, new threshold 15 (max 15)
- age   1:     194080 bytes,     194080 total
- age   2:     348600 bytes,     542680 total
: 1940K->681K(2304K), 0.0012058 secs] 103759K->102501K(145680K), 0.0012469 secs] [Times: user=0.00 sys=0.00, real=0.01 secs] 
27.897: [GC 27.897: [ParNew
Desired survivor size 557056 bytes, new threshold 2 (max 15)
- age   1:     530544 bytes,     530544 total
- age   2:     143088 bytes,     673632 total
- age   3:     306224 bytes,     979856 total
: 1897K->1088K(2304K), 0.0022871 secs] 103267K->102560K(145680K), 0.0023716 secs] [Times: user=0.00 sys=0.01, real=0.00 secs] 
27.902: [GC 27.902: [ParNew
Desired survivor size 557056 bytes, new threshold 2 (max 15)
- age   1:     447816 bytes,     447816 total
- age   2:     507920 bytes,     955736 total
: 2304K->1088K(2304K), 0.0023356 secs] 102414K->101663K(145680K), 0.0024363 secs] [Times: user=0.00 sys=0.00, real=0.01 secs] 
27.906: [GC 27.906: [ParNew
Desired survivor size 557056 bytes, new threshold 1 (max 15)
- age   1:     599000 bytes,     599000 total
- age   2:     439944 bytes,    1038944 total
: 2304K->1088K(2304K), 0.0028373 secs] 101640K->100941K(145680K), 0.0029016 secs] [Times: user=0.01 sys=0.00, real=0.00 secs] 
27.911: [GC 27.911: [ParNew
Desired survivor size 557056 bytes, new threshold 1 (max 15)
- age   1:     669208 bytes,     669208 total
: 2304K->1088K(2304K), 0.0027003 secs] 101320K->101119K(145680K), 0.0027641 secs] [Times: user=0.01 sys=0.00, real=0.00 secs] 
27.915: [GC 27.915: [ParNew
Desired survivor size 557056 bytes, new threshold 15 (max 15)
- age   1:     227488 bytes,     227488 total
: 2304K->737K(2304K), 0.0018506 secs] 101583K->100669K(145680K), 0.0019028 secs] [Times: user=0.00 sys=0.00, real=0.00 secs] 
27.918: [GC 27.919: [ParNew
Desired survivor size 557056 bytes, new threshold 1 (max 15)
- age   1:     620008 bytes,     620008 total
- age   2:     227416 bytes,     847424 total
: 1953K->899K(2304K), 0.0013862 secs] 101256K->100202K(145680K), 0.0014310 secs] [Times: user=0.00 sys=0.00, real=0.00 secs] 
27.923: [GC 27.923: [ParNew
Desired survivor size 557056 bytes, new threshold 1 (max 15)
- age   1:    1039944 bytes,    1039944 total
: 2115K->1088K(2304K), 0.0039008 secs] 100653K->100659K(145680K), 0.0039762 secs] [Times: user=0.01 sys=0.00, real=0.01 secs] 
27.929: [GC 27.929: [ParNew
Desired survivor size 557056 bytes, new threshold 1 (max 15)
- age   1:     698408 bytes,     698408 total
: 2304K->1088K(2304K), 0.0024251 secs] 100919K->100700K(145680K), 0.0024885 secs] [Times: user=0.01 sys=0.00, real=0.00 secs] 
27.933: [GC 27.933: [ParNew
Desired survivor size 557056 bytes, new threshold 15 (max 15)
- age   1:     256144 bytes,     256144 total
: 2304K->741K(2304K), 0.0018352 secs] 101282K->100401K(145680K), 0.0018861 secs] [Times: user=0.01 sys=0.00, real=0.01 secs] 
27.937: [GC 27.937: [ParNew
Desired survivor size 557056 bytes, new threshold 1 (max 15)
- age   1:     588152 bytes,     588152 total
- age   2:     256016 bytes,     844168 total
: 1957K->929K(2304K), 0.0014313 secs] 101141K->100113K(145680K), 0.0014784 secs] [Times: user=0.01 sys=0.00, real=0.00 secs] 
27.940: [GC 27.940: [ParNew
Desired survivor size 557056 bytes, new threshold 15 (max 15)
- age   1:     219640 bytes,     219640 total
: 2145K->680K(2304K), 0.0020083 secs] 100850K->100209K(145680K), 0.0020600 secs] [Times: user=0.01 sys=0.00, real=0.00 secs] 
27.944: [GC 27.944: [ParNew
Desired survivor size 557056 bytes, new threshold 1 (max 15)
- age   1:     956368 bytes,     956368 total
- age   2:     150648 bytes,    1107016 total
: 1896K->1088K(2304K), 0.0021305 secs] 100879K->100409K(145680K), 0.0021929 secs] [Times: user=0.01 sys=0.00, real=0.01 secs] 
27.948: [GC 27.948: [ParNew
Desired survivor size 557056 bytes, new threshold 1 (max 15)
- age   1:     651352 bytes,     651352 total
: 2304K->1088K(2304K), 0.0025827 secs] 101204K->101076K(145680K), 0.0026470 secs] [Times: user=0.01 sys=0.01, real=0.00 secs] 
27.953: [GC 27.953: [ParNew
Desired survivor size 557056 bytes, new threshold 15 (max 15)
- age   1:     406800 bytes,     406800 total
: 2304K->569K(2304K), 0.0036509 secs] 102101K->101002K(145680K), 0.0037350 secs] [Times: user=0.01 sys=0.00, real=0.01 secs] 
27.959: [GC 27.959: [ParNew
Desired survivor size 557056 bytes, new threshold 1 (max 15)
- age   1:     812744 bytes,     812744 total
- age   2:     298688 bytes,    1111432 total
: 1785K->1088K(2304K), 0.0024413 secs] 100278K->100099K(145680K), 0.0025065 secs] [Times: user=0.00 sys=0.00, real=0.00 secs] 
27.964: [GC 27.964: [ParNew
Desired survivor size 557056 bytes, new threshold 1 (max 15)
- age   1:    1017336 bytes,    1017336 total
: 2304K->1088K(2304K), 0.0029338 secs] 100764K->100656K(145680K), 0.0029934 secs] [Times: user=0.01 sys=0.00, real=0.00 secs] 
27.970: [GC 27.970: [ParNew
Desired survivor size 557056 bytes, new threshold 1 (max 15)
- age   1:    1044192 bytes,    1044192 total
: 2304K->1088K(2304K), 0.0037698 secs] 101404K->101339K(145680K), 0.0038465 secs] [Times: user=0.01 sys=0.00, real=0.01 secs] 
27.978: [GC 27.978: [ParNew
Desired survivor size 557056 bytes, new threshold 1 (max 15)
- age   1:    1062000 bytes,    1062000 total
: 2304K->1088K(2304K), 0.0032392 secs] 102555K->102496K(145680K), 0.0033153 secs] [Times: user=0.01 sys=0.00, real=0.00 secs] 
27.985: [GC 27.985: [ParNew
Desired survivor size 557056 bytes, new threshold 1 (max 15)
- age   1:     826792 bytes,     826792 total
: 2304K->1088K(2304K), 0.0042516 secs] 101881K->101718K(145680K), 0.0043212 secs] [Times: user=0.01 sys=0.00, real=0.00 secs] 
27.991: [CMS-concurrent-sweep: 0.099/0.221 secs] [Times: user=0.59 sys=0.04, real=0.22 secs] 
27.992: [CMS-concurrent-reset-start]
27.992: [GC 27.992: [ParNew
Desired survivor size 557056 bytes, new threshold 15 (max 15)
- age   1:     167808 bytes,     167808 total
: 2304K->861K(2304K), 0.0022586 secs] 102563K->101925K(169404K), 0.0023190 secs] [Times: user=0.01 sys=0.00, real=0.01 secs] 
27.998: [GC 27.998: [ParNew
Desired survivor size 557056 bytes, new threshold 1 (max 15)
- age   1:     944584 bytes,     944584 total
- age   2:     167808 bytes,    1112392 total
: 2077K->1088K(2304K), 0.0029743 secs] 103141K->102427K(169404K), 0.0030589 secs] [Times: user=0.01 sys=0.00, real=0.00 secs] 
28.003: [CMS-concurrent-reset: 0.004/0.011 secs] [Times: user=0.03 sys=0.00, real=0.01 secs] 
28.003: [GC 28.003: [ParNew
Desired survivor size 557056 bytes, new threshold 1 (max 15)
- age   1:     932576 bytes,     932576 total
: 2304K->1088K(2304K), 0.0034042 secs] 103643K->103586K(169404K), 0.0034775 secs] [Times: user=0.01 sys=0.00, real=0.01 secs] 
28.009: [GC [1 CMS-initial-mark: 102498K(167100K)] 104073K(169404K), 0.0014288 secs] [Times: user=0.01 sys=0.00, real=0.00 secs] 
28.010: [CMS-concurrent-mark-start]
28.013: [GC 28.013: [ParNew
Desired survivor size 557056 bytes, new threshold 1 (max 15)
- age   1:    1055560 bytes,    1055560 total
: 2304K->1088K(2304K), 0.0038211 secs] 104802K->104613K(169404K), 0.0038996 secs] [Times: user=0.01 sys=0.00, real=0.01 secs] 
28.020: [GC 28.020: [ParNew
Desired survivor size 557056 bytes, new threshold 1 (max 15)
- age   1:     935216 bytes,     935216 total
: 2304K->1088K(2304K), 0.0040710 secs] 105829K->105894K(169404K), 0.0041585 secs] [Times: user=0.01 sys=0.00, real=0.00 secs] 
28.027: [GC 28.027: [ParNew
Desired survivor size 557056 bytes, new threshold 1 (max 15)
- age   1:     874056 bytes,     874056 total
: 2304K->1088K(2304K), 0.0040833 secs] 107110K->107115K(169404K), 0.0041567 secs] [Times: user=0.01 sys=0.00, real=0.00 secs] 
28.033: [GC 28.033: [ParNew
Desired survivor size 557056 bytes, new threshold 1 (max 15)
- age   1:    1045464 bytes,    1045464 total
: 2304K->1088K(2304K), 0.0031692 secs] 108331K->108152K(169404K), 0.0032385 secs] [Times: user=0.01 sys=0.00, real=0.01 secs] 
28.038: [GC 28.038: [ParNew
Desired survivor size 557056 bytes, new threshold 1 (max 15)
- age   1:     700040 bytes,     700040 total
: 2304K->1088K(2304K), 0.0029195 secs] 109368K->109178K(169404K), 0.0029941 secs] [Times: user=0.01 sys=0.00, real=0.00 secs] 
28.043: [GC 28.043: [ParNew
Desired survivor size 557056 bytes, new threshold 1 (max 15)
- age   1:     971296 bytes,     971296 total
: 2304K->1088K(2304K), 0.0037375 secs] 110394K->110055K(169404K), 0.0038169 secs] [Times: user=0.01 sys=0.00, real=0.01 secs] 
28.049: [GC 28.049: [ParNew
Desired survivor size 557056 bytes, new threshold 1 (max 15)
- age   1:    1110616 bytes,    1110616 total
: 2304K->1088K(2304K), 0.0033099 secs] 111271K->111097K(169404K), 0.0033775 secs] [Times: user=0.01 sys=0.00, real=0.00 secs] 
28.055: [GC 28.055: [ParNew
Desired survivor size 557056 bytes, new threshold 1 (max 15)
- age   1:     987200 bytes,     987200 total
: 2304K->1088K(2304K), 0.0034392 secs] 112313K->112424K(169404K), 0.0035093 secs] [Times: user=0.01 sys=0.00, real=0.00 secs] 
28.062: [GC 28.062: [ParNew
Desired survivor size 557056 bytes, new threshold 15 (max 15)
- age   1:     392200 bytes,     392200 total
: 2304K->982K(2304K), 0.0030143 secs] 113640K->113283K(169404K), 0.0030860 secs] [Times: user=0.01 sys=0.00, real=0.01 secs] 
28.071: [GC 28.071: [ParNew
Desired survivor size 557056 bytes, new threshold 2 (max 15)
- age   1:     408408 bytes,     408408 total
- age   2:     389736 bytes,     798144 total
: 2198K->865K(2304K), 0.0020641 secs] 114499K->113166K(169404K), 0.0021302 secs] [Times: user=0.00 sys=0.01, real=0.00 secs] 
28.077: [GC 28.077: [ParNew
Desired survivor size 557056 bytes, new threshold 1 (max 15)
- age   1:     872864 bytes,     872864 total
- age   2:     239680 bytes,    1112544 total
: 2081K->1088K(2304K), 0.0039150 secs] 114382K->114230K(169404K), 0.0039950 secs] [Times: user=0.01 sys=0.00, real=0.00 secs] 
28.084: [GC 28.084: [ParNew
Desired survivor size 557056 bytes, new threshold 1 (max 15)
- age   1:     818816 bytes,     818816 total
: 2304K->1088K(2304K), 0.0035749 secs] 115446K->115712K(169404K), 0.0036468 secs] [Times: user=0.01 sys=0.00, real=0.00 secs] 
28.089: [GC 28.089: [ParNew
Desired survivor size 557056 bytes, new threshold 1 (max 15)
- age   1:     922856 bytes,     922856 total
: 2304K->1088K(2304K), 0.0031039 secs] 116928K->116521K(169404K), 0.0031691 secs] [Times: user=0.01 sys=0.00, real=0.00 secs] 
28.093: [GC 28.093: [ParNew
Desired survivor size 557056 bytes, new threshold 1 (max 15)
- age   1:    1079480 bytes,    1079480 total
: 2304K->1088K(2304K), 0.0043544 secs] 117737K->117576K(169404K), 0.0044198 secs] [Times: user=0.02 sys=0.00, real=0.01 secs] 
28.099: [GC 28.099: [ParNew
Desired survivor size 557056 bytes, new threshold 1 (max 15)
- age   1:    1035160 bytes,    1035160 total
: 2304K->1088K(2304K), 0.0034507 secs] 118792K->118788K(169404K), 0.0035171 secs] [Times: user=0.02 sys=0.00, real=0.00 secs] 
28.104: [GC 28.104: [ParNew
Desired survivor size 557056 bytes, new threshold 1 (max 15)
- age   1:    1047512 bytes,    1047512 total
: 2303K->1088K(2304K), 0.0047099 secs] 120004K->119904K(169404K), 0.0047991 secs] [Times: user=0.01 sys=0.00, real=0.00 secs] 
28.111: [GC 28.111: [ParNew
Desired survivor size 557056 bytes, new threshold 15 (max 15)
- age   1:     512888 bytes,     512888 total
: 2304K->1088K(2304K), 0.0027534 secs] 121120K->120927K(169404K), 0.0028189 secs] [Times: user=0.01 sys=0.00, real=0.00 secs] 
28.117: [GC 28.117: [ParNew
Desired survivor size 557056 bytes, new threshold 1 (max 15)
- age   1:     619944 bytes,     619944 total
- age   2:     493680 bytes,    1113624 total
: 2304K->1088K(2304K), 0.0023457 secs] 122143K->121250K(169404K), 0.0024148 secs] [Times: user=0.01 sys=0.00, real=0.00 secs] 
28.120: [GC 28.120: [ParNew
Desired survivor size 557056 bytes, new threshold 1 (max 15)
- age   1:     696616 bytes,     696616 total
: 2304K->1088K(2304K), 0.0036475 secs] 122466K->122337K(169404K), 0.0037191 secs] [Times: user=0.01 sys=0.00, real=0.01 secs] 
28.126: [GC 28.126: [ParNew
Desired survivor size 557056 bytes, new threshold 1 (max 15)
- age   1:     676192 bytes,     676192 total
: 2304K->927K(2304K), 0.0025637 secs] 123553K->122857K(169404K), 0.0026252 secs] [Times: user=0.01 sys=0.00, real=0.00 secs] 
28.130: [GC 28.130: [ParNew
Desired survivor size 557056 bytes, new threshold 1 (max 15)
- age   1:     569288 bytes,     569288 total
: 2143K->1021K(2304K), 0.0022488 secs] 124073K->123611K(169404K), 0.0023052 secs] [Times: user=0.01 sys=0.00, real=0.00 secs] 
28.134: [GC 28.134: [ParNew
Desired survivor size 557056 bytes, new threshold 1 (max 15)
- age   1:     703648 bytes,     703648 total
: 2237K->946K(2304K), 0.0026396 secs] 124827K->124092K(169404K), 0.0026984 secs] [Times: user=0.01 sys=0.00, real=0.01 secs] 
28.138: [GC 28.138: [ParNew
Desired survivor size 557056 bytes, new threshold 1 (max 15)
- age   1:    1002952 bytes,    1002952 total
: 2138K->1088K(2304K), 0.0033766 secs] 125284K->125065K(169404K), 0.0034503 secs] [Times: user=0.01 sys=0.00, real=0.00 secs] 
28.144: [GC 28.144: [ParNew
Desired survivor size 557056 bytes, new threshold 1 (max 15)
- age   1:     935448 bytes,     935448 total
: 2304K->1088K(2304K), 0.0037353 secs] 126281K->126279K(169404K), 0.0038069 secs] [Times: user=0.01 sys=0.00, real=0.01 secs] 
28.149: [GC 28.149: [ParNew
Desired survivor size 557056 bytes, new threshold 1 (max 15)
- age   1:     604816 bytes,     604816 total
: 2304K->1088K(2304K), 0.0030345 secs] 127495K->127193K(169404K), 0.0031051 secs] [Times: user=0.01 sys=0.00, real=0.00 secs] 
28.155: [GC 28.155: [ParNew
Desired survivor size 557056 bytes, new threshold 1 (max 15)
- age   1:    1069352 bytes,    1069352 total
: 2304K->1088K(2304K), 0.0033745 secs] 128409K->127878K(169404K), 0.0034526 secs] [Times: user=0.01 sys=0.00, real=0.00 secs] 
28.160: [GC 28.160: [ParNew
Desired survivor size 557056 bytes, new threshold 1 (max 15)
- age   1:     660816 bytes,     660816 total
: 2304K->1088K(2304K), 0.0043806 secs] 129094K->128922K(169404K), 0.0044564 secs] [Times: user=0.01 sys=0.01, real=0.01 secs] 
28.166: [GC 28.166: [ParNew
Desired survivor size 557056 bytes, new threshold 1 (max 15)
- age   1:     611168 bytes,     611168 total
: 2304K->815K(2304K), 0.0032424 secs] 130138K->129295K(169404K), 0.0033116 secs] [Times: user=0.01 sys=0.00, real=0.00 secs] 
28.172: [GC 28.172: [ParNew
Desired survivor size 557056 bytes, new threshold 1 (max 15)
- age   1:    1112600 bytes,    1112600 total
: 2031K->1088K(2304K), 0.0033942 secs] 130511K->130284K(169404K), 0.0034603 secs] [Times: user=0.01 sys=0.00, real=0.01 secs] 
28.177: [GC 28.178: [ParNew
Desired survivor size 557056 bytes, new threshold 15 (max 15)
- age   1:     433608 bytes,     433608 total
: 2304K->955K(2304K), 0.0031832 secs] 131500K->131238K(169404K), 0.0032477 secs] [Times: user=0.01 sys=0.00, real=0.00 secs] 
28.182: [GC 28.182: [ParNew
Desired survivor size 557056 bytes, new threshold 1 (max 15)
- age   1:     926888 bytes,     926888 total
- age   2:     184648 bytes,    1111536 total
: 2171K->1088K(2304K), 0.0027428 secs] 132454K->131870K(169404K), 0.0028038 secs] [Times: user=0.01 sys=0.00, real=0.01 secs] 
28.186: [GC 28.186: [ParNew
Desired survivor size 557056 bytes, new threshold 1 (max 15)
- age   1:     750760 bytes,     750760 total
: 2304K->1088K(2304K), 0.0038822 secs] 133086K->133177K(169404K), 0.0039496 secs] [Times: user=0.02 sys=0.00, real=0.00 secs] 
28.191: [GC 28.191: [ParNew
Desired survivor size 557056 bytes, new threshold 1 (max 15)
- age   1:     904280 bytes,     904280 total
: 2304K->1088K(2304K), 0.0040349 secs] 134393K->133929K(169404K), 0.0041069 secs] [Times: user=0.01 sys=0.00, real=0.01 secs] 
28.196: [GC 28.196: [ParNew
Desired survivor size 557056 bytes, new threshold 1 (max 15)
- age   1:     953968 bytes,     953968 total
: 2304K->1088K(2304K), 0.0038736 secs] 135145K->135064K(169404K), 0.0039370 secs] [Times: user=0.01 sys=0.01, real=0.00 secs] 
28.201: [GC 28.201: [ParNew
Desired survivor size 557056 bytes, new threshold 1 (max 15)
- age   1:     977880 bytes,     977880 total
: 2304K->1088K(2304K), 0.0033610 secs] 136280K->136167K(169404K), 0.0034267 secs] [Times: user=0.01 sys=0.00, real=0.01 secs] 
28.206: [GC 28.206: [ParNew
Desired survivor size 557056 bytes, new threshold 1 (max 15)
- age   1:     919440 bytes,     919440 total
: 2304K->1088K(2304K), 0.0041225 secs] 137383K->137350K(169404K), 0.0041995 secs] [Times: user=0.01 sys=0.00, real=0.00 secs] 
28.212: [GC 28.212: [ParNew
Desired survivor size 557056 bytes, new threshold 1 (max 15)
- age   1:     560976 bytes,     560976 total
: 2304K->1088K(2304K), 0.0030141 secs] 138566K->138248K(169404K), 0.0030803 secs] [Times: user=0.01 sys=0.00, real=0.01 secs] 
28.216: [GC 28.216: [ParNew
Desired survivor size 557056 bytes, new threshold 1 (max 15)
- age   1:    1082112 bytes,    1082112 total
: 2304K->1088K(2304K), 0.0029891 secs] 139464K->138871K(169404K), 0.0030519 secs] [Times: user=0.01 sys=0.00, real=0.00 secs] 
28.221: [GC 28.221: [ParNew
Desired survivor size 557056 bytes, new threshold 1 (max 15)
- age   1:    1020400 bytes,    1020400 total
: 2304K->1088K(2304K), 0.0041057 secs] 140087K->140087K(169404K), 0.0042035 secs] [Times: user=0.01 sys=0.00, real=0.01 secs] 
28.227: [GC 28.227: [ParNew
Desired survivor size 557056 bytes, new threshold 1 (max 15)
- age   1:     962464 bytes,     962464 total
: 2304K->1088K(2304K), 0.0044355 secs] 141303K->141286K(169404K), 0.0045107 secs] [Times: user=0.01 sys=0.01, real=0.00 secs] 
28.233: [GC 28.234: [ParNew
Desired survivor size 557056 bytes, new threshold 1 (max 15)
- age   1:    1038240 bytes,    1038240 total
: 2304K->1088K(2304K), 0.0046518 secs] 142502K->142308K(169404K), 0.0047345 secs] [Times: user=0.01 sys=0.00, real=0.01 secs] 
28.240: [GC 28.240: [ParNew
Desired survivor size 557056 bytes, new threshold 1 (max 15)
- age   1:     681768 bytes,     681768 total
: 2304K->1088K(2304K), 0.0040178 secs] 143524K->143322K(169404K), 0.0041090 secs] [Times: user=0.01 sys=0.00, real=0.01 secs] 
28.247: [GC 28.247: [ParNew
Desired survivor size 557056 bytes, new threshold 1 (max 15)
- age   1:     803872 bytes,     803872 total
: 2304K->1088K(2304K), 0.0041419 secs] 144538K->143999K(169404K), 0.0042233 secs] [Times: user=0.01 sys=0.00, real=0.00 secs] 
28.253: [GC 28.253: [ParNew
Desired survivor size 557056 bytes, new threshold 15 (max 15)
- age   1:     473088 bytes,     473088 total
: 2304K->969K(2304K), 0.0026565 secs] 145215K->144666K(169404K), 0.0027179 secs] [Times: user=0.00 sys=0.00, real=0.01 secs] 
28.257: [GC 28.257: [ParNew
Desired survivor size 557056 bytes, new threshold 1 (max 15)
- age   1:     640624 bytes,     640624 total
- age   2:     472952 bytes,    1113576 total
: 2185K->1088K(2304K), 0.0020640 secs] 145882K->144814K(169404K), 0.0021320 secs] [Times: user=0.00 sys=0.00, real=0.00 secs] 
28.261: [GC 28.261: [ParNew
Desired survivor size 557056 bytes, new threshold 1 (max 15)
- age   1:     965576 bytes,     965576 total
: 2304K->1088K(2304K), 0.0050907 secs] 146030K->146089K(169404K), 0.0051586 secs] [Times: user=0.01 sys=0.00, real=0.01 secs] 
28.268: [GC 28.268: [ParNew
Desired survivor size 557056 bytes, new threshold 1 (max 15)
- age   1:     752344 bytes,     752344 total
: 2304K->1088K(2304K), 0.0034205 secs] 147305K->147042K(169404K), 0.0034874 secs] [Times: user=0.01 sys=0.01, real=0.00 secs] 
28.272: [GC 28.272: [ParNew
Desired survivor size 557056 bytes, new threshold 1 (max 15)
- age   1:     768240 bytes,     768240 total
: 2304K->1088K(2304K), 0.0033131 secs] 148258K->147776K(169404K), 0.0033730 secs] [Times: user=0.01 sys=0.00, real=0.01 secs] 
28.277: [GC 28.277: [ParNew
Desired survivor size 557056 bytes, new threshold 1 (max 15)
- age   1:     594696 bytes,     594696 total
: 2304K->956K(2304K), 0.0028598 secs] 148992K->148395K(169404K), 0.0029234 secs] [Times: user=0.01 sys=0.00, real=0.00 secs] 
28.283: [GC 28.283: [ParNew
Desired survivor size 557056 bytes, new threshold 1 (max 15)
- age   1:     994656 bytes,     994656 total
: 2143K->1088K(2304K), 0.0037032 secs] 149582K->149220K(169404K), 0.0037704 secs] [Times: user=0.01 sys=0.00, real=0.01 secs] 
28.289: [GC 28.289: [ParNew
Desired survivor size 557056 bytes, new threshold 1 (max 15)
- age   1:    1006048 bytes,    1006048 total
: 2304K->1088K(2304K), 0.0048263 secs] 150436K->150343K(169404K), 0.0049050 secs] [Times: user=0.01 sys=0.00, real=0.00 secs] 
28.295: [GC 28.295: [ParNew
Desired survivor size 557056 bytes, new threshold 15 (max 15)
- age   1:     506152 bytes,     506152 total
: 2304K->1088K(2304K), 0.0030713 secs] 151559K->151325K(169404K), 0.0031385 secs] [Times: user=0.01 sys=0.00, real=0.00 secs] 
28.302: [GC 28.302: [ParNew
Desired survivor size 557056 bytes, new threshold 2 (max 15)
- age   1:     482384 bytes,     482384 total
- age   2:     497904 bytes,     980288 total
: 2304K->1078K(2304K), 0.0018680 secs] 152541K->151316K(169404K), 0.0019509 secs] [Times: user=0.00 sys=0.00, real=0.01 secs] 
28.306: [GC 28.306: [ParNew
Desired survivor size 557056 bytes, new threshold 1 (max 15)
- age   1:     763168 bytes,     763168 total
- age   2:     350456 bytes,    1113624 total
: 2294K->1088K(2304K), 0.0044200 secs] 152532K->152377K(169404K), 0.0045205 secs] [Times: user=0.01 sys=0.01, real=0.00 secs] 
28.313: [GC 28.313: [ParNew
Desired survivor size 557056 bytes, new threshold 1 (max 15)
- age   1:     871736 bytes,     871736 total
: 2304K->1088K(2304K), 0.0043488 secs] 153593K->153719K(169404K), 0.0044240 secs] [Times: user=0.01 sys=0.00, real=0.01 secs] 
28.320: [GC 28.320: [ParNew
Desired survivor size 557056 bytes, new threshold 1 (max 15)
- age   1:     896520 bytes,     896520 total
: 2304K->1088K(2304K), 0.0037417 secs] 154935K->154790K(169404K), 0.0038271 secs] [Times: user=0.01 sys=0.00, real=0.00 secs] 
28.326: [GC 28.326: [ParNew
Desired survivor size 557056 bytes, new threshold 1 (max 15)
- age   1:    1015224 bytes,    1015224 total
: 2304K->1088K(2304K), 0.0039996 secs] 156006K->155770K(169404K), 0.0040735 secs] [Times: user=0.01 sys=0.00, real=0.00 secs] 
28.332: [GC 28.332: [ParNew
Desired survivor size 557056 bytes, new threshold 1 (max 15)
- age   1:     698784 bytes,     698784 total
: 2304K->1088K(2304K), 0.0048289 secs] 156986K->156761K(169404K), 0.0049033 secs] [Times: user=0.01 sys=0.00, real=0.01 secs] 
28.341: [GC 28.342: [ParNew
Desired survivor size 557056 bytes, new threshold 1 (max 15)
- age   1:     968808 bytes,     968808 total
: 2304K->1088K(2304K), 0.0042486 secs] 157977K->157637K(169404K), 0.0043336 secs] [Times: user=0.01 sys=0.00, real=0.01 secs] 
28.348: [GC 28.348: [ParNew
Desired survivor size 557056 bytes, new threshold 1 (max 15)
- age   1:     927960 bytes,     927960 total
: 2304K->1088K(2304K), 0.0043406 secs] 158853K->158790K(169404K), 0.0044107 secs] [Times: user=0.01 sys=0.00, real=0.00 secs] 
28.355: [GC 28.355: [ParNew
Desired survivor size 557056 bytes, new threshold 1 (max 15)
- age   1:     745720 bytes,     745720 total
: 2304K->1088K(2304K), 0.0036683 secs] 160006K->159816K(169404K), 0.0037616 secs] [Times: user=0.01 sys=0.00, real=0.00 secs] 
28.362: [GC 28.362: [ParNew
Desired survivor size 557056 bytes, new threshold 15 (max 15)
- age   1:     127504 bytes,     127504 total
: 2304K->551K(2304K), 0.0023962 secs] 161032K->160007K(169404K), 0.0024667 secs] [Times: user=0.00 sys=0.00, real=0.01 secs] 
28.366: [GC 28.366: [ParNew
Desired survivor size 557056 bytes, new threshold 1 (max 15)
- age   1:     597840 bytes,     597840 total
- age   2:     127384 bytes,     725224 total
: 1767K->809K(2304K), 0.0016806 secs] 161223K->160265K(169404K), 0.0017332 secs] [Times: user=0.00 sys=0.00, real=0.00 secs] 
28.369: [GC 28.369: [ParNew
Desired survivor size 557056 bytes, new threshold 1 (max 15)
- age   1:     695960 bytes,     695960 total
: 2025K->1010K(2304K), 0.0027951 secs] 161481K->161174K(169404K), 0.0028530 secs] [Times: user=0.01 sys=0.00, real=0.00 secs] 
28.375: [GC 28.375: [ParNew
Desired survivor size 557056 bytes, new threshold 1 (max 15)
- age   1:    1067960 bytes,    1067960 total
: 2226K->1088K(2304K), 0.0038690 secs] 162390K->162068K(169404K), 0.0039441 secs] [Times: user=0.01 sys=0.00, real=0.00 secs] 
28.381: [GC 28.381: [ParNew
Desired survivor size 557056 bytes, new threshold 15 (max 15)
- age   1:     523992 bytes,     523992 total
: 2304K->1088K(2304K), 0.0036176 secs] 163284K->163111K(169404K), 0.0036922 secs] [Times: user=0.01 sys=0.00, real=0.01 secs] 
28.386: [GC 28.386: [ParNew
Desired survivor size 557056 bytes, new threshold 1 (max 15)
- age   1:     699568 bytes,     699568 total
- age   2:     412872 bytes,    1112440 total
: 2304K->1088K(2304K), 0.0035866 secs] 164327K->163688K(169404K), 0.0036486 secs] [Times: user=0.01 sys=0.00, real=0.00 secs] 
28.392: [GC 28.392: [ParNew
Desired survivor size 557056 bytes, new threshold 1 (max 15)
- age   1:     954120 bytes,     954120 total
: 2304K->1088K(2304K), 0.0049738 secs] 164904K->164911K(169404K), 0.0050433 secs] [Times: user=0.01 sys=0.00, real=0.01 secs] 
28.398: [GC 28.398: [ParNew
Desired survivor size 557056 bytes, new threshold 15 (max 15)
- age   1:     505864 bytes,     505864 total
: 2304K->1088K(2304K), 0.0031435 secs] 166127K->165843K(169404K), 0.0032067 secs] [Times: user=0.01 sys=0.00, real=0.00 secs] 
28.403: [GC 28.403: [ParNew
Desired survivor size 557056 bytes, new threshold 2 (max 15)
- age   1:     180672 bytes,     180672 total
- age   2:     505792 bytes,     686464 total
: 2304K->866K(2304K), 0.0016106 secs] 167059K->165622K(169404K), 0.0016763 secs] [Times: user=0.01 sys=0.00, real=0.01 secs] 
28.406: [GC 28.406: [ParNew
Desired survivor size 557056 bytes, new threshold 15 (max 15)
- age   1:        504 bytes,        504 total
- age   2:     179944 bytes,     180448 total
: 2082K->641K(2304K), 0.0020265 secs] 166838K->165890K(169404K), 0.0020810 secs] [Times: user=0.01 sys=0.00, real=0.00 secs] 
28.411: [GC 28.411: [ParNew
Desired survivor size 557056 bytes, new threshold 15 (max 15)
- age   1:      63608 bytes,      63608 total
- age   2:        360 bytes,      63968 total
- age   3:     179944 bytes,     243912 total
: 1857K->269K(2304K), 0.0017717 secs] 167106K->165519K(169404K), 0.0018356 secs] [Times: user=0.00 sys=0.00, real=0.00 secs] 
28.415: [GC 28.415: [ParNew
Desired survivor size 557056 bytes, new threshold 4 (max 15)
- age   1:     409744 bytes,     409744 total
- age   2:      55296 bytes,     465040 total
- age   3:        360 bytes,     465400 total
- age   4:     179944 bytes,     645344 total
: 1485K->713K(2304K), 0.0017286 secs] 166735K->165962K(169404K), 0.0017847 secs] [Times: user=0.01 sys=0.00, real=0.00 secs] 
28.419: [GC 28.419: [ParNew
Desired survivor size 557056 bytes, new threshold 2 (max 15)
- age   1:     554808 bytes,     554808 total
- age   2:     394480 bytes,     949288 total
- age   3:      55296 bytes,    1004584 total
- age   4:        360 bytes,    1004944 total
: 1929K->1088K(2304K), 0.0027824 secs] 167178K->166562K(169404K), 0.0028550 secs] [Times: user=0.01 sys=0.00, real=0.00 secs] 
28.423: [GC 28.423: [ParNew
Desired survivor size 557056 bytes, new threshold 2 (max 15)
- age   1:     413496 bytes,     413496 total
- age   2:     554768 bytes,     968264 total
: 2304K->1088K(2304K), 0.0027975 secs] 167778K->166997K(169404K), 0.0028598 secs] [Times: user=0.01 sys=0.01, real=0.01 secs] 
28.428: [GC 28.428: [ParNew
Desired survivor size 557056 bytes, new threshold 2 (max 15)
- age   1:     405792 bytes,     405792 total
- age   2:     311848 bytes,     717640 total
: 2304K->1088K(2304K), 0.0047637 secs] 168213K->167708K(169404K), 0.0048396 secs] [Times: user=0.01 sys=0.00, real=0.00 secs] 
28.436: [GC 28.436: [ParNew
Desired survivor size 557056 bytes, new threshold 15 (max 15)
- age   1:      98624 bytes,      98624 total
- age   2:     405792 bytes,     504416 total
: 2304K->943K(2304K), 0.0025433 secs] 168924K->167868K(169788K), 0.0026131 secs] [Times: user=0.00 sys=0.00, real=0.00 secs] 
28.440: [GC 28.441: [ParNew
Desired survivor size 557056 bytes, new threshold 3 (max 15)
- age   1:     326272 bytes,     326272 total
- age   2:      98496 bytes,     424768 total
- age   3:     405752 bytes,     830520 total
: 2159K->1027K(2304K), 0.0020345 secs] 169084K->167951K(169788K), 0.0020998 secs] [Times: user=0.00 sys=0.00, real=0.00 secs] 
28.445: [GC 28.445: [ParNew
Desired survivor size 557056 bytes, new threshold 2 (max 15)
- age   1:     448288 bytes,     448288 total
- age   2:     310160 bytes,     758448 total
- age   3:      98496 bytes,     856944 total
: 2243K->1088K(2304K), 0.0029714 secs] 169167K->168424K(170172K), 0.0030388 secs] [Times: user=0.00 sys=0.00, real=0.00 secs] 
28.451: [GC 28.451: [ParNew
Desired survivor size 557056 bytes, new threshold 15 (max 15)
- age   1:        376 bytes,        376 total
- age   2:     448152 bytes,     448528 total
: 2304K->843K(2304K), 0.0033453 secs] 169640K->168578K(170556K), 0.0034175 secs] [Times: user=0.01 sys=0.00, real=0.01 secs] 
28.458: [GC 28.458: [ParNew
Desired survivor size 557056 bytes, new threshold 15 (max 15)
- age   1:        200 bytes,        200 total
- age   2:        336 bytes,        536 total
- age   3:     448152 bytes,     448688 total
: 2059K->612K(2304K), 0.0022668 secs] 169794K->168348K(170556K), 0.0023334 secs] [Times: user=0.01 sys=0.00, real=0.00 secs] 
28.468: [GC 28.468: [ParNew
Desired survivor size 557056 bytes, new threshold 4 (max 15)
- age   1:     142848 bytes,     142848 total
- age   2:        128 bytes,     142976 total
- age   3:        336 bytes,     143312 total
- age   4:     448152 bytes,     591464 total
: 1828K->728K(2304K), 0.0020325 secs] 169564K->168463K(170556K), 0.0020912 secs] [Times: user=0.00 sys=0.00, real=0.00 secs] 
28.471: [GC 28.471: [ParNew
Desired survivor size 557056 bytes, new threshold 15 (max 15)
- age   1:        384 bytes,        384 total
- age   2:     142712 bytes,     143096 total
- age   4:        336 bytes,     143432 total
: 1944K->537K(2304K), 0.0020960 secs] 169679K->168710K(170940K), 0.0021622 secs] [Times: user=0.00 sys=0.00, real=0.00 secs] 
28.475: [GC 28.475: [ParNew
Desired survivor size 557056 bytes, new threshold 15 (max 15)
- age   1:     365472 bytes,     365472 total
- age   2:        128 bytes,     365600 total
- age   3:     142712 bytes,     508312 total
- age   5:        336 bytes,     508648 total
: 1753K->568K(2304K), 0.0018184 secs] 169926K->168741K(170940K), 0.0018751 secs] [Times: user=0.00 sys=0.00, real=0.00 secs] 
28.478: [GC 28.478: [ParNew
Desired survivor size 557056 bytes, new threshold 15 (max 15)
- age   1:      14792 bytes,      14792 total
- age   2:     365432 bytes,     380224 total
- age   4:     142712 bytes,     522936 total
- age   6:        336 bytes,     523272 total
: 1784K->739K(2304K), 0.0013809 secs] 169957K->168912K(170940K), 0.0014310 secs] [Times: user=0.00 sys=0.00, real=0.00 secs] 
28.481: [GC 28.481: [ParNew
Desired survivor size 557056 bytes, new threshold 3 (max 15)
- age   1:     288024 bytes,     288024 total
- age   2:      14720 bytes,     302744 total
- age   3:     365304 bytes,     668048 total
- age   5:     142712 bytes,     810760 total
- age   7:        336 bytes,     811096 total
: 1955K->1011K(2304K), 0.0015883 secs] 170128K->169185K(170940K), 0.0016379 secs] [Times: user=0.00 sys=0.01, real=0.00 secs] 
28.484: [GC 28.484: [ParNew
Desired survivor size 557056 bytes, new threshold 2 (max 15)
- age   1:     324048 bytes,     324048 total
- age   2:     287768 bytes,     611816 total
- age   3:      14720 bytes,     626536 total
: 2227K->1088K(2304K), 0.0023514 secs] 170401K->169757K(171516K), 0.0024065 secs] [Times: user=0.01 sys=0.00, real=0.01 secs] 
28.488: [GC 28.488: [ParNew
Desired survivor size 557056 bytes, new threshold 1 (max 15)
- age   1:     661816 bytes,     661816 total
- age   2:     323856 bytes,     985672 total
: 2304K->1088K(2304K), 0.0024820 secs] 170973K->170082K(171708K), 0.0025482 secs] [Times: user=0.00 sys=0.00, real=0.00 secs] 
28.493: [GC 28.493: [ParNew
Desired survivor size 557056 bytes, new threshold 15 (max 15)
- age   1:     479272 bytes,     479272 total
: 2304K->821K(2304K), 0.0039277 secs] 171298K->170778K(172668K), 0.0040047 secs] [Times: user=0.01 sys=0.00, real=0.01 secs] 
28.500: [GC 28.500: [ParNew
Desired survivor size 557056 bytes, new threshold 2 (max 15)
- age   1:     514840 bytes,     514840 total
- age   2:     471096 bytes,     985936 total
: 2037K->1088K(2304K), 0.0020351 secs] 171994K->171045K(172668K), 0.0021167 secs] [Times: user=0.01 sys=0.00, real=0.00 secs] 
28.505: [GC 28.505: [ParNew
Desired survivor size 557056 bytes, new threshold 2 (max 15)
- age   1:     522976 bytes,     522976 total
- age   2:     496464 bytes,    1019440 total
: 2304K->1088K(2304K), 0.0031495 secs] 172261K->171534K(173244K), 0.0032281 secs] [Times: user=0.01 sys=0.00, real=0.00 secs] 
28.511: [GC 28.511: [ParNew
Desired survivor size 557056 bytes, new threshold 2 (max 15)
- age   1:     425800 bytes,     425800 total
- age   2:     495416 bytes,     921216 total
: 2304K->1088K(2304K), 0.0029560 secs] 172750K->172027K(173820K), 0.0030273 secs] [Times: user=0.01 sys=0.00, real=0.00 secs] 
28.516: [GC 28.516: [ParNew
Desired survivor size 557056 bytes, new threshold 2 (max 15)
- age   1:     165632 bytes,     165632 total
- age   2:     425672 bytes,     591304 total
: 2304K->1088K(2304K), 0.0023844 secs] 173243K->172511K(174204K), 0.0024452 secs] [Times: user=0.01 sys=0.00, real=0.00 secs] 
28.520: [GC 28.520: [ParNew
Desired survivor size 557056 bytes, new threshold 15 (max 15)
- age   1:      58736 bytes,      58736 total
- age   2:     165568 bytes,     224304 total
: 2304K->527K(2304K), 0.0020230 secs] 173727K->172366K(174588K), 0.0020731 secs] [Times: user=0.00 sys=0.00, real=0.00 secs] 
28.523: [CMS-concurrent-mark: 0.169/0.513 secs] [Times: user=1.40 sys=0.12, real=0.51 secs] 
28.523: [CMS-concurrent-preclean-start]
28.524: [GC 28.524: [ParNew
Desired survivor size 557056 bytes, new threshold 15 (max 15)
- age   1:     302912 bytes,     302912 total
- age   2:      58536 bytes,     361448 total
- age   3:     165568 bytes,     527016 total
: 1743K->653K(2304K), 0.0020539 secs] 173582K->172492K(174588K), 0.0021211 secs] [Times: user=0.00 sys=0.00, real=0.01 secs] 
28.528: [GC 28.528: [ParNew
Desired survivor size 557056 bytes, new threshold 1 (max 15)
- age   1:     584896 bytes,     584896 total
- age   2:     302912 bytes,     887808 total
- age   3:      58536 bytes,     946344 total
- age   4:     165568 bytes,    1111912 total
: 1869K->1088K(2304K), 0.0042203 secs] 173708K->173516K(175164K), 0.0042849 secs] [Times: user=0.01 sys=0.00, real=0.00 secs] 
28.534: [GC 28.534: [ParNew
Desired survivor size 557056 bytes, new threshold 15 (max 15)
- age   1:     432920 bytes,     432920 total
: 2304K->1088K(2304K), 0.0039011 secs] 174732K->174602K(176316K), 0.0039639 secs] [Times: user=0.01 sys=0.00, real=0.01 secs] 
28.539: [GC 28.539: [ParNew
Desired survivor size 557056 bytes, new threshold 2 (max 15)
- age   1:     388504 bytes,     388504 total
- age   2:     427872 bytes,     816376 total
: 2304K->913K(2304K), 0.0017811 secs] 175818K->174427K(176316K), 0.0018359 secs] [Times: user=0.00 sys=0.00, real=0.00 secs] 
28.543: [GC 28.543: [ParNew
Desired survivor size 557056 bytes, new threshold 15 (max 15)
- age   1:     100424 bytes,     100424 total
- age   2:     388432 bytes,     488856 total
: 2129K->1021K(2304K), 0.0023991 secs] 175643K->174952K(176700K), 0.0024701 secs] [Times: user=0.01 sys=0.00, real=0.01 secs] 
28.548: [GC 28.548: [ParNew
Desired survivor size 557056 bytes, new threshold 3 (max 15)
- age   1:      70816 bytes,      70816 total
- age   2:     100424 bytes,     171240 total
- age   3:     388432 bytes,     559672 total
: 2237K->708K(2304K), 0.0019188 secs] 176168K->174640K(176700K), 0.0019685 secs] [Times: user=0.01 sys=0.00, real=0.00 secs] 
28.551: [GC 28.551: [ParNew
Desired survivor size 557056 bytes, new threshold 2 (max 15)
- age   1:     526016 bytes,     526016 total
- age   2:      70744 bytes,     596760 total
- age   3:     100296 bytes,     697056 total
: 1924K->979K(2304K), 0.0031131 secs] 175856K->175280K(177084K), 0.0031800 secs] [Times: user=0.01 sys=0.00, real=0.01 secs] 
28.556: [GC 28.556: [ParNew
Desired survivor size 557056 bytes, new threshold 2 (max 15)
- age   1:     173424 bytes,     173424 total
- age   2:     525824 bytes,     699248 total
: 2195K->1088K(2304K), 0.0025932 secs] 176496K->175555K(177276K), 0.0026575 secs] [Times: user=0.00 sys=0.00, real=0.00 secs] 
28.560: [GC 28.560: [ParNew
Desired survivor size 557056 bytes, new threshold 15 (max 15)
- age   1:     140328 bytes,     140328 total
- age   2:     173216 bytes,     313544 total
: 2304K->670K(2304K), 0.0020785 secs] 176771K->175651K(177852K), 0.0021300 secs] [Times: user=0.00 sys=0.00, real=0.00 secs] 
28.563: [GC 28.563: [ParNew
Desired survivor size 557056 bytes, new threshold 3 (max 15)
- age   1:     302192 bytes,     302192 total
- age   2:     140256 bytes,     442448 total
- age   3:     173120 bytes,     615568 total
: 1886K->701K(2304K), 0.0014229 secs] 176867K->175682K(177852K), 0.0014671 secs] [Times: user=0.00 sys=0.01, real=0.01 secs] 
28.567: [GC 28.567: [ParNew
Desired survivor size 557056 bytes, new threshold 1 (max 15)
- age   1:     575624 bytes,     575624 total
- age   2:     299216 bytes,     874840 total
- age   3:     140056 bytes,    1014896 total
: 1917K->1088K(2304K), 0.0022856 secs] 176898K->176310K(178044K), 0.0023471 secs] [Times: user=0.01 sys=0.00, real=0.00 secs] 
28.570: [GC 28.570: [ParNew
Desired survivor size 557056 bytes, new threshold 15 (max 15)
- age   1:        272 bytes,        272 total
: 2304K->373K(2304K), 0.0025979 secs] 177526K->176586K(179004K), 0.0026518 secs] [Times: user=0.00 sys=0.00, real=0.00 secs] 
28.574: [GC 28.574: [ParNew
Desired survivor size 557056 bytes, new threshold 15 (max 15)
- age   1:     349208 bytes,     349208 total
- age   2:        200 bytes,     349408 total
: 1589K->419K(2304K), 0.0013098 secs] 177802K->176632K(179004K), 0.0013525 secs] [Times: user=0.00 sys=0.00, real=0.01 secs] 
28.577: [GC 28.577: [ParNew
Desired survivor size 557056 bytes, new threshold 15 (max 15)
- age   1:        144 bytes,        144 total
- age   2:     349136 bytes,     349280 total
- age   3:        200 bytes,     349480 total
: 1635K->605K(2304K), 0.0016478 secs] 177848K->176818K(179004K), 0.0016984 secs] [Times: user=0.01 sys=0.00, real=0.00 secs] 
28.580: [GC 28.580: [ParNew
Desired survivor size 557056 bytes, new threshold 15 (max 15)
- age   1:        240 bytes,        240 total
- age   3:     349136 bytes,     349376 total
- age   4:        128 bytes,     349504 total
: 1821K->407K(2304K), 0.0012677 secs] 178034K->176620K(179004K), 0.0013071 secs] [Times: user=0.01 sys=0.00, real=0.00 secs] 
28.582: [GC 28.582: [ParNew
Desired survivor size 557056 bytes, new threshold 15 (max 15)
- age   1:        288 bytes,        288 total
- age   4:     349136 bytes,     349424 total
: 1623K->537K(2304K), 0.0012969 secs] 177836K->176750K(179004K), 0.0013342 secs] [Times: user=0.00 sys=0.00, real=0.00 secs] 
28.585: [GC 28.585: [ParNew
Desired survivor size 557056 bytes, new threshold 5 (max 15)
- age   1:     242448 bytes,     242448 total
- age   2:        144 bytes,     242592 total
- age   5:     349072 bytes,     591664 total
: 1753K->748K(2304K), 0.0015649 secs] 177966K->176961K(179004K), 0.0016154 secs] [Times: user=0.00 sys=0.00, real=0.00 secs] 
28.588: [GC 28.588: [ParNew
Desired survivor size 557056 bytes, new threshold 15 (max 15)
- age   1:        168 bytes,        168 total
- age   2:     242416 bytes,     242584 total
- age   3:         72 bytes,     242656 total
: 1964K->645K(2304K), 0.0018939 secs] 178177K->177199K(179388K), 0.0019455 secs] [Times: user=0.00 sys=0.00, real=0.00 secs] 
28.592: [GC 28.592: [ParNew
Desired survivor size 557056 bytes, new threshold 15 (max 15)
- age   1:      83432 bytes,      83432 total
- age   3:     242352 bytes,     325784 total
: 1861K->376K(2304K), 0.0016028 secs] 178415K->176930K(179388K), 0.0016538 secs] [Times: user=0.00 sys=0.00, real=0.00 secs] 
28.595: [GC 28.595: [ParNew
Desired survivor size 557056 bytes, new threshold 15 (max 15)
- age   1:        136 bytes,        136 total
- age   2:      83168 bytes,      83304 total
- age   4:     242280 bytes,     325584 total
: 1592K->500K(2304K), 0.0013032 secs] 178146K->177053K(179388K), 0.0013453 secs] [Times: user=0.01 sys=0.00, real=0.00 secs] 
28.597: [GC 28.597: [ParNew
Desired survivor size 557056 bytes, new threshold 5 (max 15)
- age   1:     362288 bytes,     362288 total
- age   2:         32 bytes,     362320 total
- age   3:      83104 bytes,     445424 total
- age   5:     242280 bytes,     687704 total
: 1716K->852K(2304K), 0.0016428 secs] 178269K->177406K(179388K), 0.0016934 secs] [Times: user=0.01 sys=0.00, real=0.00 secs] 
28.600: [GC 28.600: [ParNew
Desired survivor size 557056 bytes, new threshold 2 (max 15)
- age   1:     325880 bytes,     325880 total
- age   2:     362160 bytes,     688040 total
- age   3:         32 bytes,     688072 total
- age   4:      83064 bytes,     771136 total
: 2068K->1017K(2304K), 0.0020440 secs] 178622K->177807K(179580K), 0.0020946 secs] [Times: user=0.01 sys=0.00, real=0.00 secs] 
28.604: [GC 28.604: [ParNew
Desired survivor size 557056 bytes, new threshold 15 (max 15)
- age   1:      28784 bytes,      28784 total
- age   2:     324664 bytes,     353448 total
: 2233K->710K(2304K), 0.0021727 secs] 179023K->177935K(179964K), 0.0022248 secs] [Times: user=0.01 sys=0.01, real=0.01 secs] 
28.607: [GC 28.607: [ParNew
Desired survivor size 557056 bytes, new threshold 15 (max 15)
- age   1:        184 bytes,        184 total
- age   2:      28520 bytes,      28704 total
- age   3:     324528 bytes,     353232 total
: 1926K->460K(2304K), 0.0014669 secs] 179151K->177685K(179964K), 0.0015176 secs] [Times: user=0.01 sys=0.00, real=0.00 secs] 
28.615: [GC 28.615: [ParNew
Desired survivor size 557056 bytes, new threshold 15 (max 15)
- age   1:     191528 bytes,     191528 total
- age   2:         80 bytes,     191608 total
- age   3:      24840 bytes,     216448 total
- age   4:     324528 bytes,     540976 total
: 1676K->754K(2304K), 0.0021325 secs] 178901K->177980K(179964K), 0.0021999 secs] [Times: user=0.01 sys=0.00, real=0.00 secs] 
28.620: [GC 28.620: [ParNew
Desired survivor size 557056 bytes, new threshold 5 (max 15)
- age   1:     114272 bytes,     114272 total
- age   2:     163768 bytes,     278040 total
- age   4:      24840 bytes,     302880 total
- age   5:     324528 bytes,     627408 total
: 1970K->840K(2304K), 0.0017555 secs] 179196K->178065K(179964K), 0.0018146 secs] [Times: user=0.01 sys=0.00, real=0.00 secs] 
28.623: [GC 28.623: [ParNew
Desired survivor size 557056 bytes, new threshold 15 (max 15)
- age   1:      50888 bytes,      50888 total
- age   2:     114016 bytes,     164904 total
- age   3:     163768 bytes,     328672 total
- age   5:      24840 bytes,     353512 total
: 2056K->579K(2304K), 0.0020063 secs] 179281K->178121K(180348K), 0.0020613 secs] [Times: user=0.01 sys=0.00, real=0.01 secs] 
28.627: [GC 28.627: [ParNew
Desired survivor size 557056 bytes, new threshold 15 (max 15)
- age   1:        200 bytes,        200 total
- age   2:      50760 bytes,      50960 total
- age   3:     113984 bytes,     164944 total
- age   4:     163768 bytes,     328712 total
- age   6:      24840 bytes,     353552 total
: 1795K->411K(2304K), 0.0015952 secs] 179337K->177953K(180348K), 0.0016489 secs] [Times: user=0.01 sys=0.00, real=0.00 secs] 
28.631: [GC 28.631: [ParNew
Desired survivor size 557056 bytes, new threshold 15 (max 15)
- age   1:      53912 bytes,      53912 total
- age   2:         72 bytes,      53984 total
- age   3:      50688 bytes,     104672 total
- age   4:     113984 bytes,     218656 total
- age   5:     163768 bytes,     382424 total
- age   7:      24840 bytes,     407264 total
: 1627K->491K(2304K), 0.0015701 secs] 179169K->178033K(180348K), 0.0016189 secs] [Times: user=0.01 sys=0.00, real=0.00 secs] 
28.635: [GC 28.635: [ParNew
Desired survivor size 557056 bytes, new threshold 15 (max 15)
- age   1:        384 bytes,        384 total
- age   2:      53744 bytes,      54128 total
- age   4:      50688 bytes,     104816 total
- age   5:     113984 bytes,     218800 total
- age   6:     163768 bytes,     382568 total
- age   8:      24840 bytes,     407408 total
: 1707K->760K(2304K), 0.0018646 secs] 179249K->178302K(180348K), 0.0019309 secs] [Times: user=0.01 sys=0.00, real=0.00 secs] 
28.638: [GC 28.638: [ParNew
Desired survivor size 557056 bytes, new threshold 15 (max 15)
- age   1:        272 bytes,        272 total
- age   2:        184 bytes,        456 total
- age   3:      53712 bytes,      54168 total
- age   5:      50688 bytes,     104856 total
- age   6:     113984 bytes,     218840 total
- age   7:     163768 bytes,     382608 total
- age   9:      24840 bytes,     407448 total
: 1976K->549K(2304K), 0.0015055 secs] 179518K->178091K(180348K), 0.0015494 secs] [Times: user=0.00 sys=0.00, real=0.00 secs] 
28.641: [GC 28.641: [ParNew
Desired survivor size 557056 bytes, new threshold 15 (max 15)
- age   1:        288 bytes,        288 total
- age   3:        184 bytes,        472 total
- age   4:      53712 bytes,      54184 total
- age   6:      50688 bytes,     104872 total
- age   7:     113984 bytes,     218856 total
- age   8:     163768 bytes,     382624 total
- age  10:      24840 bytes,     407464 total
: 1765K->539K(2304K), 0.0013466 secs] 179307K->178081K(180348K), 0.0013873 secs] [Times: user=0.00 sys=0.00, real=0.00 secs] 
28.644: [GC 28.644: [ParNew
Desired survivor size 557056 bytes, new threshold 15 (max 15)
- age   1:         72 bytes,         72 total
- age   2:        128 bytes,        200 total
- age   4:        184 bytes,        384 total
- age   5:      53712 bytes,      54096 total
- age   7:      50688 bytes,     104784 total
- age   8:     113984 bytes,     218768 total
- age   9:     163768 bytes,     382536 total
- age  11:      24840 bytes,     407376 total
: 1755K->582K(2304K), 0.0016758 secs] 179297K->178124K(180348K), 0.0017322 secs] [Times: user=0.00 sys=0.00, real=0.00 secs] 
28.647: [GC 28.648: [ParNew
Desired survivor size 557056 bytes, new threshold 15 (max 15)
- age   1:        200 bytes,        200 total
- age   5:        184 bytes,        384 total
- age   6:      53712 bytes,      54096 total
- age   8:      50688 bytes,     104784 total
- age   9:     113984 bytes,     218768 total
- age  10:     163768 bytes,     382536 total
- age  12:      24840 bytes,     407376 total
: 1798K->692K(2304K), 0.0017611 secs] 179340K->178234K(180348K), 0.0018256 secs] [Times: user=0.01 sys=0.00, real=0.00 secs] 
28.651: [GC 28.651: [ParNew
Desired survivor size 557056 bytes, new threshold 15 (max 15)
- age   1:        240 bytes,        240 total
- age   6:        184 bytes,        424 total
- age   7:      53712 bytes,      54136 total
- age   9:      50688 bytes,     104824 total
- age  10:     113984 bytes,     218808 total
- age  11:     163768 bytes,     382576 total
- age  13:      24840 bytes,     407416 total
: 1908K->496K(2304K), 0.0012874 secs] 179450K->178038K(180348K), 0.0013272 secs] [Times: user=0.01 sys=0.00, real=0.00 secs] 
28.653: [GC 28.653: [ParNew
Desired survivor size 557056 bytes, new threshold 15 (max 15)
- age   1:        296 bytes,        296 total
- age   7:        184 bytes,        480 total
- age   8:      53712 bytes,      54192 total
- age  10:      50688 bytes,     104880 total
- age  11:     113984 bytes,     218864 total
- age  12:     163768 bytes,     382632 total
- age  14:      24840 bytes,     407472 total
: 1712K->540K(2304K), 0.0013020 secs] 179254K->178082K(180348K), 0.0013387 secs] [Times: user=0.00 sys=0.00, real=0.01 secs] 
28.657: [GC 28.657: [ParNew
Desired survivor size 557056 bytes, new threshold 15 (max 15)
- age   1:        296 bytes,        296 total
- age   8:        184 bytes,        480 total
- age   9:      53712 bytes,      54192 total
- age  11:      50688 bytes,     104880 total
- age  12:     113984 bytes,     218864 total
- age  13:     163768 bytes,     382632 total
- age  15:      24840 bytes,     407472 total
: 1756K->582K(2304K), 0.0015226 secs] 179298K->178124K(180348K), 0.0016023 secs] [Times: user=0.00 sys=0.00, real=0.00 secs] 
28.660: [GC 28.660: [ParNew
Desired survivor size 557056 bytes, new threshold 15 (max 15)
- age   1:        200 bytes,        200 total
- age   9:        184 bytes,        384 total
- age  10:      53712 bytes,      54096 total
- age  12:      50688 bytes,     104784 total
- age  13:     113984 bytes,     218768 total
- age  14:     163768 bytes,     382536 total
: 1798K->593K(2304K), 0.0017111 secs] 179340K->178159K(180348K), 0.0017678 secs] [Times: user=0.00 sys=0.00, real=0.00 secs] 
28.663: [GC 28.663: [ParNew
Desired survivor size 557056 bytes, new threshold 15 (max 15)
- age   1:        168 bytes,        168 total
- age   2:         40 bytes,        208 total
- age  10:        184 bytes,        392 total
- age  11:      53712 bytes,      54104 total
- age  13:      50688 bytes,     104792 total
- age  14:     113984 bytes,     218776 total
- age  15:     163768 bytes,     382544 total
: 1809K->473K(2304K), 0.0013592 secs] 179375K->178040K(180348K), 0.0014138 secs] [Times: user=0.01 sys=0.00, real=0.01 secs] 
28.666: [GC 28.666: [ParNew
Desired survivor size 557056 bytes, new threshold 15 (max 15)
- age   1:        232 bytes,        232 total
- age  11:        184 bytes,        416 total
- age  12:      53712 bytes,      54128 total
- age  14:      50688 bytes,     104816 total
- age  15:     113984 bytes,     218800 total
: 1689K->375K(2304K), 0.0015030 secs] 179256K->178101K(180540K), 0.0015761 secs] [Times: user=0.01 sys=0.00, real=0.00 secs] 
28.669: [GC 28.669: [ParNew
Desired survivor size 557056 bytes, new threshold 15 (max 15)
- age   1:        176 bytes,        176 total
- age  12:        184 bytes,        360 total
- age  13:      53712 bytes,      54072 total
- age  15:      50688 bytes,     104760 total
: 1591K->173K(2304K), 0.0012333 secs] 179317K->178011K(180540K), 0.0012738 secs] [Times: user=0.00 sys=0.00, real=0.00 secs] 
28.672: [GC 28.672: [ParNew
Desired survivor size 557056 bytes, new threshold 15 (max 15)
- age   1:        200 bytes,        200 total
- age   2:         72 bytes,        272 total
- age  13:        184 bytes,        456 total
- age  14:      53712 bytes,      54168 total
: 1389K->122K(2304K), 0.0016460 secs] 179227K->178009K(180540K), 0.0016941 secs] [Times: user=0.00 sys=0.00, real=0.00 secs] 
28.675: [GC 28.675: [ParNew
Desired survivor size 557056 bytes, new threshold 15 (max 15)
- age   1:        272 bytes,        272 total
- age  14:        184 bytes,        456 total
- age  15:      53712 bytes,      54168 total
: 1338K->90K(2304K), 0.0011607 secs] 179225K->177977K(180540K), 0.0012005 secs] [Times: user=0.00 sys=0.00, real=0.00 secs] 
28.677: [GC 28.677: [ParNew
Desired survivor size 557056 bytes, new threshold 15 (max 15)
- age   1:        144 bytes,        144 total
- age   2:        128 bytes,        272 total
- age  15:        184 bytes,        456 total
: 1306K->29K(2304K), 0.0016209 secs] 179193K->177969K(180732K), 0.0016786 secs] [Times: user=0.01 sys=0.00, real=0.00 secs] 
28.681: [GC 28.681: [ParNew
Desired survivor size 557056 bytes, new threshold 15 (max 15)
- age   1:        176 bytes,        176 total
: 1245K->8K(2304K), 0.0009574 secs] 179185K->177947K(180732K), 0.0009942 secs] [Times: user=0.00 sys=0.00, real=0.00 secs] 
28.683: [GC 28.683: [ParNew
Desired survivor size 557056 bytes, new threshold 15 (max 15)
- age   1:        400 bytes,        400 total
: 1224K->8K(2304K), 0.0009167 secs] 179163K->177947K(180732K), 0.0009504 secs] [Times: user=0.00 sys=0.00, real=0.00 secs] 
28.685: [GC 28.685: [ParNew
Desired survivor size 557056 bytes, new threshold 15 (max 15)
- age   1:        272 bytes,        272 total
: 1224K->8K(2304K), 0.0008327 secs] 179163K->177947K(180732K), 0.0008662 secs] [Times: user=0.01 sys=0.00, real=0.00 secs] 
28.686: [CMS-concurrent-preclean: 0.067/0.163 secs] [Times: user=0.44 sys=0.03, real=0.17 secs] 
28.688: [GC[YG occupancy: 833 K (2304 K)]28.688: [Rescan (parallel) , 0.0007571 secs]28.689: [weak refs processing, 0.0000181 secs] [1 CMS-remark: 177939K(178428K)] 178773K(180732K), 0.0008475 secs] [Times: user=0.00 sys=0.00, real=0.00 secs] 
28.689: [CMS-concurrent-sweep-start]
28.689: [GC 28.689: [ParNew
Desired survivor size 557056 bytes, new threshold 15 (max 15)
- age   1:        256 bytes,        256 total
: 1224K->6K(2304K), 0.0011838 secs] 179158K->177940K(180732K), 0.0012306 secs] [Times: user=0.00 sys=0.00, real=0.00 secs] 
28.692: [GC 28.692: [ParNew
Desired survivor size 557056 bytes, new threshold 15 (max 15)
- age   1:        256 bytes,        256 total
- age   2:         72 bytes,        328 total
: 1222K->8K(2304K), 0.0009790 secs] 179038K->177824K(180732K), 0.0010181 secs] [Times: user=0.00 sys=0.00, real=0.00 secs] 
28.694: [GC 28.695: [ParNew
Desired survivor size 557056 bytes, new threshold 15 (max 15)
- age   1:        296 bytes,        296 total
: 1224K->6K(2304K), 0.0009123 secs] 178948K->177730K(180732K), 0.0009482 secs] [Times: user=0.01 sys=0.00, real=0.00 secs] 
28.697: [GC 28.697: [ParNew
Desired survivor size 557056 bytes, new threshold 15 (max 15)
- age   1:        152 bytes,        152 total
: 1222K->8K(2304K), 0.0013809 secs] 178730K->177516K(180732K), 0.0014456 secs] [Times: user=0.00 sys=0.00, real=0.00 secs] 
28.700: [GC 28.700: [ParNew
Desired survivor size 557056 bytes, new threshold 15 (max 15)
- age   1:        272 bytes,        272 total
: 1224K->8K(2304K), 0.0011922 secs] 178433K->177217K(180732K), 0.0012421 secs] [Times: user=0.00 sys=0.00, real=0.00 secs] 
28.703: [GC 28.703: [ParNew
Desired survivor size 557056 bytes, new threshold 15 (max 15)
- age   1:        336 bytes,        336 total
: 1224K->8K(2304K), 0.0008914 secs] 178039K->176823K(180732K), 0.0009268 secs] [Times: user=0.00 sys=0.00, real=0.00 secs] 
28.706: [GC 28.706: [ParNew
Desired survivor size 557056 bytes, new threshold 15 (max 15)
- age   1:        232 bytes,        232 total
: 1224K->6K(2304K), 0.0013425 secs] 177670K->176452K(180732K), 0.0014011 secs] [Times: user=0.00 sys=0.00, real=0.00 secs] 
28.709: [GC 28.709: [ParNew
Desired survivor size 557056 bytes, new threshold 15 (max 15)
- age   1:        144 bytes,        144 total
- age   2:        128 bytes,        272 total
: 1222K->6K(2304K), 0.0016743 secs] 176690K->175474K(180732K), 0.0017283 secs] [Times: user=0.00 sys=0.00, real=0.00 secs] 
28.713: [GC 28.713: [ParNew
Desired survivor size 557056 bytes, new threshold 15 (max 15)
- age   1:        296 bytes,        296 total
: 1222K->8K(2304K), 0.0009732 secs] 176238K->175024K(180732K), 0.0010174 secs] [Times: user=0.00 sys=0.00, real=0.00 secs] 
28.715: [GC 28.715: [ParNew
Desired survivor size 557056 bytes, new threshold 15 (max 15)
- age   1:        240 bytes,        240 total
: 1224K->8K(2304K), 0.0009293 secs] 176054K->174838K(180732K), 0.0009671 secs] [Times: user=0.01 sys=0.00, real=0.00 secs] 
28.717: [GC 28.717: [ParNew
Desired survivor size 557056 bytes, new threshold 15 (max 15)
- age   1:        328 bytes,        328 total
: 1224K->6K(2304K), 0.0008569 secs] 175388K->174170K(180732K), 0.0008885 secs] [Times: user=0.00 sys=0.00, real=0.00 secs] 
28.719: [GC 28.719: [ParNew
Desired survivor size 557056 bytes, new threshold 15 (max 15)
- age   1:        232 bytes,        232 total
: 1222K->8K(2304K), 0.0011434 secs] 175010K->173796K(180732K), 0.0011879 secs] [Times: user=0.00 sys=0.00, real=0.00 secs] 
28.722: [GC 28.722: [ParNew
Desired survivor size 557056 bytes, new threshold 15 (max 15)
- age   1:        232 bytes,        232 total
: 1224K->8K(2304K), 0.0010380 secs] 174269K->173053K(180732K), 0.0010864 secs] [Times: user=0.00 sys=0.00, real=0.00 secs] 
28.725: [GC 28.725: [ParNew
Desired survivor size 557056 bytes, new threshold 15 (max 15)
- age   1:        104 bytes,        104 total
- age   2:         32 bytes,        136 total
: 1224K->6K(2304K), 0.0012704 secs] 172915K->171697K(180732K), 0.0013211 secs] [Times: user=0.00 sys=0.00, real=0.00 secs] 
28.727: [GC 28.727: [ParNew
Desired survivor size 557056 bytes, new threshold 15 (max 15)
- age   1:        288 bytes,        288 total
: 1222K->6K(2304K), 0.0014167 secs] 172273K->171057K(180732K), 0.0014817 secs] [Times: user=0.00 sys=0.00, real=0.00 secs] 
28.731: [GC 28.731: [ParNew
Desired survivor size 557056 bytes, new threshold 15 (max 15)
- age   1:        200 bytes,        200 total
- age   2:        184 bytes,        384 total
: 1222K->6K(2304K), 0.0012464 secs] 171362K->170146K(180732K), 0.0012866 secs] [Times: user=0.01 sys=0.00, real=0.00 secs] 
28.733: [GC 28.733: [ParNew
Desired survivor size 557056 bytes, new threshold 15 (max 15)
- age   1:        200 bytes,        200 total
- age   3:        184 bytes,        384 total
: 1222K->6K(2304K), 0.0011864 secs] 170392K->169176K(180732K), 0.0012356 secs] [Times: user=0.00 sys=0.00, real=0.01 secs] 
28.736: [GC 28.736: [ParNew
Desired survivor size 557056 bytes, new threshold 15 (max 15)
- age   1:        168 bytes,        168 total
- age   4:        184 bytes,        352 total
: 1222K->8K(2304K), 0.0012888 secs] 169521K->168307K(180732K), 0.0013326 secs] [Times: user=0.00 sys=0.00, real=0.00 secs] 
28.739: [GC 28.739: [ParNew
Desired survivor size 557056 bytes, new threshold 15 (max 15)
- age   1:        112 bytes,        112 total
- age   5:        184 bytes,        296 total
: 1224K->6K(2304K), 0.0009359 secs] 168556K->167338K(180732K), 0.0009733 secs] [Times: user=0.01 sys=0.00, real=0.00 secs] 
28.742: [GC 28.742: [ParNew
Desired survivor size 557056 bytes, new threshold 15 (max 15)
- age   1:        144 bytes,        144 total
- age   6:        184 bytes,        328 total
: 1222K->8K(2304K), 0.0013165 secs] 167363K->166149K(180732K), 0.0013994 secs] [Times: user=0.00 sys=0.00, real=0.00 secs] 
28.746: [GC 28.746: [ParNew
Desired survivor size 557056 bytes, new threshold 15 (max 15)
- age   1:        920 bytes,        920 total
- age   7:        184 bytes,       1104 total
: 1224K->6K(2304K), 0.0012553 secs] 165586K->164368K(180732K), 0.0013091 secs] [Times: user=0.00 sys=0.00, real=0.00 secs] 
28.750: [GC 28.750: [ParNew
Desired survivor size 557056 bytes, new threshold 15 (max 15)
- age   1:         40 bytes,         40 total
- age   2:        888 bytes,        928 total
- age   8:        184 bytes,       1112 total
: 1222K->8K(2304K), 0.0009439 secs] 164120K->162906K(180732K), 0.0009832 secs] [Times: user=0.00 sys=0.00, real=0.00 secs] 
28.754: [GC 28.754: [ParNew
Desired survivor size 557056 bytes, new threshold 15 (max 15)
- age   1:         72 bytes,         72 total
- age   3:        888 bytes,        960 total
- age   9:        184 bytes,       1144 total
: 1224K->8K(2304K), 0.0009487 secs] 162966K->161750K(180732K), 0.0009893 secs] [Times: user=0.01 sys=0.00, real=0.00 secs] 
28.757: [GC 28.757: [ParNew
Desired survivor size 557056 bytes, new threshold 15 (max 15)
- age   1:         40 bytes,         40 total
- age   4:        888 bytes,        928 total
- age  10:        184 bytes,       1112 total
: 1224K->6K(2304K), 0.0012551 secs] 160569K->159351K(180732K), 0.0013021 secs] [Times: user=0.00 sys=0.00, real=0.00 secs] 
28.796: [GC 28.796: [ParNew
Desired survivor size 557056 bytes, new threshold 1 (max 15)
- age   1:     659472 bytes,     659472 total
- age   5:        184 bytes,     659656 total
- age  11:        184 bytes,     659840 total
: 1221K->658K(2304K), 0.0016393 secs] 117395K->116832K(180732K), 0.0016850 secs] [Times: user=0.00 sys=0.00, real=0.00 secs] 
28.802: [GC 28.802: [ParNew
Desired survivor size 557056 bytes, new threshold 1 (max 15)
- age   1:    1107784 bytes,    1107784 total
: 1874K->1088K(2304K), 0.0032852 secs] 113673K->113657K(180732K), 0.0033520 secs] [Times: user=0.01 sys=0.00, real=0.01 secs] 
28.812: [GC 28.812: [ParNew
Desired survivor size 557056 bytes, new threshold 1 (max 15)
- age   1:    1059016 bytes,    1059016 total
: 2304K->1088K(2304K), 0.0033469 secs] 111043K->111082K(180732K), 0.0034145 secs] [Times: user=0.01 sys=0.00, real=0.01 secs] 
28.816: [CMS-concurrent-sweep: 0.083/0.127 secs] [Times: user=0.25 sys=0.02, real=0.13 secs] 
28.816: [CMS-concurrent-reset-start]
28.820: [CMS-concurrent-reset: 0.004/0.004 secs] [Times: user=0.01 sys=0.00, real=0.00 secs] 
28.822: [GC 28.822: [ParNew
Desired survivor size 557056 bytes, new threshold 1 (max 15)
- age   1:     926288 bytes,     926288 total
: 2304K->1088K(2304K), 0.0035217 secs] 111740K->111858K(184700K), 0.0035969 secs] [Times: user=0.01 sys=0.00, real=0.01 secs] 
28.827: [GC [1 CMS-initial-mark: 110770K(182396K)] 111877K(184700K), 0.0008785 secs] [Times: user=0.00 sys=0.00, real=0.00 secs] 
28.828: [CMS-concurrent-mark-start]
28.833: [GC 28.833: [ParNew
Desired survivor size 557056 bytes, new threshold 1 (max 15)
- age   1:    1014184 bytes,    1014184 total
: 2304K->1088K(2304K), 0.0030430 secs] 113074K->112980K(184700K), 0.0031132 secs] [Times: user=0.01 sys=0.00, real=0.01 secs] 
28.846: [GC 28.846: [ParNew
Desired survivor size 557056 bytes, new threshold 1 (max 15)
- age   1:     968184 bytes,     968184 total
: 2304K->1088K(2304K), 0.0033832 secs] 114196K->114235K(184700K), 0.0034564 secs] [Times: user=0.01 sys=0.00, real=0.00 secs] 
28.855: [GC 28.855: [ParNew
Desired survivor size 557056 bytes, new threshold 1 (max 15)
- age   1:    1075248 bytes,    1075248 total
: 2304K->1088K(2304K), 0.0035003 secs] 115451K->115367K(184700K), 0.0035652 secs] [Times: user=0.01 sys=0.00, real=0.00 secs] 
28.863: [GC 28.863: [ParNew
Desired survivor size 557056 bytes, new threshold 1 (max 15)
- age   1:    1101672 bytes,    1101672 total
: 2304K->1088K(2304K), 0.0035745 secs] 116583K->116467K(184700K), 0.0036458 secs] [Times: user=0.01 sys=0.00, real=0.01 secs] 
28.870: [GC 28.870: [ParNew
Desired survivor size 557056 bytes, new threshold 1 (max 15)
- age   1:     901040 bytes,     901040 total
: 2304K->1088K(2304K), 0.0045609 secs] 117683K->117870K(184700K), 0.0046447 secs] [Times: user=0.02 sys=0.00, real=0.01 secs] 
28.877: [GC 28.877: [ParNew
Desired survivor size 557056 bytes, new threshold 1 (max 15)
- age   1:    1078000 bytes,    1078000 total
: 2304K->1088K(2304K), 0.0030514 secs] 119086K->118905K(184700K), 0.0031207 secs] [Times: user=0.01 sys=0.00, real=0.00 secs] 
28.883: [GC 28.884: [ParNew
Desired survivor size 557056 bytes, new threshold 1 (max 15)
- age   1:    1024544 bytes,    1024544 total
: 2304K->1088K(2304K), 0.0033712 secs] 120121K->120167K(184700K), 0.0034401 secs] [Times: user=0.01 sys=0.00, real=0.01 secs] 
28.889: [CMS-concurrent-mark: 0.032/0.062 secs] [Times: user=0.15 sys=0.01, real=0.06 secs] 
28.889: [CMS-concurrent-preclean-start]
28.891: [GC 28.891: [ParNew
Desired survivor size 557056 bytes, new threshold 1 (max 15)
- age   1:     898520 bytes,     898520 total
: 2304K->1088K(2304K), 0.0036140 secs] 121383K->121501K(184700K), 0.0036838 secs] [Times: user=0.01 sys=0.00, real=0.01 secs] 
28.897: [GC 28.897: [ParNew
Desired survivor size 557056 bytes, new threshold 1 (max 15)
- age   1:     897048 bytes,     897048 total
: 2304K->1088K(2304K), 0.0037103 secs] 122717K->122652K(184700K), 0.0037832 secs] [Times: user=0.01 sys=0.00, real=0.00 secs] 
28.902: [GC 28.903: [ParNew
Desired survivor size 557056 bytes, new threshold 1 (max 15)
- age   1:    1048048 bytes,    1048048 total
: 2304K->1088K(2304K), 0.0034226 secs] 123868K->123712K(184700K), 0.0034918 secs] [Times: user=0.01 sys=0.00, real=0.01 secs] 
28.909: [GC 28.909: [ParNew
Desired survivor size 557056 bytes, new threshold 1 (max 15)
- age   1:     890392 bytes,     890392 total
: 2304K->1088K(2304K), 0.0037259 secs] 124928K->125075K(184700K), 0.0037978 secs] [Times: user=0.02 sys=0.00, real=0.00 secs] 
28.914: [GC 28.914: [ParNew
Desired survivor size 557056 bytes, new threshold 1 (max 15)
- age   1:     895760 bytes,     895760 total
: 2304K->1088K(2304K), 0.0032266 secs] 126291K->126283K(184700K), 0.0032913 secs] [Times: user=0.01 sys=0.00, real=0.01 secs] 
28.918: [GC 28.918: [ParNew
Desired survivor size 557056 bytes, new threshold 1 (max 15)
- age   1:    1059552 bytes,    1059552 total
: 2304K->1088K(2304K), 0.0030930 secs] 127499K->127292K(184700K), 0.0031578 secs] [Times: user=0.01 sys=0.00, real=0.00 secs] 
28.923: [GC 28.923: [ParNew
Desired survivor size 557056 bytes, new threshold 1 (max 15)
- age   1:     994608 bytes,     994608 total
: 2304K->1088K(2304K), 0.0039669 secs] 128508K->128503K(184700K), 0.0040420 secs] [Times: user=0.01 sys=0.00, real=0.01 secs] 
28.929: [GC 28.929: [ParNew
Desired survivor size 557056 bytes, new threshold 1 (max 15)
- age   1:    1107792 bytes,    1107792 total
: 2304K->1088K(2304K), 0.0037288 secs] 129719K->129550K(184700K), 0.0037943 secs] [Times: user=0.01 sys=0.01, real=0.00 secs] 
28.935: [GC 28.935: [ParNew
Desired survivor size 557056 bytes, new threshold 1 (max 15)
- age   1:    1035440 bytes,    1035440 total
: 2304K->1088K(2304K), 0.0035381 secs] 130766K->130784K(184700K), 0.0036075 secs] [Times: user=0.01 sys=0.00, real=0.00 secs] 
28.940: [GC 28.940: [ParNew
Desired survivor size 557056 bytes, new threshold 1 (max 15)
- age   1:    1042744 bytes,    1042744 total
: 2304K->1088K(2304K), 0.0045685 secs] 132000K->131934K(184700K), 0.0046378 secs] [Times: user=0.02 sys=0.00, real=0.01 secs] 
28.947: [GC 28.947: [ParNew
Desired survivor size 557056 bytes, new threshold 1 (max 15)
- age   1:    1068912 bytes,    1068912 total
: 2304K->1088K(2304K), 0.0035147 secs] 133150K->133092K(184700K), 0.0035865 secs] [Times: user=0.01 sys=0.00, real=0.00 secs] 
28.953: [GC 28.953: [ParNew
Desired survivor size 557056 bytes, new threshold 1 (max 15)
- age   1:    1043888 bytes,    1043888 total
: 2304K->1088K(2304K), 0.0034748 secs] 134308K->134300K(184700K), 0.0035497 secs] [Times: user=0.01 sys=0.00, real=0.01 secs] 
28.959: [GC 28.959: [ParNew
Desired survivor size 557056 bytes, new threshold 1 (max 15)
- age   1:     970048 bytes,     970048 total
: 2304K->1088K(2304K), 0.0040906 secs] 135516K->135522K(184700K), 0.0042034 secs] [Times: user=0.01 sys=0.00, real=0.00 secs] 
28.965: [GC 28.965: [ParNew
Desired survivor size 557056 bytes, new threshold 1 (max 15)
- age   1:    1057432 bytes,    1057432 total
: 2304K->1088K(2304K), 0.0030788 secs] 136738K->136596K(184700K), 0.0031470 secs] [Times: user=0.01 sys=0.00, real=0.00 secs] 
28.970: [GC 28.970: [ParNew
Desired survivor size 557056 bytes, new threshold 1 (max 15)
- age   1:    1079496 bytes,    1079496 total
: 2304K->1088K(2304K), 0.0035417 secs] 137812K->137739K(184700K), 0.0036150 secs] [Times: user=0.02 sys=0.00, real=0.00 secs] 
28.975: [GC 28.975: [ParNew
Desired survivor size 557056 bytes, new threshold 1 (max 15)
- age   1:     825016 bytes,     825016 total
: 2304K->1088K(2304K), 0.0039969 secs] 138955K->139133K(184700K), 0.0040742 secs] [Times: user=0.01 sys=0.00, real=0.00 secs] 
28.981: [GC 28.981: [ParNew
Desired survivor size 557056 bytes, new threshold 1 (max 15)
- age   1:    1037568 bytes,    1037568 total
: 2304K->1088K(2304K), 0.0030832 secs] 140349K->140082K(184700K), 0.0031494 secs] [Times: user=0.01 sys=0.00, real=0.01 secs] 
28.986: [GC 28.986: [ParNew
Desired survivor size 557056 bytes, new threshold 1 (max 15)
- age   1:    1046248 bytes,    1046248 total
: 2304K->1088K(2304K), 0.0034798 secs] 141298K->141236K(184700K), 0.0035504 secs] [Times: user=0.01 sys=0.00, real=0.00 secs] 
28.991: [GC 28.991: [ParNew
Desired survivor size 557056 bytes, new threshold 1 (max 15)
- age   1:     996336 bytes,     996336 total
: 2215K->1088K(2304K), 0.0043294 secs] 142364K->142340K(184700K), 0.0043993 secs] [Times: user=0.01 sys=0.00, real=0.01 secs] 
28.997: [GC 28.997: [ParNew
Desired survivor size 557056 bytes, new threshold 1 (max 15)
- age   1:     913912 bytes,     913912 total
: 2304K->1088K(2304K), 0.0033327 secs] 143556K->143590K(184700K), 0.0033972 secs] [Times: user=0.01 sys=0.01, real=0.00 secs] 
29.004: [GC 29.004: [ParNew
Desired survivor size 557056 bytes, new threshold 1 (max 15)
- age   1:    1026760 bytes,    1026760 total
: 2304K->1088K(2304K), 0.0032325 secs] 144806K->144634K(184700K), 0.0033151 secs] [Times: user=0.01 sys=0.00, real=0.01 secs] 
29.010: [GC 29.010: [ParNew
Desired survivor size 557056 bytes, new threshold 1 (max 15)
- age   1:    1098976 bytes,    1098976 total
: 2304K->1088K(2304K), 0.0049503 secs] 145850K->145750K(184700K), 0.0050286 secs] [Times: user=0.01 sys=0.00, real=0.01 secs] 
29.018: [GC 29.018: [ParNew
Desired survivor size 557056 bytes, new threshold 1 (max 15)
- age   1:     899192 bytes,     899192 total
: 2304K->1088K(2304K), 0.0034801 secs] 146966K->147062K(184700K), 0.0035483 secs] [Times: user=0.01 sys=0.00, real=0.00 secs] 
29.024: [GC 29.024: [ParNew
Desired survivor size 557056 bytes, new threshold 1 (max 15)
- age   1:    1058640 bytes,    1058640 total
: 2304K->1088K(2304K), 0.0044182 secs] 148278K->148026K(184700K), 0.0045030 secs] [Times: user=0.01 sys=0.00, real=0.00 secs] 
29.031: [GC 29.032: [ParNew
Desired survivor size 557056 bytes, new threshold 1 (max 15)
- age   1:     978736 bytes,     978736 total
: 2304K->1088K(2304K), 0.0042951 secs] 149242K->149236K(184700K), 0.0043738 secs] [Times: user=0.01 sys=0.00, real=0.01 secs] 
29.039: [GC 29.039: [ParNew
Desired survivor size 557056 bytes, new threshold 1 (max 15)
- age   1:    1105584 bytes,    1105584 total
: 2304K->1088K(2304K), 0.0036842 secs] 150452K->150280K(184700K), 0.0037619 secs] [Times: user=0.01 sys=0.00, real=0.00 secs] 
29.045: [GC 29.045: [ParNew
Desired survivor size 557056 bytes, new threshold 1 (max 15)
- age   1:    1078136 bytes,    1078136 total
: 2304K->1088K(2304K), 0.0037418 secs] 151496K->151455K(184700K), 0.0038135 secs] [Times: user=0.01 sys=0.00, real=0.00 secs] 
29.051: [GC 29.051: [ParNew
Desired survivor size 557056 bytes, new threshold 1 (max 15)
- age   1:     877248 bytes,     877248 total
: 2304K->1088K(2304K), 0.0039677 secs] 152671K->152798K(184700K), 0.0040437 secs] [Times: user=0.01 sys=0.00, real=0.01 secs] 
29.058: [GC 29.058: [ParNew
Desired survivor size 557056 bytes, new threshold 1 (max 15)
- age   1:    1099776 bytes,    1099776 total
: 2304K->1088K(2304K), 0.0043330 secs] 154014K->153781K(184700K), 0.0044134 secs] [Times: user=0.01 sys=0.00, real=0.00 secs] 
29.065: [GC 29.065: [ParNew
Desired survivor size 557056 bytes, new threshold 1 (max 15)
- age   1:     912800 bytes,     912800 total
: 2304K->1088K(2304K), 0.0049519 secs] 154997K->155167K(184700K), 0.0050394 secs] [Times: user=0.01 sys=0.00, real=0.00 secs] 
29.073: [GC 29.073: [ParNew
Desired survivor size 557056 bytes, new threshold 1 (max 15)
- age   1:    1079696 bytes,    1079696 total
: 2304K->1088K(2304K), 0.0045074 secs] 156383K->156110K(184700K), 0.0045821 secs] [Times: user=0.01 sys=0.00, real=0.01 secs] 
29.079: [GC 29.079: [ParNew
Desired survivor size 557056 bytes, new threshold 1 (max 15)
- age   1:     810304 bytes,     810304 total
: 2293K->1088K(2304K), 0.0036479 secs] 157316K->157443K(184700K), 0.0037327 secs] [Times: user=0.01 sys=0.01, real=0.00 secs] 
29.086: [GC 29.086: [ParNew
Desired survivor size 557056 bytes, new threshold 1 (max 15)
- age   1:    1011288 bytes,    1011288 total
: 2304K->1088K(2304K), 0.0036640 secs] 158659K->158333K(184700K), 0.0037352 secs] [Times: user=0.01 sys=0.00, real=0.00 secs] 
29.092: [GC 29.092: [ParNew
Desired survivor size 557056 bytes, new threshold 1 (max 15)
- age   1:     848944 bytes,     848944 total
: 2304K->1088K(2304K), 0.0041654 secs] 159549K->159281K(184700K), 0.0042406 secs] [Times: user=0.01 sys=0.00, real=0.01 secs] 
29.097: [GC 29.097: [ParNew
Desired survivor size 557056 bytes, new threshold 15 (max 15)
- age   1:     389624 bytes,     389624 total
: 2304K->750K(2304K), 0.0024485 secs] 160497K->159772K(184700K), 0.0025074 secs] [Times: user=0.01 sys=0.00, real=0.00 secs] 
29.101: [GC 29.101: [ParNew
Desired survivor size 557056 bytes, new threshold 2 (max 15)
- age   1:     419584 bytes,     419584 total
- age   2:     389480 bytes,     809064 total
: 1966K->990K(2304K), 0.0016758 secs] 160988K->160012K(184700K), 0.0017217 secs] [Times: user=0.01 sys=0.00, real=0.00 secs] 
29.104: [GC 29.104: [ParNew
Desired survivor size 557056 bytes, new threshold 2 (max 15)
- age   1:     346048 bytes,     346048 total
- age   2:     419368 bytes,     765416 total
: 2206K->1012K(2304K), 0.0022837 secs] 161228K->160414K(184700K), 0.0023380 secs] [Times: user=0.01 sys=0.00, real=0.01 secs] 
29.107: [GC 29.107: [ParNew
Desired survivor size 557056 bytes, new threshold 2 (max 15)
- age   1:     351096 bytes,     351096 total
- age   2:     345728 bytes,     696824 total
: 2228K->1088K(2304K), 0.0024458 secs] 161630K->160899K(184700K), 0.0025099 secs] [Times: user=0.01 sys=0.00, real=0.00 secs] 
29.111: [GC 29.112: [ParNew
Desired survivor size 557056 bytes, new threshold 2 (max 15)
- age   1:     419592 bytes,     419592 total
- age   2:     350968 bytes,     770560 total
: 2304K->1039K(2304K), 0.0023190 secs] 162115K->161188K(184700K), 0.0023848 secs] [Times: user=0.00 sys=0.00, real=0.00 secs] 
29.115: [GC 29.115: [ParNew
Desired survivor size 557056 bytes, new threshold 2 (max 15)
- age   1:     362648 bytes,     362648 total
- age   2:     419328 bytes,     781976 total
: 2255K->1088K(2304K), 0.0022853 secs] 162404K->161580K(184700K), 0.0023439 secs] [Times: user=0.00 sys=0.00, real=0.00 secs] 
29.119: [GC 29.119: [ParNew
Desired survivor size 557056 bytes, new threshold 2 (max 15)
- age   1:     291320 bytes,     291320 total
- age   2:     362328 bytes,     653648 total
: 2304K->946K(2304K), 0.0022145 secs] 162796K->161848K(184700K), 0.0022688 secs] [Times: user=0.01 sys=0.00, real=0.00 secs] 
29.122: [GC 29.122: [ParNew
Desired survivor size 557056 bytes, new threshold 2 (max 15)
- age   1:     386184 bytes,     386184 total
- age   2:     291056 bytes,     677240 total
: 2162K->1088K(2304K), 0.0020356 secs] 163064K->162343K(184700K), 0.0020915 secs] [Times: user=0.01 sys=0.00, real=0.01 secs] 
29.126: [GC 29.126: [ParNew
Desired survivor size 557056 bytes, new threshold 2 (max 15)
- age   1:     358456 bytes,     358456 total
- age   2:     385912 bytes,     744368 total
: 2304K->1088K(2304K), 0.0026792 secs] 163559K->162627K(184700K), 0.0027811 secs] [Times: user=0.01 sys=0.00, real=0.00 secs] 
29.130: [GC 29.130: [ParNew
Desired survivor size 557056 bytes, new threshold 2 (max 15)
- age   1:     272664 bytes,     272664 total
- age   2:     358320 bytes,     630984 total
: 2304K->1088K(2304K), 0.0021008 secs] 163843K->163004K(184700K), 0.0021679 secs] [Times: user=0.01 sys=0.00, real=0.00 secs] 
29.134: [GC 29.134: [ParNew
Desired survivor size 557056 bytes, new threshold 2 (max 15)
- age   1:     547568 bytes,     547568 total
- age   2:     272536 bytes,     820104 total
: 2304K->1022K(2304K), 0.0022934 secs] 164220K->163288K(184700K), 0.0023601 secs] [Times: user=0.01 sys=0.00, real=0.01 secs] 
29.137: [GC 29.137: [ParNew
Desired survivor size 557056 bytes, new threshold 2 (max 15)
- age   1:     469832 bytes,     469832 total
- age   2:     470176 bytes,     940008 total
: 2238K->1088K(2304K), 0.0022564 secs] 164504K->163709K(184700K), 0.0023110 secs] [Times: user=0.01 sys=0.00, real=0.00 secs] 
29.141: [GC 29.141: [ParNew
Desired survivor size 557056 bytes, new threshold 2 (max 15)
- age   1:     366128 bytes,     366128 total
- age   2:     469608 bytes,     835736 total
: 2304K->1088K(2304K), 0.0024114 secs] 164925K->164168K(184700K), 0.0024790 secs] [Times: user=0.01 sys=0.00, real=0.00 secs] 
29.145: [GC 29.145: [ParNew
Desired survivor size 557056 bytes, new threshold 2 (max 15)
- age   1:     416640 bytes,     416640 total
- age   2:     347480 bytes,     764120 total
: 2304K->1088K(2304K), 0.0023043 secs] 165384K->164652K(184700K), 0.0023759 secs] [Times: user=0.00 sys=0.00, real=0.00 secs] 
29.149: [GC 29.149: [ParNew
Desired survivor size 557056 bytes, new threshold 15 (max 15)
- age   1:      68800 bytes,      68800 total
- age   2:     414016 bytes,     482816 total
: 2304K->958K(2304K), 0.0019493 secs] 165868K->164862K(184700K), 0.0020070 secs] [Times: user=0.01 sys=0.00, real=0.00 secs] 
29.153: [GC 29.153: [ParNew
Desired survivor size 557056 bytes, new threshold 15 (max 15)
- age   1:      78376 bytes,      78376 total
- age   2:      56376 bytes,     134752 total
- age   3:     414016 bytes,     548768 total
: 2174K->662K(2304K), 0.0015628 secs] 166078K->164567K(184700K), 0.0016133 secs] [Times: user=0.01 sys=0.00, real=0.01 secs] 
29.156: [GC 29.156: [ParNew
Desired survivor size 557056 bytes, new threshold 4 (max 15)
- age   1:      71096 bytes,      71096 total
- age   2:      59832 bytes,     130928 total
- age   3:      56376 bytes,     187304 total
- age   4:     414016 bytes,     601320 total
: 1878K->961K(2304K), 0.0015878 secs] 165783K->164865K(184700K), 0.0016339 secs] [Times: user=0.01 sys=0.00, real=0.00 secs] 
29.160: [GC 29.160: [ParNew
Desired survivor size 557056 bytes, new threshold 15 (max 15)
- age   1:     146816 bytes,     146816 total
- age   2:      43272 bytes,     190088 total
- age   3:      59832 bytes,     249920 total
- age   4:      56376 bytes,     306296 total
: 2177K->560K(2304K), 0.0030964 secs] 166081K->164869K(184700K), 0.0031783 secs] [Times: user=0.01 sys=0.00, real=0.00 secs] 
29.167: [GC 29.167: [ParNew
Desired survivor size 557056 bytes, new threshold 15 (max 15)
- age   1:      61840 bytes,      61840 total
- age   2:     146672 bytes,     208512 total
- age   3:      43272 bytes,     251784 total
- age   4:      59832 bytes,     311616 total
- age   5:      56376 bytes,     367992 total
: 1776K->545K(2304K), 0.0014204 secs] 166085K->164853K(184700K), 0.0014833 secs] [Times: user=0.00 sys=0.00, real=0.00 secs] 
29.171: [GC 29.171: [ParNew
Desired survivor size 557056 bytes, new threshold 15 (max 15)
- age   1:       2744 bytes,       2744 total
- age   2:      61776 bytes,      64520 total
- age   3:     146672 bytes,     211192 total
- age   4:      43272 bytes,     254464 total
- age   5:      59832 bytes,     314296 total
- age   6:      56376 bytes,     370672 total
: 1761K->453K(2304K), 0.0018221 secs] 166069K->164762K(184700K), 0.0019218 secs] [Times: user=0.00 sys=0.00, real=0.00 secs] 
29.175: [GC 29.175: [ParNew
Desired survivor size 557056 bytes, new threshold 15 (max 15)
- age   1:     106016 bytes,     106016 total
- age   2:       2488 bytes,     108504 total
- age   3:      61776 bytes,     170280 total
- age   4:     105336 bytes,     275616 total
- age   5:      43272 bytes,     318888 total
- age   6:      59832 bytes,     378720 total
- age   7:      56376 bytes,     435096 total
: 1669K->520K(2304K), 0.0015241 secs] 165978K->164829K(184700K), 0.0015756 secs] [Times: user=0.00 sys=0.00, real=0.00 secs] 
29.178: [GC 29.178: [ParNew
Desired survivor size 557056 bytes, new threshold 15 (max 15)
- age   1:      66992 bytes,      66992 total
- age   2:     105848 bytes,     172840 total
- age   3:       2488 bytes,     175328 total
- age   4:      61776 bytes,     237104 total
- age   5:     105336 bytes,     342440 total
- age   6:      43272 bytes,     385712 total
- age   7:      59832 bytes,     445544 total
- age   8:      56376 bytes,     501920 total
: 1736K->709K(2304K), 0.0023419 secs] 166045K->165018K(184700K), 0.0024209 secs] [Times: user=0.00 sys=0.00, real=0.00 secs] 
29.181: [CMS-concurrent-preclean: 0.089/0.292 secs] [Times: user=0.85 sys=0.04, real=0.29 secs] 
29.181: [GC[YG occupancy: 1038 K (2304 K)]29.181: [Rescan (parallel) , 0.0051006 secs]29.187: [weak refs processing, 0.0000181 secs] [1 CMS-remark: 164308K(182396K)] 165347K(184700K), 0.0052151 secs] [Times: user=0.02 sys=0.00, real=0.01 secs] 
29.187: [CMS-concurrent-sweep-start]
29.188: [GC 29.188: [ParNew
Desired survivor size 557056 bytes, new threshold 15 (max 15)
- age   1:      46208 bytes,      46208 total
- age   2:      66888 bytes,     113096 total
- age   3:     105848 bytes,     218944 total
- age   4:       2488 bytes,     221432 total
- age   5:      61776 bytes,     283208 total
- age   6:     105336 bytes,     388544 total
- age   7:      43272 bytes,     431816 total
- age   8:      59832 bytes,     491648 total
- age   9:      56376 bytes,     548024 total
: 1925K->820K(2304K), 0.0015226 secs] 166129K->165024K(184700K), 0.0015686 secs] [Times: user=0.00 sys=0.00, real=0.00 secs] 
29.191: [GC 29.191: [ParNew
Desired survivor size 557056 bytes, new threshold 10 (max 15)
- age   1:      52472 bytes,      52472 total
- age   2:      46008 bytes,      98480 total
- age   3:      66888 bytes,     165368 total
- age   4:     105848 bytes,     271216 total
- age   5:       2488 bytes,     273704 total
- age   6:      61776 bytes,     335480 total
- age   7:     105336 bytes,     440816 total
- age   8:      43272 bytes,     484088 total
- age   9:      59832 bytes,     543920 total
- age  10:      56376 bytes,     600296 total
: 2036K->907K(2304K), 0.0016629 secs] 165429K->164300K(184700K), 0.0017247 secs] [Times: user=0.00 sys=0.00, real=0.00 secs] 
29.196: [GC 29.196: [ParNew
Desired survivor size 557056 bytes, new threshold 8 (max 15)
- age   1:     185000 bytes,     185000 total
- age   2:      52272 bytes,     237272 total
- age   3:      46008 bytes,     283280 total
- age   4:      66888 bytes,     350168 total
- age   5:      43848 bytes,     394016 total
- age   6:       2488 bytes,     396504 total
- age   7:      61776 bytes,     458280 total
- age   8:     105336 bytes,     563616 total
- age   9:      43272 bytes,     606888 total
- age  10:      59832 bytes,     666720 total
: 2123K->996K(2304K), 0.0021799 secs] 163993K->162920K(184700K), 0.0022455 secs] [Times: user=0.00 sys=0.00, real=0.00 secs] 
29.200: [GC 29.200: [ParNew
Desired survivor size 557056 bytes, new threshold 15 (max 15)
- age   1:      46152 bytes,      46152 total
- age   2:     184936 bytes,     231088 total
- age   3:      52272 bytes,     283360 total
- age   4:      46008 bytes,     329368 total
- age   5:      66888 bytes,     396256 total
- age   6:      43848 bytes,     440104 total
- age   7:       2488 bytes,     442592 total
- age   8:      61776 bytes,     504368 total
: 2212K->721K(2304K), 0.0091929 secs] 162847K->161560K(184700K), 0.0092638 secs] [Times: user=0.01 sys=0.01, real=0.01 secs] 
29.211: [GC 29.211: [ParNew
Desired survivor size 557056 bytes, new threshold 15 (max 15)
- age   1:      44080 bytes,      44080 total
- age   2:      46008 bytes,      90088 total
- age   3:     184936 bytes,     275024 total
- age   4:      52272 bytes,     327296 total
- age   5:      46008 bytes,     373304 total
- age   6:      66888 bytes,     440192 total
- age   7:      43848 bytes,     484040 total
- age   8:       2488 bytes,     486528 total
- age   9:      61776 bytes,     548304 total
: 1937K->803K(2304K), 0.0019200 secs] 161966K->160832K(184700K), 0.0019844 secs] [Times: user=0.01 sys=0.00, real=0.00 secs] 
29.217: [GC 29.217: [ParNew
Desired survivor size 557056 bytes, new threshold 8 (max 15)
- age   1:      97776 bytes,      97776 total
- age   2:      44048 bytes,     141824 total
- age   3:      46008 bytes,     187832 total
- age   4:     184936 bytes,     372768 total
- age   5:      52272 bytes,     425040 total
- age   6:      46008 bytes,     471048 total
- age   7:      66888 bytes,     537936 total
- age   8:      43848 bytes,     581784 total
- age   9:       2488 bytes,     584272 total
- age  10:      61776 bytes,     646048 total
: 2019K->1088K(2304K), 0.0017650 secs] 160320K->159389K(184700K), 0.0018252 secs] [Times: user=0.01 sys=0.00, real=0.00 secs] 
29.222: [GC 29.222: [ParNew
Desired survivor size 557056 bytes, new threshold 8 (max 15)
- age   1:     142296 bytes,     142296 total
- age   2:      97704 bytes,     240000 total
- age   3:      43920 bytes,     283920 total
- age   4:      46008 bytes,     329928 total
- age   5:      91944 bytes,     421872 total
- age   6:      52272 bytes,     474144 total
- age   7:      46008 bytes,     520152 total
- age   8:      66888 bytes,     587040 total
: 2304K->716K(2304K), 0.0020704 secs] 159250K->157767K(184700K), 0.0021420 secs] [Times: user=0.00 sys=0.00, real=0.01 secs] 
29.226: [GC 29.226: [ParNew
Desired survivor size 557056 bytes, new threshold 15 (max 15)
- age   1:        136 bytes,        136 total
- age   2:     142064 bytes,     142200 total
- age   3:      97704 bytes,     239904 total
- age   4:      43920 bytes,     283824 total
- age   5:      46008 bytes,     329832 total
- age   6:      91944 bytes,     421776 total
- age   7:      52272 bytes,     474048 total
- age   8:      46008 bytes,     520056 total
: 1932K->546K(2304K), 0.0017499 secs] 158329K->157008K(184700K), 0.0017934 secs] [Times: user=0.01 sys=0.00, real=0.00 secs] 
29.229: [GC 29.229: [ParNew
Desired survivor size 557056 bytes, new threshold 15 (max 15)
- age   1:       1088 bytes,       1088 total
- age   3:     142064 bytes,     143152 total
- age   4:      97704 bytes,     240856 total
- age   5:      43920 bytes,     284776 total
- age   6:      46008 bytes,     330784 total
- age   7:      91944 bytes,     422728 total
- age   8:      52272 bytes,     475000 total
- age   9:      46008 bytes,     521008 total
: 1762K->803K(2304K), 0.0017473 secs] 157032K->156073K(184700K), 0.0018137 secs] [Times: user=0.01 sys=0.00, real=0.00 secs] 
29.233: [GC 29.233: [ParNew
Desired survivor size 557056 bytes, new threshold 15 (max 15)
- age   1:        200 bytes,        200 total
- age   2:        888 bytes,       1088 total
- age   4:     142064 bytes,     143152 total
- age   5:      97704 bytes,     240856 total
- age   6:      43920 bytes,     284776 total
- age   7:      46008 bytes,     330784 total
- age   8:      91944 bytes,     422728 total
- age   9:      52272 bytes,     475000 total
- age  10:      46008 bytes,     521008 total
: 2019K->606K(2304K), 0.0013997 secs] 156189K->154776K(184700K), 0.0014413 secs] [Times: user=0.01 sys=0.00, real=0.01 secs] 
29.235: [GC 29.235: [ParNew
Desired survivor size 557056 bytes, new threshold 15 (max 15)
- age   1:        152 bytes,        152 total
- age   3:        888 bytes,       1040 total
- age   5:     142064 bytes,     143104 total
- age   6:      97704 bytes,     240808 total
- age   7:      43920 bytes,     284728 total
- age   8:      46008 bytes,     330736 total
- age   9:      91944 bytes,     422680 total
- age  10:      52272 bytes,     474952 total
- age  11:      46008 bytes,     520960 total
: 1822K->812K(2304K), 0.0014498 secs] 155385K->154375K(184700K), 0.0015260 secs] [Times: user=0.00 sys=0.00, real=0.00 secs] 
29.238: [GC 29.238: [ParNew
Desired survivor size 557056 bytes, new threshold 15 (max 15)
- age   1:         64 bytes,         64 total
- age   4:        888 bytes,        952 total
- age   6:     142064 bytes,     143016 total
- age   7:      97704 bytes,     240720 total
- age   8:      43920 bytes,     284640 total
- age   9:      46008 bytes,     330648 total
- age  10:      91944 bytes,     422592 total
- age  11:      52272 bytes,     474864 total
- age  12:      46008 bytes,     520872 total
: 2028K->584K(2304K), 0.0013762 secs] 154987K->153543K(184700K), 0.0014154 secs] [Times: user=0.00 sys=0.00, real=0.00 secs] 
29.241: [GC 29.241: [ParNew
Desired survivor size 557056 bytes, new threshold 15 (max 15)
- age   1:        256 bytes,        256 total
- age   5:        888 bytes,       1144 total
- age   7:     142064 bytes,     143208 total
- age   8:      97704 bytes,     240912 total
- age   9:      43920 bytes,     284832 total
- age  10:      46008 bytes,     330840 total
- age  11:      91944 bytes,     422784 total
- age  12:      52272 bytes,     475056 total
- age  13:      46008 bytes,     521064 total
: 1800K->723K(2304K), 0.0017956 secs] 154144K->153066K(184700K), 0.0018654 secs] [Times: user=0.00 sys=0.00, real=0.00 secs] 
29.245: [GC 29.245: [ParNew
Desired survivor size 557056 bytes, new threshold 15 (max 15)
- age   1:        168 bytes,        168 total
- age   6:        888 bytes,       1056 total
- age   8:     142064 bytes,     143120 total
- age   9:      97704 bytes,     240824 total
- age  10:      43920 bytes,     284744 total
- age  11:      46008 bytes,     330752 total
- age  12:      91944 bytes,     422696 total
- age  13:      52272 bytes,     474968 total
- age  14:      46008 bytes,     520976 total
: 1939K->681K(2304K), 0.0016813 secs] 153763K->152505K(184700K), 0.0017447 secs] [Times: user=0.01 sys=0.00, real=0.00 secs] 
29.248: [GC 29.248: [ParNew
Desired survivor size 557056 bytes, new threshold 15 (max 15)
- age   1:        248 bytes,        248 total
- age   7:        888 bytes,       1136 total
- age   9:     142064 bytes,     143200 total
- age  10:      97704 bytes,     240904 total
- age  11:      43920 bytes,     284824 total
- age  12:      46008 bytes,     330832 total
- age  13:      91944 bytes,     422776 total
- age  14:      52272 bytes,     475048 total
- age  15:      46008 bytes,     521056 total
: 1897K->691K(2304K), 0.0014370 secs] 153054K->151848K(184700K), 0.0014800 secs] [Times: user=0.01 sys=0.00, real=0.00 secs] 
29.251: [GC 29.251: [ParNew
Desired survivor size 557056 bytes, new threshold 15 (max 15)
- age   1:         64 bytes,         64 total
- age   8:        888 bytes,        952 total
- age  10:     142064 bytes,     143016 total
- age  11:      97704 bytes,     240720 total
- age  12:      43920 bytes,     284640 total
- age  13:      46008 bytes,     330648 total
- age  14:      91944 bytes,     422592 total
- age  15:      52272 bytes,     474864 total
: 1907K->508K(2304K), 0.0015398 secs] 152254K->150899K(184700K), 0.0015911 secs] [Times: user=0.00 sys=0.00, real=0.00 secs] 
29.255: [GC 29.255: [ParNew
Desired survivor size 557056 bytes, new threshold 15 (max 15)
- age   1:        144 bytes,        144 total
- age   9:        888 bytes,       1032 total
- age  11:     142064 bytes,     143096 total
- age  12:      97704 bytes,     240800 total
- age  13:      43920 bytes,     284720 total
- age  14:      46008 bytes,     330728 total
- age  15:      91944 bytes,     422672 total
: 1724K->474K(2304K), 0.0015521 secs] 151496K->150298K(184700K), 0.0016045 secs] [Times: user=0.00 sys=0.00, real=0.00 secs] 
29.259: [GC 29.259: [ParNew
Desired survivor size 557056 bytes, new threshold 15 (max 15)
- age   1:       1608 bytes,       1608 total
- age  10:        144 bytes,       1752 total
- age  12:     141984 bytes,     143736 total
- age  13:      97704 bytes,     241440 total
- age  14:      43920 bytes,     285360 total
- age  15:      46008 bytes,     331368 total
: 1690K->428K(2304K), 0.0024717 secs] 150760K->149587K(184700K), 0.0025870 secs] [Times: user=0.00 sys=0.01, real=0.00 secs] 
29.263: [GC 29.263: [ParNew
Desired survivor size 557056 bytes, new threshold 15 (max 15)
- age   1:        168 bytes,        168 total
- age   2:       1144 bytes,       1312 total
- age  11:        144 bytes,       1456 total
- age  13:     141984 bytes,     143440 total
- age  14:      97704 bytes,     241144 total
- age  15:      43920 bytes,     285064 total
: 1644K->349K(2304K), 0.0013880 secs] 149762K->148513K(184700K), 0.0014282 secs] [Times: user=0.00 sys=0.00, real=0.01 secs] 
29.266: [GC 29.266: [ParNew
Desired survivor size 557056 bytes, new threshold 15 (max 15)
- age   1:        112 bytes,        112 total
- age   3:       1144 bytes,       1256 total
- age  12:        144 bytes,       1400 total
- age  14:     141984 bytes,     143384 total
- age  15:      97704 bytes,     241088 total
: 1565K->296K(2304K), 0.0012996 secs] 149198K->147971K(184700K), 0.0013380 secs] [Times: user=0.00 sys=0.00, real=0.00 secs] 
29.269: [GC 29.269: [ParNew
Desired survivor size 557056 bytes, new threshold 15 (max 15)
- age   1:        208 bytes,        208 total
- age   4:       1144 bytes,       1352 total
- age  13:        144 bytes,       1496 total
- age  15:     141984 bytes,     143480 total
: 1512K->250K(2304K), 0.0012364 secs] 148479K->147312K(184700K), 0.0012771 secs] [Times: user=0.01 sys=0.00, real=0.00 secs] 
29.272: [GC 29.272: [ParNew
Desired survivor size 557056 bytes, new threshold 15 (max 15)
- age   1:        168 bytes,        168 total
- age   5:       1144 bytes,       1312 total
- age  14:        144 bytes,       1456 total
: 1466K->22K(2304K), 0.0011179 secs] 147399K->146093K(184700K), 0.0011622 secs] [Times: user=0.00 sys=0.00, real=0.00 secs] 
29.275: [GC 29.275: [ParNew
Desired survivor size 557056 bytes, new threshold 15 (max 15)
- age   1:        104 bytes,        104 total
- age   6:       1144 bytes,       1248 total
- age  15:        144 bytes,       1392 total
: 1238K->8K(2304K), 0.0010237 secs] 146244K->145014K(184700K), 0.0010678 secs] [Times: user=0.00 sys=0.00, real=0.00 secs] 
29.279: [GC 29.279: [ParNew
Desired survivor size 557056 bytes, new threshold 15 (max 15)
- age   1:         40 bytes,         40 total
- age   2:         32 bytes,         72 total
- age   7:       1144 bytes,       1216 total
: 1224K->6K(2304K), 0.0014570 secs] 144269K->143051K(184700K), 0.0015243 secs] [Times: user=0.00 sys=0.00, real=0.00 secs] 
29.282: [GC 29.282: [ParNew
Desired survivor size 557056 bytes, new threshold 15 (max 15)
- age   1:        104 bytes,        104 total
- age   8:       1144 bytes,       1248 total
: 1222K->4K(2304K), 0.0009224 secs] 143406K->142188K(184700K), 0.0009596 secs] [Times: user=0.00 sys=0.00, real=0.00 secs] 
29.284: [GC 29.284: [ParNew
Desired survivor size 557056 bytes, new threshold 15 (max 15)
- age   1:        136 bytes,        136 total
- age   9:       1144 bytes,       1280 total
: 1220K->8K(2304K), 0.0009618 secs] 142930K->141718K(184700K), 0.0010004 secs] [Times: user=0.00 sys=0.00, real=0.00 secs] 
29.287: [GC 29.287: [ParNew
Desired survivor size 557056 bytes, new threshold 15 (max 15)
- age   1:        144 bytes,        144 total
- age  10:       1144 bytes,       1288 total
: 1224K->6K(2304K), 0.0008768 secs] 142207K->140989K(184700K), 0.0009123 secs] [Times: user=0.00 sys=0.00, real=0.00 secs] 
29.289: [GC 29.289: [ParNew
Desired survivor size 557056 bytes, new threshold 15 (max 15)
- age   1:        120 bytes,        120 total
- age  11:       1144 bytes,       1264 total
: 1222K->8K(2304K), 0.0009125 secs] 141501K->140287K(184700K), 0.0009488 secs] [Times: user=0.00 sys=0.00, real=0.00 secs] 
29.292: [GC 29.292: [ParNew
Desired survivor size 557056 bytes, new threshold 15 (max 15)
- age   1:        960 bytes,        960 total
- age  12:       1144 bytes,       2104 total
: 1224K->6K(2304K), 0.0016882 secs] 140919K->139701K(184700K), 0.0018252 secs] [Times: user=0.00 sys=0.00, real=0.00 secs] 
29.296: [GC 29.296: [ParNew
Desired survivor size 557056 bytes, new threshold 15 (max 15)
- age   1:        128 bytes,        128 total
- age   2:        888 bytes,       1016 total
- age  13:       1144 bytes,       2160 total
: 1222K->8K(2304K), 0.0012133 secs] 139402K->138188K(184700K), 0.0012584 secs] [Times: user=0.00 sys=0.00, real=0.00 secs] 
29.300: [GC 29.300: [ParNew
Desired survivor size 557056 bytes, new threshold 15 (max 15)
- age   1:         40 bytes,         40 total
- age   3:        888 bytes,        928 total
- age  14:       1144 bytes,       2072 total
: 1224K->6K(2304K), 0.0009484 secs] 137973K->136755K(184700K), 0.0009864 secs] [Times: user=0.00 sys=0.00, real=0.00 secs] 
29.303: [GC 29.303: [ParNew
Desired survivor size 557056 bytes, new threshold 15 (max 15)
- age   1:         72 bytes,         72 total
- age   4:        888 bytes,        960 total
- age  15:       1144 bytes,       2104 total
: 1222K->8K(2304K), 0.0009773 secs] 136642K->135428K(184700K), 0.0010163 secs] [Times: user=0.00 sys=0.00, real=0.01 secs] 
29.307: [GC 29.307: [ParNew
Desired survivor size 557056 bytes, new threshold 15 (max 15)
- age   1:        120 bytes,        120 total
- age   5:        888 bytes,       1008 total
: 1224K->6K(2304K), 0.0009614 secs] 134807K->133590K(184700K), 0.0010020 secs] [Times: user=0.00 sys=0.00, real=0.00 secs] 
29.310: [GC 29.310: [ParNew
Desired survivor size 557056 bytes, new threshold 15 (max 15)
- age   1:         72 bytes,         72 total
- age   6:        888 bytes,        960 total
: 1222K->6K(2304K), 0.0012598 secs] 133523K->132307K(184700K), 0.0013033 secs] [Times: user=0.01 sys=0.01, real=0.00 secs] 
29.314: [GC 29.314: [ParNew
Desired survivor size 557056 bytes, new threshold 15 (max 15)
- age   1:        128 bytes,        128 total
- age   7:        888 bytes,       1016 total
: 1222K->6K(2304K), 0.0010246 secs] 131965K->130749K(184700K), 0.0010633 secs] [Times: user=0.00 sys=0.00, real=0.00 secs] 
29.318: [GC 29.318: [ParNew
Desired survivor size 557056 bytes, new threshold 15 (max 15)
- age   1:        128 bytes,        128 total
- age   8:        888 bytes,       1016 total
: 1222K->6K(2304K), 0.0009360 secs] 131358K->130142K(184700K), 0.0009752 secs] [Times: user=0.00 sys=0.00, real=0.00 secs] 
29.321: [GC 29.321: [ParNew
Desired survivor size 557056 bytes, new threshold 15 (max 15)
- age   1:         72 bytes,         72 total
- age   9:        888 bytes,        960 total
: 1222K->6K(2304K), 0.0009500 secs] 129641K->128425K(184700K), 0.0009852 secs] [Times: user=0.00 sys=0.00, real=0.00 secs] 
29.324: [GC 29.324: [ParNew
Desired survivor size 557056 bytes, new threshold 15 (max 15)
- age   1:         72 bytes,         72 total
- age  10:        888 bytes,        960 total
: 1222K->6K(2304K), 0.0009591 secs] 128270K->127054K(184700K), 0.0009965 secs] [Times: user=0.00 sys=0.00, real=0.00 secs] 
29.328: [GC 29.328: [ParNew
Desired survivor size 557056 bytes, new threshold 15 (max 15)
- age   1:         32 bytes,         32 total
- age  11:        888 bytes,        920 total
: 1222K->6K(2304K), 0.0009323 secs] 127328K->126112K(184700K), 0.0009704 secs] [Times: user=0.00 sys=0.00, real=0.00 secs] 
29.332: [GC 29.332: [ParNew
Desired survivor size 557056 bytes, new threshold 15 (max 15)
- age   1:        128 bytes,        128 total
- age  12:        888 bytes,       1016 total
: 1222K->8K(2304K), 0.0011437 secs] 126352K->125138K(184700K), 0.0011886 secs] [Times: user=0.00 sys=0.00, real=0.00 secs] 
29.336: [GC 29.336: [ParNew
Desired survivor size 557056 bytes, new threshold 15 (max 15)
- age   1:         40 bytes,         40 total
- age  13:        888 bytes,        928 total
: 1224K->6K(2304K), 0.0009303 secs] 125461K->124243K(184700K), 0.0009696 secs] [Times: user=0.01 sys=0.00, real=0.00 secs] 
29.382: [CMS-concurrent-sweep: 0.120/0.195 secs] [Times: user=0.38 sys=0.03, real=0.19 secs] 
29.382: [CMS-concurrent-reset-start]
29.385: [CMS-concurrent-reset: 0.003/0.003 secs] [Times: user=0.01 sys=0.00, real=0.01 secs] 
29.482: [GC 29.482: [ParNew
Desired survivor size 557056 bytes, new threshold 15 (max 15)
- age   1:     419576 bytes,     419576 total
- age  14:        184 bytes,     419760 total
: 1222K->419K(2304K), 0.0019404 secs] 61812K->61010K(184700K), 0.0020145 secs] [Times: user=0.01 sys=0.00, real=0.01 secs] 
29.488: [GC 29.488: [ParNew
Desired survivor size 557056 bytes, new threshold 1 (max 15)
- age   1:     760304 bytes,     760304 total
- age   2:     343320 bytes,    1103624 total
- age  15:        184 bytes,    1103808 total
: 1635K->1088K(2304K), 0.0034253 secs] 62226K->62220K(184700K), 0.0035095 secs] [Times: user=0.01 sys=0.00, real=0.00 secs] 
29.494: [GC 29.494: [ParNew
Desired survivor size 557056 bytes, new threshold 1 (max 15)
- age   1:     995480 bytes,     995480 total
: 2304K->1088K(2304K), 0.0034115 secs] 63436K->63532K(184700K), 0.0034852 secs] [Times: user=0.01 sys=0.00, real=0.00 secs] 
29.501: [GC 29.501: [ParNew
Desired survivor size 557056 bytes, new threshold 1 (max 15)
- age   1:     986072 bytes,     986072 total
: 2304K->1088K(2304K), 0.0030781 secs] 64748K->64744K(184700K), 0.0031485 secs] [Times: user=0.01 sys=0.00, real=0.01 secs] 
29.508: [GC 29.508: [ParNew
Desired survivor size 557056 bytes, new threshold 1 (max 15)
- age   1:     964968 bytes,     964968 total
: 2304K->1088K(2304K), 0.0030858 secs] 65960K->65976K(184700K), 0.0031614 secs] [Times: user=0.01 sys=0.01, real=0.00 secs] 
29.515: [GC 29.515: [ParNew
Desired survivor size 557056 bytes, new threshold 1 (max 15)
- age   1:    1032208 bytes,    1032208 total
: 2304K->1088K(2304K), 0.0030221 secs] 67192K->67121K(184700K), 0.0031075 secs] [Times: user=0.01 sys=0.00, real=0.00 secs] 
29.522: [GC 29.522: [ParNew
Desired survivor size 557056 bytes, new threshold 1 (max 15)
- age   1:     866624 bytes,     866624 total
: 2304K->1088K(2304K), 0.0046143 secs] 68337K->68493K(184700K), 0.0046913 secs] [Times: user=0.01 sys=0.00, real=0.01 secs] 
29.532: [GC 29.532: [ParNew
Desired survivor size 557056 bytes, new threshold 1 (max 15)
- age   1:    1112656 bytes,    1112656 total
: 2304K->1088K(2304K), 0.0058286 secs] 69709K->69467K(184700K), 0.0059112 secs] [Times: user=0.01 sys=0.00, real=0.01 secs] 
29.542: [GC 29.542: [ParNew
Desired survivor size 557056 bytes, new threshold 1 (max 15)
- age   1:     815184 bytes,     815184 total
: 2304K->1088K(2304K), 0.0058469 secs] 70683K->70967K(184700K), 0.0059320 secs] [Times: user=0.02 sys=0.00, real=0.01 secs] 
29.550: [GC 29.550: [ParNew
Desired survivor size 557056 bytes, new threshold 1 (max 15)
- age   1:     843552 bytes,     843552 total
: 2304K->1088K(2304K), 0.0050511 secs] 72183K->72090K(184700K), 0.0051248 secs] [Times: user=0.01 sys=0.00, real=0.01 secs] 
29.558: [GC 29.558: [ParNew
Desired survivor size 557056 bytes, new threshold 1 (max 15)
- age   1:     901352 bytes,     901352 total
: 2304K->1088K(2304K), 0.0036168 secs] 73306K->73157K(184700K), 0.0036952 secs] [Times: user=0.01 sys=0.00, real=0.00 secs] 
29.562: [GC 29.562: [ParNew
Desired survivor size 557056 bytes, new threshold 1 (max 15)
- age   1:    1027296 bytes,    1027296 total
: 2304K->1088K(2304K), 0.0038715 secs] 74373K->74212K(184700K), 0.0039292 secs] [Times: user=0.01 sys=0.00, real=0.01 secs] 
29.568: [GC [1 CMS-initial-mark: 73124K(182396K)] 74224K(184700K), 0.0012177 secs] [Times: user=0.00 sys=0.00, real=0.00 secs] 
29.569: [CMS-concurrent-mark-start]
29.570: [GC 29.571: [ParNew
Desired survivor size 557056 bytes, new threshold 1 (max 15)
- age   1:    1012032 bytes,    1012032 total
: 2304K->1088K(2304K), 0.0033671 secs] 75428K->75308K(184700K), 0.0034417 secs] [Times: user=0.01 sys=0.00, real=0.00 secs] 
29.576: [GC 29.576: [ParNew
Desired survivor size 557056 bytes, new threshold 1 (max 15)
- age   1:     787592 bytes,     787592 total
: 2304K->1088K(2304K), 0.0044954 secs] 76524K->76618K(184700K), 0.0045679 secs] [Times: user=0.02 sys=0.00, real=0.00 secs] 
29.582: [GC 29.582: [ParNew
Desired survivor size 557056 bytes, new threshold 1 (max 15)
- age   1:     999904 bytes,     999904 total
: 2304K->1088K(2304K), 0.0031248 secs] 77834K->77541K(184700K), 0.0032248 secs] [Times: user=0.01 sys=0.00, real=0.01 secs] 
29.588: [GC 29.588: [ParNew
Desired survivor size 557056 bytes, new threshold 1 (max 15)
- age   1:    1048816 bytes,    1048816 total
: 2304K->1088K(2304K), 0.0037089 secs] 78757K->78621K(184700K), 0.0037968 secs] [Times: user=0.01 sys=0.01, real=0.00 secs] 
29.595: [GC 29.595: [ParNew
Desired survivor size 557056 bytes, new threshold 1 (max 15)
- age   1:    1101272 bytes,    1101272 total
: 2304K->1088K(2304K), 0.0039933 secs] 79837K->79672K(184700K), 0.0040856 secs] [Times: user=0.02 sys=0.00, real=0.00 secs] 
29.601: [GC 29.601: [ParNew
Desired survivor size 557056 bytes, new threshold 1 (max 15)
- age   1:     979472 bytes,     979472 total
: 2304K->1088K(2304K), 0.0038998 secs] 80888K->80930K(184700K), 0.0039759 secs] [Times: user=0.02 sys=0.00, real=0.01 secs] 
29.611: [GC 29.611: [ParNew
Desired survivor size 557056 bytes, new threshold 1 (max 15)
- age   1:     960072 bytes,     960072 total
: 2304K->1088K(2304K), 0.0035088 secs] 82146K->82094K(184700K), 0.0035812 secs] [Times: user=0.01 sys=0.00, real=0.01 secs] 
29.617: [GC 29.617: [ParNew
Desired survivor size 557056 bytes, new threshold 15 (max 15)
- age   1:     517536 bytes,     517536 total
: 2304K->1088K(2304K), 0.0027959 secs] 83310K->83029K(184700K), 0.0028737 secs] [Times: user=0.01 sys=0.00, real=0.00 secs] 
29.624: [GC 29.624: [ParNew
Desired survivor size 557056 bytes, new threshold 2 (max 15)
- age   1:     515536 bytes,     515536 total
- age   2:     505248 bytes,    1020784 total
: 2304K->1088K(2304K), 0.0019373 secs] 84245K->83031K(184700K), 0.0020177 secs] [Times: user=0.01 sys=0.00, real=0.01 secs] 
29.628: [GC 29.628: [ParNew
Desired survivor size 557056 bytes, new threshold 2 (max 15)
- age   1:     389112 bytes,     389112 total
- age   2:     502736 bytes,     891848 total
: 2304K->1088K(2304K), 0.0024517 secs] 84247K->83590K(184700K), 0.0025163 secs] [Times: user=0.00 sys=0.00, real=0.00 secs] 
29.632: [GC 29.632: [ParNew
Desired survivor size 557056 bytes, new threshold 2 (max 15)
- age   1:     488104 bytes,     488104 total
- age   2:     389040 bytes,     877144 total
: 2304K->1088K(2304K), 0.0022410 secs] 84806K->84054K(184700K), 0.0023070 secs] [Times: user=0.01 sys=0.00, real=0.01 secs] 
29.637: [GC 29.637: [ParNew
Desired survivor size 557056 bytes, new threshold 1 (max 15)
- age   1:     584720 bytes,     584720 total
- age   2:     446032 bytes,    1030752 total
: 2304K->1088K(2304K), 0.0022982 secs] 85270K->84471K(184700K), 0.0023703 secs] [Times: user=0.00 sys=0.00, real=0.00 secs] 
29.641: [GC 29.641: [ParNew
Desired survivor size 557056 bytes, new threshold 15 (max 15)
- age   1:     345976 bytes,     345976 total
: 2304K->920K(2304K), 0.0027963 secs] 85687K->85306K(184700K), 0.0028717 secs] [Times: user=0.01 sys=0.00, real=0.01 secs] 
29.646: [GC 29.646: [ParNew
Desired survivor size 557056 bytes, new threshold 2 (max 15)
- age   1:     251704 bytes,     251704 total
- age   2:     345944 bytes,     597648 total
: 2136K->707K(2304K), 0.0014497 secs] 86522K->85093K(184700K), 0.0014951 secs] [Times: user=0.00 sys=0.00, real=0.00 secs] 
29.649: [GC 29.649: [ParNew
Desired survivor size 557056 bytes, new threshold 15 (max 15)
- age   1:     254160 bytes,     254160 total
- age   2:     251448 bytes,     505608 total
: 1923K->774K(2304K), 0.0017146 secs] 86309K->85498K(184700K), 0.0017615 secs] [Times: user=0.00 sys=0.00, real=0.00 secs] 
29.652: [GC 29.652: [ParNew
Desired survivor size 557056 bytes, new threshold 3 (max 15)
- age   1:     257392 bytes,     257392 total
- age   2:     253912 bytes,     511304 total
- age   3:     251448 bytes,     762752 total
: 1990K->874K(2304K), 0.0014293 secs] 86714K->85598K(184700K), 0.0014742 secs] [Times: user=0.00 sys=0.01, real=0.00 secs] 
29.654: [GC 29.654: [ParNew
Desired survivor size 557056 bytes, new threshold 2 (max 15)
- age   1:     417928 bytes,     417928 total
- age   2:     234152 bytes,     652080 total
- age   3:     253128 bytes,     905208 total
: 2090K->1088K(2304K), 0.0019302 secs] 86814K->86090K(184700K), 0.0020174 secs] [Times: user=0.00 sys=0.00, real=0.00 secs] 
29.658: [GC 29.658: [ParNew
Desired survivor size 557056 bytes, new threshold 1 (max 15)
- age   1:     723952 bytes,     723952 total
- age   2:     268320 bytes,     992272 total
: 2304K->1088K(2304K), 0.0029554 secs] 87306K->86786K(184700K), 0.0030253 secs] [Times: user=0.01 sys=0.00, real=0.00 secs] 
29.662: [GC 29.662: [ParNew
Desired survivor size 557056 bytes, new threshold 15 (max 15)
- age   1:     403976 bytes,     403976 total
: 2304K->935K(2304K), 0.0026105 secs] 88002K->87599K(184700K), 0.0026753 secs] [Times: user=0.01 sys=0.00, real=0.01 secs] 
29.666: [GC 29.666: [ParNew
Desired survivor size 557056 bytes, new threshold 2 (max 15)
- age   1:     534640 bytes,     534640 total
- age   2:     393488 bytes,     928128 total
: 2151K->1088K(2304K), 0.0017809 secs] 88815K->87752K(184700K), 0.0018357 secs] [Times: user=0.01 sys=0.00, real=0.00 secs] 
29.669: [GC 29.669: [ParNew
Desired survivor size 557056 bytes, new threshold 2 (max 15)
- age   1:     431600 bytes,     431600 total
- age   2:     531472 bytes,     963072 total
: 2304K->1088K(2304K), 0.0024311 secs] 88968K->88149K(184700K), 0.0024903 secs] [Times: user=0.01 sys=0.00, real=0.00 secs] 
29.673: [GC 29.673: [ParNew
Desired survivor size 557056 bytes, new threshold 1 (max 15)
- age   1:     595384 bytes,     595384 total
- age   2:     365896 bytes,     961280 total
: 2304K->1088K(2304K), 0.0040652 secs] 89365K->88732K(184700K), 0.0041520 secs] [Times: user=0.01 sys=0.00, real=0.01 secs] 
29.680: [GC 29.680: [ParNew
Desired survivor size 557056 bytes, new threshold 15 (max 15)
- age   1:     348512 bytes,     348512 total
: 2304K->924K(2304K), 0.0028243 secs] 89948K->89507K(184700K), 0.0029083 secs] [Times: user=0.01 sys=0.00, real=0.00 secs] 
29.684: [GC 29.684: [ParNew
Desired survivor size 557056 bytes, new threshold 1 (max 15)
- age   1:     582112 bytes,     582112 total
- age   2:     348408 bytes,     930520 total
: 2140K->1088K(2304K), 0.0021672 secs] 90723K->89670K(184700K), 0.0022291 secs] [Times: user=0.01 sys=0.00, real=0.00 secs] 
29.688: [GC 29.688: [ParNew
Desired survivor size 557056 bytes, new threshold 15 (max 15)
- age   1:     320432 bytes,     320432 total
: 2304K->760K(2304K), 0.0028451 secs] 90886K->90251K(184700K), 0.0029222 secs] [Times: user=0.01 sys=0.00, real=0.00 secs] 
29.693: [GC 29.693: [ParNew
Desired survivor size 557056 bytes, new threshold 15 (max 15)
- age   1:      67176 bytes,      67176 total
- age   2:     320320 bytes,     387496 total
: 1976K->538K(2304K), 0.0012604 secs] 91467K->90029K(184700K), 0.0013052 secs] [Times: user=0.01 sys=0.00, real=0.00 secs] 
29.695: [GC 29.695: [ParNew
Desired survivor size 557056 bytes, new threshold 3 (max 15)
- age   1:     246840 bytes,     246840 total
- age   2:      66976 bytes,     313816 total
- age   3:     320320 bytes,     634136 total
: 1754K->721K(2304K), 0.0017733 secs] 91245K->90212K(184700K), 0.0018316 secs] [Times: user=0.00 sys=0.00, real=0.00 secs] 
29.700: [GC 29.701: [ParNew
Desired survivor size 557056 bytes, new threshold 15 (max 15)
- age   1:      61336 bytes,      61336 total
- age   2:     244152 bytes,     305488 total
- age   3:      66976 bytes,     372464 total
: 1937K->554K(2304K), 0.0026338 secs] 91428K->90358K(184700K), 0.0027116 secs] [Times: user=0.01 sys=0.00, real=0.00 secs] 
29.705: [GC 29.705: [ParNew
Desired survivor size 557056 bytes, new threshold 15 (max 15)
- age   1:     103336 bytes,     103336 total
- age   2:      53088 bytes,     156424 total
- age   3:     244152 bytes,     400576 total
- age   4:      66976 bytes,     467552 total
: 1770K->617K(2304K), 0.0015768 secs] 91574K->90421K(184700K), 0.0016526 secs] [Times: user=0.01 sys=0.00, real=0.00 secs] 
29.711: [GC 29.711: [ParNew
Desired survivor size 557056 bytes, new threshold 15 (max 15)
- age   1:      69896 bytes,      69896 total
- age   2:      84888 bytes,     154784 total
- age   3:      53088 bytes,     207872 total
- age   4:     244152 bytes,     452024 total
- age   5:      66976 bytes,     519000 total
: 1833K->694K(2304K), 0.0014424 secs] 91637K->90499K(184700K), 0.0015284 secs] [Times: user=0.01 sys=0.00, real=0.00 secs] 
29.715: [GC 29.715: [ParNew
Desired survivor size 557056 bytes, new threshold 6 (max 15)
- age   1:     119248 bytes,     119248 total
- age   2:      42264 bytes,     161512 total
- age   3:      84888 bytes,     246400 total
- age   4:      53088 bytes,     299488 total
- age   5:     244152 bytes,     543640 total
- age   6:      66976 bytes,     610616 total
: 1910K->983K(2304K), 0.0020537 secs] 91715K->90787K(184700K), 0.0021195 secs] [Times: user=0.01 sys=0.00, real=0.00 secs] 
29.724: [GC 29.724: [ParNew
Desired survivor size 557056 bytes, new threshold 6 (max 15)
- age   1:      92008 bytes,      92008 total
- age   2:     119168 bytes,     211176 total
- age   3:      42264 bytes,     253440 total
- age   4:      84888 bytes,     338328 total
- age   5:      53088 bytes,     391416 total
- age   6:     244152 bytes,     635568 total
: 2199K->856K(2304K), 0.0021954 secs] 92003K->90725K(184700K), 0.0022702 secs] [Times: user=0.00 sys=0.00, real=0.01 secs] 
29.728: [GC 29.728: [ParNew
Desired survivor size 557056 bytes, new threshold 15 (max 15)
- age   1:         80 bytes,         80 total
- age   2:      91872 bytes,      91952 total
- age   3:     119168 bytes,     211120 total
- age   4:      42264 bytes,     253384 total
- age   5:      84888 bytes,     338272 total
- age   6:      53088 bytes,     391360 total
: 2072K->557K(2304K), 0.0016291 secs] 91941K->90665K(184700K), 0.0016768 secs] [Times: user=0.00 sys=0.00, real=0.00 secs] 
29.731: [GC 29.731: [ParNew
Desired survivor size 557056 bytes, new threshold 15 (max 15)
- age   1:        112 bytes,        112 total
- age   3:      91872 bytes,      91984 total
- age   4:     119168 bytes,     211152 total
- age   5:      42264 bytes,     253416 total
- age   6:      84888 bytes,     338304 total
- age   7:      53088 bytes,     391392 total
: 1773K->425K(2304K), 0.0012629 secs] 91881K->90534K(184700K), 0.0013052 secs] [Times: user=0.00 sys=0.00, real=0.00 secs] 
29.734: [GC 29.734: [ParNew
Desired survivor size 557056 bytes, new threshold 15 (max 15)
- age   1:        264 bytes,        264 total
- age   4:      91872 bytes,      92136 total
- age   5:     119168 bytes,     211304 total
- age   6:      42264 bytes,     253568 total
- age   7:      84888 bytes,     338456 total
- age   8:      53088 bytes,     391544 total
: 1641K->529K(2304K), 0.0014237 secs] 91750K->90637K(184700K), 0.0014801 secs] [Times: user=0.00 sys=0.00, real=0.01 secs] 
29.737: [GC 29.737: [ParNew
Desired survivor size 557056 bytes, new threshold 15 (max 15)
- age   1:        104 bytes,        104 total
- age   5:      91872 bytes,      91976 total
- age   6:     119168 bytes,     211144 total
- age   7:      42264 bytes,     253408 total
- age   8:      84888 bytes,     338296 total
- age   9:      53088 bytes,     391384 total
: 1745K->602K(2304K), 0.0017262 secs] 91853K->90710K(184700K), 0.0017984 secs] [Times: user=0.01 sys=0.00, real=0.00 secs] 
29.740: [GC 29.740: [ParNew
Desired survivor size 557056 bytes, new threshold 15 (max 15)
- age   1:        160 bytes,        160 total
- age   6:      91872 bytes,      92032 total
- age   7:     119168 bytes,     211200 total
- age   8:      42264 bytes,     253464 total
- age   9:      84888 bytes,     338352 total
- age  10:      53088 bytes,     391440 total
: 1818K->478K(2304K), 0.0012902 secs] 91926K->90586K(184700K), 0.0013328 secs] [Times: user=0.00 sys=0.00, real=0.00 secs] 
29.744: [GC 29.744: [ParNew
Desired survivor size 557056 bytes, new threshold 15 (max 15)
- age   1:       1016 bytes,       1016 total
- age   7:      91872 bytes,      92888 total
- age   8:     119168 bytes,     212056 total
- age   9:      42264 bytes,     254320 total
- age  10:      84888 bytes,     339208 total
- age  11:      53088 bytes,     392296 total
: 1694K->602K(2304K), 0.0023413 secs] 91802K->90710K(184700K), 0.0024458 secs] [Times: user=0.00 sys=0.00, real=0.01 secs] 
29.749: [GC 29.749: [ParNew
Desired survivor size 557056 bytes, new threshold 15 (max 15)
- age   1:         32 bytes,         32 total
- age   2:        888 bytes,        920 total
- age   8:      91872 bytes,      92792 total
- age   9:     119168 bytes,     211960 total
- age  10:      42264 bytes,     254224 total
- age  11:      84888 bytes,     339112 total
- age  12:      53088 bytes,     392200 total
: 1818K->466K(2304K), 0.0012908 secs] 91926K->90574K(184700K), 0.0013368 secs] [Times: user=0.00 sys=0.00, real=0.00 secs] 
29.753: [GC 29.753: [ParNew
Desired survivor size 557056 bytes, new threshold 15 (max 15)
- age   1:        128 bytes,        128 total
- age   3:        888 bytes,       1016 total
- age   9:      91872 bytes,      92888 total
- age  10:     119168 bytes,     212056 total
- age  11:      42264 bytes,     254320 total
- age  12:      84888 bytes,     339208 total
- age  13:      53088 bytes,     392296 total
: 1682K->475K(2304K), 0.0012683 secs] 91790K->90583K(184700K), 0.0013104 secs] [Times: user=0.00 sys=0.00, real=0.00 secs] 
29.756: [GC 29.756: [ParNew
Desired survivor size 557056 bytes, new threshold 15 (max 15)
- age   1:         40 bytes,         40 total
- age   4:        888 bytes,        928 total
- age  10:      91872 bytes,      92800 total
- age  11:     119168 bytes,     211968 total
- age  12:      42264 bytes,     254232 total
- age  13:      84888 bytes,     339120 total
- age  14:      53088 bytes,     392208 total
: 1691K->573K(2304K), 0.0014062 secs] 91799K->90681K(184700K), 0.0014553 secs] [Times: user=0.01 sys=0.00, real=0.00 secs] 
29.759: [CMS-concurrent-mark: 0.076/0.190 secs] [Times: user=0.50 sys=0.03, real=0.19 secs] 
29.759: [CMS-concurrent-preclean-start]
29.760: [GC 29.760: [ParNew
Desired survivor size 557056 bytes, new threshold 15 (max 15)
- age   1:         64 bytes,         64 total
- age   5:        888 bytes,        952 total
- age  11:      91872 bytes,      92824 total
- age  12:     119168 bytes,     211992 total
- age  13:      42264 bytes,     254256 total
- age  14:      84888 bytes,     339144 total
- age  15:      53088 bytes,     392232 total
: 1789K->519K(2304K), 0.0016428 secs] 91897K->90627K(184700K), 0.0017045 secs] [Times: user=0.01 sys=0.00, real=0.00 secs] 
29.765: [GC 29.765: [ParNew
Desired survivor size 557056 bytes, new threshold 15 (max 15)
- age   1:         72 bytes,         72 total
- age   6:        888 bytes,        960 total
- age  12:      91872 bytes,      92832 total
- age  13:     119168 bytes,     212000 total
- age  14:      42264 bytes,     254264 total
- age  15:      84888 bytes,     339152 total
: 1735K->393K(2304K), 0.0013052 secs] 91843K->90553K(184700K), 0.0013474 secs] [Times: user=0.01 sys=0.00, real=0.00 secs] 
29.769: [GC 29.769: [ParNew
Desired survivor size 557056 bytes, new threshold 15 (max 15)
- age   1:        128 bytes,        128 total
- age   7:        888 bytes,       1016 total
- age  13:      91872 bytes,      92888 total
- age  14:     119168 bytes,     212056 total
- age  15:      42264 bytes,     254320 total
: 1609K->382K(2304K), 0.0013531 secs] 91769K->90625K(184700K), 0.0014111 secs] [Times: user=0.00 sys=0.00, real=0.00 secs] 
29.775: [CMS-concurrent-preclean: 0.010/0.016 secs] [Times: user=0.03 sys=0.00, real=0.02 secs] 
29.775: [GC[YG occupancy: 1381 K (2304 K)]29.775: [Rescan (parallel) , 0.0010427 secs]29.776: [weak refs processing, 0.0000114 secs] [1 CMS-remark: 90242K(182396K)] 91624K(184700K), 0.0011259 secs] [Times: user=0.00 sys=0.00, real=0.00 secs] 
29.776: [CMS-concurrent-sweep-start]
29.836: [CMS-concurrent-sweep: 0.060/0.060 secs] [Times: user=0.06 sys=0.00, real=0.06 secs] 
29.836: [CMS-concurrent-reset-start]
29.840: [CMS-concurrent-reset: 0.004/0.004 secs] [Times: user=0.01 sys=0.00, real=0.00 secs] 
29.883: [GC 29.883: [ParNew
Desired survivor size 557056 bytes, new threshold 15 (max 15)
- age   1:     180032 bytes,     180032 total
- age   8:        888 bytes,     180920 total
- age  14:      91512 bytes,     272432 total
- age  15:     119168 bytes,     391600 total
: 1598K->525K(2304K), 0.0017807 secs] 33154K->32122K(184700K), 0.0018775 secs] [Times: user=0.00 sys=0.00, real=0.01 secs] 
29.890: [GC 29.890: [ParNew
Desired survivor size 557056 bytes, new threshold 1 (max 15)
- age   1:     837896 bytes,     837896 total
- age   2:     177792 bytes,    1015688 total
- age   9:        888 bytes,    1016576 total
- age  15:      91512 bytes,    1108088 total
: 1741K->1088K(2304K), 0.0027488 secs] 33338K->33191K(184700K), 0.0028196 secs] [Times: user=0.01 sys=0.00, real=0.00 secs] 
29.897: [GC 29.897: [ParNew
Desired survivor size 557056 bytes, new threshold 1 (max 15)
- age   1:    1007720 bytes,    1007720 total
: 2304K->1088K(2304K), 0.0032371 secs] 34407K->34493K(184700K), 0.0032982 secs] [Times: user=0.01 sys=0.00, real=0.00 secs] 
29.906: [GC 29.906: [ParNew
Desired survivor size 557056 bytes, new threshold 1 (max 15)
- age   1:     869192 bytes,     869192 total
: 2304K->1088K(2304K), 0.0046519 secs] 35709K->35784K(184700K), 0.0047282 secs] [Times: user=0.02 sys=0.00, real=0.00 secs] 
29.915: [GC 29.915: [ParNew
Desired survivor size 557056 bytes, new threshold 1 (max 15)
- age   1:    1016960 bytes,    1016960 total
: 2304K->1088K(2304K), 0.0035054 secs] 37000K->36843K(184700K), 0.0036076 secs] [Times: user=0.01 sys=0.00, real=0.00 secs] 
29.922: [GC 29.922: [ParNew
Desired survivor size 557056 bytes, new threshold 1 (max 15)
- age   1:     723560 bytes,     723560 total
: 2304K->1088K(2304K), 0.0050955 secs] 38059K->38339K(184700K), 0.0051738 secs] [Times: user=0.01 sys=0.00, real=0.01 secs] 
29.930: [GC 29.930: [ParNew
Desired survivor size 557056 bytes, new threshold 1 (max 15)
- age   1:    1103392 bytes,    1103392 total
: 2304K->1088K(2304K), 0.0035178 secs] 39555K->39175K(184700K), 0.0035939 secs] [Times: user=0.01 sys=0.00, real=0.00 secs] 
29.937: [GC 29.937: [ParNew
Desired survivor size 557056 bytes, new threshold 1 (max 15)
- age   1:    1065232 bytes,    1065232 total
: 2304K->1088K(2304K), 0.0042384 secs] 40391K->40422K(184700K), 0.0043287 secs] [Times: user=0.01 sys=0.00, real=0.00 secs] 
29.946: [GC 29.946: [ParNew
Desired survivor size 557056 bytes, new threshold 1 (max 15)
- age   1:    1025472 bytes,    1025472 total
: 2304K->1088K(2304K), 0.0047778 secs] 41638K->41654K(184700K), 0.0048653 secs] [Times: user=0.02 sys=0.00, real=0.00 secs] 
29.954: [GC 29.954: [ParNew
Desired survivor size 557056 bytes, new threshold 1 (max 15)
- age   1:    1057272 bytes,    1057272 total
: 2304K->1088K(2304K), 0.0041366 secs] 42870K->42834K(184700K), 0.0042086 secs] [Times: user=0.01 sys=0.00, real=0.01 secs] 
29.961: [GC 29.961: [ParNew
Desired survivor size 557056 bytes, new threshold 1 (max 15)
- age   1:     877440 bytes,     877440 total
: 2304K->1088K(2304K), 0.0045639 secs] 44050K->44217K(184700K), 0.0046534 secs] [Times: user=0.01 sys=0.00, real=0.01 secs] 
29.968: [GC 29.968: [ParNew
Desired survivor size 557056 bytes, new threshold 1 (max 15)
- age   1:    1113032 bytes,    1113032 total
: 2304K->1088K(2304K), 0.0051414 secs] 45433K->45197K(184700K), 0.0052097 secs] [Times: user=0.01 sys=0.00, real=0.00 secs] 
29.976: [GC 29.976: [ParNew
Desired survivor size 557056 bytes, new threshold 1 (max 15)
- age   1:     846744 bytes,     846744 total
: 2304K->1088K(2304K), 0.0049954 secs] 46413K->46664K(184700K), 0.0050796 secs] [Times: user=0.02 sys=0.00, real=0.00 secs] 
29.984: [GC 29.984: [ParNew
Desired survivor size 557056 bytes, new threshold 1 (max 15)
- age   1:     972432 bytes,     972432 total
: 2304K->1088K(2304K), 0.0052107 secs] 47880K->47750K(184700K), 0.0052790 secs] [Times: user=0.02 sys=0.00, real=0.01 secs] 
29.992: [GC 29.992: [ParNew
Desired survivor size 557056 bytes, new threshold 1 (max 15)
- age   1:     984800 bytes,     984800 total
: 2303K->1088K(2304K), 0.0063622 secs] 48965K->48930K(184700K), 0.0064502 secs] [Times: user=0.02 sys=0.00, real=0.01 secs] 
30.001: [GC 30.001: [ParNew
Desired survivor size 557056 bytes, new threshold 1 (max 15)
- age   1:     952216 bytes,     952216 total
: 2304K->1088K(2304K), 0.0042368 secs] 50146K->50187K(184700K), 0.0043448 secs] [Times: user=0.02 sys=0.01, real=0.01 secs] 
30.009: [GC 30.009: [ParNew
Desired survivor size 557056 bytes, new threshold 1 (max 15)
- age   1:    1012944 bytes,    1012944 total
: 2304K->1088K(2304K), 0.0043423 secs] 51403K->51322K(184700K), 0.0044129 secs] [Times: user=0.01 sys=0.00, real=0.00 secs] 
30.017: [GC 30.017: [ParNew
Desired survivor size 557056 bytes, new threshold 1 (max 15)
- age   1:    1098000 bytes,    1098000 total
: 2304K->1088K(2304K), 0.0036459 secs] 52538K->52450K(184700K), 0.0037162 secs] [Times: user=0.01 sys=0.00, real=0.00 secs] 
30.022: [GC 30.022: [ParNew
Desired survivor size 557056 bytes, new threshold 1 (max 15)
- age   1:     967624 bytes,     967624 total
: 2304K->1088K(2304K), 0.0045264 secs] 53666K->53786K(184700K), 0.0045955 secs] [Times: user=0.01 sys=0.00, real=0.01 secs] 
30.028: [GC 30.028: [ParNew
Desired survivor size 557056 bytes, new threshold 1 (max 15)
- age   1:    1099832 bytes,    1099832 total
: 2304K->1088K(2304K), 0.0058487 secs] 55002K->54870K(184700K), 0.0059333 secs] [Times: user=0.02 sys=0.00, real=0.00 secs] 
30.035: [GC 30.035: [ParNew
Desired survivor size 557056 bytes, new threshold 1 (max 15)
- age   1:     804728 bytes,     804728 total
: 2304K->1088K(2304K), 0.0040940 secs] 56086K->56311K(184700K), 0.0041852 secs] [Times: user=0.02 sys=0.00, real=0.00 secs] 
30.041: [GC 30.041: [ParNew
Desired survivor size 557056 bytes, new threshold 1 (max 15)
- age   1:     908056 bytes,     908056 total
: 2304K->1088K(2304K), 0.0038774 secs] 57527K->57342K(184700K), 0.0039410 secs] [Times: user=0.01 sys=0.00, real=0.01 secs] 
30.046: [GC 30.046: [ParNew
Desired survivor size 557056 bytes, new threshold 1 (max 15)
- age   1:    1020648 bytes,    1020648 total
: 2304K->1088K(2304K), 0.0030945 secs] 58558K->58359K(184700K), 0.0031621 secs] [Times: user=0.01 sys=0.00, real=0.00 secs] 
30.051: [GC 30.051: [ParNew
Desired survivor size 557056 bytes, new threshold 1 (max 15)
- age   1:     964760 bytes,     964760 total
: 2304K->1088K(2304K), 0.0033854 secs] 59575K->59559K(184700K), 0.0034579 secs] [Times: user=0.01 sys=0.00, real=0.01 secs] 
30.057: [GC 30.057: [ParNew
Desired survivor size 557056 bytes, new threshold 1 (max 15)
- age   1:     967032 bytes,     967032 total
: 2304K->1088K(2304K), 0.0035762 secs] 60775K->60703K(184700K), 0.0036465 secs] [Times: user=0.01 sys=0.00, real=0.00 secs] 
30.062: [GC 30.062: [ParNew
Desired survivor size 557056 bytes, new threshold 1 (max 15)
- age   1:    1079496 bytes,    1079496 total
: 2304K->1088K(2304K), 0.0034957 secs] 61919K->61742K(184700K), 0.0035611 secs] [Times: user=0.01 sys=0.00, real=0.01 secs] 
30.067: [GC 30.067: [ParNew
Desired survivor size 557056 bytes, new threshold 1 (max 15)
- age   1:     980024 bytes,     980024 total
: 2304K->1088K(2304K), 0.0034312 secs] 62958K->62977K(184700K), 0.0034949 secs] [Times: user=0.01 sys=0.00, real=0.00 secs] 
30.071: [GC 30.071: [ParNew
Desired survivor size 557056 bytes, new threshold 1 (max 15)
- age   1:     926040 bytes,     926040 total
: 2304K->1088K(2304K), 0.0043530 secs] 64193K->64214K(184700K), 0.0044266 secs] [Times: user=0.01 sys=0.01, real=0.01 secs] 
30.076: [GC [1 CMS-initial-mark: 63126K(182396K)] 64244K(184700K), 0.0010723 secs] [Times: user=0.00 sys=0.00, real=0.00 secs] 
30.077: [CMS-concurrent-mark-start]
30.078: [GC 30.078: [ParNew
Desired survivor size 557056 bytes, new threshold 1 (max 15)
- age   1:    1069192 bytes,    1069192 total
: 2304K->1088K(2304K), 0.0047132 secs] 65430K->65268K(184700K), 0.0047812 secs] [Times: user=0.02 sys=0.00, real=0.00 secs] 
30.084: [GC 30.084: [ParNew
Desired survivor size 557056 bytes, new threshold 1 (max 15)
- age   1:     996256 bytes,     996256 total
: 2304K->1088K(2304K), 0.0035220 secs] 66484K->66451K(184700K), 0.0035875 secs] [Times: user=0.01 sys=0.00, real=0.01 secs] 
30.089: [GC 30.089: [ParNew
Desired survivor size 557056 bytes, new threshold 1 (max 15)
- age   1:    1025232 bytes,    1025232 total
: 2304K->1088K(2304K), 0.0038356 secs] 67667K->67528K(184700K), 0.0039446 secs] [Times: user=0.01 sys=0.00, real=0.00 secs] 
30.095: [GC 30.095: [ParNew
Desired survivor size 557056 bytes, new threshold 1 (max 15)
- age   1:     781632 bytes,     781632 total
: 2304K->1088K(2304K), 0.0035616 secs] 68744K->68868K(184700K), 0.0036293 secs] [Times: user=0.01 sys=0.00, real=0.00 secs] 
30.099: [GC 30.100: [ParNew
Desired survivor size 557056 bytes, new threshold 1 (max 15)
- age   1:    1016504 bytes,    1016504 total
: 2304K->1088K(2304K), 0.0034772 secs] 70084K->69754K(184700K), 0.0035528 secs] [Times: user=0.01 sys=0.00, real=0.00 secs] 
30.105: [GC 30.105: [ParNew
Desired survivor size 557056 bytes, new threshold 1 (max 15)
- age   1:     933192 bytes,     933192 total
: 2304K->1088K(2304K), 0.0044503 secs] 70970K->70962K(184700K), 0.0045257 secs] [Times: user=0.01 sys=0.00, real=0.00 secs] 
30.112: [GC 30.112: [ParNew
Desired survivor size 557056 bytes, new threshold 1 (max 15)
- age   1:    1029688 bytes,    1029688 total
: 2304K->1088K(2304K), 0.0034543 secs] 72178K->71972K(184700K), 0.0035416 secs] [Times: user=0.01 sys=0.00, real=0.01 secs] 
30.118: [GC 30.118: [ParNew
Desired survivor size 557056 bytes, new threshold 1 (max 15)
- age   1:    1002760 bytes,    1002760 total
: 2304K->1088K(2304K), 0.0038528 secs] 73188K->73103K(184700K), 0.0039290 secs] [Times: user=0.01 sys=0.00, real=0.00 secs] 
30.125: [GC 30.125: [ParNew
Desired survivor size 557056 bytes, new threshold 1 (max 15)
- age   1:    1086208 bytes,    1086208 total
: 2304K->1088K(2304K), 0.0038019 secs] 74319K->74115K(184700K), 0.0038838 secs] [Times: user=0.01 sys=0.00, real=0.00 secs] 
30.132: [GC 30.132: [ParNew
Desired survivor size 557056 bytes, new threshold 1 (max 15)
- age   1:    1024800 bytes,    1024800 total
: 2304K->1088K(2304K), 0.0037202 secs] 75331K->75274K(184700K), 0.0037904 secs] [Times: user=0.01 sys=0.00, real=0.01 secs] 
30.140: [GC 30.140: [ParNew
Desired survivor size 557056 bytes, new threshold 1 (max 15)
- age   1:     988272 bytes,     988272 total
: 2251K->1088K(2304K), 0.0037524 secs] 76437K->76329K(184700K), 0.0038250 secs] [Times: user=0.02 sys=0.00, real=0.00 secs] 
30.146: [GC 30.146: [ParNew
Desired survivor size 557056 bytes, new threshold 1 (max 15)
- age   1:    1047496 bytes,    1047496 total
: 2304K->1088K(2304K), 0.0038476 secs] 77545K->77404K(184700K), 0.0039204 secs] [Times: user=0.01 sys=0.00, real=0.00 secs] 
30.157: [GC 30.157: [ParNew
Desired survivor size 557056 bytes, new threshold 1 (max 15)
- age   1:    1022832 bytes,    1022832 total
: 2304K->1088K(2304K), 0.0037336 secs] 78620K->78541K(184700K), 0.0038127 secs] [Times: user=0.01 sys=0.00, real=0.00 secs] 
30.167: [GC 30.167: [ParNew
Desired survivor size 557056 bytes, new threshold 1 (max 15)
- age   1:     947688 bytes,     947688 total
: 2304K->1088K(2304K), 0.0051927 secs] 79757K->79761K(184700K), 0.0052879 secs] [Times: user=0.01 sys=0.00, real=0.00 secs] 
30.177: [GC 30.177: [ParNew
Desired survivor size 557056 bytes, new threshold 1 (max 15)
- age   1:    1095664 bytes,    1095664 total
: 2304K->1088K(2304K), 0.0033469 secs] 80977K->80778K(184700K), 0.0034173 secs] [Times: user=0.01 sys=0.00, real=0.00 secs] 
30.185: [GC 30.185: [ParNew
Desired survivor size 557056 bytes, new threshold 1 (max 15)
- age   1:     985600 bytes,     985600 total
: 2304K->1088K(2304K), 0.0054418 secs] 81994K->82092K(184700K), 0.0055206 secs] [Times: user=0.02 sys=0.00, real=0.00 secs] 
30.197: [GC 30.197: [ParNew
Desired survivor size 557056 bytes, new threshold 1 (max 15)
- age   1:    1002192 bytes,    1002192 total
: 2304K->1088K(2304K), 0.0046238 secs] 83308K->83290K(184700K), 0.0047032 secs] [Times: user=0.02 sys=0.00, real=0.00 secs] 
30.204: [GC 30.204: [ParNew
Desired survivor size 557056 bytes, new threshold 1 (max 15)
- age   1:     608248 bytes,     608248 total
: 2304K->1088K(2304K), 0.0027952 secs] 84506K->84267K(184700K), 0.0028665 secs] [Times: user=0.01 sys=0.00, real=0.00 secs] 
30.210: [GC 30.210: [ParNew
Desired survivor size 557056 bytes, new threshold 15 (max 15)
- age   1:      40664 bytes,      40664 total
: 2304K->233K(2304K), 0.0024877 secs] 85483K->84006K(184700K), 0.0025883 secs] [Times: user=0.00 sys=0.00, real=0.00 secs] 
30.215: [GC 30.215: [ParNew
Desired survivor size 557056 bytes, new threshold 1 (max 15)
- age   1:    1066072 bytes,    1066072 total
- age   2:      40664 bytes,    1106736 total
: 1449K->1088K(2304K), 0.0037691 secs] 85222K->85030K(184700K), 0.0038382 secs] [Times: user=0.01 sys=0.01, real=0.00 secs] 
30.222: [GC 30.222: [ParNew
Desired survivor size 557056 bytes, new threshold 1 (max 15)
- age   1:     915848 bytes,     915848 total
: 2304K->1088K(2304K), 0.0067683 secs] 86246K->86321K(184700K), 0.0068427 secs] [Times: user=0.02 sys=0.00, real=0.01 secs] 
30.231: [GC 30.231: [ParNew
Desired survivor size 557056 bytes, new threshold 1 (max 15)
- age   1:     762968 bytes,     762968 total
: 2304K->1080K(2304K), 0.0040101 secs] 87537K->87207K(184700K), 0.0040813 secs] [Times: user=0.01 sys=0.00, real=0.01 secs] 
30.238: [GC 30.238: [ParNew
Desired survivor size 557056 bytes, new threshold 15 (max 15)
- age   1:      88272 bytes,      88272 total
: 2296K->581K(2304K), 0.0033000 secs] 88423K->87453K(184700K), 0.0033768 secs] [Times: user=0.01 sys=0.00, real=0.00 secs] 
30.243: [GC 30.244: [ParNew
Desired survivor size 557056 bytes, new threshold 15 (max 15)
- age   1:     221232 bytes,     221232 total
- age   2:      88200 bytes,     309432 total
: 1797K->367K(2304K), 0.0017335 secs] 88669K->87239K(184700K), 0.0017884 secs] [Times: user=0.00 sys=0.00, real=0.01 secs] 
30.248: [GC 30.248: [ParNew
Desired survivor size 557056 bytes, new threshold 15 (max 15)
- age   1:      64400 bytes,      64400 total
- age   2:     221152 bytes,     285552 total
- age   3:      88200 bytes,     373752 total
: 1583K->488K(2304K), 0.0019295 secs] 88455K->87360K(184700K), 0.0019885 secs] [Times: user=0.01 sys=0.00, real=0.00 secs] 
30.252: [GC 30.252: [ParNew
Desired survivor size 557056 bytes, new threshold 1 (max 15)
- age   1:     662056 bytes,     662056 total
- age   2:      64400 bytes,     726456 total
- age   3:     211040 bytes,     937496 total
- age   4:      88200 bytes,    1025696 total
: 1704K->1088K(2304K), 0.0026210 secs] 88576K->88018K(184700K), 0.0026868 secs] [Times: user=0.00 sys=0.00, real=0.01 secs] 
30.256: [GC 30.256: [ParNew
Desired survivor size 557056 bytes, new threshold 15 (max 15)
- age   1:     516264 bytes,     516264 total
: 2304K->1088K(2304K), 0.0039408 secs] 89234K->89020K(184700K), 0.0040322 secs] [Times: user=0.01 sys=0.00, real=0.00 secs] 
30.264: [GC 30.264: [ParNew
Desired survivor size 557056 bytes, new threshold 1 (max 15)
- age   1:     805544 bytes,     805544 total
- age   2:     307944 bytes,    1113488 total
: 2304K->1088K(2304K), 0.0033988 secs] 90236K->89341K(184700K), 0.0034676 secs] [Times: user=0.01 sys=0.01, real=0.01 secs] 
30.270: [GC 30.270: [ParNew
Desired survivor size 557056 bytes, new threshold 15 (max 15)
- age   1:     151128 bytes,     151128 total
: 2304K->636K(2304K), 0.0039137 secs] 90557K->89974K(184700K), 0.0039876 secs] [Times: user=0.02 sys=0.00, real=0.00 secs] 
30.276: [GC 30.276: [ParNew
Desired survivor size 557056 bytes, new threshold 15 (max 15)
- age   1:         80 bytes,         80 total
- age   2:     151000 bytes,     151080 total
: 1852K->249K(2304K), 0.0036009 secs] 91190K->89586K(184700K), 0.0036737 secs] [Times: user=0.01 sys=0.00, real=0.00 secs] 
30.283: [GC 30.283: [ParNew
Desired survivor size 557056 bytes, new threshold 15 (max 15)
- age   1:      79472 bytes,      79472 total
- age   2:         40 bytes,      79512 total
- age   3:     132624 bytes,     212136 total
: 1465K->291K(2304K), 0.0015635 secs] 90802K->89629K(184700K), 0.0016292 secs] [Times: user=0.00 sys=0.00, real=0.01 secs] 
30.287: [GC 30.287: [ParNew
Desired survivor size 557056 bytes, new threshold 15 (max 15)
- age   1:     119128 bytes,     119128 total
- age   2:      51840 bytes,     170968 total
- age   4:     132624 bytes,     303592 total
: 1507K->329K(2304K), 0.0025545 secs] 90845K->89666K(184700K), 0.0026193 secs] [Times: user=0.01 sys=0.00, real=0.00 secs] 
30.292: [GC 30.292: [ParNew
Desired survivor size 557056 bytes, new threshold 15 (max 15)
- age   1:        160 bytes,        160 total
- age   2:     119024 bytes,     119184 total
- age   3:      51840 bytes,     171024 total
- age   5:     132624 bytes,     303648 total
: 1545K->435K(2304K), 0.0018503 secs] 90882K->89773K(184700K), 0.0019051 secs] [Times: user=0.01 sys=0.00, real=0.00 secs] 
30.298: [GC 30.298: [ParNew
Desired survivor size 557056 bytes, new threshold 3 (max 15)
- age   1:     517600 bytes,     517600 total
- age   2:        128 bytes,     517728 total
- age   3:      77688 bytes,     595416 total
- age   4:      51840 bytes,     647256 total
- age   6:     132624 bytes,     779880 total
: 1651K->903K(2304K), 0.0021372 secs] 90989K->90240K(184700K), 0.0022114 secs] [Times: user=0.01 sys=0.00, real=0.00 secs] 
30.302: [GC 30.302: [ParNew
Desired survivor size 557056 bytes, new threshold 2 (max 15)
- age   1:     413936 bytes,     413936 total
- age   2:     505576 bytes,     919512 total
: 2119K->1088K(2304K), 0.0027253 secs] 91456K->90693K(184700K), 0.0028021 secs] [Times: user=0.01 sys=0.00, real=0.01 secs] 
30.307: [GC 30.307: [ParNew
Desired survivor size 557056 bytes, new threshold 2 (max 15)
- age   1:     375448 bytes,     375448 total
- age   2:     413936 bytes,     789384 total
: 2304K->983K(2304K), 0.0047185 secs] 91909K->91080K(184700K), 0.0047971 secs] [Times: user=0.01 sys=0.00, real=0.00 secs] 
30.314: [GC 30.314: [ParNew
Desired survivor size 557056 bytes, new threshold 2 (max 15)
- age   1:     183672 bytes,     183672 total
- age   2:     375320 bytes,     558992 total
: 2199K->774K(2304K), 0.0026191 secs] 92296K->91275K(184700K), 0.0026891 secs] [Times: user=0.01 sys=0.00, real=0.01 secs] 
30.323: [GC 30.323: [ParNew
Desired survivor size 557056 bytes, new threshold 2 (max 15)
- age   1:     377128 bytes,     377128 total
- age   2:     183640 bytes,     560768 total
: 1990K->904K(2304K), 0.0019449 secs] 92491K->91772K(184700K), 0.0020098 secs] [Times: user=0.01 sys=0.00, real=0.01 secs] 
30.327: [GC 30.327: [ParNew
Desired survivor size 557056 bytes, new threshold 15 (max 15)
- age   1:      12584 bytes,      12584 total
- age   2:     377088 bytes,     389672 total
: 2120K->842K(2304K), 0.0015368 secs] 92988K->91888K(184700K), 0.0015848 secs] [Times: user=0.00 sys=0.00, real=0.00 secs] 
30.330: [GC 30.330: [ParNew
Desired survivor size 557056 bytes, new threshold 3 (max 15)
- age   1:     262176 bytes,     262176 total
- age   2:      12400 bytes,     274576 total
- age   3:     377088 bytes,     651664 total
: 2058K->707K(2304K), 0.0013415 secs] 93104K->91754K(184700K), 0.0013829 secs] [Times: user=0.00 sys=0.00, real=0.00 secs] 
30.333: [GC 30.333: [ParNew
Desired survivor size 557056 bytes, new threshold 15 (max 15)
- age   1:     252728 bytes,     252728 total
- age   2:     262048 bytes,     514776 total
- age   3:      12360 bytes,     527136 total
: 1923K->685K(2304K), 0.0018375 secs] 92970K->92100K(184700K), 0.0018860 secs] [Times: user=0.00 sys=0.00, real=0.01 secs] 
30.336: [GC 30.336: [ParNew
Desired survivor size 557056 bytes, new threshold 3 (max 15)
- age   1:     230456 bytes,     230456 total
- age   2:     252600 bytes,     483056 total
- age   3:     261976 bytes,     745032 total
- age   4:      12360 bytes,     757392 total
: 1901K->1046K(2304K), 0.0014116 secs] 93316K->92461K(184700K), 0.0014569 secs] [Times: user=0.00 sys=0.00, real=0.00 secs] 
30.339: [GC 30.339: [ParNew
Desired survivor size 557056 bytes, new threshold 3 (max 15)
- age   1:     287632 bytes,     287632 total
- age   2:     230424 bytes,     518056 total
- age   3:     252528 bytes,     770584 total
: 2262K->1028K(2304K), 0.0018861 secs] 93677K->92711K(184700K), 0.0019380 secs] [Times: user=0.00 sys=0.00, real=0.00 secs] 
30.343: [GC 30.343: [ParNew
Desired survivor size 557056 bytes, new threshold 3 (max 15)
- age   1:     246864 bytes,     246864 total
- age   2:     287552 bytes,     534416 total
- age   3:     230352 bytes,     764768 total
: 2244K->1088K(2304K), 0.0024894 secs] 93927K->93017K(184700K), 0.0026017 secs] [Times: user=0.00 sys=0.00, real=0.01 secs] 
30.347: [GC 30.347: [ParNew
Desired survivor size 557056 bytes, new threshold 3 (max 15)
- age   1:     108480 bytes,     108480 total
- age   2:     246632 bytes,     355112 total
- age   3:     287472 bytes,     642584 total
: 2304K->1088K(2304K), 0.0023040 secs] 94233K->93242K(184700K), 0.0023684 secs] [Times: user=0.00 sys=0.00, real=0.00 secs] 
30.351: [GC 30.351: [ParNew
Desired survivor size 557056 bytes, new threshold 3 (max 15)
- age   1:     233488 bytes,     233488 total
- age   2:     108352 bytes,     341840 total
- age   3:     246600 bytes,     588440 total
: 2304K->842K(2304K), 0.0017621 secs] 94458K->93277K(184700K), 0.0018119 secs] [Times: user=0.00 sys=0.00, real=0.00 secs] 
30.354: [GC 30.354: [ParNew
Desired survivor size 557056 bytes, new threshold 3 (max 15)
- age   1:     270856 bytes,     270856 total
- age   2:     233416 bytes,     504272 total
- age   3:     108224 bytes,     612496 total
: 2058K->938K(2304K), 0.0017133 secs] 94493K->93614K(184700K), 0.0017585 secs] [Times: user=0.00 sys=0.00, real=0.00 secs] 
30.357: [GC 30.357: [ParNew
Desired survivor size 557056 bytes, new threshold 15 (max 15)
- age   1:        192 bytes,        192 total
- age   2:     270600 bytes,     270792 total
- age   3:     233344 bytes,     504136 total
: 2154K->728K(2304K), 0.0014006 secs] 94830K->93509K(184700K), 0.0014390 secs] [Times: user=0.00 sys=0.00, real=0.00 secs] 
30.360: [GC 30.360: [ParNew
Desired survivor size 557056 bytes, new threshold 4 (max 15)
- age   1:     191008 bytes,     191008 total
- age   2:         80 bytes,     191088 total
- age   3:     270600 bytes,     461688 total
- age   4:     233344 bytes,     695032 total
: 1944K->1029K(2304K), 0.0019570 secs] 94725K->93811K(184700K), 0.0020135 secs] [Times: user=0.00 sys=0.00, real=0.00 secs] 
30.364: [GC 30.364: [ParNew
Desired survivor size 557056 bytes, new threshold 4 (max 15)
- age   1:     267712 bytes,     267712 total
- age   2:     190904 bytes,     458616 total
- age   4:     270600 bytes,     729216 total
: 2245K->956K(2304K), 0.0017725 secs] 95027K->93966K(184700K), 0.0018213 secs] [Times: user=0.00 sys=0.00, real=0.01 secs] 
30.367: [GC 30.367: [ParNew
Desired survivor size 557056 bytes, new threshold 3 (max 15)
- age   1:     248936 bytes,     248936 total
- age   2:     267424 bytes,     516360 total
- age   3:     190904 bytes,     707264 total
: 2172K->1040K(2304K), 0.0020872 secs] 95182K->94314K(184700K), 0.0021408 secs] [Times: user=0.00 sys=0.00, real=0.00 secs] 
30.371: [GC 30.371: [ParNew
Desired survivor size 557056 bytes, new threshold 3 (max 15)
- age   1:     234824 bytes,     234824 total
- age   2:     248656 bytes,     483480 total
- age   3:     267424 bytes,     750904 total
: 2256K->1037K(2304K), 0.0017333 secs] 95530K->94497K(184700K), 0.0017845 secs] [Times: user=0.00 sys=0.00, real=0.00 secs] 
30.374: [CMS-concurrent-mark: 0.114/0.296 secs] [Times: user=0.89 sys=0.05, real=0.29 secs] 
30.374: [GC 30.374: [ParNew
Desired survivor size 557056 bytes, new threshold 3 (max 15)
- age   1:     227976 bytes,     227976 total
- age   2:     234672 bytes,     462648 total
- age   3:     248656 bytes,     711304 total
: 2253K->1084K(2304K), 0.0018362 secs] 95713K->94805K(184700K), 0.0018852 secs] [Times: user=0.00 sys=0.00, real=0.01 secs] 
30.376: [CMS-concurrent-preclean-start]
30.377: [GC 30.377: [ParNew
Desired survivor size 557056 bytes, new threshold 15 (max 15)
- age   1:        240 bytes,        240 total
- age   2:     227808 bytes,     228048 total
- age   3:     234600 bytes,     462648 total
: 2300K->877K(2304K), 0.0021639 secs] 96021K->94841K(184700K), 0.0022239 secs] [Times: user=0.00 sys=0.00, real=0.00 secs] 
30.381: [GC 30.381: [ParNew
Desired survivor size 557056 bytes, new threshold 4 (max 15)
- age   1:     327328 bytes,     327328 total
- age   3:     227808 bytes,     555136 total
- age   4:     234600 bytes,     789736 total
: 2093K->1034K(2304K), 0.0015045 secs] 96057K->94998K(184700K), 0.0015861 secs] [Times: user=0.00 sys=0.00, real=0.00 secs] 
30.384: [GC 30.384: [ParNew
Desired survivor size 557056 bytes, new threshold 2 (max 15)
- age   1:     239776 bytes,     239776 total
- age   2:     327224 bytes,     567000 total
- age   4:     227808 bytes,     794808 total
: 2250K->997K(2304K), 0.0018508 secs] 96214K->95190K(184700K), 0.0019134 secs] [Times: user=0.00 sys=0.00, real=0.01 secs] 
30.387: [GC 30.387: [ParNew
Desired survivor size 557056 bytes, new threshold 15 (max 15)
- age   1:     267872 bytes,     267872 total
- age   2:     239616 bytes,     507488 total
: 2213K->935K(2304K), 0.0021371 secs] 96406K->95670K(184700K), 0.0021870 secs] [Times: user=0.00 sys=0.00, real=0.00 secs] 
30.390: [GC 30.390: [ParNew
Desired survivor size 557056 bytes, new threshold 1 (max 15)
- age   1:     591384 bytes,     591384 total
- age   2:     267760 bytes,     859144 total
- age   3:     239616 bytes,    1098760 total
: 2151K->1088K(2304K), 0.0025667 secs] 96886K->95929K(184700K), 0.0026132 secs] [Times: user=0.01 sys=0.00, real=0.00 secs] 
30.394: [GC 30.394: [ParNew
Desired survivor size 557056 bytes, new threshold 15 (max 15)
- age   1:     458680 bytes,     458680 total
: 2304K->1088K(2304K), 0.0038038 secs] 97145K->97002K(184700K), 0.0038701 secs] [Times: user=0.01 sys=0.00, real=0.01 secs] 
30.400: [GC 30.400: [ParNew
Desired survivor size 557056 bytes, new threshold 2 (max 15)
- age   1:     135688 bytes,     135688 total
- age   2:     458632 bytes,     594320 total
: 2304K->785K(2304K), 0.0014723 secs] 98218K->96699K(184700K), 0.0015185 secs] [Times: user=0.01 sys=0.00, real=0.00 secs] 
30.402: [GC 30.402: [ParNew
Desired survivor size 557056 bytes, new threshold 15 (max 15)
- age   1:     377576 bytes,     377576 total
- age   2:     135552 bytes,     513128 total
: 2001K->800K(2304K), 0.0019343 secs] 97915K->97157K(184700K), 0.0019845 secs] [Times: user=0.01 sys=0.00, real=0.01 secs] 
30.406: [GC 30.406: [ParNew
Desired survivor size 557056 bytes, new threshold 2 (max 15)
- age   1:     397792 bytes,     397792 total
- age   2:     367240 bytes,     765032 total
- age   3:     135480 bytes,     900512 total
: 2016K->1088K(2304K), 0.0017159 secs] 98373K->97444K(184700K), 0.0017633 secs] [Times: user=0.01 sys=0.00, real=0.00 secs] 
30.408: [GC 30.408: [ParNew
Desired survivor size 557056 bytes, new threshold 2 (max 15)
- age   1:     368824 bytes,     368824 total
- age   2:     397536 bytes,     766360 total
: 2304K->983K(2304K), 0.0031578 secs] 98660K->97831K(184700K), 0.0032314 secs] [Times: user=0.01 sys=0.00, real=0.00 secs] 
30.413: [GC 30.414: [ParNew
Desired survivor size 557056 bytes, new threshold 1 (max 15)
- age   1:     560664 bytes,     560664 total
- age   2:     321624 bytes,     882288 total
: 2199K->1088K(2304K), 0.0024077 secs] 99047K->98390K(184700K), 0.0024711 secs] [Times: user=0.01 sys=0.00, real=0.01 secs] 
30.417: [GC 30.417: [ParNew
Desired survivor size 557056 bytes, new threshold 15 (max 15)
- age   1:     424992 bytes,     424992 total
: 2304K->835K(2304K), 0.0025490 secs] 99606K->98999K(184700K), 0.0026103 secs] [Times: user=0.01 sys=0.01, real=0.00 secs] 
30.421: [GC 30.421: [ParNew
Desired survivor size 557056 bytes, new threshold 2 (max 15)
- age   1:     408200 bytes,     408200 total
- age   2:     424856 bytes,     833056 total
: 2051K->1002K(2304K), 0.0017371 secs] 100215K->99166K(184700K), 0.0017826 secs] [Times: user=0.01 sys=0.00, real=0.00 secs] 
30.424: [GC 30.424: [ParNew
Desired survivor size 557056 bytes, new threshold 2 (max 15)
- age   1:     379264 bytes,     379264 total
- age   2:     408128 bytes,     787392 total
: 2218K->1088K(2304K), 0.0022421 secs] 100382K->99666K(184700K), 0.0022979 secs] [Times: user=0.01 sys=0.00, real=0.00 secs] 
30.428: [GC 30.428: [ParNew
Desired survivor size 557056 bytes, new threshold 2 (max 15)
- age   1:     386016 bytes,     386016 total
- age   2:     379136 bytes,     765152 total
: 2304K->1088K(2304K), 0.0030380 secs] 100882K->100064K(184700K), 0.0030959 secs] [Times: user=0.01 sys=0.00, real=0.00 secs] 
30.434: [GC 30.434: [ParNew
Desired survivor size 557056 bytes, new threshold 15 (max 15)
- age   1:     161456 bytes,     161456 total
- age   2:     385944 bytes,     547400 total
: 2304K->1015K(2304K), 0.0026223 secs] 101280K->100362K(184700K), 0.0026921 secs] [Times: user=0.01 sys=0.00, real=0.01 secs] 
30.440: [GC 30.440: [ParNew
Desired survivor size 557056 bytes, new threshold 3 (max 15)
- age   1:     112176 bytes,     112176 total
- age   2:     160896 bytes,     273072 total
- age   3:     385944 bytes,     659016 total
: 2231K->807K(2304K), 0.0021549 secs] 101578K->100154K(184700K), 0.0022250 secs] [Times: user=0.00 sys=0.00, real=0.00 secs] 
30.445: [GC 30.445: [ParNew
Desired survivor size 557056 bytes, new threshold 15 (max 15)
- age   1:     128992 bytes,     128992 total
- age   2:      99792 bytes,     228784 total
- age   3:     160896 bytes,     389680 total
: 2023K->457K(2304K), 0.0034968 secs] 101370K->100181K(184700K), 0.0035724 secs] [Times: user=0.00 sys=0.00, real=0.00 secs] 
30.452: [GC 30.452: [ParNew
Desired survivor size 557056 bytes, new threshold 15 (max 15)
- age   1:       2072 bytes,       2072 total
- age   2:     128864 bytes,     130936 total
- age   3:      99792 bytes,     230728 total
- age   4:     160896 bytes,     391624 total
: 1673K->606K(2304K), 0.0022555 secs] 101397K->100330K(184700K), 0.0023304 secs] [Times: user=0.00 sys=0.00, real=0.01 secs] 
30.458: [GC 30.458: [ParNew
Desired survivor size 557056 bytes, new threshold 15 (max 15)
- age   1:      35240 bytes,      35240 total
- age   2:       1944 bytes,      37184 total
- age   3:     128864 bytes,     166048 total
- age   4:      99792 bytes,     265840 total
- age   5:     160896 bytes,     426736 total
: 1822K->532K(2304K), 0.0024475 secs] 101546K->100256K(184700K), 0.0025247 secs] [Times: user=0.00 sys=0.00, real=0.00 secs] 
30.464: [GC 30.464: [ParNew
Desired survivor size 557056 bytes, new threshold 15 (max 15)
- age   1:      91880 bytes,      91880 total
- age   2:      35024 bytes,     126904 total
- age   3:       1944 bytes,     128848 total
- age   4:     101304 bytes,     230152 total
- age   5:      99792 bytes,     329944 total
- age   6:     160896 bytes,     490840 total
: 1748K->610K(2304K), 0.0025233 secs] 101472K->100333K(184700K), 0.0026074 secs] [Times: user=0.01 sys=0.00, real=0.00 secs] 
30.470: [GC 30.470: [ParNew
Desired survivor size 557056 bytes, new threshold 7 (max 15)
- age   1:     150368 bytes,     150368 total
- age   2:      50544 bytes,     200912 total
- age   3:      34992 bytes,     235904 total
- age   4:       1944 bytes,     237848 total
- age   5:     101304 bytes,     339152 total
- age   6:      99792 bytes,     438944 total
- age   7:     160824 bytes,     599768 total
: 1826K->736K(2304K), 0.0020671 secs] 101549K->100460K(184700K), 0.0021453 secs] [Times: user=0.01 sys=0.00, real=0.00 secs] 
30.473: [GC 30.473: [ParNew
Desired survivor size 557056 bytes, new threshold 15 (max 15)
- age   1:        288 bytes,        288 total
- age   2:     150216 bytes,     150504 total
- age   3:      50472 bytes,     200976 total
- age   4:      34992 bytes,     235968 total
- age   5:       1944 bytes,     237912 total
- age   6:     101304 bytes,     339216 total
- age   7:      99792 bytes,     439008 total
: 1952K->709K(2304K), 0.0015166 secs] 101676K->100590K(184700K), 0.0015668 secs] [Times: user=0.01 sys=0.00, real=0.01 secs] 
30.476: [GC 30.476: [ParNew
Desired survivor size 557056 bytes, new threshold 15 (max 15)
- age   1:        344 bytes,        344 total
- age   2:        128 bytes,        472 total
- age   3:     148704 bytes,     149176 total
- age   4:      50472 bytes,     199648 total
- age   5:      34992 bytes,     234640 total
- age   6:       1944 bytes,     236584 total
- age   7:     101304 bytes,     337888 total
- age   8:      99792 bytes,     437680 total
: 1925K->549K(2304K), 0.0013723 secs] 101806K->100430K(184700K), 0.0014133 secs] [Times: user=0.00 sys=0.00, real=0.00 secs] 
30.478: [GC 30.478: [ParNew
Desired survivor size 557056 bytes, new threshold 15 (max 15)
- age   1:        232 bytes,        232 total
- age   2:        200 bytes,        432 total
- age   4:     148704 bytes,     149136 total
- age   5:      50472 bytes,     199608 total
- age   6:      34992 bytes,     234600 total
- age   7:       1944 bytes,     236544 total
- age   8:     101304 bytes,     337848 total
- age   9:      99792 bytes,     437640 total
: 1765K->645K(2304K), 0.0015986 secs] 101646K->100526K(184700K), 0.0017033 secs] [Times: user=0.00 sys=0.01, real=0.00 secs] 
30.482: [GC 30.482: [ParNew
Desired survivor size 557056 bytes, new threshold 15 (max 15)
- age   1:        200 bytes,        200 total
- age   2:         72 bytes,        272 total
- age   3:        128 bytes,        400 total
- age   5:     148704 bytes,     149104 total
- age   6:      50472 bytes,     199576 total
- age   7:      34992 bytes,     234568 total
- age   8:       1944 bytes,     236512 total
- age   9:     101304 bytes,     337816 total
- age  10:      99792 bytes,     437608 total
: 1861K->535K(2304K), 0.0013360 secs] 101742K->100416K(184700K), 0.0013760 secs] [Times: user=0.00 sys=0.00, real=0.00 secs] 
30.485: [GC 30.485: [ParNew
Desired survivor size 557056 bytes, new threshold 15 (max 15)
- age   1:        424 bytes,        424 total
- age   4:        128 bytes,        552 total
- age   6:     148704 bytes,     149256 total
- age   7:      50472 bytes,     199728 total
- age   8:      34992 bytes,     234720 total
- age   9:       1944 bytes,     236664 total
- age  10:     101304 bytes,     337968 total
- age  11:      99792 bytes,     437760 total
: 1751K->534K(2304K), 0.0016742 secs] 101632K->100415K(184700K), 0.0017242 secs] [Times: user=0.01 sys=0.00, real=0.00 secs] 
30.488: [GC 30.488: [ParNew
Desired survivor size 557056 bytes, new threshold 15 (max 15)
- age   1:        184 bytes,        184 total
- age   2:        184 bytes,        368 total
- age   5:        128 bytes,        496 total
- age   7:     148704 bytes,     149200 total
- age   8:      50472 bytes,     199672 total
- age   9:      34992 bytes,     234664 total
- age  10:       1944 bytes,     236608 total
- age  11:     101304 bytes,     337912 total
- age  12:      99792 bytes,     437704 total
: 1750K->534K(2304K), 0.0015108 secs] 101631K->100415K(184700K), 0.0015502 secs] [Times: user=0.01 sys=0.00, real=0.00 secs] 
30.492: [GC 30.492: [ParNew
Desired survivor size 557056 bytes, new threshold 15 (max 15)
- age   1:        328 bytes,        328 total
- age   3:        184 bytes,        512 total
- age   6:        128 bytes,        640 total
- age   8:     148704 bytes,     149344 total
- age   9:      50472 bytes,     199816 total
- age  10:      34992 bytes,     234808 total
- age  11:       1944 bytes,     236752 total
- age  12:     101304 bytes,     338056 total
- age  13:      99792 bytes,     437848 total
: 1750K->641K(2304K), 0.0017158 secs] 101631K->100522K(184700K), 0.0017725 secs] [Times: user=0.00 sys=0.00, real=0.00 secs] 
30.495: [GC 30.495: [ParNew
Desired survivor size 557056 bytes, new threshold 15 (max 15)
- age   1:        296 bytes,        296 total
- age   4:        184 bytes,        480 total
- age   7:        128 bytes,        608 total
- age   9:     148704 bytes,     149312 total
- age  10:      50472 bytes,     199784 total
- age  11:      34992 bytes,     234776 total
- age  12:       1944 bytes,     236720 total
- age  13:     101304 bytes,     338024 total
- age  14:      99792 bytes,     437816 total
: 1857K->641K(2304K), 0.0019569 secs] 101738K->100522K(184700K), 0.0020295 secs] [Times: user=0.00 sys=0.00, real=0.00 secs] 
30.499: [GC 30.499: [ParNew
Desired survivor size 557056 bytes, new threshold 15 (max 15)
- age   1:        344 bytes,        344 total
- age   2:         40 bytes,        384 total
- age   5:        184 bytes,        568 total
- age   8:        128 bytes,        696 total
- age  10:     148704 bytes,     149400 total
- age  11:      50472 bytes,     199872 total
- age  12:      34992 bytes,     234864 total
- age  13:       1944 bytes,     236808 total
- age  14:     101304 bytes,     338112 total
- age  15:      99792 bytes,     437904 total
: 1857K->534K(2304K), 0.0013671 secs] 101738K->100415K(184700K), 0.0014403 secs] [Times: user=0.00 sys=0.00, real=0.00 secs] 
30.502: [GC 30.502: [ParNew
Desired survivor size 557056 bytes, new threshold 15 (max 15)
- age   1:        200 bytes,        200 total
- age   2:        144 bytes,        344 total
- age   3:         40 bytes,        384 total
- age   6:        184 bytes,        568 total
- age   9:        128 bytes,        696 total
- age  11:     148704 bytes,     149400 total
- age  12:      50472 bytes,     199872 total
- age  13:      34992 bytes,     234864 total
- age  14:       1944 bytes,     236808 total
- age  15:     101304 bytes,     338112 total
: 1750K->534K(2304K), 0.0013958 secs] 101631K->100513K(184700K), 0.0014364 secs] [Times: user=0.01 sys=0.00, real=0.00 secs] 
30.505: [GC 30.505: [ParNew
Desired survivor size 557056 bytes, new threshold 15 (max 15)
- age   1:        264 bytes,        264 total
- age   3:        144 bytes,        408 total
- age   4:         40 bytes,        448 total
- age   7:        184 bytes,        632 total
- age  10:        128 bytes,        760 total
- age  12:     148704 bytes,     149464 total
- age  13:      50472 bytes,     199936 total
- age  14:      34992 bytes,     234928 total
- age  15:       1944 bytes,     236872 total
: 1750K->443K(2304K), 0.0013229 secs] 101729K->100520K(184700K), 0.0013646 secs] [Times: user=0.01 sys=0.00, real=0.00 secs] 
30.507: [GC 30.507: [ParNew
Desired survivor size 557056 bytes, new threshold 15 (max 15)
- age   1:        112 bytes,        112 total
- age   4:        144 bytes,        256 total
- age   5:         40 bytes,        296 total
- age   8:        184 bytes,        480 total
- age  11:        128 bytes,        608 total
- age  13:     148704 bytes,     149312 total
- age  14:      50472 bytes,     199784 total
- age  15:      34992 bytes,     234776 total
: 1659K->279K(2304K), 0.0011327 secs] 101736K->100359K(184700K), 0.0011694 secs] [Times: user=0.00 sys=0.00, real=0.00 secs] 
30.510: [GC 30.510: [ParNew
Desired survivor size 557056 bytes, new threshold 15 (max 15)
- age   1:         72 bytes,         72 total
- age   5:        144 bytes,        216 total
- age   6:         40 bytes,        256 total
- age   9:        184 bytes,        440 total
- age  12:        128 bytes,        568 total
- age  14:     148704 bytes,     149272 total
- age  15:      50472 bytes,     199744 total
: 1495K->230K(2304K), 0.0011293 secs] 101575K->100344K(184700K), 0.0011682 secs] [Times: user=0.00 sys=0.00, real=0.00 secs] 
30.512: [CMS-concurrent-preclean: 0.051/0.136 secs] [Times: user=0.35 sys=0.02, real=0.13 secs] 
30.513: [GC[YG occupancy: 301 K (2304 K)]30.513: [Rescan (parallel) , 0.0006500 secs]30.514: [weak refs processing, 0.0000083 secs] [1 CMS-remark: 100113K(182396K)] 100414K(184700K), 0.0007183 secs] [Times: user=0.00 sys=0.00, real=0.00 secs] 
30.514: [CMS-concurrent-sweep-start]
30.515: [GC 30.515: [ParNew
Desired survivor size 557056 bytes, new threshold 15 (max 15)
- age   1:        200 bytes,        200 total
- age   6:        144 bytes,        344 total
- age   7:         40 bytes,        384 total
- age  10:        184 bytes,        568 total
- age  13:        128 bytes,        696 total
- age  15:     148704 bytes,     149400 total
: 1446K->204K(2304K), 0.0012978 secs] 101178K->99984K(184700K), 0.0013404 secs] [Times: user=0.00 sys=0.00, real=0.00 secs] 
30.518: [GC 30.518: [ParNew
Desired survivor size 557056 bytes, new threshold 15 (max 15)
- age   1:        160 bytes,        160 total
- age   7:        144 bytes,        304 total
- age   8:         40 bytes,        344 total
- age  11:        184 bytes,        528 total
- age  14:        128 bytes,        656 total
: 1420K->50K(2304K), 0.0010913 secs] 100395K->99171K(184700K), 0.0011261 secs] [Times: user=0.01 sys=0.00, real=0.00 secs] 
30.521: [GC 30.521: [ParNew
Desired survivor size 557056 bytes, new threshold 15 (max 15)
- age   1:        160 bytes,        160 total
- age   8:        144 bytes,        304 total
- age   9:         40 bytes,        344 total
- age  12:        184 bytes,        528 total
- age  15:        128 bytes,        656 total
: 1266K->17K(2304K), 0.0012060 secs] 99413K->98164K(184700K), 0.0012880 secs] [Times: user=0.00 sys=0.00, real=0.00 secs] 
30.524: [GC 30.524: [ParNew
Desired survivor size 557056 bytes, new threshold 15 (max 15)
- age   1:        168 bytes,        168 total
- age   9:        144 bytes,        312 total
- age  10:         40 bytes,        352 total
- age  13:        184 bytes,        536 total
: 1233K->6K(2304K), 0.0008734 secs] 98734K->97507K(184700K), 0.0009098 secs] [Times: user=0.00 sys=0.00, real=0.01 secs] 
30.526: [GC 30.527: [ParNew
Desired survivor size 557056 bytes, new threshold 15 (max 15)
- age   1:        200 bytes,        200 total
- age  10:        144 bytes,        344 total
- age  11:         40 bytes,        384 total
- age  14:        184 bytes,        568 total
: 1222K->6K(2304K), 0.0018758 secs] 97816K->96600K(184700K), 0.0019435 secs] [Times: user=0.01 sys=0.01, real=0.00 secs] 
30.530: [GC 30.530: [ParNew
Desired survivor size 557056 bytes, new threshold 15 (max 15)
- age   1:        112 bytes,        112 total
- age  11:        144 bytes,        256 total
- age  12:         40 bytes,        296 total
- age  15:        184 bytes,        480 total
: 1222K->4K(2304K), 0.0013793 secs] 96957K->95739K(184700K), 0.0014395 secs] [Times: user=0.00 sys=0.00, real=0.00 secs] 
30.533: [GC 30.533: [ParNew
Desired survivor size 557056 bytes, new threshold 15 (max 15)
- age   1:         72 bytes,         72 total
- age  12:        144 bytes,        216 total
- age  13:         40 bytes,        256 total
: 1220K->6K(2304K), 0.0009272 secs] 96121K->94907K(184700K), 0.0009637 secs] [Times: user=0.00 sys=0.00, real=0.01 secs] 
30.536: [GC 30.536: [ParNew
Desired survivor size 557056 bytes, new threshold 15 (max 15)
- age   1:         72 bytes,         72 total
- age  13:        144 bytes,        216 total
- age  14:         40 bytes,        256 total
: 1222K->6K(2304K), 0.0008748 secs] 95405K->94189K(184700K), 0.0009138 secs] [Times: user=0.01 sys=0.00, real=0.00 secs] 
30.538: [GC 30.538: [ParNew
Desired survivor size 557056 bytes, new threshold 15 (max 15)
- age   1:        192 bytes,        192 total
- age  14:        144 bytes,        336 total
- age  15:         40 bytes,        376 total
: 1222K->6K(2304K), 0.0010593 secs] 94588K->93372K(184700K), 0.0010994 secs] [Times: user=0.00 sys=0.00, real=0.00 secs] 
30.541: [GC 30.541: [ParNew
Desired survivor size 557056 bytes, new threshold 15 (max 15)
- age   1:        192 bytes,        192 total
- age  15:        144 bytes,        336 total
: 1222K->8K(2304K), 0.0008955 secs] 93969K->92755K(184700K), 0.0009301 secs] [Times: user=0.00 sys=0.00, real=0.00 secs] 
30.543: [GC 30.543: [ParNew
Desired survivor size 557056 bytes, new threshold 15 (max 15)
- age   1:        448 bytes,        448 total
: 1224K->4K(2304K), 0.0012319 secs] 93192K->91973K(184700K), 0.0012733 secs] [Times: user=0.01 sys=0.00, real=0.01 secs] 
30.548: [GC 30.548: [ParNew
Desired survivor size 557056 bytes, new threshold 15 (max 15)
- age   1:        184 bytes,        184 total
- age   2:         40 bytes,        224 total
: 1220K->4K(2304K), 0.0012535 secs] 91359K->90143K(184700K), 0.0013032 secs] [Times: user=0.00 sys=0.00, real=0.00 secs] 
30.584: [CMS-concurrent-sweep: 0.053/0.070 secs] [Times: user=0.12 sys=0.01, real=0.07 secs] 
30.584: [CMS-concurrent-reset-start]
30.587: [CMS-concurrent-reset: 0.003/0.003 secs] [Times: user=0.01 sys=0.00, real=0.01 secs] 
30.604: [GC 30.604: [ParNew
Desired survivor size 557056 bytes, new threshold 15 (max 15)
- age   1:     177568 bytes,     177568 total
- age   2:        144 bytes,     177712 total
- age   3:         40 bytes,     177752 total
: 1220K->180K(2304K), 0.0011756 secs] 70672K->69632K(184700K), 0.0012208 secs] [Times: user=0.00 sys=0.00, real=0.00 secs] 
30.609: [GC 30.609: [ParNew
Desired survivor size 557056 bytes, new threshold 1 (max 15)
- age   1:     919432 bytes,     919432 total
- age   2:     175328 bytes,    1094760 total
- age   3:        144 bytes,    1094904 total
- age   4:         40 bytes,    1094944 total
: 1395K->1086K(2304K), 0.0027256 secs] 70847K->70851K(184700K), 0.0028299 secs] [Times: user=0.01 sys=0.00, real=0.00 secs] 
30.615: [GC 30.615: [ParNew
Desired survivor size 557056 bytes, new threshold 1 (max 15)
- age   1:     954552 bytes,     954552 total
: 2302K->1088K(2304K), 0.0033062 secs] 72067K->72183K(184700K), 0.0033806 secs] [Times: user=0.01 sys=0.00, real=0.00 secs] 
30.622: [GC 30.622: [ParNew
Desired survivor size 557056 bytes, new threshold 1 (max 15)
- age   1:    1012960 bytes,    1012960 total
: 2304K->1088K(2304K), 0.0029704 secs] 73399K->73326K(184700K), 0.0030509 secs] [Times: user=0.01 sys=0.00, real=0.01 secs] 
30.628: [GC 30.628: [ParNew
Desired survivor size 557056 bytes, new threshold 1 (max 15)
- age   1:    1078480 bytes,    1078480 total
: 2304K->1088K(2304K), 0.0032743 secs] 74542K->74473K(184700K), 0.0033405 secs] [Times: user=0.01 sys=0.00, real=0.00 secs] 
30.633: [GC 30.633: [ParNew
Desired survivor size 557056 bytes, new threshold 1 (max 15)
- age   1:    1037544 bytes,    1037544 total
: 2304K->1088K(2304K), 0.0031436 secs] 75689K->75659K(184700K), 0.0032195 secs] [Times: user=0.01 sys=0.00, real=0.01 secs] 
30.638: [GC 30.638: [ParNew
Desired survivor size 557056 bytes, new threshold 1 (max 15)
- age   1:    1094488 bytes,    1094488 total
: 2304K->1088K(2304K), 0.0032743 secs] 76875K->76709K(184700K), 0.0033489 secs] [Times: user=0.01 sys=0.01, real=0.00 secs] 
30.643: [GC 30.643: [ParNew
Desired survivor size 557056 bytes, new threshold 1 (max 15)
- age   1:    1066032 bytes,    1066032 total
: 2304K->1088K(2304K), 0.0041947 secs] 77925K->77836K(184700K), 0.0042638 secs] [Times: user=0.02 sys=0.00, real=0.01 secs] 
30.648: [GC [1 CMS-initial-mark: 76748K(182396K)] 77859K(184700K), 0.0012131 secs] [Times: user=0.00 sys=0.00, real=0.00 secs] 
30.649: [CMS-concurrent-mark-start]
30.654: [GC 30.654: [ParNew
Desired survivor size 557056 bytes, new threshold 1 (max 15)
- age   1:     752864 bytes,     752864 total
: 2304K->1088K(2304K), 0.0037787 secs] 79052K->78972K(184700K), 0.0038509 secs] [Times: user=0.01 sys=0.00, real=0.00 secs] 
30.660: [GC 30.660: [ParNew
Desired survivor size 557056 bytes, new threshold 15 (max 15)
- age   1:         32 bytes,         32 total
: 2304K->203K(2304K), 0.0020359 secs] 80188K->78823K(184700K), 0.0020855 secs] [Times: user=0.01 sys=0.00, real=0.00 secs] 
30.666: [GC 30.666: [ParNew
Desired survivor size 557056 bytes, new threshold 15 (max 15)
- age   1:      35424 bytes,      35424 total
: 1419K->203K(2304K), 0.0009879 secs] 80039K->78823K(184700K), 0.0010277 secs] [Times: user=0.00 sys=0.00, real=0.00 secs] 
30.669: [GC 30.669: [ParNew
Desired survivor size 557056 bytes, new threshold 15 (max 15)
- age   1:     407888 bytes,     407888 total
- age   2:      35184 bytes,     443072 total
: 1419K->457K(2304K), 0.0013030 secs] 80039K->79077K(184700K), 0.0013488 secs] [Times: user=0.01 sys=0.00, real=0.00 secs] 
30.673: [GC 30.673: [ParNew
Desired survivor size 557056 bytes, new threshold 2 (max 15)
- age   1:     450608 bytes,     450608 total
- age   2:     407824 bytes,     858432 total
- age   3:      35184 bytes,     893616 total
: 1673K->1074K(2304K), 0.0022319 secs] 80293K->79694K(184700K), 0.0023087 secs] [Times: user=0.01 sys=0.00, real=0.01 secs] 
30.677: [GC 30.677: [ParNew
Desired survivor size 557056 bytes, new threshold 2 (max 15)
- age   1:     383720 bytes,     383720 total
- age   2:     450536 bytes,     834256 total
: 2290K->1088K(2304K), 0.0027694 secs] 80910K->80138K(184700K), 0.0028437 secs] [Times: user=0.01 sys=0.00, real=0.00 secs] 
30.682: [GC 30.682: [ParNew
Desired survivor size 557056 bytes, new threshold 2 (max 15)
- age   1:     437648 bytes,     437648 total
- age   2:     383648 bytes,     821296 total
: 2304K->1088K(2304K), 0.0020850 secs] 81354K->80578K(184700K), 0.0021480 secs] [Times: user=0.01 sys=0.00, real=0.00 secs] 
30.690: [GC 30.690: [ParNew
Desired survivor size 557056 bytes, new threshold 2 (max 15)
- age   1:     443448 bytes,     443448 total
- age   2:     427416 bytes,     870864 total
: 2304K->1088K(2304K), 0.0025102 secs] 81794K->80973K(184700K), 0.0026177 secs] [Times: user=0.01 sys=0.00, real=0.00 secs] 
30.694: [GC 30.694: [ParNew
Desired survivor size 557056 bytes, new threshold 2 (max 15)
- age   1:     467512 bytes,     467512 total
- age   2:     411904 bytes,     879416 total
: 2304K->1088K(2304K), 0.0021516 secs] 82189K->81427K(184700K), 0.0022134 secs] [Times: user=0.01 sys=0.00, real=0.01 secs] 
30.698: [GC 30.698: [ParNew
Desired survivor size 557056 bytes, new threshold 2 (max 15)
- age   1:     467560 bytes,     467560 total
- age   2:     439808 bytes,     907368 total
: 2304K->1088K(2304K), 0.0025733 secs] 82643K->81866K(184700K), 0.0026387 secs] [Times: user=0.01 sys=0.00, real=0.00 secs] 
30.703: [GC 30.703: [ParNew
Desired survivor size 557056 bytes, new threshold 2 (max 15)
- age   1:     296920 bytes,     296920 total
- age   2:     467528 bytes,     764448 total
: 2304K->1088K(2304K), 0.0028435 secs] 83082K->82387K(184700K), 0.0029112 secs] [Times: user=0.01 sys=0.00, real=0.01 secs] 
30.708: [GC 30.708: [ParNew
Desired survivor size 557056 bytes, new threshold 2 (max 15)
- age   1:     343144 bytes,     343144 total
- age   2:     296792 bytes,     639936 total
: 2304K->1088K(2304K), 0.0025786 secs] 83603K->82844K(184700K), 0.0026565 secs] [Times: user=0.00 sys=0.01, real=0.00 secs] 
30.713: [GC 30.713: [ParNew
Desired survivor size 557056 bytes, new threshold 2 (max 15)
- age   1:     430848 bytes,     430848 total
- age   2:     343016 bytes,     773864 total
: 2304K->858K(2304K), 0.0018519 secs] 84060K->82904K(184700K), 0.0019179 secs] [Times: user=0.00 sys=0.00, real=0.01 secs] 
30.716: [GC 30.716: [ParNew
Desired survivor size 557056 bytes, new threshold 2 (max 15)
- age   1:     473568 bytes,     473568 total
- age   2:     430720 bytes,     904288 total
: 2074K->1088K(2304K), 0.0020181 secs] 84120K->83469K(184700K), 0.0020708 secs] [Times: user=0.00 sys=0.00, real=0.00 secs] 
30.722: [GC 30.722: [ParNew
Desired survivor size 557056 bytes, new threshold 1 (max 15)
- age   1:     739392 bytes,     739392 total
- age   2:     374400 bytes,    1113792 total
: 2304K->1088K(2304K), 0.0039585 secs] 84685K->84438K(184700K), 0.0040475 secs] [Times: user=0.01 sys=0.00, real=0.01 secs] 
30.728: [GC 30.728: [ParNew
Desired survivor size 557056 bytes, new threshold 1 (max 15)
- age   1:     927064 bytes,     927064 total
: 2304K->1088K(2304K), 0.0035639 secs] 85654K->85702K(184700K), 0.0036344 secs] [Times: user=0.01 sys=0.00, real=0.00 secs] 
30.734: [GC 30.734: [ParNew
Desired survivor size 557056 bytes, new threshold 1 (max 15)
- age   1:    1021488 bytes,    1021488 total
: 2304K->1088K(2304K), 0.0036000 secs] 86918K->86746K(184700K), 0.0036701 secs] [Times: user=0.01 sys=0.00, real=0.01 secs] 
30.739: [CMS-concurrent-mark: 0.041/0.090 secs] [Times: user=0.22 sys=0.01, real=0.09 secs] 
30.739: [CMS-concurrent-preclean-start]
30.740: [GC 30.740: [ParNew
Desired survivor size 557056 bytes, new threshold 1 (max 15)
- age   1:    1029432 bytes,    1029432 total
: 2304K->1088K(2304K), 0.0037567 secs] 87962K->87866K(184700K), 0.0038362 secs] [Times: user=0.01 sys=0.00, real=0.00 secs] 
30.747: [GC 30.747: [ParNew
Desired survivor size 557056 bytes, new threshold 1 (max 15)
- age   1:     949688 bytes,     949688 total
: 2304K->1088K(2304K), 0.0036140 secs] 89082K->89104K(184700K), 0.0036867 secs] [Times: user=0.01 sys=0.00, real=0.00 secs] 
30.752: [GC 30.752: [ParNew
Desired survivor size 557056 bytes, new threshold 1 (max 15)
- age   1:     808864 bytes,     808864 total
: 2304K->1088K(2304K), 0.0036622 secs] 90320K->90392K(184700K), 0.0037319 secs] [Times: user=0.01 sys=0.00, real=0.01 secs] 
30.761: [GC 30.761: [ParNew
Desired survivor size 557056 bytes, new threshold 1 (max 15)
- age   1:     988160 bytes,     988160 total
: 2303K->1088K(2304K), 0.0035016 secs] 91607K->91356K(184700K), 0.0035984 secs] [Times: user=0.01 sys=0.00, real=0.01 secs] 
30.768: [GC 30.768: [ParNew
Desired survivor size 557056 bytes, new threshold 1 (max 15)
- age   1:    1051040 bytes,    1051040 total
: 2304K->1088K(2304K), 0.0040643 secs] 92572K->92467K(184700K), 0.0041377 secs] [Times: user=0.01 sys=0.00, real=0.00 secs] 
30.774: [GC 30.774: [ParNew
Desired survivor size 557056 bytes, new threshold 15 (max 15)
- age   1:     391000 bytes,     391000 total
: 2304K->967K(2304K), 0.0027383 secs] 93683K->93372K(184700K), 0.0028094 secs] [Times: user=0.01 sys=0.00, real=0.00 secs] 
30.780: [GC 30.780: [ParNew
Desired survivor size 557056 bytes, new threshold 15 (max 15)
- age   1:         72 bytes,         72 total
- age   2:     387792 bytes,     387864 total
: 2183K->588K(2304K), 0.0018236 secs] 94588K->92994K(184700K), 0.0018912 secs] [Times: user=0.00 sys=0.01, real=0.00 secs] 
30.784: [GC 30.784: [ParNew
Desired survivor size 557056 bytes, new threshold 3 (max 15)
- age   1:     401896 bytes,     401896 total
- age   3:     387792 bytes,     789688 total
: 1804K->920K(2304K), 0.0017704 secs] 94210K->93326K(184700K), 0.0018303 secs] [Times: user=0.00 sys=0.00, real=0.01 secs] 
30.787: [GC 30.787: [ParNew
Desired survivor size 557056 bytes, new threshold 2 (max 15)
- age   1:     499472 bytes,     499472 total
- age   2:     401824 bytes,     901296 total
: 2136K->1088K(2304K), 0.0020624 secs] 94542K->93872K(184700K), 0.0021161 secs] [Times: user=0.00 sys=0.00, real=0.00 secs] 
30.791: [GC 30.791: [ParNew
Desired survivor size 557056 bytes, new threshold 2 (max 15)
- age   1:     357552 bytes,     357552 total
- age   2:     499344 bytes,     856896 total
: 2304K->1088K(2304K), 0.0021704 secs] 95088K->94264K(184700K), 0.0022339 secs] [Times: user=0.00 sys=0.00, real=0.00 secs] 
30.796: [GC 30.796: [ParNew
Desired survivor size 557056 bytes, new threshold 2 (max 15)
- age   1:     412368 bytes,     412368 total
- age   2:     357472 bytes,     769840 total
: 2303K->1043K(2304K), 0.0023865 secs] 95480K->94707K(184700K), 0.0024501 secs] [Times: user=0.01 sys=0.00, real=0.00 secs] 
30.800: [GC 30.800: [ParNew
Desired survivor size 557056 bytes, new threshold 2 (max 15)
- age   1:     488976 bytes,     488976 total
- age   2:     412336 bytes,     901312 total
: 2259K->1088K(2304K), 0.0020579 secs] 95923K->95107K(184700K), 0.0021090 secs] [Times: user=0.01 sys=0.00, real=0.00 secs] 
30.804: [GC 30.804: [ParNew
Desired survivor size 557056 bytes, new threshold 2 (max 15)
- age   1:     412392 bytes,     412392 total
- age   2:     479968 bytes,     892360 total
: 2304K->1088K(2304K), 0.0021929 secs] 96323K->95521K(184700K), 0.0022506 secs] [Times: user=0.01 sys=0.00, real=0.01 secs] 
30.808: [GC 30.808: [ParNew
Desired survivor size 557056 bytes, new threshold 2 (max 15)
- age   1:     498808 bytes,     498808 total
- age   2:     412264 bytes,     911072 total
: 2304K->1088K(2304K), 0.0022379 secs] 96737K->95993K(184700K), 0.0022976 secs] [Times: user=0.01 sys=0.00, real=0.00 secs] 
30.812: [GC 30.812: [ParNew
Desired survivor size 557056 bytes, new threshold 2 (max 15)
- age   1:     437352 bytes,     437352 total
- age   2:     498768 bytes,     936120 total
: 2304K->1088K(2304K), 0.0031239 secs] 97209K->96396K(184700K), 0.0031942 secs] [Times: user=0.00 sys=0.00, real=0.01 secs] 
30.818: [GC 30.818: [ParNew
Desired survivor size 557056 bytes, new threshold 2 (max 15)
- age   1:     326680 bytes,     326680 total
- age   2:     443464 bytes,     770144 total
: 2304K->1088K(2304K), 0.0025664 secs] 97612K->96978K(184700K), 0.0026262 secs] [Times: user=0.01 sys=0.00, real=0.00 secs] 
30.823: [GC 30.824: [ParNew
Desired survivor size 557056 bytes, new threshold 2 (max 15)
- age   1:     407088 bytes,     407088 total
- age   2:     326648 bytes,     733736 total
: 2304K->1088K(2304K), 0.0021476 secs] 98194K->97419K(184700K), 0.0022291 secs] [Times: user=0.01 sys=0.00, real=0.01 secs] 
30.828: [GC 30.828: [ParNew
Desired survivor size 557056 bytes, new threshold 1 (max 15)
- age   1:     634696 bytes,     634696 total
- age   2:     366960 bytes,    1001656 total
: 2304K->1088K(2304K), 0.0027136 secs] 98635K->97778K(184700K), 0.0028223 secs] [Times: user=0.00 sys=0.00, real=0.00 secs] 
30.834: [GC 30.834: [ParNew
Desired survivor size 557056 bytes, new threshold 1 (max 15)
- age   1:     996600 bytes,     996600 total
: 2304K->1088K(2304K), 0.0040800 secs] 98994K->98817K(184700K), 0.0041525 secs] [Times: user=0.01 sys=0.00, real=0.01 secs] 
30.838: [CMS-concurrent-preclean: 0.035/0.099 secs] [Times: user=0.26 sys=0.01, real=0.10 secs] 
30.838: [GC[YG occupancy: 1236 K (2304 K)]30.838: [Rescan (parallel) , 0.0015498 secs]30.840: [weak refs processing, 0.0000102 secs] [1 CMS-remark: 97729K(182396K)] 98965K(184700K), 0.0016276 secs] [Times: user=0.01 sys=0.00, real=0.00 secs] 
30.840: [CMS-concurrent-sweep-start]
30.841: [GC 30.841: [ParNew
Desired survivor size 557056 bytes, new threshold 1 (max 15)
- age   1:     571496 bytes,     571496 total
: 2304K->1088K(2304K), 0.0031207 secs] 100020K->99778K(184700K), 0.0031889 secs] [Times: user=0.01 sys=0.00, real=0.01 secs] 
30.847: [GC 30.847: [ParNew
Desired survivor size 557056 bytes, new threshold 15 (max 15)
- age   1:      36024 bytes,      36024 total
: 2304K->449K(2304K), 0.0024391 secs] 100524K->99227K(184700K), 0.0025019 secs] [Times: user=0.01 sys=0.00, real=0.00 secs] 
30.854: [GC 30.854: [ParNew
Desired survivor size 557056 bytes, new threshold 1 (max 15)
- age   1:    1070112 bytes,    1070112 total
- age   2:      33056 bytes,    1103168 total
: 1665K->1088K(2304K), 0.0021845 secs] 99202K->98704K(184700K), 0.0022494 secs] [Times: user=0.01 sys=0.00, real=0.00 secs] 
30.860: [GC 30.860: [ParNew
Desired survivor size 557056 bytes, new threshold 1 (max 15)
- age   1:     906856 bytes,     906856 total
: 2304K->1088K(2304K), 0.0036021 secs] 97940K->98118K(184700K), 0.0036735 secs] [Times: user=0.01 sys=0.00, real=0.01 secs] 
30.866: [GC 30.866: [ParNew
Desired survivor size 557056 bytes, new threshold 1 (max 15)
- age   1:    1004000 bytes,    1004000 total
: 2304K->1088K(2304K), 0.0028860 secs] 98654K->98553K(184700K), 0.0029507 secs] [Times: user=0.00 sys=0.00, real=0.00 secs] 
30.871: [GC 30.871: [ParNew
Desired survivor size 557056 bytes, new threshold 1 (max 15)
- age   1:     953080 bytes,     953080 total
: 2304K->1088K(2304K), 0.0032496 secs] 98773K->98814K(184700K), 0.0033206 secs] [Times: user=0.01 sys=0.00, real=0.01 secs] 
30.879: [GC 30.879: [ParNew
Desired survivor size 557056 bytes, new threshold 1 (max 15)
- age   1:    1104928 bytes,    1104928 total
: 2304K->1088K(2304K), 0.0032288 secs] 98965K->98810K(184700K), 0.0033030 secs] [Times: user=0.01 sys=0.00, real=0.00 secs] 
30.884: [GC 30.884: [ParNew
Desired survivor size 557056 bytes, new threshold 1 (max 15)
- age   1:    1070528 bytes,    1070528 total
: 2304K->1088K(2304K), 0.0034147 secs] 98598K->98625K(184700K), 0.0034926 secs] [Times: user=0.01 sys=0.00, real=0.01 secs] 
30.888: [GC 30.888: [ParNew
Desired survivor size 557056 bytes, new threshold 1 (max 15)
- age   1:     954952 bytes,     954952 total
: 2304K->1088K(2304K), 0.0040239 secs] 99350K->99452K(184700K), 0.0040943 secs] [Times: user=0.02 sys=0.00, real=0.00 secs] 
30.894: [GC 30.894: [ParNew
Desired survivor size 557056 bytes, new threshold 1 (max 15)
- age   1:    1023960 bytes,    1023960 total
: 2304K->1088K(2304K), 0.0052249 secs] 100146K->100061K(184700K), 0.0052940 secs] [Times: user=0.01 sys=0.00, real=0.01 secs] 
30.901: [GC 30.901: [ParNew
Desired survivor size 557056 bytes, new threshold 1 (max 15)
- age   1:    1017352 bytes,    1017352 total
: 2304K->1088K(2304K), 0.0033049 secs] 100033K->99977K(184700K), 0.0033800 secs] [Times: user=0.01 sys=0.00, real=0.01 secs] 
30.906: [GC 30.906: [ParNew
Desired survivor size 557056 bytes, new threshold 1 (max 15)
- age   1:     971328 bytes,     971328 total
: 2304K->1088K(2304K), 0.0037770 secs] 100006K->100009K(184700K), 0.0038441 secs] [Times: user=0.01 sys=0.00, real=0.00 secs] 
30.912: [GC 30.912: [ParNew
Desired survivor size 557056 bytes, new threshold 1 (max 15)
- age   1:     977624 bytes,     977624 total
: 2304K->1088K(2304K), 0.0031867 secs] 100237K->100178K(184700K), 0.0032603 secs] [Times: user=0.01 sys=0.00, real=0.01 secs] 
30.917: [GC 30.917: [ParNew
Desired survivor size 557056 bytes, new threshold 1 (max 15)
- age   1:    1033672 bytes,    1033672 total
: 2304K->1088K(2304K), 0.0035783 secs] 100247K->100135K(184700K), 0.0036462 secs] [Times: user=0.01 sys=0.00, real=0.00 secs] 
30.922: [GC 30.922: [ParNew
Desired survivor size 557056 bytes, new threshold 1 (max 15)
- age   1:    1083688 bytes,    1083688 total
: 2304K->1088K(2304K), 0.0033271 secs] 100384K->100275K(184700K), 0.0034022 secs] [Times: user=0.01 sys=0.00, real=0.01 secs] 
30.929: [GC 30.929: [ParNew
Desired survivor size 557056 bytes, new threshold 1 (max 15)
- age   1:     969032 bytes,     969032 total
: 2304K->1088K(2304K), 0.0034548 secs] 99842K->99944K(184700K), 0.0035241 secs] [Times: user=0.01 sys=0.00, real=0.00 secs] 
30.934: [GC 30.934: [ParNew
Desired survivor size 557056 bytes, new threshold 1 (max 15)
- age   1:    1059872 bytes,    1059872 total
: 2304K->1088K(2304K), 0.0033032 secs] 100511K->100370K(184700K), 0.0033778 secs] [Times: user=0.01 sys=0.00, real=0.00 secs] 
30.939: [GC 30.939: [ParNew
Desired survivor size 557056 bytes, new threshold 1 (max 15)
- age   1:    1033648 bytes,    1033648 total
: 2304K->1088K(2304K), 0.0036426 secs] 100787K->100762K(184700K), 0.0037151 secs] [Times: user=0.01 sys=0.00, real=0.00 secs] 
30.945: [GC 30.945: [ParNew
Desired survivor size 557056 bytes, new threshold 1 (max 15)
- age   1:     950872 bytes,     950872 total
: 2304K->1088K(2304K), 0.0033264 secs] 100674K->100693K(184700K), 0.0033959 secs] [Times: user=0.01 sys=0.00, real=0.00 secs] 
30.950: [GC 30.950: [ParNew
Desired survivor size 557056 bytes, new threshold 1 (max 15)
- age   1:    1100584 bytes,    1100584 total
: 2304K->1088K(2304K), 0.0032139 secs] 100903K->100708K(184700K), 0.0032837 secs] [Times: user=0.01 sys=0.00, real=0.00 secs] 
30.954: [GC 30.954: [ParNew
Desired survivor size 557056 bytes, new threshold 1 (max 15)
- age   1:     846768 bytes,     846768 total
: 2304K->1088K(2304K), 0.0040244 secs] 101451K->101642K(184700K), 0.0040923 secs] [Times: user=0.01 sys=0.00, real=0.00 secs] 
30.960: [GC 30.960: [ParNew
Desired survivor size 557056 bytes, new threshold 1 (max 15)
- age   1:    1050792 bytes,    1050792 total
: 2304K->1088K(2304K), 0.0036686 secs] 101820K->101532K(184700K), 0.0037371 secs] [Times: user=0.01 sys=0.00, real=0.01 secs] 
30.965: [GC 30.965: [ParNew
Desired survivor size 557056 bytes, new threshold 1 (max 15)
- age   1:    1017272 bytes,    1017272 total
: 2304K->1088K(2304K), 0.0033955 secs] 101936K->101881K(184700K), 0.0034711 secs] [Times: user=0.01 sys=0.00, real=0.00 secs] 
30.970: [GC 30.971: [ParNew
Desired survivor size 557056 bytes, new threshold 1 (max 15)
- age   1:     965000 bytes,     965000 total
: 2304K->1088K(2304K), 0.0035123 secs] 101823K->101794K(184700K), 0.0035866 secs] [Times: user=0.01 sys=0.01, real=0.01 secs] 
30.976: [GC 30.977: [ParNew
Desired survivor size 557056 bytes, new threshold 1 (max 15)
- age   1:     875544 bytes,     875544 total
: 2304K->1088K(2304K), 0.0050660 secs] 101642K->101636K(184700K), 0.0051452 secs] [Times: user=0.01 sys=0.00, real=0.00 secs] 
30.983: [GC 30.983: [ParNew
Desired survivor size 557056 bytes, new threshold 1 (max 15)
- age   1:    1090128 bytes,    1090128 total
: 2304K->1088K(2304K), 0.0031565 secs] 101943K->101645K(184700K), 0.0032246 secs] [Times: user=0.01 sys=0.00, real=0.01 secs] 
30.988: [GC 30.988: [ParNew
Desired survivor size 557056 bytes, new threshold 1 (max 15)
- age   1:    1082104 bytes,    1082104 total
: 2304K->1088K(2304K), 0.0034253 secs] 102284K->102187K(184700K), 0.0034971 secs] [Times: user=0.01 sys=0.00, real=0.00 secs] 
30.994: [GC 30.994: [ParNew
Desired survivor size 557056 bytes, new threshold 1 (max 15)
- age   1:     823712 bytes,     823712 total
: 2197K->1088K(2304K), 0.0042625 secs] 102473K->102644K(184700K), 0.0043416 secs] [Times: user=0.01 sys=0.00, real=0.01 secs] 
31.001: [GC 31.001: [ParNew
Desired survivor size 557056 bytes, new threshold 1 (max 15)
- age   1:     920424 bytes,     920424 total
: 2304K->1088K(2304K), 0.0033619 secs] 102696K->102525K(184700K), 0.0034857 secs] [Times: user=0.01 sys=0.00, real=0.01 secs] 
31.009: [GC 31.009: [ParNew
Desired survivor size 557056 bytes, new threshold 1 (max 15)
- age   1:    1055376 bytes,    1055376 total
: 2304K->1088K(2304K), 0.0037888 secs] 101691K->101472K(184700K), 0.0038716 secs] [Times: user=0.01 sys=0.00, real=0.00 secs] 
31.019: [GC 31.019: [ParNew
Desired survivor size 557056 bytes, new threshold 1 (max 15)
- age   1:     948056 bytes,     948056 total
: 2304K->1088K(2304K), 0.0036763 secs] 97869K->97831K(184700K), 0.0037476 secs] [Times: user=0.01 sys=0.00, real=0.00 secs] 
31.026: [GC 31.026: [ParNew
Desired survivor size 557056 bytes, new threshold 1 (max 15)
- age   1:     876864 bytes,     876864 total
: 2304K->1088K(2304K), 0.0043026 secs] 96445K->96453K(184700K), 0.0043718 secs] [Times: user=0.01 sys=0.00, real=0.00 secs] 
31.034: [GC 31.034: [ParNew
Desired survivor size 557056 bytes, new threshold 1 (max 15)
- age   1:    1111464 bytes,    1111464 total
: 2304K->1088K(2304K), 0.0031646 secs] 94859K->94620K(184700K), 0.0032403 secs] [Times: user=0.01 sys=0.00, real=0.00 secs] 
31.040: [GC 31.040: [ParNew
Desired survivor size 557056 bytes, new threshold 1 (max 15)
- age   1:    1047200 bytes,    1047200 total
: 2304K->1088K(2304K), 0.0050051 secs] 93670K->93725K(184700K), 0.0050776 secs] [Times: user=0.01 sys=0.00, real=0.01 secs] 
31.048: [GC 31.048: [ParNew
Desired survivor size 557056 bytes, new threshold 15 (max 15)
- age   1:     493560 bytes,     493560 total
: 2304K->1088K(2304K), 0.0029176 secs] 92947K->92795K(184700K), 0.0029910 secs] [Times: user=0.01 sys=0.01, real=0.00 secs] 
31.052: [GC 31.053: [ParNew
Desired survivor size 557056 bytes, new threshold 1 (max 15)
- age   1:     627952 bytes,     627952 total
- age   2:     469208 bytes,    1097160 total
: 2304K->1088K(2304K), 0.0018870 secs] 92653K->91464K(184700K), 0.0019487 secs] [Times: user=0.00 sys=0.00, real=0.01 secs] 
31.056: [GC 31.056: [ParNew
Desired survivor size 557056 bytes, new threshold 1 (max 15)
- age   1:     604768 bytes,     604768 total
: 2304K->1084K(2304K), 0.0029247 secs] 91494K->91345K(184700K), 0.0030048 secs] [Times: user=0.01 sys=0.00, real=0.00 secs] 
31.064: [GC 31.064: [ParNew
Desired survivor size 557056 bytes, new threshold 1 (max 15)
- age   1:    1093072 bytes,    1093072 total
: 2300K->1088K(2304K), 0.0026067 secs] 90669K->90134K(184700K), 0.0026753 secs] [Times: user=0.00 sys=0.00, real=0.01 secs] 
31.069: [GC 31.069: [ParNew
Desired survivor size 557056 bytes, new threshold 1 (max 15)
- age   1:     570624 bytes,     570624 total
: 2304K->1088K(2304K), 0.0032706 secs] 90276K->90127K(184700K), 0.0033304 secs] [Times: user=0.01 sys=0.00, real=0.00 secs] 
31.074: [GC 31.074: [ParNew
Desired survivor size 557056 bytes, new threshold 1 (max 15)
- age   1:     679744 bytes,     679744 total
: 2304K->982K(2304K), 0.0028353 secs] 90258K->89494K(184700K), 0.0029092 secs] [Times: user=0.00 sys=0.00, real=0.00 secs] 
31.082: [GC 31.082: [ParNew
Desired survivor size 557056 bytes, new threshold 1 (max 15)
- age   1:    1111856 bytes,    1111856 total
: 2198K->1088K(2304K), 0.0030902 secs] 87342K->87000K(184700K), 0.0031630 secs] [Times: user=0.01 sys=0.00, real=0.01 secs] 
31.087: [GC 31.087: [ParNew
Desired survivor size 557056 bytes, new threshold 1 (max 15)
- age   1:    1021712 bytes,    1021712 total
: 2304K->1088K(2304K), 0.0032867 secs] 86871K->86967K(184700K), 0.0033577 secs] [Times: user=0.01 sys=0.00, real=0.00 secs] 
31.093: [GC 31.093: [ParNew
Desired survivor size 557056 bytes, new threshold 15 (max 15)
- age   1:     472144 bytes,     472144 total
: 2304K->959K(2304K), 0.0032741 secs] 87025K->86661K(184700K), 0.0033592 secs] [Times: user=0.01 sys=0.00, real=0.01 secs] 
31.098: [GC 31.098: [ParNew
Desired survivor size 557056 bytes, new threshold 1 (max 15)
- age   1:     618144 bytes,     618144 total
- age   2:     456072 bytes,    1074216 total
: 2175K->1088K(2304K), 0.0017736 secs] 86513K->85445K(184700K), 0.0018291 secs] [Times: user=0.00 sys=0.00, real=0.00 secs] 
31.102: [GC 31.102: [ParNew
Desired survivor size 557056 bytes, new threshold 1 (max 15)
- age   1:    1046912 bytes,    1046912 total
: 2304K->1088K(2304K), 0.0039087 secs] 86129K->86148K(184700K), 0.0039742 secs] [Times: user=0.01 sys=0.00, real=0.01 secs] 
31.107: [GC 31.107: [ParNew
Desired survivor size 557056 bytes, new threshold 1 (max 15)
- age   1:    1084168 bytes,    1084168 total
: 2304K->1088K(2304K), 0.0046007 secs] 87030K->86989K(184700K), 0.0046719 secs] [Times: user=0.02 sys=0.00, real=0.00 secs] 
31.115: [GC 31.115: [ParNew
Desired survivor size 557056 bytes, new threshold 1 (max 15)
- age   1:     916352 bytes,     916352 total
: 2304K->1088K(2304K), 0.0035837 secs] 85780K->85935K(184700K), 0.0036530 secs] [Times: user=0.01 sys=0.00, real=0.00 secs] 
31.120: [GC 31.120: [ParNew
Desired survivor size 557056 bytes, new threshold 1 (max 15)
- age   1:     612944 bytes,     612944 total
: 2304K->1088K(2304K), 0.0023728 secs] 86176K->85855K(184700K), 0.0024347 secs] [Times: user=0.01 sys=0.00, real=0.00 secs] 
31.124: [GC 31.124: [ParNew
Desired survivor size 557056 bytes, new threshold 1 (max 15)
- age   1:    1063352 bytes,    1063352 total
: 2304K->1088K(2304K), 0.0026571 secs] 85917K->85409K(184700K), 0.0027273 secs] [Times: user=0.01 sys=0.00, real=0.00 secs] 
31.129: [GC 31.129: [ParNew
Desired survivor size 557056 bytes, new threshold 1 (max 15)
- age   1:    1034464 bytes,    1034464 total
: 2304K->1088K(2304K), 0.0036611 secs] 85156K->85174K(184700K), 0.0037382 secs] [Times: user=0.01 sys=0.00, real=0.00 secs] 
31.134: [GC 31.134: [ParNew
Desired survivor size 557056 bytes, new threshold 1 (max 15)
- age   1:     910056 bytes,     910056 total
: 2304K->1088K(2304K), 0.0031087 secs] 85962K->85802K(184700K), 0.0031737 secs] [Times: user=0.01 sys=0.00, real=0.00 secs] 
31.139: [GC 31.139: [ParNew
Desired survivor size 557056 bytes, new threshold 15 (max 15)
- age   1:     238936 bytes,     238936 total
: 2304K->911K(2304K), 0.0030580 secs] 85981K->85477K(184700K), 0.0031270 secs] [Times: user=0.01 sys=0.00, real=0.00 secs] 
31.143: [CMS-concurrent-sweep: 0.102/0.302 secs] [Times: user=0.88 sys=0.04, real=0.30 secs] 
31.143: [CMS-concurrent-reset-start]
31.144: [GC 31.144: [ParNew
Desired survivor size 557056 bytes, new threshold 1 (max 15)
- age   1:     710464 bytes,     710464 total
- age   2:     238864 bytes,     949328 total
: 2127K->1073K(2304K), 0.0023652 secs] 86504K->85450K(184700K), 0.0024375 secs] [Times: user=0.00 sys=0.00, real=0.01 secs] 
31.149: [GC 31.149: [ParNew
Desired survivor size 557056 bytes, new threshold 1 (max 15)
- age   1:     876328 bytes,     876328 total
: 2289K->1088K(2304K), 0.0029047 secs] 86666K->86407K(184700K), 0.0029777 secs] [Times: user=0.01 sys=0.00, real=0.00 secs] 
31.153: [CMS-concurrent-reset: 0.004/0.010 secs] [Times: user=0.03 sys=0.00, real=0.01 secs] 
31.153: [GC 31.153: [ParNew
Desired survivor size 557056 bytes, new threshold 15 (max 15)
- age   1:     220512 bytes,     220512 total
: 2304K->833K(2304K), 0.0123854 secs] 87623K->87009K(184700K), 0.0124689 secs] [Times: user=0.01 sys=0.00, real=0.02 secs] 
31.168: [GC 31.168: [ParNew
Desired survivor size 557056 bytes, new threshold 1 (max 15)
- age   1:     612200 bytes,     612200 total
- age   2:     220384 bytes,     832584 total
: 2049K->917K(2304K), 0.0020633 secs] 88225K->87093K(184700K), 0.0021230 secs] [Times: user=0.01 sys=0.00, real=0.00 secs] 
31.170: [GC 31.171: [ParNew
Desired survivor size 557056 bytes, new threshold 1 (max 15)
- age   1:     920696 bytes,     920696 total
: 2133K->1088K(2304K), 0.0038906 secs] 88309K->88076K(184700K), 0.0039391 secs] [Times: user=0.01 sys=0.00, real=0.01 secs] 
31.176: [GC 31.176: [ParNew
Desired survivor size 557056 bytes, new threshold 1 (max 15)
- age   1:     969200 bytes,     969200 total
: 2304K->1088K(2304K), 0.0028571 secs] 89292K->88972K(184700K), 0.0029412 secs] [Times: user=0.01 sys=0.00, real=0.00 secs] 
31.183: [GC 31.183: [ParNew
Desired survivor size 557056 bytes, new threshold 15 (max 15)
- age   1:     518016 bytes,     518016 total
: 2304K->920K(2304K), 0.0032640 secs] 90188K->89751K(184700K), 0.0033613 secs] [Times: user=0.01 sys=0.00, real=0.01 secs] 
31.188: [GC 31.188: [ParNew
Desired survivor size 557056 bytes, new threshold 1 (max 15)
- age   1:     596168 bytes,     596168 total
- age   2:     517448 bytes,    1113616 total
: 2136K->1088K(2304K), 0.0022029 secs] 90967K->90002K(184700K), 0.0022609 secs] [Times: user=0.01 sys=0.00, real=0.00 secs] 
31.192: [GC 31.192: [ParNew
Desired survivor size 557056 bytes, new threshold 15 (max 15)
- age   1:     410456 bytes,     410456 total
: 2304K->920K(2304K), 0.0027342 secs] 91218K->90921K(184700K), 0.0027953 secs] [Times: user=0.01 sys=0.00, real=0.01 secs] 
31.195: [GC [1 CMS-initial-mark: 90000K(182396K)] 90935K(184700K), 0.0007222 secs] [Times: user=0.00 sys=0.00, real=0.00 secs] 
31.195: [CMS-concurrent-mark-start]
31.197: [GC 31.197: [ParNew
Desired survivor size 557056 bytes, new threshold 1 (max 15)
- age   1:     826816 bytes,     826816 total
- age   2:     285024 bytes,    1111840 total
: 2136K->1088K(2304K), 0.0026488 secs] 92137K->91517K(184700K), 0.0027108 secs] [Times: user=0.01 sys=0.00, real=0.00 secs] 
31.202: [GC 31.202: [ParNew
Desired survivor size 557056 bytes, new threshold 1 (max 15)
- age   1:     954640 bytes,     954640 total
: 2304K->1088K(2304K), 0.0046838 secs] 92733K->92813K(184700K), 0.0047537 secs] [Times: user=0.02 sys=0.00, real=0.01 secs] 
31.208: [GC 31.208: [ParNew
Desired survivor size 557056 bytes, new threshold 1 (max 15)
- age   1:    1070840 bytes,    1070840 total
: 2304K->1088K(2304K), 0.0035895 secs] 94029K->93858K(184700K), 0.0036538 secs] [Times: user=0.01 sys=0.00, real=0.00 secs] 
31.214: [GC 31.214: [ParNew
Desired survivor size 557056 bytes, new threshold 1 (max 15)
- age   1:     693408 bytes,     693408 total
: 2304K->1015K(2304K), 0.0030393 secs] 95074K->94831K(184700K), 0.0031087 secs] [Times: user=0.01 sys=0.00, real=0.01 secs] 
31.218: [GC 31.218: [ParNew
Desired survivor size 557056 bytes, new threshold 1 (max 15)
- age   1:     705728 bytes,     705728 total
: 2231K->1088K(2304K), 0.0025767 secs] 96047K->95630K(184700K), 0.0026359 secs] [Times: user=0.01 sys=0.00, real=0.00 secs] 
31.222: [GC 31.222: [ParNew
Desired survivor size 557056 bytes, new threshold 1 (max 15)
- age   1:     881160 bytes,     881160 total
: 2304K->1088K(2304K), 0.0031623 secs] 96846K->96346K(184700K), 0.0032188 secs] [Times: user=0.01 sys=0.00, real=0.01 secs] 
31.227: [GC 31.227: [ParNew
Desired survivor size 557056 bytes, new threshold 1 (max 15)
- age   1:     710336 bytes,     710336 total
: 2304K->1088K(2304K), 0.0027630 secs] 97562K->97259K(184700K), 0.0028392 secs] [Times: user=0.01 sys=0.00, real=0.00 secs] 
31.231: [GC 31.231: [ParNew
Desired survivor size 557056 bytes, new threshold 1 (max 15)
- age   1:    1072000 bytes,    1072000 total
: 2304K->1088K(2304K), 0.0040555 secs] 98475K->98035K(184700K), 0.0041203 secs] [Times: user=0.01 sys=0.00, real=0.01 secs] 
31.236: [GC 31.236: [ParNew
Desired survivor size 557056 bytes, new threshold 1 (max 15)
- age   1:     660488 bytes,     660488 total
: 2304K->1088K(2304K), 0.0031397 secs] 99251K->99082K(184700K), 0.0032066 secs] [Times: user=0.01 sys=0.01, real=0.00 secs] 
31.241: [GC 31.241: [ParNew
Desired survivor size 557056 bytes, new threshold 15 (max 15)
- age   1:     403400 bytes,     403400 total
: 2304K->604K(2304K), 0.0023939 secs] 100298K->99243K(184700K), 0.0024511 secs] [Times: user=0.00 sys=0.00, real=0.00 secs] 
31.245: [GC 31.245: [ParNew
Desired survivor size 557056 bytes, new threshold 1 (max 15)
- age   1:     752688 bytes,     752688 total
- age   2:     360800 bytes,    1113488 total
: 1820K->1088K(2304K), 0.0026156 secs] 100459K->100172K(184700K), 0.0026737 secs] [Times: user=0.01 sys=0.00, real=0.00 secs] 
31.249: [GC 31.249: [ParNew
Desired survivor size 557056 bytes, new threshold 1 (max 15)
- age   1:     910152 bytes,     910152 total
: 2304K->1088K(2304K), 0.0040929 secs] 101388K->101502K(184700K), 0.0041599 secs] [Times: user=0.01 sys=0.00, real=0.00 secs] 
31.254: [GC 31.254: [ParNew
Desired survivor size 557056 bytes, new threshold 1 (max 15)
- age   1:     739240 bytes,     739240 total
: 2304K->1088K(2304K), 0.0033194 secs] 102718K->102391K(184700K), 0.0033775 secs] [Times: user=0.01 sys=0.00, real=0.00 secs] 
31.260: [GC 31.260: [ParNew
Desired survivor size 557056 bytes, new threshold 15 (max 15)
- age   1:     401352 bytes,     401352 total
: 2304K->957K(2304K), 0.0024604 secs] 103607K->102982K(184700K), 0.0025324 secs] [Times: user=0.01 sys=0.00, real=0.00 secs] 
31.268: [GC 31.269: [ParNew
Desired survivor size 557056 bytes, new threshold 1 (max 15)
- age   1:     879632 bytes,     879632 total
- age   2:     233000 bytes,    1112632 total
: 2173K->1088K(2304K), 0.0022191 secs] 104198K->103282K(184700K), 0.0022930 secs] [Times: user=0.00 sys=0.00, real=0.00 secs] 
31.272: [GC 31.272: [ParNew
Desired survivor size 557056 bytes, new threshold 1 (max 15)
- age   1:     676736 bytes,     676736 total
: 2304K->1088K(2304K), 0.0033486 secs] 104498K->104453K(184700K), 0.0034128 secs] [Times: user=0.01 sys=0.00, real=0.01 secs] 
31.277: [GC 31.277: [ParNew
Desired survivor size 557056 bytes, new threshold 15 (max 15)
- age   1:     545408 bytes,     545408 total
: 2304K->705K(2304K), 0.0036856 secs] 105669K->104731K(184700K), 0.0037624 secs] [Times: user=0.01 sys=0.00, real=0.00 secs] 
31.284: [GC 31.284: [ParNew
Desired survivor size 557056 bytes, new threshold 2 (max 15)
- age   1:     375976 bytes,     375976 total
- age   2:     539880 bytes,     915856 total
: 1921K->1088K(2304K), 0.0023738 secs] 105947K->105114K(184700K), 0.0024398 secs] [Times: user=0.00 sys=0.00, real=0.00 secs] 
31.291: [GC 31.291: [ParNew
Desired survivor size 557056 bytes, new threshold 1 (max 15)
- age   1:     779792 bytes,     779792 total
- age   2:     333600 bytes,    1113392 total
: 2304K->1088K(2304K), 0.0035958 secs] 106330K->105976K(184700K), 0.0036717 secs] [Times: user=0.02 sys=0.00, real=0.01 secs] 
31.297: [GC 31.297: [ParNew
Desired survivor size 557056 bytes, new threshold 1 (max 15)
- age   1:     678296 bytes,     678296 total
: 2304K->1088K(2304K), 0.0029552 secs] 107192K->107118K(184700K), 0.0030202 secs] [Times: user=0.01 sys=0.00, real=0.00 secs] 
31.301: [GC 31.301: [ParNew
Desired survivor size 557056 bytes, new threshold 1 (max 15)
- age   1:    1078640 bytes,    1078640 total
: 2304K->1088K(2304K), 0.0032851 secs] 108334K->107859K(184700K), 0.0033677 secs] [Times: user=0.01 sys=0.01, real=0.01 secs] 
31.309: [GC 31.309: [ParNew
Desired survivor size 557056 bytes, new threshold 1 (max 15)
- age   1:     825560 bytes,     825560 total
: 2304K->1088K(2304K), 0.0033655 secs] 109075K->108913K(184700K), 0.0034570 secs] [Times: user=0.01 sys=0.00, real=0.00 secs] 
31.316: [GC 31.317: [ParNew
Desired survivor size 557056 bytes, new threshold 1 (max 15)
- age   1:     637144 bytes,     637144 total
: 2304K->848K(2304K), 0.0029162 secs] 110129K->109453K(184700K), 0.0030110 secs] [Times: user=0.00 sys=0.00, real=0.00 secs] 
31.321: [GC 31.321: [ParNew
Desired survivor size 557056 bytes, new threshold 15 (max 15)
- age   1:     293184 bytes,     293184 total
: 2064K->509K(2304K), 0.0033685 secs] 110669K->109735K(184700K), 0.0034521 secs] [Times: user=0.01 sys=0.00, real=0.01 secs] 
31.327: [GC 31.327: [ParNew
Desired survivor size 557056 bytes, new threshold 2 (max 15)
- age   1:     411240 bytes,     411240 total
- age   2:     293056 bytes,     704296 total
: 1725K->761K(2304K), 0.0019363 secs] 110951K->109988K(184700K), 0.0019903 secs] [Times: user=0.01 sys=0.00, real=0.00 secs] 
31.331: [GC 31.331: [ParNew
Desired survivor size 557056 bytes, new threshold 1 (max 15)
- age   1:     650416 bytes,     650416 total
- age   2:     411104 bytes,    1061520 total
: 1977K->1088K(2304K), 0.0023221 secs] 111204K->110650K(184700K), 0.0023815 secs] [Times: user=0.01 sys=0.00, real=0.00 secs] 
31.335: [GC 31.335: [ParNew
Desired survivor size 557056 bytes, new threshold 1 (max 15)
- age   1:     715576 bytes,     715576 total
: 2304K->1088K(2304K), 0.0032265 secs] 111866K->111688K(184700K), 0.0033286 secs] [Times: user=0.02 sys=0.00, real=0.00 secs] 
31.340: [GC 31.341: [ParNew
Desired survivor size 557056 bytes, new threshold 15 (max 15)
- age   1:     250144 bytes,     250144 total
: 2304K->743K(2304K), 0.0025183 secs] 112904K->112043K(184700K), 0.0025867 secs] [Times: user=0.01 sys=0.00, real=0.00 secs] 
31.346: [GC 31.347: [ParNew
Desired survivor size 557056 bytes, new threshold 2 (max 15)
- age   1:     360040 bytes,     360040 total
- age   2:     246376 bytes,     606416 total
: 1959K->741K(2304K), 0.0016011 secs] 113259K->112040K(184700K), 0.0016579 secs] [Times: user=0.01 sys=0.00, real=0.00 secs] 
31.349: [GC 31.349: [ParNew
Desired survivor size 557056 bytes, new threshold 2 (max 15)
- age   1:     229328 bytes,     229328 total
- age   2:     359912 bytes,     589240 total
: 1957K->885K(2304K), 0.0017116 secs] 113256K->112425K(184700K), 0.0017602 secs] [Times: user=0.01 sys=0.00, real=0.00 secs] 
31.354: [GC 31.354: [ParNew
Desired survivor size 557056 bytes, new threshold 1 (max 15)
- age   1:     813912 bytes,     813912 total
- age   2:     229040 bytes,    1042952 total
: 2101K->1088K(2304K), 0.0039044 secs] 113641K->113359K(184700K), 0.0039795 secs] [Times: user=0.01 sys=0.00, real=0.01 secs] 
31.360: [GC 31.360: [ParNew
Desired survivor size 557056 bytes, new threshold 15 (max 15)
- age   1:     433720 bytes,     433720 total
: 2304K->883K(2304K), 0.0027416 secs] 114575K->114173K(184700K), 0.0028166 secs] [Times: user=0.01 sys=0.00, real=0.00 secs] 
31.364: [GC 31.364: [ParNew
Desired survivor size 557056 bytes, new threshold 1 (max 15)
- age   1:     707272 bytes,     707272 total
- age   2:     404720 bytes,    1111992 total
: 2099K->1088K(2304K), 0.0019190 secs] 115389K->114406K(184700K), 0.0019761 secs] [Times: user=0.01 sys=0.01, real=0.00 secs] 
31.368: [GC 31.368: [ParNew
Desired survivor size 557056 bytes, new threshold 15 (max 15)
- age   1:     277584 bytes,     277584 total
: 2304K->909K(2304K), 0.0027084 secs] 115622K->115313K(184700K), 0.0027695 secs] [Times: user=0.01 sys=0.00, real=0.00 secs] 
31.372: [GC 31.372: [ParNew
Desired survivor size 557056 bytes, new threshold 1 (max 15)
- age   1:     648848 bytes,     648848 total
- age   2:     275504 bytes,     924352 total
: 2125K->1088K(2304K), 0.0017529 secs] 116529K->115492K(184700K), 0.0018014 secs] [Times: user=0.01 sys=0.00, real=0.00 secs] 
31.375: [GC 31.375: [ParNew
Desired survivor size 557056 bytes, new threshold 1 (max 15)
- age   1:     946680 bytes,     946680 total
: 2304K->1088K(2304K), 0.0034467 secs] 116708K->116631K(184700K), 0.0035139 secs] [Times: user=0.01 sys=0.00, real=0.00 secs] 
31.381: [GC 31.381: [ParNew
Desired survivor size 557056 bytes, new threshold 1 (max 15)
- age   1:    1086480 bytes,    1086480 total
: 2304K->1088K(2304K), 0.0037547 secs] 117847K->117646K(184700K), 0.0038239 secs] [Times: user=0.02 sys=0.00, real=0.01 secs] 
31.387: [GC 31.387: [ParNew
Desired survivor size 557056 bytes, new threshold 1 (max 15)
- age   1:     649656 bytes,     649656 total
: 2304K->1088K(2304K), 0.0040171 secs] 118862K->118714K(184700K), 0.0040851 secs] [Times: user=0.01 sys=0.00, real=0.00 secs] 
31.393: [GC 31.393: [ParNew
Desired survivor size 557056 bytes, new threshold 1 (max 15)
- age   1:     704200 bytes,     704200 total
: 2304K->897K(2304K), 0.0043770 secs] 119930K->119159K(184700K), 0.0044512 secs] [Times: user=0.01 sys=0.00, real=0.01 secs] 
31.399: [GC 31.399: [ParNew
Desired survivor size 557056 bytes, new threshold 15 (max 15)
- age   1:     489096 bytes,     489096 total
: 2113K->648K(2304K), 0.0023907 secs] 120375K->119597K(184700K), 0.0024535 secs] [Times: user=0.01 sys=0.00, real=0.00 secs] 
31.404: [GC 31.404: [ParNew
Desired survivor size 557056 bytes, new threshold 2 (max 15)
- age   1:     398048 bytes,     398048 total
- age   2:     488992 bytes,     887040 total
: 1864K->1088K(2304K), 0.0018716 secs] 120813K->120036K(184700K), 0.0019310 secs] [Times: user=0.01 sys=0.00, real=0.01 secs] 
31.407: [GC 31.407: [ParNew
Desired survivor size 557056 bytes, new threshold 2 (max 15)
- age   1:     177040 bytes,     177040 total
- age   2:     397880 bytes,     574920 total
: 2304K->771K(2304K), 0.0021087 secs] 121252K->120198K(184700K), 0.0021972 secs] [Times: user=0.01 sys=0.00, real=0.00 secs] 
31.411: [GC 31.411: [ParNew
Desired survivor size 557056 bytes, new threshold 15 (max 15)
- age   1:      50456 bytes,      50456 total
- age   2:     176784 bytes,     227240 total
: 1987K->614K(2304K), 0.0018368 secs] 121414K->120429K(184700K), 0.0018890 secs] [Times: user=0.00 sys=0.00, real=0.00 secs] 
31.415: [GC 31.415: [ParNew
Desired survivor size 557056 bytes, new threshold 15 (max 15)
- age   1:     232072 bytes,     232072 total
- age   2:      50120 bytes,     282192 total
- age   3:     176784 bytes,     458976 total
: 1830K->574K(2304K), 0.0015485 secs] 121645K->120389K(184700K), 0.0015986 secs] [Times: user=0.00 sys=0.00, real=0.00 secs] 
31.418: [GC 31.418: [ParNew
Desired survivor size 557056 bytes, new threshold 4 (max 15)
- age   1:     270040 bytes,     270040 total
- age   2:     231992 bytes,     502032 total
- age   3:      50040 bytes,     552072 total
- age   4:     176784 bytes,     728856 total
: 1790K->971K(2304K), 0.0015246 secs] 121605K->120786K(184700K), 0.0015754 secs] [Times: user=0.00 sys=0.00, real=0.00 secs] 
31.421: [GC 31.421: [ParNew
Desired survivor size 557056 bytes, new threshold 2 (max 15)
- age   1:     389536 bytes,     389536 total
- age   2:     269912 bytes,     659448 total
- age   3:     231992 bytes,     891440 total
- age   4:      50040 bytes,     941480 total
: 2187K->1088K(2304K), 0.0021367 secs] 122002K->121075K(184700K), 0.0021893 secs] [Times: user=0.00 sys=0.01, real=0.00 secs] 
31.425: [GC 31.425: [ParNew
Desired survivor size 557056 bytes, new threshold 2 (max 15)
- age   1:     186752 bytes,     186752 total
- age   2:     389408 bytes,     576160 total
: 2304K->1059K(2304K), 0.0023857 secs] 122291K->121585K(184700K), 0.0024407 secs] [Times: user=0.00 sys=0.00, real=0.00 secs] 
31.430: [GC 31.430: [ParNew
Desired survivor size 557056 bytes, new threshold 1 (max 15)
- age   1:     570640 bytes,     570640 total
- age   2:     186672 bytes,     757312 total
: 2275K->951K(2304K), 0.0024049 secs] 122801K->121858K(184700K), 0.0024695 secs] [Times: user=0.01 sys=0.00, real=0.00 secs] 
31.434: [GC 31.434: [ParNew
Desired survivor size 557056 bytes, new threshold 15 (max 15)
- age   1:      33760 bytes,      33760 total
: 2167K->660K(2304K), 0.0025877 secs] 123074K->122306K(184700K), 0.0026577 secs] [Times: user=0.00 sys=0.00, real=0.01 secs] 
31.439: [GC 31.439: [ParNew
Desired survivor size 557056 bytes, new threshold 15 (max 15)
- age   1:     187552 bytes,     187552 total
- age   2:      33592 bytes,     221144 total
: 1876K->299K(2304K), 0.0011554 secs] 123522K->121945K(184700K), 0.0011975 secs] [Times: user=0.00 sys=0.00, real=0.00 secs] 
31.441: [GC 31.441: [ParNew
Desired survivor size 557056 bytes, new threshold 15 (max 15)
- age   1:        144 bytes,        144 total
- age   2:     187408 bytes,     187552 total
- age   3:      33592 bytes,     221144 total
: 1515K->307K(2304K), 0.0011500 secs] 123161K->121953K(184700K), 0.0011873 secs] [Times: user=0.00 sys=0.00, real=0.00 secs] 
31.444: [GC 31.444: [ParNew
Desired survivor size 557056 bytes, new threshold 15 (max 15)
- age   1:     188000 bytes,     188000 total
- age   2:        112 bytes,     188112 total
- age   3:     187336 bytes,     375448 total
- age   4:      33592 bytes,     409040 total
: 1523K->533K(2304K), 0.0012933 secs] 123169K->122179K(184700K), 0.0013378 secs] [Times: user=0.01 sys=0.00, real=0.01 secs] 
31.447: [GC 31.447: [ParNew
Desired survivor size 557056 bytes, new threshold 2 (max 15)
- age   1:     380976 bytes,     380976 total
- age   2:     187928 bytes,     568904 total
- age   3:        112 bytes,     569016 total
- age   4:     187336 bytes,     756352 total
- age   5:      33296 bytes,     789648 total
: 1749K->882K(2304K), 0.0015848 secs] 123395K->122528K(184700K), 0.0016410 secs] [Times: user=0.01 sys=0.00, real=0.00 secs] 
31.453: [GC 31.453: [ParNew
Desired survivor size 557056 bytes, new threshold 1 (max 15)
- age   1:     742904 bytes,     742904 total
- age   2:     365640 bytes,    1108544 total
: 2098K->1088K(2304K), 0.0047826 secs] 123744K->123596K(184700K), 0.0048536 secs] [Times: user=0.01 sys=0.00, real=0.01 secs] 
31.459: [GC 31.459: [ParNew
Desired survivor size 557056 bytes, new threshold 1 (max 15)
- age   1:     594968 bytes,     594968 total
: 2304K->1088K(2304K), 0.0032211 secs] 124812K->124709K(184700K), 0.0032842 secs] [Times: user=0.01 sys=0.01, real=0.00 secs] 
31.464: [GC 31.464: [ParNew
Desired survivor size 557056 bytes, new threshold 15 (max 15)
- age   1:     264224 bytes,     264224 total
: 2304K->578K(2304K), 0.0021984 secs] 125925K->124780K(184700K), 0.0022506 secs] [Times: user=0.01 sys=0.00, real=0.01 secs] 
31.467: [GC 31.467: [ParNew
Desired survivor size 557056 bytes, new threshold 15 (max 15)
- age   1:        256 bytes,        256 total
- age   2:     263784 bytes,     264040 total
: 1794K->371K(2304K), 0.0011325 secs] 125996K->124574K(184700K), 0.0011693 secs] [Times: user=0.00 sys=0.00, real=0.00 secs] 
31.470: [GC 31.471: [ParNew
Desired survivor size 557056 bytes, new threshold 1 (max 15)
- age   1:     568032 bytes,     568032 total
- age   2:        216 bytes,     568248 total
- age   3:     263784 bytes,     832032 total
: 1587K->924K(2304K), 0.0020634 secs] 125790K->125127K(184700K), 0.0021237 secs] [Times: user=0.01 sys=0.00, real=0.00 secs] 
31.476: [GC 31.476: [ParNew
Desired survivor size 557056 bytes, new threshold 1 (max 15)
- age   1:    1009656 bytes,    1009656 total
: 2140K->1088K(2304K), 0.0035003 secs] 126343K->126325K(184700K), 0.0035706 secs] [Times: user=0.01 sys=0.00, real=0.00 secs] 
31.482: [GC 31.482: [ParNew
Desired survivor size 557056 bytes, new threshold 15 (max 15)
- age   1:     546320 bytes,     546320 total
: 2304K->1088K(2304K), 0.0028627 secs] 127541K->127307K(184700K), 0.0029245 secs] [Times: user=0.01 sys=0.00, real=0.01 secs] 
31.487: [GC 31.487: [ParNew
Desired survivor size 557056 bytes, new threshold 2 (max 15)
- age   1:     515520 bytes,     515520 total
- age   2:     487328 bytes,    1002848 total
: 2304K->1088K(2304K), 0.0033198 secs] 128523K->127825K(184700K), 0.0033909 secs] [Times: user=0.01 sys=0.00, real=0.00 secs] 
31.492: [GC 31.493: [ParNew
Desired survivor size 557056 bytes, new threshold 2 (max 15)
- age   1:     296808 bytes,     296808 total
- age   2:     515520 bytes,     812328 total
: 2304K->1051K(2304K), 0.0031315 secs] 129041K->128264K(184700K), 0.0032038 secs] [Times: user=0.00 sys=0.00, real=0.01 secs] 
31.498: [GC 31.498: [ParNew
Desired survivor size 557056 bytes, new threshold 1 (max 15)
- age   1:     685752 bytes,     685752 total
- age   2:     296736 bytes,     982488 total
: 2267K->1088K(2304K), 0.0027221 secs] 129480K->128810K(184700K), 0.0027869 secs] [Times: user=0.01 sys=0.00, real=0.00 secs] 
31.502: [GC 31.502: [ParNew
Desired survivor size 557056 bytes, new threshold 15 (max 15)
- age   1:     292104 bytes,     292104 total
: 2304K->1088K(2304K), 0.0025482 secs] 130026K->129770K(184700K), 0.0026153 secs] [Times: user=0.01 sys=0.00, real=0.01 secs] 
31.507: [GC 31.507: [ParNew
Desired survivor size 557056 bytes, new threshold 15 (max 15)
- age   1:        168 bytes,        168 total
- age   2:     291976 bytes,     292144 total
: 2304K->527K(2304K), 0.0014679 secs] 130986K->129210K(184700K), 0.0015182 secs] [Times: user=0.00 sys=0.00, real=0.00 secs] 
31.510: [GC 31.510: [ParNew
Desired survivor size 557056 bytes, new threshold 15 (max 15)
- age   1:     256288 bytes,     256288 total
- age   2:         40 bytes,     256328 total
- age   3:     291904 bytes,     548232 total
: 1743K->592K(2304K), 0.0018377 secs] 130426K->129275K(184700K), 0.0019285 secs] [Times: user=0.01 sys=0.01, real=0.00 secs] 
31.513: [GC 31.514: [ParNew
Desired survivor size 557056 bytes, new threshold 4 (max 15)
- age   1:      14680 bytes,      14680 total
- age   2:     256184 bytes,     270864 total
- age   3:         40 bytes,     270904 total
- age   4:     291904 bytes,     562808 total
: 1808K->782K(2304K), 0.0019676 secs] 130491K->129464K(184700K), 0.0020697 secs] [Times: user=0.01 sys=0.00, real=0.01 secs] 
31.517: [GC 31.517: [ParNew
Desired survivor size 557056 bytes, new threshold 15 (max 15)
- age   1:      26984 bytes,      26984 total
- age   2:      14616 bytes,      41600 total
- age   3:     256184 bytes,     297784 total
: 1998K->655K(2304K), 0.0016892 secs] 130680K->129622K(184700K), 0.0017395 secs] [Times: user=0.01 sys=0.00, real=0.00 secs] 
31.521: [GC 31.521: [ParNew
Desired survivor size 557056 bytes, new threshold 4 (max 15)
- age   1:     359528 bytes,     359528 total
- age   2:      26856 bytes,     386384 total
- age   3:      14616 bytes,     401000 total
- age   4:     256184 bytes,     657184 total
: 1871K->780K(2304K), 0.0021036 secs] 130838K->129747K(184700K), 0.0021726 secs] [Times: user=0.01 sys=0.00, real=0.00 secs] 
31.525: [GC 31.525: [ParNew
Desired survivor size 557056 bytes, new threshold 15 (max 15)
- age   1:     100216 bytes,     100216 total
- age   2:     359496 bytes,     459712 total
- age   3:      26824 bytes,     486536 total
- age   4:      14616 bytes,     501152 total
: 1996K->812K(2304K), 0.0017098 secs] 130963K->130029K(184700K), 0.0017620 secs] [Times: user=0.01 sys=0.00, real=0.00 secs] 
31.529: [GC 31.529: [ParNew
Desired survivor size 557056 bytes, new threshold 3 (max 15)
- age   1:     309928 bytes,     309928 total
- age   2:     100016 bytes,     409944 total
- age   3:     359496 bytes,     769440 total
- age   4:      26824 bytes,     796264 total
- age   5:      14544 bytes,     810808 total
: 2028K->1004K(2304K), 0.0016795 secs] 131245K->130222K(184700K), 0.0017269 secs] [Times: user=0.01 sys=0.00, real=0.00 secs] 
31.532: [GC 31.532: [ParNew
Desired survivor size 557056 bytes, new threshold 2 (max 15)
- age   1:     538584 bytes,     538584 total
- age   2:     309888 bytes,     848472 total
- age   3:      90544 bytes,     939016 total
: 2220K->1088K(2304K), 0.0022298 secs] 131438K->130736K(184700K), 0.0022851 secs] [Times: user=0.01 sys=0.00, real=0.01 secs] 
31.537: [GC 31.537: [ParNew
Desired survivor size 557056 bytes, new threshold 1 (max 15)
- age   1:     806280 bytes,     806280 total
- age   2:     307480 bytes,    1113760 total
: 2304K->1088K(2304K), 0.0042950 secs] 131952K->131770K(184700K), 0.0043728 secs] [Times: user=0.01 sys=0.00, real=0.00 secs] 
31.544: [GC 31.544: [ParNew
Desired survivor size 557056 bytes, new threshold 1 (max 15)
- age   1:    1036312 bytes,    1036312 total
: 2304K->1088K(2304K), 0.0037258 secs] 132986K->133051K(184700K), 0.0037989 secs] [Times: user=0.01 sys=0.00, real=0.00 secs] 
31.550: [GC 31.550: [ParNew
Desired survivor size 557056 bytes, new threshold 15 (max 15)
- age   1:      11840 bytes,      11840 total
: 2304K->1017K(2304K), 0.0026274 secs] 134267K->133992K(184700K), 0.0026871 secs] [Times: user=0.01 sys=0.00, real=0.00 secs] 
31.554: [GC 31.554: [ParNew
Desired survivor size 557056 bytes, new threshold 1 (max 15)
- age   1:     557384 bytes,     557384 total
- age   2:      11712 bytes,     569096 total
: 2233K->705K(2304K), 0.0015046 secs] 135208K->133680K(184700K), 0.0015524 secs] [Times: user=0.01 sys=0.00, real=0.00 secs] 
31.559: [GC 31.559: [ParNew
Desired survivor size 557056 bytes, new threshold 15 (max 15)
- age   1:      95248 bytes,      95248 total
: 1921K->360K(2304K), 0.0025925 secs] 134896K->133891K(184700K), 0.0026598 secs] [Times: user=0.01 sys=0.00, real=0.00 secs] 
31.568: [GC 31.568: [ParNew
Desired survivor size 557056 bytes, new threshold 1 (max 15)
- age   1:     572184 bytes,     572184 total
- age   2:      95176 bytes,     667360 total
: 1576K->717K(2304K), 0.0020060 secs] 135107K->134248K(184700K), 0.0020763 secs] [Times: user=0.00 sys=0.00, real=0.00 secs] 
31.572: [GC 31.572: [ParNew
Desired survivor size 557056 bytes, new threshold 15 (max 15)
- age   1:     392520 bytes,     392520 total
: 1933K->787K(2304K), 0.0026395 secs] 135464K->134969K(184700K), 0.0027046 secs] [Times: user=0.01 sys=0.00, real=0.01 secs] 
31.576: [GC 31.576: [ParNew
Desired survivor size 557056 bytes, new threshold 15 (max 15)
- age   1:        352 bytes,        352 total
- age   2:     392392 bytes,     392744 total
: 2003K->481K(2304K), 0.0016728 secs] 136185K->134663K(184700K), 0.0017277 secs] [Times: user=0.01 sys=0.00, real=0.00 secs] 
31.580: [GC 31.580: [ParNew
Desired survivor size 557056 bytes, new threshold 1 (max 15)
- age   1:     620952 bytes,     620952 total
- age   2:        312 bytes,     621264 total
- age   3:     392392 bytes,    1013656 total
: 1697K->1088K(2304K), 0.0018994 secs] 135879K->135270K(184700K), 0.0019555 secs] [Times: user=0.01 sys=0.00, real=0.00 secs] 
31.585: [GC 31.585: [ParNew
Desired survivor size 557056 bytes, new threshold 1 (max 15)
- age   1:     978392 bytes,     978392 total
: 2304K->1088K(2304K), 0.0040580 secs] 136486K->136507K(184700K), 0.0041295 secs] [Times: user=0.01 sys=0.00, real=0.00 secs] 
31.591: [GC 31.591: [ParNew
Desired survivor size 557056 bytes, new threshold 1 (max 15)
- age   1:    1113904 bytes,    1113904 total
: 2304K->1088K(2304K), 0.0035308 secs] 137723K->137584K(184700K), 0.0035892 secs] [Times: user=0.02 sys=0.00, real=0.01 secs] 
31.596: [GC 31.596: [ParNew
Desired survivor size 557056 bytes, new threshold 1 (max 15)
- age   1:     562424 bytes,     562424 total
: 2304K->1088K(2304K), 0.0034346 secs] 138800K->138814K(184700K), 0.0035005 secs] [Times: user=0.01 sys=0.00, real=0.00 secs] 
31.601: [GC 31.601: [ParNew
Desired survivor size 557056 bytes, new threshold 15 (max 15)
- age   1:      60968 bytes,      60968 total
: 2304K->350K(2304K), 0.0019775 secs] 140030K->138625K(184700K), 0.0020395 secs] [Times: user=0.00 sys=0.00, real=0.00 secs] 
31.604: [GC 31.604: [ParNew
Desired survivor size 557056 bytes, new threshold 1 (max 15)
- age   1:     659904 bytes,     659904 total
- age   2:      60840 bytes,     720744 total
: 1566K->736K(2304K), 0.0023087 secs] 139841K->139011K(184700K), 0.0023718 secs] [Times: user=0.00 sys=0.00, real=0.00 secs] 
31.607: [GC 31.607: [ParNew
Desired survivor size 557056 bytes, new threshold 1 (max 15)
- age   1:    1084424 bytes,    1084424 total
: 1952K->1088K(2304K), 0.0045181 secs] 140227K->140200K(184700K), 0.0045785 secs] [Times: user=0.01 sys=0.00, real=0.00 secs] 
31.613: [GC 31.613: [ParNew
Desired survivor size 557056 bytes, new threshold 1 (max 15)
- age   1:     927336 bytes,     927336 total
: 2304K->1088K(2304K), 0.0041951 secs] 141416K->141525K(184700K), 0.0042656 secs] [Times: user=0.02 sys=0.00, real=0.01 secs] 
31.619: [GC 31.619: [ParNew
Desired survivor size 557056 bytes, new threshold 1 (max 15)
- age   1:     627416 bytes,     627416 total
: 2304K->1088K(2304K), 0.0036660 secs] 142741K->142453K(184700K), 0.0037330 secs] [Times: user=0.01 sys=0.00, real=0.00 secs] 
31.624: [GC 31.624: [ParNew
Desired survivor size 557056 bytes, new threshold 1 (max 15)
- age   1:     657752 bytes,     657752 total
: 2304K->801K(2304K), 0.0025487 secs] 143669K->142780K(184700K), 0.0026076 secs] [Times: user=0.01 sys=0.00, real=0.00 secs] 
31.629: [CMS-concurrent-mark: 0.155/0.433 secs] [Times: user=1.25 sys=0.07, real=0.43 secs] 
31.629: [GC 31.629: [ParNew
Desired survivor size 557056 bytes, new threshold 15 (max 15)
- age   1:     352320 bytes,     352320 total
: 2017K->745K(2304K), 0.0024681 secs] 143996K->143366K(184700K), 0.0025352 secs] [Times: user=0.01 sys=0.00, real=0.00 secs] 
31.631: [CMS-concurrent-preclean-start]
31.634: [GC 31.634: [ParNew
Desired survivor size 557056 bytes, new threshold 2 (max 15)
- age   1:     515616 bytes,     515616 total
- age   2:     352248 bytes,     867864 total
: 1961K->970K(2304K), 0.0021427 secs] 144582K->143591K(184700K), 0.0022069 secs] [Times: user=0.01 sys=0.01, real=0.01 secs] 
31.638: [GC 31.638: [ParNew
Desired survivor size 557056 bytes, new threshold 2 (max 15)
- age   1:     334496 bytes,     334496 total
- age   2:     505208 bytes,     839704 total
: 2186K->1088K(2304K), 0.0035828 secs] 144807K->144052K(184700K), 0.0036521 secs] [Times: user=0.01 sys=0.00, real=0.00 secs] 
31.643: [GC 31.643: [ParNew
Desired survivor size 557056 bytes, new threshold 2 (max 15)
- age   1:     478576 bytes,     478576 total
- age   2:     334368 bytes,     812944 total
: 2304K->1088K(2304K), 0.0023042 secs] 145268K->144546K(184700K), 0.0024042 secs] [Times: user=0.00 sys=0.00, real=0.01 secs] 
31.647: [GC 31.647: [ParNew
Desired survivor size 557056 bytes, new threshold 1 (max 15)
- age   1:     805184 bytes,     805184 total
- age   2:     307464 bytes,    1112648 total
: 2304K->1088K(2304K), 0.0035598 secs] 145762K->145382K(184700K), 0.0036212 secs] [Times: user=0.01 sys=0.00, real=0.00 secs] 
31.653: [GC 31.653: [ParNew
Desired survivor size 557056 bytes, new threshold 15 (max 15)
- age   1:     471376 bytes,     471376 total
: 2304K->1005K(2304K), 0.0035504 secs] 146598K->146386K(184700K), 0.0036197 secs] [Times: user=0.01 sys=0.00, real=0.01 secs] 
31.658: [GC 31.658: [ParNew
Desired survivor size 557056 bytes, new threshold 1 (max 15)
- age   1:     758928 bytes,     758928 total
- age   2:     354520 bytes,    1113448 total
: 2221K->1088K(2304K), 0.0022574 secs] 147602K->146593K(184700K), 0.0023270 secs] [Times: user=0.01 sys=0.00, real=0.00 secs] 
31.661: [GC 31.661: [ParNew
Desired survivor size 557056 bytes, new threshold 15 (max 15)
- age   1:     237912 bytes,     237912 total
: 2304K->921K(2304K), 0.0027669 secs] 147809K->147514K(184700K), 0.0028297 secs] [Times: user=0.01 sys=0.00, real=0.01 secs] 
31.666: [GC 31.666: [ParNew
Desired survivor size 557056 bytes, new threshold 1 (max 15)
- age   1:     900352 bytes,     900352 total
- age   2:     211512 bytes,    1111864 total
: 2137K->1088K(2304K), 0.0024473 secs] 148730K->147988K(184700K), 0.0025064 secs] [Times: user=0.01 sys=0.00, real=0.00 secs] 
31.669: [GC 31.669: [ParNew
Desired survivor size 557056 bytes, new threshold 1 (max 15)
- age   1:     865792 bytes,     865792 total
: 2304K->1088K(2304K), 0.0045938 secs] 149204K->149222K(184700K), 0.0046591 secs] [Times: user=0.01 sys=0.00, real=0.00 secs] 
31.675: [GC 31.675: [ParNew
Desired survivor size 557056 bytes, new threshold 1 (max 15)
- age   1:     993672 bytes,     993672 total
: 2304K->1088K(2304K), 0.0044530 secs] 150438K->150286K(184700K), 0.0045195 secs] [Times: user=0.01 sys=0.00, real=0.00 secs] 
31.681: [GC 31.681: [ParNew
Desired survivor size 557056 bytes, new threshold 15 (max 15)
- age   1:     553584 bytes,     553584 total
: 2304K->1088K(2304K), 0.0031864 secs] 151502K->151271K(184700K), 0.0032554 secs] [Times: user=0.01 sys=0.00, real=0.01 secs] 
31.685: [GC 31.685: [ParNew
Desired survivor size 557056 bytes, new threshold 1 (max 15)
- age   1:     575992 bytes,     575992 total
- age   2:     537504 bytes,    1113496 total
: 2304K->1088K(2304K), 0.0023990 secs] 152487K->151513K(184700K), 0.0024711 secs] [Times: user=0.01 sys=0.00, real=0.00 secs] 
31.690: [GC 31.690: [ParNew
Desired survivor size 557056 bytes, new threshold 1 (max 15)
- age   1:     629064 bytes,     629064 total
: 2304K->925K(2304K), 0.0034640 secs] 152729K->152427K(184700K), 0.0035385 secs] [Times: user=0.02 sys=0.00, real=0.00 secs] 
31.695: [GC 31.695: [ParNew
Desired survivor size 557056 bytes, new threshold 15 (max 15)
- age   1:     395944 bytes,     395944 total
: 2141K->865K(2304K), 0.0035200 secs] 153643K->152982K(184700K), 0.0036013 secs] [Times: user=0.01 sys=0.01, real=0.00 secs] 
31.701: [GC 31.701: [ParNew
Desired survivor size 557056 bytes, new threshold 1 (max 15)
- age   1:     629504 bytes,     629504 total
- age   2:     395944 bytes,    1025448 total
: 2081K->1088K(2304K), 0.0023171 secs] 154198K->153206K(184700K), 0.0023865 secs] [Times: user=0.01 sys=0.00, real=0.00 secs] 
31.705: [GC 31.705: [ParNew
Desired survivor size 557056 bytes, new threshold 1 (max 15)
- age   1:     692024 bytes,     692024 total
: 2304K->1038K(2304K), 0.0048590 secs] 154422K->154158K(184700K), 0.0049233 secs] [Times: user=0.01 sys=0.00, real=0.00 secs] 
31.711: [GC 31.711: [ParNew
Desired survivor size 557056 bytes, new threshold 1 (max 15)
- age   1:     662584 bytes,     662584 total
: 2254K->1071K(2304K), 0.0026774 secs] 155374K->154867K(184700K), 0.0027385 secs] [Times: user=0.01 sys=0.00, real=0.00 secs] 
31.716: [GC 31.716: [ParNew
Desired survivor size 557056 bytes, new threshold 15 (max 15)
- age   1:     360888 bytes,     360888 total
: 2287K->663K(2304K), 0.0024342 secs] 156083K->155106K(184700K), 0.0025025 secs] [Times: user=0.01 sys=0.00, real=0.00 secs] 
31.719: [GC 31.719: [ParNew
Desired survivor size 557056 bytes, new threshold 2 (max 15)
- age   1:     352608 bytes,     352608 total
- age   2:     360728 bytes,     713336 total
: 1879K->825K(2304K), 0.0015832 secs] 156322K->155268K(184700K), 0.0016338 secs] [Times: user=0.01 sys=0.00, real=0.00 secs] 
31.723: [GC 31.723: [ParNew
Desired survivor size 557056 bytes, new threshold 1 (max 15)
- age   1:     569272 bytes,     569272 total
- age   2:     352528 bytes,     921800 total
: 2041K->1088K(2304K), 0.0030036 secs] 156484K->155918K(184700K), 0.0030685 secs] [Times: user=0.01 sys=0.00, real=0.01 secs] 
31.728: [GC 31.728: [ParNew
Desired survivor size 557056 bytes, new threshold 15 (max 15)
- age   1:     421400 bytes,     421400 total
: 2304K->1011K(2304K), 0.0027284 secs] 157134K->156742K(184700K), 0.0027936 secs] [Times: user=0.01 sys=0.00, real=0.00 secs] 
31.732: [GC 31.732: [ParNew
Desired survivor size 557056 bytes, new threshold 2 (max 15)
- age   1:     166088 bytes,     166088 total
- age   2:     421272 bytes,     587360 total
: 2227K->802K(2304K), 0.0013810 secs] 157958K->156532K(184700K), 0.0014284 secs] [Times: user=0.01 sys=0.00, real=0.00 secs] 
31.735: [GC 31.735: [ParNew
Desired survivor size 557056 bytes, new threshold 2 (max 15)
- age   1:     397304 bytes,     397304 total
- age   2:     165888 bytes,     563192 total
: 2018K->909K(2304K), 0.0024190 secs] 157748K->157050K(184700K), 0.0024797 secs] [Times: user=0.01 sys=0.00, real=0.00 secs] 
31.740: [GC 31.740: [ParNew
Desired survivor size 557056 bytes, new threshold 2 (max 15)
- age   1:     322984 bytes,     322984 total
- age   2:     397160 bytes,     720144 total
: 2125K->1029K(2304K), 0.0020892 secs] 158266K->157333K(184700K), 0.0021431 secs] [Times: user=0.01 sys=0.00, real=0.00 secs] 
31.743: [GC 31.743: [ParNew
Desired survivor size 557056 bytes, new threshold 1 (max 15)
- age   1:     561448 bytes,     561448 total
- age   2:     322952 bytes,     884400 total
: 2245K->1088K(2304K), 0.0022652 secs] 158549K->157779K(184700K), 0.0023250 secs] [Times: user=0.01 sys=0.00, real=0.01 secs] 
31.747: [GC 31.747: [ParNew
Desired survivor size 557056 bytes, new threshold 15 (max 15)
- age   1:     181360 bytes,     181360 total
: 2304K->598K(2304K), 0.0023256 secs] 158995K->158154K(184700K), 0.0023778 secs] [Times: user=0.00 sys=0.00, real=0.00 secs] 
31.751: [GC 31.751: [ParNew
Desired survivor size 557056 bytes, new threshold 1 (max 15)
- age   1:     677440 bytes,     677440 total
- age   2:     181328 bytes,     858768 total
: 1814K->975K(2304K), 0.0022240 secs] 159370K->158530K(184700K), 0.0022921 secs] [Times: user=0.00 sys=0.00, real=0.00 secs] 
31.755: [GC 31.755: [ParNew
Desired survivor size 557056 bytes, new threshold 15 (max 15)
- age   1:     546568 bytes,     546568 total
: 2191K->862K(2304K), 0.0033295 secs] 159746K->159256K(184700K), 0.0034026 secs] [Times: user=0.01 sys=0.01, real=0.00 secs] 
31.761: [GC 31.761: [ParNew
Desired survivor size 557056 bytes, new threshold 1 (max 15)
- age   1:     615440 bytes,     615440 total
- age   2:     498048 bytes,    1113488 total
: 2078K->1088K(2304K), 0.0030764 secs] 160472K->160078K(184700K), 0.0031431 secs] [Times: user=0.01 sys=0.00, real=0.00 secs] 
31.765: [GC 31.765: [ParNew
Desired survivor size 557056 bytes, new threshold 1 (max 15)
- age   1:    1009520 bytes,    1009520 total
: 2304K->1088K(2304K), 0.0037528 secs] 161294K->161310K(184700K), 0.0038209 secs] [Times: user=0.01 sys=0.00, real=0.00 secs] 
31.772: [GC 31.772: [ParNew
Desired survivor size 557056 bytes, new threshold 1 (max 15)
- age   1:     815888 bytes,     815888 total
: 2304K->1088K(2304K), 0.0038504 secs] 162526K->162369K(184700K), 0.0039062 secs] [Times: user=0.01 sys=0.00, real=0.01 secs] 
31.777: [GC 31.777: [ParNew
Desired survivor size 557056 bytes, new threshold 15 (max 15)
- age   1:      12296 bytes,      12296 total
: 2304K->842K(2304K), 0.0027467 secs] 163585K->162920K(184700K), 0.0028103 secs] [Times: user=0.00 sys=0.00, real=0.00 secs] 
31.783: [GC 31.783: [ParNew
Desired survivor size 557056 bytes, new threshold 1 (max 15)
- age   1:    1096984 bytes,    1096984 total
- age   2:      11536 bytes,    1108520 total
: 2058K->1088K(2304K), 0.0024127 secs] 164136K->163216K(184700K), 0.0024797 secs] [Times: user=0.01 sys=0.00, real=0.01 secs] 
31.787: [GC 31.787: [ParNew
Desired survivor size 557056 bytes, new threshold 1 (max 15)
- age   1:     687760 bytes,     687760 total
: 2304K->1088K(2304K), 0.0040669 secs] 164432K->164297K(184700K), 0.0041330 secs] [Times: user=0.02 sys=0.00, real=0.00 secs] 
31.793: [GC 31.793: [ParNew
Desired survivor size 557056 bytes, new threshold 1 (max 15)
- age   1:     595824 bytes,     595824 total
: 2304K->1063K(2304K), 0.0023818 secs] 165513K->164944K(184700K), 0.0024467 secs] [Times: user=0.01 sys=0.00, real=0.01 secs] 
31.797: [GC 31.797: [ParNew
Desired survivor size 557056 bytes, new threshold 1 (max 15)
- age   1:    1123056 bytes,    1123056 total
: 2279K->1087K(2304K), 0.0037754 secs] 166160K->165630K(184700K), 0.0038400 secs] [Times: user=0.01 sys=0.00, real=0.00 secs] 
31.802: [GC 31.802: [ParNew
Desired survivor size 557056 bytes, new threshold 15 (max 15)
- age   1:     242352 bytes,     242352 total
: 2303K->913K(2304K), 0.0028949 secs] 166846K->166544K(184700K), 0.0029805 secs] [Times: user=0.01 sys=0.00, real=0.01 secs] 
31.807: [GC 31.807: [ParNew
Desired survivor size 557056 bytes, new threshold 1 (max 15)
- age   1:     577544 bytes,     577544 total
- age   2:     242272 bytes,     819816 total
: 2129K->950K(2304K), 0.0017207 secs] 167760K->166581K(184700K), 0.0017742 secs] [Times: user=0.01 sys=0.00, real=0.00 secs] 
31.810: [GC 31.810: [ParNew
Desired survivor size 557056 bytes, new threshold 15 (max 15)
- age   1:        328 bytes,        328 total
: 2166K->276K(2304K), 0.0022533 secs] 167797K->166706K(184700K), 0.0023058 secs] [Times: user=0.01 sys=0.00, real=0.00 secs] 
31.813: [GC 31.814: [ParNew
Desired survivor size 557056 bytes, new threshold 1 (max 15)
- age   1:     724064 bytes,     724064 total
- age   2:        256 bytes,     724320 total
: 1492K->794K(2304K), 0.0018658 secs] 167922K->167224K(184700K), 0.0019280 secs] [Times: user=0.01 sys=0.00, real=0.01 secs] 
31.818: [GC 31.818: [ParNew
Desired survivor size 557056 bytes, new threshold 15 (max 15)
- age   1:     406680 bytes,     406680 total
: 2010K->847K(2304K), 0.0022994 secs] 168440K->167985K(184700K), 0.0023643 secs] [Times: user=0.01 sys=0.00, real=0.00 secs] 
31.822: [GC 31.822: [ParNew
Desired survivor size 557056 bytes, new threshold 1 (max 15)
- age   1:     719336 bytes,     719336 total
- age   2:     389608 bytes,    1108944 total
: 2063K->1088K(2304K), 0.0034397 secs] 169201K->168674K(184700K), 0.0035064 secs] [Times: user=0.01 sys=0.00, real=0.01 secs] 
31.829: [GC 31.829: [ParNew
Desired survivor size 557056 bytes, new threshold 1 (max 15)
- age   1:    1113936 bytes,    1113936 total
: 2304K->1088K(2304K), 0.0036033 secs] 169890K->169832K(184700K), 0.0036828 secs] [Times: user=0.01 sys=0.00, real=0.00 secs] 
31.837: [GC 31.837: [ParNew
Desired survivor size 557056 bytes, new threshold 1 (max 15)
- age   1:     932368 bytes,     932368 total
: 2304K->1088K(2304K), 0.0051211 secs] 171048K->171242K(184700K), 0.0051964 secs] [Times: user=0.02 sys=0.00, real=0.00 secs] 
31.844: [GC 31.844: [ParNew
Desired survivor size 557056 bytes, new threshold 15 (max 15)
- age   1:     251624 bytes,     251624 total
: 2304K->925K(2304K), 0.0025058 secs] 172458K->171967K(184700K), 0.0025701 secs] [Times: user=0.00 sys=0.00, real=0.00 secs] 
31.848: [GC 31.848: [ParNew
Desired survivor size 557056 bytes, new threshold 1 (max 15)
- age   1:     707152 bytes,     707152 total
- age   2:     251496 bytes,     958648 total
: 2141K->1024K(2304K), 0.0016945 secs] 173183K->172066K(184700K), 0.0017407 secs] [Times: user=0.00 sys=0.00, real=0.00 secs] 
31.851: [GC 31.851: [ParNew
Desired survivor size 557056 bytes, new threshold 15 (max 15)
- age   1:     255992 bytes,     255992 total
: 2240K->775K(2304K), 0.0024892 secs] 173282K->172753K(184700K), 0.0025496 secs] [Times: user=0.01 sys=0.00, real=0.00 secs] 
31.855: [GC 31.855: [ParNew
Desired survivor size 557056 bytes, new threshold 1 (max 15)
- age   1:     567424 bytes,     567424 total
- age   2:     255864 bytes,     823288 total
: 1991K->897K(2304K), 0.0016600 secs] 173969K->172875K(184700K), 0.0017185 secs] [Times: user=0.01 sys=0.00, real=0.00 secs] 
31.859: [GC 31.859: [ParNew
Desired survivor size 557056 bytes, new threshold 1 (max 15)
- age   1:    1063784 bytes,    1063784 total
: 2113K->1088K(2304K), 0.0035348 secs] 174091K->173976K(184700K), 0.0036084 secs] [Times: user=0.01 sys=0.00, real=0.00 secs] 
31.864: [GC 31.865: [ParNew
Desired survivor size 557056 bytes, new threshold 1 (max 15)
- age   1:     557336 bytes,     557336 total
: 2304K->1088K(2304K), 0.0028271 secs] 175192K->175014K(184700K), 0.0028899 secs] [Times: user=0.01 sys=0.00, real=0.00 secs] 
31.869: [GC 31.869: [ParNew
Desired survivor size 557056 bytes, new threshold 15 (max 15)
- age   1:     413912 bytes,     413912 total
: 2304K->550K(2304K), 0.0022264 secs] 176230K->175021K(184700K), 0.0022816 secs] [Times: user=0.01 sys=0.00, real=0.00 secs] 
31.872: [GC 31.873: [ParNew
Desired survivor size 557056 bytes, new threshold 2 (max 15)
- age   1:     235168 bytes,     235168 total
- age   2:     413744 bytes,     648912 total
: 1766K->826K(2304K), 0.0015054 secs] 176237K->175297K(184700K), 0.0015508 secs] [Times: user=0.01 sys=0.00, real=0.01 secs] 
31.877: [GC 31.877: [ParNew
Desired survivor size 557056 bytes, new threshold 15 (max 15)
- age   1:     270328 bytes,     270328 total
- age   2:     235096 bytes,     505424 total
: 2042K->723K(2304K), 0.0024522 secs] 176513K->175598K(184700K), 0.0025323 secs] [Times: user=0.00 sys=0.00, real=0.00 secs] 
31.881: [GC 31.881: [ParNew
Desired survivor size 557056 bytes, new threshold 1 (max 15)
- age   1:     616368 bytes,     616368 total
- age   2:     262112 bytes,     878480 total
- age   3:     235096 bytes,    1113576 total
: 1939K->1088K(2304K), 0.0029940 secs] 176814K->176149K(184700K), 0.0030530 secs] [Times: user=0.01 sys=0.00, real=0.01 secs] 
31.885: [GC 31.885: [ParNew
Desired survivor size 557056 bytes, new threshold 15 (max 15)
- age   1:     442520 bytes,     442520 total
: 2304K->944K(2304K), 0.0029808 secs] 177365K->177092K(184700K), 0.0030432 secs] [Times: user=0.01 sys=0.01, real=0.00 secs] 
31.890: [GC 31.890: [ParNew
Desired survivor size 557056 bytes, new threshold 1 (max 15)
- age   1:     710928 bytes,     710928 total
- age   2:     401232 bytes,    1112160 total
: 2160K->1088K(2304K), 0.0034371 secs] 178308K->177529K(184700K), 0.0035066 secs] [Times: user=0.00 sys=0.00, real=0.00 secs] 
31.897: [GC 31.897: [ParNew
Desired survivor size 557056 bytes, new threshold 1 (max 15)
- age   1:    1090704 bytes,    1090704 total
: 2304K->1088K(2304K), 0.0034757 secs] 178745K->178694K(184700K), 0.0035499 secs] [Times: user=0.01 sys=0.00, real=0.00 secs] 
31.904: [GC 31.904: [ParNew
Desired survivor size 557056 bytes, new threshold 1 (max 15)
- age   1:     706504 bytes,     706504 total
: 2304K->770K(2304K), 0.0036895 secs] 179910K->179442K(184700K), 0.0037778 secs] [Times: user=0.01 sys=0.00, real=0.01 secs] 
31.909: [GC 31.909: [ParNew
Desired survivor size 557056 bytes, new threshold 15 (max 15)
- age   1:      73840 bytes,      73840 total
: 1986K->801K(2304K), 0.0020144 secs] 180658K->180162K(184700K), 0.0020858 secs] [Times: user=0.00 sys=0.00, real=0.00 secs] 
31.914: [GC 31.914: [ParNew
Desired survivor size 557056 bytes, new threshold 15 (max 15)
- age   1:     139440 bytes,     139440 total
- age   2:      46208 bytes,     185648 total
: 2017K->343K(2304K), 0.0015987 secs] 181378K->179704K(184700K), 0.0016574 secs] [Times: user=0.00 sys=0.00, real=0.00 secs] 
31.917: [GC 31.917: [ParNew
Desired survivor size 557056 bytes, new threshold 1 (max 15)
- age   1:     709744 bytes,     709744 total
- age   2:     139400 bytes,     849144 total
- age   3:      46208 bytes,     895352 total
: 1559K->919K(2304K), 0.0017504 secs] 180920K->180280K(184700K), 0.0018297 secs] [Times: user=0.00 sys=0.00, real=0.00 secs] 
31.921: [GC 31.921: [ParNew
Desired survivor size 557056 bytes, new threshold 1 (max 15)
- age   1:     849648 bytes,     849648 total
: 2135K->1088K(2304K), 0.0031393 secs] 181496K->181413K(184700K), 0.0032241 secs] [Times: user=0.01 sys=0.00, real=0.01 secs] 
31.926: [GC 31.926: [ParNew
Desired survivor size 557056 bytes, new threshold 1 (max 15)
- age   1:     981960 bytes,     981960 total
: 2304K->1088K(2304K), 0.0036174 secs] 182629K->182418K(184700K), 0.0036847 secs] [Times: user=0.01 sys=0.00, real=0.00 secs] 
31.931: [GC 31.931: [ParNew
Desired survivor size 557056 bytes, new threshold 1 (max 15)
- age   1:     636360 bytes,     636360 total
: 2304K->1088K(2304K), 0.0031303 secs] 183634K->183376K(185084K), 0.0031969 secs] [Times: user=0.01 sys=0.00, real=0.01 secs] 
31.937: [GC 31.937: [ParNew
Desired survivor size 557056 bytes, new threshold 1 (max 15)
- age   1:     685304 bytes,     685304 total
: 2304K->988K(2304K), 0.0036165 secs] 184592K->183898K(185660K), 0.0037036 secs] [Times: user=0.01 sys=0.00, real=0.00 secs] 
31.943: [GC 31.943: [ParNew
Desired survivor size 557056 bytes, new threshold 15 (max 15)
- age   1:     409368 bytes,     409368 total
: 2204K->764K(2304K), 0.0025554 secs] 185114K->184344K(186428K), 0.0026163 secs] [Times: user=0.01 sys=0.01, real=0.01 secs] 
31.947: [GC 31.947: [ParNew
Desired survivor size 557056 bytes, new threshold 1 (max 15)
- age   1:     861880 bytes,     861880 total
- age   2:     248336 bytes,    1110216 total
: 1980K->1088K(2304K), 0.0028778 secs] 185560K->185119K(186812K), 0.0029391 secs] [Times: user=0.01 sys=0.00, real=0.00 secs] 
31.952: [GC 31.952: [ParNew
Desired survivor size 557056 bytes, new threshold 1 (max 15)
- age   1:     964712 bytes,     964712 total
: 2304K->1088K(2304K), 0.0047810 secs] 186335K->186279K(187964K), 0.0048527 secs] [Times: user=0.01 sys=0.00, real=0.01 secs] 
31.959: [GC 31.959: [ParNew
Desired survivor size 557056 bytes, new threshold 15 (max 15)
- age   1:     294896 bytes,     294896 total
: 2304K->1019K(2304K), 0.0034233 secs] 187495K->187153K(188924K), 0.0034979 secs] [Times: user=0.01 sys=0.00, real=0.00 secs] 
31.964: [GC 31.964: [ParNew
Desired survivor size 557056 bytes, new threshold 1 (max 15)
- age   1:     715224 bytes,     715224 total
- age   2:     294824 bytes,    1010048 total
: 2235K->1045K(2304K), 0.0018499 secs] 188369K->187179K(188924K), 0.0019097 secs] [Times: user=0.01 sys=0.00, real=0.00 secs] 
31.968: [GC 31.968: [ParNew
Desired survivor size 557056 bytes, new threshold 1 (max 15)
- age   1:     991056 bytes,     991056 total
: 2261K->1088K(2304K), 0.0035073 secs] 188395K->188255K(190076K), 0.0035855 secs] [Times: user=0.01 sys=0.00, real=0.00 secs] 
31.973: [GC 31.973: [ParNew
Desired survivor size 557056 bytes, new threshold 1 (max 15)
- age   1:     743904 bytes,     743904 total
: 2304K->1088K(2304K), 0.0043469 secs] 189471K->189226K(191036K), 0.0044169 secs] [Times: user=0.01 sys=0.00, real=0.01 secs] 
31.981: [GC 31.981: [ParNew
Desired survivor size 557056 bytes, new threshold 15 (max 15)
- age   1:     192280 bytes,     192280 total
: 2304K->385K(2304K), 0.0028458 secs] 190442K->189249K(191804K), 0.0029148 secs] [Times: user=0.01 sys=0.01, real=0.00 secs] 
31.988: [GC 31.988: [ParNew
Desired survivor size 557056 bytes, new threshold 15 (max 15)
- age   1:     248032 bytes,     248032 total
- age   2:     192152 bytes,     440184 total
: 1601K->553K(2304K), 0.0021792 secs] 190465K->189417K(191804K), 0.0022509 secs] [Times: user=0.00 sys=0.00, real=0.00 secs] 
31.993: [GC 31.993: [ParNew
Desired survivor size 557056 bytes, new threshold 1 (max 15)
- age   1:     794168 bytes,     794168 total
- age   2:     150848 bytes,     945016 total
- age   3:     168464 bytes,    1113480 total
: 1769K->1088K(2304K), 0.0028480 secs] 190633K->190191K(191996K), 0.0029597 secs] [Times: user=0.01 sys=0.00, real=0.01 secs] 
31.998: [GC 31.998: [ParNew
Desired survivor size 557056 bytes, new threshold 15 (max 15)
- age   1:      32272 bytes,      32272 total
: 2304K->745K(2304K), 0.0029167 secs] 191407K->190936K(192956K), 0.0029829 secs] [Times: user=0.01 sys=0.00, real=0.00 secs] 
32.003: [GC 32.003: [ParNew
Desired survivor size 557056 bytes, new threshold 15 (max 15)
- age   1:      34080 bytes,      34080 total
- age   2:      32112 bytes,      66192 total
: 1961K->192K(2304K), 0.0010866 secs] 192152K->190383K(192956K), 0.0011262 secs] [Times: user=0.00 sys=0.00, real=0.00 secs] 
32.007: [GC 32.007: [ParNew
Desired survivor size 557056 bytes, new threshold 15 (max 15)
- age   1:     456600 bytes,     456600 total
- age   2:      34080 bytes,     490680 total
- age   3:      32112 bytes,     522792 total
: 1408K->540K(2304K), 0.0020211 secs] 191599K->190731K(192956K), 0.0020927 secs] [Times: user=0.01 sys=0.00, real=0.00 secs] 
32.013: [GC 32.013: [ParNew
Desired survivor size 557056 bytes, new threshold 1 (max 15)
- age   1:     775464 bytes,     775464 total
- age   2:     276392 bytes,    1051856 total
- age   3:      34080 bytes,    1085936 total
- age   4:      32112 bytes,    1118048 total
: 1756K->1088K(2304K), 0.0040980 secs] 191947K->191854K(193532K), 0.0041662 secs] [Times: user=0.01 sys=0.00, real=0.01 secs] 
32.018: [GC 32.019: [ParNew
Desired survivor size 557056 bytes, new threshold 15 (max 15)
- age   1:     238160 bytes,     238160 total
: 2304K->896K(2304K), 0.0027879 secs] 193070K->192744K(194684K), 0.0028484 secs] [Times: user=0.01 sys=0.00, real=0.00 secs] 
32.023: [GC 32.023: [ParNew
Desired survivor size 557056 bytes, new threshold 2 (max 15)
- age   1:     377688 bytes,     377688 total
- age   2:     238080 bytes,     615768 total
: 2112K->846K(2304K), 0.0018903 secs] 193960K->192694K(194684K), 0.0019617 secs] [Times: user=0.00 sys=0.01, real=0.01 secs] 
32.025: [GC 32.025: [ParNew
Desired survivor size 557056 bytes, new threshold 1 (max 15)
- age   1:     673160 bytes,     673160 total
- age   2:     377544 bytes,    1050704 total
: 2062K->1088K(2304K), 0.0025026 secs] 193910K->193168K(194876K), 0.0025592 secs] [Times: user=0.01 sys=0.00, real=0.00 secs] 
32.030: [GC 32.030: [ParNew
Desired survivor size 557056 bytes, new threshold 15 (max 15)
- age   1:        232 bytes,        232 total
: 2304K->449K(2304K), 0.0043423 secs] 194384K->193556K(195836K), 0.0044126 secs] [Times: user=0.01 sys=0.00, real=0.01 secs] 
32.036: [GC 32.036: [ParNew
Desired survivor size 557056 bytes, new threshold 1 (max 15)
- age   1:     678992 bytes,     678992 total
- age   2:        200 bytes,     679192 total
: 1665K->791K(2304K), 0.0016945 secs] 194772K->193898K(195836K), 0.0017507 secs] [Times: user=0.00 sys=0.00, real=0.00 secs] 
32.041: [GC 32.042: [ParNew
Desired survivor size 557056 bytes, new threshold 15 (max 15)
- age   1:     194672 bytes,     194672 total
: 2007K->254K(2304K), 0.0031163 secs] 195114K->194023K(196604K), 0.0031928 secs] [Times: user=0.01 sys=0.00, real=0.01 secs] 
32.046: [GC 32.046: [ParNew
Desired survivor size 557056 bytes, new threshold 2 (max 15)
- age   1:     467752 bytes,     467752 total
- age   2:     194544 bytes,     662296 total
: 1470K->674K(2304K), 0.0021893 secs] 195239K->194443K(196604K), 0.0022708 secs] [Times: user=0.01 sys=0.00, real=0.00 secs] 
32.050: [GC 32.051: [ParNew
Desired survivor size 557056 bytes, new threshold 15 (max 15)
- age   1:        272 bytes,        272 total
- age   2:     467624 bytes,     467896 total
: 1890K->848K(2304K), 0.0023153 secs] 195659K->194808K(196796K), 0.0023695 secs] [Times: user=0.01 sys=0.00, real=0.00 secs] 
32.054: [GC 32.054: [ParNew
Desired survivor size 557056 bytes, new threshold 3 (max 15)
- age   1:     351768 bytes,     351768 total
- age   2:        200 bytes,     351968 total
- age   3:     467528 bytes,     819496 total
: 2064K->906K(2304K), 0.0016613 secs] 196024K->194865K(196796K), 0.0017062 secs] [Times: user=0.01 sys=0.00, real=0.00 secs] 
32.058: [GC 32.058: [ParNew
Desired survivor size 557056 bytes, new threshold 2 (max 15)
- age   1:     275528 bytes,     275528 total
- age   2:     351640 bytes,     627168 total
- age   3:        200 bytes,     627368 total
: 2122K->1013K(2304K), 0.0034412 secs] 196081K->195429K(197180K), 0.0035259 secs] [Times: user=0.01 sys=0.00, real=0.00 secs] 
32.064: [GC 32.064: [ParNew
Desired survivor size 557056 bytes, new threshold 15 (max 15)
- age   1:      11688 bytes,      11688 total
- age   2:     275456 bytes,     287144 total
: 2229K->628K(2304K), 0.0019272 secs] 196645K->195387K(197564K), 0.0019778 secs] [Times: user=0.01 sys=0.00, real=0.01 secs] 
32.067: [GC 32.067: [ParNew
Desired survivor size 557056 bytes, new threshold 3 (max 15)
- age   1:     344264 bytes,     344264 total
- age   2:      11616 bytes,     355880 total
- age   3:     275456 bytes,     631336 total
: 1844K->746K(2304K), 0.0015372 secs] 196603K->195505K(197564K), 0.0015801 secs] [Times: user=0.00 sys=0.00, real=0.00 secs] 
32.070: [GC 32.070: [ParNew
Desired survivor size 557056 bytes, new threshold 15 (max 15)
- age   1:      58800 bytes,      58800 total
- age   2:     344224 bytes,     403024 total
- age   3:      11616 bytes,     414640 total
: 1962K->459K(2304K), 0.0018675 secs] 196721K->195488K(197756K), 0.0019180 secs] [Times: user=0.01 sys=0.00, real=0.00 secs] 
32.074: [GC 32.074: [ParNew
Desired survivor size 557056 bytes, new threshold 15 (max 15)
- age   1:      32696 bytes,      32696 total
- age   2:      58576 bytes,      91272 total
- age   3:     344224 bytes,     435496 total
- age   4:      11144 bytes,     446640 total
: 1675K->732K(2304K), 0.0014714 secs] 196704K->195761K(197756K), 0.0015143 secs] [Times: user=0.01 sys=0.00, real=0.01 secs] 
32.076: [GC 32.076: [ParNew
Desired survivor size 557056 bytes, new threshold 15 (max 15)
- age   1:        280 bytes,        280 total
- age   2:      32544 bytes,      32824 total
- age   3:      58576 bytes,      91400 total
- age   4:     344224 bytes,     435624 total
- age   5:      11016 bytes,     446640 total
: 1948K->536K(2304K), 0.0014392 secs] 196977K->195564K(197756K), 0.0014814 secs] [Times: user=0.00 sys=0.00, real=0.00 secs] 
32.080: [GC 32.080: [ParNew
Desired survivor size 557056 bytes, new threshold 5 (max 15)
- age   1:     311680 bytes,     311680 total
- age   2:        120 bytes,     311800 total
- age   3:      30280 bytes,     342080 total
- age   4:      58576 bytes,     400656 total
- age   5:     344224 bytes,     744880 total
- age   6:      11016 bytes,     755896 total
: 1752K->887K(2304K), 0.0019903 secs] 196780K->195915K(197756K), 0.0020499 secs] [Times: user=0.01 sys=0.00, real=0.00 secs] 
32.084: [GC 32.084: [ParNew
Desired survivor size 557056 bytes, new threshold 15 (max 15)
- age   1:      65056 bytes,      65056 total
- age   2:     311640 bytes,     376696 total
- age   3:        120 bytes,     376816 total
- age   4:      30280 bytes,     407096 total
- age   5:      58536 bytes,     465632 total
: 2103K->815K(2304K), 0.0022285 secs] 197131K->196190K(198140K), 0.0022852 secs] [Times: user=0.01 sys=0.00, real=0.00 secs] 
32.088: [GC 32.088: [ParNew
Desired survivor size 557056 bytes, new threshold 3 (max 15)
- age   1:     437776 bytes,     437776 total
- age   2:      64928 bytes,     502704 total
- age   3:     311640 bytes,     814344 total
- age   4:        120 bytes,     814464 total
- age   5:      30280 bytes,     844744 total
- age   6:      58536 bytes,     903280 total
: 2031K->1000K(2304K), 0.0017955 secs] 197406K->196375K(198140K), 0.0018427 secs] [Times: user=0.01 sys=0.00, real=0.00 secs] 
32.091: [GC 32.091: [ParNew
Desired survivor size 557056 bytes, new threshold 2 (max 15)
- age   1:     211992 bytes,     211992 total
- age   2:     437696 bytes,     649688 total
- age   3:      64800 bytes,     714488 total
: 2216K->1088K(2304K), 0.0027347 secs] 197591K->196854K(198524K), 0.0028027 secs] [Times: user=0.01 sys=0.00, real=0.00 secs] 
32.095: [GC 32.095: [ParNew
Desired survivor size 557056 bytes, new threshold 15 (max 15)
- age   1:        144 bytes,        144 total
- age   2:     211952 bytes,     212096 total
: 2304K->679K(2304K), 0.0029527 secs] 198070K->196936K(199100K), 0.0030528 secs] [Times: user=0.01 sys=0.00, real=0.00 secs] 
32.100: [GC 32.100: [ParNew
Desired survivor size 557056 bytes, new threshold 15 (max 15)
- age   1:      65008 bytes,      65008 total
- age   2:         72 bytes,      65080 total
- age   3:     211952 bytes,     277032 total
: 1895K->387K(2304K), 0.0014183 secs] 198152K->196645K(199100K), 0.0014634 secs] [Times: user=0.00 sys=0.00, real=0.00 secs] 
32.104: [GC 32.104: [ParNew
Desired survivor size 557056 bytes, new threshold 15 (max 15)
- age   1:        328 bytes,        328 total
- age   2:      64800 bytes,      65128 total
- age   3:         72 bytes,      65200 total
- age   4:     211824 bytes,     277024 total
: 1603K->322K(2304K), 0.0017262 secs] 197861K->196580K(199100K), 0.0017947 secs] [Times: user=0.00 sys=0.00, real=0.01 secs] 
32.108: [GC 32.108: [ParNew
Desired survivor size 557056 bytes, new threshold 5 (max 15)
- age   1:     380056 bytes,     380056 total
- age   2:        256 bytes,     380312 total
- age   3:      64800 bytes,     445112 total
- age   4:         72 bytes,     445184 total
- age   5:     211824 bytes,     657008 total
: 1538K->802K(2304K), 0.0016881 secs] 197796K->197059K(199100K), 0.0017480 secs] [Times: user=0.00 sys=0.00, real=0.00 secs] 
32.111: [GC 32.111: [ParNew
Desired survivor size 557056 bytes, new threshold 1 (max 15)
- age   1:     721608 bytes,     721608 total
- age   2:     326520 bytes,    1048128 total
- age   3:        168 bytes,    1048296 total
- age   4:      64800 bytes,    1113096 total
- age   5:         72 bytes,    1113168 total
: 2018K->1088K(2304K), 0.0028046 secs] 198275K->197698K(199484K), 0.0028620 secs] [Times: user=0.00 sys=0.01, real=0.00 secs] 
32.115: [GC 32.115: [ParNew
Desired survivor size 557056 bytes, new threshold 15 (max 15)
- age   1:     244032 bytes,     244032 total
: 2304K->1088K(2304K), 0.0033281 secs] 198914K->198785K(200444K), 0.0033931 secs] [Times: user=0.01 sys=0.00, real=0.00 secs] 
32.121: [GC 32.121: [ParNew
Desired survivor size 557056 bytes, new threshold 2 (max 15)
- age   1:     366176 bytes,     366176 total
- age   2:     243872 bytes,     610048 total
: 2304K->731K(2304K), 0.0016864 secs] 200001K->198428K(200444K), 0.0017569 secs] [Times: user=0.00 sys=0.00, real=0.00 secs] 
32.125: [GC 32.125: [ParNew
Desired survivor size 557056 bytes, new threshold 2 (max 15)
- age   1:     434392 bytes,     434392 total
- age   2:     348168 bytes,     782560 total
: 1947K->949K(2304K), 0.0025199 secs] 199644K->198884K(200828K), 0.0025847 secs] [Times: user=0.00 sys=0.00, real=0.00 secs] 
32.129: [GC 32.129: [ParNew
Desired survivor size 557056 bytes, new threshold 2 (max 15)
- age   1:     220272 bytes,     220272 total
- age   2:     430160 bytes,     650432 total
: 2165K->996K(2304K), 0.0023446 secs] 200100K->199272K(201020K), 0.0024138 secs] [Times: user=0.00 sys=0.00, real=0.00 secs] 
32.133: [GC 32.133: [ParNew
Desired survivor size 557056 bytes, new threshold 15 (max 15)
- age   1:        208 bytes,        208 total
- age   2:     220144 bytes,     220352 total
: 2212K->773K(2304K), 0.0027654 secs] 200488K->199468K(201596K), 0.0028263 secs] [Times: user=0.00 sys=0.00, real=0.01 secs] 
32.139: [GC 32.139: [ParNew
Desired survivor size 557056 bytes, new threshold 15 (max 15)
- age   1:      67216 bytes,      67216 total
- age   2:         72 bytes,      67288 total
- age   3:     220144 bytes,     287432 total
: 1984K->364K(2304K), 0.0016669 secs] 200679K->199060K(201596K), 0.0017128 secs] [Times: user=0.00 sys=0.00, real=0.00 secs] 
32.143: [CMS-concurrent-preclean: 0.176/0.512 secs] [Times: user=1.46 sys=0.10, real=0.51 secs] 
32.143: [GC[YG occupancy: 1248 K (2304 K)]32.143: [Rescan (parallel) , 0.0009929 secs]32.144: [weak refs processing, 0.0000155 secs] [1 CMS-remark: 198695K(199292K)] 199944K(201596K), 0.0011014 secs] [Times: user=0.00 sys=0.00, real=0.01 secs] 
32.145: [CMS-concurrent-sweep-start]
32.147: [GC 32.147: [ParNew
Desired survivor size 557056 bytes, new threshold 1 (max 15)
- age   1:     821400 bytes,     821400 total
- age   2:      67072 bytes,     888472 total
- age   3:         72 bytes,     888544 total
- age   4:     220144 bytes,    1108688 total
: 1580K->1088K(2304K), 0.0021068 secs] 200276K->199867K(201596K), 0.0021713 secs] [Times: user=0.01 sys=0.00, real=0.00 secs] 
32.150: [GC 32.150: [ParNew
Desired survivor size 557056 bytes, new threshold 15 (max 15)
- age   1:     257080 bytes,     257080 total
: 2304K->1088K(2304K), 0.0036455 secs] 200939K->200805K(202556K), 0.0037157 secs] [Times: user=0.00 sys=0.01, real=0.00 secs] 
32.155: [GC 32.155: [ParNew
Desired survivor size 557056 bytes, new threshold 15 (max 15)
- age   1:     245304 bytes,     245304 total
- age   2:     257040 bytes,     502344 total
: 2304K->705K(2304K), 0.0014117 secs] 201244K->199646K(202556K), 0.0014559 secs] [Times: user=0.00 sys=0.00, real=0.00 secs] 
32.158: [GC 32.158: [ParNew
Desired survivor size 557056 bytes, new threshold 15 (max 15)
- age   1:        176 bytes,        176 total
- age   2:     245048 bytes,     245224 total
- age   3:     257040 bytes,     502264 total
: 1921K->657K(2304K), 0.0018754 secs] 200318K->199055K(202556K), 0.0019338 secs] [Times: user=0.00 sys=0.00, real=0.00 secs] 
32.162: [GC 32.162: [ParNew
Desired survivor size 557056 bytes, new threshold 4 (max 15)
- age   1:     295392 bytes,     295392 total
- age   2:        104 bytes,     295496 total
- age   3:     245048 bytes,     540544 total
- age   4:     257040 bytes,     797584 total
: 1873K->1074K(2304K), 0.0020431 secs] 199033K->198234K(202556K), 0.0021014 secs] [Times: user=0.00 sys=0.00, real=0.01 secs] 
32.166: [GC 32.166: [ParNew
Desired survivor size 557056 bytes, new threshold 2 (max 15)
- age   1:     476784 bytes,     476784 total
- age   2:     295320 bytes,     772104 total
- age   3:        104 bytes,     772208 total
- age   4:     245048 bytes,    1017256 total
: 2290K->1088K(2304K), 0.0024002 secs] 198201K->197290K(202556K), 0.0024703 secs] [Times: user=0.01 sys=0.00, real=0.00 secs] 
32.171: [GC 32.171: [ParNew
Desired survivor size 557056 bytes, new threshold 2 (max 15)
- age   1:     552592 bytes,     552592 total
- age   2:     465368 bytes,    1017960 total
: 2304K->1088K(2304K), 0.0029637 secs] 197518K->197010K(202748K), 0.0030269 secs] [Times: user=0.01 sys=0.00, real=0.00 secs] 
32.176: [GC 32.176: [ParNew
Desired survivor size 557056 bytes, new threshold 1 (max 15)
- age   1:     722616 bytes,     722616 total
- age   2:     284640 bytes,    1007256 total
: 2304K->1088K(2304K), 0.0037643 secs] 196577K->196302K(202748K), 0.0038384 secs] [Times: user=0.01 sys=0.00, real=0.00 secs] 
32.187: [GC 32.187: [ParNew
Desired survivor size 557056 bytes, new threshold 15 (max 15)
- age   1:     224248 bytes,     224248 total
: 2304K->981K(2304K), 0.0026096 secs] 196233K->195894K(202940K), 0.0026793 secs] [Times: user=0.00 sys=0.00, real=0.00 secs] 
32.191: [GC 32.191: [ParNew
Desired survivor size 557056 bytes, new threshold 15 (max 15)
- age   1:     109424 bytes,     109424 total
- age   2:     223056 bytes,     332480 total
: 2197K->533K(2304K), 0.0012976 secs] 196138K->194474K(202940K), 0.0013392 secs] [Times: user=0.00 sys=0.00, real=0.00 secs] 
32.194: [GC 32.194: [ParNew
Desired survivor size 557056 bytes, new threshold 15 (max 15)
- age   1:        232 bytes,        232 total
- age   2:     109280 bytes,     109512 total
- age   3:     223056 bytes,     332568 total
: 1749K->468K(2304K), 0.0018310 secs] 194839K->193558K(202940K), 0.0018955 secs] [Times: user=0.00 sys=0.00, real=0.01 secs] 
32.197: [GC 32.197: [ParNew
Desired survivor size 557056 bytes, new threshold 15 (max 15)
- age   1:     182000 bytes,     182000 total
- age   2:         72 bytes,     182072 total
- age   3:     125688 bytes,     307760 total
- age   4:     223056 bytes,     530816 total
: 1684K->659K(2304K), 0.0014110 secs] 193491K->192466K(202940K), 0.0014568 secs] [Times: user=0.00 sys=0.00, real=0.00 secs] 
32.202: [GC 32.202: [ParNew
Desired survivor size 557056 bytes, new threshold 2 (max 15)
- age   1:     503064 bytes,     503064 total
- age   2:     181880 bytes,     684944 total
- age   3:         72 bytes,     685016 total
- age   4:     101520 bytes,     786536 total
- age   5:     206248 bytes,     992784 total
: 1875K->1088K(2304K), 0.0024434 secs] 192089K->191344K(202940K), 0.0025097 secs] [Times: user=0.00 sys=0.00, real=0.01 secs] 
32.206: [GC 32.206: [ParNew
Desired survivor size 557056 bytes, new threshold 2 (max 15)
- age   1:     535760 bytes,     535760 total
- age   2:     507224 bytes,    1042984 total
: 2304K->1088K(2304K), 0.0027331 secs] 191454K->190720K(202940K), 0.0027979 secs] [Times: user=0.01 sys=0.00, real=0.00 secs] 
32.212: [GC 32.212: [ParNew
Desired survivor size 557056 bytes, new threshold 1 (max 15)
- age   1:     572472 bytes,     572472 total
- age   2:     460496 bytes,    1032968 total
: 2304K->1088K(2304K), 0.0033924 secs] 191181K->190714K(202940K), 0.0034713 secs] [Times: user=0.01 sys=0.00, real=0.01 secs] 
32.218: [GC 32.218: [ParNew
Desired survivor size 557056 bytes, new threshold 15 (max 15)
- age   1:     238344 bytes,     238344 total
: 2304K->995K(2304K), 0.0026057 secs] 190959K->190655K(202940K), 0.0026873 secs] [Times: user=0.01 sys=0.00, real=0.00 secs] 
32.222: [GC 32.222: [ParNew
Desired survivor size 557056 bytes, new threshold 15 (max 15)
- age   1:     225232 bytes,     225232 total
- age   2:     238216 bytes,     463448 total
: 2211K->690K(2304K), 0.0014893 secs] 190900K->189380K(202940K), 0.0015316 secs] [Times: user=0.00 sys=0.00, real=0.00 secs] 
32.225: [GC 32.225: [ParNew
Desired survivor size 557056 bytes, new threshold 1 (max 15)
- age   1:     629288 bytes,     629288 total
- age   2:     225104 bytes,     854392 total
- age   3:     238216 bytes,    1092608 total
: 1906K->1088K(2304K), 0.0018102 secs] 189416K->188601K(202940K), 0.0018763 secs] [Times: user=0.01 sys=0.00, real=0.00 secs] 
32.231: [GC 32.231: [ParNew
Desired survivor size 557056 bytes, new threshold 1 (max 15)
- age   1:    1041104 bytes,    1041104 total
: 2304K->1088K(2304K), 0.0033797 secs] 186888K->186926K(202940K), 0.0034509 secs] [Times: user=0.01 sys=0.00, real=0.01 secs] 
32.236: [GC 32.236: [ParNew
Desired survivor size 557056 bytes, new threshold 1 (max 15)
- age   1:     604688 bytes,     604688 total
: 2304K->1088K(2304K), 0.0028078 secs] 187203K->187019K(202940K), 0.0028746 secs] [Times: user=0.01 sys=0.00, real=0.00 secs] 
32.240: [GC 32.240: [ParNew
Desired survivor size 557056 bytes, new threshold 15 (max 15)
- age   1:        240 bytes,        240 total
: 2304K->351K(2304K), 0.0022739 secs] 187314K->185951K(202940K), 0.0023361 secs] [Times: user=0.00 sys=0.00, real=0.00 secs] 
32.244: [GC 32.245: [ParNew
Desired survivor size 557056 bytes, new threshold 15 (max 15)
- age   1:     456632 bytes,     456632 total
- age   2:        208 bytes,     456840 total
: 1567K->515K(2304K), 0.0020780 secs] 186039K->184988K(202940K), 0.0021613 secs] [Times: user=0.00 sys=0.00, real=0.00 secs] 
32.249: [GC 32.249: [ParNew
Desired survivor size 557056 bytes, new threshold 2 (max 15)
- age   1:     408456 bytes,     408456 total
- age   2:     456592 bytes,     865048 total
- age   3:        208 bytes,     865256 total
: 1731K->981K(2304K), 0.0017796 secs] 184941K->184191K(202940K), 0.0018440 secs] [Times: user=0.00 sys=0.00, real=0.00 secs] 
32.252: [GC 32.252: [ParNew
Desired survivor size 557056 bytes, new threshold 2 (max 15)
- age   1:     249928 bytes,     249928 total
- age   2:     408384 bytes,     658312 total
: 2197K->1061K(2304K), 0.0021961 secs] 184714K->184024K(202940K), 0.0022586 secs] [Times: user=0.01 sys=0.00, real=0.01 secs] 
32.256: [GC 32.256: [ParNew
Desired survivor size 557056 bytes, new threshold 15 (max 15)
- age   1:     227000 bytes,     227000 total
- age   2:     249728 bytes,     476728 total
: 2277K->823K(2304K), 0.0018515 secs] 184341K->183286K(202940K), 0.0019020 secs] [Times: user=0.01 sys=0.01, real=0.00 secs] 
32.259: [GC 32.259: [ParNew
Desired survivor size 557056 bytes, new threshold 1 (max 15)
- age   1:     565232 bytes,     565232 total
- age   2:     226936 bytes,     792168 total
- age   3:     230928 bytes,    1023096 total
: 2039K->1088K(2304K), 0.0017462 secs] 183547K->182613K(202940K), 0.0018257 secs] [Times: user=0.01 sys=0.00, real=0.00 secs] 
32.263: [GC 32.263: [ParNew
Desired survivor size 557056 bytes, new threshold 15 (max 15)
- age   1:     481840 bytes,     481840 total
: 2304K->1069K(2304K), 0.0027718 secs] 182399K->182164K(202940K), 0.0028395 secs] [Times: user=0.01 sys=0.00, real=0.01 secs] 
32.269: [GC 32.269: [ParNew
Desired survivor size 557056 bytes, new threshold 1 (max 15)
- age   1:     617472 bytes,     617472 total
- age   2:     481840 bytes,    1099312 total
: 2285K->1088K(2304K), 0.0019298 secs] 182573K->181409K(202940K), 0.0019868 secs] [Times: user=0.01 sys=0.00, real=0.00 secs] 
32.272: [GC 32.272: [ParNew
Desired survivor size 557056 bytes, new threshold 15 (max 15)
- age   1:     233992 bytes,     233992 total
: 2304K->898K(2304K), 0.0025587 secs] 182037K->181706K(202940K), 0.0026249 secs] [Times: user=0.01 sys=0.00, real=0.01 secs] 
32.277: [GC 32.277: [ParNew
Desired survivor size 557056 bytes, new threshold 15 (max 15)
- age   1:       1016 bytes,       1016 total
- age   2:     233920 bytes,     234936 total
: 2114K->352K(2304K), 0.0024928 secs] 181782K->180019K(202940K), 0.0025698 secs] [Times: user=0.01 sys=0.00, real=0.00 secs] 
32.282: [GC 32.282: [ParNew
Desired survivor size 557056 bytes, new threshold 3 (max 15)
- age   1:     516192 bytes,     516192 total
- age   2:        888 bytes,     517080 total
- age   3:     233920 bytes,     751000 total
: 1568K->848K(2304K), 0.0018200 secs] 181035K->180316K(202940K), 0.0018812 secs] [Times: user=0.01 sys=0.00, real=0.00 secs] 
32.286: [GC 32.286: [ParNew
Desired survivor size 557056 bytes, new threshold 2 (max 15)
- age   1:     477568 bytes,     477568 total
- age   2:     516192 bytes,     993760 total
- age   3:        888 bytes,     994648 total
: 2064K->1088K(2304K), 0.0020808 secs] 180431K->179689K(202940K), 0.0021390 secs] [Times: user=0.01 sys=0.00, real=0.00 secs] 
32.290: [GC 32.290: [ParNew
Desired survivor size 557056 bytes, new threshold 2 (max 15)
- age   1:     470432 bytes,     470432 total
- age   2:     477568 bytes,     948000 total
: 2304K->1088K(2304K), 0.0024919 secs] 180638K->179927K(202940K), 0.0025570 secs] [Times: user=0.00 sys=0.00, real=0.00 secs] 
32.295: [GC 32.295: [ParNew
Desired survivor size 557056 bytes, new threshold 1 (max 15)
- age   1:     718296 bytes,     718296 total
- age   2:     368072 bytes,    1086368 total
: 2304K->1088K(2304K), 0.0032528 secs] 180220K->179892K(202940K), 0.0033276 secs] [Times: user=0.01 sys=0.00, real=0.00 secs] 
32.301: [GC 32.301: [ParNew
Desired survivor size 557056 bytes, new threshold 15 (max 15)
- age   1:     474120 bytes,     474120 total
: 2304K->1088K(2304K), 0.0035591 secs] 180064K->179949K(202940K), 0.0036369 secs] [Times: user=0.01 sys=0.00, real=0.01 secs] 
32.307: [GC 32.307: [ParNew
Desired survivor size 557056 bytes, new threshold 1 (max 15)
- age   1:     785872 bytes,     785872 total
- age   2:     325192 bytes,    1111064 total
: 2304K->1088K(2304K), 0.0032366 secs] 180070K->179441K(202940K), 0.0033178 secs] [Times: user=0.01 sys=0.00, real=0.00 secs] 
32.314: [GC 32.314: [ParNew
Desired survivor size 557056 bytes, new threshold 15 (max 15)
- age   1:     534432 bytes,     534432 total
: 2304K->1088K(2304K), 0.0030778 secs] 180024K->179893K(202940K), 0.0031474 secs] [Times: user=0.01 sys=0.00, real=0.01 secs] 
32.318: [GC 32.318: [ParNew
Desired survivor size 557056 bytes, new threshold 2 (max 15)
- age   1:     237936 bytes,     237936 total
- age   2:     534400 bytes,     772336 total
: 2304K->958K(2304K), 0.0016191 secs] 180905K->179560K(202940K), 0.0016665 secs] [Times: user=0.00 sys=0.00, real=0.00 secs] 
32.322: [GC 32.322: [ParNew
Desired survivor size 557056 bytes, new threshold 1 (max 15)
- age   1:     652920 bytes,     652920 total
- age   2:     237864 bytes,     890784 total
: 2174K->1088K(2304K), 0.0024149 secs] 180424K->179859K(202940K), 0.0025186 secs] [Times: user=0.00 sys=0.00, real=0.01 secs] 
32.326: [GC 32.326: [ParNew
Desired survivor size 557056 bytes, new threshold 1 (max 15)
- age   1:     603160 bytes,     603160 total
: 2304K->1025K(2304K), 0.0031928 secs] 180890K->180482K(202940K), 0.0032654 secs] [Times: user=0.01 sys=0.00, real=0.00 secs] 
32.332: [GC 32.332: [ParNew
Desired survivor size 557056 bytes, new threshold 1 (max 15)
- age   1:     900208 bytes,     900208 total
: 2241K->1088K(2304K), 0.0025526 secs] 181037K->180473K(202940K), 0.0026190 secs] [Times: user=0.00 sys=0.00, real=0.01 secs] 
32.337: [GC 32.337: [ParNew
Desired survivor size 557056 bytes, new threshold 15 (max 15)
- age   1:     286952 bytes,     286952 total
: 2304K->762K(2304K), 0.0036297 secs] 180940K->180273K(202940K), 0.0037067 secs] [Times: user=0.01 sys=0.00, real=0.00 secs] 
32.341: [GC 32.342: [ParNew
Desired survivor size 557056 bytes, new threshold 1 (max 15)
- age   1:     693184 bytes,     693184 total
- age   2:     286880 bytes,     980064 total
: 1978K->1043K(2304K), 0.0030377 secs] 181385K->180450K(202940K), 0.0031109 secs] [Times: user=0.01 sys=0.00, real=0.01 secs] 
32.346: [GC 32.346: [ParNew
Desired survivor size 557056 bytes, new threshold 1 (max 15)
- age   1:     696616 bytes,     696616 total
: 2259K->978K(2304K), 0.0037628 secs] 181076K->180752K(202940K), 0.0038354 secs] [Times: user=0.01 sys=0.00, real=0.00 secs] 
32.351: [GC 32.351: [ParNew
Desired survivor size 557056 bytes, new threshold 15 (max 15)
- age   1:     226328 bytes,     226328 total
: 2194K->529K(2304K), 0.0020880 secs] 181581K->180596K(202940K), 0.0021450 secs] [Times: user=0.01 sys=0.00, real=0.00 secs] 
32.355: [GC 32.355: [ParNew
Desired survivor size 557056 bytes, new threshold 1 (max 15)
- age   1:     626352 bytes,     626352 total
- age   2:     226200 bytes,     852552 total
: 1745K->907K(2304K), 0.0016065 secs] 181336K->180498K(202940K), 0.0016547 secs] [Times: user=0.01 sys=0.00, real=0.00 secs] 
32.358: [GC 32.358: [ParNew
Desired survivor size 557056 bytes, new threshold 15 (max 15)
- age   1:     279920 bytes,     279920 total
: 2123K->861K(2304K), 0.0023918 secs] 181696K->181267K(202940K), 0.0024574 secs] [Times: user=0.01 sys=0.00, real=0.00 secs] 
32.363: [GC 32.363: [ParNew
Desired survivor size 557056 bytes, new threshold 1 (max 15)
- age   1:     574216 bytes,     574216 total
- age   2:     279848 bytes,     854064 total
: 2077K->962K(2304K), 0.0024922 secs] 182096K->180981K(202940K), 0.0025573 secs] [Times: user=0.00 sys=0.00, real=0.01 secs] 
32.366: [GC 32.366: [ParNew
Desired survivor size 557056 bytes, new threshold 15 (max 15)
- age   1:     352696 bytes,     352696 total
: 2178K->685K(2304K), 0.0028736 secs] 182197K->181538K(202940K), 0.0029398 secs] [Times: user=0.00 sys=0.00, real=0.00 secs] 
32.371: [GC 32.371: [ParNew
Desired survivor size 557056 bytes, new threshold 15 (max 15)
- age   1:        472 bytes,        472 total
- age   2:     352632 bytes,     353104 total
: 1901K->450K(2304K), 0.0015200 secs] 182754K->181303K(202940K), 0.0015627 secs] [Times: user=0.00 sys=0.00, real=0.00 secs] 
32.374: [GC 32.374: [ParNew
Desired survivor size 557056 bytes, new threshold 1 (max 15)
- age   1:     659112 bytes,     659112 total
- age   2:        344 bytes,     659456 total
- age   3:     352568 bytes,    1012024 total
: 1666K->1088K(2304K), 0.0020514 secs] 182097K->181519K(202940K), 0.0021052 secs] [Times: user=0.01 sys=0.00, real=0.01 secs] 
32.377: [GC 32.378: [ParNew
Desired survivor size 557056 bytes, new threshold 1 (max 15)
- age   1:     766112 bytes,     766112 total
: 2304K->1088K(2304K), 0.0041072 secs] 182279K->182052K(202940K), 0.0041796 secs] [Times: user=0.01 sys=0.00, real=0.00 secs] 
32.383: [GC 32.383: [ParNew
Desired survivor size 557056 bytes, new threshold 1 (max 15)
- age   1:     609736 bytes,     609736 total
: 2304K->1088K(2304K), 0.0024219 secs] 183268K->182800K(202940K), 0.0024882 secs] [Times: user=0.00 sys=0.00, real=0.01 secs] 
32.388: [GC 32.388: [ParNew
Desired survivor size 557056 bytes, new threshold 15 (max 15)
- age   1:     259744 bytes,     259744 total
: 2304K->518K(2304K), 0.0020573 secs] 183822K->182633K(202940K), 0.0021430 secs] [Times: user=0.01 sys=0.00, real=0.00 secs] 
32.391: [GC 32.391: [ParNew
Desired survivor size 557056 bytes, new threshold 15 (max 15)
- age   1:     242744 bytes,     242744 total
- age   2:     259608 bytes,     502352 total
: 1734K->596K(2304K), 0.0014560 secs] 183309K->182171K(202940K), 0.0014987 secs] [Times: user=0.01 sys=0.00, real=0.00 secs] 
32.395: [GC 32.396: [ParNew
Desired survivor size 557056 bytes, new threshold 1 (max 15)
- age   1:     609544 bytes,     609544 total
- age   2:     242744 bytes,     852288 total
- age   3:     259608 bytes,    1111896 total
: 1812K->1088K(2304K), 0.0021802 secs] 183082K->182396K(202940K), 0.0022538 secs] [Times: user=0.01 sys=0.00, real=0.00 secs] 
32.400: [GC 32.400: [ParNew
Desired survivor size 557056 bytes, new threshold 15 (max 15)
- age   1:     293272 bytes,     293272 total
: 2304K->918K(2304K), 0.0030772 secs] 183511K->183212K(202940K), 0.0031469 secs] [Times: user=0.01 sys=0.00, real=0.00 secs] 
32.404: [GC 32.404: [ParNew
Desired survivor size 557056 bytes, new threshold 15 (max 15)
- age   1:     220592 bytes,     220592 total
- age   2:     293112 bytes,     513704 total
: 2134K->677K(2304K), 0.0014323 secs] 184428K->182971K(202940K), 0.0014808 secs] [Times: user=0.00 sys=0.00, real=0.00 secs] 
32.407: [GC 32.407: [ParNew
Desired survivor size 557056 bytes, new threshold 3 (max 15)
- age   1:     252456 bytes,     252456 total
- age   2:     220552 bytes,     473008 total
- age   3:     292976 bytes,     765984 total
: 1893K->1016K(2304K), 0.0015706 secs] 184157K->183279K(202940K), 0.0016207 secs] [Times: user=0.00 sys=0.00, real=0.00 secs] 
32.410: [GC 32.410: [ParNew
Desired survivor size 557056 bytes, new threshold 1 (max 15)
- age   1:     626560 bytes,     626560 total
- age   2:     233688 bytes,     860248 total
- age   3:     216480 bytes,    1076728 total
: 2232K->1088K(2304K), 0.0024866 secs] 184416K->183624K(202940K), 0.0025538 secs] [Times: user=0.00 sys=0.00, real=0.00 secs] 
32.415: [GC 32.415: [ParNew
Desired survivor size 557056 bytes, new threshold 15 (max 15)
- age   1:     362984 bytes,     362984 total
: 2304K->957K(2304K), 0.0046177 secs] 184840K->184544K(203324K), 0.0046993 secs] [Times: user=0.01 sys=0.01, real=0.00 secs] 
32.421: [GC 32.421: [ParNew
Desired survivor size 557056 bytes, new threshold 15 (max 15)
- age   1:     120456 bytes,     120456 total
- age   2:     362864 bytes,     483320 total
: 2173K->655K(2304K), 0.0015678 secs] 185760K->184243K(203324K), 0.0016283 secs] [Times: user=0.01 sys=0.00, real=0.00 secs] 
32.425: [GC 32.425: [ParNew
Desired survivor size 557056 bytes, new threshold 1 (max 15)
- age   1:     601632 bytes,     601632 total
- age   2:     120328 bytes,     721960 total
- age   3:     336176 bytes,    1058136 total
: 1871K->1088K(2304K), 0.0020813 secs] 185459K->184701K(203324K), 0.0021455 secs] [Times: user=0.01 sys=0.00, real=0.00 secs] 
32.428: [GC 32.428: [ParNew
Desired survivor size 557056 bytes, new threshold 15 (max 15)
- age   1:     403088 bytes,     403088 total
: 2304K->884K(2304K), 0.0042095 secs] 185917K->185530K(203708K), 0.0042925 secs] [Times: user=0.01 sys=0.00, real=0.00 secs] 
32.435: [GC 32.435: [ParNew
Desired survivor size 557056 bytes, new threshold 2 (max 15)
- age   1:     258864 bytes,     258864 total
- age   2:     403016 bytes,     661880 total
: 2100K->817K(2304K), 0.0022411 secs] 186746K->185464K(203708K), 0.0023022 secs] [Times: user=0.00 sys=0.00, real=0.00 secs] 
32.440: [GC 32.440: [ParNew
Desired survivor size 557056 bytes, new threshold 2 (max 15)
- age   1:     382800 bytes,     382800 total
- age   2:     258736 bytes,     641536 total
: 2033K->1033K(2304K), 0.0028230 secs] 186680K->186074K(203708K), 0.0028941 secs] [Times: user=0.01 sys=0.00, real=0.00 secs] 
32.445: [GC 32.445: [ParNew
Desired survivor size 557056 bytes, new threshold 2 (max 15)
- age   1:     401688 bytes,     401688 total
- age   2:     382768 bytes,     784456 total
: 2249K->1048K(2304K), 0.0025264 secs] 187290K->186341K(203900K), 0.0026275 secs] [Times: user=0.01 sys=0.00, real=0.00 secs] 
32.451: [GC 32.451: [ParNew
Desired survivor size 557056 bytes, new threshold 15 (max 15)
- age   1:        408 bytes,        408 total
- age   2:     401560 bytes,     401968 total
: 2264K->905K(2304K), 0.0030645 secs] 187410K->186425K(204092K), 0.0031323 secs] [Times: user=0.01 sys=0.00, real=0.01 secs] 
32.459: [GC 32.459: [ParNew
Desired survivor size 557056 bytes, new threshold 3 (max 15)
- age   1:     327088 bytes,     327088 total
- age   2:        408 bytes,     327496 total
- age   3:     401560 bytes,     729056 total
: 2121K->820K(2304K), 0.0026175 secs] 187304K->186003K(204092K), 0.0026897 secs] [Times: user=0.00 sys=0.00, real=0.00 secs] 
32.465: [GC 32.465: [ParNew
Desired survivor size 557056 bytes, new threshold 1 (max 15)
- age   1:     698000 bytes,     698000 total
- age   2:     327088 bytes,    1025088 total
- age   3:        336 bytes,    1025424 total
: 2036K->1078K(2304K), 0.0047140 secs] 186614K->186047K(204092K), 0.0048110 secs] [Times: user=0.01 sys=0.00, real=0.00 secs] 
32.471: [CMS-concurrent-sweep: 0.118/0.325 secs] [Times: user=0.88 sys=0.06, real=0.32 secs] 
32.471: [CMS-concurrent-reset-start]
32.473: [GC 32.473: [ParNew
Desired survivor size 557056 bytes, new threshold 1 (max 15)
- age   1:    1106176 bytes,    1106176 total
: 2294K->1088K(2304K), 0.0035414 secs] 187200K->187109K(310484K), 0.0036156 secs] [Times: user=0.01 sys=0.01, real=0.01 secs] 
32.479: [GC 32.479: [ParNew
Desired survivor size 557056 bytes, new threshold 15 (max 15)
- age   1:     408272 bytes,     408272 total
: 2304K->1088K(2304K), 0.0032972 secs] 188325K->188184K(310484K), 0.0033666 secs] [Times: user=0.01 sys=0.00, real=0.00 secs] 
32.483: [CMS-concurrent-reset: 0.004/0.012 secs] [Times: user=0.04 sys=0.01, real=0.01 secs] 
32.484: [GC 32.484: [ParNew
Desired survivor size 557056 bytes, new threshold 1 (max 15)
- age   1:     646344 bytes,     646344 total
- age   2:     408200 bytes,    1054544 total
: 2304K->1076K(2304K), 0.0027351 secs] 189400K->188172K(310484K), 0.0028163 secs] [Times: user=0.01 sys=0.00, real=0.01 secs] 
32.487: [GC 32.487: [ParNew
Desired survivor size 557056 bytes, new threshold 1 (max 15)
- age   1:     703848 bytes,     703848 total
: 2292K->1088K(2304K), 0.0033010 secs] 189388K->189254K(310484K), 0.0033661 secs] [Times: user=0.01 sys=0.00, real=0.00 secs] 
32.492: [GC [1 CMS-initial-mark: 188166K(308180K)] 189342K(310484K), 0.0010265 secs] [Times: user=0.00 sys=0.00, real=0.00 secs] 
32.494: [CMS-concurrent-mark-start]
32.495: [GC 32.495: [ParNew
Desired survivor size 557056 bytes, new threshold 1 (max 15)
- age   1:     568960 bytes,     568960 total
: 2304K->913K(2304K), 0.0039951 secs] 190470K->189767K(310484K), 0.0040614 secs] [Times: user=0.00 sys=0.00, real=0.00 secs] 
32.501: [GC 32.501: [ParNew
Desired survivor size 557056 bytes, new threshold 15 (max 15)
- age   1:     470584 bytes,     470584 total
: 2129K->749K(2304K), 0.0033494 secs] 190983K->190158K(310484K), 0.0034162 secs] [Times: user=0.01 sys=0.00, real=0.01 secs] 
32.505: [GC 32.506: [ParNew
Desired survivor size 557056 bytes, new threshold 2 (max 15)
- age   1:     209520 bytes,     209520 total
- age   2:     470544 bytes,     680064 total
: 1965K->989K(2304K), 0.0020517 secs] 191374K->190398K(310484K), 0.0020990 secs] [Times: user=0.01 sys=0.00, real=0.00 secs] 
32.509: [GC 32.509: [ParNew
Desired survivor size 557056 bytes, new threshold 2 (max 15)
- age   1:     502592 bytes,     502592 total
- age   2:     209480 bytes,     712072 total
: 2205K->1088K(2304K), 0.0025714 secs] 191614K->190957K(310484K), 0.0026241 secs] [Times: user=0.01 sys=0.00, real=0.00 secs] 
32.513: [GC 32.513: [ParNew
Desired survivor size 557056 bytes, new threshold 2 (max 15)
- age   1:      90816 bytes,      90816 total
- age   2:     502592 bytes,     593408 total
: 2304K->1015K(2304K), 0.0024810 secs] 192173K->191089K(310484K), 0.0025456 secs] [Times: user=0.00 sys=0.00, real=0.01 secs] 
32.517: [GC 32.517: [ParNew
Desired survivor size 557056 bytes, new threshold 1 (max 15)
- age   1:     650560 bytes,     650560 total
- age   2:      90688 bytes,     741248 total
: 2231K->1063K(2304K), 0.0024754 secs] 192305K->191622K(310484K), 0.0025425 secs] [Times: user=0.01 sys=0.00, real=0.00 secs] 
32.522: [GC 32.522: [ParNew
Desired survivor size 557056 bytes, new threshold 15 (max 15)
- age   1:       1344 bytes,       1344 total
: 2279K->639K(2304K), 0.0030111 secs] 192838K->191922K(310484K), 0.0030836 secs] [Times: user=0.01 sys=0.00, real=0.01 secs] 
32.526: [GC 32.526: [ParNew
Desired survivor size 557056 bytes, new threshold 15 (max 15)
- age   1:        184 bytes,        184 total
- age   2:       1144 bytes,       1328 total
: 1855K->120K(2304K), 0.0013979 secs] 193138K->191403K(310484K), 0.0014422 secs] [Times: user=0.01 sys=0.00, real=0.00 secs] 
32.529: [GC 32.529: [ParNew
Desired survivor size 557056 bytes, new threshold 1 (max 15)
- age   1:     913504 bytes,     913504 total
- age   2:        112 bytes,     913616 total
- age   3:       1144 bytes,     914760 total
: 1336K->920K(2304K), 0.0022663 secs] 192619K->192203K(310484K), 0.0023343 secs] [Times: user=0.01 sys=0.00, real=0.00 secs] 
32.532: [GC 32.533: [ParNew
Desired survivor size 557056 bytes, new threshold 1 (max 15)
- age   1:    1098344 bytes,    1098344 total
: 2136K->1088K(2304K), 0.0056608 secs] 193419K->193390K(310484K), 0.0057285 secs] [Times: user=0.02 sys=0.00, real=0.01 secs] 
32.541: [GC 32.541: [ParNew
Desired survivor size 557056 bytes, new threshold 1 (max 15)
- age   1:     808912 bytes,     808912 total
: 2304K->1088K(2304K), 0.0049201 secs] 194606K->194468K(310484K), 0.0050130 secs] [Times: user=0.01 sys=0.00, real=0.01 secs] 
32.547: [GC 32.547: [ParNew
Desired survivor size 557056 bytes, new threshold 1 (max 15)
- age   1:     712336 bytes,     712336 total
: 2304K->1088K(2304K), 0.0040696 secs] 195684K->195284K(310484K), 0.0041374 secs] [Times: user=0.01 sys=0.00, real=0.00 secs] 
32.553: [GC 32.553: [ParNew
Desired survivor size 557056 bytes, new threshold 15 (max 15)
- age   1:     329504 bytes,     329504 total
: 2304K->903K(2304K), 0.0025074 secs] 196500K->195795K(310484K), 0.0025800 secs] [Times: user=0.01 sys=0.00, real=0.01 secs] 
32.557: [GC 32.557: [ParNew
Desired survivor size 557056 bytes, new threshold 15 (max 15)
- age   1:      46208 bytes,      46208 total
- age   2:     329472 bytes,     375680 total
: 2119K->522K(2304K), 0.0014782 secs] 197011K->195414K(310484K), 0.0015219 secs] [Times: user=0.00 sys=0.00, real=0.00 secs] 
32.560: [GC 32.560: [ParNew
Desired survivor size 557056 bytes, new threshold 1 (max 15)
- age   1:     682496 bytes,     682496 total
- age   2:      46136 bytes,     728632 total
- age   3:     306960 bytes,    1035592 total
: 1738K->1088K(2304K), 0.0020962 secs] 196630K->196010K(310484K), 0.0021558 secs] [Times: user=0.00 sys=0.00, real=0.00 secs] 
32.564: [GC 32.564: [ParNew
Desired survivor size 557056 bytes, new threshold 15 (max 15)
- age   1:     427640 bytes,     427640 total
: 2304K->768K(2304K), 0.0036824 secs] 197226K->196701K(310484K), 0.0037505 secs] [Times: user=0.01 sys=0.00, real=0.01 secs] 
32.569: [GC 32.569: [ParNew
Desired survivor size 557056 bytes, new threshold 15 (max 15)
- age   1:     117720 bytes,     117720 total
- age   2:     427440 bytes,     545160 total
: 1984K->697K(2304K), 0.0015428 secs] 197917K->196630K(310484K), 0.0016025 secs] [Times: user=0.01 sys=0.00, real=0.00 secs] 
32.572: [GC 32.572: [ParNew
Desired survivor size 557056 bytes, new threshold 15 (max 15)
- age   1:        240 bytes,        240 total
- age   2:     117656 bytes,     117896 total
- age   3:     427400 bytes,     545296 total
: 1913K->729K(2304K), 0.0014637 secs] 197846K->196662K(310484K), 0.0015061 secs] [Times: user=0.01 sys=0.00, real=0.00 secs] 
32.575: [GC 32.575: [ParNew
Desired survivor size 557056 bytes, new threshold 1 (max 15)
- age   1:     586016 bytes,     586016 total
- age   2:        112 bytes,     586128 total
- age   3:     100184 bytes,     686312 total
- age   4:     427336 bytes,    1113648 total
: 1945K->1088K(2304K), 0.0022503 secs] 197878K->197200K(310484K), 0.0023357 secs] [Times: user=0.01 sys=0.00, real=0.00 secs] 
32.578: [GC 32.578: [ParNew
Desired survivor size 557056 bytes, new threshold 15 (max 15)
- age   1:     351304 bytes,     351304 total
: 2304K->945K(2304K), 0.0031104 secs] 198416K->198146K(310484K), 0.0031729 secs] [Times: user=0.01 sys=0.00, real=0.00 secs] 
32.583: [GC 32.583: [ParNew
Desired survivor size 557056 bytes, new threshold 2 (max 15)
- age   1:     273336 bytes,     273336 total
- age   2:     351304 bytes,     624640 total
: 2161K->805K(2304K), 0.0020837 secs] 199362K->198005K(310484K), 0.0021521 secs] [Times: user=0.01 sys=0.00, real=0.01 secs] 
32.586: [GC 32.586: [ParNew
Desired survivor size 557056 bytes, new threshold 1 (max 15)
- age   1:     608816 bytes,     608816 total
- age   2:     273240 bytes,     882056 total
: 2021K->1076K(2304K), 0.0023045 secs] 199221K->198619K(310484K), 0.0023648 secs] [Times: user=0.01 sys=0.00, real=0.00 secs] 
32.590: [GC 32.590: [ParNew
Desired survivor size 557056 bytes, new threshold 15 (max 15)
- age   1:     423360 bytes,     423360 total
: 2292K->975K(2304K), 0.0026917 secs] 199835K->199380K(310484K), 0.0027487 secs] [Times: user=0.00 sys=0.00, real=0.00 secs] 
32.594: [GC 32.594: [ParNew
Desired survivor size 557056 bytes, new threshold 15 (max 15)
- age   1:        288 bytes,        288 total
- age   2:     423328 bytes,     423616 total
: 2191K->700K(2304K), 0.0014562 secs] 200596K->199104K(310484K), 0.0015029 secs] [Times: user=0.00 sys=0.00, real=0.01 secs] 
32.596: [GC 32.596: [ParNew
Desired survivor size 557056 bytes, new threshold 3 (max 15)
- age   1:     445784 bytes,     445784 total
- age   2:        208 bytes,     445992 total
- age   3:     423256 bytes,     869248 total
: 1916K->970K(2304K), 0.0017649 secs] 200320K->199375K(310484K), 0.0018154 secs] [Times: user=0.00 sys=0.00, real=0.00 secs] 
32.599: [GC 32.599: [ParNew
Desired survivor size 557056 bytes, new threshold 2 (max 15)
- age   1:     189280 bytes,     189280 total
- age   2:     445648 bytes,     634928 total
: 2186K->1088K(2304K), 0.0027433 secs] 200591K->199905K(310484K), 0.0028081 secs] [Times: user=0.00 sys=0.00, real=0.00 secs] 
32.604: [GC 32.604: [ParNew
Desired survivor size 557056 bytes, new threshold 1 (max 15)
- age   1:     896200 bytes,     896200 total
- age   2:     107200 bytes,    1003400 total
: 2304K->1088K(2304K), 0.0034890 secs] 201121K->200458K(310484K), 0.0035523 secs] [Times: user=0.01 sys=0.00, real=0.01 secs] 
32.608: [GC 32.609: [ParNew
Desired survivor size 557056 bytes, new threshold 15 (max 15)
- age   1:     393568 bytes,     393568 total
: 2304K->829K(2304K), 0.0028085 secs] 201674K->201179K(310484K), 0.0028689 secs] [Times: user=0.01 sys=0.00, real=0.00 secs] 
32.613: [GC 32.613: [ParNew
Desired survivor size 557056 bytes, new threshold 2 (max 15)
- age   1:     338664 bytes,     338664 total
- age   2:     393440 bytes,     732104 total
: 2045K->878K(2304K), 0.0017108 secs] 202395K->201228K(310484K), 0.0017586 secs] [Times: user=0.01 sys=0.00, real=0.01 secs] 
32.616: [GC 32.616: [ParNew
Desired survivor size 557056 bytes, new threshold 1 (max 15)
- age   1:     589136 bytes,     589136 total
- age   2:     338592 bytes,     927728 total
: 2094K->1088K(2304K), 0.0049537 secs] 202444K->201822K(310484K), 0.0050276 secs] [Times: user=0.01 sys=0.00, real=0.00 secs] 
32.623: [GC 32.623: [ParNew
Desired survivor size 557056 bytes, new threshold 1 (max 15)
- age   1:     921920 bytes,     921920 total
: 2304K->1044K(2304K), 0.0138002 secs] 203038K->202684K(310484K), 0.0139119 secs] [Times: user=0.01 sys=0.01, real=0.02 secs] 
32.639: [GC 32.640: [ParNew
Desired survivor size 557056 bytes, new threshold 1 (max 15)
- age   1:     653968 bytes,     653968 total
: 2260K->1088K(2304K), 0.0038826 secs] 203900K->203735K(310484K), 0.0039553 secs] [Times: user=0.01 sys=0.00, real=0.00 secs] 
32.645: [GC 32.645: [ParNew
Desired survivor size 557056 bytes, new threshold 1 (max 15)
- age   1:     605720 bytes,     605720 total
: 2304K->805K(2304K), 0.0036326 secs] 204951K->204092K(310484K), 0.0037328 secs] [Times: user=0.01 sys=0.00, real=0.00 secs] 
32.650: [GC 32.650: [ParNew
Desired survivor size 557056 bytes, new threshold 15 (max 15)
- age   1:     397240 bytes,     397240 total
: 2021K->698K(2304K), 0.0023771 secs] 205308K->204576K(310484K), 0.0024376 secs] [Times: user=0.00 sys=0.00, real=0.00 secs] 
32.654: [GC 32.654: [ParNew
Desired survivor size 557056 bytes, new threshold 1 (max 15)
- age   1:     685640 bytes,     685640 total
- age   2:     394152 bytes,    1079792 total
: 1914K->1088K(2304K), 0.0021368 secs] 205792K->205045K(310484K), 0.0021911 secs] [Times: user=0.00 sys=0.00, real=0.01 secs] 
32.658: [GC 32.658: [ParNew
Desired survivor size 557056 bytes, new threshold 1 (max 15)
- age   1:     810064 bytes,     810064 total
: 2304K->1088K(2304K), 0.0050195 secs] 206261K->206325K(310484K), 0.0051025 secs] [Times: user=0.01 sys=0.00, real=0.00 secs] 
32.664: [GC 32.665: [ParNew
Desired survivor size 557056 bytes, new threshold 15 (max 15)
- age   1:     556008 bytes,     556008 total
: 2304K->1011K(2304K), 0.0035854 secs] 207541K->207039K(310484K), 0.0036506 secs] [Times: user=0.00 sys=0.00, real=0.00 secs] 
32.669: [GC 32.669: [ParNew
Desired survivor size 557056 bytes, new threshold 1 (max 15)
- age   1:     598928 bytes,     598928 total
- age   2:     514440 bytes,    1113368 total
: 2227K->1088K(2304K), 0.0026443 secs] 208255K->207306K(310484K), 0.0027159 secs] [Times: user=0.01 sys=0.00, real=0.00 secs] 
32.674: [GC 32.674: [ParNew
Desired survivor size 557056 bytes, new threshold 15 (max 15)
- age   1:     557016 bytes,     557016 total
: 2304K->1088K(2304K), 0.0038194 secs] 208522K->208393K(310484K), 0.0038960 secs] [Times: user=0.01 sys=0.00, real=0.00 secs] 
32.679: [GC 32.679: [ParNew
Desired survivor size 557056 bytes, new threshold 2 (max 15)
- age   1:     534424 bytes,     534424 total
- age   2:     502320 bytes,    1036744 total
: 2304K->1088K(2304K), 0.0030159 secs] 209609K->208662K(310484K), 0.0030890 secs] [Times: user=0.00 sys=0.00, real=0.00 secs] 
32.684: [GC 32.684: [ParNew
Desired survivor size 557056 bytes, new threshold 1 (max 15)
- age   1:     628472 bytes,     628472 total
- age   2:     456800 bytes,    1085272 total
: 2304K->1088K(2304K), 0.0034991 secs] 209878K->209312K(310484K), 0.0035721 secs] [Times: user=0.01 sys=0.01, real=0.00 secs] 
32.689: [GC 32.689: [ParNew
Desired survivor size 557056 bytes, new threshold 1 (max 15)
- age   1:     643072 bytes,     643072 total
: 2304K->1088K(2304K), 0.0033908 secs] 210528K->210418K(310484K), 0.0034629 secs] [Times: user=0.01 sys=0.00, real=0.00 secs] 
32.696: [GC 32.696: [ParNew
Desired survivor size 557056 bytes, new threshold 15 (max 15)
- age   1:     273704 bytes,     273704 total
: 2304K->458K(2304K), 0.0025069 secs] 211634K->210413K(310484K), 0.0025967 secs] [Times: user=0.01 sys=0.00, real=0.00 secs] 
32.702: [GC 32.702: [ParNew
Desired survivor size 557056 bytes, new threshold 15 (max 15)
- age   1:     211024 bytes,     211024 total
- age   2:     261248 bytes,     472272 total
: 1674K->608K(2304K), 0.0017445 secs] 211629K->210563K(310484K), 0.0018109 secs] [Times: user=0.01 sys=0.00, real=0.01 secs] 
32.707: [GC 32.707: [ParNew
Desired survivor size 557056 bytes, new threshold 3 (max 15)
- age   1:     235416 bytes,     235416 total
- age   2:     184344 bytes,     419760 total
- age   3:     261248 bytes,     681008 total
: 1824K->772K(2304K), 0.0027397 secs] 211779K->210727K(310484K), 0.0028136 secs] [Times: user=0.00 sys=0.00, real=0.00 secs] 
32.713: [GC 32.713: [ParNew
Desired survivor size 557056 bytes, new threshold 3 (max 15)
- age   1:     173944 bytes,     173944 total
- age   2:     207776 bytes,     381720 total
- age   3:     184344 bytes,     566064 total
: 1988K->784K(2304K), 0.0021640 secs] 211943K->210994K(310484K), 0.0022341 secs] [Times: user=0.01 sys=0.00, real=0.01 secs] 
32.718: [GC 32.718: [ParNew
Desired survivor size 557056 bytes, new threshold 3 (max 15)
- age   1:     255496 bytes,     255496 total
- age   2:     173816 bytes,     429312 total
- age   3:     180216 bytes,     609528 total
: 2000K->706K(2304K), 0.0039727 secs] 212210K->211096K(310484K), 0.0040755 secs] [Times: user=0.01 sys=0.00, real=0.00 secs] 
32.728: [GC 32.728: [ParNew
Desired survivor size 557056 bytes, new threshold 1 (max 15)
- age   1:     811624 bytes,     811624 total
- age   2:     127048 bytes,     938672 total
- age   3:     173816 bytes,    1112488 total
: 1922K->1088K(2304K), 0.0038436 secs] 212312K->212146K(310484K), 0.0039288 secs] [Times: user=0.01 sys=0.00, real=0.00 secs] 
32.735: [GC 32.735: [ParNew
Desired survivor size 557056 bytes, new threshold 1 (max 15)
- age   1:    1046640 bytes,    1046640 total
: 2304K->1088K(2304K), 0.0061798 secs] 213362K->213313K(310484K), 0.0062629 secs] [Times: user=0.02 sys=0.01, real=0.00 secs] 
32.745: [GC 32.745: [ParNew
Desired survivor size 557056 bytes, new threshold 1 (max 15)
- age   1:     967288 bytes,     967288 total
: 2304K->1088K(2304K), 0.0038339 secs] 214529K->214548K(310484K), 0.0039067 secs] [Times: user=0.01 sys=0.00, real=0.00 secs] 
32.752: [GC 32.752: [ParNew
Desired survivor size 557056 bytes, new threshold 1 (max 15)
- age   1:    1029232 bytes,    1029232 total
: 2304K->1088K(2304K), 0.0047347 secs] 215764K->215692K(310484K), 0.0048063 secs] [Times: user=0.01 sys=0.00, real=0.01 secs] 
32.760: [GC 32.760: [ParNew
Desired survivor size 557056 bytes, new threshold 1 (max 15)
- age   1:    1004016 bytes,    1004016 total
: 2304K->1088K(2304K), 0.0042669 secs] 216908K->216920K(310484K), 0.0043407 secs] [Times: user=0.01 sys=0.00, real=0.01 secs] 
32.767: [GC 32.767: [ParNew
Desired survivor size 557056 bytes, new threshold 1 (max 15)
- age   1:     670336 bytes,     670336 total
: 2304K->1088K(2304K), 0.0042189 secs] 218136K->217900K(310484K), 0.0042991 secs] [Times: user=0.01 sys=0.00, real=0.00 secs] 
32.775: [GC 32.775: [ParNew
Desired survivor size 557056 bytes, new threshold 15 (max 15)
- age   1:     334272 bytes,     334272 total
: 2304K->915K(2304K), 0.0024649 secs] 219116K->218382K(310484K), 0.0025473 secs] [Times: user=0.01 sys=0.01, real=0.00 secs] 
32.779: [GC 32.779: [ParNew
Desired survivor size 557056 bytes, new threshold 1 (max 15)
- age   1:     561816 bytes,     561816 total
- age   2:     334144 bytes,     895960 total
: 2131K->992K(2304K), 0.0022815 secs] 219598K->218459K(310484K), 0.0023427 secs] [Times: user=0.00 sys=0.00, real=0.00 secs] 
32.785: [GC 32.785: [ParNew
Desired survivor size 557056 bytes, new threshold 15 (max 15)
- age   1:     475432 bytes,     475432 total
: 2208K->1083K(2304K), 0.0033322 secs] 219675K->219425K(310484K), 0.0034221 secs] [Times: user=0.01 sys=0.00, real=0.00 secs] 
32.790: [GC 32.790: [ParNew
Desired survivor size 557056 bytes, new threshold 2 (max 15)
- age   1:     162584 bytes,     162584 total
- age   2:     475144 bytes,     637728 total
: 2299K->668K(2304K), 0.0014753 secs] 220641K->219010K(310484K), 0.0015217 secs] [Times: user=0.01 sys=0.00, real=0.00 secs] 
32.793: [GC 32.793: [ParNew
Desired survivor size 557056 bytes, new threshold 1 (max 15)
- age   1:     627992 bytes,     627992 total
- age   2:     162512 bytes,     790504 total
: 1884K->1088K(2304K), 0.0022356 secs] 220226K->219894K(310484K), 0.0023013 secs] [Times: user=0.01 sys=0.00, real=0.01 secs] 
32.797: [GC 32.797: [ParNew
Desired survivor size 557056 bytes, new threshold 15 (max 15)
- age   1:     205056 bytes,     205056 total
: 2304K->692K(2304K), 0.0029989 secs] 221110K->220270K(310484K), 0.0030648 secs] [Times: user=0.01 sys=0.00, real=0.00 secs] 
32.802: [GC 32.802: [ParNew
Desired survivor size 557056 bytes, new threshold 1 (max 15)
- age   1:     714776 bytes,     714776 total
- age   2:     204928 bytes,     919704 total
: 1908K->1060K(2304K), 0.0022736 secs] 221486K->220638K(310484K), 0.0023410 secs] [Times: user=0.00 sys=0.00, real=0.01 secs] 
32.806: [GC 32.806: [ParNew
Desired survivor size 557056 bytes, new threshold 15 (max 15)
- age   1:      16496 bytes,      16496 total
: 2276K->729K(2304K), 0.0031420 secs] 221854K->221205K(310484K), 0.0032297 secs] [Times: user=0.01 sys=0.00, real=0.00 secs] 
32.810: [GC 32.810: [ParNew
Desired survivor size 557056 bytes, new threshold 1 (max 15)
- age   1:     891376 bytes,     891376 total
- age   2:      16456 bytes,     907832 total
: 1945K->973K(2304K), 0.0018731 secs] 222421K->221448K(310484K), 0.0019203 secs] [Times: user=0.01 sys=0.00, real=0.00 secs] 
32.813: [GC 32.813: [ParNew
Desired survivor size 557056 bytes, new threshold 1 (max 15)
- age   1:     607008 bytes,     607008 total
: 2189K->889K(2304K), 0.0034327 secs] 222664K->222247K(310484K), 0.0034918 secs] [Times: user=0.01 sys=0.01, real=0.01 secs] 
32.819: [GC 32.819: [ParNew
Desired survivor size 557056 bytes, new threshold 1 (max 15)
- age   1:    1062456 bytes,    1062456 total
: 2105K->1088K(2304K), 0.0031200 secs] 223463K->223097K(310484K), 0.0031890 secs] [Times: user=0.01 sys=0.00, real=0.00 secs] 
32.824: [GC 32.824: [ParNew
Desired survivor size 557056 bytes, new threshold 15 (max 15)
- age   1:     141616 bytes,     141616 total
: 2304K->933K(2304K), 0.0031834 secs] 224313K->223978K(310484K), 0.0032466 secs] [Times: user=0.01 sys=0.00, real=0.00 secs] 
32.829: [GC 32.829: [ParNew
Desired survivor size 557056 bytes, new threshold 1 (max 15)
- age   1:     700928 bytes,     700928 total
- age   2:     141584 bytes,     842512 total
: 2149K->972K(2304K), 0.0020730 secs] 225194K->224017K(310484K), 0.0021308 secs] [Times: user=0.00 sys=0.00, real=0.00 secs] 
32.832: [GC 32.833: [ParNew
Desired survivor size 557056 bytes, new threshold 1 (max 15)
- age   1:     736016 bytes,     736016 total
: 2188K->1022K(2304K), 0.0041027 secs] 225233K->224890K(310484K), 0.0041767 secs] [Times: user=0.01 sys=0.00, real=0.01 secs] 
32.838: [GC 32.838: [ParNew
Desired survivor size 557056 bytes, new threshold 1 (max 15)
- age   1:     675896 bytes,     675896 total
: 2238K->1088K(2304K), 0.0028914 secs] 226106K->225700K(310484K), 0.0029577 secs] [Times: user=0.01 sys=0.00, real=0.00 secs] 
32.843: [GC 32.843: [ParNew
Desired survivor size 557056 bytes, new threshold 1 (max 15)
- age   1:     995312 bytes,     995312 total
: 2304K->1088K(2304K), 0.0033397 secs] 226916K->226548K(310484K), 0.0034060 secs] [Times: user=0.01 sys=0.00, real=0.01 secs] 
32.847: [GC 32.848: [ParNew
Desired survivor size 557056 bytes, new threshold 15 (max 15)
- age   1:     344632 bytes,     344632 total
: 2304K->897K(2304K), 0.0044106 secs] 227764K->227329K(310484K), 0.0044765 secs] [Times: user=0.01 sys=0.01, real=0.00 secs] 
32.854: [GC 32.854: [ParNew
Desired survivor size 557056 bytes, new threshold 2 (max 15)
- age   1:     552608 bytes,     552608 total
- age   2:     344592 bytes,     897200 total
: 2113K->1013K(2304K), 0.0019345 secs] 228545K->227446K(310484K), 0.0020000 secs] [Times: user=0.01 sys=0.00, real=0.01 secs] 
32.857: [GC 32.857: [ParNew
Desired survivor size 557056 bytes, new threshold 2 (max 15)
- age   1:     277264 bytes,     277264 total
- age   2:     544248 bytes,     821512 total
: 2229K->1088K(2304K), 0.0024480 secs] 228662K->227865K(310484K), 0.0025122 secs] [Times: user=0.01 sys=0.00, real=0.00 secs] 
32.863: [GC 32.863: [ParNew
Desired survivor size 557056 bytes, new threshold 1 (max 15)
- age   1:     936216 bytes,     936216 total
- age   2:     175408 bytes,    1111624 total
: 2304K->1088K(2304K), 0.0044574 secs] 229081K->228767K(310484K), 0.0045360 secs] [Times: user=0.01 sys=0.00, real=0.01 secs] 
32.870: [GC 32.870: [ParNew
Desired survivor size 557056 bytes, new threshold 15 (max 15)
- age   1:     428336 bytes,     428336 total
: 2304K->1088K(2304K), 0.0038682 secs] 229983K->229942K(310484K), 0.0039444 secs] [Times: user=0.01 sys=0.00, real=0.01 secs] 
32.876: [GC 32.876: [ParNew
Desired survivor size 557056 bytes, new threshold 1 (max 15)
- age   1:     560376 bytes,     560376 total
- age   2:     427552 bytes,     987928 total
: 2304K->1088K(2304K), 0.0018259 secs] 231158K->229946K(310484K), 0.0018755 secs] [Times: user=0.01 sys=0.00, real=0.00 secs] 
32.879: [GC 32.879: [ParNew
Desired survivor size 557056 bytes, new threshold 1 (max 15)
- age   1:     607360 bytes,     607360 total
: 2304K->1088K(2304K), 0.0034720 secs] 231162K->230910K(310484K), 0.0035719 secs] [Times: user=0.01 sys=0.00, real=0.00 secs] 
32.888: [GC 32.888: [ParNew
Desired survivor size 557056 bytes, new threshold 1 (max 15)
- age   1:    1057200 bytes,    1057200 total
: 2304K->1088K(2304K), 0.0040223 secs] 232126K->231584K(310484K), 0.0040935 secs] [Times: user=0.01 sys=0.01, real=0.00 secs] 
32.895: [GC 32.895: [ParNew
Desired survivor size 557056 bytes, new threshold 1 (max 15)
- age   1:     915304 bytes,     915304 total
: 2304K->1088K(2304K), 0.0040280 secs] 232800K->232921K(310484K), 0.0040991 secs] [Times: user=0.01 sys=0.00, real=0.00 secs] 
32.901: [GC 32.901: [ParNew
Desired survivor size 557056 bytes, new threshold 15 (max 15)
- age   1:     503736 bytes,     503736 total
: 2304K->1088K(2304K), 0.0043602 secs] 234137K->233815K(310484K), 0.0044392 secs] [Times: user=0.01 sys=0.00, real=0.01 secs] 
32.908: [GC 32.908: [ParNew
Desired survivor size 557056 bytes, new threshold 2 (max 15)
- age   1:     514928 bytes,     514928 total
- age   2:     462368 bytes,     977296 total
: 2304K->1088K(2304K), 0.0025421 secs] 235031K->233815K(310484K), 0.0026163 secs] [Times: user=0.00 sys=0.00, real=0.00 secs] 
32.912: [GC 32.912: [ParNew
Desired survivor size 557056 bytes, new threshold 2 (max 15)
- age   1:     256344 bytes,     256344 total
- age   2:     514792 bytes,     771136 total
: 2304K->1021K(2304K), 0.0024447 secs] 235031K->234201K(310484K), 0.0025237 secs] [Times: user=0.00 sys=0.00, real=0.01 secs] 
32.917: [GC 32.917: [ParNew
Desired survivor size 557056 bytes, new threshold 1 (max 15)
- age   1:     865360 bytes,     865360 total
- age   2:     244632 bytes,    1109992 total
: 2237K->1088K(2304K), 0.0033246 secs] 235417K->234890K(310484K), 0.0034000 secs] [Times: user=0.01 sys=0.00, real=0.00 secs] 
32.922: [GC 32.922: [ParNew
Desired survivor size 557056 bytes, new threshold 1 (max 15)
- age   1:     627832 bytes,     627832 total
: 2304K->1088K(2304K), 0.0038033 secs] 236106K->236168K(310484K), 0.0038720 secs] [Times: user=0.01 sys=0.00, real=0.01 secs] 
32.927: [GC 32.927: [ParNew
Desired survivor size 557056 bytes, new threshold 1 (max 15)
- age   1:     881552 bytes,     881552 total
: 2304K->1088K(2304K), 0.0029230 secs] 237384K->236785K(310484K), 0.0029873 secs] [Times: user=0.01 sys=0.01, real=0.00 secs] 
32.931: [GC 32.931: [ParNew
Desired survivor size 557056 bytes, new threshold 1 (max 15)
- age   1:     716872 bytes,     716872 total
: 2304K->1088K(2304K), 0.0041148 secs] 238001K->237646K(310484K), 0.0041830 secs] [Times: user=0.02 sys=0.00, real=0.01 secs] 
32.939: [GC 32.939: [ParNew
Desired survivor size 557056 bytes, new threshold 15 (max 15)
- age   1:     390976 bytes,     390976 total
: 2304K->716K(2304K), 0.0026344 secs] 238862K->237975K(310484K), 0.0027002 secs] [Times: user=0.01 sys=0.00, real=0.00 secs] 
32.943: [GC 32.943: [ParNew
Desired survivor size 557056 bytes, new threshold 1 (max 15)
- age   1:     721040 bytes,     721040 total
- age   2:     365096 bytes,    1086136 total
: 1932K->1088K(2304K), 0.0019696 secs] 239191K->238371K(310484K), 0.0020224 secs] [Times: user=0.00 sys=0.00, real=0.01 secs] 
32.947: [GC 32.947: [ParNew
Desired survivor size 557056 bytes, new threshold 1 (max 15)
- age   1:     700616 bytes,     700616 total
: 2304K->1088K(2304K), 0.0036795 secs] 239587K->239428K(310484K), 0.0037525 secs] [Times: user=0.01 sys=0.00, real=0.00 secs] 
32.952: [GC 32.952: [ParNew
Desired survivor size 557056 bytes, new threshold 15 (max 15)
- age   1:     314520 bytes,     314520 total
: 2304K->915K(2304K), 0.0033907 secs] 240644K->239939K(310484K), 0.0034584 secs] [Times: user=0.01 sys=0.00, real=0.01 secs] 
32.957: [GC 32.957: [ParNew
Desired survivor size 557056 bytes, new threshold 2 (max 15)
- age   1:     263952 bytes,     263952 total
- age   2:     316528 bytes,     580480 total
: 2131K->714K(2304K), 0.0015268 secs] 241155K->239738K(310484K), 0.0015732 secs] [Times: user=0.00 sys=0.00, real=0.00 secs] 
32.960: [GC 32.960: [ParNew
Desired survivor size 557056 bytes, new threshold 15 (max 15)
- age   1:     228592 bytes,     228592 total
- age   2:     263920 bytes,     492512 total
: 1930K->732K(2304K), 0.0021424 secs] 240954K->240064K(310484K), 0.0022020 secs] [Times: user=0.00 sys=0.00, real=0.00 secs] 
32.964: [GC 32.964: [ParNew
Desired survivor size 557056 bytes, new threshold 1 (max 15)
- age   1:     632240 bytes,     632240 total
- age   2:     228480 bytes,     860720 total
- age   3:     249072 bytes,    1109792 total
: 1948K->1086K(2304K), 0.0021198 secs] 241280K->240451K(310484K), 0.0021755 secs] [Times: user=0.00 sys=0.00, real=0.01 secs] 
32.967: [GC 32.967: [ParNew
Desired survivor size 557056 bytes, new threshold 15 (max 15)
- age   1:     234136 bytes,     234136 total
: 2302K->933K(2304K), 0.0041475 secs] 241667K->241382K(310484K), 0.0042254 secs] [Times: user=0.01 sys=0.00, real=0.00 secs] 
32.973: [GC 32.973: [ParNew
Desired survivor size 557056 bytes, new threshold 1 (max 15)
- age   1:     624936 bytes,     624936 total
- age   2:     234096 bytes,     859032 total
: 2149K->1088K(2304K), 0.0017503 secs] 242598K->241536K(310484K), 0.0018021 secs] [Times: user=0.00 sys=0.00, real=0.01 secs] 
32.976: [GC 32.976: [ParNew
Desired survivor size 557056 bytes, new threshold 15 (max 15)
- age   1:     245160 bytes,     245160 total
: 2304K->701K(2304K), 0.0028387 secs] 242752K->241989K(310484K), 0.0028932 secs] [Times: user=0.00 sys=0.00, real=0.00 secs] 
32.981: [GC 32.981: [ParNew
Desired survivor size 557056 bytes, new threshold 15 (max 15)
- age   1:     240000 bytes,     240000 total
- age   2:     245032 bytes,     485032 total
: 1917K->588K(2304K), 0.0021030 secs] 243205K->241875K(310484K), 0.0021743 secs] [Times: user=0.00 sys=0.00, real=0.00 secs] 
32.986: [GC 32.986: [ParNew
Desired survivor size 557056 bytes, new threshold 1 (max 15)
- age   1:     743840 bytes,     743840 total
- age   2:     124344 bytes,     868184 total
- age   3:     243960 bytes,    1112144 total
: 1804K->1088K(2304K), 0.0031022 secs] 243091K->242957K(310484K), 0.0031678 secs] [Times: user=0.01 sys=0.00, real=0.00 secs] 
32.990: [GC 32.990: [ParNew
Desired survivor size 557056 bytes, new threshold 1 (max 15)
- age   1:     702072 bytes,     702072 total
: 2304K->1088K(2304K), 0.0036369 secs] 244173K->244068K(310484K), 0.0037008 secs] [Times: user=0.01 sys=0.00, real=0.01 secs] 
32.995: [GC 32.995: [ParNew
Desired survivor size 557056 bytes, new threshold 15 (max 15)
- age   1:     370928 bytes,     370928 total
: 2304K->929K(2304K), 0.0027814 secs] 245284K->244595K(310484K), 0.0028423 secs] [Times: user=0.01 sys=0.00, real=0.00 secs] 
33.001: [GC 33.001: [ParNew
Desired survivor size 557056 bytes, new threshold 2 (max 15)
- age   1:     261368 bytes,     261368 total
- age   2:     370768 bytes,     632136 total
: 2145K->760K(2304K), 0.0018508 secs] 245811K->244426K(310484K), 0.0019108 secs] [Times: user=0.01 sys=0.00, real=0.00 secs] 
33.004: [GC 33.004: [ParNew
Desired survivor size 557056 bytes, new threshold 1 (max 15)
- age   1:     672248 bytes,     672248 total
- age   2:     261240 bytes,     933488 total
: 1976K->1088K(2304K), 0.0025119 secs] 245642K->245116K(310484K), 0.0025710 secs] [Times: user=0.01 sys=0.00, real=0.00 secs] 
33.008: [GC 33.008: [ParNew
Desired survivor size 557056 bytes, new threshold 1 (max 15)
- age   1:     902592 bytes,     902592 total
: 2304K->1088K(2304K), 0.0034090 secs] 246332K->246072K(310484K), 0.0034758 secs] [Times: user=0.01 sys=0.00, real=0.00 secs] 
33.013: [GC 33.013: [ParNew
Desired survivor size 557056 bytes, new threshold 1 (max 15)
- age   1:     588520 bytes,     588520 total
: 2304K->1088K(2304K), 0.0031885 secs] 247288K->246953K(310484K), 0.0032549 secs] [Times: user=0.01 sys=0.00, real=0.01 secs] 
33.018: [GC 33.018: [ParNew
Desired survivor size 557056 bytes, new threshold 1 (max 15)
- age   1:     596624 bytes,     596624 total
: 2304K->883K(2304K), 0.0032210 secs] 248169K->247313K(310484K), 0.0032858 secs] [Times: user=0.01 sys=0.00, real=0.00 secs] 
33.022: [GC 33.022: [ParNew
Desired survivor size 557056 bytes, new threshold 1 (max 15)
- age   1:     731336 bytes,     731336 total
: 2099K->927K(2304K), 0.0026794 secs] 248529K->247940K(310484K), 0.0027413 secs] [Times: user=0.01 sys=0.00, real=0.01 secs] 
33.028: [GC 33.028: [ParNew
Desired survivor size 557056 bytes, new threshold 1 (max 15)
- age   1:     756136 bytes,     756136 total
: 2143K->1088K(2304K), 0.0042428 secs] 249156K->248814K(310484K), 0.0043253 secs] [Times: user=0.01 sys=0.00, real=0.00 secs] 
33.035: [GC 33.035: [ParNew
Desired survivor size 557056 bytes, new threshold 1 (max 15)
- age   1:     922280 bytes,     922280 total
: 2304K->1081K(2304K), 0.0039460 secs] 250030K->249545K(310484K), 0.0040250 secs] [Times: user=0.01 sys=0.00, real=0.00 secs] 
33.041: [GC 33.041: [ParNew
Desired survivor size 557056 bytes, new threshold 1 (max 15)
- age   1:     623584 bytes,     623584 total
: 2297K->1069K(2304K), 0.0035144 secs] 250761K->250416K(310484K), 0.0035851 secs] [Times: user=0.01 sys=0.00, real=0.01 secs] 
33.049: [GC 33.049: [ParNew
Desired survivor size 557056 bytes, new threshold 1 (max 15)
- age   1:     570384 bytes,     570384 total
: 2285K->605K(2304K), 0.0030296 secs] 251632K->250533K(310484K), 0.0031071 secs] [Times: user=0.01 sys=0.01, real=0.00 secs] 
33.056: [GC 33.056: [ParNew
Desired survivor size 557056 bytes, new threshold 15 (max 15)
- age   1:     148360 bytes,     148360 total
: 1821K->516K(2304K), 0.0027045 secs] 251749K->250989K(310484K), 0.0027881 secs] [Times: user=0.01 sys=0.00, real=0.00 secs] 
33.061: [GC 33.061: [ParNew
Desired survivor size 557056 bytes, new threshold 2 (max 15)
- age   1:     531312 bytes,     531312 total
- age   2:     120728 bytes,     652040 total
: 1732K->723K(2304K), 0.0019470 secs] 252205K->251196K(310484K), 0.0020048 secs] [Times: user=0.00 sys=0.00, real=0.00 secs] 
33.064: [GC 33.065: [ParNew
Desired survivor size 557056 bytes, new threshold 15 (max 15)
- age   1:        232 bytes,        232 total
- age   2:     531184 bytes,     531416 total
: 1939K->727K(2304K), 0.0017638 secs] 252412K->251319K(310484K), 0.0018106 secs] [Times: user=0.00 sys=0.00, real=0.00 secs] 
33.068: [GC 33.068: [ParNew
Desired survivor size 557056 bytes, new threshold 1 (max 15)
- age   1:     580944 bytes,     580944 total
- age   2:        200 bytes,     581144 total
- age   3:     489304 bytes,    1070448 total
: 1943K->1088K(2304K), 0.0027872 secs] 252535K->251778K(310484K), 0.0028572 secs] [Times: user=0.01 sys=0.00, real=0.00 secs] 
33.073: [GC 33.073: [ParNew
Desired survivor size 557056 bytes, new threshold 15 (max 15)
- age   1:     366480 bytes,     366480 total
: 2304K->1088K(2304K), 0.0036791 secs] 252994K->252823K(310484K), 0.0037462 secs] [Times: user=0.01 sys=0.00, real=0.01 secs] 
33.080: [GC 33.080: [ParNew
Desired survivor size 557056 bytes, new threshold 15 (max 15)
- age   1:      58552 bytes,      58552 total
- age   2:     366344 bytes,     424896 total
: 2304K->542K(2304K), 0.0016423 secs] 254039K->252277K(310484K), 0.0016925 secs] [Times: user=0.00 sys=0.00, real=0.00 secs] 
33.083: [GC 33.083: [ParNew
Desired survivor size 557056 bytes, new threshold 3 (max 15)
- age   1:     304808 bytes,     304808 total
- age   2:      58424 bytes,     363232 total
- age   3:     366344 bytes,     729576 total
: 1758K->971K(2304K), 0.0017671 secs] 253493K->252707K(310484K), 0.0018184 secs] [Times: user=0.00 sys=0.00, real=0.01 secs] 
33.086: [GC 33.086: [ParNew
Desired survivor size 557056 bytes, new threshold 15 (max 15)
- age   1:        144 bytes,        144 total
- age   2:     304776 bytes,     304920 total
- age   3:      58392 bytes,     363312 total
: 2187K->631K(2304K), 0.0028415 secs] 253923K->252724K(310484K), 0.0029171 secs] [Times: user=0.00 sys=0.00, real=0.00 secs] 
33.091: [GC 33.091: [ParNew
Desired survivor size 557056 bytes, new threshold 3 (max 15)
- age   1:     410008 bytes,     410008 total
- age   2:        112 bytes,     410120 total
- age   3:     304776 bytes,     714896 total
- age   4:      58392 bytes,     773288 total
: 1847K->1018K(2304K), 0.0018721 secs] 253940K->253111K(310484K), 0.0019612 secs] [Times: user=0.00 sys=0.00, real=0.00 secs] 
33.094: [GC 33.094: [ParNew
Desired survivor size 557056 bytes, new threshold 15 (max 15)
- age   1:        200 bytes,        200 total
- age   2:     409968 bytes,     410168 total
- age   3:         40 bytes,     410208 total
: 2234K->798K(2304K), 0.0020476 secs] 254327K->253246K(310484K), 0.0021001 secs] [Times: user=0.00 sys=0.00, real=0.01 secs] 
33.098: [GC 33.098: [ParNew
Desired survivor size 557056 bytes, new threshold 3 (max 15)
- age   1:     238472 bytes,     238472 total
- age   2:         64 bytes,     238536 total
- age   3:     409968 bytes,     648504 total
: 2014K->852K(2304K), 0.0016324 secs] 254462K->253300K(310484K), 0.0016811 secs] [Times: user=0.00 sys=0.00, real=0.00 secs] 
33.101: [GC 33.101: [ParNew
Desired survivor size 557056 bytes, new threshold 2 (max 15)
- age   1:     417184 bytes,     417184 total
- age   2:     238432 bytes,     655616 total
- age   3:         64 bytes,     655680 total
: 2068K->828K(2304K), 0.0032646 secs] 254516K->253676K(310484K), 0.0033307 secs] [Times: user=0.01 sys=0.00, real=0.01 secs] 
33.106: [GC 33.106: [ParNew
Desired survivor size 557056 bytes, new threshold 2 (max 15)
- age   1:     339648 bytes,     339648 total
- age   2:     417184 bytes,     756832 total
: 2044K->1082K(2304K), 0.0021292 secs] 254892K->254163K(310484K), 0.0021918 secs] [Times: user=0.01 sys=0.00, real=0.00 secs] 
33.110: [GC 33.110: [ParNew
Desired survivor size 557056 bytes, new threshold 15 (max 15)
- age   1:     123480 bytes,     123480 total
- age   2:     339480 bytes,     462960 total
: 2298K->886K(2304K), 0.0022493 secs] 255379K->254374K(310484K), 0.0023031 secs] [Times: user=0.01 sys=0.00, real=0.00 secs] 
33.114: [GC 33.114: [ParNew
Desired survivor size 557056 bytes, new threshold 3 (max 15)
- age   1:     241832 bytes,     241832 total
- age   2:     123352 bytes,     365184 total
- age   3:     339480 bytes,     704664 total
: 2102K->867K(2304K), 0.0017038 secs] 255590K->254355K(310484K), 0.0017516 secs] [Times: user=0.00 sys=0.00, real=0.01 secs] 
33.117: [GC 33.117: [ParNew
Desired survivor size 557056 bytes, new threshold 2 (max 15)
- age   1:     555168 bytes,     555168 total
- age   2:     241832 bytes,     797000 total
- age   3:     118000 bytes,     915000 total
: 2083K->1088K(2304K), 0.0025335 secs] 255571K->254983K(310484K), 0.0025896 secs] [Times: user=0.00 sys=0.00, real=0.00 secs] 
33.121: [GC 33.121: [ParNew
Desired survivor size 557056 bytes, new threshold 2 (max 15)
- age   1:     258216 bytes,     258216 total
- age   2:     559200 bytes,     817416 total
: 2304K->1024K(2304K), 0.0025164 secs] 256199K->255271K(310484K), 0.0025713 secs] [Times: user=0.01 sys=0.00, real=0.00 secs] 
33.125: [GC 33.125: [ParNew
Desired survivor size 557056 bytes, new threshold 15 (max 15)
- age   1:     215840 bytes,     215840 total
- age   2:     258088 bytes,     473928 total
: 2240K->799K(2304K), 0.0025254 secs] 256487K->255585K(310484K), 0.0025792 secs] [Times: user=0.01 sys=0.00, real=0.00 secs] 
33.129: [GC 33.129: [ParNew
Desired survivor size 557056 bytes, new threshold 15 (max 15)
- age   1:        272 bytes,        272 total
- age   2:     215768 bytes,     216040 total
- age   3:     258088 bytes,     474128 total
: 2015K->653K(2304K), 0.0015274 secs] 256801K->255440K(310484K), 0.0015680 secs] [Times: user=0.01 sys=0.00, real=0.00 secs] 
33.132: [GC 33.132: [ParNew
Desired survivor size 557056 bytes, new threshold 4 (max 15)
- age   1:     235224 bytes,     235224 total
- age   2:        200 bytes,     235424 total
- age   3:     215640 bytes,     451064 total
- age   4:     258088 bytes,     709152 total
: 1869K->991K(2304K), 0.0023892 secs] 256656K->255778K(310484K), 0.0024641 secs] [Times: user=0.01 sys=0.00, real=0.01 secs] 
33.136: [GC 33.136: [ParNew
Desired survivor size 557056 bytes, new threshold 15 (max 15)
- age   1:      11224 bytes,      11224 total
- age   2:     235152 bytes,     246376 total
- age   3:        200 bytes,     246576 total
- age   4:     215640 bytes,     462216 total
: 2207K->629K(2304K), 0.0021292 secs] 256994K->255668K(310484K), 0.0022165 secs] [Times: user=0.01 sys=0.00, real=0.00 secs] 
33.140: [GC 33.140: [ParNew
Desired survivor size 557056 bytes, new threshold 3 (max 15)
- age   1:     430968 bytes,     430968 total
- age   2:      10896 bytes,     441864 total
- age   3:     235152 bytes,     677016 total
- age   4:        200 bytes,     677216 total
- age   5:     215640 bytes,     892856 total
: 1845K->1088K(2304K), 0.0018180 secs] 256884K->256131K(310484K), 0.0018723 secs] [Times: user=0.00 sys=0.00, real=0.00 secs] 
33.148: [GC 33.148: [ParNew
Desired survivor size 557056 bytes, new threshold 2 (max 15)
- age   1:     546824 bytes,     546824 total
- age   2:     389784 bytes,     936608 total
- age   3:      10824 bytes,     947432 total
: 2304K->1088K(2304K), 0.0036733 secs] 257347K->256724K(310484K), 0.0037437 secs] [Times: user=0.01 sys=0.00, real=0.00 secs] 
33.154: [GC 33.154: [ParNew
Desired survivor size 557056 bytes, new threshold 2 (max 15)
- age   1:     381872 bytes,     381872 total
- age   2:     546824 bytes,     928696 total
: 2304K->1088K(2304K), 0.0027012 secs] 257940K->257116K(310484K), 0.0027657 secs] [Times: user=0.01 sys=0.00, real=0.01 secs] 
33.158: [GC 33.158: [ParNew
Desired survivor size 557056 bytes, new threshold 2 (max 15)
- age   1:     263144 bytes,     263144 total
- age   2:     381800 bytes,     644944 total
: 2304K->1088K(2304K), 0.0029586 secs] 258332K->257650K(310484K), 0.0030215 secs] [Times: user=0.01 sys=0.00, real=0.00 secs] 
33.163: [GC 33.163: [ParNew
Desired survivor size 557056 bytes, new threshold 2 (max 15)
- age   1:     307480 bytes,     307480 total
- age   2:     263072 bytes,     570552 total
: 2304K->808K(2304K), 0.0025866 secs] 258866K->257743K(310484K), 0.0026487 secs] [Times: user=0.01 sys=0.00, real=0.01 secs] 
33.167: [GC 33.167: [ParNew
Desired survivor size 557056 bytes, new threshold 15 (max 15)
- age   1:     199872 bytes,     199872 total
- age   2:     307352 bytes,     507224 total
: 2024K->666K(2304K), 0.0023384 secs] 258959K->257858K(310484K), 0.0024066 secs] [Times: user=0.00 sys=0.00, real=0.00 secs] 
33.171: [GC 33.171: [ParNew
Desired survivor size 557056 bytes, new threshold 15 (max 15)
- age   1:        160 bytes,        160 total
- age   2:     199800 bytes,     199960 total
- age   3:     307352 bytes,     507312 total
: 1882K->757K(2304K), 0.0016899 secs] 259074K->257949K(310484K), 0.0017500 secs] [Times: user=0.00 sys=0.00, real=0.00 secs] 
33.174: [GC 33.174: [ParNew
Desired survivor size 557056 bytes, new threshold 3 (max 15)
- age   1:     358936 bytes,     358936 total
- age   3:     199800 bytes,     558736 total
- age   4:     307352 bytes,     866088 total
: 1973K->1088K(2304K), 0.0023571 secs] 259165K->258292K(310484K), 0.0024169 secs] [Times: user=0.00 sys=0.00, real=0.00 secs] 
33.178: [GC 33.178: [ParNew
Desired survivor size 557056 bytes, new threshold 2 (max 15)
- age   1:     336192 bytes,     336192 total
- age   2:     358936 bytes,     695128 total
: 2304K->1088K(2304K), 0.0027955 secs] 259508K->258787K(310484K), 0.0028513 secs] [Times: user=0.01 sys=0.01, real=0.00 secs] 
33.183: [GC 33.183: [ParNew
Desired survivor size 557056 bytes, new threshold 1 (max 15)
- age   1:     674600 bytes,     674600 total
- age   2:     323328 bytes,     997928 total
: 2304K->1088K(2304K), 0.0027407 secs] 260003K->259170K(310484K), 0.0028139 secs] [Times: user=0.01 sys=0.00, real=0.01 secs] 
33.188: [GC 33.188: [ParNew
Desired survivor size 557056 bytes, new threshold 1 (max 15)
- age   1:     664856 bytes,     664856 total
: 2304K->1088K(2304K), 0.0037778 secs] 260386K->260247K(310484K), 0.0038446 secs] [Times: user=0.01 sys=0.00, real=0.00 secs] 
33.194: [GC 33.194: [ParNew
Desired survivor size 557056 bytes, new threshold 15 (max 15)
- age   1:     238688 bytes,     238688 total
: 2304K->469K(2304K), 0.0027011 secs] 261463K->260278K(310484K), 0.0027626 secs] [Times: user=0.01 sys=0.00, real=0.01 secs] 
33.198: [GC 33.198: [ParNew
Desired survivor size 557056 bytes, new threshold 15 (max 15)
- age   1:     264928 bytes,     264928 total
- age   2:     238560 bytes,     503488 total
: 1685K->614K(2304K), 0.0016078 secs] 261494K->260423K(310484K), 0.0016902 secs] [Times: user=0.00 sys=0.00, real=0.00 secs] 
33.201: [GC 33.201: [ParNew
Desired survivor size 557056 bytes, new threshold 3 (max 15)
- age   1:     220184 bytes,     220184 total
- age   2:     264672 bytes,     484856 total
- age   3:     238560 bytes,     723416 total
: 1830K->945K(2304K), 0.0018142 secs] 261639K->260753K(310484K), 0.0018653 secs] [Times: user=0.00 sys=0.00, real=0.00 secs] 
33.205: [GC 33.205: [ParNew
Desired survivor size 557056 bytes, new threshold 15 (max 15)
- age   1:        200 bytes,        200 total
- age   2:     220144 bytes,     220344 total
- age   3:     264672 bytes,     485016 total
: 2161K->952K(2304K), 0.0021867 secs] 261969K->260993K(310484K), 0.0022483 secs] [Times: user=0.01 sys=0.00, real=0.00 secs] 
33.208: [CMS-concurrent-mark: 0.235/0.715 secs] [Times: user=1.98 sys=0.16, real=0.72 secs] 
33.208: [CMS-concurrent-preclean-start]
33.208: [GC 33.209: [ParNew
Desired survivor size 557056 bytes, new threshold 3 (max 15)
- age   1:     546312 bytes,     546312 total
- age   2:        128 bytes,     546440 total
- age   3:     214808 bytes,     761248 total
- age   4:     264672 bytes,    1025920 total
: 2168K->1088K(2304K), 0.0019651 secs] 262209K->261134K(310484K), 0.0020237 secs] [Times: user=0.00 sys=0.00, real=0.00 secs] 
33.213: [GC 33.213: [ParNew
Desired survivor size 557056 bytes, new threshold 2 (max 15)
- age   1:     396056 bytes,     396056 total
- age   2:     545848 bytes,     941904 total
- age   3:        128 bytes,     942032 total
: 2304K->1088K(2304K), 0.0027595 secs] 262350K->261603K(310484K), 0.0028238 secs] [Times: user=0.01 sys=0.00, real=0.01 secs] 
33.219: [GC 33.219: [ParNew
Desired survivor size 557056 bytes, new threshold 1 (max 15)
- age   1:     731616 bytes,     731616 total
- age   2:     372720 bytes,    1104336 total
: 2304K->1088K(2304K), 0.0046527 secs] 262819K->262273K(310484K), 0.0047268 secs] [Times: user=0.01 sys=0.01, real=0.00 secs] 
33.226: [GC 33.226: [ParNew
Desired survivor size 557056 bytes, new threshold 15 (max 15)
- age   1:     378600 bytes,     378600 total
: 2304K->1088K(2304K), 0.0036509 secs] 263489K->263392K(310484K), 0.0037243 secs] [Times: user=0.01 sys=0.00, real=0.00 secs] 
33.231: [GC 33.231: [ParNew
Desired survivor size 557056 bytes, new threshold 2 (max 15)
- age   1:     265016 bytes,     265016 total
- age   2:     378520 bytes,     643536 total
: 2304K->789K(2304K), 0.0018466 secs] 264608K->263094K(310484K), 0.0019175 secs] [Times: user=0.00 sys=0.00, real=0.00 secs] 
33.235: [GC 33.235: [ParNew
Desired survivor size 557056 bytes, new threshold 1 (max 15)
- age   1:     650288 bytes,     650288 total
- age   2:     242360 bytes,     892648 total
: 2005K->1088K(2304K), 0.0025040 secs] 264310K->263784K(310484K), 0.0025638 secs] [Times: user=0.00 sys=0.00, real=0.00 secs] 
33.239: [GC 33.239: [ParNew
Desired survivor size 557056 bytes, new threshold 15 (max 15)
- age   1:      16408 bytes,      16408 total
: 2304K->793K(2304K), 0.0035811 secs] 265000K->264361K(310484K), 0.0036458 secs] [Times: user=0.01 sys=0.00, real=0.00 secs] 
33.244: [GC 33.244: [ParNew
Desired survivor size 557056 bytes, new threshold 1 (max 15)
- age   1:     608016 bytes,     608016 total
- age   2:      16272 bytes,     624288 total
: 2009K->704K(2304K), 0.0016895 secs] 265577K->264273K(310484K), 0.0017381 secs] [Times: user=0.01 sys=0.00, real=0.01 secs] 
33.248: [GC 33.248: [ParNew
Desired survivor size 557056 bytes, new threshold 15 (max 15)
- age   1:     511320 bytes,     511320 total
: 1920K->761K(2304K), 0.0027220 secs] 265489K->264938K(310484K), 0.0027840 secs] [Times: user=0.00 sys=0.00, real=0.00 secs] 
33.252: [GC 33.252: [ParNew
Desired survivor size 557056 bytes, new threshold 1 (max 15)
- age   1:     568400 bytes,     568400 total
- age   2:     511320 bytes,    1079720 total
: 1977K->1088K(2304K), 0.0020423 secs] 266154K->265291K(310484K), 0.0021024 secs] [Times: user=0.01 sys=0.00, real=0.01 secs] 
33.256: [GC 33.256: [ParNew
Desired survivor size 557056 bytes, new threshold 15 (max 15)
- age   1:     276952 bytes,     276952 total
: 2304K->916K(2304K), 0.0043048 secs] 266507K->266174K(310484K), 0.0043745 secs] [Times: user=0.01 sys=0.01, real=0.00 secs] 
33.263: [GC 33.263: [ParNew
Desired survivor size 557056 bytes, new threshold 15 (max 15)
- age   1:     236664 bytes,     236664 total
- age   2:     276840 bytes,     513504 total
: 2132K->667K(2304K), 0.0019552 secs] 267390K->265925K(310484K), 0.0020062 secs] [Times: user=0.00 sys=0.00, real=0.01 secs] 
33.267: [GC 33.267: [ParNew
Desired survivor size 557056 bytes, new threshold 3 (max 15)
- age   1:     290256 bytes,     290256 total
- age   2:     236536 bytes,     526792 total
- age   3:     276840 bytes,     803632 total
: 1883K->1013K(2304K), 0.0017940 secs] 267141K->266271K(310484K), 0.0018467 secs] [Times: user=0.00 sys=0.00, real=0.00 secs] 
33.270: [GC 33.270: [ParNew
Desired survivor size 557056 bytes, new threshold 2 (max 15)
- age   1:     274952 bytes,     274952 total
- age   2:     290136 bytes,     565088 total
- age   3:     236536 bytes,     801624 total
: 2229K->1088K(2304K), 0.0024639 secs] 267487K->266616K(310484K), 0.0025330 secs] [Times: user=0.01 sys=0.00, real=0.00 secs] 
33.274: [GC 33.275: [ParNew
Desired survivor size 557056 bytes, new threshold 2 (max 15)
- age   1:     421864 bytes,     421864 total
- age   2:     274952 bytes,     696816 total
: 2304K->1088K(2304K), 0.0025907 secs] 267832K->267130K(310484K), 0.0026506 secs] [Times: user=0.01 sys=0.00, real=0.00 secs] 
33.280: [GC 33.280: [ParNew
Desired survivor size 557056 bytes, new threshold 1 (max 15)
- age   1:     778176 bytes,     778176 total
- age   2:     334824 bytes,    1113000 total
: 2304K->1088K(2304K), 0.0047964 secs] 268346K->267745K(310484K), 0.0048673 secs] [Times: user=0.01 sys=0.00, real=0.01 secs] 
33.289: [GC 33.289: [ParNew
Desired survivor size 557056 bytes, new threshold 1 (max 15)
- age   1:     846536 bytes,     846536 total
: 2304K->1088K(2304K), 0.0038185 secs] 268961K->268906K(310484K), 0.0038980 secs] [Times: user=0.01 sys=0.00, real=0.00 secs] 
33.294: [GC 33.294: [ParNew
Desired survivor size 557056 bytes, new threshold 15 (max 15)
- age   1:     238208 bytes,     238208 total
: 2304K->650K(2304K), 0.0029963 secs] 270122K->269295K(310484K), 0.0030600 secs] [Times: user=0.01 sys=0.00, real=0.01 secs] 
33.299: [GC 33.299: [ParNew
Desired survivor size 557056 bytes, new threshold 1 (max 15)
- age   1:     930112 bytes,     930112 total
- age   2:     177136 bytes,    1107248 total
: 1866K->1088K(2304K), 0.0026855 secs] 270511K->270038K(310484K), 0.0027596 secs] [Times: user=0.01 sys=0.00, real=0.00 secs] 
33.303: [GC 33.303: [ParNew
Desired survivor size 557056 bytes, new threshold 1 (max 15)
- age   1:    1039912 bytes,    1039912 total
: 2304K->1088K(2304K), 0.0043039 secs] 271254K->271298K(310484K), 0.0043722 secs] [Times: user=0.01 sys=0.00, real=0.01 secs] 
33.309: [GC 33.309: [ParNew
Desired survivor size 557056 bytes, new threshold 1 (max 15)
- age   1:     741104 bytes,     741104 total
: 2304K->1088K(2304K), 0.0054715 secs] 272514K->272787K(310484K), 0.0055523 secs] [Times: user=0.01 sys=0.00, real=0.01 secs] 
33.316: [GC 33.316: [ParNew
Desired survivor size 557056 bytes, new threshold 1 (max 15)
- age   1:    1075288 bytes,    1075288 total
: 2304K->1088K(2304K), 0.0035160 secs] 274003K->273601K(310484K), 0.0035932 secs] [Times: user=0.01 sys=0.00, real=0.00 secs] 
33.322: [GC 33.322: [ParNew
Desired survivor size 557056 bytes, new threshold 15 (max 15)
- age   1:     367536 bytes,     367536 total
: 2304K->984K(2304K), 0.0050454 secs] 274817K->274538K(310484K), 0.0051266 secs] [Times: user=0.01 sys=0.00, real=0.01 secs] 
33.329: [GC 33.329: [ParNew
Desired survivor size 557056 bytes, new threshold 2 (max 15)
- age   1:     216424 bytes,     216424 total
- age   2:     367376 bytes,     583800 total
: 2200K->755K(2304K), 0.0019224 secs] 275754K->274309K(310484K), 0.0019731 secs] [Times: user=0.01 sys=0.00, real=0.00 secs] 
33.332: [GC 33.332: [ParNew
Desired survivor size 557056 bytes, new threshold 1 (max 15)
- age   1:     731424 bytes,     731424 total
- age   2:     216296 bytes,     947720 total
: 1971K->1088K(2304K), 0.0031872 secs] 275525K->275000K(310484K), 0.0032492 secs] [Times: user=0.01 sys=0.01, real=0.01 secs] 
33.338: [GC 33.338: [ParNew
Desired survivor size 557056 bytes, new threshold 1 (max 15)
- age   1:     813040 bytes,     813040 total
: 2304K->1088K(2304K), 0.0048369 secs] 276216K->276336K(310484K), 0.0049081 secs] [Times: user=0.01 sys=0.00, real=0.00 secs] 
33.345: [GC 33.345: [ParNew
Desired survivor size 557056 bytes, new threshold 1 (max 15)
- age   1:    1080440 bytes,    1080440 total
: 2304K->1088K(2304K), 0.0039993 secs] 277552K->277253K(310484K), 0.0040721 secs] [Times: user=0.01 sys=0.00, real=0.00 secs] 
33.350: [GC 33.350: [ParNew
Desired survivor size 557056 bytes, new threshold 15 (max 15)
- age   1:     543760 bytes,     543760 total
: 2304K->1088K(2304K), 0.0034980 secs] 278469K->278308K(310484K), 0.0035671 secs] [Times: user=0.01 sys=0.00, real=0.00 secs] 
33.356: [GC 33.356: [ParNew
Desired survivor size 557056 bytes, new threshold 1 (max 15)
- age   1:     855168 bytes,     855168 total
- age   2:     255112 bytes,    1110280 total
: 2304K->1088K(2304K), 0.0040282 secs] 279524K->278962K(310484K), 0.0040915 secs] [Times: user=0.01 sys=0.00, real=0.00 secs] 
33.362: [GC 33.362: [ParNew
Desired survivor size 557056 bytes, new threshold 1 (max 15)
- age   1:     943160 bytes,     943160 total
: 2304K->1088K(2304K), 0.0044140 secs] 280178K->280331K(310484K), 0.0044818 secs] [Times: user=0.01 sys=0.00, real=0.01 secs] 
33.368: [GC 33.368: [ParNew
Desired survivor size 557056 bytes, new threshold 1 (max 15)
- age   1:     998552 bytes,     998552 total
: 2304K->1088K(2304K), 0.0043633 secs] 281547K->281471K(310484K), 0.0044343 secs] [Times: user=0.01 sys=0.01, real=0.00 secs] 
33.373: [GC 33.373: [ParNew
Desired survivor size 557056 bytes, new threshold 1 (max 15)
- age   1:     722520 bytes,     722520 total
: 2304K->1088K(2304K), 0.0044576 secs] 282687K->282446K(310484K), 0.0045283 secs] [Times: user=0.02 sys=0.00, real=0.01 secs] 
33.379: [GC 33.379: [ParNew
Desired survivor size 557056 bytes, new threshold 1 (max 15)
- age   1:     718384 bytes,     718384 total
: 2304K->961K(2304K), 0.0031098 secs] 283662K->283025K(310484K), 0.0031739 secs] [Times: user=0.01 sys=0.00, real=0.00 secs] 
33.384: [GC 33.384: [ParNew
Desired survivor size 557056 bytes, new threshold 15 (max 15)
- age   1:     290344 bytes,     290344 total
: 2177K->718K(2304K), 0.0026314 secs] 284241K->283484K(310484K), 0.0026915 secs] [Times: user=0.00 sys=0.00, real=0.00 secs] 
33.388: [GC 33.388: [ParNew
Desired survivor size 557056 bytes, new threshold 2 (max 15)
- age   1:     327488 bytes,     327488 total
- age   2:     290200 bytes,     617688 total
: 1934K->751K(2304K), 0.0017275 secs] 284700K->283517K(310484K), 0.0017729 secs] [Times: user=0.00 sys=0.00, real=0.00 secs] 
33.391: [GC 33.391: [ParNew
Desired survivor size 557056 bytes, new threshold 1 (max 15)
- age   1:     657392 bytes,     657392 total
- age   2:     289312 bytes,     946704 total
: 1967K->1088K(2304K), 0.0032475 secs] 284733K->284170K(310484K), 0.0033164 secs] [Times: user=0.01 sys=0.00, real=0.01 secs] 
33.396: [GC 33.396: [ParNew
Desired survivor size 557056 bytes, new threshold 1 (max 15)
- age   1:     657392 bytes,     657392 total
: 2304K->1027K(2304K), 0.0036695 secs] 285386K->285024K(310484K), 0.0037474 secs] [Times: user=0.01 sys=0.00, real=0.00 secs] 
33.401: [GC 33.401: [ParNew
Desired survivor size 557056 bytes, new threshold 15 (max 15)
- age   1:     383792 bytes,     383792 total
: 2243K->687K(2304K), 0.0027496 secs] 286240K->285326K(310484K), 0.0028113 secs] [Times: user=0.01 sys=0.00, real=0.01 secs] 
33.405: [GC 33.405: [ParNew
Desired survivor size 557056 bytes, new threshold 1 (max 15)
- age   1:     685400 bytes,     685400 total
- age   2:     381192 bytes,    1066592 total
: 1903K->1088K(2304K), 0.0024824 secs] 286542K->285729K(310484K), 0.0025779 secs] [Times: user=0.01 sys=0.00, real=0.00 secs] 
33.409: [GC 33.409: [ParNew
Desired survivor size 557056 bytes, new threshold 1 (max 15)
- age   1:     989456 bytes,     989456 total
: 2304K->1088K(2304K), 0.0054956 secs] 286945K->287010K(310484K), 0.0055690 secs] [Times: user=0.02 sys=0.01, real=0.01 secs] 
33.417: [GC 33.417: [ParNew
Desired survivor size 557056 bytes, new threshold 1 (max 15)
- age   1:     708232 bytes,     708232 total
: 2304K->1088K(2304K), 0.0036134 secs] 288226K->287976K(310484K), 0.0036830 secs] [Times: user=0.01 sys=0.00, real=0.00 secs] 
33.421: [GC 33.421: [ParNew
Desired survivor size 557056 bytes, new threshold 1 (max 15)
- age   1:     950784 bytes,     950784 total
: 2304K->1088K(2304K), 0.0038895 secs] 289192K->288933K(310484K), 0.0039572 secs] [Times: user=0.01 sys=0.00, real=0.01 secs] 
33.427: [GC 33.427: [ParNew
Desired survivor size 557056 bytes, new threshold 1 (max 15)
- age   1:     772024 bytes,     772024 total
: 2304K->1088K(2304K), 0.0035700 secs] 290149K->289909K(310484K), 0.0036413 secs] [Times: user=0.02 sys=0.00, real=0.00 secs] 
33.433: [GC 33.433: [ParNew
Desired survivor size 557056 bytes, new threshold 1 (max 15)
- age   1:    1046480 bytes,    1046480 total
: 2292K->1088K(2304K), 0.0050358 secs] 291114K->290770K(310484K), 0.0051225 secs] [Times: user=0.01 sys=0.00, real=0.01 secs] 
33.441: [GC 33.441: [ParNew
Desired survivor size 557056 bytes, new threshold 1 (max 15)
- age   1:     678840 bytes,     678840 total
: 2304K->1088K(2304K), 0.0047970 secs] 291986K->291837K(310484K), 0.0048641 secs] [Times: user=0.01 sys=0.00, real=0.01 secs] 
33.450: [GC 33.450: [ParNew
Desired survivor size 557056 bytes, new threshold 1 (max 15)
- age   1:     956608 bytes,     956608 total
: 2304K->1088K(2304K), 0.0035626 secs] 293053K->292672K(310484K), 0.0036531 secs] [Times: user=0.01 sys=0.01, real=0.00 secs] 
33.455: [GC 33.455: [ParNew
Desired survivor size 557056 bytes, new threshold 1 (max 15)
- age   1:     644056 bytes,     644056 total
: 2304K->1058K(2304K), 0.0044551 secs] 293888K->293553K(310484K), 0.0045237 secs] [Times: user=0.01 sys=0.00, real=0.00 secs] 
33.462: [GC 33.462: [ParNew
Desired survivor size 557056 bytes, new threshold 1 (max 15)
- age   1:     664912 bytes,     664912 total
: 2274K->756K(2304K), 0.0029596 secs] 294769K->293880K(310484K), 0.0030237 secs] [Times: user=0.01 sys=0.00, real=0.01 secs] 
33.466: [GC 33.466: [ParNew
Desired survivor size 557056 bytes, new threshold 1 (max 15)
- age   1:     715704 bytes,     715704 total
: 1972K->1041K(2304K), 0.0033029 secs] 295096K->294815K(310484K), 0.0033661 secs] [Times: user=0.01 sys=0.00, real=0.00 secs] 
33.471: [GC 33.471: [ParNew
Desired survivor size 557056 bytes, new threshold 1 (max 15)
- age   1:     560640 bytes,     560640 total
: 2257K->1009K(2304K), 0.0040947 secs] 296031K->295482K(310484K), 0.0041702 secs] [Times: user=0.01 sys=0.00, real=0.01 secs] 
33.477: [GC 33.477: [ParNew
Desired survivor size 557056 bytes, new threshold 1 (max 15)
- age   1:     748720 bytes,     748720 total
: 2225K->933K(2304K), 0.0029275 secs] 296698K->295953K(310484K), 0.0029909 secs] [Times: user=0.01 sys=0.00, real=0.00 secs] 
33.482: [GC 33.482: [ParNew
Desired survivor size 557056 bytes, new threshold 1 (max 15)
- age   1:     977944 bytes,     977944 total
: 2149K->1088K(2304K), 0.0046057 secs] 297169K->296902K(310484K), 0.0046768 secs] [Times: user=0.02 sys=0.00, real=0.01 secs] 
33.488: [GC 33.488: [ParNew
Desired survivor size 557056 bytes, new threshold 1 (max 15)
- age   1:     969256 bytes,     969256 total
: 2304K->1088K(2304K), 0.0043022 secs] 298118K->297894K(310484K), 0.0043727 secs] [Times: user=0.01 sys=0.00, real=0.00 secs] 
33.495: [GC 33.495: [ParNew
Desired survivor size 557056 bytes, new threshold 1 (max 15)
- age   1:     609288 bytes,     609288 total
: 2304K->1088K(2304K), 0.0034199 secs] 299110K->298851K(310484K), 0.0034891 secs] [Times: user=0.01 sys=0.01, real=0.00 secs] 
33.500: [GC 33.500: [ParNew
Desired survivor size 557056 bytes, new threshold 1 (max 15)
- age   1:    1060072 bytes,    1060072 total
: 2304K->1088K(2304K), 0.0035459 secs] 300067K->299559K(310484K), 0.0036448 secs] [Times: user=0.01 sys=0.00, real=0.00 secs] 
33.505: [GC 33.505: [ParNew
Desired survivor size 557056 bytes, new threshold 1 (max 15)
- age   1:     732488 bytes,     732488 total
: 2304K->1055K(2304K), 0.0047595 secs] 300775K->300562K(310484K), 0.0048247 secs] [Times: user=0.01 sys=0.00, real=0.00 secs] 
33.511: [GC 33.511: [ParNew
Desired survivor size 557056 bytes, new threshold 1 (max 15)
- age   1:     976080 bytes,     976080 total
: 2271K->1088K(2304K), 0.0033943 secs] 301778K->301310K(310484K), 0.0034623 secs] [Times: user=0.01 sys=0.00, real=0.01 secs] 
33.516: [GC 33.516: [ParNew
Desired survivor size 557056 bytes, new threshold 1 (max 15)
- age   1:     872904 bytes,     872904 total
: 2304K->1088K(2304K), 0.0063452 secs] 302526K->302531K(310484K), 0.0064332 secs] [Times: user=0.02 sys=0.00, real=0.00 secs] 
33.525: [GC 33.525: [ParNew
Desired survivor size 557056 bytes, new threshold 1 (max 15)
- age   1:     719440 bytes,     719440 total
: 2304K->1088K(2304K), 0.0033021 secs] 303747K->303404K(310484K), 0.0033815 secs] [Times: user=0.01 sys=0.00, real=0.00 secs] 
33.529: [GC 33.529: [ParNew
Desired survivor size 557056 bytes, new threshold 1 (max 15)
- age   1:     782784 bytes,     782784 total
: 2304K->928K(2304K), 0.0035327 secs] 304620K->303947K(310484K), 0.0035984 secs] [Times: user=0.01 sys=0.00, real=0.00 secs] 
33.534: [GC 33.534: [ParNew
Desired survivor size 557056 bytes, new threshold 1 (max 15)
- age   1:     851408 bytes,     851408 total
: 2144K->1088K(2304K), 0.0034012 secs] 305163K->304969K(310484K), 0.0034689 secs] [Times: user=0.01 sys=0.01, real=0.01 secs] 
33.538: [GC 33.538: [ParNew
Desired survivor size 557056 bytes, new threshold 1 (max 15)
- age   1:    1060840 bytes,    1060840 total
: 2304K->1088K(2304K), 0.0044866 secs] 306185K->305882K(310484K), 0.0045532 secs] [Times: user=0.02 sys=0.00, real=0.00 secs] 
33.544: [GC 33.544: [ParNew
Desired survivor size 557056 bytes, new threshold 1 (max 15)
- age   1:     718400 bytes,     718400 total
: 2304K->1088K(2304K), 0.0043627 secs] 307098K->306924K(310484K), 0.0044392 secs] [Times: user=0.01 sys=0.00, real=0.00 secs] 
33.552: [GC 33.552: [ParNew
Desired survivor size 557056 bytes, new threshold 1 (max 15)
- age   1:    1035736 bytes,    1035736 total
: 2304K->1088K(2304K), 0.0037317 secs] 308140K->307712K(310484K), 0.0038206 secs] [Times: user=0.01 sys=0.00, real=0.01 secs] 
33.557: [GC 33.557: [ParNew
Desired survivor size 557056 bytes, new threshold 1 (max 15)
- age   1:     736312 bytes,     736312 total
: 2304K->1088K(2304K), 0.0044437 secs] 308928K->308702K(310484K), 0.0045081 secs] [Times: user=0.02 sys=0.00, real=0.00 secs] 
33.564: [GC 33.564: [ParNew
Desired survivor size 557056 bytes, new threshold 15 (max 15)
- age   1:     522832 bytes,     522832 total
: 2304K->971K(2304K), 0.0030850 secs] 309918K->309292K(311252K), 0.0031514 secs] [Times: user=0.01 sys=0.00, real=0.01 secs] 
33.568: [GC 33.568: [ParNew
Desired survivor size 557056 bytes, new threshold 1 (max 15)
- age   1:     638680 bytes,     638680 total
- age   2:     474728 bytes,    1113408 total
: 2187K->1088K(2304K), 0.0033551 secs] 310508K->309932K(311828K), 0.0034210 secs] [Times: user=0.01 sys=0.00, real=0.00 secs] 
33.573: [GC 33.573: [ParNew
Desired survivor size 557056 bytes, new threshold 1 (max 15)
- age   1:     650456 bytes,     650456 total
: 2304K->1088K(2304K), 0.0050300 secs] 311148K->311074K(312788K), 0.0050954 secs] [Times: user=0.02 sys=0.01, real=0.01 secs] 
33.581: [GC 33.581: [ParNew
Desired survivor size 557056 bytes, new threshold 15 (max 15)
- age   1:     166680 bytes,     166680 total
: 2304K->582K(2304K), 0.0032918 secs] 312290K->311204K(313556K), 0.0033663 secs] [Times: user=0.01 sys=0.00, real=0.01 secs] 
33.586: [GC 33.586: [ParNew
Desired survivor size 557056 bytes, new threshold 1 (max 15)
- age   1:     638528 bytes,     638528 total
- age   2:     166552 bytes,     805080 total
: 1798K->865K(2304K), 0.0019891 secs] 312420K->311487K(313556K), 0.0020767 secs] [Times: user=0.00 sys=0.00, real=0.00 secs] 
33.590: [GC 33.590: [ParNew
Desired survivor size 557056 bytes, new threshold 15 (max 15)
- age   1:     470808 bytes,     470808 total
: 2081K->748K(2304K), 0.0046319 secs] 312703K->312156K(314324K), 0.0047072 secs] [Times: user=0.01 sys=0.00, real=0.01 secs] 
33.596: [GC 33.596: [ParNew
Desired survivor size 557056 bytes, new threshold 1 (max 15)
- age   1:     625504 bytes,     625504 total
- age   2:     361544 bytes,     987048 total
: 1964K->1088K(2304K), 0.0032318 secs] 313372K->312654K(314324K), 0.0032992 secs] [Times: user=0.00 sys=0.00, real=0.00 secs] 
33.601: [GC 33.601: [ParNew
Desired survivor size 557056 bytes, new threshold 1 (max 15)
- age   1:     978168 bytes,     978168 total
: 2304K->1088K(2304K), 0.0045235 secs] 313870K->313789K(315476K), 0.0045900 secs] [Times: user=0.01 sys=0.00, real=0.01 secs] 
33.608: [GC 33.608: [ParNew
Desired survivor size 557056 bytes, new threshold 1 (max 15)
- age   1:     574784 bytes,     574784 total
: 2304K->1088K(2304K), 0.0035927 secs] 315005K->314744K(316628K), 0.0036651 secs] [Times: user=0.01 sys=0.00, real=0.00 secs] 
33.614: [GC 33.614: [ParNew
Desired survivor size 557056 bytes, new threshold 1 (max 15)
- age   1:    1054048 bytes,    1054048 total
: 2304K->1088K(2304K), 0.0035912 secs] 315960K->315402K(317204K), 0.0036585 secs] [Times: user=0.01 sys=0.00, real=0.01 secs] 
33.619: [GC 33.619: [ParNew
Desired survivor size 557056 bytes, new threshold 1 (max 15)
- age   1:     687640 bytes,     687640 total
: 2304K->1078K(2304K), 0.0047188 secs] 316618K->316421K(318164K), 0.0048011 secs] [Times: user=0.01 sys=0.01, real=0.00 secs] 
33.625: [GC 33.625: [ParNew
Desired survivor size 557056 bytes, new threshold 1 (max 15)
- age   1:     826432 bytes,     826432 total
: 2294K->1078K(2304K), 0.0034166 secs] 317637K->317093K(318932K), 0.0034802 secs] [Times: user=0.01 sys=0.00, real=0.00 secs] 
33.630: [GC 33.631: [ParNew
Desired survivor size 557056 bytes, new threshold 1 (max 15)
- age   1:     784056 bytes,     784056 total
: 2294K->1088K(2304K), 0.0036141 secs] 318309K->317911K(319700K), 0.0036817 secs] [Times: user=0.01 sys=0.00, real=0.01 secs] 
33.636: [GC 33.636: [ParNew
Desired survivor size 557056 bytes, new threshold 1 (max 15)
- age   1:    1014216 bytes,    1014216 total
: 2304K->1088K(2304K), 0.0043961 secs] 319127K->318838K(320660K), 0.0044668 secs] [Times: user=0.01 sys=0.00, real=0.00 secs] 
33.646: [GC 33.646: [ParNew
Desired survivor size 557056 bytes, new threshold 1 (max 15)
- age   1:     976976 bytes,     976976 total
: 2304K->1088K(2304K), 0.0055445 secs] 320054K->320030K(321812K), 0.0056047 secs] [Times: user=0.02 sys=0.00, real=0.00 secs] 
33.653: [GC 33.653: [ParNew
Desired survivor size 557056 bytes, new threshold 1 (max 15)
- age   1:     583640 bytes,     583640 total
: 2304K->949K(2304K), 0.0036560 secs] 321246K->320846K(322772K), 0.0037262 secs] [Times: user=0.01 sys=0.00, real=0.01 secs] 
33.660: [GC 33.660: [ParNew
Desired survivor size 557056 bytes, new threshold 15 (max 15)
- age   1:     191912 bytes,     191912 total
: 2165K->664K(2304K), 0.0023272 secs] 322062K->321131K(323348K), 0.0023869 secs] [Times: user=0.01 sys=0.01, real=0.00 secs] 
33.664: [GC 33.665: [ParNew
Desired survivor size 557056 bytes, new threshold 15 (max 15)
- age   1:     175048 bytes,     175048 total
- age   2:     191840 bytes,     366888 total
: 1880K->455K(2304K), 0.0018216 secs] 322347K->320922K(323348K), 0.0018888 secs] [Times: user=0.01 sys=0.00, real=0.00 secs] 
33.669: [GC 33.669: [ParNew
Desired survivor size 557056 bytes, new threshold 15 (max 15)
- age   1:      97480 bytes,      97480 total
- age   2:     174544 bytes,     272024 total
- age   3:     191840 bytes,     463864 total
: 1671K->520K(2304K), 0.0019463 secs] 322138K->320987K(323348K), 0.0020236 secs] [Times: user=0.01 sys=0.00, real=0.00 secs] 
33.674: [GC 33.674: [ParNew
Desired survivor size 557056 bytes, new threshold 2 (max 15)
- age   1:     517416 bytes,     517416 total
- age   2:      97352 bytes,     614768 total
- age   3:     176632 bytes,     791400 total
- age   4:     191840 bytes,     983240 total
: 1736K->1087K(2304K), 0.0031893 secs] 322203K->321553K(323348K), 0.0032955 secs] [Times: user=0.01 sys=0.00, real=0.01 secs] 
33.679: [GC 33.679: [ParNew
Desired survivor size 557056 bytes, new threshold 2 (max 15)
- age   1:     221368 bytes,     221368 total
- age   2:     517384 bytes,     738752 total
: 2303K->1088K(2304K), 0.0028379 secs] 322769K->322007K(323732K), 0.0029042 secs] [Times: user=0.01 sys=0.00, real=0.00 secs] 
33.683: [GC 33.683: [ParNew
Desired survivor size 557056 bytes, new threshold 15 (max 15)
- age   1:     189584 bytes,     189584 total
- age   2:     221248 bytes,     410832 total
: 2304K->891K(2304K), 0.0025729 secs] 323223K->322316K(324308K), 0.0026318 secs] [Times: user=0.01 sys=0.00, real=0.01 secs] 
33.687: [GC 33.687: [ParNew
Desired survivor size 557056 bytes, new threshold 1 (max 15)
- age   1:     699880 bytes,     699880 total
- age   2:     151200 bytes,     851080 total
- age   3:     221248 bytes,    1072328 total
: 2107K->1088K(2304K), 0.0022117 secs] 323532K->322549K(324308K), 0.0022679 secs] [Times: user=0.01 sys=0.00, real=0.00 secs] 
33.691: [GC 33.691: [ParNew
Desired survivor size 557056 bytes, new threshold 1 (max 15)
- age   1:     620688 bytes,     620688 total
: 2304K->1084K(2304K), 0.0046600 secs] 323765K->323593K(325268K), 0.0047270 secs] [Times: user=0.02 sys=0.00, real=0.01 secs] 
33.699: [GC 33.699: [ParNew
Desired survivor size 557056 bytes, new threshold 1 (max 15)
- age   1:    1098736 bytes,    1098736 total
: 2300K->1088K(2304K), 0.0048080 secs] 324809K->324307K(326036K), 0.0048844 secs] [Times: user=0.01 sys=0.00, real=0.00 secs] 
33.706: [GC 33.706: [ParNew
Desired survivor size 557056 bytes, new threshold 1 (max 15)
- age   1:     617360 bytes,     617360 total
: 2304K->1088K(2304K), 0.0053024 secs] 325523K->325380K(327188K), 0.0053755 secs] [Times: user=0.01 sys=0.01, real=0.00 secs] 
33.714: [GC 33.715: [ParNew
Desired survivor size 557056 bytes, new threshold 15 (max 15)
- age   1:     320912 bytes,     320912 total
: 2304K->562K(2304K), 0.0028913 secs] 326596K->325455K(327764K), 0.0029745 secs] [Times: user=0.01 sys=0.00, real=0.00 secs] 
33.719: [GC 33.719: [ParNew
Desired survivor size 557056 bytes, new threshold 2 (max 15)
- age   1:     520416 bytes,     520416 total
- age   2:     315456 bytes,     835872 total
: 1778K->920K(2304K), 0.0021255 secs] 326671K->325813K(327764K), 0.0021850 secs] [Times: user=0.00 sys=0.00, real=0.00 secs] 
33.723: [GC 33.723: [ParNew
Desired survivor size 557056 bytes, new threshold 1 (max 15)
- age   1:     640184 bytes,     640184 total
- age   2:     440968 bytes,    1081152 total
: 2136K->1088K(2304K), 0.0039487 secs] 327029K->326601K(328340K), 0.0040293 secs] [Times: user=0.01 sys=0.00, real=0.01 secs] 
33.729: [GC 33.729: [ParNew
Desired survivor size 557056 bytes, new threshold 15 (max 15)
- age   1:     288680 bytes,     288680 total
: 2304K->959K(2304K), 0.0037586 secs] 327817K->327528K(329492K), 0.0038250 secs] [Times: user=0.01 sys=0.00, real=0.00 secs] 
33.736: [GC 33.736: [ParNew
Desired survivor size 557056 bytes, new threshold 2 (max 15)
- age   1:     487496 bytes,     487496 total
- age   2:     288552 bytes,     776048 total
: 2175K->930K(2304K), 0.0023361 secs] 328744K->327500K(329492K), 0.0024052 secs] [Times: user=0.01 sys=0.00, real=0.00 secs] 
33.742: [GC 33.742: [ParNew
Desired survivor size 557056 bytes, new threshold 2 (max 15)
- age   1:     349016 bytes,     349016 total
- age   2:     485800 bytes,     834816 total
: 2146K->1088K(2304K), 0.0045093 secs] 328716K->327939K(329684K), 0.0045954 secs] [Times: user=0.00 sys=0.00, real=0.01 secs] 
33.752: [GC 33.752: [ParNew
Desired survivor size 557056 bytes, new threshold 15 (max 15)
- age   1:      56784 bytes,      56784 total
- age   2:     348888 bytes,     405672 total
: 2304K->773K(2304K), 0.0028655 secs] 329155K->328098K(330260K), 0.0029511 secs] [Times: user=0.01 sys=0.01, real=0.01 secs] 
33.756: [GC 33.756: [ParNew
Desired survivor size 557056 bytes, new threshold 15 (max 15)
- age   1:      73744 bytes,      73744 total
- age   2:      56456 bytes,     130200 total
- age   3:     321328 bytes,     451528 total
: 1989K->512K(2304K), 0.0018095 secs] 329314K->327838K(330260K), 0.0018611 secs] [Times: user=0.00 sys=0.00, real=0.00 secs] 
33.760: [GC 33.760: [ParNew
Desired survivor size 557056 bytes, new threshold 4 (max 15)
- age   1:     401704 bytes,     401704 total
- age   2:      72712 bytes,     474416 total
- age   3:      56416 bytes,     530832 total
- age   4:     321328 bytes,     852160 total
: 1728K->976K(2304K), 0.0020306 secs] 329054K->328302K(330260K), 0.0020913 secs] [Times: user=0.01 sys=0.00, real=0.00 secs] 
33.764: [GC 33.764: [ParNew
Desired survivor size 557056 bytes, new threshold 1 (max 15)
- age   1:     754944 bytes,     754944 total
- age   2:     229424 bytes,     984368 total
- age   3:      72712 bytes,    1057080 total
- age   4:      55456 bytes,    1112536 total
: 2192K->1087K(2304K), 0.0046658 secs] 329518K->329318K(331220K), 0.0047333 secs] [Times: user=0.01 sys=0.00, real=0.00 secs] 
33.771: [GC 33.771: [ParNew
Desired survivor size 557056 bytes, new threshold 1 (max 15)
- age   1:     987488 bytes,     987488 total
: 2303K->1088K(2304K), 0.0062274 secs] 330534K->330602K(332564K), 0.0062920 secs] [Times: user=0.02 sys=0.00, real=0.01 secs] 
33.779: [GC 33.779: [ParNew
Desired survivor size 557056 bytes, new threshold 1 (max 15)
- age   1:     967560 bytes,     967560 total
: 2303K->1088K(2304K), 0.0053910 secs] 331818K->331750K(333716K), 0.0054628 secs] [Times: user=0.02 sys=0.00, real=0.01 secs] 
33.787: [GC 33.787: [ParNew
Desired survivor size 557056 bytes, new threshold 1 (max 15)
- age   1:     988224 bytes,     988224 total
: 2304K->1088K(2304K), 0.0046143 secs] 332966K->332934K(334868K), 0.0046817 secs] [Times: user=0.01 sys=0.00, real=0.00 secs] 
33.793: [GC 33.793: [ParNew
Desired survivor size 557056 bytes, new threshold 1 (max 15)
- age   1:     637624 bytes,     637624 total
: 2304K->1088K(2304K), 0.0038309 secs] 334150K->333935K(335828K), 0.0039020 secs] [Times: user=0.02 sys=0.01, real=0.01 secs] 
33.802: [GC 33.802: [ParNew
Desired survivor size 557056 bytes, new threshold 1 (max 15)
- age   1:     621424 bytes,     621424 total
: 2304K->709K(2304K), 0.0033449 secs] 335151K->334180K(336404K), 0.0034143 secs] [Times: user=0.01 sys=0.00, real=0.01 secs] 
33.808: [GC 33.808: [ParNew
Desired survivor size 557056 bytes, new threshold 15 (max 15)
- age   1:     352832 bytes,     352832 total
: 1925K->573K(2304K), 0.0041326 secs] 335396K->334649K(336980K), 0.0042086 secs] [Times: user=0.01 sys=0.00, real=0.00 secs] 
33.815: [GC 33.815: [ParNew
Desired survivor size 557056 bytes, new threshold 1 (max 15)
- age   1:     756792 bytes,     756792 total
- age   2:     349688 bytes,    1106480 total
: 1789K->1088K(2304K), 0.0035185 secs] 335865K->335621K(337556K), 0.0035873 secs] [Times: user=0.01 sys=0.00, real=0.00 secs] 
33.820: [GC 33.820: [ParNew
Desired survivor size 557056 bytes, new threshold 1 (max 15)
- age   1:     569592 bytes,     569592 total
: 2304K->1088K(2304K), 0.0045497 secs] 336837K->336749K(338708K), 0.0046261 secs] [Times: user=0.01 sys=0.00, real=0.01 secs] 
33.827: [GC 33.827: [ParNew
Desired survivor size 557056 bytes, new threshold 1 (max 15)
- age   1:    1051000 bytes,    1051000 total
: 2304K->1086K(2304K), 0.0034336 secs] 337965K->337422K(339284K), 0.0035033 secs] [Times: user=0.01 sys=0.00, real=0.00 secs] 
33.833: [GC 33.833: [ParNew
Desired survivor size 557056 bytes, new threshold 1 (max 15)
- age   1:     638240 bytes,     638240 total
: 2302K->1088K(2304K), 0.0042446 secs] 338638K->338518K(340244K), 0.0043136 secs] [Times: user=0.02 sys=0.01, real=0.01 secs] 
33.838: [GC 33.838: [ParNew
Desired survivor size 557056 bytes, new threshold 15 (max 15)
- age   1:     271808 bytes,     271808 total
: 2304K->453K(2304K), 0.0028723 secs] 339734K->338506K(341012K), 0.0029319 secs] [Times: user=0.01 sys=0.00, real=0.00 secs] 
33.843: [GC 33.843: [ParNew
Desired survivor size 557056 bytes, new threshold 1 (max 15)
- age   1:     562728 bytes,     562728 total
- age   2:     271808 bytes,     834536 total
: 1669K->957K(2304K), 0.0026471 secs] 339722K->339011K(341012K), 0.0027220 secs] [Times: user=0.00 sys=0.00, real=0.01 secs] 
33.849: [GC 33.849: [ParNew
Desired survivor size 557056 bytes, new threshold 1 (max 15)
- age   1:     944456 bytes,     944456 total
: 2173K->1088K(2304K), 0.0043088 secs] 340227K->340239K(342164K), 0.0043803 secs] [Times: user=0.02 sys=0.00, real=0.00 secs] 
33.855: [GC 33.855: [ParNew
Desired survivor size 557056 bytes, new threshold 1 (max 15)
- age   1:     575104 bytes,     575104 total
: 2304K->1088K(2304K), 0.0035333 secs] 341455K->341215K(343124K), 0.0036000 secs] [Times: user=0.01 sys=0.00, real=0.00 secs] 
33.861: [GC 33.862: [ParNew
Desired survivor size 557056 bytes, new threshold 15 (max 15)
- age   1:     497224 bytes,     497224 total
: 2304K->743K(2304K), 0.0033222 secs] 342431K->341433K(343508K), 0.0034006 secs] [Times: user=0.01 sys=0.00, real=0.01 secs] 
33.869: [GC 33.869: [ParNew
Desired survivor size 557056 bytes, new threshold 1 (max 15)
- age   1:     779008 bytes,     779008 total
- age   2:     330792 bytes,    1109800 total
: 1959K->1088K(2304K), 0.0039536 secs] 342649K->342225K(344084K), 0.0040244 secs] [Times: user=0.01 sys=0.00, real=0.00 secs] 
33.875: [GC 33.875: [ParNew
Desired survivor size 557056 bytes, new threshold 15 (max 15)
- age   1:     484880 bytes,     484880 total
: 2304K->1088K(2304K), 0.0042279 secs] 343441K->343297K(345044K), 0.0042982 secs] [Times: user=0.01 sys=0.00, real=0.00 secs] 
33.881: [GC 33.881: [ParNew
Desired survivor size 557056 bytes, new threshold 1 (max 15)
- age   1:     564136 bytes,     564136 total
- age   2:     484880 bytes,    1049016 total
: 2304K->1088K(2304K), 0.0024797 secs] 344513K->343321K(345044K), 0.0025543 secs] [Times: user=0.01 sys=0.00, real=0.00 secs] 
33.886: [GC 33.886: [ParNew
Desired survivor size 557056 bytes, new threshold 15 (max 15)
- age   1:        208 bytes,        208 total
: 2304K->435K(2304K), 0.0034911 secs] 344537K->343693K(346196K), 0.0035642 secs] [Times: user=0.01 sys=0.00, real=0.00 secs] 
33.892: [GC 33.892: [ParNew
Desired survivor size 557056 bytes, new threshold 15 (max 15)
- age   1:      74560 bytes,      74560 total
- age   2:         72 bytes,      74632 total
: 1651K->217K(2304K), 0.0016821 secs] 344909K->343475K(346196K), 0.0017492 secs] [Times: user=0.00 sys=0.00, real=0.00 secs] 
33.894: [CMS-concurrent-preclean: 0.198/0.686 secs] [Times: user=1.93 sys=0.17, real=0.69 secs] 
33.894: [GC[YG occupancy: 311 K (2304 K)]33.894: [Rescan (parallel) , 0.0031508 secs]33.897: [weak refs processing, 0.0000219 secs] [1 CMS-remark: 343258K(343892K)] 343569K(346196K), 0.0032662 secs] [Times: user=0.01 sys=0.00, real=0.00 secs] 
33.898: [CMS-concurrent-sweep-start]
33.899: [GC 33.899: [ParNew
Desired survivor size 557056 bytes, new threshold 1 (max 15)
- age   1:     567064 bytes,     567064 total
- age   2:      74432 bytes,     641496 total
- age   3:         72 bytes,     641568 total
: 1433K->663K(2304K), 0.0019772 secs] 344497K->343726K(346196K), 0.0020334 secs] [Times: user=0.01 sys=0.00, real=0.00 secs] 
33.903: [GC 33.903: [ParNew
Desired survivor size 557056 bytes, new threshold 15 (max 15)
- age   1:     481312 bytes,     481312 total
: 1879K->710K(2304K), 0.0027813 secs] 344568K->344026K(346580K), 0.0028483 secs] [Times: user=0.01 sys=0.00, real=0.01 secs] 
33.909: [GC 33.909: [ParNew
Desired survivor size 557056 bytes, new threshold 1 (max 15)
- age   1:     772552 bytes,     772552 total
- age   2:     340240 bytes,    1112792 total
: 1926K->1088K(2304K), 0.0034753 secs] 344822K->344574K(346964K), 0.0035447 secs] [Times: user=0.01 sys=0.00, real=0.00 secs] 
33.915: [GC 33.915: [ParNew
Desired survivor size 557056 bytes, new threshold 15 (max 15)
- age   1:     548504 bytes,     548504 total
: 2304K->1054K(2304K), 0.0034249 secs] 344980K->344817K(347540K), 0.0034940 secs] [Times: user=0.01 sys=0.01, real=0.00 secs] 
33.920: [GC 33.920: [ParNew
Desired survivor size 557056 bytes, new threshold 1 (max 15)
- age   1:     563656 bytes,     563656 total
- age   2:     548504 bytes,    1112160 total
: 2270K->1088K(2304K), 0.0023752 secs] 345536K->344409K(347540K), 0.0024377 secs] [Times: user=0.00 sys=0.00, real=0.00 secs] 
33.925: [GC 33.925: [ParNew
Desired survivor size 557056 bytes, new threshold 1 (max 15)
- age   1:     878848 bytes,     878848 total
: 2304K->1088K(2304K), 0.0052549 secs] 345020K->345227K(348116K), 0.0053228 secs] [Times: user=0.02 sys=0.00, real=0.00 secs] 
33.932: [GC 33.932: [ParNew
Desired survivor size 557056 bytes, new threshold 15 (max 15)
- age   1:     556584 bytes,     556584 total
: 2304K->1088K(2304K), 0.0032049 secs] 346029K->345755K(348500K), 0.0032730 secs] [Times: user=0.01 sys=0.00, real=0.01 secs] 
33.937: [GC 33.937: [ParNew
Desired survivor size 557056 bytes, new threshold 1 (max 15)
- age   1:     563704 bytes,     563704 total
- age   2:     538392 bytes,    1102096 total
: 2304K->1088K(2304K), 0.0023845 secs] 346343K->345214K(348500K), 0.0024468 secs] [Times: user=0.01 sys=0.00, real=0.00 secs] 
33.942: [GC 33.942: [ParNew
Desired survivor size 557056 bytes, new threshold 1 (max 15)
- age   1:     911288 bytes,     911288 total
: 2304K->1088K(2304K), 0.0053179 secs] 345319K->345496K(348884K), 0.0053908 secs] [Times: user=0.01 sys=0.00, real=0.01 secs] 
33.949: [GC 33.949: [ParNew
Desired survivor size 557056 bytes, new threshold 1 (max 15)
- age   1:     781096 bytes,     781096 total
: 2304K->1088K(2304K), 0.0040656 secs] 346170K->345978K(348884K), 0.0041346 secs] [Times: user=0.01 sys=0.00, real=0.00 secs] 
33.955: [GC 33.955: [ParNew
Desired survivor size 557056 bytes, new threshold 15 (max 15)
- age   1:        296 bytes,        296 total
: 2304K->597K(2304K), 0.0028493 secs] 346943K->345999K(349268K), 0.0029165 secs] [Times: user=0.01 sys=0.00, real=0.00 secs] 
33.960: [GC 33.960: [ParNew
Desired survivor size 557056 bytes, new threshold 15 (max 15)
- age   1:     355752 bytes,     355752 total
- age   2:        168 bytes,     355920 total
: 1813K->447K(2304K), 0.0023711 secs] 346881K->345516K(349268K), 0.0024423 secs] [Times: user=0.00 sys=0.00, real=0.00 secs] 
33.964: [GC 33.964: [ParNew
Desired survivor size 557056 bytes, new threshold 2 (max 15)
- age   1:     553496 bytes,     553496 total
- age   2:     347208 bytes,     900704 total
- age   3:        136 bytes,     900840 total
: 1663K->984K(2304K), 0.0021040 secs] 346204K->345525K(349268K), 0.0021623 secs] [Times: user=0.00 sys=0.00, real=0.01 secs] 
33.967: [GC 33.968: [ParNew
Desired survivor size 557056 bytes, new threshold 2 (max 15)
- age   1:     255008 bytes,     255008 total
- age   2:     553424 bytes,     808432 total
: 2200K->1088K(2304K), 0.0025613 secs] 346284K->345526K(349268K), 0.0026204 secs] [Times: user=0.01 sys=0.01, real=0.00 secs] 
33.972: [GC 33.972: [ParNew
Desired survivor size 557056 bytes, new threshold 15 (max 15)
- age   1:     182888 bytes,     182888 total
- age   2:     254744 bytes,     437632 total
: 2304K->969K(2304K), 0.0025721 secs] 346271K->345477K(349268K), 0.0026319 secs] [Times: user=0.01 sys=0.00, real=0.01 secs] 
33.976: [GC 33.976: [ParNew
Desired survivor size 557056 bytes, new threshold 1 (max 15)
- age   1:     604208 bytes,     604208 total
- age   2:     182568 bytes,     786776 total
- age   3:     248960 bytes,    1035736 total
: 2185K->1088K(2304K), 0.0028696 secs] 346007K->344916K(349268K), 0.0029315 secs] [Times: user=0.00 sys=0.00, real=0.00 secs] 
33.981: [GC 33.981: [ParNew
Desired survivor size 557056 bytes, new threshold 1 (max 15)
- age   1:     807592 bytes,     807592 total
: 2304K->1058K(2304K), 0.0035847 secs] 345319K->345086K(349460K), 0.0036577 secs] [Times: user=0.01 sys=0.00, real=0.01 secs] 
33.988: [GC 33.988: [ParNew
Desired survivor size 557056 bytes, new threshold 1 (max 15)
- age   1:     984664 bytes,     984664 total
: 2274K->1088K(2304K), 0.0032390 secs] 345112K->344720K(349460K), 0.0033083 secs] [Times: user=0.01 sys=0.00, real=0.00 secs] 
33.993: [GC 33.993: [ParNew
Desired survivor size 557056 bytes, new threshold 15 (max 15)
- age   1:     386256 bytes,     386256 total
: 2304K->922K(2304K), 0.0038933 secs] 345010K->344589K(349460K), 0.0039645 secs] [Times: user=0.01 sys=0.00, real=0.01 secs] 
33.998: [GC 33.998: [ParNew
Desired survivor size 557056 bytes, new threshold 2 (max 15)
- age   1:     214904 bytes,     214904 total
- age   2:     386216 bytes,     601120 total
: 2138K->743K(2304K), 0.0020164 secs] 345163K->343769K(349460K), 0.0020850 secs] [Times: user=0.01 sys=0.00, real=0.00 secs] 
34.002: [GC 34.002: [ParNew
Desired survivor size 557056 bytes, new threshold 15 (max 15)
- age   1:     235568 bytes,     235568 total
- age   2:     214704 bytes,     450272 total
: 1959K->666K(2304K), 0.0022141 secs] 344297K->343381K(349460K), 0.0022692 secs] [Times: user=0.01 sys=0.00, real=0.01 secs] 
34.005: [GC 34.005: [ParNew
Desired survivor size 557056 bytes, new threshold 3 (max 15)
- age   1:     224880 bytes,     224880 total
- age   2:     235440 bytes,     460320 total
- age   3:     214704 bytes,     675024 total
: 1882K->1042K(2304K), 0.0025315 secs] 344206K->343366K(349460K), 0.0025944 secs] [Times: user=0.01 sys=0.00, real=0.00 secs] 
34.010: [GC 34.010: [ParNew
Desired survivor size 557056 bytes, new threshold 3 (max 15)
- age   1:     308760 bytes,     308760 total
- age   2:     224880 bytes,     533640 total
- age   3:     235440 bytes,     769080 total
: 2258K->1067K(2304K), 0.0028070 secs] 343981K->343001K(349460K), 0.0028684 secs] [Times: user=0.01 sys=0.00, real=0.00 secs] 
34.014: [GC 34.014: [ParNew
Desired survivor size 557056 bytes, new threshold 2 (max 15)
- age   1:     444240 bytes,     444240 total
- age   2:     282992 bytes,     727232 total
- age   3:     216400 bytes,     943632 total
: 2283K->1088K(2304K), 0.0030535 secs] 343557K->342795K(349460K), 0.0031169 secs] [Times: user=0.01 sys=0.00, real=0.00 secs] 
34.019: [GC 34.019: [ParNew
Desired survivor size 557056 bytes, new threshold 2 (max 15)
- age   1:     263136 bytes,     263136 total
- age   2:     444240 bytes,     707376 total
: 2304K->870K(2304K), 0.0027817 secs] 343223K->342277K(349460K), 0.0028555 secs] [Times: user=0.01 sys=0.01, real=0.00 secs] 
34.024: [GC 34.024: [ParNew
Desired survivor size 557056 bytes, new threshold 15 (max 15)
- age   1:     259552 bytes,     259552 total
- age   2:     263064 bytes,     522616 total
: 2086K->919K(2304K), 0.0026893 secs] 342758K->342025K(349460K), 0.0027755 secs] [Times: user=0.01 sys=0.00, real=0.00 secs] 
34.030: [GC 34.030: [ParNew
Desired survivor size 557056 bytes, new threshold 2 (max 15)
- age   1:     396976 bytes,     396976 total
- age   2:     259480 bytes,     656456 total
- age   3:     263064 bytes,     919520 total
: 2135K->1088K(2304K), 0.0028624 secs] 342054K->341007K(349460K), 0.0029389 secs] [Times: user=0.00 sys=0.00, real=0.00 secs] 
34.037: [GC 34.037: [ParNew
Desired survivor size 557056 bytes, new threshold 2 (max 15)
- age   1:     468568 bytes,     468568 total
- age   2:     396552 bytes,     865120 total
: 2304K->1088K(2304K), 0.0028280 secs] 340876K->340170K(349460K), 0.0029031 secs] [Times: user=0.01 sys=0.00, real=0.00 secs] 
34.041: [GC 34.041: [ParNew
Desired survivor size 557056 bytes, new threshold 2 (max 15)
- age   1:     503464 bytes,     503464 total
- age   2:     468056 bytes,     971520 total
: 2304K->1088K(2304K), 0.0029814 secs] 340279K->339591K(349460K), 0.0030587 secs] [Times: user=0.01 sys=0.00, real=0.01 secs] 
34.046: [GC 34.046: [ParNew
Desired survivor size 557056 bytes, new threshold 2 (max 15)
- age   1:     415368 bytes,     415368 total
- age   2:     503464 bytes,     918832 total
: 2304K->1088K(2304K), 0.0028653 secs] 339316K->338581K(349460K), 0.0029396 secs] [Times: user=0.01 sys=0.00, real=0.00 secs] 
34.050: [GC 34.050: [ParNew
Desired survivor size 557056 bytes, new threshold 1 (max 15)
- age   1:     728208 bytes,     728208 total
- age   2:     384960 bytes,    1113168 total
: 2304K->1088K(2304K), 0.0032793 secs] 339419K->338877K(349460K), 0.0033458 secs] [Times: user=0.01 sys=0.00, real=0.00 secs] 
34.056: [GC 34.056: [ParNew
Desired survivor size 557056 bytes, new threshold 1 (max 15)
- age   1:     661512 bytes,     661512 total
: 2304K->1088K(2304K), 0.0037427 secs] 339313K->339215K(349460K), 0.0038150 secs] [Times: user=0.01 sys=0.00, real=0.00 secs] 
34.062: [GC 34.062: [ParNew
Desired survivor size 557056 bytes, new threshold 1 (max 15)
- age   1:    1108768 bytes,    1108768 total
: 2304K->1088K(2304K), 0.0048293 secs] 339433K->338939K(349460K), 0.0049163 secs] [Times: user=0.01 sys=0.00, real=0.01 secs] 
34.069: [GC 34.069: [ParNew
Desired survivor size 557056 bytes, new threshold 1 (max 15)
- age   1:     560720 bytes,     560720 total
: 2304K->1088K(2304K), 0.0038163 secs] 339281K->339148K(349460K), 0.0038890 secs] [Times: user=0.01 sys=0.00, real=0.00 secs] 
34.074: [GC 34.074: [ParNew
Desired survivor size 557056 bytes, new threshold 15 (max 15)
- age   1:        256 bytes,        256 total
: 2304K->329K(2304K), 0.0025283 secs] 339667K->338241K(349460K), 0.0025953 secs] [Times: user=0.01 sys=0.00, real=0.01 secs] 
34.078: [GC 34.078: [ParNew
Desired survivor size 557056 bytes, new threshold 1 (max 15)
- age   1:     612944 bytes,     612944 total
- age   2:        184 bytes,     613128 total
: 1545K->659K(2304K), 0.0023348 secs] 338497K->337611K(349460K), 0.0024024 secs] [Times: user=0.01 sys=0.01, real=0.00 secs] 
34.082: [GC 34.083: [ParNew
Desired survivor size 557056 bytes, new threshold 1 (max 15)
- age   1:    1084984 bytes,    1084984 total
: 1875K->1088K(2304K), 0.0037182 secs] 337646K->337602K(349460K), 0.0037881 secs] [Times: user=0.01 sys=0.00, real=0.01 secs] 
34.087: [GC 34.087: [ParNew
Desired survivor size 557056 bytes, new threshold 1 (max 15)
- age   1:     770584 bytes,     770584 total
: 2304K->1088K(2304K), 0.0049439 secs] 338330K->338598K(349460K), 0.0050369 secs] [Times: user=0.02 sys=0.00, real=0.00 secs] 
34.093: [GC 34.093: [ParNew
Desired survivor size 557056 bytes, new threshold 1 (max 15)
- age   1:     726808 bytes,     726808 total
: 2304K->1088K(2304K), 0.0032002 secs] 338833K->338368K(349460K), 0.0032652 secs] [Times: user=0.01 sys=0.00, real=0.01 secs] 
34.098: [GC 34.098: [ParNew
Desired survivor size 557056 bytes, new threshold 1 (max 15)
- age   1:     990816 bytes,     990816 total
: 2304K->1088K(2304K), 0.0037205 secs] 338557K->338210K(349460K), 0.0037917 secs] [Times: user=0.01 sys=0.00, real=0.00 secs] 
34.103: [GC 34.104: [ParNew
Desired survivor size 557056 bytes, new threshold 1 (max 15)
- age   1:     616312 bytes,     616312 total
: 2304K->1088K(2304K), 0.0037808 secs] 338258K->338000K(349460K), 0.0038515 secs] [Times: user=0.02 sys=0.00, real=0.01 secs] 
34.109: [GC 34.109: [ParNew
Desired survivor size 557056 bytes, new threshold 15 (max 15)
- age   1:     516360 bytes,     516360 total
: 2304K->679K(2304K), 0.0033368 secs] 337742K->336719K(349460K), 0.0034061 secs] [Times: user=0.01 sys=0.00, real=0.00 secs] 
34.114: [GC 34.114: [ParNew
Desired survivor size 557056 bytes, new threshold 1 (max 15)
- age   1:     851824 bytes,     851824 total
- age   2:     261648 bytes,    1113472 total
: 1895K->1088K(2304K), 0.0035686 secs] 337041K->336776K(349460K), 0.0036339 secs] [Times: user=0.02 sys=0.00, real=0.00 secs] 
34.121: [GC 34.121: [ParNew
Desired survivor size 557056 bytes, new threshold 1 (max 15)
- age   1:     567112 bytes,     567112 total
: 2304K->938K(2304K), 0.0047481 secs] 336807K->336528K(349460K), 0.0048233 secs] [Times: user=0.01 sys=0.00, real=0.01 secs] 
34.128: [GC 34.128: [ParNew
Desired survivor size 557056 bytes, new threshold 1 (max 15)
- age   1:     898864 bytes,     898864 total
: 2154K->1088K(2304K), 0.0034148 secs] 336274K->335761K(349460K), 0.0034859 secs] [Times: user=0.01 sys=0.00, real=0.00 secs] 
34.133: [GC 34.133: [ParNew
Desired survivor size 557056 bytes, new threshold 15 (max 15)
- age   1:     334328 bytes,     334328 total
: 2304K->961K(2304K), 0.0033462 secs] 336145K->335680K(349460K), 0.0034129 secs] [Times: user=0.01 sys=0.00, real=0.01 secs] 
34.138: [GC 34.138: [ParNew
Desired survivor size 557056 bytes, new threshold 15 (max 15)
- age   1:      27008 bytes,      27008 total
- age   2:     334200 bytes,     361208 total
: 2177K->547K(2304K), 0.0024290 secs] 335872K->334243K(349460K), 0.0025292 secs] [Times: user=0.01 sys=0.00, real=0.00 secs] 
34.144: [GC 34.144: [ParNew
Desired survivor size 557056 bytes, new threshold 3 (max 15)
- age   1:     389928 bytes,     389928 total
- age   2:      26936 bytes,     416864 total
- age   3:     334200 bytes,     751064 total
: 1763K->915K(2304K), 0.0029981 secs] 333985K->333137K(349460K), 0.0030769 secs] [Times: user=0.01 sys=0.01, real=0.01 secs] 
34.150: [GC 34.150: [ParNew
Desired survivor size 557056 bytes, new threshold 2 (max 15)
- age   1:     358392 bytes,     358392 total
- age   2:     384136 bytes,     742528 total
- age   3:      26936 bytes,     769464 total
: 2131K->1088K(2304K), 0.0027949 secs] 332573K->331856K(349460K), 0.0028637 secs] [Times: user=0.01 sys=0.00, real=0.00 secs] 
34.155: [GC 34.155: [ParNew
Desired survivor size 557056 bytes, new threshold 2 (max 15)
- age   1:     232496 bytes,     232496 total
- age   2:     339880 bytes,     572376 total
: 2304K->902K(2304K), 0.0026218 secs] 331330K->330330K(349460K), 0.0026903 secs] [Times: user=0.01 sys=0.00, real=0.00 secs] 
34.160: [GC 34.160: [ParNew
Desired survivor size 557056 bytes, new threshold 2 (max 15)
- age   1:     394784 bytes,     394784 total
- age   2:     232464 bytes,     627248 total
: 2118K->899K(2304K), 0.0039006 secs] 330257K->329370K(349460K), 0.0039668 secs] [Times: user=0.01 sys=0.00, real=0.01 secs] 
34.167: [GC 34.167: [ParNew
Desired survivor size 557056 bytes, new threshold 1 (max 15)
- age   1:     800552 bytes,     800552 total
- age   2:     312480 bytes,    1113032 total
: 2115K->1088K(2304K), 0.0040702 secs] 329856K->329533K(349460K), 0.0041388 secs] [Times: user=0.01 sys=0.00, real=0.00 secs] 
34.173: [GC 34.173: [ParNew
Desired survivor size 557056 bytes, new threshold 1 (max 15)
- age   1:     630952 bytes,     630952 total
: 2304K->967K(2304K), 0.0032353 secs] 329700K->329451K(349460K), 0.0033030 secs] [Times: user=0.01 sys=0.00, real=0.01 secs] 
34.178: [GC 34.178: [ParNew
Desired survivor size 557056 bytes, new threshold 15 (max 15)
- age   1:     504928 bytes,     504928 total
: 2183K->880K(2304K), 0.0038410 secs] 329698K->329010K(349460K), 0.0039102 secs] [Times: user=0.01 sys=0.00, real=0.00 secs] 
34.184: [GC 34.184: [ParNew
Desired survivor size 557056 bytes, new threshold 1 (max 15)
- age   1:     664528 bytes,     664528 total
- age   2:     444024 bytes,    1108552 total
: 2096K->1088K(2304K), 0.0024949 secs] 328580K->327701K(349460K), 0.0025725 secs] [Times: user=0.00 sys=0.00, real=0.00 secs] 
34.189: [GC 34.189: [ParNew
Desired survivor size 557056 bytes, new threshold 15 (max 15)
- age   1:     374904 bytes,     374904 total
: 2304K->1088K(2304K), 0.0033282 secs] 327542K->327409K(349460K), 0.0033974 secs] [Times: user=0.01 sys=0.00, real=0.00 secs] 
34.194: [GC 34.194: [ParNew
Desired survivor size 557056 bytes, new threshold 1 (max 15)
- age   1:     734440 bytes,     734440 total
- age   2:     317616 bytes,    1052056 total
: 2304K->1088K(2304K), 0.0026974 secs] 327819K->326666K(349460K), 0.0027716 secs] [Times: user=0.00 sys=0.00, real=0.01 secs] 
34.198: [GC 34.198: [ParNew
Desired survivor size 557056 bytes, new threshold 1 (max 15)
- age   1:     742840 bytes,     742840 total
: 2304K->1062K(2304K), 0.0042770 secs] 326801K->326586K(349460K), 0.0043549 secs] [Times: user=0.01 sys=0.00, real=0.00 secs] 
34.204: [GC 34.204: [ParNew
Desired survivor size 557056 bytes, new threshold 15 (max 15)
- age   1:     399056 bytes,     399056 total
: 2278K->756K(2304K), 0.0029466 secs] 327339K->326542K(349460K), 0.0030125 secs] [Times: user=0.01 sys=0.00, real=0.01 secs] 
34.210: [GC 34.210: [ParNew
Desired survivor size 557056 bytes, new threshold 1 (max 15)
- age   1:     626696 bytes,     626696 total
- age   2:     398984 bytes,    1025680 total
: 1972K->1088K(2304K), 0.0037383 secs] 325489K->324890K(349460K), 0.0038297 secs] [Times: user=0.01 sys=0.00, real=0.00 secs] 
34.217: [GC 34.217: [ParNew
Desired survivor size 557056 bytes, new threshold 1 (max 15)
- age   1:     958328 bytes,     958328 total
: 2304K->1088K(2304K), 0.0036242 secs] 323518K->323444K(349460K), 0.0036993 secs] [Times: user=0.01 sys=0.00, real=0.00 secs] 
34.223: [GC 34.223: [ParNew
Desired survivor size 557056 bytes, new threshold 1 (max 15)
- age   1:     885648 bytes,     885648 total
: 2304K->1088K(2304K), 0.0039434 secs] 322677K->322617K(349460K), 0.0040156 secs] [Times: user=0.01 sys=0.00, real=0.01 secs] 
34.229: [GC 34.229: [ParNew
Desired survivor size 557056 bytes, new threshold 15 (max 15)
- age   1:     525152 bytes,     525152 total
: 2304K->1088K(2304K), 0.0037578 secs] 322872K->322616K(349460K), 0.0038389 secs] [Times: user=0.01 sys=0.00, real=0.00 secs] 
34.234: [GC 34.234: [ParNew
Desired survivor size 557056 bytes, new threshold 1 (max 15)
- age   1:     617968 bytes,     617968 total
- age   2:     396368 bytes,    1014336 total
: 2304K->1088K(2304K), 0.0026812 secs] 322877K->321787K(349460K), 0.0027464 secs] [Times: user=0.01 sys=0.00, real=0.00 secs] 
34.239: [GC 34.239: [ParNew
Desired survivor size 557056 bytes, new threshold 15 (max 15)
- age   1:     333824 bytes,     333824 total
: 2304K->845K(2304K), 0.0030424 secs] 321732K->321264K(349460K), 0.0031140 secs] [Times: user=0.01 sys=0.00, real=0.00 secs] 
34.243: [GC 34.243: [ParNew
Desired survivor size 557056 bytes, new threshold 2 (max 15)
- age   1:     232656 bytes,     232656 total
- age   2:     333752 bytes,     566408 total
: 2061K->732K(2304K), 0.0018543 secs] 321489K->320160K(349460K), 0.0019064 secs] [Times: user=0.01 sys=0.00, real=0.01 secs] 
34.247: [GC 34.247: [ParNew
Desired survivor size 557056 bytes, new threshold 2 (max 15)
- age   1:     399208 bytes,     399208 total
- age   2:     232584 bytes,     631792 total
: 1948K->854K(2304K), 0.0031631 secs] 320649K->319881K(349460K), 0.0032298 secs] [Times: user=0.01 sys=0.00, real=0.00 secs] 
34.252: [GC 34.252: [ParNew
Desired survivor size 557056 bytes, new threshold 1 (max 15)
- age   1:     961888 bytes,     961888 total
- age   2:     151792 bytes,    1113680 total
: 2070K->1088K(2304K), 0.0036730 secs] 319861K->319517K(349460K), 0.0037412 secs] [Times: user=0.01 sys=0.00, real=0.01 secs] 
34.257: [GC 34.257: [ParNew
Desired survivor size 557056 bytes, new threshold 1 (max 15)
- age   1:     985008 bytes,     985008 total
: 2304K->1088K(2304K), 0.0043807 secs] 319714K->319788K(349460K), 0.0044527 secs] [Times: user=0.01 sys=0.00, real=0.00 secs] 
34.263: [GC 34.263: [ParNew
Desired survivor size 557056 bytes, new threshold 15 (max 15)
- age   1:     266520 bytes,     266520 total
: 2304K->961K(2304K), 0.0031962 secs] 320383K->320003K(349460K), 0.0032661 secs] [Times: user=0.01 sys=0.00, real=0.01 secs] 
34.268: [GC 34.268: [ParNew
Desired survivor size 557056 bytes, new threshold 2 (max 15)
- age   1:     432656 bytes,     432656 total
- age   2:     266392 bytes,     699048 total
: 2177K->840K(2304K), 0.0031251 secs] 320126K->318788K(349460K), 0.0031920 secs] [Times: user=0.01 sys=0.01, real=0.00 secs] 
34.274: [GC 34.274: [ParNew
Desired survivor size 557056 bytes, new threshold 1 (max 15)
- age   1:     874040 bytes,     874040 total
- age   2:     238400 bytes,    1112440 total
: 2056K->1088K(2304K), 0.0034093 secs] 317783K->317615K(349460K), 0.0034768 secs] [Times: user=0.01 sys=0.00, real=0.01 secs] 
34.279: [GC 34.279: [ParNew
Desired survivor size 557056 bytes, new threshold 15 (max 15)
- age   1:     533456 bytes,     533456 total
: 2304K->961K(2304K), 0.0041278 secs] 317412K->317156K(349460K), 0.0042044 secs] [Times: user=0.01 sys=0.00, real=0.00 secs] 
34.286: [GC 34.286: [ParNew
Desired survivor size 557056 bytes, new threshold 2 (max 15)
- age   1:     348336 bytes,     348336 total
- age   2:     533456 bytes,     881792 total
: 2177K->1088K(2304K), 0.0024025 secs] 317385K->316295K(349460K), 0.0024624 secs] [Times: user=0.01 sys=0.00, real=0.00 secs] 
34.289: [GC 34.289: [ParNew
Desired survivor size 557056 bytes, new threshold 1 (max 15)
- age   1:     765456 bytes,     765456 total
- age   2:     348264 bytes,    1113720 total
: 2304K->1088K(2304K), 0.0032593 secs] 316773K->316236K(349460K), 0.0033637 secs] [Times: user=0.01 sys=0.00, real=0.00 secs] 
34.294: [GC 34.294: [ParNew
Desired survivor size 557056 bytes, new threshold 1 (max 15)
- age   1:     970568 bytes,     970568 total
: 2304K->1088K(2304K), 0.0059177 secs] 316887K->316758K(349460K), 0.0060187 secs] [Times: user=0.02 sys=0.00, real=0.00 secs] 
34.302: [GC 34.302: [ParNew
Desired survivor size 557056 bytes, new threshold 15 (max 15)
- age   1:      79936 bytes,      79936 total
: 2304K->962K(2304K), 0.0039261 secs] 316471K->316074K(349460K), 0.0039940 secs] [Times: user=0.01 sys=0.00, real=0.01 secs] 
34.308: [GC 34.308: [ParNew
Desired survivor size 557056 bytes, new threshold 15 (max 15)
- age   1:     296928 bytes,     296928 total
- age   2:      79864 bytes,     376792 total
: 2178K->510K(2304K), 0.0025049 secs] 315895K->314227K(349460K), 0.0025721 secs] [Times: user=0.01 sys=0.00, real=0.00 secs] 
34.313: [GC 34.313: [ParNew
Desired survivor size 557056 bytes, new threshold 15 (max 15)
- age   1:     122416 bytes,     122416 total
- age   2:     296800 bytes,     419216 total
- age   3:      79792 bytes,     499008 total
: 1726K->679K(2304K), 0.0019967 secs] 312780K->311733K(349460K), 0.0020628 secs] [Times: user=0.01 sys=0.00, real=0.01 secs] 
34.317: [GC 34.317: [ParNew
Desired survivor size 557056 bytes, new threshold 1 (max 15)
- age   1:     615888 bytes,     615888 total
- age   2:     123816 bytes,     739704 total
- age   3:     295512 bytes,    1035216 total
- age   4:      79792 bytes,    1115008 total
: 1895K->1088K(2304K), 0.0025422 secs] 311927K->311297K(349460K), 0.0026037 secs] [Times: user=0.01 sys=0.00, real=0.00 secs] 
34.321: [GC 34.321: [ParNew
Desired survivor size 557056 bytes, new threshold 15 (max 15)
- age   1:     553040 bytes,     553040 total
: 2304K->1088K(2304K), 0.0041621 secs] 311191K->311079K(349460K), 0.0042350 secs] [Times: user=0.01 sys=0.00, real=0.01 secs] 
34.327: [GC 34.327: [ParNew
Desired survivor size 557056 bytes, new threshold 2 (max 15)
- age   1:     541664 bytes,     541664 total
- age   2:     553040 bytes,    1094704 total
: 2304K->1086K(2304K), 0.0026116 secs] 310714K->309634K(349460K), 0.0026896 secs] [Times: user=0.01 sys=0.01, real=0.00 secs] 
34.333: [GC 34.333: [ParNew
Desired survivor size 557056 bytes, new threshold 1 (max 15)
- age   1:     590416 bytes,     590416 total
- age   2:     486768 bytes,    1077184 total
: 2302K->1088K(2304K), 0.0049722 secs] 308066K->307589K(349460K), 0.0050526 secs] [Times: user=0.01 sys=0.00, real=0.01 secs] 
34.342: [GC 34.342: [ParNew
Desired survivor size 557056 bytes, new threshold 15 (max 15)
- age   1:      75672 bytes,      75672 total
: 2304K->1016K(2304K), 0.0033258 secs] 307189K->306953K(349460K), 0.0033951 secs] [Times: user=0.01 sys=0.00, real=0.01 secs] 
34.347: [GC 34.347: [ParNew
Desired survivor size 557056 bytes, new threshold 2 (max 15)
- age   1:     509328 bytes,     509328 total
- age   2:      74632 bytes,     583960 total
: 2232K->736K(2304K), 0.0023240 secs] 306607K->305111K(349460K), 0.0023852 secs] [Times: user=0.00 sys=0.00, real=0.00 secs] 
34.353: [GC 34.353: [ParNew
Desired survivor size 557056 bytes, new threshold 2 (max 15)
- age   1:     101920 bytes,     101920 total
- age   2:     509288 bytes,     611208 total
: 1952K->906K(2304K), 0.0024226 secs] 305042K->304069K(349460K), 0.0025132 secs] [Times: user=0.00 sys=0.00, real=0.01 secs] 
34.357: [GC 34.357: [ParNew
Desired survivor size 557056 bytes, new threshold 1 (max 15)
- age   1:     905272 bytes,     905272 total
- age   2:     101856 bytes,    1007128 total
: 2122K->1088K(2304K), 0.0031678 secs] 303698K->303226K(349460K), 0.0032377 secs] [Times: user=0.01 sys=0.00, real=0.00 secs] 
34.362: [GC 34.362: [ParNew
Desired survivor size 557056 bytes, new threshold 15 (max 15)
- age   1:     391520 bytes,     391520 total
: 2304K->872K(2304K), 0.0032066 secs] 303614K->303157K(349460K), 0.0032796 secs] [Times: user=0.01 sys=0.00, real=0.01 secs] 
34.366: [GC 34.366: [ParNew
Desired survivor size 557056 bytes, new threshold 1 (max 15)
- age   1:     819280 bytes,     819280 total
- age   2:     293912 bytes,    1113192 total
: 2088K->1088K(2304K), 0.0033946 secs] 304015K->303215K(349460K), 0.0034678 secs] [Times: user=0.01 sys=0.00, real=0.00 secs] 
34.370: [GC 34.371: [ParNew
Desired survivor size 557056 bytes, new threshold 1 (max 15)
- age   1:     926784 bytes,     926784 total
: 2304K->1088K(2304K), 0.0044827 secs] 303619K->303560K(349460K), 0.0045644 secs] [Times: user=0.02 sys=0.00, real=0.01 secs] 
34.376: [GC 34.376: [ParNew
Desired survivor size 557056 bytes, new threshold 1 (max 15)
- age   1:     830944 bytes,     830944 total
: 2304K->1088K(2304K), 0.0033148 secs] 303980K->303669K(349460K), 0.0033917 secs] [Times: user=0.01 sys=0.00, real=0.00 secs] 
34.381: [GC 34.381: [ParNew
Desired survivor size 557056 bytes, new threshold 1 (max 15)
- age   1:     705184 bytes,     705184 total
: 2304K->1042K(2304K), 0.0037907 secs] 304174K->303724K(349460K), 0.0038645 secs] [Times: user=0.02 sys=0.00, real=0.01 secs] 
34.387: [GC 34.387: [ParNew
Desired survivor size 557056 bytes, new threshold 15 (max 15)
- age   1:     369056 bytes,     369056 total
: 2258K->906K(2304K), 0.0028380 secs] 303676K->303013K(349460K), 0.0029048 secs] [Times: user=0.01 sys=0.00, real=0.00 secs] 
34.391: [GC 34.391: [ParNew
Desired survivor size 557056 bytes, new threshold 1 (max 15)
- age   1:     595184 bytes,     595184 total
- age   2:     368984 bytes,     964168 total
: 2122K->1017K(2304K), 0.0021508 secs] 302879K->301774K(349460K), 0.0022102 secs] [Times: user=0.00 sys=0.01, real=0.00 secs] 
34.395: [GC 34.395: [ParNew
Desired survivor size 557056 bytes, new threshold 15 (max 15)
- age   1:     376624 bytes,     376624 total
: 2233K->967K(2304K), 0.0030831 secs] 302158K->301834K(349460K), 0.0031543 secs] [Times: user=0.01 sys=0.00, real=0.00 secs] 
34.399: [GC 34.399: [ParNew
Desired survivor size 557056 bytes, new threshold 1 (max 15)
- age   1:     723096 bytes,     723096 total
- age   2:     376520 bytes,    1099616 total
: 2183K->1088K(2304K), 0.0034650 secs] 302036K->300972K(349460K), 0.0035293 secs] [Times: user=0.01 sys=0.00, real=0.00 secs] 
34.404: [GC 34.404: [ParNew
Desired survivor size 557056 bytes, new threshold 1 (max 15)
- age   1:     657088 bytes,     657088 total
: 2304K->1088K(2304K), 0.0038052 secs] 301020K->300878K(349460K), 0.0038740 secs] [Times: user=0.01 sys=0.00, real=0.00 secs] 
34.410: [GC 34.410: [ParNew
Desired survivor size 557056 bytes, new threshold 15 (max 15)
- age   1:     283672 bytes,     283672 total
: 2304K->574K(2304K), 0.0024445 secs] 300910K->299823K(349460K), 0.0025150 secs] [Times: user=0.01 sys=0.00, real=0.00 secs] 
34.415: [GC 34.415: [ParNew
Desired survivor size 557056 bytes, new threshold 2 (max 15)
- age   1:     291360 bytes,     291360 total
- age   2:     283472 bytes,     574832 total
: 1790K->656K(2304K), 0.0023466 secs] 300095K->298960K(349460K), 0.0024586 secs] [Times: user=0.00 sys=0.00, real=0.00 secs] 
34.419: [GC 34.419: [ParNew
Desired survivor size 557056 bytes, new threshold 2 (max 15)
- age   1:     547672 bytes,     547672 total
- age   2:     291264 bytes,     838936 total
: 1872K->1031K(2304K), 0.0029184 secs] 299149K->298584K(349460K), 0.0029853 secs] [Times: user=0.01 sys=0.00, real=0.00 secs] 
34.424: [GC 34.424: [ParNew
Desired survivor size 557056 bytes, new threshold 1 (max 15)
- age   1:     715736 bytes,     715736 total
- age   2:     398040 bytes,    1113776 total
: 2247K->1088K(2304K), 0.0044165 secs] 299382K->298813K(349460K), 0.0044953 secs] [Times: user=0.01 sys=0.00, real=0.01 secs] 
34.431: [GC 34.431: [ParNew
Desired survivor size 557056 bytes, new threshold 1 (max 15)
- age   1:     866312 bytes,     866312 total
: 2304K->1088K(2304K), 0.0060250 secs] 298127K->298304K(349460K), 0.0061137 secs] [Times: user=0.01 sys=0.00, real=0.01 secs] 
34.439: [GC 34.439: [ParNew
Desired survivor size 557056 bytes, new threshold 1 (max 15)
- age   1:    1094800 bytes,    1094800 total
: 2304K->1088K(2304K), 0.0042743 secs] 298077K->297804K(349460K), 0.0043809 secs] [Times: user=0.01 sys=0.00, real=0.00 secs] 
34.445: [GC 34.445: [ParNew
Desired survivor size 557056 bytes, new threshold 15 (max 15)
- age   1:     460968 bytes,     460968 total
: 2304K->1022K(2304K), 0.0045762 secs] 297398K->297185K(349460K), 0.0046580 secs] [Times: user=0.01 sys=0.00, real=0.00 secs] 
34.464: [GC 34.464: [ParNew
Desired survivor size 557056 bytes, new threshold 15 (max 15)
- age   1:       1624 bytes,       1624 total
- age   2:     460928 bytes,     462552 total
: 2238K->636K(2304K), 0.0043155 secs] 296860K->295259K(349460K), 0.0044115 secs] [Times: user=0.01 sys=0.00, real=0.01 secs] 
34.472: [GC 34.472: [ParNew
Desired survivor size 557056 bytes, new threshold 15 (max 15)
- age   1:      75360 bytes,      75360 total
- age   2:       1552 bytes,      76912 total
- age   3:     442552 bytes,     519464 total
: 1852K->667K(2304K), 0.0037029 secs] 294862K->293677K(349460K), 0.0037882 secs] [Times: user=0.00 sys=0.00, real=0.01 secs] 
34.484: [GC 34.484: [ParNew
Desired survivor size 557056 bytes, new threshold 4 (max 15)
- age   1:     311984 bytes,     311984 total
- age   2:      47672 bytes,     359656 total
- age   3:        408 bytes,     360064 total
- age   4:     442552 bytes,     802616 total
: 1883K->983K(2304K), 0.0026478 secs] 290359K->289459K(349460K), 0.0027325 secs] [Times: user=0.00 sys=0.00, real=0.01 secs] 
34.488: [GC 34.488: [ParNew
Desired survivor size 557056 bytes, new threshold 2 (max 15)
- age   1:     406168 bytes,     406168 total
- age   2:     297560 bytes,     703728 total
- age   3:      47672 bytes,     751400 total
- age   4:        408 bytes,     751808 total
: 2199K->1088K(2304K), 0.0028017 secs] 290108K->289443K(349460K), 0.0028804 secs] [Times: user=0.01 sys=0.00, real=0.00 secs] 
34.493: [GC 34.493: [ParNew
Desired survivor size 557056 bytes, new threshold 1 (max 15)
- age   1:     769280 bytes,     769280 total
- age   2:     344552 bytes,    1113832 total
: 2304K->1088K(2304K), 0.0044624 secs] 289603K->289146K(349460K), 0.0045376 secs] [Times: user=0.01 sys=0.00, real=0.01 secs] 
34.498: [GC 34.498: [ParNew
Desired survivor size 557056 bytes, new threshold 15 (max 15)
- age   1:     369360 bytes,     369360 total
: 2304K->997K(2304K), 0.0033822 secs] 289521K->289303K(349460K), 0.0034534 secs] [Times: user=0.01 sys=0.00, real=0.00 secs] 
34.503: [GC 34.503: [ParNew
Desired survivor size 557056 bytes, new threshold 15 (max 15)
- age   1:        296 bytes,        296 total
- age   2:     369192 bytes,     369488 total
: 2213K->509K(2304K), 0.0018466 secs] 289508K->287803K(349460K), 0.0018970 secs] [Times: user=0.01 sys=0.00, real=0.01 secs] 
34.507: [GC 34.507: [ParNew
Desired survivor size 557056 bytes, new threshold 3 (max 15)
- age   1:     235344 bytes,     235344 total
- age   2:        168 bytes,     235512 total
- age   3:     369192 bytes,     604704 total
: 1725K->800K(2304K), 0.0025436 secs] 288279K->287354K(349460K), 0.0026129 secs] [Times: user=0.01 sys=0.00, real=0.00 secs] 
34.511: [GC 34.511: [ParNew
Desired survivor size 557056 bytes, new threshold 15 (max 15)
- age   1:        112 bytes,        112 total
- age   2:     235208 bytes,     235320 total
- age   3:        128 bytes,     235448 total
: 2016K->531K(2304K), 0.0022899 secs] 287494K->286370K(349460K), 0.0023529 secs] [Times: user=0.01 sys=0.00, real=0.00 secs] 
34.515: [GC 34.515: [ParNew
Desired survivor size 557056 bytes, new threshold 15 (max 15)
- age   1:        288 bytes,        288 total
- age   3:     235208 bytes,     235496 total
: 1747K->383K(2304K), 0.0016835 secs] 286738K->285373K(349460K), 0.0017272 secs] [Times: user=0.00 sys=0.00, real=0.00 secs] 
34.518: [GC 34.518: [ParNew
Desired survivor size 557056 bytes, new threshold 1 (max 15)
- age   1:     832528 bytes,     832528 total
- age   2:        248 bytes,     832776 total
- age   4:     235208 bytes,    1067984 total
: 1599K->1088K(2304K), 0.0023748 secs] 285695K->285183K(349460K), 0.0024344 secs] [Times: user=0.01 sys=0.00, real=0.00 secs] 
34.521: [GC 34.521: [ParNew
Desired survivor size 557056 bytes, new threshold 1 (max 15)
- age   1:     703800 bytes,     703800 total
: 2304K->1088K(2304K), 0.0036344 secs] 285573K->285423K(349460K), 0.0036975 secs] [Times: user=0.01 sys=0.00, real=0.01 secs] 
34.527: [GC 34.527: [ParNew
Desired survivor size 557056 bytes, new threshold 15 (max 15)
- age   1:     537504 bytes,     537504 total
: 2304K->700K(2304K), 0.0027234 secs] 285434K->284517K(349460K), 0.0027891 secs] [Times: user=0.01 sys=0.00, real=0.00 secs] 
34.532: [GC 34.532: [ParNew
Desired survivor size 557056 bytes, new threshold 2 (max 15)
- age   1:     544272 bytes,     544272 total
- age   2:     486448 bytes,    1030720 total
: 1916K->1088K(2304K), 0.0032632 secs] 284854K->284154K(349460K), 0.0033314 secs] [Times: user=0.01 sys=0.00, real=0.01 secs] 
34.537: [GC 34.537: [ParNew
Desired survivor size 557056 bytes, new threshold 2 (max 15)
- age   1:     556264 bytes,     556264 total
- age   2:     529800 bytes,    1086064 total
: 2304K->1088K(2304K), 0.0043194 secs] 284279K->283663K(349460K), 0.0044015 secs] [Times: user=0.01 sys=0.00, real=0.00 secs] 
34.543: [GC 34.543: [ParNew
Desired survivor size 557056 bytes, new threshold 1 (max 15)
- age   1:     738672 bytes,     738672 total
- age   2:     375200 bytes,    1113872 total
: 2304K->1088K(2304K), 0.0039609 secs] 283776K->283629K(349460K), 0.0040278 secs] [Times: user=0.01 sys=0.00, real=0.01 secs] 
34.549: [GC 34.549: [ParNew
Desired survivor size 557056 bytes, new threshold 1 (max 15)
- age   1:     645256 bytes,     645256 total
: 2304K->1088K(2304K), 0.0037457 secs] 284219K->284090K(349460K), 0.0038197 secs] [Times: user=0.01 sys=0.00, real=0.00 secs] 
34.554: [GC 34.554: [ParNew
Desired survivor size 557056 bytes, new threshold 15 (max 15)
- age   1:     545568 bytes,     545568 total
: 2304K->755K(2304K), 0.0035346 secs] 284209K->283291K(349460K), 0.0036070 secs] [Times: user=0.01 sys=0.00, real=0.00 secs] 
34.559: [GC 34.560: [ParNew
Desired survivor size 557056 bytes, new threshold 2 (max 15)
- age   1:     529152 bytes,     529152 total
- age   2:     527840 bytes,    1056992 total
: 1971K->1088K(2304K), 0.0022595 secs] 283142K->282315K(349460K), 0.0023219 secs] [Times: user=0.01 sys=0.00, real=0.00 secs] 
34.563: [GC 34.563: [ParNew
Desired survivor size 557056 bytes, new threshold 1 (max 15)
- age   1:     721160 bytes,     721160 total
- age   2:     395480 bytes,    1116640 total
: 2304K->1088K(2304K), 0.0035941 secs] 282443K->281962K(349460K), 0.0036549 secs] [Times: user=0.01 sys=0.00, real=0.01 secs] 
34.570: [GC 34.570: [ParNew
Desired survivor size 557056 bytes, new threshold 1 (max 15)
- age   1:     640032 bytes,     640032 total
: 2303K->1041K(2304K), 0.0033970 secs] 281534K->281358K(349460K), 0.0034833 secs] [Times: user=0.01 sys=0.00, real=0.00 secs] 
34.576: [CMS-concurrent-sweep: 0.217/0.679 secs] [Times: user=1.91 sys=0.11, real=0.68 secs] 
34.578: [GC 34.578: [ParNew
Desired survivor size 557056 bytes, new threshold 15 (max 15)
- age   1:       7424 bytes,       7424 total
: 2257K->546K(2304K), 0.0023670 secs] 282044K->280959K(349460K), 0.0024453 secs] [Times: user=0.01 sys=0.00, real=0.00 secs] 
34.582: [GC 34.582: [ParNew
Desired survivor size 557056 bytes, new threshold 1 (max 15)
- age   1:     753712 bytes,     753712 total
- age   2:       7424 bytes,     761136 total
: 1762K->780K(2304K), 0.0021873 secs] 282175K->281192K(349460K), 0.0022453 secs] [Times: user=0.01 sys=0.00, real=0.00 secs] 
34.584: [CMS-concurrent-reset-start]
34.586: [GC 34.586: [ParNew
Desired survivor size 557056 bytes, new threshold 1 (max 15)
- age   1:    1041568 bytes,    1041568 total
: 1996K->1088K(2304K), 0.0034682 secs] 282408K->282371K(469660K), 0.0035474 secs] [Times: user=0.01 sys=0.00, real=0.00 secs] 
34.592: [CMS-concurrent-reset: 0.004/0.008 secs] [Times: user=0.03 sys=0.00, real=0.00 secs] 
34.593: [GC 34.593: [ParNew
Desired survivor size 557056 bytes, new threshold 1 (max 15)
- age   1:     934448 bytes,     934448 total
: 2304K->1088K(2304K), 0.0037609 secs] 283587K->283554K(469660K), 0.0038675 secs] [Times: user=0.01 sys=0.00, real=0.01 secs] 
34.598: [GC 34.598: [ParNew
Desired survivor size 557056 bytes, new threshold 1 (max 15)
- age   1:     757888 bytes,     757888 total
: 2304K->1088K(2304K), 0.0033349 secs] 284770K->284466K(469660K), 0.0034036 secs] [Times: user=0.01 sys=0.00, real=0.00 secs] 
34.603: [GC 34.603: [ParNew
Desired survivor size 557056 bytes, new threshold 15 (max 15)
- age   1:     462792 bytes,     462792 total
: 2304K->979K(2304K), 0.0026517 secs] 285682K->285098K(469660K), 0.0027182 secs] [Times: user=0.01 sys=0.00, real=0.01 secs] 
34.607: [GC [1 CMS-initial-mark: 284118K(467356K)] 285107K(469660K), 0.0008760 secs] [Times: user=0.00 sys=0.00, real=0.00 secs] 
34.608: [CMS-concurrent-mark-start]
34.610: [GC 34.610: [ParNew
Desired survivor size 557056 bytes, new threshold 2 (max 15)
- age   1:     410792 bytes,     410792 total
- age   2:     462760 bytes,     873552 total
: 2195K->1004K(2304K), 0.0020699 secs] 286314K->285123K(469660K), 0.0021375 secs] [Times: user=0.01 sys=0.00, real=0.00 secs] 
34.613: [GC 34.613: [ParNew
Desired survivor size 557056 bytes, new threshold 1 (max 15)
- age   1:     663504 bytes,     663504 total
- age   2:     410792 bytes,    1074296 total
: 2220K->1088K(2304K), 0.0029125 secs] 286339K->285658K(469660K), 0.0029931 secs] [Times: user=0.01 sys=0.00, real=0.01 secs] 
34.619: [GC 34.619: [ParNew
Desired survivor size 557056 bytes, new threshold 1 (max 15)
- age   1:     818144 bytes,     818144 total
: 2304K->1088K(2304K), 0.0035824 secs] 286874K->286798K(469660K), 0.0036585 secs] [Times: user=0.01 sys=0.00, real=0.00 secs] 
34.624: [GC 34.624: [ParNew
Desired survivor size 557056 bytes, new threshold 1 (max 15)
- age   1:     631760 bytes,     631760 total
: 2304K->1052K(2304K), 0.0037829 secs] 288014K->287561K(469660K), 0.0038595 secs] [Times: user=0.01 sys=0.00, real=0.00 secs] 
34.633: [GC 34.633: [ParNew
Desired survivor size 557056 bytes, new threshold 1 (max 15)
- age   1:    1072880 bytes,    1072880 total
: 2268K->1088K(2304K), 0.0035946 secs] 288777K->288331K(469660K), 0.0036898 secs] [Times: user=0.01 sys=0.00, real=0.01 secs] 
34.639: [GC 34.639: [ParNew
Desired survivor size 557056 bytes, new threshold 1 (max 15)
- age   1:     568560 bytes,     568560 total
: 2304K->1088K(2304K), 0.0040581 secs] 289547K->289379K(469660K), 0.0041405 secs] [Times: user=0.01 sys=0.00, real=0.00 secs] 
34.647: [GC 34.647: [ParNew
Desired survivor size 557056 bytes, new threshold 1 (max 15)
- age   1:     624536 bytes,     624536 total
: 2304K->864K(2304K), 0.0026437 secs] 290595K->289711K(469660K), 0.0027169 secs] [Times: user=0.00 sys=0.00, real=0.00 secs] 
34.653: [GC 34.653: [ParNew
Desired survivor size 557056 bytes, new threshold 1 (max 15)
- age   1:    1092728 bytes,    1092728 total
: 2080K->1088K(2304K), 0.0032064 secs] 290927K->290625K(469660K), 0.0032820 secs] [Times: user=0.02 sys=0.00, real=0.01 secs] 
34.658: [GC 34.658: [ParNew
Desired survivor size 557056 bytes, new threshold 1 (max 15)
- age   1:    1052176 bytes,    1052176 total
: 2304K->1088K(2304K), 0.0053431 secs] 291841K->291824K(469660K), 0.0054183 secs] [Times: user=0.01 sys=0.01, real=0.00 secs] 
34.666: [GC 34.666: [ParNew
Desired survivor size 557056 bytes, new threshold 1 (max 15)
- age   1:     945112 bytes,     945112 total
: 2304K->1088K(2304K), 0.0041887 secs] 293040K->293091K(469660K), 0.0042718 secs] [Times: user=0.02 sys=0.00, real=0.00 secs] 
34.673: [GC 34.673: [ParNew
Desired survivor size 557056 bytes, new threshold 1 (max 15)
- age   1:    1043848 bytes,    1043848 total
: 2304K->1088K(2304K), 0.0039683 secs] 294307K->294204K(469660K), 0.0040567 secs] [Times: user=0.01 sys=0.00, real=0.01 secs] 
34.681: [GC 34.681: [ParNew
Desired survivor size 557056 bytes, new threshold 15 (max 15)
- age   1:     228336 bytes,     228336 total
: 2304K->998K(2304K), 0.0035081 secs] 295420K->295132K(469660K), 0.0035991 secs] [Times: user=0.01 sys=0.00, real=0.01 secs] 
34.686: [GC 34.686: [ParNew
Desired survivor size 557056 bytes, new threshold 2 (max 15)
- age   1:     456968 bytes,     456968 total
- age   2:     228208 bytes,     685176 total
: 2214K->840K(2304K), 0.0020229 secs] 296348K->294973K(469660K), 0.0021296 secs] [Times: user=0.00 sys=0.00, real=0.00 secs] 
34.693: [GC 34.693: [ParNew
Desired survivor size 557056 bytes, new threshold 1 (max 15)
- age   1:     749696 bytes,     749696 total
- age   2:     362232 bytes,    1111928 total
: 2056K->1088K(2304K), 0.0035280 secs] 296189K->295958K(469660K), 0.0036056 secs] [Times: user=0.01 sys=0.00, real=0.01 secs] 
34.702: [GC 34.702: [ParNew
Desired survivor size 557056 bytes, new threshold 1 (max 15)
- age   1:    1085808 bytes,    1085808 total
: 2304K->1088K(2304K), 0.0049014 secs] 297174K->297133K(469660K), 0.0049906 secs] [Times: user=0.02 sys=0.00, real=0.01 secs] 
34.710: [GC 34.711: [ParNew
Desired survivor size 557056 bytes, new threshold 1 (max 15)
- age   1:     751824 bytes,     751824 total
: 2304K->1088K(2304K), 0.0041704 secs] 298349K->298167K(469660K), 0.0042444 secs] [Times: user=0.01 sys=0.00, real=0.01 secs] 
34.716: [GC 34.716: [ParNew
Desired survivor size 557056 bytes, new threshold 15 (max 15)
- age   1:     242952 bytes,     242952 total
: 2304K->779K(2304K), 0.0026167 secs] 299383K->298592K(469660K), 0.0026877 secs] [Times: user=0.01 sys=0.00, real=0.00 secs] 
34.721: [GC 34.721: [ParNew
Desired survivor size 557056 bytes, new threshold 2 (max 15)
- age   1:     451560 bytes,     451560 total
- age   2:     242920 bytes,     694480 total
: 1995K->789K(2304K), 0.0022265 secs] 299808K->298602K(469660K), 0.0022917 secs] [Times: user=0.01 sys=0.00, real=0.00 secs] 
34.726: [GC 34.726: [ParNew
Desired survivor size 557056 bytes, new threshold 2 (max 15)
- age   1:     389576 bytes,     389576 total
- age   2:     451472 bytes,     841048 total
: 2005K->1088K(2304K), 0.0026439 secs] 299818K->299138K(469660K), 0.0027140 secs] [Times: user=0.01 sys=0.01, real=0.00 secs] 
34.730: [GC 34.730: [ParNew
Desired survivor size 557056 bytes, new threshold 15 (max 15)
- age   1:        328 bytes,        328 total
- age   2:     389544 bytes,     389872 total
: 2304K->754K(2304K), 0.0023286 secs] 300354K->299245K(469660K), 0.0023910 secs] [Times: user=0.01 sys=0.00, real=0.00 secs] 
34.734: [GC 34.734: [ParNew
Desired survivor size 557056 bytes, new threshold 3 (max 15)
- age   1:     373080 bytes,     373080 total
- age   2:        200 bytes,     373280 total
- age   3:     389544 bytes,     762824 total
: 1970K->828K(2304K), 0.0030360 secs] 300461K->299319K(469660K), 0.0031179 secs] [Times: user=0.00 sys=0.00, real=0.00 secs] 
34.741: [GC 34.741: [ParNew
Desired survivor size 557056 bytes, new threshold 2 (max 15)
- age   1:     512592 bytes,     512592 total
- age   2:     372952 bytes,     885544 total
- age   3:        200 bytes,     885744 total
: 2044K->1088K(2304K), 0.0041713 secs] 300535K->299960K(469660K), 0.0042490 secs] [Times: user=0.01 sys=0.00, real=0.01 secs] 
34.748: [GC 34.748: [ParNew
Desired survivor size 557056 bytes, new threshold 2 (max 15)
- age   1:     462000 bytes,     462000 total
- age   2:     445616 bytes,     907616 total
: 2304K->1088K(2304K), 0.0039128 secs] 301176K->300561K(469660K), 0.0040005 secs] [Times: user=0.01 sys=0.00, real=0.00 secs] 
34.755: [GC 34.755: [ParNew
Desired survivor size 557056 bytes, new threshold 2 (max 15)
- age   1:     179688 bytes,     179688 total
- age   2:     461936 bytes,     641624 total
: 2304K->1083K(2304K), 0.0028941 secs] 301777K->300992K(469660K), 0.0029669 secs] [Times: user=0.01 sys=0.00, real=0.00 secs] 
34.759: [GC 34.759: [ParNew
Desired survivor size 557056 bytes, new threshold 15 (max 15)
- age   1:       1504 bytes,       1504 total
- age   2:     179504 bytes,     181008 total
: 2299K->564K(2304K), 0.0046239 secs] 302208K->300924K(469660K), 0.0047231 secs] [Times: user=0.01 sys=0.00, real=0.01 secs] 
34.766: [GC 34.766: [ParNew
Desired survivor size 557056 bytes, new threshold 15 (max 15)
- age   1:     335328 bytes,     335328 total
- age   2:       1376 bytes,     336704 total
- age   3:     179504 bytes,     516208 total
: 1780K->551K(2304K), 0.0021816 secs] 302140K->300911K(469660K), 0.0022899 secs] [Times: user=0.00 sys=0.00, real=0.00 secs] 
34.770: [GC 34.770: [ParNew
Desired survivor size 557056 bytes, new threshold 1 (max 15)
- age   1:     638256 bytes,     638256 total
- age   2:     284296 bytes,     922552 total
- age   3:       1376 bytes,     923928 total
- age   4:     179504 bytes,    1103432 total
: 1767K->1088K(2304K), 0.0024190 secs] 302127K->301497K(469660K), 0.0024795 secs] [Times: user=0.01 sys=0.00, real=0.00 secs] 
34.774: [GC 34.774: [ParNew
Desired survivor size 557056 bytes, new threshold 1 (max 15)
- age   1:     897696 bytes,     897696 total
: 2304K->1088K(2304K), 0.0047487 secs] 302713K->302834K(469660K), 0.0048205 secs] [Times: user=0.02 sys=0.00, real=0.00 secs] 
34.781: [GC 34.781: [ParNew
Desired survivor size 557056 bytes, new threshold 15 (max 15)
- age   1:     242176 bytes,     242176 total
: 2304K->883K(2304K), 0.0045402 secs] 304050K->303506K(469660K), 0.0046317 secs] [Times: user=0.01 sys=0.00, real=0.01 secs] 
34.787: [GC 34.787: [ParNew
Desired survivor size 557056 bytes, new threshold 15 (max 15)
- age   1:     116576 bytes,     116576 total
- age   2:     242048 bytes,     358624 total
: 2099K->480K(2304K), 0.0018695 secs] 304722K->303103K(469660K), 0.0019252 secs] [Times: user=0.00 sys=0.00, real=0.00 secs] 
34.791: [GC 34.791: [ParNew
Desired survivor size 557056 bytes, new threshold 1 (max 15)
- age   1:     592000 bytes,     592000 total
- age   2:     116456 bytes,     708456 total
- age   3:     242048 bytes,     950504 total
: 1696K->1088K(2304K), 0.0021237 secs] 304319K->303711K(469660K), 0.0021794 secs] [Times: user=0.01 sys=0.01, real=0.00 secs] 
34.795: [GC 34.795: [ParNew
Desired survivor size 557056 bytes, new threshold 15 (max 15)
- age   1:     343840 bytes,     343840 total
: 2304K->541K(2304K), 0.0055926 secs] 304927K->304093K(469660K), 0.0056714 secs] [Times: user=0.01 sys=0.00, real=0.00 secs] 
34.803: [GC 34.803: [ParNew
Desired survivor size 557056 bytes, new threshold 1 (max 15)
- age   1:     777304 bytes,     777304 total
- age   2:     335056 bytes,    1112360 total
: 1757K->1088K(2304K), 0.0031050 secs] 305309K->305031K(469660K), 0.0031850 secs] [Times: user=0.01 sys=0.00, real=0.01 secs] 
34.807: [GC 34.807: [ParNew
Desired survivor size 557056 bytes, new threshold 1 (max 15)
- age   1:     844688 bytes,     844688 total
: 2304K->1088K(2304K), 0.0037111 secs] 306247K->306117K(469660K), 0.0037935 secs] [Times: user=0.01 sys=0.00, real=0.00 secs] 
34.812: [GC 34.812: [ParNew
Desired survivor size 557056 bytes, new threshold 15 (max 15)
- age   1:     403288 bytes,     403288 total
: 2304K->1061K(2304K), 0.0036959 secs] 307333K->306911K(469660K), 0.0037754 secs] [Times: user=0.01 sys=0.00, real=0.01 secs] 
34.818: [GC 34.818: [ParNew
Desired survivor size 557056 bytes, new threshold 15 (max 15)
- age   1:      54568 bytes,      54568 total
- age   2:     403216 bytes,     457784 total
: 2277K->621K(2304K), 0.0019586 secs] 308127K->306471K(469660K), 0.0020165 secs] [Times: user=0.01 sys=0.00, real=0.00 secs] 
34.822: [GC 34.822: [ParNew
Desired survivor size 557056 bytes, new threshold 3 (max 15)
- age   1:     363680 bytes,     363680 total
- age   2:      54496 bytes,     418176 total
- age   3:     403216 bytes,     821392 total
: 1837K->929K(2304K), 0.0029354 secs] 307687K->306779K(469660K), 0.0030025 secs] [Times: user=0.00 sys=0.00, real=0.01 secs] 
34.827: [GC 34.827: [ParNew
Desired survivor size 557056 bytes, new threshold 1 (max 15)
- age   1:     874936 bytes,     874936 total
- age   2:     237056 bytes,    1111992 total
- age   3:        136 bytes,    1112128 total
: 2145K->1088K(2304K), 0.0039890 secs] 307995K->307802K(469660K), 0.0040623 secs] [Times: user=0.01 sys=0.00, real=0.00 secs] 
34.835: [GC 34.835: [ParNew
Desired survivor size 557056 bytes, new threshold 1 (max 15)
- age   1:     820776 bytes,     820776 total
: 2304K->1088K(2304K), 0.0041017 secs] 309018K->309024K(469660K), 0.0041808 secs] [Times: user=0.02 sys=0.00, real=0.00 secs] 
34.841: [GC 34.841: [ParNew
Desired survivor size 557056 bytes, new threshold 1 (max 15)
- age   1:     796528 bytes,     796528 total
: 2304K->1061K(2304K), 0.0032809 secs] 310240K->309798K(469660K), 0.0033548 secs] [Times: user=0.01 sys=0.00, real=0.01 secs] 
34.846: [GC 34.846: [ParNew
Desired survivor size 557056 bytes, new threshold 15 (max 15)
- age   1:      17256 bytes,      17256 total
: 2277K->794K(2304K), 0.0032881 secs] 311014K->310307K(469660K), 0.0033742 secs] [Times: user=0.01 sys=0.00, real=0.00 secs] 
34.851: [GC 34.851: [ParNew
Desired survivor size 557056 bytes, new threshold 15 (max 15)
- age   1:        200 bytes,        200 total
- age   2:      17144 bytes,      17344 total
: 2010K->201K(2304K), 0.0015782 secs] 311523K->309715K(469660K), 0.0016272 secs] [Times: user=0.01 sys=0.00, real=0.00 secs] 
34.854: [GC 34.854: [ParNew
Desired survivor size 557056 bytes, new threshold 15 (max 15)
- age   1:     432592 bytes,     432592 total
- age   2:        128 bytes,     432720 total
- age   3:      17144 bytes,     449864 total
: 1417K->492K(2304K), 0.0020890 secs] 310931K->310006K(469660K), 0.0021460 secs] [Times: user=0.01 sys=0.01, real=0.00 secs] 
34.858: [GC 34.858: [ParNew
Desired survivor size 557056 bytes, new threshold 1 (max 15)
- age   1:     744336 bytes,     744336 total
- age   2:     363440 bytes,    1107776 total
- age   3:         88 bytes,    1107864 total
- age   4:       2096 bytes,    1109960 total
: 1708K->1088K(2304K), 0.0037204 secs] 311222K->311116K(469660K), 0.0037864 secs] [Times: user=0.01 sys=0.00, real=0.00 secs] 
34.864: [GC 34.864: [ParNew
Desired survivor size 557056 bytes, new threshold 15 (max 15)
- age   1:     218888 bytes,     218888 total
: 2304K->889K(2304K), 0.0032466 secs] 312332K->312001K(469660K), 0.0033177 secs] [Times: user=0.01 sys=0.00, real=0.01 secs] 
34.869: [GC 34.869: [ParNew
Desired survivor size 557056 bytes, new threshold 1 (max 15)
- age   1:     632704 bytes,     632704 total
- age   2:     218888 bytes,     851592 total
: 2105K->965K(2304K), 0.0020647 secs] 313217K->312077K(469660K), 0.0021251 secs] [Times: user=0.00 sys=0.00, real=0.00 secs] 
34.872: [GC 34.872: [ParNew
Desired survivor size 557056 bytes, new threshold 1 (max 15)
- age   1:     621328 bytes,     621328 total
: 2181K->1039K(2304K), 0.0031197 secs] 313293K->312982K(469660K), 0.0031918 secs] [Times: user=0.01 sys=0.00, real=0.01 secs] 
34.877: [GC 34.877: [ParNew
Desired survivor size 557056 bytes, new threshold 1 (max 15)
- age   1:    1108408 bytes,    1108408 total
: 2255K->1088K(2304K), 0.0045282 secs] 314198K->313717K(469660K), 0.0045943 secs] [Times: user=0.02 sys=0.00, real=0.00 secs] 
34.883: [GC 34.883: [ParNew
Desired survivor size 557056 bytes, new threshold 1 (max 15)
- age   1:    1068440 bytes,    1068440 total
: 2304K->1088K(2304K), 0.0039808 secs] 314933K->314912K(469660K), 0.0040553 secs] [Times: user=0.02 sys=0.00, real=0.01 secs] 
34.891: [GC 34.891: [ParNew
Desired survivor size 557056 bytes, new threshold 15 (max 15)
- age   1:     457776 bytes,     457776 total
: 2304K->1088K(2304K), 0.0036379 secs] 316128K->316058K(469660K), 0.0037316 secs] [Times: user=0.01 sys=0.00, real=0.01 secs] 
34.897: [GC 34.897: [ParNew
Desired survivor size 557056 bytes, new threshold 1 (max 15)
- age   1:     676360 bytes,     676360 total
- age   2:     433656 bytes,    1110016 total
: 2304K->1088K(2304K), 0.0037399 secs] 317274K->316612K(469660K), 0.0038108 secs] [Times: user=0.02 sys=0.00, real=0.00 secs] 
34.903: [GC 34.903: [ParNew
Desired survivor size 557056 bytes, new threshold 15 (max 15)
- age   1:     492328 bytes,     492328 total
: 2304K->916K(2304K), 0.0034920 secs] 317828K->317524K(469660K), 0.0035609 secs] [Times: user=0.01 sys=0.00, real=0.01 secs] 
34.910: [GC 34.910: [ParNew
Desired survivor size 557056 bytes, new threshold 2 (max 15)
- age   1:     511368 bytes,     511368 total
- age   2:     464768 bytes,     976136 total
: 2132K->1088K(2304K), 0.0023170 secs] 318740K->317696K(469660K), 0.0023911 secs] [Times: user=0.01 sys=0.00, real=0.00 secs] 
34.915: [GC 34.915: [ParNew
Desired survivor size 557056 bytes, new threshold 1 (max 15)
- age   1:     617240 bytes,     617240 total
- age   2:     449824 bytes,    1067064 total
: 2304K->1088K(2304K), 0.0036652 secs] 318912K->318260K(469660K), 0.0037457 secs] [Times: user=0.02 sys=0.00, real=0.00 secs] 
34.923: [GC 34.923: [ParNew
Desired survivor size 557056 bytes, new threshold 1 (max 15)
- age   1:    1039704 bytes,    1039704 total
: 2304K->1088K(2304K), 0.0041892 secs] 319476K->319344K(469660K), 0.0042646 secs] [Times: user=0.01 sys=0.00, real=0.01 secs] 
34.929: [GC 34.929: [ParNew
Desired survivor size 557056 bytes, new threshold 15 (max 15)
- age   1:     453144 bytes,     453144 total
: 2304K->1088K(2304K), 0.0036163 secs] 320560K->320359K(469660K), 0.0036978 secs] [Times: user=0.01 sys=0.00, real=0.00 secs] 
34.936: [GC 34.936: [ParNew
Desired survivor size 557056 bytes, new threshold 1 (max 15)
- age   1:     719840 bytes,     719840 total
- age   2:     390144 bytes,    1109984 total
: 2304K->1088K(2304K), 0.0040033 secs] 321575K->320909K(469660K), 0.0040745 secs] [Times: user=0.02 sys=0.00, real=0.00 secs] 
34.942: [GC 34.942: [ParNew
Desired survivor size 557056 bytes, new threshold 15 (max 15)
- age   1:     417024 bytes,     417024 total
: 2304K->916K(2304K), 0.0035329 secs] 322125K->321822K(469660K), 0.0036072 secs] [Times: user=0.01 sys=0.00, real=0.01 secs] 
34.948: [GC 34.948: [ParNew
Desired survivor size 557056 bytes, new threshold 2 (max 15)
- age   1:     426128 bytes,     426128 total
- age   2:     416992 bytes,     843120 total
: 2132K->1088K(2304K), 0.0029403 secs] 323038K->321993K(469660K), 0.0030194 secs] [Times: user=0.01 sys=0.00, real=0.00 secs] 
34.952: [GC 34.952: [ParNew
Desired survivor size 557056 bytes, new threshold 2 (max 15)
- age   1:     549200 bytes,     549200 total
- age   2:     424816 bytes,     974016 total
: 2304K->1088K(2304K), 0.0036699 secs] 323209K->322882K(469660K), 0.0037399 secs] [Times: user=0.02 sys=0.00, real=0.01 secs] 
34.957: [GC 34.957: [ParNew
Desired survivor size 557056 bytes, new threshold 2 (max 15)
- age   1:     536984 bytes,     536984 total
- age   2:     549200 bytes,    1086184 total
: 2304K->1088K(2304K), 0.0047299 secs] 324098K->323645K(469660K), 0.0047989 secs] [Times: user=0.01 sys=0.00, real=0.00 secs] 
34.962: [GC 34.962: [ParNew
Desired survivor size 557056 bytes, new threshold 2 (max 15)
- age   1:     452680 bytes,     452680 total
- age   2:     488624 bytes,     941304 total
: 2304K->1088K(2304K), 0.0047043 secs] 324861K->324745K(469660K), 0.0047741 secs] [Times: user=0.01 sys=0.00, real=0.01 secs] 
34.969: [GC 34.969: [ParNew
Desired survivor size 557056 bytes, new threshold 2 (max 15)
- age   1:     145064 bytes,     145064 total
- age   2:     452592 bytes,     597656 total
: 2304K->943K(2304K), 0.0039378 secs] 325961K->325078K(469660K), 0.0040196 secs] [Times: user=0.01 sys=0.00, real=0.00 secs] 
34.976: [GC 34.976: [ParNew
Desired survivor size 557056 bytes, new threshold 1 (max 15)
- age   1:     892352 bytes,     892352 total
- age   2:     129192 bytes,    1021544 total
: 2159K->1088K(2304K), 0.0032137 secs] 326294K->325894K(469660K), 0.0032908 secs] [Times: user=0.01 sys=0.00, real=0.00 secs] 
34.981: [GC 34.981: [ParNew
Desired survivor size 557056 bytes, new threshold 1 (max 15)
- age   1:     642528 bytes,     642528 total
: 2304K->1088K(2304K), 0.0040546 secs] 327110K->326898K(469660K), 0.0041302 secs] [Times: user=0.01 sys=0.00, real=0.01 secs] 
34.986: [GC 34.986: [ParNew
Desired survivor size 557056 bytes, new threshold 1 (max 15)
- age   1:     709992 bytes,     709992 total
: 2304K->928K(2304K), 0.0037847 secs] 328114K->327366K(469660K), 0.0038490 secs] [Times: user=0.01 sys=0.00, real=0.00 secs] 
34.991: [GC 34.991: [ParNew
Desired survivor size 557056 bytes, new threshold 15 (max 15)
- age   1:     266408 bytes,     266408 total
: 2144K->795K(2304K), 0.0027618 secs] 328582K->327926K(469660K), 0.0028245 secs] [Times: user=0.01 sys=0.01, real=0.01 secs] 
34.996: [GC 34.996: [ParNew
Desired survivor size 557056 bytes, new threshold 2 (max 15)
- age   1:     442744 bytes,     442744 total
- age   2:     266336 bytes,     709080 total
: 2011K->840K(2304K), 0.0030720 secs] 329142K->327971K(469660K), 0.0032054 secs] [Times: user=0.01 sys=0.00, real=0.00 secs] 
35.000: [GC 35.000: [ParNew
Desired survivor size 557056 bytes, new threshold 1 (max 15)
- age   1:     613936 bytes,     613936 total
- age   2:     422536 bytes,    1036472 total
: 2056K->1088K(2304K), 0.0042695 secs] 329187K->328512K(469660K), 0.0043472 secs] [Times: user=0.01 sys=0.00, real=0.01 secs] 
35.006: [GC 35.006: [ParNew
Desired survivor size 557056 bytes, new threshold 1 (max 15)
- age   1:     632864 bytes,     632864 total
: 2304K->1088K(2304K), 0.0036292 secs] 329728K->329595K(469660K), 0.0037048 secs] [Times: user=0.01 sys=0.00, real=0.00 secs] 
35.011: [GC 35.011: [ParNew
Desired survivor size 557056 bytes, new threshold 1 (max 15)
- age   1:    1052208 bytes,    1052208 total
: 2304K->1088K(2304K), 0.0034104 secs] 330811K->330322K(469660K), 0.0034800 secs] [Times: user=0.01 sys=0.00, real=0.01 secs] 
35.017: [GC 35.017: [ParNew
Desired survivor size 557056 bytes, new threshold 1 (max 15)
- age   1:     616952 bytes,     616952 total
: 2304K->1087K(2304K), 0.0035390 secs] 331538K->331349K(469660K), 0.0036116 secs] [Times: user=0.01 sys=0.00, real=0.00 secs] 
35.022: [GC 35.022: [ParNew
Desired survivor size 557056 bytes, new threshold 1 (max 15)
- age   1:    1098744 bytes,    1098744 total
: 2303K->1088K(2304K), 0.0037281 secs] 332565K->332025K(469660K), 0.0038013 secs] [Times: user=0.02 sys=0.00, real=0.01 secs] 
35.028: [GC 35.028: [ParNew
Desired survivor size 557056 bytes, new threshold 1 (max 15)
- age   1:     718536 bytes,     718536 total
: 2304K->1088K(2304K), 0.0041035 secs] 333241K->333099K(469660K), 0.0041833 secs] [Times: user=0.01 sys=0.00, real=0.00 secs] 
35.034: [GC 35.034: [ParNew
Desired survivor size 557056 bytes, new threshold 15 (max 15)
- age   1:     393984 bytes,     393984 total
: 2304K->744K(2304K), 0.0034710 secs] 334315K->333443K(469660K), 0.0035434 secs] [Times: user=0.01 sys=0.00, real=0.00 secs] 
35.039: [GC 35.039: [ParNew
Desired survivor size 557056 bytes, new threshold 2 (max 15)
- age   1:     261752 bytes,     261752 total
- age   2:     393848 bytes,     655600 total
: 1960K->743K(2304K), 0.0025311 secs] 334659K->333442K(469660K), 0.0025991 secs] [Times: user=0.01 sys=0.00, real=0.00 secs] 
35.043: [GC 35.043: [ParNew
Desired survivor size 557056 bytes, new threshold 15 (max 15)
- age   1:     236456 bytes,     236456 total
- age   2:     261712 bytes,     498168 total
: 1959K->703K(2304K), 0.0023652 secs] 334658K->333786K(469660K), 0.0024285 secs] [Times: user=0.01 sys=0.00, real=0.01 secs] 
35.047: [GC 35.047: [ParNew
Desired survivor size 557056 bytes, new threshold 3 (max 15)
- age   1:     195976 bytes,     195976 total
- age   2:     236296 bytes,     432272 total
- age   3:     261712 bytes,     693984 total
: 1919K->884K(2304K), 0.0029064 secs] 335002K->333968K(469660K), 0.0029986 secs] [Times: user=0.00 sys=0.00, real=0.00 secs] 
35.053: [GC 35.053: [ParNew
Desired survivor size 557056 bytes, new threshold 1 (max 15)
- age   1:     622720 bytes,     622720 total
- age   2:     175736 bytes,     798456 total
- age   3:     236296 bytes,    1034752 total
: 2100K->1088K(2304K), 0.0030348 secs] 335184K->334499K(469660K), 0.0031174 secs] [Times: user=0.01 sys=0.00, real=0.01 secs] 
35.059: [GC 35.059: [ParNew
Desired survivor size 557056 bytes, new threshold 1 (max 15)
- age   1:     879448 bytes,     879448 total
: 2304K->1088K(2304K), 0.0045891 secs] 335715K->335843K(469660K), 0.0046662 secs] [Times: user=0.01 sys=0.00, real=0.00 secs] 
35.066: [GC 35.066: [ParNew
Desired survivor size 557056 bytes, new threshold 1 (max 15)
- age   1:    1038848 bytes,    1038848 total
: 2304K->1088K(2304K), 0.0044183 secs] 337059K->336842K(469660K), 0.0045077 secs] [Times: user=0.01 sys=0.00, real=0.00 secs] 
35.073: [GC 35.073: [ParNew
Desired survivor size 557056 bytes, new threshold 1 (max 15)
- age   1:     798656 bytes,     798656 total
: 2304K->1088K(2304K), 0.0042428 secs] 338058K->338122K(469660K), 0.0043503 secs] [Times: user=0.02 sys=0.00, real=0.01 secs] 
35.080: [GC 35.080: [ParNew
Desired survivor size 557056 bytes, new threshold 1 (max 15)
- age   1:    1058904 bytes,    1058904 total
: 2304K->1088K(2304K), 0.0042448 secs] 339338K->339031K(469660K), 0.0043230 secs] [Times: user=0.01 sys=0.00, real=0.00 secs] 
35.087: [GC 35.087: [ParNew
Desired survivor size 557056 bytes, new threshold 1 (max 15)
- age   1:     601528 bytes,     601528 total
: 2304K->1088K(2304K), 0.0040207 secs] 340247K->340065K(469660K), 0.0040955 secs] [Times: user=0.01 sys=0.00, real=0.00 secs] 
35.093: [GC 35.093: [ParNew
Desired survivor size 557056 bytes, new threshold 1 (max 15)
- age   1:     724472 bytes,     724472 total
: 2304K->1030K(2304K), 0.0031259 secs] 341281K->340577K(469660K), 0.0032035 secs] [Times: user=0.01 sys=0.00, real=0.01 secs] 
35.097: [GC 35.098: [ParNew
Desired survivor size 557056 bytes, new threshold 15 (max 15)
- age   1:     539936 bytes,     539936 total
: 2246K->810K(2304K), 0.0031181 secs] 341793K->341064K(469660K), 0.0031912 secs] [Times: user=0.01 sys=0.00, real=0.00 secs] 
35.102: [GC 35.102: [ParNew
Desired survivor size 557056 bytes, new threshold 1 (max 15)
- age   1:     565688 bytes,     565688 total
- age   2:     453536 bytes,    1019224 total
: 2026K->1088K(2304K), 0.0030574 secs] 342280K->341464K(469660K), 0.0031233 secs] [Times: user=0.01 sys=0.00, real=0.01 secs] 
35.109: [GC 35.109: [ParNew
Desired survivor size 557056 bytes, new threshold 1 (max 15)
- age   1:     947088 bytes,     947088 total
: 2304K->1088K(2304K), 0.0040834 secs] 342680K->342622K(469660K), 0.0041595 secs] [Times: user=0.01 sys=0.00, real=0.00 secs] 
35.116: [GC 35.116: [ParNew
Desired survivor size 557056 bytes, new threshold 1 (max 15)
- age   1:     984896 bytes,     984896 total
: 2304K->1088K(2304K), 0.0041109 secs] 343838K->343767K(469660K), 0.0041897 secs] [Times: user=0.01 sys=0.00, real=0.00 secs] 
35.122: [GC 35.122: [ParNew
Desired survivor size 557056 bytes, new threshold 1 (max 15)
- age   1:     841336 bytes,     841336 total
: 2304K->1088K(2304K), 0.0041511 secs] 344983K->344734K(469660K), 0.0042273 secs] [Times: user=0.01 sys=0.00, real=0.01 secs] 
35.128: [GC 35.128: [ParNew
Desired survivor size 557056 bytes, new threshold 1 (max 15)
- age   1:     639368 bytes,     639368 total
: 2304K->1082K(2304K), 0.0034671 secs] 345950K->345523K(469660K), 0.0035340 secs] [Times: user=0.01 sys=0.01, real=0.00 secs] 
35.133: [GC 35.133: [ParNew
Desired survivor size 557056 bytes, new threshold 1 (max 15)
- age   1:     632664 bytes,     632664 total
: 2298K->854K(2304K), 0.0042312 secs] 346739K->345909K(469660K), 0.0043140 secs] [Times: user=0.01 sys=0.00, real=0.01 secs] 
35.139: [GC 35.139: [ParNew
Desired survivor size 557056 bytes, new threshold 1 (max 15)
- age   1:     649232 bytes,     649232 total
: 2070K->997K(2304K), 0.0041387 secs] 347125K->346670K(469660K), 0.0042154 secs] [Times: user=0.01 sys=0.00, real=0.00 secs] 
35.145: [GC 35.145: [ParNew
Desired survivor size 557056 bytes, new threshold 1 (max 15)
- age   1:    1009456 bytes,    1009456 total
: 2213K->1088K(2304K), 0.0035541 secs] 347886K->347544K(469660K), 0.0036230 secs] [Times: user=0.01 sys=0.00, real=0.00 secs] 
35.150: [GC 35.150: [ParNew
Desired survivor size 557056 bytes, new threshold 1 (max 15)
- age   1:     712776 bytes,     712776 total
: 2304K->1088K(2304K), 0.0039830 secs] 348760K->348530K(469660K), 0.0040554 secs] [Times: user=0.01 sys=0.00, real=0.00 secs] 
35.155: [GC 35.155: [ParNew
Desired survivor size 557056 bytes, new threshold 1 (max 15)
- age   1:     640952 bytes,     640952 total
: 2304K->931K(2304K), 0.0038098 secs] 349746K->349070K(469660K), 0.0038888 secs] [Times: user=0.01 sys=0.00, real=0.00 secs] 
35.163: [GC 35.163: [ParNew
Desired survivor size 557056 bytes, new threshold 1 (max 15)
- age   1:     831096 bytes,     831096 total
: 2147K->983K(2304K), 0.0039711 secs] 350286K->349748K(469660K), 0.0040456 secs] [Times: user=0.01 sys=0.00, real=0.01 secs] 
35.168: [GC 35.168: [ParNew
Desired survivor size 557056 bytes, new threshold 15 (max 15)
- age   1:     409768 bytes,     409768 total
: 2199K->941K(2304K), 0.0032988 secs] 350964K->350490K(469660K), 0.0033662 secs] [Times: user=0.01 sys=0.00, real=0.00 secs] 
35.173: [GC 35.173: [ParNew
Desired survivor size 557056 bytes, new threshold 1 (max 15)
- age   1:     703576 bytes,     703576 total
- age   2:     409704 bytes,    1113280 total
: 2157K->1088K(2304K), 0.0026517 secs] 351706K->350712K(469660K), 0.0027118 secs] [Times: user=0.01 sys=0.00, real=0.01 secs] 
35.178: [GC 35.178: [ParNew
Desired survivor size 557056 bytes, new threshold 15 (max 15)
- age   1:     418208 bytes,     418208 total
: 2304K->1088K(2304K), 0.0039227 secs] 351928K->351799K(469660K), 0.0039969 secs] [Times: user=0.01 sys=0.01, real=0.00 secs] 
35.183: [GC 35.183: [ParNew
Desired survivor size 557056 bytes, new threshold 1 (max 15)
- age   1:     590128 bytes,     590128 total
- age   2:     418080 bytes,    1008208 total
: 2304K->1088K(2304K), 0.0032704 secs] 353015K->351799K(469660K), 0.0033462 secs] [Times: user=0.01 sys=0.00, real=0.01 secs] 
35.190: [GC 35.190: [ParNew
Desired survivor size 557056 bytes, new threshold 1 (max 15)
- age   1:     650888 bytes,     650888 total
: 2304K->1025K(2304K), 0.0039758 secs] 353015K->352713K(469660K), 0.0040688 secs] [Times: user=0.01 sys=0.00, real=0.01 secs] 
35.196: [GC 35.196: [ParNew
Desired survivor size 557056 bytes, new threshold 1 (max 15)
- age   1:    1072640 bytes,    1072640 total
: 2241K->1088K(2304K), 0.0040990 secs] 353929K->353465K(469660K), 0.0041717 secs] [Times: user=0.01 sys=0.00, real=0.00 secs] 
35.202: [GC 35.202: [ParNew
Desired survivor size 557056 bytes, new threshold 1 (max 15)
- age   1:     671048 bytes,     671048 total
: 2304K->1088K(2304K), 0.0047108 secs] 354681K->354513K(469660K), 0.0047844 secs] [Times: user=0.01 sys=0.00, real=0.01 secs] 
35.209: [GC 35.209: [ParNew
Desired survivor size 557056 bytes, new threshold 15 (max 15)
- age   1:     450088 bytes,     450088 total
: 2304K->906K(2304K), 0.0030897 secs] 355729K->354987K(469660K), 0.0031578 secs] [Times: user=0.01 sys=0.00, real=0.00 secs] 
35.214: [GC 35.214: [ParNew
Desired survivor size 557056 bytes, new threshold 1 (max 15)
- age   1:     578168 bytes,     578168 total
- age   2:     449960 bytes,    1028128 total
: 2122K->1088K(2304K), 0.0024725 secs] 356203K->355173K(469660K), 0.0025406 secs] [Times: user=0.00 sys=0.00, real=0.01 secs] 
35.218: [GC 35.218: [ParNew
Desired survivor size 557056 bytes, new threshold 1 (max 15)
- age   1:     612232 bytes,     612232 total
: 2304K->1088K(2304K), 0.0048245 secs] 356389K->356177K(469660K), 0.0048947 secs] [Times: user=0.01 sys=0.00, real=0.00 secs] 
35.225: [GC 35.225: [ParNew
Desired survivor size 557056 bytes, new threshold 15 (max 15)
- age   1:     398880 bytes,     398880 total
: 2304K->651K(2304K), 0.0027631 secs] 357393K->356338K(469660K), 0.0028290 secs] [Times: user=0.01 sys=0.00, real=0.00 secs] 
35.229: [GC 35.229: [ParNew
Desired survivor size 557056 bytes, new threshold 1 (max 15)
- age   1:     693168 bytes,     693168 total
- age   2:     392000 bytes,    1085168 total
: 1867K->1088K(2304K), 0.0022972 secs] 357554K->356785K(469660K), 0.0023625 secs] [Times: user=0.01 sys=0.00, real=0.00 secs] 
35.233: [GC 35.233: [ParNew
Desired survivor size 557056 bytes, new threshold 15 (max 15)
- age   1:     102840 bytes,     102840 total
: 2304K->898K(2304K), 0.0041440 secs] 358001K->357655K(469660K), 0.0042254 secs] [Times: user=0.01 sys=0.00, real=0.01 secs] 
35.240: [GC 35.240: [ParNew
Desired survivor size 557056 bytes, new threshold 15 (max 15)
- age   1:     109176 bytes,     109176 total
- age   2:      92512 bytes,     201688 total
: 2114K->340K(2304K), 0.0016983 secs] 358871K->357097K(469660K), 0.0017533 secs] [Times: user=0.01 sys=0.00, real=0.00 secs] 
35.242: [GC 35.243: [ParNew
Desired survivor size 557056 bytes, new threshold 15 (max 15)
- age   1:     176568 bytes,     176568 total
- age   2:     108944 bytes,     285512 total
- age   3:      94960 bytes,     380472 total
: 1556K->422K(2304K), 0.0016240 secs] 358313K->357179K(469660K), 0.0017067 secs] [Times: user=0.00 sys=0.00, real=0.01 secs] 
35.246: [GC 35.246: [ParNew
Desired survivor size 557056 bytes, new threshold 2 (max 15)
- age   1:     418856 bytes,     418856 total
- age   2:     176496 bytes,     595352 total
- age   3:     108944 bytes,     704296 total
- age   4:      92384 bytes,     796680 total
: 1638K->915K(2304K), 0.0022631 secs] 358395K->357672K(469660K), 0.0023377 secs] [Times: user=0.01 sys=0.00, real=0.00 secs] 
35.250: [GC 35.250: [ParNew
Desired survivor size 557056 bytes, new threshold 2 (max 15)
- age   1:     491104 bytes,     491104 total
- age   2:     402272 bytes,     893376 total
: 2131K->1088K(2304K), 0.0027983 secs] 358888K->358230K(469660K), 0.0028795 secs] [Times: user=0.01 sys=0.00, real=0.00 secs] 
35.255: [GC 35.255: [ParNew
Desired survivor size 557056 bytes, new threshold 2 (max 15)
- age   1:     328688 bytes,     328688 total
- age   2:     491016 bytes,     819704 total
: 2304K->1088K(2304K), 0.0031711 secs] 359446K->358666K(469660K), 0.0032449 secs] [Times: user=0.01 sys=0.00, real=0.00 secs] 
35.260: [GC 35.260: [ParNew
Desired survivor size 557056 bytes, new threshold 1 (max 15)
- age   1:     618376 bytes,     618376 total
- age   2:     328560 bytes,     946936 total
: 2304K->1088K(2304K), 0.0030668 secs] 359882K->359185K(469660K), 0.0031361 secs] [Times: user=0.01 sys=0.00, real=0.00 secs] 
35.264: [GC 35.265: [ParNew
Desired survivor size 557056 bytes, new threshold 1 (max 15)
- age   1:     748760 bytes,     748760 total
: 2304K->1088K(2304K), 0.0040815 secs] 360401K->360110K(469660K), 0.0041514 secs] [Times: user=0.01 sys=0.01, real=0.00 secs] 
35.270: [GC 35.270: [ParNew
Desired survivor size 557056 bytes, new threshold 15 (max 15)
- age   1:     443376 bytes,     443376 total
: 2304K->964K(2304K), 0.0036060 secs] 361326K->360718K(469660K), 0.0036763 secs] [Times: user=0.01 sys=0.00, real=0.00 secs] 
35.274: [GC 35.274: [ParNew
Desired survivor size 557056 bytes, new threshold 1 (max 15)
- age   1:     669912 bytes,     669912 total
- age   2:     443304 bytes,    1113216 total
: 2180K->1088K(2304K), 0.0040586 secs] 361934K->360944K(469660K), 0.0041262 secs] [Times: user=0.01 sys=0.00, real=0.00 secs] 
35.280: [GC 35.280: [ParNew
Desired survivor size 557056 bytes, new threshold 1 (max 15)
- age   1:     567536 bytes,     567536 total
: 2304K->1088K(2304K), 0.0059994 secs] 362160K->362125K(469660K), 0.0060834 secs] [Times: user=0.01 sys=0.00, real=0.01 secs] 
35.288: [GC 35.288: [ParNew
Desired survivor size 557056 bytes, new threshold 1 (max 15)
- age   1:     702440 bytes,     702440 total
: 2304K->976K(2304K), 0.0039626 secs] 363341K->362568K(469660K), 0.0040385 secs] [Times: user=0.01 sys=0.00, real=0.00 secs] 
35.295: [GC 35.295: [ParNew
Desired survivor size 557056 bytes, new threshold 1 (max 15)
- age   1:     727872 bytes,     727872 total
: 2192K->934K(2304K), 0.0033898 secs] 363784K->363207K(469660K), 0.0034776 secs] [Times: user=0.02 sys=0.00, real=0.00 secs] 
35.300: [GC 35.300: [ParNew
Desired survivor size 557056 bytes, new threshold 1 (max 15)
- age   1:    1003592 bytes,    1003592 total
: 2150K->1088K(2304K), 0.0042975 secs] 364423K->364240K(469660K), 0.0043784 secs] [Times: user=0.02 sys=0.00, real=0.01 secs] 
35.306: [GC 35.306: [ParNew
Desired survivor size 557056 bytes, new threshold 1 (max 15)
- age   1:     881408 bytes,     881408 total
: 2304K->1088K(2304K), 0.0046989 secs] 365456K->365242K(469660K), 0.0047705 secs] [Times: user=0.01 sys=0.01, real=0.00 secs] 
35.312: [GC 35.312: [ParNew
Desired survivor size 557056 bytes, new threshold 1 (max 15)
- age   1:     720368 bytes,     720368 total
: 2304K->1088K(2304K), 0.0036934 secs] 366458K->366125K(469660K), 0.0037609 secs] [Times: user=0.01 sys=0.00, real=0.01 secs] 
35.317: [GC 35.317: [ParNew
Desired survivor size 557056 bytes, new threshold 15 (max 15)
- age   1:     298160 bytes,     298160 total
: 2304K->745K(2304K), 0.0031121 secs] 367341K->366486K(469660K), 0.0031788 secs] [Times: user=0.01 sys=0.00, real=0.00 secs] 
35.322: [GC 35.322: [ParNew
Desired survivor size 557056 bytes, new threshold 15 (max 15)
- age   1:        200 bytes,        200 total
- age   2:     298032 bytes,     298232 total
: 1961K->453K(2304K), 0.0021220 secs] 367702K->366194K(469660K), 0.0021801 secs] [Times: user=0.01 sys=0.00, real=0.01 secs] 
35.326: [GC 35.326: [ParNew
Desired survivor size 557056 bytes, new threshold 1 (max 15)
- age   1:     849688 bytes,     849688 total
- age   2:        112 bytes,     849800 total
- age   3:     260944 bytes,    1110744 total
: 1669K->1088K(2304K), 0.0031185 secs] 367410K->367189K(469660K), 0.0031840 secs] [Times: user=0.01 sys=0.00, real=0.00 secs] 
35.331: [GC 35.331: [ParNew
Desired survivor size 557056 bytes, new threshold 1 (max 15)
- age   1:     680216 bytes,     680216 total
: 2304K->1088K(2304K), 0.0043913 secs] 368405K->368312K(469660K), 0.0044586 secs] [Times: user=0.01 sys=0.00, real=0.01 secs] 
35.336: [GC 35.336: [ParNew
Desired survivor size 557056 bytes, new threshold 15 (max 15)
- age   1:     392680 bytes,     392680 total
: 2304K->899K(2304K), 0.0040546 secs] 369528K->368787K(469660K), 0.0041320 secs] [Times: user=0.01 sys=0.00, real=0.00 secs] 
35.343: [GC 35.343: [ParNew
Desired survivor size 557056 bytes, new threshold 1 (max 15)
- age   1:     582424 bytes,     582424 total
- age   2:     392608 bytes,     975032 total
: 2115K->1088K(2304K), 0.0039993 secs] 370003K->368976K(469660K), 0.0040886 secs] [Times: user=0.01 sys=0.00, real=0.01 secs] 
35.348: [GC 35.348: [ParNew
Desired survivor size 557056 bytes, new threshold 15 (max 15)
- age   1:     367416 bytes,     367416 total
: 2304K->933K(2304K), 0.0035881 secs] 370192K->369774K(469660K), 0.0036545 secs] [Times: user=0.01 sys=0.01, real=0.00 secs] 
35.353: [GC 35.353: [ParNew
Desired survivor size 557056 bytes, new threshold 1 (max 15)
- age   1:     664504 bytes,     664504 total
- age   2:     367376 bytes,    1031880 total
: 2149K->1088K(2304K), 0.0024139 secs] 370990K->369928K(469660K), 0.0024775 secs] [Times: user=0.01 sys=0.00, real=0.01 secs] 
35.358: [GC 35.358: [ParNew
Desired survivor size 557056 bytes, new threshold 1 (max 15)
- age   1:     590888 bytes,     590888 total
: 2304K->1031K(2304K), 0.0037390 secs] 371144K->370879K(469660K), 0.0038104 secs] [Times: user=0.01 sys=0.00, real=0.00 secs] 
35.363: [GC 35.363: [ParNew
Desired survivor size 557056 bytes, new threshold 1 (max 15)
- age   1:     593728 bytes,     593728 total
: 2247K->845K(2304K), 0.0029565 secs] 372095K->371270K(469660K), 0.0030197 secs] [Times: user=0.01 sys=0.00, real=0.01 secs] 
35.368: [GC 35.368: [ParNew
Desired survivor size 557056 bytes, new threshold 1 (max 15)
- age   1:     671584 bytes,     671584 total
: 2061K->946K(2304K), 0.0041488 secs] 372486K->371951K(469660K), 0.0042212 secs] [Times: user=0.01 sys=0.00, real=0.00 secs] 
35.373: [GC 35.373: [ParNew
Desired survivor size 557056 bytes, new threshold 1 (max 15)
- age   1:     703520 bytes,     703520 total
: 2162K->1088K(2304K), 0.0031325 secs] 373167K->372749K(469660K), 0.0031985 secs] [Times: user=0.01 sys=0.00, real=0.01 secs] 
35.378: [GC 35.378: [ParNew
Desired survivor size 557056 bytes, new threshold 1 (max 15)
- age   1:     649816 bytes,     649816 total
: 2304K->1008K(2304K), 0.0032765 secs] 373965K->373356K(469660K), 0.0033456 secs] [Times: user=0.02 sys=0.00, real=0.00 secs] 
35.383: [GC 35.383: [ParNew
Desired survivor size 557056 bytes, new threshold 15 (max 15)
- age   1:     359456 bytes,     359456 total
: 2224K->805K(2304K), 0.0030126 secs] 374572K->373787K(469660K), 0.0030823 secs] [Times: user=0.01 sys=0.00, real=0.01 secs] 
35.389: [GC 35.389: [ParNew
Desired survivor size 557056 bytes, new threshold 15 (max 15)
- age   1:      40520 bytes,      40520 total
- age   2:     359416 bytes,     399936 total
: 2021K->585K(2304K), 0.0020423 secs] 375003K->373567K(469660K), 0.0020971 secs] [Times: user=0.01 sys=0.00, real=0.00 secs] 
35.393: [GC 35.393: [ParNew
Desired survivor size 557056 bytes, new threshold 3 (max 15)
- age   1:     412024 bytes,     412024 total
- age   2:      40480 bytes,     452504 total
- age   3:     359416 bytes,     811920 total
: 1801K->915K(2304K), 0.0021169 secs] 374783K->373898K(469660K), 0.0022070 secs] [Times: user=0.00 sys=0.01, real=0.01 secs] 
35.398: [GC 35.398: [ParNew
Desired survivor size 557056 bytes, new threshold 1 (max 15)
- age   1:     762904 bytes,     762904 total
- age   2:     317584 bytes,    1080488 total
- age   3:      31264 bytes,    1111752 total
: 2131K->1088K(2304K), 0.0044256 secs] 375114K->374919K(469660K), 0.0045088 secs] [Times: user=0.02 sys=0.00, real=0.00 secs] 
35.405: [GC 35.405: [ParNew
Desired survivor size 557056 bytes, new threshold 15 (max 15)
- age   1:     440896 bytes,     440896 total
: 2304K->985K(2304K), 0.0048755 secs] 376135K->375902K(469660K), 0.0049526 secs] [Times: user=0.02 sys=0.00, real=0.00 secs] 
35.411: [GC 35.411: [ParNew
Desired survivor size 557056 bytes, new threshold 2 (max 15)
- age   1:     221912 bytes,     221912 total
- age   2:     440864 bytes,     662776 total
: 2201K->815K(2304K), 0.0020440 secs] 377118K->375732K(469660K), 0.0020999 secs] [Times: user=0.01 sys=0.00, real=0.00 secs] 
35.415: [GC 35.415: [ParNew
Desired survivor size 557056 bytes, new threshold 15 (max 15)
- age   1:     312136 bytes,     312136 total
- age   2:     221840 bytes,     533976 total
: 2031K->1028K(2304K), 0.0025642 secs] 376948K->376375K(469660K), 0.0026260 secs] [Times: user=0.01 sys=0.00, real=0.00 secs] 
35.420: [GC 35.420: [ParNew
Desired survivor size 557056 bytes, new threshold 1 (max 15)
- age   1:     631216 bytes,     631216 total
- age   2:     262968 bytes,     894184 total
- age   3:     221840 bytes,    1116024 total
: 2244K->1088K(2304K), 0.0030008 secs] 377591K->376549K(469660K), 0.0030723 secs] [Times: user=0.00 sys=0.00, real=0.00 secs] 
35.425: [GC 35.425: [ParNew
Desired survivor size 557056 bytes, new threshold 1 (max 15)
- age   1:     881336 bytes,     881336 total
: 2304K->1088K(2304K), 0.0052345 secs] 377765K->377906K(469660K), 0.0053106 secs] [Times: user=0.02 sys=0.00, real=0.00 secs] 
35.434: [GC 35.434: [ParNew
Desired survivor size 557056 bytes, new threshold 15 (max 15)
- age   1:     464712 bytes,     464712 total
: 2304K->897K(2304K), 0.0039376 secs] 379122K->378564K(469660K), 0.0040352 secs] [Times: user=0.01 sys=0.01, real=0.01 secs] 
35.441: [GC 35.441: [ParNew
Desired survivor size 557056 bytes, new threshold 1 (max 15)
- age   1:     695656 bytes,     695656 total
- age   2:     414776 bytes,    1110432 total
: 2113K->1088K(2304K), 0.0027816 secs] 379780K->378856K(469660K), 0.0028524 secs] [Times: user=0.01 sys=0.00, real=0.01 secs] 
35.446: [GC 35.446: [ParNew
Desired survivor size 557056 bytes, new threshold 1 (max 15)
- age   1:     587248 bytes,     587248 total
: 2304K->1088K(2304K), 0.0039026 secs] 380072K->379941K(469660K), 0.0039719 secs] [Times: user=0.01 sys=0.00, real=0.00 secs] 
35.451: [GC 35.451: [ParNew
Desired survivor size 557056 bytes, new threshold 15 (max 15)
- age   1:     371448 bytes,     371448 total
: 2304K->663K(2304K), 0.0029163 secs] 381157K->380089K(469660K), 0.0029847 secs] [Times: user=0.01 sys=0.00, real=0.01 secs] 
35.456: [GC 35.457: [ParNew
Desired survivor size 557056 bytes, new threshold 2 (max 15)
- age   1:     549056 bytes,     549056 total
- age   2:     371448 bytes,     920504 total
: 1879K->1047K(2304K), 0.0022537 secs] 381305K->380474K(469660K), 0.0023262 secs] [Times: user=0.01 sys=0.00, real=0.00 secs] 
35.463: [GC 35.463: [ParNew
Desired survivor size 557056 bytes, new threshold 1 (max 15)
- age   1:     630688 bytes,     630688 total
- age   2:     449128 bytes,    1079816 total
: 2263K->1088K(2304K), 0.0033635 secs] 381690K->380974K(469660K), 0.0034626 secs] [Times: user=0.01 sys=0.00, real=0.01 secs] 
35.470: [GC 35.470: [ParNew
Desired survivor size 557056 bytes, new threshold 15 (max 15)
- age   1:     155792 bytes,     155792 total
: 2304K->1015K(2304K), 0.0040946 secs] 382190K->381929K(469660K), 0.0041710 secs] [Times: user=0.01 sys=0.00, real=0.01 secs] 
35.477: [GC 35.477: [ParNew
Desired survivor size 557056 bytes, new threshold 15 (max 15)
- age   1:     151856 bytes,     151856 total
- age   2:     155664 bytes,     307520 total
: 2231K->396K(2304K), 0.0020280 secs] 383145K->381311K(469660K), 0.0020925 secs] [Times: user=0.00 sys=0.00, real=0.00 secs] 
35.481: [GC 35.481: [ParNew
Desired survivor size 557056 bytes, new threshold 2 (max 15)
- age   1:     509808 bytes,     509808 total
- age   2:     151760 bytes,     661568 total
- age   3:     114328 bytes,     775896 total
: 1612K->1020K(2304K), 0.0022576 secs] 382527K->381934K(469660K), 0.0023231 secs] [Times: user=0.01 sys=0.01, real=0.00 secs] 
35.485: [GC 35.485: [ParNew
Desired survivor size 557056 bytes, new threshold 1 (max 15)
- age   1:     861592 bytes,     861592 total
- age   2:     254192 bytes,    1115784 total
: 2236K->1088K(2304K), 0.0043412 secs] 383150K->382880K(469660K), 0.0044163 secs] [Times: user=0.01 sys=0.00, real=0.00 secs] 
35.492: [GC 35.492: [ParNew
Desired survivor size 557056 bytes, new threshold 15 (max 15)
- age   1:     481232 bytes,     481232 total
: 2304K->975K(2304K), 0.0033567 secs] 384096K->383856K(469660K), 0.0034262 secs] [Times: user=0.02 sys=0.00, real=0.01 secs] 
35.497: [GC 35.497: [ParNew
Desired survivor size 557056 bytes, new threshold 2 (max 15)
- age   1:     393824 bytes,     393824 total
- age   2:     481104 bytes,     874928 total
: 2191K->1050K(2304K), 0.0021698 secs] 385072K->383930K(469660K), 0.0022384 secs] [Times: user=0.01 sys=0.00, real=0.00 secs] 
35.501: [GC 35.501: [ParNew
Desired survivor size 557056 bytes, new threshold 2 (max 15)
- age   1:     553816 bytes,     553816 total
- age   2:     380688 bytes,     934504 total
: 2266K->1088K(2304K), 0.0031029 secs] 385146K->384503K(469660K), 0.0031679 secs] [Times: user=0.01 sys=0.00, real=0.00 secs] 
35.510: [GC 35.510: [ParNew
Desired survivor size 557056 bytes, new threshold 2 (max 15)
- age   1:     384600 bytes,     384600 total
- age   2:     539912 bytes,     924512 total
: 2304K->1088K(2304K), 0.0029118 secs] 385719K->384888K(469660K), 0.0029935 secs] [Times: user=0.01 sys=0.00, real=0.00 secs] 
35.514: [GC 35.514: [ParNew
Desired survivor size 557056 bytes, new threshold 1 (max 15)
- age   1:     632272 bytes,     632272 total
- age   2:     346240 bytes,     978512 total
: 2304K->1088K(2304K), 0.0033334 secs] 386104K->385480K(469660K), 0.0034019 secs] [Times: user=0.01 sys=0.00, real=0.00 secs] 
35.519: [GC 35.519: [ParNew
Desired survivor size 557056 bytes, new threshold 15 (max 15)
- age   1:     342496 bytes,     342496 total
: 2304K->1088K(2304K), 0.0037638 secs] 386696K->386436K(469660K), 0.0038399 secs] [Times: user=0.01 sys=0.00, real=0.00 secs] 
35.525: [GC 35.525: [ParNew
Desired survivor size 557056 bytes, new threshold 1 (max 15)
- age   1:     921456 bytes,     921456 total
- age   2:     191744 bytes,    1113200 total
: 2304K->1088K(2304K), 0.0045307 secs] 387652K->386825K(469660K), 0.0046002 secs] [Times: user=0.01 sys=0.01, real=0.00 secs] 
35.531: [GC 35.531: [ParNew
Desired survivor size 557056 bytes, new threshold 1 (max 15)
- age   1:     792792 bytes,     792792 total
: 2304K->1088K(2304K), 0.0059965 secs] 388041K->388234K(469660K), 0.0060801 secs] [Times: user=0.01 sys=0.00, real=0.01 secs] 
35.540: [GC 35.540: [ParNew
Desired survivor size 557056 bytes, new threshold 1 (max 15)
- age   1:     563856 bytes,     563856 total
: 2304K->803K(2304K), 0.0032713 secs] 389450K->388724K(469660K), 0.0033418 secs] [Times: user=0.01 sys=0.00, real=0.00 secs] 
35.544: [GC 35.544: [ParNew
Desired survivor size 557056 bytes, new threshold 15 (max 15)
- age   1:     231352 bytes,     231352 total
: 2019K->767K(2304K), 0.0030058 secs] 389940K->389239K(469660K), 0.0030618 secs] [Times: user=0.01 sys=0.00, real=0.00 secs] 
35.549: [GC 35.549: [ParNew
Desired survivor size 557056 bytes, new threshold 2 (max 15)
- age   1:     470888 bytes,     470888 total
- age   2:     231280 bytes,     702168 total
: 1983K->787K(2304K), 0.0022566 secs] 390455K->389258K(469660K), 0.0023233 secs] [Times: user=0.01 sys=0.00, real=0.00 secs] 
35.553: [GC 35.553: [ParNew
Desired survivor size 557056 bytes, new threshold 15 (max 15)
- age   1:        144 bytes,        144 total
- age   2:     470856 bytes,     471000 total
: 2003K->708K(2304K), 0.0029099 secs] 390474K->389405K(469660K), 0.0029756 secs] [Times: user=0.01 sys=0.00, real=0.01 secs] 
35.558: [GC 35.559: [ParNew
Desired survivor size 557056 bytes, new threshold 3 (max 15)
- age   1:     464648 bytes,     464648 total
- age   2:         72 bytes,     464720 total
- age   3:     470856 bytes,     935576 total
: 1924K->1088K(2304K), 0.0025829 secs] 390621K->389793K(469660K), 0.0026510 secs] [Times: user=0.01 sys=0.00, real=0.00 secs] 
35.563: [GC 35.563: [ParNew
Desired survivor size 557056 bytes, new threshold 1 (max 15)
- age   1:     736584 bytes,     736584 total
- age   2:     376704 bytes,    1113288 total
- age   3:         72 bytes,    1113360 total
: 2304K->1088K(2304K), 0.0044344 secs] 391009K->390784K(469660K), 0.0045049 secs] [Times: user=0.02 sys=0.00, real=0.01 secs] 
35.569: [GC 35.569: [ParNew
Desired survivor size 557056 bytes, new threshold 1 (max 15)
- age   1:     661472 bytes,     661472 total
: 2304K->1088K(2304K), 0.0047197 secs] 392000K->391914K(469660K), 0.0047934 secs] [Times: user=0.01 sys=0.01, real=0.00 secs] 
35.576: [GC 35.576: [ParNew
Desired survivor size 557056 bytes, new threshold 15 (max 15)
- age   1:     494192 bytes,     494192 total
: 2304K->744K(2304K), 0.0030296 secs] 393130K->392217K(469660K), 0.0030995 secs] [Times: user=0.01 sys=0.00, real=0.00 secs] 
35.580: [CMS-concurrent-mark: 0.296/0.972 secs] [Times: user=2.82 sys=0.18, real=0.97 secs] 
35.580: [GC 35.580: [ParNew
Desired survivor size 557056 bytes, new threshold 2 (max 15)
- age   1:     368384 bytes,     368384 total
- age   2:     494088 bytes,     862472 total
: 1960K->1088K(2304K), 0.0023078 secs] 393433K->392560K(469660K), 0.0023744 secs] [Times: user=0.01 sys=0.00, real=0.00 secs] 
35.583: [CMS-concurrent-preclean-start]
35.584: [GC 35.584: [ParNew
Desired survivor size 557056 bytes, new threshold 1 (max 15)
- age   1:     746208 bytes,     746208 total
- age   2:     231144 bytes,     977352 total
: 2304K->1088K(2304K), 0.0053811 secs] 393776K->393609K(469660K), 0.0054626 secs] [Times: user=0.01 sys=0.00, real=0.00 secs] 
35.592: [GC 35.592: [ParNew
Desired survivor size 557056 bytes, new threshold 1 (max 15)
- age   1:     603608 bytes,     603608 total
: 2304K->980K(2304K), 0.0034706 secs] 394825K->394456K(469660K), 0.0035415 secs] [Times: user=0.01 sys=0.00, real=0.01 secs] 
35.597: [GC 35.597: [ParNew
Desired survivor size 557056 bytes, new threshold 15 (max 15)
- age   1:     556304 bytes,     556304 total
: 2196K->797K(2304K), 0.0030781 secs] 395672K->394863K(469660K), 0.0031463 secs] [Times: user=0.01 sys=0.00, real=0.00 secs] 
35.601: [GC 35.601: [ParNew
Desired survivor size 557056 bytes, new threshold 15 (max 15)
- age   1:        280 bytes,        280 total
- age   2:     556264 bytes,     556544 total
: 2013K->708K(2304K), 0.0020500 secs] 396079K->394774K(469660K), 0.0021137 secs] [Times: user=0.00 sys=0.00, real=0.00 secs] 
35.606: [GC 35.606: [ParNew
Desired survivor size 557056 bytes, new threshold 3 (max 15)
- age   1:     425312 bytes,     425312 total
- age   2:        248 bytes,     425560 total
- age   3:     543400 bytes,     968960 total
: 1924K->1088K(2304K), 0.0022882 secs] 395990K->395165K(469660K), 0.0023539 secs] [Times: user=0.01 sys=0.00, real=0.00 secs] 
35.611: [GC 35.611: [ParNew
Desired survivor size 557056 bytes, new threshold 1 (max 15)
- age   1:     764152 bytes,     764152 total
- age   2:     328944 bytes,    1093096 total
- age   3:        248 bytes,    1093344 total
: 2304K->1088K(2304K), 0.0050868 secs] 396381K->396250K(469660K), 0.0051611 secs] [Times: user=0.01 sys=0.01, real=0.01 secs] 
35.618: [GC 35.618: [ParNew
Desired survivor size 557056 bytes, new threshold 15 (max 15)
- age   1:     524536 bytes,     524536 total
: 2304K->1088K(2304K), 0.0044146 secs] 397466K->397318K(469660K), 0.0044918 secs] [Times: user=0.01 sys=0.00, real=0.00 secs] 
35.624: [GC 35.624: [ParNew
Desired survivor size 557056 bytes, new threshold 15 (max 15)
- age   1:       6544 bytes,       6544 total
- age   2:     524496 bytes,     531040 total
: 2304K->779K(2304K), 0.0020768 secs] 398534K->397009K(469660K), 0.0021319 secs] [Times: user=0.00 sys=0.00, real=0.00 secs] 
35.628: [GC 35.628: [ParNew
Desired survivor size 557056 bytes, new threshold 3 (max 15)
- age   1:     238744 bytes,     238744 total
- age   2:       6336 bytes,     245080 total
- age   3:     524496 bytes,     769576 total
: 1995K->1000K(2304K), 0.0021658 secs] 398225K->397231K(469660K), 0.0022249 secs] [Times: user=0.00 sys=0.00, real=0.00 secs] 
35.632: [GC 35.632: [ParNew
Desired survivor size 557056 bytes, new threshold 2 (max 15)
- age   1:     466760 bytes,     466760 total
- age   2:     238664 bytes,     705424 total
- age   3:       6336 bytes,     711760 total
: 2216K->1088K(2304K), 0.0030524 secs] 398447K->397840K(469660K), 0.0031200 secs] [Times: user=0.01 sys=0.00, real=0.01 secs] 
35.636: [GC 35.636: [ParNew
Desired survivor size 557056 bytes, new threshold 1 (max 15)
- age   1:     595296 bytes,     595296 total
- age   2:     402168 bytes,     997464 total
: 2304K->1088K(2304K), 0.0042074 secs] 399056K->398381K(469660K), 0.0042736 secs] [Times: user=0.02 sys=0.00, real=0.00 secs] 
35.642: [GC 35.642: [ParNew
Desired survivor size 557056 bytes, new threshold 15 (max 15)
- age   1:     542136 bytes,     542136 total
: 2304K->1088K(2304K), 0.0040803 secs] 399597K->399355K(469660K), 0.0041500 secs] [Times: user=0.01 sys=0.00, real=0.01 secs] 
35.647: [GC 35.647: [ParNew
Desired survivor size 557056 bytes, new threshold 2 (max 15)
- age   1:     145520 bytes,     145520 total
- age   2:     542248 bytes,     687768 total
: 2304K->955K(2304K), 0.0020914 secs] 400571K->399222K(469660K), 0.0021463 secs] [Times: user=0.00 sys=0.00, real=0.00 secs] 
35.652: [GC 35.652: [ParNew
Desired survivor size 557056 bytes, new threshold 1 (max 15)
- age   1:    1003256 bytes,    1003256 total
- age   2:     109480 bytes,    1112736 total
: 2171K->1088K(2304K), 0.0051251 secs] 400438K->400125K(469660K), 0.0052048 secs] [Times: user=0.02 sys=0.01, real=0.01 secs] 
35.659: [GC 35.659: [ParNew
Desired survivor size 557056 bytes, new threshold 15 (max 15)
- age   1:     272936 bytes,     272936 total
: 2304K->725K(2304K), 0.0036652 secs] 401341K->400849K(469660K), 0.0037347 secs] [Times: user=0.01 sys=0.00, real=0.00 secs] 
35.664: [GC 35.664: [ParNew
Desired survivor size 557056 bytes, new threshold 2 (max 15)
- age   1:     287584 bytes,     287584 total
- age   2:     272808 bytes,     560392 total
: 1941K->694K(2304K), 0.0021526 secs] 402065K->400817K(469660K), 0.0022146 secs] [Times: user=0.00 sys=0.00, real=0.00 secs] 
35.668: [GC 35.668: [ParNew
Desired survivor size 557056 bytes, new threshold 1 (max 15)
- age   1:     638424 bytes,     638424 total
- age   2:     287544 bytes,     925968 total
: 1910K->1088K(2304K), 0.0028331 secs] 402033K->401481K(469660K), 0.0028996 secs] [Times: user=0.01 sys=0.00, real=0.00 secs] 
35.674: [GC 35.675: [ParNew
Desired survivor size 557056 bytes, new threshold 1 (max 15)
- age   1:     562816 bytes,     562816 total
: 2304K->1088K(2304K), 0.0051625 secs] 402697K->402391K(469660K), 0.0052515 secs] [Times: user=0.02 sys=0.00, real=0.00 secs] 
35.681: [GC 35.681: [ParNew
Desired survivor size 557056 bytes, new threshold 15 (max 15)
- age   1:     228416 bytes,     228416 total
: 2304K->507K(2304K), 0.0026928 secs] 403607K->402360K(469660K), 0.0027535 secs] [Times: user=0.01 sys=0.00, real=0.00 secs] 
35.685: [GC 35.685: [ParNew
Desired survivor size 557056 bytes, new threshold 2 (max 15)
- age   1:     456192 bytes,     456192 total
- age   2:     228344 bytes,     684536 total
: 1723K->784K(2304K), 0.0022010 secs] 403576K->402637K(469660K), 0.0022585 secs] [Times: user=0.01 sys=0.00, real=0.00 secs] 
35.689: [GC 35.689: [ParNew
Desired survivor size 557056 bytes, new threshold 1 (max 15)
- age   1:     621240 bytes,     621240 total
- age   2:     444352 bytes,    1065592 total
: 2000K->1088K(2304K), 0.0039712 secs] 403853K->403283K(469660K), 0.0040693 secs] [Times: user=0.01 sys=0.00, real=0.00 secs] 
35.694: [GC 35.694: [ParNew
Desired survivor size 557056 bytes, new threshold 15 (max 15)
- age   1:        296 bytes,        296 total
: 2304K->592K(2304K), 0.0034236 secs] 404499K->403828K(469660K), 0.0034948 secs] [Times: user=0.01 sys=0.01, real=0.00 secs] 
35.699: [GC 35.699: [ParNew
Desired survivor size 557056 bytes, new threshold 15 (max 15)
- age   1:     303168 bytes,     303168 total
- age   2:        256 bytes,     303424 total
: 1808K->345K(2304K), 0.0020391 secs] 405044K->403581K(469660K), 0.0021045 secs] [Times: user=0.00 sys=0.00, real=0.00 secs] 
35.704: [GC 35.704: [ParNew
Desired survivor size 557056 bytes, new threshold 1 (max 15)
- age   1:     866472 bytes,     866472 total
- age   2:     243304 bytes,    1109776 total
- age   3:        256 bytes,    1110032 total
: 1561K->1086K(2304K), 0.0034923 secs] 404797K->404688K(469660K), 0.0035626 secs] [Times: user=0.01 sys=0.00, real=0.01 secs] 
35.709: [GC 35.709: [ParNew
Desired survivor size 557056 bytes, new threshold 15 (max 15)
- age   1:     555288 bytes,     555288 total
: 2302K->1088K(2304K), 0.0053677 secs] 405904K->405773K(469660K), 0.0054578 secs] [Times: user=0.02 sys=0.00, real=0.01 secs] 
35.716: [GC 35.716: [ParNew
Desired survivor size 557056 bytes, new threshold 1 (max 15)
- age   1:     585216 bytes,     585216 total
- age   2:     528184 bytes,    1113400 total
: 2304K->1088K(2304K), 0.0031996 secs] 406989K->406048K(469660K), 0.0032699 secs] [Times: user=0.01 sys=0.00, real=0.00 secs] 
35.721: [GC 35.721: [ParNew
Desired survivor size 557056 bytes, new threshold 1 (max 15)
- age   1:     677952 bytes,     677952 total
: 2304K->1088K(2304K), 0.0043536 secs] 407264K->407135K(469660K), 0.0044273 secs] [Times: user=0.01 sys=0.00, real=0.01 secs] 
35.727: [GC 35.727: [ParNew
Desired survivor size 557056 bytes, new threshold 15 (max 15)
- age   1:     226096 bytes,     226096 total
: 2304K->448K(2304K), 0.0030495 secs] 408351K->407158K(469660K), 0.0031113 secs] [Times: user=0.01 sys=0.00, real=0.00 secs] 
35.732: [GC 35.733: [ParNew
Desired survivor size 557056 bytes, new threshold 1 (max 15)
- age   1:     908864 bytes,     908864 total
- age   2:     201808 bytes,    1110672 total
: 1664K->1088K(2304K), 0.0033014 secs] 408374K->408139K(469660K), 0.0033651 secs] [Times: user=0.01 sys=0.00, real=0.01 secs] 
35.737: [GC 35.737: [ParNew
Desired survivor size 557056 bytes, new threshold 15 (max 15)
- age   1:     272552 bytes,     272552 total
: 2303K->862K(2304K), 0.0049949 secs] 409355K->408998K(469660K), 0.0050642 secs] [Times: user=0.01 sys=0.01, real=0.00 secs] 
35.744: [GC 35.744: [ParNew
Desired survivor size 557056 bytes, new threshold 15 (max 15)
- age   1:        272 bytes,        272 total
- age   2:     272512 bytes,     272784 total
: 2078K->423K(2304K), 0.0024778 secs] 410214K->408559K(469660K), 0.0025316 secs] [Times: user=0.00 sys=0.00, real=0.01 secs] 
35.748: [GC 35.748: [ParNew
Desired survivor size 557056 bytes, new threshold 15 (max 15)
- age   1:     145176 bytes,     145176 total
- age   2:        128 bytes,     145304 total
- age   3:     272512 bytes,     417816 total
: 1639K->540K(2304K), 0.0030035 secs] 409775K->408676K(469660K), 0.0030870 secs] [Times: user=0.01 sys=0.00, real=0.00 secs] 
35.754: [GC 35.754: [ParNew
Desired survivor size 557056 bytes, new threshold 15 (max 15)
- age   1:        336 bytes,        336 total
- age   2:     144992 bytes,     145328 total
- age   4:     272512 bytes,     417840 total
: 1756K->653K(2304K), 0.0023475 secs] 409892K->408789K(469660K), 0.0024110 secs] [Times: user=0.01 sys=0.00, real=0.00 secs] 
35.759: [GC 35.759: [ParNew
Desired survivor size 557056 bytes, new threshold 5 (max 15)
- age   1:     378672 bytes,     378672 total
- age   2:        128 bytes,     378800 total
- age   3:     144992 bytes,     523792 total
- age   5:     272512 bytes,     796304 total
: 1869K->998K(2304K), 0.0023300 secs] 410005K->409134K(469660K), 0.0023907 secs] [Times: user=0.01 sys=0.00, real=0.00 secs] 
35.763: [GC 35.763: [ParNew
Desired survivor size 557056 bytes, new threshold 2 (max 15)
- age   1:     266520 bytes,     266520 total
- age   2:     378536 bytes,     645056 total
- age   3:        128 bytes,     645184 total
- age   4:     144992 bytes,     790176 total
: 2214K->1020K(2304K), 0.0025949 secs] 410350K->409422K(469660K), 0.0026626 secs] [Times: user=0.00 sys=0.00, real=0.01 secs] 
35.767: [GC 35.767: [ParNew
Desired survivor size 557056 bytes, new threshold 15 (max 15)
- age   1:     183408 bytes,     183408 total
- age   2:     266448 bytes,     449856 total
: 2236K->745K(2304K), 0.0031960 secs] 410638K->409655K(469660K), 0.0032642 secs] [Times: user=0.01 sys=0.00, real=0.00 secs] 
35.772: [GC 35.772: [ParNew
Desired survivor size 557056 bytes, new threshold 3 (max 15)
- age   1:     236680 bytes,     236680 total
- age   2:     183336 bytes,     420016 total
- age   3:     266448 bytes,     686464 total
: 1961K->877K(2304K), 0.0021413 secs] 410871K->409787K(469660K), 0.0022051 secs] [Times: user=0.01 sys=0.00, real=0.01 secs] 
35.777: [GC 35.777: [ParNew
Desired survivor size 557056 bytes, new threshold 3 (max 15)
- age   1:     151240 bytes,     151240 total
- age   2:     236640 bytes,     387880 total
- age   3:     183336 bytes,     571216 total
: 2093K->738K(2304K), 0.0033239 secs] 411003K->409907K(469660K), 0.0033930 secs] [Times: user=0.01 sys=0.00, real=0.00 secs] 
35.784: [GC 35.785: [ParNew
Desired survivor size 557056 bytes, new threshold 3 (max 15)
- age   1:     269944 bytes,     269944 total
- age   2:     109872 bytes,     379816 total
- age   3:     236640 bytes,     616456 total
: 1954K->990K(2304K), 0.0035898 secs] 411123K->410339K(469660K), 0.0036635 secs] [Times: user=0.01 sys=0.00, real=0.00 secs] 
35.790: [GC 35.790: [ParNew
Desired survivor size 557056 bytes, new threshold 2 (max 15)
- age   1:     427376 bytes,     427376 total
- age   2:     269944 bytes,     697320 total
- age   3:     109872 bytes,     807192 total
: 2206K->1037K(2304K), 0.0028083 secs] 411555K->410617K(469660K), 0.0028799 secs] [Times: user=0.01 sys=0.01, real=0.00 secs] 
35.795: [GC 35.795: [ParNew
Desired survivor size 557056 bytes, new threshold 2 (max 15)
- age   1:     419080 bytes,     419080 total
- age   2:     374776 bytes,     793856 total
: 2253K->1088K(2304K), 0.0028168 secs] 411833K->411156K(469660K), 0.0028831 secs] [Times: user=0.01 sys=0.00, real=0.00 secs] 
35.800: [GC 35.800: [ParNew
Desired survivor size 557056 bytes, new threshold 1 (max 15)
- age   1:     596128 bytes,     596128 total
- age   2:     419080 bytes,    1015208 total
: 2304K->1088K(2304K), 0.0032940 secs] 412372K->411539K(469660K), 0.0033612 secs] [Times: user=0.01 sys=0.00, real=0.00 secs] 
35.805: [GC 35.805: [ParNew
Desired survivor size 557056 bytes, new threshold 1 (max 15)
- age   1:     686528 bytes,     686528 total
: 2304K->1088K(2304K), 0.0041337 secs] 412755K->412560K(469660K), 0.0042236 secs] [Times: user=0.01 sys=0.00, real=0.00 secs] 
35.813: [GC 35.813: [ParNew
Desired survivor size 557056 bytes, new threshold 15 (max 15)
- age   1:     327728 bytes,     327728 total
: 2304K->736K(2304K), 0.0035403 secs] 413776K->412879K(469660K), 0.0036280 secs] [Times: user=0.01 sys=0.00, real=0.01 secs] 
35.820: [GC 35.820: [ParNew
Desired survivor size 557056 bytes, new threshold 1 (max 15)
- age   1:     678736 bytes,     678736 total
- age   2:     327656 bytes,    1006392 total
: 1952K->1064K(2304K), 0.0024612 secs] 414095K->413207K(469660K), 0.0025411 secs] [Times: user=0.00 sys=0.00, real=0.00 secs] 
35.823: [GC 35.823: [ParNew
Desired survivor size 557056 bytes, new threshold 1 (max 15)
- age   1:     698504 bytes,     698504 total
: 2280K->1088K(2304K), 0.0046229 secs] 414423K->414385K(469660K), 0.0046884 secs] [Times: user=0.01 sys=0.00, real=0.01 secs] 
35.830: [GC 35.830: [ParNew
Desired survivor size 557056 bytes, new threshold 15 (max 15)
- age   1:     369320 bytes,     369320 total
: 2304K->893K(2304K), 0.0043818 secs] 415601K->414872K(469660K), 0.0044640 secs] [Times: user=0.01 sys=0.00, real=0.01 secs] 
35.837: [GC 35.837: [ParNew
Desired survivor size 557056 bytes, new threshold 1 (max 15)
- age   1:     636584 bytes,     636584 total
- age   2:     369320 bytes,    1005904 total
: 2109K->1088K(2304K), 0.0024503 secs] 416088K->415066K(469660K), 0.0025167 secs] [Times: user=0.01 sys=0.00, real=0.00 secs] 
35.843: [GC 35.843: [ParNew
Desired survivor size 557056 bytes, new threshold 15 (max 15)
- age   1:     188848 bytes,     188848 total
: 2304K->702K(2304K), 0.0045625 secs] 416282K->415663K(469660K), 0.0046381 secs] [Times: user=0.01 sys=0.00, real=0.01 secs] 
35.850: [GC 35.850: [ParNew
Desired survivor size 557056 bytes, new threshold 15 (max 15)
- age   1:      76160 bytes,      76160 total
- age   2:     205664 bytes,     281824 total
: 1918K->312K(2304K), 0.0020685 secs] 416879K->415273K(469660K), 0.0021245 secs] [Times: user=0.01 sys=0.00, real=0.00 secs] 
35.856: [GC 35.856: [ParNew
Desired survivor size 557056 bytes, new threshold 15 (max 15)
- age   1:     228536 bytes,     228536 total
- age   2:      76032 bytes,     304568 total
- age   3:     192560 bytes,     497128 total
: 1528K->589K(2304K), 0.0026120 secs] 416489K->415550K(469660K), 0.0026922 secs] [Times: user=0.01 sys=0.00, real=0.00 secs] 
35.860: [GC 35.860: [ParNew
Desired survivor size 557056 bytes, new threshold 4 (max 15)
- age   1:      87528 bytes,      87528 total
- age   2:     210024 bytes,     297552 total
- age   3:      76032 bytes,     373584 total
- age   4:     188752 bytes,     562336 total
: 1805K->768K(2304K), 0.0028981 secs] 416766K->415729K(469660K), 0.0029856 secs] [Times: user=0.01 sys=0.00, real=0.00 secs] 
35.866: [GC 35.866: [ParNew
Desired survivor size 557056 bytes, new threshold 15 (max 15)
- age   1:     198008 bytes,     198008 total
- age   2:      59840 bytes,     257848 total
- age   3:     210024 bytes,     467872 total
- age   4:      76032 bytes,     543904 total
: 1984K->749K(2304K), 0.0026277 secs] 416945K->415895K(469660K), 0.0026976 secs] [Times: user=0.01 sys=0.00, real=0.00 secs] 
35.870: [GC 35.870: [ParNew
Desired survivor size 557056 bytes, new threshold 1 (max 15)
- age   1:     602328 bytes,     602328 total
- age   2:     170104 bytes,     772432 total
- age   3:      53360 bytes,     825792 total
- age   4:     210024 bytes,    1035816 total
- age   5:      76032 bytes,    1111848 total
: 1965K->1088K(2304K), 0.0026545 secs] 417111K->416267K(469660K), 0.0027193 secs] [Times: user=0.00 sys=0.00, real=0.00 secs] 
35.874: [GC 35.874: [ParNew
Desired survivor size 557056 bytes, new threshold 1 (max 15)
- age   1:     841512 bytes,     841512 total
: 2304K->1088K(2304K), 0.0053224 secs] 417483K->417425K(469660K), 0.0053932 secs] [Times: user=0.01 sys=0.00, real=0.01 secs] 
35.881: [GC 35.881: [ParNew
Desired survivor size 557056 bytes, new threshold 1 (max 15)
- age   1:    1024152 bytes,    1024152 total
: 2304K->1088K(2304K), 0.0043466 secs] 418641K->418321K(469660K), 0.0044183 secs] [Times: user=0.01 sys=0.00, real=0.01 secs] 
35.886: [GC 35.887: [ParNew
Desired survivor size 557056 bytes, new threshold 15 (max 15)
- age   1:     405784 bytes,     405784 total
: 2304K->962K(2304K), 0.0036891 secs] 419537K->419196K(469660K), 0.0037606 secs] [Times: user=0.02 sys=0.01, real=0.00 secs] 
35.892: [GC 35.892: [ParNew
Desired survivor size 557056 bytes, new threshold 1 (max 15)
- age   1:     666912 bytes,     666912 total
- age   2:     376864 bytes,    1043776 total
: 2178K->1088K(2304K), 0.0026953 secs] 420412K->419350K(469660K), 0.0027682 secs] [Times: user=0.01 sys=0.00, real=0.01 secs] 
35.896: [GC 35.896: [ParNew
Desired survivor size 557056 bytes, new threshold 1 (max 15)
- age   1:    1113728 bytes,    1113728 total
: 2304K->1088K(2304K), 0.0058477 secs] 420566K->420486K(469660K), 0.0059299 secs] [Times: user=0.02 sys=0.00, real=0.00 secs] 
35.903: [GC 35.903: [ParNew
Desired survivor size 557056 bytes, new threshold 1 (max 15)
- age   1:     915440 bytes,     915440 total
: 2304K->1088K(2304K), 0.0053996 secs] 421702K->421645K(469660K), 0.0054734 secs] [Times: user=0.02 sys=0.00, real=0.01 secs] 
35.911: [GC 35.911: [ParNew
Desired survivor size 557056 bytes, new threshold 1 (max 15)
- age   1:    1014640 bytes,    1014640 total
: 2304K->1088K(2304K), 0.0043955 secs] 422861K->422703K(469660K), 0.0044683 secs] [Times: user=0.02 sys=0.00, real=0.01 secs] 
35.917: [GC 35.917: [ParNew
Desired survivor size 557056 bytes, new threshold 1 (max 15)
- age   1:     717848 bytes,     717848 total
: 2304K->975K(2304K), 0.0039487 secs] 423919K->423581K(469660K), 0.0040174 secs] [Times: user=0.02 sys=0.00, real=0.00 secs] 
35.922: [GC 35.922: [ParNew
Desired survivor size 557056 bytes, new threshold 1 (max 15)
- age   1:    1006456 bytes,    1006456 total
: 2191K->1088K(2304K), 0.0044103 secs] 424797K->424395K(469660K), 0.0044877 secs] [Times: user=0.01 sys=0.00, real=0.01 secs] 
35.928: [GC 35.928: [ParNew
Desired survivor size 557056 bytes, new threshold 15 (max 15)
- age   1:     398792 bytes,     398792 total
: 2304K->929K(2304K), 0.0048683 secs] 425611K->425220K(469660K), 0.0049374 secs] [Times: user=0.01 sys=0.01, real=0.00 secs] 
35.935: [GC 35.935: [ParNew
Desired survivor size 557056 bytes, new threshold 1 (max 15)
- age   1:     592648 bytes,     592648 total
- age   2:     398664 bytes,     991312 total
: 2145K->1088K(2304K), 0.0026189 secs] 426436K->425386K(469660K), 0.0026832 secs] [Times: user=0.01 sys=0.00, real=0.00 secs] 
35.939: [GC 35.939: [ParNew
Desired survivor size 557056 bytes, new threshold 1 (max 15)
- age   1:     656408 bytes,     656408 total
: 2304K->1088K(2304K), 0.0049139 secs] 426602K->426457K(469660K), 0.0049863 secs] [Times: user=0.02 sys=0.00, real=0.01 secs] 
35.945: [GC 35.945: [ParNew
Desired survivor size 557056 bytes, new threshold 15 (max 15)
- age   1:     379800 bytes,     379800 total
: 2304K->668K(2304K), 0.0031018 secs] 427673K->426678K(469660K), 0.0031679 secs] [Times: user=0.01 sys=0.00, real=0.00 secs] 
35.950: [GC 35.950: [ParNew
Desired survivor size 557056 bytes, new threshold 1 (max 15)
- age   1:     741656 bytes,     741656 total
- age   2:     368624 bytes,    1110280 total
: 1884K->1088K(2304K), 0.0029307 secs] 427894K->427151K(469660K), 0.0030015 secs] [Times: user=0.01 sys=0.00, real=0.00 secs] 
35.954: [GC 35.954: [ParNew
Desired survivor size 557056 bytes, new threshold 1 (max 15)
- age   1:     573504 bytes,     573504 total
: 2304K->1075K(2304K), 0.0057413 secs] 428367K->428224K(469660K), 0.0058377 secs] [Times: user=0.01 sys=0.00, real=0.00 secs] 
35.962: [GC 35.962: [ParNew
Desired survivor size 557056 bytes, new threshold 1 (max 15)
- age   1:    1091528 bytes,    1091528 total
: 2291K->1088K(2304K), 0.0043183 secs] 429440K->428844K(469660K), 0.0044024 secs] [Times: user=0.01 sys=0.00, real=0.01 secs] 
35.968: [GC 35.968: [ParNew
Desired survivor size 557056 bytes, new threshold 15 (max 15)
- age   1:     364080 bytes,     364080 total
: 2304K->1088K(2304K), 0.0038092 secs] 430060K->429910K(469660K), 0.0038778 secs] [Times: user=0.02 sys=0.00, real=0.00 secs] 
35.973: [GC 35.973: [ParNew
Desired survivor size 557056 bytes, new threshold 1 (max 15)
- age   1:     912480 bytes,     912480 total
- age   2:     200672 bytes,    1113152 total
: 2304K->1088K(2304K), 0.0031994 secs] 431126K->430070K(469660K), 0.0032769 secs] [Times: user=0.01 sys=0.00, real=0.01 secs] 
35.977: [GC 35.977: [ParNew
Desired survivor size 557056 bytes, new threshold 1 (max 15)
- age   1:     849936 bytes,     849936 total
: 2304K->1088K(2304K), 0.0045629 secs] 431286K->431243K(469660K), 0.0046356 secs] [Times: user=0.02 sys=0.00, real=0.00 secs] 
35.984: [GC 35.984: [ParNew
Desired survivor size 557056 bytes, new threshold 15 (max 15)
- age   1:     452584 bytes,     452584 total
: 2304K->846K(2304K), 0.0039437 secs] 432459K->431831K(469660K), 0.0040180 secs] [Times: user=0.01 sys=0.00, real=0.01 secs] 
35.989: [GC 35.989: [ParNew
Desired survivor size 557056 bytes, new threshold 2 (max 15)
- age   1:     344816 bytes,     344816 total
- age   2:     452448 bytes,     797264 total
: 2062K->1079K(2304K), 0.0025366 secs] 433047K->432065K(469660K), 0.0025947 secs] [Times: user=0.01 sys=0.00, real=0.00 secs] 
35.993: [GC 35.993: [ParNew
Desired survivor size 557056 bytes, new threshold 2 (max 15)
- age   1:     335352 bytes,     335352 total
- age   2:     344680 bytes,     680032 total
: 2295K->1088K(2304K), 0.0039246 secs] 433281K->432515K(469660K), 0.0039999 secs] [Times: user=0.01 sys=0.00, real=0.01 secs] 
35.998: [GC 35.998: [ParNew
Desired survivor size 557056 bytes, new threshold 2 (max 15)
- age   1:     376088 bytes,     376088 total
- age   2:     335152 bytes,     711240 total
: 2304K->963K(2304K), 0.0028775 secs] 433731K->432727K(469660K), 0.0029430 secs] [Times: user=0.01 sys=0.00, real=0.00 secs] 
36.002: [GC 36.003: [ParNew
Desired survivor size 557056 bytes, new threshold 2 (max 15)
- age   1:     327832 bytes,     327832 total
- age   2:     376056 bytes,     703888 total
: 2179K->851K(2304K), 0.0028996 secs] 433943K->432943K(469660K), 0.0029638 secs] [Times: user=0.01 sys=0.00, real=0.01 secs] 
36.007: [GC 36.007: [ParNew
Desired survivor size 557056 bytes, new threshold 15 (max 15)
- age   1:        176 bytes,        176 total
- age   2:     327704 bytes,     327880 total
: 2067K->685K(2304K), 0.0026375 secs] 434159K->433144K(469660K), 0.0026933 secs] [Times: user=0.01 sys=0.00, real=0.00 secs] 
36.010: [GC 36.011: [ParNew
Desired survivor size 557056 bytes, new threshold 3 (max 15)
- age   1:     373056 bytes,     373056 total
- age   2:        144 bytes,     373200 total
- age   3:     327664 bytes,     700864 total
: 1901K->801K(2304K), 0.0028416 secs] 434360K->433260K(469660K), 0.0029074 secs] [Times: user=0.01 sys=0.00, real=0.00 secs] 
36.015: [GC 36.015: [ParNew
Desired survivor size 557056 bytes, new threshold 1 (max 15)
- age   1:     812792 bytes,     812792 total
- age   2:     300824 bytes,    1113616 total
- age   3:        144 bytes,    1113760 total
: 2017K->1088K(2304K), 0.0042591 secs] 434476K->434251K(469660K), 0.0043269 secs] [Times: user=0.01 sys=0.01, real=0.00 secs] 
36.022: [GC 36.022: [ParNew
Desired survivor size 557056 bytes, new threshold 1 (max 15)
- age   1:     949912 bytes,     949912 total
: 2304K->1088K(2304K), 0.0056929 secs] 435467K->435526K(469660K), 0.0057956 secs] [Times: user=0.01 sys=0.00, real=0.01 secs] 
36.032: [GC 36.032: [ParNew
Desired survivor size 557056 bytes, new threshold 1 (max 15)
- age   1:     931488 bytes,     931488 total
: 2304K->1088K(2304K), 0.0065397 secs] 436742K->436637K(469660K), 0.0066204 secs] [Times: user=0.01 sys=0.00, real=0.01 secs] 
36.040: [GC 36.040: [ParNew
Desired survivor size 557056 bytes, new threshold 15 (max 15)
- age   1:     310536 bytes,     310536 total
: 2304K->916K(2304K), 0.0049732 secs] 437853K->437375K(469660K), 0.0050568 secs] [Times: user=0.01 sys=0.00, real=0.01 secs] 
36.048: [GC 36.048: [ParNew
Desired survivor size 557056 bytes, new threshold 2 (max 15)
- age   1:     261712 bytes,     261712 total
- age   2:     310408 bytes,     572120 total
: 2132K->732K(2304K), 0.0026937 secs] 438591K->437192K(469660K), 0.0027562 secs] [Times: user=0.00 sys=0.00, real=0.00 secs] 
36.052: [GC 36.052: [ParNew
Desired survivor size 557056 bytes, new threshold 2 (max 15)
- age   1:     332872 bytes,     332872 total
- age   2:     261640 bytes,     594512 total
: 1948K->805K(2304K), 0.0028219 secs] 438408K->437567K(469660K), 0.0028845 secs] [Times: user=0.01 sys=0.00, real=0.01 secs] 
36.057: [GC 36.057: [ParNew
Desired survivor size 557056 bytes, new threshold 2 (max 15)
- age   1:     489432 bytes,     489432 total
- age   2:     332800 bytes,     822232 total
: 2021K->1088K(2304K), 0.0030419 secs] 438783K->438115K(469660K), 0.0031222 secs] [Times: user=0.01 sys=0.00, real=0.00 secs] 
36.061: [GC 36.061: [ParNew
Desired survivor size 557056 bytes, new threshold 2 (max 15)
- age   1:     432944 bytes,     432944 total
- age   2:     420400 bytes,     853344 total
: 2304K->1088K(2304K), 0.0040309 secs] 439331K->438534K(469660K), 0.0041049 secs] [Times: user=0.01 sys=0.00, real=0.01 secs] 
36.067: [GC 36.067: [ParNew
Desired survivor size 557056 bytes, new threshold 2 (max 15)
- age   1:     412816 bytes,     412816 total
- age   2:     432744 bytes,     845560 total
: 2304K->1088K(2304K), 0.0031463 secs] 439750K->438945K(469660K), 0.0032440 secs] [Times: user=0.01 sys=0.00, real=0.00 secs] 
36.071: [GC 36.071: [ParNew
Desired survivor size 557056 bytes, new threshold 15 (max 15)
- age   1:        176 bytes,        176 total
- age   2:     412704 bytes,     412880 total
: 2304K->821K(2304K), 0.0027345 secs] 440161K->439101K(469660K), 0.0027946 secs] [Times: user=0.01 sys=0.01, real=0.00 secs] 
36.077: [GC 36.077: [ParNew
Desired survivor size 557056 bytes, new threshold 15 (max 15)
- age   1:      73528 bytes,      73528 total
- age   2:        104 bytes,      73632 total
- age   3:     412704 bytes,     486336 total
: 2037K->624K(2304K), 0.0025595 secs] 440317K->438903K(469660K), 0.0026319 secs] [Times: user=0.01 sys=0.00, real=0.00 secs] 
36.083: [GC 36.083: [ParNew
Desired survivor size 557056 bytes, new threshold 4 (max 15)
- age   1:     304368 bytes,     304368 total
- age   2:      61144 bytes,     365512 total
- age   3:        104 bytes,     365616 total
- age   4:     412704 bytes,     778320 total
: 1840K->1002K(2304K), 0.0027331 secs] 440119K->439281K(469660K), 0.0028168 secs] [Times: user=0.00 sys=0.00, real=0.01 secs] 
36.088: [GC 36.089: [ParNew
Desired survivor size 557056 bytes, new threshold 3 (max 15)
- age   1:     223320 bytes,     223320 total
- age   2:     276728 bytes,     500048 total
- age   3:      61144 bytes,     561192 total
- age   4:        104 bytes,     561296 total
: 2218K->1062K(2304K), 0.0031792 secs] 440497K->439745K(469660K), 0.0032504 secs] [Times: user=0.01 sys=0.00, real=0.00 secs] 
36.093: [GC 36.093: [ParNew
Desired survivor size 557056 bytes, new threshold 1 (max 15)
- age   1:     614056 bytes,     614056 total
- age   2:     223288 bytes,     837344 total
- age   3:     276040 bytes,    1113384 total
: 2278K->1088K(2304K), 0.0030109 secs] 440961K->439971K(469660K), 0.0030785 secs] [Times: user=0.01 sys=0.00, real=0.01 secs] 
36.098: [GC 36.098: [ParNew
Desired survivor size 557056 bytes, new threshold 15 (max 15)
- age   1:     458160 bytes,     458160 total
: 2304K->875K(2304K), 0.0041938 secs] 441187K->440846K(469660K), 0.0042638 secs] [Times: user=0.01 sys=0.00, real=0.00 secs] 
36.105: [GC 36.105: [ParNew
Desired survivor size 557056 bytes, new threshold 1 (max 15)
- age   1:     707664 bytes,     707664 total
- age   2:     374816 bytes,    1082480 total
: 2091K->1088K(2304K), 0.0036503 secs] 442062K->441317K(469660K), 0.0037270 secs] [Times: user=0.02 sys=0.00, real=0.00 secs] 
36.110: [GC 36.110: [ParNew
Desired survivor size 557056 bytes, new threshold 15 (max 15)
- age   1:     419880 bytes,     419880 total
: 2304K->889K(2304K), 0.0043568 secs] 442533K->442176K(469660K), 0.0044369 secs] [Times: user=0.02 sys=0.00, real=0.01 secs] 
36.116: [GC 36.116: [ParNew
Desired survivor size 557056 bytes, new threshold 1 (max 15)
- age   1:     675112 bytes,     675112 total
- age   2:     419880 bytes,    1094992 total
: 2105K->1088K(2304K), 0.0026299 secs] 443392K->442397K(469660K), 0.0026965 secs] [Times: user=0.01 sys=0.00, real=0.00 secs] 
36.120: [GC 36.120: [ParNew
Desired survivor size 557056 bytes, new threshold 15 (max 15)
- age   1:        288 bytes,        288 total
: 2304K->672K(2304K), 0.0037700 secs] 443613K->443050K(469660K), 0.0038324 secs] [Times: user=0.01 sys=0.00, real=0.01 secs] 
36.126: [GC 36.126: [ParNew
Desired survivor size 557056 bytes, new threshold 15 (max 15)
- age   1:     264680 bytes,     264680 total
- age   2:        184 bytes,     264864 total
: 1888K->392K(2304K), 0.0024269 secs] 444266K->442770K(469660K), 0.0024912 secs] [Times: user=0.01 sys=0.00, real=0.00 secs] 
36.130: [GC 36.130: [ParNew
Desired survivor size 557056 bytes, new threshold 2 (max 15)
- age   1:     317216 bytes,     317216 total
- age   2:     264608 bytes,     581824 total
: 1608K->687K(2304K), 0.0022664 secs] 443986K->443066K(469660K), 0.0023223 secs] [Times: user=0.01 sys=0.00, real=0.00 secs] 
36.134: [GC 36.134: [ParNew
Desired survivor size 557056 bytes, new threshold 1 (max 15)
- age   1:     670680 bytes,     670680 total
- age   2:     321304 bytes,     991984 total
: 1903K->1088K(2304K), 0.0029037 secs] 444282K->443724K(469660K), 0.0030006 secs] [Times: user=0.01 sys=0.00, real=0.01 secs] 
36.138: [GC 36.138: [ParNew
Desired survivor size 557056 bytes, new threshold 15 (max 15)
- age   1:     393840 bytes,     393840 total
: 2304K->845K(2304K), 0.0041465 secs] 444940K->444447K(469660K), 0.0042188 secs] [Times: user=0.01 sys=0.00, real=0.00 secs] 
36.144: [GC 36.144: [ParNew
Desired survivor size 557056 bytes, new threshold 15 (max 15)
- age   1:      33656 bytes,      33656 total
- age   2:     393632 bytes,     427288 total
: 2061K->622K(2304K), 0.0029766 secs] 445663K->444223K(469660K), 0.0030462 secs] [Times: user=0.01 sys=0.00, real=0.01 secs] 
36.148: [GC 36.148: [ParNew
Desired survivor size 557056 bytes, new threshold 1 (max 15)
- age   1:     567176 bytes,     567176 total
- age   2:      33456 bytes,     600632 total
- age   3:     393632 bytes,     994264 total
: 1838K->1088K(2304K), 0.0031580 secs] 445439K->444736K(469660K), 0.0032245 secs] [Times: user=0.01 sys=0.00, real=0.00 secs] 
36.154: [GC 36.154: [ParNew
Desired survivor size 557056 bytes, new threshold 15 (max 15)
- age   1:     416872 bytes,     416872 total
: 2304K->708K(2304K), 0.0045494 secs] 445952K->445328K(469660K), 0.0046311 secs] [Times: user=0.01 sys=0.00, real=0.01 secs] 
36.160: [GC 36.160: [ParNew
Desired survivor size 557056 bytes, new threshold 1 (max 15)
- age   1:     719536 bytes,     719536 total
- age   2:     391592 bytes,    1111128 total
: 1924K->1088K(2304K), 0.0036295 secs] 446544K->445833K(469660K), 0.0037075 secs] [Times: user=0.01 sys=0.01, real=0.00 secs] 
36.175: [GC 36.175: [ParNew
Desired survivor size 557056 bytes, new threshold 1 (max 15)
- age   1:     923840 bytes,     923840 total
: 2304K->1088K(2304K), 0.0100830 secs] 447049K->447174K(469660K), 0.0101613 secs] [Times: user=0.02 sys=0.00, real=0.01 secs] 
36.187: [GC 36.188: [ParNew
Desired survivor size 557056 bytes, new threshold 1 (max 15)
- age   1:     794840 bytes,     794840 total
: 2304K->1088K(2304K), 0.0045199 secs] 448390K->448168K(469660K), 0.0045905 secs] [Times: user=0.01 sys=0.00, real=0.00 secs] 
36.194: [GC 36.194: [ParNew
Desired survivor size 557056 bytes, new threshold 1 (max 15)
- age   1:    1069224 bytes,    1069224 total
: 2304K->1088K(2304K), 0.0041996 secs] 449384K->448991K(469660K), 0.0042732 secs] [Times: user=0.01 sys=0.00, real=0.00 secs] 
36.200: [GC 36.200: [ParNew
Desired survivor size 557056 bytes, new threshold 15 (max 15)
- age   1:     549832 bytes,     549832 total
: 2304K->1088K(2304K), 0.0043060 secs] 450207K->450035K(469660K), 0.0043777 secs] [Times: user=0.02 sys=0.00, real=0.01 secs] 
36.206: [GC 36.206: [ParNew
Desired survivor size 557056 bytes, new threshold 1 (max 15)
- age   1:     591432 bytes,     591432 total
- age   2:     522056 bytes,    1113488 total
: 2304K->1088K(2304K), 0.0033593 secs] 451251K->450200K(469660K), 0.0034358 secs] [Times: user=0.01 sys=0.00, real=0.00 secs] 
36.212: [GC 36.212: [ParNew
Desired survivor size 557056 bytes, new threshold 1 (max 15)
- age   1:     758392 bytes,     758392 total
: 2304K->1088K(2304K), 0.0049340 secs] 451416K->451277K(469660K), 0.0050095 secs] [Times: user=0.01 sys=0.01, real=0.01 secs] 
36.218: [GC 36.218: [ParNew
Desired survivor size 557056 bytes, new threshold 15 (max 15)
- age   1:        304 bytes,        304 total
: 2304K->393K(2304K), 0.0032157 secs] 452493K->451323K(469660K), 0.0032812 secs] [Times: user=0.01 sys=0.00, real=0.00 secs] 
36.222: [GC 36.222: [ParNew
Desired survivor size 557056 bytes, new threshold 15 (max 15)
- age   1:     371976 bytes,     371976 total
- age   2:        136 bytes,     372112 total
: 1609K->393K(2304K), 0.0021949 secs] 452539K->451323K(469660K), 0.0022646 secs] [Times: user=0.01 sys=0.00, real=0.01 secs] 
36.226: [GC 36.226: [ParNew
Desired survivor size 557056 bytes, new threshold 2 (max 15)
- age   1:     315688 bytes,     315688 total
- age   2:     371904 bytes,     687592 total
: 1609K->724K(2304K), 0.0023015 secs] 452539K->451654K(469660K), 0.0023905 secs] [Times: user=0.01 sys=0.00, real=0.00 secs] 
36.230: [GC 36.230: [ParNew
Desired survivor size 557056 bytes, new threshold 1 (max 15)
- age   1:     631432 bytes,     631432 total
- age   2:     309072 bytes,     940504 total
: 1940K->1088K(2304K), 0.0033770 secs] 452870K->452393K(469660K), 0.0034458 secs] [Times: user=0.02 sys=0.00, real=0.00 secs] 
36.237: [GC 36.237: [ParNew
Desired survivor size 557056 bytes, new threshold 1 (max 15)
- age   1:     621728 bytes,     621728 total
: 2304K->1088K(2304K), 0.0044106 secs] 453609K->453312K(469660K), 0.0044773 secs] [Times: user=0.02 sys=0.00, real=0.00 secs] 
36.245: [GC 36.245: [ParNew
Desired survivor size 557056 bytes, new threshold 1 (max 15)
- age   1:    1082416 bytes,    1082416 total
: 2304K->1088K(2304K), 0.0040288 secs] 454528K->453985K(469660K), 0.0041021 secs] [Times: user=0.01 sys=0.00, real=0.00 secs] 
36.251: [GC 36.251: [ParNew
Desired survivor size 557056 bytes, new threshold 15 (max 15)
- age   1:     386528 bytes,     386528 total
: 2304K->869K(2304K), 0.0044791 secs] 455201K->454823K(469660K), 0.0045587 secs] [Times: user=0.01 sys=0.00, real=0.01 secs] 
36.258: [GC 36.258: [ParNew
Desired survivor size 557056 bytes, new threshold 1 (max 15)
- age   1:     610816 bytes,     610816 total
- age   2:     386528 bytes,     997344 total
: 2085K->1088K(2304K), 0.0024765 secs] 456039K->455045K(469660K), 0.0025414 secs] [Times: user=0.00 sys=0.01, real=0.00 secs] 
36.262: [GC 36.262: [ParNew
Desired survivor size 557056 bytes, new threshold 15 (max 15)
- age   1:     264304 bytes,     264304 total
: 2304K->1025K(2304K), 0.0036563 secs] 456261K->455957K(469660K), 0.0037223 secs] [Times: user=0.01 sys=0.00, real=0.01 secs] 
36.267: [GC 36.267: [ParNew
Desired survivor size 557056 bytes, new threshold 1 (max 15)
- age   1:     621200 bytes,     621200 total
- age   2:     264304 bytes,     885504 total
: 2241K->1010K(2304K), 0.0034565 secs] 457173K->455942K(469660K), 0.0035369 secs] [Times: user=0.00 sys=0.00, real=0.00 secs] 
36.272: [GC 36.272: [ParNew
Desired survivor size 557056 bytes, new threshold 15 (max 15)
- age   1:      34728 bytes,      34728 total
: 2226K->716K(2304K), 0.0032507 secs] 457158K->456512K(469660K), 0.0033174 secs] [Times: user=0.01 sys=0.00, real=0.01 secs] 
36.277: [GC 36.277: [ParNew
Desired survivor size 557056 bytes, new threshold 15 (max 15)
- age   1:     238496 bytes,     238496 total
- age   2:      34600 bytes,     273096 total
: 1932K->324K(2304K), 0.0019548 secs] 457728K->456120K(469660K), 0.0020046 secs] [Times: user=0.01 sys=0.00, real=0.00 secs] 
36.282: [GC 36.282: [ParNew
Desired survivor size 557056 bytes, new threshold 3 (max 15)
- age   1:     299088 bytes,     299088 total
- age   2:     238424 bytes,     537512 total
- age   3:      34600 bytes,     572112 total
: 1540K->677K(2304K), 0.0033557 secs] 457336K->456474K(469660K), 0.0034434 secs] [Times: user=0.01 sys=0.00, real=0.01 secs] 
36.288: [GC 36.288: [ParNew
Desired survivor size 557056 bytes, new threshold 1 (max 15)
- age   1:     799464 bytes,     799464 total
- age   2:     199000 bytes,     998464 total
- age   3:     115040 bytes,    1113504 total
: 1893K->1088K(2304K), 0.0042794 secs] 457690K->457479K(469660K), 0.0043532 secs] [Times: user=0.01 sys=0.00, real=0.00 secs] 
36.294: [GC 36.294: [ParNew
Desired survivor size 557056 bytes, new threshold 1 (max 15)
- age   1:     767936 bytes,     767936 total
: 2304K->1088K(2304K), 0.0042220 secs] 458695K->458568K(469660K), 0.0042904 secs] [Times: user=0.01 sys=0.00, real=0.01 secs] 
36.299: [GC 36.299: [ParNew
Desired survivor size 557056 bytes, new threshold 1 (max 15)
- age   1:     783872 bytes,     783872 total
: 2304K->1088K(2304K), 0.0048917 secs] 459784K->459325K(469660K), 0.0049677 secs] [Times: user=0.01 sys=0.00, real=0.01 secs] 
36.306: [GC 36.306: [ParNew
Desired survivor size 557056 bytes, new threshold 15 (max 15)
- age   1:     182272 bytes,     182272 total
: 2304K->770K(2304K), 0.0032811 secs] 460541K->459773K(469660K), 0.0033805 secs] [Times: user=0.01 sys=0.00, real=0.00 secs] 
36.311: [GC 36.311: [ParNew
Desired survivor size 557056 bytes, new threshold 1 (max 15)
- age   1:     737016 bytes,     737016 total
- age   2:     182272 bytes,     919288 total
: 1934K->1007K(2304K), 0.0028228 secs] 460937K->460010K(469660K), 0.0028882 secs] [Times: user=0.01 sys=0.00, real=0.00 secs] 
36.316: [GC 36.316: [ParNew
Desired survivor size 557056 bytes, new threshold 1 (max 15)
- age   1:    1063624 bytes,    1063624 total
: 2223K->1088K(2304K), 0.0054698 secs] 461226K->461091K(469660K), 0.0055542 secs] [Times: user=0.02 sys=0.00, real=0.00 secs] 
36.324: [GC 36.324: [ParNew
Desired survivor size 557056 bytes, new threshold 15 (max 15)
- age   1:     526392 bytes,     526392 total
: 2304K->1088K(2304K), 0.0040318 secs] 462307K->462129K(469660K), 0.0041248 secs] [Times: user=0.02 sys=0.00, real=0.00 secs] 
36.331: [GC 36.331: [ParNew
Desired survivor size 557056 bytes, new threshold 2 (max 15)
- age   1:     302968 bytes,     302968 total
- age   2:     520856 bytes,     823824 total
: 2304K->975K(2304K), 0.0033044 secs] 463345K->462016K(469660K), 0.0033748 secs] [Times: user=0.01 sys=0.00, real=0.00 secs] 
36.337: [GC 36.337: [ParNew
Desired survivor size 557056 bytes, new threshold 1 (max 15)
- age   1:     881456 bytes,     881456 total
- age   2:     231160 bytes,    1112616 total
: 2191K->1088K(2304K), 0.0046737 secs] 463232K->463043K(469660K), 0.0047428 secs] [Times: user=0.01 sys=0.00, real=0.00 secs] 
36.344: [GC 36.344: [ParNew
Desired survivor size 557056 bytes, new threshold 15 (max 15)
- age   1:      65264 bytes,      65264 total
: 2304K->744K(2304K), 0.0048737 secs] 464259K->463786K(469660K), 0.0049443 secs] [Times: user=0.02 sys=0.01, real=0.00 secs] 
36.351: [GC 36.351: [ParNew
Desired survivor size 557056 bytes, new threshold 15 (max 15)
- age   1:     410064 bytes,     410064 total
- age   2:      65104 bytes,     475168 total
: 1960K->650K(2304K), 0.0027034 secs] 465002K->463692K(469660K), 0.0027758 secs] [Times: user=0.00 sys=0.00, real=0.00 secs] 
36.355: [GC 36.355: [ParNew
Desired survivor size 557056 bytes, new threshold 1 (max 15)
- age   1:     685968 bytes,     685968 total
- age   2:     360880 bytes,    1046848 total
- age   3:      65104 bytes,    1111952 total
: 1866K->1088K(2304K), 0.0029386 secs] 464908K->464194K(469660K), 0.0029914 secs] [Times: user=0.01 sys=0.00, real=0.00 secs] 
36.360: [GC 36.360: [ParNew
Desired survivor size 557056 bytes, new threshold 15 (max 15)
- age   1:     512472 bytes,     512472 total
: 2304K->917K(2304K), 0.0046706 secs] 465410K->465110K(469660K), 0.0047254 secs] [Times: user=0.02 sys=0.00, real=0.01 secs] 
36.367: [GC 36.367: [ParNew
Desired survivor size 557056 bytes, new threshold 1 (max 15)
- age   1:     658648 bytes,     658648 total
- age   2:     452192 bytes,    1110840 total
: 2133K->1088K(2304K), 0.0042729 secs] 466326K->465839K(469660K), 0.0043500 secs] [Times: user=0.02 sys=0.00, real=0.00 secs] 
36.375: [GC 36.375: [ParNew
Desired survivor size 557056 bytes, new threshold 1 (max 15)
- age   1:    1047184 bytes,    1047184 total
: 2304K->1088K(2304K), 0.0056241 secs] 467055K->467082K(469660K), 0.0057032 secs] [Times: user=0.01 sys=0.00, real=0.00 secs] 
36.383: [GC 36.383: [ParNew
Desired survivor size 557056 bytes, new threshold 15 (max 15)
- age   1:     442904 bytes,     442904 total
: 2304K->996K(2304K), 0.0042881 secs] 468298K->468013K(470044K), 0.0043650 secs] [Times: user=0.01 sys=0.00, real=0.01 secs] 
36.389: [GC 36.389: [ParNew
Desired survivor size 557056 bytes, new threshold 2 (max 15)
- age   1:     151176 bytes,     151176 total
- age   2:     442832 bytes,     594008 total
: 2212K->822K(2304K), 0.0024178 secs] 469229K->467839K(470044K), 0.0024832 secs] [Times: user=0.00 sys=0.00, real=0.00 secs] 
36.394: [GC 36.394: [ParNew
Desired survivor size 557056 bytes, new threshold 2 (max 15)
- age   1:     412944 bytes,     412944 total
- age   2:     151112 bytes,     564056 total
: 2038K->806K(2304K), 0.0032668 secs] 469055K->468255K(470428K), 0.0033705 secs] [Times: user=0.01 sys=0.00, real=0.01 secs] 
36.399: [GC 36.399: [ParNew
Desired survivor size 557056 bytes, new threshold 15 (max 15)
- age   1:        104 bytes,        104 total
- age   2:     412904 bytes,     413008 total
: 2022K->684K(2304K), 0.0024355 secs] 469471K->468281K(470428K), 0.0024945 secs] [Times: user=0.00 sys=0.00, real=0.00 secs] 
36.404: [GC 36.404: [ParNew
Desired survivor size 557056 bytes, new threshold 15 (max 15)
- age   1:      85256 bytes,      85256 total
- age   3:     412904 bytes,     498160 total
: 1900K->648K(2304K), 0.0029657 secs] 469497K->468245K(470428K), 0.0030377 secs] [Times: user=0.01 sys=0.00, real=0.00 secs] 
36.409: [GC 36.409: [ParNew
Desired survivor size 557056 bytes, new threshold 4 (max 15)
- age   1:      77400 bytes,      77400 total
- age   2:      66800 bytes,     144200 total
- age   4:     412904 bytes,     557104 total
: 1864K->791K(2304K), 0.0022758 secs] 469461K->468388K(470428K), 0.0023359 secs] [Times: user=0.01 sys=0.00, real=0.00 secs] 
36.413: [GC 36.413: [ParNew
Desired survivor size 557056 bytes, new threshold 3 (max 15)
- age   1:     484760 bytes,     484760 total
- age   2:      49680 bytes,     534440 total
- age   3:      71552 bytes,     605992 total
: 2007K->910K(2304K), 0.0033793 secs] 469604K->468910K(470812K), 0.0034481 secs] [Times: user=0.01 sys=0.00, real=0.01 secs] 
36.419: [GC 36.419: [ParNew
Desired survivor size 557056 bytes, new threshold 2 (max 15)
- age   1:     431424 bytes,     431424 total
- age   2:     476192 bytes,     907616 total
- age   3:      49680 bytes,     957296 total
: 2126K->1088K(2304K), 0.0027851 secs] 470126K->469171K(471004K), 0.0028564 secs] [Times: user=0.01 sys=0.00, real=0.00 secs] 
36.424: [GC 36.424: [ParNew
Desired survivor size 557056 bytes, new threshold 1 (max 15)
- age   1:     693848 bytes,     693848 total
- age   2:     378376 bytes,    1072224 total
: 2304K->1088K(2304K), 0.0040338 secs] 470387K->469934K(471772K), 0.0041049 secs] [Times: user=0.02 sys=0.00, real=0.01 secs] 
36.430: [GC 36.430: [ParNew
Desired survivor size 557056 bytes, new threshold 15 (max 15)
- age   1:     549464 bytes,     549464 total
: 2304K->1088K(2304K), 0.0054494 secs] 471150K->470981K(472924K), 0.0055270 secs] [Times: user=0.01 sys=0.00, real=0.01 secs] 
36.439: [GC 36.439: [ParNew
Desired survivor size 557056 bytes, new threshold 2 (max 15)
- age   1:     136024 bytes,     136024 total
- age   2:     549384 bytes,     685408 total
: 2304K->899K(2304K), 0.0032453 secs] 472197K->470793K(472924K), 0.0033265 secs] [Times: user=0.01 sys=0.00, real=0.00 secs] 
36.446: [GC 36.446: [ParNew
Desired survivor size 557056 bytes, new threshold 15 (max 15)
- age   1:     140480 bytes,     140480 total
- age   2:     117576 bytes,     258056 total
: 2115K->654K(2304K), 0.0043310 secs] 472009K->471085K(473308K), 0.0043994 secs] [Times: user=0.01 sys=0.00, real=0.00 secs] 
36.455: [GC 36.455: [ParNew
Desired survivor size 557056 bytes, new threshold 15 (max 15)
- age   1:     149088 bytes,     149088 total
- age   2:     140480 bytes,     289568 total
- age   3:     117576 bytes,     407144 total
: 1870K->516K(2304K), 0.0063597 secs] 472301K->470946K(473308K), 0.0064491 secs] [Times: user=0.01 sys=0.00, real=0.00 secs] 
36.467: [GC 36.467: [ParNew
Desired survivor size 557056 bytes, new threshold 3 (max 15)
- age   1:     317328 bytes,     317328 total
- age   2:     148904 bytes,     466232 total
- age   3:     140408 bytes,     606640 total
- age   4:     117576 bytes,     724216 total
: 1732K->965K(2304K), 0.0036811 secs] 472162K->471395K(473308K), 0.0037657 secs] [Times: user=0.01 sys=0.00, real=0.00 secs] 
36.473: [GC 36.473: [ParNew
Desired survivor size 557056 bytes, new threshold 2 (max 15)
- age   1:     383968 bytes,     383968 total
- age   2:     317296 bytes,     701264 total
- age   3:     148904 bytes,     850168 total
: 2181K->1088K(2304K), 0.0033402 secs] 472611K->471770K(473692K), 0.0034127 secs] [Times: user=0.01 sys=0.00, real=0.01 secs] 
36.478: [GC 36.478: [ParNew
Desired survivor size 557056 bytes, new threshold 15 (max 15)
- age   1:        304 bytes,        304 total
- age   2:     383928 bytes,     384232 total
: 2304K->760K(2304K), 0.0036179 secs] 472986K->471897K(474076K), 0.0037215 secs] [Times: user=0.01 sys=0.00, real=0.00 secs] 
36.484: [GC 36.484: [ParNew
Desired survivor size 557056 bytes, new threshold 15 (max 15)
- age   1:     117552 bytes,     117552 total
- age   2:        200 bytes,     117752 total
- age   3:     383928 bytes,     501680 total
: 1976K->578K(2304K), 0.0022666 secs] 473113K->471716K(474076K), 0.0023289 secs] [Times: user=0.01 sys=0.00, real=0.01 secs] 
36.487: [GC 36.487: [ParNew
Desired survivor size 557056 bytes, new threshold 4 (max 15)
- age   1:     247576 bytes,     247576 total
- age   2:     117424 bytes,     365000 total
- age   3:        200 bytes,     365200 total
- age   4:     383928 bytes,     749128 total
: 1794K->787K(2304K), 0.0022782 secs] 472932K->471925K(474076K), 0.0023400 secs] [Times: user=0.00 sys=0.00, real=0.00 secs] 
36.492: [GC 36.492: [ParNew
Desired survivor size 557056 bytes, new threshold 1 (max 15)
- age   1:     656832 bytes,     656832 total
- age   2:     247576 bytes,     904408 total
- age   3:     117424 bytes,    1021832 total
- age   4:        200 bytes,    1022032 total
: 2003K->1088K(2304K), 0.0036341 secs] 473141K->472624K(474460K), 0.0037073 secs] [Times: user=0.01 sys=0.00, real=0.01 secs] 
36.498: [GC 36.498: [ParNew
Desired survivor size 557056 bytes, new threshold 15 (max 15)
- age   1:     430328 bytes,     430328 total
: 2304K->913K(2304K), 0.0038506 secs] 473840K->473448K(475420K), 0.0039207 secs] [Times: user=0.01 sys=0.01, real=0.00 secs] 
36.503: [GC 36.503: [ParNew
Desired survivor size 557056 bytes, new threshold 15 (max 15)
- age   1:      55600 bytes,      55600 total
- age   2:     430192 bytes,     485792 total
: 2129K->772K(2304K), 0.0026118 secs] 474664K->473307K(475420K), 0.0026769 secs] [Times: user=0.00 sys=0.00, real=0.01 secs] 
36.508: [GC 36.508: [ParNew
Desired survivor size 557056 bytes, new threshold 3 (max 15)
- age   1:     494888 bytes,     494888 total
- age   2:      55568 bytes,     550456 total
- age   3:     430192 bytes,     980648 total
: 1988K->1088K(2304K), 0.0026617 secs] 474523K->473726K(475612K), 0.0027303 secs] [Times: user=0.01 sys=0.00, real=0.00 secs] 
36.512: [GC 36.512: [ParNew
Desired survivor size 557056 bytes, new threshold 2 (max 15)
- age   1:     530640 bytes,     530640 total
- age   2:     444936 bytes,     975576 total
- age   3:      55568 bytes,    1031144 total
: 2304K->1088K(2304K), 0.0040590 secs] 474942K->474271K(476188K), 0.0041361 secs] [Times: user=0.02 sys=0.00, real=0.01 secs] 
36.519: [GC 36.519: [ParNew
Desired survivor size 557056 bytes, new threshold 1 (max 15)
- age   1:     701496 bytes,     701496 total
- age   2:     409912 bytes,    1111408 total
: 2304K->1088K(2304K), 0.0081320 secs] 475487K->475398K(477148K), 0.0082151 secs] [Times: user=0.02 sys=0.00, real=0.01 secs] 
36.531: [GC 36.531: [ParNew
Desired survivor size 557056 bytes, new threshold 1 (max 15)
- age   1:     712192 bytes,     712192 total
: 2304K->1088K(2304K), 0.0076276 secs] 476614K->476986K(478876K), 0.0077118 secs] [Times: user=0.02 sys=0.00, real=0.01 secs] 
36.541: [GC 36.541: [ParNew
Desired survivor size 557056 bytes, new threshold 15 (max 15)
- age   1:     514328 bytes,     514328 total
: 2304K->981K(2304K), 0.0037378 secs] 478202K->477573K(479644K), 0.0038093 secs] [Times: user=0.02 sys=0.01, real=0.01 secs] 
36.546: [CMS-concurrent-preclean: 0.277/0.964 secs] [Times: user=2.74 sys=0.21, real=0.97 secs] 
36.547: [GC[YG occupancy: 1595 K (2304 K)]36.547: [Rescan (parallel) , 0.0019642 secs]36.549: [weak refs processing, 0.0000228 secs] [1 CMS-remark: 476592K(477340K)] 478187K(479644K), 0.0020577 secs] [Times: user=0.01 sys=0.00, real=0.00 secs] 
36.549: [CMS-concurrent-sweep-start]
36.551: [GC 36.551: [ParNew
Desired survivor size 557056 bytes, new threshold 2 (max 15)
- age   1:     232152 bytes,     232152 total
- age   2:     514200 bytes,     746352 total
: 2197K->961K(2304K), 0.0026053 secs] 478760K->477524K(479644K), 0.0027071 secs] [Times: user=0.01 sys=0.00, real=0.00 secs] 
36.555: [GC 36.555: [ParNew
Desired survivor size 557056 bytes, new threshold 15 (max 15)
- age   1:     208112 bytes,     208112 total
- age   2:     232080 bytes,     440192 total
: 2177K->803K(2304K), 0.0040332 secs] 478141K->477269K(479644K), 0.0041026 secs] [Times: user=0.01 sys=0.00, real=0.00 secs] 
36.561: [GC 36.561: [ParNew
Desired survivor size 557056 bytes, new threshold 2 (max 15)
- age   1:     392608 bytes,     392608 total
- age   2:     208080 bytes,     600688 total
- age   3:     232080 bytes,     832768 total
: 2019K->1046K(2304K), 0.0025206 secs] 477243K->476270K(479644K), 0.0025866 secs] [Times: user=0.01 sys=0.00, real=0.01 secs] 
36.565: [GC 36.565: [ParNew
Desired survivor size 557056 bytes, new threshold 2 (max 15)
- age   1:     195000 bytes,     195000 total
- age   2:     392536 bytes,     587536 total
: 2262K->1035K(2304K), 0.0028317 secs] 476924K->476128K(479836K), 0.0028955 secs] [Times: user=0.01 sys=0.00, real=0.00 secs] 
36.570: [GC 36.570: [ParNew
Desired survivor size 557056 bytes, new threshold 15 (max 15)
- age   1:     210320 bytes,     210320 total
- age   2:     194928 bytes,     405248 total
: 2251K->678K(2304K), 0.0028426 secs] 476439K->475249K(479836K), 0.0029108 secs] [Times: user=0.01 sys=0.00, real=0.00 secs] 
36.574: [GC 36.574: [ParNew
Desired survivor size 557056 bytes, new threshold 3 (max 15)
- age   1:     268608 bytes,     268608 total
- age   2:     210248 bytes,     478856 total
- age   3:     194800 bytes,     673656 total
: 1894K->736K(2304K), 0.0031152 secs] 475749K->474590K(479836K), 0.0032000 secs] [Times: user=0.01 sys=0.00, real=0.00 secs] 
36.579: [GC 36.579: [ParNew
Desired survivor size 557056 bytes, new threshold 3 (max 15)
- age   1:      96080 bytes,      96080 total
- age   2:     268536 bytes,     364616 total
- age   3:     210248 bytes,     574864 total
: 1952K->970K(2304K), 0.0028018 secs] 474775K->473983K(479836K), 0.0028899 secs] [Times: user=0.01 sys=0.00, real=0.00 secs] 
36.583: [GC 36.583: [ParNew
Desired survivor size 557056 bytes, new threshold 3 (max 15)
- age   1:     233272 bytes,     233272 total
- age   2:      95824 bytes,     329096 total
- age   3:     268536 bytes,     597632 total
: 2186K->873K(2304K), 0.0024937 secs] 474444K->473335K(479836K), 0.0025542 secs] [Times: user=0.01 sys=0.00, real=0.01 secs] 
36.588: [GC 36.588: [ParNew
Desired survivor size 557056 bytes, new threshold 2 (max 15)
- age   1:     489592 bytes,     489592 total
- age   2:     233272 bytes,     722864 total
- age   3:      95824 bytes,     818688 total
: 2089K->1050K(2304K), 0.0030944 secs] 473540K->472764K(479836K), 0.0031673 secs] [Times: user=0.01 sys=0.00, real=0.00 secs] 
36.593: [GC 36.593: [ParNew
Desired survivor size 557056 bytes, new threshold 2 (max 15)
- age   1:     537840 bytes,     537840 total
- age   2:     436528 bytes,     974368 total
: 2266K->1088K(2304K), 0.0037049 secs] 472937K->472199K(479836K), 0.0037795 secs] [Times: user=0.01 sys=0.01, real=0.01 secs] 
36.599: [GC 36.599: [ParNew
Desired survivor size 557056 bytes, new threshold 1 (max 15)
- age   1:     766512 bytes,     766512 total
- age   2:     316208 bytes,    1082720 total
: 2304K->1088K(2304K), 0.0041551 secs] 471755K->471636K(480028K), 0.0042282 secs] [Times: user=0.01 sys=0.00, real=0.00 secs] 
36.605: [GC 36.605: [ParNew
Desired survivor size 557056 bytes, new threshold 1 (max 15)
- age   1:     592656 bytes,     592656 total
: 2304K->1088K(2304K), 0.0041439 secs] 471684K->471580K(480412K), 0.0042257 secs] [Times: user=0.01 sys=0.00, real=0.00 secs] 
36.611: [GC 36.611: [ParNew
Desired survivor size 557056 bytes, new threshold 15 (max 15)
- age   1:     256096 bytes,     256096 total
: 2304K->557K(2304K), 0.0035236 secs] 472003K->470835K(480604K), 0.0035920 secs] [Times: user=0.01 sys=0.00, real=0.01 secs] 
36.617: [GC 36.617: [ParNew
Desired survivor size 557056 bytes, new threshold 15 (max 15)
- age   1:     163072 bytes,     163072 total
- age   2:     255848 bytes,     418920 total
: 1773K->513K(2304K), 0.0022559 secs] 471307K->470047K(480604K), 0.0023618 secs] [Times: user=0.01 sys=0.00, real=0.00 secs] 
36.623: [GC 36.623: [ParNew
Desired survivor size 557056 bytes, new threshold 2 (max 15)
- age   1:     488944 bytes,     488944 total
- age   2:     163000 bytes,     651944 total
- age   3:     255848 bytes,     907792 total
: 1729K->1088K(2304K), 0.0028138 secs] 470167K->469526K(480604K), 0.0029064 secs] [Times: user=0.01 sys=0.00, real=0.01 secs] 
36.630: [GC 36.630: [ParNew
Desired survivor size 557056 bytes, new threshold 2 (max 15)
- age   1:      90112 bytes,      90112 total
- age   2:     488904 bytes,     579016 total
: 2304K->1029K(2304K), 0.0031647 secs] 468656K->467790K(480604K), 0.0032380 secs] [Times: user=0.01 sys=0.00, real=0.00 secs] 
36.644: [GC 36.644: [ParNew
Desired survivor size 557056 bytes, new threshold 1 (max 15)
- age   1:     647424 bytes,     647424 total
- age   2:      89928 bytes,     737352 total
: 2245K->959K(2304K), 0.0043996 secs] 464223K->463414K(480604K), 0.0044830 secs] [Times: user=0.01 sys=0.00, real=0.00 secs] 
36.651: [GC 36.651: [ParNew
Desired survivor size 557056 bytes, new threshold 1 (max 15)
- age   1:     577352 bytes,     577352 total
: 2175K->954K(2304K), 0.0032658 secs] 463595K->463094K(480604K), 0.0033590 secs] [Times: user=0.01 sys=0.01, real=0.01 secs] 
36.656: [GC 36.656: [ParNew
Desired survivor size 557056 bytes, new threshold 15 (max 15)
- age   1:     420408 bytes,     420408 total
: 2170K->599K(2304K), 0.0031128 secs] 463250K->462243K(480604K), 0.0031856 secs] [Times: user=0.01 sys=0.00, real=0.00 secs] 
36.662: [GC 36.662: [ParNew
Desired survivor size 557056 bytes, new threshold 2 (max 15)
- age   1:     155680 bytes,     155680 total
- age   2:     420336 bytes,     576016 total
: 1815K->673K(2304K), 0.0032030 secs] 461792K->460651K(480604K), 0.0032684 secs] [Times: user=0.01 sys=0.00, real=0.01 secs] 
36.669: [GC 36.669: [ParNew
Desired survivor size 557056 bytes, new threshold 15 (max 15)
- age   1:     269160 bytes,     269160 total
- age   2:     155608 bytes,     424768 total
: 1889K->645K(2304K), 0.0043359 secs] 460961K->460127K(480796K), 0.0044465 secs] [Times: user=0.01 sys=0.00, real=0.00 secs] 
36.678: [GC 36.678: [ParNew
Desired survivor size 557056 bytes, new threshold 1 (max 15)
- age   1:     716832 bytes,     716832 total
- age   2:     249928 bytes,     966760 total
- age   3:     145048 bytes,    1111808 total
: 1861K->1088K(2304K), 0.0032637 secs] 459408K->458871K(480796K), 0.0033298 secs] [Times: user=0.01 sys=0.00, real=0.00 secs] 
36.683: [GC 36.683: [ParNew
Desired survivor size 557056 bytes, new threshold 15 (max 15)
- age   1:     444088 bytes,     444088 total
: 2304K->915K(2304K), 0.0036487 secs] 458752K->458449K(480796K), 0.0037207 secs] [Times: user=0.02 sys=0.00, real=0.01 secs] 
36.688: [GC 36.688: [ParNew
Desired survivor size 557056 bytes, new threshold 1 (max 15)
- age   1:     669256 bytes,     669256 total
- age   2:     444088 bytes,    1113344 total
: 2131K->1088K(2304K), 0.0046149 secs] 458838K->458338K(480796K), 0.0046975 secs] [Times: user=0.01 sys=0.00, real=0.00 secs] 
36.694: [GC 36.694: [ParNew
Desired survivor size 557056 bytes, new threshold 1 (max 15)
- age   1:     604640 bytes,     604640 total
: 2304K->1088K(2304K), 0.0052220 secs] 458468K->458339K(480796K), 0.0053033 secs] [Times: user=0.01 sys=0.00, real=0.00 secs] 
36.702: [GC 36.702: [ParNew
Desired survivor size 557056 bytes, new threshold 15 (max 15)
- age   1:     498976 bytes,     498976 total
: 2304K->674K(2304K), 0.0036246 secs] 458463K->457423K(480796K), 0.0036986 secs] [Times: user=0.01 sys=0.00, real=0.01 secs] 
36.708: [GC 36.708: [ParNew
Desired survivor size 557056 bytes, new threshold 2 (max 15)
- age   1:     555768 bytes,     555768 total
- age   2:     435864 bytes,     991632 total
: 1890K->1088K(2304K), 0.0039513 secs] 457457K->456980K(480796K), 0.0040225 secs] [Times: user=0.01 sys=0.00, real=0.00 secs] 
36.716: [GC 36.716: [ParNew
Desired survivor size 557056 bytes, new threshold 1 (max 15)
- age   1:     723064 bytes,     723064 total
- age   2:     349872 bytes,    1072936 total
: 2304K->1088K(2304K), 0.0040120 secs] 455555K->455442K(480796K), 0.0041217 secs] [Times: user=0.01 sys=0.00, real=0.00 secs] 
36.721: [GC 36.721: [ParNew
Desired survivor size 557056 bytes, new threshold 1 (max 15)
- age   1:     706352 bytes,     706352 total
: 2304K->1088K(2304K), 0.0040385 secs] 455830K->455662K(480796K), 0.0041131 secs] [Times: user=0.01 sys=0.00, real=0.01 secs] 
36.727: [GC 36.727: [ParNew
Desired survivor size 557056 bytes, new threshold 1 (max 15)
- age   1:     624368 bytes,     624368 total
: 2304K->958K(2304K), 0.0037255 secs] 456270K->455614K(480796K), 0.0038009 secs] [Times: user=0.02 sys=0.00, real=0.00 secs] 
36.732: [GC 36.732: [ParNew
Desired survivor size 557056 bytes, new threshold 1 (max 15)
- age   1:     756192 bytes,     756192 total
: 2174K->1088K(2304K), 0.0042223 secs] 456058K->455581K(480796K), 0.0042932 secs] [Times: user=0.01 sys=0.00, real=0.01 secs] 
36.738: [GC 36.738: [ParNew
Desired survivor size 557056 bytes, new threshold 15 (max 15)
- age   1:     243720 bytes,     243720 total
: 2304K->716K(2304K), 0.0032813 secs] 455823K->454974K(480796K), 0.0033482 secs] [Times: user=0.01 sys=0.00, real=0.00 secs] 
36.743: [GC 36.743: [ParNew
Desired survivor size 557056 bytes, new threshold 2 (max 15)
- age   1:     378616 bytes,     378616 total
- age   2:     243720 bytes,     622336 total
: 1932K->715K(2304K), 0.0027291 secs] 454892K->453675K(480796K), 0.0028025 secs] [Times: user=0.01 sys=0.00, real=0.01 secs] 
36.748: [GC 36.748: [ParNew
Desired survivor size 557056 bytes, new threshold 2 (max 15)
- age   1:     420424 bytes,     420424 total
- age   2:     378544 bytes,     798968 total
: 1931K->1088K(2304K), 0.0028840 secs] 453605K->453000K(480796K), 0.0029641 secs] [Times: user=0.01 sys=0.00, real=0.00 secs] 
36.753: [GC 36.753: [ParNew
Desired survivor size 557056 bytes, new threshold 2 (max 15)
- age   1:     264696 bytes,     264696 total
- age   2:     420352 bytes,     685048 total
: 2304K->1071K(2304K), 0.0027948 secs] 453640K->452777K(480796K), 0.0028617 secs] [Times: user=0.01 sys=0.00, real=0.01 secs] 
36.757: [GC 36.757: [ParNew
Desired survivor size 557056 bytes, new threshold 15 (max 15)
- age   1:     274328 bytes,     274328 total
- age   2:     264560 bytes,     538888 total
: 2287K->1020K(2304K), 0.0041511 secs] 453220K->452364K(480796K), 0.0042217 secs] [Times: user=0.01 sys=0.00, real=0.00 secs] 
36.763: [GC 36.763: [ParNew
Desired survivor size 557056 bytes, new threshold 2 (max 15)
- age   1:     351168 bytes,     351168 total
- age   2:     274128 bytes,     625296 total
- age   3:     264560 bytes,     889856 total
: 2236K->1088K(2304K), 0.0028542 secs] 452866K->451718K(480796K), 0.0029250 secs] [Times: user=0.01 sys=0.00, real=0.01 secs] 
36.767: [GC 36.767: [ParNew
Desired survivor size 557056 bytes, new threshold 2 (max 15)
- age   1:     224424 bytes,     224424 total
- age   2:     351088 bytes,     575512 total
: 2304K->1088K(2304K), 0.0029719 secs] 452020K->451330K(480796K), 0.0030406 secs] [Times: user=0.01 sys=0.00, real=0.00 secs] 
36.773: [GC 36.773: [ParNew
Desired survivor size 557056 bytes, new threshold 1 (max 15)
- age   1:     887264 bytes,     887264 total
- age   2:     224424 bytes,    1111688 total
: 2304K->1088K(2304K), 0.0034712 secs] 450969K->450229K(480796K), 0.0035631 secs] [Times: user=0.02 sys=0.00, real=0.01 secs] 
36.780: [GC 36.780: [ParNew
Desired survivor size 557056 bytes, new threshold 1 (max 15)
- age   1:    1058640 bytes,    1058640 total
: 2304K->1088K(2304K), 0.0049073 secs] 449692K->449703K(480796K), 0.0049786 secs] [Times: user=0.02 sys=0.00, real=0.01 secs] 
36.788: [GC 36.788: [ParNew
Desired survivor size 557056 bytes, new threshold 1 (max 15)
- age   1:     923432 bytes,     923432 total
: 2304K->1088K(2304K), 0.0042734 secs] 449260K->449381K(480796K), 0.0043511 secs] [Times: user=0.01 sys=0.00, real=0.00 secs] 
36.794: [GC 36.794: [ParNew
Desired survivor size 557056 bytes, new threshold 1 (max 15)
- age   1:     649792 bytes,     649792 total
: 2304K->1088K(2304K), 0.0045341 secs] 449575K->449260K(480796K), 0.0046417 secs] [Times: user=0.01 sys=0.00, real=0.00 secs] 
36.801: [GC 36.801: [ParNew
Desired survivor size 557056 bytes, new threshold 1 (max 15)
- age   1:    1111256 bytes,    1111256 total
: 2304K->1088K(2304K), 0.0035322 secs] 449258K->448794K(480796K), 0.0036062 secs] [Times: user=0.01 sys=0.00, real=0.01 secs] 
36.806: [GC 36.806: [ParNew
Desired survivor size 557056 bytes, new threshold 1 (max 15)
- age   1:     592728 bytes,     592728 total
: 2304K->1088K(2304K), 0.0040462 secs] 449214K->449098K(480796K), 0.0041192 secs] [Times: user=0.01 sys=0.00, real=0.00 secs] 
36.812: [GC 36.812: [ParNew
Desired survivor size 557056 bytes, new threshold 1 (max 15)
- age   1:     993720 bytes,     993720 total
: 2304K->1088K(2304K), 0.0042365 secs] 449746K->449342K(480796K), 0.0043139 secs] [Times: user=0.02 sys=0.00, real=0.01 secs] 
36.817: [GC 36.818: [ParNew
Desired survivor size 557056 bytes, new threshold 15 (max 15)
- age   1:     506744 bytes,     506744 total
: 2304K->1050K(2304K), 0.0047793 secs] 450164K->449880K(480796K), 0.0048588 secs] [Times: user=0.01 sys=0.00, real=0.00 secs] 
36.823: [GC 36.823: [ParNew
Desired survivor size 557056 bytes, new threshold 1 (max 15)
- age   1:     606784 bytes,     606784 total
- age   2:     506736 bytes,    1113520 total
: 2266K->1088K(2304K), 0.0042435 secs] 450826K->449994K(480796K), 0.0043127 secs] [Times: user=0.01 sys=0.00, real=0.01 secs] 
36.829: [GC 36.829: [ParNew
Desired survivor size 557056 bytes, new threshold 15 (max 15)
- age   1:     339208 bytes,     339208 total
: 2304K->914K(2304K), 0.0051262 secs] 450239K->449937K(480796K), 0.0052037 secs] [Times: user=0.02 sys=0.00, real=0.01 secs] 
36.836: [GC 36.836: [ParNew
Desired survivor size 557056 bytes, new threshold 1 (max 15)
- age   1:     622888 bytes,     622888 total
- age   2:     339208 bytes,     962096 total
: 2130K->1012K(2304K), 0.0026010 secs] 450492K->449374K(480796K), 0.0026671 secs] [Times: user=0.01 sys=0.00, real=0.00 secs] 
36.840: [GC 36.840: [ParNew
Desired survivor size 557056 bytes, new threshold 15 (max 15)
- age   1:        384 bytes,        384 total
: 2228K->586K(2304K), 0.0030005 secs] 450089K->449387K(480796K), 0.0030662 secs] [Times: user=0.01 sys=0.00, real=0.00 secs] 
36.845: [GC 36.845: [ParNew
Desired survivor size 557056 bytes, new threshold 1 (max 15)
- age   1:     732696 bytes,     732696 total
- age   2:        256 bytes,     732952 total
: 1802K->836K(2304K), 0.0025479 secs] 450269K->449302K(480796K), 0.0026194 secs] [Times: user=0.01 sys=0.00, real=0.00 secs] 
36.849: [GC 36.849: [ParNew
Desired survivor size 557056 bytes, new threshold 1 (max 15)
- age   1:     688264 bytes,     688264 total
: 2052K->1088K(2304K), 0.0036822 secs] 449911K->449662K(480796K), 0.0037518 secs] [Times: user=0.02 sys=0.00, real=0.00 secs] 
36.854: [GC 36.854: [ParNew
Desired survivor size 557056 bytes, new threshold 1 (max 15)
- age   1:     778968 bytes,     778968 total
: 2304K->974K(2304K), 0.0037459 secs] 450129K->449472K(480796K), 0.0038202 secs] [Times: user=0.01 sys=0.00, real=0.00 secs] 
36.860: [GC 36.860: [ParNew
Desired survivor size 557056 bytes, new threshold 1 (max 15)
- age   1:    1092984 bytes,    1092984 total
: 2190K->1088K(2304K), 0.0045041 secs] 449536K->449267K(480796K), 0.0045799 secs] [Times: user=0.01 sys=0.00, real=0.01 secs] 
36.866: [GC 36.866: [ParNew
Desired survivor size 557056 bytes, new threshold 15 (max 15)
- age   1:     235272 bytes,     235272 total
: 2304K->979K(2304K), 0.0034209 secs] 449871K->449607K(480796K), 0.0034953 secs] [Times: user=0.01 sys=0.00, real=0.00 secs] 
36.871: [GC 36.871: [ParNew
Desired survivor size 557056 bytes, new threshold 1 (max 15)
- age   1:     572928 bytes,     572928 total
- age   2:     235240 bytes,     808168 total
: 2195K->982K(2304K), 0.0027226 secs] 450071K->448858K(480796K), 0.0027889 secs] [Times: user=0.00 sys=0.00, real=0.01 secs] 
36.876: [GC 36.876: [ParNew
Desired survivor size 557056 bytes, new threshold 1 (max 15)
- age   1:     620224 bytes,     620224 total
: 2198K->1001K(2304K), 0.0040743 secs] 449580K->449172K(480796K), 0.0041962 secs] [Times: user=0.01 sys=0.00, real=0.00 secs] 
36.883: [GC 36.883: [ParNew
Desired survivor size 557056 bytes, new threshold 1 (max 15)
- age   1:    1046168 bytes,    1046168 total
: 2217K->1087K(2304K), 0.0036737 secs] 449734K->449393K(480796K), 0.0037340 secs] [Times: user=0.01 sys=0.00, real=0.01 secs] 
36.890: [GC 36.890: [ParNew
Desired survivor size 557056 bytes, new threshold 15 (max 15)
- age   1:     452808 bytes,     452808 total
: 2303K->1088K(2304K), 0.0038588 secs] 450330K->450137K(480796K), 0.0039376 secs] [Times: user=0.01 sys=0.00, real=0.01 secs] 
36.897: [GC 36.897: [ParNew
Desired survivor size 557056 bytes, new threshold 2 (max 15)
- age   1:     533128 bytes,     533128 total
- age   2:     452808 bytes,     985936 total
: 2304K->1088K(2304K), 0.0027956 secs] 450363K->449257K(480796K), 0.0028738 secs] [Times: user=0.01 sys=0.00, real=0.00 secs] 
36.903: [GC 36.903: [ParNew
Desired survivor size 557056 bytes, new threshold 1 (max 15)
- age   1:     772032 bytes,     772032 total
- age   2:     341456 bytes,    1113488 total
: 2304K->1088K(2304K), 0.0039979 secs] 449674K->449486K(480796K), 0.0040731 secs] [Times: user=0.01 sys=0.01, real=0.01 secs] 
36.908: [GC 36.908: [ParNew
Desired survivor size 557056 bytes, new threshold 1 (max 15)
- age   1:     662320 bytes,     662320 total
: 2304K->1088K(2304K), 0.0038676 secs] 450255K->450127K(480796K), 0.0039450 secs] [Times: user=0.01 sys=0.00, real=0.00 secs] 
36.914: [GC 36.914: [ParNew
Desired survivor size 557056 bytes, new threshold 1 (max 15)
- age   1:     604080 bytes,     604080 total
: 2304K->871K(2304K), 0.0033724 secs] 450749K->449963K(480796K), 0.0034443 secs] [Times: user=0.01 sys=0.00, real=0.01 secs] 
36.920: [GC 36.920: [ParNew
Desired survivor size 557056 bytes, new threshold 1 (max 15)
- age   1:     849648 bytes,     849648 total
: 2087K->1088K(2304K), 0.0047454 secs] 450281K->449872K(480796K), 0.0048215 secs] [Times: user=0.01 sys=0.00, real=0.01 secs] 
36.927: [GC 36.927: [ParNew
Desired survivor size 557056 bytes, new threshold 1 (max 15)
- age   1:     927600 bytes,     927600 total
: 2304K->1088K(2304K), 0.0040251 secs] 450110K->449871K(480796K), 0.0041003 secs] [Times: user=0.01 sys=0.00, real=0.00 secs] 
36.934: [GC 36.934: [ParNew
Desired survivor size 557056 bytes, new threshold 1 (max 15)
- age   1:     986056 bytes,     986056 total
: 2304K->1088K(2304K), 0.0042053 secs] 450487K->450416K(480796K), 0.0042802 secs] [Times: user=0.02 sys=0.00, real=0.00 secs] 
36.941: [GC 36.942: [ParNew
Desired survivor size 557056 bytes, new threshold 1 (max 15)
- age   1:     677336 bytes,     677336 total
: 2304K->1088K(2304K), 0.0037553 secs] 451101K->450850K(480796K), 0.0038460 secs] [Times: user=0.01 sys=0.00, real=0.01 secs] 
36.947: [GC 36.947: [ParNew
Desired survivor size 557056 bytes, new threshold 1 (max 15)
- age   1:     615232 bytes,     615232 total
: 2304K->1088K(2304K), 0.0043325 secs] 451661K->451106K(480796K), 0.0043881 secs] [Times: user=0.01 sys=0.00, real=0.00 secs] 
36.954: [GC 36.954: [ParNew
Desired survivor size 557056 bytes, new threshold 15 (max 15)
- age   1:     205032 bytes,     205032 total
: 2304K->408K(2304K), 0.0036904 secs] 451988K->450693K(480796K), 0.0037649 secs] [Times: user=0.01 sys=0.00, real=0.01 secs] 
36.961: [GC 36.961: [ParNew
Desired survivor size 557056 bytes, new threshold 15 (max 15)
- age   1:     310856 bytes,     310856 total
- age   2:     204904 bytes,     515760 total
: 1624K->575K(2304K), 0.0026597 secs] 451882K->450833K(480796K), 0.0027514 secs] [Times: user=0.00 sys=0.00, real=0.01 secs] 
36.969: [GC 36.969: [ParNew
Desired survivor size 557056 bytes, new threshold 3 (max 15)
- age   1:     143872 bytes,     143872 total
- age   2:     292408 bytes,     436280 total
- age   3:     204904 bytes,     641184 total
: 1791K->949K(2304K), 0.0030186 secs] 452046K->451204K(480796K), 0.0031117 secs] [Times: user=0.01 sys=0.01, real=0.00 secs] 
36.975: [GC 36.975: [ParNew
Desired survivor size 557056 bytes, new threshold 1 (max 15)
- age   1:     570840 bytes,     570840 total
- age   2:     116136 bytes,     686976 total
- age   3:     292408 bytes,     979384 total
: 2165K->1088K(2304K), 0.0031605 secs] 452420K->451569K(480796K), 0.0032463 secs] [Times: user=0.01 sys=0.00, real=0.00 secs] 
36.979: [GC 36.980: [ParNew
Desired survivor size 557056 bytes, new threshold 1 (max 15)
- age   1:     643640 bytes,     643640 total
: 2304K->1076K(2304K), 0.0039717 secs] 452746K->452475K(480796K), 0.0040515 secs] [Times: user=0.02 sys=0.00, real=0.00 secs] 
36.985: [GC 36.985: [ParNew
Desired survivor size 557056 bytes, new threshold 1 (max 15)
- age   1:     997792 bytes,     997792 total
: 2292K->1088K(2304K), 0.0042744 secs] 453409K->452973K(480796K), 0.0043493 secs] [Times: user=0.02 sys=0.00, real=0.00 secs] 
36.992: [GC 36.992: [ParNew
Desired survivor size 557056 bytes, new threshold 1 (max 15)
- age   1:    1017152 bytes,    1017152 total
: 2304K->1088K(2304K), 0.0042010 secs] 453782K->453707K(480796K), 0.0042839 secs] [Times: user=0.02 sys=0.00, real=0.01 secs] 
36.998: [GC 36.998: [ParNew
Desired survivor size 557056 bytes, new threshold 1 (max 15)
- age   1:     947088 bytes,     947088 total
: 2304K->1088K(2304K), 0.0048378 secs] 454590K->454605K(480796K), 0.0049131 secs] [Times: user=0.02 sys=0.00, real=0.00 secs] 
37.008: [GC 37.008: [ParNew
Desired survivor size 557056 bytes, new threshold 1 (max 15)
- age   1:     660336 bytes,     660336 total
: 2304K->1088K(2304K), 0.0054352 secs] 454613K->454592K(480796K), 0.0055068 secs] [Times: user=0.01 sys=0.00, real=0.00 secs] 
37.017: [GC 37.017: [ParNew
Desired survivor size 557056 bytes, new threshold 1 (max 15)
- age   1:    1061736 bytes,    1061736 total
: 2304K->1088K(2304K), 0.0044303 secs] 455658K->455203K(480796K), 0.0045075 secs] [Times: user=0.02 sys=0.00, real=0.00 secs] 
37.023: [GC 37.023: [ParNew
Desired survivor size 557056 bytes, new threshold 1 (max 15)
- age   1:     911760 bytes,     911760 total
: 2304K->1088K(2304K), 0.0049815 secs] 456419K->456294K(480796K), 0.0050846 secs] [Times: user=0.02 sys=0.00, real=0.01 secs] 
37.032: [GC 37.032: [ParNew
Desired survivor size 557056 bytes, new threshold 15 (max 15)
- age   1:     550144 bytes,     550144 total
: 2304K->1088K(2304K), 0.0050147 secs] 457253K->456927K(480796K), 0.0050885 secs] [Times: user=0.02 sys=0.01, real=0.01 secs] 
37.041: [GC 37.041: [ParNew
Desired survivor size 557056 bytes, new threshold 1 (max 15)
- age   1:     760136 bytes,     760136 total
- age   2:     351272 bytes,    1111408 total
: 2304K->1088K(2304K), 0.0039998 secs] 457614K->456987K(480796K), 0.0040843 secs] [Times: user=0.01 sys=0.00, real=0.01 secs] 
37.048: [GC 37.048: [ParNew
Desired survivor size 557056 bytes, new threshold 1 (max 15)
- age   1:    1014624 bytes,    1014624 total
: 2304K->1088K(2304K), 0.0049958 secs] 457615K->457701K(481564K), 0.0050728 secs] [Times: user=0.01 sys=0.00, real=0.00 secs] 
37.055: [GC 37.055: [ParNew
Desired survivor size 557056 bytes, new threshold 1 (max 15)
- age   1:     703064 bytes,     703064 total
: 2304K->1088K(2304K), 0.0038898 secs] 458310K->458106K(481948K), 0.0039673 secs] [Times: user=0.01 sys=0.00, real=0.00 secs] 
37.062: [GC 37.062: [ParNew
Desired survivor size 557056 bytes, new threshold 1 (max 15)
- age   1:    1035912 bytes,    1035912 total
: 2304K->1088K(2304K), 0.0052268 secs] 458347K->458009K(481948K), 0.0053031 secs] [Times: user=0.01 sys=0.00, real=0.01 secs] 
37.070: [GC 37.070: [ParNew
Desired survivor size 557056 bytes, new threshold 15 (max 15)
- age   1:     479128 bytes,     479128 total
: 2304K->1088K(2304K), 0.0043652 secs] 458420K->458215K(482332K), 0.0044514 secs] [Times: user=0.01 sys=0.00, real=0.01 secs] 
37.076: [GC 37.076: [ParNew
Desired survivor size 557056 bytes, new threshold 1 (max 15)
- age   1:     599600 bytes,     599600 total
- age   2:     474656 bytes,    1074256 total
: 2304K->1088K(2304K), 0.0027013 secs] 458909K->457698K(482332K), 0.0027692 secs] [Times: user=0.01 sys=0.00, real=0.00 secs] 
37.082: [GC 37.082: [ParNew
Desired survivor size 557056 bytes, new threshold 1 (max 15)
- age   1:     886208 bytes,     886208 total
: 2304K->1088K(2304K), 0.0049732 secs] 457964K->458139K(483100K), 0.0050539 secs] [Times: user=0.01 sys=0.01, real=0.01 secs] 
37.089: [GC 37.089: [ParNew
Desired survivor size 557056 bytes, new threshold 1 (max 15)
- age   1:     653224 bytes,     653224 total
: 2304K->1088K(2304K), 0.0039595 secs] 459063K->458755K(483292K), 0.0040360 secs] [Times: user=0.01 sys=0.00, real=0.00 secs] 
37.094: [GC 37.094: [ParNew
Desired survivor size 557056 bytes, new threshold 1 (max 15)
- age   1:     689048 bytes,     689048 total
: 2304K->879K(2304K), 0.0038433 secs] 459624K->458837K(483292K), 0.0039308 secs] [Times: user=0.01 sys=0.00, real=0.00 secs] 
37.100: [GC 37.100: [ParNew
Desired survivor size 557056 bytes, new threshold 15 (max 15)
- age   1:     440096 bytes,     440096 total
: 2095K->838K(2304K), 0.0033222 secs] 459358K->458774K(483484K), 0.0033951 secs] [Times: user=0.01 sys=0.00, real=0.00 secs] 
37.105: [GC 37.105: [ParNew
Desired survivor size 557056 bytes, new threshold 2 (max 15)
- age   1:     270416 bytes,     270416 total
- age   2:     440024 bytes,     710440 total
: 2054K->827K(2304K), 0.0023824 secs] 459469K->458242K(483484K), 0.0024458 secs] [Times: user=0.01 sys=0.00, real=0.00 secs] 
37.111: [GC 37.111: [ParNew
Desired survivor size 557056 bytes, new threshold 15 (max 15)
- age   1:     225536 bytes,     225536 total
- age   2:     270312 bytes,     495848 total
: 2043K->893K(2304K), 0.0029594 secs] 459003K->458283K(483484K), 0.0030634 secs] [Times: user=0.01 sys=0.00, real=0.00 secs] 
37.115: [GC 37.115: [ParNew
Desired survivor size 557056 bytes, new threshold 15 (max 15)
- age   1:        144 bytes,        144 total
- age   2:     225408 bytes,     225552 total
- age   3:     270272 bytes,     495824 total
: 2109K->661K(2304K), 0.0027293 secs] 459223K->457775K(483484K), 0.0028040 secs] [Times: user=0.00 sys=0.00, real=0.00 secs] 
37.120: [GC 37.120: [ParNew
Desired survivor size 557056 bytes, new threshold 3 (max 15)
- age   1:     429096 bytes,     429096 total
- age   2:         72 bytes,     429168 total
- age   3:     225408 bytes,     654576 total
- age   4:     270272 bytes,     924848 total
: 1877K->1063K(2304K), 0.0027331 secs] 458007K->457194K(483484K), 0.0028074 secs] [Times: user=0.01 sys=0.00, real=0.00 secs] 
37.124: [GC 37.124: [ParNew
Desired survivor size 557056 bytes, new threshold 2 (max 15)
- age   1:     218104 bytes,     218104 total
- age   2:     428968 bytes,     647072 total
: 2279K->929K(2304K), 0.0031004 secs] 457349K->456483K(483484K), 0.0031713 secs] [Times: user=0.01 sys=0.00, real=0.00 secs] 
37.131: [GC 37.131: [ParNew
Desired survivor size 557056 bytes, new threshold 15 (max 15)
- age   1:     104888 bytes,     104888 total
- age   2:     218032 bytes,     322920 total
: 2145K->659K(2304K), 0.0029614 secs] 456193K->455127K(483484K), 0.0030482 secs] [Times: user=0.01 sys=0.00, real=0.01 secs] 
37.136: [GC 37.136: [ParNew
Desired survivor size 557056 bytes, new threshold 3 (max 15)
- age   1:     401240 bytes,     401240 total
- age   2:      92560 bytes,     493800 total
- age   3:     218032 bytes,     711832 total
: 1875K->849K(2304K), 0.0025205 secs] 454710K->453684K(483484K), 0.0025966 secs] [Times: user=0.01 sys=0.00, real=0.00 secs] 
37.140: [GC 37.141: [ParNew
Desired survivor size 557056 bytes, new threshold 1 (max 15)
- age   1:     607392 bytes,     607392 total
- age   2:     315512 bytes,     922904 total
- age   3:      86584 bytes,    1009488 total
: 2065K->1088K(2304K), 0.0032021 secs] 453895K->453275K(483484K), 0.0032739 secs] [Times: user=0.01 sys=0.00, real=0.00 secs] 
37.145: [GC 37.145: [ParNew
Desired survivor size 557056 bytes, new threshold 1 (max 15)
- age   1:     561592 bytes,     561592 total
: 2304K->1088K(2304K), 0.0045754 secs] 453130K->452921K(483484K), 0.0046470 secs] [Times: user=0.01 sys=0.00, real=0.00 secs] 
37.152: [GC 37.152: [ParNew
Desired survivor size 557056 bytes, new threshold 1 (max 15)
- age   1:    1014680 bytes,    1014680 total
: 2304K->1088K(2304K), 0.0035371 secs] 452799K->452288K(483484K), 0.0036446 secs] [Times: user=0.01 sys=0.00, real=0.01 secs] 
37.157: [GC 37.157: [ParNew
Desired survivor size 557056 bytes, new threshold 1 (max 15)
- age   1:     946696 bytes,     946696 total
: 2304K->1088K(2304K), 0.0043682 secs] 451823K->451800K(483484K), 0.0044564 secs] [Times: user=0.02 sys=0.00, real=0.00 secs] 
37.166: [GC 37.166: [ParNew
Desired survivor size 557056 bytes, new threshold 1 (max 15)
- age   1:     844432 bytes,     844432 total
: 2304K->1088K(2304K), 0.0059589 secs] 449495K->449505K(483484K), 0.0060571 secs] [Times: user=0.01 sys=0.00, real=0.00 secs] 
37.174: [GC 37.174: [ParNew
Desired survivor size 557056 bytes, new threshold 1 (max 15)
- age   1:    1103432 bytes,    1103432 total
: 2304K->1088K(2304K), 0.0044429 secs] 449481K->449168K(483484K), 0.0045167 secs] [Times: user=0.02 sys=0.00, real=0.00 secs] 
37.182: [GC 37.182: [ParNew
Desired survivor size 557056 bytes, new threshold 1 (max 15)
- age   1:    1112696 bytes,    1112696 total
: 2304K->1088K(2304K), 0.0060593 secs] 447872K->447838K(483484K), 0.0061497 secs] [Times: user=0.02 sys=0.00, real=0.01 secs] 
37.191: [GC 37.191: [ParNew
Desired survivor size 557056 bytes, new threshold 1 (max 15)
- age   1:     866704 bytes,     866704 total
: 2304K->1088K(2304K), 0.0043397 secs] 446460K->446687K(483484K), 0.0044191 secs] [Times: user=0.01 sys=0.00, real=0.01 secs] 
37.197: [GC 37.197: [ParNew
Desired survivor size 557056 bytes, new threshold 1 (max 15)
- age   1:    1088144 bytes,    1088144 total
: 2304K->1088K(2304K), 0.0043650 secs] 446463K->446232K(483484K), 0.0044472 secs] [Times: user=0.01 sys=0.00, real=0.00 secs] 
37.203: [GC 37.203: [ParNew
Desired survivor size 557056 bytes, new threshold 1 (max 15)
- age   1:    1051696 bytes,    1051696 total
: 2304K->1088K(2304K), 0.0043115 secs] 446297K->446283K(483484K), 0.0043753 secs] [Times: user=0.01 sys=0.00, real=0.01 secs] 
37.209: [GC 37.209: [ParNew
Desired survivor size 557056 bytes, new threshold 1 (max 15)
- age   1:     978488 bytes,     978488 total
: 2304K->1088K(2304K), 0.0043585 secs] 445664K->445605K(483484K), 0.0044400 secs] [Times: user=0.01 sys=0.01, real=0.00 secs] 
37.219: [GC 37.219: [ParNew
Desired survivor size 557056 bytes, new threshold 1 (max 15)
- age   1:     941704 bytes,     941704 total
: 2304K->1088K(2304K), 0.0043162 secs] 443409K->443434K(483484K), 0.0044140 secs] [Times: user=0.01 sys=0.00, real=0.00 secs] 
37.225: [GC 37.225: [ParNew
Desired survivor size 557056 bytes, new threshold 1 (max 15)
- age   1:     876456 bytes,     876456 total
: 2304K->1088K(2304K), 0.0043560 secs] 443389K->443394K(483484K), 0.0044361 secs] [Times: user=0.01 sys=0.00, real=0.00 secs] 
37.232: [GC 37.232: [ParNew
Desired survivor size 557056 bytes, new threshold 1 (max 15)
- age   1:     966448 bytes,     966448 total
: 2304K->1088K(2304K), 0.0051085 secs] 442603K->442452K(483484K), 0.0051928 secs] [Times: user=0.01 sys=0.00, real=0.01 secs] 
37.238: [GC 37.238: [ParNew
Desired survivor size 557056 bytes, new threshold 1 (max 15)
- age   1:    1113184 bytes,    1113184 total
: 2304K->1088K(2304K), 0.0058788 secs] 442836K->442679K(483484K), 0.0059599 secs] [Times: user=0.02 sys=0.00, real=0.01 secs] 
37.245: [GC 37.245: [ParNew
Desired survivor size 557056 bytes, new threshold 1 (max 15)
- age   1:     928400 bytes,     928400 total
: 2304K->1088K(2304K), 0.0048844 secs] 442882K->442968K(483484K), 0.0049578 secs] [Times: user=0.01 sys=0.00, real=0.00 secs] 
37.252: [GC 37.252: [ParNew
Desired survivor size 557056 bytes, new threshold 1 (max 15)
- age   1:    1038768 bytes,    1038768 total
: 2304K->1088K(2304K), 0.0044783 secs] 442817K->442644K(483484K), 0.0045682 secs] [Times: user=0.01 sys=0.00, real=0.01 secs] 
37.258: [GC 37.258: [ParNew
Desired survivor size 557056 bytes, new threshold 1 (max 15)
- age   1:     746488 bytes,     746488 total
: 2304K->1088K(2304K), 0.0039885 secs] 442866K->442844K(483484K), 0.0040665 secs] [Times: user=0.01 sys=0.00, real=0.00 secs] 
37.264: [GC 37.264: [ParNew
Desired survivor size 557056 bytes, new threshold 1 (max 15)
- age   1:     620056 bytes,     620056 total
: 2304K->1088K(2304K), 0.0034270 secs] 443241K->442754K(483484K), 0.0034972 secs] [Times: user=0.01 sys=0.00, real=0.01 secs] 
37.270: [GC 37.270: [ParNew
Desired survivor size 557056 bytes, new threshold 1 (max 15)
- age   1:    1047184 bytes,    1047184 total
: 2304K->1088K(2304K), 0.0042801 secs] 442250K->441733K(483484K), 0.0043597 secs] [Times: user=0.01 sys=0.00, real=0.01 secs] 
37.277: [GC 37.277: [ParNew
Desired survivor size 557056 bytes, new threshold 1 (max 15)
- age   1:     563184 bytes,     563184 total
: 2304K->1088K(2304K), 0.0036867 secs] 441351K->441149K(483484K), 0.0037611 secs] [Times: user=0.01 sys=0.00, real=0.00 secs] 
37.282: [GC 37.282: [ParNew
Desired survivor size 557056 bytes, new threshold 15 (max 15)
- age   1:     261224 bytes,     261224 total
: 2304K->424K(2304K), 0.0037287 secs] 441353K->440023K(483484K), 0.0038028 secs] [Times: user=0.01 sys=0.01, real=0.01 secs] 
37.289: [GC 37.289: [ParNew
Desired survivor size 557056 bytes, new threshold 15 (max 15)
- age   1:     236920 bytes,     236920 total
- age   2:     262152 bytes,     499072 total
: 1640K->669K(2304K), 0.0023642 secs] 439420K->438449K(483484K), 0.0024295 secs] [Times: user=0.01 sys=0.00, real=0.00 secs] 
37.293: [GC 37.293: [ParNew
Desired survivor size 557056 bytes, new threshold 1 (max 15)
- age   1:     562472 bytes,     562472 total
- age   2:     236816 bytes,     799288 total
- age   3:     178280 bytes,     977568 total
: 1885K->1088K(2304K), 0.0026482 secs] 438231K->437519K(483484K), 0.0027129 secs] [Times: user=0.01 sys=0.00, real=0.01 secs] 
37.298: [GC 37.298: [ParNew
Desired survivor size 557056 bytes, new threshold 1 (max 15)
- age   1:     606808 bytes,     606808 total
: 2304K->1088K(2304K), 0.0038452 secs] 437193K->436931K(483484K), 0.0039206 secs] [Times: user=0.01 sys=0.00, real=0.00 secs] 
37.304: [GC 37.304: [ParNew
Desired survivor size 557056 bytes, new threshold 15 (max 15)
- age   1:     468352 bytes,     468352 total
: 2304K->643K(2304K), 0.0039701 secs] 436523K->435455K(483484K), 0.0040408 secs] [Times: user=0.01 sys=0.00, real=0.01 secs] 
37.309: [GC 37.310: [ParNew
Desired survivor size 557056 bytes, new threshold 1 (max 15)
- age   1:     844336 bytes,     844336 total
- age   2:     266672 bytes,    1111008 total
: 1859K->1088K(2304K), 0.0041835 secs] 435216K->434979K(483484K), 0.0042555 secs] [Times: user=0.02 sys=0.00, real=0.00 secs] 
37.315: [GC 37.315: [ParNew
Desired survivor size 557056 bytes, new threshold 15 (max 15)
- age   1:     266288 bytes,     266288 total
: 2304K->926K(2304K), 0.0035094 secs] 435140K->434847K(483484K), 0.0035903 secs] [Times: user=0.01 sys=0.00, real=0.00 secs] 
37.320: [GC 37.320: [ParNew
Desired survivor size 557056 bytes, new threshold 1 (max 15)
- age   1:     628744 bytes,     628744 total
- age   2:     266160 bytes,     894904 total
: 2142K->963K(2304K), 0.0036181 secs] 435203K->434025K(483484K), 0.0036987 secs] [Times: user=0.01 sys=0.00, real=0.01 secs] 
37.326: [GC 37.326: [ParNew
Desired survivor size 557056 bytes, new threshold 15 (max 15)
- age   1:     253560 bytes,     253560 total
: 2179K->729K(2304K), 0.0032665 secs] 434385K->433808K(483484K), 0.0033407 secs] [Times: user=0.01 sys=0.00, real=0.00 secs] 
37.330: [GC 37.330: [ParNew
Desired survivor size 557056 bytes, new threshold 2 (max 15)
- age   1:     461496 bytes,     461496 total
- age   2:     253360 bytes,     714856 total
: 1945K->812K(2304K), 0.0031626 secs] 434858K->433725K(483484K), 0.0032318 secs] [Times: user=0.00 sys=0.00, real=0.00 secs] 
37.336: [GC 37.336: [ParNew
Desired survivor size 557056 bytes, new threshold 1 (max 15)
- age   1:     677176 bytes,     677176 total
- age   2:     417424 bytes,    1094600 total
: 2028K->1088K(2304K), 0.0055415 secs] 433128K->433024K(483484K), 0.0056514 secs] [Times: user=0.02 sys=0.00, real=0.00 secs] 
37.344: [GC 37.344: [ParNew
Desired survivor size 557056 bytes, new threshold 1 (max 15)
- age   1:     705296 bytes,     705296 total
: 2304K->932K(2304K), 0.0043314 secs] 432481K->432180K(483484K), 0.0044393 secs] [Times: user=0.02 sys=0.00, real=0.00 secs] 
37.352: [GC 37.352: [ParNew
Desired survivor size 557056 bytes, new threshold 15 (max 15)
- age   1:     432952 bytes,     432952 total
: 2148K->749K(2304K), 0.0036141 secs] 431681K->430971K(483484K), 0.0036863 secs] [Times: user=0.01 sys=0.00, real=0.01 secs] 
37.357: [GC 37.357: [ParNew
Desired survivor size 557056 bytes, new threshold 1 (max 15)
- age   1:     684816 bytes,     684816 total
- age   2:     398224 bytes,    1083040 total
: 1965K->1088K(2304K), 0.0028859 secs] 431215K->430417K(483484K), 0.0029566 secs] [Times: user=0.01 sys=0.00, real=0.00 secs] 
37.362: [GC 37.362: [ParNew
Desired survivor size 557056 bytes, new threshold 1 (max 15)
- age   1:     846216 bytes,     846216 total
: 2303K->1088K(2304K), 0.0047246 secs] 430305K->430525K(483484K), 0.0048053 secs] [Times: user=0.02 sys=0.00, real=0.01 secs] 
37.370: [GC 37.370: [ParNew
Desired survivor size 557056 bytes, new threshold 1 (max 15)
- age   1:     963920 bytes,     963920 total
: 2304K->1088K(2304K), 0.0056079 secs] 429895K->429753K(483484K), 0.0056853 secs] [Times: user=0.02 sys=0.00, real=0.01 secs] 
37.377: [GC 37.377: [ParNew
Desired survivor size 557056 bytes, new threshold 15 (max 15)
- age   1:     550648 bytes,     550648 total
: 2304K->915K(2304K), 0.0039100 secs] 429670K->429223K(483484K), 0.0039816 secs] [Times: user=0.01 sys=0.00, real=0.00 secs] 
37.383: [GC 37.383: [ParNew
Desired survivor size 557056 bytes, new threshold 1 (max 15)
- age   1:     728864 bytes,     728864 total
- age   2:     381080 bytes,    1109944 total
: 2131K->1088K(2304K), 0.0044955 secs] 428960K->428534K(483484K), 0.0045655 secs] [Times: user=0.01 sys=0.00, real=0.01 secs] 
37.389: [GC 37.389: [ParNew
Desired survivor size 557056 bytes, new threshold 1 (max 15)
- age   1:     726880 bytes,     726880 total
: 2304K->1088K(2304K), 0.0039166 secs] 428172K->428040K(483484K), 0.0039908 secs] [Times: user=0.01 sys=0.00, real=0.00 secs] 
37.395: [GC 37.395: [ParNew
Desired survivor size 557056 bytes, new threshold 1 (max 15)
- age   1:     686520 bytes,     686520 total
: 2304K->953K(2304K), 0.0033337 secs] 428306K->427665K(483484K), 0.0034024 secs] [Times: user=0.01 sys=0.00, real=0.00 secs] 
37.400: [GC 37.400: [ParNew
Desired survivor size 557056 bytes, new threshold 1 (max 15)
- age   1:     992744 bytes,     992744 total
: 2169K->1088K(2304K), 0.0046988 secs] 428018K->427841K(483484K), 0.0047733 secs] [Times: user=0.02 sys=0.00, real=0.01 secs] 
37.406: [GC 37.406: [ParNew
Desired survivor size 557056 bytes, new threshold 1 (max 15)
- age   1:    1026096 bytes,    1026096 total
: 2304K->1088K(2304K), 0.0043168 secs] 428126K->428017K(483484K), 0.0044017 secs] [Times: user=0.02 sys=0.00, real=0.00 secs] 
37.412: [GC 37.412: [ParNew
Desired survivor size 557056 bytes, new threshold 15 (max 15)
- age   1:     475608 bytes,     475608 total
: 2304K->946K(2304K), 0.0038985 secs] 428071K->427716K(483484K), 0.0039768 secs] [Times: user=0.01 sys=0.00, real=0.01 secs] 
37.419: [GC 37.419: [ParNew
Desired survivor size 557056 bytes, new threshold 2 (max 15)
- age   1:     459384 bytes,     459384 total
- age   2:     475568 bytes,     934952 total
: 2162K->1088K(2304K), 0.0034584 secs] 427636K->426562K(483484K), 0.0035344 secs] [Times: user=0.01 sys=0.01, real=0.00 secs] 
37.424: [GC 37.424: [ParNew
Desired survivor size 557056 bytes, new threshold 2 (max 15)
- age   1:     528792 bytes,     528792 total
- age   2:     458128 bytes,     986920 total
: 2304K->1088K(2304K), 0.0034484 secs] 426421K->425741K(483484K), 0.0035221 secs] [Times: user=0.01 sys=0.00, real=0.00 secs] 
37.430: [GC 37.430: [ParNew
Desired survivor size 557056 bytes, new threshold 2 (max 15)
- age   1:     452544 bytes,     452544 total
- age   2:     528760 bytes,     981304 total
: 2304K->1088K(2304K), 0.0039907 secs] 425732K->425169K(483484K), 0.0040621 secs] [Times: user=0.01 sys=0.00, real=0.00 secs] 
37.435: [GC 37.435: [ParNew
Desired survivor size 557056 bytes, new threshold 1 (max 15)
- age   1:     632536 bytes,     632536 total
- age   2:     432464 bytes,    1065000 total
: 2304K->1088K(2304K), 0.0042671 secs] 425308K->424685K(483484K), 0.0043853 secs] [Times: user=0.01 sys=0.00, real=0.00 secs] 
37.441: [GC 37.441: [ParNew
Desired survivor size 557056 bytes, new threshold 1 (max 15)
- age   1:     948584 bytes,     948584 total
: 2304K->1088K(2304K), 0.0052330 secs] 425001K->425081K(483484K), 0.0053165 secs] [Times: user=0.02 sys=0.00, real=0.01 secs] 
37.448: [GC 37.448: [ParNew
Desired survivor size 557056 bytes, new threshold 1 (max 15)
- age   1:     900696 bytes,     900696 total
: 2304K->1088K(2304K), 0.0038646 secs] 425302K->425024K(483484K), 0.0039402 secs] [Times: user=0.01 sys=0.00, real=0.00 secs] 
37.453: [GC 37.453: [ParNew
Desired survivor size 557056 bytes, new threshold 1 (max 15)
- age   1:     880280 bytes,     880280 total
: 2304K->1088K(2304K), 0.0053918 secs] 425077K->424997K(483484K), 0.0054704 secs] [Times: user=0.01 sys=0.00, real=0.01 secs] 
37.460: [GC 37.460: [ParNew
Desired survivor size 557056 bytes, new threshold 1 (max 15)
- age   1:    1025272 bytes,    1025272 total
: 2304K->1086K(2304K), 0.0043713 secs] 424886K->424660K(483484K), 0.0044464 secs] [Times: user=0.01 sys=0.00, real=0.01 secs] 
37.466: [GC 37.466: [ParNew
Desired survivor size 557056 bytes, new threshold 1 (max 15)
- age   1:    1007776 bytes,    1007776 total
: 2302K->1088K(2304K), 0.0047084 secs] 424685K->424626K(483484K), 0.0047977 secs] [Times: user=0.01 sys=0.00, real=0.00 secs] 
37.473: [GC 37.473: [ParNew
Desired survivor size 557056 bytes, new threshold 1 (max 15)
- age   1:     831640 bytes,     831640 total
: 2304K->1088K(2304K), 0.0044501 secs] 424049K->424146K(483484K), 0.0045404 secs] [Times: user=0.01 sys=0.00, real=0.01 secs] 
37.479: [GC 37.479: [ParNew
Desired survivor size 557056 bytes, new threshold 1 (max 15)
- age   1:     668568 bytes,     668568 total
: 2304K->1067K(2304K), 0.0035894 secs] 424311K->423967K(483484K), 0.0036656 secs] [Times: user=0.01 sys=0.00, real=0.00 secs] 
37.488: [GC 37.488: [ParNew
Desired survivor size 557056 bytes, new threshold 1 (max 15)
- age   1:    1053064 bytes,    1053064 total
: 2283K->1088K(2304K), 0.0055080 secs] 422002K->421563K(483484K), 0.0055890 secs] [Times: user=0.02 sys=0.00, real=0.00 secs] 
37.496: [GC 37.496: [ParNew
Desired survivor size 557056 bytes, new threshold 1 (max 15)
- age   1:    1113800 bytes,    1113800 total
: 2304K->1088K(2304K), 0.0044524 secs] 420232K->420147K(483484K), 0.0045310 secs] [Times: user=0.02 sys=0.01, real=0.00 secs] 
37.504: [GC 37.504: [ParNew
Desired survivor size 557056 bytes, new threshold 1 (max 15)
- age   1:     844216 bytes,     844216 total
: 2304K->1088K(2304K), 0.0055259 secs] 418894K->419095K(483484K), 0.0056022 secs] [Times: user=0.02 sys=0.00, real=0.01 secs] 
37.511: [GC 37.511: [ParNew
Desired survivor size 557056 bytes, new threshold 1 (max 15)
- age   1:     568408 bytes,     568408 total
: 2304K->1088K(2304K), 0.0034852 secs] 418671K->418280K(483484K), 0.0035631 secs] [Times: user=0.02 sys=0.00, real=0.01 secs] 
37.516: [GC 37.516: [ParNew
Desired survivor size 557056 bytes, new threshold 1 (max 15)
- age   1:     697080 bytes,     697080 total
: 2304K->963K(2304K), 0.0031165 secs] 418264K->417479K(483484K), 0.0031961 secs] [Times: user=0.01 sys=0.00, real=0.00 secs] 
37.522: [GC 37.522: [ParNew
Desired survivor size 557056 bytes, new threshold 1 (max 15)
- age   1:    1111616 bytes,    1111616 total
: 2179K->1088K(2304K), 0.0036247 secs] 416661K->416368K(483484K), 0.0037040 secs] [Times: user=0.01 sys=0.00, real=0.01 secs] 
37.528: [GC 37.528: [ParNew
Desired survivor size 557056 bytes, new threshold 1 (max 15)
- age   1:     926064 bytes,     926064 total
: 2304K->1088K(2304K), 0.0046171 secs] 415324K->415498K(483484K), 0.0046896 secs] [Times: user=0.02 sys=0.00, real=0.00 secs] 
37.538: [GC 37.538: [ParNew
Desired survivor size 557056 bytes, new threshold 1 (max 15)
- age   1:     961360 bytes,     961360 total
: 2304K->1088K(2304K), 0.0060183 secs] 411928K->411884K(483484K), 0.0061280 secs] [Times: user=0.02 sys=0.00, real=0.00 secs] 
37.546: [GC 37.546: [ParNew
Desired survivor size 557056 bytes, new threshold 1 (max 15)
- age   1:    1059312 bytes,    1059312 total
: 2304K->1088K(2304K), 0.0041881 secs] 411240K->410990K(483484K), 0.0042707 secs] [Times: user=0.01 sys=0.00, real=0.00 secs] 
37.552: [GC 37.552: [ParNew
Desired survivor size 557056 bytes, new threshold 15 (max 15)
- age   1:         80 bytes,         80 total
: 2304K->504K(2304K), 0.0033261 secs] 411062K->410297K(483484K), 0.0034027 secs] [Times: user=0.01 sys=0.00, real=0.01 secs] 
37.557: [GC 37.557: [ParNew
Desired survivor size 557056 bytes, new threshold 1 (max 15)
- age   1:     630912 bytes,     630912 total
- age   2:         40 bytes,     630952 total
: 1720K->757K(2304K), 0.0028472 secs] 410202K->409238K(483484K), 0.0029200 secs] [Times: user=0.01 sys=0.00, real=0.00 secs] 
37.561: [GC 37.561: [ParNew
Desired survivor size 557056 bytes, new threshold 1 (max 15)
- age   1:     846232 bytes,     846232 total
: 1973K->1050K(2304K), 0.0039796 secs] 409324K->409018K(483484K), 0.0040496 secs] [Times: user=0.01 sys=0.00, real=0.01 secs] 
37.569: [GC 37.569: [ParNew
Desired survivor size 557056 bytes, new threshold 1 (max 15)
- age   1:     818792 bytes,     818792 total
: 2266K->1088K(2304K), 0.0048430 secs] 408081K->408119K(483484K), 0.0049345 secs] [Times: user=0.02 sys=0.01, real=0.01 secs] 
37.576: [GC 37.576: [ParNew
Desired survivor size 557056 bytes, new threshold 1 (max 15)
- age   1:     925552 bytes,     925552 total
: 2304K->1088K(2304K), 0.0042188 secs] 408144K->407978K(483484K), 0.0042914 secs] [Times: user=0.01 sys=0.00, real=0.00 secs] 
37.581: [GC 37.581: [ParNew
Desired survivor size 557056 bytes, new threshold 1 (max 15)
- age   1:     733192 bytes,     733192 total
: 2304K->1088K(2304K), 0.0041558 secs] 408488K->408207K(483484K), 0.0042264 secs] [Times: user=0.01 sys=0.00, real=0.01 secs] 
37.588: [GC 37.588: [ParNew
Desired survivor size 557056 bytes, new threshold 1 (max 15)
- age   1:     773280 bytes,     773280 total
: 2304K->1088K(2304K), 0.0041994 secs] 408542K->408042K(483484K), 0.0042941 secs] [Times: user=0.01 sys=0.00, real=0.00 secs] 
37.595: [GC 37.595: [ParNew
Desired survivor size 557056 bytes, new threshold 1 (max 15)
- age   1:    1001360 bytes,    1001360 total
: 2304K->1088K(2304K), 0.0043263 secs] 407647K->407318K(483484K), 0.0044071 secs] [Times: user=0.02 sys=0.00, real=0.00 secs] 
37.600: [GC 37.600: [ParNew
Desired survivor size 557056 bytes, new threshold 15 (max 15)
- age   1:     234064 bytes,     234064 total
: 2304K->922K(2304K), 0.0033125 secs] 407870K->407466K(483484K), 0.0033847 secs] [Times: user=0.02 sys=0.00, real=0.00 secs] 
37.607: [GC 37.607: [ParNew
Desired survivor size 557056 bytes, new threshold 2 (max 15)
- age   1:     538136 bytes,     538136 total
- age   2:     233864 bytes,     772000 total
: 2138K->871K(2304K), 0.0028759 secs] 408068K->406801K(483484K), 0.0029750 secs] [Times: user=0.01 sys=0.00, real=0.00 secs] 
37.612: [GC 37.612: [ParNew
Desired survivor size 557056 bytes, new threshold 1 (max 15)
- age   1:     558032 bytes,     558032 total
- age   2:     508920 bytes,    1066952 total
: 2087K->1088K(2304K), 0.0042788 secs] 406808K->406089K(483484K), 0.0043607 secs] [Times: user=0.02 sys=0.00, real=0.01 secs] 
37.617: [GC 37.617: [ParNew
Desired survivor size 557056 bytes, new threshold 1 (max 15)
- age   1:     738208 bytes,     738208 total
: 2304K->1088K(2304K), 0.0039442 secs] 406698K->406530K(483484K), 0.0040228 secs] [Times: user=0.01 sys=0.00, real=0.00 secs] 
37.623: [GC 37.623: [ParNew
Desired survivor size 557056 bytes, new threshold 15 (max 15)
- age   1:     240952 bytes,     240952 total
: 2304K->775K(2304K), 0.0031136 secs] 407055K->406247K(483484K), 0.0031910 secs] [Times: user=0.01 sys=0.00, real=0.01 secs] 
37.628: [GC 37.628: [ParNew
Desired survivor size 557056 bytes, new threshold 2 (max 15)
- age   1:     409944 bytes,     409944 total
- age   2:     240920 bytes,     650864 total
: 1991K->757K(2304K), 0.0026797 secs] 406590K->405357K(483484K), 0.0027929 secs] [Times: user=0.01 sys=0.00, real=0.00 secs] 
37.632: [GC 37.633: [ParNew
Desired survivor size 557056 bytes, new threshold 15 (max 15)
- age   1:        272 bytes,        272 total
- age   2:     409872 bytes,     410144 total
: 1973K->809K(2304K), 0.0025887 secs] 405732K->404803K(483484K), 0.0026543 secs] [Times: user=0.00 sys=0.00, real=0.01 secs] 
37.637: [GC 37.637: [ParNew
Desired survivor size 557056 bytes, new threshold 3 (max 15)
- age   1:     238792 bytes,     238792 total
- age   2:        128 bytes,     238920 total
- age   3:     409872 bytes,     648792 total
: 2025K->855K(2304K), 0.0024780 secs] 405445K->404275K(483484K), 0.0025436 secs] [Times: user=0.01 sys=0.00, real=0.00 secs] 
37.641: [GC 37.641: [ParNew
Desired survivor size 557056 bytes, new threshold 2 (max 15)
- age   1:     502856 bytes,     502856 total
- age   2:     238712 bytes,     741568 total
- age   3:        128 bytes,     741696 total
: 2071K->1088K(2304K), 0.0034219 secs] 405026K->404443K(483484K), 0.0035170 secs] [Times: user=0.01 sys=0.00, real=0.01 secs] 
37.646: [GC 37.646: [ParNew
Desired survivor size 557056 bytes, new threshold 1 (max 15)
- age   1:     761528 bytes,     761528 total
- age   2:     351840 bytes,    1113368 total
: 2304K->1088K(2304K), 0.0041106 secs] 404973K->404543K(483484K), 0.0041945 secs] [Times: user=0.01 sys=0.00, real=0.00 secs] 
37.651: [CMS-concurrent-sweep: 0.320/1.102 secs] [Times: user=3.25 sys=0.17, real=1.10 secs] 
37.652: [CMS-concurrent-reset-start]
37.652: [GC 37.652: [ParNew
Desired survivor size 557056 bytes, new threshold 1 (max 15)
- age   1:    1076856 bytes,    1076856 total
: 2304K->1088K(2304K), 0.0044092 secs] 404323K->404304K(672340K), 0.0044886 secs] [Times: user=0.01 sys=0.00, real=0.01 secs] 
37.659: [GC 37.659: [ParNew
Desired survivor size 557056 bytes, new threshold 1 (max 15)
- age   1:     972128 bytes,     972128 total
: 2304K->1088K(2304K), 0.0056198 secs] 405520K->405542K(672340K), 0.0057082 secs] [Times: user=0.01 sys=0.00, real=0.01 secs] 
37.666: [GC 37.666: [ParNew
Desired survivor size 557056 bytes, new threshold 1 (max 15)
- age   1:     647264 bytes,     647264 total
: 2304K->1088K(2304K), 0.0039031 secs] 406758K->406526K(672340K), 0.0039841 secs] [Times: user=0.01 sys=0.00, real=0.00 secs] 
37.671: [CMS-concurrent-reset: 0.004/0.019 secs] [Times: user=0.05 sys=0.00, real=0.02 secs] 
37.672: [GC 37.672: [ParNew
Desired survivor size 557056 bytes, new threshold 15 (max 15)
- age   1:     544784 bytes,     544784 total
: 2304K->839K(2304K), 0.0043605 secs] 407742K->406909K(672340K), 0.0044441 secs] [Times: user=0.01 sys=0.00, real=0.01 secs] 
37.678: [GC [1 CMS-initial-mark: 406070K(670036K)] 406941K(672340K), 0.0010288 secs] [Times: user=0.00 sys=0.00, real=0.00 secs] 
37.679: [CMS-concurrent-mark-start]
37.681: [GC 37.681: [ParNew
Desired survivor size 557056 bytes, new threshold 2 (max 15)
- age   1:     510008 bytes,     510008 total
- age   2:     466864 bytes,     976872 total
: 2055K->1088K(2304K), 0.0041149 secs] 408125K->407234K(672340K), 0.0041799 secs] [Times: user=0.02 sys=0.00, real=0.01 secs] 
37.689: [GC 37.689: [ParNew
Desired survivor size 557056 bytes, new threshold 1 (max 15)
- age   1:     705000 bytes,     705000 total
- age   2:     407568 bytes,    1112568 total
: 2304K->1088K(2304K), 0.0055545 secs] 408450K->408198K(672340K), 0.0056351 secs] [Times: user=0.01 sys=0.00, real=0.01 secs] 
37.697: [GC 37.697: [ParNew
Desired survivor size 557056 bytes, new threshold 1 (max 15)
- age   1:     966216 bytes,     966216 total
: 2304K->1088K(2304K), 0.0046491 secs] 409414K->409517K(672340K), 0.0047233 secs] [Times: user=0.02 sys=0.00, real=0.00 secs] 
37.704: [GC 37.704: [ParNew
Desired survivor size 557056 bytes, new threshold 1 (max 15)
- age   1:     924560 bytes,     924560 total
: 2304K->1088K(2304K), 0.0048920 secs] 410733K->410594K(672340K), 0.0049684 secs] [Times: user=0.02 sys=0.01, real=0.00 secs] 
37.711: [GC 37.711: [ParNew
Desired survivor size 557056 bytes, new threshold 1 (max 15)
- age   1:     593928 bytes,     593928 total
: 2304K->1088K(2304K), 0.0041208 secs] 411810K->411497K(672340K), 0.0042271 secs] [Times: user=0.02 sys=0.00, real=0.01 secs] 
37.717: [GC 37.717: [ParNew
Desired survivor size 557056 bytes, new threshold 15 (max 15)
- age   1:     427072 bytes,     427072 total
: 2304K->670K(2304K), 0.0036381 secs] 412713K->411660K(672340K), 0.0037108 secs] [Times: user=0.01 sys=0.00, real=0.00 secs] 
37.723: [GC 37.723: [ParNew
Desired survivor size 557056 bytes, new threshold 1 (max 15)
- age   1:     623608 bytes,     623608 total
- age   2:     427072 bytes,    1050680 total
: 1886K->1088K(2304K), 0.0026043 secs] 412876K->412077K(672340K), 0.0026762 secs] [Times: user=0.01 sys=0.00, real=0.01 secs] 
37.728: [GC 37.728: [ParNew
Desired survivor size 557056 bytes, new threshold 1 (max 15)
- age   1:     974040 bytes,     974040 total
: 2304K->1088K(2304K), 0.0045681 secs] 413293K->413294K(672340K), 0.0046567 secs] [Times: user=0.02 sys=0.00, real=0.00 secs] 
37.735: [GC 37.735: [ParNew
Desired survivor size 557056 bytes, new threshold 1 (max 15)
- age   1:    1007896 bytes,    1007896 total
: 2304K->1088K(2304K), 0.0054098 secs] 414510K->414469K(672340K), 0.0055033 secs] [Times: user=0.01 sys=0.00, real=0.00 secs] 
37.744: [GC 37.744: [ParNew
Desired survivor size 557056 bytes, new threshold 15 (max 15)
- age   1:     494120 bytes,     494120 total
: 2304K->1088K(2304K), 0.0039027 secs] 415685K->415453K(672340K), 0.0040010 secs] [Times: user=0.02 sys=0.00, real=0.00 secs] 
37.750: [GC 37.750: [ParNew
Desired survivor size 557056 bytes, new threshold 1 (max 15)
- age   1:     816552 bytes,     816552 total
- age   2:     291904 bytes,    1108456 total
: 2304K->1088K(2304K), 0.0040614 secs] 416669K->416000K(672340K), 0.0041390 secs] [Times: user=0.01 sys=0.00, real=0.01 secs] 
37.758: [GC 37.758: [ParNew
Desired survivor size 557056 bytes, new threshold 1 (max 15)
- age   1:    1012944 bytes,    1012944 total
: 2304K->1088K(2304K), 0.0055476 secs] 417216K->417239K(672340K), 0.0056566 secs] [Times: user=0.02 sys=0.00, real=0.00 secs] 
37.765: [GC 37.765: [ParNew
Desired survivor size 557056 bytes, new threshold 1 (max 15)
- age   1:     600656 bytes,     600656 total
: 2304K->1088K(2304K), 0.0038991 secs] 418455K->418299K(672340K), 0.0039702 secs] [Times: user=0.02 sys=0.00, real=0.00 secs] 
37.771: [GC 37.771: [ParNew
Desired survivor size 557056 bytes, new threshold 1 (max 15)
- age   1:     731200 bytes,     731200 total
: 2304K->925K(2304K), 0.0032060 secs] 419515K->418724K(672340K), 0.0032764 secs] [Times: user=0.01 sys=0.00, real=0.01 secs] 
37.777: [GC 37.777: [ParNew
Desired survivor size 557056 bytes, new threshold 1 (max 15)
- age   1:     899976 bytes,     899976 total
: 2141K->1088K(2304K), 0.0043828 secs] 419940K->419865K(672340K), 0.0044695 secs] [Times: user=0.01 sys=0.00, real=0.00 secs] 
37.783: [GC 37.783: [ParNew
Desired survivor size 557056 bytes, new threshold 15 (max 15)
- age   1:     377280 bytes,     377280 total
: 2304K->1027K(2304K), 0.0042923 secs] 421081K->420684K(672340K), 0.0043712 secs] [Times: user=0.01 sys=0.00, real=0.01 secs] 
37.789: [GC 37.789: [ParNew
Desired survivor size 557056 bytes, new threshold 2 (max 15)
- age   1:     391888 bytes,     391888 total
- age   2:     377248 bytes,     769136 total
: 2243K->892K(2304K), 0.0029429 secs] 421900K->420549K(672340K), 0.0030057 secs] [Times: user=0.01 sys=0.00, real=0.00 secs] 
37.795: [GC 37.795: [ParNew
Desired survivor size 557056 bytes, new threshold 15 (max 15)
- age   1:      98936 bytes,      98936 total
- age   2:     391816 bytes,     490752 total
: 2108K->797K(2304K), 0.0030640 secs] 421765K->420822K(672340K), 0.0031615 secs] [Times: user=0.01 sys=0.00, real=0.00 secs] 
37.799: [GC 37.800: [ParNew
Desired survivor size 557056 bytes, new threshold 2 (max 15)
- age   1:     523744 bytes,     523744 total
- age   2:      66840 bytes,     590584 total
- age   3:     389064 bytes,     979648 total
: 2013K->1088K(2304K), 0.0036614 secs] 422038K->421225K(672340K), 0.0037333 secs] [Times: user=0.01 sys=0.00, real=0.00 secs] 
37.806: [GC 37.807: [ParNew
Desired survivor size 557056 bytes, new threshold 2 (max 15)
- age   1:     471608 bytes,     471608 total
- age   2:     523616 bytes,     995224 total
: 2304K->1088K(2304K), 0.0035753 secs] 422441K->421670K(672340K), 0.0036548 secs] [Times: user=0.01 sys=0.00, real=0.00 secs] 
37.812: [GC 37.812: [ParNew
Desired survivor size 557056 bytes, new threshold 2 (max 15)
- age   1:     553032 bytes,     553032 total
- age   2:     471608 bytes,    1024640 total
: 2304K->1088K(2304K), 0.0034383 secs] 422886K->422224K(672340K), 0.0035152 secs] [Times: user=0.01 sys=0.00, real=0.01 secs] 
37.817: [GC 37.817: [ParNew
Desired survivor size 557056 bytes, new threshold 2 (max 15)
- age   1:       8432 bytes,       8432 total
- age   2:     552960 bytes,     561392 total
: 2304K->985K(2304K), 0.0029179 secs] 423440K->422582K(672340K), 0.0029935 secs] [Times: user=0.01 sys=0.00, real=0.00 secs] 
37.821: [GC 37.821: [ParNew
Desired survivor size 557056 bytes, new threshold 1 (max 15)
- age   1:     762800 bytes,     762800 total
- age   2:       8360 bytes,     771160 total
: 2201K->838K(2304K), 0.0040982 secs] 423798K->422975K(672340K), 0.0041707 secs] [Times: user=0.01 sys=0.00, real=0.01 secs] 
37.827: [GC 37.827: [ParNew
Desired survivor size 557056 bytes, new threshold 15 (max 15)
- age   1:     273264 bytes,     273264 total
: 2054K->697K(2304K), 0.0030468 secs] 424191K->423587K(672340K), 0.0031157 secs] [Times: user=0.01 sys=0.00, real=0.00 secs] 
37.831: [GC 37.831: [ParNew
Desired survivor size 557056 bytes, new threshold 1 (max 15)
- age   1:     803128 bytes,     803128 total
- age   2:     273264 bytes,    1076392 total
: 1913K->1088K(2304K), 0.0035194 secs] 424803K->423993K(672340K), 0.0035851 secs] [Times: user=0.01 sys=0.00, real=0.01 secs] 
37.836: [GC 37.836: [ParNew
Desired survivor size 557056 bytes, new threshold 15 (max 15)
- age   1:      57840 bytes,      57840 total
: 2304K->629K(2304K), 0.0035301 secs] 425209K->424586K(672340K), 0.0036020 secs] [Times: user=0.02 sys=0.01, real=0.00 secs] 
37.842: [GC 37.842: [ParNew
Desired survivor size 557056 bytes, new threshold 1 (max 15)
- age   1:    1061872 bytes,    1061872 total
- age   2:      45584 bytes,    1107456 total
: 1845K->1088K(2304K), 0.0031365 secs] 425802K->425196K(672340K), 0.0032148 secs] [Times: user=0.01 sys=0.00, real=0.01 secs] 
37.850: [GC 37.850: [ParNew
Desired survivor size 557056 bytes, new threshold 1 (max 15)
- age   1:    1059824 bytes,    1059824 total
: 2304K->1088K(2304K), 0.0046702 secs] 426412K->426401K(672340K), 0.0047496 secs] [Times: user=0.02 sys=0.00, real=0.01 secs] 
37.857: [GC 37.857: [ParNew
Desired survivor size 557056 bytes, new threshold 15 (max 15)
- age   1:     369880 bytes,     369880 total
: 2304K->992K(2304K), 0.0043080 secs] 427617K->427300K(672340K), 0.0043877 secs] [Times: user=0.01 sys=0.00, real=0.00 secs] 
37.863: [GC 37.863: [ParNew
Desired survivor size 557056 bytes, new threshold 15 (max 15)
- age   1:        112 bytes,        112 total
- age   2:     369752 bytes,     369864 total
: 2208K->507K(2304K), 0.0027078 secs] 428516K->426815K(672340K), 0.0027745 secs] [Times: user=0.00 sys=0.00, real=0.01 secs] 
37.867: [GC 37.867: [ParNew
Desired survivor size 557056 bytes, new threshold 3 (max 15)
- age   1:     352648 bytes,     352648 total
- age   2:         72 bytes,     352720 total
- age   3:     369712 bytes,     722432 total
: 1723K->952K(2304K), 0.0023493 secs] 428031K->427261K(672340K), 0.0024103 secs] [Times: user=0.00 sys=0.00, real=0.00 secs] 
37.871: [GC 37.871: [ParNew
Desired survivor size 557056 bytes, new threshold 1 (max 15)
- age   1:     600304 bytes,     600304 total
- age   2:     352520 bytes,     952824 total
- age   3:         72 bytes,     952896 total
: 2168K->1088K(2304K), 0.0029700 secs] 428477K->427757K(672340K), 0.0030487 secs] [Times: user=0.01 sys=0.00, real=0.01 secs] 
37.876: [GC 37.876: [ParNew
Desired survivor size 557056 bytes, new threshold 1 (max 15)
- age   1:     658040 bytes,     658040 total
: 2304K->1088K(2304K), 0.0038008 secs] 428973K->428688K(672340K), 0.0039204 secs] [Times: user=0.01 sys=0.00, real=0.00 secs] 
37.883: [GC 37.883: [ParNew
Desired survivor size 557056 bytes, new threshold 1 (max 15)
- age   1:    1111696 bytes,    1111696 total
: 2304K->1088K(2304K), 0.0037280 secs] 429904K->429454K(672340K), 0.0038055 secs] [Times: user=0.01 sys=0.00, real=0.01 secs] 
37.889: [GC 37.889: [ParNew
Desired survivor size 557056 bytes, new threshold 1 (max 15)
- age   1:     563672 bytes,     563672 total
: 2304K->1088K(2304K), 0.0039345 secs] 430670K->430599K(672340K), 0.0040129 secs] [Times: user=0.01 sys=0.00, real=0.00 secs] 
37.894: [GC 37.894: [ParNew
Desired survivor size 557056 bytes, new threshold 15 (max 15)
- age   1:     219600 bytes,     219600 total
: 2304K->547K(2304K), 0.0027579 secs] 431815K->430609K(672340K), 0.0028281 secs] [Times: user=0.01 sys=0.00, real=0.00 secs] 
37.899: [GC 37.899: [ParNew
Desired survivor size 557056 bytes, new threshold 15 (max 15)
- age   1:      18712 bytes,      18712 total
- age   2:     219560 bytes,     238272 total
: 1763K->326K(2304K), 0.0020548 secs] 431825K->430388K(672340K), 0.0021122 secs] [Times: user=0.00 sys=0.00, real=0.00 secs] 
37.905: [GC 37.905: [ParNew
Desired survivor size 557056 bytes, new threshold 15 (max 15)
- age   1:     180928 bytes,     180928 total
- age   2:      18680 bytes,     199608 total
- age   3:     219560 bytes,     419168 total
: 1542K->532K(2304K), 0.0025618 secs] 431604K->430595K(672340K), 0.0026562 secs] [Times: user=0.01 sys=0.01, real=0.00 secs] 
37.910: [GC 37.910: [ParNew
Desired survivor size 557056 bytes, new threshold 1 (max 15)
- age   1:     699912 bytes,     699912 total
- age   2:     179736 bytes,     879648 total
- age   3:      10680 bytes,     890328 total
- age   4:     219560 bytes,    1109888 total
: 1748K->1088K(2304K), 0.0029646 secs] 431811K->431310K(672340K), 0.0030413 secs] [Times: user=0.01 sys=0.00, real=0.00 secs] 
37.915: [GC 37.915: [ParNew
Desired survivor size 557056 bytes, new threshold 15 (max 15)
- age   1:      77288 bytes,      77288 total
: 2304K->863K(2304K), 0.0057712 secs] 432526K->432170K(672340K), 0.0058561 secs] [Times: user=0.02 sys=0.00, real=0.00 secs] 
37.922: [GC 37.922: [ParNew
Desired survivor size 557056 bytes, new threshold 1 (max 15)
- age   1:     947456 bytes,     947456 total
- age   2:      77216 bytes,    1024672 total
: 2079K->1088K(2304K), 0.0033028 secs] 433386K->432394K(672340K), 0.0033722 secs] [Times: user=0.01 sys=0.00, real=0.01 secs] 
37.926: [GC 37.926: [ParNew
Desired survivor size 557056 bytes, new threshold 1 (max 15)
- age   1:     741552 bytes,     741552 total
: 2304K->1088K(2304K), 0.0036820 secs] 433610K->433400K(672340K), 0.0037554 secs] [Times: user=0.02 sys=0.00, real=0.00 secs] 
37.932: [GC 37.932: [ParNew
Desired survivor size 557056 bytes, new threshold 1 (max 15)
- age   1:     604256 bytes,     604256 total
: 2304K->1088K(2304K), 0.0039420 secs] 434616K->434124K(672340K), 0.0040158 secs] [Times: user=0.01 sys=0.00, real=0.01 secs] 
37.938: [GC 37.938: [ParNew
Desired survivor size 557056 bytes, new threshold 1 (max 15)
- age   1:     564552 bytes,     564552 total
: 2304K->708K(2304K), 0.0033491 secs] 435340K->434334K(672340K), 0.0034295 secs] [Times: user=0.01 sys=0.00, real=0.00 secs] 
37.943: [GC 37.943: [ParNew
Desired survivor size 557056 bytes, new threshold 15 (max 15)
- age   1:     358920 bytes,     358920 total
: 1924K->643K(2304K), 0.0033724 secs] 435550K->434821K(672340K), 0.0034381 secs] [Times: user=0.00 sys=0.00, real=0.01 secs] 
37.948: [GC 37.948: [ParNew
Desired survivor size 557056 bytes, new threshold 2 (max 15)
- age   1:     258040 bytes,     258040 total
- age   2:     358880 bytes,     616920 total
: 1859K->715K(2304K), 0.0023012 secs] 436037K->434893K(672340K), 0.0023649 secs] [Times: user=0.01 sys=0.00, real=0.00 secs] 
37.952: [GC 37.952: [ParNew
Desired survivor size 557056 bytes, new threshold 15 (max 15)
- age   1:     146896 bytes,     146896 total
- age   2:     258000 bytes,     404896 total
: 1931K->646K(2304K), 0.0028316 secs] 436109K->435174K(672340K), 0.0029432 secs] [Times: user=0.01 sys=0.00, real=0.01 secs] 
37.956: [GC 37.956: [ParNew
Desired survivor size 557056 bytes, new threshold 3 (max 15)
- age   1:     249592 bytes,     249592 total
- age   2:     146856 bytes,     396448 total
- age   3:     258000 bytes,     654448 total
: 1862K->851K(2304K), 0.0022948 secs] 436390K->435380K(672340K), 0.0023552 secs] [Times: user=0.00 sys=0.00, real=0.00 secs] 
37.961: [GC 37.961: [ParNew
Desired survivor size 557056 bytes, new threshold 1 (max 15)
- age   1:     771400 bytes,     771400 total
- age   2:     194432 bytes,     965832 total
- age   3:     146856 bytes,    1112688 total
: 2067K->1088K(2304K), 0.0039368 secs] 436596K->436375K(672340K), 0.0040074 secs] [Times: user=0.01 sys=0.00, real=0.01 secs] 
37.966: [GC 37.966: [ParNew
Desired survivor size 557056 bytes, new threshold 1 (max 15)
- age   1:     565080 bytes,     565080 total
: 2304K->1088K(2304K), 0.0049911 secs] 437591K->437720K(672340K), 0.0050628 secs] [Times: user=0.01 sys=0.00, real=0.00 secs] 
37.972: [GC 37.972: [ParNew
Desired survivor size 557056 bytes, new threshold 1 (max 15)
- age   1:     786408 bytes,     786408 total
: 2304K->1088K(2304K), 0.0033145 secs] 438936K->438269K(672340K), 0.0033866 secs] [Times: user=0.01 sys=0.00, real=0.01 secs] 
37.979: [GC 37.979: [ParNew
Desired survivor size 557056 bytes, new threshold 15 (max 15)
- age   1:     511864 bytes,     511864 total
: 2304K->859K(2304K), 0.0037309 secs] 439485K->438809K(672340K), 0.0038129 secs] [Times: user=0.02 sys=0.00, real=0.00 secs] 
37.985: [GC 37.985: [ParNew
Desired survivor size 557056 bytes, new threshold 2 (max 15)
- age   1:     502768 bytes,     502768 total
- age   2:     506408 bytes,    1009176 total
: 2075K->1088K(2304K), 0.0038761 secs] 440025K->439037K(672340K), 0.0039553 secs] [Times: user=0.01 sys=0.00, real=0.00 secs] 
37.990: [GC 37.990: [ParNew
Desired survivor size 557056 bytes, new threshold 2 (max 15)
- age   1:     407920 bytes,     407920 total
- age   2:     494088 bytes,     902008 total
: 2304K->1088K(2304K), 0.0031760 secs] 440253K->439540K(672340K), 0.0032490 secs] [Times: user=0.01 sys=0.00, real=0.00 secs] 
37.994: [GC 37.994: [ParNew
Desired survivor size 557056 bytes, new threshold 2 (max 15)
- age   1:     298680 bytes,     298680 total
- age   2:     407728 bytes,     706408 total
: 2304K->1088K(2304K), 0.0033193 secs] 440756K->440121K(672340K), 0.0033885 secs] [Times: user=0.01 sys=0.00, real=0.00 secs] 
37.999: [GC 37.999: [ParNew
Desired survivor size 557056 bytes, new threshold 2 (max 15)
- age   1:     507120 bytes,     507120 total
- age   2:     298544 bytes,     805664 total
: 2304K->1088K(2304K), 0.0034218 secs] 441337K->440499K(672340K), 0.0035044 secs] [Times: user=0.01 sys=0.00, real=0.00 secs] 
38.006: [GC 38.006: [ParNew
Desired survivor size 557056 bytes, new threshold 1 (max 15)
- age   1:     632368 bytes,     632368 total
- age   2:     412176 bytes,    1044544 total
: 2304K->1088K(2304K), 0.0041602 secs] 441715K->441474K(672340K), 0.0042424 secs] [Times: user=0.01 sys=0.00, real=0.00 secs] 
38.012: [GC 38.012: [ParNew
Desired survivor size 557056 bytes, new threshold 15 (max 15)
- age   1:     265864 bytes,     265864 total
: 2304K->464K(2304K), 0.0033891 secs] 442690K->441870K(672340K), 0.0034613 secs] [Times: user=0.01 sys=0.00, real=0.01 secs] 
38.016: [GC 38.017: [ParNew
Desired survivor size 557056 bytes, new threshold 15 (max 15)
- age   1:        216 bytes,        216 total
- age   2:     265792 bytes,     266008 total
: 1680K->494K(2304K), 0.0022120 secs] 443086K->441900K(672340K), 0.0022663 secs] [Times: user=0.01 sys=0.00, real=0.00 secs] 
38.021: [GC 38.021: [ParNew
Desired survivor size 557056 bytes, new threshold 3 (max 15)
- age   1:     432896 bytes,     432896 total
- age   2:        144 bytes,     433040 total
- age   3:     265792 bytes,     698832 total
: 1710K->809K(2304K), 0.0032234 secs] 443116K->442214K(672340K), 0.0033026 secs] [Times: user=0.00 sys=0.00, real=0.01 secs] 
38.026: [GC 38.026: [ParNew
Desired survivor size 557056 bytes, new threshold 15 (max 15)
- age   1:      66576 bytes,      66576 total
- age   2:     432768 bytes,     499344 total
- age   3:        144 bytes,     499488 total
: 2025K->835K(2304K), 0.0028680 secs] 443430K->442500K(672340K), 0.0029691 secs] [Times: user=0.01 sys=0.00, real=0.00 secs] 
38.030: [GC 38.030: [ParNew
Desired survivor size 557056 bytes, new threshold 1 (max 15)
- age   1:     569088 bytes,     569088 total
- age   2:      44544 bytes,     613632 total
- age   3:     427472 bytes,    1041104 total
- age   4:        144 bytes,    1041248 total
: 2051K->1088K(2304K), 0.0042079 secs] 443716K->442903K(672340K), 0.0042742 secs] [Times: user=0.01 sys=0.00, real=0.01 secs] 
38.036: [GC 38.036: [ParNew
Desired survivor size 557056 bytes, new threshold 1 (max 15)
- age   1:     901872 bytes,     901872 total
: 2304K->1088K(2304K), 0.0043736 secs] 444119K->444244K(672340K), 0.0044557 secs] [Times: user=0.01 sys=0.01, real=0.00 secs] 
38.042: [GC 38.042: [ParNew
Desired survivor size 557056 bytes, new threshold 1 (max 15)
- age   1:     872432 bytes,     872432 total
: 2304K->1088K(2304K), 0.0050318 secs] 445460K->445176K(672340K), 0.0051078 secs] [Times: user=0.01 sys=0.00, real=0.01 secs] 
38.049: [GC 38.049: [ParNew
Desired survivor size 557056 bytes, new threshold 1 (max 15)
- age   1:     828920 bytes,     828920 total
: 2304K->1088K(2304K), 0.0047852 secs] 446392K->446204K(672340K), 0.0048620 secs] [Times: user=0.01 sys=0.00, real=0.00 secs] 
38.055: [GC 38.055: [ParNew
Desired survivor size 557056 bytes, new threshold 1 (max 15)
- age   1:     633784 bytes,     633784 total
: 2304K->1088K(2304K), 0.0038079 secs] 447420K->447093K(672340K), 0.0038794 secs] [Times: user=0.01 sys=0.00, real=0.00 secs] 
38.061: [GC 38.061: [ParNew
Desired survivor size 557056 bytes, new threshold 1 (max 15)
- age   1:     575040 bytes,     575040 total
: 2304K->765K(2304K), 0.0034047 secs] 448309K->447390K(672340K), 0.0034861 secs] [Times: user=0.01 sys=0.00, real=0.01 secs] 
38.067: [GC 38.067: [ParNew
Desired survivor size 557056 bytes, new threshold 1 (max 15)
- age   1:    1113224 bytes,    1113224 total
: 1981K->1088K(2304K), 0.0049158 secs] 448606K->448391K(672340K), 0.0049934 secs] [Times: user=0.02 sys=0.00, real=0.00 secs] 
38.073: [GC 38.073: [ParNew
Desired survivor size 557056 bytes, new threshold 15 (max 15)
- age   1:     308256 bytes,     308256 total
: 2304K->947K(2304K), 0.0037505 secs] 449607K->449338K(672340K), 0.0038246 secs] [Times: user=0.01 sys=0.00, real=0.01 secs] 
38.081: [GC 38.081: [ParNew
Desired survivor size 557056 bytes, new threshold 15 (max 15)
- age   1:     192024 bytes,     192024 total
- age   2:     308184 bytes,     500208 total
: 2163K->624K(2304K), 0.0025414 secs] 450554K->449015K(672340K), 0.0026361 secs] [Times: user=0.01 sys=0.00, real=0.00 secs] 
38.086: [GC 38.086: [ParNew
Desired survivor size 557056 bytes, new threshold 3 (max 15)
- age   1:     118312 bytes,     118312 total
- age   2:     179736 bytes,     298048 total
- age   3:     308184 bytes,     606232 total
: 1840K->777K(2304K), 0.0024933 secs] 450231K->449168K(672340K), 0.0025657 secs] [Times: user=0.01 sys=0.00, real=0.00 secs] 
38.090: [GC 38.090: [ParNew
Desired survivor size 557056 bytes, new threshold 15 (max 15)
- age   1:        264 bytes,        264 total
- age   2:     118240 bytes,     118504 total
- age   3:     179736 bytes,     298240 total
: 1993K->720K(2304K), 0.0030163 secs] 450384K->449412K(672340K), 0.0030827 secs] [Times: user=0.01 sys=0.00, real=0.00 secs] 
38.095: [GC 38.095: [ParNew
Desired survivor size 557056 bytes, new threshold 4 (max 15)
- age   1:     265024 bytes,     265024 total
- age   2:        192 bytes,     265216 total
- age   3:     118240 bytes,     383456 total
- age   4:     179736 bytes,     563192 total
: 1936K->692K(2304K), 0.0025973 secs] 450628K->449384K(672340K), 0.0026600 secs] [Times: user=0.01 sys=0.00, real=0.00 secs] 
38.099: [GC 38.099: [ParNew
Desired survivor size 557056 bytes, new threshold 4 (max 15)
- age   1:     213160 bytes,     213160 total
- age   2:     264888 bytes,     478048 total
- age   3:        192 bytes,     478240 total
- age   4:     118240 bytes,     596480 total
: 1908K->887K(2304K), 0.0025143 secs] 450600K->449754K(672340K), 0.0026197 secs] [Times: user=0.00 sys=0.00, real=0.00 secs] 
38.103: [GC 38.103: [ParNew
Desired survivor size 557056 bytes, new threshold 1 (max 15)
- age   1:     701176 bytes,     701176 total
- age   2:     213160 bytes,     914336 total
- age   3:     101568 bytes,    1015904 total
- age   4:        120 bytes,    1016024 total
: 2103K->1088K(2304K), 0.0040492 secs] 450970K->450236K(672340K), 0.0041329 secs] [Times: user=0.01 sys=0.01, real=0.01 secs] 
38.108: [GC 38.108: [ParNew
Desired survivor size 557056 bytes, new threshold 15 (max 15)
- age   1:     475840 bytes,     475840 total
: 2304K->1088K(2304K), 0.0039101 secs] 451452K->451228K(672340K), 0.0039856 secs] [Times: user=0.02 sys=0.00, real=0.00 secs] 
38.114: [GC 38.114: [ParNew
Desired survivor size 557056 bytes, new threshold 2 (max 15)
- age   1:     129400 bytes,     129400 total
- age   2:     475640 bytes,     605040 total
: 2304K->789K(2304K), 0.0027249 secs] 452444K->450929K(672340K), 0.0027990 secs] [Times: user=0.01 sys=0.00, real=0.00 secs] 
38.121: [GC 38.121: [ParNew
Desired survivor size 557056 bytes, new threshold 1 (max 15)
- age   1:     983496 bytes,     983496 total
- age   2:     129272 bytes,    1112768 total
: 2005K->1088K(2304K), 0.0049372 secs] 452145K->451848K(672340K), 0.0050273 secs] [Times: user=0.02 sys=0.00, real=0.01 secs] 
38.130: [GC 38.130: [ParNew
Desired survivor size 557056 bytes, new threshold 1 (max 15)
- age   1:    1047600 bytes,    1047600 total
: 2304K->1088K(2304K), 0.0048084 secs] 453064K->453083K(672340K), 0.0049027 secs] [Times: user=0.01 sys=0.00, real=0.01 secs] 
38.138: [GC 38.138: [ParNew
Desired survivor size 557056 bytes, new threshold 15 (max 15)
- age   1:     518568 bytes,     518568 total
: 2304K->1088K(2304K), 0.0045451 secs] 454299K->454094K(672340K), 0.0046335 secs] [Times: user=0.01 sys=0.00, real=0.00 secs] 
38.146: [GC 38.146: [ParNew
Desired survivor size 557056 bytes, new threshold 2 (max 15)
- age   1:      87128 bytes,      87128 total
- age   2:     500064 bytes,     587192 total
: 2304K->772K(2304K), 0.0027951 secs] 455310K->453778K(672340K), 0.0028811 secs] [Times: user=0.01 sys=0.00, real=0.00 secs] 
38.150: [GC 38.150: [ParNew
Desired survivor size 557056 bytes, new threshold 15 (max 15)
- age   1:     161640 bytes,     161640 total
- age   2:      87088 bytes,     248728 total
: 1988K->675K(2304K), 0.0028470 secs] 454994K->454170K(672340K), 0.0029212 secs] [Times: user=0.01 sys=0.00, real=0.00 secs] 
38.154: [GC 38.155: [ParNew
Desired survivor size 557056 bytes, new threshold 15 (max 15)
- age   1:      14064 bytes,      14064 total
- age   2:     161608 bytes,     175672 total
- age   3:      87088 bytes,     262760 total
: 1891K->342K(2304K), 0.0028547 secs] 455386K->453837K(672340K), 0.0029324 secs] [Times: user=0.00 sys=0.00, real=0.00 secs] 
38.159: [GC 38.160: [ParNew
Desired survivor size 557056 bytes, new threshold 15 (max 15)
- age   1:        240 bytes,        240 total
- age   2:      13936 bytes,      14176 total
- age   3:     161608 bytes,     175784 total
- age   4:      87088 bytes,     262872 total
: 1558K->362K(2304K), 0.0022977 secs] 455053K->453856K(672340K), 0.0023772 secs] [Times: user=0.01 sys=0.00, real=0.00 secs] 
38.164: [GC 38.164: [ParNew
Desired survivor size 557056 bytes, new threshold 15 (max 15)
- age   1:     210576 bytes,     210576 total
- age   2:        112 bytes,     210688 total
- age   3:      13088 bytes,     223776 total
- age   4:     161608 bytes,     385384 total
- age   5:      87088 bytes,     472472 total
: 1578K->632K(2304K), 0.0031065 secs] 455072K->454126K(672340K), 0.0031890 secs] [Times: user=0.01 sys=0.00, real=0.00 secs] 
38.171: [GC 38.171: [ParNew
Desired survivor size 557056 bytes, new threshold 1 (max 15)
- age   1:     664480 bytes,     664480 total
- age   2:     184208 bytes,     848688 total
- age   3:        112 bytes,     848800 total
- age   4:      13088 bytes,     861888 total
- age   5:     161608 bytes,    1023496 total
- age   6:      87088 bytes,    1110584 total
: 1848K->1088K(2304K), 0.0038825 secs] 455342K->455135K(672340K), 0.0039940 secs] [Times: user=0.01 sys=0.01, real=0.01 secs] 
38.176: [GC 38.176: [ParNew
Desired survivor size 557056 bytes, new threshold 15 (max 15)
- age   1:     251632 bytes,     251632 total
: 2304K->915K(2304K), 0.0032428 secs] 456351K->456045K(672340K), 0.0033150 secs] [Times: user=0.01 sys=0.00, real=0.00 secs] 
38.182: [GC 38.182: [ParNew
Desired survivor size 557056 bytes, new threshold 1 (max 15)
- age   1:     987200 bytes,     987200 total
- age   2:     123608 bytes,    1110808 total
: 2131K->1088K(2304K), 0.0036724 secs] 457261K->456584K(672340K), 0.0037562 secs] [Times: user=0.01 sys=0.00, real=0.01 secs] 
38.188: [GC 38.188: [ParNew
Desired survivor size 557056 bytes, new threshold 1 (max 15)
- age   1:    1072568 bytes,    1072568 total
: 2304K->1088K(2304K), 0.0043554 secs] 457800K->457828K(672340K), 0.0044419 secs] [Times: user=0.01 sys=0.00, real=0.00 secs] 
38.194: [GC 38.195: [ParNew
Desired survivor size 557056 bytes, new threshold 1 (max 15)
- age   1:     992416 bytes,     992416 total
: 2304K->1088K(2304K), 0.0042777 secs] 459044K->459072K(672340K), 0.0043555 secs] [Times: user=0.01 sys=0.00, real=0.00 secs] 
38.201: [GC 38.201: [ParNew
Desired survivor size 557056 bytes, new threshold 1 (max 15)
- age   1:     723968 bytes,     723968 total
: 2304K->978K(2304K), 0.0044684 secs] 460288K->459932K(672340K), 0.0045635 secs] [Times: user=0.01 sys=0.00, real=0.01 secs] 
38.207: [GC 38.207: [ParNew
Desired survivor size 557056 bytes, new threshold 1 (max 15)
- age   1:     704296 bytes,     704296 total
: 2194K->1088K(2304K), 0.0036557 secs] 461148K->460748K(672340K), 0.0037276 secs] [Times: user=0.02 sys=0.00, real=0.00 secs] 
38.213: [GC 38.213: [ParNew
Desired survivor size 557056 bytes, new threshold 1 (max 15)
- age   1:     566336 bytes,     566336 total
: 2304K->1064K(2304K), 0.0036742 secs] 461964K->461412K(672340K), 0.0037512 secs] [Times: user=0.01 sys=0.00, real=0.01 secs] 
38.218: [GC 38.218: [ParNew
Desired survivor size 557056 bytes, new threshold 1 (max 15)
- age   1:     679008 bytes,     679008 total
: 2280K->862K(2304K), 0.0036214 secs] 462628K->461759K(672340K), 0.0037024 secs] [Times: user=0.01 sys=0.00, real=0.00 secs] 
38.223: [GC 38.223: [ParNew
Desired survivor size 557056 bytes, new threshold 1 (max 15)
- age   1:     742136 bytes,     742136 total
: 2078K->1038K(2304K), 0.0042365 secs] 462975K->462598K(672340K), 0.0043152 secs] [Times: user=0.01 sys=0.00, real=0.01 secs] 
38.229: [GC 38.229: [ParNew
Desired survivor size 557056 bytes, new threshold 1 (max 15)
- age   1:     762968 bytes,     762968 total
: 2254K->1037K(2304K), 0.0040015 secs] 463814K->463322K(672340K), 0.0040893 secs] [Times: user=0.01 sys=0.00, real=0.00 secs] 
38.235: [GC 38.235: [ParNew
Desired survivor size 557056 bytes, new threshold 15 (max 15)
- age   1:     412184 bytes,     412184 total
: 2253K->1088K(2304K), 0.0035251 secs] 464538K->464117K(672340K), 0.0036094 secs] [Times: user=0.01 sys=0.00, real=0.00 secs] 
38.241: [GC 38.241: [ParNew
Desired survivor size 557056 bytes, new threshold 2 (max 15)
- age   1:     364280 bytes,     364280 total
- age   2:     412040 bytes,     776320 total
: 2304K->921K(2304K), 0.0026450 secs] 465333K->463951K(672340K), 0.0027163 secs] [Times: user=0.00 sys=0.01, real=0.00 secs] 
38.246: [GC 38.246: [ParNew
Desired survivor size 557056 bytes, new threshold 2 (max 15)
- age   1:     412136 bytes,     412136 total
- age   2:     372600 bytes,     784736 total
: 2137K->1088K(2304K), 0.0032672 secs] 465167K->464520K(672340K), 0.0033507 secs] [Times: user=0.01 sys=0.00, real=0.00 secs] 
38.254: [GC 38.254: [ParNew
Desired survivor size 557056 bytes, new threshold 1 (max 15)
- age   1:     798920 bytes,     798920 total
- age   2:     274120 bytes,    1073040 total
: 2304K->1088K(2304K), 0.0046206 secs] 465736K->465401K(672340K), 0.0047309 secs] [Times: user=0.02 sys=0.00, real=0.01 secs] 
38.261: [GC 38.261: [ParNew
Desired survivor size 557056 bytes, new threshold 15 (max 15)
- age   1:     412648 bytes,     412648 total
: 2304K->719K(2304K), 0.0040125 secs] 466617K->466071K(672340K), 0.0040920 secs] [Times: user=0.01 sys=0.00, real=0.01 secs] 
38.268: [GC 38.268: [ParNew
Desired survivor size 557056 bytes, new threshold 2 (max 15)
- age   1:     234096 bytes,     234096 total
- age   2:     412576 bytes,     646672 total
: 1935K->879K(2304K), 0.0025618 secs] 467287K->466231K(672340K), 0.0026301 secs] [Times: user=0.01 sys=0.00, real=0.00 secs] 
38.272: [GC 38.272: [ParNew
Desired survivor size 557056 bytes, new threshold 15 (max 15)
- age   1:     209368 bytes,     209368 total
- age   2:     234064 bytes,     443432 total
: 2095K->857K(2304K), 0.0027991 secs] 467447K->466611K(672340K), 0.0028769 secs] [Times: user=0.01 sys=0.00, real=0.01 secs] 
38.277: [GC 38.277: [ParNew
Desired survivor size 557056 bytes, new threshold 15 (max 15)
- age   1:      11552 bytes,      11552 total
- age   2:     209296 bytes,     220848 total
- age   3:     234064 bytes,     454912 total
: 2073K->694K(2304K), 0.0031824 secs] 467827K->466449K(672340K), 0.0032825 secs] [Times: user=0.01 sys=0.00, real=0.00 secs] 
38.283: [GC 38.283: [ParNew
Desired survivor size 557056 bytes, new threshold 4 (max 15)
- age   1:     177128 bytes,     177128 total
- age   2:      11424 bytes,     188552 total
- age   3:     209296 bytes,     397848 total
- age   4:     234064 bytes,     631912 total
: 1910K->807K(2304K), 0.0043000 secs] 467665K->466561K(672340K), 0.0044044 secs] [Times: user=0.01 sys=0.00, real=0.01 secs] 
38.290: [GC 38.290: [ParNew
Desired survivor size 557056 bytes, new threshold 1 (max 15)
- age   1:     745528 bytes,     745528 total
- age   2:     172672 bytes,     918200 total
- age   3:       3176 bytes,     921376 total
- age   4:     190216 bytes,    1111592 total
: 2023K->1088K(2304K), 0.0045856 secs] 467777K->467579K(672340K), 0.0046667 secs] [Times: user=0.02 sys=0.00, real=0.01 secs] 
38.297: [GC 38.297: [ParNew
Desired survivor size 557056 bytes, new threshold 15 (max 15)
- age   1:     504680 bytes,     504680 total
: 2304K->1088K(2304K), 0.0038681 secs] 468795K->468665K(672340K), 0.0039504 secs] [Times: user=0.02 sys=0.00, real=0.00 secs] 
38.303: [GC 38.303: [ParNew
Desired survivor size 557056 bytes, new threshold 2 (max 15)
- age   1:      89616 bytes,      89616 total
- age   2:     477088 bytes,     566704 total
: 2304K->847K(2304K), 0.0026897 secs] 469881K->468424K(672340K), 0.0027555 secs] [Times: user=0.01 sys=0.00, real=0.01 secs] 
38.307: [GC 38.307: [ParNew
Desired survivor size 557056 bytes, new threshold 1 (max 15)
- age   1:     608368 bytes,     608368 total
- age   2:      89480 bytes,     697848 total
: 2063K->911K(2304K), 0.0040696 secs] 469640K->468955K(672340K), 0.0041537 secs] [Times: user=0.01 sys=0.00, real=0.00 secs] 
38.314: [GC 38.314: [ParNew
Desired survivor size 557056 bytes, new threshold 1 (max 15)
- age   1:    1056352 bytes,    1056352 total
: 2127K->1088K(2304K), 0.0046346 secs] 470171K->469989K(672340K), 0.0047163 secs] [Times: user=0.01 sys=0.00, real=0.00 secs] 
38.321: [GC 38.321: [ParNew
Desired survivor size 557056 bytes, new threshold 1 (max 15)
- age   1:     587272 bytes,     587272 total
: 2304K->1088K(2304K), 0.0039571 secs] 471205K->471020K(672340K), 0.0040300 secs] [Times: user=0.02 sys=0.00, real=0.01 secs] 
38.326: [GC 38.326: [ParNew
Desired survivor size 557056 bytes, new threshold 15 (max 15)
- age   1:     231184 bytes,     231184 total
: 2304K->560K(2304K), 0.0028841 secs] 472236K->471066K(672340K), 0.0029489 secs] [Times: user=0.01 sys=0.00, real=0.00 secs] 
38.330: [GC 38.330: [ParNew
Desired survivor size 557056 bytes, new threshold 2 (max 15)
- age   1:     470880 bytes,     470880 total
- age   2:     231056 bytes,     701936 total
: 1776K->787K(2304K), 0.0028025 secs] 472282K->471293K(672340K), 0.0028635 secs] [Times: user=0.01 sys=0.00, real=0.00 secs] 
38.334: [GC 38.334: [ParNew
Desired survivor size 557056 bytes, new threshold 1 (max 15)
- age   1:     650232 bytes,     650232 total
- age   2:     426768 bytes,    1077000 total
: 2003K->1088K(2304K), 0.0049480 secs] 472509K->472236K(672340K), 0.0050685 secs] [Times: user=0.01 sys=0.00, real=0.01 secs] 
38.341: [GC 38.341: [ParNew
Desired survivor size 557056 bytes, new threshold 15 (max 15)
- age   1:     389168 bytes,     389168 total
: 2304K->1088K(2304K), 0.0039329 secs] 473452K->473288K(672340K), 0.0040156 secs] [Times: user=0.01 sys=0.00, real=0.01 secs] 
38.348: [GC 38.348: [ParNew
Desired survivor size 557056 bytes, new threshold 1 (max 15)
- age   1:     721144 bytes,     721144 total
- age   2:     389136 bytes,    1110280 total
: 2304K->1088K(2304K), 0.0045347 secs] 474504K->473455K(672340K), 0.0046314 secs] [Times: user=0.01 sys=0.00, real=0.00 secs] 
38.356: [GC 38.356: [ParNew
Desired survivor size 557056 bytes, new threshold 1 (max 15)
- age   1:     571200 bytes,     571200 total
: 2304K->1088K(2304K), 0.0040880 secs] 474671K->474556K(672340K), 0.0041724 secs] [Times: user=0.01 sys=0.00, real=0.00 secs] 
38.362: [GC 38.362: [ParNew
Desired survivor size 557056 bytes, new threshold 15 (max 15)
- age   1:     476704 bytes,     476704 total
: 2304K->850K(2304K), 0.0029999 secs] 475772K->474876K(672340K), 0.0030706 secs] [Times: user=0.01 sys=0.00, real=0.01 secs] 
38.369: [GC 38.369: [ParNew
Desired survivor size 557056 bytes, new threshold 1 (max 15)
- age   1:     627696 bytes,     627696 total
- age   2:     473160 bytes,    1100856 total
: 2066K->1088K(2304K), 0.0028923 secs] 476092K->475122K(672340K), 0.0029754 secs] [Times: user=0.01 sys=0.00, real=0.00 secs] 
38.374: [GC 38.374: [ParNew
Desired survivor size 557056 bytes, new threshold 15 (max 15)
- age   1:        200 bytes,        200 total
: 2304K->436K(2304K), 0.0039148 secs] 476338K->475542K(672340K), 0.0039910 secs] [Times: user=0.01 sys=0.00, real=0.01 secs] 
38.380: [GC 38.380: [ParNew
Desired survivor size 557056 bytes, new threshold 15 (max 15)
- age   1:     121232 bytes,     121232 total
: 1652K->218K(2304K), 0.0020768 secs] 476758K->475323K(672340K), 0.0021352 secs] [Times: user=0.00 sys=0.00, real=0.00 secs] 
38.383: [GC 38.383: [ParNew
Desired survivor size 557056 bytes, new threshold 1 (max 15)
- age   1:     671568 bytes,     671568 total
- age   2:     121104 bytes,     792672 total
: 1434K->841K(2304K), 0.0025028 secs] 476539K->475946K(672340K), 0.0025684 secs] [Times: user=0.01 sys=0.00, real=0.01 secs] 
38.397: [GC 38.397: [ParNew
Desired survivor size 557056 bytes, new threshold 15 (max 15)
- age   1:     322944 bytes,     322944 total
: 2057K->756K(2304K), 0.0062959 secs] 477162K->476636K(672340K), 0.0063933 secs] [Times: user=0.01 sys=0.00, real=0.00 secs] 
38.407: [GC 38.407: [ParNew
Desired survivor size 557056 bytes, new threshold 15 (max 15)
- age   1:      69968 bytes,      69968 total
- age   2:     322776 bytes,     392744 total
: 1972K->539K(2304K), 0.0047919 secs] 477852K->476418K(672340K), 0.0049095 secs] [Times: user=0.01 sys=0.00, real=0.00 secs] 
38.413: [GC 38.413: [ParNew
Desired survivor size 557056 bytes, new threshold 1 (max 15)
- age   1:     612008 bytes,     612008 total
- age   2:      69856 bytes,     681864 total
- age   3:     322776 bytes,    1004640 total
: 1755K->1065K(2304K), 0.0039070 secs] 477634K->476944K(672340K), 0.0039864 secs] [Times: user=0.01 sys=0.00, real=0.01 secs] 
38.419: [GC 38.419: [ParNew
Desired survivor size 557056 bytes, new threshold 1 (max 15)
- age   1:     610416 bytes,     610416 total
: 2281K->1088K(2304K), 0.0042590 secs] 478160K->477948K(672340K), 0.0043418 secs] [Times: user=0.02 sys=0.00, real=0.00 secs] 
38.428: [GC 38.428: [ParNew
Desired survivor size 557056 bytes, new threshold 1 (max 15)
- age   1:    1110664 bytes,    1110664 total
: 2304K->1088K(2304K), 0.0047833 secs] 479164K->478663K(672340K), 0.0049017 secs] [Times: user=0.01 sys=0.00, real=0.00 secs] 
38.435: [GC 38.435: [ParNew
Desired survivor size 557056 bytes, new threshold 1 (max 15)
- age   1:     762840 bytes,     762840 total
: 2304K->1088K(2304K), 0.0084437 secs] 479879K->479842K(672340K), 0.0085615 secs] [Times: user=0.01 sys=0.00, real=0.00 secs] 
38.445: [GC 38.445: [ParNew
Desired survivor size 557056 bytes, new threshold 15 (max 15)
- age   1:        288 bytes,        288 total
: 2304K->591K(2304K), 0.0039470 secs] 481058K->480090K(672340K), 0.0040214 secs] [Times: user=0.01 sys=0.01, real=0.00 secs] 
38.451: [GC 38.451: [ParNew
Desired survivor size 557056 bytes, new threshold 1 (max 15)
- age   1:     636256 bytes,     636256 total
- age   2:        160 bytes,     636416 total
: 1807K->690K(2304K), 0.0031042 secs] 481306K->480189K(672340K), 0.0031799 secs] [Times: user=0.01 sys=0.00, real=0.01 secs] 
38.456: [GC 38.456: [ParNew
Desired survivor size 557056 bytes, new threshold 1 (max 15)
- age   1:     963008 bytes,     963008 total
: 1906K->1088K(2304K), 0.0061290 secs] 481405K->481453K(672340K), 0.0062106 secs] [Times: user=0.01 sys=0.00, real=0.00 secs] 
38.464: [GC 38.464: [ParNew
Desired survivor size 557056 bytes, new threshold 1 (max 15)
- age   1:    1022216 bytes,    1022216 total
: 2304K->1088K(2304K), 0.0079013 secs] 482669K->482554K(672340K), 0.0079812 secs] [Times: user=0.02 sys=0.00, real=0.00 secs] 
38.478: [GC 38.478: [ParNew
Desired survivor size 557056 bytes, new threshold 1 (max 15)
- age   1:     596376 bytes,     596376 total
: 2304K->1088K(2304K), 0.0045464 secs] 483770K->483677K(672340K), 0.0046277 secs] [Times: user=0.01 sys=0.00, real=0.00 secs] 
38.484: [GC 38.484: [ParNew
Desired survivor size 557056 bytes, new threshold 1 (max 15)
- age   1:     627128 bytes,     627128 total
: 2304K->801K(2304K), 0.0034419 secs] 484893K->483972K(672340K), 0.0035151 secs] [Times: user=0.01 sys=0.00, real=0.01 secs] 
38.490: [GC 38.490: [ParNew
Desired survivor size 557056 bytes, new threshold 15 (max 15)
- age   1:     503160 bytes,     503160 total
: 2017K->860K(2304K), 0.0040114 secs] 485188K->484644K(672340K), 0.0040893 secs] [Times: user=0.01 sys=0.00, real=0.00 secs] 
38.496: [GC 38.496: [ParNew
Desired survivor size 557056 bytes, new threshold 2 (max 15)
- age   1:     245800 bytes,     245800 total
- age   2:     503096 bytes,     748896 total
: 2076K->901K(2304K), 0.0035124 secs] 485860K->484685K(672340K), 0.0036000 secs] [Times: user=0.01 sys=0.00, real=0.00 secs] 
38.502: [GC 38.502: [ParNew
Desired survivor size 557056 bytes, new threshold 2 (max 15)
- age   1:     504048 bytes,     504048 total
- age   2:     245728 bytes,     749776 total
: 2117K->1088K(2304K), 0.0037423 secs] 485901K->485363K(672340K), 0.0038207 secs] [Times: user=0.01 sys=0.00, real=0.01 secs] 
38.507: [GC 38.507: [ParNew
Desired survivor size 557056 bytes, new threshold 2 (max 15)
- age   1:     427472 bytes,     427472 total
- age   2:     477888 bytes,     905360 total
: 2304K->1088K(2304K), 0.0039573 secs] 486579K->485628K(672340K), 0.0040313 secs] [Times: user=0.01 sys=0.00, real=0.00 secs] 
38.514: [GC 38.514: [ParNew
Desired survivor size 557056 bytes, new threshold 1 (max 15)
- age   1:     872888 bytes,     872888 total
- age   2:     240472 bytes,    1113360 total
: 2304K->1088K(2304K), 0.0048052 secs] 486844K->486631K(672340K), 0.0048842 secs] [Times: user=0.02 sys=0.00, real=0.01 secs] 
38.520: [GC 38.520: [ParNew
Desired survivor size 557056 bytes, new threshold 1 (max 15)
- age   1:     721960 bytes,     721960 total
: 2304K->1025K(2304K), 0.0045336 secs] 487847K->487655K(672340K), 0.0046105 secs] [Times: user=0.02 sys=0.00, real=0.01 secs] 
38.527: [GC 38.527: [ParNew
Desired survivor size 557056 bytes, new threshold 1 (max 15)
- age   1:    1095224 bytes,    1095224 total
: 2241K->1088K(2304K), 0.0049771 secs] 488871K->488518K(672340K), 0.0050683 secs] [Times: user=0.01 sys=0.00, real=0.00 secs] 
38.535: [GC 38.535: [ParNew
Desired survivor size 557056 bytes, new threshold 1 (max 15)
- age   1:     917800 bytes,     917800 total
: 2304K->1088K(2304K), 0.0057931 secs] 489734K->489754K(672340K), 0.0058833 secs] [Times: user=0.01 sys=0.01, real=0.00 secs] 
38.542: [GC 38.542: [ParNew
Desired survivor size 557056 bytes, new threshold 1 (max 15)
- age   1:     683320 bytes,     683320 total
: 2304K->1088K(2304K), 0.0050392 secs] 490970K->490642K(672340K), 0.0051357 secs] [Times: user=0.01 sys=0.00, real=0.01 secs] 
38.549: [GC 38.549: [ParNew
Desired survivor size 557056 bytes, new threshold 1 (max 15)
- age   1:     591368 bytes,     591368 total
: 2304K->1088K(2304K), 0.0035372 secs] 491858K->491309K(672340K), 0.0036126 secs] [Times: user=0.01 sys=0.00, real=0.00 secs] 
38.554: [GC 38.554: [ParNew
Desired survivor size 557056 bytes, new threshold 1 (max 15)
- age   1:     636272 bytes,     636272 total
: 2304K->798K(2304K), 0.0035553 secs] 492525K->491597K(672340K), 0.0036293 secs] [Times: user=0.02 sys=0.00, real=0.00 secs] 
38.560: [GC 38.560: [ParNew
Desired survivor size 557056 bytes, new threshold 1 (max 15)
- age   1:    1021328 bytes,    1021328 total
: 2014K->1088K(2304K), 0.0051076 secs] 492813K->492657K(672340K), 0.0051836 secs] [Times: user=0.02 sys=0.00, real=0.01 secs] 
38.567: [GC 38.567: [ParNew
Desired survivor size 557056 bytes, new threshold 15 (max 15)
- age   1:     495312 bytes,     495312 total
: 2304K->889K(2304K), 0.0041623 secs] 493873K->493456K(672340K), 0.0042449 secs] [Times: user=0.02 sys=0.00, real=0.00 secs] 
38.573: [GC 38.573: [ParNew
Desired survivor size 557056 bytes, new threshold 1 (max 15)
- age   1:     629352 bytes,     629352 total
- age   2:     482496 bytes,    1111848 total
: 2105K->1088K(2304K), 0.0033447 secs] 494672K->493758K(672340K), 0.0034179 secs] [Times: user=0.01 sys=0.00, real=0.01 secs] 
38.577: [GC 38.577: [ParNew
Desired survivor size 557056 bytes, new threshold 15 (max 15)
- age   1:     367200 bytes,     367200 total
: 2304K->915K(2304K), 0.0052862 secs] 494974K->494671K(672340K), 0.0053629 secs] [Times: user=0.01 sys=0.01, real=0.00 secs] 
38.585: [GC 38.585: [ParNew
Desired survivor size 557056 bytes, new threshold 1 (max 15)
- age   1:     820272 bytes,     820272 total
- age   2:     292936 bytes,    1113208 total
: 2131K->1088K(2304K), 0.0047398 secs] 495887K->495221K(672340K), 0.0048256 secs] [Times: user=0.01 sys=0.00, real=0.00 secs] 
38.592: [GC 38.593: [ParNew
Desired survivor size 557056 bytes, new threshold 1 (max 15)
- age   1:    1044872 bytes,    1044872 total
: 2304K->1088K(2304K), 0.0060258 secs] 496437K->496425K(672340K), 0.0061075 secs] [Times: user=0.02 sys=0.00, real=0.01 secs] 
38.600: [GC 38.600: [ParNew
Desired survivor size 557056 bytes, new threshold 1 (max 15)
- age   1:     661016 bytes,     661016 total
: 2304K->1088K(2304K), 0.0044713 secs] 497641K->497445K(672340K), 0.0045502 secs] [Times: user=0.01 sys=0.00, real=0.01 secs] 
38.608: [GC 38.608: [ParNew
Desired survivor size 557056 bytes, new threshold 1 (max 15)
- age   1:    1092640 bytes,    1092640 total
: 2304K->1088K(2304K), 0.0040674 secs] 498661K->498181K(672340K), 0.0041462 secs] [Times: user=0.01 sys=0.00, real=0.00 secs] 
38.614: [GC 38.614: [ParNew
Desired survivor size 557056 bytes, new threshold 1 (max 15)
- age   1:     627352 bytes,     627352 total
: 2304K->1088K(2304K), 0.0043535 secs] 499397K->499244K(672340K), 0.0044355 secs] [Times: user=0.02 sys=0.00, real=0.00 secs] 
38.622: [GC 38.622: [ParNew
Desired survivor size 557056 bytes, new threshold 1 (max 15)
- age   1:    1023424 bytes,    1023424 total
: 2304K->1088K(2304K), 0.0042969 secs] 500460K->499892K(672340K), 0.0043752 secs] [Times: user=0.01 sys=0.01, real=0.01 secs] 
38.629: [GC 38.629: [ParNew
Desired survivor size 557056 bytes, new threshold 15 (max 15)
- age   1:        160 bytes,        160 total
: 2304K->648K(2304K), 0.0064014 secs] 501108K->500452K(672340K), 0.0064870 secs] [Times: user=0.01 sys=0.00, real=0.01 secs] 
38.638: [GC 38.638: [ParNew
Desired survivor size 557056 bytes, new threshold 15 (max 15)
- age   1:        128 bytes,        128 total
- age   2:        128 bytes,        256 total
: 1864K->162K(2304K), 0.0033875 secs] 501668K->499966K(672340K), 0.0034654 secs] [Times: user=0.01 sys=0.00, real=0.00 secs] 
38.651: [GC 38.651: [ParNew
Desired survivor size 557056 bytes, new threshold 1 (max 15)
- age   1:     908544 bytes,     908544 total
- age   3:        128 bytes,     908672 total
: 1378K->918K(2304K), 0.0036916 secs] 501182K->500722K(672340K), 0.0038303 secs] [Times: user=0.01 sys=0.00, real=0.01 secs] 
38.657: [GC 38.657: [ParNew
Desired survivor size 557056 bytes, new threshold 1 (max 15)
- age   1:    1101872 bytes,    1101872 total
: 2134K->1088K(2304K), 0.0088031 secs] 501938K->501839K(672340K), 0.0089038 secs] [Times: user=0.03 sys=0.00, real=0.01 secs] 
38.668: [GC 38.668: [ParNew
Desired survivor size 557056 bytes, new threshold 15 (max 15)
- age   1:     434032 bytes,     434032 total
: 2304K->1088K(2304K), 0.0072315 secs] 503055K->502915K(672340K), 0.0073008 secs] [Times: user=0.03 sys=0.00, real=0.01 secs] 
38.678: [GC 38.678: [ParNew
Desired survivor size 557056 bytes, new threshold 15 (max 15)
- age   1:     109456 bytes,     109456 total
- age   2:     433896 bytes,     543352 total
: 2304K->607K(2304K), 0.0034295 secs] 504131K->502434K(672340K), 0.0035187 secs] [Times: user=0.01 sys=0.01, real=0.00 secs] 
38.686: [GC 38.686: [ParNew
Desired survivor size 557056 bytes, new threshold 1 (max 15)
- age   1:     564288 bytes,     564288 total
- age   2:     109456 bytes,     673744 total
- age   3:     433896 bytes,    1107640 total
: 1823K->1088K(2304K), 0.0057149 secs] 503650K->503574K(672340K), 0.0057980 secs] [Times: user=0.01 sys=0.00, real=0.00 secs] 
38.694: [GC 38.694: [ParNew
Desired survivor size 557056 bytes, new threshold 1 (max 15)
- age   1:     902008 bytes,     902008 total
: 2304K->1088K(2304K), 0.0079862 secs] 504790K->504983K(672340K), 0.0080756 secs] [Times: user=0.02 sys=0.00, real=0.00 secs] 
38.706: [GC 38.706: [ParNew
Desired survivor size 557056 bytes, new threshold 1 (max 15)
- age   1:     884672 bytes,     884672 total
: 2304K->1088K(2304K), 0.0063592 secs] 506199K->506204K(672340K), 0.0064534 secs] [Times: user=0.02 sys=0.00, real=0.00 secs] 
38.715: [GC 38.715: [ParNew
Desired survivor size 557056 bytes, new threshold 15 (max 15)
- age   1:     371120 bytes,     371120 total
: 2304K->871K(2304K), 0.0060283 secs] 507420K->506855K(672340K), 0.0061181 secs] [Times: user=0.02 sys=0.01, real=0.00 secs] 
38.727: [GC 38.727: [ParNew
Desired survivor size 557056 bytes, new threshold 1 (max 15)
- age   1:     743152 bytes,     743152 total
- age   2:     366832 bytes,    1109984 total
: 2087K->1088K(2304K), 0.0052148 secs] 508071K->507532K(672340K), 0.0052975 secs] [Times: user=0.02 sys=0.00, real=0.00 secs] 
38.737: [GC 38.737: [ParNew
Desired survivor size 557056 bytes, new threshold 1 (max 15)
- age   1:     997968 bytes,     997968 total
: 2304K->1088K(2304K), 0.0068119 secs] 508748K->508808K(672340K), 0.0069018 secs] [Times: user=0.02 sys=0.00, real=0.01 secs] 
38.748: [GC 38.748: [ParNew
Desired survivor size 557056 bytes, new threshold 1 (max 15)
- age   1:     575040 bytes,     575040 total
: 2304K->1088K(2304K), 0.0053806 secs] 510024K->509755K(672340K), 0.0054733 secs] [Times: user=0.01 sys=0.00, real=0.00 secs] 
38.755: [GC 38.755: [ParNew
Desired survivor size 557056 bytes, new threshold 15 (max 15)
- age   1:     260648 bytes,     260648 total
: 2304K->444K(2304K), 0.0042170 secs] 510971K->509673K(672340K), 0.0042898 secs] [Times: user=0.01 sys=0.00, real=0.00 secs] 
38.761: [GC 38.761: [ParNew
Desired survivor size 557056 bytes, new threshold 15 (max 15)
- age   1:     240024 bytes,     240024 total
- age   2:     260528 bytes,     500552 total
: 1660K->619K(2304K), 0.0026601 secs] 510889K->509849K(672340K), 0.0027247 secs] [Times: user=0.00 sys=0.00, real=0.00 secs] 
38.765: [GC 38.765: [ParNew
Desired survivor size 557056 bytes, new threshold 2 (max 15)
- age   1:     393600 bytes,     393600 total
- age   2:     239984 bytes,     633584 total
- age   3:     260528 bytes,     894112 total
: 1835K->1045K(2304K), 0.0032619 secs] 511065K->510275K(672340K), 0.0033281 secs] [Times: user=0.01 sys=0.00, real=0.00 secs] 
38.769: [GC 38.770: [ParNew
Desired survivor size 557056 bytes, new threshold 2 (max 15)
- age   1:     265000 bytes,     265000 total
- age   2:     393528 bytes,     658528 total
: 2261K->759K(2304K), 0.0035921 secs] 511491K->510477K(672340K), 0.0036999 secs] [Times: user=0.01 sys=0.01, real=0.00 secs] 
38.775: [GC 38.775: [ParNew
Desired survivor size 557056 bytes, new threshold 15 (max 15)
- age   1:     202392 bytes,     202392 total
- age   2:     264792 bytes,     467184 total
: 1975K->1008K(2304K), 0.0030470 secs] 511693K->511110K(672340K), 0.0031183 secs] [Times: user=0.01 sys=0.00, real=0.00 secs] 
38.781: [GC 38.781: [ParNew
Desired survivor size 557056 bytes, new threshold 3 (max 15)
- age   1:     291240 bytes,     291240 total
- age   2:     202264 bytes,     493504 total
- age   3:     264792 bytes,     758296 total
: 2224K->932K(2304K), 0.0025893 secs] 512326K->511035K(672340K), 0.0026842 secs] [Times: user=0.01 sys=0.00, real=0.00 secs] 
38.787: [GC 38.787: [ParNew
Desired survivor size 557056 bytes, new threshold 3 (max 15)
- age   1:      66864 bytes,      66864 total
- age   2:     291200 bytes,     358064 total
- age   3:     202264 bytes,     560328 total
: 2148K->960K(2304K), 0.0036631 secs] 512251K->511321K(672340K), 0.0037664 secs] [Times: user=0.01 sys=0.00, real=0.00 secs] 
38.793: [GC 38.793: [ParNew
Desired survivor size 557056 bytes, new threshold 1 (max 15)
- age   1:     643600 bytes,     643600 total
- age   2:      66792 bytes,     710392 total
- age   3:     291200 bytes,    1001592 total
: 2176K->1088K(2304K), 0.0030446 secs] 512537K->511646K(672340K), 0.0031144 secs] [Times: user=0.01 sys=0.00, real=0.01 secs] 
38.798: [GC 38.798: [ParNew
Desired survivor size 557056 bytes, new threshold 1 (max 15)
- age   1:     840816 bytes,     840816 total
: 2304K->1088K(2304K), 0.0064391 secs] 512862K->512638K(672340K), 0.0065348 secs] [Times: user=0.01 sys=0.00, real=0.01 secs] 
38.807: [GC 38.807: [ParNew
Desired survivor size 557056 bytes, new threshold 15 (max 15)
- age   1:     406600 bytes,     406600 total
: 2304K->1027K(2304K), 0.0038913 secs] 513854K->513398K(672340K), 0.0039666 secs] [Times: user=0.01 sys=0.00, real=0.00 secs] 
38.813: [GC 38.813: [ParNew
Desired survivor size 557056 bytes, new threshold 1 (max 15)
- age   1:     879168 bytes,     879168 total
- age   2:     231440 bytes,    1110608 total
: 2243K->1088K(2304K), 0.0039762 secs] 514614K->513973K(672340K), 0.0040587 secs] [Times: user=0.01 sys=0.00, real=0.01 secs] 
38.822: [GC 38.822: [ParNew
Desired survivor size 557056 bytes, new threshold 1 (max 15)
- age   1:     890576 bytes,     890576 total
: 2304K->1088K(2304K), 0.0057292 secs] 515189K->515398K(672340K), 0.0058203 secs] [Times: user=0.02 sys=0.00, real=0.01 secs] 
38.831: [GC 38.831: [ParNew
Desired survivor size 557056 bytes, new threshold 1 (max 15)
- age   1:     931376 bytes,     931376 total
: 2304K->1088K(2304K), 0.0045774 secs] 516614K->516511K(672340K), 0.0046586 secs] [Times: user=0.01 sys=0.00, real=0.01 secs] 
38.838: [GC 38.838: [ParNew
Desired survivor size 557056 bytes, new threshold 1 (max 15)
- age   1:     927696 bytes,     927696 total
: 2304K->1088K(2304K), 0.0052624 secs] 517727K->517629K(672340K), 0.0053466 secs] [Times: user=0.02 sys=0.00, real=0.00 secs] 
38.845: [GC 38.845: [ParNew
Desired survivor size 557056 bytes, new threshold 15 (max 15)
- age   1:     344632 bytes,     344632 total
: 2304K->844K(2304K), 0.0040287 secs] 518845K->518291K(672340K), 0.0041188 secs] [Times: user=0.01 sys=0.00, real=0.00 secs] 
38.852: [GC 38.852: [ParNew
Desired survivor size 557056 bytes, new threshold 1 (max 15)
- age   1:     908624 bytes,     908624 total
- age   2:     199744 bytes,    1108368 total
: 2060K->1088K(2304K), 0.0039218 secs] 519507K->518995K(672340K), 0.0039993 secs] [Times: user=0.01 sys=0.00, real=0.01 secs] 
38.858: [GC 38.858: [ParNew
Desired survivor size 557056 bytes, new threshold 1 (max 15)
- age   1:     936160 bytes,     936160 total
: 2304K->1088K(2304K), 0.0052273 secs] 520211K->520354K(672340K), 0.0053077 secs] [Times: user=0.02 sys=0.00, real=0.00 secs] 
38.866: [GC 38.866: [ParNew
Desired survivor size 557056 bytes, new threshold 1 (max 15)
- age   1:     584456 bytes,     584456 total
: 2304K->1088K(2304K), 0.0042998 secs] 521570K->521365K(672340K), 0.0044125 secs] [Times: user=0.02 sys=0.00, real=0.00 secs] 
38.872: [GC 38.872: [ParNew
Desired survivor size 557056 bytes, new threshold 1 (max 15)
- age   1:    1103312 bytes,    1103312 total
: 2304K->1088K(2304K), 0.0050790 secs] 522581K->522055K(672340K), 0.0051485 secs] [Times: user=0.01 sys=0.00, real=0.01 secs] 
38.880: [GC 38.880: [ParNew
Desired survivor size 557056 bytes, new threshold 1 (max 15)
- age   1:     918008 bytes,     918008 total
: 2304K->1088K(2304K), 0.0056397 secs] 523271K->523374K(672340K), 0.0057166 secs] [Times: user=0.01 sys=0.00, real=0.01 secs] 
38.888: [GC 38.888: [ParNew
Desired survivor size 557056 bytes, new threshold 15 (max 15)
- age   1:     437024 bytes,     437024 total
: 2304K->900K(2304K), 0.0052139 secs] 524590K->524083K(672340K), 0.0053011 secs] [Times: user=0.01 sys=0.00, real=0.00 secs] 
38.894: [CMS-concurrent-mark: 0.352/1.215 secs] [Times: user=3.51 sys=0.21, real=1.22 secs] 
38.894: [CMS-concurrent-preclean-start]
38.895: [GC 38.895: [ParNew
Desired survivor size 557056 bytes, new threshold 1 (max 15)
- age   1:     792848 bytes,     792848 total
- age   2:     319672 bytes,    1112520 total
: 2116K->1088K(2304K), 0.0038348 secs] 525299K->524762K(672340K), 0.0039126 secs] [Times: user=0.01 sys=0.01, real=0.00 secs] 
38.901: [GC 38.901: [ParNew
Desired survivor size 557056 bytes, new threshold 1 (max 15)
- age   1:    1004880 bytes,    1004880 total
: 2304K->1088K(2304K), 0.0056773 secs] 525978K->526071K(672340K), 0.0057637 secs] [Times: user=0.02 sys=0.00, real=0.01 secs] 
38.909: [GC 38.909: [ParNew
Desired survivor size 557056 bytes, new threshold 15 (max 15)
- age   1:     431744 bytes,     431744 total
: 2304K->1088K(2304K), 0.0045699 secs] 527287K->527052K(672340K), 0.0046691 secs] [Times: user=0.02 sys=0.00, real=0.00 secs] 
38.915: [GC 38.915: [ParNew
Desired survivor size 557056 bytes, new threshold 1 (max 15)
- age   1:     560328 bytes,     560328 total
- age   2:     431704 bytes,     992032 total
: 2304K->1039K(2304K), 0.0027398 secs] 528268K->527003K(672340K), 0.0028091 secs] [Times: user=0.01 sys=0.00, real=0.00 secs] 
38.920: [GC 38.920: [ParNew
Desired survivor size 557056 bytes, new threshold 1 (max 15)
- age   1:    1022896 bytes,    1022896 total
: 2255K->1088K(2304K), 0.0048700 secs] 528219K->528229K(672340K), 0.0049473 secs] [Times: user=0.01 sys=0.00, real=0.01 secs] 
38.927: [GC 38.927: [ParNew
Desired survivor size 557056 bytes, new threshold 1 (max 15)
- age   1:     678768 bytes,     678768 total
: 2304K->1088K(2304K), 0.0044509 secs] 529445K->529228K(672340K), 0.0045239 secs] [Times: user=0.01 sys=0.00, real=0.00 secs] 
38.933: [GC 38.933: [ParNew
Desired survivor size 557056 bytes, new threshold 15 (max 15)
- age   1:     549928 bytes,     549928 total
: 2304K->1088K(2304K), 0.0035409 secs] 530444K->529891K(672340K), 0.0036188 secs] [Times: user=0.01 sys=0.01, real=0.01 secs] 
38.939: [GC 38.939: [ParNew
Desired survivor size 557056 bytes, new threshold 2 (max 15)
- age   1:     430696 bytes,     430696 total
- age   2:     537096 bytes,     967792 total
: 2304K->1088K(2304K), 0.0032632 secs] 531107K->529939K(672340K), 0.0033360 secs] [Times: user=0.01 sys=0.00, real=0.00 secs] 
38.944: [GC 38.944: [ParNew
Desired survivor size 557056 bytes, new threshold 1 (max 15)
- age   1:     611280 bytes,     611280 total
- age   2:     397976 bytes,    1009256 total
: 2304K->1088K(2304K), 0.0040617 secs] 531155K->530626K(672340K), 0.0041412 secs] [Times: user=0.02 sys=0.00, real=0.01 secs] 
38.952: [GC 38.952: [ParNew
Desired survivor size 557056 bytes, new threshold 1 (max 15)
- age   1:     886768 bytes,     886768 total
: 2304K->1088K(2304K), 0.0064131 secs] 531842K->531945K(672340K), 0.0064983 secs] [Times: user=0.02 sys=0.00, real=0.01 secs] 
38.962: [GC 38.962: [ParNew
Desired survivor size 557056 bytes, new threshold 1 (max 15)
- age   1:     979568 bytes,     979568 total
: 2304K->1088K(2304K), 0.0054836 secs] 533161K->533063K(672340K), 0.0055707 secs] [Times: user=0.01 sys=0.00, real=0.01 secs] 
38.971: [GC 38.971: [ParNew
Desired survivor size 557056 bytes, new threshold 1 (max 15)
- age   1:     907728 bytes,     907728 total
: 2303K->1088K(2304K), 0.0064263 secs] 534279K->534162K(672340K), 0.0065118 secs] [Times: user=0.02 sys=0.00, real=0.01 secs] 
38.979: [GC 38.979: [ParNew
Desired survivor size 557056 bytes, new threshold 1 (max 15)
- age   1:     599392 bytes,     599392 total
: 2304K->1088K(2304K), 0.0042542 secs] 535378K->535102K(672340K), 0.0043288 secs] [Times: user=0.02 sys=0.01, real=0.00 secs] 
38.985: [GC 38.985: [ParNew
Desired survivor size 557056 bytes, new threshold 15 (max 15)
- age   1:     253704 bytes,     253704 total
: 2304K->555K(2304K), 0.0033264 secs] 536318K->535155K(672340K), 0.0034029 secs] [Times: user=0.01 sys=0.00, real=0.00 secs] 
38.990: [GC 38.990: [ParNew
Desired survivor size 557056 bytes, new threshold 1 (max 15)
- age   1:     654984 bytes,     654984 total
- age   2:     253704 bytes,     908688 total
: 1771K->1020K(2304K), 0.0030488 secs] 536371K->535620K(672340K), 0.0031259 secs] [Times: user=0.01 sys=0.00, real=0.00 secs] 
38.995: [GC 38.995: [ParNew
Desired survivor size 557056 bytes, new threshold 1 (max 15)
- age   1:     581824 bytes,     581824 total
: 2236K->895K(2304K), 0.0043737 secs] 536836K->536383K(672340K), 0.0044500 secs] [Times: user=0.02 sys=0.00, real=0.00 secs] 
39.000: [GC 39.000: [ParNew
Desired survivor size 557056 bytes, new threshold 1 (max 15)
- age   1:     833368 bytes,     833368 total
: 2111K->1059K(2304K), 0.0037972 secs] 537599K->537114K(672340K), 0.0038800 secs] [Times: user=0.01 sys=0.00, real=0.01 secs] 
39.005: [GC 39.005: [ParNew
Desired survivor size 557056 bytes, new threshold 1 (max 15)
- age   1:    1014168 bytes,    1014168 total
: 2275K->1088K(2304K), 0.0072692 secs] 538330K->538013K(672340K), 0.0073430 secs] [Times: user=0.02 sys=0.00, real=0.00 secs] 
39.013: [GC 39.013: [ParNew
Desired survivor size 557056 bytes, new threshold 1 (max 15)
- age   1:     738736 bytes,     738736 total
: 2304K->1088K(2304K), 0.0056539 secs] 539229K->539064K(672340K), 0.0057322 secs] [Times: user=0.02 sys=0.00, real=0.01 secs] 
39.021: [GC 39.021: [ParNew
Desired survivor size 557056 bytes, new threshold 1 (max 15)
- age   1:    1024224 bytes,    1024224 total
: 2304K->1088K(2304K), 0.0056368 secs] 540280K->539932K(672340K), 0.0057106 secs] [Times: user=0.01 sys=0.00, real=0.01 secs] 
39.028: [GC 39.028: [ParNew
Desired survivor size 557056 bytes, new threshold 1 (max 15)
- age   1:     680416 bytes,     680416 total
: 2304K->1088K(2304K), 0.0047308 secs] 541148K->540932K(672340K), 0.0048192 secs] [Times: user=0.01 sys=0.00, real=0.00 secs] 
39.034: [GC 39.034: [ParNew
Desired survivor size 557056 bytes, new threshold 1 (max 15)
- age   1:     897648 bytes,     897648 total
: 2304K->1088K(2304K), 0.0057719 secs] 542148K->541654K(672340K), 0.0058632 secs] [Times: user=0.02 sys=0.00, real=0.01 secs] 
39.042: [GC 39.042: [ParNew
Desired survivor size 557056 bytes, new threshold 1 (max 15)
- age   1:     738136 bytes,     738136 total
: 2304K->1051K(2304K), 0.0043084 secs] 542870K->542493K(672340K), 0.0043981 secs] [Times: user=0.01 sys=0.00, real=0.01 secs] 
39.048: [GC 39.048: [ParNew
Desired survivor size 557056 bytes, new threshold 1 (max 15)
- age   1:     643096 bytes,     643096 total
: 2267K->1088K(2304K), 0.0044613 secs] 543709K->543251K(672340K), 0.0045367 secs] [Times: user=0.01 sys=0.00, real=0.00 secs] 
39.054: [GC 39.054: [ParNew
Desired survivor size 557056 bytes, new threshold 1 (max 15)
- age   1:     564288 bytes,     564288 total
: 2304K->846K(2304K), 0.0040157 secs] 544467K->543637K(672340K), 0.0040926 secs] [Times: user=0.01 sys=0.00, real=0.00 secs] 
39.060: [GC 39.060: [ParNew
Desired survivor size 557056 bytes, new threshold 1 (max 15)
- age   1:     978752 bytes,     978752 total
: 2062K->1088K(2304K), 0.0042579 secs] 544853K->544652K(672340K), 0.0043339 secs] [Times: user=0.01 sys=0.00, real=0.01 secs] 
39.066: [GC 39.066: [ParNew
Desired survivor size 557056 bytes, new threshold 1 (max 15)
- age   1:     881728 bytes,     881728 total
: 2304K->1088K(2304K), 0.0049182 secs] 545868K->545904K(672340K), 0.0050280 secs] [Times: user=0.01 sys=0.01, real=0.00 secs] 
39.073: [GC 39.073: [ParNew
Desired survivor size 557056 bytes, new threshold 1 (max 15)
- age   1:     613384 bytes,     613384 total
: 2304K->1088K(2304K), 0.0054347 secs] 547120K->546765K(672340K), 0.0055203 secs] [Times: user=0.01 sys=0.00, real=0.01 secs] 
39.080: [GC 39.080: [ParNew
Desired survivor size 557056 bytes, new threshold 1 (max 15)
- age   1:    1046088 bytes,    1046088 total
: 2304K->1088K(2304K), 0.0041986 secs] 547981K->547381K(672340K), 0.0042883 secs] [Times: user=0.01 sys=0.00, real=0.01 secs] 
39.087: [GC 39.087: [ParNew
Desired survivor size 557056 bytes, new threshold 1 (max 15)
- age   1:    1052128 bytes,    1052128 total
: 2304K->1088K(2304K), 0.0057180 secs] 548597K->548588K(672340K), 0.0057980 secs] [Times: user=0.02 sys=0.00, real=0.00 secs] 
39.095: [GC 39.095: [ParNew
Desired survivor size 557056 bytes, new threshold 1 (max 15)
- age   1:    1063456 bytes,    1063456 total
: 2304K->1088K(2304K), 0.0054848 secs] 549804K->549729K(672340K), 0.0055633 secs] [Times: user=0.02 sys=0.00, real=0.00 secs] 
39.101: [GC 39.101: [ParNew
Desired survivor size 557056 bytes, new threshold 1 (max 15)
- age   1:     888784 bytes,     888784 total
: 2304K->1088K(2304K), 0.0051373 secs] 550945K->551072K(672340K), 0.0052093 secs] [Times: user=0.02 sys=0.00, real=0.01 secs] 
39.107: [GC 39.107: [ParNew
Desired survivor size 557056 bytes, new threshold 1 (max 15)
- age   1:     952480 bytes,     952480 total
: 2304K->1088K(2304K), 0.0056163 secs] 552288K->552205K(672340K), 0.0056907 secs] [Times: user=0.02 sys=0.01, real=0.00 secs] 
39.114: [GC 39.114: [ParNew
Desired survivor size 557056 bytes, new threshold 1 (max 15)
- age   1:     901960 bytes,     901960 total
: 2304K->1088K(2304K), 0.0053016 secs] 553421K->553187K(672340K), 0.0053805 secs] [Times: user=0.02 sys=0.00, real=0.01 secs] 
39.121: [GC 39.121: [ParNew
Desired survivor size 557056 bytes, new threshold 1 (max 15)
- age   1:    1047864 bytes,    1047864 total
: 2304K->1088K(2304K), 0.0051130 secs] 554403K->554141K(672340K), 0.0051903 secs] [Times: user=0.01 sys=0.00, real=0.01 secs] 
39.127: [GC 39.128: [ParNew
Desired survivor size 557056 bytes, new threshold 1 (max 15)
- age   1:     995320 bytes,     995320 total
: 2304K->1088K(2304K), 0.0053061 secs] 555357K->555303K(672340K), 0.0053809 secs] [Times: user=0.01 sys=0.00, real=0.00 secs] 
39.134: [GC 39.134: [ParNew
Desired survivor size 557056 bytes, new threshold 1 (max 15)
- age   1:    1076520 bytes,    1076520 total
: 2304K->1088K(2304K), 0.0053707 secs] 556519K->556351K(672340K), 0.0054450 secs] [Times: user=0.02 sys=0.00, real=0.00 secs] 
39.141: [GC 39.141: [ParNew
Desired survivor size 557056 bytes, new threshold 1 (max 15)
- age   1:    1018680 bytes,    1018680 total
: 2304K->1088K(2304K), 0.0053668 secs] 557567K->557542K(672340K), 0.0054549 secs] [Times: user=0.02 sys=0.00, real=0.01 secs] 
39.148: [GC 39.148: [ParNew
Desired survivor size 557056 bytes, new threshold 1 (max 15)
- age   1:     634520 bytes,     634520 total
: 2304K->1088K(2304K), 0.0049198 secs] 558758K->558596K(672340K), 0.0049969 secs] [Times: user=0.02 sys=0.00, real=0.00 secs] 
39.155: [GC 39.155: [ParNew
Desired survivor size 557056 bytes, new threshold 1 (max 15)
- age   1:     935000 bytes,     935000 total
: 2304K->1087K(2304K), 0.0057856 secs] 559812K->559452K(672340K), 0.0058668 secs] [Times: user=0.02 sys=0.01, real=0.00 secs] 
39.165: [GC 39.165: [ParNew
Desired survivor size 557056 bytes, new threshold 1 (max 15)
- age   1:    1098824 bytes,    1098824 total
: 2303K->1088K(2304K), 0.0057796 secs] 560668K->560394K(672340K), 0.0058895 secs] [Times: user=0.01 sys=0.00, real=0.00 secs] 
39.176: [GC 39.176: [ParNew
Desired survivor size 557056 bytes, new threshold 1 (max 15)
- age   1:     971632 bytes,     971632 total
: 2304K->1088K(2304K), 0.0061890 secs] 561610K->561667K(672340K), 0.0062869 secs] [Times: user=0.02 sys=0.00, real=0.00 secs] 
39.186: [GC 39.186: [ParNew
Desired survivor size 557056 bytes, new threshold 1 (max 15)
- age   1:     880016 bytes,     880016 total
: 2304K->1088K(2304K), 0.0056966 secs] 562883K->562905K(672340K), 0.0058325 secs] [Times: user=0.01 sys=0.00, real=0.00 secs] 
39.194: [GC 39.194: [ParNew
Desired survivor size 557056 bytes, new threshold 1 (max 15)
- age   1:     990352 bytes,     990352 total
: 2304K->1088K(2304K), 0.0051374 secs] 564121K->563904K(672340K), 0.0052212 secs] [Times: user=0.02 sys=0.00, real=0.01 secs] 
39.200: [GC 39.201: [ParNew
Desired survivor size 557056 bytes, new threshold 1 (max 15)
- age   1:     938880 bytes,     938880 total
: 2304K->1088K(2304K), 0.0052655 secs] 565120K->565126K(672340K), 0.0053465 secs] [Times: user=0.02 sys=0.01, real=0.01 secs] 
39.209: [GC 39.209: [ParNew
Desired survivor size 557056 bytes, new threshold 1 (max 15)
- age   1:     888392 bytes,     888392 total
: 2304K->1088K(2304K), 0.0049318 secs] 566342K->566330K(672340K), 0.0050134 secs] [Times: user=0.01 sys=0.00, real=0.01 secs] 
39.216: [GC 39.216: [ParNew
Desired survivor size 557056 bytes, new threshold 15 (max 15)
- age   1:     490904 bytes,     490904 total
: 2304K->1088K(2304K), 0.0041791 secs] 567546K->567298K(672340K), 0.0042606 secs] [Times: user=0.01 sys=0.00, real=0.00 secs] 
39.222: [GC 39.222: [ParNew
Desired survivor size 557056 bytes, new threshold 1 (max 15)
- age   1:     833760 bytes,     833760 total
- age   2:     276104 bytes,    1109864 total
: 2304K->1088K(2304K), 0.0048872 secs] 568514K->567900K(672340K), 0.0049597 secs] [Times: user=0.01 sys=0.00, real=0.01 secs] 
39.228: [GC 39.228: [ParNew
Desired survivor size 557056 bytes, new threshold 1 (max 15)
- age   1:    1112800 bytes,    1112800 total
: 2304K->1088K(2304K), 0.0051125 secs] 569116K->569063K(672340K), 0.0051910 secs] [Times: user=0.01 sys=0.00, real=0.00 secs] 
39.235: [GC 39.235: [ParNew
Desired survivor size 557056 bytes, new threshold 1 (max 15)
- age   1:     970304 bytes,     970304 total
: 2304K->1088K(2304K), 0.0054403 secs] 570279K->570335K(672340K), 0.0055177 secs] [Times: user=0.01 sys=0.00, real=0.00 secs] 
39.242: [GC 39.242: [ParNew
Desired survivor size 557056 bytes, new threshold 15 (max 15)
- age   1:     550096 bytes,     550096 total
: 2304K->1088K(2304K), 0.0047287 secs] 571551K->571383K(672340K), 0.0048126 secs] [Times: user=0.01 sys=0.01, real=0.01 secs] 
39.248: [GC 39.248: [ParNew
Desired survivor size 557056 bytes, new threshold 2 (max 15)
- age   1:     500680 bytes,     500680 total
- age   2:     544128 bytes,    1044808 total
: 2304K->1088K(2304K), 0.0032644 secs] 572599K->571512K(672340K), 0.0033357 secs] [Times: user=0.01 sys=0.00, real=0.00 secs] 
39.253: [GC 39.253: [ParNew
Desired survivor size 557056 bytes, new threshold 2 (max 15)
- age   1:     395648 bytes,     395648 total
- age   2:     454216 bytes,     849864 total
: 2304K->1088K(2304K), 0.0038804 secs] 572728K->572088K(672340K), 0.0039619 secs] [Times: user=0.01 sys=0.00, real=0.01 secs] 
39.259: [GC 39.259: [ParNew
Desired survivor size 557056 bytes, new threshold 2 (max 15)
- age   1:     500992 bytes,     500992 total
- age   2:     395576 bytes,     896568 total
: 2304K->1088K(2304K), 0.0038325 secs] 573304K->572586K(672340K), 0.0039109 secs] [Times: user=0.02 sys=0.00, real=0.00 secs] 
39.264: [GC 39.264: [ParNew
Desired survivor size 557056 bytes, new threshold 2 (max 15)
- age   1:     501272 bytes,     501272 total
- age   2:     493088 bytes,     994360 total
: 2304K->1088K(2304K), 0.0056688 secs] 573802K->573075K(672340K), 0.0057650 secs] [Times: user=0.01 sys=0.00, real=0.01 secs] 
39.271: [GC 39.271: [ParNew
Desired survivor size 557056 bytes, new threshold 1 (max 15)
- age   1:     748168 bytes,     748168 total
- age   2:     175440 bytes,     923608 total
: 2304K->1088K(2304K), 0.0058934 secs] 574291K->574061K(672340K), 0.0059779 secs] [Times: user=0.01 sys=0.00, real=0.01 secs] 
39.278: [GC 39.279: [ParNew
Desired survivor size 557056 bytes, new threshold 1 (max 15)
- age   1:     820648 bytes,     820648 total
: 2304K->1088K(2304K), 0.0044590 secs] 575277K->574971K(672340K), 0.0045389 secs] [Times: user=0.01 sys=0.00, real=0.00 secs] 
39.285: [GC 39.285: [ParNew
Desired survivor size 557056 bytes, new threshold 1 (max 15)
- age   1:     870368 bytes,     870368 total
: 2304K->1036K(2304K), 0.0053486 secs] 576187K->575716K(672340K), 0.0054316 secs] [Times: user=0.01 sys=0.00, real=0.00 secs] 
39.291: [GC 39.291: [ParNew
Desired survivor size 557056 bytes, new threshold 1 (max 15)
- age   1:     681688 bytes,     681688 total
: 2252K->1088K(2304K), 0.0042163 secs] 576932K->576609K(672340K), 0.0042927 secs] [Times: user=0.01 sys=0.01, real=0.01 secs] 
39.297: [GC 39.297: [ParNew
Desired survivor size 557056 bytes, new threshold 1 (max 15)
- age   1:    1002824 bytes,    1002824 total
: 2304K->1088K(2304K), 0.0045960 secs] 577825K->577424K(672340K), 0.0046744 secs] [Times: user=0.02 sys=0.00, real=0.00 secs] 
39.303: [GC 39.303: [ParNew
Desired survivor size 557056 bytes, new threshold 1 (max 15)
- age   1:     729424 bytes,     729424 total
: 2304K->1088K(2304K), 0.0057358 secs] 578640K->578413K(672340K), 0.0058182 secs] [Times: user=0.02 sys=0.00, real=0.01 secs] 
39.311: [GC 39.311: [ParNew
Desired survivor size 557056 bytes, new threshold 1 (max 15)
- age   1:     745232 bytes,     745232 total
: 2304K->1088K(2304K), 0.0042225 secs] 579629K->579125K(672340K), 0.0043012 secs] [Times: user=0.02 sys=0.00, real=0.01 secs] 
39.316: [GC 39.316: [ParNew
Desired survivor size 557056 bytes, new threshold 1 (max 15)
- age   1:     664256 bytes,     664256 total
: 2304K->1088K(2304K), 0.0039598 secs] 580341K->579853K(672340K), 0.0040360 secs] [Times: user=0.02 sys=0.00, real=0.00 secs] 
39.322: [GC 39.322: [ParNew
Desired survivor size 557056 bytes, new threshold 1 (max 15)
- age   1:     622840 bytes,     622840 total
: 2304K->851K(2304K), 0.0043581 secs] 581069K->580264K(672340K), 0.0044328 secs] [Times: user=0.01 sys=0.00, real=0.01 secs] 
39.328: [GC 39.329: [ParNew
Desired survivor size 557056 bytes, new threshold 1 (max 15)
- age   1:    1022424 bytes,    1022424 total
: 2067K->1088K(2304K), 0.0054739 secs] 581480K->581255K(672340K), 0.0055501 secs] [Times: user=0.02 sys=0.00, real=0.01 secs] 
39.338: [GC 39.338: [ParNew
Desired survivor size 557056 bytes, new threshold 1 (max 15)
- age   1:     961704 bytes,     961704 total
: 2304K->1088K(2304K), 0.0065687 secs] 582471K->582522K(672340K), 0.0066733 secs] [Times: user=0.02 sys=0.01, real=0.01 secs] 
39.350: [GC 39.350: [ParNew
Desired survivor size 557056 bytes, new threshold 1 (max 15)
- age   1:    1049288 bytes,    1049288 total
: 2303K->1088K(2304K), 0.0050937 secs] 583738K->583540K(672340K), 0.0051765 secs] [Times: user=0.02 sys=0.00, real=0.01 secs] 
39.358: [GC 39.358: [ParNew
Desired survivor size 557056 bytes, new threshold 1 (max 15)
- age   1:     994096 bytes,     994096 total
: 2304K->1088K(2304K), 0.0059215 secs] 584756K->584740K(672340K), 0.0060085 secs] [Times: user=0.02 sys=0.00, real=0.00 secs] 
39.366: [GC 39.366: [ParNew
Desired survivor size 557056 bytes, new threshold 1 (max 15)
- age   1:    1002352 bytes,    1002352 total
: 2304K->1088K(2304K), 0.0046316 secs] 585956K->585936K(672340K), 0.0047118 secs] [Times: user=0.02 sys=0.00, real=0.00 secs] 
39.373: [GC 39.373: [ParNew
Desired survivor size 557056 bytes, new threshold 1 (max 15)
- age   1:     963536 bytes,     963536 total
: 2304K->1088K(2304K), 0.0051928 secs] 587152K->587180K(672340K), 0.0052722 secs] [Times: user=0.01 sys=0.00, real=0.01 secs] 
39.380: [GC 39.380: [ParNew
Desired survivor size 557056 bytes, new threshold 15 (max 15)
- age   1:     492088 bytes,     492088 total
: 2304K->1088K(2304K), 0.0042335 secs] 588396K->588121K(672340K), 0.0043147 secs] [Times: user=0.01 sys=0.01, real=0.01 secs] 
39.386: [GC 39.386: [ParNew
Desired survivor size 557056 bytes, new threshold 1 (max 15)
- age   1:     660944 bytes,     660944 total
- age   2:     452624 bytes,    1113568 total
: 2304K->1088K(2304K), 0.0055788 secs] 589337K->588672K(672340K), 0.0056563 secs] [Times: user=0.02 sys=0.00, real=0.00 secs] 
39.393: [GC 39.393: [ParNew
Desired survivor size 557056 bytes, new threshold 1 (max 15)
- age   1:    1078568 bytes,    1078568 total
: 2304K->1088K(2304K), 0.0062698 secs] 589888K->589837K(672340K), 0.0063780 secs] [Times: user=0.02 sys=0.00, real=0.01 secs] 
39.401: [GC 39.401: [ParNew
Desired survivor size 557056 bytes, new threshold 1 (max 15)
- age   1:     929584 bytes,     929584 total
: 2304K->1088K(2304K), 0.0053020 secs] 591053K->591125K(672340K), 0.0053813 secs] [Times: user=0.02 sys=0.00, real=0.01 secs] 
39.408: [GC 39.408: [ParNew
Desired survivor size 557056 bytes, new threshold 1 (max 15)
- age   1:     665248 bytes,     665248 total
: 2304K->1088K(2304K), 0.0044024 secs] 592341K->592056K(672340K), 0.0044856 secs] [Times: user=0.01 sys=0.00, real=0.00 secs] 
39.416: [GC 39.416: [ParNew
Desired survivor size 557056 bytes, new threshold 1 (max 15)
- age   1:     862680 bytes,     862680 total
: 2304K->1074K(2304K), 0.0042378 secs] 593272K->592692K(672340K), 0.0043189 secs] [Times: user=0.01 sys=0.00, real=0.00 secs] 
39.422: [GC 39.422: [ParNew
Desired survivor size 557056 bytes, new threshold 1 (max 15)
- age   1:    1024888 bytes,    1024888 total
: 2290K->1088K(2304K), 0.0050038 secs] 593908K->593655K(672340K), 0.0050832 secs] [Times: user=0.01 sys=0.00, real=0.01 secs] 
39.428: [GC 39.428: [ParNew
Desired survivor size 557056 bytes, new threshold 1 (max 15)
- age   1:     677360 bytes,     677360 total
: 2304K->1088K(2304K), 0.0056075 secs] 594871K->594656K(672340K), 0.0056871 secs] [Times: user=0.02 sys=0.01, real=0.00 secs] 
39.435: [GC 39.435: [ParNew
Desired survivor size 557056 bytes, new threshold 1 (max 15)
- age   1:    1097792 bytes,    1097792 total
: 2304K->1088K(2304K), 0.0044467 secs] 595872K->595451K(672340K), 0.0045250 secs] [Times: user=0.02 sys=0.00, real=0.00 secs] 
39.441: [GC 39.441: [ParNew
Desired survivor size 557056 bytes, new threshold 1 (max 15)
- age   1:     898088 bytes,     898088 total
: 2304K->1088K(2304K), 0.0059163 secs] 596667K->596815K(672340K), 0.0059904 secs] [Times: user=0.02 sys=0.00, real=0.01 secs] 
39.450: [GC 39.450: [ParNew
Desired survivor size 557056 bytes, new threshold 1 (max 15)
- age   1:     912152 bytes,     912152 total
: 2304K->1088K(2304K), 0.0056677 secs] 598031K->598001K(672340K), 0.0057557 secs] [Times: user=0.02 sys=0.00, real=0.01 secs] 
39.459: [GC 39.459: [ParNew
Desired survivor size 557056 bytes, new threshold 1 (max 15)
- age   1:     953016 bytes,     953016 total
: 2304K->1088K(2304K), 0.0054249 secs] 599217K->599168K(672340K), 0.0055056 secs] [Times: user=0.02 sys=0.00, real=0.01 secs] 
39.468: [GC 39.468: [ParNew
Desired survivor size 557056 bytes, new threshold 1 (max 15)
- age   1:     733168 bytes,     733168 total
: 2304K->1088K(2304K), 0.0056598 secs] 600384K->600547K(672340K), 0.0057627 secs] [Times: user=0.02 sys=0.01, real=0.00 secs] 
39.477: [GC 39.477: [ParNew
Desired survivor size 557056 bytes, new threshold 1 (max 15)
- age   1:    1034808 bytes,    1034808 total
: 2304K->1088K(2304K), 0.0045733 secs] 601763K->601432K(672340K), 0.0046542 secs] [Times: user=0.01 sys=0.00, real=0.00 secs] 
39.482: [GC 39.482: [ParNew
Desired survivor size 557056 bytes, new threshold 1 (max 15)
- age   1:     785968 bytes,     785968 total
: 2304K->1088K(2304K), 0.0052700 secs] 602648K->602541K(672340K), 0.0053435 secs] [Times: user=0.02 sys=0.00, real=0.01 secs] 
39.489: [GC 39.489: [ParNew
Desired survivor size 557056 bytes, new threshold 1 (max 15)
- age   1:     770896 bytes,     770896 total
: 2304K->1088K(2304K), 0.0048465 secs] 603757K->603309K(672340K), 0.0049253 secs] [Times: user=0.01 sys=0.00, real=0.00 secs] 
39.495: [GC 39.495: [ParNew
Desired survivor size 557056 bytes, new threshold 1 (max 15)
- age   1:     697960 bytes,     697960 total
: 2304K->959K(2304K), 0.0042172 secs] 604525K->603933K(672340K), 0.0042934 secs] [Times: user=0.02 sys=0.00, real=0.00 secs] 
39.501: [GC 39.501: [ParNew
Desired survivor size 557056 bytes, new threshold 1 (max 15)
- age   1:     611712 bytes,     611712 total
: 2175K->1054K(2304K), 0.0042630 secs] 605149K->604710K(672340K), 0.0043408 secs] [Times: user=0.02 sys=0.00, real=0.01 secs] 
39.508: [GC 39.508: [ParNew
Desired survivor size 557056 bytes, new threshold 1 (max 15)
- age   1:    1082464 bytes,    1082464 total
: 2270K->1088K(2304K), 0.0054943 secs] 605926K->605423K(672340K), 0.0055936 secs] [Times: user=0.02 sys=0.00, real=0.00 secs] 
39.515: [GC 39.515: [ParNew
Desired survivor size 557056 bytes, new threshold 1 (max 15)
- age   1:     717536 bytes,     717536 total
: 2304K->1088K(2304K), 0.0051401 secs] 606639K->606500K(672340K), 0.0052183 secs] [Times: user=0.02 sys=0.01, real=0.00 secs] 
39.522: [GC 39.522: [ParNew
Desired survivor size 557056 bytes, new threshold 1 (max 15)
- age   1:     561256 bytes,     561256 total
: 2304K->860K(2304K), 0.0044204 secs] 607716K->606973K(672340K), 0.0045104 secs] [Times: user=0.01 sys=0.00, real=0.01 secs] 
39.528: [GC 39.528: [ParNew
Desired survivor size 557056 bytes, new threshold 1 (max 15)
- age   1:     638528 bytes,     638528 total
: 2076K->1020K(2304K), 0.0039804 secs] 608189K->607661K(672340K), 0.0040587 secs] [Times: user=0.02 sys=0.00, real=0.00 secs] 
39.534: [GC 39.534: [ParNew
Desired survivor size 557056 bytes, new threshold 1 (max 15)
- age   1:     719416 bytes,     719416 total
: 2236K->920K(2304K), 0.0055850 secs] 608877K->608184K(672340K), 0.0056633 secs] [Times: user=0.01 sys=0.00, real=0.00 secs] 
39.541: [GC 39.541: [ParNew
Desired survivor size 557056 bytes, new threshold 1 (max 15)
- age   1:     759952 bytes,     759952 total
: 2136K->1088K(2304K), 0.0047864 secs] 609400K->609054K(672340K), 0.0048586 secs] [Times: user=0.01 sys=0.00, real=0.01 secs] 
39.547: [GC 39.547: [ParNew
Desired survivor size 557056 bytes, new threshold 1 (max 15)
- age   1:     951288 bytes,     951288 total
: 2304K->1088K(2304K), 0.0053620 secs] 610270K->609998K(672340K), 0.0054397 secs] [Times: user=0.01 sys=0.00, real=0.00 secs] 
39.555: [GC 39.555: [ParNew
Desired survivor size 557056 bytes, new threshold 15 (max 15)
- age   1:     527304 bytes,     527304 total
: 2304K->878K(2304K), 0.0041922 secs] 611214K->610718K(672340K), 0.0042716 secs] [Times: user=0.01 sys=0.00, real=0.00 secs] 
39.561: [GC 39.561: [ParNew
Desired survivor size 557056 bytes, new threshold 1 (max 15)
- age   1:     585176 bytes,     585176 total
- age   2:     527304 bytes,    1112480 total
: 2094K->1088K(2304K), 0.0045915 secs] 611934K->611029K(672340K), 0.0046665 secs] [Times: user=0.01 sys=0.00, real=0.01 secs] 
39.569: [GC 39.569: [ParNew
Desired survivor size 557056 bytes, new threshold 15 (max 15)
- age   1:     488608 bytes,     488608 total
: 2304K->1088K(2304K), 0.0056392 secs] 612245K->612130K(672340K), 0.0057402 secs] [Times: user=0.02 sys=0.00, real=0.01 secs] 
39.577: [GC 39.577: [ParNew
Desired survivor size 557056 bytes, new threshold 1 (max 15)
- age   1:     793520 bytes,     793520 total
- age   2:     316368 bytes,    1109888 total
: 2304K->1088K(2304K), 0.0046619 secs] 613346K->612684K(672340K), 0.0047417 secs] [Times: user=0.02 sys=0.00, real=0.00 secs] 
39.585: [GC 39.585: [ParNew
Desired survivor size 557056 bytes, new threshold 1 (max 15)
- age   1:     942776 bytes,     942776 total
: 2304K->1088K(2304K), 0.0054236 secs] 613900K->613993K(672340K), 0.0055016 secs] [Times: user=0.01 sys=0.00, real=0.00 secs] 
39.592: [GC 39.592: [ParNew
Desired survivor size 557056 bytes, new threshold 1 (max 15)
- age   1:    1050440 bytes,    1050440 total
: 2304K->1088K(2304K), 0.0054190 secs] 615209K->615021K(672340K), 0.0055000 secs] [Times: user=0.02 sys=0.00, real=0.01 secs] 
39.602: [GC 39.602: [ParNew
Desired survivor size 557056 bytes, new threshold 1 (max 15)
- age   1:     857440 bytes,     857440 total
: 2304K->1088K(2304K), 0.0057946 secs] 616237K->616344K(672340K), 0.0058904 secs] [Times: user=0.02 sys=0.01, real=0.01 secs] 
39.612: [GC 39.612: [ParNew
Desired survivor size 557056 bytes, new threshold 1 (max 15)
- age   1:     961088 bytes,     961088 total
: 2304K->1088K(2304K), 0.0062808 secs] 617560K->617381K(672340K), 0.0063615 secs] [Times: user=0.02 sys=0.00, real=0.01 secs] 
39.620: [GC 39.620: [ParNew
Desired survivor size 557056 bytes, new threshold 1 (max 15)
- age   1:    1059904 bytes,    1059904 total
: 2304K->1088K(2304K), 0.0052369 secs] 618597K->618494K(672340K), 0.0053476 secs] [Times: user=0.01 sys=0.00, real=0.01 secs] 
39.628: [GC 39.628: [ParNew
Desired survivor size 557056 bytes, new threshold 1 (max 15)
- age   1:     783440 bytes,     783440 total
: 2208K->1088K(2304K), 0.0064591 secs] 619614K->619868K(672340K), 0.0065455 secs] [Times: user=0.02 sys=0.00, real=0.01 secs] 
39.636: [GC 39.636: [ParNew
Desired survivor size 557056 bytes, new threshold 1 (max 15)
- age   1:     755424 bytes,     755424 total
: 2304K->1031K(2304K), 0.0040965 secs] 621084K->620577K(672340K), 0.0041803 secs] [Times: user=0.02 sys=0.00, real=0.00 secs] 
39.643: [GC 39.643: [ParNew
Desired survivor size 557056 bytes, new threshold 1 (max 15)
- age   1:    1022592 bytes,    1022592 total
: 2247K->1088K(2304K), 0.0051922 secs] 621793K->621581K(672340K), 0.0052857 secs] [Times: user=0.01 sys=0.00, real=0.01 secs] 
39.650: [GC 39.650: [ParNew
Desired survivor size 557056 bytes, new threshold 1 (max 15)
- age   1:     831872 bytes,     831872 total
: 2304K->1088K(2304K), 0.0051711 secs] 622797K->622905K(672340K), 0.0052543 secs] [Times: user=0.01 sys=0.00, real=0.01 secs] 
39.657: [GC 39.657: [ParNew
Desired survivor size 557056 bytes, new threshold 1 (max 15)
- age   1:     688808 bytes,     688808 total
: 2304K->1088K(2304K), 0.0043434 secs] 624121K->623718K(672340K), 0.0044184 secs] [Times: user=0.01 sys=0.00, real=0.00 secs] 
39.663: [GC 39.663: [ParNew
Desired survivor size 557056 bytes, new threshold 1 (max 15)
- age   1:    1019768 bytes,    1019768 total
: 2304K->1088K(2304K), 0.0054557 secs] 624934K->624536K(672340K), 0.0055346 secs] [Times: user=0.01 sys=0.00, real=0.01 secs] 
39.670: [GC 39.671: [ParNew
Desired survivor size 557056 bytes, new threshold 15 (max 15)
- age   1:     439208 bytes,     439208 total
: 2304K->918K(2304K), 0.0056857 secs] 625752K->625352K(672340K), 0.0057746 secs] [Times: user=0.02 sys=0.00, real=0.01 secs] 
39.678: [GC 39.678: [ParNew
Desired survivor size 557056 bytes, new threshold 2 (max 15)
- age   1:     431848 bytes,     431848 total
- age   2:     439136 bytes,     870984 total
: 2134K->1073K(2304K), 0.0031096 secs] 626568K->625508K(672340K), 0.0031882 secs] [Times: user=0.02 sys=0.00, real=0.00 secs] 
39.688: [GC 39.688: [ParNew
Desired survivor size 557056 bytes, new threshold 2 (max 15)
- age   1:     270496 bytes,     270496 total
- age   2:     419520 bytes,     690016 total
: 2289K->1088K(2304K), 0.0048804 secs] 626724K->625951K(672340K), 0.0049769 secs] [Times: user=0.01 sys=0.00, real=0.00 secs] 
39.696: [GC 39.696: [ParNew
Desired survivor size 557056 bytes, new threshold 1 (max 15)
- age   1:     602576 bytes,     602576 total
- age   2:     270496 bytes,     873072 total
: 2304K->1088K(2304K), 0.0046752 secs] 627167K->626361K(672340K), 0.0047778 secs] [Times: user=0.01 sys=0.00, real=0.00 secs] 
39.702: [GC 39.702: [ParNew
Desired survivor size 557056 bytes, new threshold 15 (max 15)
- age   1:     521824 bytes,     521824 total
: 2304K->1014K(2304K), 0.0043599 secs] 627577K->627140K(672340K), 0.0044399 secs] [Times: user=0.01 sys=0.01, real=0.01 secs] 
39.708: [GC 39.708: [ParNew
Desired survivor size 557056 bytes, new threshold 15 (max 15)
- age   1:       8624 bytes,       8624 total
- age   2:     521752 bytes,     530376 total
: 2230K->788K(2304K), 0.0029704 secs] 628356K->626913K(672340K), 0.0030478 secs] [Times: user=0.01 sys=0.00, real=0.00 secs] 
39.713: [GC 39.713: [ParNew
Desired survivor size 557056 bytes, new threshold 1 (max 15)
- age   1:     566504 bytes,     566504 total
- age   2:       8496 bytes,     575000 total
- age   3:     481864 bytes,    1056864 total
: 2004K->1088K(2304K), 0.0033272 secs] 628129K->627252K(672340K), 0.0034072 secs] [Times: user=0.01 sys=0.00, real=0.01 secs] 
39.719: [GC 39.719: [ParNew
Desired survivor size 557056 bytes, new threshold 1 (max 15)
- age   1:     624784 bytes,     624784 total
: 2304K->1088K(2304K), 0.0055350 secs] 628468K->628284K(672340K), 0.0056457 secs] [Times: user=0.02 sys=0.00, real=0.01 secs] 
39.726: [GC 39.726: [ParNew
Desired survivor size 557056 bytes, new threshold 15 (max 15)
- age   1:     496872 bytes,     496872 total
: 2304K->679K(2304K), 0.0041909 secs] 629500K->628485K(672340K), 0.0042690 secs] [Times: user=0.02 sys=0.00, real=0.00 secs] 
39.732: [GC 39.733: [ParNew
Desired survivor size 557056 bytes, new threshold 1 (max 15)
- age   1:     594872 bytes,     594872 total
- age   2:     496744 bytes,    1091616 total
: 1895K->1088K(2304K), 0.0033756 secs] 629701K->628935K(672340K), 0.0034640 secs] [Times: user=0.02 sys=0.00, real=0.01 secs] 
39.739: [GC 39.739: [ParNew
Desired survivor size 557056 bytes, new threshold 1 (max 15)
- age   1:     963944 bytes,     963944 total
: 2304K->1088K(2304K), 0.0060579 secs] 630151K->630266K(672340K), 0.0061401 secs] [Times: user=0.02 sys=0.00, real=0.01 secs] 
39.747: [GC 39.747: [ParNew
Desired survivor size 557056 bytes, new threshold 1 (max 15)
- age   1:     606896 bytes,     606896 total
: 2304K->1088K(2304K), 0.0046314 secs] 631482K->631226K(672340K), 0.0047066 secs] [Times: user=0.01 sys=0.01, real=0.00 secs] 
39.755: [GC 39.755: [ParNew
Desired survivor size 557056 bytes, new threshold 1 (max 15)
- age   1:     665088 bytes,     665088 total
: 2304K->1026K(2304K), 0.0047405 secs] 632442K->631757K(672340K), 0.0048157 secs] [Times: user=0.01 sys=0.00, real=0.00 secs] 
39.762: [GC 39.762: [ParNew
Desired survivor size 557056 bytes, new threshold 15 (max 15)
- age   1:     425296 bytes,     425296 total
: 2242K->751K(2304K), 0.0040479 secs] 632973K->632132K(672340K), 0.0041241 secs] [Times: user=0.01 sys=0.00, real=0.01 secs] 
39.768: [GC 39.768: [ParNew
Desired survivor size 557056 bytes, new threshold 15 (max 15)
- age   1:      17816 bytes,      17816 total
- age   2:     425168 bytes,     442984 total
: 1967K->612K(2304K), 0.0030388 secs] 633348K->631992K(672340K), 0.0031240 secs] [Times: user=0.01 sys=0.00, real=0.00 secs] 
39.775: [GC 39.775: [ParNew
Desired survivor size 557056 bytes, new threshold 3 (max 15)
- age   1:     383648 bytes,     383648 total
- age   2:      17680 bytes,     401328 total
- age   3:     425168 bytes,     826496 total
: 1828K->1018K(2304K), 0.0035420 secs] 633208K->632399K(672340K), 0.0036282 secs] [Times: user=0.01 sys=0.00, real=0.00 secs] 
39.780: [GC 39.780: [ParNew
Desired survivor size 557056 bytes, new threshold 1 (max 15)
- age   1:     571504 bytes,     571504 total
- age   2:     372848 bytes,     944352 total
- age   3:      17680 bytes,     962032 total
: 2234K->1088K(2304K), 0.0043676 secs] 633615K->632937K(672340K), 0.0044275 secs] [Times: user=0.01 sys=0.00, real=0.01 secs] 
39.787: [GC 39.787: [ParNew
Desired survivor size 557056 bytes, new threshold 1 (max 15)
- age   1:     935824 bytes,     935824 total
: 2304K->1088K(2304K), 0.0056237 secs] 634153K->634106K(672340K), 0.0057122 secs] [Times: user=0.01 sys=0.00, real=0.00 secs] 
39.795: [GC 39.795: [ParNew
Desired survivor size 557056 bytes, new threshold 1 (max 15)
- age   1:     596280 bytes,     596280 total
: 2304K->1088K(2304K), 0.0055385 secs] 635322K->635019K(672340K), 0.0056240 secs] [Times: user=0.02 sys=0.01, real=0.00 secs] 
39.802: [GC 39.802: [ParNew
Desired survivor size 557056 bytes, new threshold 1 (max 15)
- age   1:    1052080 bytes,    1052080 total
: 2304K->1088K(2304K), 0.0045798 secs] 636235K->635664K(672340K), 0.0046590 secs] [Times: user=0.02 sys=0.00, real=0.01 secs] 
39.808: [GC 39.808: [ParNew
Desired survivor size 557056 bytes, new threshold 15 (max 15)
- age   1:     455688 bytes,     455688 total
: 2304K->741K(2304K), 0.0047195 secs] 636880K->636344K(672340K), 0.0047972 secs] [Times: user=0.02 sys=0.00, real=0.00 secs] 
39.815: [GC 39.815: [ParNew
Desired survivor size 557056 bytes, new threshold 2 (max 15)
- age   1:     230416 bytes,     230416 total
- age   2:     455616 bytes,     686032 total
: 1957K->893K(2304K), 0.0028487 secs] 637560K->636496K(672340K), 0.0029222 secs] [Times: user=0.01 sys=0.00, real=0.00 secs] 
39.819: [GC 39.819: [ParNew
Desired survivor size 557056 bytes, new threshold 15 (max 15)
- age   1:     143664 bytes,     143664 total
- age   2:     230288 bytes,     373952 total
: 2109K->591K(2304K), 0.0044393 secs] 637712K->636640K(672340K), 0.0045665 secs] [Times: user=0.01 sys=0.00, real=0.00 secs] 
39.825: [GC 39.825: [ParNew
Desired survivor size 557056 bytes, new threshold 1 (max 15)
- age   1:     751152 bytes,     751152 total
- age   2:     143664 bytes,     894816 total
- age   3:     218440 bytes,    1113256 total
: 1807K->1088K(2304K), 0.0050092 secs] 637856K->637586K(672340K), 0.0050856 secs] [Times: user=0.02 sys=0.00, real=0.00 secs] 
39.831: [GC 39.831: [ParNew
Desired survivor size 557056 bytes, new threshold 1 (max 15)
- age   1:     655768 bytes,     655768 total
: 2304K->1088K(2304K), 0.0062593 secs] 638802K->638811K(672340K), 0.0063333 secs] [Times: user=0.02 sys=0.00, real=0.01 secs] 
39.839: [GC 39.839: [ParNew
Desired survivor size 557056 bytes, new threshold 1 (max 15)
- age   1:     780600 bytes,     780600 total
: 2304K->1058K(2304K), 0.0042135 secs] 640027K->639417K(672340K), 0.0042888 secs] [Times: user=0.02 sys=0.00, real=0.00 secs] 
39.844: [GC 39.844: [ParNew
Desired survivor size 557056 bytes, new threshold 15 (max 15)
- age   1:     368344 bytes,     368344 total
: 2274K->861K(2304K), 0.0039999 secs] 640633K->639982K(672340K), 0.0040759 secs] [Times: user=0.01 sys=0.00, real=0.00 secs] 
39.850: [GC 39.850: [ParNew
Desired survivor size 557056 bytes, new threshold 1 (max 15)
- age   1:     771920 bytes,     771920 total
- age   2:     335008 bytes,    1106928 total
: 2077K->1088K(2304K), 0.0037184 secs] 641198K->640250K(672340K), 0.0037997 secs] [Times: user=0.01 sys=0.00, real=0.00 secs] 
39.856: [GC 39.856: [ParNew
Desired survivor size 557056 bytes, new threshold 1 (max 15)
- age   1:     864744 bytes,     864744 total
: 2304K->1088K(2304K), 0.0057555 secs] 641466K->641332K(672340K), 0.0058413 secs] [Times: user=0.02 sys=0.00, real=0.00 secs] 
39.864: [GC 39.864: [ParNew
Desired survivor size 557056 bytes, new threshold 15 (max 15)
- age   1:     374992 bytes,     374992 total
: 2304K->1069K(2304K), 0.0041669 secs] 642548K->642158K(672340K), 0.0042665 secs] [Times: user=0.01 sys=0.00, real=0.00 secs] 
39.873: [GC 39.873: [ParNew
Desired survivor size 557056 bytes, new threshold 15 (max 15)
- age   1:     111216 bytes,     111216 total
- age   2:     374104 bytes,     485320 total
: 2285K->610K(2304K), 0.0042121 secs] 643374K->641699K(672340K), 0.0043157 secs] [Times: user=0.01 sys=0.00, real=0.01 secs] 
39.884: [GC 39.884: [ParNew
Desired survivor size 557056 bytes, new threshold 1 (max 15)
- age   1:     689472 bytes,     689472 total
- age   2:      98928 bytes,     788400 total
- age   3:     323256 bytes,    1111656 total
: 1826K->1088K(2304K), 0.0045390 secs] 642915K->642417K(672340K), 0.0046355 secs] [Times: user=0.02 sys=0.00, real=0.01 secs] 
39.891: [GC 39.891: [ParNew
Desired survivor size 557056 bytes, new threshold 15 (max 15)
- age   1:     471968 bytes,     471968 total
: 2304K->922K(2304K), 0.0049408 secs] 643633K->643319K(672340K), 0.0050367 secs] [Times: user=0.02 sys=0.00, real=0.01 secs] 
39.900: [GC 39.900: [ParNew
Desired survivor size 557056 bytes, new threshold 1 (max 15)
- age   1:     751792 bytes,     751792 total
- age   2:     359760 bytes,    1111552 total
: 2138K->1088K(2304K), 0.0050204 secs] 644535K->644010K(672340K), 0.0051120 secs] [Times: user=0.01 sys=0.01, real=0.01 secs] 
39.909: [GC 39.909: [ParNew
Desired survivor size 557056 bytes, new threshold 1 (max 15)
- age   1:    1027328 bytes,    1027328 total
: 2304K->1088K(2304K), 0.0054331 secs] 645226K->645248K(672340K), 0.0055190 secs] [Times: user=0.02 sys=0.00, real=0.01 secs] 
39.916: [GC 39.916: [ParNew
Desired survivor size 557056 bytes, new threshold 1 (max 15)
- age   1:     643288 bytes,     643288 total
: 2304K->1088K(2304K), 0.0050065 secs] 646464K->646251K(672340K), 0.0050869 secs] [Times: user=0.01 sys=0.00, real=0.00 secs] 
39.923: [GC 39.923: [ParNew
Desired survivor size 557056 bytes, new threshold 15 (max 15)
- age   1:     367960 bytes,     367960 total
: 2304K->721K(2304K), 0.0046348 secs] 647467K->646513K(672340K), 0.0047429 secs] [Times: user=0.01 sys=0.00, real=0.01 secs] 
39.930: [GC 39.930: [ParNew
Desired survivor size 557056 bytes, new threshold 1 (max 15)
- age   1:     842808 bytes,     842808 total
- age   2:     264928 bytes,    1107736 total
: 1937K->1088K(2304K), 0.0044000 secs] 647729K->647365K(672340K), 0.0044781 secs] [Times: user=0.01 sys=0.00, real=0.01 secs] 
39.939: [GC 39.939: [ParNew
Desired survivor size 557056 bytes, new threshold 1 (max 15)
- age   1:    1113856 bytes,    1113856 total
: 2304K->1088K(2304K), 0.0078204 secs] 648581K->648567K(672340K), 0.0079111 secs] [Times: user=0.01 sys=0.00, real=0.01 secs] 
39.951: [GC 39.951: [ParNew
Desired survivor size 557056 bytes, new threshold 1 (max 15)
- age   1:     932384 bytes,     932384 total
: 2304K->1088K(2304K), 0.0066348 secs] 649783K->649933K(672340K), 0.0067283 secs] [Times: user=0.02 sys=0.00, real=0.01 secs] 
39.960: [GC 39.960: [ParNew
Desired survivor size 557056 bytes, new threshold 1 (max 15)
- age   1:    1089056 bytes,    1089056 total
: 2304K->1088K(2304K), 0.0058437 secs] 651149K->651014K(672340K), 0.0059227 secs] [Times: user=0.02 sys=0.00, real=0.01 secs] 
39.968: [GC 39.968: [ParNew
Desired survivor size 557056 bytes, new threshold 1 (max 15)
- age   1:    1098856 bytes,    1098856 total
: 2304K->1088K(2304K), 0.0052631 secs] 652230K->652185K(672340K), 0.0053408 secs] [Times: user=0.02 sys=0.00, real=0.00 secs] 
39.975: [GC 39.976: [ParNew
Desired survivor size 557056 bytes, new threshold 1 (max 15)
- age   1:     576072 bytes,     576072 total
: 2304K->1056K(2304K), 0.0046412 secs] 653401K->653226K(672340K), 0.0047219 secs] [Times: user=0.01 sys=0.00, real=0.00 secs] 
39.982: [GC 39.982: [ParNew
Desired survivor size 557056 bytes, new threshold 1 (max 15)
- age   1:     659720 bytes,     659720 total
: 2272K->831K(2304K), 0.0041417 secs] 654442K->653564K(672340K), 0.0042238 secs] [Times: user=0.01 sys=0.00, real=0.01 secs] 
39.987: [GC 39.988: [ParNew
Desired survivor size 557056 bytes, new threshold 1 (max 15)
- age   1:     722424 bytes,     722424 total
: 2047K->1053K(2304K), 0.0052415 secs] 654780K->654430K(672340K), 0.0053223 secs] [Times: user=0.02 sys=0.01, real=0.00 secs] 
39.994: [GC 39.994: [ParNew
Desired survivor size 557056 bytes, new threshold 1 (max 15)
- age   1:     958312 bytes,     958312 total
: 2269K->1088K(2304K), 0.0050271 secs] 655646K->655366K(672340K), 0.0051046 secs] [Times: user=0.02 sys=0.00, real=0.00 secs] 
40.001: [GC 40.001: [ParNew
Desired survivor size 557056 bytes, new threshold 1 (max 15)
- age   1:     758544 bytes,     758544 total
: 2304K->871K(2304K), 0.0053596 secs] 656582K->656086K(672340K), 0.0054472 secs] [Times: user=0.02 sys=0.00, real=0.01 secs] 
40.008: [GC 40.008: [ParNew
Desired survivor size 557056 bytes, new threshold 1 (max 15)
- age   1:     662176 bytes,     662176 total
: 2087K->1088K(2304K), 0.0047316 secs] 657302K->657043K(672340K), 0.0048209 secs] [Times: user=0.01 sys=0.00, real=0.00 secs] 
40.015: [GC 40.015: [ParNew
Desired survivor size 557056 bytes, new threshold 1 (max 15)
- age   1:     724752 bytes,     724752 total
: 2304K->939K(2304K), 0.0056062 secs] 658259K->657541K(672340K), 0.0057004 secs] [Times: user=0.01 sys=0.00, real=0.00 secs] 
40.023: [GC 40.023: [ParNew
Desired survivor size 557056 bytes, new threshold 1 (max 15)
- age   1:    1049064 bytes,    1049064 total
: 2155K->1088K(2304K), 0.0059650 secs] 658757K->658551K(672340K), 0.0060509 secs] [Times: user=0.02 sys=0.00, real=0.01 secs] 
40.030: [GC 40.030: [ParNew
Desired survivor size 557056 bytes, new threshold 1 (max 15)
- age   1:     701448 bytes,     701448 total
: 2304K->924K(2304K), 0.0048284 secs] 659767K->659412K(672340K), 0.0048908 secs] [Times: user=0.02 sys=0.00, real=0.01 secs] 
40.039: [GC 40.039: [ParNew
Desired survivor size 557056 bytes, new threshold 1 (max 15)
- age   1:     801784 bytes,     801784 total
: 2140K->1088K(2304K), 0.0057784 secs] 660628K->660260K(672340K), 0.0058609 secs] [Times: user=0.02 sys=0.01, real=0.01 secs] 
40.046: [GC 40.046: [ParNew
Desired survivor size 557056 bytes, new threshold 1 (max 15)
- age   1:     999360 bytes,     999360 total
: 2304K->1088K(2304K), 0.0055501 secs] 661476K->661198K(672340K), 0.0056265 secs] [Times: user=0.02 sys=0.00, real=0.00 secs] 
40.055: [GC 40.055: [ParNew
Desired survivor size 557056 bytes, new threshold 1 (max 15)
- age   1:     951744 bytes,     951744 total
: 2304K->1088K(2304K), 0.0057308 secs] 662414K->662378K(672340K), 0.0058420 secs] [Times: user=0.02 sys=0.00, real=0.00 secs] 
40.064: [GC 40.064: [ParNew
Desired survivor size 557056 bytes, new threshold 1 (max 15)
- age   1:    1018720 bytes,    1018720 total
: 2241K->1088K(2304K), 0.0069271 secs] 663532K->663345K(672340K), 0.0070117 secs] [Times: user=0.02 sys=0.00, real=0.00 secs] 
40.078: [GC 40.078: [ParNew
Desired survivor size 557056 bytes, new threshold 1 (max 15)
- age   1:    1042776 bytes,    1042776 total
: 2304K->1088K(2304K), 0.0066636 secs] 664561K->664405K(672340K), 0.0067354 secs] [Times: user=0.02 sys=0.00, real=0.01 secs] 
40.087: [GC 40.087: [ParNew
Desired survivor size 557056 bytes, new threshold 1 (max 15)
- age   1:     810224 bytes,     810224 total
: 2304K->1088K(2304K), 0.0070360 secs] 665621K->665785K(672340K), 0.0071277 secs] [Times: user=0.02 sys=0.01, real=0.01 secs] 
40.097: [GC 40.097: [ParNew
Desired survivor size 557056 bytes, new threshold 1 (max 15)
- age   1:    1040168 bytes,    1040168 total
: 2304K->1088K(2304K), 0.0054204 secs] 667001K->666685K(672340K), 0.0055061 secs] [Times: user=0.02 sys=0.00, real=0.00 secs] 
40.104: [GC 40.104: [ParNew
Desired survivor size 557056 bytes, new threshold 1 (max 15)
- age   1:    1019056 bytes,    1019056 total
: 2304K->1088K(2304K), 0.0059319 secs] 667901K->667794K(672340K), 0.0060154 secs] [Times: user=0.02 sys=0.00, real=0.00 secs] 
40.112: [GC 40.112: [ParNew
Desired survivor size 557056 bytes, new threshold 1 (max 15)
- age   1:     947768 bytes,     947768 total
: 2304K->1088K(2304K), 0.0090417 secs] 669010K->669008K(672340K), 0.0091638 secs] [Times: user=0.03 sys=0.00, real=0.01 secs] 
40.125: [GC 40.125: [ParNew
Desired survivor size 557056 bytes, new threshold 1 (max 15)
- age   1:     743672 bytes,     743672 total
: 2304K->1088K(2304K), 0.0059777 secs] 670224K->670354K(672340K), 0.0060835 secs] [Times: user=0.02 sys=0.00, real=0.00 secs] 
40.135: [GC 40.135: [ParNew
Desired survivor size 557056 bytes, new threshold 1 (max 15)
- age   1:    1112984 bytes,    1112984 total
: 2304K->1088K(2304K), 0.0049680 secs] 671570K->671158K(673108K), 0.0050528 secs] [Times: user=0.02 sys=0.01, real=0.00 secs] 
40.143: [GC 40.143: [ParNew
Desired survivor size 557056 bytes, new threshold 1 (max 15)
- age   1:     911944 bytes,     911944 total
: 2304K->1088K(2304K), 0.0071934 secs] 672374K->672562K(674452K), 0.0072872 secs] [Times: user=0.03 sys=0.00, real=0.01 secs] 
40.152: [GC 40.152: [ParNew
Desired survivor size 557056 bytes, new threshold 1 (max 15)
- age   1:     601928 bytes,     601928 total
: 2304K->1088K(2304K), 0.0044575 secs] 673778K->673452K(675220K), 0.0045364 secs] [Times: user=0.02 sys=0.00, real=0.01 secs] 
40.158: [GC 40.158: [ParNew
Desired survivor size 557056 bytes, new threshold 15 (max 15)
- age   1:        336 bytes,        336 total
: 2304K->423K(2304K), 0.0047791 secs] 674668K->673375K(675796K), 0.0048631 secs] [Times: user=0.01 sys=0.00, real=0.00 secs] 
40.164: [GC 40.164: [ParNew
Desired survivor size 557056 bytes, new threshold 15 (max 15)
- age   1:     238960 bytes,     238960 total
- age   2:         72 bytes,     239032 total
: 1639K->291K(2304K), 0.0028137 secs] 674591K->673243K(675796K), 0.0028799 secs] [Times: user=0.00 sys=0.00, real=0.01 secs] 
40.168: [GC 40.168: [ParNew
Desired survivor size 557056 bytes, new threshold 15 (max 15)
- age   1:     297768 bytes,     297768 total
- age   2:     238888 bytes,     536656 total
- age   3:         72 bytes,     536728 total
: 1507K->655K(2304K), 0.0038982 secs] 674459K->673607K(675796K), 0.0039693 secs] [Times: user=0.01 sys=0.00, real=0.00 secs] 
40.176: [GC 40.176: [ParNew
Desired survivor size 557056 bytes, new threshold 2 (max 15)
- age   1:     352464 bytes,     352464 total
- age   2:     303928 bytes,     656392 total
- age   3:     255528 bytes,     911920 total
- age   4:         72 bytes,     911992 total
: 1871K->1088K(2304K), 0.0031066 secs] 674823K->674040K(675796K), 0.0031930 secs] [Times: user=0.01 sys=0.00, real=0.00 secs] 
40.181: [GC 40.181: [ParNew
Desired survivor size 557056 bytes, new threshold 1 (max 15)
- age   1:     891056 bytes,     891056 total
- age   2:     265400 bytes,    1156456 total
: 2304K->1088K(2304K), 0.0053657 secs] 675256K->674970K(676948K), 0.0054481 secs] [Times: user=0.02 sys=0.01, real=0.01 secs] 
40.189: [GC 40.189: [ParNew
Desired survivor size 557056 bytes, new threshold 1 (max 15)
- age   1:     562464 bytes,     562464 total
: 2304K->1088K(2304K), 0.0060304 secs] 676186K->676179K(678100K), 0.0061515 secs] [Times: user=0.02 sys=0.00, real=0.01 secs] 
40.198: [GC 40.198: [ParNew
Desired survivor size 557056 bytes, new threshold 1 (max 15)
- age   1:     572920 bytes,     572920 total
: 2304K->685K(2304K), 0.0040479 secs] 677395K->676326K(678676K), 0.0041292 secs] [Times: user=0.01 sys=0.00, real=0.00 secs] 
40.204: [GC 40.204: [ParNew
Desired survivor size 557056 bytes, new threshold 1 (max 15)
- age   1:     725328 bytes,     725328 total
: 1901K->934K(2304K), 0.0043519 secs] 677542K->677134K(679060K), 0.0044264 secs] [Times: user=0.01 sys=0.00, real=0.01 secs] 
40.210: [GC 40.210: [ParNew
Desired survivor size 557056 bytes, new threshold 1 (max 15)
- age   1:     740376 bytes,     740376 total
: 2150K->1088K(2304K), 0.0049780 secs] 678350K->677996K(679828K), 0.0050718 secs] [Times: user=0.02 sys=0.00, real=0.01 secs] 
40.216: [GC 40.216: [ParNew
Desired survivor size 557056 bytes, new threshold 1 (max 15)
- age   1:     561384 bytes,     561384 total
: 2304K->925K(2304K), 0.0042812 secs] 679212K->678556K(680596K), 0.0043609 secs] [Times: user=0.02 sys=0.00, real=0.00 secs] 
40.222: [GC 40.222: [ParNew
Desired survivor size 557056 bytes, new threshold 15 (max 15)
- age   1:     221592 bytes,     221592 total
: 2141K->459K(2304K), 0.0039359 secs] 679772K->678639K(681172K), 0.0040101 secs] [Times: user=0.02 sys=0.00, real=0.01 secs] 
40.229: [GC 40.229: [ParNew
Desired survivor size 557056 bytes, new threshold 15 (max 15)
- age   1:      65256 bytes,      65256 total
- age   2:     221520 bytes,     286776 total
: 1675K->346K(2304K), 0.0037486 secs] 679855K->678525K(681172K), 0.0038461 secs] [Times: user=0.01 sys=0.00, real=0.00 secs] 
40.236: [GC 40.236: [ParNew
Desired survivor size 557056 bytes, new threshold 15 (max 15)
- age   1:     139544 bytes,     139544 total
- age   2:      37144 bytes,     176688 total
- age   3:     221520 bytes,     398208 total
: 1562K->547K(2304K), 0.0043726 secs] 679741K->678726K(681172K), 0.0044815 secs] [Times: user=0.01 sys=0.00, real=0.00 secs] 
40.244: [GC 40.244: [ParNew
Desired survivor size 557056 bytes, new threshold 2 (max 15)
- age   1:     502368 bytes,     502368 total
- age   2:     139424 bytes,     641792 total
- age   3:      37144 bytes,     678936 total
- age   4:     221520 bytes,     900456 total
: 1763K->1088K(2304K), 0.0035563 secs] 679942K->679267K(681172K), 0.0036521 secs] [Times: user=0.01 sys=0.00, real=0.00 secs] 
40.253: [GC 40.253: [ParNew
Desired survivor size 557056 bytes, new threshold 2 (max 15)
- age   1:     528520 bytes,     528520 total
- age   2:     489640 bytes,    1018160 total
: 2304K->1088K(2304K), 0.0040685 secs] 680483K->679757K(681748K), 0.0041494 secs] [Times: user=0.02 sys=0.00, real=0.01 secs] 
40.259: [GC 40.260: [ParNew
Desired survivor size 557056 bytes, new threshold 2 (max 15)
- age   1:     109288 bytes,     109288 total
- age   2:     528192 bytes,     637480 total
: 2304K->1088K(2304K), 0.0038359 secs] 680973K->680235K(682132K), 0.0039223 secs] [Times: user=0.01 sys=0.00, real=0.00 secs] 
40.266: [GC 40.266: [ParNew
Desired survivor size 557056 bytes, new threshold 15 (max 15)
- age   1:     427160 bytes,     427160 total
- age   2:     109208 bytes,     536368 total
: 2304K->826K(2304K), 0.0051353 secs] 681451K->680490K(682708K), 0.0052521 secs] [Times: user=0.02 sys=0.00, real=0.00 secs] 
40.273: [GC 40.273: [ParNew
Desired survivor size 557056 bytes, new threshold 1 (max 15)
- age   1:     858664 bytes,     858664 total
- age   2:     156568 bytes,    1015232 total
- age   3:      97232 bytes,    1112464 total
: 2042K->1088K(2304K), 0.0047432 secs] 681706K->681395K(683284K), 0.0048221 secs] [Times: user=0.02 sys=0.00, real=0.01 secs] 
40.282: [GC 40.282: [ParNew
Desired survivor size 557056 bytes, new threshold 1 (max 15)
- age   1:    1029096 bytes,    1029096 total
: 2304K->1088K(2304K), 0.0079412 secs] 682611K->682680K(684628K), 0.0080694 secs] [Times: user=0.02 sys=0.01, real=0.01 secs] 
40.292: [GC 40.292: [ParNew
Desired survivor size 557056 bytes, new threshold 1 (max 15)
- age   1:     957904 bytes,     957904 total
: 2304K->1088K(2304K), 0.0052420 secs] 683896K->683843K(685588K), 0.0053275 secs] [Times: user=0.01 sys=0.00, real=0.01 secs] 
40.299: [GC 40.299: [ParNew
Desired survivor size 557056 bytes, new threshold 1 (max 15)
- age   1:    1078232 bytes,    1078232 total
: 2304K->1088K(2304K), 0.0067489 secs] 685059K->684934K(686740K), 0.0068303 secs] [Times: user=0.02 sys=0.00, real=0.01 secs] 
40.307: [GC 40.307: [ParNew
Desired survivor size 557056 bytes, new threshold 1 (max 15)
- age   1:    1048520 bytes,    1048520 total
: 2304K->1088K(2304K), 0.0065992 secs] 686150K->686125K(688084K), 0.0066843 secs] [Times: user=0.02 sys=0.00, real=0.01 secs] 
40.316: [GC 40.316: [ParNew
Desired survivor size 557056 bytes, new threshold 1 (max 15)
- age   1:     849712 bytes,     849712 total
: 2304K->1088K(2304K), 0.0069156 secs] 687341K->687484K(689428K), 0.0070110 secs] [Times: user=0.02 sys=0.00, real=0.00 secs] 
40.324: [GC 40.324: [ParNew
Desired survivor size 557056 bytes, new threshold 1 (max 15)
- age   1:     950136 bytes,     950136 total
: 2304K->1088K(2304K), 0.0065827 secs] 688700K->688578K(690580K), 0.0066696 secs] [Times: user=0.03 sys=0.01, real=0.01 secs] 
40.332: [GC 40.333: [ParNew
Desired survivor size 557056 bytes, new threshold 1 (max 15)
- age   1:     987120 bytes,     987120 total
: 2304K->1088K(2304K), 0.0056369 secs] 689794K->689686K(691540K), 0.0057219 secs] [Times: user=0.02 sys=0.00, real=0.01 secs] 
40.342: [GC 40.342: [ParNew
Desired survivor size 557056 bytes, new threshold 1 (max 15)
- age   1:     861176 bytes,     861176 total
: 2304K->1088K(2304K), 0.0054418 secs] 690902K->690714K(692692K), 0.0055457 secs] [Times: user=0.02 sys=0.00, real=0.01 secs] 
40.350: [GC 40.350: [ParNew
Desired survivor size 557056 bytes, new threshold 1 (max 15)
- age   1:     893648 bytes,     893648 total
: 2304K->1088K(2304K), 0.0049126 secs] 691930K->691549K(693460K), 0.0049968 secs] [Times: user=0.02 sys=0.00, real=0.01 secs] 
40.356: [GC 40.356: [ParNew
Desired survivor size 557056 bytes, new threshold 1 (max 15)
- age   1:     705400 bytes,     705400 total
: 2304K->1088K(2304K), 0.0049173 secs] 692765K->692422K(694228K), 0.0049935 secs] [Times: user=0.02 sys=0.00, real=0.00 secs] 
40.362: [GC 40.362: [ParNew
Desired survivor size 557056 bytes, new threshold 1 (max 15)
- age   1:     813296 bytes,     813296 total
: 2304K->1088K(2304K), 0.0057715 secs] 693638K->693225K(695188K), 0.0058465 secs] [Times: user=0.02 sys=0.00, real=0.01 secs] 
40.369: [GC 40.369: [ParNew
Desired survivor size 557056 bytes, new threshold 1 (max 15)
- age   1:     786144 bytes,     786144 total
: 2304K->1088K(2304K), 0.0060960 secs] 694441K->694019K(695956K), 0.0061732 secs] [Times: user=0.02 sys=0.01, real=0.01 secs] 
40.377: [GC 40.377: [ParNew
Desired survivor size 557056 bytes, new threshold 1 (max 15)
- age   1:     794152 bytes,     794152 total
: 2304K->1088K(2304K), 0.0055710 secs] 695235K->694865K(696724K), 0.0056523 secs] [Times: user=0.02 sys=0.00, real=0.00 secs] 
40.384: [GC 40.384: [ParNew
Desired survivor size 557056 bytes, new threshold 1 (max 15)
- age   1:    1031808 bytes,    1031808 total
: 2304K->1088K(2304K), 0.0050273 secs] 696081K->695759K(697684K), 0.0051444 secs] [Times: user=0.01 sys=0.00, real=0.01 secs] 
40.390: [GC 40.390: [ParNew
Desired survivor size 557056 bytes, new threshold 1 (max 15)
- age   1:     939736 bytes,     939736 total
: 2304K->1088K(2304K), 0.0064202 secs] 696975K->697029K(698836K), 0.0065007 secs] [Times: user=0.02 sys=0.00, real=0.01 secs] 
40.398: [GC 40.398: [ParNew
Desired survivor size 557056 bytes, new threshold 1 (max 15)
- age   1:     693536 bytes,     693536 total
: 2304K->1088K(2304K), 0.0056362 secs] 698245K->697947K(699988K), 0.0057197 secs] [Times: user=0.02 sys=0.00, real=0.00 secs] 
40.405: [GC 40.405: [ParNew
Desired survivor size 557056 bytes, new threshold 15 (max 15)
- age   1:     429632 bytes,     429632 total
: 2304K->924K(2304K), 0.0041135 secs] 699163K->698460K(700564K), 0.0041906 secs] [Times: user=0.02 sys=0.00, real=0.00 secs] 
40.410: [GC 40.410: [ParNew
Desired survivor size 557056 bytes, new threshold 2 (max 15)
- age   1:     415648 bytes,     415648 total
- age   2:     429504 bytes,     845152 total
: 2140K->1026K(2304K), 0.0033138 secs] 699676K->698563K(700564K), 0.0033904 secs] [Times: user=0.01 sys=0.00, real=0.00 secs] 
40.415: [GC 40.415: [ParNew
Desired survivor size 557056 bytes, new threshold 1 (max 15)
- age   1:     611192 bytes,     611192 total
- age   2:     411392 bytes,    1022584 total
: 2242K->1088K(2304K), 0.0051227 secs] 699779K->699139K(701140K), 0.0052066 secs] [Times: user=0.01 sys=0.01, real=0.00 secs] 
40.423: [GC 40.423: [ParNew
Desired survivor size 557056 bytes, new threshold 15 (max 15)
- age   1:      97840 bytes,      97840 total
: 2304K->965K(2304K), 0.0046942 secs] 700355K->700015K(702100K), 0.0047806 secs] [Times: user=0.01 sys=0.00, real=0.01 secs] 
40.431: [GC 40.431: [ParNew
Desired survivor size 557056 bytes, new threshold 2 (max 15)
- age   1:     467096 bytes,     467096 total
- age   2:      97704 bytes,     564800 total
: 2181K->644K(2304K), 0.0047389 secs] 701231K->699694K(702100K), 0.0048311 secs] [Times: user=0.01 sys=0.00, real=0.01 secs] 
40.439: [GC 40.439: [ParNew
Desired survivor size 557056 bytes, new threshold 15 (max 15)
- age   1:        128 bytes,        128 total
- age   2:     467064 bytes,     467192 total
: 1860K->776K(2304K), 0.0043718 secs] 700910K->699922K(702100K), 0.0044568 secs] [Times: user=0.01 sys=0.00, real=0.00 secs] 
40.446: [GC 40.446: [ParNew
Desired survivor size 557056 bytes, new threshold 3 (max 15)
- age   1:     384960 bytes,     384960 total
- age   3:     467064 bytes,     852024 total
: 1992K->987K(2304K), 0.0042563 secs] 701138K->700132K(702100K), 0.0043298 secs] [Times: user=0.02 sys=0.00, real=0.00 secs] 
40.454: [GC 40.454: [ParNew
Desired survivor size 557056 bytes, new threshold 1 (max 15)
- age   1:     852800 bytes,     852800 total
- age   2:     196688 bytes,    1049488 total
: 2203K->1088K(2304K), 0.0103608 secs] 701348K->701239K(703060K), 0.0104542 secs] [Times: user=0.02 sys=0.00, real=0.02 secs] 
40.466: [GC 40.466: [ParNew
Desired survivor size 557056 bytes, new threshold 1 (max 15)
- age   1:     747624 bytes,     747624 total
: 2304K->1088K(2304K), 0.0068462 secs] 702455K->702680K(704596K), 0.0069310 secs] [Times: user=0.02 sys=0.00, real=0.00 secs] 
40.474: [GC 40.474: [ParNew
Desired survivor size 557056 bytes, new threshold 1 (max 15)
- age   1:    1043472 bytes,    1043472 total
: 2304K->1088K(2304K), 0.0048460 secs] 703896K->703514K(705364K), 0.0049254 secs] [Times: user=0.02 sys=0.01, real=0.00 secs] 
40.482: [GC 40.482: [ParNew
Desired survivor size 557056 bytes, new threshold 1 (max 15)
- age   1:     896896 bytes,     896896 total
: 2304K->1088K(2304K), 0.0059294 secs] 704730K->704533K(706516K), 0.0060170 secs] [Times: user=0.02 sys=0.00, real=0.01 secs] 
40.489: [GC 40.489: [ParNew
Desired survivor size 557056 bytes, new threshold 1 (max 15)
- age   1:     808480 bytes,     808480 total
: 2304K->1088K(2304K), 0.0056554 secs] 705749K->705501K(707284K), 0.0057323 secs] [Times: user=0.02 sys=0.00, real=0.01 secs] 
40.496: [GC 40.497: [ParNew
Desired survivor size 557056 bytes, new threshold 15 (max 15)
- age   1:     517808 bytes,     517808 total
: 2304K->1020K(2304K), 0.0048599 secs] 706717K->706223K(708244K), 0.0049764 secs] [Times: user=0.01 sys=0.00, real=0.00 secs] 
40.503: [GC 40.503: [ParNew
Desired survivor size 557056 bytes, new threshold 1 (max 15)
- age   1:     595536 bytes,     595536 total
- age   2:     517680 bytes,    1113216 total
: 2236K->1088K(2304K), 0.0037346 secs] 707439K->706420K(708244K), 0.0038137 secs] [Times: user=0.01 sys=0.00, real=0.01 secs] 
40.508: [GC 40.508: [ParNew
Desired survivor size 557056 bytes, new threshold 1 (max 15)
- age   1:     714624 bytes,     714624 total
: 2304K->1088K(2304K), 0.0058262 secs] 707636K->707516K(709396K), 0.0059060 secs] [Times: user=0.02 sys=0.00, real=0.01 secs] 
40.516: [GC 40.516: [ParNew
Desired survivor size 557056 bytes, new threshold 15 (max 15)
- age   1:     415144 bytes,     415144 total
: 2304K->751K(2304K), 0.0053516 secs] 708732K->707877K(710164K), 0.0054353 secs] [Times: user=0.01 sys=0.00, real=0.00 secs] 
40.523: [GC 40.523: [ParNew
Desired survivor size 557056 bytes, new threshold 2 (max 15)
- age   1:     278344 bytes,     278344 total
- age   2:     414432 bytes,     692776 total
: 1967K->850K(2304K), 0.0032158 secs] 709093K->707976K(710164K), 0.0033090 secs] [Times: user=0.01 sys=0.01, real=0.01 secs] 
40.528: [GC 40.528: [ParNew
Desired survivor size 557056 bytes, new threshold 1 (max 15)
- age   1:     625976 bytes,     625976 total
- age   2:     240624 bytes,     866600 total
: 2066K->1088K(2304K), 0.0041218 secs] 709192K->708655K(710548K), 0.0041987 secs] [Times: user=0.02 sys=0.00, real=0.00 secs] 
40.535: [GC 40.535: [ParNew
Desired survivor size 557056 bytes, new threshold 1 (max 15)
- age   1:     597840 bytes,     597840 total
: 2304K->1088K(2304K), 0.0070582 secs] 709871K->709499K(711316K), 0.0071416 secs] [Times: user=0.02 sys=0.00, real=0.00 secs] 
40.545: [GC 40.545: [ParNew
Desired survivor size 557056 bytes, new threshold 1 (max 15)
- age   1:     745496 bytes,     745496 total
: 2304K->998K(2304K), 0.0043092 secs] 710715K->709994K(711892K), 0.0043839 secs] [Times: user=0.01 sys=0.00, real=0.00 secs] 
40.551: [GC 40.551: [ParNew
Desired survivor size 557056 bytes, new threshold 15 (max 15)
- age   1:     297280 bytes,     297280 total
: 2214K->807K(2304K), 0.0050856 secs] 711210K->710530K(712660K), 0.0051774 secs] [Times: user=0.01 sys=0.00, real=0.01 secs] 
40.558: [GC 40.559: [ParNew
Desired survivor size 557056 bytes, new threshold 15 (max 15)
- age   1:     228552 bytes,     228552 total
- age   2:     297208 bytes,     525760 total
: 2023K->643K(2304K), 0.0031398 secs] 711746K->710367K(712660K), 0.0032215 secs] [Times: user=0.01 sys=0.00, real=0.00 secs] 
40.563: [GC 40.563: [ParNew
Desired survivor size 557056 bytes, new threshold 15 (max 15)
- age   1:       9400 bytes,       9400 total
- age   2:     228424 bytes,     237824 total
- age   3:     297080 bytes,     534904 total
: 1859K->887K(2304K), 0.0039142 secs] 711583K->710610K(712660K), 0.0039952 secs] [Times: user=0.02 sys=0.00, real=0.01 secs] 
40.569: [GC 40.569: [ParNew
Desired survivor size 557056 bytes, new threshold 3 (max 15)
- age   1:     426512 bytes,     426512 total
- age   2:       9360 bytes,     435872 total
- age   3:     226912 bytes,     662784 total
- age   4:     297080 bytes,     959864 total
: 2103K->1073K(2304K), 0.0036300 secs] 711826K->710797K(712660K), 0.0037193 secs] [Times: user=0.01 sys=0.00, real=0.00 secs] 
40.574: [GC 40.574: [ParNew
Desired survivor size 557056 bytes, new threshold 2 (max 15)
- age   1:     441608 bytes,     441608 total
- age   2:     426376 bytes,     867984 total
- age   3:       9088 bytes,     877072 total
: 2289K->1088K(2304K), 0.0052548 secs] 712013K->711326K(713236K), 0.0053424 secs] [Times: user=0.01 sys=0.01, real=0.01 secs] 
40.580: [GC 40.580: [ParNew
Desired survivor size 557056 bytes, new threshold 2 (max 15)
- age   1:     277304 bytes,     277304 total
- age   2:     431848 bytes,     709152 total
: 2304K->1088K(2304K), 0.0041388 secs] 712542K->711761K(713620K), 0.0042440 secs] [Times: user=0.01 sys=0.00, real=0.01 secs] 
40.586: [GC 40.586: [ParNew
Desired survivor size 557056 bytes, new threshold 15 (max 15)
- age   1:     213632 bytes,     213632 total
- age   2:     277048 bytes,     490680 total
: 2304K->910K(2304K), 0.0042943 secs] 712977K->712005K(714004K), 0.0043741 secs] [Times: user=0.01 sys=0.00, real=0.00 secs] 
40.593: [GC 40.593: [ParNew
Desired survivor size 557056 bytes, new threshold 1 (max 15)
- age   1:     676984 bytes,     676984 total
- age   2:     162400 bytes,     839384 total
- age   3:     273608 bytes,    1112992 total
: 2126K->1088K(2304K), 0.0047112 secs] 713221K->712666K(714580K), 0.0047915 secs] [Times: user=0.01 sys=0.00, real=0.01 secs] 
40.599: [GC 40.599: [ParNew
Desired survivor size 557056 bytes, new threshold 15 (max 15)
- age   1:     240496 bytes,     240496 total
: 2304K->905K(2304K), 0.0044801 secs] 713882K->713570K(715732K), 0.0045558 secs] [Times: user=0.01 sys=0.00, real=0.00 secs] 
40.606: [GC 40.606: [ParNew
Desired survivor size 557056 bytes, new threshold 2 (max 15)
- age   1:     453488 bytes,     453488 total
- age   2:     240496 bytes,     693984 total
: 2121K->855K(2304K), 0.0043529 secs] 714786K->713520K(715732K), 0.0044447 secs] [Times: user=0.01 sys=0.00, real=0.00 secs] 
40.612: [GC 40.612: [ParNew
Desired survivor size 557056 bytes, new threshold 1 (max 15)
- age   1:     576872 bytes,     576872 total
- age   2:     397304 bytes,     974176 total
: 2071K->1088K(2304K), 0.0042254 secs] 714736K->714093K(715924K), 0.0043132 secs] [Times: user=0.01 sys=0.00, real=0.01 secs] 
40.619: [GC 40.619: [ParNew
Desired survivor size 557056 bytes, new threshold 15 (max 15)
- age   1:     360632 bytes,     360632 total
: 2304K->858K(2304K), 0.0046390 secs] 715309K->714815K(716884K), 0.0047207 secs] [Times: user=0.02 sys=0.00, real=0.00 secs] 
40.626: [GC 40.626: [ParNew
Desired survivor size 557056 bytes, new threshold 1 (max 15)
- age   1:     836800 bytes,     836800 total
- age   2:     275504 bytes,    1112304 total
: 2074K->1088K(2304K), 0.0043614 secs] 716031K->715492K(717268K), 0.0044393 secs] [Times: user=0.01 sys=0.00, real=0.00 secs] 
40.632: [GC 40.632: [ParNew
Desired survivor size 557056 bytes, new threshold 1 (max 15)
- age   1:     713896 bytes,     713896 total
: 2304K->1088K(2304K), 0.0058747 secs] 716708K->716578K(718420K), 0.0059715 secs] [Times: user=0.02 sys=0.00, real=0.01 secs] 
40.640: [GC 40.640: [ParNew
Desired survivor size 557056 bytes, new threshold 15 (max 15)
- age   1:     410856 bytes,     410856 total
: 2304K->1088K(2304K), 0.0043157 secs] 717794K->717275K(719188K), 0.0044059 secs] [Times: user=0.01 sys=0.00, real=0.01 secs] 
40.645: [GC 40.645: [ParNew
Desired survivor size 557056 bytes, new threshold 2 (max 15)
- age   1:     386520 bytes,     386520 total
- age   2:     410784 bytes,     797304 total
: 2304K->862K(2304K), 0.0034583 secs] 718491K->717049K(719188K), 0.0035320 secs] [Times: user=0.01 sys=0.00, real=0.00 secs] 
40.650: [GC 40.650: [ParNew
Desired survivor size 557056 bytes, new threshold 1 (max 15)
- age   1:     645160 bytes,     645160 total
- age   2:     360344 bytes,    1005504 total
: 2078K->1088K(2304K), 0.0044365 secs] 718265K->717777K(719572K), 0.0045245 secs] [Times: user=0.02 sys=0.00, real=0.01 secs] 
40.657: [GC 40.657: [ParNew
Desired survivor size 557056 bytes, new threshold 1 (max 15)
- age   1:     665392 bytes,     665392 total
: 2304K->1088K(2304K), 0.0053363 secs] 718993K->718759K(720724K), 0.0054317 secs] [Times: user=0.02 sys=0.00, real=0.00 secs] 
40.664: [GC 40.664: [ParNew
Desired survivor size 557056 bytes, new threshold 1 (max 15)
- age   1:     881528 bytes,     881528 total
: 2304K->1054K(2304K), 0.0048016 secs] 719975K->719375K(721300K), 0.0048813 secs] [Times: user=0.01 sys=0.01, real=0.00 secs] 
40.670: [GC 40.670: [ParNew
Desired survivor size 557056 bytes, new threshold 1 (max 15)
- age   1:     736264 bytes,     736264 total
: 2270K->1088K(2304K), 0.0069104 secs] 720591K->720275K(722260K), 0.0070074 secs] [Times: user=0.01 sys=0.00, real=0.01 secs] 
40.679: [GC 40.679: [ParNew
Desired survivor size 557056 bytes, new threshold 1 (max 15)
- age   1:     564600 bytes,     564600 total
: 2304K->912K(2304K), 0.0049358 secs] 721491K->720818K(722836K), 0.0050299 secs] [Times: user=0.01 sys=0.00, real=0.01 secs] 
40.686: [GC 40.686: [ParNew
Desired survivor size 557056 bytes, new threshold 1 (max 15)
- age   1:     649664 bytes,     649664 total
: 2128K->1043K(2304K), 0.0054316 secs] 722034K->721500K(723412K), 0.0055243 secs] [Times: user=0.01 sys=0.00, real=0.00 secs] 
40.694: [GC 40.695: [ParNew
Desired survivor size 557056 bytes, new threshold 1 (max 15)
- age   1:     611568 bytes,     611568 total
: 2259K->937K(2304K), 0.0045828 secs] 722716K->722029K(723988K), 0.0046914 secs] [Times: user=0.01 sys=0.00, real=0.00 secs] 
40.700: [GC 40.700: [ParNew
Desired survivor size 557056 bytes, new threshold 1 (max 15)
- age   1:    1090864 bytes,    1090864 total
: 2153K->1088K(2304K), 0.0069090 secs] 723245K->722894K(724756K), 0.0069953 secs] [Times: user=0.02 sys=0.00, real=0.01 secs] 
40.709: [GC 40.709: [ParNew
Desired survivor size 557056 bytes, new threshold 1 (max 15)
- age   1:     636824 bytes,     636824 total
: 2304K->1088K(2304K), 0.0060004 secs] 724110K->723948K(725908K), 0.0060883 secs] [Times: user=0.02 sys=0.00, real=0.01 secs] 
40.718: [GC 40.718: [ParNew
Desired survivor size 557056 bytes, new threshold 1 (max 15)
- age   1:    1040904 bytes,    1040904 total
: 2304K->1088K(2304K), 0.0063030 secs] 725164K->724666K(726484K), 0.0063998 secs] [Times: user=0.01 sys=0.01, real=0.01 secs] 
40.726: [GC 40.726: [ParNew
Desired survivor size 557056 bytes, new threshold 1 (max 15)
- age   1:     894528 bytes,     894528 total
: 2304K->1088K(2304K), 0.0063861 secs] 725882K->725927K(727828K), 0.0064727 secs] [Times: user=0.02 sys=0.00, real=0.00 secs] 
40.735: [GC 40.735: [ParNew
Desired survivor size 557056 bytes, new threshold 1 (max 15)
- age   1:     584824 bytes,     584824 total
: 2304K->1088K(2304K), 0.0056290 secs] 727143K->726789K(728788K), 0.0057255 secs] [Times: user=0.01 sys=0.00, real=0.00 secs] 
40.742: [GC 40.742: [ParNew
Desired survivor size 557056 bytes, new threshold 15 (max 15)
- age   1:     393616 bytes,     393616 total
: 2304K->705K(2304K), 0.0043074 secs] 728005K->726977K(729172K), 0.0043883 secs] [Times: user=0.01 sys=0.00, real=0.01 secs] 
40.750: [GC 40.750: [ParNew
Desired survivor size 557056 bytes, new threshold 1 (max 15)
- age   1:     564592 bytes,     564592 total
- age   2:     393616 bytes,     958208 total
: 1921K->1088K(2304K), 0.0039748 secs] 728193K->727360K(729172K), 0.0040542 secs] [Times: user=0.01 sys=0.00, real=0.00 secs] 
40.755: [GC 40.755: [ParNew
Desired survivor size 557056 bytes, new threshold 1 (max 15)
- age   1:     869576 bytes,     869576 total
: 2304K->1088K(2304K), 0.0068251 secs] 728576K->728378K(730324K), 0.0068902 secs] [Times: user=0.02 sys=0.00, real=0.00 secs] 
40.764: [GC 40.764: [ParNew
Desired survivor size 557056 bytes, new threshold 1 (max 15)
- age   1:     592608 bytes,     592608 total
: 2304K->1034K(2304K), 0.0046496 secs] 729594K->729173K(731092K), 0.0047282 secs] [Times: user=0.01 sys=0.00, real=0.00 secs] 
40.770: [GC 40.770: [ParNew
Desired survivor size 557056 bytes, new threshold 1 (max 15)
- age   1:     712984 bytes,     712984 total
: 2250K->847K(2304K), 0.0044151 secs] 730389K->729565K(731668K), 0.0044928 secs] [Times: user=0.02 sys=0.01, real=0.01 secs] 
40.776: [GC 40.776: [ParNew
Desired survivor size 557056 bytes, new threshold 1 (max 15)
- age   1:     674296 bytes,     674296 total
: 2063K->942K(2304K), 0.0055333 secs] 730781K->730356K(732436K), 0.0056166 secs] [Times: user=0.02 sys=0.00, real=0.00 secs] 
40.783: [GC 40.783: [ParNew
Desired survivor size 557056 bytes, new threshold 1 (max 15)
- age   1:     712560 bytes,     712560 total
: 2158K->1088K(2304K), 0.0051261 secs] 731572K->731160K(733012K), 0.0052046 secs] [Times: user=0.02 sys=0.00, real=0.01 secs] 
40.791: [GC 40.791: [ParNew
Desired survivor size 557056 bytes, new threshold 1 (max 15)
- age   1:     961016 bytes,     961016 total
: 2304K->1088K(2304K), 0.0060781 secs] 732376K->732038K(733972K), 0.0062107 secs] [Times: user=0.01 sys=0.00, real=0.01 secs] 
40.801: [GC 40.801: [ParNew
Desired survivor size 557056 bytes, new threshold 1 (max 15)
- age   1:     927160 bytes,     927160 total
: 2304K->1088K(2304K), 0.0056509 secs] 733254K->733274K(735124K), 0.0057400 secs] [Times: user=0.02 sys=0.00, real=0.01 secs] 
40.808: [GC 40.808: [ParNew
Desired survivor size 557056 bytes, new threshold 1 (max 15)
- age   1:     756328 bytes,     756328 total
: 2304K->1088K(2304K), 0.0052222 secs] 734490K->734199K(736084K), 0.0053123 secs] [Times: user=0.01 sys=0.00, real=0.00 secs] 
40.816: [GC 40.816: [ParNew
Desired survivor size 557056 bytes, new threshold 1 (max 15)
- age   1:    1040928 bytes,    1040928 total
: 2304K->1088K(2304K), 0.0051794 secs] 735415K->735122K(737044K), 0.0052664 secs] [Times: user=0.02 sys=0.00, real=0.00 secs] 
40.824: [GC 40.824: [ParNew
Desired survivor size 557056 bytes, new threshold 1 (max 15)
- age   1:     699512 bytes,     699512 total
: 2304K->1088K(2304K), 0.0052490 secs] 736338K->736139K(738004K), 0.0053365 secs] [Times: user=0.01 sys=0.00, real=0.00 secs] 
40.831: [GC 40.831: [ParNew
Desired survivor size 557056 bytes, new threshold 15 (max 15)
- age   1:        328 bytes,        328 total
: 2304K->751K(2304K), 0.0037302 secs] 737355K->736486K(738772K), 0.0038055 secs] [Times: user=0.01 sys=0.00, real=0.01 secs] 
40.836: [GC 40.836: [ParNew
Desired survivor size 557056 bytes, new threshold 15 (max 15)
- age   1:     507568 bytes,     507568 total
- age   2:        200 bytes,     507768 total
: 1967K->563K(2304K), 0.0029842 secs] 737702K->736298K(738772K), 0.0030624 secs] [Times: user=0.01 sys=0.00, real=0.00 secs] 
40.841: [GC 40.841: [ParNew
Desired survivor size 557056 bytes, new threshold 2 (max 15)
- age   1:     314040 bytes,     314040 total
- age   2:     507536 bytes,     821576 total
- age   3:        128 bytes,     821704 total
: 1779K->1047K(2304K), 0.0038737 secs] 737514K->736781K(738772K), 0.0039542 secs] [Times: user=0.01 sys=0.00, real=0.01 secs] 
40.847: [GC 40.847: [ParNew
Desired survivor size 557056 bytes, new threshold 2 (max 15)
- age   1:     271632 bytes,     271632 total
- age   2:     314000 bytes,     585632 total
: 2263K->1088K(2304K), 0.0038999 secs] 737997K->737318K(739156K), 0.0039788 secs] [Times: user=0.01 sys=0.00, real=0.00 secs] 
40.852: [GC 40.852: [ParNew
Desired survivor size 557056 bytes, new threshold 15 (max 15)
- age   1:        184 bytes,        184 total
- age   2:     271504 bytes,     271688 total
: 2304K->488K(2304K), 0.0037148 secs] 738534K->737025K(739540K), 0.0037953 secs] [Times: user=0.01 sys=0.00, real=0.01 secs] 
40.858: [GC 40.858: [ParNew
Desired survivor size 557056 bytes, new threshold 1 (max 15)
- age   1:     564520 bytes,     564520 total
- age   2:        112 bytes,     564632 total
- age   3:     271504 bytes,     836136 total
: 1704K->937K(2304K), 0.0037902 secs] 738241K->737474K(739540K), 0.0038743 secs] [Times: user=0.01 sys=0.00, real=0.00 secs] 
40.863: [GC 40.863: [ParNew
Desired survivor size 557056 bytes, new threshold 15 (max 15)
- age   1:     341064 bytes,     341064 total
: 2153K->661K(2304K), 0.0050184 secs] 738690K->738015K(740308K), 0.0050968 secs] [Times: user=0.01 sys=0.01, real=0.01 secs] 
40.870: [GC 40.870: [ParNew
Desired survivor size 557056 bytes, new threshold 2 (max 15)
- age   1:     388904 bytes,     388904 total
- age   2:     340992 bytes,     729896 total
: 1877K->798K(2304K), 0.0034412 secs] 739231K->738151K(740308K), 0.0035269 secs] [Times: user=0.01 sys=0.00, real=0.00 secs] 
40.875: [GC 40.875: [ParNew
Desired survivor size 557056 bytes, new threshold 15 (max 15)
- age   1:     155928 bytes,     155928 total
- age   2:     388776 bytes,     544704 total
: 2014K->910K(2304K), 0.0043344 secs] 739367K->738597K(740692K), 0.0044260 secs] [Times: user=0.01 sys=0.00, real=0.00 secs] 
40.881: [GC 40.881: [ParNew
Desired survivor size 557056 bytes, new threshold 3 (max 15)
- age   1:     208896 bytes,     208896 total
- age   2:     155800 bytes,     364696 total
- age   3:     388776 bytes,     753472 total
: 2126K->878K(2304K), 0.0035816 secs] 739813K->738564K(740692K), 0.0036898 secs] [Times: user=0.02 sys=0.00, real=0.01 secs] 
40.886: [GC 40.886: [ParNew
Desired survivor size 557056 bytes, new threshold 15 (max 15)
- age   1:        240 bytes,        240 total
- age   2:     208792 bytes,     209032 total
- age   3:     155800 bytes,     364832 total
: 2094K->799K(2304K), 0.0036861 secs] 739780K->738865K(741076K), 0.0037629 secs] [Times: user=0.01 sys=0.00, real=0.00 secs] 
40.891: [GC 40.891: [ParNew
Desired survivor size 557056 bytes, new threshold 15 (max 15)
- age   1:        160 bytes,        160 total
- age   2:        168 bytes,        328 total
- age   3:     208792 bytes,     209120 total
- age   4:     155800 bytes,     364920 total
: 2015K->513K(2304K), 0.0039060 secs] 740081K->738579K(741076K), 0.0039917 secs] [Times: user=0.01 sys=0.00, real=0.01 secs] 
40.896: [GC 40.897: [ParNew
Desired survivor size 557056 bytes, new threshold 15 (max 15)
- age   1:        248 bytes,        248 total
- age   3:        168 bytes,        416 total
- age   4:     208792 bytes,     209208 total
- age   5:     155800 bytes,     365008 total
: 1729K->511K(2304K), 0.0028863 secs] 739795K->738577K(741076K), 0.0029594 secs] [Times: user=0.01 sys=0.00, real=0.00 secs] 
40.901: [GC 40.901: [ParNew
Desired survivor size 557056 bytes, new threshold 6 (max 15)
- age   1:     232024 bytes,     232024 total
- age   2:         40 bytes,     232064 total
- age   4:        168 bytes,     232232 total
- age   5:     208792 bytes,     441024 total
- age   6:     155800 bytes,     596824 total
: 1727K->705K(2304K), 0.0030768 secs] 739793K->738771K(741076K), 0.0031479 secs] [Times: user=0.01 sys=0.00, real=0.00 secs] 
40.906: [GC 40.906: [ParNew
Desired survivor size 557056 bytes, new threshold 2 (max 15)
- age   1:     543904 bytes,     543904 total
- age   2:     169504 bytes,     713408 total
- age   3:         40 bytes,     713448 total
- age   5:        168 bytes,     713616 total
- age   6:     208792 bytes,     922408 total
: 1921K->1088K(2304K), 0.0041048 secs] 739987K->739415K(741268K), 0.0041846 secs] [Times: user=0.02 sys=0.00, real=0.00 secs] 
40.912: [GC 40.912: [ParNew
Desired survivor size 557056 bytes, new threshold 1 (max 15)
- age   1:     691432 bytes,     691432 total
- age   2:     422360 bytes,    1113792 total
: 2304K->1088K(2304K), 0.0060503 secs] 740631K->740435K(742228K), 0.0061322 secs] [Times: user=0.02 sys=0.01, real=0.01 secs] 
40.921: [GC 40.921: [ParNew
Desired survivor size 557056 bytes, new threshold 1 (max 15)
- age   1:    1043856 bytes,    1043856 total
: 2304K->1088K(2304K), 0.0068698 secs] 741651K->741721K(743572K), 0.0069591 secs] [Times: user=0.02 sys=0.00, real=0.01 secs] 
40.930: [GC 40.930: [ParNew
Desired survivor size 557056 bytes, new threshold 15 (max 15)
- age   1:     490464 bytes,     490464 total
: 2304K->1088K(2304K), 0.0050728 secs] 742937K->742728K(744724K), 0.0051569 secs] [Times: user=0.01 sys=0.00, real=0.01 secs] 
40.937: [GC 40.937: [ParNew
Desired survivor size 557056 bytes, new threshold 1 (max 15)
- age   1:     839368 bytes,     839368 total
- age   2:     267056 bytes,    1106424 total
: 2304K->1088K(2304K), 0.0046141 secs] 743944K->743231K(745108K), 0.0046956 secs] [Times: user=0.01 sys=0.00, real=0.00 secs] 
40.944: [GC 40.945: [ParNew
Desired survivor size 557056 bytes, new threshold 1 (max 15)
- age   1:     639088 bytes,     639088 total
: 2304K->1088K(2304K), 0.0055252 secs] 744447K->744311K(746260K), 0.0056187 secs] [Times: user=0.02 sys=0.00, real=0.00 secs] 
40.954: [GC 40.954: [ParNew
Desired survivor size 557056 bytes, new threshold 15 (max 15)
- age   1:     507040 bytes,     507040 total
: 2304K->707K(2304K), 0.0044543 secs] 745527K->744554K(746836K), 0.0045556 secs] [Times: user=0.02 sys=0.00, real=0.01 secs] 
40.961: [GC 40.961: [ParNew
Desired survivor size 557056 bytes, new threshold 2 (max 15)
- age   1:     502440 bytes,     502440 total
- age   2:     494704 bytes,     997144 total
: 1923K->1088K(2304K), 0.0044869 secs] 745770K->744934K(746836K), 0.0046161 secs] [Times: user=0.02 sys=0.00, real=0.01 secs] 
40.970: [GC 40.970: [ParNew
Desired survivor size 557056 bytes, new threshold 2 (max 15)
- age   1:     235552 bytes,     235552 total
- age   2:     478568 bytes,     714120 total
: 2304K->1088K(2304K), 0.0043733 secs] 746150K->745417K(747220K), 0.0044759 secs] [Times: user=0.01 sys=0.00, real=0.01 secs] 
40.978: [GC 40.978: [ParNew
Desired survivor size 557056 bytes, new threshold 15 (max 15)
- age   1:     232984 bytes,     232984 total
- age   2:     189616 bytes,     422600 total
: 2304K->986K(2304K), 0.0051003 secs] 746633K->745783K(747796K), 0.0051903 secs] [Times: user=0.02 sys=0.00, real=0.00 secs] 
40.986: [GC 40.986: [ParNew
Desired survivor size 557056 bytes, new threshold 3 (max 15)
- age   1:     311088 bytes,     311088 total
- age   2:     205352 bytes,     516440 total
- age   3:     189616 bytes,     706056 total
: 2202K->823K(2304K), 0.0033343 secs] 746999K->745621K(747796K), 0.0034178 secs] [Times: user=0.02 sys=0.00, real=0.00 secs] 
40.991: [GC 40.991: [ParNew
Desired survivor size 557056 bytes, new threshold 1 (max 15)
- age   1:     659928 bytes,     659928 total
- age   2:     275088 bytes,     935016 total
- age   3:     158768 bytes,    1093784 total
: 2039K->1088K(2304K), 0.0043337 secs] 746837K->746408K(748180K), 0.0044129 secs] [Times: user=0.02 sys=0.00, real=0.01 secs] 
40.997: [GC 40.997: [ParNew
Desired survivor size 557056 bytes, new threshold 15 (max 15)
- age   1:     300176 bytes,     300176 total
: 2304K->901K(2304K), 0.0047369 secs] 747624K->747290K(749332K), 0.0048152 secs] [Times: user=0.02 sys=0.00, real=0.00 secs] 
41.003: [GC 41.003: [ParNew
Desired survivor size 557056 bytes, new threshold 1 (max 15)
- age   1:     607688 bytes,     607688 total
- age   2:     300144 bytes,     907832 total
: 2117K->1088K(2304K), 0.0039925 secs] 748506K->747476K(749332K), 0.0040760 secs] [Times: user=0.01 sys=0.00, real=0.01 secs] 
41.010: [GC 41.010: [ParNew
Desired survivor size 557056 bytes, new threshold 15 (max 15)
- age   1:     431088 bytes,     431088 total
: 2304K->924K(2304K), 0.0049583 secs] 748692K->748199K(750292K), 0.0050435 secs] [Times: user=0.02 sys=0.00, real=0.01 secs] 
41.017: [GC 41.017: [ParNew
Desired survivor size 557056 bytes, new threshold 1 (max 15)
- age   1:     647648 bytes,     647648 total
- age   2:     431088 bytes,    1078736 total
: 2140K->1088K(2304K), 0.0035012 secs] 749415K->748382K(750292K), 0.0035813 secs] [Times: user=0.01 sys=0.00, real=0.00 secs] 
41.022: [GC 41.022: [ParNew
Desired survivor size 557056 bytes, new threshold 1 (max 15)
- age   1:     932504 bytes,     932504 total
: 2304K->1088K(2304K), 0.0066982 secs] 749598K->749680K(751636K), 0.0067827 secs] [Times: user=0.02 sys=0.01, real=0.01 secs] 
41.031: [GC 41.031: [ParNew
Desired survivor size 557056 bytes, new threshold 1 (max 15)
- age   1:    1005784 bytes,    1005784 total
: 2304K->1088K(2304K), 0.0062745 secs] 750896K->750755K(752596K), 0.0063586 secs] [Times: user=0.02 sys=0.00, real=0.01 secs] 
41.040: [GC 41.040: [ParNew
Desired survivor size 557056 bytes, new threshold 15 (max 15)
- age   1:     158664 bytes,     158664 total
: 2304K->962K(2304K), 0.0053206 secs] 751971K->751611K(753748K), 0.0054113 secs] [Times: user=0.02 sys=0.00, real=0.01 secs] 
41.047: [GC 41.047: [ParNew
Desired survivor size 557056 bytes, new threshold 15 (max 15)
- age   1:     323248 bytes,     323248 total
- age   2:     158632 bytes,     481880 total
: 2178K->603K(2304K), 0.0039015 secs] 752827K->751252K(753748K), 0.0039839 secs] [Times: user=0.01 sys=0.00, real=0.00 secs] 
41.053: [GC 41.053: [ParNew
Desired survivor size 557056 bytes, new threshold 1 (max 15)
- age   1:     610720 bytes,     610720 total
- age   2:     323144 bytes,     933864 total
- age   3:     158632 bytes,    1092496 total
: 1819K->1088K(2304K), 0.0037356 secs] 752468K->751765K(753748K), 0.0038134 secs] [Times: user=0.01 sys=0.00, real=0.01 secs] 
41.059: [GC 41.059: [ParNew
Desired survivor size 557056 bytes, new threshold 15 (max 15)
- age   1:     144016 bytes,     144016 total
: 2304K->422K(2304K), 0.0063002 secs] 752981K->752166K(754708K), 0.0064174 secs] [Times: user=0.01 sys=0.00, real=0.01 secs] 
41.069: [GC 41.069: [ParNew
Desired survivor size 557056 bytes, new threshold 15 (max 15)
- age   1:     241648 bytes,     241648 total
- age   2:     138432 bytes,     380080 total
: 1638K->492K(2304K), 0.0031590 secs] 753382K->752237K(754708K), 0.0032419 secs] [Times: user=0.01 sys=0.00, real=0.00 secs] 
41.074: [GC 41.074: [ParNew
Desired survivor size 557056 bytes, new threshold 1 (max 15)
- age   1:     624104 bytes,     624104 total
- age   2:     241648 bytes,     865752 total
- age   3:     138432 bytes,    1004184 total
: 1708K->1088K(2304K), 0.0034584 secs] 753453K->752832K(754708K), 0.0035351 secs] [Times: user=0.01 sys=0.01, real=0.01 secs] 
41.079: [GC 41.079: [ParNew
Desired survivor size 557056 bytes, new threshold 1 (max 15)
- age   1:     743904 bytes,     743904 total
: 2304K->1088K(2304K), 0.0058275 secs] 754048K->753812K(755668K), 0.0059120 secs] [Times: user=0.01 sys=0.00, real=0.01 secs] 
41.088: [GC 41.088: [ParNew
Desired survivor size 557056 bytes, new threshold 15 (max 15)
- age   1:     492680 bytes,     492680 total
: 2304K->998K(2304K), 0.0045882 secs] 755028K->754449K(756436K), 0.0046914 secs] [Times: user=0.01 sys=0.00, real=0.00 secs] 
41.096: [GC 41.096: [ParNew
Desired survivor size 557056 bytes, new threshold 1 (max 15)
- age   1:     674528 bytes,     674528 total
- age   2:     436248 bytes,    1110776 total
: 2214K->1088K(2304K), 0.0054353 secs] 755665K->755117K(757012K), 0.0055164 secs] [Times: user=0.02 sys=0.00, real=0.00 secs] 
41.103: [GC 41.104: [ParNew
Desired survivor size 557056 bytes, new threshold 1 (max 15)
- age   1:     999656 bytes,     999656 total
: 2304K->1088K(2304K), 0.0064340 secs] 756333K->756429K(758356K), 0.0065262 secs] [Times: user=0.02 sys=0.00, real=0.01 secs] 
41.112: [GC 41.112: [ParNew
Desired survivor size 557056 bytes, new threshold 1 (max 15)
- age   1:     641984 bytes,     641984 total
: 2304K->1088K(2304K), 0.0058030 secs] 757645K->757405K(759316K), 0.0058816 secs] [Times: user=0.02 sys=0.00, real=0.01 secs] 
41.119: [GC 41.119: [ParNew
Desired survivor size 557056 bytes, new threshold 1 (max 15)
- age   1:     593224 bytes,     593224 total
: 2304K->948K(2304K), 0.0042057 secs] 758621K->757893K(759892K), 0.0042850 secs] [Times: user=0.02 sys=0.01, real=0.00 secs] 
41.125: [GC 41.125: [ParNew
Desired survivor size 557056 bytes, new threshold 15 (max 15)
- age   1:     262032 bytes,     262032 total
: 2164K->691K(2304K), 0.0044607 secs] 759109K->758214K(760468K), 0.0045456 secs] [Times: user=0.02 sys=0.00, real=0.00 secs] 
41.132: [GC 41.132: [ParNew
Desired survivor size 557056 bytes, new threshold 15 (max 15)
- age   1:        176 bytes,        176 total
- age   2:     261912 bytes,     262088 total
: 1907K->404K(2304K), 0.0040878 secs] 759430K->757927K(760468K), 0.0041773 secs] [Times: user=0.01 sys=0.00, real=0.01 secs] 
41.138: [GC 41.138: [ParNew
Desired survivor size 557056 bytes, new threshold 15 (max 15)
- age   1:      93632 bytes,      93632 total
- age   2:        112 bytes,      93744 total
- age   3:     261912 bytes,     355656 total
: 1620K->424K(2304K), 0.0029845 secs] 759143K->757947K(760468K), 0.0030612 secs] [Times: user=0.01 sys=0.00, real=0.00 secs] 
41.143: [GC 41.143: [ParNew
Desired survivor size 557056 bytes, new threshold 2 (max 15)
- age   1:     482312 bytes,     482312 total
- age   2:      93632 bytes,     575944 total
- age   3:        112 bytes,     576056 total
- age   4:     261912 bytes,     837968 total
: 1640K->963K(2304K), 0.0038478 secs] 759163K->758487K(760468K), 0.0039282 secs] [Times: user=0.02 sys=0.00, real=0.01 secs] 
41.148: [GC 41.148: [ParNew
Desired survivor size 557056 bytes, new threshold 2 (max 15)
- age   1:     344640 bytes,     344640 total
- age   2:     482280 bytes,     826920 total
: 2179K->1088K(2304K), 0.0041221 secs] 759703K->758958K(760852K), 0.0041959 secs] [Times: user=0.02 sys=0.00, real=0.00 secs] 
41.154: [GC 41.154: [ParNew
Desired survivor size 557056 bytes, new threshold 1 (max 15)
- age   1:     605224 bytes,     605224 total
- age   2:     322656 bytes,     927880 total
: 2304K->1088K(2304K), 0.0046732 secs] 760174K->759472K(761428K), 0.0047641 secs] [Times: user=0.02 sys=0.00, real=0.00 secs] 
41.162: [GC 41.162: [ParNew
Desired survivor size 557056 bytes, new threshold 1 (max 15)
- age   1:     980344 bytes,     980344 total
: 2304K->1088K(2304K), 0.0062048 secs] 760688K->760551K(762388K), 0.0062907 secs] [Times: user=0.02 sys=0.00, real=0.01 secs] 
41.170: [GC 41.170: [ParNew
Desired survivor size 557056 bytes, new threshold 15 (max 15)
- age   1:     332160 bytes,     332160 total
: 2304K->702K(2304K), 0.0054505 secs] 761767K->761123K(763348K), 0.0055353 secs] [Times: user=0.01 sys=0.01, real=0.01 secs] 
41.178: [GC 41.178: [ParNew
Desired survivor size 557056 bytes, new threshold 15 (max 15)
- age   1:        112 bytes,        112 total
- age   2:     332120 bytes,     332232 total
: 1918K->444K(2304K), 0.0030422 secs] 762339K->760865K(763348K), 0.0031185 secs] [Times: user=0.01 sys=0.00, real=0.00 secs] 
41.193: [GC 41.193: [ParNew
Desired survivor size 557056 bytes, new threshold 15 (max 15)
- age   1:     141720 bytes,     141720 total
- age   2:         40 bytes,     141760 total
- age   3:     331992 bytes,     473752 total
: 1660K->664K(2304K), 0.0051644 secs] 762081K->761085K(763348K), 0.0052943 secs] [Times: user=0.01 sys=0.00, real=0.01 secs] 
41.201: [GC 41.201: [ParNew
Desired survivor size 557056 bytes, new threshold 15 (max 15)
- age   1:      81624 bytes,      81624 total
- age   2:     129392 bytes,     211016 total
- age   3:         40 bytes,     211056 total
- age   4:     331992 bytes,     543048 total
: 1880K->645K(2304K), 0.0033048 secs] 762301K->761066K(763348K), 0.0033908 secs] [Times: user=0.02 sys=0.00, real=0.01 secs] 
41.206: [GC 41.206: [ParNew
Desired survivor size 557056 bytes, new threshold 5 (max 15)
- age   1:      79560 bytes,      79560 total
- age   2:      63216 bytes,     142776 total
- age   3:     129392 bytes,     272168 total
- age   4:         40 bytes,     272208 total
- age   5:     331992 bytes,     604200 total
: 1861K->757K(2304K), 0.0035022 secs] 762282K->761178K(763348K), 0.0035918 secs] [Times: user=0.01 sys=0.00, real=0.00 secs] 
41.212: [GC 41.213: [ParNew
Desired survivor size 557056 bytes, new threshold 3 (max 15)
- age   1:     427920 bytes,     427920 total
- age   2:      79432 bytes,     507352 total
- age   3:      63216 bytes,     570568 total
- age   4:     129392 bytes,     699960 total
- age   5:         40 bytes,     700000 total
: 1973K->995K(2304K), 0.0040654 secs] 762394K->761740K(763732K), 0.0041482 secs] [Times: user=0.01 sys=0.00, real=0.01 secs] 
41.218: [GC 41.218: [ParNew
Desired survivor size 557056 bytes, new threshold 2 (max 15)
- age   1:     220472 bytes,     220472 total
- age   2:     427920 bytes,     648392 total
- age   3:      79400 bytes,     727792 total
: 2211K->982K(2304K), 0.0041716 secs] 762956K->761915K(763924K), 0.0042561 secs] [Times: user=0.01 sys=0.00, real=0.00 secs] 
41.224: [GC 41.224: [ParNew
Desired survivor size 557056 bytes, new threshold 1 (max 15)
- age   1:     598416 bytes,     598416 total
- age   2:     220400 bytes,     818816 total
: 2198K->1088K(2304K), 0.0045047 secs] 763131K->762516K(764500K), 0.0045915 secs] [Times: user=0.01 sys=0.00, real=0.00 secs] 
41.231: [GC 41.231: [ParNew
Desired survivor size 557056 bytes, new threshold 1 (max 15)
- age   1:     798376 bytes,     798376 total
: 2304K->1088K(2304K), 0.0077734 secs] 763732K->763316K(765268K), 0.0078744 secs] [Times: user=0.01 sys=0.00, real=0.01 secs] 
41.242: [GC 41.242: [ParNew
Desired survivor size 557056 bytes, new threshold 1 (max 15)
- age   1:    1047424 bytes,    1047424 total
: 2304K->1088K(2304K), 0.0065645 secs] 764532K->764279K(766228K), 0.0066494 secs] [Times: user=0.02 sys=0.01, real=0.01 secs] 
41.251: [GC 41.251: [ParNew
Desired survivor size 557056 bytes, new threshold 1 (max 15)
- age   1:     741992 bytes,     741992 total
: 2304K->1088K(2304K), 0.0057332 secs] 765495K->765302K(767188K), 0.0058484 secs] [Times: user=0.01 sys=0.00, real=0.01 secs] 
41.259: [GC 41.259: [ParNew
Desired survivor size 557056 bytes, new threshold 1 (max 15)
- age   1:    1031304 bytes,    1031304 total
: 2304K->1088K(2304K), 0.0050447 secs] 766518K->766175K(768148K), 0.0051288 secs] [Times: user=0.02 sys=0.00, real=0.01 secs] 
41.266: [GC 41.267: [ParNew
Desired survivor size 557056 bytes, new threshold 1 (max 15)
- age   1:     866520 bytes,     866520 total
: 2304K->1088K(2304K), 0.0067160 secs] 767391K->767543K(769492K), 0.0067963 secs] [Times: user=0.02 sys=0.00, real=0.00 secs] 
41.275: [GC 41.275: [ParNew
Desired survivor size 557056 bytes, new threshold 15 (max 15)
- age   1:     242456 bytes,     242456 total
: 2304K->872K(2304K), 0.0043533 secs] 768759K->768174K(770452K), 0.0044323 secs] [Times: user=0.02 sys=0.00, real=0.00 secs] 
41.281: [GC 41.281: [ParNew
Desired survivor size 557056 bytes, new threshold 15 (max 15)
- age   1:     222056 bytes,     222056 total
- age   2:     242328 bytes,     464384 total
: 2088K->693K(2304K), 0.0030430 secs] 769390K->767995K(770452K), 0.0031204 secs] [Times: user=0.01 sys=0.00, real=0.00 secs] 
41.286: [GC 41.286: [ParNew
Desired survivor size 557056 bytes, new threshold 3 (max 15)
- age   1:     283008 bytes,     283008 total
- age   2:     222056 bytes,     505064 total
- age   3:     242288 bytes,     747352 total
: 1909K->921K(2304K), 0.0052263 secs] 769211K->768223K(770452K), 0.0053311 secs] [Times: user=0.01 sys=0.01, real=0.00 secs] 
41.293: [GC 41.293: [ParNew
Desired survivor size 557056 bytes, new threshold 15 (max 15)
- age   1:        240 bytes,        240 total
- age   2:     282880 bytes,     283120 total
- age   3:     222056 bytes,     505176 total
: 2137K->812K(2304K), 0.0044141 secs] 769439K->768350K(770644K), 0.0044975 secs] [Times: user=0.02 sys=0.00, real=0.01 secs] 
41.299: [GC 41.299: [ParNew
Desired survivor size 557056 bytes, new threshold 3 (max 15)
- age   1:     349696 bytes,     349696 total
- age   3:     282880 bytes,     632576 total
- age   4:     222056 bytes,     854632 total
: 2028K->1088K(2304K), 0.0034506 secs] 769566K->768626K(770644K), 0.0035274 secs] [Times: user=0.01 sys=0.00, real=0.00 secs] 
41.305: [GC 41.305: [ParNew
Desired survivor size 557056 bytes, new threshold 15 (max 15)
- age   1:      46704 bytes,      46704 total
- age   2:     349624 bytes,     396328 total
: 2304K->759K(2304K), 0.0040701 secs] 769842K->768790K(771028K), 0.0041520 secs] [Times: user=0.01 sys=0.00, real=0.00 secs] 
41.311: [GC 41.311: [ParNew
Desired survivor size 557056 bytes, new threshold 15 (max 15)
- age   1:      76032 bytes,      76032 total
- age   2:      61336 bytes,     137368 total
- age   3:     349624 bytes,     486992 total
: 1975K->669K(2304K), 0.0032611 secs] 770006K->768701K(771028K), 0.0033438 secs] [Times: user=0.01 sys=0.00, real=0.01 secs] 
41.316: [GC 41.316: [ParNew
Desired survivor size 557056 bytes, new threshold 3 (max 15)
- age   1:     465352 bytes,     465352 total
- age   2:      76000 bytes,     541352 total
- age   3:      46440 bytes,     587792 total
- age   4:     349624 bytes,     937416 total
: 1885K->1088K(2304K), 0.0047283 secs] 769917K->769119K(771028K), 0.0048094 secs] [Times: user=0.02 sys=0.00, real=0.00 secs] 
41.323: [GC 41.323: [ParNew
Desired survivor size 557056 bytes, new threshold 2 (max 15)
- age   1:     463232 bytes,     463232 total
- age   2:     465224 bytes,     928456 total
- age   3:      48440 bytes,     976896 total
: 2304K->1088K(2304K), 0.0045401 secs] 770335K->769507K(771412K), 0.0046229 secs] [Times: user=0.02 sys=0.00, real=0.01 secs] 
41.329: [GC 41.329: [ParNew
Desired survivor size 557056 bytes, new threshold 15 (max 15)
- age   1:      63296 bytes,      63296 total
- age   2:     463160 bytes,     526456 total
: 2304K->1088K(2304K), 0.0040196 secs] 770723K->770009K(771988K), 0.0041026 secs] [Times: user=0.02 sys=0.00, real=0.00 secs] 
41.335: [GC 41.335: [ParNew
Desired survivor size 557056 bytes, new threshold 1 (max 15)
- age   1:     614664 bytes,     614664 total
- age   2:      35736 bytes,     650400 total
- age   3:     463040 bytes,    1113440 total
: 2304K->1088K(2304K), 0.0050542 secs] 771225K->770574K(772372K), 0.0051711 secs] [Times: user=0.02 sys=0.00, real=0.00 secs] 
41.341: [GC 41.341: [ParNew
Desired survivor size 557056 bytes, new threshold 1 (max 15)
- age   1:     731600 bytes,     731600 total
: 2304K->1088K(2304K), 0.0055831 secs] 771790K->771656K(773524K), 0.0056635 secs] [Times: user=0.02 sys=0.01, real=0.01 secs] 
41.349: [GC 41.349: [ParNew
Desired survivor size 557056 bytes, new threshold 15 (max 15)
- age   1:     453576 bytes,     453576 total
: 2304K->756K(2304K), 0.0056234 secs] 772872K->772039K(774292K), 0.0057183 secs] [Times: user=0.01 sys=0.00, real=0.01 secs] 
41.357: [GC 41.357: [ParNew
Desired survivor size 557056 bytes, new threshold 1 (max 15)
- age   1:     562504 bytes,     562504 total
- age   2:     453576 bytes,    1016080 total
: 1972K->1088K(2304K), 0.0035143 secs] 773255K->772374K(774292K), 0.0036044 secs] [Times: user=0.01 sys=0.00, real=0.00 secs] 
41.362: [GC 41.362: [ParNew
Desired survivor size 557056 bytes, new threshold 1 (max 15)
- age   1:     675112 bytes,     675112 total
: 2304K->1088K(2304K), 0.0055712 secs] 773590K->773552K(775444K), 0.0056576 secs] [Times: user=0.02 sys=0.00, real=0.01 secs] 
41.368: [GC 41.368: [ParNew
Desired survivor size 557056 bytes, new threshold 15 (max 15)
- age   1:     388832 bytes,     388832 total
: 2304K->702K(2304K), 0.0047314 secs] 774768K->773821K(776020K), 0.0048160 secs] [Times: user=0.01 sys=0.00, real=0.00 secs] 
41.374: [GC 41.375: [ParNew
Desired survivor size 557056 bytes, new threshold 1 (max 15)
- age   1:     697656 bytes,     697656 total
- age   2:     378432 bytes,    1076088 total
: 1918K->1088K(2304K), 0.0044663 secs] 775037K->774271K(776212K), 0.0045410 secs] [Times: user=0.01 sys=0.00, real=0.00 secs] 
41.380: [GC 41.380: [ParNew
Desired survivor size 557056 bytes, new threshold 1 (max 15)
- age   1:     777184 bytes,     777184 total
: 2304K->1084K(2304K), 0.0055327 secs] 775487K->775318K(777172K), 0.0056146 secs] [Times: user=0.02 sys=0.00, real=0.01 secs] 
41.388: [GC 41.388: [ParNew
Desired survivor size 557056 bytes, new threshold 1 (max 15)
- age   1:    1017952 bytes,    1017952 total
: 2300K->1088K(2304K), 0.0053633 secs] 776534K->776226K(778132K), 0.0054514 secs] [Times: user=0.02 sys=0.00, real=0.00 secs] 
41.395: [GC 41.395: [ParNew
Desired survivor size 557056 bytes, new threshold 1 (max 15)
- age   1:     724432 bytes,     724432 total
: 2304K->1088K(2304K), 0.0055130 secs] 777442K->777220K(779092K), 0.0055931 secs] [Times: user=0.02 sys=0.01, real=0.00 secs] 
41.402: [GC 41.402: [ParNew
Desired survivor size 557056 bytes, new threshold 15 (max 15)
- age   1:        240 bytes,        240 total
: 2304K->574K(2304K), 0.0051317 secs] 778436K->777414K(779860K), 0.0052345 secs] [Times: user=0.02 sys=0.00, real=0.01 secs] 
41.409: [GC 41.409: [ParNew
Desired survivor size 557056 bytes, new threshold 15 (max 15)
- age   1:        112 bytes,        112 total
- age   2:        128 bytes,        240 total
: 1790K->143K(2304K), 0.0027556 secs] 778630K->776983K(779860K), 0.0028180 secs] [Times: user=0.01 sys=0.00, real=0.00 secs] 
41.415: [GC 41.415: [ParNew
Desired survivor size 557056 bytes, new threshold 15 (max 15)
- age   1:     273104 bytes,     273104 total
- age   3:        128 bytes,     273232 total
: 1359K->280K(2304K), 0.0049720 secs] 778199K->777120K(779860K), 0.0050570 secs] [Times: user=0.01 sys=0.00, real=0.00 secs] 
41.421: [GC 41.421: [ParNew
Desired survivor size 557056 bytes, new threshold 1 (max 15)
- age   1:     837496 bytes,     837496 total
- age   2:     273032 bytes,    1110528 total
- age   4:        128 bytes,    1110656 total
: 1496K->1088K(2304K), 0.0049893 secs] 778336K->778097K(780052K), 0.0050770 secs] [Times: user=0.02 sys=0.00, real=0.01 secs] 
41.427: [GC 41.427: [ParNew
Desired survivor size 557056 bytes, new threshold 1 (max 15)
- age   1:     783424 bytes,     783424 total
: 2304K->1088K(2304K), 0.0057349 secs] 779313K->779320K(781204K), 0.0058523 secs] [Times: user=0.02 sys=0.00, real=0.00 secs] 
41.435: [GC 41.435: [ParNew
Desired survivor size 557056 bytes, new threshold 1 (max 15)
- age   1:     937552 bytes,     937552 total
: 2304K->1088K(2304K), 0.0062831 secs] 780536K->780269K(782164K), 0.0063663 secs] [Times: user=0.01 sys=0.00, real=0.00 secs] 
41.443: [GC 41.443: [ParNew
Desired survivor size 557056 bytes, new threshold 1 (max 15)
- age   1:     712616 bytes,     712616 total
: 2304K->1088K(2304K), 0.0051134 secs] 781485K->781194K(783124K), 0.0051943 secs] [Times: user=0.02 sys=0.01, real=0.01 secs] 
41.449: [GC 41.450: [ParNew
Desired survivor size 557056 bytes, new threshold 1 (max 15)
- age   1:    1113816 bytes,    1113816 total
: 2304K->1088K(2304K), 0.0050203 secs] 782410K->781940K(783892K), 0.0050995 secs] [Times: user=0.02 sys=0.00, real=0.01 secs] 
41.457: [GC 41.457: [ParNew
Desired survivor size 557056 bytes, new threshold 1 (max 15)
- age   1:     972032 bytes,     972032 total
: 2304K->1088K(2304K), 0.0060726 secs] 783156K->783285K(785236K), 0.0061514 secs] [Times: user=0.02 sys=0.00, real=0.00 secs] 
41.465: [GC 41.465: [ParNew
Desired survivor size 557056 bytes, new threshold 1 (max 15)
- age   1:     841296 bytes,     841296 total
: 2304K->1088K(2304K), 0.0069395 secs] 784501K->784619K(786580K), 0.0070208 secs] [Times: user=0.02 sys=0.00, real=0.00 secs] 
41.474: [GC 41.474: [ParNew
Desired survivor size 557056 bytes, new threshold 15 (max 15)
- age   1:     236504 bytes,     236504 total
: 2304K->856K(2304K), 0.0050149 secs] 785835K->785210K(787540K), 0.0050913 secs] [Times: user=0.01 sys=0.00, real=0.01 secs] 
41.483: [GC 41.483: [ParNew
Desired survivor size 557056 bytes, new threshold 1 (max 15)
- age   1:     870128 bytes,     870128 total
- age   2:     236376 bytes,    1106504 total
: 2072K->1087K(2304K), 0.0048276 secs] 786426K->785797K(787732K), 0.0049296 secs] [Times: user=0.02 sys=0.00, real=0.01 secs] 
41.490: [GC 41.490: [ParNew
Desired survivor size 557056 bytes, new threshold 15 (max 15)
- age   1:     311144 bytes,     311144 total
: 2303K->878K(2304K), 0.0047012 secs] 787013K->786669K(788884K), 0.0047833 secs] [Times: user=0.02 sys=0.01, real=0.01 secs] 
41.496: [GC 41.496: [ParNew
Desired survivor size 557056 bytes, new threshold 2 (max 15)
- age   1:     293536 bytes,     293536 total
- age   2:     311016 bytes,     604552 total
: 2094K->738K(2304K), 0.0032626 secs] 787885K->786529K(788884K), 0.0033467 secs] [Times: user=0.01 sys=0.00, real=0.00 secs] 
41.503: [GC 41.503: [ParNew
Desired survivor size 557056 bytes, new threshold 1 (max 15)
- age   1:     651424 bytes,     651424 total
- age   2:     293408 bytes,     944832 total
: 1954K->1088K(2304K), 0.0060845 secs] 787745K->787182K(789076K), 0.0061775 secs] [Times: user=0.02 sys=0.00, real=0.01 secs] 
41.511: [GC 41.511: [ParNew
Desired survivor size 557056 bytes, new threshold 15 (max 15)
- age   1:      92352 bytes,      92352 total
: 2304K->801K(2304K), 0.0046438 secs] 788398K->787791K(790036K), 0.0047254 secs] [Times: user=0.01 sys=0.00, real=0.01 secs] 
41.519: [GC 41.519: [ParNew
Desired survivor size 557056 bytes, new threshold 15 (max 15)
- age   1:     206096 bytes,     206096 total
- age   2:      92224 bytes,     298320 total
: 2017K->380K(2304K), 0.0032798 secs] 789007K->787370K(790036K), 0.0033633 secs] [Times: user=0.01 sys=0.00, real=0.00 secs] 
41.523: [GC 41.523: [ParNew
Desired survivor size 557056 bytes, new threshold 1 (max 15)
- age   1:     799800 bytes,     799800 total
- age   2:     206096 bytes,    1005896 total
- age   3:      92224 bytes,    1098120 total
: 1596K->1088K(2304K), 0.0049170 secs] 788586K->788172K(790036K), 0.0049987 secs] [Times: user=0.02 sys=0.00, real=0.01 secs] 
41.529: [GC 41.529: [ParNew
Desired survivor size 557056 bytes, new threshold 1 (max 15)
- age   1:     910768 bytes,     910768 total
: 2304K->1088K(2304K), 0.0072789 secs] 789388K->789280K(791188K), 0.0073408 secs] [Times: user=0.03 sys=0.00, real=0.01 secs] 
41.538: [GC 41.538: [ParNew
Desired survivor size 557056 bytes, new threshold 1 (max 15)
- age   1:     987440 bytes,     987440 total
: 2304K->1088K(2304K), 0.0074458 secs] 790496K->790376K(792340K), 0.0075459 secs] [Times: user=0.02 sys=0.00, real=0.01 secs] 
41.548: [GC 41.548: [ParNew
Desired survivor size 557056 bytes, new threshold 1 (max 15)
- age   1:    1075368 bytes,    1075368 total
: 2304K->1088K(2304K), 0.0057165 secs] 791592K->791496K(793492K), 0.0058009 secs] [Times: user=0.02 sys=0.00, real=0.00 secs] 
41.555: [GC 41.555: [ParNew
Desired survivor size 557056 bytes, new threshold 1 (max 15)
- age   1:     709656 bytes,     709656 total
: 2304K->1088K(2304K), 0.0064451 secs] 792712K->792546K(794644K), 0.0065164 secs] [Times: user=0.02 sys=0.00, real=0.00 secs] 
41.563: [GC 41.563: [ParNew
Desired survivor size 557056 bytes, new threshold 15 (max 15)
- age   1:     394824 bytes,     394824 total
: 2304K->775K(2304K), 0.0044101 secs] 793762K->792926K(795220K), 0.0044918 secs] [Times: user=0.01 sys=0.00, real=0.01 secs] 
41.570: [GC 41.570: [ParNew
Desired survivor size 557056 bytes, new threshold 1 (max 15)
- age   1:     835640 bytes,     835640 total
- age   2:     275176 bytes,    1110816 total
: 1991K->1088K(2304K), 0.0049435 secs] 794142K->793744K(795796K), 0.0050277 secs] [Times: user=0.01 sys=0.00, real=0.01 secs] 
41.578: [GC 41.578: [ParNew
Desired survivor size 557056 bytes, new threshold 1 (max 15)
- age   1:    1056192 bytes,    1056192 total
: 2304K->1088K(2304K), 0.0059546 secs] 794960K->795004K(797140K), 0.0060392 secs] [Times: user=0.02 sys=0.00, real=0.01 secs] 
41.586: [GC 41.586: [ParNew
Desired survivor size 557056 bytes, new threshold 1 (max 15)
- age   1:     678456 bytes,     678456 total
: 2304K->1088K(2304K), 0.0058561 secs] 796220K->796081K(798100K), 0.0059348 secs] [Times: user=0.02 sys=0.01, real=0.00 secs] 
41.594: [GC 41.594: [ParNew
Desired survivor size 557056 bytes, new threshold 1 (max 15)
- age   1:     996904 bytes,     996904 total
: 2304K->1088K(2304K), 0.0050868 secs] 797297K->796834K(798868K), 0.0051752 secs] [Times: user=0.02 sys=0.00, real=0.01 secs] 
41.601: [GC 41.601: [ParNew
Desired survivor size 557056 bytes, new threshold 1 (max 15)
- age   1:    1092640 bytes,    1092640 total
: 2304K->1088K(2304K), 0.0056588 secs] 798050K->797882K(799828K), 0.0057453 secs] [Times: user=0.02 sys=0.00, real=0.01 secs] 
41.608: [GC 41.608: [ParNew
Desired survivor size 557056 bytes, new threshold 1 (max 15)
- age   1:     995864 bytes,     995864 total
: 2304K->1088K(2304K), 0.0068593 secs] 799098K->799110K(801172K), 0.0069465 secs] [Times: user=0.02 sys=0.00, real=0.01 secs] 
41.616: [GC 41.616: [ParNew
Desired survivor size 557056 bytes, new threshold 1 (max 15)
- age   1:     799192 bytes,     799192 total
: 2304K->1088K(2304K), 0.0057951 secs] 800326K->800083K(802132K), 0.0058794 secs] [Times: user=0.02 sys=0.00, real=0.00 secs] 
41.624: [GC 41.624: [ParNew
Desired survivor size 557056 bytes, new threshold 15 (max 15)
- age   1:     515432 bytes,     515432 total
: 2304K->1039K(2304K), 0.0063030 secs] 801299K->800815K(802900K), 0.0063847 secs] [Times: user=0.01 sys=0.00, real=0.00 secs] 
41.632: [GC 41.632: [ParNew
Desired survivor size 557056 bytes, new threshold 2 (max 15)
- age   1:     556400 bytes,     556400 total
- age   2:     502000 bytes,    1058400 total
: 2255K->1088K(2304K), 0.0040208 secs] 802031K->800928K(802900K), 0.0041082 secs] [Times: user=0.01 sys=0.00, real=0.01 secs] 
41.638: [GC 41.638: [ParNew
Desired survivor size 557056 bytes, new threshold 1 (max 15)
- age   1:     597000 bytes,     597000 total
- age   2:     453552 bytes,    1050552 total
: 2304K->1088K(2304K), 0.0048405 secs] 802144K->801558K(803476K), 0.0049221 secs] [Times: user=0.02 sys=0.00, real=0.00 secs] 
41.645: [GC 41.645: [ParNew
Desired survivor size 557056 bytes, new threshold 1 (max 15)
- age   1:     994384 bytes,     994384 total
: 2304K->1088K(2304K), 0.0058990 secs] 802774K->802732K(804820K), 0.0059845 secs] [Times: user=0.02 sys=0.01, real=0.00 secs] 
41.652: [GC 41.652: [ParNew
Desired survivor size 557056 bytes, new threshold 1 (max 15)
- age   1:     786120 bytes,     786120 total
: 2304K->1088K(2304K), 0.0066625 secs] 803948K->803703K(805780K), 0.0067479 secs] [Times: user=0.02 sys=0.00, real=0.01 secs] 
41.660: [GC 41.660: [ParNew
Desired survivor size 557056 bytes, new threshold 1 (max 15)
- age   1:     594432 bytes,     594432 total
: 2304K->1021K(2304K), 0.0047837 secs] 804919K->804404K(806548K), 0.0048648 secs] [Times: user=0.02 sys=0.00, real=0.01 secs] 
41.667: [GC 41.667: [ParNew
Desired survivor size 557056 bytes, new threshold 1 (max 15)
- age   1:     622408 bytes,     622408 total
: 2237K->949K(2304K), 0.0052428 secs] 805620K->804912K(807124K), 0.0053411 secs] [Times: user=0.02 sys=0.00, real=0.00 secs] 
41.674: [GC 41.674: [ParNew
Desired survivor size 557056 bytes, new threshold 15 (max 15)
- age   1:     360016 bytes,     360016 total
: 2165K->701K(2304K), 0.0041503 secs] 806128K->805272K(807700K), 0.0042280 secs] [Times: user=0.02 sys=0.00, real=0.01 secs] 
41.679: [GC 41.679: [ParNew
Desired survivor size 557056 bytes, new threshold 2 (max 15)
- age   1:     349088 bytes,     349088 total
- age   2:     359944 bytes,     709032 total
: 1917K->884K(2304K), 0.0035337 secs] 806488K->805455K(807700K), 0.0036106 secs] [Times: user=0.01 sys=0.00, real=0.00 secs] 
41.684: [GC 41.684: [ParNew
Desired survivor size 557056 bytes, new threshold 1 (max 15)
- age   1:     664872 bytes,     664872 total
- age   2:     336280 bytes,    1001152 total
: 2100K->1088K(2304K), 0.0058647 secs] 806671K->806053K(808084K), 0.0059481 secs] [Times: user=0.01 sys=0.00, real=0.00 secs] 
41.692: [GC 41.692: [ParNew
Desired survivor size 557056 bytes, new threshold 1 (max 15)
- age   1:     806312 bytes,     806312 total
: 2304K->1088K(2304K), 0.0059631 secs] 807269K->807388K(809428K), 0.0060508 secs] [Times: user=0.02 sys=0.01, real=0.01 secs] 
41.699: [GC 41.700: [ParNew
Desired survivor size 557056 bytes, new threshold 1 (max 15)
- age   1:     629616 bytes,     629616 total
: 2304K->1013K(2304K), 0.0060232 secs] 808604K->808091K(810196K), 0.0061075 secs] [Times: user=0.02 sys=0.00, real=0.01 secs] 
41.708: [GC 41.708: [ParNew
Desired survivor size 557056 bytes, new threshold 15 (max 15)
- age   1:     169648 bytes,     169648 total
: 2229K->663K(2304K), 0.0042001 secs] 809307K->808356K(810772K), 0.0042659 secs] [Times: user=0.01 sys=0.00, real=0.00 secs] 
41.714: [GC 41.714: [ParNew
Desired survivor size 557056 bytes, new threshold 1 (max 15)
- age   1:     561288 bytes,     561288 total
- age   2:     169576 bytes,     730864 total
: 1879K->829K(2304K), 0.0036055 secs] 809572K->808522K(810772K), 0.0036867 secs] [Times: user=0.01 sys=0.00, real=0.01 secs] 
41.719: [GC 41.719: [ParNew
Desired survivor size 557056 bytes, new threshold 1 (max 15)
- age   1:     954896 bytes,     954896 total
: 2045K->1088K(2304K), 0.0071631 secs] 809738K->809733K(811540K), 0.0072478 secs] [Times: user=0.02 sys=0.00, real=0.01 secs] 
41.728: [GC 41.728: [ParNew
Desired survivor size 557056 bytes, new threshold 1 (max 15)
- age   1:     971024 bytes,     971024 total
: 2304K->1088K(2304K), 0.0063383 secs] 810949K->810866K(812884K), 0.0064319 secs] [Times: user=0.02 sys=0.00, real=0.01 secs] 
41.738: [GC 41.738: [ParNew
Desired survivor size 557056 bytes, new threshold 1 (max 15)
- age   1:     635176 bytes,     635176 total
: 2304K->1088K(2304K), 0.0057964 secs] 812082K->811809K(813844K), 0.0058842 secs] [Times: user=0.01 sys=0.00, real=0.00 secs] 
41.746: [GC 41.746: [ParNew
Desired survivor size 557056 bytes, new threshold 15 (max 15)
- age   1:     411952 bytes,     411952 total
: 2304K->694K(2304K), 0.0044341 secs] 813025K->812036K(814420K), 0.0045147 secs] [Times: user=0.01 sys=0.01, real=0.00 secs] 
41.752: [GC 41.752: [ParNew
Desired survivor size 557056 bytes, new threshold 1 (max 15)
- age   1:     643592 bytes,     643592 total
- age   2:     411880 bytes,    1055472 total
: 1910K->1088K(2304K), 0.0048198 secs] 813252K->812432K(814420K), 0.0049126 secs] [Times: user=0.01 sys=0.00, real=0.01 secs] 
41.760: [GC 41.760: [ParNew
Desired survivor size 557056 bytes, new threshold 1 (max 15)
- age   1:    1074256 bytes,    1074256 total
: 2304K->1088K(2304K), 0.0062365 secs] 813648K->813661K(815572K), 0.0063250 secs] [Times: user=0.02 sys=0.00, real=0.01 secs] 
41.769: [GC 41.769: [ParNew
Desired survivor size 557056 bytes, new threshold 1 (max 15)
- age   1:     906464 bytes,     906464 total
: 2304K->1088K(2304K), 0.0061841 secs] 814877K->814989K(816916K), 0.0062666 secs] [Times: user=0.02 sys=0.00, real=0.01 secs] 
41.777: [GC 41.777: [ParNew
Desired survivor size 557056 bytes, new threshold 1 (max 15)
- age   1:     989480 bytes,     989480 total
: 2304K->1088K(2304K), 0.0061534 secs] 816205K->816081K(818068K), 0.0062369 secs] [Times: user=0.02 sys=0.00, real=0.00 secs] 
41.785: [GC 41.785: [ParNew
Desired survivor size 557056 bytes, new threshold 15 (max 15)
- age   1:     424792 bytes,     424792 total
: 2304K->951K(2304K), 0.0063801 secs] 817297K->816900K(819028K), 0.0064718 secs] [Times: user=0.02 sys=0.00, real=0.00 secs] 
41.793: [GC 41.793: [ParNew
Desired survivor size 557056 bytes, new threshold 1 (max 15)
- age   1:     630416 bytes,     630416 total
- age   2:     424728 bytes,    1055144 total
: 2167K->1088K(2304K), 0.0044418 secs] 818116K->817045K(819028K), 0.0045279 secs] [Times: user=0.02 sys=0.01, real=0.01 secs] 
41.799: [GC 41.799: [ParNew
Desired survivor size 557056 bytes, new threshold 15 (max 15)
- age   1:     105296 bytes,     105296 total
: 2304K->653K(2304K), 0.0055373 secs] 818261K->817641K(819988K), 0.0056207 secs] [Times: user=0.02 sys=0.00, real=0.01 secs] 
41.806: [GC 41.807: [ParNew
Desired survivor size 557056 bytes, new threshold 15 (max 15)
- age   1:     282048 bytes,     282048 total
- age   2:     105168 bytes,     387216 total
: 1869K->534K(2304K), 0.0046663 secs] 818857K->817522K(819988K), 0.0047488 secs] [Times: user=0.02 sys=0.00, real=0.00 secs] 
41.813: [GC 41.813: [ParNew
Desired survivor size 557056 bytes, new threshold 3 (max 15)
- age   1:     238488 bytes,     238488 total
- age   2:     282016 bytes,     520504 total
- age   3:     105168 bytes,     625672 total
: 1750K->743K(2304K), 0.0033357 secs] 818738K->817731K(819988K), 0.0034149 secs] [Times: user=0.01 sys=0.00, real=0.01 secs] 
41.818: [GC 41.818: [ParNew
Desired survivor size 557056 bytes, new threshold 3 (max 15)
- age   1:     237976 bytes,     237976 total
- age   2:     238416 bytes,     476392 total
- age   3:     282016 bytes,     758408 total
: 1959K->1088K(2304K), 0.0035724 secs] 818947K->818178K(820180K), 0.0036465 secs] [Times: user=0.01 sys=0.00, real=0.00 secs] 
41.823: [GC 41.823: [ParNew
Desired survivor size 557056 bytes, new threshold 15 (max 15)
- age   1:        384 bytes,        384 total
- age   2:     237776 bytes,     238160 total
- age   3:     238288 bytes,     476448 total
: 2304K->860K(2304K), 0.0035956 secs] 819394K->818226K(820372K), 0.0036705 secs] [Times: user=0.01 sys=0.00, real=0.01 secs] 
41.828: [GC 41.828: [ParNew
Desired survivor size 557056 bytes, new threshold 15 (max 15)
- age   1:      35728 bytes,      35728 total
- age   2:        256 bytes,      35984 total
- age   3:     237776 bytes,     273760 total
- age   4:     238288 bytes,     512048 total
: 2076K->520K(2304K), 0.0033105 secs] 819442K->817885K(820372K), 0.0033889 secs] [Times: user=0.01 sys=0.00, real=0.00 secs] 
41.833: [GC 41.833: [ParNew
Desired survivor size 557056 bytes, new threshold 4 (max 15)
- age   1:     339864 bytes,     339864 total
- age   2:      35600 bytes,     375464 total
- age   3:        256 bytes,     375720 total
- age   4:     237776 bytes,     613496 total
- age   5:     238288 bytes,     851784 total
: 1736K->1038K(2304K), 0.0034782 secs] 819101K->818404K(820372K), 0.0035544 secs] [Times: user=0.01 sys=0.00, real=0.01 secs] 
41.838: [GC 41.838: [ParNew
Desired survivor size 557056 bytes, new threshold 15 (max 15)
- age   1:        200 bytes,        200 total
- age   2:     339792 bytes,     339992 total
- age   3:      35600 bytes,     375592 total
- age   4:        256 bytes,     375848 total
: 2254K->739K(2304K), 0.0053422 secs] 819620K->818570K(820948K), 0.0054514 secs] [Times: user=0.01 sys=0.00, real=0.00 secs] 
41.845: [GC 41.845: [ParNew
Desired survivor size 557056 bytes, new threshold 1 (max 15)
- age   1:     571480 bytes,     571480 total
- age   2:        128 bytes,     571608 total
- age   3:     339432 bytes,     911040 total
- age   4:      35600 bytes,     946640 total
- age   5:        256 bytes,     946896 total
: 1955K->1088K(2304K), 0.0036728 secs] 819786K->818919K(820948K), 0.0037569 secs] [Times: user=0.01 sys=0.00, real=0.00 secs] 
41.851: [GC 41.851: [ParNew
Desired survivor size 557056 bytes, new threshold 1 (max 15)
- age   1:     570584 bytes,     570584 total
: 2304K->967K(2304K), 0.0052953 secs] 820135K->819723K(821716K), 0.0053902 secs] [Times: user=0.02 sys=0.01, real=0.01 secs] 
41.858: [GC 41.858: [ParNew
Desired survivor size 557056 bytes, new threshold 1 (max 15)
- age   1:    1112520 bytes,    1112520 total
: 2183K->1088K(2304K), 0.0049233 secs] 820939K->820523K(822484K), 0.0050052 secs] [Times: user=0.01 sys=0.00, real=0.00 secs] 
41.863: [GC 41.864: [ParNew
Desired survivor size 557056 bytes, new threshold 1 (max 15)
- age   1:     923992 bytes,     923992 total
: 2304K->1088K(2304K), 0.0070646 secs] 821739K->821902K(823828K), 0.0071429 secs] [Times: user=0.02 sys=0.00, real=0.01 secs] 
41.872: [GC 41.872: [ParNew
Desired survivor size 557056 bytes, new threshold 1 (max 15)
- age   1:     846960 bytes,     846960 total
: 2304K->1088K(2304K), 0.0059152 secs] 823118K->822804K(824788K), 0.0059992 secs] [Times: user=0.02 sys=0.00, real=0.01 secs] 
41.879: [GC 41.879: [ParNew
Desired survivor size 557056 bytes, new threshold 1 (max 15)
- age   1:    1045248 bytes,    1045248 total
: 2304K->1088K(2304K), 0.0053774 secs] 824020K->823736K(825748K), 0.0054548 secs] [Times: user=0.02 sys=0.00, real=0.01 secs] 
41.886: [GC 41.886: [ParNew
Desired survivor size 557056 bytes, new threshold 1 (max 15)
- age   1:     883992 bytes,     883992 total
: 2304K->1088K(2304K), 0.0065051 secs] 824952K->825018K(826900K), 0.0065841 secs] [Times: user=0.02 sys=0.00, real=0.00 secs] 
41.894: [GC 41.894: [ParNew
Desired survivor size 557056 bytes, new threshold 1 (max 15)
- age   1:     713824 bytes,     713824 total
: 2304K->1088K(2304K), 0.0053508 secs] 826234K->825888K(827860K), 0.0054281 secs] [Times: user=0.02 sys=0.01, real=0.00 secs] 
41.901: [GC 41.901: [ParNew
Desired survivor size 557056 bytes, new threshold 15 (max 15)
- age   1:     276920 bytes,     276920 total
: 2304K->745K(2304K), 0.0048810 secs] 827104K->826243K(828628K), 0.0049690 secs] [Times: user=0.02 sys=0.00, real=0.01 secs] 
41.908: [GC 41.908: [ParNew
Desired survivor size 557056 bytes, new threshold 2 (max 15)
- age   1:     411144 bytes,     411144 total
- age   2:     276792 bytes,     687936 total
: 1961K->762K(2304K), 0.0035618 secs] 827459K->826259K(828628K), 0.0036441 secs] [Times: user=0.02 sys=0.00, real=0.00 secs] 
41.913: [GC 41.913: [ParNew
Desired survivor size 557056 bytes, new threshold 2 (max 15)
- age   1:     342720 bytes,     342720 total
- age   2:     411104 bytes,     753824 total
: 1978K->993K(2304K), 0.0039139 secs] 827475K->826761K(828820K), 0.0040104 secs] [Times: user=0.01 sys=0.00, real=0.01 secs] 
41.918: [GC 41.918: [ParNew
Desired survivor size 557056 bytes, new threshold 2 (max 15)
- age   1:     363560 bytes,     363560 total
- age   2:     342624 bytes,     706184 total
: 2209K->1088K(2304K), 0.0042315 secs] 827977K->827257K(829204K), 0.0043083 secs] [Times: user=0.01 sys=0.00, real=0.00 secs] 
41.924: [GC 41.924: [ParNew
Desired survivor size 557056 bytes, new threshold 1 (max 15)
- age   1:     578656 bytes,     578656 total
- age   2:     363200 bytes,     941856 total
: 2304K->1088K(2304K), 0.0049576 secs] 828473K->827668K(829588K), 0.0050491 secs] [Times: user=0.01 sys=0.00, real=0.00 secs] 
41.930: [GC 41.931: [ParNew
Desired survivor size 557056 bytes, new threshold 15 (max 15)
- age   1:     384568 bytes,     384568 total
: 2304K->646K(2304K), 0.0049039 secs] 828884K->828146K(830548K), 0.0050113 secs] [Times: user=0.01 sys=0.00, real=0.01 secs] 
41.937: [GC 41.937: [ParNew
Desired survivor size 557056 bytes, new threshold 1 (max 15)
- age   1:     636336 bytes,     636336 total
- age   2:     384536 bytes,    1020872 total
: 1862K->1088K(2304K), 0.0039164 secs] 829362K->828598K(830548K), 0.0040017 secs] [Times: user=0.01 sys=0.00, real=0.00 secs] 
41.945: [GC 41.945: [ParNew
Desired survivor size 557056 bytes, new threshold 1 (max 15)
- age   1:     965152 bytes,     965152 total
: 2304K->1088K(2304K), 0.0058448 secs] 829814K->829765K(831700K), 0.0059334 secs] [Times: user=0.02 sys=0.00, real=0.00 secs] 
41.951: [CMS-concurrent-preclean: 0.715/3.057 secs] [Times: user=9.08 sys=0.63, real=3.05 secs] 
41.952: [GC 41.952: [ParNew
Desired survivor size 557056 bytes, new threshold 15 (max 15)
- age   1:     477944 bytes,     477944 total
: 2304K->1088K(2304K), 0.0050651 secs] 830981K->830707K(832660K), 0.0051432 secs] [Times: user=0.02 sys=0.01, real=0.01 secs] 
41.957: [GC[YG occupancy: 1096 K (2304 K)]41.957: [Rescan (parallel) , 0.0041020 secs]41.961: [weak refs processing, 0.0000332 secs] [1 CMS-remark: 829619K(830356K)] 830716K(832660K), 0.0042382 secs] [Times: user=0.01 sys=0.00, real=0.00 secs] 
41.962: [CMS-concurrent-sweep-start]
41.963: [GC 41.963: [ParNew
Desired survivor size 557056 bytes, new threshold 15 (max 15)
- age   1:        280 bytes,        280 total
- age   2:     477784 bytes,     478064 total
: 2304K->787K(2304K), 0.0042084 secs] 831811K->830294K(832660K), 0.0042989 secs] [Times: user=0.01 sys=0.00, real=0.01 secs] 
41.969: [GC 41.969: [ParNew
Desired survivor size 557056 bytes, new threshold 1 (max 15)
- age   1:     708904 bytes,     708904 total
- age   2:        208 bytes,     709112 total
- age   3:     390312 bytes,    1099424 total
: 2003K->1088K(2304K), 0.0044490 secs] 831275K->830491K(832852K), 0.0045292 secs] [Times: user=0.02 sys=0.00, real=0.00 secs] 
41.975: [GC 41.975: [ParNew
Desired survivor size 557056 bytes, new threshold 15 (max 15)
- age   1:     307680 bytes,     307680 total
: 2304K->866K(2304K), 0.0061303 secs] 831376K->831012K(833428K), 0.0062099 secs] [Times: user=0.02 sys=0.00, real=0.00 secs] 
41.983: [GC 41.983: [ParNew
Desired survivor size 557056 bytes, new threshold 1 (max 15)
- age   1:     662576 bytes,     662576 total
- age   2:     307648 bytes,     970224 total
: 2082K->1035K(2304K), 0.0042011 secs] 831773K->830726K(833428K), 0.0042831 secs] [Times: user=0.01 sys=0.00, real=0.01 secs] 
41.988: [GC 41.988: [ParNew
Desired survivor size 557056 bytes, new threshold 1 (max 15)
- age   1:     964816 bytes,     964816 total
: 2251K->1088K(2304K), 0.0064333 secs] 831394K->831345K(834004K), 0.0065250 secs] [Times: user=0.02 sys=0.00, real=0.01 secs] 
41.997: [GC 41.997: [ParNew
Desired survivor size 557056 bytes, new threshold 1 (max 15)
- age   1:     584488 bytes,     584488 total
: 2304K->1088K(2304K), 0.0051016 secs] 831404K->831130K(834196K), 0.0051938 secs] [Times: user=0.02 sys=0.00, real=0.00 secs] 
42.004: [GC 42.004: [ParNew
Desired survivor size 557056 bytes, new threshold 15 (max 15)
- age   1:     259064 bytes,     259064 total
: 2303K->540K(2304K), 0.0044923 secs] 831609K->830416K(834580K), 0.0045720 secs] [Times: user=0.02 sys=0.00, real=0.01 secs] 
42.010: [GC 42.010: [ParNew
Desired survivor size 557056 bytes, new threshold 2 (max 15)
- age   1:     334296 bytes,     334296 total
- age   2:     258936 bytes,     593232 total
: 1756K->659K(2304K), 0.0035601 secs] 830924K->829827K(834580K), 0.0036401 secs] [Times: user=0.02 sys=0.00, real=0.00 secs] 
42.015: [GC 42.015: [ParNew
Desired survivor size 557056 bytes, new threshold 1 (max 15)
- age   1:     647144 bytes,     647144 total
- age   2:     331560 bytes,     978704 total
: 1875K->1088K(2304K), 0.0041938 secs] 830194K->829711K(834580K), 0.0042717 secs] [Times: user=0.02 sys=0.00, real=0.00 secs] 
42.020: [GC 42.020: [ParNew
Desired survivor size 557056 bytes, new threshold 15 (max 15)
- age   1:     235104 bytes,     235104 total
: 2304K->1047K(2304K), 0.0048559 secs] 829971K->829670K(834580K), 0.0049857 secs] [Times: user=0.02 sys=0.00, real=0.01 secs] 
42.028: [GC 42.028: [ParNew
Desired survivor size 557056 bytes, new threshold 2 (max 15)
- age   1:     396048 bytes,     396048 total
- age   2:     234976 bytes,     631024 total
: 2263K->734K(2304K), 0.0042837 secs] 829478K->827949K(834580K), 0.0043615 secs] [Times: user=0.01 sys=0.00, real=0.00 secs] 
42.033: [GC 42.034: [ParNew
Desired survivor size 557056 bytes, new threshold 1 (max 15)
- age   1:     593864 bytes,     593864 total
- age   2:     315888 bytes,     909752 total
: 1950K->1088K(2304K), 0.0045264 secs] 828362K->827899K(834772K), 0.0046007 secs] [Times: user=0.01 sys=0.00, real=0.01 secs] 
42.040: [GC 42.040: [ParNew
Desired survivor size 557056 bytes, new threshold 1 (max 15)
- age   1:     596656 bytes,     596656 total
: 2304K->1038K(2304K), 0.0051099 secs] 828145K->827767K(834772K), 0.0051969 secs] [Times: user=0.02 sys=0.00, real=0.01 secs] 
42.047: [GC 42.047: [ParNew
Desired survivor size 557056 bytes, new threshold 1 (max 15)
- age   1:    1036568 bytes,    1036568 total
: 2254K->1088K(2304K), 0.0046958 secs] 827695K->827255K(834772K), 0.0047793 secs] [Times: user=0.02 sys=0.00, real=0.00 secs] 
42.053: [GC 42.053: [ParNew
Desired survivor size 557056 bytes, new threshold 15 (max 15)
- age   1:     255200 bytes,     255200 total
: 2304K->860K(2304K), 0.0046988 secs] 827298K->826866K(834772K), 0.0047842 secs] [Times: user=0.02 sys=0.00, real=0.01 secs] 
42.060: [GC 42.060: [ParNew
Desired survivor size 557056 bytes, new threshold 1 (max 15)
- age   1:     656880 bytes,     656880 total
- age   2:     255128 bytes,     912008 total
: 2076K->1088K(2304K), 0.0037318 secs] 827227K->826239K(834772K), 0.0038212 secs] [Times: user=0.02 sys=0.00, real=0.00 secs] 
42.066: [GC 42.066: [ParNew
Desired survivor size 557056 bytes, new threshold 1 (max 15)
- age   1:    1068472 bytes,    1068472 total
: 2304K->1088K(2304K), 0.0053535 secs] 826393K->826169K(834772K), 0.0054427 secs] [Times: user=0.02 sys=0.00, real=0.00 secs] 
42.073: [GC 42.073: [ParNew
Desired survivor size 557056 bytes, new threshold 1 (max 15)
- age   1:     630072 bytes,     630072 total
: 2304K->966K(2304K), 0.0047494 secs] 826086K->825793K(834772K), 0.0048521 secs] [Times: user=0.01 sys=0.00, real=0.01 secs] 
42.081: [GC 42.081: [ParNew
Desired survivor size 557056 bytes, new threshold 15 (max 15)
- age   1:     440040 bytes,     440040 total
: 2182K->879K(2304K), 0.0044923 secs] 825584K->824895K(834964K), 0.0045810 secs] [Times: user=0.01 sys=0.00, real=0.01 secs] 
42.090: [GC 42.090: [ParNew
Desired survivor size 557056 bytes, new threshold 2 (max 15)
- age   1:     334016 bytes,     334016 total
- age   2:     431800 bytes,     765816 total
: 2095K->926K(2304K), 0.0040085 secs] 824523K->823354K(834964K), 0.0041147 secs] [Times: user=0.02 sys=0.00, real=0.00 secs] 
42.098: [GC 42.098: [ParNew
Desired survivor size 557056 bytes, new threshold 1 (max 15)
- age   1:     779664 bytes,     779664 total
- age   2:     333976 bytes,    1113640 total
: 2142K->1088K(2304K), 0.0068411 secs] 822436K->821977K(834964K), 0.0069368 secs] [Times: user=0.01 sys=0.00, real=0.01 secs] 
42.106: [GC 42.106: [ParNew
Desired survivor size 557056 bytes, new threshold 1 (max 15)
- age   1:     591136 bytes,     591136 total
: 2304K->1088K(2304K), 0.0047562 secs] 822441K->822312K(834964K), 0.0048446 secs] [Times: user=0.02 sys=0.00, real=0.00 secs] 
42.113: [GC 42.113: [ParNew
Desired survivor size 557056 bytes, new threshold 15 (max 15)
- age   1:     328656 bytes,     328656 total
: 2304K->455K(2304K), 0.0042300 secs] 822605K->821333K(834964K), 0.0043210 secs] [Times: user=0.02 sys=0.00, real=0.01 secs] 
42.121: [GC 42.121: [ParNew
Desired survivor size 557056 bytes, new threshold 1 (max 15)
- age   1:     720472 bytes,     720472 total
- age   2:     326416 bytes,    1046888 total
: 1671K->1088K(2304K), 0.0040612 secs] 820475K->819919K(834964K), 0.0041447 secs] [Times: user=0.01 sys=0.00, real=0.01 secs] 
42.129: [GC 42.129: [ParNew
Desired survivor size 557056 bytes, new threshold 15 (max 15)
- age   1:     350368 bytes,     350368 total
: 2304K->1069K(2304K), 0.0046559 secs] 820021K->819809K(834964K), 0.0047731 secs] [Times: user=0.02 sys=0.00, real=0.00 secs] 
42.135: [GC 42.135: [ParNew
Desired survivor size 557056 bytes, new threshold 1 (max 15)
- age   1:     581336 bytes,     581336 total
- age   2:     350240 bytes,     931576 total
: 2285K->1047K(2304K), 0.0043932 secs] 819863K->818625K(834964K), 0.0044723 secs] [Times: user=0.01 sys=0.00, real=0.00 secs] 
42.142: [GC 42.142: [ParNew
Desired survivor size 557056 bytes, new threshold 1 (max 15)
- age   1:    1071800 bytes,    1071800 total
: 2263K->1088K(2304K), 0.0065637 secs] 818627K->818520K(834964K), 0.0066459 secs] [Times: user=0.02 sys=0.00, real=0.01 secs] 
42.150: [GC 42.150: [ParNew
Desired survivor size 557056 bytes, new threshold 15 (max 15)
- age   1:     237528 bytes,     237528 total
: 2304K->974K(2304K), 0.0053785 secs] 819042K->818759K(834964K), 0.0054576 secs] [Times: user=0.01 sys=0.00, real=0.01 secs] 
42.160: [GC 42.160: [ParNew
Desired survivor size 557056 bytes, new threshold 15 (max 15)
- age   1:      29776 bytes,      29776 total
- age   2:     237400 bytes,     267176 total
: 2190K->452K(2304K), 0.0046275 secs] 818160K->816422K(834964K), 0.0047274 secs] [Times: user=0.01 sys=0.00, real=0.01 secs] 
42.166: [GC 42.166: [ParNew
Desired survivor size 557056 bytes, new threshold 15 (max 15)
- age   1:     110712 bytes,     110712 total
- age   2:      29640 bytes,     140352 total
- age   3:     237400 bytes,     377752 total
: 1668K->473K(2304K), 0.0032427 secs] 816712K->815517K(834964K), 0.0033196 secs] [Times: user=0.01 sys=0.01, real=0.00 secs] 
42.171: [GC 42.171: [ParNew
Desired survivor size 557056 bytes, new threshold 15 (max 15)
- age   1:        232 bytes,        232 total
- age   2:     110456 bytes,     110688 total
- age   3:      29640 bytes,     140328 total
- age   4:     237400 bytes,     377728 total
: 1689K->507K(2304K), 0.0041091 secs] 816257K->815075K(834964K), 0.0041835 secs] [Times: user=0.02 sys=0.00, real=0.01 secs] 
42.177: [GC 42.177: [ParNew
Desired survivor size 557056 bytes, new threshold 1 (max 15)
- age   1:     580176 bytes,     580176 total
- age   2:        104 bytes,     580280 total
- age   3:     110456 bytes,     690736 total
- age   4:      29640 bytes,     720376 total
- age   5:     237400 bytes,     957776 total
: 1723K->1047K(2304K), 0.0043587 secs] 815407K->814732K(834964K), 0.0044486 secs] [Times: user=0.02 sys=0.00, real=0.00 secs] 
42.186: [GC 42.186: [ParNew
Desired survivor size 557056 bytes, new threshold 1 (max 15)
- age   1:     979120 bytes,     979120 total
: 2263K->1088K(2304K), 0.0050064 secs] 814427K->814187K(834964K), 0.0050893 secs] [Times: user=0.01 sys=0.00, real=0.00 secs] 
42.193: [GC 42.193: [ParNew
Desired survivor size 557056 bytes, new threshold 1 (max 15)
- age   1:     602808 bytes,     602808 total
: 2304K->1088K(2304K), 0.0047794 secs] 814817K->814621K(834964K), 0.0048619 secs] [Times: user=0.02 sys=0.00, real=0.01 secs] 
42.200: [GC 42.200: [ParNew
Desired survivor size 557056 bytes, new threshold 1 (max 15)
- age   1:     561656 bytes,     561656 total
: 2304K->898K(2304K), 0.0047864 secs] 815064K->814248K(834964K), 0.0048644 secs] [Times: user=0.02 sys=0.00, real=0.01 secs] 
42.206: [GC 42.206: [ParNew
Desired survivor size 557056 bytes, new threshold 1 (max 15)
- age   1:    1047736 bytes,    1047736 total
: 2114K->1088K(2304K), 0.0053585 secs] 814890K->814519K(834964K), 0.0054462 secs] [Times: user=0.02 sys=0.00, real=0.00 secs] 
42.215: [GC 42.215: [ParNew
Desired survivor size 557056 bytes, new threshold 1 (max 15)
- age   1:     754808 bytes,     754808 total
: 2304K->1088K(2304K), 0.0067183 secs] 814277K->814407K(834964K), 0.0068042 secs] [Times: user=0.02 sys=0.00, real=0.00 secs] 
42.224: [GC 42.224: [ParNew
Desired survivor size 557056 bytes, new threshold 1 (max 15)
- age   1:     958528 bytes,     958528 total
: 2304K->1088K(2304K), 0.0050182 secs] 814498K->814254K(834964K), 0.0051041 secs] [Times: user=0.02 sys=0.00, real=0.00 secs] 
42.231: [GC 42.231: [ParNew
Desired survivor size 557056 bytes, new threshold 15 (max 15)
- age   1:     270656 bytes,     270656 total
: 2304K->1088K(2304K), 0.0046093 secs] 814782K->814502K(834964K), 0.0046943 secs] [Times: user=0.01 sys=0.00, real=0.01 secs] 
42.238: [GC 42.238: [ParNew
Desired survivor size 557056 bytes, new threshold 15 (max 15)
- age   1:      68528 bytes,      68528 total
- age   2:     270496 bytes,     339024 total
: 2304K->362K(2304K), 0.0044543 secs] 814815K->812873K(834964K), 0.0045409 secs] [Times: user=0.01 sys=0.01, real=0.00 secs] 
42.243: [GC 42.243: [ParNew
Desired survivor size 557056 bytes, new threshold 3 (max 15)
- age   1:     338240 bytes,     338240 total
- age   2:      68400 bytes,     406640 total
- age   3:     270496 bytes,     677136 total
: 1578K->802K(2304K), 0.0034208 secs] 813397K->812621K(834964K), 0.0034972 secs] [Times: user=0.01 sys=0.00, real=0.01 secs] 
42.251: [GC 42.251: [ParNew
Desired survivor size 557056 bytes, new threshold 2 (max 15)
- age   1:     247936 bytes,     247936 total
- age   2:     338112 bytes,     586048 total
- age   3:      68400 bytes,     654448 total
: 2018K->864K(2304K), 0.0041028 secs] 812542K->811652K(834964K), 0.0042122 secs] [Times: user=0.01 sys=0.00, real=0.01 secs] 
42.257: [GC 42.257: [ParNew
Desired survivor size 557056 bytes, new threshold 15 (max 15)
- age   1:        144 bytes,        144 total
- age   2:     247808 bytes,     247952 total
: 2080K->779K(2304K), 0.0043626 secs] 812190K->811286K(834964K), 0.0044562 secs] [Times: user=0.02 sys=0.00, real=0.00 secs] 
42.262: [GC 42.262: [ParNew
Desired survivor size 557056 bytes, new threshold 15 (max 15)
- age   1:        232 bytes,        232 total
- age   3:     247808 bytes,     248040 total
: 1995K->373K(2304K), 0.0030964 secs] 811926K->810304K(834964K), 0.0031694 secs] [Times: user=0.01 sys=0.00, real=0.01 secs] 
42.267: [GC 42.267: [ParNew
Desired survivor size 557056 bytes, new threshold 4 (max 15)
- age   1:     309504 bytes,     309504 total
- age   2:         72 bytes,     309576 total
- age   4:     247808 bytes,     557384 total
: 1589K->596K(2304K), 0.0045307 secs] 810839K->809846K(834964K), 0.0046137 secs] [Times: user=0.01 sys=0.00, real=0.00 secs] 
42.274: [GC 42.274: [ParNew
Desired survivor size 557056 bytes, new threshold 15 (max 15)
- age   1:     102512 bytes,     102512 total
- age   2:     309384 bytes,     411896 total
- age   3:         72 bytes,     411968 total
: 1812K->641K(2304K), 0.0036658 secs] 809342K->808413K(834964K), 0.0037529 secs] [Times: user=0.01 sys=0.00, real=0.00 secs] 
42.281: [GC 42.281: [ParNew
Desired survivor size 557056 bytes, new threshold 3 (max 15)
- age   1:     191072 bytes,     191072 total
- age   2:     102384 bytes,     293456 total
- age   3:     309256 bytes,     602712 total
- age   4:         72 bytes,     602784 total
: 1857K->885K(2304K), 0.0036987 secs] 808753K->807780K(834964K), 0.0037997 secs] [Times: user=0.01 sys=0.00, real=0.01 secs] 
42.287: [GC 42.287: [ParNew
Desired survivor size 557056 bytes, new threshold 15 (max 15)
- age   1:     169144 bytes,     169144 total
- age   2:     185488 bytes,     354632 total
- age   3:     102384 bytes,     457016 total
: 2101K->827K(2304K), 0.0055218 secs] 807461K->806490K(834964K), 0.0056095 secs] [Times: user=0.01 sys=0.00, real=0.00 secs] 
42.296: [GC 42.296: [ParNew
Desired survivor size 557056 bytes, new threshold 3 (max 15)
- age   1:     237112 bytes,     237112 total
- age   2:     169016 bytes,     406128 total
- age   3:     185488 bytes,     591616 total
- age   4:     102384 bytes,     694000 total
: 2043K->830K(2304K), 0.0044471 secs] 805975K->804762K(834964K), 0.0045294 secs] [Times: user=0.02 sys=0.00, real=0.00 secs] 
42.302: [GC 42.302: [ParNew
Desired survivor size 557056 bytes, new threshold 1 (max 15)
- age   1:     734256 bytes,     734256 total
- age   2:     207032 bytes,     941288 total
- age   3:     169016 bytes,    1110304 total
: 2046K->1086K(2304K), 0.0053451 secs] 804584K->804371K(834964K), 0.0054266 secs] [Times: user=0.02 sys=0.00, real=0.01 secs] 
42.310: [GC 42.310: [ParNew
Desired survivor size 557056 bytes, new threshold 15 (max 15)
- age   1:     465272 bytes,     465272 total
: 2302K->887K(2304K), 0.0060836 secs] 804449K->804119K(834964K), 0.0061680 secs] [Times: user=0.02 sys=0.00, real=0.01 secs] 
42.318: [GC 42.318: [ParNew
Desired survivor size 557056 bytes, new threshold 15 (max 15)
- age   1:      74144 bytes,      74144 total
- age   2:     465232 bytes,     539376 total
: 2103K->784K(2304K), 0.0034085 secs] 804578K->803259K(834964K), 0.0034911 secs] [Times: user=0.02 sys=0.01, real=0.00 secs] 
42.323: [GC 42.323: [ParNew
Desired survivor size 557056 bytes, new threshold 3 (max 15)
- age   1:     244240 bytes,     244240 total
- age   2:      74016 bytes,     318256 total
- age   3:     465232 bytes,     783488 total
: 2000K->986K(2304K), 0.0034494 secs] 803553K->802539K(834964K), 0.0035244 secs] [Times: user=0.01 sys=0.00, real=0.01 secs] 
42.328: [GC 42.328: [ParNew
Desired survivor size 557056 bytes, new threshold 2 (max 15)
- age   1:     524312 bytes,     524312 total
- age   2:     244240 bytes,     768552 total
- age   3:      73888 bytes,     842440 total
: 2202K->1088K(2304K), 0.0051692 secs] 802892K->802232K(834964K), 0.0052590 secs] [Times: user=0.01 sys=0.00, real=0.00 secs] 
42.336: [GC 42.336: [ParNew
Desired survivor size 557056 bytes, new threshold 1 (max 15)
- age   1:     616664 bytes,     616664 total
- age   2:     496880 bytes,    1113544 total
: 2304K->1088K(2304K), 0.0055346 secs] 802328K->801970K(834964K), 0.0056186 secs] [Times: user=0.02 sys=0.00, real=0.00 secs] 
42.343: [GC 42.343: [ParNew
Desired survivor size 557056 bytes, new threshold 1 (max 15)
- age   1:     973520 bytes,     973520 total
: 2304K->1088K(2304K), 0.0065448 secs] 802234K->802291K(834964K), 0.0066327 secs] [Times: user=0.02 sys=0.00, real=0.01 secs] 
42.351: [GC 42.351: [ParNew
Desired survivor size 557056 bytes, new threshold 1 (max 15)
- age   1:     983032 bytes,     983032 total
: 2304K->1088K(2304K), 0.0052879 secs] 802454K->802386K(834964K), 0.0053729 secs] [Times: user=0.02 sys=0.00, real=0.01 secs] 
42.358: [GC 42.358: [ParNew
Desired survivor size 557056 bytes, new threshold 1 (max 15)
- age   1:     726352 bytes,     726352 total
: 2304K->1088K(2304K), 0.0053604 secs] 802377K->802121K(834964K), 0.0054445 secs] [Times: user=0.01 sys=0.00, real=0.00 secs] 
42.365: [GC 42.365: [ParNew
Desired survivor size 557056 bytes, new threshold 1 (max 15)
- age   1:     960232 bytes,     960232 total
: 2304K->1088K(2304K), 0.0062349 secs] 802221K->801903K(834964K), 0.0063246 secs] [Times: user=0.02 sys=0.00, real=0.00 secs] 
42.373: [GC 42.373: [ParNew
Desired survivor size 557056 bytes, new threshold 1 (max 15)
- age   1:     799264 bytes,     799264 total
: 2304K->1088K(2304K), 0.0071016 secs] 801959K->802063K(834964K), 0.0071810 secs] [Times: user=0.03 sys=0.00, real=0.01 secs] 
42.383: [GC 42.383: [ParNew
Desired survivor size 557056 bytes, new threshold 1 (max 15)
- age   1:     960368 bytes,     960368 total
: 2304K->1088K(2304K), 0.0051154 secs] 801976K->801767K(834964K), 0.0052047 secs] [Times: user=0.02 sys=0.00, real=0.01 secs] 
42.391: [GC 42.391: [ParNew
Desired survivor size 557056 bytes, new threshold 15 (max 15)
- age   1:     473624 bytes,     473624 total
: 2304K->1088K(2304K), 0.0055773 secs] 801565K->801287K(834964K), 0.0056653 secs] [Times: user=0.01 sys=0.00, real=0.01 secs] 
42.400: [GC 42.400: [ParNew
Desired survivor size 557056 bytes, new threshold 2 (max 15)
- age   1:     274024 bytes,     274024 total
- age   2:     455216 bytes,     729240 total
: 2304K->899K(2304K), 0.0041683 secs] 801365K->799961K(834964K), 0.0042720 secs] [Times: user=0.01 sys=0.01, real=0.01 secs] 
42.409: [GC 42.409: [ParNew
Desired survivor size 557056 bytes, new threshold 1 (max 15)
- age   1:     914304 bytes,     914304 total
- age   2:     198824 bytes,    1113128 total
: 2115K->1088K(2304K), 0.0059246 secs] 799477K->799252K(834964K), 0.0060333 secs] [Times: user=0.01 sys=0.00, real=0.01 secs] 
42.416: [GC 42.416: [ParNew
Desired survivor size 557056 bytes, new threshold 1 (max 15)
- age   1:     788816 bytes,     788816 total
: 2304K->1088K(2304K), 0.0051941 secs] 799743K->800049K(834964K), 0.0053168 secs] [Times: user=0.02 sys=0.00, real=0.00 secs] 
42.422: [GC 42.422: [ParNew
Desired survivor size 557056 bytes, new threshold 1 (max 15)
- age   1:     870296 bytes,     870296 total
: 2304K->1026K(2304K), 0.0051065 secs] 800875K->800368K(834964K), 0.0051888 secs] [Times: user=0.02 sys=0.00, real=0.01 secs] 
42.429: [GC 42.429: [ParNew
Desired survivor size 557056 bytes, new threshold 1 (max 15)
- age   1:     848288 bytes,     848288 total
: 2242K->1088K(2304K), 0.0071072 secs] 801232K->801170K(834964K), 0.0072063 secs] [Times: user=0.02 sys=0.00, real=0.01 secs] 
42.437: [GC 42.438: [ParNew
Desired survivor size 557056 bytes, new threshold 1 (max 15)
- age   1:     914928 bytes,     914928 total
: 2304K->1088K(2304K), 0.0071233 secs] 801367K->801225K(834964K), 0.0072189 secs] [Times: user=0.02 sys=0.00, real=0.01 secs] 
42.447: [GC 42.447: [ParNew
Desired survivor size 557056 bytes, new threshold 1 (max 15)
- age   1:     944728 bytes,     944728 total
: 2304K->1088K(2304K), 0.0065820 secs] 800741K->800517K(834964K), 0.0066743 secs] [Times: user=0.02 sys=0.00, real=0.01 secs] 
42.457: [GC 42.457: [ParNew
Desired survivor size 557056 bytes, new threshold 15 (max 15)
- age   1:     374832 bytes,     374832 total
: 2303K->1088K(2304K), 0.0101426 secs] 800311K->800018K(834964K), 0.0102454 secs] [Times: user=0.01 sys=0.00, real=0.01 secs] 
42.469: [GC 42.469: [ParNew
Desired survivor size 557056 bytes, new threshold 2 (max 15)
- age   1:     464152 bytes,     464152 total
- age   2:     374832 bytes,     838984 total
: 2304K->958K(2304K), 0.0052164 secs] 799472K->798126K(834964K), 0.0052982 secs] [Times: user=0.01 sys=0.00, real=0.01 secs] 
42.478: [GC 42.478: [ParNew
Desired survivor size 557056 bytes, new threshold 2 (max 15)
- age   1:     127632 bytes,     127632 total
- age   2:     464024 bytes,     591656 total
: 2174K->1041K(2304K), 0.0057030 secs] 797200K->796434K(834964K), 0.0058035 secs] [Times: user=0.02 sys=0.00, real=0.01 secs] 
42.486: [GC 42.486: [ParNew
Desired survivor size 557056 bytes, new threshold 15 (max 15)
- age   1:     388056 bytes,     388056 total
- age   2:     127560 bytes,     515616 total
: 2257K->682K(2304K), 0.0038389 secs] 796186K->795065K(834964K), 0.0039218 secs] [Times: user=0.01 sys=0.00, real=0.00 secs] 
42.492: [GC 42.492: [ParNew
Desired survivor size 557056 bytes, new threshold 3 (max 15)
- age   1:     156296 bytes,     156296 total
- age   2:     387984 bytes,     544280 total
- age   3:     127560 bytes,     671840 total
: 1898K->831K(2304K), 0.0033530 secs] 794766K->793699K(834964K), 0.0034354 secs] [Times: user=0.01 sys=0.01, real=0.01 secs] 
42.497: [GC 42.497: [ParNew
Desired survivor size 557056 bytes, new threshold 15 (max 15)
- age   1:        240 bytes,        240 total
- age   2:     156040 bytes,     156280 total
- age   3:     387984 bytes,     544264 total
: 2047K->763K(2304K), 0.0046524 secs] 794033K->792873K(834964K), 0.0047366 secs] [Times: user=0.01 sys=0.00, real=0.00 secs] 
42.504: [GC 42.504: [ParNew
Desired survivor size 557056 bytes, new threshold 1 (max 15)
- age   1:     620136 bytes,     620136 total
- age   2:        208 bytes,     620344 total
- age   3:     156040 bytes,     776384 total
- age   4:     341208 bytes,    1117592 total
: 1979K->1088K(2304K), 0.0037234 secs] 792635K->791797K(834964K), 0.0038072 secs] [Times: user=0.01 sys=0.00, real=0.01 secs] 
42.510: [GC 42.510: [ParNew
Desired survivor size 557056 bytes, new threshold 1 (max 15)
- age   1:     968512 bytes,     968512 total
: 2304K->1088K(2304K), 0.0062967 secs] 791228K->791345K(834964K), 0.0063824 secs] [Times: user=0.02 sys=0.00, real=0.01 secs] 
42.518: [GC 42.518: [ParNew
Desired survivor size 557056 bytes, new threshold 1 (max 15)
- age   1:     593248 bytes,     593248 total
: 2304K->1088K(2304K), 0.0054280 secs] 791554K->791313K(834964K), 0.0055174 secs] [Times: user=0.02 sys=0.00, real=0.00 secs] 
42.527: [GC 42.527: [ParNew
Desired survivor size 557056 bytes, new threshold 15 (max 15)
- age   1:     347552 bytes,     347552 total
: 2304K->681K(2304K), 0.0059773 secs] 790997K->789953K(834964K), 0.0060892 secs] [Times: user=0.01 sys=0.00, real=0.00 secs] 
42.537: [GC 42.538: [ParNew
Desired survivor size 557056 bytes, new threshold 2 (max 15)
- age   1:     396680 bytes,     396680 total
- age   2:     347552 bytes,     744232 total
: 1897K->842K(2304K), 0.0050005 secs] 787734K->786679K(834964K), 0.0050880 secs] [Times: user=0.01 sys=0.00, real=0.00 secs] 
42.543: [GC 42.543: [ParNew
Desired survivor size 557056 bytes, new threshold 1 (max 15)
- age   1:     691152 bytes,     691152 total
- age   2:     361936 bytes,    1053088 total
: 2058K->1088K(2304K), 0.0072955 secs] 787196K->787112K(834964K), 0.0073855 secs] [Times: user=0.02 sys=0.00, real=0.01 secs] 
42.554: [GC 42.554: [ParNew
Desired survivor size 557056 bytes, new threshold 1 (max 15)
- age   1:    1004712 bytes,    1004712 total
: 2304K->1088K(2304K), 0.0058295 secs] 786554K->786390K(834964K), 0.0059261 secs] [Times: user=0.02 sys=0.00, real=0.01 secs] 
42.562: [GC 42.562: [ParNew
Desired survivor size 557056 bytes, new threshold 1 (max 15)
- age   1:     907024 bytes,     907024 total
: 2304K->1088K(2304K), 0.0066120 secs] 785824K->785908K(834964K), 0.0066975 secs] [Times: user=0.02 sys=0.00, real=0.01 secs] 
42.571: [GC 42.571: [ParNew
Desired survivor size 557056 bytes, new threshold 1 (max 15)
- age   1:     854840 bytes,     854840 total
: 2304K->1088K(2304K), 0.0069506 secs] 785486K->785495K(834964K), 0.0070531 secs] [Times: user=0.02 sys=0.01, real=0.01 secs] 
42.579: [GC 42.579: [ParNew
Desired survivor size 557056 bytes, new threshold 15 (max 15)
- age   1:     352688 bytes,     352688 total
: 2304K->1065K(2304K), 0.0055020 secs] 786242K->785839K(834964K), 0.0056052 secs] [Times: user=0.01 sys=0.00, real=0.01 secs] 
42.587: [GC 42.587: [ParNew
Desired survivor size 557056 bytes, new threshold 1 (max 15)
- age   1:     569424 bytes,     569424 total
- age   2:     352616 bytes,     922040 total
: 2281K->1047K(2304K), 0.0039034 secs] 786082K->784848K(834964K), 0.0039908 secs] [Times: user=0.01 sys=0.00, real=0.00 secs] 
42.594: [GC 42.594: [ParNew
Desired survivor size 557056 bytes, new threshold 1 (max 15)
- age   1:    1012016 bytes,    1012016 total
: 2263K->1088K(2304K), 0.0060914 secs] 783923K->783866K(834964K), 0.0061798 secs] [Times: user=0.02 sys=0.00, real=0.01 secs] 
42.602: [GC 42.602: [ParNew
Desired survivor size 557056 bytes, new threshold 1 (max 15)
- age   1:     977680 bytes,     977680 total
: 2304K->1088K(2304K), 0.0059945 secs] 783840K->783837K(834964K), 0.0060915 secs] [Times: user=0.02 sys=0.00, real=0.01 secs] 
42.610: [GC 42.610: [ParNew
Desired survivor size 557056 bytes, new threshold 1 (max 15)
- age   1:     661464 bytes,     661464 total
: 2304K->1088K(2304K), 0.0059553 secs] 783150K->782889K(834964K), 0.0060396 secs] [Times: user=0.02 sys=0.00, real=0.01 secs] 
42.617: [GC 42.617: [ParNew
Desired survivor size 557056 bytes, new threshold 15 (max 15)
- age   1:     485856 bytes,     485856 total
: 2304K->838K(2304K), 0.0046597 secs] 783263K->782443K(834964K), 0.0047392 secs] [Times: user=0.01 sys=0.00, real=0.00 secs] 
42.624: [GC 42.624: [ParNew
Desired survivor size 557056 bytes, new threshold 2 (max 15)
- age   1:     543096 bytes,     543096 total
- age   2:     480032 bytes,    1023128 total
: 2054K->1088K(2304K), 0.0037526 secs] 782763K->781806K(834964K), 0.0038417 secs] [Times: user=0.01 sys=0.00, real=0.01 secs] 
42.631: [GC 42.631: [ParNew
Desired survivor size 557056 bytes, new threshold 2 (max 15)
- age   1:     342232 bytes,     342232 total
- age   2:     499416 bytes,     841648 total
: 2304K->1088K(2304K), 0.0074963 secs] 780375K->779672K(834964K), 0.0075803 secs] [Times: user=0.02 sys=0.00, real=0.01 secs] 
42.642: [GC 42.642: [ParNew
Desired survivor size 557056 bytes, new threshold 15 (max 15)
- age   1:     127712 bytes,     127712 total
- age   2:     342136 bytes,     469848 total
: 2304K->820K(2304K), 0.0043508 secs] 778720K->777724K(834964K), 0.0044704 secs] [Times: user=0.01 sys=0.00, real=0.01 secs] 
42.649: [GC 42.649: [ParNew
Desired survivor size 557056 bytes, new threshold 2 (max 15)
- age   1:     501200 bytes,     501200 total
- age   2:     127584 bytes,     628784 total
- age   3:     342136 bytes,     970920 total
: 2036K->1088K(2304K), 0.0040435 secs] 777830K->776935K(834964K), 0.0041610 secs] [Times: user=0.01 sys=0.01, real=0.00 secs] 
42.656: [GC 42.656: [ParNew
Desired survivor size 557056 bytes, new threshold 1 (max 15)
- age   1:     886928 bytes,     886928 total
- age   2:     226856 bytes,    1113784 total
: 2304K->1088K(2304K), 0.0063491 secs] 775677K->775423K(834964K), 0.0064329 secs] [Times: user=0.02 sys=0.00, real=0.00 secs] 
42.664: [GC 42.664: [ParNew
Desired survivor size 557056 bytes, new threshold 1 (max 15)
- age   1:     565192 bytes,     565192 total
: 2304K->1088K(2304K), 0.0053388 secs] 775573K->775543K(834964K), 0.0054278 secs] [Times: user=0.02 sys=0.00, real=0.00 secs] 
42.672: [GC 42.673: [ParNew
Desired survivor size 557056 bytes, new threshold 15 (max 15)
- age   1:      23616 bytes,      23616 total
: 2304K->454K(2304K), 0.0050954 secs] 774901K->773603K(834964K), 0.0051898 secs] [Times: user=0.01 sys=0.00, real=0.01 secs] 
42.680: [GC 42.680: [ParNew
Desired survivor size 557056 bytes, new threshold 15 (max 15)
- age   1:      99768 bytes,      99768 total
- age   2:      23544 bytes,     123312 total
: 1670K->217K(2304K), 0.0030825 secs] 773740K->772286K(834964K), 0.0031644 secs] [Times: user=0.01 sys=0.00, real=0.00 secs] 
42.685: [GC 42.685: [ParNew
Desired survivor size 557056 bytes, new threshold 2 (max 15)
- age   1:     526848 bytes,     526848 total
- age   2:      99728 bytes,     626576 total
- age   3:      23480 bytes,     650056 total
: 1433K->665K(2304K), 0.0053846 secs] 772633K->771865K(834964K), 0.0054721 secs] [Times: user=0.01 sys=0.00, real=0.00 secs] 
42.692: [GC 42.692: [ParNew
Desired survivor size 557056 bytes, new threshold 15 (max 15)
- age   1:        352 bytes,        352 total
- age   2:     526776 bytes,     527128 total
: 1881K->806K(2304K), 0.0042331 secs] 772504K->771549K(834964K), 0.0043236 secs] [Times: user=0.02 sys=0.00, real=0.01 secs] 
42.698: [GC 42.698: [ParNew
Desired survivor size 557056 bytes, new threshold 15 (max 15)
- age   1:       1592 bytes,       1592 total
- age   2:        152 bytes,       1744 total
- age   3:     526776 bytes,     528520 total
: 2022K->751K(2304K), 0.0048759 secs] 771630K->770359K(834964K), 0.0049844 secs] [Times: user=0.02 sys=0.00, real=0.00 secs] 
42.706: [GC 42.706: [ParNew
Desired survivor size 557056 bytes, new threshold 15 (max 15)
- age   1:        112 bytes,        112 total
- age   2:       1464 bytes,       1576 total
- age   3:         80 bytes,       1656 total
- age   4:     526776 bytes,     528432 total
: 1967K->896K(2304K), 0.0041038 secs] 770270K->769199K(834964K), 0.0041911 secs] [Times: user=0.01 sys=0.00, real=0.00 secs] 
42.712: [GC 42.712: [ParNew
Desired survivor size 557056 bytes, new threshold 5 (max 15)
- age   1:     259672 bytes,     259672 total
- age   2:         40 bytes,     259712 total
- age   3:       1464 bytes,     261176 total
- age   5:     526776 bytes,     787952 total
: 2112K->964K(2304K), 0.0041646 secs] 769420K->768273K(834964K), 0.0042454 secs] [Times: user=0.01 sys=0.00, real=0.01 secs] 
42.717: [GC 42.717: [ParNew
Desired survivor size 557056 bytes, new threshold 15 (max 15)
- age   1:     224720 bytes,     224720 total
- age   2:     259600 bytes,     484320 total
- age   4:       1464 bytes,     485784 total
: 2180K->986K(2304K), 0.0045274 secs] 768757K->768077K(834964K), 0.0046203 secs] [Times: user=0.01 sys=0.00, real=0.00 secs] 
42.724: [GC 42.724: [ParNew
Desired survivor size 557056 bytes, new threshold 15 (max 15)
- age   1:      41832 bytes,      41832 total
- age   2:     224648 bytes,     266480 total
- age   3:     259600 bytes,     526080 total
- age   5:       1336 bytes,     527416 total
: 2202K->770K(2304K), 0.0046160 secs] 768183K->766751K(834964K), 0.0046970 secs] [Times: user=0.01 sys=0.01, real=0.00 secs] 
42.730: [GC 42.730: [ParNew
Desired survivor size 557056 bytes, new threshold 4 (max 15)
- age   1:     213608 bytes,     213608 total
- age   2:      41800 bytes,     255408 total
- age   3:     224648 bytes,     480056 total
- age   4:     259600 bytes,     739656 total
- age   6:       1336 bytes,     740992 total
: 1986K->943K(2304K), 0.0035445 secs] 767443K->766401K(834964K), 0.0036253 secs] [Times: user=0.01 sys=0.00, real=0.01 secs] 
42.736: [GC 42.736: [ParNew
Desired survivor size 557056 bytes, new threshold 2 (max 15)
- age   1:     513312 bytes,     513312 total
- age   2:     167264 bytes,     680576 total
- age   3:      41800 bytes,     722376 total
- age   4:     211120 bytes,     933496 total
: 2159K->1088K(2304K), 0.0054154 secs] 766310K->765636K(834964K), 0.0055129 secs] [Times: user=0.02 sys=0.00, real=0.00 secs] 
42.744: [GC 42.744: [ParNew
Desired survivor size 557056 bytes, new threshold 2 (max 15)
- age   1:     484976 bytes,     484976 total
- age   2:     450496 bytes,     935472 total
: 2304K->1088K(2304K), 0.0052062 secs] 765242K->764539K(834964K), 0.0052911 secs] [Times: user=0.01 sys=0.00, real=0.01 secs] 
42.751: [GC 42.751: [ParNew
Desired survivor size 557056 bytes, new threshold 2 (max 15)
- age   1:     265160 bytes,     265160 total
- age   2:     428536 bytes,     693696 total
: 2304K->1088K(2304K), 0.0046376 secs] 764793K->764072K(834964K), 0.0047340 secs] [Times: user=0.01 sys=0.00, real=0.01 secs] 
42.758: [GC 42.758: [ParNew
Desired survivor size 557056 bytes, new threshold 1 (max 15)
- age   1:     612088 bytes,     612088 total
- age   2:     255584 bytes,     867672 total
: 2304K->1088K(2304K), 0.0060012 secs] 763612K->763174K(834964K), 0.0060918 secs] [Times: user=0.02 sys=0.00, real=0.01 secs] 
42.765: [GC 42.765: [ParNew
Desired survivor size 557056 bytes, new threshold 15 (max 15)
- age   1:        232 bytes,        232 total
: 2304K->613K(2304K), 0.0046602 secs] 763429K->762586K(834964K), 0.0047409 secs] [Times: user=0.02 sys=0.00, real=0.00 secs] 
42.772: [GC 42.772: [ParNew
Desired survivor size 557056 bytes, new threshold 15 (max 15)
- age   1:        264 bytes,        264 total
- age   2:        104 bytes,        368 total
: 1829K->204K(2304K), 0.0028435 secs] 762868K->761243K(834964K), 0.0029264 secs] [Times: user=0.01 sys=0.00, real=0.01 secs] 
42.776: [GC 42.776: [ParNew
Desired survivor size 557056 bytes, new threshold 15 (max 15)
- age   1:     533360 bytes,     533360 total
- age   2:        192 bytes,     533552 total
- age   3:        104 bytes,     533656 total
: 1420K->550K(2304K), 0.0043604 secs] 761507K->760637K(834964K), 0.0044375 secs] [Times: user=0.01 sys=0.00, real=0.00 secs] 
42.783: [GC 42.783: [ParNew
Desired survivor size 557056 bytes, new threshold 1 (max 15)
- age   1:     628936 bytes,     628936 total
- age   2:     483640 bytes,    1112576 total
- age   3:        192 bytes,    1112768 total
- age   4:        104 bytes,    1112872 total
: 1766K->1088K(2304K), 0.0058270 secs] 760562K->760471K(834964K), 0.0059130 secs] [Times: user=0.02 sys=0.00, real=0.01 secs] 
42.791: [GC 42.791: [ParNew
Desired survivor size 557056 bytes, new threshold 1 (max 15)
- age   1:     904400 bytes,     904400 total
: 2304K->1088K(2304K), 0.0072350 secs] 760352K->760483K(834964K), 0.0073146 secs] [Times: user=0.02 sys=0.00, real=0.01 secs] 
42.799: [GC 42.800: [ParNew
Desired survivor size 557056 bytes, new threshold 1 (max 15)
- age   1:     925376 bytes,     925376 total
: 2304K->1088K(2304K), 0.0054777 secs] 760762K->760659K(834964K), 0.0055637 secs] [Times: user=0.02 sys=0.00, real=0.01 secs] 
42.807: [GC 42.808: [ParNew
Desired survivor size 557056 bytes, new threshold 1 (max 15)
- age   1:    1031664 bytes,    1031664 total
: 2304K->1088K(2304K), 0.0061734 secs] 760611K->760498K(834964K), 0.0062710 secs] [Times: user=0.02 sys=0.00, real=0.00 secs] 
42.817: [GC 42.817: [ParNew
Desired survivor size 557056 bytes, new threshold 1 (max 15)
- age   1:     703776 bytes,     703776 total
: 2304K->1088K(2304K), 0.0057105 secs] 760315K->760106K(834964K), 0.0058302 secs] [Times: user=0.02 sys=0.00, real=0.00 secs] 
42.826: [GC 42.826: [ParNew
Desired survivor size 557056 bytes, new threshold 1 (max 15)
- age   1:     710200 bytes,     710200 total
: 2304K->1088K(2304K), 0.0046298 secs] 760875K->760347K(834964K), 0.0047142 secs] [Times: user=0.02 sys=0.00, real=0.00 secs] 
42.833: [GC 42.833: [ParNew
Desired survivor size 557056 bytes, new threshold 1 (max 15)
- age   1:     581544 bytes,     581544 total
: 2303K->1063K(2304K), 0.0042641 secs] 761477K->760928K(834964K), 0.0043435 secs] [Times: user=0.01 sys=0.00, real=0.01 secs] 
42.838: [GC 42.838: [ParNew
Desired survivor size 557056 bytes, new threshold 15 (max 15)
- age   1:     232192 bytes,     232192 total
: 2279K->487K(2304K), 0.0049019 secs] 762135K->760911K(834964K), 0.0049780 secs] [Times: user=0.01 sys=0.00, real=0.00 secs] 
42.845: [GC 42.845: [ParNew
Desired survivor size 557056 bytes, new threshold 1 (max 15)
- age   1:     643832 bytes,     643832 total
- age   2:     232192 bytes,     876024 total
: 1703K->958K(2304K), 0.0045138 secs] 761966K->761221K(834964K), 0.0045963 secs] [Times: user=0.02 sys=0.00, real=0.00 secs] 
42.852: [GC 42.852: [ParNew
Desired survivor size 557056 bytes, new threshold 15 (max 15)
- age   1:       1184 bytes,       1184 total
: 2174K->515K(2304K), 0.0062170 secs] 762436K->761632K(834964K), 0.0063343 secs] [Times: user=0.02 sys=0.00, real=0.01 secs] 
42.861: [GC 42.861: [ParNew
Desired survivor size 557056 bytes, new threshold 1 (max 15)
- age   1:     594216 bytes,     594216 total
- age   2:        904 bytes,     595120 total
: 1731K->688K(2304K), 0.0038848 secs] 762831K->761787K(834964K), 0.0039676 secs] [Times: user=0.01 sys=0.00, real=0.01 secs] 
42.866: [GC 42.866: [ParNew
Desired survivor size 557056 bytes, new threshold 1 (max 15)
- age   1:     756112 bytes,     756112 total
: 1904K->998K(2304K), 0.0046571 secs] 762912K->762587K(834964K), 0.0047400 secs] [Times: user=0.02 sys=0.00, real=0.00 secs] 
42.872: [GC 42.872: [ParNew
Desired survivor size 557056 bytes, new threshold 15 (max 15)
- age   1:        216 bytes,        216 total
: 2214K->415K(2304K), 0.0039325 secs] 763646K->762585K(834964K), 0.0040368 secs] [Times: user=0.02 sys=0.00, real=0.01 secs] 
42.878: [GC 42.878: [ParNew
Desired survivor size 557056 bytes, new threshold 1 (max 15)
- age   1:     652960 bytes,     652960 total
- age   2:        144 bytes,     653104 total
: 1631K->726K(2304K), 0.0050269 secs] 763611K->762707K(834964K), 0.0051195 secs] [Times: user=0.01 sys=0.00, real=0.00 secs] 
42.885: [GC 42.885: [ParNew
Desired survivor size 557056 bytes, new threshold 1 (max 15)
- age   1:    1046664 bytes,    1046664 total
: 1891K->1088K(2304K), 0.0051647 secs] 763366K->763257K(834964K), 0.0052549 secs] [Times: user=0.02 sys=0.00, real=0.00 secs] 
42.893: [GC 42.893: [ParNew
Desired survivor size 557056 bytes, new threshold 1 (max 15)
- age   1:     887400 bytes,     887400 total
: 2304K->1088K(2304K), 0.0063510 secs] 763557K->763617K(834964K), 0.0064366 secs] [Times: user=0.01 sys=0.00, real=0.01 secs] 
42.901: [GC 42.901: [ParNew
Desired survivor size 557056 bytes, new threshold 1 (max 15)
- age   1:    1038152 bytes,    1038152 total
: 2304K->1088K(2304K), 0.0058952 secs] 764374K->764168K(834964K), 0.0059904 secs] [Times: user=0.02 sys=0.00, real=0.01 secs] 
42.908: [GC 42.908: [ParNew
Desired survivor size 557056 bytes, new threshold 1 (max 15)
- age   1:    1076240 bytes,    1076240 total
: 2304K->1088K(2304K), 0.0063661 secs] 765036K->764955K(834964K), 0.0064606 secs] [Times: user=0.02 sys=0.00, real=0.01 secs] 
42.919: [GC 42.919: [ParNew
Desired survivor size 557056 bytes, new threshold 1 (max 15)
- age   1:    1082248 bytes,    1082248 total
: 2304K->1088K(2304K), 0.0057739 secs] 765398K->765347K(834964K), 0.0058779 secs] [Times: user=0.02 sys=0.00, real=0.01 secs] 
42.928: [GC 42.928: [ParNew
Desired survivor size 557056 bytes, new threshold 1 (max 15)
- age   1:     927704 bytes,     927704 total
: 2304K->1088K(2304K), 0.0074783 secs] 765393K->765439K(834964K), 0.0076026 secs] [Times: user=0.02 sys=0.00, real=0.01 secs] 
42.937: [GC 42.937: [ParNew
Desired survivor size 557056 bytes, new threshold 1 (max 15)
- age   1:     877424 bytes,     877424 total
: 2304K->1088K(2304K), 0.0054946 secs] 766118K->765837K(834964K), 0.0055929 secs] [Times: user=0.01 sys=0.00, real=0.00 secs] 
42.946: [GC 42.946: [ParNew
Desired survivor size 557056 bytes, new threshold 1 (max 15)
- age   1:     888928 bytes,     888928 total
: 2304K->1088K(2304K), 0.0050811 secs] 766419K->766062K(834964K), 0.0051936 secs] [Times: user=0.02 sys=0.00, real=0.00 secs] 
42.953: [GC 42.953: [ParNew
Desired survivor size 557056 bytes, new threshold 1 (max 15)
- age   1:     729704 bytes,     729704 total
: 2304K->1088K(2304K), 0.0059757 secs] 767039K->766805K(834964K), 0.0060651 secs] [Times: user=0.02 sys=0.00, real=0.01 secs] 
42.960: [GC 42.960: [ParNew
Desired survivor size 557056 bytes, new threshold 1 (max 15)
- age   1:     779336 bytes,     779336 total
: 2304K->1088K(2304K), 0.0049067 secs] 767884K->767378K(834964K), 0.0049934 secs] [Times: user=0.02 sys=0.00, real=0.01 secs] 
42.967: [GC 42.968: [ParNew
Desired survivor size 557056 bytes, new threshold 15 (max 15)
- age   1:      76376 bytes,      76376 total
: 2304K->557K(2304K), 0.0070634 secs] 767798K->766813K(834964K), 0.0071585 secs] [Times: user=0.02 sys=0.00, real=0.01 secs] 
42.978: [GC 42.978: [ParNew
Desired survivor size 557056 bytes, new threshold 1 (max 15)
- age   1:     667168 bytes,     667168 total
- age   2:      76304 bytes,     743472 total
: 1773K->799K(2304K), 0.0035438 secs] 767483K->766509K(834964K), 0.0036216 secs] [Times: user=0.01 sys=0.00, real=0.00 secs] 
42.983: [GC 42.983: [ParNew
Desired survivor size 557056 bytes, new threshold 15 (max 15)
- age   1:     459240 bytes,     459240 total
: 2015K->594K(2304K), 0.0043089 secs] 766749K->766054K(834964K), 0.0043926 secs] [Times: user=0.02 sys=0.00, real=0.01 secs] 
42.990: [GC 42.990: [ParNew
Desired survivor size 557056 bytes, new threshold 2 (max 15)
- age   1:     484440 bytes,     484440 total
- age   2:     459168 bytes,     943608 total
: 1810K->1088K(2304K), 0.0039622 secs] 766498K->765775K(834964K), 0.0040445 secs] [Times: user=0.02 sys=0.00, real=0.01 secs] 
42.995: [GC 42.995: [ParNew
Desired survivor size 557056 bytes, new threshold 2 (max 15)
- age   1:     222024 bytes,     222024 total
- age   2:     484312 bytes,     706336 total
: 2304K->1015K(2304K), 0.0046937 secs] 766458K->765618K(834964K), 0.0047826 secs] [Times: user=0.02 sys=0.00, real=0.00 secs] 
43.002: [GC 43.002: [ParNew
Desired survivor size 557056 bytes, new threshold 2 (max 15)
- age   1:     414360 bytes,     414360 total
- age   2:     221896 bytes,     636256 total
: 2231K->900K(2304K), 0.0055193 secs] 766120K->765262K(834964K), 0.0056114 secs] [Times: user=0.02 sys=0.00, real=0.01 secs] 
43.010: [GC 43.010: [ParNew
Desired survivor size 557056 bytes, new threshold 1 (max 15)
- age   1:     580624 bytes,     580624 total
- age   2:     414360 bytes,     994984 total
: 2116K->1088K(2304K), 0.0040540 secs] 765838K->765026K(834964K), 0.0041340 secs] [Times: user=0.01 sys=0.00, real=0.01 secs] 
43.016: [GC 43.016: [ParNew
Desired survivor size 557056 bytes, new threshold 1 (max 15)
- age   1:     891368 bytes,     891368 total
: 2304K->1088K(2304K), 0.0053544 secs] 765566K->765603K(834964K), 0.0054411 secs] [Times: user=0.01 sys=0.00, real=0.00 secs] 
43.023: [GC 43.023: [ParNew
Desired survivor size 557056 bytes, new threshold 1 (max 15)
- age   1:     897224 bytes,     897224 total
: 2268K->1088K(2304K), 0.0058404 secs] 766396K->766302K(834964K), 0.0059324 secs] [Times: user=0.02 sys=0.00, real=0.01 secs] 
43.033: [GC 43.033: [ParNew
Desired survivor size 557056 bytes, new threshold 1 (max 15)
- age   1:     834424 bytes,     834424 total
: 2304K->1088K(2304K), 0.0065346 secs] 766631K->766552K(834964K), 0.0066464 secs] [Times: user=0.02 sys=0.00, real=0.01 secs] 
43.043: [GC 43.043: [ParNew
Desired survivor size 557056 bytes, new threshold 1 (max 15)
- age   1:     916112 bytes,     916112 total
: 2304K->1088K(2304K), 0.0057808 secs] 766790K->766389K(834964K), 0.0059023 secs] [Times: user=0.02 sys=0.00, real=0.01 secs] 
43.051: [GC 43.051: [ParNew
Desired survivor size 557056 bytes, new threshold 15 (max 15)
- age   1:     112752 bytes,     112752 total
: 2304K->650K(2304K), 0.0049348 secs] 767336K->766577K(834964K), 0.0050317 secs] [Times: user=0.01 sys=0.00, real=0.01 secs] 
43.059: [GC 43.059: [ParNew
Desired survivor size 557056 bytes, new threshold 15 (max 15)
- age   1:     212384 bytes,     212384 total
- age   2:     112672 bytes,     325056 total
: 1866K->416K(2304K), 0.0038718 secs] 767349K->765899K(834964K), 0.0039954 secs] [Times: user=0.02 sys=0.00, real=0.00 secs] 
43.066: [GC 43.066: [ParNew
Desired survivor size 557056 bytes, new threshold 1 (max 15)
- age   1:     970808 bytes,     970808 total
- age   2:     119656 bytes,    1090464 total
- age   3:      22736 bytes,    1113200 total
: 1632K->1088K(2304K), 0.0044861 secs] 766477K->766261K(834964K), 0.0045680 secs] [Times: user=0.02 sys=0.00, real=0.00 secs] 
43.072: [GC 43.073: [ParNew
Desired survivor size 557056 bytes, new threshold 1 (max 15)
- age   1:     583368 bytes,     583368 total
: 2304K->918K(2304K), 0.0065301 secs] 767089K->766790K(834964K), 0.0066083 secs] [Times: user=0.02 sys=0.00, real=0.01 secs] 
43.082: [GC 43.082: [ParNew
Desired survivor size 557056 bytes, new threshold 1 (max 15)
- age   1:     760656 bytes,     760656 total
: 2134K->1079K(2304K), 0.0047123 secs] 767458K->766971K(834964K), 0.0047904 secs] [Times: user=0.02 sys=0.00, real=0.01 secs] 
43.089: [GC 43.089: [ParNew
Desired survivor size 557056 bytes, new threshold 1 (max 15)
- age   1:    1074456 bytes,    1074456 total
: 2295K->1088K(2304K), 0.0056334 secs] 768157K->767800K(834964K), 0.0057161 secs] [Times: user=0.02 sys=0.00, real=0.01 secs] 
43.096: [GC 43.096: [ParNew
Desired survivor size 557056 bytes, new threshold 1 (max 15)
- age   1:     862584 bytes,     862584 total
: 2304K->1088K(2304K), 0.0061952 secs] 768973K->769082K(834964K), 0.0062880 secs] [Times: user=0.02 sys=0.00, real=0.00 secs] 
43.104: [GC 43.104: [ParNew
Desired survivor size 557056 bytes, new threshold 1 (max 15)
- age   1:    1076600 bytes,    1076600 total
: 2304K->1088K(2304K), 0.0060819 secs] 770230K->769924K(834964K), 0.0061719 secs] [Times: user=0.03 sys=0.01, real=0.00 secs] 
43.113: [GC 43.113: [ParNew
Desired survivor size 557056 bytes, new threshold 1 (max 15)
- age   1:     864544 bytes,     864544 total
: 2304K->1088K(2304K), 0.0067579 secs] 771117K->771045K(834964K), 0.0068511 secs] [Times: user=0.02 sys=0.00, real=0.01 secs] 
43.121: [GC 43.121: [ParNew
Desired survivor size 557056 bytes, new threshold 1 (max 15)
- age   1:     701784 bytes,     701784 total
: 2304K->1088K(2304K), 0.0060502 secs] 772261K->771889K(834964K), 0.0061447 secs] [Times: user=0.02 sys=0.00, real=0.01 secs] 
43.130: [GC 43.130: [ParNew
Desired survivor size 557056 bytes, new threshold 15 (max 15)
- age   1:     110248 bytes,     110248 total
: 2304K->735K(2304K), 0.0047767 secs] 773093K->772209K(834964K), 0.0048598 secs] [Times: user=0.02 sys=0.00, real=0.01 secs] 
43.137: [GC 43.137: [ParNew
Desired survivor size 557056 bytes, new threshold 2 (max 15)
- age   1:     502144 bytes,     502144 total
- age   2:      82568 bytes,     584712 total
: 1951K->714K(2304K), 0.0034545 secs] 773425K->772188K(834964K), 0.0035402 secs] [Times: user=0.01 sys=0.00, real=0.00 secs] 
43.142: [GC 43.142: [ParNew
Desired survivor size 557056 bytes, new threshold 1 (max 15)
- age   1:     611432 bytes,     611432 total
- age   2:     502040 bytes,    1113472 total
: 1930K->1088K(2304K), 0.0047217 secs] 773378K->772719K(834964K), 0.0048235 secs] [Times: user=0.02 sys=0.00, real=0.01 secs] 
43.149: [GC 43.149: [ParNew
Desired survivor size 557056 bytes, new threshold 15 (max 15)
- age   1:     505192 bytes,     505192 total
: 2304K->1088K(2304K), 0.0055481 secs] 773508K->773379K(834964K), 0.0056383 secs] [Times: user=0.02 sys=0.00, real=0.01 secs] 
43.157: [GC 43.157: [ParNew
Desired survivor size 557056 bytes, new threshold 2 (max 15)
- age   1:     473000 bytes,     473000 total
- age   2:     504072 bytes,     977072 total
: 2304K->1088K(2304K), 0.0050080 secs] 774560K->773462K(834964K), 0.0051380 secs] [Times: user=0.02 sys=0.00, real=0.00 secs] 
43.164: [GC 43.164: [ParNew
Desired survivor size 557056 bytes, new threshold 2 (max 15)
- age   1:     321984 bytes,     321984 total
- age   2:     473000 bytes,     794984 total
: 2304K->1088K(2304K), 0.0050161 secs] 774479K->773755K(834964K), 0.0051005 secs] [Times: user=0.02 sys=0.00, real=0.01 secs] 
43.171: [GC 43.172: [ParNew
Desired survivor size 557056 bytes, new threshold 1 (max 15)
- age   1:     732336 bytes,     732336 total
- age   2:     281848 bytes,    1014184 total
: 2304K->1088K(2304K), 0.0056530 secs] 774401K->774000K(834964K), 0.0057532 secs] [Times: user=0.01 sys=0.00, real=0.01 secs] 
43.179: [GC 43.179: [ParNew
Desired survivor size 557056 bytes, new threshold 15 (max 15)
- age   1:     538056 bytes,     538056 total
: 2304K->939K(2304K), 0.0058840 secs] 774657K->774283K(834964K), 0.0059723 secs] [Times: user=0.02 sys=0.01, real=0.01 secs] 
43.187: [GC 43.187: [ParNew
Desired survivor size 557056 bytes, new threshold 1 (max 15)
- age   1:     637384 bytes,     637384 total
- age   2:     457016 bytes,    1094400 total
: 2155K->1088K(2304K), 0.0050532 secs] 775070K->774614K(834964K), 0.0051363 secs] [Times: user=0.02 sys=0.00, real=0.00 secs] 
43.194: [GC 43.194: [ParNew
Desired survivor size 557056 bytes, new threshold 1 (max 15)
- age   1:     628616 bytes,     628616 total
: 2304K->1088K(2304K), 0.0066121 secs] 775401K->775254K(834964K), 0.0067081 secs] [Times: user=0.02 sys=0.00, real=0.01 secs] 
43.202: [GC 43.202: [ParNew
Desired survivor size 557056 bytes, new threshold 1 (max 15)
- age   1:     703088 bytes,     703088 total
: 2304K->1029K(2304K), 0.0044830 secs] 775724K->775063K(834964K), 0.0045656 secs] [Times: user=0.02 sys=0.00, real=0.01 secs] 
43.210: [GC 43.210: [ParNew
Desired survivor size 557056 bytes, new threshold 1 (max 15)
- age   1:    1022224 bytes,    1022224 total
: 2245K->1088K(2304K), 0.0064118 secs] 775230K->774969K(834964K), 0.0065001 secs] [Times: user=0.02 sys=0.00, real=0.01 secs] 
43.218: [GC 43.218: [ParNew
Desired survivor size 557056 bytes, new threshold 15 (max 15)
- age   1:     251472 bytes,     251472 total
: 2304K->906K(2304K), 0.0044798 secs] 775427K->775027K(834964K), 0.0045594 secs] [Times: user=0.02 sys=0.00, real=0.00 secs] 
43.224: [GC 43.224: [ParNew
Desired survivor size 557056 bytes, new threshold 15 (max 15)
- age   1:     244256 bytes,     244256 total
- age   2:     251472 bytes,     495728 total
: 2122K->647K(2304K), 0.0037066 secs] 775797K->774322K(834964K), 0.0037856 secs] [Times: user=0.01 sys=0.00, real=0.01 secs] 
43.229: [GC 43.229: [ParNew
Desired survivor size 557056 bytes, new threshold 2 (max 15)
- age   1:     404176 bytes,     404176 total
- age   2:     244184 bytes,     648360 total
- age   3:     251472 bytes,     899832 total
: 1863K->1087K(2304K), 0.0047038 secs] 775243K->774467K(834964K), 0.0047926 secs] [Times: user=0.01 sys=0.00, real=0.00 secs] 
43.236: [GC 43.236: [ParNew
Desired survivor size 557056 bytes, new threshold 1 (max 15)
- age   1:     847872 bytes,     847872 total
- age   2:     265784 bytes,    1113656 total
: 2303K->1088K(2304K), 0.0060640 secs] 775017K->774698K(834964K), 0.0061511 secs] [Times: user=0.02 sys=0.00, real=0.00 secs] 
43.244: [GC 43.244: [ParNew
Desired survivor size 557056 bytes, new threshold 1 (max 15)
- age   1:     925200 bytes,     925200 total
: 2304K->1088K(2304K), 0.0083834 secs] 775189K->775298K(834964K), 0.0084687 secs] [Times: user=0.02 sys=0.00, real=0.00 secs] 
43.255: [GC 43.255: [ParNew
Desired survivor size 557056 bytes, new threshold 1 (max 15)
- age   1:    1007464 bytes,    1007464 total
: 2304K->1088K(2304K), 0.0052056 secs] 775541K->775449K(834964K), 0.0052902 secs] [Times: user=0.02 sys=0.00, real=0.00 secs] 
43.262: [GC 43.262: [ParNew
Desired survivor size 557056 bytes, new threshold 1 (max 15)
- age   1:    1001656 bytes,    1001656 total
: 2304K->1088K(2304K), 0.0056763 secs] 775904K->775863K(834964K), 0.0057990 secs] [Times: user=0.02 sys=0.00, real=0.01 secs] 
43.271: [GC 43.271: [ParNew
Desired survivor size 557056 bytes, new threshold 15 (max 15)
- age   1:     332760 bytes,     332760 total
: 2304K->1088K(2304K), 0.0062134 secs] 776370K->776132K(834964K), 0.0063093 secs] [Times: user=0.01 sys=0.00, real=0.01 secs] 
43.280: [GC 43.280: [ParNew
Desired survivor size 557056 bytes, new threshold 1 (max 15)
- age   1:     855592 bytes,     855592 total
- age   2:     256400 bytes,    1111992 total
: 2304K->1088K(2304K), 0.0049105 secs] 776153K->775318K(834964K), 0.0049872 secs] [Times: user=0.02 sys=0.00, real=0.01 secs] 
43.288: [GC 43.288: [ParNew
Desired survivor size 557056 bytes, new threshold 1 (max 15)
- age   1:     969832 bytes,     969832 total
: 2304K->1088K(2304K), 0.0067271 secs] 775452K->775568K(834964K), 0.0068149 secs] [Times: user=0.01 sys=0.00, real=0.01 secs] 
43.297: [GC 43.297: [ParNew
Desired survivor size 557056 bytes, new threshold 1 (max 15)
- age   1:     956976 bytes,     956976 total
: 2304K->1088K(2304K), 0.0058255 secs] 775358K->775329K(834964K), 0.0059068 secs] [Times: user=0.02 sys=0.00, real=0.00 secs] 
43.304: [GC 43.304: [ParNew
Desired survivor size 557056 bytes, new threshold 1 (max 15)
- age   1:     580504 bytes,     580504 total
: 2304K->1088K(2304K), 0.0063805 secs] 775591K->775310K(834964K), 0.0064758 secs] [Times: user=0.01 sys=0.00, real=0.00 secs] 
43.316: [GC 43.316: [ParNew
Desired survivor size 557056 bytes, new threshold 1 (max 15)
- age   1:    1055160 bytes,    1055160 total
: 2304K->1088K(2304K), 0.0057387 secs] 773606K->772991K(834964K), 0.0058252 secs] [Times: user=0.02 sys=0.00, real=0.00 secs] 
43.323: [GC 43.323: [ParNew
Desired survivor size 557056 bytes, new threshold 1 (max 15)
- age   1:     930864 bytes,     930864 total
: 2304K->1088K(2304K), 0.0061899 secs] 773228K->773256K(834964K), 0.0062866 secs] [Times: user=0.02 sys=0.00, real=0.01 secs] 
43.332: [GC 43.332: [ParNew
Desired survivor size 557056 bytes, new threshold 1 (max 15)
- age   1:     723496 bytes,     723496 total
: 2304K->1088K(2304K), 0.0056504 secs] 772665K->772358K(834964K), 0.0057325 secs] [Times: user=0.02 sys=0.00, real=0.01 secs] 
43.339: [GC 43.339: [ParNew
Desired survivor size 557056 bytes, new threshold 1 (max 15)
- age   1:    1078064 bytes,    1078064 total
: 2304K->1088K(2304K), 0.0060690 secs] 772454K->772053K(834964K), 0.0061903 secs] [Times: user=0.02 sys=0.01, real=0.01 secs] 
43.349: [GC 43.349: [ParNew
Desired survivor size 557056 bytes, new threshold 1 (max 15)
- age   1:     972184 bytes,     972184 total
: 2304K->1088K(2304K), 0.0065641 secs] 771115K->771159K(834964K), 0.0066561 secs] [Times: user=0.02 sys=0.00, real=0.01 secs] 
43.359: [GC 43.359: [ParNew
Desired survivor size 557056 bytes, new threshold 1 (max 15)
- age   1:     992368 bytes,     992368 total
: 2304K->1088K(2304K), 0.0065882 secs] 770656K->770549K(834964K), 0.0066981 secs] [Times: user=0.02 sys=0.00, real=0.01 secs] 
43.369: [GC 43.369: [ParNew
Desired survivor size 557056 bytes, new threshold 15 (max 15)
- age   1:     314280 bytes,     314280 total
: 2304K->966K(2304K), 0.0055232 secs] 770183K->769814K(834964K), 0.0056165 secs] [Times: user=0.02 sys=0.00, real=0.01 secs] 
43.377: [GC 43.377: [ParNew
Desired survivor size 557056 bytes, new threshold 2 (max 15)
- age   1:     275832 bytes,     275832 total
- age   2:     314240 bytes,     590072 total
: 2182K->715K(2304K), 0.0048037 secs] 769081K->767615K(834964K), 0.0048854 secs] [Times: user=0.01 sys=0.00, real=0.00 secs] 
43.384: [GC 43.384: [ParNew
Desired survivor size 557056 bytes, new threshold 2 (max 15)
- age   1:     410160 bytes,     410160 total
- age   2:     275704 bytes,     685864 total
: 1931K->1023K(2304K), 0.0038195 secs] 766986K->766384K(834964K), 0.0039030 secs] [Times: user=0.01 sys=0.00, real=0.00 secs] 
43.389: [GC 43.390: [ParNew
Desired survivor size 557056 bytes, new threshold 15 (max 15)
- age   1:        328 bytes,        328 total
- age   2:     410088 bytes,     410416 total
: 2239K->630K(2304K), 0.0034604 secs] 767015K->765675K(834964K), 0.0035707 secs] [Times: user=0.01 sys=0.00, real=0.00 secs] 
43.394: [GC 43.394: [ParNew
Desired survivor size 557056 bytes, new threshold 15 (max 15)
- age   1:        320 bytes,        320 total
- age   2:        256 bytes,        576 total
- age   3:     410088 bytes,     410664 total
: 1846K->687K(2304K), 0.0034991 secs] 766113K->764954K(834964K), 0.0035755 secs] [Times: user=0.01 sys=0.00, real=0.00 secs] 
43.401: [GC 43.401: [ParNew
Desired survivor size 557056 bytes, new threshold 4 (max 15)
- age   1:     337696 bytes,     337696 total
- age   2:        256 bytes,     337952 total
- age   3:        256 bytes,     338208 total
- age   4:     410088 bytes,     748296 total
: 1903K->885K(2304K), 0.0043046 secs] 764274K->763257K(834964K), 0.0043941 secs] [Times: user=0.01 sys=0.00, real=0.01 secs] 
43.408: [GC 43.408: [ParNew
Desired survivor size 557056 bytes, new threshold 1 (max 15)
- age   1:     811888 bytes,     811888 total
- age   2:     250168 bytes,    1062056 total
- age   3:        224 bytes,    1062280 total
- age   4:        256 bytes,    1062536 total
: 2101K->1088K(2304K), 0.0058185 secs] 762537K->762061K(834964K), 0.0058953 secs] [Times: user=0.02 sys=0.00, real=0.00 secs] 
43.415: [GC 43.415: [ParNew
Desired survivor size 557056 bytes, new threshold 15 (max 15)
- age   1:     367304 bytes,     367304 total
: 2304K->846K(2304K), 0.0056318 secs] 762399K->761979K(834964K), 0.0057157 secs] [Times: user=0.01 sys=0.00, real=0.00 secs] 
43.422: [GC 43.423: [ParNew
Desired survivor size 557056 bytes, new threshold 1 (max 15)
- age   1:     673672 bytes,     673672 total
- age   2:     363800 bytes,    1037472 total
: 2062K->1088K(2304K), 0.0038578 secs] 762303K->761331K(834964K), 0.0039530 secs] [Times: user=0.01 sys=0.01, real=0.01 secs] 
43.429: [GC 43.429: [ParNew
Desired survivor size 557056 bytes, new threshold 15 (max 15)
- age   1:     402072 bytes,     402072 total
: 2304K->846K(2304K), 0.0059760 secs] 761237K->760792K(834964K), 0.0060858 secs] [Times: user=0.01 sys=0.00, real=0.01 secs] 
43.436: [GC 43.437: [ParNew
Desired survivor size 557056 bytes, new threshold 2 (max 15)
- age   1:     280728 bytes,     280728 total
- age   2:     401944 bytes,     682672 total
: 2062K->807K(2304K), 0.0035408 secs] 760988K->759733K(834964K), 0.0036199 secs] [Times: user=0.01 sys=0.00, real=0.00 secs] 
43.442: [GC 43.442: [ParNew
Desired survivor size 557056 bytes, new threshold 1 (max 15)
- age   1:     891144 bytes,     891144 total
- age   2:     222240 bytes,    1113384 total
: 2023K->1088K(2304K), 0.0051129 secs] 759956K->759752K(834964K), 0.0051927 secs] [Times: user=0.01 sys=0.00, real=0.01 secs] 
43.449: [GC 43.449: [ParNew
Desired survivor size 557056 bytes, new threshold 1 (max 15)
- age   1:     602208 bytes,     602208 total
: 2304K->1088K(2304K), 0.0060317 secs] 759829K->759828K(834964K), 0.0061206 secs] [Times: user=0.02 sys=0.00, real=0.01 secs] 
43.457: [GC 43.457: [ParNew
Desired survivor size 557056 bytes, new threshold 1 (max 15)
- age   1:     748984 bytes,     748984 total
: 2304K->922K(2304K), 0.0063831 secs] 759800K->759007K(834964K), 0.0064807 secs] [Times: user=0.01 sys=0.00, real=0.00 secs] 
43.466: [GC 43.466: [ParNew
Desired survivor size 557056 bytes, new threshold 15 (max 15)
- age   1:     137328 bytes,     137328 total
: 2138K->640K(2304K), 0.0061838 secs] 759000K->758201K(834964K), 0.0062692 secs] [Times: user=0.01 sys=0.00, real=0.00 secs] 
43.474: [GC 43.474: [ParNew
Desired survivor size 557056 bytes, new threshold 2 (max 15)
- age   1:     462760 bytes,     462760 total
- age   2:     137328 bytes,     600088 total
: 1856K->725K(2304K), 0.0034210 secs] 757777K->756647K(834964K), 0.0035070 secs] [Times: user=0.01 sys=0.00, real=0.00 secs] 
43.481: [GC 43.481: [ParNew
Desired survivor size 557056 bytes, new threshold 1 (max 15)
- age   1:     622120 bytes,     622120 total
- age   2:     398024 bytes,    1020144 total
: 1941K->1088K(2304K), 0.0053284 secs] 757056K->756513K(834964K), 0.0054159 secs] [Times: user=0.02 sys=0.00, real=0.01 secs] 
43.489: [GC 43.489: [ParNew
Desired survivor size 557056 bytes, new threshold 15 (max 15)
- age   1:     174568 bytes,     174568 total
: 2304K->869K(2304K), 0.0043246 secs] 756156K->755717K(834964K), 0.0044213 secs] [Times: user=0.02 sys=0.00, real=0.00 secs] 
43.496: [GC 43.496: [ParNew
Desired survivor size 557056 bytes, new threshold 15 (max 15)
- age   1:     327704 bytes,     327704 total
- age   2:     174440 bytes,     502144 total
: 2085K->634K(2304K), 0.0050266 secs] 755231K->753781K(834964K), 0.0051172 secs] [Times: user=0.02 sys=0.00, real=0.00 secs] 
43.505: [GC 43.505: [ParNew
Desired survivor size 557056 bytes, new threshold 1 (max 15)
- age   1:     672832 bytes,     672832 total
- age   2:     230960 bytes,     903792 total
- age   3:     180848 bytes,    1084640 total
: 1850K->1088K(2304K), 0.0046466 secs] 753392K->752725K(834964K), 0.0047325 secs] [Times: user=0.01 sys=0.00, real=0.00 secs] 
43.512: [GC 43.512: [ParNew
Desired survivor size 557056 bytes, new threshold 15 (max 15)
- age   1:     202008 bytes,     202008 total
: 2304K->425K(2304K), 0.0060937 secs] 751599K->750759K(834964K), 0.0061771 secs] [Times: user=0.02 sys=0.00, real=0.01 secs] 
43.520: [GC 43.520: [ParNew
Desired survivor size 557056 bytes, new threshold 15 (max 15)
- age   1:      56344 bytes,      56344 total
- age   2:     201968 bytes,     258312 total
: 1641K->417K(2304K), 0.0032102 secs] 750893K->749669K(834964K), 0.0032906 secs] [Times: user=0.01 sys=0.00, real=0.00 secs] 
43.524: [GC 43.524: [ParNew
Desired survivor size 557056 bytes, new threshold 1 (max 15)
- age   1:     853936 bytes,     853936 total
- age   2:      56272 bytes,     910208 total
- age   3:     201968 bytes,    1112176 total
: 1633K->1088K(2304K), 0.0046654 secs] 750381K->749887K(834964K), 0.0047443 secs] [Times: user=0.01 sys=0.00, real=0.00 secs] 
43.532: [GC 43.532: [ParNew
Desired survivor size 557056 bytes, new threshold 1 (max 15)
- age   1:     572768 bytes,     572768 total
: 2304K->1024K(2304K), 0.0072534 secs] 750780K->750587K(834964K), 0.0073677 secs] [Times: user=0.02 sys=0.00, real=0.01 secs] 
43.543: [GC 43.543: [ParNew
Desired survivor size 557056 bytes, new threshold 1 (max 15)
- age   1:    1028424 bytes,    1028424 total
: 2240K->1088K(2304K), 0.0054230 secs] 748718K->748194K(834964K), 0.0055123 secs] [Times: user=0.02 sys=0.00, real=0.01 secs] 
43.551: [GC 43.551: [ParNew
Desired survivor size 557056 bytes, new threshold 1 (max 15)
- age   1:     683800 bytes,     683800 total
: 2304K->1088K(2304K), 0.0059351 secs] 748471K->748259K(834964K), 0.0060214 secs] [Times: user=0.02 sys=0.00, real=0.01 secs] 
43.558: [GC 43.559: [ParNew
Desired survivor size 557056 bytes, new threshold 15 (max 15)
- age   1:     201464 bytes,     201464 total
: 2304K->715K(2304K), 0.0042462 secs] 748588K->747666K(834964K), 0.0043387 secs] [Times: user=0.01 sys=0.00, real=0.00 secs] 
43.564: [GC 43.564: [ParNew
Desired survivor size 557056 bytes, new threshold 1 (max 15)
- age   1:     881408 bytes,     881408 total
- age   2:     201424 bytes,    1082832 total
: 1931K->1088K(2304K), 0.0051724 secs] 748388K->747817K(834964K), 0.0052521 secs] [Times: user=0.01 sys=0.00, real=0.00 secs] 
43.573: [GC 43.573: [ParNew
Desired survivor size 557056 bytes, new threshold 1 (max 15)
- age   1:     890552 bytes,     890552 total
: 2304K->1088K(2304K), 0.0061345 secs] 748603K->748695K(834964K), 0.0062250 secs] [Times: user=0.02 sys=0.00, real=0.01 secs] 
43.584: [GC 43.584: [ParNew
Desired survivor size 557056 bytes, new threshold 1 (max 15)
- age   1:     971984 bytes,     971984 total
: 2304K->1088K(2304K), 0.0055866 secs] 746876K->746692K(834964K), 0.0056964 secs] [Times: user=0.02 sys=0.00, real=0.01 secs] 
43.591: [GC 43.591: [ParNew
Desired survivor size 557056 bytes, new threshold 1 (max 15)
- age   1:     895944 bytes,     895944 total
: 2304K->1088K(2304K), 0.0056261 secs] 747425K->747486K(834964K), 0.0057116 secs] [Times: user=0.02 sys=0.00, real=0.01 secs] 
43.600: [GC 43.600: [ParNew
Desired survivor size 557056 bytes, new threshold 1 (max 15)
- age   1:     959944 bytes,     959944 total
: 2304K->1088K(2304K), 0.0062431 secs] 747592K->747462K(834964K), 0.0063720 secs] [Times: user=0.02 sys=0.00, real=0.01 secs] 
43.609: [GC 43.609: [ParNew
Desired survivor size 557056 bytes, new threshold 15 (max 15)
- age   1:     283048 bytes,     283048 total
: 2304K->925K(2304K), 0.0053593 secs] 747330K->746888K(834964K), 0.0054497 secs] [Times: user=0.01 sys=0.00, real=0.01 secs] 
43.616: [GC 43.616: [ParNew
Desired survivor size 557056 bytes, new threshold 1 (max 15)
- age   1:     620136 bytes,     620136 total
- age   2:     283048 bytes,     903184 total
: 2141K->1051K(2304K), 0.0034669 secs] 747048K->745959K(834964K), 0.0035475 secs] [Times: user=0.01 sys=0.00, real=0.00 secs] 
43.621: [GC 43.621: [ParNew
Desired survivor size 557056 bytes, new threshold 1 (max 15)
- age   1:     678832 bytes,     678832 total
: 2267K->1088K(2304K), 0.0050867 secs] 746169K->745872K(834964K), 0.0051777 secs] [Times: user=0.01 sys=0.00, real=0.01 secs] 
43.635: [GC 43.635: [ParNew
Desired survivor size 557056 bytes, new threshold 1 (max 15)
- age   1:     861496 bytes,     861496 total
: 2304K->1088K(2304K), 0.0107217 secs] 746410K->745856K(834964K), 0.0108252 secs] [Times: user=0.02 sys=0.00, real=0.01 secs] 
43.647: [GC 43.647: [ParNew
Desired survivor size 557056 bytes, new threshold 1 (max 15)
- age   1:     600576 bytes,     600576 total
: 2304K->1001K(2304K), 0.0047680 secs] 746654K->746193K(834964K), 0.0048514 secs] [Times: user=0.02 sys=0.00, real=0.00 secs] 
43.655: [GC 43.655: [ParNew
Desired survivor size 557056 bytes, new threshold 15 (max 15)
- age   1:     502640 bytes,     502640 total
: 2217K->735K(2304K), 0.0043525 secs] 745554K->744658K(834964K), 0.0044344 secs] [Times: user=0.02 sys=0.00, real=0.00 secs] 
43.661: [GC 43.661: [ParNew
Desired survivor size 557056 bytes, new threshold 1 (max 15)
- age   1:     562120 bytes,     562120 total
- age   2:     488032 bytes,    1050152 total
: 1951K->1088K(2304K), 0.0043652 secs] 744733K->743955K(834964K), 0.0044458 secs] [Times: user=0.02 sys=0.01, real=0.01 secs] 
43.668: [GC 43.668: [ParNew
Desired survivor size 557056 bytes, new threshold 15 (max 15)
- age   1:     485560 bytes,     485560 total
: 2304K->1088K(2304K), 0.0052760 secs] 743325K->743135K(834964K), 0.0053656 secs] [Times: user=0.02 sys=0.00, real=0.00 secs] 
43.676: [GC 43.676: [ParNew
Desired survivor size 557056 bytes, new threshold 1 (max 15)
- age   1:     737808 bytes,     737808 total
- age   2:     372840 bytes,    1110648 total
: 2304K->1088K(2304K), 0.0051106 secs] 742563K->741892K(834964K), 0.0051972 secs] [Times: user=0.01 sys=0.00, real=0.00 secs] 
43.682: [GC 43.682: [ParNew
Desired survivor size 557056 bytes, new threshold 1 (max 15)
- age   1:     935728 bytes,     935728 total
: 2304K->1088K(2304K), 0.0059273 secs] 742256K->742386K(834964K), 0.0060185 secs] [Times: user=0.02 sys=0.00, real=0.01 secs] 
43.690: [GC 43.690: [ParNew
Desired survivor size 557056 bytes, new threshold 1 (max 15)
- age   1:     707528 bytes,     707528 total
: 2304K->1088K(2304K), 0.0069713 secs] 743474K->743172K(834964K), 0.0070708 secs] [Times: user=0.02 sys=0.00, real=0.01 secs] 
43.699: [GC 43.699: [ParNew
Desired survivor size 557056 bytes, new threshold 1 (max 15)
- age   1:     910952 bytes,     910952 total
: 2304K->1088K(2304K), 0.0068661 secs] 743341K->743088K(834964K), 0.0069720 secs] [Times: user=0.02 sys=0.00, real=0.01 secs] 
43.708: [GC 43.708: [ParNew
Desired survivor size 557056 bytes, new threshold 1 (max 15)
- age   1:     797688 bytes,     797688 total
: 2304K->1088K(2304K), 0.0062895 secs] 743853K->743843K(834964K), 0.0063837 secs] [Times: user=0.02 sys=0.00, real=0.01 secs] 
43.717: [GC 43.717: [ParNew
Desired survivor size 557056 bytes, new threshold 1 (max 15)
- age   1:     744056 bytes,     744056 total
: 2304K->1088K(2304K), 0.0056858 secs] 744083K->743678K(834964K), 0.0057808 secs] [Times: user=0.02 sys=0.00, real=0.00 secs] 
43.725: [GC 43.725: [ParNew
Desired survivor size 557056 bytes, new threshold 15 (max 15)
- age   1:     148040 bytes,     148040 total
: 2304K->683K(2304K), 0.0052939 secs] 743465K->742567K(834964K), 0.0054181 secs] [Times: user=0.02 sys=0.00, real=0.00 secs] 
43.732: [GC 43.732: [ParNew
Desired survivor size 557056 bytes, new threshold 15 (max 15)
- age   1:     348240 bytes,     348240 total
- age   2:     147912 bytes,     496152 total
: 1899K->569K(2304K), 0.0033890 secs] 743295K->741965K(834964K), 0.0034708 secs] [Times: user=0.01 sys=0.00, real=0.01 secs] 
43.737: [GC 43.737: [ParNew
Desired survivor size 557056 bytes, new threshold 3 (max 15)
- age   1:     132464 bytes,     132464 total
- age   2:     347984 bytes,     480448 total
- age   3:     147912 bytes,     628360 total
: 1785K->934K(2304K), 0.0052714 secs] 741991K->741140K(834964K), 0.0053646 secs] [Times: user=0.01 sys=0.01, real=0.00 secs] 
43.744: [GC 43.744: [ParNew
Desired survivor size 557056 bytes, new threshold 1 (max 15)
- age   1:     587368 bytes,     587368 total
- age   2:     132344 bytes,     719712 total
- age   3:     313184 bytes,    1032896 total
: 2150K->1088K(2304K), 0.0049609 secs] 741233K->740452K(834964K), 0.0050539 secs] [Times: user=0.02 sys=0.00, real=0.00 secs] 
43.751: [GC 43.751: [ParNew
Desired survivor size 557056 bytes, new threshold 15 (max 15)
- age   1:      50896 bytes,      50896 total
: 2304K->897K(2304K), 0.0049344 secs] 740821K->740423K(834964K), 0.0050216 secs] [Times: user=0.01 sys=0.00, real=0.01 secs] 
43.758: [GC 43.758: [ParNew
Desired survivor size 557056 bytes, new threshold 15 (max 15)
- age   1:       1912 bytes,       1912 total
- age   2:      50112 bytes,      52024 total
: 2113K->233K(2304K), 0.0032263 secs] 740190K->738310K(834964K), 0.0033092 secs] [Times: user=0.01 sys=0.00, real=0.00 secs] 
43.764: [GC 43.765: [ParNew
Desired survivor size 557056 bytes, new threshold 15 (max 15)
- age   1:       2200 bytes,       2200 total
- age   2:       1576 bytes,       3776 total
- age   3:      50040 bytes,      53816 total
: 1449K->106K(2304K), 0.0046671 secs] 737640K->736297K(834964K), 0.0047484 secs] [Times: user=0.02 sys=0.00, real=0.00 secs] 
43.772: [GC 43.772: [ParNew
Desired survivor size 557056 bytes, new threshold 15 (max 15)
- age   1:     257712 bytes,     257712 total
- age   2:       2072 bytes,     259784 total
- age   3:       1576 bytes,     261360 total
- age   4:      50040 bytes,     311400 total
: 1322K->325K(2304K), 0.0034911 secs] 735784K->734786K(834964K), 0.0035883 secs] [Times: user=0.02 sys=0.00, real=0.01 secs] 
43.777: [GC 43.777: [ParNew
Desired survivor size 557056 bytes, new threshold 15 (max 15)
- age   1:        248 bytes,        248 total
- age   2:     257640 bytes,     257888 total
- age   3:       2072 bytes,     259960 total
- age   4:       1576 bytes,     261536 total
- age   5:      50040 bytes,     311576 total
: 1541K->429K(2304K), 0.0031837 secs] 735279K->734167K(834964K), 0.0032640 secs] [Times: user=0.01 sys=0.00, real=0.00 secs] 
43.782: [GC 43.782: [ParNew
Desired survivor size 557056 bytes, new threshold 15 (max 15)
- age   1:        200 bytes,        200 total
- age   2:        120 bytes,        320 total
- age   3:     257640 bytes,     257960 total
- age   4:       2072 bytes,     260032 total
- age   5:       1576 bytes,     261608 total
- age   6:      50040 bytes,     311648 total
: 1645K->445K(2304K), 0.0040562 secs] 733931K->732730K(834964K), 0.0041577 secs] [Times: user=0.01 sys=0.00, real=0.01 secs] 
43.789: [GC 43.789: [ParNew
Desired survivor size 557056 bytes, new threshold 7 (max 15)
- age   1:     281344 bytes,     281344 total
- age   3:        120 bytes,     281464 total
- age   4:     257640 bytes,     539104 total
- age   5:       2072 bytes,     541176 total
- age   6:        472 bytes,     541648 total
- age   7:      50040 bytes,     591688 total
: 1661K->723K(2304K), 0.0047117 secs] 732419K->731481K(834964K), 0.0047964 secs] [Times: user=0.01 sys=0.00, real=0.00 secs] 
43.795: [GC 43.795: [ParNew
Desired survivor size 557056 bytes, new threshold 5 (max 15)
- age   1:     255304 bytes,     255304 total
- age   2:     281272 bytes,     536576 total
- age   4:        120 bytes,     536696 total
- age   5:     257640 bytes,     794336 total
- age   6:       2072 bytes,     796408 total
- age   7:        472 bytes,     796880 total
: 1939K->1045K(2304K), 0.0045395 secs] 731731K->730885K(834964K), 0.0046663 secs] [Times: user=0.02 sys=0.00, real=0.00 secs] 
43.802: [GC 43.802: [ParNew
Desired survivor size 557056 bytes, new threshold 1 (max 15)
- age   1:     623696 bytes,     623696 total
- age   2:     196488 bytes,     820184 total
- age   3:     281232 bytes,    1101416 total
- age   5:        120 bytes,    1101536 total
: 2261K->1088K(2304K), 0.0047200 secs] 731395K->730824K(834964K), 0.0048106 secs] [Times: user=0.02 sys=0.00, real=0.01 secs] 
43.808: [GC 43.808: [ParNew
Desired survivor size 557056 bytes, new threshold 1 (max 15)
- age   1:     864768 bytes,     864768 total
: 2304K->1088K(2304K), 0.0063183 secs] 731249K->731109K(834964K), 0.0064071 secs] [Times: user=0.02 sys=0.01, real=0.01 secs] 
43.818: [GC 43.818: [ParNew
Desired survivor size 557056 bytes, new threshold 1 (max 15)
- age   1:     881056 bytes,     881056 total
: 2304K->1088K(2304K), 0.0046588 secs] 731070K->730712K(834964K), 0.0047485 secs] [Times: user=0.01 sys=0.00, real=0.00 secs] 
43.825: [GC 43.825: [ParNew
Desired survivor size 557056 bytes, new threshold 1 (max 15)
- age   1:     969512 bytes,     969512 total
: 2304K->1088K(2304K), 0.0062331 secs] 730964K->730805K(834964K), 0.0063172 secs] [Times: user=0.02 sys=0.00, real=0.00 secs] 
43.833: [GC 43.833: [ParNew
Desired survivor size 557056 bytes, new threshold 15 (max 15)
- age   1:     400096 bytes,     400096 total
: 2304K->926K(2304K), 0.0069755 secs] 730830K->730399K(834964K), 0.0070734 secs] [Times: user=0.02 sys=0.00, real=0.01 secs] 
43.842: [GC 43.842: [ParNew
Desired survivor size 557056 bytes, new threshold 15 (max 15)
- age   1:        128 bytes,        128 total
- age   2:     400032 bytes,     400160 total
: 2142K->567K(2304K), 0.0045155 secs] 730290K->728715K(834964K), 0.0046121 secs] [Times: user=0.01 sys=0.00, real=0.01 secs] 
43.849: [GC 43.849: [ParNew
Desired survivor size 557056 bytes, new threshold 15 (max 15)
- age   1:     103920 bytes,     103920 total
- age   2:         64 bytes,     103984 total
- age   3:     400032 bytes,     504016 total
: 1783K->678K(2304K), 0.0034361 secs] 728277K->727173K(834964K), 0.0035191 secs] [Times: user=0.01 sys=0.00, real=0.00 secs] 
43.855: [GC 43.855: [ParNew
Desired survivor size 557056 bytes, new threshold 4 (max 15)
- age   1:      79616 bytes,      79616 total
- age   2:     103920 bytes,     183536 total
- age   3:         64 bytes,     183600 total
- age   4:     400032 bytes,     583632 total
: 1894K->815K(2304K), 0.0047417 secs] 726844K->725765K(834964K), 0.0048252 secs] [Times: user=0.02 sys=0.00, real=0.00 secs] 
43.861: [GC 43.861: [ParNew
Desired survivor size 557056 bytes, new threshold 1 (max 15)
- age   1:     914904 bytes,     914904 total
- age   2:      79616 bytes,     994520 total
- age   3:     103920 bytes,    1098440 total
- age   4:         64 bytes,    1098504 total
: 2031K->1088K(2304K), 0.0054829 secs] 726525K->726245K(834964K), 0.0055639 secs] [Times: user=0.02 sys=0.00, real=0.01 secs] 
43.868: [GC 43.868: [ParNew
Desired survivor size 557056 bytes, new threshold 15 (max 15)
- age   1:     551016 bytes,     551016 total
: 2304K->1088K(2304K), 0.0059249 secs] 727251K->727455K(834964K), 0.0060104 secs] [Times: user=0.02 sys=0.00, real=0.00 secs] 
43.875: [GC 43.875: [ParNew
Desired survivor size 557056 bytes, new threshold 1 (max 15)
- age   1:     763192 bytes,     763192 total
- age   2:     238616 bytes,    1001808 total
: 2304K->1088K(2304K), 0.0043165 secs] 728595K->727702K(834964K), 0.0044082 secs] [Times: user=0.01 sys=0.00, real=0.00 secs] 
43.881: [GC 43.881: [ParNew
Desired survivor size 557056 bytes, new threshold 1 (max 15)
- age   1:    1038952 bytes,    1038952 total
: 2304K->1088K(2304K), 0.0056197 secs] 728772K->728634K(834964K), 0.0057033 secs] [Times: user=0.02 sys=0.00, real=0.01 secs] 
43.888: [GC 43.888: [ParNew
Desired survivor size 557056 bytes, new threshold 1 (max 15)
- age   1:     606640 bytes,     606640 total
: 2304K->1088K(2304K), 0.0054022 secs] 728625K->728450K(834964K), 0.0054943 secs] [Times: user=0.02 sys=0.01, real=0.00 secs] 
43.896: [GC 43.896: [ParNew
Desired survivor size 557056 bytes, new threshold 15 (max 15)
- age   1:      47024 bytes,      47024 total
: 2304K->465K(2304K), 0.0049790 secs] 728915K->727668K(834964K), 0.0050684 secs] [Times: user=0.02 sys=0.00, real=0.00 secs] 
43.902: [GC 43.902: [ParNew
Desired survivor size 557056 bytes, new threshold 15 (max 15)
- age   1:     398136 bytes,     398136 total
- age   2:      46944 bytes,     445080 total
: 1681K->468K(2304K), 0.0034687 secs] 728254K->727041K(834964K), 0.0035449 secs] [Times: user=0.01 sys=0.00, real=0.01 secs] 
43.907: [GC 43.907: [ParNew
Desired survivor size 557056 bytes, new threshold 2 (max 15)
- age   1:     231976 bytes,     231976 total
- age   2:     398096 bytes,     630072 total
- age   3:      46872 bytes,     676944 total
: 1684K->893K(2304K), 0.0033902 secs] 727214K->726422K(834964K), 0.0034726 secs] [Times: user=0.01 sys=0.00, real=0.00 secs] 
43.912: [GC 43.912: [ParNew
Desired survivor size 557056 bytes, new threshold 2 (max 15)
- age   1:     384096 bytes,     384096 total
- age   2:     231832 bytes,     615928 total
: 2109K->877K(2304K), 0.0055463 secs] 726675K->725878K(834964K), 0.0056388 secs] [Times: user=0.02 sys=0.00, real=0.01 secs] 
43.920: [GC 43.920: [ParNew
Desired survivor size 557056 bytes, new threshold 2 (max 15)
- age   1:     468456 bytes,     468456 total
- age   2:     384024 bytes,     852480 total
: 2093K->1088K(2304K), 0.0045554 secs] 726073K->725294K(834964K), 0.0046390 secs] [Times: user=0.01 sys=0.00, real=0.01 secs] 
43.926: [GC 43.926: [ParNew
Desired survivor size 557056 bytes, new threshold 15 (max 15)
- age   1:        240 bytes,        240 total
- age   2:     468384 bytes,     468624 total
: 2304K->967K(2304K), 0.0045062 secs] 725729K->724767K(834964K), 0.0046070 secs] [Times: user=0.01 sys=0.00, real=0.00 secs] 
43.932: [GC 43.932: [ParNew
Desired survivor size 557056 bytes, new threshold 3 (max 15)
- age   1:     218568 bytes,     218568 total
- age   2:        128 bytes,     218696 total
- age   3:     468384 bytes,     687080 total
: 2183K->821K(2304K), 0.0039796 secs] 724680K->723318K(834964K), 0.0040618 secs] [Times: user=0.01 sys=0.00, real=0.01 secs] 
43.938: [GC 43.938: [ParNew
Desired survivor size 557056 bytes, new threshold 2 (max 15)
- age   1:     355504 bytes,     355504 total
- age   2:     218536 bytes,     574040 total
- age   3:        128 bytes,     574168 total
: 2037K->743K(2304K), 0.0045059 secs] 724227K->723390K(834964K), 0.0045905 secs] [Times: user=0.02 sys=0.00, real=0.00 secs] 
43.945: [GC 43.945: [ParNew
Desired survivor size 557056 bytes, new threshold 1 (max 15)
- age   1:     918120 bytes,     918120 total
- age   2:      49912 bytes,     968032 total
: 1959K->1088K(2304K), 0.0112513 secs] 723607K->723470K(834964K), 0.0113521 secs] [Times: user=0.02 sys=0.00, real=0.01 secs] 
43.958: [GC 43.958: [ParNew
Desired survivor size 557056 bytes, new threshold 1 (max 15)
- age   1:     666168 bytes,     666168 total
: 2304K->1026K(2304K), 0.0060081 secs] 724093K->723760K(834964K), 0.0060945 secs] [Times: user=0.02 sys=0.00, real=0.01 secs] 
43.966: [GC 43.966: [ParNew
Desired survivor size 557056 bytes, new threshold 1 (max 15)
- age   1:     797824 bytes,     797824 total
: 2242K->1088K(2304K), 0.0051723 secs] 724625K->724121K(834964K), 0.0052839 secs] [Times: user=0.02 sys=0.00, real=0.00 secs] 
43.973: [GC 43.973: [ParNew
Desired survivor size 557056 bytes, new threshold 15 (max 15)
- age   1:     542928 bytes,     542928 total
: 2304K->947K(2304K), 0.0084918 secs] 724324K->723741K(834964K), 0.0085924 secs] [Times: user=0.02 sys=0.00, real=0.01 secs] 
43.983: [GC 43.983: [ParNew
Desired survivor size 557056 bytes, new threshold 2 (max 15)
- age   1:     416872 bytes,     416872 total
- age   2:     537840 bytes,     954712 total
: 2163K->1088K(2304K), 0.0046023 secs] 723879K->722810K(834964K), 0.0047166 secs] [Times: user=0.02 sys=0.00, real=0.01 secs] 
43.988: [CMS-concurrent-sweep: 0.476/2.027 secs] [Times: user=6.02 sys=0.26, real=2.03 secs] 
43.989: [CMS-concurrent-reset-start]
43.989: [GC 43.989: [ParNew
Desired survivor size 557056 bytes, new threshold 1 (max 15)
- age   1:     758472 bytes,     758472 total
- age   2:     355296 bytes,    1113768 total
: 2304K->1088K(2304K), 0.0050693 secs] 723809K->723561K(1050880K), 0.0051569 secs] [Times: user=0.02 sys=0.00, real=0.01 secs] 
43.997: [GC 43.997: [ParNew
Desired survivor size 557056 bytes, new threshold 15 (max 15)
- age   1:     555488 bytes,     555488 total
: 2303K->1014K(2304K), 0.0062269 secs] 724777K->724575K(1050880K), 0.0063213 secs] [Times: user=0.02 sys=0.00, real=0.00 secs] 
44.005: [GC 44.005: [ParNew
Desired survivor size 557056 bytes, new threshold 2 (max 15)
- age   1:     184456 bytes,     184456 total
- age   2:     555448 bytes,     739904 total
: 2230K->914K(2304K), 0.0034536 secs] 725791K->724475K(1050880K), 0.0035361 secs] [Times: user=0.01 sys=0.00, real=0.00 secs] 
44.009: [CMS-concurrent-reset: 0.005/0.020 secs] [Times: user=0.06 sys=0.00, real=0.02 secs] 
44.010: [GC 44.010: [ParNew
Desired survivor size 557056 bytes, new threshold 1 (max 15)
- age   1:     642176 bytes,     642176 total
- age   2:     184384 bytes,     826560 total
: 2130K->1088K(2304K), 0.0044609 secs] 725691K->725249K(1050880K), 0.0045586 secs] [Times: user=0.01 sys=0.00, real=0.01 secs] 
44.016: [GC 44.016: [ParNew
Desired survivor size 557056 bytes, new threshold 1 (max 15)
- age   1:     746552 bytes,     746552 total
: 2304K->1088K(2304K), 0.0053415 secs] 726465K->726053K(1050880K), 0.0054218 secs] [Times: user=0.01 sys=0.00, real=0.00 secs] 
44.023: [GC 44.024: [ParNew
Desired survivor size 557056 bytes, new threshold 15 (max 15)
- age   1:     440808 bytes,     440808 total
: 2304K->738K(2304K), 0.0061470 secs] 727269K->726432K(1050880K), 0.0062419 secs] [Times: user=0.02 sys=0.00, real=0.01 secs] 
44.031: [GC 44.031: [ParNew
Desired survivor size 557056 bytes, new threshold 1 (max 15)
- age   1:     707552 bytes,     707552 total
- age   2:     405928 bytes,    1113480 total
: 1954K->1088K(2304K), 0.0054358 secs] 727648K->726816K(1050880K), 0.0055192 secs] [Times: user=0.02 sys=0.00, real=0.01 secs] 
44.039: [GC 44.039: [ParNew
Desired survivor size 557056 bytes, new threshold 1 (max 15)
- age   1:     654200 bytes,     654200 total
: 2304K->1088K(2304K), 0.0073945 secs] 728032K->727917K(1050880K), 0.0074937 secs] [Times: user=0.02 sys=0.01, real=0.01 secs] 
44.048: [GC 44.048: [ParNew
Desired survivor size 557056 bytes, new threshold 1 (max 15)
- age   1:     717296 bytes,     717296 total
: 2304K->922K(2304K), 0.0053270 secs] 729133K->728390K(1050880K), 0.0054087 secs] [Times: user=0.01 sys=0.00, real=0.00 secs] 
44.057: [GC 44.057: [ParNew
Desired survivor size 557056 bytes, new threshold 1 (max 15)
- age   1:    1055024 bytes,    1055024 total
: 2138K->1088K(2304K), 0.0055320 secs] 729606K->729395K(1050880K), 0.0056391 secs] [Times: user=0.02 sys=0.00, real=0.00 secs] 
44.065: [GC 44.065: [ParNew
Desired survivor size 557056 bytes, new threshold 15 (max 15)
- age   1:     511776 bytes,     511776 total
: 2304K->1088K(2304K), 0.0062141 secs] 730611K->730398K(1050880K), 0.0063070 secs] [Times: user=0.02 sys=0.00, real=0.00 secs] 
44.073: [GC 44.073: [ParNew
Desired survivor size 557056 bytes, new threshold 2 (max 15)
- age   1:     217792 bytes,     217792 total
- age   2:     511648 bytes,     729440 total
: 2304K->977K(2304K), 0.0044238 secs] 731614K->730288K(1050880K), 0.0045075 secs] [Times: user=0.01 sys=0.00, real=0.01 secs] 
44.079: [GC 44.079: [ParNew
Desired survivor size 557056 bytes, new threshold 1 (max 15)
- age   1:     717632 bytes,     717632 total
- age   2:     217720 bytes,     935352 total
: 2193K->1088K(2304K), 0.0051913 secs] 731504K->730937K(1050880K), 0.0052750 secs] [Times: user=0.01 sys=0.00, real=0.01 secs] 
44.085: [GC 44.085: [ParNew
Desired survivor size 557056 bytes, new threshold 15 (max 15)
- age   1:        176 bytes,        176 total
: 2304K->358K(2304K), 0.0042299 secs] 732153K->731121K(1050880K), 0.0043503 secs] [Times: user=0.01 sys=0.00, real=0.00 secs] 
44.091: [GC 44.091: [ParNew
Desired survivor size 557056 bytes, new threshold 15 (max 15)
- age   1:     383720 bytes,     383720 total
- age   2:         72 bytes,     383792 total
: 1574K->448K(2304K), 0.0033280 secs] 732337K->731210K(1050880K), 0.0034167 secs] [Times: user=0.02 sys=0.00, real=0.01 secs] 
44.095: [GC 44.095: [ParNew
Desired survivor size 557056 bytes, new threshold 2 (max 15)
- age   1:     189168 bytes,     189168 total
- age   2:     383648 bytes,     572816 total
- age   3:         72 bytes,     572888 total
: 1664K->733K(2304K), 0.0033823 secs] 732426K->731495K(1050880K), 0.0034573 secs] [Times: user=0.01 sys=0.00, real=0.00 secs] 
44.101: [GC 44.101: [ParNew
Desired survivor size 557056 bytes, new threshold 15 (max 15)
- age   1:     268072 bytes,     268072 total
- age   2:     189088 bytes,     457160 total
: 1949K->751K(2304K), 0.0051109 secs] 732711K->731888K(1050880K), 0.0051881 secs] [Times: user=0.01 sys=0.00, real=0.01 secs] 
44.110: [GC 44.110: [ParNew
Desired survivor size 557056 bytes, new threshold 1 (max 15)
- age   1:     573544 bytes,     573544 total
- age   2:     255592 bytes,     829136 total
- age   3:     188832 bytes,    1017968 total
: 1967K->1088K(2304K), 0.0040114 secs] 733104K->732308K(1050880K), 0.0041269 secs] [Times: user=0.01 sys=0.00, real=0.00 secs] 
44.115: [GC 44.115: [ParNew
Desired survivor size 557056 bytes, new threshold 1 (max 15)
- age   1:     739448 bytes,     739448 total
: 2304K->1088K(2304K), 0.0052551 secs] 733524K->733302K(1050880K), 0.0053458 secs] [Times: user=0.02 sys=0.00, real=0.00 secs] 
44.121: [GC 44.121: [ParNew
Desired survivor size 557056 bytes, new threshold 15 (max 15)
- age   1:     527184 bytes,     527184 total
: 2304K->746K(2304K), 0.0047943 secs] 734518K->733682K(1050880K), 0.0048907 secs] [Times: user=0.02 sys=0.00, real=0.01 secs] 
44.128: [GC 44.128: [ParNew
Desired survivor size 557056 bytes, new threshold 1 (max 15)
- age   1:     659344 bytes,     659344 total
- age   2:     454248 bytes,    1113592 total
: 1962K->1088K(2304K), 0.0067786 secs] 734898K->734626K(1050880K), 0.0068689 secs] [Times: user=0.02 sys=0.00, real=0.01 secs] 
44.136: [GC 44.136: [ParNew
Desired survivor size 557056 bytes, new threshold 1 (max 15)
- age   1:     721808 bytes,     721808 total
: 2304K->1088K(2304K), 0.0068178 secs] 735842K->735946K(1050880K), 0.0068988 secs] [Times: user=0.03 sys=0.00, real=0.00 secs] 
44.145: [GC 44.145: [ParNew
Desired survivor size 557056 bytes, new threshold 1 (max 15)
- age   1:     657064 bytes,     657064 total
: 2304K->1088K(2304K), 0.0049676 secs] 737162K->736687K(1050880K), 0.0050475 secs] [Times: user=0.02 sys=0.00, real=0.00 secs] 
44.151: [GC 44.151: [ParNew
Desired survivor size 557056 bytes, new threshold 15 (max 15)
- age   1:     380800 bytes,     380800 total
: 2304K->540K(2304K), 0.0049594 secs] 737903K->736782K(1050880K), 0.0050475 secs] [Times: user=0.01 sys=0.00, real=0.01 secs] 
44.159: [GC 44.159: [ParNew
Desired survivor size 557056 bytes, new threshold 1 (max 15)
- age   1:     731368 bytes,     731368 total
- age   2:     380664 bytes,    1112032 total
: 1756K->1088K(2304K), 0.0045431 secs] 737998K->737528K(1050880K), 0.0046450 secs] [Times: user=0.02 sys=0.00, real=0.00 secs] 
44.166: [GC 44.166: [ParNew
Desired survivor size 557056 bytes, new threshold 1 (max 15)
- age   1:     647040 bytes,     647040 total
: 2304K->1088K(2304K), 0.0057313 secs] 738744K->738614K(1050880K), 0.0058512 secs] [Times: user=0.02 sys=0.00, real=0.00 secs] 
44.174: [GC 44.174: [ParNew
Desired survivor size 557056 bytes, new threshold 1 (max 15)
- age   1:     569272 bytes,     569272 total
: 2304K->671K(2304K), 0.0049921 secs] 739830K->738829K(1050880K), 0.0050725 secs] [Times: user=0.02 sys=0.00, real=0.01 secs] 
44.180: [GC 44.180: [ParNew
Desired survivor size 557056 bytes, new threshold 15 (max 15)
- age   1:     313968 bytes,     313968 total
: 1887K->661K(2304K), 0.0039993 secs] 740045K->739375K(1050880K), 0.0041171 secs] [Times: user=0.02 sys=0.00, real=0.01 secs] 
44.186: [GC 44.186: [ParNew
Desired survivor size 557056 bytes, new threshold 1 (max 15)
- age   1:     681600 bytes,     681600 total
- age   2:     313968 bytes,     995568 total
: 1877K->1079K(2304K), 0.0052184 secs] 740591K->739793K(1050880K), 0.0053168 secs] [Times: user=0.01 sys=0.00, real=0.00 secs] 
44.193: [GC 44.193: [ParNew
Desired survivor size 557056 bytes, new threshold 1 (max 15)
- age   1:     621752 bytes,     621752 total
: 2295K->964K(2304K), 0.0057461 secs] 741009K->740650K(1050880K), 0.0058310 secs] [Times: user=0.02 sys=0.00, real=0.01 secs] 
44.199: [GC [1 CMS-initial-mark: 739686K(1048576K)] 740726K(1050880K), 0.0014582 secs] [Times: user=0.00 sys=0.00, real=0.00 secs] 
44.201: [CMS-concurrent-mark-start]
44.203: [GC 44.203: [ParNew
Desired survivor size 557056 bytes, new threshold 15 (max 15)
- age   1:     296200 bytes,     296200 total
: 2180K->738K(2304K), 0.0060240 secs] 741866K->741031K(1050880K), 0.0061078 secs] [Times: user=0.02 sys=0.00, real=0.01 secs] 
44.211: [GC 44.211: [ParNew
Desired survivor size 557056 bytes, new threshold 1 (max 15)
- age   1:     595104 bytes,     595104 total
- age   2:     296008 bytes,     891112 total
: 1954K->990K(2304K), 0.0042020 secs] 742247K->741283K(1050880K), 0.0042846 secs] [Times: user=0.02 sys=0.00, real=0.01 secs] 
44.218: [GC 44.218: [ParNew
Desired survivor size 557056 bytes, new threshold 1 (max 15)
- age   1:     831848 bytes,     831848 total
: 2206K->1088K(2304K), 0.0072469 secs] 742499K->742394K(1050880K), 0.0073451 secs] [Times: user=0.02 sys=0.00, real=0.01 secs] 
44.230: [GC 44.230: [ParNew
Desired survivor size 557056 bytes, new threshold 1 (max 15)
- age   1:    1061536 bytes,    1061536 total
: 2304K->1088K(2304K), 0.0059429 secs] 743610K->743373K(1050880K), 0.0060369 secs] [Times: user=0.02 sys=0.00, real=0.01 secs] 
44.237: [GC 44.237: [ParNew
Desired survivor size 557056 bytes, new threshold 15 (max 15)
- age   1:     353736 bytes,     353736 total
: 2304K->974K(2304K), 0.0055787 secs] 744589K->744295K(1050880K), 0.0056772 secs] [Times: user=0.02 sys=0.00, real=0.00 secs] 
44.244: [GC 44.244: [ParNew
Desired survivor size 557056 bytes, new threshold 1 (max 15)
- age   1:     767288 bytes,     767288 total
- age   2:     344952 bytes,    1112240 total
: 2190K->1088K(2304K), 0.0056990 secs] 745511K->744849K(1050880K), 0.0057845 secs] [Times: user=0.02 sys=0.00, real=0.00 secs] 
44.252: [GC 44.252: [ParNew
Desired survivor size 557056 bytes, new threshold 1 (max 15)
- age   1:     884264 bytes,     884264 total
: 2304K->1088K(2304K), 0.0079837 secs] 746065K->746168K(1050880K), 0.0080682 secs] [Times: user=0.03 sys=0.00, real=0.01 secs] 
44.261: [GC 44.261: [ParNew
Desired survivor size 557056 bytes, new threshold 15 (max 15)
- age   1:     413928 bytes,     413928 total
: 2304K->871K(2304K), 0.0059696 secs] 747384K->746816K(1050880K), 0.0060520 secs] [Times: user=0.02 sys=0.00, real=0.01 secs] 
44.269: [GC 44.269: [ParNew
Desired survivor size 557056 bytes, new threshold 1 (max 15)
- age   1:     650976 bytes,     650976 total
- age   2:     376920 bytes,    1027896 total
: 2087K->1088K(2304K), 0.0053274 secs] 748032K->747159K(1050880K), 0.0054137 secs] [Times: user=0.02 sys=0.00, real=0.01 secs] 
44.276: [GC 44.276: [ParNew
Desired survivor size 557056 bytes, new threshold 1 (max 15)
- age   1:     937248 bytes,     937248 total
: 2304K->1088K(2304K), 0.0061508 secs] 748375K->748221K(1050880K), 0.0062346 secs] [Times: user=0.02 sys=0.01, real=0.00 secs] 
44.284: [GC 44.285: [ParNew
Desired survivor size 557056 bytes, new threshold 15 (max 15)
- age   1:     453208 bytes,     453208 total
: 2304K->1047K(2304K), 0.0074423 secs] 749437K->749095K(1050880K), 0.0075398 secs] [Times: user=0.02 sys=0.00, real=0.00 secs] 
44.294: [GC 44.294: [ParNew
Desired survivor size 557056 bytes, new threshold 15 (max 15)
- age   1:      54528 bytes,      54528 total
- age   2:     453176 bytes,     507704 total
: 2263K->750K(2304K), 0.0034592 secs] 750311K->748799K(1050880K), 0.0035777 secs] [Times: user=0.01 sys=0.00, real=0.01 secs] 
44.301: [GC 44.301: [ParNew
Desired survivor size 557056 bytes, new threshold 15 (max 15)
- age   1:        200 bytes,        200 total
- age   2:      54392 bytes,      54592 total
- age   3:     453176 bytes,     507768 total
: 1966K->698K(2304K), 0.0045761 secs] 750015K->748746K(1050880K), 0.0046758 secs] [Times: user=0.01 sys=0.00, real=0.01 secs] 
44.308: [GC 44.308: [ParNew
Desired survivor size 557056 bytes, new threshold 4 (max 15)
- age   1:     342688 bytes,     342688 total
- age   2:        128 bytes,     342816 total
- age   3:      54392 bytes,     397208 total
- age   4:     453176 bytes,     850384 total
: 1914K->1088K(2304K), 0.0037165 secs] 749962K->749136K(1050880K), 0.0038038 secs] [Times: user=0.01 sys=0.00, real=0.00 secs] 
44.313: [GC 44.313: [ParNew
Desired survivor size 557056 bytes, new threshold 2 (max 15)
- age   1:     263960 bytes,     263960 total
- age   2:     342560 bytes,     606520 total
- age   3:        128 bytes,     606648 total
- age   4:      54392 bytes,     661040 total
: 2304K->1088K(2304K), 0.0050393 secs] 750352K->749578K(1050880K), 0.0051169 secs] [Times: user=0.01 sys=0.00, real=0.01 secs] 
44.322: [GC 44.322: [ParNew
Desired survivor size 557056 bytes, new threshold 1 (max 15)
- age   1:     760184 bytes,     760184 total
- age   2:     263560 bytes,    1023744 total
: 2304K->1088K(2304K), 0.0054912 secs] 750794K->750427K(1050880K), 0.0055924 secs] [Times: user=0.02 sys=0.00, real=0.01 secs] 
44.330: [GC 44.330: [ParNew
Desired survivor size 557056 bytes, new threshold 1 (max 15)
- age   1:     684840 bytes,     684840 total
: 2304K->1088K(2304K), 0.0055847 secs] 751643K->751427K(1050880K), 0.0056727 secs] [Times: user=0.01 sys=0.00, real=0.01 secs] 
44.338: [GC 44.338: [ParNew
Desired survivor size 557056 bytes, new threshold 1 (max 15)
- age   1:     671720 bytes,     671720 total
: 2304K->1073K(2304K), 0.0054657 secs] 752643K->752081K(1050880K), 0.0055468 secs] [Times: user=0.01 sys=0.00, real=0.00 secs] 
44.345: [GC 44.345: [ParNew
Desired survivor size 557056 bytes, new threshold 1 (max 15)
- age   1:     700608 bytes,     700608 total
: 2289K->1006K(2304K), 0.0059869 secs] 753297K->752670K(1050880K), 0.0060811 secs] [Times: user=0.02 sys=0.00, real=0.00 secs] 
44.353: [GC 44.353: [ParNew
Desired survivor size 557056 bytes, new threshold 15 (max 15)
- age   1:     553176 bytes,     553176 total
: 2222K->851K(2304K), 0.0062422 secs] 753886K->753198K(1050880K), 0.0063350 secs] [Times: user=0.02 sys=0.01, real=0.01 secs] 
44.361: [GC 44.361: [ParNew
Desired survivor size 557056 bytes, new threshold 1 (max 15)
- age   1:     652744 bytes,     652744 total
- age   2:     436440 bytes,    1089184 total
: 2067K->1088K(2304K), 0.0048006 secs] 754414K->753604K(1050880K), 0.0048780 secs] [Times: user=0.02 sys=0.00, real=0.01 secs] 
44.367: [GC 44.367: [ParNew
Desired survivor size 557056 bytes, new threshold 1 (max 15)
- age   1:     706000 bytes,     706000 total
: 2304K->1088K(2304K), 0.0066614 secs] 754820K->754667K(1050880K), 0.0067636 secs] [Times: user=0.02 sys=0.00, real=0.00 secs] 
44.376: [GC 44.376: [ParNew
Desired survivor size 557056 bytes, new threshold 15 (max 15)
- age   1:     450648 bytes,     450648 total
: 2304K->940K(2304K), 0.0055321 secs] 755883K->755209K(1050880K), 0.0056236 secs] [Times: user=0.02 sys=0.00, real=0.00 secs] 
44.384: [GC 44.384: [ParNew
Desired survivor size 557056 bytes, new threshold 2 (max 15)
- age   1:     482448 bytes,     482448 total
- age   2:     450616 bytes,     933064 total
: 2156K->1059K(2304K), 0.0046268 secs] 756425K->755328K(1050880K), 0.0047093 secs] [Times: user=0.02 sys=0.00, real=0.01 secs] 
44.390: [GC 44.390: [ParNew
Desired survivor size 557056 bytes, new threshold 2 (max 15)
- age   1:     403544 bytes,     403544 total
- age   2:     482320 bytes,     885864 total
: 2275K->1088K(2304K), 0.0059288 secs] 756544K->755797K(1050880K), 0.0060125 secs] [Times: user=0.02 sys=0.00, real=0.01 secs] 
44.397: [GC 44.398: [ParNew
Desired survivor size 557056 bytes, new threshold 1 (max 15)
- age   1:     835072 bytes,     835072 total
- age   2:     163520 bytes,     998592 total
: 2304K->1088K(2304K), 0.0058619 secs] 757013K->756843K(1050880K), 0.0059564 secs] [Times: user=0.02 sys=0.00, real=0.00 secs] 
44.405: [GC 44.405: [ParNew
Desired survivor size 557056 bytes, new threshold 15 (max 15)
- age   1:     268944 bytes,     268944 total
: 2304K->941K(2304K), 0.0060968 secs] 758059K->757672K(1050880K), 0.0061900 secs] [Times: user=0.01 sys=0.00, real=0.00 secs] 
44.413: [GC 44.413: [ParNew
Desired survivor size 557056 bytes, new threshold 1 (max 15)
- age   1:     881424 bytes,     881424 total
- age   2:     230056 bytes,    1111480 total
: 2157K->1088K(2304K), 0.0044607 secs] 758888K->758015K(1050880K), 0.0045608 secs] [Times: user=0.01 sys=0.00, real=0.01 secs] 
44.420: [GC 44.420: [ParNew
Desired survivor size 557056 bytes, new threshold 15 (max 15)
- age   1:     374576 bytes,     374576 total
: 2304K->889K(2304K), 0.0049604 secs] 759231K->758902K(1050880K), 0.0050572 secs] [Times: user=0.02 sys=0.00, real=0.01 secs] 
44.427: [GC 44.427: [ParNew
Desired survivor size 557056 bytes, new threshold 2 (max 15)
- age   1:     244816 bytes,     244816 total
- age   2:     374448 bytes,     619264 total
: 2105K->808K(2304K), 0.0034080 secs] 760118K->758821K(1050880K), 0.0034840 secs] [Times: user=0.01 sys=0.00, real=0.00 secs] 
44.433: [GC 44.433: [ParNew
Desired survivor size 557056 bytes, new threshold 2 (max 15)
- age   1:     400328 bytes,     400328 total
- age   2:     244816 bytes,     645144 total
: 2024K->815K(2304K), 0.0053092 secs] 760037K->759193K(1050880K), 0.0054113 secs] [Times: user=0.01 sys=0.01, real=0.01 secs] 
44.441: [GC 44.441: [ParNew
Desired survivor size 557056 bytes, new threshold 15 (max 15)
- age   1:      42304 bytes,      42304 total
- age   2:     400256 bytes,     442560 total
: 2031K->760K(2304K), 0.0047902 secs] 760409K->759378K(1050880K), 0.0048673 secs] [Times: user=0.01 sys=0.00, real=0.01 secs] 
44.448: [GC 44.448: [ParNew
Desired survivor size 557056 bytes, new threshold 3 (max 15)
- age   1:     278200 bytes,     278200 total
- age   2:      42264 bytes,     320464 total
- age   3:     400256 bytes,     720720 total
: 1976K->872K(2304K), 0.0053233 secs] 760594K->759489K(1050880K), 0.0054204 secs] [Times: user=0.01 sys=0.00, real=0.00 secs] 
44.457: [GC 44.458: [ParNew
Desired survivor size 557056 bytes, new threshold 15 (max 15)
- age   1:        160 bytes,        160 total
- age   2:     278160 bytes,     278320 total
- age   3:      42192 bytes,     320512 total
: 2088K->600K(2304K), 0.0062515 secs] 760705K->759609K(1050880K), 0.0063436 secs] [Times: user=0.01 sys=0.00, real=0.00 secs] 
44.466: [GC 44.466: [ParNew
Desired survivor size 557056 bytes, new threshold 15 (max 15)
- age   1:        104 bytes,        104 total
- age   3:     278160 bytes,     278264 total
- age   4:      42192 bytes,     320456 total
: 1816K->401K(2304K), 0.0046187 secs] 760825K->759409K(1050880K), 0.0047219 secs] [Times: user=0.02 sys=0.00, real=0.00 secs] 
44.472: [GC 44.473: [ParNew
Desired survivor size 557056 bytes, new threshold 15 (max 15)
- age   1:      36472 bytes,      36472 total
- age   2:         32 bytes,      36504 total
- age   4:     278160 bytes,     314664 total
- age   5:      42192 bytes,     356856 total
: 1617K->535K(2304K), 0.0032557 secs] 760625K->759544K(1050880K), 0.0033411 secs] [Times: user=0.01 sys=0.00, real=0.01 secs] 
44.478: [GC 44.478: [ParNew
Desired survivor size 557056 bytes, new threshold 5 (max 15)
- age   1:     374024 bytes,     374024 total
- age   2:      36344 bytes,     410368 total
- age   5:     278160 bytes,     688528 total
- age   6:      42192 bytes,     730720 total
: 1751K->909K(2304K), 0.0044721 secs] 760760K->759918K(1050880K), 0.0045556 secs] [Times: user=0.01 sys=0.00, real=0.00 secs] 
44.484: [GC 44.484: [ParNew
Desired survivor size 557056 bytes, new threshold 2 (max 15)
- age   1:     247848 bytes,     247848 total
- age   2:     373896 bytes,     621744 total
- age   3:      36344 bytes,     658088 total
: 2125K->1081K(2304K), 0.0042868 secs] 761134K->760402K(1050880K), 0.0044013 secs] [Times: user=0.01 sys=0.00, real=0.01 secs] 
44.490: [GC 44.490: [ParNew
Desired survivor size 557056 bytes, new threshold 1 (max 15)
- age   1:     682744 bytes,     682744 total
- age   2:     247848 bytes,     930592 total
: 2297K->1087K(2304K), 0.0041548 secs] 761618K->760809K(1050880K), 0.0042493 secs] [Times: user=0.01 sys=0.00, real=0.01 secs] 
44.496: [GC 44.496: [ParNew
Desired survivor size 557056 bytes, new threshold 1 (max 15)
- age   1:     703896 bytes,     703896 total
: 2303K->1088K(2304K), 0.0061352 secs] 762025K->761718K(1050880K), 0.0062268 secs] [Times: user=0.02 sys=0.00, real=0.00 secs] 
44.504: [GC 44.504: [ParNew
Desired survivor size 557056 bytes, new threshold 1 (max 15)
- age   1:    1057464 bytes,    1057464 total
: 2304K->1088K(2304K), 0.0052000 secs] 762934K->762536K(1050880K), 0.0052829 secs] [Times: user=0.02 sys=0.00, real=0.00 secs] 
44.511: [GC 44.511: [ParNew
Desired survivor size 557056 bytes, new threshold 1 (max 15)
- age   1:     858952 bytes,     858952 total
: 2304K->1088K(2304K), 0.0068423 secs] 763752K->763889K(1050880K), 0.0069180 secs] [Times: user=0.02 sys=0.01, real=0.01 secs] 
44.520: [GC 44.520: [ParNew
Desired survivor size 557056 bytes, new threshold 15 (max 15)
- age   1:     284744 bytes,     284744 total
: 2304K->867K(2304K), 0.0051133 secs] 765105K->764507K(1050880K), 0.0051998 secs] [Times: user=0.02 sys=0.00, real=0.01 secs] 
44.526: [GC 44.526: [ParNew
Desired survivor size 557056 bytes, new threshold 1 (max 15)
- age   1:     586576 bytes,     586576 total
- age   2:     284664 bytes,     871240 total
: 2083K->1010K(2304K), 0.0047396 secs] 765723K->764651K(1050880K), 0.0048231 secs] [Times: user=0.02 sys=0.00, real=0.00 secs] 
44.533: [GC 44.533: [ParNew
Desired survivor size 557056 bytes, new threshold 15 (max 15)
- age   1:     231048 bytes,     231048 total
: 2226K->785K(2304K), 0.0043867 secs] 765867K->765277K(1050880K), 0.0044857 secs] [Times: user=0.02 sys=0.00, real=0.01 secs] 
44.539: [GC 44.539: [ParNew
Desired survivor size 557056 bytes, new threshold 1 (max 15)
- age   1:     594720 bytes,     594720 total
- age   2:     230928 bytes,     825648 total
: 2001K->897K(2304K), 0.0059142 secs] 766493K->765389K(1050880K), 0.0060046 secs] [Times: user=0.02 sys=0.00, real=0.01 secs] 
44.549: [GC 44.549: [ParNew
Desired survivor size 557056 bytes, new threshold 15 (max 15)
- age   1:     495480 bytes,     495480 total
: 2113K->957K(2304K), 0.0051107 secs] 766605K->766255K(1050880K), 0.0052038 secs] [Times: user=0.02 sys=0.00, real=0.00 secs] 
44.556: [GC 44.556: [ParNew
Desired survivor size 557056 bytes, new threshold 2 (max 15)
- age   1:      73208 bytes,      73208 total
- age   2:     495408 bytes,     568616 total
: 2173K->772K(2304K), 0.0037572 secs] 767471K->766070K(1050880K), 0.0038422 secs] [Times: user=0.01 sys=0.00, real=0.00 secs] 
44.561: [GC 44.561: [ParNew
Desired survivor size 557056 bytes, new threshold 2 (max 15)
- age   1:     544736 bytes,     544736 total
- age   2:      72952 bytes,     617688 total
: 1988K->886K(2304K), 0.0046404 secs] 767286K->766667K(1050880K), 0.0047334 secs] [Times: user=0.02 sys=0.00, real=0.01 secs] 
44.567: [GC 44.567: [ParNew
Desired survivor size 557056 bytes, new threshold 2 (max 15)
- age   1:     258272 bytes,     258272 total
- age   2:     544664 bytes,     802936 total
: 2102K->1088K(2304K), 0.0036551 secs] 767883K->766940K(1050880K), 0.0037423 secs] [Times: user=0.02 sys=0.00, real=0.00 secs] 
44.574: [GC 44.574: [ParNew
Desired survivor size 557056 bytes, new threshold 2 (max 15)
- age   1:     477728 bytes,     477728 total
- age   2:     256880 bytes,     734608 total
: 2304K->1088K(2304K), 0.0047652 secs] 768156K->767473K(1050880K), 0.0048630 secs] [Times: user=0.02 sys=0.00, real=0.01 secs] 
44.581: [GC 44.581: [ParNew
Desired survivor size 557056 bytes, new threshold 2 (max 15)
- age   1:     440464 bytes,     440464 total
- age   2:     464024 bytes,     904488 total
: 2304K->1088K(2304K), 0.0040916 secs] 768689K->767738K(1050880K), 0.0042163 secs] [Times: user=0.02 sys=0.00, real=0.01 secs] 
44.588: [GC 44.588: [ParNew
Desired survivor size 557056 bytes, new threshold 2 (max 15)
- age   1:     313928 bytes,     313928 total
- age   2:     423216 bytes,     737144 total
: 2304K->1088K(2304K), 0.0060544 secs] 768954K->768341K(1050880K), 0.0061479 secs] [Times: user=0.02 sys=0.01, real=0.00 secs] 
44.596: [GC 44.596: [ParNew
Desired survivor size 557056 bytes, new threshold 2 (max 15)
- age   1:     489136 bytes,     489136 total
- age   2:     291160 bytes,     780296 total
: 2304K->1088K(2304K), 0.0048552 secs] 769557K->768755K(1050880K), 0.0049575 secs] [Times: user=0.01 sys=0.00, real=0.00 secs] 
44.603: [GC 44.603: [ParNew
Desired survivor size 557056 bytes, new threshold 2 (max 15)
- age   1:     509832 bytes,     509832 total
- age   2:     468048 bytes,     977880 total
: 2304K->1088K(2304K), 0.0055269 secs] 769971K->769059K(1050880K), 0.0056159 secs] [Times: user=0.01 sys=0.00, real=0.01 secs] 
44.610: [GC 44.610: [ParNew
Desired survivor size 557056 bytes, new threshold 2 (max 15)
- age   1:     207576 bytes,     207576 total
- age   2:     469976 bytes,     677552 total
: 2304K->1088K(2304K), 0.0041867 secs] 770275K->769555K(1050880K), 0.0042789 secs] [Times: user=0.01 sys=0.00, real=0.01 secs] 
44.616: [GC 44.616: [ParNew
Desired survivor size 557056 bytes, new threshold 15 (max 15)
- age   1:        160 bytes,        160 total
- age   2:     207504 bytes,     207664 total
: 2304K->722K(2304K), 0.0040595 secs] 770771K->769648K(1050880K), 0.0041466 secs] [Times: user=0.02 sys=0.00, real=0.00 secs] 
44.621: [GC 44.621: [ParNew
Desired survivor size 557056 bytes, new threshold 3 (max 15)
- age   1:     372368 bytes,     372368 total
- age   2:         32 bytes,     372400 total
- age   3:     207504 bytes,     579904 total
: 1938K->636K(2304K), 0.0044770 secs] 770864K->769562K(1050880K), 0.0045557 secs] [Times: user=0.01 sys=0.00, real=0.01 secs] 
44.628: [GC 44.628: [ParNew
Desired survivor size 557056 bytes, new threshold 1 (max 15)
- age   1:     565448 bytes,     565448 total
- age   2:     329392 bytes,     894840 total
- age   3:         32 bytes,     894872 total
: 1852K->1088K(2304K), 0.0046619 secs] 770778K->770263K(1050880K), 0.0047484 secs] [Times: user=0.02 sys=0.00, real=0.00 secs] 
44.634: [GC 44.634: [ParNew
Desired survivor size 557056 bytes, new threshold 15 (max 15)
- age   1:     139648 bytes,     139648 total
: 2304K->768K(2304K), 0.0056330 secs] 771479K->770807K(1050880K), 0.0057226 secs] [Times: user=0.02 sys=0.00, real=0.00 secs] 
44.645: [GC 44.645: [ParNew
Desired survivor size 557056 bytes, new threshold 1 (max 15)
- age   1:     984296 bytes,     984296 total
- age   2:     127392 bytes,    1111688 total
: 1984K->1088K(2304K), 0.0047301 secs] 772023K->771283K(1050880K), 0.0048324 secs] [Times: user=0.02 sys=0.00, real=0.00 secs] 
44.653: [GC 44.653: [ParNew
Desired survivor size 557056 bytes, new threshold 1 (max 15)
- age   1:     946376 bytes,     946376 total
: 2304K->1088K(2304K), 0.0078990 secs] 772499K->772542K(1050880K), 0.0079996 secs] [Times: user=0.03 sys=0.00, real=0.01 secs] 
44.662: [GC 44.662: [ParNew
Desired survivor size 557056 bytes, new threshold 1 (max 15)
- age   1:     582848 bytes,     582848 total
: 2304K->1088K(2304K), 0.0059533 secs] 773758K->773456K(1050880K), 0.0060387 secs] [Times: user=0.02 sys=0.00, real=0.01 secs] 
44.670: [GC 44.670: [ParNew
Desired survivor size 557056 bytes, new threshold 15 (max 15)
- age   1:       8392 bytes,       8392 total
: 2304K->313K(2304K), 0.0059611 secs] 774672K->773250K(1050880K), 0.0060521 secs] [Times: user=0.02 sys=0.01, real=0.01 secs] 
44.678: [GC 44.678: [ParNew
Desired survivor size 557056 bytes, new threshold 15 (max 15)
- age   1:      99096 bytes,      99096 total
- age   2:       8320 bytes,     107416 total
: 1529K->172K(2304K), 0.0032040 secs] 774466K->773110K(1050880K), 0.0032892 secs] [Times: user=0.01 sys=0.00, real=0.00 secs] 
44.683: [GC 44.683: [ParNew
Desired survivor size 557056 bytes, new threshold 15 (max 15)
- age   1:     158920 bytes,     158920 total
- age   2:      98936 bytes,     257856 total
- age   3:       8288 bytes,     266144 total
: 1388K->293K(2304K), 0.0031553 secs] 774326K->773231K(1050880K), 0.0032374 secs] [Times: user=0.01 sys=0.00, real=0.01 secs] 
44.689: [GC 44.689: [ParNew
Desired survivor size 557056 bytes, new threshold 15 (max 15)
- age   1:        264 bytes,        264 total
- age   2:     158752 bytes,     159016 total
- age   3:      98936 bytes,     257952 total
- age   4:       8288 bytes,     266240 total
: 1509K->318K(2304K), 0.0042309 secs] 774447K->773255K(1050880K), 0.0043046 secs] [Times: user=0.02 sys=0.00, real=0.00 secs] 
44.694: [GC 44.694: [ParNew
Desired survivor size 557056 bytes, new threshold 1 (max 15)
- age   1:     729552 bytes,     729552 total
- age   2:        136 bytes,     729688 total
- age   3:     158752 bytes,     888440 total
- age   4:      98936 bytes,     987376 total
- age   5:       8288 bytes,     995664 total
: 1534K->1071K(2304K), 0.0040754 secs] 774471K->774009K(1050880K), 0.0041660 secs] [Times: user=0.01 sys=0.00, real=0.00 secs] 
44.706: [GC 44.706: [ParNew
Desired survivor size 557056 bytes, new threshold 1 (max 15)
- age   1:     953040 bytes,     953040 total
: 2287K->1088K(2304K), 0.0059730 secs] 775225K->775221K(1050880K), 0.0060619 secs] [Times: user=0.02 sys=0.00, real=0.00 secs] 
44.714: [GC 44.714: [ParNew
Desired survivor size 557056 bytes, new threshold 1 (max 15)
- age   1:    1022712 bytes,    1022712 total
: 2304K->1088K(2304K), 0.0059010 secs] 776437K->776297K(1050880K), 0.0059864 secs] [Times: user=0.02 sys=0.00, real=0.00 secs] 
44.723: [GC 44.723: [ParNew
Desired survivor size 557056 bytes, new threshold 1 (max 15)
- age   1:     599216 bytes,     599216 total
: 2304K->939K(2304K), 0.0061241 secs] 777513K->777147K(1050880K), 0.0062171 secs] [Times: user=0.02 sys=0.00, real=0.01 secs] 
44.731: [GC 44.731: [ParNew
Desired survivor size 557056 bytes, new threshold 15 (max 15)
- age   1:     206360 bytes,     206360 total
: 2155K->673K(2304K), 0.0040229 secs] 778363K->777467K(1050880K), 0.0041147 secs] [Times: user=0.02 sys=0.00, real=0.01 secs] 
44.738: [GC 44.738: [ParNew
Desired survivor size 557056 bytes, new threshold 15 (max 15)
- age   1:        264 bytes,        264 total
- age   2:     206200 bytes,     206464 total
: 1889K->273K(2304K), 0.0044342 secs] 778683K->777066K(1050880K), 0.0045331 secs] [Times: user=0.01 sys=0.00, real=0.00 secs] 
44.744: [GC 44.744: [ParNew
Desired survivor size 557056 bytes, new threshold 15 (max 15)
- age   1:     173176 bytes,     173176 total
- age   2:        128 bytes,     173304 total
- age   3:     206200 bytes,     379504 total
: 1489K->463K(2304K), 0.0031931 secs] 778282K->777256K(1050880K), 0.0032680 secs] [Times: user=0.01 sys=0.00, real=0.01 secs] 
44.750: [GC 44.750: [ParNew
Desired survivor size 557056 bytes, new threshold 2 (max 15)
- age   1:     469160 bytes,     469160 total
- age   2:     173176 bytes,     642336 total
- age   3:        128 bytes,     642464 total
- age   4:     206200 bytes,     848664 total
: 1679K->988K(2304K), 0.0036520 secs] 778472K->777781K(1050880K), 0.0037627 secs] [Times: user=0.01 sys=0.01, real=0.01 secs] 
44.758: [GC 44.758: [ParNew
Desired survivor size 557056 bytes, new threshold 1 (max 15)
- age   1:     790024 bytes,     790024 total
- age   2:     321528 bytes,    1111552 total
: 2204K->1088K(2304K), 0.0061183 secs] 778997K->778774K(1050880K), 0.0062087 secs] [Times: user=0.02 sys=0.00, real=0.01 secs] 
44.766: [GC 44.766: [ParNew
Desired survivor size 557056 bytes, new threshold 15 (max 15)
- age   1:     494792 bytes,     494792 total
: 2304K->1088K(2304K), 0.0049288 secs] 779990K->779914K(1050880K), 0.0050270 secs] [Times: user=0.01 sys=0.00, real=0.00 secs] 
44.773: [GC 44.773: [ParNew
Desired survivor size 557056 bytes, new threshold 2 (max 15)
- age   1:     465944 bytes,     465944 total
- age   2:     493136 bytes,     959080 total
: 2304K->1088K(2304K), 0.0046392 secs] 781130K->779916K(1050880K), 0.0047598 secs] [Times: user=0.01 sys=0.00, real=0.01 secs] 
44.780: [GC 44.780: [ParNew
Desired survivor size 557056 bytes, new threshold 1 (max 15)
- age   1:     624592 bytes,     624592 total
- age   2:     465744 bytes,    1090336 total
: 2303K->1088K(2304K), 0.0049459 secs] 781132K->780461K(1050880K), 0.0050352 secs] [Times: user=0.02 sys=0.00, real=0.01 secs] 
44.787: [GC 44.787: [ParNew
Desired survivor size 557056 bytes, new threshold 15 (max 15)
- age   1:     479856 bytes,     479856 total
: 2304K->1000K(2304K), 0.0066840 secs] 781677K->781438K(1050880K), 0.0067725 secs] [Times: user=0.02 sys=0.00, real=0.00 secs] 
44.796: [GC 44.796: [ParNew
Desired survivor size 557056 bytes, new threshold 2 (max 15)
- age   1:     125864 bytes,     125864 total
- age   2:     479784 bytes,     605648 total
: 2216K->851K(2304K), 0.0038572 secs] 782654K->781289K(1050880K), 0.0039512 secs] [Times: user=0.01 sys=0.00, real=0.00 secs] 
44.801: [GC 44.801: [ParNew
Desired survivor size 557056 bytes, new threshold 15 (max 15)
- age   1:        328 bytes,        328 total
- age   2:     125832 bytes,     126160 total
: 2067K->550K(2304K), 0.0041035 secs] 782505K->781456K(1050880K), 0.0042013 secs] [Times: user=0.02 sys=0.00, real=0.01 secs] 
44.807: [GC 44.807: [ParNew
Desired survivor size 557056 bytes, new threshold 15 (max 15)
- age   1:        168 bytes,        168 total
- age   2:        200 bytes,        368 total
- age   3:     125832 bytes,     126200 total
: 1766K->270K(2304K), 0.0031785 secs] 782672K->781177K(1050880K), 0.0032640 secs] [Times: user=0.01 sys=0.00, real=0.00 secs] 
44.812: [GC 44.812: [ParNew
Desired survivor size 557056 bytes, new threshold 15 (max 15)
- age   1:     237184 bytes,     237184 total
- age   2:         40 bytes,     237224 total
- age   3:         72 bytes,     237296 total
- age   4:     125832 bytes,     363128 total
: 1486K->384K(2304K), 0.0033219 secs] 782393K->781290K(1050880K), 0.0033956 secs] [Times: user=0.01 sys=0.00, real=0.01 secs] 
44.817: [GC 44.817: [ParNew
Desired survivor size 557056 bytes, new threshold 1 (max 15)
- age   1:     587832 bytes,     587832 total
- age   2:     237184 bytes,     825016 total
- age   3:         40 bytes,     825056 total
- age   4:         72 bytes,     825128 total
- age   5:     125832 bytes,     950960 total
: 1600K->994K(2304K), 0.0038996 secs] 782506K->781901K(1050880K), 0.0039794 secs] [Times: user=0.02 sys=0.00, real=0.00 secs] 
44.823: [GC 44.823: [ParNew
Desired survivor size 557056 bytes, new threshold 1 (max 15)
- age   1:    1003104 bytes,    1003104 total
: 2109K->1088K(2304K), 0.0057328 secs] 783015K->782985K(1050880K), 0.0058194 secs] [Times: user=0.02 sys=0.00, real=0.01 secs] 
44.830: [GC 44.830: [ParNew
Desired survivor size 557056 bytes, new threshold 1 (max 15)
- age   1:    1009872 bytes,    1009872 total
: 2304K->1088K(2304K), 0.0054845 secs] 784201K->784155K(1050880K), 0.0055706 secs] [Times: user=0.02 sys=0.00, real=0.01 secs] 
44.838: [GC 44.838: [ParNew
Desired survivor size 557056 bytes, new threshold 1 (max 15)
- age   1:     871520 bytes,     871520 total
: 2304K->1088K(2304K), 0.0062287 secs] 785371K->785368K(1050880K), 0.0063150 secs] [Times: user=0.02 sys=0.00, real=0.01 secs] 
44.847: [GC 44.847: [ParNew
Desired survivor size 557056 bytes, new threshold 15 (max 15)
- age   1:     188600 bytes,     188600 total
: 2304K->880K(2304K), 0.0045949 secs] 786584K->786011K(1050880K), 0.0046811 secs] [Times: user=0.01 sys=0.00, real=0.00 secs] 
44.853: [GC 44.853: [ParNew
Desired survivor size 557056 bytes, new threshold 2 (max 15)
- age   1:     388072 bytes,     388072 total
- age   2:     188600 bytes,     576672 total
: 2096K->731K(2304K), 0.0034982 secs] 787227K->785863K(1050880K), 0.0035887 secs] [Times: user=0.01 sys=0.00, real=0.01 secs] 
44.858: [GC 44.858: [ParNew
Desired survivor size 557056 bytes, new threshold 1 (max 15)
- age   1:     614208 bytes,     614208 total
- age   2:     388008 bytes,    1002216 total
: 1947K->1088K(2304K), 0.0041537 secs] 787079K->786408K(1050880K), 0.0042459 secs] [Times: user=0.02 sys=0.00, real=0.00 secs] 
44.864: [GC 44.864: [ParNew
Desired survivor size 557056 bytes, new threshold 15 (max 15)
- age   1:     444328 bytes,     444328 total
: 2304K->936K(2304K), 0.0048636 secs] 787624K->787235K(1050880K), 0.0049504 secs] [Times: user=0.02 sys=0.00, real=0.01 secs] 
44.870: [GC 44.870: [ParNew
Desired survivor size 557056 bytes, new threshold 1 (max 15)
- age   1:     674864 bytes,     674864 total
- age   2:     406248 bytes,    1081112 total
: 2152K->1088K(2304K), 0.0044838 secs] 788451K->787424K(1050880K), 0.0045649 secs] [Times: user=0.02 sys=0.00, real=0.01 secs] 
44.877: [GC 44.877: [ParNew
Desired survivor size 557056 bytes, new threshold 15 (max 15)
- age   1:        200 bytes,        200 total
: 2304K->878K(2304K), 0.0048704 secs] 788640K->788270K(1050880K), 0.0049655 secs] [Times: user=0.02 sys=0.00, real=0.00 secs] 
44.884: [GC 44.884: [ParNew
Desired survivor size 557056 bytes, new threshold 15 (max 15)
- age   1:     220616 bytes,     220616 total
- age   2:         72 bytes,     220688 total
: 2094K->390K(2304K), 0.0033975 secs] 789486K->787782K(1050880K), 0.0034841 secs] [Times: user=0.01 sys=0.00, real=0.00 secs] 
44.889: [GC 44.889: [ParNew
Desired survivor size 557056 bytes, new threshold 1 (max 15)
- age   1:     854160 bytes,     854160 total
- age   2:     220544 bytes,    1074704 total
- age   3:         72 bytes,    1074776 total
: 1606K->1088K(2304K), 0.0042439 secs] 788998K->788480K(1050880K), 0.0043443 secs] [Times: user=0.01 sys=0.00, real=0.00 secs] 
44.895: [GC 44.896: [ParNew
Desired survivor size 557056 bytes, new threshold 1 (max 15)
- age   1:     577616 bytes,     577616 total
: 2304K->962K(2304K), 0.0055285 secs] 789696K->789404K(1050880K), 0.0056243 secs] [Times: user=0.02 sys=0.00, real=0.00 secs] 
44.904: [GC 44.904: [ParNew
Desired survivor size 557056 bytes, new threshold 1 (max 15)
- age   1:    1061752 bytes,    1061752 total
: 2178K->1088K(2304K), 0.0053987 secs] 790620K->790179K(1050880K), 0.0054840 secs] [Times: user=0.02 sys=0.01, real=0.01 secs] 
44.911: [GC 44.911: [ParNew
Desired survivor size 557056 bytes, new threshold 1 (max 15)
- age   1:     572224 bytes,     572224 total
: 2304K->1088K(2304K), 0.0053030 secs] 791395K->791216K(1050880K), 0.0053870 secs] [Times: user=0.01 sys=0.00, real=0.01 secs] 
44.918: [GC 44.918: [ParNew
Desired survivor size 557056 bytes, new threshold 15 (max 15)
- age   1:     218512 bytes,     218512 total
: 2304K->429K(2304K), 0.0043660 secs] 792432K->791116K(1050880K), 0.0044512 secs] [Times: user=0.01 sys=0.00, real=0.00 secs] 
44.925: [GC 44.925: [ParNew
Desired survivor size 557056 bytes, new threshold 2 (max 15)
- age   1:     413032 bytes,     413032 total
- age   2:     218480 bytes,     631512 total
: 1645K->702K(2304K), 0.0042780 secs] 792332K->791389K(1050880K), 0.0043590 secs] [Times: user=0.01 sys=0.00, real=0.00 secs] 
44.931: [GC 44.931: [ParNew
Desired survivor size 557056 bytes, new threshold 2 (max 15)
- age   1:     249480 bytes,     249480 total
- age   2:     412904 bytes,     662384 total
: 1918K->1018K(2304K), 0.0036203 secs] 792605K->791919K(1050880K), 0.0037000 secs] [Times: user=0.01 sys=0.00, real=0.01 secs] 
44.936: [GC 44.936: [ParNew
Desired survivor size 557056 bytes, new threshold 2 (max 15)
- age   1:     428736 bytes,     428736 total
- age   2:     249448 bytes,     678184 total
: 2234K->1071K(2304K), 0.0042139 secs] 793135K->792375K(1050880K), 0.0042980 secs] [Times: user=0.01 sys=0.00, real=0.00 secs] 
44.942: [GC 44.942: [ParNew
Desired survivor size 557056 bytes, new threshold 2 (max 15)
- age   1:     170624 bytes,     170624 total
- age   2:     428608 bytes,     599232 total
: 2287K->974K(2304K), 0.0037213 secs] 793591K->792521K(1050880K), 0.0037972 secs] [Times: user=0.01 sys=0.00, real=0.01 secs] 
44.947: [GC 44.947: [ParNew
Desired survivor size 557056 bytes, new threshold 15 (max 15)
- age   1:     236032 bytes,     236032 total
- age   2:     170624 bytes,     406656 total
: 2190K->902K(2304K), 0.0039397 secs] 793737K->792867K(1050880K), 0.0040248 secs] [Times: user=0.02 sys=0.00, real=0.00 secs] 
44.953: [GC 44.953: [ParNew
Desired survivor size 557056 bytes, new threshold 1 (max 15)
- age   1:     569552 bytes,     569552 total
- age   2:     235904 bytes,     805456 total
- age   3:     170624 bytes,     976080 total
: 2118K->1088K(2304K), 0.0041091 secs] 794083K->793053K(1050880K), 0.0042061 secs] [Times: user=0.02 sys=0.00, real=0.01 secs] 
44.959: [GC 44.959: [ParNew
Desired survivor size 557056 bytes, new threshold 1 (max 15)
- age   1:     563296 bytes,     563296 total
: 2304K->987K(2304K), 0.0059442 secs] 794269K->793905K(1050880K), 0.0060401 secs] [Times: user=0.02 sys=0.00, real=0.01 secs] 
44.967: [GC 44.967: [ParNew
Desired survivor size 557056 bytes, new threshold 15 (max 15)
- age   1:     377832 bytes,     377832 total
: 2203K->706K(2304K), 0.0044420 secs] 795121K->794175K(1050880K), 0.0045230 secs] [Times: user=0.02 sys=0.00, real=0.00 secs] 
44.972: [GC 44.972: [ParNew
Desired survivor size 557056 bytes, new threshold 1 (max 15)
- age   1:     708016 bytes,     708016 total
- age   2:     377768 bytes,    1085784 total
: 1922K->1088K(2304K), 0.0044528 secs] 795391K->794749K(1050880K), 0.0045385 secs] [Times: user=0.02 sys=0.00, real=0.01 secs] 
44.979: [GC 44.979: [ParNew
Desired survivor size 557056 bytes, new threshold 1 (max 15)
- age   1:     915048 bytes,     915048 total
: 2304K->1088K(2304K), 0.0060274 secs] 795965K->795897K(1050880K), 0.0061125 secs] [Times: user=0.02 sys=0.00, real=0.01 secs] 
44.986: [GC 44.986: [ParNew
Desired survivor size 557056 bytes, new threshold 15 (max 15)
- age   1:     360744 bytes,     360744 total
: 2304K->883K(2304K), 0.0044627 secs] 797113K->796587K(1050880K), 0.0045421 secs] [Times: user=0.02 sys=0.00, real=0.00 secs] 
44.992: [GC 44.992: [ParNew
Desired survivor size 557056 bytes, new threshold 2 (max 15)
- age   1:     551448 bytes,     551448 total
- age   2:     360640 bytes,     912088 total
: 2099K->1004K(2304K), 0.0039777 secs] 797803K->796707K(1050880K), 0.0040665 secs] [Times: user=0.02 sys=0.00, real=0.01 secs] 
44.998: [GC 44.998: [ParNew
Desired survivor size 557056 bytes, new threshold 15 (max 15)
- age   1:        112 bytes,        112 total
- age   2:     551408 bytes,     551520 total
: 2220K->745K(2304K), 0.0050993 secs] 797923K->796800K(1050880K), 0.0051813 secs] [Times: user=0.02 sys=0.00, real=0.00 secs] 
45.005: [GC 45.005: [ParNew
Desired survivor size 557056 bytes, new threshold 1 (max 15)
- age   1:     613424 bytes,     613424 total
- age   2:         72 bytes,     613496 total
- age   3:     411096 bytes,    1024592 total
: 1961K->1088K(2304K), 0.0041354 secs] 798016K->797295K(1050880K), 0.0042136 secs] [Times: user=0.02 sys=0.00, real=0.00 secs] 
45.011: [GC 45.011: [ParNew
Desired survivor size 557056 bytes, new threshold 1 (max 15)
- age   1:     855848 bytes,     855848 total
: 2304K->1088K(2304K), 0.0065193 secs] 798511K->798618K(1050880K), 0.0066018 secs] [Times: user=0.02 sys=0.00, real=0.01 secs] 
45.021: [GC 45.021: [ParNew
Desired survivor size 557056 bytes, new threshold 1 (max 15)
- age   1:     963440 bytes,     963440 total
: 2304K->1088K(2304K), 0.0054659 secs] 799834K->799655K(1050880K), 0.0055537 secs] [Times: user=0.02 sys=0.00, real=0.01 secs] 
45.028: [GC 45.028: [ParNew
Desired survivor size 557056 bytes, new threshold 15 (max 15)
- age   1:        176 bytes,        176 total
: 2304K->688K(2304K), 0.0051188 secs] 800871K->800197K(1050880K), 0.0051980 secs] [Times: user=0.01 sys=0.00, real=0.00 secs] 
45.035: [GC 45.035: [ParNew
Desired survivor size 557056 bytes, new threshold 15 (max 15)
- age   1:        320 bytes,        320 total
- age   2:         72 bytes,        392 total
: 1904K->229K(2304K), 0.0028256 secs] 801413K->799737K(1050880K), 0.0028938 secs] [Times: user=0.01 sys=0.00, real=0.00 secs] 
45.039: [GC 45.039: [ParNew
Desired survivor size 557056 bytes, new threshold 15 (max 15)
- age   1:      66152 bytes,      66152 total
- age   2:        192 bytes,      66344 total
- age   3:         72 bytes,      66416 total
: 1445K->107K(2304K), 0.0043599 secs] 800953K->799615K(1050880K), 0.0044819 secs] [Times: user=0.01 sys=0.00, real=0.00 secs] 
45.045: [GC 45.045: [ParNew
Desired survivor size 557056 bytes, new threshold 15 (max 15)
- age   1:        200 bytes,        200 total
- age   2:      66024 bytes,      66224 total
- age   3:        192 bytes,      66416 total
- age   4:         72 bytes,      66488 total
: 1323K->78K(2304K), 0.0041815 secs] 800831K->799586K(1050880K), 0.0042535 secs] [Times: user=0.01 sys=0.00, real=0.00 secs] 
45.051: [GC 45.051: [ParNew
Desired survivor size 557056 bytes, new threshold 15 (max 15)
- age   1:     156728 bytes,     156728 total
- age   2:         72 bytes,     156800 total
- age   3:      65960 bytes,     222760 total
- age   4:        192 bytes,     222952 total
- age   5:         72 bytes,     223024 total
: 1294K->222K(2304K), 0.0029995 secs] 800802K->799730K(1050880K), 0.0030707 secs] [Times: user=0.01 sys=0.01, real=0.01 secs] 
45.056: [GC 45.056: [ParNew
Desired survivor size 557056 bytes, new threshold 2 (max 15)
- age   1:     550744 bytes,     550744 total
- age   2:     156728 bytes,     707472 total
- age   4:      65960 bytes,     773432 total
- age   5:        192 bytes,     773624 total
- age   6:         72 bytes,     773696 total
: 1438K->793K(2304K), 0.0033183 secs] 800946K->800301K(1050880K), 0.0034025 secs] [Times: user=0.01 sys=0.00, real=0.00 secs] 
45.061: [GC 45.061: [ParNew
Desired survivor size 557056 bytes, new threshold 2 (max 15)
- age   1:       8616 bytes,       8616 total
- age   2:     550704 bytes,     559320 total
: 2009K->850K(2304K), 0.0045324 secs] 801517K->800576K(1050880K), 0.0046153 secs] [Times: user=0.01 sys=0.00, real=0.01 secs] 
45.067: [GC 45.067: [ParNew
Desired survivor size 557056 bytes, new threshold 1 (max 15)
- age   1:     639064 bytes,     639064 total
- age   2:       8488 bytes,     647552 total
: 2066K->796K(2304K), 0.0044649 secs] 801792K->801060K(1050880K), 0.0045432 secs] [Times: user=0.02 sys=0.00, real=0.00 secs] 
45.073: [GC 45.073: [ParNew
Desired survivor size 557056 bytes, new threshold 15 (max 15)
- age   1:     349256 bytes,     349256 total
: 2012K->758K(2304K), 0.0044563 secs] 802276K->801655K(1050880K), 0.0045480 secs] [Times: user=0.01 sys=0.00, real=0.01 secs] 
45.079: [GC 45.079: [ParNew
Desired survivor size 557056 bytes, new threshold 15 (max 15)
- age   1:        104 bytes,        104 total
- age   2:     349128 bytes,     349232 total
: 1974K->489K(2304K), 0.0040684 secs] 802871K->801385K(1050880K), 0.0041539 secs] [Times: user=0.02 sys=0.00, real=0.00 secs] 
45.084: [GC 45.084: [ParNew
Desired survivor size 557056 bytes, new threshold 1 (max 15)
- age   1:     759072 bytes,     759072 total
- age   2:         32 bytes,     759104 total
- age   3:     349024 bytes,    1108128 total
: 1705K->1088K(2304K), 0.0045618 secs] 802601K->802052K(1050880K), 0.0046596 secs] [Times: user=0.02 sys=0.00, real=0.00 secs] 
45.091: [GC 45.091: [ParNew
Desired survivor size 557056 bytes, new threshold 1 (max 15)
- age   1:     626784 bytes,     626784 total
: 2304K->1088K(2304K), 0.0056620 secs] 803268K->803132K(1050880K), 0.0057436 secs] [Times: user=0.02 sys=0.00, real=0.01 secs] 
45.098: [GC 45.098: [ParNew
Desired survivor size 557056 bytes, new threshold 15 (max 15)
- age   1:        120 bytes,        120 total
: 2304K->339K(2304K), 0.0039924 secs] 804348K->802996K(1050880K), 0.0040758 secs] [Times: user=0.02 sys=0.00, real=0.00 secs] 
45.103: [GC 45.103: [ParNew
Desired survivor size 557056 bytes, new threshold 15 (max 15)
- age   1:     234808 bytes,     234808 total
- age   2:         40 bytes,     234848 total
: 1555K->311K(2304K), 0.0033259 secs] 804212K->802968K(1050880K), 0.0033989 secs] [Times: user=0.01 sys=0.00, real=0.01 secs] 
45.108: [GC 45.108: [ParNew
Desired survivor size 557056 bytes, new threshold 1 (max 15)
- age   1:     699336 bytes,     699336 total
- age   2:     234736 bytes,     934072 total
- age   3:         40 bytes,     934112 total
: 1527K->971K(2304K), 0.0035723 secs] 804184K->803628K(1050880K), 0.0036500 secs] [Times: user=0.01 sys=0.00, real=0.00 secs] 
45.114: [GC 45.114: [ParNew
Desired survivor size 557056 bytes, new threshold 1 (max 15)
- age   1:    1042808 bytes,    1042808 total
: 2187K->1088K(2304K), 0.0065596 secs] 804844K->804811K(1050880K), 0.0066462 secs] [Times: user=0.03 sys=0.00, real=0.01 secs] 
45.122: [GC 45.122: [ParNew
Desired survivor size 557056 bytes, new threshold 1 (max 15)
- age   1:    1008856 bytes,    1008856 total
: 2304K->1088K(2304K), 0.0054840 secs] 806027K->805989K(1050880K), 0.0055700 secs] [Times: user=0.02 sys=0.01, real=0.01 secs] 
45.129: [GC 45.129: [ParNew
Desired survivor size 557056 bytes, new threshold 1 (max 15)
- age   1:     673136 bytes,     673136 total
: 2304K->1088K(2304K), 0.0058600 secs] 807205K->806974K(1050880K), 0.0059579 secs] [Times: user=0.01 sys=0.00, real=0.01 secs] 
45.138: [GC 45.138: [ParNew
Desired survivor size 557056 bytes, new threshold 15 (max 15)
- age   1:     551808 bytes,     551808 total
: 2304K->736K(2304K), 0.0055760 secs] 808190K->807280K(1050880K), 0.0056533 secs] [Times: user=0.02 sys=0.00, real=0.00 secs] 
45.146: [GC 45.146: [ParNew
Desired survivor size 557056 bytes, new threshold 1 (max 15)
- age   1:     725792 bytes,     725792 total
- age   2:     386168 bytes,    1111960 total
: 1952K->1088K(2304K), 0.0070348 secs] 808496K->808223K(1050880K), 0.0071163 secs] [Times: user=0.02 sys=0.00, real=0.00 secs] 
45.155: [GC 45.155: [ParNew
Desired survivor size 557056 bytes, new threshold 1 (max 15)
- age   1:     746432 bytes,     746432 total
: 2304K->1001K(2304K), 0.0053794 secs] 809439K->809222K(1050880K), 0.0054723 secs] [Times: user=0.02 sys=0.00, real=0.00 secs] 
45.162: [GC 45.162: [ParNew
Desired survivor size 557056 bytes, new threshold 15 (max 15)
- age   1:        112 bytes,        112 total
: 2217K->567K(2304K), 0.0040492 secs] 810438K->809517K(1050880K), 0.0041431 secs] [Times: user=0.01 sys=0.00, real=0.01 secs] 
45.169: [GC 45.169: [ParNew
Desired survivor size 557056 bytes, new threshold 15 (max 15)
- age   1:      95592 bytes,      95592 total
: 1783K->236K(2304K), 0.0046608 secs] 810733K->809186K(1050880K), 0.0047659 secs] [Times: user=0.01 sys=0.00, real=0.01 secs] 
45.176: [GC 45.177: [ParNew
Desired survivor size 557056 bytes, new threshold 1 (max 15)
- age   1:     710208 bytes,     710208 total
- age   2:      95400 bytes,     805608 total
: 1452K->824K(2304K), 0.0038338 secs] 810402K->809774K(1050880K), 0.0039166 secs] [Times: user=0.02 sys=0.00, real=0.00 secs] 
45.182: [GC 45.182: [ParNew
Desired survivor size 557056 bytes, new threshold 15 (max 15)
- age   1:     398144 bytes,     398144 total
: 2040K->682K(2304K), 0.0057200 secs] 810990K->810419K(1050880K), 0.0057997 secs] [Times: user=0.02 sys=0.00, real=0.01 secs] 
45.189: [GC 45.189: [ParNew
Desired survivor size 557056 bytes, new threshold 1 (max 15)
- age   1:     689648 bytes,     689648 total
- age   2:     397928 bytes,    1087576 total
: 1898K->1088K(2304K), 0.0041786 secs] 811635K->810903K(1050880K), 0.0042572 secs] [Times: user=0.02 sys=0.00, real=0.00 secs] 
45.195: [GC 45.195: [ParNew
Desired survivor size 557056 bytes, new threshold 15 (max 15)
- age   1:     272248 bytes,     272248 total
: 2304K->747K(2304K), 0.0048070 secs] 812119K->811624K(1050880K), 0.0048921 secs] [Times: user=0.02 sys=0.00, real=0.00 secs] 
45.202: [GC 45.202: [ParNew
Desired survivor size 557056 bytes, new threshold 2 (max 15)
- age   1:     348744 bytes,     348744 total
- age   2:     272128 bytes,     620872 total
: 1963K->696K(2304K), 0.0036823 secs] 812840K->811573K(1050880K), 0.0037649 secs] [Times: user=0.02 sys=0.00, real=0.01 secs] 
45.207: [GC 45.207: [ParNew
Desired survivor size 557056 bytes, new threshold 2 (max 15)
- age   1:     231448 bytes,     231448 total
- age   2:     348616 bytes,     580064 total
: 1912K->906K(2304K), 0.0037314 secs] 812789K->812049K(1050880K), 0.0038245 secs] [Times: user=0.01 sys=0.00, real=0.00 secs] 
45.213: [GC 45.213: [ParNew
Desired survivor size 557056 bytes, new threshold 15 (max 15)
- age   1:        328 bytes,        328 total
- age   2:     231248 bytes,     231576 total
: 2122K->554K(2304K), 0.0043754 secs] 813265K->812037K(1050880K), 0.0045011 secs] [Times: user=0.01 sys=0.00, real=0.01 secs] 
45.219: [GC 45.219: [ParNew
Desired survivor size 557056 bytes, new threshold 3 (max 15)
- age   1:     524304 bytes,     524304 total
- age   2:        256 bytes,     524560 total
- age   3:     231248 bytes,     755808 total
: 1770K->837K(2304K), 0.0040595 secs] 813253K->812321K(1050880K), 0.0041374 secs] [Times: user=0.01 sys=0.00, real=0.00 secs] 
45.225: [GC 45.226: [ParNew
Desired survivor size 557056 bytes, new threshold 2 (max 15)
- age   1:     315448 bytes,     315448 total
- age   2:     524304 bytes,     839752 total
- age   3:        128 bytes,     839880 total
: 2053K->1088K(2304K), 0.0040053 secs] 813537K->812797K(1050880K), 0.0041058 secs] [Times: user=0.02 sys=0.00, real=0.00 secs] 
45.233: [GC 45.233: [ParNew
Desired survivor size 557056 bytes, new threshold 15 (max 15)
- age   1:      83440 bytes,      83440 total
- age   2:     313784 bytes,     397224 total
: 2304K->959K(2304K), 0.0053293 secs] 814013K->813180K(1050880K), 0.0054236 secs] [Times: user=0.02 sys=0.00, real=0.01 secs] 
45.240: [GC 45.240: [ParNew
Desired survivor size 557056 bytes, new threshold 1 (max 15)
- age   1:     587616 bytes,     587616 total
- age   2:      71056 bytes,     658672 total
- age   3:     313784 bytes,     972456 total
: 2175K->1088K(2304K), 0.0041491 secs] 814396K->813309K(1050880K), 0.0042328 secs] [Times: user=0.01 sys=0.00, real=0.01 secs] 
45.247: [GC 45.247: [ParNew
Desired survivor size 557056 bytes, new threshold 1 (max 15)
- age   1:    1041352 bytes,    1041352 total
: 2304K->1088K(2304K), 0.0068824 secs] 814525K->814336K(1050880K), 0.0069742 secs] [Times: user=0.02 sys=0.00, real=0.01 secs] 
45.256: [GC 45.256: [ParNew
Desired survivor size 557056 bytes, new threshold 15 (max 15)
- age   1:      79672 bytes,      79672 total
: 2304K->748K(2304K), 0.0045439 secs] 815552K->814995K(1050880K), 0.0046262 secs] [Times: user=0.01 sys=0.00, real=0.00 secs] 
45.262: [GC 45.262: [ParNew
Desired survivor size 557056 bytes, new threshold 2 (max 15)
- age   1:     532408 bytes,     532408 total
- age   2:      79544 bytes,     611952 total
: 1964K->687K(2304K), 0.0048032 secs] 816211K->814934K(1050880K), 0.0048787 secs] [Times: user=0.01 sys=0.00, real=0.01 secs] 
45.269: [GC 45.269: [ParNew
Desired survivor size 557056 bytes, new threshold 1 (max 15)
- age   1:     588128 bytes,     588128 total
- age   2:     474680 bytes,    1062808 total
: 1903K->1088K(2304K), 0.0045565 secs] 816150K->815517K(1050880K), 0.0046594 secs] [Times: user=0.01 sys=0.00, real=0.00 secs] 
45.275: [GC 45.275: [ParNew
Desired survivor size 557056 bytes, new threshold 1 (max 15)
- age   1:     671552 bytes,     671552 total
: 2304K->1088K(2304K), 0.0053247 secs] 816733K->816555K(1050880K), 0.0054192 secs] [Times: user=0.01 sys=0.00, real=0.00 secs] 
45.282: [GC 45.282: [ParNew
Desired survivor size 557056 bytes, new threshold 1 (max 15)
- age   1:     936624 bytes,     936624 total
: 2304K->1088K(2304K), 0.0052601 secs] 817771K->817405K(1050880K), 0.0053454 secs] [Times: user=0.02 sys=0.00, real=0.01 secs] 
45.289: [GC 45.289: [ParNew
Desired survivor size 557056 bytes, new threshold 15 (max 15)
- age   1:     531632 bytes,     531632 total
: 2304K->1082K(2304K), 0.0068217 secs] 818621K->818314K(1050880K), 0.0069221 secs] [Times: user=0.02 sys=0.00, real=0.01 secs] 
45.298: [GC 45.298: [ParNew
Desired survivor size 557056 bytes, new threshold 1 (max 15)
- age   1:     615552 bytes,     615552 total
- age   2:     496512 bytes,    1112064 total
: 2298K->1088K(2304K), 0.0060958 secs] 819530K->818883K(1050880K), 0.0061848 secs] [Times: user=0.01 sys=0.00, real=0.01 secs] 
45.306: [GC 45.306: [ParNew
Desired survivor size 557056 bytes, new threshold 1 (max 15)
- age   1:     597776 bytes,     597776 total
: 2304K->1088K(2304K), 0.0051900 secs] 820099K->819969K(1050880K), 0.0052783 secs] [Times: user=0.02 sys=0.00, real=0.00 secs] 
45.312: [GC 45.312: [ParNew
Desired survivor size 557056 bytes, new threshold 15 (max 15)
- age   1:     369672 bytes,     369672 total
: 2304K->550K(2304K), 0.0054002 secs] 821185K->820016K(1050880K), 0.0055114 secs] [Times: user=0.02 sys=0.00, real=0.01 secs] 
45.319: [GC 45.319: [ParNew
Desired survivor size 557056 bytes, new threshold 15 (max 15)
- age   1:        392 bytes,        392 total
- age   2:     369528 bytes,     369920 total
: 1766K->571K(2304K), 0.0033517 secs] 821232K->820037K(1050880K), 0.0034282 secs] [Times: user=0.01 sys=0.00, real=0.00 secs] 
45.324: [GC 45.324: [ParNew
Desired survivor size 557056 bytes, new threshold 15 (max 15)
- age   1:        384 bytes,        384 total
- age   2:        136 bytes,        520 total
- age   3:     369528 bytes,     370048 total
: 1787K->549K(2304K), 0.0033361 secs] 821253K->820014K(1050880K), 0.0034087 secs] [Times: user=0.01 sys=0.00, real=0.00 secs] 
45.329: [GC 45.329: [ParNew
Desired survivor size 557056 bytes, new threshold 15 (max 15)
- age   1:      66192 bytes,      66192 total
- age   2:        256 bytes,      66448 total
- age   3:        136 bytes,      66584 total
- age   4:     369528 bytes,     436112 total
: 1765K->543K(2304K), 0.0033958 secs] 821230K->820009K(1050880K), 0.0034714 secs] [Times: user=0.02 sys=0.00, real=0.00 secs] 
45.334: [GC 45.334: [ParNew
Desired survivor size 557056 bytes, new threshold 15 (max 15)
- age   1:        224 bytes,        224 total
- age   2:      66064 bytes,      66288 total
- age   3:        128 bytes,      66416 total
- age   4:        136 bytes,      66552 total
- age   5:     369528 bytes,     436080 total
: 1759K->679K(2304K), 0.0045218 secs] 821225K->820144K(1050880K), 0.0045925 secs] [Times: user=0.01 sys=0.00, real=0.01 secs] 
45.340: [GC 45.340: [ParNew
Desired survivor size 557056 bytes, new threshold 6 (max 15)
- age   1:     248496 bytes,     248496 total
- age   2:        152 bytes,     248648 total
- age   3:      66064 bytes,     314712 total
- age   4:        128 bytes,     314840 total
- age   5:        136 bytes,     314976 total
- age   6:     369528 bytes,     684504 total
: 1895K->778K(2304K), 0.0035014 secs] 821360K->820244K(1050880K), 0.0035807 secs] [Times: user=0.01 sys=0.00, real=0.00 secs] 
45.345: [GC 45.345: [ParNew
Desired survivor size 557056 bytes, new threshold 15 (max 15)
- age   1:        192 bytes,        192 total
- age   2:     248424 bytes,     248616 total
- age   3:        152 bytes,     248768 total
- age   4:      66064 bytes,     314832 total
- age   5:        128 bytes,     314960 total
- age   6:        136 bytes,     315096 total
: 1994K->641K(2304K), 0.0038079 secs] 821460K->820467K(1050880K), 0.0038848 secs] [Times: user=0.02 sys=0.00, real=0.00 secs] 
45.350: [GC 45.350: [ParNew
Desired survivor size 557056 bytes, new threshold 5 (max 15)
- age   1:     290272 bytes,     290272 total
- age   2:         40 bytes,     290312 total
- age   3:     248424 bytes,     538736 total
- age   4:        152 bytes,     538888 total
- age   5:      66064 bytes,     604952 total
- age   6:        128 bytes,     605080 total
- age   7:        136 bytes,     605216 total
: 1857K->733K(2304K), 0.0036924 secs] 821683K->820560K(1050880K), 0.0037765 secs] [Times: user=0.01 sys=0.00, real=0.01 secs] 
45.356: [GC 45.356: [ParNew
Desired survivor size 557056 bytes, new threshold 15 (max 15)
- age   1:        248 bytes,        248 total
- age   2:     290200 bytes,     290448 total
- age   3:         40 bytes,     290488 total
- age   4:     248392 bytes,     538880 total
- age   5:         80 bytes,     538960 total
: 1949K->912K(2304K), 0.0040838 secs] 821776K->820803K(1050880K), 0.0041728 secs] [Times: user=0.01 sys=0.00, real=0.00 secs] 
45.362: [GC 45.362: [ParNew
Desired survivor size 557056 bytes, new threshold 5 (max 15)
- age   1:      66264 bytes,      66264 total
- age   2:        168 bytes,      66432 total
- age   3:     290200 bytes,     356632 total
- age   4:         40 bytes,     356672 total
- age   5:     248392 bytes,     605064 total
: 2128K->778K(2304K), 0.0036720 secs] 822019K->820669K(1050880K), 0.0037532 secs] [Times: user=0.01 sys=0.00, real=0.01 secs] 
45.367: [GC 45.367: [ParNew
Desired survivor size 557056 bytes, new threshold 15 (max 15)
- age   1:        288 bytes,        288 total
- age   2:      66200 bytes,      66488 total
- age   3:        168 bytes,      66656 total
- age   4:     290200 bytes,     356856 total
- age   5:         40 bytes,     356896 total
: 1994K->521K(2304K), 0.0036808 secs] 821885K->820654K(1050880K), 0.0037583 secs] [Times: user=0.02 sys=0.00, real=0.00 secs] 
45.372: [GC 45.372: [ParNew
Desired survivor size 557056 bytes, new threshold 15 (max 15)
- age   1:        280 bytes,        280 total
- age   2:        160 bytes,        440 total
- age   3:      66120 bytes,      66560 total
- age   4:        168 bytes,      66728 total
- age   5:     290200 bytes,     356928 total
- age   6:         40 bytes,     356968 total
: 1737K->651K(2304K), 0.0043810 secs] 821870K->820785K(1050880K), 0.0044613 secs] [Times: user=0.01 sys=0.00, real=0.01 secs] 
45.378: [GC 45.378: [ParNew
Desired survivor size 557056 bytes, new threshold 15 (max 15)
- age   1:        552 bytes,        552 total
- age   2:         40 bytes,        592 total
- age   3:         32 bytes,        624 total
- age   4:      66120 bytes,      66744 total
- age   5:        168 bytes,      66912 total
- age   6:     290200 bytes,     357112 total
- age   7:         40 bytes,     357152 total
: 1867K->524K(2304K), 0.0049324 secs] 822001K->820658K(1050880K), 0.0050336 secs] [Times: user=0.01 sys=0.00, real=0.00 secs] 
45.384: [GC 45.384: [ParNew
Desired survivor size 557056 bytes, new threshold 1 (max 15)
- age   1:     685136 bytes,     685136 total
- age   2:        424 bytes,     685560 total
- age   3:         40 bytes,     685600 total
- age   4:         32 bytes,     685632 total
- age   5:      66120 bytes,     751752 total
- age   6:        168 bytes,     751920 total
- age   7:     290200 bytes,    1042120 total
- age   8:         40 bytes,    1042160 total
: 1740K->1088K(2304K), 0.0042482 secs] 821874K->821246K(1050880K), 0.0043298 secs] [Times: user=0.02 sys=0.00, real=0.00 secs] 
45.391: [GC 45.391: [ParNew
Desired survivor size 557056 bytes, new threshold 1 (max 15)
- age   1:     807096 bytes,     807096 total
: 2304K->1088K(2304K), 0.0058529 secs] 822462K->822432K(1050880K), 0.0059393 secs] [Times: user=0.03 sys=0.00, real=0.01 secs] 
45.399: [GC 45.399: [ParNew
Desired survivor size 557056 bytes, new threshold 1 (max 15)
- age   1:    1097936 bytes,    1097936 total
: 2304K->1088K(2304K), 0.0051508 secs] 823648K->823265K(1050880K), 0.0052374 secs] [Times: user=0.02 sys=0.00, real=0.01 secs] 
45.406: [GC 45.406: [ParNew
Desired survivor size 557056 bytes, new threshold 1 (max 15)
- age   1:     791200 bytes,     791200 total
: 2304K->1088K(2304K), 0.0070034 secs] 824481K->824398K(1050880K), 0.0070913 secs] [Times: user=0.02 sys=0.00, real=0.00 secs] 
45.415: [GC 45.416: [ParNew
Desired survivor size 557056 bytes, new threshold 1 (max 15)
- age   1:     745024 bytes,     745024 total
: 2304K->1088K(2304K), 0.0049509 secs] 825614K->825170K(1050880K), 0.0050557 secs] [Times: user=0.02 sys=0.00, real=0.00 secs] 
45.422: [GC 45.422: [ParNew
Desired survivor size 557056 bytes, new threshold 1 (max 15)
- age   1:     983568 bytes,     983568 total
: 2304K->1088K(2304K), 0.0053025 secs] 826386K->826080K(1050880K), 0.0053860 secs] [Times: user=0.02 sys=0.00, real=0.01 secs] 
45.429: [GC 45.429: [ParNew
Desired survivor size 557056 bytes, new threshold 15 (max 15)
- age   1:     469632 bytes,     469632 total
: 2304K->908K(2304K), 0.0048889 secs] 827296K->826861K(1050880K), 0.0049839 secs] [Times: user=0.02 sys=0.00, real=0.01 secs] 
45.436: [GC 45.436: [ParNew
Desired survivor size 557056 bytes, new threshold 2 (max 15)
- age   1:      99864 bytes,      99864 total
- age   2:     469560 bytes,     569424 total
: 2124K->738K(2304K), 0.0036408 secs] 828077K->826691K(1050880K), 0.0037213 secs] [Times: user=0.01 sys=0.01, real=0.00 secs] 
45.443: [GC 45.443: [ParNew
Desired survivor size 557056 bytes, new threshold 2 (max 15)
- age   1:     530136 bytes,     530136 total
- age   2:     103216 bytes,     633352 total
: 1954K->851K(2304K), 0.0046345 secs] 827907K->827263K(1050880K), 0.0047673 secs] [Times: user=0.01 sys=0.00, real=0.01 secs] 
45.449: [GC 45.449: [ParNew
Desired survivor size 557056 bytes, new threshold 2 (max 15)
- age   1:     342480 bytes,     342480 total
- age   2:     530000 bytes,     872480 total
: 2067K->1088K(2304K), 0.0039873 secs] 828479K->827596K(1050880K), 0.0040754 secs] [Times: user=0.01 sys=0.00, real=0.00 secs] 
45.455: [GC 45.455: [ParNew
Desired survivor size 557056 bytes, new threshold 15 (max 15)
- age   1:        112 bytes,        112 total
- age   2:     342448 bytes,     342560 total
: 2304K->824K(2304K), 0.0051754 secs] 828812K->827851K(1050880K), 0.0052675 secs] [Times: user=0.02 sys=0.00, real=0.00 secs] 
45.462: [GC 45.462: [ParNew
Desired survivor size 557056 bytes, new threshold 15 (max 15)
- age   1:        304 bytes,        304 total
- age   3:     342448 bytes,     342752 total
: 2040K->474K(2304K), 0.0032009 secs] 829067K->827501K(1050880K), 0.0032737 secs] [Times: user=0.01 sys=0.00, real=0.01 secs] 
45.466: [GC 45.467: [ParNew
Desired survivor size 557056 bytes, new threshold 1 (max 15)
- age   1:     610256 bytes,     610256 total
- age   2:        232 bytes,     610488 total
- age   4:     342448 bytes,     952936 total
: 1690K->985K(2304K), 0.0038459 secs] 828717K->828012K(1050880K), 0.0039268 secs] [Times: user=0.01 sys=0.00, real=0.00 secs] 
45.473: [GC 45.473: [ParNew
Desired survivor size 557056 bytes, new threshold 15 (max 15)
- age   1:     211328 bytes,     211328 total
: 2201K->607K(2304K), 0.0049926 secs] 829228K->828564K(1050880K), 0.0050771 secs] [Times: user=0.02 sys=0.00, real=0.01 secs] 
45.480: [GC 45.480: [ParNew
Desired survivor size 557056 bytes, new threshold 2 (max 15)
- age   1:     454312 bytes,     454312 total
- age   2:     169992 bytes,     624304 total
: 1823K->721K(2304K), 0.0034915 secs] 829780K->828678K(1050880K), 0.0035745 secs] [Times: user=0.01 sys=0.00, real=0.00 secs] 
45.485: [GC 45.485: [ParNew
Desired survivor size 557056 bytes, new threshold 15 (max 15)
- age   1:        200 bytes,        200 total
- age   2:     454248 bytes,     454448 total
: 1937K->578K(2304K), 0.0034779 secs] 829894K->828701K(1050880K), 0.0035629 secs] [Times: user=0.01 sys=0.00, real=0.00 secs] 
45.493: [GC 45.493: [ParNew
Desired survivor size 557056 bytes, new threshold 1 (max 15)
- age   1:     669816 bytes,     669816 total
- age   2:         72 bytes,     669888 total
- age   3:     441432 bytes,    1111320 total
: 1794K->1088K(2304K), 0.0054597 secs] 829917K->829652K(1050880K), 0.0055439 secs] [Times: user=0.02 sys=0.00, real=0.01 secs] 
45.499: [GC 45.499: [ParNew
Desired survivor size 557056 bytes, new threshold 1 (max 15)
- age   1:     709632 bytes,     709632 total
: 2304K->1088K(2304K), 0.0052304 secs] 830868K->830887K(1050880K), 0.0053144 secs] [Times: user=0.02 sys=0.00, real=0.01 secs] 
45.506: [GC 45.507: [ParNew
Desired survivor size 557056 bytes, new threshold 1 (max 15)
- age   1:     615784 bytes,     615784 total
: 2304K->939K(2304K), 0.0045072 secs] 832103K->831428K(1050880K), 0.0045922 secs] [Times: user=0.01 sys=0.00, real=0.00 secs] 
45.513: [GC 45.513: [ParNew
Desired survivor size 557056 bytes, new threshold 1 (max 15)
- age   1:     622128 bytes,     622128 total
: 2155K->958K(2304K), 0.0051862 secs] 832644K->832039K(1050880K), 0.0052665 secs] [Times: user=0.01 sys=0.01, real=0.01 secs] 
45.521: [GC 45.521: [ParNew
Desired survivor size 557056 bytes, new threshold 1 (max 15)
- age   1:    1080336 bytes,    1080336 total
: 2174K->1088K(2304K), 0.0063019 secs] 833255K->832825K(1050880K), 0.0064049 secs] [Times: user=0.02 sys=0.00, real=0.01 secs] 
45.531: [GC 45.531: [ParNew
Desired survivor size 557056 bytes, new threshold 1 (max 15)
- age   1:    1033760 bytes,    1033760 total
: 2304K->1088K(2304K), 0.0062172 secs] 834041K->833999K(1050880K), 0.0063109 secs] [Times: user=0.03 sys=0.00, real=0.01 secs] 
45.540: [GC 45.540: [ParNew
Desired survivor size 557056 bytes, new threshold 1 (max 15)
- age   1:    1047848 bytes,    1047848 total
: 2304K->1088K(2304K), 0.0081513 secs] 835215K->835079K(1050880K), 0.0082609 secs] [Times: user=0.03 sys=0.00, real=0.01 secs] 
45.550: [GC 45.550: [ParNew
Desired survivor size 557056 bytes, new threshold 1 (max 15)
- age   1:     563928 bytes,     563928 total
: 2304K->1015K(2304K), 0.0053686 secs] 836295K->836018K(1050880K), 0.0054522 secs] [Times: user=0.02 sys=0.00, real=0.01 secs] 
45.559: [GC 45.559: [ParNew
Desired survivor size 557056 bytes, new threshold 15 (max 15)
- age   1:     234488 bytes,     234488 total
: 2231K->478K(2304K), 0.0047078 secs] 837234K->836010K(1050880K), 0.0048035 secs] [Times: user=0.01 sys=0.00, real=0.01 secs] 
45.570: [GC 45.571: [ParNew
Desired survivor size 557056 bytes, new threshold 1 (max 15)
- age   1:     923280 bytes,     923280 total
- age   2:     188552 bytes,    1111832 total
: 1694K->1088K(2304K), 0.0050441 secs] 837226K->836826K(1050880K), 0.0051509 secs] [Times: user=0.02 sys=0.00, real=0.01 secs] 
45.581: [GC 45.581: [ParNew
Desired survivor size 557056 bytes, new threshold 1 (max 15)
- age   1:    1003104 bytes,    1003104 total
: 2304K->1088K(2304K), 0.0068081 secs] 838042K->838068K(1050880K), 0.0068982 secs] [Times: user=0.02 sys=0.01, real=0.01 secs] 
45.591: [GC 45.591: [ParNew
Desired survivor size 557056 bytes, new threshold 1 (max 15)
- age   1:    1003168 bytes,    1003168 total
: 2288K->1088K(2304K), 0.0055240 secs] 839269K->839201K(1050880K), 0.0056077 secs] [Times: user=0.02 sys=0.00, real=0.01 secs] 
45.599: [GC 45.599: [ParNew
Desired survivor size 557056 bytes, new threshold 1 (max 15)
- age   1:     670216 bytes,     670216 total
: 2304K->1088K(2304K), 0.0057166 secs] 840417K->840148K(1050880K), 0.0058043 secs] [Times: user=0.02 sys=0.00, real=0.01 secs] 
45.606: [GC 45.606: [ParNew
Desired survivor size 557056 bytes, new threshold 1 (max 15)
- age   1:     676960 bytes,     676960 total
: 2304K->1041K(2304K), 0.0056847 secs] 841364K->840756K(1050880K), 0.0057585 secs] [Times: user=0.02 sys=0.00, real=0.00 secs] 
45.613: [GC 45.613: [ParNew
Desired survivor size 557056 bytes, new threshold 15 (max 15)
- age   1:     246168 bytes,     246168 total
: 2257K->764K(2304K), 0.0047213 secs] 841972K->841140K(1050880K), 0.0048004 secs] [Times: user=0.02 sys=0.00, real=0.01 secs] 
45.620: [GC 45.620: [ParNew
Desired survivor size 557056 bytes, new threshold 15 (max 15)
- age   1:        264 bytes,        264 total
- age   2:     245960 bytes,     246224 total
: 1980K->372K(2304K), 0.0031705 secs] 842356K->840748K(1050880K), 0.0032480 secs] [Times: user=0.01 sys=0.00, real=0.00 secs] 
45.624: [GC 45.624: [ParNew
Desired survivor size 557056 bytes, new threshold 15 (max 15)
- age   1:      66368 bytes,      66368 total
- age   2:        200 bytes,      66568 total
- age   3:     245960 bytes,     312528 total
: 1588K->472K(2304K), 0.0042456 secs] 841964K->840848K(1050880K), 0.0043167 secs] [Times: user=0.01 sys=0.00, real=0.00 secs] 
45.630: [GC 45.630: [ParNew
Desired survivor size 557056 bytes, new threshold 15 (max 15)
- age   1:        144 bytes,        144 total
- age   2:      66240 bytes,      66384 total
- age   3:        200 bytes,      66584 total
- age   4:     245960 bytes,     312544 total
: 1688K->361K(2304K), 0.0030586 secs] 842064K->840737K(1050880K), 0.0031280 secs] [Times: user=0.01 sys=0.00, real=0.00 secs] 
45.634: [GC 45.634: [ParNew
Desired survivor size 557056 bytes, new threshold 15 (max 15)
- age   1:        320 bytes,        320 total
- age   2:        112 bytes,        432 total
- age   3:      66120 bytes,      66552 total
- age   4:        200 bytes,      66752 total
- age   5:     245960 bytes,     312712 total
: 1577K->445K(2304K), 0.0031022 secs] 841953K->840821K(1050880K), 0.0031802 secs] [Times: user=0.01 sys=0.01, real=0.00 secs] 
45.639: [GC 45.639: [ParNew
Desired survivor size 557056 bytes, new threshold 6 (max 15)
- age   1:     255840 bytes,     255840 total
- age   2:        248 bytes,     256088 total
- age   3:        112 bytes,     256200 total
- age   4:      65992 bytes,     322192 total
- age   5:        200 bytes,     322392 total
- age   6:     245960 bytes,     568352 total
: 1661K->711K(2304K), 0.0035617 secs] 842037K->841087K(1050880K), 0.0036897 secs] [Times: user=0.01 sys=0.00, real=0.00 secs] 
45.645: [GC 45.645: [ParNew
Desired survivor size 557056 bytes, new threshold 2 (max 15)
- age   1:     413576 bytes,     413576 total
- age   2:     255840 bytes,     669416 total
- age   3:        248 bytes,     669664 total
- age   4:        112 bytes,     669776 total
- age   5:      65992 bytes,     735768 total
- age   6:        200 bytes,     735968 total
: 1927K->1068K(2304K), 0.0053071 secs] 842303K->841683K(1050880K), 0.0053949 secs] [Times: user=0.02 sys=0.00, real=0.00 secs] 
45.652: [GC 45.652: [ParNew
Desired survivor size 557056 bytes, new threshold 2 (max 15)
- age   1:     243304 bytes,     243304 total
- age   2:     413576 bytes,     656880 total
: 2284K->807K(2304K), 0.0038202 secs] 842899K->841737K(1050880K), 0.0038952 secs] [Times: user=0.02 sys=0.00, real=0.01 secs] 
45.657: [GC 45.657: [ParNew
Desired survivor size 557056 bytes, new threshold 15 (max 15)
- age   1:     235184 bytes,     235184 total
- age   2:     243304 bytes,     478488 total
: 2023K->963K(2304K), 0.0042556 secs] 842953K->842298K(1050880K), 0.0043345 secs] [Times: user=0.02 sys=0.00, real=0.00 secs] 
45.663: [GC 45.663: [ParNew
Desired survivor size 557056 bytes, new threshold 15 (max 15)
- age   1:        264 bytes,        264 total
- age   2:     235152 bytes,     235416 total
- age   3:     243304 bytes,     478720 total
: 2179K->755K(2304K), 0.0040323 secs] 843514K->842089K(1050880K), 0.0041199 secs] [Times: user=0.01 sys=0.00, real=0.01 secs] 
45.668: [GC 45.668: [ParNew
Desired survivor size 557056 bytes, new threshold 15 (max 15)
- age   1:      66264 bytes,      66264 total
- age   2:        200 bytes,      66464 total
- age   3:     235152 bytes,     301616 total
- age   4:     243264 bytes,     544880 total
: 1971K->869K(2304K), 0.0039631 secs] 843305K->842203K(1050880K), 0.0040481 secs] [Times: user=0.01 sys=0.00, real=0.00 secs] 
45.674: [GC 45.674: [ParNew
Desired survivor size 557056 bytes, new threshold 15 (max 15)
- age   1:        200 bytes,        200 total
- age   2:      66176 bytes,      66376 total
- age   3:        200 bytes,      66576 total
- age   4:     235152 bytes,     301728 total
- age   5:     243136 bytes,     544864 total
: 2085K->888K(2304K), 0.0039225 secs] 843419K->842222K(1050880K), 0.0040039 secs] [Times: user=0.02 sys=0.00, real=0.01 secs] 
45.680: [GC 45.680: [ParNew
Desired survivor size 557056 bytes, new threshold 15 (max 15)
- age   1:        256 bytes,        256 total
- age   2:        128 bytes,        384 total
- age   3:      66176 bytes,      66560 total
- age   4:        200 bytes,      66760 total
- age   5:     235152 bytes,     301912 total
- age   6:     243136 bytes,     545048 total
: 2104K->734K(2304K), 0.0039127 secs] 843438K->842068K(1050880K), 0.0040001 secs] [Times: user=0.02 sys=0.00, real=0.00 secs] 
45.685: [GC 45.685: [ParNew
Desired survivor size 557056 bytes, new threshold 15 (max 15)
- age   1:        736 bytes,        736 total
- age   3:        128 bytes,        864 total
- age   4:      66176 bytes,      67040 total
- age   5:         72 bytes,      67112 total
- age   6:     235152 bytes,     302264 total
- age   7:     243136 bytes,     545400 total
: 1950K->841K(2304K), 0.0038253 secs] 843284K->842175K(1050880K), 0.0039005 secs] [Times: user=0.01 sys=0.00, real=0.00 secs] 
45.690: [GC 45.690: [ParNew
Desired survivor size 557056 bytes, new threshold 7 (max 15)
- age   1:     395856 bytes,     395856 total
- age   2:        664 bytes,     396520 total
- age   4:        128 bytes,     396648 total
- age   5:        616 bytes,     397264 total
- age   6:         72 bytes,     397336 total
- age   7:     235152 bytes,     632488 total
- age   8:     243136 bytes,     875624 total
: 2057K->1088K(2304K), 0.0039688 secs] 843391K->842486K(1050880K), 0.0040464 secs] [Times: user=0.01 sys=0.00, real=0.01 secs] 
45.696: [GC 45.696: [ParNew
Desired survivor size 557056 bytes, new threshold 2 (max 15)
- age   1:     381968 bytes,     381968 total
- age   2:     395784 bytes,     777752 total
- age   3:        664 bytes,     778416 total
- age   5:        128 bytes,     778544 total
- age   6:        616 bytes,     779160 total
- age   7:         72 bytes,     779232 total
: 2304K->1088K(2304K), 0.0048247 secs] 843702K->842953K(1050880K), 0.0049040 secs] [Times: user=0.01 sys=0.00, real=0.00 secs] 
45.705: [GC 45.705: [ParNew
Desired survivor size 557056 bytes, new threshold 1 (max 15)
- age   1:     813336 bytes,     813336 total
- age   2:     300312 bytes,    1113648 total
: 2304K->1088K(2304K), 0.0066242 secs] 844169K->843674K(1050880K), 0.0067099 secs] [Times: user=0.02 sys=0.00, real=0.00 secs] 
45.715: [GC 45.715: [ParNew
Desired survivor size 557056 bytes, new threshold 15 (max 15)
- age   1:     103824 bytes,     103824 total
: 2304K->1006K(2304K), 0.0057079 secs] 844890K->844680K(1050880K), 0.0057910 secs] [Times: user=0.02 sys=0.00, real=0.00 secs] 
45.723: [GC 45.723: [ParNew
Desired survivor size 557056 bytes, new threshold 2 (max 15)
- age   1:     496632 bytes,     496632 total
- age   2:     103752 bytes,     600384 total
: 2222K->676K(2304K), 0.0035172 secs] 845896K->844350K(1050880K), 0.0036035 secs] [Times: user=0.01 sys=0.00, real=0.01 secs] 
45.728: [GC 45.728: [ParNew
Desired survivor size 557056 bytes, new threshold 1 (max 15)
- age   1:     584048 bytes,     584048 total
- age   2:     443400 bytes,    1027448 total
: 1892K->1088K(2304K), 0.0043355 secs] 845566K->844888K(1050880K), 0.0044281 secs] [Times: user=0.02 sys=0.00, real=0.00 secs] 
45.735: [GC 45.735: [ParNew
Desired survivor size 557056 bytes, new threshold 15 (max 15)
- age   1:     256072 bytes,     256072 total
: 2304K->939K(2304K), 0.0063307 secs] 846104K->845744K(1050880K), 0.0064208 secs] [Times: user=0.01 sys=0.00, real=0.00 secs] 
45.745: [GC 45.745: [ParNew
Desired survivor size 557056 bytes, new threshold 15 (max 15)
- age   1:     253704 bytes,     253704 total
- age   2:     256000 bytes,     509704 total
: 2155K->661K(2304K), 0.0035877 secs] 846960K->845466K(1050880K), 0.0036934 secs] [Times: user=0.01 sys=0.00, real=0.00 secs] 
45.751: [GC 45.751: [ParNew
Desired survivor size 557056 bytes, new threshold 3 (max 15)
- age   1:      68976 bytes,      68976 total
- age   2:     245496 bytes,     314472 total
- age   3:     256000 bytes,     570472 total
: 1877K->789K(2304K), 0.0044266 secs] 846682K->845593K(1050880K), 0.0045152 secs] [Times: user=0.01 sys=0.00, real=0.01 secs] 
45.758: [GC 45.758: [ParNew
Desired survivor size 557056 bytes, new threshold 1 (max 15)
- age   1:     600344 bytes,     600344 total
- age   2:      50528 bytes,     650872 total
- age   3:     245496 bytes,     896368 total
: 2005K->1088K(2304K), 0.0048588 secs] 846809K->846142K(1050880K), 0.0049415 secs] [Times: user=0.02 sys=0.01, real=0.00 secs] 
45.766: [GC 45.766: [ParNew
Desired survivor size 557056 bytes, new threshold 15 (max 15)
- age   1:     314544 bytes,     314544 total
: 2304K->785K(2304K), 0.0062745 secs] 847358K->846715K(1050880K), 0.0063721 secs] [Times: user=0.02 sys=0.00, real=0.00 secs] 
45.774: [GC 45.774: [ParNew
Desired survivor size 557056 bytes, new threshold 15 (max 15)
- age   1:      59744 bytes,      59744 total
- age   2:     314504 bytes,     374248 total
: 2001K->546K(2304K), 0.0033135 secs] 847931K->846475K(1050880K), 0.0033935 secs] [Times: user=0.01 sys=0.00, real=0.01 secs] 
45.779: [GC 45.779: [ParNew
Desired survivor size 557056 bytes, new threshold 15 (max 15)
- age   1:        224 bytes,        224 total
- age   2:      59672 bytes,      59896 total
- age   3:     314376 bytes,     374272 total
: 1762K->513K(2304K), 0.0031973 secs] 847691K->846443K(1050880K), 0.0032694 secs] [Times: user=0.01 sys=0.00, real=0.00 secs] 
45.784: [GC 45.784: [ParNew
Desired survivor size 557056 bytes, new threshold 15 (max 15)
- age   1:      48296 bytes,      48296 total
- age   2:         32 bytes,      48328 total
- age   3:      59672 bytes,     108000 total
- age   4:     314376 bytes,     422376 total
: 1729K->629K(2304K), 0.0033127 secs] 847659K->846559K(1050880K), 0.0034218 secs] [Times: user=0.01 sys=0.00, real=0.01 secs] 
45.788: [GC 45.788: [ParNew
Desired survivor size 557056 bytes, new threshold 5 (max 15)
- age   1:     231320 bytes,     231320 total
- age   2:      48096 bytes,     279416 total
- age   3:         32 bytes,     279448 total
- age   4:      59672 bytes,     339120 total
- age   5:     314376 bytes,     653496 total
: 1845K->798K(2304K), 0.0046218 secs] 847775K->846728K(1050880K), 0.0046942 secs] [Times: user=0.02 sys=0.00, real=0.00 secs] 
45.795: [GC 45.795: [ParNew
Desired survivor size 557056 bytes, new threshold 3 (max 15)
- age   1:     323224 bytes,     323224 total
- age   2:     231280 bytes,     554504 total
- age   3:      48096 bytes,     602600 total
- age   4:         32 bytes,     602632 total
- age   5:      59672 bytes,     662304 total
: 2014K->1012K(2304K), 0.0053844 secs] 847944K->847248K(1050880K), 0.0054622 secs] [Times: user=0.02 sys=0.00, real=0.00 secs] 
45.802: [GC 45.802: [ParNew
Desired survivor size 557056 bytes, new threshold 2 (max 15)
- age   1:     286424 bytes,     286424 total
- age   2:     317512 bytes,     603936 total
- age   3:     231240 bytes,     835176 total
: 2228K->1088K(2304K), 0.0035983 secs] 848464K->847435K(1050880K), 0.0036773 secs] [Times: user=0.01 sys=0.00, real=0.01 secs] 
45.822: [GC 45.822: [ParNew
Desired survivor size 557056 bytes, new threshold 15 (max 15)
- age   1:       8320 bytes,       8320 total
- age   2:     286344 bytes,     294664 total
: 2304K->769K(2304K), 0.0048571 secs] 848651K->847652K(1050880K), 0.0049465 secs] [Times: user=0.01 sys=0.00, real=0.01 secs] 
45.829: [GC 45.829: [ParNew
Desired survivor size 557056 bytes, new threshold 15 (max 15)
- age   1:      66888 bytes,      66888 total
- age   2:       8192 bytes,      75080 total
- age   3:     286344 bytes,     361424 total
: 1985K->462K(2304K), 0.0033833 secs] 848868K->847345K(1050880K), 0.0034640 secs] [Times: user=0.01 sys=0.00, real=0.00 secs] 
45.836: [GC 45.836: [ParNew
Desired survivor size 557056 bytes, new threshold 4 (max 15)
- age   1:     211152 bytes,     211152 total
- age   2:      66848 bytes,     278000 total
- age   3:       8192 bytes,     286192 total
- age   4:     286344 bytes,     572536 total
: 1678K->744K(2304K), 0.0050239 secs] 848561K->847627K(1050880K), 0.0051061 secs] [Times: user=0.02 sys=0.01, real=0.00 secs] 
45.845: [GC 45.845: [ParNew
Desired survivor size 557056 bytes, new threshold 2 (max 15)
- age   1:     373280 bytes,     373280 total
- age   2:     192744 bytes,     566024 total
- age   3:      66848 bytes,     632872 total
- age   4:       8192 bytes,     641064 total
: 1960K->793K(2304K), 0.0047293 secs] 848843K->847956K(1050880K), 0.0048102 secs] [Times: user=0.01 sys=0.00, real=0.00 secs] 
45.854: [GC 45.854: [ParNew
Desired survivor size 557056 bytes, new threshold 2 (max 15)
- age   1:     358544 bytes,     358544 total
- age   2:     331944 bytes,     690488 total
: 2009K->948K(2304K), 0.0043186 secs] 849172K->848372K(1050880K), 0.0044282 secs] [Times: user=0.02 sys=0.00, real=0.00 secs] 
45.861: [GC 45.861: [ParNew
Desired survivor size 557056 bytes, new threshold 2 (max 15)
- age   1:     384264 bytes,     384264 total
- age   2:     342808 bytes,     727072 total
: 2164K->1088K(2304K), 0.0040928 secs] 849588K->848836K(1050880K), 0.0041795 secs] [Times: user=0.01 sys=0.00, real=0.01 secs] 
45.875: [GC 45.875: [ParNew
Desired survivor size 557056 bytes, new threshold 1 (max 15)
- age   1:     729504 bytes,     729504 total
- age   2:     384264 bytes,    1113768 total
: 2215K->1088K(2304K), 0.0061319 secs] 849963K->849401K(1050880K), 0.0062321 secs] [Times: user=0.02 sys=0.00, real=0.00 secs] 
45.883: [GC 45.883: [ParNew
Desired survivor size 557056 bytes, new threshold 1 (max 15)
- age   1:     575112 bytes,     575112 total
: 2304K->983K(2304K), 0.0054909 secs] 850617K->850293K(1050880K), 0.0055754 secs] [Times: user=0.01 sys=0.00, real=0.01 secs] 
45.890: [GC 45.890: [ParNew
Desired survivor size 557056 bytes, new threshold 15 (max 15)
- age   1:        296 bytes,        296 total
: 2199K->456K(2304K), 0.0036964 secs] 851509K->850328K(1050880K), 0.0037778 secs] [Times: user=0.01 sys=0.00, real=0.01 secs] 
45.897: [GC 45.897: [ParNew
Desired survivor size 557056 bytes, new threshold 15 (max 15)
- age   1:     238968 bytes,     238968 total
- age   2:         32 bytes,     239000 total
: 1672K->285K(2304K), 0.0033497 secs] 851544K->850157K(1050880K), 0.0034605 secs] [Times: user=0.02 sys=0.00, real=0.00 secs] 
45.903: [GC 45.904: [ParNew
Desired survivor size 557056 bytes, new threshold 15 (max 15)
- age   1:     147544 bytes,     147544 total
- age   2:     236496 bytes,     384040 total
- age   3:         32 bytes,     384072 total
: 1501K->509K(2304K), 0.0046354 secs] 851373K->850380K(1050880K), 0.0047267 secs] [Times: user=0.02 sys=0.00, real=0.01 secs] 
45.910: [GC 45.910: [ParNew
Desired survivor size 557056 bytes, new threshold 15 (max 15)
- age   1:        336 bytes,        336 total
- age   2:     147472 bytes,     147808 total
- age   3:     236496 bytes,     384304 total
- age   4:         32 bytes,     384336 total
: 1725K->581K(2304K), 0.0034653 secs] 851596K->850452K(1050880K), 0.0035443 secs] [Times: user=0.01 sys=0.01, real=0.00 secs] 
45.915: [GC 45.915: [ParNew
Desired survivor size 557056 bytes, new threshold 15 (max 15)
- age   1:        272 bytes,        272 total
- age   2:         72 bytes,        344 total
- age   3:     147472 bytes,     147816 total
- age   4:     236496 bytes,     384312 total
- age   5:         32 bytes,     384344 total
: 1797K->455K(2304K), 0.0032433 secs] 851668K->850327K(1050880K), 0.0033167 secs] [Times: user=0.01 sys=0.00, real=0.00 secs] 
45.919: [GC 45.919: [ParNew
Desired survivor size 557056 bytes, new threshold 15 (max 15)
- age   1:        240 bytes,        240 total
- age   2:        200 bytes,        440 total
- age   3:         72 bytes,        512 total
- age   4:     147472 bytes,     147984 total
- age   5:     236496 bytes,     384480 total
- age   6:         32 bytes,     384512 total
: 1671K->559K(2304K), 0.0043773 secs] 851543K->850430K(1050880K), 0.0044502 secs] [Times: user=0.01 sys=0.00, real=0.00 secs] 
45.925: [GC 45.925: [ParNew
Desired survivor size 557056 bytes, new threshold 15 (max 15)
- age   1:      66168 bytes,      66168 total
- age   2:         32 bytes,      66200 total
- age   3:        200 bytes,      66400 total
- age   4:         72 bytes,      66472 total
- age   5:     147472 bytes,     213944 total
- age   6:     236496 bytes,     450440 total
- age   7:         32 bytes,     450472 total
: 1775K->655K(2304K), 0.0035772 secs] 851646K->850527K(1050880K), 0.0036478 secs] [Times: user=0.01 sys=0.00, real=0.00 secs] 
45.936: [GC 45.936: [ParNew
Desired survivor size 557056 bytes, new threshold 7 (max 15)
- age   1:     178392 bytes,     178392 total
- age   2:      66128 bytes,     244520 total
- age   3:         32 bytes,     244552 total
- age   4:        200 bytes,     244752 total
- age   5:         72 bytes,     244824 total
- age   6:     147472 bytes,     392296 total
- age   7:     236496 bytes,     628792 total
- age   8:         32 bytes,     628824 total
: 1871K->953K(2304K), 0.0042610 secs] 851743K->850824K(1050880K), 0.0043658 secs] [Times: user=0.01 sys=0.00, real=0.00 secs] 
45.943: [GC 45.943: [ParNew
Desired survivor size 557056 bytes, new threshold 15 (max 15)
- age   1:     115360 bytes,     115360 total
- age   2:     178224 bytes,     293584 total
- age   3:      66128 bytes,     359712 total
- age   4:         32 bytes,     359744 total
- age   5:        200 bytes,     359944 total
- age   6:         72 bytes,     360016 total
- age   7:     147472 bytes,     507488 total
: 2169K->849K(2304K), 0.0041447 secs] 852040K->850952K(1050880K), 0.0042514 secs] [Times: user=0.02 sys=0.00, real=0.01 secs] 
45.950: [GC 45.950: [ParNew
Desired survivor size 557056 bytes, new threshold 15 (max 15)
- age   1:        200 bytes,        200 total
- age   2:     115320 bytes,     115520 total
- age   3:     178224 bytes,     293744 total
- age   4:      66128 bytes,     359872 total
- age   5:         32 bytes,     359904 total
- age   6:        200 bytes,     360104 total
- age   7:         72 bytes,     360176 total
- age   8:     147472 bytes,     507648 total
: 2065K->573K(2304K), 0.0056769 secs] 852168K->850675K(1050880K), 0.0058052 secs] [Times: user=0.02 sys=0.00, real=0.01 secs] 
45.959: [GC 45.959: [ParNew
Desired survivor size 557056 bytes, new threshold 15 (max 15)
- age   1:       1144 bytes,       1144 total
- age   2:         72 bytes,       1216 total
- age   3:     115280 bytes,     116496 total
- age   4:     178224 bytes,     294720 total
- age   5:      66128 bytes,     360848 total
- age   6:         32 bytes,     360880 total
- age   7:        200 bytes,     361080 total
- age   8:         72 bytes,     361152 total
- age   9:     147472 bytes,     508624 total
: 1789K->794K(2304K), 0.0044104 secs] 851891K->850896K(1050880K), 0.0045098 secs] [Times: user=0.01 sys=0.00, real=0.00 secs] 
45.965: [GC 45.965: [ParNew
Desired survivor size 557056 bytes, new threshold 15 (max 15)
- age   1:        624 bytes,        624 total
- age   2:       1016 bytes,       1640 total
- age   3:         72 bytes,       1712 total
- age   4:     115280 bytes,     116992 total
- age   5:     178224 bytes,     295216 total
- age   6:      66128 bytes,     361344 total
- age   7:         32 bytes,     361376 total
- age   8:        200 bytes,     361576 total
- age   9:         72 bytes,     361648 total
- age  10:     147472 bytes,     509120 total
: 2010K->550K(2304K), 0.0033319 secs] 852112K->850652K(1050880K), 0.0034203 secs] [Times: user=0.01 sys=0.00, real=0.00 secs] 
45.971: [GC 45.971: [ParNew
Desired survivor size 557056 bytes, new threshold 6 (max 15)
- age   1:     319760 bytes,     319760 total
- age   2:        552 bytes,     320312 total
- age   3:       1016 bytes,     321328 total
- age   4:         72 bytes,     321400 total
- age   5:     115280 bytes,     436680 total
- age   6:     178104 bytes,     614784 total
- age   7:      66128 bytes,     680912 total
- age   8:         32 bytes,     680944 total
- age   9:        200 bytes,     681144 total
- age  10:         72 bytes,     681216 total
- age  11:     147472 bytes,     828688 total
: 1766K->1088K(2304K), 0.0051482 secs] 851868K->851190K(1050880K), 0.0052405 secs] [Times: user=0.02 sys=0.00, real=0.01 secs] 
45.978: [GC 45.978: [ParNew
Desired survivor size 557056 bytes, new threshold 2 (max 15)
- age   1:     341072 bytes,     341072 total
- age   2:     295864 bytes,     636936 total
- age   3:        552 bytes,     637488 total
- age   4:       1016 bytes,     638504 total
- age   5:         72 bytes,     638576 total
- age   6:     115280 bytes,     753856 total
: 2304K->1088K(2304K), 0.0045571 secs] 852406K->851646K(1050880K), 0.0046401 secs] [Times: user=0.02 sys=0.01, real=0.00 secs] 
45.984: [GC 45.984: [ParNew
Desired survivor size 557056 bytes, new threshold 15 (max 15)
- age   1:        592 bytes,        592 total
- age   2:     341040 bytes,     341632 total
: 2304K->899K(2304K), 0.0046625 secs] 852862K->851861K(1050880K), 0.0047398 secs] [Times: user=0.02 sys=0.00, real=0.00 secs] 
45.991: [GC 45.991: [ParNew
Desired survivor size 557056 bytes, new threshold 15 (max 15)
- age   1:       1096 bytes,       1096 total
- age   2:        528 bytes,       1624 total
- age   3:     341040 bytes,     342664 total
: 2115K->592K(2304K), 0.0035993 secs] 853077K->851553K(1050880K), 0.0036759 secs] [Times: user=0.01 sys=0.00, real=0.01 secs] 
45.996: [GC 45.996: [ParNew
Desired survivor size 557056 bytes, new threshold 15 (max 15)
- age   1:        288 bytes,        288 total
- age   2:       1024 bytes,       1312 total
- age   3:        528 bytes,       1840 total
- age   4:     341040 bytes,     342880 total
: 1808K->478K(2304K), 0.0036583 secs] 852769K->851439K(1050880K), 0.0037283 secs] [Times: user=0.01 sys=0.00, real=0.00 secs] 
46.001: [GC 46.001: [ParNew
Desired survivor size 557056 bytes, new threshold 5 (max 15)
- age   1:     268304 bytes,     268304 total
- age   2:        256 bytes,     268560 total
- age   3:       1024 bytes,     269584 total
- age   4:        528 bytes,     270112 total
- age   5:     341040 bytes,     611152 total
: 1694K->747K(2304K), 0.0038607 secs] 852655K->851708K(1050880K), 0.0039721 secs] [Times: user=0.02 sys=0.00, real=0.01 secs] 
46.007: [GC 46.007: [ParNew
Desired survivor size 557056 bytes, new threshold 15 (max 15)
- age   1:     158864 bytes,     158864 total
- age   2:     268104 bytes,     426968 total
- age   3:        256 bytes,     427224 total
- age   4:       1024 bytes,     428248 total
- age   5:        528 bytes,     428776 total
: 1963K->653K(2304K), 0.0043469 secs] 852924K->851947K(1050880K), 0.0044290 secs] [Times: user=0.01 sys=0.00, real=0.00 secs] 
46.013: [GC 46.013: [ParNew
Desired survivor size 557056 bytes, new threshold 15 (max 15)
- age   1:      23736 bytes,      23736 total
- age   2:     159144 bytes,     182880 total
- age   3:     268104 bytes,     450984 total
- age   4:        256 bytes,     451240 total
- age   5:       1024 bytes,     452264 total
- age   6:        528 bytes,     452792 total
: 1869K->555K(2304K), 0.0032748 secs] 853163K->851850K(1050880K), 0.0033531 secs] [Times: user=0.01 sys=0.00, real=0.01 secs] 
46.018: [GC 46.018: [ParNew
Desired survivor size 557056 bytes, new threshold 15 (max 15)
- age   1:       8672 bytes,       8672 total
- age   2:      23608 bytes,      32280 total
- age   3:     158832 bytes,     191112 total
- age   4:     268104 bytes,     459216 total
- age   5:        256 bytes,     459472 total
- age   6:       1024 bytes,     460496 total
- age   7:        528 bytes,     461024 total
: 1771K->553K(2304K), 0.0034280 secs] 853066K->851847K(1050880K), 0.0035109 secs] [Times: user=0.01 sys=0.00, real=0.00 secs] 
46.025: [GC 46.025: [ParNew
Desired survivor size 557056 bytes, new threshold 15 (max 15)
- age   1:       9904 bytes,       9904 total
- age   2:       8544 bytes,      18448 total
- age   3:      23608 bytes,      42056 total
- age   4:     158832 bytes,     200888 total
- age   5:     268104 bytes,     468992 total
- age   6:        256 bytes,     469248 total
- age   7:       1024 bytes,     470272 total
- age   8:        528 bytes,     470800 total
: 1769K->672K(2304K), 0.0050561 secs] 853063K->851967K(1050880K), 0.0051463 secs] [Times: user=0.01 sys=0.00, real=0.00 secs] 
46.031: [GC 46.031: [ParNew
Desired survivor size 557056 bytes, new threshold 15 (max 15)
- age   1:        264 bytes,        264 total
- age   2:       9512 bytes,       9776 total
- age   3:       8288 bytes,      18064 total
- age   4:      23608 bytes,      41672 total
- age   5:     159056 bytes,     200728 total
- age   6:     268104 bytes,     468832 total
- age   7:        256 bytes,     469088 total
- age   8:       1024 bytes,     470112 total
- age   9:        528 bytes,     470640 total
: 1888K->571K(2304K), 0.0032524 secs] 853183K->851865K(1050880K), 0.0033251 secs] [Times: user=0.01 sys=0.00, real=0.01 secs] 
46.036: [GC 46.036: [ParNew
Desired survivor size 557056 bytes, new threshold 15 (max 15)
- age   1:        112 bytes,        112 total
- age   2:        192 bytes,        304 total
- age   3:       9512 bytes,       9816 total
- age   4:       8288 bytes,      18104 total
- age   5:      23608 bytes,      41712 total
- age   6:     158832 bytes,     200544 total
- age   7:     268104 bytes,     468648 total
- age   8:        256 bytes,     468904 total
- age   9:       1024 bytes,     469928 total
- age  10:        528 bytes,     470456 total
: 1787K->573K(2304K), 0.0033625 secs] 853081K->851868K(1050880K), 0.0034196 secs] [Times: user=0.01 sys=0.01, real=0.00 secs] 
46.042: [GC 46.042: [ParNew
Desired survivor size 557056 bytes, new threshold 15 (max 15)
- age   1:      29176 bytes,      29176 total
- age   2:         72 bytes,      29248 total
- age   3:        192 bytes,      29440 total
- age   4:       8408 bytes,      37848 total
- age   5:       8288 bytes,      46136 total
- age   6:      23568 bytes,      69704 total
- age   7:     158832 bytes,     228536 total
- age   8:     268104 bytes,     496640 total
- age   9:        256 bytes,     496896 total
- age  10:       1024 bytes,     497920 total
- age  11:        528 bytes,     498448 total
: 1789K->803K(2304K), 0.0054578 secs] 853084K->852098K(1050880K), 0.0055694 secs] [Times: user=0.01 sys=0.00, real=0.01 secs] 
46.049: [GC 46.049: [ParNew
Desired survivor size 557056 bytes, new threshold 9 (max 15)
- age   1:      88080 bytes,      88080 total
- age   2:      29104 bytes,     117184 total
- age   3:         72 bytes,     117256 total
- age   4:        192 bytes,     117448 total
- age   5:       8408 bytes,     125856 total
- age   6:       8288 bytes,     134144 total
- age   7:      23568 bytes,     157712 total
- age   8:     158832 bytes,     316544 total
- age   9:     268104 bytes,     584648 total
- age  10:        256 bytes,     584904 total
- age  11:       1024 bytes,     585928 total
- age  12:        528 bytes,     586456 total
: 2019K->839K(2304K), 0.0034829 secs] 853314K->852134K(1050880K), 0.0035644 secs] [Times: user=0.01 sys=0.00, real=0.00 secs] 
46.054: [GC 46.054: [ParNew
Desired survivor size 557056 bytes, new threshold 9 (max 15)
- age   1:     317792 bytes,     317792 total
- age   2:      87952 bytes,     405744 total
- age   3:      29104 bytes,     434848 total
- age   4:         72 bytes,     434920 total
- age   5:        192 bytes,     435112 total
- age   6:       8408 bytes,     443520 total
- age   7:       8288 bytes,     451808 total
- age   8:      23568 bytes,     475376 total
- age   9:     158832 bytes,     634208 total
: 2055K->824K(2304K), 0.0039162 secs] 853350K->852382K(1050880K), 0.0039984 secs] [Times: user=0.02 sys=0.00, real=0.00 secs] 
46.061: [GC 46.061: [ParNew
Desired survivor size 557056 bytes, new threshold 2 (max 15)
- age   1:     394168 bytes,     394168 total
- age   2:     317752 bytes,     711920 total
- age   3:      87952 bytes,     799872 total
- age   4:      29104 bytes,     828976 total
- age   5:         72 bytes,     829048 total
- age   6:        192 bytes,     829240 total
- age   7:       8408 bytes,     837648 total
- age   8:       8288 bytes,     845936 total
- age   9:      23568 bytes,     869504 total
: 2040K->1088K(2304K), 0.0042426 secs] 853598K->852801K(1050880K), 0.0043232 secs] [Times: user=0.02 sys=0.00, real=0.01 secs] 
46.067: [GC 46.067: [ParNew
Desired survivor size 557056 bytes, new threshold 2 (max 15)
- age   1:     470976 bytes,     470976 total
- age   2:     394168 bytes,     865144 total
: 2304K->1088K(2304K), 0.0045558 secs] 854017K->853275K(1050880K), 0.0046404 secs] [Times: user=0.01 sys=0.00, real=0.00 secs] 
46.075: [GC 46.075: [ParNew
Desired survivor size 557056 bytes, new threshold 1 (max 15)
- age   1:     679568 bytes,     679568 total
- age   2:     433680 bytes,    1113248 total
: 2304K->1088K(2304K), 0.0073186 secs] 854491K->854238K(1050880K), 0.0074240 secs] [Times: user=0.02 sys=0.00, real=0.00 secs] 
46.083: [GC 46.083: [ParNew
Desired survivor size 557056 bytes, new threshold 1 (max 15)
- age   1:     696184 bytes,     696184 total
: 2304K->1088K(2304K), 0.0067999 secs] 855454K->855609K(1050880K), 0.0068911 secs] [Times: user=0.03 sys=0.00, real=0.01 secs] 
46.091: [GC 46.091: [ParNew
Desired survivor size 557056 bytes, new threshold 1 (max 15)
- age   1:     891816 bytes,     891816 total
: 2304K->1088K(2304K), 0.0070859 secs] 856825K->856345K(1050880K), 0.0071691 secs] [Times: user=0.02 sys=0.01, real=0.01 secs] 
46.099: [GC 46.099: [ParNew
Desired survivor size 557056 bytes, new threshold 15 (max 15)
- age   1:     418928 bytes,     418928 total
: 2304K->1055K(2304K), 0.0046213 secs] 857561K->857184K(1050880K), 0.0046981 secs] [Times: user=0.01 sys=0.00, real=0.00 secs] 
46.105: [GC 46.105: [ParNew
Desired survivor size 557056 bytes, new threshold 1 (max 15)
- age   1:     658808 bytes,     658808 total
- age   2:     400072 bytes,    1058880 total
: 2271K->1088K(2304K), 0.0056840 secs] 858400K->857282K(1050880K), 0.0057649 secs] [Times: user=0.01 sys=0.00, real=0.00 secs] 
46.112: [GC 46.112: [ParNew
Desired survivor size 557056 bytes, new threshold 15 (max 15)
- age   1:     211600 bytes,     211600 total
: 2304K->853K(2304K), 0.0049554 secs] 858498K->858082K(1050880K), 0.0050372 secs] [Times: user=0.02 sys=0.00, real=0.01 secs] 
46.119: [GC 46.119: [ParNew
Desired survivor size 557056 bytes, new threshold 2 (max 15)
- age   1:     385928 bytes,     385928 total
- age   2:     211472 bytes,     597400 total
: 2069K->729K(2304K), 0.0035052 secs] 859298K->857957K(1050880K), 0.0035814 secs] [Times: user=0.01 sys=0.00, real=0.00 secs] 
46.124: [GC 46.124: [ParNew
Desired survivor size 557056 bytes, new threshold 2 (max 15)
- age   1:     263848 bytes,     263848 total
- age   2:     385856 bytes,     649704 total
: 1945K->881K(2304K), 0.0046082 secs] 859173K->858316K(1050880K), 0.0046897 secs] [Times: user=0.01 sys=0.00, real=0.01 secs] 
46.130: [GC 46.130: [ParNew
Desired survivor size 557056 bytes, new threshold 15 (max 15)
- age   1:        240 bytes,        240 total
- age   2:     263768 bytes,     264008 total
: 2097K->752K(2304K), 0.0038159 secs] 859532K->858564K(1050880K), 0.0038936 secs] [Times: user=0.01 sys=0.00, real=0.00 secs] 
46.135: [GC 46.135: [ParNew
Desired survivor size 557056 bytes, new threshold 15 (max 15)
- age   1:     139072 bytes,     139072 total
- age   2:        200 bytes,     139272 total
- age   3:     263768 bytes,     403040 total
: 1968K->520K(2304K), 0.0035591 secs] 859780K->858332K(1050880K), 0.0036364 secs] [Times: user=0.02 sys=0.00, real=0.00 secs] 
46.141: [GC 46.141: [ParNew
Desired survivor size 557056 bytes, new threshold 2 (max 15)
- age   1:     469944 bytes,     469944 total
- age   2:     139032 bytes,     608976 total
- age   3:        200 bytes,     609176 total
- age   4:     263768 bytes,     872944 total
: 1736K->1003K(2304K), 0.0051982 secs] 859548K->858815K(1050880K), 0.0052914 secs] [Times: user=0.02 sys=0.00, real=0.01 secs] 
46.148: [GC 46.148: [ParNew
Desired survivor size 557056 bytes, new threshold 15 (max 15)
- age   1:      46152 bytes,      46152 total
- age   2:     469872 bytes,     516024 total
: 2219K->801K(2304K), 0.0040184 secs] 860031K->859007K(1050880K), 0.0040967 secs] [Times: user=0.02 sys=0.00, real=0.00 secs] 
46.154: [GC 46.154: [ParNew
Desired survivor size 557056 bytes, new threshold 3 (max 15)
- age   1:      45464 bytes,      45464 total
- age   2:      46080 bytes,      91544 total
- age   3:     469872 bytes,     561416 total
: 2017K->672K(2304K), 0.0034770 secs] 860223K->858878K(1050880K), 0.0035531 secs] [Times: user=0.01 sys=0.01, real=0.01 secs] 
46.159: [GC 46.159: [ParNew
Desired survivor size 557056 bytes, new threshold 15 (max 15)
- age   1:        408 bytes,        408 total
- age   2:      45360 bytes,      45768 total
- age   3:      46080 bytes,      91848 total
: 1888K->545K(2304K), 0.0051193 secs] 860094K->859210K(1050880K), 0.0052127 secs] [Times: user=0.01 sys=0.00, real=0.01 secs] 
46.167: [GC 46.167: [ParNew
Desired survivor size 557056 bytes, new threshold 15 (max 15)
- age   1:     101760 bytes,     101760 total
- age   2:        200 bytes,     101960 total
- age   3:      45360 bytes,     147320 total
- age   4:      46080 bytes,     193400 total
: 1761K->270K(2304K), 0.0034716 secs] 860426K->858934K(1050880K), 0.0035690 secs] [Times: user=0.01 sys=0.00, real=0.00 secs] 
46.172: [GC 46.173: [ParNew
Desired survivor size 557056 bytes, new threshold 15 (max 15)
- age   1:      78048 bytes,      78048 total
- age   2:      85096 bytes,     163144 total
- age   3:        200 bytes,     163344 total
- age   4:      45360 bytes,     208704 total
- age   5:      46080 bytes,     254784 total
: 1486K->304K(2304K), 0.0046944 secs] 860150K->858968K(1050880K), 0.0047940 secs] [Times: user=0.01 sys=0.00, real=0.01 secs] 
46.179: [GC 46.179: [ParNew
Desired survivor size 557056 bytes, new threshold 15 (max 15)
- age   1:        560 bytes,        560 total
- age   2:      77352 bytes,      77912 total
- age   3:      97048 bytes,     174960 total
- age   4:        200 bytes,     175160 total
- age   5:      45360 bytes,     220520 total
- age   6:      46080 bytes,     266600 total
: 1520K->356K(2304K), 0.0033319 secs] 860184K->859021K(1050880K), 0.0034471 secs] [Times: user=0.01 sys=0.00, real=0.00 secs] 
46.184: [GC 46.184: [ParNew
Desired survivor size 557056 bytes, new threshold 15 (max 15)
- age   1:      89816 bytes,      89816 total
- age   2:        432 bytes,      90248 total
- age   3:      77224 bytes,     167472 total
- age   4:      95608 bytes,     263080 total
- age   5:        200 bytes,     263280 total
- age   6:      45360 bytes,     308640 total
- age   7:      46080 bytes,     354720 total
: 1572K->462K(2304K), 0.0033334 secs] 860237K->859126K(1050880K), 0.0034056 secs] [Times: user=0.01 sys=0.00, real=0.00 secs] 
46.189: [GC 46.189: [ParNew
Desired survivor size 557056 bytes, new threshold 7 (max 15)
- age   1:     259184 bytes,     259184 total
- age   2:      89816 bytes,     349000 total
- age   3:        360 bytes,     349360 total
- age   4:      77224 bytes,     426584 total
- age   5:      95104 bytes,     521688 total
- age   6:        200 bytes,     521888 total
- age   7:      45360 bytes,     567248 total
- age   8:      46080 bytes,     613328 total
: 1678K->774K(2304K), 0.0034059 secs] 860342K->859439K(1050880K), 0.0034816 secs] [Times: user=0.01 sys=0.00, real=0.00 secs] 
46.194: [GC 46.194: [ParNew
Desired survivor size 557056 bytes, new threshold 15 (max 15)
- age   1:        136 bytes,        136 total
- age   2:     259056 bytes,     259192 total
- age   3:      89776 bytes,     348968 total
- age   4:        360 bytes,     349328 total
- age   5:      77224 bytes,     426552 total
- age   6:      85096 bytes,     511648 total
- age   7:        200 bytes,     511848 total
: 1990K->779K(2304K), 0.0045967 secs] 860655K->859532K(1050880K), 0.0046832 secs] [Times: user=0.02 sys=0.00, real=0.01 secs] 
46.200: [GC 46.200: [ParNew
Desired survivor size 557056 bytes, new threshold 15 (max 15)
- age   1:        240 bytes,        240 total
- age   2:         32 bytes,        272 total
- age   3:     259056 bytes,     259328 total
- age   4:      89776 bytes,     349104 total
- age   5:        360 bytes,     349464 total
- age   6:      77224 bytes,     426688 total
- age   7:      94528 bytes,     521216 total
- age   8:        200 bytes,     521416 total
: 1995K->757K(2304K), 0.0033152 secs] 860748K->859510K(1050880K), 0.0033907 secs] [Times: user=0.01 sys=0.00, real=0.00 secs] 
46.204: [GC 46.204: [ParNew
Desired survivor size 557056 bytes, new threshold 15 (max 15)
- age   1:        152 bytes,        152 total
- age   2:        168 bytes,        320 total
- age   3:         32 bytes,        352 total
- age   4:     259056 bytes,     259408 total
- age   5:      89776 bytes,     349184 total
- age   6:        360 bytes,     349544 total
- age   7:      77224 bytes,     426768 total
- age   8:      94528 bytes,     521296 total
- age   9:        200 bytes,     521496 total
: 1973K->751K(2304K), 0.0033283 secs] 860726K->859505K(1050880K), 0.0034038 secs] [Times: user=0.02 sys=0.00, real=0.00 secs] 
46.210: [GC 46.210: [ParNew
Desired survivor size 557056 bytes, new threshold 15 (max 15)
- age   1:        112 bytes,        112 total
- age   2:        112 bytes,        224 total
- age   3:        168 bytes,        392 total
- age   4:         32 bytes,        424 total
- age   5:     259056 bytes,     259480 total
- age   6:      89776 bytes,     349256 total
- age   7:        360 bytes,     349616 total
- age   8:      77224 bytes,     426840 total
- age   9:      94168 bytes,     521008 total
- age  10:        200 bytes,     521208 total
: 1967K->750K(2304K), 0.0033634 secs] 860721K->859504K(1050880K), 0.0034532 secs] [Times: user=0.01 sys=0.00, real=0.00 secs] 
46.215: [GC 46.215: [ParNew
Desired survivor size 557056 bytes, new threshold 15 (max 15)
- age   1:        168 bytes,        168 total
- age   2:         40 bytes,        208 total
- age   3:        112 bytes,        320 total
- age   4:        168 bytes,        488 total
- age   5:         32 bytes,        520 total
- age   6:     259056 bytes,     259576 total
- age   7:      89776 bytes,     349352 total
- age   8:        360 bytes,     349712 total
- age   9:      77224 bytes,     426936 total
- age  10:      85096 bytes,     512032 total
- age  11:        200 bytes,     512232 total
: 1966K->875K(2304K), 0.0041578 secs] 860720K->859628K(1050880K), 0.0042667 secs] [Times: user=0.01 sys=0.00, real=0.00 secs] 
46.221: [GC 46.221: [ParNew
Desired survivor size 557056 bytes, new threshold 8 (max 15)
- age   1:     272640 bytes,     272640 total
- age   3:         40 bytes,     272680 total
- age   4:        112 bytes,     272792 total
- age   5:        168 bytes,     272960 total
- age   6:         32 bytes,     272992 total
- age   7:     259056 bytes,     532048 total
- age   8:      89776 bytes,     621824 total
- age   9:        360 bytes,     622184 total
- age  10:      77224 bytes,     699408 total
- age  11:      95320 bytes,     794728 total
- age  12:        200 bytes,     794928 total
: 2091K->859K(2304K), 0.0035524 secs] 860844K->859613K(1050880K), 0.0036310 secs] [Times: user=0.01 sys=0.01, real=0.01 secs] 
46.226: [GC 46.226: [ParNew
Desired survivor size 557056 bytes, new threshold 2 (max 15)
- age   1:     476928 bytes,     476928 total
- age   2:     256416 bytes,     733344 total
- age   4:         40 bytes,     733384 total
- age   5:        112 bytes,     733496 total
- age   6:        168 bytes,     733664 total
- age   7:         32 bytes,     733696 total
- age   8:     259056 bytes,     992752 total
: 2075K->1088K(2304K), 0.0044765 secs] 860829K->860119K(1050880K), 0.0045623 secs] [Times: user=0.02 sys=0.00, real=0.00 secs] 
46.232: [GC 46.232: [ParNew
Desired survivor size 557056 bytes, new threshold 2 (max 15)
- age   1:     207872 bytes,     207872 total
- age   2:     475520 bytes,     683392 total
: 2304K->1088K(2304K), 0.0052827 secs] 861335K->860624K(1050880K), 0.0053620 secs] [Times: user=0.02 sys=0.00, real=0.01 secs] 
46.239: [GC 46.239: [ParNew
Desired survivor size 557056 bytes, new threshold 1 (max 15)
- age   1:     636384 bytes,     636384 total
- age   2:     207872 bytes,     844256 total
: 2304K->1084K(2304K), 0.0043741 secs] 861840K->861085K(1050880K), 0.0044555 secs] [Times: user=0.01 sys=0.00, real=0.00 secs] 
46.246: [GC 46.246: [ParNew
Desired survivor size 557056 bytes, new threshold 1 (max 15)
- age   1:     601472 bytes,     601472 total
: 2300K->1088K(2304K), 0.0050280 secs] 862301K->861913K(1050880K), 0.0051078 secs] [Times: user=0.01 sys=0.00, real=0.00 secs] 
46.252: [GC 46.252: [ParNew
Desired survivor size 557056 bytes, new threshold 15 (max 15)
- age   1:     257336 bytes,     257336 total
: 2304K->630K(2304K), 0.0040527 secs] 863129K->862043K(1050880K), 0.0041317 secs] [Times: user=0.01 sys=0.00, real=0.01 secs] 
46.258: [GC 46.258: [ParNew
Desired survivor size 557056 bytes, new threshold 15 (max 15)
- age   1:        160 bytes,        160 total
- age   2:     257264 bytes,     257424 total
: 1846K->335K(2304K), 0.0043326 secs] 863259K->861748K(1050880K), 0.0044188 secs] [Times: user=0.01 sys=0.00, real=0.00 secs] 
46.264: [GC 46.264: [ParNew
Desired survivor size 557056 bytes, new threshold 15 (max 15)
- age   1:       8624 bytes,       8624 total
- age   2:         32 bytes,       8656 total
- age   3:     257264 bytes,     265920 total
: 1551K->345K(2304K), 0.0032217 secs] 862964K->861758K(1050880K), 0.0033033 secs] [Times: user=0.01 sys=0.00, real=0.00 secs] 
46.268: [GC 46.268: [ParNew
Desired survivor size 557056 bytes, new threshold 1 (max 15)
- age   1:     816792 bytes,     816792 total
- age   2:       8496 bytes,     825288 total
- age   3:         32 bytes,     825320 total
- age   4:     257264 bytes,    1082584 total
: 1561K->1088K(2304K), 0.0048722 secs] 862974K->862551K(1050880K), 0.0049580 secs] [Times: user=0.01 sys=0.00, real=0.00 secs] 
46.275: [GC 46.275: [ParNew
Desired survivor size 557056 bytes, new threshold 15 (max 15)
- age   1:     473328 bytes,     473328 total
: 2304K->1070K(2304K), 0.0061965 secs] 863767K->863590K(1050880K), 0.0062794 secs] [Times: user=0.02 sys=0.01, real=0.00 secs] 
46.282: [GC 46.282: [ParNew
Desired survivor size 557056 bytes, new threshold 15 (max 15)
- age   1:        872 bytes,        872 total
- age   2:     473392 bytes,     474264 total
: 2286K->774K(2304K), 0.0033572 secs] 864806K->863295K(1050880K), 0.0034510 secs] [Times: user=0.01 sys=0.00, real=0.01 secs] 
46.288: [GC 46.288: [ParNew
Desired survivor size 557056 bytes, new threshold 15 (max 15)
- age   1:      42560 bytes,      42560 total
- age   2:         80 bytes,      42640 total
- age   3:     473184 bytes,     515824 total
: 1990K->608K(2304K), 0.0052109 secs] 864511K->863129K(1050880K), 0.0053049 secs] [Times: user=0.01 sys=0.00, real=0.00 secs] 
46.295: [GC 46.296: [ParNew
Desired survivor size 557056 bytes, new threshold 4 (max 15)
- age   1:     329160 bytes,     329160 total
- age   2:      42560 bytes,     371720 total
- age   3:         80 bytes,     371800 total
- age   4:     473288 bytes,     845088 total
: 1824K->1002K(2304K), 0.0037798 secs] 864345K->863523K(1050880K), 0.0038698 secs] [Times: user=0.01 sys=0.00, real=0.00 secs] 
46.301: [GC 46.301: [ParNew
Desired survivor size 557056 bytes, new threshold 2 (max 15)
- age   1:     533184 bytes,     533184 total
- age   2:     280104 bytes,     813288 total
- age   3:      42560 bytes,     855848 total
- age   4:         80 bytes,     855928 total
: 2218K->1088K(2304K), 0.0044344 secs] 864739K->864166K(1050880K), 0.0045111 secs] [Times: user=0.01 sys=0.00, real=0.01 secs] 
46.307: [GC 46.307: [ParNew
Desired survivor size 557056 bytes, new threshold 2 (max 15)
- age   1:     396792 bytes,     396792 total
- age   2:     519624 bytes,     916416 total
: 2304K->1088K(2304K), 0.0049039 secs] 865382K->864677K(1050880K), 0.0049840 secs] [Times: user=0.01 sys=0.00, real=0.00 secs] 
46.316: [GC 46.316: [ParNew
Desired survivor size 557056 bytes, new threshold 1 (max 15)
- age   1:     686800 bytes,     686800 total
- age   2:     381272 bytes,    1068072 total
: 2304K->1088K(2304K), 0.0057563 secs] 865893K->865621K(1050880K), 0.0058418 secs] [Times: user=0.02 sys=0.00, real=0.00 secs] 
46.324: [GC 46.324: [ParNew
Desired survivor size 557056 bytes, new threshold 15 (max 15)
- age   1:     184768 bytes,     184768 total
: 2304K->1000K(2304K), 0.0074410 secs] 866837K->866576K(1050880K), 0.0075451 secs] [Times: user=0.02 sys=0.01, real=0.00 secs] 
46.334: [GC 46.335: [ParNew
Desired survivor size 557056 bytes, new threshold 15 (max 15)
- age   1:      94832 bytes,      94832 total
- age   2:     184608 bytes,     279440 total
: 2216K->355K(2304K), 0.0043039 secs] 867792K->865931K(1050880K), 0.0043935 secs] [Times: user=0.01 sys=0.00, real=0.00 secs] 
46.341: [GC 46.341: [ParNew
Desired survivor size 557056 bytes, new threshold 15 (max 15)
- age   1:        224 bytes,        224 total
- age   2:      94704 bytes,      94928 total
- age   3:     184608 bytes,     279536 total
: 1571K->413K(2304K), 0.0031806 secs] 867147K->865989K(1050880K), 0.0032659 secs] [Times: user=0.01 sys=0.00, real=0.01 secs] 
46.348: [GC 46.348: [ParNew
Desired survivor size 557056 bytes, new threshold 15 (max 15)
- age   1:        256 bytes,        256 total
- age   2:         64 bytes,        320 total
- age   3:      94704 bytes,      95024 total
- age   4:     184608 bytes,     279632 total
: 1629K->410K(2304K), 0.0044593 secs] 867205K->865986K(1050880K), 0.0045448 secs] [Times: user=0.01 sys=0.00, real=0.00 secs] 
46.353: [GC 46.354: [ParNew
Desired survivor size 557056 bytes, new threshold 15 (max 15)
- age   1:        328 bytes,        328 total
- age   3:         64 bytes,        392 total
- age   4:      94704 bytes,      95096 total
- age   5:     184608 bytes,     279704 total
: 1626K->409K(2304K), 0.0031339 secs] 867202K->865986K(1050880K), 0.0032071 secs] [Times: user=0.01 sys=0.00, real=0.01 secs] 
46.358: [GC 46.358: [ParNew
Desired survivor size 557056 bytes, new threshold 15 (max 15)
- age   1:        272 bytes,        272 total
- age   2:        192 bytes,        464 total
- age   5:      94704 bytes,      95168 total
- age   6:     184608 bytes,     279776 total
: 1625K->409K(2304K), 0.0031063 secs] 867202K->865986K(1050880K), 0.0032037 secs] [Times: user=0.02 sys=0.00, real=0.00 secs] 
46.362: [GC 46.362: [ParNew
Desired survivor size 557056 bytes, new threshold 15 (max 15)
- age   1:        328 bytes,        328 total
- age   2:        200 bytes,        528 total
- age   3:         64 bytes,        592 total
- age   6:      94704 bytes,      95296 total
- age   7:     184608 bytes,     279904 total
: 1625K->409K(2304K), 0.0045528 secs] 867202K->865986K(1050880K), 0.0046340 secs] [Times: user=0.01 sys=0.00, real=0.01 secs] 
46.370: [GC 46.370: [ParNew
Desired survivor size 557056 bytes, new threshold 15 (max 15)
- age   1:     262192 bytes,     262192 total
- age   2:        256 bytes,     262448 total
- age   3:        200 bytes,     262648 total
- age   4:         64 bytes,     262712 total
- age   7:      94704 bytes,     357416 total
- age   8:     184608 bytes,     542024 total
: 1625K->683K(2304K), 0.0033573 secs] 867202K->866259K(1050880K), 0.0034379 secs] [Times: user=0.01 sys=0.00, real=0.00 secs] 
46.375: [GC 46.375: [ParNew
Desired survivor size 557056 bytes, new threshold 8 (max 15)
- age   1:     281160 bytes,     281160 total
- age   2:     261976 bytes,     543136 total
- age   3:        256 bytes,     543392 total
- age   4:        200 bytes,     543592 total
- age   5:         64 bytes,     543656 total
- age   8:      94704 bytes,     638360 total
- age   9:     184608 bytes,     822968 total
: 1899K->1047K(2304K), 0.0034886 secs] 867475K->866623K(1050880K), 0.0035656 secs] [Times: user=0.02 sys=0.00, real=0.00 secs] 
46.381: [GC 46.381: [ParNew
Desired survivor size 557056 bytes, new threshold 15 (max 15)
- age   1:        240 bytes,        240 total
- age   2:     280960 bytes,     281200 total
- age   3:     261976 bytes,     543176 total
- age   4:        256 bytes,     543432 total
- age   5:        200 bytes,     543632 total
- age   6:         64 bytes,     543696 total
: 2263K->1078K(2304K), 0.0045026 secs] 867839K->866927K(1050880K), 0.0045879 secs] [Times: user=0.02 sys=0.00, real=0.01 secs] 
46.387: [GC 46.387: [ParNew
Desired survivor size 557056 bytes, new threshold 15 (max 15)
- age   1:        328 bytes,        328 total
- age   2:         40 bytes,        368 total
- age   3:     280960 bytes,     281328 total
- age   4:     261976 bytes,     543304 total
- age   5:        256 bytes,     543560 total
- age   6:        200 bytes,     543760 total
- age   7:         64 bytes,     543824 total
: 2294K->663K(2304K), 0.0033073 secs] 868143K->866512K(1050880K), 0.0033849 secs] [Times: user=0.01 sys=0.00, real=0.00 secs] 
46.391: [GC 46.391: [ParNew
Desired survivor size 557056 bytes, new threshold 15 (max 15)
- age   1:        200 bytes,        200 total
- age   2:        200 bytes,        400 total
- age   3:         40 bytes,        440 total
- age   4:     280960 bytes,     281400 total
- age   5:     261976 bytes,     543376 total
- age   6:        256 bytes,     543632 total
- age   7:        200 bytes,     543832 total
- age   8:         64 bytes,     543896 total
: 1879K->739K(2304K), 0.0033275 secs] 867728K->866588K(1050880K), 0.0034114 secs] [Times: user=0.01 sys=0.00, real=0.01 secs] 
46.397: [GC 46.397: [ParNew
Desired survivor size 557056 bytes, new threshold 6 (max 15)
- age   1:     196944 bytes,     196944 total
- age   2:         72 bytes,     197016 total
- age   3:        200 bytes,     197216 total
- age   4:         40 bytes,     197256 total
- age   5:     280960 bytes,     478216 total
- age   6:     261976 bytes,     740192 total
- age   7:        256 bytes,     740448 total
- age   8:        200 bytes,     740648 total
- age   9:         64 bytes,     740712 total
: 1955K->1049K(2304K), 0.0046821 secs] 867804K->866898K(1050880K), 0.0047649 secs] [Times: user=0.02 sys=0.00, real=0.00 secs] 
46.404: [GC 46.404: [ParNew
Desired survivor size 557056 bytes, new threshold 15 (max 15)
- age   1:      36424 bytes,      36424 total
- age   2:     203200 bytes,     239624 total
- age   3:         72 bytes,     239696 total
- age   4:        200 bytes,     239896 total
- age   5:         40 bytes,     239936 total
- age   6:     280960 bytes,     520896 total
: 2265K->856K(2304K), 0.0037621 secs] 868114K->866961K(1050880K), 0.0038743 secs] [Times: user=0.02 sys=0.00, real=0.01 secs] 
46.410: [GC 46.410: [ParNew
Desired survivor size 557056 bytes, new threshold 3 (max 15)
- age   1:     397008 bytes,     397008 total
- age   2:      35592 bytes,     432600 total
- age   3:     214936 bytes,     647536 total
- age   4:         72 bytes,     647608 total
- age   5:        200 bytes,     647808 total
- age   6:         40 bytes,     647848 total
- age   7:     280960 bytes,     928808 total
: 2072K->1046K(2304K), 0.0037918 secs] 868177K->867151K(1050880K), 0.0038821 secs] [Times: user=0.02 sys=0.00, real=0.00 secs] 
46.417: [GC 46.417: [ParNew
Desired survivor size 557056 bytes, new threshold 15 (max 15)
- age   1:         72 bytes,         72 total
- age   2:     396936 bytes,     397008 total
- age   3:      35592 bytes,     432600 total
: 2262K->970K(2304K), 0.0051770 secs] 868367K->867542K(1050880K), 0.0052644 secs] [Times: user=0.01 sys=0.00, real=0.00 secs] 
46.425: [GC 46.425: [ParNew
Desired survivor size 557056 bytes, new threshold 3 (max 15)
- age   1:     365840 bytes,     365840 total
- age   3:     396936 bytes,     762776 total
- age   4:      35592 bytes,     798368 total
: 2186K->960K(2304K), 0.0050471 secs] 868758K->867532K(1050880K), 0.0051229 secs] [Times: user=0.02 sys=0.00, real=0.00 secs] 
46.437: [GC 46.437: [ParNew
Desired survivor size 557056 bytes, new threshold 1 (max 15)
- age   1:     785848 bytes,     785848 total
- age   2:     326448 bytes,    1112296 total
: 2176K->1088K(2304K), 0.0122729 secs] 868748K->868556K(1050880K), 0.0123718 secs] [Times: user=0.02 sys=0.00, real=0.01 secs] 
46.453: [GC 46.453: [ParNew
Desired survivor size 557056 bytes, new threshold 1 (max 15)
- age   1:     676112 bytes,     676112 total
: 2304K->1088K(2304K), 0.0089436 secs] 869772K->869656K(1050880K), 0.0090516 secs] [Times: user=0.02 sys=0.00, real=0.01 secs] 
46.465: [GC 46.465: [ParNew
Desired survivor size 557056 bytes, new threshold 15 (max 15)
- age   1:         72 bytes,         72 total
: 2304K->370K(2304K), 0.0056459 secs] 870872K->869598K(1050880K), 0.0057234 secs] [Times: user=0.02 sys=0.00, real=0.00 secs] 
46.473: [GC 46.473: [ParNew
Desired survivor size 557056 bytes, new threshold 15 (max 15)
- age   1:         64 bytes,         64 total
: 1586K->46K(2304K), 0.0041444 secs] 870814K->869274K(1050880K), 0.0042264 secs] [Times: user=0.01 sys=0.01, real=0.01 secs] 
46.478: [GC 46.479: [ParNew
Desired survivor size 557056 bytes, new threshold 15 (max 15)
- age   1:     235056 bytes,     235056 total
- age   2:         32 bytes,     235088 total
: 1262K->256K(2304K), 0.0032216 secs] 870490K->869484K(1050880K), 0.0033019 secs] [Times: user=0.01 sys=0.00, real=0.00 secs] 
46.484: [GC 46.484: [ParNew
Desired survivor size 557056 bytes, new threshold 2 (max 15)
- age   1:     364120 bytes,     364120 total
- age   2:     234928 bytes,     599048 total
- age   3:         32 bytes,     599080 total
: 1472K->664K(2304K), 0.0037392 secs] 870700K->869893K(1050880K), 0.0038274 secs] [Times: user=0.02 sys=0.00, real=0.00 secs] 
46.490: [GC 46.490: [ParNew
Desired survivor size 557056 bytes, new threshold 1 (max 15)
- age   1:     774928 bytes,     774928 total
- age   2:     335664 bytes,    1110592 total
: 1880K->1088K(2304K), 0.0050225 secs] 871109K->870977K(1050880K), 0.0051025 secs] [Times: user=0.02 sys=0.00, real=0.01 secs] 
46.496: [GC 46.496: [ParNew
Desired survivor size 557056 bytes, new threshold 1 (max 15)
- age   1:     642296 bytes,     642296 total
: 2304K->1088K(2304K), 0.0058179 secs] 872193K->872062K(1050880K), 0.0058972 secs] [Times: user=0.01 sys=0.00, real=0.00 secs] 
46.504: [GC 46.504: [ParNew
Desired survivor size 557056 bytes, new threshold 1 (max 15)
- age   1:     671368 bytes,     671368 total
: 2304K->859K(2304K), 0.0047901 secs] 873278K->872461K(1050880K), 0.0048662 secs] [Times: user=0.01 sys=0.00, real=0.01 secs] 
46.510: [GC 46.510: [ParNew
Desired survivor size 557056 bytes, new threshold 1 (max 15)
- age   1:     567656 bytes,     567656 total
: 2075K->868K(2304K), 0.0044486 secs] 873677K->873125K(1050880K), 0.0045298 secs] [Times: user=0.01 sys=0.00, real=0.01 secs] 
46.517: [GC 46.517: [ParNew
Desired survivor size 557056 bytes, new threshold 15 (max 15)
- age   1:     540560 bytes,     540560 total
: 2084K->977K(2304K), 0.0057991 secs] 874341K->873788K(1050880K), 0.0058970 secs] [Times: user=0.02 sys=0.00, real=0.00 secs] 
46.524: [GC 46.524: [ParNew
Desired survivor size 557056 bytes, new threshold 2 (max 15)
- age   1:     222464 bytes,     222464 total
- age   2:     535808 bytes,     758272 total
: 2193K->843K(2304K), 0.0035385 secs] 875004K->873654K(1050880K), 0.0036185 secs] [Times: user=0.01 sys=0.00, real=0.00 secs] 
46.529: [GC 46.529: [ParNew
Desired survivor size 557056 bytes, new threshold 15 (max 15)
- age   1:        328 bytes,        328 total
- age   2:     222264 bytes,     222592 total
: 2059K->558K(2304K), 0.0039674 secs] 874870K->873893K(1050880K), 0.0040477 secs] [Times: user=0.01 sys=0.01, real=0.00 secs] 
46.535: [GC 46.535: [ParNew
Desired survivor size 557056 bytes, new threshold 15 (max 15)
- age   1:       8392 bytes,       8392 total
- age   2:        200 bytes,       8592 total
- age   3:     222264 bytes,     230856 total
: 1774K->329K(2304K), 0.0032641 secs] 875109K->873663K(1050880K), 0.0033635 secs] [Times: user=0.02 sys=0.00, real=0.00 secs] 
46.540: [GC 46.540: [ParNew
Desired survivor size 557056 bytes, new threshold 15 (max 15)
- age   1:        144 bytes,        144 total
- age   2:       8288 bytes,       8432 total
- age   3:        200 bytes,       8632 total
- age   4:     222264 bytes,     230896 total
: 1545K->250K(2304K), 0.0045096 secs] 874879K->873584K(1050880K), 0.0045936 secs] [Times: user=0.01 sys=0.00, real=0.01 secs] 
46.546: [GC 46.546: [ParNew
Desired survivor size 557056 bytes, new threshold 15 (max 15)
- age   1:       8568 bytes,       8568 total
- age   2:         72 bytes,       8640 total
- age   3:       8288 bytes,      16928 total
- age   4:         72 bytes,      17000 total
- age   5:     222264 bytes,     239264 total
: 1466K->245K(2304K), 0.0031382 secs] 874800K->873580K(1050880K), 0.0032059 secs] [Times: user=0.01 sys=0.00, real=0.00 secs] 
46.551: [GC 46.551: [ParNew
Desired survivor size 557056 bytes, new threshold 15 (max 15)
- age   1:        224 bytes,        224 total
- age   2:       8416 bytes,       8640 total
- age   3:         72 bytes,       8712 total
- age   4:       8288 bytes,      17000 total
- age   5:         72 bytes,      17072 total
- age   6:     222264 bytes,     239336 total
: 1461K->239K(2304K), 0.0045237 secs] 874796K->873573K(1050880K), 0.0046046 secs] [Times: user=0.01 sys=0.00, real=0.01 secs] 
46.557: [GC 46.557: [ParNew
Desired survivor size 557056 bytes, new threshold 15 (max 15)
- age   1:     239824 bytes,     239824 total
- age   2:        152 bytes,     239976 total
- age   3:       8416 bytes,     248392 total
- age   4:         72 bytes,     248464 total
- age   5:       8288 bytes,     256752 total
- age   6:         72 bytes,     256824 total
- age   7:     222264 bytes,     479088 total
: 1455K->477K(2304K), 0.0032011 secs] 874789K->873812K(1050880K), 0.0032741 secs] [Times: user=0.01 sys=0.00, real=0.00 secs] 
46.562: [GC 46.562: [ParNew
Desired survivor size 557056 bytes, new threshold 15 (max 15)
- age   1:       1064 bytes,       1064 total
- age   2:     239784 bytes,     240848 total
- age   3:        152 bytes,     241000 total
- age   4:       8416 bytes,     249416 total
- age   5:         72 bytes,     249488 total
- age   6:       8288 bytes,     257776 total
- age   7:         72 bytes,     257848 total
- age   8:     222264 bytes,     480112 total
: 1693K->570K(2304K), 0.0045647 secs] 875028K->873905K(1050880K), 0.0046558 secs] [Times: user=0.02 sys=0.00, real=0.01 secs] 
46.568: [GC 46.568: [ParNew
Desired survivor size 557056 bytes, new threshold 15 (max 15)
- age   1:        376 bytes,        376 total
- age   2:        936 bytes,       1312 total
- age   3:     239784 bytes,     241096 total
- age   4:        152 bytes,     241248 total
- age   5:       8416 bytes,     249664 total
- age   6:         72 bytes,     249736 total
- age   7:       8288 bytes,     258024 total
- age   8:         72 bytes,     258096 total
- age   9:     222264 bytes,     480360 total
: 1786K->657K(2304K), 0.0046367 secs] 875121K->873991K(1050880K), 0.0047434 secs] [Times: user=0.02 sys=0.00, real=0.00 secs] 
46.574: [GC 46.574: [ParNew
Desired survivor size 557056 bytes, new threshold 10 (max 15)
- age   1:     268552 bytes,     268552 total
- age   2:        248 bytes,     268800 total
- age   3:        936 bytes,     269736 total
- age   4:     239784 bytes,     509520 total
- age   5:        152 bytes,     509672 total
- age   6:       8416 bytes,     518088 total
- age   7:         72 bytes,     518160 total
- age   8:       8288 bytes,     526448 total
- age   9:         72 bytes,     526520 total
- age  10:     222264 bytes,     748784 total
: 1873K->831K(2304K), 0.0034793 secs] 875207K->874166K(1050880K), 0.0035573 secs] [Times: user=0.01 sys=0.00, real=0.00 secs] 
46.580: [GC 46.580: [ParNew
Desired survivor size 557056 bytes, new threshold 5 (max 15)
- age   1:     183616 bytes,     183616 total
- age   2:     268512 bytes,     452128 total
- age   3:        248 bytes,     452376 total
- age   4:        936 bytes,     453312 total
- age   5:     239784 bytes,     693096 total
- age   6:        152 bytes,     693248 total
- age   7:       8416 bytes,     701664 total
- age   8:         72 bytes,     701736 total
- age   9:       8288 bytes,     710024 total
- age  10:         72 bytes,     710096 total
: 2047K->985K(2304K), 0.0037479 secs] 875382K->874536K(1050880K), 0.0038466 secs] [Times: user=0.01 sys=0.00, real=0.00 secs] 
46.586: [GC 46.586: [ParNew
Desired survivor size 557056 bytes, new threshold 2 (max 15)
- age   1:     378736 bytes,     378736 total
- age   2:     183576 bytes,     562312 total
- age   3:     268512 bytes,     830824 total
- age   4:        248 bytes,     831072 total
- age   5:        936 bytes,     832008 total
: 2201K->1088K(2304K), 0.0046867 secs] 875752K->874890K(1050880K), 0.0047644 secs] [Times: user=0.01 sys=0.00, real=0.00 secs] 
46.592: [GC 46.592: [ParNew
Desired survivor size 557056 bytes, new threshold 2 (max 15)
- age   1:     286408 bytes,     286408 total
- age   2:     378608 bytes,     665016 total
: 2304K->1088K(2304K), 0.0044803 secs] 876106K->875333K(1050880K), 0.0045592 secs] [Times: user=0.01 sys=0.01, real=0.01 secs] 
46.598: [GC 46.598: [ParNew
Desired survivor size 557056 bytes, new threshold 15 (max 15)
- age   1:        264 bytes,        264 total
- age   2:     286368 bytes,     286632 total
: 2304K->652K(2304K), 0.0044234 secs] 876549K->875267K(1050880K), 0.0045088 secs] [Times: user=0.02 sys=0.00, real=0.00 secs] 
46.605: [GC 46.606: [ParNew
Desired survivor size 557056 bytes, new threshold 15 (max 15)
- age   1:       1376 bytes,       1376 total
- age   2:        136 bytes,       1512 total
- age   3:     286368 bytes,     287880 total
: 1868K->427K(2304K), 0.0046237 secs] 876483K->875042K(1050880K), 0.0047095 secs] [Times: user=0.02 sys=0.00, real=0.00 secs] 
46.612: [GC 46.612: [ParNew
Desired survivor size 557056 bytes, new threshold 15 (max 15)
- age   1:      27976 bytes,      27976 total
- age   2:        192 bytes,      28168 total
- age   3:        136 bytes,      28304 total
- age   4:     286368 bytes,     314672 total
: 1643K->462K(2304K), 0.0038658 secs] 876258K->875077K(1050880K), 0.0039418 secs] [Times: user=0.01 sys=0.00, real=0.01 secs] 
46.617: [GC 46.617: [ParNew
Desired survivor size 557056 bytes, new threshold 15 (max 15)
- age   1:      69816 bytes,      69816 total
- age   2:      27768 bytes,      97584 total
- age   3:        192 bytes,      97776 total
- age   4:        136 bytes,      97912 total
- age   5:     286368 bytes,     384280 total
: 1678K->593K(2304K), 0.0034298 secs] 876293K->875207K(1050880K), 0.0035038 secs] [Times: user=0.01 sys=0.00, real=0.00 secs] 
46.622: [GC 46.622: [ParNew
Desired survivor size 557056 bytes, new threshold 15 (max 15)
- age   1:        328 bytes,        328 total
- age   2:      69688 bytes,      70016 total
- age   3:      27640 bytes,      97656 total
- age   4:        192 bytes,      97848 total
- age   5:         64 bytes,      97912 total
- age   6:     286368 bytes,     384280 total
: 1809K->533K(2304K), 0.0031909 secs] 876423K->875148K(1050880K), 0.0032629 secs] [Times: user=0.01 sys=0.00, real=0.01 secs] 
46.627: [GC 46.627: [ParNew
Desired survivor size 557056 bytes, new threshold 15 (max 15)
- age   1:        152 bytes,        152 total
- age   2:         72 bytes,        224 total
- age   3:      69688 bytes,      69912 total
- age   4:      27640 bytes,      97552 total
- age   5:        192 bytes,      97744 total
- age   7:     286368 bytes,     384112 total
: 1749K->648K(2304K), 0.0034226 secs] 876364K->875262K(1050880K), 0.0035159 secs] [Times: user=0.01 sys=0.00, real=0.00 secs] 
46.632: [GC 46.632: [ParNew
Desired survivor size 557056 bytes, new threshold 8 (max 15)
- age   1:     401048 bytes,     401048 total
- age   2:        120 bytes,     401168 total
- age   3:         72 bytes,     401240 total
- age   4:      69688 bytes,     470928 total
- age   5:      27640 bytes,     498568 total
- age   6:        192 bytes,     498760 total
- age   8:     286368 bytes,     785128 total
: 1864K->874K(2304K), 0.0054697 secs] 876478K->875489K(1050880K), 0.0055513 secs] [Times: user=0.01 sys=0.00, real=0.01 secs] 
46.639: [GC 46.639: [ParNew
Desired survivor size 557056 bytes, new threshold 2 (max 15)
- age   1:     256960 bytes,     256960 total
- age   2:     401008 bytes,     657968 total
- age   3:        120 bytes,     658088 total
- age   4:         72 bytes,     658160 total
- age   5:      69688 bytes,     727848 total
- age   6:      27640 bytes,     755488 total
- age   7:        192 bytes,     755680 total
: 2090K->1088K(2304K), 0.0045995 secs] 876705K->875982K(1050880K), 0.0046827 secs] [Times: user=0.01 sys=0.00, real=0.01 secs] 
46.646: [GC 46.646: [ParNew
Desired survivor size 557056 bytes, new threshold 2 (max 15)
- age   1:     325064 bytes,     325064 total
- age   2:     256928 bytes,     581992 total
: 2304K->1067K(2304K), 0.0044226 secs] 877198K->876449K(1050880K), 0.0045066 secs] [Times: user=0.01 sys=0.00, real=0.00 secs] 
46.652: [GC 46.652: [ParNew
Desired survivor size 557056 bytes, new threshold 1 (max 15)
- age   1:     579056 bytes,     579056 total
- age   2:     325064 bytes,     904120 total
: 2283K->977K(2304K), 0.0043434 secs] 877665K->876610K(1050880K), 0.0044216 secs] [Times: user=0.01 sys=0.00, real=0.01 secs] 
46.658: [GC 46.658: [ParNew
Desired survivor size 557056 bytes, new threshold 15 (max 15)
- age   1:     289888 bytes,     289888 total
: 2193K->760K(2304K), 0.0050117 secs] 877826K->877275K(1050880K), 0.0050888 secs] [Times: user=0.01 sys=0.00, real=0.00 secs] 
46.665: [GC 46.665: [ParNew
Desired survivor size 557056 bytes, new threshold 15 (max 15)
- age   1:     205072 bytes,     205072 total
- age   2:     293920 bytes,     498992 total
: 1976K->586K(2304K), 0.0033732 secs] 878491K->877101K(1050880K), 0.0034538 secs] [Times: user=0.01 sys=0.00, real=0.00 secs] 
46.670: [GC 46.670: [ParNew
Desired survivor size 557056 bytes, new threshold 3 (max 15)
- age   1:     238440 bytes,     238440 total
- age   2:     205040 bytes,     443480 total
- age   3:     289760 bytes,     733240 total
: 1802K->855K(2304K), 0.0053314 secs] 878317K->877370K(1050880K), 0.0054103 secs] [Times: user=0.02 sys=0.00, real=0.01 secs] 
46.677: [GC 46.677: [ParNew
Desired survivor size 557056 bytes, new threshold 3 (max 15)
- age   1:     282000 bytes,     282000 total
- age   2:     238440 bytes,     520440 total
- age   3:     205040 bytes,     725480 total
: 2071K->1088K(2304K), 0.0044519 secs] 878586K->877886K(1050880K), 0.0045309 secs] [Times: user=0.02 sys=0.00, real=0.00 secs] 
46.683: [GC 46.683: [ParNew
Desired survivor size 557056 bytes, new threshold 3 (max 15)
- age   1:     166224 bytes,     166224 total
- age   2:     281928 bytes,     448152 total
- age   3:     238440 bytes,     686592 total
: 2304K->1088K(2304K), 0.0044252 secs] 879102K->878086K(1050880K), 0.0045378 secs] [Times: user=0.02 sys=0.00, real=0.01 secs] 
46.688: [GC 46.688: [ParNew
Desired survivor size 557056 bytes, new threshold 15 (max 15)
- age   1:        328 bytes,        328 total
- age   2:     166112 bytes,     166440 total
- age   3:     281928 bytes,     448368 total
: 2304K->845K(2304K), 0.0044516 secs] 879302K->878076K(1050880K), 0.0045375 secs] [Times: user=0.02 sys=0.00, real=0.00 secs] 
46.694: [GC 46.694: [ParNew
Desired survivor size 557056 bytes, new threshold 15 (max 15)
- age   1:        208 bytes,        208 total
- age   2:        128 bytes,        336 total
- age   3:     166112 bytes,     166448 total
- age   4:     281928 bytes,     448376 total
: 2061K->583K(2304K), 0.0032932 secs] 879292K->877814K(1050880K), 0.0033662 secs] [Times: user=0.01 sys=0.00, real=0.00 secs] 
46.699: [GC 46.699: [ParNew
Desired survivor size 557056 bytes, new threshold 15 (max 15)
- age   1:        288 bytes,        288 total
- age   2:         40 bytes,        328 total
- age   3:        128 bytes,        456 total
- age   4:     166112 bytes,     166568 total
- age   5:     281928 bytes,     448496 total
: 1799K->617K(2304K), 0.0033733 secs] 879030K->877848K(1050880K), 0.0034595 secs] [Times: user=0.01 sys=0.00, real=0.00 secs] 
46.704: [GC 46.704: [ParNew
Desired survivor size 557056 bytes, new threshold 15 (max 15)
- age   1:         64 bytes,         64 total
- age   2:        256 bytes,        320 total
- age   3:         40 bytes,        360 total
- age   4:        128 bytes,        488 total
- age   5:     166112 bytes,     166600 total
- age   6:     281928 bytes,     448528 total
: 1833K->647K(2304K), 0.0060574 secs] 879064K->877878K(1050880K), 0.0061329 secs] [Times: user=0.02 sys=0.00, real=0.00 secs] 
46.712: [GC 46.712: [ParNew
Desired survivor size 557056 bytes, new threshold 15 (max 15)
- age   1:      91520 bytes,      91520 total
- age   2:         32 bytes,      91552 total
- age   3:        256 bytes,      91808 total
- age   5:        128 bytes,      91936 total
- age   6:     166152 bytes,     258088 total
- age   7:     281928 bytes,     540016 total
: 1863K->872K(2304K), 0.0036548 secs] 879094K->878104K(1050880K), 0.0037311 secs] [Times: user=0.01 sys=0.00, real=0.01 secs] 
46.717: [GC 46.717: [ParNew
Desired survivor size 557056 bytes, new threshold 15 (max 15)
- age   1:        216 bytes,        216 total
- age   2:      91408 bytes,      91624 total
- age   3:         32 bytes,      91656 total
- age   4:        256 bytes,      91912 total
- age   6:        128 bytes,      92040 total
- age   7:     166112 bytes,     258152 total
- age   8:     281928 bytes,     540080 total
: 2088K->756K(2304K), 0.0036006 secs] 879320K->877988K(1050880K), 0.0036715 secs] [Times: user=0.01 sys=0.01, real=0.00 secs] 
46.722: [GC 46.722: [ParNew
Desired survivor size 557056 bytes, new threshold 9 (max 15)
- age   1:     203504 bytes,     203504 total
- age   2:         72 bytes,     203576 total
- age   3:      91408 bytes,     294984 total
- age   4:         32 bytes,     295016 total
- age   5:        256 bytes,     295272 total
- age   7:        128 bytes,     295400 total
- age   8:     166112 bytes,     461512 total
- age   9:     281928 bytes,     743440 total
: 1972K->1043K(2304K), 0.0045837 secs] 879204K->878274K(1050880K), 0.0046663 secs] [Times: user=0.02 sys=0.00, real=0.01 secs] 
46.729: [GC 46.729: [ParNew
Desired survivor size 557056 bytes, new threshold 2 (max 15)
- age   1:     480136 bytes,     480136 total
- age   2:     203368 bytes,     683504 total
- age   4:      91408 bytes,     774912 total
- age   5:         32 bytes,     774944 total
- age   6:        256 bytes,     775200 total
- age   8:        128 bytes,     775328 total
- age   9:     166112 bytes,     941440 total
: 2259K->1088K(2304K), 0.0061170 secs] 879490K->878594K(1050880K), 0.0062462 secs] [Times: user=0.02 sys=0.00, real=0.01 secs] 
46.740: [GC 46.740: [ParNew
Desired survivor size 557056 bytes, new threshold 1 (max 15)
- age   1:    1000568 bytes,    1000568 total
- age   2:     113256 bytes,    1113824 total
: 2304K->1088K(2304K), 0.0069701 secs] 879810K->879413K(1050880K), 0.0070662 secs] [Times: user=0.02 sys=0.00, real=0.01 secs] 
46.749: [GC 46.749: [ParNew
Desired survivor size 557056 bytes, new threshold 15 (max 15)
- age   1:     475648 bytes,     475648 total
: 2304K->1088K(2304K), 0.0055309 secs] 880629K->880500K(1050880K), 0.0056239 secs] [Times: user=0.02 sys=0.00, real=0.01 secs] 
46.755: [GC 46.755: [ParNew
Desired survivor size 557056 bytes, new threshold 1 (max 15)
- age   1:     637048 bytes,     637048 total
- age   2:     475648 bytes,    1112696 total
: 2304K->1088K(2304K), 0.0068710 secs] 881716K->881063K(1050880K), 0.0069447 secs] [Times: user=0.02 sys=0.00, real=0.00 secs] 
46.764: [GC 46.764: [ParNew
Desired survivor size 557056 bytes, new threshold 1 (max 15)
- age   1:     967024 bytes,     967024 total
: 2304K->1088K(2304K), 0.0079621 secs] 882279K->882386K(1050880K), 0.0080684 secs] [Times: user=0.02 sys=0.00, real=0.01 secs] 
46.774: [GC 46.774: [ParNew
Desired survivor size 557056 bytes, new threshold 1 (max 15)
- age   1:     617536 bytes,     617536 total
: 2304K->1088K(2304K), 0.0049236 secs] 883602K->883330K(1050880K), 0.0050026 secs] [Times: user=0.02 sys=0.01, real=0.01 secs] 
46.780: [GC 46.780: [ParNew
Desired survivor size 557056 bytes, new threshold 15 (max 15)
- age   1:     286568 bytes,     286568 total
: 2304K->576K(2304K), 0.0048539 secs] 884546K->883421K(1050880K), 0.0049480 secs] [Times: user=0.01 sys=0.00, real=0.01 secs] 
46.788: [GC 46.788: [ParNew
Desired survivor size 557056 bytes, new threshold 2 (max 15)
- age   1:     442648 bytes,     442648 total
- age   2:     286568 bytes,     729216 total
: 1792K->825K(2304K), 0.0044389 secs] 884637K->883671K(1050880K), 0.0045223 secs] [Times: user=0.01 sys=0.00, real=0.00 secs] 
46.794: [GC 46.794: [ParNew
Desired survivor size 557056 bytes, new threshold 2 (max 15)
- age   1:     263360 bytes,     263360 total
- age   2:     442648 bytes,     706008 total
: 2041K->1031K(2304K), 0.0042972 secs] 884887K->884156K(1050880K), 0.0043748 secs] [Times: user=0.02 sys=0.00, real=0.00 secs] 
46.800: [GC 46.800: [ParNew
Desired survivor size 557056 bytes, new threshold 15 (max 15)
- age   1:        232 bytes,        232 total
- age   2:     263232 bytes,     263464 total
: 2247K->830K(2304K), 0.0042606 secs] 885372K->884388K(1050880K), 0.0043508 secs] [Times: user=0.02 sys=0.00, real=0.01 secs] 
46.806: [GC 46.806: [ParNew
Desired survivor size 557056 bytes, new threshold 15 (max 15)
- age   1:     224384 bytes,     224384 total
- age   2:        160 bytes,     224544 total
- age   3:     263232 bytes,     487776 total
: 2046K->633K(2304K), 0.0036302 secs] 885604K->884191K(1050880K), 0.0037141 secs] [Times: user=0.01 sys=0.00, real=0.00 secs] 
46.812: [GC 46.812: [ParNew
Desired survivor size 557056 bytes, new threshold 2 (max 15)
- age   1:     415048 bytes,     415048 total
- age   2:     224384 bytes,     639432 total
- age   3:        160 bytes,     639592 total
- age   4:     263232 bytes,     902824 total
: 1849K->1088K(2304K), 0.0036974 secs] 885407K->884645K(1050880K), 0.0037800 secs] [Times: user=0.01 sys=0.00, real=0.01 secs] 
46.817: [GC 46.817: [ParNew
Desired survivor size 557056 bytes, new threshold 15 (max 15)
- age   1:     103952 bytes,     103952 total
- age   2:     414976 bytes,     518928 total
: 2304K->956K(2304K), 0.0044363 secs] 885861K->884990K(1050880K), 0.0045187 secs] [Times: user=0.01 sys=0.00, real=0.00 secs] 
46.824: [GC 46.824: [ParNew
Desired survivor size 557056 bytes, new threshold 3 (max 15)
- age   1:     441920 bytes,     441920 total
- age   2:     103952 bytes,     545872 total
- age   3:     414976 bytes,     960848 total
: 2172K->1088K(2304K), 0.0037464 secs] 886206K->885123K(1050880K), 0.0038293 secs] [Times: user=0.01 sys=0.00, real=0.01 secs] 
46.829: [GC 46.829: [ParNew
Desired survivor size 557056 bytes, new threshold 2 (max 15)
- age   1:     249368 bytes,     249368 total
- age   2:     377808 bytes,     627176 total
- age   3:     103952 bytes,     731128 total
: 2304K->1088K(2304K), 0.0050432 secs] 886339K->885590K(1050880K), 0.0051559 secs] [Times: user=0.01 sys=0.01, real=0.01 secs] 
46.836: [GC 46.836: [ParNew
Desired survivor size 557056 bytes, new threshold 15 (max 15)
- age   1:     248416 bytes,     248416 total
- age   2:     249296 bytes,     497712 total
: 2304K->1088K(2304K), 0.0045064 secs] 886806K->886061K(1050880K), 0.0045843 secs] [Times: user=0.01 sys=0.00, real=0.00 secs] 
46.842: [GC 46.842: [ParNew
Desired survivor size 557056 bytes, new threshold 3 (max 15)
- age   1:     266192 bytes,     266192 total
- age   2:     248416 bytes,     514608 total
- age   3:     249296 bytes,     763904 total
: 2304K->915K(2304K), 0.0044516 secs] 887277K->885888K(1050880K), 0.0045283 secs] [Times: user=0.01 sys=0.00, real=0.01 secs] 
46.848: [GC 46.848: [ParNew
Desired survivor size 557056 bytes, new threshold 3 (max 15)
- age   1:     235264 bytes,     235264 total
- age   2:     266120 bytes,     501384 total
- age   3:     248416 bytes,     749800 total
: 2131K->1088K(2304K), 0.0039755 secs] 887104K->886304K(1050880K), 0.0040530 secs] [Times: user=0.02 sys=0.00, real=0.00 secs] 
46.853: [GC 46.853: [ParNew
Desired survivor size 557056 bytes, new threshold 2 (max 15)
- age   1:     476896 bytes,     476896 total
- age   2:     235264 bytes,     712160 total
- age   3:     226904 bytes,     939064 total
: 2304K->1088K(2304K), 0.0049060 secs] 887520K->886750K(1050880K), 0.0049970 secs] [Times: user=0.02 sys=0.00, real=0.01 secs] 
46.861: [GC 46.861: [ParNew
Desired survivor size 557056 bytes, new threshold 2 (max 15)
- age   1:     439952 bytes,     439952 total
- age   2:     455776 bytes,     895728 total
: 2304K->1088K(2304K), 0.0050207 secs] 887966K->887282K(1050880K), 0.0051063 secs] [Times: user=0.01 sys=0.00, real=0.01 secs] 
46.867: [GC 46.867: [ParNew
Desired survivor size 557056 bytes, new threshold 15 (max 15)
- age   1:        240 bytes,        240 total
- age   2:     439912 bytes,     440152 total
: 2304K->1088K(2304K), 0.0046420 secs] 888498K->887728K(1050880K), 0.0047194 secs] [Times: user=0.01 sys=0.00, real=0.00 secs] 
46.873: [GC 46.873: [ParNew
Desired survivor size 557056 bytes, new threshold 3 (max 15)
- age   1:     338856 bytes,     338856 total
- age   2:        168 bytes,     339024 total
- age   3:     439912 bytes,     778936 total
: 2304K->895K(2304K), 0.0041295 secs] 888944K->887535K(1050880K), 0.0042170 secs] [Times: user=0.01 sys=0.00, real=0.01 secs] 
46.879: [GC 46.879: [ParNew
Desired survivor size 557056 bytes, new threshold 1 (max 15)
- age   1:     608992 bytes,     608992 total
- age   2:     338792 bytes,     947784 total
- age   3:        168 bytes,     947952 total
: 2111K->1088K(2304K), 0.0051015 secs] 888751K->888157K(1050880K), 0.0051886 secs] [Times: user=0.02 sys=0.00, real=0.01 secs] 
46.886: [GC 46.886: [ParNew
Desired survivor size 557056 bytes, new threshold 15 (max 15)
- age   1:     440600 bytes,     440600 total
: 2304K->857K(2304K), 0.0055009 secs] 889373K->888852K(1050880K), 0.0055829 secs] [Times: user=0.01 sys=0.01, real=0.00 secs] 
46.893: [GC 46.893: [ParNew
Desired survivor size 557056 bytes, new threshold 15 (max 15)
- age   1:        584 bytes,        584 total
- age   2:     440560 bytes,     441144 total
: 2073K->563K(2304K), 0.0064905 secs] 890068K->888558K(1050880K), 0.0065766 secs] [Times: user=0.01 sys=0.00, real=0.01 secs] 
46.901: [GC 46.901: [ParNew
Desired survivor size 557056 bytes, new threshold 3 (max 15)
- age   1:     311512 bytes,     311512 total
- age   2:        512 bytes,     312024 total
- age   3:     440560 bytes,     752584 total
: 1779K->1042K(2304K), 0.0036375 secs] 889774K->889037K(1050880K), 0.0037136 secs] [Times: user=0.01 sys=0.00, real=0.01 secs] 
46.906: [GC 46.906: [ParNew
Desired survivor size 557056 bytes, new threshold 15 (max 15)
- age   1:     212144 bytes,     212144 total
- age   2:     311384 bytes,     523528 total
- age   3:        512 bytes,     524040 total
: 2258K->983K(2304K), 0.0044705 secs] 890253K->889408K(1050880K), 0.0045950 secs] [Times: user=0.01 sys=0.00, real=0.00 secs] 
46.914: [GC 46.914: [ParNew
Desired survivor size 557056 bytes, new threshold 15 (max 15)
- age   1:        320 bytes,        320 total
- age   2:     212104 bytes,     212424 total
- age   3:     311384 bytes,     523808 total
- age   4:        392 bytes,     524200 total
: 2199K->711K(2304K), 0.0052105 secs] 890624K->889136K(1050880K), 0.0053065 secs] [Times: user=0.01 sys=0.00, real=0.01 secs] 
46.921: [GC 46.921: [ParNew
Desired survivor size 557056 bytes, new threshold 15 (max 15)
- age   1:        416 bytes,        416 total
- age   2:        160 bytes,        576 total
- age   3:     212104 bytes,     212680 total
- age   4:     311384 bytes,     524064 total
- age   5:        392 bytes,     524456 total
: 1927K->827K(2304K), 0.0035070 secs] 890352K->889252K(1050880K), 0.0035834 secs] [Times: user=0.02 sys=0.00, real=0.01 secs] 
46.926: [GC 46.926: [ParNew
Desired survivor size 557056 bytes, new threshold 5 (max 15)
- age   1:     258272 bytes,     258272 total
- age   2:        272 bytes,     258544 total
- age   3:        160 bytes,     258704 total
- age   4:     212104 bytes,     470808 total
- age   5:     311384 bytes,     782192 total
- age   6:        392 bytes,     782584 total
: 2043K->1004K(2304K), 0.0035438 secs] 890468K->889430K(1050880K), 0.0036211 secs] [Times: user=0.01 sys=0.00, real=0.00 secs] 
46.931: [GC 46.931: [ParNew
Desired survivor size 557056 bytes, new threshold 5 (max 15)
- age   1:     164888 bytes,     164888 total
- age   2:     258200 bytes,     423088 total
- age   3:        272 bytes,     423360 total
- age   4:        160 bytes,     423520 total
- age   5:     212104 bytes,     635624 total
: 2220K->873K(2304K), 0.0046225 secs] 890646K->889603K(1050880K), 0.0046973 secs] [Times: user=0.01 sys=0.00, real=0.01 secs] 
46.938: [GC 46.938: [ParNew
Desired survivor size 557056 bytes, new threshold 15 (max 15)
- age   1:      32728 bytes,      32728 total
- age   2:     164888 bytes,     197616 total
- age   3:     258128 bytes,     455744 total
- age   4:        144 bytes,     455888 total
- age   5:        160 bytes,     456048 total
: 2089K->800K(2304K), 0.0044199 secs] 890819K->889737K(1050880K), 0.0045167 secs] [Times: user=0.01 sys=0.00, real=0.00 secs] 
46.944: [GC 46.944: [ParNew
Desired survivor size 557056 bytes, new threshold 15 (max 15)
- age   1:        112 bytes,        112 total
- age   2:      32568 bytes,      32680 total
- age   3:     164888 bytes,     197568 total
- age   4:     258128 bytes,     455696 total
- age   5:        144 bytes,     455840 total
- age   6:        160 bytes,     456000 total
: 2016K->572K(2304K), 0.0044431 secs] 890953K->889509K(1050880K), 0.0045262 secs] [Times: user=0.01 sys=0.00, real=0.01 secs] 
46.950: [GC 46.950: [ParNew
Desired survivor size 557056 bytes, new threshold 5 (max 15)
- age   1:     276256 bytes,     276256 total
- age   2:         72 bytes,     276328 total
- age   3:      32568 bytes,     308896 total
- age   4:     164888 bytes,     473784 total
- age   5:     258128 bytes,     731912 total
- age   6:        144 bytes,     732056 total
- age   7:        160 bytes,     732216 total
: 1788K->831K(2304K), 0.0046140 secs] 890725K->889768K(1050880K), 0.0046978 secs] [Times: user=0.01 sys=0.01, real=0.01 secs] 
46.956: [GC 46.956: [ParNew
Desired survivor size 557056 bytes, new threshold 15 (max 15)
- age   1:        136 bytes,        136 total
- age   2:     276128 bytes,     276264 total
- age   3:         72 bytes,     276336 total
- age   4:      32568 bytes,     308904 total
- age   5:     164888 bytes,     473792 total
: 2047K->960K(2304K), 0.0041220 secs] 890984K->890149K(1050880K), 0.0042030 secs] [Times: user=0.01 sys=0.00, real=0.00 secs] 
46.962: [GC 46.962: [ParNew
Desired survivor size 557056 bytes, new threshold 3 (max 15)
- age   1:     348672 bytes,     348672 total
- age   2:        104 bytes,     348776 total
- age   3:     276128 bytes,     624904 total
- age   4:         72 bytes,     624976 total
- age   5:      32568 bytes,     657544 total
- age   6:     164888 bytes,     822432 total
: 2176K->917K(2304K), 0.0038163 secs] 891365K->890106K(1050880K), 0.0039283 secs] [Times: user=0.01 sys=0.00, real=0.01 secs] 
46.967: [GC 46.967: [ParNew
Desired survivor size 557056 bytes, new threshold 2 (max 15)
- age   1:     409936 bytes,     409936 total
- age   2:     348600 bytes,     758536 total
- age   3:        104 bytes,     758640 total
: 2133K->1088K(2304K), 0.0051706 secs] 891322K->890739K(1050880K), 0.0052590 secs] [Times: user=0.02 sys=0.00, real=0.00 secs] 
46.974: [GC 46.974: [ParNew
Desired survivor size 557056 bytes, new threshold 1 (max 15)
- age   1:     595424 bytes,     595424 total
- age   2:     366752 bytes,     962176 total
: 2304K->1088K(2304K), 0.0054288 secs] 891955K->891283K(1050880K), 0.0055149 secs] [Times: user=0.02 sys=0.00, real=0.01 secs] 
46.981: [GC 46.981: [ParNew
Desired survivor size 557056 bytes, new threshold 15 (max 15)
- age   1:     341088 bytes,     341088 total
: 2304K->911K(2304K), 0.0053581 secs] 892499K->892046K(1050880K), 0.0054433 secs] [Times: user=0.01 sys=0.00, real=0.01 secs] 
46.988: [GC 46.988: [ParNew
Desired survivor size 557056 bytes, new threshold 1 (max 15)
- age   1:     608880 bytes,     608880 total
- age   2:     340952 bytes,     949832 total
: 2127K->1088K(2304K), 0.0041492 secs] 893262K->892223K(1050880K), 0.0042291 secs] [Times: user=0.01 sys=0.00, real=0.00 secs] 
46.993: [GC 46.993: [ParNew
Desired survivor size 557056 bytes, new threshold 15 (max 15)
- age   1:     411464 bytes,     411464 total
: 2304K->960K(2304K), 0.0055796 secs] 893439K->893013K(1050880K), 0.0056535 secs] [Times: user=0.02 sys=0.00, real=0.01 secs] 
47.000: [GC 47.000: [ParNew
Desired survivor size 557056 bytes, new threshold 15 (max 15)
- age   1:        184 bytes,        184 total
- age   2:     411392 bytes,     411576 total
: 2176K->599K(2304K), 0.0036478 secs] 894229K->892652K(1050880K), 0.0037299 secs] [Times: user=0.01 sys=0.00, real=0.00 secs] 
47.005: [GC 47.006: [ParNew
Desired survivor size 557056 bytes, new threshold 3 (max 15)
- age   1:     536048 bytes,     536048 total
- age   2:        112 bytes,     536160 total
- age   3:     411392 bytes,     947552 total
: 1815K->1064K(2304K), 0.0037463 secs] 893868K->893117K(1050880K), 0.0038270 secs] [Times: user=0.01 sys=0.00, real=0.00 secs] 
47.011: [GC 47.011: [ParNew
Desired survivor size 557056 bytes, new threshold 2 (max 15)
- age   1:     237128 bytes,     237128 total
- age   2:     536048 bytes,     773176 total
- age   3:        112 bytes,     773288 total
: 2280K->1088K(2304K), 0.0057456 secs] 894333K->893542K(1050880K), 0.0058264 secs] [Times: user=0.01 sys=0.00, real=0.01 secs] 
47.018: [GC 47.018: [ParNew
Desired survivor size 557056 bytes, new threshold 15 (max 15)
- age   1:        392 bytes,        392 total
- age   2:     237056 bytes,     237448 total
: 2304K->955K(2304K), 0.0045298 secs] 894758K->893933K(1050880K), 0.0046063 secs] [Times: user=0.02 sys=0.00, real=0.00 secs] 
47.024: [GC 47.024: [ParNew
Desired survivor size 557056 bytes, new threshold 15 (max 15)
- age   1:        296 bytes,        296 total
- age   2:        264 bytes,        560 total
- age   3:     237056 bytes,     237616 total
: 2171K->373K(2304K), 0.0034930 secs] 895149K->893351K(1050880K), 0.0035762 secs] [Times: user=0.02 sys=0.00, real=0.01 secs] 
47.029: [GC 47.029: [ParNew
Desired survivor size 557056 bytes, new threshold 15 (max 15)
- age   1:     119296 bytes,     119296 total
- age   2:        168 bytes,     119464 total
- age   3:        264 bytes,     119728 total
- age   4:     237056 bytes,     356784 total
: 1589K->472K(2304K), 0.0034104 secs] 894567K->893450K(1050880K), 0.0034955 secs] [Times: user=0.01 sys=0.00, real=0.00 secs] 
47.035: [GC 47.035: [ParNew
Desired survivor size 557056 bytes, new threshold 1 (max 15)
- age   1:     641776 bytes,     641776 total
- age   2:     119264 bytes,     761040 total
- age   4:        264 bytes,     761304 total
- age   5:     237056 bytes,     998360 total
: 1688K->1088K(2304K), 0.0037770 secs] 894666K->894068K(1050880K), 0.0038944 secs] [Times: user=0.01 sys=0.00, real=0.00 secs] 
47.040: [GC 47.040: [ParNew
Desired survivor size 557056 bytes, new threshold 15 (max 15)
- age   1:        288 bytes,        288 total
: 2304K->202K(2304K), 0.0063065 secs] 895284K->894158K(1050880K), 0.0063816 secs] [Times: user=0.01 sys=0.00, real=0.01 secs] 
47.048: [GC 47.048: [ParNew
Desired survivor size 557056 bytes, new threshold 15 (max 15)
- age   1:     267280 bytes,     267280 total
- age   2:        160 bytes,     267440 total
: 1418K->355K(2304K), 0.0032627 secs] 895374K->894310K(1050880K), 0.0033479 secs] [Times: user=0.01 sys=0.00, real=0.00 secs] 
47.053: [GC 47.053: [ParNew
Desired survivor size 557056 bytes, new threshold 15 (max 15)
- age   1:        200 bytes,        200 total
- age   2:     267152 bytes,     267352 total
- age   3:        160 bytes,     267512 total
: 1571K->431K(2304K), 0.0039720 secs] 895526K->894386K(1050880K), 0.0040479 secs] [Times: user=0.02 sys=0.00, real=0.01 secs] 
47.059: [GC 47.059: [ParNew
Desired survivor size 557056 bytes, new threshold 3 (max 15)
- age   1:     355080 bytes,     355080 total
- age   2:        128 bytes,     355208 total
- age   3:     267152 bytes,     622360 total
- age   4:        160 bytes,     622520 total
: 1647K->772K(2304K), 0.0048940 secs] 895602K->894728K(1050880K), 0.0049876 secs] [Times: user=0.02 sys=0.00, real=0.01 secs] 
47.066: [GC 47.066: [ParNew
Desired survivor size 557056 bytes, new threshold 15 (max 15)
- age   1:        384 bytes,        384 total
- age   2:     355008 bytes,     355392 total
- age   3:        128 bytes,     355520 total
: 1988K->650K(2304K), 0.0041630 secs] 895944K->894866K(1050880K), 0.0042469 secs] [Times: user=0.01 sys=0.00, real=0.00 secs] 
47.072: [GC 47.072: [ParNew
Desired survivor size 557056 bytes, new threshold 15 (max 15)
- age   1:        208 bytes,        208 total
- age   2:        256 bytes,        464 total
- age   3:     355008 bytes,     355472 total
- age   4:        128 bytes,     355600 total
: 1866K->520K(2304K), 0.0047100 secs] 896082K->894736K(1050880K), 0.0047951 secs] [Times: user=0.01 sys=0.00, real=0.01 secs] 
47.078: [GC 47.078: [ParNew
Desired survivor size 557056 bytes, new threshold 15 (max 15)
- age   1:        336 bytes,        336 total
- age   2:        136 bytes,        472 total
- age   3:        256 bytes,        728 total
- age   4:     355008 bytes,     355736 total
- age   5:        128 bytes,     355864 total
: 1736K->569K(2304K), 0.0037100 secs] 895952K->894785K(1050880K), 0.0037906 secs] [Times: user=0.01 sys=0.00, real=0.00 secs] 
47.085: [GC 47.085: [ParNew
Desired survivor size 557056 bytes, new threshold 1 (max 15)
- age   1:     768088 bytes,     768088 total
- age   2:        208 bytes,     768296 total
- age   3:        136 bytes,     768432 total
- age   4:        256 bytes,     768688 total
- age   5:     234672 bytes,    1003360 total
- age   6:        128 bytes,    1003488 total
: 1785K->1088K(2304K), 0.0176595 secs] 896001K->895493K(1050880K), 0.0177682 secs] [Times: user=0.02 sys=0.00, real=0.01 secs] 
47.106: [GC 47.106: [ParNew
Desired survivor size 557056 bytes, new threshold 1 (max 15)
- age   1:    1023952 bytes,    1023952 total
: 2304K->1088K(2304K), 0.0068800 secs] 896709K->896583K(1050880K), 0.0069609 secs] [Times: user=0.02 sys=0.00, real=0.00 secs] 
47.115: [GC 47.115: [ParNew
Desired survivor size 557056 bytes, new threshold 15 (max 15)
- age   1:     296864 bytes,     296864 total
: 2304K->955K(2304K), 0.0056756 secs] 897799K->897450K(1050880K), 0.0057781 secs] [Times: user=0.02 sys=0.00, real=0.00 secs] 
47.124: [GC 47.124: [ParNew
Desired survivor size 557056 bytes, new threshold 1 (max 15)
- age   1:     804872 bytes,     804872 total
- age   2:     292336 bytes,    1097208 total
: 2171K->1088K(2304K), 0.0041102 secs] 898666K->897612K(1050880K), 0.0041930 secs] [Times: user=0.02 sys=0.00, real=0.00 secs] 
47.130: [GC 47.130: [ParNew
Desired survivor size 557056 bytes, new threshold 15 (max 15)
- age   1:     506560 bytes,     506560 total
: 2304K->1026K(2304K), 0.0067026 secs] 898828K->898622K(1050880K), 0.0068354 secs] [Times: user=0.02 sys=0.01, real=0.01 secs] 
47.139: [GC 47.139: [ParNew
Desired survivor size 557056 bytes, new threshold 2 (max 15)
- age   1:     436352 bytes,     436352 total
- age   2:     506560 bytes,     942912 total
: 2242K->1074K(2304K), 0.0045048 secs] 899838K->898670K(1050880K), 0.0045853 secs] [Times: user=0.01 sys=0.00, real=0.00 secs] 
47.145: [GC 47.145: [ParNew
Desired survivor size 557056 bytes, new threshold 15 (max 15)
- age   1:        240 bytes,        240 total
- age   2:     436288 bytes,     436528 total
: 2290K->985K(2304K), 0.0041677 secs] 899886K->899075K(1050880K), 0.0042414 secs] [Times: user=0.02 sys=0.00, real=0.00 secs] 
47.151: [GC 47.151: [ParNew
Desired survivor size 557056 bytes, new threshold 15 (max 15)
- age   1:        232 bytes,        232 total
- age   2:        168 bytes,        400 total
- age   3:     436288 bytes,     436688 total
: 2201K->624K(2304K), 0.0035632 secs] 900291K->898715K(1050880K), 0.0036464 secs] [Times: user=0.02 sys=0.00, real=0.01 secs] 
47.156: [GC 47.156: [ParNew
Desired survivor size 557056 bytes, new threshold 15 (max 15)
- age   1:        112 bytes,        112 total
- age   2:        104 bytes,        216 total
- age   3:        168 bytes,        384 total
- age   4:     436288 bytes,     436672 total
: 1840K->613K(2304K), 0.0045078 secs] 899931K->898704K(1050880K), 0.0046025 secs] [Times: user=0.01 sys=0.00, real=0.00 secs] 
47.162: [GC 47.163: [ParNew
Desired survivor size 557056 bytes, new threshold 5 (max 15)
- age   1:     398888 bytes,     398888 total
- age   2:         72 bytes,     398960 total
- age   3:        104 bytes,     399064 total
- age   4:        168 bytes,     399232 total
- age   5:     436288 bytes,     835520 total
: 1829K->949K(2304K), 0.0037145 secs] 899920K->899040K(1050880K), 0.0037976 secs] [Times: user=0.01 sys=0.00, real=0.01 secs] 
47.168: [GC 47.168: [ParNew
Desired survivor size 557056 bytes, new threshold 2 (max 15)
- age   1:     250136 bytes,     250136 total
- age   2:     398768 bytes,     648904 total
- age   3:         72 bytes,     648976 total
- age   4:        104 bytes,     649080 total
- age   5:        168 bytes,     649248 total
: 2165K->896K(2304K), 0.0049328 secs] 900256K->899413K(1050880K), 0.0050171 secs] [Times: user=0.01 sys=0.00, real=0.00 secs] 
47.174: [GC 47.174: [ParNew
Desired survivor size 557056 bytes, new threshold 1 (max 15)
- age   1:     644520 bytes,     644520 total
- age   2:     245888 bytes,     890408 total
: 2112K->1088K(2304K), 0.0058131 secs] 900629K->900026K(1050880K), 0.0059020 secs] [Times: user=0.01 sys=0.00, real=0.00 secs] 
47.181: [GC 47.181: [ParNew
Desired survivor size 557056 bytes, new threshold 15 (max 15)
- age   1:     392928 bytes,     392928 total
: 2304K->815K(2304K), 0.0051415 secs] 901242K->900624K(1050880K), 0.0052139 secs] [Times: user=0.01 sys=0.00, real=0.01 secs] 
47.188: [GC 47.189: [ParNew
Desired survivor size 557056 bytes, new threshold 15 (max 15)
- age   1:      17352 bytes,      17352 total
- age   2:     392888 bytes,     410240 total
: 2031K->608K(2304K), 0.0054382 secs] 901840K->900417K(1050880K), 0.0055299 secs] [Times: user=0.01 sys=0.00, real=0.01 secs] 
47.196: [GC 47.196: [ParNew
Desired survivor size 557056 bytes, new threshold 15 (max 15)
- age   1:        384 bytes,        384 total
- age   2:      17224 bytes,      17608 total
- age   3:     392888 bytes,     410496 total
: 1824K->581K(2304K), 0.0048801 secs] 901633K->900389K(1050880K), 0.0049590 secs] [Times: user=0.01 sys=0.01, real=0.00 secs] 
47.202: [GC 47.202: [ParNew
Desired survivor size 557056 bytes, new threshold 1 (max 15)
- age   1:     618552 bytes,     618552 total
- age   2:        256 bytes,     618808 total
- age   3:      16984 bytes,     635792 total
- age   4:     382408 bytes,    1018200 total
: 1797K->1088K(2304K), 0.0041520 secs] 901605K->900906K(1050880K), 0.0042337 secs] [Times: user=0.01 sys=0.00, real=0.01 secs] 
47.208: [GC 47.209: [ParNew
Desired survivor size 557056 bytes, new threshold 1 (max 15)
- age   1:     590656 bytes,     590656 total
: 2304K->1056K(2304K), 0.0060804 secs] 902122K->901869K(1050880K), 0.0061730 secs] [Times: user=0.02 sys=0.00, real=0.01 secs] 
47.216: [GC 47.217: [ParNew
Desired survivor size 557056 bytes, new threshold 1 (max 15)
- age   1:    1105208 bytes,    1105208 total
: 2272K->1088K(2304K), 0.0051752 secs] 903085K->902562K(1050880K), 0.0052549 secs] [Times: user=0.02 sys=0.00, real=0.00 secs] 
47.223: [GC 47.223: [ParNew
Desired survivor size 557056 bytes, new threshold 15 (max 15)
- age   1:     242192 bytes,     242192 total
: 2304K->916K(2304K), 0.0060803 secs] 903778K->903469K(1050880K), 0.0061644 secs] [Times: user=0.01 sys=0.00, real=0.01 secs] 
47.231: [GC 47.231: [ParNew
Desired survivor size 557056 bytes, new threshold 15 (max 15)
- age   1:        200 bytes,        200 total
- age   2:     242120 bytes,     242320 total
: 2132K->432K(2304K), 0.0032313 secs] 904685K->902985K(1050880K), 0.0033006 secs] [Times: user=0.01 sys=0.00, real=0.00 secs] 
47.235: [GC 47.235: [ParNew
Desired survivor size 557056 bytes, new threshold 15 (max 15)
- age   1:     261120 bytes,     261120 total
- age   2:         72 bytes,     261192 total
- age   3:     242120 bytes,     503312 total
: 1648K->562K(2304K), 0.0034693 secs] 904201K->903116K(1050880K), 0.0035426 secs] [Times: user=0.02 sys=0.00, real=0.00 secs] 
47.241: [GC 47.241: [ParNew
Desired survivor size 557056 bytes, new threshold 1 (max 15)
- age   1:     569064 bytes,     569064 total
- age   2:     261120 bytes,     830184 total
- age   3:         72 bytes,     830256 total
- age   4:     236400 bytes,    1066656 total
: 1778K->1088K(2304K), 0.0051132 secs] 904332K->903724K(1050880K), 0.0051943 secs] [Times: user=0.02 sys=0.00, real=0.01 secs] 
47.247: [GC 47.247: [ParNew
Desired survivor size 557056 bytes, new threshold 15 (max 15)
- age   1:        224 bytes,        224 total
: 2304K->662K(2304K), 0.0049669 secs] 904940K->904340K(1050880K), 0.0050495 secs] [Times: user=0.02 sys=0.00, real=0.00 secs] 
47.254: [GC 47.254: [ParNew
Desired survivor size 557056 bytes, new threshold 15 (max 15)
- age   1:     286448 bytes,     286448 total
- age   2:        152 bytes,     286600 total
: 1878K->497K(2304K), 0.0036416 secs] 905556K->904174K(1050880K), 0.0037225 secs] [Times: user=0.02 sys=0.00, real=0.01 secs] 
47.259: [GC 47.259: [ParNew
Desired survivor size 557056 bytes, new threshold 15 (max 15)
- age   1:        240 bytes,        240 total
- age   2:     286376 bytes,     286616 total
- age   3:        152 bytes,     286768 total
: 1713K->400K(2304K), 0.0045311 secs] 905390K->904078K(1050880K), 0.0046074 secs] [Times: user=0.01 sys=0.00, real=0.01 secs] 
47.266: [GC 47.266: [ParNew
Desired survivor size 557056 bytes, new threshold 3 (max 15)
- age   1:     516704 bytes,     516704 total
- age   2:        120 bytes,     516824 total
- age   3:     286376 bytes,     803200 total
- age   4:        152 bytes,     803352 total
: 1616K->937K(2304K), 0.0038075 secs] 905294K->904615K(1050880K), 0.0038864 secs] [Times: user=0.01 sys=0.00, real=0.00 secs] 
47.271: [GC 47.271: [ParNew
Desired survivor size 557056 bytes, new threshold 15 (max 15)
- age   1:        392 bytes,        392 total
- age   2:     516632 bytes,     517024 total
: 2153K->813K(2304K), 0.0046998 secs] 905831K->904771K(1050880K), 0.0047908 secs] [Times: user=0.01 sys=0.00, real=0.01 secs] 
47.278: [GC 47.278: [ParNew
Desired survivor size 557056 bytes, new threshold 15 (max 15)
- age   1:        256 bytes,        256 total
- age   2:        248 bytes,        504 total
- age   3:     516632 bytes,     517136 total
: 2029K->812K(2304K), 0.0039378 secs] 905987K->904769K(1050880K), 0.0040162 secs] [Times: user=0.01 sys=0.00, real=0.00 secs] 
47.284: [GC 47.284: [ParNew
Desired survivor size 557056 bytes, new threshold 1 (max 15)
- age   1:     594776 bytes,     594776 total
- age   2:        128 bytes,     594904 total
- age   3:        248 bytes,     595152 total
- age   4:     516632 bytes,    1111784 total
: 2028K->1088K(2304K), 0.0055009 secs] 905985K->905196K(1050880K), 0.0056147 secs] [Times: user=0.01 sys=0.00, real=0.01 secs] 
47.292: [GC 47.292: [ParNew
Desired survivor size 557056 bytes, new threshold 1 (max 15)
- age   1:     591608 bytes,     591608 total
: 2304K->1088K(2304K), 0.0067593 secs] 906412K->906282K(1050880K), 0.0068413 secs] [Times: user=0.02 sys=0.00, real=0.01 secs] 
47.300: [GC 47.300: [ParNew
Desired survivor size 557056 bytes, new threshold 1 (max 15)
- age   1:    1036008 bytes,    1036008 total
: 2304K->1088K(2304K), 0.0051767 secs] 907498K->907022K(1050880K), 0.0052542 secs] [Times: user=0.02 sys=0.00, real=0.01 secs] 
47.306: [GC 47.307: [ParNew
Desired survivor size 557056 bytes, new threshold 15 (max 15)
- age   1:     515448 bytes,     515448 total
: 2304K->1088K(2304K), 0.0056824 secs] 908238K->908033K(1050880K), 0.0057615 secs] [Times: user=0.02 sys=0.01, real=0.00 secs] 
47.315: [GC 47.315: [ParNew
Desired survivor size 557056 bytes, new threshold 2 (max 15)
- age   1:      54232 bytes,      54232 total
- age   2:     515416 bytes,     569648 total
: 2304K->711K(2304K), 0.0042603 secs] 909249K->907657K(1050880K), 0.0043444 secs] [Times: user=0.01 sys=0.00, real=0.00 secs] 
47.321: [GC 47.322: [ParNew
Desired survivor size 557056 bytes, new threshold 15 (max 15)
- age   1:     391624 bytes,     391624 total
- age   2:      54192 bytes,     445816 total
: 1927K->778K(2304K), 0.0052455 secs] 908873K->908227K(1050880K), 0.0053290 secs] [Times: user=0.01 sys=0.00, real=0.01 secs] 
47.328: [GC 47.328: [ParNew
Desired survivor size 557056 bytes, new threshold 2 (max 15)
- age   1:     254904 bytes,     254904 total
- age   2:     391584 bytes,     646488 total
- age   3:      53960 bytes,     700448 total
: 1994K->879K(2304K), 0.0036732 secs] 909443K->908328K(1050880K), 0.0037542 secs] [Times: user=0.01 sys=0.00, real=0.00 secs] 
47.334: [GC 47.334: [ParNew
Desired survivor size 557056 bytes, new threshold 2 (max 15)
- age   1:     367184 bytes,     367184 total
- age   2:     254832 bytes,     622016 total
: 2095K->1026K(2304K), 0.0044886 secs] 909544K->908910K(1050880K), 0.0045701 secs] [Times: user=0.01 sys=0.00, real=0.01 secs] 
47.340: [GC 47.340: [ParNew
Desired survivor size 557056 bytes, new threshold 2 (max 15)
- age   1:     257152 bytes,     257152 total
- age   2:     367112 bytes,     624264 total
: 2242K->842K(2304K), 0.0043315 secs] 910126K->908975K(1050880K), 0.0044151 secs] [Times: user=0.01 sys=0.00, real=0.01 secs] 
47.346: [GC 47.346: [ParNew
Desired survivor size 557056 bytes, new threshold 1 (max 15)
- age   1:     707744 bytes,     707744 total
- age   2:     257080 bytes,     964824 total
: 2058K->1088K(2304K), 0.0050125 secs] 910191K->909591K(1050880K), 0.0051017 secs] [Times: user=0.02 sys=0.00, real=0.00 secs] 
47.353: [GC 47.353: [ParNew
Desired survivor size 557056 bytes, new threshold 15 (max 15)
- age   1:     462944 bytes,     462944 total
: 2304K->1055K(2304K), 0.0060705 secs] 910807K->910501K(1050880K), 0.0061536 secs] [Times: user=0.02 sys=0.00, real=0.01 secs] 
47.363: [GC 47.363: [ParNew
Desired survivor size 557056 bytes, new threshold 1 (max 15)
- age   1:     629824 bytes,     629824 total
- age   2:     454696 bytes,    1084520 total
: 2271K->1088K(2304K), 0.0059676 secs] 911717K->910533K(1050880K), 0.0060655 secs] [Times: user=0.01 sys=0.00, real=0.01 secs] 
47.371: [GC 47.371: [ParNew
Desired survivor size 557056 bytes, new threshold 15 (max 15)
- age   1:     287968 bytes,     287968 total
: 2304K->1088K(2304K), 0.0052943 secs] 911749K->911593K(1050880K), 0.0053746 secs] [Times: user=0.02 sys=0.01, real=0.01 secs] 
47.378: [GC 47.378: [ParNew
Desired survivor size 557056 bytes, new threshold 1 (max 15)
- age   1:     574128 bytes,     574128 total
- age   2:     287936 bytes,     862064 total
: 2304K->1024K(2304K), 0.0037392 secs] 912809K->911529K(1050880K), 0.0038182 secs] [Times: user=0.02 sys=0.00, real=0.00 secs] 
47.383: [GC 47.383: [ParNew
Desired survivor size 557056 bytes, new threshold 15 (max 15)
- age   1:        256 bytes,        256 total
: 2240K->528K(2304K), 0.0053503 secs] 912745K->911875K(1050880K), 0.0054652 secs] [Times: user=0.01 sys=0.00, real=0.01 secs] 
47.390: [GC 47.390: [ParNew
Desired survivor size 557056 bytes, new threshold 15 (max 15)
- age   1:        208 bytes,        208 total
: 1744K->132K(2304K), 0.0030678 secs] 913091K->911478K(1050880K), 0.0031371 secs] [Times: user=0.01 sys=0.00, real=0.00 secs] 
47.395: [GC 47.395: [ParNew
Desired survivor size 557056 bytes, new threshold 15 (max 15)
- age   1:       4744 bytes,       4744 total
- age   2:         40 bytes,       4784 total
: 1348K->44K(2304K), 0.0030569 secs] 912694K->911390K(1050880K), 0.0031277 secs] [Times: user=0.01 sys=0.00, real=0.00 secs] 
47.400: [GC 47.400: [ParNew
Desired survivor size 557056 bytes, new threshold 15 (max 15)
- age   1:        184 bytes,        184 total
- age   2:       4704 bytes,       4888 total
- age   3:         40 bytes,       4928 total
: 1260K->14K(2304K), 0.0044167 secs] 912606K->911361K(1050880K), 0.0044964 secs] [Times: user=0.01 sys=0.00, real=0.01 secs] 
47.406: [GC 47.406: [ParNew
Desired survivor size 557056 bytes, new threshold 15 (max 15)
- age   1:        280 bytes,        280 total
- age   2:         72 bytes,        352 total
- age   3:       4704 bytes,       5056 total
- age   4:         40 bytes,       5096 total
: 1230K->12K(2304K), 0.0033647 secs] 912577K->911358K(1050880K), 0.0034325 secs] [Times: user=0.01 sys=0.00, real=0.00 secs] 
47.410: [GC 47.410: [ParNew
Desired survivor size 557056 bytes, new threshold 15 (max 15)
- age   1:        280 bytes,        280 total
- age   2:         80 bytes,        360 total
- age   3:         72 bytes,        432 total
- age   4:       4704 bytes,       5136 total
- age   5:         40 bytes,       5176 total
: 1228K->12K(2304K), 0.0030019 secs] 912574K->911358K(1050880K), 0.0030624 secs] [Times: user=0.01 sys=0.00, real=0.00 secs] 
47.415: [GC 47.415: [ParNew
Desired survivor size 557056 bytes, new threshold 1 (max 15)
- age   1:     907280 bytes,     907280 total
- age   2:        208 bytes,     907488 total
- age   3:         80 bytes,     907568 total
- age   4:         72 bytes,     907640 total
- age   5:       4704 bytes,     912344 total
- age   6:         40 bytes,     912384 total
: 1228K->922K(2304K), 0.0048180 secs] 912574K->912269K(1050880K), 0.0049004 secs] [Times: user=0.01 sys=0.00, real=0.00 secs] 
47.421: [GC 47.421: [ParNew
Desired survivor size 557056 bytes, new threshold 1 (max 15)
- age   1:     665936 bytes,     665936 total
: 2138K->915K(2304K), 0.0065734 secs] 913485K->913152K(1050880K), 0.0066647 secs] [Times: user=0.02 sys=0.00, real=0.01 secs] 
47.430: [GC 47.430: [ParNew
Desired survivor size 557056 bytes, new threshold 15 (max 15)
- age   1:     400784 bytes,     400784 total
: 2131K->800K(2304K), 0.0046629 secs] 914368K->913688K(1050880K), 0.0047477 secs] [Times: user=0.02 sys=0.01, real=0.01 secs] 
47.436: [GC 47.436: [ParNew
Desired survivor size 557056 bytes, new threshold 2 (max 15)
- age   1:     396472 bytes,     396472 total
- age   2:     400600 bytes,     797072 total
: 2016K->920K(2304K), 0.0039000 secs] 914904K->913808K(1050880K), 0.0039771 secs] [Times: user=0.02 sys=0.00, real=0.00 secs] 
47.441: [GC 47.441: [ParNew
Desired survivor size 557056 bytes, new threshold 2 (max 15)
- age   1:     358136 bytes,     358136 total
- age   2:     396344 bytes,     754480 total
: 2136K->990K(2304K), 0.0047793 secs] 915024K->914269K(1050880K), 0.0048625 secs] [Times: user=0.02 sys=0.00, real=0.01 secs] 
47.448: [GC 47.448: [ParNew
Desired survivor size 557056 bytes, new threshold 15 (max 15)
- age   1:        232 bytes,        232 total
- age   2:     358024 bytes,     358256 total
: 2206K->717K(2304K), 0.0048802 secs] 915485K->914383K(1050880K), 0.0049617 secs] [Times: user=0.01 sys=0.00, real=0.00 secs] 
47.454: [GC 47.454: [ParNew
Desired survivor size 557056 bytes, new threshold 15 (max 15)
- age   1:     166208 bytes,     166208 total
- age   2:        104 bytes,     166312 total
- age   3:     358024 bytes,     524336 total
: 1933K->621K(2304K), 0.0038029 secs] 915599K->914287K(1050880K), 0.0039185 secs] [Times: user=0.01 sys=0.00, real=0.00 secs] 
47.460: [GC 47.460: [ParNew
Desired survivor size 557056 bytes, new threshold 15 (max 15)
- age   1:        272 bytes,        272 total
- age   2:     166136 bytes,     166408 total
- age   3:         32 bytes,     166440 total
- age   4:     358024 bytes,     524464 total
: 1837K->692K(2304K), 0.0036092 secs] 915503K->914358K(1050880K), 0.0036857 secs] [Times: user=0.01 sys=0.00, real=0.00 secs] 
47.465: [GC 47.465: [ParNew
Desired survivor size 557056 bytes, new threshold 1 (max 15)
- age   1:     583672 bytes,     583672 total
- age   2:        200 bytes,     583872 total
- age   3:     166136 bytes,     750008 total
- age   4:         32 bytes,     750040 total
- age   5:     356832 bytes,    1106872 total
: 1908K->1088K(2304K), 0.0043048 secs] 915574K->914830K(1050880K), 0.0043871 secs] [Times: user=0.02 sys=0.00, real=0.00 secs] 
47.471: [GC 47.472: [ParNew
Desired survivor size 557056 bytes, new threshold 15 (max 15)
- age   1:     417552 bytes,     417552 total
: 2304K->1088K(2304K), 0.0054892 secs] 916046K->915911K(1050880K), 0.0055726 secs] [Times: user=0.01 sys=0.00, real=0.01 secs] 
47.478: [GC 47.479: [ParNew
Desired survivor size 557056 bytes, new threshold 15 (max 15)
- age   1:        208 bytes,        208 total
- age   2:     417512 bytes,     417720 total
: 2304K->503K(2304K), 0.0034887 secs] 917127K->915326K(1050880K), 0.0035859 secs] [Times: user=0.01 sys=0.00, real=0.00 secs] 
47.483: [GC 47.483: [ParNew
Desired survivor size 557056 bytes, new threshold 15 (max 15)
- age   1:        328 bytes,        328 total
- age   2:        136 bytes,        464 total
- age   3:     417512 bytes,     417976 total
: 1719K->584K(2304K), 0.0035436 secs] 916542K->915408K(1050880K), 0.0036381 secs] [Times: user=0.02 sys=0.00, real=0.01 secs] 
47.489: [GC 47.489: [ParNew
Desired survivor size 557056 bytes, new threshold 4 (max 15)
- age   1:     388912 bytes,     388912 total
- age   2:        200 bytes,     389112 total
- age   3:        136 bytes,     389248 total
- age   4:     417512 bytes,     806760 total
: 1800K->908K(2304K), 0.0038696 secs] 916624K->915731K(1050880K), 0.0039587 secs] [Times: user=0.02 sys=0.00, real=0.00 secs] 
47.494: [GC 47.494: [ParNew
Desired survivor size 557056 bytes, new threshold 15 (max 15)
- age   1:        184 bytes,        184 total
- age   2:     388880 bytes,     389064 total
- age   3:        200 bytes,     389264 total
- age   4:        136 bytes,     389400 total
: 2124K->691K(2304K), 0.0042297 secs] 916947K->915922K(1050880K), 0.0043195 secs] [Times: user=0.01 sys=0.01, real=0.00 secs] 
47.500: [GC 47.500: [ParNew
Desired survivor size 557056 bytes, new threshold 15 (max 15)
- age   1:        224 bytes,        224 total
- age   2:        104 bytes,        328 total
- age   3:     388880 bytes,     389208 total
- age   4:        200 bytes,     389408 total
- age   5:         64 bytes,     389472 total
: 1907K->552K(2304K), 0.0033300 secs] 917138K->915783K(1050880K), 0.0034068 secs] [Times: user=0.01 sys=0.00, real=0.00 secs] 
47.506: [GC 47.506: [ParNew
Desired survivor size 557056 bytes, new threshold 4 (max 15)
- age   1:     437912 bytes,     437912 total
- age   2:        184 bytes,     438096 total
- age   3:        104 bytes,     438200 total
- age   4:     388880 bytes,     827080 total
- age   5:        200 bytes,     827280 total
- age   6:         64 bytes,     827344 total
: 1768K->1001K(2304K), 0.0043060 secs] 916999K->916232K(1050880K), 0.0043867 secs] [Times: user=0.01 sys=0.00, real=0.00 secs] 
47.512: [GC 47.512: [ParNew
Desired survivor size 557056 bytes, new threshold 2 (max 15)
- age   1:     250832 bytes,     250832 total
- age   2:     437784 bytes,     688616 total
- age   3:        184 bytes,     688800 total
- age   4:        104 bytes,     688904 total
: 2217K->1045K(2304K), 0.0045297 secs] 917448K->916656K(1050880K), 0.0046145 secs] [Times: user=0.02 sys=0.00, real=0.01 secs] 
47.518: [GC 47.518: [ParNew
Desired survivor size 557056 bytes, new threshold 15 (max 15)
- age   1:     204104 bytes,     204104 total
- age   2:     250800 bytes,     454904 total
: 2261K->848K(2304K), 0.0049324 secs] 917872K->916887K(1050880K), 0.0050456 secs] [Times: user=0.02 sys=0.00, real=0.00 secs] 
47.526: [GC 47.526: [ParNew
Desired survivor size 557056 bytes, new threshold 3 (max 15)
- age   1:     102968 bytes,     102968 total
- age   2:     203976 bytes,     306944 total
- age   3:     250800 bytes,     557744 total
: 2064K->756K(2304K), 0.0035182 secs] 918103K->916795K(1050880K), 0.0036066 secs] [Times: user=0.01 sys=0.00, real=0.00 secs] 
47.532: [GC 47.532: [ParNew
Desired survivor size 557056 bytes, new threshold 1 (max 15)
- age   1:     873032 bytes,     873032 total
- age   2:      39000 bytes,     912032 total
- age   3:     203752 bytes,    1115784 total
: 1972K->1088K(2304K), 0.0051711 secs] 918011K->917751K(1050880K), 0.0052509 secs] [Times: user=0.01 sys=0.00, real=0.01 secs] 
47.539: [GC 47.539: [ParNew
Desired survivor size 557056 bytes, new threshold 1 (max 15)
- age   1:     993520 bytes,     993520 total
: 2304K->1088K(2304K), 0.0082570 secs] 918967K->919018K(1050880K), 0.0083424 secs] [Times: user=0.02 sys=0.00, real=0.01 secs] 
47.549: [GC 47.549: [ParNew
Desired survivor size 557056 bytes, new threshold 1 (max 15)
- age   1:     919624 bytes,     919624 total
: 2304K->1088K(2304K), 0.0064543 secs] 920234K->920216K(1050880K), 0.0065383 secs] [Times: user=0.02 sys=0.01, real=0.01 secs] 
47.558: [GC 47.558: [ParNew
Desired survivor size 557056 bytes, new threshold 1 (max 15)
- age   1:     628328 bytes,     628328 total
: 2304K->1088K(2304K), 0.0082603 secs] 921432K->921114K(1050880K), 0.0083622 secs] [Times: user=0.02 sys=0.00, real=0.01 secs] 
47.568: [GC 47.569: [ParNew
Desired survivor size 557056 bytes, new threshold 15 (max 15)
- age   1:     173584 bytes,     173584 total
: 2304K->458K(2304K), 0.0042688 secs] 922330K->921097K(1050880K), 0.0043522 secs] [Times: user=0.02 sys=0.00, real=0.00 secs] 
47.574: [GC 47.574: [ParNew
Desired survivor size 557056 bytes, new threshold 1 (max 15)
- age   1:     707848 bytes,     707848 total
- age   2:     173392 bytes,     881240 total
: 1674K->903K(2304K), 0.0039514 secs] 922313K->921542K(1050880K), 0.0040305 secs] [Times: user=0.01 sys=0.00, real=0.00 secs] 
47.580: [GC 47.580: [ParNew
Desired survivor size 557056 bytes, new threshold 15 (max 15)
- age   1:     430752 bytes,     430752 total
: 2119K->855K(2304K), 0.0051768 secs] 922758K->922355K(1050880K), 0.0052715 secs] [Times: user=0.02 sys=0.00, real=0.01 secs] 
47.589: [GC 47.589: [ParNew
Desired survivor size 557056 bytes, new threshold 2 (max 15)
- age   1:     529416 bytes,     529416 total
- age   2:     428320 bytes,     957736 total
: 2071K->1088K(2304K), 0.0043521 secs] 923571K->922600K(1050880K), 0.0044535 secs] [Times: user=0.02 sys=0.00, real=0.00 secs] 
47.596: [GC 47.596: [ParNew
Desired survivor size 557056 bytes, new threshold 1 (max 15)
- age   1:     782952 bytes,     782952 total
- age   2:     328320 bytes,    1111272 total
: 2304K->1088K(2304K), 0.0070085 secs] 923816K->923627K(1050880K), 0.0071014 secs] [Times: user=0.02 sys=0.00, real=0.00 secs] 
47.605: [GC 47.605: [ParNew
Desired survivor size 557056 bytes, new threshold 15 (max 15)
- age   1:     504784 bytes,     504784 total
: 2304K->1009K(2304K), 0.0052353 secs] 924843K->924605K(1050880K), 0.0053211 secs] [Times: user=0.02 sys=0.01, real=0.00 secs] 
47.612: [GC 47.612: [ParNew
Desired survivor size 557056 bytes, new threshold 1 (max 15)
- age   1:     626784 bytes,     626784 total
- age   2:     484752 bytes,    1111536 total
: 2225K->1088K(2304K), 0.0042669 secs] 925821K->924755K(1050880K), 0.0043630 secs] [Times: user=0.02 sys=0.00, real=0.01 secs] 
47.620: [GC 47.620: [ParNew
Desired survivor size 557056 bytes, new threshold 15 (max 15)
- age   1:     144256 bytes,     144256 total
: 2304K->486K(2304K), 0.0052904 secs] 925971K->925239K(1050880K), 0.0053784 secs] [Times: user=0.02 sys=0.00, real=0.01 secs] 
47.627: [GC 47.627: [ParNew
Desired survivor size 557056 bytes, new threshold 15 (max 15)
- age   1:     273512 bytes,     273512 total
- age   2:     144224 bytes,     417736 total
: 1702K->496K(2304K), 0.0047010 secs] 926455K->925249K(1050880K), 0.0048090 secs] [Times: user=0.01 sys=0.00, real=0.00 secs] 
47.633: [GC 47.633: [ParNew
Desired survivor size 557056 bytes, new threshold 1 (max 15)
- age   1:     740600 bytes,     740600 total
- age   2:     246872 bytes,     987472 total
- age   3:     114776 bytes,    1102248 total
: 1712K->1088K(2304K), 0.0039951 secs] 926465K->925895K(1050880K), 0.0040739 secs] [Times: user=0.01 sys=0.00, real=0.01 secs] 
47.638: [GC 47.638: [ParNew
Desired survivor size 557056 bytes, new threshold 15 (max 15)
- age   1:     424512 bytes,     424512 total
: 2304K->869K(2304K), 0.0062494 secs] 927111K->926752K(1050880K), 0.0063394 secs] [Times: user=0.02 sys=0.00, real=0.01 secs] 
47.646: [GC 47.646: [ParNew
Desired survivor size 557056 bytes, new threshold 15 (max 15)
- age   1:      12248 bytes,      12248 total
- age   2:     424440 bytes,     436688 total
: 2085K->652K(2304K), 0.0034472 secs] 927968K->926536K(1050880K), 0.0035327 secs] [Times: user=0.01 sys=0.00, real=0.00 secs] 
47.651: [GC 47.651: [ParNew
Desired survivor size 557056 bytes, new threshold 15 (max 15)
- age   1:        136 bytes,        136 total
- age   2:      12176 bytes,      12312 total
- age   3:     424440 bytes,     436752 total
: 1868K->722K(2304K), 0.0034690 secs] 927752K->926606K(1050880K), 0.0035377 secs] [Times: user=0.02 sys=0.00, real=0.01 secs] 
47.656: [GC 47.656: [ParNew
Desired survivor size 557056 bytes, new threshold 4 (max 15)
- age   1:     229840 bytes,     229840 total
- age   2:         72 bytes,     229912 total
- age   3:      12176 bytes,     242088 total
- age   4:     424440 bytes,     666528 total
: 1938K->789K(2304K), 0.0035880 secs] 927822K->926673K(1050880K), 0.0036664 secs] [Times: user=0.01 sys=0.00, real=0.00 secs] 
47.661: [GC 47.661: [ParNew
Desired survivor size 557056 bytes, new threshold 15 (max 15)
- age   1:     263976 bytes,     263976 total
- age   2:     229704 bytes,     493680 total
- age   4:      12176 bytes,     505856 total
: 2005K->831K(2304K), 0.0047596 secs] 927889K->927129K(1050880K), 0.0048491 secs] [Times: user=0.01 sys=0.01, real=0.01 secs] 
47.667: [GC 47.667: [ParNew
Desired survivor size 557056 bytes, new threshold 15 (max 15)
- age   1:        336 bytes,        336 total
- age   2:     263776 bytes,     264112 total
- age   3:     229704 bytes,     493816 total
- age   5:      12176 bytes,     505992 total
: 2047K->728K(2304K), 0.0036679 secs] 928345K->927026K(1050880K), 0.0037611 secs] [Times: user=0.01 sys=0.00, real=0.00 secs] 
47.673: [GC 47.673: [ParNew
Desired survivor size 557056 bytes, new threshold 15 (max 15)
- age   1:        336 bytes,        336 total
- age   2:        136 bytes,        472 total
- age   3:     263776 bytes,     264248 total
- age   4:     229704 bytes,     493952 total
- age   6:      12176 bytes,     506128 total
: 1944K->677K(2304K), 0.0036572 secs] 928242K->926975K(1050880K), 0.0037501 secs] [Times: user=0.02 sys=0.00, real=0.01 secs] 
47.679: [GC 47.679: [ParNew
Desired survivor size 557056 bytes, new threshold 15 (max 15)
- age   1:        144 bytes,        144 total
- age   2:        208 bytes,        352 total
- age   3:        136 bytes,        488 total
- age   4:     263776 bytes,     264264 total
- age   5:     229704 bytes,     493968 total
- age   7:      12176 bytes,     506144 total
: 1893K->846K(2304K), 0.0040707 secs] 928191K->927144K(1050880K), 0.0041582 secs] [Times: user=0.01 sys=0.00, real=0.00 secs] 
47.686: [GC 47.687: [ParNew
Desired survivor size 557056 bytes, new threshold 8 (max 15)
- age   1:      53072 bytes,      53072 total
- age   2:         72 bytes,      53144 total
- age   3:        208 bytes,      53352 total
- age   4:        136 bytes,      53488 total
- age   5:     263776 bytes,     317264 total
- age   6:     229704 bytes,     546968 total
- age   8:      12176 bytes,     559144 total
: 2062K->773K(2304K), 0.0048536 secs] 928360K->927072K(1050880K), 0.0049641 secs] [Times: user=0.02 sys=0.00, real=0.00 secs] 
47.692: [GC 47.693: [ParNew
Desired survivor size 557056 bytes, new threshold 1 (max 15)
- age   1:     565016 bytes,     565016 total
- age   2:      52704 bytes,     617720 total
- age   3:         72 bytes,     617792 total
- age   4:        208 bytes,     618000 total
- age   5:        136 bytes,     618136 total
- age   6:     263776 bytes,     881912 total
- age   7:     229704 bytes,    1111616 total
: 1989K->1088K(2304K), 0.0056985 secs] 928288K->927678K(1050880K), 0.0057865 secs] [Times: user=0.02 sys=0.00, real=0.01 secs] 
47.701: [GC 47.701: [ParNew
Desired survivor size 557056 bytes, new threshold 15 (max 15)
- age   1:     346824 bytes,     346824 total
: 2304K->934K(2304K), 0.0058951 secs] 928894K->928609K(1050880K), 0.0059796 secs] [Times: user=0.02 sys=0.00, real=0.01 secs] 
47.708: [GC 47.708: [ParNew
Desired survivor size 557056 bytes, new threshold 1 (max 15)
- age   1:     628648 bytes,     628648 total
- age   2:     341088 bytes,     969736 total
: 2150K->1088K(2304K), 0.0048227 secs] 929825K->928769K(1050880K), 0.0049376 secs] [Times: user=0.01 sys=0.00, real=0.00 secs] 
47.716: [GC 47.716: [ParNew
Desired survivor size 557056 bytes, new threshold 15 (max 15)
- age   1:     394560 bytes,     394560 total
: 2304K->987K(2304K), 0.0056167 secs] 929985K->929615K(1050880K), 0.0057061 secs] [Times: user=0.02 sys=0.00, real=0.00 secs] 
47.723: [GC 47.723: [ParNew
Desired survivor size 557056 bytes, new threshold 2 (max 15)
- age   1:     343872 bytes,     343872 total
- age   2:     394488 bytes,     738360 total
: 2203K->881K(2304K), 0.0038096 secs] 930831K->929509K(1050880K), 0.0038814 secs] [Times: user=0.01 sys=0.01, real=0.01 secs] 
47.728: [GC 47.728: [ParNew
Desired survivor size 557056 bytes, new threshold 2 (max 15)
- age   1:     354144 bytes,     354144 total
- age   2:     343744 bytes,     697888 total
: 2097K->1074K(2304K), 0.0044148 secs] 930725K->930088K(1050880K), 0.0044921 secs] [Times: user=0.01 sys=0.00, real=0.00 secs] 
47.735: [GC 47.735: [ParNew
Desired survivor size 557056 bytes, new threshold 15 (max 15)
- age   1:         72 bytes,         72 total
- age   2:     354016 bytes,     354088 total
: 2290K->664K(2304K), 0.0055960 secs] 931304K->930014K(1050880K), 0.0057064 secs] [Times: user=0.01 sys=0.00, real=0.00 secs] 
47.743: [GC 47.743: [ParNew
Desired survivor size 557056 bytes, new threshold 1 (max 15)
- age   1:     804312 bytes,     804312 total
- age   3:     274688 bytes,    1079000 total
: 1880K->1088K(2304K), 0.0059330 secs] 931230K->930619K(1050880K), 0.0060282 secs] [Times: user=0.01 sys=0.00, real=0.01 secs] 
47.752: [GC 47.752: [ParNew
Desired survivor size 557056 bytes, new threshold 1 (max 15)
- age   1:     866568 bytes,     866568 total
: 2304K->1088K(2304K), 0.0076952 secs] 931835K->931902K(1050880K), 0.0077883 secs] [Times: user=0.02 sys=0.00, real=0.01 secs] 
47.761: [CMS-concurrent-mark: 0.854/3.561 secs] [Times: user=10.67 sys=0.53, real=3.56 secs] 
47.761: [GC 47.762: [ParNew
Desired survivor size 557056 bytes, new threshold 15 (max 15)
- age   1:     373648 bytes,     373648 total
: 2304K->850K(2304K), 0.0051978 secs] 933118K->932511K(1050880K), 0.0052769 secs] [Times: user=0.02 sys=0.00, real=0.01 secs] 
47.767: [CMS-concurrent-preclean-start]
47.768: [GC 47.768: [ParNew
Desired survivor size 557056 bytes, new threshold 15 (max 15)
- age   1:     146160 bytes,     146160 total
- age   2:     373576 bytes,     519736 total
: 2066K->699K(2304K), 0.0049527 secs] 933727K->932359K(1050880K), 0.0050380 secs] [Times: user=0.01 sys=0.00, real=0.00 secs] 
47.775: [GC 47.775: [ParNew
Desired survivor size 557056 bytes, new threshold 2 (max 15)
- age   1:     537384 bytes,     537384 total
- age   2:     146128 bytes,     683512 total
- age   3:     373576 bytes,    1057088 total
: 1915K->1088K(2304K), 0.0045598 secs] 933575K->932777K(1050880K), 0.0046401 secs] [Times: user=0.02 sys=0.00, real=0.00 secs] 
47.781: [GC 47.781: [ParNew
Desired survivor size 557056 bytes, new threshold 1 (max 15)
- age   1:     566680 bytes,     566680 total
- age   2:     451344 bytes,    1018024 total
: 2304K->1088K(2304K), 0.0055843 secs] 933993K->933669K(1050880K), 0.0056964 secs] [Times: user=0.02 sys=0.00, real=0.01 secs] 
47.788: [GC 47.788: [ParNew
Desired survivor size 557056 bytes, new threshold 1 (max 15)
- age   1:     621704 bytes,     621704 total
: 2304K->1088K(2304K), 0.0070146 secs] 934885K->934845K(1050880K), 0.0070839 secs] [Times: user=0.02 sys=0.01, real=0.01 secs] 
47.797: [GC 47.797: [ParNew
Desired survivor size 557056 bytes, new threshold 15 (max 15)
- age   1:      68472 bytes,      68472 total
: 2304K->469K(2304K), 0.0060508 secs] 936061K->934834K(1050880K), 0.0061391 secs] [Times: user=0.01 sys=0.00, real=0.00 secs] 
47.805: [GC 47.805: [ParNew
Desired survivor size 557056 bytes, new threshold 1 (max 15)
- age   1:     565224 bytes,     565224 total
- age   2:      68280 bytes,     633504 total
: 1685K->682K(2304K), 0.0042837 secs] 936050K->935046K(1050880K), 0.0043643 secs] [Times: user=0.01 sys=0.00, real=0.00 secs] 
47.811: [GC 47.811: [ParNew
Desired survivor size 557056 bytes, new threshold 15 (max 15)
- age   1:     143008 bytes,     143008 total
: 1898K->496K(2304K), 0.0059072 secs] 936262K->935476K(1050880K), 0.0060023 secs] [Times: user=0.01 sys=0.00, real=0.01 secs] 
47.819: [GC 47.819: [ParNew
Desired survivor size 557056 bytes, new threshold 15 (max 15)
- age   1:     298408 bytes,     298408 total
- age   2:     143008 bytes,     441416 total
: 1712K->516K(2304K), 0.0035513 secs] 936692K->935497K(1050880K), 0.0036257 secs] [Times: user=0.01 sys=0.00, real=0.00 secs] 
47.824: [GC 47.824: [ParNew
Desired survivor size 557056 bytes, new threshold 1 (max 15)
- age   1:     606048 bytes,     606048 total
- age   2:     287048 bytes,     893096 total
- age   3:     143008 bytes,    1036104 total
: 1732K->1088K(2304K), 0.0039461 secs] 936713K->936096K(1050880K), 0.0040275 secs] [Times: user=0.01 sys=0.00, real=0.01 secs] 
47.830: [GC 47.830: [ParNew
Desired survivor size 557056 bytes, new threshold 15 (max 15)
- age   1:     548168 bytes,     548168 total
: 2304K->1062K(2304K), 0.0065090 secs] 937312K->937079K(1050880K), 0.0065861 secs] [Times: user=0.02 sys=0.00, real=0.01 secs] 
47.839: [GC 47.839: [ParNew
Desired survivor size 557056 bytes, new threshold 1 (max 15)
- age   1:     729560 bytes,     729560 total
- age   2:     380424 bytes,    1109984 total
: 2278K->1088K(2304K), 0.0051151 secs] 938295K->937704K(1050880K), 0.0051991 secs] [Times: user=0.01 sys=0.01, real=0.01 secs] 
47.847: [GC 47.847: [ParNew
Desired survivor size 557056 bytes, new threshold 1 (max 15)
- age   1:     772136 bytes,     772136 total
: 2304K->1088K(2304K), 0.0071962 secs] 938920K->938808K(1050880K), 0.0072798 secs] [Times: user=0.02 sys=0.00, real=0.01 secs] 
47.856: [GC 47.856: [ParNew
Desired survivor size 557056 bytes, new threshold 1 (max 15)
- age   1:     800016 bytes,     800016 total
: 2304K->1088K(2304K), 0.0057353 secs] 940024K->939562K(1050880K), 0.0058160 secs] [Times: user=0.01 sys=0.00, real=0.00 secs] 
47.863: [GC 47.863: [ParNew
Desired survivor size 557056 bytes, new threshold 1 (max 15)
- age   1:     682832 bytes,     682832 total
: 2304K->1088K(2304K), 0.0055774 secs] 940778K->940343K(1050880K), 0.0056640 secs] [Times: user=0.02 sys=0.00, real=0.01 secs] 
47.873: [GC 47.873: [ParNew
Desired survivor size 557056 bytes, new threshold 1 (max 15)
- age   1:     798664 bytes,     798664 total
: 2304K->1088K(2304K), 0.0064237 secs] 941559K->941172K(1050880K), 0.0065092 secs] [Times: user=0.02 sys=0.00, real=0.01 secs] 
47.882: [GC 47.882: [ParNew
Desired survivor size 557056 bytes, new threshold 1 (max 15)
- age   1:     998928 bytes,     998928 total
: 2304K->1088K(2304K), 0.0068478 secs] 942388K->942086K(1050880K), 0.0069255 secs] [Times: user=0.02 sys=0.00, real=0.01 secs] 
47.891: [GC 47.891: [ParNew
Desired survivor size 557056 bytes, new threshold 15 (max 15)
- age   1:     485056 bytes,     485056 total
: 2304K->1088K(2304K), 0.0053239 secs] 943302K->943061K(1050880K), 0.0054093 secs] [Times: user=0.02 sys=0.01, real=0.01 secs] 
47.900: [GC 47.900: [ParNew
Desired survivor size 557056 bytes, new threshold 2 (max 15)
- age   1:     438800 bytes,     438800 total
- age   2:     481632 bytes,     920432 total
: 2304K->1088K(2304K), 0.0049094 secs] 944277K->943064K(1050880K), 0.0049913 secs] [Times: user=0.02 sys=0.00, real=0.01 secs] 
47.907: [GC 47.907: [ParNew
Desired survivor size 557056 bytes, new threshold 1 (max 15)
- age   1:     648256 bytes,     648256 total
- age   2:     438800 bytes,    1087056 total
: 2304K->1088K(2304K), 0.0052114 secs] 944280K->943579K(1050880K), 0.0052909 secs] [Times: user=0.02 sys=0.00, real=0.00 secs] 
47.914: [GC 47.914: [ParNew
Desired survivor size 557056 bytes, new threshold 1 (max 15)
- age   1:     619952 bytes,     619952 total
: 2304K->1088K(2304K), 0.0063553 secs] 944795K->944679K(1050880K), 0.0064347 secs] [Times: user=0.02 sys=0.00, real=0.01 secs] 
47.922: [GC 47.922: [ParNew
Desired survivor size 557056 bytes, new threshold 1 (max 15)
- age   1:     669776 bytes,     669776 total
: 2304K->949K(2304K), 0.0051412 secs] 945895K->945146K(1050880K), 0.0052233 secs] [Times: user=0.02 sys=0.00, real=0.01 secs] 
47.930: [GC 47.930: [ParNew
Desired survivor size 557056 bytes, new threshold 1 (max 15)
- age   1:    1112952 bytes,    1112952 total
: 2165K->1088K(2304K), 0.0063125 secs] 946362K->946057K(1050880K), 0.0064055 secs] [Times: user=0.02 sys=0.00, real=0.01 secs] 
47.939: [GC 47.939: [ParNew
Desired survivor size 557056 bytes, new threshold 1 (max 15)
- age   1:     653616 bytes,     653616 total
: 2304K->1088K(2304K), 0.0072286 secs] 947273K->947289K(1050880K), 0.0073141 secs] [Times: user=0.02 sys=0.00, real=0.01 secs] 
47.948: [GC 47.948: [ParNew
Desired survivor size 557056 bytes, new threshold 1 (max 15)
- age   1:     792192 bytes,     792192 total
: 2304K->1082K(2304K), 0.0052823 secs] 948505K->947922K(1050880K), 0.0053692 secs] [Times: user=0.02 sys=0.00, real=0.00 secs] 
47.956: [GC 47.956: [ParNew
Desired survivor size 557056 bytes, new threshold 1 (max 15)
- age   1:    1010816 bytes,    1010816 total
: 2298K->1088K(2304K), 0.0056072 secs] 949138K->948921K(1050880K), 0.0057015 secs] [Times: user=0.02 sys=0.00, real=0.00 secs] 
47.964: [GC 47.964: [ParNew
Desired survivor size 557056 bytes, new threshold 1 (max 15)
- age   1:     841312 bytes,     841312 total
: 2304K->1088K(2304K), 0.0064403 secs] 950137K->950287K(1050880K), 0.0065210 secs] [Times: user=0.02 sys=0.00, real=0.00 secs] 
47.973: [GC 47.973: [ParNew
Desired survivor size 557056 bytes, new threshold 1 (max 15)
- age   1:     914192 bytes,     914192 total
: 2304K->1088K(2304K), 0.0056754 secs] 951503K->951421K(1050880K), 0.0057574 secs] [Times: user=0.02 sys=0.00, real=0.01 secs] 
47.981: [GC 47.981: [ParNew
Desired survivor size 557056 bytes, new threshold 15 (max 15)
- age   1:     397720 bytes,     397720 total
: 2304K->880K(2304K), 0.0063640 secs] 952637K->952106K(1050880K), 0.0064590 secs] [Times: user=0.02 sys=0.00, real=0.01 secs] 
47.988: [GC 47.989: [ParNew
Desired survivor size 557056 bytes, new threshold 15 (max 15)
- age   1:        184 bytes,        184 total
- age   2:     397616 bytes,     397800 total
: 2096K->548K(2304K), 0.0036549 secs] 953322K->951774K(1050880K), 0.0037278 secs] [Times: user=0.01 sys=0.00, real=0.00 secs] 
47.994: [GC 47.994: [ParNew
Desired survivor size 557056 bytes, new threshold 15 (max 15)
- age   1:        280 bytes,        280 total
- age   2:         72 bytes,        352 total
- age   3:     397616 bytes,     397968 total
: 1764K->574K(2304K), 0.0049980 secs] 952990K->951800K(1050880K), 0.0050788 secs] [Times: user=0.02 sys=0.01, real=0.01 secs] 
48.000: [GC 48.000: [ParNew
Desired survivor size 557056 bytes, new threshold 15 (max 15)
- age   1:         96 bytes,         96 total
- age   2:        200 bytes,        296 total
- age   3:         72 bytes,        368 total
- age   4:     397616 bytes,     397984 total
: 1790K->580K(2304K), 0.0036117 secs] 953016K->951806K(1050880K), 0.0036901 secs] [Times: user=0.02 sys=0.00, real=0.00 secs] 
48.007: [GC 48.007: [ParNew
Desired survivor size 557056 bytes, new threshold 1 (max 15)
- age   1:     583848 bytes,     583848 total
- age   2:         64 bytes,     583912 total
- age   3:        200 bytes,     584112 total
- age   4:         72 bytes,     584184 total
- age   5:     368496 bytes,     952680 total
: 1796K->1088K(2304K), 0.0057943 secs] 953022K->952382K(1050880K), 0.0059048 secs] [Times: user=0.02 sys=0.00, real=0.00 secs] 
48.016: [GC 48.016: [ParNew
Desired survivor size 557056 bytes, new threshold 1 (max 15)
- age   1:     877008 bytes,     877008 total
: 2304K->1088K(2304K), 0.0071325 secs] 953598K->953470K(1050880K), 0.0072188 secs] [Times: user=0.02 sys=0.00, real=0.00 secs] 
48.025: [GC 48.025: [ParNew
Desired survivor size 557056 bytes, new threshold 1 (max 15)
- age   1:     588896 bytes,     588896 total
: 2304K->1051K(2304K), 0.0059853 secs] 954686K->954290K(1050880K), 0.0060729 secs] [Times: user=0.02 sys=0.00, real=0.00 secs] 
48.033: [GC 48.033: [ParNew
Desired survivor size 557056 bytes, new threshold 1 (max 15)
- age   1:     817464 bytes,     817464 total
: 2267K->1064K(2304K), 0.0057897 secs] 955506K->954878K(1050880K), 0.0058790 secs] [Times: user=0.01 sys=0.00, real=0.01 secs] 
48.041: [GC 48.041: [ParNew
Desired survivor size 557056 bytes, new threshold 1 (max 15)
- age   1:     989728 bytes,     989728 total
: 2280K->1088K(2304K), 0.0077886 secs] 956094K->955863K(1050880K), 0.0078737 secs] [Times: user=0.02 sys=0.00, real=0.01 secs] 
48.050: [GC 48.050: [ParNew
Desired survivor size 557056 bytes, new threshold 1 (max 15)
- age   1:     641296 bytes,     641296 total
: 2304K->1088K(2304K), 0.0071303 secs] 957079K->956833K(1050880K), 0.0072177 secs] [Times: user=0.02 sys=0.01, real=0.01 secs] 
48.059: [GC 48.059: [ParNew
Desired survivor size 557056 bytes, new threshold 1 (max 15)
- age   1:     672216 bytes,     672216 total
: 2304K->983K(2304K), 0.0050422 secs] 958049K->957354K(1050880K), 0.0051262 secs] [Times: user=0.02 sys=0.00, real=0.01 secs] 
48.066: [GC 48.066: [ParNew
Desired survivor size 557056 bytes, new threshold 1 (max 15)
- age   1:     684888 bytes,     684888 total
: 2199K->883K(2304K), 0.0057333 secs] 958570K->957911K(1050880K), 0.0058129 secs] [Times: user=0.01 sys=0.00, real=0.00 secs] 
48.073: [GC 48.073: [ParNew
Desired survivor size 557056 bytes, new threshold 15 (max 15)
- age   1:     241104 bytes,     241104 total
: 2099K->719K(2304K), 0.0054908 secs] 959127K->958415K(1050880K), 0.0055716 secs] [Times: user=0.01 sys=0.00, real=0.01 secs] 
48.080: [GC 48.080: [ParNew
Desired survivor size 557056 bytes, new threshold 15 (max 15)
- age   1:     275304 bytes,     275304 total
- age   2:     241040 bytes,     516344 total
: 1935K->658K(2304K), 0.0037823 secs] 959631K->958355K(1050880K), 0.0038579 secs] [Times: user=0.01 sys=0.00, real=0.00 secs] 
48.085: [GC 48.085: [ParNew
Desired survivor size 557056 bytes, new threshold 2 (max 15)
- age   1:     524816 bytes,     524816 total
- age   2:     258192 bytes,     783008 total
- age   3:     241040 bytes,    1024048 total
: 1874K->1088K(2304K), 0.0065297 secs] 959571K->958813K(1050880K), 0.0066179 secs] [Times: user=0.01 sys=0.00, real=0.00 secs] 
48.093: [GC 48.093: [ParNew
Desired survivor size 557056 bytes, new threshold 15 (max 15)
- age   1:        176 bytes,        176 total
- age   2:     524744 bytes,     524920 total
: 2304K->1088K(2304K), 0.0047990 secs] 960029K->959301K(1050880K), 0.0048754 secs] [Times: user=0.01 sys=0.00, real=0.01 secs] 
48.099: [GC 48.100: [ParNew
Desired survivor size 557056 bytes, new threshold 15 (max 15)
- age   1:        192 bytes,        192 total
- age   2:        104 bytes,        296 total
- age   3:     524744 bytes,     525040 total
: 2304K->704K(2304K), 0.0046893 secs] 960517K->958918K(1050880K), 0.0047711 secs] [Times: user=0.01 sys=0.00, real=0.01 secs] 
48.107: [GC 48.107: [ParNew
Desired survivor size 557056 bytes, new threshold 4 (max 15)
- age   1:      52944 bytes,      52944 total
- age   2:        128 bytes,      53072 total
- age   3:        104 bytes,      53176 total
- age   4:     524744 bytes,     577920 total
: 1920K->849K(2304K), 0.0039169 secs] 960134K->959062K(1050880K), 0.0040316 secs] [Times: user=0.01 sys=0.00, real=0.00 secs] 
48.113: [GC 48.113: [ParNew
Desired survivor size 557056 bytes, new threshold 1 (max 15)
- age   1:     638136 bytes,     638136 total
- age   2:      52840 bytes,     690976 total
- age   3:        128 bytes,     691104 total
- age   4:        104 bytes,     691208 total
: 2065K->953K(2304K), 0.0055169 secs] 960278K->959679K(1050880K), 0.0055968 secs] [Times: user=0.02 sys=0.01, real=0.01 secs] 
48.120: [GC 48.120: [ParNew
Desired survivor size 557056 bytes, new threshold 1 (max 15)
- age   1:     970624 bytes,     970624 total
: 2169K->1088K(2304K), 0.0068217 secs] 960895K->960747K(1050880K), 0.0069124 secs] [Times: user=0.02 sys=0.00, real=0.01 secs] 
48.129: [GC 48.130: [ParNew
Desired survivor size 557056 bytes, new threshold 1 (max 15)
- age   1:     889488 bytes,     889488 total
: 2304K->1088K(2304K), 0.0063004 secs] 961963K->962033K(1050880K), 0.0063806 secs] [Times: user=0.02 sys=0.00, real=0.01 secs] 
48.138: [GC 48.138: [ParNew
Desired survivor size 557056 bytes, new threshold 1 (max 15)
- age   1:     897320 bytes,     897320 total
: 2304K->1086K(2304K), 0.0073696 secs] 963249K->963233K(1050880K), 0.0074564 secs] [Times: user=0.02 sys=0.00, real=0.01 secs] 
48.148: [GC 48.148: [ParNew
Desired survivor size 557056 bytes, new threshold 15 (max 15)
- age   1:     532672 bytes,     532672 total
: 2302K->1088K(2304K), 0.0054075 secs] 964449K->964111K(1050880K), 0.0054903 secs] [Times: user=0.01 sys=0.00, real=0.00 secs] 
48.155: [GC 48.155: [ParNew
Desired survivor size 557056 bytes, new threshold 1 (max 15)
- age   1:     659048 bytes,     659048 total
- age   2:     453680 bytes,    1112728 total
: 2304K->1088K(2304K), 0.0057436 secs] 965327K->964750K(1050880K), 0.0058204 secs] [Times: user=0.02 sys=0.00, real=0.00 secs] 
48.164: [GC 48.164: [ParNew
Desired survivor size 557056 bytes, new threshold 15 (max 15)
- age   1:     524048 bytes,     524048 total
: 2304K->1088K(2304K), 0.0065063 secs] 965966K->965862K(1050880K), 0.0066057 secs] [Times: user=0.01 sys=0.00, real=0.01 secs] 
48.173: [GC 48.173: [ParNew
Desired survivor size 557056 bytes, new threshold 2 (max 15)
- age   1:     325376 bytes,     325376 total
- age   2:     524008 bytes,     849384 total
: 2304K->1053K(2304K), 0.0040199 secs] 967078K->965828K(1050880K), 0.0041046 secs] [Times: user=0.01 sys=0.00, real=0.01 secs] 
48.179: [GC 48.179: [ParNew
Desired survivor size 557056 bytes, new threshold 15 (max 15)
- age   1:        144 bytes,        144 total
- age   2:     325312 bytes,     325456 total
: 2269K->909K(2304K), 0.0045801 secs] 967044K->966195K(1050880K), 0.0046618 secs] [Times: user=0.01 sys=0.00, real=0.00 secs] 
48.185: [GC 48.185: [ParNew
Desired survivor size 557056 bytes, new threshold 1 (max 15)
- age   1:     608456 bytes,     608456 total
- age   2:         72 bytes,     608528 total
- age   3:     325312 bytes,     933840 total
: 2125K->1045K(2304K), 0.0040083 secs] 967411K->966331K(1050880K), 0.0040874 secs] [Times: user=0.01 sys=0.00, real=0.00 secs] 
48.191: [GC 48.191: [ParNew
Desired survivor size 557056 bytes, new threshold 15 (max 15)
- age   1:     393736 bytes,     393736 total
: 2261K->936K(2304K), 0.0052258 secs] 967547K->967134K(1050880K), 0.0053075 secs] [Times: user=0.02 sys=0.00, real=0.01 secs] 
48.198: [GC 48.198: [ParNew
Desired survivor size 557056 bytes, new threshold 1 (max 15)
- age   1:     749104 bytes,     749104 total
- age   2:     363144 bytes,    1112248 total
: 2152K->1088K(2304K), 0.0043479 secs] 968350K->967376K(1050880K), 0.0044273 secs] [Times: user=0.02 sys=0.00, real=0.00 secs] 
48.204: [GC 48.204: [ParNew
Desired survivor size 557056 bytes, new threshold 15 (max 15)
- age   1:     287856 bytes,     287856 total
: 2304K->777K(2304K), 0.0058235 secs] 968592K->968151K(1050880K), 0.0059205 secs] [Times: user=0.02 sys=0.00, real=0.00 secs] 
48.212: [GC 48.212: [ParNew
Desired survivor size 557056 bytes, new threshold 1 (max 15)
- age   1:     641072 bytes,     641072 total
- age   2:     287816 bytes,     928888 total
: 1993K->1058K(2304K), 0.0040552 secs] 969367K->968433K(1050880K), 0.0041660 secs] [Times: user=0.02 sys=0.01, real=0.01 secs] 
48.218: [GC 48.218: [ParNew
Desired survivor size 557056 bytes, new threshold 1 (max 15)
- age   1:    1139920 bytes,    1139920 total
: 2274K->1088K(2304K), 0.0059509 secs] 969649K->969487K(1050880K), 0.0060327 secs] [Times: user=0.02 sys=0.00, real=0.01 secs] 
48.227: [GC 48.227: [ParNew
Desired survivor size 557056 bytes, new threshold 1 (max 15)
- age   1:     689816 bytes,     689816 total
: 2304K->1088K(2304K), 0.0060748 secs] 970703K->970790K(1050880K), 0.0061629 secs] [Times: user=0.02 sys=0.00, real=0.00 secs] 
48.235: [GC 48.235: [ParNew
Desired survivor size 557056 bytes, new threshold 1 (max 15)
- age   1:     988696 bytes,     988696 total
: 2304K->1088K(2304K), 0.0066339 secs] 972006K->971707K(1050880K), 0.0067317 secs] [Times: user=0.02 sys=0.00, real=0.00 secs] 
48.244: [GC 48.244: [ParNew
Desired survivor size 557056 bytes, new threshold 15 (max 15)
- age   1:     431264 bytes,     431264 total
: 2304K->1088K(2304K), 0.0053147 secs] 972923K->972672K(1050880K), 0.0054070 secs] [Times: user=0.02 sys=0.00, real=0.00 secs] 
48.252: [GC 48.252: [ParNew
Desired survivor size 557056 bytes, new threshold 1 (max 15)
- age   1:     865624 bytes,     865624 total
- age   2:     245024 bytes,    1110648 total
: 2304K->1088K(2304K), 0.0050355 secs] 973888K->973215K(1050880K), 0.0051157 secs] [Times: user=0.02 sys=0.00, real=0.01 secs] 
48.259: [GC 48.259: [ParNew
Desired survivor size 557056 bytes, new threshold 1 (max 15)
- age   1:     991584 bytes,     991584 total
: 2304K->1088K(2304K), 0.0069005 secs] 974431K->974536K(1050880K), 0.0069809 secs] [Times: user=0.03 sys=0.01, real=0.01 secs] 
48.268: [GC 48.268: [ParNew
Desired survivor size 557056 bytes, new threshold 1 (max 15)
- age   1:    1038672 bytes,    1038672 total
: 2304K->1088K(2304K), 0.0063863 secs] 975752K->975699K(1050880K), 0.0064781 secs] [Times: user=0.03 sys=0.00, real=0.01 secs] 
48.277: [GC 48.277: [ParNew
Desired survivor size 557056 bytes, new threshold 1 (max 15)
- age   1:     718936 bytes,     718936 total
: 2304K->1088K(2304K), 0.0088818 secs] 976915K->976764K(1050880K), 0.0089672 secs] [Times: user=0.02 sys=0.00, real=0.01 secs] 
48.287: [GC 48.287: [ParNew
Desired survivor size 557056 bytes, new threshold 1 (max 15)
- age   1:     744352 bytes,     744352 total
: 2304K->1088K(2304K), 0.0056705 secs] 977980K->977633K(1050880K), 0.0057459 secs] [Times: user=0.01 sys=0.00, real=0.00 secs] 
48.294: [GC 48.294: [ParNew
Desired survivor size 557056 bytes, new threshold 15 (max 15)
- age   1:     282248 bytes,     282248 total
: 2304K->739K(2304K), 0.0066417 secs] 978849K->978009K(1050880K), 0.0067239 secs] [Times: user=0.02 sys=0.00, real=0.00 secs] 
48.302: [GC 48.302: [ParNew
Desired survivor size 557056 bytes, new threshold 2 (max 15)
- age   1:     449512 bytes,     449512 total
- age   2:     277032 bytes,     726544 total
: 1955K->824K(2304K), 0.0039776 secs] 979225K->978095K(1050880K), 0.0040559 secs] [Times: user=0.01 sys=0.00, real=0.01 secs] 
48.307: [GC 48.307: [ParNew
Desired survivor size 557056 bytes, new threshold 1 (max 15)
- age   1:     659088 bytes,     659088 total
- age   2:     419456 bytes,    1078544 total
: 2040K->1088K(2304K), 0.0048661 secs] 979311K->978718K(1050880K), 0.0049431 secs] [Times: user=0.02 sys=0.00, real=0.00 secs] 
48.315: [GC 48.315: [ParNew
Desired survivor size 557056 bytes, new threshold 15 (max 15)
- age   1:     479920 bytes,     479920 total
: 2304K->938K(2304K), 0.0078596 secs] 979934K->979622K(1050880K), 0.0079651 secs] [Times: user=0.02 sys=0.01, real=0.00 secs] 
48.324: [GC 48.324: [ParNew
Desired survivor size 557056 bytes, new threshold 2 (max 15)
- age   1:     353592 bytes,     353592 total
- age   2:     531120 bytes,     884712 total
: 2154K->1026K(2304K), 0.0054893 secs] 980838K->979709K(1050880K), 0.0055657 secs] [Times: user=0.01 sys=0.00, real=0.00 secs] 
48.332: [GC 48.333: [ParNew
Desired survivor size 557056 bytes, new threshold 1 (max 15)
- age   1:     894968 bytes,     894968 total
- age   2:     141120 bytes,    1036088 total
: 2242K->1088K(2304K), 0.0059072 secs] 980925K->980710K(1050880K), 0.0059896 secs] [Times: user=0.02 sys=0.00, real=0.01 secs] 
48.340: [GC 48.340: [ParNew
Desired survivor size 557056 bytes, new threshold 1 (max 15)
- age   1:     879168 bytes,     879168 total
: 2304K->1088K(2304K), 0.0069406 secs] 981926K->982018K(1050880K), 0.0070232 secs] [Times: user=0.02 sys=0.00, real=0.01 secs] 
48.350: [GC 48.350: [ParNew
Desired survivor size 557056 bytes, new threshold 1 (max 15)
- age   1:    1031392 bytes,    1031392 total
: 2304K->1088K(2304K), 0.0064050 secs] 983234K->983030K(1050880K), 0.0064896 secs] [Times: user=0.02 sys=0.00, real=0.01 secs] 
48.360: [GC 48.360: [ParNew
Desired survivor size 557056 bytes, new threshold 1 (max 15)
- age   1:     872520 bytes,     872520 total
: 2304K->1088K(2304K), 0.0078104 secs] 984246K->984333K(1050880K), 0.0079000 secs] [Times: user=0.02 sys=0.00, real=0.01 secs] 
48.374: [GC 48.374: [ParNew
Desired survivor size 557056 bytes, new threshold 1 (max 15)
- age   1:     802296 bytes,     802296 total
: 2304K->1088K(2304K), 0.0065456 secs] 985549K->985244K(1050880K), 0.0066553 secs] [Times: user=0.03 sys=0.01, real=0.01 secs] 
48.384: [GC 48.384: [ParNew
Desired survivor size 557056 bytes, new threshold 15 (max 15)
- age   1:     277240 bytes,     277240 total
: 2304K->848K(2304K), 0.0051784 secs] 986460K->985762K(1050880K), 0.0052863 secs] [Times: user=0.02 sys=0.00, real=0.01 secs] 
48.392: [GC 48.392: [ParNew
Desired survivor size 557056 bytes, new threshold 2 (max 15)
- age   1:     354056 bytes,     354056 total
- age   2:     277112 bytes,     631168 total
: 2064K->689K(2304K), 0.0039236 secs] 986978K->985603K(1050880K), 0.0040061 secs] [Times: user=0.01 sys=0.00, real=0.01 secs] 
48.397: [GC 48.397: [ParNew
Desired survivor size 557056 bytes, new threshold 2 (max 15)
- age   1:     536568 bytes,     536568 total
- age   2:     354016 bytes,     890584 total
: 1905K->1088K(2304K), 0.0054026 secs] 986819K->986272K(1050880K), 0.0054773 secs] [Times: user=0.01 sys=0.00, real=0.00 secs] 
48.404: [GC 48.404: [ParNew
Desired survivor size 557056 bytes, new threshold 15 (max 15)
- age   1:        240 bytes,        240 total
- age   2:     536496 bytes,     536736 total
: 2304K->1088K(2304K), 0.0042168 secs] 987488K->986617K(1050880K), 0.0042963 secs] [Times: user=0.01 sys=0.00, real=0.00 secs] 
48.410: [GC 48.410: [ParNew
Desired survivor size 557056 bytes, new threshold 3 (max 15)
- age   1:     241424 bytes,     241424 total
- age   2:         72 bytes,     241496 total
- age   3:     536496 bytes,     777992 total
: 2304K->976K(2304K), 0.0046740 secs] 987833K->986506K(1050880K), 0.0047542 secs] [Times: user=0.01 sys=0.00, real=0.01 secs] 
48.417: [GC 48.417: [ParNew
Desired survivor size 557056 bytes, new threshold 1 (max 15)
- age   1:     819664 bytes,     819664 total
- age   2:     218056 bytes,    1037720 total
- age   3:         72 bytes,    1037792 total
: 2192K->1088K(2304K), 0.0066032 secs] 987722K->987472K(1050880K), 0.0066886 secs] [Times: user=0.02 sys=0.00, real=0.00 secs] 
48.425: [GC 48.425: [ParNew
Desired survivor size 557056 bytes, new threshold 1 (max 15)
- age   1:     847400 bytes,     847400 total
: 2304K->1088K(2304K), 0.0062051 secs] 988688K->988486K(1050880K), 0.0062959 secs] [Times: user=0.02 sys=0.00, real=0.00 secs] 
48.436: [GC 48.436: [ParNew
Desired survivor size 557056 bytes, new threshold 15 (max 15)
- age   1:     366736 bytes,     366736 total
: 2304K->852K(2304K), 0.0065285 secs] 989702K->989078K(1050880K), 0.0066264 secs] [Times: user=0.01 sys=0.01, real=0.00 secs] 
48.445: [GC 48.445: [ParNew
Desired survivor size 557056 bytes, new threshold 2 (max 15)
- age   1:     280296 bytes,     280296 total
- age   2:     366656 bytes,     646952 total
: 2068K->781K(2304K), 0.0054526 secs] 990294K->989007K(1050880K), 0.0055324 secs] [Times: user=0.02 sys=0.00, real=0.00 secs] 
48.455: [GC 48.455: [ParNew
Desired survivor size 557056 bytes, new threshold 1 (max 15)
- age   1:     836960 bytes,     836960 total
- age   2:     275184 bytes,    1112144 total
: 1997K->1088K(2304K), 0.0100756 secs] 990223K->989894K(1050880K), 0.0101836 secs] [Times: user=0.03 sys=0.00, real=0.01 secs] 
48.468: [GC 48.468: [ParNew
Desired survivor size 557056 bytes, new threshold 15 (max 15)
- age   1:     418952 bytes,     418952 total
: 2304K->954K(2304K), 0.0062528 secs] 991110K->990847K(1050880K), 0.0063436 secs] [Times: user=0.02 sys=0.00, real=0.00 secs] 
48.476: [GC 48.476: [ParNew
Desired survivor size 557056 bytes, new threshold 2 (max 15)
- age   1:     534832 bytes,     534832 total
- age   2:     418952 bytes,     953784 total
: 2170K->1078K(2304K), 0.0049624 secs] 992063K->990970K(1050880K), 0.0050470 secs] [Times: user=0.01 sys=0.00, real=0.00 secs] 
48.484: [GC 48.484: [ParNew
Desired survivor size 557056 bytes, new threshold 1 (max 15)
- age   1:     619616 bytes,     619616 total
- age   2:     493720 bytes,    1113336 total
: 2294K->1088K(2304K), 0.0064279 secs] 992186K->992029K(1050880K), 0.0065139 secs] [Times: user=0.02 sys=0.00, real=0.00 secs] 
48.493: [GC 48.493: [ParNew
Desired survivor size 557056 bytes, new threshold 1 (max 15)
- age   1:     720160 bytes,     720160 total
: 2304K->1088K(2304K), 0.0071704 secs] 993245K->993620K(1050880K), 0.0072499 secs] [Times: user=0.02 sys=0.01, real=0.01 secs] 
48.503: [GC 48.503: [ParNew
Desired survivor size 557056 bytes, new threshold 1 (max 15)
- age   1:     839760 bytes,     839760 total
: 2304K->1088K(2304K), 0.0055815 secs] 994836K->994656K(1050880K), 0.0056647 secs] [Times: user=0.02 sys=0.00, real=0.01 secs] 
48.509: [GC 48.509: [ParNew
Desired survivor size 557056 bytes, new threshold 1 (max 15)
- age   1:     883128 bytes,     883128 total
: 2304K->1088K(2304K), 0.0066342 secs] 995872K->995578K(1050880K), 0.0067277 secs] [Times: user=0.02 sys=0.00, real=0.01 secs] 
48.517: [GC 48.517: [ParNew
Desired survivor size 557056 bytes, new threshold 1 (max 15)
- age   1:     905832 bytes,     905832 total
: 2304K->1088K(2304K), 0.0067684 secs] 996794K->996749K(1050880K), 0.0068577 secs] [Times: user=0.02 sys=0.00, real=0.01 secs] 
48.526: [GC 48.526: [ParNew
Desired survivor size 557056 bytes, new threshold 1 (max 15)
- age   1:    1073208 bytes,    1073208 total
: 2304K->1088K(2304K), 0.0058828 secs] 997965K->997734K(1050880K), 0.0059692 secs] [Times: user=0.03 sys=0.00, real=0.00 secs] 
48.533: [GC 48.533: [ParNew
Desired survivor size 557056 bytes, new threshold 1 (max 15)
- age   1:     618160 bytes,     618160 total
: 2304K->1088K(2304K), 0.0057922 secs] 998950K->998772K(1050880K), 0.0058766 secs] [Times: user=0.02 sys=0.00, real=0.01 secs] 
48.541: [GC 48.541: [ParNew
Desired survivor size 557056 bytes, new threshold 1 (max 15)
- age   1:    1064488 bytes,    1064488 total
: 2304K->1088K(2304K), 0.0077861 secs] 999988K->999478K(1050880K), 0.0078654 secs] [Times: user=0.02 sys=0.00, real=0.01 secs] 
48.550: [GC 48.551: [ParNew
Desired survivor size 557056 bytes, new threshold 1 (max 15)
- age   1:     647632 bytes,     647632 total
: 2304K->1086K(2304K), 0.0065245 secs] 1000694K->1000516K(1050880K), 0.0066148 secs] [Times: user=0.02 sys=0.00, real=0.01 secs] 
48.559: [GC 48.559: [ParNew
Desired survivor size 557056 bytes, new threshold 1 (max 15)
- age   1:     663232 bytes,     663232 total
: 2302K->908K(2304K), 0.0053301 secs] 1001732K->1000971K(1050880K), 0.0054108 secs] [Times: user=0.01 sys=0.00, real=0.01 secs] 
48.566: [GC 48.566: [ParNew
Desired survivor size 557056 bytes, new threshold 15 (max 15)
- age   1:     368912 bytes,     368912 total
: 2124K->749K(2304K), 0.0053427 secs] 1002187K->1001459K(1050880K), 0.0054399 secs] [Times: user=0.02 sys=0.00, real=0.00 secs] 
48.573: [GC 48.573: [ParNew
Desired survivor size 557056 bytes, new threshold 1 (max 15)
- age   1:     586736 bytes,     586736 total
- age   2:     368872 bytes,     955608 total
: 1965K->1088K(2304K), 0.0040888 secs] 1002675K->1001797K(1050880K), 0.0041671 secs] [Times: user=0.02 sys=0.00, real=0.01 secs] 
48.579: [GC 48.579: [ParNew
Desired survivor size 557056 bytes, new threshold 1 (max 15)
- age   1:     699992 bytes,     699992 total
: 2304K->1088K(2304K), 0.0059421 secs] 1003013K->1002790K(1050880K), 0.0060266 secs] [Times: user=0.02 sys=0.00, real=0.01 secs] 
48.586: [GC 48.586: [ParNew
Desired survivor size 557056 bytes, new threshold 1 (max 15)
- age   1:     988456 bytes,     988456 total
: 2304K->1088K(2304K), 0.0064902 secs] 1004006K->1003679K(1050880K), 0.0065717 secs] [Times: user=0.02 sys=0.00, real=0.00 secs] 
48.595: [GC 48.596: [ParNew
Desired survivor size 557056 bytes, new threshold 1 (max 15)
- age   1:     853152 bytes,     853152 total
: 2304K->1088K(2304K), 0.0090312 secs] 1004895K->1004979K(1050880K), 0.0091254 secs] [Times: user=0.03 sys=0.01, real=0.01 secs] 
48.607: [GC 48.607: [ParNew
Desired survivor size 557056 bytes, new threshold 1 (max 15)
- age   1:     990312 bytes,     990312 total
: 2304K->1088K(2304K), 0.0065018 secs] 1006195K->1006064K(1050880K), 0.0065858 secs] [Times: user=0.02 sys=0.00, real=0.00 secs] 
48.616: [GC 48.616: [ParNew
Desired survivor size 557056 bytes, new threshold 1 (max 15)
- age   1:     892240 bytes,     892240 total
: 2304K->1088K(2304K), 0.0077163 secs] 1007280K->1007356K(1050880K), 0.0077876 secs] [Times: user=0.03 sys=0.00, real=0.00 secs] 
48.627: [GC 48.627: [ParNew
Desired survivor size 557056 bytes, new threshold 1 (max 15)
- age   1:     655656 bytes,     655656 total
: 2304K->1088K(2304K), 0.0061841 secs] 1008572K->1008227K(1050880K), 0.0062695 secs] [Times: user=0.02 sys=0.00, real=0.00 secs] 
48.635: [GC 48.635: [ParNew
Desired survivor size 557056 bytes, new threshold 15 (max 15)
- age   1:     337248 bytes,     337248 total
: 2304K->692K(2304K), 0.0057998 secs] 1009443K->1008471K(1050880K), 0.0058991 secs] [Times: user=0.01 sys=0.00, real=0.00 secs] 
48.643: [GC 48.643: [ParNew
Desired survivor size 557056 bytes, new threshold 2 (max 15)
- age   1:     443744 bytes,     443744 total
- age   2:     337120 bytes,     780864 total
: 1908K->955K(2304K), 0.0042743 secs] 1009687K->1008735K(1050880K), 0.0043555 secs] [Times: user=0.01 sys=0.00, real=0.01 secs] 
48.649: [GC 48.649: [ParNew
Desired survivor size 557056 bytes, new threshold 2 (max 15)
- age   1:     503856 bytes,     503856 total
- age   2:     443552 bytes,     947408 total
: 2171K->1088K(2304K), 0.0051916 secs] 1009951K->1009196K(1050880K), 0.0052696 secs] [Times: user=0.02 sys=0.00, real=0.01 secs] 
48.655: [GC 48.655: [ParNew
Desired survivor size 557056 bytes, new threshold 2 (max 15)
- age   1:     355592 bytes,     355592 total
- age   2:     503792 bytes,     859384 total
: 2304K->1064K(2304K), 0.0055017 secs] 1010412K->1009606K(1050880K), 0.0055807 secs] [Times: user=0.02 sys=0.00, real=0.00 secs] 
48.662: [GC 48.662: [ParNew
Desired survivor size 557056 bytes, new threshold 15 (max 15)
- age   1:        144 bytes,        144 total
- age   2:     355464 bytes,     355608 total
: 2280K->842K(2304K), 0.0063334 secs] 1010822K->1009876K(1050880K), 0.0064148 secs] [Times: user=0.02 sys=0.00, real=0.01 secs] 
48.670: [GC 48.670: [ParNew
Desired survivor size 557056 bytes, new threshold 1 (max 15)
- age   1:     593656 bytes,     593656 total
- age   2:        112 bytes,     593768 total
- age   3:     355464 bytes,     949232 total
: 2058K->1088K(2304K), 0.0053066 secs] 1011092K->1010121K(1050880K), 0.0053843 secs] [Times: user=0.01 sys=0.00, real=0.01 secs] 
48.677: [GC 48.677: [ParNew
Desired survivor size 557056 bytes, new threshold 15 (max 15)
- age   1:     241776 bytes,     241776 total
: 2304K->780K(2304K), 0.0058825 secs] 1011337K->1010741K(1050880K), 0.0059650 secs] [Times: user=0.02 sys=0.00, real=0.00 secs] 
48.685: [GC 48.685: [ParNew
Desired survivor size 557056 bytes, new threshold 2 (max 15)
- age   1:     473056 bytes,     473056 total
- age   2:     241744 bytes,     714800 total
: 1996K->826K(2304K), 0.0041324 secs] 1011957K->1010786K(1050880K), 0.0042264 secs] [Times: user=0.02 sys=0.00, real=0.00 secs] 
48.693: [GC 48.693: [ParNew
Desired survivor size 557056 bytes, new threshold 2 (max 15)
- age   1:     448888 bytes,     448888 total
- age   2:     472448 bytes,     921336 total
: 2042K->1088K(2304K), 0.0056173 secs] 1012002K->1011286K(1050880K), 0.0057521 secs] [Times: user=0.02 sys=0.00, real=0.01 secs] 
48.701: [GC 48.701: [ParNew
Desired survivor size 557056 bytes, new threshold 2 (max 15)
- age   1:     382512 bytes,     382512 total
- age   2:     406216 bytes,     788728 total
: 2304K->1087K(2304K), 0.0048206 secs] 1012502K->1011788K(1050880K), 0.0049027 secs] [Times: user=0.01 sys=0.00, real=0.01 secs] 
48.708: [GC 48.708: [ParNew
Desired survivor size 557056 bytes, new threshold 1 (max 15)
- age   1:     919448 bytes,     919448 total
- age   2:     193776 bytes,    1113224 total
: 2303K->1088K(2304K), 0.0062636 secs] 1013004K->1012678K(1050880K), 0.0063508 secs] [Times: user=0.02 sys=0.00, real=0.01 secs] 
48.718: [GC 48.718: [ParNew
Desired survivor size 557056 bytes, new threshold 1 (max 15)
- age   1:     984616 bytes,     984616 total
: 2304K->1088K(2304K), 0.0068141 secs] 1013894K->1013886K(1050880K), 0.0068998 secs] [Times: user=0.02 sys=0.00, real=0.01 secs] 
48.726: [GC 48.726: [ParNew
Desired survivor size 557056 bytes, new threshold 15 (max 15)
- age   1:     257512 bytes,     257512 total
: 2304K->971K(2304K), 0.0064426 secs] 1015102K->1014731K(1050880K), 0.0065324 secs] [Times: user=0.01 sys=0.00, real=0.00 secs] 
48.735: [GC 48.735: [ParNew
Desired survivor size 557056 bytes, new threshold 1 (max 15)
- age   1:     636640 bytes,     636640 total
- age   2:     257512 bytes,     894152 total
: 2187K->1069K(2304K), 0.0052939 secs] 1015947K->1014829K(1050880K), 0.0053816 secs] [Times: user=0.02 sys=0.00, real=0.00 secs] 
48.743: [GC 48.743: [ParNew
Desired survivor size 557056 bytes, new threshold 15 (max 15)
- age   1:      87320 bytes,      87320 total
: 2285K->731K(2304K), 0.0060802 secs] 1016045K->1015364K(1050880K), 0.0061696 secs] [Times: user=0.02 sys=0.00, real=0.01 secs] 
48.750: [GC 48.750: [ParNew
Desired survivor size 557056 bytes, new threshold 15 (max 15)
- age   1:        120 bytes,        120 total
- age   2:      87208 bytes,      87328 total
: 1947K->210K(2304K), 0.0034704 secs] 1016580K->1014843K(1050880K), 0.0035476 secs] [Times: user=0.02 sys=0.00, real=0.00 secs] 
48.755: [GC 48.755: [ParNew
Desired survivor size 557056 bytes, new threshold 15 (max 15)
- age   1:     125384 bytes,     125384 total
- age   2:         80 bytes,     125464 total
- age   3:      87208 bytes,     212672 total
: 1426K->233K(2304K), 0.0046646 secs] 1016059K->1014866K(1050880K), 0.0047342 secs] [Times: user=0.02 sys=0.00, real=0.00 secs] 
48.761: [GC 48.762: [ParNew
Desired survivor size 557056 bytes, new threshold 15 (max 15)
- age   1:     253952 bytes,     253952 total
- age   2:     125384 bytes,     379336 total
- age   3:         40 bytes,     379376 total
- age   4:      87208 bytes,     466584 total
: 1449K->502K(2304K), 0.0036732 secs] 1016082K->1015136K(1050880K), 0.0037500 secs] [Times: user=0.01 sys=0.00, real=0.01 secs] 
48.768: [GC 48.768: [ParNew
Desired survivor size 557056 bytes, new threshold 3 (max 15)
- age   1:     266680 bytes,     266680 total
- age   2:     253880 bytes,     520560 total
- age   3:     125384 bytes,     645944 total
- age   4:         40 bytes,     645984 total
- age   5:      87208 bytes,     733192 total
: 1718K->840K(2304K), 0.0040322 secs] 1016352K->1015474K(1050880K), 0.0041227 secs] [Times: user=0.01 sys=0.00, real=0.00 secs] 
48.774: [GC 48.774: [ParNew
Desired survivor size 557056 bytes, new threshold 1 (max 15)
- age   1:     590600 bytes,     590600 total
- age   2:     266296 bytes,     856896 total
- age   3:     253880 bytes,    1110776 total
: 2056K->1088K(2304K), 0.0046729 secs] 1016690K->1016056K(1050880K), 0.0047573 secs] [Times: user=0.02 sys=0.01, real=0.00 secs] 
48.781: [GC 48.781: [ParNew
Desired survivor size 557056 bytes, new threshold 1 (max 15)
- age   1:     842352 bytes,     842352 total
: 2304K->1088K(2304K), 0.0077033 secs] 1017272K->1017524K(1050880K), 0.0077872 secs] [Times: user=0.03 sys=0.00, real=0.01 secs] 
48.792: [GC 48.792: [ParNew
Desired survivor size 557056 bytes, new threshold 1 (max 15)
- age   1:     871168 bytes,     871168 total
: 2304K->1088K(2304K), 0.0072577 secs] 1018740K->1018707K(1050880K), 0.0073409 secs] [Times: user=0.03 sys=0.00, real=0.01 secs] 
48.801: [GC 48.801: [ParNew
Desired survivor size 557056 bytes, new threshold 1 (max 15)
- age   1:    1046648 bytes,    1046648 total
: 2304K->1088K(2304K), 0.0068443 secs] 1019923K->1019737K(1050880K), 0.0069327 secs] [Times: user=0.02 sys=0.00, real=0.01 secs] 
48.810: [GC 48.810: [ParNew
Desired survivor size 557056 bytes, new threshold 1 (max 15)
- age   1:    1023728 bytes,    1023728 total
: 2304K->1088K(2304K), 0.0068818 secs] 1020953K->1020920K(1050880K), 0.0069633 secs] [Times: user=0.02 sys=0.00, real=0.01 secs] 
48.818: [GC 48.818: [ParNew
Desired survivor size 557056 bytes, new threshold 1 (max 15)
- age   1:     716888 bytes,     716888 total
: 2304K->1088K(2304K), 0.0068124 secs] 1022136K->1021910K(1050880K), 0.0068990 secs] [Times: user=0.02 sys=0.00, real=0.01 secs] 
48.827: [GC 48.827: [ParNew
Desired survivor size 557056 bytes, new threshold 15 (max 15)
- age   1:     463816 bytes,     463816 total
: 2304K->967K(2304K), 0.0051824 secs] 1023126K->1022489K(1050880K), 0.0052572 secs] [Times: user=0.02 sys=0.00, real=0.00 secs] 
48.833: [GC 48.833: [ParNew
Desired survivor size 557056 bytes, new threshold 2 (max 15)
- age   1:     358288 bytes,     358288 total
- age   2:     463776 bytes,     822064 total
: 2183K->999K(2304K), 0.0041507 secs] 1023705K->1022521K(1050880K), 0.0042294 secs] [Times: user=0.02 sys=0.00, real=0.01 secs] 
48.839: [GC 48.839: [ParNew
Desired survivor size 557056 bytes, new threshold 15 (max 15)
- age   1:        288 bytes,        288 total
- age   2:     358176 bytes,     358464 total
: 2215K->692K(2304K), 0.0045466 secs] 1023737K->1022667K(1050880K), 0.0046244 secs] [Times: user=0.02 sys=0.00, real=0.00 secs] 
48.845: [GC 48.845: [ParNew
Desired survivor size 557056 bytes, new threshold 3 (max 15)
- age   1:     419280 bytes,     419280 total
- age   2:        208 bytes,     419488 total
- age   3:     358176 bytes,     777664 total
: 1908K->913K(2304K), 0.0044063 secs] 1023883K->1022888K(1050880K), 0.0044858 secs] [Times: user=0.02 sys=0.00, real=0.00 secs] 
48.856: [GC 48.857: [ParNew
Desired survivor size 557056 bytes, new threshold 2 (max 15)
- age   1:     468864 bytes,     468864 total
- age   2:     399544 bytes,     868408 total
: 2129K->1088K(2304K), 0.0055309 secs] 1024104K->1023445K(1050880K), 0.0056158 secs] [Times: user=0.02 sys=0.00, real=0.00 secs] 
48.865: [GC 48.865: [ParNew
Desired survivor size 557056 bytes, new threshold 2 (max 15)
- age   1:     448656 bytes,     448656 total
- age   2:     407888 bytes,     856544 total
: 2304K->1088K(2304K), 0.0053060 secs] 1024661K->1023894K(1050880K), 0.0054013 secs] [Times: user=0.01 sys=0.00, real=0.00 secs] 
48.873: [GC 48.873: [ParNew
Desired survivor size 557056 bytes, new threshold 2 (max 15)
- age   1:     364056 bytes,     364056 total
- age   2:     426976 bytes,     791032 total
: 2304K->1088K(2304K), 0.0050671 secs] 1025110K->1024290K(1050880K), 0.0051561 secs] [Times: user=0.02 sys=0.00, real=0.01 secs] 
48.881: [GC 48.881: [ParNew
Desired survivor size 557056 bytes, new threshold 2 (max 15)
- age   1:     510216 bytes,     510216 total
- age   2:     358456 bytes,     868672 total
: 2304K->1088K(2304K), 0.0052205 secs] 1025506K->1024766K(1050880K), 0.0053115 secs] [Times: user=0.01 sys=0.00, real=0.01 secs] 
48.888: [GC 48.888: [ParNew
Desired survivor size 557056 bytes, new threshold 1 (max 15)
- age   1:     819496 bytes,     819496 total
- age   2:     294320 bytes,    1113816 total
: 2304K->1088K(2304K), 0.0065195 secs] 1025982K->1025635K(1050880K), 0.0066047 secs] [Times: user=0.02 sys=0.01, real=0.01 secs] 
48.899: [GC 48.899: [ParNew
Desired survivor size 557056 bytes, new threshold 1 (max 15)
- age   1:     906440 bytes,     906440 total
: 2304K->1088K(2304K), 0.0075140 secs] 1026851K->1026959K(1050880K), 0.0076457 secs] [Times: user=0.02 sys=0.00, real=0.01 secs] 
48.910: [GC 48.910: [ParNew
Desired survivor size 557056 bytes, new threshold 1 (max 15)
- age   1:    1023856 bytes,    1023856 total
: 2304K->1088K(2304K), 0.0069804 secs] 1028175K->1028022K(1050880K), 0.0070706 secs] [Times: user=0.02 sys=0.00, real=0.01 secs] 
48.919: [GC 48.919: [ParNew
Desired survivor size 557056 bytes, new threshold 1 (max 15)
- age   1:     704536 bytes,     704536 total
: 2304K->1088K(2304K), 0.0078207 secs] 1029238K->1029515K(1050880K), 0.0078987 secs] [Times: user=0.02 sys=0.00, real=0.01 secs] 
48.929: [GC 48.929: [ParNew
Desired survivor size 557056 bytes, new threshold 1 (max 15)
- age   1:    1055840 bytes,    1055840 total
: 2304K->1088K(2304K), 0.0058138 secs] 1030731K->1030380K(1050880K), 0.0058982 secs] [Times: user=0.02 sys=0.00, real=0.01 secs] 
48.937: [GC 48.937: [ParNew
Desired survivor size 557056 bytes, new threshold 1 (max 15)
- age   1:    1028616 bytes,    1028616 total
: 2304K->1088K(2304K), 0.0071354 secs] 1031596K->1031612K(1050880K), 0.0072146 secs] [Times: user=0.02 sys=0.01, real=0.00 secs] 
48.945: [GC 48.945: [ParNew
Desired survivor size 557056 bytes, new threshold 1 (max 15)
- age   1:    1002488 bytes,    1002488 total
: 2304K->1088K(2304K), 0.0067054 secs] 1032828K->1032844K(1050880K), 0.0067853 secs] [Times: user=0.02 sys=0.00, real=0.00 secs] 
48.954: [GC 48.954: [ParNew
Desired survivor size 557056 bytes, new threshold 15 (max 15)
- age   1:     405360 bytes,     405360 total
: 2304K->1088K(2304K), 0.0066080 secs] 1034060K->1033823K(1050880K), 0.0066949 secs] [Times: user=0.01 sys=0.00, real=0.01 secs] 
48.963: [GC 48.963: [ParNew
Desired survivor size 557056 bytes, new threshold 1 (max 15)
- age   1:     856384 bytes,     856384 total
- age   2:     253952 bytes,    1110336 total
: 2304K->1088K(2304K), 0.0053663 secs] 1035039K->1034337K(1050880K), 0.0054481 secs] [Times: user=0.02 sys=0.00, real=0.01 secs] 
48.970: [GC 48.970: [ParNew
Desired survivor size 557056 bytes, new threshold 1 (max 15)
- age   1:     666832 bytes,     666832 total
: 2304K->1088K(2304K), 0.0074512 secs] 1035553K->1035422K(1050880K), 0.0075360 secs] [Times: user=0.02 sys=0.00, real=0.01 secs] 
48.979: [GC 48.979: [ParNew
Desired survivor size 557056 bytes, new threshold 15 (max 15)
- age   1:     246904 bytes,     246904 total
: 2304K->586K(2304K), 0.0051745 secs] 1036638K->1035571K(1050880K), 0.0052578 secs] [Times: user=0.02 sys=0.00, real=0.01 secs] 
48.987: [GC 48.987: [ParNew
Desired survivor size 557056 bytes, new threshold 15 (max 15)
- age   1:     190104 bytes,     190104 total
- age   2:     246776 bytes,     436880 total
: 1802K->571K(2304K), 0.0045359 secs] 1036787K->1035556K(1050880K), 0.0046355 secs] [Times: user=0.02 sys=0.00, real=0.00 secs] 
48.995: [GC 48.995: [ParNew
Desired survivor size 557056 bytes, new threshold 2 (max 15)
- age   1:     475528 bytes,     475528 total
- age   2:     189976 bytes,     665504 total
- age   3:     246776 bytes,     912280 total
: 1787K->1022K(2304K), 0.0053529 secs] 1036772K->1036008K(1050880K), 0.0054348 secs] [Times: user=0.02 sys=0.00, real=0.00 secs] 
49.003: [GC 49.003: [ParNew
Desired survivor size 557056 bytes, new threshold 2 (max 15)
- age   1:     450360 bytes,     450360 total
- age   2:     440416 bytes,     890776 total
: 2238K->1088K(2304K), 0.0062944 secs] 1037224K->1036548K(1050880K), 0.0063840 secs] [Times: user=0.02 sys=0.00, real=0.01 secs] 
49.011: [GC 49.011: [ParNew
Desired survivor size 557056 bytes, new threshold 2 (max 15)
- age   1:     255056 bytes,     255056 total
- age   2:     450288 bytes,     705344 total
: 2304K->848K(2304K), 0.0052685 secs] 1037764K->1036739K(1050880K), 0.0053489 secs] [Times: user=0.01 sys=0.00, real=0.01 secs] 
49.017: [GC 49.017: [ParNew
Desired survivor size 557056 bytes, new threshold 15 (max 15)
- age   1:        280 bytes,        280 total
- age   2:     254928 bytes,     255208 total
: 2064K->701K(2304K), 0.0044609 secs] 1037955K->1037032K(1050880K), 0.0045525 secs] [Times: user=0.01 sys=0.00, real=0.00 secs] 
49.024: [GC 49.024: [ParNew
Desired survivor size 557056 bytes, new threshold 15 (max 15)
- age   1:        184 bytes,        184 total
- age   2:         72 bytes,        256 total
- age   3:     254928 bytes,     255184 total
: 1917K->356K(2304K), 0.0036244 secs] 1038248K->1036686K(1050880K), 0.0037031 secs] [Times: user=0.01 sys=0.00, real=0.01 secs] 
49.029: [GC 49.030: [ParNew
Desired survivor size 557056 bytes, new threshold 15 (max 15)
- age   1:     207376 bytes,     207376 total
- age   3:         72 bytes,     207448 total
- age   4:     254928 bytes,     462376 total
: 1572K->554K(2304K), 0.0058834 secs] 1037902K->1036884K(1050880K), 0.0059924 secs] [Times: user=0.01 sys=0.00, real=0.01 secs] 
49.041: [GC 49.041: [ParNew
Desired survivor size 557056 bytes, new threshold 15 (max 15)
- age   1:         72 bytes,         72 total
- age   2:     207344 bytes,     207416 total
- age   4:         72 bytes,     207488 total
- age   5:     254928 bytes,     462416 total
: 1770K->700K(2304K), 0.0069071 secs] 1038100K->1037030K(1050880K), 0.0069968 secs] [Times: user=0.01 sys=0.00, real=0.01 secs] 
49.050: [GC 49.050: [ParNew
Desired survivor size 557056 bytes, new threshold 1 (max 15)
- age   1:     569936 bytes,     569936 total
- age   3:     207344 bytes,     777280 total
- age   5:         72 bytes,     777352 total
- age   6:     228328 bytes,    1005680 total
: 1916K->1088K(2304K), 0.0054159 secs] 1038246K->1037444K(1050880K), 0.0055026 secs] [Times: user=0.02 sys=0.00, real=0.01 secs] 
49.057: [GC 49.057: [ParNew
Desired survivor size 557056 bytes, new threshold 1 (max 15)
- age   1:    1039288 bytes,    1039288 total
: 2304K->1088K(2304K), 0.0082381 secs] 1038660K->1038616K(1050880K), 0.0083244 secs] [Times: user=0.02 sys=0.01, real=0.01 secs] 
49.068: [GC 49.068: [ParNew
Desired survivor size 557056 bytes, new threshold 1 (max 15)
- age   1:     909560 bytes,     909560 total
: 2304K->1088K(2304K), 0.0070764 secs] 1039832K->1039882K(1050880K), 0.0071603 secs] [Times: user=0.02 sys=0.00, real=0.01 secs] 
49.076: [GC 49.077: [ParNew
Desired survivor size 557056 bytes, new threshold 1 (max 15)
- age   1:     694752 bytes,     694752 total
: 2304K->1088K(2304K), 0.0057933 secs] 1041098K->1040760K(1050880K), 0.0058790 secs] [Times: user=0.02 sys=0.00, real=0.00 secs] 
49.086: [GC 49.086: [ParNew
Desired survivor size 557056 bytes, new threshold 15 (max 15)
- age   1:     437720 bytes,     437720 total
: 2304K->920K(2304K), 0.0057327 secs] 1041976K->1041271K(1050880K), 0.0058536 secs] [Times: user=0.02 sys=0.00, real=0.00 secs] 
49.095: [GC 49.095: [ParNew
Desired survivor size 557056 bytes, new threshold 1 (max 15)
- age   1:     715496 bytes,     715496 total
- age   2:     393872 bytes,    1109368 total
: 2136K->1088K(2304K), 0.0064686 secs] 1042487K->1041990K(1050880K), 0.0065474 secs] [Times: user=0.02 sys=0.00, real=0.00 secs] 
49.103: [GC 49.103: [ParNew
Desired survivor size 557056 bytes, new threshold 15 (max 15)
- age   1:     233128 bytes,     233128 total
: 2304K->830K(2304K), 0.0063029 secs] 1043206K->1042816K(1050880K), 0.0063915 secs] [Times: user=0.02 sys=0.00, real=0.01 secs] 
49.111: [GC 49.111: [ParNew
Desired survivor size 557056 bytes, new threshold 15 (max 15)
- age   1:      37992 bytes,      37992 total
- age   2:     232992 bytes,     270984 total
: 2046K->330K(2304K), 0.0037465 secs] 1044032K->1042316K(1050880K), 0.0038238 secs] [Times: user=0.01 sys=0.00, real=0.01 secs] 
49.116: [GC 49.116: [ParNew
Desired survivor size 557056 bytes, new threshold 15 (max 15)
- age   1:     105216 bytes,     105216 total
- age   2:      37952 bytes,     143168 total
- age   3:     232992 bytes,     376160 total
: 1546K->503K(2304K), 0.0038655 secs] 1043532K->1042489K(1050880K), 0.0039466 secs] [Times: user=0.01 sys=0.00, real=0.00 secs] 
49.122: [GC 49.122: [ParNew
Desired survivor size 557056 bytes, new threshold 2 (max 15)
- age   1:     467872 bytes,     467872 total
- age   2:     105184 bytes,     573056 total
- age   3:      37952 bytes,     611008 total
- age   4:     232992 bytes,     844000 total
: 1719K->974K(2304K), 0.0044101 secs] 1043705K->1042960K(1050880K), 0.0045290 secs] [Times: user=0.02 sys=0.00, real=0.01 secs] 
49.131: [GC 49.131: [ParNew
Desired survivor size 557056 bytes, new threshold 2 (max 15)
- age   1:     169304 bytes,     169304 total
- age   2:     455616 bytes,     624920 total
: 2190K->1088K(2304K), 0.0051970 secs] 1044176K->1043441K(1050880K), 0.0053001 secs] [Times: user=0.02 sys=0.00, real=0.01 secs] 
49.141: [GC 49.141: [ParNew
Desired survivor size 557056 bytes, new threshold 1 (max 15)
- age   1:     912280 bytes,     912280 total
- age   2:     141680 bytes,    1053960 total
: 2304K->1087K(2304K), 0.0068863 secs] 1044657K->1044118K(1050880K), 0.0069688 secs] [Times: user=0.02 sys=0.00, real=0.01 secs] 
49.149: [GC 49.149: [ParNew
Desired survivor size 557056 bytes, new threshold 1 (max 15)
- age   1:     923568 bytes,     923568 total
: 2303K->1088K(2304K), 0.0060023 secs] 1045334K->1045153K(1050880K), 0.0060853 secs] [Times: user=0.02 sys=0.00, real=0.01 secs] 
49.157: [GC 49.157: [ParNew
Desired survivor size 557056 bytes, new threshold 15 (max 15)
- age   1:     434808 bytes,     434808 total
: 2304K->894K(2304K), 0.0068759 secs] 1046369K->1045861K(1050880K), 0.0069592 secs] [Times: user=0.02 sys=0.00, real=0.01 secs] 
49.167: [GC 49.167: [ParNew
Desired survivor size 557056 bytes, new threshold 2 (max 15)
- age   1:     331752 bytes,     331752 total
- age   2:     434688 bytes,     766440 total
: 2110K->997K(2304K), 0.0041842 secs] 1047077K->1045964K(1050880K), 0.0042701 secs] [Times: user=0.01 sys=0.00, real=0.00 secs] 
49.173: [GC 49.173: [ParNew
Desired survivor size 557056 bytes, new threshold 1 (max 15)
- age   1:     938288 bytes,     938288 total
- age   2:     175184 bytes,    1113472 total
: 2213K->1088K(2304K), 0.0066799 secs] 1047180K->1046869K(1050880K), 0.0067627 secs] [Times: user=0.02 sys=0.01, real=0.01 secs] 
49.182: [GC 49.182: [ParNew
Desired survivor size 557056 bytes, new threshold 1 (max 15)
- age   1:    1075648 bytes,    1075648 total
: 2304K->1088K(2304K), 0.0065108 secs] 1048085K->1048113K(1050880K), 0.0065981 secs] [Times: user=0.02 sys=0.00, real=0.01 secs] 
49.191: [Full GC 49.191: [CMS49.230: [CMS-concurrent-preclean: 0.353/1.463 secs] [Times: user=4.32 sys=0.26, real=1.46 secs] 
 (concurrent mode failure): 1047025K->241942K(1048576K), 0.9027552 secs] 1049329K->241942K(1050880K), [CMS Perm : 10684K->10682K(21248K)], 0.9045333 secs] [Times: user=0.90 sys=0.00, real=0.91 secs] 
50.520: [GC 50.520: [ParNew
Desired survivor size 178946048 bytes, new threshold 15 (max 15)
- age   1:  164476224 bytes,  164476224 total
: 349568K->161054K(699072K), 0.1786166 secs] 591510K->402997K(1747648K), 0.1787105 secs] [Times: user=0.50 sys=0.14, real=0.18 secs] 
50.987: [GC 50.987: [ParNew
Desired survivor size 178946048 bytes, new threshold 2 (max 15)
- age   1:  147480256 bytes,  147480256 total
- age   2:  158133464 bytes,  305613720 total
: 510622K->349504K(699072K), 0.3557214 secs] 752565K->591448K(1747648K), 0.3558172 secs] [Times: user=0.96 sys=0.27, real=0.35 secs] 
51.641: [GC 51.641: [ParNew
Desired survivor size 178946048 bytes, new threshold 2 (max 15)
- age   1:   53478288 bytes,   53478288 total
- age   2:  125831816 bytes,  179310104 total
: 699072K->317347K(699072K), 0.4308836 secs] 941016K->725331K(1747648K), 0.4309833 secs] [Times: user=1.25 sys=0.08, real=0.43 secs] 
52.094: [GC [1 CMS-initial-mark: 407983K(1048576K)] 757016K(1747648K), 0.1360108 secs] [Times: user=0.14 sys=0.00, real=0.13 secs] 
52.231: [CMS-concurrent-mark-start]
52.593: [GC 52.593: [ParNew
Desired survivor size 178946048 bytes, new threshold 15 (max 15)
- age   1:   96872600 bytes,   96872600 total
- age   2:   37741208 bytes,  134613808 total
: 666915K->225988K(699072K), 0.3162528 secs] 1074899K->748956K(1747648K), 0.3163490 secs] [Times: user=0.96 sys=0.03, real=0.32 secs] 
53.315: [GC 53.316: [ParNew
Desired survivor size 178946048 bytes, new threshold 1 (max 15)
- age   1:  198631928 bytes,  198631928 total
- age   2:   68147352 bytes,  266779280 total
- age   3:   37730568 bytes,  304509848 total
: 575556K->346716K(699072K), 0.3153364 secs] 1098524K->869684K(1747648K), 0.3154617 secs] [Times: user=0.88 sys=0.12, real=0.31 secs] 
53.735: [CMS-concurrent-mark: 0.851/1.505 secs] [Times: user=4.59 sys=0.27, real=1.51 secs] 
53.735: [CMS-concurrent-preclean-start]
53.747: [CMS-concurrent-preclean: 0.011/0.011 secs] [Times: user=0.04 sys=0.00, real=0.01 secs] 
53.747: [CMS-concurrent-abortable-preclean-start]
53.964: [GC 53.964: [ParNew
Desired survivor size 178946048 bytes, new threshold 15 (max 15)
- age   1:  138750856 bytes,  138750856 total
: 696284K->243423K(699072K), 0.4708339 secs] 1219252K->968033K(1747648K), 0.4709233 secs] [Times: user=1.43 sys=0.05, real=0.48 secs] 
54.722: [CMS-concurrent-abortable-preclean: 0.460/0.975 secs] [Times: user=3.01 sys=0.10, real=0.97 secs] 
54.723: [GC[YG occupancy: 526916 K (699072 K)]54.723: [Rescan (parallel) , 0.1444643 secs]54.867: [weak refs processing, 0.0000723 secs] [1 CMS-remark: 724610K(1048576K)] 1251526K(1747648K), 0.1446593 secs] [Times: user=0.52 sys=0.00, real=0.15 secs] 
54.868: [CMS-concurrent-sweep-start]
54.951: [GC 54.951: [ParNew
Desired survivor size 178946048 bytes, new threshold 2 (max 15)
- age   1:  149114760 bytes,  149114760 total
- age   2:  119249152 bytes,  268363912 total
: 592991K->335003K(699072K), 0.2566846 secs] 1279380K->1021393K(1747648K), 0.2567919 secs] [Times: user=0.77 sys=0.06, real=0.26 secs] 
55.520: [GC 55.520: [ParNew
Desired survivor size 178946048 bytes, new threshold 2 (max 15)
- age   1:   93380144 bytes,   93380144 total
- age   2:  103777232 bytes,  197157376 total
: 684571K->280591K(699072K), 0.3653502 secs] 1315699K->1012540K(1747648K), 0.3654723 secs] [Times: user=1.04 sys=0.05, real=0.37 secs] 
56.249: [GC 56.249: [ParNew
Desired survivor size 178946048 bytes, new threshold 2 (max 15)
- age   1:  132004816 bytes,  132004816 total
- age   2:   56013808 bytes,  188018624 total
: 630159K->300780K(699072K), 0.3405384 secs] 1293498K->1046972K(1747648K), 0.3406203 secs] [Times: user=0.97 sys=0.05, real=0.34 secs] 
56.929: [GC 56.930: [ParNew
Desired survivor size 178946048 bytes, new threshold 2 (max 15)
- age   1:   90631952 bytes,   90631952 total
- age   2:  114834752 bytes,  205466704 total
: 650348K->281757K(699072K), 0.2828607 secs] 1354666K->1032306K(1747648K), 0.2829691 secs] [Times: user=0.83 sys=0.05, real=0.28 secs] 
57.539: [CMS-concurrent-sweep: 1.393/2.672 secs] [Times: user=8.21 sys=0.36, real=2.67 secs] 
57.539: [CMS-concurrent-reset-start]
57.544: [CMS-concurrent-reset: 0.004/0.004 secs] [Times: user=0.01 sys=0.00, real=0.00 secs] 
57.559: [GC 57.559: [ParNew
Desired survivor size 178946048 bytes, new threshold 2 (max 15)
- age   1:  156000200 bytes,  156000200 total
- age   2:   45247464 bytes,  201247664 total
: 631325K->296171K(699072K), 0.4351006 secs] 1344636K->1097605K(1747648K), 0.4352540 secs] [Times: user=0.98 sys=0.06, real=0.43 secs] 
57.998: [GC [1 CMS-initial-mark: 801434K(1048576K)] 1100420K(1747648K), 0.1254145 secs] [Times: user=0.12 sys=0.00, real=0.12 secs] 
58.124: [CMS-concurrent-mark-start]
58.448: [GC 58.449: [ParNew
Desired survivor size 178946048 bytes, new threshold 2 (max 15)
- age   1:  100574776 bytes,  100574776 total
- age   2:   90957560 bytes,  191532336 total
: 645739K->245949K(699072K), 0.2674527 secs] 1447173K->1081139K(1747648K), 0.2675531 secs] [Times: user=0.74 sys=0.05, real=0.27 secs] 
59.069: [GC 59.069: [ParNew
Desired survivor size 178946048 bytes, new threshold 2 (max 15)
- age   1:  154217672 bytes,  154217672 total
- age   2:   62027544 bytes,  216245216 total
: 595517K->331576K(699072K), 0.3351066 secs] 1430707K->1240887K(1747648K), 0.3352009 secs] [Times: user=1.00 sys=0.05, real=0.34 secs] 
59.422: [CMS-concurrent-mark: 0.690/1.298 secs] [Times: user=4.00 sys=0.18, real=1.30 secs] 
59.422: [CMS-concurrent-preclean-start]
59.720: [CMS-concurrent-preclean: 0.297/0.298 secs] [Times: user=1.00 sys=0.03, real=0.30 secs] 
59.720: [CMS-concurrent-abortable-preclean-start]
59.747: [GC 59.747: [ParNew
Desired survivor size 178946048 bytes, new threshold 2 (max 15)
- age   1:  108787720 bytes,  108787720 total
- age   2:   79035440 bytes,  187823160 total
: 681144K->257188K(699072K), 0.2774673 secs] 1590455K->1221570K(1747648K), 0.2775918 secs] [Times: user=0.81 sys=0.05, real=0.28 secs] 
60.143: [CMS-concurrent-abortable-preclean: 0.143/0.423 secs] [Times: user=1.26 sys=0.06, real=0.42 secs] 
60.154: [GC[YG occupancy: 373620 K (699072 K)]60.154: [Rescan (parallel) , 0.0641931 secs]60.218: [weak refs processing, 0.0000798 secs] [1 CMS-remark: 964382K(1048576K)] 1338002K(1747648K), 0.0643830 secs] [Times: user=0.22 sys=0.00, real=0.07 secs] 
60.229: [CMS-concurrent-sweep-start]
60.443: [Full GC 60.443: [CMS61.124: [CMS-concurrent-sweep: 0.892/0.895 secs] [Times: user=1.38 sys=0.02, real=0.89 secs] 
 (concurrent mode failure): 932525K->193012K(1048576K), 1.3180807 secs] 1539281K->193012K(1747648K), [CMS Perm : 10727K->10727K(21248K)], 1.3182040 secs] [Times: user=1.32 sys=0.00, real=1.32 secs] 
62.077: [GC 62.077: [ParNew
Desired survivor size 178946048 bytes, new threshold 15 (max 15)
- age   1:  160025224 bytes,  160025224 total
: 349568K->189003K(699072K), 0.1809946 secs] 542580K->382016K(1747648K), 0.1810968 secs] [Times: user=0.48 sys=0.05, real=0.18 secs] 
62.603: [GC 62.603: [ParNew
Desired survivor size 178946048 bytes, new threshold 2 (max 15)
- age   1:  133415304 bytes,  133415304 total
- age   2:  140466888 bytes,  273882192 total
: 538571K->328891K(699072K), 0.2678781 secs] 731584K->521904K(1747648K), 0.2679713 secs] [Times: user=0.78 sys=0.07, real=0.27 secs] 
63.166: [GC 63.166: [ParNew
Desired survivor size 178946048 bytes, new threshold 2 (max 15)
- age   1:  167715288 bytes,  167715288 total
- age   2:   87013680 bytes,  254728968 total
: 678459K->349504K(699072K), 0.4373312 secs] 871472K->684399K(1747648K), 0.4374396 secs] [Times: user=1.31 sys=0.06, real=0.43 secs] 
63.603: [GC [1 CMS-initial-mark: 334895K(1048576K)] 684584K(1747648K), 0.1520235 secs] [Times: user=0.15 sys=0.00, real=0.16 secs] 
63.756: [CMS-concurrent-mark-start]
64.119: [GC 64.119: [ParNew
Desired survivor size 178946048 bytes, new threshold 15 (max 15)
- age   1:   77937080 bytes,   77937080 total
- age   2:   88840344 bytes,  166777424 total
: 699072K->246996K(699072K), 0.2915624 secs] 1033967K->646826K(1747648K), 0.2916770 secs] [Times: user=0.85 sys=0.05, real=0.29 secs] 
64.797: [GC 64.797: [ParNew
Desired survivor size 178946048 bytes, new threshold 2 (max 15)
- age   1:  163438192 bytes,  163438192 total
- age   2:   57551288 bytes,  220989480 total
- age   3:   82213800 bytes,  303203280 total
: 596564K->349504K(699072K), 0.3012370 secs] 996394K->749335K(1747648K), 0.3013349 secs] [Times: user=0.88 sys=0.07, real=0.30 secs] 
65.152: [CMS-concurrent-mark: 0.797/1.397 secs] [Times: user=4.28 sys=0.21, real=1.39 secs] 
65.152: [CMS-concurrent-preclean-start]
65.160: [CMS-concurrent-preclean: 0.007/0.007 secs] [Times: user=0.03 sys=0.00, real=0.01 secs] 
65.160: [CMS-concurrent-abortable-preclean-start]
65.429: [GC 65.429: [ParNew
Desired survivor size 178946048 bytes, new threshold 15 (max 15)
- age   1:   98244960 bytes,   98244960 total
- age   2:   74847952 bytes,  173092912 total
: 699072K->268048K(699072K), 0.3996329 secs] 1098903K->800266K(1747648K), 0.3997353 secs] [Times: user=1.17 sys=0.05, real=0.40 secs] 
66.138: [CMS-concurrent-abortable-preclean: 0.573/0.978 secs] [Times: user=2.99 sys=0.11, real=0.98 secs] 
66.158: [GC[YG occupancy: 587131 K (699072 K)]66.158: [Rescan (parallel) , 0.1333440 secs]66.292: [weak refs processing, 0.0000435 secs] [1 CMS-remark: 532217K(1048576K)] 1119349K(1747648K), 0.1335092 secs] [Times: user=0.47 sys=0.01, real=0.13 secs] 
66.292: [CMS-concurrent-sweep-start]
66.322: [GC 66.322: [ParNew
Desired survivor size 178946048 bytes, new threshold 15 (max 15)
- age   1:   63250800 bytes,   63250800 total
- age   2:   34350744 bytes,   97601544 total
- age   3:   56805800 bytes,  154407344 total
: 617616K->193788K(699072K), 0.1862888 secs] 1139686K->715858K(1747648K), 0.1864012 secs] [Times: user=0.47 sys=0.06, real=0.19 secs] 
66.849: [GC 66.849: [ParNew
Desired survivor size 178946048 bytes, new threshold 1 (max 15)
- age   1:  181418472 bytes,  181418472 total
- age   2:   41975488 bytes,  223393960 total
- age   3:   26425392 bytes,  249819352 total
- age   4:   52852832 bytes,  302672184 total
: 543356K->323078K(699072K), 0.2939495 secs] 1000909K->780630K(1747648K), 0.2940412 secs] [Times: user=0.90 sys=0.05, real=0.29 secs] 
67.539: [GC 67.539: [ParNew
Desired survivor size 178946048 bytes, new threshold 15 (max 15)
- age   1:  105567216 bytes,  105567216 total
: 672646K->262067K(699072K), 0.5426787 secs] 1024909K->784163K(1747648K), 0.5427726 secs] [Times: user=1.28 sys=0.06, real=0.54 secs] 
68.141: [CMS-concurrent-sweep: 0.820/1.849 secs] [Times: user=5.27 sys=0.25, real=1.85 secs] 
68.141: [CMS-concurrent-reset-start]
68.148: [CMS-concurrent-reset: 0.007/0.007 secs] [Times: user=0.01 sys=0.00, real=0.01 secs] 
68.406: [GC 68.406: [ParNew
Desired survivor size 178946048 bytes, new threshold 15 (max 15)
- age   1:   84710264 bytes,   84710264 total
- age   2:   89439304 bytes,  174149568 total
: 611635K->182580K(699072K), 0.2049658 secs] 1108807K->679752K(1747648K), 0.2050551 secs] [Times: user=0.50 sys=0.06, real=0.20 secs] 
68.612: [GC [1 CMS-initial-mark: 497171K(1048576K)] 679888K(1747648K), 0.1069047 secs] [Times: user=0.11 sys=0.00, real=0.11 secs] 
68.719: [CMS-concurrent-mark-start]
69.047: [GC 69.047: [ParNew
Desired survivor size 178946048 bytes, new threshold 3 (max 15)
- age   1:  121688584 bytes,  121688584 total
- age   2:   55151264 bytes,  176839848 total
- age   3:   89000120 bytes,  265839968 total
: 532148K->300747K(699072K), 0.2663509 secs] 1029320K->797919K(1747648K), 0.2664315 secs] [Times: user=0.78 sys=0.06, real=0.26 secs] 
69.668: [GC 69.668: [ParNew
Desired survivor size 178946048 bytes, new threshold 2 (max 15)
- age   1:  132572696 bytes,  132572696 total
- age   2:   71730976 bytes,  204303672 total
- age   3:   31736832 bytes,  236040504 total
: 650315K->349504K(699072K), 0.3777663 secs] 1147487K->924501K(1747648K), 0.3779051 secs] [Times: user=1.08 sys=0.06, real=0.38 secs] 
70.063: [CMS-concurrent-mark: 0.689/1.343 secs] [Times: user=4.08 sys=0.18, real=1.34 secs] 
70.063: [CMS-concurrent-preclean-start]
70.414: [GC 70.414: [ParNew
Desired survivor size 178946048 bytes, new threshold 2 (max 15)
- age   1:  153974736 bytes,  153974736 total
- age   2:   66441264 bytes,  220416000 total
: 699072K->288695K(699072K), 0.3499540 secs] 1274069K->923878K(1747648K), 0.3500353 secs] [Times: user=0.99 sys=0.06, real=0.35 secs] 
70.913: [CMS-concurrent-preclean: 0.497/0.850 secs] [Times: user=2.67 sys=0.11, real=0.85 secs] 
70.913: [CMS-concurrent-abortable-preclean-start]
71.095: [GC 71.095: [ParNew
Desired survivor size 178946048 bytes, new threshold 2 (max 15)
- age   1:   95731240 bytes,   95731240 total
- age   2:  103935016 bytes,  199666256 total
: 638263K->273970K(699072K), 0.3066862 secs] 1273446K->961581K(1747648K), 0.3067936 secs] [Times: user=0.87 sys=0.05, real=0.30 secs] 
71.402: [CMS-concurrent-abortable-preclean: 0.180/0.489 secs] [Times: user=1.51 sys=0.07, real=0.49 secs] 
71.403: [GC[YG occupancy: 275186 K (699072 K)]71.404: [Rescan (parallel) , 0.0646643 secs]71.468: [weak refs processing, 0.0000478 secs] [1 CMS-remark: 687610K(1048576K)] 962796K(1747648K), 0.0648357 secs] [Times: user=0.24 sys=0.00, real=0.07 secs] 
71.468: [CMS-concurrent-sweep-start]
71.813: [GC 71.813: [ParNew
Desired survivor size 178946048 bytes, new threshold 15 (max 15)
- age   1:  101642440 bytes,  101642440 total
- age   2:   52835584 bytes,  154478024 total
: 623538K->201033K(699072K), 0.3060996 secs] 1260570K->915919K(1747648K), 0.3062004 secs] [Times: user=0.87 sys=0.06, real=0.31 secs] 
72.460: [GC 72.460: [ParNew
Desired survivor size 178946048 bytes, new threshold 3 (max 15)
- age   1:   75656096 bytes,   75656096 total
- age   2:   70077208 bytes,  145733304 total
- age   3:   42950880 bytes,  188684184 total
: 550601K->326803K(699072K), 0.2170862 secs] 1234946K->1011147K(1747648K), 0.2172024 secs] [Times: user=0.58 sys=0.05, real=0.22 secs] 
73.078: [GC 73.078: [ParNew
Desired survivor size 178946048 bytes, new threshold 3 (max 15)
- age   1:  104302376 bytes,  104302376 total
- age   2:   29294160 bytes,  133596536 total
- age   3:   48099560 bytes,  181696096 total
: 676371K->219899K(699072K), 0.2969721 secs] 1288033K->864706K(1747648K), 0.2970907 secs] [Times: user=0.69 sys=0.07, real=0.30 secs] 
73.733: [GC 73.733: [ParNew
Desired survivor size 178946048 bytes, new threshold 2 (max 15)
- age   1:  136953696 bytes,  136953696 total
- age   2:   64108200 bytes,  201061896 total
- age   3:   28432568 bytes,  229494464 total
: 569467K->280986K(699072K), 0.3527720 secs] 1116691K->875181K(1747648K), 0.3528803 secs] [Times: user=0.98 sys=0.05, real=0.36 secs] 
74.417: [GC 74.417: [ParNew
Desired survivor size 178946048 bytes, new threshold 15 (max 15)
- age   1:   90729112 bytes,   90729112 total
- age   2:   38351864 bytes,  129080976 total
: 630554K->208226K(699072K), 0.2737304 secs] 1176526K->808688K(1747648K), 0.2738397 secs] [Times: user=0.67 sys=0.06, real=0.27 secs] 
74.801: [CMS-concurrent-sweep: 1.826/3.332 secs] [Times: user=9.68 sys=0.49, real=3.33 secs] 
74.801: [CMS-concurrent-reset-start]
74.805: [CMS-concurrent-reset: 0.005/0.005 secs] [Times: user=0.01 sys=0.00, real=0.01 secs] 
75.020: [GC 75.020: [ParNew
Desired survivor size 178946048 bytes, new threshold 2 (max 15)
- age   1:  163570600 bytes,  163570600 total
- age   2:   61589992 bytes,  225160592 total
- age   3:   35405736 bytes,  260566328 total
: 557794K->293197K(699072K), 0.2632843 secs] 1092014K->827417K(1747648K), 0.2633659 secs] [Times: user=0.76 sys=0.05, real=0.26 secs] 
75.580: [GC 75.580: [ParNew
Desired survivor size 178946048 bytes, new threshold 2 (max 15)
- age   1:  129154696 bytes,  129154696 total
- age   2:   94259496 bytes,  223414192 total
: 642765K->341241K(699072K), 0.3636722 secs] 1176985K->954630K(1747648K), 0.3637675 secs] [Times: user=1.06 sys=0.06, real=0.36 secs] 
75.945: [GC [1 CMS-initial-mark: 613389K(1048576K)] 954809K(1747648K), 0.1225100 secs] [Times: user=0.12 sys=0.00, real=0.12 secs] 
76.068: [CMS-concurrent-mark-start]
76.194: [CMS-concurrent-mark: 0.126/0.126 secs] [Times: user=0.43 sys=0.01, real=0.12 secs] 
76.194: [CMS-concurrent-preclean-start]
76.261: [CMS-concurrent-preclean: 0.068/0.068 secs] [Times: user=0.19 sys=0.01, real=0.07 secs] 
76.261: [CMS-concurrent-abortable-preclean-start]
76.427: [GC 76.428: [ParNew
Desired survivor size 178946048 bytes, new threshold 2 (max 15)
- age   1:  136813400 bytes,  136813400 total
- age   2:   82417680 bytes,  219231080 total
: 690809K->349504K(699072K), 0.3876525 secs] 1304198K->1036748K(1747648K), 0.3877641 secs] [Times: user=1.13 sys=0.05, real=0.39 secs] 
77.156: [GC 77.156: [ParNew
Desired survivor size 178946048 bytes, new threshold 2 (max 15)
- age   1:   82552408 bytes,   82552408 total
- age   2:  105456696 bytes,  188009104 total
: 699072K->269620K(699072K), 0.3270061 secs] 1386316K->1028379K(1747648K), 0.3271017 secs] [Times: user=0.95 sys=0.05, real=0.32 secs] 
77.678: [CMS-concurrent-abortable-preclean: 0.695/1.416 secs] [Times: user=4.28 sys=0.17, real=1.42 secs] 
77.681: [GC[YG occupancy: 453496 K (699072 K)]77.681: [Rescan (parallel) , 0.1106573 secs]77.792: [weak refs processing, 0.0001093 secs] [1 CMS-remark: 758758K(1048576K)] 1212255K(1747648K), 0.1109106 secs] [Times: user=0.36 sys=0.01, real=0.11 secs] 
77.792: [CMS-concurrent-sweep-start]
77.957: [GC 77.957: [ParNew
Desired survivor size 178946048 bytes, new threshold 15 (max 15)
- age   1:   87094104 bytes,   87094104 total
- age   2:   43615144 bytes,  130709248 total
: 619188K->191626K(699072K), 0.2798163 secs] 1333021K->981445K(1747648K), 0.2799333 secs] [Times: user=0.77 sys=0.05, real=0.28 secs] 
78.621: [GC 78.621: [ParNew
Desired survivor size 178946048 bytes, new threshold 2 (max 15)
- age   1:  164128792 bytes,  164128792 total
- age   2:   48823536 bytes,  212952328 total
- age   3:   31356496 bytes,  244308824 total
: 541194K->287282K(699072K), 0.2534878 secs] 1279949K->1026036K(1747648K), 0.2535867 secs] [Times: user=0.73 sys=0.05, real=0.26 secs] 
79.208: [GC 79.208: [ParNew
Desired survivor size 178946048 bytes, new threshold 2 (max 15)
- age   1:  128086576 bytes,  128086576 total
- age   2:   74602904 bytes,  202689480 total
: 636850K->322269K(699072K), 0.3181241 secs] 1342486K->1083603K(1747648K), 0.3182288 secs] [Times: user=0.94 sys=0.05, real=0.32 secs] 
79.889: [GC 79.889: [ParNew
Desired survivor size 178946048 bytes, new threshold 2 (max 15)
- age   1:  123930176 bytes,  123930176 total
- age   2:   66468896 bytes,  190399072 total
: 671837K->252706K(699072K), 0.3798677 secs] 1339537K->966885K(1747648K), 0.3800374 secs] [Times: user=0.87 sys=0.08, real=0.38 secs] 
80.664: [GC 80.665: [ParNew
Desired survivor size 178946048 bytes, new threshold 15 (max 15)
- age   1:   77498576 bytes,   77498576 total
- age   2:   65612632 bytes,  143111208 total
: 602274K->189994K(699072K), 0.2495759 secs] 1248734K->884137K(1747648K), 0.2496763 secs] [Times: user=0.69 sys=0.06, real=0.25 secs] 
81.263: [GC 81.263: [ParNew
Desired survivor size 178946048 bytes, new threshold 2 (max 15)
- age   1:  117941360 bytes,  117941360 total
- age   2:   62054512 bytes,  179995872 total
- age   3:   59727784 bytes,  239723656 total
: 539562K->304630K(699072K), 0.2445811 secs] 1192211K->957279K(1747648K), 0.2446786 secs] [Times: user=0.71 sys=0.05, real=0.25 secs] 
81.863: [GC 81.863: [ParNew
Desired survivor size 178946048 bytes, new threshold 2 (max 15)
- age   1:  166426392 bytes,  166426392 total
- age   2:   79382816 bytes,  245809208 total
: 654198K->349504K(699072K), 0.4002999 secs] 1263471K->1056083K(1747648K), 0.4003945 secs] [Times: user=1.20 sys=0.05, real=0.40 secs] 
82.635: [GC 82.635: [ParNew
Desired survivor size 178946048 bytes, new threshold 2 (max 15)
- age   1:  102824912 bytes,  102824912 total
- age   2:  120164696 bytes,  222989608 total
: 699072K->291813K(699072K), 0.3599921 secs] 1312379K->973470K(1747648K), 0.3600999 secs] [Times: user=1.06 sys=0.06, real=0.36 secs] 
83.269: [CMS-concurrent-sweep: 2.914/5.477 secs] [Times: user=16.40 sys=0.76, real=5.48 secs] 
83.269: [CMS-concurrent-reset-start]
83.274: [CMS-concurrent-reset: 0.005/0.005 secs] [Times: user=0.02 sys=0.00, real=0.01 secs] 
83.322: [GC 83.322: [ParNew
Desired survivor size 178946048 bytes, new threshold 2 (max 15)
- age   1:  150798640 bytes,  150798640 total
- age   2:   88641136 bytes,  239439776 total
: 641381K->332527K(699072K), 0.4005762 secs] 1262455K->1062554K(1747648K), 0.4006754 secs] [Times: user=1.21 sys=0.05, real=0.40 secs] 
83.724: [GC [1 CMS-initial-mark: 730027K(1048576K)] 1062689K(1747648K), 0.1400504 secs] [Times: user=0.14 sys=0.00, real=0.14 secs] 
83.864: [CMS-concurrent-mark-start]
84.216: [GC 84.216: [ParNew
Desired survivor size 178946048 bytes, new threshold 15 (max 15)
- age   1:   55836840 bytes,   55836840 total
- age   2:   86863160 bytes,  142700000 total
: 682095K->230792K(699072K), 0.3108738 secs] 1412122K->1039264K(1747648K), 0.3109628 secs] [Times: user=0.85 sys=0.05, real=0.31 secs] 
84.916: [GC 84.916: [ParNew
Desired survivor size 178946048 bytes, new threshold 3 (max 15)
- age   1:  133380344 bytes,  133380344 total
- age   2:   40607360 bytes,  173987704 total
- age   3:   67819064 bytes,  241806768 total
: 580360K->324428K(699072K), 0.3157789 secs] 1388832K->1132901K(1747648K), 0.3159002 secs] [Times: user=0.76 sys=0.07, real=0.31 secs] 
85.387: [CMS-concurrent-mark: 0.890/1.523 secs] [Times: user=4.39 sys=0.20, real=1.52 secs] 
85.387: [CMS-concurrent-preclean-start]
85.418: [CMS-concurrent-preclean: 0.031/0.031 secs] [Times: user=0.03 sys=0.00, real=0.03 secs] 
85.419: [CMS-concurrent-abortable-preclean-start]
85.668: [GC 85.668: [ParNew
Desired survivor size 178946048 bytes, new threshold 15 (max 15)
- age   1:   76141320 bytes,   76141320 total
- age   2:   30313920 bytes,  106455240 total
- age   3:   25798192 bytes,  132253432 total
: 673996K->217658K(699072K), 0.2752033 secs] 1482469K->1080205K(1747648K), 0.2753015 secs] [Times: user=0.76 sys=0.05, real=0.27 secs] 
86.293: [GC 86.293: [ParNew
Desired survivor size 178946048 bytes, new threshold 3 (max 15)
- age   1:  110086656 bytes,  110086656 total
- age   2:   45903752 bytes,  155990408 total
- age   3:   23534288 bytes,  179524696 total
- age   4:   25784456 bytes,  205309152 total
: 567226K->231406K(699072K), 0.2299986 secs] 1429773K->1093953K(1747648K), 0.2301027 secs] [Times: user=0.63 sys=0.06, real=0.23 secs] 
86.528: [CMS-concurrent-abortable-preclean: 0.576/1.110 secs] [Times: user=3.27 sys=0.18, real=1.11 secs] 
86.535: [GC[YG occupancy: 244245 K (699072 K)]86.535: [Rescan (parallel) , 0.0446946 secs]86.580: [weak refs processing, 0.0000893 secs] [1 CMS-remark: 862547K(1048576K)] 1106792K(1747648K), 0.0448877 secs] [Times: user=0.16 sys=0.00, real=0.04 secs] 
86.580: [CMS-concurrent-sweep-start]
86.940: [GC 86.940: [ParNew
Desired survivor size 178946048 bytes, new threshold 15 (max 15)
- age   1:   72714224 bytes,   72714224 total
- age   2:   40561240 bytes,  113275464 total
- age   3:   16542208 bytes,  129817672 total
: 580974K->176086K(699072K), 0.2217147 secs] 1380682K->1007734K(1747648K), 0.2218096 secs] [Times: user=0.59 sys=0.06, real=0.22 secs] 
87.534: [GC 87.534: [ParNew
Desired survivor size 178946048 bytes, new threshold 1 (max 15)
- age   1:  209504360 bytes,  209504360 total
- age   2:   42566288 bytes,  252070648 total
- age   3:   23462776 bytes,  275533424 total
- age   4:   11305928 bytes,  286839352 total
: 525654K->347751K(699072K), 0.2873017 secs] 1276724K->1098821K(1747648K), 0.2873937 secs] [Times: user=0.86 sys=0.05, real=0.29 secs] 
88.158: [GC 88.158: [ParNew
Desired survivor size 178946048 bytes, new threshold 15 (max 15)
- age   1:  129596680 bytes,  129596680 total
: 697319K->244861K(699072K), 0.3982524 secs] 1413697K->1090333K(1747648K), 0.3983507 secs] [Times: user=1.11 sys=0.05, real=0.40 secs] 
88.899: [GC 88.899: [ParNew
Desired survivor size 178946048 bytes, new threshold 2 (max 15)
- age   1:  131358032 bytes,  131358032 total
- age   2:  104859552 bytes,  236217584 total
: 594429K->326025K(699072K), 0.2477091 secs] 1354552K->1086148K(1747648K), 0.2478086 secs] [Times: user=0.72 sys=0.05, real=0.25 secs] 
89.516: [GC 89.516: [ParNew
Desired survivor size 178946048 bytes, new threshold 2 (max 15)
- age   1:  130215544 bytes,  130215544 total
- age   2:   98073832 bytes,  228289376 total
: 675593K->349504K(699072K), 0.3957710 secs] 1341660K->1110791K(1747648K), 0.3958755 secs] [Times: user=1.17 sys=0.06, real=0.39 secs] 
90.297: [GC 90.297: [ParNew
Desired survivor size 178946048 bytes, new threshold 15 (max 15)
- age   1:   74317168 bytes,   74317168 total
- age   2:   65376624 bytes,  139693792 total
: 699072K->217249K(699072K), 0.3981403 secs] 1376344K->983704K(1747648K), 0.3982966 secs] [Times: user=0.86 sys=0.07, real=0.40 secs] 
91.073: [GC 91.073: [ParNew
Desired survivor size 178946048 bytes, new threshold 3 (max 15)
- age   1:   96961344 bytes,   96961344 total
- age   2:   40444904 bytes,  137406248 total
- age   3:   52820256 bytes,  190226504 total
: 566817K->313254K(699072K), 0.2161128 secs] 1304473K->1050910K(1747648K), 0.2162048 secs] [Times: user=0.58 sys=0.05, real=0.22 secs] 
91.369: [CMS-concurrent-sweep: 2.518/4.788 secs] [Times: user=14.11 sys=0.67, real=4.79 secs] 
91.369: [CMS-concurrent-reset-start]
91.374: [CMS-concurrent-reset: 0.005/0.005 secs] [Times: user=0.01 sys=0.00, real=0.01 secs] 
91.638: [GC 91.638: [ParNew
Desired survivor size 178946048 bytes, new threshold 2 (max 15)
- age   1:  158832024 bytes,  158832024 total
- age   2:   57156752 bytes,  215988776 total
- age   3:   21059392 bytes,  237048168 total
: 662822K->299254K(699072K), 0.3005543 secs] 1326700K->998009K(1747648K), 0.3006819 secs] [Times: user=0.87 sys=0.06, real=0.30 secs] 
91.939: [GC [1 CMS-initial-mark: 698755K(1048576K)] 998009K(1747648K), 0.1275797 secs] [Times: user=0.12 sys=0.00, real=0.13 secs] 
92.067: [CMS-concurrent-mark-start]
92.187: [CMS-concurrent-mark: 0.120/0.120 secs] [Times: user=0.42 sys=0.01, real=0.12 secs] 
92.187: [CMS-concurrent-preclean-start]
92.192: [CMS-concurrent-preclean: 0.005/0.005 secs] [Times: user=0.02 sys=0.00, real=0.00 secs] 
92.192: [CMS-concurrent-abortable-preclean-start]
92.413: [GC 92.413: [ParNew
Desired survivor size 178946048 bytes, new threshold 15 (max 15)
- age   1:   98485808 bytes,   98485808 total
- age   2:   75231800 bytes,  173717608 total
: 648822K->251030K(699072K), 0.3147068 secs] 1347577K->1008042K(1747648K), 0.3148014 secs] [Times: user=0.86 sys=0.06, real=0.32 secs] 
93.071: [GC 93.071: [ParNew
Desired survivor size 178946048 bytes, new threshold 2 (max 15)
- age   1:  126211136 bytes,  126211136 total
- age   2:   76861184 bytes,  203072320 total
- age   3:   59946736 bytes,  263019056 total
: 600598K->349504K(699072K), 0.2732683 secs] 1357610K->1106516K(1747648K), 0.2733604 secs] [Times: user=0.79 sys=0.06, real=0.28 secs] 
93.398: [CMS-concurrent-abortable-preclean: 0.562/1.207 secs] [Times: user=3.58 sys=0.18, real=1.21 secs] 
93.401: [GC[YG occupancy: 405463 K (699072 K)]93.401: [Rescan (parallel) , 0.0684967 secs]93.470: [weak refs processing, 0.0000955 secs] [1 CMS-remark: 757012K(1048576K)] 1162476K(1747648K), 0.0686902 secs] [Times: user=0.24 sys=0.01, real=0.07 secs] 
93.470: [CMS-concurrent-sweep-start]
93.757: [GC 93.757: [ParNew
Desired survivor size 178946048 bytes, new threshold 2 (max 15)
- age   1:  153341576 bytes,  153341576 total
- age   2:   74158352 bytes,  227499928 total
: 699072K->349504K(699072K), 0.4193807 secs] 1420406K->1186172K(1747648K), 0.4194700 secs] [Times: user=1.26 sys=0.06, real=0.42 secs] 
94.548: [GC 94.548: [ParNew
Desired survivor size 178946048 bytes, new threshold 2 (max 15)
- age   1:  126947160 bytes,  126947160 total
- age   2:  115223680 bytes,  242170840 total
: 699072K->349504K(699072K), 0.3569020 secs] 1435445K->1145407K(1747648K), 0.3570042 secs] [Times: user=1.05 sys=0.06, real=0.36 secs] 
95.260: [GC 95.261: [ParNew
Desired survivor size 178946048 bytes, new threshold 2 (max 15)
- age   1:  112629600 bytes,  112629600 total
- age   2:   92751912 bytes,  205381512 total
: 699072K->292300K(699072K), 0.4805918 secs] 1377341K->1068941K(1747648K), 0.4807309 secs] [Times: user=1.07 sys=0.09, real=0.48 secs] 
96.113: [GC 96.114: [ParNew
Desired survivor size 178946048 bytes, new threshold 2 (max 15)
- age   1:  169045712 bytes,  169045712 total
- age   2:   72850256 bytes,  241895968 total
: 641868K->349504K(699072K), 0.3820357 secs] 1365944K->1152839K(1747648K), 0.3821243 secs] [Times: user=1.12 sys=0.06, real=0.39 secs] 
96.803: [GC 96.803: [ParNew
Desired survivor size 178946048 bytes, new threshold 2 (max 15)
- age   1:  102878016 bytes,  102878016 total
- age   2:  119211400 bytes,  222089416 total
: 699072K->286740K(699072K), 0.3524698 secs] 1464352K->1120717K(1747648K), 0.3525755 secs] [Times: user=1.03 sys=0.06, real=0.36 secs] 
97.543: [GC 97.543: [ParNew
Desired survivor size 178946048 bytes, new threshold 2 (max 15)
- age   1:  125804040 bytes,  125804040 total
- age   2:   75333776 bytes,  201137816 total
: 636308K->275012K(699072K), 0.3627461 secs] 1404120K->1136005K(1747648K), 0.3628479 secs] [Times: user=1.06 sys=0.05, real=0.37 secs] 
98.275: [GC 98.275: [ParNew
Desired survivor size 178946048 bytes, new threshold 2 (max 15)
- age   1:  126268312 bytes,  126268312 total
- age   2:   88388192 bytes,  214656504 total
: 624580K->349504K(699072K), 0.3480011 secs] 1393761K->1184437K(1747648K), 0.3481003 secs] [Times: user=0.96 sys=0.06, real=0.34 secs] 
98.942: [GC 98.942: [ParNew
Desired survivor size 178946048 bytes, new threshold 2 (max 15)
- age   1:  150816488 bytes,  150816488 total
- age   2:   74142608 bytes,  224959096 total
: 699072K->290677K(699072K), 0.3464703 secs] 1481871K->1144913K(1747648K), 0.3465606 secs] [Times: user=1.02 sys=0.05, real=0.35 secs] 
99.444: [CMS-concurrent-sweep: 2.887/5.974 secs] [Times: user=17.94 sys=0.78, real=5.98 secs] 
99.444: [CMS-concurrent-reset-start]
99.622: [CMS-concurrent-reset: 0.178/0.178 secs] [Times: user=0.60 sys=0.02, real=0.17 secs] 
99.668: [GC 99.668: [ParNew
Desired survivor size 178946048 bytes, new threshold 2 (max 15)
- age   1:  111979656 bytes,  111979656 total
- age   2:  101594304 bytes,  213573960 total
: 640245K->344858K(699072K), 0.3254956 secs] 1430365K->1187530K(1747648K), 0.3256351 secs] [Times: user=0.92 sys=0.06, real=0.32 secs] 
99.995: [GC [1 CMS-initial-mark: 842672K(1048576K)] 1187723K(1747648K), 0.1294750 secs] [Times: user=0.13 sys=0.00, real=0.13 secs] 
100.125: [CMS-concurrent-mark-start]
100.526: [GC 100.526: [ParNew
Desired survivor size 178946048 bytes, new threshold 15 (max 15)
- age   1:   81942936 bytes,   81942936 total
- age   2:   60713312 bytes,  142656248 total
: 694426K->205691K(699072K), 0.3919066 secs] 1537098K->1130635K(1747648K), 0.3920211 secs] [Times: user=0.92 sys=0.06, real=0.39 secs] 
100.940: [CMS-concurrent-mark: 0.413/0.815 secs] [Times: user=2.11 sys=0.08, real=0.81 secs] 
100.940: [CMS-concurrent-preclean-start]
101.268: [GC 101.268: [ParNew
Desired survivor size 178946048 bytes, new threshold 15 (max 15)
- age   1:   57475584 bytes,   57475584 total
- age   2:   56796032 bytes,  114271616 total
- age   3:   43139264 bytes,  157410880 total
: 555259K->233860K(699072K), 0.1892576 secs] 1480203K->1158804K(1747648K), 0.1893503 secs] [Times: user=0.48 sys=0.06, real=0.19 secs] 
101.502: [CMS-concurrent-preclean: 0.365/0.561 secs] [Times: user=1.60 sys=0.09, real=0.56 secs] 
101.502: [CMS-concurrent-abortable-preclean-start]
101.779: [GC 101.779: [ParNew
Desired survivor size 178946048 bytes, new threshold 4 (max 15)
- age   1:   82800168 bytes,   82800168 total
- age   2:   23080104 bytes,  105880272 total
- age   3:   47494768 bytes,  153375040 total
- age   4:   37387736 bytes,  190762776 total
: 583428K->308536K(699072K), 0.2101813 secs] 1508372K->1233480K(1747648K), 0.2102846 secs] [Times: user=0.59 sys=0.05, real=0.21 secs] 
102.090: [CMS-concurrent-abortable-preclean: 0.276/0.588 secs] [Times: user=1.82 sys=0.09, real=0.59 secs] 
102.092: [GC[YG occupancy: 390423 K (699072 K)]102.092: [Rescan (parallel) , 0.0965043 secs]102.189: [weak refs processing, 0.0000823 secs] [1 CMS-remark: 924944K(1048576K)] 1315367K(1747648K), 0.0967073 secs] [Times: user=0.28 sys=0.01, real=0.10 secs] 
102.189: [CMS-concurrent-sweep-start]
102.508: [GC 102.509: [ParNew
Desired survivor size 178946048 bytes, new threshold 2 (max 15)
- age   1:  148710984 bytes,  148710984 total
- age   2:   42326328 bytes,  191037312 total
- age   3:   19863176 bytes,  210900488 total
- age   4:   40928616 bytes,  251829104 total
: 658104K->349504K(699072K), 0.3271567 secs] 1498898K->1226808K(1747648K), 0.3273551 secs] [Times: user=0.93 sys=0.07, real=0.33 secs] 
103.178: [GC 103.178: [ParNew
Desired survivor size 178946048 bytes, new threshold 2 (max 15)
- age   1:  131395952 bytes,  131395952 total
- age   2:   81280616 bytes,  212676568 total
: 699072K->286271K(699072K), 0.3206480 secs] 1523679K->1171039K(1747648K), 0.3207479 secs] [Times: user=0.95 sys=0.06, real=0.32 secs] 
103.843: [GC 103.843: [ParNew
Desired survivor size 178946048 bytes, new threshold 2 (max 15)
- age   1:  145629360 bytes,  145629360 total
- age   2:   84338232 bytes,  229967592 total
: 635839K->319534K(699072K), 0.3321873 secs] 1477493K->1213135K(1747648K), 0.3322673 secs] [Times: user=0.98 sys=0.06, real=0.34 secs] 
104.586: [GC 104.586: [ParNew
Desired survivor size 178946048 bytes, new threshold 2 (max 15)
- age   1:   94385224 bytes,   94385224 total
- age   2:   95327960 bytes,  189713184 total
: 669102K->221688K(699072K), 0.4301183 secs] 1431533K->1056447K(1747648K), 0.4302223 secs] [Times: user=0.99 sys=0.06, real=0.43 secs] 
105.334: [GC 105.334: [ParNew
Desired survivor size 178946048 bytes, new threshold 15 (max 15)
- age   1:   62632688 bytes,   62632688 total
- age   2:   76274648 bytes,  138907336 total
: 571256K->194372K(699072K), 0.2942903 secs] 1310780K->1017879K(1747648K), 0.2943819 secs] [Times: user=0.83 sys=0.05, real=0.30 secs] 
106.038: [GC 106.038: [ParNew
Desired survivor size 178946048 bytes, new threshold 3 (max 15)
- age   1:  109935960 bytes,  109935960 total
- age   2:   32760464 bytes,  142696424 total
- age   3:   59785776 bytes,  202482200 total
: 543940K->300663K(699072K), 0.2226580 secs] 1299937K->1056661K(1747648K), 0.2227863 secs] [Times: user=0.62 sys=0.06, real=0.22 secs] 
106.623: [GC 106.623: [ParNew
Desired survivor size 178946048 bytes, new threshold 1 (max 15)
- age   1:  180034208 bytes,  180034208 total
- age   2:   76389904 bytes,  256424112 total
- age   3:   17287920 bytes,  273712032 total
: 650231K->349504K(699072K), 0.3624738 secs] 1327281K->1084936K(1747648K), 0.3625612 secs] [Times: user=1.08 sys=0.06, real=0.37 secs] 
107.307: [GC 107.307: [ParNew
Desired survivor size 178946048 bytes, new threshold 15 (max 15)
- age   1:  158011864 bytes,  158011864 total
: 699072K->246943K(699072K), 0.4448096 secs] 1385711K->1096142K(1747648K), 0.4449284 secs] [Times: user=1.30 sys=0.06, real=0.44 secs] 
108.109: [Full GC 108.109: [CMS108.164: [CMS-concurrent-sweep: 3.213/5.975 secs] [Times: user=17.77 sys=0.78, real=5.97 secs] 
 (concurrent mode failure): 769134K->205650K(1048576K), 0.9134322 secs] 1365646K->205650K(1747648K), [CMS Perm : 10793K->10793K(21248K)], 0.9135365 secs] [Times: user=0.91 sys=0.00, real=0.91 secs] 
109.311: [GC 109.311: [ParNew
Desired survivor size 178946048 bytes, new threshold 15 (max 15)
- age   1:   79361752 bytes,   79361752 total
: 349568K->177467K(699072K), 0.1200165 secs] 555218K->383118K(1747648K), 0.1201231 secs] [Times: user=0.24 sys=0.06, real=0.12 secs] 
109.754: [GC 109.754: [ParNew
Desired survivor size 178946048 bytes, new threshold 15 (max 15)
- age   1:   92067888 bytes,   92067888 total
- age   2:   55654064 bytes,  147721952 total
: 527035K->183575K(699072K), 0.1695720 secs] 732686K->389226K(1747648K), 0.1696667 secs] [Times: user=0.43 sys=0.05, real=0.17 secs] 
110.256: [GC 110.256: [ParNew
Desired survivor size 178946048 bytes, new threshold 2 (max 15)
- age   1:  152549760 bytes,  152549760 total
- age   2:   54420688 bytes,  206970448 total
- age   3:   48795952 bytes,  255766400 total
: 533143K->253104K(699072K), 0.2646322 secs] 738794K->458755K(1747648K), 0.2647425 secs] [Times: user=0.76 sys=0.06, real=0.26 secs] 
110.841: [GC 110.841: [ParNew
Desired survivor size 178946048 bytes, new threshold 2 (max 15)
- age   1:  145213784 bytes,  145213784 total
- age   2:   81344928 bytes,  226558712 total
: 602672K->349504K(699072K), 0.3524669 secs] 808323K->646308K(1747648K), 0.3525604 secs] [Times: user=1.05 sys=0.06, real=0.35 secs] 
111.195: [GC [1 CMS-initial-mark: 296804K(1048576K)] 646864K(1747648K), 0.1237603 secs] [Times: user=0.12 sys=0.00, real=0.12 secs] 
111.319: [CMS-concurrent-mark-start]
111.670: [CMS-concurrent-mark: 0.351/0.351 secs] [Times: user=1.13 sys=0.04, real=0.35 secs] 
111.670: [CMS-concurrent-preclean-start]
111.704: [GC 111.704: [ParNew
Desired survivor size 178946048 bytes, new threshold 2 (max 15)
- age   1:  176335448 bytes,  176335448 total
- age   2:   93933728 bytes,  270269176 total
: 699072K->349504K(699072K), 0.3989267 secs] 995876K->714677K(1747648K), 0.3990336 secs] [Times: user=1.18 sys=0.06, real=0.40 secs] 
112.105: [CMS-concurrent-preclean: 0.034/0.435 secs] [Times: user=1.28 sys=0.06, real=0.44 secs] 
112.110: [GC[YG occupancy: 353701 K (699072 K)]112.110: [Rescan (parallel) , 0.1041740 secs]112.214: [weak refs processing, 0.0000469 secs] [1 CMS-remark: 365173K(1048576K)] 718875K(1747648K), 0.1043399 secs] [Times: user=0.38 sys=0.00, real=0.11 secs] 
112.215: [CMS-concurrent-sweep-start]
112.542: [GC 112.542: [ParNew
Desired survivor size 178946048 bytes, new threshold 2 (max 15)
- age   1:  149479760 bytes,  149479760 total
- age   2:  133315592 bytes,  282795352 total
: 699072K->349504K(699072K), 0.4382331 secs] 1032727K->778321K(1747648K), 0.4383216 secs] [Times: user=1.31 sys=0.05, real=0.44 secs] 
113.288: [GC 113.288: [ParNew
Desired survivor size 178946048 bytes, new threshold 2 (max 15)
- age   1:   79056872 bytes,   79056872 total
- age   2:  104983400 bytes,  184040272 total
: 699072K->270405K(699072K), 0.3751949 secs] 1084497K->771397K(1747648K), 0.3753034 secs] [Times: user=1.11 sys=0.06, real=0.37 secs] 
114.061: [GC 114.061: [ParNew
Desired survivor size 178946048 bytes, new threshold 15 (max 15)
- age   1:   81088640 bytes,   81088640 total
- age   2:   54427232 bytes,  135515872 total
: 619973K->202396K(699072K), 0.4117113 secs] 980699K->651415K(1747648K), 0.4119260 secs] [Times: user=0.86 sys=0.08, real=0.41 secs] 
114.498: [CMS-concurrent-sweep: 1.052/2.283 secs] [Times: user=6.54 sys=0.29, real=2.28 secs] 
114.498: [CMS-concurrent-reset-start]
114.503: [CMS-concurrent-reset: 0.005/0.005 secs] [Times: user=0.01 sys=0.00, real=0.00 secs] 
114.797: [GC 114.797: [ParNew
Desired survivor size 178946048 bytes, new threshold 3 (max 15)
- age   1:   97759848 bytes,   97759848 total
- age   2:   40459920 bytes,  138219768 total
- age   3:   51293248 bytes,  189513016 total
: 551964K->299709K(699072K), 0.2062800 secs] 985888K->733633K(1747648K), 0.2063769 secs] [Times: user=0.56 sys=0.05, real=0.20 secs] 
115.342: [GC 115.342: [ParNew
Desired survivor size 178946048 bytes, new threshold 2 (max 15)
- age   1:  139489120 bytes,  139489120 total
- age   2:   50012824 bytes,  189501944 total
- age   3:   21897440 bytes,  211399384 total
: 649277K->308465K(699072K), 0.2981661 secs] 1083201K->792476K(1747648K), 0.2982743 secs] [Times: user=0.85 sys=0.05, real=0.30 secs] 
115.959: [GC 115.959: [ParNew
Desired survivor size 178946048 bytes, new threshold 2 (max 15)
- age   1:  115685720 bytes,  115685720 total
- age   2:   86860720 bytes,  202546440 total
: 658033K->248624K(699072K), 0.3032889 secs] 1142044K->788703K(1747648K), 0.3033893 secs] [Times: user=0.89 sys=0.05, real=0.30 secs] 
116.263: [GC [1 CMS-initial-mark: 540079K(1048576K)] 788703K(1747648K), 0.1149272 secs] [Times: user=0.11 sys=0.00, real=0.12 secs] 
116.378: [CMS-concurrent-mark-start]
116.509: [CMS-concurrent-mark: 0.131/0.131 secs] [Times: user=0.43 sys=0.02, real=0.13 secs] 
116.509: [CMS-concurrent-preclean-start]
116.776: [GC 116.776: [ParNew
Desired survivor size 178946048 bytes, new threshold 2 (max 15)
- age   1:  170653056 bytes,  170653056 total
- age   2:   72312504 bytes,  242965560 total
: 598192K->349504K(699072K), 0.3578743 secs] 1138271K->955576K(1747648K), 0.3579670 secs] [Times: user=1.08 sys=0.06, real=0.35 secs] 
117.134: [CMS-concurrent-preclean: 0.266/0.625 secs] [Times: user=1.84 sys=0.08, real=0.63 secs] 
117.135: [GC[YG occupancy: 349846 K (699072 K)]117.135: [Rescan (parallel) , 0.0784516 secs]117.214: [weak refs processing, 0.0000522 secs] [1 CMS-remark: 606072K(1048576K)] 955918K(1747648K), 0.0785954 secs] [Times: user=0.28 sys=0.00, real=0.08 secs] 
117.214: [CMS-concurrent-sweep-start]
117.525: [GC 117.525: [ParNew
Desired survivor size 178946048 bytes, new threshold 2 (max 15)
- age   1:  104204672 bytes,  104204672 total
- age   2:  123849824 bytes,  228054496 total
: 699072K->341207K(699072K), 0.3473344 secs] 1256009K->967152K(1747648K), 0.3474390 secs] [Times: user=0.99 sys=0.06, real=0.34 secs] 
118.213: [GC 118.213: [ParNew
Desired survivor size 178946048 bytes, new threshold 2 (max 15)
- age   1:  130440880 bytes,  130440880 total
- age   2:   82374712 bytes,  212815592 total
: 690775K->223900K(699072K), 0.5088859 secs] 1255245K->890975K(1747648K), 0.5090086 secs] [Times: user=1.13 sys=0.07, real=0.51 secs] 
119.044: [GC 119.044: [ParNew
Desired survivor size 178946048 bytes, new threshold 2 (max 15)
- age   1:  132886568 bytes,  132886568 total
- age   2:   99995824 bytes,  232882392 total
: 573468K->317768K(699072K), 0.3567675 secs] 1202232K->1015272K(1747648K), 0.3568651 secs] [Times: user=1.02 sys=0.06, real=0.35 secs] 
119.776: [GC 119.776: [ParNew
Desired survivor size 178946048 bytes, new threshold 2 (max 15)
- age   1:  108284736 bytes,  108284736 total
- age   2:   93242136 bytes,  201526872 total
: 667336K->279412K(699072K), 0.3515557 secs] 1259495K->965302K(1747648K), 0.3516495 secs] [Times: user=1.03 sys=0.06, real=0.35 secs] 
120.459: [GC 120.459: [ParNew
Desired survivor size 178946048 bytes, new threshold 2 (max 15)
- age   1:  116544400 bytes,  116544400 total
- age   2:   79838432 bytes,  196382832 total
: 628980K->305227K(699072K), 0.3338826 secs] 1272592K->1021456K(1747648K), 0.3340206 secs] [Times: user=0.92 sys=0.06, real=0.33 secs] 
121.132: [GC 121.132: [ParNew
Desired survivor size 178946048 bytes, new threshold 2 (max 15)
- age   1:  125741552 bytes,  125741552 total
- age   2:   77106328 bytes,  202847880 total
: 654795K->292058K(699072K), 0.3101216 secs] 1264529K->963243K(1747648K), 0.3102243 secs] [Times: user=0.90 sys=0.05, real=0.31 secs] 
121.637: [CMS-concurrent-sweep: 2.176/4.423 secs] [Times: user=13.11 sys=0.59, real=4.42 secs] 
121.637: [CMS-concurrent-reset-start]
121.641: [CMS-concurrent-reset: 0.004/0.004 secs] [Times: user=0.02 sys=0.00, real=0.00 secs] 
121.783: [GC 121.783: [ParNew
Desired survivor size 178946048 bytes, new threshold 2 (max 15)
- age   1:  103532992 bytes,  103532992 total
- age   2:   80257344 bytes,  183790336 total
: 641626K->197246K(699072K), 0.2835532 secs] 1239568K->852655K(1747648K), 0.2836436 secs] [Times: user=0.80 sys=0.05, real=0.29 secs] 
122.068: [GC [1 CMS-initial-mark: 655408K(1048576K)] 852811K(1747648K), 0.1025653 secs] [Times: user=0.10 sys=0.00, real=0.10 secs] 
122.171: [CMS-concurrent-mark-start]
122.513: [GC 122.513: [ParNew
Desired survivor size 178946048 bytes, new threshold 15 (max 15)
- age   1:   93582232 bytes,   93582232 total
- age   2:   62324040 bytes,  155906272 total
: 546814K->183924K(699072K), 0.2884428 secs] 1202223K->897318K(1747648K), 0.2885440 secs] [Times: user=0.78 sys=0.05, real=0.29 secs] 
122.809: [CMS-concurrent-mark: 0.348/0.638 secs] [Times: user=1.91 sys=0.09, real=0.64 secs] 
122.810: [CMS-concurrent-preclean-start]
122.928: [CMS-concurrent-preclean: 0.117/0.118 secs] [Times: user=0.41 sys=0.02, real=0.12 secs] 
122.928: [CMS-concurrent-abortable-preclean-start]
123.163: [GC 123.163: [ParNew
Desired survivor size 178946048 bytes, new threshold 2 (max 15)
- age   1:  119205320 bytes,  119205320 total
- age   2:   74459384 bytes,  193664704 total
- age   3:   59209888 bytes,  252874592 total
: 533492K->320339K(699072K), 0.3196383 secs] 1246886K->1033734K(1747648K), 0.3197424 secs] [Times: user=0.73 sys=0.07, real=0.32 secs] 
123.488: [CMS-concurrent-abortable-preclean: 0.239/0.561 secs] [Times: user=1.42 sys=0.09, real=0.56 secs] 
123.494: [GC[YG occupancy: 331579 K (699072 K)]123.494: [Rescan (parallel) , 0.0737395 secs]123.568: [weak refs processing, 0.0000776 secs] [1 CMS-remark: 713394K(1048576K)] 1044974K(1747648K), 0.0739466 secs] [Times: user=0.21 sys=0.01, real=0.08 secs] 
123.575: [CMS-concurrent-sweep-start]
123.890: [GC 123.890: [ParNew
Desired survivor size 178946048 bytes, new threshold 15 (max 15)
- age   1:   78732000 bytes,   78732000 total
- age   2:   52912704 bytes,  131644704 total
: 669907K->225253K(699072K), 0.3242015 secs] 1324502K->981294K(1747648K), 0.3243400 secs] [Times: user=0.90 sys=0.06, real=0.33 secs] 
124.580: [GC 124.581: [ParNew
Desired survivor size 178946048 bytes, new threshold 2 (max 15)
- age   1:  151789376 bytes,  151789376 total
- age   2:   32467320 bytes,  184256696 total
- age   3:   49534808 bytes,  233791504 total
: 574821K->313569K(699072K), 0.2487966 secs] 1276820K->1015569K(1747648K), 0.2489069 secs] [Times: user=0.68 sys=0.05, real=0.25 secs] 
125.156: [GC 125.156: [ParNew
Desired survivor size 178946048 bytes, new threshold 15 (max 15)
- age   1:   90009632 bytes,   90009632 total
- age   2:   81883944 bytes,  171893576 total
: 663137K->246705K(699072K), 0.3133558 secs] 1312217K->957242K(1747648K), 0.3134414 secs] [Times: user=0.85 sys=0.06, real=0.31 secs] 
125.827: [GC 125.827: [ParNew
Desired survivor size 178946048 bytes, new threshold 3 (max 15)
- age   1:  123394608 bytes,  123394608 total
- age   2:   55531088 bytes,  178925696 total
- age   3:   29007744 bytes,  207933440 total
: 596273K->349504K(699072K), 0.2213109 secs] 1245771K->999004K(1747648K), 0.2214225 secs] [Times: user=0.61 sys=0.06, real=0.22 secs] 
126.420: [GC 126.420: [ParNew
Desired survivor size 178946048 bytes, new threshold 2 (max 15)
- age   1:  142356552 bytes,  142356552 total
- age   2:   51684664 bytes,  194041216 total
- age   3:   24110000 bytes,  218151216 total
: 699072K->299893K(699072K), 0.2746609 secs] 1267263K->886699K(1747648K), 0.2747862 secs] [Times: user=0.74 sys=0.06, real=0.28 secs] 
126.988: [GC 126.988: [ParNew
Desired survivor size 178946048 bytes, new threshold 2 (max 15)
- age   1:  135621712 bytes,  135621712 total
- age   2:   84230296 bytes,  219852008 total
: 649461K->349504K(699072K), 0.3347312 secs] 1210618K->966059K(1747648K), 0.3348239 secs] [Times: user=0.95 sys=0.06, real=0.33 secs] 
127.656: [GC 127.656: [ParNew
Desired survivor size 178946048 bytes, new threshold 2 (max 15)
- age   1:   99269192 bytes,   99269192 total
- age   2:   91308536 bytes,  190577728 total
: 699072K->260583K(699072K), 0.3825048 secs] 1255513K->883146K(1747648K), 0.3826086 secs] [Times: user=0.87 sys=0.06, real=0.38 secs] 
128.181: [CMS-concurrent-sweep: 2.484/4.606 secs] [Times: user=13.54 sys=0.66, real=4.60 secs] 
128.181: [CMS-concurrent-reset-start]
128.195: [CMS-concurrent-reset: 0.014/0.014 secs] [Times: user=0.05 sys=0.00, real=0.02 secs] 
128.452: [GC 128.453: [ParNew
Desired survivor size 178946048 bytes, new threshold 15 (max 15)
- age   1:  104099064 bytes,  104099064 total
- age   2:   62692600 bytes,  166791664 total
: 610151K->191700K(699072K), 0.3003215 secs] 1068451K->718360K(1747648K), 0.3004280 secs] [Times: user=0.80 sys=0.07, real=0.30 secs] 
128.754: [GC [1 CMS-initial-mark: 526659K(1048576K)] 718662K(1747648K), 0.1037739 secs] [Times: user=0.11 sys=0.00, real=0.10 secs] 
128.858: [CMS-concurrent-mark-start]
129.191: [GC 129.191: [ParNew
Desired survivor size 178946048 bytes, new threshold 2 (max 15)
- age   1:  144692992 bytes,  144692992 total
- age   2:   78091480 bytes,  222784472 total
- age   3:   58128120 bytes,  280912592 total
: 541268K->340173K(699072K), 0.2803452 secs] 1067928K->866832K(1747648K), 0.2804443 secs] [Times: user=0.83 sys=0.05, real=0.28 secs] 
129.778: [GC 129.779: [ParNew
Desired survivor size 178946048 bytes, new threshold 15 (max 15)
- age   1:   63045992 bytes,   63045992 total
- age   2:   56300216 bytes,  119346208 total
: 689741K->248267K(699072K), 0.3286281 secs] 1216400K->885525K(1747648K), 0.3287222 secs] [Times: user=0.93 sys=0.06, real=0.33 secs] 
130.122: [CMS-concurrent-mark: 0.643/1.264 secs] [Times: user=3.87 sys=0.17, real=1.26 secs] 
130.123: [CMS-concurrent-preclean-start]
130.518: [GC 130.518: [ParNew
Desired survivor size 178946048 bytes, new threshold 1 (max 15)
- age   1:  189633552 bytes,  189633552 total
- age   2:   46562672 bytes,  236196224 total
- age   3:   36785992 bytes,  272982216 total
: 597835K->317319K(699072K), 0.2637086 secs] 1235093K->954577K(1747648K), 0.2638404 secs] [Times: user=0.77 sys=0.06, real=0.26 secs] 
130.905: [CMS-concurrent-preclean: 0.513/0.783 secs] [Times: user=2.38 sys=0.12, real=0.79 secs] 
130.906: [CMS-concurrent-abortable-preclean-start]
131.139: [GC 131.139: [ParNew
Desired survivor size 178946048 bytes, new threshold 15 (max 15)
- age   1:  138467528 bytes,  138467528 total
: 666887K->226380K(699072K), 0.4913216 secs] 1304145K->1078337K(1747648K), 0.4914488 secs] [Times: user=1.46 sys=0.06, real=0.49 secs] 
131.731: [CMS-concurrent-abortable-preclean: 0.231/0.825 secs] [Times: user=2.53 sys=0.10, real=0.82 secs] 
131.733: [GC[YG occupancy: 352140 K (699072 K)]131.733: [Rescan (parallel) , 0.1432158 secs]131.876: [weak refs processing, 0.0001017 secs] [1 CMS-remark: 851957K(1048576K)] 1204098K(1747648K), 0.1434271 secs] [Times: user=0.52 sys=0.00, real=0.15 secs] 
131.876: [CMS-concurrent-sweep-start]
132.074: [Full GC 132.075: [CMS132.526: [CMS-concurrent-sweep: 0.648/0.650 secs] [Times: user=1.13 sys=0.02, real=0.65 secs] 
 (concurrent mode failure): 813841K->314421K(1048576K), 1.3960619 secs] 1389789K->314421K(1747648K), [CMS Perm : 10814K->10814K(21248K)], 1.3961771 secs] [Times: user=1.40 sys=0.00, real=1.39 secs] 
133.809: [GC 133.810: [ParNew
Desired survivor size 178946048 bytes, new threshold 15 (max 15)
- age   1:  155866696 bytes,  155866696 total
: 349568K->214606K(699072K), 0.2282598 secs] 663989K->529028K(1747648K), 0.2283654 secs] [Times: user=0.51 sys=0.06, real=0.23 secs] 
134.417: [GC 134.417: [ParNew
Desired survivor size 178946048 bytes, new threshold 2 (max 15)
- age   1:   71340872 bytes,   71340872 total
- age   2:  140851336 bytes,  212192208 total
: 564174K->281971K(699072K), 0.2383810 secs] 878596K->596393K(1747648K), 0.2384776 secs] [Times: user=0.62 sys=0.06, real=0.24 secs] 
134.977: [GC 134.977: [ParNew
Desired survivor size 178946048 bytes, new threshold 15 (max 15)
- age   1:   92508280 bytes,   92508280 total
- age   2:   58705600 bytes,  151213880 total
: 631539K->190663K(699072K), 0.3617651 secs] 945961K->658685K(1747648K), 0.3618561 secs] [Times: user=1.03 sys=0.05, real=0.36 secs] 
135.340: [GC [1 CMS-initial-mark: 468022K(1048576K)] 658842K(1747648K), 0.0889241 secs] [Times: user=0.09 sys=0.00, real=0.09 secs] 
135.429: [CMS-concurrent-mark-start]
135.820: [GC 135.820: [ParNew
Desired survivor size 178946048 bytes, new threshold 2 (max 15)
- age   1:  142831368 bytes,  142831368 total
- age   2:   53386624 bytes,  196217992 total
- age   3:   45899200 bytes,  242117192 total
: 540231K->316832K(699072K), 0.2352376 secs] 1008253K->784855K(1747648K), 0.2353505 secs] [Times: user=0.67 sys=0.06, real=0.24 secs] 
136.132: [CMS-concurrent-mark: 0.465/0.703 secs] [Times: user=2.13 sys=0.12, real=0.70 secs] 
136.132: [CMS-concurrent-preclean-start]
136.141: [CMS-concurrent-preclean: 0.008/0.008 secs] [Times: user=0.03 sys=0.00, real=0.01 secs] 
136.141: [CMS-concurrent-abortable-preclean-start]
136.388: [GC 136.388: [ParNew
Desired survivor size 178946048 bytes, new threshold 2 (max 15)
- age   1:  176348120 bytes,  176348120 total
- age   2:   86833800 bytes,  263181920 total
: 666400K->349504K(699072K), 0.3979261 secs] 1134423K->888881K(1747648K), 0.3980342 secs] [Times: user=1.16 sys=0.06, real=0.40 secs] 
137.147: [GC 137.147: [ParNew
Desired survivor size 178946048 bytes, new threshold 15 (max 15)
- age   1:   83989872 bytes,   83989872 total
- age   2:   91952640 bytes,  175942512 total
: 699072K->246993K(699072K), 0.4358940 secs] 1238449K->858980K(1747648K), 0.4359906 secs] [Times: user=0.99 sys=0.06, real=0.43 secs] 
137.912: [GC 137.912: [ParNew
Desired survivor size 178946048 bytes, new threshold 3 (max 15)
- age   1:   46618656 bytes,   46618656 total
- age   2:   77983392 bytes,  124602048 total
- age   3:   83069024 bytes,  207671072 total
: 596561K->349504K(699072K), 0.2167185 secs] 1208548K->961491K(1747648K), 0.2168381 secs] [Times: user=0.60 sys=0.05, real=0.22 secs] 
138.151: [CMS-concurrent-abortable-preclean: 0.931/2.010 secs] [Times: user=5.75 sys=0.25, real=2.01 secs] 
138.160: [GC[YG occupancy: 378222 K (699072 K)]138.160: [Rescan (parallel) , 0.0566937 secs]138.216: [weak refs processing, 0.0000411 secs] [1 CMS-remark: 611987K(1048576K)] 990210K(1747648K), 0.0568565 secs] [Times: user=0.19 sys=0.00, real=0.06 secs] 
138.217: [CMS-concurrent-sweep-start]
138.549: [GC 138.549: [ParNew
Desired survivor size 178946048 bytes, new threshold 3 (max 15)
- age   1:  113911736 bytes,  113911736 total
- age   2:   27564792 bytes,  141476528 total
- age   3:   69625424 bytes,  211101952 total
: 699072K->278335K(699072K), 0.3328645 secs] 1259320K->906121K(1747648K), 0.3329539 secs] [Times: user=0.93 sys=0.05, real=0.33 secs] 
139.224: [GC 139.224: [ParNew
Desired survivor size 178946048 bytes, new threshold 2 (max 15)
- age   1:  142083120 bytes,  142083120 total
- age   2:   58779568 bytes,  200862688 total
- age   3:   10710576 bytes,  211573264 total
: 627903K->349504K(699072K), 0.3239356 secs] 1159915K->949509K(1747648K), 0.3240422 secs] [Times: user=0.94 sys=0.05, real=0.32 secs] 
139.931: [GC 139.931: [ParNew
Desired survivor size 178946048 bytes, new threshold 15 (max 15)
- age   1:   88660912 bytes,   88660912 total
- age   2:   54062136 bytes,  142723048 total
: 699072K->185799K(699072K), 0.2314801 secs] 1182797K->696566K(1747648K), 0.2315818 secs] [Times: user=0.59 sys=0.06, real=0.23 secs] 
140.296: [CMS-concurrent-sweep: 1.181/2.080 secs] [Times: user=6.19 sys=0.29, real=2.08 secs] 
140.296: [CMS-concurrent-reset-start]
140.301: [CMS-concurrent-reset: 0.005/0.005 secs] [Times: user=0.02 sys=0.00, real=0.00 secs] 
140.525: [GC 140.525: [ParNew
Desired survivor size 178946048 bytes, new threshold 2 (max 15)
- age   1:  144941520 bytes,  144941520 total
- age   2:   76719368 bytes,  221660888 total
- age   3:   47354080 bytes,  269014968 total
: 535367K->304873K(699072K), 0.2649106 secs] 961935K->731440K(1747648K), 0.2650072 secs] [Times: user=0.77 sys=0.06, real=0.26 secs] 
141.102: [GC 141.102: [ParNew
Desired survivor size 178946048 bytes, new threshold 15 (max 15)
- age   1:   78189824 bytes,   78189824 total
- age   2:   75769896 bytes,  153959720 total
: 654441K->230907K(699072K), 0.4334144 secs] 1081008K->749442K(1747648K), 0.4335453 secs] [Times: user=0.92 sys=0.08, real=0.44 secs] 
141.536: [GC [1 CMS-initial-mark: 518535K(1048576K)] 749445K(1747648K), 0.0903207 secs] [Times: user=0.09 sys=0.00, real=0.09 secs] 
141.627: [CMS-concurrent-mark-start]
141.959: [GC 141.959: [ParNew
Desired survivor size 178946048 bytes, new threshold 2 (max 15)
- age   1:  153502648 bytes,  153502648 total
- age   2:   54282112 bytes,  207784760 total
- age   3:   56875784 bytes,  264660544 total
: 580475K->340980K(699072K), 0.2602066 secs] 1099010K->859515K(1747648K), 0.2603268 secs] [Times: user=0.76 sys=0.05, real=0.26 secs] 
142.332: [CMS-concurrent-mark: 0.441/0.705 secs] [Times: user=2.18 sys=0.10, real=0.70 secs] 
142.332: [CMS-concurrent-preclean-start]
142.568: [GC 142.568: [ParNew
Desired survivor size 178946048 bytes, new threshold 2 (max 15)
- age   1:  121510152 bytes,  121510152 total
- age   2:   80840056 bytes,  202350208 total
: 690548K->295582K(699072K), 0.3576149 secs] 1209083K->892638K(1747648K), 0.3577211 secs] [Times: user=1.02 sys=0.06, real=0.36 secs] 
142.928: [CMS-concurrent-preclean: 0.236/0.596 secs] [Times: user=1.73 sys=0.09, real=0.60 secs] 
142.934: [GC[YG occupancy: 300271 K (699072 K)]142.934: [Rescan (parallel) , 0.0799264 secs]143.014: [weak refs processing, 0.0001094 secs] [1 CMS-remark: 597056K(1048576K)] 897328K(1747648K), 0.0801589 secs] [Times: user=0.29 sys=0.00, real=0.08 secs] 
143.015: [CMS-concurrent-sweep-start]
143.334: [GC 143.334: [ParNew
Desired survivor size 178946048 bytes, new threshold 2 (max 15)
- age   1:  124230232 bytes,  124230232 total
- age   2:   69064808 bytes,  193295040 total
: 645150K->207322K(699072K), 0.2879360 secs] 1170819K->790898K(1747648K), 0.2880256 secs] [Times: user=0.82 sys=0.06, real=0.28 secs] 
143.979: [GC 143.979: [ParNew
Desired survivor size 178946048 bytes, new threshold 2 (max 15)
- age   1:  115757680 bytes,  115757680 total
- age   2:   85883232 bytes,  201640912 total
: 556890K->338456K(699072K), 0.2947824 secs] 1091797K->925445K(1747648K), 0.2948932 secs] [Times: user=0.84 sys=0.05, real=0.29 secs] 
144.619: [GC 144.619: [ParNew
Desired survivor size 178946048 bytes, new threshold 2 (max 15)
- age   1:  115500032 bytes,  115500032 total
- age   2:   85171720 bytes,  200671752 total
: 688024K->244387K(699072K), 0.3379337 secs] 1203907K->830038K(1747648K), 0.3380342 secs] [Times: user=0.95 sys=0.05, real=0.34 secs] 
145.297: [GC 145.297: [ParNew
Desired survivor size 178946048 bytes, new threshold 2 (max 15)
- age   1:  108122280 bytes,  108122280 total
- age   2:   72309496 bytes,  180431776 total
: 593955K->310668K(699072K), 0.3091783 secs] 1147522K->933482K(1747648K), 0.3092869 secs] [Times: user=0.86 sys=0.05, real=0.31 secs] 
145.910: [GC 145.910: [ParNew
Desired survivor size 178946048 bytes, new threshold 15 (max 15)
- age   1:   86338000 bytes,   86338000 total
- age   2:   68233584 bytes,  154571584 total
: 660236K->220914K(699072K), 0.2632075 secs] 1236665K->848795K(1747648K), 0.2633067 secs] [Times: user=0.73 sys=0.05, real=0.26 secs] 
146.571: [GC 146.571: [ParNew
Desired survivor size 178946048 bytes, new threshold 2 (max 15)
- age   1:  164425216 bytes,  164425216 total
- age   2:   36565600 bytes,  200990816 total
- age   3:   53685632 bytes,  254676448 total
: 570482K->281651K(699072K), 0.2599220 secs] 1128853K->840023K(1747648K), 0.2600251 secs] [Times: user=0.72 sys=0.06, real=0.26 secs] 
147.171: [GC 147.171: [ParNew
Desired survivor size 178946048 bytes, new threshold 2 (max 15)
- age   1:  137249984 bytes,  137249984 total
- age   2:   83845432 bytes,  221095416 total
: 631219K->277171K(699072K), 0.4484982 secs] 1136560K->861434K(1747648K), 0.4486025 secs] [Times: user=1.02 sys=0.08, real=0.45 secs] 
147.868: [CMS-concurrent-sweep: 2.619/4.854 secs] [Times: user=14.36 sys=0.69, real=4.85 secs] 
147.869: [CMS-concurrent-reset-start]
147.874: [CMS-concurrent-reset: 0.005/0.005 secs] [Times: user=0.03 sys=0.00, real=0.01 secs] 
147.936: [GC 147.936: [ParNew
Desired survivor size 178946048 bytes, new threshold 15 (max 15)
- age   1:   60607856 bytes,   60607856 total
- age   2:   50026928 bytes,  110634784 total
: 626739K->217368K(699072K), 0.2378209 secs] 1172253K->812005K(1747648K), 0.2379194 secs] [Times: user=0.62 sys=0.06, real=0.24 secs] 
148.176: [GC [1 CMS-initial-mark: 594636K(1048576K)] 812166K(1747648K), 0.0661349 secs] [Times: user=0.06 sys=0.00, real=0.06 secs] 
148.242: [CMS-concurrent-mark-start]
148.578: [GC 148.578: [ParNew
Desired survivor size 178946048 bytes, new threshold 15 (max 15)
- age   1:   98870240 bytes,   98870240 total
- age   2:   33811584 bytes,  132681824 total
- age   3:   43360328 bytes,  176042152 total
: 566936K->189715K(699072K), 0.2006808 secs] 1161573K->784352K(1747648K), 0.2007951 secs] [Times: user=0.51 sys=0.05, real=0.20 secs] 
148.936: [CMS-concurrent-mark: 0.491/0.694 secs] [Times: user=1.99 sys=0.11, real=0.70 secs] 
148.936: [CMS-concurrent-preclean-start]
148.941: [CMS-concurrent-preclean: 0.005/0.005 secs] [Times: user=0.02 sys=0.00, real=0.00 secs] 
148.942: [CMS-concurrent-abortable-preclean-start]
149.167: [GC 149.167: [ParNew
Desired survivor size 178946048 bytes, new threshold 3 (max 15)
- age   1:  120147608 bytes,  120147608 total
- age   2:   55152856 bytes,  175300464 total
- age   3:   24033920 bytes,  199334384 total
- age   4:   43357712 bytes,  242692096 total
: 539283K->305304K(699072K), 0.2447537 secs] 1133920K->899940K(1747648K), 0.2448459 secs] [Times: user=0.69 sys=0.06, real=0.24 secs] 
149.763: [GC 149.763: [ParNew
Desired survivor size 178946048 bytes, new threshold 2 (max 15)
- age   1:  136623000 bytes,  136623000 total
- age   2:   75382184 bytes,  212005184 total
- age   3:   34147032 bytes,  246152216 total
: 654872K->323872K(699072K), 0.3532160 secs] 1249508K->983501K(1747648K), 0.3533127 secs] [Times: user=1.06 sys=0.05, real=0.36 secs] 
150.456: [GC 150.456: [ParNew
Desired survivor size 178946048 bytes, new threshold 2 (max 15)
- age   1:  120583192 bytes,  120583192 total
- age   2:   73798872 bytes,  194382064 total
: 673440K->234264K(699072K), 0.3463076 secs] 1333069K->967403K(1747648K), 0.3464055 secs] [Times: user=0.99 sys=0.05, real=0.34 secs] 
150.936: [CMS-concurrent-abortable-preclean: 1.043/1.995 secs] [Times: user=6.09 sys=0.28, real=2.00 secs] 
150.953: [GC[YG occupancy: 359952 K (699072 K)]150.953: [Rescan (parallel) , 0.0685019 secs]151.022: [weak refs processing, 0.0000868 secs] [1 CMS-remark: 733138K(1048576K)] 1093091K(1747648K), 0.0686910 secs] [Times: user=0.24 sys=0.00, real=0.07 secs] 
151.022: [CMS-concurrent-sweep-start]
151.243: [GC 151.243: [ParNew
Desired survivor size 178946048 bytes, new threshold 15 (max 15)
- age   1:   69599816 bytes,   69599816 total
- age   2:   75637168 bytes,  145236984 total
: 583832K->200935K(699072K), 0.2649121 secs] 1224869K->899165K(1747648K), 0.2650149 secs] [Times: user=0.73 sys=0.05, real=0.27 secs] 
151.885: [GC 151.885: [ParNew
Desired survivor size 178946048 bytes, new threshold 3 (max 15)
- age   1:  131511352 bytes,  131511352 total
- age   2:   40657104 bytes,  172168456 total
- age   3:   67024784 bytes,  239193240 total
: 550503K->313217K(699072K), 0.3139545 secs] 1152835K->915549K(1747648K), 0.3140934 secs] [Times: user=0.70 sys=0.08, real=0.31 secs] 
152.576: [GC 152.576: [ParNew
Desired survivor size 178946048 bytes, new threshold 15 (max 15)
- age   1:   78102632 bytes,   78102632 total
- age   2:   52711576 bytes,  130814208 total
- age   3:   29679424 bytes,  160493632 total
: 662785K->214342K(699072K), 0.2945392 secs] 1182710K->799717K(1747648K), 0.2946687 secs] [Times: user=0.81 sys=0.05, real=0.29 secs] 
153.232: [GC 153.232: [ParNew
Desired survivor size 178946048 bytes, new threshold 3 (max 15)
- age   1:  124756464 bytes,  124756464 total
- age   2:   37366776 bytes,  162123240 total
- age   3:   33250432 bytes,  195373672 total
- age   4:   29676864 bytes,  225050536 total
: 563910K->342268K(699072K), 0.2361340 secs] 1100098K->878457K(1747648K), 0.2362401 secs] [Times: user=0.64 sys=0.06, real=0.24 secs] 
153.809: [GC 153.809: [ParNew
Desired survivor size 178946048 bytes, new threshold 3 (max 15)
- age   1:   98034008 bytes,   98034008 total
- age   2:   64790936 bytes,  162824944 total
- age   3:   18325624 bytes,  181150568 total
: 691836K->311424K(699072K), 0.2534115 secs] 1147013K->801989K(1747648K), 0.2535128 secs] [Times: user=0.72 sys=0.05, real=0.25 secs] 
154.413: [GC 154.413: [ParNew
Desired survivor size 178946048 bytes, new threshold 3 (max 15)
- age   1:  120606064 bytes,  120606064 total
- age   2:   56706104 bytes,  177312168 total
- age   3:   34533232 bytes,  211845400 total
: 660992K->236486K(699072K), 0.2613105 secs] 1096767K->684765K(1747648K), 0.2614024 secs] [Times: user=0.69 sys=0.06, real=0.27 secs] 
155.032: [GC 155.032: [ParNew
Desired survivor size 178946048 bytes, new threshold 2 (max 15)
- age   1:  153152024 bytes,  153152024 total
- age   2:   51793384 bytes,  204945408 total
- age   3:   36236304 bytes,  241181712 total
: 586054K->349504K(699072K), 0.2819434 secs] 997262K->786217K(1747648K), 0.2820344 secs] [Times: user=0.83 sys=0.05, real=0.28 secs] 
155.315: [CMS-concurrent-sweep: 2.371/4.293 secs] [Times: user=12.54 sys=0.65, real=4.30 secs] 
155.315: [CMS-concurrent-reset-start]
155.320: [CMS-concurrent-reset: 0.005/0.005 secs] [Times: user=0.02 sys=0.00, real=0.00 secs] 
155.624: [GC 155.624: [ParNew
Desired survivor size 178946048 bytes, new threshold 15 (max 15)
- age   1:   80438016 bytes,   80438016 total
- age   2:   70775368 bytes,  151213384 total
: 699072K->222827K(699072K), 0.3785582 secs] 1135217K->723089K(1747648K), 0.3786961 secs] [Times: user=0.77 sys=0.08, real=0.38 secs] 
156.004: [GC [1 CMS-initial-mark: 500262K(1048576K)] 723597K(1747648K), 0.1052855 secs] [Times: user=0.10 sys=0.00, real=0.10 secs] 
156.110: [CMS-concurrent-mark-start]
156.443: [GC 156.443: [ParNew
Desired survivor size 178946048 bytes, new threshold 15 (max 15)
- age   1:   93091256 bytes,   93091256 total
- age   2:   40769336 bytes,  133860592 total
- age   3:   44795384 bytes,  178655976 total
: 572395K->291303K(699072K), 0.2075125 secs] 1072657K->791565K(1747648K), 0.2076214 secs] [Times: user=0.53 sys=0.05, real=0.21 secs] 
156.779: [CMS-concurrent-mark: 0.459/0.669 secs] [Times: user=1.99 sys=0.10, real=0.67 secs] 
156.779: [CMS-concurrent-preclean-start]
156.784: [CMS-concurrent-preclean: 0.005/0.005 secs] [Times: user=0.01 sys=0.00, real=0.01 secs] 
156.785: [CMS-concurrent-abortable-preclean-start]
156.989: [GC 156.990: [ParNew
Desired survivor size 178946048 bytes, new threshold 3 (max 15)
- age   1:  117187240 bytes,  117187240 total
- age   2:   46843160 bytes,  164030400 total
- age   3:   38506584 bytes,  202536984 total
- age   4:   42992112 bytes,  245529096 total
: 640871K->321119K(699072K), 0.2542355 secs] 1141133K->821382K(1747648K), 0.2543408 secs] [Times: user=0.71 sys=0.06, real=0.25 secs] 
157.594: [GC 157.594: [ParNew
Desired survivor size 178946048 bytes, new threshold 2 (max 15)
- age   1:  133550600 bytes,  133550600 total
- age   2:   59102544 bytes,  192653144 total
- age   3:   30414352 bytes,  223067496 total
: 670687K->309886K(699072K), 0.3680059 secs] 1170950K->887974K(1747648K), 0.3680993 secs] [Times: user=1.07 sys=0.05, real=0.36 secs] 
158.312: [GC 158.312: [ParNew
Desired survivor size 178946048 bytes, new threshold 2 (max 15)
- age   1:  124848752 bytes,  124848752 total
- age   2:   80662744 bytes,  205511496 total
: 659454K->268784K(699072K), 0.3078316 secs] 1237542K->893874K(1747648K), 0.3079562 secs] [Times: user=0.85 sys=0.06, real=0.31 secs] 
158.959: [GC 158.959: [ParNew
Desired survivor size 178946048 bytes, new threshold 2 (max 15)
- age   1:  132732352 bytes,  132732352 total
- age   2:   75037072 bytes,  207769424 total
: 618352K->306416K(699072K), 0.3236294 secs] 1243442K->984647K(1747648K), 0.3237196 secs] [Times: user=0.93 sys=0.06, real=0.32 secs] 
159.286: [CMS-concurrent-abortable-preclean: 1.229/2.502 secs] [Times: user=7.57 sys=0.37, real=2.50 secs] 
159.298: [GC[YG occupancy: 317624 K (699072 K)]159.298: [Rescan (parallel) , 0.0803595 secs]159.378: [weak refs processing, 0.0000895 secs] [1 CMS-remark: 678231K(1048576K)] 995855K(1747648K), 0.0805470 secs] [Times: user=0.29 sys=0.00, real=0.08 secs] 
159.387: [CMS-concurrent-sweep-start]
159.692: [GC 159.692: [ParNew
Desired survivor size 178946048 bytes, new threshold 2 (max 15)
- age   1:  105252584 bytes,  105252584 total
- age   2:   98100632 bytes,  203353216 total
: 655984K->304865K(699072K), 0.4197276 secs] 1284026K->995100K(1747648K), 0.4198744 secs] [Times: user=0.88 sys=0.10, real=0.42 secs] 
160.486: [GC 160.486: [ParNew
Desired survivor size 178946048 bytes, new threshold 2 (max 15)
- age   1:  119483656 bytes,  119483656 total
- age   2:   91435944 bytes,  210919600 total
: 654433K->299626K(699072K), 0.3434591 secs] 1304513K->1034910K(1747648K), 0.3435529 secs] [Times: user=0.98 sys=0.06, real=0.34 secs] 
161.182: [GC 161.182: [ParNew
Desired survivor size 178946048 bytes, new threshold 2 (max 15)
- age   1:   98272008 bytes,   98272008 total
- age   2:   85126992 bytes,  183399000 total
: 649194K->306629K(699072K), 0.3293322 secs] 1327615K->1069251K(1747648K), 0.3294376 secs] [Times: user=0.91 sys=0.06, real=0.33 secs] 
161.864: [GC 161.864: [ParNew
Desired survivor size 178946048 bytes, new threshold 2 (max 15)
- age   1:  155819864 bytes,  155819864 total
- age   2:   74293392 bytes,  230113256 total
: 656197K->295668K(699072K), 0.3480549 secs] 1384049K->1092984K(1747648K), 0.3481812 secs] [Times: user=1.01 sys=0.06, real=0.35 secs] 
162.586: [GC 162.586: [ParNew
Desired survivor size 178946048 bytes, new threshold 2 (max 15)
- age   1:  116925432 bytes,  116925432 total
- age   2:  120319392 bytes,  237244824 total
: 645236K->346687K(699072K), 0.3312121 secs] 1398540K->1149418K(1747648K), 0.3313142 secs] [Times: user=0.97 sys=0.05, real=0.33 secs] 
163.253: [GC 163.253: [ParNew
Desired survivor size 178946048 bytes, new threshold 2 (max 15)
- age   1:  126458920 bytes,  126458920 total
- age   2:   78432576 bytes,  204891496 total
: 696255K->279112K(699072K), 0.4871284 secs] 1443433K->1129694K(1747648K), 0.4872775 secs] [Times: user=1.04 sys=0.09, real=0.49 secs] 
164.064: [GC 164.064: [ParNew
Desired survivor size 178946048 bytes, new threshold 15 (max 15)
- age   1:  114973848 bytes,  114973848 total
- age   2:   62034272 bytes,  177008120 total
: 628680K->257361K(699072K), 0.2815181 secs] 1431976K->1115465K(1747648K), 0.2816250 secs] [Times: user=0.77 sys=0.05, real=0.28 secs] 
164.451: [CMS-concurrent-sweep: 2.502/5.064 secs] [Times: user=14.38 sys=0.74, real=5.06 secs] 
164.451: [CMS-concurrent-reset-start]
164.455: [CMS-concurrent-reset: 0.004/0.004 secs] [Times: user=0.01 sys=0.01, real=0.01 secs] 
164.712: [GC 164.712: [ParNew
Desired survivor size 178946048 bytes, new threshold 2 (max 15)
- age   1:  133378120 bytes,  133378120 total
- age   2:   80254408 bytes,  213632528 total
- age   3:   59162456 bytes,  272794984 total
: 606929K->349504K(699072K), 0.2761196 secs] 1398792K->1141367K(1747648K), 0.2762434 secs] [Times: user=0.77 sys=0.05, real=0.28 secs] 
164.989: [GC [1 CMS-initial-mark: 791863K(1048576K)] 1141960K(1747648K), 0.1523172 secs] [Times: user=0.15 sys=0.00, real=0.15 secs] 
165.142: [CMS-concurrent-mark-start]
165.288: [CMS-concurrent-mark: 0.147/0.147 secs] [Times: user=0.48 sys=0.02, real=0.15 secs] 
165.288: [CMS-concurrent-preclean-start]
165.293: [CMS-concurrent-preclean: 0.005/0.005 secs] [Times: user=0.02 sys=0.00, real=0.00 secs] 
165.293: [CMS-concurrent-abortable-preclean-start]
165.492: [GC 165.492: [ParNew
Desired survivor size 178946048 bytes, new threshold 2 (max 15)
- age   1:  129181576 bytes,  129181576 total
- age   2:   85313288 bytes,  214494864 total
: 699072K->306350K(699072K), 0.3760235 secs] 1490935K->1195926K(1747648K), 0.3761284 secs] [Times: user=1.08 sys=0.06, real=0.38 secs] 
166.223: [GC 166.223: [ParNew
Desired survivor size 178946048 bytes, new threshold 2 (max 15)
- age   1:  162750400 bytes,  162750400 total
- age   2:   80566200 bytes,  243316600 total
: 655918K->349504K(699072K), 0.3476789 secs] 1545494K->1293859K(1747648K), 0.3477738 secs] [Times: user=1.01 sys=0.05, real=0.35 secs] 
166.898: [Full GC 166.899: [CMS166.902: [CMS-concurrent-abortable-preclean: 0.876/1.609 secs] [Times: user=4.87 sys=0.20, real=1.61 secs] 
 (concurrent mode failure): 944355K->192877K(1048576K), 0.8445551 secs] 1643427K->192877K(1747648K), [CMS Perm : 10826K->10826K(21248K)], 0.8446962 secs] [Times: user=0.85 sys=0.00, real=0.84 secs] 
168.053: [GC 168.053: [ParNew
Desired survivor size 178946048 bytes, new threshold 15 (max 15)
- age   1:  154227024 bytes,  154227024 total
: 349568K->232803K(699072K), 0.1834350 secs] 542445K->425680K(1747648K), 0.1835641 secs] [Times: user=0.44 sys=0.06, real=0.19 secs] 
168.572: [GC 168.572: [ParNew
Desired survivor size 178946048 bytes, new threshold 2 (max 15)
- age   1:  144450432 bytes,  144450432 total
- age   2:  107300608 bytes,  251751040 total
: 582371K->342320K(699072K), 0.3102029 secs] 775248K->535197K(1747648K), 0.3103199 secs] [Times: user=0.70 sys=0.07, real=0.31 secs] 
169.236: [GC 169.236: [ParNew
Desired survivor size 178946048 bytes, new threshold 15 (max 15)
- age   1:   63887224 bytes,   63887224 total
- age   2:   59852936 bytes,  123740160 total
: 691888K->227177K(699072K), 0.3108993 secs] 884765K->516750K(1747648K), 0.3110124 secs] [Times: user=0.81 sys=0.06, real=0.31 secs] 
169.547: [GC [1 CMS-initial-mark: 289573K(1048576K)] 516919K(1747648K), 0.0720501 secs] [Times: user=0.07 sys=0.00, real=0.07 secs] 
169.619: [CMS-concurrent-mark-start]
169.983: [GC 169.983: [ParNew
Desired survivor size 178946048 bytes, new threshold 3 (max 15)
- age   1:  119062992 bytes,  119062992 total
- age   2:   44940616 bytes,  164003608 total
- age   3:   45756416 bytes,  209760024 total
: 576745K->255274K(699072K), 0.2163158 secs] 866318K->544848K(1747648K), 0.2164180 secs] [Times: user=0.58 sys=0.06, real=0.22 secs] 
170.310: [CMS-concurrent-mark: 0.472/0.690 secs] [Times: user=2.08 sys=0.11, real=0.69 secs] 
170.310: [CMS-concurrent-preclean-start]
170.316: [CMS-concurrent-preclean: 0.006/0.006 secs] [Times: user=0.02 sys=0.00, real=0.01 secs] 
170.316: [CMS-concurrent-abortable-preclean-start]
170.544: [GC 170.544: [ParNew
Desired survivor size 178946048 bytes, new threshold 2 (max 15)
- age   1:  135233424 bytes,  135233424 total
- age   2:   77403504 bytes,  212636928 total
- age   3:   24675824 bytes,  237312752 total
: 604842K->349504K(699072K), 0.3253830 secs] 894416K->680892K(1747648K), 0.3254798 secs] [Times: user=0.93 sys=0.06, real=0.33 secs] 
171.203: [GC 171.204: [ParNew
Desired survivor size 178946048 bytes, new threshold 2 (max 15)
- age   1:  146940880 bytes,  146940880 total
- age   2:   60949464 bytes,  207890344 total
: 699072K->273254K(699072K), 0.3059551 secs] 1030460K->653472K(1747648K), 0.3060496 secs] [Times: user=0.87 sys=0.05, real=0.31 secs] 
171.616: [CMS-concurrent-abortable-preclean: 0.664/1.300 secs] [Times: user=3.92 sys=0.18, real=1.30 secs] 
171.618: [GC[YG occupancy: 363703 K (699072 K)]171.618: [Rescan (parallel) , 0.0596437 secs]171.678: [weak refs processing, 0.0000328 secs] [1 CMS-remark: 380218K(1048576K)] 743922K(1747648K), 0.0597858 secs] [Times: user=0.22 sys=0.00, real=0.06 secs] 
171.678: [CMS-concurrent-sweep-start]
171.949: [GC 171.949: [ParNew
Desired survivor size 178946048 bytes, new threshold 2 (max 15)
- age   1:  142515584 bytes,  142515584 total
- age   2:  103679872 bytes,  246195456 total
: 622822K->349504K(699072K), 0.4350601 secs] 945959K->719605K(1747648K), 0.4351922 secs] [Times: user=0.95 sys=0.10, real=0.44 secs] 
172.735: [GC 172.735: [ParNew
Desired survivor size 178946048 bytes, new threshold 15 (max 15)
- age   1:   89335272 bytes,   89335272 total
- age   2:   81921648 bytes,  171256920 total
: 699072K->232047K(699072K), 0.3387103 secs] 1015680K->635347K(1747648K), 0.3388193 secs] [Times: user=0.93 sys=0.05, real=0.34 secs] 
173.428: [GC 173.428: [ParNew
Desired survivor size 178946048 bytes, new threshold 2 (max 15)
- age   1:  123660136 bytes,  123660136 total
- age   2:   55531912 bytes,  179192048 total
- age   3:   66996720 bytes,  246188768 total
: 581615K->349504K(699072K), 0.2531453 secs] 923118K->691007K(1747648K), 0.2532554 secs] [Times: user=0.71 sys=0.06, real=0.25 secs] 
173.692: [CMS-concurrent-sweep: 0.959/2.013 secs] [Times: user=5.65 sys=0.30, real=2.01 secs] 
173.692: [CMS-concurrent-reset-start]
173.697: [CMS-concurrent-reset: 0.005/0.005 secs] [Times: user=0.02 sys=0.00, real=0.01 secs] 
173.980: [GC 173.980: [ParNew
Desired survivor size 178946048 bytes, new threshold 2 (max 15)
- age   1:  105724720 bytes,  105724720 total
- age   2:   88832136 bytes,  194556856 total
: 699072K->226175K(699072K), 0.3632591 secs] 1036993K->665214K(1747648K), 0.3633946 secs] [Times: user=1.06 sys=0.06, real=0.36 secs] 
174.344: [GC [1 CMS-initial-mark: 439039K(1048576K)] 665424K(1747648K), 0.1162653 secs] [Times: user=0.11 sys=0.00, real=0.11 secs] 
174.461: [CMS-concurrent-mark-start]
174.844: [GC 174.844: [ParNew
Desired survivor size 178946048 bytes, new threshold 15 (max 15)
- age   1:   74997416 bytes,   74997416 total
- age   2:   82774096 bytes,  157771512 total
: 575743K->199041K(699072K), 0.3063031 secs] 1014782K->716275K(1747648K), 0.3063952 secs] [Times: user=0.86 sys=0.06, real=0.31 secs] 
175.488: [GC 175.488: [ParNew
Desired survivor size 178946048 bytes, new threshold 3 (max 15)
- age   1:  112439392 bytes,  112439392 total
- age   2:   49680528 bytes,  162119920 total
- age   3:   81141280 bytes,  243261200 total
: 548609K->330630K(699072K), 0.2442273 secs] 1065843K->847863K(1747648K), 0.2443293 secs] [Times: user=0.70 sys=0.05, real=0.24 secs] 
175.774: [CMS-concurrent-mark: 0.759/1.313 secs] [Times: user=3.99 sys=0.20, real=1.32 secs] 
175.774: [CMS-concurrent-preclean-start]
175.785: [CMS-concurrent-preclean: 0.010/0.011 secs] [Times: user=0.04 sys=0.00, real=0.01 secs] 
175.785: [CMS-concurrent-abortable-preclean-start]
176.076: [GC 176.076: [ParNew
Desired survivor size 178946048 bytes, new threshold 2 (max 15)
- age   1:  128675176 bytes,  128675176 total
- age   2:   66030848 bytes,  194706024 total
- age   3:   31863648 bytes,  226569672 total
: 680198K->349504K(699072K), 0.4406559 secs] 1197431K->937952K(1747648K), 0.4408128 secs] [Times: user=0.98 sys=0.08, real=0.44 secs] 
176.655: [CMS-concurrent-abortable-preclean: 0.427/0.870 secs] [Times: user=2.32 sys=0.12, real=0.87 secs] 
176.692: [GC[YG occupancy: 489443 K (699072 K)]176.692: [Rescan (parallel) , 0.0919300 secs]176.784: [weak refs processing, 0.0000477 secs] [1 CMS-remark: 588448K(1048576K)] 1077892K(1747648K), 0.0921022 secs] [Times: user=0.30 sys=0.01, real=0.10 secs] 
176.784: [CMS-concurrent-sweep-start]
176.986: [GC 176.986: [ParNew
Desired survivor size 178946048 bytes, new threshold 15 (max 15)
- age   1:  113379840 bytes,  113379840 total
- age   2:   63664408 bytes,  177044248 total
: 699072K->220819K(699072K), 0.2964660 secs] 1235982K->827357K(1747648K), 0.2965676 secs] [Times: user=0.84 sys=0.05, real=0.29 secs] 
177.648: [GC 177.648: [ParNew
Desired survivor size 178946048 bytes, new threshold 3 (max 15)
- age   1:   94196336 bytes,   94196336 total
- age   2:   64503008 bytes,  158699344 total
- age   3:   49737688 bytes,  208437032 total
: 570387K->349504K(699072K), 0.2281697 secs] 1091254K->870372K(1747648K), 0.2282853 secs] [Times: user=0.60 sys=0.06, real=0.23 secs] 
178.231: [GC 178.231: [ParNew
Desired survivor size 178946048 bytes, new threshold 2 (max 15)
- age   1:  143637448 bytes,  143637448 total
- age   2:   45730584 bytes,  189368032 total
- age   3:   43810592 bytes,  233178624 total
: 699072K->275739K(699072K), 0.3122885 secs] 1159088K->777824K(1747648K), 0.3124125 secs] [Times: user=0.89 sys=0.05, real=0.31 secs] 
178.873: [GC 178.873: [ParNew
Desired survivor size 178946048 bytes, new threshold 2 (max 15)
- age   1:  140965672 bytes,  140965672 total
- age   2:   89745384 bytes,  230711056 total
: 625307K->302134K(699072K), 0.3558602 secs] 1056401K->808591K(1747648K), 0.3559635 secs] [Times: user=1.02 sys=0.06, real=0.36 secs] 
179.557: [GC 179.557: [ParNew
Desired survivor size 178946048 bytes, new threshold 2 (max 15)
- age   1:  127609760 bytes,  127609760 total
- age   2:   76867160 bytes,  204476920 total
: 651702K->274166K(699072K), 0.3328219 secs] 1108784K->799976K(1747648K), 0.3329253 secs] [Times: user=0.94 sys=0.06, real=0.33 secs] 
179.915: [CMS-concurrent-sweep: 1.594/3.130 secs] [Times: user=9.48 sys=0.46, real=3.13 secs] 
179.915: [CMS-concurrent-reset-start]
179.919: [CMS-concurrent-reset: 0.004/0.004 secs] [Times: user=0.01 sys=0.00, real=0.00 secs] 
180.205: [GC 180.205: [ParNew
Desired survivor size 178946048 bytes, new threshold 2 (max 15)
- age   1:  113988776 bytes,  113988776 total
- age   2:   91956112 bytes,  205944888 total
: 623734K->306894K(699072K), 0.3298918 secs] 1142211K->890420K(1747648K), 0.3299715 secs] [Times: user=0.91 sys=0.06, real=0.33 secs] 
180.537: [GC [1 CMS-initial-mark: 583525K(1048576K)] 890922K(1747648K), 0.1247313 secs] [Times: user=0.12 sys=0.00, real=0.12 secs] 
180.662: [CMS-concurrent-mark-start]
180.997: [GC 180.997: [ParNew
Desired survivor size 178946048 bytes, new threshold 15 (max 15)
- age   1:   88602968 bytes,   88602968 total
- age   2:   64017312 bytes,  152620280 total
: 656462K->201987K(699072K), 0.2945940 secs] 1239988K->861480K(1747648K), 0.2946874 secs] [Times: user=0.84 sys=0.05, real=0.29 secs] 
181.667: [GC 181.667: [ParNew
Desired survivor size 178946048 bytes, new threshold 3 (max 15)
- age   1:  110089256 bytes,  110089256 total
- age   2:   58434312 bytes,  168523568 total
- age   3:   55828056 bytes,  224351624 total
: 551555K->324558K(699072K), 0.3003408 secs] 1211048K->984051K(1747648K), 0.3004493 secs] [Times: user=0.66 sys=0.07, real=0.30 secs] 
182.002: [CMS-concurrent-mark: 0.741/1.340 secs] [Times: user=3.83 sys=0.20, real=1.34 secs] 
182.002: [CMS-concurrent-preclean-start]
182.036: [CMS-concurrent-preclean: 0.033/0.034 secs] [Times: user=0.13 sys=0.01, real=0.04 secs] 
182.036: [CMS-concurrent-abortable-preclean-start]
182.362: [GC 182.362: [ParNew
Desired survivor size 178946048 bytes, new threshold 15 (max 15)
- age   1:   42045960 bytes,   42045960 total
- age   2:   44810136 bytes,   86856096 total
- age   3:   40415088 bytes,  127271184 total
: 674126K->204889K(699072K), 0.2623009 secs] 1333619K->914908K(1747648K), 0.2623937 secs] [Times: user=0.69 sys=0.06, real=0.27 secs] 
182.953: [GC 182.953: [ParNew
Desired survivor size 178946048 bytes, new threshold 4 (max 15)
- age   1:   89970576 bytes,   89970576 total
- age   2:   33409784 bytes,  123380360 total
- age   3:   40505048 bytes,  163885408 total
- age   4:   37019368 bytes,  200904776 total
: 554457K->288877K(699072K), 0.2155132 secs] 1264476K->998896K(1747648K), 0.2156135 secs] [Times: user=0.58 sys=0.06, real=0.22 secs] 
183.218: [CMS-concurrent-abortable-preclean: 0.639/1.182 secs] [Times: user=3.32 sys=0.18, real=1.18 secs] 
183.234: [GC[YG occupancy: 351594 K (699072 K)]183.234: [Rescan (parallel) , 0.0604122 secs]183.295: [weak refs processing, 0.0000901 secs] [1 CMS-remark: 710018K(1048576K)] 1061613K(1747648K), 0.0606177 secs] [Times: user=0.21 sys=0.01, real=0.06 secs] 
183.295: [CMS-concurrent-sweep-start]
183.598: [GC 183.598: [ParNew
Desired survivor size 178946048 bytes, new threshold 2 (max 15)
- age   1:  129108552 bytes,  129108552 total
- age   2:   54987624 bytes,  184096176 total
- age   3:   17411720 bytes,  201507896 total
- age   4:   18957888 bytes,  220465784 total
: 638445K->320699K(699072K), 0.2739477 secs] 1266527K->977158K(1747648K), 0.2740418 secs] [Times: user=0.79 sys=0.05, real=0.27 secs] 
184.210: [GC 184.210: [ParNew
Desired survivor size 178946048 bytes, new threshold 2 (max 15)
- age   1:  163265448 bytes,  163265448 total
- age   2:   51568448 bytes,  214833896 total
: 670267K->310931K(699072K), 0.3425247 secs] 1280385K->981103K(1747648K), 0.3426338 secs] [Times: user=0.96 sys=0.06, real=0.34 secs] 
184.893: [GC 184.893: [ParNew
Desired survivor size 178946048 bytes, new threshold 2 (max 15)
- age   1:  129723632 bytes,  129723632 total
- age   2:  100511440 bytes,  230235072 total
: 660499K->349504K(699072K), 0.2963746 secs] 1258391K->984792K(1747648K), 0.2964758 secs] [Times: user=0.86 sys=0.05, real=0.30 secs] 
185.526: [GC 185.526: [ParNew
Desired survivor size 178946048 bytes, new threshold 15 (max 15)
- age   1:   68364488 bytes,   68364488 total
- age   2:   81287424 bytes,  149651912 total
: 699072K->220922K(699072K), 0.3253068 secs] 1275483K->889046K(1747648K), 0.3254179 secs] [Times: user=0.90 sys=0.06, real=0.32 secs] 
186.177: [CMS-concurrent-sweep: 1.579/2.882 secs] [Times: user=8.57 sys=0.38, real=2.88 secs] 
186.177: [CMS-concurrent-reset-start]
186.181: [CMS-concurrent-reset: 0.004/0.004 secs] [Times: user=0.01 sys=0.00, real=0.00 secs] 
186.490: [GC 186.490: [ParNew
Desired survivor size 178946048 bytes, new threshold 15 (max 15)
- age   1:   45959056 bytes,   45959056 total
- age   2:   31451464 bytes,   77410520 total
- age   3:   68042008 bytes,  145452528 total
: 570490K->164838K(699072K), 0.1866304 secs] 1039629K->633977K(1747648K), 0.1867672 secs] [Times: user=0.45 sys=0.05, real=0.19 secs] 
186.995: [GC 186.995: [ParNew
Desired survivor size 178946048 bytes, new threshold 4 (max 15)
- age   1:   92823384 bytes,   92823384 total
- age   2:   27339160 bytes,  120162544 total
- age   3:   25724776 bytes,  145887320 total
- age   4:   52824744 bytes,  198712064 total
: 514406K->295484K(699072K), 0.2173252 secs] 983545K->764623K(1747648K), 0.2174199 secs] [Times: user=0.59 sys=0.05, real=0.21 secs] 
187.633: [GC 187.633: [ParNew
Desired survivor size 178946048 bytes, new threshold 15 (max 15)
- age   1:    3862336 bytes,    3862336 total
- age   2:      16768 bytes,    3879104 total
- age   3:    2927648 bytes,    6806752 total
- age   4:   21970920 bytes,   28777672 total
: 645052K->182477K(699072K), 0.1463195 secs] 1114191K->700805K(1747648K), 0.1464104 secs] [Times: user=0.32 sys=0.05, real=0.15 secs] 
188.411: [GC 188.411: [ParNew
Desired survivor size 178946048 bytes, new threshold 15 (max 15)
- age   1:   17978528 bytes,   17978528 total
- age   2:       7056 bytes,   17985584 total
- age   3:      15656 bytes,   18001240 total
- age   4:    2927648 bytes,   20928888 total
- age   5:   21970600 bytes,   42899488 total
: 532045K->50888K(699072K), 0.0978617 secs] 1050373K->569217K(1747648K), 0.0979650 secs] [Times: user=0.14 sys=0.06, real=0.10 secs] 
189.683: [GC 189.683: [ParNew
Desired survivor size 178946048 bytes, new threshold 15 (max 15)
- age   1:   27748112 bytes,   27748112 total
- age   2:        120 bytes,   27748232 total
- age   3:       6624 bytes,   27754856 total
- age   4:      15656 bytes,   27770512 total
- age   5:    2926760 bytes,   30697272 total
- age   6:   21970600 bytes,   52667872 total
: 400456K->77249K(699072K), 0.0964159 secs] 918785K->595577K(1747648K), 0.0965271 secs] [Times: user=0.16 sys=0.05, real=0.10 secs] 
190.795: [GC 190.795: [ParNew
Desired survivor size 178946048 bytes, new threshold 15 (max 15)
- age   1:    2077648 bytes,    2077648 total
- age   2:        344 bytes,    2077992 total
- age   4:       6624 bytes,    2084616 total
- age   5:      15656 bytes,    2100272 total
- age   6:    2926760 bytes,    5027032 total
- age   7:   21970600 bytes,   26997632 total
: 426817K->49610K(699072K), 0.0796104 secs] 945145K->567939K(1747648K), 0.0797123 secs] [Times: user=0.10 sys=0.06, real=0.08 secs] 
191.440: [GC 191.440: [ParNew
Desired survivor size 178946048 bytes, new threshold 15 (max 15)
- age   1:   10923888 bytes,   10923888 total
- age   2:        576 bytes,   10924464 total
- age   3:        224 bytes,   10924688 total
- age   5:       6624 bytes,   10931312 total
- age   6:      15656 bytes,   10946968 total
- age   7:    2926760 bytes,   13873728 total
- age   8:   21970672 bytes,   35844400 total
: 399178K->44578K(699072K), 0.0822695 secs] 917507K->562907K(1747648K), 0.0824023 secs] [Times: user=0.12 sys=0.05, real=0.08 secs] 
192.567: [GC 192.567: [ParNew
Desired survivor size 178946048 bytes, new threshold 15 (max 15)
- age   1:    7544520 bytes,    7544520 total
- age   2:       1576 bytes,    7546096 total
- age   4:        224 bytes,    7546320 total
- age   6:       6624 bytes,    7552944 total
- age   7:      15656 bytes,    7568600 total
- age   8:    2926760 bytes,   10495360 total
- age   9:   21970600 bytes,   32465960 total
: 394146K->55694K(699072K), 0.0850567 secs] 912475K->574022K(1747648K), 0.0851625 secs] [Times: user=0.11 sys=0.06, real=0.08 secs] 
193.757: [GC 193.757: [ParNew
Desired survivor size 178946048 bytes, new threshold 15 (max 15)
- age   1:   29300136 bytes,   29300136 total
- age   5:        224 bytes,   29300360 total
- age   7:       6624 bytes,   29306984 total
- age   8:      15616 bytes,   29322600 total
- age   9:    2926760 bytes,   32249360 total
- age  10:   21970280 bytes,   54219640 total
: 405262K->64498K(699072K), 0.0946120 secs] 923590K->582826K(1747648K), 0.0947154 secs] [Times: user=0.16 sys=0.05, real=0.09 secs] 
194.557: [GC 194.557: [ParNew
Desired survivor size 178946048 bytes, new threshold 15 (max 15)
- age   1:    3108416 bytes,    3108416 total
- age   2:      13704 bytes,    3122120 total
- age   6:        224 bytes,    3122344 total
- age   8:       6624 bytes,    3128968 total
- age   9:      15616 bytes,    3144584 total
- age  10:    2926760 bytes,    6071344 total
- age  11:   21970280 bytes,   28041624 total
: 414066K->44673K(699072K), 0.0813612 secs] 932394K->563001K(1747648K), 0.0814655 secs] [Times: user=0.10 sys=0.05, real=0.08 secs] 
195.654: [GC 195.654: [ParNew
Desired survivor size 178946048 bytes, new threshold 15 (max 15)
- age   1:   20644696 bytes,   20644696 total
- age   2:       3456 bytes,   20648152 total
- age   3:      13584 bytes,   20661736 total
- age   7:        224 bytes,   20661960 total
- age   9:       6624 bytes,   20668584 total
- age  10:      15616 bytes,   20684200 total
- age  11:    2926760 bytes,   23610960 total
- age  12:   21970280 bytes,   45581240 total
: 394241K->63412K(699072K), 0.0915842 secs] 912569K->581741K(1747648K), 0.0916729 secs] [Times: user=0.15 sys=0.05, real=0.09 secs] 
197.380: [GC 197.380: [ParNew
Desired survivor size 178946048 bytes, new threshold 15 (max 15)
- age   1:    7544520 bytes,    7544520 total
- age   3:       3152 bytes,    7547672 total
- age   4:      13584 bytes,    7561256 total
- age   8:        224 bytes,    7561480 total
- age  10:       6624 bytes,    7568104 total
- age  11:      15616 bytes,    7583720 total
- age  12:    2926760 bytes,   10510480 total
- age  13:   21970280 bytes,   32480760 total
: 412980K->41311K(699072K), 0.0846943 secs] 931309K->559639K(1747648K), 0.0847839 secs] [Times: user=0.11 sys=0.06, real=0.09 secs] 
198.709: [GC 198.709: [ParNew
Desired survivor size 178946048 bytes, new threshold 15 (max 15)
- age   1:    7520072 bytes,    7520072 total
- age   2:       1392 bytes,    7521464 total
- age   4:       1576 bytes,    7523040 total
- age   5:      13584 bytes,    7536624 total
- age   9:        224 bytes,    7536848 total
- age  11:       6624 bytes,    7543472 total
- age  12:      15616 bytes,    7559088 total
- age  13:    2926760 bytes,   10485848 total
- age  14:   21970384 bytes,   32456232 total
: 390879K->42646K(699072K), 0.0793670 secs] 909207K->560975K(1747648K), 0.0794611 secs] [Times: user=0.11 sys=0.05, real=0.08 secs] 
200.360: [GC 200.360: [ParNew
Desired survivor size 178946048 bytes, new threshold 15 (max 15)
- age   1:    1714128 bytes,    1714128 total
- age   2:       1392 bytes,    1715520 total
- age   5:       1576 bytes,    1717096 total
- age   6:      12520 bytes,    1729616 total
- age  10:        224 bytes,    1729840 total
- age  12:       6624 bytes,    1736464 total
- age  13:      15616 bytes,    1752080 total
- age  14:    2926760 bytes,    4678840 total
- age  15:   21970280 bytes,   26649120 total
: 392214K->32300K(699072K), 0.0826748 secs] 910543K->550629K(1747648K), 0.0827990 secs] [Times: user=0.09 sys=0.06, real=0.08 secs] 
201.682: [GC 201.682: [ParNew
Desired survivor size 178946048 bytes, new threshold 15 (max 15)
- age   1:    3394376 bytes,    3394376 total
- age   2:       6328 bytes,    3400704 total
- age   3:       1392 bytes,    3402096 total
- age   6:       1576 bytes,    3403672 total
- age   7:      12520 bytes,    3416192 total
- age  11:        224 bytes,    3416416 total
- age  13:       6624 bytes,    3423040 total
- age  14:      15616 bytes,    3438656 total
- age  15:    2926760 bytes,    6365416 total
: 381868K->27593K(699072K), 0.0880558 secs] 900197K->567377K(1747648K), 0.0881442 secs] [Times: user=0.13 sys=0.05, real=0.09 secs] 
232.173: [GC 232.173: [ParNew
Desired survivor size 178946048 bytes, new threshold 15 (max 15)
- age   1:  171027664 bytes,  171027664 total
- age   3:        464 bytes,  171028128 total
- age   7:        552 bytes,  171028680 total
- age   8:       1480 bytes,  171030160 total
- age  12:        224 bytes,  171030384 total
- age  14:       2936 bytes,  171033320 total
- age  15:       4312 bytes,  171037632 total
: 377161K->171159K(699072K), 0.2525001 secs] 916945K->713795K(1747648K), 0.2526127 secs] [Times: user=0.48 sys=0.08, real=0.25 secs] 
232.797: [GC 232.797: [ParNew
Desired survivor size 178946048 bytes, new threshold 15 (max 15)
- age   1:   97421312 bytes,   97421312 total
- age   2:   68977552 bytes,  166398864 total
- age   4:        360 bytes,  166399224 total
- age   8:        552 bytes,  166399776 total
- age   9:        552 bytes,  166400328 total
- age  13:        224 bytes,  166400552 total
- age  15:       2936 bytes,  166403488 total
: 520727K->254768K(699072K), 0.2053789 secs] 1063363K->797408K(1747648K), 0.2054767 secs] [Times: user=0.50 sys=0.06, real=0.21 secs] 
236.552: [GC 236.552: [ParNew
Desired survivor size 178946048 bytes, new threshold 15 (max 15)
- age   1:    3391880 bytes,    3391880 total
- age   2:       7048 bytes,    3398928 total
- age   3:      53064 bytes,    3451992 total
- age   9:        552 bytes,    3452544 total
- age  10:        552 bytes,    3453096 total
- age  14:        152 bytes,    3453248 total
: 604336K->153725K(699072K), 0.0870430 secs] 1146976K->696367K(1747648K), 0.0871489 secs] [Times: user=0.02 sys=0.08, real=0.09 secs] 
263.814: [Full GC (System) 263.814: [CMS: 542642K->4399K(1048576K), 0.2641238 secs] 758203K->4399K(1747648K), [CMS Perm : 10899K->10850K(21248K)], 0.2642427 secs] [Times: user=0.26 sys=0.00, real=0.26 secs] 
Heap
 par new generation   total 699072K, used 15119K [107010000, 147010000, 147010000)
  eden space 349568K,   4% used [107010000, 107ed3d90, 11c570000)
  from space 349504K,   0% used [131ac0000, 131ac0000, 147010000)
  to   space 349504K,   0% used [11c570000, 11c570000, 131ac0000)
 concurrent mark-sweep generation total 1048576K, used 4399K [147010000, 187010000, 187010000)
 concurrent-mark-sweep perm gen total 21248K, used 10850K [187010000, 1884d0000, 18c410000)
