0.762: [Full GC (System) 0.762: [CMS: 0K->1711K(63872K), 0.0357678 secs] 16847K->1711K(83008K), [CMS Perm : 9604K->9550K(21248K)], 0.0358684 secs] [Times: user=0.04 sys=0.00, real=0.04 secs] 
0.798: [Full GC (System) 0.798: [CMS: 1711K->1711K(63872K), 0.0256929 secs] 1711K->1711K(83008K), [CMS Perm : 9550K->9550K(21248K)], 0.0257681 secs] [Times: user=0.02 sys=0.00, real=0.03 secs] 
22.254: [GC 22.254: [ParNew
Desired survivor size 1081344 bytes, new threshold 1 (max 4)
- age   1:    2154608 bytes,    2154608 total
: 17000K->2111K(19136K), 0.0134631 secs] 18711K->4609K(83008K), 0.0135866 secs] [Times: user=0.03 sys=0.01, real=0.01 secs] 
23.074: [Full GC 23.075: [CMS: 2497K->8742K(63872K), 0.0671180 secs] 13949K->8742K(83008K), [CMS Perm : 21247K->14754K(21248K)], 0.0672508 secs] [Times: user=0.06 sys=0.00, real=0.06 secs] 
36.870: [Full GC 36.870: [CMS: 8742K->4353K(63872K), 0.0687890 secs] 21134K->4353K(83008K), [CMS Perm : 24533K->14801K(24592K)], 0.0690342 secs] [Times: user=0.06 sys=0.00, real=0.07 secs] 
39.886: [GC 39.886: [ParNew
Desired survivor size 1081344 bytes, new threshold 1 (max 4)
- age   1:    2158776 bytes,    2158776 total
: 17024K->2112K(19136K), 0.0536284 secs] 21377K->18801K(83008K), 0.0537149 secs] [Times: user=0.13 sys=0.02, real=0.05 secs] 
40.673: [GC 40.673: [ParNew
Desired survivor size 1081344 bytes, new threshold 1 (max 4)
- age   1:    2161104 bytes,    2161104 total
: 19136K->2112K(19136K), 0.0537807 secs] 35825K->34776K(83008K), 0.0538578 secs] [Times: user=0.14 sys=0.03, real=0.05 secs] 
40.729: [GC [1 CMS-initial-mark: 32664K(63872K)] 35030K(83008K), 0.0043917 secs] [Times: user=0.01 sys=0.00, real=0.01 secs] 
40.733: [CMS-concurrent-mark-start]
40.823: [CMS-concurrent-mark: 0.086/0.089 secs] [Times: user=0.23 sys=0.01, real=0.09 secs] 
40.823: [CMS-concurrent-preclean-start]
40.831: [CMS-concurrent-preclean: 0.008/0.008 secs] [Times: user=0.02 sys=0.00, real=0.00 secs] 
40.832: [GC[YG occupancy: 3671 K (19136 K)]40.832: [Rescan (parallel) , 0.0024463 secs]40.834: [weak refs processing, 0.0009752 secs] [1 CMS-remark: 32664K(63872K)] 36335K(83008K), 0.0036293 secs] [Times: user=0.01 sys=0.00, real=0.01 secs] 
40.836: [CMS-concurrent-sweep-start]
40.852: [CMS-concurrent-sweep: 0.016/0.016 secs] [Times: user=0.04 sys=0.00, real=0.01 secs] 
40.852: [CMS-concurrent-reset-start]
40.853: [CMS-concurrent-reset: 0.001/0.001 secs] [Times: user=0.00 sys=0.00, real=0.01 secs] 
41.590: [GC 41.590: [ParNew
Desired survivor size 1081344 bytes, new threshold 1 (max 4)
- age   1:    2162264 bytes,    2162264 total
: 19136K->2112K(19136K), 0.0318259 secs] 49791K->38482K(83008K), 0.0319238 secs] [Times: user=0.08 sys=0.00, real=0.03 secs] 
41.631: [GC [1 CMS-initial-mark: 36370K(63872K)] 38721K(83008K), 0.0060919 secs] [Times: user=0.01 sys=0.00, real=0.01 secs] 
41.637: [CMS-concurrent-mark-start]
41.738: [CMS-concurrent-mark: 0.101/0.101 secs] [Times: user=0.16 sys=0.01, real=0.10 secs] 
41.738: [CMS-concurrent-preclean-start]
41.748: [CMS-concurrent-preclean: 0.010/0.010 secs] [Times: user=0.02 sys=0.00, real=0.01 secs] 
41.752: [GC[YG occupancy: 3377 K (19136 K)]41.752: [Rescan (parallel) , 0.0041896 secs]41.756: [weak refs processing, 0.0121811 secs] [1 CMS-remark: 36370K(63872K)] 39747K(83008K), 0.0230375 secs] [Times: user=0.02 sys=0.00, real=0.03 secs] 
41.780: [CMS-concurrent-sweep-start]
41.830: [CMS-concurrent-sweep: 0.050/0.050 secs] [Times: user=0.07 sys=0.01, real=0.05 secs] 
41.830: [CMS-concurrent-reset-start]
41.830: [CMS-concurrent-reset: 0.001/0.001 secs] [Times: user=0.00 sys=0.00, real=0.00 secs] 
42.950: [GC 42.950: [ParNew
Desired survivor size 1081344 bytes, new threshold 1 (max 4)
- age   1:    2162512 bytes,    2162512 total
: 19136K->2112K(19136K), 0.0340611 secs] 38862K->30805K(83008K), 0.0341432 secs] [Times: user=0.10 sys=0.01, real=0.04 secs] 
44.115: [GC 44.115: [ParNew
Desired survivor size 1081344 bytes, new threshold 1 (max 4)
- age   1:    2162440 bytes,    2162440 total
: 19136K->2112K(19136K), 0.0298342 secs] 47829K->40930K(83008K), 0.0299123 secs] [Times: user=0.09 sys=0.00, real=0.03 secs] 
45.086: [GC 45.087: [ParNew
Desired survivor size 1081344 bytes, new threshold 1 (max 4)
- age   1:    2162376 bytes,    2162376 total
: 19136K->2112K(19136K), 0.0297648 secs] 57954K->52278K(83008K), 0.0298408 secs] [Times: user=0.09 sys=0.01, real=0.03 secs] 
45.117: [GC [1 CMS-initial-mark: 50166K(63872K)] 52421K(83008K), 0.0036398 secs] [Times: user=0.01 sys=0.00, real=0.00 secs] 
45.121: [CMS-concurrent-mark-start]
45.263: [CMS-concurrent-mark: 0.143/0.143 secs] [Times: user=0.37 sys=0.00, real=0.15 secs] 
45.263: [CMS-concurrent-preclean-start]
45.275: [CMS-concurrent-preclean: 0.011/0.011 secs] [Times: user=0.02 sys=0.00, real=0.01 secs] 
45.275: [CMS-concurrent-abortable-preclean-start]
45.798: [GC 45.798: [ParNew
Desired survivor size 1081344 bytes, new threshold 1 (max 4)
- age   1:    2162464 bytes,    2162464 total
: 19136K->2112K(19136K), 0.0344572 secs] 69302K->60757K(83008K), 0.0345481 secs] [Times: user=0.08 sys=0.01, real=0.04 secs] 
46.313: [CMS-concurrent-abortable-preclean: 0.682/1.039 secs] [Times: user=1.82 sys=0.05, real=1.04 secs] 
46.314: [GC[YG occupancy: 10718 K (19136 K)]46.314: [Rescan (parallel) , 0.0050212 secs]46.319: [weak refs processing, 0.0075906 secs] [1 CMS-remark: 58645K(63872K)] 69363K(83008K), 0.0165529 secs] [Times: user=0.02 sys=0.00, real=0.01 secs] 
46.331: [CMS-concurrent-sweep-start]
46.362: [CMS-concurrent-sweep: 0.031/0.031 secs] [Times: user=0.08 sys=0.00, real=0.03 secs] 
46.362: [CMS-concurrent-reset-start]
46.362: [CMS-concurrent-reset: 0.001/0.001 secs] [Times: user=0.00 sys=0.00, real=0.01 secs] 
46.883: [GC 46.884: [ParNew
Desired survivor size 1081344 bytes, new threshold 1 (max 4)
- age   1:    2162440 bytes,    2162440 total
: 19136K->2112K(19136K), 0.0547566 secs] 70631K->58119K(104964K), 0.0548455 secs] [Times: user=0.14 sys=0.00, real=0.05 secs] 
50.005: [GC 50.005: [ParNew
Desired survivor size 1081344 bytes, new threshold 1 (max 4)
- age   1:    2162408 bytes,    2162408 total
: 19136K->2112K(19136K), 0.0394588 secs] 75143K->66455K(104964K), 0.0395363 secs] [Times: user=0.08 sys=0.00, real=0.04 secs] 
50.045: [GC [1 CMS-initial-mark: 64343K(85828K)] 66719K(104964K), 0.0059265 secs] [Times: user=0.01 sys=0.00, real=0.00 secs] 
50.051: [CMS-concurrent-mark-start]
50.196: [CMS-concurrent-mark: 0.144/0.144 secs] [Times: user=0.30 sys=0.04, real=0.15 secs] 
50.196: [CMS-concurrent-preclean-start]
50.211: [CMS-concurrent-preclean: 0.015/0.016 secs] [Times: user=0.03 sys=0.00, real=0.01 secs] 
50.212: [CMS-concurrent-abortable-preclean-start]
50.963: [GC 50.963: [ParNew
Desired survivor size 1081344 bytes, new threshold 1 (max 4)
- age   1:    2162432 bytes,    2162432 total
: 19136K->2112K(19136K), 0.0321485 secs] 83479K->74458K(104964K), 0.0322356 secs] [Times: user=0.10 sys=0.00, real=0.03 secs] 
54.062: [CMS-concurrent-abortable-preclean: 1.078/3.850 secs] [Times: user=2.44 sys=0.06, real=3.85 secs] 
54.062: [GC[YG occupancy: 10813 K (19136 K)]54.062: [Rescan (parallel) , 0.0062069 secs]54.068: [weak refs processing, 0.0199622 secs] [1 CMS-remark: 72346K(85828K)] 83160K(104964K), 0.0377831 secs] [Times: user=0.05 sys=0.00, real=0.04 secs] 
54.100: [CMS-concurrent-sweep-start]
54.145: [CMS-concurrent-sweep: 0.045/0.045 secs] [Times: user=0.12 sys=0.01, real=0.05 secs] 
54.146: [CMS-concurrent-reset-start]
54.146: [CMS-concurrent-reset: 0.001/0.001 secs] [Times: user=0.00 sys=0.00, real=0.00 secs] 
54.594: [GC 54.595: [ParNew
Desired survivor size 1081344 bytes, new threshold 1 (max 4)
- age   1:    2160664 bytes,    2160664 total
: 19136K->2110K(19136K), 0.0579770 secs] 67489K->62185K(104964K), 0.0580555 secs] [Times: user=0.14 sys=0.01, real=0.06 secs] 
54.653: [GC [1 CMS-initial-mark: 60075K(85828K)] 62486K(104964K), 0.0069669 secs] [Times: user=0.01 sys=0.00, real=0.00 secs] 
54.660: [CMS-concurrent-mark-start]
54.837: [CMS-concurrent-mark: 0.177/0.177 secs] [Times: user=0.37 sys=0.03, real=0.18 secs] 
54.837: [CMS-concurrent-preclean-start]
54.870: [CMS-concurrent-preclean: 0.031/0.033 secs] [Times: user=0.06 sys=0.01, real=0.03 secs] 
54.871: [CMS-concurrent-abortable-preclean-start]
55.851: [GC 55.851: [ParNew
Desired survivor size 1081344 bytes, new threshold 1 (max 4)
- age   1:    2162296 bytes,    2162296 total
: 19134K->2112K(19136K), 0.0532963 secs] 79209K->72118K(104964K), 0.0533801 secs] [Times: user=0.13 sys=0.00, real=0.06 secs] 
56.494: [CMS-concurrent-abortable-preclean: 1.556/1.623 secs] [Times: user=3.28 sys=0.37, real=1.63 secs] 
56.494: [GC[YG occupancy: 10685 K (19136 K)]56.494: [Rescan (parallel) , 0.0057004 secs]56.500: [weak refs processing, 0.0057969 secs] [1 CMS-remark: 70006K(85828K)] 80692K(104964K), 0.0146491 secs] [Times: user=0.02 sys=0.00, real=0.01 secs] 
56.509: [CMS-concurrent-sweep-start]
56.560: [CMS-concurrent-sweep: 0.051/0.051 secs] [Times: user=0.12 sys=0.01, real=0.05 secs] 
56.560: [CMS-concurrent-reset-start]
56.561: [CMS-concurrent-reset: 0.001/0.001 secs] [Times: user=0.01 sys=0.00, real=0.00 secs] 
57.064: [GC 57.064: [ParNew
Desired survivor size 1081344 bytes, new threshold 1 (max 4)
- age   1:    2161680 bytes,    2161680 total
: 19136K->2111K(19136K), 0.0421212 secs] 75677K->66857K(113372K), 0.0422017 secs] [Times: user=0.13 sys=0.00, real=0.04 secs] 
57.107: [GC [1 CMS-initial-mark: 64746K(94236K)] 66857K(113372K), 0.0041341 secs] [Times: user=0.01 sys=0.00, real=0.00 secs] 
57.111: [CMS-concurrent-mark-start]
57.294: [CMS-concurrent-mark: 0.184/0.184 secs] [Times: user=0.36 sys=0.02, real=0.19 secs] 
57.295: [CMS-concurrent-preclean-start]
57.309: [CMS-concurrent-preclean: 0.014/0.014 secs] [Times: user=0.03 sys=0.00, real=0.01 secs] 
57.309: [CMS-concurrent-abortable-preclean-start]
58.872: [GC 58.872: [ParNew
Desired survivor size 1081344 bytes, new threshold 1 (max 4)
- age   1:    2161520 bytes,    2161520 total
: 19135K->2111K(19136K), 0.0317621 secs] 83881K->75154K(113372K), 0.0318455 secs] [Times: user=0.09 sys=0.01, real=0.04 secs] 
59.325: [CMS-concurrent-abortable-preclean: 0.895/2.016 secs] [Times: user=2.14 sys=0.07, real=2.02 secs] 
59.325: [GC[YG occupancy: 10752 K (19136 K)]59.326: [Rescan (parallel) , 0.0043184 secs]59.330: [weak refs processing, 0.0145070 secs] [1 CMS-remark: 73043K(94236K)] 83795K(113372K), 0.0269214 secs] [Times: user=0.04 sys=0.00, real=0.03 secs] 
59.353: [CMS-concurrent-sweep-start]
59.402: [CMS-concurrent-sweep: 0.050/0.050 secs] [Times: user=0.12 sys=0.01, real=0.04 secs] 
59.402: [CMS-concurrent-reset-start]
59.403: [CMS-concurrent-reset: 0.001/0.001 secs] [Times: user=0.00 sys=0.00, real=0.01 secs] 
59.965: [GC 59.966: [ParNew
Desired survivor size 1081344 bytes, new threshold 1 (max 4)
- age   1:    2161320 bytes,    2161320 total
: 19135K->2110K(19136K), 0.0474472 secs] 77130K->67879K(115796K), 0.0475252 secs] [Times: user=0.13 sys=0.00, real=0.05 secs] 
60.015: [GC [1 CMS-initial-mark: 65769K(96660K)] 67887K(115796K), 0.0053120 secs] [Times: user=0.01 sys=0.01, real=0.00 secs] 
60.020: [CMS-concurrent-mark-start]
60.221: [CMS-concurrent-mark: 0.201/0.201 secs] [Times: user=0.40 sys=0.05, real=0.20 secs] 
60.221: [CMS-concurrent-preclean-start]
60.240: [CMS-concurrent-preclean: 0.018/0.019 secs] [Times: user=0.04 sys=0.00, real=0.02 secs] 
60.240: [CMS-concurrent-abortable-preclean-start]
61.124: [GC 61.124: [ParNew
Desired survivor size 1081344 bytes, new threshold 1 (max 4)
- age   1:    2161176 bytes,    2161176 total
: 19134K->2110K(19136K), 0.0435562 secs] 84903K->79076K(115796K), 0.0436359 secs] [Times: user=0.12 sys=0.01, real=0.04 secs] 
61.553: [CMS-concurrent-abortable-preclean: 1.056/1.313 secs] [Times: user=2.52 sys=0.13, real=1.32 secs] 
61.553: [GC[YG occupancy: 10676 K (19136 K)]61.553: [Rescan (parallel) , 0.0044754 secs]61.558: [weak refs processing, 0.0080920 secs] [1 CMS-remark: 76965K(96660K)] 87642K(115796K), 0.0164919 secs] [Times: user=0.03 sys=0.00, real=0.01 secs] 
61.570: [CMS-concurrent-sweep-start]
61.624: [CMS-concurrent-sweep: 0.054/0.054 secs] [Times: user=0.12 sys=0.01, real=0.06 secs] 
61.624: [CMS-concurrent-reset-start]
61.625: [CMS-concurrent-reset: 0.001/0.001 secs] [Times: user=0.00 sys=0.00, real=0.00 secs] 
62.013: [GC 62.014: [ParNew
Desired survivor size 1081344 bytes, new threshold 1 (max 4)
- age   1:    2160984 bytes,    2160984 total
: 19134K->2110K(19136K), 0.0570560 secs] 84078K->82090K(126912K), 0.0571401 secs] [Times: user=0.17 sys=0.01, real=0.05 secs] 
62.071: [GC [1 CMS-initial-mark: 79980K(107776K)] 82328K(126912K), 0.0066876 secs] [Times: user=0.01 sys=0.00, real=0.01 secs] 
62.078: [CMS-concurrent-mark-start]
62.293: [CMS-concurrent-mark: 0.215/0.215 secs] [Times: user=0.43 sys=0.04, real=0.22 secs] 
62.293: [CMS-concurrent-preclean-start]
62.306: [CMS-concurrent-preclean: 0.013/0.014 secs] [Times: user=0.03 sys=0.00, real=0.01 secs] 
62.306: [CMS-concurrent-abortable-preclean-start]
63.327: [GC 63.327: [ParNew
Desired survivor size 1081344 bytes, new threshold 1 (max 4)
- age   1:    2160776 bytes,    2160776 total
: 19134K->2110K(19136K), 0.0404071 secs] 99114K->92673K(126912K), 0.0404934 secs] [Times: user=0.11 sys=0.01, real=0.04 secs] 
64.031: [CMS-concurrent-abortable-preclean: 1.670/1.725 secs] [Times: user=3.50 sys=0.41, real=1.72 secs] 
64.031: [GC[YG occupancy: 10698 K (19136 K)]64.031: [Rescan (parallel) , 0.0056247 secs]64.037: [weak refs processing, 0.0052806 secs] [1 CMS-remark: 90563K(107776K)] 101261K(126912K), 0.0121350 secs] [Times: user=0.02 sys=0.00, real=0.02 secs] 
64.044: [CMS-concurrent-sweep-start]
64.095: [CMS-concurrent-sweep: 0.052/0.052 secs] [Times: user=0.12 sys=0.02, real=0.05 secs] 
64.096: [CMS-concurrent-reset-start]
64.096: [CMS-concurrent-reset: 0.001/0.001 secs] [Times: user=0.00 sys=0.00, real=0.00 secs] 
64.643: [GC 64.643: [ParNew
Desired survivor size 1081344 bytes, new threshold 1 (max 4)
- age   1:    2158856 bytes,    2158856 total
: 19134K->2110K(19136K), 0.0448577 secs] 98980K->91144K(126912K), 0.0449336 secs] [Times: user=0.14 sys=0.00, real=0.04 secs] 
64.690: [GC [1 CMS-initial-mark: 89033K(107776K)] 91515K(126912K), 0.0046891 secs] [Times: user=0.00 sys=0.00, real=0.01 secs] 
64.695: [CMS-concurrent-mark-start]
64.972: [CMS-concurrent-mark: 0.277/0.278 secs] [Times: user=0.57 sys=0.07, real=0.27 secs] 
64.972: [CMS-concurrent-preclean-start]
64.986: [CMS-concurrent-preclean: 0.014/0.014 secs] [Times: user=0.02 sys=0.01, real=0.02 secs] 
64.986: [CMS-concurrent-abortable-preclean-start]
65.727: [GC 65.727: [ParNew
Desired survivor size 1081344 bytes, new threshold 1 (max 4)
- age   1:    2162328 bytes,    2162328 total
: 19134K->2112K(19136K), 0.0337217 secs] 108168K->101296K(126912K), 0.0337983 secs] [Times: user=0.10 sys=0.00, real=0.03 secs] 
66.315: [CMS-concurrent-abortable-preclean: 1.183/1.328 secs] [Times: user=2.59 sys=0.34, real=1.33 secs] 
66.315: [GC[YG occupancy: 10657 K (19136 K)]66.315: [Rescan (parallel) , 0.0039501 secs]66.319: [weak refs processing, 0.0138336 secs] [1 CMS-remark: 99184K(107776K)] 109841K(126912K), 0.0255705 secs] [Times: user=0.03 sys=0.00, real=0.02 secs] 
66.341: [CMS-concurrent-sweep-start]
66.407: [CMS-concurrent-sweep: 0.066/0.066 secs] [Times: user=0.16 sys=0.03, real=0.07 secs] 
66.407: [CMS-concurrent-reset-start]
66.408: [CMS-concurrent-reset: 0.001/0.001 secs] [Times: user=0.01 sys=0.00, real=0.00 secs] 
66.817: [GC [1 CMS-initial-mark: 80825K(107776K)] 97544K(126912K), 0.0177428 secs] [Times: user=0.01 sys=0.00, real=0.02 secs] 
66.835: [CMS-concurrent-mark-start]
67.011: [GC 67.011: [ParNew
Desired survivor size 1081344 bytes, new threshold 1 (max 4)
- age   1:    2161240 bytes,    2161240 total
: 19136K->2110K(19136K), 0.0577553 secs] 99961K->91396K(126912K), 0.0578446 secs] [Times: user=0.16 sys=0.00, real=0.06 secs] 
67.157: [CMS-concurrent-mark: 0.263/0.322 secs] [Times: user=0.69 sys=0.08, real=0.32 secs] 
67.157: [CMS-concurrent-preclean-start]
67.277: [CMS-concurrent-preclean: 0.117/0.119 secs] [Times: user=0.23 sys=0.02, real=0.12 secs] 
67.277: [CMS-concurrent-abortable-preclean-start]
67.534: [CMS-concurrent-abortable-preclean: 0.254/0.257 secs] [Times: user=0.51 sys=0.01, real=0.26 secs] 
67.534: [GC[YG occupancy: 10726 K (19136 K)]67.535: [Rescan (parallel) , 0.0037109 secs]67.538: [weak refs processing, 0.0012792 secs] [1 CMS-remark: 89286K(107776K)] 100012K(126912K), 0.0055319 secs] [Times: user=0.02 sys=0.00, real=0.00 secs] 
67.540: [CMS-concurrent-sweep-start]
67.598: [CMS-concurrent-sweep: 0.058/0.058 secs] [Times: user=0.11 sys=0.01, real=0.06 secs] 
67.598: [CMS-concurrent-reset-start]
67.599: [CMS-concurrent-reset: 0.001/0.001 secs] [Times: user=0.00 sys=0.00, real=0.00 secs] 
67.800: [GC [1 CMS-initial-mark: 83833K(107776K)] 98436K(126912K), 0.0124433 secs] [Times: user=0.01 sys=0.00, real=0.02 secs] 
67.813: [CMS-concurrent-mark-start]
68.074: [GC 68.074: [ParNew
Desired survivor size 1081344 bytes, new threshold 1 (max 4)
- age   1:    2161120 bytes,    2161120 total
: 19134K->2110K(19136K), 0.0342662 secs] 102968K->90257K(126912K), 0.0343501 secs] [Times: user=0.10 sys=0.00, real=0.03 secs] 
68.133: [CMS-concurrent-mark: 0.284/0.320 secs] [Times: user=0.70 sys=0.02, real=0.32 secs] 
68.133: [CMS-concurrent-preclean-start]
68.221: [CMS-concurrent-preclean: 0.086/0.088 secs] [Times: user=0.18 sys=0.02, real=0.08 secs] 
68.221: [GC[YG occupancy: 3578 K (19136 K)]68.221: [Rescan (parallel) , 0.0020386 secs]68.223: [weak refs processing, 0.0056613 secs] [1 CMS-remark: 88146K(107776K)] 91724K(126912K), 0.0103500 secs] [Times: user=0.02 sys=0.00, real=0.01 secs] 
68.232: [CMS-concurrent-sweep-start]
68.291: [CMS-concurrent-sweep: 0.058/0.058 secs] [Times: user=0.13 sys=0.01, real=0.06 secs] 
68.291: [CMS-concurrent-reset-start]
68.291: [CMS-concurrent-reset: 0.001/0.001 secs] [Times: user=0.00 sys=0.00, real=0.00 secs] 
68.768: [GC [1 CMS-initial-mark: 84971K(107776K)] 97088K(126912K), 0.0103380 secs] [Times: user=0.01 sys=0.00, real=0.01 secs] 
68.779: [CMS-concurrent-mark-start]
69.021: [CMS-concurrent-mark: 0.240/0.242 secs] [Times: user=0.48 sys=0.02, real=0.24 secs] 
69.021: [CMS-concurrent-preclean-start]
69.064: [CMS-concurrent-preclean: 0.042/0.044 secs] [Times: user=0.09 sys=0.00, real=0.05 secs] 
69.064: [CMS-concurrent-abortable-preclean-start]
69.151: [GC 69.151: [ParNew
Desired survivor size 1081344 bytes, new threshold 1 (max 4)
- age   1:    2160904 bytes,    2160904 total
: 19134K->2110K(19136K), 0.0351950 secs] 104106K->89873K(126912K), 0.0352744 secs] [Times: user=0.11 sys=0.00, real=0.04 secs] 
70.799: [CMS-concurrent-abortable-preclean: 0.412/1.735 secs] [Times: user=1.23 sys=0.06, real=1.73 secs] 
70.800: [GC[YG occupancy: 14186 K (19136 K)]70.800: [Rescan (parallel) , 0.0051994 secs]70.805: [weak refs processing, 0.0119084 secs] [1 CMS-remark: 87763K(107776K)] 101949K(126912K), 0.0235677 secs] [Times: user=0.04 sys=0.00, real=0.03 secs] 
70.823: [CMS-concurrent-sweep-start]
70.901: [CMS-concurrent-sweep: 0.078/0.078 secs] [Times: user=0.19 sys=0.02, real=0.07 secs] 
70.902: [CMS-concurrent-reset-start]
70.902: [CMS-concurrent-reset: 0.001/0.001 secs] [Times: user=0.00 sys=0.00, real=0.00 secs] 
71.073: [GC 71.073: [ParNew
Desired survivor size 1081344 bytes, new threshold 1 (max 4)
- age   1:    2160840 bytes,    2160840 total
: 19134K->2110K(19136K), 0.0521942 secs] 88528K->82740K(126912K), 0.0522815 secs] [Times: user=0.16 sys=0.00, real=0.05 secs] 
71.126: [GC [1 CMS-initial-mark: 80630K(107776K)] 83021K(126912K), 0.0071601 secs] [Times: user=0.01 sys=0.00, real=0.01 secs] 
71.133: [CMS-concurrent-mark-start]
71.396: [CMS-concurrent-mark: 0.263/0.263 secs] [Times: user=0.51 sys=0.01, real=0.26 secs] 
71.396: [CMS-concurrent-preclean-start]
71.408: [CMS-concurrent-preclean: 0.012/0.012 secs] [Times: user=0.02 sys=0.00, real=0.01 secs] 
71.408: [CMS-concurrent-abortable-preclean-start]
72.127: [GC 72.127: [ParNew
Desired survivor size 1081344 bytes, new threshold 1 (max 4)
- age   1:    2160568 bytes,    2160568 total
: 19134K->2110K(19136K), 0.0334488 secs] 99764K->88798K(126912K), 0.0335263 secs] [Times: user=0.10 sys=0.00, real=0.03 secs] 
72.589: [CMS-concurrent-abortable-preclean: 1.136/1.181 secs] [Times: user=2.40 sys=0.15, real=1.18 secs] 
72.589: [GC[YG occupancy: 10626 K (19136 K)]72.589: [Rescan (parallel) , 0.0052790 secs]72.595: [weak refs processing, 0.0062647 secs] [1 CMS-remark: 86688K(107776K)] 97314K(126912K), 0.0137979 secs] [Times: user=0.03 sys=0.00, real=0.02 secs] 
72.603: [CMS-concurrent-sweep-start]
72.664: [CMS-concurrent-sweep: 0.061/0.061 secs] [Times: user=0.13 sys=0.01, real=0.06 secs] 
72.664: [CMS-concurrent-reset-start]
72.665: [CMS-concurrent-reset: 0.001/0.001 secs] [Times: user=0.00 sys=0.00, real=0.00 secs] 
72.816: [GC [1 CMS-initial-mark: 81538K(107776K)] 95545K(126912K), 0.0127069 secs] [Times: user=0.01 sys=0.00, real=0.01 secs] 
72.829: [CMS-concurrent-mark-start]
73.087: [CMS-concurrent-mark: 0.258/0.258 secs] [Times: user=0.52 sys=0.01, real=0.26 secs] 
73.087: [CMS-concurrent-preclean-start]
73.096: [GC 73.096: [ParNew
Desired survivor size 1081344 bytes, new threshold 1 (max 4)
- age   1:    2161936 bytes,    2161936 total
: 19134K->2112K(19136K), 0.0480393 secs] 100672K->92638K(126912K), 0.0481131 secs] [Times: user=0.15 sys=0.00, real=0.05 secs] 
73.145: [CMS-concurrent-preclean: 0.009/0.058 secs] [Times: user=0.17 sys=0.00, real=0.06 secs] 
73.145: [GC[YG occupancy: 2270 K (19136 K)]73.145: [Rescan (parallel) , 0.0284227 secs]73.174: [weak refs processing, 0.0067102 secs] [1 CMS-remark: 90526K(107776K)] 92796K(126912K), 0.0378155 secs] [Times: user=0.12 sys=0.01, real=0.04 secs] 
73.183: [CMS-concurrent-sweep-start]
73.250: [CMS-concurrent-sweep: 0.066/0.066 secs] [Times: user=0.14 sys=0.01, real=0.06 secs] 
73.250: [CMS-concurrent-reset-start]
73.250: [CMS-concurrent-reset: 0.001/0.001 secs] [Times: user=0.00 sys=0.00, real=0.00 secs] 
73.793: [GC [1 CMS-initial-mark: 80897K(107776K)] 90375K(126912K), 0.0110018 secs] [Times: user=0.01 sys=0.00, real=0.01 secs] 
73.804: [CMS-concurrent-mark-start]
74.068: [CMS-concurrent-mark: 0.262/0.263 secs] [Times: user=0.52 sys=0.02, real=0.26 secs] 
74.068: [CMS-concurrent-preclean-start]
74.101: [CMS-concurrent-preclean: 0.032/0.033 secs] [Times: user=0.07 sys=0.00, real=0.03 secs] 
74.101: [CMS-concurrent-abortable-preclean-start]
74.288: [GC 74.288: [ParNew
Desired survivor size 1081344 bytes, new threshold 1 (max 4)
- age   1:    2161400 bytes,    2161400 total
: 19136K->2110K(19136K), 0.0517982 secs] 100033K->93302K(126912K), 0.0518774 secs] [Times: user=0.15 sys=0.00, real=0.05 secs] 
74.781: [CMS-concurrent-abortable-preclean: 0.619/0.680 secs] [Times: user=1.39 sys=0.03, real=0.68 secs] 
74.781: [GC[YG occupancy: 10785 K (19136 K)]74.782: [Rescan (parallel) , 0.0050301 secs]74.787: [weak refs processing, 0.0029137 secs] [1 CMS-remark: 91191K(107776K)] 101976K(126912K), 0.0086232 secs] [Times: user=0.03 sys=0.00, real=0.01 secs] 
74.790: [CMS-concurrent-sweep-start]
74.850: [CMS-concurrent-sweep: 0.059/0.059 secs] [Times: user=0.13 sys=0.02, real=0.06 secs] 
74.850: [CMS-concurrent-reset-start]
74.850: [CMS-concurrent-reset: 0.001/0.001 secs] [Times: user=0.01 sys=0.00, real=0.00 secs] 
75.207: [GC 75.207: [ParNew
Desired survivor size 1081344 bytes, new threshold 1 (max 4)
- age   1:    2161144 bytes,    2161144 total
: 19134K->2110K(19136K), 0.0424380 secs] 107169K->96511K(126912K), 0.0425169 secs] [Times: user=0.13 sys=0.01, real=0.04 secs] 
75.249: [GC [1 CMS-initial-mark: 94400K(107776K)] 96750K(126912K), 0.0041389 secs] [Times: user=0.01 sys=0.00, real=0.01 secs] 
75.254: [CMS-concurrent-mark-start]
75.554: [CMS-concurrent-mark: 0.301/0.301 secs] [Times: user=0.54 sys=0.03, real=0.30 secs] 
75.555: [CMS-concurrent-preclean-start]
75.565: [CMS-concurrent-preclean: 0.010/0.010 secs] [Times: user=0.01 sys=0.00, real=0.01 secs] 
75.565: [CMS-concurrent-abortable-preclean-start]
76.705: [GC 76.705: [ParNew (promotion failed)
Desired survivor size 1081344 bytes, new threshold 1 (max 4)
- age   1:    2161000 bytes,    2161000 total
: 19050K->19049K(19136K), 0.0460363 secs]76.751: [CMS76.774: [CMS-concurrent-abortable-preclean: 0.635/1.209 secs] [Times: user=1.37 sys=0.03, real=1.21 secs] 
 (concurrent mode failure): 105741K->83134K(107776K), 0.5206430 secs] 113450K->83134K(126912K), [CMS Perm : 16953K->15596K(28412K)], 0.5668144 secs] [Times: user=0.64 sys=0.00, real=0.56 secs] 
77.379: [GC [1 CMS-initial-mark: 83134K(107776K)] 91852K(126912K), 0.0123874 secs] [Times: user=0.01 sys=0.00, real=0.01 secs] 
77.392: [CMS-concurrent-mark-start]
77.480: [Full GC 77.480: [CMS77.616: [CMS-concurrent-mark: 0.223/0.224 secs] [Times: user=0.33 sys=0.02, real=0.23 secs] 
 (concurrent mode interrupted): 83134K->85198K(107776K), 0.6118455 secs] 92654K->85198K(126912K), [CMS Perm : 15604K->15604K(28412K)], 0.6119507 secs] [Times: user=0.61 sys=0.00, real=0.61 secs] 
78.096: [GC [1 CMS-initial-mark: 85198K(107776K)] 85588K(126912K), 0.0019167 secs] [Times: user=0.00 sys=0.00, real=0.00 secs] 
78.098: [CMS-concurrent-mark-start]
78.411: [CMS-concurrent-mark: 0.313/0.313 secs] [Times: user=0.64 sys=0.10, real=0.31 secs] 
78.411: [CMS-concurrent-preclean-start]
78.470: [CMS-concurrent-preclean: 0.057/0.059 secs] [Times: user=0.12 sys=0.01, real=0.06 secs] 
78.470: [CMS-concurrent-abortable-preclean-start]
78.639: [Full GC 78.639: [CMS78.640: [CMS-concurrent-abortable-preclean: 0.007/0.170 secs] [Times: user=0.21 sys=0.04, real=0.17 secs] 
 (concurrent mode interrupted): 85198K->85945K(107776K), 0.4417894 secs] 92199K->85945K(126912K), [CMS Perm : 15611K->15592K(28412K)], 0.4418911 secs] [Times: user=0.44 sys=0.00, real=0.44 secs] 
79.167: [GC [1 CMS-initial-mark: 85945K(107776K)] 87033K(126912K), 0.0025620 secs] [Times: user=0.00 sys=0.00, real=0.00 secs] 
79.170: [CMS-concurrent-mark-start]
79.485: [CMS-concurrent-mark: 0.315/0.315 secs] [Times: user=0.63 sys=0.08, real=0.32 secs] 
79.485: [CMS-concurrent-preclean-start]
79.495: [CMS-concurrent-preclean: 0.010/0.011 secs] [Times: user=0.02 sys=0.00, real=0.01 secs] 
79.496: [CMS-concurrent-abortable-preclean-start]
79.586: [Full GC 79.586: [CMS79.587: [CMS-concurrent-abortable-preclean: 0.001/0.091 secs] [Times: user=0.10 sys=0.02, real=0.09 secs] 
 (concurrent mode interrupted): 85945K->88581K(107776K), 0.4477602 secs] 92959K->88581K(126912K), [CMS Perm : 15593K->15589K(28412K)], 0.4478602 secs] [Times: user=0.44 sys=0.00, real=0.45 secs] 
80.140: [GC [1 CMS-initial-mark: 88581K(107776K)] 89723K(126912K), 0.0024483 secs] [Times: user=0.01 sys=0.00, real=0.01 secs] 
80.143: [CMS-concurrent-mark-start]
80.457: [CMS-concurrent-mark: 0.314/0.314 secs] [Times: user=0.63 sys=0.07, real=0.31 secs] 
80.457: [CMS-concurrent-preclean-start]
80.468: [CMS-concurrent-preclean: 0.011/0.012 secs] [Times: user=0.02 sys=0.01, real=0.01 secs] 
80.468: [CMS-concurrent-abortable-preclean-start]
80.544: [Full GC 80.544: [CMS80.544: [CMS-concurrent-abortable-preclean: 0.001/0.076 secs] [Times: user=0.08 sys=0.01, real=0.08 secs] 
 (concurrent mode interrupted): 88581K->91157K(107776K), 0.4537459 secs] 95219K->91157K(126912K), [CMS Perm : 15590K->15585K(28412K)], 0.4538441 secs] [Times: user=0.45 sys=0.00, real=0.45 secs] 
81.071: [GC [1 CMS-initial-mark: 91157K(107776K)] 92068K(126912K), 0.0022755 secs] [Times: user=0.00 sys=0.00, real=0.01 secs] 
81.074: [CMS-concurrent-mark-start]
81.383: [CMS-concurrent-mark: 0.309/0.309 secs] [Times: user=0.63 sys=0.08, real=0.31 secs] 
81.383: [CMS-concurrent-preclean-start]
81.397: [CMS-concurrent-preclean: 0.013/0.014 secs] [Times: user=0.02 sys=0.00, real=0.01 secs] 
81.397: [CMS-concurrent-abortable-preclean-start]
81.505: [Full GC 81.505: [CMS81.505: [CMS-concurrent-abortable-preclean: 0.007/0.108 secs] [Times: user=0.12 sys=0.02, real=0.11 secs] 
 (concurrent mode interrupted): 91157K->94250K(107776K), 0.4666819 secs] 97444K->94250K(126912K), [CMS Perm : 15587K->15582K(28412K)], 0.4667748 secs] [Times: user=0.47 sys=0.00, real=0.46 secs] 
82.048: [GC [1 CMS-initial-mark: 94250K(107776K)] 95211K(126912K), 0.0023544 secs] [Times: user=0.00 sys=0.00, real=0.00 secs] 
82.051: [CMS-concurrent-mark-start]
82.364: [CMS-concurrent-mark: 0.313/0.313 secs] [Times: user=0.64 sys=0.03, real=0.32 secs] 
82.364: [CMS-concurrent-preclean-start]
82.372: [CMS-concurrent-preclean: 0.008/0.009 secs] [Times: user=0.02 sys=0.00, real=0.01 secs] 
82.373: [CMS-concurrent-abortable-preclean-start]
82.485: [Full GC 82.486: [CMS82.486: [CMS-concurrent-abortable-preclean: 0.010/0.113 secs] [Times: user=0.12 sys=0.00, real=0.11 secs] 
 (concurrent mode interrupted): 94250K->103355K(107776K), 0.4959454 secs] 105928K->103355K(126912K), [CMS Perm : 15583K->15578K(28412K)], 0.4960912 secs] [Times: user=0.49 sys=0.00, real=0.49 secs] 
83.032: [GC [1 CMS-initial-mark: 103355K(107776K)] 104397K(126912K), 0.0035965 secs] [Times: user=0.01 sys=0.00, real=0.01 secs] 
83.035: [CMS-concurrent-mark-start]
83.352: [CMS-concurrent-mark: 0.317/0.317 secs] [Times: user=0.67 sys=0.02, real=0.31 secs] 
83.352: [CMS-concurrent-preclean-start]
83.371: [CMS-concurrent-preclean: 0.018/0.019 secs] [Times: user=0.04 sys=0.00, real=0.02 secs] 
83.371: [CMS-concurrent-abortable-preclean-start]
83.751: [GC 83.751: [ParNew: 17024K->17024K(19136K), 0.0000236 secs]83.751: [CMS83.751: [CMS-concurrent-abortable-preclean: 0.026/0.380 secs] [Times: user=0.41 sys=0.04, real=0.38 secs] 
 (concurrent mode failure): 103355K->96073K(107776K), 0.5668205 secs] 120379K->96073K(126912K), [CMS Perm : 15591K->15585K(28412K)], 0.5669586 secs] [Times: user=0.57 sys=0.00, real=0.57 secs] 
84.379: [GC [1 CMS-initial-mark: 96073K(107776K)] 96661K(126912K), 0.0034167 secs] [Times: user=0.01 sys=0.00, real=0.01 secs] 
84.383: [CMS-concurrent-mark-start]
84.731: [CMS-concurrent-mark: 0.349/0.349 secs] [Times: user=0.71 sys=0.11, real=0.34 secs] 
84.731: [CMS-concurrent-preclean-start]
84.760: [CMS-concurrent-preclean: 0.027/0.029 secs] [Times: user=0.05 sys=0.00, real=0.03 secs] 
84.760: [CMS-concurrent-abortable-preclean-start]
85.578: [GC 85.578: [ParNew
Desired survivor size 1081344 bytes, new threshold 1 (max 4)
- age   1:    2160824 bytes,    2160824 total
: 17024K->2110K(19136K), 0.0352412 secs] 113097K->106307K(126912K), 0.0353280 secs] [Times: user=0.09 sys=0.00, real=0.04 secs] 
86.306: [CMS-concurrent-abortable-preclean: 0.744/1.546 secs] [Times: user=2.40 sys=0.38, real=1.55 secs] 
86.306: [GC[YG occupancy: 10649 K (19136 K)]86.306: [Rescan (parallel) , 0.0039103 secs]86.310: [weak refs processing, 0.0005278 secs] [1 CMS-remark: 104196K(107776K)] 114846K(126912K), 0.0045393 secs] [Times: user=0.02 sys=0.00, real=0.00 secs] 
86.311: [CMS-concurrent-sweep-start]
86.366: [CMS-concurrent-sweep: 0.055/0.055 secs] [Times: user=0.11 sys=0.02, real=0.06 secs] 
86.366: [CMS-concurrent-reset-start]
86.367: [CMS-concurrent-reset: 0.001/0.001 secs] [Times: user=0.00 sys=0.00, real=0.00 secs] 
86.808: [GC [1 CMS-initial-mark: 101397K(107776K)] 119665K(126912K), 0.0156781 secs] [Times: user=0.01 sys=0.00, real=0.02 secs] 
86.824: [CMS-concurrent-mark-start]
86.875: [GC 86.875: [ParNew: 19134K->19134K(19136K), 0.0000167 secs]86.875: [CMS87.090: [CMS-concurrent-mark: 0.265/0.265 secs] [Times: user=0.32 sys=0.02, real=0.26 secs] 
 (concurrent mode failure): 101397K->107775K(107776K), 0.7588176 secs] 120531K->108870K(126912K), [CMS Perm : 15590K->15589K(28412K)], 0.7589328 secs] [Times: user=0.76 sys=0.00, real=0.76 secs] 
87.734: [Full GC 87.734: [CMS: 107775K->107775K(107776K), 0.5109214 secs] 111054K->109938K(126912K), [CMS Perm : 15589K->15589K(28412K)], 0.5110117 secs] [Times: user=0.51 sys=0.00, real=0.51 secs] 
88.246: [GC [1 CMS-initial-mark: 107775K(107776K)] 109938K(126912K), 0.0040875 secs] [Times: user=0.00 sys=0.00, real=0.00 secs] 
88.250: [CMS-concurrent-mark-start]
88.640: [CMS-concurrent-mark: 0.390/0.390 secs] [Times: user=0.77 sys=0.11, real=0.39 secs] 
88.640: [CMS-concurrent-preclean-start]
88.844: [CMS-concurrent-preclean: 0.204/0.204 secs] [Times: user=0.42 sys=0.05, real=0.21 secs] 
88.844: [CMS-concurrent-abortable-preclean-start]
88.844: [CMS-concurrent-abortable-preclean: 0.000/0.000 secs] [Times: user=0.00 sys=0.00, real=0.00 secs] 
88.844: [GC[YG occupancy: 11380 K (19136 K)]88.844: [Rescan (parallel) , 0.0109385 secs]88.855: [weak refs processing, 0.0002293 secs] [1 CMS-remark: 107775K(107776K)] 119156K(126912K), 0.0112696 secs] [Times: user=0.03 sys=0.00, real=0.01 secs] 
88.855: [CMS-concurrent-sweep-start]
88.914: [CMS-concurrent-sweep: 0.059/0.059 secs] [Times: user=0.13 sys=0.02, real=0.06 secs] 
88.914: [CMS-concurrent-reset-start]
88.915: [CMS-concurrent-reset: 0.001/0.001 secs] [Times: user=0.00 sys=0.00, real=0.00 secs] 
89.260: [GC 89.260: [ParNew: 19135K->19135K(19136K), 0.0000156 secs]89.260: [CMS: 105875K->107775K(107776K), 0.5703972 secs] 125011K->116886K(126912K), [CMS Perm : 15589K->15584K(28412K)], 0.5705219 secs] [Times: user=0.57 sys=0.00, real=0.57 secs] 
89.831: [GC [1 CMS-initial-mark: 107775K(107776K)] 117010K(126912K), 0.0090772 secs] [Times: user=0.01 sys=0.00, real=0.01 secs] 
89.840: [CMS-concurrent-mark-start]
90.192: [CMS-concurrent-mark: 0.351/0.352 secs] [Times: user=0.71 sys=0.02, real=0.35 secs] 
90.192: [CMS-concurrent-preclean-start]
90.343: [Full GC 90.343: [CMS90.379: [CMS-concurrent-preclean: 0.187/0.187 secs] [Times: user=0.34 sys=0.00, real=0.19 secs] 
 (concurrent mode failure): 107775K->104076K(107776K), 0.5815666 secs] 126911K->104076K(126912K), [CMS Perm : 15586K->15585K(28412K)], 0.5816572 secs] [Times: user=0.58 sys=0.00, real=0.58 secs] 
90.973: [GC [1 CMS-initial-mark: 104076K(107776K)] 104883K(126912K), 0.0025093 secs] [Times: user=0.00 sys=0.00, real=0.00 secs] 
90.976: [CMS-concurrent-mark-start]
91.335: [CMS-concurrent-mark: 0.359/0.359 secs] [Times: user=0.74 sys=0.12, real=0.36 secs] 
91.335: [CMS-concurrent-preclean-start]
91.367: [CMS-concurrent-preclean: 0.031/0.032 secs] [Times: user=0.06 sys=0.01, real=0.03 secs] 
91.367: [CMS-concurrent-abortable-preclean-start]
92.136: [GC 92.136: [ParNew: 17024K->17024K(19136K), 0.0000167 secs]92.136: [CMS92.136: [CMS-concurrent-abortable-preclean: 0.054/0.769 secs] [Times: user=0.85 sys=0.18, real=0.77 secs] 
 (concurrent mode failure): 104076K->107775K(107776K), 0.5377208 secs] 121100K->110436K(126912K), [CMS Perm : 15588K->15586K(28412K)], 0.5378416 secs] [Times: user=0.53 sys=0.00, real=0.54 secs] 
92.838: [GC [1 CMS-initial-mark: 107775K(107776K)] 112679K(126912K), 0.0050877 secs] [Times: user=0.01 sys=0.00, real=0.01 secs] 
92.843: [CMS-concurrent-mark-start]
93.209: [CMS-concurrent-mark: 0.366/0.366 secs] [Times: user=0.73 sys=0.10, real=0.36 secs] 
93.209: [CMS-concurrent-preclean-start]
93.425: [CMS-concurrent-preclean: 0.215/0.215 secs] [Times: user=0.44 sys=0.06, real=0.22 secs] 
93.425: [CMS-concurrent-abortable-preclean-start]
93.425: [CMS-concurrent-abortable-preclean: 0.000/0.000 secs] [Times: user=0.00 sys=0.00, real=0.00 secs] 
93.425: [GC[YG occupancy: 13921 K (19136 K)]93.425: [Rescan (parallel) , 0.0130859 secs]93.438: [weak refs processing, 0.0002302 secs] [1 CMS-remark: 107775K(107776K)] 121697K(126912K), 0.0134232 secs] [Times: user=0.04 sys=0.00, real=0.01 secs] 
93.439: [CMS-concurrent-sweep-start]
93.505: [CMS-concurrent-sweep: 0.067/0.067 secs] [Times: user=0.13 sys=0.00, real=0.07 secs] 
93.506: [CMS-concurrent-reset-start]
93.506: [CMS-concurrent-reset: 0.001/0.001 secs] [Times: user=0.00 sys=0.00, real=0.00 secs] 
93.830: [GC [1 CMS-initial-mark: 106185K(107776K)] 125069K(126912K), 0.0152813 secs] [Times: user=0.02 sys=0.00, real=0.02 secs] 
93.845: [CMS-concurrent-mark-start]
93.869: [GC 93.869: [ParNew: 19135K->19135K(19136K), 0.0000156 secs]93.869: [CMS94.121: [CMS-concurrent-mark: 0.275/0.275 secs] [Times: user=0.30 sys=0.01, real=0.27 secs] 
 (concurrent mode failure): 106185K->107775K(107776K), 0.8125606 secs] 125321K->108427K(126912K), [CMS Perm : 15587K->15587K(28412K)], 0.8126750 secs] [Times: user=0.82 sys=0.00, real=0.81 secs] 
95.807: [GC [1 CMS-initial-mark: 107775K(107776K)] 124262K(126912K), 0.0127629 secs] [Times: user=0.02 sys=0.00, real=0.01 secs] 
95.820: [CMS-concurrent-mark-start]
96.099: [Full GC 96.099: [CMS96.153: [CMS-concurrent-mark: 0.333/0.333 secs] [Times: user=0.63 sys=0.07, real=0.34 secs] 
 (concurrent mode failure): 107775K->107775K(107776K), 0.6229765 secs] 126911K->108988K(126912K), [CMS Perm : 15588K->15587K(28412K)], 0.6230621 secs] [Times: user=0.62 sys=0.00, real=0.62 secs] 
96.908: [GC [1 CMS-initial-mark: 107775K(107776K)] 111136K(126912K), 0.0043493 secs] [Times: user=0.00 sys=0.00, real=0.00 secs] 
96.912: [CMS-concurrent-mark-start]
97.275: [CMS-concurrent-mark: 0.363/0.363 secs] [Times: user=0.74 sys=0.11, real=0.37 secs] 
97.275: [CMS-concurrent-preclean-start]
97.495: [CMS-concurrent-preclean: 0.220/0.220 secs] [Times: user=0.37 sys=0.00, real=0.22 secs] 
97.495: [CMS-concurrent-abortable-preclean-start]
97.495: [CMS-concurrent-abortable-preclean: 0.000/0.000 secs] [Times: user=0.00 sys=0.00, real=0.00 secs] 
97.495: [GC[YG occupancy: 10795 K (19136 K)]97.495: [Rescan (parallel) , 0.0092853 secs]97.505: [weak refs processing, 0.0002213 secs] [1 CMS-remark: 107775K(107776K)] 118571K(126912K), 0.0096098 secs] [Times: user=0.03 sys=0.00, real=0.01 secs] 
97.505: [CMS-concurrent-sweep-start]
97.546: [CMS-concurrent-sweep: 0.041/0.041 secs] [Times: user=0.04 sys=0.00, real=0.04 secs] 
97.546: [CMS-concurrent-reset-start]
97.547: [CMS-concurrent-reset: 0.001/0.001 secs] [Times: user=0.00 sys=0.00, real=0.00 secs] 
97.796: [GC [1 CMS-initial-mark: 106056K(107776K)] 116936K(126912K), 0.0102180 secs] [Times: user=0.01 sys=0.00, real=0.01 secs] 
97.806: [CMS-concurrent-mark-start]
98.078: [CMS-concurrent-mark: 0.272/0.272 secs] [Times: user=0.29 sys=0.00, real=0.27 secs] 
98.078: [CMS-concurrent-preclean-start]
98.086: [CMS-concurrent-preclean: 0.007/0.008 secs] [Times: user=0.01 sys=0.00, real=0.01 secs] 
98.086: [CMS-concurrent-abortable-preclean-start]
99.046: [GC 99.046: [ParNew: 19135K->19135K(19136K), 0.0000213 secs]99.046: [CMS99.051: [CMS-concurrent-abortable-preclean: 0.035/0.965 secs] [Times: user=0.42 sys=0.02, real=0.96 secs] 
 (concurrent mode failure): 106056K->107776K(107776K), 0.5649300 secs] 125192K->114731K(126912K), [CMS Perm : 15593K->15592K(28412K)], 0.5650700 secs] [Times: user=0.57 sys=0.00, real=0.56 secs] 
99.815: [GC [1 CMS-initial-mark: 107776K(107776K)] 118980K(126912K), 0.0095615 secs] [Times: user=0.01 sys=0.00, real=0.01 secs] 
99.824: [CMS-concurrent-mark-start]
100.153: [CMS-concurrent-mark: 0.328/0.328 secs] [Times: user=0.65 sys=0.01, real=0.33 secs] 
100.153: [CMS-concurrent-preclean-start]
100.228: [Full GC 100.228: [CMS100.335: [CMS-concurrent-preclean: 0.181/0.182 secs] [Times: user=0.26 sys=0.00, real=0.18 secs] 
 (concurrent mode failure): 107776K->107776K(107776K), 0.6564171 secs] 126911K->111643K(126912K), [CMS Perm : 15593K->15592K(28412K)], 0.6565122 secs] [Times: user=0.66 sys=0.00, real=0.66 secs] 
100.935: [GC [1 CMS-initial-mark: 107776K(107776K)] 112111K(126912K), 0.0052398 secs] [Times: user=0.01 sys=0.00, real=0.00 secs] 
100.940: [CMS-concurrent-mark-start]
101.340: [CMS-concurrent-mark: 0.400/0.400 secs] [Times: user=0.80 sys=0.09, real=0.40 secs] 
101.340: [CMS-concurrent-preclean-start]
101.564: [CMS-concurrent-preclean: 0.224/0.224 secs] [Times: user=0.43 sys=0.00, real=0.23 secs] 
101.564: [CMS-concurrent-abortable-preclean-start]
101.564: [CMS-concurrent-abortable-preclean: 0.000/0.000 secs] [Times: user=0.00 sys=0.00, real=0.00 secs] 
101.565: [GC[YG occupancy: 13797 K (19136 K)]101.565: [Rescan (parallel) , 0.0126549 secs]101.578: [weak refs processing, 0.0002217 secs] [1 CMS-remark: 107776K(107776K)] 121573K(126912K), 0.0129873 secs] [Times: user=0.04 sys=0.00, real=0.01 secs] 
101.578: [CMS-concurrent-sweep-start]
101.621: [CMS-concurrent-sweep: 0.044/0.044 secs] [Times: user=0.05 sys=0.00, real=0.04 secs] 
101.622: [CMS-concurrent-reset-start]
101.622: [CMS-concurrent-reset: 0.000/0.000 secs] [Times: user=0.00 sys=0.00, real=0.00 secs] 
101.796: [GC [1 CMS-initial-mark: 107740K(107776K)] 121623K(126912K), 0.0126276 secs] [Times: user=0.02 sys=0.00, real=0.01 secs] 
101.809: [CMS-concurrent-mark-start]
102.090: [CMS-concurrent-mark: 0.280/0.280 secs] [Times: user=0.30 sys=0.00, real=0.28 secs] 
102.090: [CMS-concurrent-preclean-start]
102.098: [CMS-concurrent-preclean: 0.008/0.008 secs] [Times: user=0.00 sys=0.00, real=0.01 secs] 
102.098: [CMS-concurrent-abortable-preclean-start]
 CMS: abort preclean due to time 107.102: [CMS-concurrent-abortable-preclean: 0.044/5.004 secs] [Times: user=0.19 sys=0.02, real=5.01 secs] 
107.103: [GC[YG occupancy: 15612 K (19136 K)]107.103: [Rescan (parallel) , 0.0181220 secs]107.121: [weak refs processing, 0.0002161 secs] [1 CMS-remark: 107740K(107776K)] 123353K(126912K), 0.0184525 secs] [Times: user=0.06 sys=0.01, real=0.01 secs] 
107.122: [CMS-concurrent-sweep-start]
107.162: [CMS-concurrent-sweep: 0.041/0.041 secs] [Times: user=0.04 sys=0.00, real=0.05 secs] 
107.163: [CMS-concurrent-reset-start]
107.163: [CMS-concurrent-reset: 0.000/0.000 secs] [Times: user=0.00 sys=0.00, real=0.00 secs] 
107.797: [GC [1 CMS-initial-mark: 107663K(107776K)] 123364K(126912K), 0.0141336 secs] [Times: user=0.01 sys=0.00, real=0.01 secs] 
107.811: [CMS-concurrent-mark-start]
108.087: [CMS-concurrent-mark: 0.276/0.276 secs] [Times: user=0.29 sys=0.00, real=0.28 secs] 
108.087: [CMS-concurrent-preclean-start]
108.089: [CMS-concurrent-preclean: 0.002/0.002 secs] [Times: user=0.00 sys=0.00, real=0.00 secs] 
108.089: [CMS-concurrent-abortable-preclean-start]
 CMS: abort preclean due to time 113.104: [CMS-concurrent-abortable-preclean: 0.046/5.015 secs] [Times: user=0.20 sys=0.03, real=5.02 secs] 
113.104: [GC[YG occupancy: 17415 K (19136 K)]113.104: [Rescan (parallel) , 0.0195335 secs]113.124: [weak refs processing, 0.0002226 secs] [1 CMS-remark: 107663K(107776K)] 125078K(126912K), 0.0198676 secs] [Times: user=0.06 sys=0.00, real=0.02 secs] 
113.124: [CMS-concurrent-sweep-start]
113.165: [CMS-concurrent-sweep: 0.041/0.041 secs] [Times: user=0.04 sys=0.00, real=0.04 secs] 
113.165: [CMS-concurrent-reset-start]
113.165: [CMS-concurrent-reset: 0.000/0.000 secs] [Times: user=0.00 sys=0.00, real=0.00 secs] 
113.801: [GC [1 CMS-initial-mark: 107636K(107776K)] 125143K(126912K), 0.0149203 secs] [Times: user=0.01 sys=0.00, real=0.02 secs] 
113.816: [CMS-concurrent-mark-start]
114.095: [CMS-concurrent-mark: 0.279/0.279 secs] [Times: user=0.30 sys=0.00, real=0.28 secs] 
114.095: [CMS-concurrent-preclean-start]
114.097: [CMS-concurrent-preclean: 0.002/0.002 secs] [Times: user=0.00 sys=0.00, real=0.00 secs] 
114.097: [CMS-concurrent-abortable-preclean-start]
118.818: [GC 118.818: [ParNew: 19136K->19136K(19136K), 0.0000163 secs]118.818: [CMS118.818: [CMS-concurrent-abortable-preclean: 0.040/4.721 secs] [Times: user=0.15 sys=0.02, real=4.72 secs] 
 (concurrent mode failure): 107636K->107776K(107776K), 0.5700797 secs] 126772K->112018K(126912K), [CMS Perm : 15597K->15596K(28412K)], 0.5701958 secs] [Times: user=0.57 sys=0.01, real=0.57 secs] 
119.801: [GC [1 CMS-initial-mark: 107776K(107776K)] 112197K(126912K), 0.0058600 secs] [Times: user=0.01 sys=0.00, real=0.01 secs] 
119.807: [CMS-concurrent-mark-start]
120.084: [CMS-concurrent-mark: 0.277/0.277 secs] [Times: user=0.29 sys=0.01, real=0.28 secs] 
120.084: [CMS-concurrent-preclean-start]
120.245: [CMS-concurrent-preclean: 0.161/0.161 secs] [Times: user=0.16 sys=0.00, real=0.16 secs] 
120.245: [CMS-concurrent-abortable-preclean-start]
120.245: [CMS-concurrent-abortable-preclean: 0.000/0.000 secs] [Times: user=0.00 sys=0.00, real=0.00 secs] 
120.246: [GC[YG occupancy: 4635 K (19136 K)]120.246: [Rescan (parallel) , 0.0058297 secs]120.252: [weak refs processing, 0.0002142 secs] [1 CMS-remark: 107776K(107776K)] 112411K(126912K), 0.0061607 secs] [Times: user=0.02 sys=0.00, real=0.00 secs] 
120.252: [CMS-concurrent-sweep-start]
120.292: [CMS-concurrent-sweep: 0.040/0.040 secs] [Times: user=0.04 sys=0.00, real=0.04 secs] 
120.292: [CMS-concurrent-reset-start]
120.293: [CMS-concurrent-reset: 0.000/0.000 secs] [Times: user=0.00 sys=0.00, real=0.01 secs] 
120.801: [GC [1 CMS-initial-mark: 107774K(107776K)] 112494K(126912K), 0.0057281 secs] [Times: user=0.00 sys=0.00, real=0.01 secs] 
120.807: [CMS-concurrent-mark-start]
121.095: [CMS-concurrent-mark: 0.288/0.288 secs] [Times: user=0.31 sys=0.00, real=0.29 secs] 
121.095: [CMS-concurrent-preclean-start]
121.097: [CMS-concurrent-preclean: 0.002/0.002 secs] [Times: user=0.00 sys=0.00, real=0.00 secs] 
121.097: [CMS-concurrent-abortable-preclean-start]
 CMS: abort preclean due to time 126.106: [CMS-concurrent-abortable-preclean: 0.043/5.009 secs] [Times: user=0.17 sys=0.02, real=5.01 secs] 
126.106: [GC[YG occupancy: 6644 K (19136 K)]126.106: [Rescan (parallel) , 0.0086748 secs]126.115: [weak refs processing, 0.0002378 secs] [1 CMS-remark: 107774K(107776K)] 114418K(126912K), 0.0090584 secs] [Times: user=0.03 sys=0.01, real=0.01 secs] 
126.115: [CMS-concurrent-sweep-start]
126.156: [CMS-concurrent-sweep: 0.041/0.041 secs] [Times: user=0.04 sys=0.00, real=0.04 secs] 
126.156: [CMS-concurrent-reset-start]
126.157: [CMS-concurrent-reset: 0.000/0.001 secs] [Times: user=0.00 sys=0.00, real=0.00 secs] 
126.802: [GC [1 CMS-initial-mark: 107774K(107776K)] 114510K(126912K), 0.0073276 secs] [Times: user=0.01 sys=0.00, real=0.01 secs] 
126.809: [CMS-concurrent-mark-start]
127.090: [CMS-concurrent-mark: 0.280/0.280 secs] [Times: user=0.30 sys=0.00, real=0.28 secs] 
127.090: [CMS-concurrent-preclean-start]
127.092: [CMS-concurrent-preclean: 0.002/0.002 secs] [Times: user=0.00 sys=0.00, real=0.00 secs] 
127.092: [CMS-concurrent-abortable-preclean-start]
 CMS: abort preclean due to time 132.105: [CMS-concurrent-abortable-preclean: 0.043/5.014 secs] [Times: user=0.15 sys=0.02, real=5.02 secs] 
132.106: [GC[YG occupancy: 8463 K (19136 K)]132.106: [Rescan (parallel) , 0.0142403 secs]132.120: [weak refs processing, 0.0002281 secs] [1 CMS-remark: 107774K(107776K)] 116237K(126912K), 0.0146016 secs] [Times: user=0.04 sys=0.01, real=0.01 secs] 
132.121: [CMS-concurrent-sweep-start]
132.161: [CMS-concurrent-sweep: 0.040/0.040 secs] [Times: user=0.04 sys=0.00, real=0.04 secs] 
132.161: [CMS-concurrent-reset-start]
132.162: [CMS-concurrent-reset: 0.000/0.000 secs] [Times: user=0.00 sys=0.00, real=0.00 secs] 
132.803: [GC [1 CMS-initial-mark: 107751K(107776K)] 116311K(126912K), 0.0085514 secs] [Times: user=0.01 sys=0.00, real=0.00 secs] 
132.811: [CMS-concurrent-mark-start]
133.087: [CMS-concurrent-mark: 0.275/0.275 secs] [Times: user=0.29 sys=0.00, real=0.28 secs] 
133.087: [CMS-concurrent-preclean-start]
133.088: [CMS-concurrent-preclean: 0.002/0.002 secs] [Times: user=0.00 sys=0.00, real=0.00 secs] 
133.088: [CMS-concurrent-abortable-preclean-start]
 CMS: abort preclean due to time 138.105: [CMS-concurrent-abortable-preclean: 0.043/5.016 secs] [Times: user=0.15 sys=0.02, real=5.02 secs] 
138.105: [GC[YG occupancy: 10216 K (19136 K)]138.105: [Rescan (parallel) , 0.0148569 secs]138.120: [weak refs processing, 0.0002226 secs] [1 CMS-remark: 107751K(107776K)] 117968K(126912K), 0.0151842 secs] [Times: user=0.05 sys=0.00, real=0.01 secs] 
138.121: [CMS-concurrent-sweep-start]
138.161: [CMS-concurrent-sweep: 0.040/0.040 secs] [Times: user=0.04 sys=0.00, real=0.04 secs] 
138.161: [CMS-concurrent-reset-start]
138.161: [CMS-concurrent-reset: 0.000/0.000 secs] [Times: user=0.00 sys=0.00, real=0.00 secs] 
138.802: [GC [1 CMS-initial-mark: 107751K(107776K)] 118046K(126912K), 0.0110375 secs] [Times: user=0.01 sys=0.00, real=0.02 secs] 
138.813: [CMS-concurrent-mark-start]
139.097: [CMS-concurrent-mark: 0.284/0.284 secs] [Times: user=0.32 sys=0.00, real=0.28 secs] 
139.097: [CMS-concurrent-preclean-start]
139.099: [CMS-concurrent-preclean: 0.001/0.002 secs] [Times: user=0.00 sys=0.00, real=0.00 secs] 
139.099: [CMS-concurrent-abortable-preclean-start]
 CMS: abort preclean due to time 144.107: [CMS-concurrent-abortable-preclean: 0.042/5.008 secs] [Times: user=0.15 sys=0.01, real=5.01 secs] 
144.107: [GC[YG occupancy: 11834 K (19136 K)]144.108: [Rescan (parallel) , 0.0178961 secs]144.125: [weak refs processing, 0.0002162 secs] [1 CMS-remark: 107751K(107776K)] 119585K(126912K), 0.0182236 secs] [Times: user=0.05 sys=0.00, real=0.02 secs] 
144.126: [CMS-concurrent-sweep-start]
144.167: [CMS-concurrent-sweep: 0.041/0.041 secs] [Times: user=0.04 sys=0.00, real=0.04 secs] 
144.167: [CMS-concurrent-reset-start]
144.167: [CMS-concurrent-reset: 0.000/0.000 secs] [Times: user=0.00 sys=0.00, real=0.00 secs] 
144.802: [GC [1 CMS-initial-mark: 107751K(107776K)] 119682K(126912K), 0.0123819 secs] [Times: user=0.01 sys=0.00, real=0.02 secs] 
144.814: [CMS-concurrent-mark-start]
145.089: [CMS-concurrent-mark: 0.274/0.274 secs] [Times: user=0.29 sys=0.01, real=0.27 secs] 
145.089: [CMS-concurrent-preclean-start]
145.090: [CMS-concurrent-preclean: 0.001/0.002 secs] [Times: user=0.00 sys=0.00, real=0.00 secs] 
145.090: [CMS-concurrent-abortable-preclean-start]
 CMS: abort preclean due to time 150.107: [CMS-concurrent-abortable-preclean: 0.046/5.017 secs] [Times: user=0.14 sys=0.00, real=5.02 secs] 
150.108: [GC[YG occupancy: 13464 K (19136 K)]150.108: [Rescan (parallel) , 0.0184731 secs]150.127: [weak refs processing, 0.0002220 secs] [1 CMS-remark: 107751K(107776K)] 121215K(126912K), 0.0188117 secs] [Times: user=0.06 sys=0.01, real=0.02 secs] 
150.127: [CMS-concurrent-sweep-start]
150.167: [CMS-concurrent-sweep: 0.040/0.040 secs] [Times: user=0.04 sys=0.00, real=0.04 secs] 
150.167: [CMS-concurrent-reset-start]
150.168: [CMS-concurrent-reset: 0.000/0.000 secs] [Times: user=0.00 sys=0.00, real=0.00 secs] 
150.802: [GC [1 CMS-initial-mark: 107751K(107776K)] 121293K(126912K), 0.0135701 secs] [Times: user=0.01 sys=0.00, real=0.01 secs] 
150.816: [CMS-concurrent-mark-start]
151.097: [CMS-concurrent-mark: 0.281/0.281 secs] [Times: user=0.29 sys=0.00, real=0.28 secs] 
151.097: [CMS-concurrent-preclean-start]
151.099: [CMS-concurrent-preclean: 0.002/0.002 secs] [Times: user=0.00 sys=0.00, real=0.00 secs] 
151.099: [CMS-concurrent-abortable-preclean-start]
 CMS: abort preclean due to time 156.108: [CMS-concurrent-abortable-preclean: 0.044/5.009 secs] [Times: user=0.14 sys=0.01, real=5.01 secs] 
156.109: [GC[YG occupancy: 15079 K (19136 K)]156.109: [Rescan (parallel) , 0.0193758 secs]156.128: [weak refs processing, 0.0002221 secs] [1 CMS-remark: 107751K(107776K)] 122830K(126912K), 0.0197136 secs] [Times: user=0.06 sys=0.00, real=0.02 secs] 
156.129: [CMS-concurrent-sweep-start]
156.169: [CMS-concurrent-sweep: 0.040/0.040 secs] [Times: user=0.04 sys=0.00, real=0.04 secs] 
156.169: [CMS-concurrent-reset-start]
156.169: [CMS-concurrent-reset: 0.000/0.000 secs] [Times: user=0.00 sys=0.00, real=0.00 secs] 
156.805: [GC [1 CMS-initial-mark: 107751K(107776K)] 122932K(126912K), 0.0151807 secs] [Times: user=0.01 sys=0.00, real=0.01 secs] 
156.820: [CMS-concurrent-mark-start]
157.095: [CMS-concurrent-mark: 0.275/0.275 secs] [Times: user=0.29 sys=0.01, real=0.28 secs] 
157.095: [CMS-concurrent-preclean-start]
157.097: [CMS-concurrent-preclean: 0.002/0.002 secs] [Times: user=0.00 sys=0.00, real=0.00 secs] 
157.097: [CMS-concurrent-abortable-preclean-start]
 CMS: abort preclean due to time 162.109: [CMS-concurrent-abortable-preclean: 0.045/5.012 secs] [Times: user=0.14 sys=0.01, real=5.01 secs] 
162.110: [GC[YG occupancy: 16677 K (19136 K)]162.110: [Rescan (parallel) , 0.0225921 secs]162.132: [weak refs processing, 0.0002149 secs] [1 CMS-remark: 107751K(107776K)] 124428K(126912K), 0.0229198 secs] [Times: user=0.06 sys=0.00, real=0.03 secs] 
162.133: [CMS-concurrent-sweep-start]
162.175: [CMS-concurrent-sweep: 0.041/0.041 secs] [Times: user=0.04 sys=0.00, real=0.04 secs] 
162.175: [CMS-concurrent-reset-start]
162.175: [CMS-concurrent-reset: 0.000/0.000 secs] [Times: user=0.01 sys=0.00, real=0.00 secs] 
162.804: [GC [1 CMS-initial-mark: 107751K(107776K)] 124530K(126912K), 0.0170462 secs] [Times: user=0.02 sys=0.00, real=0.01 secs] 
162.821: [CMS-concurrent-mark-start]
163.096: [CMS-concurrent-mark: 0.274/0.274 secs] [Times: user=0.29 sys=0.00, real=0.28 secs] 
163.096: [CMS-concurrent-preclean-start]
163.097: [CMS-concurrent-preclean: 0.001/0.002 secs] [Times: user=0.00 sys=0.00, real=0.00 secs] 
163.097: [CMS-concurrent-abortable-preclean-start]
 CMS: abort preclean due to time 168.109: [CMS-concurrent-abortable-preclean: 0.043/5.012 secs] [Times: user=0.15 sys=0.01, real=5.01 secs] 
168.109: [GC[YG occupancy: 18246 K (19136 K)]168.109: [Rescan (parallel) , 0.0233183 secs]168.133: [weak refs processing, 0.0002245 secs] [1 CMS-remark: 107751K(107776K)] 125997K(126912K), 0.0236620 secs] [Times: user=0.07 sys=0.01, real=0.03 secs] 
168.133: [CMS-concurrent-sweep-start]
168.173: [CMS-concurrent-sweep: 0.040/0.040 secs] [Times: user=0.04 sys=0.00, real=0.04 secs] 
168.174: [CMS-concurrent-reset-start]
168.174: [CMS-concurrent-reset: 0.000/0.000 secs] [Times: user=0.00 sys=0.00, real=0.00 secs] 
168.805: [GC [1 CMS-initial-mark: 107749K(107776K)] 126088K(126912K), 0.0182346 secs] [Times: user=0.02 sys=0.00, real=0.02 secs] 
168.824: [CMS-concurrent-mark-start]
169.105: [CMS-concurrent-mark: 0.282/0.282 secs] [Times: user=0.29 sys=0.00, real=0.28 secs] 
169.105: [CMS-concurrent-preclean-start]
169.107: [CMS-concurrent-preclean: 0.002/0.002 secs] [Times: user=0.00 sys=0.00, real=0.00 secs] 
169.107: [CMS-concurrent-abortable-preclean-start]
171.805: [GC 171.805: [ParNew: 19135K->19135K(19136K), 0.0000168 secs]171.806: [CMS171.806: [CMS-concurrent-abortable-preclean: 0.021/2.699 secs] [Times: user=0.07 sys=0.00, real=2.70 secs] 
 (concurrent mode failure): 107749K->107776K(107776K), 0.5579471 secs] 126885K->111433K(126912K), [CMS Perm : 15611K->15609K(28412K)], 0.5580742 secs] [Times: user=0.56 sys=0.01, real=0.56 secs] 
172.365: [Full GC 172.365: [CMS: 107776K->107776K(107776K), 0.4778516 secs] 111493K->111436K(126912K), [CMS Perm : 15609K->15609K(28412K)], 0.4779362 secs] [Times: user=0.48 sys=0.00, real=0.48 secs] 
172.843: [GC [1 CMS-initial-mark: 107776K(107776K)] 111523K(126912K), 0.0041109 secs] [Times: user=0.00 sys=0.00, real=0.00 secs] 
172.847: [CMS-concurrent-mark-start]
173.132: [CMS-concurrent-mark: 0.284/0.284 secs] [Times: user=0.33 sys=0.01, real=0.28 secs] 
173.132: [CMS-concurrent-preclean-start]
173.295: [CMS-concurrent-preclean: 0.163/0.163 secs] [Times: user=0.17 sys=0.00, real=0.17 secs] 
173.295: [CMS-concurrent-abortable-preclean-start]
173.295: [CMS-concurrent-abortable-preclean: 0.000/0.000 secs] [Times: user=0.00 sys=0.00, real=0.00 secs] 
173.295: [GC[YG occupancy: 4004 K (19136 K)]173.295: [Rescan (parallel) , 0.0045420 secs]173.300: [weak refs processing, 0.0002153 secs] [1 CMS-remark: 107776K(107776K)] 111780K(126912K), 0.0048548 secs] [Times: user=0.01 sys=0.00, real=0.00 secs] 
173.300: [CMS-concurrent-sweep-start]
173.342: [CMS-concurrent-sweep: 0.042/0.042 secs] [Times: user=0.04 sys=0.00, real=0.04 secs] 
173.342: [CMS-concurrent-reset-start]
173.342: [CMS-concurrent-reset: 0.000/0.000 secs] [Times: user=0.00 sys=0.00, real=0.00 secs] 
173.806: [GC [1 CMS-initial-mark: 107775K(107776K)] 111926K(126912K), 0.0053555 secs] [Times: user=0.01 sys=0.00, real=0.00 secs] 
173.812: [CMS-concurrent-mark-start]
174.089: [CMS-concurrent-mark: 0.277/0.277 secs] [Times: user=0.29 sys=0.01, real=0.28 secs] 
174.089: [CMS-concurrent-preclean-start]
174.090: [CMS-concurrent-preclean: 0.001/0.002 secs] [Times: user=0.00 sys=0.00, real=0.00 secs] 
174.090: [CMS-concurrent-abortable-preclean-start]
174.126: [Full GC 174.126: [CMS174.126: [CMS-concurrent-abortable-preclean: 0.000/0.036 secs] [Times: user=0.00 sys=0.00, real=0.04 secs] 
 (concurrent mode interrupted): 107775K->107775K(107776K), 0.5214608 secs] 112096K->109379K(126912K), [CMS Perm : 15609K->15605K(28412K)], 0.5215663 secs] [Times: user=0.52 sys=0.00, real=0.52 secs] 
174.807: [GC [1 CMS-initial-mark: 107775K(107776K)] 109483K(126912K), 0.0038391 secs] [Times: user=0.00 sys=0.00, real=0.00 secs] 
174.811: [CMS-concurrent-mark-start]
175.083: [CMS-concurrent-mark: 0.272/0.272 secs] [Times: user=0.28 sys=0.00, real=0.28 secs] 
175.083: [CMS-concurrent-preclean-start]
175.242: [CMS-concurrent-preclean: 0.159/0.159 secs] [Times: user=0.16 sys=0.00, real=0.15 secs] 
175.243: [GC[YG occupancy: 1876 K (19136 K)]175.243: [Rescan (parallel) , 0.0022226 secs]175.245: [weak refs processing, 0.0002020 secs] [1 CMS-remark: 107775K(107776K)] 109652K(126912K), 0.0024936 secs] [Times: user=0.01 sys=0.00, real=0.00 secs] 
175.245: [CMS-concurrent-sweep-start]
175.286: [CMS-concurrent-sweep: 0.040/0.040 secs] [Times: user=0.04 sys=0.00, real=0.04 secs] 
175.286: [CMS-concurrent-reset-start]
175.286: [CMS-concurrent-reset: 0.000/0.000 secs] [Times: user=0.00 sys=0.00, real=0.00 secs] 
175.807: [GC [1 CMS-initial-mark: 107775K(107776K)] 109792K(126912K), 0.0040619 secs] [Times: user=0.01 sys=0.00, real=0.00 secs] 
175.811: [CMS-concurrent-mark-start]
176.089: [CMS-concurrent-mark: 0.278/0.278 secs] [Times: user=0.29 sys=0.00, real=0.28 secs] 
176.089: [CMS-concurrent-preclean-start]
176.091: [CMS-concurrent-preclean: 0.001/0.002 secs] [Times: user=0.00 sys=0.00, real=0.00 secs] 
176.091: [CMS-concurrent-abortable-preclean-start]
179.734: [Full GC 179.734: [CMS179.734: [CMS-concurrent-abortable-preclean: 0.032/3.643 secs] [Times: user=0.08 sys=0.01, real=3.65 secs] 
 (concurrent mode interrupted): 107775K->107775K(107776K), 0.5183217 secs] 110717K->109498K(126912K), [CMS Perm : 15606K->15605K(28412K)], 0.5184257 secs] [Times: user=0.52 sys=0.00, real=0.51 secs] 
180.262: [GC [1 CMS-initial-mark: 107775K(107776K)] 109617K(126912K), 0.0028377 secs] [Times: user=0.00 sys=0.00, real=0.01 secs] 
180.265: [CMS-concurrent-mark-start]
180.545: [CMS-concurrent-mark: 0.280/0.280 secs] [Times: user=0.30 sys=0.00, real=0.28 secs] 
180.545: [CMS-concurrent-preclean-start]
180.706: [CMS-concurrent-preclean: 0.161/0.161 secs] [Times: user=0.16 sys=0.00, real=0.16 secs] 
180.706: [GC[YG occupancy: 1998 K (19136 K)]180.706: [Rescan (parallel) , 0.0021964 secs]180.709: [weak refs processing, 0.0002077 secs] [1 CMS-remark: 107775K(107776K)] 109774K(126912K), 0.0024968 secs] [Times: user=0.01 sys=0.00, real=0.00 secs] 
180.709: [CMS-concurrent-sweep-start]
180.749: [CMS-concurrent-sweep: 0.040/0.040 secs] [Times: user=0.04 sys=0.00, real=0.04 secs] 
180.749: [CMS-concurrent-reset-start]
180.749: [CMS-concurrent-reset: 0.000/0.000 secs] [Times: user=0.00 sys=0.00, real=0.00 secs] 
180.817: [GC [1 CMS-initial-mark: 107775K(107776K)] 109869K(126912K), 0.0030094 secs] [Times: user=0.00 sys=0.00, real=0.00 secs] 
180.820: [CMS-concurrent-mark-start]
181.094: [CMS-concurrent-mark: 0.274/0.274 secs] [Times: user=0.28 sys=0.00, real=0.28 secs] 
181.094: [CMS-concurrent-preclean-start]
181.096: [CMS-concurrent-preclean: 0.001/0.001 secs] [Times: user=0.00 sys=0.00, real=0.00 secs] 
181.096: [CMS-concurrent-abortable-preclean-start]
 CMS: abort preclean due to time 186.110: [CMS-concurrent-abortable-preclean: 0.044/5.015 secs] [Times: user=0.14 sys=0.01, real=5.01 secs] 
186.111: [GC[YG occupancy: 3715 K (19136 K)]186.111: [Rescan (parallel) , 0.0044455 secs]186.115: [weak refs processing, 0.0002186 secs] [1 CMS-remark: 107775K(107776K)] 111491K(126912K), 0.0047568 secs] [Times: user=0.01 sys=0.00, real=0.01 secs] 
186.116: [CMS-concurrent-sweep-start]
186.157: [CMS-concurrent-sweep: 0.041/0.041 secs] [Times: user=0.04 sys=0.00, real=0.04 secs] 
186.157: [CMS-concurrent-reset-start]
186.157: [CMS-concurrent-reset: 0.000/0.000 secs] [Times: user=0.00 sys=0.00, real=0.00 secs] 
186.807: [GC [1 CMS-initial-mark: 107775K(107776K)] 111585K(126912K), 0.0057874 secs] [Times: user=0.01 sys=0.00, real=0.01 secs] 
186.813: [CMS-concurrent-mark-start]
187.087: [CMS-concurrent-mark: 0.274/0.274 secs] [Times: user=0.28 sys=0.00, real=0.27 secs] 
187.087: [CMS-concurrent-preclean-start]
187.089: [CMS-concurrent-preclean: 0.001/0.002 secs] [Times: user=0.00 sys=0.00, real=0.00 secs] 
187.089: [CMS-concurrent-abortable-preclean-start]
 CMS: abort preclean due to time 192.112: [CMS-concurrent-abortable-preclean: 0.043/5.023 secs] [Times: user=0.14 sys=0.01, real=5.03 secs] 
192.113: [GC[YG occupancy: 5258 K (19136 K)]192.113: [Rescan (parallel) , 0.0086468 secs]192.121: [weak refs processing, 0.0002641 secs] [1 CMS-remark: 107775K(107776K)] 113034K(126912K), 0.0090322 secs] [Times: user=0.03 sys=0.00, real=0.00 secs] 
192.122: [CMS-concurrent-sweep-start]
192.164: [CMS-concurrent-sweep: 0.042/0.042 secs] [Times: user=0.04 sys=0.00, real=0.05 secs] 
192.164: [CMS-concurrent-reset-start]
192.164: [CMS-concurrent-reset: 0.000/0.000 secs] [Times: user=0.00 sys=0.00, real=0.00 secs] 
192.831: [GC [1 CMS-initial-mark: 107775K(107776K)] 113128K(126912K), 0.0062041 secs] [Times: user=0.00 sys=0.00, real=0.01 secs] 
192.837: [CMS-concurrent-mark-start]
193.115: [CMS-concurrent-mark: 0.278/0.278 secs] [Times: user=0.29 sys=0.00, real=0.28 secs] 
193.115: [CMS-concurrent-preclean-start]
193.116: [CMS-concurrent-preclean: 0.001/0.002 secs] [Times: user=0.00 sys=0.00, real=0.00 secs] 
193.116: [CMS-concurrent-abortable-preclean-start]
 CMS: abort preclean due to time 198.212: [CMS-concurrent-abortable-preclean: 0.043/5.096 secs] [Times: user=0.14 sys=0.01, real=5.09 secs] 
198.212: [GC[YG occupancy: 6931 K (19136 K)]198.213: [Rescan (parallel) , 0.0116248 secs]198.224: [weak refs processing, 0.0002384 secs] [1 CMS-remark: 107775K(107776K)] 114707K(126912K), 0.0119734 secs] [Times: user=0.03 sys=0.00, real=0.02 secs] 
198.225: [CMS-concurrent-sweep-start]
198.266: [CMS-concurrent-sweep: 0.041/0.041 secs] [Times: user=0.05 sys=0.00, real=0.04 secs] 
198.266: [CMS-concurrent-reset-start]
198.266: [CMS-concurrent-reset: 0.000/0.000 secs] [Times: user=0.00 sys=0.00, real=0.00 secs] 
198.357: [Full GC 198.357: [CMS: 107775K->107775K(107776K), 0.5365089 secs] 114707K->110034K(126912K), [CMS Perm : 15616K->15613K(28412K)], 0.5366253 secs] [Times: user=0.53 sys=0.01, real=0.54 secs] 
198.895: [GC [1 CMS-initial-mark: 107775K(107776K)] 110083K(126912K), 0.0033489 secs] [Times: user=0.01 sys=0.00, real=0.00 secs] 
198.898: [CMS-concurrent-mark-start]
198.899: [Full GC 198.899: [CMS199.174: [CMS-concurrent-mark: 0.276/0.276 secs] [Times: user=0.27 sys=0.00, real=0.28 secs] 
 (concurrent mode interrupted): 107775K->107775K(107776K), 0.7526457 secs] 110092K->110035K(126912K), [CMS Perm : 15613K->15613K(28412K)], 0.7527373 secs] [Times: user=0.75 sys=0.00, real=0.75 secs] 
199.664: [GC [1 CMS-initial-mark: 107775K(107776K)] 110158K(126912K), 0.0030091 secs] [Times: user=0.00 sys=0.00, real=0.00 secs] 
199.667: [CMS-concurrent-mark-start]
200.001: [CMS-concurrent-mark: 0.334/0.334 secs] [Times: user=0.36 sys=0.00, real=0.33 secs] 
200.001: [CMS-concurrent-preclean-start]
200.223: [CMS-concurrent-preclean: 0.221/0.221 secs] [Times: user=0.21 sys=0.00, real=0.23 secs] 
200.223: [CMS-concurrent-abortable-preclean-start]
200.223: [CMS-concurrent-abortable-preclean: 0.000/0.000 secs] [Times: user=0.00 sys=0.00, real=0.00 secs] 
200.223: [GC[YG occupancy: 2876 K (19136 K)]200.223: [Rescan (parallel) , 0.0032278 secs]200.226: [weak refs processing, 0.0002439 secs] [1 CMS-remark: 107775K(107776K)] 110652K(126912K), 0.0035806 secs] [Times: user=0.01 sys=0.01, real=0.00 secs] 
200.227: [CMS-concurrent-sweep-start]
200.281: [CMS-concurrent-sweep: 0.054/0.054 secs] [Times: user=0.06 sys=0.00, real=0.05 secs] 
200.281: [CMS-concurrent-reset-start]
200.282: [CMS-concurrent-reset: 0.000/0.000 secs] [Times: user=0.00 sys=0.00, real=0.00 secs] 
200.810: [GC [1 CMS-initial-mark: 107775K(107776K)] 110770K(126912K), 0.0046986 secs] [Times: user=0.01 sys=0.00, real=0.01 secs] 
200.815: [CMS-concurrent-mark-start]
201.089: [CMS-concurrent-mark: 0.274/0.274 secs] [Times: user=0.29 sys=0.00, real=0.27 secs] 
201.089: [CMS-concurrent-preclean-start]
201.091: [CMS-concurrent-preclean: 0.001/0.002 secs] [Times: user=0.00 sys=0.00, real=0.00 secs] 
201.091: [CMS-concurrent-abortable-preclean-start]
 CMS: abort preclean due to time 206.114: [CMS-concurrent-abortable-preclean: 0.045/5.023 secs] [Times: user=0.15 sys=0.01, real=5.03 secs] 
206.114: [GC[YG occupancy: 4499 K (19136 K)]206.114: [Rescan (parallel) , 0.0082621 secs]206.123: [weak refs processing, 0.0002627 secs] [1 CMS-remark: 107775K(107776K)] 112275K(126912K), 0.0086432 secs] [Times: user=0.02 sys=0.00, real=0.01 secs] 
206.123: [CMS-concurrent-sweep-start]
206.164: [CMS-concurrent-sweep: 0.041/0.041 secs] [Times: user=0.04 sys=0.00, real=0.04 secs] 
206.164: [CMS-concurrent-reset-start]
206.164: [CMS-concurrent-reset: 0.000/0.000 secs] [Times: user=0.00 sys=0.00, real=0.00 secs] 
206.809: [GC [1 CMS-initial-mark: 107775K(107776K)] 112337K(126912K), 0.0061097 secs] [Times: user=0.01 sys=0.00, real=0.01 secs] 
206.815: [CMS-concurrent-mark-start]
207.091: [CMS-concurrent-mark: 0.276/0.276 secs] [Times: user=0.29 sys=0.00, real=0.27 secs] 
207.091: [CMS-concurrent-preclean-start]
207.092: [CMS-concurrent-preclean: 0.001/0.002 secs] [Times: user=0.00 sys=0.00, real=0.00 secs] 
207.092: [CMS-concurrent-abortable-preclean-start]
 CMS: abort preclean due to time 212.115: [CMS-concurrent-abortable-preclean: 0.044/5.022 secs] [Times: user=0.13 sys=0.01, real=5.03 secs] 
212.115: [GC[YG occupancy: 6052 K (19136 K)]212.115: [Rescan (parallel) , 0.0099336 secs]212.125: [weak refs processing, 0.0002512 secs] [1 CMS-remark: 107775K(107776K)] 113828K(126912K), 0.0103029 secs] [Times: user=0.03 sys=0.00, real=0.01 secs] 
212.126: [CMS-concurrent-sweep-start]
212.167: [CMS-concurrent-sweep: 0.041/0.041 secs] [Times: user=0.05 sys=0.00, real=0.04 secs] 
212.167: [CMS-concurrent-reset-start]
212.168: [CMS-concurrent-reset: 0.000/0.000 secs] [Times: user=0.00 sys=0.00, real=0.00 secs] 
212.810: [GC [1 CMS-initial-mark: 107775K(107776K)] 113921K(126912K), 0.0070441 secs] [Times: user=0.00 sys=0.00, real=0.01 secs] 
212.818: [CMS-concurrent-mark-start]
213.101: [CMS-concurrent-mark: 0.283/0.283 secs] [Times: user=0.30 sys=0.00, real=0.28 secs] 
213.101: [CMS-concurrent-preclean-start]
213.102: [CMS-concurrent-preclean: 0.001/0.002 secs] [Times: user=0.00 sys=0.00, real=0.00 secs] 
213.102: [CMS-concurrent-abortable-preclean-start]
 CMS: abort preclean due to time 218.116: [CMS-concurrent-abortable-preclean: 0.044/5.014 secs] [Times: user=0.15 sys=0.01, real=5.02 secs] 
218.116: [GC[YG occupancy: 7672 K (19136 K)]218.116: [Rescan (parallel) , 0.0112023 secs]218.128: [weak refs processing, 0.0002190 secs] [1 CMS-remark: 107775K(107776K)] 115448K(126912K), 0.0115114 secs] [Times: user=0.03 sys=0.01, real=0.01 secs] 
218.128: [CMS-concurrent-sweep-start]
218.169: [CMS-concurrent-sweep: 0.041/0.041 secs] [Times: user=0.04 sys=0.00, real=0.04 secs] 
218.169: [CMS-concurrent-reset-start]
218.169: [CMS-concurrent-reset: 0.000/0.000 secs] [Times: user=0.00 sys=0.00, real=0.00 secs] 
218.810: [GC [1 CMS-initial-mark: 107775K(107776K)] 115506K(126912K), 0.0089266 secs] [Times: user=0.01 sys=0.00, real=0.01 secs] 
218.819: [CMS-concurrent-mark-start]
219.097: [CMS-concurrent-mark: 0.278/0.278 secs] [Times: user=0.29 sys=0.00, real=0.28 secs] 
219.097: [CMS-concurrent-preclean-start]
219.099: [CMS-concurrent-preclean: 0.001/0.002 secs] [Times: user=0.00 sys=0.00, real=0.00 secs] 
219.099: [CMS-concurrent-abortable-preclean-start]
 CMS: abort preclean due to time 224.113: [CMS-concurrent-abortable-preclean: 0.044/5.014 secs] [Times: user=0.14 sys=0.01, real=5.02 secs] 
224.113: [GC[YG occupancy: 9244 K (19136 K)]224.113: [Rescan (parallel) , 0.0119281 secs]224.125: [weak refs processing, 0.0002119 secs] [1 CMS-remark: 107775K(107776K)] 117020K(126912K), 0.0122533 secs] [Times: user=0.03 sys=0.00, real=0.01 secs] 
224.125: [CMS-concurrent-sweep-start]
224.166: [CMS-concurrent-sweep: 0.041/0.041 secs] [Times: user=0.04 sys=0.00, real=0.04 secs] 
224.166: [CMS-concurrent-reset-start]
224.166: [CMS-concurrent-reset: 0.000/0.000 secs] [Times: user=0.01 sys=0.00, real=0.00 secs] 
224.811: [GC [1 CMS-initial-mark: 107775K(107776K)] 117126K(126912K), 0.0104764 secs] [Times: user=0.01 sys=0.00, real=0.01 secs] 
224.822: [CMS-concurrent-mark-start]
225.101: [CMS-concurrent-mark: 0.279/0.279 secs] [Times: user=0.29 sys=0.00, real=0.28 secs] 
225.101: [CMS-concurrent-preclean-start]
225.102: [CMS-concurrent-preclean: 0.001/0.002 secs] [Times: user=0.01 sys=0.00, real=0.01 secs] 
225.102: [CMS-concurrent-abortable-preclean-start]
 CMS: abort preclean due to time 230.116: [CMS-concurrent-abortable-preclean: 0.044/5.013 secs] [Times: user=0.14 sys=0.01, real=5.01 secs] 
230.116: [GC[YG occupancy: 10753 K (19136 K)]230.116: [Rescan (parallel) , 0.0153401 secs]230.132: [weak refs processing, 0.0002187 secs] [1 CMS-remark: 107775K(107776K)] 118529K(126912K), 0.0156713 secs] [Times: user=0.05 sys=0.01, real=0.01 secs] 
230.132: [CMS-concurrent-sweep-start]
230.173: [CMS-concurrent-sweep: 0.040/0.040 secs] [Times: user=0.04 sys=0.00, real=0.05 secs] 
230.173: [CMS-concurrent-reset-start]
230.173: [CMS-concurrent-reset: 0.000/0.000 secs] [Times: user=0.00 sys=0.00, real=0.00 secs] 
230.811: [GC [1 CMS-initial-mark: 107774K(107776K)] 118623K(126912K), 0.0119479 secs] [Times: user=0.01 sys=0.00, real=0.02 secs] 
230.823: [CMS-concurrent-mark-start]
231.104: [CMS-concurrent-mark: 0.281/0.281 secs] [Times: user=0.29 sys=0.00, real=0.28 secs] 
231.104: [CMS-concurrent-preclean-start]
231.106: [CMS-concurrent-preclean: 0.001/0.002 secs] [Times: user=0.01 sys=0.00, real=0.00 secs] 
231.106: [CMS-concurrent-abortable-preclean-start]
 CMS: abort preclean due to time 236.117: [CMS-concurrent-abortable-preclean: 0.042/5.011 secs] [Times: user=0.13 sys=0.01, real=5.01 secs] 
236.117: [GC[YG occupancy: 12301 K (19136 K)]236.117: [Rescan (parallel) , 0.0178726 secs]236.135: [weak refs processing, 0.0002624 secs] [1 CMS-remark: 107774K(107776K)] 120076K(126912K), 0.0182910 secs] [Times: user=0.06 sys=0.00, real=0.02 secs] 
236.136: [CMS-concurrent-sweep-start]
236.176: [CMS-concurrent-sweep: 0.040/0.040 secs] [Times: user=0.04 sys=0.00, real=0.04 secs] 
236.176: [CMS-concurrent-reset-start]
236.177: [CMS-concurrent-reset: 0.000/0.000 secs] [Times: user=0.00 sys=0.00, real=0.00 secs] 
236.809: [GC [1 CMS-initial-mark: 107774K(107776K)] 120185K(126912K), 0.0118128 secs] [Times: user=0.02 sys=0.00, real=0.01 secs] 
236.821: [CMS-concurrent-mark-start]
237.092: [CMS-concurrent-mark: 0.272/0.272 secs] [Times: user=0.28 sys=0.00, real=0.27 secs] 
237.092: [CMS-concurrent-preclean-start]
237.094: [CMS-concurrent-preclean: 0.001/0.002 secs] [Times: user=0.00 sys=0.00, real=0.01 secs] 
237.094: [CMS-concurrent-abortable-preclean-start]
 CMS: abort preclean due to time 242.117: [CMS-concurrent-abortable-preclean: 0.045/5.023 secs] [Times: user=0.14 sys=0.01, real=5.02 secs] 
242.117: [GC[YG occupancy: 13852 K (19136 K)]242.118: [Rescan (parallel) , 0.0180946 secs]242.136: [weak refs processing, 0.0002314 secs] [1 CMS-remark: 107774K(107776K)] 121627K(126912K), 0.0184416 secs] [Times: user=0.06 sys=0.01, real=0.02 secs] 
242.136: [CMS-concurrent-sweep-start]
242.177: [CMS-concurrent-sweep: 0.040/0.040 secs] [Times: user=0.04 sys=0.00, real=0.04 secs] 
242.177: [CMS-concurrent-reset-start]
242.177: [CMS-concurrent-reset: 0.000/0.000 secs] [Times: user=0.00 sys=0.00, real=0.00 secs] 
242.812: [GC [1 CMS-initial-mark: 107774K(107776K)] 121722K(126912K), 0.0143413 secs] [Times: user=0.01 sys=0.00, real=0.02 secs] 
242.827: [CMS-concurrent-mark-start]
243.107: [CMS-concurrent-mark: 0.280/0.280 secs] [Times: user=0.29 sys=0.00, real=0.28 secs] 
243.107: [CMS-concurrent-preclean-start]
243.109: [CMS-concurrent-preclean: 0.001/0.002 secs] [Times: user=0.01 sys=0.00, real=0.00 secs] 
243.109: [CMS-concurrent-abortable-preclean-start]
 CMS: abort preclean due to time 248.117: [CMS-concurrent-abortable-preclean: 0.040/5.008 secs] [Times: user=0.14 sys=0.01, real=5.01 secs] 
248.117: [GC[YG occupancy: 15500 K (19136 K)]248.117: [Rescan (parallel) , 0.0209867 secs]248.138: [weak refs processing, 0.0002206 secs] [1 CMS-remark: 107774K(107776K)] 123274K(126912K), 0.0213234 secs] [Times: user=0.06 sys=0.00, real=0.02 secs] 
248.139: [CMS-concurrent-sweep-start]
248.181: [CMS-concurrent-sweep: 0.042/0.042 secs] [Times: user=0.04 sys=0.00, real=0.04 secs] 
248.181: [CMS-concurrent-reset-start]
248.181: [CMS-concurrent-reset: 0.000/0.000 secs] [Times: user=0.00 sys=0.00, real=0.00 secs] 
248.812: [GC [1 CMS-initial-mark: 107774K(107776K)] 123325K(126912K), 0.0159881 secs] [Times: user=0.02 sys=0.00, real=0.02 secs] 
248.828: [CMS-concurrent-mark-start]
249.108: [CMS-concurrent-mark: 0.280/0.280 secs] [Times: user=0.29 sys=0.00, real=0.28 secs] 
249.108: [CMS-concurrent-preclean-start]
249.109: [CMS-concurrent-preclean: 0.001/0.002 secs] [Times: user=0.00 sys=0.00, real=0.00 secs] 
249.109: [CMS-concurrent-abortable-preclean-start]
 CMS: abort preclean due to time 254.116: [CMS-concurrent-abortable-preclean: 0.043/5.007 secs] [Times: user=0.14 sys=0.01, real=5.01 secs] 
254.117: [GC[YG occupancy: 16992 K (19136 K)]254.117: [Rescan (parallel) , 0.0204723 secs]254.137: [weak refs processing, 0.0002383 secs] [1 CMS-remark: 107774K(107776K)] 124767K(126912K), 0.0208300 secs] [Times: user=0.06 sys=0.00, real=0.02 secs] 
254.138: [CMS-concurrent-sweep-start]
254.179: [CMS-concurrent-sweep: 0.041/0.041 secs] [Times: user=0.04 sys=0.00, real=0.04 secs] 
254.179: [CMS-concurrent-reset-start]
254.180: [CMS-concurrent-reset: 0.000/0.000 secs] [Times: user=0.00 sys=0.00, real=0.00 secs] 
254.812: [GC [1 CMS-initial-mark: 107774K(107776K)] 124847K(126912K), 0.0170941 secs] [Times: user=0.02 sys=0.00, real=0.02 secs] 
254.829: [CMS-concurrent-mark-start]
255.125: [CMS-concurrent-mark: 0.295/0.295 secs] [Times: user=0.30 sys=0.00, real=0.30 secs] 
255.125: [CMS-concurrent-preclean-start]
255.126: [CMS-concurrent-preclean: 0.001/0.002 secs] [Times: user=0.00 sys=0.00, real=0.00 secs] 
255.126: [CMS-concurrent-abortable-preclean-start]
 CMS: abort preclean due to time 260.218: [CMS-concurrent-abortable-preclean: 0.044/5.091 secs] [Times: user=0.15 sys=0.01, real=5.09 secs] 
260.218: [GC[YG occupancy: 18468 K (19136 K)]260.218: [Rescan (parallel) , 0.0227514 secs]260.241: [weak refs processing, 0.0002207 secs] [1 CMS-remark: 107774K(107776K)] 126242K(126912K), 0.0230847 secs] [Times: user=0.07 sys=0.01, real=0.02 secs] 
260.241: [CMS-concurrent-sweep-start]
260.282: [CMS-concurrent-sweep: 0.040/0.040 secs] [Times: user=0.04 sys=0.00, real=0.04 secs] 
260.282: [CMS-concurrent-reset-start]
260.282: [CMS-concurrent-reset: 0.000/0.000 secs] [Times: user=0.00 sys=0.00, real=0.00 secs] 
260.812: [GC [1 CMS-initial-mark: 107774K(107776K)] 126335K(126912K), 0.0187150 secs] [Times: user=0.02 sys=0.00, real=0.02 secs] 
260.831: [CMS-concurrent-mark-start]
261.108: [CMS-concurrent-mark: 0.277/0.277 secs] [Times: user=0.29 sys=0.00, real=0.28 secs] 
261.108: [CMS-concurrent-preclean-start]
261.110: [CMS-concurrent-preclean: 0.001/0.002 secs] [Times: user=0.00 sys=0.00, real=0.00 secs] 
261.110: [CMS-concurrent-abortable-preclean-start]
262.814: [GC 262.815: [ParNew: 19135K->19135K(19136K), 0.0000171 secs]262.815: [CMS262.815: [CMS-concurrent-abortable-preclean: 0.014/1.705 secs] [Times: user=0.05 sys=0.00, real=1.71 secs] 
 (concurrent mode failure): 107774K->107775K(107776K), 0.5651334 secs] 126910K->111829K(126912K), [CMS Perm : 15623K->15617K(28412K)], 0.5652456 secs] [Times: user=0.56 sys=0.01, real=0.56 secs] 
263.481: [Full GC 263.481: [CMS: 107775K->107775K(107776K), 0.5146725 secs] 111944K->109306K(126912K), [CMS Perm : 15617K->15616K(28412K)], 0.5147713 secs] [Times: user=0.51 sys=0.00, real=0.52 secs] 
263.996: [GC [1 CMS-initial-mark: 107775K(107776K)] 109383K(126912K), 0.0022922 secs] [Times: user=0.00 sys=0.00, real=0.00 secs] 
263.998: [CMS-concurrent-mark-start]
264.277: [CMS-concurrent-mark: 0.278/0.278 secs] [Times: user=0.30 sys=0.01, real=0.28 secs] 
264.277: [CMS-concurrent-preclean-start]
264.440: [CMS-concurrent-preclean: 0.164/0.164 secs] [Times: user=0.16 sys=0.00, real=0.16 secs] 
264.441: [GC[YG occupancy: 1849 K (19136 K)]264.441: [Rescan (parallel) , 0.0018703 secs]264.443: [weak refs processing, 0.0002084 secs] [1 CMS-remark: 107775K(107776K)] 109625K(126912K), 0.0021628 secs] [Times: user=0.01 sys=0.00, real=0.01 secs] 
264.443: [CMS-concurrent-sweep-start]
264.484: [CMS-concurrent-sweep: 0.041/0.041 secs] [Times: user=0.04 sys=0.00, real=0.04 secs] 
264.484: [CMS-concurrent-reset-start]
264.484: [CMS-concurrent-reset: 0.000/0.000 secs] [Times: user=0.00 sys=0.00, real=0.00 secs] 
264.813: [GC [1 CMS-initial-mark: 107775K(107776K)] 109805K(126912K), 0.0036092 secs] [Times: user=0.00 sys=0.00, real=0.00 secs] 
264.816: [CMS-concurrent-mark-start]
265.094: [CMS-concurrent-mark: 0.278/0.278 secs] [Times: user=0.29 sys=0.00, real=0.28 secs] 
265.094: [CMS-concurrent-preclean-start]
265.096: [CMS-concurrent-preclean: 0.001/0.001 secs] [Times: user=0.00 sys=0.00, real=0.00 secs] 
265.096: [CMS-concurrent-abortable-preclean-start]
 CMS: abort preclean due to time 270.119: [CMS-concurrent-abortable-preclean: 0.045/5.023 secs] [Times: user=0.13 sys=0.01, real=5.02 secs] 
270.119: [GC[YG occupancy: 3374 K (19136 K)]270.119: [Rescan (parallel) , 0.0060926 secs]270.126: [weak refs processing, 0.0003040 secs] [1 CMS-remark: 107775K(107776K)] 111150K(126912K), 0.0065205 secs] [Times: user=0.02 sys=0.00, real=0.01 secs] 
270.126: [CMS-concurrent-sweep-start]
270.167: [CMS-concurrent-sweep: 0.041/0.041 secs] [Times: user=0.04 sys=0.00, real=0.04 secs] 
270.167: [CMS-concurrent-reset-start]
270.168: [CMS-concurrent-reset: 0.000/0.000 secs] [Times: user=0.01 sys=0.00, real=0.00 secs] 
270.813: [GC [1 CMS-initial-mark: 107775K(107776K)] 111206K(126912K), 0.0052903 secs] [Times: user=0.01 sys=0.00, real=0.00 secs] 
270.819: [CMS-concurrent-mark-start]
271.097: [CMS-concurrent-mark: 0.278/0.278 secs] [Times: user=0.29 sys=0.00, real=0.28 secs] 
271.097: [CMS-concurrent-preclean-start]
271.099: [CMS-concurrent-preclean: 0.001/0.002 secs] [Times: user=0.00 sys=0.00, real=0.00 secs] 
271.099: [CMS-concurrent-abortable-preclean-start]
272.025: [Full GC 272.025: [CMS272.025: [CMS-concurrent-abortable-preclean: 0.008/0.926 secs] [Times: user=0.03 sys=0.00, real=0.93 secs] 
 (concurrent mode interrupted): 107775K->107775K(107776K), 0.4767905 secs] 111650K->109612K(126912K), [CMS Perm : 15618K->15613K(28412K)], 0.4768784 secs] [Times: user=0.47 sys=0.01, real=0.47 secs] 
273.887: [GC [1 CMS-initial-mark: 107775K(107776K)] 109806K(126912K), 0.0033730 secs] [Times: user=0.00 sys=0.00, real=0.00 secs] 
273.891: [CMS-concurrent-mark-start]
274.253: [CMS-concurrent-mark: 0.362/0.362 secs] [Times: user=0.37 sys=0.00, real=0.37 secs] 
274.253: [CMS-concurrent-preclean-start]
274.474: [CMS-concurrent-preclean: 0.221/0.221 secs] [Times: user=0.22 sys=0.00, real=0.22 secs] 
274.474: [CMS-concurrent-abortable-preclean-start]
274.474: [CMS-concurrent-abortable-preclean: 0.000/0.000 secs] [Times: user=0.00 sys=0.00, real=0.00 secs] 
274.474: [GC[YG occupancy: 2175 K (19136 K)]274.474: [Rescan (parallel) , 0.0022949 secs]274.477: [weak refs processing, 0.0003541 secs] [1 CMS-remark: 107775K(107776K)] 109951K(126912K), 0.0027503 secs] [Times: user=0.01 sys=0.00, real=0.00 secs] 
274.477: [CMS-concurrent-sweep-start]
274.531: [CMS-concurrent-sweep: 0.053/0.053 secs] [Times: user=0.05 sys=0.00, real=0.05 secs] 
274.531: [CMS-concurrent-reset-start]
274.531: [CMS-concurrent-reset: 0.001/0.001 secs] [Times: user=0.00 sys=0.00, real=0.00 secs] 
274.810: [GC [1 CMS-initial-mark: 107775K(107776K)] 109995K(126912K), 0.0042737 secs] [Times: user=0.01 sys=0.00, real=0.01 secs] 
274.815: [CMS-concurrent-mark-start]
275.155: [CMS-concurrent-mark: 0.341/0.341 secs] [Times: user=0.35 sys=0.00, real=0.34 secs] 
275.155: [CMS-concurrent-preclean-start]
275.157: [CMS-concurrent-preclean: 0.001/0.002 secs] [Times: user=0.00 sys=0.00, real=0.00 secs] 
275.157: [CMS-concurrent-abortable-preclean-start]
 CMS: abort preclean due to time 280.221: [CMS-concurrent-abortable-preclean: 0.045/5.064 secs] [Times: user=0.14 sys=0.01, real=5.06 secs] 
280.221: [GC[YG occupancy: 3620 K (19136 K)]280.221: [Rescan (parallel) , 0.0065187 secs]280.228: [weak refs processing, 0.0002607 secs] [1 CMS-remark: 107775K(107776K)] 111396K(126912K), 0.0068812 secs] [Times: user=0.03 sys=0.00, real=0.01 secs] 
280.228: [CMS-concurrent-sweep-start]
280.270: [CMS-concurrent-sweep: 0.041/0.041 secs] [Times: user=0.04 sys=0.00, real=0.04 secs] 
280.270: [CMS-concurrent-reset-start]
280.270: [CMS-concurrent-reset: 0.000/0.000 secs] [Times: user=0.00 sys=0.00, real=0.00 secs] 
280.815: [GC [1 CMS-initial-mark: 107775K(107776K)] 111446K(126912K), 0.0060808 secs] [Times: user=0.01 sys=0.00, real=0.00 secs] 
280.822: [CMS-concurrent-mark-start]
281.102: [CMS-concurrent-mark: 0.281/0.281 secs] [Times: user=0.29 sys=0.00, real=0.28 secs] 
281.102: [CMS-concurrent-preclean-start]
281.104: [CMS-concurrent-preclean: 0.001/0.001 secs] [Times: user=0.00 sys=0.00, real=0.01 secs] 
281.104: [CMS-concurrent-abortable-preclean-start]
 CMS: abort preclean due to time 286.120: [CMS-concurrent-abortable-preclean: 0.044/5.016 secs] [Times: user=0.14 sys=0.01, real=5.01 secs] 
286.120: [GC[YG occupancy: 5103 K (19136 K)]286.120: [Rescan (parallel) , 0.0086035 secs]286.129: [weak refs processing, 0.0002630 secs] [1 CMS-remark: 107775K(107776K)] 112879K(126912K), 0.0089842 secs] [Times: user=0.03 sys=0.00, real=0.01 secs] 
286.130: [CMS-concurrent-sweep-start]
286.171: [CMS-concurrent-sweep: 0.042/0.042 secs] [Times: user=0.04 sys=0.00, real=0.04 secs] 
286.171: [CMS-concurrent-reset-start]
286.172: [CMS-concurrent-reset: 0.000/0.000 secs] [Times: user=0.00 sys=0.00, real=0.00 secs] 
286.816: [GC [1 CMS-initial-mark: 107775K(107776K)] 112935K(126912K), 0.0070953 secs] [Times: user=0.01 sys=0.00, real=0.01 secs] 
286.824: [CMS-concurrent-mark-start]
287.102: [CMS-concurrent-mark: 0.279/0.279 secs] [Times: user=0.29 sys=0.00, real=0.27 secs] 
287.102: [CMS-concurrent-preclean-start]
287.104: [CMS-concurrent-preclean: 0.001/0.002 secs] [Times: user=0.00 sys=0.00, real=0.01 secs] 
287.104: [CMS-concurrent-abortable-preclean-start]
 CMS: abort preclean due to time 292.122: [CMS-concurrent-abortable-preclean: 0.044/5.018 secs] [Times: user=0.13 sys=0.01, real=5.01 secs] 
292.123: [GC[YG occupancy: 6587 K (19136 K)]292.123: [Rescan (parallel) , 0.0105573 secs]292.133: [weak refs processing, 0.0002501 secs] [1 CMS-remark: 107775K(107776K)] 114363K(126912K), 0.0109308 secs] [Times: user=0.04 sys=0.00, real=0.01 secs] 
292.134: [CMS-concurrent-sweep-start]
292.174: [CMS-concurrent-sweep: 0.040/0.040 secs] [Times: user=0.04 sys=0.00, real=0.04 secs] 
292.174: [CMS-concurrent-reset-start]
292.175: [CMS-concurrent-reset: 0.000/0.000 secs] [Times: user=0.00 sys=0.00, real=0.00 secs] 
292.817: [GC [1 CMS-initial-mark: 107772K(107776K)] 114416K(126912K), 0.0095220 secs] [Times: user=0.01 sys=0.00, real=0.01 secs] 
292.827: [CMS-concurrent-mark-start]
293.102: [CMS-concurrent-mark: 0.275/0.275 secs] [Times: user=0.29 sys=0.01, real=0.27 secs] 
293.102: [CMS-concurrent-preclean-start]
293.103: [CMS-concurrent-preclean: 0.001/0.001 secs] [Times: user=0.00 sys=0.00, real=0.01 secs] 
293.103: [CMS-concurrent-abortable-preclean-start]
 CMS: abort preclean due to time 298.123: [CMS-concurrent-abortable-preclean: 0.045/5.019 secs] [Times: user=0.13 sys=0.00, real=5.02 secs] 
298.123: [GC[YG occupancy: 8041 K (19136 K)]298.123: [Rescan (parallel) , 0.0129790 secs]298.136: [weak refs processing, 0.0002418 secs] [1 CMS-remark: 107772K(107776K)] 115813K(126912K), 0.0133562 secs] [Times: user=0.04 sys=0.00, real=0.01 secs] 
298.137: [CMS-concurrent-sweep-start]
298.177: [CMS-concurrent-sweep: 0.040/0.040 secs] [Times: user=0.04 sys=0.01, real=0.04 secs] 
298.177: [CMS-concurrent-reset-start]
298.177: [CMS-concurrent-reset: 0.000/0.000 secs] [Times: user=0.00 sys=0.00, real=0.00 secs] 
298.819: [GC [1 CMS-initial-mark: 107772K(107776K)] 115864K(126912K), 0.0112242 secs] [Times: user=0.01 sys=0.00, real=0.01 secs] 
298.830: [CMS-concurrent-mark-start]
299.109: [CMS-concurrent-mark: 0.279/0.279 secs] [Times: user=0.30 sys=0.00, real=0.28 secs] 
299.109: [CMS-concurrent-preclean-start]
299.111: [CMS-concurrent-preclean: 0.001/0.002 secs] [Times: user=0.01 sys=0.00, real=0.00 secs] 
299.111: [CMS-concurrent-abortable-preclean-start]
 CMS: abort preclean due to time 304.123: [CMS-concurrent-abortable-preclean: 0.045/5.012 secs] [Times: user=0.16 sys=0.01, real=5.02 secs] 
304.124: [GC[YG occupancy: 10081 K (19136 K)]304.124: [Rescan (parallel) , 0.0104524 secs]304.134: [weak refs processing, 0.0002166 secs] [1 CMS-remark: 107772K(107776K)] 117854K(126912K), 0.0107681 secs] [Times: user=0.03 sys=0.00, real=0.01 secs] 
304.135: [CMS-concurrent-sweep-start]
304.175: [CMS-concurrent-sweep: 0.040/0.040 secs] [Times: user=0.04 sys=0.00, real=0.04 secs] 
304.175: [CMS-concurrent-reset-start]
304.176: [CMS-concurrent-reset: 0.000/0.000 secs] [Times: user=0.00 sys=0.00, real=0.00 secs] 
304.818: [GC [1 CMS-initial-mark: 107772K(107776K)] 117910K(126912K), 0.0109982 secs] [Times: user=0.01 sys=0.00, real=0.01 secs] 
304.829: [CMS-concurrent-mark-start]
305.106: [CMS-concurrent-mark: 0.276/0.276 secs] [Times: user=0.28 sys=0.00, real=0.28 secs] 
305.106: [CMS-concurrent-preclean-start]
305.108: [CMS-concurrent-preclean: 0.001/0.002 secs] [Times: user=0.00 sys=0.00, real=0.00 secs] 
305.108: [CMS-concurrent-abortable-preclean-start]
 CMS: abort preclean due to time 310.124: [CMS-concurrent-abortable-preclean: 0.046/5.016 secs] [Times: user=0.15 sys=0.01, real=5.02 secs] 
310.125: [GC[YG occupancy: 11526 K (19136 K)]310.125: [Rescan (parallel) , 0.0161595 secs]310.142: [weak refs processing, 0.0002141 secs] [1 CMS-remark: 107772K(107776K)] 119298K(126912K), 0.0167767 secs] [Times: user=0.05 sys=0.00, real=0.01 secs] 
310.142: [CMS-concurrent-sweep-start]
310.184: [CMS-concurrent-sweep: 0.041/0.041 secs] [Times: user=0.04 sys=0.00, real=0.05 secs] 
310.184: [CMS-concurrent-reset-start]
310.184: [CMS-concurrent-reset: 0.001/0.001 secs] [Times: user=0.00 sys=0.00, real=0.00 secs] 
310.819: [GC [1 CMS-initial-mark: 107769K(107776K)] 119351K(126912K), 0.0124216 secs] [Times: user=0.01 sys=0.00, real=0.01 secs] 
310.832: [CMS-concurrent-mark-start]
311.110: [CMS-concurrent-mark: 0.279/0.279 secs] [Times: user=0.29 sys=0.00, real=0.28 secs] 
311.110: [CMS-concurrent-preclean-start]
311.112: [CMS-concurrent-preclean: 0.001/0.002 secs] [Times: user=0.00 sys=0.00, real=0.00 secs] 
311.112: [CMS-concurrent-abortable-preclean-start]
 CMS: abort preclean due to time 316.124: [CMS-concurrent-abortable-preclean: 0.044/5.012 secs] [Times: user=0.14 sys=0.01, real=5.02 secs] 
316.124: [GC[YG occupancy: 13007 K (19136 K)]316.125: [Rescan (parallel) , 0.0179808 secs]316.143: [weak refs processing, 0.0002167 secs] [1 CMS-remark: 107769K(107776K)] 120776K(126912K), 0.0183332 secs] [Times: user=0.05 sys=0.00, real=0.02 secs] 
316.143: [CMS-concurrent-sweep-start]
316.184: [CMS-concurrent-sweep: 0.040/0.040 secs] [Times: user=0.04 sys=0.00, real=0.04 secs] 
316.184: [CMS-concurrent-reset-start]
316.184: [CMS-concurrent-reset: 0.000/0.000 secs] [Times: user=0.00 sys=0.00, real=0.00 secs] 
316.819: [GC [1 CMS-initial-mark: 107768K(107776K)] 120826K(126912K), 0.0137290 secs] [Times: user=0.01 sys=0.00, real=0.02 secs] 
316.833: [CMS-concurrent-mark-start]
317.114: [CMS-concurrent-mark: 0.281/0.281 secs] [Times: user=0.30 sys=0.01, real=0.28 secs] 
317.114: [CMS-concurrent-preclean-start]
317.116: [CMS-concurrent-preclean: 0.001/0.002 secs] [Times: user=0.00 sys=0.00, real=0.00 secs] 
317.116: [CMS-concurrent-abortable-preclean-start]
 CMS: abort preclean due to time 322.124: [CMS-concurrent-abortable-preclean: 0.043/5.008 secs] [Times: user=0.13 sys=0.00, real=5.01 secs] 
322.124: [GC[YG occupancy: 14444 K (19136 K)]322.124: [Rescan (parallel) , 0.0164437 secs]322.140: [weak refs processing, 0.0003405 secs] [1 CMS-remark: 107768K(107776K)] 122212K(126912K), 0.0169005 secs] [Times: user=0.03 sys=0.00, real=0.01 secs] 
322.141: [CMS-concurrent-sweep-start]
322.194: [CMS-concurrent-sweep: 0.053/0.053 secs] [Times: user=0.06 sys=0.00, real=0.06 secs] 
322.194: [CMS-concurrent-reset-start]
322.195: [CMS-concurrent-reset: 0.000/0.000 secs] [Times: user=0.00 sys=0.00, real=0.00 secs] 
322.818: [GC [1 CMS-initial-mark: 107768K(107776K)] 122315K(126912K), 0.0151069 secs] [Times: user=0.02 sys=0.00, real=0.02 secs] 
322.834: [CMS-concurrent-mark-start]
323.112: [CMS-concurrent-mark: 0.278/0.278 secs] [Times: user=0.29 sys=0.00, real=0.27 secs] 
323.112: [CMS-concurrent-preclean-start]
323.113: [CMS-concurrent-preclean: 0.001/0.001 secs] [Times: user=0.00 sys=0.00, real=0.01 secs] 
323.113: [CMS-concurrent-abortable-preclean-start]
 CMS: abort preclean due to time 328.124: [CMS-concurrent-abortable-preclean: 0.045/5.011 secs] [Times: user=0.13 sys=0.00, real=5.01 secs] 
328.125: [GC[YG occupancy: 15941 K (19136 K)]328.125: [Rescan (parallel) , 0.0205089 secs]328.145: [weak refs processing, 0.0002240 secs] [1 CMS-remark: 107768K(107776K)] 123710K(126912K), 0.0208440 secs] [Times: user=0.07 sys=0.01, real=0.02 secs] 
328.146: [CMS-concurrent-sweep-start]
328.186: [CMS-concurrent-sweep: 0.040/0.040 secs] [Times: user=0.04 sys=0.00, real=0.04 secs] 
328.186: [CMS-concurrent-reset-start]
328.186: [CMS-concurrent-reset: 0.000/0.000 secs] [Times: user=0.00 sys=0.00, real=0.00 secs] 
328.819: [GC [1 CMS-initial-mark: 107768K(107776K)] 123766K(126912K), 0.0164842 secs] [Times: user=0.02 sys=0.00, real=0.02 secs] 
328.836: [CMS-concurrent-mark-start]
329.117: [CMS-concurrent-mark: 0.281/0.281 secs] [Times: user=0.29 sys=0.00, real=0.28 secs] 
329.117: [CMS-concurrent-preclean-start]
329.118: [CMS-concurrent-preclean: 0.001/0.001 secs] [Times: user=0.00 sys=0.00, real=0.00 secs] 
329.118: [CMS-concurrent-abortable-preclean-start]
 CMS: abort preclean due to time 334.127: [CMS-concurrent-abortable-preclean: 0.044/5.008 secs] [Times: user=0.14 sys=0.01, real=5.01 secs] 
334.127: [GC[YG occupancy: 17383 K (19136 K)]334.127: [Rescan (parallel) , 0.0233018 secs]334.151: [weak refs processing, 0.0002424 secs] [1 CMS-remark: 107768K(107776K)] 125152K(126912K), 0.0236875 secs] [Times: user=0.07 sys=0.00, real=0.02 secs] 
334.151: [CMS-concurrent-sweep-start]
334.191: [CMS-concurrent-sweep: 0.040/0.040 secs] [Times: user=0.04 sys=0.00, real=0.04 secs] 
334.191: [CMS-concurrent-reset-start]
334.192: [CMS-concurrent-reset: 0.000/0.000 secs] [Times: user=0.00 sys=0.00, real=0.00 secs] 
334.821: [GC [1 CMS-initial-mark: 107768K(107776K)] 125210K(126912K), 0.0189290 secs] [Times: user=0.02 sys=0.00, real=0.02 secs] 
334.841: [CMS-concurrent-mark-start]
335.114: [CMS-concurrent-mark: 0.273/0.273 secs] [Times: user=0.28 sys=0.00, real=0.28 secs] 
335.114: [CMS-concurrent-preclean-start]
335.116: [CMS-concurrent-preclean: 0.001/0.001 secs] [Times: user=0.00 sys=0.00, real=0.00 secs] 
335.116: [CMS-concurrent-abortable-preclean-start]
 CMS: abort preclean due to time 340.128: [CMS-concurrent-abortable-preclean: 0.043/5.012 secs] [Times: user=0.17 sys=0.01, real=5.01 secs] 
340.128: [GC[YG occupancy: 18861 K (19136 K)]340.128: [Rescan (parallel) , 0.0227198 secs]340.151: [weak refs processing, 0.0002224 secs] [1 CMS-remark: 107768K(107776K)] 126630K(126912K), 0.0230526 secs] [Times: user=0.07 sys=0.01, real=0.02 secs] 
340.151: [CMS-concurrent-sweep-start]
340.192: [CMS-concurrent-sweep: 0.041/0.041 secs] [Times: user=0.04 sys=0.00, real=0.04 secs] 
340.192: [CMS-concurrent-reset-start]
340.192: [CMS-concurrent-reset: 0.000/0.000 secs] [Times: user=0.00 sys=0.00, real=0.01 secs] 
340.822: [GC [1 CMS-initial-mark: 107768K(107776K)] 126688K(126912K), 0.0213385 secs] [Times: user=0.02 sys=0.00, real=0.03 secs] 
340.844: [CMS-concurrent-mark-start]
341.257: [CMS-concurrent-mark: 0.413/0.413 secs] [Times: user=0.41 sys=0.00, real=0.41 secs] 
341.257: [CMS-concurrent-preclean-start]
341.260: [CMS-concurrent-preclean: 0.003/0.003 secs] [Times: user=0.00 sys=0.00, real=0.00 secs] 
341.260: [CMS-concurrent-abortable-preclean-start]
341.820: [GC 341.820: [ParNew: 19135K->19135K(19136K), 0.0000250 secs]341.820: [CMS341.820: [CMS-concurrent-abortable-preclean: 0.003/0.559 secs] [Times: user=0.01 sys=0.00, real=0.56 secs] 
 (concurrent mode failure): 107768K->107775K(107776K), 0.8513516 secs] 126904K->111762K(126912K), [CMS Perm : 15632K->15607K(28412K)], 0.8514907 secs] [Times: user=0.79 sys=0.00, real=0.85 secs] 
342.679: [GC [1 CMS-initial-mark: 107775K(107776K)] 112017K(126912K), 0.0057716 secs] [Times: user=0.01 sys=0.00, real=0.01 secs] 
342.685: [CMS-concurrent-mark-start]
342.776: [Full GC 342.776: [CMS343.166: [CMS-concurrent-mark: 0.476/0.481 secs] [Times: user=0.46 sys=0.01, real=0.48 secs] 
 (concurrent mode interrupted): 107775K->107776K(107776K), 1.1455066 secs] 112198K->109320K(126912K), [CMS Perm : 15609K->15607K(28412K)], 1.1456150 secs] [Times: user=1.08 sys=0.00, real=1.14 secs] 
343.935: [GC [1 CMS-initial-mark: 107776K(107776K)] 109514K(126912K), 0.0033239 secs] [Times: user=0.00 sys=0.00, real=0.00 secs] 
343.938: [CMS-concurrent-mark-start]
344.316: [CMS-concurrent-mark: 0.378/0.378 secs] [Times: user=0.38 sys=0.00, real=0.38 secs] 
344.316: [CMS-concurrent-preclean-start]
344.431: [Full GC 344.431: [CMS344.560: [CMS-concurrent-preclean: 0.244/0.244 secs] [Times: user=0.23 sys=0.01, real=0.24 secs] 
 (concurrent mode interrupted): 107776K->107776K(107776K), 0.7647246 secs] 109780K->109326K(126912K), [CMS Perm : 15608K->15604K(28412K)], 0.7648358 secs] [Times: user=0.73 sys=0.00, real=0.77 secs] 
345.209: [GC [1 CMS-initial-mark: 107776K(107776K)] 109510K(126912K), 0.0034565 secs] [Times: user=0.01 sys=0.00, real=0.01 secs] 
345.213: [CMS-concurrent-mark-start]
345.504: [CMS-concurrent-mark: 0.291/0.291 secs] [Times: user=0.30 sys=0.00, real=0.29 secs] 
345.504: [CMS-concurrent-preclean-start]
345.688: [CMS-concurrent-preclean: 0.184/0.184 secs] [Times: user=0.18 sys=0.00, real=0.18 secs] 
345.688: [GC[YG occupancy: 1876 K (19136 K)]345.688: [Rescan (parallel) , 0.0023789 secs]345.691: [weak refs processing, 0.0003664 secs] [1 CMS-remark: 107776K(107776K)] 109652K(126912K), 0.0028595 secs] [Times: user=0.00 sys=0.00, real=0.00 secs] 
345.691: [CMS-concurrent-sweep-start]
345.745: [CMS-concurrent-sweep: 0.054/0.054 secs] [Times: user=0.06 sys=0.00, real=0.06 secs] 
345.745: [CMS-concurrent-reset-start]
345.746: [CMS-concurrent-reset: 0.001/0.001 secs] [Times: user=0.00 sys=0.00, real=0.00 secs] 
345.846: [GC [1 CMS-initial-mark: 107775K(107776K)] 109778K(126912K), 0.0038934 secs] [Times: user=0.01 sys=0.00, real=0.00 secs] 
345.855: [CMS-concurrent-mark-start]
346.174: [CMS-concurrent-mark: 0.319/0.319 secs] [Times: user=0.32 sys=0.00, real=0.32 secs] 
346.174: [CMS-concurrent-preclean-start]
346.176: [CMS-concurrent-preclean: 0.001/0.001 secs] [Times: user=0.00 sys=0.00, real=0.00 secs] 
346.176: [CMS-concurrent-abortable-preclean-start]
 CMS: abort preclean due to time 351.239: [CMS-concurrent-abortable-preclean: 0.043/5.063 secs] [Times: user=0.13 sys=0.01, real=5.06 secs] 
351.239: [GC[YG occupancy: 3318 K (19136 K)]351.240: [Rescan (parallel) , 0.0063266 secs]351.246: [weak refs processing, 0.0002587 secs] [1 CMS-remark: 107775K(107776K)] 111094K(126912K), 0.0066904 secs] [Times: user=0.03 sys=0.00, real=0.01 secs] 
351.246: [CMS-concurrent-sweep-start]
351.288: [CMS-concurrent-sweep: 0.042/0.042 secs] [Times: user=0.04 sys=0.00, real=0.04 secs] 
351.288: [CMS-concurrent-reset-start]
351.289: [CMS-concurrent-reset: 0.000/0.000 secs] [Times: user=0.00 sys=0.00, real=0.00 secs] 
351.832: [GC [1 CMS-initial-mark: 107775K(107776K)] 111229K(126912K), 0.0042745 secs] [Times: user=0.01 sys=0.00, real=0.01 secs] 
351.836: [CMS-concurrent-mark-start]
352.112: [CMS-concurrent-mark: 0.276/0.276 secs] [Times: user=0.29 sys=0.00, real=0.27 secs] 
352.112: [CMS-concurrent-preclean-start]
352.114: [CMS-concurrent-preclean: 0.001/0.001 secs] [Times: user=0.00 sys=0.00, real=0.01 secs] 
352.114: [CMS-concurrent-abortable-preclean-start]
 CMS: abort preclean due to time 357.139: [CMS-concurrent-abortable-preclean: 0.045/5.025 secs] [Times: user=0.13 sys=0.01, real=5.02 secs] 
357.139: [GC[YG occupancy: 4772 K (19136 K)]357.139: [Rescan (parallel) , 0.0082441 secs]357.148: [weak refs processing, 0.0002623 secs] [1 CMS-remark: 107775K(107776K)] 112547K(126912K), 0.0086257 secs] [Times: user=0.03 sys=0.00, real=0.01 secs] 
357.148: [CMS-concurrent-sweep-start]
357.190: [CMS-concurrent-sweep: 0.042/0.042 secs] [Times: user=0.04 sys=0.00, real=0.04 secs] 
357.190: [CMS-concurrent-reset-start]
357.191: [CMS-concurrent-reset: 0.000/0.000 secs] [Times: user=0.00 sys=0.00, real=0.00 secs] 
357.834: [GC [1 CMS-initial-mark: 107775K(107776K)] 112686K(126912K), 0.0075979 secs] [Times: user=0.01 sys=0.00, real=0.00 secs] 
357.842: [CMS-concurrent-mark-start]
358.119: [CMS-concurrent-mark: 0.277/0.277 secs] [Times: user=0.29 sys=0.00, real=0.28 secs] 
358.119: [CMS-concurrent-preclean-start]
358.121: [CMS-concurrent-preclean: 0.001/0.001 secs] [Times: user=0.00 sys=0.00, real=0.00 secs] 
358.121: [CMS-concurrent-abortable-preclean-start]
 CMS: abort preclean due to time 363.139: [CMS-concurrent-abortable-preclean: 0.046/5.018 secs] [Times: user=0.13 sys=0.01, real=5.02 secs] 
363.139: [GC[YG occupancy: 6231 K (19136 K)]363.139: [Rescan (parallel) , 0.0099973 secs]363.149: [weak refs processing, 0.0002378 secs] [1 CMS-remark: 107775K(107776K)] 114007K(126912K), 0.0103453 secs] [Times: user=0.04 sys=0.00, real=0.01 secs] 
363.150: [CMS-concurrent-sweep-start]
363.190: [CMS-concurrent-sweep: 0.040/0.040 secs] [Times: user=0.04 sys=0.00, real=0.04 secs] 
363.190: [CMS-concurrent-reset-start]
363.191: [CMS-concurrent-reset: 0.000/0.000 secs] [Times: user=0.00 sys=0.00, real=0.00 secs] 
363.835: [GC [1 CMS-initial-mark: 107775K(107776K)] 114257K(126912K), 0.0092985 secs] [Times: user=0.01 sys=0.00, real=0.01 secs] 
363.844: [CMS-concurrent-mark-start]
364.122: [CMS-concurrent-mark: 0.278/0.278 secs] [Times: user=0.29 sys=0.00, real=0.28 secs] 
364.122: [CMS-concurrent-preclean-start]
364.124: [CMS-concurrent-preclean: 0.002/0.002 secs] [Times: user=0.00 sys=0.00, real=0.00 secs] 
364.124: [CMS-concurrent-abortable-preclean-start]
 CMS: abort preclean due to time 369.139: [CMS-concurrent-abortable-preclean: 0.045/5.015 secs] [Times: user=0.13 sys=0.01, real=5.01 secs] 
369.140: [GC[YG occupancy: 7930 K (19136 K)]369.140: [Rescan (parallel) , 0.0136065 secs]369.154: [weak refs processing, 0.0002539 secs] [1 CMS-remark: 107775K(107776K)] 115706K(126912K), 0.0139895 secs] [Times: user=0.04 sys=0.00, real=0.02 secs] 
369.154: [CMS-concurrent-sweep-start]
369.194: [CMS-concurrent-sweep: 0.041/0.041 secs] [Times: user=0.05 sys=0.00, real=0.04 secs] 
369.195: [CMS-concurrent-reset-start]
369.195: [CMS-concurrent-reset: 0.000/0.000 secs] [Times: user=0.00 sys=0.00, real=0.00 secs] 
369.835: [GC [1 CMS-initial-mark: 107775K(107776K)] 115716K(126912K), 0.0105786 secs] [Times: user=0.01 sys=0.00, real=0.01 secs] 
369.845: [CMS-concurrent-mark-start]
370.134: [CMS-concurrent-mark: 0.289/0.289 secs] [Times: user=0.31 sys=0.00, real=0.29 secs] 
370.134: [CMS-concurrent-preclean-start]
370.136: [CMS-concurrent-preclean: 0.001/0.002 secs] [Times: user=0.00 sys=0.00, real=0.00 secs] 
370.136: [CMS-concurrent-abortable-preclean-start]
 CMS: abort preclean due to time 375.140: [CMS-concurrent-abortable-preclean: 0.046/5.004 secs] [Times: user=0.14 sys=0.00, real=5.00 secs] 
375.140: [GC[YG occupancy: 9383 K (19136 K)]375.140: [Rescan (parallel) , 0.0134485 secs]375.154: [weak refs processing, 0.0002332 secs] [1 CMS-remark: 107775K(107776K)] 117159K(126912K), 0.0137977 secs] [Times: user=0.04 sys=0.01, real=0.02 secs] 
375.154: [CMS-concurrent-sweep-start]
375.195: [CMS-concurrent-sweep: 0.041/0.041 secs] [Times: user=0.04 sys=0.00, real=0.04 secs] 
375.195: [CMS-concurrent-reset-start]
375.195: [CMS-concurrent-reset: 0.000/0.000 secs] [Times: user=0.00 sys=0.00, real=0.00 secs] 
375.836: [GC [1 CMS-initial-mark: 107775K(107776K)] 117167K(126912K), 0.0116919 secs] [Times: user=0.02 sys=0.00, real=0.01 secs] 
375.847: [CMS-concurrent-mark-start]
376.168: [CMS-concurrent-mark: 0.321/0.321 secs] [Times: user=0.33 sys=0.00, real=0.32 secs] 
376.168: [CMS-concurrent-preclean-start]
376.170: [CMS-concurrent-preclean: 0.002/0.002 secs] [Times: user=0.00 sys=0.00, real=0.00 secs] 
376.170: [CMS-concurrent-abortable-preclean-start]
 CMS: abort preclean due to time 381.240: [CMS-concurrent-abortable-preclean: 0.043/5.070 secs] [Times: user=0.13 sys=0.01, real=5.07 secs] 
381.241: [GC[YG occupancy: 10836 K (19136 K)]381.241: [Rescan (parallel) , 0.0133500 secs]381.254: [weak refs processing, 0.0003769 secs] [1 CMS-remark: 107775K(107776K)] 118612K(126912K), 0.0138318 secs] [Times: user=0.02 sys=0.00, real=0.02 secs] 
381.255: [CMS-concurrent-sweep-start]
381.303: [CMS-concurrent-sweep: 0.048/0.048 secs] [Times: user=0.05 sys=0.00, real=0.05 secs] 
381.303: [CMS-concurrent-reset-start]
381.304: [CMS-concurrent-reset: 0.000/0.000 secs] [Times: user=0.00 sys=0.00, real=0.00 secs] 
381.837: [GC [1 CMS-initial-mark: 107775K(107776K)] 118622K(126912K), 0.0125253 secs] [Times: user=0.01 sys=0.00, real=0.01 secs] 
381.849: [CMS-concurrent-mark-start]
382.174: [CMS-concurrent-mark: 0.324/0.324 secs] [Times: user=0.34 sys=0.00, real=0.33 secs] 
382.174: [CMS-concurrent-preclean-start]
382.175: [CMS-concurrent-preclean: 0.002/0.002 secs] [Times: user=0.00 sys=0.00, real=0.00 secs] 
382.175: [CMS-concurrent-abortable-preclean-start]
 CMS: abort preclean due to time 387.242: [CMS-concurrent-abortable-preclean: 0.028/5.067 secs] [Times: user=0.15 sys=0.00, real=5.07 secs] 
387.243: [GC[YG occupancy: 12295 K (19136 K)]387.243: [Rescan (parallel) , 0.0138276 secs]387.257: [weak refs processing, 0.0002458 secs] [1 CMS-remark: 107775K(107776K)] 120071K(126912K), 0.0141876 secs] [Times: user=0.03 sys=0.01, real=0.01 secs] 
387.257: [CMS-concurrent-sweep-start]
387.309: [CMS-concurrent-sweep: 0.052/0.052 secs] [Times: user=0.06 sys=0.00, real=0.05 secs] 
387.309: [CMS-concurrent-reset-start]
387.309: [CMS-concurrent-reset: 0.001/0.001 secs] [Times: user=0.00 sys=0.00, real=0.00 secs] 
387.841: [GC [1 CMS-initial-mark: 107775K(107776K)] 120214K(126912K), 0.0131089 secs] [Times: user=0.01 sys=0.00, real=0.02 secs] 
387.854: [CMS-concurrent-mark-start]
388.130: [CMS-concurrent-mark: 0.275/0.275 secs] [Times: user=0.29 sys=0.00, real=0.27 secs] 
388.130: [CMS-concurrent-preclean-start]
388.131: [CMS-concurrent-preclean: 0.001/0.002 secs] [Times: user=0.00 sys=0.00, real=0.00 secs] 
388.131: [CMS-concurrent-abortable-preclean-start]
 CMS: abort preclean due to time 393.149: [CMS-concurrent-abortable-preclean: 0.044/5.018 secs] [Times: user=0.14 sys=0.00, real=5.02 secs] 
393.150: [GC[YG occupancy: 13757 K (19136 K)]393.150: [Rescan (parallel) , 0.0188135 secs]393.169: [weak refs processing, 0.0002171 secs] [1 CMS-remark: 107775K(107776K)] 121533K(126912K), 0.0191368 secs] [Times: user=0.06 sys=0.01, real=0.02 secs] 
393.169: [CMS-concurrent-sweep-start]
393.210: [CMS-concurrent-sweep: 0.040/0.040 secs] [Times: user=0.04 sys=0.00, real=0.04 secs] 
393.210: [CMS-concurrent-reset-start]
393.210: [CMS-concurrent-reset: 0.000/0.000 secs] [Times: user=0.00 sys=0.00, real=0.00 secs] 
393.840: [GC [1 CMS-initial-mark: 107775K(107776K)] 121669K(126912K), 0.0149566 secs] [Times: user=0.02 sys=0.00, real=0.02 secs] 
393.855: [CMS-concurrent-mark-start]
394.133: [CMS-concurrent-mark: 0.279/0.279 secs] [Times: user=0.29 sys=0.00, real=0.28 secs] 
394.134: [CMS-concurrent-preclean-start]
394.135: [CMS-concurrent-preclean: 0.002/0.002 secs] [Times: user=0.00 sys=0.00, real=0.00 secs] 
394.135: [CMS-concurrent-abortable-preclean-start]
 CMS: abort preclean due to time 399.145: [CMS-concurrent-abortable-preclean: 0.042/5.010 secs] [Times: user=0.13 sys=0.01, real=5.01 secs] 
399.146: [GC[YG occupancy: 15336 K (19136 K)]399.146: [Rescan (parallel) , 0.0199856 secs]399.166: [weak refs processing, 0.0002214 secs] [1 CMS-remark: 107775K(107776K)] 123111K(126912K), 0.0203237 secs] [Times: user=0.06 sys=0.00, real=0.02 secs] 
399.166: [CMS-concurrent-sweep-start]
399.207: [CMS-concurrent-sweep: 0.041/0.041 secs] [Times: user=0.04 sys=0.00, real=0.04 secs] 
399.207: [CMS-concurrent-reset-start]
399.207: [CMS-concurrent-reset: 0.000/0.000 secs] [Times: user=0.00 sys=0.00, real=0.00 secs] 
399.841: [GC [1 CMS-initial-mark: 107775K(107776K)] 123122K(126912K), 0.0173914 secs] [Times: user=0.02 sys=0.00, real=0.02 secs] 
399.859: [CMS-concurrent-mark-start]
400.144: [CMS-concurrent-mark: 0.285/0.285 secs] [Times: user=0.29 sys=0.00, real=0.29 secs] 
400.144: [CMS-concurrent-preclean-start]
400.146: [CMS-concurrent-preclean: 0.001/0.001 secs] [Times: user=0.01 sys=0.00, real=0.00 secs] 
400.146: [CMS-concurrent-abortable-preclean-start]
 CMS: abort preclean due to time 405.247: [CMS-concurrent-abortable-preclean: 0.046/5.101 secs] [Times: user=0.13 sys=0.01, real=5.10 secs] 
405.247: [GC[YG occupancy: 16798 K (19136 K)]405.247: [Rescan (parallel) , 0.0218616 secs]405.269: [weak refs processing, 0.0002123 secs] [1 CMS-remark: 107775K(107776K)] 124574K(126912K), 0.0221955 secs] [Times: user=0.07 sys=0.01, real=0.02 secs] 
405.270: [CMS-concurrent-sweep-start]
405.310: [CMS-concurrent-sweep: 0.041/0.041 secs] [Times: user=0.04 sys=0.00, real=0.04 secs] 
405.310: [CMS-concurrent-reset-start]
405.311: [CMS-concurrent-reset: 0.000/0.000 secs] [Times: user=0.00 sys=0.00, real=0.00 secs] 
405.840: [GC [1 CMS-initial-mark: 107775K(107776K)] 124582K(126912K), 0.0185672 secs] [Times: user=0.02 sys=0.00, real=0.02 secs] 
405.859: [CMS-concurrent-mark-start]
406.137: [CMS-concurrent-mark: 0.279/0.279 secs] [Times: user=0.29 sys=0.00, real=0.28 secs] 
406.137: [CMS-concurrent-preclean-start]
406.139: [CMS-concurrent-preclean: 0.001/0.002 secs] [Times: user=0.01 sys=0.00, real=0.00 secs] 
406.139: [CMS-concurrent-abortable-preclean-start]
 CMS: abort preclean due to time 411.147: [CMS-concurrent-abortable-preclean: 0.045/5.008 secs] [Times: user=0.14 sys=0.00, real=5.01 secs] 
411.148: [GC[YG occupancy: 18183 K (19136 K)]411.148: [Rescan (parallel) , 0.0229485 secs]411.171: [weak refs processing, 0.0002202 secs] [1 CMS-remark: 107775K(107776K)] 125959K(126912K), 0.0232794 secs] [Times: user=0.07 sys=0.00, real=0.02 secs] 
411.171: [CMS-concurrent-sweep-start]
411.212: [CMS-concurrent-sweep: 0.041/0.041 secs] [Times: user=0.04 sys=0.00, real=0.04 secs] 
411.212: [CMS-concurrent-reset-start]
411.213: [CMS-concurrent-reset: 0.000/0.000 secs] [Times: user=0.00 sys=0.00, real=0.01 secs] 
411.839: [GC [1 CMS-initial-mark: 107775K(107776K)] 126017K(126912K), 0.0171750 secs] [Times: user=0.02 sys=0.00, real=0.02 secs] 
411.856: [CMS-concurrent-mark-start]
412.137: [CMS-concurrent-mark: 0.281/0.281 secs] [Times: user=0.29 sys=0.00, real=0.28 secs] 
412.137: [CMS-concurrent-preclean-start]
412.138: [CMS-concurrent-preclean: 0.001/0.002 secs] [Times: user=0.00 sys=0.00, real=0.00 secs] 
412.138: [CMS-concurrent-abortable-preclean-start]
414.954: [GC 414.954: [ParNew: 19135K->19135K(19136K), 0.0000212 secs]414.954: [CMS414.954: [CMS-concurrent-abortable-preclean: 0.025/2.816 secs] [Times: user=0.09 sys=0.01, real=2.82 secs] 
 (concurrent mode failure): 107775K->107775K(107776K), 0.5236719 secs] 126911K->111859K(126912K), [CMS Perm : 15612K->15606K(28412K)], 0.5238040 secs] [Times: user=0.52 sys=0.00, real=0.52 secs] 
415.578: [Full GC 415.578: [CMS: 107775K->107775K(107776K), 0.4703238 secs] 112069K->109270K(126912K), [CMS Perm : 15606K->15606K(28412K)], 0.4704223 secs] [Times: user=0.47 sys=0.00, real=0.47 secs] 
416.050: [GC [1 CMS-initial-mark: 107775K(107776K)] 109327K(126912K), 0.0023220 secs] [Times: user=0.00 sys=0.00, real=0.01 secs] 
416.053: [CMS-concurrent-mark-start]
416.335: [CMS-concurrent-mark: 0.282/0.283 secs] [Times: user=0.30 sys=0.01, real=0.28 secs] 
416.335: [CMS-concurrent-preclean-start]
416.498: [CMS-concurrent-preclean: 0.163/0.163 secs] [Times: user=0.17 sys=0.00, real=0.16 secs] 
416.499: [GC[YG occupancy: 2016 K (19136 K)]416.499: [Rescan (parallel) , 0.0020336 secs]416.501: [weak refs processing, 0.0002038 secs] [1 CMS-remark: 107775K(107776K)] 109792K(126912K), 0.0023147 secs] [Times: user=0.00 sys=0.00, real=0.00 secs] 
416.501: [CMS-concurrent-sweep-start]
416.542: [CMS-concurrent-sweep: 0.040/0.040 secs] [Times: user=0.05 sys=0.00, real=0.04 secs] 
416.542: [CMS-concurrent-reset-start]
416.542: [CMS-concurrent-reset: 0.000/0.000 secs] [Times: user=0.00 sys=0.00, real=0.01 secs] 
416.841: [GC [1 CMS-initial-mark: 107775K(107776K)] 109849K(126912K), 0.0036880 secs] [Times: user=0.00 sys=0.00, real=0.01 secs] 
416.845: [CMS-concurrent-mark-start]
417.124: [CMS-concurrent-mark: 0.279/0.279 secs] [Times: user=0.30 sys=0.00, real=0.28 secs] 
417.124: [CMS-concurrent-preclean-start]
417.126: [CMS-concurrent-preclean: 0.001/0.001 secs] [Times: user=0.00 sys=0.00, real=0.00 secs] 
417.126: [CMS-concurrent-abortable-preclean-start]
 CMS: abort preclean due to time 422.146: [CMS-concurrent-abortable-preclean: 0.045/5.020 secs] [Times: user=0.13 sys=0.01, real=5.02 secs] 
422.146: [GC[YG occupancy: 3532 K (19136 K)]422.146: [Rescan (parallel) , 0.0058009 secs]422.152: [weak refs processing, 0.0002590 secs] [1 CMS-remark: 107775K(107776K)] 111308K(126912K), 0.0061766 secs] [Times: user=0.02 sys=0.00, real=0.01 secs] 
422.153: [CMS-concurrent-sweep-start]
422.195: [CMS-concurrent-sweep: 0.043/0.043 secs] [Times: user=0.05 sys=0.00, real=0.04 secs] 
422.195: [CMS-concurrent-reset-start]
422.196: [CMS-concurrent-reset: 0.000/0.000 secs] [Times: user=0.00 sys=0.00, real=0.00 secs] 
422.842: [GC [1 CMS-initial-mark: 107775K(107776K)] 111317K(126912K), 0.0058067 secs] [Times: user=0.01 sys=0.00, real=0.01 secs] 
422.848: [CMS-concurrent-mark-start]
423.126: [CMS-concurrent-mark: 0.278/0.278 secs] [Times: user=0.29 sys=0.00, real=0.28 secs] 
423.126: [CMS-concurrent-preclean-start]
423.127: [CMS-concurrent-preclean: 0.001/0.002 secs] [Times: user=0.00 sys=0.00, real=0.00 secs] 
423.127: [CMS-concurrent-abortable-preclean-start]
 CMS: abort preclean due to time 428.149: [CMS-concurrent-abortable-preclean: 0.046/5.022 secs] [Times: user=0.14 sys=0.01, real=5.02 secs] 
428.150: [GC[YG occupancy: 5172 K (19136 K)]428.150: [Rescan (parallel) , 0.0072133 secs]428.157: [weak refs processing, 0.0002408 secs] [1 CMS-remark: 107775K(107776K)] 112948K(126912K), 0.0075524 secs] [Times: user=0.02 sys=0.00, real=0.01 secs] 
428.157: [CMS-concurrent-sweep-start]
428.199: [CMS-concurrent-sweep: 0.041/0.041 secs] [Times: user=0.04 sys=0.00, real=0.04 secs] 
428.199: [CMS-concurrent-reset-start]
428.199: [CMS-concurrent-reset: 0.000/0.000 secs] [Times: user=0.01 sys=0.00, real=0.00 secs] 
428.844: [GC [1 CMS-initial-mark: 107775K(107776K)] 112958K(126912K), 0.0070421 secs] [Times: user=0.01 sys=0.00, real=0.00 secs] 
428.851: [CMS-concurrent-mark-start]
429.127: [CMS-concurrent-mark: 0.276/0.276 secs] [Times: user=0.29 sys=0.00, real=0.28 secs] 
429.127: [CMS-concurrent-preclean-start]
429.128: [CMS-concurrent-preclean: 0.001/0.001 secs] [Times: user=0.00 sys=0.00, real=0.00 secs] 
429.128: [CMS-concurrent-abortable-preclean-start]
 CMS: abort preclean due to time 434.149: [CMS-concurrent-abortable-preclean: 0.046/5.020 secs] [Times: user=0.15 sys=0.01, real=5.02 secs] 
434.149: [GC[YG occupancy: 6538 K (19136 K)]434.149: [Rescan (parallel) , 0.0100844 secs]434.160: [weak refs processing, 0.0002629 secs] [1 CMS-remark: 107775K(107776K)] 114314K(126912K), 0.0104660 secs] [Times: user=0.04 sys=0.00, real=0.01 secs] 
434.160: [CMS-concurrent-sweep-start]
434.201: [CMS-concurrent-sweep: 0.041/0.041 secs] [Times: user=0.04 sys=0.00, real=0.04 secs] 
434.201: [CMS-concurrent-reset-start]
434.201: [CMS-concurrent-reset: 0.000/0.000 secs] [Times: user=0.00 sys=0.00, real=0.00 secs] 
434.844: [GC [1 CMS-initial-mark: 107775K(107776K)] 114509K(126912K), 0.0086413 secs] [Times: user=0.01 sys=0.00, real=0.01 secs] 
434.853: [CMS-concurrent-mark-start]
435.127: [CMS-concurrent-mark: 0.274/0.274 secs] [Times: user=0.29 sys=0.00, real=0.27 secs] 
435.127: [CMS-concurrent-preclean-start]
435.128: [CMS-concurrent-preclean: 0.001/0.001 secs] [Times: user=0.00 sys=0.00, real=0.00 secs] 
435.128: [CMS-concurrent-abortable-preclean-start]
 CMS: abort preclean due to time 440.149: [CMS-concurrent-abortable-preclean: 0.046/5.021 secs] [Times: user=0.14 sys=0.01, real=5.02 secs] 
440.149: [GC[YG occupancy: 8077 K (19136 K)]440.149: [Rescan (parallel) , 0.0128873 secs]440.162: [weak refs processing, 0.0002160 secs] [1 CMS-remark: 107775K(107776K)] 115853K(126912K), 0.0132234 secs] [Times: user=0.04 sys=0.00, real=0.02 secs] 
440.163: [CMS-concurrent-sweep-start]
440.204: [CMS-concurrent-sweep: 0.041/0.041 secs] [Times: user=0.04 sys=0.00, real=0.04 secs] 
440.204: [CMS-concurrent-reset-start]
440.204: [CMS-concurrent-reset: 0.000/0.000 secs] [Times: user=0.00 sys=0.00, real=0.00 secs] 
440.844: [GC [1 CMS-initial-mark: 107775K(107776K)] 115862K(126912K), 0.0095284 secs] [Times: user=0.01 sys=0.00, real=0.01 secs] 
440.853: [CMS-concurrent-mark-start]
441.133: [CMS-concurrent-mark: 0.280/0.280 secs] [Times: user=0.29 sys=0.00, real=0.28 secs] 
441.133: [CMS-concurrent-preclean-start]
441.135: [CMS-concurrent-preclean: 0.001/0.002 secs] [Times: user=0.01 sys=0.00, real=0.00 secs] 
441.135: [CMS-concurrent-abortable-preclean-start]
 CMS: abort preclean due to time 446.150: [CMS-concurrent-abortable-preclean: 0.046/5.016 secs] [Times: user=0.13 sys=0.01, real=5.01 secs] 
446.151: [GC[YG occupancy: 9616 K (19136 K)]446.151: [Rescan (parallel) , 0.0142985 secs]446.165: [weak refs processing, 0.0002143 secs] [1 CMS-remark: 107775K(107776K)] 117392K(126912K), 0.0146297 secs] [Times: user=0.05 sys=0.00, real=0.02 secs] 
446.166: [CMS-concurrent-sweep-start]
446.206: [CMS-concurrent-sweep: 0.041/0.041 secs] [Times: user=0.04 sys=0.00, real=0.04 secs] 
446.206: [CMS-concurrent-reset-start]
446.207: [CMS-concurrent-reset: 0.000/0.000 secs] [Times: user=0.00 sys=0.00, real=0.00 secs] 
446.847: [GC [1 CMS-initial-mark: 107775K(107776K)] 117402K(126912K), 0.0119658 secs] [Times: user=0.01 sys=0.00, real=0.01 secs] 
446.859: [CMS-concurrent-mark-start]
447.134: [CMS-concurrent-mark: 0.274/0.274 secs] [Times: user=0.28 sys=0.00, real=0.28 secs] 
447.134: [CMS-concurrent-preclean-start]
447.135: [CMS-concurrent-preclean: 0.001/0.001 secs] [Times: user=0.01 sys=0.00, real=0.00 secs] 
447.135: [CMS-concurrent-abortable-preclean-start]
 CMS: abort preclean due to time 452.147: [CMS-concurrent-abortable-preclean: 0.060/5.012 secs] [Times: user=0.34 sys=0.02, real=5.01 secs] 
452.148: [GC[YG occupancy: 12923 K (19136 K)]452.148: [Rescan (parallel) , 0.0137089 secs]452.162: [weak refs processing, 0.0003501 secs] [1 CMS-remark: 107775K(107776K)] 120699K(126912K), 0.0141693 secs] [Times: user=0.04 sys=0.00, real=0.01 secs] 
452.162: [CMS-concurrent-sweep-start]
452.216: [CMS-concurrent-sweep: 0.054/0.054 secs] [Times: user=0.05 sys=0.00, real=0.06 secs] 
452.216: [CMS-concurrent-reset-start]
452.216: [CMS-concurrent-reset: 0.001/0.001 secs] [Times: user=0.00 sys=0.00, real=0.00 secs] 
452.847: [GC [1 CMS-initial-mark: 107775K(107776K)] 120708K(126912K), 0.0140393 secs] [Times: user=0.01 sys=0.00, real=0.01 secs] 
452.861: [CMS-concurrent-mark-start]
453.149: [CMS-concurrent-mark: 0.288/0.288 secs] [Times: user=0.30 sys=0.00, real=0.29 secs] 
453.150: [CMS-concurrent-preclean-start]
453.151: [CMS-concurrent-preclean: 0.001/0.002 secs] [Times: user=0.00 sys=0.00, real=0.00 secs] 
453.151: [CMS-concurrent-abortable-preclean-start]
 CMS: abort preclean due to time 458.155: [CMS-concurrent-abortable-preclean: 0.046/5.004 secs] [Times: user=0.18 sys=0.01, real=5.01 secs] 
458.155: [GC[YG occupancy: 14283 K (19136 K)]458.155: [Rescan (parallel) , 0.0183323 secs]458.174: [weak refs processing, 0.0002245 secs] [1 CMS-remark: 107775K(107776K)] 122058K(126912K), 0.0186628 secs] [Times: user=0.06 sys=0.01, real=0.02 secs] 
458.174: [CMS-concurrent-sweep-start]
458.215: [CMS-concurrent-sweep: 0.041/0.041 secs] [Times: user=0.04 sys=0.00, real=0.04 secs] 
458.215: [CMS-concurrent-reset-start]
458.216: [CMS-concurrent-reset: 0.000/0.000 secs] [Times: user=0.00 sys=0.00, real=0.00 secs] 
458.847: [GC [1 CMS-initial-mark: 107769K(107776K)] 122246K(126912K), 0.0130008 secs] [Times: user=0.02 sys=0.00, real=0.01 secs] 
458.861: [CMS-concurrent-mark-start]
459.140: [CMS-concurrent-mark: 0.279/0.279 secs] [Times: user=0.29 sys=0.00, real=0.28 secs] 
459.140: [CMS-concurrent-preclean-start]
459.141: [CMS-concurrent-preclean: 0.001/0.001 secs] [Times: user=0.00 sys=0.00, real=0.00 secs] 
459.141: [CMS-concurrent-abortable-preclean-start]
 CMS: abort preclean due to time 464.153: [CMS-concurrent-abortable-preclean: 0.044/5.012 secs] [Times: user=0.16 sys=0.00, real=5.02 secs] 
464.154: [GC[YG occupancy: 15831 K (19136 K)]464.154: [Rescan (parallel) , 0.0201490 secs]464.174: [weak refs processing, 0.0002298 secs] [1 CMS-remark: 107769K(107776K)] 123601K(126912K), 0.0204864 secs] [Times: user=0.06 sys=0.01, real=0.02 secs] 
464.174: [CMS-concurrent-sweep-start]
464.216: [CMS-concurrent-sweep: 0.041/0.041 secs] [Times: user=0.04 sys=0.00, real=0.04 secs] 
464.216: [CMS-concurrent-reset-start]
464.216: [CMS-concurrent-reset: 0.000/0.000 secs] [Times: user=0.00 sys=0.00, real=0.00 secs] 
464.849: [GC [1 CMS-initial-mark: 107769K(107776K)] 123610K(126912K), 0.0171161 secs] [Times: user=0.02 sys=0.00, real=0.02 secs] 
464.866: [CMS-concurrent-mark-start]
465.151: [CMS-concurrent-mark: 0.285/0.285 secs] [Times: user=0.36 sys=0.00, real=0.28 secs] 
465.151: [CMS-concurrent-preclean-start]
465.153: [CMS-concurrent-preclean: 0.001/0.001 secs] [Times: user=0.00 sys=0.00, real=0.01 secs] 
465.153: [CMS-concurrent-abortable-preclean-start]
 CMS: abort preclean due to time 470.254: [CMS-concurrent-abortable-preclean: 0.045/5.101 secs] [Times: user=0.16 sys=0.01, real=5.10 secs] 
470.254: [GC[YG occupancy: 17228 K (19136 K)]470.254: [Rescan (parallel) , 0.0177856 secs]470.272: [weak refs processing, 0.0002277 secs] [1 CMS-remark: 107769K(107776K)] 124997K(126912K), 0.0181087 secs] [Times: user=0.05 sys=0.00, real=0.01 secs] 
470.272: [CMS-concurrent-sweep-start]
470.313: [CMS-concurrent-sweep: 0.041/0.041 secs] [Times: user=0.04 sys=0.00, real=0.05 secs] 
470.313: [CMS-concurrent-reset-start]
470.313: [CMS-concurrent-reset: 0.000/0.000 secs] [Times: user=0.00 sys=0.00, real=0.00 secs] 
470.849: [GC [1 CMS-initial-mark: 107769K(107776K)] 125049K(126912K), 0.0174323 secs] [Times: user=0.02 sys=0.00, real=0.02 secs] 
470.867: [CMS-concurrent-mark-start]
471.143: [CMS-concurrent-mark: 0.277/0.277 secs] [Times: user=0.29 sys=0.01, real=0.28 secs] 
471.143: [CMS-concurrent-preclean-start]
471.145: [CMS-concurrent-preclean: 0.001/0.002 secs] [Times: user=0.00 sys=0.00, real=0.00 secs] 
471.145: [CMS-concurrent-abortable-preclean-start]
 CMS: abort preclean due to time 476.153: [CMS-concurrent-abortable-preclean: 0.046/5.008 secs] [Times: user=0.16 sys=0.00, real=5.01 secs] 
476.154: [GC[YG occupancy: 18700 K (19136 K)]476.154: [Rescan (parallel) , 0.0223895 secs]476.176: [weak refs processing, 0.0002565 secs] [1 CMS-remark: 107769K(107776K)] 126470K(126912K), 0.0227904 secs] [Times: user=0.07 sys=0.01, real=0.02 secs] 
476.176: [CMS-concurrent-sweep-start]
476.218: [CMS-concurrent-sweep: 0.041/0.041 secs] [Times: user=0.04 sys=0.00, real=0.04 secs] 
476.218: [CMS-concurrent-reset-start]
476.218: [CMS-concurrent-reset: 0.001/0.001 secs] [Times: user=0.00 sys=0.00, real=0.00 secs] 
476.849: [GC [1 CMS-initial-mark: 107769K(107776K)] 126529K(126912K), 0.0193792 secs] [Times: user=0.02 sys=0.00, real=0.02 secs] 
476.868: [CMS-concurrent-mark-start]
477.166: [CMS-concurrent-mark: 0.298/0.298 secs] [Times: user=0.30 sys=0.00, real=0.30 secs] 
477.166: [CMS-concurrent-preclean-start]
477.168: [CMS-concurrent-preclean: 0.001/0.002 secs] [Times: user=0.01 sys=0.00, real=0.00 secs] 
477.168: [CMS-concurrent-abortable-preclean-start]
477.862: [GC 477.862: [ParNew: 19133K->19133K(19136K), 0.0000172 secs]477.862: [CMS477.862: [CMS-concurrent-abortable-preclean: 0.007/0.694 secs] [Times: user=0.03 sys=0.00, real=0.69 secs] 
 (concurrent mode failure): 107769K->107775K(107776K), 0.5692125 secs] 126902K->111778K(126912K), [CMS Perm : 15954K->15784K(28412K)], 0.5693368 secs] [Times: user=0.58 sys=0.00, real=0.57 secs] 
478.633: [Full GC 478.633: [CMS: 107775K->107775K(107776K), 0.4751000 secs] 112140K->109351K(126912K), [CMS Perm : 15784K->15783K(28412K)], 0.4752272 secs] [Times: user=0.48 sys=0.00, real=0.47 secs] 
479.108: [GC [1 CMS-initial-mark: 107775K(107776K)] 109351K(126912K), 0.0023253 secs] [Times: user=0.00 sys=0.00, real=0.00 secs] 
479.111: [CMS-concurrent-mark-start]
479.389: [CMS-concurrent-mark: 0.278/0.279 secs] [Times: user=0.30 sys=0.00, real=0.28 secs] 
479.389: [CMS-concurrent-preclean-start]
479.552: [CMS-concurrent-preclean: 0.163/0.163 secs] [Times: user=0.16 sys=0.00, real=0.16 secs] 
479.552: [GC[YG occupancy: 2029 K (19136 K)]479.552: [Rescan (parallel) , 0.0020064 secs]479.554: [weak refs processing, 0.0002177 secs] [1 CMS-remark: 107775K(107776K)] 109805K(126912K), 0.0023039 secs] [Times: user=0.01 sys=0.00, real=0.00 secs] 
479.555: [CMS-concurrent-sweep-start]
479.596: [CMS-concurrent-sweep: 0.041/0.041 secs] [Times: user=0.04 sys=0.00, real=0.04 secs] 
479.596: [CMS-concurrent-reset-start]
479.596: [CMS-concurrent-reset: 0.001/0.001 secs] [Times: user=0.00 sys=0.00, real=0.00 secs] 
479.663: [Full GC 479.663: [CMS: 107775K->107775K(107776K), 0.4713359 secs] 109872K->109370K(126912K), [CMS Perm : 15784K->15779K(28412K)], 0.4714369 secs] [Times: user=0.47 sys=0.00, real=0.47 secs] 
480.135: [GC [1 CMS-initial-mark: 107775K(107776K)] 109370K(126912K), 0.0022815 secs] [Times: user=0.00 sys=0.00, real=0.00 secs] 
480.137: [CMS-concurrent-mark-start]
480.429: [CMS-concurrent-mark: 0.292/0.292 secs] [Times: user=0.33 sys=0.00, real=0.29 secs] 
480.429: [CMS-concurrent-preclean-start]
480.591: [CMS-concurrent-preclean: 0.162/0.162 secs] [Times: user=0.16 sys=0.00, real=0.16 secs] 
480.592: [GC[YG occupancy: 1886 K (19136 K)]480.592: [Rescan (parallel) , 0.0021360 secs]480.594: [weak refs processing, 0.0002115 secs] [1 CMS-remark: 107775K(107776K)] 109662K(126912K), 0.0024353 secs] [Times: user=0.01 sys=0.00, real=0.01 secs] 
480.594: [CMS-concurrent-sweep-start]
480.635: [CMS-concurrent-sweep: 0.041/0.041 secs] [Times: user=0.04 sys=0.00, real=0.04 secs] 
480.635: [CMS-concurrent-reset-start]
480.636: [CMS-concurrent-reset: 0.001/0.001 secs] [Times: user=0.00 sys=0.00, real=0.00 secs] 
480.642: [Full GC 480.642: [CMS: 107775K->107775K(107776K), 0.4715371 secs] 109662K->109369K(126912K), [CMS Perm : 15781K->15776K(28412K)], 0.4716337 secs] [Times: user=0.47 sys=0.00, real=0.48 secs] 
481.114: [GC [1 CMS-initial-mark: 107775K(107776K)] 109391K(126912K), 0.0023841 secs] [Times: user=0.01 sys=0.00, real=0.00 secs] 
481.116: [CMS-concurrent-mark-start]
481.393: [CMS-concurrent-mark: 0.276/0.277 secs] [Times: user=0.29 sys=0.00, real=0.28 secs] 
481.393: [CMS-concurrent-preclean-start]
481.559: [CMS-concurrent-preclean: 0.166/0.166 secs] [Times: user=0.16 sys=0.00, real=0.16 secs] 
481.560: [GC[YG occupancy: 1876 K (19136 K)]481.560: [Rescan (parallel) , 0.0019449 secs]481.562: [weak refs processing, 0.0002111 secs] [1 CMS-remark: 107775K(107776K)] 109652K(126912K), 0.0022299 secs] [Times: user=0.01 sys=0.00, real=0.00 secs] 
481.562: [CMS-concurrent-sweep-start]
481.602: [CMS-concurrent-sweep: 0.040/0.040 secs] [Times: user=0.04 sys=0.00, real=0.04 secs] 
481.602: [CMS-concurrent-reset-start]
481.603: [CMS-concurrent-reset: 0.000/0.000 secs] [Times: user=0.00 sys=0.00, real=0.01 secs] 
481.624: [Full GC 481.624: [CMS: 107775K->107775K(107776K), 0.4715262 secs] 109653K->109367K(126912K), [CMS Perm : 15777K->15772K(28412K)], 0.4716207 secs] [Times: user=0.47 sys=0.00, real=0.47 secs] 
482.096: [GC [1 CMS-initial-mark: 107775K(107776K)] 109367K(126912K), 0.0022861 secs] [Times: user=0.01 sys=0.00, real=0.00 secs] 
482.098: [CMS-concurrent-mark-start]
482.376: [CMS-concurrent-mark: 0.277/0.278 secs] [Times: user=0.29 sys=0.00, real=0.28 secs] 
482.376: [CMS-concurrent-preclean-start]
482.540: [CMS-concurrent-preclean: 0.165/0.165 secs] [Times: user=0.17 sys=0.00, real=0.16 secs] 
482.541: [GC[YG occupancy: 1881 K (19136 K)]482.541: [Rescan (parallel) , 0.0019840 secs]482.543: [weak refs processing, 0.0002141 secs] [1 CMS-remark: 107775K(107776K)] 109657K(126912K), 0.0022692 secs] [Times: user=0.00 sys=0.00, real=0.01 secs] 
482.543: [CMS-concurrent-sweep-start]
482.584: [CMS-concurrent-sweep: 0.041/0.041 secs] [Times: user=0.04 sys=0.00, real=0.04 secs] 
482.584: [CMS-concurrent-reset-start]
482.584: [CMS-concurrent-reset: 0.001/0.001 secs] [Times: user=0.01 sys=0.00, real=0.00 secs] 
482.603: [Full GC 482.603: [CMS: 107775K->107775K(107776K), 0.4963000 secs] 109657K->109367K(126912K), [CMS Perm : 15774K->15769K(28412K)], 0.4963974 secs] [Times: user=0.49 sys=0.00, real=0.49 secs] 
483.100: [GC [1 CMS-initial-mark: 107775K(107776K)] 109404K(126912K), 0.0023713 secs] [Times: user=0.00 sys=0.00, real=0.01 secs] 
483.103: [CMS-concurrent-mark-start]
483.377: [CMS-concurrent-mark: 0.274/0.274 secs] [Times: user=0.29 sys=0.00, real=0.27 secs] 
483.377: [CMS-concurrent-preclean-start]
483.539: [CMS-concurrent-preclean: 0.162/0.162 secs] [Times: user=0.17 sys=0.00, real=0.16 secs] 
483.539: [CMS-concurrent-abortable-preclean-start]
483.539: [CMS-concurrent-abortable-preclean: 0.000/0.000 secs] [Times: user=0.00 sys=0.00, real=0.00 secs] 
483.539: [GC[YG occupancy: 2051 K (19136 K)]483.539: [Rescan (parallel) , 0.0022577 secs]483.542: [weak refs processing, 0.0002223 secs] [1 CMS-remark: 107775K(107776K)] 109827K(126912K), 0.0025726 secs] [Times: user=0.01 sys=0.00, real=0.00 secs] 
483.542: [CMS-concurrent-sweep-start]
483.585: [CMS-concurrent-sweep: 0.043/0.043 secs] [Times: user=0.04 sys=0.00, real=0.05 secs] 
483.585: [CMS-concurrent-reset-start]
483.585: [CMS-concurrent-reset: 0.000/0.000 secs] [Times: user=0.00 sys=0.00, real=0.00 secs] 
483.608: [Full GC 483.608: [CMS: 107775K->107775K(107776K), 0.4718328 secs] 109827K->109398K(126912K), [CMS Perm : 15776K->15771K(28412K)], 0.4719299 secs] [Times: user=0.47 sys=0.00, real=0.47 secs] 
484.080: [GC [1 CMS-initial-mark: 107775K(107776K)] 109689K(126912K), 0.0025939 secs] [Times: user=0.01 sys=0.00, real=0.01 secs] 
484.083: [CMS-concurrent-mark-start]
484.359: [CMS-concurrent-mark: 0.277/0.277 secs] [Times: user=0.34 sys=0.00, real=0.27 secs] 
484.359: [CMS-concurrent-preclean-start]
484.519: [CMS-concurrent-preclean: 0.159/0.159 secs] [Times: user=0.16 sys=0.00, real=0.16 secs] 
484.519: [GC[YG occupancy: 1925 K (19136 K)]484.519: [Rescan (parallel) , 0.0021146 secs]484.521: [weak refs processing, 0.0002152 secs] [1 CMS-remark: 107775K(107776K)] 109701K(126912K), 0.0024110 secs] [Times: user=0.00 sys=0.00, real=0.00 secs] 
484.522: [CMS-concurrent-sweep-start]
484.562: [CMS-concurrent-sweep: 0.040/0.040 secs] [Times: user=0.04 sys=0.00, real=0.04 secs] 
484.562: [CMS-concurrent-reset-start]
484.562: [CMS-concurrent-reset: 0.000/0.000 secs] [Times: user=0.00 sys=0.00, real=0.00 secs] 
484.850: [GC [1 CMS-initial-mark: 107775K(107776K)] 109924K(126912K), 0.0042389 secs] [Times: user=0.00 sys=0.00, real=0.01 secs] 
484.854: [CMS-concurrent-mark-start]
485.130: [CMS-concurrent-mark: 0.276/0.276 secs] [Times: user=0.29 sys=0.01, real=0.27 secs] 
485.130: [CMS-concurrent-preclean-start]
485.132: [CMS-concurrent-preclean: 0.001/0.001 secs] [Times: user=0.01 sys=0.00, real=0.00 secs] 
485.132: [CMS-concurrent-abortable-preclean-start]
 CMS: abort preclean due to time 490.155: [CMS-concurrent-abortable-preclean: 0.046/5.023 secs] [Times: user=0.14 sys=0.00, real=5.03 secs] 
490.155: [GC[YG occupancy: 3554 K (19136 K)]490.155: [Rescan (parallel) , 0.0063463 secs]490.162: [weak refs processing, 0.0002687 secs] [1 CMS-remark: 107775K(107776K)] 111329K(126912K), 0.0067287 secs] [Times: user=0.02 sys=0.00, real=0.00 secs] 
490.162: [CMS-concurrent-sweep-start]
490.203: [CMS-concurrent-sweep: 0.041/0.041 secs] [Times: user=0.04 sys=0.00, real=0.05 secs] 
490.203: [CMS-concurrent-reset-start]
490.204: [CMS-concurrent-reset: 0.000/0.000 secs] [Times: user=0.00 sys=0.00, real=0.00 secs] 
490.850: [GC [1 CMS-initial-mark: 107775K(107776K)] 111339K(126912K), 0.0058332 secs] [Times: user=0.01 sys=0.00, real=0.01 secs] 
490.856: [CMS-concurrent-mark-start]
491.136: [CMS-concurrent-mark: 0.280/0.280 secs] [Times: user=0.29 sys=0.00, real=0.28 secs] 
491.136: [CMS-concurrent-preclean-start]
491.137: [CMS-concurrent-preclean: 0.001/0.001 secs] [Times: user=0.01 sys=0.00, real=0.00 secs] 
491.137: [CMS-concurrent-abortable-preclean-start]
 CMS: abort preclean due to time 496.155: [CMS-concurrent-abortable-preclean: 0.045/5.018 secs] [Times: user=0.13 sys=0.00, real=5.02 secs] 
496.155: [GC[YG occupancy: 4950 K (19136 K)]496.155: [Rescan (parallel) , 0.0082421 secs]496.164: [weak refs processing, 0.0002715 secs] [1 CMS-remark: 107775K(107776K)] 112726K(126912K), 0.0086253 secs] [Times: user=0.02 sys=0.00, real=0.01 secs] 
496.164: [CMS-concurrent-sweep-start]
496.206: [CMS-concurrent-sweep: 0.041/0.041 secs] [Times: user=0.05 sys=0.00, real=0.04 secs] 
496.206: [CMS-concurrent-reset-start]
496.206: [CMS-concurrent-reset: 0.000/0.000 secs] [Times: user=0.00 sys=0.00, real=0.00 secs] 
496.851: [GC [1 CMS-initial-mark: 107775K(107776K)] 112958K(126912K), 0.0069000 secs] [Times: user=0.01 sys=0.00, real=0.01 secs] 
496.858: [CMS-concurrent-mark-start]
497.132: [CMS-concurrent-mark: 0.274/0.274 secs] [Times: user=0.28 sys=0.00, real=0.27 secs] 
497.132: [CMS-concurrent-preclean-start]
497.134: [CMS-concurrent-preclean: 0.001/0.002 secs] [Times: user=0.00 sys=0.00, real=0.01 secs] 
497.134: [CMS-concurrent-abortable-preclean-start]
 CMS: abort preclean due to time 502.156: [CMS-concurrent-abortable-preclean: 0.047/5.023 secs] [Times: user=0.15 sys=0.00, real=5.02 secs] 
502.157: [GC[YG occupancy: 6571 K (19136 K)]502.157: [Rescan (parallel) , 0.0106612 secs]502.168: [weak refs processing, 0.0002464 secs] [1 CMS-remark: 107775K(107776K)] 114346K(126912K), 0.0110196 secs] [Times: user=0.03 sys=0.01, real=0.01 secs] 
502.168: [CMS-concurrent-sweep-start]
502.209: [CMS-concurrent-sweep: 0.041/0.041 secs] [Times: user=0.04 sys=0.00, real=0.04 secs] 
502.209: [CMS-concurrent-reset-start]
502.210: [CMS-concurrent-reset: 0.001/0.001 secs] [Times: user=0.00 sys=0.00, real=0.00 secs] 
502.851: [GC [1 CMS-initial-mark: 107775K(107776K)] 114356K(126912K), 0.0084780 secs] [Times: user=0.01 sys=0.00, real=0.01 secs] 
502.860: [CMS-concurrent-mark-start]
503.133: [CMS-concurrent-mark: 0.273/0.273 secs] [Times: user=0.28 sys=0.00, real=0.28 secs] 
503.133: [CMS-concurrent-preclean-start]
503.134: [CMS-concurrent-preclean: 0.001/0.002 secs] [Times: user=0.00 sys=0.00, real=0.00 secs] 
503.134: [CMS-concurrent-abortable-preclean-start]
 CMS: abort preclean due to time 508.157: [CMS-concurrent-abortable-preclean: 0.044/5.022 secs] [Times: user=0.13 sys=0.00, real=5.02 secs] 
508.157: [GC[YG occupancy: 7969 K (19136 K)]508.157: [Rescan (parallel) , 0.0133147 secs]508.171: [weak refs processing, 0.0002264 secs] [1 CMS-remark: 107775K(107776K)] 115744K(126912K), 0.0136675 secs] [Times: user=0.04 sys=0.01, real=0.01 secs] 
508.171: [CMS-concurrent-sweep-start]
508.212: [CMS-concurrent-sweep: 0.040/0.040 secs] [Times: user=0.04 sys=0.00, real=0.04 secs] 
508.212: [CMS-concurrent-reset-start]
508.212: [CMS-concurrent-reset: 0.000/0.000 secs] [Times: user=0.00 sys=0.00, real=0.00 secs] 
508.852: [GC [1 CMS-initial-mark: 107775K(107776K)] 115754K(126912K), 0.0108853 secs] [Times: user=0.01 sys=0.00, real=0.02 secs] 
508.863: [CMS-concurrent-mark-start]
509.138: [CMS-concurrent-mark: 0.275/0.275 secs] [Times: user=0.29 sys=0.00, real=0.27 secs] 
509.138: [CMS-concurrent-preclean-start]
509.140: [CMS-concurrent-preclean: 0.001/0.002 secs] [Times: user=0.00 sys=0.00, real=0.00 secs] 
509.140: [CMS-concurrent-abortable-preclean-start]
 CMS: abort preclean due to time 514.158: [CMS-concurrent-abortable-preclean: 0.046/5.018 secs] [Times: user=0.14 sys=0.01, real=5.02 secs] 
514.158: [GC[YG occupancy: 9618 K (19136 K)]514.158: [Rescan (parallel) , 0.0135656 secs]514.172: [weak refs processing, 0.0002301 secs] [1 CMS-remark: 107775K(107776K)] 117394K(126912K), 0.0139090 secs] [Times: user=0.04 sys=0.00, real=0.01 secs] 
514.172: [CMS-concurrent-sweep-start]
514.212: [CMS-concurrent-sweep: 0.040/0.040 secs] [Times: user=0.04 sys=0.00, real=0.04 secs] 
514.212: [CMS-concurrent-reset-start]
514.213: [CMS-concurrent-reset: 0.000/0.000 secs] [Times: user=0.00 sys=0.00, real=0.01 secs] 
514.853: [GC [1 CMS-initial-mark: 107775K(107776K)] 117404K(126912K), 0.0119754 secs] [Times: user=0.01 sys=0.00, real=0.01 secs] 
514.866: [CMS-concurrent-mark-start]
515.144: [CMS-concurrent-mark: 0.278/0.278 secs] [Times: user=0.29 sys=0.00, real=0.28 secs] 
515.144: [CMS-concurrent-preclean-start]
515.145: [CMS-concurrent-preclean: 0.001/0.002 secs] [Times: user=0.00 sys=0.00, real=0.00 secs] 
515.145: [CMS-concurrent-abortable-preclean-start]
 CMS: abort preclean due to time 520.159: [CMS-concurrent-abortable-preclean: 0.046/5.014 secs] [Times: user=0.14 sys=0.01, real=5.01 secs] 
520.160: [GC[YG occupancy: 11012 K (19136 K)]520.160: [Rescan (parallel) , 0.0161540 secs]520.176: [weak refs processing, 0.0002238 secs] [1 CMS-remark: 107775K(107776K)] 118788K(126912K), 0.0164899 secs] [Times: user=0.05 sys=0.00, real=0.02 secs] 
520.177: [CMS-concurrent-sweep-start]
520.219: [CMS-concurrent-sweep: 0.043/0.043 secs] [Times: user=0.04 sys=0.00, real=0.04 secs] 
520.219: [CMS-concurrent-reset-start]
520.220: [CMS-concurrent-reset: 0.000/0.000 secs] [Times: user=0.00 sys=0.00, real=0.00 secs] 
520.855: [GC [1 CMS-initial-mark: 107775K(107776K)] 119020K(126912K), 0.0119942 secs] [Times: user=0.01 sys=0.00, real=0.01 secs] 
520.867: [CMS-concurrent-mark-start]
521.146: [CMS-concurrent-mark: 0.279/0.279 secs] [Times: user=0.29 sys=0.00, real=0.28 secs] 
521.146: [CMS-concurrent-preclean-start]
521.147: [CMS-concurrent-preclean: 0.001/0.002 secs] [Times: user=0.00 sys=0.00, real=0.00 secs] 
521.147: [CMS-concurrent-abortable-preclean-start]
 CMS: abort preclean due to time 526.159: [CMS-concurrent-abortable-preclean: 0.044/5.011 secs] [Times: user=0.14 sys=0.01, real=5.01 secs] 
526.159: [GC[YG occupancy: 12632 K (19136 K)]526.159: [Rescan (parallel) , 0.0181233 secs]526.465: [weak refs processing, 0.0002408 secs] [1 CMS-remark: 107775K(107776K)] 120408K(126912K), 0.3058607 secs] [Times: user=0.05 sys=0.01, real=0.31 secs] 
526.465: [CMS-concurrent-sweep-start]
526.507: [CMS-concurrent-sweep: 0.041/0.041 secs] [Times: user=0.04 sys=0.00, real=0.04 secs] 
526.507: [CMS-concurrent-reset-start]
526.507: [CMS-concurrent-reset: 0.000/0.000 secs] [Times: user=0.00 sys=0.00, real=0.00 secs] 
526.853: [GC [1 CMS-initial-mark: 107775K(107776K)] 120418K(126912K), 0.0134197 secs] [Times: user=0.01 sys=0.00, real=0.01 secs] 
526.867: [CMS-concurrent-mark-start]
527.149: [CMS-concurrent-mark: 0.282/0.282 secs] [Times: user=0.29 sys=0.00, real=0.28 secs] 
527.149: [CMS-concurrent-preclean-start]
527.150: [CMS-concurrent-preclean: 0.001/0.002 secs] [Times: user=0.00 sys=0.00, real=0.00 secs] 
527.150: [CMS-concurrent-abortable-preclean-start]
 CMS: abort preclean due to time 532.162: [CMS-concurrent-abortable-preclean: 0.046/5.011 secs] [Times: user=0.14 sys=0.00, real=5.01 secs] 
532.162: [GC[YG occupancy: 14030 K (19136 K)]532.162: [Rescan (parallel) , 0.0192819 secs]532.181: [weak refs processing, 0.0002319 secs] [1 CMS-remark: 107775K(107776K)] 121806K(126912K), 0.0196280 secs] [Times: user=0.06 sys=0.01, real=0.02 secs] 
532.182: [CMS-concurrent-sweep-start]
532.222: [CMS-concurrent-sweep: 0.040/0.040 secs] [Times: user=0.04 sys=0.00, real=0.04 secs] 
532.222: [CMS-concurrent-reset-start]
532.223: [CMS-concurrent-reset: 0.000/0.000 secs] [Times: user=0.01 sys=0.00, real=0.01 secs] 
532.854: [GC [1 CMS-initial-mark: 107775K(107776K)] 122038K(126912K), 0.0145788 secs] [Times: user=0.01 sys=0.00, real=0.01 secs] 
532.869: [CMS-concurrent-mark-start]
533.147: [CMS-concurrent-mark: 0.278/0.278 secs] [Times: user=0.29 sys=0.00, real=0.28 secs] 
533.147: [CMS-concurrent-preclean-start]
533.149: [CMS-concurrent-preclean: 0.001/0.002 secs] [Times: user=0.01 sys=0.00, real=0.00 secs] 
533.149: [CMS-concurrent-abortable-preclean-start]
 CMS: abort preclean due to time 538.161: [CMS-concurrent-abortable-preclean: 0.046/5.012 secs] [Times: user=0.14 sys=0.01, real=5.01 secs] 
538.161: [GC[YG occupancy: 15650 K (19136 K)]538.161: [Rescan (parallel) , 0.0211753 secs]538.183: [weak refs processing, 0.0002241 secs] [1 CMS-remark: 107775K(107776K)] 123426K(126912K), 0.0214994 secs] [Times: user=0.06 sys=0.00, real=0.03 secs] 
538.183: [CMS-concurrent-sweep-start]
538.224: [CMS-concurrent-sweep: 0.041/0.041 secs] [Times: user=0.04 sys=0.00, real=0.04 secs] 
538.225: [CMS-concurrent-reset-start]
538.225: [CMS-concurrent-reset: 0.000/0.000 secs] [Times: user=0.00 sys=0.00, real=0.00 secs] 
538.855: [GC [1 CMS-initial-mark: 107775K(107776K)] 123436K(126912K), 0.0166188 secs] [Times: user=0.02 sys=0.00, real=0.01 secs] 
538.872: [CMS-concurrent-mark-start]
539.151: [CMS-concurrent-mark: 0.279/0.279 secs] [Times: user=0.29 sys=0.00, real=0.28 secs] 
539.151: [CMS-concurrent-preclean-start]
539.153: [CMS-concurrent-preclean: 0.001/0.002 secs] [Times: user=0.00 sys=0.00, real=0.01 secs] 
539.153: [CMS-concurrent-abortable-preclean-start]
 CMS: abort preclean due to time 544.163: [CMS-concurrent-abortable-preclean: 0.046/5.010 secs] [Times: user=0.14 sys=0.01, real=5.01 secs] 
544.163: [GC[YG occupancy: 17089 K (19136 K)]544.163: [Rescan (parallel) , 0.0197000 secs]544.183: [weak refs processing, 0.0002257 secs] [1 CMS-remark: 107775K(107776K)] 124865K(126912K), 0.0200265 secs] [Times: user=0.06 sys=0.01, real=0.02 secs] 
544.184: [CMS-concurrent-sweep-start]
544.225: [CMS-concurrent-sweep: 0.041/0.041 secs] [Times: user=0.04 sys=0.00, real=0.04 secs] 
544.225: [CMS-concurrent-reset-start]
544.225: [CMS-concurrent-reset: 0.000/0.000 secs] [Times: user=0.00 sys=0.00, real=0.00 secs] 
544.858: [GC [1 CMS-initial-mark: 107775K(107776K)] 124922K(126912K), 0.0197204 secs] [Times: user=0.02 sys=0.00, real=0.02 secs] 
544.878: [CMS-concurrent-mark-start]
545.155: [CMS-concurrent-mark: 0.277/0.277 secs] [Times: user=0.29 sys=0.00, real=0.28 secs] 
545.155: [CMS-concurrent-preclean-start]
545.156: [CMS-concurrent-preclean: 0.001/0.002 secs] [Times: user=0.00 sys=0.00, real=0.00 secs] 
545.156: [CMS-concurrent-abortable-preclean-start]
 CMS: abort preclean due to time 550.165: [CMS-concurrent-abortable-preclean: 0.046/5.009 secs] [Times: user=0.23 sys=0.01, real=5.01 secs] 
550.166: [GC[YG occupancy: 18615 K (19136 K)]550.166: [Rescan (parallel) , 0.0222256 secs]550.188: [weak refs processing, 0.0002307 secs] [1 CMS-remark: 107775K(107776K)] 126391K(126912K), 0.0225766 secs] [Times: user=0.06 sys=0.00, real=0.02 secs] 
550.189: [CMS-concurrent-sweep-start]
550.229: [CMS-concurrent-sweep: 0.040/0.040 secs] [Times: user=0.04 sys=0.00, real=0.04 secs] 
550.229: [CMS-concurrent-reset-start]
550.229: [CMS-concurrent-reset: 0.000/0.000 secs] [Times: user=0.01 sys=0.00, real=0.00 secs] 
550.860: [GC [1 CMS-initial-mark: 107775K(107776K)] 126449K(126912K), 0.0208758 secs] [Times: user=0.02 sys=0.00, real=0.02 secs] 
550.881: [CMS-concurrent-mark-start]
551.159: [CMS-concurrent-mark: 0.278/0.278 secs] [Times: user=0.29 sys=0.00, real=0.28 secs] 
551.159: [CMS-concurrent-preclean-start]
551.161: [CMS-concurrent-preclean: 0.002/0.002 secs] [Times: user=0.00 sys=0.00, real=0.00 secs] 
551.161: [CMS-concurrent-abortable-preclean-start]
552.853: [GC 552.853: [ParNew: 19135K->19135K(19136K), 0.0000244 secs]552.853: [CMS552.854: [CMS-concurrent-abortable-preclean: 0.013/1.693 secs] [Times: user=0.04 sys=0.00, real=1.70 secs] 
 (concurrent mode failure): 107775K->107775K(107776K), 0.5435957 secs] 126911K->111920K(126912K), [CMS Perm : 15782K->15776K(28412K)], 0.5437346 secs] [Times: user=0.54 sys=0.01, real=0.54 secs] 
553.406: [GC [1 CMS-initial-mark: 107775K(107776K)] 112272K(126912K), 0.0048626 secs] [Times: user=0.01 sys=0.00, real=0.00 secs] 
553.411: [CMS-concurrent-mark-start]
553.498: [Full GC 553.498: [CMS553.709: [CMS-concurrent-mark: 0.297/0.298 secs] [Times: user=0.33 sys=0.00, real=0.30 secs] 
 (concurrent mode interrupted): 107775K->107775K(107776K), 0.6861746 secs] 112288K->109365K(126912K), [CMS Perm : 15777K->15776K(28412K)], 0.6862659 secs] [Times: user=0.68 sys=0.00, real=0.69 secs] 
554.189: [GC [1 CMS-initial-mark: 107775K(107776K)] 109660K(126912K), 0.0025174 secs] [Times: user=0.00 sys=0.00, real=0.00 secs] 
554.192: [CMS-concurrent-mark-start]
554.471: [CMS-concurrent-mark: 0.279/0.279 secs] [Times: user=0.29 sys=0.00, real=0.28 secs] 
554.471: [CMS-concurrent-preclean-start]
554.633: [CMS-concurrent-preclean: 0.163/0.163 secs] [Times: user=0.17 sys=0.01, real=0.17 secs] 
554.634: [GC[YG occupancy: 1894 K (19136 K)]554.634: [Rescan (parallel) , 0.0021758 secs]554.636: [weak refs processing, 0.0002142 secs] [1 CMS-remark: 107775K(107776K)] 109670K(126912K), 0.0024704 secs] [Times: user=0.00 sys=0.00, real=0.00 secs] 
554.636: [CMS-concurrent-sweep-start]
554.678: [CMS-concurrent-sweep: 0.041/0.041 secs] [Times: user=0.04 sys=0.00, real=0.04 secs] 
554.678: [CMS-concurrent-reset-start]
554.678: [CMS-concurrent-reset: 0.000/0.000 secs] [Times: user=0.01 sys=0.00, real=0.00 secs] 
554.859: [GC [1 CMS-initial-mark: 107775K(107776K)] 109975K(126912K), 0.0041571 secs] [Times: user=0.00 sys=0.00, real=0.01 secs] 
554.864: [CMS-concurrent-mark-start]
555.137: [CMS-concurrent-mark: 0.273/0.273 secs] [Times: user=0.29 sys=0.00, real=0.27 secs] 
555.137: [CMS-concurrent-preclean-start]
555.138: [CMS-concurrent-preclean: 0.001/0.001 secs] [Times: user=0.00 sys=0.00, real=0.00 secs] 
555.138: [CMS-concurrent-abortable-preclean-start]
 CMS: abort preclean due to time 560.165: [CMS-concurrent-abortable-preclean: 0.046/5.027 secs] [Times: user=0.14 sys=0.00, real=5.03 secs] 
560.165: [GC[YG occupancy: 3493 K (19136 K)]560.165: [Rescan (parallel) , 0.0059475 secs]560.171: [weak refs processing, 0.0002715 secs] [1 CMS-remark: 107775K(107776K)] 111269K(126912K), 0.0063256 secs] [Times: user=0.02 sys=0.01, real=0.00 secs] 
560.172: [CMS-concurrent-sweep-start]
560.214: [CMS-concurrent-sweep: 0.042/0.042 secs] [Times: user=0.04 sys=0.00, real=0.05 secs] 
560.214: [CMS-concurrent-reset-start]
560.214: [CMS-concurrent-reset: 0.000/0.000 secs] [Times: user=0.00 sys=0.00, real=0.00 secs] 
560.860: [GC [1 CMS-initial-mark: 107775K(107776K)] 111280K(126912K), 0.0055150 secs] [Times: user=0.01 sys=0.00, real=0.01 secs] 
560.865: [CMS-concurrent-mark-start]
561.146: [CMS-concurrent-mark: 0.280/0.280 secs] [Times: user=0.29 sys=0.00, real=0.28 secs] 
561.146: [CMS-concurrent-preclean-start]
561.147: [CMS-concurrent-preclean: 0.001/0.001 secs] [Times: user=0.00 sys=0.00, real=0.00 secs] 
561.147: [CMS-concurrent-abortable-preclean-start]
 CMS: abort preclean due to time 566.165: [CMS-concurrent-abortable-preclean: 0.045/5.017 secs] [Times: user=0.14 sys=0.00, real=5.02 secs] 
566.165: [GC[YG occupancy: 5042 K (19136 K)]566.165: [Rescan (parallel) , 0.0082245 secs]566.174: [weak refs processing, 0.0002722 secs] [1 CMS-remark: 107775K(107776K)] 112818K(126912K), 0.0086076 secs] [Times: user=0.03 sys=0.01, real=0.01 secs] 
566.174: [CMS-concurrent-sweep-start]
566.216: [CMS-concurrent-sweep: 0.042/0.042 secs] [Times: user=0.04 sys=0.00, real=0.04 secs] 
566.216: [CMS-concurrent-reset-start]
566.216: [CMS-concurrent-reset: 0.000/0.000 secs] [Times: user=0.00 sys=0.00, real=0.00 secs] 
566.860: [GC [1 CMS-initial-mark: 107775K(107776K)] 112831K(126912K), 0.0077437 secs] [Times: user=0.01 sys=0.00, real=0.01 secs] 
566.868: [CMS-concurrent-mark-start]
567.148: [CMS-concurrent-mark: 0.280/0.280 secs] [Times: user=0.29 sys=0.00, real=0.28 secs] 
567.149: [CMS-concurrent-preclean-start]
567.150: [CMS-concurrent-preclean: 0.001/0.001 secs] [Times: user=0.01 sys=0.00, real=0.00 secs] 
567.150: [CMS-concurrent-abortable-preclean-start]
 CMS: abort preclean due to time 572.165: [CMS-concurrent-abortable-preclean: 0.044/5.015 secs] [Times: user=0.14 sys=0.01, real=5.02 secs] 
572.165: [GC[YG occupancy: 6659 K (19136 K)]572.165: [Rescan (parallel) , 0.0110729 secs]572.176: [weak refs processing, 0.0003478 secs] [1 CMS-remark: 107775K(107776K)] 114435K(126912K), 0.0115430 secs] [Times: user=0.03 sys=0.00, real=0.01 secs] 
572.177: [CMS-concurrent-sweep-start]
572.221: [CMS-concurrent-sweep: 0.044/0.044 secs] [Times: user=0.05 sys=0.00, real=0.04 secs] 
572.221: [CMS-concurrent-reset-start]
572.221: [CMS-concurrent-reset: 0.000/0.000 secs] [Times: user=0.00 sys=0.00, real=0.00 secs] 
572.861: [GC [1 CMS-initial-mark: 107775K(107776K)] 114446K(126912K), 0.0096656 secs] [Times: user=0.01 sys=0.00, real=0.01 secs] 
572.871: [CMS-concurrent-mark-start]
573.151: [CMS-concurrent-mark: 0.280/0.280 secs] [Times: user=0.30 sys=0.00, real=0.28 secs] 
573.151: [CMS-concurrent-preclean-start]
573.152: [CMS-concurrent-preclean: 0.001/0.002 secs] [Times: user=0.00 sys=0.00, real=0.01 secs] 
573.152: [CMS-concurrent-abortable-preclean-start]
 CMS: abort preclean due to time 578.164: [CMS-concurrent-abortable-preclean: 0.045/5.012 secs] [Times: user=0.14 sys=0.01, real=5.01 secs] 
578.165: [GC[YG occupancy: 8211 K (19136 K)]578.165: [Rescan (parallel) , 0.0133065 secs]578.178: [weak refs processing, 0.0002469 secs] [1 CMS-remark: 107775K(107776K)] 115987K(126912K), 0.0136660 secs] [Times: user=0.04 sys=0.00, real=0.01 secs] 
578.179: [CMS-concurrent-sweep-start]
578.219: [CMS-concurrent-sweep: 0.040/0.040 secs] [Times: user=0.04 sys=0.00, real=0.04 secs] 
578.219: [CMS-concurrent-reset-start]
578.220: [CMS-concurrent-reset: 0.000/0.000 secs] [Times: user=0.00 sys=0.00, real=0.00 secs] 
578.860: [GC [1 CMS-initial-mark: 107775K(107776K)] 115997K(126912K), 0.0101045 secs] [Times: user=0.01 sys=0.00, real=0.01 secs] 
578.870: [CMS-concurrent-mark-start]
579.145: [CMS-concurrent-mark: 0.275/0.275 secs] [Times: user=0.29 sys=0.00, real=0.28 secs] 
579.145: [CMS-concurrent-preclean-start]
579.146: [CMS-concurrent-preclean: 0.001/0.001 secs] [Times: user=0.00 sys=0.00, real=0.00 secs] 
579.146: [CMS-concurrent-abortable-preclean-start]
 CMS: abort preclean due to time 584.165: [CMS-concurrent-abortable-preclean: 0.047/5.019 secs] [Times: user=0.14 sys=0.01, real=5.02 secs] 
584.166: [GC[YG occupancy: 9514 K (19136 K)]584.166: [Rescan (parallel) , 0.0140987 secs]584.180: [weak refs processing, 0.0002504 secs] [1 CMS-remark: 107775K(107776K)] 117290K(126912K), 0.0147272 secs] [Times: user=0.05 sys=0.00, real=0.01 secs] 
584.181: [CMS-concurrent-sweep-start]
584.221: [CMS-concurrent-sweep: 0.040/0.040 secs] [Times: user=0.04 sys=0.00, real=0.04 secs] 
584.221: [CMS-concurrent-reset-start]
584.222: [CMS-concurrent-reset: 0.000/0.000 secs] [Times: user=0.00 sys=0.00, real=0.00 secs] 
584.861: [GC [1 CMS-initial-mark: 107775K(107776K)] 117540K(126912K), 0.0107932 secs] [Times: user=0.01 sys=0.00, real=0.01 secs] 
584.872: [CMS-concurrent-mark-start]
585.148: [CMS-concurrent-mark: 0.276/0.276 secs] [Times: user=0.29 sys=0.00, real=0.28 secs] 
585.148: [CMS-concurrent-preclean-start]
585.150: [CMS-concurrent-preclean: 0.001/0.002 secs] [Times: user=0.00 sys=0.00, real=0.00 secs] 
585.150: [CMS-concurrent-abortable-preclean-start]
 CMS: abort preclean due to time 590.166: [CMS-concurrent-abortable-preclean: 0.045/5.016 secs] [Times: user=0.14 sys=0.01, real=5.02 secs] 
590.166: [GC[YG occupancy: 11055 K (19136 K)]590.166: [Rescan (parallel) , 0.0153092 secs]590.182: [weak refs processing, 0.0002533 secs] [1 CMS-remark: 107775K(107776K)] 118831K(126912K), 0.0156688 secs] [Times: user=0.05 sys=0.00, real=0.01 secs] 
590.182: [CMS-concurrent-sweep-start]
590.223: [CMS-concurrent-sweep: 0.041/0.041 secs] [Times: user=0.04 sys=0.00, real=0.05 secs] 
590.223: [CMS-concurrent-reset-start]
590.223: [CMS-concurrent-reset: 0.000/0.000 secs] [Times: user=0.00 sys=0.00, real=0.00 secs] 
590.861: [GC [1 CMS-initial-mark: 107775K(107776K)] 118842K(126912K), 0.0128168 secs] [Times: user=0.01 sys=0.00, real=0.02 secs] 
590.874: [CMS-concurrent-mark-start]
591.158: [CMS-concurrent-mark: 0.284/0.284 secs] [Times: user=0.30 sys=0.00, real=0.28 secs] 
591.158: [CMS-concurrent-preclean-start]
591.160: [CMS-concurrent-preclean: 0.001/0.002 secs] [Times: user=0.00 sys=0.00, real=0.00 secs] 
591.160: [CMS-concurrent-abortable-preclean-start]
 CMS: abort preclean due to time 596.169: [CMS-concurrent-abortable-preclean: 0.045/5.009 secs] [Times: user=0.14 sys=0.00, real=5.01 secs] 
596.169: [GC[YG occupancy: 12607 K (19136 K)]596.169: [Rescan (parallel) , 0.0149314 secs]596.184: [weak refs processing, 0.0003118 secs] [1 CMS-remark: 107775K(107776K)] 120383K(126912K), 0.0153439 secs] [Times: user=0.04 sys=0.01, real=0.02 secs] 
596.185: [CMS-concurrent-sweep-start]
596.226: [CMS-concurrent-sweep: 0.042/0.042 secs] [Times: user=0.04 sys=0.00, real=0.04 secs] 
596.227: [CMS-concurrent-reset-start]
596.227: [CMS-concurrent-reset: 0.000/0.000 secs] [Times: user=0.00 sys=0.00, real=0.00 secs] 
596.866: [GC [1 CMS-initial-mark: 107775K(107776K)] 120383K(126912K), 0.0134743 secs] [Times: user=0.02 sys=0.00, real=0.01 secs] 
596.879: [CMS-concurrent-mark-start]
597.158: [CMS-concurrent-mark: 0.278/0.278 secs] [Times: user=0.28 sys=0.00, real=0.28 secs] 
597.158: [CMS-concurrent-preclean-start]
597.159: [CMS-concurrent-preclean: 0.001/0.002 secs] [Times: user=0.01 sys=0.00, real=0.00 secs] 
597.159: [CMS-concurrent-abortable-preclean-start]
 CMS: abort preclean due to time 602.167: [CMS-concurrent-abortable-preclean: 0.044/5.008 secs] [Times: user=0.13 sys=0.01, real=5.01 secs] 
602.167: [GC[YG occupancy: 14153 K (19136 K)]602.168: [Rescan (parallel) , 0.0189504 secs]602.187: [weak refs processing, 0.0002260 secs] [1 CMS-remark: 107775K(107776K)] 121929K(126912K), 0.0192849 secs] [Times: user=0.05 sys=0.00, real=0.02 secs] 
602.187: [CMS-concurrent-sweep-start]
602.228: [CMS-concurrent-sweep: 0.041/0.041 secs] [Times: user=0.05 sys=0.00, real=0.04 secs] 
602.228: [CMS-concurrent-reset-start]
602.229: [CMS-concurrent-reset: 0.000/0.000 secs] [Times: user=0.00 sys=0.00, real=0.00 secs] 
602.866: [GC [1 CMS-initial-mark: 107775K(107776K)] 122253K(126912K), 0.0162917 secs] [Times: user=0.01 sys=0.00, real=0.02 secs] 
602.883: [CMS-concurrent-mark-start]
603.163: [CMS-concurrent-mark: 0.280/0.280 secs] [Times: user=0.30 sys=0.00, real=0.28 secs] 
603.163: [CMS-concurrent-preclean-start]
603.165: [CMS-concurrent-preclean: 0.002/0.002 secs] [Times: user=0.00 sys=0.00, real=0.00 secs] 
603.165: [CMS-concurrent-abortable-preclean-start]
 CMS: abort preclean due to time 608.170: [CMS-concurrent-abortable-preclean: 0.046/5.005 secs] [Times: user=0.15 sys=0.01, real=5.00 secs] 
608.171: [GC[YG occupancy: 15849 K (19136 K)]608.171: [Rescan (parallel) , 0.0211423 secs]608.192: [weak refs processing, 0.0002322 secs] [1 CMS-remark: 107775K(107776K)] 123625K(126912K), 0.0214875 secs] [Times: user=0.06 sys=0.00, real=0.03 secs] 
608.192: [CMS-concurrent-sweep-start]
608.232: [CMS-concurrent-sweep: 0.040/0.040 secs] [Times: user=0.04 sys=0.00, real=0.03 secs] 
608.232: [CMS-concurrent-reset-start]
608.233: [CMS-concurrent-reset: 0.000/0.000 secs] [Times: user=0.00 sys=0.00, real=0.01 secs] 
608.865: [GC [1 CMS-initial-mark: 107775K(107776K)] 123627K(126912K), 0.0161636 secs] [Times: user=0.01 sys=0.00, real=0.01 secs] 
608.881: [CMS-concurrent-mark-start]
609.161: [CMS-concurrent-mark: 0.280/0.280 secs] [Times: user=0.30 sys=0.00, real=0.28 secs] 
609.161: [CMS-concurrent-preclean-start]
609.163: [CMS-concurrent-preclean: 0.001/0.002 secs] [Times: user=0.00 sys=0.00, real=0.01 secs] 
609.163: [CMS-concurrent-abortable-preclean-start]
 CMS: abort preclean due to time 614.172: [CMS-concurrent-abortable-preclean: 0.045/5.009 secs] [Times: user=0.14 sys=0.00, real=5.00 secs] 
614.173: [GC[YG occupancy: 17221 K (19136 K)]614.173: [Rescan (parallel) , 0.0226751 secs]614.195: [weak refs processing, 0.0002302 secs] [1 CMS-remark: 107775K(107776K)] 124997K(126912K), 0.0230237 secs] [Times: user=0.06 sys=0.01, real=0.02 secs] 
614.196: [CMS-concurrent-sweep-start]
614.237: [CMS-concurrent-sweep: 0.042/0.042 secs] [Times: user=0.04 sys=0.00, real=0.04 secs] 
614.237: [CMS-concurrent-reset-start]
614.238: [CMS-concurrent-reset: 0.001/0.001 secs] [Times: user=0.01 sys=0.00, real=0.00 secs] 
614.868: [GC [1 CMS-initial-mark: 107775K(107776K)] 125055K(126912K), 0.0187303 secs] [Times: user=0.02 sys=0.00, real=0.02 secs] 
614.887: [CMS-concurrent-mark-start]
615.168: [CMS-concurrent-mark: 0.281/0.281 secs] [Times: user=0.29 sys=0.00, real=0.28 secs] 
615.168: [CMS-concurrent-preclean-start]
615.170: [CMS-concurrent-preclean: 0.001/0.002 secs] [Times: user=0.01 sys=0.00, real=0.00 secs] 
615.170: [CMS-concurrent-abortable-preclean-start]
 CMS: abort preclean due to time 620.173: [CMS-concurrent-abortable-preclean: 0.044/5.003 secs] [Times: user=0.14 sys=0.01, real=5.01 secs] 
620.173: [GC[YG occupancy: 18699 K (19136 K)]620.173: [Rescan (parallel) , 0.0232356 secs]620.197: [weak refs processing, 0.0002399 secs] [1 CMS-remark: 107775K(107776K)] 126475K(126912K), 0.0235856 secs] [Times: user=0.07 sys=0.00, real=0.02 secs] 
620.197: [CMS-concurrent-sweep-start]
620.238: [CMS-concurrent-sweep: 0.041/0.041 secs] [Times: user=0.04 sys=0.00, real=0.04 secs] 
620.238: [CMS-concurrent-reset-start]
620.238: [CMS-concurrent-reset: 0.000/0.000 secs] [Times: user=0.00 sys=0.00, real=0.00 secs] 
620.867: [GC [1 CMS-initial-mark: 107775K(107776K)] 126534K(126912K), 0.0194841 secs] [Times: user=0.02 sys=0.00, real=0.02 secs] 
620.887: [CMS-concurrent-mark-start]
621.169: [CMS-concurrent-mark: 0.281/0.281 secs] [Times: user=0.30 sys=0.00, real=0.28 secs] 
621.169: [CMS-concurrent-preclean-start]
621.170: [CMS-concurrent-preclean: 0.001/0.002 secs] [Times: user=0.00 sys=0.00, real=0.00 secs] 
621.170: [CMS-concurrent-abortable-preclean-start]
621.876: [GC 621.876: [ParNew: 19134K->19134K(19136K), 0.0000197 secs]621.876: [CMS621.877: [CMS-concurrent-abortable-preclean: 0.005/0.707 secs] [Times: user=0.02 sys=0.00, real=0.71 secs] 
 (concurrent mode failure): 107775K->107775K(107776K), 0.5160499 secs] 126910K->111930K(126912K), [CMS Perm : 15796K->15790K(28412K)], 0.5161782 secs] [Times: user=0.52 sys=0.01, real=0.52 secs] 
622.494: [Full GC 622.494: [CMS: 107775K->107775K(107776K), 0.4687233 secs] 112308K->109348K(126912K), [CMS Perm : 15790K->15789K(28412K)], 0.4688183 secs] [Times: user=0.47 sys=0.00, real=0.47 secs] 
622.963: [GC [1 CMS-initial-mark: 107775K(107776K)] 109348K(126912K), 0.0023434 secs] [Times: user=0.00 sys=0.00, real=0.00 secs] 
622.966: [CMS-concurrent-mark-start]
623.241: [CMS-concurrent-mark: 0.275/0.275 secs] [Times: user=0.29 sys=0.00, real=0.27 secs] 
623.241: [CMS-concurrent-preclean-start]
623.401: [CMS-concurrent-preclean: 0.159/0.159 secs] [Times: user=0.16 sys=0.00, real=0.16 secs] 
623.401: [CMS-concurrent-abortable-preclean-start]
623.401: [CMS-concurrent-abortable-preclean: 0.000/0.000 secs] [Times: user=0.00 sys=0.00, real=0.00 secs] 
623.401: [GC[YG occupancy: 2052 K (19136 K)]623.401: [Rescan (parallel) , 0.0019596 secs]623.403: [weak refs processing, 0.0002163 secs] [1 CMS-remark: 107775K(107776K)] 109828K(126912K), 0.0022538 secs] [Times: user=0.01 sys=0.01, real=0.01 secs] 
623.403: [CMS-concurrent-sweep-start]
623.444: [CMS-concurrent-sweep: 0.040/0.040 secs] [Times: user=0.04 sys=0.00, real=0.04 secs] 
623.444: [CMS-concurrent-reset-start]
623.444: [CMS-concurrent-reset: 0.000/0.000 secs] [Times: user=0.00 sys=0.00, real=0.00 secs] 
623.506: [Full GC 623.506: [CMS: 107775K->107775K(107776K), 0.4626878 secs] 109890K->109366K(126912K), [CMS Perm : 15790K->15785K(28412K)], 0.4627824 secs] [Times: user=0.46 sys=0.00, real=0.46 secs] 
623.969: [GC [1 CMS-initial-mark: 107775K(107776K)] 109366K(126912K), 0.0023579 secs] [Times: user=0.01 sys=0.00, real=0.00 secs] 
623.972: [CMS-concurrent-mark-start]
624.247: [CMS-concurrent-mark: 0.276/0.276 secs] [Times: user=0.29 sys=0.00, real=0.28 secs] 
624.247: [CMS-concurrent-preclean-start]
624.407: [CMS-concurrent-preclean: 0.160/0.160 secs] [Times: user=0.16 sys=0.00, real=0.16 secs] 
624.408: [GC[YG occupancy: 1896 K (19136 K)]624.408: [Rescan (parallel) , 0.0021228 secs]624.410: [weak refs processing, 0.0002155 secs] [1 CMS-remark: 107775K(107776K)] 109672K(126912K), 0.0024123 secs] [Times: user=0.01 sys=0.00, real=0.00 secs] 
624.410: [CMS-concurrent-sweep-start]
624.450: [CMS-concurrent-sweep: 0.040/0.040 secs] [Times: user=0.04 sys=0.00, real=0.04 secs] 
624.450: [CMS-concurrent-reset-start]
624.451: [CMS-concurrent-reset: 0.000/0.000 secs] [Times: user=0.00 sys=0.00, real=0.00 secs] 
624.869: [GC [1 CMS-initial-mark: 107775K(107776K)] 109683K(126912K), 0.0038113 secs] [Times: user=0.01 sys=0.00, real=0.01 secs] 
624.873: [CMS-concurrent-mark-start]
625.148: [CMS-concurrent-mark: 0.275/0.275 secs] [Times: user=0.28 sys=0.00, real=0.27 secs] 
625.148: [CMS-concurrent-preclean-start]
625.149: [CMS-concurrent-preclean: 0.001/0.001 secs] [Times: user=0.01 sys=0.00, real=0.00 secs] 
625.149: [CMS-concurrent-abortable-preclean-start]
 CMS: abort preclean due to time 630.175: [CMS-concurrent-abortable-preclean: 0.046/5.025 secs] [Times: user=0.13 sys=0.01, real=5.03 secs] 
630.175: [GC[YG occupancy: 3542 K (19136 K)]630.175: [Rescan (parallel) , 0.0060855 secs]630.181: [weak refs processing, 0.0003055 secs] [1 CMS-remark: 107775K(107776K)] 111318K(126912K), 0.0065132 secs] [Times: user=0.02 sys=0.00, real=0.00 secs] 
630.182: [CMS-concurrent-sweep-start]
630.223: [CMS-concurrent-sweep: 0.042/0.042 secs] [Times: user=0.04 sys=0.00, real=0.05 secs] 
630.223: [CMS-concurrent-reset-start]
630.224: [CMS-concurrent-reset: 0.000/0.000 secs] [Times: user=0.01 sys=0.00, real=0.00 secs] 
630.870: [GC [1 CMS-initial-mark: 107775K(107776K)] 111329K(126912K), 0.0058013 secs] [Times: user=0.01 sys=0.00, real=0.01 secs] 
630.876: [CMS-concurrent-mark-start]
631.150: [CMS-concurrent-mark: 0.274/0.274 secs] [Times: user=0.28 sys=0.00, real=0.27 secs] 
631.150: [CMS-concurrent-preclean-start]
631.151: [CMS-concurrent-preclean: 0.001/0.001 secs] [Times: user=0.00 sys=0.00, real=0.00 secs] 
631.151: [CMS-concurrent-abortable-preclean-start]
 CMS: abort preclean due to time 636.175: [CMS-concurrent-abortable-preclean: 0.045/5.023 secs] [Times: user=0.14 sys=0.01, real=5.03 secs] 
636.175: [GC[YG occupancy: 4913 K (19136 K)]636.175: [Rescan (parallel) , 0.0083144 secs]636.183: [weak refs processing, 0.0002729 secs] [1 CMS-remark: 107775K(107776K)] 112689K(126912K), 0.0087021 secs] [Times: user=0.02 sys=0.00, real=0.01 secs] 
636.184: [CMS-concurrent-sweep-start]
636.225: [CMS-concurrent-sweep: 0.041/0.041 secs] [Times: user=0.04 sys=0.00, real=0.04 secs] 
636.225: [CMS-concurrent-reset-start]
636.226: [CMS-concurrent-reset: 0.000/0.000 secs] [Times: user=0.00 sys=0.00, real=0.00 secs] 
636.870: [GC [1 CMS-initial-mark: 107775K(107776K)] 112702K(126912K), 0.0075958 secs] [Times: user=0.01 sys=0.00, real=0.01 secs] 
636.878: [CMS-concurrent-mark-start]
637.159: [CMS-concurrent-mark: 0.281/0.281 secs] [Times: user=0.29 sys=0.00, real=0.28 secs] 
637.159: [CMS-concurrent-preclean-start]
637.161: [CMS-concurrent-preclean: 0.001/0.001 secs] [Times: user=0.01 sys=0.00, real=0.00 secs] 
637.161: [CMS-concurrent-abortable-preclean-start]
 CMS: abort preclean due to time 642.175: [CMS-concurrent-abortable-preclean: 0.045/5.014 secs] [Times: user=0.13 sys=0.01, real=5.02 secs] 
642.175: [GC[YG occupancy: 6300 K (19136 K)]642.175: [Rescan (parallel) , 0.0102751 secs]642.185: [weak refs processing, 0.0002743 secs] [1 CMS-remark: 107775K(107776K)] 114076K(126912K), 0.0106810 secs] [Times: user=0.03 sys=0.00, real=0.01 secs] 
642.186: [CMS-concurrent-sweep-start]
642.226: [CMS-concurrent-sweep: 0.041/0.041 secs] [Times: user=0.04 sys=0.00, real=0.04 secs] 
642.227: [CMS-concurrent-reset-start]
642.227: [CMS-concurrent-reset: 0.000/0.000 secs] [Times: user=0.01 sys=0.00, real=0.00 secs] 
642.871: [GC [1 CMS-initial-mark: 107775K(107776K)] 114087K(126912K), 0.0091966 secs] [Times: user=0.01 sys=0.00, real=0.01 secs] 
642.880: [CMS-concurrent-mark-start]
643.155: [CMS-concurrent-mark: 0.274/0.274 secs] [Times: user=0.29 sys=0.00, real=0.28 secs] 
643.155: [CMS-concurrent-preclean-start]
643.156: [CMS-concurrent-preclean: 0.001/0.001 secs] [Times: user=0.00 sys=0.00, real=0.00 secs] 
643.156: [CMS-concurrent-abortable-preclean-start]
 CMS: abort preclean due to time 648.175: [CMS-concurrent-abortable-preclean: 0.045/5.019 secs] [Times: user=0.13 sys=0.01, real=5.02 secs] 
648.175: [GC[YG occupancy: 7933 K (19136 K)]648.176: [Rescan (parallel) , 0.0121361 secs]648.188: [weak refs processing, 0.0002505 secs] [1 CMS-remark: 107775K(107776K)] 115709K(126912K), 0.0125077 secs] [Times: user=0.04 sys=0.00, real=0.01 secs] 
648.188: [CMS-concurrent-sweep-start]
648.229: [CMS-concurrent-sweep: 0.040/0.040 secs] [Times: user=0.04 sys=0.00, real=0.04 secs] 
648.229: [CMS-concurrent-reset-start]
648.229: [CMS-concurrent-reset: 0.000/0.000 secs] [Times: user=0.00 sys=0.00, real=0.00 secs] 
648.872: [GC [1 CMS-initial-mark: 107775K(107776K)] 115720K(126912K), 0.0109697 secs] [Times: user=0.01 sys=0.00, real=0.02 secs] 
648.883: [CMS-concurrent-mark-start]
649.162: [CMS-concurrent-mark: 0.279/0.279 secs] [Times: user=0.30 sys=0.00, real=0.27 secs] 
649.162: [CMS-concurrent-preclean-start]
649.163: [CMS-concurrent-preclean: 0.001/0.002 secs] [Times: user=0.00 sys=0.00, real=0.01 secs] 
649.164: [CMS-concurrent-abortable-preclean-start]
 CMS: abort preclean due to time 654.177: [CMS-concurrent-abortable-preclean: 0.045/5.013 secs] [Times: user=0.14 sys=0.01, real=5.01 secs] 
654.177: [GC[YG occupancy: 9307 K (19136 K)]654.177: [Rescan (parallel) , 0.0135006 secs]654.191: [weak refs processing, 0.0002296 secs] [1 CMS-remark: 107775K(107776K)] 117083K(126912K), 0.0138407 secs] [Times: user=0.04 sys=0.00, real=0.01 secs] 
654.191: [CMS-concurrent-sweep-start]
654.231: [CMS-concurrent-sweep: 0.040/0.040 secs] [Times: user=0.04 sys=0.00, real=0.04 secs] 
654.231: [CMS-concurrent-reset-start]
654.232: [CMS-concurrent-reset: 0.000/0.000 secs] [Times: user=0.00 sys=0.00, real=0.00 secs] 
654.872: [GC [1 CMS-initial-mark: 107775K(107776K)] 117096K(126912K), 0.0110387 secs] [Times: user=0.01 sys=0.00, real=0.02 secs] 
654.883: [CMS-concurrent-mark-start]
655.158: [CMS-concurrent-mark: 0.275/0.275 secs] [Times: user=0.29 sys=0.00, real=0.27 secs] 
655.158: [CMS-concurrent-preclean-start]
655.159: [CMS-concurrent-preclean: 0.001/0.002 secs] [Times: user=0.00 sys=0.00, real=0.00 secs] 
655.159: [CMS-concurrent-abortable-preclean-start]
 CMS: abort preclean due to time 660.178: [CMS-concurrent-abortable-preclean: 0.046/5.019 secs] [Times: user=0.13 sys=0.00, real=5.02 secs] 
660.179: [GC[YG occupancy: 10691 K (19136 K)]660.179: [Rescan (parallel) , 0.0155027 secs]660.195: [weak refs processing, 0.0002233 secs] [1 CMS-remark: 107775K(107776K)] 118467K(126912K), 0.0158403 secs] [Times: user=0.05 sys=0.01, real=0.02 secs] 
660.195: [CMS-concurrent-sweep-start]
660.235: [CMS-concurrent-sweep: 0.040/0.040 secs] [Times: user=0.04 sys=0.00, real=0.04 secs] 
660.235: [CMS-concurrent-reset-start]
660.236: [CMS-concurrent-reset: 0.000/0.000 secs] [Times: user=0.00 sys=0.00, real=0.00 secs] 
660.873: [GC [1 CMS-initial-mark: 107775K(107776K)] 118741K(126912K), 0.0133964 secs] [Times: user=0.01 sys=0.00, real=0.01 secs] 
660.887: [CMS-concurrent-mark-start]
661.162: [CMS-concurrent-mark: 0.275/0.275 secs] [Times: user=0.29 sys=0.00, real=0.28 secs] 
661.163: [CMS-concurrent-preclean-start]
661.164: [CMS-concurrent-preclean: 0.001/0.001 secs] [Times: user=0.00 sys=0.00, real=0.00 secs] 
661.164: [CMS-concurrent-abortable-preclean-start]
 CMS: abort preclean due to time 666.180: [CMS-concurrent-abortable-preclean: 0.046/5.015 secs] [Times: user=0.15 sys=0.01, real=5.01 secs] 
666.180: [GC[YG occupancy: 12465 K (19136 K)]666.180: [Rescan (parallel) , 0.0180130 secs]666.198: [weak refs processing, 0.0002298 secs] [1 CMS-remark: 107775K(107776K)] 120241K(126912K), 0.0183623 secs] [Times: user=0.05 sys=0.00, real=0.02 secs] 
666.199: [CMS-concurrent-sweep-start]
666.239: [CMS-concurrent-sweep: 0.041/0.041 secs] [Times: user=0.04 sys=0.00, real=0.04 secs] 
666.239: [CMS-concurrent-reset-start]
666.240: [CMS-concurrent-reset: 0.000/0.000 secs] [Times: user=0.00 sys=0.00, real=0.00 secs] 
666.874: [GC [1 CMS-initial-mark: 107775K(107776K)] 120252K(126912K), 0.0135779 secs] [Times: user=0.01 sys=0.00, real=0.01 secs] 
666.887: [CMS-concurrent-mark-start]
667.167: [CMS-concurrent-mark: 0.280/0.280 secs] [Times: user=0.30 sys=0.00, real=0.28 secs] 
667.167: [CMS-concurrent-preclean-start]
667.169: [CMS-concurrent-preclean: 0.001/0.001 secs] [Times: user=0.00 sys=0.00, real=0.00 secs] 
667.169: [CMS-concurrent-abortable-preclean-start]
 CMS: abort preclean due to time 672.177: [CMS-concurrent-abortable-preclean: 0.043/5.008 secs] [Times: user=0.13 sys=0.01, real=5.01 secs] 
672.178: [GC[YG occupancy: 13847 K (19136 K)]672.178: [Rescan (parallel) , 0.0188818 secs]672.197: [weak refs processing, 0.0003084 secs] [1 CMS-remark: 107775K(107776K)] 121623K(126912K), 0.0193172 secs] [Times: user=0.05 sys=0.00, real=0.02 secs] 
672.197: [CMS-concurrent-sweep-start]
672.242: [CMS-concurrent-sweep: 0.045/0.045 secs] [Times: user=0.04 sys=0.00, real=0.04 secs] 
672.242: [CMS-concurrent-reset-start]
672.243: [CMS-concurrent-reset: 0.001/0.001 secs] [Times: user=0.00 sys=0.00, real=0.01 secs] 
672.875: [GC [1 CMS-initial-mark: 107775K(107776K)] 121636K(126912K), 0.0158630 secs] [Times: user=0.02 sys=0.00, real=0.01 secs] 
672.891: [CMS-concurrent-mark-start]
673.167: [CMS-concurrent-mark: 0.276/0.276 secs] [Times: user=0.28 sys=0.00, real=0.28 secs] 
673.167: [CMS-concurrent-preclean-start]
673.168: [CMS-concurrent-preclean: 0.001/0.001 secs] [Times: user=0.01 sys=0.00, real=0.00 secs] 
673.168: [CMS-concurrent-abortable-preclean-start]
 CMS: abort preclean due to time 678.179: [CMS-concurrent-abortable-preclean: 0.045/5.011 secs] [Times: user=0.13 sys=0.01, real=5.01 secs] 
678.180: [GC[YG occupancy: 15485 K (19136 K)]678.180: [Rescan (parallel) , 0.0197476 secs]678.200: [weak refs processing, 0.0002286 secs] [1 CMS-remark: 107775K(107776K)] 123261K(126912K), 0.0200936 secs] [Times: user=0.06 sys=0.00, real=0.02 secs] 
678.200: [CMS-concurrent-sweep-start]
678.240: [CMS-concurrent-sweep: 0.040/0.040 secs] [Times: user=0.04 sys=0.00, real=0.04 secs] 
678.240: [CMS-concurrent-reset-start]
678.241: [CMS-concurrent-reset: 0.000/0.000 secs] [Times: user=0.00 sys=0.00, real=0.00 secs] 
678.873: [GC [1 CMS-initial-mark: 107775K(107776K)] 123272K(126912K), 0.0162761 secs] [Times: user=0.02 sys=0.00, real=0.01 secs] 
678.890: [CMS-concurrent-mark-start]
679.166: [CMS-concurrent-mark: 0.276/0.276 secs] [Times: user=0.29 sys=0.00, real=0.28 secs] 
679.166: [CMS-concurrent-preclean-start]
679.167: [CMS-concurrent-preclean: 0.001/0.002 secs] [Times: user=0.00 sys=0.00, real=0.00 secs] 
679.167: [CMS-concurrent-abortable-preclean-start]
 CMS: abort preclean due to time 684.180: [CMS-concurrent-abortable-preclean: 0.045/5.012 secs] [Times: user=0.13 sys=0.00, real=5.01 secs] 
684.180: [GC[YG occupancy: 16857 K (19136 K)]684.180: [Rescan (parallel) , 0.0224842 secs]684.203: [weak refs processing, 0.0002269 secs] [1 CMS-remark: 107775K(107776K)] 124633K(126912K), 0.0228413 secs] [Times: user=0.07 sys=0.01, real=0.03 secs] 
684.203: [CMS-concurrent-sweep-start]
684.244: [CMS-concurrent-sweep: 0.040/0.040 secs] [Times: user=0.04 sys=0.00, real=0.04 secs] 
684.244: [CMS-concurrent-reset-start]
684.244: [CMS-concurrent-reset: 0.000/0.000 secs] [Times: user=0.00 sys=0.00, real=0.00 secs] 
684.874: [GC [1 CMS-initial-mark: 107775K(107776K)] 124644K(126912K), 0.0177052 secs] [Times: user=0.01 sys=0.00, real=0.01 secs] 
684.892: [CMS-concurrent-mark-start]
685.168: [CMS-concurrent-mark: 0.276/0.276 secs] [Times: user=0.29 sys=0.00, real=0.28 secs] 
685.168: [CMS-concurrent-preclean-start]
685.170: [CMS-concurrent-preclean: 0.001/0.002 secs] [Times: user=0.00 sys=0.00, real=0.00 secs] 
685.170: [CMS-concurrent-abortable-preclean-start]
 CMS: abort preclean due to time 690.181: [CMS-concurrent-abortable-preclean: 0.043/5.011 secs] [Times: user=0.15 sys=0.01, real=5.01 secs] 
690.181: [GC[YG occupancy: 18214 K (19136 K)]690.181: [Rescan (parallel) , 0.0230307 secs]690.204: [weak refs processing, 0.0002293 secs] [1 CMS-remark: 107775K(107776K)] 125990K(126912K), 0.0233734 secs] [Times: user=0.06 sys=0.00, real=0.03 secs] 
690.205: [CMS-concurrent-sweep-start]
690.245: [CMS-concurrent-sweep: 0.041/0.041 secs] [Times: user=0.04 sys=0.00, real=0.04 secs] 
690.246: [CMS-concurrent-reset-start]
690.246: [CMS-concurrent-reset: 0.000/0.000 secs] [Times: user=0.01 sys=0.00, real=0.00 secs] 
690.876: [GC [1 CMS-initial-mark: 107775K(107776K)] 126048K(126912K), 0.0207379 secs] [Times: user=0.02 sys=0.00, real=0.02 secs] 
690.897: [CMS-concurrent-mark-start]
691.187: [CMS-concurrent-mark: 0.291/0.291 secs] [Times: user=0.31 sys=0.00, real=0.29 secs] 
691.187: [CMS-concurrent-preclean-start]
691.189: [CMS-concurrent-preclean: 0.002/0.002 secs] [Times: user=0.00 sys=0.00, real=0.00 secs] 
691.189: [CMS-concurrent-abortable-preclean-start]
693.887: [GC 693.887: [ParNew: 19135K->19135K(19136K), 0.0000180 secs]693.887: [CMS693.887: [CMS-concurrent-abortable-preclean: 0.022/2.698 secs] [Times: user=0.08 sys=0.01, real=2.70 secs] 
 (concurrent mode failure): 107775K->107775K(107776K), 0.5200601 secs] 126911K->111953K(126912K), [CMS Perm : 15791K->15786K(28412K)], 0.5201783 secs] [Times: user=0.52 sys=0.00, real=0.52 secs] 
694.408: [Full GC 694.408: [CMS: 107775K->107775K(107776K), 0.4849042 secs] 112275K->111884K(126912K), [CMS Perm : 15786K->15786K(28412K)], 0.4849972 secs] [Times: user=0.48 sys=0.00, real=0.49 secs] 
694.893: [GC [1 CMS-initial-mark: 107775K(107776K)] 111922K(126912K), 0.0043492 secs] [Times: user=0.01 sys=0.00, real=0.00 secs] 
694.898: [CMS-concurrent-mark-start]
695.189: [CMS-concurrent-mark: 0.290/0.291 secs] [Times: user=0.36 sys=0.03, real=0.29 secs] 
695.189: [CMS-concurrent-preclean-start]
695.350: [CMS-concurrent-preclean: 0.162/0.162 secs] [Times: user=0.17 sys=0.00, real=0.16 secs] 
695.350: [CMS-concurrent-abortable-preclean-start]
695.350: [CMS-concurrent-abortable-preclean: 0.000/0.000 secs] [Times: user=0.00 sys=0.00, real=0.00 secs] 
695.351: [GC[YG occupancy: 4583 K (19136 K)]695.351: [Rescan (parallel) , 0.0055411 secs]695.357: [weak refs processing, 0.0002239 secs] [1 CMS-remark: 107775K(107776K)] 112359K(126912K), 0.0058584 secs] [Times: user=0.01 sys=0.00, real=0.01 secs] 
695.357: [CMS-concurrent-sweep-start]
695.397: [CMS-concurrent-sweep: 0.040/0.040 secs] [Times: user=0.04 sys=0.00, real=0.04 secs] 
695.397: [CMS-concurrent-reset-start]
695.398: [CMS-concurrent-reset: 0.000/0.000 secs] [Times: user=0.00 sys=0.00, real=0.00 secs] 
695.877: [GC [1 CMS-initial-mark: 107775K(107776K)] 112479K(126912K), 0.0061947 secs] [Times: user=0.01 sys=0.00, real=0.01 secs] 
695.883: [CMS-concurrent-mark-start]
696.160: [CMS-concurrent-mark: 0.277/0.277 secs] [Times: user=0.29 sys=0.00, real=0.27 secs] 
696.160: [CMS-concurrent-preclean-start]
696.162: [CMS-concurrent-preclean: 0.001/0.001 secs] [Times: user=0.00 sys=0.00, real=0.00 secs] 
696.162: [CMS-concurrent-abortable-preclean-start]
 CMS: abort preclean due to time 701.181: [CMS-concurrent-abortable-preclean: 0.044/5.019 secs] [Times: user=0.13 sys=0.01, real=5.02 secs] 
701.181: [GC[YG occupancy: 6128 K (19136 K)]701.181: [Rescan (parallel) , 0.0088818 secs]701.190: [weak refs processing, 0.0002468 secs] [1 CMS-remark: 107775K(107776K)] 113904K(126912K), 0.0092323 secs] [Times: user=0.03 sys=0.00, real=0.01 secs] 
701.191: [CMS-concurrent-sweep-start]
701.232: [CMS-concurrent-sweep: 0.041/0.041 secs] [Times: user=0.04 sys=0.00, real=0.04 secs] 
701.232: [CMS-concurrent-reset-start]
701.232: [CMS-concurrent-reset: 0.000/0.000 secs] [Times: user=0.00 sys=0.00, real=0.01 secs] 
701.879: [GC [1 CMS-initial-mark: 107775K(107776K)] 113961K(126912K), 0.0082173 secs] [Times: user=0.01 sys=0.00, real=0.01 secs] 
701.887: [CMS-concurrent-mark-start]
702.165: [CMS-concurrent-mark: 0.277/0.277 secs] [Times: user=0.29 sys=0.00, real=0.28 secs] 
702.165: [CMS-concurrent-preclean-start]
702.166: [CMS-concurrent-preclean: 0.001/0.002 secs] [Times: user=0.00 sys=0.00, real=0.00 secs] 
702.166: [CMS-concurrent-abortable-preclean-start]
 CMS: abort preclean due to time 707.185: [CMS-concurrent-abortable-preclean: 0.045/5.018 secs] [Times: user=0.14 sys=0.01, real=5.02 secs] 
707.185: [GC[YG occupancy: 7613 K (19136 K)]707.185: [Rescan (parallel) , 0.0118390 secs]707.197: [weak refs processing, 0.0002465 secs] [1 CMS-remark: 107775K(107776K)] 115389K(126912K), 0.0122006 secs] [Times: user=0.04 sys=0.00, real=0.01 secs] 
707.197: [CMS-concurrent-sweep-start]
707.238: [CMS-concurrent-sweep: 0.041/0.041 secs] [Times: user=0.04 sys=0.01, real=0.04 secs] 
707.238: [CMS-concurrent-reset-start]
707.239: [CMS-concurrent-reset: 0.000/0.000 secs] [Times: user=0.00 sys=0.00, real=0.00 secs] 
707.880: [GC [1 CMS-initial-mark: 107775K(107776K)] 115459K(126912K), 0.0084246 secs] [Times: user=0.01 sys=0.00, real=0.01 secs] 
707.889: [CMS-concurrent-mark-start]
708.169: [CMS-concurrent-mark: 0.281/0.281 secs] [Times: user=0.29 sys=0.00, real=0.28 secs] 
708.169: [CMS-concurrent-preclean-start]
708.171: [CMS-concurrent-preclean: 0.001/0.001 secs] [Times: user=0.00 sys=0.00, real=0.00 secs] 
708.171: [CMS-concurrent-abortable-preclean-start]
 CMS: abort preclean due to time 713.184: [CMS-concurrent-abortable-preclean: 0.044/5.013 secs] [Times: user=0.15 sys=0.00, real=5.02 secs] 
713.184: [GC[YG occupancy: 9161 K (19136 K)]713.184: [Rescan (parallel) , 0.0136289 secs]713.198: [weak refs processing, 0.0002229 secs] [1 CMS-remark: 107775K(107776K)] 116937K(126912K), 0.0139653 secs] [Times: user=0.04 sys=0.01, real=0.01 secs] 
713.199: [CMS-concurrent-sweep-start]
713.239: [CMS-concurrent-sweep: 0.040/0.040 secs] [Times: user=0.04 sys=0.00, real=0.04 secs] 
713.239: [CMS-concurrent-reset-start]
713.239: [CMS-concurrent-reset: 0.000/0.000 secs] [Times: user=0.00 sys=0.00, real=0.00 secs] 
713.880: [GC [1 CMS-initial-mark: 107775K(107776K)] 116948K(126912K), 0.0115628 secs] [Times: user=0.01 sys=0.00, real=0.01 secs] 
713.892: [CMS-concurrent-mark-start]
714.166: [CMS-concurrent-mark: 0.274/0.274 secs] [Times: user=0.28 sys=0.00, real=0.28 secs] 
714.166: [CMS-concurrent-preclean-start]
714.167: [CMS-concurrent-preclean: 0.001/0.002 secs] [Times: user=0.01 sys=0.00, real=0.00 secs] 
714.168: [CMS-concurrent-abortable-preclean-start]
 CMS: abort preclean due to time 719.184: [CMS-concurrent-abortable-preclean: 0.041/5.017 secs] [Times: user=0.16 sys=0.01, real=5.02 secs] 
719.185: [GC[YG occupancy: 10648 K (19136 K)]719.185: [Rescan (parallel) , 0.0121422 secs]719.197: [weak refs processing, 0.0003616 secs] [1 CMS-remark: 107775K(107776K)] 118424K(126912K), 0.0126126 secs] [Times: user=0.02 sys=0.00, real=0.01 secs] 
719.198: [CMS-concurrent-sweep-start]
719.261: [CMS-concurrent-sweep: 0.064/0.064 secs] [Times: user=0.06 sys=0.00, real=0.06 secs] 
719.261: [CMS-concurrent-reset-start]
719.262: [CMS-concurrent-reset: 0.001/0.001 secs] [Times: user=0.00 sys=0.00, real=0.00 secs] 
719.880: [GC [1 CMS-initial-mark: 107775K(107776K)] 118494K(126912K), 0.0124616 secs] [Times: user=0.01 sys=0.00, real=0.02 secs] 
719.893: [CMS-concurrent-mark-start]
720.266: [CMS-concurrent-mark: 0.373/0.373 secs] [Times: user=0.38 sys=0.00, real=0.37 secs] 
720.266: [CMS-concurrent-preclean-start]
720.268: [CMS-concurrent-preclean: 0.002/0.002 secs] [Times: user=0.01 sys=0.00, real=0.00 secs] 
720.268: [CMS-concurrent-abortable-preclean-start]
 CMS: abort preclean due to time 725.285: [CMS-concurrent-abortable-preclean: 0.039/5.016 secs] [Times: user=0.13 sys=0.01, real=5.02 secs] 
725.285: [GC[YG occupancy: 12264 K (19136 K)]725.285: [Rescan (parallel) , 0.0179746 secs]725.303: [weak refs processing, 0.0002278 secs] [1 CMS-remark: 107775K(107776K)] 120040K(126912K), 0.0183208 secs] [Times: user=0.06 sys=0.00, real=0.02 secs] 
725.304: [CMS-concurrent-sweep-start]
725.345: [CMS-concurrent-sweep: 0.041/0.041 secs] [Times: user=0.04 sys=0.00, real=0.04 secs] 
725.345: [CMS-concurrent-reset-start]
725.345: [CMS-concurrent-reset: 0.000/0.000 secs] [Times: user=0.00 sys=0.00, real=0.00 secs] 
725.876: [GC [1 CMS-initial-mark: 107775K(107776K)] 120109K(126912K), 0.0123154 secs] [Times: user=0.02 sys=0.00, real=0.01 secs] 
725.889: [CMS-concurrent-mark-start]
726.169: [CMS-concurrent-mark: 0.281/0.281 secs] [Times: user=0.29 sys=0.00, real=0.28 secs] 
726.169: [CMS-concurrent-preclean-start]
726.171: [CMS-concurrent-preclean: 0.001/0.002 secs] [Times: user=0.00 sys=0.00, real=0.00 secs] 
726.171: [CMS-concurrent-abortable-preclean-start]
 CMS: abort preclean due to time 731.185: [CMS-concurrent-abortable-preclean: 0.035/5.014 secs] [Times: user=0.14 sys=0.01, real=5.02 secs] 
731.185: [GC[YG occupancy: 13832 K (19136 K)]731.185: [Rescan (parallel) , 0.0154941 secs]731.200: [weak refs processing, 0.0002883 secs] [1 CMS-remark: 107775K(107776K)] 121608K(126912K), 0.0158828 secs] [Times: user=0.03 sys=0.00, real=0.01 secs] 
731.201: [CMS-concurrent-sweep-start]
731.259: [CMS-concurrent-sweep: 0.058/0.058 secs] [Times: user=0.06 sys=0.00, real=0.06 secs] 
731.259: [CMS-concurrent-reset-start]
731.260: [CMS-concurrent-reset: 0.001/0.001 secs] [Times: user=0.00 sys=0.00, real=0.00 secs] 
731.882: [GC [1 CMS-initial-mark: 107775K(107776K)] 121678K(126912K), 0.0172043 secs] [Times: user=0.01 sys=0.00, real=0.02 secs] 
731.899: [CMS-concurrent-mark-start]
732.232: [CMS-concurrent-mark: 0.333/0.333 secs] [Times: user=0.35 sys=0.00, real=0.33 secs] 
732.232: [CMS-concurrent-preclean-start]
732.234: [CMS-concurrent-preclean: 0.002/0.002 secs] [Times: user=0.00 sys=0.00, real=0.01 secs] 
732.234: [CMS-concurrent-abortable-preclean-start]
 CMS: abort preclean due to time 737.287: [CMS-concurrent-abortable-preclean: 0.032/5.053 secs] [Times: user=0.12 sys=0.01, real=5.05 secs] 
737.287: [GC[YG occupancy: 15323 K (19136 K)]737.287: [Rescan (parallel) , 0.0181762 secs]737.305: [weak refs processing, 0.0003717 secs] [1 CMS-remark: 107775K(107776K)] 123099K(126912K), 0.0186540 secs] [Times: user=0.04 sys=0.00, real=0.02 secs] 
737.306: [CMS-concurrent-sweep-start]
737.348: [CMS-concurrent-sweep: 0.042/0.042 secs] [Times: user=0.04 sys=0.00, real=0.04 secs] 
737.348: [CMS-concurrent-reset-start]
737.349: [CMS-concurrent-reset: 0.000/0.000 secs] [Times: user=0.00 sys=0.00, real=0.00 secs] 
737.884: [GC [1 CMS-initial-mark: 107775K(107776K)] 123168K(126912K), 0.0173384 secs] [Times: user=0.01 sys=0.00, real=0.01 secs] 
737.901: [CMS-concurrent-mark-start]
738.176: [CMS-concurrent-mark: 0.275/0.275 secs] [Times: user=0.29 sys=0.00, real=0.28 secs] 
738.176: [CMS-concurrent-preclean-start]
738.178: [CMS-concurrent-preclean: 0.001/0.002 secs] [Times: user=0.00 sys=0.00, real=0.00 secs] 
738.178: [CMS-concurrent-abortable-preclean-start]
 CMS: abort preclean due to time 743.189: [CMS-concurrent-abortable-preclean: 0.045/5.011 secs] [Times: user=0.14 sys=0.01, real=5.01 secs] 
743.189: [GC[YG occupancy: 16862 K (19136 K)]743.189: [Rescan (parallel) , 0.0221771 secs]743.211: [weak refs processing, 0.0002305 secs] [1 CMS-remark: 107775K(107776K)] 124638K(126912K), 0.0225155 secs] [Times: user=0.07 sys=0.01, real=0.02 secs] 
743.212: [CMS-concurrent-sweep-start]
743.252: [CMS-concurrent-sweep: 0.041/0.041 secs] [Times: user=0.04 sys=0.00, real=0.04 secs] 
743.252: [CMS-concurrent-reset-start]
743.253: [CMS-concurrent-reset: 0.000/0.000 secs] [Times: user=0.00 sys=0.00, real=0.01 secs] 
743.882: [GC [1 CMS-initial-mark: 107775K(107776K)] 124708K(126912K), 0.0183281 secs] [Times: user=0.02 sys=0.00, real=0.02 secs] 
743.901: [CMS-concurrent-mark-start]
744.182: [CMS-concurrent-mark: 0.281/0.281 secs] [Times: user=0.30 sys=0.00, real=0.28 secs] 
744.182: [CMS-concurrent-preclean-start]
744.183: [CMS-concurrent-preclean: 0.001/0.002 secs] [Times: user=0.00 sys=0.00, real=0.01 secs] 
744.183: [CMS-concurrent-abortable-preclean-start]
 CMS: abort preclean due to time 749.191: [CMS-concurrent-abortable-preclean: 0.045/5.008 secs] [Times: user=0.16 sys=0.00, real=5.00 secs] 
749.192: [GC[YG occupancy: 18377 K (19136 K)]749.192: [Rescan (parallel) , 0.0226820 secs]749.214: [weak refs processing, 0.0002300 secs] [1 CMS-remark: 107775K(107776K)] 126153K(126912K), 0.0230364 secs] [Times: user=0.07 sys=0.00, real=0.03 secs] 
749.215: [CMS-concurrent-sweep-start]
749.255: [CMS-concurrent-sweep: 0.041/0.041 secs] [Times: user=0.04 sys=0.00, real=0.04 secs] 
749.255: [CMS-concurrent-reset-start]
749.256: [CMS-concurrent-reset: 0.000/0.000 secs] [Times: user=0.00 sys=0.00, real=0.00 secs] 
749.886: [GC [1 CMS-initial-mark: 107775K(107776K)] 126211K(126912K), 0.0197039 secs] [Times: user=0.02 sys=0.00, real=0.02 secs] 
749.906: [CMS-concurrent-mark-start]
750.184: [CMS-concurrent-mark: 0.278/0.278 secs] [Times: user=0.29 sys=0.00, real=0.28 secs] 
750.184: [CMS-concurrent-preclean-start]
750.186: [CMS-concurrent-preclean: 0.001/0.002 secs] [Times: user=0.00 sys=0.00, real=0.00 secs] 
750.186: [CMS-concurrent-abortable-preclean-start]
751.995: [GC 751.995: [ParNew: 19135K->19135K(19136K), 0.0000190 secs]751.995: [CMS751.995: [CMS-concurrent-abortable-preclean: 0.017/1.809 secs] [Times: user=0.06 sys=0.00, real=1.81 secs] 
 (concurrent mode failure): 107775K->107775K(107776K), 0.5205145 secs] 126911K->111507K(126912K), [CMS Perm : 15791K->15785K(28412K)], 0.5206443 secs] [Times: user=0.52 sys=0.01, real=0.52 secs] 
752.617: [Full GC 752.617: [CMS: 107775K->107775K(107776K), 0.4720145 secs] 111667K->109315K(126912K), [CMS Perm : 15785K->15785K(28412K)], 0.4721121 secs] [Times: user=0.47 sys=0.00, real=0.47 secs] 
753.089: [GC [1 CMS-initial-mark: 107775K(107776K)] 109340K(126912K), 0.0023867 secs] [Times: user=0.01 sys=0.00, real=0.00 secs] 
753.092: [CMS-concurrent-mark-start]
753.370: [CMS-concurrent-mark: 0.278/0.278 secs] [Times: user=0.29 sys=0.00, real=0.28 secs] 
753.370: [CMS-concurrent-preclean-start]
753.538: [CMS-concurrent-preclean: 0.169/0.169 secs] [Times: user=0.17 sys=0.00, real=0.17 secs] 
753.539: [GC[YG occupancy: 1931 K (19136 K)]753.539: [Rescan (parallel) , 0.0020057 secs]753.541: [weak refs processing, 0.0003208 secs] [1 CMS-remark: 107775K(107776K)] 109707K(126912K), 0.0024196 secs] [Times: user=0.01 sys=0.00, real=0.00 secs] 
753.541: [CMS-concurrent-sweep-start]
753.582: [CMS-concurrent-sweep: 0.041/0.041 secs] [Times: user=0.04 sys=0.00, real=0.04 secs] 
753.582: [CMS-concurrent-reset-start]
753.582: [CMS-concurrent-reset: 0.000/0.000 secs] [Times: user=0.00 sys=0.00, real=0.00 secs] 
753.885: [GC [1 CMS-initial-mark: 107775K(107776K)] 109756K(126912K), 0.0038144 secs] [Times: user=0.00 sys=0.00, real=0.00 secs] 
753.889: [CMS-concurrent-mark-start]
754.167: [CMS-concurrent-mark: 0.278/0.278 secs] [Times: user=0.29 sys=0.01, real=0.28 secs] 
754.167: [CMS-concurrent-preclean-start]
754.168: [CMS-concurrent-preclean: 0.001/0.002 secs] [Times: user=0.00 sys=0.00, real=0.00 secs] 
754.168: [CMS-concurrent-abortable-preclean-start]
 CMS: abort preclean due to time 759.190: [CMS-concurrent-abortable-preclean: 0.045/5.022 secs] [Times: user=0.14 sys=0.00, real=5.02 secs] 
759.190: [GC[YG occupancy: 3509 K (19136 K)]759.190: [Rescan (parallel) , 0.0065200 secs]759.197: [weak refs processing, 0.0002696 secs] [1 CMS-remark: 107775K(107776K)] 111285K(126912K), 0.0069038 secs] [Times: user=0.03 sys=0.00, real=0.01 secs] 
759.197: [CMS-concurrent-sweep-start]
759.239: [CMS-concurrent-sweep: 0.042/0.042 secs] [Times: user=0.04 sys=0.00, real=0.04 secs] 
759.239: [CMS-concurrent-reset-start]
759.240: [CMS-concurrent-reset: 0.000/0.000 secs] [Times: user=0.00 sys=0.00, real=0.00 secs] 
759.886: [GC [1 CMS-initial-mark: 107775K(107776K)] 111296K(126912K), 0.0060542 secs] [Times: user=0.01 sys=0.00, real=0.00 secs] 
759.892: [CMS-concurrent-mark-start]
760.167: [CMS-concurrent-mark: 0.275/0.275 secs] [Times: user=0.29 sys=0.00, real=0.28 secs] 
760.167: [CMS-concurrent-preclean-start]
760.169: [CMS-concurrent-preclean: 0.001/0.001 secs] [Times: user=0.00 sys=0.00, real=0.00 secs] 
760.169: [CMS-concurrent-abortable-preclean-start]
 CMS: abort preclean due to time 765.192: [CMS-concurrent-abortable-preclean: 0.045/5.023 secs] [Times: user=0.14 sys=0.00, real=5.02 secs] 
765.192: [GC[YG occupancy: 5043 K (19136 K)]765.192: [Rescan (parallel) , 0.0083073 secs]765.201: [weak refs processing, 0.0002736 secs] [1 CMS-remark: 107775K(107776K)] 112819K(126912K), 0.0086941 secs] [Times: user=0.03 sys=0.01, real=0.01 secs] 
765.201: [CMS-concurrent-sweep-start]
765.243: [CMS-concurrent-sweep: 0.042/0.042 secs] [Times: user=0.04 sys=0.00, real=0.05 secs] 
765.243: [CMS-concurrent-reset-start]
765.244: [CMS-concurrent-reset: 0.000/0.000 secs] [Times: user=0.00 sys=0.00, real=0.00 secs] 
765.886: [GC [1 CMS-initial-mark: 107775K(107776K)] 112821K(126912K), 0.0079617 secs] [Times: user=0.01 sys=0.00, real=0.01 secs] 
765.894: [CMS-concurrent-mark-start]
766.170: [CMS-concurrent-mark: 0.276/0.276 secs] [Times: user=0.29 sys=0.00, real=0.27 secs] 
766.170: [CMS-concurrent-preclean-start]
766.171: [CMS-concurrent-preclean: 0.001/0.001 secs] [Times: user=0.00 sys=0.00, real=0.00 secs] 
766.171: [CMS-concurrent-abortable-preclean-start]
 CMS: abort preclean due to time 771.190: [CMS-concurrent-abortable-preclean: 0.044/5.019 secs] [Times: user=0.14 sys=0.01, real=5.02 secs] 
771.191: [GC[YG occupancy: 6566 K (19136 K)]771.191: [Rescan (parallel) , 0.0077467 secs]771.199: [weak refs processing, 0.0004369 secs] [1 CMS-remark: 107775K(107776K)] 114342K(126912K), 0.0082849 secs] [Times: user=0.01 sys=0.00, real=0.01 secs] 
771.200: [CMS-concurrent-sweep-start]
771.258: [CMS-concurrent-sweep: 0.058/0.058 secs] [Times: user=0.06 sys=0.00, real=0.06 secs] 
771.258: [CMS-concurrent-reset-start]
771.259: [CMS-concurrent-reset: 0.001/0.001 secs] [Times: user=0.00 sys=0.00, real=0.00 secs] 
771.885: [GC [1 CMS-initial-mark: 107775K(107776K)] 114352K(126912K), 0.0072395 secs] [Times: user=0.01 sys=0.00, real=0.00 secs] 
771.892: [CMS-concurrent-mark-start]
772.230: [CMS-concurrent-mark: 0.338/0.338 secs] [Times: user=0.35 sys=0.00, real=0.34 secs] 
772.230: [CMS-concurrent-preclean-start]
772.231: [CMS-concurrent-preclean: 0.002/0.002 secs] [Times: user=0.00 sys=0.00, real=0.00 secs] 
772.231: [CMS-concurrent-abortable-preclean-start]
 CMS: abort preclean due to time 777.293: [CMS-concurrent-abortable-preclean: 0.042/5.061 secs] [Times: user=0.14 sys=0.01, real=5.07 secs] 
777.293: [GC[YG occupancy: 8086 K (19136 K)]777.293: [Rescan (parallel) , 0.0134502 secs]777.307: [weak refs processing, 0.0002370 secs] [1 CMS-remark: 107775K(107776K)] 115862K(126912K), 0.0138193 secs] [Times: user=0.04 sys=0.00, real=0.01 secs] 
777.307: [CMS-concurrent-sweep-start]
777.349: [CMS-concurrent-sweep: 0.041/0.041 secs] [Times: user=0.04 sys=0.00, real=0.04 secs] 
777.349: [CMS-concurrent-reset-start]
777.349: [CMS-concurrent-reset: 0.000/0.000 secs] [Times: user=0.00 sys=0.00, real=0.00 secs] 
777.887: [GC [1 CMS-initial-mark: 107775K(107776K)] 115875K(126912K), 0.0101737 secs] [Times: user=0.01 sys=0.00, real=0.01 secs] 
777.897: [CMS-concurrent-mark-start]
778.173: [CMS-concurrent-mark: 0.276/0.276 secs] [Times: user=0.29 sys=0.00, real=0.28 secs] 
778.173: [CMS-concurrent-preclean-start]
778.174: [CMS-concurrent-preclean: 0.001/0.002 secs] [Times: user=0.00 sys=0.00, real=0.00 secs] 
778.174: [CMS-concurrent-abortable-preclean-start]
 CMS: abort preclean due to time 783.195: [CMS-concurrent-abortable-preclean: 0.046/5.021 secs] [Times: user=0.15 sys=0.01, real=5.02 secs] 
783.196: [GC[YG occupancy: 9631 K (19136 K)]783.196: [Rescan (parallel) , 0.0137906 secs]783.210: [weak refs processing, 0.0002242 secs] [1 CMS-remark: 107775K(107776K)] 117407K(126912K), 0.0141225 secs] [Times: user=0.04 sys=0.00, real=0.01 secs] 
783.210: [CMS-concurrent-sweep-start]
783.251: [CMS-concurrent-sweep: 0.041/0.041 secs] [Times: user=0.04 sys=0.00, real=0.04 secs] 
783.251: [CMS-concurrent-reset-start]
783.251: [CMS-concurrent-reset: 0.000/0.000 secs] [Times: user=0.00 sys=0.00, real=0.00 secs] 
783.538: [GC [1 CMS-initial-mark: 107775K(107776K)] 117490K(126912K), 0.0123777 secs] [Times: user=0.01 sys=0.00, real=0.01 secs] 
783.551: [CMS-concurrent-mark-start]
783.827: [CMS-concurrent-mark: 0.277/0.277 secs] [Times: user=0.28 sys=0.00, real=0.28 secs] 
783.827: [CMS-concurrent-preclean-start]
783.828: [CMS-concurrent-preclean: 0.001/0.001 secs] [Times: user=0.00 sys=0.00, real=0.00 secs] 
783.828: [CMS-concurrent-abortable-preclean-start]
 CMS: abort preclean due to time 788.890: [CMS-concurrent-abortable-preclean: 0.045/5.062 secs] [Times: user=0.15 sys=0.01, real=5.06 secs] 
788.890: [GC[YG occupancy: 10943 K (19136 K)]788.890: [Rescan (parallel) , 0.0132483 secs]788.904: [weak refs processing, 0.0002297 secs] [1 CMS-remark: 107775K(107776K)] 118719K(126912K), 0.0135901 secs] [Times: user=0.04 sys=0.00, real=0.02 secs] 
788.904: [CMS-concurrent-sweep-start]
788.946: [CMS-concurrent-sweep: 0.042/0.042 secs] [Times: user=0.05 sys=0.00, real=0.04 secs] 
788.946: [CMS-concurrent-reset-start]
788.947: [CMS-concurrent-reset: 0.001/0.001 secs] [Times: user=0.00 sys=0.00, real=0.00 secs] 
789.890: [GC [1 CMS-initial-mark: 107775K(107776K)] 119026K(126912K), 0.0128174 secs] [Times: user=0.01 sys=0.00, real=0.02 secs] 
789.903: [CMS-concurrent-mark-start]
790.185: [CMS-concurrent-mark: 0.283/0.283 secs] [Times: user=0.29 sys=0.00, real=0.28 secs] 
790.185: [CMS-concurrent-preclean-start]
790.187: [CMS-concurrent-preclean: 0.002/0.002 secs] [Times: user=0.01 sys=0.00, real=0.00 secs] 
790.188: [CMS-concurrent-abortable-preclean-start]
 CMS: abort preclean due to time 795.197: [CMS-concurrent-abortable-preclean: 0.044/5.009 secs] [Times: user=0.14 sys=0.00, real=5.01 secs] 
795.197: [GC[YG occupancy: 12625 K (19136 K)]795.197: [Rescan (parallel) , 0.0176044 secs]795.215: [weak refs processing, 0.0002237 secs] [1 CMS-remark: 107775K(107776K)] 120400K(126912K), 0.0179448 secs] [Times: user=0.06 sys=0.01, real=0.02 secs] 
795.215: [CMS-concurrent-sweep-start]
795.255: [CMS-concurrent-sweep: 0.040/0.040 secs] [Times: user=0.04 sys=0.00, real=0.04 secs] 
795.256: [CMS-concurrent-reset-start]
795.256: [CMS-concurrent-reset: 0.000/0.000 secs] [Times: user=0.00 sys=0.00, real=0.00 secs] 
795.891: [GC [1 CMS-initial-mark: 107775K(107776K)] 120411K(126912K), 0.0147474 secs] [Times: user=0.02 sys=0.00, real=0.02 secs] 
795.906: [CMS-concurrent-mark-start]
796.180: [CMS-concurrent-mark: 0.274/0.274 secs] [Times: user=0.28 sys=0.00, real=0.27 secs] 
796.180: [CMS-concurrent-preclean-start]
796.182: [CMS-concurrent-preclean: 0.001/0.002 secs] [Times: user=0.01 sys=0.00, real=0.00 secs] 
796.182: [CMS-concurrent-abortable-preclean-start]
 CMS: abort preclean due to time 801.196: [CMS-concurrent-abortable-preclean: 0.045/5.014 secs] [Times: user=0.14 sys=0.01, real=5.02 secs] 
801.196: [GC[YG occupancy: 14146 K (19136 K)]801.197: [Rescan (parallel) , 0.0185353 secs]801.215: [weak refs processing, 0.0002254 secs] [1 CMS-remark: 107775K(107776K)] 121921K(126912K), 0.0188792 secs] [Times: user=0.05 sys=0.00, real=0.02 secs] 
801.216: [CMS-concurrent-sweep-start]
801.256: [CMS-concurrent-sweep: 0.040/0.040 secs] [Times: user=0.04 sys=0.00, real=0.04 secs] 
801.256: [CMS-concurrent-reset-start]
801.257: [CMS-concurrent-reset: 0.000/0.000 secs] [Times: user=0.00 sys=0.00, real=0.00 secs] 
801.891: [GC [1 CMS-initial-mark: 107775K(107776K)] 121934K(126912K), 0.0154418 secs] [Times: user=0.02 sys=0.00, real=0.02 secs] 
801.907: [CMS-concurrent-mark-start]
802.182: [CMS-concurrent-mark: 0.275/0.275 secs] [Times: user=0.28 sys=0.00, real=0.27 secs] 
802.182: [CMS-concurrent-preclean-start]
802.183: [CMS-concurrent-preclean: 0.001/0.001 secs] [Times: user=0.00 sys=0.00, real=0.01 secs] 
802.183: [CMS-concurrent-abortable-preclean-start]
 CMS: abort preclean due to time 807.200: [CMS-concurrent-abortable-preclean: 0.047/5.017 secs] [Times: user=0.15 sys=0.01, real=5.01 secs] 
807.201: [GC[YG occupancy: 15534 K (19136 K)]807.201: [Rescan (parallel) , 0.0205608 secs]807.221: [weak refs processing, 0.0002302 secs] [1 CMS-remark: 107775K(107776K)] 123309K(126912K), 0.0209065 secs] [Times: user=0.06 sys=0.01, real=0.02 secs] 
807.222: [CMS-concurrent-sweep-start]
807.263: [CMS-concurrent-sweep: 0.041/0.041 secs] [Times: user=0.04 sys=0.00, real=0.05 secs] 
807.263: [CMS-concurrent-reset-start]
807.263: [CMS-concurrent-reset: 0.000/0.000 secs] [Times: user=0.00 sys=0.00, real=0.00 secs] 
807.893: [GC [1 CMS-initial-mark: 107775K(107776K)] 123469K(126912K), 0.0187662 secs] [Times: user=0.02 sys=0.00, real=0.01 secs] 
807.912: [CMS-concurrent-mark-start]
808.189: [CMS-concurrent-mark: 0.277/0.277 secs] [Times: user=0.29 sys=0.00, real=0.28 secs] 
808.189: [CMS-concurrent-preclean-start]
808.190: [CMS-concurrent-preclean: 0.001/0.002 secs] [Times: user=0.00 sys=0.00, real=0.00 secs] 
808.190: [CMS-concurrent-abortable-preclean-start]
 CMS: abort preclean due to time 813.199: [CMS-concurrent-abortable-preclean: 0.044/5.009 secs] [Times: user=0.14 sys=0.01, real=5.01 secs] 
813.200: [GC[YG occupancy: 17024 K (19136 K)]813.200: [Rescan (parallel) , 0.0226789 secs]813.223: [weak refs processing, 0.0002292 secs] [1 CMS-remark: 107775K(107776K)] 124799K(126912K), 0.0230297 secs] [Times: user=0.07 sys=0.00, real=0.03 secs] 
813.223: [CMS-concurrent-sweep-start]
813.263: [CMS-concurrent-sweep: 0.040/0.040 secs] [Times: user=0.04 sys=0.00, real=0.04 secs] 
813.263: [CMS-concurrent-reset-start]
813.264: [CMS-concurrent-reset: 0.000/0.000 secs] [Times: user=0.00 sys=0.00, real=0.00 secs] 
813.893: [GC [1 CMS-initial-mark: 107775K(107776K)] 124835K(126912K), 0.0195570 secs] [Times: user=0.02 sys=0.00, real=0.02 secs] 
813.913: [CMS-concurrent-mark-start]
814.186: [CMS-concurrent-mark: 0.273/0.273 secs] [Times: user=0.28 sys=0.00, real=0.27 secs] 
814.186: [CMS-concurrent-preclean-start]
814.188: [CMS-concurrent-preclean: 0.001/0.001 secs] [Times: user=0.00 sys=0.00, real=0.00 secs] 
814.188: [CMS-concurrent-abortable-preclean-start]
 CMS: abort preclean due to time 819.200: [CMS-concurrent-abortable-preclean: 0.046/5.012 secs] [Times: user=0.16 sys=0.01, real=5.01 secs] 
819.200: [GC[YG occupancy: 18483 K (19136 K)]819.200: [Rescan (parallel) , 0.0205554 secs]819.221: [weak refs processing, 0.0002623 secs] [1 CMS-remark: 107775K(107776K)] 126258K(126912K), 0.0209528 secs] [Times: user=0.05 sys=0.01, real=0.02 secs] 
819.222: [CMS-concurrent-sweep-start]
819.262: [CMS-concurrent-sweep: 0.041/0.041 secs] [Times: user=0.05 sys=0.00, real=0.05 secs] 
819.262: [CMS-concurrent-reset-start]
819.263: [CMS-concurrent-reset: 0.000/0.000 secs] [Times: user=0.00 sys=0.00, real=0.00 secs] 
819.894: [GC [1 CMS-initial-mark: 107775K(107776K)] 126319K(126912K), 0.0207603 secs] [Times: user=0.02 sys=0.00, real=0.02 secs] 
819.915: [CMS-concurrent-mark-start]
820.189: [CMS-concurrent-mark: 0.274/0.274 secs] [Times: user=0.29 sys=0.00, real=0.27 secs] 
820.189: [CMS-concurrent-preclean-start]
820.190: [CMS-concurrent-preclean: 0.001/0.002 secs] [Times: user=0.00 sys=0.00, real=0.00 secs] 
820.190: [CMS-concurrent-abortable-preclean-start]
821.903: [GC 821.903: [ParNew: 19135K->19135K(19136K), 0.0000194 secs]821.903: [CMS821.903: [CMS-concurrent-abortable-preclean: 0.015/1.713 secs] [Times: user=0.05 sys=0.00, real=1.72 secs] 
 (concurrent mode failure): 107775K->107775K(107776K), 0.5619365 secs] 126911K->111967K(126912K), [CMS Perm : 15791K->15786K(28412K)], 0.5620662 secs] [Times: user=0.56 sys=0.00, real=0.56 secs] 
822.667: [Full GC 822.667: [CMS: 107775K->107775K(107776K), 0.4846457 secs] 112256K->109355K(126912K), [CMS Perm : 15786K->15785K(28412K)], 0.4847400 secs] [Times: user=0.48 sys=0.00, real=0.48 secs] 
823.153: [GC [1 CMS-initial-mark: 107775K(107776K)] 109556K(126912K), 0.0026751 secs] [Times: user=0.00 sys=0.00, real=0.00 secs] 
823.156: [CMS-concurrent-mark-start]
823.429: [CMS-concurrent-mark: 0.272/0.272 secs] [Times: user=0.29 sys=0.00, real=0.27 secs] 
823.429: [CMS-concurrent-preclean-start]
823.588: [CMS-concurrent-preclean: 0.159/0.159 secs] [Times: user=0.16 sys=0.00, real=0.16 secs] 
823.588: [GC[YG occupancy: 2002 K (19136 K)]823.588: [Rescan (parallel) , 0.0019737 secs]823.590: [weak refs processing, 0.0002153 secs] [1 CMS-remark: 107775K(107776K)] 109778K(126912K), 0.0022616 secs] [Times: user=0.01 sys=0.00, real=0.00 secs] 
823.591: [CMS-concurrent-sweep-start]
823.630: [CMS-concurrent-sweep: 0.040/0.040 secs] [Times: user=0.04 sys=0.00, real=0.04 secs] 
823.630: [CMS-concurrent-reset-start]
823.631: [CMS-concurrent-reset: 0.000/0.000 secs] [Times: user=0.00 sys=0.00, real=0.00 secs] 
823.895: [GC [1 CMS-initial-mark: 107775K(107776K)] 109876K(126912K), 0.0038246 secs] [Times: user=0.01 sys=0.00, real=0.00 secs] 
823.899: [CMS-concurrent-mark-start]
824.173: [CMS-concurrent-mark: 0.275/0.275 secs] [Times: user=0.28 sys=0.00, real=0.28 secs] 
824.173: [CMS-concurrent-preclean-start]
824.175: [CMS-concurrent-preclean: 0.001/0.001 secs] [Times: user=0.01 sys=0.00, real=0.00 secs] 
824.175: [CMS-concurrent-abortable-preclean-start]
 CMS: abort preclean due to time 829.201: [CMS-concurrent-abortable-preclean: 0.047/5.026 secs] [Times: user=0.14 sys=0.01, real=5.02 secs] 
829.202: [GC[YG occupancy: 3534 K (19136 K)]829.202: [Rescan (parallel) , 0.0064999 secs]829.208: [weak refs processing, 0.0002688 secs] [1 CMS-remark: 107775K(107776K)] 111309K(126912K), 0.0068897 secs] [Times: user=0.02 sys=0.00, real=0.01 secs] 
829.209: [CMS-concurrent-sweep-start]
829.250: [CMS-concurrent-sweep: 0.041/0.041 secs] [Times: user=0.04 sys=0.00, real=0.04 secs] 
829.250: [CMS-concurrent-reset-start]
829.251: [CMS-concurrent-reset: 0.000/0.000 secs] [Times: user=0.00 sys=0.00, real=0.00 secs] 
829.894: [GC [1 CMS-initial-mark: 107775K(107776K)] 111368K(126912K), 0.0056197 secs] [Times: user=0.00 sys=0.00, real=0.00 secs] 
829.900: [CMS-concurrent-mark-start]
830.173: [CMS-concurrent-mark: 0.273/0.273 secs] [Times: user=0.29 sys=0.00, real=0.28 secs] 
830.173: [CMS-concurrent-preclean-start]
830.175: [CMS-concurrent-preclean: 0.001/0.001 secs] [Times: user=0.00 sys=0.00, real=0.00 secs] 
830.175: [CMS-concurrent-abortable-preclean-start]
 CMS: abort preclean due to time 835.203: [CMS-concurrent-abortable-preclean: 0.047/5.028 secs] [Times: user=0.15 sys=0.01, real=5.03 secs] 
835.204: [GC[YG occupancy: 5020 K (19136 K)]835.204: [Rescan (parallel) , 0.0080536 secs]835.212: [weak refs processing, 0.0002736 secs] [1 CMS-remark: 107775K(107776K)] 112796K(126912K), 0.0084404 secs] [Times: user=0.02 sys=0.00, real=0.00 secs] 
835.212: [CMS-concurrent-sweep-start]
835.253: [CMS-concurrent-sweep: 0.041/0.041 secs] [Times: user=0.04 sys=0.00, real=0.05 secs] 
835.253: [CMS-concurrent-reset-start]
835.254: [CMS-concurrent-reset: 0.000/0.000 secs] [Times: user=0.00 sys=0.00, real=0.00 secs] 
835.898: [GC [1 CMS-initial-mark: 107775K(107776K)] 112857K(126912K), 0.0083109 secs] [Times: user=0.01 sys=0.00, real=0.01 secs] 
835.906: [CMS-concurrent-mark-start]
836.180: [CMS-concurrent-mark: 0.274/0.274 secs] [Times: user=0.28 sys=0.00, real=0.27 secs] 
836.180: [CMS-concurrent-preclean-start]
836.181: [CMS-concurrent-preclean: 0.001/0.001 secs] [Times: user=0.00 sys=0.00, real=0.00 secs] 
836.181: [CMS-concurrent-abortable-preclean-start]
 CMS: abort preclean due to time 841.204: [CMS-concurrent-abortable-preclean: 0.047/5.022 secs] [Times: user=0.15 sys=0.01, real=5.03 secs] 
841.204: [GC[YG occupancy: 6504 K (19136 K)]841.204: [Rescan (parallel) , 0.0102556 secs]841.215: [weak refs processing, 0.0002479 secs] [1 CMS-remark: 107775K(107776K)] 114280K(126912K), 0.0106187 secs] [Times: user=0.03 sys=0.00, real=0.01 secs] 
841.215: [CMS-concurrent-sweep-start]
841.256: [CMS-concurrent-sweep: 0.041/0.041 secs] [Times: user=0.04 sys=0.00, real=0.04 secs] 
841.256: [CMS-concurrent-reset-start]
841.256: [CMS-concurrent-reset: 0.000/0.000 secs] [Times: user=0.00 sys=0.00, real=0.00 secs] 
841.897: [GC [1 CMS-initial-mark: 107775K(107776K)] 114339K(126912K), 0.0093664 secs] [Times: user=0.01 sys=0.00, real=0.01 secs] 
841.907: [CMS-concurrent-mark-start]
842.182: [CMS-concurrent-mark: 0.275/0.275 secs] [Times: user=0.29 sys=0.00, real=0.27 secs] 
842.182: [CMS-concurrent-preclean-start]
842.184: [CMS-concurrent-preclean: 0.001/0.001 secs] [Times: user=0.00 sys=0.00, real=0.01 secs] 
842.184: [CMS-concurrent-abortable-preclean-start]
 CMS: abort preclean due to time 847.206: [CMS-concurrent-abortable-preclean: 0.049/5.022 secs] [Times: user=0.15 sys=0.00, real=5.02 secs] 
847.207: [GC[YG occupancy: 8125 K (19136 K)]847.207: [Rescan (parallel) , 0.0133808 secs]847.220: [weak refs processing, 0.0002554 secs] [1 CMS-remark: 107775K(107776K)] 115901K(126912K), 0.0137825 secs] [Times: user=0.04 sys=0.01, real=0.01 secs] 
847.221: [CMS-concurrent-sweep-start]
847.261: [CMS-concurrent-sweep: 0.040/0.040 secs] [Times: user=0.04 sys=0.00, real=0.04 secs] 
847.261: [CMS-concurrent-reset-start]
847.262: [CMS-concurrent-reset: 0.000/0.000 secs] [Times: user=0.00 sys=0.00, real=0.00 secs] 
847.901: [GC [1 CMS-initial-mark: 107775K(107776K)] 115951K(126912K), 0.0109829 secs] [Times: user=0.01 sys=0.00, real=0.01 secs] 
847.912: [CMS-concurrent-mark-start]
848.187: [CMS-concurrent-mark: 0.275/0.275 secs] [Times: user=0.29 sys=0.00, real=0.28 secs] 
848.187: [CMS-concurrent-preclean-start]
848.188: [CMS-concurrent-preclean: 0.001/0.001 secs] [Times: user=0.00 sys=0.00, real=0.00 secs] 
848.188: [CMS-concurrent-abortable-preclean-start]
 CMS: abort preclean due to time 853.204: [CMS-concurrent-abortable-preclean: 0.048/5.016 secs] [Times: user=0.15 sys=0.01, real=5.02 secs] 
853.205: [GC[YG occupancy: 9624 K (19136 K)]853.205: [Rescan (parallel) , 0.0125158 secs]853.217: [weak refs processing, 0.0002305 secs] [1 CMS-remark: 107775K(107776K)] 117400K(126912K), 0.0128527 secs] [Times: user=0.04 sys=0.00, real=0.01 secs] 
853.218: [CMS-concurrent-sweep-start]
853.258: [CMS-concurrent-sweep: 0.040/0.040 secs] [Times: user=0.04 sys=0.00, real=0.04 secs] 
853.258: [CMS-concurrent-reset-start]
853.258: [CMS-concurrent-reset: 0.000/0.000 secs] [Times: user=0.00 sys=0.00, real=0.00 secs] 
853.902: [GC [1 CMS-initial-mark: 107775K(107776K)] 117459K(126912K), 0.0116003 secs] [Times: user=0.01 sys=0.00, real=0.02 secs] 
853.914: [CMS-concurrent-mark-start]
854.190: [CMS-concurrent-mark: 0.276/0.276 secs] [Times: user=0.28 sys=0.00, real=0.27 secs] 
854.190: [CMS-concurrent-preclean-start]
854.192: [CMS-concurrent-preclean: 0.001/0.001 secs] [Times: user=0.01 sys=0.00, real=0.00 secs] 
854.192: [CMS-concurrent-abortable-preclean-start]
 CMS: abort preclean due to time 859.208: [CMS-concurrent-abortable-preclean: 0.046/5.016 secs] [Times: user=0.14 sys=0.01, real=5.02 secs] 
859.208: [GC[YG occupancy: 11122 K (19136 K)]859.208: [Rescan (parallel) , 0.0153150 secs]859.223: [weak refs processing, 0.0002301 secs] [1 CMS-remark: 107775K(107776K)] 118898K(126912K), 0.0156539 secs] [Times: user=0.04 sys=0.00, real=0.02 secs] 
859.224: [CMS-concurrent-sweep-start]
859.264: [CMS-concurrent-sweep: 0.040/0.040 secs] [Times: user=0.04 sys=0.00, real=0.04 secs] 
859.264: [CMS-concurrent-reset-start]
859.265: [CMS-concurrent-reset: 0.000/0.000 secs] [Times: user=0.00 sys=0.00, real=0.00 secs] 
859.901: [GC [1 CMS-initial-mark: 107775K(107776K)] 118959K(126912K), 0.0133521 secs] [Times: user=0.01 sys=0.00, real=0.02 secs] 
859.915: [CMS-concurrent-mark-start]
860.190: [CMS-concurrent-mark: 0.275/0.275 secs] [Times: user=0.29 sys=0.00, real=0.27 secs] 
860.190: [CMS-concurrent-preclean-start]
860.192: [CMS-concurrent-preclean: 0.001/0.001 secs] [Times: user=0.00 sys=0.00, real=0.00 secs] 
860.192: [CMS-concurrent-abortable-preclean-start]
 CMS: abort preclean due to time 865.206: [CMS-concurrent-abortable-preclean: 0.046/5.014 secs] [Times: user=0.14 sys=0.00, real=5.02 secs] 
865.206: [GC[YG occupancy: 12619 K (19136 K)]865.206: [Rescan (parallel) , 0.0177803 secs]865.224: [weak refs processing, 0.0002303 secs] [1 CMS-remark: 107775K(107776K)] 120395K(126912K), 0.0181333 secs] [Times: user=0.06 sys=0.01, real=0.02 secs] 
865.224: [CMS-concurrent-sweep-start]
865.265: [CMS-concurrent-sweep: 0.040/0.040 secs] [Times: user=0.04 sys=0.00, real=0.04 secs] 
865.265: [CMS-concurrent-reset-start]
865.265: [CMS-concurrent-reset: 0.000/0.000 secs] [Times: user=0.00 sys=0.00, real=0.00 secs] 
865.902: [GC [1 CMS-initial-mark: 107775K(107776K)] 120458K(126912K), 0.0147166 secs] [Times: user=0.02 sys=0.00, real=0.02 secs] 
865.917: [CMS-concurrent-mark-start]
866.195: [CMS-concurrent-mark: 0.279/0.279 secs] [Times: user=0.29 sys=0.00, real=0.28 secs] 
866.195: [CMS-concurrent-preclean-start]
866.197: [CMS-concurrent-preclean: 0.001/0.001 secs] [Times: user=0.00 sys=0.00, real=0.00 secs] 
866.197: [CMS-concurrent-abortable-preclean-start]
 CMS: abort preclean due to time 871.208: [CMS-concurrent-abortable-preclean: 0.047/5.011 secs] [Times: user=0.14 sys=0.01, real=5.01 secs] 
871.208: [GC[YG occupancy: 14133 K (19136 K)]871.208: [Rescan (parallel) , 0.0186098 secs]871.227: [weak refs processing, 0.0002255 secs] [1 CMS-remark: 107775K(107776K)] 121908K(126912K), 0.0189513 secs] [Times: user=0.06 sys=0.00, real=0.02 secs] 
871.228: [CMS-concurrent-sweep-start]
871.268: [CMS-concurrent-sweep: 0.040/0.040 secs] [Times: user=0.04 sys=0.00, real=0.04 secs] 
871.268: [CMS-concurrent-reset-start]
871.269: [CMS-concurrent-reset: 0.000/0.000 secs] [Times: user=0.00 sys=0.00, real=0.00 secs] 
871.903: [GC [1 CMS-initial-mark: 107775K(107776K)] 121959K(126912K), 0.0156212 secs] [Times: user=0.01 sys=0.00, real=0.01 secs] 
871.919: [CMS-concurrent-mark-start]
872.194: [CMS-concurrent-mark: 0.275/0.275 secs] [Times: user=0.29 sys=0.00, real=0.28 secs] 
872.194: [CMS-concurrent-preclean-start]
872.196: [CMS-concurrent-preclean: 0.001/0.001 secs] [Times: user=0.00 sys=0.00, real=0.00 secs] 
872.196: [CMS-concurrent-abortable-preclean-start]
 CMS: abort preclean due to time 877.207: [CMS-concurrent-abortable-preclean: 0.045/5.012 secs] [Times: user=0.14 sys=0.01, real=5.01 secs] 
877.208: [GC[YG occupancy: 15631 K (19136 K)]877.208: [Rescan (parallel) , 0.0203642 secs]877.228: [weak refs processing, 0.0002318 secs] [1 CMS-remark: 107775K(107776K)] 123407K(126912K), 0.0207057 secs] [Times: user=0.06 sys=0.01, real=0.02 secs] 
877.228: [CMS-concurrent-sweep-start]
877.269: [CMS-concurrent-sweep: 0.040/0.040 secs] [Times: user=0.04 sys=0.00, real=0.04 secs] 
877.269: [CMS-concurrent-reset-start]
877.269: [CMS-concurrent-reset: 0.000/0.000 secs] [Times: user=0.00 sys=0.00, real=0.00 secs] 
877.902: [GC [1 CMS-initial-mark: 107775K(107776K)] 123467K(126912K), 0.0163866 secs] [Times: user=0.01 sys=0.00, real=0.02 secs] 
877.919: [CMS-concurrent-mark-start]
878.195: [CMS-concurrent-mark: 0.277/0.277 secs] [Times: user=0.30 sys=0.00, real=0.28 secs] 
878.195: [CMS-concurrent-preclean-start]
878.197: [CMS-concurrent-preclean: 0.001/0.001 secs] [Times: user=0.00 sys=0.00, real=0.00 secs] 
878.197: [CMS-concurrent-abortable-preclean-start]
 CMS: abort preclean due to time 883.209: [CMS-concurrent-abortable-preclean: 0.045/5.012 secs] [Times: user=0.14 sys=0.01, real=5.01 secs] 
883.209: [GC[YG occupancy: 17123 K (19136 K)]883.209: [Rescan (parallel) , 0.0224776 secs]883.232: [weak refs processing, 0.0002315 secs] [1 CMS-remark: 107775K(107776K)] 124899K(126912K), 0.0228218 secs] [Times: user=0.06 sys=0.00, real=0.02 secs] 
883.233: [CMS-concurrent-sweep-start]
883.276: [CMS-concurrent-sweep: 0.043/0.043 secs] [Times: user=0.05 sys=0.00, real=0.04 secs] 
883.276: [CMS-concurrent-reset-start]
883.277: [CMS-concurrent-reset: 0.000/0.000 secs] [Times: user=0.00 sys=0.00, real=0.00 secs] 
883.904: [GC [1 CMS-initial-mark: 107775K(107776K)] 124952K(126912K), 0.0173856 secs] [Times: user=0.02 sys=0.00, real=0.01 secs] 
883.921: [CMS-concurrent-mark-start]
884.197: [CMS-concurrent-mark: 0.276/0.276 secs] [Times: user=0.29 sys=0.00, real=0.28 secs] 
884.197: [CMS-concurrent-preclean-start]
884.199: [CMS-concurrent-preclean: 0.002/0.002 secs] [Times: user=0.00 sys=0.00, real=0.00 secs] 
884.199: [CMS-concurrent-abortable-preclean-start]
 CMS: abort preclean due to time 889.207: [CMS-concurrent-abortable-preclean: 0.044/5.008 secs] [Times: user=0.14 sys=0.01, real=5.01 secs] 
889.207: [GC[YG occupancy: 18599 K (19136 K)]889.207: [Rescan (parallel) , 0.0225921 secs]889.230: [weak refs processing, 0.0002318 secs] [1 CMS-remark: 107775K(107776K)] 126375K(126912K), 0.0229392 secs] [Times: user=0.07 sys=0.01, real=0.02 secs] 
889.230: [CMS-concurrent-sweep-start]
889.273: [CMS-concurrent-sweep: 0.042/0.042 secs] [Times: user=0.04 sys=0.00, real=0.05 secs] 
889.273: [CMS-concurrent-reset-start]
889.273: [CMS-concurrent-reset: 0.000/0.000 secs] [Times: user=0.00 sys=0.00, real=0.00 secs] 
889.904: [GC [1 CMS-initial-mark: 107775K(107776K)] 126433K(126912K), 0.0186826 secs] [Times: user=0.02 sys=0.00, real=0.02 secs] 
889.923: [CMS-concurrent-mark-start]
890.196: [CMS-concurrent-mark: 0.274/0.274 secs] [Times: user=0.28 sys=0.00, real=0.27 secs] 
890.196: [CMS-concurrent-preclean-start]
890.198: [CMS-concurrent-preclean: 0.001/0.002 secs] [Times: user=0.01 sys=0.00, real=0.00 secs] 
890.198: [CMS-concurrent-abortable-preclean-start]
891.902: [GC 891.902: [ParNew: 19135K->19135K(19136K), 0.0000209 secs]891.902: [CMS891.902: [CMS-concurrent-abortable-preclean: 0.012/1.704 secs] [Times: user=0.03 sys=0.00, real=1.70 secs] 
 (concurrent mode failure): 107775K->107775K(107776K), 0.5167676 secs] 126911K->111861K(126912K), [CMS Perm : 15795K->15789K(28412K)], 0.5168976 secs] [Times: user=0.52 sys=0.00, real=0.52 secs] 
892.424: [GC [1 CMS-initial-mark: 107775K(107776K)] 112112K(126912K), 0.0044820 secs] [Times: user=0.01 sys=0.00, real=0.00 secs] 
892.428: [CMS-concurrent-mark-start]
892.620: [Full GC 892.620: [CMS892.735: [CMS-concurrent-mark: 0.306/0.306 secs] [Times: user=0.35 sys=0.00, real=0.31 secs] 
 (concurrent mode interrupted): 107775K->107775K(107776K), 0.5920888 secs] 112209K->109364K(126912K), [CMS Perm : 15791K->15789K(28412K)], 0.5921830 secs] [Times: user=0.60 sys=0.01, real=0.60 secs] 
893.218: [GC [1 CMS-initial-mark: 107775K(107776K)] 109590K(126912K), 0.0024758 secs] [Times: user=0.00 sys=0.00, real=0.00 secs] 
893.220: [CMS-concurrent-mark-start]
893.493: [CMS-concurrent-mark: 0.273/0.273 secs] [Times: user=0.29 sys=0.00, real=0.28 secs] 
893.493: [CMS-concurrent-preclean-start]
893.653: [CMS-concurrent-preclean: 0.160/0.160 secs] [Times: user=0.15 sys=0.00, real=0.16 secs] 
893.653: [GC[YG occupancy: 1957 K (19136 K)]893.653: [Rescan (parallel) , 0.0020748 secs]893.655: [weak refs processing, 0.0002100 secs] [1 CMS-remark: 107775K(107776K)] 109733K(126912K), 0.0023571 secs] [Times: user=0.01 sys=0.00, real=0.00 secs] 
893.656: [CMS-concurrent-sweep-start]
893.696: [CMS-concurrent-sweep: 0.040/0.040 secs] [Times: user=0.04 sys=0.00, real=0.04 secs] 
893.696: [CMS-concurrent-reset-start]
893.697: [CMS-concurrent-reset: 0.000/0.000 secs] [Times: user=0.00 sys=0.00, real=0.00 secs] 
893.904: [GC [1 CMS-initial-mark: 107775K(107776K)] 109782K(126912K), 0.0037261 secs] [Times: user=0.00 sys=0.00, real=0.00 secs] 
893.908: [CMS-concurrent-mark-start]
894.183: [CMS-concurrent-mark: 0.276/0.276 secs] [Times: user=0.29 sys=0.00, real=0.28 secs] 
894.184: [CMS-concurrent-preclean-start]
894.185: [CMS-concurrent-preclean: 0.001/0.001 secs] [Times: user=0.00 sys=0.00, real=0.00 secs] 
894.185: [CMS-concurrent-abortable-preclean-start]
 CMS: abort preclean due to time 899.209: [CMS-concurrent-abortable-preclean: 0.046/5.024 secs] [Times: user=0.14 sys=0.01, real=5.02 secs] 
899.209: [GC[YG occupancy: 3507 K (19136 K)]899.210: [Rescan (parallel) , 0.0062773 secs]899.216: [weak refs processing, 0.0002877 secs] [1 CMS-remark: 107775K(107776K)] 111283K(126912K), 0.0066816 secs] [Times: user=0.02 sys=0.00, real=0.01 secs] 
899.216: [CMS-concurrent-sweep-start]
899.258: [CMS-concurrent-sweep: 0.042/0.042 secs] [Times: user=0.04 sys=0.00, real=0.04 secs] 
899.258: [CMS-concurrent-reset-start]
899.259: [CMS-concurrent-reset: 0.000/0.000 secs] [Times: user=0.00 sys=0.00, real=0.00 secs] 
899.904: [GC [1 CMS-initial-mark: 107775K(107776K)] 111294K(126912K), 0.0053494 secs] [Times: user=0.00 sys=0.00, real=0.00 secs] 
899.909: [CMS-concurrent-mark-start]
900.190: [CMS-concurrent-mark: 0.281/0.281 secs] [Times: user=0.30 sys=0.00, real=0.28 secs] 
900.191: [CMS-concurrent-preclean-start]
900.192: [CMS-concurrent-preclean: 0.001/0.001 secs] [Times: user=0.00 sys=0.00, real=0.00 secs] 
900.192: [CMS-concurrent-abortable-preclean-start]
 CMS: abort preclean due to time 905.208: [CMS-concurrent-abortable-preclean: 0.046/5.016 secs] [Times: user=0.17 sys=0.01, real=5.02 secs] 
905.209: [GC[YG occupancy: 5246 K (19136 K)]905.209: [Rescan (parallel) , 0.0082913 secs]905.217: [weak refs processing, 0.0002719 secs] [1 CMS-remark: 107775K(107776K)] 113022K(126912K), 0.0086866 secs] [Times: user=0.02 sys=0.00, real=0.01 secs] 
905.217: [CMS-concurrent-sweep-start]
905.259: [CMS-concurrent-sweep: 0.041/0.041 secs] [Times: user=0.04 sys=0.00, real=0.04 secs] 
905.259: [CMS-concurrent-reset-start]
905.259: [CMS-concurrent-reset: 0.000/0.000 secs] [Times: user=0.00 sys=0.00, real=0.00 secs] 
905.904: [GC [1 CMS-initial-mark: 107775K(107776K)] 113035K(126912K), 0.0077560 secs] [Times: user=0.01 sys=0.00, real=0.00 secs] 
905.912: [CMS-concurrent-mark-start]
906.187: [CMS-concurrent-mark: 0.275/0.275 secs] [Times: user=0.29 sys=0.00, real=0.28 secs] 
906.187: [CMS-concurrent-preclean-start]
906.189: [CMS-concurrent-preclean: 0.001/0.001 secs] [Times: user=0.00 sys=0.00, real=0.00 secs] 
906.189: [CMS-concurrent-abortable-preclean-start]
 CMS: abort preclean due to time 911.210: [CMS-concurrent-abortable-preclean: 0.045/5.021 secs] [Times: user=0.14 sys=0.01, real=5.02 secs] 
911.210: [GC[YG occupancy: 6744 K (19136 K)]911.210: [Rescan (parallel) , 0.0105657 secs]911.221: [weak refs processing, 0.0002473 secs] [1 CMS-remark: 107775K(107776K)] 114520K(126912K), 0.0109183 secs] [Times: user=0.03 sys=0.00, real=0.01 secs] 
911.221: [CMS-concurrent-sweep-start]
911.262: [CMS-concurrent-sweep: 0.041/0.041 secs] [Times: user=0.04 sys=0.00, real=0.05 secs] 
911.262: [CMS-concurrent-reset-start]
911.263: [CMS-concurrent-reset: 0.000/0.000 secs] [Times: user=0.00 sys=0.00, real=0.00 secs] 
911.904: [GC [1 CMS-initial-mark: 107775K(107776K)] 114533K(126912K), 0.0073648 secs] [Times: user=0.00 sys=0.00, real=0.00 secs] 
911.911: [CMS-concurrent-mark-start]
912.185: [CMS-concurrent-mark: 0.274/0.274 secs] [Times: user=0.28 sys=0.01, real=0.28 secs] 
912.185: [CMS-concurrent-preclean-start]
912.187: [CMS-concurrent-preclean: 0.001/0.002 secs] [Times: user=0.00 sys=0.00, real=0.00 secs] 
912.187: [CMS-concurrent-abortable-preclean-start]
 CMS: abort preclean due to time 917.210: [CMS-concurrent-abortable-preclean: 0.045/5.023 secs] [Times: user=0.13 sys=0.00, real=5.02 secs] 
917.210: [GC[YG occupancy: 8240 K (19136 K)]917.210: [Rescan (parallel) , 0.0134027 secs]917.223: [weak refs processing, 0.0002301 secs] [1 CMS-remark: 107775K(107776K)] 116016K(126912K), 0.0137544 secs] [Times: user=0.04 sys=0.01, real=0.02 secs] 
917.224: [CMS-concurrent-sweep-start]
917.264: [CMS-concurrent-sweep: 0.041/0.041 secs] [Times: user=0.04 sys=0.00, real=0.04 secs] 
917.264: [CMS-concurrent-reset-start]
917.265: [CMS-concurrent-reset: 0.000/0.000 secs] [Times: user=0.00 sys=0.00, real=0.00 secs] 
917.905: [GC [1 CMS-initial-mark: 107775K(107776K)] 116030K(126912K), 0.0097673 secs] [Times: user=0.01 sys=0.00, real=0.01 secs] 
917.915: [CMS-concurrent-mark-start]
918.190: [CMS-concurrent-mark: 0.275/0.275 secs] [Times: user=0.29 sys=0.00, real=0.27 secs] 
918.190: [CMS-concurrent-preclean-start]
918.192: [CMS-concurrent-preclean: 0.001/0.001 secs] [Times: user=0.00 sys=0.00, real=0.00 secs] 
918.192: [CMS-concurrent-abortable-preclean-start]
 CMS: abort preclean due to time 923.212: [CMS-concurrent-abortable-preclean: 0.045/5.020 secs] [Times: user=0.13 sys=0.01, real=5.02 secs] 
923.212: [GC[YG occupancy: 9734 K (19136 K)]923.212: [Rescan (parallel) , 0.0129821 secs]923.225: [weak refs processing, 0.0002288 secs] [1 CMS-remark: 107775K(107776K)] 117510K(126912K), 0.0133244 secs] [Times: user=0.04 sys=0.00, real=0.02 secs] 
923.226: [CMS-concurrent-sweep-start]
923.266: [CMS-concurrent-sweep: 0.041/0.041 secs] [Times: user=0.04 sys=0.00, real=0.04 secs] 
923.266: [CMS-concurrent-reset-start]
923.267: [CMS-concurrent-reset: 0.000/0.000 secs] [Times: user=0.00 sys=0.00, real=0.00 secs] 
923.907: [GC [1 CMS-initial-mark: 107775K(107776K)] 117521K(126912K), 0.0112811 secs] [Times: user=0.01 sys=0.00, real=0.01 secs] 
923.918: [CMS-concurrent-mark-start]
924.198: [CMS-concurrent-mark: 0.280/0.280 secs] [Times: user=0.29 sys=0.00, real=0.28 secs] 
924.198: [CMS-concurrent-preclean-start]
924.200: [CMS-concurrent-preclean: 0.001/0.001 secs] [Times: user=0.00 sys=0.00, real=0.00 secs] 
924.200: [CMS-concurrent-abortable-preclean-start]
 CMS: abort preclean due to time 929.214: [CMS-concurrent-abortable-preclean: 0.045/5.014 secs] [Times: user=0.14 sys=0.01, real=5.02 secs] 
929.215: [GC[YG occupancy: 11236 K (19136 K)]929.215: [Rescan (parallel) , 0.0158070 secs]929.231: [weak refs processing, 0.0002365 secs] [1 CMS-remark: 107775K(107776K)] 119012K(126912K), 0.0161628 secs] [Times: user=0.05 sys=0.00, real=0.01 secs] 
929.231: [CMS-concurrent-sweep-start]
929.272: [CMS-concurrent-sweep: 0.041/0.041 secs] [Times: user=0.04 sys=0.00, real=0.04 secs] 
929.272: [CMS-concurrent-reset-start]
929.272: [CMS-concurrent-reset: 0.000/0.000 secs] [Times: user=0.00 sys=0.00, real=0.00 secs] 
929.908: [GC [1 CMS-initial-mark: 107775K(107776K)] 119014K(126912K), 0.0120932 secs] [Times: user=0.01 sys=0.00, real=0.01 secs] 
929.920: [CMS-concurrent-mark-start]
930.194: [CMS-concurrent-mark: 0.274/0.274 secs] [Times: user=0.29 sys=0.00, real=0.28 secs] 
930.194: [CMS-concurrent-preclean-start]
930.196: [CMS-concurrent-preclean: 0.001/0.001 secs] [Times: user=0.00 sys=0.00, real=0.00 secs] 
930.196: [CMS-concurrent-abortable-preclean-start]
 CMS: abort preclean due to time 935.213: [CMS-concurrent-abortable-preclean: 0.045/5.017 secs] [Times: user=0.14 sys=0.01, real=5.02 secs] 
935.213: [GC[YG occupancy: 12613 K (19136 K)]935.213: [Rescan (parallel) , 0.0176868 secs]935.231: [weak refs processing, 0.0002309 secs] [1 CMS-remark: 107775K(107776K)] 120389K(126912K), 0.0180472 secs] [Times: user=0.05 sys=0.01, real=0.01 secs] 
935.232: [CMS-concurrent-sweep-start]
935.273: [CMS-concurrent-sweep: 0.041/0.041 secs] [Times: user=0.04 sys=0.00, real=0.05 secs] 
935.273: [CMS-concurrent-reset-start]
935.273: [CMS-concurrent-reset: 0.000/0.000 secs] [Times: user=0.00 sys=0.00, real=0.00 secs] 
935.910: [GC [1 CMS-initial-mark: 107775K(107776K)] 120531K(126912K), 0.0133660 secs] [Times: user=0.01 sys=0.00, real=0.02 secs] 
935.923: [CMS-concurrent-mark-start]
936.202: [CMS-concurrent-mark: 0.278/0.278 secs] [Times: user=0.29 sys=0.00, real=0.27 secs] 
936.202: [CMS-concurrent-preclean-start]
936.203: [CMS-concurrent-preclean: 0.001/0.002 secs] [Times: user=0.00 sys=0.00, real=0.01 secs] 
936.203: [CMS-concurrent-abortable-preclean-start]
 CMS: abort preclean due to time 941.216: [CMS-concurrent-abortable-preclean: 0.045/5.013 secs] [Times: user=0.13 sys=0.00, real=5.01 secs] 
941.216: [GC[YG occupancy: 14108 K (19136 K)]941.216: [Rescan (parallel) , 0.0190021 secs]941.235: [weak refs processing, 0.0002399 secs] [1 CMS-remark: 107775K(107776K)] 121884K(126912K), 0.0193545 secs] [Times: user=0.06 sys=0.01, real=0.02 secs] 
941.236: [CMS-concurrent-sweep-start]
941.276: [CMS-concurrent-sweep: 0.040/0.040 secs] [Times: user=0.04 sys=0.00, real=0.04 secs] 
941.276: [CMS-concurrent-reset-start]
941.277: [CMS-concurrent-reset: 0.000/0.000 secs] [Times: user=0.00 sys=0.00, real=0.00 secs] 
941.910: [GC [1 CMS-initial-mark: 107775K(107776K)] 122029K(126912K), 0.0148419 secs] [Times: user=0.01 sys=0.00, real=0.02 secs] 
941.926: [CMS-concurrent-mark-start]
942.202: [CMS-concurrent-mark: 0.276/0.276 secs] [Times: user=0.29 sys=0.00, real=0.27 secs] 
942.202: [CMS-concurrent-preclean-start]
942.203: [CMS-concurrent-preclean: 0.001/0.001 secs] [Times: user=0.00 sys=0.00, real=0.01 secs] 
942.203: [CMS-concurrent-abortable-preclean-start]
 CMS: abort preclean due to time 947.218: [CMS-concurrent-abortable-preclean: 0.041/5.014 secs] [Times: user=0.14 sys=0.01, real=5.01 secs] 
947.218: [GC[YG occupancy: 15607 K (19136 K)]947.218: [Rescan (parallel) , 0.0210911 secs]947.239: [weak refs processing, 0.0002309 secs] [1 CMS-remark: 107775K(107776K)] 123383K(126912K), 0.0214267 secs] [Times: user=0.06 sys=0.00, real=0.02 secs] 
947.239: [CMS-concurrent-sweep-start]
947.281: [CMS-concurrent-sweep: 0.041/0.041 secs] [Times: user=0.04 sys=0.00, real=0.04 secs] 
947.281: [CMS-concurrent-reset-start]
947.281: [CMS-concurrent-reset: 0.000/0.000 secs] [Times: user=0.00 sys=0.00, real=0.00 secs] 
947.912: [GC [1 CMS-initial-mark: 107775K(107776K)] 123525K(126912K), 0.0145145 secs] [Times: user=0.01 sys=0.00, real=0.02 secs] 
947.927: [CMS-concurrent-mark-start]
948.203: [CMS-concurrent-mark: 0.276/0.276 secs] [Times: user=0.29 sys=0.00, real=0.28 secs] 
948.203: [CMS-concurrent-preclean-start]
948.205: [CMS-concurrent-preclean: 0.001/0.001 secs] [Times: user=0.00 sys=0.00, real=0.00 secs] 
948.205: [CMS-concurrent-abortable-preclean-start]
 CMS: abort preclean due to time 953.218: [CMS-concurrent-abortable-preclean: 0.045/5.013 secs] [Times: user=0.13 sys=0.01, real=5.01 secs] 
953.219: [GC[YG occupancy: 17057 K (19136 K)]953.219: [Rescan (parallel) , 0.0224375 secs]953.241: [weak refs processing, 0.0002839 secs] [1 CMS-remark: 107775K(107776K)] 124833K(126912K), 0.0228507 secs] [Times: user=0.07 sys=0.01, real=0.02 secs] 
953.242: [CMS-concurrent-sweep-start]
953.284: [CMS-concurrent-sweep: 0.042/0.042 secs] [Times: user=0.04 sys=0.00, real=0.05 secs] 
953.284: [CMS-concurrent-reset-start]
953.285: [CMS-concurrent-reset: 0.000/0.000 secs] [Times: user=0.00 sys=0.00, real=0.00 secs] 
953.913: [GC [1 CMS-initial-mark: 107775K(107776K)] 124888K(126912K), 0.0192391 secs] [Times: user=0.02 sys=0.00, real=0.02 secs] 
953.933: [CMS-concurrent-mark-start]
954.211: [CMS-concurrent-mark: 0.278/0.278 secs] [Times: user=0.29 sys=0.00, real=0.27 secs] 
954.211: [CMS-concurrent-preclean-start]
954.213: [CMS-concurrent-preclean: 0.001/0.002 secs] [Times: user=0.00 sys=0.00, real=0.01 secs] 
954.213: [CMS-concurrent-abortable-preclean-start]
956.212: [Full GC 956.212: [CMS956.212: [CMS-concurrent-abortable-preclean: 0.019/1.999 secs] [Times: user=0.08 sys=0.00, real=1.99 secs] 
 (concurrent mode interrupted): 107775K->107775K(107776K), 0.5575160 secs] 125608K->111673K(126912K), [CMS Perm : 15837K->15812K(28412K)], 0.5576108 secs] [Times: user=0.55 sys=0.01, real=0.56 secs] 
956.770: [Full GC 956.770: [CMS: 107775K->107775K(107776K), 0.5258457 secs] 111747K->111672K(126912K), [CMS Perm : 15815K->15815K(28412K)], 0.5259310 secs] [Times: user=0.52 sys=0.00, real=0.53 secs] 
957.297: [GC [1 CMS-initial-mark: 107775K(107776K)] 111672K(126912K), 0.0039353 secs] [Times: user=0.01 sys=0.00, real=0.00 secs] 
957.301: [CMS-concurrent-mark-start]
957.366: [Full GC (System) 957.366: [CMS957.605: [CMS-concurrent-mark: 0.284/0.304 secs] [Times: user=0.37 sys=0.01, real=0.31 secs] 
 (concurrent mode interrupted): 107775K->107775K(107776K), 0.7612484 secs] 112143K->110736K(126912K), [CMS Perm : 15863K->15839K(28412K)], 0.7613429 secs] [Times: user=0.76 sys=0.00, real=0.76 secs] 
958.138: [GC [1 CMS-initial-mark: 107775K(107776K)] 111207K(126912K), 0.0050859 secs] [Times: user=0.01 sys=0.00, real=0.01 secs] 
958.144: [CMS-concurrent-mark-start]
958.186: [Full GC 958.186: [CMS958.350: [CMS-concurrent-mark: 0.205/0.206 secs] [Times: user=0.23 sys=0.00, real=0.20 secs] 
 (concurrent mode interrupted): 107775K->33389K(107776K), 0.6759994 secs] 111222K->33389K(126912K), [CMS Perm : 15871K->15860K(28412K)], 0.6761109 secs] [Times: user=0.68 sys=0.00, real=0.67 secs] 
Heap
 par new generation   total 19136K, used 1637K [106810000, 107cd0000, 107cd0000)
  eden space 17024K,   9% used [106810000, 1069a94c0, 1078b0000)
  from space 2112K,   0% used [107ac0000, 107ac0000, 107cd0000)
  to   space 2112K,   0% used [1078b0000, 1078b0000, 107ac0000)
 concurrent mark-sweep generation total 107776K, used 33389K [107cd0000, 10e610000, 10e610000)
 concurrent-mark-sweep perm gen total 28412K, used 15867K [10e610000, 1101cf000, 113a10000)
