2014-03-04T06:08:56.588+0000: 2.573: [GC2014-03-04T06:08:56.588+0000: 2.573: [ParNew
Desired survivor size 8716288 bytes, new threshold 1 (max 6)
- age   1:   17374440 bytes,   17374440 total
: 136320K->17024K(153344K), 0.0436760 secs] 136320K->19838K(1031552K), 0.0438400 secs] [Times: user=0.04 sys=0.02, real=0.04 secs] 
2014-03-04T06:08:57.902+0000: 3.887: [GC2014-03-04T06:08:57.902+0000: 3.887: [ParNew
Desired survivor size 8716288 bytes, new threshold 1 (max 6)
- age   1:   15890656 bytes,   15890656 total
: 153344K->17024K(153344K), 0.1019910 secs] 156158K->44204K(1031552K), 0.1020910 secs] [Times: user=0.15 sys=0.01, real=0.10 secs] 
2014-03-04T06:08:59.033+0000: 5.018: [GC [1 CMS-initial-mark: 27180K(878208K)] 89399K(1031552K), 0.0260930 secs] [Times: user=0.05 sys=0.00, real=0.03 secs] 
2014-03-04T06:08:59.066+0000: 5.051: [CMS-concurrent-mark-start]
2014-03-04T06:08:59.154+0000: 5.139: [CMS-concurrent-mark: 0.088/0.088 secs] [Times: user=0.15 sys=0.03, real=0.09 secs] 
2014-03-04T06:08:59.155+0000: 5.139: [CMS-concurrent-preclean-start]
2014-03-04T06:08:59.191+0000: 5.176: [CMS-concurrent-preclean: 0.026/0.037 secs] [Times: user=0.07 sys=0.00, real=0.03 secs] 
2014-03-04T06:08:59.191+0000: 5.176: [CMS-concurrent-abortable-preclean-start]
2014-03-04T06:09:00.022+0000: 6.006: [GC2014-03-04T06:09:00.022+0000: 6.006: [ParNew2014-03-04T06:09:00.102+0000: 6.086: [CMS-concurrent-abortable-preclean: 0.465/0.910 secs] [Times: user=1.56 sys=0.23, real=0.91 secs] 

Desired survivor size 8716288 bytes, new threshold 1 (max 6)
- age   1:   11332808 bytes,   11332808 total
: 153344K->17024K(153344K), 0.1086770 secs] 180524K->62186K(1031552K), 0.1087890 secs] [Times: user=0.21 sys=0.01, real=0.11 secs] 
2014-03-04T06:09:00.148+0000: 6.133: [GC[YG occupancy: 18921 K (153344 K)]2014-03-04T06:09:00.148+0000: 6.133: [Rescan (parallel) , 0.0326430 secs]2014-03-04T06:09:00.181+0000: 6.165: [weak refs processing, 0.0007520 secs]2014-03-04T06:09:00.181+0000: 6.166: [class unloading, 0.0014480 secs]2014-03-04T06:09:00.183+0000: 6.168: [scrub symbol table, 0.0023190 secs]2014-03-04T06:09:00.185+0000: 6.170: [scrub string table, 0.0004430 secs] [1 CMS-remark: 45162K(878208K)] 64084K(1031552K), 0.0382190 secs] [Times: user=0.08 sys=0.00, real=0.04 secs] 
2014-03-04T06:09:00.189+0000: 6.174: [CMS-concurrent-sweep-start]
2014-03-04T06:09:00.309+0000: 6.293: [CMS-concurrent-sweep: 0.073/0.120 secs] [Times: user=0.21 sys=0.02, real=0.12 secs] 
2014-03-04T06:09:00.309+0000: 6.294: [CMS-concurrent-reset-start]
2014-03-04T06:09:00.477+0000: 6.462: [CMS-concurrent-reset: 0.159/0.168 secs] [Times: user=0.26 sys=0.07, real=0.17 secs] 
2014-03-04T06:09:02.002+0000: 7.987: [GC2014-03-04T06:09:02.002+0000: 7.987: [ParNew
Desired survivor size 8716288 bytes, new threshold 1 (max 6)
- age   1:   17335416 bytes,   17335416 total
: 153344K->17024K(153344K), 0.0942920 secs] 182616K->74203K(1031552K), 0.0943970 secs] [Times: user=0.12 sys=0.02, real=0.09 secs] 
2014-03-04T06:09:04.177+0000: 10.162: [GC2014-03-04T06:09:04.177+0000: 10.162: [ParNew
Desired survivor size 8716288 bytes, new threshold 1 (max 6)
- age   1:   17361744 bytes,   17361744 total
: 153344K->17024K(153344K), 0.1022020 secs] 210523K->108833K(1031552K), 0.1023100 secs] [Times: user=0.13 sys=0.02, real=0.10 secs] 
2014-03-04T06:09:04.875+0000: 10.859: [GC2014-03-04T06:09:04.875+0000: 10.859: [ParNew
Desired survivor size 8716288 bytes, new threshold 1 (max 6)
- age   1:   17416920 bytes,   17416920 total
: 153344K->17024K(153344K), 0.0964800 secs] 245153K->145407K(1031552K), 0.0965770 secs] [Times: user=0.13 sys=0.03, real=0.09 secs] 
2014-03-04T06:09:04.972+0000: 10.956: [GC2014-03-04T06:09:04.972+0000: 10.956: [ParNew
Desired survivor size 8716288 bytes, new threshold 6 (max 6)
- age   1:        208 bytes,        208 total
: 17459K->16820K(153344K), 0.0377670 secs] 145842K->162225K(1031552K), 0.0378370 secs] [Times: user=0.06 sys=0.01, real=0.04 secs] 
2014-03-04T06:09:05.519+0000: 11.504: [GC2014-03-04T06:09:05.519+0000: 11.504: [ParNew
Desired survivor size 8716288 bytes, new threshold 1 (max 6)
- age   1:   17414360 bytes,   17414360 total
: 153141K->17024K(153344K), 0.0686480 secs] 298547K->180774K(1031552K), 0.0687600 secs] [Times: user=0.07 sys=0.02, real=0.07 secs] 
2014-03-04T06:09:06.150+0000: 12.135: [GC2014-03-04T06:09:06.150+0000: 12.135: [ParNew
Desired survivor size 8716288 bytes, new threshold 1 (max 6)
- age   1:   13277424 bytes,   13277424 total
: 153344K->17024K(153344K), 0.1135000 secs] 317095K->222929K(1031552K), 0.1135950 secs] [Times: user=0.14 sys=0.04, real=0.12 secs] 
2014-03-04T06:09:06.264+0000: 12.249: [GC2014-03-04T06:09:06.264+0000: 12.249: [ParNew
Desired survivor size 8716288 bytes, new threshold 6 (max 6)
- age   1:       4256 bytes,       4256 total
: 17296K->13176K(153344K), 0.0305390 secs] 223202K->232057K(1031552K), 0.0306100 secs] [Times: user=0.05 sys=0.00, real=0.03 secs] 
2014-03-04T06:09:06.832+0000: 12.817: [GC2014-03-04T06:09:06.832+0000: 12.817: [ParNew
Desired survivor size 8716288 bytes, new threshold 1 (max 6)
- age   1:   17376320 bytes,   17376320 total
- age   2:       2136 bytes,   17378456 total
: 149496K->17024K(153344K), 0.0763870 secs] 368377K->256830K(1031552K), 0.0764830 secs] [Times: user=0.09 sys=0.01, real=0.08 secs] 
2014-03-04T06:09:07.466+0000: 13.451: [GC2014-03-04T06:09:07.466+0000: 13.451: [ParNew
Desired survivor size 8716288 bytes, new threshold 1 (max 6)
- age   1:   17416200 bytes,   17416200 total
: 153344K->17024K(153344K), 0.1099530 secs] 393150K->294048K(1031552K), 0.1100480 secs] [Times: user=0.14 sys=0.02, real=0.11 secs] 
2014-03-04T06:09:08.314+0000: 14.299: [GC2014-03-04T06:09:08.314+0000: 14.299: [ParNew
Desired survivor size 8716288 bytes, new threshold 6 (max 6)
- age   1:    7164752 bytes,    7164752 total
: 153344K->17024K(153344K), 0.0657340 secs] 430368K->318379K(1031552K), 0.0658310 secs] [Times: user=0.08 sys=0.03, real=0.06 secs] 
2014-03-04T06:09:10.326+0000: 16.311: [GC2014-03-04T06:09:10.326+0000: 16.311: [ParNew
Desired survivor size 8716288 bytes, new threshold 2 (max 6)
- age   1:    7242384 bytes,    7242384 total
- age   2:    5729624 bytes,   12972008 total
: 153343K->16042K(153344K), 0.0181380 secs] 454699K->317397K(1031552K), 0.0182240 secs] [Times: user=0.03 sys=0.00, real=0.02 secs] 
2014-03-04T06:09:11.434+0000: 17.419: [GC [1 CMS-initial-mark: 301355K(878208K)] 408211K(1031552K), 0.0464320 secs] [Times: user=0.07 sys=0.00, real=0.04 secs] 
2014-03-04T06:09:11.483+0000: 17.468: [CMS-concurrent-mark-start]
2014-03-04T06:09:11.738+0000: 17.723: [CMS-concurrent-mark: 0.231/0.254 secs] [Times: user=0.49 sys=0.02, real=0.25 secs] 
2014-03-04T06:09:11.738+0000: 17.723: [CMS-concurrent-preclean-start]
2014-03-04T06:09:11.779+0000: 17.764: [CMS-concurrent-preclean: 0.014/0.042 secs] [Times: user=0.08 sys=0.00, real=0.04 secs] 
2014-03-04T06:09:11.779+0000: 17.764: [CMS-concurrent-abortable-preclean-start]
2014-03-04T06:09:13.359+0000: 19.343: [GC2014-03-04T06:09:13.359+0000: 19.343: [ParNew2014-03-04T06:09:13.375+0000: 19.360: [CMS-concurrent-abortable-preclean: 1.183/1.596 secs] [Times: user=2.99 sys=0.11, real=1.60 secs] 

Desired survivor size 8716288 bytes, new threshold 1 (max 6)
- age   1:    9153032 bytes,    9153032 total
- age   2:    2485688 bytes,   11638720 total
: 152362K->12421K(153344K), 0.0342820 secs] 453717K->318998K(1031552K), 0.0343600 secs] [Times: user=0.07 sys=0.00, real=0.03 secs] 
2014-03-04T06:09:13.394+0000: 19.379: [GC[YG occupancy: 14738 K (153344 K)]2014-03-04T06:09:13.394+0000: 19.379: [Rescan (parallel) , 0.0128770 secs]2014-03-04T06:09:13.407+0000: 19.392: [weak refs processing, 0.0117130 secs]2014-03-04T06:09:13.419+0000: 19.404: [class unloading, 0.0032340 secs]2014-03-04T06:09:13.422+0000: 19.407: [scrub symbol table, 0.0029690 secs]2014-03-04T06:09:13.425+0000: 19.410: [scrub string table, 0.0004790 secs] [1 CMS-remark: 306576K(878208K)] 321315K(1031552K), 0.0328860 secs] [Times: user=0.04 sys=0.00, real=0.03 secs] 
2014-03-04T06:09:13.434+0000: 19.419: [CMS-concurrent-sweep-start]
2014-03-04T06:09:13.671+0000: 19.656: [CMS-concurrent-sweep: 0.204/0.237 secs] [Times: user=0.45 sys=0.02, real=0.23 secs] 
2014-03-04T06:09:13.671+0000: 19.656: [CMS-concurrent-reset-start]
2014-03-04T06:09:13.678+0000: 19.663: [CMS-concurrent-reset: 0.007/0.007 secs] [Times: user=0.01 sys=0.00, real=0.01 secs] 
2014-03-04T06:09:14.986+0000: 20.971: [GC2014-03-04T06:09:14.986+0000: 20.971: [ParNew
Desired survivor size 8716288 bytes, new threshold 1 (max 6)
- age   1:    9140584 bytes,    9140584 total
: 148741K->12756K(153344K), 0.0419090 secs] 327161K->197465K(1031552K), 0.0420030 secs] [Times: user=0.07 sys=0.01, real=0.04 secs] 
2014-03-04T06:09:17.959+0000: 23.944: [GC2014-03-04T06:09:17.959+0000: 23.944: [ParNew
Desired survivor size 8716288 bytes, new threshold 1 (max 6)
- age   1:   12736976 bytes,   12736976 total
: 149076K->12836K(153344K), 0.0413290 secs] 333785K->199992K(1031552K), 0.0414460 secs] [Times: user=0.08 sys=0.00, real=0.04 secs] 
2014-03-04T06:09:19.395+0000: 25.380: [GC2014-03-04T06:09:19.395+0000: 25.380: [ParNew
Desired survivor size 8716288 bytes, new threshold 1 (max 6)
- age   1:   17429528 bytes,   17429528 total
: 149156K->17024K(153344K), 0.0730820 secs] 336312K->214878K(1031552K), 0.0731770 secs] [Times: user=0.14 sys=0.00, real=0.07 secs] 
2014-03-04T06:09:20.097+0000: 26.082: [GC [1 CMS-initial-mark: 197854K(878208K)] 295537K(1031552K), 0.0431290 secs] [Times: user=0.05 sys=0.00, real=0.04 secs] 
2014-03-04T06:09:20.140+0000: 26.125: [CMS-concurrent-mark-start]
2014-03-04T06:09:20.320+0000: 26.305: [CMS-concurrent-mark: 0.175/0.180 secs] [Times: user=0.33 sys=0.02, real=0.18 secs] 
2014-03-04T06:09:20.320+0000: 26.305: [CMS-concurrent-preclean-start]
2014-03-04T06:09:20.350+0000: 26.335: [CMS-concurrent-preclean: 0.019/0.030 secs] [Times: user=0.05 sys=0.00, real=0.03 secs] 
2014-03-04T06:09:20.350+0000: 26.335: [CMS-concurrent-abortable-preclean-start]
2014-03-04T06:09:21.524+0000: 27.509: [GC2014-03-04T06:09:21.524+0000: 27.509: [ParNew
Desired survivor size 8716288 bytes, new threshold 6 (max 6)
- age   1:    6864872 bytes,    6864872 total
: 153344K->17024K(153344K), 0.0811160 secs] 351198K->234437K(1031552K), 0.0812290 secs] [Times: user=0.15 sys=0.00, real=0.08 secs] 
2014-03-04T06:09:23.015+0000: 29.000: [CMS-concurrent-abortable-preclean: 2.246/2.664 secs] [Times: user=5.06 sys=0.22, real=2.67 secs] 
2014-03-04T06:09:23.019+0000: 29.004: [GC[YG occupancy: 92907 K (153344 K)]2014-03-04T06:09:23.019+0000: 29.004: [Rescan (parallel) , 0.0359430 secs]2014-03-04T06:09:23.055+0000: 29.040: [weak refs processing, 0.0028590 secs]2014-03-04T06:09:23.058+0000: 29.043: [class unloading, 0.0058480 secs]2014-03-04T06:09:23.064+0000: 29.049: [scrub symbol table, 0.0061960 secs]2014-03-04T06:09:23.070+0000: 29.055: [scrub string table, 0.0006680 secs] [1 CMS-remark: 217413K(878208K)] 310320K(1031552K), 0.0528180 secs] [Times: user=0.09 sys=0.00, real=0.05 secs] 
2014-03-04T06:09:23.072+0000: 29.057: [CMS-concurrent-sweep-start]
2014-03-04T06:09:23.398+0000: 29.383: [CMS-concurrent-sweep: 0.312/0.326 secs] [Times: user=0.60 sys=0.05, real=0.33 secs] 
2014-03-04T06:09:23.399+0000: 29.383: [CMS-concurrent-reset-start]
2014-03-04T06:09:23.406+0000: 29.391: [CMS-concurrent-reset: 0.008/0.008 secs] [Times: user=0.01 sys=0.00, real=0.01 secs] 
2014-03-04T06:09:23.841+0000: 29.826: [GC2014-03-04T06:09:23.841+0000: 29.826: [ParNew
Desired survivor size 8716288 bytes, new threshold 2 (max 6)
- age   1:    6413176 bytes,    6413176 total
- age   2:    3906528 bytes,   10319704 total
: 153344K->11061K(153344K), 0.0272910 secs] 253525K->111242K(1031552K), 0.0273980 secs] [Times: user=0.05 sys=0.00, real=0.03 secs] 
2014-03-04T06:09:25.182+0000: 31.166: [GC2014-03-04T06:09:25.182+0000: 31.166: [ParNew
Desired survivor size 8716288 bytes, new threshold 2 (max 6)
- age   1:    4905880 bytes,    4905880 total
- age   2:    4306256 bytes,    9212136 total
: 147381K->11559K(153344K), 0.0757230 secs] 247562K->115576K(1031552K), 0.0758520 secs] [Times: user=0.15 sys=0.01, real=0.08 secs] 
2014-03-04T06:09:27.007+0000: 32.991: [GC2014-03-04T06:09:27.007+0000: 32.991: [ParNew
Desired survivor size 8716288 bytes, new threshold 1 (max 6)
- age   1:   10677864 bytes,   10677864 total
- age   2:    4193552 bytes,   14871416 total
: 147879K->15218K(153344K), 0.0426100 secs] 251896K->123451K(1031552K), 0.0427460 secs] [Times: user=0.08 sys=0.00, real=0.04 secs] 
2014-03-04T06:09:29.446+0000: 35.431: [GC2014-03-04T06:09:29.446+0000: 35.431: [ParNew
Desired survivor size 8716288 bytes, new threshold 1 (max 6)
- age   1:    9431072 bytes,    9431072 total
: 151538K->13367K(153344K), 0.0902250 secs] 259771K->128918K(1031552K), 0.0903560 secs] [Times: user=0.18 sys=0.00, real=0.09 secs] 
2014-03-04T06:11:20.017+0000: 146.002: [GC2014-03-04T06:11:20.017+0000: 146.002: [ParNew
Desired survivor size 8716288 bytes, new threshold 6 (max 6)
- age   1:    6035456 bytes,    6035456 total
: 149687K->9856K(153344K), 0.0375450 secs] 265238K->132566K(1031552K), 0.0376920 secs] [Times: user=0.07 sys=0.00, real=0.04 secs] 
2014-03-04T06:14:59.968+0000: 365.953: [GC2014-03-04T06:14:59.969+0000: 365.953: [ParNew
Desired survivor size 8716288 bytes, new threshold 6 (max 6)
- age   1:    2124816 bytes,    2124816 total
- age   2:    3195976 bytes,    5320792 total
: 146176K->7689K(153344K), 0.0177730 secs] 268886K->130399K(1031552K), 0.0179000 secs] [Times: user=0.04 sys=0.00, real=0.02 secs] 
2014-03-04T06:18:48.499+0000: 594.484: [GC2014-03-04T06:18:48.500+0000: 594.484: [ParNew
Desired survivor size 8716288 bytes, new threshold 6 (max 6)
- age   1:    2327792 bytes,    2327792 total
- age   2:    1894872 bytes,    4222664 total
- age   3:    3161880 bytes,    7384544 total
: 144009K->9275K(153344K), 0.0195320 secs] 266719K->131985K(1031552K), 0.0196700 secs] [Times: user=0.04 sys=0.00, real=0.02 secs] 
2014-03-04T06:22:40.602+0000: 826.587: [GC2014-03-04T06:22:40.602+0000: 826.587: [ParNew
Desired survivor size 8716288 bytes, new threshold 4 (max 6)
- age   1:    2435576 bytes,    2435576 total
- age   2:    2013096 bytes,    4448672 total
- age   3:    1894632 bytes,    6343304 total
- age   4:    3160736 bytes,    9504040 total
: 145595K->13071K(153344K), 0.0226360 secs] 268305K->135781K(1031552K), 0.0227820 secs] [Times: user=0.04 sys=0.01, real=0.03 secs] 
2014-03-04T06:26:37.303+0000: 1063.287: [GC2014-03-04T06:26:37.303+0000: 1063.288: [ParNew
Desired survivor size 8716288 bytes, new threshold 6 (max 6)
- age   1:    2297464 bytes,    2297464 total
- age   2:    2121000 bytes,    4418464 total
- age   3:    2010088 bytes,    6428552 total
- age   4:    1893528 bytes,    8322080 total
: 149391K->12870K(153344K), 0.0295110 secs] 272101K->138850K(1031552K), 0.0296540 secs] [Times: user=0.06 sys=0.00, real=0.02 secs] 
2014-03-04T06:30:35.148+0000: 1301.133: [GC2014-03-04T06:30:35.148+0000: 1301.133: [ParNew
Desired survivor size 8716288 bytes, new threshold 5 (max 6)
- age   1:    2449472 bytes,    2449472 total
- age   2:    2051256 bytes,    4500728 total
- age   3:    2118968 bytes,    6619696 total
- age   4:    2009312 bytes,    8629008 total
- age   5:    1893432 bytes,   10522440 total
: 149190K->16444K(153344K), 0.0204000 secs] 275170K->142423K(1031552K), 0.0205350 secs] [Times: user=0.04 sys=0.00, real=0.02 secs] 
2014-03-04T06:34:35.661+0000: 1541.646: [GC2014-03-04T06:34:35.661+0000: 1541.646: [ParNew
Desired survivor size 8716288 bytes, new threshold 5 (max 6)
- age   1:    2381552 bytes,    2381552 total
- age   2:    2139408 bytes,    4520960 total
- age   3:    2050424 bytes,    6571384 total
- age   4:    2079096 bytes,    8650480 total
- age   5:    2009288 bytes,   10659768 total
: 152764K->14604K(153344K), 0.0258270 secs] 278743K->142537K(1031552K), 0.0259650 secs] [Times: user=0.05 sys=0.00, real=0.03 secs] 
2014-03-04T06:38:35.482+0000: 1781.467: [GC2014-03-04T06:38:35.483+0000: 1781.467: [ParNew
Desired survivor size 8716288 bytes, new threshold 5 (max 6)
- age   1:    2372856 bytes,    2372856 total
- age   2:    2131656 bytes,    4504512 total
- age   3:    2138344 bytes,    6642856 total
- age   4:    2048368 bytes,    8691224 total
- age   5:    2039304 bytes,   10730528 total
: 150924K->15274K(153344K), 0.0263180 secs] 278857K->145277K(1031552K), 0.0264710 secs] [Times: user=0.05 sys=0.00, real=0.02 secs] 
2014-03-04T06:42:35.495+0000: 2021.480: [GC2014-03-04T06:42:35.495+0000: 2021.480: [ParNew
Desired survivor size 8716288 bytes, new threshold 4 (max 6)
- age   1:    2425176 bytes,    2425176 total
- age   2:    2102480 bytes,    4527656 total
- age   3:    2129640 bytes,    6657296 total
- age   4:    2137432 bytes,    8794728 total
- age   5:    2045584 bytes,   10840312 total
: 151594K->15651K(153344K), 0.0264400 secs] 281597K->147757K(1031552K), 0.0265820 secs] [Times: user=0.05 sys=0.00, real=0.02 secs] 
2014-03-04T06:46:34.410+0000: 2260.395: [GC2014-03-04T06:46:34.410+0000: 2260.395: [ParNew
Desired survivor size 8716288 bytes, new threshold 4 (max 6)
- age   1:    2420336 bytes,    2420336 total
- age   2:    2186512 bytes,    4606848 total
- age   3:    2101296 bytes,    6708144 total
- age   4:    2089728 bytes,    8797872 total
: 151971K->10491K(153344K), 0.0306160 secs] 284077K->146867K(1031552K), 0.0307630 secs] [Times: user=0.06 sys=0.00, real=0.03 secs] 
2014-03-04T06:50:32.026+0000: 2498.010: [GC2014-03-04T06:50:32.026+0000: 2498.010: [ParNew
Desired survivor size 8716288 bytes, new threshold 4 (max 6)
- age   1:    2346576 bytes,    2346576 total
- age   2:    2117744 bytes,    4464320 total
- age   3:    2185680 bytes,    6650000 total
- age   4:    2101160 bytes,    8751160 total
: 146811K->13557K(153344K), 0.0235180 secs] 283187K->152089K(1031552K), 0.0236670 secs] [Times: user=0.05 sys=0.00, real=0.02 secs] 
2014-03-04T06:54:29.933+0000: 2735.917: [GC2014-03-04T06:54:29.933+0000: 2735.917: [ParNew
Desired survivor size 8716288 bytes, new threshold 4 (max 6)
- age   1:    2399048 bytes,    2399048 total
- age   2:    2093472 bytes,    4492520 total
- age   3:    2117400 bytes,    6609920 total
- age   4:    2184736 bytes,    8794656 total
: 149877K->13044K(153344K), 0.0233950 secs] 288409K->153742K(1031552K), 0.0235340 secs] [Times: user=0.05 sys=0.00, real=0.03 secs] 
2014-03-04T06:58:25.909+0000: 2971.894: [GC2014-03-04T06:58:25.909+0000: 2971.894: [ParNew
Desired survivor size 8716288 bytes, new threshold 4 (max 6)
- age   1:    2494088 bytes,    2494088 total
- age   2:    2179424 bytes,    4673512 total
- age   3:    2093296 bytes,    6766808 total
- age   4:    2117264 bytes,    8884072 total
: 149364K->17019K(153344K), 0.0240550 secs] 290062K->159888K(1031552K), 0.0242090 secs] [Times: user=0.05 sys=0.00, real=0.02 secs] 
2014-03-04T07:02:24.619+0000: 3210.604: [GC2014-03-04T07:02:24.619+0000: 3210.604: [ParNew
Desired survivor size 8716288 bytes, new threshold 4 (max 6)
- age   1:    2492544 bytes,    2492544 total
- age   2:    2165560 bytes,    4658104 total
- age   3:    2178192 bytes,    6836296 total
- age   4:    2093056 bytes,    8929352 total
: 153339K->10823K(153344K), 0.0234310 secs] 296208K->155827K(1031552K), 0.0235600 secs] [Times: user=0.05 sys=0.00, real=0.03 secs] 
2014-03-04T07:06:21.223+0000: 3447.208: [GC2014-03-04T07:06:21.223+0000: 3447.208: [ParNew
Desired survivor size 8716288 bytes, new threshold 4 (max 6)
- age   1:    2421184 bytes,    2421184 total
- age   2:    2153384 bytes,    4574568 total
- age   3:    2164832 bytes,    6739400 total
- age   4:    2098936 bytes,    8838336 total
: 147143K->15627K(153344K), 0.0246270 secs] 292147K->162790K(1031552K), 0.0247800 secs] [Times: user=0.05 sys=0.00, real=0.02 secs] 
2014-03-04T07:10:06.041+0000: 3672.025: [GC2014-03-04T07:10:06.041+0000: 3672.026: [ParNew
Desired survivor size 8716288 bytes, new threshold 3 (max 6)
- age   1:    4590264 bytes,    4590264 total
- age   2:    2086872 bytes,    6677136 total
- age   3:    2152456 bytes,    8829592 total
- age   4:    2164600 bytes,   10994192 total
: 151947K->13170K(153344K), 0.0269970 secs] 299110K->162496K(1031552K), 0.0271650 secs] [Times: user=0.05 sys=0.00, real=0.03 secs] 
2014-03-04T07:10:08.568+0000: 3674.553: [GC2014-03-04T07:10:08.568+0000: 3674.553: [ParNew
Desired survivor size 8716288 bytes, new threshold 2 (max 6)
- age   1:    7642848 bytes,    7642848 total
- age   2:    4052224 bytes,   11695072 total
- age   3:    2086424 bytes,   13781496 total
: 149490K->17024K(153344K), 0.0637330 secs] 298816K->170885K(1031552K), 0.0639270 secs] [Times: user=0.13 sys=0.00, real=0.06 secs] 
2014-03-04T07:14:00.295+0000: 3906.280: [GC2014-03-04T07:14:00.295+0000: 3906.280: [ParNew
Desired survivor size 8716288 bytes, new threshold 6 (max 6)
- age   1:    3839840 bytes,    3839840 total
- age   2:    3953808 bytes,    7793648 total
: 153344K->10035K(153344K), 0.0343800 secs] 307205K->169936K(1031552K), 0.0345350 secs] [Times: user=0.07 sys=0.00, real=0.03 secs] 
2014-03-04T07:17:58.985+0000: 4144.970: [GC2014-03-04T07:17:58.985+0000: 4144.970: [ParNew
Desired survivor size 8716288 bytes, new threshold 3 (max 6)
- age   1:    2598400 bytes,    2598400 total
- age   2:    3387272 bytes,    5985672 total
- age   3:    3931560 bytes,    9917232 total
: 146355K->16017K(153344K), 0.0231370 secs] 306256K->175918K(1031552K), 0.0232780 secs] [Times: user=0.05 sys=0.00, real=0.02 secs] 
2014-03-04T07:21:53.258+0000: 4379.243: [GC2014-03-04T07:21:53.258+0000: 4379.243: [ParNew
Desired survivor size 8716288 bytes, new threshold 6 (max 6)
- age   1:    2592200 bytes,    2592200 total
- age   2:    2242048 bytes,    4834248 total
- age   3:    3386264 bytes,    8220512 total
: 152337K->13844K(153344K), 0.0320480 secs] 312238K->177682K(1031552K), 0.0321910 secs] [Times: user=0.07 sys=0.00, real=0.03 secs] 
2014-03-04T07:25:34.329+0000: 4600.313: [GC2014-03-04T07:25:34.329+0000: 4600.313: [ParNew
Desired survivor size 8716288 bytes, new threshold 4 (max 6)
- age   1:    2882488 bytes,    2882488 total
- age   2:    2184728 bytes,    5067216 total
- age   3:    2240832 bytes,    7308048 total
- age   4:    3384920 bytes,   10692968 total
: 150164K->13367K(153344K), 0.0230980 secs] 314002K->177204K(1031552K), 0.0232390 secs] [Times: user=0.05 sys=0.00, real=0.02 secs] 
2014-03-04T07:29:41.916+0000: 4847.901: [GC2014-03-04T07:29:41.916+0000: 4847.901: [ParNew
Desired survivor size 8716288 bytes, new threshold 4 (max 6)
- age   1:    2555096 bytes,    2555096 total
- age   2:    2367392 bytes,    4922488 total
- age   3:    2180296 bytes,    7102784 total
- age   4:    2239760 bytes,    9342544 total
: 149687K->13526K(153344K), 0.0293230 secs] 313524K->180811K(1031552K), 0.0294770 secs] [Times: user=0.06 sys=0.00, real=0.03 secs] 
2014-03-04T07:33:40.525+0000: 5086.509: [GC2014-03-04T07:33:40.525+0000: 5086.510: [ParNew
Desired survivor size 8716288 bytes, new threshold 4 (max 6)
- age   1:    2649680 bytes,    2649680 total
- age   2:    2261632 bytes,    4911312 total
- age   3:    2364384 bytes,    7275696 total
- age   4:    2178664 bytes,    9454360 total
: 149846K->13642K(153344K), 0.0259720 secs] 317131K->183227K(1031552K), 0.0261260 secs] [Times: user=0.05 sys=0.00, real=0.02 secs] 
2014-03-04T07:37:43.829+0000: 5329.814: [GC2014-03-04T07:37:43.829+0000: 5329.814: [ParNew
Desired survivor size 8716288 bytes, new threshold 4 (max 6)
- age   1:    2434392 bytes,    2434392 total
- age   2:    2312456 bytes,    4746848 total
- age   3:    2260176 bytes,    7007024 total
- age   4:    2363616 bytes,    9370640 total
: 149962K->17024K(153344K), 0.0258080 secs] 319547K->188967K(1031552K), 0.0259820 secs] [Times: user=0.05 sys=0.00, real=0.03 secs] 
2014-03-04T07:40:02.414+0000: 5468.398: [GC2014-03-04T07:40:02.414+0000: 5468.398: [ParNew
Desired survivor size 8716288 bytes, new threshold 4 (max 6)
- age   1:    2721040 bytes,    2721040 total
- age   2:    2246696 bytes,    4967736 total
- age   3:    2301400 bytes,    7269136 total
- age   4:    2259816 bytes,    9528952 total
: 153344K->11781K(153344K), 0.0294020 secs] 325287K->186145K(1031552K), 0.0295830 secs] [Times: user=0.05 sys=0.00, real=0.04 secs] 
2014-03-04T07:43:57.556+0000: 5703.541: [GC2014-03-04T07:43:57.556+0000: 5703.541: [ParNew
Desired survivor size 8716288 bytes, new threshold 4 (max 6)
- age   1:    2587032 bytes,    2587032 total
- age   2:    2032896 bytes,    4619928 total
- age   3:    2245792 bytes,    6865720 total
- age   4:    2300504 bytes,    9166224 total
: 148101K->12326K(153344K), 0.0255010 secs] 322465K->189013K(1031552K), 0.0256540 secs] [Times: user=0.06 sys=0.00, real=0.02 secs] 
2014-03-04T07:48:05.567+0000: 5951.552: [GC2014-03-04T07:48:05.567+0000: 5951.552: [ParNew
Desired survivor size 8716288 bytes, new threshold 4 (max 6)
- age   1:    2554928 bytes,    2554928 total
- age   2:    2227592 bytes,    4782520 total
- age   3:    2028408 bytes,    6810928 total
- age   4:    2245064 bytes,    9055992 total
: 148646K->13049K(153344K), 0.0252570 secs] 325333K->192098K(1031552K), 0.0254170 secs] [Times: user=0.05 sys=0.00, real=0.02 secs] 
2014-03-04T07:52:00.655+0000: 6186.640: [GC2014-03-04T07:52:00.656+0000: 6186.640: [ParNew
Desired survivor size 8716288 bytes, new threshold 4 (max 6)
- age   1:    2745696 bytes,    2745696 total
- age   2:    2284384 bytes,    5030080 total
- age   3:    2223344 bytes,    7253424 total
- age   4:    2014848 bytes,    9268272 total
: 149369K->13430K(153344K), 0.0254510 secs] 328418K->194786K(1031552K), 0.0256050 secs] [Times: user=0.05 sys=0.00, real=0.02 secs] 
2014-03-04T07:56:13.390+0000: 6439.375: [GC2014-03-04T07:56:13.390+0000: 6439.375: [ParNew
Desired survivor size 8716288 bytes, new threshold 4 (max 6)
- age   1:    2559176 bytes,    2559176 total
- age   2:    2256312 bytes,    4815488 total
- age   3:    2282520 bytes,    7098008 total
- age   4:    2217816 bytes,    9315824 total
: 149750K->17024K(153344K), 0.0246050 secs] 331106K->200322K(1031552K), 0.0247580 secs] [Times: user=0.05 sys=0.00, real=0.03 secs] 
2014-03-04T08:00:09.180+0000: 6675.165: [GC2014-03-04T08:00:09.180+0000: 6675.165: [ParNew
Desired survivor size 8716288 bytes, new threshold 4 (max 6)
- age   1:    2552504 bytes,    2552504 total
- age   2:    2347784 bytes,    4900288 total
- age   3:    2249208 bytes,    7149496 total
- age   4:    2281808 bytes,    9431304 total
: 153344K->11321K(153344K), 0.0261910 secs] 336642K->196896K(1031552K), 0.0263610 secs] [Times: user=0.05 sys=0.00, real=0.03 secs] 
2014-03-04T08:04:20.434+0000: 6926.418: [GC2014-03-04T08:04:20.434+0000: 6926.419: [ParNew
Desired survivor size 8716288 bytes, new threshold 4 (max 6)
- age   1:    2675680 bytes,    2675680 total
- age   2:    2212536 bytes,    4888216 total
- age   3:    2345536 bytes,    7233752 total
- age   4:    2248688 bytes,    9482440 total
: 147641K->12416K(153344K), 0.0272590 secs] 333216K->200338K(1031552K), 0.0274360 secs] [Times: user=0.05 sys=0.01, real=0.03 secs] 
2014-03-04T08:08:01.016+0000: 7147.001: [GC2014-03-04T08:08:01.016+0000: 7147.001: [ParNew
Desired survivor size 8716288 bytes, new threshold 4 (max 6)
- age   1:    2877032 bytes,    2877032 total
- age   2:    2377768 bytes,    5254800 total
- age   3:    2209224 bytes,    7464024 total
- age   4:    2305320 bytes,    9769344 total
: 148736K->13564K(153344K), 0.0263880 secs] 336658K->203791K(1031552K), 0.0265380 secs] [Times: user=0.06 sys=0.00, real=0.03 secs] 
2014-03-04T08:11:50.199+0000: 7376.184: [GC2014-03-04T08:11:50.199+0000: 7376.184: [ParNew
Desired survivor size 8716288 bytes, new threshold 4 (max 6)
- age   1:    2876752 bytes,    2876752 total
- age   2:    2292432 bytes,    5169184 total
- age   3:    2376552 bytes,    7545736 total
- age   4:    2208008 bytes,    9753744 total
: 149884K->13964K(153344K), 0.0260470 secs] 340111K->206561K(1031552K), 0.0261950 secs] [Times: user=0.06 sys=0.00, real=0.03 secs] 
2014-03-04T08:15:49.398+0000: 7615.383: [GC2014-03-04T08:15:49.399+0000: 7615.383: [ParNew
Desired survivor size 8716288 bytes, new threshold 4 (max 6)
- age   1:    2562128 bytes,    2562128 total
- age   2:    2508168 bytes,    5070296 total
- age   3:    2290888 bytes,    7361184 total
- age   4:    2375984 bytes,    9737168 total
: 150284K->14136K(153344K), 0.0258420 secs] 342881K->209002K(1031552K), 0.0259810 secs] [Times: user=0.05 sys=0.00, real=0.03 secs] 
2014-03-04T08:19:45.909+0000: 7851.894: [GC2014-03-04T08:19:45.909+0000: 7851.894: [ParNew
Desired survivor size 8716288 bytes, new threshold 4 (max 6)
- age   1:    2517328 bytes,    2517328 total
- age   2:    2261128 bytes,    4778456 total
- age   3:    2506808 bytes,    7285264 total
- age   4:    2290224 bytes,    9575488 total
: 150456K->14184K(153344K), 0.0256940 secs] 345322K->211489K(1031552K), 0.0258530 secs] [Times: user=0.05 sys=0.00, real=0.03 secs] 
2014-03-04T08:23:25.106+0000: 8071.091: [GC2014-03-04T08:23:25.106+0000: 8071.091: [ParNew
Desired survivor size 8716288 bytes, new threshold 4 (max 6)
- age   1:    2600808 bytes,    2600808 total
- age   2:    2217024 bytes,    4817832 total
- age   3:    2213792 bytes,    7031624 total
- age   4:    2491912 bytes,    9523536 total
: 150504K->14462K(153344K), 0.0312750 secs] 347809K->214118K(1031552K), 0.0314370 secs] [Times: user=0.06 sys=0.00, real=0.03 secs] 
2014-03-04T08:27:03.696+0000: 8289.681: [GC2014-03-04T08:27:03.696+0000: 8289.681: [ParNew
Desired survivor size 8716288 bytes, new threshold 4 (max 6)
- age   1:    2509704 bytes,    2509704 total
- age   2:    2136936 bytes,    4646640 total
- age   3:    2170144 bytes,    6816784 total
- age   4:    2212112 bytes,    9028896 total
: 150782K->13469K(153344K), 0.0245000 secs] 350438K->215317K(1031552K), 0.0246670 secs] [Times: user=0.05 sys=0.00, real=0.02 secs] 
2014-03-04T08:31:14.217+0000: 8540.202: [GC2014-03-04T08:31:14.217+0000: 8540.202: [ParNew
Desired survivor size 8716288 bytes, new threshold 4 (max 6)
- age   1:    2641672 bytes,    2641672 total
- age   2:    2085552 bytes,    4727224 total
- age   3:    2125536 bytes,    6852760 total
- age   4:    2168424 bytes,    9021184 total
: 149789K->13111K(153344K), 0.0266500 secs] 351637K->217233K(1031552K), 0.0268130 secs] [Times: user=0.05 sys=0.00, real=0.03 secs] 
2014-03-04T08:34:58.163+0000: 8764.148: [GC2014-03-04T08:34:58.163+0000: 8764.148: [ParNew
Desired survivor size 8716288 bytes, new threshold 4 (max 6)
- age   1:    2868248 bytes,    2868248 total
- age   2:    2351008 bytes,    5219256 total
- age   3:    2077928 bytes,    7297184 total
- age   4:    2124368 bytes,    9421552 total
: 149431K->13260K(153344K), 0.0250760 secs] 353553K->219610K(1031552K), 0.0252140 secs] [Times: user=0.05 sys=0.00, real=0.02 secs] 
2014-03-04T08:38:59.877+0000: 9005.862: [GC2014-03-04T08:38:59.877+0000: 9005.862: [ParNew
Desired survivor size 8716288 bytes, new threshold 4 (max 6)
- age   1:    2573032 bytes,    2573032 total
- age   2:    2304344 bytes,    4877376 total
- age   3:    2349960 bytes,    7227336 total
- age   4:    2076560 bytes,    9303896 total
: 149580K->13507K(153344K), 0.0249670 secs] 355930K->222038K(1031552K), 0.0251160 secs] [Times: user=0.05 sys=0.00, real=0.03 secs] 
2014-03-04T08:42:49.571+0000: 9235.556: [GC2014-03-04T08:42:49.572+0000: 9235.556: [ParNew
Desired survivor size 8716288 bytes, new threshold 4 (max 6)
- age   1:    2653576 bytes,    2653576 total
- age   2:    2257560 bytes,    4911136 total
- age   3:    2284960 bytes,    7196096 total
- age   4:    2349344 bytes,    9545440 total
: 149827K->13829K(153344K), 0.0248590 secs] 358358K->224488K(1031552K), 0.0250110 secs] [Times: user=0.05 sys=0.00, real=0.03 secs] 
2014-03-04T08:46:36.433+0000: 9462.418: [GC2014-03-04T08:46:36.433+0000: 9462.418: [ParNew
Desired survivor size 8716288 bytes, new threshold 4 (max 6)
- age   1:    2492240 bytes,    2492240 total
- age   2:    2280256 bytes,    4772496 total
- age   3:    2256080 bytes,    7028576 total
- age   4:    2045824 bytes,    9074400 total
: 150149K->13539K(153344K), 0.0251740 secs] 360808K->226613K(1031552K), 0.0253270 secs] [Times: user=0.05 sys=0.00, real=0.03 secs] 
2014-03-04T08:49:23.974+0000: 9629.959: [GC2014-03-04T08:49:23.974+0000: 9629.959: [ParNew
Desired survivor size 8716288 bytes, new threshold 4 (max 6)
- age   1:    3806824 bytes,    3806824 total
- age   2:    2161504 bytes,    5968328 total
- age   3:    2267728 bytes,    8236056 total
- age   4:    2254824 bytes,   10490880 total
: 149859K->17024K(153344K), 0.0270630 secs] 362933K->232488K(1031552K), 0.0272110 secs] [Times: user=0.05 sys=0.00, real=0.02 secs] 
2014-03-04T08:51:48.585+0000: 9774.569: [GC2014-03-04T08:51:48.585+0000: 9774.569: [ParNew
Desired survivor size 8716288 bytes, new threshold 6 (max 6)
- age   1:    1798624 bytes,    1798624 total
- age   2:    2103392 bytes,    3902016 total
- age   3:    2161048 bytes,    6063064 total
- age   4:    2266560 bytes,    8329624 total
: 153344K->10079K(153344K), 0.0252950 secs] 368808K->227862K(1031552K), 0.0254480 secs] [Times: user=0.05 sys=0.00, real=0.02 secs] 
2014-03-04T08:54:19.907+0000: 9925.892: [GC2014-03-04T08:54:19.907+0000: 9925.892: [ParNew
Desired survivor size 8716288 bytes, new threshold 5 (max 6)
- age   1:    2702664 bytes,    2702664 total
- age   2:    1437592 bytes,    4140256 total
- age   3:    2079808 bytes,    6220064 total
- age   4:    2133600 bytes,    8353664 total
- age   5:    2220544 bytes,   10574208 total
: 146399K->17023K(153344K), 0.0208710 secs] 364182K->234844K(1031552K), 0.0210290 secs] [Times: user=0.04 sys=0.00, real=0.02 secs] 
2014-03-04T08:56:53.159+0000: 10079.144: [GC2014-03-04T08:56:53.159+0000: 10079.144: [ParNew
Desired survivor size 8716288 bytes, new threshold 5 (max 6)
- age   1:    3064880 bytes,    3064880 total
- age   2:    1995016 bytes,    5059896 total
- age   3:    1429256 bytes,    6489152 total
- age   4:    2078528 bytes,    8567680 total
- age   5:    2080368 bytes,   10648048 total
: 153343K->14797K(153344K), 0.0265880 secs] 371164K->234893K(1031552K), 0.0267510 secs] [Times: user=0.06 sys=0.00, real=0.03 secs] 
2014-03-04T08:59:41.448+0000: 10247.433: [GC2014-03-04T08:59:41.448+0000: 10247.433: [ParNew
Desired survivor size 8716288 bytes, new threshold 5 (max 6)
- age   1:    2891320 bytes,    2891320 total
- age   2:    2286808 bytes,    5178128 total
- age   3:    1476152 bytes,    6654280 total
- age   4:    1427568 bytes,    8081848 total
- age   5:    2077056 bytes,   10158904 total
: 151117K->10399K(153344K), 0.0260430 secs] 371213K->232635K(1031552K), 0.0261960 secs] [Times: user=0.05 sys=0.00, real=0.03 secs] 
2014-03-04T09:02:24.311+0000: 10410.296: [GC2014-03-04T09:02:24.311+0000: 10410.296: [ParNew
Desired survivor size 8716288 bytes, new threshold 5 (max 6)
- age   1:    2576040 bytes,    2576040 total
- age   2:    1853280 bytes,    4429320 total
- age   3:    1517712 bytes,    5947032 total
- age   4:    1475352 bytes,    7422384 total
- age   5:    1427288 bytes,    8849672 total
: 146719K->9925K(153344K), 0.0252700 secs] 368955K->234276K(1031552K), 0.0254420 secs] [Times: user=0.05 sys=0.00, real=0.03 secs] 
2014-03-04T09:05:01.700+0000: 10567.685: [GC2014-03-04T09:05:01.701+0000: 10567.685: [ParNew
Desired survivor size 8716288 bytes, new threshold 5 (max 6)
- age   1:    2809792 bytes,    2809792 total
- age   2:    1536160 bytes,    4345952 total
- age   3:    1576344 bytes,    5922296 total
- age   4:    1516768 bytes,    7439064 total
- age   5:    1475024 bytes,    8914088 total
: 146245K->13299K(153344K), 0.0229160 secs] 370596K->239116K(1031552K), 0.0230980 secs] [Times: user=0.05 sys=0.00, real=0.03 secs] 
2014-03-04T09:07:50.526+0000: 10736.511: [GC2014-03-04T09:07:50.526+0000: 10736.511: [ParNew
Desired survivor size 8716288 bytes, new threshold 5 (max 6)
- age   1:    2985184 bytes,    2985184 total
- age   2:    1890192 bytes,    4875376 total
- age   3:    1499272 bytes,    6374648 total
- age   4:    1574480 bytes,    7949128 total
- age   5:    1476800 bytes,    9425928 total
: 149619K->17024K(153344K), 0.0235570 secs] 375436K->244616K(1031552K), 0.0237090 secs] [Times: user=0.04 sys=0.00, real=0.02 secs] 
2014-03-04T09:11:43.346+0000: 10969.331: [GC2014-03-04T09:11:43.346+0000: 10969.331: [ParNew
Desired survivor size 8716288 bytes, new threshold 6 (max 6)
- age   1:    2466688 bytes,    2466688 total
- age   2:    1638888 bytes,    4105576 total
- age   3:    1496912 bytes,    5602488 total
- age   4:    1498728 bytes,    7101216 total
- age   5:    1573416 bytes,    8674632 total
: 153344K->11332K(153344K), 0.0228080 secs] 380936K->240439K(1031552K), 0.0229600 secs] [Times: user=0.04 sys=0.00, real=0.02 secs] 
2014-03-04T09:15:37.984+0000: 11203.968: [GC2014-03-04T09:15:37.984+0000: 11203.969: [ParNew
Desired survivor size 8716288 bytes, new threshold 5 (max 6)
- age   1:    2555672 bytes,    2555672 total
- age   2:    2137728 bytes,    4693400 total
- age   3:    1580320 bytes,    6273720 total
- age   4:    1496408 bytes,    7770128 total
- age   5:    1498392 bytes,    9268520 total
- age   6:    1572992 bytes,   10841512 total
: 147652K->15431K(153344K), 0.0208870 secs] 376759K->244537K(1031552K), 0.0210410 secs] [Times: user=0.04 sys=0.00, real=0.02 secs] 
2014-03-04T09:19:15.825+0000: 11421.810: [GC2014-03-04T09:19:15.825+0000: 11421.810: [ParNew
Desired survivor size 8716288 bytes, new threshold 4 (max 6)
- age   1:    2925320 bytes,    2925320 total
- age   2:    2158264 bytes,    5083584 total
- age   3:    2135928 bytes,    7219512 total
- age   4:    1572872 bytes,    8792384 total
- age   5:    1495584 bytes,   10287968 total
: 151751K->14811K(153344K), 0.0289200 secs] 380857K->247074K(1031552K), 0.0290680 secs] [Times: user=0.06 sys=0.00, real=0.03 secs] 
2014-03-04T09:22:43.323+0000: 11629.307: [GC2014-03-04T09:22:43.323+0000: 11629.308: [ParNew
Desired survivor size 8716288 bytes, new threshold 4 (max 6)
- age   1:    2600336 bytes,    2600336 total
- age   2:    2375032 bytes,    4975368 total
- age   3:    2156488 bytes,    7131856 total
- age   4:    2134920 bytes,    9266776 total
: 151131K->10107K(153344K), 0.0274700 secs] 383394K->245520K(1031552K), 0.0276130 secs] [Times: user=0.06 sys=0.00, real=0.02 secs] 
2014-03-04T09:25:49.909+0000: 11815.894: [GC2014-03-04T09:25:49.909+0000: 11815.894: [ParNew
Desired survivor size 8716288 bytes, new threshold 4 (max 6)
- age   1:    2551616 bytes,    2551616 total
- age   2:    1939416 bytes,    4491032 total
- age   3:    2304624 bytes,    6795656 total
- age   4:    2156008 bytes,    8951664 total
: 146427K->9659K(153344K), 0.0240180 secs] 381840K->247267K(1031552K), 0.0241860 secs] [Times: user=0.05 sys=0.00, real=0.02 secs] 
2014-03-04T09:29:32.357+0000: 12038.342: [GC2014-03-04T09:29:32.357+0000: 12038.342: [ParNew
Desired survivor size 8716288 bytes, new threshold 6 (max 6)
- age   1:    2741984 bytes,    2741984 total
- age   2:    1828440 bytes,    4570424 total
- age   3:    1925992 bytes,    6496416 total
- age   4:    2102448 bytes,    8598864 total
: 145979K->12665K(153344K), 0.0238870 secs] 383587K->252488K(1031552K), 0.0240340 secs] [Times: user=0.05 sys=0.00, real=0.02 secs] 
2014-03-04T09:32:59.201+0000: 12245.186: [GC2014-03-04T09:32:59.201+0000: 12245.186: [ParNew
Desired survivor size 8716288 bytes, new threshold 5 (max 6)
- age   1:    2715968 bytes,    2715968 total
- age   2:    2254824 bytes,    4970792 total
- age   3:    1713336 bytes,    6684128 total
- age   4:    1924640 bytes,    8608768 total
- age   5:    2102304 bytes,   10711072 total
: 148985K->16819K(153344K), 0.0203990 secs] 388808K->256641K(1031552K), 0.0205410 secs] [Times: user=0.04 sys=0.00, real=0.02 secs] 
2014-03-04T09:36:35.000+0000: 12460.985: [GC2014-03-04T09:36:35.000+0000: 12460.985: [ParNew
Desired survivor size 8716288 bytes, new threshold 5 (max 6)
- age   1:    2472944 bytes,    2472944 total
- age   2:    1978344 bytes,    4451288 total
- age   3:    2247712 bytes,    6699000 total
- age   4:    1712384 bytes,    8411384 total
- age   5:    1924136 bytes,   10335520 total
: 153139K->14743K(153344K), 0.0259910 secs] 392961K->256724K(1031552K), 0.0261550 secs] [Times: user=0.05 sys=0.00, real=0.03 secs] 
2014-03-04T09:40:22.231+0000: 12688.216: [GC2014-03-04T09:40:22.231+0000: 12688.216: [ParNew
Desired survivor size 8716288 bytes, new threshold 4 (max 6)
- age   1:    2623520 bytes,    2623520 total
- age   2:    2018872 bytes,    4642392 total
- age   3:    1913480 bytes,    6555872 total
- age   4:    2235680 bytes,    8791552 total
- age   5:    1712312 bytes,   10503864 total
: 151063K->15085K(153344K), 0.0259840 secs] 393044K->259044K(1031552K), 0.0261350 secs] [Times: user=0.05 sys=0.00, real=0.03 secs] 
2014-03-04T09:44:06.947+0000: 12912.932: [GC2014-03-04T09:44:06.947+0000: 12912.932: [ParNew
Desired survivor size 8716288 bytes, new threshold 6 (max 6)
- age   1:    2534200 bytes,    2534200 total
- age   2:    2151096 bytes,    4685296 total
- age   3:    2007816 bytes,    6693112 total
- age   4:    1912456 bytes,    8605568 total
: 151405K->10095K(153344K), 0.0289010 secs] 395364K->257907K(1031552K), 0.0290880 secs] [Times: user=0.05 sys=0.00, real=0.03 secs] 
2014-03-04T09:47:00.170+0000: 13086.154: [GC2014-03-04T09:47:00.170+0000: 13086.154: [ParNew
Desired survivor size 8716288 bytes, new threshold 2 (max 6)
- age   1:    7616296 bytes,    7616296 total
- age   2:    2150168 bytes,    9766464 total
- age   3:    2145048 bytes,   11911512 total
- age   4:    2006784 bytes,   13918296 total
- age   5:    1911944 bytes,   15830240 total
: 146415K->17024K(153344K), 0.0289050 secs] 394227K->265154K(1031552K), 0.0290770 secs] [Times: user=0.06 sys=0.00, real=0.03 secs] 
2014-03-04T09:47:31.904+0000: 13117.889: [GC2014-03-04T09:47:31.904+0000: 13117.889: [ParNew
Desired survivor size 8716288 bytes, new threshold 1 (max 6)
- age   1:   13395392 bytes,   13395392 total
- age   2:    3866224 bytes,   17261616 total
: 153344K->17024K(153344K), 0.0519450 secs] 401474K->277080K(1031552K), 0.0521160 secs] [Times: user=0.10 sys=0.00, real=0.05 secs] 
2014-03-04T09:49:20.465+0000: 13226.450: [GC2014-03-04T09:49:20.465+0000: 13226.450: [ParNew
Desired survivor size 8716288 bytes, new threshold 6 (max 6)
- age   1:    5846752 bytes,    5846752 total
: 153344K->16735K(153344K), 0.0289980 secs] 413400K->288610K(1031552K), 0.0291680 secs] [Times: user=0.05 sys=0.00, real=0.03 secs] 
2014-03-04T09:52:28.962+0000: 13414.947: [GC2014-03-04T09:52:28.962+0000: 13414.947: [ParNew
Desired survivor size 8716288 bytes, new threshold 6 (max 6)
- age   1:    2542864 bytes,    2542864 total
- age   2:    1105128 bytes,    3647992 total
: 153055K->5528K(153344K), 0.0136070 secs] 424930K->277402K(1031552K), 0.0137550 secs] [Times: user=0.03 sys=0.00, real=0.01 secs] 
2014-03-04T09:54:56.640+0000: 13562.625: [GC2014-03-04T09:54:56.640+0000: 13562.625: [ParNew
Desired survivor size 8716288 bytes, new threshold 1 (max 6)
- age   1:   12237000 bytes,   12237000 total
- age   2:    1993848 bytes,   14230848 total
- age   3:    1031584 bytes,   15262432 total
: 141848K->15569K(153344K), 0.0257580 secs] 413722K->287444K(1031552K), 0.0259330 secs] [Times: user=0.06 sys=0.00, real=0.03 secs] 
2014-03-04T09:55:59.921+0000: 13625.905: [GC2014-03-04T09:55:59.921+0000: 13625.905: [ParNew
Desired survivor size 8716288 bytes, new threshold 1 (max 6)
- age   1:   12529376 bytes,   12529376 total
: 151889K->17024K(153344K), 0.0391610 secs] 423764K->298947K(1031552K), 0.0393340 secs] [Times: user=0.08 sys=0.00, real=0.04 secs] 
2014-03-04T09:57:10.045+0000: 13696.030: [GC2014-03-04T09:57:10.045+0000: 13696.030: [ParNew
Desired survivor size 8716288 bytes, new threshold 6 (max 6)
- age   1:    8162704 bytes,    8162704 total
: 153344K->12642K(153344K), 0.0244310 secs] 435267K->300423K(1031552K), 0.0246230 secs] [Times: user=0.05 sys=0.00, real=0.02 secs] 
2014-03-04T09:57:13.890+0000: 13699.874: [GC2014-03-04T09:57:13.890+0000: 13699.874: [ParNew
Desired survivor size 8716288 bytes, new threshold 1 (max 6)
- age   1:   10077560 bytes,   10077560 total
- age   2:     989416 bytes,   11066976 total
: 148962K->13839K(153344K), 0.0205410 secs] 436743K->301620K(1031552K), 0.0206950 secs] [Times: user=0.05 sys=0.00, real=0.02 secs] 
2014-03-04T09:57:40.874+0000: 13726.859: [GC2014-03-04T09:57:40.874+0000: 13726.859: [ParNew
Desired survivor size 8716288 bytes, new threshold 6 (max 6)
- age   1:    6446864 bytes,    6446864 total
: 150159K->10329K(153344K), 0.0136960 secs] 437940K->299081K(1031552K), 0.0138550 secs] [Times: user=0.03 sys=0.00, real=0.01 secs] 
2014-03-04T09:58:21.526+0000: 13767.511: [GC2014-03-04T09:58:21.527+0000: 13767.511: [ParNew
Desired survivor size 8716288 bytes, new threshold 2 (max 6)
- age   1:    8448960 bytes,    8448960 total
- age   2:     352448 bytes,    8801408 total
: 146649K->11797K(153344K), 0.0157690 secs] 435401K->300549K(1031552K), 0.0159420 secs] [Times: user=0.04 sys=0.00, real=0.02 secs] 
2014-03-04T09:59:45.474+0000: 13851.459: [GC2014-03-04T09:59:45.474+0000: 13851.459: [ParNew
Desired survivor size 8716288 bytes, new threshold 2 (max 6)
- age   1:    7726400 bytes,    7726400 total
- age   2:    1230760 bytes,    8957160 total
: 148117K->14913K(153344K), 0.0160650 secs] 436869K->304000K(1031552K), 0.0162520 secs] [Times: user=0.03 sys=0.00, real=0.02 secs] 
2014-03-04T09:59:59.745+0000: 13865.730: [GC2014-03-04T09:59:59.745+0000: 13865.730: [ParNew
Desired survivor size 8716288 bytes, new threshold 2 (max 6)
- age   1:    8142976 bytes,    8142976 total
- age   2:     856384 bytes,    8999360 total
: 151233K->10272K(153344K), 0.0191830 secs] 440320K->299748K(1031552K), 0.0193430 secs] [Times: user=0.04 sys=0.00, real=0.02 secs] 
2014-03-04T10:00:15.343+0000: 13881.328: [GC2014-03-04T10:00:15.343+0000: 13881.328: [ParNew
Desired survivor size 8716288 bytes, new threshold 1 (max 6)
- age   1:   14201488 bytes,   14201488 total
- age   2:    3228992 bytes,   17430480 total
: 146592K->17024K(153344K), 0.0319250 secs] 436068K->309448K(1031552K), 0.0320910 secs] [Times: user=0.07 sys=0.00, real=0.03 secs] 
2014-03-04T10:03:28.756+0000: 14074.740: [GC2014-03-04T10:03:28.756+0000: 14074.741: [ParNew
Desired survivor size 8716288 bytes, new threshold 6 (max 6)
- age   1:    3542864 bytes,    3542864 total
: 153344K->14890K(153344K), 0.0250330 secs] 445768K->319058K(1031552K), 0.0252010 secs] [Times: user=0.04 sys=0.01, real=0.02 secs] 
2014-03-04T10:06:50.749+0000: 14276.734: [GC2014-03-04T10:06:50.750+0000: 14276.734: [ParNew
Desired survivor size 8716288 bytes, new threshold 6 (max 6)
- age   1:    2304872 bytes,    2304872 total
- age   2:    1759544 bytes,    4064416 total
: 151210K->4635K(153344K), 0.0134920 secs] 455378K->308802K(1031552K), 0.0136310 secs] [Times: user=0.03 sys=0.00, real=0.02 secs] 
2014-03-04T10:10:15.419+0000: 14481.404: [GC2014-03-04T10:10:15.419+0000: 14481.404: [ParNew
Desired survivor size 8716288 bytes, new threshold 6 (max 6)
- age   1:    3458752 bytes,    3458752 total
- age   2:    1948128 bytes,    5406880 total
- age   3:    1758776 bytes,    7165656 total
: 140955K->8271K(153344K), 0.0169460 secs] 445122K->312439K(1031552K), 0.0171070 secs] [Times: user=0.03 sys=0.00, real=0.02 secs] 
2014-03-04T10:14:13.985+0000: 14719.970: [GC2014-03-04T10:14:13.985+0000: 14719.970: [ParNew
Desired survivor size 8716288 bytes, new threshold 6 (max 6)
- age   1:    2485472 bytes,    2485472 total
- age   2:    2283080 bytes,    4768552 total
- age   3:    1945744 bytes,    6714296 total
- age   4:    1758368 bytes,    8472664 total
: 144591K->12034K(153344K), 0.0189950 secs] 448759K->316202K(1031552K), 0.0191450 secs] [Times: user=0.04 sys=0.00, real=0.02 secs] 
2014-03-04T10:17:43.728+0000: 14929.712: [GC2014-03-04T10:17:43.728+0000: 14929.713: [ParNew
Desired survivor size 8716288 bytes, new threshold 4 (max 6)
- age   1:    2564928 bytes,    2564928 total
- age   2:    2204624 bytes,    4769552 total
- age   3:    2261624 bytes,    7031176 total
- age   4:    1943864 bytes,    8975040 total
- age   5:    1757864 bytes,   10732904 total
: 148354K->15464K(153344K), 0.0217470 secs] 452522K->319632K(1031552K), 0.0219050 secs] [Times: user=0.04 sys=0.00, real=0.02 secs] 
2014-03-04T10:21:30.909+0000: 15156.894: [GC2014-03-04T10:21:30.909+0000: 15156.894: [ParNew
Desired survivor size 8716288 bytes, new threshold 4 (max 6)
- age   1:    2490360 bytes,    2490360 total
- age   2:    1999072 bytes,    4489432 total
- age   3:    2203288 bytes,    6692720 total
- age   4:    2260912 bytes,    8953632 total
: 151784K->9703K(153344K), 0.0317510 secs] 455952K->317677K(1031552K), 0.0319260 secs] [Times: user=0.06 sys=0.01, real=0.03 secs] 
2014-03-04T10:25:05.371+0000: 15371.356: [GC2014-03-04T10:25:05.371+0000: 15371.356: [ParNew
Desired survivor size 8716288 bytes, new threshold 4 (max 6)
- age   1:    2472000 bytes,    2472000 total
- age   2:    2104288 bytes,    4576288 total
- age   3:    1997192 bytes,    6573480 total
- age   4:    2202960 bytes,    8776440 total
: 146023K->9022K(153344K), 0.0260300 secs] 453997K->319268K(1031552K), 0.0262130 secs] [Times: user=0.05 sys=0.00, real=0.03 secs] 
2014-03-04T10:28:58.967+0000: 15604.952: [GC2014-03-04T10:28:58.967+0000: 15604.952: [ParNew
Desired survivor size 8716288 bytes, new threshold 6 (max 6)
- age   1:    2534488 bytes,    2534488 total
- age   2:    2048760 bytes,    4583248 total
- age   3:    2103776 bytes,    6687024 total
- age   4:    1995952 bytes,    8682976 total
: 145342K->12884K(153344K), 0.0258270 secs] 455588K->325395K(1031552K), 0.0259910 secs] [Times: user=0.04 sys=0.01, real=0.02 secs] 
2014-03-04T10:32:57.981+0000: 15843.966: [GC2014-03-04T10:32:57.981+0000: 15843.966: [ParNew
Desired survivor size 8716288 bytes, new threshold 4 (max 6)
- age   1:    2560928 bytes,    2560928 total
- age   2:    2179320 bytes,    4740248 total
- age   3:    2002544 bytes,    6742792 total
- age   4:    2103440 bytes,    8846232 total
- age   5:    1995080 bytes,   10841312 total
: 149204K->16858K(153344K), 0.0211220 secs] 461715K->329368K(1031552K), 0.0212900 secs] [Times: user=0.04 sys=0.00, real=0.03 secs] 
2014-03-04T10:36:20.094+0000: 16046.079: [GC2014-03-04T10:36:20.094+0000: 16046.079: [ParNew
Desired survivor size 8716288 bytes, new threshold 4 (max 6)
- age   1:    2576200 bytes,    2576200 total
- age   2:    2212752 bytes,    4788952 total
- age   3:    2162000 bytes,    6950952 total
- age   4:    1997304 bytes,    8948256 total
: 153178K->10225K(153344K), 0.0318640 secs] 465688K->326943K(1031552K), 0.0320760 secs] [Times: user=0.05 sys=0.01, real=0.04 secs] 
2014-03-04T10:40:01.353+0000: 16267.338: [GC2014-03-04T10:40:01.353+0000: 16267.338: [ParNew
Desired survivor size 8716288 bytes, new threshold 4 (max 6)
- age   1:    2475960 bytes,    2475960 total
- age   2:    1892840 bytes,    4368800 total
- age   3:    2211496 bytes,    6580296 total
- age   4:    2161216 bytes,    8741512 total
: 146545K->9048K(153344K), 0.0251440 secs] 463263K->327817K(1031552K), 0.0253160 secs] [Times: user=0.05 sys=0.00, real=0.03 secs] 
2014-03-04T10:43:49.940+0000: 16495.924: [GC2014-03-04T10:43:49.940+0000: 16495.925: [ParNew
Desired survivor size 8716288 bytes, new threshold 6 (max 6)
- age   1:    2507344 bytes,    2507344 total
- age   2:    2075096 bytes,    4582440 total
- age   3:    1889688 bytes,    6472128 total
- age   4:    2211016 bytes,    8683144 total
: 145368K->12815K(153344K), 0.0252280 secs] 464137K->333806K(1031552K), 0.0253900 secs] [Times: user=0.04 sys=0.01, real=0.03 secs] 
2014-03-04T10:47:16.112+0000: 16702.097: [GC2014-03-04T10:47:16.112+0000: 16702.097: [ParNew
Desired survivor size 8716288 bytes, new threshold 5 (max 6)
- age   1:    2529624 bytes,    2529624 total
- age   2:    2145376 bytes,    4675000 total
- age   3:    2028000 bytes,    6703000 total
- age   4:    1888912 bytes,    8591912 total
- age   5:    2210352 bytes,   10802264 total
: 149135K->16949K(153344K), 0.0217280 secs] 470126K->337940K(1031552K), 0.0218950 secs] [Times: user=0.05 sys=0.00, real=0.03 secs] 
2014-03-04T10:50:22.707+0000: 16888.692: [GC2014-03-04T10:50:22.708+0000: 16888.692: [ParNew
Desired survivor size 8716288 bytes, new threshold 5 (max 6)
- age   1:    2531312 bytes,    2531312 total
- age   2:    2036928 bytes,    4568240 total
- age   3:    2120136 bytes,    6688376 total
- age   4:    2026800 bytes,    8715176 total
- age   5:    1888272 bytes,   10603448 total
: 153269K->15023K(153344K), 0.0281740 secs] 474260K->338284K(1031552K), 0.0283550 secs] [Times: user=0.06 sys=0.00, real=0.03 secs] 
2014-03-04T10:53:53.374+0000: 17099.359: [GC2014-03-04T10:53:53.374+0000: 17099.359: [ParNew
Desired survivor size 8716288 bytes, new threshold 5 (max 6)
- age   1:    2520024 bytes,    2520024 total
- age   2:    1845752 bytes,    4365776 total
- age   3:    1930064 bytes,    6295840 total
- age   4:    2119376 bytes,    8415216 total
- age   5:    2025656 bytes,   10440872 total
: 151343K->15164K(153344K), 0.0267100 secs] 474604K->340367K(1031552K), 0.0268830 secs] [Times: user=0.05 sys=0.00, real=0.03 secs] 
2014-03-04T10:56:55.629+0000: 17281.614: [GC2014-03-04T10:56:55.629+0000: 17281.614: [ParNew
Desired survivor size 8716288 bytes, new threshold 5 (max 6)
- age   1:    2305680 bytes,    2305680 total
- age   2:    2033888 bytes,    4339568 total
- age   3:    1826416 bytes,    6165984 total
- age   4:    1928592 bytes,    8094576 total
- age   5:    2119184 bytes,   10213760 total
: 151484K->15285K(153344K), 0.0271110 secs] 476687K->342570K(1031552K), 0.0273070 secs] [Times: user=0.05 sys=0.01, real=0.03 secs] 
2014-03-04T10:58:13.728+0000: 17359.713: [GC2014-03-04T10:58:13.728+0000: 17359.713: [ParNew
Desired survivor size 8716288 bytes, new threshold 1 (max 6)
- age   1:   11493000 bytes,   11493000 total
- age   2:    1366416 bytes,   12859416 total
- age   3:    1684336 bytes,   14543752 total
- age   4:    1428128 bytes,   15971880 total
- age   5:    1458912 bytes,   17430792 total
: 151605K->17024K(153344K), 0.0576090 secs] 478890K->353958K(1031552K), 0.0577930 secs] [Times: user=0.11 sys=0.00, real=0.06 secs] 
2014-03-04T10:59:19.430+0000: 17425.415: [GC2014-03-04T10:59:19.430+0000: 17425.415: [ParNew
Desired survivor size 8716288 bytes, new threshold 1 (max 6)
- age   1:   12222784 bytes,   12222784 total
: 153344K->17024K(153344K), 0.0796800 secs] 490278K->365687K(1031552K), 0.0798780 secs] [Times: user=0.14 sys=0.01, real=0.08 secs] 
2014-03-04T11:01:46.981+0000: 17572.966: [GC2014-03-04T11:01:46.981+0000: 17572.966: [ParNew
Desired survivor size 8716288 bytes, new threshold 6 (max 6)
- age   1:    5979904 bytes,    5979904 total
: 153344K->13091K(153344K), 0.0235310 secs] 502007K->367048K(1031552K), 0.0237070 secs] [Times: user=0.04 sys=0.01, real=0.03 secs] 
2014-03-04T11:03:29.341+0000: 17675.326: [GC2014-03-04T11:03:29.341+0000: 17675.326: [ParNew
Desired survivor size 8716288 bytes, new threshold 6 (max 6)
- age   1:    1956056 bytes,    1956056 total
- age   2:    1393304 bytes,    3349360 total
: 149411K->5850K(153344K), 0.0120710 secs] 503368K->359807K(1031552K), 0.0122040 secs] [Times: user=0.02 sys=0.00, real=0.01 secs] 
2014-03-04T11:06:53.965+0000: 17879.950: [GC2014-03-04T11:06:53.965+0000: 17879.950: [ParNew
Desired survivor size 8716288 bytes, new threshold 6 (max 6)
- age   1:    2744952 bytes,    2744952 total
- age   2:    1119816 bytes,    3864768 total
- age   3:    1361792 bytes,    5226560 total
: 142170K->6035K(153344K), 0.0142450 secs] 496127K->359993K(1031552K), 0.0144180 secs] [Times: user=0.03 sys=0.00, real=0.01 secs] 
2014-03-04T11:08:54.501+0000: 18000.486: [GC2014-03-04T11:08:54.501+0000: 18000.486: [ParNew
Desired survivor size 8716288 bytes, new threshold 1 (max 6)
- age   1:   12550720 bytes,   12550720 total
- age   2:    2215416 bytes,   14766136 total
- age   3:    1106824 bytes,   15872960 total
- age   4:    1360744 bytes,   17233704 total
: 142355K->17024K(153344K), 0.0296620 secs] 496313K->371708K(1031552K), 0.0298380 secs] [Times: user=0.06 sys=0.00, real=0.03 secs] 
2014-03-04T11:09:09.562+0000: 18015.546: [GC2014-03-04T11:09:09.562+0000: 18015.547: [ParNew
Desired survivor size 8716288 bytes, new threshold 1 (max 6)
- age   1:    9798296 bytes,    9798296 total
: 153344K->14418K(153344K), 0.0397170 secs] 508028K->380154K(1031552K), 0.0398830 secs] [Times: user=0.06 sys=0.02, real=0.04 secs] 
2014-03-04T11:12:13.921+0000: 18199.905: [GC2014-03-04T11:12:13.921+0000: 18199.905: [ParNew
Desired survivor size 8716288 bytes, new threshold 6 (max 6)
- age   1:    5248648 bytes,    5248648 total
: 150738K->10261K(153344K), 0.0263040 secs] 516474K->383856K(1031552K), 0.0264800 secs] [Times: user=0.04 sys=0.01, real=0.03 secs] 
2014-03-04T11:13:54.273+0000: 18300.257: [GC2014-03-04T11:13:54.273+0000: 18300.257: [ParNew
Desired survivor size 8716288 bytes, new threshold 6 (max 6)
- age   1:    4574992 bytes,    4574992 total
- age   2:    1788184 bytes,    6363176 total
: 146581K->9282K(153344K), 0.0135460 secs] 520176K->382876K(1031552K), 0.0137010 secs] [Times: user=0.02 sys=0.00, real=0.02 secs] 
2014-03-04T11:16:09.641+0000: 18435.625: [GC2014-03-04T11:16:09.641+0000: 18435.625: [ParNew
Desired survivor size 8716288 bytes, new threshold 1 (max 6)
- age   1:   11933392 bytes,   11933392 total
- age   2:     944096 bytes,   12877488 total
- age   3:    1763552 bytes,   14641040 total
: 145602K->17024K(153344K), 0.0264930 secs] 519196K->390973K(1031552K), 0.0266720 secs] [Times: user=0.06 sys=0.00, real=0.03 secs] 
2014-03-04T11:16:35.376+0000: 18461.361: [GC2014-03-04T11:16:35.376+0000: 18461.361: [ParNew
Desired survivor size 8716288 bytes, new threshold 1 (max 6)
- age   1:   14247048 bytes,   14247048 total
: 153344K->17024K(153344K), 0.0460790 secs] 527293K->400337K(1031552K), 0.0462410 secs] [Times: user=0.07 sys=0.02, real=0.05 secs] 
2014-03-04T11:17:30.353+0000: 18516.337: [GC2014-03-04T11:17:30.353+0000: 18516.338: [ParNew
Desired survivor size 8716288 bytes, new threshold 6 (max 6)
- age   1:    6480200 bytes,    6480200 total
: 153344K->14165K(153344K), 0.0180600 secs] 536657K->401841K(1031552K), 0.0182230 secs] [Times: user=0.04 sys=0.00, real=0.02 secs] 
2014-03-04T11:18:45.219+0000: 18591.204: [GC2014-03-04T11:18:45.219+0000: 18591.204: [ParNew
Desired survivor size 8716288 bytes, new threshold 6 (max 6)
- age   1:    6632416 bytes,    6632416 total
- age   2:     525224 bytes,    7157640 total
: 150485K->11507K(153344K), 0.0113450 secs] 538161K->399182K(1031552K), 0.0114990 secs] [Times: user=0.03 sys=0.00, real=0.01 secs] 
2014-03-04T11:19:38.639+0000: 18644.624: [GC2014-03-04T11:19:38.639+0000: 18644.624: [ParNew
Desired survivor size 8716288 bytes, new threshold 2 (max 6)
- age   1:    8050592 bytes,    8050592 total
- age   2:     780312 bytes,    8830904 total
- age   3:     524928 bytes,    9355832 total
: 147827K->10020K(153344K), 0.0147970 secs] 535502K->397695K(1031552K), 0.0149360 secs] [Times: user=0.03 sys=0.00, real=0.02 secs] 
2014-03-04T11:20:49.228+0000: 18715.213: [GC2014-03-04T11:20:49.228+0000: 18715.213: [ParNew
Desired survivor size 8716288 bytes, new threshold 6 (max 6)
- age   1:    6545584 bytes,    6545584 total
- age   2:     659784 bytes,    7205368 total
: 146340K->7972K(153344K), 0.0157180 secs] 534015K->396981K(1031552K), 0.0158820 secs] [Times: user=0.03 sys=0.00, real=0.02 secs] 
2014-03-04T11:21:36.156+0000: 18762.141: [GC2014-03-04T11:21:36.156+0000: 18762.141: [ParNew
Desired survivor size 8716288 bytes, new threshold 6 (max 6)
- age   1:    1812936 bytes,    1812936 total
- age   2:     760832 bytes,    2573768 total
- age   3:     515728 bytes,    3089496 total
: 144292K->7240K(153344K), 0.0117070 secs] 533301K->396249K(1031552K), 0.0118350 secs] [Times: user=0.02 sys=0.00, real=0.01 secs] 
2014-03-04T11:22:27.754+0000: 18813.739: [GC2014-03-04T11:22:27.754+0000: 18813.739: [ParNew
Desired survivor size 8716288 bytes, new threshold 1 (max 6)
- age   1:   14404720 bytes,   14404720 total
- age   2:     827672 bytes,   15232392 total
- age   3:     736760 bytes,   15969152 total
- age   4:     514920 bytes,   16484072 total
: 143560K->17023K(153344K), 0.0209950 secs] 532569K->406662K(1031552K), 0.0211680 secs] [Times: user=0.04 sys=0.01, real=0.02 secs] 
2014-03-04T11:25:31.487+0000: 18997.472: [GC2014-03-04T11:25:31.488+0000: 18997.472: [ParNew
Desired survivor size 8716288 bytes, new threshold 6 (max 6)
- age   1:    2560440 bytes,    2560440 total
: 153343K->12989K(153344K), 0.0354570 secs] 542982K->418555K(1031552K), 0.0356330 secs] [Times: user=0.03 sys=0.04, real=0.04 secs] 
2014-03-04T11:29:01.454+0000: 19207.439: [GC2014-03-04T11:29:01.455+0000: 19207.439: [ParNew
Desired survivor size 8716288 bytes, new threshold 6 (max 6)
- age   1:    2282440 bytes,    2282440 total
- age   2:    1835392 bytes,    4117832 total
: 149309K->5477K(153344K), 0.0136220 secs] 554875K->411043K(1031552K), 0.0137690 secs] [Times: user=0.03 sys=0.00, real=0.01 secs] 
2014-03-04T11:30:46.014+0000: 19311.999: [GC2014-03-04T11:30:46.014+0000: 19311.999: [ParNew
Desired survivor size 8716288 bytes, new threshold 1 (max 6)
- age   1:   13925096 bytes,   13925096 total
- age   2:    1707288 bytes,   15632384 total
- age   3:    1796576 bytes,   17428960 total
: 141797K->17024K(153344K), 0.0338090 secs] 547363K->424623K(1031552K), 0.0339920 secs] [Times: user=0.06 sys=0.00, real=0.03 secs] 
2014-03-04T11:33:55.618+0000: 19501.603: [GC2014-03-04T11:33:55.618+0000: 19501.603: [ParNew
Desired survivor size 8716288 bytes, new threshold 6 (max 6)
- age   1:    5956936 bytes,    5956936 total
: 153344K->14009K(153344K), 0.0383630 secs] 560943K->435097K(1031552K), 0.0385240 secs] [Times: user=0.06 sys=0.01, real=0.04 secs] 
2014-03-04T11:36:43.257+0000: 19669.242: [GC2014-03-04T11:36:43.257+0000: 19669.242: [ParNew
Desired survivor size 8716288 bytes, new threshold 6 (max 6)
- age   1:    2017360 bytes,    2017360 total
- age   2:    2773904 bytes,    4791264 total
: 150329K->8468K(153344K), 0.0128470 secs] 571417K->429555K(1031552K), 0.0129740 secs] [Times: user=0.02 sys=0.00, real=0.01 secs] 
2014-03-04T11:39:46.940+0000: 19852.925: [GC2014-03-04T11:39:46.940+0000: 19852.925: [ParNew
Desired survivor size 8716288 bytes, new threshold 6 (max 6)
- age   1:    3189624 bytes,    3189624 total
- age   2:    1592480 bytes,    4782104 total
- age   3:    2772848 bytes,    7554952 total
: 144788K->9488K(153344K), 0.0160460 secs] 565875K->430576K(1031552K), 0.0162160 secs] [Times: user=0.03 sys=0.00, real=0.02 secs] 
2014-03-04T11:43:26.881+0000: 20072.865: [GC2014-03-04T11:43:26.881+0000: 20072.865: [ParNew
Desired survivor size 8716288 bytes, new threshold 4 (max 6)
- age   1:    2780816 bytes,    2780816 total
- age   2:    2570680 bytes,    5351496 total
- age   3:    1569872 bytes,    6921368 total
- age   4:    2772032 bytes,    9693400 total
: 145808K->12273K(153344K), 0.0176520 secs] 566896K->433360K(1031552K), 0.0177870 secs] [Times: user=0.04 sys=0.00, real=0.02 secs] 
2014-03-04T11:46:50.633+0000: 20276.618: [GC2014-03-04T11:46:50.633+0000: 20276.618: [ParNew
Desired survivor size 8716288 bytes, new threshold 6 (max 6)
- age   1:    2472216 bytes,    2472216 total
- age   2:    2257232 bytes,    4729448 total
- age   3:    1857504 bytes,    6586952 total
- age   4:    1569272 bytes,    8156224 total
: 148593K->8797K(153344K), 0.0248190 secs] 569680K->432682K(1031552K), 0.0249870 secs] [Times: user=0.05 sys=0.00, real=0.03 secs] 
2014-03-04T11:50:21.197+0000: 20487.182: [GC2014-03-04T11:50:21.197+0000: 20487.182: [ParNew
Desired survivor size 8716288 bytes, new threshold 5 (max 6)
- age   1:    2513264 bytes,    2513264 total
- age   2:    1930856 bytes,    4444120 total
- age   3:    2242992 bytes,    6687112 total
- age   4:    1855512 bytes,    8542624 total
- age   5:    1568768 bytes,   10111392 total
: 145117K->15889K(153344K), 0.0199410 secs] 569002K->439774K(1031552K), 0.0200930 secs] [Times: user=0.04 sys=0.00, real=0.02 secs] 
2014-03-04T11:53:42.010+0000: 20687.995: [GC2014-03-04T11:53:42.010+0000: 20687.995: [ParNew
Desired survivor size 8716288 bytes, new threshold 5 (max 6)
- age   1:    2171632 bytes,    2171632 total
- age   2:    2065792 bytes,    4237424 total
- age   3:    1929848 bytes,    6167272 total
- age   4:    2025512 bytes,    8192784 total
- age   5:    1774760 bytes,    9967544 total
: 152209K->17024K(153344K), 0.0272650 secs] 576094K->443044K(1031552K), 0.0274340 secs] [Times: user=0.05 sys=0.00, real=0.03 secs] 
2014-03-04T11:56:59.237+0000: 20885.222: [GC2014-03-04T11:56:59.237+0000: 20885.222: [ParNew
Desired survivor size 8716288 bytes, new threshold 4 (max 6)
- age   1:    3288528 bytes,    3288528 total
- age   2:    1954952 bytes,    5243480 total
- age   3:    1939504 bytes,    7182984 total
- age   4:    1928176 bytes,    9111160 total
- age   5:    2024792 bytes,   11135952 total
: 153344K->15201K(153344K), 0.0268440 secs] 579364K->443041K(1031552K), 0.0270000 secs] [Times: user=0.05 sys=0.00, real=0.03 secs] 
2014-03-04T12:00:39.414+0000: 21105.399: [GC2014-03-04T12:00:39.414+0000: 21105.399: [ParNew
Desired survivor size 8716288 bytes, new threshold 6 (max 6)
- age   1:    2485912 bytes,    2485912 total
- age   2:    2271704 bytes,    4757616 total
- age   3:    1890008 bytes,    6647624 total
- age   4:    1938616 bytes,    8586240 total
: 151521K->9611K(153344K), 0.0305270 secs] 579361K->441468K(1031552K), 0.0307000 secs] [Times: user=0.04 sys=0.02, real=0.04 secs] 
2014-03-04T12:04:10.110+0000: 21316.095: [GC2014-03-04T12:04:10.110+0000: 21316.095: [ParNew
Desired survivor size 8716288 bytes, new threshold 5 (max 6)
- age   1:    2205376 bytes,    2205376 total
- age   2:    2082312 bytes,    4287688 total
- age   3:    2269776 bytes,    6557464 total
- age   4:    1888928 bytes,    8446392 total
- age   5:    1938304 bytes,   10384696 total
: 145931K->17024K(153344K), 0.0214330 secs] 577788K->449080K(1031552K), 0.0216210 secs] [Times: user=0.05 sys=0.00, real=0.02 secs] 
2014-03-04T12:08:08.728+0000: 21554.713: [GC2014-03-04T12:08:08.728+0000: 21554.713: [ParNew
Desired survivor size 8716288 bytes, new threshold 4 (max 6)
- age   1:    2539848 bytes,    2539848 total
- age   2:    1936200 bytes,    4476048 total
- age   3:    2072000 bytes,    6548048 total
- age   4:    2251848 bytes,    8799896 total
- age   5:    1888288 bytes,   10688184 total
: 153344K->12300K(153344K), 0.0271550 secs] 585400K->446348K(1031552K), 0.0273150 secs] [Times: user=0.05 sys=0.00, real=0.03 secs] 
2014-03-04T12:11:40.260+0000: 21766.245: [GC2014-03-04T12:11:40.261+0000: 21766.245: [ParNew
Desired survivor size 8716288 bytes, new threshold 4 (max 6)
- age   1:    2762968 bytes,    2762968 total
- age   2:    2209424 bytes,    4972392 total
- age   3:    1934104 bytes,    6906496 total
- age   4:    2025968 bytes,    8932464 total
: 148620K->9197K(153344K), 0.0301710 secs] 582668K->447128K(1031552K), 0.0303400 secs] [Times: user=0.06 sys=0.00, real=0.03 secs] 
2014-03-04T12:15:22.663+0000: 21988.648: [GC2014-03-04T12:15:22.663+0000: 21988.648: [ParNew
Desired survivor size 8716288 bytes, new threshold 4 (max 6)
- age   1:    2514032 bytes,    2514032 total
- age   2:    2203776 bytes,    4717808 total
- age   3:    2208408 bytes,    6926216 total
- age   4:    1932232 bytes,    8858448 total
: 145517K->8782K(153344K), 0.0246790 secs] 583448K->448794K(1031552K), 0.0248250 secs] [Times: user=0.04 sys=0.01, real=0.02 secs] 
2014-03-04T12:18:43.203+0000: 22189.188: [GC2014-03-04T12:18:43.203+0000: 22189.188: [ParNew
Desired survivor size 8716288 bytes, new threshold 4 (max 6)
- age   1:    2631280 bytes,    2631280 total
- age   2:    2059648 bytes,    4690928 total
- age   3:    2034200 bytes,    6725128 total
- age   4:    2207192 bytes,    8932320 total
: 145102K->17024K(153344K), 0.0253290 secs] 585114K->459243K(1031552K), 0.0254850 secs] [Times: user=0.04 sys=0.01, real=0.02 secs] 
2014-03-04T12:22:24.535+0000: 22410.520: [GC2014-03-04T12:22:24.535+0000: 22410.520: [ParNew
Desired survivor size 8716288 bytes, new threshold 4 (max 6)
- age   1:    2458912 bytes,    2458912 total
- age   2:    2266816 bytes,    4725728 total
- age   3:    2049120 bytes,    6774848 total
- age   4:    2033344 bytes,    8808192 total
: 153344K->10924K(153344K), 0.0263690 secs] 595563K->455411K(1031552K), 0.0265310 secs] [Times: user=0.05 sys=0.00, real=0.02 secs] 
2014-03-04T12:25:15.360+0000: 22581.345: [GC2014-03-04T12:25:15.360+0000: 22581.345: [ParNew
Desired survivor size 8716288 bytes, new threshold 4 (max 6)
- age   1:    3122480 bytes,    3122480 total
- age   2:    2073760 bytes,    5196240 total
- age   3:    2182640 bytes,    7378880 total
- age   4:    2048464 bytes,    9427344 total
: 147244K->15697K(153344K), 0.0253540 secs] 591731K->462271K(1031552K), 0.0255180 secs] [Times: user=0.05 sys=0.00, real=0.03 secs] 
2014-03-04T12:28:47.683+0000: 22793.668: [GC2014-03-04T12:28:47.683+0000: 22793.668: [ParNew
Desired survivor size 8716288 bytes, new threshold 4 (max 6)
- age   1:    2505920 bytes,    2505920 total
- age   2:    2159024 bytes,    4664944 total
- age   3:    2062880 bytes,    6727824 total
- age   4:    2180488 bytes,    8908312 total
: 152017K->10725K(153344K), 0.0245510 secs] 598591K->459405K(1031552K), 0.0247130 secs] [Times: user=0.04 sys=0.01, real=0.02 secs] 
2014-03-04T12:31:40.200+0000: 22966.185: [GC2014-03-04T12:31:40.200+0000: 22966.185: [ParNew
Desired survivor size 8716288 bytes, new threshold 4 (max 6)
- age   1:    2981056 bytes,    2981056 total
- age   2:    2027648 bytes,    5008704 total
- age   3:    1690920 bytes,    6699624 total
- age   4:    2061640 bytes,    8761264 total
: 147045K->11850K(153344K), 0.0246320 secs] 595725K->462680K(1031552K), 0.0248090 secs] [Times: user=0.05 sys=0.00, real=0.03 secs] 
2014-03-04T12:34:47.055+0000: 23153.040: [GC2014-03-04T12:34:47.055+0000: 23153.040: [ParNew
Desired survivor size 8716288 bytes, new threshold 6 (max 6)
- age   1:    2320864 bytes,    2320864 total
- age   2:    2184056 bytes,    4504920 total
- age   3:    2025808 bytes,    6530728 total
- age   4:    1643264 bytes,    8173992 total
: 148170K->8311K(153344K), 0.0237730 secs] 599000K->461260K(1031552K), 0.0239250 secs] [Times: user=0.05 sys=0.00, real=0.02 secs] 
2014-03-04T12:38:15.686+0000: 23361.670: [GC2014-03-04T12:38:15.686+0000: 23361.670: [ParNew
Desired survivor size 8716288 bytes, new threshold 5 (max 6)
- age   1:    2516568 bytes,    2516568 total
- age   2:    1716624 bytes,    4233192 total
- age   3:    1634240 bytes,    5867432 total
- age   4:    2024568 bytes,    7892000 total
- age   5:    1642424 bytes,    9534424 total
: 144631K->15668K(153344K), 0.0199450 secs] 597580K->468617K(1031552K), 0.0200930 secs] [Times: user=0.04 sys=0.00, real=0.02 secs] 
2014-03-04T12:41:21.517+0000: 23547.502: [GC2014-03-04T12:41:21.517+0000: 23547.502: [ParNew
Desired survivor size 8716288 bytes, new threshold 5 (max 6)
- age   1:    2380456 bytes,    2380456 total
- age   2:    2087104 bytes,    4467560 total
- age   3:    1703504 bytes,    6171064 total
- age   4:    1633576 bytes,    7804640 total
- age   5:    2024128 bytes,    9828768 total
: 151988K->13666K(153344K), 0.0270000 secs] 604937K->468300K(1031552K), 0.0271420 secs] [Times: user=0.05 sys=0.00, real=0.03 secs] 
2014-03-04T12:44:52.293+0000: 23758.278: [GC2014-03-04T12:44:52.293+0000: 23758.278: [ParNew
Desired survivor size 8716288 bytes, new threshold 5 (max 6)
- age   1:    2496360 bytes,    2496360 total
- age   2:    1811560 bytes,    4307920 total
- age   3:    2021528 bytes,    6329448 total
- age   4:    1702976 bytes,    8032424 total
- age   5:    1633232 bytes,    9665656 total
: 149986K->12679K(153344K), 0.0265700 secs] 604620K->469392K(1031552K), 0.0267240 secs] [Times: user=0.05 sys=0.00, real=0.03 secs] 
2014-03-04T12:47:50.406+0000: 23936.391: [GC2014-03-04T12:47:50.406+0000: 23936.391: [ParNew
Desired survivor size 8716288 bytes, new threshold 5 (max 6)
- age   1:    2452408 bytes,    2452408 total
- age   2:    2048744 bytes,    4501152 total
- age   3:    1799672 bytes,    6300824 total
- age   4:    2020480 bytes,    8321304 total
- age   5:    1702280 bytes,   10023584 total
: 148999K->13855K(153344K), 0.0256000 secs] 605712K->472246K(1031552K), 0.0257540 secs] [Times: user=0.05 sys=0.00, real=0.02 secs] 
2014-03-04T12:50:29.356+0000: 24095.341: [GC2014-03-04T12:50:29.356+0000: 24095.341: [ParNew
Desired survivor size 8716288 bytes, new threshold 5 (max 6)
- age   1:    2614712 bytes,    2614712 total
- age   2:    1789168 bytes,    4403880 total
- age   3:    2017560 bytes,    6421440 total
- age   4:    1798688 bytes,    8220128 total
- age   5:    2017680 bytes,   10237808 total
: 150175K->14392K(153344K), 0.0254570 secs] 608566K->474533K(1031552K), 0.0256130 secs] [Times: user=0.05 sys=0.00, real=0.02 secs] 
2014-03-04T12:53:57.072+0000: 24303.057: [GC2014-03-04T12:53:57.072+0000: 24303.057: [ParNew
Desired survivor size 8716288 bytes, new threshold 5 (max 6)
- age   1:    2457256 bytes,    2457256 total
- age   2:    1860920 bytes,    4318176 total
- age   3:    1649728 bytes,    5967904 total
- age   4:    2016672 bytes,    7984576 total
- age   5:    1798488 bytes,    9783064 total
: 150712K->9744K(153344K), 0.0257560 secs] 610853K->471956K(1031552K), 0.0259130 secs] [Times: user=0.05 sys=0.00, real=0.03 secs] 
2014-03-04T12:56:56.878+0000: 24482.863: [GC2014-03-04T12:56:56.879+0000: 24482.863: [ParNew
Desired survivor size 8716288 bytes, new threshold 5 (max 6)
- age   1:    2827680 bytes,    2827680 total
- age   2:    1986184 bytes,    4813864 total
- age   3:    1669248 bytes,    6483112 total
- age   4:    1648344 bytes,    8131456 total
- age   5:    1970992 bytes,   10102448 total
: 146064K->14363K(153344K), 0.0253230 secs] 608276K->478421K(1031552K), 0.0255050 secs] [Times: user=0.05 sys=0.00, real=0.03 secs] 
2014-03-04T13:00:29.950+0000: 24695.935: [GC2014-03-04T13:00:29.950+0000: 24695.935: [ParNew
Desired survivor size 8716288 bytes, new threshold 5 (max 6)
- age   1:    2517432 bytes,    2517432 total
- age   2:    1675016 bytes,    4192448 total
- age   3:    1905696 bytes,    6098144 total
- age   4:    1660888 bytes,    7759032 total
- age   5:    1648000 bytes,    9407032 total
: 150683K->9818K(153344K), 0.0258960 secs] 614741K->475900K(1031552K), 0.0260590 secs] [Times: user=0.05 sys=0.00, real=0.03 secs] 
2014-03-04T13:04:12.820+0000: 24918.805: [GC2014-03-04T13:04:12.821+0000: 24918.805: [ParNew
Desired survivor size 8716288 bytes, new threshold 5 (max 6)
- age   1:    2451176 bytes,    2451176 total
- age   2:    2006256 bytes,    4457432 total
- age   3:    1653200 bytes,    6110632 total
- age   4:    1905192 bytes,    8015824 total
- age   5:    1581424 bytes,    9597248 total
: 146138K->17024K(153344K), 0.0252040 secs] 612220K->485022K(1031552K), 0.0253700 secs] [Times: user=0.05 sys=0.00, real=0.03 secs] 
2014-03-04T13:07:19.416+0000: 25105.401: [GC2014-03-04T13:07:19.416+0000: 25105.401: [ParNew
Desired survivor size 8716288 bytes, new threshold 5 (max 6)
- age   1:    2454968 bytes,    2454968 total
- age   2:    2147056 bytes,    4602024 total
- age   3:    1983672 bytes,    6585696 total
- age   4:    1651720 bytes,    8237416 total
- age   5:    1902096 bytes,   10139512 total
: 153344K->11838K(153344K), 0.0249610 secs] 621342K->481458K(1031552K), 0.0251120 secs] [Times: user=0.05 sys=0.00, real=0.02 secs] 
2014-03-04T13:10:36.763+0000: 25302.748: [GC2014-03-04T13:10:36.763+0000: 25302.748: [ParNew
Desired survivor size 8716288 bytes, new threshold 4 (max 6)
- age   1:    3571200 bytes,    3571200 total
- age   2:    1757880 bytes,    5329080 total
- age   3:    2045288 bytes,    7374368 total
- age   4:    1981528 bytes,    9355896 total
- age   5:    1651448 bytes,   11007344 total
: 148158K->17024K(153344K), 0.0275440 secs] 617778K->488852K(1031552K), 0.0277010 secs] [Times: user=0.05 sys=0.00, real=0.02 secs] 
2014-03-04T13:12:41.681+0000: 25427.666: [GC2014-03-04T13:12:41.681+0000: 25427.666: [ParNew
Desired survivor size 8716288 bytes, new threshold 4 (max 6)
- age   1:    3003896 bytes,    3003896 total
- age   2:    2535984 bytes,    5539880 total
- age   3:    1754408 bytes,    7294288 total
- age   4:    2044808 bytes,    9339096 total
: 153344K->10614K(153344K), 0.0305650 secs] 625172K->486178K(1031552K), 0.0307250 secs] [Times: user=0.04 sys=0.01, real=0.03 secs] 
2014-03-04T13:16:03.365+0000: 25629.350: [GC2014-03-04T13:16:03.365+0000: 25629.350: [ParNew
Desired survivor size 8716288 bytes, new threshold 6 (max 6)
- age   1:    2429664 bytes,    2429664 total
- age   2:    1322192 bytes,    3751856 total
- age   3:    1993784 bytes,    5745640 total
- age   4:    1707856 bytes,    7453496 total
: 146934K->9353K(153344K), 0.0231070 secs] 622498K->487019K(1031552K), 0.0232800 secs] [Times: user=0.05 sys=0.00, real=0.02 secs] 
2014-03-04T13:19:10.219+0000: 25816.204: [GC2014-03-04T13:19:10.219+0000: 25816.204: [ParNew
Desired survivor size 8716288 bytes, new threshold 5 (max 6)
- age   1:    2380560 bytes,    2380560 total
- age   2:    1916736 bytes,    4297296 total
- age   3:    1152712 bytes,    5450008 total
- age   4:    1992280 bytes,    7442288 total
- age   5:    1707008 bytes,    9149296 total
: 145673K->15392K(153344K), 0.0191560 secs] 623339K->493058K(1031552K), 0.0193450 secs] [Times: user=0.04 sys=0.00, real=0.02 secs] 
2014-03-04T13:22:40.300+0000: 26026.284: [GC2014-03-04T13:22:40.300+0000: 26026.284: [ParNew
Desired survivor size 8716288 bytes, new threshold 5 (max 6)
- age   1:    2847360 bytes,    2847360 total
- age   2:    1777688 bytes,    4625048 total
- age   3:    1843672 bytes,    6468720 total
- age   4:    1151952 bytes,    7620672 total
- age   5:    1991744 bytes,    9612416 total
: 151712K->10552K(153344K), 0.0244380 secs] 629378K->489972K(1031552K), 0.0246100 secs] [Times: user=0.05 sys=0.00, real=0.03 secs] 
2014-03-04T13:26:08.222+0000: 26234.207: [GC2014-03-04T13:26:08.222+0000: 26234.207: [ParNew
Desired survivor size 8716288 bytes, new threshold 5 (max 6)
- age   1:    2496176 bytes,    2496176 total
- age   2:    2351728 bytes,    4847904 total
- age   3:    1745576 bytes,    6593480 total
- age   4:    1843120 bytes,    8436600 total
- age   5:    1151856 bytes,    9588456 total
: 146872K->16445K(153344K), 0.0255560 secs] 626292K->497867K(1031552K), 0.0257440 secs] [Times: user=0.05 sys=0.00, real=0.03 secs] 
2014-03-04T13:29:38.392+0000: 26444.377: [GC2014-03-04T13:29:38.392+0000: 26444.377: [ParNew
Desired survivor size 8716288 bytes, new threshold 5 (max 6)
- age   1:    2626016 bytes,    2626016 total
- age   2:    1943280 bytes,    4569296 total
- age   3:    2270248 bytes,    6839544 total
- age   4:    1744520 bytes,    8584064 total
- age   5:    1842416 bytes,   10426480 total
: 152765K->11128K(153344K), 0.0240850 secs] 634187K->493734K(1031552K), 0.0242380 secs] [Times: user=0.05 sys=0.00, real=0.03 secs] 
2014-03-04T13:33:04.306+0000: 26650.291: [GC2014-03-04T13:33:04.306+0000: 26650.291: [ParNew
Desired survivor size 8716288 bytes, new threshold 5 (max 6)
- age   1:    2440800 bytes,    2440800 total
- age   2:    1907640 bytes,    4348440 total
- age   3:    1931024 bytes,    6279464 total
- age   4:    2256040 bytes,    8535504 total
- age   5:    1744304 bytes,   10279808 total
: 147448K->13810K(153344K), 0.0268340 secs] 630054K->498309K(1031552K), 0.0270110 secs] [Times: user=0.05 sys=0.01, real=0.02 secs] 
2014-03-04T13:35:53.085+0000: 26819.070: [GC2014-03-04T13:35:53.085+0000: 26819.070: [ParNew
Desired survivor size 8716288 bytes, new threshold 5 (max 6)
- age   1:    2097160 bytes,    2097160 total
- age   2:    1939848 bytes,    4037008 total
- age   3:    1903920 bytes,    5940928 total
- age   4:    1930352 bytes,    7871280 total
- age   5:    1937720 bytes,    9809000 total
: 150130K->17024K(153344K), 0.0263520 secs] 634629K->503755K(1031552K), 0.0264970 secs] [Times: user=0.05 sys=0.01, real=0.02 secs] 
2014-03-04T13:39:10.121+0000: 27016.105: [GC2014-03-04T13:39:10.121+0000: 27016.106: [ParNew
Desired survivor size 8716288 bytes, new threshold 5 (max 6)
- age   1:    2550512 bytes,    2550512 total
- age   2:    1693064 bytes,    4243576 total
- age   3:    1917848 bytes,    6161424 total
- age   4:    1903104 bytes,    8064528 total
- age   5:    1929992 bytes,    9994520 total
: 153344K->12115K(153344K), 0.0266040 secs] 640075K->500838K(1031552K), 0.0267780 secs] [Times: user=0.05 sys=0.00, real=0.03 secs] 
2014-03-04T13:42:40.903+0000: 27226.888: [GC2014-03-04T13:42:40.903+0000: 27226.888: [ParNew
Desired survivor size 8716288 bytes, new threshold 5 (max 6)
- age   1:    2464304 bytes,    2464304 total
- age   2:    2040824 bytes,    4505128 total
- age   3:    1527872 bytes,    6033000 total
- age   4:    1917248 bytes,    7950248 total
- age   5:    1902712 bytes,    9852960 total
: 148435K->17024K(153344K), 0.0265740 secs] 637158K->507979K(1031552K), 0.0267400 secs] [Times: user=0.05 sys=0.00, real=0.02 secs] 
2014-03-04T13:46:20.447+0000: 27446.432: [GC2014-03-04T13:46:20.447+0000: 27446.432: [ParNew
Desired survivor size 8716288 bytes, new threshold 5 (max 6)
- age   1:    2420320 bytes,    2420320 total
- age   2:    2258208 bytes,    4678528 total
- age   3:    1955472 bytes,    6634000 total
- age   4:    1527264 bytes,    8161264 total
- age   5:    1917104 bytes,   10078368 total
: 153344K->11684K(153344K), 0.0260880 secs] 644299K->504596K(1031552K), 0.0262500 secs] [Times: user=0.04 sys=0.00, real=0.02 secs] 
2014-03-04T13:49:43.211+0000: 27649.195: [GC2014-03-04T13:49:43.211+0000: 27649.195: [ParNew
Desired survivor size 8716288 bytes, new threshold 5 (max 6)
- age   1:    2299528 bytes,    2299528 total
- age   2:    2027576 bytes,    4327104 total
- age   3:    2174136 bytes,    6501240 total
- age   4:    1954176 bytes,    8455416 total
- age   5:    1526712 bytes,    9982128 total
: 148004K->17024K(153344K), 0.0267530 secs] 640916K->512176K(1031552K), 0.0269160 secs] [Times: user=0.05 sys=0.00, real=0.03 secs] 
2014-03-04T13:53:13.022+0000: 27859.007: [GC2014-03-04T13:53:13.022+0000: 27859.007: [ParNew
Desired survivor size 8716288 bytes, new threshold 5 (max 6)
- age   1:    2483376 bytes,    2483376 total
- age   2:    2013536 bytes,    4496912 total
- age   3:    2026392 bytes,    6523304 total
- age   4:    2172848 bytes,    8696152 total
- age   5:    1953480 bytes,   10649632 total
: 153344K->11916K(153344K), 0.0260000 secs] 648496K->508638K(1031552K), 0.0261740 secs] [Times: user=0.05 sys=0.00, real=0.02 secs] 
2014-03-04T13:56:01.710+0000: 28027.695: [GC2014-03-04T13:56:01.710+0000: 28027.695: [ParNew
Desired survivor size 8716288 bytes, new threshold 5 (max 6)
- age   1:    2009168 bytes,    2009168 total
- age   2:    1963720 bytes,    3972888 total
- age   3:    1916488 bytes,    5889376 total
- age   4:    2025128 bytes,    7914504 total
- age   5:    2172576 bytes,   10087080 total
: 148236K->17024K(153344K), 0.0281160 secs] 644958K->516130K(1031552K), 0.0283000 secs] [Times: user=0.05 sys=0.00, real=0.03 secs] 
2014-03-04T13:59:25.779+0000: 28231.764: [GC2014-03-04T13:59:25.779+0000: 28231.764: [ParNew
Desired survivor size 8716288 bytes, new threshold 5 (max 6)
- age   1:    2527616 bytes,    2527616 total
- age   2:    1631808 bytes,    4159424 total
- age   3:    1941464 bytes,    6100888 total
- age   4:    1914872 bytes,    8015760 total
- age   5:    2024792 bytes,   10040552 total
: 153344K->12205K(153344K), 0.0275890 secs] 652450K->513535K(1031552K), 0.0277350 secs] [Times: user=0.05 sys=0.00, real=0.03 secs] 
2014-03-04T14:03:11.423+0000: 28457.408: [GC2014-03-04T14:03:11.423+0000: 28457.408: [ParNew
Desired survivor size 8716288 bytes, new threshold 5 (max 6)
- age   1:    2285440 bytes,    2285440 total
- age   2:    1944336 bytes,    4229776 total
- age   3:    1551200 bytes,    5780976 total
- age   4:    1941104 bytes,    7722080 total
- age   5:    1914384 bytes,    9636464 total
: 148525K->17024K(153344K), 0.0262310 secs] 649855K->520647K(1031552K), 0.0263950 secs] [Times: user=0.06 sys=0.00, real=0.02 secs] 
2014-03-04T14:06:48.077+0000: 28674.061: [GC2014-03-04T14:06:48.077+0000: 28674.061: [ParNew
Desired survivor size 8716288 bytes, new threshold 5 (max 6)
- age   1:    2459632 bytes,    2459632 total
- age   2:    2083488 bytes,    4543120 total
- age   3:    1886232 bytes,    6429352 total
- age   4:    1534640 bytes,    7963992 total
- age   5:    1940816 bytes,    9904808 total
: 153344K->11587K(153344K), 0.0279620 secs] 656967K->517176K(1031552K), 0.0281480 secs] [Times: user=0.04 sys=0.00, real=0.03 secs] 
2014-03-04T14:10:32.565+0000: 28898.550: [GC2014-03-04T14:10:32.565+0000: 28898.550: [ParNew
Desired survivor size 8716288 bytes, new threshold 5 (max 6)
- age   1:    2351344 bytes,    2351344 total
- age   2:    1996200 bytes,    4347544 total
- age   3:    2072216 bytes,    6419760 total
- age   4:    1885288 bytes,    8305048 total
- age   5:    1534376 bytes,    9839424 total
: 147907K->17024K(153344K), 0.0264870 secs] 653496K->524819K(1031552K), 0.0266570 secs] [Times: user=0.06 sys=0.00, real=0.02 secs] 
2014-03-04T14:14:22.376+0000: 29128.361: [GC2014-03-04T14:14:22.376+0000: 29128.361: [ParNew
Desired survivor size 8716288 bytes, new threshold 4 (max 6)
- age   1:    2604688 bytes,    2604688 total
- age   2:    2092064 bytes,    4696752 total
- age   3:    1995008 bytes,    6691760 total
- age   4:    2071808 bytes,    8763568 total
- age   5:    1884712 bytes,   10648280 total
: 153344K->14501K(153344K), 0.0257370 secs] 661139K->523873K(1031552K), 0.0258960 secs] [Times: user=0.05 sys=0.01, real=0.03 secs] 
2014-03-04T14:17:34.881+0000: 29320.866: [GC2014-03-04T14:17:34.881+0000: 29320.866: [ParNew
Desired survivor size 8716288 bytes, new threshold 4 (max 6)
- age   1:    2768304 bytes,    2768304 total
- age   2:    2222240 bytes,    4990544 total
- age   3:    2069664 bytes,    7060208 total
- age   4:    1990840 bytes,    9051048 total
: 150821K->13921K(153344K), 0.0311350 secs] 660193K->527360K(1031552K), 0.0313180 secs] [Times: user=0.06 sys=0.01, real=0.03 secs] 
2014-03-04T14:21:14.283+0000: 29540.267: [GC2014-03-04T14:21:14.283+0000: 29540.267: [ParNew
Desired survivor size 8716288 bytes, new threshold 4 (max 6)
- age   1:    2594664 bytes,    2594664 total
- age   2:    2060528 bytes,    4655192 total
- age   3:    2221016 bytes,    6876208 total
- age   4:    2068872 bytes,    8945080 total
: 150241K->13277K(153344K), 0.0247160 secs] 663680K->528762K(1031552K), 0.0248800 secs] [Times: user=0.05 sys=0.00, real=0.02 secs] 
2014-03-04T14:24:25.691+0000: 29731.676: [GC2014-03-04T14:24:25.691+0000: 29731.676: [ParNew
Desired survivor size 8716288 bytes, new threshold 4 (max 6)
- age   1:    2471304 bytes,    2471304 total
- age   2:    2066320 bytes,    4537624 total
- age   3:    2026432 bytes,    6564056 total
- age   4:    2220208 bytes,    8784264 total
: 149597K->13105K(153344K), 0.0245950 secs] 665082K->530716K(1031552K), 0.0247490 secs] [Times: user=0.04 sys=0.01, real=0.03 secs] 
2014-03-04T14:27:45.006+0000: 29930.991: [GC2014-03-04T14:27:45.006+0000: 29930.991: [ParNew
Desired survivor size 8716288 bytes, new threshold 6 (max 6)
- age   1:    2370152 bytes,    2370152 total
- age   2:    1970872 bytes,    4341024 total
- age   3:    2019280 bytes,    6360304 total
- age   4:    2025336 bytes,    8385640 total
: 149425K->8673K(153344K), 0.0246300 secs] 667036K->528563K(1031552K), 0.0247920 secs] [Times: user=0.05 sys=0.00, real=0.02 secs] 
2014-03-04T14:31:14.617+0000: 30140.602: [GC2014-03-04T14:31:14.617+0000: 30140.602: [ParNew
Desired survivor size 8716288 bytes, new threshold 5 (max 6)
- age   1:    2636528 bytes,    2636528 total
- age   2:    1852936 bytes,    4489464 total
- age   3:    1827408 bytes,    6316872 total
- age   4:    2018464 bytes,    8335336 total
- age   5:    2024760 bytes,   10360096 total
: 144993K->16302K(153344K), 0.0198860 secs] 664883K->536192K(1031552K), 0.0200410 secs] [Times: user=0.04 sys=0.01, real=0.02 secs] 
2014-03-04T14:34:43.869+0000: 30349.853: [GC2014-03-04T14:34:43.869+0000: 30349.854: [ParNew
Desired survivor size 8716288 bytes, new threshold 5 (max 6)
- age   1:    2467280 bytes,    2467280 total
- age   2:    2086024 bytes,    4553304 total
- age   3:    1843264 bytes,    6396568 total
- age   4:    1826720 bytes,    8223288 total
- age   5:    2018464 bytes,   10241752 total
: 152622K->14396K(153344K), 0.0261540 secs] 672512K->536357K(1031552K), 0.0263020 secs] [Times: user=0.05 sys=0.00, real=0.03 secs] 
2014-03-04T14:38:20.492+0000: 30566.477: [GC2014-03-04T14:38:20.492+0000: 30566.477: [ParNew
Desired survivor size 8716288 bytes, new threshold 5 (max 6)
- age   1:    2540888 bytes,    2540888 total
- age   2:    1895616 bytes,    4436504 total
- age   3:    1948976 bytes,    6385480 total
- age   4:    1841472 bytes,    8226952 total
- age   5:    1786912 bytes,   10013864 total
: 150716K->14641K(153344K), 0.0268920 secs] 672677K->538678K(1031552K), 0.0270590 secs] [Times: user=0.05 sys=0.01, real=0.03 secs] 
2014-03-04T14:42:05.494+0000: 30791.479: [GC2014-03-04T14:42:05.494+0000: 30791.479: [ParNew
Desired survivor size 8716288 bytes, new threshold 5 (max 6)
- age   1:    2588848 bytes,    2588848 total
- age   2:    2021928 bytes,    4610776 total
- age   3:    1893008 bytes,    6503784 total
- age   4:    1946800 bytes,    8450584 total
- age   5:    1840560 bytes,   10291144 total
: 150961K->14544K(153344K), 0.0259680 secs] 674998K->540417K(1031552K), 0.0261370 secs] [Times: user=0.05 sys=0.00, real=0.03 secs] 
2014-03-04T14:45:35.037+0000: 31001.021: [GC2014-03-04T14:45:35.037+0000: 31001.022: [ParNew
Desired survivor size 8716288 bytes, new threshold 5 (max 6)
- age   1:    2299104 bytes,    2299104 total
- age   2:    2160096 bytes,    4459200 total
- age   3:    2019040 bytes,    6478240 total
- age   4:    1890776 bytes,    8369016 total
- age   5:    1946512 bytes,   10315528 total
: 150864K->17024K(153344K), 0.0265890 secs] 676737K->545052K(1031552K), 0.0267700 secs] [Times: user=0.06 sys=0.00, real=0.03 secs] 
2014-03-04T14:49:19.357+0000: 31225.342: [GC2014-03-04T14:49:19.357+0000: 31225.342: [ParNew
Desired survivor size 8716288 bytes, new threshold 5 (max 6)
- age   1:    2568984 bytes,    2568984 total
- age   2:    2024520 bytes,    4593504 total
- age   3:    2076152 bytes,    6669656 total
- age   4:    2017696 bytes,    8687352 total
- age   5:    1889488 bytes,   10576840 total
: 153344K->15724K(153344K), 0.0267670 secs] 681372K->545753K(1031552K), 0.0269270 secs] [Times: user=0.05 sys=0.00, real=0.03 secs] 
2014-03-04T14:52:44.110+0000: 31430.095: [GC2014-03-04T14:52:44.110+0000: 31430.095: [ParNew
Desired survivor size 8716288 bytes, new threshold 4 (max 6)
- age   1:    2555488 bytes,    2555488 total
- age   2:    2091504 bytes,    4646992 total
- age   3:    2022328 bytes,    6669320 total
- age   4:    2075552 bytes,    8744872 total
- age   5:    2017264 bytes,   10762136 total
: 152044K->17024K(153344K), 0.0275780 secs] 682073K->549245K(1031552K), 0.0277360 secs] [Times: user=0.06 sys=0.00, real=0.03 secs] 
2014-03-04T14:53:58.165+0000: 31504.150: [GC2014-03-04T14:53:58.165+0000: 31504.150: [ParNew
Desired survivor size 8716288 bytes, new threshold 1 (max 6)
- age   1:   13048072 bytes,   13048072 total
- age   2:    1796736 bytes,   14844808 total
- age   3:    1486568 bytes,   16331376 total
- age   4:    1098432 bytes,   17429808 total
: 153344K->17024K(153344K), 0.0596440 secs] 685565K->560782K(1031552K), 0.0598140 secs] [Times: user=0.10 sys=0.02, real=0.06 secs] 
2014-03-04T14:54:28.651+0000: 31534.635: [GC2014-03-04T14:54:28.651+0000: 31534.636: [ParNew
Desired survivor size 8716288 bytes, new threshold 6 (max 6)
- age   1:    7626584 bytes,    7626584 total
: 153344K->16030K(153344K), 0.0333080 secs] 697102K->570569K(1031552K), 0.0334620 secs] [Times: user=0.07 sys=0.00, real=0.04 secs] 
2014-03-04T14:55:03.467+0000: 31569.452: [GC2014-03-04T14:55:03.467+0000: 31569.452: [ParNew
Desired survivor size 8716288 bytes, new threshold 2 (max 6)
- age   1:    8416840 bytes,    8416840 total
- age   2:    1582560 bytes,    9999400 total
: 152350K->13280K(153344K), 0.0166150 secs] 706889K->567819K(1031552K), 0.0167860 secs] [Times: user=0.03 sys=0.00, real=0.02 secs] 
2014-03-04T14:55:24.050+0000: 31590.035: [GC2014-03-04T14:55:24.050+0000: 31590.035: [ParNew
Desired survivor size 8716288 bytes, new threshold 1 (max 6)
- age   1:    9394760 bytes,    9394760 total
- age   2:     393248 bytes,    9788008 total
: 149600K->13520K(153344K), 0.0216310 secs] 704139K->569605K(1031552K), 0.0217950 secs] [Times: user=0.03 sys=0.00, real=0.02 secs] 
2014-03-04T14:57:55.909+0000: 31741.894: [GC2014-03-04T14:57:55.909+0000: 31741.894: [ParNew
Desired survivor size 8716288 bytes, new threshold 6 (max 6)
- age   1:    4109192 bytes,    4109192 total
: 149840K->9046K(153344K), 0.0157680 secs] 705925K->568591K(1031552K), 0.0159080 secs] [Times: user=0.03 sys=0.00, real=0.02 secs] 
2014-03-04T15:01:14.935+0000: 31940.920: [GC2014-03-04T15:01:14.935+0000: 31940.920: [ParNew
Desired survivor size 8716288 bytes, new threshold 6 (max 6)
- age   1:    2259440 bytes,    2259440 total
- age   2:    1426536 bytes,    3685976 total
: 145366K->5501K(153344K), 0.0126350 secs] 704911K->565047K(1031552K), 0.0127640 secs] [Times: user=0.03 sys=0.00, real=0.01 secs] 
2014-03-04T15:05:02.224+0000: 32168.209: [GC2014-03-04T15:05:02.224+0000: 32168.209: [ParNew
Desired survivor size 8716288 bytes, new threshold 6 (max 6)
- age   1:    2491448 bytes,    2491448 total
- age   2:    1859720 bytes,    4351168 total
- age   3:    1398520 bytes,    5749688 total
: 141821K->7063K(153344K), 0.0141830 secs] 701367K->566608K(1031552K), 0.0143370 secs] [Times: user=0.03 sys=0.00, real=0.01 secs] 
2014-03-04T15:08:41.852+0000: 32387.837: [GC2014-03-04T15:08:41.852+0000: 32387.837: [ParNew
Desired survivor size 8716288 bytes, new threshold 6 (max 6)
- age   1:    2500496 bytes,    2500496 total
- age   2:    2073768 bytes,    4574264 total
- age   3:    1849512 bytes,    6423776 total
- age   4:    1395216 bytes,    7818992 total
: 143383K->10044K(153344K), 0.0167920 secs] 702928K->569590K(1031552K), 0.0169470 secs] [Times: user=0.03 sys=0.00, real=0.02 secs] 
2014-03-04T15:12:10.909+0000: 32596.894: [GC2014-03-04T15:12:10.910+0000: 32596.894: [ParNew
Desired survivor size 8716288 bytes, new threshold 5 (max 6)
- age   1:    2556928 bytes,    2556928 total
- age   2:    2149808 bytes,    4706736 total
- age   3:    2071696 bytes,    6778432 total
- age   4:    1848976 bytes,    8627408 total
- age   5:    1394976 bytes,   10022384 total
: 146364K->13911K(153344K), 0.0197190 secs] 705910K->573456K(1031552K), 0.0198910 secs] [Times: user=0.04 sys=0.00, real=0.02 secs] 
2014-03-04T15:15:40.193+0000: 32806.178: [GC2014-03-04T15:15:40.193+0000: 32806.178: [ParNew
Desired survivor size 8716288 bytes, new threshold 4 (max 6)
- age   1:    2937504 bytes,    2937504 total
- age   2:    2017032 bytes,    4954536 total
- age   3:    2066848 bytes,    7021384 total
- age   4:    2070752 bytes,    9092136 total
- age   5:    1848008 bytes,   10940144 total
: 150231K->13533K(153344K), 0.0251860 secs] 709776K->574512K(1031552K), 0.0253420 secs] [Times: user=0.05 sys=0.00, real=0.03 secs] 
2014-03-04T15:19:25.866+0000: 33031.850: [GC2014-03-04T15:19:25.866+0000: 33031.850: [ParNew
Desired survivor size 8716288 bytes, new threshold 4 (max 6)
- age   1:    2482488 bytes,    2482488 total
- age   2:    2369744 bytes,    4852232 total
- age   3:    1934064 bytes,    6786296 total
- age   4:    2062568 bytes,    8848864 total
: 149853K->10183K(153344K), 0.0307740 secs] 710832K->575190K(1031552K), 0.0309310 secs] [Times: user=0.04 sys=0.02, real=0.03 secs] 
2014-03-04T15:22:14.909+0000: 33200.893: [GC2014-03-04T15:22:14.909+0000: 33200.894: [ParNew
Desired survivor size 8716288 bytes, new threshold 4 (max 6)
- age   1:    2502168 bytes,    2502168 total
- age   2:    2081064 bytes,    4583232 total
- age   3:    2347872 bytes,    6931104 total
- age   4:    1931352 bytes,    8862456 total
: 146503K->9225K(153344K), 0.0244820 secs] 711510K->576352K(1031552K), 0.0246380 secs] [Times: user=0.05 sys=0.00, real=0.02 secs] 
2014-03-04T15:25:10.255+0000: 33376.240: [GC2014-03-04T15:25:10.255+0000: 33376.240: [ParNew
Desired survivor size 8716288 bytes, new threshold 4 (max 6)
- age   1:    3463048 bytes,    3463048 total
- age   2:    1836664 bytes,    5299712 total
- age   3:    2071864 bytes,    7371576 total
- age   4:    2347328 bytes,    9718904 total
: 145545K->17024K(153344K), 0.0253110 secs] 712672K->586224K(1031552K), 0.0254840 secs] [Times: user=0.05 sys=0.00, real=0.02 secs] 
2014-03-04T15:27:27.249+0000: 33513.234: [GC2014-03-04T15:27:27.249+0000: 33513.234: [ParNew
Desired survivor size 8716288 bytes, new threshold 4 (max 6)
- age   1:    3855616 bytes,    3855616 total
- age   2:    3163224 bytes,    7018840 total
- age   3:    1567528 bytes,    8586368 total
- age   4:    2070936 bytes,   10657304 total
: 153344K->11672K(153344K), 0.0256400 secs] 722544K->583260K(1031552K), 0.0258090 secs] [Times: user=0.05 sys=0.01, real=0.03 secs] 
2014-03-04T15:30:36.383+0000: 33702.368: [GC2014-03-04T15:30:36.384+0000: 33702.368: [ParNew
Desired survivor size 8716288 bytes, new threshold 4 (max 6)
- age   1:    2341432 bytes,    2341432 total
- age   2:    3218328 bytes,    5559760 total
- age   3:    1621240 bytes,    7181000 total
- age   4:    1566368 bytes,    8747368 total
: 147992K->9198K(153344K), 0.0239130 secs] 719580K->582915K(1031552K), 0.0240660 secs] [Times: user=0.05 sys=0.00, real=0.02 secs] 
2014-03-04T15:34:13.435+0000: 33919.420: [GC2014-03-04T15:34:13.435+0000: 33919.420: [ParNew
Desired survivor size 8716288 bytes, new threshold 6 (max 6)
- age   1:    2419512 bytes,    2419512 total
- age   2:    1743216 bytes,    4162728 total
- age   3:    1336136 bytes,    5498864 total
- age   4:    1614664 bytes,    7113528 total
: 145518K->8616K(153344K), 0.0219000 secs] 719235K->583942K(1031552K), 0.0220920 secs] [Times: user=0.04 sys=0.00, real=0.02 secs] 
2014-03-04T15:38:02.435+0000: 34148.420: [GC2014-03-04T15:38:02.435+0000: 34148.420: [ParNew
Desired survivor size 8716288 bytes, new threshold 5 (max 6)
- age   1:    2551592 bytes,    2551592 total
- age   2:    1994504 bytes,    4546096 total
- age   3:    1721312 bytes,    6267408 total
- age   4:    1289976 bytes,    7557384 total
- age   5:    1614224 bytes,    9171608 total
: 144936K->14495K(153344K), 0.0187470 secs] 720262K->589821K(1031552K), 0.0189190 secs] [Times: user=0.04 sys=0.00, real=0.01 secs] 
2014-03-04T15:41:50.286+0000: 34376.271: [GC2014-03-04T15:41:50.286+0000: 34376.271: [ParNew
Desired survivor size 8716288 bytes, new threshold 5 (max 6)
- age   1:    2772720 bytes,    2772720 total
- age   2:    2161320 bytes,    4934040 total
- age   3:    1988712 bytes,    6922752 total
- age   4:    1720584 bytes,    8643336 total
- age   5:    1289168 bytes,    9932504 total
: 150815K->16907K(153344K), 0.0246450 secs] 726141K->593892K(1031552K), 0.0248130 secs] [Times: user=0.05 sys=0.00, real=0.02 secs] 
2014-03-04T15:45:29.669+0000: 34595.654: [GC2014-03-04T15:45:29.669+0000: 34595.654: [ParNew
Desired survivor size 8716288 bytes, new threshold 4 (max 6)
- age   1:    2505640 bytes,    2505640 total
- age   2:    2378440 bytes,    4884080 total
- age   3:    2159256 bytes,    7043336 total
- age   4:    1987072 bytes,    9030408 total
- age   5:    1717200 bytes,   10747608 total
: 153227K->11492K(153344K), 0.0248730 secs] 730212K->589802K(1031552K), 0.0250310 secs] [Times: user=0.04 sys=0.00, real=0.02 secs] 
2014-03-04T15:49:14.219+0000: 34820.204: [GC2014-03-04T15:49:14.219+0000: 34820.204: [ParNew
Desired survivor size 8716288 bytes, new threshold 4 (max 6)
- age   1:    2531000 bytes,    2531000 total
- age   2:    2023320 bytes,    4554320 total
- age   3:    2364880 bytes,    6919200 total
- age   4:    2157696 bytes,    9076896 total
: 147812K->9354K(153344K), 0.0298820 secs] 726122K->591470K(1031552K), 0.0300540 secs] [Times: user=0.05 sys=0.01, real=0.03 secs] 
2014-03-04T15:52:08.511+0000: 34994.495: [GC2014-03-04T15:52:08.511+0000: 34994.496: [ParNew
Desired survivor size 8716288 bytes, new threshold 4 (max 6)
- age   1:    2535840 bytes,    2535840 total
- age   2:    2092856 bytes,    4628696 total
- age   3:    2022160 bytes,    6650856 total
- age   4:    2353432 bytes,    9004288 total
: 145674K->13635K(153344K), 0.0272940 secs] 727790K->597969K(1031552K), 0.0274590 secs] [Times: user=0.05 sys=0.00, real=0.03 secs] 
2014-03-04T15:55:51.219+0000: 35217.203: [GC2014-03-04T15:55:51.219+0000: 35217.203: [ParNew
Desired survivor size 8716288 bytes, new threshold 6 (max 6)
- age   1:    2483568 bytes,    2483568 total
- age   2:    2001672 bytes,    4485240 total
- age   3:    2072408 bytes,    6557648 total
- age   4:    2021488 bytes,    8579136 total
: 149955K->12851K(153344K), 0.0254280 secs] 734289K->599358K(1031552K), 0.0255820 secs] [Times: user=0.05 sys=0.00, real=0.03 secs] 
2014-03-04T15:59:07.329+0000: 35413.314: [GC2014-03-04T15:59:07.329+0000: 35413.314: [ParNew
Desired survivor size 8716288 bytes, new threshold 5 (max 6)
- age   1:    2259600 bytes,    2259600 total
- age   2:    2111848 bytes,    4371448 total
- age   3:    1995720 bytes,    6367168 total
- age   4:    2071832 bytes,    8439000 total
- age   5:    2018088 bytes,   10457088 total
: 149171K->16713K(153344K), 0.0216540 secs] 735678K->603220K(1031552K), 0.0218290 secs] [Times: user=0.04 sys=0.00, real=0.02 secs] 
2014-03-04T16:02:45.577+0000: 35631.562: [GC2014-03-04T16:02:45.577+0000: 35631.562: [ParNew
Desired survivor size 8716288 bytes, new threshold 4 (max 6)
- age   1:    2902432 bytes,    2902432 total
- age   2:    1829680 bytes,    4732112 total
- age   3:    2110848 bytes,    6842960 total
- age   4:    1994264 bytes,    8837224 total
- age   5:    2071136 bytes,   10908360 total
: 153033K->14612K(153344K), 0.0279160 secs] 739540K->603193K(1031552K), 0.0280910 secs] [Times: user=0.06 sys=0.00, real=0.03 secs] 
2014-03-04T16:06:34.545+0000: 35860.530: [GC2014-03-04T16:06:34.545+0000: 35860.530: [ParNew
Desired survivor size 8716288 bytes, new threshold 4 (max 6)
- age   1:    2559784 bytes,    2559784 total
- age   2:    2420432 bytes,    4980216 total
- age   3:    1828512 bytes,    6808728 total
- age   4:    2063616 bytes,    8872344 total
: 150932K->10393K(153344K), 0.0322060 secs] 739513K->603148K(1031552K), 0.0323830 secs] [Times: user=0.05 sys=0.01, real=0.03 secs] 
2014-03-04T16:10:22.753+0000: 36088.737: [GC2014-03-04T16:10:22.753+0000: 36088.737: [ParNew
Desired survivor size 8716288 bytes, new threshold 4 (max 6)
- age   1:    2593632 bytes,    2593632 total
- age   2:    2120456 bytes,    4714088 total
- age   3:    2392128 bytes,    7106216 total
- age   4:    1828184 bytes,    8934400 total
: 146713K->9434K(153344K), 0.0250850 secs] 739468K->604310K(1031552K), 0.0252610 secs] [Times: user=0.05 sys=0.00, real=0.03 secs] 
2014-03-04T16:13:07.135+0000: 36253.120: [GC2014-03-04T16:13:07.136+0000: 36253.120: [ParNew
Desired survivor size 8716288 bytes, new threshold 4 (max 6)
- age   1:    3977816 bytes,    3977816 total
- age   2:    2209192 bytes,    6187008 total
- age   3:    2119384 bytes,    8306392 total
- age   4:    2033232 bytes,   10339624 total
: 145754K->12804K(153344K), 0.0308890 secs] 740630K->609554K(1031552K), 0.0311010 secs] [Times: user=0.06 sys=0.00, real=0.03 secs] 
2014-03-04T16:16:35.032+0000: 36461.017: [GC2014-03-04T16:16:35.032+0000: 36461.017: [ParNew
Desired survivor size 8716288 bytes, new threshold 4 (max 6)
- age   1:    2430328 bytes,    2430328 total
- age   2:    3418400 bytes,    5848728 total
- age   3:    2197728 bytes,    8046456 total
- age   4:    2118336 bytes,   10164792 total
: 149124K->14446K(153344K), 0.0249340 secs] 745874K->613286K(1031552K), 0.0250980 secs] [Times: user=0.05 sys=0.00, real=0.03 secs] 
2014-03-04T16:20:09.543+0000: 36675.528: [GC2014-03-04T16:20:09.544+0000: 36675.528: [ParNew
Desired survivor size 8716288 bytes, new threshold 6 (max 6)
- age   1:    2456808 bytes,    2456808 total
- age   2:    1962504 bytes,    4419312 total
- age   3:    1511504 bytes,    5930816 total
- age   4:    2196704 bytes,    8127520 total
: 150766K->9837K(153344K), 0.0249300 secs] 749606K->610854K(1031552K), 0.0251150 secs] [Times: user=0.04 sys=0.01, real=0.02 secs] 
2014-03-04T16:23:35.909+0000: 36881.894: [GC2014-03-04T16:23:35.909+0000: 36881.894: [ParNew
Desired survivor size 8716288 bytes, new threshold 5 (max 6)
- age   1:    2515240 bytes,    2515240 total
- age   2:    2041000 bytes,    4556240 total
- age   3:    1950400 bytes,    6506640 total
- age   4:    1509776 bytes,    8016416 total
- age   5:    2195776 bytes,   10212192 total
: 146157K->16679K(153344K), 0.0199310 secs] 747174K->617696K(1031552K), 0.0200900 secs] [Times: user=0.04 sys=0.00, real=0.02 secs] 
2014-03-04T16:27:01.858+0000: 37087.843: [GC2014-03-04T16:27:01.858+0000: 37087.843: [ParNew
Desired survivor size 8716288 bytes, new threshold 5 (max 6)
- age   1:    2449976 bytes,    2449976 total
- age   2:    1944768 bytes,    4394744 total
- age   3:    1996736 bytes,    6391480 total
- age   4:    1949784 bytes,    8341264 total
- age   5:    1508016 bytes,    9849280 total
: 152999K->11656K(153344K), 0.0272270 secs] 754016K->614927K(1031552K), 0.0274020 secs] [Times: user=0.06 sys=0.00, real=0.03 secs] 
2014-03-04T16:30:48.372+0000: 37314.357: [GC2014-03-04T16:30:48.372+0000: 37314.357: [ParNew
Desired survivor size 8716288 bytes, new threshold 5 (max 6)
- age   1:    2455512 bytes,    2455512 total
- age   2:    1930144 bytes,    4385656 total
- age   3:    1932960 bytes,    6318616 total
- age   4:    1994392 bytes,    8313008 total
- age   5:    1949208 bytes,   10262216 total
: 147976K->17024K(153344K), 0.0251000 secs] 751247K->621971K(1031552K), 0.0252570 secs] [Times: user=0.04 sys=0.00, real=0.03 secs] 
2014-03-04T16:34:41.271+0000: 37547.256: [GC2014-03-04T16:34:41.271+0000: 37547.256: [ParNew
Desired survivor size 8716288 bytes, new threshold 5 (max 6)
- age   1:    2489960 bytes,    2489960 total
- age   2:    2143640 bytes,    4633600 total
- age   3:    1908752 bytes,    6542352 total
- age   4:    1932408 bytes,    8474760 total
- age   5:    1993416 bytes,   10468176 total
: 153344K->11857K(153344K), 0.0265360 secs] 758291K->618807K(1031552K), 0.0267110 secs] [Times: user=0.05 sys=0.00, real=0.03 secs] 
2014-03-04T16:37:58.462+0000: 37744.447: [GC2014-03-04T16:37:58.462+0000: 37744.447: [ParNew
Desired survivor size 8716288 bytes, new threshold 5 (max 6)
- age   1:    2392512 bytes,    2392512 total
- age   2:    2171808 bytes,    4564320 total
- age   3:    2119232 bytes,    6683552 total
- age   4:    1906624 bytes,    8590176 total
- age   5:    1930888 bytes,   10521064 total
: 148177K->13776K(153344K), 0.0269320 secs] 755127K->622775K(1031552K), 0.0270860 secs] [Times: user=0.05 sys=0.00, real=0.02 secs] 
2014-03-04T16:40:57.876+0000: 37923.861: [GC2014-03-04T16:40:57.876+0000: 37923.861: [ParNew
Desired survivor size 8716288 bytes, new threshold 5 (max 6)
- age   1:    2160608 bytes,    2160608 total
- age   2:    1889624 bytes,    4050232 total
- age   3:    2171280 bytes,    6221512 total
- age   4:    2118824 bytes,    8340336 total
- age   5:    1899920 bytes,   10240256 total
: 150096K->14854K(153344K), 0.0260910 secs] 759095K->625836K(1031552K), 0.0262520 secs] [Times: user=0.06 sys=0.00, real=0.03 secs] 
2014-03-04T16:44:43.509+0000: 38149.493: [GC2014-03-04T16:44:43.509+0000: 38149.494: [ParNew
Desired survivor size 8716288 bytes, new threshold 5 (max 6)
- age   1:    2584616 bytes,    2584616 total
- age   2:    1725352 bytes,    4309968 total
- age   3:    1879296 bytes,    6189264 total
- age   4:    2125192 bytes,    8314456 total
- age   5:    2117800 bytes,   10432256 total
: 151174K->14830K(153344K), 0.0261590 secs] 762156K->627765K(1031552K), 0.0263320 secs] [Times: user=0.04 sys=0.01, real=0.03 secs] 
2014-03-04T16:48:15.241+0000: 38361.226: [GC2014-03-04T16:48:15.241+0000: 38361.226: [ParNew
Desired survivor size 8716288 bytes, new threshold 5 (max 6)
- age   1:    2541296 bytes,    2541296 total
- age   2:    2098392 bytes,    4639688 total
- age   3:    1696536 bytes,    6336224 total
- age   4:    1877528 bytes,    8213752 total
- age   5:    2122816 bytes,   10336568 total
: 151150K->15186K(153344K), 0.0274990 secs] 764085K->630297K(1031552K), 0.0276900 secs] [Times: user=0.05 sys=0.00, real=0.03 secs] 
2014-03-04T16:51:50.784+0000: 38576.769: [GC2014-03-04T16:51:50.784+0000: 38576.769: [ParNew
Desired survivor size 8716288 bytes, new threshold 5 (max 6)
- age   1:    2577272 bytes,    2577272 total
- age   2:    1977440 bytes,    4554712 total
- age   3:    2093360 bytes,    6648072 total
- age   4:    1695224 bytes,    8343296 total
- age   5:    1877288 bytes,   10220584 total
: 151506K->15091K(153344K), 0.0265670 secs] 766617K->632385K(1031552K), 0.0267360 secs] [Times: user=0.04 sys=0.01, real=0.02 secs] 
2014-03-04T16:55:36.421+0000: 38802.405: [GC2014-03-04T16:55:36.421+0000: 38802.406: [ParNew
Desired survivor size 8716288 bytes, new threshold 5 (max 6)
- age   1:    2501576 bytes,    2501576 total
- age   2:    2093960 bytes,    4595536 total
- age   3:    1956272 bytes,    6551808 total
- age   4:    2092952 bytes,    8644760 total
- age   5:    1653936 bytes,   10298696 total
: 151411K->14787K(153344K), 0.0261550 secs] 768705K->634008K(1031552K), 0.0263240 secs] [Times: user=0.05 sys=0.00, real=0.03 secs] 
2014-03-04T16:59:25.522+0000: 39031.507: [GC2014-03-04T16:59:25.522+0000: 39031.507: [ParNew
Desired survivor size 8716288 bytes, new threshold 5 (max 6)
- age   1:    2567616 bytes,    2567616 total
- age   2:    2082200 bytes,    4649816 total
- age   3:    2029920 bytes,    6679736 total
- age   4:    1955640 bytes,    8635376 total
- age   5:    2092688 bytes,   10728064 total
: 151107K->14943K(153344K), 0.0267300 secs] 770328K->635863K(1031552K), 0.0268920 secs] [Times: user=0.06 sys=0.00, real=0.02 secs] 
2014-03-04T17:03:10.698+0000: 39256.682: [GC2014-03-04T17:03:10.698+0000: 39256.683: [ParNew
Desired survivor size 8716288 bytes, new threshold 4 (max 6)
- age   1:    2597992 bytes,    2597992 total
- age   2:    2142112 bytes,    4740104 total
- age   3:    2081080 bytes,    6821184 total
- age   4:    2026912 bytes,    8848096 total
- age   5:    1955152 bytes,   10803248 total
: 151263K->15483K(153344K), 0.0279920 secs] 772183K->638555K(1031552K), 0.0281860 secs] [Times: user=0.04 sys=0.02, real=0.03 secs] 
2014-03-04T17:06:58.991+0000: 39484.976: [GC2014-03-04T17:06:58.991+0000: 39484.976: [ParNew
Desired survivor size 8716288 bytes, new threshold 4 (max 6)
- age   1:    2714640 bytes,    2714640 total
- age   2:    2118288 bytes,    4832928 total
- age   3:    2130864 bytes,    6963792 total
- age   4:    2080072 bytes,    9043864 total
: 151803K->10490K(153344K), 0.0309650 secs] 774875K->637652K(1031552K), 0.0311180 secs] [Times: user=0.06 sys=0.00, real=0.04 secs] 
2014-03-04T17:10:34.909+0000: 39700.894: [GC2014-03-04T17:10:34.909+0000: 39700.894: [ParNew
Desired survivor size 8716288 bytes, new threshold 4 (max 6)
- age   1:    2666440 bytes,    2666440 total
- age   2:    2347152 bytes,    5013592 total
- age   3:    2116376 bytes,    7129968 total
- age   4:    2129800 bytes,    9259768 total
: 146810K->13849K(153344K), 0.0253900 secs] 773972K->643149K(1031552K), 0.0255710 secs] [Times: user=0.04 sys=0.00, real=0.03 secs] 
2014-03-04T17:14:27.982+0000: 39933.967: [GC2014-03-04T17:14:27.982+0000: 39933.967: [ParNew
Desired survivor size 8716288 bytes, new threshold 4 (max 6)
- age   1:    2652864 bytes,    2652864 total
- age   2:    2133136 bytes,    4786000 total
- age   3:    2346040 bytes,    7132040 total
- age   4:    2070120 bytes,    9202160 total
: 150169K->13447K(153344K), 0.0257670 secs] 779469K->644935K(1031552K), 0.0259270 secs] [Times: user=0.05 sys=0.00, real=0.02 secs] 
2014-03-04T17:18:19.455+0000: 40165.440: [GC2014-03-04T17:18:19.455+0000: 40165.440: [ParNew
Desired survivor size 8716288 bytes, new threshold 4 (max 6)
- age   1:    2529792 bytes,    2529792 total
- age   2:    2215592 bytes,    4745384 total
- age   3:    2015600 bytes,    6760984 total
- age   4:    2336584 bytes,    9097568 total
: 149767K->9196K(153344K), 0.0249010 secs] 781255K->642812K(1031552K), 0.0250570 secs] [Times: user=0.05 sys=0.00, real=0.02 secs] 
2014-03-04T17:21:53.772+0000: 40379.757: [GC2014-03-04T17:21:53.772+0000: 40379.757: [ParNew
Desired survivor size 8716288 bytes, new threshold 4 (max 6)
- age   1:    2743864 bytes,    2743864 total
- age   2:    2131272 bytes,    4875136 total
- age   3:    2161136 bytes,    7036272 total
- age   4:    2014080 bytes,    9050352 total
: 145516K->13143K(153344K), 0.0251660 secs] 779132K->648956K(1031552K), 0.0253160 secs] [Times: user=0.04 sys=0.00, real=0.03 secs] 
2014-03-04T17:24:03.058+0000: 40509.043: [GC2014-03-04T17:24:03.059+0000: 40509.043: [ParNew
Desired survivor size 8716288 bytes, new threshold 4 (max 6)
- age   1:    2685432 bytes,    2685432 total
- age   2:    2302064 bytes,    4987496 total
- age   3:    2129456 bytes,    7116952 total
- age   4:    2160480 bytes,    9277432 total
: 149463K->13244K(153344K), 0.0250740 secs] 785276K->651127K(1031552K), 0.0252480 secs] [Times: user=0.05 sys=0.00, real=0.03 secs] 
2014-03-04T17:26:45.286+0000: 40671.271: [GC2014-03-04T17:26:45.286+0000: 40671.271: [ParNew
Desired survivor size 8716288 bytes, new threshold 6 (max 6)
- age   1:    2060720 bytes,    2060720 total
- age   2:    2056248 bytes,    4116968 total
- age   3:    2077648 bytes,    6194616 total
- age   4:    2128776 bytes,    8323392 total
: 149564K->13294K(153344K), 0.0241830 secs] 787447K->653397K(1031552K), 0.0243580 secs] [Times: user=0.05 sys=0.00, real=0.02 secs] 
2014-03-04T17:30:34.987+0000: 40900.972: [GC2014-03-04T17:30:34.987+0000: 40900.972: [ParNew
Desired survivor size 8716288 bytes, new threshold 5 (max 6)
- age   1:    2620472 bytes,    2620472 total
- age   2:    1517504 bytes,    4137976 total
- age   3:    1565992 bytes,    5703968 total
- age   4:    2076576 bytes,    7780544 total
- age   5:    2127104 bytes,    9907648 total
: 149614K->16303K(153344K), 0.0194250 secs] 789717K->656406K(1031552K), 0.0195840 secs] [Times: user=0.04 sys=0.00, real=0.02 secs] 
2014-03-04T17:33:55.688+0000: 41101.673: [GC2014-03-04T17:33:55.688+0000: 41101.673: [ParNew
Desired survivor size 8716288 bytes, new threshold 5 (max 6)
- age   1:    2355880 bytes,    2355880 total
- age   2:    2127040 bytes,    4482920 total
- age   3:    1506984 bytes,    5989904 total
- age   4:    1564656 bytes,    7554560 total
- age   5:    2075552 bytes,    9630112 total
: 152623K->11426K(153344K), 0.0257670 secs] 792726K->653715K(1031552K), 0.0259370 secs] [Times: user=0.04 sys=0.00, real=0.02 secs] 
2014-03-04T17:37:39.051+0000: 41325.036: [GC2014-03-04T17:37:39.051+0000: 41325.036: [ParNew
Desired survivor size 8716288 bytes, new threshold 5 (max 6)
- age   1:    2583992 bytes,    2583992 total
- age   2:    1861768 bytes,    4445760 total
- age   3:    2125328 bytes,    6571088 total
- age   4:    1503848 bytes,    8074936 total
- age   5:    1524480 bytes,    9599416 total
: 147746K->12523K(153344K), 0.0253970 secs] 790035K->656943K(1031552K), 0.0255640 secs] [Times: user=0.05 sys=0.00, real=0.03 secs] 
2014-03-04T17:41:44.185+0000: 41570.169: [GC2014-03-04T17:41:44.185+0000: 41570.169: [ParNew
Desired survivor size 8716288 bytes, new threshold 5 (max 6)
- age   1:    2527168 bytes,    2527168 total
- age   2:    2164104 bytes,    4691272 total
- age   3:    1850776 bytes,    6542048 total
- age   4:    2123912 bytes,    8665960 total
- age   5:    1503016 bytes,   10168976 total
: 148843K->13539K(153344K), 0.0246270 secs] 793263K->659512K(1031552K), 0.0247820 secs] [Times: user=0.04 sys=0.00, real=0.02 secs] 
2014-03-04T17:45:25.813+0000: 41791.797: [GC2014-03-04T17:45:25.813+0000: 41791.797: [ParNew
Desired survivor size 8716288 bytes, new threshold 5 (max 6)
- age   1:    2436088 bytes,    2436088 total
- age   2:    2227656 bytes,    4663744 total
- age   3:    2100848 bytes,    6764592 total
- age   4:    1849120 bytes,    8613712 total
- age   5:    2122832 bytes,   10736544 total
: 149859K->17024K(153344K), 0.0260430 secs] 795832K->664764K(1031552K), 0.0261950 secs] [Times: user=0.05 sys=0.00, real=0.03 secs] 
2014-03-04T17:48:45.601+0000: 41991.586: [GC2014-03-04T17:48:45.601+0000: 41991.586: [ParNew
Desired survivor size 8716288 bytes, new threshold 4 (max 6)
- age   1:    2441648 bytes,    2441648 total
- age   2:    2138184 bytes,    4579832 total
- age   3:    2227424 bytes,    6807256 total
- age   4:    2096064 bytes,    8903320 total
- age   5:    1847584 bytes,   10750904 total
: 153344K->15614K(153344K), 0.0273480 secs] 801084K->665537K(1031552K), 0.0275100 secs] [Times: user=0.06 sys=0.00, real=0.03 secs] 
2014-03-04T17:52:28.009+0000: 42213.994: [GC2014-03-04T17:52:28.009+0000: 42213.994: [ParNew
Desired survivor size 8716288 bytes, new threshold 4 (max 6)
- age   1:    2595280 bytes,    2595280 total
- age   2:    1922880 bytes,    4518160 total
- age   3:    2066808 bytes,    6584968 total
- age   4:    2225952 bytes,    8810920 total
: 151934K->10454K(153344K), 0.0307750 secs] 801857K->664429K(1031552K), 0.0309280 secs] [Times: user=0.06 sys=0.00, real=0.03 secs] 
2014-03-04T17:56:13.674+0000: 42439.659: [GC2014-03-04T17:56:13.674+0000: 42439.659: [ParNew
Desired survivor size 8716288 bytes, new threshold 6 (max 6)
- age   1:    2541592 bytes,    2541592 total
- age   2:    2191376 bytes,    4732968 total
- age   3:    1910640 bytes,    6643608 total
- age   4:    2066112 bytes,    8709720 total
: 146774K->13483K(153344K), 0.0252980 secs] 800749K->669746K(1031552K), 0.0254720 secs] [Times: user=0.05 sys=0.01, real=0.02 secs] 
2014-03-04T17:59:52.307+0000: 42658.291: [GC2014-03-04T17:59:52.307+0000: 42658.291: [ParNew
Desired survivor size 8716288 bytes, new threshold 4 (max 6)
- age   1:    2598232 bytes,    2598232 total
- age   2:    2164152 bytes,    4762384 total
- age   3:    2092128 bytes,    6854512 total
- age   4:    1910136 bytes,    8764648 total
- age   5:    2065392 bytes,   10830040 total
: 149803K->17023K(153344K), 0.0212670 secs] 806066K->673470K(1031552K), 0.0214360 secs] [Times: user=0.05 sys=0.00, real=0.02 secs] 
2014-03-04T18:03:09.713+0000: 42855.698: [GC2014-03-04T18:03:09.713+0000: 42855.698: [ParNew
Desired survivor size 8716288 bytes, new threshold 4 (max 6)
- age   1:    2591032 bytes,    2591032 total
- age   2:    2332656 bytes,    4923688 total
- age   3:    2104632 bytes,    7028320 total
- age   4:    2091600 bytes,    9119920 total
: 153343K->10297K(153344K), 0.0315820 secs] 809790K->670828K(1031552K), 0.0317510 secs] [Times: user=0.07 sys=0.00, real=0.04 secs] 
2014-03-04T18:06:53.991+0000: 43079.975: [GC2014-03-04T18:06:53.991+0000: 43079.976: [ParNew
Desired survivor size 8716288 bytes, new threshold 4 (max 6)
- age   1:    2630248 bytes,    2630248 total
- age   2:    1966440 bytes,    4596688 total
- age   3:    2279432 bytes,    6876120 total
- age   4:    2103632 bytes,    8979752 total
: 146617K->13669K(153344K), 0.0256670 secs] 807148K->676348K(1031552K), 0.0258310 secs] [Times: user=0.05 sys=0.00, real=0.03 secs] 
2014-03-04T18:10:58.310+0000: 43324.295: [GC2014-03-04T18:10:58.310+0000: 43324.295: [ParNew
Desired survivor size 8716288 bytes, new threshold 4 (max 6)
- age   1:    2655848 bytes,    2655848 total
- age   2:    2057576 bytes,    4713424 total
- age   3:    1887976 bytes,    6601400 total
- age   4:    2279000 bytes,    8880400 total
: 149989K->13118K(153344K), 0.0251540 secs] 812668K->677957K(1031552K), 0.0253270 secs] [Times: user=0.05 sys=0.00, real=0.03 secs] 
2014-03-04T18:14:57.586+0000: 43563.570: [GC2014-03-04T18:14:57.586+0000: 43563.571: [ParNew
Desired survivor size 8716288 bytes, new threshold 4 (max 6)
- age   1:    2595552 bytes,    2595552 total
- age   2:    2320232 bytes,    4915784 total
- age   3:    2054712 bytes,    6970496 total
- age   4:    1875120 bytes,    8845616 total
: 149438K->13051K(153344K), 0.0250930 secs] 814277K->680220K(1031552K), 0.0252470 secs] [Times: user=0.05 sys=0.00, real=0.02 secs] 
2014-03-04T18:18:50.707+0000: 43796.691: [GC2014-03-04T18:18:50.707+0000: 43796.692: [ParNew
Desired survivor size 8716288 bytes, new threshold 4 (max 6)
- age   1:    2584488 bytes,    2584488 total
- age   2:    2256744 bytes,    4841232 total
- age   3:    2318336 bytes,    7159568 total
- age   4:    2052880 bytes,    9212448 total
: 149371K->12893K(153344K), 0.0246630 secs] 816540K->681948K(1031552K), 0.0248290 secs] [Times: user=0.05 sys=0.00, real=0.02 secs] 
2014-03-04T18:22:38.057+0000: 44024.042: [GC2014-03-04T18:22:38.057+0000: 44024.042: [ParNew
Desired survivor size 8716288 bytes, new threshold 4 (max 6)
- age   1:    2543216 bytes,    2543216 total
- age   2:    2207552 bytes,    4750768 total
- age   3:    2244704 bytes,    6995472 total
- age   4:    2317616 bytes,    9313088 total
: 149213K->13309K(153344K), 0.0255370 secs] 818268K->684473K(1031552K), 0.0257060 secs] [Times: user=0.05 sys=0.00, real=0.03 secs] 
2014-03-04T18:26:39.287+0000: 44265.272: [GC2014-03-04T18:26:39.287+0000: 44265.272: [ParNew
Desired survivor size 8716288 bytes, new threshold 4 (max 6)
- age   1:    2563832 bytes,    2563832 total
- age   2:    2099040 bytes,    4662872 total
- age   3:    2205920 bytes,    6868792 total
- age   4:    2243816 bytes,    9112608 total
: 149629K->13424K(153344K), 0.0254930 secs] 820793K->686925K(1031552K), 0.0256530 secs] [Times: user=0.05 sys=0.00, real=0.02 secs] 
2014-03-04T18:30:09.401+0000: 44475.386: [GC2014-03-04T18:30:09.401+0000: 44475.386: [ParNew
Desired survivor size 8716288 bytes, new threshold 4 (max 6)
- age   1:    2516184 bytes,    2516184 total
- age   2:    2291208 bytes,    4807392 total
- age   3:    2095032 bytes,    6902424 total
- age   4:    2205088 bytes,    9107512 total
: 149744K->13465K(153344K), 0.0256690 secs] 823245K->689270K(1031552K), 0.0258300 secs] [Times: user=0.05 sys=0.01, real=0.03 secs] 
2014-03-04T18:33:50.018+0000: 44696.002: [GC2014-03-04T18:33:50.018+0000: 44696.002: [ParNew
Desired survivor size 8716288 bytes, new threshold 4 (max 6)
- age   1:    2743208 bytes,    2743208 total
- age   2:    1946400 bytes,    4689608 total
- age   3:    2245192 bytes,    6934800 total
- age   4:    2094232 bytes,    9029032 total
: 149785K->13177K(153344K), 0.0250410 secs] 825590K->691247K(1031552K), 0.0252020 secs] [Times: user=0.05 sys=0.00, real=0.03 secs] 
2014-03-04T18:37:50.185+0000: 44936.170: [GC2014-03-04T18:37:50.185+0000: 44936.170: [ParNew
Desired survivor size 8716288 bytes, new threshold 4 (max 6)
- age   1:    2562360 bytes,    2562360 total
- age   2:    2350080 bytes,    4912440 total
- age   3:    1943544 bytes,    6855984 total
- age   4:    2243656 bytes,    9099640 total
: 149497K->13084K(153344K), 0.0256170 secs] 827567K->693308K(1031552K), 0.0257880 secs] [Times: user=0.05 sys=0.00, real=0.02 secs] 
2014-03-04T18:41:50.001+0000: 45175.986: [GC2014-03-04T18:41:50.001+0000: 45175.986: [ParNew
Desired survivor size 8716288 bytes, new threshold 4 (max 6)
- age   1:    2540512 bytes,    2540512 total
- age   2:    2226184 bytes,    4766696 total
- age   3:    2287248 bytes,    7053944 total
- age   4:    1942368 bytes,    8996312 total
: 149404K->13219K(153344K), 0.0253170 secs] 829628K->695748K(1031552K), 0.0254730 secs] [Times: user=0.04 sys=0.01, real=0.03 secs] 
2014-03-04T18:45:41.933+0000: 45407.918: [GC2014-03-04T18:45:41.933+0000: 45407.918: [ParNew
Desired survivor size 8716288 bytes, new threshold 4 (max 6)
- age   1:    2650256 bytes,    2650256 total
- age   2:    2227456 bytes,    4877712 total
- age   3:    2214976 bytes,    7092688 total
- age   4:    2274640 bytes,    9367328 total
: 149539K->13391K(153344K), 0.0246990 secs] 832068K->697915K(1031552K), 0.0248560 secs] [Times: user=0.04 sys=0.00, real=0.03 secs] 
2014-03-04T18:49:33.166+0000: 45639.151: [GC2014-03-04T18:49:33.166+0000: 45639.151: [ParNew
Desired survivor size 8716288 bytes, new threshold 4 (max 6)
- age   1:    2620248 bytes,    2620248 total
- age   2:    2214320 bytes,    4834568 total
- age   3:    2215760 bytes,    7050328 total
- age   4:    2214264 bytes,    9264592 total
: 149711K->13263K(153344K), 0.0255230 secs] 834235K->699880K(1031552K), 0.0256790 secs] [Times: user=0.05 sys=0.00, real=0.02 secs] 
2014-03-04T18:53:33.391+0000: 45879.376: [GC2014-03-04T18:53:33.391+0000: 45879.376: [ParNew
Desired survivor size 8716288 bytes, new threshold 4 (max 6)
- age   1:    2565224 bytes,    2565224 total
- age   2:    2226520 bytes,    4791744 total
- age   3:    2212704 bytes,    7004448 total
- age   4:    2215416 bytes,    9219864 total
: 149583K->13393K(153344K), 0.0256130 secs] 836200K->702286K(1031552K), 0.0257680 secs] [Times: user=0.05 sys=0.00, real=0.03 secs] 
2014-03-04T18:57:27.317+0000: 46113.302: [GC2014-03-04T18:57:27.317+0000: 46113.302: [ParNew
Desired survivor size 8716288 bytes, new threshold 4 (max 6)
- age   1:    2472000 bytes,    2472000 total
- age   2:    2260984 bytes,    4732984 total
- age   3:    2172328 bytes,    6905312 total
- age   4:    2211792 bytes,    9117104 total
: 149713K->13447K(153344K), 0.0287170 secs] 838606K->704616K(1031552K), 0.0289010 secs] [Times: user=0.04 sys=0.00, real=0.03 secs] 
2014-03-04T19:01:22.028+0000: 46348.012: [GC2014-03-04T19:01:22.028+0000: 46348.013: [ParNew
Desired survivor size 8716288 bytes, new threshold 4 (max 6)
- age   1:    2622952 bytes,    2622952 total
- age   2:    2144616 bytes,    4767568 total
- age   3:    2250184 bytes,    7017752 total
- age   4:    2125744 bytes,    9143496 total
: 149767K->13309K(153344K), 0.0251130 secs] 840936K->706748K(1031552K), 0.0252680 secs] [Times: user=0.05 sys=0.00, real=0.02 secs] 
2014-03-04T19:05:22.727+0000: 46588.712: [GC2014-03-04T19:05:22.727+0000: 46588.712: [ParNew
Desired survivor size 8716288 bytes, new threshold 4 (max 6)
- age   1:    2794280 bytes,    2794280 total
- age   2:    2202376 bytes,    4996656 total
- age   3:    2144000 bytes,    7140656 total
- age   4:    2249656 bytes,    9390312 total
: 149629K->17024K(153344K), 0.0257280 secs] 843068K->712791K(1031552K), 0.0258820 secs] [Times: user=0.05 sys=0.00, real=0.02 secs] 
2014-03-04T19:09:35.219+0000: 46841.204: [GC2014-03-04T19:09:35.219+0000: 46841.204: [ParNew
Desired survivor size 8716288 bytes, new threshold 4 (max 6)
- age   1:    2628440 bytes,    2628440 total
- age   2:    2604240 bytes,    5232680 total
- age   3:    2201632 bytes,    7434312 total
- age   4:    2143576 bytes,    9577888 total
: 153344K->11358K(153344K), 0.0259890 secs] 849111K->709437K(1031552K), 0.0261580 secs] [Times: user=0.05 sys=0.01, real=0.03 secs] 
2014-03-04T19:13:27.124+0000: 47073.109: [GC2014-03-04T19:13:27.124+0000: 47073.109: [ParNew
Desired survivor size 8716288 bytes, new threshold 4 (max 6)
- age   1:    2708048 bytes,    2708048 total
- age   2:    2342488 bytes,    5050536 total
- age   3:    2581992 bytes,    7632528 total
- age   4:    2199784 bytes,    9832312 total
: 147678K->16993K(153344K), 0.0275860 secs] 845757K->717275K(1031552K), 0.0277460 secs] [Times: user=0.05 sys=0.00, real=0.02 secs] 
2014-03-04T19:17:13.985+0000: 47299.970: [GC2014-03-04T19:17:13.986+0000: 47299.970: [ParNew
Desired survivor size 8716288 bytes, new threshold 4 (max 6)
- age   1:    2532872 bytes,    2532872 total
- age   2:    2239328 bytes,    4772200 total
- age   3:    2341336 bytes,    7113536 total
- age   4:    2462280 bytes,    9575816 total
: 153313K->11343K(153344K), 0.0260290 secs] 853595K->713885K(1031552K), 0.0262040 secs] [Times: user=0.05 sys=0.00, real=0.02 secs] 
2014-03-04T19:21:09.966+0000: 47535.951: [GC2014-03-04T19:21:09.966+0000: 47535.951: [ParNew
Desired survivor size 8716288 bytes, new threshold 4 (max 6)
- age   1:    2535224 bytes,    2535224 total
- age   2:    2108088 bytes,    4643312 total
- age   3:    2227768 bytes,    6871080 total
- age   4:    2340688 bytes,    9211768 total
: 147663K->12569K(153344K), 0.0267590 secs] 850205K->717632K(1031552K), 0.0269280 secs] [Times: user=0.04 sys=0.00, real=0.02 secs] 
2014-03-04T19:25:04.381+0000: 47770.365: [GC2014-03-04T19:25:04.381+0000: 47770.366: [ParNew
Desired survivor size 8716288 bytes, new threshold 4 (max 6)
- age   1:    2682864 bytes,    2682864 total
- age   2:    2184696 bytes,    4867560 total
- age   3:    2105696 bytes,    6973256 total
- age   4:    2226472 bytes,    9199728 total
: 148889K->13255K(153344K), 0.0260650 secs] 853952K->720724K(1031552K), 0.0262400 secs] [Times: user=0.05 sys=0.00, real=0.03 secs] 
2014-03-04T19:28:56.797+0000: 48002.781: [GC2014-03-04T19:28:56.797+0000: 48002.781: [ParNew
Desired survivor size 8716288 bytes, new threshold 4 (max 6)
- age   1:    2521720 bytes,    2521720 total
- age   2:    2220952 bytes,    4742672 total
- age   3:    2173448 bytes,    6916120 total
- age   4:    2104352 bytes,    9020472 total
: 149575K->13290K(153344K), 0.0255330 secs] 857044K->723005K(1031552K), 0.0256870 secs] [Times: user=0.06 sys=0.00, real=0.03 secs] 
2014-03-04T19:32:15.680+0000: 48201.665: [GC2014-03-04T19:32:15.680+0000: 48201.665: [ParNew
Desired survivor size 8716288 bytes, new threshold 4 (max 6)
- age   1:    3405408 bytes,    3405408 total
- age   2:    2138384 bytes,    5543792 total
- age   3:    2209024 bytes,    7752816 total
- age   4:    2172968 bytes,    9925784 total
: 149610K->17024K(153344K), 0.0267320 secs] 859325K->729121K(1031552K), 0.0268830 secs] [Times: user=0.06 sys=0.00, real=0.03 secs] 
2014-03-04T19:36:09.299+0000: 48435.284: [GC2014-03-04T19:36:09.299+0000: 48435.284: [ParNew
Desired survivor size 8716288 bytes, new threshold 4 (max 6)
- age   1:    2627936 bytes,    2627936 total
- age   2:    3079976 bytes,    5707912 total
- age   3:    2126904 bytes,    7834816 total
- age   4:    2208288 bytes,   10043104 total
: 153344K->11794K(153344K), 0.0264090 secs] 865441K->726125K(1031552K), 0.0265800 secs] [Times: user=0.04 sys=0.01, real=0.03 secs] 
2014-03-04T19:40:07.859+0000: 48673.844: [GC2014-03-04T19:40:07.859+0000: 48673.844: [ParNew
Desired survivor size 8716288 bytes, new threshold 4 (max 6)
- age   1:    2583128 bytes,    2583128 total
- age   2:    2215752 bytes,    4798880 total
- age   3:    1865504 bytes,    6664384 total
- age   4:    2125368 bytes,    8789752 total
: 148114K->8805K(153344K), 0.0254150 secs] 862445K->725405K(1031552K), 0.0255840 secs] [Times: user=0.05 sys=0.00, real=0.03 secs] 
2014-03-04T19:44:11.569+0000: 48917.554: [GC2014-03-04T19:44:11.569+0000: 48917.554: [ParNew
Desired survivor size 8716288 bytes, new threshold 4 (max 6)
- age   1:    2661072 bytes,    2661072 total
- age   2:    2212760 bytes,    4873832 total
- age   3:    2162120 bytes,    7035952 total
- age   4:    1864760 bytes,    8900712 total
: 145125K->12867K(153344K), 0.0255060 secs] 861725K->731650K(1031552K), 0.0256950 secs] [Times: user=0.05 sys=0.01, real=0.03 secs] 
2014-03-04T19:47:39.182+0000: 49125.166: [GC2014-03-04T19:47:39.182+0000: 49125.166: [ParNew
Desired survivor size 8716288 bytes, new threshold 4 (max 6)
- age   1:    2721840 bytes,    2721840 total
- age   2:    2316896 bytes,    5038736 total
- age   3:    2200504 bytes,    7239240 total
- age   4:    2161408 bytes,    9400648 total
: 149187K->13136K(153344K), 0.0248200 secs] 867970K->733835K(1031552K), 0.0249700 secs] [Times: user=0.05 sys=0.00, real=0.03 secs] 
2014-03-04T19:51:40.916+0000: 49366.901: [GC2014-03-04T19:51:40.916+0000: 49366.901: [ParNew
Desired survivor size 8716288 bytes, new threshold 4 (max 6)
- age   1:    2511688 bytes,    2511688 total
- age   2:    2079720 bytes,    4591408 total
- age   3:    2313240 bytes,    6904648 total
- age   4:    2199456 bytes,    9104104 total
: 149456K->13319K(153344K), 0.0251040 secs] 870155K->736240K(1031552K), 0.0252670 secs] [Times: user=0.04 sys=0.00, real=0.02 secs] 
2014-03-04T19:55:40.163+0000: 49606.148: [GC2014-03-04T19:55:40.164+0000: 49606.148: [ParNew
Desired survivor size 8716288 bytes, new threshold 4 (max 6)
- age   1:    2584128 bytes,    2584128 total
- age   2:    2257488 bytes,    4841616 total
- age   3:    2032624 bytes,    6874240 total
- age   4:    2312192 bytes,    9186432 total
: 149639K->13309K(153344K), 0.0255610 secs] 872560K->738490K(1031552K), 0.0257190 secs] [Times: user=0.05 sys=0.00, real=0.02 secs] 
2014-03-04T19:59:40.805+0000: 49846.789: [GC2014-03-04T19:59:40.805+0000: 49846.789: [ParNew
Desired survivor size 8716288 bytes, new threshold 4 (max 6)
- age   1:    2566248 bytes,    2566248 total
- age   2:    2263704 bytes,    4829952 total
- age   3:    2246544 bytes,    7076496 total
- age   4:    2030640 bytes,    9107136 total
: 149629K->9060K(153344K), 0.0256130 secs] 874810K->736615K(1031552K), 0.0257750 secs] [Times: user=0.06 sys=0.00, real=0.02 secs] 
2014-03-04T20:03:44.447+0000: 50090.432: [GC2014-03-04T20:03:44.447+0000: 50090.432: [ParNew
Desired survivor size 8716288 bytes, new threshold 4 (max 6)
- age   1:    2435536 bytes,    2435536 total
- age   2:    2257016 bytes,    4692552 total
- age   3:    2215608 bytes,    6908160 total
- age   4:    2245880 bytes,    9154040 total
: 145380K->17024K(153344K), 0.0247710 secs] 872935K->746673K(1031552K), 0.0249250 secs] [Times: user=0.05 sys=0.00, real=0.02 secs] 
2014-03-04T20:07:40.191+0000: 50326.176: [GC2014-03-04T20:07:40.191+0000: 50326.176: [ParNew
Desired survivor size 8716288 bytes, new threshold 4 (max 6)
- age   1:    2619640 bytes,    2619640 total
- age   2:    2234208 bytes,    4853848 total
- age   3:    2255040 bytes,    7108888 total
- age   4:    2214472 bytes,    9323360 total
: 153344K->11237K(153344K), 0.0284770 secs] 882993K->743195K(1031552K), 0.0286340 secs] [Times: user=0.06 sys=0.00, real=0.03 secs] 
2014-03-04T20:11:53.934+0000: 50579.918: [GC2014-03-04T20:11:53.934+0000: 50579.919: [ParNew
Desired survivor size 8716288 bytes, new threshold 4 (max 6)
- age   1:    2565496 bytes,    2565496 total
- age   2:    2291336 bytes,    4856832 total
- age   3:    2233160 bytes,    7089992 total
- age   4:    2214960 bytes,    9304952 total
: 147557K->16226K(153344K), 0.0255210 secs] 879515K->750459K(1031552K), 0.0256680 secs] [Times: user=0.06 sys=0.00, real=0.03 secs] 
2014-03-04T20:15:59.706+0000: 50825.691: [GC2014-03-04T20:15:59.706+0000: 50825.691: [ParNew
Desired survivor size 8716288 bytes, new threshold 4 (max 6)
- age   1:    2633832 bytes,    2633832 total
- age   2:    2357592 bytes,    4991424 total
- age   3:    2242736 bytes,    7234160 total
- age   4:    2232616 bytes,    9466776 total
: 152546K->10887K(153344K), 0.0257370 secs] 886779K->747397K(1031552K), 0.0259130 secs] [Times: user=0.05 sys=0.00, real=0.02 secs] 
2014-03-04T20:19:55.141+0000: 51061.125: [GC2014-03-04T20:19:55.141+0000: 51061.126: [ParNew
Desired survivor size 8716288 bytes, new threshold 4 (max 6)
- age   1:    2481528 bytes,    2481528 total
- age   2:    2303504 bytes,    4785032 total
- age   3:    2357032 bytes,    7142064 total
- age   4:    2239440 bytes,    9381504 total
: 147207K->16541K(153344K), 0.0258990 secs] 883717K->755346K(1031552K), 0.0260570 secs] [Times: user=0.05 sys=0.00, real=0.03 secs] 
2014-03-04T20:23:54.382+0000: 51300.367: [GC2014-03-04T20:23:54.382+0000: 51300.367: [ParNew
Desired survivor size 8716288 bytes, new threshold 4 (max 6)
- age   1:    2724288 bytes,    2724288 total
- age   2:    2172656 bytes,    4896944 total
- age   3:    2301616 bytes,    7198560 total
- age   4:    2356560 bytes,    9555120 total
: 152861K->11047K(153344K), 0.0263110 secs] 891666K->752152K(1031552K), 0.0264640 secs] [Times: user=0.06 sys=0.00, real=0.02 secs] 
2014-03-04T20:27:54.115+0000: 51540.100: [GC2014-03-04T20:27:54.115+0000: 51540.100: [ParNew
Desired survivor size 8716288 bytes, new threshold 4 (max 6)
- age   1:    2512344 bytes,    2512344 total
- age   2:    2284920 bytes,    4797264 total
- age   3:    2170888 bytes,    6968152 total
- age   4:    2261672 bytes,    9229824 total
: 147367K->16569K(153344K), 0.0262470 secs] 888472K->760096K(1031552K), 0.0264150 secs] [Times: user=0.05 sys=0.00, real=0.02 secs] 
2014-03-04T20:31:56.219+0000: 51782.204: [GC2014-03-04T20:31:56.219+0000: 51782.204: [ParNew
Desired survivor size 8716288 bytes, new threshold 4 (max 6)
- age   1:    2546680 bytes,    2546680 total
- age   2:    2248560 bytes,    4795240 total
- age   3:    2227848 bytes,    7023088 total
- age   4:    2170104 bytes,    9193192 total
: 152889K->10887K(153344K), 0.0254800 secs] 896416K->756739K(1031552K), 0.0256280 secs] [Times: user=0.05 sys=0.00, real=0.03 secs] 
2014-03-04T20:35:38.419+0000: 52004.403: [GC2014-03-04T20:35:38.419+0000: 52004.403: [ParNew
Desired survivor size 8716288 bytes, new threshold 4 (max 6)
- age   1:    2581216 bytes,    2581216 total
- age   2:    2266568 bytes,    4847784 total
- age   3:    2246096 bytes,    7093880 total
- age   4:    2225584 bytes,    9319464 total
: 147207K->16241K(153344K), 0.0259520 secs] 893059K->764322K(1031552K), 0.0261110 secs] [Times: user=0.05 sys=0.00, real=0.03 secs] 
2014-03-04T20:39:50.841+0000: 52256.826: [GC2014-03-04T20:39:50.842+0000: 52256.826: [ParNew
Desired survivor size 8716288 bytes, new threshold 4 (max 6)
- age   1:    2733448 bytes,    2733448 total
- age   2:    2103512 bytes,    4836960 total
- age   3:    2220440 bytes,    7057400 total
- age   4:    2244744 bytes,    9302144 total
: 152561K->13371K(153344K), 0.0254470 secs] 900642K->763700K(1031552K), 0.0256060 secs] [Times: user=0.05 sys=0.00, real=0.03 secs] 
2014-03-04T20:43:54.079+0000: 52500.064: [GC2014-03-04T20:43:54.079+0000: 52500.064: [ParNew
Desired survivor size 8716288 bytes, new threshold 4 (max 6)
- age   1:    2599640 bytes,    2599640 total
- age   2:    2387344 bytes,    4986984 total
- age   3:    2079760 bytes,    7066744 total
- age   4:    2219232 bytes,    9285976 total
: 149691K->16277K(153344K), 0.0255650 secs] 900020K->768913K(1031552K), 0.0257220 secs] [Times: user=0.05 sys=0.00, real=0.03 secs] 
2014-03-04T20:47:42.298+0000: 52728.282: [GC2014-03-04T20:47:42.298+0000: 52728.282: [ParNew
Desired survivor size 8716288 bytes, new threshold 4 (max 6)
- age   1:    2763048 bytes,    2763048 total
- age   2:    2234808 bytes,    4997856 total
- age   3:    2385808 bytes,    7383664 total
- age   4:    2078552 bytes,    9462216 total
: 152597K->10916K(153344K), 0.0275940 secs] 905233K->765833K(1031552K), 0.0277670 secs] [Times: user=0.06 sys=0.00, real=0.03 secs] 
2014-03-04T20:51:39.825+0000: 52965.810: [GC2014-03-04T20:51:39.825+0000: 52965.810: [ParNew
Desired survivor size 8716288 bytes, new threshold 4 (max 6)
- age   1:    2616296 bytes,    2616296 total
- age   2:    2292936 bytes,    4909232 total
- age   3:    2223120 bytes,    7132352 total
- age   4:    2384624 bytes,    9516976 total
: 147236K->16429K(153344K), 0.0255620 secs] 902153K->773479K(1031552K), 0.0257510 secs] [Times: user=0.05 sys=0.01, real=0.02 secs] 
2014-03-04T20:55:50.518+0000: 53216.503: [GC2014-03-04T20:55:50.518+0000: 53216.503: [ParNew
Desired survivor size 8716288 bytes, new threshold 4 (max 6)
- age   1:    2638288 bytes,    2638288 total
- age   2:    2296336 bytes,    4934624 total
- age   3:    2243736 bytes,    7178360 total
- age   4:    2222600 bytes,    9400960 total
: 152749K->11130K(153344K), 0.0261470 secs] 909799K->770631K(1031552K), 0.0262990 secs] [Times: user=0.05 sys=0.00, real=0.03 secs] 
2014-03-04T20:59:54.553+0000: 53460.538: [GC2014-03-04T20:59:54.554+0000: 53460.538: [ParNew
Desired survivor size 8716288 bytes, new threshold 4 (max 6)
- age   1:    2627056 bytes,    2627056 total
- age   2:    2347808 bytes,    4974864 total
- age   3:    2207424 bytes,    7182288 total
- age   4:    2123832 bytes,    9306120 total
: 147450K->16311K(153344K), 0.0257670 secs] 906951K->778095K(1031552K), 0.0259210 secs] [Times: user=0.05 sys=0.00, real=0.03 secs] 
2014-03-04T21:04:06.916+0000: 53712.901: [GC2014-03-04T21:04:06.916+0000: 53712.901: [ParNew
Desired survivor size 8716288 bytes, new threshold 4 (max 6)
- age   1:    2626064 bytes,    2626064 total
- age   2:    2242992 bytes,    4869056 total
- age   3:    2346768 bytes,    7215824 total
- age   4:    2206856 bytes,    9422680 total
: 152631K->10862K(153344K), 0.0259430 secs] 914415K->774830K(1031552K), 0.0261150 secs] [Times: user=0.06 sys=0.00, real=0.03 secs] 
2014-03-04T21:08:10.395+0000: 53956.380: [GC2014-03-04T21:08:10.395+0000: 53956.380: [ParNew
Desired survivor size 8716288 bytes, new threshold 4 (max 6)
- age   1:    3031992 bytes,    3031992 total
- age   2:    2334768 bytes,    5366760 total
- age   3:    2240408 bytes,    7607168 total
- age   4:    2345992 bytes,    9953160 total
: 147182K->16482K(153344K), 0.0269210 secs] 911150K->782719K(1031552K), 0.0270950 secs] [Times: user=0.05 sys=0.00, real=0.03 secs] 
2014-03-04T21:12:17.698+0000: 54203.683: [GC2014-03-04T21:12:17.698+0000: 54203.683: [ParNew
Desired survivor size 8716288 bytes, new threshold 4 (max 6)
- age   1:    2638320 bytes,    2638320 total
- age   2:    2684368 bytes,    5322688 total
- age   3:    2333120 bytes,    7655808 total
- age   4:    2239464 bytes,    9895272 total
: 152802K->11403K(153344K), 0.0266460 secs] 919039K->780050K(1031552K), 0.0268090 secs] [Times: user=0.06 sys=0.00, real=0.03 secs] 
2014-03-04T21:16:05.104+0000: 54431.089: [GC2014-03-04T21:16:05.104+0000: 54431.089: [ParNew
Desired survivor size 8716288 bytes, new threshold 4 (max 6)
- age   1:    2329032 bytes,    2329032 total
- age   2:    2260432 bytes,    4589464 total
- age   3:    2426960 bytes,    7016424 total
- age   4:    2332488 bytes,    9348912 total
: 147723K->17024K(153344K), 0.0271550 secs] 916370K->788353K(1031552K), 0.0273260 secs] [Times: user=0.05 sys=0.00, real=0.02 secs] 
2014-03-04T21:20:10.581+0000: 54676.565: [GC2014-03-04T21:20:10.581+0000: 54676.566: [ParNew
Desired survivor size 8716288 bytes, new threshold 4 (max 6)
- age   1:    2682024 bytes,    2682024 total
- age   2:    2181176 bytes,    4863200 total
- age   3:    2259472 bytes,    7122672 total
- age   4:    2425960 bytes,    9548632 total
: 153344K->11260K(153344K), 0.0269660 secs] 924673K->784988K(1031552K), 0.0271360 secs] [Times: user=0.05 sys=0.00, real=0.03 secs] 
2014-03-04T21:24:20.479+0000: 54926.464: [GC2014-03-04T21:24:20.479+0000: 54926.464: [ParNew
Desired survivor size 8716288 bytes, new threshold 4 (max 6)
- age   1:    2595936 bytes,    2595936 total
- age   2:    2365600 bytes,    4961536 total
- age   3:    2180312 bytes,    7141848 total
- age   4:    2258960 bytes,    9400808 total
: 147580K->16682K(153344K), 0.0263400 secs] 921308K->792898K(1031552K), 0.0265120 secs] [Times: user=0.04 sys=0.01, real=0.03 secs] 
2014-03-04T21:28:25.283+0000: 55171.268: [GC2014-03-04T21:28:25.283+0000: 55171.268: [ParNew
Desired survivor size 8716288 bytes, new threshold 4 (max 6)
- age   1:    2721736 bytes,    2721736 total
- age   2:    2318352 bytes,    5040088 total
- age   3:    2266808 bytes,    7306896 total
- age   4:    2133216 bytes,    9440112 total
: 153002K->11078K(153344K), 0.0262800 secs] 929218K->789615K(1031552K), 0.0264420 secs] [Times: user=0.06 sys=0.00, real=0.02 secs] 
2014-03-04T21:32:36.274+0000: 55422.258: [GC2014-03-04T21:32:36.274+0000: 55422.258: [ParNew
Desired survivor size 8716288 bytes, new threshold 4 (max 6)
- age   1:    2581384 bytes,    2581384 total
- age   2:    2393192 bytes,    4974576 total
- age   3:    2309440 bytes,    7284016 total
- age   4:    2266080 bytes,    9550096 total
: 147398K->16467K(153344K), 0.0255960 secs] 925935K->797197K(1031552K), 0.0257470 secs] [Times: user=0.03 sys=0.01, real=0.03 secs] 
2014-03-04T21:36:45.909+0000: 55671.894: [GC2014-03-04T21:36:45.909+0000: 55671.894: [ParNew
Desired survivor size 8716288 bytes, new threshold 4 (max 6)
- age   1:    2682488 bytes,    2682488 total
- age   2:    2313968 bytes,    4996456 total
- age   3:    2390448 bytes,    7386904 total
- age   4:    2309024 bytes,    9695928 total
: 152787K->11133K(153344K), 0.0262990 secs] 933517K->794192K(1031552K), 0.0264490 secs] [Times: user=0.05 sys=0.00, real=0.03 secs] 
2014-03-04T21:40:40.669+0000: 55906.654: [GC2014-03-04T21:40:40.669+0000: 55906.654: [ParNew
Desired survivor size 8716288 bytes, new threshold 4 (max 6)
- age   1:    2604608 bytes,    2604608 total
- age   2:    2385984 bytes,    4990592 total
- age   3:    2312368 bytes,    7302960 total
- age   4:    2343752 bytes,    9646712 total
: 147453K->16967K(153344K), 0.0264880 secs] 930512K->802399K(1031552K), 0.0266420 secs] [Times: user=0.06 sys=0.00, real=0.03 secs] 
2014-03-04T21:44:55.653+0000: 56161.638: [GC2014-03-04T21:44:55.653+0000: 56161.638: [ParNew
Desired survivor size 8716288 bytes, new threshold 4 (max 6)
- age   1:    2575880 bytes,    2575880 total
- age   2:    2224936 bytes,    4800816 total
- age   3:    2302696 bytes,    7103512 total
- age   4:    2311224 bytes,    9414736 total
: 153287K->11205K(153344K), 0.0265680 secs] 938719K->799042K(1031552K), 0.0267270 secs] [Times: user=0.04 sys=0.01, real=0.03 secs] 
2014-03-04T21:49:10.453+0000: 56416.438: [GC2014-03-04T21:49:10.453+0000: 56416.438: [ParNew
Desired survivor size 8716288 bytes, new threshold 4 (max 6)
- age   1:    2572456 bytes,    2572456 total
- age   2:    2351760 bytes,    4924216 total
- age   3:    2224248 bytes,    7148464 total
- age   4:    2302080 bytes,    9450544 total
: 147525K->16530K(153344K), 0.0263720 secs] 935362K->806743K(1031552K), 0.0265350 secs] [Times: user=0.06 sys=0.00, real=0.03 secs] 
2014-03-04T21:52:57.656+0000: 56643.641: [GC2014-03-04T21:52:57.656+0000: 56643.641: [ParNew
Desired survivor size 8716288 bytes, new threshold 4 (max 6)
- age   1:    2967416 bytes,    2967416 total
- age   2:    2350352 bytes,    5317768 total
- age   3:    2350888 bytes,    7668656 total
- age   4:    2172744 bytes,    9841400 total
: 152850K->11189K(153344K), 0.0265980 secs] 943063K->803769K(1031552K), 0.0267540 secs] [Times: user=0.05 sys=0.00, real=0.03 secs] 
2014-03-04T21:57:03.106+0000: 56889.090: [GC2014-03-04T21:57:03.106+0000: 56889.090: [ParNew
Desired survivor size 8716288 bytes, new threshold 4 (max 6)
- age   1:    2559824 bytes,    2559824 total
- age   2:    2537976 bytes,    5097800 total
- age   3:    2349856 bytes,    7447656 total
- age   4:    2349392 bytes,    9797048 total
: 147509K->16948K(153344K), 0.0279890 secs] 940089K->811760K(1031552K), 0.0281350 secs] [Times: user=0.04 sys=0.01, real=0.02 secs] 
2014-03-04T22:01:14.117+0000: 57140.102: [GC2014-03-04T22:01:14.117+0000: 57140.102: [ParNew
Desired survivor size 8716288 bytes, new threshold 4 (max 6)
- age   1:    2631824 bytes,    2631824 total
- age   2:    2282992 bytes,    4914816 total
- age   3:    2520392 bytes,    7435208 total
- age   4:    2349432 bytes,    9784640 total
: 153268K->11746K(153344K), 0.0265020 secs] 948080K->808973K(1031552K), 0.0266540 secs] [Times: user=0.05 sys=0.01, real=0.03 secs] 
2014-03-04T22:05:00.909+0000: 57366.894: [GC2014-03-04T22:05:00.909+0000: 57366.894: [ParNew
Desired survivor size 8716288 bytes, new threshold 4 (max 6)
- age   1:    2496424 bytes,    2496424 total
- age   2:    2376904 bytes,    4873328 total
- age   3:    2271968 bytes,    7145296 total
- age   4:    2161744 bytes,    9307040 total
: 148066K->12537K(153344K), 0.0280160 secs] 945293K->812180K(1031552K), 0.0281720 secs] [Times: user=0.05 sys=0.00, real=0.03 secs] 
2014-03-04T22:09:04.598+0000: 57610.583: [GC2014-03-04T22:09:04.599+0000: 57610.583: [ParNew
Desired survivor size 8716288 bytes, new threshold 4 (max 6)
- age   1:    2571928 bytes,    2571928 total
- age   2:    2089960 bytes,    4661888 total
- age   3:    2376280 bytes,    7038168 total
- age   4:    2271256 bytes,    9309424 total
: 148857K->13263K(153344K), 0.0262360 secs] 948500K->815124K(1031552K), 0.0264100 secs] [Times: user=0.04 sys=0.01, real=0.03 secs] 
2014-03-04T22:13:19.704+0000: 57865.689: [GC2014-03-04T22:13:19.704+0000: 57865.689: [ParNew
Desired survivor size 8716288 bytes, new threshold 4 (max 6)
- age   1:    2654312 bytes,    2654312 total
- age   2:    2276744 bytes,    4931056 total
- age   3:    2088936 bytes,    7019992 total
- age   4:    2375344 bytes,    9395336 total
: 149583K->13474K(153344K), 0.0261650 secs] 951444K->817669K(1031552K), 0.0263230 secs] [Times: user=0.06 sys=0.00, real=0.02 secs] 
2014-03-04T22:17:29.884+0000: 58115.869: [GC2014-03-04T22:17:29.885+0000: 58115.869: [ParNew
Desired survivor size 8716288 bytes, new threshold 4 (max 6)
- age   1:    2586136 bytes,    2586136 total
- age   2:    2441000 bytes,    5027136 total
- age   3:    2260312 bytes,    7287448 total
- age   4:    2087096 bytes,    9374544 total
: 149794K->13637K(153344K), 0.0258730 secs] 953989K->820233K(1031552K), 0.0260310 secs] [Times: user=0.03 sys=0.01, real=0.02 secs] 
2014-03-04T22:21:35.614+0000: 58361.599: [GC2014-03-04T22:21:35.614+0000: 58361.599: [ParNew
Desired survivor size 8716288 bytes, new threshold 4 (max 6)
- age   1:    2667984 bytes,    2667984 total
- age   2:    2314992 bytes,    4982976 total
- age   3:    2394328 bytes,    7377304 total
- age   4:    2259352 bytes,    9636656 total
: 149957K->13663K(153344K), 0.0256810 secs] 956553K->822404K(1031552K), 0.0258380 secs] [Times: user=0.04 sys=0.01, real=0.02 secs] 
2014-03-04T22:21:35.641+0000: 58361.626: [GC [1 CMS-initial-mark: 808741K(878208K)] 823251K(1031552K), 0.0069410 secs] [Times: user=0.00 sys=0.00, real=0.01 secs] 
2014-03-04T22:21:35.648+0000: 58361.633: [CMS-concurrent-mark-start]
2014-03-04T22:21:35.824+0000: 58361.809: [CMS-concurrent-mark: 0.176/0.176 secs] [Times: user=0.20 sys=0.00, real=0.18 secs] 
2014-03-04T22:21:35.825+0000: 58361.809: [CMS-concurrent-preclean-start]
2014-03-04T22:21:35.827+0000: 58361.812: [CMS-concurrent-preclean: 0.003/0.003 secs] [Times: user=0.00 sys=0.00, real=0.00 secs] 
2014-03-04T22:21:35.827+0000: 58361.812: [GC[YG occupancy: 15318 K (153344 K)]2014-03-04T22:21:35.827+0000: 58361.812: [Rescan (parallel) , 0.0073340 secs]2014-03-04T22:21:35.835+0000: 58361.820: [weak refs processing, 0.0045960 secs]2014-03-04T22:21:35.839+0000: 58361.824: [class unloading, 0.0102810 secs]2014-03-04T22:21:35.850+0000: 58361.834: [scrub symbol table, 0.0091480 secs]2014-03-04T22:21:35.859+0000: 58361.844: [scrub string table, 0.0011150 secs] [1 CMS-remark: 808741K(878208K)] 824059K(1031552K), 0.0359330 secs] [Times: user=0.05 sys=0.00, real=0.04 secs] 
2014-03-04T22:21:35.870+0000: 58361.855: [CMS-concurrent-sweep-start]
2014-03-04T22:21:36.370+0000: 58362.354: [CMS-concurrent-sweep: 0.499/0.500 secs] [Times: user=0.55 sys=0.00, real=0.50 secs] 
2014-03-04T22:21:36.370+0000: 58362.355: [CMS-concurrent-reset-start]
2014-03-04T22:21:36.376+0000: 58362.361: [CMS-concurrent-reset: 0.006/0.006 secs] [Times: user=0.00 sys=0.00, real=0.01 secs] 
2014-03-04T22:25:38.367+0000: 58604.352: [GC2014-03-04T22:25:38.367+0000: 58604.352: [ParNew
Desired survivor size 8716288 bytes, new threshold 4 (max 6)
- age   1:    2799032 bytes,    2799032 total
- age   2:    2294472 bytes,    5093504 total
- age   3:    2303800 bytes,    7397304 total
- age   4:    2373600 bytes,    9770904 total
: 149983K->13994K(153344K), 0.0265550 secs] 257069K->123393K(1031552K), 0.0267290 secs] [Times: user=0.05 sys=0.00, real=0.02 secs] 
2014-03-04T22:29:47.612+0000: 58853.597: [GC2014-03-04T22:29:47.612+0000: 58853.597: [ParNew
Desired survivor size 8716288 bytes, new threshold 4 (max 6)
- age   1:    2641312 bytes,    2641312 total
- age   2:    2395720 bytes,    5037032 total
- age   3:    2292728 bytes,    7329760 total
- age   4:    2302888 bytes,    9632648 total
: 150314K->14153K(153344K), 0.0245740 secs] 259713K->125990K(1031552K), 0.0247260 secs] [Times: user=0.05 sys=0.00, real=0.03 secs] 
2014-03-04T22:34:01.794+0000: 59107.778: [GC2014-03-04T22:34:01.794+0000: 59107.778: [ParNew
Desired survivor size 8716288 bytes, new threshold 4 (max 6)
- age   1:    2644520 bytes,    2644520 total
- age   2:    2319536 bytes,    4964056 total
- age   3:    2391696 bytes,    7355752 total
- age   4:    2291752 bytes,    9647504 total
: 150473K->14166K(153344K), 0.0243900 secs] 262310K->128372K(1031552K), 0.0245550 secs] [Times: user=0.06 sys=0.00, real=0.03 secs] 
2014-03-04T22:38:18.083+0000: 59364.068: [GC2014-03-04T22:38:18.083+0000: 59364.068: [ParNew
Desired survivor size 8716288 bytes, new threshold 4 (max 6)
- age   1:    2602944 bytes,    2602944 total
- age   2:    2417336 bytes,    5020280 total
- age   3:    2308416 bytes,    7328696 total
- age   4:    2312040 bytes,    9640736 total
: 150486K->13947K(153344K), 0.0241130 secs] 264692K->130468K(1031552K), 0.0242580 secs] [Times: user=0.05 sys=0.00, real=0.02 secs] 
2014-03-04T22:42:29.909+0000: 59615.894: [GC2014-03-04T22:42:29.909+0000: 59615.894: [ParNew
Desired survivor size 8716288 bytes, new threshold 4 (max 6)
- age   1:    2591456 bytes,    2591456 total
- age   2:    2388224 bytes,    4979680 total
- age   3:    2416464 bytes,    7396144 total
- age   4:    2305920 bytes,    9702064 total
: 150267K->14078K(153344K), 0.0244020 secs] 266788K->132974K(1031552K), 0.0245570 secs] [Times: user=0.05 sys=0.00, real=0.02 secs] 
2014-03-04T22:46:30.928+0000: 59856.913: [GC2014-03-04T22:46:30.928+0000: 59856.913: [ParNew
Desired survivor size 8716288 bytes, new threshold 4 (max 6)
- age   1:    2923312 bytes,    2923312 total
- age   2:    2345144 bytes,    5268456 total
- age   3:    2387416 bytes,    7655872 total
- age   4:    2370424 bytes,   10026296 total
: 150398K->14168K(153344K), 0.0241600 secs] 269294K->135434K(1031552K), 0.0243130 secs] [Times: user=0.05 sys=0.00, real=0.02 secs] 
2014-03-04T22:50:37.799+0000: 60103.783: [GC2014-03-04T22:50:37.799+0000: 60103.784: [ParNew
Desired survivor size 8716288 bytes, new threshold 4 (max 6)
- age   1:    2586272 bytes,    2586272 total
- age   2:    2554096 bytes,    5140368 total
- age   3:    2343968 bytes,    7484336 total
- age   4:    2386904 bytes,    9871240 total
: 150488K->14473K(153344K), 0.0241050 secs] 271754K->138175K(1031552K), 0.0242570 secs] [Times: user=0.06 sys=0.00, real=0.03 secs] 
2014-03-04T22:54:44.301+0000: 60350.286: [GC2014-03-04T22:54:44.301+0000: 60350.286: [ParNew
Desired survivor size 8716288 bytes, new threshold 4 (max 6)
- age   1:    2581360 bytes,    2581360 total
- age   2:    2338832 bytes,    4920192 total
- age   3:    2543632 bytes,    7463824 total
- age   4:    2343296 bytes,    9807120 total
: 150793K->14422K(153344K), 0.0241660 secs] 274495K->140579K(1031552K), 0.0243180 secs] [Times: user=0.05 sys=0.00, real=0.03 secs] 
2014-03-04T22:58:33.823+0000: 60579.808: [GC2014-03-04T22:58:33.823+0000: 60579.808: [ParNew
Desired survivor size 8716288 bytes, new threshold 4 (max 6)
- age   1:    2671312 bytes,    2671312 total
- age   2:    2253344 bytes,    4924656 total
- age   3:    2292520 bytes,    7217176 total
- age   4:    2533568 bytes,    9750744 total
: 150742K->9867K(153344K), 0.0253870 secs] 276899K->138431K(1031552K), 0.0255470 secs] [Times: user=0.05 sys=0.00, real=0.02 secs] 
2014-03-04T23:02:42.656+0000: 60828.640: [GC2014-03-04T23:02:42.656+0000: 60828.640: [ParNew
Desired survivor size 8716288 bytes, new threshold 4 (max 6)
- age   1:    2622352 bytes,    2622352 total
- age   2:    2171464 bytes,    4793816 total
- age   3:    2252656 bytes,    7046472 total
- age   4:    2290960 bytes,    9337432 total
: 146187K->13944K(153344K), 0.0235790 secs] 274751K->144904K(1031552K), 0.0237330 secs] [Times: user=0.05 sys=0.00, real=0.02 secs] 
2014-03-04T23:06:48.794+0000: 61074.779: [GC2014-03-04T23:06:48.794+0000: 61074.779: [ParNew
Desired survivor size 8716288 bytes, new threshold 4 (max 6)
- age   1:    2678120 bytes,    2678120 total
- age   2:    2303064 bytes,    4981184 total
- age   3:    2166216 bytes,    7147400 total
- age   4:    2251896 bytes,    9399296 total
: 150264K->13726K(153344K), 0.0240120 secs] 281224K->147040K(1031552K), 0.0241740 secs] [Times: user=0.05 sys=0.00, real=0.02 secs] 
2014-03-04T23:10:43.734+0000: 61309.718: [GC2014-03-04T23:10:43.734+0000: 61309.718: [ParNew
Desired survivor size 8716288 bytes, new threshold 4 (max 6)
- age   1:    2922888 bytes,    2922888 total
- age   2:    2234272 bytes,    5157160 total
- age   3:    2291800 bytes,    7448960 total
- age   4:    2164704 bytes,    9613664 total
: 150046K->13739K(153344K), 0.0240290 secs] 283360K->149368K(1031552K), 0.0241930 secs] [Times: user=0.05 sys=0.00, real=0.03 secs] 
2014-03-04T23:14:37.171+0000: 61543.155: [GC2014-03-04T23:14:37.171+0000: 61543.156: [ParNew
Desired survivor size 8716288 bytes, new threshold 4 (max 6)
- age   1:    2512616 bytes,    2512616 total
- age   2:    2525864 bytes,    5038480 total
- age   3:    2232896 bytes,    7271376 total
- age   4:    2291352 bytes,    9562728 total
: 150059K->13922K(153344K), 0.0235230 secs] 285688K->151775K(1031552K), 0.0236780 secs] [Times: user=0.05 sys=0.00, real=0.03 secs] 
2014-03-04T23:18:54.187+0000: 61800.172: [GC2014-03-04T23:18:54.187+0000: 61800.172: [ParNew
Desired survivor size 8716288 bytes, new threshold 4 (max 6)
- age   1:    2624080 bytes,    2624080 total
- age   2:    2171224 bytes,    4795304 total
- age   3:    2408080 bytes,    7203384 total
- age   4:    2232280 bytes,    9435664 total
: 150242K->13851K(153344K), 0.0267680 secs] 288095K->154060K(1031552K), 0.0269480 secs] [Times: user=0.05 sys=0.00, real=0.03 secs] 
2014-03-04T23:22:55.273+0000: 62041.257: [GC2014-03-04T23:22:55.273+0000: 62041.257: [ParNew
Desired survivor size 8716288 bytes, new threshold 4 (max 6)
- age   1:    2579560 bytes,    2579560 total
- age   2:    2401352 bytes,    4980912 total
- age   3:    2167312 bytes,    7148224 total
- age   4:    2402928 bytes,    9551152 total
: 150171K->13917K(153344K), 0.0242310 secs] 290380K->156421K(1031552K), 0.0243830 secs] [Times: user=0.05 sys=0.00, real=0.03 secs] 
2014-03-04T23:27:12.982+0000: 62298.966: [GC2014-03-04T23:27:12.982+0000: 62298.967: [ParNew
Desired survivor size 8716288 bytes, new threshold 4 (max 6)
- age   1:    2615088 bytes,    2615088 total
- age   2:    2254624 bytes,    4869712 total
- age   3:    2400544 bytes,    7270256 total
- age   4:    2161752 bytes,    9432008 total
: 150237K->13777K(153344K), 0.0238710 secs] 292741K->158662K(1031552K), 0.0240210 secs] [Times: user=0.05 sys=0.00, real=0.03 secs] 
2014-03-04T23:31:23.800+0000: 62549.785: [GC2014-03-04T23:31:23.800+0000: 62549.785: [ParNew
Desired survivor size 8716288 bytes, new threshold 4 (max 6)
- age   1:    2581576 bytes,    2581576 total
- age   2:    2388600 bytes,    4970176 total
- age   3:    2250048 bytes,    7220224 total
- age   4:    2399928 bytes,    9620152 total
: 150097K->13793K(153344K), 0.0250060 secs] 294982K->160902K(1031552K), 0.0251690 secs] [Times: user=0.05 sys=0.00, real=0.03 secs] 
2014-03-04T23:35:33.787+0000: 62799.772: [GC2014-03-04T23:35:33.787+0000: 62799.772: [ParNew
Desired survivor size 8716288 bytes, new threshold 4 (max 6)
- age   1:    2610272 bytes,    2610272 total
- age   2:    2333080 bytes,    4943352 total
- age   3:    2387016 bytes,    7330368 total
- age   4:    2248344 bytes,    9578712 total
: 150113K->14018K(153344K), 0.0239350 secs] 297222K->163547K(1031552K), 0.0241000 secs] [Times: user=0.05 sys=0.00, real=0.02 secs] 
2014-03-04T23:39:49.400+0000: 63055.385: [GC2014-03-04T23:39:49.400+0000: 63055.385: [ParNew
Desired survivor size 8716288 bytes, new threshold 4 (max 6)
- age   1:    2656656 bytes,    2656656 total
- age   2:    2345816 bytes,    5002472 total
- age   3:    2332576 bytes,    7335048 total
- age   4:    2347104 bytes,    9682152 total
: 150338K->13920K(153344K), 0.0236650 secs] 299867K->165760K(1031552K), 0.0238100 secs] [Times: user=0.05 sys=0.00, real=0.03 secs] 
2014-03-04T23:43:57.445+0000: 63303.430: [GC2014-03-04T23:43:57.445+0000: 63303.430: [ParNew
Desired survivor size 8716288 bytes, new threshold 4 (max 6)
- age   1:    3027864 bytes,    3027864 total
- age   2:    2383272 bytes,    5411136 total
- age   3:    2343320 bytes,    7754456 total
- age   4:    2331376 bytes,   10085832 total
: 150240K->14117K(153344K), 0.0258560 secs] 302080K->168371K(1031552K), 0.0260060 secs] [Times: user=0.05 sys=0.00, real=0.02 secs] 
2014-03-04T23:48:13.985+0000: 63559.970: [GC2014-03-04T23:48:13.985+0000: 63559.970: [ParNew
Desired survivor size 8716288 bytes, new threshold 4 (max 6)
- age   1:    2633624 bytes,    2633624 total
- age   2:    2652352 bytes,    5285976 total
- age   3:    2382016 bytes,    7667992 total
- age   4:    2342616 bytes,   10010608 total
: 150437K->14535K(153344K), 0.0241360 secs] 304691K->171185K(1031552K), 0.0242810 secs] [Times: user=0.05 sys=0.00, real=0.02 secs] 
2014-03-04T23:52:20.996+0000: 63806.980: [GC2014-03-04T23:52:20.996+0000: 63806.980: [ParNew
Desired survivor size 8716288 bytes, new threshold 4 (max 6)
- age   1:    2635256 bytes,    2635256 total
- age   2:    2390400 bytes,    5025656 total
- age   3:    2626048 bytes,    7651704 total
- age   4:    2381424 bytes,   10033128 total
: 150855K->10142K(153344K), 0.0244880 secs] 307505K->169200K(1031552K), 0.0246380 secs] [Times: user=0.05 sys=0.00, real=0.02 secs] 
2014-03-04T23:56:36.693+0000: 64062.678: [GC2014-03-04T23:56:36.693+0000: 64062.678: [ParNew
Desired survivor size 8716288 bytes, new threshold 4 (max 6)
- age   1:    2610640 bytes,    2610640 total
- age   2:    2288320 bytes,    4898960 total
- age   3:    2389424 bytes,    7288384 total
- age   4:    2268224 bytes,    9556608 total
: 146462K->14211K(153344K), 0.0239900 secs] 305520K->175716K(1031552K), 0.0241430 secs] [Times: user=0.05 sys=0.00, real=0.03 secs] 
2014-03-05T00:00:46.294+0000: 64312.279: [GC2014-03-05T00:00:46.294+0000: 64312.279: [ParNew
Desired survivor size 8716288 bytes, new threshold 4 (max 6)
- age   1:    2627912 bytes,    2627912 total
- age   2:    2345024 bytes,    4972936 total
- age   3:    2287712 bytes,    7260648 total
- age   4:    2343552 bytes,    9604200 total
: 150531K->14022K(153344K), 0.0236160 secs] 312036K->177860K(1031552K), 0.0237780 secs] [Times: user=0.05 sys=0.00, real=0.02 secs] 
2014-03-05T00:05:01.916+0000: 64567.901: [GC2014-03-05T00:05:01.916+0000: 64567.901: [ParNew
Desired survivor size 8716288 bytes, new threshold 4 (max 6)
- age   1:    2599960 bytes,    2599960 total
- age   2:    2377792 bytes,    4977752 total
- age   3:    2344040 bytes,    7321792 total
- age   4:    2287296 bytes,    9609088 total
: 150342K->14027K(153344K), 0.0240300 secs] 314180K->180273K(1031552K), 0.0241970 secs] [Times: user=0.04 sys=0.00, real=0.02 secs] 
2014-03-05T00:08:37.714+0000: 64783.699: [GC2014-03-05T00:08:37.714+0000: 64783.699: [ParNew
Desired survivor size 8716288 bytes, new threshold 4 (max 6)
- age   1:    2687712 bytes,    2687712 total
- age   2:    2344144 bytes,    5031856 total
- age   3:    2376744 bytes,    7408600 total
- age   4:    2343152 bytes,    9751752 total
: 150347K->14212K(153344K), 0.0240060 secs] 316593K->182808K(1031552K), 0.0241630 secs] [Times: user=0.05 sys=0.00, real=0.03 secs] 
2014-03-05T00:12:55.909+0000: 65041.894: [GC2014-03-05T00:12:55.909+0000: 65041.894: [ParNew
Desired survivor size 8716288 bytes, new threshold 4 (max 6)
- age   1:    2647832 bytes,    2647832 total
- age   2:    2148072 bytes,    4795904 total
- age   3:    2343056 bytes,    7138960 total
- age   4:    2376128 bytes,    9515088 total
: 150532K->13975K(153344K), 0.0250970 secs] 319128K->184978K(1031552K), 0.0252660 secs] [Times: user=0.05 sys=0.00, real=0.03 secs] 
2014-03-05T00:17:15.909+0000: 65301.894: [GC2014-03-05T00:17:15.909+0000: 65301.894: [ParNew
Desired survivor size 8716288 bytes, new threshold 4 (max 6)
- age   1:    2716080 bytes,    2716080 total
- age   2:    2384712 bytes,    5100792 total
- age   3:    2146968 bytes,    7247760 total
- age   4:    2342608 bytes,    9590368 total
: 150295K->13920K(153344K), 0.0242080 secs] 321298K->187364K(1031552K), 0.0243450 secs] [Times: user=0.05 sys=0.00, real=0.02 secs] 
2014-03-05T00:21:35.475+0000: 65561.460: [GC2014-03-05T00:21:35.475+0000: 65561.460: [ParNew
Desired survivor size 8716288 bytes, new threshold 4 (max 6)
- age   1:    2604160 bytes,    2604160 total
- age   2:    2514512 bytes,    5118672 total
- age   3:    2383664 bytes,    7502336 total
- age   4:    2146352 bytes,    9648688 total
: 150240K->13989K(153344K), 0.0239740 secs] 323684K->189841K(1031552K), 0.0241200 secs] [Times: user=0.05 sys=0.00, real=0.02 secs] 
2014-03-05T00:25:55.265+0000: 65821.250: [GC2014-03-05T00:25:55.265+0000: 65821.250: [ParNew
Desired survivor size 8716288 bytes, new threshold 4 (max 6)
- age   1:    2660584 bytes,    2660584 total
- age   2:    2389752 bytes,    5050336 total
- age   3:    2468224 bytes,    7518560 total
- age   4:    2383536 bytes,    9902096 total
: 150309K->14075K(153344K), 0.0236500 secs] 326161K->192126K(1031552K), 0.0237930 secs] [Times: user=0.05 sys=0.00, real=0.02 secs] 
2014-03-05T00:30:15.407+0000: 66081.392: [GC2014-03-05T00:30:15.407+0000: 66081.392: [ParNew
Desired survivor size 8716288 bytes, new threshold 4 (max 6)
- age   1:    2723904 bytes,    2723904 total
- age   2:    2387664 bytes,    5111568 total
- age   3:    2388864 bytes,    7500432 total
- age   4:    2466536 bytes,    9966968 total
: 150395K->14445K(153344K), 0.0247150 secs] 328446K->194948K(1031552K), 0.0248760 secs] [Times: user=0.05 sys=0.00, real=0.02 secs] 
2014-03-05T00:34:35.176+0000: 66341.161: [GC2014-03-05T00:34:35.176+0000: 66341.161: [ParNew
Desired survivor size 8716288 bytes, new threshold 4 (max 6)
- age   1:    2651800 bytes,    2651800 total
- age   2:    2474016 bytes,    5125816 total
- age   3:    2386664 bytes,    7512480 total
- age   4:    2388584 bytes,    9901064 total
: 150765K->14428K(153344K), 0.0245850 secs] 331268K->197385K(1031552K), 0.0247400 secs] [Times: user=0.06 sys=0.00, real=0.02 secs] 
2014-03-05T00:38:55.632+0000: 66601.616: [GC2014-03-05T00:38:55.632+0000: 66601.616: [ParNew
Desired survivor size 8716288 bytes, new threshold 4 (max 6)
- age   1:    2786008 bytes,    2786008 total
- age   2:    2382696 bytes,    5168704 total
- age   3:    2471704 bytes,    7640408 total
- age   4:    2386344 bytes,   10026752 total
: 150748K->14537K(153344K), 0.0252430 secs] 333705K->199951K(1031552K), 0.0253920 secs] [Times: user=0.05 sys=0.00, real=0.03 secs] 
2014-03-05T00:43:15.309+0000: 66861.294: [GC2014-03-05T00:43:15.309+0000: 66861.294: [ParNew
Desired survivor size 8716288 bytes, new threshold 4 (max 6)
- age   1:    2609464 bytes,    2609464 total
- age   2:    2468696 bytes,    5078160 total
- age   3:    2381888 bytes,    7460048 total
- age   4:    2392168 bytes,    9852216 total
: 150857K->14516K(153344K), 0.0245200 secs] 336271K->202383K(1031552K), 0.0246820 secs] [Times: user=0.06 sys=0.00, real=0.03 secs] 
2014-03-05T00:47:35.176+0000: 67121.161: [GC2014-03-05T00:47:35.176+0000: 67121.161: [ParNew
Desired survivor size 8716288 bytes, new threshold 4 (max 6)
- age   1:    2642952 bytes,    2642952 total
- age   2:    2388720 bytes,    5031672 total
- age   3:    2466928 bytes,    7498600 total
- age   4:    2381320 bytes,    9879920 total
: 150836K->14426K(153344K), 0.0246650 secs] 338703K->204752K(1031552K), 0.0248230 secs] [Times: user=0.05 sys=0.00, real=0.02 secs] 
2014-03-05T00:51:54.765+0000: 67380.750: [GC2014-03-05T00:51:54.765+0000: 67380.750: [ParNew
Desired survivor size 8716288 bytes, new threshold 4 (max 6)
- age   1:    2781248 bytes,    2781248 total
- age   2:    2389552 bytes,    5170800 total
- age   3:    2387568 bytes,    7558368 total
- age   4:    2465640 bytes,   10024008 total
: 150746K->14515K(153344K), 0.0245660 secs] 341072K->207290K(1031552K), 0.0247320 secs] [Times: user=0.05 sys=0.00, real=0.02 secs] 
2014-03-05T00:56:13.613+0000: 67639.598: [GC2014-03-05T00:56:13.614+0000: 67639.598: [ParNew
Desired survivor size 8716288 bytes, new threshold 4 (max 6)
- age   1:    2691360 bytes,    2691360 total
- age   2:    2434688 bytes,    5126048 total
- age   3:    2388200 bytes,    7514248 total
- age   4:    2387248 bytes,    9901496 total
: 150835K->14507K(153344K), 0.0247260 secs] 343610K->209736K(1031552K), 0.0248790 secs] [Times: user=0.05 sys=0.00, real=0.03 secs] 
2014-03-05T01:00:32.336+0000: 67898.321: [GC2014-03-05T01:00:32.337+0000: 67898.321: [ParNew
Desired survivor size 8716288 bytes, new threshold 4 (max 6)
- age   1:    2744384 bytes,    2744384 total
- age   2:    2416520 bytes,    5160904 total
- age   3:    2432392 bytes,    7593296 total
- age   4:    2387560 bytes,    9980856 total
: 150827K->14554K(153344K), 0.0243800 secs] 346056K->212238K(1031552K), 0.0245320 secs] [Times: user=0.05 sys=0.00, real=0.02 secs] 
2014-03-05T01:04:51.219+0000: 68157.203: [GC2014-03-05T01:04:51.219+0000: 68157.203: [ParNew
Desired survivor size 8716288 bytes, new threshold 4 (max 6)
- age   1:    2705240 bytes,    2705240 total
- age   2:    2434088 bytes,    5139328 total
- age   3:    2415464 bytes,    7554792 total
- age   4:    2352856 bytes,    9907648 total
: 150874K->14470K(153344K), 0.0241700 secs] 348558K->214609K(1031552K), 0.0243200 secs] [Times: user=0.04 sys=0.00, real=0.03 secs] 
2014-03-05T01:09:10.045+0000: 68416.030: [GC2014-03-05T01:09:10.045+0000: 68416.030: [ParNew
Desired survivor size 8716288 bytes, new threshold 4 (max 6)
- age   1:    2645608 bytes,    2645608 total
- age   2:    2394128 bytes,    5039736 total
- age   3:    2432288 bytes,    7472024 total
- age   4:    2415144 bytes,    9887168 total
: 150790K->14517K(153344K), 0.0243690 secs] 350929K->217074K(1031552K), 0.0245270 secs] [Times: user=0.05 sys=0.00, real=0.02 secs] 
2014-03-05T01:13:30.115+0000: 68676.100: [GC2014-03-05T01:13:30.115+0000: 68676.100: [ParNew
Desired survivor size 8716288 bytes, new threshold 4 (max 6)
- age   1:    2651208 bytes,    2651208 total
- age   2:    2423048 bytes,    5074256 total
- age   3:    2392232 bytes,    7466488 total
- age   4:    2392000 bytes,    9858488 total
: 150837K->14449K(153344K), 0.0245000 secs] 353394K->219490K(1031552K), 0.0246550 secs] [Times: user=0.05 sys=0.00, real=0.02 secs] 
2014-03-05T01:17:50.536+0000: 68936.521: [GC2014-03-05T01:17:50.537+0000: 68936.521: [ParNew
Desired survivor size 8716288 bytes, new threshold 4 (max 6)
- age   1:    2704056 bytes,    2704056 total
- age   2:    2429200 bytes,    5133256 total
- age   3:    2421656 bytes,    7554912 total
- age   4:    2391864 bytes,    9946776 total
: 150769K->14362K(153344K), 0.0248260 secs] 355810K->221822K(1031552K), 0.0249830 secs] [Times: user=0.05 sys=0.00, real=0.02 secs] 
2014-03-05T01:22:10.046+0000: 69196.030: [GC2014-03-05T01:22:10.046+0000: 69196.030: [ParNew
Desired survivor size 8716288 bytes, new threshold 4 (max 6)
- age   1:    2685896 bytes,    2685896 total
- age   2:    2441912 bytes,    5127808 total
- age   3:    2427432 bytes,    7555240 total
- age   4:    2421040 bytes,    9976280 total
: 150682K->14571K(153344K), 0.0273960 secs] 358142K->224490K(1031552K), 0.0275780 secs] [Times: user=0.05 sys=0.00, real=0.02 secs] 
2014-03-05T01:26:30.241+0000: 69456.226: [GC2014-03-05T01:26:30.241+0000: 69456.226: [ParNew
Desired survivor size 8716288 bytes, new threshold 4 (max 6)
- age   1:    2640240 bytes,    2640240 total
- age   2:    2462264 bytes,    5102504 total
- age   3:    2395856 bytes,    7498360 total
- age   4:    2387128 bytes,    9885488 total
: 150891K->14469K(153344K), 0.0243840 secs] 360810K->226838K(1031552K), 0.0245510 secs] [Times: user=0.05 sys=0.00, real=0.03 secs] 
2014-03-05T01:30:50.176+0000: 69716.161: [GC2014-03-05T01:30:50.176+0000: 69716.161: [ParNew
Desired survivor size 8716288 bytes, new threshold 4 (max 6)
- age   1:    2713464 bytes,    2713464 total
- age   2:    2396736 bytes,    5110200 total
- age   3:    2460216 bytes,    7570416 total
- age   4:    2394848 bytes,    9965264 total
: 150789K->14527K(153344K), 0.0244690 secs] 363158K->229349K(1031552K), 0.0246200 secs] [Times: user=0.05 sys=0.00, real=0.02 secs] 
2014-03-05T01:35:09.929+0000: 69975.914: [GC2014-03-05T01:35:09.929+0000: 69975.914: [ParNew
Desired survivor size 8716288 bytes, new threshold 4 (max 6)
- age   1:    2658272 bytes,    2658272 total
- age   2:    2480944 bytes,    5139216 total
- age   3:    2387192 bytes,    7526408 total
- age   4:    2380872 bytes,    9907280 total
: 150847K->14449K(153344K), 0.0247200 secs] 365669K->231734K(1031552K), 0.0248790 secs] [Times: user=0.05 sys=0.00, real=0.03 secs] 
2014-03-05T01:39:30.351+0000: 70236.336: [GC2014-03-05T01:39:30.351+0000: 70236.336: [ParNew
Desired survivor size 8716288 bytes, new threshold 4 (max 6)
- age   1:    2644352 bytes,    2644352 total
- age   2:    2389768 bytes,    5034120 total
- age   3:    2467792 bytes,    7501912 total
- age   4:    2386744 bytes,    9888656 total
: 150769K->14470K(153344K), 0.0244140 secs] 368054K->234203K(1031552K), 0.0245610 secs] [Times: user=0.05 sys=0.00, real=0.03 secs] 
2014-03-05T01:43:50.809+0000: 70496.793: [GC2014-03-05T01:43:50.809+0000: 70496.794: [ParNew
Desired survivor size 8716288 bytes, new threshold 4 (max 6)
- age   1:    2773608 bytes,    2773608 total
- age   2:    2390072 bytes,    5163680 total
- age   3:    2388744 bytes,    7552424 total
- age   4:    2466312 bytes,   10018736 total
: 150790K->14531K(153344K), 0.0251400 secs] 370523K->236718K(1031552K), 0.0252990 secs] [Times: user=0.05 sys=0.00, real=0.03 secs] 
2014-03-05T01:48:10.909+0000: 70756.894: [GC2014-03-05T01:48:10.910+0000: 70756.894: [ParNew
Desired survivor size 8716288 bytes, new threshold 4 (max 6)
- age   1:    2645536 bytes,    2645536 total
- age   2:    2513992 bytes,    5159528 total
- age   3:    2388704 bytes,    7548232 total
- age   4:    2388232 bytes,    9936464 total
: 150851K->14508K(153344K), 0.0257420 secs] 373038K->239149K(1031552K), 0.0258960 secs] [Times: user=0.05 sys=0.00, real=0.03 secs] 
2014-03-05T01:52:30.450+0000: 71016.435: [GC2014-03-05T01:52:30.450+0000: 71016.435: [ParNew
Desired survivor size 8716288 bytes, new threshold 4 (max 6)
- age   1:    2678520 bytes,    2678520 total
- age   2:    2395024 bytes,    5073544 total
- age   3:    2512080 bytes,    7585624 total
- age   4:    2387704 bytes,    9973328 total
: 150828K->14593K(153344K), 0.0246750 secs] 375469K->241690K(1031552K), 0.0248310 secs] [Times: user=0.05 sys=0.00, real=0.03 secs] 
2014-03-05T01:56:50.560+0000: 71276.544: [GC2014-03-05T01:56:50.560+0000: 71276.545: [ParNew
Desired survivor size 8716288 bytes, new threshold 4 (max 6)
- age   1:    2644832 bytes,    2644832 total
- age   2:    2462088 bytes,    5106920 total
- age   3:    2394440 bytes,    7501360 total
- age   4:    2432088 bytes,    9933448 total
: 150913K->14472K(153344K), 0.0245180 secs] 378010K->244024K(1031552K), 0.0246660 secs] [Times: user=0.05 sys=0.00, real=0.03 secs] 
2014-03-05T02:01:10.291+0000: 71536.276: [GC2014-03-05T02:01:10.291+0000: 71536.276: [ParNew
Desired survivor size 8716288 bytes, new threshold 4 (max 6)
- age   1:    2601568 bytes,    2601568 total
- age   2:    2394288 bytes,    4995856 total
- age   3:    2461488 bytes,    7457344 total
- age   4:    2394024 bytes,    9851368 total
: 150792K->9694K(153344K), 0.0245450 secs] 380344K->241745K(1031552K), 0.0247030 secs] [Times: user=0.05 sys=0.00, real=0.03 secs] 
2014-03-05T02:05:30.008+0000: 71795.993: [GC2014-03-05T02:05:30.008+0000: 71795.993: [ParNew
Desired survivor size 8716288 bytes, new threshold 4 (max 6)
- age   1:    2734000 bytes,    2734000 total
- age   2:    2382752 bytes,    5116752 total
- age   3:    2393712 bytes,    7510464 total
- age   4:    2460168 bytes,    9970632 total
: 146014K->14500K(153344K), 0.0245970 secs] 378065K->249013K(1031552K), 0.0247620 secs] [Times: user=0.06 sys=0.00, real=0.02 secs] 
2014-03-05T02:09:50.909+0000: 72056.894: [GC2014-03-05T02:09:50.909+0000: 72056.894: [ParNew
Desired survivor size 8716288 bytes, new threshold 4 (max 6)
- age   1:    2592768 bytes,    2592768 total
- age   2:    2476880 bytes,    5069648 total
- age   3:    2382056 bytes,    7451704 total
- age   4:    2392648 bytes,    9844352 total
: 150820K->17024K(153344K), 0.0247490 secs] 385333K->254054K(1031552K), 0.0249150 secs] [Times: user=0.05 sys=0.00, real=0.03 secs] 
2014-03-05T02:14:10.134+0000: 72316.118: [GC2014-03-05T02:14:10.134+0000: 72316.118: [ParNew
Desired survivor size 8716288 bytes, new threshold 4 (max 6)
- age   1:    2690840 bytes,    2690840 total
- age   2:    2389664 bytes,    5080504 total
- age   3:    2475472 bytes,    7555976 total
- age   4:    2381784 bytes,    9937760 total
: 153344K->12150K(153344K), 0.0252550 secs] 390374K->251640K(1031552K), 0.0254160 secs] [Times: user=0.05 sys=0.00, real=0.03 secs] 
2014-03-05T02:18:30.034+0000: 72576.019: [GC2014-03-05T02:18:30.034+0000: 72576.019: [ParNew
Desired survivor size 8716288 bytes, new threshold 4 (max 6)
- age   1:    2493280 bytes,    2493280 total
- age   2:    2513600 bytes,    5006880 total
- age   3:    2388112 bytes,    7394992 total
- age   4:    2396104 bytes,    9791096 total
: 148470K->17024K(153344K), 0.0242610 secs] 387960K->259033K(1031552K), 0.0244080 secs] [Times: user=0.05 sys=0.00, real=0.02 secs] 
2014-03-05T02:22:50.210+0000: 72836.195: [GC2014-03-05T02:22:50.210+0000: 72836.195: [ParNew
Desired survivor size 8716288 bytes, new threshold 4 (max 6)
- age   1:    2697776 bytes,    2697776 total
- age   2:    2388424 bytes,    5086200 total
- age   3:    2512136 bytes,    7598336 total
- age   4:    2387552 bytes,    9985888 total
: 153344K->11651K(153344K), 0.0243110 secs] 395353K->256123K(1031552K), 0.0244710 secs] [Times: user=0.05 sys=0.00, real=0.03 secs] 
2014-03-05T02:27:10.474+0000: 73096.459: [GC2014-03-05T02:27:10.474+0000: 73096.459: [ParNew
Desired survivor size 8716288 bytes, new threshold 4 (max 6)
- age   1:    2619512 bytes,    2619512 total
- age   2:    2469048 bytes,    5088560 total
- age   3:    2387624 bytes,    7476184 total
- age   4:    2386784 bytes,    9862968 total
: 147971K->17024K(153344K), 0.0249560 secs] 392443K->264022K(1031552K), 0.0251130 secs] [Times: user=0.05 sys=0.00, real=0.03 secs] 
2014-03-05T02:31:30.131+0000: 73356.116: [GC2014-03-05T02:31:30.132+0000: 73356.116: [ParNew
Desired survivor size 8716288 bytes, new threshold 4 (max 6)
- age   1:    2627960 bytes,    2627960 total
- age   2:    2394920 bytes,    5022880 total
- age   3:    2468328 bytes,    7491208 total
- age   4:    2387152 bytes,    9878360 total
: 153344K->11614K(153344K), 0.0245120 secs] 400342K->261067K(1031552K), 0.0246700 secs] [Times: user=0.06 sys=0.00, real=0.03 secs] 
2014-03-05T02:35:50.171+0000: 73616.156: [GC2014-03-05T02:35:50.171+0000: 73616.156: [ParNew
Desired survivor size 8716288 bytes, new threshold 4 (max 6)
- age   1:    2619760 bytes,    2619760 total
- age   2:    2427656 bytes,    5047416 total
- age   3:    2393280 bytes,    7440696 total
- age   4:    2388064 bytes,    9828760 total
: 147934K->17024K(153344K), 0.0257630 secs] 397387K->269078K(1031552K), 0.0259110 secs] [Times: user=0.05 sys=0.00, real=0.03 secs] 
2014-03-05T02:40:10.195+0000: 73876.179: [GC2014-03-05T02:40:10.195+0000: 73876.180: [ParNew
Desired survivor size 8716288 bytes, new threshold 4 (max 6)
- age   1:    2615840 bytes,    2615840 total
- age   2:    2468928 bytes,    5084768 total
- age   3:    2381568 bytes,    7466336 total
- age   4:    2392624 bytes,    9858960 total
: 153344K->11582K(153344K), 0.0248760 secs] 405398K->266092K(1031552K), 0.0250290 secs] [Times: user=0.05 sys=0.00, real=0.02 secs] 
2014-03-05T02:44:29.944+0000: 74135.929: [GC2014-03-05T02:44:29.944+0000: 74135.929: [ParNew
Desired survivor size 8716288 bytes, new threshold 4 (max 6)
- age   1:    2643088 bytes,    2643088 total
- age   2:    2439320 bytes,    5082408 total
- age   3:    2467632 bytes,    7550040 total
- age   4:    2380552 bytes,    9930592 total
: 147902K->13056K(153344K), 0.0246190 secs] 402412K->270025K(1031552K), 0.0247620 secs] [Times: user=0.06 sys=0.00, real=0.02 secs] 
2014-03-05T02:48:50.533+0000: 74396.518: [GC2014-03-05T02:48:50.533+0000: 74396.518: [ParNew
Desired survivor size 8716288 bytes, new threshold 4 (max 6)
- age   1:    2644360 bytes,    2644360 total
- age   2:    2468040 bytes,    5112400 total
- age   3:    2392984 bytes,    7505384 total
- age   4:    2387760 bytes,    9893144 total
: 149376K->14042K(153344K), 0.0245040 secs] 406345K->273460K(1031552K), 0.0246470 secs] [Times: user=0.05 sys=0.00, real=0.03 secs] 
2014-03-05T02:53:10.824+0000: 74656.809: [GC2014-03-05T02:53:10.824+0000: 74656.809: [ParNew
Desired survivor size 8716288 bytes, new threshold 4 (max 6)
- age   1:    2631216 bytes,    2631216 total
- age   2:    2388432 bytes,    5019648 total
- age   3:    2467360 bytes,    7487008 total
- age   4:    2392072 bytes,    9879080 total
: 150362K->14355K(153344K), 0.0249730 secs] 409780K->276228K(1031552K), 0.0251350 secs] [Times: user=0.05 sys=0.00, real=0.02 secs] 
2014-03-05T02:57:30.361+0000: 74916.346: [GC2014-03-05T02:57:30.361+0000: 74916.346: [ParNew
Desired survivor size 8716288 bytes, new threshold 4 (max 6)
- age   1:    2749784 bytes,    2749784 total
- age   2:    2388448 bytes,    5138232 total
- age   3:    2387592 bytes,    7525824 total
- age   4:    2466120 bytes,    9991944 total
: 150675K->14492K(153344K), 0.0250880 secs] 412548K->278824K(1031552K), 0.0252230 secs] [Times: user=0.05 sys=0.00, real=0.03 secs] 
2014-03-05T03:01:49.934+0000: 75175.919: [GC2014-03-05T03:01:49.934+0000: 75175.919: [ParNew
Desired survivor size 8716288 bytes, new threshold 4 (max 6)
- age   1:    2649968 bytes,    2649968 total
- age   2:    2468608 bytes,    5118576 total
- age   3:    2387096 bytes,    7505672 total
- age   4:    2387224 bytes,    9892896 total
: 150812K->14466K(153344K), 0.0245770 secs] 415144K->281253K(1031552K), 0.0247340 secs] [Times: user=0.06 sys=0.00, real=0.03 secs] 
2014-03-05T03:06:10.439+0000: 75436.424: [GC2014-03-05T03:06:10.440+0000: 75436.424: [ParNew
Desired survivor size 8716288 bytes, new threshold 4 (max 6)
- age   1:    2691896 bytes,    2691896 total
- age   2:    2389048 bytes,    5080944 total
- age   3:    2466656 bytes,    7547600 total
- age   4:    2386632 bytes,    9934232 total
: 150786K->14537K(153344K), 0.0250390 secs] 417573K->283778K(1031552K), 0.0252020 secs] [Times: user=0.05 sys=0.00, real=0.03 secs] 
2014-03-05T03:10:30.492+0000: 75696.477: [GC2014-03-05T03:10:30.492+0000: 75696.477: [ParNew
Desired survivor size 8716288 bytes, new threshold 4 (max 6)
- age   1:    2623952 bytes,    2623952 total
- age   2:    2477184 bytes,    5101136 total
- age   3:    2387880 bytes,    7489016 total
- age   4:    2387392 bytes,    9876408 total
: 150857K->14414K(153344K), 0.0241880 secs] 420098K->286108K(1031552K), 0.0243400 secs] [Times: user=0.06 sys=0.00, real=0.03 secs] 
2014-03-05T03:14:49.910+0000: 75955.895: [GC2014-03-05T03:14:49.911+0000: 75955.895: [ParNew
Desired survivor size 8716288 bytes, new threshold 4 (max 6)
- age   1:    2650664 bytes,    2650664 total
- age   2:    2388704 bytes,    5039368 total
- age   3:    2467200 bytes,    7506568 total
- age   4:    2387416 bytes,    9893984 total
: 150734K->14467K(153344K), 0.0242490 secs] 422428K->288615K(1031552K), 0.0244010 secs] [Times: user=0.05 sys=0.00, real=0.03 secs] 
2014-03-05T03:19:07.047+0000: 76213.032: [GC2014-03-05T03:19:07.047+0000: 76213.032: [ParNew
Desired survivor size 8716288 bytes, new threshold 4 (max 6)
- age   1:    2675872 bytes,    2675872 total
- age   2:    2418824 bytes,    5094696 total
- age   3:    2387600 bytes,    7482296 total
- age   4:    2426896 bytes,    9909192 total
: 150787K->14448K(153344K), 0.0243890 secs] 424935K->291051K(1031552K), 0.0245310 secs] [Times: user=0.05 sys=0.00, real=0.02 secs] 
2014-03-05T03:23:25.776+0000: 76471.761: [GC2014-03-05T03:23:25.776+0000: 76471.761: [ParNew
Desired survivor size 8716288 bytes, new threshold 4 (max 6)
- age   1:    2662592 bytes,    2662592 total
- age   2:    2417432 bytes,    5080024 total
- age   3:    2417656 bytes,    7497680 total
- age   4:    2386984 bytes,    9884664 total
: 150768K->14416K(153344K), 0.0243860 secs] 427371K->293474K(1031552K), 0.0245300 secs] [Times: user=0.05 sys=0.00, real=0.02 secs] 
2014-03-05T03:27:45.909+0000: 76731.894: [GC2014-03-05T03:27:45.909+0000: 76731.894: [ParNew
Desired survivor size 8716288 bytes, new threshold 4 (max 6)
- age   1:    2735984 bytes,    2735984 total
- age   2:    2364336 bytes,    5100320 total
- age   3:    2415776 bytes,    7516096 total
- age   4:    2416976 bytes,    9933072 total
: 150736K->14515K(153344K), 0.0245770 secs] 429794K->296027K(1031552K), 0.0247330 secs] [Times: user=0.05 sys=0.00, real=0.03 secs] 
2014-03-05T03:32:04.962+0000: 76990.947: [GC2014-03-05T03:32:04.962+0000: 76990.947: [ParNew
Desired survivor size 8716288 bytes, new threshold 4 (max 6)
- age   1:    2587824 bytes,    2587824 total
- age   2:    2514528 bytes,    5102352 total
- age   3:    2363360 bytes,    7465712 total
- age   4:    2375848 bytes,    9841560 total
: 150835K->14408K(153344K), 0.0243290 secs] 432347K->298365K(1031552K), 0.0244880 secs] [Times: user=0.05 sys=0.00, real=0.03 secs] 
2014-03-05T03:36:25.001+0000: 77250.986: [GC2014-03-05T03:36:25.001+0000: 77250.986: [ParNew
Desired survivor size 8716288 bytes, new threshold 4 (max 6)
- age   1:    2722240 bytes,    2722240 total
- age   2:    2388152 bytes,    5110392 total
- age   3:    2467280 bytes,    7577672 total
- age   4:    2362944 bytes,    9940616 total
: 150728K->14465K(153344K), 0.0246080 secs] 434685K->300865K(1031552K), 0.0247610 secs] [Times: user=0.05 sys=0.00, real=0.03 secs] 
2014-03-05T03:40:45.777+0000: 77511.762: [GC2014-03-05T03:40:45.777+0000: 77511.762: [ParNew
Desired survivor size 8716288 bytes, new threshold 4 (max 6)
- age   1:    2646480 bytes,    2646480 total
- age   2:    2469136 bytes,    5115616 total
- age   3:    2387624 bytes,    7503240 total
- age   4:    2387128 bytes,    9890368 total
: 150785K->14405K(153344K), 0.0246950 secs] 437185K->303235K(1031552K), 0.0248430 secs] [Times: user=0.05 sys=0.00, real=0.02 secs] 
2014-03-05T03:45:05.366+0000: 77771.351: [GC2014-03-05T03:45:05.366+0000: 77771.351: [ParNew
Desired survivor size 8716288 bytes, new threshold 4 (max 6)
- age   1:    2657744 bytes,    2657744 total
- age   2:    2389552 bytes,    5047296 total
- age   3:    2468032 bytes,    7515328 total
- age   4:    2387160 bytes,    9902488 total
: 150725K->17024K(153344K), 0.0246350 secs] 439555K->308378K(1031552K), 0.0247920 secs] [Times: user=0.04 sys=0.01, real=0.02 secs] 
2014-03-05T03:49:30.148+0000: 78036.132: [GC2014-03-05T03:49:30.148+0000: 78036.133: [ParNew
Desired survivor size 8716288 bytes, new threshold 4 (max 6)
- age   1:    2742376 bytes,    2742376 total
- age   2:    2388016 bytes,    5130392 total
- age   3:    2388784 bytes,    7519176 total
- age   4:    2466856 bytes,    9986032 total
: 153344K->12183K(153344K), 0.0245480 secs] 444698K->305992K(1031552K), 0.0246990 secs] [Times: user=0.06 sys=0.00, real=0.02 secs] 
2014-03-05T03:53:48.878+0000: 78294.863: [GC2014-03-05T03:53:48.878+0000: 78294.863: [ParNew
Desired survivor size 8716288 bytes, new threshold 4 (max 6)
- age   1:    2562184 bytes,    2562184 total
- age   2:    2513328 bytes,    5075512 total
- age   3:    2386352 bytes,    7461864 total
- age   4:    2388416 bytes,    9850280 total
: 148503K->17024K(153344K), 0.0245950 secs] 442312K->313359K(1031552K), 0.0247340 secs] [Times: user=0.05 sys=0.00, real=0.03 secs] 
2014-03-05T03:58:07.603+0000: 78553.588: [GC2014-03-05T03:58:07.603+0000: 78553.588: [ParNew
Desired survivor size 8716288 bytes, new threshold 4 (max 6)
- age   1:    2756256 bytes,    2756256 total
- age   2:    2362336 bytes,    5118592 total
- age   3:    2511624 bytes,    7630216 total
- age   4:    2385936 bytes,   10016152 total
: 153344K->11719K(153344K), 0.0249370 secs] 449679K->310510K(1031552K), 0.0251140 secs] [Times: user=0.05 sys=0.01, real=0.02 secs] 
2014-03-05T04:02:26.370+0000: 78812.355: [GC2014-03-05T04:02:26.371+0000: 78812.355: [ParNew
Desired survivor size 8716288 bytes, new threshold 4 (max 6)
- age   1:    2569376 bytes,    2569376 total
- age   2:    2462640 bytes,    5032016 total
- age   3:    2361096 bytes,    7393112 total
- age   4:    2432136 bytes,    9825248 total
: 148039K->17024K(153344K), 0.0247200 secs] 446830K->318337K(1031552K), 0.0248790 secs] [Times: user=0.05 sys=0.00, real=0.03 secs] 
2014-03-05T04:06:45.167+0000: 79071.151: [GC2014-03-05T04:06:45.167+0000: 79071.152: [ParNew
Desired survivor size 8716288 bytes, new threshold 4 (max 6)
- age   1:    2668920 bytes,    2668920 total
- age   2:    2378520 bytes,    5047440 total
- age   3:    2461776 bytes,    7509216 total
- age   4:    2360512 bytes,    9869728 total
: 153344K->11603K(153344K), 0.0245070 secs] 454657K->315417K(1031552K), 0.0246600 secs] [Times: user=0.05 sys=0.00, real=0.02 secs] 
2014-03-05T04:11:04.761+0000: 79330.745: [GC2014-03-05T04:11:04.761+0000: 79330.745: [ParNew
Desired survivor size 8716288 bytes, new threshold 4 (max 6)
- age   1:    2665824 bytes,    2665824 total
- age   2:    2387408 bytes,    5053232 total
- age   3:    2377352 bytes,    7430584 total
- age   4:    2381560 bytes,    9812144 total
: 147923K->17024K(153344K), 0.0246600 secs] 451737K->323414K(1031552K), 0.0248180 secs] [Times: user=0.05 sys=0.00, real=0.03 secs] 
2014-03-05T04:15:24.526+0000: 79590.511: [GC2014-03-05T04:15:24.526+0000: 79590.511: [ParNew
Desired survivor size 8716288 bytes, new threshold 4 (max 6)
- age   1:    2621216 bytes,    2621216 total
- age   2:    2458208 bytes,    5079424 total
- age   3:    2386480 bytes,    7465904 total
- age   4:    2376552 bytes,    9842456 total
: 153344K->11566K(153344K), 0.0246890 secs] 459734K->320405K(1031552K), 0.0248400 secs] [Times: user=0.06 sys=0.00, real=0.02 secs] 
2014-03-05T04:19:41.479+0000: 79847.463: [GC2014-03-05T04:19:41.479+0000: 79847.464: [ParNew
Desired survivor size 8716288 bytes, new threshold 4 (max 6)
- age   1:    2703600 bytes,    2703600 total
- age   2:    2398608 bytes,    5102208 total
- age   3:    2456248 bytes,    7558456 total
- age   4:    2385672 bytes,    9944128 total
: 147886K->13035K(153344K), 0.0244260 secs] 456725K->324317K(1031552K), 0.0245770 secs] [Times: user=0.04 sys=0.01, real=0.03 secs] 
2014-03-05T04:24:00.243+0000: 80106.228: [GC2014-03-05T04:24:00.243+0000: 80106.228: [ParNew
Desired survivor size 8716288 bytes, new threshold 4 (max 6)
- age   1:    2656160 bytes,    2656160 total
- age   2:    2424024 bytes,    5080184 total
- age   3:    2397424 bytes,    7477608 total
- age   4:    2376856 bytes,    9854464 total
: 149355K->14052K(153344K), 0.0243440 secs] 460637K->327788K(1031552K), 0.0244910 secs] [Times: user=0.05 sys=0.00, real=0.02 secs] 
2014-03-05T04:28:20.263+0000: 80366.248: [GC2014-03-05T04:28:20.263+0000: 80366.248: [ParNew
Desired survivor size 8716288 bytes, new threshold 4 (max 6)
- age   1:    2649328 bytes,    2649328 total
- age   2:    2392320 bytes,    5041648 total
- age   3:    2422376 bytes,    7464024 total
- age   4:    2396960 bytes,    9860984 total
: 150372K->14350K(153344K), 0.0243160 secs] 464108K->330529K(1031552K), 0.0244690 secs] [Times: user=0.05 sys=0.00, real=0.02 secs] 
2014-03-05T04:32:39.187+0000: 80625.171: [GC2014-03-05T04:32:39.187+0000: 80625.171: [ParNew
Desired survivor size 8716288 bytes, new threshold 4 (max 6)
- age   1:    2678864 bytes,    2678864 total
- age   2:    2428344 bytes,    5107208 total
- age   3:    2391128 bytes,    7498336 total
- age   4:    2382184 bytes,    9880520 total
: 150670K->14381K(153344K), 0.0246270 secs] 466849K->333026K(1031552K), 0.0247890 secs] [Times: user=0.06 sys=0.00, real=0.02 secs] 
2014-03-05T04:36:57.903+0000: 80883.888: [GC2014-03-05T04:36:57.903+0000: 80883.888: [ParNew
Desired survivor size 8716288 bytes, new threshold 4 (max 6)
- age   1:    2604224 bytes,    2604224 total
- age   2:    2429184 bytes,    5033408 total
- age   3:    2427336 bytes,    7460744 total
- age   4:    2390280 bytes,    9851024 total
: 150701K->14371K(153344K), 0.0241450 secs] 469346K->335424K(1031552K), 0.0243070 secs] [Times: user=0.04 sys=0.01, real=0.02 secs] 
2014-03-05T04:41:15.108+0000: 81141.093: [GC2014-03-05T04:41:15.108+0000: 81141.093: [ParNew
Desired survivor size 8716288 bytes, new threshold 4 (max 6)
- age   1:    2739176 bytes,    2739176 total
- age   2:    2360000 bytes,    5099176 total
- age   3:    2427440 bytes,    7526616 total
- age   4:    2426848 bytes,    9953464 total
: 150691K->14466K(153344K), 0.0248750 secs] 471744K->337977K(1031552K), 0.0250380 secs] [Times: user=0.06 sys=0.00, real=0.02 secs] 
2014-03-05T04:45:33.825+0000: 81399.810: [GC2014-03-05T04:45:33.826+0000: 81399.810: [ParNew
Desired survivor size 8716288 bytes, new threshold 4 (max 6)
- age   1:    2642368 bytes,    2642368 total
- age   2:    2450976 bytes,    5093344 total
- age   3:    2359104 bytes,    7452448 total
- age   4:    2387512 bytes,    9839960 total
: 150786K->14418K(153344K), 0.0255630 secs] 474297K->340384K(1031552K), 0.0257040 secs] [Times: user=0.05 sys=0.00, real=0.02 secs] 
2014-03-05T04:49:52.547+0000: 81658.532: [GC2014-03-05T04:49:52.547+0000: 81658.532: [ParNew
Desired survivor size 8716288 bytes, new threshold 4 (max 6)
- age   1:    2712720 bytes,    2712720 total
- age   2:    2367968 bytes,    5080688 total
- age   3:    2449056 bytes,    7529744 total
- age   4:    2358688 bytes,    9888432 total
: 150738K->14466K(153344K), 0.0251790 secs] 476704K->342887K(1031552K), 0.0253190 secs] [Times: user=0.05 sys=0.00, real=0.02 secs] 
2014-03-05T04:54:11.291+0000: 81917.276: [GC2014-03-05T04:54:11.291+0000: 81917.276: [ParNew
Desired survivor size 8716288 bytes, new threshold 4 (max 6)
- age   1:    2593520 bytes,    2593520 total
- age   2:    2467344 bytes,    5060864 total
- age   3:    2366840 bytes,    7427704 total
- age   4:    2369360 bytes,    9797064 total
: 150786K->17024K(153344K), 0.0248910 secs] 479207K->347940K(1031552K), 0.0250560 secs] [Times: user=0.05 sys=0.00, real=0.03 secs] 
2014-03-05T04:58:30.471+0000: 82176.456: [GC2014-03-05T04:58:30.471+0000: 82176.456: [ParNew
Desired survivor size 8716288 bytes, new threshold 4 (max 6)
- age   1:    2647928 bytes,    2647928 total
- age   2:    2377608 bytes,    5025536 total
- age   3:    2454488 bytes,    7480024 total
- age   4:    2366584 bytes,    9846608 total
: 153344K->12004K(153344K), 0.0242110 secs] 484260K->345357K(1031552K), 0.0243610 secs] [Times: user=0.05 sys=0.00, real=0.03 secs] 
2014-03-05T05:02:49.071+0000: 82435.056: [GC2014-03-05T05:02:49.071+0000: 82435.056: [ParNew
Desired survivor size 8716288 bytes, new threshold 4 (max 6)
- age   1:    2641872 bytes,    2641872 total
- age   2:    2393392 bytes,    5035264 total
- age   3:    2376008 bytes,    7411272 total
- age   4:    2374560 bytes,    9785832 total
: 148324K->17024K(153344K), 0.0244240 secs] 481677K->352957K(1031552K), 0.0245620 secs] [Times: user=0.05 sys=0.00, real=0.03 secs] 
2014-03-05T05:07:07.498+0000: 82693.482: [GC2014-03-05T05:07:07.498+0000: 82693.482: [ParNew
Desired survivor size 8716288 bytes, new threshold 4 (max 6)
- age   1:    2620016 bytes,    2620016 total
- age   2:    2453440 bytes,    5073456 total
- age   3:    2392544 bytes,    7466000 total
- age   4:    2375544 bytes,    9841544 total
: 153344K->11563K(153344K), 0.0252230 secs] 489277K->349938K(1031552K), 0.0253880 secs] [Times: user=0.06 sys=0.00, real=0.03 secs] 
2014-03-05T05:11:26.295+0000: 82952.280: [GC2014-03-05T05:11:26.296+0000: 82952.280: [ParNew
Desired survivor size 8716288 bytes, new threshold 4 (max 6)
- age   1:    2657664 bytes,    2657664 total
- age   2:    2372488 bytes,    5030152 total
- age   3:    2371832 bytes,    7401984 total
- age   4:    2392024 bytes,    9794008 total
: 147883K->17024K(153344K), 0.0246690 secs] 486258K->357989K(1031552K), 0.0248210 secs] [Times: user=0.05 sys=0.00, real=0.02 secs] 
2014-03-05T05:15:45.049+0000: 83211.034: [GC2014-03-05T05:15:45.049+0000: 83211.034: [ParNew
Desired survivor size 8716288 bytes, new threshold 4 (max 6)
- age   1:    2654920 bytes,    2654920 total
- age   2:    2450336 bytes,    5105256 total
- age   3:    2371680 bytes,    7476936 total
- age   4:    2371272 bytes,    9848208 total
: 153344K->14407K(153344K), 0.0258470 secs] 494309K->357831K(1031552K), 0.0260010 secs] [Times: user=0.05 sys=0.00, real=0.03 secs] 
2014-03-05T05:20:04.450+0000: 83470.435: [GC2014-03-05T05:20:04.450+0000: 83470.435: [ParNew
Desired survivor size 8716288 bytes, new threshold 4 (max 6)
- age   1:    2519784 bytes,    2519784 total
- age   2:    2433608 bytes,    4953392 total
- age   3:    2449232 bytes,    7402624 total
- age   4:    2371408 bytes,    9774032 total
: 150727K->17024K(153344K), 0.0244550 secs] 494151K->362955K(1031552K), 0.0246060 secs] [Times: user=0.05 sys=0.01, real=0.03 secs] 
2014-03-05T05:24:24.519+0000: 83730.504: [GC2014-03-05T05:24:24.519+0000: 83730.504: [ParNew
Desired survivor size 8716288 bytes, new threshold 4 (max 6)
- age   1:    2650696 bytes,    2650696 total
- age   2:    2388960 bytes,    5039656 total
- age   3:    2432960 bytes,    7472616 total
- age   4:    2447976 bytes,    9920592 total
: 153344K->11602K(153344K), 0.0244190 secs] 499275K->359971K(1031552K), 0.0245650 secs] [Times: user=0.04 sys=0.01, real=0.03 secs] 
2014-03-05T05:28:41.694+0000: 83987.679: [GC2014-03-05T05:28:41.694+0000: 83987.679: [ParNew
Desired survivor size 8716288 bytes, new threshold 4 (max 6)
- age   1:    2538176 bytes,    2538176 total
- age   2:    2467616 bytes,    5005792 total
- age   3:    2388288 bytes,    7394080 total
- age   4:    2386384 bytes,    9780464 total
: 147922K->17024K(153344K), 0.0259580 secs] 496291K->367899K(1031552K), 0.0261110 secs] [Times: user=0.05 sys=0.00, real=0.02 secs] 
2014-03-05T05:33:00.232+0000: 84246.217: [GC2014-03-05T05:33:00.232+0000: 84246.217: [ParNew
Desired survivor size 8716288 bytes, new threshold 4 (max 6)
- age   1:    2684872 bytes,    2684872 total
- age   2:    2348376 bytes,    5033248 total
- age   3:    2466328 bytes,    7499576 total
- age   4:    2387776 bytes,    9887352 total
: 153344K->11604K(153344K), 0.0242720 secs] 504219K->364933K(1031552K), 0.0244180 secs] [Times: user=0.06 sys=0.00, real=0.03 secs] 
2014-03-05T05:37:20.706+0000: 84506.691: [GC2014-03-05T05:37:20.706+0000: 84506.691: [ParNew
Desired survivor size 8716288 bytes, new threshold 4 (max 6)
- age   1:    2538520 bytes,    2538520 total
- age   2:    2462584 bytes,    5001104 total
- age   3:    2347152 bytes,    7348256 total
- age   4:    2387080 bytes,    9735336 total
: 147924K->17024K(153344K), 0.0242390 secs] 501253K->372876K(1031552K), 0.0243910 secs] [Times: user=0.05 sys=0.00, real=0.02 secs] 
2014-03-05T05:41:40.809+0000: 84766.794: [GC2014-03-05T05:41:40.809+0000: 84766.794: [ParNew
Desired survivor size 8716288 bytes, new threshold 4 (max 6)
- age   1:    2645368 bytes,    2645368 total
- age   2:    2388976 bytes,    5034344 total
- age   3:    2462008 bytes,    7496352 total
- age   4:    2346896 bytes,    9843248 total
: 153344K->11482K(153344K), 0.0241070 secs] 509196K->369790K(1031552K), 0.0242530 secs] [Times: user=0.06 sys=0.00, real=0.02 secs] 
2014-03-05T05:45:59.005+0000: 85024.990: [GC2014-03-05T05:45:59.005+0000: 85024.990: [ParNew
Desired survivor size 8716288 bytes, new threshold 4 (max 6)
- age   1:    2605392 bytes,    2605392 total
- age   2:    2439832 bytes,    5045224 total
- age   3:    2387488 bytes,    7432712 total
- age   4:    2382128 bytes,    9814840 total
: 147802K->17024K(153344K), 0.0244140 secs] 506110K->377892K(1031552K), 0.0245580 secs] [Times: user=0.05 sys=0.00, real=0.02 secs] 
2014-03-05T05:50:17.755+0000: 85283.739: [GC2014-03-05T05:50:17.755+0000: 85283.740: [ParNew
Desired survivor size 8716288 bytes, new threshold 4 (max 6)
- age   1:    2617696 bytes,    2617696 total
- age   2:    2447320 bytes,    5065016 total
- age   3:    2393744 bytes,    7458760 total
- age   4:    2386928 bytes,    9845688 total
: 153344K->11549K(153344K), 0.0244680 secs] 514212K->374866K(1031552K), 0.0246370 secs] [Times: user=0.05 sys=0.00, real=0.02 secs] 
2014-03-05T05:54:36.494+0000: 85542.479: [GC2014-03-05T05:54:36.494+0000: 85542.479: [ParNew
Desired survivor size 8716288 bytes, new threshold 4 (max 6)
- age   1:    2613232 bytes,    2613232 total
- age   2:    2407264 bytes,    5020496 total
- age   3:    2367016 bytes,    7387512 total
- age   4:    2392600 bytes,    9780112 total
: 147869K->17024K(153344K), 0.0246770 secs] 511186K->382941K(1031552K), 0.0248320 secs] [Times: user=0.05 sys=0.00, real=0.03 secs] 
2014-03-05T05:58:55.527+0000: 85801.512: [GC2014-03-05T05:58:55.527+0000: 85801.512: [ParNew
Desired survivor size 8716288 bytes, new threshold 4 (max 6)
- age   1:    2711784 bytes,    2711784 total
- age   2:    2464896 bytes,    5176680 total
- age   3:    2361520 bytes,    7538200 total
- age   4:    2366440 bytes,    9904640 total
: 153344K->11531K(153344K), 0.0244840 secs] 519261K->379909K(1031552K), 0.0246440 secs] [Times: user=0.05 sys=0.00, real=0.02 secs] 
2014-03-05T06:03:14.049+0000: 86060.033: [GC2014-03-05T06:03:14.049+0000: 86060.034: [ParNew
Desired survivor size 8716288 bytes, new threshold 4 (max 6)
- age   1:    2673184 bytes,    2673184 total
- age   2:    2394720 bytes,    5067904 total
- age   3:    2384304 bytes,    7452208 total
- age   4:    2360608 bytes,    9812816 total
: 147851K->17024K(153344K), 0.0260200 secs] 516229K->387983K(1031552K), 0.0261840 secs] [Times: user=0.06 sys=0.00, real=0.03 secs] 
2014-03-05T06:07:32.848+0000: 86318.833: [GC2014-03-05T06:07:32.848+0000: 86318.833: [ParNew
Desired survivor size 8716288 bytes, new threshold 4 (max 6)
- age   1:    2627480 bytes,    2627480 total
- age   2:    2442392 bytes,    5069872 total
- age   3:    2394120 bytes,    7463992 total
- age   4:    2383816 bytes,    9847808 total
: 153344K->11573K(153344K), 0.0267720 secs] 524303K->384961K(1031552K), 0.0269510 secs] [Times: user=0.04 sys=0.00, real=0.03 secs] 
2014-03-05T06:11:51.632+0000: 86577.617: [GC2014-03-05T06:11:51.633+0000: 86577.617: [ParNew
Desired survivor size 8716288 bytes, new threshold 4 (max 6)
- age   1:    2559496 bytes,    2559496 total
- age   2:    2370816 bytes,    4930312 total
- age   3:    2441312 bytes,    7371624 total
- age   4:    2393704 bytes,    9765328 total
: 147893K->17024K(153344K), 0.0250260 secs] 521281K->392931K(1031552K), 0.0251850 secs] [Times: user=0.06 sys=0.00, real=0.03 secs] 
2014-03-05T06:16:10.432+0000: 86836.416: [GC2014-03-05T06:16:10.432+0000: 86836.416: [ParNew
Desired survivor size 8716288 bytes, new threshold 4 (max 6)
- age   1:    2784184 bytes,    2784184 total
- age   2:    2392792 bytes,    5176976 total
- age   3:    2369888 bytes,    7546864 total
- age   4:    2439768 bytes,    9986632 total
: 153344K->11599K(153344K), 0.0254550 secs] 529251K->389968K(1031552K), 0.0256150 secs] [Times: user=0.06 sys=0.00, real=0.03 secs] 
2014-03-05T06:20:30.067+0000: 87096.052: [GC2014-03-05T06:20:30.067+0000: 87096.052: [ParNew
Desired survivor size 8716288 bytes, new threshold 4 (max 6)
- age   1:    2553272 bytes,    2553272 total
- age   2:    2468080 bytes,    5021352 total
- age   3:    2383296 bytes,    7404648 total
- age   4:    2369536 bytes,    9774184 total
: 147919K->17024K(153344K), 0.0244240 secs] 526288K->397890K(1031552K), 0.0245800 secs] [Times: user=0.04 sys=0.00, real=0.02 secs] 
2014-03-05T06:24:50.056+0000: 87356.040: [GC2014-03-05T06:24:50.056+0000: 87356.041: [ParNew
Desired survivor size 8716288 bytes, new threshold 4 (max 6)
- age   1:    2690120 bytes,    2690120 total
- age   2:    2389352 bytes,    5079472 total
- age   3:    2466568 bytes,    7546040 total
- age   4:    2383024 bytes,    9929064 total
: 153344K->11623K(153344K), 0.0246310 secs] 534210K->394925K(1031552K), 0.0247870 secs] [Times: user=0.05 sys=0.00, real=0.02 secs] 
2014-03-05T06:29:09.636+0000: 87615.621: [GC2014-03-05T06:29:09.636+0000: 87615.621: [ParNew
Desired survivor size 8716288 bytes, new threshold 4 (max 6)
- age   1:    2492400 bytes,    2492400 total
- age   2:    2514288 bytes,    5006688 total
- age   3:    2388248 bytes,    7394936 total
- age   4:    2387128 bytes,    9782064 total
: 147943K->17024K(153344K), 0.0254640 secs] 531245K->402847K(1031552K), 0.0256420 secs] [Times: user=0.05 sys=0.00, real=0.03 secs] 
2014-03-05T06:33:27.106+0000: 87873.091: [GC2014-03-05T06:33:27.106+0000: 87873.091: [ParNew
Desired survivor size 8716288 bytes, new threshold 4 (max 6)
- age   1:    2630872 bytes,    2630872 total
- age   2:    2359544 bytes,    4990416 total
- age   3:    2468080 bytes,    7458496 total
- age   4:    2387608 bytes,    9846104 total
: 153344K->11532K(153344K), 0.0244960 secs] 539167K->399810K(1031552K), 0.0246450 secs] [Times: user=0.05 sys=0.00, real=0.02 secs] 
2014-03-05T06:37:45.270+0000: 88131.255: [GC2014-03-05T06:37:45.270+0000: 88131.255: [ParNew
Desired survivor size 8716288 bytes, new threshold 4 (max 6)
- age   1:    2635960 bytes,    2635960 total
- age   2:    2376504 bytes,    5012464 total
- age   3:    2358792 bytes,    7371256 total
- age   4:    2387480 bytes,    9758736 total
: 147852K->17024K(153344K), 0.0244240 secs] 536130K->407904K(1031552K), 0.0245840 secs] [Times: user=0.06 sys=0.00, real=0.03 secs] 
2014-03-05T06:42:05.253+0000: 88391.238: [GC2014-03-05T06:42:05.253+0000: 88391.238: [ParNew
Desired survivor size 8716288 bytes, new threshold 4 (max 6)
- age   1:    2612528 bytes,    2612528 total
- age   2:    2462560 bytes,    5075088 total
- age   3:    2375920 bytes,    7451008 total
- age   4:    2358664 bytes,    9809672 total
: 153344K->11513K(153344K), 0.0245400 secs] 544224K->404849K(1031552K), 0.0246870 secs] [Times: user=0.05 sys=0.00, real=0.03 secs] 
2014-03-05T06:46:25.753+0000: 88651.738: [GC2014-03-05T06:46:25.753+0000: 88651.738: [ParNew
Desired survivor size 8716288 bytes, new threshold 4 (max 6)
- age   1:    2573192 bytes,    2573192 total
- age   2:    2434568 bytes,    5007760 total
- age   3:    2381736 bytes,    7389496 total
- age   4:    2375456 bytes,    9764952 total
: 147833K->17024K(153344K), 0.0242990 secs] 541169K->412933K(1031552K), 0.0244520 secs] [Times: user=0.06 sys=0.00, real=0.03 secs] 
2014-03-05T06:50:43.985+0000: 88909.970: [GC2014-03-05T06:50:43.985+0000: 88909.970: [ParNew
Desired survivor size 8716288 bytes, new threshold 4 (max 6)
- age   1:    2628128 bytes,    2628128 total
- age   2:    2468896 bytes,    5097024 total
- age   3:    2388216 bytes,    7485240 total
- age   4:    2380960 bytes,    9866200 total
: 153344K->11503K(153344K), 0.0242570 secs] 549253K->409855K(1031552K), 0.0244090 secs] [Times: user=0.05 sys=0.00, real=0.02 secs] 
2014-03-05T06:55:00.433+0000: 89166.418: [GC2014-03-05T06:55:00.433+0000: 89166.418: [ParNew
Desired survivor size 8716288 bytes, new threshold 4 (max 6)
- age   1:    2607328 bytes,    2607328 total
- age   2:    2388656 bytes,    4995984 total
- age   3:    2468120 bytes,    7464104 total
- age   4:    2387224 bytes,    9851328 total
: 147823K->12979K(153344K), 0.0244700 secs] 546175K->413778K(1031552K), 0.0246280 secs] [Times: user=0.06 sys=0.00, real=0.03 secs] 
2014-03-05T06:59:15.909+0000: 89421.894: [GC2014-03-05T06:59:15.909+0000: 89421.894: [ParNew
Desired survivor size 8716288 bytes, new threshold 4 (max 6)
- age   1:    2711368 bytes,    2711368 total
- age   2:    2342616 bytes,    5053984 total
- age   3:    2387288 bytes,    7441272 total
- age   4:    2466960 bytes,    9908232 total
: 149299K->14123K(153344K), 0.0258440 secs] 550098K->417377K(1031552K), 0.0260050 secs] [Times: user=0.05 sys=0.00, real=0.03 secs] 
2014-03-05T07:03:30.715+0000: 89676.700: [GC2014-03-05T07:03:30.715+0000: 89676.700: [ParNew
Desired survivor size 8716288 bytes, new threshold 4 (max 6)
- age   1:    2640576 bytes,    2640576 total
- age   2:    2422840 bytes,    5063416 total
- age   3:    2341672 bytes,    7405088 total
- age   4:    2386792 bytes,    9791880 total
: 150443K->14279K(153344K), 0.0246360 secs] 553697K->419989K(1031552K), 0.0248010 secs] [Times: user=0.05 sys=0.00, real=0.02 secs] 
2014-03-05T07:07:46.427+0000: 89932.411: [GC2014-03-05T07:07:46.427+0000: 89932.411: [ParNew
Desired survivor size 8716288 bytes, new threshold 4 (max 6)
- age   1:    2667928 bytes,    2667928 total
- age   2:    2343144 bytes,    5011072 total
- age   3:    2420792 bytes,    7431864 total
- age   4:    2341304 bytes,    9773168 total
: 150599K->14375K(153344K), 0.0242520 secs] 556309K->422539K(1031552K), 0.0244210 secs] [Times: user=0.05 sys=0.00, real=0.02 secs] 
2014-03-05T07:11:44.165+0000: 90170.150: [GC2014-03-05T07:11:44.165+0000: 90170.150: [ParNew
Desired survivor size 8716288 bytes, new threshold 4 (max 6)
- age   1:    2688136 bytes,    2688136 total
- age   2:    2422448 bytes,    5110584 total
- age   3:    2342112 bytes,    7452696 total
- age   4:    2341400 bytes,    9794096 total
: 150695K->14275K(153344K), 0.0243920 secs] 558859K->424847K(1031552K), 0.0245450 secs] [Times: user=0.05 sys=0.00, real=0.02 secs] 
2014-03-05T07:15:50.477+0000: 90416.462: [GC2014-03-05T07:15:50.477+0000: 90416.462: [ParNew
Desired survivor size 8716288 bytes, new threshold 4 (max 6)
- age   1:    2615232 bytes,    2615232 total
- age   2:    2209192 bytes,    4824424 total
- age   3:    2421424 bytes,    7245848 total
- age   4:    2341592 bytes,    9587440 total
: 150595K->14225K(153344K), 0.0241490 secs] 561167K->427203K(1031552K), 0.0243020 secs] [Times: user=0.05 sys=0.00, real=0.02 secs] 
2014-03-05T07:20:06.558+0000: 90672.542: [GC2014-03-05T07:20:06.558+0000: 90672.542: [ParNew
Desired survivor size 8716288 bytes, new threshold 4 (max 6)
- age   1:    2602576 bytes,    2602576 total
- age   2:    2326360 bytes,    4928936 total
- age   3:    2208296 bytes,    7137232 total
- age   4:    2420520 bytes,    9557752 total
: 150545K->14002K(153344K), 0.0245070 secs] 563523K->429389K(1031552K), 0.0246610 secs] [Times: user=0.05 sys=0.00, real=0.03 secs] 
2014-03-05T07:24:17.731+0000: 90923.715: [GC2014-03-05T07:24:17.731+0000: 90923.716: [ParNew
Desired survivor size 8716288 bytes, new threshold 4 (max 6)
- age   1:    2661832 bytes,    2661832 total
- age   2:    2382968 bytes,    5044800 total
- age   3:    2276632 bytes,    7321432 total
- age   4:    2207264 bytes,    9528696 total
: 150322K->9362K(153344K), 0.0240800 secs] 565709K->427234K(1031552K), 0.0253300 secs] [Times: user=0.05 sys=0.00, real=0.03 secs] 
2014-03-05T07:28:25.928+0000: 91171.913: [GC2014-03-05T07:28:25.928+0000: 91171.913: [ParNew
Desired survivor size 8716288 bytes, new threshold 4 (max 6)
- age   1:    2669352 bytes,    2669352 total
- age   2:    2314104 bytes,    4983456 total
- age   3:    2382232 bytes,    7365688 total
- age   4:    2275368 bytes,    9641056 total
: 145682K->13936K(153344K), 0.0237280 secs] 563554K->434076K(1031552K), 0.0238720 secs] [Times: user=0.05 sys=0.00, real=0.02 secs] 
2014-03-05T07:32:35.916+0000: 91421.901: [GC2014-03-05T07:32:35.916+0000: 91421.901: [ParNew
Desired survivor size 8716288 bytes, new threshold 4 (max 6)
- age   1:    2582272 bytes,    2582272 total
- age   2:    2342488 bytes,    4924760 total
- age   3:    2302232 bytes,    7226992 total
- age   4:    2381624 bytes,    9608616 total
: 150256K->14030K(153344K), 0.0241310 secs] 570396K->436508K(1031552K), 0.0242880 secs] [Times: user=0.05 sys=0.00, real=0.02 secs] 
2014-03-05T07:36:48.382+0000: 91674.367: [GC2014-03-05T07:36:48.382+0000: 91674.367: [ParNew
Desired survivor size 8716288 bytes, new threshold 4 (max 6)
- age   1:    2703024 bytes,    2703024 total
- age   2:    2315136 bytes,    5018160 total
- age   3:    2296424 bytes,    7314584 total
- age   4:    2301304 bytes,    9615888 total
: 150350K->14006K(153344K), 0.0242790 secs] 572828K->438932K(1031552K), 0.0244210 secs] [Times: user=0.05 sys=0.00, real=0.02 secs] 
2014-03-05T07:40:59.142+0000: 91925.127: [GC2014-03-05T07:40:59.142+0000: 91925.127: [ParNew
Desired survivor size 8716288 bytes, new threshold 4 (max 6)
- age   1:    2678712 bytes,    2678712 total
- age   2:    2418392 bytes,    5097104 total
- age   3:    2303368 bytes,    7400472 total
- age   4:    2295480 bytes,    9695952 total
: 150326K->14036K(153344K), 0.0241330 secs] 575252K->441327K(1031552K), 0.0243030 secs] [Times: user=0.05 sys=0.00, real=0.02 secs] 
2014-03-05T07:45:15.153+0000: 92181.138: [GC2014-03-05T07:45:15.153+0000: 92181.138: [ParNew
Desired survivor size 8716288 bytes, new threshold 4 (max 6)
- age   1:    2533712 bytes,    2533712 total
- age   2:    2360808 bytes,    4894520 total
- age   3:    2417616 bytes,    7312136 total
- age   4:    2302968 bytes,    9615104 total
: 150356K->14104K(153344K), 0.0242330 secs] 577647K->443755K(1031552K), 0.0243910 secs] [Times: user=0.05 sys=0.00, real=0.03 secs] 
2014-03-05T07:48:59.983+0000: 92405.968: [GC2014-03-05T07:48:59.983+0000: 92405.968: [ParNew
Desired survivor size 8716288 bytes, new threshold 4 (max 6)
- age   1:    3035608 bytes,    3035608 total
- age   2:    2341896 bytes,    5377504 total
- age   3:    2308488 bytes,    7685992 total
- age   4:    2417008 bytes,   10103000 total
: 150424K->17024K(153344K), 0.0255620 secs] 580075K->449212K(1031552K), 0.0257170 secs] [Times: user=0.04 sys=0.00, real=0.02 secs] 
2014-03-05T07:52:52.205+0000: 92638.189: [GC2014-03-05T07:52:52.205+0000: 92638.189: [ParNew
Desired survivor size 8716288 bytes, new threshold 4 (max 6)
- age   1:    2583704 bytes,    2583704 total
- age   2:    2775552 bytes,    5359256 total
- age   3:    2341512 bytes,    7700768 total
- age   4:    2308000 bytes,   10008768 total
: 153344K->12239K(153344K), 0.0249820 secs] 585532K->446908K(1031552K), 0.0251300 secs] [Times: user=0.05 sys=0.00, real=0.02 secs] 
2014-03-05T07:56:54.656+0000: 92880.641: [GC2014-03-05T07:56:54.656+0000: 92880.641: [ParNew
Desired survivor size 8716288 bytes, new threshold 4 (max 6)
- age   1:    2450864 bytes,    2450864 total
- age   2:    2126056 bytes,    4576920 total
- age   3:    2678592 bytes,    7255512 total
- age   4:    2341160 bytes,    9596672 total
: 148559K->17024K(153344K), 0.0248410 secs] 583228K->454275K(1031552K), 0.0249890 secs] [Times: user=0.06 sys=0.00, real=0.02 secs] 
2014-03-05T08:00:25.909+0000: 93091.894: [GC2014-03-05T08:00:25.909+0000: 93091.894: [ParNew
Desired survivor size 8716288 bytes, new threshold 4 (max 6)
- age   1:    2544232 bytes,    2544232 total
- age   2:    2248424 bytes,    4792656 total
- age   3:    2125544 bytes,    6918200 total
- age   4:    2678008 bytes,    9596208 total
: 153344K->11459K(153344K), 0.0246470 secs] 590595K->451118K(1031552K), 0.0247970 secs] [Times: user=0.05 sys=0.00, real=0.03 secs] 
2014-03-05T08:04:29.574+0000: 93335.559: [GC2014-03-05T08:04:29.574+0000: 93335.559: [ParNew
Desired survivor size 8716288 bytes, new threshold 4 (max 6)
- age   1:    2596904 bytes,    2596904 total
- age   2:    2257640 bytes,    4854544 total
- age   3:    2231664 bytes,    7086208 total
- age   4:    2124920 bytes,    9211128 total
: 147779K->12715K(153344K), 0.0250100 secs] 587438K->455075K(1031552K), 0.0251620 secs] [Times: user=0.05 sys=0.00, real=0.02 secs] 
2014-03-05T08:07:52.964+0000: 93538.949: [GC2014-03-05T08:07:52.964+0000: 93538.949: [ParNew
Desired survivor size 8716288 bytes, new threshold 4 (max 6)
- age   1:    2381864 bytes,    2381864 total
- age   2:    2295624 bytes,    4677488 total
- age   3:    2257392 bytes,    6934880 total
- age   4:    2230408 bytes,    9165288 total
: 149035K->13352K(153344K), 0.0238630 secs] 591395K->457895K(1031552K), 0.0240170 secs] [Times: user=0.05 sys=0.00, real=0.02 secs] 
2014-03-05T08:12:00.124+0000: 93786.109: [GC2014-03-05T08:12:00.125+0000: 93786.109: [ParNew
Desired survivor size 8716288 bytes, new threshold 4 (max 6)
- age   1:    2619760 bytes,    2619760 total
- age   2:    1913848 bytes,    4533608 total
- age   3:    2293624 bytes,    6827232 total
- age   4:    2256848 bytes,    9084080 total
: 149672K->13204K(153344K), 0.0239300 secs] 594215K->460040K(1031552K), 0.0240810 secs] [Times: user=0.06 sys=0.00, real=0.02 secs] 
2014-03-05T08:15:48.772+0000: 94014.757: [GC2014-03-05T08:15:48.772+0000: 94014.757: [ParNew
Desired survivor size 8716288 bytes, new threshold 4 (max 6)
- age   1:    2831032 bytes,    2831032 total
- age   2:    2334256 bytes,    5165288 total
- age   3:    1900304 bytes,    7065592 total
- age   4:    2292528 bytes,    9358120 total
: 149524K->13290K(153344K), 0.0239650 secs] 596360K->462438K(1031552K), 0.0241360 secs] [Times: user=0.06 sys=0.00, real=0.03 secs] 
2014-03-05T08:19:59.649+0000: 94265.634: [GC2014-03-05T08:19:59.649+0000: 94265.634: [ParNew
Desired survivor size 8716288 bytes, new threshold 4 (max 6)
- age   1:    2589840 bytes,    2589840 total
- age   2:    2464424 bytes,    5054264 total
- age   3:    2300416 bytes,    7354680 total
- age   4:    1899712 bytes,    9254392 total
: 149610K->13473K(153344K), 0.0236380 secs] 598758K->464977K(1031552K), 0.0237900 secs] [Times: user=0.05 sys=0.00, real=0.02 secs] 
2014-03-05T08:24:02.780+0000: 94508.764: [GC2014-03-05T08:24:02.780+0000: 94508.765: [ParNew
Desired survivor size 8716288 bytes, new threshold 4 (max 6)
- age   1:    2596768 bytes,    2596768 total
- age   2:    2306424 bytes,    4903192 total
- age   3:    2432120 bytes,    7335312 total
- age   4:    2287000 bytes,    9622312 total
: 149793K->13845K(153344K), 0.0232930 secs] 601297K->467299K(1031552K), 0.0234770 secs] [Times: user=0.05 sys=0.00, real=0.03 secs] 
2014-03-05T08:28:02.786+0000: 94748.771: [GC2014-03-05T08:28:02.786+0000: 94748.771: [ParNew
Desired survivor size 8716288 bytes, new threshold 4 (max 6)
- age   1:    2571072 bytes,    2571072 total
- age   2:    2283488 bytes,    4854560 total
- age   3:    2305408 bytes,    7159968 total
- age   4:    2113912 bytes,    9273880 total
: 150165K->13565K(153344K), 0.0242760 secs] 603619K->469370K(1031552K), 0.0244440 secs] [Times: user=0.05 sys=0.00, real=0.02 secs] 
2014-03-05T08:32:09.455+0000: 94995.440: [GC2014-03-05T08:32:09.455+0000: 94995.440: [ParNew
Desired survivor size 8716288 bytes, new threshold 4 (max 6)
- age   1:    2642936 bytes,    2642936 total
- age   2:    2178360 bytes,    4821296 total
- age   3:    2282016 bytes,    7103312 total
- age   4:    2304912 bytes,    9408224 total
: 149885K->13498K(153344K), 0.0240210 secs] 605690K->471476K(1031552K), 0.0241960 secs] [Times: user=0.04 sys=0.00, real=0.02 secs] 
2014-03-05T08:36:20.916+0000: 95246.901: [GC2014-03-05T08:36:20.916+0000: 95246.901: [ParNew
Desired survivor size 8716288 bytes, new threshold 4 (max 6)
- age   1:    2602592 bytes,    2602592 total
- age   2:    2334672 bytes,    4937264 total
- age   3:    2176648 bytes,    7113912 total
- age   4:    2280840 bytes,    9394752 total
: 149818K->13685K(153344K), 0.0238760 secs] 607796K->474032K(1031552K), 0.0240350 secs] [Times: user=0.05 sys=0.00, real=0.02 secs] 
2014-03-05T08:40:28.819+0000: 95494.803: [GC2014-03-05T08:40:28.819+0000: 95494.803: [ParNew
Desired survivor size 8716288 bytes, new threshold 4 (max 6)
- age   1:    2605240 bytes,    2605240 total
- age   2:    2396904 bytes,    5002144 total
- age   3:    2287512 bytes,    7289656 total
- age   4:    2175056 bytes,    9464712 total
: 150005K->13676K(153344K), 0.0237650 secs] 610352K->476327K(1031552K), 0.0239150 secs] [Times: user=0.05 sys=0.00, real=0.03 secs] 
2014-03-05T08:44:14.296+0000: 95720.281: [GC2014-03-05T08:44:14.296+0000: 95720.281: [ParNew
Desired survivor size 8716288 bytes, new threshold 4 (max 6)
- age   1:    2347712 bytes,    2347712 total
- age   2:    2327128 bytes,    4674840 total
- age   3:    2396160 bytes,    7071000 total
- age   4:    2285912 bytes,    9356912 total
: 149995K->17024K(153344K), 0.0245560 secs] 612646K->482139K(1031552K), 0.0247090 secs] [Times: user=0.05 sys=0.00, real=0.02 secs] 
2014-03-05T08:48:03.090+0000: 95949.075: [GC2014-03-05T08:48:03.090+0000: 95949.075: [ParNew
Desired survivor size 8716288 bytes, new threshold 4 (max 6)
- age   1:    2547360 bytes,    2547360 total
- age   2:    2073872 bytes,    4621232 total
- age   3:    2270512 bytes,    6891744 total
- age   4:    2395712 bytes,    9287456 total
: 153344K->11588K(153344K), 0.0277380 secs] 618459K->479053K(1031552K), 0.0279260 secs] [Times: user=0.05 sys=0.00, real=0.03 secs] 
2014-03-05T08:51:58.977+0000: 96184.962: [GC2014-03-05T08:51:58.977+0000: 96184.962: [ParNew
Desired survivor size 8716288 bytes, new threshold 4 (max 6)
- age   1:    2564416 bytes,    2564416 total
- age   2:    2123128 bytes,    4687544 total
- age   3:    2073176 bytes,    6760720 total
- age   4:    2269872 bytes,    9030592 total
: 147908K->12292K(153344K), 0.0242690 secs] 615373K->482217K(1031552K), 0.0244470 secs] [Times: user=0.05 sys=0.00, real=0.02 secs] 
2014-03-05T08:55:55.428+0000: 96421.412: [GC2014-03-05T08:55:55.428+0000: 96421.412: [ParNew
Desired survivor size 8716288 bytes, new threshold 4 (max 6)
- age   1:    2538040 bytes,    2538040 total
- age   2:    2230672 bytes,    4768712 total
- age   3:    2120728 bytes,    6889440 total
- age   4:    2072576 bytes,    8962016 total
: 148612K->12935K(153344K), 0.0234370 secs] 618537K->485195K(1031552K), 0.0235890 secs] [Times: user=0.05 sys=0.00, real=0.02 secs] 
2014-03-05T08:59:36.044+0000: 96642.029: [GC2014-03-05T08:59:36.044+0000: 96642.029: [ParNew
Desired survivor size 8716288 bytes, new threshold 4 (max 6)
- age   1:    2546432 bytes,    2546432 total
- age   2:    2165304 bytes,    4711736 total
- age   3:    2228848 bytes,    6940584 total
- age   4:    2119960 bytes,    9060544 total
: 149255K->13041K(153344K), 0.0230230 secs] 621515K->487431K(1031552K), 0.0231650 secs] [Times: user=0.05 sys=0.00, real=0.02 secs] 
2014-03-05T09:03:23.655+0000: 96869.640: [GC2014-03-05T09:03:23.655+0000: 96869.640: [ParNew
Desired survivor size 8716288 bytes, new threshold 4 (max 6)
- age   1:    2500272 bytes,    2500272 total
- age   2:    2204248 bytes,    4704520 total
- age   3:    2162456 bytes,    6866976 total
- age   4:    2227584 bytes,    9094560 total
: 149361K->13165K(153344K), 0.0234800 secs] 623751K->489733K(1031552K), 0.0236440 secs] [Times: user=0.05 sys=0.00, real=0.02 secs] 
2014-03-05T09:07:33.372+0000: 97119.357: [GC2014-03-05T09:07:33.372+0000: 97119.357: [ParNew
Desired survivor size 8716288 bytes, new threshold 4 (max 6)
- age   1:    2666992 bytes,    2666992 total
- age   2:    2108736 bytes,    4775728 total
- age   3:    2151360 bytes,    6927088 total
- age   4:    2161808 bytes,    9088896 total
: 149485K->13248K(153344K), 0.0256390 secs] 626053K->492105K(1031552K), 0.0258120 secs] [Times: user=0.05 sys=0.00, real=0.03 secs] 
2014-03-05T09:11:06.846+0000: 97332.831: [GC2014-03-05T09:11:06.846+0000: 97332.831: [ParNew
Desired survivor size 8716288 bytes, new threshold 4 (max 6)
- age   1:    2791712 bytes,    2791712 total
- age   2:    2351120 bytes,    5142832 total
- age   3:    2105528 bytes,    7248360 total
- age   4:    2028592 bytes,    9276952 total
: 149568K->13209K(153344K), 0.0236310 secs] 628425K->494289K(1031552K), 0.0237990 secs] [Times: user=0.05 sys=0.00, real=0.02 secs] 
2014-03-05T09:15:08.334+0000: 97574.319: [GC2014-03-05T09:15:08.334+0000: 97574.319: [ParNew
Desired survivor size 8716288 bytes, new threshold 4 (max 6)
- age   1:    2563416 bytes,    2563416 total
- age   2:    2278856 bytes,    4842272 total
- age   3:    2349288 bytes,    7191560 total
- age   4:    2105176 bytes,    9296736 total
: 149529K->13327K(153344K), 0.0231920 secs] 630609K->496493K(1031552K), 0.0233600 secs] [Times: user=0.05 sys=0.00, real=0.02 secs] 
2014-03-05T09:19:08.888+0000: 97814.872: [GC2014-03-05T09:19:08.888+0000: 97814.873: [ParNew
Desired survivor size 8716288 bytes, new threshold 4 (max 6)
- age   1:    2554440 bytes,    2554440 total
- age   2:    2245152 bytes,    4799592 total
- age   3:    2277512 bytes,    7077104 total
- age   4:    2348712 bytes,    9425816 total
: 149647K->13505K(153344K), 0.0241740 secs] 632813K->498832K(1031552K), 0.0243480 secs] [Times: user=0.05 sys=0.00, real=0.02 secs] 
2014-03-05T09:22:50.489+0000: 98036.474: [GC2014-03-05T09:22:50.489+0000: 98036.474: [ParNew
Desired survivor size 8716288 bytes, new threshold 4 (max 6)
- age   1:    2676584 bytes,    2676584 total
- age   2:    2219280 bytes,    4895864 total
- age   3:    2243304 bytes,    7139168 total
- age   4:    2258680 bytes,    9397848 total
: 149825K->9540K(153344K), 0.0239440 secs] 635152K->497279K(1031552K), 0.0241150 secs] [Times: user=0.05 sys=0.00, real=0.02 secs] 
2014-03-05T09:26:51.088+0000: 98277.073: [GC2014-03-05T09:26:51.088+0000: 98277.073: [ParNew
Desired survivor size 8716288 bytes, new threshold 4 (max 6)
- age   1:    2546184 bytes,    2546184 total
- age   2:    2082800 bytes,    4628984 total
- age   3:    2217888 bytes,    6846872 total
- age   4:    2242152 bytes,    9089024 total
: 145860K->13257K(153344K), 0.0231620 secs] 633599K->503032K(1031552K), 0.0233140 secs] [Times: user=0.05 sys=0.00, real=0.02 secs] 
2014-03-05T09:27:18.247+0000: 98304.231: [GC2014-03-05T09:27:18.247+0000: 98304.232: [ParNew
Desired survivor size 8716288 bytes, new threshold 1 (max 6)
- age   1:   12679552 bytes,   12679552 total
- age   2:    1620976 bytes,   14300528 total
- age   3:    1573888 bytes,   15874416 total
- age   4:    1556608 bytes,   17431024 total
: 149577K->17024K(153344K), 0.0397550 secs] 639352K->515403K(1031552K), 0.0399120 secs] [Times: user=0.08 sys=0.00, real=0.04 secs] 
2014-03-05T09:28:37.434+0000: 98383.419: [GC2014-03-05T09:28:37.434+0000: 98383.419: [ParNew
Desired survivor size 8716288 bytes, new threshold 6 (max 6)
- age   1:    6014408 bytes,    6014408 total
: 153344K->15553K(153344K), 0.0286540 secs] 651723K->526501K(1031552K), 0.0288280 secs] [Times: user=0.06 sys=0.00, real=0.03 secs] 
2014-03-05T09:32:10.359+0000: 98596.344: [GC2014-03-05T09:32:10.359+0000: 98596.344: [ParNew
Desired survivor size 8716288 bytes, new threshold 6 (max 6)
- age   1:    2345496 bytes,    2345496 total
- age   2:     768248 bytes,    3113744 total
: 151873K->5215K(153344K), 0.0116210 secs] 662821K->516163K(1031552K), 0.0117940 secs] [Times: user=0.03 sys=0.00, real=0.01 secs] 
2014-03-05T09:34:20.745+0000: 98726.730: [GC2014-03-05T09:34:20.745+0000: 98726.730: [ParNew
Desired survivor size 8716288 bytes, new threshold 1 (max 6)
- age   1:   11771480 bytes,   11771480 total
- age   2:    2050768 bytes,   13822248 total
- age   3:     766048 bytes,   14588296 total
: 141535K->15576K(153344K), 0.0234720 secs] 652483K->526523K(1031552K), 0.0236400 secs] [Times: user=0.05 sys=0.00, real=0.02 secs] 
2014-03-05T09:35:36.726+0000: 98802.711: [GC2014-03-05T09:35:36.726+0000: 98802.711: [ParNew
Desired survivor size 8716288 bytes, new threshold 1 (max 6)
- age   1:    8767936 bytes,    8767936 total
: 151896K->11567K(153344K), 0.0283150 secs] 662843K->533543K(1031552K), 0.0284800 secs] [Times: user=0.06 sys=0.00, real=0.03 secs] 
2014-03-05T09:37:34.330+0000: 98920.314: [GC2014-03-05T09:37:34.330+0000: 98920.314: [ParNew
Desired survivor size 8716288 bytes, new threshold 6 (max 6)
- age   1:    3244464 bytes,    3244464 total
: 147887K->9228K(153344K), 0.0164390 secs] 669863K->538459K(1031552K), 0.0165910 secs] [Times: user=0.04 sys=0.00, real=0.02 secs] 
2014-03-05T09:41:06.670+0000: 99132.655: [GC2014-03-05T09:41:06.670+0000: 99132.655: [ParNew
Desired survivor size 8716288 bytes, new threshold 6 (max 6)
- age   1:    2383560 bytes,    2383560 total
- age   2:    1807160 bytes,    4190720 total
: 145548K->5898K(153344K), 0.0128090 secs] 674779K->535129K(1031552K), 0.0129750 secs] [Times: user=0.03 sys=0.00, real=0.02 secs] 
2014-03-05T09:44:15.162+0000: 99321.147: [GC2014-03-05T09:44:15.162+0000: 99321.147: [ParNew
Desired survivor size 8716288 bytes, new threshold 6 (max 6)
- age   1:    2735200 bytes,    2735200 total
- age   2:    2005928 bytes,    4741128 total
- age   3:    1198200 bytes,    5939328 total
: 142218K->7608K(153344K), 0.0140030 secs] 671449K->536839K(1031552K), 0.0141400 secs] [Times: user=0.03 sys=0.00, real=0.01 secs] 
2014-03-05T09:47:42.764+0000: 99528.749: [GC2014-03-05T09:47:42.764+0000: 99528.749: [ParNew
Desired survivor size 8716288 bytes, new threshold 6 (max 6)
- age   1:    2411288 bytes,    2411288 total
- age   2:    2249464 bytes,    4660752 total
- age   3:    1983520 bytes,    6644272 total
- age   4:    1195928 bytes,    7840200 total
: 143928K->10330K(153344K), 0.0167290 secs] 673159K->539561K(1031552K), 0.0168980 secs] [Times: user=0.03 sys=0.00, real=0.01 secs] 
2014-03-05T09:51:15.909+0000: 99741.894: [GC2014-03-05T09:51:15.909+0000: 99741.894: [ParNew
Desired survivor size 8716288 bytes, new threshold 5 (max 6)
- age   1:    2559696 bytes,    2559696 total
- age   2:    1916864 bytes,    4476560 total
- age   3:    1999704 bytes,    6476264 total
- age   4:    1983016 bytes,    8459280 total
- age   5:    1195688 bytes,    9654968 total
: 146650K->13889K(153344K), 0.0190750 secs] 675881K->543120K(1031552K), 0.0192120 secs] [Times: user=0.04 sys=0.00, real=0.02 secs] 
2014-03-05T09:53:56.512+0000: 99902.496: [GC2014-03-05T09:53:56.512+0000: 99902.497: [ParNew
Desired survivor size 8716288 bytes, new threshold 5 (max 6)
- age   1:    2229864 bytes,    2229864 total
- age   2:    2105768 bytes,    4335632 total
- age   3:    1905320 bytes,    6240952 total
- age   4:    1998856 bytes,    8239808 total
- age   5:    1982704 bytes,   10222512 total
: 150209K->17024K(153344K), 0.0229860 secs] 679440K->547697K(1031552K), 0.0231440 secs] [Times: user=0.05 sys=0.00, real=0.03 secs] 
2014-03-05T09:57:34.171+0000: 100120.156: [GC2014-03-05T09:57:34.171+0000: 100120.156: [ParNew
Desired survivor size 8716288 bytes, new threshold 5 (max 6)
- age   1:    2404488 bytes,    2404488 total
- age   2:    1917920 bytes,    4322408 total
- age   3:    2066696 bytes,    6389104 total
- age   4:    1904656 bytes,    8293760 total
- age   5:    1998592 bytes,   10292352 total
: 153344K->11967K(153344K), 0.0242880 secs] 684017K->544677K(1031552K), 0.0244510 secs] [Times: user=0.05 sys=0.00, real=0.03 secs] 
2014-03-05T10:00:44.116+0000: 100310.101: [GC2014-03-05T10:00:44.116+0000: 100310.101: [ParNew
Desired survivor size 8716288 bytes, new threshold 5 (max 6)
- age   1:    2147456 bytes,    2147456 total
- age   2:    2073704 bytes,    4221160 total
- age   3:    1496456 bytes,    5717616 total
- age   4:    1983112 bytes,    7700728 total
- age   5:    1903936 bytes,    9604664 total
: 148287K->17024K(153344K), 0.0245570 secs] 680997K->552164K(1031552K), 0.0247190 secs] [Times: user=0.05 sys=0.00, real=0.02 secs] 
2014-03-05T10:04:09.909+0000: 100515.894: [GC2014-03-05T10:04:09.909+0000: 100515.894: [ParNew
Desired survivor size 8716288 bytes, new threshold 5 (max 6)
- age   1:    2805008 bytes,    2805008 total
- age   2:    1758080 bytes,    4563088 total
- age   3:    2069912 bytes,    6633000 total
- age   4:    1495408 bytes,    8128408 total
- age   5:    1982624 bytes,   10111032 total
: 153344K->11765K(153344K), 0.0246870 secs] 688484K->548862K(1031552K), 0.0248670 secs] [Times: user=0.05 sys=0.00, real=0.03 secs] 
2014-03-05T10:07:50.257+0000: 100736.242: [GC2014-03-05T10:07:50.257+0000: 100736.242: [ParNew
Desired survivor size 8716288 bytes, new threshold 5 (max 6)
- age   1:    2363688 bytes,    2363688 total
- age   2:    2217064 bytes,    4580752 total
- age   3:    1753720 bytes,    6334472 total
- age   4:    2023480 bytes,    8357952 total
- age   5:    1494848 bytes,    9852800 total
: 148085K->17024K(153344K), 0.0242010 secs] 685182K->556375K(1031552K), 0.0243570 secs] [Times: user=0.05 sys=0.00, real=0.02 secs] 
2014-03-05T10:10:16.287+0000: 100882.272: [GC2014-03-05T10:10:16.287+0000: 100882.272: [ParNew
Desired survivor size 8716288 bytes, new threshold 4 (max 6)
- age   1:    3307648 bytes,    3307648 total
- age   2:    2200448 bytes,    5508096 total
- age   3:    2214864 bytes,    7722960 total
- age   4:    1750024 bytes,    9472984 total
- age   5:    2023200 bytes,   11496184 total
: 153344K->11760K(153344K), 0.0248390 secs] 692695K->552648K(1031552K), 0.0250160 secs] [Times: user=0.05 sys=0.00, real=0.02 secs] 
2014-03-05T10:13:22.889+0000: 101068.873: [GC2014-03-05T10:13:22.889+0000: 101068.873: [ParNew
Desired survivor size 8716288 bytes, new threshold 4 (max 6)
- age   1:    3749096 bytes,    3749096 total
- age   2:    2266296 bytes,    6015392 total
- age   3:    2038520 bytes,    8053912 total
- age   4:    2203608 bytes,   10257520 total
: 148080K->15047K(153344K), 0.0278480 secs] 688968K->559811K(1031552K), 0.0280200 secs] [Times: user=0.06 sys=0.00, real=0.03 secs] 
2014-03-05T10:16:55.232+0000: 101281.217: [GC2014-03-05T10:16:55.232+0000: 101281.217: [ParNew
Desired survivor size 8716288 bytes, new threshold 6 (max 6)
- age   1:    2510544 bytes,    2510544 total
- age   2:    1842192 bytes,    4352736 total
- age   3:    1350368 bytes,    5703104 total
- age   4:    2036280 bytes,    7739384 total
: 151367K->9799K(153344K), 0.0217190 secs] 696131K->556581K(1031552K), 0.0218990 secs] [Times: user=0.05 sys=0.00, real=0.03 secs] 
2014-03-05T10:20:11.197+0000: 101477.182: [GC2014-03-05T10:20:11.198+0000: 101477.182: [ParNew
Desired survivor size 8716288 bytes, new threshold 5 (max 6)
- age   1:    2741336 bytes,    2741336 total
- age   2:    2028656 bytes,    4769992 total
- age   3:    1761744 bytes,    6531736 total
- age   4:    1346488 bytes,    7878224 total
- age   5:    2035864 bytes,    9914088 total
: 146119K->16021K(153344K), 0.0193090 secs] 692901K->562803K(1031552K), 0.0194890 secs] [Times: user=0.04 sys=0.00, real=0.02 secs] 
2014-03-05T10:23:48.047+0000: 101694.032: [GC2014-03-05T10:23:48.047+0000: 101694.032: [ParNew
Desired survivor size 8716288 bytes, new threshold 5 (max 6)
- age   1:    2497800 bytes,    2497800 total
- age   2:    2206008 bytes,    4703808 total
- age   3:    1981624 bytes,    6685432 total
- age   4:    1760928 bytes,    8446360 total
- age   5:    1346344 bytes,    9792704 total
: 152341K->11219K(153344K), 0.0282860 secs] 699123K->560094K(1031552K), 0.0284700 secs] [Times: user=0.05 sys=0.00, real=0.03 secs] 
2014-03-05T10:27:32.298+0000: 101918.282: [GC2014-03-05T10:27:32.298+0000: 101918.283: [ParNew
Desired survivor size 8716288 bytes, new threshold 5 (max 6)
- age   1:    2478376 bytes,    2478376 total
- age   2:    2077216 bytes,    4555592 total
- age   3:    2140752 bytes,    6696344 total
- age   4:    1979968 bytes,    8676312 total
- age   5:    1760688 bytes,   10437000 total
: 147539K->16947K(153344K), 0.0257350 secs] 696414K->567206K(1031552K), 0.0259250 secs] [Times: user=0.05 sys=0.00, real=0.03 secs] 
2014-03-05T10:31:23.332+0000: 102149.317: [GC2014-03-05T10:31:23.332+0000: 102149.317: [ParNew
Desired survivor size 8716288 bytes, new threshold 4 (max 6)
- age   1:    2655424 bytes,    2655424 total
- age   2:    2078832 bytes,    4734256 total
- age   3:    2010632 bytes,    6744888 total
- age   4:    2126800 bytes,    8871688 total
- age   5:    1979344 bytes,   10851032 total
: 153267K->12146K(153344K), 0.0243950 secs] 703526K->564212K(1031552K), 0.0245540 secs] [Times: user=0.05 sys=0.00, real=0.03 secs] 
2014-03-05T10:34:21.219+0000: 102327.203: [GC2014-03-05T10:34:21.219+0000: 102327.203: [ParNew
Desired survivor size 8716288 bytes, new threshold 6 (max 6)
- age   1:    2280152 bytes,    2280152 total
- age   2:    2249128 bytes,    4529280 total
- age   3:    2067856 bytes,    6597136 total
- age   4:    2009048 bytes,    8606184 total
: 148466K->9364K(153344K), 0.0268280 secs] 700532K->565324K(1031552K), 0.0270010 secs] [Times: user=0.06 sys=0.00, real=0.03 secs] 
2014-03-05T10:37:35.582+0000: 102521.566: [GC2014-03-05T10:37:35.582+0000: 102521.567: [ParNew
Desired survivor size 8716288 bytes, new threshold 5 (max 6)
- age   1:    2507960 bytes,    2507960 total
- age   2:    1688504 bytes,    4196464 total
- age   3:    2238464 bytes,    6434928 total
- age   4:    2066504 bytes,    8501432 total
- age   5:    2007520 bytes,   10508952 total
: 145684K->16936K(153344K), 0.0204370 secs] 701644K->572896K(1031552K), 0.0206080 secs] [Times: user=0.05 sys=0.00, real=0.03 secs] 
2014-03-05T10:41:24.299+0000: 102750.283: [GC2014-03-05T10:41:24.299+0000: 102750.283: [ParNew
Desired survivor size 8716288 bytes, new threshold 5 (max 6)
- age   1:    2533424 bytes,    2533424 total
- age   2:    1887856 bytes,    4421280 total
- age   3:    1677520 bytes,    6098800 total
- age   4:    2238008 bytes,    8336808 total
- age   5:    2066192 bytes,   10403000 total
: 153256K->11825K(153344K), 0.0246610 secs] 709216K->569849K(1031552K), 0.0248230 secs] [Times: user=0.05 sys=0.00, real=0.03 secs] 
2014-03-05T10:44:55.626+0000: 102961.611: [GC2014-03-05T10:44:55.626+0000: 102961.611: [ParNew
Desired survivor size 8716288 bytes, new threshold 5 (max 6)
- age   1:    2264384 bytes,    2264384 total
- age   2:    2162384 bytes,    4426768 total
- age   3:    1885920 bytes,    6312688 total
- age   4:    1676664 bytes,    7989352 total
- age   5:    2237672 bytes,   10227024 total
: 148145K->17024K(153344K), 0.0254070 secs] 706169K->577426K(1031552K), 0.0255770 secs] [Times: user=0.05 sys=0.00, real=0.02 secs] 
2014-03-05T10:48:46.035+0000: 103192.020: [GC2014-03-05T10:48:46.035+0000: 103192.020: [ParNew
Desired survivor size 8716288 bytes, new threshold 5 (max 6)
- age   1:    2541696 bytes,    2541696 total
- age   2:    2009152 bytes,    4550848 total
- age   3:    2116448 bytes,    6667296 total
- age   4:    1881056 bytes,    8548352 total
- age   5:    1676296 bytes,   10224648 total
: 153344K->12261K(153344K), 0.0248440 secs] 713746K->574961K(1031552K), 0.0250000 secs] [Times: user=0.05 sys=0.00, real=0.02 secs] 
2014-03-05T10:52:10.056+0000: 103396.041: [GC2014-03-05T10:52:10.056+0000: 103396.041: [ParNew
Desired survivor size 8716288 bytes, new threshold 5 (max 6)
- age   1:    2168488 bytes,    2168488 total
- age   2:    2172824 bytes,    4341312 total
- age   3:    1954816 bytes,    6296128 total
- age   4:    2115472 bytes,    8411600 total
- age   5:    1798512 bytes,   10210112 total
: 148581K->17024K(153344K), 0.0245030 secs] 711281K->581662K(1031552K), 0.0246830 secs] [Times: user=0.05 sys=0.00, real=0.02 secs] 
2014-03-05T10:55:40.556+0000: 103606.541: [GC2014-03-05T10:55:40.557+0000: 103606.541: [ParNew
Desired survivor size 8716288 bytes, new threshold 4 (max 6)
- age   1:    2851912 bytes,    2851912 total
- age   2:    2013304 bytes,    4865216 total
- age   3:    2125992 bytes,    6991208 total
- age   4:    1953880 bytes,    8945088 total
- age   5:    2115256 bytes,   11060344 total
: 153344K->12085K(153344K), 0.0248280 secs] 717982K->578573K(1031552K), 0.0249920 secs] [Times: user=0.06 sys=0.00, real=0.02 secs] 
2014-03-05T10:59:40.637+0000: 103846.622: [GC2014-03-05T10:59:40.638+0000: 103846.622: [ParNew
Desired survivor size 8716288 bytes, new threshold 4 (max 6)
- age   1:    2587936 bytes,    2587936 total
- age   2:    2337680 bytes,    4925616 total
- age   3:    1895744 bytes,    6821360 total
- age   4:    2125112 bytes,    8946472 total
: 148405K->14243K(153344K), 0.0278150 secs] 714893K->584913K(1031552K), 0.0279860 secs] [Times: user=0.05 sys=0.00, real=0.03 secs] 
2014-03-05T11:03:31.792+0000: 104077.776: [GC2014-03-05T11:03:31.792+0000: 104077.776: [ParNew
Desired survivor size 8716288 bytes, new threshold 4 (max 6)
- age   1:    2637360 bytes,    2637360 total
- age   2:    2270824 bytes,    4908184 total
- age   3:    2315128 bytes,    7223312 total
- age   4:    1894168 bytes,    9117480 total
: 150563K->13684K(153344K), 0.0239830 secs] 721233K->586538K(1031552K), 0.0241590 secs] [Times: user=0.05 sys=0.00, real=0.03 secs] 
2014-03-05T11:07:15.168+0000: 104301.152: [GC2014-03-05T11:07:15.168+0000: 104301.152: [ParNew
Desired survivor size 8716288 bytes, new threshold 4 (max 6)
- age   1:    2427608 bytes,    2427608 total
- age   2:    2123136 bytes,    4550744 total
- age   3:    2224184 bytes,    6774928 total
- age   4:    2035816 bytes,    8810744 total
: 150004K->17024K(153344K), 0.0231600 secs] 722858K->592018K(1031552K), 0.0233410 secs] [Times: user=0.04 sys=0.00, real=0.02 secs] 
2014-03-05T11:10:47.222+0000: 104513.207: [GC2014-03-05T11:10:47.222+0000: 104513.207: [ParNew
Desired survivor size 8716288 bytes, new threshold 4 (max 6)
- age   1:    2407728 bytes,    2407728 total
- age   2:    2252312 bytes,    4660040 total
- age   3:    2121384 bytes,    6781424 total
- age   4:    2223000 bytes,    9004424 total
: 153344K->10908K(153344K), 0.0228310 secs] 728338K->587989K(1031552K), 0.0229910 secs] [Times: user=0.04 sys=0.00, real=0.03 secs] 
2014-03-05T11:14:10.053+0000: 104716.038: [GC2014-03-05T11:14:10.053+0000: 104716.038: [ParNew
Desired survivor size 8716288 bytes, new threshold 4 (max 6)
- age   1:    2723992 bytes,    2723992 total
- age   2:    2006152 bytes,    4730144 total
- age   3:    2246832 bytes,    6976976 total
- age   4:    2120696 bytes,    9097672 total
: 147228K->15854K(153344K), 0.0236980 secs] 724309K->595219K(1031552K), 0.0238940 secs] [Times: user=0.05 sys=0.00, real=0.03 secs] 
2014-03-05T11:17:50.503+0000: 104936.488: [GC2014-03-05T11:17:50.504+0000: 104936.488: [ParNew
Desired survivor size 8716288 bytes, new threshold 4 (max 6)
- age   1:    2478656 bytes,    2478656 total
- age   2:    2263152 bytes,    4741808 total
- age   3:    1960072 bytes,    6701880 total
- age   4:    2200040 bytes,    8901920 total
: 152174K->10561K(153344K), 0.0234980 secs] 731539K->592106K(1031552K), 0.0236710 secs] [Times: user=0.04 sys=0.01, real=0.02 secs] 
2014-03-05T11:20:30.114+0000: 105096.099: [GC2014-03-05T11:20:30.114+0000: 105096.099: [ParNew
Desired survivor size 8716288 bytes, new threshold 6 (max 6)
- age   1:    2384944 bytes,    2384944 total
- age   2:    2092896 bytes,    4477840 total
- age   3:    2240840 bytes,    6718680 total
- age   4:    1959680 bytes,    8678360 total
: 146881K->15588K(153344K), 0.0225790 secs] 728426K->599397K(1031552K), 0.0227360 secs] [Times: user=0.05 sys=0.00, real=0.03 secs] 
2014-03-05T11:24:11.254+0000: 105317.238: [GC2014-03-05T11:24:11.254+0000: 105317.239: [ParNew
Desired survivor size 8716288 bytes, new threshold 5 (max 6)
- age   1:    2467616 bytes,    2467616 total
- age   2:    1903168 bytes,    4370784 total
- age   3:    2080848 bytes,    6451632 total
- age   4:    2234680 bytes,    8686312 total
- age   5:    1959248 bytes,   10645560 total
: 151908K->12885K(153344K), 0.0199980 secs] 735717K->596695K(1031552K), 0.0201730 secs] [Times: user=0.04 sys=0.00, real=0.02 secs] 
2014-03-05T11:28:12.718+0000: 105558.703: [GC2014-03-05T11:28:12.718+0000: 105558.703: [ParNew
Desired survivor size 8716288 bytes, new threshold 5 (max 6)
- age   1:    2581920 bytes,    2581920 total
- age   2:    2129160 bytes,    4711080 total
- age   3:    1484168 bytes,    6195248 total
- age   4:    2034832 bytes,    8230080 total
- age   5:    1996232 bytes,   10226312 total
: 149205K->13233K(153344K), 0.0242230 secs] 733015K->599056K(1031552K), 0.0243800 secs] [Times: user=0.05 sys=0.00, real=0.03 secs] 
2014-03-05T11:31:30.526+0000: 105756.511: [GC2014-03-05T11:31:30.526+0000: 105756.511: [ParNew
Desired survivor size 8716288 bytes, new threshold 5 (max 6)
- age   1:    2190152 bytes,    2190152 total
- age   2:    2241832 bytes,    4431984 total
- age   3:    2118448 bytes,    6550432 total
- age   4:    1481832 bytes,    8032264 total
- age   5:    2033056 bytes,   10065320 total
: 149553K->17024K(153344K), 0.0244340 secs] 735376K->605147K(1031552K), 0.0245930 secs] [Times: user=0.05 sys=0.00, real=0.02 secs] 
2014-03-05T11:35:17.038+0000: 105983.023: [GC2014-03-05T11:35:17.038+0000: 105983.023: [ParNew
Desired survivor size 8716288 bytes, new threshold 4 (max 6)
- age   1:    2521112 bytes,    2521112 total
- age   2:    1941320 bytes,    4462432 total
- age   3:    2240152 bytes,    6702584 total
- age   4:    2117128 bytes,    8819712 total
- age   5:    1481520 bytes,   10301232 total
: 153344K->12460K(153344K), 0.0247060 secs] 741467K->602674K(1031552K), 0.0248770 secs] [Times: user=0.05 sys=0.00, real=0.03 secs] 
2014-03-05T11:39:03.957+0000: 106209.942: [GC2014-03-05T11:39:03.957+0000: 106209.942: [ParNew
Desired survivor size 8716288 bytes, new threshold 6 (max 6)
- age   1:    2519464 bytes,    2519464 total
- age   2:    2092488 bytes,    4611952 total
- age   3:    1850400 bytes,    6462352 total
- age   4:    2239744 bytes,    8702096 total
: 148780K->13446K(153344K), 0.0263070 secs] 738994K->607277K(1031552K), 0.0264810 secs] [Times: user=0.05 sys=0.00, real=0.03 secs] 
2014-03-05T11:42:30.276+0000: 106416.261: [GC2014-03-05T11:42:30.276+0000: 106416.261: [ParNew
Desired survivor size 8716288 bytes, new threshold 5 (max 6)
- age   1:    2461472 bytes,    2461472 total
- age   2:    2091512 bytes,    4552984 total
- age   3:    2080376 bytes,    6633360 total
- age   4:    1848216 bytes,    8481576 total
- age   5:    2239504 bytes,   10721080 total
: 149766K->17024K(153344K), 0.0203160 secs] 743597K->610998K(1031552K), 0.0204950 secs] [Times: user=0.04 sys=0.00, real=0.02 secs] 
2014-03-05T11:46:23.978+0000: 106649.963: [GC2014-03-05T11:46:23.978+0000: 106649.963: [ParNew
Desired survivor size 8716288 bytes, new threshold 4 (max 6)
- age   1:    2595648 bytes,    2595648 total
- age   2:    2107544 bytes,    4703192 total
- age   3:    2089952 bytes,    6793144 total
- age   4:    2080080 bytes,    8873224 total
- age   5:    1847768 bytes,   10720992 total
: 153344K->14950K(153344K), 0.0274320 secs] 747318K->611227K(1031552K), 0.0275950 secs] [Times: user=0.05 sys=0.00, real=0.03 secs] 
2014-03-05T11:50:09.948+0000: 106875.933: [GC2014-03-05T11:50:09.948+0000: 106875.933: [ParNew
Desired survivor size 8716288 bytes, new threshold 4 (max 6)
- age   1:    2618880 bytes,    2618880 total
- age   2:    2200152 bytes,    4819032 total
- age   3:    1969272 bytes,    6788304 total
- age   4:    2089568 bytes,    8877872 total
: 151270K->10380K(153344K), 0.0280290 secs] 747547K->610694K(1031552K), 0.0282040 secs] [Times: user=0.06 sys=0.00, real=0.03 secs] 
2014-03-05T11:54:07.282+0000: 107113.267: [GC2014-03-05T11:54:07.282+0000: 107113.267: [ParNew
Desired survivor size 8716288 bytes, new threshold 4 (max 6)
- age   1:    2533816 bytes,    2533816 total
- age   2:    2216864 bytes,    4750680 total
- age   3:    2198880 bytes,    6949560 total
- age   4:    1968424 bytes,    8917984 total
: 146700K->13540K(153344K), 0.0233710 secs] 747014K->616002K(1031552K), 0.0235640 secs] [Times: user=0.04 sys=0.00, real=0.03 secs] 
2014-03-05T11:57:35.099+0000: 107321.084: [GC2014-03-05T11:57:35.099+0000: 107321.084: [ParNew
Desired survivor size 8716288 bytes, new threshold 4 (max 6)
- age   1:    2591888 bytes,    2591888 total
- age   2:    2183512 bytes,    4775400 total
- age   3:    2214344 bytes,    6989744 total
- age   4:    2197672 bytes,    9187416 total
: 149860K->13238K(153344K), 0.0230610 secs] 752322K->617719K(1031552K), 0.0232170 secs] [Times: user=0.05 sys=0.00, real=0.03 secs] 
2014-03-05T12:00:44.403+0000: 107510.388: [GC2014-03-05T12:00:44.403+0000: 107510.388: [ParNew
Desired survivor size 8716288 bytes, new threshold 4 (max 6)
- age   1:    2431152 bytes,    2431152 total
- age   2:    2072152 bytes,    4503304 total
- age   3:    2172752 bytes,    6676056 total
- age   4:    2211816 bytes,    8887872 total
: 149558K->13287K(153344K), 0.0232620 secs] 754039K->620025K(1031552K), 0.0234350 secs] [Times: user=0.05 sys=0.00, real=0.02 secs] 
2014-03-05T12:04:25.433+0000: 107731.418: [GC2014-03-05T12:04:25.433+0000: 107731.418: [ParNew
Desired survivor size 8716288 bytes, new threshold 6 (max 6)
- age   1:    2475072 bytes,    2475072 total
- age   2:    1808024 bytes,    4283096 total
- age   3:    1942496 bytes,    6225592 total
- age   4:    2171512 bytes,    8397104 total
: 149607K->8679K(153344K), 0.0254640 secs] 756345K->617686K(1031552K), 0.0256590 secs] [Times: user=0.05 sys=0.00, real=0.03 secs] 
2014-03-05T12:07:57.886+0000: 107943.871: [GC2014-03-05T12:07:57.886+0000: 107943.871: [ParNew
Desired survivor size 8716288 bytes, new threshold 5 (max 6)
- age   1:    2555128 bytes,    2555128 total
- age   2:    2037112 bytes,    4592240 total
- age   3:    1769144 bytes,    6361384 total
- age   4:    1940672 bytes,    8302056 total
- age   5:    2171200 bytes,   10473256 total
: 144999K->16456K(153344K), 0.0200560 secs] 754006K->625463K(1031552K), 0.0202030 secs] [Times: user=0.04 sys=0.00, real=0.02 secs] 
2014-03-05T12:11:31.492+0000: 108157.477: [GC2014-03-05T12:11:31.492+0000: 108157.477: [ParNew
Desired survivor size 8716288 bytes, new threshold 5 (max 6)
- age   1:    2279080 bytes,    2279080 total
- age   2:    1995424 bytes,    4274504 total
- age   3:    2035224 bytes,    6309728 total
- age   4:    1765688 bytes,    8075416 total
- age   5:    1940384 bytes,   10015800 total
: 152776K->17024K(153344K), 0.0252320 secs] 761783K->628462K(1031552K), 0.0254060 secs] [Times: user=0.05 sys=0.00, real=0.03 secs] 
2014-03-05T12:14:35.916+0000: 108341.901: [GC2014-03-05T12:14:35.916+0000: 108341.901: [ParNew
Desired survivor size 8716288 bytes, new threshold 5 (max 6)
- age   1:    2531072 bytes,    2531072 total
- age   2:    2088624 bytes,    4619696 total
- age   3:    1979544 bytes,    6599240 total
- age   4:    2034032 bytes,    8633272 total
- age   5:    1764552 bytes,   10397824 total
: 153344K->12449K(153344K), 0.0252660 secs] 764782K->625883K(1031552K), 0.0254150 secs] [Times: user=0.05 sys=0.00, real=0.02 secs] 
2014-03-05T12:18:03.466+0000: 108549.451: [GC2014-03-05T12:18:03.466+0000: 108549.451: [ParNew
Desired survivor size 8716288 bytes, new threshold 5 (max 6)
- age   1:    2250144 bytes,    2250144 total
- age   2:    1839592 bytes,    4089736 total
- age   3:    2041968 bytes,    6131704 total
- age   4:    1978400 bytes,    8110104 total
- age   5:    2033528 bytes,   10143632 total
: 148769K->17024K(153344K), 0.0272150 secs] 762203K->632564K(1031552K), 0.0274150 secs] [Times: user=0.05 sys=0.00, real=0.02 secs] 
2014-03-05T12:21:02.917+0000: 108728.902: [GC2014-03-05T12:21:02.917+0000: 108728.902: [ParNew
Desired survivor size 8716288 bytes, new threshold 5 (max 6)
- age   1:    2463848 bytes,    2463848 total
- age   2:    1953024 bytes,    4416872 total
- age   3:    1720752 bytes,    6137624 total
- age   4:    2040048 bytes,    8177672 total
- age   5:    1977576 bytes,   10155248 total
: 153344K->12245K(153344K), 0.0262740 secs] 768884K->629875K(1031552K), 0.0264780 secs] [Times: user=0.05 sys=0.00, real=0.03 secs] 
2014-03-05T12:24:36.238+0000: 108942.222: [GC2014-03-05T12:24:36.238+0000: 108942.222: [ParNew
Desired survivor size 8716288 bytes, new threshold 5 (max 6)
- age   1:    2412152 bytes,    2412152 total
- age   2:    1643872 bytes,    4056024 total
- age   3:    1941936 bytes,    5997960 total
- age   4:    1719984 bytes,    7717944 total
- age   5:    2039776 bytes,    9757720 total
: 148565K->17024K(153344K), 0.0242690 secs] 766195K->636932K(1031552K), 0.0244200 secs] [Times: user=0.05 sys=0.00, real=0.03 secs] 
2014-03-05T12:28:00.282+0000: 109146.266: [GC2014-03-05T12:28:00.282+0000: 109146.266: [ParNew
Desired survivor size 8716288 bytes, new threshold 5 (max 6)
- age   1:    2462528 bytes,    2462528 total
- age   2:    2116408 bytes,    4578936 total
- age   3:    1631960 bytes,    6210896 total
- age   4:    1940576 bytes,    8151472 total
- age   5:    1719792 bytes,    9871264 total
: 153344K->11751K(153344K), 0.0240380 secs] 773252K->633754K(1031552K), 0.0242110 secs] [Times: user=0.05 sys=0.00, real=0.03 secs] 
2014-03-05T12:31:44.219+0000: 109370.204: [GC2014-03-05T12:31:44.219+0000: 109370.204: [ParNew
Desired survivor size 8716288 bytes, new threshold 5 (max 6)
- age   1:    2465616 bytes,    2465616 total
- age   2:    1908360 bytes,    4373976 total
- age   3:    1985512 bytes,    6359488 total
- age   4:    1631232 bytes,    7990720 total
- age   5:    1940040 bytes,    9930760 total
: 148071K->17023K(153344K), 0.0234840 secs] 770074K->640868K(1031552K), 0.0236530 secs] [Times: user=0.05 sys=0.00, real=0.03 secs] 
2014-03-05T12:35:06.361+0000: 109572.346: [GC2014-03-05T12:35:06.361+0000: 109572.346: [ParNew
Desired survivor size 8716288 bytes, new threshold 5 (max 6)
- age   1:    2495344 bytes,    2495344 total
- age   2:    2101824 bytes,    4597168 total
- age   3:    1896096 bytes,    6493264 total
- age   4:    1983520 bytes,    8476784 total
- age   5:    1630960 bytes,   10107744 total
: 153343K->11635K(153344K), 0.0246220 secs] 777188K->637473K(1031552K), 0.0248030 secs] [Times: user=0.05 sys=0.00, real=0.03 secs] 
2014-03-05T12:38:40.959+0000: 109786.943: [GC2014-03-05T12:38:40.959+0000: 109786.943: [ParNew
Desired survivor size 8716288 bytes, new threshold 5 (max 6)
- age   1:    2350488 bytes,    2350488 total
- age   2:    2033792 bytes,    4384280 total
- age   3:    2080776 bytes,    6465056 total
- age   4:    1895464 bytes,    8360520 total
- age   5:    1982584 bytes,   10343104 total
: 147955K->17024K(153344K), 0.0244630 secs] 773793K->644779K(1031552K), 0.0246370 secs] [Times: user=0.05 sys=0.00, real=0.03 secs] 
2014-03-05T12:41:51.421+0000: 109977.405: [GC2014-03-05T12:41:51.421+0000: 109977.406: [ParNew
Desired survivor size 8716288 bytes, new threshold 4 (max 6)
- age   1:    3633248 bytes,    3633248 total
- age   2:    2130160 bytes,    5763408 total
- age   3:    2022408 bytes,    7785816 total
- age   4:    2079944 bytes,    9865760 total
- age   5:    1895344 bytes,   11761104 total
: 153344K->12179K(153344K), 0.0259050 secs] 781099K->641971K(1031552K), 0.0260680 secs] [Times: user=0.05 sys=0.00, real=0.03 secs] 
2014-03-05T12:45:20.030+0000: 110186.015: [GC2014-03-05T12:45:20.030+0000: 110186.015: [ParNew
Desired survivor size 8716288 bytes, new threshold 4 (max 6)
- age   1:    2545680 bytes,    2545680 total
- age   2:    3149320 bytes,    5695000 total
- age   3:    2108424 bytes,    7803424 total
- age   4:    1975808 bytes,    9779232 total
: 148499K->15140K(153344K), 0.0279240 secs] 778291K->649018K(1031552K), 0.0281260 secs] [Times: user=0.05 sys=0.01, real=0.03 secs] 
2014-03-05T12:48:30.432+0000: 110376.417: [GC2014-03-05T12:48:30.432+0000: 110376.417: [ParNew
Desired survivor size 8716288 bytes, new threshold 6 (max 6)
- age   1:    2322624 bytes,    2322624 total
- age   2:    1962552 bytes,    4285176 total
- age   3:    1759208 bytes,    6044384 total
- age   4:    2107384 bytes,    8151768 total
: 151460K->9707K(153344K), 0.0226640 secs] 785338K->645608K(1031552K), 0.0228420 secs] [Times: user=0.05 sys=0.00, real=0.03 secs] 
2014-03-05T12:51:15.910+0000: 110541.894: [GC2014-03-05T12:51:15.910+0000: 110541.894: [ParNew
Desired survivor size 8716288 bytes, new threshold 5 (max 6)
- age   1:    2741640 bytes,    2741640 total
- age   2:    1773688 bytes,    4515328 total
- age   3:    1941096 bytes,    6456424 total
- age   4:    1758856 bytes,    8215280 total
- age   5:    2106840 bytes,   10322120 total
: 146027K->16718K(153344K), 0.0197050 secs] 781928K->652619K(1031552K), 0.0198890 secs] [Times: user=0.04 sys=0.00, real=0.02 secs] 
2014-03-05T12:54:35.009+0000: 110740.994: [GC2014-03-05T12:54:35.009+0000: 110740.994: [ParNew
Desired survivor size 8716288 bytes, new threshold 5 (max 6)
- age   1:    2365144 bytes,    2365144 total
- age   2:    1792040 bytes,    4157184 total
- age   3:    1759600 bytes,    5916784 total
- age   4:    1940544 bytes,    7857328 total
- age   5:    1758512 bytes,    9615840 total
: 153038K->11481K(153344K), 0.0250170 secs] 788939K->649503K(1031552K), 0.0251970 secs] [Times: user=0.04 sys=0.00, real=0.03 secs] 
2014-03-05T12:58:13.966+0000: 110959.951: [GC2014-03-05T12:58:13.966+0000: 110959.951: [ParNew
Desired survivor size 8716288 bytes, new threshold 5 (max 6)
- age   1:    2521672 bytes,    2521672 total
- age   2:    1876760 bytes,    4398432 total
- age   3:    1780120 bytes,    6178552 total
- age   4:    1758288 bytes,    7936840 total
- age   5:    1940256 bytes,    9877096 total
: 147801K->16705K(153344K), 0.0249740 secs] 785823K->656535K(1031552K), 0.0251610 secs] [Times: user=0.05 sys=0.00, real=0.02 secs] 
2014-03-05T13:01:30.252+0000: 111156.236: [GC2014-03-05T13:01:30.252+0000: 111156.236: [ParNew
Desired survivor size 8716288 bytes, new threshold 5 (max 6)
- age   1:    2520912 bytes,    2520912 total
- age   2:    2048272 bytes,    4569184 total
- age   3:    1856824 bytes,    6426008 total
- age   4:    1777152 bytes,    8203160 total
- age   5:    1758160 bytes,    9961320 total
: 153025K->11604K(153344K), 0.0249760 secs] 792855K->653429K(1031552K), 0.0251620 secs] [Times: user=0.06 sys=0.00, real=0.03 secs] 
2014-03-05T13:04:44.214+0000: 111350.199: [GC2014-03-05T13:04:44.214+0000: 111350.199: [ParNew
Desired survivor size 8716288 bytes, new threshold 5 (max 6)
- age   1:    2377376 bytes,    2377376 total
- age   2:    1964616 bytes,    4341992 total
- age   3:    2037192 bytes,    6379184 total
- age   4:    1852312 bytes,    8231496 total
- age   5:    1696776 bytes,    9928272 total
: 147924K->13016K(153344K), 0.0245720 secs] 789749K->656648K(1031552K), 0.0247390 secs] [Times: user=0.05 sys=0.00, real=0.02 secs] 
2014-03-05T13:08:08.141+0000: 111554.126: [GC2014-03-05T13:08:08.141+0000: 111554.126: [ParNew
Desired survivor size 8716288 bytes, new threshold 5 (max 6)
- age   1:    2592000 bytes,    2592000 total
- age   2:    1820248 bytes,    4412248 total
- age   3:    1802192 bytes,    6214440 total
- age   4:    2032000 bytes,    8246440 total
- age   5:    1851256 bytes,   10097696 total
: 149336K->17024K(153344K), 0.0257920 secs] 792968K->662518K(1031552K), 0.0259720 secs] [Times: user=0.06 sys=0.00, real=0.03 secs] 
2014-03-05T13:11:04.571+0000: 111730.556: [GC2014-03-05T13:11:04.571+0000: 111730.556: [ParNew
Desired survivor size 8716288 bytes, new threshold 4 (max 6)
- age   1:    2743056 bytes,    2743056 total
- age   2:    2366640 bytes,    5109696 total
- age   3:    1808192 bytes,    6917888 total
- age   4:    1801168 bytes,    8719056 total
- age   5:    2031808 bytes,   10750864 total
: 153344K->12262K(153344K), 0.0267200 secs] 798838K->659658K(1031552K), 0.0269070 secs] [Times: user=0.05 sys=0.00, real=0.03 secs] 
2014-03-05T13:13:54.295+0000: 111900.280: [GC2014-03-05T13:13:54.295+0000: 111900.280: [ParNew
Desired survivor size 8716288 bytes, new threshold 6 (max 6)
- age   1:    2350952 bytes,    2350952 total
- age   2:    2160320 bytes,    4511272 total
- age   3:    2343632 bytes,    6854904 total
- age   4:    1807792 bytes,    8662696 total
: 148582K->14101K(153344K), 0.0287400 secs] 795978K->665438K(1031552K), 0.0289250 secs] [Times: user=0.06 sys=0.00, real=0.03 secs] 
2014-03-05T13:17:03.791+0000: 112089.776: [GC2014-03-05T13:17:03.792+0000: 112089.776: [ParNew
Desired survivor size 8716288 bytes, new threshold 5 (max 6)
- age   1:    2497600 bytes,    2497600 total
- age   2:    1612992 bytes,    4110592 total
- age   3:    1627480 bytes,    5738072 total
- age   4:    2297712 bytes,    8035784 total
- age   5:    1807424 bytes,    9843208 total
: 150421K->10947K(153344K), 0.0192810 secs] 801758K->662284K(1031552K), 0.0194630 secs] [Times: user=0.04 sys=0.00, real=0.02 secs] 
2014-03-05T13:20:15.215+0000: 112281.200: [GC2014-03-05T13:20:15.215+0000: 112281.200: [ParNew
Desired survivor size 8716288 bytes, new threshold 5 (max 6)
- age   1:    2381216 bytes,    2381216 total
- age   2:    1767096 bytes,    4148312 total
- age   3:    1572232 bytes,    5720544 total
- age   4:    1624288 bytes,    7344832 total
- age   5:    2292352 bytes,    9637184 total
: 147267K->16907K(153344K), 0.0242090 secs] 798604K->670102K(1031552K), 0.0243880 secs] [Times: user=0.05 sys=0.00, real=0.02 secs] 
2014-03-05T13:23:50.357+0000: 112496.341: [GC2014-03-05T13:23:50.357+0000: 112496.341: [ParNew
Desired survivor size 8716288 bytes, new threshold 5 (max 6)
- age   1:    2589264 bytes,    2589264 total
- age   2:    1810264 bytes,    4399528 total
- age   3:    1737160 bytes,    6136688 total
- age   4:    1571584 bytes,    7708272 total
- age   5:    1624016 bytes,    9332288 total
: 153227K->11126K(153344K), 0.0243480 secs] 806422K->666543K(1031552K), 0.0245220 secs] [Times: user=0.05 sys=0.00, real=0.02 secs] 
2014-03-05T13:27:15.089+0000: 112701.074: [GC2014-03-05T13:27:15.089+0000: 112701.074: [ParNew
Desired survivor size 8716288 bytes, new threshold 5 (max 6)
- age   1:    2470976 bytes,    2470976 total
- age   2:    2119760 bytes,    4590736 total
- age   3:    1796704 bytes,    6387440 total
- age   4:    1735912 bytes,    8123352 total
- age   5:    1571320 bytes,    9694672 total
: 147446K->16287K(153344K), 0.0234250 secs] 802863K->673373K(1031552K), 0.0235960 secs] [Times: user=0.05 sys=0.00, real=0.02 secs] 
2014-03-05T13:30:42.691+0000: 112908.676: [GC2014-03-05T13:30:42.691+0000: 112908.676: [ParNew
Desired survivor size 8716288 bytes, new threshold 5 (max 6)
- age   1:    2625696 bytes,    2625696 total
- age   2:    1946248 bytes,    4571944 total
- age   3:    1994552 bytes,    6566496 total
- age   4:    1791616 bytes,    8358112 total
- age   5:    1735480 bytes,   10093592 total
: 152607K->13902K(153344K), 0.0240200 secs] 809693K->672603K(1031552K), 0.0242120 secs] [Times: user=0.05 sys=0.00, real=0.03 secs] 
2014-03-05T13:33:15.564+0000: 113061.549: [GC2014-03-05T13:33:15.564+0000: 113061.549: [ParNew
Desired survivor size 8716288 bytes, new threshold 4 (max 6)
- age   1:    3312752 bytes,    3312752 total
- age   2:    2178120 bytes,    5490872 total
- age   3:    1889648 bytes,    7380520 total
- age   4:    1994296 bytes,    9374816 total
- age   5:    1788616 bytes,   11163432 total
: 150222K->17024K(153344K), 0.0264030 secs] 808923K->677829K(1031552K), 0.0265920 secs] [Times: user=0.06 sys=0.00, real=0.02 secs] 
2014-03-05T13:36:25.406+0000: 113251.391: [GC2014-03-05T13:36:25.406+0000: 113251.391: [ParNew
Desired survivor size 8716288 bytes, new threshold 4 (max 6)
- age   1:    2603072 bytes,    2603072 total
- age   2:    3079248 bytes,    5682320 total
- age   3:    2149032 bytes,    7831352 total
- age   4:    1889152 bytes,    9720504 total
: 153344K->10680K(153344K), 0.0311950 secs] 814149K->675372K(1031552K), 0.0314000 secs] [Times: user=0.06 sys=0.00, real=0.03 secs] 
2014-03-05T13:38:45.091+0000: 113391.075: [GC2014-03-05T13:38:45.091+0000: 113391.076: [ParNew
Desired survivor size 8716288 bytes, new threshold 6 (max 6)
- age   1:    2143752 bytes,    2143752 total
- age   2:    1903520 bytes,    4047272 total
- age   3:    1398168 bytes,    5445440 total
- age   4:    2146952 bytes,    7592392 total
: 147000K->9936K(153344K), 0.0213090 secs] 811692K->676570K(1031552K), 0.0214760 secs] [Times: user=0.05 sys=0.00, real=0.02 secs] 
2014-03-05T13:42:26.534+0000: 113612.519: [GC2014-03-05T13:42:26.534+0000: 113612.519: [ParNew
Desired survivor size 8716288 bytes, new threshold 5 (max 6)
- age   1:    2488624 bytes,    2488624 total
- age   2:    1391320 bytes,    3879944 total
- age   3:    1758152 bytes,    5638096 total
- age   4:    1397848 bytes,    7035944 total
- age   5:    2137912 bytes,    9173856 total
: 146256K->15436K(153344K), 0.0181170 secs] 812890K->682070K(1031552K), 0.0182890 secs] [Times: user=0.04 sys=0.00, real=0.02 secs] 
2014-03-05T13:45:34.979+0000: 113800.964: [GC2014-03-05T13:45:34.979+0000: 113800.964: [ParNew
Desired survivor size 8716288 bytes, new threshold 5 (max 6)
- age   1:    2785832 bytes,    2785832 total
- age   2:    2082448 bytes,    4868280 total
- age   3:    1349712 bytes,    6217992 total
- age   4:    1757592 bytes,    7975584 total
- age   5:    1395104 bytes,    9370688 total
: 151756K->10533K(153344K), 0.0239770 secs] 818390K->679200K(1031552K), 0.0241580 secs] [Times: user=0.05 sys=0.00, real=0.03 secs] 
2014-03-05T13:48:49.909+0000: 113995.894: [GC2014-03-05T13:48:49.909+0000: 113995.894: [ParNew
Desired survivor size 8716288 bytes, new threshold 5 (max 6)
- age   1:    2329400 bytes,    2329400 total
- age   2:    2252008 bytes,    4581408 total
- age   3:    2080192 bytes,    6661600 total
- age   4:    1348424 bytes,    8010024 total
- age   5:    1757328 bytes,    9767352 total
: 146853K->16079K(153344K), 0.0229820 secs] 815520K->686180K(1031552K), 0.0231530 secs] [Times: user=0.05 sys=0.00, real=0.02 secs] 
2014-03-05T13:52:06.098+0000: 114192.083: [GC2014-03-05T13:52:06.098+0000: 114192.083: [ParNew
Desired survivor size 8716288 bytes, new threshold 5 (max 6)
- age   1:    2346896 bytes,    2346896 total
- age   2:    1813016 bytes,    4159912 total
- age   3:    2121768 bytes,    6281680 total
- age   4:    2079752 bytes,    8361432 total
- age   5:    1348184 bytes,    9709616 total
: 152399K->11180K(153344K), 0.0247980 secs] 822500K->683086K(1031552K), 0.0249780 secs] [Times: user=0.05 sys=0.00, real=0.03 secs] 
2014-03-05T13:55:26.683+0000: 114392.668: [GC2014-03-05T13:55:26.683+0000: 114392.668: [ParNew
Desired survivor size 8716288 bytes, new threshold 5 (max 6)
- age   1:    2616600 bytes,    2616600 total
- age   2:    1832000 bytes,    4448600 total
- age   3:    1802176 bytes,    6250776 total
- age   4:    2120216 bytes,    8370992 total
- age   5:    2079488 bytes,   10450480 total
: 147500K->16829K(153344K), 0.0236910 secs] 819406K->690075K(1031552K), 0.0238680 secs] [Times: user=0.05 sys=0.00, real=0.02 secs] 
2014-03-05T13:58:17.396+0000: 114563.381: [GC2014-03-05T13:58:17.396+0000: 114563.381: [ParNew
Desired survivor size 8716288 bytes, new threshold 5 (max 6)
- age   1:    2336592 bytes,    2336592 total
- age   2:    1861856 bytes,    4198448 total
- age   3:    1819296 bytes,    6017744 total
- age   4:    1800552 bytes,    7818296 total
- age   5:    2080432 bytes,    9898728 total
: 153149K->11959K(153344K), 0.0250790 secs] 826395K->687340K(1031552K), 0.0252570 secs] [Times: user=0.05 sys=0.00, real=0.02 secs] 
2014-03-05T14:01:42.035+0000: 114768.020: [GC2014-03-05T14:01:42.036+0000: 114768.020: [ParNew
Desired survivor size 8716288 bytes, new threshold 5 (max 6)
- age   1:    2398992 bytes,    2398992 total
- age   2:    1584544 bytes,    3983536 total
- age   3:    1858400 bytes,    5841936 total
- age   4:    1807728 bytes,    7649664 total
- age   5:    1800328 bytes,    9449992 total
: 148279K->16980K(153344K), 0.0240970 secs] 823660K->694485K(1031552K), 0.0242790 secs] [Times: user=0.05 sys=0.00, real=0.02 secs] 
2014-03-05T14:04:41.680+0000: 114947.665: [GC2014-03-05T14:04:41.680+0000: 114947.665: [ParNew
Desired survivor size 8716288 bytes, new threshold 5 (max 6)
- age   1:    2537592 bytes,    2537592 total
- age   2:    1901928 bytes,    4439520 total
- age   3:    1573144 bytes,    6012664 total
- age   4:    1857992 bytes,    7870656 total
- age   5:    1806608 bytes,    9677264 total
: 153300K->11324K(153344K), 0.0244260 secs] 830805K->690681K(1031552K), 0.0246110 secs] [Times: user=0.05 sys=0.00, real=0.03 secs] 
2014-03-05T14:08:22.239+0000: 115168.224: [GC2014-03-05T14:08:22.239+0000: 115168.224: [ParNew
Desired survivor size 8716288 bytes, new threshold 5 (max 6)
- age   1:    2471184 bytes,    2471184 total
- age   2:    1780568 bytes,    4251752 total
- age   3:    1898328 bytes,    6150080 total
- age   4:    1572160 bytes,    7722240 total
- age   5:    1857872 bytes,    9580112 total
: 147644K->12410K(153344K), 0.0247740 secs] 827001K->693623K(1031552K), 0.0249350 secs] [Times: user=0.05 sys=0.00, real=0.03 secs] 
2014-03-05T14:12:04.952+0000: 115390.937: [GC2014-03-05T14:12:04.952+0000: 115390.937: [ParNew
Desired survivor size 8716288 bytes, new threshold 5 (max 6)
- age   1:    2401304 bytes,    2401304 total
- age   2:    2067416 bytes,    4468720 total
- age   3:    1708712 bytes,    6177432 total
- age   4:    1897912 bytes,    8075344 total
- age   5:    1571704 bytes,    9647048 total
: 148730K->17024K(153344K), 0.0248950 secs] 829943K->700349K(1031552K), 0.0250700 secs] [Times: user=0.05 sys=0.00, real=0.03 secs] 
2014-03-05T14:15:25.195+0000: 115591.180: [GC2014-03-05T14:15:25.195+0000: 115591.180: [ParNew
Desired survivor size 8716288 bytes, new threshold 5 (max 6)
- age   1:    2625960 bytes,    2625960 total
- age   2:    2096832 bytes,    4722792 total
- age   3:    2065464 bytes,    6788256 total
- age   4:    1707352 bytes,    8495608 total
- age   5:    1897576 bytes,   10393184 total
: 153344K->11832K(153344K), 0.0251120 secs] 836669K->696774K(1031552K), 0.0252720 secs] [Times: user=0.05 sys=0.00, real=0.02 secs] 
2014-03-05T14:18:44.819+0000: 115790.804: [GC2014-03-05T14:18:44.819+0000: 115790.804: [ParNew
Desired survivor size 8716288 bytes, new threshold 5 (max 6)
- age   1:    2205928 bytes,    2205928 total
- age   2:    1979856 bytes,    4185784 total
- age   3:    2095560 bytes,    6281344 total
- age   4:    2064400 bytes,    8345744 total
- age   5:    1707064 bytes,   10052808 total
: 148152K->17024K(153344K), 0.0260130 secs] 833094K->704210K(1031552K), 0.0261840 secs] [Times: user=0.04 sys=0.01, real=0.03 secs] 
2014-03-05T14:22:08.499+0000: 115994.483: [GC2014-03-05T14:22:08.499+0000: 115994.483: [ParNew
Desired survivor size 8716288 bytes, new threshold 5 (max 6)
- age   1:    2383808 bytes,    2383808 total
- age   2:    1845984 bytes,    4229792 total
- age   3:    1968208 bytes,    6198000 total
- age   4:    2094368 bytes,    8292368 total
- age   5:    2063416 bytes,   10355784 total
: 153344K->12048K(153344K), 0.0253960 secs] 840530K->700988K(1031552K), 0.0256000 secs] [Times: user=0.06 sys=0.00, real=0.03 secs] 
2014-03-05T14:25:35.041+0000: 116201.026: [GC2014-03-05T14:25:35.041+0000: 116201.026: [ParNew
Desired survivor size 8716288 bytes, new threshold 5 (max 6)
- age   1:    2270512 bytes,    2270512 total
- age   2:    1870896 bytes,    4141408 total
- age   3:    1843968 bytes,    5985376 total
- age   4:    1927248 bytes,    7912624 total
- age   5:    2093984 bytes,   10006608 total
: 148368K->17024K(153344K), 0.0265890 secs] 837308K->708392K(1031552K), 0.0267540 secs] [Times: user=0.05 sys=0.00, real=0.03 secs] 
2014-03-05T14:29:11.131+0000: 116417.116: [GC2014-03-05T14:29:11.131+0000: 116417.116: [ParNew
Desired survivor size 8716288 bytes, new threshold 5 (max 6)
- age   1:    2463240 bytes,    2463240 total
- age   2:    1950848 bytes,    4414088 total
- age   3:    1869856 bytes,    6283944 total
- age   4:    1839576 bytes,    8123520 total
- age   5:    1926336 bytes,   10049856 total
: 153342K->11974K(153344K), 0.0274830 secs] 844710K->705493K(1031552K), 0.0276780 secs] [Times: user=0.06 sys=0.00, real=0.03 secs] 
2014-03-05T14:32:42.583+0000: 116628.568: [GC2014-03-05T14:32:42.583+0000: 116628.568: [ParNew
Desired survivor size 8716288 bytes, new threshold 5 (max 6)
- age   1:    2331624 bytes,    2331624 total
- age   2:    2006496 bytes,    4338120 total
- age   3:    1935552 bytes,    6273672 total
- age   4:    1869224 bytes,    8142896 total
- age   5:    1839384 bytes,    9982280 total
: 148294K->17024K(153344K), 0.0258900 secs] 841813K->712807K(1031552K), 0.0260570 secs] [Times: user=0.05 sys=0.00, real=0.02 secs] 
2014-03-05T14:36:15.193+0000: 116841.178: [GC2014-03-05T14:36:15.193+0000: 116841.178: [ParNew
Desired survivor size 8716288 bytes, new threshold 5 (max 6)
- age   1:    2682608 bytes,    2682608 total
- age   2:    2076616 bytes,    4759224 total
- age   3:    1995008 bytes,    6754232 total
- age   4:    1934664 bytes,    8688896 total
- age   5:    1868792 bytes,   10557688 total
: 153344K->11904K(153344K), 0.0255620 secs] 849127K->709578K(1031552K), 0.0257360 secs] [Times: user=0.06 sys=0.00, real=0.03 secs] 
2014-03-05T14:39:03.948+0000: 117009.933: [GC2014-03-05T14:39:03.948+0000: 117009.933: [ParNew
Desired survivor size 8716288 bytes, new threshold 5 (max 6)
- age   1:    1999248 bytes,    1999248 total
- age   2:    2084600 bytes,    4083848 total
- age   3:    2072856 bytes,    6156704 total
- age   4:    1993864 bytes,    8150568 total
- age   5:    1934192 bytes,   10084760 total
: 148224K->17024K(153344K), 0.0268400 secs] 845898K->717018K(1031552K), 0.0270160 secs] [Times: user=0.06 sys=0.00, real=0.03 secs] 
2014-03-05T14:41:56.614+0000: 117182.599: [GC2014-03-05T14:41:56.614+0000: 117182.599: [ParNew
Desired survivor size 8716288 bytes, new threshold 5 (max 6)
- age   1:    2256808 bytes,    2256808 total
- age   2:    1675648 bytes,    3932456 total
- age   3:    1988048 bytes,    5920504 total
- age   4:    2072296 bytes,    7992800 total
- age   5:    1993600 bytes,    9986400 total
: 153344K->12274K(153344K), 0.0256110 secs] 853338K->714257K(1031552K), 0.0257930 secs] [Times: user=0.06 sys=0.00, real=0.03 secs] 
2014-03-05T14:45:31.827+0000: 117397.812: [GC2014-03-05T14:45:31.827+0000: 117397.812: [ParNew
Desired survivor size 8716288 bytes, new threshold 5 (max 6)
- age   1:    2318824 bytes,    2318824 total
- age   2:    1608528 bytes,    3927352 total
- age   3:    1636928 bytes,    5564280 total
- age   4:    1987232 bytes,    7551512 total
- age   5:    2029952 bytes,    9581464 total
: 148594K->17024K(153344K), 0.0286880 secs] 850577K->721281K(1031552K), 0.0288940 secs] [Times: user=0.05 sys=0.00, real=0.03 secs] 
2014-03-05T14:49:15.260+0000: 117621.245: [GC2014-03-05T14:49:15.260+0000: 117621.245: [ParNew
Desired survivor size 8716288 bytes, new threshold 5 (max 6)
- age   1:    2499664 bytes,    2499664 total
- age   2:    2026304 bytes,    4525968 total
- age   3:    1607560 bytes,    6133528 total
- age   4:    1636328 bytes,    7769856 total
- age   5:    1986944 bytes,    9756800 total
: 153344K->11440K(153344K), 0.0257220 secs] 857601K->717781K(1031552K), 0.0259190 secs] [Times: user=0.06 sys=0.00, real=0.03 secs] 
2014-03-05T14:52:55.451+0000: 117841.436: [GC2014-03-05T14:52:55.451+0000: 117841.436: [ParNew
Desired survivor size 8716288 bytes, new threshold 5 (max 6)
- age   1:    2451648 bytes,    2451648 total
- age   2:    2080920 bytes,    4532568 total
- age   3:    2024136 bytes,    6556704 total
- age   4:    1606072 bytes,    8162776 total
- age   5:    1635336 bytes,    9798112 total
: 147760K->17024K(153344K), 0.0252180 secs] 854101K->725431K(1031552K), 0.0253990 secs] [Times: user=0.06 sys=0.00, real=0.03 secs] 
2014-03-05T14:55:27.693+0000: 117993.678: [GC2014-03-05T14:55:27.693+0000: 117993.678: [ParNew
Desired survivor size 8716288 bytes, new threshold 4 (max 6)
- age   1:    3458512 bytes,    3458512 total
- age   2:    2034200 bytes,    5492712 total
- age   3:    2079576 bytes,    7572288 total
- age   4:    2022760 bytes,    9595048 total
- age   5:    1605256 bytes,   11200304 total
: 153344K->11746K(153344K), 0.0248990 secs] 861751K->721831K(1031552K), 0.0250870 secs] [Times: user=0.05 sys=0.00, real=0.03 secs] 
2014-03-05T14:58:10.175+0000: 118156.160: [GC2014-03-05T14:58:10.175+0000: 118156.160: [ParNew
Desired survivor size 8716288 bytes, new threshold 4 (max 6)
- age   1:    2388432 bytes,    2388432 total
- age   2:    2702856 bytes,    5091288 total
- age   3:    2033512 bytes,    7124800 total
- age   4:    2079224 bytes,    9204024 total
: 148066K->14291K(153344K), 0.0289350 secs] 858151K->728063K(1031552K), 0.0291380 secs] [Times: user=0.05 sys=0.00, real=0.03 secs] 
2014-03-05T15:01:20.284+0000: 118346.269: [GC2014-03-05T15:01:20.284+0000: 118346.269: [ParNew
Desired survivor size 8716288 bytes, new threshold 6 (max 6)
- age   1:    2386448 bytes,    2386448 total
- age   2:    1548920 bytes,    3935368 total
- age   3:    1603328 bytes,    5538696 total
- age   4:    2032392 bytes,    7571088 total
: 150611K->9046K(153344K), 0.0224630 secs] 864383K->724955K(1031552K), 0.0226300 secs] [Times: user=0.04 sys=0.00, real=0.02 secs] 
2014-03-05T15:04:05.695+0000: 118511.680: [GC2014-03-05T15:04:05.695+0000: 118511.680: [ParNew
Desired survivor size 8716288 bytes, new threshold 5 (max 6)
- age   1:    2621088 bytes,    2621088 total
- age   2:    1840832 bytes,    4461920 total
- age   3:    1544896 bytes,    6006816 total
- age   4:    1602472 bytes,    7609288 total
- age   5:    2032088 bytes,    9641376 total
: 145366K->15375K(153344K), 0.0194010 secs] 861275K->731284K(1031552K), 0.0195790 secs] [Times: user=0.04 sys=0.00, real=0.02 secs] 
2014-03-05T15:07:11.839+0000: 118697.824: [GC2014-03-05T15:07:11.839+0000: 118697.824: [ParNew
Desired survivor size 8716288 bytes, new threshold 5 (max 6)
- age   1:    2629008 bytes,    2629008 total
- age   2:    1832968 bytes,    4461976 total
- age   3:    1759736 bytes,    6221712 total
- age   4:    1499064 bytes,    7720776 total
- age   5:    1601872 bytes,    9322648 total
: 151695K->13308K(153344K), 0.0240900 secs] 867604K->731306K(1031552K), 0.0242670 secs] [Times: user=0.05 sys=0.00, real=0.03 secs] 
2014-03-05T15:10:13.831+0000: 118879.816: [GC2014-03-05T15:10:13.831+0000: 118879.816: [ParNew
Desired survivor size 8716288 bytes, new threshold 5 (max 6)
- age   1:    2480048 bytes,    2480048 total
- age   2:    1881040 bytes,    4361088 total
- age   3:    1744584 bytes,    6105672 total
- age   4:    1759208 bytes,    7864880 total
- age   5:    1498536 bytes,    9363416 total
: 149628K->13419K(153344K), 0.0229380 secs] 867626K->733056K(1031552K), 0.0231100 secs] [Times: user=0.05 sys=0.00, real=0.02 secs] 
2014-03-05T15:13:31.601+0000: 119077.585: [GC2014-03-05T15:13:31.601+0000: 119077.586: [ParNew
Desired survivor size 8716288 bytes, new threshold 5 (max 6)
- age   1:    2197096 bytes,    2197096 total
- age   2:    1860088 bytes,    4057184 total
- age   3:    1756440 bytes,    5813624 total
- age   4:    1743936 bytes,    7557560 total
- age   5:    1757128 bytes,    9314688 total
: 149739K->17024K(153344K), 0.0235120 secs] 869376K->738506K(1031552K), 0.0236910 secs] [Times: user=0.05 sys=0.00, real=0.03 secs] 
2014-03-05T15:16:06.067+0000: 119232.051: [GC2014-03-05T15:16:06.067+0000: 119232.051: [ParNew
Desired survivor size 8716288 bytes, new threshold 5 (max 6)
- age   1:    2852936 bytes,    2852936 total
- age   2:    1880528 bytes,    4733464 total
- age   3:    1748280 bytes,    6481744 total
- age   4:    1746032 bytes,    8227776 total
- age   5:    1742288 bytes,    9970064 total
: 153344K->11920K(153344K), 0.0269920 secs] 874826K->735209K(1031552K), 0.0271980 secs] [Times: user=0.04 sys=0.00, real=0.02 secs] 
2014-03-05T15:19:59.231+0000: 119465.215: [GC2014-03-05T15:19:59.231+0000: 119465.216: [ParNew
Desired survivor size 8716288 bytes, new threshold 5 (max 6)
- age   1:    2613096 bytes,    2613096 total
- age   2:    1600672 bytes,    4213768 total
- age   3:    1817136 bytes,    6030904 total
- age   4:    1702296 bytes,    7733200 total
- age   5:    1705432 bytes,    9438632 total
: 148240K->16475K(153344K), 0.0230930 secs] 871529K->741350K(1031552K), 0.0232630 secs] [Times: user=0.05 sys=0.00, real=0.03 secs] 
2014-03-05T15:23:35.909+0000: 119681.894: [GC2014-03-05T15:23:35.909+0000: 119681.894: [ParNew
Desired survivor size 8716288 bytes, new threshold 5 (max 6)
- age   1:    2972848 bytes,    2972848 total
- age   2:    2168312 bytes,    5141160 total
- age   3:    1491592 bytes,    6632752 total
- age   4:    1816648 bytes,    8449400 total
- age   5:    1701696 bytes,   10151096 total
: 152795K->11113K(153344K), 0.0243750 secs] 877670K->737741K(1031552K), 0.0245420 secs] [Times: user=0.05 sys=0.00, real=0.02 secs] 
2014-03-05T15:27:13.212+0000: 119899.197: [GC2014-03-05T15:27:13.212+0000: 119899.197: [ParNew
Desired survivor size 8716288 bytes, new threshold 4 (max 6)
- age   1:    2744248 bytes,    2744248 total
- age   2:    2504424 bytes,    5248672 total
- age   3:    2162888 bytes,    7411560 total
- age   4:    1489880 bytes,    8901440 total
- age   5:    1816072 bytes,   10717512 total
: 147433K->17024K(153344K), 0.0255760 secs] 874061K->745635K(1031552K), 0.0257290 secs] [Times: user=0.05 sys=0.00, real=0.03 secs] 
2014-03-05T15:31:00.719+0000: 120126.704: [GC2014-03-05T15:31:00.719+0000: 120126.704: [ParNew
Desired survivor size 8716288 bytes, new threshold 4 (max 6)
- age   1:    2482368 bytes,    2482368 total
- age   2:    2566688 bytes,    5049056 total
- age   3:    2051168 bytes,    7100224 total
- age   4:    2162104 bytes,    9262328 total
: 153344K->10190K(153344K), 0.0298740 secs] 881955K->742195K(1031552K), 0.0300650 secs] [Times: user=0.05 sys=0.00, real=0.03 secs] 
2014-03-05T15:34:45.050+0000: 120351.034: [GC2014-03-05T15:34:45.050+0000: 120351.035: [ParNew
Desired survivor size 8716288 bytes, new threshold 4 (max 6)
- age   1:    2516496 bytes,    2516496 total
- age   2:    2090048 bytes,    4606544 total
- age   3:    2458032 bytes,    7064576 total
- age   4:    2049472 bytes,    9114048 total
: 146510K->13911K(153344K), 0.0240410 secs] 878515K->748138K(1031552K), 0.0242180 secs] [Times: user=0.05 sys=0.00, real=0.02 secs] 
2014-03-05T15:38:29.620+0000: 120575.604: [GC2014-03-05T15:38:29.620+0000: 120575.604: [ParNew
Desired survivor size 8716288 bytes, new threshold 4 (max 6)
- age   1:    2674528 bytes,    2674528 total
- age   2:    2092704 bytes,    4767232 total
- age   3:    2079280 bytes,    6846512 total
- age   4:    2438552 bytes,    9285064 total
: 150231K->13458K(153344K), 0.0237090 secs] 884458K->749790K(1031552K), 0.0238670 secs] [Times: user=0.05 sys=0.00, real=0.03 secs] 
2014-03-05T15:41:55.720+0000: 120781.705: [GC2014-03-05T15:41:55.720+0000: 120781.705: [ParNew
Desired survivor size 8716288 bytes, new threshold 4 (max 6)
- age   1:    2530592 bytes,    2530592 total
- age   2:    2176800 bytes,    4707392 total
- age   3:    2078384 bytes,    6785776 total
- age   4:    2077384 bytes,    8863160 total
: 149778K->13522K(153344K), 0.0237190 secs] 886110K->752305K(1031552K), 0.0238760 secs] [Times: user=0.04 sys=0.00, real=0.03 secs] 
2014-03-05T15:45:35.112+0000: 121001.097: [GC2014-03-05T15:45:35.112+0000: 121001.097: [ParNew
Desired survivor size 8716288 bytes, new threshold 6 (max 6)
- age   1:    2437496 bytes,    2437496 total
- age   2:    1909832 bytes,    4347328 total
- age   3:    2165640 bytes,    6512968 total
- age   4:    2077640 bytes,    8590608 total
: 149842K->8724K(153344K), 0.0234500 secs] 888625K->749643K(1031552K), 0.0236230 secs] [Times: user=0.05 sys=0.00, real=0.03 secs] 
2014-03-05T15:49:07.784+0000: 121213.769: [GC2014-03-05T15:49:07.784+0000: 121213.769: [ParNew
Desired survivor size 8716288 bytes, new threshold 4 (max 6)
- age   1:    2657720 bytes,    2657720 total
- age   2:    2045776 bytes,    4703496 total
- age   3:    1898256 bytes,    6601752 total
- age   4:    2119008 bytes,    8720760 total
- age   5:    2077208 bytes,   10797968 total
: 145044K->16758K(153344K), 0.0206220 secs] 885963K->757677K(1031552K), 0.0208080 secs] [Times: user=0.05 sys=0.00, real=0.02 secs] 
2014-03-05T15:52:57.645+0000: 121443.629: [GC2014-03-05T15:52:57.645+0000: 121443.629: [ParNew
Desired survivor size 8716288 bytes, new threshold 6 (max 6)
- age   1:    2562416 bytes,    2562416 total
- age   2:    2035304 bytes,    4597720 total
- age   3:    2034696 bytes,    6632416 total
- age   4:    1897128 bytes,    8529544 total
: 153078K->9925K(153344K), 0.0288580 secs] 893997K->755116K(1031552K), 0.0290320 secs] [Times: user=0.07 sys=0.00, real=0.02 secs] 
2014-03-05T15:56:45.909+0000: 121671.894: [GC2014-03-05T15:56:45.909+0000: 121671.894: [ParNew
Desired survivor size 8716288 bytes, new threshold 4 (max 6)
- age   1:    2787376 bytes,    2787376 total
- age   2:    2097312 bytes,    4884688 total
- age   3:    2032784 bytes,    6917472 total
- age   4:    2033360 bytes,    8950832 total
- age   5:    1896008 bytes,   10846840 total
: 146245K->17024K(153344K), 0.0208830 secs] 891436K->762370K(1031552K), 0.0210530 secs] [Times: user=0.05 sys=0.00, real=0.02 secs] 
2014-03-05T16:00:44.913+0000: 121910.898: [GC2014-03-05T16:00:44.913+0000: 121910.898: [ParNew
Desired survivor size 8716288 bytes, new threshold 4 (max 6)
- age   1:    2550144 bytes,    2550144 total
- age   2:    2548576 bytes,    5098720 total
- age   3:    2095472 bytes,    7194192 total
- age   4:    2031816 bytes,    9226008 total
: 153344K->10229K(153344K), 0.0290600 secs] 898690K->759613K(1031552K), 0.0292320 secs] [Times: user=0.06 sys=0.00, real=0.04 secs] 
2014-03-05T16:04:40.346+0000: 122146.331: [GC2014-03-05T16:04:40.347+0000: 122146.331: [ParNew
Desired survivor size 8716288 bytes, new threshold 4 (max 6)
- age   1:    2573192 bytes,    2573192 total
- age   2:    2264584 bytes,    4837776 total
- age   3:    2537720 bytes,    7375496 total
- age   4:    2094192 bytes,    9469688 total
: 146549K->13912K(153344K), 0.0258460 secs] 895933K->765382K(1031552K), 0.0260380 secs] [Times: user=0.05 sys=0.00, real=0.02 secs] 
2014-03-05T16:08:13.985+0000: 122359.970: [GC2014-03-05T16:08:13.985+0000: 122359.970: [ParNew
Desired survivor size 8716288 bytes, new threshold 4 (max 6)
- age   1:    2461480 bytes,    2461480 total
- age   2:    2173680 bytes,    4635160 total
- age   3:    2263056 bytes,    6898216 total
- age   4:    2519872 bytes,    9418088 total
: 150232K->14016K(153344K), 0.0246530 secs] 901702K->767636K(1031552K), 0.0248290 secs] [Times: user=0.05 sys=0.00, real=0.02 secs] 
2014-03-05T16:11:52.144+0000: 122578.129: [GC2014-03-05T16:11:52.145+0000: 122578.129: [ParNew
Desired survivor size 8716288 bytes, new threshold 4 (max 6)
- age   1:    2928408 bytes,    2928408 total
- age   2:    1994672 bytes,    4923080 total
- age   3:    2172608 bytes,    7095688 total
- age   4:    2262512 bytes,    9358200 total
: 150336K->13588K(153344K), 0.0261980 secs] 903956K->769666K(1031552K), 0.0263720 secs] [Times: user=0.04 sys=0.01, real=0.02 secs] 
2014-03-05T16:15:36.351+0000: 122802.336: [GC2014-03-05T16:15:36.351+0000: 122802.336: [ParNew
Desired survivor size 8716288 bytes, new threshold 4 (max 6)
- age   1:    2572344 bytes,    2572344 total
- age   2:    2431528 bytes,    5003872 total
- age   3:    1991000 bytes,    6994872 total
- age   4:    2172088 bytes,    9166960 total
: 149908K->13563K(153344K), 0.0253140 secs] 905986K->771919K(1031552K), 0.0254960 secs] [Times: user=0.06 sys=0.00, real=0.03 secs] 
2014-03-05T16:19:25.560+0000: 123031.544: [GC2014-03-05T16:19:25.560+0000: 123031.545: [ParNew
Desired survivor size 8716288 bytes, new threshold 4 (max 6)
- age   1:    2624432 bytes,    2624432 total
- age   2:    2087776 bytes,    4712208 total
- age   3:    2408960 bytes,    7121168 total
- age   4:    1989224 bytes,    9110392 total
: 149883K->13366K(153344K), 0.0250730 secs] 908239K->773955K(1031552K), 0.0252400 secs] [Times: user=0.05 sys=0.00, real=0.03 secs] 
2014-03-05T16:23:12.231+0000: 123258.216: [GC2014-03-05T16:23:12.231+0000: 123258.216: [ParNew
Desired survivor size 8716288 bytes, new threshold 4 (max 6)
- age   1:    2612696 bytes,    2612696 total
- age   2:    2135232 bytes,    4747928 total
- age   3:    2075320 bytes,    6823248 total
- age   4:    2392440 bytes,    9215688 total
: 149686K->13659K(153344K), 0.0246150 secs] 910275K->776291K(1031552K), 0.0247880 secs] [Times: user=0.04 sys=0.00, real=0.03 secs] 
2014-03-05T16:27:05.426+0000: 123491.410: [GC2014-03-05T16:27:05.426+0000: 123491.410: [ParNew
Desired survivor size 8716288 bytes, new threshold 4 (max 6)
- age   1:    2569016 bytes,    2569016 total
- age   2:    2122240 bytes,    4691256 total
- age   3:    2133200 bytes,    6824456 total
- age   4:    2073928 bytes,    8898384 total
: 149979K->12961K(153344K), 0.0249160 secs] 912611K->777683K(1031552K), 0.0250850 secs] [Times: user=0.05 sys=0.00, real=0.02 secs] 
2014-03-05T16:30:50.337+0000: 123716.322: [GC2014-03-05T16:30:50.337+0000: 123716.322: [ParNew
Desired survivor size 8716288 bytes, new threshold 4 (max 6)
- age   1:    2527688 bytes,    2527688 total
- age   2:    2219368 bytes,    4747056 total
- age   3:    2120112 bytes,    6867168 total
- age   4:    2132320 bytes,    8999488 total
: 149281K->13009K(153344K), 0.0248230 secs] 914003K->779864K(1031552K), 0.0249880 secs] [Times: user=0.04 sys=0.01, real=0.03 secs] 
2014-03-05T16:34:38.663+0000: 123944.648: [GC2014-03-05T16:34:38.663+0000: 123944.648: [ParNew
Desired survivor size 8716288 bytes, new threshold 4 (max 6)
- age   1:    2532792 bytes,    2532792 total
- age   2:    2121440 bytes,    4654232 total
- age   3:    2172088 bytes,    6826320 total
- age   4:    2079976 bytes,    8906296 total
: 149329K->13014K(153344K), 0.0255430 secs] 916184K->782059K(1031552K), 0.0257120 secs] [Times: user=0.04 sys=0.00, real=0.02 secs] 
2014-03-05T16:38:22.481+0000: 124168.466: [GC2014-03-05T16:38:22.481+0000: 124168.466: [ParNew
Desired survivor size 8716288 bytes, new threshold 4 (max 6)
- age   1:    2458256 bytes,    2458256 total
- age   2:    2111736 bytes,    4569992 total
- age   3:    2119168 bytes,    6689160 total
- age   4:    2171048 bytes,    8860208 total
: 149334K->17024K(153344K), 0.0273180 secs] 918379K->788406K(1031552K), 0.0274950 secs] [Times: user=0.05 sys=0.00, real=0.03 secs] 
2014-03-05T16:42:02.628+0000: 124388.612: [GC2014-03-05T16:42:02.628+0000: 124388.613: [ParNew
Desired survivor size 8716288 bytes, new threshold 4 (max 6)
- age   1:    2467792 bytes,    2467792 total
- age   2:    2223200 bytes,    4690992 total
- age   3:    2101088 bytes,    6792080 total
- age   4:    2118328 bytes,    8910408 total
: 153344K->10962K(153344K), 0.0253490 secs] 924726K->784577K(1031552K), 0.0255310 secs] [Times: user=0.05 sys=0.00, real=0.02 secs] 
2014-03-05T16:45:21.588+0000: 124587.572: [GC2014-03-05T16:45:21.588+0000: 124587.572: [ParNew
Desired survivor size 8716288 bytes, new threshold 4 (max 6)
- age   1:    3201752 bytes,    3201752 total
- age   2:    2058592 bytes,    5260344 total
- age   3:    2114256 bytes,    7374600 total
- age   4:    2100288 bytes,    9474888 total
: 147282K->15717K(153344K), 0.0261890 secs] 920897K->791508K(1031552K), 0.0263540 secs] [Times: user=0.05 sys=0.00, real=0.02 secs] 
2014-03-05T16:49:05.461+0000: 124811.445: [GC2014-03-05T16:49:05.461+0000: 124811.445: [ParNew
Desired survivor size 8716288 bytes, new threshold 4 (max 6)
- age   1:    2451672 bytes,    2451672 total
- age   2:    2472896 bytes,    4924568 total
- age   3:    2057288 bytes,    6981856 total
- age   4:    2113160 bytes,    9095016 total
: 152037K->10774K(153344K), 0.0257750 secs] 927828K->788724K(1031552K), 0.0259610 secs] [Times: user=0.04 sys=0.02, real=0.03 secs] 
2014-03-05T16:52:55.200+0000: 125041.185: [GC2014-03-05T16:52:55.200+0000: 125041.185: [ParNew
Desired survivor size 8716288 bytes, new threshold 4 (max 6)
- age   1:    2541944 bytes,    2541944 total
- age   2:    2075512 bytes,    4617456 total
- age   3:    2133168 bytes,    6750624 total
- age   4:    2056504 bytes,    8807128 total
: 147094K->15840K(153344K), 0.0245390 secs] 925044K->795961K(1031552K), 0.0246990 secs] [Times: user=0.05 sys=0.00, real=0.03 secs] 
2014-03-05T16:56:26.781+0000: 125252.766: [GC2014-03-05T16:56:26.781+0000: 125252.766: [ParNew
Desired survivor size 8716288 bytes, new threshold 4 (max 6)
- age   1:    2982120 bytes,    2982120 total
- age   2:    2182424 bytes,    5164544 total
- age   3:    2074304 bytes,    7238848 total
- age   4:    2117064 bytes,    9355912 total
: 152160K->10765K(153344K), 0.0247270 secs] 932281K->792998K(1031552K), 0.0248930 secs] [Times: user=0.04 sys=0.00, real=0.03 secs] 
2014-03-05T17:00:02.521+0000: 125468.506: [GC2014-03-05T17:00:02.521+0000: 125468.506: [ParNew
Desired survivor size 8716288 bytes, new threshold 4 (max 6)
- age   1:    2561608 bytes,    2561608 total
- age   2:    2497056 bytes,    5058664 total
- age   3:    2126208 bytes,    7184872 total
- age   4:    2073432 bytes,    9258304 total
: 147085K->15711K(153344K), 0.0247610 secs] 929318K->799832K(1031552K), 0.0249440 secs] [Times: user=0.05 sys=0.00, real=0.03 secs] 
2014-03-05T17:03:48.221+0000: 125694.205: [GC2014-03-05T17:03:48.221+0000: 125694.205: [ParNew
Desired survivor size 8716288 bytes, new threshold 4 (max 6)
- age   1:    2522576 bytes,    2522576 total
- age   2:    2024624 bytes,    4547200 total
- age   3:    2331624 bytes,    6878824 total
- age   4:    2125056 bytes,    9003880 total
: 152031K->10653K(153344K), 0.0245260 secs] 936152K->796906K(1031552K), 0.0246940 secs] [Times: user=0.05 sys=0.00, real=0.03 secs] 
2014-03-05T17:07:37.687+0000: 125923.672: [GC2014-03-05T17:07:37.687+0000: 125923.672: [ParNew
Desired survivor size 8716288 bytes, new threshold 4 (max 6)
- age   1:    2625400 bytes,    2625400 total
- age   2:    2079064 bytes,    4704464 total
- age   3:    2023240 bytes,    6727704 total
- age   4:    2311016 bytes,    9038720 total
: 146973K->16036K(153344K), 0.0246860 secs] 933226K->804474K(1031552K), 0.0248530 secs] [Times: user=0.04 sys=0.01, real=0.02 secs] 
2014-03-05T17:11:24.134+0000: 126150.118: [GC2014-03-05T17:11:24.134+0000: 126150.118: [ParNew
Desired survivor size 8716288 bytes, new threshold 4 (max 6)
- age   1:    2925224 bytes,    2925224 total
- age   2:    2171304 bytes,    5096528 total
- age   3:    2057832 bytes,    7154360 total
- age   4:    2022200 bytes,    9176560 total
: 152356K->10299K(153344K), 0.0245860 secs] 940794K->800744K(1031552K), 0.0247510 secs] [Times: user=0.05 sys=0.00, real=0.03 secs] 
2014-03-05T17:15:20.307+0000: 126386.292: [GC2014-03-05T17:15:20.307+0000: 126386.292: [ParNew
Desired survivor size 8716288 bytes, new threshold 4 (max 6)
- age   1:    2539928 bytes,    2539928 total
- age   2:    2538136 bytes,    5078064 total
- age   3:    2158944 bytes,    7237008 total
- age   4:    2055848 bytes,    9292856 total
: 146619K->15847K(153344K), 0.0245460 secs] 937064K->808370K(1031552K), 0.0247010 secs] [Times: user=0.06 sys=0.00, real=0.02 secs] 
2014-03-05T17:18:45.219+0000: 126591.204: [GC2014-03-05T17:18:45.219+0000: 126591.204: [ParNew
Desired survivor size 8716288 bytes, new threshold 4 (max 6)
- age   1:    2903280 bytes,    2903280 total
- age   2:    2202936 bytes,    5106216 total
- age   3:    2479744 bytes,    7585960 total
- age   4:    2158136 bytes,    9744096 total
: 152167K->10881K(153344K), 0.0250990 secs] 944690K->805517K(1031552K), 0.0252810 secs] [Times: user=0.05 sys=0.00, real=0.03 secs] 
2014-03-05T17:22:49.965+0000: 126835.950: [GC2014-03-05T17:22:49.965+0000: 126835.950: [ParNew
Desired survivor size 8716288 bytes, new threshold 4 (max 6)
- age   1:    2558848 bytes,    2558848 total
- age   2:    2072336 bytes,    4631184 total
- age   3:    2182920 bytes,    6814104 total
- age   4:    2464824 bytes,    9278928 total
: 147201K->12798K(153344K), 0.0251930 secs] 941837K->809650K(1031552K), 0.0253580 secs] [Times: user=0.05 sys=0.00, real=0.02 secs] 
2014-03-05T17:26:56.916+0000: 127082.901: [GC2014-03-05T17:26:56.916+0000: 127082.901: [ParNew
Desired survivor size 8716288 bytes, new threshold 4 (max 6)
- age   1:    2588896 bytes,    2588896 total
- age   2:    2277304 bytes,    4866200 total
- age   3:    1953696 bytes,    6819896 total
- age   4:    2181680 bytes,    9001576 total
: 149118K->12923K(153344K), 0.0248010 secs] 945970K->811980K(1031552K), 0.0249570 secs] [Times: user=0.05 sys=0.00, real=0.02 secs] 
2014-03-05T17:30:32.113+0000: 127298.098: [GC2014-03-05T17:30:32.113+0000: 127298.098: [ParNew
Desired survivor size 8716288 bytes, new threshold 4 (max 6)
- age   1:    2998040 bytes,    2998040 total
- age   2:    2279528 bytes,    5277568 total
- age   3:    2265936 bytes,    7543504 total
- age   4:    1945192 bytes,    9488696 total
: 149243K->13211K(153344K), 0.0254900 secs] 948300K->814511K(1031552K), 0.0256500 secs] [Times: user=0.06 sys=0.00, real=0.03 secs] 
2014-03-05T17:34:29.861+0000: 127535.846: [GC2014-03-05T17:34:29.861+0000: 127535.846: [ParNew
Desired survivor size 8716288 bytes, new threshold 4 (max 6)
- age   1:    2538224 bytes,    2538224 total
- age   2:    2429984 bytes,    4968208 total
- age   3:    2268608 bytes,    7236816 total
- age   4:    2264736 bytes,    9501552 total
: 149531K->13522K(153344K), 0.0247440 secs] 950831K->816819K(1031552K), 0.0249090 secs] [Times: user=0.05 sys=0.00, real=0.03 secs] 
2014-03-05T17:38:21.682+0000: 127767.667: [GC2014-03-05T17:38:21.682+0000: 127767.667: [ParNew
Desired survivor size 8716288 bytes, new threshold 4 (max 6)
- age   1:    2569544 bytes,    2569544 total
- age   2:    2194680 bytes,    4764224 total
- age   3:    2351504 bytes,    7115728 total
- age   4:    2268080 bytes,    9383808 total
: 149842K->14049K(153344K), 0.0259140 secs] 953139K->819673K(1031552K), 0.0260610 secs] [Times: user=0.06 sys=0.00, real=0.02 secs] 
2014-03-05T17:41:56.308+0000: 127982.292: [GC2014-03-05T17:41:56.308+0000: 127982.292: [ParNew
Desired survivor size 8716288 bytes, new threshold 4 (max 6)
- age   1:    2499280 bytes,    2499280 total
- age   2:    2249176 bytes,    4748456 total
- age   3:    2193248 bytes,    6941704 total
- age   4:    2032008 bytes,    8973712 total
: 150369K->9039K(153344K), 0.0253320 secs] 955993K->816994K(1031552K), 0.0254850 secs] [Times: user=0.05 sys=0.00, real=0.02 secs] 
2014-03-05T17:41:56.335+0000: 127982.319: [GC [1 CMS-initial-mark: 807955K(878208K)] 817100K(1031552K), 0.0066660 secs] [Times: user=0.01 sys=0.00, real=0.00 secs] 
2014-03-05T17:41:56.341+0000: 127982.326: [CMS-concurrent-mark-start]
2014-03-05T17:41:56.521+0000: 127982.505: [CMS-concurrent-mark: 0.179/0.179 secs] [Times: user=0.20 sys=0.00, real=0.18 secs] 
2014-03-05T17:41:56.521+0000: 127982.506: [CMS-concurrent-preclean-start]
2014-03-05T17:41:56.523+0000: 127982.508: [CMS-concurrent-preclean: 0.002/0.002 secs] [Times: user=0.00 sys=0.00, real=0.01 secs] 
2014-03-05T17:41:56.523+0000: 127982.508: [GC[YG occupancy: 9229 K (153344 K)]2014-03-05T17:41:56.523+0000: 127982.508: [Rescan (parallel) , 0.0070240 secs]2014-03-05T17:41:56.530+0000: 127982.515: [weak refs processing, 0.0027000 secs]2014-03-05T17:41:56.533+0000: 127982.518: [class unloading, 0.0100830 secs]2014-03-05T17:41:56.543+0000: 127982.528: [scrub symbol table, 0.0088920 secs]2014-03-05T17:41:56.552+0000: 127982.537: [scrub string table, 0.0009470 secs] [1 CMS-remark: 807955K(878208K)] 817185K(1031552K), 0.0321260 secs] [Times: user=0.04 sys=0.00, real=0.03 secs] 
2014-03-05T17:41:56.556+0000: 127982.540: [CMS-concurrent-sweep-start]
2014-03-05T17:41:57.116+0000: 127983.101: [CMS-concurrent-sweep: 0.560/0.560 secs] [Times: user=0.62 sys=0.00, real=0.56 secs] 
2014-03-05T17:41:57.116+0000: 127983.101: [CMS-concurrent-reset-start]
2014-03-05T17:41:57.123+0000: 127983.107: [CMS-concurrent-reset: 0.006/0.006 secs] [Times: user=0.00 sys=0.00, real=0.01 secs] 
2014-03-05T17:45:51.587+0000: 128217.572: [GC2014-03-05T17:45:51.587+0000: 128217.572: [ParNew
Desired survivor size 8716288 bytes, new threshold 4 (max 6)
- age   1:    2562392 bytes,    2562392 total
- age   2:    1990904 bytes,    4553296 total
- age   3:    2234520 bytes,    6787816 total
- age   4:    2183104 bytes,    8970920 total
: 145359K->13078K(153344K), 0.0229220 secs] 254023K->123775K(1031552K), 0.0230810 secs] [Times: user=0.04 sys=0.00, real=0.02 secs] 
2014-03-05T17:48:12.596+0000: 128358.581: [GC2014-03-05T17:48:12.596+0000: 128358.581: [ParNew
Desired survivor size 8716288 bytes, new threshold 4 (max 6)
- age   1:    2517392 bytes,    2517392 total
- age   2:    2203656 bytes,    4721048 total
- age   3:    1982176 bytes,    6703224 total
- age   4:    2234008 bytes,    8937232 total
: 149398K->17024K(153344K), 0.0240900 secs] 260095K->130341K(1031552K), 0.0242730 secs] [Times: user=0.05 sys=0.00, real=0.02 secs] 
2014-03-05T17:51:29.975+0000: 128555.959: [GC2014-03-05T17:51:29.975+0000: 128555.959: [ParNew
Desired survivor size 8716288 bytes, new threshold 6 (max 6)
- age   1:    2294184 bytes,    2294184 total
- age   2:    2218728 bytes,    4512912 total
- age   3:    2202080 bytes,    6714992 total
- age   4:    1980192 bytes,    8695184 total
: 153344K->11071K(153344K), 0.0242060 secs] 266661K->126681K(1031552K), 0.0243820 secs] [Times: user=0.05 sys=0.00, real=0.02 secs] 
2014-03-05T17:55:25.209+0000: 128791.194: [GC2014-03-05T17:55:25.209+0000: 128791.194: [ParNew
Desired survivor size 8716288 bytes, new threshold 5 (max 6)
- age   1:    2598152 bytes,    2598152 total
- age   2:    1888448 bytes,    4486600 total
- age   3:    1623888 bytes,    6110488 total
- age   4:    2201552 bytes,    8312040 total
- age   5:    1980064 bytes,   10292104 total
: 147391K->15278K(153344K), 0.0222880 secs] 263001K->130888K(1031552K), 0.0224770 secs] [Times: user=0.03 sys=0.01, real=0.02 secs] 
2014-03-05T17:59:13.359+0000: 129019.343: [GC2014-03-05T17:59:13.359+0000: 129019.343: [ParNew
Desired survivor size 8716288 bytes, new threshold 5 (max 6)
- age   1:    2438264 bytes,    2438264 total
- age   2:    2248152 bytes,    4686416 total
- age   3:    1839416 bytes,    6525832 total
- age   4:    1623416 bytes,    8149248 total
- age   5:    2201328 bytes,   10350576 total
: 151598K->17024K(153344K), 0.0248350 secs] 267208K->134868K(1031552K), 0.0249990 secs] [Times: user=0.05 sys=0.00, real=0.03 secs] 
2014-03-05T18:03:08.106+0000: 129254.091: [GC2014-03-05T18:03:08.106+0000: 129254.091: [ParNew
Desired survivor size 8716288 bytes, new threshold 4 (max 6)
- age   1:    2599216 bytes,    2599216 total
- age   2:    2134424 bytes,    4733640 total
- age   3:    2245544 bytes,    6979184 total
- age   4:    1836944 bytes,    8816128 total
- age   5:    1623144 bytes,   10439272 total
: 153344K->12389K(153344K), 0.0255180 secs] 271188K->132494K(1031552K), 0.0256880 secs] [Times: user=0.06 sys=0.00, real=0.02 secs] 
2014-03-05T18:07:08.991+0000: 129494.976: [GC2014-03-05T18:07:08.991+0000: 129494.976: [ParNew
Desired survivor size 8716288 bytes, new threshold 4 (max 6)
- age   1:    2561200 bytes,    2561200 total
- age   2:    2192256 bytes,    4753456 total
- age   3:    2123328 bytes,    6876784 total
- age   4:    2244392 bytes,    9121176 total
: 148709K->9235K(153344K), 0.0265000 secs] 268814K->132886K(1031552K), 0.0266860 secs] [Times: user=0.06 sys=0.00, real=0.03 secs] 
2014-03-05T18:10:55.558+0000: 129721.543: [GC2014-03-05T18:10:55.558+0000: 129721.543: [ParNew
Desired survivor size 8716288 bytes, new threshold 4 (max 6)
- age   1:    2612288 bytes,    2612288 total
- age   2:    2225968 bytes,    4838256 total
- age   3:    2186632 bytes,    7024888 total
- age   4:    2083272 bytes,    9108160 total
: 145555K->9007K(153344K), 0.0239580 secs] 269206K->134962K(1031552K), 0.0241340 secs] [Times: user=0.05 sys=0.00, real=0.03 secs] 
2014-03-05T18:14:45.389+0000: 129951.374: [GC2014-03-05T18:14:45.390+0000: 129951.374: [ParNew
Desired survivor size 8716288 bytes, new threshold 4 (max 6)
- age   1:    2530424 bytes,    2530424 total
- age   2:    2212568 bytes,    4742992 total
- age   3:    2214384 bytes,    6957376 total
- age   4:    2184904 bytes,    9142280 total
: 145327K->13276K(153344K), 0.0226500 secs] 271282K->141372K(1031552K), 0.0228080 secs] [Times: user=0.05 sys=0.00, real=0.02 secs] 
2014-03-05T18:18:27.695+0000: 130173.680: [GC2014-03-05T18:18:27.695+0000: 130173.680: [ParNew
Desired survivor size 8716288 bytes, new threshold 4 (max 6)
- age   1:    2591168 bytes,    2591168 total
- age   2:    2126512 bytes,    4717680 total
- age   3:    2165752 bytes,    6883432 total
- age   4:    2213768 bytes,    9097200 total
: 149596K->13348K(153344K), 0.0228860 secs] 277692K->143690K(1031552K), 0.0230440 secs] [Times: user=0.04 sys=0.01, real=0.02 secs] 
2014-03-05T18:22:34.195+0000: 130420.180: [GC2014-03-05T18:22:34.195+0000: 130420.180: [ParNew
Desired survivor size 8716288 bytes, new threshold 4 (max 6)
- age   1:    2541304 bytes,    2541304 total
- age   2:    2079800 bytes,    4621104 total
- age   3:    2123688 bytes,    6744792 total
- age   4:    2164104 bytes,    8908896 total
: 149668K->13125K(153344K), 0.0239400 secs] 280010K->145742K(1031552K), 0.0240990 secs] [Times: user=0.05 sys=0.00, real=0.02 secs] 
2014-03-05T18:26:38.926+0000: 130664.911: [GC2014-03-05T18:26:38.926+0000: 130664.911: [ParNew
Desired survivor size 8716288 bytes, new threshold 4 (max 6)
- age   1:    2580824 bytes,    2580824 total
- age   2:    2294528 bytes,    4875352 total
- age   3:    2033008 bytes,    6908360 total
- age   4:    2122816 bytes,    9031176 total
: 149445K->13032K(153344K), 0.0229370 secs] 282062K->147872K(1031552K), 0.0230780 secs] [Times: user=0.05 sys=0.00, real=0.02 secs] 
2014-03-05T18:30:13.036+0000: 130879.021: [GC2014-03-05T18:30:13.036+0000: 130879.021: [ParNew
Desired survivor size 8716288 bytes, new threshold 4 (max 6)
- age   1:    2577384 bytes,    2577384 total
- age   2:    2274512 bytes,    4851896 total
- age   3:    2292784 bytes,    7144680 total
- age   4:    2030560 bytes,    9175240 total
: 149352K->13245K(153344K), 0.0235480 secs] 284192K->150267K(1031552K), 0.0237180 secs] [Times: user=0.05 sys=0.00, real=0.02 secs] 
2014-03-05T18:34:25.556+0000: 131131.541: [GC2014-03-05T18:34:25.556+0000: 131131.541: [ParNew
Desired survivor size 8716288 bytes, new threshold 4 (max 6)
- age   1:    2510408 bytes,    2510408 total
- age   2:    2058064 bytes,    4568472 total
- age   3:    2222720 bytes,    6791192 total
- age   4:    2291496 bytes,    9082688 total
: 149565K->17024K(153344K), 0.0228870 secs] 286587K->156228K(1031552K), 0.0230380 secs] [Times: user=0.05 sys=0.00, real=0.02 secs] 
2014-03-05T18:38:26.018+0000: 131372.002: [GC2014-03-05T18:38:26.018+0000: 131372.002: [ParNew
Desired survivor size 8716288 bytes, new threshold 4 (max 6)
- age   1:    2509976 bytes,    2509976 total
- age   2:    2359144 bytes,    4869120 total
- age   3:    2042968 bytes,    6912088 total
- age   4:    2222152 bytes,    9134240 total
: 153344K->11129K(153344K), 0.0234350 secs] 292548K->152690K(1031552K), 0.0235830 secs] [Times: user=0.05 sys=0.00, real=0.02 secs] 
2014-03-05T18:42:30.239+0000: 131616.223: [GC2014-03-05T18:42:30.239+0000: 131616.223: [ParNew
Desired survivor size 8716288 bytes, new threshold 4 (max 6)
- age   1:    2699792 bytes,    2699792 total
- age   2:    2214304 bytes,    4914096 total
- age   3:    2358640 bytes,    7272736 total
- age   4:    2039848 bytes,    9312584 total
: 147449K->16082K(153344K), 0.0238990 secs] 289010K->159928K(1031552K), 0.0240650 secs] [Times: user=0.05 sys=0.00, real=0.03 secs] 
2014-03-05T18:46:24.979+0000: 131850.964: [GC2014-03-05T18:46:24.979+0000: 131850.964: [ParNew
Desired survivor size 8716288 bytes, new threshold 4 (max 6)
- age   1:    2529992 bytes,    2529992 total
- age   2:    2344552 bytes,    4874544 total
- age   3:    2211296 bytes,    7085840 total
- age   4:    2312768 bytes,    9398608 total
: 152402K->10851K(153344K), 0.0229740 secs] 296248K->156790K(1031552K), 0.0231290 secs] [Times: user=0.05 sys=0.00, real=0.03 secs] 
2014-03-05T18:50:25.742+0000: 132091.726: [GC2014-03-05T18:50:25.742+0000: 132091.727: [ParNew
Desired survivor size 8716288 bytes, new threshold 4 (max 6)
- age   1:    2580728 bytes,    2580728 total
- age   2:    2166424 bytes,    4747152 total
- age   3:    2332864 bytes,    7080016 total
- age   4:    2210824 bytes,    9290840 total
: 147171K->12293K(153344K), 0.0233530 secs] 293110K->160610K(1031552K), 0.0235120 secs] [Times: user=0.05 sys=0.00, real=0.03 secs] 
2014-03-05T18:54:29.418+0000: 132335.403: [GC2014-03-05T18:54:29.418+0000: 132335.403: [ParNew
Desired survivor size 8716288 bytes, new threshold 4 (max 6)
- age   1:    2610464 bytes,    2610464 total
- age   2:    2226704 bytes,    4837168 total
- age   3:    2164696 bytes,    7001864 total
- age   4:    2331968 bytes,    9333832 total
: 148613K->13279K(153344K), 0.0247240 secs] 296930K->163868K(1031552K), 0.0248920 secs] [Times: user=0.05 sys=0.00, real=0.03 secs] 
2014-03-05T18:58:26.851+0000: 132572.836: [GC2014-03-05T18:58:26.851+0000: 132572.836: [ParNew
Desired survivor size 8716288 bytes, new threshold 4 (max 6)
- age   1:    2558448 bytes,    2558448 total
- age   2:    2249384 bytes,    4807832 total
- age   3:    2214816 bytes,    7022648 total
- age   4:    2163248 bytes,    9185896 total
: 149599K->13488K(153344K), 0.0247730 secs] 300188K->166433K(1031552K), 0.0249430 secs] [Times: user=0.05 sys=0.00, real=0.03 secs] 
2014-03-05T19:02:19.980+0000: 132805.964: [GC2014-03-05T19:02:19.980+0000: 132805.964: [ParNew
Desired survivor size 8716288 bytes, new threshold 4 (max 6)
- age   1:    2526136 bytes,    2526136 total
- age   2:    2248528 bytes,    4774664 total
- age   3:    2248056 bytes,    7022720 total
- age   4:    2213472 bytes,    9236192 total
: 149808K->13426K(153344K), 0.0231950 secs] 302753K->168594K(1031552K), 0.0233560 secs] [Times: user=0.05 sys=0.00, real=0.03 secs] 
2014-03-05T19:06:20.570+0000: 133046.555: [GC2014-03-05T19:06:20.570+0000: 133046.555: [ParNew
Desired survivor size 8716288 bytes, new threshold 4 (max 6)
- age   1:    2609720 bytes,    2609720 total
- age   2:    2165584 bytes,    4775304 total
- age   3:    2201768 bytes,    6977072 total
- age   4:    2247704 bytes,    9224776 total
: 149746K->13419K(153344K), 0.0233760 secs] 304914K->170862K(1031552K), 0.0235390 secs] [Times: user=0.05 sys=0.00, real=0.02 secs] 
2014-03-05T19:08:16.953+0000: 133162.938: [GC2014-03-05T19:08:16.954+0000: 133162.938: [ParNew
Desired survivor size 8716288 bytes, new threshold 4 (max 6)
- age   1:    3661152 bytes,    3661152 total
- age   2:    2276432 bytes,    5937584 total
- age   3:    2161664 bytes,    8099248 total
- age   4:    2200688 bytes,   10299936 total
: 149739K->17024K(153344K), 0.0255930 secs] 307182K->177332K(1031552K), 0.0257660 secs] [Times: user=0.05 sys=0.00, real=0.03 secs] 
2014-03-05T19:12:21.219+0000: 133407.203: [GC2014-03-05T19:12:21.219+0000: 133407.203: [ParNew
Desired survivor size 8716288 bytes, new threshold 4 (max 6)
- age   1:    2594768 bytes,    2594768 total
- age   2:    3303920 bytes,    5898688 total
- age   3:    2206584 bytes,    8105272 total
- age   4:    2161088 bytes,   10266360 total
: 153344K->12105K(153344K), 0.0250550 secs] 313652K->174676K(1031552K), 0.0252110 secs] [Times: user=0.05 sys=0.00, real=0.03 secs] 
2014-03-05T19:16:14.949+0000: 133640.934: [GC2014-03-05T19:16:14.949+0000: 133640.934: [ParNew
Desired survivor size 8716288 bytes, new threshold 4 (max 6)
- age   1:    2522088 bytes,    2522088 total
- age   2:    2304528 bytes,    4826616 total
- age   3:    1691096 bytes,    6517712 total
- age   4:    2205240 bytes,    8722952 total
: 148425K->9078K(153344K), 0.0231390 secs] 310996K->173871K(1031552K), 0.0232940 secs] [Times: user=0.05 sys=0.00, real=0.02 secs] 
2014-03-05T19:20:30.916+0000: 133896.901: [GC2014-03-05T19:20:30.916+0000: 133896.901: [ParNew
Desired survivor size 8716288 bytes, new threshold 6 (max 6)
- age   1:    2591808 bytes,    2591808 total
- age   2:    2162768 bytes,    4754576 total
- age   3:    2257760 bytes,    7012336 total
- age   4:    1689864 bytes,    8702200 total
: 145398K->8656K(153344K), 0.0230480 secs] 310191K->175715K(1031552K), 0.0232120 secs] [Times: user=0.05 sys=0.00, real=0.02 secs] 
2014-03-05T19:24:40.254+0000: 134146.239: [GC2014-03-05T19:24:40.254+0000: 134146.239: [ParNew
Desired survivor size 8716288 bytes, new threshold 4 (max 6)
- age   1:    2702560 bytes,    2702560 total
- age   2:    2345576 bytes,    5048136 total
- age   3:    2159272 bytes,    7207408 total
- age   4:    2256752 bytes,    9464160 total
- age   5:    1610824 bytes,   11074984 total
: 144976K->16875K(153344K), 0.0204730 secs] 312035K->183934K(1031552K), 0.0206420 secs] [Times: user=0.04 sys=0.00, real=0.03 secs] 
2014-03-05T19:28:50.733+0000: 134396.718: [GC2014-03-05T19:28:50.733+0000: 134396.718: [ParNew
Desired survivor size 8716288 bytes, new threshold 4 (max 6)
- age   1:    2565712 bytes,    2565712 total
- age   2:    2427960 bytes,    4993672 total
- age   3:    2344096 bytes,    7337768 total
- age   4:    2158368 bytes,    9496136 total
: 153195K->10213K(153344K), 0.0279270 secs] 320254K->181231K(1031552K), 0.0280710 secs] [Times: user=0.06 sys=0.00, real=0.03 secs] 
2014-03-05T19:32:57.471+0000: 134643.455: [GC2014-03-05T19:32:57.471+0000: 134643.455: [ParNew
Desired survivor size 8716288 bytes, new threshold 4 (max 6)
- age   1:    2526712 bytes,    2526712 total
- age   2:    2298288 bytes,    4825000 total
- age   3:    2426616 bytes,    7251616 total
- age   4:    2343392 bytes,    9595008 total
: 146533K->14223K(153344K), 0.0236920 secs] 317551K->187460K(1031552K), 0.0238530 secs] [Times: user=0.05 sys=0.00, real=0.03 secs] 
2014-03-05T19:37:04.909+0000: 134890.894: [GC2014-03-05T19:37:04.909+0000: 134890.894: [ParNew
Desired survivor size 8716288 bytes, new threshold 4 (max 6)
- age   1:    2727784 bytes,    2727784 total
- age   2:    2268768 bytes,    4996552 total
- age   3:    2296456 bytes,    7293008 total
- age   4:    2379896 bytes,    9672904 total
: 150543K->14103K(153344K), 0.0241910 secs] 323780K->189749K(1031552K), 0.0243380 secs] [Times: user=0.05 sys=0.00, real=0.02 secs] 
2014-03-05T19:41:10.910+0000: 135136.894: [GC2014-03-05T19:41:10.910+0000: 135136.894: [ParNew
Desired survivor size 8716288 bytes, new threshold 4 (max 6)
- age   1:    2595024 bytes,    2595024 total
- age   2:    2323544 bytes,    4918568 total
- age   3:    2266904 bytes,    7185472 total
- age   4:    2295312 bytes,    9480784 total
: 150423K->14051K(153344K), 0.0241600 secs] 326069K->192100K(1031552K), 0.0243240 secs] [Times: user=0.05 sys=0.00, real=0.02 secs] 
2014-03-05T19:45:30.707+0000: 135396.692: [GC2014-03-05T19:45:30.708+0000: 135396.692: [ParNew
Desired survivor size 8716288 bytes, new threshold 4 (max 6)
- age   1:    2649952 bytes,    2649952 total
- age   2:    2258000 bytes,    4907952 total
- age   3:    2321336 bytes,    7229288 total
- age   4:    2266504 bytes,    9495792 total
: 150371K->13878K(153344K), 0.0236430 secs] 328420K->194288K(1031552K), 0.0238000 secs] [Times: user=0.05 sys=0.00, real=0.02 secs] 
2014-03-05T19:49:40.456+0000: 135646.441: [GC2014-03-05T19:49:40.456+0000: 135646.441: [ParNew
Desired survivor size 8716288 bytes, new threshold 4 (max 6)
- age   1:    2570544 bytes,    2570544 total
- age   2:    2473936 bytes,    5044480 total
- age   3:    2252488 bytes,    7296968 total
- age   4:    2281224 bytes,    9578192 total
: 150198K->13866K(153344K), 0.0236930 secs] 330608K->196605K(1031552K), 0.0238400 secs] [Times: user=0.05 sys=0.00, real=0.02 secs] 
2014-03-05T19:53:55.409+0000: 135901.394: [GC2014-03-05T19:53:55.409+0000: 135901.394: [ParNew
Desired survivor size 8716288 bytes, new threshold 4 (max 6)
- age   1:    2690304 bytes,    2690304 total
- age   2:    2299544 bytes,    4989848 total
- age   3:    2427384 bytes,    7417232 total
- age   4:    2251240 bytes,    9668472 total
: 150186K->13915K(153344K), 0.0245120 secs] 332925K->199001K(1031552K), 0.0246900 secs] [Times: user=0.06 sys=0.00, real=0.02 secs] 
2014-03-05T19:57:46.828+0000: 136132.812: [GC2014-03-05T19:57:46.828+0000: 136132.812: [ParNew
Desired survivor size 8716288 bytes, new threshold 4 (max 6)
- age   1:    2954584 bytes,    2954584 total
- age   2:    2437000 bytes,    5391584 total
- age   3:    2298328 bytes,    7689912 total
- age   4:    2426192 bytes,   10116104 total
: 150235K->14182K(153344K), 0.0242510 secs] 335321K->201582K(1031552K), 0.0243970 secs] [Times: user=0.05 sys=0.00, real=0.02 secs] 
2014-03-05T20:01:55.031+0000: 136381.016: [GC2014-03-05T20:01:55.031+0000: 136381.016: [ParNew
Desired survivor size 8716288 bytes, new threshold 4 (max 6)
- age   1:    2541000 bytes,    2541000 total
- age   2:    2527200 bytes,    5068200 total
- age   3:    2435928 bytes,    7504128 total
- age   4:    2297408 bytes,    9801536 total
: 150502K->9710K(153344K), 0.0242090 secs] 337902K->199564K(1031552K), 0.0243730 secs] [Times: user=0.04 sys=0.00, real=0.03 secs] 
2014-03-05T20:06:00.166+0000: 136626.151: [GC2014-03-05T20:06:00.166+0000: 136626.151: [ParNew
Desired survivor size 8716288 bytes, new threshold 4 (max 6)
- age   1:    2520600 bytes,    2520600 total
- age   2:    2300360 bytes,    4820960 total
- age   3:    2525960 bytes,    7346920 total
- age   4:    2435504 bytes,    9782424 total
: 146030K->14357K(153344K), 0.0240310 secs] 335884K->206573K(1031552K), 0.0241910 secs] [Times: user=0.05 sys=0.00, real=0.02 secs] 
2014-03-05T20:10:10.169+0000: 136876.154: [GC2014-03-05T20:10:10.169+0000: 136876.154: [ParNew
Desired survivor size 8716288 bytes, new threshold 4 (max 6)
- age   1:    2643712 bytes,    2643712 total
- age   2:    2253104 bytes,    4896816 total
- age   3:    2298728 bytes,    7195544 total
- age   4:    2510040 bytes,    9705584 total
: 150673K->9933K(153344K), 0.0246090 secs] 342889K->204604K(1031552K), 0.0247800 secs] [Times: user=0.04 sys=0.00, real=0.03 secs] 
2014-03-05T20:14:15.788+0000: 137121.772: [GC2014-03-05T20:14:15.788+0000: 137121.773: [ParNew
Desired survivor size 8716288 bytes, new threshold 4 (max 6)
- age   1:    2605864 bytes,    2605864 total
- age   2:    2343456 bytes,    4949320 total
- age   3:    2250912 bytes,    7200232 total
- age   4:    2297360 bytes,    9497592 total
: 146253K->13788K(153344K), 0.0234150 secs] 340924K->210631K(1031552K), 0.0235670 secs] [Times: user=0.05 sys=0.00, real=0.02 secs] 
2014-03-05T20:18:14.406+0000: 137360.391: [GC2014-03-05T20:18:14.406+0000: 137360.391: [ParNew
Desired survivor size 8716288 bytes, new threshold 4 (max 6)
- age   1:    2611256 bytes,    2611256 total
- age   2:    2256616 bytes,    4867872 total
- age   3:    2341800 bytes,    7209672 total
- age   4:    2249464 bytes,    9459136 total
: 150108K->13874K(153344K), 0.0236540 secs] 346951K->213079K(1031552K), 0.0238170 secs] [Times: user=0.05 sys=0.00, real=0.02 secs] 
2014-03-05T20:19:38.573+0000: 137444.558: [GC2014-03-05T20:19:38.573+0000: 137444.558: [ParNew
Desired survivor size 8716288 bytes, new threshold 1 (max 6)
- age   1:   10736056 bytes,   10736056 total
- age   2:    2173944 bytes,   12910000 total
- age   3:    2236872 bytes,   15146872 total
- age   4:    2284904 bytes,   17431776 total
: 150194K->17024K(153344K), 0.0452010 secs] 349399K->227225K(1031552K), 0.0453540 secs] [Times: user=0.09 sys=0.00, real=0.05 secs] 
2014-03-05T20:20:33.072+0000: 137499.057: [GC2014-03-05T20:20:33.072+0000: 137499.057: [ParNew
Desired survivor size 8716288 bytes, new threshold 6 (max 6)
- age   1:    7104088 bytes,    7104088 total
: 153344K->15686K(153344K), 0.0342430 secs] 363545K->237361K(1031552K), 0.0344340 secs] [Times: user=0.07 sys=0.00, real=0.04 secs] 
2014-03-05T20:21:21.307+0000: 137547.292: [GC2014-03-05T20:21:21.307+0000: 137547.292: [ParNew
Desired survivor size 8716288 bytes, new threshold 1 (max 6)
- age   1:   11090928 bytes,   11090928 total
- age   2:    1347768 bytes,   12438696 total
: 152006K->15842K(153344K), 0.0231640 secs] 373681K->237517K(1031552K), 0.0233460 secs] [Times: user=0.05 sys=0.00, real=0.02 secs] 
2014-03-05T20:22:13.985+0000: 137599.970: [GC2014-03-05T20:22:13.985+0000: 137599.970: [ParNew
Desired survivor size 8716288 bytes, new threshold 6 (max 6)
- age   1:    6419792 bytes,    6419792 total
: 152162K->10851K(153344K), 0.0143110 secs] 373837K->234190K(1031552K), 0.0144520 secs] [Times: user=0.02 sys=0.00, real=0.01 secs] 
2014-03-05T20:26:10.414+0000: 137836.399: [GC2014-03-05T20:26:10.415+0000: 137836.399: [ParNew
Desired survivor size 8716288 bytes, new threshold 6 (max 6)
- age   1:    2406600 bytes,    2406600 total
- age   2:     570096 bytes,    2976696 total
: 147171K->4750K(153344K), 0.0120710 secs] 370510K->228089K(1031552K), 0.0122180 secs] [Times: user=0.02 sys=0.00, real=0.01 secs] 
2014-03-05T20:30:26.704+0000: 138092.689: [GC2014-03-05T20:30:26.704+0000: 138092.689: [ParNew
Desired survivor size 8716288 bytes, new threshold 6 (max 6)
- age   1:    2651232 bytes,    2651232 total
- age   2:    2174952 bytes,    4826184 total
- age   3:     524264 bytes,    5350448 total
: 141070K->6665K(153344K), 0.0126220 secs] 364409K->230004K(1031552K), 0.0127600 secs] [Times: user=0.03 sys=0.00, real=0.01 secs] 
2014-03-05T20:34:36.506+0000: 138342.491: [GC2014-03-05T20:34:36.506+0000: 138342.491: [ParNew
Desired survivor size 8716288 bytes, new threshold 6 (max 6)
- age   1:    2655816 bytes,    2655816 total
- age   2:    2398424 bytes,    5054240 total
- age   3:    2174128 bytes,    7228368 total
- age   4:     521864 bytes,    7750232 total
: 142985K->9460K(153344K), 0.0159870 secs] 366324K->232800K(1031552K), 0.0161280 secs] [Times: user=0.03 sys=0.00, real=0.02 secs] 
2014-03-05T20:38:46.916+0000: 138592.901: [GC2014-03-05T20:38:46.916+0000: 138592.901: [ParNew
Desired survivor size 8716288 bytes, new threshold 4 (max 6)
- age   1:    2563480 bytes,    2563480 total
- age   2:    2398368 bytes,    4961848 total
- age   3:    2397344 bytes,    7359192 total
- age   4:    2173536 bytes,    9532728 total
- age   5:     521528 bytes,   10054256 total
: 145780K->13642K(153344K), 0.0187400 secs] 369120K->236982K(1031552K), 0.0188900 secs] [Times: user=0.04 sys=0.00, real=0.02 secs] 
2014-03-05T20:42:54.624+0000: 138840.609: [GC2014-03-05T20:42:54.624+0000: 138840.609: [ParNew
Desired survivor size 8716288 bytes, new threshold 4 (max 6)
- age   1:    2552976 bytes,    2552976 total
- age   2:    2317920 bytes,    4870896 total
- age   3:    2310880 bytes,    7181776 total
- age   4:    2396784 bytes,    9578560 total
: 149962K->17024K(153344K), 0.0251960 secs] 373302K->243287K(1031552K), 0.0253470 secs] [Times: user=0.05 sys=0.00, real=0.02 secs] 
2014-03-05T20:47:05.195+0000: 139091.179: [GC2014-03-05T20:47:05.195+0000: 139091.179: [ParNew
Desired survivor size 8716288 bytes, new threshold 4 (max 6)
- age   1:    2569184 bytes,    2569184 total
- age   2:    2348264 bytes,    4917448 total
- age   3:    2316928 bytes,    7234376 total
- age   4:    2310072 bytes,    9544448 total
: 153344K->11610K(153344K), 0.0242090 secs] 379607K->240336K(1031552K), 0.0243720 secs] [Times: user=0.05 sys=0.00, real=0.02 secs] 
2014-03-05T20:51:15.319+0000: 139341.304: [GC2014-03-05T20:51:15.319+0000: 139341.304: [ParNew
Desired survivor size 8716288 bytes, new threshold 4 (max 6)
- age   1:    2618912 bytes,    2618912 total
- age   2:    2308248 bytes,    4927160 total
- age   3:    2345992 bytes,    7273152 total
- age   4:    2316392 bytes,    9589544 total
: 147930K->16805K(153344K), 0.0237720 secs] 376656K->247905K(1031552K), 0.0239180 secs] [Times: user=0.05 sys=0.00, real=0.03 secs] 
2014-03-05T20:54:58.010+0000: 139563.995: [GC2014-03-05T20:54:58.010+0000: 139563.995: [ParNew
Desired survivor size 8716288 bytes, new threshold 4 (max 6)
- age   1:    2796296 bytes,    2796296 total
- age   2:    2317544 bytes,    5113840 total
- age   3:    2306920 bytes,    7420760 total
- age   4:    2344544 bytes,    9765304 total
: 153125K->14161K(153344K), 0.0242120 secs] 384225K->247641K(1031552K), 0.0243910 secs] [Times: user=0.05 sys=0.00, real=0.03 secs] 
2014-03-05T20:58:58.715+0000: 139804.700: [GC2014-03-05T20:58:58.715+0000: 139804.700: [ParNew
Desired survivor size 8716288 bytes, new threshold 4 (max 6)
- age   1:    2635304 bytes,    2635304 total
- age   2:    2298000 bytes,    4933304 total
- age   3:    2307856 bytes,    7241160 total
- age   4:    2306016 bytes,    9547176 total
: 150481K->16850K(153344K), 0.0249330 secs] 383961K->252699K(1031552K), 0.0250840 secs] [Times: user=0.05 sys=0.00, real=0.02 secs] 
2014-03-05T21:03:00.772+0000: 140046.757: [GC2014-03-05T21:03:00.772+0000: 140046.757: [ParNew
Desired survivor size 8716288 bytes, new threshold 4 (max 6)
- age   1:    2556632 bytes,    2556632 total
- age   2:    2232008 bytes,    4788640 total
- age   3:    2227472 bytes,    7016112 total
- age   4:    2307496 bytes,    9323608 total
: 153170K->11177K(153344K), 0.0239150 secs] 389019K->249396K(1031552K), 0.0240780 secs] [Times: user=0.05 sys=0.00, real=0.03 secs] 
2014-03-05T21:07:05.594+0000: 140291.578: [GC2014-03-05T21:07:05.594+0000: 140291.579: [ParNew
Desired survivor size 8716288 bytes, new threshold 4 (max 6)
- age   1:    2605136 bytes,    2605136 total
- age   2:    2225072 bytes,    4830208 total
- age   3:    2229832 bytes,    7060040 total
- age   4:    2224120 bytes,    9284160 total
: 147497K->12424K(153344K), 0.0237370 secs] 385716K->253014K(1031552K), 0.0239060 secs] [Times: user=0.05 sys=0.00, real=0.03 secs] 
2014-03-05T21:11:15.685+0000: 140541.670: [GC2014-03-05T21:11:15.685+0000: 140541.670: [ParNew
Desired survivor size 8716288 bytes, new threshold 4 (max 6)
- age   1:    2509016 bytes,    2509016 total
- age   2:    2302784 bytes,    4811800 total
- age   3:    2223872 bytes,    7035672 total
- age   4:    2229288 bytes,    9264960 total
: 148744K->17024K(153344K), 0.0234350 secs] 389334K->259881K(1031552K), 0.0235830 secs] [Times: user=0.05 sys=0.00, real=0.02 secs] 
2014-03-05T21:15:21.219+0000: 140787.203: [GC2014-03-05T21:15:21.219+0000: 140787.203: [ParNew
Desired survivor size 8716288 bytes, new threshold 4 (max 6)
- age   1:    2635784 bytes,    2635784 total
- age   2:    2309016 bytes,    4944800 total
- age   3:    2299632 bytes,    7244432 total
- age   4:    2222448 bytes,    9466880 total
: 153344K->11269K(153344K), 0.0235080 secs] 396201K->256417K(1031552K), 0.0236500 secs] [Times: user=0.05 sys=0.00, real=0.03 secs] 
2014-03-05T21:19:34.690+0000: 141040.674: [GC2014-03-05T21:19:34.690+0000: 141040.674: [ParNew
Desired survivor size 8716288 bytes, new threshold 4 (max 6)
- age   1:    2677520 bytes,    2677520 total
- age   2:    2304528 bytes,    4982048 total
- age   3:    2307656 bytes,    7289704 total
- age   4:    2259240 bytes,    9548944 total
: 147589K->16495K(153344K), 0.0233980 secs] 392737K->263928K(1031552K), 0.0235440 secs] [Times: user=0.05 sys=0.00, real=0.02 secs] 
2014-03-05T21:23:48.909+0000: 141294.894: [GC2014-03-05T21:23:48.909+0000: 141294.894: [ParNew
Desired survivor size 8716288 bytes, new threshold 4 (max 6)
- age   1:    2581680 bytes,    2581680 total
- age   2:    2405560 bytes,    4987240 total
- age   3:    2303152 bytes,    7290392 total
- age   4:    2307336 bytes,    9597728 total
: 152815K->11104K(153344K), 0.0240340 secs] 400248K->260859K(1031552K), 0.0241870 secs] [Times: user=0.05 sys=0.00, real=0.02 secs] 
2014-03-05T21:28:04.046+0000: 141550.030: [GC2014-03-05T21:28:04.046+0000: 141550.030: [ParNew
Desired survivor size 8716288 bytes, new threshold 4 (max 6)
- age   1:    2692168 bytes,    2692168 total
- age   2:    2382440 bytes,    5074608 total
- age   3:    2358800 bytes,    7433408 total
- age   4:    2302632 bytes,    9736040 total
: 147424K->16813K(153344K), 0.0242830 secs] 397179K->268941K(1031552K), 0.0244600 secs] [Times: user=0.06 sys=0.00, real=0.02 secs] 
2014-03-05T21:32:13.353+0000: 141799.338: [GC2014-03-05T21:32:13.353+0000: 141799.338: [ParNew
Desired survivor size 8716288 bytes, new threshold 4 (max 6)
- age   1:    2698528 bytes,    2698528 total
- age   2:    2394632 bytes,    5093160 total
- age   3:    2381480 bytes,    7474640 total
- age   4:    2356416 bytes,    9831056 total
: 153133K->11325K(153344K), 0.0256830 secs] 405261K->265778K(1031552K), 0.0258510 secs] [Times: user=0.05 sys=0.00, real=0.03 secs] 
2014-03-05T21:36:20.037+0000: 142046.022: [GC2014-03-05T21:36:20.037+0000: 142046.022: [ParNew
Desired survivor size 8716288 bytes, new threshold 4 (max 6)
- age   1:    2519768 bytes,    2519768 total
- age   2:    2293368 bytes,    4813136 total
- age   3:    2353600 bytes,    7166736 total
- age   4:    2380936 bytes,    9547672 total
: 147645K->17024K(153344K), 0.0245220 secs] 402098K->274067K(1031552K), 0.0246880 secs] [Times: user=0.06 sys=0.00, real=0.02 secs] 
2014-03-05T21:40:30.101+0000: 142296.085: [GC2014-03-05T21:40:30.101+0000: 142296.085: [ParNew
Desired survivor size 8716288 bytes, new threshold 4 (max 6)
- age   1:    2602160 bytes,    2602160 total
- age   2:    2343608 bytes,    4945768 total
- age   3:    2282488 bytes,    7228256 total
- age   4:    2352952 bytes,    9581208 total
: 153344K->11351K(153344K), 0.0242890 secs] 410387K->270839K(1031552K), 0.0244470 secs] [Times: user=0.06 sys=0.00, real=0.03 secs] 
2014-03-05T21:44:38.380+0000: 142544.365: [GC2014-03-05T21:44:38.380+0000: 142544.365: [ParNew
Desired survivor size 8716288 bytes, new threshold 4 (max 6)
- age   1:    2628368 bytes,    2628368 total
- age   2:    2311440 bytes,    4939808 total
- age   3:    2341760 bytes,    7281568 total
- age   4:    2281544 bytes,    9563112 total
: 147671K->16811K(153344K), 0.0245550 secs] 407159K->278718K(1031552K), 0.0247030 secs] [Times: user=0.05 sys=0.00, real=0.03 secs] 
2014-03-05T21:48:54.584+0000: 142800.569: [GC2014-03-05T21:48:54.584+0000: 142800.569: [ParNew
Desired survivor size 8716288 bytes, new threshold 4 (max 6)
- age   1:    2675920 bytes,    2675920 total
- age   2:    2300352 bytes,    4976272 total
- age   3:    2310016 bytes,    7286288 total
- age   4:    2340720 bytes,    9627008 total
: 153131K->11215K(153344K), 0.0237950 secs] 415038K->275467K(1031552K), 0.0239500 secs] [Times: user=0.05 sys=0.00, real=0.02 secs] 
2014-03-05T21:53:10.032+0000: 143056.016: [GC2014-03-05T21:53:10.032+0000: 143056.016: [ParNew
Desired survivor size 8716288 bytes, new threshold 4 (max 6)
- age   1:    2624168 bytes,    2624168 total
- age   2:    2423216 bytes,    5047384 total
- age   3:    2289224 bytes,    7336608 total
- age   4:    2309000 bytes,    9645608 total
: 147535K->16776K(153344K), 0.0242630 secs] 411787K->283394K(1031552K), 0.0244300 secs] [Times: user=0.05 sys=0.00, real=0.03 secs] 
2014-03-05T21:57:13.985+0000: 143299.970: [GC2014-03-05T21:57:13.985+0000: 143299.970: [ParNew
Desired survivor size 8716288 bytes, new threshold 4 (max 6)
- age   1:    2636040 bytes,    2636040 total
- age   2:    2354040 bytes,    4990080 total
- age   3:    2422064 bytes,    7412144 total
- age   4:    2285792 bytes,    9697936 total
: 153096K->11316K(153344K), 0.0241550 secs] 419714K->280307K(1031552K), 0.0243000 secs] [Times: user=0.05 sys=0.00, real=0.02 secs] 
2014-03-05T22:01:20.884+0000: 143546.869: [GC2014-03-05T22:01:20.884+0000: 143546.869: [ParNew
Desired survivor size 8716288 bytes, new threshold 4 (max 6)
- age   1:    2568224 bytes,    2568224 total
- age   2:    2277920 bytes,    4846144 total
- age   3:    2353128 bytes,    7199272 total
- age   4:    2421592 bytes,    9620864 total
: 147636K->12703K(153344K), 0.0239160 secs] 416627K->284043K(1031552K), 0.0240750 secs] [Times: user=0.05 sys=0.00, real=0.02 secs] 
2014-03-05T22:05:18.469+0000: 143784.454: [GC2014-03-05T22:05:18.469+0000: 143784.454: [ParNew
Desired survivor size 8716288 bytes, new threshold 4 (max 6)
- age   1:    2602672 bytes,    2602672 total
- age   2:    2291448 bytes,    4894120 total
- age   3:    2274008 bytes,    7168128 total
- age   4:    2352728 bytes,    9520856 total
: 149023K->13790K(153344K), 0.0257960 secs] 420363K->287618K(1031552K), 0.0259810 secs] [Times: user=0.05 sys=0.00, real=0.03 secs] 
2014-03-05T22:09:29.996+0000: 144035.981: [GC2014-03-05T22:09:29.996+0000: 144035.981: [ParNew
Desired survivor size 8716288 bytes, new threshold 4 (max 6)
- age   1:    2606240 bytes,    2606240 total
- age   2:    2230784 bytes,    4837024 total
- age   3:    2290128 bytes,    7127152 total
- age   4:    2234064 bytes,    9361216 total
: 150110K->13738K(153344K), 0.0237600 secs] 423938K->289985K(1031552K), 0.0239320 secs] [Times: user=0.06 sys=0.00, real=0.02 secs] 
2014-03-05T22:13:40.916+0000: 144286.901: [GC2014-03-05T22:13:40.916+0000: 144286.901: [ParNew
Desired survivor size 8716288 bytes, new threshold 4 (max 6)
- age   1:    2599616 bytes,    2599616 total
- age   2:    2337328 bytes,    4936944 total
- age   3:    2229256 bytes,    7166200 total
- age   4:    2289632 bytes,    9455832 total
: 150058K->13686K(153344K), 0.0238390 secs] 426305K->292229K(1031552K), 0.0240000 secs] [Times: user=0.04 sys=0.00, real=0.02 secs] 
2014-03-05T22:17:51.527+0000: 144537.511: [GC2014-03-05T22:17:51.527+0000: 144537.512: [ParNew
Desired survivor size 8716288 bytes, new threshold 4 (max 6)
- age   1:    2672136 bytes,    2672136 total
- age   2:    2364200 bytes,    5036336 total
- age   3:    2336224 bytes,    7372560 total
- age   4:    2227848 bytes,    9600408 total
: 150006K->13810K(153344K), 0.0244030 secs] 428549K->294707K(1031552K), 0.0245610 secs] [Times: user=0.05 sys=0.00, real=0.02 secs] 
2014-03-05T22:21:58.926+0000: 144784.911: [GC2014-03-05T22:21:58.926+0000: 144784.911: [ParNew
Desired survivor size 8716288 bytes, new threshold 4 (max 6)
- age   1:    2637144 bytes,    2637144 total
- age   2:    2396392 bytes,    5033536 total
- age   3:    2307784 bytes,    7341320 total
- age   4:    2335616 bytes,    9676936 total
: 150130K->13916K(153344K), 0.0238830 secs] 431027K->297062K(1031552K), 0.0240400 secs] [Times: user=0.05 sys=0.00, real=0.02 secs] 
2014-03-05T22:26:15.551+0000: 145041.536: [GC2014-03-05T22:26:15.551+0000: 145041.536: [ParNew
Desired survivor size 8716288 bytes, new threshold 4 (max 6)
- age   1:    2590472 bytes,    2590472 total
- age   2:    2309168 bytes,    4899640 total
- age   3:    2395984 bytes,    7295624 total
- age   4:    2306888 bytes,    9602512 total
: 150236K->14039K(153344K), 0.0239790 secs] 433382K->299586K(1031552K), 0.0241180 secs] [Times: user=0.05 sys=0.00, real=0.03 secs] 
2014-03-05T22:30:17.216+0000: 145283.201: [GC2014-03-05T22:30:17.216+0000: 145283.201: [ParNew
Desired survivor size 8716288 bytes, new threshold 4 (max 6)
- age   1:    2646816 bytes,    2646816 total
- age   2:    2353272 bytes,    5000088 total
- age   3:    2303232 bytes,    7303320 total
- age   4:    2394432 bytes,    9697752 total
: 150359K->14121K(153344K), 0.0241650 secs] 435906K->302039K(1031552K), 0.0243220 secs] [Times: user=0.05 sys=0.00, real=0.02 secs] 
2014-03-05T22:34:28.916+0000: 145534.901: [GC2014-03-05T22:34:28.916+0000: 145534.901: [ParNew
Desired survivor size 8716288 bytes, new threshold 4 (max 6)
- age   1:    2590472 bytes,    2590472 total
- age   2:    2284328 bytes,    4874800 total
- age   3:    2351992 bytes,    7226792 total
- age   4:    2302432 bytes,    9529224 total
: 150441K->9389K(153344K), 0.0244470 secs] 438359K->299726K(1031552K), 0.0245980 secs] [Times: user=0.05 sys=0.00, real=0.02 secs] 
2014-03-05T22:38:45.308+0000: 145791.293: [GC2014-03-05T22:38:45.308+0000: 145791.293: [ParNew
Desired survivor size 8716288 bytes, new threshold 4 (max 6)
- age   1:    2668992 bytes,    2668992 total
- age   2:    2305408 bytes,    4974400 total
- age   3:    2282824 bytes,    7257224 total
- age   4:    2351544 bytes,    9608768 total
: 145709K->13967K(153344K), 0.0239910 secs] 436046K->306671K(1031552K), 0.0241350 secs] [Times: user=0.05 sys=0.00, real=0.02 secs] 
2014-03-05T22:42:52.379+0000: 146038.364: [GC2014-03-05T22:42:52.379+0000: 146038.364: [ParNew
Desired survivor size 8716288 bytes, new threshold 4 (max 6)
- age   1:    2543008 bytes,    2543008 total
- age   2:    2467824 bytes,    5010832 total
- age   3:    2300640 bytes,    7311472 total
- age   4:    2241360 bytes,    9552832 total
: 150287K->14000K(153344K), 0.0240230 secs] 442991K->309120K(1031552K), 0.0241910 secs] [Times: user=0.05 sys=0.00, real=0.03 secs] 
2014-03-05T22:47:06.458+0000: 146292.442: [GC2014-03-05T22:47:06.458+0000: 146292.443: [ParNew
Desired survivor size 8716288 bytes, new threshold 4 (max 6)
- age   1:    2694192 bytes,    2694192 total
- age   2:    2281320 bytes,    4975512 total
- age   3:    2421392 bytes,    7396904 total
- age   4:    2299464 bytes,    9696368 total
: 150320K->13915K(153344K), 0.0242850 secs] 445440K->311340K(1031552K), 0.0244440 secs] [Times: user=0.05 sys=0.00, real=0.03 secs] 
2014-03-05T22:51:21.456+0000: 146547.440: [GC2014-03-05T22:51:21.456+0000: 146547.440: [ParNew
Desired survivor size 8716288 bytes, new threshold 4 (max 6)
- age   1:    2687704 bytes,    2687704 total
- age   2:    2398728 bytes,    5086432 total
- age   3:    2271128 bytes,    7357560 total
- age   4:    2420216 bytes,    9777776 total
: 150235K->14139K(153344K), 0.0243160 secs] 447660K->313928K(1031552K), 0.0244600 secs] [Times: user=0.05 sys=0.00, real=0.02 secs] 
2014-03-05T22:55:33.547+0000: 146799.532: [GC2014-03-05T22:55:33.547+0000: 146799.532: [ParNew
Desired survivor size 8716288 bytes, new threshold 4 (max 6)
- age   1:    2648856 bytes,    2648856 total
- age   2:    2392800 bytes,    5041656 total
- age   3:    2397664 bytes,    7439320 total
- age   4:    2268424 bytes,    9707744 total
: 150459K->14210K(153344K), 0.0243560 secs] 450248K->316446K(1031552K), 0.0245120 secs] [Times: user=0.05 sys=0.00, real=0.02 secs] 
2014-03-05T22:59:30.172+0000: 147036.157: [GC2014-03-05T22:59:30.172+0000: 147036.157: [ParNew
Desired survivor size 8716288 bytes, new threshold 4 (max 6)
- age   1:    2693048 bytes,    2693048 total
- age   2:    2374552 bytes,    5067600 total
- age   3:    2391648 bytes,    7459248 total
- age   4:    2397344 bytes,    9856592 total
: 150530K->14244K(153344K), 0.0242520 secs] 452766K->318811K(1031552K), 0.0243880 secs] [Times: user=0.06 sys=0.00, real=0.03 secs] 
2014-03-05T23:03:45.025+0000: 147291.009: [GC2014-03-05T23:03:45.025+0000: 147291.010: [ParNew
Desired survivor size 8716288 bytes, new threshold 4 (max 6)
- age   1:    2592664 bytes,    2592664 total
- age   2:    2326256 bytes,    4918920 total
- age   3:    2341000 bytes,    7259920 total
- age   4:    2391280 bytes,    9651200 total
: 150564K->14247K(153344K), 0.0248090 secs] 455131K->321277K(1031552K), 0.0249740 secs] [Times: user=0.05 sys=0.00, real=0.02 secs] 
2014-03-05T23:07:55.596+0000: 147541.581: [GC2014-03-05T23:07:55.596+0000: 147541.581: [ParNew
Desired survivor size 8716288 bytes, new threshold 4 (max 6)
- age   1:    2624080 bytes,    2624080 total
- age   2:    2354024 bytes,    4978104 total
- age   3:    2322480 bytes,    7300584 total
- age   4:    2327968 bytes,    9628552 total
: 150567K->14152K(153344K), 0.0243620 secs] 457597K->323638K(1031552K), 0.0245190 secs] [Times: user=0.06 sys=0.00, real=0.02 secs] 
2014-03-05T23:12:10.910+0000: 147796.894: [GC2014-03-05T23:12:10.910+0000: 147796.894: [ParNew
Desired survivor size 8716288 bytes, new threshold 4 (max 6)
- age   1:    2642800 bytes,    2642800 total
- age   2:    2373920 bytes,    5016720 total
- age   3:    2353024 bytes,    7369744 total
- age   4:    2320784 bytes,    9690528 total
: 150472K->14178K(153344K), 0.0259060 secs] 459958K->326058K(1031552K), 0.0260660 secs] [Times: user=0.05 sys=0.00, real=0.03 secs] 
2014-03-05T23:16:25.968+0000: 148051.953: [GC2014-03-05T23:16:25.968+0000: 148051.953: [ParNew
Desired survivor size 8716288 bytes, new threshold 4 (max 6)
- age   1:    2673528 bytes,    2673528 total
- age   2:    2393192 bytes,    5066720 total
- age   3:    2317872 bytes,    7384592 total
- age   4:    2352480 bytes,    9737072 total
: 150498K->14001K(153344K), 0.0239780 secs] 462378K->328144K(1031552K), 0.0241390 secs] [Times: user=0.05 sys=0.00, real=0.02 secs] 
2014-03-05T23:20:42.526+0000: 148308.510: [GC2014-03-05T23:20:42.526+0000: 148308.510: [ParNew
Desired survivor size 8716288 bytes, new threshold 4 (max 6)
- age   1:    2668536 bytes,    2668536 total
- age   2:    2400984 bytes,    5069520 total
- age   3:    2392408 bytes,    7461928 total
- age   4:    2316944 bytes,    9778872 total
: 150321K->14207K(153344K), 0.0243860 secs] 464464K->330769K(1031552K), 0.0245450 secs] [Times: user=0.05 sys=0.00, real=0.02 secs] 
2014-03-05T23:24:58.842+0000: 148564.827: [GC2014-03-05T23:24:58.842+0000: 148564.827: [ParNew
Desired survivor size 8716288 bytes, new threshold 4 (max 6)
- age   1:    2626832 bytes,    2626832 total
- age   2:    2394648 bytes,    5021480 total
- age   3:    2399592 bytes,    7421072 total
- age   4:    2352528 bytes,    9773600 total
: 150527K->14211K(153344K), 0.0253570 secs] 467089K->333153K(1031552K), 0.0254980 secs] [Times: user=0.05 sys=0.00, real=0.02 secs] 
2014-03-05T23:29:15.066+0000: 148821.051: [GC2014-03-05T23:29:15.066+0000: 148821.051: [ParNew
Desired survivor size 8716288 bytes, new threshold 4 (max 6)
- age   1:    2621760 bytes,    2621760 total
- age   2:    2408344 bytes,    5030104 total
- age   3:    2393264 bytes,    7423368 total
- age   4:    2398864 bytes,    9822232 total
: 150531K->14297K(153344K), 0.0245170 secs] 469473K->335657K(1031552K), 0.0246700 secs] [Times: user=0.05 sys=0.00, real=0.02 secs] 
2014-03-05T23:33:30.518+0000: 149076.503: [GC2014-03-05T23:33:30.518+0000: 149076.503: [ParNew
Desired survivor size 8716288 bytes, new threshold 4 (max 6)
- age   1:    2582792 bytes,    2582792 total
- age   2:    2421824 bytes,    5004616 total
- age   3:    2407656 bytes,    7412272 total
- age   4:    2392568 bytes,    9804840 total
: 150617K->14319K(153344K), 0.0242750 secs] 471977K->338105K(1031552K), 0.0244440 secs] [Times: user=0.04 sys=0.01, real=0.03 secs] 
2014-03-05T23:37:40.824+0000: 149326.809: [GC2014-03-05T23:37:40.824+0000: 149326.809: [ParNew
Desired survivor size 8716288 bytes, new threshold 4 (max 6)
- age   1:    2764832 bytes,    2764832 total
- age   2:    2392800 bytes,    5157632 total
- age   3:    2421072 bytes,    7578704 total
- age   4:    2361736 bytes,    9940440 total
: 150639K->14301K(153344K), 0.0244930 secs] 474425K->340505K(1031552K), 0.0246450 secs] [Times: user=0.05 sys=0.00, real=0.02 secs] 
2014-03-05T23:42:00.080+0000: 149586.065: [GC2014-03-05T23:42:00.080+0000: 149586.065: [ParNew
Desired survivor size 8716288 bytes, new threshold 4 (max 6)
- age   1:    2624496 bytes,    2624496 total
- age   2:    2314448 bytes,    4938944 total
- age   3:    2392264 bytes,    7331208 total
- age   4:    2420624 bytes,    9751832 total
: 150621K->14410K(153344K), 0.0245360 secs] 476825K->343042K(1031552K), 0.0246720 secs] [Times: user=0.05 sys=0.00, real=0.03 secs] 
2014-03-05T23:46:20.486+0000: 149846.470: [GC2014-03-05T23:46:20.486+0000: 149846.470: [ParNew
Desired survivor size 8716288 bytes, new threshold 4 (max 6)
- age   1:    2698656 bytes,    2698656 total
- age   2:    2447720 bytes,    5146376 total
- age   3:    2313400 bytes,    7459776 total
- age   4:    2391528 bytes,    9851304 total
: 150730K->14286K(153344K), 0.0246500 secs] 479362K->345404K(1031552K), 0.0247950 secs] [Times: user=0.05 sys=0.00, real=0.02 secs] 
2014-03-05T23:50:39.989+0000: 150105.974: [GC2014-03-05T23:50:39.989+0000: 150105.974: [ParNew
Desired survivor size 8716288 bytes, new threshold 4 (max 6)
- age   1:    2659400 bytes,    2659400 total
- age   2:    2479616 bytes,    5139016 total
- age   3:    2401296 bytes,    7540312 total
- age   4:    2312856 bytes,    9853168 total
: 150606K->14369K(153344K), 0.0246270 secs] 481724K->347945K(1031552K), 0.0247780 secs] [Times: user=0.05 sys=0.00, real=0.02 secs] 
2014-03-05T23:54:59.838+0000: 150365.823: [GC2014-03-05T23:54:59.838+0000: 150365.823: [ParNew
Desired survivor size 8716288 bytes, new threshold 4 (max 6)
- age   1:    2645624 bytes,    2645624 total
- age   2:    2398632 bytes,    5044256 total
- age   3:    2477416 bytes,    7521672 total
- age   4:    2400480 bytes,    9922152 total
: 150689K->14393K(153344K), 0.0254860 secs] 484265K->350346K(1031552K), 0.0256340 secs] [Times: user=0.05 sys=0.00, real=0.03 secs] 
2014-03-05T23:59:19.909+0000: 150625.894: [GC2014-03-05T23:59:19.909+0000: 150625.894: [ParNew
Desired survivor size 8716288 bytes, new threshold 4 (max 6)
- age   1:    2766960 bytes,    2766960 total
- age   2:    2388672 bytes,    5155632 total
- age   3:    2397656 bytes,    7553288 total
- age   4:    2476368 bytes,   10029656 total
: 150713K->14548K(153344K), 0.0254050 secs] 486666K->352969K(1031552K), 0.0255710 secs] [Times: user=0.05 sys=0.00, real=0.03 secs] 
2014-03-06T00:03:36.149+0000: 150882.134: [GC2014-03-06T00:03:36.149+0000: 150882.134: [ParNew
Desired survivor size 8716288 bytes, new threshold 4 (max 6)
- age   1:    2578680 bytes,    2578680 total
- age   2:    2534472 bytes,    5113152 total
- age   3:    2387600 bytes,    7500752 total
- age   4:    2397064 bytes,    9897816 total
: 150868K->14524K(153344K), 0.0243910 secs] 489289K->355408K(1031552K), 0.0245380 secs] [Times: user=0.05 sys=0.00, real=0.03 secs] 
2014-03-06T00:07:54.944+0000: 151140.928: [GC2014-03-06T00:07:54.944+0000: 151140.928: [ParNew
Desired survivor size 8716288 bytes, new threshold 4 (max 6)
- age   1:    2737080 bytes,    2737080 total
- age   2:    2389256 bytes,    5126336 total
- age   3:    2487760 bytes,    7614096 total
- age   4:    2387232 bytes,   10001328 total
: 150844K->14558K(153344K), 0.0246450 secs] 491728K->357906K(1031552K), 0.0247900 secs] [Times: user=0.05 sys=0.00, real=0.02 secs] 
2014-03-06T00:12:14.722+0000: 151400.707: [GC2014-03-06T00:12:14.723+0000: 151400.707: [ParNew
Desired survivor size 8716288 bytes, new threshold 4 (max 6)
- age   1:    2643512 bytes,    2643512 total
- age   2:    2461568 bytes,    5105080 total
- age   3:    2388656 bytes,    7493736 total
- age   4:    2407856 bytes,    9901592 total
: 150878K->14495K(153344K), 0.0245070 secs] 494226K->360297K(1031552K), 0.0246580 secs] [Times: user=0.06 sys=0.00, real=0.02 secs] 
2014-03-06T00:16:34.774+0000: 151660.759: [GC2014-03-06T00:16:34.774+0000: 151660.759: [ParNew
Desired survivor size 8716288 bytes, new threshold 4 (max 6)
- age   1:    2591040 bytes,    2591040 total
- age   2:    2440440 bytes,    5031480 total
- age   3:    2460640 bytes,    7492120 total
- age   4:    2387896 bytes,    9880016 total
: 150815K->14474K(153344K), 0.0256360 secs] 496617K->362751K(1031552K), 0.0257800 secs] [Times: user=0.05 sys=0.00, real=0.02 secs] 
2014-03-06T00:20:54.909+0000: 151920.894: [GC2014-03-06T00:20:54.909+0000: 151920.894: [ParNew
Desired survivor size 8716288 bytes, new threshold 4 (max 6)
- age   1:    2741888 bytes,    2741888 total
- age   2:    2387992 bytes,    5129880 total
- age   3:    2394280 bytes,    7524160 total
- age   4:    2459368 bytes,    9983528 total
: 150794K->14524K(153344K), 0.0247920 secs] 499071K->365254K(1031552K), 0.0249600 secs] [Times: user=0.06 sys=0.00, real=0.03 secs] 
2014-03-06T00:25:13.985+0000: 152179.970: [GC2014-03-06T00:25:13.985+0000: 152179.970: [ParNew
Desired survivor size 8716288 bytes, new threshold 4 (max 6)
- age   1:    2619504 bytes,    2619504 total
- age   2:    2468608 bytes,    5088112 total
- age   3:    2387144 bytes,    7475256 total
- age   4:    2393416 bytes,    9868672 total
: 150844K->14467K(153344K), 0.0245070 secs] 501574K->367645K(1031552K), 0.0246630 secs] [Times: user=0.05 sys=0.00, real=0.02 secs] 
2014-03-06T00:29:31.916+0000: 152437.901: [GC2014-03-06T00:29:31.916+0000: 152437.901: [ParNew
Desired survivor size 8716288 bytes, new threshold 4 (max 6)
- age   1:    2697112 bytes,    2697112 total
- age   2:    2393352 bytes,    5090464 total
- age   3:    2466440 bytes,    7556904 total
- age   4:    2386744 bytes,    9943648 total
: 150787K->14509K(153344K), 0.0247870 secs] 503965K->370148K(1031552K), 0.0249370 secs] [Times: user=0.05 sys=0.00, real=0.02 secs] 
2014-03-06T00:33:52.185+0000: 152698.170: [GC2014-03-06T00:33:52.185+0000: 152698.170: [ParNew
Desired survivor size 8716288 bytes, new threshold 4 (max 6)
- age   1:    2637192 bytes,    2637192 total
- age   2:    2429880 bytes,    5067072 total
- age   3:    2391960 bytes,    7459032 total
- age   4:    2386936 bytes,    9845968 total
: 150829K->14418K(153344K), 0.0243700 secs] 506468K->372512K(1031552K), 0.0245290 secs] [Times: user=0.05 sys=0.00, real=0.02 secs] 
2014-03-06T00:38:10.909+0000: 152956.894: [GC2014-03-06T00:38:10.910+0000: 152956.894: [ParNew
Desired survivor size 8716288 bytes, new threshold 4 (max 6)
- age   1:    2658496 bytes,    2658496 total
- age   2:    2433208 bytes,    5091704 total
- age   3:    2428352 bytes,    7520056 total
- age   4:    2391448 bytes,    9911504 total
: 150738K->14434K(153344K), 0.0262450 secs] 508832K->374982K(1031552K), 0.0264110 secs] [Times: user=0.05 sys=0.00, real=0.03 secs] 
2014-03-06T00:42:29.909+0000: 153215.894: [GC2014-03-06T00:42:29.909+0000: 153215.894: [ParNew
Desired survivor size 8716288 bytes, new threshold 4 (max 6)
- age   1:    2708776 bytes,    2708776 total
- age   2:    2422536 bytes,    5131312 total
- age   3:    2386824 bytes,    7518136 total
- age   4:    2388304 bytes,    9906440 total
: 150754K->14457K(153344K), 0.0262310 secs] 511302K->377464K(1031552K), 0.0263950 secs] [Times: user=0.05 sys=0.00, real=0.03 secs] 
2014-03-06T00:46:48.957+0000: 153474.942: [GC2014-03-06T00:46:48.957+0000: 153474.942: [ParNew
Desired survivor size 8716288 bytes, new threshold 4 (max 6)
- age   1:    2634832 bytes,    2634832 total
- age   2:    2427952 bytes,    5062784 total
- age   3:    2421336 bytes,    7484120 total
- age   4:    2386040 bytes,    9870160 total
: 150777K->14418K(153344K), 0.0243150 secs] 513784K->379839K(1031552K), 0.0244620 secs] [Times: user=0.05 sys=0.00, real=0.02 secs] 
2014-03-06T00:51:08.185+0000: 153734.170: [GC2014-03-06T00:51:08.185+0000: 153734.170: [ParNew
Desired survivor size 8716288 bytes, new threshold 4 (max 6)
- age   1:    2754592 bytes,    2754592 total
- age   2:    2360880 bytes,    5115472 total
- age   3:    2426336 bytes,    7541808 total
- age   4:    2420544 bytes,    9962352 total
: 150738K->14499K(153344K), 0.0245570 secs] 516159K->382374K(1031552K), 0.0247200 secs] [Times: user=0.05 sys=0.00, real=0.02 secs] 
2014-03-06T00:55:27.476+0000: 153993.460: [GC2014-03-06T00:55:27.476+0000: 153993.460: [ParNew
Desired survivor size 8716288 bytes, new threshold 4 (max 6)
- age   1:    2693936 bytes,    2693936 total
- age   2:    2468744 bytes,    5162680 total
- age   3:    2359736 bytes,    7522416 total
- age   4:    2386408 bytes,    9908824 total
: 150819K->14437K(153344K), 0.0242420 secs] 518694K->384760K(1031552K), 0.0243780 secs] [Times: user=0.05 sys=0.00, real=0.02 secs] 
2014-03-06T00:59:45.638+0000: 154251.622: [GC2014-03-06T00:59:45.638+0000: 154251.622: [ParNew
Desired survivor size 8716288 bytes, new threshold 4 (max 6)
- age   1:    2707656 bytes,    2707656 total
- age   2:    2432384 bytes,    5140040 total
- age   3:    2467176 bytes,    7607216 total
- age   4:    2359192 bytes,    9966408 total
: 150757K->14545K(153344K), 0.0244190 secs] 521080K->387322K(1031552K), 0.0245560 secs] [Times: user=0.05 sys=0.00, real=0.03 secs] 
2014-03-06T01:04:04.385+0000: 154510.369: [GC2014-03-06T01:04:04.385+0000: 154510.369: [ParNew
Desired survivor size 8716288 bytes, new threshold 4 (max 6)
- age   1:    2680296 bytes,    2680296 total
- age   2:    2462696 bytes,    5142992 total
- age   3:    2377360 bytes,    7520352 total
- age   4:    2387336 bytes,    9907688 total
: 150865K->14453K(153344K), 0.0244480 secs] 523642K->389656K(1031552K), 0.0246100 secs] [Times: user=0.05 sys=0.00, real=0.02 secs] 
2014-03-06T01:08:24.819+0000: 154770.804: [GC2014-03-06T01:08:24.819+0000: 154770.804: [ParNew
Desired survivor size 8716288 bytes, new threshold 4 (max 6)
- age   1:    2598592 bytes,    2598592 total
- age   2:    2424000 bytes,    5022592 total
- age   3:    2462240 bytes,    7484832 total
- age   4:    2376592 bytes,    9861424 total
: 150773K->14471K(153344K), 0.0242630 secs] 525976K->392127K(1031552K), 0.0244080 secs] [Times: user=0.05 sys=0.00, real=0.03 secs] 
2014-03-06T01:12:42.987+0000: 155028.972: [GC2014-03-06T01:12:42.987+0000: 155028.972: [ParNew
Desired survivor size 8716288 bytes, new threshold 4 (max 6)
- age   1:    2687400 bytes,    2687400 total
- age   2:    2397416 bytes,    5084816 total
- age   3:    2378072 bytes,    7462888 total
- age   4:    2460936 bytes,    9923824 total
: 150791K->14503K(153344K), 0.0242280 secs] 528447K->394604K(1031552K), 0.0243840 secs] [Times: user=0.05 sys=0.00, real=0.02 secs] 
2014-03-06T01:17:01.015+0000: 155287.000: [GC2014-03-06T01:17:01.015+0000: 155287.000: [ParNew
Desired survivor size 8716288 bytes, new threshold 4 (max 6)
- age   1:    2647320 bytes,    2647320 total
- age   2:    2485176 bytes,    5132496 total
- age   3:    2396568 bytes,    7529064 total
- age   4:    2377320 bytes,    9906384 total
: 150823K->14397K(153344K), 0.0248460 secs] 530924K->396946K(1031552K), 0.0250060 secs] [Times: user=0.05 sys=0.00, real=0.02 secs] 
2014-03-06T01:21:20.454+0000: 155546.439: [GC2014-03-06T01:21:20.454+0000: 155546.439: [ParNew
Desired survivor size 8716288 bytes, new threshold 4 (max 6)
- age   1:    2707528 bytes,    2707528 total
- age   2:    2376928 bytes,    5084456 total
- age   3:    2438376 bytes,    7522832 total
- age   4:    2396200 bytes,    9919032 total
: 150717K->9737K(153344K), 0.0242590 secs] 533266K->394731K(1031552K), 0.0244050 secs] [Times: user=0.05 sys=0.00, real=0.03 secs] 
2014-03-06T01:25:38.964+0000: 155804.949: [GC2014-03-06T01:25:38.964+0000: 155804.949: [ParNew
Desired survivor size 8716288 bytes, new threshold 4 (max 6)
- age   1:    2597480 bytes,    2597480 total
- age   2:    2508272 bytes,    5105752 total
- age   3:    2375824 bytes,    7481576 total
- age   4:    2358256 bytes,    9839832 total
: 146057K->14398K(153344K), 0.0246140 secs] 531051K->401856K(1031552K), 0.0247660 secs] [Times: user=0.05 sys=0.00, real=0.02 secs] 
2014-03-06T01:29:58.570+0000: 156064.554: [GC2014-03-06T01:29:58.570+0000: 156064.554: [ParNew
Desired survivor size 8716288 bytes, new threshold 4 (max 6)
- age   1:    2622200 bytes,    2622200 total
- age   2:    2388520 bytes,    5010720 total
- age   3:    2462224 bytes,    7472944 total
- age   4:    2375264 bytes,    9848208 total
: 150718K->14384K(153344K), 0.0240810 secs] 538176K->404267K(1031552K), 0.0242270 secs] [Times: user=0.04 sys=0.01, real=0.02 secs] 
2014-03-06T01:34:15.489+0000: 156321.474: [GC2014-03-06T01:34:15.489+0000: 156321.474: [ParNew
Desired survivor size 8716288 bytes, new threshold 4 (max 6)
- age   1:    2754520 bytes,    2754520 total
- age   2:    2349296 bytes,    5103816 total
- age   3:    2387944 bytes,    7491760 total
- age   4:    2460568 bytes,    9952328 total
: 150704K->14466K(153344K), 0.0244360 secs] 540587K->406790K(1031552K), 0.0245830 secs] [Times: user=0.05 sys=0.00, real=0.02 secs] 
2014-03-06T01:38:34.574+0000: 156580.559: [GC2014-03-06T01:38:34.574+0000: 156580.559: [ParNew
Desired survivor size 8716288 bytes, new threshold 4 (max 6)
- age   1:    2678320 bytes,    2678320 total
- age   2:    2461912 bytes,    5140232 total
- age   3:    2348360 bytes,    7488592 total
- age   4:    2387256 bytes,    9875848 total
: 150786K->14416K(153344K), 0.0242070 secs] 543110K->409190K(1031552K), 0.0243670 secs] [Times: user=0.06 sys=0.00, real=0.03 secs] 
2014-03-06T01:42:54.814+0000: 156840.799: [GC2014-03-06T01:42:54.814+0000: 156840.799: [ParNew
Desired survivor size 8716288 bytes, new threshold 4 (max 6)
- age   1:    2677296 bytes,    2677296 total
- age   2:    2434416 bytes,    5111712 total
- age   3:    2459448 bytes,    7571160 total
- age   4:    2347992 bytes,    9919152 total
: 150736K->14503K(153344K), 0.0242520 secs] 545510K->411732K(1031552K), 0.0244230 secs] [Times: user=0.05 sys=0.00, real=0.03 secs] 
2014-03-06T01:47:11.671+0000: 157097.656: [GC2014-03-06T01:47:11.671+0000: 157097.656: [ParNew
Desired survivor size 8716288 bytes, new threshold 4 (max 6)
- age   1:    2610928 bytes,    2610928 total
- age   2:    2467800 bytes,    5078728 total
- age   3:    2388120 bytes,    7466848 total
- age   4:    2379960 bytes,    9846808 total
: 150823K->14393K(153344K), 0.0249640 secs] 548052K->414035K(1031552K), 0.0251100 secs] [Times: user=0.05 sys=0.00, real=0.03 secs] 
2014-03-06T01:51:30.410+0000: 157356.394: [GC2014-03-06T01:51:30.410+0000: 157356.395: [ParNew
Desired survivor size 8716288 bytes, new threshold 4 (max 6)
- age   1:    2677976 bytes,    2677976 total
- age   2:    2389776 bytes,    5067752 total
- age   3:    2466160 bytes,    7533912 total
- age   4:    2387272 bytes,    9921184 total
: 150713K->14429K(153344K), 0.0255900 secs] 550355K->416519K(1031552K), 0.0257430 secs] [Times: user=0.06 sys=0.00, real=0.03 secs] 
2014-03-06T01:55:50.140+0000: 157616.125: [GC2014-03-06T01:55:50.140+0000: 157616.125: [ParNew
Desired survivor size 8716288 bytes, new threshold 4 (max 6)
- age   1:    2724232 bytes,    2724232 total
- age   2:    2426968 bytes,    5151200 total
- age   3:    2342952 bytes,    7494152 total
- age   4:    2426096 bytes,    9920248 total
: 150749K->14464K(153344K), 0.0242450 secs] 552839K->419009K(1031552K), 0.0243930 secs] [Times: user=0.05 sys=0.00, real=0.03 secs] 
2014-03-06T02:00:10.210+0000: 157876.195: [GC2014-03-06T02:00:10.210+0000: 157876.195: [ParNew
Desired survivor size 8716288 bytes, new threshold 4 (max 6)
- age   1:    2619040 bytes,    2619040 total
- age   2:    2430064 bytes,    5049104 total
- age   3:    2426416 bytes,    7475520 total
- age   4:    2341944 bytes,    9817464 total
: 150784K->14437K(153344K), 0.0250650 secs] 555329K->421435K(1031552K), 0.0252310 secs] [Times: user=0.05 sys=0.00, real=0.03 secs] 
2014-03-06T02:04:28.909+0000: 158134.894: [GC2014-03-06T02:04:28.909+0000: 158134.894: [ParNew
Desired survivor size 8716288 bytes, new threshold 4 (max 6)
- age   1:    2689848 bytes,    2689848 total
- age   2:    2388208 bytes,    5078056 total
- age   3:    2427424 bytes,    7505480 total
- age   4:    2425712 bytes,    9931192 total
: 150757K->14444K(153344K), 0.0249480 secs] 557755K->423850K(1031552K), 0.0251130 secs] [Times: user=0.06 sys=0.00, real=0.03 secs] 
2014-03-06T02:08:45.916+0000: 158391.901: [GC2014-03-06T02:08:45.916+0000: 158391.901: [ParNew
Desired survivor size 8716288 bytes, new threshold 4 (max 6)
- age   1:    2641600 bytes,    2641600 total
- age   2:    2440624 bytes,    5082224 total
- age   3:    2387352 bytes,    7469576 total
- age   4:    2387272 bytes,    9856848 total
: 150764K->14389K(153344K), 0.0243540 secs] 560170K->426249K(1031552K), 0.0245170 secs] [Times: user=0.06 sys=0.00, real=0.02 secs] 
2014-03-06T02:13:04.245+0000: 158650.230: [GC2014-03-06T02:13:04.245+0000: 158650.230: [ParNew
Desired survivor size 8716288 bytes, new threshold 4 (max 6)
- age   1:    2751656 bytes,    2751656 total
- age   2:    2382976 bytes,    5134632 total
- age   3:    2438288 bytes,    7572920 total
- age   4:    2387080 bytes,    9960000 total
: 150709K->14478K(153344K), 0.0247380 secs] 562569K->428793K(1031552K), 0.0248950 secs] [Times: user=0.05 sys=0.00, real=0.02 secs] 
2014-03-06T02:17:23.055+0000: 158909.040: [GC2014-03-06T02:17:23.055+0000: 158909.040: [ParNew
Desired survivor size 8716288 bytes, new threshold 4 (max 6)
- age   1:    2627344 bytes,    2627344 total
- age   2:    2494320 bytes,    5121664 total
- age   3:    2381920 bytes,    7503584 total
- age   4:    2358832 bytes,    9862416 total
: 150798K->14426K(153344K), 0.0246650 secs] 565113K->431195K(1031552K), 0.0248240 secs] [Times: user=0.05 sys=0.01, real=0.02 secs] 
2014-03-06T02:21:42.441+0000: 159168.425: [GC2014-03-06T02:21:42.441+0000: 159168.425: [ParNew
Desired survivor size 8716288 bytes, new threshold 4 (max 6)
- age   1:    2618272 bytes,    2618272 total
- age   2:    2399600 bytes,    5017872 total
- age   3:    2448552 bytes,    7466424 total
- age   4:    2381520 bytes,    9847944 total
: 150746K->14416K(153344K), 0.0242030 secs] 567515K->433611K(1031552K), 0.0243500 secs] [Times: user=0.05 sys=0.00, real=0.03 secs] 
2014-03-06T02:26:00.634+0000: 159426.619: [GC2014-03-06T02:26:00.634+0000: 159426.619: [ParNew
Desired survivor size 8716288 bytes, new threshold 4 (max 6)
- age   1:    2776680 bytes,    2776680 total
- age   2:    2351112 bytes,    5127792 total
- age   3:    2399096 bytes,    7526888 total
- age   4:    2447008 bytes,    9973896 total
: 150736K->14476K(153344K), 0.0253660 secs] 569931K->436119K(1031552K), 0.0255430 secs] [Times: user=0.05 sys=0.00, real=0.03 secs] 
2014-03-06T02:30:19.909+0000: 159685.894: [GC2014-03-06T02:30:19.909+0000: 159685.894: [ParNew
Desired survivor size 8716288 bytes, new threshold 4 (max 6)
- age   1:    2663368 bytes,    2663368 total
- age   2:    2461840 bytes,    5125208 total
- age   3:    2350104 bytes,    7475312 total
- age   4:    2398440 bytes,    9873752 total
: 150796K->14442K(153344K), 0.0245590 secs] 572439K->438519K(1031552K), 0.0247310 secs] [Times: user=0.05 sys=0.00, real=0.02 secs] 
2014-03-06T02:34:39.215+0000: 159945.200: [GC2014-03-06T02:34:39.215+0000: 159945.200: [ParNew
Desired survivor size 8716288 bytes, new threshold 4 (max 6)
- age   1:    2697304 bytes,    2697304 total
- age   2:    2389080 bytes,    5086384 total
- age   3:    2459344 bytes,    7545728 total
- age   4:    2349608 bytes,    9895336 total
: 150762K->9721K(153344K), 0.0256080 secs] 574839K->436264K(1031552K), 0.0257600 secs] [Times: user=0.05 sys=0.00, real=0.02 secs] 
2014-03-06T02:38:57.448+0000: 160203.433: [GC2014-03-06T02:38:57.448+0000: 160203.433: [ParNew
Desired survivor size 8716288 bytes, new threshold 4 (max 6)
- age   1:    2666800 bytes,    2666800 total
- age   2:    2468200 bytes,    5135000 total
- age   3:    2387400 bytes,    7522400 total
- age   4:    2379864 bytes,    9902264 total
: 146041K->14367K(153344K), 0.0242580 secs] 572584K->443326K(1031552K), 0.0244110 secs] [Times: user=0.05 sys=0.00, real=0.02 secs] 
2014-03-06T02:43:15.796+0000: 160461.780: [GC2014-03-06T02:43:15.796+0000: 160461.780: [ParNew
Desired survivor size 8716288 bytes, new threshold 4 (max 6)
- age   1:    2598248 bytes,    2598248 total
- age   2:    2424792 bytes,    5023040 total
- age   3:    2467104 bytes,    7490144 total
- age   4:    2386888 bytes,    9877032 total
: 150687K->14445K(153344K), 0.0243980 secs] 579646K->445852K(1031552K), 0.0245490 secs] [Times: user=0.05 sys=0.00, real=0.02 secs] 
2014-03-06T02:47:34.909+0000: 160720.894: [GC2014-03-06T02:47:34.909+0000: 160720.894: [ParNew
Desired survivor size 8716288 bytes, new threshold 4 (max 6)
- age   1:    2697704 bytes,    2697704 total
- age   2:    2354048 bytes,    5051752 total
- age   3:    2377872 bytes,    7429624 total
- age   4:    2465728 bytes,    9895352 total
: 150765K->14510K(153344K), 0.0248760 secs] 582172K->448371K(1031552K), 0.0250270 secs] [Times: user=0.06 sys=0.00, real=0.03 secs] 
2014-03-06T02:51:55.350+0000: 160981.335: [GC2014-03-06T02:51:55.350+0000: 160981.335: [ParNew
Desired survivor size 8716288 bytes, new threshold 4 (max 6)
- age   1:    2608752 bytes,    2608752 total
- age   2:    2469240 bytes,    5077992 total
- age   3:    2353496 bytes,    7431488 total
- age   4:    2376960 bytes,    9808448 total
: 150830K->14366K(153344K), 0.0243250 secs] 584691K->450681K(1031552K), 0.0244720 secs] [Times: user=0.05 sys=0.00, real=0.03 secs] 
2014-03-06T02:56:12.460+0000: 161238.445: [GC2014-03-06T02:56:12.460+0000: 161238.445: [ParNew
Desired survivor size 8716288 bytes, new threshold 4 (max 6)
- age   1:    2667320 bytes,    2667320 total
- age   2:    2388560 bytes,    5055880 total
- age   3:    2388536 bytes,    7444416 total
- age   4:    2352792 bytes,    9797208 total
: 150686K->17024K(153344K), 0.0257990 secs] 587001K->455930K(1031552K), 0.0259600 secs] [Times: user=0.06 sys=0.00, real=0.03 secs] 
2014-03-06T03:00:30.935+0000: 161496.920: [GC2014-03-06T03:00:30.935+0000: 161496.920: [ParNew
Desired survivor size 8716288 bytes, new threshold 4 (max 6)
- age   1:    2604128 bytes,    2604128 total
- age   2:    2468264 bytes,    5072392 total
- age   3:    2388072 bytes,    7460464 total
- age   4:    2387832 bytes,    9848296 total
: 153344K->12004K(153344K), 0.0247060 secs] 592250K->453330K(1031552K), 0.0248650 secs] [Times: user=0.05 sys=0.00, real=0.02 secs] 
2014-03-06T03:04:50.759+0000: 161756.744: [GC2014-03-06T03:04:50.760+0000: 161756.744: [ParNew
Desired survivor size 8716288 bytes, new threshold 4 (max 6)
- age   1:    2611592 bytes,    2611592 total
- age   2:    2344352 bytes,    4955944 total
- age   3:    2426768 bytes,    7382712 total
- age   4:    2387704 bytes,    9770416 total
: 148324K->17024K(153344K), 0.0249140 secs] 589650K->460913K(1031552K), 0.0250930 secs] [Times: user=0.05 sys=0.00, real=0.03 secs] 
2014-03-06T03:09:10.354+0000: 162016.338: [GC2014-03-06T03:09:10.354+0000: 162016.338: [ParNew
Desired survivor size 8716288 bytes, new threshold 4 (max 6)
- age   1:    2676272 bytes,    2676272 total
- age   2:    2427048 bytes,    5103320 total
- age   3:    2343928 bytes,    7447248 total
- age   4:    2425832 bytes,    9873080 total
: 153344K->11590K(153344K), 0.0250720 secs] 597233K->457934K(1031552K), 0.0252230 secs] [Times: user=0.06 sys=0.00, real=0.03 secs] 
2014-03-06T03:13:30.377+0000: 162276.362: [GC2014-03-06T03:13:30.377+0000: 162276.362: [ParNew
Desired survivor size 8716288 bytes, new threshold 4 (max 6)
- age   1:    2525832 bytes,    2525832 total
- age   2:    2474104 bytes,    4999936 total
- age   3:    2426192 bytes,    7426128 total
- age   4:    2343360 bytes,    9769488 total
: 147910K->17024K(153344K), 0.0247000 secs] 594254K->465893K(1031552K), 0.0248550 secs] [Times: user=0.05 sys=0.00, real=0.03 secs] 
2014-03-06T03:17:50.331+0000: 162536.315: [GC2014-03-06T03:17:50.331+0000: 162536.316: [ParNew
Desired survivor size 8716288 bytes, new threshold 4 (max 6)
- age   1:    2738944 bytes,    2738944 total
- age   2:    2393176 bytes,    5132120 total
- age   3:    2427088 bytes,    7559208 total
- age   4:    2425624 bytes,    9984832 total
: 153344K->11595K(153344K), 0.0243860 secs] 602213K->462873K(1031552K), 0.0245240 secs] [Times: user=0.05 sys=0.00, real=0.03 secs] 
2014-03-06T03:22:07.909+0000: 162793.893: [GC2014-03-06T03:22:07.909+0000: 162793.893: [ParNew
Desired survivor size 8716288 bytes, new threshold 4 (max 6)
- age   1:    2532920 bytes,    2532920 total
- age   2:    2462008 bytes,    4994928 total
- age   3:    2392496 bytes,    7387424 total
- age   4:    2386632 bytes,    9774056 total
: 147915K->17024K(153344K), 0.0249520 secs] 599193K->470826K(1031552K), 0.0251220 secs] [Times: user=0.06 sys=0.00, real=0.02 secs] 
2014-03-06T03:26:26.703+0000: 163052.688: [GC2014-03-06T03:26:26.703+0000: 163052.688: [ParNew
Desired survivor size 8716288 bytes, new threshold 4 (max 6)
- age   1:    2721928 bytes,    2721928 total
- age   2:    2358976 bytes,    5080904 total
- age   3:    2460536 bytes,    7541440 total
- age   4:    2391904 bytes,    9933344 total
: 153344K->11621K(153344K), 0.0249740 secs] 607146K->467878K(1031552K), 0.0251280 secs] [Times: user=0.05 sys=0.00, real=0.02 secs] 
2014-03-06T03:30:45.504+0000: 163311.489: [GC2014-03-06T03:30:45.504+0000: 163311.489: [ParNew
Desired survivor size 8716288 bytes, new threshold 4 (max 6)
- age   1:    2572536 bytes,    2572536 total
- age   2:    2453672 bytes,    5026208 total
- age   3:    2357832 bytes,    7384040 total
- age   4:    2380984 bytes,    9765024 total
: 147941K->17024K(153344K), 0.0247470 secs] 604198K->475810K(1031552K), 0.0249060 secs] [Times: user=0.05 sys=0.00, real=0.02 secs] 
2014-03-06T03:35:05.477+0000: 163571.461: [GC2014-03-06T03:35:05.477+0000: 163571.461: [ParNew
Desired survivor size 8716288 bytes, new threshold 4 (max 6)
- age   1:    2625440 bytes,    2625440 total
- age   2:    2394200 bytes,    5019640 total
- age   3:    2453200 bytes,    7472840 total
- age   4:    2357464 bytes,    9830304 total
: 153344K->11522K(153344K), 0.0248790 secs] 612130K->472757K(1031552K), 0.0250280 secs] [Times: user=0.06 sys=0.00, real=0.02 secs] 
2014-03-06T03:39:25.674+0000: 163831.659: [GC2014-03-06T03:39:25.674+0000: 163831.659: [ParNew
Desired survivor size 8716288 bytes, new threshold 4 (max 6)
- age   1:    2617864 bytes,    2617864 total
- age   2:    2383176 bytes,    5001040 total
- age   3:    2393048 bytes,    7394088 total
- age   4:    2373128 bytes,    9767216 total
: 147842K->17024K(153344K), 0.0247430 secs] 609077K->480830K(1031552K), 0.0248960 secs] [Times: user=0.05 sys=0.00, real=0.03 secs] 
2014-03-06T03:43:45.607+0000: 164091.591: [GC2014-03-06T03:43:45.607+0000: 164091.591: [ParNew
Desired survivor size 8716288 bytes, new threshold 4 (max 6)
- age   1:    2611480 bytes,    2611480 total
- age   2:    2467256 bytes,    5078736 total
- age   3:    2382808 bytes,    7461544 total
- age   4:    2392432 bytes,    9853976 total
: 153344K->11513K(153344K), 0.0247110 secs] 617150K->477759K(1031552K), 0.0248720 secs] [Times: user=0.06 sys=0.00, real=0.02 secs] 
2014-03-06T03:48:03.627+0000: 164349.612: [GC2014-03-06T03:48:03.627+0000: 164349.612: [ParNew
Desired survivor size 8716288 bytes, new threshold 4 (max 6)
- age   1:    2647384 bytes,    2647384 total
- age   2:    2388400 bytes,    5035784 total
- age   3:    2386416 bytes,    7422200 total
- age   4:    2382344 bytes,    9804544 total
: 147833K->17024K(153344K), 0.0249630 secs] 614079K->485878K(1031552K), 0.0251220 secs] [Times: user=0.05 sys=0.00, real=0.02 secs] 
2014-03-06T03:52:22.437+0000: 164608.422: [GC2014-03-06T03:52:22.437+0000: 164608.422: [ParNew
Desired survivor size 8716288 bytes, new threshold 4 (max 6)
- age   1:    2637856 bytes,    2637856 total
- age   2:    2443896 bytes,    5081752 total
- age   3:    2387816 bytes,    7469568 total
- age   4:    2385744 bytes,    9855312 total
: 153344K->11547K(153344K), 0.0251520 secs] 622198K->482851K(1031552K), 0.0253210 secs] [Times: user=0.05 sys=0.00, real=0.03 secs] 
2014-03-06T03:56:41.247+0000: 164867.232: [GC2014-03-06T03:56:41.247+0000: 164867.232: [ParNew
Desired survivor size 8716288 bytes, new threshold 4 (max 6)
- age   1:    2555480 bytes,    2555480 total
- age   2:    2381928 bytes,    4937408 total
- age   3:    2443008 bytes,    7380416 total
- age   4:    2387464 bytes,    9767880 total
: 147867K->17024K(153344K), 0.0245140 secs] 619171K->490850K(1031552K), 0.0246670 secs] [Times: user=0.06 sys=0.00, real=0.02 secs] 
2014-03-06T04:01:00.064+0000: 165126.049: [GC2014-03-06T04:01:00.064+0000: 165126.049: [ParNew
Desired survivor size 8716288 bytes, new threshold 4 (max 6)
- age   1:    2733504 bytes,    2733504 total
- age   2:    2378824 bytes,    5112328 total
- age   3:    2381528 bytes,    7493856 total
- age   4:    2441816 bytes,    9935672 total
: 153344K->11604K(153344K), 0.0249750 secs] 627170K->487886K(1031552K), 0.0251290 secs] [Times: user=0.05 sys=0.00, real=0.02 secs] 
2014-03-06T04:05:19.912+0000: 165385.897: [GC2014-03-06T04:05:19.912+0000: 165385.897: [ParNew
Desired survivor size 8716288 bytes, new threshold 4 (max 6)
- age   1:    2590480 bytes,    2590480 total
- age   2:    2467664 bytes,    5058144 total
- age   3:    2377680 bytes,    7435824 total
- age   4:    2380752 bytes,    9816576 total
: 147924K->17024K(153344K), 0.0251900 secs] 624206K->495804K(1031552K), 0.0253430 secs] [Times: user=0.05 sys=0.00, real=0.03 secs] 
2014-03-06T04:09:40.408+0000: 165646.393: [GC2014-03-06T04:09:40.408+0000: 165646.393: [ParNew
Desired survivor size 8716288 bytes, new threshold 4 (max 6)
- age   1:    2701496 bytes,    2701496 total
- age   2:    2388664 bytes,    5090160 total
- age   3:    2466392 bytes,    7556552 total
- age   4:    2377232 bytes,    9933784 total
: 153344K->11635K(153344K), 0.0254250 secs] 632124K->492862K(1031552K), 0.0255930 secs] [Times: user=0.05 sys=0.00, real=0.03 secs] 
2014-03-06T04:14:00.689+0000: 165906.673: [GC2014-03-06T04:14:00.689+0000: 165906.673: [ParNew
Desired survivor size 8716288 bytes, new threshold 4 (max 6)
- age   1:    2546384 bytes,    2546384 total
- age   2:    2515288 bytes,    5061672 total
- age   3:    2387520 bytes,    7449192 total
- age   4:    2386744 bytes,    9835936 total
: 147955K->17024K(153344K), 0.0246420 secs] 629182K->500767K(1031552K), 0.0247960 secs] [Times: user=0.05 sys=0.00, real=0.02 secs] 
2014-03-06T04:18:19.687+0000: 166165.671: [GC2014-03-06T04:18:19.687+0000: 166165.671: [ParNew
Desired survivor size 8716288 bytes, new threshold 4 (max 6)
- age   1:    2694240 bytes,    2694240 total
- age   2:    2387408 bytes,    5081648 total
- age   3:    2467864 bytes,    7549512 total
- age   4:    2387056 bytes,    9936568 total
: 153344K->11612K(153344K), 0.0250920 secs] 637087K->497810K(1031552K), 0.0252600 secs] [Times: user=0.06 sys=0.00, real=0.02 secs] 
2014-03-06T04:22:37.122+0000: 166423.107: [GC2014-03-06T04:22:37.122+0000: 166423.107: [ParNew
Desired survivor size 8716288 bytes, new threshold 4 (max 6)
- age   1:    2569480 bytes,    2569480 total
- age   2:    2423128 bytes,    4992608 total
- age   3:    2386352 bytes,    7378960 total
- age   4:    2387800 bytes,    9766760 total
: 147932K->17024K(153344K), 0.0246860 secs] 634130K->505784K(1031552K), 0.0248350 secs] [Times: user=0.06 sys=0.00, real=0.02 secs] 
2014-03-06T04:26:55.959+0000: 166681.944: [GC2014-03-06T04:26:55.959+0000: 166681.944: [ParNew
Desired survivor size 8716288 bytes, new threshold 4 (max 6)
- age   1:    2581176 bytes,    2581176 total
- age   2:    2440440 bytes,    5021616 total
- age   3:    2422680 bytes,    7444296 total
- age   4:    2385936 bytes,    9830232 total
: 153344K->11538K(153344K), 0.0247340 secs] 642104K->502755K(1031552K), 0.0248980 secs] [Times: user=0.05 sys=0.00, real=0.03 secs] 
2014-03-06T04:31:15.204+0000: 166941.189: [GC2014-03-06T04:31:15.204+0000: 166941.189: [ParNew
Desired survivor size 8716288 bytes, new threshold 4 (max 6)
- age   1:    2626864 bytes,    2626864 total
- age   2:    2383104 bytes,    5009968 total
- age   3:    2354096 bytes,    7364064 total
- age   4:    2382408 bytes,    9746472 total
: 147858K->17024K(153344K), 0.0255320 secs] 639075K->510844K(1031552K), 0.0256940 secs] [Times: user=0.06 sys=0.00, real=0.02 secs] 
2014-03-06T04:35:35.026+0000: 167201.011: [GC2014-03-06T04:35:35.026+0000: 167201.011: [ParNew
Desired survivor size 8716288 bytes, new threshold 4 (max 6)
- age   1:    2609520 bytes,    2609520 total
- age   2:    2468256 bytes,    5077776 total
- age   3:    2382264 bytes,    7460040 total
- age   4:    2353624 bytes,    9813664 total
: 153344K->11499K(153344K), 0.0244000 secs] 647164K->507768K(1031552K), 0.0245430 secs] [Times: user=0.05 sys=0.00, real=0.02 secs] 
2014-03-06T04:39:52.310+0000: 167458.295: [GC2014-03-06T04:39:52.310+0000: 167458.295: [ParNew
Desired survivor size 8716288 bytes, new threshold 4 (max 6)
- age   1:    2618440 bytes,    2618440 total
- age   2:    2388304 bytes,    5006744 total
- age   3:    2387760 bytes,    7394504 total
- age   4:    2381992 bytes,    9776496 total
: 147819K->17024K(153344K), 0.0248290 secs] 644088K->515861K(1031552K), 0.0249860 secs] [Times: user=0.04 sys=0.00, real=0.03 secs] 
2014-03-06T04:44:11.121+0000: 167717.106: [GC2014-03-06T04:44:11.121+0000: 167717.106: [ParNew
Desired survivor size 8716288 bytes, new threshold 4 (max 6)
- age   1:    2599784 bytes,    2599784 total
- age   2:    2471472 bytes,    5071256 total
- age   3:    2387528 bytes,    7458784 total
- age   4:    2387040 bytes,    9845824 total
: 153344K->11511K(153344K), 0.0251990 secs] 652181K->512799K(1031552K), 0.0253660 secs] [Times: user=0.06 sys=0.00, real=0.03 secs] 
2014-03-06T04:48:30.243+0000: 167976.228: [GC2014-03-06T04:48:30.244+0000: 167976.228: [ParNew
Desired survivor size 8716288 bytes, new threshold 4 (max 6)
- age   1:    2553328 bytes,    2553328 total
- age   2:    2385600 bytes,    4938928 total
- age   3:    2425216 bytes,    7364144 total
- age   4:    2387272 bytes,    9751416 total
: 147831K->17024K(153344K), 0.0246760 secs] 649119K->520837K(1031552K), 0.0248310 secs] [Times: user=0.05 sys=0.00, real=0.02 secs] 
2014-03-06T04:52:50.183+0000: 168236.168: [GC2014-03-06T04:52:50.184+0000: 168236.168: [ParNew
Desired survivor size 8716288 bytes, new threshold 4 (max 6)
- age   1:    2739768 bytes,    2739768 total
- age   2:    2388672 bytes,    5128440 total
- age   3:    2385048 bytes,    7513488 total
- age   4:    2424000 bytes,    9937488 total
: 153344K->11583K(153344K), 0.0248030 secs] 657157K->517850K(1031552K), 0.0249500 secs] [Times: user=0.05 sys=0.00, real=0.02 secs] 
2014-03-06T04:57:10.219+0000: 168496.204: [GC2014-03-06T04:57:10.219+0000: 168496.204: [ParNew
Desired survivor size 8716288 bytes, new threshold 4 (max 6)
- age   1:    2572736 bytes,    2572736 total
- age   2:    2467952 bytes,    5040688 total
- age   3:    2387544 bytes,    7428232 total
- age   4:    2384824 bytes,    9813056 total
: 147903K->17024K(153344K), 0.0250470 secs] 654170K->525773K(1031552K), 0.0252210 secs] [Times: user=0.05 sys=0.00, real=0.03 secs] 
2014-03-06T05:01:29.853+0000: 168755.837: [GC2014-03-06T05:01:29.853+0000: 168755.837: [ParNew
Desired survivor size 8716288 bytes, new threshold 4 (max 6)
- age   1:    2728152 bytes,    2728152 total
- age   2:    2388736 bytes,    5116888 total
- age   3:    2466664 bytes,    7583552 total
- age   4:    2386736 bytes,    9970288 total
: 153344K->11634K(153344K), 0.0253270 secs] 662093K->522835K(1031552K), 0.0254920 secs] [Times: user=0.05 sys=0.00, real=0.03 secs] 
2014-03-06T05:05:49.498+0000: 169015.482: [GC2014-03-06T05:05:49.498+0000: 169015.483: [ParNew
Desired survivor size 8716288 bytes, new threshold 4 (max 6)
- age   1:    2528936 bytes,    2528936 total
- age   2:    2515320 bytes,    5044256 total
- age   3:    2387520 bytes,    7431776 total
- age   4:    2387032 bytes,    9818808 total
: 147954K->17024K(153344K), 0.0247860 secs] 659155K->530748K(1031552K), 0.0249370 secs] [Times: user=0.05 sys=0.00, real=0.03 secs] 
2014-03-06T05:10:09.109+0000: 169275.093: [GC2014-03-06T05:10:09.109+0000: 169275.093: [ParNew
Desired survivor size 8716288 bytes, new threshold 4 (max 6)
- age   1:    2633048 bytes,    2633048 total
- age   2:    2388176 bytes,    5021224 total
- age   3:    2468192 bytes,    7489416 total
- age   4:    2387200 bytes,    9876616 total
: 153344K->11575K(153344K), 0.0255250 secs] 667068K->527753K(1031552K), 0.0256870 secs] [Times: user=0.06 sys=0.00, real=0.03 secs] 
2014-03-06T05:14:26.190+0000: 169532.175: [GC2014-03-06T05:14:26.190+0000: 169532.175: [ParNew
Desired survivor size 8716288 bytes, new threshold 4 (max 6)
- age   1:    2680104 bytes,    2680104 total
- age   2:    2406336 bytes,    5086440 total
- age   3:    2387792 bytes,    7474232 total
- age   4:    2466184 bytes,    9940416 total
: 147895K->13076K(153344K), 0.0245470 secs] 664073K->531709K(1031552K), 0.0246950 secs] [Times: user=0.05 sys=0.00, real=0.03 secs] 
2014-03-06T05:18:45.057+0000: 169791.042: [GC2014-03-06T05:18:45.057+0000: 169791.042: [ParNew
Desired survivor size 8716288 bytes, new threshold 4 (max 6)
- age   1:    2605528 bytes,    2605528 total
- age   2:    2457384 bytes,    5062912 total
- age   3:    2359944 bytes,    7422856 total
- age   4:    2387296 bytes,    9810152 total
: 149396K->14059K(153344K), 0.0246130 secs] 668029K->535146K(1031552K), 0.0247710 secs] [Times: user=0.06 sys=0.00, real=0.03 secs] 
2014-03-06T05:23:03.204+0000: 170049.189: [GC2014-03-06T05:23:03.204+0000: 170049.189: [ParNew
Desired survivor size 8716288 bytes, new threshold 4 (max 6)
- age   1:    2714656 bytes,    2714656 total
- age   2:    2381392 bytes,    5096048 total
- age   3:    2455984 bytes,    7552032 total
- age   4:    2359192 bytes,    9911224 total
: 150379K->14341K(153344K), 0.0251190 secs] 671466K->537883K(1031552K), 0.0252780 secs] [Times: user=0.05 sys=0.00, real=0.02 secs] 
2014-03-06T05:27:23.909+0000: 170309.894: [GC2014-03-06T05:27:23.909+0000: 170309.894: [ParNew
Desired survivor size 8716288 bytes, new threshold 4 (max 6)
- age   1:    2616200 bytes,    2616200 total
- age   2:    2468608 bytes,    5084808 total
- age   3:    2380240 bytes,    7465048 total
- age   4:    2376288 bytes,    9841336 total
: 150661K->14341K(153344K), 0.0250790 secs] 674203K->540309K(1031552K), 0.0252350 secs] [Times: user=0.05 sys=0.00, real=0.03 secs] 
2014-03-06T05:31:42.387+0000: 170568.372: [GC2014-03-06T05:31:42.387+0000: 170568.372: [ParNew
Desired survivor size 8716288 bytes, new threshold 4 (max 6)
- age   1:    2626136 bytes,    2626136 total
- age   2:    2388368 bytes,    5014504 total
- age   3:    2467488 bytes,    7481992 total
- age   4:    2379768 bytes,    9861760 total
: 150661K->14371K(153344K), 0.0245490 secs] 676629K->542783K(1031552K), 0.0246950 secs] [Times: user=0.05 sys=0.00, real=0.02 secs] 
2014-03-06T05:35:59.909+0000: 170825.894: [GC2014-03-06T05:35:59.909+0000: 170825.894: [ParNew
Desired survivor size 8716288 bytes, new threshold 4 (max 6)
- age   1:    2742568 bytes,    2742568 total
- age   2:    2349808 bytes,    5092376 total
- age   3:    2387320 bytes,    7479696 total
- age   4:    2466200 bytes,    9945896 total
: 150691K->14479K(153344K), 0.0246460 secs] 679103K->545338K(1031552K), 0.0247990 secs] [Times: user=0.05 sys=0.00, real=0.02 secs] 
2014-03-06T05:40:19.991+0000: 171085.975: [GC2014-03-06T05:40:19.991+0000: 171085.976: [ParNew
Desired survivor size 8716288 bytes, new threshold 4 (max 6)
- age   1:    2566960 bytes,    2566960 total
- age   2:    2506984 bytes,    5073944 total
- age   3:    2348752 bytes,    7422696 total
- age   4:    2387048 bytes,    9809744 total
: 150799K->14411K(153344K), 0.0245410 secs] 681658K->547725K(1031552K), 0.0247030 secs] [Times: user=0.05 sys=0.00, real=0.03 secs] 
2014-03-06T05:44:39.440+0000: 171345.425: [GC2014-03-06T05:44:39.440+0000: 171345.425: [ParNew
Desired survivor size 8716288 bytes, new threshold 4 (max 6)
- age   1:    2689832 bytes,    2689832 total
- age   2:    2392936 bytes,    5082768 total
- age   3:    2460136 bytes,    7542904 total
- age   4:    2348208 bytes,    9891112 total
: 150731K->14432K(153344K), 0.0248110 secs] 684045K->550200K(1031552K), 0.0249850 secs] [Times: user=0.05 sys=0.00, real=0.03 secs] 
2014-03-06T05:48:57.601+0000: 171603.586: [GC2014-03-06T05:48:57.601+0000: 171603.586: [ParNew
Desired survivor size 8716288 bytes, new threshold 4 (max 6)
- age   1:    2620784 bytes,    2620784 total
- age   2:    2468720 bytes,    5089504 total
- age   3:    2392136 bytes,    7481640 total
- age   4:    2380200 bytes,    9861840 total
: 150752K->14342K(153344K), 0.0245900 secs] 686520K->552524K(1031552K), 0.0247260 secs] [Times: user=0.05 sys=0.00, real=0.03 secs] 
2014-03-06T05:53:15.039+0000: 171861.024: [GC2014-03-06T05:53:15.039+0000: 171861.024: [ParNew
Desired survivor size 8716288 bytes, new threshold 4 (max 6)
- age   1:    2700344 bytes,    2700344 total
- age   2:    2366952 bytes,    5067296 total
- age   3:    2466680 bytes,    7533976 total
- age   4:    2391864 bytes,    9925840 total
: 150662K->14471K(153344K), 0.0247210 secs] 688844K->555100K(1031552K), 0.0248790 secs] [Times: user=0.05 sys=0.00, real=0.03 secs] 
2014-03-06T05:57:35.998+0000: 172121.983: [GC2014-03-06T05:57:35.998+0000: 172121.983: [ParNew
Desired survivor size 8716288 bytes, new threshold 4 (max 6)
- age   1:    2621960 bytes,    2621960 total
- age   2:    2452624 bytes,    5074584 total
- age   3:    2357680 bytes,    7432264 total
- age   4:    2387064 bytes,    9819328 total
: 150791K->14388K(153344K), 0.0250570 secs] 691420K->557476K(1031552K), 0.0252240 secs] [Times: user=0.05 sys=0.00, real=0.03 secs] 
2014-03-06T06:01:57.006+0000: 172382.991: [GC2014-03-06T06:01:57.006+0000: 172382.991: [ParNew
Desired survivor size 8716288 bytes, new threshold 4 (max 6)
- age   1:    2607408 bytes,    2607408 total
- age   2:    2434512 bytes,    5041920 total
- age   3:    2451672 bytes,    7493592 total
- age   4:    2357216 bytes,    9850808 total
: 150708K->14358K(153344K), 0.0245600 secs] 693796K->559900K(1031552K), 0.0247360 secs] [Times: user=0.06 sys=0.00, real=0.02 secs] 
2014-03-06T06:06:15.584+0000: 172641.569: [GC2014-03-06T06:06:15.584+0000: 172641.569: [ParNew
Desired survivor size 8716288 bytes, new threshold 4 (max 6)
- age   1:    2732768 bytes,    2732768 total
- age   2:    2395208 bytes,    5127976 total
- age   3:    2388056 bytes,    7516032 total
- age   4:    2450560 bytes,    9966592 total
: 150678K->14466K(153344K), 0.0249630 secs] 696220K->562433K(1031552K), 0.0251250 secs] [Times: user=0.06 sys=0.00, real=0.02 secs] 
2014-03-06T06:10:35.909+0000: 172901.894: [GC2014-03-06T06:10:35.909+0000: 172901.894: [ParNew
Desired survivor size 8716288 bytes, new threshold 4 (max 6)
- age   1:    2632352 bytes,    2632352 total
- age   2:    2461264 bytes,    5093616 total
- age   3:    2394360 bytes,    7487976 total
- age   4:    2387272 bytes,    9875248 total
: 150786K->17024K(153344K), 0.0249560 secs] 698753K->567498K(1031552K), 0.0251270 secs] [Times: user=0.05 sys=0.00, real=0.03 secs] 
2014-03-06T06:14:55.601+0000: 173161.586: [GC2014-03-06T06:14:55.601+0000: 173161.586: [ParNew
Desired survivor size 8716288 bytes, new threshold 4 (max 6)
- age   1:    2733288 bytes,    2733288 total
- age   2:    2394600 bytes,    5127888 total
- age   3:    2460040 bytes,    7587928 total
- age   4:    2393704 bytes,    9981632 total
: 153344K->12166K(153344K), 0.0248040 secs] 703818K->565095K(1031552K), 0.0249600 secs] [Times: user=0.05 sys=0.00, real=0.03 secs] 
2014-03-06T06:19:15.725+0000: 173421.710: [GC2014-03-06T06:19:15.725+0000: 173421.710: [ParNew
Desired survivor size 8716288 bytes, new threshold 4 (max 6)
- age   1:    2539496 bytes,    2539496 total
- age   2:    2462144 bytes,    5001640 total
- age   3:    2393312 bytes,    7394952 total
- age   4:    2380488 bytes,    9775440 total
: 148486K->17024K(153344K), 0.0247810 secs] 701415K->572485K(1031552K), 0.0249420 secs] [Times: user=0.05 sys=0.00, real=0.02 secs] 
2014-03-06T06:23:35.197+0000: 173681.182: [GC2014-03-06T06:23:35.197+0000: 173681.182: [ParNew
Desired survivor size 8716288 bytes, new threshold 4 (max 6)
- age   1:    2659664 bytes,    2659664 total
- age   2:    2434968 bytes,    5094632 total
- age   3:    2461744 bytes,    7556376 total
- age   4:    2392912 bytes,    9949288 total
: 153344K->11579K(153344K), 0.0246130 secs] 708805K->569489K(1031552K), 0.0247650 secs] [Times: user=0.05 sys=0.00, real=0.03 secs] 
2014-03-06T06:27:54.306+0000: 173940.291: [GC2014-03-06T06:27:54.306+0000: 173940.291: [ParNew
Desired survivor size 8716288 bytes, new threshold 4 (max 6)
- age   1:    2617984 bytes,    2617984 total
- age   2:    2388144 bytes,    5006128 total
- age   3:    2388592 bytes,    7394720 total
- age   4:    2381336 bytes,    9776056 total
: 147899K->17024K(153344K), 0.0260300 secs] 705809K->577541K(1031552K), 0.0261820 secs] [Times: user=0.05 sys=0.00, real=0.02 secs] 
2014-03-06T06:32:12.818+0000: 174198.803: [GC2014-03-06T06:32:12.818+0000: 174198.803: [ParNew
Desired survivor size 8716288 bytes, new threshold 4 (max 6)
- age   1:    2624216 bytes,    2624216 total
- age   2:    2513800 bytes,    5138016 total
- age   3:    2387560 bytes,    7525576 total
- age   4:    2387536 bytes,    9913112 total
: 153344K->11567K(153344K), 0.0249060 secs] 713861K->574534K(1031552K), 0.0250700 secs] [Times: user=0.04 sys=0.01, real=0.03 secs] 
2014-03-06T06:36:31.635+0000: 174457.620: [GC2014-03-06T06:36:31.636+0000: 174457.620: [ParNew
Desired survivor size 8716288 bytes, new threshold 4 (max 6)
- age   1:    2649784 bytes,    2649784 total
- age   2:    2357704 bytes,    5007488 total
- age   3:    2387432 bytes,    7394920 total
- age   4:    2386728 bytes,    9781648 total
: 147887K->17024K(153344K), 0.0249110 secs] 710854K->582595K(1031552K), 0.0250700 secs] [Times: user=0.06 sys=0.00, real=0.02 secs] 
2014-03-06T06:40:50.450+0000: 174716.435: [GC2014-03-06T06:40:50.450+0000: 174716.435: [ParNew
Desired survivor size 8716288 bytes, new threshold 4 (max 6)
- age   1:    2665696 bytes,    2665696 total
- age   2:    2455512 bytes,    5121208 total
- age   3:    2357112 bytes,    7478320 total
- age   4:    2386816 bytes,    9865136 total
: 153344K->11559K(153344K), 0.0267220 secs] 718915K->579585K(1031552K), 0.0269100 secs] [Times: user=0.06 sys=0.00, real=0.03 secs] 
2014-03-06T06:45:06.688+0000: 174972.673: [GC2014-03-06T06:45:06.688+0000: 174972.673: [ParNew
Desired survivor size 8716288 bytes, new threshold 4 (max 6)
- age   1:    2546944 bytes,    2546944 total
- age   2:    2387400 bytes,    4934344 total
- age   3:    2454648 bytes,    7388992 total
- age   4:    2356000 bytes,    9744992 total
: 147879K->17024K(153344K), 0.0252400 secs] 715905K->587586K(1031552K), 0.0254070 secs] [Times: user=0.06 sys=0.00, real=0.02 secs] 
2014-03-06T06:49:21.219+0000: 175227.203: [GC2014-03-06T06:49:21.219+0000: 175227.204: [ParNew
Desired survivor size 8716288 bytes, new threshold 4 (max 6)
- age   1:    2666072 bytes,    2666072 total
- age   2:    2348792 bytes,    5014864 total
- age   3:    2386648 bytes,    7401512 total
- age   4:    2453208 bytes,    9854720 total
: 153344K->11601K(153344K), 0.0253050 secs] 723906K->584585K(1031552K), 0.0254950 secs] [Times: user=0.05 sys=0.00, real=0.03 secs] 
2014-03-06T06:53:34.960+0000: 175480.944: [GC2014-03-06T06:53:34.960+0000: 175480.944: [ParNew
Desired survivor size 8716288 bytes, new threshold 4 (max 6)
- age   1:    2580712 bytes,    2580712 total
- age   2:    2417128 bytes,    4997840 total
- age   3:    2347720 bytes,    7345560 total
- age   4:    2386056 bytes,    9731616 total
: 147921K->12873K(153344K), 0.0259640 secs] 720905K->588300K(1031552K), 0.0261440 secs] [Times: user=0.05 sys=0.00, real=0.03 secs] 
2014-03-06T06:57:50.615+0000: 175736.599: [GC2014-03-06T06:57:50.615+0000: 175736.599: [ParNew
Desired survivor size 8716288 bytes, new threshold 4 (max 6)
- age   1:    2712032 bytes,    2712032 total
- age   2:    2343104 bytes,    5055136 total
- age   3:    2415080 bytes,    7470216 total
- age   4:    2347448 bytes,    9817664 total
: 149193K->13956K(153344K), 0.0247860 secs] 724620K->591835K(1031552K), 0.0249370 secs] [Times: user=0.05 sys=0.00, real=0.02 secs] 
2014-03-06T07:02:06.424+0000: 175992.409: [GC2014-03-06T07:02:06.424+0000: 175992.409: [ParNew
Desired survivor size 8716288 bytes, new threshold 4 (max 6)
- age   1:    2588160 bytes,    2588160 total
- age   2:    2468208 bytes,    5056368 total
- age   3:    2342040 bytes,    7398408 total
- age   4:    2335688 bytes,    9734096 total
: 150276K->14139K(153344K), 0.0245490 secs] 728155K->594432K(1031552K), 0.0247100 secs] [Times: user=0.05 sys=0.00, real=0.02 secs] 
2014-03-06T07:06:22.238+0000: 176248.223: [GC2014-03-06T07:06:22.238+0000: 176248.223: [ParNew
Desired survivor size 8716288 bytes, new threshold 4 (max 6)
- age   1:    2626456 bytes,    2626456 total
- age   2:    2342512 bytes,    4968968 total
- age   3:    2421864 bytes,    7390832 total
- age   4:    2341448 bytes,    9732280 total
: 150459K->14234K(153344K), 0.0247560 secs] 730752K->596929K(1031552K), 0.0249200 secs] [Times: user=0.06 sys=0.00, real=0.03 secs] 
2014-03-06T07:10:38.059+0000: 176504.044: [GC2014-03-06T07:10:38.059+0000: 176504.044: [ParNew
Desired survivor size 8716288 bytes, new threshold 4 (max 6)
- age   1:    2584592 bytes,    2584592 total
- age   2:    2428704 bytes,    5013296 total
- age   3:    2341592 bytes,    7354888 total
- age   4:    2341528 bytes,    9696416 total
: 150554K->17024K(153344K), 0.0250810 secs] 733249K->602247K(1031552K), 0.0252440 secs] [Times: user=0.06 sys=0.00, real=0.03 secs] 
2014-03-06T07:14:44.848+0000: 176750.833: [GC2014-03-06T07:14:44.849+0000: 176750.833: [ParNew
Desired survivor size 8716288 bytes, new threshold 4 (max 6)
- age   1:    2646192 bytes,    2646192 total
- age   2:    2413104 bytes,    5059296 total
- age   3:    2382400 bytes,    7441696 total
- age   4:    2341224 bytes,    9782920 total
: 153344K->11918K(153344K), 0.0250420 secs] 738567K->599549K(1031552K), 0.0252060 secs] [Times: user=0.06 sys=0.00, real=0.02 secs] 
2014-03-06T07:18:50.556+0000: 176996.541: [GC2014-03-06T07:18:50.556+0000: 176996.541: [ParNew
Desired survivor size 8716288 bytes, new threshold 4 (max 6)
- age   1:    2501440 bytes,    2501440 total
- age   2:    2272848 bytes,    4774288 total
- age   3:    2372560 bytes,    7146848 total
- age   4:    2381504 bytes,    9528352 total
: 148238K->17024K(153344K), 0.0254550 secs] 735869K->607221K(1031552K), 0.0256260 secs] [Times: user=0.05 sys=0.00, real=0.02 secs] 
2014-03-06T07:23:05.754+0000: 177251.738: [GC2014-03-06T07:23:05.754+0000: 177251.738: [ParNew
Desired survivor size 8716288 bytes, new threshold 4 (max 6)
- age   1:    2630776 bytes,    2630776 total
- age   2:    2313504 bytes,    4944280 total
- age   3:    2272336 bytes,    7216616 total
- age   4:    2371792 bytes,    9588408 total
: 153344K->11335K(153344K), 0.0247070 secs] 743541K->603979K(1031552K), 0.0248570 secs] [Times: user=0.05 sys=0.00, real=0.03 secs] 
2014-03-06T07:27:15.396+0000: 177501.381: [GC2014-03-06T07:27:15.396+0000: 177501.381: [ParNew
Desired survivor size 8716288 bytes, new threshold 4 (max 6)
- age   1:    2616832 bytes,    2616832 total
- age   2:    2343536 bytes,    4960368 total
- age   3:    2309088 bytes,    7269456 total
- age   4:    2271240 bytes,    9540696 total
: 147655K->12656K(153344K), 0.0248190 secs] 740299K->607737K(1031552K), 0.0249860 secs] [Times: user=0.06 sys=0.00, real=0.02 secs] 
2014-03-06T07:31:26.916+0000: 177752.901: [GC2014-03-06T07:31:26.916+0000: 177752.901: [ParNew
Desired survivor size 8716288 bytes, new threshold 4 (max 6)
- age   1:    2672160 bytes,    2672160 total
- age   2:    2300240 bytes,    4972400 total
- age   3:    2342616 bytes,    7315016 total
- age   4:    2307448 bytes,    9622464 total
: 148976K->13642K(153344K), 0.0249530 secs] 744057K->611059K(1031552K), 0.0251250 secs] [Times: user=0.05 sys=0.00, real=0.02 secs] 
2014-03-06T07:35:42.336+0000: 178008.320: [GC2014-03-06T07:35:42.336+0000: 178008.320: [ParNew
Desired survivor size 8716288 bytes, new threshold 4 (max 6)
- age   1:    2594840 bytes,    2594840 total
- age   2:    2354016 bytes,    4948856 total
- age   3:    2299016 bytes,    7247872 total
- age   4:    2342168 bytes,    9590040 total
: 149962K->13870K(153344K), 0.0240490 secs] 747379K->613619K(1031552K), 0.0242090 secs] [Times: user=0.05 sys=0.00, real=0.02 secs] 
2014-03-06T07:39:31.536+0000: 178237.521: [GC2014-03-06T07:39:31.536+0000: 178237.521: [ParNew
Desired survivor size 8716288 bytes, new threshold 4 (max 6)
- age   1:    2781512 bytes,    2781512 total
- age   2:    2388888 bytes,    5170400 total
- age   3:    2336640 bytes,    7507040 total
- age   4:    2298504 bytes,    9805544 total
: 150190K->14060K(153344K), 0.0484200 secs] 749939K->616217K(1031552K), 0.0486060 secs] [Times: user=0.06 sys=0.00, real=0.05 secs] 
2014-03-06T07:42:44.302+0000: 178430.287: [GC2014-03-06T07:42:44.302+0000: 178430.287: [ParNew
Desired survivor size 8716288 bytes, new threshold 4 (max 6)
- age   1:    2355112 bytes,    2355112 total
- age   2:    2316296 bytes,    4671408 total
- age   3:    2342952 bytes,    7014360 total
- age   4:    2336464 bytes,    9350824 total
: 150380K->9439K(153344K), 0.0248630 secs] 752537K->613959K(1031552K), 0.0250330 secs] [Times: user=0.04 sys=0.00, real=0.02 secs] 
2014-03-06T07:46:55.219+0000: 178681.204: [GC2014-03-06T07:46:55.219+0000: 178681.204: [ParNew
Desired survivor size 8716288 bytes, new threshold 4 (max 6)
- age   1:    2598864 bytes,    2598864 total
- age   2:    2169232 bytes,    4768096 total
- age   3:    2315872 bytes,    7083968 total
- age   4:    2341880 bytes,    9425848 total
: 145759K->13798K(153344K), 0.0251740 secs] 750279K->620718K(1031552K), 0.0253430 secs] [Times: user=0.06 sys=0.00, real=0.03 secs] 
2014-03-06T07:50:57.743+0000: 178923.728: [GC2014-03-06T07:50:57.743+0000: 178923.728: [ParNew
Desired survivor size 8716288 bytes, new threshold 4 (max 6)
- age   1:    2628592 bytes,    2628592 total
- age   2:    2300856 bytes,    4929448 total
- age   3:    2123088 bytes,    7052536 total
- age   4:    2309584 bytes,    9362120 total
: 150118K->9286K(153344K), 0.0249570 secs] 757038K->618615K(1031552K), 0.0251230 secs] [Times: user=0.06 sys=0.00, real=0.02 secs] 
2014-03-06T07:53:51.754+0000: 179097.739: [GC2014-03-06T07:53:51.754+0000: 179097.739: [ParNew
Desired survivor size 8716288 bytes, new threshold 4 (max 6)
- age   1:    4024896 bytes,    4024896 total
- age   2:    2278056 bytes,    6302952 total
- age   3:    2299728 bytes,    8602680 total
- age   4:    2122176 bytes,   10724856 total
: 145606K->17024K(153344K), 0.0266240 secs] 754935K->629051K(1031552K), 0.0267980 secs] [Times: user=0.06 sys=0.00, real=0.02 secs] 
2014-03-06T07:58:02.269+0000: 179348.254: [GC2014-03-06T07:58:02.269+0000: 179348.254: [ParNew
Desired survivor size 8716288 bytes, new threshold 4 (max 6)
- age   1:    2491888 bytes,    2491888 total
- age   2:    3807512 bytes,    6299400 total
- age   3:    2277256 bytes,    8576656 total
- age   4:    2299168 bytes,   10875824 total
: 153344K->17024K(153344K), 0.0253740 secs] 765371K->631319K(1031552K), 0.0255600 secs] [Times: user=0.06 sys=0.00, real=0.03 secs] 
2014-03-06T08:02:05.999+0000: 179591.984: [GC2014-03-06T08:02:05.999+0000: 179591.984: [ParNew
Desired survivor size 8716288 bytes, new threshold 4 (max 6)
- age   1:    2555520 bytes,    2555520 total
- age   2:    2300696 bytes,    4856216 total
- age   3:    1744856 bytes,    6601072 total
- age   4:    2276248 bytes,    8877320 total
: 153344K->10606K(153344K), 0.0241370 secs] 767639K->627265K(1031552K), 0.0243050 secs] [Times: user=0.05 sys=0.00, real=0.03 secs] 
2014-03-06T08:05:53.954+0000: 179819.938: [GC2014-03-06T08:05:53.954+0000: 179819.939: [ParNew
Desired survivor size 8716288 bytes, new threshold 4 (max 6)
- age   1:    2762048 bytes,    2762048 total
- age   2:    2256416 bytes,    5018464 total
- age   3:    2299704 bytes,    7318168 total
- age   4:    1742400 bytes,    9060568 total
: 146926K->13802K(153344K), 0.0238740 secs] 763585K->632798K(1031552K), 0.0240300 secs] [Times: user=0.05 sys=0.00, real=0.03 secs] 
2014-03-06T08:09:19.909+0000: 180025.894: [GC2014-03-06T08:09:19.909+0000: 180025.894: [ParNew
Desired survivor size 8716288 bytes, new threshold 4 (max 6)
- age   1:    2545040 bytes,    2545040 total
- age   2:    2184312 bytes,    4729352 total
- age   3:    2255064 bytes,    6984416 total
- age   4:    2299232 bytes,    9283648 total
: 150122K->13368K(153344K), 0.0264420 secs] 769118K->634117K(1031552K), 0.0266360 secs] [Times: user=0.05 sys=0.00, real=0.03 secs] 
2014-03-06T08:13:18.744+0000: 180264.729: [GC2014-03-06T08:13:18.745+0000: 180264.729: [ParNew
Desired survivor size 8716288 bytes, new threshold 4 (max 6)
- age   1:    2525104 bytes,    2525104 total
- age   2:    1923080 bytes,    4448184 total
- age   3:    2127712 bytes,    6575896 total
- age   4:    2254632 bytes,    8830528 total
: 149688K->13265K(153344K), 0.0240960 secs] 770437K->636378K(1031552K), 0.0242720 secs] [Times: user=0.05 sys=0.00, real=0.02 secs] 
2014-03-06T08:17:26.221+0000: 180512.205: [GC2014-03-06T08:17:26.221+0000: 180512.206: [ParNew
Desired survivor size 8716288 bytes, new threshold 4 (max 6)
- age   1:    2528056 bytes,    2528056 total
- age   2:    2220520 bytes,    4748576 total
- age   3:    1922048 bytes,    6670624 total
- age   4:    2126496 bytes,    8797120 total
: 149585K->12939K(153344K), 0.0237290 secs] 772698K->638371K(1031552K), 0.0238990 secs] [Times: user=0.05 sys=0.00, real=0.03 secs] 
2014-03-06T08:21:25.909+0000: 180751.894: [GC2014-03-06T08:21:25.909+0000: 180751.894: [ParNew
Desired survivor size 8716288 bytes, new threshold 4 (max 6)
- age   1:    2553360 bytes,    2553360 total
- age   2:    2253816 bytes,    4807176 total
- age   3:    2213544 bytes,    7020720 total
- age   4:    1921424 bytes,    8942144 total
: 149259K->17024K(153344K), 0.0232140 secs] 774691K->644763K(1031552K), 0.0233810 secs] [Times: user=0.05 sys=0.00, real=0.02 secs] 
2014-03-06T08:25:30.252+0000: 180996.237: [GC2014-03-06T08:25:30.252+0000: 180996.237: [ParNew
Desired survivor size 8716288 bytes, new threshold 4 (max 6)
- age   1:    2659952 bytes,    2659952 total
- age   2:    2294728 bytes,    4954680 total
- age   3:    2253064 bytes,    7207744 total
- age   4:    2212896 bytes,    9420640 total
: 153344K->10914K(153344K), 0.0233480 secs] 781083K->640628K(1031552K), 0.0235150 secs] [Times: user=0.05 sys=0.00, real=0.03 secs] 
2014-03-06T08:29:39.115+0000: 181245.099: [GC2014-03-06T08:29:39.115+0000: 181245.099: [ParNew
Desired survivor size 8716288 bytes, new threshold 4 (max 6)
- age   1:    2673328 bytes,    2673328 total
- age   2:    2255248 bytes,    4928576 total
- age   3:    2292592 bytes,    7221168 total
- age   4:    2252792 bytes,    9473960 total
: 147234K->16459K(153344K), 0.0252130 secs] 776948K->648448K(1031552K), 0.0253740 secs] [Times: user=0.05 sys=0.00, real=0.02 secs] 
2014-03-06T08:33:42.789+0000: 181488.774: [GC2014-03-06T08:33:42.789+0000: 181488.774: [ParNew
Desired survivor size 8716288 bytes, new threshold 4 (max 6)
- age   1:    2563576 bytes,    2563576 total
- age   2:    2331040 bytes,    4894616 total
- age   3:    2254088 bytes,    7148704 total
- age   4:    2251744 bytes,    9400448 total
: 152779K->11034K(153344K), 0.0240770 secs] 784768K->645339K(1031552K), 0.0242630 secs] [Times: user=0.06 sys=0.00, real=0.02 secs] 
2014-03-06T08:37:49.909+0000: 181735.894: [GC2014-03-06T08:37:49.909+0000: 181735.894: [ParNew
Desired survivor size 8716288 bytes, new threshold 4 (max 6)
- age   1:    2603024 bytes,    2603024 total
- age   2:    2254992 bytes,    4858016 total
- age   3:    2330184 bytes,    7188200 total
- age   4:    2253768 bytes,    9441968 total
: 147354K->16427K(153344K), 0.0240150 secs] 781659K->653045K(1031552K), 0.0241720 secs] [Times: user=0.05 sys=0.00, real=0.02 secs] 
2014-03-06T08:42:01.608+0000: 181987.593: [GC2014-03-06T08:42:01.608+0000: 181987.593: [ParNew
Desired survivor size 8716288 bytes, new threshold 4 (max 6)
- age   1:    2658560 bytes,    2658560 total
- age   2:    2268512 bytes,    4927072 total
- age   3:    2253704 bytes,    7180776 total
- age   4:    2329112 bytes,    9509888 total
: 152747K->11030K(153344K), 0.0243570 secs] 789365K->649965K(1031552K), 0.0245240 secs] [Times: user=0.05 sys=0.00, real=0.02 secs] 
2014-03-06T08:45:39.909+0000: 182205.894: [GC2014-03-06T08:45:39.909+0000: 182205.894: [ParNew
Desired survivor size 8716288 bytes, new threshold 4 (max 6)
- age   1:    2667592 bytes,    2667592 total
- age   2:    2340664 bytes,    5008256 total
- age   3:    2263320 bytes,    7271576 total
- age   4:    2250856 bytes,    9522432 total
: 147350K->16683K(153344K), 0.0247830 secs] 786285K->657972K(1031552K), 0.0249580 secs] [Times: user=0.04 sys=0.00, real=0.03 secs] 
2014-03-06T08:49:30.063+0000: 182436.048: [GC2014-03-06T08:49:30.063+0000: 182436.048: [ParNew
Desired survivor size 8716288 bytes, new threshold 4 (max 6)
- age   1:    2602672 bytes,    2602672 total
- age   2:    2155488 bytes,    4758160 total
- age   3:    2339096 bytes,    7097256 total
- age   4:    2262408 bytes,    9359664 total
: 153003K->11104K(153344K), 0.0239630 secs] 794292K->654707K(1031552K), 0.0241380 secs] [Times: user=0.05 sys=0.00, real=0.02 secs] 
2014-03-06T08:53:13.912+0000: 182659.896: [GC2014-03-06T08:53:13.912+0000: 182659.897: [ParNew
Desired survivor size 8716288 bytes, new threshold 4 (max 6)
- age   1:    2596912 bytes,    2596912 total
- age   2:    2130104 bytes,    4727016 total
- age   3:    2106784 bytes,    6833800 total
- age   4:    2338568 bytes,    9172368 total
: 147424K->12326K(153344K), 0.0238590 secs] 791027K->658256K(1031552K), 0.0240300 secs] [Times: user=0.05 sys=0.00, real=0.03 secs] 
2014-03-06T08:57:05.366+0000: 182891.351: [GC2014-03-06T08:57:05.366+0000: 182891.351: [ParNew
Desired survivor size 8716288 bytes, new threshold 4 (max 6)
- age   1:    2472272 bytes,    2472272 total
- age   2:    2113352 bytes,    4585624 total
- age   3:    2119264 bytes,    6704888 total
- age   4:    2103664 bytes,    8808552 total
: 148646K->8783K(153344K), 0.0241680 secs] 794576K->657115K(1031552K), 0.0243450 secs] [Times: user=0.05 sys=0.00, real=0.02 secs] 
2014-03-06T09:00:41.218+0000: 183107.203: [GC2014-03-06T09:00:41.218+0000: 183107.203: [ParNew
Desired survivor size 8716288 bytes, new threshold 4 (max 6)
- age   1:    2845552 bytes,    2845552 total
- age   2:    2131880 bytes,    4977432 total
- age   3:    2064824 bytes,    7042256 total
- age   4:    2118088 bytes,    9160344 total
: 145103K->12877K(153344K), 0.0265230 secs] 793435K->663330K(1031552K), 0.0267170 secs] [Times: user=0.05 sys=0.00, real=0.03 secs] 
2014-03-06T09:04:22.164+0000: 183328.149: [GC2014-03-06T09:04:22.165+0000: 183328.149: [ParNew
Desired survivor size 8716288 bytes, new threshold 4 (max 6)
- age   1:    2474104 bytes,    2474104 total
- age   2:    2352576 bytes,    4826680 total
- age   3:    2129296 bytes,    6955976 total
- age   4:    2062920 bytes,    9018896 total
: 149197K->13194K(153344K), 0.0236340 secs] 799650K->665823K(1031552K), 0.0238040 secs] [Times: user=0.04 sys=0.01, real=0.02 secs] 
2014-03-06T09:08:19.909+0000: 183565.894: [GC2014-03-06T09:08:19.909+0000: 183565.894: [ParNew
Desired survivor size 8716288 bytes, new threshold 4 (max 6)
- age   1:    2607584 bytes,    2607584 total
- age   2:    2041088 bytes,    4648672 total
- age   3:    2341264 bytes,    6989936 total
- age   4:    2128544 bytes,    9118480 total
: 149514K->13312K(153344K), 0.0230070 secs] 802143K->668062K(1031552K), 0.0231600 secs] [Times: user=0.05 sys=0.00, real=0.02 secs] 
2014-03-06T09:12:25.211+0000: 183811.196: [GC2014-03-06T09:12:25.211+0000: 183811.196: [ParNew
Desired survivor size 8716288 bytes, new threshold 4 (max 6)
- age   1:    2618968 bytes,    2618968 total
- age   2:    2209000 bytes,    4827968 total
- age   3:    2035176 bytes,    6863144 total
- age   4:    2101552 bytes,    8964696 total
: 149632K->13046K(153344K), 0.0230270 secs] 804382K->669985K(1031552K), 0.0231840 secs] [Times: user=0.04 sys=0.00, real=0.03 secs] 
2014-03-06T09:15:55.824+0000: 184021.809: [GC2014-03-06T09:15:55.825+0000: 184021.809: [ParNew
Desired survivor size 8716288 bytes, new threshold 4 (max 6)
- age   1:    2668856 bytes,    2668856 total
- age   2:    2333280 bytes,    5002136 total
- age   3:    2205808 bytes,    7207944 total
- age   4:    2033672 bytes,    9241616 total
: 149366K->13021K(153344K), 0.0234190 secs] 806305K->671996K(1031552K), 0.0236050 secs] [Times: user=0.05 sys=0.00, real=0.02 secs] 
2014-03-06T09:19:41.810+0000: 184247.795: [GC2014-03-06T09:19:41.810+0000: 184247.795: [ParNew
Desired survivor size 8716288 bytes, new threshold 4 (max 6)
- age   1:    2502912 bytes,    2502912 total
- age   2:    2063456 bytes,    4566368 total
- age   3:    2332000 bytes,    6898368 total
- age   4:    2203848 bytes,    9102216 total
: 149341K->13293K(153344K), 0.0230400 secs] 808316K->674358K(1031552K), 0.0232020 secs] [Times: user=0.05 sys=0.00, real=0.02 secs] 
2014-03-06T09:23:33.543+0000: 184479.528: [GC2014-03-06T09:23:33.543+0000: 184479.528: [ParNew
Desired survivor size 8716288 bytes, new threshold 4 (max 6)
- age   1:    2559488 bytes,    2559488 total
- age   2:    2082776 bytes,    4642264 total
- age   3:    2061424 bytes,    6703688 total
- age   4:    2331696 bytes,    9035384 total
: 149613K->13206K(153344K), 0.0234210 secs] 810678K->676537K(1031552K), 0.0235840 secs] [Times: user=0.05 sys=0.00, real=0.02 secs] 
2014-03-06T09:27:20.414+0000: 184706.398: [GC2014-03-06T09:27:20.414+0000: 184706.399: [ParNew
Desired survivor size 8716288 bytes, new threshold 4 (max 6)
- age   1:    2533488 bytes,    2533488 total
- age   2:    2144000 bytes,    4677488 total
- age   3:    2071536 bytes,    6749024 total
- age   4:    2056112 bytes,    8805136 total
: 149526K->13305K(153344K), 0.0240270 secs] 812857K->679030K(1031552K), 0.0242000 secs] [Times: user=0.05 sys=0.00, real=0.03 secs] 
2014-03-06T09:30:50.922+0000: 184916.907: [GC2014-03-06T09:30:50.922+0000: 184916.907: [ParNew
Desired survivor size 8716288 bytes, new threshold 4 (max 6)
- age   1:    2496200 bytes,    2496200 total
- age   2:    2148336 bytes,    4644536 total
- age   3:    2142400 bytes,    6786936 total
- age   4:    2070368 bytes,    8857304 total
: 149625K->12855K(153344K), 0.0229290 secs] 815350K->680571K(1031552K), 0.0230950 secs] [Times: user=0.05 sys=0.00, real=0.02 secs] 
2014-03-06T09:34:25.585+0000: 185131.570: [GC2014-03-06T09:34:25.585+0000: 185131.570: [ParNew
Desired survivor size 8716288 bytes, new threshold 6 (max 6)
- age   1:    2443936 bytes,    2443936 total
- age   2:    1953648 bytes,    4397584 total
- age   3:    2137016 bytes,    6534600 total
- age   4:    2141576 bytes,    8676176 total
: 149175K->12817K(153344K), 0.0234330 secs] 816891K->682661K(1031552K), 0.0236140 secs] [Times: user=0.05 sys=0.00, real=0.02 secs] 
2014-03-06T09:38:00.960+0000: 185346.945: [GC2014-03-06T09:38:00.960+0000: 185346.945: [ParNew
Desired survivor size 8716288 bytes, new threshold 5 (max 6)
- age   1:    2623832 bytes,    2623832 total
- age   2:    1984784 bytes,    4608616 total
- age   3:    1932696 bytes,    6541312 total
- age   4:    2135992 bytes,    8677304 total
- age   5:    2141064 bytes,   10818368 total
: 149137K->16759K(153344K), 0.0216530 secs] 818981K->686603K(1031552K), 0.0218490 secs] [Times: user=0.04 sys=0.00, real=0.02 secs] 
2014-03-06T09:41:33.946+0000: 185559.931: [GC2014-03-06T09:41:33.946+0000: 185559.931: [ParNew
Desired survivor size 8716288 bytes, new threshold 5 (max 6)
- age   1:    2403576 bytes,    2403576 total
- age   2:    1989536 bytes,    4393112 total
- age   3:    1981216 bytes,    6374328 total
- age   4:    1932144 bytes,    8306472 total
- age   5:    2135752 bytes,   10442224 total
: 153079K->14959K(153344K), 0.0254410 secs] 822923K->687003K(1031552K), 0.0256250 secs] [Times: user=0.05 sys=0.00, real=0.02 secs] 
2014-03-06T09:45:31.710+0000: 185797.694: [GC2014-03-06T09:45:31.710+0000: 185797.694: [ParNew
Desired survivor size 8716288 bytes, new threshold 5 (max 6)
- age   1:    2641152 bytes,    2641152 total
- age   2:    1941608 bytes,    4582760 total
- age   3:    1989112 bytes,    6571872 total
- age   4:    1980792 bytes,    8552664 total
- age   5:    1931840 bytes,   10484504 total
: 151279K->15012K(153344K), 0.0254240 secs] 823323K->689207K(1031552K), 0.0255970 secs] [Times: user=0.05 sys=0.00, real=0.03 secs] 
2014-03-06T09:49:14.428+0000: 186020.412: [GC2014-03-06T09:49:14.428+0000: 186020.412: [ParNew
Desired survivor size 8716288 bytes, new threshold 4 (max 6)
- age   1:    2578560 bytes,    2578560 total
- age   2:    2282432 bytes,    4860992 total
- age   3:    1938384 bytes,    6799376 total
- age   4:    1988648 bytes,    8788024 total
- age   5:    1980312 bytes,   10768336 total
: 151332K->15281K(153344K), 0.0248180 secs] 825527K->691461K(1031552K), 0.0249910 secs] [Times: user=0.06 sys=0.00, real=0.02 secs] 
2014-03-06T09:53:02.258+0000: 186248.243: [GC2014-03-06T09:53:02.258+0000: 186248.243: [ParNew
Desired survivor size 8716288 bytes, new threshold 4 (max 6)
- age   1:    2475576 bytes,    2475576 total
- age   2:    2044896 bytes,    4520472 total
- age   3:    2281256 bytes,    6801728 total
- age   4:    1937232 bytes,    8738960 total
: 151601K->10387K(153344K), 0.0277020 secs] 827781K->690648K(1031552K), 0.0278670 secs] [Times: user=0.06 sys=0.00, real=0.03 secs] 
2014-03-06T09:56:33.835+0000: 186459.819: [GC2014-03-06T09:56:33.835+0000: 186459.820: [ParNew
Desired survivor size 8716288 bytes, new threshold 4 (max 6)
- age   1:    2616896 bytes,    2616896 total
- age   2:    2152384 bytes,    4769280 total
- age   3:    2042720 bytes,    6812000 total
- age   4:    2280096 bytes,    9092096 total
: 146707K->13558K(153344K), 0.0235870 secs] 826968K->695809K(1031552K), 0.0237690 secs] [Times: user=0.05 sys=0.00, real=0.02 secs] 
2014-03-06T09:59:52.489+0000: 186658.474: [GC2014-03-06T09:59:52.489+0000: 186658.474: [ParNew
Desired survivor size 8716288 bytes, new threshold 4 (max 6)
- age   1:    2728592 bytes,    2728592 total
- age   2:    2097800 bytes,    4826392 total
- age   3:    2104912 bytes,    6931304 total
- age   4:    2041136 bytes,    8972440 total
: 149878K->13263K(153344K), 0.0262550 secs] 832129K->697815K(1031552K), 0.0264420 secs] [Times: user=0.05 sys=0.00, real=0.03 secs] 
2014-03-06T10:03:28.941+0000: 186874.926: [GC2014-03-06T10:03:28.941+0000: 186874.926: [ParNew
Desired survivor size 8716288 bytes, new threshold 4 (max 6)
- age   1:    2442312 bytes,    2442312 total
- age   2:    2263208 bytes,    4705520 total
- age   3:    1986120 bytes,    6691640 total
- age   4:    2103768 bytes,    8795408 total
: 149583K->13006K(153344K), 0.0228820 secs] 834135K->699657K(1031552K), 0.0230590 secs] [Times: user=0.05 sys=0.00, real=0.03 secs] 
2014-03-06T10:07:01.086+0000: 187087.071: [GC2014-03-06T10:07:01.086+0000: 187087.071: [ParNew
Desired survivor size 8716288 bytes, new threshold 6 (max 6)
- age   1:    2442256 bytes,    2442256 total
- age   2:    1986232 bytes,    4428488 total
- age   3:    2252632 bytes,    6681120 total
- age   4:    1985704 bytes,    8666824 total
: 149326K->12799K(153344K), 0.0229770 secs] 835977K->701613K(1031552K), 0.0231440 secs] [Times: user=0.05 sys=0.00, real=0.02 secs] 
2014-03-06T10:10:34.406+0000: 187300.391: [GC2014-03-06T10:10:34.406+0000: 187300.391: [ParNew
Desired survivor size 8716288 bytes, new threshold 4 (max 6)
- age   1:    2845040 bytes,    2845040 total
- age   2:    1986592 bytes,    4831632 total
- age   3:    1984552 bytes,    6816184 total
- age   4:    2185920 bytes,    9002104 total
- age   5:    1984944 bytes,   10987048 total
: 149119K->17024K(153344K), 0.0205100 secs] 837933K->705942K(1031552K), 0.0206940 secs] [Times: user=0.04 sys=0.00, real=0.02 secs] 
2014-03-06T10:14:19.244+0000: 187525.229: [GC2014-03-06T10:14:19.244+0000: 187525.229: [ParNew
Desired survivor size 8716288 bytes, new threshold 4 (max 6)
- age   1:    2520408 bytes,    2520408 total
- age   2:    2411392 bytes,    4931800 total
- age   3:    1974072 bytes,    6905872 total
- age   4:    1984104 bytes,    8889976 total
: 153344K->9948K(153344K), 0.0276250 secs] 842262K->702785K(1031552K), 0.0278110 secs] [Times: user=0.06 sys=0.00, real=0.02 secs] 
2014-03-06T10:18:12.478+0000: 187758.463: [GC2014-03-06T10:18:12.479+0000: 187758.463: [ParNew
Desired survivor size 8716288 bytes, new threshold 4 (max 6)
- age   1:    2573288 bytes,    2573288 total
- age   2:    2092504 bytes,    4665792 total
- age   3:    2397912 bytes,    7063704 total
- age   4:    1973776 bytes,    9037480 total
: 146268K->8957K(153344K), 0.0257630 secs] 839105K->703834K(1031552K), 0.0259620 secs] [Times: user=0.05 sys=0.00, real=0.03 secs] 
2014-03-06T10:21:35.647+0000: 187961.632: [GC2014-03-06T10:21:35.647+0000: 187961.632: [ParNew
Desired survivor size 8716288 bytes, new threshold 4 (max 6)
- age   1:    2569216 bytes,    2569216 total
- age   2:    2219512 bytes,    4788728 total
- age   3:    2045152 bytes,    6833880 total
- age   4:    2382760 bytes,    9216640 total
: 145277K->13650K(153344K), 0.0230320 secs] 840154K->710556K(1031552K), 0.0232100 secs] [Times: user=0.04 sys=0.00, real=0.02 secs] 
2014-03-06T10:25:15.365+0000: 188181.350: [GC2014-03-06T10:25:15.366+0000: 188181.350: [ParNew
Desired survivor size 8716288 bytes, new threshold 4 (max 6)
- age   1:    2748928 bytes,    2748928 total
- age   2:    1930640 bytes,    4679568 total
- age   3:    2149240 bytes,    6828808 total
- age   4:    2042888 bytes,    8871696 total
: 149970K->12874K(153344K), 0.0227270 secs] 846876K->711895K(1031552K), 0.0228830 secs] [Times: user=0.04 sys=0.00, real=0.02 secs] 
2014-03-06T10:29:19.150+0000: 188425.134: [GC2014-03-06T10:29:19.150+0000: 188425.135: [ParNew
Desired survivor size 8716288 bytes, new threshold 4 (max 6)
- age   1:    2548376 bytes,    2548376 total
- age   2:    2330320 bytes,    4878696 total
- age   3:    1930256 bytes,    6808952 total
- age   4:    2148904 bytes,    8957856 total
: 149194K->12833K(153344K), 0.0230700 secs] 848215K->713955K(1031552K), 0.0232390 secs] [Times: user=0.05 sys=0.00, real=0.02 secs] 
2014-03-06T10:33:05.456+0000: 188651.441: [GC2014-03-06T10:33:05.457+0000: 188651.441: [ParNew
Desired survivor size 8716288 bytes, new threshold 4 (max 6)
- age   1:    2534808 bytes,    2534808 total
- age   2:    2230216 bytes,    4765024 total
- age   3:    2309920 bytes,    7074944 total
- age   4:    1929288 bytes,    9004232 total
: 149153K->13340K(153344K), 0.0245160 secs] 850275K->716672K(1031552K), 0.0246960 secs] [Times: user=0.05 sys=0.00, real=0.02 secs] 
2014-03-06T10:36:59.626+0000: 188885.611: [GC2014-03-06T10:36:59.626+0000: 188885.611: [ParNew
Desired survivor size 8716288 bytes, new threshold 4 (max 6)
- age   1:    2581368 bytes,    2581368 total
- age   2:    2136104 bytes,    4717472 total
- age   3:    2229800 bytes,    6947272 total
- age   4:    2031104 bytes,    8978376 total
: 149660K->12756K(153344K), 0.0227500 secs] 852992K->718024K(1031552K), 0.0229120 secs] [Times: user=0.05 sys=0.00, real=0.02 secs] 
2014-03-06T10:40:48.367+0000: 189114.351: [GC2014-03-06T10:40:48.367+0000: 189114.351: [ParNew
Desired survivor size 8716288 bytes, new threshold 4 (max 6)
- age   1:    2565872 bytes,    2565872 total
- age   2:    2183616 bytes,    4749488 total
- age   3:    2133320 bytes,    6882808 total
- age   4:    2229352 bytes,    9112160 total
: 149076K->13002K(153344K), 0.0232130 secs] 854344K->720357K(1031552K), 0.0233990 secs] [Times: user=0.05 sys=0.00, real=0.02 secs] 
2014-03-06T10:44:34.909+0000: 189340.894: [GC2014-03-06T10:44:34.909+0000: 189340.894: [ParNew
Desired survivor size 8716288 bytes, new threshold 4 (max 6)
- age   1:    2636008 bytes,    2636008 total
- age   2:    2125536 bytes,    4761544 total
- age   3:    2161568 bytes,    6923112 total
- age   4:    2132608 bytes,    9055720 total
: 149322K->13227K(153344K), 0.0267090 secs] 856677K->722873K(1031552K), 0.0269040 secs] [Times: user=0.05 sys=0.00, real=0.03 secs] 
2014-03-06T10:48:15.253+0000: 189561.238: [GC2014-03-06T10:48:15.253+0000: 189561.238: [ParNew
Desired survivor size 8716288 bytes, new threshold 4 (max 6)
- age   1:    2480088 bytes,    2480088 total
- age   2:    2167496 bytes,    4647584 total
- age   3:    2123880 bytes,    6771464 total
- age   4:    2161184 bytes,    8932648 total
: 149547K->13173K(153344K), 0.0235950 secs] 859193K->725011K(1031552K), 0.0237680 secs] [Times: user=0.05 sys=0.00, real=0.03 secs] 
2014-03-06T10:51:54.453+0000: 189780.438: [GC2014-03-06T10:51:54.453+0000: 189780.438: [ParNew
Desired survivor size 8716288 bytes, new threshold 4 (max 6)
- age   1:    2801320 bytes,    2801320 total
- age   2:    2027464 bytes,    4828784 total
- age   3:    2110944 bytes,    6939728 total
- age   4:    2122808 bytes,    9062536 total
: 149493K->13003K(153344K), 0.0234840 secs] 861331K->727063K(1031552K), 0.0236550 secs] [Times: user=0.05 sys=0.00, real=0.03 secs] 
2014-03-06T10:55:45.480+0000: 190011.464: [GC2014-03-06T10:55:45.480+0000: 190011.465: [ParNew
Desired survivor size 8716288 bytes, new threshold 4 (max 6)
- age   1:    2567256 bytes,    2567256 total
- age   2:    2372968 bytes,    4940224 total
- age   3:    2025128 bytes,    6965352 total
- age   4:    2110160 bytes,    9075512 total
: 149323K->13102K(153344K), 0.0235050 secs] 863383K->729343K(1031552K), 0.0236730 secs] [Times: user=0.06 sys=0.00, real=0.03 secs] 
2014-03-06T10:59:39.937+0000: 190245.922: [GC2014-03-06T10:59:39.937+0000: 190245.922: [ParNew
Desired survivor size 8716288 bytes, new threshold 4 (max 6)
- age   1:    2523904 bytes,    2523904 total
- age   2:    2168912 bytes,    4692816 total
- age   3:    2347528 bytes,    7040344 total
- age   4:    2024592 bytes,    9064936 total
: 149422K->13190K(153344K), 0.0231730 secs] 865663K->731599K(1031552K), 0.0233500 secs] [Times: user=0.05 sys=0.00, real=0.02 secs] 
2014-03-06T11:03:13.952+0000: 190459.937: [GC2014-03-06T11:03:13.952+0000: 190459.937: [ParNew
Desired survivor size 8716288 bytes, new threshold 4 (max 6)
- age   1:    2462720 bytes,    2462720 total
- age   2:    2158496 bytes,    4621216 total
- age   3:    2166968 bytes,    6788184 total
- age   4:    2346600 bytes,    9134784 total
: 149510K->13251K(153344K), 0.0233090 secs] 867919K->733741K(1031552K), 0.0234810 secs] [Times: user=0.05 sys=0.00, real=0.03 secs] 
2014-03-06T11:06:56.952+0000: 190682.936: [GC2014-03-06T11:06:56.952+0000: 190682.937: [ParNew
Desired survivor size 8716288 bytes, new threshold 4 (max 6)
- age   1:    2513120 bytes,    2513120 total
- age   2:    2010672 bytes,    4523792 total
- age   3:    2145656 bytes,    6669448 total
- age   4:    2120560 bytes,    8790008 total
: 149571K->13243K(153344K), 0.0236680 secs] 870061K->736133K(1031552K), 0.0238260 secs] [Times: user=0.05 sys=0.00, real=0.03 secs] 
2014-03-06T11:10:11.935+0000: 190877.920: [GC2014-03-06T11:10:11.935+0000: 190877.920: [ParNew
Desired survivor size 8716288 bytes, new threshold 4 (max 6)
- age   1:    2656152 bytes,    2656152 total
- age   2:    2055712 bytes,    4711864 total
- age   3:    2009432 bytes,    6721296 total
- age   4:    2142600 bytes,    8863896 total
: 149563K->8792K(153344K), 0.0233580 secs] 872453K->733862K(1031552K), 0.0235400 secs] [Times: user=0.05 sys=0.00, real=0.02 secs] 
2014-03-06T11:13:40.693+0000: 191086.678: [GC2014-03-06T11:13:40.693+0000: 191086.678: [ParNew
Desired survivor size 8716288 bytes, new threshold 6 (max 6)
- age   1:    2657176 bytes,    2657176 total
- age   2:    1850144 bytes,    4507320 total
- age   3:    2034856 bytes,    6542176 total
- age   4:    2009024 bytes,    8551200 total
: 145112K->8602K(153344K), 0.0232910 secs] 870182K->735874K(1031552K), 0.0234640 secs] [Times: user=0.05 sys=0.00, real=0.03 secs] 
2014-03-06T11:17:01.149+0000: 191287.134: [GC2014-03-06T11:17:01.149+0000: 191287.134: [ParNew
Desired survivor size 8716288 bytes, new threshold 4 (max 6)
- age   1:    2997936 bytes,    2997936 total
- age   2:    2144488 bytes,    5142424 total
- age   3:    1837680 bytes,    6980104 total
- age   4:    2034064 bytes,    9014168 total
- age   5:    2008784 bytes,   11022952 total
: 144922K->16614K(153344K), 0.0216200 secs] 872194K->743886K(1031552K), 0.0217820 secs] [Times: user=0.04 sys=0.00, real=0.02 secs] 
2014-03-06T11:20:30.566+0000: 191496.551: [GC2014-03-06T11:20:30.566+0000: 191496.551: [ParNew
Desired survivor size 8716288 bytes, new threshold 4 (max 6)
- age   1:    2437384 bytes,    2437384 total
- age   2:    2429600 bytes,    4866984 total
- age   3:    2059984 bytes,    6926968 total
- age   4:    1836792 bytes,    8763760 total
: 152934K->10169K(153344K), 0.0272730 secs] 880206K->741597K(1031552K), 0.0274470 secs] [Times: user=0.05 sys=0.00, real=0.02 secs] 
2014-03-06T11:23:58.969+0000: 191704.954: [GC2014-03-06T11:23:58.969+0000: 191704.954: [ParNew
Desired survivor size 8716288 bytes, new threshold 6 (max 6)
- age   1:    2583056 bytes,    2583056 total
- age   2:    1936864 bytes,    4519920 total
- age   3:    1896360 bytes,    6416280 total
- age   4:    2056736 bytes,    8473016 total
: 146489K->9063K(153344K), 0.0221640 secs] 877917K->742377K(1031552K), 0.0223400 secs] [Times: user=0.05 sys=0.00, real=0.02 secs] 
2014-03-06T11:27:57.261+0000: 191943.246: [GC2014-03-06T11:27:57.261+0000: 191943.246: [ParNew
Desired survivor size 8716288 bytes, new threshold 5 (max 6)
- age   1:    2541744 bytes,    2541744 total
- age   2:    2003664 bytes,    4545408 total
- age   3:    1935968 bytes,    6481376 total
- age   4:    1896144 bytes,    8377520 total
- age   5:    1937792 bytes,   10315312 total
: 145383K->16309K(153344K), 0.0197350 secs] 878697K->749624K(1031552K), 0.0198790 secs] [Times: user=0.05 sys=0.00, real=0.02 secs] 
2014-03-06T11:31:45.388+0000: 192171.373: [GC2014-03-06T11:31:45.388+0000: 192171.373: [ParNew
Desired survivor size 8716288 bytes, new threshold 4 (max 6)
- age   1:    2645384 bytes,    2645384 total
- age   2:    2192304 bytes,    4837688 total
- age   3:    1948032 bytes,    6785720 total
- age   4:    1934768 bytes,    8720488 total
- age   5:    1895792 bytes,   10616280 total
: 152629K->17024K(153344K), 0.0254500 secs] 885944K->752520K(1031552K), 0.0256150 secs] [Times: user=0.05 sys=0.00, real=0.02 secs] 
2014-03-06T11:35:35.617+0000: 192401.602: [GC2014-03-06T11:35:35.617+0000: 192401.602: [ParNew
Desired survivor size 8716288 bytes, new threshold 4 (max 6)
- age   1:    2526880 bytes,    2526880 total
- age   2:    2413136 bytes,    4940016 total
- age   3:    2191488 bytes,    7131504 total
- age   4:    1946688 bytes,    9078192 total
: 153344K->10314K(153344K), 0.0273980 secs] 888840K->749746K(1031552K), 0.0275820 secs] [Times: user=0.06 sys=0.00, real=0.03 secs] 
2014-03-06T11:39:35.000+0000: 192640.984: [GC2014-03-06T11:39:35.000+0000: 192640.985: [ParNew
Desired survivor size 8716288 bytes, new threshold 4 (max 6)
- age   1:    2564392 bytes,    2564392 total
- age   2:    2126472 bytes,    4690864 total
- age   3:    2412304 bytes,    7103168 total
- age   4:    2191016 bytes,    9294184 total
: 146634K->13723K(153344K), 0.0233820 secs] 886066K->755155K(1031552K), 0.0235600 secs] [Times: user=0.05 sys=0.00, real=0.03 secs] 
2014-03-06T11:43:29.321+0000: 192875.305: [GC2014-03-06T11:43:29.321+0000: 192875.306: [ParNew
Desired survivor size 8716288 bytes, new threshold 4 (max 6)
- age   1:    2638800 bytes,    2638800 total
- age   2:    2207192 bytes,    4845992 total
- age   3:    2123536 bytes,    6969528 total
- age   4:    2397048 bytes,    9366576 total
: 150036K->13659K(153344K), 0.0234050 secs] 891468K->757343K(1031552K), 0.0235780 secs] [Times: user=0.05 sys=0.00, real=0.03 secs] 
2014-03-06T11:47:21.903+0000: 193107.888: [GC2014-03-06T11:47:21.903+0000: 193107.888: [ParNew
Desired survivor size 8716288 bytes, new threshold 4 (max 6)
- age   1:    2540280 bytes,    2540280 total
- age   2:    2247864 bytes,    4788144 total
- age   3:    2206136 bytes,    6994280 total
- age   4:    2122192 bytes,    9116472 total
: 149979K->13577K(153344K), 0.0239770 secs] 893663K->759676K(1031552K), 0.0241330 secs] [Times: user=0.05 sys=0.00, real=0.02 secs] 
2014-03-06T11:51:15.724+0000: 193341.709: [GC2014-03-06T11:51:15.724+0000: 193341.709: [ParNew
Desired survivor size 8716288 bytes, new threshold 4 (max 6)
- age   1:    2577776 bytes,    2577776 total
- age   2:    2129640 bytes,    4707416 total
- age   3:    2236232 bytes,    6943648 total
- age   4:    2205736 bytes,    9149384 total
: 149897K->13387K(153344K), 0.0237900 secs] 895996K->761666K(1031552K), 0.0239690 secs] [Times: user=0.05 sys=0.00, real=0.02 secs] 
2014-03-06T11:54:56.178+0000: 193562.163: [GC2014-03-06T11:54:56.178+0000: 193562.163: [ParNew
Desired survivor size 8716288 bytes, new threshold 4 (max 6)
- age   1:    2575304 bytes,    2575304 total
- age   2:    2201528 bytes,    4776832 total
- age   3:    2127960 bytes,    6904792 total
- age   4:    2195792 bytes,    9100584 total
: 149707K->13362K(153344K), 0.0240090 secs] 897986K->763909K(1031552K), 0.0241880 secs] [Times: user=0.05 sys=0.00, real=0.03 secs] 
2014-03-06T11:58:48.045+0000: 193794.030: [GC2014-03-06T11:58:48.045+0000: 193794.030: [ParNew
Desired survivor size 8716288 bytes, new threshold 4 (max 6)
- age   1:    2514072 bytes,    2514072 total
- age   2:    2175376 bytes,    4689448 total
- age   3:    2200800 bytes,    6890248 total
- age   4:    2127192 bytes,    9017440 total
: 149682K->13200K(153344K), 0.0234590 secs] 900229K->766002K(1031552K), 0.0236290 secs] [Times: user=0.05 sys=0.00, real=0.02 secs] 
2014-03-06T12:02:27.750+0000: 194013.735: [GC2014-03-06T12:02:27.750+0000: 194013.735: [ParNew
Desired survivor size 8716288 bytes, new threshold 4 (max 6)
- age   1:    2532384 bytes,    2532384 total
- age   2:    2123016 bytes,    4655400 total
- age   3:    2026112 bytes,    6681512 total
- age   4:    2199528 bytes,    8881040 total
: 149520K->13221K(153344K), 0.0233520 secs] 902322K->768211K(1031552K), 0.0235450 secs] [Times: user=0.05 sys=0.00, real=0.02 secs] 
2014-03-06T12:06:09.512+0000: 194235.497: [GC2014-03-06T12:06:09.512+0000: 194235.497: [ParNew
Desired survivor size 8716288 bytes, new threshold 4 (max 6)
- age   1:    2548472 bytes,    2548472 total
- age   2:    2081368 bytes,    4629840 total
- age   3:    2121768 bytes,    6751608 total
- age   4:    2024248 bytes,    8775856 total
: 149541K->12916K(153344K), 0.0236270 secs] 904531K->770126K(1031552K), 0.0238060 secs] [Times: user=0.05 sys=0.00, real=0.03 secs] 
2014-03-06T12:09:59.138+0000: 194465.123: [GC2014-03-06T12:09:59.138+0000: 194465.123: [ParNew
Desired survivor size 8716288 bytes, new threshold 4 (max 6)
- age   1:    2535216 bytes,    2535216 total
- age   2:    2043136 bytes,    4578352 total
- age   3:    2080040 bytes,    6658392 total
- age   4:    2121432 bytes,    8779824 total
: 149236K->12743K(153344K), 0.0228460 secs] 906446K->772034K(1031552K), 0.0230200 secs] [Times: user=0.05 sys=0.00, real=0.02 secs] 
2014-03-06T12:13:54.065+0000: 194700.050: [GC2014-03-06T12:13:54.065+0000: 194700.050: [ParNew
Desired survivor size 8716288 bytes, new threshold 4 (max 6)
- age   1:    2578984 bytes,    2578984 total
- age   2:    2115008 bytes,    4693992 total
- age   3:    2041776 bytes,    6735768 total
- age   4:    2079112 bytes,    8814880 total
: 149063K->16933K(153344K), 0.0229260 secs] 908354K->778406K(1031552K), 0.0231570 secs] [Times: user=0.05 sys=0.00, real=0.02 secs] 
2014-03-06T12:17:28.298+0000: 194914.282: [GC2014-03-06T12:17:28.298+0000: 194914.282: [ParNew
Desired survivor size 8716288 bytes, new threshold 4 (max 6)
- age   1:    2447184 bytes,    2447184 total
- age   2:    2281960 bytes,    4729144 total
- age   3:    2102688 bytes,    6831832 total
- age   4:    2040136 bytes,    8871968 total
: 153253K->10815K(153344K), 0.0228730 secs] 914726K->774424K(1031552K), 0.0230420 secs] [Times: user=0.05 sys=0.00, real=0.02 secs] 
2014-03-06T12:20:43.155+0000: 195109.140: [GC2014-03-06T12:20:43.155+0000: 195109.140: [ParNew
Desired survivor size 8716288 bytes, new threshold 4 (max 6)
- age   1:    2486696 bytes,    2486696 total
- age   2:    1968368 bytes,    4455064 total
- age   3:    2235328 bytes,    6690392 total
- age   4:    2101576 bytes,    8791968 total
: 147135K->15544K(153344K), 0.0226550 secs] 910744K->781248K(1031552K), 0.0228110 secs] [Times: user=0.04 sys=0.00, real=0.02 secs] 
2014-03-06T12:24:22.850+0000: 195328.835: [GC2014-03-06T12:24:22.850+0000: 195328.835: [ParNew
Desired survivor size 8716288 bytes, new threshold 6 (max 6)
- age   1:    2572408 bytes,    2572408 total
- age   2:    1802624 bytes,    4375032 total
- age   3:    1967712 bytes,    6342744 total
- age   4:    2234440 bytes,    8577184 total
: 151864K->10217K(153344K), 0.0230750 secs] 917568K->778083K(1031552K), 0.0232480 secs] [Times: user=0.05 sys=0.00, real=0.02 secs] 
2014-03-06T12:27:32.277+0000: 195518.261: [GC2014-03-06T12:27:32.277+0000: 195518.262: [ParNew
Desired survivor size 8716288 bytes, new threshold 5 (max 6)
- age   1:    2448072 bytes,    2448072 total
- age   2:    2054320 bytes,    4502392 total
- age   3:    1787496 bytes,    6289888 total
- age   4:    1967136 bytes,    8257024 total
- age   5:    2234104 bytes,   10491128 total
: 146537K->15053K(153344K), 0.0208310 secs] 914403K->782920K(1031552K), 0.0210090 secs] [Times: user=0.04 sys=0.00, real=0.02 secs] 
2014-03-06T12:31:07.013+0000: 195732.998: [GC2014-03-06T12:31:07.013+0000: 195732.998: [ParNew
Desired survivor size 8716288 bytes, new threshold 5 (max 6)
- age   1:    2494728 bytes,    2494728 total
- age   2:    1766216 bytes,    4260944 total
- age   3:    2032560 bytes,    6293504 total
- age   4:    1787280 bytes,    8080784 total
- age   5:    1966752 bytes,   10047536 total
: 151373K->17024K(153344K), 0.0260190 secs] 919240K->787413K(1031552K), 0.0262030 secs] [Times: user=0.04 sys=0.01, real=0.03 secs] 
2014-03-06T12:34:31.219+0000: 195937.204: [GC2014-03-06T12:34:31.219+0000: 195937.204: [ParNew
Desired survivor size 8716288 bytes, new threshold 5 (max 6)
- age   1:    2372480 bytes,    2372480 total
- age   2:    2293304 bytes,    4665784 total
- age   3:    1718808 bytes,    6384592 total
- age   4:    2032296 bytes,    8416888 total
- age   5:    1787160 bytes,   10204048 total
: 153344K->12198K(153344K), 0.0247560 secs] 923733K->784609K(1031552K), 0.0249350 secs] [Times: user=0.05 sys=0.00, real=0.03 secs] 
2014-03-06T12:37:57.921+0000: 196143.906: [GC2014-03-06T12:37:57.921+0000: 196143.906: [ParNew
Desired survivor size 8716288 bytes, new threshold 5 (max 6)
- age   1:    2239304 bytes,    2239304 total
- age   2:    1948024 bytes,    4187328 total
- age   3:    2271336 bytes,    6458664 total
- age   4:    1716272 bytes,    8174936 total
- age   5:    2032104 bytes,   10207040 total
: 148518K->17024K(153344K), 0.0254400 secs] 920929K->791553K(1031552K), 0.0256160 secs] [Times: user=0.06 sys=0.00, real=0.03 secs] 
2014-03-06T12:41:53.144+0000: 196379.128: [GC2014-03-06T12:41:53.144+0000: 196379.129: [ParNew
Desired survivor size 8716288 bytes, new threshold 4 (max 6)
- age   1:    2594472 bytes,    2594472 total
- age   2:    1966360 bytes,    4560832 total
- age   3:    1901816 bytes,    6462648 total
- age   4:    2266344 bytes,    8728992 total
- age   5:    1715792 bytes,   10444784 total
: 153344K->12121K(153344K), 0.0286930 secs] 927873K->788742K(1031552K), 0.0288930 secs] [Times: user=0.06 sys=0.00, real=0.02 secs] 
2014-03-06T12:45:11.790+0000: 196577.774: [GC2014-03-06T12:45:11.790+0000: 196577.774: [ParNew
Desired survivor size 8716288 bytes, new threshold 6 (max 6)
- age   1:    2724000 bytes,    2724000 total
- age   2:    2181288 bytes,    4905288 total
- age   3:    1891888 bytes,    6797176 total
- age   4:    1897360 bytes,    8694536 total
: 148441K->9266K(153344K), 0.0295390 secs] 925062K->789890K(1031552K), 0.0297390 secs] [Times: user=0.06 sys=0.00, real=0.03 secs] 
2014-03-06T12:48:53.500+0000: 196799.484: [GC2014-03-06T12:48:53.500+0000: 196799.485: [ParNew
Desired survivor size 8716288 bytes, new threshold 5 (max 6)
- age   1:    2505232 bytes,    2505232 total
- age   2:    2077672 bytes,    4582904 total
- age   3:    2180232 bytes,    6763136 total
- age   4:    1890392 bytes,    8653528 total
- age   5:    1896976 bytes,   10550504 total
: 145586K->16974K(153344K), 0.0228400 secs] 926210K->797599K(1031552K), 0.0230200 secs] [Times: user=0.02 sys=0.01, real=0.03 secs] 
2014-03-06T12:52:33.252+0000: 197019.237: [GC2014-03-06T12:52:33.252+0000: 197019.237: [ParNew
Desired survivor size 8716288 bytes, new threshold 4 (max 6)
- age   1:    2725744 bytes,    2725744 total
- age   2:    2088712 bytes,    4814456 total
- age   3:    2076264 bytes,    6890720 total
- age   4:    2179944 bytes,    9070664 total
- age   5:    1890080 bytes,   10960744 total
: 153294K->17024K(153344K), 0.0263110 secs] 933919K->799819K(1031552K), 0.0264830 secs] [Times: user=0.05 sys=0.00, real=0.03 secs] 
2014-03-06T12:56:15.436+0000: 197241.420: [GC2014-03-06T12:56:15.436+0000: 197241.420: [ParNew
Desired survivor size 8716288 bytes, new threshold 4 (max 6)
- age   1:    2479720 bytes,    2479720 total
- age   2:    2098936 bytes,    4578656 total
- age   3:    2078160 bytes,    6656816 total
- age   4:    2063888 bytes,    8720704 total
: 153344K->10870K(153344K), 0.0295440 secs] 936139K->797849K(1031552K), 0.0297270 secs] [Times: user=0.07 sys=0.00, real=0.03 secs] 
2014-03-06T12:59:58.354+0000: 197464.339: [GC2014-03-06T12:59:58.354+0000: 197464.339: [ParNew
Desired survivor size 8716288 bytes, new threshold 4 (max 6)
- age   1:    2551136 bytes,    2551136 total
- age   2:    2095288 bytes,    4646424 total
- age   3:    2078792 bytes,    6725216 total
- age   4:    2077264 bytes,    8802480 total
: 147190K->8892K(153344K), 0.0231580 secs] 934169K->797748K(1031552K), 0.0233390 secs] [Times: user=0.05 sys=0.00, real=0.02 secs] 
2014-03-06T13:03:50.805+0000: 197696.790: [GC2014-03-06T13:03:50.806+0000: 197696.790: [ParNew
Desired survivor size 8716288 bytes, new threshold 4 (max 6)
- age   1:    2580800 bytes,    2580800 total
- age   2:    2150896 bytes,    4731696 total
- age   3:    2093264 bytes,    6824960 total
- age   4:    2078096 bytes,    8903056 total
: 145212K->12860K(153344K), 0.0236560 secs] 934068K->803805K(1031552K), 0.0238330 secs] [Times: user=0.05 sys=0.00, real=0.02 secs] 
2014-03-06T13:07:20.751+0000: 197906.736: [GC2014-03-06T13:07:20.751+0000: 197906.736: [ParNew
Desired survivor size 8716288 bytes, new threshold 4 (max 6)
- age   1:    2546840 bytes,    2546840 total
- age   2:    2184888 bytes,    4731728 total
- age   3:    2043728 bytes,    6775456 total
- age   4:    2091872 bytes,    8867328 total
: 149180K->8784K(153344K), 0.0235730 secs] 940125K->801863K(1031552K), 0.0237430 secs] [Times: user=0.05 sys=0.00, real=0.03 secs] 
2014-03-06T13:10:13.985+0000: 198079.970: [GC2014-03-06T13:10:13.986+0000: 198079.970: [ParNew
Desired survivor size 8716288 bytes, new threshold 6 (max 6)
- age   1:    2234528 bytes,    2234528 total
- age   2:    2080272 bytes,    4314800 total
- age   3:    2183816 bytes,    6498616 total
- age   4:    2043096 bytes,    8541712 total
: 145104K->8738K(153344K), 0.0234910 secs] 938183K->803966K(1031552K), 0.0236830 secs] [Times: user=0.05 sys=0.00, real=0.02 secs] 
2014-03-06T13:13:47.127+0000: 198293.112: [GC2014-03-06T13:13:47.128+0000: 198293.112: [ParNew
Desired survivor size 8716288 bytes, new threshold 5 (max 6)
- age   1:    2532976 bytes,    2532976 total
- age   2:    1672744 bytes,    4205720 total
- age   3:    2059704 bytes,    6265424 total
- age   4:    2183280 bytes,    8448704 total
- age   5:    2042088 bytes,   10490792 total
: 145058K->16462K(153344K), 0.0199530 secs] 940286K->811691K(1031552K), 0.0201460 secs] [Times: user=0.04 sys=0.00, real=0.02 secs] 
2014-03-06T13:17:10.463+0000: 198496.447: [GC2014-03-06T13:17:10.463+0000: 198496.447: [ParNew
Desired survivor size 8716288 bytes, new threshold 5 (max 6)
- age   1:    2645112 bytes,    2645112 total
- age   2:    2067928 bytes,    4713040 total
- age   3:    1655056 bytes,    6368096 total
- age   4:    2059296 bytes,    8427392 total
- age   5:    2183088 bytes,   10610480 total
: 152782K->14583K(153344K), 0.0265580 secs] 948011K->811911K(1031552K), 0.0267410 secs] [Times: user=0.05 sys=0.00, real=0.02 secs] 
2014-03-06T13:20:29.256+0000: 198695.240: [GC2014-03-06T13:20:29.256+0000: 198695.240: [ParNew
Desired survivor size 8716288 bytes, new threshold 5 (max 6)
- age   1:    2507936 bytes,    2507936 total
- age   2:    2167656 bytes,    4675592 total
- age   3:    1939192 bytes,    6614784 total
- age   4:    1654328 bytes,    8269112 total
- age   5:    2057536 bytes,   10326648 total
: 150903K->15210K(153344K), 0.0266910 secs] 948231K->814781K(1031552K), 0.0268620 secs] [Times: user=0.05 sys=0.00, real=0.03 secs] 
2014-03-06T13:23:56.054+0000: 198902.039: [GC2014-03-06T13:23:56.054+0000: 198902.039: [ParNew
Desired survivor size 8716288 bytes, new threshold 5 (max 6)
- age   1:    2428008 bytes,    2428008 total
- age   2:    1979784 bytes,    4407792 total
- age   3:    2136416 bytes,    6544208 total
- age   4:    1938824 bytes,    8483032 total
- age   5:    1651184 bytes,   10134216 total
: 151530K->14970K(153344K), 0.0257360 secs] 951101K->816607K(1031552K), 0.0259100 secs] [Times: user=0.05 sys=0.00, real=0.02 secs] 
2014-03-06T13:27:13.675+0000: 199099.660: [GC2014-03-06T13:27:13.675+0000: 199099.660: [ParNew
Desired survivor size 8716288 bytes, new threshold 5 (max 6)
- age   1:    2429136 bytes,    2429136 total
- age   2:    1940872 bytes,    4370008 total
- age   3:    1843256 bytes,    6213264 total
- age   4:    2126208 bytes,    8339472 total
- age   5:    1938608 bytes,   10278080 total
: 151290K->14898K(153344K), 0.0251250 secs] 952927K->818231K(1031552K), 0.0253060 secs] [Times: user=0.05 sys=0.00, real=0.02 secs] 
2014-03-06T13:30:32.332+0000: 199298.317: [GC2014-03-06T13:30:32.332+0000: 199298.317: [ParNew
Desired survivor size 8716288 bytes, new threshold 5 (max 6)
- age   1:    2614464 bytes,    2614464 total
- age   2:    1833256 bytes,    4447720 total
- age   3:    1894160 bytes,    6341880 total
- age   4:    1842088 bytes,    8183968 total
- age   5:    2086432 bytes,   10270400 total
: 151218K->14871K(153344K), 0.0262280 secs] 954551K->820197K(1031552K), 0.0264090 secs] [Times: user=0.06 sys=0.00, real=0.03 secs] 
2014-03-06T13:34:20.565+0000: 199526.549: [GC2014-03-06T13:34:20.565+0000: 199526.549: [ParNew
Desired survivor size 8716288 bytes, new threshold 5 (max 6)
- age   1:    2486648 bytes,    2486648 total
- age   2:    1987856 bytes,    4474504 total
- age   3:    1813200 bytes,    6287704 total
- age   4:    1893376 bytes,    8181080 total
- age   5:    1841824 bytes,   10022904 total
: 151191K->14732K(153344K), 0.0259130 secs] 956517K->822195K(1031552K), 0.0260880 secs] [Times: user=0.05 sys=0.00, real=0.02 secs] 
2014-03-06T13:37:40.378+0000: 199726.362: [GC2014-03-06T13:37:40.378+0000: 199726.363: [ParNew
Desired survivor size 8716288 bytes, new threshold 5 (max 6)
- age   1:    2345280 bytes,    2345280 total
- age   2:    2101400 bytes,    4446680 total
- age   3:    1909856 bytes,    6356536 total
- age   4:    1808624 bytes,    8165160 total
- age   5:    1892608 bytes,   10057768 total
: 151052K->14682K(153344K), 0.0284050 secs] 958515K->824038K(1032896K), 0.0286100 secs] [Times: user=0.05 sys=0.01, real=0.03 secs] 
2014-03-06T13:37:40.407+0000: 199726.392: [GC [1 CMS-initial-mark: 809356K(879552K)] 824636K(1032896K), 0.0076010 secs] [Times: user=0.01 sys=0.00, real=0.01 secs] 
2014-03-06T13:37:40.415+0000: 199726.400: [CMS-concurrent-mark-start]
2014-03-06T13:37:40.605+0000: 199726.590: [CMS-concurrent-mark: 0.190/0.190 secs] [Times: user=0.22 sys=0.00, real=0.19 secs] 
2014-03-06T13:37:40.606+0000: 199726.590: [CMS-concurrent-preclean-start]
2014-03-06T13:37:40.608+0000: 199726.593: [CMS-concurrent-preclean: 0.002/0.002 secs] [Times: user=0.00 sys=0.00, real=0.00 secs] 
2014-03-06T13:37:40.608+0000: 199726.593: [GC[YG occupancy: 16114 K (153344 K)]2014-03-06T13:37:40.608+0000: 199726.593: [Rescan (parallel) , 0.0079140 secs]2014-03-06T13:37:40.616+0000: 199726.601: [weak refs processing, 0.0017860 secs]2014-03-06T13:37:40.618+0000: 199726.603: [class unloading, 0.0105480 secs]2014-03-06T13:37:40.628+0000: 199726.613: [scrub symbol table, 0.0090730 secs]2014-03-06T13:37:40.637+0000: 199726.622: [scrub string table, 0.0010000 secs] [1 CMS-remark: 809356K(879552K)] 825470K(1032896K), 0.0419450 secs] [Times: user=0.06 sys=0.00, real=0.04 secs] 
2014-03-06T13:37:40.650+0000: 199726.635: [CMS-concurrent-sweep-start]
2014-03-06T13:37:41.220+0000: 199727.205: [CMS-concurrent-sweep: 0.569/0.569 secs] [Times: user=0.63 sys=0.00, real=0.57 secs] 
2014-03-06T13:37:41.220+0000: 199727.205: [CMS-concurrent-reset-start]
2014-03-06T13:37:41.226+0000: 199727.211: [CMS-concurrent-reset: 0.006/0.006 secs] [Times: user=0.00 sys=0.00, real=0.01 secs] 
2014-03-06T13:40:37.199+0000: 199903.184: [GC2014-03-06T13:40:37.200+0000: 199903.184: [ParNew
Desired survivor size 8716288 bytes, new threshold 5 (max 6)
- age   1:    2428688 bytes,    2428688 total
- age   2:    1862952 bytes,    4291640 total
- age   3:    2081248 bytes,    6372888 total
- age   4:    1905976 bytes,    8278864 total
- age   5:    1808384 bytes,   10087248 total
: 151002K->14848K(153344K), 0.0244380 secs] 259801K->125593K(1032896K), 0.0246070 secs] [Times: user=0.05 sys=0.00, real=0.03 secs] 
2014-03-06T13:44:11.010+0000: 200116.995: [GC2014-03-06T13:44:11.010+0000: 200116.995: [ParNew
Desired survivor size 8716288 bytes, new threshold 5 (max 6)
- age   1:    2459864 bytes,    2459864 total
- age   2:    1762456 bytes,    4222320 total
- age   3:    1846912 bytes,    6069232 total
- age   4:    2080792 bytes,    8150024 total
- age   5:    1866080 bytes,   10016104 total
: 151168K->14371K(153344K), 0.0248130 secs] 261913K->126975K(1032896K), 0.0249950 secs] [Times: user=0.05 sys=0.00, real=0.03 secs] 
2014-03-06T13:47:53.564+0000: 200339.549: [GC2014-03-06T13:47:53.564+0000: 200339.549: [ParNew
Desired survivor size 8716288 bytes, new threshold 5 (max 6)
- age   1:    2517920 bytes,    2517920 total
- age   2:    2012008 bytes,    4529928 total
- age   3:    1751464 bytes,    6281392 total
- age   4:    1846320 bytes,    8127712 total
- age   5:    2080504 bytes,   10208216 total
: 150691K->14486K(153344K), 0.0240090 secs] 263295K->129008K(1032896K), 0.0241730 secs] [Times: user=0.05 sys=0.00, real=0.02 secs] 
2014-03-06T13:51:36.195+0000: 200562.179: [GC2014-03-06T13:51:36.195+0000: 200562.179: [ParNew
Desired survivor size 8716288 bytes, new threshold 5 (max 6)
- age   1:    2498408 bytes,    2498408 total
- age   2:    2071152 bytes,    4569560 total
- age   3:    2000776 bytes,    6570336 total
- age   4:    1704600 bytes,    8274936 total
- age   5:    1846008 bytes,   10120944 total
: 150806K->14757K(153344K), 0.0256690 secs] 265328K->131418K(1032896K), 0.0258280 secs] [Times: user=0.05 sys=0.00, real=0.02 secs] 
2014-03-06T13:55:06.941+0000: 200772.926: [GC2014-03-06T13:55:06.941+0000: 200772.926: [ParNew
Desired survivor size 8716288 bytes, new threshold 5 (max 6)
- age   1:    2321928 bytes,    2321928 total
- age   2:    2076432 bytes,    4398360 total
- age   3:    2069232 bytes,    6467592 total
- age   4:    1999928 bytes,    8467520 total
- age   5:    1703464 bytes,   10170984 total
: 151077K->17024K(153344K), 0.0248550 secs] 267738K->135826K(1032896K), 0.0250360 secs] [Times: user=0.05 sys=0.00, real=0.03 secs] 
2014-03-06T13:58:16.355+0000: 200962.340: [GC2014-03-06T13:58:16.355+0000: 200962.340: [ParNew
Desired survivor size 8716288 bytes, new threshold 4 (max 6)
- age   1:    2470328 bytes,    2470328 total
- age   2:    2121568 bytes,    4591896 total
- age   3:    2064408 bytes,    6656304 total
- age   4:    2067800 bytes,    8724104 total
- age   5:    1999472 bytes,   10723576 total
: 153343K->12610K(153344K), 0.0254440 secs] 272145K->133160K(1032896K), 0.0256280 secs] [Times: user=0.05 sys=0.00, real=0.02 secs] 
2014-03-06T14:01:50.189+0000: 201176.173: [GC2014-03-06T14:01:50.189+0000: 201176.174: [ParNew
Desired survivor size 8716288 bytes, new threshold 6 (max 6)
- age   1:    2516024 bytes,    2516024 total
- age   2:    1990416 bytes,    4506440 total
- age   3:    2024296 bytes,    6530736 total
- age   4:    2063344 bytes,    8594080 total
: 148930K->9412K(153344K), 0.0296890 secs] 269480K->134100K(1032896K), 0.0298890 secs] [Times: user=0.06 sys=0.00, real=0.03 secs] 
2014-03-06T14:05:29.910+0000: 201395.895: [GC2014-03-06T14:05:29.910+0000: 201395.895: [ParNew
Desired survivor size 8716288 bytes, new threshold 5 (max 6)
- age   1:    2507624 bytes,    2507624 total
- age   2:    1983976 bytes,    4491600 total
- age   3:    1945536 bytes,    6437136 total
- age   4:    1977632 bytes,    8414768 total
- age   5:    2063008 bytes,   10477776 total
: 145732K->17005K(153344K), 0.0197410 secs] 270420K->141694K(1032896K), 0.0198890 secs] [Times: user=0.04 sys=0.00, real=0.02 secs] 
2014-03-06T14:09:05.122+0000: 201611.107: [GC2014-03-06T14:09:05.122+0000: 201611.107: [ParNew
Desired survivor size 8716288 bytes, new threshold 5 (max 6)
- age   1:    2764664 bytes,    2764664 total
- age   2:    2003440 bytes,    4768104 total
- age   3:    1978816 bytes,    6746920 total
- age   4:    1944296 bytes,    8691216 total
- age   5:    1976800 bytes,   10668016 total
: 153325K->11906K(153344K), 0.0252230 secs] 278014K->138715K(1032896K), 0.0254030 secs] [Times: user=0.05 sys=0.00, real=0.02 secs] 
2014-03-06T14:12:43.252+0000: 201829.237: [GC2014-03-06T14:12:43.252+0000: 201829.237: [ParNew
Desired survivor size 8716288 bytes, new threshold 5 (max 6)
- age   1:    2278832 bytes,    2278832 total
- age   2:    2356680 bytes,    4635512 total
- age   3:    2001400 bytes,    6636912 total
- age   4:    1977808 bytes,    8614720 total
- age   5:    1943776 bytes,   10558496 total
: 148226K->17024K(153344K), 0.0250570 secs] 275035K->146102K(1032896K), 0.0252230 secs] [Times: user=0.06 sys=0.00, real=0.03 secs] 
2014-03-06T14:16:04.908+0000: 202030.893: [GC2014-03-06T14:16:04.908+0000: 202030.893: [ParNew
Desired survivor size 8716288 bytes, new threshold 4 (max 6)
- age   1:    2901896 bytes,    2901896 total
- age   2:    2023328 bytes,    4925224 total
- age   3:    2327944 bytes,    7253168 total
- age   4:    2000792 bytes,    9253960 total
- age   5:    1977184 bytes,   11231144 total
: 153344K->15287K(153344K), 0.0257300 secs] 282422K->146358K(1032896K), 0.0259350 secs] [Times: user=0.05 sys=0.00, real=0.03 secs] 
2014-03-06T14:19:29.331+0000: 202235.316: [GC2014-03-06T14:19:29.332+0000: 202235.316: [ParNew
Desired survivor size 8716288 bytes, new threshold 4 (max 6)
- age   1:    2364456 bytes,    2364456 total
- age   2:    2372968 bytes,    4737424 total
- age   3:    2002392 bytes,    6739816 total
- age   4:    2327080 bytes,    9066896 total
: 151607K->10786K(153344K), 0.0291980 secs] 282678K->145946K(1032896K), 0.0294100 secs] [Times: user=0.06 sys=0.00, real=0.03 secs] 
2014-03-06T14:22:09.973+0000: 202395.958: [GC2014-03-06T14:22:09.973+0000: 202395.958: [ParNew
Desired survivor size 8716288 bytes, new threshold 6 (max 6)
- age   1:    2247296 bytes,    2247296 total
- age   2:    1871936 bytes,    4119232 total
- age   3:    1967232 bytes,    6086464 total
- age   4:    2001800 bytes,    8088264 total
: 147106K->9346K(153344K), 0.0228570 secs] 282266K->146884K(1032896K), 0.0230390 secs] [Times: user=0.05 sys=0.00, real=0.03 secs] 
2014-03-06T14:25:54.758+0000: 202620.743: [GC2014-03-06T14:25:54.758+0000: 202620.743: [ParNew
Desired survivor size 8716288 bytes, new threshold 5 (max 6)
- age   1:    2545784 bytes,    2545784 total
- age   2:    1772920 bytes,    4318704 total
- age   3:    1860128 bytes,    6178832 total
- age   4:    1965616 bytes,    8144448 total
- age   5:    2001600 bytes,   10146048 total
: 145666K->16180K(153344K), 0.0193660 secs] 283204K->153718K(1032896K), 0.0195320 secs] [Times: user=0.04 sys=0.00, real=0.02 secs] 
2014-03-06T14:29:30.909+0000: 202836.894: [GC2014-03-06T14:29:30.909+0000: 202836.894: [ParNew
Desired survivor size 8716288 bytes, new threshold 5 (max 6)
- age   1:    2856696 bytes,    2856696 total
- age   2:    2062208 bytes,    4918904 total
- age   3:    1725968 bytes,    6644872 total
- age   4:    1859816 bytes,    8504688 total
- age   5:    1885792 bytes,   10390480 total
: 152500K->17024K(153344K), 0.0259110 secs] 290038K->156937K(1032896K), 0.0260960 secs] [Times: user=0.06 sys=0.00, real=0.03 secs] 
2014-03-06T14:32:44.430+0000: 203030.415: [GC2014-03-06T14:32:44.430+0000: 203030.415: [ParNew
Desired survivor size 8716288 bytes, new threshold 5 (max 6)
- age   1:    2464856 bytes,    2464856 total
- age   2:    2103984 bytes,    4568840 total
- age   3:    2050752 bytes,    6619592 total
- age   4:    1721008 bytes,    8340600 total
- age   5:    1858816 bytes,   10199416 total
: 153344K->12563K(153344K), 0.0248630 secs] 293257K->154416K(1032896K), 0.0250340 secs] [Times: user=0.05 sys=0.00, real=0.03 secs] 
2014-03-06T14:36:20.970+0000: 203246.955: [GC2014-03-06T14:36:20.970+0000: 203246.955: [ParNew
Desired survivor size 8716288 bytes, new threshold 5 (max 6)
- age   1:    2268616 bytes,    2268616 total
- age   2:    1921760 bytes,    4190376 total
- age   3:    2103104 bytes,    6293480 total
- age   4:    2049760 bytes,    8343240 total
- age   5:    1720576 bytes,   10063816 total
: 148883K->17024K(153344K), 0.0250870 secs] 290736K->161016K(1032896K), 0.0252700 secs] [Times: user=0.06 sys=0.00, real=0.03 secs] 
2014-03-06T14:39:49.264+0000: 203455.248: [GC2014-03-06T14:39:49.264+0000: 203455.249: [ParNew
Desired survivor size 8716288 bytes, new threshold 4 (max 6)
- age   1:    2809328 bytes,    2809328 total
- age   2:    2004856 bytes,    4814184 total
- age   3:    1839704 bytes,    6653888 total
- age   4:    2102568 bytes,    8756456 total
- age   5:    2048528 bytes,   10804984 total
: 153344K->12047K(153344K), 0.0249110 secs] 297336K->157809K(1032896K), 0.0250810 secs] [Times: user=0.05 sys=0.01, real=0.02 secs] 
2014-03-06T14:43:30.543+0000: 203676.528: [GC2014-03-06T14:43:30.543+0000: 203676.528: [ParNew
Desired survivor size 8716288 bytes, new threshold 6 (max 6)
- age   1:    2562888 bytes,    2562888 total
- age   2:    2256816 bytes,    4819704 total
- age   3:    2003024 bytes,    6822728 total
- age   4:    1838920 bytes,    8661648 total
: 148367K->9385K(153344K), 0.0278080 secs] 294129K->159413K(1032896K), 0.0279810 secs] [Times: user=0.06 sys=0.00, real=0.02 secs] 
2014-03-06T14:46:56.734+0000: 203882.719: [GC2014-03-06T14:46:56.734+0000: 203882.719: [ParNew
Desired survivor size 8716288 bytes, new threshold 5 (max 6)
- age   1:    2313136 bytes,    2313136 total
- age   2:    2073520 bytes,    4386656 total
- age   3:    2210840 bytes,    6597496 total
- age   4:    2002408 bytes,    8599904 total
- age   5:    1834752 bytes,   10434656 total
: 145705K->17023K(153344K), 0.0199030 secs] 295733K->167177K(1032896K), 0.0200670 secs] [Times: user=0.04 sys=0.00, real=0.02 secs] 
2014-03-06T14:49:44.442+0000: 204050.426: [GC2014-03-06T14:49:44.442+0000: 204050.427: [ParNew
Desired survivor size 8716288 bytes, new threshold 5 (max 6)
- age   1:    2092672 bytes,    2092672 total
- age   2:    1987168 bytes,    4079840 total
- age   3:    2026976 bytes,    6106816 total
- age   4:    2210088 bytes,    8316904 total
- age   5:    2002104 bytes,   10319008 total
: 153343K->12081K(153344K), 0.0238250 secs] 303497K->164118K(1032896K), 0.0239890 secs] [Times: user=0.06 sys=0.00, real=0.03 secs] 
2014-03-06T14:53:40.289+0000: 204286.274: [GC2014-03-06T14:53:40.290+0000: 204286.274: [ParNew
Desired survivor size 8716288 bytes, new threshold 5 (max 6)
- age   1:    2335600 bytes,    2335600 total
- age   2:    1591440 bytes,    3927040 total
- age   3:    1894088 bytes,    5821128 total
- age   4:    2025104 bytes,    7846232 total
- age   5:    2209488 bytes,   10055720 total
: 148401K->17024K(153344K), 0.0241290 secs] 300438K->171277K(1032896K), 0.0243090 secs] [Times: user=0.05 sys=0.00, real=0.02 secs] 
2014-03-06T14:57:06.642+0000: 204492.627: [GC2014-03-06T14:57:06.642+0000: 204492.627: [ParNew
Desired survivor size 8716288 bytes, new threshold 5 (max 6)
- age   1:    2498216 bytes,    2498216 total
- age   2:    2164208 bytes,    4662424 total
- age   3:    1577472 bytes,    6239896 total
- age   4:    1892264 bytes,    8132160 total
- age   5:    2023840 bytes,   10156000 total
: 153344K->12083K(153344K), 0.0251210 secs] 307597K->168597K(1032896K), 0.0253290 secs] [Times: user=0.04 sys=0.00, real=0.03 secs] 
2014-03-06T15:00:44.909+0000: 204710.894: [GC2014-03-06T15:00:44.909+0000: 204710.894: [ParNew
Desired survivor size 8716288 bytes, new threshold 5 (max 6)
- age   1:    2536760 bytes,    2536760 total
- age   2:    1903088 bytes,    4439848 total
- age   3:    2162744 bytes,    6602592 total
- age   4:    1576624 bytes,    8179216 total
- age   5:    1891736 bytes,   10070952 total
: 148403K->17024K(153344K), 0.0248350 secs] 304917K->175849K(1032896K), 0.0250230 secs] [Times: user=0.06 sys=0.00, real=0.02 secs] 
2014-03-06T15:04:35.745+0000: 204941.729: [GC2014-03-06T15:04:35.745+0000: 204941.730: [ParNew
Desired survivor size 8716288 bytes, new threshold 4 (max 6)
- age   1:    2553776 bytes,    2553776 total
- age   2:    2255072 bytes,    4808848 total
- age   3:    1892224 bytes,    6701072 total
- age   4:    2162312 bytes,    8863384 total
- age   5:    1576144 bytes,   10439528 total
: 153344K->11882K(153344K), 0.0246460 secs] 312169K->172652K(1032896K), 0.0248210 secs] [Times: user=0.05 sys=0.00, real=0.02 secs] 
2014-03-06T15:08:25.752+0000: 205171.737: [GC2014-03-06T15:08:25.752+0000: 205171.737: [ParNew
Desired survivor size 8716288 bytes, new threshold 4 (max 6)
- age   1:    2521408 bytes,    2521408 total
- age   2:    2129240 bytes,    4650648 total
- age   3:    2191360 bytes,    6842008 total
- age   4:    1891280 bytes,    8733288 total
: 148202K->9160K(153344K), 0.0283450 secs] 308972K->173771K(1032896K), 0.0285340 secs] [Times: user=0.05 sys=0.00, real=0.03 secs] 
2014-03-06T15:12:22.520+0000: 205408.505: [GC2014-03-06T15:12:22.520+0000: 205408.505: [ParNew
Desired survivor size 8716288 bytes, new threshold 4 (max 6)
- age   1:    2638296 bytes,    2638296 total
- age   2:    2113088 bytes,    4751384 total
- age   3:    2128568 bytes,    6879952 total
- age   4:    2189072 bytes,    9069024 total
: 145480K->13000K(153344K), 0.0221480 secs] 310091K->179556K(1032896K), 0.0223180 secs] [Times: user=0.04 sys=0.00, real=0.03 secs] 
2014-03-06T15:15:43.985+0000: 205609.970: [GC2014-03-06T15:15:43.985+0000: 205609.970: [ParNew
Desired survivor size 8716288 bytes, new threshold 4 (max 6)
- age   1:    2367952 bytes,    2367952 total
- age   2:    2219920 bytes,    4587872 total
- age   3:    2111320 bytes,    6699192 total
- age   4:    2128136 bytes,    8827328 total
: 149320K->8845K(153344K), 0.0225370 secs] 315876K->177566K(1032896K), 0.0227150 secs] [Times: user=0.04 sys=0.00, real=0.02 secs] 
2014-03-06T15:19:32.541+0000: 205838.526: [GC2014-03-06T15:19:32.541+0000: 205838.526: [ParNew
Desired survivor size 8716288 bytes, new threshold 4 (max 6)
- age   1:    2473848 bytes,    2473848 total
- age   2:    1961376 bytes,    4435224 total
- age   3:    2207648 bytes,    6642872 total
- age   4:    2109816 bytes,    8752688 total
: 145165K->12824K(153344K), 0.0232310 secs] 313886K->183733K(1032896K), 0.0233990 secs] [Times: user=0.05 sys=0.00, real=0.03 secs] 
2014-03-06T15:22:27.326+0000: 206013.310: [GC2014-03-06T15:22:27.326+0000: 206013.311: [ParNew
Desired survivor size 8716288 bytes, new threshold 6 (max 6)
- age   1:    2308936 bytes,    2308936 total
- age   2:    2099960 bytes,    4408896 total
- age   3:    1957928 bytes,    6366824 total
- age   4:    2207176 bytes,    8574000 total
: 149144K->8671K(153344K), 0.0221640 secs] 320053K->181748K(1032896K), 0.0223130 secs] [Times: user=0.04 sys=0.00, real=0.02 secs] 
2014-03-06T15:25:00.179+0000: 206166.164: [GC2014-03-06T15:25:00.180+0000: 206166.164: [ParNew
Desired survivor size 8716288 bytes, new threshold 5 (max 6)
- age   1:    2260648 bytes,    2260648 total
- age   2:    1774288 bytes,    4034936 total
- age   3:    2098072 bytes,    6133008 total
- age   4:    1910888 bytes,    8043896 total
- age   5:    2206744 bytes,   10250640 total
: 144991K->16584K(153344K), 0.0218680 secs] 318068K->189662K(1032896K), 0.0220700 secs] [Times: user=0.04 sys=0.00, real=0.02 secs] 
2014-03-06T15:28:08.109+0000: 206354.094: [GC2014-03-06T15:28:08.109+0000: 206354.094: [ParNew
Desired survivor size 8716288 bytes, new threshold 5 (max 6)
- age   1:    2319712 bytes,    2319712 total
- age   2:    1764208 bytes,    4083920 total
- age   3:    1605312 bytes,    5689232 total
- age   4:    2097720 bytes,    7786952 total
- age   5:    1870528 bytes,    9657480 total
: 152904K->11607K(153344K), 0.0256020 secs] 325982K->186951K(1032896K), 0.0257730 secs] [Times: user=0.06 sys=0.00, real=0.03 secs] 
2014-03-06T15:31:18.261+0000: 206544.246: [GC2014-03-06T15:31:18.262+0000: 206544.246: [ParNew
Desired survivor size 8716288 bytes, new threshold 5 (max 6)
- age   1:    2575192 bytes,    2575192 total
- age   2:    1858824 bytes,    4434016 total
- age   3:    1687920 bytes,    6121936 total
- age   4:    1604992 bytes,    7726928 total
- age   5:    2097440 bytes,    9824368 total
: 147927K->16980K(153344K), 0.0245090 secs] 323271K->194247K(1032896K), 0.0246920 secs] [Times: user=0.05 sys=0.00, real=0.03 secs] 
2014-03-06T15:35:04.819+0000: 206770.803: [GC2014-03-06T15:35:04.819+0000: 206770.803: [ParNew
Desired survivor size 8716288 bytes, new threshold 5 (max 6)
- age   1:    2841488 bytes,    2841488 total
- age   2:    1867360 bytes,    4708848 total
- age   3:    1820624 bytes,    6529472 total
- age   4:    1686920 bytes,    8216392 total
- age   5:    1604720 bytes,    9821112 total
: 153300K->11310K(153344K), 0.0250820 secs] 330567K->190734K(1032896K), 0.0252600 secs] [Times: user=0.05 sys=0.00, real=0.03 secs] 
2014-03-06T15:39:02.479+0000: 207008.463: [GC2014-03-06T15:39:02.479+0000: 207008.464: [ParNew
Desired survivor size 8716288 bytes, new threshold 5 (max 6)
- age   1:    2460568 bytes,    2460568 total
- age   2:    2445840 bytes,    4906408 total
- age   3:    1866344 bytes,    6772752 total
- age   4:    1820216 bytes,    8592968 total
- age   5:    1686728 bytes,   10279696 total
: 147630K->17023K(153344K), 0.0260120 secs] 327054K->198114K(1032896K), 0.0262090 secs] [Times: user=0.05 sys=0.00, real=0.03 secs] 
2014-03-06T15:42:45.255+0000: 207231.240: [GC2014-03-06T15:42:45.255+0000: 207231.240: [ParNew
Desired survivor size 8716288 bytes, new threshold 4 (max 6)
- age   1:    2628832 bytes,    2628832 total
- age   2:    2172824 bytes,    4801656 total
- age   3:    2383992 bytes,    7185648 total
- age   4:    1864464 bytes,    9050112 total
- age   5:    1819136 bytes,   10869248 total
: 153343K->12156K(153344K), 0.0248450 secs] 334434K->194987K(1032896K), 0.0250170 secs] [Times: user=0.05 sys=0.00, real=0.02 secs] 
2014-03-06T15:43:23.479+0000: 207269.464: [GC2014-03-06T15:43:23.479+0000: 207269.464: [ParNew
Desired survivor size 8716288 bytes, new threshold 1 (max 6)
- age   1:   11047824 bytes,   11047824 total
- age   2:    2133600 bytes,   13181424 total
- age   3:    2154440 bytes,   15335864 total
- age   4:    2095792 bytes,   17431656 total
: 148476K->17024K(153344K), 0.0407190 secs] 331307K->209962K(1032896K), 0.0408950 secs] [Times: user=0.09 sys=0.00, real=0.04 secs] 
2014-03-06T15:44:54.385+0000: 207360.369: [GC2014-03-06T15:44:54.385+0000: 207360.370: [ParNew
Desired survivor size 8716288 bytes, new threshold 6 (max 6)
- age   1:    6015640 bytes,    6015640 total
: 153344K->15613K(153344K), 0.0329460 secs] 346282K->221768K(1032896K), 0.0331280 secs] [Times: user=0.07 sys=0.00, real=0.03 secs] 
2014-03-06T15:46:58.531+0000: 207484.516: [GC2014-03-06T15:46:58.531+0000: 207484.516: [ParNew
Desired survivor size 8716288 bytes, new threshold 1 (max 6)
- age   1:    8877856 bytes,    8877856 total
- age   2:    2751624 bytes,   11629480 total
: 151933K->13111K(153344K), 0.0217710 secs] 358088K->219266K(1032896K), 0.0219620 secs] [Times: user=0.05 sys=0.00, real=0.02 secs] 
2014-03-06T15:48:42.111+0000: 207588.096: [GC2014-03-06T15:48:42.111+0000: 207588.096: [ParNew
Desired survivor size 8716288 bytes, new threshold 6 (max 6)
- age   1:    3649944 bytes,    3649944 total
: 149431K->9887K(153344K), 0.0175210 secs] 355586K->218431K(1032896K), 0.0176730 secs] [Times: user=0.04 sys=0.00, real=0.02 secs] 
2014-03-06T15:50:09.909+0000: 207675.894: [GC2014-03-06T15:50:09.909+0000: 207675.894: [ParNew
Desired survivor size 8716288 bytes, new threshold 1 (max 6)
- age   1:   14703424 bytes,   14703424 total
- age   2:    1619576 bytes,   16323000 total
: 146207K->17024K(153344K), 0.0198760 secs] 354751K->226139K(1032896K), 0.0200610 secs] [Times: user=0.04 sys=0.00, real=0.02 secs] 
2014-03-06T15:52:26.582+0000: 207812.566: [GC2014-03-06T15:52:26.582+0000: 207812.566: [ParNew
Desired survivor size 8716288 bytes, new threshold 6 (max 6)
- age   1:    7315712 bytes,    7315712 total
: 153344K->13083K(153344K), 0.0316910 secs] 362459K->235508K(1032896K), 0.0318780 secs] [Times: user=0.07 sys=0.00, real=0.03 secs] 
2014-03-06T15:54:25.951+0000: 207931.936: [GC2014-03-06T15:54:25.951+0000: 207931.936: [ParNew
Desired survivor size 8716288 bytes, new threshold 6 (max 6)
- age   1:    1725000 bytes,    1725000 total
- age   2:    1345608 bytes,    3070608 total
: 149403K->6156K(153344K), 0.0111740 secs] 371828K->228582K(1032896K), 0.0113190 secs] [Times: user=0.02 sys=0.00, real=0.02 secs] 
2014-03-06T15:58:15.491+0000: 208161.476: [GC2014-03-06T15:58:15.491+0000: 208161.476: [ParNew
Desired survivor size 8716288 bytes, new threshold 6 (max 6)
- age   1:    2492952 bytes,    2492952 total
- age   2:    1112616 bytes,    3605568 total
- age   3:    1262928 bytes,    4868496 total
: 142476K->6187K(153344K), 0.0136130 secs] 364902K->228613K(1032896K), 0.0137640 secs] [Times: user=0.03 sys=0.00, real=0.02 secs] 
2014-03-06T16:01:50.909+0000: 208376.894: [GC2014-03-06T16:01:50.909+0000: 208376.894: [ParNew
Desired survivor size 8716288 bytes, new threshold 6 (max 6)
- age   1:    2668968 bytes,    2668968 total
- age   2:    2123512 bytes,    4792480 total
- age   3:    1111576 bytes,    5904056 total
- age   4:    1261776 bytes,    7165832 total
: 142507K->8310K(153344K), 0.0153790 secs] 364933K->230736K(1032896K), 0.0155400 secs] [Times: user=0.04 sys=0.00, real=0.02 secs] 
2014-03-06T16:03:55.909+0000: 208501.894: [GC2014-03-06T16:03:55.909+0000: 208501.894: [ParNew
Desired survivor size 8716288 bytes, new threshold 5 (max 6)
- age   1:    2156728 bytes,    2156728 total
- age   2:    2117376 bytes,    4274104 total
- age   3:    2121520 bytes,    6395624 total
- age   4:    1108048 bytes,    7503672 total
- age   5:    1261568 bytes,    8765240 total
: 144630K->12728K(153344K), 0.0172720 secs] 367056K->235154K(1032896K), 0.0174490 secs] [Times: user=0.03 sys=0.00, real=0.02 secs] 
2014-03-06T16:06:40.273+0000: 208666.258: [GC2014-03-06T16:06:40.274+0000: 208666.258: [ParNew
Desired survivor size 8716288 bytes, new threshold 4 (max 6)
- age   1:    4190424 bytes,    4190424 total
- age   2:    1227688 bytes,    5418112 total
- age   3:    2020792 bytes,    7438904 total
- age   4:    2120712 bytes,    9559616 total
- age   5:    1107840 bytes,   10667456 total
: 149048K->15384K(153344K), 0.0221710 secs] 371474K->239106K(1032896K), 0.0223490 secs] [Times: user=0.04 sys=0.00, real=0.03 secs] 
2014-03-06T16:10:10.076+0000: 208876.061: [GC2014-03-06T16:10:10.076+0000: 208876.061: [ParNew
Desired survivor size 8716288 bytes, new threshold 4 (max 6)
- age   1:    2419584 bytes,    2419584 total
- age   2:    3476960 bytes,    5896544 total
- age   3:    1161912 bytes,    7058456 total
- age   4:    2020240 bytes,    9078696 total
: 151704K->9645K(153344K), 0.0255660 secs] 375426K->236685K(1032896K), 0.0257250 secs] [Times: user=0.05 sys=0.00, real=0.03 secs] 
2014-03-06T16:13:33.699+0000: 209079.684: [GC2014-03-06T16:13:33.699+0000: 209079.684: [ParNew
Desired survivor size 8716288 bytes, new threshold 6 (max 6)
- age   1:    2667264 bytes,    2667264 total
- age   2:    1932216 bytes,    4599480 total
- age   3:    1530952 bytes,    6130432 total
- age   4:    1156424 bytes,    7286856 total
: 145965K->9060K(153344K), 0.0211040 secs] 373005K->238175K(1032896K), 0.0212770 secs] [Times: user=0.04 sys=0.00, real=0.02 secs] 
2014-03-06T16:17:05.453+0000: 209291.438: [GC2014-03-06T16:17:05.453+0000: 209291.438: [ParNew
Desired survivor size 8716288 bytes, new threshold 5 (max 6)
- age   1:    2436968 bytes,    2436968 total
- age   2:    2096504 bytes,    4533472 total
- age   3:    1926528 bytes,    6460000 total
- age   4:    1529840 bytes,    7989840 total
- age   5:    1155992 bytes,    9145832 total
: 145380K->11273K(153344K), 0.0179800 secs] 374495K->240388K(1032896K), 0.0181620 secs] [Times: user=0.03 sys=0.01, real=0.02 secs] 
2014-03-06T16:20:54.323+0000: 209520.308: [GC2014-03-06T16:20:54.323+0000: 209520.308: [ParNew
Desired survivor size 8716288 bytes, new threshold 5 (max 6)
- age   1:    2452088 bytes,    2452088 total
- age   2:    1994104 bytes,    4446192 total
- age   3:    1974344 bytes,    6420536 total
- age   4:    1926168 bytes,    8346704 total
- age   5:    1528888 bytes,    9875592 total
: 147593K->16854K(153344K), 0.0218540 secs] 376708K->247157K(1032896K), 0.0220290 secs] [Times: user=0.04 sys=0.01, real=0.02 secs] 
2014-03-06T16:24:32.346+0000: 209738.331: [GC2014-03-06T16:24:32.346+0000: 209738.331: [ParNew
Desired survivor size 8716288 bytes, new threshold 5 (max 6)
- age   1:    2541360 bytes,    2541360 total
- age   2:    2120152 bytes,    4661512 total
- age   3:    1980928 bytes,    6642440 total
- age   4:    1973312 bytes,    8615752 total
- age   5:    1925808 bytes,   10541560 total
: 153174K->14308K(153344K), 0.0250400 secs] 383477K->246183K(1032896K), 0.0252390 secs] [Times: user=0.05 sys=0.00, real=0.02 secs] 
2014-03-06T16:28:21.219+0000: 209967.203: [GC2014-03-06T16:28:21.219+0000: 209967.203: [ParNew
Desired survivor size 8716288 bytes, new threshold 5 (max 6)
- age   1:    2364096 bytes,    2364096 total
- age   2:    2078496 bytes,    4442592 total
- age   3:    2117736 bytes,    6560328 total
- age   4:    1933832 bytes,    8494160 total
- age   5:    1972928 bytes,   10467088 total
: 150628K->17024K(153344K), 0.0249260 secs] 382503K->251059K(1032896K), 0.0251000 secs] [Times: user=0.05 sys=0.00, real=0.03 secs] 
2014-03-06T16:31:27.076+0000: 210153.061: [GC2014-03-06T16:31:27.076+0000: 210153.061: [ParNew
Desired survivor size 8716288 bytes, new threshold 4 (max 6)
- age   1:    2711800 bytes,    2711800 total
- age   2:    2163912 bytes,    4875712 total
- age   3:    2063552 bytes,    6939264 total
- age   4:    2117192 bytes,    9056456 total
- age   5:    1933480 bytes,   10989936 total
: 153344K->15202K(153344K), 0.0253780 secs] 387379K->251259K(1032896K), 0.0255540 secs] [Times: user=0.06 sys=0.00, real=0.02 secs] 
2014-03-06T16:34:21.219+0000: 210327.203: [GC2014-03-06T16:34:21.219+0000: 210327.203: [ParNew
Desired survivor size 8716288 bytes, new threshold 6 (max 6)
- age   1:    2414760 bytes,    2414760 total
- age   2:    2049232 bytes,    4463992 total
- age   3:    2163368 bytes,    6627360 total
- age   4:    2062864 bytes,    8690224 total
: 151522K->10644K(153344K), 0.0270560 secs] 387579K->250866K(1032896K), 0.0272300 secs] [Times: user=0.06 sys=0.00, real=0.03 secs] 
2014-03-06T16:37:44.256+0000: 210530.241: [GC2014-03-06T16:37:44.256+0000: 210530.241: [ParNew
Desired survivor size 8716288 bytes, new threshold 5 (max 6)
- age   1:    2298952 bytes,    2298952 total
- age   2:    1858168 bytes,    4157120 total
- age   3:    1949936 bytes,    6107056 total
- age   4:    2117408 bytes,    8224464 total
- age   5:    2062544 bytes,   10287008 total
: 146964K->17024K(153344K), 0.0194420 secs] 387186K->257506K(1032896K), 0.0195960 secs] [Times: user=0.04 sys=0.00, real=0.02 secs] 
2014-03-06T16:41:41.012+0000: 210766.997: [GC2014-03-06T16:41:41.012+0000: 210766.997: [ParNew
Desired survivor size 8716288 bytes, new threshold 5 (max 6)
- age   1:    2693400 bytes,    2693400 total
- age   2:    1902160 bytes,    4595560 total
- age   3:    1626832 bytes,    6222392 total
- age   4:    1940680 bytes,    8163072 total
- age   5:    2116296 bytes,   10279368 total
: 153344K->12221K(153344K), 0.0248140 secs] 393826K->254820K(1032896K), 0.0249670 secs] [Times: user=0.05 sys=0.00, real=0.03 secs] 
2014-03-06T16:45:23.878+0000: 210989.863: [GC2014-03-06T16:45:23.878+0000: 210989.863: [ParNew
Desired survivor size 8716288 bytes, new threshold 5 (max 6)
- age   1:    2389528 bytes,    2389528 total
- age   2:    2240504 bytes,    4630032 total
- age   3:    1899464 bytes,    6529496 total
- age   4:    1623864 bytes,    8153360 total
- age   5:    1701768 bytes,    9855128 total
: 148541K->17024K(153344K), 0.0245470 secs] 391140K->262046K(1032896K), 0.0247280 secs] [Times: user=0.05 sys=0.00, real=0.03 secs] 
2014-03-06T16:49:20.751+0000: 211226.736: [GC2014-03-06T16:49:20.751+0000: 211226.736: [ParNew
Desired survivor size 8716288 bytes, new threshold 4 (max 6)
- age   1:    2496536 bytes,    2496536 total
- age   2:    2222944 bytes,    4719480 total
- age   3:    2167528 bytes,    6887008 total
- age   4:    1898800 bytes,    8785808 total
- age   5:    1623552 bytes,   10409360 total
: 153344K->11738K(153344K), 0.0259240 secs] 398366K->258509K(1032896K), 0.0261070 secs] [Times: user=0.05 sys=0.00, real=0.03 secs] 
2014-03-06T16:52:55.940+0000: 211441.924: [GC2014-03-06T16:52:55.940+0000: 211441.924: [ParNew
Desired survivor size 8716288 bytes, new threshold 4 (max 6)
- age   1:    2602520 bytes,    2602520 total
- age   2:    2172304 bytes,    4774824 total
- age   3:    2154864 bytes,    6929688 total
- age   4:    2166864 bytes,    9096552 total
: 148058K->13680K(153344K), 0.0266540 secs] 394829K->264070K(1032896K), 0.0268190 secs] [Times: user=0.06 sys=0.00, real=0.03 secs] 
2014-03-06T16:56:25.609+0000: 211651.594: [GC2014-03-06T16:56:25.609+0000: 211651.594: [ParNew
Desired survivor size 8716288 bytes, new threshold 4 (max 6)
- age   1:    2890808 bytes,    2890808 total
- age   2:    1996864 bytes,    4887672 total
- age   3:    2162152 bytes,    7049824 total
- age   4:    2152976 bytes,    9202800 total
: 150000K->13362K(153344K), 0.0228940 secs] 400390K->265979K(1032896K), 0.0230470 secs] [Times: user=0.04 sys=0.00, real=0.02 secs] 
2014-03-06T16:59:50.055+0000: 211856.040: [GC2014-03-06T16:59:50.055+0000: 211856.040: [ParNew
Desired survivor size 8716288 bytes, new threshold 4 (max 6)
- age   1:    2564112 bytes,    2564112 total
- age   2:    2309664 bytes,    4873776 total
- age   3:    1985208 bytes,    6858984 total
- age   4:    2161840 bytes,    9020824 total
: 149682K->13368K(153344K), 0.0229040 secs] 402299K->268195K(1032896K), 0.0230600 secs] [Times: user=0.05 sys=0.00, real=0.02 secs] 
2014-03-06T17:02:23.731+0000: 212009.715: [GC2014-03-06T17:02:23.731+0000: 212009.715: [ParNew
Desired survivor size 8716288 bytes, new threshold 4 (max 6)
- age   1:    3487808 bytes,    3487808 total
- age   2:    1996984 bytes,    5484792 total
- age   3:    2293112 bytes,    7777904 total
- age   4:    1984528 bytes,    9762432 total
: 149688K->17024K(153344K), 0.0238550 secs] 404515K->274521K(1032896K), 0.0240220 secs] [Times: user=0.05 sys=0.00, real=0.03 secs] 
2014-03-06T17:04:57.774+0000: 212163.759: [GC2014-03-06T17:04:57.774+0000: 212163.759: [ParNew
Desired survivor size 8716288 bytes, new threshold 4 (max 6)
- age   1:    2534896 bytes,    2534896 total
- age   2:    3241904 bytes,    5776800 total
- age   3:    1932816 bytes,    7709616 total
- age   4:    2286616 bytes,    9996232 total
: 153344K->12065K(153344K), 0.0233740 secs] 410841K->271603K(1032896K), 0.0235500 secs] [Times: user=0.04 sys=0.00, real=0.02 secs] 
2014-03-06T17:08:12.920+0000: 212358.905: [GC2014-03-06T17:08:12.920+0000: 212358.905: [ParNew
Desired survivor size 8716288 bytes, new threshold 6 (max 6)
- age   1:    2567512 bytes,    2567512 total
- age   2:    1761184 bytes,    4328696 total
- age   3:    1402480 bytes,    5731176 total
- age   4:    1886456 bytes,    7617632 total
: 148385K->8631K(153344K), 0.0239940 secs] 407923K->270387K(1032896K), 0.0241990 secs] [Times: user=0.04 sys=0.00, real=0.03 secs] 
2014-03-06T17:11:00.206+0000: 212526.191: [GC2014-03-06T17:11:00.206+0000: 212526.191: [ParNew
Desired survivor size 8716288 bytes, new threshold 3 (max 6)
- age   1:    6707104 bytes,    6707104 total
- age   2:    1888384 bytes,    8595488 total
- age   3:    1535712 bytes,   10131200 total
- age   4:    1401960 bytes,   11533160 total
- age   5:    1885680 bytes,   13418840 total
: 144951K->15003K(153344K), 0.0234830 secs] 406707K->276759K(1032896K), 0.0236440 secs] [Times: user=0.05 sys=0.00, real=0.02 secs] 
2014-03-06T17:12:52.219+0000: 212638.204: [GC2014-03-06T17:12:52.219+0000: 212638.204: [ParNew
Desired survivor size 8716288 bytes, new threshold 1 (max 6)
- age   1:   11833960 bytes,   11833960 total
- age   2:    3562856 bytes,   15396816 total
- age   3:    1338672 bytes,   16735488 total
: 151323K->17024K(153344K), 0.0364270 secs] 413079K->286644K(1032896K), 0.0365990 secs] [Times: user=0.07 sys=0.00, real=0.04 secs] 
2014-03-06T17:16:25.925+0000: 212851.910: [GC2014-03-06T17:16:25.925+0000: 212851.910: [ParNew
Desired survivor size 8716288 bytes, new threshold 6 (max 6)
- age   1:    2337960 bytes,    2337960 total
: 153344K->15292K(153344K), 0.0239580 secs] 422964K->294353K(1032896K), 0.0241410 secs] [Times: user=0.05 sys=0.00, real=0.02 secs] 
2014-03-06T17:20:25.576+0000: 213091.560: [GC2014-03-06T17:20:25.576+0000: 213091.561: [ParNew
Desired survivor size 8716288 bytes, new threshold 6 (max 6)
- age   1:    2599352 bytes,    2599352 total
- age   2:    2046368 bytes,    4645720 total
: 151612K->6409K(153344K), 0.0119730 secs] 430673K->285469K(1032896K), 0.0121130 secs] [Times: user=0.03 sys=0.00, real=0.01 secs] 
2014-03-06T17:24:20.663+0000: 213326.648: [GC2014-03-06T17:24:20.663+0000: 213326.648: [ParNew
Desired survivor size 8716288 bytes, new threshold 6 (max 6)
- age   1:    2581952 bytes,    2581952 total
- age   2:    2264560 bytes,    4846512 total
- age   3:    2044128 bytes,    6890640 total
: 142729K->8847K(153344K), 0.0159100 secs] 421789K->287907K(1032896K), 0.0160540 secs] [Times: user=0.03 sys=0.00, real=0.01 secs] 
2014-03-06T17:27:53.667+0000: 213539.652: [GC2014-03-06T17:27:53.667+0000: 213539.652: [ParNew
Desired survivor size 8716288 bytes, new threshold 4 (max 6)
- age   1:    2578544 bytes,    2578544 total
- age   2:    2205336 bytes,    4783880 total
- age   3:    2253952 bytes,    7037832 total
- age   4:    1997288 bytes,    9035120 total
: 145167K->12286K(153344K), 0.0177620 secs] 424227K->291346K(1032896K), 0.0179090 secs] [Times: user=0.04 sys=0.00, real=0.02 secs] 
2014-03-06T17:31:30.523+0000: 213756.508: [GC2014-03-06T17:31:30.523+0000: 213756.508: [ParNew
Desired survivor size 8716288 bytes, new threshold 4 (max 6)
- age   1:    2481160 bytes,    2481160 total
- age   2:    1995368 bytes,    4476528 total
- age   3:    2203936 bytes,    6680464 total
- age   4:    2252576 bytes,    8933040 total
: 148606K->16072K(153344K), 0.0226650 secs] 427666K->297184K(1032896K), 0.0228080 secs] [Times: user=0.05 sys=0.00, real=0.02 secs] 
2014-03-06T17:34:30.989+0000: 213936.974: [GC2014-03-06T17:34:30.989+0000: 213936.974: [ParNew
Desired survivor size 8716288 bytes, new threshold 4 (max 6)
- age   1:    3454408 bytes,    3454408 total
- age   2:    2027584 bytes,    5481992 total
- age   3:    1937680 bytes,    7419672 total
- age   4:    2203704 bytes,    9623376 total
: 152392K->10561K(153344K), 0.0249740 secs] 433504K->293988K(1032896K), 0.0251540 secs] [Times: user=0.05 sys=0.00, real=0.03 secs] 
2014-03-06T17:37:25.432+0000: 214111.417: [GC2014-03-06T17:37:25.432+0000: 214111.417: [ParNew
Desired survivor size 8716288 bytes, new threshold 4 (max 6)
- age   1:    2331816 bytes,    2331816 total
- age   2:    2600840 bytes,    4932656 total
- age   3:    2024760 bytes,    6957416 total
- age   4:    1936288 bytes,    8893704 total
: 146881K->16500K(153344K), 0.0219770 secs] 430308K->302191K(1032896K), 0.0221680 secs] [Times: user=0.05 sys=0.00, real=0.03 secs] 
2014-03-06T17:41:17.347+0000: 214343.332: [GC2014-03-06T17:41:17.347+0000: 214343.332: [ParNew
Desired survivor size 8716288 bytes, new threshold 6 (max 6)
- age   1:    2875880 bytes,    2875880 total
- age   2:    1664024 bytes,    4539904 total
- age   3:    1665304 bytes,    6205208 total
- age   4:    2023664 bytes,    8228872 total
: 152820K->10647K(153344K), 0.0217160 secs] 438511K->298328K(1032896K), 0.0218680 secs] [Times: user=0.05 sys=0.00, real=0.02 secs] 
2014-03-06T17:45:00.872+0000: 214566.857: [GC2014-03-06T17:45:00.872+0000: 214566.857: [ParNew
Desired survivor size 8716288 bytes, new threshold 5 (max 6)
- age   1:    2378064 bytes,    2378064 total
- age   2:    2539064 bytes,    4917128 total
- age   3:    1653576 bytes,    6570704 total
- age   4:    1663032 bytes,    8233736 total
- age   5:    2023392 bytes,   10257128 total
: 146967K->14588K(153344K), 0.0196960 secs] 434648K->302269K(1032896K), 0.0198580 secs] [Times: user=0.03 sys=0.00, real=0.02 secs] 
2014-03-06T17:49:04.909+0000: 214810.894: [GC2014-03-06T17:49:04.909+0000: 214810.894: [ParNew
Desired survivor size 8716288 bytes, new threshold 4 (max 6)
- age   1:    2632344 bytes,    2632344 total
- age   2:    2047184 bytes,    4679528 total
- age   3:    2512984 bytes,    7192512 total
- age   4:    1607816 bytes,    8800328 total
- age   5:    1662456 bytes,   10462784 total
: 150908K->14248K(153344K), 0.0247750 secs] 438589K->304010K(1032896K), 0.0249570 secs] [Times: user=0.05 sys=0.00, real=0.03 secs] 
2014-03-06T17:53:10.423+0000: 215056.408: [GC2014-03-06T17:53:10.424+0000: 215056.408: [ParNew
Desired survivor size 8716288 bytes, new threshold 4 (max 6)
- age   1:    2592064 bytes,    2592064 total
- age   2:    2339792 bytes,    4931856 total
- age   3:    2046464 bytes,    6978320 total
- age   4:    2154544 bytes,    9132864 total
: 150568K->9724K(153344K), 0.0262240 secs] 440330K->302848K(1032896K), 0.0263830 secs] [Times: user=0.05 sys=0.00, real=0.02 secs] 
2014-03-06T17:57:05.091+0000: 215291.076: [GC2014-03-06T17:57:05.091+0000: 215291.076: [ParNew
Desired survivor size 8716288 bytes, new threshold 4 (max 6)
- age   1:    2531888 bytes,    2531888 total
- age   2:    2305064 bytes,    4836952 total
- age   3:    2293328 bytes,    7130280 total
- age   4:    2042776 bytes,    9173056 total
: 146044K->13676K(153344K), 0.0235520 secs] 439168K->309014K(1032896K), 0.0237270 secs] [Times: user=0.05 sys=0.00, real=0.03 secs] 
2014-03-06T18:00:45.619+0000: 215511.604: [GC2014-03-06T18:00:45.619+0000: 215511.604: [ParNew
Desired survivor size 8716288 bytes, new threshold 4 (max 6)
- age   1:    2644744 bytes,    2644744 total
- age   2:    2167200 bytes,    4811944 total
- age   3:    2304248 bytes,    7116192 total
- age   4:    2292328 bytes,    9408520 total
: 149996K->13450K(153344K), 0.0242670 secs] 445334K->310883K(1032896K), 0.0244170 secs] [Times: user=0.06 sys=0.00, real=0.03 secs] 
2014-03-06T18:04:51.219+0000: 215757.203: [GC2014-03-06T18:04:51.219+0000: 215757.203: [ParNew
Desired survivor size 8716288 bytes, new threshold 4 (max 6)
- age   1:    2662056 bytes,    2662056 total
- age   2:    2085184 bytes,    4747240 total
- age   3:    2156576 bytes,    6903816 total
- age   4:    2303968 bytes,    9207784 total
: 149770K->13559K(153344K), 0.0248060 secs] 447203K->313348K(1032896K), 0.0249600 secs] [Times: user=0.05 sys=0.00, real=0.03 secs] 
2014-03-06T18:08:45.335+0000: 215991.320: [GC2014-03-06T18:08:45.335+0000: 215991.320: [ParNew
Desired survivor size 8716288 bytes, new threshold 4 (max 6)
- age   1:    2808968 bytes,    2808968 total
- age   2:    2374192 bytes,    5183160 total
- age   3:    2036792 bytes,    7219952 total
- age   4:    2155976 bytes,    9375928 total
: 149879K->13524K(153344K), 0.0237690 secs] 449668K->315679K(1032896K), 0.0239210 secs] [Times: user=0.06 sys=0.00, real=0.02 secs] 
2014-03-06T18:12:50.615+0000: 216236.600: [GC2014-03-06T18:12:50.615+0000: 216236.600: [ParNew
Desired survivor size 8716288 bytes, new threshold 4 (max 6)
- age   1:    2502864 bytes,    2502864 total
- age   2:    2422544 bytes,    4925408 total
- age   3:    2372816 bytes,    7298224 total
- age   4:    2035568 bytes,    9333792 total
: 149844K->13552K(153344K), 0.0233560 secs] 451999K->317924K(1032896K), 0.0235210 secs] [Times: user=0.05 sys=0.00, real=0.02 secs] 
2014-03-06T18:16:56.605+0000: 216482.590: [GC2014-03-06T18:16:56.605+0000: 216482.590: [ParNew
Desired survivor size 8716288 bytes, new threshold 4 (max 6)
- age   1:    2633904 bytes,    2633904 total
- age   2:    2256536 bytes,    4890440 total
- age   3:    2358552 bytes,    7248992 total
- age   4:    2371624 bytes,    9620616 total
: 149872K->13797K(153344K), 0.0231850 secs] 454244K->320261K(1032896K), 0.0233280 secs] [Times: user=0.05 sys=0.00, real=0.02 secs] 
2014-03-06T18:20:55.916+0000: 216721.901: [GC2014-03-06T18:20:55.916+0000: 216721.901: [ParNew
Desired survivor size 8716288 bytes, new threshold 4 (max 6)
- age   1:    2563928 bytes,    2563928 total
- age   2:    2309704 bytes,    4873632 total
- age   3:    2255544 bytes,    7129176 total
- age   4:    2158576 bytes,    9287752 total
: 150117K->13732K(153344K), 0.0239800 secs] 456581K->322630K(1032896K), 0.0241340 secs] [Times: user=0.05 sys=0.00, real=0.02 secs] 
2014-03-06T18:24:55.909+0000: 216961.894: [GC2014-03-06T18:24:55.909+0000: 216961.894: [ParNew
Desired survivor size 8716288 bytes, new threshold 4 (max 6)
- age   1:    2569656 bytes,    2569656 total
- age   2:    2257432 bytes,    4827088 total
- age   3:    2298224 bytes,    7125312 total
- age   4:    2255096 bytes,    9380408 total
: 150052K->13580K(153344K), 0.0235730 secs] 458950K->324696K(1032896K), 0.0237170 secs] [Times: user=0.05 sys=0.00, real=0.02 secs] 
2014-03-06T18:28:49.930+0000: 217195.915: [GC2014-03-06T18:28:49.930+0000: 217195.915: [ParNew
Desired survivor size 8716288 bytes, new threshold 4 (max 6)
- age   1:    2899256 bytes,    2899256 total
- age   2:    2208888 bytes,    5108144 total
- age   3:    2243512 bytes,    7351656 total
- age   4:    2297752 bytes,    9649408 total
: 149900K->13638K(153344K), 0.0249690 secs] 461016K->327073K(1032896K), 0.0251200 secs] [Times: user=0.05 sys=0.00, real=0.03 secs] 
2014-03-06T18:32:50.033+0000: 217436.017: [GC2014-03-06T18:32:50.033+0000: 217436.017: [ParNew
Desired survivor size 8716288 bytes, new threshold 4 (max 6)
- age   1:    2579424 bytes,    2579424 total
- age   2:    2538720 bytes,    5118144 total
- age   3:    2207296 bytes,    7325440 total
- age   4:    2242696 bytes,    9568136 total
: 149958K->13965K(153344K), 0.0238370 secs] 463393K->329760K(1032896K), 0.0239900 secs] [Times: user=0.05 sys=0.00, real=0.03 secs] 
2014-03-06T18:36:57.628+0000: 217683.612: [GC2014-03-06T18:36:57.628+0000: 217683.613: [ParNew
Desired survivor size 8716288 bytes, new threshold 4 (max 6)
- age   1:    2637120 bytes,    2637120 total
- age   2:    2211744 bytes,    4848864 total
- age   3:    2537680 bytes,    7386544 total
- age   4:    2206848 bytes,    9593392 total
: 150285K->13924K(153344K), 0.0241790 secs] 466080K->332024K(1032896K), 0.0243200 secs] [Times: user=0.05 sys=0.00, real=0.02 secs] 
2014-03-06T18:40:54.404+0000: 217920.388: [GC2014-03-06T18:40:54.404+0000: 217920.388: [ParNew
Desired survivor size 8716288 bytes, new threshold 4 (max 6)
- age   1:    2763344 bytes,    2763344 total
- age   2:    2268528 bytes,    5031872 total
- age   3:    2209440 bytes,    7241312 total
- age   4:    2523736 bytes,    9765048 total
: 150244K->9756K(153344K), 0.0239420 secs] 468344K->330125K(1032896K), 0.0240860 secs] [Times: user=0.06 sys=0.00, real=0.02 secs] 
2014-03-06T18:44:52.118+0000: 218158.103: [GC2014-03-06T18:44:52.118+0000: 218158.103: [ParNew
Desired survivor size 8716288 bytes, new threshold 4 (max 6)
- age   1:    2589320 bytes,    2589320 total
- age   2:    2344592 bytes,    4933912 total
- age   3:    2256560 bytes,    7190472 total
- age   4:    2208128 bytes,    9398600 total
: 146076K->13758K(153344K), 0.0234130 secs] 466445K->336353K(1032896K), 0.0235690 secs] [Times: user=0.05 sys=0.00, real=0.02 secs] 
2014-03-06T18:48:55.849+0000: 218401.834: [GC2014-03-06T18:48:55.849+0000: 218401.834: [ParNew
Desired survivor size 8716288 bytes, new threshold 4 (max 6)
- age   1:    2569488 bytes,    2569488 total
- age   2:    2274664 bytes,    4844152 total
- age   3:    2221616 bytes,    7065768 total
- age   4:    2255944 bytes,    9321712 total
: 150078K->13693K(153344K), 0.0250080 secs] 472673K->338557K(1032896K), 0.0251800 secs] [Times: user=0.05 sys=0.00, real=0.03 secs] 
2014-03-06T18:52:47.523+0000: 218633.508: [GC2014-03-06T18:52:47.523+0000: 218633.508: [ParNew
Desired survivor size 8716288 bytes, new threshold 4 (max 6)
- age   1:    2533536 bytes,    2533536 total
- age   2:    2255208 bytes,    4788744 total
- age   3:    2273264 bytes,    7062008 total
- age   4:    2221216 bytes,    9283224 total
: 150013K->17024K(153344K), 0.0264170 secs] 474877K->344366K(1032896K), 0.0266060 secs] [Times: user=0.05 sys=0.00, real=0.02 secs] 
2014-03-06T18:56:54.270+0000: 218880.255: [GC2014-03-06T18:56:54.270+0000: 218880.255: [ParNew
Desired survivor size 8716288 bytes, new threshold 4 (max 6)
- age   1:    2614584 bytes,    2614584 total
- age   2:    2256984 bytes,    4871568 total
- age   3:    2254752 bytes,    7126320 total
- age   4:    2227056 bytes,    9353376 total
: 153344K->11410K(153344K), 0.0235370 secs] 480686K->341034K(1032896K), 0.0236880 secs] [Times: user=0.04 sys=0.00, real=0.02 secs] 
2014-03-06T19:01:00.607+0000: 219126.592: [GC2014-03-06T19:01:00.607+0000: 219126.592: [ParNew
Desired survivor size 8716288 bytes, new threshold 4 (max 6)
- age   1:    2601528 bytes,    2601528 total
- age   2:    2259040 bytes,    4860568 total
- age   3:    2255264 bytes,    7115832 total
- age   4:    2251952 bytes,    9367784 total
: 147730K->16480K(153344K), 0.0235580 secs] 477354K->348394K(1032896K), 0.0237170 secs] [Times: user=0.05 sys=0.00, real=0.02 secs] 
2014-03-06T19:05:10.832+0000: 219376.817: [GC2014-03-06T19:05:10.832+0000: 219376.817: [ParNew
Desired survivor size 8716288 bytes, new threshold 4 (max 6)
- age   1:    2622272 bytes,    2622272 total
- age   2:    2322912 bytes,    4945184 total
- age   3:    2258072 bytes,    7203256 total
- age   4:    2251640 bytes,    9454896 total
: 152800K->11070K(153344K), 0.0241570 secs] 484714K->345296K(1032896K), 0.0243240 secs] [Times: user=0.05 sys=0.00, real=0.03 secs] 
2014-03-06T19:09:10.303+0000: 219616.287: [GC2014-03-06T19:09:10.303+0000: 219616.288: [ParNew
Desired survivor size 8716288 bytes, new threshold 4 (max 6)
- age   1:    2563000 bytes,    2563000 total
- age   2:    2342656 bytes,    4905656 total
- age   3:    2275760 bytes,    7181416 total
- age   4:    2257720 bytes,    9439136 total
: 147390K->16384K(153344K), 0.0233610 secs] 481616K->352802K(1032896K), 0.0235310 secs] [Times: user=0.05 sys=0.00, real=0.02 secs] 
2014-03-06T19:13:10.916+0000: 219856.901: [GC2014-03-06T19:13:10.916+0000: 219856.901: [ParNew
Desired survivor size 8716288 bytes, new threshold 4 (max 6)
- age   1:    2528024 bytes,    2528024 total
- age   2:    2243752 bytes,    4771776 total
- age   3:    2341848 bytes,    7113624 total
- age   4:    2273960 bytes,    9387584 total
: 152704K->10995K(153344K), 0.0238640 secs] 489122K->349735K(1032896K), 0.0240420 secs] [Times: user=0.05 sys=0.00, real=0.02 secs] 
2014-03-06T19:17:00.800+0000: 220086.785: [GC2014-03-06T19:17:00.800+0000: 220086.785: [ParNew
Desired survivor size 8716288 bytes, new threshold 4 (max 6)
- age   1:    2711240 bytes,    2711240 total
- age   2:    2261376 bytes,    4972616 total
- age   3:    2241992 bytes,    7214608 total
- age   4:    2341472 bytes,    9556080 total
: 147315K->16458K(153344K), 0.0237490 secs] 486055K->357535K(1032896K), 0.0239230 secs] [Times: user=0.05 sys=0.00, real=0.03 secs] 
2014-03-06T19:21:13.533+0000: 220339.518: [GC2014-03-06T19:21:13.533+0000: 220339.518: [ParNew
Desired survivor size 8716288 bytes, new threshold 4 (max 6)
- age   1:    2596048 bytes,    2596048 total
- age   2:    2239464 bytes,    4835512 total
- age   3:    2252504 bytes,    7088016 total
- age   4:    2241688 bytes,    9329704 total
: 152778K->11029K(153344K), 0.0237610 secs] 493855K->354513K(1032896K), 0.0239450 secs] [Times: user=0.05 sys=0.00, real=0.03 secs] 
2014-03-06T19:25:15.058+0000: 220581.043: [GC2014-03-06T19:25:15.059+0000: 220581.043: [ParNew
Desired survivor size 8716288 bytes, new threshold 4 (max 6)
- age   1:    2595312 bytes,    2595312 total
- age   2:    2305024 bytes,    4900336 total
- age   3:    2235584 bytes,    7135920 total
- age   4:    2250896 bytes,    9386816 total
: 147349K->16513K(153344K), 0.0237040 secs] 490833K->362300K(1032896K), 0.0238580 secs] [Times: user=0.05 sys=0.00, real=0.03 secs] 
2014-03-06T19:29:15.567+0000: 220821.552: [GC2014-03-06T19:29:15.567+0000: 220821.552: [ParNew
Desired survivor size 8716288 bytes, new threshold 4 (max 6)
- age   1:    2642512 bytes,    2642512 total
- age   2:    2295984 bytes,    4938496 total
- age   3:    2304192 bytes,    7242688 total
- age   4:    2116352 bytes,    9359040 total
: 152833K->10881K(153344K), 0.0234050 secs] 498620K->358935K(1032896K), 0.0235600 secs] [Times: user=0.05 sys=0.00, real=0.02 secs] 
2014-03-06T19:33:10.626+0000: 221056.611: [GC2014-03-06T19:33:10.626+0000: 221056.611: [ParNew
Desired survivor size 8716288 bytes, new threshold 4 (max 6)
- age   1:    2668728 bytes,    2668728 total
- age   2:    2210048 bytes,    4878776 total
- age   3:    2284760 bytes,    7163536 total
- age   4:    2303792 bytes,    9467328 total
: 147201K->16349K(153344K), 0.0236140 secs] 495255K->366578K(1032896K), 0.0237750 secs] [Times: user=0.05 sys=0.00, real=0.02 secs] 
2014-03-06T19:37:04.133+0000: 221290.117: [GC2014-03-06T19:37:04.133+0000: 221290.117: [ParNew
Desired survivor size 8716288 bytes, new threshold 4 (max 6)
- age   1:    2609120 bytes,    2609120 total
- age   2:    2277608 bytes,    4886728 total
- age   3:    2208424 bytes,    7095152 total
- age   4:    2283512 bytes,    9378664 total
: 152669K->11035K(153344K), 0.0240630 secs] 502898K->363633K(1032896K), 0.0242250 secs] [Times: user=0.05 sys=0.00, real=0.03 secs] 
2014-03-06T19:41:15.809+0000: 221541.794: [GC2014-03-06T19:41:15.809+0000: 221541.794: [ParNew
Desired survivor size 8716288 bytes, new threshold 4 (max 6)
- age   1:    2627880 bytes,    2627880 total
- age   2:    2153544 bytes,    4781424 total
- age   3:    2203864 bytes,    6985288 total
- age   4:    2208072 bytes,    9193360 total
: 147355K->16265K(153344K), 0.0239420 secs] 499953K->371210K(1032896K), 0.0241020 secs] [Times: user=0.05 sys=0.00, real=0.02 secs] 
2014-03-06T19:44:49.909+0000: 221755.894: [GC2014-03-06T19:44:49.909+0000: 221755.894: [ParNew
Desired survivor size 8716288 bytes, new threshold 4 (max 6)
- age   1:    3652984 bytes,    3652984 total
- age   2:    2328960 bytes,    5981944 total
- age   3:    2135856 bytes,    8117800 total
- age   4:    2202504 bytes,   10320304 total
: 152585K->10909K(153344K), 0.0259450 secs] 507530K->368124K(1032896K), 0.0261130 secs] [Times: user=0.05 sys=0.00, real=0.03 secs] 
2014-03-06T19:48:28.985+0000: 221974.970: [GC2014-03-06T19:48:28.985+0000: 221974.970: [ParNew
Desired survivor size 8716288 bytes, new threshold 4 (max 6)
- age   1:    2169736 bytes,    2169736 total
- age   2:    3307040 bytes,    5476776 total
- age   3:    2328088 bytes,    7804864 total
- age   4:    2135200 bytes,    9940064 total
: 147229K->17024K(153344K), 0.0234650 secs] 504444K->376649K(1032896K), 0.0236070 secs] [Times: user=0.05 sys=0.00, real=0.02 secs] 
2014-03-06T19:52:20.733+0000: 222206.717: [GC2014-03-06T19:52:20.733+0000: 222206.717: [ParNew
Desired survivor size 8716288 bytes, new threshold 4 (max 6)
- age   1:    2436128 bytes,    2436128 total
- age   2:    2047088 bytes,    4483216 total
- age   3:    2075888 bytes,    6559104 total
- age   4:    2326912 bytes,    8886016 total
: 153344K->11795K(153344K), 0.0233200 secs] 512969K->373615K(1032896K), 0.0234910 secs] [Times: user=0.05 sys=0.00, real=0.03 secs] 
2014-03-06T19:56:31.655+0000: 222457.640: [GC2014-03-06T19:56:31.655+0000: 222457.640: [ParNew
Desired survivor size 8716288 bytes, new threshold 4 (max 6)
- age   1:    2657088 bytes,    2657088 total
- age   2:    2128168 bytes,    4785256 total
- age   3:    2046680 bytes,    6831936 total
- age   4:    2029768 bytes,    8861704 total
: 148115K->15808K(153344K), 0.0231350 secs] 509935K->380020K(1032896K), 0.0232990 secs] [Times: user=0.05 sys=0.00, real=0.02 secs] 
2014-03-06T20:00:38.535+0000: 222704.520: [GC2014-03-06T20:00:38.535+0000: 222704.520: [ParNew
Desired survivor size 8716288 bytes, new threshold 4 (max 6)
- age   1:    2639720 bytes,    2639720 total
- age   2:    2379048 bytes,    5018768 total
- age   3:    2126704 bytes,    7145472 total
- age   4:    2046312 bytes,    9191784 total
: 152128K->10458K(153344K), 0.0244590 secs] 516340K->376751K(1032896K), 0.0246350 secs] [Times: user=0.05 sys=0.00, real=0.02 secs] 
2014-03-06T20:04:49.164+0000: 222955.149: [GC2014-03-06T20:04:49.165+0000: 222955.149: [ParNew
Desired survivor size 8716288 bytes, new threshold 4 (max 6)
- age   1:    2605192 bytes,    2605192 total
- age   2:    2305136 bytes,    4910328 total
- age   3:    2378024 bytes,    7288352 total
- age   4:    2126416 bytes,    9414768 total
: 146778K->15980K(153344K), 0.0230870 secs] 513071K->384375K(1032896K), 0.0232390 secs] [Times: user=0.05 sys=0.00, real=0.02 secs] 
2014-03-06T20:08:55.265+0000: 223201.250: [GC2014-03-06T20:08:55.265+0000: 223201.250: [ParNew
Desired survivor size 8716288 bytes, new threshold 4 (max 6)
- age   1:    2655952 bytes,    2655952 total
- age   2:    2305640 bytes,    4961592 total
- age   3:    2298704 bytes,    7260296 total
- age   4:    2376848 bytes,    9637144 total
: 152300K->13648K(153344K), 0.0237900 secs] 520695K->384229K(1032896K), 0.0239450 secs] [Times: user=0.06 sys=0.00, real=0.02 secs] 
2014-03-06T20:11:48.538+0000: 223374.523: [GC2014-03-06T20:11:48.539+0000: 223374.523: [ParNew
Desired survivor size 8716288 bytes, new threshold 3 (max 6)
- age   1:    4446536 bytes,    4446536 total
- age   2:    2360976 bytes,    6807512 total
- age   3:    2304728 bytes,    9112240 total
- age   4:    2298360 bytes,   11410600 total
: 149968K->16893K(153344K), 0.0254270 secs] 520549K->389876K(1032896K), 0.0255780 secs] [Times: user=0.06 sys=0.00, real=0.03 secs] 
2014-03-06T20:14:15.522+0000: 223521.506: [GC2014-03-06T20:14:15.522+0000: 223521.506: [ParNew
Desired survivor size 8716288 bytes, new threshold 6 (max 6)
- age   1:    2556544 bytes,    2556544 total
- age   2:    3212112 bytes,    5768656 total
- age   3:    2305536 bytes,    8074192 total
: 153213K->10568K(153344K), 0.0258290 secs] 526196K->388283K(1032896K), 0.0259850 secs] [Times: user=0.05 sys=0.00, real=0.03 secs] 
2014-03-06T20:18:20.599+0000: 223766.584: [GC2014-03-06T20:18:20.599+0000: 223766.584: [ParNew
Desired survivor size 8716288 bytes, new threshold 6 (max 6)
- age   1:    2580376 bytes,    2580376 total
- age   2:    1371976 bytes,    3952352 total
- age   3:    1948832 bytes,    5901184 total
- age   4:    2304480 bytes,    8205664 total
: 146888K->8296K(153344K), 0.0167190 secs] 524603K->386012K(1032896K), 0.0168700 secs] [Times: user=0.04 sys=0.00, real=0.02 secs] 
2014-03-06T20:22:20.377+0000: 224006.362: [GC2014-03-06T20:22:20.377+0000: 224006.362: [ParNew
Desired survivor size 8716288 bytes, new threshold 5 (max 6)
- age   1:    2539336 bytes,    2539336 total
- age   2:    2259064 bytes,    4798400 total
- age   3:    1371384 bytes,    6169784 total
- age   4:    1936248 bytes,    8106032 total
- age   5:    2303496 bytes,   10409528 total
: 144616K->16442K(153344K), 0.0195590 secs] 522332K->394158K(1032896K), 0.0197100 secs] [Times: user=0.04 sys=0.00, real=0.02 secs] 
2014-03-06T20:26:05.395+0000: 224231.380: [GC2014-03-06T20:26:05.395+0000: 224231.380: [ParNew
Desired survivor size 8716288 bytes, new threshold 5 (max 6)
- age   1:    2641608 bytes,    2641608 total
- age   2:    2269984 bytes,    4911592 total
- age   3:    2257768 bytes,    7169360 total
- age   4:    1367896 bytes,    8537256 total
- age   5:    1577960 bytes,   10115216 total
: 152762K->17024K(153344K), 0.0251430 secs] 530478K->397303K(1032896K), 0.0253280 secs] [Times: user=0.05 sys=0.00, real=0.02 secs] 
2014-03-06T20:29:54.384+0000: 224460.369: [GC2014-03-06T20:29:54.384+0000: 224460.369: [ParNew
Desired survivor size 8716288 bytes, new threshold 4 (max 6)
- age   1:    2624872 bytes,    2624872 total
- age   2:    2494064 bytes,    5118936 total
- age   3:    2213232 bytes,    7332168 total
- age   4:    2256608 bytes,    9588776 total
- age   5:    1366888 bytes,   10955664 total
: 153344K->12226K(153344K), 0.0241140 secs] 533623K->394128K(1032896K), 0.0242710 secs] [Times: user=0.05 sys=0.00, real=0.02 secs] 
2014-03-06T20:33:55.594+0000: 224701.579: [GC2014-03-06T20:33:55.594+0000: 224701.579: [ParNew
Desired survivor size 8716288 bytes, new threshold 4 (max 6)
- age   1:    2586160 bytes,    2586160 total
- age   2:    2115776 bytes,    4701936 total
- age   3:    2492448 bytes,    7194384 total
- age   4:    2212376 bytes,    9406760 total
: 148546K->9528K(153344K), 0.0270350 secs] 530448K->395155K(1032896K), 0.0272040 secs] [Times: user=0.06 sys=0.00, real=0.02 secs] 
2014-03-06T20:37:58.978+0000: 224944.963: [GC2014-03-06T20:37:58.978+0000: 224944.963: [ParNew
Desired survivor size 8716288 bytes, new threshold 4 (max 6)
- age   1:    2603088 bytes,    2603088 total
- age   2:    2215224 bytes,    4818312 total
- age   3:    2113136 bytes,    6931448 total
- age   4:    2474352 bytes,    9405800 total
: 145848K->13852K(153344K), 0.0233970 secs] 531475K->401754K(1032896K), 0.0235650 secs] [Times: user=0.05 sys=0.00, real=0.02 secs] 
2014-03-06T20:42:05.586+0000: 225191.571: [GC2014-03-06T20:42:05.586+0000: 225191.571: [ParNew
Desired survivor size 8716288 bytes, new threshold 4 (max 6)
- age   1:    2531560 bytes,    2531560 total
- age   2:    2347744 bytes,    4879304 total
- age   3:    2213696 bytes,    7093000 total
- age   4:    2112832 bytes,    9205832 total
: 150172K->13682K(153344K), 0.0235770 secs] 538074K->404073K(1032896K), 0.0237460 secs] [Times: user=0.04 sys=0.00, real=0.02 secs] 
2014-03-06T20:46:11.916+0000: 225437.901: [GC2014-03-06T20:46:11.916+0000: 225437.901: [ParNew
Desired survivor size 8716288 bytes, new threshold 4 (max 6)
- age   1:    2591600 bytes,    2591600 total
- age   2:    2253776 bytes,    4845376 total
- age   3:    2301128 bytes,    7146504 total
- age   4:    2213184 bytes,    9359688 total
: 150002K->13497K(153344K), 0.0232840 secs] 540393K->406058K(1032896K), 0.0234480 secs] [Times: user=0.05 sys=0.00, real=0.02 secs] 
2014-03-06T20:50:19.511+0000: 225685.496: [GC2014-03-06T20:50:19.511+0000: 225685.496: [ParNew
Desired survivor size 8716288 bytes, new threshold 4 (max 6)
- age   1:    2664720 bytes,    2664720 total
- age   2:    2262120 bytes,    4926840 total
- age   3:    2253448 bytes,    7180288 total
- age   4:    2299104 bytes,    9479392 total
: 149817K->13656K(153344K), 0.0234640 secs] 542378K->408494K(1032896K), 0.0236270 secs] [Times: user=0.05 sys=0.00, real=0.03 secs] 
2014-03-06T20:54:30.267+0000: 225936.252: [GC2014-03-06T20:54:30.267+0000: 225936.252: [ParNew
Desired survivor size 8716288 bytes, new threshold 4 (max 6)
- age   1:    2593040 bytes,    2593040 total
- age   2:    2384872 bytes,    4977912 total
- age   3:    2261048 bytes,    7238960 total
- age   4:    2252760 bytes,    9491720 total
: 149976K->13702K(153344K), 0.0242890 secs] 544814K->410863K(1032896K), 0.0244520 secs] [Times: user=0.04 sys=0.00, real=0.02 secs] 
2014-03-06T20:58:43.044+0000: 226189.029: [GC2014-03-06T20:58:43.044+0000: 226189.029: [ParNew
Desired survivor size 8716288 bytes, new threshold 4 (max 6)
- age   1:    2599808 bytes,    2599808 total
- age   2:    2338832 bytes,    4938640 total
- age   3:    2383768 bytes,    7322408 total
- age   4:    2260456 bytes,    9582864 total
: 150022K->13858K(153344K), 0.0237680 secs] 547183K->413335K(1032896K), 0.0239150 secs] [Times: user=0.05 sys=0.00, real=0.02 secs] 
2014-03-06T21:02:44.991+0000: 226430.975: [GC2014-03-06T21:02:44.991+0000: 226430.976: [ParNew
Desired survivor size 8716288 bytes, new threshold 4 (max 6)
- age   1:    2557008 bytes,    2557008 total
- age   2:    2345888 bytes,    4902896 total
- age   3:    2338064 bytes,    7240960 total
- age   4:    2341392 bytes,    9582352 total
: 150178K->13950K(153344K), 0.0248840 secs] 549655K->415750K(1032896K), 0.0250550 secs] [Times: user=0.04 sys=0.00, real=0.03 secs] 
2014-03-06T21:06:47.166+0000: 226673.151: [GC2014-03-06T21:06:47.166+0000: 226673.151: [ParNew
Desired survivor size 8716288 bytes, new threshold 4 (max 6)
- age   1:    2515984 bytes,    2515984 total
- age   2:    2264384 bytes,    4780368 total
- age   3:    2345496 bytes,    7125864 total
- age   4:    2337632 bytes,    9463496 total
: 150270K->13941K(153344K), 0.0237830 secs] 552070K->418101K(1032896K), 0.0239430 secs] [Times: user=0.05 sys=0.00, real=0.02 secs] 
2014-03-06T21:10:41.273+0000: 226907.257: [GC2014-03-06T21:10:41.273+0000: 226907.257: [ParNew
Desired survivor size 8716288 bytes, new threshold 4 (max 6)
- age   1:    2604696 bytes,    2604696 total
- age   2:    2208584 bytes,    4813280 total
- age   3:    2252704 bytes,    7065984 total
- age   4:    2344416 bytes,    9410400 total
: 150261K->13923K(153344K), 0.0238980 secs] 554421K->420485K(1032896K), 0.0240460 secs] [Times: user=0.05 sys=0.00, real=0.03 secs] 
2014-03-06T21:14:42.892+0000: 227148.877: [GC2014-03-06T21:14:42.893+0000: 227148.877: [ParNew
Desired survivor size 8716288 bytes, new threshold 4 (max 6)
- age   1:    2568064 bytes,    2568064 total
- age   2:    2249928 bytes,    4817992 total
- age   3:    2207080 bytes,    7025072 total
- age   4:    2251960 bytes,    9277032 total
: 150243K->13675K(153344K), 0.0238530 secs] 556805K->422607K(1032896K), 0.0240090 secs] [Times: user=0.05 sys=0.00, real=0.03 secs] 
2014-03-06T21:18:28.592+0000: 227374.577: [GC2014-03-06T21:18:28.592+0000: 227374.577: [ParNew
Desired survivor size 8716288 bytes, new threshold 4 (max 6)
- age   1:    2683608 bytes,    2683608 total
- age   2:    2244568 bytes,    4928176 total
- age   3:    2203424 bytes,    7131600 total
- age   4:    2206664 bytes,    9338264 total
: 149995K->13641K(153344K), 0.0236590 secs] 558927K->424888K(1032896K), 0.0238040 secs] [Times: user=0.05 sys=0.00, real=0.03 secs] 
2014-03-06T21:22:29.848+0000: 227615.833: [GC2014-03-06T21:22:29.848+0000: 227615.833: [ParNew
Desired survivor size 8716288 bytes, new threshold 4 (max 6)
- age   1:    2546784 bytes,    2546784 total
- age   2:    2137456 bytes,    4684240 total
- age   3:    2235288 bytes,    6919528 total
- age   4:    2201152 bytes,    9120680 total
: 149961K->13531K(153344K), 0.0231400 secs] 561208K->427047K(1032896K), 0.0233020 secs] [Times: user=0.05 sys=0.00, real=0.02 secs] 
2014-03-06T21:26:39.012+0000: 227864.997: [GC2014-03-06T21:26:39.012+0000: 227864.997: [ParNew
Desired survivor size 8716288 bytes, new threshold 4 (max 6)
- age   1:    2497216 bytes,    2497216 total
- age   2:    2260808 bytes,    4758024 total
- age   3:    2126528 bytes,    6884552 total
- age   4:    2234760 bytes,    9119312 total
: 149851K->17024K(153344K), 0.0234050 secs] 563367K->432868K(1032896K), 0.0235640 secs] [Times: user=0.05 sys=0.00, real=0.03 secs] 
2014-03-06T21:30:39.737+0000: 228105.722: [GC2014-03-06T21:30:39.737+0000: 228105.722: [ParNew
Desired survivor size 8716288 bytes, new threshold 4 (max 6)
- age   1:    2686872 bytes,    2686872 total
- age   2:    2320048 bytes,    5006920 total
- age   3:    2259600 bytes,    7266520 total
- age   4:    2079960 bytes,    9346480 total
: 153344K->13963K(153344K), 0.0235110 secs] 569188K->432104K(1032896K), 0.0236650 secs] [Times: user=0.05 sys=0.00, real=0.02 secs] 
2014-03-06T21:34:39.119+0000: 228345.104: [GC2014-03-06T21:34:39.119+0000: 228345.104: [ParNew
Desired survivor size 8716288 bytes, new threshold 4 (max 6)
- age   1:    2588064 bytes,    2588064 total
- age   2:    2305104 bytes,    4893168 total
- age   3:    2319088 bytes,    7212256 total
- age   4:    2258664 bytes,    9470920 total
: 150283K->16408K(153344K), 0.0232390 secs] 568424K->436686K(1032896K), 0.0233950 secs] [Times: user=0.04 sys=0.00, real=0.03 secs] 
2014-03-06T21:38:38.115+0000: 228584.100: [GC2014-03-06T21:38:38.116+0000: 228584.100: [ParNew
Desired survivor size 8716288 bytes, new threshold 4 (max 6)
- age   1:    2633472 bytes,    2633472 total
- age   2:    2221152 bytes,    4854624 total
- age   3:    2303976 bytes,    7158600 total
- age   4:    2318480 bytes,    9477080 total
: 152728K->11069K(153344K), 0.0250830 secs] 573006K->433668K(1032896K), 0.0252480 secs] [Times: user=0.04 sys=0.00, real=0.02 secs] 
2014-03-06T21:42:45.075+0000: 228831.060: [GC2014-03-06T21:42:45.075+0000: 228831.060: [ParNew
Desired survivor size 8716288 bytes, new threshold 4 (max 6)
- age   1:    2602280 bytes,    2602280 total
- age   2:    2208528 bytes,    4810808 total
- age   3:    2209656 bytes,    7020464 total
- age   4:    2301056 bytes,    9321520 total
: 147389K->12455K(153344K), 0.0236740 secs] 569988K->437434K(1032896K), 0.0238290 secs] [Times: user=0.05 sys=0.00, real=0.02 secs] 
2014-03-06T21:46:46.931+0000: 229072.916: [GC2014-03-06T21:46:46.931+0000: 229072.916: [ParNew
Desired survivor size 8716288 bytes, new threshold 4 (max 6)
- age   1:    2447496 bytes,    2447496 total
- age   2:    2353640 bytes,    4801136 total
- age   3:    2206632 bytes,    7007768 total
- age   4:    2208856 bytes,    9216624 total
: 148775K->17024K(153344K), 0.0237140 secs] 573754K->444413K(1032896K), 0.0238610 secs] [Times: user=0.05 sys=0.00, real=0.03 secs] 
2014-03-06T21:50:52.236+0000: 229318.221: [GC2014-03-06T21:50:52.236+0000: 229318.221: [ParNew
Desired survivor size 8716288 bytes, new threshold 4 (max 6)
- age   1:    2624968 bytes,    2624968 total
- age   2:    2219712 bytes,    4844680 total
- age   3:    2351272 bytes,    7195952 total
- age   4:    2204808 bytes,    9400760 total
: 153344K->11283K(153344K), 0.0234360 secs] 580733K->440943K(1032896K), 0.0235810 secs] [Times: user=0.05 sys=0.00, real=0.02 secs] 
2014-03-06T21:54:59.537+0000: 229565.521: [GC2014-03-06T21:54:59.537+0000: 229565.521: [ParNew
Desired survivor size 8716288 bytes, new threshold 4 (max 6)
- age   1:    2554112 bytes,    2554112 total
- age   2:    2335080 bytes,    4889192 total
- age   3:    2214864 bytes,    7104056 total
- age   4:    2311408 bytes,    9415464 total
: 147603K->16418K(153344K), 0.0246290 secs] 577263K->448345K(1032896K), 0.0247790 secs] [Times: user=0.05 sys=0.00, real=0.02 secs] 
2014-03-06T21:58:58.024+0000: 229804.009: [GC2014-03-06T21:58:58.024+0000: 229804.009: [ParNew
Desired survivor size 8716288 bytes, new threshold 4 (max 6)
- age   1:    2558864 bytes,    2558864 total
- age   2:    2297216 bytes,    4856080 total
- age   3:    2333776 bytes,    7189856 total
- age   4:    2214152 bytes,    9404008 total
: 152738K->11021K(153344K), 0.0235290 secs] 584665K->445278K(1032896K), 0.0236810 secs] [Times: user=0.05 sys=0.00, real=0.02 secs] 
2014-03-06T22:03:00.527+0000: 230046.512: [GC2014-03-06T22:03:00.527+0000: 230046.512: [ParNew
Desired survivor size 8716288 bytes, new threshold 4 (max 6)
- age   1:    2600480 bytes,    2600480 total
- age   2:    2217032 bytes,    4817512 total
- age   3:    2296096 bytes,    7113608 total
- age   4:    2332720 bytes,    9446328 total
: 147341K->16436K(153344K), 0.0238320 secs] 581598K->452969K(1032896K), 0.0239860 secs] [Times: user=0.05 sys=0.00, real=0.02 secs] 
2014-03-06T22:07:11.397+0000: 230297.382: [GC2014-03-06T22:07:11.398+0000: 230297.382: [ParNew
Desired survivor size 8716288 bytes, new threshold 4 (max 6)
- age   1:    2601368 bytes,    2601368 total
- age   2:    2299568 bytes,    4900936 total
- age   3:    2170816 bytes,    7071752 total
- age   4:    2295480 bytes,    9367232 total
: 152756K->10961K(153344K), 0.0240720 secs] 589289K->449850K(1032896K), 0.0242360 secs] [Times: user=0.05 sys=0.00, real=0.02 secs] 
2014-03-06T22:11:06.381+0000: 230532.366: [GC2014-03-06T22:11:06.381+0000: 230532.366: [ParNew
Desired survivor size 8716288 bytes, new threshold 4 (max 6)
- age   1:    2607128 bytes,    2607128 total
- age   2:    2299928 bytes,    4907056 total
- age   3:    2293064 bytes,    7200120 total
- age   4:    2168832 bytes,    9368952 total
: 147281K->12436K(153344K), 0.0239480 secs] 586170K->453686K(1032896K), 0.0241370 secs] [Times: user=0.05 sys=0.00, real=0.03 secs] 
2014-03-06T22:15:05.377+0000: 230771.362: [GC2014-03-06T22:15:05.377+0000: 230771.362: [ParNew
Desired survivor size 8716288 bytes, new threshold 4 (max 6)
- age   1:    2495424 bytes,    2495424 total
- age   2:    2253040 bytes,    4748464 total
- age   3:    2298992 bytes,    7047456 total
- age   4:    2252680 bytes,    9300136 total
: 148756K->13246K(153344K), 0.0233320 secs] 590006K->456725K(1032896K), 0.0234990 secs] [Times: user=0.05 sys=0.00, real=0.02 secs] 
2014-03-06T22:19:06.088+0000: 231012.072: [GC2014-03-06T22:19:06.088+0000: 231012.072: [ParNew
Desired survivor size 8716288 bytes, new threshold 4 (max 6)
- age   1:    2530080 bytes,    2530080 total
- age   2:    2208304 bytes,    4738384 total
- age   3:    2241664 bytes,    6980048 total
- age   4:    2298592 bytes,    9278640 total
: 149566K->13467K(153344K), 0.0238110 secs] 593045K->459262K(1032896K), 0.0239770 secs] [Times: user=0.05 sys=0.00, real=0.02 secs] 
2014-03-06T22:23:06.793+0000: 231252.778: [GC2014-03-06T22:23:06.793+0000: 231252.778: [ParNew
Desired survivor size 8716288 bytes, new threshold 4 (max 6)
- age   1:    2739904 bytes,    2739904 total
- age   2:    2212912 bytes,    4952816 total
- age   3:    2206344 bytes,    7159160 total
- age   4:    2194824 bytes,    9353984 total
: 149787K->13562K(153344K), 0.0239980 secs] 595582K->461720K(1032896K), 0.0241640 secs] [Times: user=0.05 sys=0.00, real=0.03 secs] 
2014-03-06T22:27:15.297+0000: 231501.281: [GC2014-03-06T22:27:15.297+0000: 231501.282: [ParNew
Desired survivor size 8716288 bytes, new threshold 4 (max 6)
- age   1:    2622160 bytes,    2622160 total
- age   2:    2301648 bytes,    4923808 total
- age   3:    2211816 bytes,    7135624 total
- age   4:    2205920 bytes,    9341544 total
: 149882K->13521K(153344K), 0.0232220 secs] 598040K->463895K(1032896K), 0.0233790 secs] [Times: user=0.05 sys=0.00, real=0.02 secs] 
2014-03-06T22:31:27.027+0000: 231753.012: [GC2014-03-06T22:31:27.027+0000: 231753.012: [ParNew
Desired survivor size 8716288 bytes, new threshold 4 (max 6)
- age   1:    2553560 bytes,    2553560 total
- age   2:    2349000 bytes,    4902560 total
- age   3:    2289968 bytes,    7192528 total
- age   4:    2211416 bytes,    9403944 total
: 149841K->13586K(153344K), 0.0233290 secs] 600215K->466228K(1032896K), 0.0234790 secs] [Times: user=0.05 sys=0.00, real=0.02 secs] 
2014-03-06T22:35:26.985+0000: 231992.970: [GC2014-03-06T22:35:26.985+0000: 231992.970: [ParNew
Desired survivor size 8716288 bytes, new threshold 4 (max 6)
- age   1:    3009752 bytes,    3009752 total
- age   2:    2309352 bytes,    5319104 total
- age   3:    2299800 bytes,    7618904 total
- age   4:    2287816 bytes,    9906720 total
: 149906K->13786K(153344K), 0.0241260 secs] 602548K->468701K(1032896K), 0.0242710 secs] [Times: user=0.05 sys=0.00, real=0.02 secs] 
2014-03-06T22:39:29.498+0000: 232235.482: [GC2014-03-06T22:39:29.498+0000: 232235.482: [ParNew
Desired survivor size 8716288 bytes, new threshold 4 (max 6)
- age   1:    2530120 bytes,    2530120 total
- age   2:    2696512 bytes,    5226632 total
- age   3:    2308816 bytes,    7535448 total
- age   4:    2298528 bytes,    9833976 total
: 150106K->14208K(153344K), 0.0240370 secs] 605021K->471433K(1032896K), 0.0241970 secs] [Times: user=0.05 sys=0.00, real=0.02 secs] 
2014-03-06T22:43:33.598+0000: 232479.583: [GC2014-03-06T22:43:33.598+0000: 232479.583: [ParNew
Desired survivor size 8716288 bytes, new threshold 4 (max 6)
- age   1:    2554264 bytes,    2554264 total
- age   2:    2239208 bytes,    4793472 total
- age   3:    2649864 bytes,    7443336 total
- age   4:    2308344 bytes,    9751680 total
: 150528K->14296K(153344K), 0.0251810 secs] 607753K->473883K(1032896K), 0.0253240 secs] [Times: user=0.05 sys=0.00, real=0.03 secs] 
2014-03-06T22:47:40.183+0000: 232726.168: [GC2014-03-06T22:47:40.183+0000: 232726.168: [ParNew
Desired survivor size 8716288 bytes, new threshold 4 (max 6)
- age   1:    2607736 bytes,    2607736 total
- age   2:    2218008 bytes,    4825744 total
- age   3:    2228288 bytes,    7054032 total
- age   4:    2624648 bytes,    9678680 total
: 150616K->14614K(153344K), 0.0242040 secs] 610203K->476574K(1032896K), 0.0243760 secs] [Times: user=0.05 sys=0.00, real=0.02 secs] 
2014-03-06T22:51:41.748+0000: 232967.733: [GC2014-03-06T22:51:41.748+0000: 232967.733: [ParNew
Desired survivor size 8716288 bytes, new threshold 4 (max 6)
- age   1:    2639656 bytes,    2639656 total
- age   2:    2332544 bytes,    4972200 total
- age   3:    2214888 bytes,    7187088 total
- age   4:    2227472 bytes,    9414560 total
: 150934K->13739K(153344K), 0.0254810 secs] 612894K->477989K(1032896K), 0.0256410 secs] [Times: user=0.05 sys=0.00, real=0.02 secs] 
2014-03-06T22:55:39.164+0000: 233205.149: [GC2014-03-06T22:55:39.165+0000: 233205.149: [ParNew
Desired survivor size 8716288 bytes, new threshold 4 (max 6)
- age   1:    2577928 bytes,    2577928 total
- age   2:    2264096 bytes,    4842024 total
- age   3:    2331096 bytes,    7173120 total
- age   4:    2213776 bytes,    9386896 total
: 150059K->13764K(153344K), 0.0235200 secs] 614309K->480304K(1032896K), 0.0236730 secs] [Times: user=0.05 sys=0.00, real=0.02 secs] 
2014-03-06T22:59:45.422+0000: 233451.407: [GC2014-03-06T22:59:45.422+0000: 233451.407: [ParNew
Desired survivor size 8716288 bytes, new threshold 4 (max 6)
- age   1:    2550088 bytes,    2550088 total
- age   2:    2226184 bytes,    4776272 total
- age   3:    2252800 bytes,    7029072 total
- age   4:    2330768 bytes,    9359840 total
: 150084K->13633K(153344K), 0.0237710 secs] 616624K->482449K(1032896K), 0.0239400 secs] [Times: user=0.05 sys=0.00, real=0.03 secs] 
2014-03-06T23:03:47.776+0000: 233693.761: [GC2014-03-06T23:03:47.776+0000: 233693.761: [ParNew
Desired survivor size 8716288 bytes, new threshold 4 (max 6)
- age   1:    2586192 bytes,    2586192 total
- age   2:    2282872 bytes,    4869064 total
- age   3:    2224784 bytes,    7093848 total
- age   4:    2251872 bytes,    9345720 total
: 149953K->13708K(153344K), 0.0237700 secs] 618769K->484919K(1032896K), 0.0239260 secs] [Times: user=0.05 sys=0.00, real=0.02 secs] 
2014-03-06T23:07:44.553+0000: 233930.538: [GC2014-03-06T23:07:44.553+0000: 233930.538: [ParNew
Desired survivor size 8716288 bytes, new threshold 4 (max 6)
- age   1:    2699560 bytes,    2699560 total
- age   2:    2277288 bytes,    4976848 total
- age   3:    2281568 bytes,    7258416 total
- age   4:    2178384 bytes,    9436800 total
: 150028K->13599K(153344K), 0.0250030 secs] 621239K->487084K(1032896K), 0.0251560 secs] [Times: user=0.04 sys=0.00, real=0.03 secs] 
2014-03-06T23:11:55.368+0000: 234181.352: [GC2014-03-06T23:11:55.368+0000: 234181.352: [ParNew
Desired survivor size 8716288 bytes, new threshold 4 (max 6)
- age   1:    2609616 bytes,    2609616 total
- age   2:    2306560 bytes,    4916176 total
- age   3:    2266704 bytes,    7182880 total
- age   4:    2281024 bytes,    9463904 total
: 149919K->13642K(153344K), 0.0238630 secs] 623404K->489367K(1032896K), 0.0240160 secs] [Times: user=0.06 sys=0.00, real=0.02 secs] 
2014-03-06T23:16:08.088+0000: 234434.073: [GC2014-03-06T23:16:08.088+0000: 234434.073: [ParNew
Desired survivor size 8716288 bytes, new threshold 4 (max 6)
- age   1:    2633016 bytes,    2633016 total
- age   2:    2357144 bytes,    4990160 total
- age   3:    2302744 bytes,    7292904 total
- age   4:    2265752 bytes,    9558656 total
: 149962K->13929K(153344K), 0.0245980 secs] 625687K->491999K(1032896K), 0.0247670 secs] [Times: user=0.05 sys=0.00, real=0.02 secs] 
2014-03-06T23:20:20.090+0000: 234686.075: [GC2014-03-06T23:20:20.091+0000: 234686.075: [ParNew
Desired survivor size 8716288 bytes, new threshold 4 (max 6)
- age   1:    2562784 bytes,    2562784 total
- age   2:    2414448 bytes,    4977232 total
- age   3:    2310856 bytes,    7288088 total
- age   4:    2183560 bytes,    9471648 total
: 150249K->13734K(153344K), 0.0239570 secs] 628319K->494093K(1032896K), 0.0241110 secs] [Times: user=0.05 sys=0.00, real=0.03 secs] 
2014-03-06T23:24:26.202+0000: 234932.187: [GC2014-03-06T23:24:26.202+0000: 234932.187: [ParNew
Desired survivor size 8716288 bytes, new threshold 4 (max 6)
- age   1:    2562120 bytes,    2562120 total
- age   2:    2310240 bytes,    4872360 total
- age   3:    2413752 bytes,    7286112 total
- age   4:    2309848 bytes,    9595960 total
: 150054K->13833K(153344K), 0.0250380 secs] 630413K->496434K(1032896K), 0.0251970 secs] [Times: user=0.05 sys=0.00, real=0.02 secs] 
2014-03-06T23:28:39.144+0000: 235185.128: [GC2014-03-06T23:28:39.144+0000: 235185.128: [ParNew
Desired survivor size 8716288 bytes, new threshold 4 (max 6)
- age   1:    2650824 bytes,    2650824 total
- age   2:    2269104 bytes,    4919928 total
- age   3:    2309304 bytes,    7229232 total
- age   4:    2412704 bytes,    9641936 total
: 150153K->13965K(153344K), 0.0239810 secs] 632754K->498941K(1032896K), 0.0241330 secs] [Times: user=0.05 sys=0.00, real=0.02 secs] 
2014-03-06T23:32:50.093+0000: 235436.077: [GC2014-03-06T23:32:50.093+0000: 235436.077: [ParNew
Desired survivor size 8716288 bytes, new threshold 4 (max 6)
- age   1:    2632472 bytes,    2632472 total
- age   2:    2350672 bytes,    4983144 total
- age   3:    2267880 bytes,    7251024 total
- age   4:    2309080 bytes,    9560104 total
: 150285K->9361K(153344K), 0.0241440 secs] 635261K->496775K(1032896K), 0.0242860 secs] [Times: user=0.05 sys=0.00, real=0.03 secs] 
2014-03-06T23:36:55.016+0000: 235681.001: [GC2014-03-06T23:36:55.016+0000: 235681.001: [ParNew
Desired survivor size 8716288 bytes, new threshold 4 (max 6)
- age   1:    2843120 bytes,    2843120 total
- age   2:    2377536 bytes,    5220656 total
- age   3:    2349576 bytes,    7570232 total
- age   4:    2265896 bytes,    9836128 total
: 145681K->17024K(153344K), 0.0244310 secs] 633095K->506938K(1032896K), 0.0245890 secs] [Times: user=0.05 sys=0.00, real=0.02 secs] 
2014-03-06T23:41:05.515+0000: 235931.499: [GC2014-03-06T23:41:05.515+0000: 235931.499: [ParNew
Desired survivor size 8716288 bytes, new threshold 4 (max 6)
- age   1:    2636232 bytes,    2636232 total
- age   2:    2675512 bytes,    5311744 total
- age   3:    2377120 bytes,    7688864 total
- age   4:    2349096 bytes,   10037960 total
: 153344K->11923K(153344K), 0.0249770 secs] 643258K->504167K(1032896K), 0.0251380 secs] [Times: user=0.05 sys=0.00, real=0.02 secs] 
2014-03-06T23:45:16.374+0000: 236182.359: [GC2014-03-06T23:45:16.374+0000: 236182.359: [ParNew
Desired survivor size 8716288 bytes, new threshold 4 (max 6)
- age   1:    2503560 bytes,    2503560 total
- age   2:    2305312 bytes,    4808872 total
- age   3:    2674360 bytes,    7483232 total
- age   4:    2376768 bytes,    9860000 total
: 148243K->17024K(153344K), 0.0254220 secs] 640487K->511775K(1032896K), 0.0255670 secs] [Times: user=0.06 sys=0.00, real=0.02 secs] 
2014-03-06T23:49:29.431+0000: 236435.416: [GC2014-03-06T23:49:29.431+0000: 236435.416: [ParNew
Desired survivor size 8716288 bytes, new threshold 4 (max 6)
- age   1:    2655992 bytes,    2655992 total
- age   2:    2346008 bytes,    5002000 total
- age   3:    2304632 bytes,    7306632 total
- age   4:    2655760 bytes,    9962392 total
: 153344K->11849K(153344K), 0.0243230 secs] 648095K->509043K(1032896K), 0.0244750 secs] [Times: user=0.06 sys=0.00, real=0.03 secs] 
2014-03-06T23:53:40.587+0000: 236686.571: [GC2014-03-06T23:53:40.587+0000: 236686.572: [ParNew
Desired survivor size 8716288 bytes, new threshold 4 (max 6)
- age   1:    2528656 bytes,    2528656 total
- age   2:    2419288 bytes,    4947944 total
- age   3:    2299640 bytes,    7247584 total
- age   4:    2303944 bytes,    9551528 total
: 148169K->17024K(153344K), 0.0240480 secs] 645363K->516869K(1032896K), 0.0241990 secs] [Times: user=0.05 sys=0.00, real=0.02 secs] 
2014-03-06T23:57:51.531+0000: 236937.515: [GC2014-03-06T23:57:51.531+0000: 236937.515: [ParNew
Desired survivor size 8716288 bytes, new threshold 4 (max 6)
- age   1:    2669680 bytes,    2669680 total
- age   2:    2305040 bytes,    4974720 total
- age   3:    2417536 bytes,    7392256 total
- age   4:    2299184 bytes,    9691440 total
: 153344K->11448K(153344K), 0.0250890 secs] 653189K->513662K(1032896K), 0.0252580 secs] [Times: user=0.05 sys=0.00, real=0.03 secs] 
2014-03-07T00:01:58.309+0000: 237184.294: [GC2014-03-07T00:01:58.309+0000: 237184.294: [ParNew
Desired survivor size 8716288 bytes, new threshold 4 (max 6)
- age   1:    2590720 bytes,    2590720 total
- age   2:    2379640 bytes,    4970360 total
- age   3:    2304232 bytes,    7274592 total
- age   4:    2338128 bytes,    9612720 total
: 147768K->16871K(153344K), 0.0238860 secs] 649982K->521449K(1032896K), 0.0240430 secs] [Times: user=0.06 sys=0.00, real=0.02 secs] 
2014-03-07T00:06:05.253+0000: 237431.237: [GC2014-03-07T00:06:05.253+0000: 237431.238: [ParNew
Desired survivor size 8716288 bytes, new threshold 4 (max 6)
- age   1:    2577976 bytes,    2577976 total
- age   2:    2336976 bytes,    4914952 total
- age   3:    2378696 bytes,    7293648 total
- age   4:    2303688 bytes,    9597336 total
: 153191K->11257K(153344K), 0.0244440 secs] 657769K->518239K(1032896K), 0.0246130 secs] [Times: user=0.06 sys=0.00, real=0.03 secs] 
2014-03-07T00:10:16.402+0000: 237682.387: [GC2014-03-07T00:10:16.402+0000: 237682.387: [ParNew
Desired survivor size 8716288 bytes, new threshold 4 (max 6)
- age   1:    2593440 bytes,    2593440 total
- age   2:    2328992 bytes,    4922432 total
- age   3:    2290624 bytes,    7213056 total
- age   4:    2377712 bytes,    9590768 total
: 147577K->16806K(153344K), 0.0275230 secs] 654559K->526157K(1032896K), 0.0277090 secs] [Times: user=0.05 sys=0.00, real=0.02 secs] 
2014-03-07T00:14:26.205+0000: 237932.190: [GC2014-03-07T00:14:26.205+0000: 237932.190: [ParNew
Desired survivor size 8716288 bytes, new threshold 4 (max 6)
- age   1:    2596992 bytes,    2596992 total
- age   2:    2339872 bytes,    4936864 total
- age   3:    2318736 bytes,    7255600 total
- age   4:    2289440 bytes,    9545040 total
: 153126K->11186K(153344K), 0.0239980 secs] 662477K->522938K(1032896K), 0.0241390 secs] [Times: user=0.05 sys=0.00, real=0.02 secs] 
2014-03-07T00:18:38.219+0000: 238184.204: [GC2014-03-07T00:18:38.219+0000: 238184.204: [ParNew
Desired survivor size 8716288 bytes, new threshold 4 (max 6)
- age   1:    2732872 bytes,    2732872 total
- age   2:    2299536 bytes,    5032408 total
- age   3:    2338208 bytes,    7370616 total
- age   4:    2318336 bytes,    9688952 total
: 147506K->16746K(153344K), 0.0247660 secs] 659258K->530852K(1032896K), 0.0249250 secs] [Times: user=0.05 sys=0.00, real=0.03 secs] 
2014-03-07T00:22:50.462+0000: 238436.447: [GC2014-03-07T00:22:50.462+0000: 238436.447: [ParNew
Desired survivor size 8716288 bytes, new threshold 4 (max 6)
- age   1:    2602776 bytes,    2602776 total
- age   2:    2387040 bytes,    4989816 total
- age   3:    2298480 bytes,    7288296 total
- age   4:    2298280 bytes,    9586576 total
: 153066K->11245K(153344K), 0.0240840 secs] 667172K->527732K(1032896K), 0.0242490 secs] [Times: user=0.06 sys=0.00, real=0.03 secs] 
2014-03-07T00:26:43.970+0000: 238669.955: [GC2014-03-07T00:26:43.970+0000: 238669.955: [ParNew
Desired survivor size 8716288 bytes, new threshold 4 (max 6)
- age   1:    2735608 bytes,    2735608 total
- age   2:    2338496 bytes,    5074104 total
- age   3:    2385624 bytes,    7459728 total
- age   4:    2297912 bytes,    9757640 total
: 147565K->16854K(153344K), 0.0243970 secs] 664052K->535704K(1032896K), 0.0245400 secs] [Times: user=0.06 sys=0.00, real=0.03 secs] 
2014-03-07T00:30:36.219+0000: 238902.203: [GC2014-03-07T00:30:36.219+0000: 238902.203: [ParNew
Desired survivor size 8716288 bytes, new threshold 4 (max 6)
- age   1:    2685592 bytes,    2685592 total
- age   2:    2300384 bytes,    4985976 total
- age   3:    2337752 bytes,    7323728 total
- age   4:    2384936 bytes,    9708664 total
: 153174K->11370K(153344K), 0.0242530 secs] 672024K->532583K(1032896K), 0.0244100 secs] [Times: user=0.05 sys=0.00, real=0.03 secs] 
2014-03-07T00:34:50.909+0000: 239156.894: [GC2014-03-07T00:34:50.909+0000: 239156.894: [ParNew
Desired survivor size 8716288 bytes, new threshold 4 (max 6)
- age   1:    2668176 bytes,    2668176 total
- age   2:    2252392 bytes,    4920568 total
- age   3:    2167728 bytes,    7088296 total
- age   4:    2337256 bytes,    9425552 total
: 147690K->16835K(153344K), 0.0239050 secs] 668903K->540497K(1032896K), 0.0240710 secs] [Times: user=0.05 sys=0.00, real=0.02 secs] 
2014-03-07T00:39:01.204+0000: 239407.189: [GC2014-03-07T00:39:01.204+0000: 239407.189: [ParNew
Desired survivor size 8716288 bytes, new threshold 4 (max 6)
- age   1:    2725168 bytes,    2725168 total
- age   2:    2343720 bytes,    5068888 total
- age   3:    2241368 bytes,    7310256 total
- age   4:    2166560 bytes,    9476816 total
: 153155K->11255K(153344K), 0.0239340 secs] 676817K->537320K(1032896K), 0.0240910 secs] [Times: user=0.05 sys=0.00, real=0.02 secs] 
2014-03-07T00:43:21.690+0000: 239667.674: [GC2014-03-07T00:43:21.690+0000: 239667.674: [ParNew
Desired survivor size 8716288 bytes, new threshold 4 (max 6)
- age   1:    2606464 bytes,    2606464 total
- age   2:    2342416 bytes,    4948880 total
- age   3:    2342760 bytes,    7291640 total
- age   4:    2121896 bytes,    9413536 total
: 147572K->16373K(153344K), 0.0247970 secs] 673637K->544665K(1032896K), 0.0249500 secs] [Times: user=0.05 sys=0.00, real=0.03 secs] 
2014-03-07T00:47:40.542+0000: 239926.527: [GC2014-03-07T00:47:40.542+0000: 239926.527: [ParNew
Desired survivor size 8716288 bytes, new threshold 4 (max 6)
- age   1:    2704096 bytes,    2704096 total
- age   2:    2383392 bytes,    5087488 total
- age   3:    2341376 bytes,    7428864 total
- age   4:    2341120 bytes,    9769984 total
: 152693K->10985K(153344K), 0.0238270 secs] 680985K->541458K(1032896K), 0.0239760 secs] [Times: user=0.05 sys=0.00, real=0.02 secs] 
2014-03-07T00:51:59.728+0000: 240185.713: [GC2014-03-07T00:51:59.728+0000: 240185.713: [ParNew
Desired survivor size 8716288 bytes, new threshold 4 (max 6)
- age   1:    2675288 bytes,    2675288 total
- age   2:    2475456 bytes,    5150744 total
- age   3:    2382464 bytes,    7533208 total
- age   4:    2318152 bytes,    9851360 total
: 147305K->17024K(153344K), 0.0248930 secs] 677778K->549927K(1032896K), 0.0250560 secs] [Times: user=0.06 sys=0.00, real=0.02 secs] 
2014-03-07T00:56:20.467+0000: 240446.452: [GC2014-03-07T00:56:20.467+0000: 240446.452: [ParNew
Desired survivor size 8716288 bytes, new threshold 4 (max 6)
- age   1:    2626976 bytes,    2626976 total
- age   2:    2418640 bytes,    5045616 total
- age   3:    2429160 bytes,    7474776 total
- age   4:    2381808 bytes,    9856584 total
: 153344K->11455K(153344K), 0.0250410 secs] 686247K->546724K(1032896K), 0.0251850 secs] [Times: user=0.05 sys=0.00, real=0.02 secs] 
2014-03-07T01:00:40.054+0000: 240706.039: [GC2014-03-07T01:00:40.054+0000: 240706.039: [ParNew
Desired survivor size 8716288 bytes, new threshold 4 (max 6)
- age   1:    2655624 bytes,    2655624 total
- age   2:    2396888 bytes,    5052512 total
- age   3:    2378072 bytes,    7430584 total
- age   4:    2388504 bytes,    9819088 total
: 147775K->17024K(153344K), 0.0246900 secs] 683044K->554890K(1032896K), 0.0248380 secs] [Times: user=0.06 sys=0.00, real=0.02 secs] 
2014-03-07T01:04:59.909+0000: 240965.894: [GC2014-03-07T01:04:59.909+0000: 240965.894: [ParNew
Desired survivor size 8716288 bytes, new threshold 4 (max 6)
- age   1:    2608312 bytes,    2608312 total
- age   2:    2468104 bytes,    5076416 total
- age   3:    2396536 bytes,    7472952 total
- age   4:    2377304 bytes,    9850256 total
: 153344K->11556K(153344K), 0.0244870 secs] 691210K->551878K(1032896K), 0.0246400 secs] [Times: user=0.05 sys=0.00, real=0.02 secs] 
2014-03-07T01:09:20.183+0000: 241226.168: [GC2014-03-07T01:09:20.183+0000: 241226.168: [ParNew
Desired survivor size 8716288 bytes, new threshold 4 (max 6)
- age   1:    2617592 bytes,    2617592 total
- age   2:    2387968 bytes,    5005560 total
- age   3:    2387568 bytes,    7393128 total
- age   4:    2396072 bytes,    9789200 total
: 147876K->17024K(153344K), 0.0246350 secs] 688198K->559938K(1032896K), 0.0247800 secs] [Times: user=0.05 sys=0.00, real=0.02 secs] 
2014-03-07T01:13:39.387+0000: 241485.372: [GC2014-03-07T01:13:39.387+0000: 241485.372: [ParNew
Desired survivor size 8716288 bytes, new threshold 4 (max 6)
- age   1:    2597840 bytes,    2597840 total
- age   2:    2513840 bytes,    5111680 total
- age   3:    2387432 bytes,    7499112 total
- age   4:    2387104 bytes,    9886216 total
: 153344K->11538K(153344K), 0.0249930 secs] 696258K->556917K(1032896K), 0.0251420 secs] [Times: user=0.05 sys=0.00, real=0.02 secs] 
2014-03-07T01:17:58.878+0000: 241744.863: [GC2014-03-07T01:17:58.878+0000: 241744.863: [ParNew
Desired survivor size 8716288 bytes, new threshold 4 (max 6)
- age   1:    2520072 bytes,    2520072 total
- age   2:    2368600 bytes,    4888672 total
- age   3:    2513352 bytes,    7402024 total
- age   4:    2386920 bytes,    9788944 total
: 147858K->17024K(153344K), 0.0247810 secs] 693237K->564926K(1032896K), 0.0249360 secs] [Times: user=0.05 sys=0.00, real=0.03 secs] 
2014-03-07T01:22:16.910+0000: 242002.895: [GC2014-03-07T01:22:16.910+0000: 242002.895: [ParNew
Desired survivor size 8716288 bytes, new threshold 4 (max 6)
- age   1:    2668208 bytes,    2668208 total
- age   2:    2397696 bytes,    5065904 total
- age   3:    2368096 bytes,    7434000 total
- age   4:    2511952 bytes,    9945952 total
: 153344K->11627K(153344K), 0.0250370 secs] 701246K->561984K(1032896K), 0.0251870 secs] [Times: user=0.06 sys=0.00, real=0.03 secs] 
2014-03-07T01:26:35.626+0000: 242261.611: [GC2014-03-07T01:26:35.626+0000: 242261.611: [ParNew
Desired survivor size 8716288 bytes, new threshold 4 (max 6)
- age   1:    2588336 bytes,    2588336 total
- age   2:    2434120 bytes,    5022456 total
- age   3:    2396736 bytes,    7419192 total
- age   4:    2367792 bytes,    9786984 total
: 147947K->17024K(153344K), 0.0245340 secs] 698304K->569905K(1032896K), 0.0246720 secs] [Times: user=0.05 sys=0.00, real=0.02 secs] 
2014-03-07T01:30:54.361+0000: 242520.345: [GC2014-03-07T01:30:54.361+0000: 242520.346: [ParNew
Desired survivor size 8716288 bytes, new threshold 4 (max 6)
- age   1:    2758472 bytes,    2758472 total
- age   2:    2388464 bytes,    5146936 total
- age   3:    2432240 bytes,    7579176 total
- age   4:    2396320 bytes,    9975496 total
: 153344K->14488K(153344K), 0.0247810 secs] 706225K->569804K(1032896K), 0.0249270 secs] [Times: user=0.06 sys=0.00, real=0.03 secs] 
2014-03-07T01:35:14.400+0000: 242780.384: [GC2014-03-07T01:35:14.400+0000: 242780.384: [ParNew
Desired survivor size 8716288 bytes, new threshold 4 (max 6)
- age   1:    2573552 bytes,    2573552 total
- age   2:    2446264 bytes,    5019816 total
- age   3:    2387552 bytes,    7407368 total
- age   4:    2352496 bytes,    9759864 total
: 150808K->17024K(153344K), 0.0248530 secs] 706124K->574874K(1032896K), 0.0249990 secs] [Times: user=0.06 sys=0.00, real=0.03 secs] 
2014-03-07T01:39:33.909+0000: 243039.894: [GC2014-03-07T01:39:33.909+0000: 243039.894: [ParNew
Desired survivor size 8716288 bytes, new threshold 4 (max 6)
- age   1:    2602760 bytes,    2602760 total
- age   2:    2456200 bytes,    5058960 total
- age   3:    2445000 bytes,    7503960 total
- age   4:    2387008 bytes,    9890968 total
: 153344K->11571K(153344K), 0.0246920 secs] 711194K->571841K(1032896K), 0.0248400 secs] [Times: user=0.05 sys=0.00, real=0.02 secs] 
2014-03-07T01:43:50.865+0000: 243296.849: [GC2014-03-07T01:43:50.865+0000: 243296.849: [ParNew
Desired survivor size 8716288 bytes, new threshold 4 (max 6)
- age   1:    2577816 bytes,    2577816 total
- age   2:    2397624 bytes,    4975440 total
- age   3:    2455616 bytes,    7431056 total
- age   4:    2365280 bytes,    9796336 total
: 147891K->17024K(153344K), 0.0249890 secs] 708161K->579857K(1032896K), 0.0251480 secs] [Times: user=0.05 sys=0.00, real=0.02 secs] 
2014-03-07T01:48:09.909+0000: 243555.894: [GC2014-03-07T01:48:09.909+0000: 243555.894: [ParNew
Desired survivor size 8716288 bytes, new threshold 4 (max 6)
- age   1:    2565992 bytes,    2565992 total
- age   2:    2427264 bytes,    4993256 total
- age   3:    2388688 bytes,    7381944 total
- age   4:    2455104 bytes,    9837048 total
: 153344K->11543K(153344K), 0.0246570 secs] 716177K->576807K(1032896K), 0.0248330 secs] [Times: user=0.05 sys=0.00, real=0.02 secs] 
2014-03-07T01:52:29.723+0000: 243815.707: [GC2014-03-07T01:52:29.723+0000: 243815.707: [ParNew
Desired survivor size 8716288 bytes, new threshold 4 (max 6)
- age   1:    2582120 bytes,    2582120 total
- age   2:    2382384 bytes,    4964504 total
- age   3:    2386720 bytes,    7351224 total
- age   4:    2348216 bytes,    9699440 total
: 147863K->17024K(153344K), 0.0249370 secs] 713127K->584959K(1032896K), 0.0250840 secs] [Times: user=0.05 sys=0.00, real=0.02 secs] 
2014-03-07T01:56:49.774+0000: 244075.759: [GC2014-03-07T01:56:49.774+0000: 244075.759: [ParNew
Desired survivor size 8716288 bytes, new threshold 4 (max 6)
- age   1:    2656872 bytes,    2656872 total
- age   2:    2476936 bytes,    5133808 total
- age   3:    2381720 bytes,    7515528 total
- age   4:    2386000 bytes,    9901528 total
: 153344K->11466K(153344K), 0.0245430 secs] 721279K->581816K(1032896K), 0.0246960 secs] [Times: user=0.05 sys=0.00, real=0.03 secs] 
2014-03-07T02:01:08.017+0000: 244334.002: [GC2014-03-07T02:01:08.017+0000: 244334.002: [ParNew
Desired survivor size 8716288 bytes, new threshold 4 (max 6)
- age   1:    2703680 bytes,    2703680 total
- age   2:    2356448 bytes,    5060128 total
- age   3:    2467432 bytes,    7527560 total
- age   4:    2381400 bytes,    9908960 total
: 147786K->13046K(153344K), 0.0249860 secs] 718136K->585850K(1032896K), 0.0251420 secs] [Times: user=0.06 sys=0.00, real=0.03 secs] 
2014-03-07T02:05:25.916+0000: 244591.901: [GC2014-03-07T02:05:25.916+0000: 244591.901: [ParNew
Desired survivor size 8716288 bytes, new threshold 4 (max 6)
- age   1:    2625672 bytes,    2625672 total
- age   2:    2429448 bytes,    5055120 total
- age   3:    2355328 bytes,    7410448 total
- age   4:    2387328 bytes,    9797776 total
: 149366K->17024K(153344K), 0.0245560 secs] 722170K->592384K(1032896K), 0.0247200 secs] [Times: user=0.05 sys=0.00, real=0.02 secs] 
2014-03-07T02:09:45.605+0000: 244851.590: [GC2014-03-07T02:09:45.605+0000: 244851.590: [ParNew
Desired survivor size 8716288 bytes, new threshold 4 (max 6)
- age   1:    2589048 bytes,    2589048 total
- age   2:    2472856 bytes,    5061904 total
- age   3:    2429000 bytes,    7490904 total
- age   4:    2354688 bytes,    9845592 total
: 153344K->11912K(153344K), 0.0244740 secs] 728704K->589726K(1032896K), 0.0246130 secs] [Times: user=0.05 sys=0.00, real=0.02 secs] 
2014-03-07T02:14:05.522+0000: 245111.507: [GC2014-03-07T02:14:05.523+0000: 245111.507: [ParNew
Desired survivor size 8716288 bytes, new threshold 4 (max 6)
- age   1:    2618512 bytes,    2618512 total
- age   2:    2388320 bytes,    5006832 total
- age   3:    2386112 bytes,    7392944 total
- age   4:    2388776 bytes,    9781720 total
: 148232K->17024K(153344K), 0.0246730 secs] 726046K->597408K(1032896K), 0.0248240 secs] [Times: user=0.05 sys=0.00, real=0.02 secs] 
2014-03-07T02:18:25.413+0000: 245371.398: [GC2014-03-07T02:18:25.413+0000: 245371.398: [ParNew
Desired survivor size 8716288 bytes, new threshold 4 (max 6)
- age   1:    2564296 bytes,    2564296 total
- age   2:    2514208 bytes,    5078504 total
- age   3:    2387528 bytes,    7466032 total
- age   4:    2385168 bytes,    9851200 total
: 153344K->11553K(153344K), 0.0243890 secs] 733728K->594393K(1032896K), 0.0245520 secs] [Times: user=0.05 sys=0.00, real=0.03 secs] 
2014-03-07T02:22:43.985+0000: 245629.970: [GC2014-03-07T02:22:43.985+0000: 245629.970: [ParNew
Desired survivor size 8716288 bytes, new threshold 4 (max 6)
- age   1:    2708616 bytes,    2708616 total
- age   2:    2387960 bytes,    5096576 total
- age   3:    2467088 bytes,    7563664 total
- age   4:    2387080 bytes,    9950744 total
: 147873K->13044K(153344K), 0.0244930 secs] 730713K->598337K(1032896K), 0.0246420 secs] [Times: user=0.05 sys=0.00, real=0.02 secs] 
2014-03-07T02:27:00.938+0000: 245886.923: [GC2014-03-07T02:27:00.938+0000: 245886.923: [ParNew
Desired survivor size 8716288 bytes, new threshold 4 (max 6)
- age   1:    2619048 bytes,    2619048 total
- age   2:    2469360 bytes,    5088408 total
- age   3:    2387160 bytes,    7475568 total
- age   4:    2387008 bytes,    9862576 total
: 149364K->14061K(153344K), 0.0258300 secs] 734657K->601808K(1032896K), 0.0260020 secs] [Times: user=0.05 sys=0.00, real=0.03 secs] 
2014-03-07T02:31:20.708+0000: 246146.693: [GC2014-03-07T02:31:20.709+0000: 246146.693: [ParNew
Desired survivor size 8716288 bytes, new threshold 4 (max 6)
- age   1:    2656096 bytes,    2656096 total
- age   2:    2343984 bytes,    5000080 total
- age   3:    2468280 bytes,    7468360 total
- age   4:    2386552 bytes,    9854912 total
: 150381K->14324K(153344K), 0.0243340 secs] 738128K->604526K(1032896K), 0.0244730 secs] [Times: user=0.06 sys=0.00, real=0.02 secs] 
2014-03-07T02:35:40.196+0000: 246406.181: [GC2014-03-07T02:35:40.196+0000: 246406.181: [ParNew
Desired survivor size 8716288 bytes, new threshold 4 (max 6)
- age   1:    2688320 bytes,    2688320 total
- age   2:    2387400 bytes,    5075720 total
- age   3:    2343032 bytes,    7418752 total
- age   4:    2467104 bytes,    9885856 total
: 150644K->14457K(153344K), 0.0244010 secs] 740846K->607112K(1032896K), 0.0245460 secs] [Times: user=0.05 sys=0.00, real=0.02 secs] 
2014-03-07T02:39:58.985+0000: 246664.970: [GC2014-03-07T02:39:58.985+0000: 246664.970: [ParNew
Desired survivor size 8716288 bytes, new threshold 4 (max 6)
- age   1:    2630864 bytes,    2630864 total
- age   2:    2467904 bytes,    5098768 total
- age   3:    2386472 bytes,    7485240 total
- age   4:    2342488 bytes,    9827728 total
: 150777K->14343K(153344K), 0.0258690 secs] 743432K->609454K(1032896K), 0.0260120 secs] [Times: user=0.05 sys=0.00, real=0.02 secs] 
2014-03-07T02:44:16.205+0000: 246922.189: [GC2014-03-07T02:44:16.205+0000: 246922.189: [ParNew
Desired survivor size 8716288 bytes, new threshold 4 (max 6)
- age   1:    2691448 bytes,    2691448 total
- age   2:    2388576 bytes,    5080024 total
- age   3:    2466120 bytes,    7546144 total
- age   4:    2386008 bytes,    9932152 total
: 150663K->14433K(153344K), 0.0244020 secs] 745774K->611952K(1032896K), 0.0245470 secs] [Times: user=0.06 sys=0.00, real=0.02 secs] 
2014-03-07T02:48:35.534+0000: 247181.519: [GC2014-03-07T02:48:35.534+0000: 247181.519: [ParNew
Desired survivor size 8716288 bytes, new threshold 4 (max 6)
- age   1:    2604752 bytes,    2604752 total
- age   2:    2429368 bytes,    5034120 total
- age   3:    2387496 bytes,    7421616 total
- age   4:    2386552 bytes,    9808168 total
: 150753K->14389K(153344K), 0.0242820 secs] 748272K->614361K(1032896K), 0.0244170 secs] [Times: user=0.04 sys=0.00, real=0.02 secs] 
2014-03-07T02:52:55.475+0000: 247441.459: [GC2014-03-07T02:52:55.475+0000: 247441.459: [ParNew
Desired survivor size 8716288 bytes, new threshold 4 (max 6)
- age   1:    2664248 bytes,    2664248 total
- age   2:    2382992 bytes,    5047240 total
- age   3:    2427840 bytes,    7475080 total
- age   4:    2386936 bytes,    9862016 total
: 150709K->14383K(153344K), 0.0273490 secs] 750681K->616809K(1032896K), 0.0275150 secs] [Times: user=0.05 sys=0.00, real=0.03 secs] 
2014-03-07T02:57:14.997+0000: 247700.982: [GC2014-03-07T02:57:14.997+0000: 247700.982: [ParNew
Desired survivor size 8716288 bytes, new threshold 4 (max 6)
- age   1:    2649912 bytes,    2649912 total
- age   2:    2428608 bytes,    5078520 total
- age   3:    2381816 bytes,    7460336 total
- age   4:    2387600 bytes,    9847936 total
: 150703K->14391K(153344K), 0.0244880 secs] 753129K->619271K(1032896K), 0.0246350 secs] [Times: user=0.05 sys=0.00, real=0.02 secs] 
2014-03-07T03:01:32.833+0000: 247958.818: [GC2014-03-07T03:01:32.833+0000: 247958.818: [ParNew
Desired survivor size 8716288 bytes, new threshold 4 (max 6)
- age   1:    2607944 bytes,    2607944 total
- age   2:    2428728 bytes,    5036672 total
- age   3:    2427456 bytes,    7464128 total
- age   4:    2381608 bytes,    9845736 total
: 150711K->14336K(153344K), 0.0244240 secs] 755591K->621631K(1032896K), 0.0245780 secs] [Times: user=0.06 sys=0.00, real=0.03 secs] 
2014-03-07T03:05:49.982+0000: 248215.967: [GC2014-03-07T03:05:49.982+0000: 248215.967: [ParNew
Desired survivor size 8716288 bytes, new threshold 4 (max 6)
- age   1:    2724320 bytes,    2724320 total
- age   2:    2359600 bytes,    5083920 total
- age   3:    2427160 bytes,    7511080 total
- age   4:    2426280 bytes,    9937360 total
: 150656K->14452K(153344K), 0.0246070 secs] 757951K->624195K(1032896K), 0.0247460 secs] [Times: user=0.05 sys=0.00, real=0.02 secs] 
2014-03-07T03:10:10.840+0000: 248476.825: [GC2014-03-07T03:10:10.840+0000: 248476.825: [ParNew
Desired survivor size 8716288 bytes, new threshold 4 (max 6)
- age   1:    2565352 bytes,    2565352 total
- age   2:    2496792 bytes,    5062144 total
- age   3:    2358752 bytes,    7420896 total
- age   4:    2386968 bytes,    9807864 total
: 150772K->9622K(153344K), 0.0254150 secs] 760515K->621819K(1032896K), 0.0255810 secs] [Times: user=0.05 sys=0.00, real=0.03 secs] 
2014-03-07T03:14:30.358+0000: 248736.342: [GC2014-03-07T03:14:30.358+0000: 248736.343: [ParNew
Desired survivor size 8716288 bytes, new threshold 4 (max 6)
- age   1:    2685152 bytes,    2685152 total
- age   2:    2388416 bytes,    5073568 total
- age   3:    2450024 bytes,    7523592 total
- age   4:    2358112 bytes,    9881704 total
: 145942K->14387K(153344K), 0.0245100 secs] 758139K->629039K(1032896K), 0.0246610 secs] [Times: user=0.06 sys=0.00, real=0.03 secs] 
2014-03-07T03:18:48.788+0000: 248994.773: [GC2014-03-07T03:18:48.788+0000: 248994.773: [ParNew
Desired survivor size 8716288 bytes, new threshold 4 (max 6)
- age   1:    2681488 bytes,    2681488 total
- age   2:    2434192 bytes,    5115680 total
- age   3:    2387952 bytes,    7503632 total
- age   4:    2409336 bytes,    9912968 total
: 150707K->14410K(153344K), 0.0243600 secs] 765359K->631486K(1032896K), 0.0244990 secs] [Times: user=0.05 sys=0.00, real=0.02 secs] 
2014-03-07T03:23:07.540+0000: 249253.525: [GC2014-03-07T03:23:07.540+0000: 249253.525: [ParNew
Desired survivor size 8716288 bytes, new threshold 4 (max 6)
- age   1:    2635808 bytes,    2635808 total
- age   2:    2407952 bytes,    5043760 total
- age   3:    2433224 bytes,    7476984 total
- age   4:    2387536 bytes,    9864520 total
: 150730K->14415K(153344K), 0.0247510 secs] 767806K->633928K(1032896K), 0.0249100 secs] [Times: user=0.05 sys=0.00, real=0.03 secs] 
2014-03-07T03:27:26.299+0000: 249512.283: [GC2014-03-07T03:27:26.299+0000: 249512.283: [ParNew
Desired survivor size 8716288 bytes, new threshold 4 (max 6)
- age   1:    2763200 bytes,    2763200 total
- age   2:    2379720 bytes,    5142920 total
- age   3:    2406544 bytes,    7549464 total
- age   4:    2432560 bytes,    9982024 total
: 150735K->14491K(153344K), 0.0258120 secs] 770248K->636459K(1032896K), 0.0259590 secs] [Times: user=0.05 sys=0.00, real=0.03 secs] 
2014-03-07T03:31:45.588+0000: 249771.573: [GC2014-03-07T03:31:45.588+0000: 249771.573: [ParNew
Desired survivor size 8716288 bytes, new threshold 4 (max 6)
- age   1:    2609536 bytes,    2609536 total
- age   2:    2493432 bytes,    5102968 total
- age   3:    2378504 bytes,    7481472 total
- age   4:    2366288 bytes,    9847760 total
: 150811K->14457K(153344K), 0.0244520 secs] 772779K->638885K(1032896K), 0.0246000 secs] [Times: user=0.06 sys=0.00, real=0.02 secs] 
2014-03-07T03:36:05.386+0000: 250031.371: [GC2014-03-07T03:36:05.386+0000: 250031.371: [ParNew
Desired survivor size 8716288 bytes, new threshold 4 (max 6)
- age   1:    2732896 bytes,    2732896 total
- age   2:    2395208 bytes,    5128104 total
- age   3:    2446208 bytes,    7574312 total
- age   4:    2378040 bytes,    9952352 total
: 150777K->14483K(153344K), 0.0245900 secs] 775205K->641344K(1032896K), 0.0247540 secs] [Times: user=0.06 sys=0.00, real=0.02 secs] 
2014-03-07T03:40:22.929+0000: 250288.914: [GC2014-03-07T03:40:22.929+0000: 250288.914: [ParNew
Desired survivor size 8716288 bytes, new threshold 4 (max 6)
- age   1:    2608648 bytes,    2608648 total
- age   2:    2462520 bytes,    5071168 total
- age   3:    2394552 bytes,    7465720 total
- age   4:    2366080 bytes,    9831800 total
: 150803K->14424K(153344K), 0.0244370 secs] 777664K->643729K(1032896K), 0.0246070 secs] [Times: user=0.05 sys=0.00, real=0.02 secs] 
2014-03-07T03:44:41.267+0000: 250547.252: [GC2014-03-07T03:44:41.267+0000: 250547.252: [ParNew
Desired survivor size 8716288 bytes, new threshold 4 (max 6)
- age   1:    2615256 bytes,    2615256 total
- age   2:    2388696 bytes,    5003952 total
- age   3:    2461248 bytes,    7465200 total
- age   4:    2394008 bytes,    9859208 total
: 150744K->14380K(153344K), 0.0246120 secs] 780049K->646118K(1032896K), 0.0247670 secs] [Times: user=0.05 sys=0.00, real=0.02 secs] 
2014-03-07T03:49:00.045+0000: 250806.030: [GC2014-03-07T03:49:00.045+0000: 250806.030: [ParNew
Desired survivor size 8716288 bytes, new threshold 4 (max 6)
- age   1:    2720096 bytes,    2720096 total
- age   2:    2388296 bytes,    5108392 total
- age   3:    2387640 bytes,    7496032 total
- age   4:    2460056 bytes,    9956088 total
: 150700K->14477K(153344K), 0.0244880 secs] 782438K->648677K(1032896K), 0.0246270 secs] [Times: user=0.06 sys=0.00, real=0.02 secs] 
2014-03-07T03:53:20.057+0000: 251066.041: [GC2014-03-07T03:53:20.057+0000: 251066.041: [ParNew
Desired survivor size 8716288 bytes, new threshold 4 (max 6)
- age   1:    2627480 bytes,    2627480 total
- age   2:    2471272 bytes,    5098752 total
- age   3:    2387864 bytes,    7486616 total
- age   4:    2387224 bytes,    9873840 total
: 150797K->14425K(153344K), 0.0246480 secs] 784997K->651073K(1032896K), 0.0248130 secs] [Times: user=0.06 sys=0.00, real=0.02 secs] 
2014-03-07T03:57:43.890+0000: 251329.875: [GC2014-03-07T03:57:43.890+0000: 251329.875: [ParNew
Desired survivor size 8716288 bytes, new threshold 4 (max 6)
- age   1:    2714528 bytes,    2714528 total
- age   2:    2397144 bytes,    5111672 total
- age   3:    2469832 bytes,    7581504 total
- age   4:    2342104 bytes,    9923608 total
: 150745K->14494K(153344K), 0.0248100 secs] 787393K->653597K(1032896K), 0.0249740 secs] [Times: user=0.05 sys=0.00, real=0.03 secs] 
2014-03-07T04:02:05.387+0000: 251591.372: [GC2014-03-07T04:02:05.387+0000: 251591.372: [ParNew
Desired survivor size 8716288 bytes, new threshold 4 (max 6)
- age   1:    2666544 bytes,    2666544 total
- age   2:    2512376 bytes,    5178920 total
- age   3:    2387688 bytes,    7566608 total
- age   4:    2390312 bytes,    9956920 total
: 150814K->14394K(153344K), 0.0249010 secs] 789917K->655905K(1032896K), 0.0250590 secs] [Times: user=0.05 sys=0.00, real=0.02 secs] 
2014-03-07T04:06:29.909+0000: 251855.894: [GC2014-03-07T04:06:29.909+0000: 251855.894: [ParNew
Desired survivor size 8716288 bytes, new threshold 4 (max 6)
- age   1:    2725912 bytes,    2725912 total
- age   2:    2445328 bytes,    5171240 total
- age   3:    2502472 bytes,    7673712 total
- age   4:    2387512 bytes,   10061224 total
: 150714K->14555K(153344K), 0.0248470 secs] 792225K->658523K(1032896K), 0.0250140 secs] [Times: user=0.05 sys=0.00, real=0.03 secs] 
2014-03-07T04:10:49.909+0000: 252115.894: [GC2014-03-07T04:10:49.909+0000: 252115.894: [ParNew
Desired survivor size 8716288 bytes, new threshold 4 (max 6)
- age   1:    2649912 bytes,    2649912 total
- age   2:    2472800 bytes,    5122712 total
- age   3:    2399184 bytes,    7521896 total
- age   4:    2462136 bytes,    9984032 total
: 150875K->14662K(153344K), 0.0251960 secs] 794843K->661085K(1032896K), 0.0253650 secs] [Times: user=0.05 sys=0.00, real=0.03 secs] 
2014-03-07T04:15:08.847+0000: 252374.832: [GC2014-03-07T04:15:08.847+0000: 252374.832: [ParNew
Desired survivor size 8716288 bytes, new threshold 4 (max 6)
- age   1:    2570432 bytes,    2570432 total
- age   2:    2474560 bytes,    5044992 total
- age   3:    2471512 bytes,    7516504 total
- age   4:    2398224 bytes,    9914728 total
: 150982K->14563K(153344K), 0.0248760 secs] 797405K->663477K(1032896K), 0.0250390 secs] [Times: user=0.06 sys=0.00, real=0.02 secs] 
2014-03-07T04:19:26.627+0000: 252632.612: [GC2014-03-07T04:19:26.627+0000: 252632.612: [ParNew
Desired survivor size 8716288 bytes, new threshold 4 (max 6)
- age   1:    2694456 bytes,    2694456 total
- age   2:    2378536 bytes,    5072992 total
- age   3:    2428128 bytes,    7501120 total
- age   4:    2470896 bytes,    9972016 total
: 150883K->14583K(153344K), 0.0249430 secs] 799797K->665963K(1032896K), 0.0251220 secs] [Times: user=0.04 sys=0.00, real=0.02 secs] 
2014-03-07T04:23:45.437+0000: 252891.422: [GC2014-03-07T04:23:45.437+0000: 252891.422: [ParNew
Desired survivor size 8716288 bytes, new threshold 4 (max 6)
- age   1:    2710568 bytes,    2710568 total
- age   2:    2432920 bytes,    5143488 total
- age   3:    2377232 bytes,    7520720 total
- age   4:    2387448 bytes,    9908168 total
: 150903K->14470K(153344K), 0.0245730 secs] 802283K->668350K(1032896K), 0.0247220 secs] [Times: user=0.06 sys=0.00, real=0.02 secs] 
2014-03-07T04:28:04.346+0000: 253150.331: [GC2014-03-07T04:28:04.346+0000: 253150.331: [ParNew
Desired survivor size 8716288 bytes, new threshold 4 (max 6)
- age   1:    2681752 bytes,    2681752 total
- age   2:    2390800 bytes,    5072552 total
- age   3:    2431528 bytes,    7504080 total
- age   4:    2376864 bytes,    9880944 total
: 150790K->14513K(153344K), 0.0249340 secs] 804670K->670848K(1032896K), 0.0251040 secs] [Times: user=0.05 sys=0.00, real=0.02 secs] 
2014-03-07T04:32:22.974+0000: 253408.959: [GC2014-03-07T04:32:22.975+0000: 253408.959: [ParNew
Desired survivor size 8716288 bytes, new threshold 4 (max 6)
- age   1:    2660296 bytes,    2660296 total
- age   2:    2427320 bytes,    5087616 total
- age   3:    2389200 bytes,    7476816 total
- age   4:    2391320 bytes,    9868136 total
: 150833K->14444K(153344K), 0.0246200 secs] 807168K->673222K(1032896K), 0.0247720 secs] [Times: user=0.05 sys=0.00, real=0.02 secs] 
2014-03-07T04:36:41.706+0000: 253667.691: [GC2014-03-07T04:36:41.706+0000: 253667.691: [ParNew
Desired survivor size 8716288 bytes, new threshold 4 (max 6)
- age   1:    2613448 bytes,    2613448 total
- age   2:    2403288 bytes,    5016736 total
- age   3:    2426344 bytes,    7443080 total
- age   4:    2388752 bytes,    9831832 total
: 150764K->14372K(153344K), 0.0257080 secs] 809542K->675569K(1032896K), 0.0258780 secs] [Times: user=0.04 sys=0.01, real=0.02 secs] 
2014-03-07T04:41:00.481+0000: 253926.465: [GC2014-03-07T04:41:00.481+0000: 253926.465: [ParNew
Desired survivor size 8716288 bytes, new threshold 4 (max 6)
- age   1:    2745312 bytes,    2745312 total
- age   2:    2368104 bytes,    5113416 total
- age   3:    2401616 bytes,    7515032 total
- age   4:    2425584 bytes,    9940616 total
: 150692K->14445K(153344K), 0.0252730 secs] 811889K->678098K(1032896K), 0.0254440 secs] [Times: user=0.05 sys=0.00, real=0.03 secs] 
2014-03-07T04:45:20.172+0000: 254186.157: [GC2014-03-07T04:45:20.172+0000: 254186.157: [ParNew
Desired survivor size 8716288 bytes, new threshold 4 (max 6)
- age   1:    2563456 bytes,    2563456 total
- age   2:    2514320 bytes,    5077776 total
- age   3:    2367080 bytes,    7444856 total
- age   4:    2361416 bytes,    9806272 total
: 150765K->9623K(153344K), 0.0245300 secs] 814418K->675728K(1032896K), 0.0246780 secs] [Times: user=0.06 sys=0.00, real=0.03 secs] 
2014-03-07T04:49:40.444+0000: 254446.429: [GC2014-03-07T04:49:40.444+0000: 254446.429: [ParNew
Desired survivor size 8716288 bytes, new threshold 4 (max 6)
- age   1:    2690568 bytes,    2690568 total
- age   2:    2388416 bytes,    5078984 total
- age   3:    2467296 bytes,    7546280 total
- age   4:    2366536 bytes,    9912816 total
: 145943K->14425K(153344K), 0.0243530 secs] 812048K->682958K(1032896K), 0.0244920 secs] [Times: user=0.05 sys=0.00, real=0.02 secs] 
2014-03-07T04:53:56.916+0000: 254702.901: [GC2014-03-07T04:53:56.916+0000: 254702.901: [ParNew
Desired survivor size 8716288 bytes, new threshold 4 (max 6)
- age   1:    2618088 bytes,    2618088 total
- age   2:    2468976 bytes,    5087064 total
- age   3:    2387832 bytes,    7474896 total
- age   4:    2387248 bytes,    9862144 total
: 150745K->14364K(153344K), 0.0246500 secs] 819278K->685331K(1032896K), 0.0247900 secs] [Times: user=0.06 sys=0.00, real=0.02 secs] 
2014-03-07T04:58:15.916+0000: 254961.901: [GC2014-03-07T04:58:15.916+0000: 254961.901: [ParNew
Desired survivor size 8716288 bytes, new threshold 4 (max 6)
- age   1:    2589736 bytes,    2589736 total
- age   2:    2395064 bytes,    4984800 total
- age   3:    2467824 bytes,    7452624 total
- age   4:    2387464 bytes,    9840088 total
: 150684K->14398K(153344K), 0.0248060 secs] 821651K->687820K(1032896K), 0.0249710 secs] [Times: user=0.06 sys=0.00, real=0.02 secs] 
2014-03-07T05:02:34.909+0000: 255220.894: [GC2014-03-07T05:02:34.909+0000: 255220.894: [ParNew
Desired survivor size 8716288 bytes, new threshold 4 (max 6)
- age   1:    2691544 bytes,    2691544 total
- age   2:    2387400 bytes,    5078944 total
- age   3:    2349032 bytes,    7427976 total
- age   4:    2466728 bytes,    9894704 total
: 150718K->14462K(153344K), 0.0249780 secs] 824140K->690338K(1032896K), 0.0251440 secs] [Times: user=0.05 sys=0.00, real=0.03 secs] 
2014-03-07T05:06:54.661+0000: 255480.646: [GC2014-03-07T05:06:54.661+0000: 255480.646: [ParNew
Desired survivor size 8716288 bytes, new threshold 4 (max 6)
- age   1:    2699304 bytes,    2699304 total
- age   2:    2463200 bytes,    5162504 total
- age   3:    2386888 bytes,    7549392 total
- age   4:    2347976 bytes,    9897368 total
: 150782K->14353K(153344K), 0.0248850 secs] 826658K->692684K(1032896K), 0.0250270 secs] [Times: user=0.05 sys=0.00, real=0.03 secs] 
2014-03-07T05:11:11.724+0000: 255737.708: [GC2014-03-07T05:11:11.724+0000: 255737.708: [ParNew
Desired survivor size 8716288 bytes, new threshold 4 (max 6)
- age   1:    2747328 bytes,    2747328 total
- age   2:    2389216 bytes,    5136544 total
- age   3:    2461352 bytes,    7597896 total
- age   4:    2386472 bytes,    9984368 total
: 150673K->14514K(153344K), 0.0251570 secs] 829004K->695259K(1032896K), 0.0253210 secs] [Times: user=0.06 sys=0.00, real=0.02 secs] 
2014-03-07T05:15:30.459+0000: 255996.444: [GC2014-03-07T05:15:30.459+0000: 255996.444: [ParNew
Desired survivor size 8716288 bytes, new threshold 4 (max 6)
- age   1:    2677008 bytes,    2677008 total
- age   2:    2436600 bytes,    5113608 total
- age   3:    2387976 bytes,    7501584 total
- age   4:    2381928 bytes,    9883512 total
: 150834K->14463K(153344K), 0.0249390 secs] 831579K->697662K(1032896K), 0.0250860 secs] [Times: user=0.05 sys=0.00, real=0.03 secs] 
2014-03-07T05:19:50.339+0000: 256256.324: [GC2014-03-07T05:19:50.339+0000: 256256.324: [ParNew
Desired survivor size 8716288 bytes, new threshold 4 (max 6)
- age   1:    2635424 bytes,    2635424 total
- age   2:    2433056 bytes,    5068480 total
- age   3:    2422224 bytes,    7490704 total
- age   4:    2387320 bytes,    9878024 total
: 150783K->14485K(153344K), 0.0256040 secs] 833982K->700134K(1032896K), 0.0257530 secs] [Times: user=0.05 sys=0.00, real=0.03 secs] 
2014-03-07T05:24:10.232+0000: 256516.217: [GC2014-03-07T05:24:10.232+0000: 256516.217: [ParNew
Desired survivor size 8716288 bytes, new threshold 4 (max 6)
- age   1:    2706432 bytes,    2706432 total
- age   2:    2427528 bytes,    5133960 total
- age   3:    2387168 bytes,    7521128 total
- age   4:    2381840 bytes,    9902968 total
: 150805K->14436K(153344K), 0.0252920 secs] 836454K->702539K(1032896K), 0.0254540 secs] [Times: user=0.06 sys=0.00, real=0.03 secs] 
2014-03-07T05:28:27.537+0000: 256773.522: [GC2014-03-07T05:28:27.537+0000: 256773.522: [ParNew
Desired survivor size 8716288 bytes, new threshold 4 (max 6)
- age   1:    2569808 bytes,    2569808 total
- age   2:    2474760 bytes,    5044568 total
- age   3:    2426936 bytes,    7471504 total
- age   4:    2386296 bytes,    9857800 total
: 150756K->14406K(153344K), 0.0246200 secs] 838859K->704918K(1032896K), 0.0247630 secs] [Times: user=0.05 sys=0.00, real=0.02 secs] 
2014-03-07T05:32:45.566+0000: 257031.551: [GC2014-03-07T05:32:45.566+0000: 257031.551: [ParNew
Desired survivor size 8716288 bytes, new threshold 4 (max 6)
- age   1:    2704160 bytes,    2704160 total
- age   2:    2359512 bytes,    5063672 total
- age   3:    2472960 bytes,    7536632 total
- age   4:    2426304 bytes,    9962936 total
: 150726K->14482K(153344K), 0.0250620 secs] 841238K->707447K(1032896K), 0.0252270 secs] [Times: user=0.05 sys=0.00, real=0.02 secs] 
2014-03-07T05:37:05.663+0000: 257291.647: [GC2014-03-07T05:37:05.663+0000: 257291.648: [ParNew
Desired survivor size 8716288 bytes, new threshold 4 (max 6)
- age   1:    2591168 bytes,    2591168 total
- age   2:    2456752 bytes,    5047920 total
- age   3:    2359200 bytes,    7407120 total
- age   4:    2433144 bytes,    9840264 total
: 150802K->14433K(153344K), 0.0247460 secs] 843767K->709853K(1032896K), 0.0249130 secs] [Times: user=0.06 sys=0.00, real=0.02 secs] 
2014-03-07T05:41:25.232+0000: 257551.217: [GC2014-03-07T05:41:25.232+0000: 257551.217: [ParNew
Desired survivor size 8716288 bytes, new threshold 4 (max 6)
- age   1:    2620872 bytes,    2620872 total
- age   2:    2381952 bytes,    5002824 total
- age   3:    2455312 bytes,    7458136 total
- age   4:    2358784 bytes,    9816920 total
: 150753K->9659K(153344K), 0.0245650 secs] 846173K->707578K(1032896K), 0.0247130 secs] [Times: user=0.06 sys=0.00, real=0.03 secs] 
2014-03-07T05:45:44.294+0000: 257810.279: [GC2014-03-07T05:45:44.294+0000: 257810.279: [ParNew
Desired survivor size 8716288 bytes, new threshold 4 (max 6)
- age   1:    2701176 bytes,    2701176 total
- age   2:    2433920 bytes,    5135096 total
- age   3:    2381592 bytes,    7516688 total
- age   4:    2414568 bytes,    9931256 total
: 145979K->14352K(153344K), 0.0246890 secs] 843898K->714697K(1032896K), 0.0248490 secs] [Times: user=0.05 sys=0.01, real=0.02 secs] 
2014-03-07T05:50:01.621+0000: 258067.606: [GC2014-03-07T05:50:01.621+0000: 258067.606: [ParNew
Desired survivor size 8716288 bytes, new threshold 4 (max 6)
- age   1:    2641008 bytes,    2641008 total
- age   2:    2401448 bytes,    5042456 total
- age   3:    2433192 bytes,    7475648 total
- age   4:    2381176 bytes,    9856824 total
: 150672K->14420K(153344K), 0.0249230 secs] 851017K->717206K(1032896K), 0.0250820 secs] [Times: user=0.06 sys=0.00, real=0.03 secs] 
2014-03-07T05:54:20.012+0000: 258325.996: [GC2014-03-07T05:54:20.012+0000: 258325.996: [ParNew
Desired survivor size 8716288 bytes, new threshold 4 (max 6)
- age   1:    2681936 bytes,    2681936 total
- age   2:    2422560 bytes,    5104496 total
- age   3:    2399720 bytes,    7504216 total
- age   4:    2432144 bytes,    9936360 total
: 150740K->14484K(153344K), 0.0250880 secs] 853526K->719720K(1032896K), 0.0252420 secs] [Times: user=0.05 sys=0.00, real=0.03 secs] 
2014-03-07T05:58:40.807+0000: 258586.792: [GC2014-03-07T05:58:40.807+0000: 258586.792: [ParNew
Desired survivor size 8716288 bytes, new threshold 4 (max 6)
- age   1:    2611480 bytes,    2611480 total
- age   2:    2462344 bytes,    5073824 total
- age   3:    2376464 bytes,    7450288 total
- age   4:    2359224 bytes,    9809512 total
: 150804K->14407K(153344K), 0.0248900 secs] 856040K->722101K(1032896K), 0.0250460 secs] [Times: user=0.06 sys=0.00, real=0.02 secs] 
2014-03-07T06:02:58.909+0000: 258844.894: [GC2014-03-07T06:02:58.909+0000: 258844.894: [ParNew
Desired survivor size 8716288 bytes, new threshold 4 (max 6)
- age   1:    2687552 bytes,    2687552 total
- age   2:    2389112 bytes,    5076664 total
- age   3:    2460904 bytes,    7537568 total
- age   4:    2375552 bytes,    9913120 total
: 150727K->14427K(153344K), 0.0246330 secs] 858421K->724548K(1032896K), 0.0247790 secs] [Times: user=0.06 sys=0.00, real=0.02 secs] 
2014-03-07T06:07:15.570+0000: 259101.555: [GC2014-03-07T06:07:15.570+0000: 259101.555: [ParNew
Desired survivor size 8716288 bytes, new threshold 4 (max 6)
- age   1:    2658872 bytes,    2658872 total
- age   2:    2429088 bytes,    5087960 total
- age   3:    2387984 bytes,    7475944 total
- age   4:    2381080 bytes,    9857024 total
: 150747K->14366K(153344K), 0.0249120 secs] 860868K->726929K(1032896K), 0.0250870 secs] [Times: user=0.05 sys=0.00, real=0.03 secs] 
2014-03-07T06:11:35.767+0000: 259361.752: [GC2014-03-07T06:11:35.768+0000: 259361.752: [ParNew
Desired survivor size 8716288 bytes, new threshold 4 (max 6)
- age   1:    2653544 bytes,    2653544 total
- age   2:    2382488 bytes,    5036032 total
- age   3:    2428000 bytes,    7464032 total
- age   4:    2387584 bytes,    9851616 total
: 150686K->14394K(153344K), 0.0253160 secs] 863249K->729405K(1032896K), 0.0254940 secs] [Times: user=0.06 sys=0.00, real=0.02 secs] 
2014-03-07T06:15:55.215+0000: 259621.199: [GC2014-03-07T06:15:55.215+0000: 259621.199: [ParNew
Desired survivor size 8716288 bytes, new threshold 4 (max 6)
- age   1:    2720368 bytes,    2720368 total
- age   2:    2388000 bytes,    5108368 total
- age   3:    2381624 bytes,    7489992 total
- age   4:    2426888 bytes,    9916880 total
: 150714K->14471K(153344K), 0.0248660 secs] 865725K->731937K(1032896K), 0.0250120 secs] [Times: user=0.05 sys=0.00, real=0.02 secs] 
2014-03-07T06:20:15.755+0000: 259881.739: [GC2014-03-07T06:20:15.755+0000: 259881.739: [ParNew
Desired survivor size 8716288 bytes, new threshold 4 (max 6)
- age   1:    2623416 bytes,    2623416 total
- age   2:    2468368 bytes,    5091784 total
- age   3:    2387192 bytes,    7478976 total
- age   4:    2381016 bytes,    9859992 total
: 150791K->14384K(153344K), 0.0245260 secs] 868257K->734264K(1032896K), 0.0246740 secs] [Times: user=0.05 sys=0.00, real=0.02 secs] 
2014-03-07T06:24:33.909+0000: 260139.893: [GC2014-03-07T06:24:33.909+0000: 260139.894: [ParNew
Desired survivor size 8716288 bytes, new threshold 4 (max 6)
- age   1:    2688352 bytes,    2688352 total
- age   2:    2389704 bytes,    5078056 total
- age   3:    2466568 bytes,    7544624 total
- age   4:    2386600 bytes,    9931224 total
: 150704K->14476K(153344K), 0.0244760 secs] 870584K->736805K(1032896K), 0.0246250 secs] [Times: user=0.05 sys=0.00, real=0.02 secs] 
2014-03-07T06:28:52.326+0000: 260398.311: [GC2014-03-07T06:28:52.326+0000: 260398.311: [ParNew
Desired survivor size 8716288 bytes, new threshold 4 (max 6)
- age   1:    2601448 bytes,    2601448 total
- age   2:    2475912 bytes,    5077360 total
- age   3:    2388616 bytes,    7465976 total
- age   4:    2386872 bytes,    9852848 total
: 150796K->14397K(153344K), 0.0244920 secs] 873125K->739179K(1032896K), 0.0246390 secs] [Times: user=0.05 sys=0.01, real=0.02 secs] 
2014-03-07T06:33:11.109+0000: 260657.093: [GC2014-03-07T06:33:11.109+0000: 260657.093: [ParNew
Desired survivor size 8716288 bytes, new threshold 4 (max 6)
- age   1:    2637368 bytes,    2637368 total
- age   2:    2353320 bytes,    4990688 total
- age   3:    2466752 bytes,    7457440 total
- age   4:    2388392 bytes,    9845832 total
: 150717K->14398K(153344K), 0.0248560 secs] 875499K->741635K(1032896K), 0.0250110 secs] [Times: user=0.05 sys=0.00, real=0.02 secs] 
2014-03-07T06:37:30.251+0000: 260916.236: [GC2014-03-07T06:37:30.251+0000: 260916.236: [ParNew
Desired survivor size 8716288 bytes, new threshold 4 (max 6)
- age   1:    2689344 bytes,    2689344 total
- age   2:    2379240 bytes,    5068584 total
- age   3:    2352448 bytes,    7421032 total
- age   4:    2465160 bytes,    9886192 total
: 150718K->14465K(153344K), 0.0248570 secs] 877955K->744157K(1032896K), 0.0249990 secs] [Times: user=0.06 sys=0.00, real=0.03 secs] 
2014-03-07T06:41:50.403+0000: 261176.387: [GC2014-03-07T06:41:50.403+0000: 261176.387: [ParNew
Desired survivor size 8716288 bytes, new threshold 4 (max 6)
- age   1:    2595480 bytes,    2595480 total
- age   2:    2514448 bytes,    5109928 total
- age   3:    2378552 bytes,    7488480 total
- age   4:    2351400 bytes,    9839880 total
: 150785K->14345K(153344K), 0.0245380 secs] 880477K->746490K(1032896K), 0.0246740 secs] [Times: user=0.05 sys=0.00, real=0.02 secs] 
2014-03-07T06:46:09.986+0000: 261435.971: [GC2014-03-07T06:46:09.986+0000: 261435.971: [ParNew
Desired survivor size 8716288 bytes, new threshold 4 (max 6)
- age   1:    2689072 bytes,    2689072 total
- age   2:    2389168 bytes,    5078240 total
- age   3:    2467400 bytes,    7545640 total
- age   4:    2378184 bytes,    9923824 total
: 150665K->14447K(153344K), 0.0252820 secs] 882810K->749010K(1032896K), 0.0254590 secs] [Times: user=0.05 sys=0.00, real=0.02 secs] 
2014-03-07T06:50:29.685+0000: 261695.669: [GC2014-03-07T06:50:29.685+0000: 261695.669: [ParNew
Desired survivor size 8716288 bytes, new threshold 4 (max 6)
- age   1:    2645256 bytes,    2645256 total
- age   2:    2468688 bytes,    5113944 total
- age   3:    2388584 bytes,    7502528 total
- age   4:    2387320 bytes,    9889848 total
: 150767K->14383K(153344K), 0.0248590 secs] 885330K->751391K(1032896K), 0.0250150 secs] [Times: user=0.05 sys=0.00, real=0.02 secs] 
2014-03-07T06:54:47.827+0000: 261953.812: [GC2014-03-07T06:54:47.827+0000: 261953.812: [ParNew
Desired survivor size 8716288 bytes, new threshold 4 (max 6)
- age   1:    2613656 bytes,    2613656 total
- age   2:    2433592 bytes,    5047248 total
- age   3:    2466896 bytes,    7514144 total
- age   4:    2387152 bytes,    9901296 total
: 150703K->14472K(153344K), 0.0257540 secs] 887711K->753935K(1032896K), 0.0258910 secs] [Times: user=0.05 sys=0.00, real=0.02 secs] 
2014-03-07T06:58:57.548+0000: 262203.532: [GC2014-03-07T06:58:57.548+0000: 262203.532: [ParNew
Desired survivor size 8716288 bytes, new threshold 4 (max 6)
- age   1:    2725808 bytes,    2725808 total
- age   2:    2409776 bytes,    5135584 total
- age   3:    2387688 bytes,    7523272 total
- age   4:    2426544 bytes,    9949816 total
: 150792K->14502K(153344K), 0.0247170 secs] 890255K->756420K(1032896K), 0.0248700 secs] [Times: user=0.05 sys=0.00, real=0.02 secs] 
2014-03-07T07:03:13.311+0000: 262459.296: [GC2014-03-07T07:03:13.311+0000: 262459.296: [ParNew
Desired survivor size 8716288 bytes, new threshold 4 (max 6)
- age   1:    2678192 bytes,    2678192 total
- age   2:    2339864 bytes,    5018056 total
- age   3:    2401072 bytes,    7419128 total
- age   4:    2387032 bytes,    9806160 total
: 150822K->14425K(153344K), 0.0244990 secs] 892740K->758796K(1032896K), 0.0246520 secs] [Times: user=0.04 sys=0.00, real=0.03 secs] 
2014-03-07T07:07:29.086+0000: 262715.071: [GC2014-03-07T07:07:29.086+0000: 262715.071: [ParNew
Desired survivor size 8716288 bytes, new threshold 4 (max 6)
- age   1:    2741784 bytes,    2741784 total
- age   2:    2339728 bytes,    5081512 total
- age   3:    2338592 bytes,    7420104 total
- age   4:    2400000 bytes,    9820104 total
: 150745K->14348K(153344K), 0.0245050 secs] 895116K->761174K(1032896K), 0.0262410 secs] [Times: user=0.05 sys=0.00, real=0.02 secs] 
2014-03-07T07:11:44.853+0000: 262970.838: [GC2014-03-07T07:11:44.853+0000: 262970.838: [ParNew
Desired survivor size 8716288 bytes, new threshold 4 (max 6)
- age   1:    2645672 bytes,    2645672 total
- age   2:    2468472 bytes,    5114144 total
- age   3:    2338504 bytes,    7452648 total
- age   4:    2338096 bytes,    9790744 total
: 150668K->9590K(153344K), 0.0271370 secs] 897494K->758881K(1032896K), 0.0273130 secs] [Times: user=0.05 sys=0.00, real=0.03 secs] 
2014-03-07T07:15:40.087+0000: 263206.072: [GC2014-03-07T07:15:40.088+0000: 263206.072: [ParNew
Desired survivor size 8716288 bytes, new threshold 4 (max 6)
- age   1:    2558952 bytes,    2558952 total
- age   2:    2371888 bytes,    4930840 total
- age   3:    2422320 bytes,    7353160 total
- age   4:    2338008 bytes,    9691168 total
: 145910K->14403K(153344K), 0.0244560 secs] 895201K->766095K(1032896K), 0.0246160 secs] [Times: user=0.05 sys=0.00, real=0.02 secs] 
2014-03-07T07:19:55.293+0000: 263461.278: [GC2014-03-07T07:19:55.294+0000: 263461.278: [ParNew
Desired survivor size 8716288 bytes, new threshold 4 (max 6)
- age   1:    2663488 bytes,    2663488 total
- age   2:    2195424 bytes,    4858912 total
- age   3:    2371504 bytes,    7230416 total
- age   4:    2420800 bytes,    9651216 total
: 150723K->14128K(153344K), 0.0255790 secs] 902415K->768224K(1032896K), 0.0257340 secs] [Times: user=0.05 sys=0.00, real=0.03 secs] 
2014-03-07T07:24:09.981+0000: 263715.966: [GC2014-03-07T07:24:09.982+0000: 263715.966: [ParNew
Desired survivor size 8716288 bytes, new threshold 4 (max 6)
- age   1:    2613312 bytes,    2613312 total
- age   2:    2387824 bytes,    5001136 total
- age   3:    2194552 bytes,    7195688 total
- age   4:    2370864 bytes,    9566552 total
: 150448K->14051K(153344K), 0.0247250 secs] 904544K->770594K(1032896K), 0.0249080 secs] [Times: user=0.06 sys=0.00, real=0.03 secs] 
2014-03-07T07:28:10.171+0000: 263956.156: [GC2014-03-07T07:28:10.171+0000: 263956.156: [ParNew
Desired survivor size 8716288 bytes, new threshold 4 (max 6)
- age   1:    2646216 bytes,    2646216 total
- age   2:    2342256 bytes,    4988472 total
- age   3:    2386520 bytes,    7374992 total
- age   4:    2191384 bytes,    9566376 total
: 150371K->14057K(153344K), 0.0255310 secs] 906914K->773037K(1032896K), 0.0257240 secs] [Times: user=0.05 sys=0.00, real=0.03 secs] 
2014-03-07T07:32:21.531+0000: 264207.516: [GC2014-03-07T07:32:21.531+0000: 264207.516: [ParNew
Desired survivor size 8716288 bytes, new threshold 4 (max 6)
- age   1:    2599584 bytes,    2599584 total
- age   2:    2323536 bytes,    4923120 total
- age   3:    2341448 bytes,    7264568 total
- age   4:    2385896 bytes,    9650464 total
: 150377K->13925K(153344K), 0.0240450 secs] 909357K->775157K(1032896K), 0.0241950 secs] [Times: user=0.05 sys=0.00, real=0.03 secs] 
2014-03-07T07:36:28.360+0000: 264454.345: [GC2014-03-07T07:36:28.361+0000: 264454.345: [ParNew
Desired survivor size 8716288 bytes, new threshold 4 (max 6)
- age   1:    2606776 bytes,    2606776 total
- age   2:    2308552 bytes,    4915328 total
- age   3:    2246728 bytes,    7162056 total
- age   4:    2341240 bytes,    9503296 total
: 150245K->9439K(153344K), 0.0246230 secs] 911477K->773122K(1032896K), 0.0247700 secs] [Times: user=0.05 sys=0.00, real=0.03 secs] 
2014-03-07T07:40:34.767+0000: 264700.752: [GC2014-03-07T07:40:34.767+0000: 264700.752: [ParNew
Desired survivor size 8716288 bytes, new threshold 4 (max 6)
- age   1:    2612376 bytes,    2612376 total
- age   2:    2338640 bytes,    4951016 total
- age   3:    2296824 bytes,    7247840 total
- age   4:    2206008 bytes,    9453848 total
: 145759K->13882K(153344K), 0.0240080 secs] 909442K->779972K(1032896K), 0.0241640 secs] [Times: user=0.05 sys=0.00, real=0.02 secs] 
2014-03-07T07:44:44.682+0000: 264950.666: [GC2014-03-07T07:44:44.682+0000: 264950.667: [ParNew
Desired survivor size 8716288 bytes, new threshold 4 (max 6)
- age   1:    2642368 bytes,    2642368 total
- age   2:    2226256 bytes,    4868624 total
- age   3:    2337264 bytes,    7205888 total
- age   4:    2296120 bytes,    9502008 total
: 150202K->13793K(153344K), 0.0238270 secs] 916292K->782152K(1032896K), 0.0239780 secs] [Times: user=0.05 sys=0.00, real=0.03 secs] 
2014-03-07T07:48:54.415+0000: 265200.400: [GC2014-03-07T07:48:54.415+0000: 265200.400: [ParNew
Desired survivor size 8716288 bytes, new threshold 4 (max 6)
- age   1:    2697656 bytes,    2697656 total
- age   2:    2344344 bytes,    5042000 total
- age   3:    2222840 bytes,    7264840 total
- age   4:    2336272 bytes,    9601112 total
: 150113K->13895K(153344K), 0.0251760 secs] 918472K->784615K(1032896K), 0.0253310 secs] [Times: user=0.05 sys=0.00, real=0.02 secs] 
2014-03-07T07:53:05.518+0000: 265451.502: [GC2014-03-07T07:53:05.518+0000: 265451.502: [ParNew
Desired survivor size 8716288 bytes, new threshold 4 (max 6)
- age   1:    2684552 bytes,    2684552 total
- age   2:    2410672 bytes,    5095224 total
- age   3:    2298184 bytes,    7393408 total
- age   4:    2222536 bytes,    9615944 total
: 150215K->13896K(153344K), 0.0247140 secs] 920935K->786978K(1032896K), 0.0248920 secs] [Times: user=0.05 sys=0.00, real=0.03 secs] 
2014-03-07T07:57:20.652+0000: 265706.637: [GC2014-03-07T07:57:20.653+0000: 265706.637: [ParNew
Desired survivor size 8716288 bytes, new threshold 4 (max 6)
- age   1:    2667944 bytes,    2667944 total
- age   2:    2426944 bytes,    5094888 total
- age   3:    2409256 bytes,    7504144 total
- age   4:    2297432 bytes,    9801576 total
: 150216K->14047K(153344K), 0.0259650 secs] 923298K->789414K(1032896K), 0.0261340 secs] [Times: user=0.05 sys=0.00, real=0.03 secs] 
2014-03-07T08:01:27.410+0000: 265953.394: [GC2014-03-07T08:01:27.410+0000: 265953.394: [ParNew
Desired survivor size 8716288 bytes, new threshold 4 (max 6)
- age   1:    2700160 bytes,    2700160 total
- age   2:    2384344 bytes,    5084504 total
- age   3:    2425048 bytes,    7509552 total
- age   4:    2366560 bytes,    9876112 total
: 150367K->14272K(153344K), 0.0250280 secs] 925734K->792001K(1032896K), 0.0251850 secs] [Times: user=0.05 sys=0.00, real=0.03 secs] 
2014-03-07T08:05:35.518+0000: 266201.503: [GC2014-03-07T08:05:35.518+0000: 266201.503: [ParNew
Desired survivor size 8716288 bytes, new threshold 4 (max 6)
- age   1:    2527232 bytes,    2527232 total
- age   2:    2361472 bytes,    4888704 total
- age   3:    2383240 bytes,    7271944 total
- age   4:    2424648 bytes,    9696592 total
: 150592K->14305K(153344K), 0.0248450 secs] 928321K->794425K(1032896K), 0.0250010 secs] [Times: user=0.06 sys=0.00, real=0.03 secs] 
2014-03-07T08:09:25.467+0000: 266431.452: [GC2014-03-07T08:09:25.468+0000: 266431.452: [ParNew
Desired survivor size 8716288 bytes, new threshold 4 (max 6)
- age   1:    2705240 bytes,    2705240 total
- age   2:    2293672 bytes,    4998912 total
- age   3:    2302936 bytes,    7301848 total
- age   4:    2382920 bytes,    9684768 total
: 150625K->9611K(153344K), 0.0251020 secs] 930745K->792219K(1032896K), 0.0252620 secs] [Times: user=0.06 sys=0.00, real=0.02 secs] 
2014-03-07T08:13:13.716+0000: 266659.701: [GC2014-03-07T08:13:13.716+0000: 266659.701: [ParNew
Desired survivor size 8716288 bytes, new threshold 4 (max 6)
- age   1:    2614152 bytes,    2614152 total
- age   2:    2207160 bytes,    4821312 total
- age   3:    2292264 bytes,    7113576 total
- age   4:    2262472 bytes,    9376048 total
: 145931K->9464K(153344K), 0.0247980 secs] 928539K->794521K(1032896K), 0.0249600 secs] [Times: user=0.05 sys=0.00, real=0.02 secs] 
2014-03-07T08:17:14.957+0000: 266900.942: [GC2014-03-07T08:17:14.957+0000: 266900.942: [ParNew
Desired survivor size 8716288 bytes, new threshold 4 (max 6)
- age   1:    2640544 bytes,    2640544 total
- age   2:    2116936 bytes,    4757480 total
- age   3:    2160576 bytes,    6918056 total
- age   4:    2291600 bytes,    9209656 total
: 145784K->13685K(153344K), 0.0240250 secs] 930841K->801067K(1032896K), 0.0241820 secs] [Times: user=0.05 sys=0.00, real=0.02 secs] 
2014-03-07T08:21:09.984+0000: 267135.969: [GC2014-03-07T08:21:09.984+0000: 267135.969: [ParNew
Desired survivor size 8716288 bytes, new threshold 4 (max 6)
- age   1:    2552520 bytes,    2552520 total
- age   2:    2243904 bytes,    4796424 total
- age   3:    2078752 bytes,    6875176 total
- age   4:    2158760 bytes,    9033936 total
: 150005K->9063K(153344K), 0.0239940 secs] 937387K->798801K(1032896K), 0.0241610 secs] [Times: user=0.05 sys=0.00, real=0.02 secs] 
2014-03-07T08:25:19.909+0000: 267385.894: [GC2014-03-07T08:25:19.909+0000: 267385.894: [ParNew
Desired survivor size 8716288 bytes, new threshold 4 (max 6)
- age   1:    2664256 bytes,    2664256 total
- age   2:    2172296 bytes,    4836552 total
- age   3:    2242296 bytes,    7078848 total
- age   4:    2078400 bytes,    9157248 total
: 145383K->13199K(153344K), 0.0234810 secs] 935121K->805154K(1032896K), 0.0236400 secs] [Times: user=0.05 sys=0.00, real=0.02 secs] 
2014-03-07T08:28:54.943+0000: 267600.928: [GC2014-03-07T08:28:54.943+0000: 267600.928: [ParNew
Desired survivor size 8716288 bytes, new threshold 4 (max 6)
- age   1:    2616248 bytes,    2616248 total
- age   2:    2344160 bytes,    4960408 total
- age   3:    2164672 bytes,    7125080 total
- age   4:    2241968 bytes,    9367048 total
: 149519K->13479K(153344K), 0.0236710 secs] 941474K->807570K(1032896K), 0.0238330 secs] [Times: user=0.05 sys=0.00, real=0.02 secs] 
2014-03-07T08:32:41.834+0000: 267827.819: [GC2014-03-07T08:32:41.834+0000: 267827.819: [ParNew
Desired survivor size 8716288 bytes, new threshold 4 (max 6)
- age   1:    2513648 bytes,    2513648 total
- age   2:    2145712 bytes,    4659360 total
- age   3:    2343192 bytes,    7002552 total
- age   4:    2162792 bytes,    9165344 total
: 149799K->13445K(153344K), 0.0245720 secs] 943890K->809841K(1032896K), 0.0247260 secs] [Times: user=0.05 sys=0.00, real=0.02 secs] 
2014-03-07T08:36:38.798+0000: 268064.783: [GC2014-03-07T08:36:38.798+0000: 268064.783: [ParNew
Desired survivor size 8716288 bytes, new threshold 4 (max 6)
- age   1:    2565896 bytes,    2565896 total
- age   2:    2161080 bytes,    4726976 total
- age   3:    2024944 bytes,    6751920 total
- age   4:    2342576 bytes,    9094496 total
: 149765K->13381K(153344K), 0.0232880 secs] 946161K->812000K(1032896K), 0.0234480 secs] [Times: user=0.05 sys=0.00, real=0.02 secs] 
2014-03-07T08:40:28.985+0000: 268294.970: [GC2014-03-07T08:40:28.985+0000: 268294.970: [ParNew
Desired survivor size 8716288 bytes, new threshold 4 (max 6)
- age   1:    2578432 bytes,    2578432 total
- age   2:    2186064 bytes,    4764496 total
- age   3:    2158856 bytes,    6923352 total
- age   4:    2024016 bytes,    8947368 total
: 149701K->13396K(153344K), 0.0244360 secs] 948320K->814421K(1032896K), 0.0245880 secs] [Times: user=0.05 sys=0.00, real=0.02 secs] 
2014-03-07T08:43:33.404+0000: 268479.389: [GC2014-03-07T08:43:33.404+0000: 268479.389: [ParNew
Desired survivor size 8716288 bytes, new threshold 4 (max 6)
- age   1:    2774504 bytes,    2774504 total
- age   2:    2240208 bytes,    5014712 total
- age   3:    2173920 bytes,    7188632 total
- age   4:    2076392 bytes,    9265024 total
: 149716K->13168K(153344K), 0.0232110 secs] 950741K->816271K(1032896K), 0.0233710 secs] [Times: user=0.05 sys=0.00, real=0.02 secs] 
2014-03-07T08:47:21.021+0000: 268707.006: [GC2014-03-07T08:47:21.022+0000: 268707.006: [ParNew
Desired survivor size 8716288 bytes, new threshold 4 (max 6)
- age   1:    2501712 bytes,    2501712 total
- age   2:    2153696 bytes,    4655408 total
- age   3:    2184432 bytes,    6839840 total
- age   4:    2173560 bytes,    9013400 total
: 149488K->13165K(153344K), 0.0230600 secs] 952591K->818403K(1032896K), 0.0232310 secs] [Times: user=0.06 sys=0.00, real=0.03 secs] 
2014-03-07T08:50:55.463+0000: 268921.448: [GC2014-03-07T08:50:55.463+0000: 268921.448: [ParNew
Desired survivor size 8716288 bytes, new threshold 4 (max 6)
- age   1:    2502112 bytes,    2502112 total
- age   2:    2171456 bytes,    4673568 total
- age   3:    2038312 bytes,    6711880 total
- age   4:    2183528 bytes,    8895408 total
: 149485K->13171K(153344K), 0.0235030 secs] 954723K->820643K(1032896K), 0.0236740 secs] [Times: user=0.05 sys=0.00, real=0.02 secs] 
2014-03-07T08:54:47.596+0000: 269153.581: [GC2014-03-07T08:54:47.596+0000: 269153.581: [ParNew
Desired survivor size 8716288 bytes, new threshold 4 (max 6)
- age   1:    2712288 bytes,    2712288 total
- age   2:    1985104 bytes,    4697392 total
- age   3:    2156192 bytes,    6853584 total
- age   4:    2022912 bytes,    8876496 total
: 149491K->8901K(153344K), 0.0229350 secs] 956963K->818616K(1032896K), 0.0230810 secs] [Times: user=0.05 sys=0.00, real=0.02 secs] 
2014-03-07T08:54:47.622+0000: 269153.606: [GC [1 CMS-initial-mark: 809715K(879552K)] 818826K(1032896K), 0.0065820 secs] [Times: user=0.01 sys=0.00, real=0.01 secs] 
2014-03-07T08:54:47.628+0000: 269153.613: [CMS-concurrent-mark-start]
2014-03-07T08:54:47.814+0000: 269153.799: [CMS-concurrent-mark: 0.186/0.186 secs] [Times: user=0.21 sys=0.00, real=0.19 secs] 
2014-03-07T08:54:47.814+0000: 269153.799: [CMS-concurrent-preclean-start]
2014-03-07T08:54:47.816+0000: 269153.801: [CMS-concurrent-preclean: 0.002/0.002 secs] [Times: user=0.00 sys=0.00, real=0.00 secs] 
2014-03-07T08:54:47.816+0000: 269153.801: [GC[YG occupancy: 9251 K (153344 K)]2014-03-07T08:54:47.816+0000: 269153.801: [Rescan (parallel) , 0.0070280 secs]2014-03-07T08:54:47.824+0000: 269153.808: [weak refs processing, 0.0024840 secs]2014-03-07T08:54:47.826+0000: 269153.811: [class unloading, 0.0102860 secs]2014-03-07T08:54:47.836+0000: 269153.821: [scrub symbol table, 0.0089470 secs]2014-03-07T08:54:47.845+0000: 269153.830: [scrub string table, 0.0009600 secs] [1 CMS-remark: 809715K(879552K)] 818966K(1032896K), 0.0322900 secs] [Times: user=0.04 sys=0.00, real=0.03 secs] 
2014-03-07T08:54:47.849+0000: 269153.834: [CMS-concurrent-sweep-start]
2014-03-07T08:54:48.889+0000: 269154.874: [CMS-concurrent-sweep: 1.040/1.040 secs] [Times: user=1.16 sys=0.00, real=1.04 secs] 
2014-03-07T08:54:48.889+0000: 269154.874: [CMS-concurrent-reset-start]
2014-03-07T08:54:48.896+0000: 269154.880: [CMS-concurrent-reset: 0.006/0.006 secs] [Times: user=0.00 sys=0.00, real=0.01 secs] 
2014-03-07T08:58:30.819+0000: 269376.804: [GC2014-03-07T08:58:30.820+0000: 269376.804: [ParNew
Desired survivor size 8716288 bytes, new threshold 4 (max 6)
- age   1:    2557976 bytes,    2557976 total
- age   2:    2385368 bytes,    4943344 total
- age   3:    1981520 bytes,    6924864 total
- age   4:    2109968 bytes,    9034832 total
: 145221K->16823K(153344K), 0.0229190 secs] 259080K->132472K(1032896K), 0.0230840 secs] [Times: user=0.05 sys=0.00, real=0.03 secs] 
2014-03-07T09:02:28.582+0000: 269614.566: [GC2014-03-07T09:02:28.582+0000: 269614.567: [ParNew
Desired survivor size 8716288 bytes, new threshold 4 (max 6)
- age   1:    2607408 bytes,    2607408 total
- age   2:    2092456 bytes,    4699864 total
- age   3:    2373968 bytes,    7073832 total
- age   4:    1980784 bytes,    9054616 total
: 153143K->11002K(153344K), 0.0231800 secs] 268792K->128820K(1032896K), 0.0233510 secs] [Times: user=0.05 sys=0.00, real=0.03 secs] 
2014-03-07T09:06:01.545+0000: 269827.530: [GC2014-03-07T09:06:01.546+0000: 269827.530: [ParNew
Desired survivor size 8716288 bytes, new threshold 4 (max 6)
- age   1:    2753744 bytes,    2753744 total
- age   2:    2225856 bytes,    4979600 total
- age   3:    2089048 bytes,    7068648 total
- age   4:    2132160 bytes,    9200808 total
: 147322K->15595K(153344K), 0.0231020 secs] 265140K->135449K(1032896K), 0.0232730 secs] [Times: user=0.05 sys=0.00, real=0.02 secs] 
2014-03-07T09:09:50.969+0000: 270056.954: [GC2014-03-07T09:09:50.969+0000: 270056.954: [ParNew
Desired survivor size 8716288 bytes, new threshold 4 (max 6)
- age   1:    2563792 bytes,    2563792 total
- age   2:    2302976 bytes,    4866768 total
- age   3:    2224904 bytes,    7091672 total
- age   4:    2088488 bytes,    9180160 total
: 151915K->10583K(153344K), 0.0231930 secs] 271769K->132628K(1032896K), 0.0233500 secs] [Times: user=0.05 sys=0.00, real=0.02 secs] 
2014-03-07T09:13:45.263+0000: 270291.248: [GC2014-03-07T09:13:45.263+0000: 270291.248: [ParNew
Desired survivor size 8716288 bytes, new threshold 4 (max 6)
- age   1:    2591568 bytes,    2591568 total
- age   2:    2164592 bytes,    4756160 total
- age   3:    2282176 bytes,    7038336 total
- age   4:    2224064 bytes,    9262400 total
: 146903K->16282K(153344K), 0.0229820 secs] 268948K->140473K(1032896K), 0.0231420 secs] [Times: user=0.04 sys=0.00, real=0.02 secs] 
2014-03-07T09:17:34.377+0000: 270520.362: [GC2014-03-07T09:17:34.377+0000: 270520.362: [ParNew
Desired survivor size 8716288 bytes, new threshold 4 (max 6)
- age   1:    2719240 bytes,    2719240 total
- age   2:    2254456 bytes,    4973696 total
- age   3:    2163824 bytes,    7137520 total
- age   4:    1959960 bytes,    9097480 total
: 152602K->10498K(153344K), 0.0228650 secs] 276793K->136934K(1032896K), 0.0230280 secs] [Times: user=0.05 sys=0.00, real=0.02 secs] 
2014-03-07T09:21:00.438+0000: 270726.422: [GC2014-03-07T09:21:00.438+0000: 270726.422: [ParNew
Desired survivor size 8716288 bytes, new threshold 4 (max 6)
- age   1:    2538032 bytes,    2538032 total
- age   2:    2392912 bytes,    4930944 total
- age   3:    2242512 bytes,    7173456 total
- age   4:    2117520 bytes,    9290976 total
: 146818K->12053K(153344K), 0.0226120 secs] 273254K->140504K(1032896K), 0.0227820 secs] [Times: user=0.05 sys=0.00, real=0.02 secs] 
2014-03-07T09:24:45.063+0000: 270951.048: [GC2014-03-07T09:24:45.063+0000: 270951.048: [ParNew
Desired survivor size 8716288 bytes, new threshold 4 (max 6)
- age   1:    2538464 bytes,    2538464 total
- age   2:    1968576 bytes,    4507040 total
- age   3:    2382240 bytes,    6889280 total
- age   4:    2241664 bytes,    9130944 total
: 148373K->13002K(153344K), 0.0231720 secs] 276824K->143629K(1032896K), 0.0233370 secs] [Times: user=0.05 sys=0.00, real=0.02 secs] 
2014-03-07T09:27:55.207+0000: 271141.192: [GC2014-03-07T09:27:55.208+0000: 271141.192: [ParNew
Desired survivor size 8716288 bytes, new threshold 4 (max 6)
- age   1:    2473856 bytes,    2473856 total
- age   2:    2141480 bytes,    4615336 total
- age   3:    1920232 bytes,    6535568 total
- age   4:    2366520 bytes,    8902088 total
: 149322K->13438K(153344K), 0.0231230 secs] 279949K->146367K(1032896K), 0.0232940 secs] [Times: user=0.05 sys=0.00, real=0.02 secs] 
2014-03-07T09:31:36.964+0000: 271362.948: [GC2014-03-07T09:31:36.964+0000: 271362.949: [ParNew
Desired survivor size 8716288 bytes, new threshold 6 (max 6)
- age   1:    2396552 bytes,    2396552 total
- age   2:    1934400 bytes,    4330952 total
- age   3:    2070120 bytes,    6401072 total
- age   4:    1919608 bytes,    8320680 total
: 149758K->8537K(153344K), 0.0222200 secs] 282687K->143732K(1032896K), 0.0223850 secs] [Times: user=0.04 sys=0.01, real=0.02 secs] 
2014-03-07T09:35:07.620+0000: 271573.605: [GC2014-03-07T09:35:07.620+0000: 271573.605: [ParNew
Desired survivor size 8716288 bytes, new threshold 4 (max 6)
- age   1:    3023024 bytes,    3023024 total
- age   2:    2036072 bytes,    5059096 total
- age   3:    1886896 bytes,    6945992 total
- age   4:    2069704 bytes,    9015696 total
- age   5:    1919008 bytes,   10934704 total
: 144857K->16364K(153344K), 0.0231320 secs] 280052K->151559K(1032896K), 0.0233230 secs] [Times: user=0.05 sys=0.00, real=0.03 secs] 
2014-03-07T09:39:02.381+0000: 271808.366: [GC2014-03-07T09:39:02.381+0000: 271808.366: [ParNew
Desired survivor size 8716288 bytes, new threshold 6 (max 6)
- age   1:    2544792 bytes,    2544792 total
- age   2:    2097584 bytes,    4642376 total
- age   3:    2034624 bytes,    6677000 total
- age   4:    1885448 bytes,    8562448 total
: 152684K->10001K(153344K), 0.0276280 secs] 287879K->149294K(1032896K), 0.0278060 secs] [Times: user=0.06 sys=0.00, real=0.03 secs] 
2014-03-07T09:42:52.518+0000: 272038.503: [GC2014-03-07T09:42:52.518+0000: 272038.503: [ParNew
Desired survivor size 8716288 bytes, new threshold 5 (max 6)
- age   1:    2335816 bytes,    2335816 total
- age   2:    2204304 bytes,    4540120 total
- age   3:    2049832 bytes,    6589952 total
- age   4:    2033744 bytes,    8623696 total
- age   5:    1884472 bytes,   10508168 total
: 146321K->17024K(153344K), 0.0227330 secs] 285614K->156501K(1032896K), 0.0229110 secs] [Times: user=0.05 sys=0.00, real=0.02 secs] 
2014-03-07T09:46:18.719+0000: 272244.704: [GC2014-03-07T09:46:18.719+0000: 272244.704: [ParNew
Desired survivor size 8716288 bytes, new threshold 4 (max 6)
- age   1:    2596800 bytes,    2596800 total
- age   2:    2116576 bytes,    4713376 total
- age   3:    2203120 bytes,    6916496 total
- age   4:    2049016 bytes,    8965512 total
- age   5:    2030496 bytes,   10996008 total
: 153344K->17024K(153344K), 0.0266390 secs] 292821K->158689K(1032896K), 0.0268050 secs] [Times: user=0.05 sys=0.00, real=0.03 secs] 
2014-03-07T09:50:00.820+0000: 272466.805: [GC2014-03-07T09:50:00.820+0000: 272466.805: [ParNew
Desired survivor size 8716288 bytes, new threshold 4 (max 6)
- age   1:    2455240 bytes,    2455240 total
- age   2:    2383560 bytes,    4838800 total
- age   3:    2115720 bytes,    6954520 total
- age   4:    2202688 bytes,    9157208 total
: 153344K->10729K(153344K), 0.0282600 secs] 295009K->156587K(1032896K), 0.0284290 secs] [Times: user=0.06 sys=0.00, real=0.03 secs] 
2014-03-07T09:53:50.103+0000: 272696.087: [GC2014-03-07T09:53:50.103+0000: 272696.087: [ParNew
Desired survivor size 8716288 bytes, new threshold 4 (max 6)
- age   1:    2605136 bytes,    2605136 total
- age   2:    2050664 bytes,    4655800 total
- age   3:    2337736 bytes,    6993536 total
- age   4:    2115384 bytes,    9108920 total
: 147049K->13955K(153344K), 0.0232790 secs] 292907K->162075K(1032896K), 0.0234530 secs] [Times: user=0.05 sys=0.00, real=0.02 secs] 
2014-03-07T09:56:59.608+0000: 272885.593: [GC2014-03-07T09:56:59.608+0000: 272885.593: [ParNew
Desired survivor size 8716288 bytes, new threshold 4 (max 6)
- age   1:    2521984 bytes,    2521984 total
- age   2:    2122784 bytes,    4644768 total
- age   3:    2038296 bytes,    6683064 total
- age   4:    2314480 bytes,    8997544 total
: 150275K->9235K(153344K), 0.0227850 secs] 298395K->159529K(1032896K), 0.0229680 secs] [Times: user=0.05 sys=0.00, real=0.02 secs] 
2014-03-07T10:00:28.067+0000: 273094.051: [GC2014-03-07T10:00:28.067+0000: 273094.051: [ParNew
Desired survivor size 8716288 bytes, new threshold 6 (max 6)
- age   1:    2606200 bytes,    2606200 total
- age   2:    1762904 bytes,    4369104 total
- age   3:    2120856 bytes,    6489960 total
- age   4:    2037336 bytes,    8527296 total
: 145555K->8804K(153344K), 0.0228000 secs] 295849K->161383K(1032896K), 0.0229820 secs] [Times: user=0.04 sys=0.00, real=0.02 secs] 
2014-03-07T10:04:14.670+0000: 273320.655: [GC2014-03-07T10:04:14.670+0000: 273320.655: [ParNew
Desired survivor size 8716288 bytes, new threshold 5 (max 6)
- age   1:    2510496 bytes,    2510496 total
- age   2:    1999352 bytes,    4509848 total
- age   3:    1748600 bytes,    6258448 total
- age   4:    2120440 bytes,    8378888 total
- age   5:    2037000 bytes,   10415888 total
: 145124K->16465K(153344K), 0.0196680 secs] 297703K->169045K(1032896K), 0.0198490 secs] [Times: user=0.04 sys=0.00, real=0.02 secs] 
2014-03-07T10:07:35.307+0000: 273521.292: [GC2014-03-07T10:07:35.307+0000: 273521.292: [ParNew
Desired survivor size 8716288 bytes, new threshold 5 (max 6)
- age   1:    2304584 bytes,    2304584 total
- age   2:    2116304 bytes,    4420888 total
- age   3:    1966776 bytes,    6387664 total
- age   4:    1744112 bytes,    8131776 total
- age   5:    2120224 bytes,   10252000 total
: 152785K->17024K(153344K), 0.0248990 secs] 305365K->171987K(1032896K), 0.0250510 secs] [Times: user=0.05 sys=0.00, real=0.02 secs] 
2014-03-07T10:11:10.212+0000: 273736.197: [GC2014-03-07T10:11:10.212+0000: 273736.197: [ParNew
Desired survivor size 8716288 bytes, new threshold 5 (max 6)
- age   1:    2514560 bytes,    2514560 total
- age   2:    2122912 bytes,    4637472 total
- age   3:    2070480 bytes,    6707952 total
- age   4:    1966424 bytes,    8674376 total
- age   5:    1743032 bytes,   10417408 total
: 153344K->12498K(153344K), 0.0251190 secs] 308307K->169641K(1032896K), 0.0253020 secs] [Times: user=0.05 sys=0.00, real=0.03 secs] 
2014-03-07T10:15:02.842+0000: 273968.826: [GC2014-03-07T10:15:02.842+0000: 273968.826: [ParNew
Desired survivor size 8716288 bytes, new threshold 5 (max 6)
- age   1:    2302576 bytes,    2302576 total
- age   2:    2030344 bytes,    4332920 total
- age   3:    2110024 bytes,    6442944 total
- age   4:    2069576 bytes,    8512520 total
- age   5:    1966280 bytes,   10478800 total
: 148818K->17024K(153344K), 0.0247360 secs] 305961K->176152K(1032896K), 0.0249100 secs] [Times: user=0.06 sys=0.00, real=0.03 secs] 
2014-03-07T10:18:46.963+0000: 274192.948: [GC2014-03-07T10:18:46.963+0000: 274192.948: [ParNew
Desired survivor size 8716288 bytes, new threshold 4 (max 6)
- age   1:    2729240 bytes,    2729240 total
- age   2:    2136360 bytes,    4865600 total
- age   3:    1982624 bytes,    6848224 total
- age   4:    2097368 bytes,    8945592 total
- age   5:    2068976 bytes,   11014568 total
: 153344K->15134K(153344K), 0.0257220 secs] 312472K->176281K(1032896K), 0.0258840 secs] [Times: user=0.05 sys=0.00, real=0.02 secs] 
2014-03-07T10:22:09.909+0000: 274395.894: [GC2014-03-07T10:22:09.909+0000: 274395.894: [ParNew
Desired survivor size 8716288 bytes, new threshold 4 (max 6)
- age   1:    2413104 bytes,    2413104 total
- age   2:    2261224 bytes,    4674328 total
- age   3:    2125224 bytes,    6799552 total
- age   4:    1980944 bytes,    8780496 total
: 151454K->15856K(153344K), 0.0284260 secs] 312601K->181238K(1032896K), 0.0286050 secs] [Times: user=0.06 sys=0.00, real=0.03 secs] 
2014-03-07T10:25:55.746+0000: 274621.731: [GC2014-03-07T10:25:55.746+0000: 274621.731: [ParNew
Desired survivor size 8716288 bytes, new threshold 4 (max 6)
- age   1:    2570552 bytes,    2570552 total
- age   2:    1884488 bytes,    4455040 total
- age   3:    2162792 bytes,    6617832 total
- age   4:    2124480 bytes,    8742312 total
: 152176K->11565K(153344K), 0.0223260 secs] 317558K->178983K(1032896K), 0.0224920 secs] [Times: user=0.05 sys=0.00, real=0.02 secs] 
2014-03-07T10:29:30.131+0000: 274836.116: [GC2014-03-07T10:29:30.131+0000: 274836.116: [ParNew
Desired survivor size 8716288 bytes, new threshold 6 (max 6)
- age   1:    2452592 bytes,    2452592 total
- age   2:    2124480 bytes,    4577072 total
- age   3:    1880928 bytes,    6458000 total
- age   4:    2161472 bytes,    8619472 total
: 147885K->15604K(153344K), 0.0221900 secs] 315303K->185207K(1032896K), 0.0223560 secs] [Times: user=0.05 sys=0.00, real=0.02 secs] 
2014-03-07T10:30:04.616+0000: 274870.600: [GC2014-03-07T10:30:04.616+0000: 274870.600: [ParNew
Desired survivor size 8716288 bytes, new threshold 1 (max 6)
- age   1:   10076040 bytes,   10076040 total
- age   2:    2002352 bytes,   12078392 total
- age   3:    1679104 bytes,   13757496 total
- age   4:    1530360 bytes,   15287856 total
- age   5:    2142264 bytes,   17430120 total
: 151924K->17024K(153344K), 0.0359500 secs] 321527K->195087K(1032896K), 0.0361280 secs] [Times: user=0.08 sys=0.00, real=0.03 secs] 
2014-03-07T10:30:41.819+0000: 274907.803: [GC2014-03-07T10:30:41.819+0000: 274907.803: [ParNew
Desired survivor size 8716288 bytes, new threshold 1 (max 6)
- age   1:    9403488 bytes,    9403488 total
: 153344K->14720K(153344K), 0.0398190 secs] 331407K->205868K(1032896K), 0.0399700 secs] [Times: user=0.08 sys=0.00, real=0.04 secs] 
2014-03-07T10:30:51.792+0000: 274917.777: [GC2014-03-07T10:30:51.792+0000: 274917.777: [ParNew
Desired survivor size 8716288 bytes, new threshold 1 (max 6)
- age   1:   10945232 bytes,   10945232 total
: 151040K->15516K(153344K), 0.0221940 secs] 342188K->207209K(1032896K), 0.0223560 secs] [Times: user=0.05 sys=0.00, real=0.03 secs] 
2014-03-07T10:31:47.126+0000: 274973.110: [GC2014-03-07T10:31:47.126+0000: 274973.111: [ParNew
Desired survivor size 8716288 bytes, new threshold 6 (max 6)
- age   1:    6765944 bytes,    6765944 total
: 151836K->10632K(153344K), 0.0103780 secs] 343529K->202442K(1032896K), 0.0105230 secs] [Times: user=0.02 sys=0.00, real=0.01 secs] 
2014-03-07T10:33:00.725+0000: 275046.710: [GC2014-03-07T10:33:00.725+0000: 275046.710: [ParNew
Desired survivor size 8716288 bytes, new threshold 6 (max 6)
- age   1:    6721080 bytes,    6721080 total
- age   2:     556368 bytes,    7277448 total
: 146952K->9988K(153344K), 0.0109480 secs] 338762K->201798K(1032896K), 0.0111080 secs] [Times: user=0.02 sys=0.00, real=0.01 secs] 
2014-03-07T10:34:18.356+0000: 275124.341: [GC2014-03-07T10:34:18.356+0000: 275124.341: [ParNew
Desired survivor size 8716288 bytes, new threshold 6 (max 6)
- age   1:    6741592 bytes,    6741592 total
- age   2:     699800 bytes,    7441392 total
- age   3:     555304 bytes,    7996696 total
: 146308K->12692K(153344K), 0.0118600 secs] 338118K->204502K(1032896K), 0.0120110 secs] [Times: user=0.03 sys=0.00, real=0.01 secs] 
2014-03-07T10:37:30.403+0000: 275316.388: [GC2014-03-07T10:37:30.403+0000: 275316.388: [ParNew
Desired survivor size 8716288 bytes, new threshold 6 (max 6)
- age   1:    2319120 bytes,    2319120 total
- age   2:     706952 bytes,    3026072 total
- age   3:     698408 bytes,    3724480 total
- age   4:     521600 bytes,    4246080 total
: 149012K->4489K(153344K), 0.0128150 secs] 340822K->196298K(1032896K), 0.0129660 secs] [Times: user=0.02 sys=0.00, real=0.01 secs] 
2014-03-07T10:40:30.909+0000: 275496.894: [GC2014-03-07T10:40:30.909+0000: 275496.894: [ParNew
Desired survivor size 8716288 bytes, new threshold 6 (max 6)
- age   1:    3066528 bytes,    3066528 total
- age   2:    1896416 bytes,    4962944 total
- age   3:     706704 bytes,    5669648 total
- age   4:     698248 bytes,    6367896 total
- age   5:     521528 bytes,    6889424 total
: 140809K->8259K(153344K), 0.0171390 secs] 332618K->200069K(1032896K), 0.0173260 secs] [Times: user=0.03 sys=0.00, real=0.02 secs] 
2014-03-07T10:44:05.413+0000: 275711.398: [GC2014-03-07T10:44:05.414+0000: 275711.398: [ParNew
Desired survivor size 8716288 bytes, new threshold 6 (max 6)
- age   1:    2366296 bytes,    2366296 total
- age   2:    1990952 bytes,    4357248 total
- age   3:    1857600 bytes,    6214848 total
- age   4:     706384 bytes,    6921232 total
- age   5:     697880 bytes,    7619112 total
- age   6:     520656 bytes,    8139768 total
: 144579K->11829K(153344K), 0.0168210 secs] 336389K->203639K(1032896K), 0.0170020 secs] [Times: user=0.04 sys=0.00, real=0.02 secs] 
2014-03-07T10:48:00.515+0000: 275946.500: [GC2014-03-07T10:48:00.515+0000: 275946.500: [ParNew
Desired survivor size 8716288 bytes, new threshold 5 (max 6)
- age   1:    2478808 bytes,    2478808 total
- age   2:    1999912 bytes,    4478720 total
- age   3:    1971032 bytes,    6449752 total
- age   4:    1856592 bytes,    8306344 total
- age   5:     706240 bytes,    9012584 total
- age   6:     697784 bytes,    9710368 total
: 148149K->14657K(153344K), 0.0199520 secs] 339959K->207001K(1032896K), 0.0201200 secs] [Times: user=0.04 sys=0.00, real=0.02 secs] 
2014-03-07T10:51:40.909+0000: 276166.894: [GC2014-03-07T10:51:40.909+0000: 276166.894: [ParNew
Desired survivor size 8716288 bytes, new threshold 5 (max 6)
- age   1:    2394216 bytes,    2394216 total
- age   2:    2172184 bytes,    4566400 total
- age   3:    1996640 bytes,    6563040 total
- age   4:    1677624 bytes,    8240664 total
- age   5:    1810248 bytes,   10050912 total
: 150977K->17024K(153344K), 0.0234870 secs] 343321K->211317K(1032896K), 0.0236380 secs] [Times: user=0.05 sys=0.00, real=0.02 secs] 
2014-03-07T10:55:10.951+0000: 276376.935: [GC2014-03-07T10:55:10.951+0000: 276376.936: [ParNew
Desired survivor size 8716288 bytes, new threshold 4 (max 6)
- age   1:    2522880 bytes,    2522880 total
- age   2:    2090744 bytes,    4613624 total
- age   3:    2171808 bytes,    6785432 total
- age   4:    1992872 bytes,    8778304 total
- age   5:    1676528 bytes,   10454832 total
: 153344K->11996K(153344K), 0.0246570 secs] 347637K->208149K(1032896K), 0.0248410 secs] [Times: user=0.05 sys=0.00, real=0.03 secs] 
2014-03-07T10:59:02.850+0000: 276608.835: [GC2014-03-07T10:59:02.850+0000: 276608.835: [ParNew
Desired survivor size 8716288 bytes, new threshold 4 (max 6)
- age   1:    2560448 bytes,    2560448 total
- age   2:    2076288 bytes,    4636736 total
- age   3:    2080368 bytes,    6717104 total
- age   4:    2171376 bytes,    8888480 total
: 148316K->13597K(153344K), 0.0266290 secs] 344469K->213521K(1032896K), 0.0268060 secs] [Times: user=0.05 sys=0.00, real=0.03 secs] 
2014-03-07T11:02:29.595+0000: 276815.580: [GC2014-03-07T11:02:29.595+0000: 276815.580: [ParNew
Desired survivor size 8716288 bytes, new threshold 4 (max 6)
- age   1:    2822368 bytes,    2822368 total
- age   2:    2188384 bytes,    5010752 total
- age   3:    2059896 bytes,    7070648 total
- age   4:    2079592 bytes,    9150240 total
: 149917K->13232K(153344K), 0.0232090 secs] 349841K->215388K(1032896K), 0.0233780 secs] [Times: user=0.05 sys=0.00, real=0.02 secs] 
2014-03-07T11:05:55.054+0000: 277021.039: [GC2014-03-07T11:05:55.054+0000: 277021.039: [ParNew
Desired survivor size 8716288 bytes, new threshold 4 (max 6)
- age   1:    2475752 bytes,    2475752 total
- age   2:    2243816 bytes,    4719568 total
- age   3:    2141864 bytes,    6861432 total
- age   4:    2058552 bytes,    8919984 total
: 149552K->13225K(153344K), 0.0229060 secs] 351708K->217516K(1032896K), 0.0230850 secs] [Times: user=0.05 sys=0.00, real=0.02 secs] 
2014-03-07T11:09:15.909+0000: 277221.894: [GC2014-03-07T11:09:15.909+0000: 277221.894: [ParNew
Desired survivor size 8716288 bytes, new threshold 4 (max 6)
- age   1:    2471504 bytes,    2471504 total
- age   2:    1907456 bytes,    4378960 total
- age   3:    2223752 bytes,    6602712 total
- age   4:    2141128 bytes,    8743840 total
: 149545K->13062K(153344K), 0.0247310 secs] 353836K->219464K(1032896K), 0.0249100 secs] [Times: user=0.05 sys=0.00, real=0.03 secs] 
2014-03-07T11:12:47.516+0000: 277433.500: [GC2014-03-07T11:12:47.516+0000: 277433.501: [ParNew
Desired survivor size 8716288 bytes, new threshold 6 (max 6)
- age   1:    2446352 bytes,    2446352 total
- age   2:    1866424 bytes,    4312776 total
- age   3:    1905096 bytes,    6217872 total
- age   4:    2206112 bytes,    8423984 total
: 149382K->8548K(153344K), 0.0225920 secs] 355784K->217151K(1032896K), 0.0227720 secs] [Times: user=0.05 sys=0.00, real=0.02 secs] 
2014-03-07T11:16:34.909+0000: 277660.894: [GC2014-03-07T11:16:34.909+0000: 277660.894: [ParNew
Desired survivor size 8716288 bytes, new threshold 5 (max 6)
- age   1:    2529768 bytes,    2529768 total
- age   2:    2029104 bytes,    4558872 total
- age   3:    1845352 bytes,    6404224 total
- age   4:    1904520 bytes,    8308744 total
- age   5:    2166560 bytes,   10475304 total
: 144868K->16300K(153344K), 0.0231850 secs] 353471K->224903K(1032896K), 0.0233650 secs] [Times: user=0.05 sys=0.00, real=0.02 secs] 
2014-03-07T11:19:33.592+0000: 277839.577: [GC2014-03-07T11:19:33.592+0000: 277839.577: [ParNew
Desired survivor size 8716288 bytes, new threshold 5 (max 6)
- age   1:    2458600 bytes,    2458600 total
- age   2:    2126112 bytes,    4584712 total
- age   3:    1979968 bytes,    6564680 total
- age   4:    1844064 bytes,    8408744 total
- age   5:    1904232 bytes,   10312976 total
: 152620K->14689K(153344K), 0.0245120 secs] 361223K->225510K(1032896K), 0.0246720 secs] [Times: user=0.06 sys=0.00, real=0.03 secs] 
2014-03-07T11:23:19.379+0000: 278065.364: [GC2014-03-07T11:23:19.379+0000: 278065.364: [ParNew
Desired survivor size 8716288 bytes, new threshold 5 (max 6)
- age   1:    2466536 bytes,    2466536 total
- age   2:    1706920 bytes,    4173456 total
- age   3:    2106032 bytes,    6279488 total
- age   4:    1976928 bytes,    8256416 total
- age   5:    1843536 bytes,   10099952 total
: 151009K->14640K(153344K), 0.0238330 secs] 361830K->227417K(1032896K), 0.0239960 secs] [Times: user=0.04 sys=0.01, real=0.03 secs] 
2014-03-07T11:27:00.174+0000: 278286.159: [GC2014-03-07T11:27:00.174+0000: 278286.159: [ParNew
Desired survivor size 8716288 bytes, new threshold 5 (max 6)
- age   1:    2674856 bytes,    2674856 total
- age   2:    2136120 bytes,    4810976 total
- age   3:    1676432 bytes,    6487408 total
- age   4:    2104608 bytes,    8592016 total
- age   5:    1976232 bytes,   10568248 total
: 150960K->14744K(153344K), 0.0242130 secs] 363737K->229417K(1032896K), 0.0243700 secs] [Times: user=0.05 sys=0.00, real=0.02 secs] 
2014-03-07T11:30:26.265+0000: 278492.250: [GC2014-03-07T11:30:26.265+0000: 278492.250: [ParNew
Desired survivor size 8716288 bytes, new threshold 5 (max 6)
- age   1:    2467376 bytes,    2467376 total
- age   2:    2203160 bytes,    4670536 total
- age   3:    2089072 bytes,    6759608 total
- age   4:    1673624 bytes,    8433232 total
- age   5:    2104104 bytes,   10537336 total
: 151064K->15287K(153344K), 0.0245420 secs] 365737K->231990K(1032896K), 0.0246980 secs] [Times: user=0.05 sys=0.00, real=0.02 secs] 
2014-03-07T11:33:50.986+0000: 278696.971: [GC2014-03-07T11:33:50.987+0000: 278696.971: [ParNew
Desired survivor size 8716288 bytes, new threshold 4 (max 6)
- age   1:    2673136 bytes,    2673136 total
- age   2:    1898008 bytes,    4571144 total
- age   3:    2114872 bytes,    6686016 total
- age   4:    2085672 bytes,    8771688 total
- age   5:    1672056 bytes,   10443744 total
: 151607K->15231K(153344K), 0.0246520 secs] 368310K->234097K(1032896K), 0.0248180 secs] [Times: user=0.06 sys=0.00, real=0.02 secs] 
2014-03-07T11:37:12.594+0000: 278898.579: [GC2014-03-07T11:37:12.594+0000: 278898.579: [ParNew
Desired survivor size 8716288 bytes, new threshold 4 (max 6)
- age   1:    2567816 bytes,    2567816 total
- age   2:    2174736 bytes,    4742552 total
- age   3:    1894664 bytes,    6637216 total
- age   4:    2114392 bytes,    8751608 total
: 151551K->10293K(153344K), 0.0263910 secs] 370417K->233020K(1032896K), 0.0265640 secs] [Times: user=0.06 sys=0.00, real=0.02 secs] 
2014-03-07T11:40:40.223+0000: 279106.208: [GC2014-03-07T11:40:40.224+0000: 279106.208: [ParNew
Desired survivor size 8716288 bytes, new threshold 6 (max 6)
- age   1:    2644200 bytes,    2644200 total
- age   2:    1870432 bytes,    4514632 total
- age   3:    2143848 bytes,    6658480 total
- age   4:    1894304 bytes,    8552784 total
: 146613K->8947K(153344K), 0.0226000 secs] 369340K->233845K(1032896K), 0.0228000 secs] [Times: user=0.04 sys=0.00, real=0.02 secs] 
2014-03-07T11:43:58.845+0000: 279304.830: [GC2014-03-07T11:43:58.845+0000: 279304.830: [ParNew
Desired survivor size 8716288 bytes, new threshold 5 (max 6)
- age   1:    2609816 bytes,    2609816 total
- age   2:    2088136 bytes,    4697952 total
- age   3:    1869224 bytes,    6567176 total
- age   4:    2143408 bytes,    8710584 total
- age   5:    1894016 bytes,   10604600 total
: 145267K->16760K(153344K), 0.0196470 secs] 370165K->241658K(1032896K), 0.0198020 secs] [Times: user=0.04 sys=0.00, real=0.02 secs] 
2014-03-07T11:47:05.134+0000: 279491.119: [GC2014-03-07T11:47:05.134+0000: 279491.119: [ParNew
Desired survivor size 8716288 bytes, new threshold 5 (max 6)
- age   1:    2415456 bytes,    2415456 total
- age   2:    1992224 bytes,    4407680 total
- age   3:    2015584 bytes,    6423264 total
- age   4:    1868040 bytes,    8291304 total
- age   5:    2143168 bytes,   10434472 total
: 153080K->14727K(153344K), 0.0243030 secs] 377978K->241572K(1032896K), 0.0244760 secs] [Times: user=0.05 sys=0.00, real=0.03 secs] 
2014-03-07T11:50:25.430+0000: 279691.415: [GC2014-03-07T11:50:25.430+0000: 279691.415: [ParNew
Desired survivor size 8716288 bytes, new threshold 5 (max 6)
- age   1:    2517152 bytes,    2517152 total
- age   2:    1728288 bytes,    4245440 total
- age   3:    1837744 bytes,    6083184 total
- age   4:    2009808 bytes,    8092992 total
- age   5:    1867584 bytes,    9960576 total
: 151047K->14927K(153344K), 0.0254330 secs] 377892K->243964K(1032896K), 0.0256250 secs] [Times: user=0.04 sys=0.00, real=0.03 secs] 
2014-03-07T11:53:03.466+0000: 279849.451: [GC2014-03-07T11:53:03.466+0000: 279849.451: [ParNew
Desired survivor size 8716288 bytes, new threshold 5 (max 6)
- age   1:    2144888 bytes,    2144888 total
- age   2:    1954408 bytes,    4099296 total
- age   3:    1726456 bytes,    5825752 total
- age   4:    1836744 bytes,    7662496 total
- age   5:    2008920 bytes,    9671416 total
: 151247K->14721K(153344K), 0.0235150 secs] 380284K->245677K(1032896K), 0.0237190 secs] [Times: user=0.06 sys=0.00, real=0.02 secs] 
2014-03-07T11:56:49.347+0000: 280075.332: [GC2014-03-07T11:56:49.347+0000: 280075.332: [ParNew
Desired survivor size 8716288 bytes, new threshold 5 (max 6)
- age   1:    2505104 bytes,    2505104 total
- age   2:    1514504 bytes,    4019608 total
- age   3:    1857088 bytes,    5876696 total
- age   4:    1726088 bytes,    7602784 total
- age   5:    1836440 bytes,    9439224 total
: 151035K->13869K(153344K), 0.0231910 secs] 381991K->246808K(1032896K), 0.0233520 secs] [Times: user=0.05 sys=0.00, real=0.02 secs] 
2014-03-07T12:00:16.761+0000: 280282.745: [GC2014-03-07T12:00:16.761+0000: 280282.746: [ParNew
Desired survivor size 8716288 bytes, new threshold 5 (max 6)
- age   1:    2570272 bytes,    2570272 total
- age   2:    2122968 bytes,    4693240 total
- age   3:    1464840 bytes,    6158080 total
- age   4:    1856544 bytes,    8014624 total
- age   5:    1725752 bytes,    9740376 total
: 150189K->13823K(153344K), 0.0234010 secs] 383128K->248650K(1032896K), 0.0235710 secs] [Times: user=0.06 sys=0.00, real=0.03 secs] 
2014-03-07T12:02:48.395+0000: 280434.380: [GC2014-03-07T12:02:48.395+0000: 280434.380: [ParNew
Desired survivor size 8716288 bytes, new threshold 1 (max 6)
- age   1:    9179088 bytes,    9179088 total
- age   2:    2021864 bytes,   11200952 total
- age   3:    2092400 bytes,   13293352 total
- age   4:    1444536 bytes,   14737888 total
- age   5:    1840112 bytes,   16578000 total
: 150143K->17024K(153344K), 0.0319830 secs] 384970K->254373K(1032896K), 0.0321610 secs] [Times: user=0.07 sys=0.00, real=0.03 secs] 
2014-03-07T12:03:26.453+0000: 280472.438: [GC2014-03-07T12:03:26.453+0000: 280472.438: [ParNew
Desired survivor size 8716288 bytes, new threshold 1 (max 6)
- age   1:   14414752 bytes,   14414752 total
: 153344K->17024K(153344K), 0.0493290 secs] 390693K->267521K(1032896K), 0.0495310 secs] [Times: user=0.10 sys=0.00, real=0.06 secs] 
2014-03-07T12:04:01.590+0000: 280507.575: [GC2014-03-07T12:04:01.590+0000: 280507.575: [ParNew
Desired survivor size 8716288 bytes, new threshold 1 (max 6)
- age   1:    9954880 bytes,    9954880 total
: 153344K->14951K(153344K), 0.0257530 secs] 403841K->271555K(1032896K), 0.0259300 secs] [Times: user=0.05 sys=0.01, real=0.03 secs] 
2014-03-07T12:06:20.380+0000: 280646.364: [GC2014-03-07T12:06:20.380+0000: 280646.364: [ParNew
Desired survivor size 8716288 bytes, new threshold 6 (max 6)
- age   1:    4115512 bytes,    4115512 total
: 151271K->10728K(153344K), 0.0136010 secs] 407875K->270936K(1032896K), 0.0137770 secs] [Times: user=0.02 sys=0.00, real=0.01 secs] 
2014-03-07T12:09:32.963+0000: 280838.948: [GC2014-03-07T12:09:32.963+0000: 280838.948: [ParNew
Desired survivor size 8716288 bytes, new threshold 6 (max 6)
- age   1:    2393792 bytes,    2393792 total
- age   2:    1359736 bytes,    3753528 total
: 147048K->5445K(153344K), 0.0122630 secs] 407256K->265653K(1032896K), 0.0124100 secs] [Times: user=0.03 sys=0.00, real=0.01 secs] 
2014-03-07T12:13:23.401+0000: 281069.386: [GC2014-03-07T12:13:23.401+0000: 281069.386: [ParNew
Desired survivor size 8716288 bytes, new threshold 6 (max 6)
- age   1:    2539984 bytes,    2539984 total
- age   2:    1790968 bytes,    4330952 total
- age   3:    1308552 bytes,    5639504 total
: 141765K->6979K(153344K), 0.0135620 secs] 401973K->267187K(1032896K), 0.0137020 secs] [Times: user=0.03 sys=0.00, real=0.02 secs] 
2014-03-07T12:16:55.439+0000: 281281.424: [GC2014-03-07T12:16:55.439+0000: 281281.424: [ParNew
Desired survivor size 8716288 bytes, new threshold 6 (max 6)
- age   1:    2514592 bytes,    2514592 total
- age   2:    2180336 bytes,    4694928 total
- age   3:    1779184 bytes,    6474112 total
- age   4:    1307688 bytes,    7781800 total
: 143299K->9943K(153344K), 0.0181010 secs] 403507K->270151K(1032896K), 0.0182710 secs] [Times: user=0.04 sys=0.00, real=0.02 secs] 
2014-03-07T12:20:31.318+0000: 281497.303: [GC2014-03-07T12:20:31.318+0000: 281497.303: [ParNew
Desired survivor size 8716288 bytes, new threshold 5 (max 6)
- age   1:    2534048 bytes,    2534048 total
- age   2:    1981208 bytes,    4515256 total
- age   3:    2134168 bytes,    6649424 total
- age   4:    1777960 bytes,    8427384 total
- age   5:    1306752 bytes,    9734136 total
: 146263K->13721K(153344K), 0.0199740 secs] 406471K->273930K(1032896K), 0.0201490 secs] [Times: user=0.04 sys=0.00, real=0.02 secs] 
2014-03-07T12:21:35.099+0000: 281561.084: [GC2014-03-07T12:21:35.099+0000: 281561.084: [ParNew
Desired survivor size 8716288 bytes, new threshold 1 (max 6)
- age   1:    9839200 bytes,    9839200 total
- age   2:    2045888 bytes,   11885088 total
- age   3:    1963944 bytes,   13849032 total
- age   4:    1834376 bytes,   15683408 total
- age   5:    1746840 bytes,   17430248 total
: 150041K->17024K(153344K), 0.0355120 secs] 410250K->284825K(1032896K), 0.0357040 secs] [Times: user=0.07 sys=0.00, real=0.04 secs] 
2014-03-07T12:25:10.606+0000: 281776.590: [GC2014-03-07T12:25:10.606+0000: 281776.590: [ParNew
Desired survivor size 8716288 bytes, new threshold 6 (max 6)
- age   1:    2510952 bytes,    2510952 total
: 153344K->15146K(153344K), 0.0376380 secs] 421145K->300276K(1032896K), 0.0378100 secs] [Times: user=0.08 sys=0.00, real=0.04 secs] 
2014-03-07T12:28:05.404+0000: 281951.389: [GC2014-03-07T12:28:05.404+0000: 281951.389: [ParNew
Desired survivor size 8716288 bytes, new threshold 6 (max 6)
- age   1:    2254648 bytes,    2254648 total
- age   2:    2062440 bytes,    4317088 total
: 151466K->4434K(153344K), 0.0128950 secs] 436596K->289564K(1032896K), 0.0130670 secs] [Times: user=0.03 sys=0.00, real=0.01 secs] 
2014-03-07T12:31:48.862+0000: 282174.847: [GC2014-03-07T12:31:48.862+0000: 282174.847: [ParNew
Desired survivor size 8716288 bytes, new threshold 6 (max 6)
- age   1:    2497552 bytes,    2497552 total
- age   2:    1753728 bytes,    4251280 total
- age   3:    2004480 bytes,    6255760 total
: 140754K->8173K(153344K), 0.0143280 secs] 425884K->293304K(1032896K), 0.0145060 secs] [Times: user=0.03 sys=0.00, real=0.02 secs] 
2014-03-07T12:35:25.474+0000: 282391.459: [GC2014-03-07T12:35:25.474+0000: 282391.459: [ParNew
Desired survivor size 8716288 bytes, new threshold 6 (max 6)
- age   1:    2842056 bytes,    2842056 total
- age   2:    2047496 bytes,    4889552 total
- age   3:    1747992 bytes,    6637544 total
- age   4:    2003408 bytes,    8640952 total
: 144493K->11075K(153344K), 0.0176480 secs] 429624K->296205K(1032896K), 0.0178140 secs] [Times: user=0.04 sys=0.00, real=0.01 secs] 
2014-03-07T12:38:44.996+0000: 282590.980: [GC2014-03-07T12:38:44.996+0000: 282590.980: [ParNew
Desired survivor size 8716288 bytes, new threshold 5 (max 6)
- age   1:    2545344 bytes,    2545344 total
- age   2:    2273520 bytes,    4818864 total
- age   3:    2045112 bytes,    6863976 total
- age   4:    1744360 bytes,    8608336 total
- age   5:    2003072 bytes,   10611408 total
: 147395K->15317K(153344K), 0.0197660 secs] 432525K->300447K(1032896K), 0.0199290 secs] [Times: user=0.04 sys=0.00, real=0.02 secs] 
2014-03-07T12:42:04.392+0000: 282790.377: [GC2014-03-07T12:42:04.392+0000: 282790.377: [ParNew
Desired survivor size 8716288 bytes, new threshold 4 (max 6)
- age   1:    2389368 bytes,    2389368 total
- age   2:    2049696 bytes,    4439064 total
- age   3:    2271112 bytes,    6710176 total
- age   4:    2044232 bytes,    8754408 total
- age   5:    1742136 bytes,   10496544 total
: 151637K->14445K(153344K), 0.0252790 secs] 436767K->301633K(1032896K), 0.0254520 secs] [Times: user=0.06 sys=0.00, real=0.03 secs] 
2014-03-07T12:44:34.942+0000: 282940.926: [GC2014-03-07T12:44:34.942+0000: 282940.927: [ParNew
Desired survivor size 8716288 bytes, new threshold 4 (max 6)
- age   1:    3968840 bytes,    3968840 total
- age   2:    1861232 bytes,    5830072 total
- age   3:    1916128 bytes,    7746200 total
- age   4:    2270728 bytes,   10016928 total
: 150765K->15177K(153344K), 0.0276090 secs] 437953K->306253K(1032896K), 0.0277870 secs] [Times: user=0.06 sys=0.00, real=0.03 secs] 
2014-03-07T12:47:24.909+0000: 283110.894: [GC2014-03-07T12:47:24.909+0000: 283110.894: [ParNew
Desired survivor size 8716288 bytes, new threshold 4 (max 6)
- age   1:    2507368 bytes,    2507368 total
- age   2:    3336408 bytes,    5843776 total
- age   3:    1840448 bytes,    7684224 total
- age   4:    1862776 bytes,    9547000 total
: 151497K->14607K(153344K), 0.0223930 secs] 442573K->308007K(1032896K), 0.0225680 secs] [Times: user=0.05 sys=0.00, real=0.02 secs] 
2014-03-07T12:51:13.449+0000: 283339.434: [GC2014-03-07T12:51:13.449+0000: 283339.434: [ParNew
Desired survivor size 8716288 bytes, new threshold 6 (max 6)
- age   1:    2515584 bytes,    2515584 total
- age   2:    1592080 bytes,    4107664 total
- age   3:    1408088 bytes,    5515752 total
- age   4:    1840096 bytes,    7355848 total
: 150927K->9210K(153344K), 0.0210780 secs] 444327K->304523K(1032896K), 0.0212790 secs] [Times: user=0.05 sys=0.00, real=0.02 secs] 
2014-03-07T12:52:51.478+0000: 283437.463: [GC2014-03-07T12:52:51.479+0000: 283437.463: [ParNew
Desired survivor size 8716288 bytes, new threshold 1 (max 6)
- age   1:   10526656 bytes,   10526656 total
- age   2:    2105144 bytes,   12631800 total
- age   3:    1567400 bytes,   14199200 total
- age   4:    1398984 bytes,   15598184 total
- age   5:    1831464 bytes,   17429648 total
: 145530K->17024K(153344K), 0.0341010 secs] 440843K->316556K(1032896K), 0.0342880 secs] [Times: user=0.07 sys=0.00, real=0.03 secs] 
2014-03-07T12:53:01.190+0000: 283447.175: [GC2014-03-07T12:53:01.190+0000: 283447.175: [ParNew
Desired survivor size 8716288 bytes, new threshold 1 (max 6)
- age   1:   13648152 bytes,   13648152 total
: 153344K->17024K(153344K), 0.0481520 secs] 452876K->329650K(1032896K), 0.0483350 secs] [Times: user=0.10 sys=0.00, real=0.05 secs] 
2014-03-07T12:56:00.089+0000: 283626.074: [GC2014-03-07T12:56:00.089+0000: 283626.074: [ParNew
Desired survivor size 8716288 bytes, new threshold 6 (max 6)
- age   1:    3172392 bytes,    3172392 total
: 153344K->14016K(153344K), 0.0159130 secs] 465970K->334132K(1032896K), 0.0160890 secs] [Times: user=0.03 sys=0.00, real=0.02 secs] 
2014-03-07T12:59:00.225+0000: 283806.210: [GC2014-03-07T12:59:00.225+0000: 283806.210: [ParNew
Desired survivor size 8716288 bytes, new threshold 6 (max 6)
- age   1:    2393208 bytes,    2393208 total
- age   2:    1685968 bytes,    4079176 total
: 150336K->4341K(153344K), 0.0124960 secs] 470452K->324457K(1032896K), 0.0126320 secs] [Times: user=0.03 sys=0.00, real=0.01 secs] 
2014-03-07T13:02:19.769+0000: 284005.754: [GC2014-03-07T13:02:19.769+0000: 284005.754: [ParNew
Desired survivor size 8716288 bytes, new threshold 6 (max 6)
- age   1:    2598000 bytes,    2598000 total
- age   2:    1913232 bytes,    4511232 total
- age   3:    1684512 bytes,    6195744 total
: 140661K->7990K(153344K), 0.0142810 secs] 460777K->328106K(1032896K), 0.0144190 secs] [Times: user=0.03 sys=0.00, real=0.02 secs] 
2014-03-07T13:04:54.170+0000: 284160.155: [GC2014-03-07T13:04:54.170+0000: 284160.155: [ParNew
Desired survivor size 8716288 bytes, new threshold 4 (max 6)
- age   1:    4408208 bytes,    4408208 total
- age   2:    1954664 bytes,    6362872 total
- age   3:    1797912 bytes,    8160784 total
- age   4:    1684064 bytes,    9844848 total
: 144310K->10876K(153344K), 0.0187180 secs] 464426K->330993K(1032896K), 0.0188880 secs] [Times: user=0.04 sys=0.00, real=0.02 secs] 
2014-03-07T13:08:05.242+0000: 284351.226: [GC2014-03-07T13:08:05.242+0000: 284351.226: [ParNew
Desired survivor size 8716288 bytes, new threshold 4 (max 6)
- age   1:    2597536 bytes,    2597536 total
- age   2:    3148360 bytes,    5745896 total
- age   3:    1849368 bytes,    7595264 total
- age   4:    1797704 bytes,    9392968 total
: 147196K->16788K(153344K), 0.0216320 secs] 467313K->338634K(1032896K), 0.0218140 secs] [Times: user=0.05 sys=0.00, real=0.03 secs] 
2014-03-07T13:11:30.442+0000: 284556.426: [GC2014-03-07T13:11:30.442+0000: 284556.426: [ParNew
Desired survivor size 8716288 bytes, new threshold 6 (max 6)
- age   1:    2433928 bytes,    2433928 total
- age   2:    1845408 bytes,    4279336 total
- age   3:    1449560 bytes,    5728896 total
- age   4:    1849088 bytes,    7577984 total
: 153108K->11045K(153344K), 0.0206890 secs] 474954K->334733K(1032896K), 0.0208540 secs] [Times: user=0.04 sys=0.00, real=0.03 secs] 
2014-03-07T13:13:54.299+0000: 284700.284: [GC2014-03-07T13:13:54.299+0000: 284700.284: [ParNew
Desired survivor size 8716288 bytes, new threshold 5 (max 6)
- age   1:    2289328 bytes,    2289328 total
- age   2:    1929000 bytes,    4218328 total
- age   3:    1837792 bytes,    6056120 total
- age   4:    1448552 bytes,    7504672 total
- age   5:    1848720 bytes,    9353392 total
: 147365K->13808K(153344K), 0.0181890 secs] 471053K->337496K(1032896K), 0.0183470 secs] [Times: user=0.03 sys=0.00, real=0.02 secs] 
2014-03-07T13:16:44.715+0000: 284870.700: [GC2014-03-07T13:16:44.715+0000: 284870.700: [ParNew
Desired survivor size 8716288 bytes, new threshold 4 (max 6)
- age   1:    4001880 bytes,    4001880 total
- age   2:    1564360 bytes,    5566240 total
- age   3:    1898928 bytes,    7465168 total
- age   4:    1837464 bytes,    9302632 total
- age   5:    1448376 bytes,   10751008 total
: 150128K->16695K(153344K), 0.0235410 secs] 473816K->342283K(1032896K), 0.0237010 secs] [Times: user=0.05 sys=0.00, real=0.02 secs] 
2014-03-07T13:19:39.687+0000: 285045.672: [GC2014-03-07T13:19:39.687+0000: 285045.672: [ParNew
Desired survivor size 8716288 bytes, new threshold 4 (max 6)
- age   1:    4351168 bytes,    4351168 total
- age   2:    1622784 bytes,    5973952 total
- age   3:    1327960 bytes,    7301912 total
- age   4:    1897640 bytes,    9199552 total
: 153015K->14857K(153344K), 0.0270570 secs] 478603K->343819K(1032896K), 0.0272310 secs] [Times: user=0.05 sys=0.00, real=0.03 secs] 
2014-03-07T13:19:46.221+0000: 285052.206: [GC2014-03-07T13:19:46.221+0000: 285052.206: [ParNew
Desired survivor size 8716288 bytes, new threshold 1 (max 6)
- age   1:   12559752 bytes,   12559752 total
- age   2:    1943552 bytes,   14503304 total
- age   3:    1610704 bytes,   16114008 total
- age   4:    1315280 bytes,   17429288 total
: 151177K->17024K(153344K), 0.0359420 secs] 480139K->353193K(1032896K), 0.0361250 secs] [Times: user=0.08 sys=0.00, real=0.04 secs] 
2014-03-07T13:21:48.044+0000: 285174.028: [GC2014-03-07T13:21:48.044+0000: 285174.029: [ParNew
Desired survivor size 8716288 bytes, new threshold 6 (max 6)
- age   1:    4922256 bytes,    4922256 total
: 153344K->14700K(153344K), 0.0280660 secs] 489513K->363986K(1032896K), 0.0282460 secs] [Times: user=0.06 sys=0.00, real=0.02 secs] 
2014-03-07T13:24:52.299+0000: 285358.284: [GC2014-03-07T13:24:52.299+0000: 285358.284: [ParNew
Desired survivor size 8716288 bytes, new threshold 6 (max 6)
- age   1:    2201768 bytes,    2201768 total
- age   2:    1496904 bytes,    3698672 total
: 151020K->4855K(153344K), 0.0129460 secs] 500306K->354141K(1032896K), 0.0130910 secs] [Times: user=0.03 sys=0.00, real=0.01 secs] 
2014-03-07T13:27:57.579+0000: 285543.564: [GC2014-03-07T13:27:57.579+0000: 285543.564: [ParNew
Desired survivor size 8716288 bytes, new threshold 6 (max 6)
- age   1:    2248008 bytes,    2248008 total
- age   2:    1755448 bytes,    4003456 total
- age   3:    1430992 bytes,    5434448 total
: 141175K->7594K(153344K), 0.0135800 secs] 490461K->356881K(1032896K), 0.0137160 secs] [Times: user=0.03 sys=0.00, real=0.01 secs] 
2014-03-07T13:29:03.119+0000: 285609.104: [GC2014-03-07T13:29:03.119+0000: 285609.104: [ParNew
Desired survivor size 8716288 bytes, new threshold 1 (max 6)
- age   1:   13697904 bytes,   13697904 total
- age   2:    1354304 bytes,   15052208 total
- age   3:    1421864 bytes,   16474072 total
- age   4:     956216 bytes,   17430288 total
: 143914K->17024K(153344K), 0.0391640 secs] 493201K->371506K(1032896K), 0.0393550 secs] [Times: user=0.08 sys=0.00, real=0.04 secs] 
2014-03-07T13:29:31.863+0000: 285637.848: [GC2014-03-07T13:29:31.863+0000: 285637.848: [ParNew
Desired survivor size 8716288 bytes, new threshold 1 (max 6)
- age   1:    8739000 bytes,    8739000 total
: 153344K->14672K(153344K), 0.0275980 secs] 507826K->379515K(1032896K), 0.0277630 secs] [Times: user=0.06 sys=0.00, real=0.02 secs] 
2014-03-07T13:29:50.066+0000: 285656.051: [GC2014-03-07T13:29:50.066+0000: 285656.051: [ParNew
Desired survivor size 8716288 bytes, new threshold 6 (max 6)
- age   1:    8565000 bytes,    8565000 total
: 150992K->10201K(153344K), 0.0173460 secs] 515835K->377382K(1032896K), 0.0175350 secs] [Times: user=0.04 sys=0.00, real=0.02 secs] 
2014-03-07T13:30:09.689+0000: 285675.674: [GC2014-03-07T13:30:09.689+0000: 285675.674: [ParNew
Desired survivor size 8716288 bytes, new threshold 1 (max 6)
- age   1:    9191168 bytes,    9191168 total
- age   2:     228256 bytes,    9419424 total
: 146521K->11952K(153344K), 0.0175090 secs] 513702K->379133K(1032896K), 0.0177020 secs] [Times: user=0.04 sys=0.00, real=0.02 secs] 
2014-03-07T13:30:37.371+0000: 285703.356: [GC2014-03-07T13:30:37.371+0000: 285703.356: [ParNew
Desired survivor size 8716288 bytes, new threshold 1 (max 6)
- age   1:   10094784 bytes,   10094784 total
: 148272K->12996K(153344K), 0.0200390 secs] 515453K->380650K(1032896K), 0.0202200 secs] [Times: user=0.04 sys=0.00, real=0.02 secs] 
2014-03-07T13:30:58.040+0000: 285724.025: [GC2014-03-07T13:30:58.040+0000: 285724.025: [ParNew
Desired survivor size 8716288 bytes, new threshold 1 (max 6)
- age   1:   10161624 bytes,   10161624 total
: 149316K->14026K(153344K), 0.0203810 secs] 516970K->382092K(1032896K), 0.0205800 secs] [Times: user=0.04 sys=0.00, real=0.02 secs] 
2014-03-07T13:33:49.131+0000: 285895.116: [GC2014-03-07T13:33:49.131+0000: 285895.116: [ParNew
Desired survivor size 8716288 bytes, new threshold 6 (max 6)
- age   1:    3510728 bytes,    3510728 total
: 150346K->9456K(153344K), 0.0123470 secs] 518412K->381534K(1032896K), 0.0125020 secs] [Times: user=0.03 sys=0.00, real=0.02 secs] 
2014-03-07T13:36:30.909+0000: 286056.894: [GC2014-03-07T13:36:30.909+0000: 286056.894: [ParNew
Desired survivor size 8716288 bytes, new threshold 6 (max 6)
- age   1:    2522944 bytes,    2522944 total
- age   2:    1585064 bytes,    4108008 total
: 145776K->6401K(153344K), 0.0130850 secs] 517854K->378479K(1032896K), 0.0132620 secs] [Times: user=0.03 sys=0.00, real=0.02 secs] 
2014-03-07T13:37:17.357+0000: 286103.342: [GC2014-03-07T13:37:17.357+0000: 286103.342: [ParNew
Desired survivor size 8716288 bytes, new threshold 1 (max 6)
- age   1:   14633376 bytes,   14633376 total
- age   2:    1302416 bytes,   15935792 total
- age   3:    1492504 bytes,   17428296 total
: 142721K->17024K(153344K), 0.0393710 secs] 514799K->395247K(1032896K), 0.0395730 secs] [Times: user=0.08 sys=0.00, real=0.04 secs] 
2014-03-07T13:37:37.592+0000: 286123.577: [GC2014-03-07T13:37:37.592+0000: 286123.577: [ParNew
Desired survivor size 8716288 bytes, new threshold 1 (max 6)
- age   1:    9063376 bytes,    9063376 total
: 153344K->14276K(153344K), 0.0276840 secs] 531567K->402280K(1032896K), 0.0278630 secs] [Times: user=0.06 sys=0.00, real=0.03 secs] 
2014-03-07T13:39:17.434+0000: 286223.419: [GC2014-03-07T13:39:17.434+0000: 286223.419: [ParNew
Desired survivor size 8716288 bytes, new threshold 6 (max 6)
- age   1:    5788792 bytes,    5788792 total
: 150596K->10216K(153344K), 0.0120460 secs] 538600K->400143K(1032896K), 0.0121940 secs] [Times: user=0.03 sys=0.00, real=0.01 secs] 
2014-03-07T13:41:16.281+0000: 286342.266: [GC2014-03-07T13:41:16.281+0000: 286342.266: [ParNew
Desired survivor size 8716288 bytes, new threshold 2 (max 6)
- age   1:    7952512 bytes,    7952512 total
- age   2:    3304640 bytes,   11257152 total
: 146536K->13272K(153344K), 0.0203160 secs] 536463K->403200K(1032896K), 0.0205090 secs] [Times: user=0.04 sys=0.00, real=0.02 secs] 
2014-03-07T13:43:16.834+0000: 286462.819: [GC2014-03-07T13:43:16.834+0000: 286462.819: [ParNew
Desired survivor size 8716288 bytes, new threshold 6 (max 6)
- age   1:    2145008 bytes,    2145008 total
- age   2:    1227664 bytes,    3372672 total
: 149592K->9429K(153344K), 0.0147130 secs] 539520K->400308K(1032896K), 0.0148500 secs] [Times: user=0.03 sys=0.00, real=0.01 secs] 
2014-03-07T13:45:28.596+0000: 286594.581: [GC2014-03-07T13:45:28.596+0000: 286594.581: [ParNew
Desired survivor size 8716288 bytes, new threshold 6 (max 6)
- age   1:    2305736 bytes,    2305736 total
- age   2:    1359040 bytes,    3664776 total
- age   3:    1144920 bytes,    4809696 total
: 145749K->4997K(153344K), 0.0123040 secs] 536628K->395876K(1032896K), 0.0124480 secs] [Times: user=0.02 sys=0.00, real=0.01 secs] 
2014-03-07T13:46:22.790+0000: 286648.775: [GC2014-03-07T13:46:22.790+0000: 286648.775: [ParNew
Desired survivor size 8716288 bytes, new threshold 1 (max 6)
- age   1:   13481936 bytes,   13481936 total
- age   2:    1327560 bytes,   14809496 total
- age   3:    1114088 bytes,   15923584 total
- age   4:    1103872 bytes,   17027456 total
: 141317K->17024K(153344K), 0.0238460 secs] 532196K->410091K(1032896K), 0.0240350 secs] [Times: user=0.05 sys=0.00, real=0.03 secs] 
2014-03-07T13:49:45.080+0000: 286851.065: [GC2014-03-07T13:49:45.080+0000: 286851.065: [ParNew
Desired survivor size 8716288 bytes, new threshold 6 (max 6)
- age   1:    2476064 bytes,    2476064 total
: 153344K->13701K(153344K), 0.0298390 secs] 546411K->423377K(1032896K), 0.0300080 secs] [Times: user=0.06 sys=0.00, real=0.03 secs] 
2014-03-07T13:52:49.172+0000: 287035.157: [GC2014-03-07T13:52:49.172+0000: 287035.157: [ParNew
Desired survivor size 8716288 bytes, new threshold 6 (max 6)
- age   1:    2314736 bytes,    2314736 total
- age   2:    1900608 bytes,    4215344 total
: 150021K->5919K(153344K), 0.0129020 secs] 559697K->415595K(1032896K), 0.0130480 secs] [Times: user=0.03 sys=0.00, real=0.02 secs] 
2014-03-07T13:56:01.648+0000: 287227.633: [GC2014-03-07T13:56:01.648+0000: 287227.633: [ParNew
Desired survivor size 8716288 bytes, new threshold 6 (max 6)
- age   1:    2544376 bytes,    2544376 total
- age   2:    1804824 bytes,    4349200 total
- age   3:    1896832 bytes,    6246032 total
: 142239K->7995K(153344K), 0.0145930 secs] 551915K->417671K(1032896K), 0.0147850 secs] [Times: user=0.03 sys=0.00, real=0.02 secs] 
2014-03-07T13:58:41.424+0000: 287387.409: [GC2014-03-07T13:58:41.424+0000: 287387.409: [ParNew
Desired survivor size 8716288 bytes, new threshold 4 (max 6)
- age   1:    4204696 bytes,    4204696 total
- age   2:    1944896 bytes,    6149592 total
- age   3:    1715376 bytes,    7864968 total
- age   4:    1892624 bytes,    9757592 total
: 144315K->10897K(153344K), 0.0178910 secs] 553991K->420573K(1032896K), 0.0180550 secs] [Times: user=0.04 sys=0.00, real=0.02 secs] 
2014-03-07T14:01:00.789+0000: 287526.774: [GC2014-03-07T14:01:00.789+0000: 287526.774: [ParNew
Desired survivor size 8716288 bytes, new threshold 1 (max 6)
- age   1:    9409312 bytes,    9409312 total
- age   2:    3581248 bytes,   12990560 total
- age   3:    1758080 bytes,   14748640 total
- age   4:    1715200 bytes,   16463840 total
: 147217K->16669K(153344K), 0.0297790 secs] 556893K->428291K(1032896K), 0.0299690 secs] [Times: user=0.05 sys=0.01, real=0.03 secs] 
2014-03-07T14:01:10.096+0000: 287536.080: [GC2014-03-07T14:01:10.096+0000: 287536.080: [ParNew
Desired survivor size 8716288 bytes, new threshold 1 (max 6)
- age   1:   14020840 bytes,   14020840 total
: 152989K->17024K(153344K), 0.0452300 secs] 564611K->439670K(1032896K), 0.0454100 secs] [Times: user=0.10 sys=0.00, real=0.04 secs] 
2014-03-07T14:04:07.037+0000: 287713.022: [GC2014-03-07T14:04:07.037+0000: 287713.022: [ParNew
Desired survivor size 8716288 bytes, new threshold 6 (max 6)
- age   1:    5005256 bytes,    5005256 total
: 153344K->14058K(153344K), 0.0201710 secs] 575990K->445248K(1032896K), 0.0203500 secs] [Times: user=0.04 sys=0.00, real=0.02 secs] 
2014-03-07T14:07:26.621+0000: 287912.606: [GC2014-03-07T14:07:26.621+0000: 287912.606: [ParNew
Desired survivor size 8716288 bytes, new threshold 6 (max 6)
- age   1:    2373736 bytes,    2373736 total
- age   2:    1934872 bytes,    4308608 total
: 150378K->4825K(153344K), 0.0135970 secs] 581568K->436014K(1032896K), 0.0137460 secs] [Times: user=0.02 sys=0.00, real=0.02 secs] 
2014-03-07T14:10:51.057+0000: 288117.041: [GC2014-03-07T14:10:51.057+0000: 288117.041: [ParNew
Desired survivor size 8716288 bytes, new threshold 6 (max 6)
- age   1:    2717296 bytes,    2717296 total
- age   2:    1935424 bytes,    4652720 total
- age   3:    1934064 bytes,    6586784 total
: 141145K->8526K(153344K), 0.0147860 secs] 572334K->439716K(1032896K), 0.0149330 secs] [Times: user=0.03 sys=0.00, real=0.01 secs] 
2014-03-07T14:13:53.763+0000: 288299.748: [GC2014-03-07T14:13:53.763+0000: 288299.748: [ParNew
Desired survivor size 8716288 bytes, new threshold 4 (max 6)
- age   1:    4051448 bytes,    4051448 total
- age   2:    2019296 bytes,    6070744 total
- age   3:    1915304 bytes,    7986048 total
- age   4:    1930656 bytes,    9916704 total
: 144846K->14391K(153344K), 0.0193210 secs] 576036K->445581K(1032896K), 0.0194750 secs] [Times: user=0.04 sys=0.00, real=0.02 secs] 
2014-03-07T14:14:54.683+0000: 288360.668: [GC2014-03-07T14:14:54.683+0000: 288360.668: [ParNew
Desired survivor size 8716288 bytes, new threshold 1 (max 6)
- age   1:   11520168 bytes,   11520168 total
- age   2:    2065296 bytes,   13585464 total
- age   3:    1988792 bytes,   15574256 total
- age   4:    1857512 bytes,   17431768 total
: 150711K->17024K(153344K), 0.0361290 secs] 581901K->454456K(1032896K), 0.0363320 secs] [Times: user=0.06 sys=0.00, real=0.03 secs] 
2014-03-07T14:17:56.703+0000: 288542.688: [GC2014-03-07T14:17:56.703+0000: 288542.688: [ParNew
Desired survivor size 8716288 bytes, new threshold 6 (max 6)
- age   1:    2462296 bytes,    2462296 total
: 153344K->15220K(153344K), 0.0327730 secs] 590776K->469757K(1032896K), 0.0329460 secs] [Times: user=0.07 sys=0.00, real=0.03 secs] 
2014-03-07T14:20:33.537+0000: 288699.521: [GC2014-03-07T14:20:33.537+0000: 288699.522: [ParNew
Desired survivor size 8716288 bytes, new threshold 6 (max 6)
- age   1:    2215480 bytes,    2215480 total
- age   2:    1894432 bytes,    4109912 total
: 151540K->6452K(153344K), 0.0124050 secs] 606077K->460989K(1032896K), 0.0125740 secs] [Times: user=0.03 sys=0.00, real=0.01 secs] 
2014-03-07T14:23:40.909+0000: 288886.894: [GC2014-03-07T14:23:40.909+0000: 288886.894: [ParNew
Desired survivor size 8716288 bytes, new threshold 6 (max 6)
- age   1:    2438200 bytes,    2438200 total
- age   2:    1726912 bytes,    4165112 total
- age   3:    1747480 bytes,    5912592 total
: 142772K->7961K(153344K), 0.0138340 secs] 597309K->462499K(1032896K), 0.0139700 secs] [Times: user=0.04 sys=0.00, real=0.02 secs] 
2014-03-07T14:26:09.747+0000: 289035.732: [GC2014-03-07T14:26:09.747+0000: 289035.732: [ParNew
Desired survivor size 8716288 bytes, new threshold 6 (max 6)
- age   1:    2744448 bytes,    2744448 total
- age   2:    1841912 bytes,    4586360 total
- age   3:    1716752 bytes,    6303112 total
- age   4:    1747208 bytes,    8050320 total
: 144281K->10587K(153344K), 0.0165310 secs] 598819K->465124K(1032896K), 0.0167050 secs] [Times: user=0.03 sys=0.00, real=0.02 secs] 
2014-03-07T14:29:42.653+0000: 289248.637: [GC2014-03-07T14:29:42.653+0000: 289248.638: [ParNew
Desired survivor size 8716288 bytes, new threshold 5 (max 6)
- age   1:    2518608 bytes,    2518608 total
- age   2:    1391976 bytes,    3910584 total
- age   3:    1732320 bytes,    5642904 total
- age   4:    1708088 bytes,    7350992 total
- age   5:    1700992 bytes,    9051984 total
: 146907K->14008K(153344K), 0.0182580 secs] 601444K->468545K(1032896K), 0.0184150 secs] [Times: user=0.04 sys=0.00, real=0.02 secs] 
2014-03-07T14:33:21.219+0000: 289467.203: [GC2014-03-07T14:33:21.219+0000: 289467.203: [ParNew
Desired survivor size 8716288 bytes, new threshold 5 (max 6)
- age   1:    2619464 bytes,    2619464 total
- age   2:    1984840 bytes,    4604304 total
- age   3:    1375576 bytes,    5979880 total
- age   4:    1729664 bytes,    7709544 total
- age   5:    1508392 bytes,    9217936 total
: 150328K->12228K(153344K), 0.0224230 secs] 604865K->468513K(1032896K), 0.0225890 secs] [Times: user=0.05 sys=0.00, real=0.02 secs] 
2014-03-07T14:36:23.555+0000: 289649.540: [GC2014-03-07T14:36:23.555+0000: 289649.540: [ParNew
Desired survivor size 8716288 bytes, new threshold 5 (max 6)
- age   1:    2860488 bytes,    2860488 total
- age   2:    2194576 bytes,    5055064 total
- age   3:    1979288 bytes,    7034352 total
- age   4:    1373344 bytes,    8407696 total
- age   5:    1728808 bytes,   10136504 total
: 148548K->17024K(153344K), 0.0247320 secs] 604833K->475092K(1032896K), 0.0249080 secs] [Times: user=0.05 sys=0.00, real=0.02 secs] 
2014-03-07T14:39:33.178+0000: 289839.162: [GC2014-03-07T14:39:33.178+0000: 289839.162: [ParNew
Desired survivor size 8716288 bytes, new threshold 4 (max 6)
- age   1:    3009952 bytes,    3009952 total
- age   2:    2588688 bytes,    5598640 total
- age   3:    2040360 bytes,    7639000 total
- age   4:    1977992 bytes,    9616992 total
- age   5:    1373104 bytes,   10990096 total
: 153344K->12014K(153344K), 0.0270230 secs] 611412K->471859K(1032896K), 0.0271920 secs] [Times: user=0.05 sys=0.00, real=0.03 secs] 
2014-03-07T14:41:22.918+0000: 289948.903: [GC2014-03-07T14:41:22.918+0000: 289948.903: [ParNew
Desired survivor size 8716288 bytes, new threshold 1 (max 6)
- age   1:   11416744 bytes,   11416744 total
- age   2:    2196488 bytes,   13613232 total
- age   3:    1798704 bytes,   15411936 total
- age   4:    2019168 bytes,   17431104 total
: 148334K->17024K(153344K), 0.0433900 secs] 608179K->484648K(1032896K), 0.0435640 secs] [Times: user=0.08 sys=0.00, real=0.04 secs] 
2014-03-07T14:43:25.202+0000: 290071.187: [GC2014-03-07T14:43:25.202+0000: 290071.187: [ParNew
Desired survivor size 8716288 bytes, new threshold 6 (max 6)
- age   1:    7478592 bytes,    7478592 total
: 153344K->15638K(153344K), 0.0355320 secs] 620968K->496854K(1032896K), 0.0357130 secs] [Times: user=0.07 sys=0.00, real=0.03 secs] 
2014-03-07T14:44:40.321+0000: 290146.306: [GC2014-03-07T14:44:40.321+0000: 290146.306: [ParNew
Desired survivor size 8716288 bytes, new threshold 2 (max 6)
- age   1:    6729528 bytes,    6729528 total
- age   2:    4960216 bytes,   11689744 total
: 151958K->13182K(153344K), 0.0141550 secs] 633174K->494398K(1032896K), 0.0143410 secs] [Times: user=0.03 sys=0.00, real=0.02 secs] 
2014-03-07T14:47:29.954+0000: 290315.939: [GC2014-03-07T14:47:29.954+0000: 290315.939: [ParNew
Desired survivor size 8716288 bytes, new threshold 6 (max 6)
- age   1:    2269744 bytes,    2269744 total
- age   2:     697936 bytes,    2967680 total
: 149502K->10053K(153344K), 0.0153040 secs] 630718K->494215K(1032896K), 0.0154510 secs] [Times: user=0.03 sys=0.00, real=0.02 secs] 
2014-03-07T14:50:15.909+0000: 290481.894: [GC2014-03-07T14:50:15.909+0000: 290481.894: [ParNew
Desired survivor size 8716288 bytes, new threshold 6 (max 6)
- age   1:    2846424 bytes,    2846424 total
- age   2:    1680616 bytes,    4527040 total
- age   3:     697776 bytes,    5224816 total
: 146373K->6519K(153344K), 0.0129250 secs] 630535K->490681K(1032896K), 0.0130740 secs] [Times: user=0.03 sys=0.00, real=0.02 secs] 
2014-03-07T14:53:44.643+0000: 290690.628: [GC2014-03-07T14:53:44.643+0000: 290690.628: [ParNew
Desired survivor size 8716288 bytes, new threshold 6 (max 6)
- age   1:    2449640 bytes,    2449640 total
- age   2:    2152504 bytes,    4602144 total
- age   3:    1561728 bytes,    6163872 total
- age   4:     697576 bytes,    6861448 total
: 142839K->8864K(153344K), 0.0146770 secs] 627001K->493026K(1032896K), 0.0148220 secs] [Times: user=0.03 sys=0.00, real=0.01 secs] 
2014-03-07T14:56:48.734+0000: 290874.719: [GC2014-03-07T14:56:48.734+0000: 290874.719: [ParNew
Desired survivor size 8716288 bytes, new threshold 3 (max 6)
- age   1:    6729104 bytes,    6729104 total
- age   2:    1946224 bytes,    8675328 total
- age   3:    1598272 bytes,   10273600 total
- age   4:    1561232 bytes,   11834832 total
- age   5:     697352 bytes,   12532184 total
: 145184K->14950K(153344K), 0.0221910 secs] 629346K->499113K(1032896K), 0.0223510 secs] [Times: user=0.05 sys=0.00, real=0.03 secs] 
2014-03-07T14:58:20.328+0000: 290966.312: [GC2014-03-07T14:58:20.328+0000: 290966.312: [ParNew
Desired survivor size 8716288 bytes, new threshold 1 (max 6)
- age   1:   11769496 bytes,   11769496 total
- age   2:    3730456 bytes,   15499952 total
- age   3:    1930928 bytes,   17430880 total
: 151270K->17024K(153344K), 0.0335770 secs] 635433K->507709K(1032896K), 0.0337580 secs] [Times: user=0.07 sys=0.00, real=0.03 secs] 
2014-03-07T14:59:12.024+0000: 291018.009: [GC2014-03-07T14:59:12.024+0000: 291018.009: [ParNew
Desired survivor size 8716288 bytes, new threshold 6 (max 6)
- age   1:    8395312 bytes,    8395312 total
: 153344K->15997K(153344K), 0.0311190 secs] 644029K->520032K(1032896K), 0.0312850 secs] [Times: user=0.06 sys=0.00, real=0.03 secs] 
2014-03-07T15:00:39.003+0000: 291104.987: [GC2014-03-07T15:00:39.003+0000: 291104.987: [ParNew
Desired survivor size 8716288 bytes, new threshold 6 (max 6)
- age   1:    6785440 bytes,    6785440 total
- age   2:     683320 bytes,    7468760 total
: 152317K->10628K(153344K), 0.0110090 secs] 656352K->514663K(1032896K), 0.0111480 secs] [Times: user=0.03 sys=0.00, real=0.00 secs] 
2014-03-07T15:03:17.575+0000: 291263.560: [GC2014-03-07T15:03:17.575+0000: 291263.560: [ParNew
Desired survivor size 8716288 bytes, new threshold 6 (max 6)
- age   1:    3982320 bytes,    3982320 total
- age   2:     804992 bytes,    4787312 total
- age   3:     490224 bytes,    5277536 total
: 146948K->7000K(153344K), 0.0139020 secs] 650983K->511036K(1032896K), 0.0140460 secs] [Times: user=0.03 sys=0.00, real=0.01 secs] 
2014-03-07T15:03:26.566+0000: 291272.551: [GC2014-03-07T15:03:26.566+0000: 291272.551: [ParNew
Desired survivor size 8716288 bytes, new threshold 1 (max 6)
- age   1:   14541416 bytes,   14541416 total
- age   2:    1835872 bytes,   16377288 total
- age   3:     607336 bytes,   16984624 total
- age   4:     446248 bytes,   17430872 total
: 143320K->17024K(153344K), 0.0298810 secs] 647356K->525066K(1032896K), 0.0300550 secs] [Times: user=0.06 sys=0.00, real=0.03 secs] 
2014-03-07T15:05:39.192+0000: 291405.176: [GC2014-03-07T15:05:39.192+0000: 291405.176: [ParNew
Desired survivor size 8716288 bytes, new threshold 6 (max 6)
- age   1:    4889592 bytes,    4889592 total
: 153344K->14544K(153344K), 0.0238940 secs] 661386K->535203K(1032896K), 0.0240530 secs] [Times: user=0.05 sys=0.00, real=0.03 secs] 
2014-03-07T15:09:05.728+0000: 291611.713: [GC2014-03-07T15:09:05.728+0000: 291611.713: [ParNew
Desired survivor size 8716288 bytes, new threshold 6 (max 6)
- age   1:    2345912 bytes,    2345912 total
- age   2:    1257336 bytes,    3603248 total
: 150864K->7085K(153344K), 0.0123930 secs] 671523K->527743K(1032896K), 0.0125590 secs] [Times: user=0.01 sys=0.00, real=0.01 secs] 
2014-03-07T15:12:55.614+0000: 291841.599: [GC2014-03-07T15:12:55.614+0000: 291841.599: [ParNew
Desired survivor size 8716288 bytes, new threshold 6 (max 6)
- age   1:    2519888 bytes,    2519888 total
- age   2:    1942264 bytes,    4462152 total
- age   3:    1256784 bytes,    5718936 total
: 143405K->6184K(153344K), 0.0135100 secs] 664063K->526842K(1032896K), 0.0136420 secs] [Times: user=0.03 sys=0.00, real=0.01 secs] 
2014-03-07T15:16:32.936+0000: 292058.921: [GC2014-03-07T15:16:32.936+0000: 292058.921: [ParNew
Desired survivor size 8716288 bytes, new threshold 6 (max 6)
- age   1:    2821304 bytes,    2821304 total
- age   2:    2178472 bytes,    4999776 total
- age   3:    1921576 bytes,    6921352 total
- age   4:    1253416 bytes,    8174768 total
: 142504K->9506K(153344K), 0.0167130 secs] 663162K->530164K(1032896K), 0.0168530 secs] [Times: user=0.04 sys=0.00, real=0.01 secs] 
2014-03-07T15:20:17.387+0000: 292283.371: [GC2014-03-07T15:20:17.387+0000: 292283.371: [ParNew
Desired survivor size 8716288 bytes, new threshold 4 (max 6)
- age   1:    2599176 bytes,    2599176 total
- age   2:    2411144 bytes,    5010320 total
- age   3:    2131216 bytes,    7141536 total
- age   4:    1920112 bytes,    9061648 total
- age   5:    1253224 bytes,   10314872 total
: 145826K->14234K(153344K), 0.0193520 secs] 666484K->534893K(1032896K), 0.0195330 secs] [Times: user=0.03 sys=0.00, real=0.02 secs] 
2014-03-07T15:21:17.714+0000: 292343.698: [GC2014-03-07T15:21:17.714+0000: 292343.698: [ParNew
Desired survivor size 8716288 bytes, new threshold 1 (max 6)
- age   1:   12020680 bytes,   12020680 total
- age   2:    1733176 bytes,   13753856 total
- age   3:    1662792 bytes,   15416648 total
- age   4:    2014976 bytes,   17431624 total
: 150554K->17024K(153344K), 0.0371330 secs] 671213K->546097K(1032896K), 0.0373070 secs] [Times: user=0.08 sys=0.00, real=0.04 secs] 
2014-03-07T15:22:10.159+0000: 292396.144: [GC2014-03-07T15:22:10.159+0000: 292396.144: [ParNew
Desired survivor size 8716288 bytes, new threshold 6 (max 6)
- age   1:    7083032 bytes,    7083032 total
: 153344K->15717K(153344K), 0.0325620 secs] 682417K->559111K(1032896K), 0.0327430 secs] [Times: user=0.07 sys=0.00, real=0.03 secs] 
2014-03-07T15:25:44.870+0000: 292610.855: [GC2014-03-07T15:25:44.870+0000: 292610.855: [ParNew
Desired survivor size 8716288 bytes, new threshold 6 (max 6)
- age   1:    2458104 bytes,    2458104 total
- age   2:    6227200 bytes,    8685304 total
: 152037K->12445K(153344K), 0.0127050 secs] 695431K->555839K(1032896K), 0.0128600 secs] [Times: user=0.02 sys=0.00, real=0.02 secs] 
2014-03-07T15:29:17.257+0000: 292823.242: [GC2014-03-07T15:29:17.258+0000: 292823.242: [ParNew
Desired survivor size 8716288 bytes, new threshold 6 (max 6)
- age   1:    2306808 bytes,    2306808 total
- age   2:    2003800 bytes,    4310608 total
- age   3:     536704 bytes,    4847312 total
: 148765K->7874K(153344K), 0.0139080 secs] 692159K->551267K(1032896K), 0.0140530 secs] [Times: user=0.03 sys=0.00, real=0.01 secs] 
2014-03-07T15:32:40.191+0000: 293026.176: [GC2014-03-07T15:32:40.191+0000: 293026.176: [ParNew
Desired survivor size 8716288 bytes, new threshold 6 (max 6)
- age   1:    2888192 bytes,    2888192 total
- age   2:    1995968 bytes,    4884160 total
- age   3:    2001360 bytes,    6885520 total
- age   4:     534240 bytes,    7419760 total
: 144194K->9418K(153344K), 0.0159000 secs] 687587K->552812K(1032896K), 0.0160570 secs] [Times: user=0.03 sys=0.00, real=0.02 secs] 
2014-03-07T15:36:05.572+0000: 293231.556: [GC2014-03-07T15:36:05.572+0000: 293231.556: [ParNew
Desired survivor size 8716288 bytes, new threshold 4 (max 6)
- age   1:    2510344 bytes,    2510344 total
- age   2:    2285664 bytes,    4796008 total
- age   3:    1948976 bytes,    6744984 total
- age   4:    1998552 bytes,    8743536 total
- age   5:     533568 bytes,    9277104 total
: 145738K->12521K(153344K), 0.0182630 secs] 689132K->555915K(1032896K), 0.0184500 secs] [Times: user=0.04 sys=0.00, real=0.02 secs] 
2014-03-07T15:39:19.532+0000: 293425.517: [GC2014-03-07T15:39:19.532+0000: 293425.517: [ParNew
Desired survivor size 8716288 bytes, new threshold 6 (max 6)
- age   1:    2456384 bytes,    2456384 total
- age   2:    1991440 bytes,    4447824 total
- age   3:    2224008 bytes,    6671832 total
- age   4:    1948112 bytes,    8619944 total
: 148841K->12522K(153344K), 0.0236610 secs] 692235K->558515K(1032896K), 0.0238190 secs] [Times: user=0.05 sys=0.00, real=0.03 secs] 
2014-03-07T15:40:44.337+0000: 293510.322: [GC2014-03-07T15:40:44.337+0000: 293510.322: [ParNew
Desired survivor size 8716288 bytes, new threshold 1 (max 6)
- age   1:   12863264 bytes,   12863264 total
- age   2:     817232 bytes,   13680496 total
- age   3:    1135552 bytes,   14816048 total
- age   4:    1195032 bytes,   16011080 total
- age   5:    1419800 bytes,   17430880 total
: 148842K->17024K(153344K), 0.0449240 secs] 694835K->571604K(1032896K), 0.0451000 secs] [Times: user=0.09 sys=0.00, real=0.05 secs] 
2014-03-07T15:43:59.974+0000: 293705.959: [GC2014-03-07T15:43:59.974+0000: 293705.959: [ParNew
Desired survivor size 8716288 bytes, new threshold 6 (max 6)
- age   1:    5326168 bytes,    5326168 total
: 153344K->15092K(153344K), 0.0297860 secs] 707924K->582192K(1032896K), 0.0299570 secs] [Times: user=0.06 sys=0.00, real=0.03 secs] 
2014-03-07T15:45:15.282+0000: 293781.266: [GC2014-03-07T15:45:15.282+0000: 293781.266: [ParNew
Desired survivor size 8716288 bytes, new threshold 2 (max 6)
- age   1:    6812856 bytes,    6812856 total
- age   2:    3783472 bytes,   10596328 total
: 151412K->12881K(153344K), 0.0141450 secs] 718512K->579981K(1032896K), 0.0143100 secs] [Times: user=0.04 sys=0.00, real=0.02 secs] 
2014-03-07T15:45:54.107+0000: 293820.092: [GC2014-03-07T15:45:54.107+0000: 293820.092: [ParNew
Desired survivor size 8716288 bytes, new threshold 6 (max 6)
- age   1:    1293392 bytes,    1293392 total
- age   2:     788984 bytes,    2082376 total
: 149201K->9134K(153344K), 0.0159140 secs] 716301K->579848K(1032896K), 0.0160850 secs] [Times: user=0.04 sys=0.00, real=0.02 secs] 
2014-03-07T15:47:44.853+0000: 293930.837: [GC2014-03-07T15:47:44.853+0000: 293930.837: [ParNew
Desired survivor size 8716288 bytes, new threshold 1 (max 6)
- age   1:   15671432 bytes,   15671432 total
- age   2:     506840 bytes,   16178272 total
- age   3:     768832 bytes,   16947104 total
: 145454K->17024K(153344K), 0.0280290 secs] 716168K->588677K(1032896K), 0.0282070 secs] [Times: user=0.06 sys=0.00, real=0.03 secs] 
2014-03-07T15:48:40.555+0000: 293986.540: [GC2014-03-07T15:48:40.555+0000: 293986.540: [ParNew
Desired survivor size 8716288 bytes, new threshold 1 (max 6)
- age   1:   13197288 bytes,   13197288 total
: 153344K->17024K(153344K), 0.0379680 secs] 724997K->598481K(1032896K), 0.0381600 secs] [Times: user=0.08 sys=0.00, real=0.03 secs] 
2014-03-07T15:49:39.059+0000: 294045.044: [GC2014-03-07T15:49:39.059+0000: 294045.044: [ParNew
Desired survivor size 8716288 bytes, new threshold 1 (max 6)
- age   1:   11380048 bytes,   11380048 total
: 153344K->13507K(153344K), 0.0262210 secs] 734801K->597708K(1032896K), 0.0263970 secs] [Times: user=0.06 sys=0.00, real=0.03 secs] 
2014-03-07T15:50:16.617+0000: 294082.602: [GC2014-03-07T15:50:16.617+0000: 294082.602: [ParNew
Desired survivor size 8716288 bytes, new threshold 6 (max 6)
- age   1:    6719848 bytes,    6719848 total
: 149827K->11892K(153344K), 0.0119400 secs] 734028K->596714K(1032896K), 0.0120960 secs] [Times: user=0.02 sys=0.00, real=0.01 secs] 
2014-03-07T15:50:50.680+0000: 294116.665: [GC2014-03-07T15:50:50.680+0000: 294116.665: [ParNew
Desired survivor size 8716288 bytes, new threshold 2 (max 6)
- age   1:    8609560 bytes,    8609560 total
- age   2:     518624 bytes,    9128184 total
: 148212K->10479K(153344K), 0.0151340 secs] 733034K->595301K(1032896K), 0.0153220 secs] [Times: user=0.02 sys=0.00, real=0.02 secs] 
2014-03-07T15:52:10.481+0000: 294196.466: [GC2014-03-07T15:52:10.481+0000: 294196.466: [ParNew
Desired survivor size 8716288 bytes, new threshold 6 (max 6)
- age   1:    6304752 bytes,    6304752 total
- age   2:     969984 bytes,    7274736 total
: 146799K->8128K(153344K), 0.0127010 secs] 731621K->593401K(1032896K), 0.0128860 secs] [Times: user=0.03 sys=0.00, real=0.01 secs] 
2014-03-07T15:53:02.276+0000: 294248.261: [GC2014-03-07T15:53:02.276+0000: 294248.261: [ParNew
Desired survivor size 8716288 bytes, new threshold 6 (max 6)
- age   1:    1238968 bytes,    1238968 total
- age   2:     848704 bytes,    2087672 total
- age   3:     347016 bytes,    2434688 total
: 144448K->7297K(153344K), 0.0106000 secs] 729721K->592570K(1032896K), 0.0107460 secs] [Times: user=0.02 sys=0.00, real=0.01 secs] 
2014-03-07T15:56:33.734+0000: 294459.718: [GC2014-03-07T15:56:33.734+0000: 294459.718: [ParNew
Desired survivor size 8716288 bytes, new threshold 6 (max 6)
- age   1:    2394400 bytes,    2394400 total
- age   2:     488272 bytes,    2882672 total
- age   3:     795384 bytes,    3678056 total
- age   4:     338880 bytes,    4016936 total
: 143617K->4484K(153344K), 0.0114170 secs] 728890K->589757K(1032896K), 0.0115610 secs] [Times: user=0.02 sys=0.00, real=0.02 secs] 
2014-03-07T15:57:34.388+0000: 294520.373: [GC2014-03-07T15:57:34.388+0000: 294520.373: [ParNew
Desired survivor size 8716288 bytes, new threshold 1 (max 6)
- age   1:   13865952 bytes,   13865952 total
- age   2:    1971872 bytes,   15837824 total
- age   3:     479376 bytes,   16317200 total
- age   4:     782296 bytes,   17099496 total
- age   5:     328288 bytes,   17427784 total
: 140804K->17024K(153344K), 0.0234990 secs] 726077K->604347K(1032896K), 0.0236720 secs] [Times: user=0.05 sys=0.00, real=0.02 secs] 
2014-03-07T15:58:37.428+0000: 294583.413: [GC2014-03-07T15:58:37.428+0000: 294583.413: [ParNew
Desired survivor size 8716288 bytes, new threshold 6 (max 6)
- age   1:    6719688 bytes,    6719688 total
: 153344K->14214K(153344K), 0.0286560 secs] 740667K->614542K(1032896K), 0.0288310 secs] [Times: user=0.06 sys=0.00, real=0.03 secs] 
2014-03-07T15:59:23.576+0000: 294629.560: [GC2014-03-07T15:59:23.576+0000: 294629.560: [ParNew
Desired survivor size 8716288 bytes, new threshold 2 (max 6)
- age   1:    8643688 bytes,    8643688 total
- age   2:     637640 bytes,    9281328 total
: 150534K->11841K(153344K), 0.0143820 secs] 750862K->612169K(1032896K), 0.0145340 secs] [Times: user=0.03 sys=0.00, real=0.01 secs] 
2014-03-07T15:59:49.428+0000: 294655.412: [GC2014-03-07T15:59:49.428+0000: 294655.412: [ParNew
Desired survivor size 8716288 bytes, new threshold 1 (max 6)
- age   1:    9106368 bytes,    9106368 total
- age   2:     512824 bytes,    9619192 total
: 148161K->16232K(153344K), 0.0181350 secs] 748489K->617206K(1032896K), 0.0182990 secs] [Times: user=0.04 sys=0.00, real=0.02 secs] 
2014-03-07T16:00:51.579+0000: 294717.564: [GC2014-03-07T16:00:51.580+0000: 294717.564: [ParNew
Desired survivor size 8716288 bytes, new threshold 1 (max 6)
- age   1:    9360568 bytes,    9360568 total
: 152552K->10955K(153344K), 0.0217360 secs] 753526K->612677K(1032896K), 0.0219280 secs] [Times: user=0.04 sys=0.00, real=0.02 secs] 
2014-03-07T16:01:11.374+0000: 294737.359: [GC2014-03-07T16:01:11.375+0000: 294737.359: [ParNew
Desired survivor size 8716288 bytes, new threshold 1 (max 6)
- age   1:   10377136 bytes,   10377136 total
: 147275K->12341K(153344K), 0.0217290 secs] 748997K->614695K(1032896K), 0.0219010 secs] [Times: user=0.05 sys=0.00, real=0.02 secs] 
2014-03-07T16:02:24.540+0000: 294810.525: [GC2014-03-07T16:02:24.540+0000: 294810.525: [ParNew
Desired survivor size 8716288 bytes, new threshold 1 (max 6)
- age   1:   13265504 bytes,   13265504 total
: 148661K->13952K(153344K), 0.0228030 secs] 751015K->616544K(1032896K), 0.0230070 secs] [Times: user=0.05 sys=0.00, real=0.03 secs] 
2014-03-07T16:03:16.167+0000: 294862.151: [GC2014-03-07T16:03:16.167+0000: 294862.151: [ParNew
Desired survivor size 8716288 bytes, new threshold 1 (max 6)
- age   1:   13700168 bytes,   13700168 total
: 150272K->17024K(153344K), 0.0309590 secs] 752864K->626445K(1032896K), 0.0311350 secs] [Times: user=0.06 sys=0.00, real=0.03 secs] 
2014-03-07T16:05:34.808+0000: 295000.793: [GC2014-03-07T16:05:34.808+0000: 295000.793: [ParNew
Desired survivor size 8716288 bytes, new threshold 6 (max 6)
- age   1:    4662104 bytes,    4662104 total
: 153344K->13425K(153344K), 0.0212450 secs] 762765K->630942K(1032896K), 0.0214490 secs] [Times: user=0.03 sys=0.00, real=0.02 secs] 
2014-03-07T16:09:02.685+0000: 295208.670: [GC2014-03-07T16:09:02.685+0000: 295208.670: [ParNew
Desired survivor size 8716288 bytes, new threshold 6 (max 6)
- age   1:    2304560 bytes,    2304560 total
- age   2:    1456808 bytes,    3761368 total
: 149745K->6550K(153344K), 0.0131880 secs] 767262K->624067K(1032896K), 0.0133420 secs] [Times: user=0.03 sys=0.00, real=0.01 secs] 
2014-03-07T16:12:42.789+0000: 295428.774: [GC2014-03-07T16:12:42.790+0000: 295428.774: [ParNew
Desired survivor size 8716288 bytes, new threshold 6 (max 6)
- age   1:    2519520 bytes,    2519520 total
- age   2:    1913840 bytes,    4433360 total
- age   3:    1355024 bytes,    5788384 total
: 142870K->7338K(153344K), 0.0139550 secs] 760387K->624855K(1032896K), 0.0141150 secs] [Times: user=0.03 sys=0.00, real=0.02 secs] 
2014-03-07T16:15:59.698+0000: 295625.683: [GC2014-03-07T16:15:59.698+0000: 295625.683: [ParNew
Desired survivor size 8716288 bytes, new threshold 6 (max 6)
- age   1:    2818088 bytes,    2818088 total
- age   2:    2124360 bytes,    4942448 total
- age   3:    1912520 bytes,    6854968 total
- age   4:    1354480 bytes,    8209448 total
: 143658K->9649K(153344K), 0.0168830 secs] 761175K->627166K(1032896K), 0.0170350 secs] [Times: user=0.03 sys=0.00, real=0.02 secs] 
2014-03-07T16:19:39.595+0000: 295845.580: [GC2014-03-07T16:19:39.595+0000: 295845.580: [ParNew
Desired survivor size 8716288 bytes, new threshold 4 (max 6)
- age   1:    2816920 bytes,    2816920 total
- age   2:    2325584 bytes,    5142504 total
- age   3:    2123936 bytes,    7266440 total
- age   4:    1912184 bytes,    9178624 total
- age   5:    1354200 bytes,   10532824 total
: 145969K->14089K(153344K), 0.0198230 secs] 763486K->631606K(1032896K), 0.0199950 secs] [Times: user=0.04 sys=0.00, real=0.02 secs] 
2014-03-07T16:23:14.386+0000: 296060.371: [GC2014-03-07T16:23:14.386+0000: 296060.371: [ParNew
Desired survivor size 8716288 bytes, new threshold 4 (max 6)
- age   1:    2582072 bytes,    2582072 total
- age   2:    2408056 bytes,    4990128 total
- age   3:    1884936 bytes,    6875064 total
- age   4:    2076288 bytes,    8951352 total
: 150409K->14209K(153344K), 0.0278760 secs] 767926K->635080K(1032896K), 0.0280580 secs] [Times: user=0.06 sys=0.00, real=0.03 secs] 
2014-03-07T16:26:49.909+0000: 296275.894: [GC2014-03-07T16:26:49.909+0000: 296275.894: [ParNew
Desired survivor size 8716288 bytes, new threshold 4 (max 6)
- age   1:    2548688 bytes,    2548688 total
- age   2:    2105160 bytes,    4653848 total
- age   3:    2397872 bytes,    7051720 total
- age   4:    1882424 bytes,    8934144 total
: 150529K->13270K(153344K), 0.0231820 secs] 771400K->636274K(1032896K), 0.0233490 secs] [Times: user=0.05 sys=0.00, real=0.02 secs] 
2014-03-07T16:28:18.807+0000: 296364.791: [GC2014-03-07T16:28:18.807+0000: 296364.791: [ParNew
Desired survivor size 8716288 bytes, new threshold 1 (max 6)
- age   1:   12606696 bytes,   12606696 total
- age   2:    1653536 bytes,   14260232 total
- age   3:    1487136 bytes,   15747368 total
- age   4:    1683408 bytes,   17430776 total
: 149590K->17024K(153344K), 0.0418010 secs] 772594K->646804K(1032896K), 0.0419830 secs] [Times: user=0.09 sys=0.00, real=0.04 secs] 
2014-03-07T16:30:05.617+0000: 296471.602: [GC2014-03-07T16:30:05.617+0000: 296471.602: [ParNew
Desired survivor size 8716288 bytes, new threshold 1 (max 6)
- age   1:    9736152 bytes,    9736152 total
: 153344K->15265K(153344K), 0.0378160 secs] 783124K->657846K(1032896K), 0.0380230 secs] [Times: user=0.08 sys=0.00, real=0.04 secs] 
2014-03-07T16:30:14.098+0000: 296480.083: [GC2014-03-07T16:30:14.098+0000: 296480.083: [ParNew
Desired survivor size 8716288 bytes, new threshold 1 (max 6)
- age   1:    9960888 bytes,    9960888 total
: 151585K->11431K(153344K), 0.0243070 secs] 794166K->657638K(1032896K), 0.0244770 secs] [Times: user=0.06 sys=0.00, real=0.03 secs] 
2014-03-07T16:30:59.614+0000: 296525.599: [GC2014-03-07T16:30:59.614+0000: 296525.599: [ParNew
Desired survivor size 8716288 bytes, new threshold 1 (max 6)
- age   1:   11387944 bytes,   11387944 total
: 147751K->14621K(153344K), 0.0225210 secs] 793958K->661010K(1032896K), 0.0227410 secs] [Times: user=0.04 sys=0.00, real=0.03 secs] 
2014-03-07T16:31:58.857+0000: 296584.842: [GC2014-03-07T16:31:58.857+0000: 296584.842: [ParNew
Desired survivor size 8716288 bytes, new threshold 1 (max 6)
- age   1:   11594184 bytes,   11594184 total
: 150941K->15857K(153344K), 0.0249160 secs] 797330K->662695K(1032896K), 0.0251300 secs] [Times: user=0.05 sys=0.00, real=0.03 secs] 
2014-03-07T16:32:37.309+0000: 296623.294: [GC2014-03-07T16:32:37.309+0000: 296623.294: [ParNew
Desired survivor size 8716288 bytes, new threshold 6 (max 6)
- age   1:    6624992 bytes,    6624992 total
: 152177K->11331K(153344K), 0.0116310 secs] 799015K->658749K(1032896K), 0.0117920 secs] [Times: user=0.02 sys=0.00, real=0.01 secs] 
2014-03-07T16:33:07.750+0000: 296653.735: [GC2014-03-07T16:33:07.750+0000: 296653.735: [ParNew
Desired survivor size 8716288 bytes, new threshold 1 (max 6)
- age   1:    8853792 bytes,    8853792 total
- age   2:     426184 bytes,    9279976 total
: 147651K->10175K(153344K), 0.0159370 secs] 795069K->657592K(1032896K), 0.0161230 secs] [Times: user=0.04 sys=0.00, real=0.02 secs] 
2014-03-07T16:33:45.210+0000: 296691.195: [GC2014-03-07T16:33:45.210+0000: 296691.195: [ParNew
Desired survivor size 8716288 bytes, new threshold 6 (max 6)
- age   1:    7881272 bytes,    7881272 total
: 146495K->11918K(153344K), 0.0187390 secs] 793912K->660174K(1032896K), 0.0189130 secs] [Times: user=0.04 sys=0.00, real=0.02 secs] 
2014-03-07T16:35:37.473+0000: 296803.458: [GC2014-03-07T16:35:37.473+0000: 296803.458: [ParNew
Desired survivor size 8716288 bytes, new threshold 1 (max 6)
- age   1:   11632128 bytes,   11632128 total
- age   2:    4550936 bytes,   16183064 total
: 148238K->17024K(153344K), 0.0188920 secs] 796494K->665900K(1032896K), 0.0190680 secs] [Times: user=0.04 sys=0.00, real=0.02 secs] 
2014-03-07T16:39:00.479+0000: 297006.464: [GC2014-03-07T16:39:00.479+0000: 297006.464: [ParNew
Desired survivor size 8716288 bytes, new threshold 6 (max 6)
- age   1:    2325008 bytes,    2325008 total
: 153344K->13853K(153344K), 0.0159940 secs] 802220K->664218K(1032896K), 0.0161460 secs] [Times: user=0.03 sys=0.00, real=0.02 secs] 
2014-03-07T16:42:53.536+0000: 297239.520: [GC2014-03-07T16:42:53.536+0000: 297239.520: [ParNew
Desired survivor size 8716288 bytes, new threshold 6 (max 6)
- age   1:    2521080 bytes,    2521080 total
- age   2:    1906152 bytes,    4427232 total
: 150173K->5860K(153344K), 0.0120160 secs] 800538K->656225K(1032896K), 0.0121530 secs] [Times: user=0.03 sys=0.00, real=0.01 secs] 
2014-03-07T16:46:35.498+0000: 297461.482: [GC2014-03-07T16:46:35.498+0000: 297461.482: [ParNew
Desired survivor size 8716288 bytes, new threshold 6 (max 6)
- age   1:    2699664 bytes,    2699664 total
- age   2:    2192000 bytes,    4891664 total
- age   3:    1903104 bytes,    6794768 total
: 142180K->8344K(153344K), 0.0150680 secs] 792545K->658710K(1032896K), 0.0152150 secs] [Times: user=0.03 sys=0.00, real=0.01 secs] 
2014-03-07T16:48:35.497+0000: 297581.482: [GC2014-03-07T16:48:35.497+0000: 297581.482: [ParNew
Desired survivor size 8716288 bytes, new threshold 1 (max 6)
- age   1:   10355560 bytes,   10355560 total
- age   2:    2285624 bytes,   12641184 total
- age   3:    2190440 bytes,   14831624 total
- age   4:    1902520 bytes,   16734144 total
: 144664K->17024K(153344K), 0.0286950 secs] 795030K->667812K(1032896K), 0.0288990 secs] [Times: user=0.06 sys=0.00, real=0.03 secs] 
2014-03-07T16:50:32.759+0000: 297698.744: [GC2014-03-07T16:50:32.759+0000: 297698.744: [ParNew
Desired survivor size 8716288 bytes, new threshold 1 (max 6)
- age   1:   10485160 bytes,   10485160 total
: 153344K->14200K(153344K), 0.0411570 secs] 804132K->678834K(1032896K), 0.0413330 secs] [Times: user=0.08 sys=0.00, real=0.04 secs] 
2014-03-07T16:53:59.909+0000: 297905.894: [GC2014-03-07T16:53:59.909+0000: 297905.894: [ParNew
Desired survivor size 8716288 bytes, new threshold 6 (max 6)
- age   1:    2390512 bytes,    2390512 total
: 150520K->10926K(153344K), 0.0154060 secs] 815154K->680406K(1032896K), 0.0155670 secs] [Times: user=0.03 sys=0.00, real=0.02 secs] 
2014-03-07T16:57:25.054+0000: 298111.039: [GC2014-03-07T16:57:25.054+0000: 298111.039: [ParNew
Desired survivor size 8716288 bytes, new threshold 6 (max 6)
- age   1:    2713864 bytes,    2713864 total
- age   2:    1915656 bytes,    4629520 total
: 147246K->5071K(153344K), 0.0125980 secs] 816726K->674552K(1032896K), 0.0127350 secs] [Times: user=0.02 sys=0.00, real=0.01 secs] 
2014-03-07T16:58:30.534+0000: 298176.519: [GC2014-03-07T16:58:30.535+0000: 298176.519: [ParNew
Desired survivor size 8716288 bytes, new threshold 1 (max 6)
- age   1:   13534344 bytes,   13534344 total
- age   2:    2026776 bytes,   15561120 total
- age   3:    1866696 bytes,   17427816 total
: 141391K->17024K(153344K), 0.0242300 secs] 810872K->689046K(1032896K), 0.0244010 secs] [Times: user=0.05 sys=0.00, real=0.02 secs] 
2014-03-07T16:59:59.731+0000: 298265.716: [GC2014-03-07T16:59:59.731+0000: 298265.716: [ParNew
Desired survivor size 8716288 bytes, new threshold 1 (max 6)
- age   1:   10665912 bytes,   10665912 total
: 153344K->17024K(153344K), 0.0424090 secs] 825366K->703319K(1032896K), 0.0425850 secs] [Times: user=0.09 sys=0.00, real=0.04 secs] 
2014-03-07T17:00:59.570+0000: 298325.555: [GC2014-03-07T17:00:59.570+0000: 298325.555: [ParNew
Desired survivor size 8716288 bytes, new threshold 1 (max 6)
- age   1:   11040512 bytes,   11040512 total
: 153344K->17023K(153344K), 0.0261050 secs] 839639K->704888K(1032896K), 0.0262830 secs] [Times: user=0.06 sys=0.00, real=0.03 secs] 
2014-03-07T17:02:31.571+0000: 298417.556: [GC2014-03-07T17:02:31.571+0000: 298417.556: [ParNew
Desired survivor size 8716288 bytes, new threshold 1 (max 6)
- age   1:   11477624 bytes,   11477624 total
: 153343K->16641K(153344K), 0.0229910 secs] 841208K->705171K(1032896K), 0.0231720 secs] [Times: user=0.05 sys=0.00, real=0.03 secs] 
2014-03-07T17:04:48.775+0000: 298554.760: [GC2014-03-07T17:04:48.775+0000: 298554.760: [ParNew
Desired survivor size 8716288 bytes, new threshold 1 (max 6)
- age   1:    9451136 bytes,    9451136 total
: 152961K->11248K(153344K), 0.0223370 secs] 841491K->707686K(1032896K), 0.0225060 secs] [Times: user=0.05 sys=0.00, real=0.02 secs] 
2014-03-07T17:08:20.513+0000: 298766.497: [GC2014-03-07T17:08:20.513+0000: 298766.498: [ParNew
Desired survivor size 8716288 bytes, new threshold 6 (max 6)
- age   1:    2418768 bytes,    2418768 total
: 147568K->9409K(153344K), 0.0157820 secs] 844006K->709758K(1032896K), 0.0159380 secs] [Times: user=0.03 sys=0.00, real=0.02 secs] 
2014-03-07T17:09:28.013+0000: 298833.998: [GC2014-03-07T17:09:28.013+0000: 298833.998: [ParNew
Desired survivor size 8716288 bytes, new threshold 1 (max 6)
- age   1:   15045320 bytes,   15045320 total
- age   2:    2051800 bytes,   17097120 total
: 145729K->17024K(153344K), 0.0208820 secs] 846078K->718307K(1032896K), 0.0210640 secs] [Times: user=0.04 sys=0.00, real=0.02 secs] 
2014-03-07T17:12:45.990+0000: 299031.975: [GC2014-03-07T17:12:45.990+0000: 299031.975: [ParNew
Desired survivor size 8716288 bytes, new threshold 6 (max 6)
- age   1:    2485656 bytes,    2485656 total
: 153344K->13532K(153344K), 0.0283480 secs] 854627K->731408K(1032896K), 0.0285220 secs] [Times: user=0.06 sys=0.00, real=0.03 secs] 
2014-03-07T17:16:17.364+0000: 299243.349: [GC2014-03-07T17:16:17.364+0000: 299243.349: [ParNew
Desired survivor size 8716288 bytes, new threshold 6 (max 6)
- age   1:    2413216 bytes,    2413216 total
- age   2:    1905512 bytes,    4318728 total
: 149852K->5731K(153344K), 0.0131910 secs] 867728K->723607K(1032896K), 0.0133380 secs] [Times: user=0.02 sys=0.00, real=0.01 secs] 
2014-03-07T17:20:09.131+0000: 299475.116: [GC2014-03-07T17:20:09.131+0000: 299475.116: [ParNew
Desired survivor size 8716288 bytes, new threshold 6 (max 6)
- age   1:    2713152 bytes,    2713152 total
- age   2:    2032984 bytes,    4746136 total
- age   3:    1867816 bytes,    6613952 total
: 142051K->8121K(153344K), 0.0147920 secs] 859927K->725997K(1032896K), 0.0149530 secs] [Times: user=0.03 sys=0.00, real=0.02 secs] 
2014-03-07T17:24:00.358+0000: 299706.343: [GC2014-03-07T17:24:00.358+0000: 299706.343: [ParNew
Desired survivor size 8716288 bytes, new threshold 4 (max 6)
- age   1:    2683328 bytes,    2683328 total
- age   2:    2156816 bytes,    4840144 total
- age   3:    2030072 bytes,    6870216 total
- age   4:    1866744 bytes,    8736960 total
: 144441K->11570K(153344K), 0.0177930 secs] 862317K->729446K(1032896K), 0.0179370 secs] [Times: user=0.04 sys=0.00, real=0.02 secs] 
2014-03-07T17:27:07.065+0000: 299893.049: [GC2014-03-07T17:27:07.065+0000: 299893.049: [ParNew
Desired survivor size 8716288 bytes, new threshold 4 (max 6)
- age   1:    2852288 bytes,    2852288 total
- age   2:    2137592 bytes,    4989880 total
- age   3:    2155416 bytes,    7145296 total
- age   4:    2029792 bytes,    9175088 total
: 147890K->11787K(153344K), 0.0230710 secs] 865766K->731577K(1032896K), 0.0232380 secs] [Times: user=0.05 sys=0.00, real=0.02 secs] 
2014-03-07T17:27:48.649+0000: 299934.634: [GC2014-03-07T17:27:48.649+0000: 299934.634: [ParNew
Desired survivor size 8716288 bytes, new threshold 1 (max 6)
- age   1:   12318152 bytes,   12318152 total
- age   2:    1566480 bytes,   13884632 total
- age   3:    1526944 bytes,   15411576 total
- age   4:    2020608 bytes,   17432184 total
: 148107K->17024K(153344K), 0.0342130 secs] 867897K->743490K(1032896K), 0.0343690 secs] [Times: user=0.07 sys=0.00, real=0.04 secs] 
2014-03-07T17:31:13.985+0000: 300139.970: [GC2014-03-07T17:31:13.985+0000: 300139.970: [ParNew
Desired survivor size 8716288 bytes, new threshold 6 (max 6)
- age   1:    2585104 bytes,    2585104 total
: 153344K->15128K(153344K), 0.0334830 secs] 879810K->758624K(1032896K), 0.0336500 secs] [Times: user=0.06 sys=0.00, real=0.03 secs] 
2014-03-07T17:34:25.572+0000: 300331.557: [GC2014-03-07T17:34:25.572+0000: 300331.557: [ParNew
Desired survivor size 8716288 bytes, new threshold 6 (max 6)
- age   1:    2412016 bytes,    2412016 total
- age   2:    1969896 bytes,    4381912 total
: 151448K->6461K(153344K), 0.0135380 secs] 894944K->749957K(1032896K), 0.0136750 secs] [Times: user=0.02 sys=0.00, real=0.02 secs] 
2014-03-07T17:37:37.168+0000: 300523.153: [GC2014-03-07T17:37:37.168+0000: 300523.153: [ParNew
Desired survivor size 8716288 bytes, new threshold 6 (max 6)
- age   1:    2383432 bytes,    2383432 total
- age   2:    1879888 bytes,    4263320 total
- age   3:    1921736 bytes,    6185056 total
: 142781K->8449K(153344K), 0.0144680 secs] 886277K->751946K(1032896K), 0.0145960 secs] [Times: user=0.03 sys=0.00, real=0.02 secs] 
2014-03-07T17:41:40.919+0000: 300766.904: [GC2014-03-07T17:41:40.919+0000: 300766.904: [ParNew
Desired survivor size 8716288 bytes, new threshold 6 (max 6)
- age   1:    2621232 bytes,    2621232 total
- age   2:    1824208 bytes,    4445440 total
- age   3:    1789784 bytes,    6235224 total
- age   4:    1920856 bytes,    8156080 total
: 144769K->10749K(153344K), 0.0168580 secs] 888266K->754245K(1032896K), 0.0169960 secs] [Times: user=0.03 sys=0.00, real=0.02 secs] 
2014-03-07T17:45:25.158+0000: 300991.143: [GC2014-03-07T17:45:25.158+0000: 300991.143: [ParNew
Desired survivor size 8716288 bytes, new threshold 4 (max 6)
- age   1:    2836288 bytes,    2836288 total
- age   2:    2306768 bytes,    5143056 total
- age   3:    1806616 bytes,    6949672 total
- age   4:    1789272 bytes,    8738944 total
- age   5:    1920280 bytes,   10659224 total
: 147069K->14605K(153344K), 0.0203740 secs] 890565K->758101K(1032896K), 0.0205670 secs] [Times: user=0.04 sys=0.00, real=0.02 secs] 
2014-03-07T17:48:20.459+0000: 301166.443: [GC2014-03-07T17:48:20.459+0000: 301166.443: [ParNew
Desired survivor size 8716288 bytes, new threshold 4 (max 6)
- age   1:    3337472 bytes,    3337472 total
- age   2:    2413480 bytes,    5750952 total
- age   3:    2260488 bytes,    8011440 total
- age   4:    1805416 bytes,    9816856 total
: 150925K->14434K(153344K), 0.0284300 secs] 894421K->761743K(1032896K), 0.0285890 secs] [Times: user=0.06 sys=0.00, real=0.03 secs] 
2014-03-07T17:50:54.609+0000: 301320.594: [GC2014-03-07T17:50:54.610+0000: 301320.594: [ParNew
Desired survivor size 8716288 bytes, new threshold 4 (max 6)
- age   1:    2989632 bytes,    2989632 total
- age   2:    2195352 bytes,    5184984 total
- age   3:    2412192 bytes,    7597176 total
- age   4:    2259512 bytes,    9856688 total
: 150754K->14453K(153344K), 0.0228350 secs] 898063K->763615K(1032896K), 0.0229990 secs] [Times: user=0.05 sys=0.00, real=0.02 secs] 
2014-03-07T17:54:44.134+0000: 301550.119: [GC2014-03-07T17:54:44.134+0000: 301550.119: [ParNew
Desired survivor size 8716288 bytes, new threshold 6 (max 6)
- age   1:    2509272 bytes,    2509272 total
- age   2:    1421992 bytes,    3931264 total
- age   3:    1740824 bytes,    5672088 total
- age   4:    2398680 bytes,    8070768 total
: 150773K->14293K(153344K), 0.0233720 secs] 899935K->765778K(1032896K), 0.0235730 secs] [Times: user=0.05 sys=0.00, real=0.02 secs] 
2014-03-07T17:58:30.202+0000: 301776.187: [GC2014-03-07T17:58:30.202+0000: 301776.187: [ParNew
Desired survivor size 8716288 bytes, new threshold 5 (max 6)
- age   1:    2841112 bytes,    2841112 total
- age   2:    2153184 bytes,    4994296 total
- age   3:    1408976 bytes,    6403272 total
- age   4:    1740440 bytes,    8143712 total
- age   5:    2120592 bytes,   10264304 total
: 150613K->12947K(153344K), 0.0197790 secs] 902098K->764432K(1032896K), 0.0199460 secs] [Times: user=0.05 sys=0.00, real=0.02 secs] 
2014-03-07T18:02:23.783+0000: 302009.768: [GC2014-03-07T18:02:23.783+0000: 302009.768: [ParNew
Desired survivor size 8716288 bytes, new threshold 5 (max 6)
- age   1:    2388312 bytes,    2388312 total
- age   2:    2394456 bytes,    4782768 total
- age   3:    2151232 bytes,    6934000 total
- age   4:    1407560 bytes,    8341560 total
- age   5:    1739984 bytes,   10081544 total
: 149267K->17024K(153344K), 0.0259910 secs] 900752K->770846K(1032896K), 0.0261500 secs] [Times: user=0.05 sys=0.00, real=0.02 secs] 
2014-03-07T18:06:03.172+0000: 302229.156: [GC2014-03-07T18:06:03.172+0000: 302229.157: [ParNew
Desired survivor size 8716288 bytes, new threshold 4 (max 6)
- age   1:    2556440 bytes,    2556440 total
- age   2:    2149304 bytes,    4705744 total
- age   3:    2381936 bytes,    7087680 total
- age   4:    2150000 bytes,    9237680 total
- age   5:    1407072 bytes,   10644752 total
: 153344K->11928K(153344K), 0.0259500 secs] 907166K->767537K(1032896K), 0.0261130 secs] [Times: user=0.05 sys=0.00, real=0.03 secs] 
2014-03-07T18:09:55.161+0000: 302461.146: [GC2014-03-07T18:09:55.161+0000: 302461.146: [ParNew
Desired survivor size 8716288 bytes, new threshold 4 (max 6)
- age   1:    2657600 bytes,    2657600 total
- age   2:    2022344 bytes,    4679944 total
- age   3:    2148528 bytes,    6828472 total
- age   4:    2368944 bytes,    9197416 total
: 148248K->9275K(153344K), 0.0307280 secs] 903857K->768540K(1032896K), 0.0309200 secs] [Times: user=0.06 sys=0.00, real=0.03 secs] 
2014-03-07T18:13:37.215+0000: 302683.200: [GC2014-03-07T18:13:37.215+0000: 302683.200: [ParNew
Desired survivor size 8716288 bytes, new threshold 4 (max 6)
- age   1:    2477800 bytes,    2477800 total
- age   2:    2260968 bytes,    4738768 total
- age   3:    2020360 bytes,    6759128 total
- age   4:    2147520 bytes,    8906648 total
: 145595K->13521K(153344K), 0.0246450 secs] 904860K->775211K(1032896K), 0.0248250 secs] [Times: user=0.05 sys=0.00, real=0.02 secs] 
2014-03-07T18:17:25.992+0000: 302911.976: [GC2014-03-07T18:17:25.992+0000: 302911.976: [ParNew
Desired survivor size 8716288 bytes, new threshold 4 (max 6)
- age   1:    2588208 bytes,    2588208 total
- age   2:    2060176 bytes,    4648384 total
- age   3:    2257800 bytes,    6906184 total
- age   4:    2019584 bytes,    8925768 total
: 149841K->13060K(153344K), 0.0243080 secs] 911531K->776956K(1032896K), 0.0244760 secs] [Times: user=0.06 sys=0.00, real=0.03 secs] 
2014-03-07T18:20:46.379+0000: 303112.364: [GC2014-03-07T18:20:46.379+0000: 303112.364: [ParNew
Desired survivor size 8716288 bytes, new threshold 4 (max 6)
- age   1:    2520048 bytes,    2520048 total
- age   2:    2260232 bytes,    4780280 total
- age   3:    2037728 bytes,    6818008 total
- age   4:    2256312 bytes,    9074320 total
: 149380K->13154K(153344K), 0.0235410 secs] 913276K->779126K(1032896K), 0.0236970 secs] [Times: user=0.05 sys=0.00, real=0.03 secs] 
2014-03-07T18:24:24.914+0000: 303330.899: [GC2014-03-07T18:24:24.914+0000: 303330.899: [ParNew
Desired survivor size 8716288 bytes, new threshold 4 (max 6)
- age   1:    2658256 bytes,    2658256 total
- age   2:    1982576 bytes,    4640832 total
- age   3:    2125832 bytes,    6766664 total
- age   4:    2036984 bytes,    8803648 total
: 149474K->13040K(153344K), 0.0236220 secs] 915446K->781250K(1032896K), 0.0237780 secs] [Times: user=0.05 sys=0.00, real=0.02 secs] 
2014-03-07T18:27:39.929+0000: 303525.914: [GC2014-03-07T18:27:39.929+0000: 303525.914: [ParNew
Desired survivor size 8716288 bytes, new threshold 6 (max 6)
- age   1:    2485912 bytes,    2485912 total
- age   2:    2048296 bytes,    4534208 total
- age   3:    1980696 bytes,    6514904 total
- age   4:    2124576 bytes,    8639480 total
: 149360K->12926K(153344K), 0.0244430 secs] 917570K->783229K(1032896K), 0.0245890 secs] [Times: user=0.05 sys=0.00, real=0.02 secs] 
2014-03-07T18:30:41.917+0000: 303707.902: [GC2014-03-07T18:30:41.918+0000: 303707.902: [ParNew
Desired survivor size 8716288 bytes, new threshold 4 (max 6)
- age   1:    3530768 bytes,    3530768 total
- age   2:    1892320 bytes,    5423088 total
- age   3:    1995208 bytes,    7418296 total
- age   4:    1980192 bytes,    9398488 total
- age   5:    2124336 bytes,   11522824 total
: 149246K->16707K(153344K), 0.0219780 secs] 919549K->787010K(1032896K), 0.0221180 secs] [Times: user=0.04 sys=0.01, real=0.02 secs] 
2014-03-07T18:34:28.669+0000: 303934.654: [GC2014-03-07T18:34:28.669+0000: 303934.654: [ParNew
Desired survivor size 8716288 bytes, new threshold 6 (max 6)
- age   1:    2576008 bytes,    2576008 total
- age   2:    1741880 bytes,    4317888 total
- age   3:    1880656 bytes,    6198544 total
- age   4:    1993568 bytes,    8192112 total
: 153027K->10424K(153344K), 0.0281550 secs] 923330K->784939K(1032896K), 0.0283220 secs] [Times: user=0.06 sys=0.00, real=0.03 secs] 
2014-03-07T18:37:41.642+0000: 304127.627: [GC2014-03-07T18:37:41.642+0000: 304127.627: [ParNew
Desired survivor size 8716288 bytes, new threshold 5 (max 6)
- age   1:    2252176 bytes,    2252176 total
- age   2:    2198888 bytes,    4451064 total
- age   3:    1671152 bytes,    6122216 total
- age   4:    1879416 bytes,    8001632 total
- age   5:    1993376 bytes,    9995008 total
: 146744K->17024K(153344K), 0.0220600 secs] 921259K->791717K(1032896K), 0.0222300 secs] [Times: user=0.04 sys=0.00, real=0.02 secs] 
2014-03-07T18:41:09.612+0000: 304335.597: [GC2014-03-07T18:41:09.613+0000: 304335.597: [ParNew
Desired survivor size 8716288 bytes, new threshold 5 (max 6)
- age   1:    2594104 bytes,    2594104 total
- age   2:    1800352 bytes,    4394456 total
- age   3:    2126168 bytes,    6520624 total
- age   4:    1670840 bytes,    8191464 total
- age   5:    1879344 bytes,   10070808 total
: 153344K->11655K(153344K), 0.0283530 secs] 928037K->788398K(1032896K), 0.0285480 secs] [Times: user=0.06 sys=0.00, real=0.03 secs] 
2014-03-07T18:44:55.802+0000: 304561.787: [GC2014-03-07T18:44:55.802+0000: 304561.787: [ParNew
Desired survivor size 8716288 bytes, new threshold 5 (max 6)
- age   1:    2283744 bytes,    2283744 total
- age   2:    2042328 bytes,    4326072 total
- age   3:    1799560 bytes,    6125632 total
- age   4:    2124832 bytes,    8250464 total
- age   5:    1670424 bytes,    9920888 total
: 147975K->17024K(153344K), 0.0249650 secs] 924718K->795821K(1032896K), 0.0251230 secs] [Times: user=0.05 sys=0.00, real=0.03 secs] 
2014-03-07T18:48:41.500+0000: 304787.485: [GC2014-03-07T18:48:41.501+0000: 304787.485: [ParNew
Desired survivor size 8716288 bytes, new threshold 5 (max 6)
- age   1:    2542176 bytes,    2542176 total
- age   2:    2083024 bytes,    4625200 total
- age   3:    2021128 bytes,    6646328 total
- age   4:    1799032 bytes,    8445360 total
- age   5:    2124328 bytes,   10569688 total
: 153344K->11822K(153344K), 0.0253370 secs] 932141K->792337K(1032896K), 0.0254950 secs] [Times: user=0.05 sys=0.00, real=0.03 secs] 
2014-03-07T18:52:00.909+0000: 304986.894: [GC2014-03-07T18:52:00.909+0000: 304986.894: [ParNew
Desired survivor size 8716288 bytes, new threshold 4 (max 6)
- age   1:    2692808 bytes,    2692808 total
- age   2:    2131720 bytes,    4824528 total
- age   3:    2080928 bytes,    6905456 total
- age   4:    1941872 bytes,    8847328 total
- age   5:    1798400 bytes,   10645728 total
: 148142K->13790K(153344K), 0.0264650 secs] 928657K->796486K(1032896K), 0.0266440 secs] [Times: user=0.06 sys=0.00, real=0.03 secs] 
2014-03-07T18:56:04.047+0000: 305230.032: [GC2014-03-07T18:56:04.047+0000: 305230.032: [ParNew
Desired survivor size 8716288 bytes, new threshold 4 (max 6)
- age   1:    2577744 bytes,    2577744 total
- age   2:    2023512 bytes,    4601256 total
- age   3:    2123064 bytes,    6724320 total
- age   4:    2079856 bytes,    8804176 total
: 150110K->9935K(153344K), 0.0289990 secs] 932806K->796476K(1032896K), 0.0291650 secs] [Times: user=0.05 sys=0.00, real=0.03 secs] 
2014-03-07T18:59:55.446+0000: 305461.431: [GC2014-03-07T18:59:55.446+0000: 305461.431: [ParNew
Desired survivor size 8716288 bytes, new threshold 4 (max 6)
- age   1:    2515984 bytes,    2515984 total
- age   2:    2263152 bytes,    4779136 total
- age   3:    2018872 bytes,    6798008 total
- age   4:    2122488 bytes,    8920496 total
: 146255K->13388K(153344K), 0.0238090 secs] 932796K->802066K(1032896K), 0.0239920 secs] [Times: user=0.04 sys=0.01, real=0.02 secs] 
2014-03-07T19:03:59.512+0000: 305705.497: [GC2014-03-07T19:03:59.512+0000: 305705.497: [ParNew
Desired survivor size 8716288 bytes, new threshold 4 (max 6)
- age   1:    2643728 bytes,    2643728 total
- age   2:    2128352 bytes,    4772080 total
- age   3:    2258840 bytes,    7030920 total
- age   4:    2015464 bytes,    9046384 total
: 149708K->13148K(153344K), 0.0242190 secs] 938386K->804006K(1032896K), 0.0243750 secs] [Times: user=0.05 sys=0.00, real=0.03 secs] 
2014-03-07T19:07:50.651+0000: 305936.636: [GC2014-03-07T19:07:50.652+0000: 305936.636: [ParNew
Desired survivor size 8716288 bytes, new threshold 4 (max 6)
- age   1:    2541712 bytes,    2541712 total
- age   2:    2332920 bytes,    4874632 total
- age   3:    2125928 bytes,    7000560 total
- age   4:    2258288 bytes,    9258848 total
: 149468K->13056K(153344K), 0.0238000 secs] 940326K->805861K(1032896K), 0.0239710 secs] [Times: user=0.05 sys=0.00, real=0.03 secs] 
2014-03-07T19:11:30.582+0000: 306156.567: [GC2014-03-07T19:11:30.582+0000: 306156.567: [ParNew
Desired survivor size 8716288 bytes, new threshold 4 (max 6)
- age   1:    2538800 bytes,    2538800 total
- age   2:    2141784 bytes,    4680584 total
- age   3:    2286248 bytes,    6966832 total
- age   4:    2125176 bytes,    9092008 total
: 149376K->13431K(153344K), 0.0244420 secs] 942181K->808558K(1032896K), 0.0246250 secs] [Times: user=0.05 sys=0.00, real=0.03 secs] 
2014-03-07T19:15:37.873+0000: 306403.857: [GC2014-03-07T19:15:37.873+0000: 306403.858: [ParNew
Desired survivor size 8716288 bytes, new threshold 4 (max 6)
- age   1:    2592792 bytes,    2592792 total
- age   2:    2036768 bytes,    4629560 total
- age   3:    2140472 bytes,    6770032 total
- age   4:    2285064 bytes,    9055096 total
: 149751K->13160K(153344K), 0.0241350 secs] 944878K->810471K(1032896K), 0.0243160 secs] [Times: user=0.05 sys=0.00, real=0.03 secs] 
2014-03-07T19:18:05.421+0000: 306551.406: [GC2014-03-07T19:18:05.421+0000: 306551.406: [ParNew
Desired survivor size 8716288 bytes, new threshold 4 (max 6)
- age   1:    2875600 bytes,    2875600 total
- age   2:    2273680 bytes,    5149280 total
- age   3:    2032584 bytes,    7181864 total
- age   4:    2139880 bytes,    9321744 total
: 149480K->17024K(153344K), 0.0268470 secs] 946791K->816990K(1032896K), 0.0270130 secs] [Times: user=0.06 sys=0.00, real=0.03 secs] 
2014-03-07T19:20:10.579+0000: 306676.563: [GC2014-03-07T19:20:10.579+0000: 306676.564: [ParNew
Desired survivor size 8716288 bytes, new threshold 6 (max 6)
- age   1:    1925600 bytes,    1925600 total
- age   2:    2396080 bytes,    4321680 total
- age   3:    2262296 bytes,    6583976 total
- age   4:    2032000 bytes,    8615976 total
: 153344K->11354K(153344K), 0.0252730 secs] 953310K->813521K(1032896K), 0.0254490 secs] [Times: user=0.05 sys=0.00, real=0.03 secs] 
2014-03-07T19:21:57.700+0000: 306783.685: [GC2014-03-07T19:21:57.700+0000: 306783.685: [ParNew
Desired survivor size 8716288 bytes, new threshold 5 (max 6)
- age   1:    2199552 bytes,    2199552 total
- age   2:    1230312 bytes,    3429864 total
- age   3:    2261568 bytes,    5691432 total
- age   4:    2262216 bytes,    7953648 total
- age   5:    2031824 bytes,    9985472 total
: 147674K->15267K(153344K), 0.0189390 secs] 949841K->817434K(1032896K), 0.0191130 secs] [Times: user=0.04 sys=0.00, real=0.02 secs] 
2014-03-07T19:24:01.836+0000: 306907.820: [GC2014-03-07T19:24:01.836+0000: 306907.820: [ParNew
Desired survivor size 8716288 bytes, new threshold 5 (max 6)
- age   1:    3599224 bytes,    3599224 total
- age   2:    1198032 bytes,    4797256 total
- age   3:    1227144 bytes,    6024400 total
- age   4:    1389248 bytes,    7413648 total
- age   5:    2260792 bytes,    9674440 total
: 151516K->13945K(153344K), 0.0252240 secs] 953683K->818201K(1032896K), 0.0253970 secs] [Times: user=0.06 sys=0.00, real=0.02 secs] 
2014-03-07T19:25:21.703+0000: 306987.687: [GC2014-03-07T19:25:21.703+0000: 306987.688: [ParNew
Desired survivor size 8716288 bytes, new threshold 6 (max 6)
- age   1:    1840304 bytes,    1840304 total
- age   2:    2025064 bytes,    3865368 total
- age   3:    1191240 bytes,    5056608 total
- age   4:    1212592 bytes,    6269200 total
- age   5:    1388872 bytes,    7658072 total
: 150265K->9615K(153344K), 0.0225010 secs] 954521K->816195K(1032896K), 0.0226510 secs] [Times: user=0.04 sys=0.00, real=0.02 secs] 
2014-03-07T19:28:20.011+0000: 307165.996: [GC2014-03-07T19:28:20.011+0000: 307165.996: [ParNew
Desired survivor size 8716288 bytes, new threshold 6 (max 6)
- age   1:    2067536 bytes,    2067536 total
- age   2:     896832 bytes,    2964368 total
- age   3:    1409504 bytes,    4373872 total
- age   4:    1183880 bytes,    5557752 total
- age   5:    1212520 bytes,    6770272 total
- age   6:    1388592 bytes,    8158864 total
: 145935K->11584K(153344K), 0.0170380 secs] 952515K->818164K(1032896K), 0.0171930 secs] [Times: user=0.04 sys=0.00, real=0.02 secs] 
2014-03-07T19:32:11.474+0000: 307397.459: [GC2014-03-07T19:32:11.474+0000: 307397.459: [ParNew
Desired survivor size 8716288 bytes, new threshold 6 (max 6)
- age   1:    2551352 bytes,    2551352 total
- age   2:    1676288 bytes,    4227640 total
- age   3:     755880 bytes,    4983520 total
- age   4:    1139968 bytes,    6123488 total
- age   5:    1183720 bytes,    7307208 total
- age   6:    1211664 bytes,    8518872 total
: 147904K->11768K(153344K), 0.0226420 secs] 954484K->819775K(1032896K), 0.0228070 secs] [Times: user=0.05 sys=0.00, real=0.03 secs] 
2014-03-07T19:36:11.596+0000: 307637.580: [GC2014-03-07T19:36:11.596+0000: 307637.580: [ParNew
Desired survivor size 8716288 bytes, new threshold 6 (max 6)
- age   1:    2587528 bytes,    2587528 total
- age   2:    2184384 bytes,    4771912 total
- age   3:    1674656 bytes,    6446568 total
- age   4:     755544 bytes,    7202112 total
- age   5:    1139760 bytes,    8341872 total
- age   6:    1183480 bytes,    9525352 total
: 148088K->16156K(153344K), 0.0229400 secs] 956095K->825367K(1032896K), 0.0231350 secs] [Times: user=0.05 sys=0.00, real=0.02 secs] 
2014-03-07T19:36:11.620+0000: 307637.605: [GC [1 CMS-initial-mark: 809210K(879552K)] 825500K(1032896K), 0.0072160 secs] [Times: user=0.01 sys=0.00, real=0.01 secs] 
2014-03-07T19:36:11.628+0000: 307637.613: [CMS-concurrent-mark-start]
2014-03-07T19:36:11.827+0000: 307637.812: [CMS-concurrent-mark: 0.199/0.199 secs] [Times: user=0.23 sys=0.00, real=0.20 secs] 
2014-03-07T19:36:11.828+0000: 307637.812: [CMS-concurrent-preclean-start]
2014-03-07T19:36:11.830+0000: 307637.814: [CMS-concurrent-preclean: 0.002/0.002 secs] [Times: user=0.00 sys=0.00, real=0.00 secs] 
2014-03-07T19:36:11.830+0000: 307637.815: [GC[YG occupancy: 16500 K (153344 K)]2014-03-07T19:36:11.830+0000: 307637.815: [Rescan (parallel) , 0.0074200 secs]2014-03-07T19:36:11.837+0000: 307637.822: [weak refs processing, 0.0046870 secs]2014-03-07T19:36:11.842+0000: 307637.827: [class unloading, 0.0113250 secs]2014-03-07T19:36:11.853+0000: 307637.838: [scrub symbol table, 0.0097720 secs]2014-03-07T19:36:11.863+0000: 307637.848: [scrub string table, 0.0009860 secs] [1 CMS-remark: 809210K(879552K)] 825711K(1032896K), 0.0370150 secs] [Times: user=0.05 sys=0.00, real=0.04 secs] 
2014-03-07T19:36:11.867+0000: 307637.852: [CMS-concurrent-sweep-start]
2014-03-07T19:36:12.447+0000: 307638.432: [CMS-concurrent-sweep: 0.580/0.580 secs] [Times: user=0.66 sys=0.00, real=0.58 secs] 
2014-03-07T19:36:12.448+0000: 307638.432: [CMS-concurrent-reset-start]
2014-03-07T19:36:12.454+0000: 307638.439: [CMS-concurrent-reset: 0.006/0.006 secs] [Times: user=0.00 sys=0.00, real=0.00 secs] 
2014-03-07T19:39:52.159+0000: 307858.143: [GC2014-03-07T19:39:52.159+0000: 307858.143: [ParNew
Desired survivor size 8716288 bytes, new threshold 5 (max 6)
- age   1:    2600880 bytes,    2600880 total
- age   2:    2249400 bytes,    4850280 total
- age   3:    2162744 bytes,    7013024 total
- age   4:    1668480 bytes,    8681504 total
- age   5:     749352 bytes,    9430856 total
- age   6:    1131912 bytes,   10562768 total
: 152476K->11123K(153344K), 0.0234250 secs] 269838K->129641K(1032896K), 0.0235990 secs] [Times: user=0.05 sys=0.00, real=0.03 secs] 
2014-03-07T19:43:37.894+0000: 308083.878: [GC2014-03-07T19:43:37.894+0000: 308083.879: [ParNew
Desired survivor size 8716288 bytes, new threshold 4 (max 6)
- age   1:    2349688 bytes,    2349688 total
- age   2:    2084056 bytes,    4433744 total
- age   3:    2246936 bytes,    6680680 total
- age   4:    2160864 bytes,    8841544 total
- age   5:    1667280 bytes,   10508824 total
: 147443K->17024K(153344K), 0.0258110 secs] 265961K->137683K(1032896K), 0.0259850 secs] [Times: user=0.06 sys=0.00, real=0.03 secs] 
2014-03-07T19:46:50.495+0000: 308276.480: [GC2014-03-07T19:46:50.495+0000: 308276.480: [ParNew
Desired survivor size 8716288 bytes, new threshold 4 (max 6)
- age   1:    2414240 bytes,    2414240 total
- age   2:    2073272 bytes,    4487512 total
- age   3:    2083000 bytes,    6570512 total
- age   4:    2246160 bytes,    8816672 total
: 153344K->10289K(153344K), 0.0274270 secs] 274003K->134882K(1032896K), 0.0276060 secs] [Times: user=0.06 sys=0.00, real=0.03 secs] 
2014-03-07T19:50:54.909+0000: 308520.894: [GC2014-03-07T19:50:54.909+0000: 308520.894: [ParNew
Desired survivor size 8716288 bytes, new threshold 6 (max 6)
- age   1:    2595280 bytes,    2595280 total
- age   2:    1766040 bytes,    4361320 total
- age   3:    2072184 bytes,    6433504 total
- age   4:    2082640 bytes,    8516144 total
: 146609K->13119K(153344K), 0.0241560 secs] 271202K->140019K(1032896K), 0.0243480 secs] [Times: user=0.05 sys=0.00, real=0.03 secs] 
2014-03-07T19:54:50.909+0000: 308756.894: [GC2014-03-07T19:54:50.909+0000: 308756.894: [ParNew
Desired survivor size 8716288 bytes, new threshold 4 (max 6)
- age   1:    2674440 bytes,    2674440 total
- age   2:    2254456 bytes,    4928896 total
- age   3:    1763280 bytes,    6692176 total
- age   4:    2071376 bytes,    8763552 total
- age   5:    2082496 bytes,   10846048 total
: 149439K->16795K(153344K), 0.0216950 secs] 276339K->143696K(1032896K), 0.0218900 secs] [Times: user=0.04 sys=0.01, real=0.02 secs] 
2014-03-07T19:57:52.746+0000: 308938.731: [GC2014-03-07T19:57:52.746+0000: 308938.731: [ParNew
Desired survivor size 8716288 bytes, new threshold 4 (max 6)
- age   1:    2861064 bytes,    2861064 total
- age   2:    2255664 bytes,    5116728 total
- age   3:    2252368 bytes,    7369096 total
- age   4:    1761368 bytes,    9130464 total
: 153115K->10306K(153344K), 0.0288310 secs] 280016K->141474K(1032896K), 0.0290300 secs] [Times: user=0.06 sys=0.00, real=0.03 secs] 
2014-03-07T20:00:45.126+0000: 309111.111: [GC2014-03-07T20:00:45.126+0000: 309111.111: [ParNew
Desired survivor size 8716288 bytes, new threshold 4 (max 6)
- age   1:    2800952 bytes,    2800952 total
- age   2:    2234056 bytes,    5035008 total
- age   3:    2201704 bytes,    7236712 total
- age   4:    2251640 bytes,    9488352 total
: 146626K->13679K(153344K), 0.0231100 secs] 277794K->146659K(1032896K), 0.0232670 secs] [Times: user=0.05 sys=0.00, real=0.02 secs] 
2014-03-07T20:04:40.744+0000: 309346.729: [GC2014-03-07T20:04:40.744+0000: 309346.729: [ParNew
Desired survivor size 8716288 bytes, new threshold 6 (max 6)
- age   1:    2539048 bytes,    2539048 total
- age   2:    2027648 bytes,    4566696 total
- age   3:    1746664 bytes,    6313360 total
- age   4:    2201168 bytes,    8514528 total
: 149999K->9036K(153344K), 0.0234120 secs] 282979K->144331K(1032896K), 0.0235780 secs] [Times: user=0.05 sys=0.00, real=0.02 secs] 
2014-03-07T20:08:24.960+0000: 309570.945: [GC2014-03-07T20:08:24.960+0000: 309570.945: [ParNew
Desired survivor size 8716288 bytes, new threshold 5 (max 6)
- age   1:    2657096 bytes,    2657096 total
- age   2:    2174088 bytes,    4831184 total
- age   3:    1899184 bytes,    6730368 total
- age   4:    1745616 bytes,    8475984 total
- age   5:    2200928 bytes,   10676912 total
: 145356K->16908K(153344K), 0.0233640 secs] 280651K->152203K(1032896K), 0.0235510 secs] [Times: user=0.04 sys=0.00, real=0.03 secs] 
2014-03-07T20:12:30.593+0000: 309816.577: [GC2014-03-07T20:12:30.593+0000: 309816.578: [ParNew
Desired survivor size 8716288 bytes, new threshold 5 (max 6)
- age   1:    2545408 bytes,    2545408 total
- age   2:    2035200 bytes,    4580608 total
- age   3:    2164192 bytes,    6744800 total
- age   4:    1897712 bytes,    8642512 total
- age   5:    1745208 bytes,   10387720 total
: 153228K->17024K(153344K), 0.0258210 secs] 288523K->154697K(1032896K), 0.0259980 secs] [Times: user=0.05 sys=0.00, real=0.03 secs] 
2014-03-07T20:16:28.985+0000: 310054.970: [GC2014-03-07T20:16:28.985+0000: 310054.970: [ParNew
Desired survivor size 8716288 bytes, new threshold 4 (max 6)
- age   1:    2555144 bytes,    2555144 total
- age   2:    2342600 bytes,    4897744 total
- age   3:    2032392 bytes,    6930136 total
- age   4:    2163720 bytes,    9093856 total
- age   5:    1897448 bytes,   10991304 total
: 153344K->12616K(153344K), 0.0249730 secs] 291017K->152082K(1032896K), 0.0251390 secs] [Times: user=0.05 sys=0.00, real=0.02 secs] 
2014-03-07T20:20:35.219+0000: 310301.204: [GC2014-03-07T20:20:35.219+0000: 310301.204: [ParNew
Desired survivor size 8716288 bytes, new threshold 4 (max 6)
- age   1:    2613568 bytes,    2613568 total
- age   2:    2179624 bytes,    4793192 total
- age   3:    2330616 bytes,    7123808 total
- age   4:    2031160 bytes,    9154968 total
: 148936K->9626K(153344K), 0.0282770 secs] 288402K->153272K(1032896K), 0.0284410 secs] [Times: user=0.06 sys=0.00, real=0.03 secs] 
2014-03-07T20:24:28.211+0000: 310534.196: [GC2014-03-07T20:24:28.211+0000: 310534.196: [ParNew
Desired survivor size 8716288 bytes, new threshold 4 (max 6)
- age   1:    2580672 bytes,    2580672 total
- age   2:    2331944 bytes,    4912616 total
- age   3:    2177344 bytes,    7089960 total
- age   4:    2329464 bytes,    9419424 total
: 145946K->13688K(153344K), 0.0235460 secs] 289592K->159423K(1032896K), 0.0237320 secs] [Times: user=0.05 sys=0.00, real=0.03 secs] 
2014-03-07T20:28:05.910+0000: 310751.895: [GC2014-03-07T20:28:05.910+0000: 310751.895: [ParNew
Desired survivor size 8716288 bytes, new threshold 4 (max 6)
- age   1:    2499192 bytes,    2499192 total
- age   2:    2161840 bytes,    4661032 total
- age   3:    2330744 bytes,    6991776 total
- age   4:    2176464 bytes,    9168240 total
: 150008K->13707K(153344K), 0.0248730 secs] 295743K->161796K(1032896K), 0.0250490 secs] [Times: user=0.05 sys=0.00, real=0.03 secs] 
2014-03-07T20:31:45.534+0000: 310971.519: [GC2014-03-07T20:31:45.534+0000: 310971.519: [ParNew
Desired survivor size 8716288 bytes, new threshold 4 (max 6)
- age   1:    2540896 bytes,    2540896 total
- age   2:    2064800 bytes,    4605696 total
- age   3:    2160920 bytes,    6766616 total
- age   4:    2330000 bytes,    9096616 total
: 150027K->13402K(153344K), 0.0234100 secs] 298116K->163729K(1032896K), 0.0235810 secs] [Times: user=0.05 sys=0.00, real=0.02 secs] 
2014-03-07T20:35:33.482+0000: 311199.466: [GC2014-03-07T20:35:33.482+0000: 311199.467: [ParNew
Desired survivor size 8716288 bytes, new threshold 4 (max 6)
- age   1:    2482064 bytes,    2482064 total
- age   2:    2031008 bytes,    4513072 total
- age   3:    2063016 bytes,    6576088 total
- age   4:    2160472 bytes,    8736560 total
: 149722K->8899K(153344K), 0.0233980 secs] 300049K->161619K(1032896K), 0.0235740 secs] [Times: user=0.05 sys=0.00, real=0.03 secs] 
2014-03-07T20:39:13.254+0000: 311419.239: [GC2014-03-07T20:39:13.254+0000: 311419.239: [ParNew
Desired survivor size 8716288 bytes, new threshold 4 (max 6)
- age   1:    2594960 bytes,    2594960 total
- age   2:    2088568 bytes,    4683528 total
- age   3:    2025344 bytes,    6708872 total
- age   4:    2062664 bytes,    8771536 total
: 145219K->12831K(153344K), 0.0233520 secs] 297939K->167771K(1032896K), 0.0235240 secs] [Times: user=0.05 sys=0.00, real=0.02 secs] 
2014-03-07T20:42:18.970+0000: 311604.955: [GC2014-03-07T20:42:18.970+0000: 311604.955: [ParNew
Desired survivor size 8716288 bytes, new threshold 4 (max 6)
- age   1:    2659584 bytes,    2659584 total
- age   2:    2049728 bytes,    4709312 total
- age   3:    2086208 bytes,    6795520 total
- age   4:    2024120 bytes,    8819640 total
: 149151K->12917K(153344K), 0.0230820 secs] 304091K->169976K(1032896K), 0.0232420 secs] [Times: user=0.05 sys=0.00, real=0.02 secs] 
2014-03-07T20:46:09.808+0000: 311835.792: [GC2014-03-07T20:46:09.808+0000: 311835.793: [ParNew
Desired survivor size 8716288 bytes, new threshold 6 (max 6)
- age   1:    2509104 bytes,    2509104 total
- age   2:    1964760 bytes,    4473864 total
- age   3:    2048048 bytes,    6521912 total
- age   4:    2085480 bytes,    8607392 total
: 149237K->12597K(153344K), 0.0231220 secs] 306296K->171736K(1032896K), 0.0232930 secs] [Times: user=0.05 sys=0.00, real=0.02 secs] 
2014-03-07T20:49:47.217+0000: 312053.202: [GC2014-03-07T20:49:47.218+0000: 312053.202: [ParNew
Desired survivor size 8716288 bytes, new threshold 5 (max 6)
- age   1:    2651072 bytes,    2651072 total
- age   2:    2146288 bytes,    4797360 total
- age   3:    1846096 bytes,    6643456 total
- age   4:    2047424 bytes,    8690880 total
- age   5:    2085208 bytes,   10776088 total
: 148917K->16681K(153344K), 0.0203620 secs] 308056K->175821K(1032896K), 0.0205330 secs] [Times: user=0.04 sys=0.00, real=0.02 secs] 
2014-03-07T20:53:21.676+0000: 312267.660: [GC2014-03-07T20:53:21.676+0000: 312267.661: [ParNew
Desired survivor size 8716288 bytes, new threshold 5 (max 6)
- age   1:    2614496 bytes,    2614496 total
- age   2:    2052608 bytes,    4667104 total
- age   3:    2145104 bytes,    6812208 total
- age   4:    1844184 bytes,    8656392 total
- age   5:    2047040 bytes,   10703432 total
: 153001K->15058K(153344K), 0.0257990 secs] 312141K->176342K(1032896K), 0.0259630 secs] [Times: user=0.05 sys=0.00, real=0.02 secs] 
2014-03-07T20:57:11.910+0000: 312497.895: [GC2014-03-07T20:57:11.910+0000: 312497.895: [ParNew
Desired survivor size 8716288 bytes, new threshold 4 (max 6)
- age   1:    2649080 bytes,    2649080 total
- age   2:    2029720 bytes,    4678800 total
- age   3:    1986704 bytes,    6665504 total
- age   4:    2143840 bytes,    8809344 total
- age   5:    1724000 bytes,   10533344 total
: 151378K->15193K(153344K), 0.0256890 secs] 312662K->178581K(1032896K), 0.0258600 secs] [Times: user=0.06 sys=0.00, real=0.03 secs] 
2014-03-07T20:59:59.459+0000: 312665.444: [GC2014-03-07T20:59:59.459+0000: 312665.444: [ParNew
Desired survivor size 8716288 bytes, new threshold 6 (max 6)
- age   1:    2343952 bytes,    2343952 total
- age   2:    2215160 bytes,    4559112 total
- age   3:    2014808 bytes,    6573920 total
- age   4:    1986416 bytes,    8560336 total
: 151513K->10320K(153344K), 0.0276400 secs] 314901K->177686K(1032896K), 0.0278200 secs] [Times: user=0.06 sys=0.00, real=0.03 secs] 
2014-03-07T21:03:54.974+0000: 312900.959: [GC2014-03-07T21:03:54.974+0000: 312900.959: [ParNew
Desired survivor size 8716288 bytes, new threshold 5 (max 6)
- age   1:    2400272 bytes,    2400272 total
- age   2:    1775384 bytes,    4175656 total
- age   3:    2166616 bytes,    6342272 total
- age   4:    2013856 bytes,    8356128 total
- age   5:    1985840 bytes,   10341968 total
: 146640K->17024K(153344K), 0.0197320 secs] 314006K->184543K(1032896K), 0.0198810 secs] [Times: user=0.04 sys=0.01, real=0.01 secs] 
2014-03-07T21:07:54.968+0000: 313140.952: [GC2014-03-07T21:07:54.968+0000: 313140.952: [ParNew
Desired survivor size 8716288 bytes, new threshold 5 (max 6)
- age   1:    2546960 bytes,    2546960 total
- age   2:    2193288 bytes,    4740248 total
- age   3:    1774880 bytes,    6515128 total
- age   4:    2165424 bytes,    8680552 total
- age   5:    2013496 bytes,   10694048 total
: 153344K->12022K(153344K), 0.0246320 secs] 320863K->181582K(1032896K), 0.0247860 secs] [Times: user=0.05 sys=0.00, real=0.02 secs] 
2014-03-07T21:11:30.334+0000: 313356.318: [GC2014-03-07T21:11:30.334+0000: 313356.319: [ParNew
Desired survivor size 8716288 bytes, new threshold 5 (max 6)
- age   1:    2397928 bytes,    2397928 total
- age   2:    2180648 bytes,    4578576 total
- age   3:    2191136 bytes,    6769712 total
- age   4:    1567648 bytes,    8337360 total
- age   5:    2124976 bytes,   10462336 total
: 148342K->17024K(153344K), 0.0254750 secs] 317902K->189152K(1032896K), 0.0256300 secs] [Times: user=0.05 sys=0.00, real=0.03 secs] 
2014-03-07T21:15:23.749+0000: 313589.734: [GC2014-03-07T21:15:23.749+0000: 313589.734: [ParNew
Desired survivor size 8716288 bytes, new threshold 4 (max 6)
- age   1:    2574208 bytes,    2574208 total
- age   2:    2108448 bytes,    4682656 total
- age   3:    2179392 bytes,    6862048 total
- age   4:    2190512 bytes,    9052560 total
- age   5:    1566560 bytes,   10619120 total
: 153344K->15109K(153344K), 0.0257620 secs] 325472K->189421K(1032896K), 0.0259130 secs] [Times: user=0.05 sys=0.00, real=0.03 secs] 
2014-03-07T21:19:01.952+0000: 313807.936: [GC2014-03-07T21:19:01.952+0000: 313807.937: [ParNew
Desired survivor size 8716288 bytes, new threshold 4 (max 6)
- age   1:    2437376 bytes,    2437376 total
- age   2:    2229160 bytes,    4666536 total
- age   3:    2095152 bytes,    6761688 total
- age   4:    2177952 bytes,    8939640 total
: 151429K->15446K(153344K), 0.0290550 secs] 325741K->193620K(1032896K), 0.0292430 secs] [Times: user=0.05 sys=0.00, real=0.03 secs] 
2014-03-07T21:22:35.169+0000: 314021.154: [GC2014-03-07T21:22:35.169+0000: 314021.154: [ParNew
Desired survivor size 8716288 bytes, new threshold 4 (max 6)
- age   1:    2516600 bytes,    2516600 total
- age   2:    1986304 bytes,    4502904 total
- age   3:    2166680 bytes,    6669584 total
- age   4:    2048864 bytes,    8718448 total
: 151766K->11699K(153344K), 0.0225270 secs] 329940K->192112K(1032896K), 0.0226820 secs] [Times: user=0.04 sys=0.00, real=0.02 secs] 
2014-03-07T21:26:05.101+0000: 314231.086: [GC2014-03-07T21:26:05.101+0000: 314231.086: [ParNew
Desired survivor size 8716288 bytes, new threshold 6 (max 6)
- age   1:    2463232 bytes,    2463232 total
- age   2:    2051144 bytes,    4514376 total
- age   3:    1984760 bytes,    6499136 total
- age   4:    2166376 bytes,    8665512 total
: 148019K->11714K(153344K), 0.0224650 secs] 328432K->194230K(1032896K), 0.0226520 secs] [Times: user=0.04 sys=0.00, real=0.03 secs] 
2014-03-07T21:29:29.044+0000: 314435.029: [GC2014-03-07T21:29:29.045+0000: 314435.029: [ParNew
Desired survivor size 8716288 bytes, new threshold 5 (max 6)
- age   1:    2629280 bytes,    2629280 total
- age   2:    2020040 bytes,    4649320 total
- age   3:    1975752 bytes,    6625072 total
- age   4:    1984136 bytes,    8609208 total
- age   5:    2165088 bytes,   10774296 total
: 148034K->16416K(153344K), 0.0199820 secs] 330550K->198933K(1032896K), 0.0201360 secs] [Times: user=0.04 sys=0.00, real=0.02 secs] 
2014-03-07T21:32:56.700+0000: 314642.685: [GC2014-03-07T21:32:56.700+0000: 314642.685: [ParNew
Desired survivor size 8716288 bytes, new threshold 5 (max 6)
- age   1:    2425928 bytes,    2425928 total
- age   2:    2018616 bytes,    4444544 total
- age   3:    2018240 bytes,    6462784 total
- age   4:    1974936 bytes,    8437720 total
- age   5:    1983848 bytes,   10421568 total
: 152736K->14771K(153344K), 0.0251030 secs] 335253K->199514K(1032896K), 0.0252520 secs] [Times: user=0.06 sys=0.00, real=0.03 secs] 
2014-03-07T21:35:55.049+0000: 314821.033: [GC2014-03-07T21:35:55.049+0000: 314821.034: [ParNew
Desired survivor size 8716288 bytes, new threshold 5 (max 6)
- age   1:    2450152 bytes,    2450152 total
- age   2:    1906344 bytes,    4356496 total
- age   3:    1996624 bytes,    6353120 total
- age   4:    1972352 bytes,    8325472 total
- age   5:    1973912 bytes,   10299384 total
: 151091K->15097K(153344K), 0.0249620 secs] 335834K->201879K(1032896K), 0.0251360 secs] [Times: user=0.05 sys=0.00, real=0.02 secs] 
2014-03-07T21:38:09.909+0000: 314955.894: [GC2014-03-07T21:38:09.909+0000: 314955.894: [ParNew
Desired survivor size 8716288 bytes, new threshold 5 (max 6)
- age   1:    1916552 bytes,    1916552 total
- age   2:    1967040 bytes,    3883592 total
- age   3:    1904768 bytes,    5788360 total
- age   4:    1995368 bytes,    7783728 total
- age   5:    1971520 bytes,    9755248 total
: 151417K->10096K(153344K), 0.0235100 secs] 338199K->198908K(1032896K), 0.0237060 secs] [Times: user=0.05 sys=0.00, real=0.02 secs] 
2014-03-07T21:41:10.066+0000: 315136.051: [GC2014-03-07T21:41:10.066+0000: 315136.051: [ParNew
Desired survivor size 8716288 bytes, new threshold 5 (max 6)
- age   1:    2889688 bytes,    2889688 total
- age   2:    1302928 bytes,    4192616 total
- age   3:    1900768 bytes,    6093384 total
- age   4:    1904248 bytes,    7997632 total
- age   5:    1995120 bytes,    9992752 total
: 146416K->14363K(153344K), 0.0236240 secs] 335228K->205200K(1032896K), 0.0237920 secs] [Times: user=0.05 sys=0.00, real=0.02 secs] 
2014-03-07T21:44:34.074+0000: 315340.059: [GC2014-03-07T21:44:34.074+0000: 315340.059: [ParNew
Desired survivor size 8716288 bytes, new threshold 5 (max 6)
- age   1:    2365368 bytes,    2365368 total
- age   2:    1807944 bytes,    4173312 total
- age   3:    1250672 bytes,    5423984 total
- age   4:    1892552 bytes,    7316536 total
- age   5:    1903016 bytes,    9219552 total
: 150683K->9861K(153344K), 0.0239330 secs] 341520K->202745K(1032896K), 0.0240900 secs] [Times: user=0.05 sys=0.00, real=0.02 secs] 
2014-03-07T21:48:13.254+0000: 315559.238: [GC2014-03-07T21:48:13.254+0000: 315559.238: [ParNew
Desired survivor size 8716288 bytes, new threshold 5 (max 6)
- age   1:    2462040 bytes,    2462040 total
- age   2:    1862664 bytes,    4324704 total
- age   3:    1756440 bytes,    6081144 total
- age   4:    1248536 bytes,    7329680 total
- age   5:    1692920 bytes,    9022600 total
: 146181K->8997K(153344K), 0.0223780 secs] 339065K->203837K(1032896K), 0.0225220 secs] [Times: user=0.05 sys=0.00, real=0.03 secs] 
2014-03-07T21:51:49.909+0000: 315775.893: [GC2014-03-07T21:51:49.909+0000: 315775.894: [ParNew
Desired survivor size 8716288 bytes, new threshold 5 (max 6)
- age   1:    2274736 bytes,    2274736 total
- age   2:    2025336 bytes,    4300072 total
- age   3:    1861648 bytes,    6161720 total
- age   4:    1710288 bytes,    7872008 total
- age   5:    1248392 bytes,    9120400 total
: 145317K->17024K(153344K), 0.0224940 secs] 340157K->213807K(1032896K), 0.0226500 secs] [Times: user=0.05 sys=0.00, real=0.02 secs] 
2014-03-07T21:55:44.356+0000: 316010.341: [GC2014-03-07T21:55:44.356+0000: 316010.341: [ParNew
Desired survivor size 8716288 bytes, new threshold 5 (max 6)
- age   1:    2674448 bytes,    2674448 total
- age   2:    2021176 bytes,    4695624 total
- age   3:    2024608 bytes,    6720232 total
- age   4:    1860336 bytes,    8580568 total
- age   5:    1709288 bytes,   10289856 total
: 153344K->11143K(153344K), 0.0226050 secs] 350127K->209210K(1032896K), 0.0227620 secs] [Times: user=0.05 sys=0.00, real=0.02 secs] 
2014-03-07T21:59:34.449+0000: 316240.434: [GC2014-03-07T21:59:34.449+0000: 316240.434: [ParNew
Desired survivor size 8716288 bytes, new threshold 4 (max 6)
- age   1:    2755832 bytes,    2755832 total
- age   2:    2245472 bytes,    5001304 total
- age   3:    2008344 bytes,    7009648 total
- age   4:    2024184 bytes,    9033832 total
- age   5:    1859456 bytes,   10893288 total
: 147463K->17024K(153344K), 0.0247210 secs] 345530K->217031K(1032896K), 0.0248700 secs] [Times: user=0.06 sys=0.00, real=0.02 secs] 
2014-03-07T22:03:23.168+0000: 316469.153: [GC2014-03-07T22:03:23.168+0000: 316469.153: [ParNew
Desired survivor size 8716288 bytes, new threshold 4 (max 6)
- age   1:    2554776 bytes,    2554776 total
- age   2:    2483248 bytes,    5038024 total
- age   3:    2243792 bytes,    7281816 total
- age   4:    2006832 bytes,    9288648 total
: 153344K->10363K(153344K), 0.0273020 secs] 353351K->214364K(1032896K), 0.0274580 secs] [Times: user=0.05 sys=0.00, real=0.03 secs] 
2014-03-07T22:07:02.995+0000: 316688.980: [GC2014-03-07T22:07:02.995+0000: 316688.980: [ParNew
Desired survivor size 8716288 bytes, new threshold 4 (max 6)
- age   1:    2594376 bytes,    2594376 total
- age   2:    2154912 bytes,    4749288 total
- age   3:    2454472 bytes,    7203760 total
- age   4:    2243360 bytes,    9447120 total
: 146683K->14039K(153344K), 0.0232610 secs] 350684K->220102K(1032896K), 0.0234390 secs] [Times: user=0.05 sys=0.00, real=0.02 secs] 
2014-03-07T22:10:27.485+0000: 316893.469: [GC2014-03-07T22:10:27.485+0000: 316893.470: [ParNew
Desired survivor size 8716288 bytes, new threshold 4 (max 6)
- age   1:    2523160 bytes,    2523160 total
- age   2:    2075816 bytes,    4598976 total
- age   3:    2143592 bytes,    6742568 total
- age   4:    2453408 bytes,    9195976 total
: 150359K->9434K(153344K), 0.0232780 secs] 356422K->217800K(1032896K), 0.0234370 secs] [Times: user=0.05 sys=0.00, real=0.02 secs] 
2014-03-07T22:14:10.221+0000: 317116.206: [GC2014-03-07T22:14:10.221+0000: 317116.206: [ParNew
Desired survivor size 8716288 bytes, new threshold 4 (max 6)
- age   1:    2562744 bytes,    2562744 total
- age   2:    1981984 bytes,    4544728 total
- age   3:    2074904 bytes,    6619632 total
- age   4:    2143256 bytes,    8762888 total
: 145754K->13274K(153344K), 0.0231330 secs] 354120K->224071K(1032896K), 0.0233000 secs] [Times: user=0.05 sys=0.00, real=0.03 secs] 
2014-03-07T22:17:44.666+0000: 317330.651: [GC2014-03-07T22:17:44.666+0000: 317330.651: [ParNew
Desired survivor size 8716288 bytes, new threshold 6 (max 6)
- age   1:    2536584 bytes,    2536584 total
- age   2:    2079032 bytes,    4615616 total
- age   3:    1853760 bytes,    6469376 total
- age   4:    2028736 bytes,    8498112 total
: 149579K->12905K(153344K), 0.0222850 secs] 360376K->225905K(1032896K), 0.0224420 secs] [Times: user=0.05 sys=0.00, real=0.02 secs] 
2014-03-07T22:21:47.651+0000: 317573.636: [GC2014-03-07T22:21:47.651+0000: 317573.636: [ParNew
Desired survivor size 8716288 bytes, new threshold 5 (max 6)
- age   1:    2536192 bytes,    2536192 total
- age   2:    2029480 bytes,    4565672 total
- age   3:    2067768 bytes,    6633440 total
- age   4:    1853264 bytes,    8486704 total
- age   5:    2027856 bytes,   10514560 total
: 149225K->16419K(153344K), 0.0194550 secs] 362225K->229418K(1032896K), 0.0196250 secs] [Times: user=0.04 sys=0.00, real=0.02 secs] 
2014-03-07T22:25:45.940+0000: 317811.925: [GC2014-03-07T22:25:45.940+0000: 317811.925: [ParNew
Desired survivor size 8716288 bytes, new threshold 4 (max 6)
- age   1:    2560776 bytes,    2560776 total
- age   2:    2234616 bytes,    4795392 total
- age   3:    2026040 bytes,    6821432 total
- age   4:    2067184 bytes,    8888616 total
- age   5:    1852976 bytes,   10741592 total
: 152739K->14591K(153344K), 0.0246670 secs] 365738K->229674K(1032896K), 0.0248220 secs] [Times: user=0.05 sys=0.00, real=0.03 secs] 
2014-03-07T22:28:49.860+0000: 317995.845: [GC2014-03-07T22:28:49.860+0000: 317995.845: [ParNew
Desired survivor size 8716288 bytes, new threshold 4 (max 6)
- age   1:    2608768 bytes,    2608768 total
- age   2:    2270560 bytes,    4879328 total
- age   3:    2232224 bytes,    7111552 total
- age   4:    2024040 bytes,    9135592 total
: 150911K->10562K(153344K), 0.0273880 secs] 365994K->229676K(1032896K), 0.0275470 secs] [Times: user=0.06 sys=0.00, real=0.03 secs] 
2014-03-07T22:32:30.532+0000: 318216.517: [GC2014-03-07T22:32:30.532+0000: 318216.517: [ParNew
Desired survivor size 8716288 bytes, new threshold 4 (max 6)
- age   1:    2435296 bytes,    2435296 total
- age   2:    1870752 bytes,    4306048 total
- age   3:    2270080 bytes,    6576128 total
- age   4:    2231936 bytes,    8808064 total
: 146882K->9142K(153344K), 0.0223130 secs] 365996K->230335K(1032896K), 0.0224650 secs] [Times: user=0.04 sys=0.00, real=0.03 secs] 
2014-03-07T22:35:53.243+0000: 318419.228: [GC2014-03-07T22:35:53.243+0000: 318419.228: [ParNew
Desired survivor size 8716288 bytes, new threshold 6 (max 6)
- age   1:    2399776 bytes,    2399776 total
- age   2:    2034640 bytes,    4434416 total
- age   3:    1817208 bytes,    6251624 total
- age   4:    2269640 bytes,    8521264 total
: 145462K->8837K(153344K), 0.0224440 secs] 366655K->232324K(1032896K), 0.0225960 secs] [Times: user=0.05 sys=0.00, real=0.02 secs] 
2014-03-07T22:39:59.980+0000: 318665.964: [GC2014-03-07T22:39:59.980+0000: 318665.964: [ParNew
Desired survivor size 8716288 bytes, new threshold 5 (max 6)
- age   1:    2636704 bytes,    2636704 total
- age   2:    1879104 bytes,    4515808 total
- age   3:    2029480 bytes,    6545288 total
- age   4:    1816592 bytes,    8361880 total
- age   5:    2269256 bytes,   10631136 total
: 145157K->16417K(153344K), 0.0195920 secs] 368644K->239904K(1032896K), 0.0197410 secs] [Times: user=0.04 sys=0.00, real=0.02 secs] 
2014-03-07T22:43:42.719+0000: 318888.704: [GC2014-03-07T22:43:42.719+0000: 318888.704: [ParNew
Desired survivor size 8716288 bytes, new threshold 5 (max 6)
- age   1:    2474112 bytes,    2474112 total
- age   2:    2286784 bytes,    4760896 total
- age   3:    1875416 bytes,    6636312 total
- age   4:    2023488 bytes,    8659800 total
- age   5:    1815280 bytes,   10475080 total
: 152737K->14900K(153344K), 0.0251960 secs] 376224K->240717K(1032896K), 0.0253450 secs] [Times: user=0.05 sys=0.00, real=0.03 secs] 
2014-03-07T22:47:31.426+0000: 319117.411: [GC2014-03-07T22:47:31.426+0000: 319117.411: [ParNew
Desired survivor size 8716288 bytes, new threshold 4 (max 6)
- age   1:    2549656 bytes,    2549656 total
- age   2:    2102216 bytes,    4651872 total
- age   3:    2271888 bytes,    6923760 total
- age   4:    1874200 bytes,    8797960 total
- age   5:    2023032 bytes,   10820992 total
: 151220K->14999K(153344K), 0.0241790 secs] 377037K->242560K(1032896K), 0.0243310 secs] [Times: user=0.05 sys=0.00, real=0.02 secs] 
2014-03-07T22:51:19.507+0000: 319345.491: [GC2014-03-07T22:51:19.507+0000: 319345.492: [ParNew
Desired survivor size 8716288 bytes, new threshold 4 (max 6)
- age   1:    2624984 bytes,    2624984 total
- age   2:    2086152 bytes,    4711136 total
- age   3:    2101192 bytes,    6812328 total
- age   4:    2271656 bytes,    9083984 total
: 151319K->10463K(153344K), 0.0285930 secs] 378880K->242031K(1032896K), 0.0287470 secs] [Times: user=0.06 sys=0.00, real=0.03 secs] 
2014-03-07T22:54:38.771+0000: 319544.756: [GC2014-03-07T22:54:38.771+0000: 319544.756: [ParNew
Desired survivor size 8716288 bytes, new threshold 4 (max 6)
- age   1:    2558144 bytes,    2558144 total
- age   2:    2174744 bytes,    4732888 total
- age   3:    2084584 bytes,    6817472 total
- age   4:    2054080 bytes,    8871552 total
: 146783K->13940K(153344K), 0.0229010 secs] 378351K->247843K(1032896K), 0.0230550 secs] [Times: user=0.05 sys=0.00, real=0.03 secs] 
2014-03-07T22:58:32.523+0000: 319778.508: [GC2014-03-07T22:58:32.523+0000: 319778.508: [ParNew
Desired survivor size 8716288 bytes, new threshold 4 (max 6)
- age   1:    2688024 bytes,    2688024 total
- age   2:    1915336 bytes,    4603360 total
- age   3:    2114392 bytes,    6717752 total
- age   4:    2084200 bytes,    8801952 total
: 150260K->12907K(153344K), 0.0224420 secs] 384163K->248922K(1032896K), 0.0225880 secs] [Times: user=0.05 sys=0.00, real=0.02 secs] 
2014-03-07T23:02:30.909+0000: 320016.894: [GC2014-03-07T23:02:30.909+0000: 320016.894: [ParNew
Desired survivor size 8716288 bytes, new threshold 4 (max 6)
- age   1:    2679992 bytes,    2679992 total
- age   2:    2205864 bytes,    4885856 total
- age   3:    1913552 bytes,    6799408 total
- age   4:    2113704 bytes,    8913112 total
: 149227K->12819K(153344K), 0.0225650 secs] 385242K->250977K(1032896K), 0.0227310 secs] [Times: user=0.05 sys=0.00, real=0.02 secs] 
2014-03-07T23:06:40.162+0000: 320266.147: [GC2014-03-07T23:06:40.162+0000: 320266.147: [ParNew
Desired survivor size 8716288 bytes, new threshold 4 (max 6)
- age   1:    2538248 bytes,    2538248 total
- age   2:    2330760 bytes,    4869008 total
- age   3:    2137816 bytes,    7006824 total
- age   4:    1911800 bytes,    8918624 total
: 149139K->12867K(153344K), 0.0226900 secs] 387297K->253197K(1032896K), 0.0228410 secs] [Times: user=0.05 sys=0.00, real=0.03 secs] 
2014-03-07T23:10:50.750+0000: 320516.734: [GC2014-03-07T23:10:50.750+0000: 320516.734: [ParNew
Desired survivor size 8716288 bytes, new threshold 4 (max 6)
- age   1:    2670616 bytes,    2670616 total
- age   2:    2299800 bytes,    4970416 total
- age   3:    2283136 bytes,    7253552 total
- age   4:    2137200 bytes,    9390752 total
: 149187K->13053K(153344K), 0.0227700 secs] 389517K->255344K(1032896K), 0.0229220 secs] [Times: user=0.05 sys=0.00, real=0.02 secs] 
2014-03-07T23:14:36.446+0000: 320742.430: [GC2014-03-07T23:14:36.446+0000: 320742.431: [ParNew
Desired survivor size 8716288 bytes, new threshold 4 (max 6)
- age   1:    2557288 bytes,    2557288 total
- age   2:    2342248 bytes,    4899536 total
- age   3:    2297800 bytes,    7197336 total
- age   4:    2202224 bytes,    9399560 total
: 149373K->13545K(153344K), 0.0233510 secs] 391664K->258033K(1032896K), 0.0235010 secs] [Times: user=0.06 sys=0.00, real=0.02 secs] 
2014-03-07T23:18:46.230+0000: 320992.215: [GC2014-03-07T23:18:46.230+0000: 320992.215: [ParNew
Desired survivor size 8716288 bytes, new threshold 4 (max 6)
- age   1:    2575408 bytes,    2575408 total
- age   2:    2117432 bytes,    4692840 total
- age   3:    2341568 bytes,    7034408 total
- age   4:    2297472 bytes,    9331880 total
: 149865K->13541K(153344K), 0.0234860 secs] 394353K->260293K(1032896K), 0.0236300 secs] [Times: user=0.05 sys=0.00, real=0.02 secs] 
2014-03-07T23:23:02.040+0000: 321248.024: [GC2014-03-07T23:23:02.040+0000: 321248.025: [ParNew
Desired survivor size 8716288 bytes, new threshold 4 (max 6)
- age   1:    2594312 bytes,    2594312 total
- age   2:    2299584 bytes,    4893896 total
- age   3:    2116896 bytes,    7010792 total
- age   4:    2340824 bytes,    9351616 total
: 149861K->13563K(153344K), 0.0245590 secs] 396613K->262677K(1032896K), 0.0247270 secs] [Times: user=0.05 sys=0.00, real=0.03 secs] 
2014-03-07T23:27:17.393+0000: 321503.378: [GC2014-03-07T23:27:17.393+0000: 321503.378: [ParNew
Desired survivor size 8716288 bytes, new threshold 4 (max 6)
- age   1:    2687792 bytes,    2687792 total
- age   2:    2384936 bytes,    5072728 total
- age   3:    2298056 bytes,    7370784 total
- age   4:    2071072 bytes,    9441856 total
: 149883K->13637K(153344K), 0.0238010 secs] 398997K->265156K(1032896K), 0.0239590 secs] [Times: user=0.05 sys=0.00, real=0.03 secs] 
2014-03-07T23:31:12.702+0000: 321738.687: [GC2014-03-07T23:31:12.702+0000: 321738.687: [ParNew
Desired survivor size 8716288 bytes, new threshold 4 (max 6)
- age   1:    2650840 bytes,    2650840 total
- age   2:    2394936 bytes,    5045776 total
- age   3:    2383768 bytes,    7429544 total
- age   4:    2296584 bytes,    9726128 total
: 149957K->13821K(153344K), 0.0237130 secs] 401476K->267468K(1032896K), 0.0238870 secs] [Times: user=0.05 sys=0.01, real=0.03 secs] 
2014-03-07T23:35:23.930+0000: 321989.915: [GC2014-03-07T23:35:23.930+0000: 321989.915: [ParNew
Desired survivor size 8716288 bytes, new threshold 4 (max 6)
- age   1:    2604904 bytes,    2604904 total
- age   2:    2272840 bytes,    4877744 total
- age   3:    2382776 bytes,    7260520 total
- age   4:    2382992 bytes,    9643512 total
: 150141K->14022K(153344K), 0.0253880 secs] 403788K->270030K(1032896K), 0.0255420 secs] [Times: user=0.05 sys=0.00, real=0.03 secs] 
2014-03-07T23:39:11.780+0000: 322217.765: [GC2014-03-07T23:39:11.781+0000: 322217.765: [ParNew
Desired survivor size 8716288 bytes, new threshold 4 (max 6)
- age   1:    2693040 bytes,    2693040 total
- age   2:    2349896 bytes,    5042936 total
- age   3:    2195512 bytes,    7238448 total
- age   4:    2381744 bytes,    9620192 total
: 150342K->14162K(153344K), 0.0242280 secs] 406350K->272619K(1032896K), 0.0243850 secs] [Times: user=0.06 sys=0.00, real=0.03 secs] 
2014-03-07T23:43:26.752+0000: 322472.737: [GC2014-03-07T23:43:26.752+0000: 322472.737: [ParNew
Desired survivor size 8716288 bytes, new threshold 4 (max 6)
- age   1:    2636536 bytes,    2636536 total
- age   2:    2209168 bytes,    4845704 total
- age   3:    2303688 bytes,    7149392 total
- age   4:    2194712 bytes,    9344104 total
: 150482K->13905K(153344K), 0.0238930 secs] 408939K->274809K(1032896K), 0.0240470 secs] [Times: user=0.06 sys=0.00, real=0.03 secs] 
2014-03-07T23:47:45.551+0000: 322731.536: [GC2014-03-07T23:47:45.551+0000: 322731.536: [ParNew
Desired survivor size 8716288 bytes, new threshold 4 (max 6)
- age   1:    2563912 bytes,    2563912 total
- age   2:    2389656 bytes,    4953568 total
- age   3:    2087728 bytes,    7041296 total
- age   4:    2302696 bytes,    9343992 total
: 150225K->17024K(153344K), 0.0238440 secs] 411129K->280370K(1032896K), 0.0239800 secs] [Times: user=0.05 sys=0.00, real=0.03 secs] 
2014-03-07T23:51:45.303+0000: 322971.287: [GC2014-03-07T23:51:45.303+0000: 322971.288: [ParNew
Desired survivor size 8716288 bytes, new threshold 4 (max 6)
- age   1:    2794776 bytes,    2794776 total
- age   2:    2387296 bytes,    5182072 total
- age   3:    2340008 bytes,    7522080 total
- age   4:    2085792 bytes,    9607872 total
: 153344K->11535K(153344K), 0.0241000 secs] 416690K->277249K(1032896K), 0.0242440 secs] [Times: user=0.04 sys=0.01, real=0.02 secs] 
2014-03-07T23:56:00.258+0000: 323226.242: [GC2014-03-07T23:56:00.258+0000: 323226.243: [ParNew
Desired survivor size 8716288 bytes, new threshold 4 (max 6)
- age   1:    2608120 bytes,    2608120 total
- age   2:    2369648 bytes,    4977768 total
- age   3:    2386232 bytes,    7364000 total
- age   4:    2337944 bytes,    9701944 total
: 147855K->16781K(153344K), 0.0267720 secs] 413569K->284639K(1032896K), 0.0269550 secs] [Times: user=0.05 sys=0.00, real=0.03 secs] 
2014-03-08T00:00:02.811+0000: 323468.796: [GC2014-03-08T00:00:02.811+0000: 323468.796: [ParNew
Desired survivor size 8716288 bytes, new threshold 4 (max 6)
- age   1:    2689168 bytes,    2689168 total
- age   2:    2349104 bytes,    5038272 total
- age   3:    2365072 bytes,    7403344 total
- age   4:    2385928 bytes,    9789272 total
: 153101K->11463K(153344K), 0.0249620 secs] 420959K->281724K(1032896K), 0.0251340 secs] [Times: user=0.05 sys=0.00, real=0.03 secs] 
2014-03-08T00:04:25.916+0000: 323731.901: [GC2014-03-08T00:04:25.916+0000: 323731.901: [ParNew
Desired survivor size 8716288 bytes, new threshold 4 (max 6)
- age   1:    2634048 bytes,    2634048 total
- age   2:    2359584 bytes,    4993632 total
- age   3:    2348304 bytes,    7341936 total
- age   4:    2245936 bytes,    9587872 total
: 147783K->12633K(153344K), 0.0242060 secs] 418044K->285348K(1032896K), 0.0243590 secs] [Times: user=0.05 sys=0.00, real=0.02 secs] 
2014-03-08T00:08:50.443+0000: 323996.428: [GC2014-03-08T00:08:50.443+0000: 323996.428: [ParNew
Desired survivor size 8716288 bytes, new threshold 4 (max 6)
- age   1:    2611576 bytes,    2611576 total
- age   2:    2427712 bytes,    5039288 total
- age   3:    2267976 bytes,    7307264 total
- age   4:    2346848 bytes,    9654112 total
: 148953K->17024K(153344K), 0.0240280 secs] 421668K->292104K(1032896K), 0.0241800 secs] [Times: user=0.05 sys=0.00, real=0.02 secs] 
2014-03-08T00:12:50.257+0000: 324236.242: [GC2014-03-08T00:12:50.258+0000: 324236.242: [ParNew
Desired survivor size 8716288 bytes, new threshold 4 (max 6)
- age   1:    2657968 bytes,    2657968 total
- age   2:    2480280 bytes,    5138248 total
- age   3:    2427152 bytes,    7565400 total
- age   4:    2260936 bytes,    9826336 total
: 153344K->11763K(153344K), 0.0248290 secs] 428424K->289255K(1032896K), 0.0249750 secs] [Times: user=0.06 sys=0.00, real=0.03 secs] 
2014-03-08T00:17:12.961+0000: 324498.945: [GC2014-03-08T00:17:12.961+0000: 324498.946: [ParNew
Desired survivor size 8716288 bytes, new threshold 4 (max 6)
- age   1:    2601664 bytes,    2601664 total
- age   2:    2296664 bytes,    4898328 total
- age   3:    2478928 bytes,    7377256 total
- age   4:    2426280 bytes,    9803536 total
: 148083K->12854K(153344K), 0.0243310 secs] 425575K->292669K(1032896K), 0.0244810 secs] [Times: user=0.06 sys=0.00, real=0.03 secs] 
2014-03-08T00:21:35.916+0000: 324761.901: [GC2014-03-08T00:21:35.916+0000: 324761.901: [ParNew
Desired survivor size 8716288 bytes, new threshold 4 (max 6)
- age   1:    2646192 bytes,    2646192 total
- age   2:    2442080 bytes,    5088272 total
- age   3:    2295872 bytes,    7384144 total
- age   4:    2433072 bytes,    9817216 total
: 149174K->13964K(153344K), 0.0245270 secs] 428989K->296274K(1032896K), 0.0246840 secs] [Times: user=0.05 sys=0.00, real=0.02 secs] 
2014-03-08T00:25:59.909+0000: 325025.894: [GC2014-03-08T00:25:59.909+0000: 325025.894: [ParNew
Desired survivor size 8716288 bytes, new threshold 4 (max 6)
- age   1:    2683856 bytes,    2683856 total
- age   2:    2439944 bytes,    5123800 total
- age   3:    2425288 bytes,    7549088 total
- age   4:    2295504 bytes,    9844592 total
: 150284K->14253K(153344K), 0.0247860 secs] 432594K->299064K(1032896K), 0.0249510 secs] [Times: user=0.06 sys=0.00, real=0.03 secs] 
2014-03-08T00:30:23.486+0000: 325289.471: [GC2014-03-08T00:30:23.486+0000: 325289.471: [ParNew
Desired survivor size 8716288 bytes, new threshold 4 (max 6)
- age   1:    2682712 bytes,    2682712 total
- age   2:    2518832 bytes,    5201544 total
- age   3:    2438384 bytes,    7639928 total
- age   4:    2424728 bytes,   10064656 total
: 150573K->14397K(153344K), 0.0246560 secs] 435384K->301564K(1032896K), 0.0248060 secs] [Times: user=0.05 sys=0.00, real=0.02 secs] 
2014-03-08T00:34:45.412+0000: 325551.397: [GC2014-03-08T00:34:45.412+0000: 325551.397: [ParNew
Desired survivor size 8716288 bytes, new threshold 4 (max 6)
- age   1:    2736376 bytes,    2736376 total
- age   2:    2459648 bytes,    5196024 total
- age   3:    2472152 bytes,    7668176 total
- age   4:    2398536 bytes,   10066712 total
: 150717K->14619K(153344K), 0.0249710 secs] 437884K->304279K(1032896K), 0.0251160 secs] [Times: user=0.05 sys=0.00, real=0.03 secs] 
2014-03-08T00:39:10.111+0000: 325816.096: [GC2014-03-08T00:39:10.111+0000: 325816.096: [ParNew
Desired survivor size 8716288 bytes, new threshold 4 (max 6)
- age   1:    2649968 bytes,    2649968 total
- age   2:    2458384 bytes,    5108352 total
- age   3:    2459168 bytes,    7567520 total
- age   4:    2431856 bytes,    9999376 total
: 150939K->14641K(153344K), 0.0250880 secs] 440599K->306767K(1032896K), 0.0252480 secs] [Times: user=0.05 sys=0.00, real=0.03 secs] 
2014-03-08T00:43:31.941+0000: 326077.926: [GC2014-03-08T00:43:31.941+0000: 326077.926: [ParNew
Desired survivor size 8716288 bytes, new threshold 4 (max 6)
- age   1:    2708744 bytes,    2708744 total
- age   2:    2436784 bytes,    5145528 total
- age   3:    2448464 bytes,    7593992 total
- age   4:    2458600 bytes,   10052592 total
: 150961K->14702K(153344K), 0.0248610 secs] 443087K->309329K(1032896K), 0.0250120 secs] [Times: user=0.05 sys=0.00, real=0.03 secs] 
2014-03-08T00:47:55.792+0000: 326341.777: [GC2014-03-08T00:47:55.792+0000: 326341.777: [ParNew
Desired survivor size 8716288 bytes, new threshold 4 (max 6)
- age   1:    2627264 bytes,    2627264 total
- age   2:    2515448 bytes,    5142712 total
- age   3:    2427696 bytes,    7570408 total
- age   4:    2408392 bytes,    9978800 total
: 151022K->14591K(153344K), 0.0261860 secs] 445649K->311704K(1032896K), 0.0263340 secs] [Times: user=0.05 sys=0.00, real=0.03 secs] 
2014-03-08T00:52:19.798+0000: 326605.783: [GC2014-03-08T00:52:19.798+0000: 326605.783: [ParNew
Desired survivor size 8716288 bytes, new threshold 4 (max 6)
- age   1:    2648032 bytes,    2648032 total
- age   2:    2441728 bytes,    5089760 total
- age   3:    2513856 bytes,    7603616 total
- age   4:    2427184 bytes,   10030800 total
: 150911K->14628K(153344K), 0.0262040 secs] 448024K->314217K(1032896K), 0.0263500 secs] [Times: user=0.05 sys=0.00, real=0.03 secs] 
2014-03-08T00:56:43.289+0000: 326869.273: [GC2014-03-08T00:56:43.289+0000: 326869.273: [ParNew
Desired survivor size 8716288 bytes, new threshold 4 (max 6)
- age   1:    2715000 bytes,    2715000 total
- age   2:    2474128 bytes,    5189128 total
- age   3:    2440760 bytes,    7629888 total
- age   4:    2428192 bytes,   10058080 total
: 150948K->14641K(153344K), 0.0252080 secs] 450537K->316727K(1032896K), 0.0253630 secs] [Times: user=0.04 sys=0.00, real=0.03 secs] 
2014-03-08T01:01:08.119+0000: 327134.104: [GC2014-03-08T01:01:08.119+0000: 327134.104: [ParNew
Desired survivor size 8716288 bytes, new threshold 4 (max 6)
- age   1:    2692752 bytes,    2692752 total
- age   2:    2465280 bytes,    5158032 total
- age   3:    2473592 bytes,    7631624 total
- age   4:    2432024 bytes,   10063648 total
: 150961K->14636K(153344K), 0.0248540 secs] 453047K->319177K(1032896K), 0.0250020 secs] [Times: user=0.06 sys=0.00, real=0.03 secs] 
2014-03-08T01:05:31.512+0000: 327397.497: [GC2014-03-08T01:05:31.512+0000: 327397.497: [ParNew
Desired survivor size 8716288 bytes, new threshold 4 (max 6)
- age   1:    2692688 bytes,    2692688 total
- age   2:    2443048 bytes,    5135736 total
- age   3:    2462992 bytes,    7598728 total
- age   4:    2472728 bytes,   10071456 total
: 150956K->14770K(153344K), 0.0255450 secs] 455497K->321812K(1032896K), 0.0256910 secs] [Times: user=0.05 sys=0.00, real=0.03 secs] 
2014-03-08T01:09:57.722+0000: 327663.707: [GC2014-03-08T01:09:57.722+0000: 327663.707: [ParNew
Desired survivor size 8716288 bytes, new threshold 4 (max 6)
- age   1:    2647336 bytes,    2647336 total
- age   2:    2487608 bytes,    5134944 total
- age   3:    2433768 bytes,    7568712 total
- age   4:    2422704 bytes,    9991416 total
: 151090K->14629K(153344K), 0.0249250 secs] 458132K->324173K(1032896K), 0.0250670 secs] [Times: user=0.05 sys=0.00, real=0.02 secs] 
2014-03-08T01:14:19.975+0000: 327925.960: [GC2014-03-08T01:14:19.975+0000: 327925.960: [ParNew
Desired survivor size 8716288 bytes, new threshold 4 (max 6)
- age   1:    2711280 bytes,    2711280 total
- age   2:    2435264 bytes,    5146544 total
- age   3:    2477200 bytes,    7623744 total
- age   4:    2433256 bytes,   10057000 total
: 150949K->14652K(153344K), 0.0248970 secs] 460493K->326686K(1032896K), 0.0250420 secs] [Times: user=0.06 sys=0.00, real=0.02 secs] 
2014-03-08T01:18:45.173+0000: 328191.158: [GC2014-03-08T01:18:45.173+0000: 328191.158: [ParNew
Desired survivor size 8716288 bytes, new threshold 4 (max 6)
- age   1:    2679600 bytes,    2679600 total
- age   2:    2473856 bytes,    5153456 total
- age   3:    2434392 bytes,    7587848 total
- age   4:    2436912 bytes,   10024760 total
: 150972K->14674K(153344K), 0.0247650 secs] 463006K->329210K(1032896K), 0.0249260 secs] [Times: user=0.05 sys=0.00, real=0.03 secs] 
2014-03-08T01:23:09.126+0000: 328455.111: [GC2014-03-08T01:23:09.126+0000: 328455.111: [ParNew
Desired survivor size 8716288 bytes, new threshold 4 (max 6)
- age   1:    2695744 bytes,    2695744 total
- age   2:    2519808 bytes,    5215552 total
- age   3:    2472872 bytes,    7688424 total
- age   4:    2433832 bytes,   10122256 total
: 150994K->14645K(153344K), 0.0251910 secs] 465530K->331647K(1032896K), 0.0253460 secs] [Times: user=0.05 sys=0.00, real=0.02 secs] 
2014-03-08T01:27:33.952+0000: 328719.936: [GC2014-03-08T01:27:33.952+0000: 328719.937: [ParNew
Desired survivor size 8716288 bytes, new threshold 4 (max 6)
- age   1:    2731784 bytes,    2731784 total
- age   2:    2471920 bytes,    5203704 total
- age   3:    2473376 bytes,    7677080 total
- age   4:    2432960 bytes,   10110040 total
: 150965K->14748K(153344K), 0.0249080 secs] 467967K->334252K(1032896K), 0.0250460 secs] [Times: user=0.05 sys=0.00, real=0.03 secs] 
2014-03-08T01:31:58.739+0000: 328984.723: [GC2014-03-08T01:31:58.739+0000: 328984.723: [ParNew
Desired survivor size 8716288 bytes, new threshold 4 (max 6)
- age   1:    2691224 bytes,    2691224 total
- age   2:    2486896 bytes,    5178120 total
- age   3:    2454688 bytes,    7632808 total
- age   4:    2432968 bytes,   10065776 total
: 151068K->14716K(153344K), 0.0249320 secs] 470572K->336721K(1032896K), 0.0250820 secs] [Times: user=0.05 sys=0.00, real=0.03 secs] 
2014-03-08T01:36:23.555+0000: 329249.540: [GC2014-03-08T01:36:23.556+0000: 329249.540: [ParNew
Desired survivor size 8716288 bytes, new threshold 4 (max 6)
- age   1:    2748056 bytes,    2748056 total
- age   2:    2422312 bytes,    5170368 total
- age   3:    2485504 bytes,    7655872 total
- age   4:    2453704 bytes,   10109576 total
: 151036K->14795K(153344K), 0.0250540 secs] 473041K->339301K(1032896K), 0.0251990 secs] [Times: user=0.05 sys=0.00, real=0.02 secs] 
2014-03-08T01:40:48.370+0000: 329514.355: [GC2014-03-08T01:40:48.370+0000: 329514.355: [ParNew
Desired survivor size 8716288 bytes, new threshold 4 (max 6)
- age   1:    2681600 bytes,    2681600 total
- age   2:    2542264 bytes,    5223864 total
- age   3:    2421288 bytes,    7645152 total
- age   4:    2445448 bytes,   10090600 total
: 151115K->14673K(153344K), 0.0259400 secs] 475621K->341662K(1032896K), 0.0260770 secs] [Times: user=0.04 sys=0.00, real=0.03 secs] 
2014-03-08T01:45:13.196+0000: 329779.180: [GC2014-03-08T01:45:13.196+0000: 329779.180: [ParNew
Desired survivor size 8716288 bytes, new threshold 4 (max 6)
- age   1:    2663224 bytes,    2663224 total
- age   2:    2471256 bytes,    5134480 total
- age   3:    2540696 bytes,    7675176 total
- age   4:    2420824 bytes,   10096000 total
: 150993K->14773K(153344K), 0.0249030 secs] 477982K->344275K(1032896K), 0.0250560 secs] [Times: user=0.06 sys=0.00, real=0.02 secs] 
2014-03-08T01:49:38.035+0000: 330044.020: [GC2014-03-08T01:49:38.035+0000: 330044.020: [ParNew
Desired survivor size 8716288 bytes, new threshold 4 (max 6)
- age   1:    2704304 bytes,    2704304 total
- age   2:    2475408 bytes,    5179712 total
- age   3:    2462520 bytes,    7642232 total
- age   4:    2454728 bytes,   10096960 total
: 151093K->14750K(153344K), 0.0248450 secs] 480595K->346741K(1032896K), 0.0250000 secs] [Times: user=0.05 sys=0.00, real=0.02 secs] 
2014-03-08T01:54:02.860+0000: 330308.845: [GC2014-03-08T01:54:02.860+0000: 330308.845: [ParNew
Desired survivor size 8716288 bytes, new threshold 4 (max 6)
- age   1:    2712208 bytes,    2712208 total
- age   2:    2468984 bytes,    5181192 total
- age   3:    2457888 bytes,    7639080 total
- age   4:    2462200 bytes,   10101280 total
: 151070K->14743K(153344K), 0.0251770 secs] 483061K->349217K(1032896K), 0.0253330 secs] [Times: user=0.06 sys=0.00, real=0.03 secs] 
2014-03-08T01:58:27.672+0000: 330573.657: [GC2014-03-08T01:58:27.672+0000: 330573.657: [ParNew
Desired survivor size 8716288 bytes, new threshold 4 (max 6)
- age   1:    2732672 bytes,    2732672 total
- age   2:    2488576 bytes,    5221248 total
- age   3:    2459192 bytes,    7680440 total
- age   4:    2417888 bytes,   10098328 total
: 151063K->14747K(153344K), 0.0249150 secs] 485537K->351753K(1032896K), 0.0250520 secs] [Times: user=0.06 sys=0.00, real=0.03 secs] 
2014-03-08T02:02:52.481+0000: 330838.466: [GC2014-03-08T02:02:52.481+0000: 330838.466: [ParNew
Desired survivor size 8716288 bytes, new threshold 4 (max 6)
- age   1:    2674176 bytes,    2674176 total
- age   2:    2462384 bytes,    5136560 total
- age   3:    2479584 bytes,    7616144 total
- age   4:    2419208 bytes,   10035352 total
: 151067K->14707K(153344K), 0.0251000 secs] 488073K->354200K(1032896K), 0.0252510 secs] [Times: user=0.06 sys=0.00, real=0.03 secs] 
2014-03-08T02:07:17.285+0000: 331103.270: [GC2014-03-08T02:07:17.285+0000: 331103.270: [ParNew
Desired survivor size 8716288 bytes, new threshold 4 (max 6)
- age   1:    2738944 bytes,    2738944 total
- age   2:    2453664 bytes,    5192608 total
- age   3:    2460360 bytes,    7652968 total
- age   4:    2478984 bytes,   10131952 total
: 151027K->14756K(153344K), 0.0250130 secs] 490520K->356736K(1032896K), 0.0251580 secs] [Times: user=0.05 sys=0.00, real=0.02 secs] 
2014-03-08T02:11:42.114+0000: 331368.099: [GC2014-03-08T02:11:42.114+0000: 331368.099: [ParNew
Desired survivor size 8716288 bytes, new threshold 4 (max 6)
- age   1:    2680440 bytes,    2680440 total
- age   2:    2515944 bytes,    5196384 total
- age   3:    2444528 bytes,    7640912 total
- age   4:    2420240 bytes,   10061152 total
: 151076K->14692K(153344K), 0.0251710 secs] 493056K->359180K(1032896K), 0.0253130 secs] [Times: user=0.05 sys=0.00, real=0.02 secs] 
2014-03-08T02:16:06.942+0000: 331632.927: [GC2014-03-08T02:16:06.943+0000: 331632.927: [ParNew
Desired survivor size 8716288 bytes, new threshold 4 (max 6)
- age   1:    2713712 bytes,    2713712 total
- age   2:    2441464 bytes,    5155176 total
- age   3:    2514648 bytes,    7669824 total
- age   4:    2444064 bytes,   10113888 total
: 151012K->14745K(153344K), 0.0254040 secs] 495500K->361722K(1032896K), 0.0255590 secs] [Times: user=0.06 sys=0.00, real=0.02 secs] 
2014-03-08T02:20:31.728+0000: 331897.713: [GC2014-03-08T02:20:31.728+0000: 331897.713: [ParNew
Desired survivor size 8716288 bytes, new threshold 4 (max 6)
- age   1:    2701784 bytes,    2701784 total
- age   2:    2462536 bytes,    5164320 total
- age   3:    2432232 bytes,    7596552 total
- age   4:    2474248 bytes,   10070800 total
: 151065K->14760K(153344K), 0.0253710 secs] 498042K->364251K(1032896K), 0.0255190 secs] [Times: user=0.05 sys=0.00, real=0.02 secs] 
2014-03-08T02:24:56.539+0000: 332162.524: [GC2014-03-08T02:24:56.539+0000: 332162.524: [ParNew
Desired survivor size 8716288 bytes, new threshold 4 (max 6)
- age   1:    2677192 bytes,    2677192 total
- age   2:    2472944 bytes,    5150136 total
- age   3:    2461752 bytes,    7611888 total
- age   4:    2431768 bytes,   10043656 total
: 151080K->14680K(153344K), 0.0263340 secs] 500571K->366673K(1032896K), 0.0264820 secs] [Times: user=0.05 sys=0.00, real=0.03 secs] 
2014-03-08T02:29:21.339+0000: 332427.323: [GC2014-03-08T02:29:21.339+0000: 332427.323: [ParNew
Desired survivor size 8716288 bytes, new threshold 4 (max 6)
- age   1:    2736512 bytes,    2736512 total
- age   2:    2451568 bytes,    5188080 total
- age   3:    2471408 bytes,    7659488 total
- age   4:    2461056 bytes,   10120544 total
: 151000K->14760K(153344K), 0.0249770 secs] 502993K->369254K(1032896K), 0.0251290 secs] [Times: user=0.05 sys=0.00, real=0.03 secs] 
2014-03-08T02:33:46.171+0000: 332692.156: [GC2014-03-08T02:33:46.171+0000: 332692.156: [ParNew
Desired survivor size 8716288 bytes, new threshold 4 (max 6)
- age   1:    2680560 bytes,    2680560 total
- age   2:    2514192 bytes,    5194752 total
- age   3:    2433864 bytes,    7628616 total
- age   4:    2431688 bytes,   10060304 total
: 151080K->14679K(153344K), 0.0249230 secs] 505574K->371663K(1032896K), 0.0250750 secs] [Times: user=0.06 sys=0.00, real=0.03 secs] 
2014-03-08T02:38:11.016+0000: 332957.001: [GC2014-03-08T02:38:11.016+0000: 332957.001: [ParNew
Desired survivor size 8716288 bytes, new threshold 4 (max 6)
- age   1:    2669536 bytes,    2669536 total
- age   2:    2478928 bytes,    5148464 total
- age   3:    2512688 bytes,    7661152 total
- age   4:    2433304 bytes,   10094456 total
: 150999K->14741K(153344K), 0.0256360 secs] 507983K->374226K(1032896K), 0.0258010 secs] [Times: user=0.05 sys=0.00, real=0.02 secs] 
2014-03-08T02:42:35.835+0000: 333221.820: [GC2014-03-08T02:42:35.835+0000: 333221.820: [ParNew
Desired survivor size 8716288 bytes, new threshold 4 (max 6)
- age   1:    2674712 bytes,    2674712 total
- age   2:    2481928 bytes,    5156640 total
- age   3:    2477864 bytes,    7634504 total
- age   4:    2472384 bytes,   10106888 total
: 151061K->14739K(153344K), 0.0248820 secs] 510546K->376726K(1032896K), 0.0250290 secs] [Times: user=0.06 sys=0.00, real=0.02 secs] 
2014-03-08T02:47:00.722+0000: 333486.707: [GC2014-03-08T02:47:00.722+0000: 333486.707: [ParNew
Desired survivor size 8716288 bytes, new threshold 4 (max 6)
- age   1:    2716312 bytes,    2716312 total
- age   2:    2482352 bytes,    5198664 total
- age   3:    2472768 bytes,    7671432 total
- age   4:    2431896 bytes,   10103328 total
: 151059K->14751K(153344K), 0.0250290 secs] 513046K->379239K(1032896K), 0.0251820 secs] [Times: user=0.05 sys=0.00, real=0.02 secs] 
2014-03-08T02:51:25.458+0000: 333751.443: [GC2014-03-08T02:51:25.458+0000: 333751.443: [ParNew
Desired survivor size 8716288 bytes, new threshold 4 (max 6)
- age   1:    2723896 bytes,    2723896 total
- age   2:    2481360 bytes,    5205256 total
- age   3:    2473496 bytes,    7678752 total
- age   4:    2432664 bytes,   10111416 total
: 151071K->14753K(153344K), 0.0285870 secs] 515559K->381741K(1032896K), 0.0287600 secs] [Times: user=0.05 sys=0.00, real=0.03 secs] 
2014-03-08T02:55:50.292+0000: 334016.277: [GC2014-03-08T02:55:50.292+0000: 334016.277: [ParNew
Desired survivor size 8716288 bytes, new threshold 4 (max 6)
- age   1:    2690672 bytes,    2690672 total
- age   2:    2475808 bytes,    5166480 total
- age   3:    2480184 bytes,    7646664 total
- age   4:    2433504 bytes,   10080168 total
: 151073K->14720K(153344K), 0.0256730 secs] 518061K->384209K(1032896K), 0.0258200 secs] [Times: user=0.05 sys=0.00, real=0.03 secs] 
2014-03-08T03:00:15.149+0000: 334281.134: [GC2014-03-08T03:00:15.149+0000: 334281.134: [ParNew
Desired survivor size 8716288 bytes, new threshold 4 (max 6)
- age   1:    2807776 bytes,    2807776 total
- age   2:    2434232 bytes,    5242008 total
- age   3:    2465936 bytes,    7707944 total
- age   4:    2479424 bytes,   10187368 total
: 151040K->14810K(153344K), 0.0249770 secs] 520529K->386801K(1032896K), 0.0251300 secs] [Times: user=0.05 sys=0.00, real=0.03 secs] 
2014-03-08T03:04:40.009+0000: 334545.994: [GC2014-03-08T03:04:40.009+0000: 334545.994: [ParNew
Desired survivor size 8716288 bytes, new threshold 4 (max 6)
- age   1:    2649696 bytes,    2649696 total
- age   2:    2529048 bytes,    5178744 total
- age   3:    2432888 bytes,    7611632 total
- age   4:    2425976 bytes,   10037608 total
: 151130K->14768K(153344K), 0.0268980 secs] 523121K->389268K(1032896K), 0.0270680 secs] [Times: user=0.05 sys=0.00, real=0.03 secs] 
2014-03-08T03:09:04.856+0000: 334810.841: [GC2014-03-08T03:09:04.856+0000: 334810.841: [ParNew
Desired survivor size 8716288 bytes, new threshold 4 (max 6)
- age   1:    2733000 bytes,    2733000 total
- age   2:    2428472 bytes,    5161472 total
- age   3:    2518768 bytes,    7680240 total
- age   4:    2432520 bytes,   10112760 total
: 151088K->14736K(153344K), 0.0252420 secs] 525588K->391730K(1032896K), 0.0254010 secs] [Times: user=0.06 sys=0.00, real=0.02 secs] 
2014-03-08T03:13:29.690+0000: 335075.675: [GC2014-03-08T03:13:29.690+0000: 335075.675: [ParNew
Desired survivor size 8716288 bytes, new threshold 4 (max 6)
- age   1:    2776328 bytes,    2776328 total
- age   2:    2447160 bytes,    5223488 total
- age   3:    2427592 bytes,    7651080 total
- age   4:    2478416 bytes,   10129496 total
: 151056K->14757K(153344K), 0.0252430 secs] 528050K->394252K(1032896K), 0.0254110 secs] [Times: user=0.04 sys=0.00, real=0.03 secs] 
2014-03-08T03:17:54.529+0000: 335340.514: [GC2014-03-08T03:17:54.529+0000: 335340.514: [ParNew
Desired survivor size 8716288 bytes, new threshold 4 (max 6)
- age   1:    2635368 bytes,    2635368 total
- age   2:    2545112 bytes,    5180480 total
- age   3:    2445912 bytes,    7626392 total
- age   4:    2427144 bytes,   10053536 total
: 151077K->9887K(153344K), 0.0247410 secs] 530572K->391889K(1032896K), 0.0248850 secs] [Times: user=0.06 sys=0.00, real=0.03 secs] 
2014-03-08T03:22:19.317+0000: 335605.301: [GC2014-03-08T03:22:19.317+0000: 335605.301: [ParNew
Desired survivor size 8716288 bytes, new threshold 4 (max 6)
- age   1:    2740120 bytes,    2740120 total
- age   2:    2484064 bytes,    5224184 total
- age   3:    2490616 bytes,    7714800 total
- age   4:    2405928 bytes,   10120728 total
: 146207K->14704K(153344K), 0.0266820 secs] 528209K->399202K(1032896K), 0.0268470 secs] [Times: user=0.06 sys=0.00, real=0.03 secs] 
2014-03-08T03:26:44.153+0000: 335870.138: [GC2014-03-08T03:26:44.153+0000: 335870.138: [ParNew
Desired survivor size 8716288 bytes, new threshold 4 (max 6)
- age   1:    2700040 bytes,    2700040 total
- age   2:    2455888 bytes,    5155928 total
- age   3:    2483496 bytes,    7639424 total
- age   4:    2449864 bytes,   10089288 total
: 151024K->14721K(153344K), 0.0250590 secs] 535522K->401694K(1032896K), 0.0252100 secs] [Times: user=0.05 sys=0.00, real=0.03 secs] 
2014-03-08T03:31:08.994+0000: 336134.979: [GC2014-03-08T03:31:08.994+0000: 336134.979: [ParNew
Desired survivor size 8716288 bytes, new threshold 4 (max 6)
- age   1:    2718688 bytes,    2718688 total
- age   2:    2430632 bytes,    5149320 total
- age   3:    2454536 bytes,    7603856 total
- age   4:    2482848 bytes,   10086704 total
: 151041K->14782K(153344K), 0.0253320 secs] 538014K->404273K(1032896K), 0.0254890 secs] [Times: user=0.05 sys=0.00, real=0.02 secs] 
2014-03-08T03:35:33.818+0000: 336399.803: [GC2014-03-08T03:35:33.818+0000: 336399.803: [ParNew
Desired survivor size 8716288 bytes, new threshold 4 (max 6)
- age   1:    2719672 bytes,    2719672 total
- age   2:    2475688 bytes,    5195360 total
- age   3:    2428784 bytes,    7624144 total
- age   4:    2453664 bytes,   10077808 total
: 151102K->14739K(153344K), 0.0250440 secs] 540593K->406743K(1032896K), 0.0251930 secs] [Times: user=0.06 sys=0.00, real=0.03 secs] 
2014-03-08T03:39:58.613+0000: 336664.598: [GC2014-03-08T03:39:58.613+0000: 336664.598: [ParNew
Desired survivor size 8716288 bytes, new threshold 4 (max 6)
- age   1:    2695544 bytes,    2695544 total
- age   2:    2528968 bytes,    5224512 total
- age   3:    2466304 bytes,    7690816 total
- age   4:    2428128 bytes,   10118944 total
: 151059K->14720K(153344K), 0.0249690 secs] 543063K->409206K(1032896K), 0.0251190 secs] [Times: user=0.05 sys=0.00, real=0.03 secs] 
2014-03-08T03:44:23.439+0000: 336929.424: [GC2014-03-08T03:44:23.440+0000: 336929.424: [ParNew
Desired survivor size 8716288 bytes, new threshold 4 (max 6)
- age   1:    2642336 bytes,    2642336 total
- age   2:    2491336 bytes,    5133672 total
- age   3:    2527536 bytes,    7661208 total
- age   4:    2426376 bytes,   10087584 total
: 151040K->14762K(153344K), 0.0249440 secs] 545526K->411743K(1032896K), 0.0250930 secs] [Times: user=0.06 sys=0.00, real=0.03 secs] 
2014-03-08T03:48:48.263+0000: 337194.248: [GC2014-03-08T03:48:48.263+0000: 337194.248: [ParNew
Desired survivor size 8716288 bytes, new threshold 4 (max 6)
- age   1:    2661328 bytes,    2661328 total
- age   2:    2445328 bytes,    5106656 total
- age   3:    2490808 bytes,    7597464 total
- age   4:    2479288 bytes,   10076752 total
: 151082K->14696K(153344K), 0.0249380 secs] 548063K->414173K(1032896K), 0.0250860 secs] [Times: user=0.05 sys=0.00, real=0.02 secs] 
2014-03-08T03:53:13.105+0000: 337459.090: [GC2014-03-08T03:53:13.105+0000: 337459.090: [ParNew
Desired survivor size 8716288 bytes, new threshold 4 (max 6)
- age   1:    2771120 bytes,    2771120 total
- age   2:    2448408 bytes,    5219528 total
- age   3:    2444024 bytes,    7663552 total
- age   4:    2490288 bytes,   10153840 total
: 151016K->14802K(153344K), 0.0259360 secs] 550493K->416782K(1032896K), 0.0260970 secs] [Times: user=0.06 sys=0.00, real=0.02 secs] 
2014-03-08T03:57:37.956+0000: 337723.941: [GC2014-03-08T03:57:37.956+0000: 337723.941: [ParNew
Desired survivor size 8716288 bytes, new threshold 4 (max 6)
- age   1:    2622392 bytes,    2622392 total
- age   2:    2567240 bytes,    5189632 total
- age   3:    2447944 bytes,    7637576 total
- age   4:    2404256 bytes,   10041832 total
: 151122K->9839K(153344K), 0.0252270 secs] 553102K->414338K(1032896K), 0.0253750 secs] [Times: user=0.06 sys=0.00, real=0.02 secs] 
2014-03-08T04:02:02.783+0000: 337988.768: [GC2014-03-08T04:02:02.783+0000: 337988.768: [ParNew
Desired survivor size 8716288 bytes, new threshold 4 (max 6)
- age   1:    2673200 bytes,    2673200 total
- age   2:    2454104 bytes,    5127304 total
- age   3:    2520728 bytes,    7648032 total
- age   4:    2439256 bytes,   10087288 total
: 146159K->14731K(153344K), 0.0253060 secs] 550658K->421702K(1032896K), 0.0254670 secs] [Times: user=0.06 sys=0.00, real=0.02 secs] 
2014-03-08T04:06:27.657+0000: 338253.642: [GC2014-03-08T04:06:27.657+0000: 338253.642: [ParNew
Desired survivor size 8716288 bytes, new threshold 4 (max 6)
- age   1:    2701320 bytes,    2701320 total
- age   2:    2442456 bytes,    5143776 total
- age   3:    2445208 bytes,    7588984 total
- age   4:    2480168 bytes,   10069152 total
: 151051K->14729K(153344K), 0.0252510 secs] 558022K->424209K(1032896K), 0.0254050 secs] [Times: user=0.05 sys=0.00, real=0.03 secs] 
2014-03-08T04:10:55.757+0000: 338521.742: [GC2014-03-08T04:10:55.757+0000: 338521.742: [ParNew
Desired survivor size 8716288 bytes, new threshold 4 (max 6)
- age   1:    2693152 bytes,    2693152 total
- age   2:    2527632 bytes,    5220784 total
- age   3:    2441136 bytes,    7661920 total
- age   4:    2444568 bytes,   10106488 total
: 151049K->14699K(153344K), 0.0251570 secs] 560529K->426689K(1032896K), 0.0253010 secs] [Times: user=0.06 sys=0.00, real=0.03 secs] 
2014-03-08T04:15:23.909+0000: 338789.894: [GC2014-03-08T04:15:23.909+0000: 338789.894: [ParNew
Desired survivor size 8716288 bytes, new threshold 4 (max 6)
- age   1:    2643584 bytes,    2643584 total
- age   2:    2574544 bytes,    5218128 total
- age   3:    2481312 bytes,    7699440 total
- age   4:    2401224 bytes,   10100664 total
: 151019K->14741K(153344K), 0.0264800 secs] 563009K->429243K(1032896K), 0.0266210 secs] [Times: user=0.06 sys=0.00, real=0.03 secs] 
2014-03-08T04:19:51.219+0000: 339057.203: [GC2014-03-08T04:19:51.219+0000: 339057.203: [ParNew
Desired survivor size 8716288 bytes, new threshold 4 (max 6)
- age   1:    2612256 bytes,    2612256 total
- age   2:    2513864 bytes,    5126120 total
- age   3:    2557240 bytes,    7683360 total
- age   4:    2441176 bytes,   10124536 total
: 151061K->14713K(153344K), 0.0249450 secs] 565563K->431684K(1032896K), 0.0250930 secs] [Times: user=0.06 sys=0.00, real=0.03 secs] 
2014-03-08T04:24:16.086+0000: 339322.071: [GC2014-03-08T04:24:16.086+0000: 339322.071: [ParNew
Desired survivor size 8716288 bytes, new threshold 4 (max 6)
- age   1:    2724864 bytes,    2724864 total
- age   2:    2445120 bytes,    5169984 total
- age   3:    2512160 bytes,    7682144 total
- age   4:    2523264 bytes,   10205408 total
: 151033K->14873K(153344K), 0.0257600 secs] 568004K->434346K(1032896K), 0.0259170 secs] [Times: user=0.05 sys=0.00, real=0.02 secs] 
2014-03-08T04:28:40.610+0000: 339586.595: [GC2014-03-08T04:28:40.610+0000: 339586.595: [ParNew
Desired survivor size 8716288 bytes, new threshold 4 (max 6)
- age   1:    2682776 bytes,    2682776 total
- age   2:    2514024 bytes,    5196800 total
- age   3:    2435696 bytes,    7632496 total
- age   4:    2472200 bytes,   10104696 total
: 151193K->14802K(153344K), 0.0252370 secs] 570666K->436828K(1032896K), 0.0253950 secs] [Times: user=0.04 sys=0.00, real=0.03 secs] 
2014-03-08T04:33:04.909+0000: 339850.894: [GC2014-03-08T04:33:04.909+0000: 339850.894: [ParNew
Desired survivor size 8716288 bytes, new threshold 4 (max 6)
- age   1:    2738056 bytes,    2738056 total
- age   2:    2434184 bytes,    5172240 total
- age   3:    2512480 bytes,    7684720 total
- age   4:    2435328 bytes,   10120048 total
: 151122K->14818K(153344K), 0.0257970 secs] 573148K->439387K(1032896K), 0.0259540 secs] [Times: user=0.06 sys=0.00, real=0.03 secs] 
2014-03-08T04:37:27.485+0000: 340113.469: [GC2014-03-08T04:37:27.485+0000: 340113.470: [ParNew
Desired survivor size 8716288 bytes, new threshold 4 (max 6)
- age   1:    2673408 bytes,    2673408 total
- age   2:    2479208 bytes,    5152616 total
- age   3:    2432824 bytes,    7585440 total
- age   4:    2471480 bytes,   10056920 total
: 151138K->14786K(153344K), 0.0248620 secs] 575707K->441859K(1032896K), 0.0249980 secs] [Times: user=0.06 sys=0.00, real=0.02 secs] 
2014-03-08T04:41:52.299+0000: 340378.283: [GC2014-03-08T04:41:52.299+0000: 340378.283: [ParNew
Desired survivor size 8716288 bytes, new threshold 4 (max 6)
- age   1:    2672304 bytes,    2672304 total
- age   2:    2489616 bytes,    5161920 total
- age   3:    2477952 bytes,    7639872 total
- age   4:    2432280 bytes,   10072152 total
: 151106K->14709K(153344K), 0.0259950 secs] 578179K->444283K(1032896K), 0.0261400 secs] [Times: user=0.05 sys=0.00, real=0.03 secs] 
2014-03-08T04:46:17.130+0000: 340643.115: [GC2014-03-08T04:46:17.130+0000: 340643.115: [ParNew
Desired survivor size 8716288 bytes, new threshold 4 (max 6)
- age   1:    2662304 bytes,    2662304 total
- age   2:    2476864 bytes,    5139168 total
- age   3:    2489080 bytes,    7628248 total
- age   4:    2438040 bytes,   10066288 total
: 151029K->14705K(153344K), 0.0249520 secs] 580603K->446780K(1032896K), 0.0251080 secs] [Times: user=0.05 sys=0.00, real=0.03 secs] 
2014-03-08T04:50:41.982+0000: 340907.966: [GC2014-03-08T04:50:41.982+0000: 340907.966: [ParNew
Desired survivor size 8716288 bytes, new threshold 4 (max 6)
- age   1:    2655056 bytes,    2655056 total
- age   2:    2468704 bytes,    5123760 total
- age   3:    2476448 bytes,    7600208 total
- age   4:    2403456 bytes,   10003664 total
: 151025K->14662K(153344K), 0.0247850 secs] 583100K->449243K(1032896K), 0.0249360 secs] [Times: user=0.05 sys=0.00, real=0.03 secs] 
2014-03-08T04:55:06.793+0000: 341172.778: [GC2014-03-08T04:55:06.793+0000: 341172.778: [ParNew
Desired survivor size 8716288 bytes, new threshold 4 (max 6)
- age   1:    2644944 bytes,    2644944 total
- age   2:    2470808 bytes,    5115752 total
- age   3:    2467800 bytes,    7583552 total
- age   4:    2475880 bytes,   10059432 total
: 150982K->14672K(153344K), 0.0250910 secs] 585563K->451724K(1032896K), 0.0252480 secs] [Times: user=0.06 sys=0.00, real=0.03 secs] 
2014-03-08T04:59:31.577+0000: 341437.562: [GC2014-03-08T04:59:31.577+0000: 341437.562: [ParNew
Desired survivor size 8716288 bytes, new threshold 4 (max 6)
- age   1:    2721776 bytes,    2721776 total
- age   2:    2470064 bytes,    5191840 total
- age   3:    2424696 bytes,    7616536 total
- age   4:    2467040 bytes,   10083576 total
: 150992K->14685K(153344K), 0.0252540 secs] 588044K->454240K(1032896K), 0.0253890 secs] [Times: user=0.05 sys=0.00, real=0.03 secs] 
2014-03-08T05:03:56.372+0000: 341702.357: [GC2014-03-08T05:03:56.372+0000: 341702.357: [ParNew
Desired survivor size 8716288 bytes, new threshold 4 (max 6)
- age   1:    2728952 bytes,    2728952 total
- age   2:    2475720 bytes,    5204672 total
- age   3:    2469400 bytes,    7674072 total
- age   4:    2423880 bytes,   10097952 total
: 151005K->14712K(153344K), 0.0248810 secs] 590560K->456763K(1032896K), 0.0250250 secs] [Times: user=0.05 sys=0.00, real=0.03 secs] 
2014-03-08T05:08:21.205+0000: 341967.190: [GC2014-03-08T05:08:21.205+0000: 341967.190: [ParNew
Desired survivor size 8716288 bytes, new threshold 4 (max 6)
- age   1:    2648952 bytes,    2648952 total
- age   2:    2519352 bytes,    5168304 total
- age   3:    2474464 bytes,    7642768 total
- age   4:    2429376 bytes,   10072144 total
: 151032K->14736K(153344K), 0.0249580 secs] 593083K->459280K(1032896K), 0.0251220 secs] [Times: user=0.06 sys=0.00, real=0.02 secs] 
2014-03-08T05:12:46.039+0000: 342232.024: [GC2014-03-08T05:12:46.039+0000: 342232.024: [ParNew
Desired survivor size 8716288 bytes, new threshold 4 (max 6)
- age   1:    2663344 bytes,    2663344 total
- age   2:    2481896 bytes,    5145240 total
- age   3:    2473272 bytes,    7618512 total
- age   4:    2434312 bytes,   10052824 total
: 151056K->14672K(153344K), 0.0258550 secs] 595600K->461714K(1032896K), 0.0259940 secs] [Times: user=0.05 sys=0.00, real=0.03 secs] 
2014-03-08T05:17:10.867+0000: 342496.852: [GC2014-03-08T05:17:10.867+0000: 342496.852: [ParNew
Desired survivor size 8716288 bytes, new threshold 4 (max 6)
- age   1:    2770632 bytes,    2770632 total
- age   2:    2434664 bytes,    5205296 total
- age   3:    2472424 bytes,    7677720 total
- age   4:    2472016 bytes,   10149736 total
: 150992K->14770K(153344K), 0.0259160 secs] 598034K->464315K(1032896K), 0.0260830 secs] [Times: user=0.06 sys=0.00, real=0.02 secs] 
2014-03-08T05:21:35.666+0000: 342761.651: [GC2014-03-08T05:21:35.666+0000: 342761.651: [ParNew
Desired survivor size 8716288 bytes, new threshold 4 (max 6)
- age   1:    2726288 bytes,    2726288 total
- age   2:    2514192 bytes,    5240480 total
- age   3:    2433608 bytes,    7674088 total
- age   4:    2432416 bytes,   10106504 total
: 151090K->14717K(153344K), 0.0252490 secs] 600635K->466763K(1032896K), 0.0253940 secs] [Times: user=0.05 sys=0.00, real=0.02 secs] 
2014-03-08T05:26:00.479+0000: 343026.464: [GC2014-03-08T05:26:00.479+0000: 343026.464: [ParNew
Desired survivor size 8716288 bytes, new threshold 4 (max 6)
- age   1:    2744648 bytes,    2744648 total
- age   2:    2435784 bytes,    5180432 total
- age   3:    2512664 bytes,    7693096 total
- age   4:    2433096 bytes,   10126192 total
: 151037K->14796K(153344K), 0.0258660 secs] 603083K->469343K(1032896K), 0.0260200 secs] [Times: user=0.06 sys=0.00, real=0.03 secs] 
2014-03-08T05:30:25.440+0000: 343291.424: [GC2014-03-08T05:30:25.440+0000: 343291.425: [ParNew
Desired survivor size 8716288 bytes, new threshold 4 (max 6)
- age   1:    2697136 bytes,    2697136 total
- age   2:    2489544 bytes,    5186680 total
- age   3:    2435000 bytes,    7621680 total
- age   4:    2472120 bytes,   10093800 total
: 151116K->14789K(153344K), 0.0248100 secs] 605663K->471838K(1032896K), 0.0249600 secs] [Times: user=0.06 sys=0.00, real=0.03 secs] 
2014-03-08T05:34:50.084+0000: 343556.069: [GC2014-03-08T05:34:50.084+0000: 343556.069: [ParNew
Desired survivor size 8716288 bytes, new threshold 4 (max 6)
- age   1:    2707664 bytes,    2707664 total
- age   2:    2479600 bytes,    5187264 total
- age   3:    2471648 bytes,    7658912 total
- age   4:    2434744 bytes,   10093656 total
: 151109K->14750K(153344K), 0.0258380 secs] 608158K->474299K(1032896K), 0.0259920 secs] [Times: user=0.05 sys=0.00, real=0.02 secs] 
2014-03-08T05:39:14.918+0000: 343820.903: [GC2014-03-08T05:39:14.918+0000: 343820.903: [ParNew
Desired survivor size 8716288 bytes, new threshold 4 (max 6)
- age   1:    2693720 bytes,    2693720 total
- age   2:    2468072 bytes,    5161792 total
- age   3:    2478320 bytes,    7640112 total
- age   4:    2431688 bytes,   10071800 total
: 151070K->14741K(153344K), 0.0251320 secs] 610619K->476794K(1032896K), 0.0252710 secs] [Times: user=0.06 sys=0.00, real=0.03 secs] 
2014-03-08T05:43:38.909+0000: 344084.894: [GC2014-03-08T05:43:38.909+0000: 344084.894: [ParNew
Desired survivor size 8716288 bytes, new threshold 4 (max 6)
- age   1:    2706040 bytes,    2706040 total
- age   2:    2453576 bytes,    5159616 total
- age   3:    2467064 bytes,    7626680 total
- age   4:    2438312 bytes,   10064992 total
: 151061K->14674K(153344K), 0.0251890 secs] 613114K->479228K(1032896K), 0.0253260 secs] [Times: user=0.05 sys=0.00, real=0.03 secs] 
2014-03-08T05:48:01.506+0000: 344347.491: [GC2014-03-08T05:48:01.507+0000: 344347.491: [ParNew
Desired survivor size 8716288 bytes, new threshold 4 (max 6)
- age   1:    2700912 bytes,    2700912 total
- age   2:    2470208 bytes,    5171120 total
- age   3:    2443864 bytes,    7614984 total
- age   4:    2466400 bytes,   10081384 total
: 150994K->14781K(153344K), 0.0255660 secs] 615548K->481842K(1032896K), 0.0257290 secs] [Times: user=0.05 sys=0.00, real=0.02 secs] 
2014-03-08T05:52:26.326+0000: 344612.310: [GC2014-03-08T05:52:26.326+0000: 344612.310: [ParNew
Desired survivor size 8716288 bytes, new threshold 4 (max 6)
- age   1:    2621576 bytes,    2621576 total
- age   2:    2508168 bytes,    5129744 total
- age   3:    2469168 bytes,    7598912 total
- age   4:    2403696 bytes,   10002608 total
: 151101K->14644K(153344K), 0.0255620 secs] 618162K->484200K(1032896K), 0.0256980 secs] [Times: user=0.06 sys=0.00, real=0.02 secs] 
2014-03-08T05:56:51.153+0000: 344877.138: [GC2014-03-08T05:56:51.153+0000: 344877.138: [ParNew
Desired survivor size 8716288 bytes, new threshold 4 (max 6)
- age   1:    2677848 bytes,    2677848 total
- age   2:    2432728 bytes,    5110576 total
- age   3:    2507032 bytes,    7617608 total
- age   4:    2468528 bytes,   10086136 total
: 150964K->14666K(153344K), 0.0258990 secs] 620520K->486694K(1032896K), 0.0260480 secs] [Times: user=0.05 sys=0.00, real=0.03 secs] 
2014-03-08T06:01:16.002+0000: 345141.986: [GC2014-03-08T06:01:16.002+0000: 345141.986: [ParNew
Desired survivor size 8716288 bytes, new threshold 4 (max 6)
- age   1:    2703464 bytes,    2703464 total
- age   2:    2481848 bytes,    5185312 total
- age   3:    2432296 bytes,    7617608 total
- age   4:    2466760 bytes,   10084368 total
: 150986K->14711K(153344K), 0.0260080 secs] 623014K->489230K(1032896K), 0.0261560 secs] [Times: user=0.06 sys=0.00, real=0.03 secs] 
2014-03-08T06:05:40.805+0000: 345406.789: [GC2014-03-08T06:05:40.805+0000: 345406.789: [ParNew
Desired survivor size 8716288 bytes, new threshold 4 (max 6)
- age   1:    2691776 bytes,    2691776 total
- age   2:    2482352 bytes,    5174128 total
- age   3:    2473016 bytes,    7647144 total
- age   4:    2431448 bytes,   10078592 total
: 151031K->14683K(153344K), 0.0257360 secs] 625550K->491697K(1032896K), 0.0258910 secs] [Times: user=0.05 sys=0.00, real=0.02 secs] 
2014-03-08T06:10:05.596+0000: 345671.581: [GC2014-03-08T06:10:05.596+0000: 345671.581: [ParNew
Desired survivor size 8716288 bytes, new threshold 4 (max 6)
- age   1:    2779760 bytes,    2779760 total
- age   2:    2435648 bytes,    5215408 total
- age   3:    2472432 bytes,    7687840 total
- age   4:    2472400 bytes,   10160240 total
: 151003K->14798K(153344K), 0.0265270 secs] 628017K->494312K(1032896K), 0.0266850 secs] [Times: user=0.06 sys=0.00, real=0.03 secs] 
2014-03-08T06:14:30.439+0000: 345936.424: [GC2014-03-08T06:14:30.439+0000: 345936.424: [ParNew
Desired survivor size 8716288 bytes, new threshold 4 (max 6)
- age   1:    2674760 bytes,    2674760 total
- age   2:    2513984 bytes,    5188744 total
- age   3:    2434568 bytes,    7623312 total
- age   4:    2432184 bytes,   10055496 total
: 151118K->14734K(153344K), 0.0257260 secs] 630632K->496750K(1032896K), 0.0258760 secs] [Times: user=0.06 sys=0.00, real=0.03 secs] 
2014-03-08T06:18:55.469+0000: 346201.453: [GC2014-03-08T06:18:55.469+0000: 346201.453: [ParNew
Desired survivor size 8716288 bytes, new threshold 4 (max 6)
- age   1:    2661768 bytes,    2661768 total
- age   2:    2486088 bytes,    5147856 total
- age   3:    2512400 bytes,    7660256 total
- age   4:    2434120 bytes,   10094376 total
: 151054K->14746K(153344K), 0.0272540 secs] 633070K->499263K(1032896K), 0.0274180 secs] [Times: user=0.05 sys=0.00, real=0.03 secs] 
2014-03-08T06:23:20.023+0000: 346466.008: [GC2014-03-08T06:23:20.023+0000: 346466.008: [ParNew
Desired survivor size 8716288 bytes, new threshold 4 (max 6)
- age   1:    2703384 bytes,    2703384 total
- age   2:    2490464 bytes,    5193848 total
- age   3:    2439792 bytes,    7633640 total
- age   4:    2471904 bytes,   10105544 total
: 151066K->14744K(153344K), 0.0257360 secs] 635583K->501763K(1032896K), 0.0258930 secs] [Times: user=0.06 sys=0.00, real=0.02 secs] 
2014-03-08T06:27:45.230+0000: 346731.215: [GC2014-03-08T06:27:45.230+0000: 346731.215: [ParNew
Desired survivor size 8716288 bytes, new threshold 4 (max 6)
- age   1:    2680288 bytes,    2680288 total
- age   2:    2468424 bytes,    5148712 total
- age   3:    2473096 bytes,    7621808 total
- age   4:    2438472 bytes,   10060280 total
: 151064K->14749K(153344K), 0.0256560 secs] 638083K->504269K(1032896K), 0.0258070 secs] [Times: user=0.05 sys=0.00, real=0.03 secs] 
2014-03-08T06:32:10.473+0000: 346996.458: [GC2014-03-08T06:32:10.473+0000: 346996.458: [ParNew
Desired survivor size 8716288 bytes, new threshold 4 (max 6)
- age   1:    2678224 bytes,    2678224 total
- age   2:    2475160 bytes,    5153384 total
- age   3:    2467144 bytes,    7620528 total
- age   4:    2433144 bytes,   10053672 total
: 151069K->14703K(153344K), 0.0287270 secs] 640589K->506730K(1032896K), 0.0289010 secs] [Times: user=0.05 sys=0.00, real=0.04 secs] 
2014-03-08T06:36:34.378+0000: 347260.363: [GC2014-03-08T06:36:34.378+0000: 347260.363: [ParNew
Desired survivor size 8716288 bytes, new threshold 4 (max 6)
- age   1:    2721704 bytes,    2721704 total
- age   2:    2473944 bytes,    5195648 total
- age   3:    2473400 bytes,    7669048 total
- age   4:    2427000 bytes,   10096048 total
: 151023K->14647K(153344K), 0.0269640 secs] 643050K->509176K(1032896K), 0.0271140 secs] [Times: user=0.06 sys=0.00, real=0.03 secs] 
2014-03-08T06:40:59.211+0000: 347525.196: [GC2014-03-08T06:40:59.211+0000: 347525.196: [ParNew
Desired survivor size 8716288 bytes, new threshold 4 (max 6)
- age   1:    2786360 bytes,    2786360 total
- age   2:    2408656 bytes,    5195016 total
- age   3:    2472304 bytes,    7667320 total
- age   4:    2472608 bytes,   10139928 total
: 150967K->14809K(153344K), 0.0258230 secs] 645496K->511834K(1032896K), 0.0259680 secs] [Times: user=0.06 sys=0.00, real=0.03 secs] 
2014-03-08T06:45:21.386+0000: 347787.371: [GC2014-03-08T06:45:21.386+0000: 347787.371: [ParNew
Desired survivor size 8716288 bytes, new threshold 4 (max 6)
- age   1:    2671280 bytes,    2671280 total
- age   2:    2511752 bytes,    5183032 total
- age   3:    2407440 bytes,    7590472 total
- age   4:    2432184 bytes,   10022656 total
: 151129K->14714K(153344K), 0.0260010 secs] 648154K->514241K(1032896K), 0.0261520 secs] [Times: user=0.05 sys=0.00, real=0.02 secs] 
2014-03-08T06:49:45.867+0000: 348051.852: [GC2014-03-08T06:49:45.867+0000: 348051.852: [ParNew
Desired survivor size 8716288 bytes, new threshold 4 (max 6)
- age   1:    2750944 bytes,    2750944 total
- age   2:    2432448 bytes,    5183392 total
- age   3:    2510632 bytes,    7694024 total
- age   4:    2406992 bytes,   10101016 total
: 151034K->14706K(153344K), 0.0267180 secs] 650561K->516733K(1032896K), 0.0268700 secs] [Times: user=0.06 sys=0.00, real=0.02 secs] 
2014-03-08T06:54:10.464+0000: 348316.449: [GC2014-03-08T06:54:10.464+0000: 348316.449: [ParNew
Desired survivor size 8716288 bytes, new threshold 4 (max 6)
- age   1:    2705248 bytes,    2705248 total
- age   2:    2467688 bytes,    5172936 total
- age   3:    2423248 bytes,    7596184 total
- age   4:    2470328 bytes,   10066512 total
: 151026K->9857K(153344K), 0.0285430 secs] 653053K->514360K(1032896K), 0.0287230 secs] [Times: user=0.05 sys=0.00, real=0.02 secs] 
2014-03-08T06:58:35.247+0000: 348581.232: [GC2014-03-08T06:58:35.247+0000: 348581.232: [ParNew
Desired survivor size 8716288 bytes, new threshold 4 (max 6)
- age   1:    2705424 bytes,    2705424 total
- age   2:    2472632 bytes,    5178056 total
- age   3:    2466400 bytes,    7644456 total
- age   4:    2422736 bytes,   10067192 total
: 146177K->14708K(153344K), 0.0256470 secs] 650680K->521710K(1032896K), 0.0257890 secs] [Times: user=0.05 sys=0.00, real=0.02 secs] 
2014-03-08T07:03:00.211+0000: 348846.196: [GC2014-03-08T07:03:00.211+0000: 348846.196: [ParNew
Desired survivor size 8716288 bytes, new threshold 4 (max 6)
- age   1:    2667408 bytes,    2667408 total
- age   2:    2519400 bytes,    5186808 total
- age   3:    2471184 bytes,    7657992 total
- age   4:    2426232 bytes,   10084224 total
: 151028K->14697K(153344K), 0.0257220 secs] 658030K->524190K(1032896K), 0.0258890 secs] [Times: user=0.05 sys=0.00, real=0.03 secs] 
2014-03-08T07:07:25.040+0000: 349111.025: [GC2014-03-08T07:07:25.040+0000: 349111.025: [ParNew
Desired survivor size 8716288 bytes, new threshold 4 (max 6)
- age   1:    2666336 bytes,    2666336 total
- age   2:    2474552 bytes,    5140888 total
- age   3:    2473448 bytes,    7614336 total
- age   4:    2430920 bytes,   10045256 total
: 151017K->14682K(153344K), 0.0262710 secs] 660510K->526670K(1032896K), 0.0264170 secs] [Times: user=0.06 sys=0.00, real=0.03 secs] 
2014-03-08T07:11:49.872+0000: 349375.857: [GC2014-03-08T07:11:49.872+0000: 349375.857: [ParNew
Desired survivor size 8716288 bytes, new threshold 4 (max 6)
- age   1:    2791544 bytes,    2791544 total
- age   2:    2434488 bytes,    5226032 total
- age   3:    2472920 bytes,    7698952 total
- age   4:    2472256 bytes,   10171208 total
: 151002K->14760K(153344K), 0.0259730 secs] 662990K->529248K(1032896K), 0.0261110 secs] [Times: user=0.06 sys=0.00, real=0.03 secs] 
2014-03-08T07:16:14.675+0000: 349640.660: [GC2014-03-08T07:16:14.675+0000: 349640.660: [ParNew
Desired survivor size 8716288 bytes, new threshold 4 (max 6)
- age   1:    2678688 bytes,    2678688 total
- age   2:    2551184 bytes,    5229872 total
- age   3:    2433704 bytes,    7663576 total
- age   4:    2433032 bytes,   10096608 total
: 151080K->14735K(153344K), 0.0262060 secs] 665568K->531723K(1032896K), 0.0263620 secs] [Times: user=0.05 sys=0.00, real=0.02 secs] 
2014-03-08T07:20:38.909+0000: 349904.894: [GC2014-03-08T07:20:38.909+0000: 349904.894: [ParNew
Desired survivor size 8716288 bytes, new threshold 4 (max 6)
- age   1:    2681632 bytes,    2681632 total
- age   2:    2440360 bytes,    5121992 total
- age   3:    2504208 bytes,    7626200 total
- age   4:    2433144 bytes,   10059344 total
: 151055K->14796K(153344K), 0.0259060 secs] 668043K->534287K(1032896K), 0.0260550 secs] [Times: user=0.05 sys=0.00, real=0.03 secs] 
2014-03-08T07:25:04.277+0000: 350170.262: [GC2014-03-08T07:25:04.277+0000: 350170.262: [ParNew
Desired survivor size 8716288 bytes, new threshold 4 (max 6)
- age   1:    2747920 bytes,    2747920 total
- age   2:    2448504 bytes,    5196424 total
- age   3:    2440072 bytes,    7636496 total
- age   4:    2463352 bytes,   10099848 total
: 151116K->14713K(153344K), 0.0259520 secs] 670607K->536705K(1032896K), 0.0260950 secs] [Times: user=0.05 sys=0.00, real=0.03 secs] 
2014-03-08T07:29:29.120+0000: 350435.104: [GC2014-03-08T07:29:29.120+0000: 350435.104: [ParNew
Desired survivor size 8716288 bytes, new threshold 4 (max 6)
- age   1:    2653608 bytes,    2653608 total
- age   2:    2519648 bytes,    5173256 total
- age   3:    2447664 bytes,    7620920 total
- age   4:    2439704 bytes,   10060624 total
: 151033K->14700K(153344K), 0.0257020 secs] 673025K->539184K(1032896K), 0.0258440 secs] [Times: user=0.05 sys=0.00, real=0.03 secs] 
2014-03-08T07:33:53.947+0000: 350699.932: [GC2014-03-08T07:33:53.948+0000: 350699.932: [ParNew
Desired survivor size 8716288 bytes, new threshold 4 (max 6)
- age   1:    2813488 bytes,    2813488 total
- age   2:    2429304 bytes,    5242792 total
- age   3:    2473232 bytes,    7716024 total
- age   4:    2446288 bytes,   10162312 total
: 151020K->14783K(153344K), 0.0259150 secs] 675504K->541777K(1032896K), 0.0260620 secs] [Times: user=0.05 sys=0.00, real=0.02 secs] 
2014-03-08T07:38:18.763+0000: 350964.748: [GC2014-03-08T07:38:18.763+0000: 350964.748: [ParNew
Desired survivor size 8716288 bytes, new threshold 4 (max 6)
- age   1:    2689400 bytes,    2689400 total
- age   2:    2531040 bytes,    5220440 total
- age   3:    2428824 bytes,    7649264 total
- age   4:    2432568 bytes,   10081832 total
: 151103K->14732K(153344K), 0.0256600 secs] 678097K->544200K(1032896K), 0.0258100 secs] [Times: user=0.05 sys=0.00, real=0.02 secs] 
2014-03-08T07:42:40.412+0000: 351226.397: [GC2014-03-08T07:42:40.412+0000: 351226.397: [ParNew
Desired survivor size 8716288 bytes, new threshold 4 (max 6)
- age   1:    2700632 bytes,    2700632 total
- age   2:    2439008 bytes,    5139640 total
- age   3:    2520576 bytes,    7660216 total
- age   4:    2428456 bytes,   10088672 total
: 151052K->14781K(153344K), 0.0258470 secs] 680520K->546750K(1032896K), 0.0260130 secs] [Times: user=0.05 sys=0.00, real=0.03 secs] 
2014-03-08T07:47:00.425+0000: 351486.410: [GC2014-03-08T07:47:00.425+0000: 351486.410: [ParNew
Desired survivor size 8716288 bytes, new threshold 4 (max 6)
- age   1:    2607752 bytes,    2607752 total
- age   2:    2497656 bytes,    5105408 total
- age   3:    2438000 bytes,    7543408 total
- age   4:    2480048 bytes,   10023456 total
: 151101K->14747K(153344K), 0.0258020 secs] 683070K->549213K(1032896K), 0.0259560 secs] [Times: user=0.06 sys=0.00, real=0.02 secs] 
2014-03-08T07:51:20.427+0000: 351746.412: [GC2014-03-08T07:51:20.427+0000: 351746.412: [ParNew
Desired survivor size 8716288 bytes, new threshold 4 (max 6)
- age   1:    2645272 bytes,    2645272 total
- age   2:    2429240 bytes,    5074512 total
- age   3:    2496832 bytes,    7571344 total
- age   4:    2437632 bytes,   10008976 total
: 151067K->14661K(153344K), 0.0278150 secs] 685533K->551636K(1032896K), 0.0279830 secs] [Times: user=0.06 sys=0.00, real=0.03 secs] 
2014-03-08T07:55:30.150+0000: 351996.135: [GC2014-03-08T07:55:30.150+0000: 351996.135: [ParNew
Desired survivor size 8716288 bytes, new threshold 4 (max 6)
- age   1:    2681280 bytes,    2681280 total
- age   2:    2428480 bytes,    5109760 total
- age   3:    2427896 bytes,    7537656 total
- age   4:    2411384 bytes,    9949040 total
: 150981K->9784K(153344K), 0.0259350 secs] 687956K->549266K(1032896K), 0.0260810 secs] [Times: user=0.06 sys=0.00, real=0.03 secs] 
2014-03-08T07:59:44.585+0000: 352250.569: [GC2014-03-08T07:59:44.585+0000: 352250.570: [ParNew
Desired survivor size 8716288 bytes, new threshold 4 (max 6)
- age   1:    2618528 bytes,    2618528 total
- age   2:    2311512 bytes,    4930040 total
- age   3:    2427808 bytes,    7357848 total
- age   4:    2427496 bytes,    9785344 total
: 146104K->14531K(153344K), 0.0265660 secs] 685586K->556492K(1032896K), 0.0267280 secs] [Times: user=0.05 sys=0.00, real=0.02 secs] 
2014-03-08T08:03:59.357+0000: 352505.341: [GC2014-03-08T08:03:59.357+0000: 352505.342: [ParNew
Desired survivor size 8716288 bytes, new threshold 4 (max 6)
- age   1:    2702496 bytes,    2702496 total
- age   2:    2359144 bytes,    5061640 total
- age   3:    2309328 bytes,    7370968 total
- age   4:    2426976 bytes,    9797944 total
: 150851K->14380K(153344K), 0.0256250 secs] 692812K->558835K(1032896K), 0.0257770 secs] [Times: user=0.06 sys=0.00, real=0.03 secs] 
2014-03-08T08:08:05.204+0000: 352751.189: [GC2014-03-08T08:08:05.204+0000: 352751.189: [ParNew
Desired survivor size 8716288 bytes, new threshold 4 (max 6)
- age   1:    2802656 bytes,    2802656 total
- age   2:    2424944 bytes,    5227600 total
- age   3:    2349368 bytes,    7576968 total
- age   4:    2309056 bytes,    9886024 total
: 150700K->17024K(153344K), 0.0276710 secs] 695155K->564034K(1032896K), 0.0278490 secs] [Times: user=0.06 sys=0.00, real=0.02 secs] 
2014-03-08T08:12:25.472+0000: 353011.457: [GC2014-03-08T08:12:25.472+0000: 353011.457: [ParNew
Desired survivor size 8716288 bytes, new threshold 4 (max 6)
- age   1:    2624576 bytes,    2624576 total
- age   2:    2642456 bytes,    5267032 total
- age   3:    2379024 bytes,    7646056 total
- age   4:    2348968 bytes,    9995024 total
: 153344K->12035K(153344K), 0.0254010 secs] 700354K->561419K(1032896K), 0.0255490 secs] [Times: user=0.06 sys=0.00, real=0.03 secs] 
2014-03-08T08:16:32.887+0000: 353258.872: [GC2014-03-08T08:16:32.887+0000: 353258.872: [ParNew
Desired survivor size 8716288 bytes, new threshold 4 (max 6)
- age   1:    2621688 bytes,    2621688 total
- age   2:    2388096 bytes,    5009784 total
- age   3:    2634888 bytes,    7644672 total
- age   4:    2377376 bytes,   10022048 total
: 148355K->13272K(153344K), 0.0268180 secs] 697739K->565071K(1032896K), 0.0270020 secs] [Times: user=0.05 sys=0.00, real=0.03 secs] 
2014-03-08T08:20:53.219+0000: 353519.204: [GC2014-03-08T08:20:53.219+0000: 353519.204: [ParNew
Desired survivor size 8716288 bytes, new threshold 4 (max 6)
- age   1:    2697984 bytes,    2697984 total
- age   2:    2272200 bytes,    4970184 total
- age   3:    2387064 bytes,    7357248 total
- age   4:    2616752 bytes,    9974000 total
: 149592K->14302K(153344K), 0.0253350 secs] 701391K->568543K(1032896K), 0.0254900 secs] [Times: user=0.05 sys=0.00, real=0.03 secs] 
2014-03-08T08:25:14.277+0000: 353780.262: [GC2014-03-08T08:25:14.277+0000: 353780.262: [ParNew
Desired survivor size 8716288 bytes, new threshold 4 (max 6)
- age   1:    2670024 bytes,    2670024 total
- age   2:    2440152 bytes,    5110176 total
- age   3:    2271320 bytes,    7381496 total
- age   4:    2386792 bytes,    9768288 total
: 150622K->14400K(153344K), 0.0254080 secs] 704863K->571239K(1032896K), 0.0255470 secs] [Times: user=0.06 sys=0.00, real=0.03 secs] 
2014-03-08T08:29:33.684+0000: 354039.669: [GC2014-03-08T08:29:33.684+0000: 354039.669: [ParNew
Desired survivor size 8716288 bytes, new threshold 4 (max 6)
- age   1:    2750784 bytes,    2750784 total
- age   2:    2406456 bytes,    5157240 total
- age   3:    2438400 bytes,    7595640 total
- age   4:    2270680 bytes,    9866320 total
: 150720K->14343K(153344K), 0.0257290 secs] 707559K->573637K(1032896K), 0.0258740 secs] [Times: user=0.05 sys=0.00, real=0.02 secs] 
2014-03-08T08:33:52.792+0000: 354298.776: [GC2014-03-08T08:33:52.792+0000: 354298.776: [ParNew
Desired survivor size 8716288 bytes, new threshold 4 (max 6)
- age   1:    2611112 bytes,    2611112 total
- age   2:    2451736 bytes,    5062848 total
- age   3:    2405384 bytes,    7468232 total
- age   4:    2398536 bytes,    9866768 total
: 150663K->14347K(153344K), 0.0275290 secs] 709957K->575974K(1032896K), 0.0276960 secs] [Times: user=0.05 sys=0.00, real=0.03 secs] 
2014-03-08T08:38:03.668+0000: 354549.653: [GC2014-03-08T08:38:03.668+0000: 354549.653: [ParNew
Desired survivor size 8716288 bytes, new threshold 4 (max 6)
- age   1:    2723576 bytes,    2723576 total
- age   2:    2372984 bytes,    5096560 total
- age   3:    2449144 bytes,    7545704 total
- age   4:    2405160 bytes,    9950864 total
: 150667K->14479K(153344K), 0.0258160 secs] 712294K->578573K(1032896K), 0.0259750 secs] [Times: user=0.04 sys=0.00, real=0.03 secs] 
2014-03-08T08:42:15.312+0000: 354801.297: [GC2014-03-08T08:42:15.312+0000: 354801.297: [ParNew
Desired survivor size 8716288 bytes, new threshold 4 (max 6)
- age   1:    2724680 bytes,    2724680 total
- age   2:    2406144 bytes,    5130824 total
- age   3:    2372128 bytes,    7502952 total
- age   4:    2409296 bytes,    9912248 total
: 150799K->14461K(153344K), 0.0255840 secs] 714893K->581027K(1032896K), 0.0257370 secs] [Times: user=0.06 sys=0.00, real=0.03 secs] 
2014-03-08T08:46:25.642+0000: 355051.627: [GC2014-03-08T08:46:25.642+0000: 355051.627: [ParNew
Desired survivor size 8716288 bytes, new threshold 4 (max 6)
- age   1:    2652688 bytes,    2652688 total
- age   2:    2409952 bytes,    5062640 total
- age   3:    2394944 bytes,    7457584 total
- age   4:    2371728 bytes,    9829312 total
: 150781K->14448K(153344K), 0.0252290 secs] 717347K->583491K(1032896K), 0.0253900 secs] [Times: user=0.06 sys=0.00, real=0.02 secs] 
2014-03-08T08:50:40.860+0000: 355306.845: [GC2014-03-08T08:50:40.860+0000: 355306.845: [ParNew
Desired survivor size 8716288 bytes, new threshold 4 (max 6)
- age   1:    2697128 bytes,    2697128 total
- age   2:    2312968 bytes,    5010096 total
- age   3:    2297656 bytes,    7307752 total
- age   4:    2393432 bytes,    9701184 total
: 150768K->14389K(153344K), 0.0257710 secs] 719811K->585870K(1032896K), 0.0259260 secs] [Times: user=0.05 sys=0.00, real=0.03 secs] 
2014-03-08T08:54:45.592+0000: 355551.577: [GC2014-03-08T08:54:45.592+0000: 355551.577: [ParNew
Desired survivor size 8716288 bytes, new threshold 4 (max 6)
- age   1:    2927832 bytes,    2927832 total
- age   2:    2379360 bytes,    5307192 total
- age   3:    2307176 bytes,    7614368 total
- age   4:    2297096 bytes,    9911464 total
: 150709K->14220K(153344K), 0.0250530 secs] 722190K->588120K(1032896K), 0.0252240 secs] [Times: user=0.06 sys=0.00, real=0.03 secs] 
2014-03-08T08:58:55.583+0000: 355801.568: [GC2014-03-08T08:58:55.583+0000: 355801.568: [ParNew
Desired survivor size 8716288 bytes, new threshold 4 (max 6)
- age   1:    2562480 bytes,    2562480 total
- age   2:    2625584 bytes,    5188064 total
- age   3:    2378336 bytes,    7566400 total
- age   4:    2306368 bytes,    9872768 total
: 150540K->17024K(153344K), 0.0252940 secs] 724440K->593398K(1032896K), 0.0254340 secs] [Times: user=0.06 sys=0.00, real=0.02 secs] 
2014-03-08T09:03:09.909+0000: 356055.894: [GC2014-03-08T09:03:09.909+0000: 356055.894: [ParNew
Desired survivor size 8716288 bytes, new threshold 4 (max 6)
- age   1:    2703256 bytes,    2703256 total
- age   2:    2311016 bytes,    5014272 total
- age   3:    2608392 bytes,    7622664 total
- age   4:    2377696 bytes,   10000360 total
: 153344K->12435K(153344K), 0.0257380 secs] 729718K->591180K(1032896K), 0.0259090 secs] [Times: user=0.06 sys=0.00, real=0.03 secs] 
2014-03-08T09:06:50.381+0000: 356276.365: [GC2014-03-08T09:06:50.381+0000: 356276.366: [ParNew
Desired survivor size 8716288 bytes, new threshold 4 (max 6)
- age   1:    2783760 bytes,    2783760 total
- age   2:    2388584 bytes,    5172344 total
- age   3:    2308512 bytes,    7480856 total
- age   4:    2250664 bytes,    9731520 total
: 148755K->17024K(153344K), 0.0267700 secs] 727500K->598412K(1032896K), 0.0269360 secs] [Times: user=0.06 sys=0.00, real=0.03 secs] 
2014-03-08T09:10:38.485+0000: 356504.469: [GC2014-03-08T09:10:38.485+0000: 356504.469: [ParNew
Desired survivor size 8716288 bytes, new threshold 4 (max 6)
- age   1:    2650256 bytes,    2650256 total
- age   2:    2540888 bytes,    5191144 total
- age   3:    2387752 bytes,    7578896 total
- age   4:    2307640 bytes,    9886536 total
: 153344K->11540K(153344K), 0.0263480 secs] 734732K->595243K(1032896K), 0.0265020 secs] [Times: user=0.06 sys=0.00, real=0.02 secs] 
2014-03-08T09:14:32.041+0000: 356738.026: [GC2014-03-08T09:14:32.041+0000: 356738.026: [ParNew
Desired survivor size 8716288 bytes, new threshold 4 (max 6)
- age   1:    2419464 bytes,    2419464 total
- age   2:    2105792 bytes,    4525256 total
- age   3:    2415968 bytes,    6941224 total
- age   4:    2387256 bytes,    9328480 total
: 147860K->17024K(153344K), 0.0257010 secs] 731563K->603241K(1032896K), 0.0258550 secs] [Times: user=0.05 sys=0.00, real=0.03 secs] 
2014-03-08T09:18:15.909+0000: 356961.894: [GC2014-03-08T09:18:15.909+0000: 356961.894: [ParNew
Desired survivor size 8716288 bytes, new threshold 4 (max 6)
- age   1:    2622144 bytes,    2622144 total
- age   2:    2148952 bytes,    4771096 total
- age   3:    2093904 bytes,    6865000 total
- age   4:    2401432 bytes,    9266432 total
: 153344K->11286K(153344K), 0.0249490 secs] 739561K->599956K(1032896K), 0.0250880 secs] [Times: user=0.05 sys=0.00, real=0.03 secs] 
2014-03-08T09:21:48.650+0000: 357174.635: [GC2014-03-08T09:21:48.650+0000: 357174.635: [ParNew
Desired survivor size 8716288 bytes, new threshold 4 (max 6)
- age   1:    2934448 bytes,    2934448 total
- age   2:    2081800 bytes,    5016248 total
- age   3:    2146968 bytes,    7163216 total
- age   4:    2093544 bytes,    9256760 total
: 147606K->12219K(153344K), 0.0252920 secs] 736276K->603342K(1032896K), 0.0254520 secs] [Times: user=0.06 sys=0.00, real=0.03 secs] 
2014-03-08T09:25:34.605+0000: 357400.590: [GC2014-03-08T09:25:34.605+0000: 357400.590: [ParNew
Desired survivor size 8716288 bytes, new threshold 4 (max 6)
- age   1:    2653832 bytes,    2653832 total
- age   2:    2039144 bytes,    4692976 total
- age   3:    2070528 bytes,    6763504 total
- age   4:    2145816 bytes,    8909320 total
: 148539K->13162K(153344K), 0.0245450 secs] 739662K->606438K(1032896K), 0.0247010 secs] [Times: user=0.05 sys=0.00, real=0.02 secs] 
2014-03-08T09:29:02.957+0000: 357608.942: [GC2014-03-08T09:29:02.957+0000: 357608.942: [ParNew
Desired survivor size 8716288 bytes, new threshold 6 (max 6)
- age   1:    2500000 bytes,    2500000 total
- age   2:    2101200 bytes,    4601200 total
- age   3:    1983664 bytes,    6584864 total
- age   4:    2067992 bytes,    8652856 total
: 149482K->13017K(153344K), 0.0236020 secs] 742758K->608498K(1032896K), 0.0237890 secs] [Times: user=0.06 sys=0.00, real=0.02 secs] 
2014-03-08T09:32:25.520+0000: 357811.505: [GC2014-03-08T09:32:25.520+0000: 357811.505: [ParNew
Desired survivor size 8716288 bytes, new threshold 5 (max 6)
- age   1:    2519112 bytes,    2519112 total
- age   2:    1983368 bytes,    4502480 total
- age   3:    2098880 bytes,    6601360 total
- age   4:    1981832 bytes,    8583192 total
- age   5:    2067432 bytes,   10650624 total
: 149337K->16842K(153344K), 0.0213590 secs] 744818K->612322K(1032896K), 0.0215390 secs] [Times: user=0.04 sys=0.00, real=0.02 secs] 
2014-03-08T09:36:19.560+0000: 358045.545: [GC2014-03-08T09:36:19.560+0000: 358045.545: [ParNew
Desired survivor size 8716288 bytes, new threshold 5 (max 6)
- age   1:    2346368 bytes,    2346368 total
- age   2:    1886624 bytes,    4232992 total
- age   3:    1901272 bytes,    6134264 total
- age   4:    2098248 bytes,    8232512 total
- age   5:    1981448 bytes,   10213960 total
: 153162K->17024K(153344K), 0.0269660 secs] 748642K->614791K(1032896K), 0.0271260 secs] [Times: user=0.06 sys=0.00, real=0.03 secs] 
2014-03-08T09:40:08.010+0000: 358273.995: [GC2014-03-08T09:40:08.010+0000: 358273.995: [ParNew
Desired survivor size 8716288 bytes, new threshold 5 (max 6)
- age   1:    2671384 bytes,    2671384 total
- age   2:    2178600 bytes,    4849984 total
- age   3:    1885288 bytes,    6735272 total
- age   4:    1899960 bytes,    8635232 total
- age   5:    2097200 bytes,   10732432 total
: 153344K->12521K(153344K), 0.0276130 secs] 751111K->612325K(1032896K), 0.0277930 secs] [Times: user=0.05 sys=0.00, real=0.03 secs] 
2014-03-08T09:44:02.214+0000: 358508.199: [GC2014-03-08T09:44:02.215+0000: 358508.199: [ParNew
Desired survivor size 8716288 bytes, new threshold 4 (max 6)
- age   1:    2538992 bytes,    2538992 total
- age   2:    2196624 bytes,    4735616 total
- age   3:    2167656 bytes,    6903272 total
- age   4:    1884104 bytes,    8787376 total
- age   5:    1899672 bytes,   10687048 total
: 148841K->14036K(153344K), 0.0262140 secs] 748645K->615995K(1032896K), 0.0263820 secs] [Times: user=0.05 sys=0.00, real=0.02 secs] 
2014-03-08T09:47:54.454+0000: 358740.439: [GC2014-03-08T09:47:54.454+0000: 358740.439: [ParNew
Desired survivor size 8716288 bytes, new threshold 4 (max 6)
- age   1:    2638016 bytes,    2638016 total
- age   2:    2133080 bytes,    4771096 total
- age   3:    2185416 bytes,    6956512 total
- age   4:    2167064 bytes,    9123576 total
: 150356K->15120K(153344K), 0.0288160 secs] 752315K->620966K(1032896K), 0.0289860 secs] [Times: user=0.06 sys=0.00, real=0.03 secs] 
2014-03-08T09:51:45.464+0000: 358971.449: [GC2014-03-08T09:51:45.464+0000: 358971.449: [ParNew
Desired survivor size 8716288 bytes, new threshold 4 (max 6)
- age   1:    2507888 bytes,    2507888 total
- age   2:    2328056 bytes,    4835944 total
- age   3:    2130688 bytes,    6966632 total
- age   4:    2185272 bytes,    9151904 total
: 151440K->11759K(153344K), 0.0240070 secs] 757286K->619833K(1032896K), 0.0241690 secs] [Times: user=0.05 sys=0.00, real=0.02 secs] 
2014-03-08T09:55:18.766+0000: 359184.751: [GC2014-03-08T09:55:18.766+0000: 359184.751: [ParNew
Desired survivor size 8716288 bytes, new threshold 4 (max 6)
- age   1:    2848992 bytes,    2848992 total
- age   2:    2126696 bytes,    4975688 total
- age   3:    2327008 bytes,    7302696 total
- age   4:    2129064 bytes,    9431760 total
: 148079K->16290K(153344K), 0.0242510 secs] 756153K->626606K(1032896K), 0.0244160 secs] [Times: user=0.05 sys=0.00, real=0.02 secs] 
2014-03-08T09:59:05.991+0000: 359411.976: [GC2014-03-08T09:59:05.991+0000: 359411.976: [ParNew
Desired survivor size 8716288 bytes, new threshold 4 (max 6)
- age   1:    2653440 bytes,    2653440 total
- age   2:    1954576 bytes,    4608016 total
- age   3:    2124888 bytes,    6732904 total
- age   4:    2278216 bytes,    9011120 total
: 152610K->11063K(153344K), 0.0243490 secs] 762926K->623567K(1032896K), 0.0245460 secs] [Times: user=0.06 sys=0.00, real=0.03 secs] 
2014-03-08T10:02:39.197+0000: 359625.182: [GC2014-03-08T10:02:39.197+0000: 359625.182: [ParNew
Desired survivor size 8716288 bytes, new threshold 4 (max 6)
- age   1:    2645048 bytes,    2645048 total
- age   2:    2199928 bytes,    4844976 total
- age   3:    1952544 bytes,    6797520 total
- age   4:    2124648 bytes,    8922168 total
: 147383K->15645K(153344K), 0.0237090 secs] 759887K->630367K(1032896K), 0.0238700 secs] [Times: user=0.05 sys=0.00, real=0.02 secs] 
2014-03-08T10:06:13.051+0000: 359839.036: [GC2014-03-08T10:06:13.052+0000: 359839.036: [ParNew
Desired survivor size 8716288 bytes, new threshold 4 (max 6)
- age   1:    2674552 bytes,    2674552 total
- age   2:    2099696 bytes,    4774248 total
- age   3:    2116312 bytes,    6890560 total
- age   4:    1950696 bytes,    8841256 total
: 151965K->10431K(153344K), 0.0237490 secs] 766687K->627336K(1032896K), 0.0239020 secs] [Times: user=0.05 sys=0.00, real=0.03 secs] 
2014-03-08T10:09:24.659+0000: 360030.644: [GC2014-03-08T10:09:24.659+0000: 360030.644: [ParNew
Desired survivor size 8716288 bytes, new threshold 4 (max 6)
- age   1:    2738288 bytes,    2738288 total
- age   2:    2137304 bytes,    4875592 total
- age   3:    2094856 bytes,    6970448 total
- age   4:    2115880 bytes,    9086328 total
: 146751K->15479K(153344K), 0.0239270 secs] 763656K->634389K(1032896K), 0.0240840 secs] [Times: user=0.04 sys=0.00, real=0.03 secs] 
2014-03-08T10:12:49.419+0000: 360235.404: [GC2014-03-08T10:12:49.419+0000: 360235.404: [ParNew
Desired survivor size 8716288 bytes, new threshold 6 (max 6)
- age   1:    2543496 bytes,    2543496 total
- age   2:    1966768 bytes,    4510264 total
- age   3:    1971248 bytes,    6481512 total
- age   4:    2091104 bytes,    8572616 total
: 151799K->10418K(153344K), 0.0232600 secs] 770709K->631503K(1032896K), 0.0234310 secs] [Times: user=0.05 sys=0.00, real=0.03 secs] 
2014-03-08T10:16:23.897+0000: 360449.882: [GC2014-03-08T10:16:23.897+0000: 360449.882: [ParNew
Desired survivor size 8716288 bytes, new threshold 5 (max 6)
- age   1:    2634008 bytes,    2634008 total
- age   2:    1999872 bytes,    4633880 total
- age   3:    1964424 bytes,    6598304 total
- age   4:    1969920 bytes,    8568224 total
- age   5:    2090696 bytes,   10658920 total
: 146738K->14928K(153344K), 0.0198780 secs] 767823K->636012K(1032896K), 0.0200320 secs] [Times: user=0.04 sys=0.00, real=0.02 secs] 
2014-03-08T10:19:50.909+0000: 360656.894: [GC2014-03-08T10:19:50.909+0000: 360656.894: [ParNew
Desired survivor size 8716288 bytes, new threshold 5 (max 6)
- age   1:    2188984 bytes,    2188984 total
- age   2:    2044432 bytes,    4233416 total
- age   3:    1920184 bytes,    6153600 total
- age   4:    1964040 bytes,    8117640 total
- age   5:    1969752 bytes,   10087392 total
: 151248K->17024K(153344K), 0.0261490 secs] 772332K->640530K(1032896K), 0.0263210 secs] [Times: user=0.05 sys=0.00, real=0.03 secs] 
2014-03-08T10:23:45.224+0000: 360891.208: [GC2014-03-08T10:23:45.224+0000: 360891.208: [ParNew
Desired survivor size 8716288 bytes, new threshold 5 (max 6)
- age   1:    2551880 bytes,    2551880 total
- age   2:    1919576 bytes,    4471456 total
- age   3:    1991192 bytes,    6462648 total
- age   4:    1919872 bytes,    8382520 total
- age   5:    1963752 bytes,   10346272 total
: 153344K->12284K(153344K), 0.0278890 secs] 776850K->637814K(1032896K), 0.0280810 secs] [Times: user=0.06 sys=0.00, real=0.02 secs] 
2014-03-08T10:27:02.379+0000: 361088.364: [GC2014-03-08T10:27:02.379+0000: 361088.364: [ParNew
Desired survivor size 8716288 bytes, new threshold 5 (max 6)
- age   1:    2128000 bytes,    2128000 total
- age   2:    2223376 bytes,    4351376 total
- age   3:    1901864 bytes,    6253240 total
- age   4:    1990056 bytes,    8243296 total
- age   5:    1919608 bytes,   10162904 total
: 148604K->17024K(153344K), 0.0274400 secs] 774134K->644922K(1032896K), 0.0276360 secs] [Times: user=0.05 sys=0.00, real=0.03 secs] 
2014-03-08T10:30:41.367+0000: 361307.352: [GC2014-03-08T10:30:41.367+0000: 361307.352: [ParNew
Desired survivor size 8716288 bytes, new threshold 5 (max 6)
- age   1:    2557168 bytes,    2557168 total
- age   2:    1938568 bytes,    4495736 total
- age   3:    2167288 bytes,    6663024 total
- age   4:    1899416 bytes,    8562440 total
- age   5:    1989608 bytes,   10552048 total
: 153344K->12150K(153344K), 0.0270030 secs] 781242K->642019K(1032896K), 0.0271840 secs] [Times: user=0.05 sys=0.00, real=0.03 secs] 
2014-03-08T10:34:30.722+0000: 361536.707: [GC2014-03-08T10:34:30.722+0000: 361536.707: [ParNew
Desired survivor size 8716288 bytes, new threshold 5 (max 6)
- age   1:    2617456 bytes,    2617456 total
- age   2:    2067128 bytes,    4684584 total
- age   3:    1807008 bytes,    6491592 total
- age   4:    2165448 bytes,    8657040 total
- age   5:    1898344 bytes,   10555384 total
: 148470K->13753K(153344K), 0.0277960 secs] 778339K->645668K(1032896K), 0.0279770 secs] [Times: user=0.05 sys=0.00, real=0.03 secs] 
2014-03-08T10:38:14.643+0000: 361760.628: [GC2014-03-08T10:38:14.643+0000: 361760.628: [ParNew
Desired survivor size 8716288 bytes, new threshold 5 (max 6)
- age   1:    2521392 bytes,    2521392 total
- age   2:    2221848 bytes,    4743240 total
- age   3:    2065720 bytes,    6808960 total
- age   4:    1806136 bytes,    8615096 total
- age   5:    2164992 bytes,   10780088 total
: 150073K->14963K(153344K), 0.0259830 secs] 781988K->648828K(1032896K), 0.0261550 secs] [Times: user=0.05 sys=0.00, real=0.02 secs] 
2014-03-08T10:41:55.483+0000: 361981.468: [GC2014-03-08T10:41:55.483+0000: 361981.468: [ParNew
Desired survivor size 8716288 bytes, new threshold 4 (max 6)
- age   1:    2597088 bytes,    2597088 total
- age   2:    2187208 bytes,    4784296 total
- age   3:    2165560 bytes,    6949856 total
- age   4:    2064648 bytes,    9014504 total
- age   5:    1805088 bytes,   10819592 total
: 151283K->15569K(153344K), 0.0266940 secs] 785148K->651660K(1032896K), 0.0268590 secs] [Times: user=0.05 sys=0.00, real=0.02 secs] 
2014-03-08T10:45:50.166+0000: 362216.151: [GC2014-03-08T10:45:50.166+0000: 362216.151: [ParNew
Desired survivor size 8716288 bytes, new threshold 4 (max 6)
- age   1:    2612760 bytes,    2612760 total
- age   2:    2056896 bytes,    4669656 total
- age   3:    2176816 bytes,    6846472 total
- age   4:    2162432 bytes,    9008904 total
: 151889K->10487K(153344K), 0.0287860 secs] 787980K->650554K(1032896K), 0.0289520 secs] [Times: user=0.06 sys=0.00, real=0.03 secs] 
2014-03-08T10:49:45.135+0000: 362451.120: [GC2014-03-08T10:49:45.135+0000: 362451.120: [ParNew
Desired survivor size 8716288 bytes, new threshold 4 (max 6)
- age   1:    2548048 bytes,    2548048 total
- age   2:    2159712 bytes,    4707760 total
- age   3:    2046088 bytes,    6753848 total
- age   4:    2175504 bytes,    8929352 total
: 146807K->9320K(153344K), 0.0235450 secs] 786874K->651607K(1032896K), 0.0237060 secs] [Times: user=0.05 sys=0.00, real=0.02 secs] 
2014-03-08T10:53:15.112+0000: 362661.096: [GC2014-03-08T10:53:15.112+0000: 362661.097: [ParNew
Desired survivor size 8716288 bytes, new threshold 4 (max 6)
- age   1:    2594304 bytes,    2594304 total
- age   2:    2203200 bytes,    4797504 total
- age   3:    2157960 bytes,    6955464 total
- age   4:    2044328 bytes,    8999792 total
: 145640K->13183K(153344K), 0.0240480 secs] 787927K->657584K(1032896K), 0.0242010 secs] [Times: user=0.05 sys=0.00, real=0.03 secs] 
2014-03-08T10:56:45.054+0000: 362871.039: [GC2014-03-08T10:56:45.054+0000: 362871.039: [ParNew
Desired survivor size 8716288 bytes, new threshold 4 (max 6)
- age   1:    2475248 bytes,    2475248 total
- age   2:    1942256 bytes,    4417504 total
- age   3:    2202256 bytes,    6619760 total
- age   4:    2156064 bytes,    8775824 total
: 149503K->13038K(153344K), 0.0234790 secs] 793904K->659541K(1032896K), 0.0236300 secs] [Times: user=0.05 sys=0.00, real=0.02 secs] 
2014-03-08T10:59:59.909+0000: 363065.894: [GC2014-03-08T10:59:59.909+0000: 363065.894: [ParNew
Desired survivor size 8716288 bytes, new threshold 4 (max 6)
- age   1:    2602984 bytes,    2602984 total
- age   2:    2017304 bytes,    4620288 total
- age   3:    1938272 bytes,    6558560 total
- age   4:    2201488 bytes,    8760048 total
: 149358K->12946K(153344K), 0.0238170 secs] 795861K->661665K(1032896K), 0.0239760 secs] [Times: user=0.06 sys=0.00, real=0.02 secs] 
2014-03-08T11:03:14.119+0000: 363260.103: [GC2014-03-08T11:03:14.119+0000: 363260.104: [ParNew
Desired survivor size 8716288 bytes, new threshold 6 (max 6)
- age   1:    2426344 bytes,    2426344 total
- age   2:    1887824 bytes,    4314168 total
- age   3:    2014888 bytes,    6329056 total
- age   4:    1937680 bytes,    8266736 total
: 149266K->12653K(153344K), 0.0229180 secs] 797985K->663634K(1032896K), 0.0230700 secs] [Times: user=0.05 sys=0.00, real=0.02 secs] 
2014-03-08T11:06:57.113+0000: 363483.098: [GC2014-03-08T11:06:57.113+0000: 363483.098: [ParNew
Desired survivor size 8716288 bytes, new threshold 5 (max 6)
- age   1:    2563456 bytes,    2563456 total
- age   2:    1771800 bytes,    4335256 total
- age   3:    1797080 bytes,    6132336 total
- age   4:    2014216 bytes,    8146552 total
- age   5:    1937272 bytes,   10083824 total
: 148973K->15985K(153344K), 0.0196370 secs] 799954K->666966K(1032896K), 0.0197940 secs] [Times: user=0.05 sys=0.00, real=0.02 secs] 
2014-03-08T11:10:21.219+0000: 363687.203: [GC2014-03-08T11:10:21.219+0000: 363687.203: [ParNew
Desired survivor size 8716288 bytes, new threshold 5 (max 6)
- age   1:    2251912 bytes,    2251912 total
- age   2:    2138736 bytes,    4390648 total
- age   3:    1768976 bytes,    6159624 total
- age   4:    1794976 bytes,    7954600 total
- age   5:    1972392 bytes,    9926992 total
: 152305K->17024K(153344K), 0.0256410 secs] 803286K->670251K(1032896K), 0.0258120 secs] [Times: user=0.05 sys=0.00, real=0.03 secs] 
2014-03-08T11:12:58.574+0000: 363844.559: [GC2014-03-08T11:12:58.574+0000: 363844.559: [ParNew
Desired survivor size 8716288 bytes, new threshold 3 (max 6)
- age   1:    4579152 bytes,    4579152 total
- age   2:    2105608 bytes,    6684760 total
- age   3:    2117568 bytes,    8802328 total
- age   4:    1767520 bytes,   10569848 total
- age   5:    1794376 bytes,   12364224 total
: 153344K->12228K(153344K), 0.0277600 secs] 806571K->667482K(1032896K), 0.0279240 secs] [Times: user=0.06 sys=0.00, real=0.03 secs] 
2014-03-08T11:15:07.917+0000: 363973.902: [GC2014-03-08T11:15:07.917+0000: 363973.902: [ParNew
Desired survivor size 8716288 bytes, new threshold 6 (max 6)
- age   1:    2980496 bytes,    2980496 total
- age   2:    3336464 bytes,    6316960 total
- age   3:    1987784 bytes,    8304744 total
: 148548K->10692K(153344K), 0.0318810 secs] 803802K->671783K(1032896K), 0.0320680 secs] [Times: user=0.07 sys=0.00, real=0.03 secs] 
2014-03-08T11:18:25.377+0000: 364171.362: [GC2014-03-08T11:18:25.377+0000: 364171.362: [ParNew
Desired survivor size 8716288 bytes, new threshold 6 (max 6)
- age   1:    2348008 bytes,    2348008 total
- age   2:    1689984 bytes,    4037992 total
- age   3:    1520864 bytes,    5558856 total
- age   4:    1987472 bytes,    7546328 total
: 147012K->8620K(153344K), 0.0164500 secs] 808103K->669710K(1032896K), 0.0165960 secs] [Times: user=0.03 sys=0.00, real=0.02 secs] 
2014-03-08T11:22:05.298+0000: 364391.283: [GC2014-03-08T11:22:05.299+0000: 364391.283: [ParNew
Desired survivor size 8716288 bytes, new threshold 5 (max 6)
- age   1:    2510600 bytes,    2510600 total
- age   2:    1811416 bytes,    4322016 total
- age   3:    1677712 bytes,    5999728 total
- age   4:    1520176 bytes,    7519904 total
- age   5:    1987000 bytes,    9506904 total
: 144940K->15011K(153344K), 0.0201900 secs] 806030K->676102K(1032896K), 0.0203800 secs] [Times: user=0.04 sys=0.00, real=0.02 secs] 
2014-03-08T11:25:40.125+0000: 364606.110: [GC2014-03-08T11:25:40.126+0000: 364606.110: [ParNew
Desired survivor size 8716288 bytes, new threshold 5 (max 6)
- age   1:    2618360 bytes,    2618360 total
- age   2:    2036744 bytes,    4655104 total
- age   3:    1805824 bytes,    6460928 total
- age   4:    1652448 bytes,    8113376 total
- age   5:    1519592 bytes,    9632968 total
: 151331K->13637K(153344K), 0.0241270 secs] 812422K->676766K(1032896K), 0.0243080 secs] [Times: user=0.05 sys=0.00, real=0.02 secs] 
2014-03-08T11:27:43.229+0000: 364729.214: [GC2014-03-08T11:27:43.229+0000: 364729.214: [ParNew
Desired survivor size 8716288 bytes, new threshold 4 (max 6)
- age   1:    3314896 bytes,    3314896 total
- age   2:    2185472 bytes,    5500368 total
- age   3:    2035336 bytes,    7535704 total
- age   4:    1805056 bytes,    9340760 total
- age   5:    1212096 bytes,   10552856 total
: 149957K->17024K(153344K), 0.0251040 secs] 813086K->682131K(1032896K), 0.0252760 secs] [Times: user=0.06 sys=0.00, real=0.03 secs] 
2014-03-08T11:31:29.647+0000: 364955.632: [GC2014-03-08T11:31:29.647+0000: 364955.632: [ParNew
Desired survivor size 8716288 bytes, new threshold 4 (max 6)
- age   1:    2526704 bytes,    2526704 total
- age   2:    3079400 bytes,    5606104 total
- age   3:    2021848 bytes,    7627952 total
- age   4:    2034088 bytes,    9662040 total
: 153344K->10084K(153344K), 0.0271240 secs] 818451K->678293K(1032896K), 0.0272770 secs] [Times: user=0.05 sys=0.00, real=0.03 secs] 
2014-03-08T11:34:25.334+0000: 365131.319: [GC2014-03-08T11:34:25.334+0000: 365131.319: [ParNew
Desired survivor size 8716288 bytes, new threshold 6 (max 6)
- age   1:    2755512 bytes,    2755512 total
- age   2:    2114248 bytes,    4869760 total
- age   3:    1158456 bytes,    6028216 total
- age   4:    2021264 bytes,    8049480 total
: 146404K->9758K(153344K), 0.0230260 secs] 814613K->680058K(1032896K), 0.0231720 secs] [Times: user=0.05 sys=0.00, real=0.02 secs] 
2014-03-08T11:37:45.198+0000: 365331.183: [GC2014-03-08T11:37:45.198+0000: 365331.183: [ParNew
Desired survivor size 8716288 bytes, new threshold 5 (max 6)
- age   1:    2487624 bytes,    2487624 total
- age   2:    1983248 bytes,    4470872 total
- age   3:    2108864 bytes,    6579736 total
- age   4:    1157568 bytes,    7737304 total
- age   5:    2021080 bytes,    9758384 total
: 146078K->16302K(153344K), 0.0189130 secs] 816378K->686602K(1032896K), 0.0190630 secs] [Times: user=0.04 sys=0.00, real=0.02 secs] 
2014-03-08T11:41:21.217+0000: 365547.202: [GC2014-03-08T11:41:21.217+0000: 365547.202: [ParNew
Desired survivor size 8716288 bytes, new threshold 5 (max 6)
- age   1:    2450280 bytes,    2450280 total
- age   2:    1881280 bytes,    4331560 total
- age   3:    1978752 bytes,    6310312 total
- age   4:    2107728 bytes,    8418040 total
- age   5:    1157072 bytes,    9575112 total
: 152622K->11129K(153344K), 0.0243050 secs] 822922K->683505K(1032896K), 0.0244700 secs] [Times: user=0.06 sys=0.00, real=0.02 secs] 
2014-03-08T11:44:13.065+0000: 365719.050: [GC2014-03-08T11:44:13.065+0000: 365719.050: [ParNew
Desired survivor size 8716288 bytes, new threshold 4 (max 6)
- age   1:    3204144 bytes,    3204144 total
- age   2:    2026888 bytes,    5231032 total
- age   3:    1858384 bytes,    7089416 total
- age   4:    1976664 bytes,    9066080 total
- age   5:    2107440 bytes,   11173520 total
: 147449K->16930K(153344K), 0.0236940 secs] 819825K->690493K(1032896K), 0.0238520 secs] [Times: user=0.05 sys=0.00, real=0.02 secs] 
2014-03-08T11:47:30.397+0000: 365916.382: [GC2014-03-08T11:47:30.397+0000: 365916.382: [ParNew
Desired survivor size 8716288 bytes, new threshold 6 (max 6)
- age   1:    2480496 bytes,    2480496 total
- age   2:    1794848 bytes,    4275344 total
- age   3:    1980120 bytes,    6255464 total
- age   4:    1842096 bytes,    8097560 total
: 153250K->10174K(153344K), 0.0277120 secs] 826813K->687882K(1032896K), 0.0278780 secs] [Times: user=0.06 sys=0.00, real=0.03 secs] 
2014-03-08T11:50:51.587+0000: 366117.571: [GC2014-03-08T11:50:51.587+0000: 366117.571: [ParNew
Desired survivor size 8716288 bytes, new threshold 5 (max 6)
- age   1:    2696368 bytes,    2696368 total
- age   2:    1879432 bytes,    4575800 total
- age   3:    1608544 bytes,    6184344 total
- age   4:    1979312 bytes,    8163656 total
- age   5:    1840728 bytes,   10004384 total
: 146494K->16563K(153344K), 0.0195270 secs] 824202K->694271K(1032896K), 0.0197090 secs] [Times: user=0.04 sys=0.00, real=0.02 secs] 
2014-03-08T11:54:30.089+0000: 366336.074: [GC2014-03-08T11:54:30.089+0000: 366336.074: [ParNew
Desired survivor size 8716288 bytes, new threshold 5 (max 6)
- age   1:    2432040 bytes,    2432040 total
- age   2:    2197024 bytes,    4629064 total
- age   3:    1877928 bytes,    6506992 total
- age   4:    1607584 bytes,    8114576 total
- age   5:    1978928 bytes,   10093504 total
: 152883K->11416K(153344K), 0.0244790 secs] 830591K->691016K(1032896K), 0.0246390 secs] [Times: user=0.06 sys=0.00, real=0.02 secs] 
2014-03-08T11:57:24.924+0000: 366510.909: [GC2014-03-08T11:57:24.924+0000: 366510.909: [ParNew
Desired survivor size 8716288 bytes, new threshold 5 (max 6)
- age   1:    2202960 bytes,    2202960 total
- age   2:    2032856 bytes,    4235816 total
- age   3:    2167856 bytes,    6403672 total
- age   4:    1831184 bytes,    8234856 total
- age   5:    1607296 bytes,    9842152 total
: 147736K->17024K(153344K), 0.0255890 secs] 827336K->698945K(1032896K), 0.0257620 secs] [Times: user=0.06 sys=0.00, real=0.02 secs] 
2014-03-08T12:00:45.945+0000: 366711.929: [GC2014-03-08T12:00:45.945+0000: 366711.929: [ParNew
Desired survivor size 8716288 bytes, new threshold 5 (max 6)
- age   1:    2446016 bytes,    2446016 total
- age   2:    1868352 bytes,    4314368 total
- age   3:    2021936 bytes,    6336304 total
- age   4:    2167208 bytes,    8503512 total
- age   5:    1829568 bytes,   10333080 total
: 153344K->11765K(153344K), 0.0245250 secs] 835265K->695338K(1032896K), 0.0246800 secs] [Times: user=0.05 sys=0.00, real=0.02 secs] 
2014-03-08T12:04:14.209+0000: 366920.193: [GC2014-03-08T12:04:14.209+0000: 366920.193: [ParNew
Desired survivor size 8716288 bytes, new threshold 5 (max 6)
- age   1:    2185752 bytes,    2185752 total
- age   2:    1951064 bytes,    4136816 total
- age   3:    1855520 bytes,    5992336 total
- age   4:    2020976 bytes,    8013312 total
- age   5:    2166608 bytes,   10179920 total
: 148085K->17024K(153344K), 0.0261200 secs] 831658K->702775K(1032896K), 0.0262860 secs] [Times: user=0.05 sys=0.00, real=0.03 secs] 
2014-03-08T12:07:50.921+0000: 367136.906: [GC2014-03-08T12:07:50.921+0000: 367136.906: [ParNew
Desired survivor size 8716288 bytes, new threshold 5 (max 6)
- age   1:    2597896 bytes,    2597896 total
- age   2:    1913360 bytes,    4511256 total
- age   3:    1889640 bytes,    6400896 total
- age   4:    1853032 bytes,    8253928 total
- age   5:    2020376 bytes,   10274304 total
: 153344K->12399K(153344K), 0.0257930 secs] 839095K->700365K(1032896K), 0.0259480 secs] [Times: user=0.05 sys=0.00, real=0.03 secs] 
2014-03-08T12:10:58.985+0000: 367324.970: [GC2014-03-08T12:10:58.985+0000: 367324.970: [ParNew
Desired survivor size 8716288 bytes, new threshold 5 (max 6)
- age   1:    2080224 bytes,    2080224 total
- age   2:    2048432 bytes,    4128656 total
- age   3:    1910840 bytes,    6039496 total
- age   4:    1886728 bytes,    7926224 total
- age   5:    1576008 bytes,    9502232 total
: 148719K->17024K(153344K), 0.0274750 secs] 836685K->707457K(1032896K), 0.0276480 secs] [Times: user=0.04 sys=0.00, real=0.02 secs] 
2014-03-08T12:14:45.067+0000: 367551.051: [GC2014-03-08T12:14:45.067+0000: 367551.052: [ParNew
Desired survivor size 8716288 bytes, new threshold 5 (max 6)
- age   1:    2482656 bytes,    2482656 total
- age   2:    1842568 bytes,    4325224 total
- age   3:    2001792 bytes,    6327016 total
- age   4:    1909976 bytes,    8236992 total
- age   5:    1886536 bytes,   10123528 total
: 153344K->11460K(153344K), 0.0247720 secs] 843777K->703513K(1032896K), 0.0249340 secs] [Times: user=0.05 sys=0.00, real=0.02 secs] 
2014-03-08T12:18:28.921+0000: 367774.906: [GC2014-03-08T12:18:28.922+0000: 367774.906: [ParNew
Desired survivor size 8716288 bytes, new threshold 5 (max 6)
- age   1:    2300752 bytes,    2300752 total
- age   2:    2118232 bytes,    4418984 total
- age   3:    1752968 bytes,    6171952 total
- age   4:    2000912 bytes,    8172864 total
- age   5:    1909736 bytes,   10082600 total
: 147780K->17024K(153344K), 0.0268670 secs] 839833K->711211K(1032896K), 0.0270550 secs] [Times: user=0.05 sys=0.00, real=0.03 secs] 
2014-03-08T12:22:10.090+0000: 367996.075: [GC2014-03-08T12:22:10.090+0000: 367996.075: [ParNew
Desired survivor size 8716288 bytes, new threshold 5 (max 6)
- age   1:    2571296 bytes,    2571296 total
- age   2:    2081992 bytes,    4653288 total
- age   3:    2071376 bytes,    6724664 total
- age   4:    1751752 bytes,    8476416 total
- age   5:    2000432 bytes,   10476848 total
: 153344K->11961K(153344K), 0.0260270 secs] 847531K->708112K(1032896K), 0.0262100 secs] [Times: user=0.06 sys=0.00, real=0.03 secs] 
2014-03-08T12:25:50.317+0000: 368216.302: [GC2014-03-08T12:25:50.317+0000: 368216.302: [ParNew
Desired survivor size 8716288 bytes, new threshold 5 (max 6)
- age   1:    2237192 bytes,    2237192 total
- age   2:    2113400 bytes,    4350592 total
- age   3:    2080760 bytes,    6431352 total
- age   4:    2070160 bytes,    8501512 total
- age   5:    1750720 bytes,   10252232 total
: 148281K->17024K(153344K), 0.0282960 secs] 844432K->715450K(1032896K), 0.0284980 secs] [Times: user=0.06 sys=0.00, real=0.03 secs] 
2014-03-08T12:29:12.927+0000: 368418.911: [GC2014-03-08T12:29:12.927+0000: 368418.911: [ParNew
Desired survivor size 8716288 bytes, new threshold 5 (max 6)
- age   1:    2468880 bytes,    2468880 total
- age   2:    2026248 bytes,    4495128 total
- age   3:    2102416 bytes,    6597544 total
- age   4:    2080192 bytes,    8677736 total
- age   5:    2069712 bytes,   10747448 total
: 153344K->12337K(153344K), 0.0255340 secs] 851770K->712564K(1032896K), 0.0256980 secs] [Times: user=0.06 sys=0.00, real=0.02 secs] 
2014-03-08T12:32:14.248+0000: 368600.233: [GC2014-03-08T12:32:14.248+0000: 368600.233: [ParNew
Desired survivor size 8716288 bytes, new threshold 5 (max 6)
- age   1:    2371288 bytes,    2371288 total
- age   2:    1883056 bytes,    4254344 total
- age   3:    2023992 bytes,    6278336 total
- age   4:    2101968 bytes,    8380304 total
- age   5:    2079696 bytes,   10460000 total
: 148657K->17024K(153344K), 0.0271740 secs] 848884K->719752K(1032896K), 0.0273450 secs] [Times: user=0.06 sys=0.00, real=0.03 secs] 
2014-03-08T12:36:00.909+0000: 368826.894: [GC2014-03-08T12:36:00.909+0000: 368826.894: [ParNew
Desired survivor size 8716288 bytes, new threshold 5 (max 6)
- age   1:    2262616 bytes,    2262616 total
- age   2:    2144952 bytes,    4407568 total
- age   3:    1872520 bytes,    6280088 total
- age   4:    2023456 bytes,    8303544 total
- age   5:    2101728 bytes,   10405272 total
: 153344K->17024K(153344K), 0.0267880 secs] 856072K->722079K(1032896K), 0.0269680 secs] [Times: user=0.06 sys=0.00, real=0.03 secs] 
2014-03-08T12:39:30.910+0000: 369036.895: [GC2014-03-08T12:39:30.910+0000: 369036.895: [ParNew
Desired survivor size 8716288 bytes, new threshold 5 (max 6)
- age   1:    2381248 bytes,    2381248 total
- age   2:    2083048 bytes,    4464296 total
- age   3:    2087160 bytes,    6551456 total
- age   4:    1871144 bytes,    8422600 total
- age   5:    2023312 bytes,   10445912 total
: 153344K->12864K(153344K), 0.0262490 secs] 858399K->720080K(1032896K), 0.0264220 secs] [Times: user=0.06 sys=0.00, real=0.03 secs] 
2014-03-08T12:43:05.773+0000: 369251.757: [GC2014-03-08T12:43:05.773+0000: 369251.758: [ParNew
Desired survivor size 8716288 bytes, new threshold 5 (max 6)
- age   1:    2309936 bytes,    2309936 total
- age   2:    1939288 bytes,    4249224 total
- age   3:    2081632 bytes,    6330856 total
- age   4:    1945208 bytes,    8276064 total
- age   5:    1870856 bytes,   10146920 total
: 149184K->17024K(153344K), 0.0263530 secs] 856400K->726648K(1032896K), 0.0265360 secs] [Times: user=0.06 sys=0.00, real=0.03 secs] 
2014-03-08T12:46:24.706+0000: 369450.690: [GC2014-03-08T12:46:24.706+0000: 369450.690: [ParNew
Desired survivor size 8716288 bytes, new threshold 4 (max 6)
- age   1:    2687520 bytes,    2687520 total
- age   2:    2101912 bytes,    4789432 total
- age   3:    1935424 bytes,    6724856 total
- age   4:    2080240 bytes,    8805096 total
- age   5:    1942352 bytes,   10747448 total
: 153344K->12220K(153344K), 0.0256030 secs] 862968K->723768K(1032896K), 0.0257660 secs] [Times: user=0.06 sys=0.00, real=0.02 secs] 
2014-03-08T12:49:46.454+0000: 369652.438: [GC2014-03-08T12:49:46.454+0000: 369652.439: [ParNew
Desired survivor size 8716288 bytes, new threshold 6 (max 6)
- age   1:    2426936 bytes,    2426936 total
- age   2:    2186232 bytes,    4613168 total
- age   3:    1984088 bytes,    6597256 total
- age   4:    1934088 bytes,    8531344 total
: 148540K->9505K(153344K), 0.0281290 secs] 860088K->725178K(1032896K), 0.0282880 secs] [Times: user=0.06 sys=0.00, real=0.04 secs] 
2014-03-08T12:53:25.012+0000: 369870.997: [GC2014-03-08T12:53:25.012+0000: 369870.997: [ParNew
Desired survivor size 8716288 bytes, new threshold 5 (max 6)
- age   1:    2593072 bytes,    2593072 total
- age   2:    1853472 bytes,    4446544 total
- age   3:    2171832 bytes,    6618376 total
- age   4:    1983272 bytes,    8601648 total
- age   5:    1933680 bytes,   10535328 total
: 145825K->16779K(153344K), 0.0195990 secs] 861498K->732452K(1032896K), 0.0197450 secs] [Times: user=0.05 sys=0.00, real=0.02 secs] 
2014-03-08T12:56:59.097+0000: 370085.081: [GC2014-03-08T12:56:59.097+0000: 370085.082: [ParNew
Desired survivor size 8716288 bytes, new threshold 5 (max 6)
- age   1:    2568888 bytes,    2568888 total
- age   2:    2105968 bytes,    4674856 total
- age   3:    1849000 bytes,    6523856 total
- age   4:    2160992 bytes,    8684848 total
- age   5:    1982504 bytes,   10667352 total
: 153099K->14902K(153344K), 0.0254370 secs] 868772K->732563K(1032896K), 0.0256170 secs] [Times: user=0.05 sys=0.00, real=0.03 secs] 
2014-03-08T13:00:05.361+0000: 370271.346: [GC2014-03-08T13:00:05.361+0000: 370271.346: [ParNew
Desired survivor size 8716288 bytes, new threshold 5 (max 6)
- age   1:    2689712 bytes,    2689712 total
- age   2:    2088768 bytes,    4778480 total
- age   3:    2023816 bytes,    6802296 total
- age   4:    1846824 bytes,    8649120 total
- age   5:    1922872 bytes,   10571992 total
: 151222K->17024K(153344K), 0.0268800 secs] 868883K->737051K(1032896K), 0.0270600 secs] [Times: user=0.06 sys=0.00, real=0.03 secs] 
2014-03-08T13:03:01.218+0000: 370447.203: [GC2014-03-08T13:03:01.218+0000: 370447.203: [ParNew
Desired survivor size 8716288 bytes, new threshold 4 (max 6)
- age   1:    2581248 bytes,    2581248 total
- age   2:    2449120 bytes,    5030368 total
- age   3:    1979112 bytes,    7009480 total
- age   4:    2023392 bytes,    9032872 total
- age   5:    1845968 bytes,   10878840 total
: 153344K->15724K(153344K), 0.0257140 secs] 873371K->737726K(1032896K), 0.0258890 secs] [Times: user=0.06 sys=0.00, real=0.03 secs] 
2014-03-08T13:06:04.426+0000: 370630.411: [GC2014-03-08T13:06:04.426+0000: 370630.411: [ParNew
Desired survivor size 8716288 bytes, new threshold 6 (max 6)
- age   1:    2372336 bytes,    2372336 total
- age   2:    1815712 bytes,    4188048 total
- age   3:    1833312 bytes,    6021360 total
- age   4:    1978104 bytes,    7999464 total
: 152044K->10625K(153344K), 0.0277640 secs] 874046K->736604K(1032896K), 0.0279410 secs] [Times: user=0.06 sys=0.00, real=0.03 secs] 
2014-03-08T13:09:10.141+0000: 370816.126: [GC2014-03-08T13:09:10.141+0000: 370816.126: [ParNew
Desired survivor size 8716288 bytes, new threshold 5 (max 6)
- age   1:    3244760 bytes,    3244760 total
- age   2:    1688128 bytes,    4932888 total
- age   3:    1616448 bytes,    6549336 total
- age   4:    1832056 bytes,    8381392 total
- age   5:    1977784 bytes,   10359176 total
: 146945K->16596K(153344K), 0.0196310 secs] 872924K->742575K(1032896K), 0.0197960 secs] [Times: user=0.04 sys=0.00, real=0.02 secs] 
2014-03-08T13:12:20.909+0000: 371006.894: [GC2014-03-08T13:12:20.909+0000: 371006.894: [ParNew
Desired survivor size 8716288 bytes, new threshold 5 (max 6)
- age   1:    2379896 bytes,    2379896 total
- age   2:    1908056 bytes,    4287952 total
- age   3:    1676392 bytes,    5964344 total
- age   4:    1615856 bytes,    7580200 total
- age   5:    1829792 bytes,    9409992 total
: 152916K->11667K(153344K), 0.0242350 secs] 878895K->739680K(1032896K), 0.0244210 secs] [Times: user=0.05 sys=0.00, real=0.02 secs] 
2014-03-08T13:15:41.221+0000: 371207.206: [GC2014-03-08T13:15:41.221+0000: 371207.206: [ParNew
Desired survivor size 8716288 bytes, new threshold 5 (max 6)
- age   1:    2509136 bytes,    2509136 total
- age   2:    1799856 bytes,    4308992 total
- age   3:    1747328 bytes,    6056320 total
- age   4:    1675344 bytes,    7731664 total
- age   5:    1615560 bytes,    9347224 total
: 147987K->16444K(153344K), 0.0235220 secs] 876000K->746333K(1032896K), 0.0236850 secs] [Times: user=0.05 sys=0.00, real=0.03 secs] 
2014-03-08T13:19:20.307+0000: 371426.292: [GC2014-03-08T13:19:20.307+0000: 371426.292: [ParNew
Desired survivor size 8716288 bytes, new threshold 5 (max 6)
- age   1:    2623040 bytes,    2623040 total
- age   2:    1911216 bytes,    4534256 total
- age   3:    1751200 bytes,    6285456 total
- age   4:    1746280 bytes,    8031736 total
- age   5:    1675080 bytes,    9706816 total
: 152764K->10868K(153344K), 0.0231240 secs] 882653K->742417K(1032896K), 0.0232860 secs] [Times: user=0.05 sys=0.00, real=0.02 secs] 
2014-03-08T13:22:50.909+0000: 371636.894: [GC2014-03-08T13:22:50.909+0000: 371636.894: [ParNew
Desired survivor size 8716288 bytes, new threshold 5 (max 6)
- age   1:    2529992 bytes,    2529992 total
- age   2:    2108808 bytes,    4638800 total
- age   3:    1845408 bytes,    6484208 total
- age   4:    1750016 bytes,    8234224 total
- age   5:    1746136 bytes,    9980360 total
: 147188K->16794K(153344K), 0.0251210 secs] 878737K->750065K(1032896K), 0.0252850 secs] [Times: user=0.05 sys=0.00, real=0.03 secs] 
2014-03-08T13:26:35.678+0000: 371861.663: [GC2014-03-08T13:26:35.678+0000: 371861.663: [ParNew
Desired survivor size 8716288 bytes, new threshold 5 (max 6)
- age   1:    2519520 bytes,    2519520 total
- age   2:    1961216 bytes,    4480736 total
- age   3:    2107680 bytes,    6588416 total
- age   4:    1844768 bytes,    8433184 total
- age   5:    1749752 bytes,   10182936 total
: 153114K->11459K(153344K), 0.0258220 secs] 886385K->746524K(1032896K), 0.0260000 secs] [Times: user=0.05 sys=0.00, real=0.03 secs] 
2014-03-08T13:30:11.595+0000: 372077.580: [GC2014-03-08T13:30:11.595+0000: 372077.580: [ParNew
Desired survivor size 8716288 bytes, new threshold 5 (max 6)
- age   1:    2565216 bytes,    2565216 total
- age   2:    2112856 bytes,    4678072 total
- age   3:    1939392 bytes,    6617464 total
- age   4:    2067096 bytes,    8684560 total
- age   5:    1844576 bytes,   10529136 total
: 147779K->17024K(153344K), 0.0262490 secs] 882844K->754148K(1032896K), 0.0264330 secs] [Times: user=0.05 sys=0.00, real=0.02 secs] 
2014-03-08T13:33:35.665+0000: 372281.650: [GC2014-03-08T13:33:35.665+0000: 372281.650: [ParNew
Desired survivor size 8716288 bytes, new threshold 4 (max 6)
- age   1:    2377096 bytes,    2377096 total
- age   2:    2381216 bytes,    4758312 total
- age   3:    2110648 bytes,    6868960 total
- age   4:    1938832 bytes,    8807792 total
- age   5:    2066680 bytes,   10874472 total
: 153344K->15080K(153344K), 0.0254030 secs] 890468K->754100K(1032896K), 0.0255780 secs] [Times: user=0.06 sys=0.00, real=0.02 secs] 
2014-03-08T13:36:19.413+0000: 372445.398: [GC2014-03-08T13:36:19.413+0000: 372445.398: [ParNew
Desired survivor size 8716288 bytes, new threshold 6 (max 6)
- age   1:    2254872 bytes,    2254872 total
- age   2:    1910912 bytes,    4165784 total
- age   3:    2379672 bytes,    6545456 total
- age   4:    2064272 bytes,    8609728 total
: 151400K->10604K(153344K), 0.0279430 secs] 890420K->753741K(1032896K), 0.0281090 secs] [Times: user=0.06 sys=0.00, real=0.03 secs] 
2014-03-08T13:39:35.405+0000: 372641.390: [GC2014-03-08T13:39:35.405+0000: 372641.390: [ParNew
Desired survivor size 8716288 bytes, new threshold 5 (max 6)
- age   1:    2072464 bytes,    2072464 total
- age   2:    1630864 bytes,    3703328 total
- age   3:    1888712 bytes,    5592040 total
- age   4:    2377496 bytes,    7969536 total
- age   5:    2063624 bytes,   10033160 total
: 146924K->17024K(153344K), 0.0201050 secs] 890061K->760441K(1032896K), 0.0203070 secs] [Times: user=0.03 sys=0.00, real=0.02 secs] 
2014-03-08T13:43:01.216+0000: 372847.201: [GC2014-03-08T13:43:01.217+0000: 372847.201: [ParNew
Desired survivor size 8716288 bytes, new threshold 5 (max 6)
- age   1:    2505272 bytes,    2505272 total
- age   2:    1862880 bytes,    4368152 total
- age   3:    1499936 bytes,    5868088 total
- age   4:    1887920 bytes,    7756008 total
- age   5:    2377208 bytes,   10133216 total
: 153344K->11939K(153344K), 0.0252400 secs] 896761K->757479K(1032896K), 0.0254010 secs] [Times: user=0.05 sys=0.00, real=0.02 secs] 
2014-03-08T13:46:19.209+0000: 373045.194: [GC2014-03-08T13:46:19.209+0000: 373045.194: [ParNew
Desired survivor size 8716288 bytes, new threshold 5 (max 6)
- age   1:    2109456 bytes,    2109456 total
- age   2:    1938880 bytes,    4048336 total
- age   3:    1843776 bytes,    5892112 total
- age   4:    1498992 bytes,    7391104 total
- age   5:    1887720 bytes,    9278824 total
: 148259K->17024K(153344K), 0.0253480 secs] 893799K->765318K(1032896K), 0.0255130 secs] [Times: user=0.06 sys=0.00, real=0.03 secs] 
2014-03-08T13:49:25.675+0000: 373231.660: [GC2014-03-08T13:49:25.675+0000: 373231.660: [ParNew
Desired survivor size 8716288 bytes, new threshold 5 (max 6)
- age   1:    2396600 bytes,    2396600 total
- age   2:    1913168 bytes,    4309768 total
- age   3:    1882872 bytes,    6192640 total
- age   4:    1841320 bytes,    8033960 total
- age   5:    1498584 bytes,    9532544 total
: 153344K->11483K(153344K), 0.0241000 secs] 901638K->761718K(1032896K), 0.0242790 secs] [Times: user=0.05 sys=0.00, real=0.02 secs] 
2014-03-08T13:52:51.748+0000: 373437.732: [GC2014-03-08T13:52:51.748+0000: 373437.732: [ParNew
Desired survivor size 8716288 bytes, new threshold 5 (max 6)
- age   1:    2458240 bytes,    2458240 total
- age   2:    1718368 bytes,    4176608 total
- age   3:    1841472 bytes,    6018080 total
- age   4:    1881992 bytes,    7900072 total
- age   5:    1840888 bytes,    9740960 total
: 147803K->16503K(153344K), 0.0232620 secs] 898038K->768279K(1032896K), 0.0234360 secs] [Times: user=0.05 sys=0.00, real=0.02 secs] 
2014-03-08T13:55:54.362+0000: 373620.347: [GC2014-03-08T13:55:54.362+0000: 373620.347: [ParNew
Desired survivor size 8716288 bytes, new threshold 5 (max 6)
- age   1:    2412568 bytes,    2412568 total
- age   2:    1892232 bytes,    4304800 total
- age   3:    1713056 bytes,    6017856 total
- age   4:    1841232 bytes,    7859088 total
- age   5:    1881208 bytes,    9740296 total
: 152823K->11365K(153344K), 0.0240030 secs] 904599K->765032K(1032896K), 0.0241590 secs] [Times: user=0.05 sys=0.00, real=0.02 secs] 
2014-03-08T13:58:54.706+0000: 373800.691: [GC2014-03-08T13:58:54.706+0000: 373800.691: [ParNew
Desired survivor size 8716288 bytes, new threshold 5 (max 6)
- age   1:    2581560 bytes,    2581560 total
- age   2:    1715704 bytes,    4297264 total
- age   3:    1883072 bytes,    6180336 total
- age   4:    1712288 bytes,    7892624 total
- age   5:    1840216 bytes,    9732840 total
: 147685K->16858K(153344K), 0.0239590 secs] 901352K->772460K(1032896K), 0.0241300 secs] [Times: user=0.05 sys=0.00, real=0.02 secs] 
2014-03-08T14:01:54.344+0000: 373980.329: [GC2014-03-08T14:01:54.344+0000: 373980.329: [ParNew
Desired survivor size 8716288 bytes, new threshold 5 (max 6)
- age   1:    2478800 bytes,    2478800 total
- age   2:    1860408 bytes,    4339208 total
- age   3:    1693848 bytes,    6033056 total
- age   4:    1881896 bytes,    7914952 total
- age   5:    1712096 bytes,    9627048 total
: 153178K->11285K(153344K), 0.0235180 secs] 908780K->768779K(1032896K), 0.0236860 secs] [Times: user=0.05 sys=0.00, real=0.02 secs] 
2014-03-08T14:04:57.774+0000: 374163.758: [GC2014-03-08T14:04:57.774+0000: 374163.758: [ParNew
Desired survivor size 8716288 bytes, new threshold 5 (max 6)
- age   1:    2593944 bytes,    2593944 total
- age   2:    1667528 bytes,    4261472 total
- age   3:    1759808 bytes,    6021280 total
- age   4:    1692632 bytes,    7713912 total
- age   5:    1881360 bytes,    9595272 total
: 147605K->16636K(153344K), 0.0233300 secs] 905099K->775889K(1032896K), 0.0234860 secs] [Times: user=0.04 sys=0.01, real=0.03 secs] 
2014-03-08T14:08:02.019+0000: 374348.004: [GC2014-03-08T14:08:02.019+0000: 374348.004: [ParNew
Desired survivor size 8716288 bytes, new threshold 5 (max 6)
- age   1:    2946552 bytes,    2946552 total
- age   2:    1870840 bytes,    4817392 total
- age   3:    1629488 bytes,    6446880 total
- age   4:    1758792 bytes,    8205672 total
- age   5:    1692504 bytes,    9898176 total
: 152956K->11161K(153344K), 0.0245880 secs] 912209K->772349K(1032896K), 0.0247540 secs] [Times: user=0.06 sys=0.00, real=0.03 secs] 
2014-03-08T14:11:26.222+0000: 374552.207: [GC2014-03-08T14:11:26.222+0000: 374552.207: [ParNew
Desired survivor size 8716288 bytes, new threshold 5 (max 6)
- age   1:    2507296 bytes,    2507296 total
- age   2:    1756792 bytes,    4264088 total
- age   3:    1688912 bytes,    5953000 total
- age   4:    1629016 bytes,    7582016 total
- age   5:    1757592 bytes,    9339608 total
: 147481K->12785K(153344K), 0.0233200 secs] 908669K->775713K(1032896K), 0.0234830 secs] [Times: user=0.05 sys=0.00, real=0.02 secs] 
2014-03-08T14:14:30.755+0000: 374736.740: [GC2014-03-08T14:14:30.755+0000: 374736.740: [ParNew
Desired survivor size 8716288 bytes, new threshold 5 (max 6)
- age   1:    2157360 bytes,    2157360 total
- age   2:    1944896 bytes,    4102256 total
- age   3:    1754192 bytes,    5856448 total
- age   4:    1688024 bytes,    7544472 total
- age   5:    1628696 bytes,    9173168 total
: 149105K->17024K(153344K), 0.0241330 secs] 912033K->782150K(1032896K), 0.0243010 secs] [Times: user=0.05 sys=0.00, real=0.02 secs] 
2014-03-08T14:18:10.006+0000: 374955.991: [GC2014-03-08T14:18:10.006+0000: 374955.991: [ParNew
Desired survivor size 8716288 bytes, new threshold 5 (max 6)
- age   1:    2506568 bytes,    2506568 total
- age   2:    1827472 bytes,    4334040 total
- age   3:    1881152 bytes,    6215192 total
- age   4:    1752744 bytes,    7967936 total
- age   5:    1687520 bytes,    9655456 total
: 153344K->11315K(153344K), 0.0247620 secs] 918470K->778116K(1032896K), 0.0249440 secs] [Times: user=0.05 sys=0.00, real=0.02 secs] 
2014-03-08T14:21:38.823+0000: 375164.808: [GC2014-03-08T14:21:38.823+0000: 375164.808: [ParNew
Desired survivor size 8716288 bytes, new threshold 5 (max 6)
- age   1:    2625264 bytes,    2625264 total
- age   2:    2046624 bytes,    4671888 total
- age   3:    1704032 bytes,    6375920 total
- age   4:    1880784 bytes,    8256704 total
- age   5:    1751792 bytes,   10008496 total
: 147635K->16812K(153344K), 0.0239990 secs] 914436K->785347K(1032896K), 0.0241600 secs] [Times: user=0.05 sys=0.00, real=0.02 secs] 
2014-03-08T14:24:37.773+0000: 375343.758: [GC2014-03-08T14:24:37.773+0000: 375343.758: [ParNew
Desired survivor size 8716288 bytes, new threshold 5 (max 6)
- age   1:    2500712 bytes,    2500712 total
- age   2:    2032376 bytes,    4533088 total
- age   3:    2025128 bytes,    6558216 total
- age   4:    1702856 bytes,    8261072 total
- age   5:    1880592 bytes,   10141664 total
: 153132K->11659K(153344K), 0.0243390 secs] 921667K->781993K(1032896K), 0.0245040 secs] [Times: user=0.05 sys=0.00, real=0.03 secs] 
2014-03-08T14:28:08.513+0000: 375554.498: [GC2014-03-08T14:28:08.513+0000: 375554.498: [ParNew
Desired survivor size 8716288 bytes, new threshold 5 (max 6)
- age   1:    2209120 bytes,    2209120 total
- age   2:    1853600 bytes,    4062720 total
- age   3:    1933968 bytes,    5996688 total
- age   4:    2023224 bytes,    8019912 total
- age   5:    1702760 bytes,    9722672 total
: 147979K->17024K(153344K), 0.0251440 secs] 918313K->789547K(1032896K), 0.0253240 secs] [Times: user=0.05 sys=0.00, real=0.03 secs] 
2014-03-08T14:31:11.087+0000: 375737.071: [GC2014-03-08T14:31:11.087+0000: 375737.072: [ParNew
Desired survivor size 8716288 bytes, new threshold 5 (max 6)
- age   1:    2367064 bytes,    2367064 total
- age   2:    1983216 bytes,    4350280 total
- age   3:    1771928 bytes,    6122208 total
- age   4:    1933208 bytes,    8055416 total
- age   5:    2022864 bytes,   10078280 total
: 153344K->11761K(153344K), 0.0242830 secs] 925867K->786035K(1032896K), 0.0244650 secs] [Times: user=0.05 sys=0.00, real=0.02 secs] 
2014-03-08T14:34:35.181+0000: 375941.166: [GC2014-03-08T14:34:35.181+0000: 375941.166: [ParNew
Desired survivor size 8716288 bytes, new threshold 5 (max 6)
- age   1:    2190256 bytes,    2190256 total
- age   2:    1692728 bytes,    3882984 total
- age   3:    1936032 bytes,    5819016 total
- age   4:    1731808 bytes,    7550824 total
- age   5:    1932336 bytes,    9483160 total
: 148081K->17024K(153344K), 0.0249960 secs] 922355K->793743K(1032896K), 0.0251590 secs] [Times: user=0.06 sys=0.00, real=0.03 secs] 
2014-03-08T14:38:06.955+0000: 376152.940: [GC2014-03-08T14:38:06.955+0000: 376152.940: [ParNew
Desired survivor size 8716288 bytes, new threshold 5 (max 6)
- age   1:    2503424 bytes,    2503424 total
- age   2:    1889456 bytes,    4392880 total
- age   3:    1673344 bytes,    6066224 total
- age   4:    1935304 bytes,    8001528 total
- age   5:    1731608 bytes,    9733136 total
: 153344K->11456K(153344K), 0.0250770 secs] 930063K->790162K(1032896K), 0.0252440 secs] [Times: user=0.05 sys=0.00, real=0.02 secs] 
2014-03-08T14:41:15.222+0000: 376341.207: [GC2014-03-08T14:41:15.223+0000: 376341.207: [ParNew
Desired survivor size 8716288 bytes, new threshold 5 (max 6)
- age   1:    2342632 bytes,    2342632 total
- age   2:    2041320 bytes,    4383952 total
- age   3:    1887320 bytes,    6271272 total
- age   4:    1672632 bytes,    7943904 total
- age   5:    1934424 bytes,    9878328 total
: 147776K->17023K(153344K), 0.0263490 secs] 926482K->797537K(1032896K), 0.0265540 secs] [Times: user=0.06 sys=0.00, real=0.02 secs] 
2014-03-08T14:44:20.489+0000: 376526.474: [GC2014-03-08T14:44:20.489+0000: 376526.474: [ParNew
Desired survivor size 8716288 bytes, new threshold 5 (max 6)
- age   1:    2424960 bytes,    2424960 total
- age   2:    1768424 bytes,    4193384 total
- age   3:    1933560 bytes,    6126944 total
- age   4:    1886568 bytes,    8013512 total
- age   5:    1672152 bytes,    9685664 total
: 153343K->11536K(153344K), 0.0240560 secs] 933857K->794038K(1032896K), 0.0242260 secs] [Times: user=0.05 sys=0.00, real=0.02 secs] 
2014-03-08T14:48:10.381+0000: 376756.366: [GC2014-03-08T14:48:10.382+0000: 376756.366: [ParNew
Desired survivor size 8716288 bytes, new threshold 5 (max 6)
- age   1:    2462424 bytes,    2462424 total
- age   2:    1768488 bytes,    4230912 total
- age   3:    1750280 bytes,    5981192 total
- age   4:    1932936 bytes,    7914128 total
- age   5:    1886344 bytes,    9800472 total
: 147856K->16575K(153344K), 0.0237730 secs] 930358K->800797K(1032896K), 0.0239520 secs] [Times: user=0.05 sys=0.00, real=0.03 secs] 
2014-03-08T14:51:36.901+0000: 376962.886: [GC2014-03-08T14:51:36.901+0000: 376962.886: [ParNew
Desired survivor size 8716288 bytes, new threshold 5 (max 6)
- age   1:    2825528 bytes,    2825528 total
- age   2:    2117696 bytes,    4943224 total
- age   3:    1705736 bytes,    6648960 total
- age   4:    1749832 bytes,    8398792 total
- age   5:    1932504 bytes,   10331296 total
: 152895K->11440K(153344K), 0.0248870 secs] 937117K->797601K(1032896K), 0.0250610 secs] [Times: user=0.05 sys=0.00, real=0.03 secs] 
2014-03-08T14:55:02.302+0000: 377168.287: [GC2014-03-08T14:55:02.302+0000: 377168.287: [ParNew
Desired survivor size 8716288 bytes, new threshold 5 (max 6)
- age   1:    2302256 bytes,    2302256 total
- age   2:    2184448 bytes,    4486704 total
- age   3:    2115344 bytes,    6602048 total
- age   4:    1704360 bytes,    8306408 total
- age   5:    1748592 bytes,   10055000 total
: 147760K->17024K(153344K), 0.0254460 secs] 933921K->805435K(1032896K), 0.0256300 secs] [Times: user=0.06 sys=0.00, real=0.02 secs] 
2014-03-08T14:58:40.679+0000: 377386.664: [GC2014-03-08T14:58:40.679+0000: 377386.664: [ParNew
Desired survivor size 8716288 bytes, new threshold 4 (max 6)
- age   1:    2637080 bytes,    2637080 total
- age   2:    2119248 bytes,    4756328 total
- age   3:    2172832 bytes,    6929160 total
- age   4:    2114704 bytes,    9043864 total
- age   5:    1703304 bytes,   10747168 total
: 153344K->11965K(153344K), 0.0254630 secs] 941755K->802175K(1032896K), 0.0256410 secs] [Times: user=0.06 sys=0.00, real=0.03 secs] 
2014-03-08T15:01:45.225+0000: 377571.209: [GC2014-03-08T15:01:45.225+0000: 377571.209: [ParNew
Desired survivor size 8716288 bytes, new threshold 4 (max 6)
- age   1:    2298424 bytes,    2298424 total
- age   2:    2218856 bytes,    4517280 total
- age   3:    2031768 bytes,    6549048 total
- age   4:    2171432 bytes,    8720480 total
: 148285K->9528K(153344K), 0.0294520 secs] 938495K->803662K(1032896K), 0.0296400 secs] [Times: user=0.06 sys=0.00, real=0.03 secs] 
2014-03-08T15:04:56.132+0000: 377762.117: [GC2014-03-08T15:04:56.132+0000: 377762.117: [ParNew
Desired survivor size 8716288 bytes, new threshold 6 (max 6)
- age   1:    2591136 bytes,    2591136 total
- age   2:    1727512 bytes,    4318648 total
- age   3:    2155472 bytes,    6474120 total
- age   4:    1979600 bytes,    8453720 total
: 145848K->8839K(153344K), 0.0227950 secs] 939982K->805193K(1032896K), 0.0229510 secs] [Times: user=0.03 sys=0.01, real=0.03 secs] 
2014-03-08T15:08:13.043+0000: 377959.028: [GC2014-03-08T15:08:13.043+0000: 377959.028: [ParNew
Desired survivor size 8716288 bytes, new threshold 5 (max 6)
- age   1:    2492848 bytes,    2492848 total
- age   2:    1834072 bytes,    4326920 total
- age   3:    1707312 bytes,    6034232 total
- age   4:    2155280 bytes,    8189512 total
- age   5:    1899752 bytes,   10089264 total
: 145159K->16261K(153344K), 0.0194430 secs] 941513K->812615K(1032896K), 0.0196080 secs] [Times: user=0.04 sys=0.00, real=0.02 secs] 
2014-03-08T15:11:19.988+0000: 378145.973: [GC2014-03-08T15:11:19.988+0000: 378145.973: [ParNew
Desired survivor size 8716288 bytes, new threshold 5 (max 6)
- age   1:    2514736 bytes,    2514736 total
- age   2:    1844888 bytes,    4359624 total
- age   3:    1750432 bytes,    6110056 total
- age   4:    1705224 bytes,    7815280 total
- age   5:    2154672 bytes,    9969952 total
: 152581K->11511K(153344K), 0.0244330 secs] 948935K->809819K(1032896K), 0.0246020 secs] [Times: user=0.05 sys=0.00, real=0.02 secs] 
2014-03-08T15:14:53.276+0000: 378359.261: [GC2014-03-08T15:14:53.276+0000: 378359.261: [ParNew
Desired survivor size 8716288 bytes, new threshold 5 (max 6)
- age   1:    2499928 bytes,    2499928 total
- age   2:    1813616 bytes,    4313544 total
- age   3:    1825240 bytes,    6138784 total
- age   4:    1749800 bytes,    7888584 total
- age   5:    1704824 bytes,    9593408 total
: 147831K->17024K(153344K), 0.0273750 secs] 946139K->817593K(1034816K), 0.0275300 secs] [Times: user=0.06 sys=0.00, real=0.03 secs] 
2014-03-08T15:18:28.030+0000: 378574.014: [GC2014-03-08T15:18:28.030+0000: 378574.014: [ParNew
Desired survivor size 8716288 bytes, new threshold 5 (max 6)
- age   1:    2477680 bytes,    2477680 total
- age   2:    2080224 bytes,    4557904 total
- age   3:    1719080 bytes,    6276984 total
- age   4:    1825000 bytes,    8101984 total
- age   5:    1749800 bytes,    9851784 total
: 153344K->11328K(153344K), 0.0251280 secs] 953913K->813650K(1036544K), 0.0252850 secs] [Times: user=0.05 sys=0.00, real=0.03 secs] 
2014-03-08T15:22:03.667+0000: 378789.652: [GC2014-03-08T15:22:03.667+0000: 378789.652: [ParNew
Desired survivor size 8716288 bytes, new threshold 5 (max 6)
- age   1:    2448408 bytes,    2448408 total
- age   2:    2023336 bytes,    4471744 total
- age   3:    2033544 bytes,    6505288 total
- age   4:    1718224 bytes,    8223512 total
- age   5:    1824640 bytes,   10048152 total
: 147648K->17024K(153344K), 0.0258070 secs] 949970K->821178K(1038464K), 0.0259870 secs] [Times: user=0.05 sys=0.00, real=0.02 secs] 
2014-03-08T15:25:31.350+0000: 378997.335: [GC2014-03-08T15:25:31.350+0000: 378997.335: [ParNew
Desired survivor size 8716288 bytes, new threshold 5 (max 6)
- age   1:    2505752 bytes,    2505752 total
- age   2:    2002272 bytes,    4508024 total
- age   3:    2002448 bytes,    6510472 total
- age   4:    2032312 bytes,    8542784 total
- age   5:    1717712 bytes,   10260496 total
: 153344K->11735K(153344K), 0.0257080 secs] 957498K->817765K(1040192K), 0.0258750 secs] [Times: user=0.05 sys=0.00, real=0.03 secs] 
2014-03-08T15:28:15.492+0000: 379161.477: [GC2014-03-08T15:28:15.493+0000: 379161.477: [ParNew
Desired survivor size 8716288 bytes, new threshold 4 (max 6)
- age   1:    3477544 bytes,    3477544 total
- age   2:    1993344 bytes,    5470888 total
- age   3:    1991624 bytes,    7462512 total
- age   4:    2002032 bytes,    9464544 total
- age   5:    1992616 bytes,   11457160 total
: 148055K->17024K(153344K), 0.0276080 secs] 954085K->825211K(1042112K), 0.0277860 secs] [Times: user=0.06 sys=0.00, real=0.03 secs] 
2014-03-08T15:31:38.686+0000: 379364.671: [GC2014-03-08T15:31:38.686+0000: 379364.671: [ParNew
Desired survivor size 8716288 bytes, new threshold 4 (max 6)
- age   1:    2443880 bytes,    2443880 total
- age   2:    3197512 bytes,    5641392 total
- age   3:    1972568 bytes,    7613960 total
- age   4:    1990496 bytes,    9604456 total
: 153344K->16157K(153344K), 0.0312500 secs] 961531K->828449K(1046336K), 0.0314240 secs] [Times: user=0.07 sys=0.00, real=0.03 secs] 
2014-03-08T15:35:09.318+0000: 379575.302: [GC2014-03-08T15:35:09.318+0000: 379575.302: [ParNew
Desired survivor size 8716288 bytes, new threshold 6 (max 6)
- age   1:    2556272 bytes,    2556272 total
- age   2:    1857976 bytes,    4414248 total
- age   3:    1812656 bytes,    6226904 total
- age   4:    1926616 bytes,    8153520 total
: 152477K->12343K(153344K), 0.0242500 secs] 964769K->826683K(1048448K), 0.0244150 secs] [Times: user=0.04 sys=0.00, real=0.03 secs] 
2014-03-08T15:38:25.909+0000: 379771.894: [GC2014-03-08T15:38:25.909+0000: 379771.894: [ParNew
Desired survivor size 8716288 bytes, new threshold 5 (max 6)
- age   1:    2569944 bytes,    2569944 total
- age   2:    1991104 bytes,    4561048 total
- age   3:    1848112 bytes,    6409160 total
- age   4:    1798800 bytes,    8207960 total
- age   5:    1925752 bytes,   10133712 total
: 148663K->14973K(153344K), 0.0192680 secs] 963003K->829312K(1048448K), 0.0194310 secs] [Times: user=0.04 sys=0.00, real=0.02 secs] 
2014-03-08T15:42:01.386+0000: 379987.371: [GC2014-03-08T15:42:01.387+0000: 379987.371: [ParNew
Desired survivor size 8716288 bytes, new threshold 5 (max 6)
- age   1:    2417832 bytes,    2417832 total
- age   2:    1896416 bytes,    4314248 total
- age   3:    1945720 bytes,    6259968 total
- age   4:    1847096 bytes,    8107064 total
- age   5:    1719416 bytes,    9826480 total
: 151293K->13664K(153344K), 0.0265810 secs] 965632K->829982K(1050368K), 0.0267480 secs] [Times: user=0.05 sys=0.00, real=0.02 secs] 
2014-03-08T15:45:21.414+0000: 380187.399: [GC2014-03-08T15:45:21.414+0000: 380187.399: [ParNew
Desired survivor size 8716288 bytes, new threshold 5 (max 6)
- age   1:    2936576 bytes,    2936576 total
- age   2:    1993056 bytes,    4929632 total
- age   3:    1830112 bytes,    6759744 total
- age   4:    1944864 bytes,    8704608 total
- age   5:    1846688 bytes,   10551296 total
: 149984K->14199K(153344K), 0.0254470 secs] 966302K->832277K(1052096K), 0.0256510 secs] [Times: user=0.05 sys=0.00, real=0.03 secs] 
2014-03-08T15:48:58.388+0000: 380404.373: [GC2014-03-08T15:48:58.388+0000: 380404.373: [ParNew
Desired survivor size 8716288 bytes, new threshold 5 (max 6)
- age   1:    2514752 bytes,    2514752 total
- age   2:    2276232 bytes,    4790984 total
- age   3:    1982504 bytes,    6773488 total
- age   4:    1829136 bytes,    8602624 total
- age   5:    1944576 bytes,   10547200 total
: 150519K->14921K(153344K), 0.0258850 secs] 968597K->834898K(1054016K), 0.0260670 secs] [Times: user=0.04 sys=0.01, real=0.03 secs] 
2014-03-08T15:52:15.219+0000: 380601.204: [GC2014-03-08T15:52:15.219+0000: 380601.204: [ParNew
Desired survivor size 8716288 bytes, new threshold 4 (max 6)
- age   1:    2460656 bytes,    2460656 total
- age   2:    2036920 bytes,    4497576 total
- age   3:    2246472 bytes,    6744048 total
- age   4:    1981424 bytes,    8725472 total
- age   5:    1828584 bytes,   10554056 total
: 151241K->15328K(153344K), 0.0268550 secs] 971218K->837303K(1055936K), 0.0270450 secs] [Times: user=0.06 sys=0.00, real=0.03 secs] 
2014-03-08T15:55:58.550+0000: 380824.534: [GC2014-03-08T15:55:58.550+0000: 380824.535: [ParNew
Desired survivor size 8716288 bytes, new threshold 6 (max 6)
- age   1:    2416368 bytes,    2416368 total
- age   2:    1852016 bytes,    4268384 total
- age   3:    2036264 bytes,    6304648 total
- age   4:    2245856 bytes,    8550504 total
: 151648K->10208K(153344K), 0.0302580 secs] 973623K->836099K(1059968K), 0.0304280 secs] [Times: user=0.05 sys=0.00, real=0.03 secs] 
2014-03-08T15:59:28.154+0000: 381034.139: [GC2014-03-08T15:59:28.154+0000: 381034.139: [ParNew
Desired survivor size 8716288 bytes, new threshold 5 (max 6)
- age   1:    2134544 bytes,    2134544 total
- age   2:    2074672 bytes,    4209216 total
- age   3:    1831296 bytes,    6040512 total
- age   4:    2035832 bytes,    8076344 total
- age   5:    2205712 bytes,   10282056 total
: 146528K->17024K(153344K), 0.0205130 secs] 972419K->843147K(1060160K), 0.0206680 secs] [Times: user=0.04 sys=0.00, real=0.02 secs] 
2014-03-08T16:02:50.386+0000: 381236.371: [GC2014-03-08T16:02:50.386+0000: 381236.371: [ParNew
Desired survivor size 8716288 bytes, new threshold 5 (max 6)
- age   1:    2451520 bytes,    2451520 total
- age   2:    1915872 bytes,    4367392 total
- age   3:    2072656 bytes,    6440048 total
- age   4:    1823608 bytes,    8263656 total
- age   5:    2035496 bytes,   10299152 total
: 153344K->12131K(153344K), 0.0267570 secs] 979467K->840506K(1062464K), 0.0269320 secs] [Times: user=0.06 sys=0.00, real=0.02 secs] 
2014-03-08T16:06:30.626+0000: 381456.611: [GC2014-03-08T16:06:30.626+0000: 381456.611: [ParNew
Desired survivor size 8716288 bytes, new threshold 5 (max 6)
- age   1:    2254376 bytes,    2254376 total
- age   2:    1890536 bytes,    4144912 total
- age   3:    1905648 bytes,    6050560 total
- age   4:    2072512 bytes,    8123072 total
- age   5:    1822864 bytes,    9945936 total
: 148451K->17024K(153344K), 0.0266880 secs] 976826K->847666K(1064384K), 0.0268670 secs] [Times: user=0.06 sys=0.00, real=0.02 secs] 
2014-03-08T16:09:30.782+0000: 381636.767: [GC2014-03-08T16:09:30.782+0000: 381636.767: [ParNew
Desired survivor size 8716288 bytes, new threshold 5 (max 6)
- age   1:    2368048 bytes,    2368048 total
- age   2:    2076568 bytes,    4444616 total
- age   3:    1877768 bytes,    6322384 total
- age   4:    1904728 bytes,    8227112 total
- age   5:    2072056 bytes,   10299168 total
: 153344K->12044K(153344K), 0.0265710 secs] 983986K->844560K(1066496K), 0.0267440 secs] [Times: user=0.05 sys=0.00, real=0.02 secs] 
2014-03-08T16:12:48.107+0000: 381834.091: [GC2014-03-08T16:12:48.107+0000: 381834.091: [ParNew
Desired survivor size 8716288 bytes, new threshold 5 (max 6)
- age   1:    2511176 bytes,    2511176 total
- age   2:    1749456 bytes,    4260632 total
- age   3:    2075640 bytes,    6336272 total
- age   4:    1876528 bytes,    8212800 total
- age   5:    1904320 bytes,   10117120 total
: 148364K->13399K(153344K), 0.0277590 secs] 980880K->848046K(1068608K), 0.0279270 secs] [Times: user=0.05 sys=0.00, real=0.03 secs] 
2014-03-08T16:15:37.929+0000: 382003.914: [GC2014-03-08T16:15:37.929+0000: 382003.914: [ParNew
Desired survivor size 8716288 bytes, new threshold 5 (max 6)
- age   1:    2351040 bytes,    2351040 total
- age   2:    1982184 bytes,    4333224 total
- age   3:    1657592 bytes,    5990816 total
- age   4:    2029688 bytes,    8020504 total
- age   5:    1876000 bytes,    9896504 total
: 149719K->14485K(153344K), 0.0270480 secs] 984366K->851089K(1070528K), 0.0272190 secs] [Times: user=0.04 sys=0.00, real=0.03 secs] 
2014-03-08T16:19:14.684+0000: 382220.669: [GC2014-03-08T16:19:14.684+0000: 382220.669: [ParNew
Desired survivor size 8716288 bytes, new threshold 5 (max 6)
- age   1:    2721008 bytes,    2721008 total
- age   2:    1646480 bytes,    4367488 total
- age   3:    1926592 bytes,    6294080 total
- age   4:    1657232 bytes,    7951312 total
- age   5:    2029064 bytes,    9980376 total
: 150805K->14122K(153344K), 0.0253700 secs] 987409K->852655K(1072448K), 0.0255490 secs] [Times: user=0.06 sys=0.00, real=0.02 secs] 
2014-03-08T16:22:51.393+0000: 382437.377: [GC2014-03-08T16:22:51.393+0000: 382437.378: [ParNew
Desired survivor size 8716288 bytes, new threshold 5 (max 6)
- age   1:    2509816 bytes,    2509816 total
- age   2:    2286672 bytes,    4796488 total
- age   3:    1614320 bytes,    6410808 total
- age   4:    1926160 bytes,    8336968 total
- age   5:    1656896 bytes,    9993864 total
: 150442K->14402K(153344K), 0.0264050 secs] 988975K->855021K(1074560K), 0.0265610 secs] [Times: user=0.05 sys=0.00, real=0.03 secs] 
2014-03-08T16:26:25.115+0000: 382651.100: [GC2014-03-08T16:26:25.115+0000: 382651.100: [ParNew
Desired survivor size 8716288 bytes, new threshold 5 (max 6)
- age   1:    2483496 bytes,    2483496 total
- age   2:    2009216 bytes,    4492712 total
- age   3:    2283840 bytes,    6776552 total
- age   4:    1613664 bytes,    8390216 total
- age   5:    1925248 bytes,   10315464 total
: 150722K->14526K(153344K), 0.0252160 secs] 991341K->856849K(1076288K), 0.0253760 secs] [Times: user=0.05 sys=0.00, real=0.02 secs] 
2014-03-08T16:30:01.820+0000: 382867.805: [GC2014-03-08T16:30:01.820+0000: 382867.805: [ParNew
Desired survivor size 8716288 bytes, new threshold 4 (max 6)
- age   1:    2688144 bytes,    2688144 total
- age   2:    1979216 bytes,    4667360 total
- age   3:    2007960 bytes,    6675320 total
- age   4:    2267904 bytes,    8943224 total
- age   5:    1567232 bytes,   10510456 total
: 150846K->15119K(153344K), 0.0263110 secs] 993169K->859416K(1078208K), 0.0264800 secs] [Times: user=0.05 sys=0.00, real=0.03 secs] 
2014-03-08T16:33:26.474+0000: 383072.459: [GC2014-03-08T16:33:26.474+0000: 383072.459: [ParNew
Desired survivor size 8716288 bytes, new threshold 6 (max 6)
- age   1:    2434840 bytes,    2434840 total
- age   2:    2100440 bytes,    4535280 total
- age   3:    1977208 bytes,    6512488 total
- age   4:    2007384 bytes,    8519872 total
: 151439K->9995K(153344K), 0.0293720 secs] 995736K->857949K(1081856K), 0.0295360 secs] [Times: user=0.06 sys=0.00, real=0.04 secs] 
2014-03-08T16:37:15.223+0000: 383301.208: [GC2014-03-08T16:37:15.223+0000: 383301.208: [ParNew
Desired survivor size 8716288 bytes, new threshold 5 (max 6)
- age   1:    2506328 bytes,    2506328 total
- age   2:    1897864 bytes,    4404192 total
- age   3:    2099384 bytes,    6503576 total
- age   4:    1976704 bytes,    8480280 total
- age   5:    2007264 bytes,   10487544 total
: 146315K->17024K(153344K), 0.0203390 secs] 994269K->865140K(1081856K), 0.0204940 secs] [Times: user=0.04 sys=0.00, real=0.02 secs] 
2014-03-08T16:40:51.903+0000: 383517.888: [GC2014-03-08T16:40:51.903+0000: 383517.888: [ParNew
Desired survivor size 8716288 bytes, new threshold 5 (max 6)
- age   1:    2301768 bytes,    2301768 total
- age   2:    2131848 bytes,    4433616 total
- age   3:    1895368 bytes,    6328984 total
- age   4:    2058056 bytes,    8387040 total
- age   5:    1976064 bytes,   10363104 total
: 153344K->17024K(153344K), 0.0292650 secs] 1001460K->867497K(1084352K), 0.0294490 secs] [Times: user=0.06 sys=0.00, real=0.02 secs] 
2014-03-08T16:44:17.326+0000: 383723.311: [GC2014-03-08T16:44:17.326+0000: 383723.311: [ParNew
Desired survivor size 8716288 bytes, new threshold 5 (max 6)
- age   1:    2603072 bytes,    2603072 total
- age   2:    2038056 bytes,    4641128 total
- age   3:    2120456 bytes,    6761584 total
- age   4:    1891088 bytes,    8652672 total
- age   5:    2057184 bytes,   10709856 total
: 153344K->12772K(153344K), 0.0270780 secs] 1003817K->865277K(1086272K), 0.0272320 secs] [Times: user=0.04 sys=0.01, real=0.02 secs] 
2014-03-08T16:47:56.240+0000: 383942.224: [GC2014-03-08T16:47:56.240+0000: 383942.224: [ParNew
Desired survivor size 8716288 bytes, new threshold 4 (max 6)
- age   1:    2690920 bytes,    2690920 total
- age   2:    2031328 bytes,    4722248 total
- age   3:    1985312 bytes,    6707560 total
- age   4:    2120144 bytes,    8827704 total
- age   5:    1887752 bytes,   10715456 total
: 149092K->13981K(153344K), 0.0269260 secs] 1001597K->868598K(1088384K), 0.0271010 secs] [Times: user=0.05 sys=0.00, real=0.03 secs] 
2014-03-08T16:51:25.307+0000: 384151.292: [GC2014-03-08T16:51:25.307+0000: 384151.292: [ParNew
Desired survivor size 8716288 bytes, new threshold 4 (max 6)
- age   1:    2612784 bytes,    2612784 total
- age   2:    2236000 bytes,    4848784 total
- age   3:    2014712 bytes,    6863496 total
- age   4:    1984024 bytes,    8847520 total
: 150301K->10303K(153344K), 0.0310890 secs] 1004918K->869040K(1092608K), 0.0312590 secs] [Times: user=0.07 sys=0.00, real=0.03 secs] 
2014-03-08T16:54:25.299+0000: 384331.284: [GC2014-03-08T16:54:25.299+0000: 384331.284: [ParNew
Desired survivor size 8716288 bytes, new threshold 6 (max 6)
- age   1:    2293552 bytes,    2293552 total
- age   2:    1992128 bytes,    4285680 total
- age   3:    2218600 bytes,    6504280 total
- age   4:    2013856 bytes,    8518136 total
: 146623K->9042K(153344K), 0.0236950 secs] 1005360K->869819K(1094528K), 0.0238540 secs] [Times: user=0.04 sys=0.00, real=0.03 secs] 
2014-03-08T16:58:10.178+0000: 384556.163: [GC2014-03-08T16:58:10.179+0000: 384556.163: [ParNew
Desired survivor size 8716288 bytes, new threshold 5 (max 6)
- age   1:    2568792 bytes,    2568792 total
- age   2:    1729584 bytes,    4298376 total
- age   3:    1934696 bytes,    6233072 total
- age   4:    2217584 bytes,    8450656 total
- age   5:    2013160 bytes,   10463816 total
: 145362K->16628K(153344K), 0.0203230 secs] 1006139K->877405K(1094528K), 0.0205010 secs] [Times: user=0.04 sys=0.00, real=0.02 secs] 
2014-03-08T17:01:43.890+0000: 384769.875: [GC2014-03-08T17:01:43.890+0000: 384769.875: [ParNew
Desired survivor size 8716288 bytes, new threshold 4 (max 6)
- age   1:    3696000 bytes,    3696000 total
- age   2:    2096680 bytes,    5792680 total
- age   3:    1665200 bytes,    7457880 total
- age   4:    1932704 bytes,    9390584 total
- age   5:    2017816 bytes,   11408400 total
: 152948K->17024K(153344K), 0.0282850 secs] 1013725K->880262K(1097024K), 0.0284490 secs] [Times: user=0.05 sys=0.00, real=0.03 secs] 
2014-03-08T17:05:30.288+0000: 384996.272: [GC2014-03-08T17:05:30.288+0000: 384996.272: [ParNew
Desired survivor size 8716288 bytes, new threshold 4 (max 6)
- age   1:    2590640 bytes,    2590640 total
- age   2:    3486680 bytes,    6077320 total
- age   3:    2075752 bytes,    8153072 total
- age   4:    1662880 bytes,    9815952 total
: 153344K->10949K(153344K), 0.0314250 secs] 1016582K->878249K(1101056K), 0.0315940 secs] [Times: user=0.05 sys=0.01, real=0.03 secs] 
2014-03-08T17:09:15.909+0000: 385221.894: [GC2014-03-08T17:09:15.909+0000: 385221.894: [ParNew
Desired survivor size 8716288 bytes, new threshold 4 (max 6)
- age   1:    2865152 bytes,    2865152 total
- age   2:    2101008 bytes,    4966160 total
- age   3:    1953552 bytes,    6919712 total
- age   4:    2074920 bytes,    8994632 total
: 147269K->9888K(153344K), 0.0240890 secs] 1014569K->878893K(1102784K), 0.0242650 secs] [Times: user=0.05 sys=0.00, real=0.02 secs] 
2014-03-08T17:12:56.221+0000: 385442.205: [GC2014-03-08T17:12:56.221+0000: 385442.206: [ParNew
Desired survivor size 8716288 bytes, new threshold 4 (max 6)
- age   1:    2504760 bytes,    2504760 total
- age   2:    2419504 bytes,    4924264 total
- age   3:    2099008 bytes,    7023272 total
- age   4:    1951976 bytes,    8975248 total
: 146208K->9113K(153344K), 0.0251010 secs] 1015213K->880251K(1104896K), 0.0252460 secs] [Times: user=0.06 sys=0.00, real=0.03 secs] 
2014-03-08T17:16:55.861+0000: 385681.846: [GC2014-03-08T17:16:55.861+0000: 385681.846: [ParNew
Desired survivor size 8716288 bytes, new threshold 4 (max 6)
- age   1:    2573656 bytes,    2573656 total
- age   2:    2036824 bytes,    4610480 total
- age   3:    2408832 bytes,    7019312 total
- age   4:    2098824 bytes,    9118136 total
: 145433K->13093K(153344K), 0.0248820 secs] 1016571K->886238K(1107008K), 0.0250570 secs] [Times: user=0.06 sys=0.00, real=0.03 secs] 
2014-03-08T17:20:23.513+0000: 385889.498: [GC2014-03-08T17:20:23.513+0000: 385889.498: [ParNew
Desired survivor size 8716288 bytes, new threshold 4 (max 6)
- age   1:    2556648 bytes,    2556648 total
- age   2:    2206216 bytes,    4762864 total
- age   3:    2029024 bytes,    6791888 total
- age   4:    2396712 bytes,    9188600 total
: 149413K->13593K(153344K), 0.0257150 secs] 1022558K->888894K(1109120K), 0.0258620 secs] [Times: user=0.05 sys=0.00, real=0.03 secs] 
2014-03-08T17:24:00.479+0000: 386106.464: [GC2014-03-08T17:24:00.479+0000: 386106.464: [ParNew
Desired survivor size 8716288 bytes, new threshold 4 (max 6)
- age   1:    2621968 bytes,    2621968 total
- age   2:    1926184 bytes,    4548152 total
- age   3:    2205232 bytes,    6753384 total
- age   4:    2028560 bytes,    8781944 total
: 149913K->13023K(153344K), 0.0250160 secs] 1025214K->890539K(1111232K), 0.0251720 secs] [Times: user=0.05 sys=0.00, real=0.03 secs] 
2014-03-08T17:28:03.127+0000: 386349.111: [GC2014-03-08T17:28:03.127+0000: 386349.111: [ParNew
Desired survivor size 8716288 bytes, new threshold 4 (max 6)
- age   1:    2546976 bytes,    2546976 total
- age   2:    2150688 bytes,    4697664 total
- age   3:    1905840 bytes,    6603504 total
- age   4:    2204784 bytes,    8808288 total
: 149343K->12729K(153344K), 0.0261360 secs] 1026859K->892330K(1113344K), 0.0263050 secs] [Times: user=0.04 sys=0.00, real=0.02 secs] 
2014-03-08T17:32:04.301+0000: 386590.285: [GC2014-03-08T17:32:04.301+0000: 386590.285: [ParNew
Desired survivor size 8716288 bytes, new threshold 4 (max 6)
- age   1:    2582168 bytes,    2582168 total
- age   2:    2220168 bytes,    4802336 total
- age   3:    2139304 bytes,    6941640 total
- age   4:    1905184 bytes,    8846824 total
: 149049K->12811K(153344K), 0.0256560 secs] 1028650K->894680K(1115648K), 0.0258190 secs] [Times: user=0.05 sys=0.00, real=0.03 secs] 
2014-03-08T17:35:51.219+0000: 386817.203: [GC2014-03-08T17:35:51.219+0000: 386817.203: [ParNew
Desired survivor size 8716288 bytes, new threshold 4 (max 6)
- age   1:    2455712 bytes,    2455712 total
- age   2:    2254000 bytes,    4709712 total
- age   3:    2218496 bytes,    6928208 total
- age   4:    2018392 bytes,    8946600 total
: 149131K->17024K(153344K), 0.0263540 secs] 1031000K->901135K(1117760K), 0.0265200 secs] [Times: user=0.04 sys=0.00, real=0.03 secs] 
2014-03-08T17:39:44.377+0000: 387050.361: [GC2014-03-08T17:39:44.377+0000: 387050.361: [ParNew
Desired survivor size 8716288 bytes, new threshold 4 (max 6)
- age   1:    2738904 bytes,    2738904 total
- age   2:    2150272 bytes,    4889176 total
- age   3:    2207496 bytes,    7096672 total
- age   4:    2218168 bytes,    9314840 total
: 153344K->10949K(153344K), 0.0260270 secs] 1037455K->897133K(1120064K), 0.0261900 secs] [Times: user=0.05 sys=0.00, real=0.03 secs] 
2014-03-08T17:43:23.785+0000: 387269.770: [GC2014-03-08T17:43:23.785+0000: 387269.770: [ParNew
Desired survivor size 8716288 bytes, new threshold 4 (max 6)
- age   1:    2879440 bytes,    2879440 total
- age   2:    2243528 bytes,    5122968 total
- age   3:    2148776 bytes,    7271744 total
- age   4:    2206064 bytes,    9477808 total
: 147269K->16294K(153344K), 0.0272210 secs] 1033453K->904759K(1122176K), 0.0273640 secs] [Times: user=0.06 sys=0.00, real=0.02 secs] 
2014-03-08T17:46:58.530+0000: 387484.515: [GC2014-03-08T17:46:58.530+0000: 387484.515: [ParNew
Desired survivor size 8716288 bytes, new threshold 4 (max 6)
- age   1:    2618008 bytes,    2618008 total
- age   2:    2363656 bytes,    4981664 total
- age   3:    2196688 bytes,    7178352 total
- age   4:    2147624 bytes,    9325976 total
: 152614K->11057K(153344K), 0.0257650 secs] 1041079K->901790K(1124480K), 0.0259230 secs] [Times: user=0.05 sys=0.00, real=0.03 secs] 
2014-03-08T17:50:50.276+0000: 387716.260: [GC2014-03-08T17:50:50.276+0000: 387716.260: [ParNew
Desired survivor size 8716288 bytes, new threshold 4 (max 6)
- age   1:    2500008 bytes,    2500008 total
- age   2:    2065960 bytes,    4565968 total
- age   3:    2344512 bytes,    6910480 total
- age   4:    2195904 bytes,    9106384 total
: 147377K->12478K(153344K), 0.0251850 secs] 1038110K->905417K(1126592K), 0.0253490 secs] [Times: user=0.06 sys=0.00, real=0.02 secs] 
2014-03-08T17:53:49.909+0000: 387895.894: [GC2014-03-08T17:53:49.909+0000: 387895.894: [ParNew
Desired survivor size 8716288 bytes, new threshold 4 (max 6)
- age   1:    2670992 bytes,    2670992 total
- age   2:    2138776 bytes,    4809768 total
- age   3:    2007760 bytes,    6817528 total
- age   4:    1984904 bytes,    8802432 total
: 148798K->12723K(153344K), 0.0257400 secs] 1041737K->907918K(1129088K), 0.0259080 secs] [Times: user=0.05 sys=0.00, real=0.03 secs] 
2014-03-08T17:57:20.582+0000: 388106.567: [GC2014-03-08T17:57:20.582+0000: 388106.567: [ParNew
Desired survivor size 8716288 bytes, new threshold 6 (max 6)
- age   1:    2391848 bytes,    2391848 total
- age   2:    2113144 bytes,    4504992 total
- age   3:    2127904 bytes,    6632896 total
- age   4:    2006672 bytes,    8639568 total
: 149043K->12674K(153344K), 0.0240870 secs] 1044238K->909909K(1131008K), 0.0242290 secs] [Times: user=0.05 sys=0.00, real=0.03 secs] 
2014-03-08T18:00:58.947+0000: 388324.932: [GC2014-03-08T18:00:58.947+0000: 388324.932: [ParNew
Desired survivor size 8716288 bytes, new threshold 5 (max 6)
- age   1:    2568840 bytes,    2568840 total
- age   2:    1938368 bytes,    4507208 total
- age   3:    1915928 bytes,    6423136 total
- age   4:    2127248 bytes,    8550384 total
- age   5:    2006312 bytes,   10556696 total
: 148994K->16629K(153344K), 0.0201230 secs] 1046229K->913865K(1131008K), 0.0202670 secs] [Times: user=0.04 sys=0.00, real=0.02 secs] 
2014-03-08T18:04:32.481+0000: 388538.465: [GC2014-03-08T18:04:32.481+0000: 388538.465: [ParNew
Desired survivor size 8716288 bytes, new threshold 5 (max 6)
- age   1:    2295312 bytes,    2295312 total
- age   2:    2026008 bytes,    4321320 total
- age   3:    1937440 bytes,    6258760 total
- age   4:    1661000 bytes,    7919760 total
- age   5:    2126752 bytes,   10046512 total
: 152949K->17024K(153344K), 0.0281760 secs] 1050185K->916820K(1133504K), 0.0283400 secs] [Times: user=0.05 sys=0.00, real=0.03 secs] 
2014-03-08T18:08:12.589+0000: 388758.574: [GC2014-03-08T18:08:12.589+0000: 388758.574: [ParNew
Desired survivor size 8716288 bytes, new threshold 5 (max 6)
- age   1:    2503984 bytes,    2503984 total
- age   2:    1994352 bytes,    4498336 total
- age   3:    2024632 bytes,    6522968 total
- age   4:    1936968 bytes,    8459936 total
- age   5:    1660048 bytes,   10119984 total
: 153344K->12380K(153344K), 0.0279240 secs] 1053140K->914363K(1135616K), 0.0280870 secs] [Times: user=0.04 sys=0.01, real=0.03 secs] 
2014-03-08T18:11:26.827+0000: 388952.811: [GC2014-03-08T18:11:26.827+0000: 388952.811: [ParNew
Desired survivor size 8716288 bytes, new threshold 5 (max 6)
- age   1:    2331184 bytes,    2331184 total
- age   2:    2032328 bytes,    4363512 total
- age   3:    1982344 bytes,    6345856 total
- age   4:    2023888 bytes,    8369744 total
- age   5:    1936352 bytes,   10306096 total
: 148700K->17024K(153344K), 0.0274970 secs] 1050683K->921074K(1137344K), 0.0276600 secs] [Times: user=0.05 sys=0.00, real=0.03 secs] 
2014-03-08T18:15:24.467+0000: 389190.452: [GC2014-03-08T18:15:24.467+0000: 389190.452: [ParNew
Desired survivor size 8716288 bytes, new threshold 5 (max 6)
- age   1:    2569160 bytes,    2569160 total
- age   2:    1969416 bytes,    4538576 total
- age   3:    2027720 bytes,    6566296 total
- age   4:    1980504 bytes,    8546800 total
- age   5:    2023696 bytes,   10570496 total
: 153344K->12090K(153344K), 0.0268770 secs] 1057394K->918131K(1139456K), 0.0270260 secs] [Times: user=0.06 sys=0.00, real=0.03 secs] 
2014-03-08T18:18:51.219+0000: 389397.203: [GC2014-03-08T18:18:51.219+0000: 389397.203: [ParNew
Desired survivor size 8716288 bytes, new threshold 5 (max 6)
- age   1:    2443384 bytes,    2443384 total
- age   2:    2181656 bytes,    4625040 total
- age   3:    1911664 bytes,    6536704 total
- age   4:    2027056 bytes,    8563760 total
- age   5:    1980024 bytes,   10543784 total
: 148410K->17024K(153344K), 0.0277770 secs] 1054451K->925393K(1141760K), 0.0279330 secs] [Times: user=0.04 sys=0.01, real=0.03 secs] 
2014-03-08T18:22:30.085+0000: 389616.069: [GC2014-03-08T18:22:30.085+0000: 389616.070: [ParNew
Desired survivor size 8716288 bytes, new threshold 5 (max 6)
- age   1:    2249736 bytes,    2249736 total
- age   2:    2220032 bytes,    4469768 total
- age   3:    2178688 bytes,    6648456 total
- age   4:    1910560 bytes,    8559016 total
- age   5:    2026864 bytes,   10585880 total
: 153344K->17024K(153344K), 0.0281970 secs] 1061713K->927664K(1144256K), 0.0283580 secs] [Times: user=0.05 sys=0.00, real=0.02 secs] 
2014-03-08T18:26:15.416+0000: 389841.401: [GC2014-03-08T18:26:15.417+0000: 389841.401: [ParNew
Desired survivor size 8716288 bytes, new threshold 4 (max 6)
- age   1:    2789272 bytes,    2789272 total
- age   2:    2098064 bytes,    4887336 total
- age   3:    2172712 bytes,    7060048 total
- age   4:    2178328 bytes,    9238376 total
- age   5:    1909696 bytes,   11148072 total
: 153344K->15629K(153344K), 0.0277820 secs] 1063984K->928354K(1146176K), 0.0279470 secs] [Times: user=0.05 sys=0.00, real=0.03 secs] 
2014-03-08T18:29:36.274+0000: 390042.259: [GC2014-03-08T18:29:36.274+0000: 390042.259: [ParNew
Desired survivor size 8716288 bytes, new threshold 4 (max 6)
- age   1:    2499304 bytes,    2499304 total
- age   2:    2092008 bytes,    4591312 total
- age   3:    2024528 bytes,    6615840 total
- age   4:    2157864 bytes,    8773704 total
: 151949K->10895K(153344K), 0.0317830 secs] 1064674K->927817K(1150400K), 0.0319370 secs] [Times: user=0.06 sys=0.01, real=0.03 secs] 
2014-03-08T18:33:34.329+0000: 390280.314: [GC2014-03-08T18:33:34.329+0000: 390280.314: [ParNew
Desired survivor size 8716288 bytes, new threshold 6 (max 6)
- age   1:    2570008 bytes,    2570008 total
- age   2:    1942448 bytes,    4512456 total
- age   3:    2076712 bytes,    6589168 total
- age   4:    2023624 bytes,    8612792 total
: 147215K->8977K(153344K), 0.0247050 secs] 1064137K->928068K(1152704K), 0.0248430 secs] [Times: user=0.03 sys=0.02, real=0.03 secs] 
2014-03-08T18:37:45.455+0000: 390531.440: [GC2014-03-08T18:37:45.455+0000: 390531.440: [ParNew
Desired survivor size 8716288 bytes, new threshold 4 (max 6)
- age   1:    2673104 bytes,    2673104 total
- age   2:    2198248 bytes,    4871352 total
- age   3:    1840928 bytes,    6712280 total
- age   4:    2076456 bytes,    8788736 total
- age   5:    2023096 bytes,   10811832 total
: 145297K->16835K(153344K), 0.0220550 secs] 1064388K->935926K(1152704K), 0.0222210 secs] [Times: user=0.04 sys=0.00, real=0.02 secs] 
2014-03-08T18:41:16.955+0000: 390742.940: [GC2014-03-08T18:41:16.955+0000: 390742.940: [ParNew
Desired survivor size 8716288 bytes, new threshold 4 (max 6)
- age   1:    2565776 bytes,    2565776 total
- age   2:    2374688 bytes,    4940464 total
- age   3:    2183544 bytes,    7124008 total
- age   4:    1838184 bytes,    8962192 total
: 153155K->10221K(153344K), 0.0320710 secs] 1072246K->933526K(1156928K), 0.0322690 secs] [Times: user=0.06 sys=0.00, real=0.03 secs] 
2014-03-08T18:41:16.988+0000: 390742.973: [GC [1 CMS-initial-mark: 923305K(1003584K)] 933545K(1156928K), 0.0066650 secs] [Times: user=0.01 sys=0.00, real=0.01 secs] 
2014-03-08T18:41:16.995+0000: 390742.980: [CMS-concurrent-mark-start]
2014-03-08T18:41:17.190+0000: 390743.175: [CMS-concurrent-mark: 0.195/0.195 secs] [Times: user=0.22 sys=0.00, real=0.19 secs] 
2014-03-08T18:41:17.190+0000: 390743.175: [CMS-concurrent-preclean-start]
2014-03-08T18:41:17.193+0000: 390743.177: [CMS-concurrent-preclean: 0.002/0.002 secs] [Times: user=0.00 sys=0.00, real=0.00 secs] 
2014-03-08T18:41:17.193+0000: 390743.178: [GC[YG occupancy: 11014 K (153344 K)]2014-03-08T18:41:17.193+0000: 390743.178: [Rescan (parallel) , 0.0072430 secs]2014-03-08T18:41:17.200+0000: 390743.185: [weak refs processing, 0.0037290 secs]2014-03-08T18:41:17.204+0000: 390743.189: [class unloading, 0.0109800 secs]2014-03-08T18:41:17.215+0000: 390743.200: [scrub symbol table, 0.0092270 secs]2014-03-08T18:41:17.224+0000: 390743.209: [scrub string table, 0.0009840 secs] [1 CMS-remark: 923305K(1003584K)] 934319K(1156928K), 0.0350170 secs] [Times: user=0.05 sys=0.00, real=0.04 secs] 
2014-03-08T18:41:17.228+0000: 390743.213: [CMS-concurrent-sweep-start]
2014-03-08T18:41:17.899+0000: 390743.883: [CMS-concurrent-sweep: 0.670/0.670 secs] [Times: user=0.75 sys=0.00, real=0.67 secs] 
2014-03-08T18:41:17.899+0000: 390743.884: [CMS-concurrent-reset-start]
2014-03-08T18:41:17.905+0000: 390743.890: [CMS-concurrent-reset: 0.006/0.006 secs] [Times: user=0.00 sys=0.00, real=0.01 secs] 
2014-03-08T18:45:15.536+0000: 390981.520: [GC2014-03-08T18:45:15.536+0000: 390981.520: [ParNew
Desired survivor size 8716288 bytes, new threshold 4 (max 6)
- age   1:    2643776 bytes,    2643776 total
- age   2:    1979536 bytes,    4623312 total
- age   3:    2373872 bytes,    6997184 total
- age   4:    2181912 bytes,    9179096 total
: 146541K->13410K(153344K), 0.0242490 secs] 263171K->131929K(1156928K), 0.0244060 secs] [Times: user=0.05 sys=0.00, real=0.02 secs] 
2014-03-08T18:48:59.048+0000: 391205.033: [GC2014-03-08T18:48:59.048+0000: 391205.033: [ParNew
Desired survivor size 8716288 bytes, new threshold 4 (max 6)
- age   1:    2900648 bytes,    2900648 total
- age   2:    2242880 bytes,    5143528 total
- age   3:    1974640 bytes,    7118168 total
- age   4:    2373488 bytes,    9491656 total
: 149730K->13452K(153344K), 0.0243540 secs] 268249K->134214K(1156928K), 0.0245160 secs] [Times: user=0.05 sys=0.00, real=0.02 secs] 
2014-03-08T18:53:08.019+0000: 391454.004: [GC2014-03-08T18:53:08.019+0000: 391454.004: [ParNew
Desired survivor size 8716288 bytes, new threshold 4 (max 6)
- age   1:    2551584 bytes,    2551584 total
- age   2:    2391624 bytes,    4943208 total
- age   3:    2231688 bytes,    7174896 total
- age   4:    1974120 bytes,    9149016 total
: 149772K->13589K(153344K), 0.0245510 secs] 270534K->136789K(1156928K), 0.0247240 secs] [Times: user=0.05 sys=0.00, real=0.03 secs] 
2014-03-08T18:57:17.803+0000: 391703.788: [GC2014-03-08T18:57:17.803+0000: 391703.788: [ParNew
Desired survivor size 8716288 bytes, new threshold 4 (max 6)
- age   1:    2623656 bytes,    2623656 total
- age   2:    2263240 bytes,    4886896 total
- age   3:    2334528 bytes,    7221424 total
- age   4:    2231024 bytes,    9452448 total
: 149909K->13417K(153344K), 0.0240900 secs] 273109K->138645K(1156928K), 0.0242480 secs] [Times: user=0.05 sys=0.00, real=0.02 secs] 
2014-03-08T19:01:12.546+0000: 391938.531: [GC2014-03-08T19:01:12.546+0000: 391938.531: [ParNew
Desired survivor size 8716288 bytes, new threshold 4 (max 6)
- age   1:    2601040 bytes,    2601040 total
- age   2:    2304984 bytes,    4906024 total
- age   3:    2262088 bytes,    7168112 total
- age   4:    2333232 bytes,    9501344 total
: 149737K->13735K(153344K), 0.0253000 secs] 274965K->141256K(1156928K), 0.0254710 secs] [Times: user=0.05 sys=0.00, real=0.02 secs] 
2014-03-08T19:05:04.273+0000: 392170.257: [GC2014-03-08T19:05:04.273+0000: 392170.258: [ParNew
Desired survivor size 8716288 bytes, new threshold 4 (max 6)
- age   1:    2499664 bytes,    2499664 total
- age   2:    2259928 bytes,    4759592 total
- age   3:    2303808 bytes,    7063400 total
- age   4:    2260616 bytes,    9324016 total
: 150055K->9281K(153344K), 0.0247710 secs] 277576K->139206K(1156928K), 0.0249330 secs] [Times: user=0.06 sys=0.00, real=0.03 secs] 
2014-03-08T19:08:31.969+0000: 392377.954: [GC2014-03-08T19:08:31.969+0000: 392377.954: [ParNew
Desired survivor size 8716288 bytes, new threshold 4 (max 6)
- age   1:    2636640 bytes,    2636640 total
- age   2:    2118320 bytes,    4754960 total
- age   3:    2213496 bytes,    6968456 total
- age   4:    2303456 bytes,    9271912 total
: 145601K->13756K(153344K), 0.0239720 secs] 275526K->146005K(1156928K), 0.0241450 secs] [Times: user=0.05 sys=0.00, real=0.02 secs] 
2014-03-08T19:12:05.579+0000: 392591.564: [GC2014-03-08T19:12:05.579+0000: 392591.564: [ParNew
Desired survivor size 8716288 bytes, new threshold 4 (max 6)
- age   1:    2419864 bytes,    2419864 total
- age   2:    2027848 bytes,    4447712 total
- age   3:    2117168 bytes,    6564880 total
- age   4:    2212008 bytes,    8776888 total
: 150076K->13496K(153344K), 0.0233920 secs] 282325K->148113K(1156928K), 0.0235630 secs] [Times: user=0.05 sys=0.00, real=0.03 secs] 
2014-03-08T19:15:24.120+0000: 392790.105: [GC2014-03-08T19:15:24.120+0000: 392790.105: [ParNew
Desired survivor size 8716288 bytes, new threshold 6 (max 6)
- age   1:    2384088 bytes,    2384088 total
- age   2:    1978296 bytes,    4362384 total
- age   3:    2017672 bytes,    6380056 total
- age   4:    2116736 bytes,    8496792 total
: 149816K->8732K(153344K), 0.0257610 secs] 284433K->145623K(1156928K), 0.0259410 secs] [Times: user=0.05 sys=0.00, real=0.03 secs] 
2014-03-08T19:18:30.838+0000: 392976.823: [GC2014-03-08T19:18:30.838+0000: 392976.823: [ParNew
Desired survivor size 8716288 bytes, new threshold 5 (max 6)
- age   1:    2481496 bytes,    2481496 total
- age   2:    1813808 bytes,    4295304 total
- age   3:    1957336 bytes,    6252640 total
- age   4:    1971624 bytes,    8224264 total
- age   5:    2116592 bytes,   10340856 total
: 145052K->16614K(153344K), 0.0210710 secs] 281943K->153504K(1156928K), 0.0212240 secs] [Times: user=0.03 sys=0.01, real=0.02 secs] 
2014-03-08T19:22:20.909+0000: 393206.894: [GC2014-03-08T19:22:20.909+0000: 393206.894: [ParNew
Desired survivor size 8716288 bytes, new threshold 5 (max 6)
- age   1:    2610096 bytes,    2610096 total
- age   2:    1760912 bytes,    4371008 total
- age   3:    1813232 bytes,    6184240 total
- age   4:    1956856 bytes,    8141096 total
- age   5:    1970840 bytes,   10111936 total
: 152934K->11496K(153344K), 0.0244580 secs] 289824K->150562K(1156928K), 0.0246280 secs] [Times: user=0.06 sys=0.00, real=0.02 secs] 
2014-03-08T19:26:34.924+0000: 393460.909: [GC2014-03-08T19:26:34.924+0000: 393460.909: [ParNew
Desired survivor size 8716288 bytes, new threshold 5 (max 6)
- age   1:    2503912 bytes,    2503912 total
- age   2:    2119256 bytes,    4623168 total
- age   3:    1742728 bytes,    6365896 total
- age   4:    1812944 bytes,    8178840 total
- age   5:    1955656 bytes,   10134496 total
: 147816K->17024K(153344K), 0.0245880 secs] 286882K->158208K(1156928K), 0.0247500 secs] [Times: user=0.05 sys=0.00, real=0.02 secs] 
2014-03-08T19:30:25.556+0000: 393691.541: [GC2014-03-08T19:30:25.556+0000: 393691.541: [ParNew
Desired survivor size 8716288 bytes, new threshold 4 (max 6)
- age   1:    2624888 bytes,    2624888 total
- age   2:    2345952 bytes,    4970840 total
- age   3:    2114712 bytes,    7085552 total
- age   4:    1741552 bytes,    8827104 total
- age   5:    1812584 bytes,   10639688 total
: 153344K->11960K(153344K), 0.0247470 secs] 294528K->155156K(1156928K), 0.0249020 secs] [Times: user=0.05 sys=0.00, real=0.02 secs] 
2014-03-08T19:34:20.403+0000: 393926.388: [GC2014-03-08T19:34:20.403+0000: 393926.388: [ParNew
Desired survivor size 8716288 bytes, new threshold 4 (max 6)
- age   1:    2624248 bytes,    2624248 total
- age   2:    2171952 bytes,    4796200 total
- age   3:    2344280 bytes,    7140480 total
- age   4:    2113328 bytes,    9253808 total
: 148280K->9290K(153344K), 0.0268470 secs] 291476K->156138K(1156928K), 0.0270060 secs] [Times: user=0.05 sys=0.00, real=0.02 secs] 
2014-03-08T19:38:09.937+0000: 394155.922: [GC2014-03-08T19:38:09.938+0000: 394155.922: [ParNew
Desired survivor size 8716288 bytes, new threshold 4 (max 6)
- age   1:    2614048 bytes,    2614048 total
- age   2:    2172800 bytes,    4786848 total
- age   3:    2160568 bytes,    6947416 total
- age   4:    2343616 bytes,    9291032 total
: 145610K->13576K(153344K), 0.0237530 secs] 292458K->162596K(1156928K), 0.0239210 secs] [Times: user=0.05 sys=0.00, real=0.02 secs] 
2014-03-08T19:41:52.046+0000: 394378.030: [GC2014-03-08T19:41:52.046+0000: 394378.030: [ParNew
Desired survivor size 8716288 bytes, new threshold 4 (max 6)
- age   1:    2591600 bytes,    2591600 total
- age   2:    2160768 bytes,    4752368 total
- age   3:    2161984 bytes,    6914352 total
- age   4:    2159272 bytes,    9073624 total
: 149896K->13548K(153344K), 0.0239420 secs] 298916K->164977K(1156928K), 0.0240890 secs] [Times: user=0.05 sys=0.00, real=0.02 secs] 
2014-03-08T19:45:45.138+0000: 394611.123: [GC2014-03-08T19:45:45.139+0000: 394611.123: [ParNew
Desired survivor size 8716288 bytes, new threshold 4 (max 6)
- age   1:    2561168 bytes,    2561168 total
- age   2:    2038000 bytes,    4599168 total
- age   3:    2159440 bytes,    6758608 total
- age   4:    2161032 bytes,    8919640 total
: 149868K->13231K(153344K), 0.0232850 secs] 301297K->166878K(1156928K), 0.0234520 secs] [Times: user=0.05 sys=0.00, real=0.02 secs] 
2014-03-08T19:49:44.469+0000: 394850.454: [GC2014-03-08T19:49:44.469+0000: 394850.454: [ParNew
Desired survivor size 8716288 bytes, new threshold 4 (max 6)
- age   1:    2582224 bytes,    2582224 total
- age   2:    2188592 bytes,    4770816 total
- age   3:    2032952 bytes,    6803768 total
- age   4:    2158360 bytes,    8962128 total
: 149551K->13044K(153344K), 0.0231190 secs] 303198K->168913K(1156928K), 0.0232750 secs] [Times: user=0.05 sys=0.00, real=0.02 secs] 
2014-03-08T19:53:50.909+0000: 395096.894: [GC2014-03-08T19:53:50.909+0000: 395096.894: [ParNew
Desired survivor size 8716288 bytes, new threshold 4 (max 6)
- age   1:    2646232 bytes,    2646232 total
- age   2:    2210960 bytes,    4857192 total
- age   3:    2157328 bytes,    7014520 total
- age   4:    2032696 bytes,    9047216 total
: 149364K->13003K(153344K), 0.0230540 secs] 305233K->171090K(1156928K), 0.0232110 secs] [Times: user=0.05 sys=0.00, real=0.02 secs] 
2014-03-08T19:57:39.165+0000: 395325.150: [GC2014-03-08T19:57:39.165+0000: 395325.150: [ParNew
Desired survivor size 8716288 bytes, new threshold 4 (max 6)
- age   1:    2561088 bytes,    2561088 total
- age   2:    2339576 bytes,    4900664 total
- age   3:    2207912 bytes,    7108576 total
- age   4:    2156696 bytes,    9265272 total
: 149323K->13249K(153344K), 0.0232530 secs] 307410K->173425K(1156928K), 0.0233920 secs] [Times: user=0.05 sys=0.00, real=0.02 secs] 
2014-03-08T20:01:35.617+0000: 395561.602: [GC2014-03-08T20:01:35.618+0000: 395561.602: [ParNew
Desired survivor size 8716288 bytes, new threshold 4 (max 6)
- age   1:    2526856 bytes,    2526856 total
- age   2:    2127752 bytes,    4654608 total
- age   3:    2338744 bytes,    6993352 total
- age   4:    2207352 bytes,    9200704 total
: 149569K->13350K(153344K), 0.0233850 secs] 309745K->175743K(1156928K), 0.0235420 secs] [Times: user=0.05 sys=0.00, real=0.02 secs] 
2014-03-08T20:05:34.909+0000: 395800.894: [GC2014-03-08T20:05:34.909+0000: 395800.894: [ParNew
Desired survivor size 8716288 bytes, new threshold 4 (max 6)
- age   1:    2532320 bytes,    2532320 total
- age   2:    2205952 bytes,    4738272 total
- age   3:    2116512 bytes,    6854784 total
- age   4:    2338224 bytes,    9193008 total
: 149670K->13356K(153344K), 0.0232710 secs] 312063K->178018K(1156928K), 0.0234230 secs] [Times: user=0.05 sys=0.00, real=0.02 secs] 
2014-03-08T20:09:34.315+0000: 396040.300: [GC2014-03-08T20:09:34.315+0000: 396040.300: [ParNew
Desired survivor size 8716288 bytes, new threshold 4 (max 6)
- age   1:    2598576 bytes,    2598576 total
- age   2:    2208936 bytes,    4807512 total
- age   3:    2203648 bytes,    7011160 total
- age   4:    2115320 bytes,    9126480 total
: 149676K->13419K(153344K), 0.0238720 secs] 314338K->180437K(1156928K), 0.0240150 secs] [Times: user=0.05 sys=0.00, real=0.02 secs] 
2014-03-08T20:13:26.052+0000: 396272.036: [GC2014-03-08T20:13:26.052+0000: 396272.036: [ParNew
Desired survivor size 8716288 bytes, new threshold 4 (max 6)
- age   1:    2605176 bytes,    2605176 total
- age   2:    2210528 bytes,    4815704 total
- age   3:    2207416 bytes,    7023120 total
- age   4:    2163728 bytes,    9186848 total
: 149739K->13298K(153344K), 0.0233310 secs] 316757K->182491K(1156928K), 0.0235110 secs] [Times: user=0.05 sys=0.00, real=0.03 secs] 
2014-03-08T20:17:23.958+0000: 396509.943: [GC2014-03-08T20:17:23.958+0000: 396509.943: [ParNew
Desired survivor size 8716288 bytes, new threshold 4 (max 6)
- age   1:    2576072 bytes,    2576072 total
- age   2:    2168312 bytes,    4744384 total
- age   3:    2209072 bytes,    6953456 total
- age   4:    2206248 bytes,    9159704 total
: 149618K->13350K(153344K), 0.0234920 secs] 318811K->184767K(1156928K), 0.0236430 secs] [Times: user=0.05 sys=0.00, real=0.02 secs] 
2014-03-08T20:21:22.679+0000: 396748.664: [GC2014-03-08T20:21:22.679+0000: 396748.664: [ParNew
Desired survivor size 8716288 bytes, new threshold 4 (max 6)
- age   1:    2684144 bytes,    2684144 total
- age   2:    2208168 bytes,    4892312 total
- age   3:    2156424 bytes,    7048736 total
- age   4:    2207024 bytes,    9255760 total
: 149670K->13354K(153344K), 0.0241240 secs] 321087K->187039K(1156928K), 0.0242790 secs] [Times: user=0.05 sys=0.00, real=0.03 secs] 
2014-03-08T20:25:17.420+0000: 396983.405: [GC2014-03-08T20:25:17.420+0000: 396983.405: [ParNew
Desired survivor size 8716288 bytes, new threshold 4 (max 6)
- age   1:    2589752 bytes,    2589752 total
- age   2:    2315688 bytes,    4905440 total
- age   3:    2205984 bytes,    7111424 total
- age   4:    2155640 bytes,    9267064 total
: 149674K->13414K(153344K), 0.0233610 secs] 323359K->189328K(1156928K), 0.0235170 secs] [Times: user=0.05 sys=0.00, real=0.03 secs] 
2014-03-08T20:28:48.295+0000: 397194.280: [GC2014-03-08T20:28:48.296+0000: 397194.280: [ParNew
Desired survivor size 8716288 bytes, new threshold 4 (max 6)
- age   1:    2538760 bytes,    2538760 total
- age   2:    2175944 bytes,    4714704 total
- age   3:    2251248 bytes,    6965952 total
- age   4:    2205424 bytes,    9171376 total
: 149734K->13576K(153344K), 0.0234380 secs] 325648K->191706K(1156928K), 0.0236000 secs] [Times: user=0.05 sys=0.00, real=0.02 secs] 
2014-03-08T20:32:49.224+0000: 397435.208: [GC2014-03-08T20:32:49.224+0000: 397435.208: [ParNew
Desired survivor size 8716288 bytes, new threshold 4 (max 6)
- age   1:    2608256 bytes,    2608256 total
- age   2:    1949952 bytes,    4558208 total
- age   3:    2166952 bytes,    6725160 total
- age   4:    2250088 bytes,    8975248 total
: 149896K->13237K(153344K), 0.0234540 secs] 328026K->193635K(1156928K), 0.0236100 secs] [Times: user=0.04 sys=0.00, real=0.02 secs] 
2014-03-08T20:36:29.353+0000: 397655.338: [GC2014-03-08T20:36:29.353+0000: 397655.338: [ParNew
Desired survivor size 8716288 bytes, new threshold 4 (max 6)
- age   1:    2507320 bytes,    2507320 total
- age   2:    2246112 bytes,    4753432 total
- age   3:    1946728 bytes,    6700160 total
- age   4:    2165360 bytes,    8865520 total
: 149557K->13186K(153344K), 0.0230990 secs] 329955K->195894K(1156928K), 0.0232550 secs] [Times: user=0.05 sys=0.00, real=0.03 secs] 
2014-03-08T20:40:31.121+0000: 397897.106: [GC2014-03-08T20:40:31.121+0000: 397897.106: [ParNew
Desired survivor size 8716288 bytes, new threshold 4 (max 6)
- age   1:    2590616 bytes,    2590616 total
- age   2:    2017112 bytes,    4607728 total
- age   3:    2235360 bytes,    6843088 total
- age   4:    1946184 bytes,    8789272 total
: 149506K->12822K(153344K), 0.0229680 secs] 332214K->197755K(1156928K), 0.0231270 secs] [Times: user=0.05 sys=0.00, real=0.03 secs] 
2014-03-08T20:44:36.219+0000: 398142.203: [GC2014-03-08T20:44:36.219+0000: 398142.203: [ParNew
Desired survivor size 8716288 bytes, new threshold 4 (max 6)
- age   1:    2584952 bytes,    2584952 total
- age   2:    2260736 bytes,    4845688 total
- age   3:    2015136 bytes,    6860824 total
- age   4:    2234888 bytes,    9095712 total
: 149142K->12831K(153344K), 0.0227410 secs] 334075K->199765K(1156928K), 0.0229000 secs] [Times: user=0.05 sys=0.00, real=0.02 secs] 
2014-03-08T20:48:35.019+0000: 398381.004: [GC2014-03-08T20:48:35.019+0000: 398381.004: [ParNew
Desired survivor size 8716288 bytes, new threshold 4 (max 6)
- age   1:    2590928 bytes,    2590928 total
- age   2:    2263184 bytes,    4854112 total
- age   3:    2259120 bytes,    7113232 total
- age   4:    2013320 bytes,    9126552 total
: 149151K->13184K(153344K), 0.0234770 secs] 336085K->202416K(1156928K), 0.0236480 secs] [Times: user=0.05 sys=0.00, real=0.03 secs] 
2014-03-08T20:52:30.790+0000: 398616.775: [GC2014-03-08T20:52:30.791+0000: 398616.775: [ParNew
Desired survivor size 8716288 bytes, new threshold 4 (max 6)
- age   1:    2646032 bytes,    2646032 total
- age   2:    2264344 bytes,    4910376 total
- age   3:    2251632 bytes,    7162008 total
- age   4:    2257640 bytes,    9419648 total
: 149504K->13278K(153344K), 0.0231200 secs] 338736K->204579K(1156928K), 0.0232730 secs] [Times: user=0.04 sys=0.00, real=0.02 secs] 
2014-03-08T20:56:19.079+0000: 398845.064: [GC2014-03-08T20:56:19.079+0000: 398845.064: [ParNew
Desired survivor size 8716288 bytes, new threshold 4 (max 6)
- age   1:    2569416 bytes,    2569416 total
- age   2:    2252128 bytes,    4821544 total
- age   3:    2207504 bytes,    7029048 total
- age   4:    2251176 bytes,    9280224 total
: 149598K->13635K(153344K), 0.0237430 secs] 340899K->207217K(1156928K), 0.0238930 secs] [Times: user=0.05 sys=0.00, real=0.03 secs] 
2014-03-08T21:00:24.049+0000: 399090.034: [GC2014-03-08T21:00:24.049+0000: 399090.034: [ParNew
Desired survivor size 8716288 bytes, new threshold 4 (max 6)
- age   1:    2583800 bytes,    2583800 total
- age   2:    2102288 bytes,    4686088 total
- age   3:    2251064 bytes,    6937152 total
- age   4:    2206504 bytes,    9143656 total
: 149955K->13424K(153344K), 0.0257060 secs] 343537K->209321K(1156928K), 0.0258830 secs] [Times: user=0.06 sys=0.00, real=0.03 secs] 
2014-03-08T21:04:23.607+0000: 399329.592: [GC2014-03-08T21:04:23.607+0000: 399329.592: [ParNew
Desired survivor size 8716288 bytes, new threshold 4 (max 6)
- age   1:    2555520 bytes,    2555520 total
- age   2:    2321880 bytes,    4877400 total
- age   3:    2099312 bytes,    6976712 total
- age   4:    2249464 bytes,    9226176 total
: 149744K->13397K(153344K), 0.0234750 secs] 345641K->211563K(1156928K), 0.0236180 secs] [Times: user=0.05 sys=0.00, real=0.02 secs] 
2014-03-08T21:08:08.051+0000: 399554.036: [GC2014-03-08T21:08:08.052+0000: 399554.036: [ParNew
Desired survivor size 8716288 bytes, new threshold 4 (max 6)
- age   1:    2532120 bytes,    2532120 total
- age   2:    2234216 bytes,    4766336 total
- age   3:    2309968 bytes,    7076304 total
- age   4:    2098216 bytes,    9174520 total
: 149717K->13507K(153344K), 0.0236370 secs] 347883K->213943K(1156928K), 0.0238050 secs] [Times: user=0.04 sys=0.00, real=0.03 secs] 
2014-03-08T21:11:50.092+0000: 399776.077: [GC2014-03-08T21:11:50.092+0000: 399776.077: [ParNew
Desired survivor size 8716288 bytes, new threshold 4 (max 6)
- age   1:    2498376 bytes,    2498376 total
- age   2:    2057784 bytes,    4556160 total
- age   3:    2233360 bytes,    6789520 total
- age   4:    2263848 bytes,    9053368 total
: 149827K->13365K(153344K), 0.0234750 secs] 350263K->215957K(1156928K), 0.0236350 secs] [Times: user=0.04 sys=0.00, real=0.03 secs] 
2014-03-08T21:15:35.439+0000: 400001.424: [GC2014-03-08T21:15:35.439+0000: 400001.424: [ParNew
Desired survivor size 8716288 bytes, new threshold 4 (max 6)
- age   1:    2556984 bytes,    2556984 total
- age   2:    2093744 bytes,    4650728 total
- age   3:    2055680 bytes,    6706408 total
- age   4:    2192920 bytes,    8899328 total
: 149685K->13119K(153344K), 0.0234400 secs] 352277K->218038K(1156928K), 0.0235830 secs] [Times: user=0.05 sys=0.00, real=0.03 secs] 
2014-03-08T21:19:35.454+0000: 400241.439: [GC2014-03-08T21:19:35.454+0000: 400241.439: [ParNew
Desired survivor size 8716288 bytes, new threshold 4 (max 6)
- age   1:    2645008 bytes,    2645008 total
- age   2:    2073008 bytes,    4718016 total
- age   3:    2092592 bytes,    6810608 total
- age   4:    2055072 bytes,    8865680 total
: 149439K->12925K(153344K), 0.0255650 secs] 354358K->220099K(1156928K), 0.0257460 secs] [Times: user=0.05 sys=0.00, real=0.03 secs] 
2014-03-08T21:23:25.174+0000: 400471.159: [GC2014-03-08T21:23:25.175+0000: 400471.159: [ParNew
Desired survivor size 8716288 bytes, new threshold 4 (max 6)
- age   1:    2673424 bytes,    2673424 total
- age   2:    2225616 bytes,    4899040 total
- age   3:    2070920 bytes,    6969960 total
- age   4:    2091600 bytes,    9061560 total
: 149245K->12965K(153344K), 0.0227680 secs] 356419K->222253K(1156928K), 0.0229350 secs] [Times: user=0.05 sys=0.00, real=0.02 secs] 
2014-03-08T21:27:32.555+0000: 400718.539: [GC2014-03-08T21:27:32.555+0000: 400718.540: [ParNew
Desired survivor size 8716288 bytes, new threshold 4 (max 6)
- age   1:    2609472 bytes,    2609472 total
- age   2:    2234672 bytes,    4844144 total
- age   3:    2216416 bytes,    7060560 total
- age   4:    2069976 bytes,    9130536 total
: 149285K->13056K(153344K), 0.0228340 secs] 358573K->224492K(1156928K), 0.0229990 secs] [Times: user=0.05 sys=0.00, real=0.02 secs] 
2014-03-08T21:31:00.356+0000: 400926.341: [GC2014-03-08T21:31:00.356+0000: 400926.341: [ParNew
Desired survivor size 8716288 bytes, new threshold 4 (max 6)
- age   1:    2513936 bytes,    2513936 total
- age   2:    2305248 bytes,    4819184 total
- age   3:    2156512 bytes,    6975696 total
- age   4:    2215792 bytes,    9191488 total
: 149376K->13372K(153344K), 0.0233070 secs] 360812K->226936K(1156928K), 0.0234550 secs] [Times: user=0.05 sys=0.00, real=0.02 secs] 
2014-03-08T21:34:40.909+0000: 401146.894: [GC2014-03-08T21:34:40.909+0000: 401146.894: [ParNew
Desired survivor size 8716288 bytes, new threshold 4 (max 6)
- age   1:    2535952 bytes,    2535952 total
- age   2:    1930480 bytes,    4466432 total
- age   3:    2258848 bytes,    6725280 total
- age   4:    2155496 bytes,    8880776 total
: 149692K->13295K(153344K), 0.0230960 secs] 363256K->229136K(1156928K), 0.0232570 secs] [Times: user=0.05 sys=0.00, real=0.02 secs] 
2014-03-08T21:38:28.382+0000: 401374.367: [GC2014-03-08T21:38:28.382+0000: 401374.367: [ParNew
Desired survivor size 8716288 bytes, new threshold 4 (max 6)
- age   1:    2553704 bytes,    2553704 total
- age   2:    2030456 bytes,    4584160 total
- age   3:    1927928 bytes,    6512088 total
- age   4:    2257864 bytes,    8769952 total
: 149615K->8736K(153344K), 0.0230740 secs] 365456K->226792K(1156928K), 0.0232160 secs] [Times: user=0.05 sys=0.00, real=0.03 secs] 
2014-03-08T21:41:44.166+0000: 401570.151: [GC2014-03-08T21:41:44.166+0000: 401570.151: [ParNew
Desired survivor size 8716288 bytes, new threshold 6 (max 6)
- age   1:    2555784 bytes,    2555784 total
- age   2:    2126464 bytes,    4682248 total
- age   3:    2025560 bytes,    6707808 total
- age   4:    1926992 bytes,    8634800 total
: 145056K->12913K(153344K), 0.0231420 secs] 363112K->233290K(1156928K), 0.0232880 secs] [Times: user=0.05 sys=0.00, real=0.02 secs] 
2014-03-08T21:45:10.909+0000: 401776.894: [GC2014-03-08T21:45:10.910+0000: 401776.894: [ParNew
Desired survivor size 8716288 bytes, new threshold 5 (max 6)
- age   1:    2439784 bytes,    2439784 total
- age   2:    1950808 bytes,    4390592 total
- age   3:    2115256 bytes,    6505848 total
- age   4:    2024800 bytes,    8530648 total
- age   5:    1926784 bytes,   10457432 total
: 149233K->16616K(153344K), 0.0201560 secs] 369610K->236993K(1156928K), 0.0203360 secs] [Times: user=0.04 sys=0.00, real=0.02 secs] 
2014-03-08T21:48:41.651+0000: 401987.636: [GC2014-03-08T21:48:41.651+0000: 401987.636: [ParNew
Desired survivor size 8716288 bytes, new threshold 5 (max 6)
- age   1:    2209896 bytes,    2209896 total
- age   2:    1892976 bytes,    4102872 total
- age   3:    1882784 bytes,    5985656 total
- age   4:    2114872 bytes,    8100528 total
- age   5:    2023720 bytes,   10124248 total
: 152936K->17024K(153344K), 0.0249570 secs] 373313K->239651K(1156928K), 0.0250960 secs] [Times: user=0.06 sys=0.00, real=0.03 secs] 
2014-03-08T21:50:50.305+0000: 402116.289: [GC2014-03-08T21:50:50.305+0000: 402116.289: [ParNew
Desired survivor size 8716288 bytes, new threshold 4 (max 6)
- age   1:    3527248 bytes,    3527248 total
- age   2:    2006608 bytes,    5533856 total
- age   3:    1892640 bytes,    7426496 total
- age   4:    1837000 bytes,    9263496 total
- age   5:    2114824 bytes,   11378320 total
: 153344K->12830K(153344K), 0.0255570 secs] 375971K->237539K(1156928K), 0.0257390 secs] [Times: user=0.06 sys=0.00, real=0.02 secs] 
2014-03-08T21:54:33.103+0000: 402339.088: [GC2014-03-08T21:54:33.103+0000: 402339.088: [ParNew
Desired survivor size 8716288 bytes, new threshold 4 (max 6)
- age   1:    2625184 bytes,    2625184 total
- age   2:    2589224 bytes,    5214408 total
- age   3:    1934408 bytes,    7148816 total
- age   4:    1892160 bytes,    9040976 total
: 149150K->9560K(153344K), 0.0273230 secs] 373859K->238329K(1156928K), 0.0274900 secs] [Times: user=0.06 sys=0.00, real=0.02 secs] 
2014-03-08T21:57:45.731+0000: 402531.716: [GC2014-03-08T21:57:45.731+0000: 402531.716: [ParNew
Desired survivor size 8716288 bytes, new threshold 6 (max 6)
- age   1:    2345784 bytes,    2345784 total
- age   2:    2138904 bytes,    4484688 total
- age   3:    1621616 bytes,    6106304 total
- age   4:    1932760 bytes,    8039064 total
: 145880K->9166K(153344K), 0.0215850 secs] 374649K->239881K(1156928K), 0.0217410 secs] [Times: user=0.05 sys=0.00, real=0.02 secs] 
2014-03-08T22:00:46.427+0000: 402712.412: [GC2014-03-08T22:00:46.427+0000: 402712.412: [ParNew
Desired survivor size 8716288 bytes, new threshold 5 (max 6)
- age   1:    2568208 bytes,    2568208 total
- age   2:    1797408 bytes,    4365616 total
- age   3:    2032672 bytes,    6398288 total
- age   4:    1619232 bytes,    8017520 total
- age   5:    1932344 bytes,    9949864 total
: 145486K->16029K(153344K), 0.0191460 secs] 376201K->246744K(1156928K), 0.0192780 secs] [Times: user=0.04 sys=0.00, real=0.02 secs] 
2014-03-08T22:04:29.673+0000: 402935.658: [GC2014-03-08T22:04:29.673+0000: 402935.658: [ParNew
Desired survivor size 8716288 bytes, new threshold 5 (max 6)
- age   1:    2562264 bytes,    2562264 total
- age   2:    1723288 bytes,    4285552 total
- age   3:    1788328 bytes,    6073880 total
- age   4:    2031600 bytes,    8105480 total
- age   5:    1618896 bytes,    9724376 total
: 152349K->11122K(153344K), 0.0239820 secs] 383064K->243824K(1156928K), 0.0241260 secs] [Times: user=0.05 sys=0.00, real=0.03 secs] 
2014-03-08T22:07:36.976+0000: 403122.961: [GC2014-03-08T22:07:36.977+0000: 403122.961: [ParNew
Desired survivor size 8716288 bytes, new threshold 5 (max 6)
- age   1:    2371480 bytes,    2371480 total
- age   2:    2118264 bytes,    4489744 total
- age   3:    1708240 bytes,    6197984 total
- age   4:    1787272 bytes,    7985256 total
- age   5:    2031352 bytes,   10016608 total
: 147442K->16982K(153344K), 0.0235920 secs] 380144K->251337K(1156928K), 0.0237490 secs] [Times: user=0.05 sys=0.00, real=0.02 secs] 
2014-03-08T22:11:20.091+0000: 403346.076: [GC2014-03-08T22:11:20.091+0000: 403346.076: [ParNew
Desired survivor size 8716288 bytes, new threshold 5 (max 6)
- age   1:    2443320 bytes,    2443320 total
- age   2:    1727088 bytes,    4170408 total
- age   3:    2109288 bytes,    6279696 total
- age   4:    1707560 bytes,    7987256 total
- age   5:    1787080 bytes,    9774336 total
: 153302K->11489K(153344K), 0.0244110 secs] 387657K->247931K(1156928K), 0.0245680 secs] [Times: user=0.05 sys=0.00, real=0.03 secs] 
2014-03-08T22:14:42.941+0000: 403548.925: [GC2014-03-08T22:14:42.941+0000: 403548.925: [ParNew
Desired survivor size 8716288 bytes, new threshold 5 (max 6)
- age   1:    2477336 bytes,    2477336 total
- age   2:    2067208 bytes,    4544544 total
- age   3:    1714264 bytes,    6258808 total
- age   4:    2109000 bytes,    8367808 total
- age   5:    1667784 bytes,   10035592 total
: 147809K->17021K(153344K), 0.0237140 secs] 384251K->255302K(1156928K), 0.0238730 secs] [Times: user=0.04 sys=0.00, real=0.03 secs] 
2014-03-08T22:18:30.126+0000: 403776.110: [GC2014-03-08T22:18:30.126+0000: 403776.110: [ParNew
Desired survivor size 8716288 bytes, new threshold 5 (max 6)
- age   1:    2523848 bytes,    2523848 total
- age   2:    1885184 bytes,    4409032 total
- age   3:    2066216 bytes,    6475248 total
- age   4:    1714088 bytes,    8189336 total
- age   5:    2062496 bytes,   10251832 total
: 153341K->11464K(153344K), 0.0237790 secs] 391622K->251459K(1156928K), 0.0239450 secs] [Times: user=0.05 sys=0.00, real=0.02 secs] 
2014-03-08T22:22:14.387+0000: 404000.372: [GC2014-03-08T22:22:14.387+0000: 404000.372: [ParNew
Desired survivor size 8716288 bytes, new threshold 5 (max 6)
- age   1:    2288296 bytes,    2288296 total
- age   2:    2172344 bytes,    4460640 total
- age   3:    1883984 bytes,    6344624 total
- age   4:    2065784 bytes,    8410408 total
- age   5:    1713896 bytes,   10124304 total
: 147784K->17024K(153344K), 0.0267090 secs] 387779K->259350K(1156928K), 0.0268570 secs] [Times: user=0.05 sys=0.00, real=0.02 secs] 
2014-03-08T22:25:36.060+0000: 404202.045: [GC2014-03-08T22:25:36.060+0000: 404202.045: [ParNew
Desired survivor size 8716288 bytes, new threshold 5 (max 6)
- age   1:    2509128 bytes,    2509128 total
- age   2:    2104744 bytes,    4613872 total
- age   3:    2115744 bytes,    6729616 total
- age   4:    1882608 bytes,    8612224 total
- age   5:    2065568 bytes,   10677792 total
: 153344K->15071K(153344K), 0.0241900 secs] 395670K->259159K(1156928K), 0.0243480 secs] [Times: user=0.05 sys=0.00, real=0.03 secs] 
2014-03-08T22:28:39.592+0000: 404385.577: [GC2014-03-08T22:28:39.593+0000: 404385.577: [ParNew
Desired survivor size 8716288 bytes, new threshold 5 (max 6)
- age   1:    1964240 bytes,    1964240 total
- age   2:    1867312 bytes,    3831552 total
- age   3:    2104232 bytes,    5935784 total
- age   4:    2114896 bytes,    8050680 total
- age   5:    1882448 bytes,    9933128 total
: 151391K->17024K(153344K), 0.0254900 secs] 395479K->263666K(1156928K), 0.0256390 secs] [Times: user=0.06 sys=0.00, real=0.03 secs] 
2014-03-08T22:31:55.054+0000: 404581.039: [GC2014-03-08T22:31:55.054+0000: 404581.039: [ParNew
Desired survivor size 8716288 bytes, new threshold 5 (max 6)
- age   1:    2486288 bytes,    2486288 total
- age   2:    1695232 bytes,    4181520 total
- age   3:    1856720 bytes,    6038240 total
- age   4:    2103992 bytes,    8142232 total
- age   5:    2113872 bytes,   10256104 total
: 153344K->12142K(153344K), 0.0242390 secs] 399986K->260718K(1156928K), 0.0243910 secs] [Times: user=0.05 sys=0.00, real=0.03 secs] 
2014-03-08T22:35:14.952+0000: 404780.937: [GC2014-03-08T22:35:14.952+0000: 404780.937: [ParNew
Desired survivor size 8716288 bytes, new threshold 5 (max 6)
- age   1:    2040048 bytes,    2040048 total
- age   2:    1855576 bytes,    3895624 total
- age   3:    1694064 bytes,    5589688 total
- age   4:    1856384 bytes,    7446072 total
- age   5:    2103752 bytes,    9549824 total
: 148462K->17024K(153344K), 0.0246670 secs] 397038K->268102K(1156928K), 0.0248330 secs] [Times: user=0.05 sys=0.00, real=0.03 secs] 
2014-03-08T22:38:54.537+0000: 405000.522: [GC2014-03-08T22:38:54.537+0000: 405000.522: [ParNew
Desired survivor size 8716288 bytes, new threshold 5 (max 6)
- age   1:    2594728 bytes,    2594728 total
- age   2:    1842800 bytes,    4437528 total
- age   3:    1844784 bytes,    6282312 total
- age   4:    1693656 bytes,    7975968 total
- age   5:    1855944 bytes,    9831912 total
: 153344K->11620K(153344K), 0.0242750 secs] 404422K->264860K(1156928K), 0.0244290 secs] [Times: user=0.06 sys=0.00, real=0.02 secs] 
2014-03-08T22:42:23.973+0000: 405209.957: [GC2014-03-08T22:42:23.973+0000: 405209.958: [ParNew
Desired survivor size 8716288 bytes, new threshold 5 (max 6)
- age   1:    2404912 bytes,    2404912 total
- age   2:    2025648 bytes,    4430560 total
- age   3:    1841528 bytes,    6272088 total
- age   4:    1798416 bytes,    8070504 total
- age   5:    1693392 bytes,    9763896 total
: 147940K->17024K(153344K), 0.0237960 secs] 401180K->272305K(1156928K), 0.0239490 secs] [Times: user=0.05 sys=0.00, real=0.03 secs] 
2014-03-08T22:45:45.646+0000: 405411.631: [GC2014-03-08T22:45:45.646+0000: 405411.631: [ParNew
Desired survivor size 8716288 bytes, new threshold 5 (max 6)
- age   1:    2522632 bytes,    2522632 total
- age   2:    1955376 bytes,    4478008 total
- age   3:    2024720 bytes,    6502728 total
- age   4:    1840920 bytes,    8343648 total
- age   5:    1798328 bytes,   10141976 total
: 153344K->11546K(153344K), 0.0237040 secs] 408625K->268570K(1156928K), 0.0238800 secs] [Times: user=0.05 sys=0.00, real=0.02 secs] 
2014-03-08T22:49:20.329+0000: 405626.313: [GC2014-03-08T22:49:20.329+0000: 405626.313: [ParNew
Desired survivor size 8716288 bytes, new threshold 5 (max 6)
- age   1:    2187544 bytes,    2187544 total
- age   2:    1925920 bytes,    4113464 total
- age   3:    1893040 bytes,    6006504 total
- age   4:    2023672 bytes,    8030176 total
- age   5:    1840488 bytes,    9870664 total
: 147866K->17024K(153344K), 0.0244050 secs] 404890K->276146K(1156928K), 0.0245610 secs] [Times: user=0.05 sys=0.00, real=0.02 secs] 
2014-03-08T22:53:03.435+0000: 405849.420: [GC2014-03-08T22:53:03.435+0000: 405849.420: [ParNew
Desired survivor size 8716288 bytes, new threshold 5 (max 6)
- age   1:    2650312 bytes,    2650312 total
- age   2:    1991072 bytes,    4641384 total
- age   3:    1923120 bytes,    6564504 total
- age   4:    1892608 bytes,    8457112 total
- age   5:    2023528 bytes,   10480640 total
: 153344K->11786K(153344K), 0.0248300 secs] 412466K->272800K(1156928K), 0.0249920 secs] [Times: user=0.05 sys=0.00, real=0.02 secs] 
2014-03-08T22:55:59.764+0000: 406025.748: [GC2014-03-08T22:55:59.764+0000: 406025.748: [ParNew
Desired survivor size 8716288 bytes, new threshold 5 (max 6)
- age   1:    2502376 bytes,    2502376 total
- age   2:    2161088 bytes,    4663464 total
- age   3:    1978168 bytes,    6641632 total
- age   4:    1922312 bytes,    8563944 total
- age   5:    1892440 bytes,   10456384 total
: 148106K->13826K(153344K), 0.0245470 secs] 409120K->276921K(1156928K), 0.0247080 secs] [Times: user=0.06 sys=0.00, real=0.02 secs] 
2014-03-08T22:59:16.304+0000: 406222.289: [GC2014-03-08T22:59:16.304+0000: 406222.289: [ParNew
Desired survivor size 8716288 bytes, new threshold 5 (max 6)
- age   1:    2390104 bytes,    2390104 total
- age   2:    1744464 bytes,    4134568 total
- age   3:    2150200 bytes,    6284768 total
- age   4:    1977120 bytes,    8261888 total
- age   5:    1922000 bytes,   10183888 total
: 150146K->14674K(153344K), 0.0241650 secs] 413241K->279714K(1156928K), 0.0243070 secs] [Times: user=0.05 sys=0.00, real=0.02 secs] 
2014-03-08T23:02:42.464+0000: 406428.449: [GC2014-03-08T23:02:42.464+0000: 406428.449: [ParNew
Desired survivor size 8716288 bytes, new threshold 5 (max 6)
- age   1:    2533904 bytes,    2533904 total
- age   2:    1820536 bytes,    4354440 total
- age   3:    1732200 bytes,    6086640 total
- age   4:    2149736 bytes,    8236376 total
- age   5:    1976880 bytes,   10213256 total
: 150994K->14717K(153344K), 0.0241490 secs] 416034K->281732K(1156928K), 0.0243130 secs] [Times: user=0.05 sys=0.00, real=0.02 secs] 
2014-03-08T23:06:21.218+0000: 406647.203: [GC2014-03-08T23:06:21.218+0000: 406647.203: [ParNew
Desired survivor size 8716288 bytes, new threshold 5 (max 6)
- age   1:    2484136 bytes,    2484136 total
- age   2:    2011768 bytes,    4495904 total
- age   3:    1817008 bytes,    6312912 total
- age   4:    1731040 bytes,    8043952 total
- age   5:    2103864 bytes,   10147816 total
: 151037K->14693K(153344K), 0.0240710 secs] 418052K->283741K(1156928K), 0.0242260 secs] [Times: user=0.05 sys=0.00, real=0.03 secs] 
2014-03-08T23:10:05.390+0000: 406871.375: [GC2014-03-08T23:10:05.390+0000: 406871.375: [ParNew
Desired survivor size 8716288 bytes, new threshold 5 (max 6)
- age   1:    2509528 bytes,    2509528 total
- age   2:    2079104 bytes,    4588632 total
- age   3:    1894664 bytes,    6483296 total
- age   4:    1816744 bytes,    8300040 total
- age   5:    1730704 bytes,   10030744 total
: 151013K->14737K(153344K), 0.0250980 secs] 420061K->285945K(1156928K), 0.0252730 secs] [Times: user=0.05 sys=0.00, real=0.03 secs] 
2014-03-08T23:13:35.727+0000: 407081.712: [GC2014-03-08T23:13:35.727+0000: 407081.712: [ParNew
Desired survivor size 8716288 bytes, new threshold 5 (max 6)
- age   1:    2485328 bytes,    2485328 total
- age   2:    2071160 bytes,    4556488 total
- age   3:    2063504 bytes,    6619992 total
- age   4:    1889104 bytes,    8509096 total
- age   5:    1816296 bytes,   10325392 total
: 151057K->14699K(153344K), 0.0240020 secs] 422265K->287681K(1156928K), 0.0241730 secs] [Times: user=0.05 sys=0.00, real=0.02 secs] 
2014-03-08T23:17:19.969+0000: 407305.954: [GC2014-03-08T23:17:19.969+0000: 407305.954: [ParNew
Desired survivor size 8716288 bytes, new threshold 5 (max 6)
- age   1:    2580408 bytes,    2580408 total
- age   2:    1996712 bytes,    4577120 total
- age   3:    2070600 bytes,    6647720 total
- age   4:    2017536 bytes,    8665256 total
- age   5:    1887856 bytes,   10553112 total
: 151019K->14819K(153344K), 0.0245670 secs] 424001K->289669K(1156928K), 0.0247200 secs] [Times: user=0.05 sys=0.00, real=0.02 secs] 
2014-03-08T23:21:14.225+0000: 407540.210: [GC2014-03-08T23:21:14.225+0000: 407540.210: [ParNew
Desired survivor size 8716288 bytes, new threshold 4 (max 6)
- age   1:    2568248 bytes,    2568248 total
- age   2:    2118808 bytes,    4687056 total
- age   3:    1976888 bytes,    6663944 total
- age   4:    2070032 bytes,    8733976 total
- age   5:    2016824 bytes,   10750800 total
: 151139K->15181K(153344K), 0.0251380 secs] 425989K->291970K(1156928K), 0.0252930 secs] [Times: user=0.05 sys=0.00, real=0.02 secs] 
2014-03-08T23:25:00.909+0000: 407766.894: [GC2014-03-08T23:25:00.909+0000: 407766.894: [ParNew
Desired survivor size 8716288 bytes, new threshold 4 (max 6)
- age   1:    2667400 bytes,    2667400 total
- age   2:    2195808 bytes,    4863208 total
- age   3:    2070360 bytes,    6933568 total
- age   4:    1975672 bytes,    8909240 total
: 151501K->10431K(153344K), 0.0281210 secs] 428290K->291422K(1156928K), 0.0282930 secs] [Times: user=0.06 sys=0.00, real=0.03 secs] 
2014-03-08T23:28:49.862+0000: 407995.847: [GC2014-03-08T23:28:49.862+0000: 407995.847: [ParNew
Desired survivor size 8716288 bytes, new threshold 4 (max 6)
- age   1:    2548568 bytes,    2548568 total
- age   2:    2146152 bytes,    4694720 total
- age   3:    2195008 bytes,    6889728 total
- age   4:    2069368 bytes,    8959096 total
: 146751K->9130K(153344K), 0.0226660 secs] 427742K->292151K(1156928K), 0.0228190 secs] [Times: user=0.05 sys=0.00, real=0.02 secs] 
2014-03-08T23:32:15.625+0000: 408201.610: [GC2014-03-08T23:32:15.625+0000: 408201.610: [ParNew
Desired survivor size 8716288 bytes, new threshold 4 (max 6)
- age   1:    2478992 bytes,    2478992 total
- age   2:    2162832 bytes,    4641824 total
- age   3:    2081448 bytes,    6723272 total
- age   4:    2193800 bytes,    8917072 total
: 145450K->8943K(153344K), 0.0230380 secs] 428471K->294091K(1156928K), 0.0231940 secs] [Times: user=0.04 sys=0.00, real=0.02 secs] 
2014-03-08T23:35:24.185+0000: 408390.170: [GC2014-03-08T23:35:24.185+0000: 408390.170: [ParNew
Desired survivor size 8716288 bytes, new threshold 6 (max 6)
- age   1:    2387648 bytes,    2387648 total
- age   2:    1907656 bytes,    4295304 total
- age   3:    2115936 bytes,    6411240 total
- age   4:    2080440 bytes,    8491680 total
: 145263K->8846K(153344K), 0.0240950 secs] 430411K->296247K(1156928K), 0.0242630 secs] [Times: user=0.05 sys=0.00, real=0.02 secs] 
2014-03-08T23:39:23.277+0000: 408629.262: [GC2014-03-08T23:39:23.277+0000: 408629.262: [ParNew
Desired survivor size 8716288 bytes, new threshold 5 (max 6)
- age   1:    2477256 bytes,    2477256 total
- age   2:    1801016 bytes,    4278272 total
- age   3:    1886384 bytes,    6164656 total
- age   4:    2115288 bytes,    8279944 total
- age   5:    2080128 bytes,   10360072 total
: 145166K->16239K(153344K), 0.0196740 secs] 432567K->303640K(1156928K), 0.0198300 secs] [Times: user=0.05 sys=0.00, real=0.02 secs] 
2014-03-08T23:43:19.984+0000: 408865.968: [GC2014-03-08T23:43:19.984+0000: 408865.968: [ParNew
Desired survivor size 8716288 bytes, new threshold 5 (max 6)
- age   1:    2326184 bytes,    2326184 total
- age   2:    2199664 bytes,    4525848 total
- age   3:    1797928 bytes,    6323776 total
- age   4:    1886144 bytes,    8209920 total
- age   5:    2114856 bytes,   10324776 total
: 152559K->17024K(153344K), 0.0255270 secs] 439960K->306757K(1156928K), 0.0256990 secs] [Times: user=0.06 sys=0.00, real=0.02 secs] 
2014-03-08T23:47:13.985+0000: 409099.970: [GC2014-03-08T23:47:13.985+0000: 409099.970: [ParNew
Desired survivor size 8716288 bytes, new threshold 4 (max 6)
- age   1:    2659472 bytes,    2659472 total
- age   2:    2180408 bytes,    4839880 total
- age   3:    2198800 bytes,    7038680 total
- age   4:    1797160 bytes,    8835840 total
- age   5:    1885928 bytes,   10721768 total
: 153344K->12481K(153344K), 0.0255670 secs] 443077K->304389K(1156928K), 0.0257280 secs] [Times: user=0.05 sys=0.00, real=0.02 secs] 
2014-03-08T23:51:20.748+0000: 409346.733: [GC2014-03-08T23:51:20.749+0000: 409346.733: [ParNew
Desired survivor size 8716288 bytes, new threshold 4 (max 6)
- age   1:    2528672 bytes,    2528672 total
- age   2:    2251248 bytes,    4779920 total
- age   3:    2179088 bytes,    6959008 total
- age   4:    2198424 bytes,    9157432 total
: 148801K->14008K(153344K), 0.0271120 secs] 440709K->309656K(1156928K), 0.0272700 secs] [Times: user=0.06 sys=0.00, real=0.03 secs] 
2014-03-08T23:55:32.002+0000: 409597.987: [GC2014-03-08T23:55:32.002+0000: 409597.987: [ParNew
Desired survivor size 8716288 bytes, new threshold 4 (max 6)
- age   1:    2656080 bytes,    2656080 total
- age   2:    2266336 bytes,    4922416 total
- age   3:    2204928 bytes,    7127344 total
- age   4:    2178640 bytes,    9305984 total
: 150328K->13502K(153344K), 0.0238570 secs] 445976K->311409K(1156928K), 0.0240160 secs] [Times: user=0.05 sys=0.00, real=0.02 secs] 
2014-03-08T23:59:45.372+0000: 409851.357: [GC2014-03-08T23:59:45.372+0000: 409851.357: [ParNew
Desired survivor size 8716288 bytes, new threshold 4 (max 6)
- age   1:    2640712 bytes,    2640712 total
- age   2:    2366144 bytes,    5006856 total
- age   3:    2265808 bytes,    7272664 total
- age   4:    2204112 bytes,    9476776 total
: 149822K->13563K(153344K), 0.0236110 secs] 447729K->313711K(1156928K), 0.0237600 secs] [Times: user=0.06 sys=0.00, real=0.03 secs] 
2014-03-09T00:03:53.806+0000: 410099.791: [GC2014-03-09T00:03:53.806+0000: 410099.791: [ParNew
Desired survivor size 8716288 bytes, new threshold 4 (max 6)
- age   1:    2676944 bytes,    2676944 total
- age   2:    2357592 bytes,    5034536 total
- age   3:    2364616 bytes,    7399152 total
- age   4:    2263264 bytes,    9662416 total
: 149883K->13823K(153344K), 0.0242410 secs] 450031K->316235K(1156928K), 0.0243830 secs] [Times: user=0.06 sys=0.00, real=0.02 secs] 
2014-03-09T00:08:04.909+0000: 410350.894: [GC2014-03-09T00:08:04.909+0000: 410350.894: [ParNew
Desired survivor size 8716288 bytes, new threshold 4 (max 6)
- age   1:    2630192 bytes,    2630192 total
- age   2:    2367040 bytes,    4997232 total
- age   3:    2356984 bytes,    7354216 total
- age   4:    2324600 bytes,    9678816 total
: 150143K->13957K(153344K), 0.0248150 secs] 452555K->318695K(1156928K), 0.0249840 secs] [Times: user=0.06 sys=0.00, real=0.03 secs] 
2014-03-09T00:12:17.144+0000: 410603.129: [GC2014-03-09T00:12:17.144+0000: 410603.129: [ParNew
Desired survivor size 8716288 bytes, new threshold 4 (max 6)
- age   1:    2616440 bytes,    2616440 total
- age   2:    2328088 bytes,    4944528 total
- age   3:    2365392 bytes,    7309920 total
- age   4:    2356632 bytes,    9666552 total
: 150277K->14088K(153344K), 0.0243890 secs] 455015K->321217K(1156928K), 0.0245480 secs] [Times: user=0.05 sys=0.00, real=0.02 secs] 
2014-03-09T00:16:25.974+0000: 410851.959: [GC2014-03-09T00:16:25.974+0000: 410851.959: [ParNew
Desired survivor size 8716288 bytes, new threshold 4 (max 6)
- age   1:    2578896 bytes,    2578896 total
- age   2:    2373008 bytes,    4951904 total
- age   3:    2326824 bytes,    7278728 total
- age   4:    2358776 bytes,    9637504 total
: 150408K->14162K(153344K), 0.0246760 secs] 457537K->323713K(1156928K), 0.0248320 secs] [Times: user=0.05 sys=0.00, real=0.02 secs] 
2014-03-09T00:20:39.542+0000: 411105.527: [GC2014-03-09T00:20:39.542+0000: 411105.527: [ParNew
Desired survivor size 8716288 bytes, new threshold 4 (max 6)
- age   1:    2566432 bytes,    2566432 total
- age   2:    2322136 bytes,    4888568 total
- age   3:    2372688 bytes,    7261256 total
- age   4:    2326392 bytes,    9587648 total
: 150482K->14015K(153344K), 0.0244790 secs] 460033K->325947K(1156928K), 0.0246510 secs] [Times: user=0.05 sys=0.00, real=0.03 secs] 
2014-03-09T00:24:46.460+0000: 411352.445: [GC2014-03-09T00:24:46.460+0000: 411352.445: [ParNew
Desired survivor size 8716288 bytes, new threshold 4 (max 6)
- age   1:    2582072 bytes,    2582072 total
- age   2:    2316352 bytes,    4898424 total
- age   3:    2315632 bytes,    7214056 total
- age   4:    2372416 bytes,    9586472 total
: 150335K->14056K(153344K), 0.0243090 secs] 462267K->328380K(1156928K), 0.0244610 secs] [Times: user=0.05 sys=0.00, real=0.03 secs] 
2014-03-09T00:28:35.164+0000: 411581.148: [GC2014-03-09T00:28:35.164+0000: 411581.148: [ParNew
Desired survivor size 8716288 bytes, new threshold 4 (max 6)
- age   1:    2727008 bytes,    2727008 total
- age   2:    2326976 bytes,    5053984 total
- age   3:    2315568 bytes,    7369552 total
- age   4:    2275552 bytes,    9645104 total
: 150376K->14042K(153344K), 0.0245990 secs] 464700K->330758K(1156928K), 0.0247690 secs] [Times: user=0.06 sys=0.00, real=0.02 secs] 
2014-03-09T00:32:45.909+0000: 411831.894: [GC2014-03-09T00:32:45.909+0000: 411831.894: [ParNew
Desired survivor size 8716288 bytes, new threshold 4 (max 6)
- age   1:    2629096 bytes,    2629096 total
- age   2:    2247648 bytes,    4876744 total
- age   3:    2326720 bytes,    7203464 total
- age   4:    2314976 bytes,    9518440 total
: 150362K->13922K(153344K), 0.0244120 secs] 467078K->332978K(1156928K), 0.0245810 secs] [Times: user=0.05 sys=0.00, real=0.02 secs] 
2014-03-09T00:36:57.895+0000: 412083.880: [GC2014-03-09T00:36:57.895+0000: 412083.880: [ParNew
Desired survivor size 8716288 bytes, new threshold 4 (max 6)
- age   1:    2689192 bytes,    2689192 total
- age   2:    2304896 bytes,    4994088 total
- age   3:    2242552 bytes,    7236640 total
- age   4:    2326016 bytes,    9562656 total
: 150242K->14020K(153344K), 0.0241570 secs] 469298K->335456K(1156928K), 0.0243160 secs] [Times: user=0.05 sys=0.00, real=0.02 secs] 
2014-03-09T00:40:30.999+0000: 412296.983: [GC2014-03-09T00:40:30.999+0000: 412296.983: [ParNew
Desired survivor size 8716288 bytes, new threshold 4 (max 6)
- age   1:    2701552 bytes,    2701552 total
- age   2:    2410432 bytes,    5111984 total
- age   3:    2303592 bytes,    7415576 total
- age   4:    2118832 bytes,    9534408 total
: 150340K->13979K(153344K), 0.0245310 secs] 471776K->337804K(1156928K), 0.0246790 secs] [Times: user=0.05 sys=0.00, real=0.03 secs] 
2014-03-09T00:44:34.120+0000: 412540.105: [GC2014-03-09T00:44:34.120+0000: 412540.105: [ParNew
Desired survivor size 8716288 bytes, new threshold 4 (max 6)
- age   1:    2657872 bytes,    2657872 total
- age   2:    2163896 bytes,    4821768 total
- age   3:    2409704 bytes,    7231472 total
- age   4:    2303304 bytes,    9534776 total
: 150299K->13751K(153344K), 0.0236240 secs] 474124K->339754K(1156928K), 0.0237740 secs] [Times: user=0.05 sys=0.00, real=0.03 secs] 
2014-03-09T00:48:36.129+0000: 412782.113: [GC2014-03-09T00:48:36.129+0000: 412782.114: [ParNew
Desired survivor size 8716288 bytes, new threshold 4 (max 6)
- age   1:    2773856 bytes,    2773856 total
- age   2:    2292408 bytes,    5066264 total
- age   3:    2029744 bytes,    7096008 total
- age   4:    2409208 bytes,    9505216 total
: 150071K->13854K(153344K), 0.0255490 secs] 476074K->342225K(1156928K), 0.0257170 secs] [Times: user=0.05 sys=0.00, real=0.03 secs] 
2014-03-09T00:52:54.835+0000: 413040.820: [GC2014-03-09T00:52:54.835+0000: 413040.820: [ParNew
Desired survivor size 8716288 bytes, new threshold 4 (max 6)
- age   1:    2659536 bytes,    2659536 total
- age   2:    2433120 bytes,    5092656 total
- age   3:    2291416 bytes,    7384072 total
- age   4:    2029488 bytes,    9413560 total
: 150174K->13808K(153344K), 0.0240900 secs] 478545K->344653K(1156928K), 0.0242470 secs] [Times: user=0.05 sys=0.00, real=0.02 secs] 
2014-03-09T00:57:10.704+0000: 413296.689: [GC2014-03-09T00:57:10.704+0000: 413296.689: [ParNew
Desired survivor size 8716288 bytes, new threshold 4 (max 6)
- age   1:    2626432 bytes,    2626432 total
- age   2:    2394792 bytes,    5021224 total
- age   3:    2432528 bytes,    7453752 total
- age   4:    2290968 bytes,    9744720 total
: 150128K->13761K(153344K), 0.0248030 secs] 480973K->346689K(1156928K), 0.0249650 secs] [Times: user=0.05 sys=0.00, real=0.02 secs] 
2014-03-09T01:01:26.524+0000: 413552.508: [GC2014-03-09T01:01:26.524+0000: 413552.508: [ParNew
Desired survivor size 8716288 bytes, new threshold 4 (max 6)
- age   1:    2631432 bytes,    2631432 total
- age   2:    2382008 bytes,    5013440 total
- age   3:    2394384 bytes,    7407824 total
- age   4:    2419888 bytes,    9827712 total
: 150081K->14309K(153344K), 0.0243630 secs] 483009K->349592K(1156928K), 0.0245130 secs] [Times: user=0.05 sys=0.00, real=0.02 secs] 
2014-03-09T01:05:44.637+0000: 413810.622: [GC2014-03-09T01:05:44.637+0000: 413810.622: [ParNew
Desired survivor size 8716288 bytes, new threshold 4 (max 6)
- age   1:    2650832 bytes,    2650832 total
- age   2:    2423128 bytes,    5073960 total
- age   3:    2381448 bytes,    7455408 total
- age   4:    2348624 bytes,    9804032 total
: 150629K->14076K(153344K), 0.0243060 secs] 485912K->351642K(1156928K), 0.0244530 secs] [Times: user=0.05 sys=0.00, real=0.02 secs] 
2014-03-09T01:10:01.140+0000: 414067.125: [GC2014-03-09T01:10:01.140+0000: 414067.125: [ParNew
Desired survivor size 8716288 bytes, new threshold 4 (max 6)
- age   1:    2625184 bytes,    2625184 total
- age   2:    2432936 bytes,    5058120 total
- age   3:    2421864 bytes,    7479984 total
- age   4:    2381032 bytes,    9861016 total
: 150396K->14337K(153344K), 0.0249450 secs] 487962K->354316K(1156928K), 0.0250950 secs] [Times: user=0.05 sys=0.00, real=0.03 secs] 
2014-03-09T01:14:18.909+0000: 414324.894: [GC2014-03-09T01:14:18.909+0000: 414324.894: [ParNew
Desired survivor size 8716288 bytes, new threshold 4 (max 6)
- age   1:    2625848 bytes,    2625848 total
- age   2:    2422440 bytes,    5048288 total
- age   3:    2386856 bytes,    7435144 total
- age   4:    2342312 bytes,    9777456 total
: 150657K->14280K(153344K), 0.0244050 secs] 490636K->356708K(1156928K), 0.0245500 secs] [Times: user=0.05 sys=0.00, real=0.02 secs] 
2014-03-09T01:18:34.139+0000: 414580.124: [GC2014-03-09T01:18:34.139+0000: 414580.124: [ParNew
Desired survivor size 8716288 bytes, new threshold 4 (max 6)
- age   1:    2615496 bytes,    2615496 total
- age   2:    2395952 bytes,    5011448 total
- age   3:    2421328 bytes,    7432776 total
- age   4:    2386008 bytes,    9818784 total
: 150600K->14320K(153344K), 0.0246460 secs] 493028K->359157K(1156928K), 0.0247860 secs] [Times: user=0.05 sys=0.00, real=0.03 secs] 
2014-03-09T01:22:49.909+0000: 414835.894: [GC2014-03-09T01:22:49.909+0000: 414835.894: [ParNew
Desired survivor size 8716288 bytes, new threshold 4 (max 6)
- age   1:    2629296 bytes,    2629296 total
- age   2:    2421312 bytes,    5050608 total
- age   3:    2349816 bytes,    7400424 total
- age   4:    2381232 bytes,    9781656 total
: 150640K->14321K(153344K), 0.0246350 secs] 495477K->361611K(1156928K), 0.0247890 secs] [Times: user=0.06 sys=0.00, real=0.02 secs] 
2014-03-09T01:27:05.103+0000: 415091.088: [GC2014-03-09T01:27:05.103+0000: 415091.088: [ParNew
Desired survivor size 8716288 bytes, new threshold 4 (max 6)
- age   1:    2581440 bytes,    2581440 total
- age   2:    2383320 bytes,    4964760 total
- age   3:    2420632 bytes,    7385392 total
- age   4:    2348760 bytes,    9734152 total
: 150641K->14242K(153344K), 0.0253520 secs] 497931K->363940K(1156928K), 0.0255160 secs] [Times: user=0.06 sys=0.00, real=0.02 secs] 
2014-03-09T01:31:04.025+0000: 415330.010: [GC2014-03-09T01:31:04.025+0000: 415330.010: [ParNew
Desired survivor size 8716288 bytes, new threshold 4 (max 6)
- age   1:    2739656 bytes,    2739656 total
- age   2:    2342544 bytes,    5082200 total
- age   3:    2381760 bytes,    7463960 total
- age   4:    2419992 bytes,    9883952 total
: 150562K->14385K(153344K), 0.0252020 secs] 500260K->366498K(1156928K), 0.0253880 secs] [Times: user=0.06 sys=0.00, real=0.02 secs] 
2014-03-09T01:35:19.995+0000: 415585.980: [GC2014-03-09T01:35:19.995+0000: 415585.980: [ParNew
Desired survivor size 8716288 bytes, new threshold 4 (max 6)
- age   1:    2615328 bytes,    2615328 total
- age   2:    2384632 bytes,    4999960 total
- age   3:    2341656 bytes,    7341616 total
- age   4:    2341952 bytes,    9683568 total
: 150705K->14200K(153344K), 0.0244880 secs] 502818K->368760K(1156928K), 0.0246470 secs] [Times: user=0.05 sys=0.00, real=0.02 secs] 
2014-03-09T01:39:36.172+0000: 415842.156: [GC2014-03-09T01:39:36.172+0000: 415842.157: [ParNew
Desired survivor size 8716288 bytes, new threshold 4 (max 6)
- age   1:    2556872 bytes,    2556872 total
- age   2:    2388632 bytes,    4945504 total
- age   3:    2300840 bytes,    7246344 total
- age   4:    2341160 bytes,    9587504 total
: 150520K->14157K(153344K), 0.0268640 secs] 505080K->371124K(1156928K), 0.0270380 secs] [Times: user=0.05 sys=0.00, real=0.03 secs] 
2014-03-09T01:43:50.365+0000: 416096.349: [GC2014-03-09T01:43:50.365+0000: 416096.349: [ParNew
Desired survivor size 8716288 bytes, new threshold 4 (max 6)
- age   1:    2697072 bytes,    2697072 total
- age   2:    2345760 bytes,    5042832 total
- age   3:    2342776 bytes,    7385608 total
- age   4:    2300048 bytes,    9685656 total
: 150477K->14041K(153344K), 0.0243140 secs] 507444K->373416K(1156928K), 0.0244590 secs] [Times: user=0.05 sys=0.00, real=0.02 secs] 
2014-03-09T01:48:08.191+0000: 416354.175: [GC2014-03-09T01:48:08.191+0000: 416354.175: [ParNew
Desired survivor size 8716288 bytes, new threshold 4 (max 6)
- age   1:    2585072 bytes,    2585072 total
- age   2:    2467200 bytes,    5052272 total
- age   3:    2345136 bytes,    7397408 total
- age   4:    2341784 bytes,    9739192 total
: 150361K->14118K(153344K), 0.0243950 secs] 509736K->375854K(1156928K), 0.0245570 secs] [Times: user=0.05 sys=0.00, real=0.03 secs] 
2014-03-09T01:52:24.016+0000: 416610.001: [GC2014-03-09T01:52:24.016+0000: 416610.001: [ParNew
Desired survivor size 8716288 bytes, new threshold 4 (max 6)
- age   1:    2739248 bytes,    2739248 total
- age   2:    2348848 bytes,    5088096 total
- age   3:    2420488 bytes,    7508584 total
- age   4:    2344784 bytes,    9853368 total
: 150438K->14278K(153344K), 0.0251950 secs] 512174K->378422K(1156928K), 0.0253440 secs] [Times: user=0.05 sys=0.00, real=0.02 secs] 
2014-03-09T01:56:40.006+0000: 416865.991: [GC2014-03-09T01:56:40.006+0000: 416865.991: [ParNew
Desired survivor size 8716288 bytes, new threshold 4 (max 6)
- age   1:    2584432 bytes,    2584432 total
- age   2:    2481560 bytes,    5065992 total
- age   3:    2348264 bytes,    7414256 total
- age   4:    2340616 bytes,    9754872 total
: 150598K->14256K(153344K), 0.0245810 secs] 514742K->380811K(1156928K), 0.0247270 secs] [Times: user=0.05 sys=0.00, real=0.02 secs] 
2014-03-09T02:00:55.602+0000: 417121.587: [GC2014-03-09T02:00:55.602+0000: 417121.587: [ParNew
Desired survivor size 8716288 bytes, new threshold 4 (max 6)
- age   1:    2693904 bytes,    2693904 total
- age   2:    2368816 bytes,    5062720 total
- age   3:    2435368 bytes,    7498088 total
- age   4:    2347512 bytes,    9845600 total
: 150576K->14249K(153344K), 0.0244860 secs] 517131K->383211K(1156928K), 0.0246360 secs] [Times: user=0.05 sys=0.00, real=0.02 secs] 
2014-03-09T02:05:11.410+0000: 417377.395: [GC2014-03-09T02:05:11.410+0000: 417377.395: [ParNew
Desired survivor size 8716288 bytes, new threshold 4 (max 6)
- age   1:    2656672 bytes,    2656672 total
- age   2:    2394280 bytes,    5050952 total
- age   3:    2368336 bytes,    7419288 total
- age   4:    2433728 bytes,    9853016 total
: 150569K->14424K(153344K), 0.0260780 secs] 519531K->385799K(1156928K), 0.0262420 secs] [Times: user=0.05 sys=0.00, real=0.03 secs] 
2014-03-09T02:09:27.241+0000: 417633.226: [GC2014-03-09T02:09:27.241+0000: 417633.226: [ParNew
Desired survivor size 8716288 bytes, new threshold 4 (max 6)
- age   1:    2642320 bytes,    2642320 total
- age   2:    2422016 bytes,    5064336 total
- age   3:    2347824 bytes,    7412160 total
- age   4:    2367840 bytes,    9780000 total
: 150744K->9558K(153344K), 0.0244660 secs] 522119K->383353K(1156928K), 0.0246300 secs] [Times: user=0.06 sys=0.00, real=0.03 secs] 
2014-03-09T02:13:43.073+0000: 417889.058: [GC2014-03-09T02:13:43.073+0000: 417889.058: [ParNew
Desired survivor size 8716288 bytes, new threshold 4 (max 6)
- age   1:    2679424 bytes,    2679424 total
- age   2:    2413256 bytes,    5092680 total
- age   3:    2420664 bytes,    7513344 total
- age   4:    2346928 bytes,    9860272 total
: 145878K->14363K(153344K), 0.0246510 secs] 519673K->390593K(1156928K), 0.0247930 secs] [Times: user=0.05 sys=0.00, real=0.03 secs] 
2014-03-09T02:17:58.884+0000: 418144.869: [GC2014-03-09T02:17:58.884+0000: 418144.869: [ParNew
Desired survivor size 8716288 bytes, new threshold 4 (max 6)
- age   1:    2602592 bytes,    2602592 total
- age   2:    2421896 bytes,    5024488 total
- age   3:    2412632 bytes,    7437120 total
- age   4:    2341160 bytes,    9778280 total
: 150683K->14285K(153344K), 0.0243950 secs] 526913K->392928K(1156928K), 0.0245450 secs] [Times: user=0.05 sys=0.00, real=0.02 secs] 
2014-03-09T02:22:14.670+0000: 418400.655: [GC2014-03-09T02:22:14.670+0000: 418400.655: [ParNew
Desired survivor size 8716288 bytes, new threshold 4 (max 6)
- age   1:    2699168 bytes,    2699168 total
- age   2:    2346936 bytes,    5046104 total
- age   3:    2421464 bytes,    7467568 total
- age   4:    2366696 bytes,    9834264 total
: 150605K->14285K(153344K), 0.0268980 secs] 529248K->395335K(1156928K), 0.0270720 secs] [Times: user=0.05 sys=0.00, real=0.03 secs] 
2014-03-09T02:26:30.477+0000: 418656.461: [GC2014-03-09T02:26:30.477+0000: 418656.461: [ParNew
Desired survivor size 8716288 bytes, new threshold 4 (max 6)
- age   1:    2730392 bytes,    2730392 total
- age   2:    2330664 bytes,    5061056 total
- age   3:    2346248 bytes,    7407304 total
- age   4:    2420112 bytes,    9827416 total
: 150605K->9668K(153344K), 0.0247470 secs] 531655K->393151K(1156928K), 0.0248950 secs] [Times: user=0.05 sys=0.00, real=0.02 secs] 
2014-03-09T02:30:46.242+0000: 418912.227: [GC2014-03-09T02:30:46.242+0000: 418912.227: [ParNew
Desired survivor size 8716288 bytes, new threshold 4 (max 6)
- age   1:    2588752 bytes,    2588752 total
- age   2:    2451176 bytes,    5039928 total
- age   3:    2328648 bytes,    7368576 total
- age   4:    2345848 bytes,    9714424 total
: 145988K->14263K(153344K), 0.0244150 secs] 529471K->400153K(1156928K), 0.0245580 secs] [Times: user=0.05 sys=0.00, real=0.03 secs] 
2014-03-09T02:35:00.891+0000: 419166.876: [GC2014-03-09T02:35:00.892+0000: 419166.876: [ParNew
Desired survivor size 8716288 bytes, new threshold 4 (max 6)
- age   1:    2698928 bytes,    2698928 total
- age   2:    2343344 bytes,    5042272 total
- age   3:    2449392 bytes,    7491664 total
- age   4:    2328024 bytes,    9819688 total
: 150583K->14283K(153344K), 0.0249030 secs] 536473K->402585K(1156928K), 0.0250500 secs] [Times: user=0.06 sys=0.00, real=0.03 secs] 
2014-03-09T02:39:17.293+0000: 419423.278: [GC2014-03-09T02:39:17.293+0000: 419423.278: [ParNew
Desired survivor size 8716288 bytes, new threshold 4 (max 6)
- age   1:    2544464 bytes,    2544464 total
- age   2:    2468024 bytes,    5012488 total
- age   3:    2342384 bytes,    7354872 total
- age   4:    2369696 bytes,    9724568 total
: 150603K->14223K(153344K), 0.0255640 secs] 538905K->404920K(1156928K), 0.0257130 secs] [Times: user=0.05 sys=0.00, real=0.03 secs] 
2014-03-09T02:43:31.093+0000: 419677.078: [GC2014-03-09T02:43:31.093+0000: 419677.078: [ParNew
Desired survivor size 8716288 bytes, new threshold 4 (max 6)
- age   1:    2587456 bytes,    2587456 total
- age   2:    2343040 bytes,    4930496 total
- age   3:    2467440 bytes,    7397936 total
- age   4:    2341240 bytes,    9739176 total
: 150543K->14209K(153344K), 0.0245110 secs] 541240K->407342K(1156928K), 0.0246640 secs] [Times: user=0.05 sys=0.00, real=0.03 secs] 
2014-03-09T02:47:46.478+0000: 419932.462: [GC2014-03-09T02:47:46.478+0000: 419932.462: [ParNew
Desired survivor size 8716288 bytes, new threshold 4 (max 6)
- age   1:    2667776 bytes,    2667776 total
- age   2:    2348480 bytes,    5016256 total
- age   3:    2342504 bytes,    7358760 total
- age   4:    2466136 bytes,    9824896 total
: 150529K->14297K(153344K), 0.0247050 secs] 543662K->409837K(1156928K), 0.0248580 secs] [Times: user=0.05 sys=0.00, real=0.03 secs] 
2014-03-09T02:51:57.714+0000: 420183.698: [GC2014-03-09T02:51:57.714+0000: 420183.698: [ParNew
Desired survivor size 8716288 bytes, new threshold 4 (max 6)
- age   1:    2630024 bytes,    2630024 total
- age   2:    2416256 bytes,    5046280 total
- age   3:    2347920 bytes,    7394200 total
- age   4:    2342232 bytes,    9736432 total
: 150617K->14252K(153344K), 0.0246540 secs] 546157K->412200K(1156928K), 0.0248010 secs] [Times: user=0.05 sys=0.00, real=0.03 secs] 
2014-03-09T02:56:14.619+0000: 420440.604: [GC2014-03-09T02:56:14.619+0000: 420440.604: [ParNew
Desired survivor size 8716288 bytes, new threshold 4 (max 6)
- age   1:    2706824 bytes,    2706824 total
- age   2:    2319456 bytes,    5026280 total
- age   3:    2415088 bytes,    7441368 total
- age   4:    2347520 bytes,    9788888 total
: 150572K->14238K(153344K), 0.0248090 secs] 548520K->414594K(1156928K), 0.0249740 secs] [Times: user=0.06 sys=0.00, real=0.03 secs] 
2014-03-09T03:00:30.638+0000: 420696.622: [GC2014-03-09T03:00:30.638+0000: 420696.623: [ParNew
Desired survivor size 8716288 bytes, new threshold 4 (max 6)
- age   1:    2621288 bytes,    2621288 total
- age   2:    2418048 bytes,    5039336 total
- age   3:    2318560 bytes,    7357896 total
- age   4:    2375144 bytes,    9733040 total
: 150558K->14231K(153344K), 0.0244810 secs] 550914K->417000K(1156928K), 0.0246400 secs] [Times: user=0.06 sys=0.00, real=0.03 secs] 
2014-03-09T03:04:45.881+0000: 420951.866: [GC2014-03-09T03:04:45.881+0000: 420951.866: [ParNew
Desired survivor size 8716288 bytes, new threshold 4 (max 6)
- age   1:    2622600 bytes,    2622600 total
- age   2:    2382688 bytes,    5005288 total
- age   3:    2417072 bytes,    7422360 total
- age   4:    2318160 bytes,    9740520 total
: 150551K->14218K(153344K), 0.0246700 secs] 553320K->419429K(1156928K), 0.0248250 secs] [Times: user=0.05 sys=0.00, real=0.03 secs] 
2014-03-09T03:09:00.849+0000: 421206.834: [GC2014-03-09T03:09:00.849+0000: 421206.834: [ParNew
Desired survivor size 8716288 bytes, new threshold 4 (max 6)
- age   1:    2641368 bytes,    2641368 total
- age   2:    2389344 bytes,    5030712 total
- age   3:    2381304 bytes,    7412016 total
- age   4:    2416376 bytes,    9828392 total
: 150538K->14300K(153344K), 0.0247170 secs] 555749K->421893K(1156928K), 0.0248850 secs] [Times: user=0.05 sys=0.01, real=0.03 secs] 
2014-03-09T03:13:15.852+0000: 421461.836: [GC2014-03-09T03:13:15.852+0000: 421461.836: [ParNew
Desired survivor size 8716288 bytes, new threshold 4 (max 6)
- age   1:    2655256 bytes,    2655256 total
- age   2:    2422432 bytes,    5077688 total
- age   3:    2343144 bytes,    7420832 total
- age   4:    2341232 bytes,    9762064 total
: 150620K->14237K(153344K), 0.0244730 secs] 558213K->424274K(1156928K), 0.0246110 secs] [Times: user=0.06 sys=0.00, real=0.03 secs] 
2014-03-09T03:17:31.102+0000: 421717.087: [GC2014-03-09T03:17:31.102+0000: 421717.087: [ParNew
Desired survivor size 8716288 bytes, new threshold 4 (max 6)
- age   1:    2606448 bytes,    2606448 total
- age   2:    2399192 bytes,    5005640 total
- age   3:    2421392 bytes,    7427032 total
- age   4:    2342264 bytes,    9769296 total
: 150557K->14290K(153344K), 0.0251160 secs] 560594K->426735K(1156928K), 0.0252680 secs] [Times: user=0.05 sys=0.00, real=0.02 secs] 
2014-03-09T03:21:46.928+0000: 421972.913: [GC2014-03-09T03:21:46.928+0000: 421972.913: [ParNew
Desired survivor size 8716288 bytes, new threshold 4 (max 6)
- age   1:    2658200 bytes,    2658200 total
- age   2:    2375976 bytes,    5034176 total
- age   3:    2353064 bytes,    7387240 total
- age   4:    2381328 bytes,    9768568 total
: 150610K->14260K(153344K), 0.0245860 secs] 563055K->429113K(1156928K), 0.0247520 secs] [Times: user=0.05 sys=0.00, real=0.02 secs] 
2014-03-09T03:26:02.424+0000: 422228.409: [GC2014-03-09T03:26:02.424+0000: 422228.409: [ParNew
Desired survivor size 8716288 bytes, new threshold 4 (max 6)
- age   1:    2598912 bytes,    2598912 total
- age   2:    2382320 bytes,    4981232 total
- age   3:    2375448 bytes,    7356680 total
- age   4:    2352008 bytes,    9708688 total
: 150580K->14211K(153344K), 0.0248370 secs] 565433K->431472K(1156928K), 0.0249970 secs] [Times: user=0.05 sys=0.00, real=0.02 secs] 
2014-03-09T03:30:17.902+0000: 422483.887: [GC2014-03-09T03:30:17.902+0000: 422483.887: [ParNew
Desired survivor size 8716288 bytes, new threshold 4 (max 6)
- age   1:    2698320 bytes,    2698320 total
- age   2:    2349728 bytes,    5048048 total
- age   3:    2381136 bytes,    7429184 total
- age   4:    2374592 bytes,    9803776 total
: 150531K->14266K(153344K), 0.0245580 secs] 567792K->433945K(1156928K), 0.0247100 secs] [Times: user=0.05 sys=0.00, real=0.02 secs] 
2014-03-09T03:34:33.909+0000: 422739.894: [GC2014-03-09T03:34:33.909+0000: 422739.894: [ParNew
Desired survivor size 8716288 bytes, new threshold 4 (max 6)
- age   1:    2561488 bytes,    2561488 total
- age   2:    2478264 bytes,    5039752 total
- age   3:    2348992 bytes,    7388744 total
- age   4:    2341208 bytes,    9729952 total
: 150586K->14199K(153344K), 0.0242970 secs] 570265K->436279K(1156928K), 0.0244470 secs] [Times: user=0.05 sys=0.00, real=0.02 secs] 
2014-03-09T03:38:50.079+0000: 422996.063: [GC2014-03-09T03:38:50.079+0000: 422996.063: [ParNew
Desired survivor size 8716288 bytes, new threshold 4 (max 6)
- age   1:    2682104 bytes,    2682104 total
- age   2:    2341520 bytes,    5023624 total
- age   3:    2431504 bytes,    7455128 total
- age   4:    2348672 bytes,    9803800 total
: 150519K->14248K(153344K), 0.0243760 secs] 572599K->438735K(1156928K), 0.0245250 secs] [Times: user=0.05 sys=0.00, real=0.03 secs] 
2014-03-09T03:43:05.891+0000: 423251.876: [GC2014-03-09T03:43:05.891+0000: 423251.876: [ParNew
Desired survivor size 8716288 bytes, new threshold 4 (max 6)
- age   1:    2606776 bytes,    2606776 total
- age   2:    2456704 bytes,    5063480 total
- age   3:    2341176 bytes,    7404656 total
- age   4:    2390944 bytes,    9795600 total
: 150568K->14285K(153344K), 0.0247560 secs] 575055K->441186K(1156928K), 0.0249140 secs] [Times: user=0.05 sys=0.00, real=0.03 secs] 
2014-03-09T03:47:20.567+0000: 423506.552: [GC2014-03-09T03:47:20.567+0000: 423506.552: [ParNew
Desired survivor size 8716288 bytes, new threshold 4 (max 6)
- age   1:    2691368 bytes,    2691368 total
- age   2:    2382240 bytes,    5073608 total
- age   3:    2410408 bytes,    7484016 total
- age   4:    2340776 bytes,    9824792 total
: 150605K->14288K(153344K), 0.0244640 secs] 577506K->443608K(1156928K), 0.0246140 secs] [Times: user=0.05 sys=0.00, real=0.02 secs] 
2014-03-09T03:51:35.588+0000: 423761.573: [GC2014-03-09T03:51:35.588+0000: 423761.573: [ParNew
Desired survivor size 8716288 bytes, new threshold 4 (max 6)
- age   1:    2648728 bytes,    2648728 total
- age   2:    2383040 bytes,    5031768 total
- age   3:    2381600 bytes,    7413368 total
- age   4:    2370032 bytes,    9783400 total
: 150608K->14321K(153344K), 0.0244770 secs] 579928K->446048K(1156928K), 0.0246290 secs] [Times: user=0.05 sys=0.00, real=0.02 secs] 
2014-03-09T03:55:50.267+0000: 424016.252: [GC2014-03-09T03:55:50.267+0000: 424016.252: [ParNew
Desired survivor size 8716288 bytes, new threshold 4 (max 6)
- age   1:    2571088 bytes,    2571088 total
- age   2:    2428576 bytes,    4999664 total
- age   3:    2381464 bytes,    7381128 total
- age   4:    2341496 bytes,    9722624 total
: 150641K->17024K(153344K), 0.0247180 secs] 582368K->451270K(1156928K), 0.0248780 secs] [Times: user=0.06 sys=0.00, real=0.02 secs] 
2014-03-09T04:00:06.079+0000: 424272.064: [GC2014-03-09T04:00:06.079+0000: 424272.064: [ParNew
Desired survivor size 8716288 bytes, new threshold 4 (max 6)
- age   1:    2627248 bytes,    2627248 total
- age   2:    2342720 bytes,    4969968 total
- age   3:    2382216 bytes,    7352184 total
- age   4:    2380768 bytes,    9732952 total
: 153344K->11964K(153344K), 0.0251740 secs] 587590K->448617K(1156928K), 0.0253570 secs] [Times: user=0.06 sys=0.00, real=0.03 secs] 
2014-03-09T04:04:21.058+0000: 424527.043: [GC2014-03-09T04:04:21.059+0000: 424527.043: [ParNew
Desired survivor size 8716288 bytes, new threshold 4 (max 6)
- age   1:    2541504 bytes,    2541504 total
- age   2:    2427488 bytes,    4968992 total
- age   3:    2341776 bytes,    7310768 total
- age   4:    2341752 bytes,    9652520 total
: 148284K->17024K(153344K), 0.0265370 secs] 584937K->456205K(1156928K), 0.0267130 secs] [Times: user=0.05 sys=0.00, real=0.03 secs] 
2014-03-09T04:08:35.530+0000: 424781.515: [GC2014-03-09T04:08:35.530+0000: 424781.515: [ParNew
Desired survivor size 8716288 bytes, new threshold 4 (max 6)
- age   1:    2647384 bytes,    2647384 total
- age   2:    2382904 bytes,    5030288 total
- age   3:    2380880 bytes,    7411168 total
- age   4:    2341376 bytes,    9752544 total
: 153344K->11450K(153344K), 0.0245860 secs] 592525K->453039K(1156928K), 0.0247390 secs] [Times: user=0.05 sys=0.00, real=0.03 secs] 
2014-03-09T04:12:50.620+0000: 425036.605: [GC2014-03-09T04:12:50.620+0000: 425036.605: [ParNew
Desired survivor size 8716288 bytes, new threshold 4 (max 6)
- age   1:    2673336 bytes,    2673336 total
- age   2:    2427640 bytes,    5100976 total
- age   3:    2349392 bytes,    7450368 total
- age   4:    2340488 bytes,    9790856 total
: 147770K->17024K(153344K), 0.0247610 secs] 589359K->461052K(1156928K), 0.0249070 secs] [Times: user=0.05 sys=0.00, real=0.03 secs] 
2014-03-09T04:17:05.910+0000: 425291.894: [GC2014-03-09T04:17:05.910+0000: 425291.894: [ParNew
Desired survivor size 8716288 bytes, new threshold 4 (max 6)
- age   1:    2659880 bytes,    2659880 total
- age   2:    2383608 bytes,    5043488 total
- age   3:    2427304 bytes,    7470792 total
- age   4:    2341808 bytes,    9812600 total
: 153344K->11420K(153344K), 0.0286730 secs] 597372K->457855K(1156928K), 0.0288670 secs] [Times: user=0.06 sys=0.00, real=0.03 secs] 
2014-03-09T04:21:23.538+0000: 425549.523: [GC2014-03-09T04:21:23.538+0000: 425549.523: [ParNew
Desired survivor size 8716288 bytes, new threshold 4 (max 6)
- age   1:    2539640 bytes,    2539640 total
- age   2:    2388728 bytes,    4928368 total
- age   3:    2381736 bytes,    7310104 total
- age   4:    2341184 bytes,    9651288 total
: 147740K->17024K(153344K), 0.0246690 secs] 594175K->465984K(1156928K), 0.0248240 secs] [Times: user=0.05 sys=0.01, real=0.03 secs] 
2014-03-09T04:25:44.172+0000: 425810.157: [GC2014-03-09T04:25:44.172+0000: 425810.157: [ParNew
Desired survivor size 8716288 bytes, new threshold 4 (max 6)
- age   1:    2681360 bytes,    2681360 total
- age   2:    2428072 bytes,    5109432 total
- age   3:    2354912 bytes,    7464344 total
- age   4:    2381200 bytes,    9845544 total
: 153344K->11448K(153344K), 0.0247810 secs] 602304K->462816K(1156928K), 0.0249300 secs] [Times: user=0.06 sys=0.00, real=0.03 secs] 
2014-03-09T04:30:03.011+0000: 426068.996: [GC2014-03-09T04:30:03.011+0000: 426068.996: [ParNew
Desired survivor size 8716288 bytes, new threshold 4 (max 6)
- age   1:    2626776 bytes,    2626776 total
- age   2:    2399320 bytes,    5026096 total
- age   3:    2387688 bytes,    7413784 total
- age   4:    2341928 bytes,    9755712 total
: 147768K->17024K(153344K), 0.0252940 secs] 599136K->470909K(1156928K), 0.0254540 secs] [Times: user=0.05 sys=0.00, real=0.03 secs] 
2014-03-09T04:34:20.932+0000: 426326.917: [GC2014-03-09T04:34:20.932+0000: 426326.917: [ParNew
Desired survivor size 8716288 bytes, new threshold 4 (max 6)
- age   1:    2663736 bytes,    2663736 total
- age   2:    2432496 bytes,    5096232 total
- age   3:    2398312 bytes,    7494544 total
- age   4:    2387240 bytes,    9881784 total
: 153344K->11535K(153344K), 0.0267080 secs] 607229K->467829K(1156928K), 0.0268980 secs] [Times: user=0.05 sys=0.00, real=0.03 secs] 
2014-03-09T04:38:36.219+0000: 426582.203: [GC2014-03-09T04:38:36.219+0000: 426582.203: [ParNew
Desired survivor size 8716288 bytes, new threshold 4 (max 6)
- age   1:    2471288 bytes,    2471288 total
- age   2:    2457848 bytes,    4929136 total
- age   3:    2431472 bytes,    7360608 total
- age   4:    2358320 bytes,    9718928 total
: 147855K->17024K(153344K), 0.0265330 secs] 604149K->475854K(1156928K), 0.0267020 secs] [Times: user=0.06 sys=0.00, real=0.03 secs] 
2014-03-09T04:42:50.450+0000: 426836.434: [GC2014-03-09T04:42:50.450+0000: 426836.435: [ParNew
Desired survivor size 8716288 bytes, new threshold 4 (max 6)
- age   1:    2688536 bytes,    2688536 total
- age   2:    2343136 bytes,    5031672 total
- age   3:    2411424 bytes,    7443096 total
- age   4:    2430824 bytes,    9873920 total
: 153344K->11528K(153344K), 0.0246700 secs] 612174K->472782K(1156928K), 0.0248190 secs] [Times: user=0.05 sys=0.00, real=0.03 secs] 
2014-03-09T04:47:06.219+0000: 427092.203: [GC2014-03-09T04:47:06.219+0000: 427092.203: [ParNew
Desired survivor size 8716288 bytes, new threshold 4 (max 6)
- age   1:    2574672 bytes,    2574672 total
- age   2:    2386624 bytes,    4961296 total
- age   3:    2342464 bytes,    7303760 total
- age   4:    2370896 bytes,    9674656 total
: 147848K->17024K(153344K), 0.0272090 secs] 609102K->480860K(1156928K), 0.0274120 secs] [Times: user=0.04 sys=0.00, real=0.03 secs] 
2014-03-09T04:51:22.010+0000: 427347.994: [GC2014-03-09T04:51:22.010+0000: 427347.994: [ParNew
Desired survivor size 8716288 bytes, new threshold 4 (max 6)
- age   1:    2663088 bytes,    2663088 total
- age   2:    2383544 bytes,    5046632 total
- age   3:    2385928 bytes,    7432560 total
- age   4:    2341920 bytes,    9774480 total
: 153344K->11491K(153344K), 0.0247700 secs] 617180K->477764K(1156928K), 0.0249220 secs] [Times: user=0.06 sys=0.00, real=0.03 secs] 
2014-03-09T04:55:37.804+0000: 427603.789: [GC2014-03-09T04:55:37.805+0000: 427603.789: [ParNew
Desired survivor size 8716288 bytes, new threshold 4 (max 6)
- age   1:    2581384 bytes,    2581384 total
- age   2:    2435144 bytes,    5016528 total
- age   3:    2342920 bytes,    7359448 total
- age   4:    2345944 bytes,    9705392 total
: 147811K->17023K(153344K), 0.0248100 secs] 614084K->485780K(1156928K), 0.0249600 secs] [Times: user=0.05 sys=0.00, real=0.02 secs] 
2014-03-09T04:59:53.598+0000: 427859.583: [GC2014-03-09T04:59:53.599+0000: 427859.583: [ParNew
Desired survivor size 8716288 bytes, new threshold 4 (max 6)
- age   1:    2646432 bytes,    2646432 total
- age   2:    2391296 bytes,    5037728 total
- age   3:    2389048 bytes,    7426776 total
- age   4:    2342328 bytes,    9769104 total
: 153343K->14230K(153344K), 0.0257610 secs] 622100K->485398K(1156928K), 0.0259200 secs] [Times: user=0.05 sys=0.00, real=0.03 secs] 
2014-03-09T05:04:09.405+0000: 428115.390: [GC2014-03-09T05:04:09.405+0000: 428115.390: [ParNew
Desired survivor size 8716288 bytes, new threshold 4 (max 6)
- age   1:    2630640 bytes,    2630640 total
- age   2:    2355904 bytes,    4986544 total
- age   3:    2390488 bytes,    7377032 total
- age   4:    2348472 bytes,    9725504 total
: 150550K->17024K(153344K), 0.0250610 secs] 621718K->490714K(1156928K), 0.0252050 secs] [Times: user=0.06 sys=0.00, real=0.02 secs] 
2014-03-09T05:08:25.211+0000: 428371.196: [GC2014-03-09T05:08:25.211+0000: 428371.196: [ParNew
Desired survivor size 8716288 bytes, new threshold 4 (max 6)
- age   1:    2676072 bytes,    2676072 total
- age   2:    2389032 bytes,    5065104 total
- age   3:    2355416 bytes,    7420520 total
- age   4:    2389600 bytes,    9810120 total
: 153344K->11494K(153344K), 0.0250630 secs] 627034K->487599K(1156928K), 0.0252170 secs] [Times: user=0.06 sys=0.00, real=0.03 secs] 
2014-03-09T05:12:40.223+0000: 428626.207: [GC2014-03-09T05:12:40.223+0000: 428626.207: [ParNew
Desired survivor size 8716288 bytes, new threshold 4 (max 6)
- age   1:    2584048 bytes,    2584048 total
- age   2:    2387472 bytes,    4971520 total
- age   3:    2348360 bytes,    7319880 total
- age   4:    2354968 bytes,    9674848 total
: 147814K->17024K(153344K), 0.0246720 secs] 623919K->495667K(1156928K), 0.0248340 secs] [Times: user=0.06 sys=0.00, real=0.02 secs] 
2014-03-09T05:16:55.472+0000: 428881.457: [GC2014-03-09T05:16:55.472+0000: 428881.457: [ParNew
Desired survivor size 8716288 bytes, new threshold 4 (max 6)
- age   1:    2618208 bytes,    2618208 total
- age   2:    2428160 bytes,    5046368 total
- age   3:    2386216 bytes,    7432584 total
- age   4:    2347912 bytes,    9780496 total
: 153344K->11465K(153344K), 0.0246520 secs] 631987K->492530K(1156928K), 0.0247990 secs] [Times: user=0.05 sys=0.00, real=0.03 secs] 
2014-03-09T05:21:10.470+0000: 429136.455: [GC2014-03-09T05:21:10.470+0000: 429136.455: [ParNew
Desired survivor size 8716288 bytes, new threshold 4 (max 6)
- age   1:    2592416 bytes,    2592416 total
- age   2:    2382584 bytes,    4975000 total
- age   3:    2381864 bytes,    7356864 total
- age   4:    2346240 bytes,    9703104 total
: 147785K->17023K(153344K), 0.0252300 secs] 628850K->500541K(1156928K), 0.0253950 secs] [Times: user=0.05 sys=0.00, real=0.03 secs] 
2014-03-09T05:25:25.356+0000: 429391.340: [GC2014-03-09T05:25:25.356+0000: 429391.340: [ParNew
Desired survivor size 8716288 bytes, new threshold 4 (max 6)
- age   1:    2732320 bytes,    2732320 total
- age   2:    2342936 bytes,    5075256 total
- age   3:    2381152 bytes,    7456408 total
- age   4:    2381032 bytes,    9837440 total
: 153343K->11478K(153344K), 0.0256970 secs] 636861K->497407K(1156928K), 0.0258450 secs] [Times: user=0.05 sys=0.00, real=0.02 secs] 
2014-03-09T05:29:41.160+0000: 429647.145: [GC2014-03-09T05:29:41.160+0000: 429647.145: [ParNew
Desired survivor size 8716288 bytes, new threshold 4 (max 6)
- age   1:    2508032 bytes,    2508032 total
- age   2:    2468472 bytes,    4976504 total
- age   3:    2342056 bytes,    7318560 total
- age   4:    2341160 bytes,    9659720 total
: 147798K->17024K(153344K), 0.0245480 secs] 633727K->505419K(1156928K), 0.0247010 secs] [Times: user=0.05 sys=0.00, real=0.03 secs] 
2014-03-09T05:33:56.982+0000: 429902.966: [GC2014-03-09T05:33:56.982+0000: 429902.966: [ParNew
Desired survivor size 8716288 bytes, new threshold 4 (max 6)
- age   1:    2666120 bytes,    2666120 total
- age   2:    2341896 bytes,    5008016 total
- age   3:    2421928 bytes,    7429944 total
- age   4:    2341496 bytes,    9771440 total
: 153344K->11427K(153344K), 0.0248570 secs] 641739K->502230K(1156928K), 0.0250060 secs] [Times: user=0.06 sys=0.00, real=0.03 secs] 
2014-03-09T05:38:12.794+0000: 430158.778: [GC2014-03-09T05:38:12.794+0000: 430158.778: [ParNew
Desired survivor size 8716288 bytes, new threshold 4 (max 6)
- age   1:    2647816 bytes,    2647816 total
- age   2:    2392648 bytes,    5040464 total
- age   3:    2341512 bytes,    7381976 total
- age   4:    2341552 bytes,    9723528 total
: 147747K->17023K(153344K), 0.0245940 secs] 638550K->510290K(1156928K), 0.0247460 secs] [Times: user=0.05 sys=0.00, real=0.03 secs] 
2014-03-09T05:42:28.682+0000: 430414.667: [GC2014-03-09T05:42:28.682+0000: 430414.667: [ParNew
Desired survivor size 8716288 bytes, new threshold 4 (max 6)
- age   1:    2547864 bytes,    2547864 total
- age   2:    2448632 bytes,    4996496 total
- age   3:    2392160 bytes,    7388656 total
- age   4:    2341160 bytes,    9729816 total
: 153343K->11394K(153344K), 0.0245330 secs] 646610K->507068K(1156928K), 0.0246900 secs] [Times: user=0.06 sys=0.00, real=0.03 secs] 
2014-03-09T05:46:44.371+0000: 430670.355: [GC2014-03-09T05:46:44.371+0000: 430670.355: [ParNew
Desired survivor size 8716288 bytes, new threshold 4 (max 6)
- age   1:    2718608 bytes,    2718608 total
- age   2:    2357520 bytes,    5076128 total
- age   3:    2401904 bytes,    7478032 total
- age   4:    2391488 bytes,    9869520 total
: 147714K->12879K(153344K), 0.0247860 secs] 643388K->510960K(1156928K), 0.0249320 secs] [Times: user=0.06 sys=0.00, real=0.03 secs] 
2014-03-09T05:50:57.701+0000: 430923.686: [GC2014-03-09T05:50:57.701+0000: 430923.686: [ParNew
Desired survivor size 8716288 bytes, new threshold 4 (max 6)
- age   1:    2606008 bytes,    2606008 total
- age   2:    2399688 bytes,    5005696 total
- age   3:    2356584 bytes,    7362280 total
- age   4:    2361376 bytes,    9723656 total
: 149199K->13925K(153344K), 0.0247840 secs] 647280K->514424K(1156928K), 0.0249520 secs] [Times: user=0.05 sys=0.00, real=0.03 secs] 
2014-03-09T05:55:14.149+0000: 431180.134: [GC2014-03-09T05:55:14.149+0000: 431180.134: [ParNew
Desired survivor size 8716288 bytes, new threshold 4 (max 6)
- age   1:    2581824 bytes,    2581824 total
- age   2:    2360432 bytes,    4942256 total
- age   3:    2358176 bytes,    7300432 total
- age   4:    2356408 bytes,    9656840 total
: 150245K->17024K(153344K), 0.0250730 secs] 650744K->520073K(1156928K), 0.0252220 secs] [Times: user=0.06 sys=0.00, real=0.03 secs] 
2014-03-09T05:59:29.909+0000: 431435.894: [GC2014-03-09T05:59:29.909+0000: 431435.894: [ParNew
Desired survivor size 8716288 bytes, new threshold 4 (max 6)
- age   1:    2620792 bytes,    2620792 total
- age   2:    2394120 bytes,    5014912 total
- age   3:    2359488 bytes,    7374400 total
- age   4:    2357368 bytes,    9731768 total
: 153344K->11878K(153344K), 0.0255340 secs] 656393K->517350K(1156928K), 0.0256870 secs] [Times: user=0.05 sys=0.00, real=0.03 secs] 
2014-03-09T06:03:45.734+0000: 431691.718: [GC2014-03-09T06:03:45.734+0000: 431691.719: [ParNew
Desired survivor size 8716288 bytes, new threshold 4 (max 6)
- age   1:    2535112 bytes,    2535112 total
- age   2:    2428512 bytes,    4963624 total
- age   3:    2353864 bytes,    7317488 total
- age   4:    2358368 bytes,    9675856 total
: 148198K->17024K(153344K), 0.0246980 secs] 653670K->524988K(1156928K), 0.0248480 secs] [Times: user=0.05 sys=0.00, real=0.03 secs] 
2014-03-09T06:08:00.756+0000: 431946.741: [GC2014-03-09T06:08:00.756+0000: 431946.741: [ParNew
Desired survivor size 8716288 bytes, new threshold 4 (max 6)
- age   1:    2658160 bytes,    2658160 total
- age   2:    2382576 bytes,    5040736 total
- age   3:    2427760 bytes,    7468496 total
- age   4:    2353128 bytes,    9821624 total
: 153344K->11451K(153344K), 0.0247720 secs] 661308K->521840K(1156928K), 0.0249260 secs] [Times: user=0.05 sys=0.00, real=0.02 secs] 
2014-03-09T06:12:16.159+0000: 432202.143: [GC2014-03-09T06:12:16.159+0000: 432202.143: [ParNew
Desired survivor size 8716288 bytes, new threshold 4 (max 6)
- age   1:    2493104 bytes,    2493104 total
- age   2:    2388144 bytes,    4881248 total
- age   3:    2382144 bytes,    7263392 total
- age   4:    2387976 bytes,    9651368 total
: 147771K->17024K(153344K), 0.0245770 secs] 658160K->529914K(1156928K), 0.0247320 secs] [Times: user=0.05 sys=0.00, real=0.03 secs] 
2014-03-09T06:16:33.803+0000: 432459.787: [GC2014-03-09T06:16:33.803+0000: 432459.787: [ParNew
Desired survivor size 8716288 bytes, new threshold 4 (max 6)
- age   1:    2666856 bytes,    2666856 total
- age   2:    2336992 bytes,    5003848 total
- age   3:    2387272 bytes,    7391120 total
- age   4:    2381304 bytes,    9772424 total
: 153344K->11450K(153344K), 0.0247280 secs] 666234K->526749K(1156928K), 0.0248820 secs] [Times: user=0.05 sys=0.00, real=0.02 secs] 
2014-03-09T06:20:48.909+0000: 432714.894: [GC2014-03-09T06:20:48.909+0000: 432714.894: [ParNew
Desired survivor size 8716288 bytes, new threshold 4 (max 6)
- age   1:    2629344 bytes,    2629344 total
- age   2:    2418168 bytes,    5047512 total
- age   3:    2336512 bytes,    7384024 total
- age   4:    2386608 bytes,    9770632 total
: 147770K->12843K(153344K), 0.0245890 secs] 663069K->530550K(1156928K), 0.0247380 secs] [Times: user=0.06 sys=0.00, real=0.02 secs] 
2014-03-09T06:25:04.120+0000: 432970.105: [GC2014-03-09T06:25:04.121+0000: 432970.105: [ParNew
Desired survivor size 8716288 bytes, new threshold 4 (max 6)
- age   1:    2584520 bytes,    2584520 total
- age   2:    2392864 bytes,    4977384 total
- age   3:    2377280 bytes,    7354664 total
- age   4:    2336144 bytes,    9690808 total
: 149163K->17024K(153344K), 0.0254130 secs] 666870K->537266K(1156928K), 0.0256020 secs] [Times: user=0.05 sys=0.00, real=0.03 secs] 
2014-03-09T06:29:19.909+0000: 433225.894: [GC2014-03-09T06:29:19.909+0000: 433225.894: [ParNew
Desired survivor size 8716288 bytes, new threshold 4 (max 6)
- age   1:    2627640 bytes,    2627640 total
- age   2:    2383184 bytes,    5010824 total
- age   3:    2391848 bytes,    7402672 total
- age   4:    2376608 bytes,    9779280 total
: 153344K->11811K(153344K), 0.0247030 secs] 673586K->534455K(1156928K), 0.0248600 secs] [Times: user=0.05 sys=0.00, real=0.03 secs] 
2014-03-09T06:33:35.137+0000: 433481.122: [GC2014-03-09T06:33:35.137+0000: 433481.122: [ParNew
Desired survivor size 8716288 bytes, new threshold 4 (max 6)
- age   1:    2491440 bytes,    2491440 total
- age   2:    2429112 bytes,    4920552 total
- age   3:    2382512 bytes,    7303064 total
- age   4:    2351808 bytes,    9654872 total
: 148131K->17024K(153344K), 0.0245530 secs] 670775K->542194K(1156928K), 0.0247030 secs] [Times: user=0.05 sys=0.00, real=0.02 secs] 
2014-03-09T06:37:50.071+0000: 433736.055: [GC2014-03-09T06:37:50.071+0000: 433736.056: [ParNew
Desired survivor size 8716288 bytes, new threshold 4 (max 6)
- age   1:    2598704 bytes,    2598704 total
- age   2:    2342592 bytes,    4941296 total
- age   3:    2428256 bytes,    7369552 total
- age   4:    2381720 bytes,    9751272 total
: 153344K->11459K(153344K), 0.0246110 secs] 678514K->539048K(1156928K), 0.0247620 secs] [Times: user=0.05 sys=0.00, real=0.03 secs] 
2014-03-09T06:42:05.916+0000: 433991.901: [GC2014-03-09T06:42:05.916+0000: 433991.901: [ParNew
Desired survivor size 8716288 bytes, new threshold 4 (max 6)
- age   1:    2626568 bytes,    2626568 total
- age   2:    2382184 bytes,    5008752 total
- age   3:    2342112 bytes,    7350864 total
- age   4:    2347504 bytes,    9698368 total
: 147779K->17024K(153344K), 0.0249900 secs] 675368K->547057K(1156928K), 0.0251470 secs] [Times: user=0.05 sys=0.00, real=0.02 secs] 
2014-03-09T06:46:20.435+0000: 434246.420: [GC2014-03-09T06:46:20.435+0000: 434246.420: [ParNew
Desired survivor size 8716288 bytes, new threshold 4 (max 6)
- age   1:    2664496 bytes,    2664496 total
- age   2:    2382616 bytes,    5047112 total
- age   3:    2381392 bytes,    7428504 total
- age   4:    2341568 bytes,    9770072 total
: 153344K->11393K(153344K), 0.0247360 secs] 683377K->543834K(1156928K), 0.0248940 secs] [Times: user=0.05 sys=0.00, real=0.02 secs] 
2014-03-09T06:50:35.331+0000: 434501.316: [GC2014-03-09T06:50:35.331+0000: 434501.316: [ParNew
Desired survivor size 8716288 bytes, new threshold 4 (max 6)
- age   1:    2634208 bytes,    2634208 total
- age   2:    2383040 bytes,    5017248 total
- age   3:    2373328 bytes,    7390576 total
- age   4:    2341544 bytes,    9732120 total
: 147713K->17024K(153344K), 0.0247020 secs] 680154K->551919K(1156928K), 0.0248590 secs] [Times: user=0.06 sys=0.00, real=0.03 secs] 
2014-03-09T06:54:51.143+0000: 434757.128: [GC2014-03-09T06:54:51.143+0000: 434757.128: [ParNew
Desired survivor size 8716288 bytes, new threshold 4 (max 6)
- age   1:    2595176 bytes,    2595176 total
- age   2:    2427656 bytes,    5022832 total
- age   3:    2382304 bytes,    7405136 total
- age   4:    2341672 bytes,    9746808 total
: 153344K->11391K(153344K), 0.0268990 secs] 688239K->548694K(1156928K), 0.0270800 secs] [Times: user=0.05 sys=0.00, real=0.02 secs] 
2014-03-09T06:59:05.910+0000: 435011.894: [GC2014-03-09T06:59:05.910+0000: 435011.894: [ParNew
Desired survivor size 8716288 bytes, new threshold 4 (max 6)
- age   1:    2635552 bytes,    2635552 total
- age   2:    2342568 bytes,    4978120 total
- age   3:    2426800 bytes,    7404920 total
- age   4:    2347176 bytes,    9752096 total
: 147711K->17024K(153344K), 0.0269720 secs] 685014K->556812K(1156928K), 0.0271630 secs] [Times: user=0.06 sys=0.00, real=0.03 secs] 
2014-03-09T07:03:20.790+0000: 435266.774: [GC2014-03-09T07:03:20.790+0000: 435266.775: [ParNew
Desired survivor size 8716288 bytes, new threshold 4 (max 6)
- age   1:    2660072 bytes,    2660072 total
- age   2:    2383048 bytes,    5043120 total
- age   3:    2341656 bytes,    7384776 total
- age   4:    2380520 bytes,    9765296 total
: 153344K->11477K(153344K), 0.0264710 secs] 693132K->553675K(1156928K), 0.0266630 secs] [Times: user=0.05 sys=0.00, real=0.03 secs] 
2014-03-09T07:07:35.531+0000: 435521.515: [GC2014-03-09T07:07:35.531+0000: 435521.515: [ParNew
Desired survivor size 8716288 bytes, new threshold 4 (max 6)
- age   1:    2621648 bytes,    2621648 total
- age   2:    2386384 bytes,    5008032 total
- age   3:    2364472 bytes,    7372504 total
- age   4:    2341208 bytes,    9713712 total
: 147797K->17024K(153344K), 0.0248980 secs] 689995K->561687K(1156928K), 0.0250450 secs] [Times: user=0.06 sys=0.00, real=0.03 secs] 
2014-03-09T07:11:50.206+0000: 435776.191: [GC2014-03-09T07:11:50.206+0000: 435776.191: [ParNew
Desired survivor size 8716288 bytes, new threshold 4 (max 6)
- age   1:    2599656 bytes,    2599656 total
- age   2:    2429432 bytes,    5029088 total
- age   3:    2385416 bytes,    7414504 total
- age   4:    2341808 bytes,    9756312 total
: 153344K->11428K(153344K), 0.0247080 secs] 698007K->558499K(1156928K), 0.0248590 secs] [Times: user=0.05 sys=0.00, real=0.02 secs] 
2014-03-09T07:16:05.171+0000: 436031.155: [GC2014-03-09T07:16:05.171+0000: 436031.155: [ParNew
Desired survivor size 8716288 bytes, new threshold 4 (max 6)
- age   1:    2605176 bytes,    2605176 total
- age   2:    2382176 bytes,    4987352 total
- age   3:    2382760 bytes,    7370112 total
- age   4:    2345480 bytes,    9715592 total
: 147748K->17019K(153344K), 0.0248920 secs] 694819K->566498K(1156928K), 0.0250510 secs] [Times: user=0.06 sys=0.00, real=0.03 secs] 
2014-03-09T07:20:20.719+0000: 436286.703: [GC2014-03-09T07:20:20.719+0000: 436286.703: [ParNew
Desired survivor size 8716288 bytes, new threshold 4 (max 6)
- age   1:    2708504 bytes,    2708504 total
- age   2:    2342648 bytes,    5051152 total
- age   3:    2381448 bytes,    7432600 total
- age   4:    2381792 bytes,    9814392 total
: 153339K->14231K(153344K), 0.0277230 secs] 702818K->566122K(1156928K), 0.0279000 secs] [Times: user=0.05 sys=0.00, real=0.03 secs] 
2014-03-09T07:24:35.792+0000: 436541.777: [GC2014-03-09T07:24:35.792+0000: 436541.777: [ParNew
Desired survivor size 8716288 bytes, new threshold 4 (max 6)
- age   1:    2611480 bytes,    2611480 total
- age   2:    2383232 bytes,    4994712 total
- age   3:    2341672 bytes,    7336384 total
- age   4:    2341552 bytes,    9677936 total
: 150551K->17023K(153344K), 0.0259120 secs] 702442K->571437K(1156928K), 0.0260790 secs] [Times: user=0.05 sys=0.00, real=0.03 secs] 
2014-03-09T07:28:51.485+0000: 436797.469: [GC2014-03-09T07:28:51.485+0000: 436797.469: [ParNew
Desired survivor size 8716288 bytes, new threshold 4 (max 6)
- age   1:    2631408 bytes,    2631408 total
- age   2:    2388736 bytes,    5020144 total
- age   3:    2382576 bytes,    7402720 total
- age   4:    2341112 bytes,    9743832 total
: 153343K->11458K(153344K), 0.0244480 secs] 707757K->568279K(1156928K), 0.0245950 secs] [Times: user=0.05 sys=0.00, real=0.02 secs] 
2014-03-09T07:33:07.304+0000: 437053.289: [GC2014-03-09T07:33:07.304+0000: 437053.289: [ParNew
Desired survivor size 8716288 bytes, new threshold 4 (max 6)
- age   1:    2646120 bytes,    2646120 total
- age   2:    2376936 bytes,    5023056 total
- age   3:    2364208 bytes,    7387264 total
- age   4:    2342600 bytes,    9729864 total
: 147778K->17024K(153344K), 0.0248230 secs] 704599K->576276K(1156928K), 0.0249950 secs] [Times: user=0.05 sys=0.00, real=0.02 secs] 
2014-03-09T07:37:23.130+0000: 437309.114: [GC2014-03-09T07:37:23.130+0000: 437309.115: [ParNew
Desired survivor size 8716288 bytes, new threshold 4 (max 6)
- age   1:    2650592 bytes,    2650592 total
- age   2:    2382904 bytes,    5033496 total
- age   3:    2376168 bytes,    7409664 total
- age   4:    2347680 bytes,    9757344 total
: 153344K->11368K(153344K), 0.0247270 secs] 712596K->573029K(1156928K), 0.0248810 secs] [Times: user=0.05 sys=0.00, real=0.03 secs] 
2014-03-09T07:41:39.445+0000: 437565.430: [GC2014-03-09T07:41:39.445+0000: 437565.430: [ParNew
Desired survivor size 8716288 bytes, new threshold 4 (max 6)
- age   1:    2693488 bytes,    2693488 total
- age   2:    2347664 bytes,    5041152 total
- age   3:    2381448 bytes,    7422600 total
- age   4:    2335968 bytes,    9758568 total
: 147688K->17024K(153344K), 0.0245460 secs] 709349K->581183K(1156928K), 0.0246910 secs] [Times: user=0.05 sys=0.00, real=0.02 secs] 
2014-03-09T07:45:55.644+0000: 437821.628: [GC2014-03-09T07:45:55.644+0000: 437821.629: [ParNew
Desired survivor size 8716288 bytes, new threshold 4 (max 6)
- age   1:    2575224 bytes,    2575224 total
- age   2:    2467280 bytes,    5042504 total
- age   3:    2347144 bytes,    7389648 total
- age   4:    2380880 bytes,    9770528 total
: 153344K->11487K(153344K), 0.0245480 secs] 717503K->578049K(1156928K), 0.0247010 secs] [Times: user=0.05 sys=0.00, real=0.02 secs] 
2014-03-09T07:50:10.498+0000: 438076.483: [GC2014-03-09T07:50:10.498+0000: 438076.483: [ParNew
Desired survivor size 8716288 bytes, new threshold 4 (max 6)
- age   1:    2583376 bytes,    2583376 total
- age   2:    2383400 bytes,    4966776 total
- age   3:    2437640 bytes,    7404416 total
- age   4:    2346632 bytes,    9751048 total
: 147807K->17023K(153344K), 0.0247730 secs] 714369K->586062K(1156928K), 0.0249380 secs] [Times: user=0.06 sys=0.00, real=0.03 secs] 
2014-03-09T07:54:26.314+0000: 438332.299: [GC2014-03-09T07:54:26.314+0000: 438332.299: [ParNew
Desired survivor size 8716288 bytes, new threshold 4 (max 6)
- age   1:    2588904 bytes,    2588904 total
- age   2:    2382384 bytes,    4971288 total
- age   3:    2382520 bytes,    7353808 total
- age   4:    2426152 bytes,    9779960 total
: 153343K->11467K(153344K), 0.0247170 secs] 722382K->582919K(1156928K), 0.0248770 secs] [Times: user=0.05 sys=0.00, real=0.02 secs] 
2014-03-09T07:58:42.468+0000: 438588.453: [GC2014-03-09T07:58:42.468+0000: 438588.453: [ParNew
Desired survivor size 8716288 bytes, new threshold 4 (max 6)
- age   1:    2578928 bytes,    2578928 total
- age   2:    2381696 bytes,    4960624 total
- age   3:    2381808 bytes,    7342432 total
- age   4:    2342480 bytes,    9684912 total
: 147787K->12816K(153344K), 0.0254220 secs] 719239K->586761K(1156928K), 0.0255720 secs] [Times: user=0.05 sys=0.00, real=0.02 secs] 
2014-03-09T08:02:59.430+0000: 438845.415: [GC2014-03-09T08:02:59.431+0000: 438845.415: [ParNew
Desired survivor size 8716288 bytes, new threshold 4 (max 6)
- age   1:    2669024 bytes,    2669024 total
- age   2:    2378056 bytes,    5047080 total
- age   3:    2380592 bytes,    7427672 total
- age   4:    2381000 bytes,    9808672 total
: 149136K->13891K(153344K), 0.0265970 secs] 723081K->590244K(1156928K), 0.0267660 secs] [Times: user=0.05 sys=0.00, real=0.03 secs] 
2014-03-09T08:07:13.719+0000: 439099.703: [GC2014-03-09T08:07:13.719+0000: 439099.703: [ParNew
Desired survivor size 8716288 bytes, new threshold 4 (max 6)
- age   1:    2615368 bytes,    2615368 total
- age   2:    2432808 bytes,    5048176 total
- age   3:    2377136 bytes,    7425312 total
- age   4:    2340680 bytes,    9765992 total
: 150211K->14112K(153344K), 0.0251120 secs] 726564K->592873K(1156928K), 0.0252720 secs] [Times: user=0.05 sys=0.00, real=0.03 secs] 
2014-03-09T08:11:29.532+0000: 439355.517: [GC2014-03-09T08:11:29.533+0000: 439355.517: [ParNew
Desired survivor size 8716288 bytes, new threshold 4 (max 6)
- age   1:    2692272 bytes,    2692272 total
- age   2:    2324392 bytes,    5016664 total
- age   3:    2431496 bytes,    7448160 total
- age   4:    2376592 bytes,    9824752 total
: 150432K->14266K(153344K), 0.0254260 secs] 729193K->595433K(1156928K), 0.0255860 secs] [Times: user=0.05 sys=0.00, real=0.03 secs] 
2014-03-09T08:15:44.935+0000: 439610.920: [GC2014-03-09T08:15:44.935+0000: 439610.920: [ParNew
Desired survivor size 8716288 bytes, new threshold 4 (max 6)
- age   1:    2687528 bytes,    2687528 total
- age   2:    2445592 bytes,    5133120 total
- age   3:    2323608 bytes,    7456728 total
- age   4:    2391184 bytes,    9847912 total
: 150586K->14313K(153344K), 0.0248860 secs] 731753K->597924K(1156928K), 0.0250450 secs] [Times: user=0.05 sys=0.00, real=0.02 secs] 
2014-03-09T08:20:00.666+0000: 439866.651: [GC2014-03-09T08:20:00.666+0000: 439866.651: [ParNew
Desired survivor size 8716288 bytes, new threshold 4 (max 6)
- age   1:    2568792 bytes,    2568792 total
- age   2:    2390400 bytes,    4959192 total
- age   3:    2445064 bytes,    7404256 total
- age   4:    2323288 bytes,    9727544 total
: 150633K->14313K(153344K), 0.0247720 secs] 734244K->600343K(1156928K), 0.0249260 secs] [Times: user=0.05 sys=0.00, real=0.02 secs] 
2014-03-09T08:24:15.269+0000: 440121.254: [GC2014-03-09T08:24:15.269+0000: 440121.254: [ParNew
Desired survivor size 8716288 bytes, new threshold 4 (max 6)
- age   1:    2690256 bytes,    2690256 total
- age   2:    2342200 bytes,    5032456 total
- age   3:    2389072 bytes,    7421528 total
- age   4:    2398936 bytes,    9820464 total
: 150633K->14312K(153344K), 0.0247570 secs] 736663K->602730K(1156928K), 0.0249100 secs] [Times: user=0.05 sys=0.00, real=0.03 secs] 
2014-03-09T08:28:30.512+0000: 440376.497: [GC2014-03-09T08:28:30.512+0000: 440376.497: [ParNew
Desired survivor size 8716288 bytes, new threshold 4 (max 6)
- age   1:    2621248 bytes,    2621248 total
- age   2:    2422512 bytes,    5043760 total
- age   3:    2341848 bytes,    7385608 total
- age   4:    2348952 bytes,    9734560 total
: 150632K->14230K(153344K), 0.0247220 secs] 739050K->605073K(1156928K), 0.0248810 secs] [Times: user=0.06 sys=0.00, real=0.03 secs] 
2014-03-09T08:32:45.490+0000: 440631.475: [GC2014-03-09T08:32:45.490+0000: 440631.475: [ParNew
Desired survivor size 8716288 bytes, new threshold 4 (max 6)
- age   1:    2685408 bytes,    2685408 total
- age   2:    2342488 bytes,    5027896 total
- age   3:    2421168 bytes,    7449064 total
- age   4:    2341352 bytes,    9790416 total
: 150550K->14258K(153344K), 0.0260840 secs] 741393K->607516K(1156928K), 0.0262360 secs] [Times: user=0.05 sys=0.00, real=0.03 secs] 
2014-03-09T08:37:00.489+0000: 440886.474: [GC2014-03-09T08:37:00.489+0000: 440886.474: [ParNew
Desired survivor size 8716288 bytes, new threshold 4 (max 6)
- age   1:    2644040 bytes,    2644040 total
- age   2:    2382520 bytes,    5026560 total
- age   3:    2341624 bytes,    7368184 total
- age   4:    2380800 bytes,    9748984 total
: 150578K->14275K(153344K), 0.0247020 secs] 743836K->609941K(1156928K), 0.0248500 secs] [Times: user=0.05 sys=0.00, real=0.02 secs] 
2014-03-09T08:41:15.680+0000: 441141.665: [GC2014-03-09T08:41:15.680+0000: 441141.665: [ParNew
Desired survivor size 8716288 bytes, new threshold 4 (max 6)
- age   1:    2666648 bytes,    2666648 total
- age   2:    2382248 bytes,    5048896 total
- age   3:    2381168 bytes,    7430064 total
- age   4:    2341400 bytes,    9771464 total
: 150595K->14233K(153344K), 0.0245000 secs] 746261K->612307K(1156928K), 0.0246510 secs] [Times: user=0.05 sys=0.00, real=0.03 secs] 
2014-03-09T08:45:30.671+0000: 441396.656: [GC2014-03-09T08:45:30.671+0000: 441396.656: [ParNew
Desired survivor size 8716288 bytes, new threshold 4 (max 6)
- age   1:    2677928 bytes,    2677928 total
- age   2:    2384192 bytes,    5062120 total
- age   3:    2381072 bytes,    7443192 total
- age   4:    2341160 bytes,    9784352 total
: 150553K->14249K(153344K), 0.0249820 secs] 748627K->614730K(1156928K), 0.0251400 secs] [Times: user=0.06 sys=0.00, real=0.03 secs] 
2014-03-09T08:49:45.638+0000: 441651.623: [GC2014-03-09T08:49:45.638+0000: 441651.623: [ParNew
Desired survivor size 8716288 bytes, new threshold 4 (max 6)
- age   1:    2683152 bytes,    2683152 total
- age   2:    2383208 bytes,    5066360 total
- age   3:    2383376 bytes,    7449736 total
- age   4:    2341016 bytes,    9790752 total
: 150569K->14227K(153344K), 0.0247150 secs] 751050K->617115K(1156928K), 0.0248650 secs] [Times: user=0.05 sys=0.00, real=0.03 secs] 
2014-03-09T08:53:49.450+0000: 441895.434: [GC2014-03-09T08:53:49.450+0000: 441895.435: [ParNew
Desired survivor size 8716288 bytes, new threshold 4 (max 6)
- age   1:    2832600 bytes,    2832600 total
- age   2:    2388400 bytes,    5221000 total
- age   3:    2381704 bytes,    7602704 total
- age   4:    2382952 bytes,    9985656 total
: 150547K->14373K(153344K), 0.0251890 secs] 753435K->619668K(1156928K), 0.0253610 secs] [Times: user=0.05 sys=0.00, real=0.03 secs] 
2014-03-09T08:58:02.260+0000: 442148.244: [GC2014-03-09T08:58:02.260+0000: 442148.244: [ParNew
Desired survivor size 8716288 bytes, new threshold 4 (max 6)
- age   1:    2532616 bytes,    2532616 total
- age   2:    2495960 bytes,    5028576 total
- age   3:    2387512 bytes,    7416088 total
- age   4:    2381384 bytes,    9797472 total
: 150693K->14415K(153344K), 0.0250120 secs] 755988K->622120K(1156928K), 0.0251740 secs] [Times: user=0.06 sys=0.00, real=0.03 secs] 
2014-03-09T09:02:09.347+0000: 442395.332: [GC2014-03-09T09:02:09.347+0000: 442395.332: [ParNew
Desired survivor size 8716288 bytes, new threshold 4 (max 6)
- age   1:    2660104 bytes,    2660104 total
- age   2:    2310192 bytes,    4970296 total
- age   3:    2369608 bytes,    7339904 total
- age   4:    2341544 bytes,    9681448 total
: 150735K->14356K(153344K), 0.0258220 secs] 758440K->624507K(1156928K), 0.0259810 secs] [Times: user=0.05 sys=0.00, real=0.02 secs] 
2014-03-09T09:06:20.910+0000: 442646.894: [GC2014-03-09T09:06:20.910+0000: 442646.894: [ParNew
Desired survivor size 8716288 bytes, new threshold 4 (max 6)
- age   1:    2603176 bytes,    2603176 total
- age   2:    2367544 bytes,    4970720 total
- age   3:    2309400 bytes,    7280120 total
- age   4:    2368528 bytes,    9648648 total
: 150676K->14198K(153344K), 0.0250950 secs] 760827K->626756K(1156928K), 0.0252600 secs] [Times: user=0.05 sys=0.00, real=0.03 secs] 
2014-03-09T09:10:28.602+0000: 442894.586: [GC2014-03-09T09:10:28.602+0000: 442894.587: [ParNew
Desired survivor size 8716288 bytes, new threshold 4 (max 6)
- age   1:    2620848 bytes,    2620848 total
- age   2:    2339752 bytes,    4960600 total
- age   3:    2305904 bytes,    7266504 total
- age   4:    2308808 bytes,    9575312 total
: 150518K->14091K(153344K), 0.0246370 secs] 763076K->629040K(1156928K), 0.0247930 secs] [Times: user=0.04 sys=0.00, real=0.03 secs] 
2014-03-09T09:14:35.385+0000: 443141.370: [GC2014-03-09T09:14:35.386+0000: 443141.370: [ParNew
Desired survivor size 8716288 bytes, new threshold 4 (max 6)
- age   1:    2650464 bytes,    2650464 total
- age   2:    2279848 bytes,    4930312 total
- age   3:    2338496 bytes,    7268808 total
- age   4:    2304872 bytes,    9573680 total
: 150411K->14017K(153344K), 0.0247900 secs] 765360K->631341K(1156928K), 0.0249450 secs] [Times: user=0.05 sys=0.00, real=0.02 secs] 
2014-03-09T09:18:48.901+0000: 443394.885: [GC2014-03-09T09:18:48.901+0000: 443394.885: [ParNew
Desired survivor size 8716288 bytes, new threshold 4 (max 6)
- age   1:    2636392 bytes,    2636392 total
- age   2:    2330264 bytes,    4966656 total
- age   3:    2279016 bytes,    7245672 total
- age   4:    2298592 bytes,    9544264 total
: 150337K->13916K(153344K), 0.0248310 secs] 767661K->633609K(1156928K), 0.0249810 secs] [Times: user=0.05 sys=0.00, real=0.03 secs] 
2014-03-09T09:23:00.909+0000: 443646.894: [GC2014-03-09T09:23:00.909+0000: 443646.894: [ParNew
Desired survivor size 8716288 bytes, new threshold 4 (max 6)
- age   1:    2527344 bytes,    2527344 total
- age   2:    2419480 bytes,    4946824 total
- age   3:    2329224 bytes,    7276048 total
- age   4:    2278840 bytes,    9554888 total
: 150236K->13928K(153344K), 0.0246070 secs] 769929K->635985K(1156928K), 0.0247620 secs] [Times: user=0.05 sys=0.00, real=0.03 secs] 
2014-03-09T09:27:13.785+0000: 443899.770: [GC2014-03-09T09:27:13.785+0000: 443899.770: [ParNew
Desired survivor size 8716288 bytes, new threshold 4 (max 6)
- age   1:    2685200 bytes,    2685200 total
- age   2:    2313176 bytes,    4998376 total
- age   3:    2372704 bytes,    7371080 total
- age   4:    2328480 bytes,    9699560 total
: 150248K->14022K(153344K), 0.0244560 secs] 772305K->638422K(1156928K), 0.0246090 secs] [Times: user=0.05 sys=0.00, real=0.02 secs] 
2014-03-09T09:31:23.909+0000: 444149.894: [GC2014-03-09T09:31:23.909+0000: 444149.894: [ParNew
Desired survivor size 8716288 bytes, new threshold 4 (max 6)
- age   1:    2599400 bytes,    2599400 total
- age   2:    2431992 bytes,    5031392 total
- age   3:    2312872 bytes,    7344264 total
- age   4:    2332360 bytes,    9676624 total
: 150342K->14020K(153344K), 0.0245110 secs] 774742K->640772K(1156928K), 0.0246820 secs] [Times: user=0.06 sys=0.00, real=0.02 secs] 
2014-03-09T09:35:36.106+0000: 444402.090: [GC2014-03-09T09:35:36.106+0000: 444402.091: [ParNew
Desired survivor size 8716288 bytes, new threshold 4 (max 6)
- age   1:    2611856 bytes,    2611856 total
- age   2:    2338128 bytes,    4949984 total
- age   3:    2385360 bytes,    7335344 total
- age   4:    2312488 bytes,    9647832 total
: 150340K->14139K(153344K), 0.0282060 secs] 777092K->643288K(1156928K), 0.0283830 secs] [Times: user=0.06 sys=0.00, real=0.03 secs] 
2014-03-09T09:39:25.623+0000: 444631.608: [GC2014-03-09T09:39:25.623+0000: 444631.608: [ParNew
Desired survivor size 8716288 bytes, new threshold 4 (max 6)
- age   1:    2709504 bytes,    2709504 total
- age   2:    2340288 bytes,    5049792 total
- age   3:    2337080 bytes,    7386872 total
- age   4:    2344752 bytes,    9731624 total
: 150459K->14218K(153344K), 0.0247520 secs] 779608K->645746K(1156928K), 0.0249120 secs] [Times: user=0.05 sys=0.00, real=0.02 secs] 
2014-03-09T09:43:28.865+0000: 444874.850: [GC2014-03-09T09:43:28.865+0000: 444874.850: [ParNew
Desired survivor size 8716288 bytes, new threshold 4 (max 6)
- age   1:    2611128 bytes,    2611128 total
- age   2:    2165536 bytes,    4776664 total
- age   3:    2339296 bytes,    7115960 total
- age   4:    2336584 bytes,    9452544 total
: 150538K->14007K(153344K), 0.0242880 secs] 782066K->647904K(1156928K), 0.0244440 secs] [Times: user=0.05 sys=0.00, real=0.02 secs] 
2014-03-09T09:47:35.654+0000: 445121.639: [GC2014-03-09T09:47:35.654+0000: 445121.639: [ParNew
Desired survivor size 8716288 bytes, new threshold 4 (max 6)
- age   1:    2610872 bytes,    2610872 total
- age   2:    2253528 bytes,    4864400 total
- age   3:    2164600 bytes,    7029000 total
- age   4:    2338768 bytes,    9367768 total
: 150327K->13814K(153344K), 0.0256190 secs] 784224K->650114K(1156928K), 0.0257780 secs] [Times: user=0.04 sys=0.00, real=0.02 secs] 
2014-03-09T09:51:45.446+0000: 445371.431: [GC2014-03-09T09:51:45.446+0000: 445371.431: [ParNew
Desired survivor size 8716288 bytes, new threshold 4 (max 6)
- age   1:    2643256 bytes,    2643256 total
- age   2:    2308392 bytes,    4951648 total
- age   3:    2252792 bytes,    7204440 total
- age   4:    2163952 bytes,    9368392 total
: 150134K->13702K(153344K), 0.0246410 secs] 786434K->652405K(1156928K), 0.0247910 secs] [Times: user=0.05 sys=0.00, real=0.02 secs] 
2014-03-09T09:55:36.377+0000: 445602.362: [GC2014-03-09T09:55:36.377+0000: 445602.362: [ParNew
Desired survivor size 8716288 bytes, new threshold 4 (max 6)
- age   1:    2968248 bytes,    2968248 total
- age   2:    2378832 bytes,    5347080 total
- age   3:    2261856 bytes,    7608936 total
- age   4:    2249976 bytes,    9858912 total
: 150022K->17024K(153344K), 0.0246610 secs] 788725K->658123K(1156928K), 0.0248090 secs] [Times: user=0.06 sys=0.00, real=0.03 secs] 
2014-03-09T09:59:09.065+0000: 445815.050: [GC2014-03-09T09:59:09.065+0000: 445815.050: [ParNew
Desired survivor size 8716288 bytes, new threshold 4 (max 6)
- age   1:    2721872 bytes,    2721872 total
- age   2:    2796904 bytes,    5518776 total
- age   3:    2378608 bytes,    7897384 total
- age   4:    2261320 bytes,   10158704 total
: 153344K->12028K(153344K), 0.0253370 secs] 794443K->655440K(1156928K), 0.0254900 secs] [Times: user=0.05 sys=0.00, real=0.02 secs] 
2014-03-09T10:02:32.584+0000: 446018.569: [GC2014-03-09T10:02:32.584+0000: 446018.569: [ParNew
Desired survivor size 8716288 bytes, new threshold 4 (max 6)
- age   1:    2577768 bytes,    2577768 total
- age   2:    1976288 bytes,    4554056 total
- age   3:    2174240 bytes,    6728296 total
- age   4:    2378464 bytes,    9106760 total
: 148348K->13383K(153344K), 0.0241830 secs] 791760K->659120K(1156928K), 0.0243650 secs] [Times: user=0.05 sys=0.00, real=0.02 secs] 
2014-03-09T10:05:43.985+0000: 446209.970: [GC2014-03-09T10:05:43.985+0000: 446209.970: [ParNew
Desired survivor size 8716288 bytes, new threshold 6 (max 6)
- age   1:    2527120 bytes,    2527120 total
- age   2:    2011000 bytes,    4538120 total
- age   3:    1973832 bytes,    6511952 total
- age   4:    2173248 bytes,    8685200 total
: 149703K->13269K(153344K), 0.0236510 secs] 795440K->661449K(1156928K), 0.0238200 secs] [Times: user=0.05 sys=0.00, real=0.02 secs] 
2014-03-09T10:09:17.131+0000: 446423.116: [GC2014-03-09T10:09:17.131+0000: 446423.116: [ParNew
Desired survivor size 8716288 bytes, new threshold 5 (max 6)
- age   1:    2566456 bytes,    2566456 total
- age   2:    1890560 bytes,    4457016 total
- age   3:    1867336 bytes,    6324352 total
- age   4:    1973448 bytes,    8297800 total
- age   5:    2172960 bytes,   10470760 total
: 149589K->16720K(153344K), 0.0208010 secs] 797769K->664900K(1156928K), 0.0209450 secs] [Times: user=0.05 sys=0.00, real=0.02 secs] 
2014-03-09T10:13:05.485+0000: 446651.470: [GC2014-03-09T10:13:05.485+0000: 446651.470: [ParNew
Desired survivor size 8716288 bytes, new threshold 5 (max 6)
- age   1:    2332968 bytes,    2332968 total
- age   2:    2009040 bytes,    4342008 total
- age   3:    1843096 bytes,    6185104 total
- age   4:    1866400 bytes,    8051504 total
- age   5:    1973064 bytes,   10024568 total
: 153040K->17024K(153344K), 0.0258260 secs] 801220K->667643K(1156928K), 0.0259970 secs] [Times: user=0.06 sys=0.00, real=0.02 secs] 
2014-03-09T10:17:13.797+0000: 446899.782: [GC2014-03-09T10:17:13.797+0000: 446899.782: [ParNew
Desired survivor size 8716288 bytes, new threshold 5 (max 6)
- age   1:    2634776 bytes,    2634776 total
- age   2:    2192336 bytes,    4827112 total
- age   3:    1954592 bytes,    6781704 total
- age   4:    1841968 bytes,    8623672 total
- age   5:    1866112 bytes,   10489784 total
: 153342K->12256K(153344K), 0.0249590 secs] 803961K->664903K(1156928K), 0.0251200 secs] [Times: user=0.06 sys=0.00, real=0.03 secs] 
2014-03-09T10:21:02.035+0000: 447128.020: [GC2014-03-09T10:21:02.036+0000: 447128.020: [ParNew
Desired survivor size 8716288 bytes, new threshold 4 (max 6)
- age   1:    2421424 bytes,    2421424 total
- age   2:    2305776 bytes,    4727200 total
- age   3:    2113848 bytes,    6841048 total
- age   4:    1952192 bytes,    8793240 total
- age   5:    1802160 bytes,   10595400 total
: 148576K->17024K(153344K), 0.0260820 secs] 801223K->671816K(1156928K), 0.0262560 secs] [Times: user=0.05 sys=0.00, real=0.02 secs] 
2014-03-09T10:25:00.714+0000: 447366.698: [GC2014-03-09T10:25:00.714+0000: 447366.698: [ParNew
Desired survivor size 8716288 bytes, new threshold 4 (max 6)
- age   1:    2531568 bytes,    2531568 total
- age   2:    2242384 bytes,    4773952 total
- age   3:    2305288 bytes,    7079240 total
- age   4:    2113384 bytes,    9192624 total
: 153344K->10171K(153344K), 0.0283510 secs] 808136K->668822K(1156928K), 0.0285140 secs] [Times: user=0.06 sys=0.00, real=0.04 secs] 
2014-03-09T10:28:52.554+0000: 447598.538: [GC2014-03-09T10:28:52.554+0000: 447598.538: [ParNew
Desired survivor size 8716288 bytes, new threshold 4 (max 6)
- age   1:    2549696 bytes,    2549696 total
- age   2:    2233528 bytes,    4783224 total
- age   3:    2168048 bytes,    6951272 total
- age   4:    2304984 bytes,    9256256 total
: 146491K->13876K(153344K), 0.0238210 secs] 805142K->674699K(1156928K), 0.0239750 secs] [Times: user=0.05 sys=0.00, real=0.03 secs] 
2014-03-09T10:32:50.335+0000: 447836.319: [GC2014-03-09T10:32:50.335+0000: 447836.319: [ParNew
Desired survivor size 8716288 bytes, new threshold 4 (max 6)
- age   1:    2680656 bytes,    2680656 total
- age   2:    2122616 bytes,    4803272 total
- age   3:    2232344 bytes,    7035616 total
- age   4:    2167584 bytes,    9203200 total
: 150196K->9106K(153344K), 0.0239880 secs] 811019K->672252K(1156928K), 0.0241520 secs] [Times: user=0.05 sys=0.00, real=0.02 secs] 
2014-03-09T10:36:30.939+0000: 448056.924: [GC2014-03-09T10:36:30.939+0000: 448056.924: [ParNew
Desired survivor size 8716288 bytes, new threshold 4 (max 6)
- age   1:    2578296 bytes,    2578296 total
- age   2:    2211128 bytes,    4789424 total
- age   3:    2119096 bytes,    6908520 total
- age   4:    2231288 bytes,    9139808 total
: 145426K->13508K(153344K), 0.0241940 secs] 808572K->678880K(1156928K), 0.0243470 secs] [Times: user=0.06 sys=0.00, real=0.03 secs] 
2014-03-09T10:40:18.911+0000: 448284.896: [GC2014-03-09T10:40:18.911+0000: 448284.896: [ParNew
Desired survivor size 8716288 bytes, new threshold 4 (max 6)
- age   1:    2520736 bytes,    2520736 total
- age   2:    2078200 bytes,    4598936 total
- age   3:    2209712 bytes,    6808648 total
- age   4:    2118272 bytes,    8926920 total
: 149828K->13276K(153344K), 0.0240650 secs] 815200K->680940K(1156928K), 0.0242230 secs] [Times: user=0.05 sys=0.00, real=0.03 secs] 
2014-03-09T10:43:50.235+0000: 448496.220: [GC2014-03-09T10:43:50.235+0000: 448496.220: [ParNew
Desired survivor size 8716288 bytes, new threshold 4 (max 6)
- age   1:    2591160 bytes,    2591160 total
- age   2:    2164688 bytes,    4755848 total
- age   3:    2076960 bytes,    6832808 total
- age   4:    2209328 bytes,    9042136 total
: 149596K->13116K(153344K), 0.0235560 secs] 817260K->682957K(1156928K), 0.0237110 secs] [Times: user=0.05 sys=0.00, real=0.02 secs] 
2014-03-09T10:47:34.127+0000: 448720.112: [GC2014-03-09T10:47:34.127+0000: 448720.112: [ParNew
Desired survivor size 8716288 bytes, new threshold 4 (max 6)
- age   1:    2601800 bytes,    2601800 total
- age   2:    2135920 bytes,    4737720 total
- age   3:    2152440 bytes,    6890160 total
- age   4:    2030624 bytes,    8920784 total
: 149436K->13082K(153344K), 0.0234200 secs] 819277K->685194K(1156928K), 0.0235790 secs] [Times: user=0.05 sys=0.00, real=0.02 secs] 
2014-03-09T10:51:23.903+0000: 448949.887: [GC2014-03-09T10:51:23.903+0000: 448949.887: [ParNew
Desired survivor size 8716288 bytes, new threshold 4 (max 6)
- age   1:    2615104 bytes,    2615104 total
- age   2:    2207768 bytes,    4822872 total
- age   3:    1935320 bytes,    6758192 total
- age   4:    2151624 bytes,    8909816 total
: 149402K->12938K(153344K), 0.0229870 secs] 821514K->687138K(1156928K), 0.0231460 secs] [Times: user=0.05 sys=0.00, real=0.02 secs] 
2014-03-09T10:55:00.602+0000: 449166.587: [GC2014-03-09T10:55:00.602+0000: 449166.587: [ParNew
Desired survivor size 8716288 bytes, new threshold 4 (max 6)
- age   1:    2546192 bytes,    2546192 total
- age   2:    2221872 bytes,    4768064 total
- age   3:    2124048 bytes,    6892112 total
- age   4:    1933920 bytes,    8826032 total
: 149258K->13015K(153344K), 0.0236280 secs] 823458K->689425K(1156928K), 0.0237940 secs] [Times: user=0.05 sys=0.00, real=0.02 secs] 
2014-03-09T10:58:46.326+0000: 449392.311: [GC2014-03-09T10:58:46.326+0000: 449392.311: [ParNew
Desired survivor size 8716288 bytes, new threshold 4 (max 6)
- age   1:    2633168 bytes,    2633168 total
- age   2:    2098200 bytes,    4731368 total
- age   3:    2149592 bytes,    6880960 total
- age   4:    2077616 bytes,    8958576 total
: 149335K->12826K(153344K), 0.0240380 secs] 825745K->691224K(1156928K), 0.0241930 secs] [Times: user=0.04 sys=0.00, real=0.02 secs] 
2014-03-09T11:02:37.218+0000: 449623.203: [GC2014-03-09T11:02:37.218+0000: 449623.203: [ParNew
Desired survivor size 8716288 bytes, new threshold 4 (max 6)
- age   1:    2636640 bytes,    2636640 total
- age   2:    2228608 bytes,    4865248 total
- age   3:    1989472 bytes,    6854720 total
- age   4:    2148744 bytes,    9003464 total
: 149146K->12981K(153344K), 0.0237540 secs] 827544K->693514K(1156928K), 0.0239160 secs] [Times: user=0.04 sys=0.00, real=0.03 secs] 
2014-03-09T11:06:23.814+0000: 449849.799: [GC2014-03-09T11:06:23.814+0000: 449849.799: [ParNew
Desired survivor size 8716288 bytes, new threshold 4 (max 6)
- age   1:    2611528 bytes,    2611528 total
- age   2:    2190120 bytes,    4801648 total
- age   3:    2074776 bytes,    6876424 total
- age   4:    1989048 bytes,    8865472 total
: 149301K->13041K(153344K), 0.0236030 secs] 829834K->695780K(1156928K), 0.0237840 secs] [Times: user=0.05 sys=0.00, real=0.02 secs] 
2014-03-09T11:10:10.813+0000: 450076.798: [GC2014-03-09T11:10:10.814+0000: 450076.798: [ParNew
Desired survivor size 8716288 bytes, new threshold 4 (max 6)
- age   1:    2565600 bytes,    2565600 total
- age   2:    2199560 bytes,    4765160 total
- age   3:    2171128 bytes,    6936288 total
- age   4:    2072808 bytes,    9009096 total
: 149361K->17023K(153344K), 0.0238840 secs] 832100K->701942K(1156928K), 0.0240600 secs] [Times: user=0.05 sys=0.00, real=0.03 secs] 
2014-03-09T11:13:39.481+0000: 450285.465: [GC2014-03-09T11:13:39.481+0000: 450285.465: [ParNew
Desired survivor size 8716288 bytes, new threshold 4 (max 6)
- age   1:    2539896 bytes,    2539896 total
- age   2:    2145064 bytes,    4684960 total
- age   3:    2080440 bytes,    6765400 total
- age   4:    2169824 bytes,    8935224 total
: 153343K->11096K(153344K), 0.0235190 secs] 838262K->698145K(1156928K), 0.0236640 secs] [Times: user=0.05 sys=0.00, real=0.03 secs] 
2014-03-09T11:17:10.132+0000: 450496.117: [GC2014-03-09T11:17:10.132+0000: 450496.117: [ParNew
Desired survivor size 8716288 bytes, new threshold 6 (max 6)
- age   1:    2528824 bytes,    2528824 total
- age   2:    1936024 bytes,    4464848 total
- age   3:    2134072 bytes,    6598920 total
- age   4:    2079400 bytes,    8678320 total
: 147416K->11761K(153344K), 0.0245600 secs] 834465K->701040K(1156928K), 0.0247380 secs] [Times: user=0.05 sys=0.00, real=0.03 secs] 
2014-03-09T11:20:52.131+0000: 450718.115: [GC2014-03-09T11:20:52.131+0000: 450718.115: [ParNew
Desired survivor size 8716288 bytes, new threshold 5 (max 6)
- age   1:    2537952 bytes,    2537952 total
- age   2:    2021152 bytes,    4559104 total
- age   3:    1934048 bytes,    6493152 total
- age   4:    2133288 bytes,    8626440 total
- age   5:    2079064 bytes,   10705504 total
: 148081K->16343K(153344K), 0.0205320 secs] 837360K->705622K(1156928K), 0.0206820 secs] [Times: user=0.04 sys=0.00, real=0.02 secs] 
2014-03-09T11:24:40.820+0000: 450946.805: [GC2014-03-09T11:24:40.820+0000: 450946.805: [ParNew
Desired survivor size 8716288 bytes, new threshold 5 (max 6)
- age   1:    2334664 bytes,    2334664 total
- age   2:    2035456 bytes,    4370120 total
- age   3:    1940032 bytes,    6310152 total
- age   4:    1932072 bytes,    8242224 total
- age   5:    2133000 bytes,   10375224 total
: 152663K->17024K(153344K), 0.0258090 secs] 841942K->708619K(1156928K), 0.0259720 secs] [Times: user=0.06 sys=0.00, real=0.03 secs] 
2014-03-09T11:28:30.916+0000: 451176.901: [GC2014-03-09T11:28:30.916+0000: 451176.901: [ParNew
Desired survivor size 8716288 bytes, new threshold 5 (max 6)
- age   1:    2521416 bytes,    2521416 total
- age   2:    2113576 bytes,    4634992 total
- age   3:    2034240 bytes,    6669232 total
- age   4:    1938712 bytes,    8607944 total
- age   5:    1931744 bytes,   10539688 total
: 153344K->12637K(153344K), 0.0257120 secs] 844939K->706424K(1156928K), 0.0258710 secs] [Times: user=0.06 sys=0.00, real=0.03 secs] 
2014-03-09T11:32:24.779+0000: 451410.764: [GC2014-03-09T11:32:24.779+0000: 451410.764: [ParNew
Desired survivor size 8716288 bytes, new threshold 4 (max 6)
- age   1:    2454912 bytes,    2454912 total
- age   2:    2128424 bytes,    4583336 total
- age   3:    2111576 bytes,    6694912 total
- age   4:    2033328 bytes,    8728240 total
- age   5:    1938088 bytes,   10666328 total
: 148957K->17024K(153344K), 0.0257320 secs] 842744K->712962K(1156928K), 0.0259010 secs] [Times: user=0.05 sys=0.00, real=0.03 secs] 
2014-03-09T11:36:17.438+0000: 451643.423: [GC2014-03-09T11:36:17.438+0000: 451643.423: [ParNew
Desired survivor size 8716288 bytes, new threshold 4 (max 6)
- age   1:    2512888 bytes,    2512888 total
- age   2:    2245832 bytes,    4758720 total
- age   3:    2116904 bytes,    6875624 total
- age   4:    2111168 bytes,    8986792 total
: 153344K->10270K(153344K), 0.0282980 secs] 849282K->710292K(1156928K), 0.0284890 secs] [Times: user=0.06 sys=0.00, real=0.03 secs] 
2014-03-09T11:39:54.156+0000: 451860.141: [GC2014-03-09T11:39:54.156+0000: 451860.141: [ParNew
Desired survivor size 8716288 bytes, new threshold 4 (max 6)
- age   1:    2634560 bytes,    2634560 total
- age   2:    2122264 bytes,    4756824 total
- age   3:    2244536 bytes,    7001360 total
- age   4:    2116320 bytes,    9117680 total
: 146590K->9229K(153344K), 0.0235660 secs] 846612K->711421K(1156928K), 0.0237260 secs] [Times: user=0.05 sys=0.00, real=0.02 secs] 
2014-03-09T11:43:33.933+0000: 452079.917: [GC2014-03-09T11:43:33.933+0000: 452079.917: [ParNew
Desired survivor size 8716288 bytes, new threshold 4 (max 6)
- age   1:    2622536 bytes,    2622536 total
- age   2:    2011920 bytes,    4634456 total
- age   3:    2121136 bytes,    6755592 total
- age   4:    2243600 bytes,    8999192 total
: 145549K->13318K(153344K), 0.0248310 secs] 847741K->717686K(1156928K), 0.0250120 secs] [Times: user=0.05 sys=0.00, real=0.03 secs] 
2014-03-09T11:47:16.287+0000: 452302.271: [GC2014-03-09T11:47:16.287+0000: 452302.271: [ParNew
Desired survivor size 8716288 bytes, new threshold 4 (max 6)
- age   1:    2574960 bytes,    2574960 total
- age   2:    2128024 bytes,    4702984 total
- age   3:    2009680 bytes,    6712664 total
- age   4:    2120688 bytes,    8833352 total
: 149638K->13133K(153344K), 0.0244650 secs] 854006K->719804K(1156928K), 0.0246330 secs] [Times: user=0.05 sys=0.00, real=0.02 secs] 
2014-03-09T11:51:05.328+0000: 452531.313: [GC2014-03-09T11:51:05.328+0000: 452531.313: [ParNew
Desired survivor size 8716288 bytes, new threshold 6 (max 6)
- age   1:    2534992 bytes,    2534992 total
- age   2:    2036640 bytes,    4571632 total
- age   3:    2036376 bytes,    6608008 total
- age   4:    2009088 bytes,    8617096 total
: 149453K->8654K(153344K), 0.0233160 secs] 856124K->717505K(1156928K), 0.0234870 secs] [Times: user=0.05 sys=0.00, real=0.02 secs] 
2014-03-09T11:54:48.076+0000: 452754.061: [GC2014-03-09T11:54:48.076+0000: 452754.061: [ParNew
Desired survivor size 8716288 bytes, new threshold 4 (max 6)
- age   1:    2735120 bytes,    2735120 total
- age   2:    2119256 bytes,    4854376 total
- age   3:    2030288 bytes,    6884664 total
- age   4:    2035528 bytes,    8920192 total
- age   5:    2008256 bytes,   10928448 total
: 144974K->16799K(153344K), 0.0208500 secs] 853825K->725651K(1156928K), 0.0209980 secs] [Times: user=0.04 sys=0.00, real=0.02 secs] 
2014-03-09T11:58:42.910+0000: 452988.895: [GC2014-03-09T11:58:42.911+0000: 452988.895: [ParNew
Desired survivor size 8716288 bytes, new threshold 4 (max 6)
- age   1:    2551696 bytes,    2551696 total
- age   2:    2037296 bytes,    4588992 total
- age   3:    2117128 bytes,    6706120 total
- age   4:    2029936 bytes,    8736056 total
: 153119K->10042K(153344K), 0.0279820 secs] 861971K->723051K(1156928K), 0.0281340 secs] [Times: user=0.06 sys=0.00, real=0.03 secs] 
2014-03-09T12:02:00.916+0000: 453186.901: [GC2014-03-09T12:02:00.916+0000: 453186.901: [ParNew
Desired survivor size 8716288 bytes, new threshold 4 (max 6)
- age   1:    2746464 bytes,    2746464 total
- age   2:    2204080 bytes,    4950544 total
- age   3:    2030176 bytes,    6980720 total
- age   4:    2114400 bytes,    9095120 total
: 146362K->13507K(153344K), 0.0241140 secs] 859371K->728602K(1156928K), 0.0242920 secs] [Times: user=0.05 sys=0.00, real=0.02 secs] 
2014-03-09T12:06:00.916+0000: 453426.901: [GC2014-03-09T12:06:00.916+0000: 453426.901: [ParNew
Desired survivor size 8716288 bytes, new threshold 6 (max 6)
- age   1:    2551288 bytes,    2551288 total
- age   2:    1885536 bytes,    4436824 total
- age   3:    2202016 bytes,    6638840 total
- age   4:    2029912 bytes,    8668752 total
: 149827K->12988K(153344K), 0.0235920 secs] 864922K->730257K(1156928K), 0.0237670 secs] [Times: user=0.06 sys=0.00, real=0.02 secs] 
2014-03-09T12:10:00.037+0000: 453666.021: [GC2014-03-09T12:10:00.037+0000: 453666.021: [ParNew
Desired survivor size 8716288 bytes, new threshold 4 (max 6)
- age   1:    2623728 bytes,    2623728 total
- age   2:    2219800 bytes,    4843528 total
- age   3:    1882960 bytes,    6726488 total
- age   4:    2201488 bytes,    8927976 total
- age   5:    2029720 bytes,   10957696 total
: 149308K->16917K(153344K), 0.0209390 secs] 866577K->734186K(1156928K), 0.0211170 secs] [Times: user=0.04 sys=0.00, real=0.02 secs] 
2014-03-09T12:13:41.969+0000: 453887.954: [GC2014-03-09T12:13:41.969+0000: 453887.954: [ParNew
Desired survivor size 8716288 bytes, new threshold 4 (max 6)
- age   1:    2513528 bytes,    2513528 total
- age   2:    2254128 bytes,    4767656 total
- age   3:    2208976 bytes,    6976632 total
- age   4:    1881632 bytes,    8858264 total
: 153237K->10290K(153344K), 0.0286630 secs] 870506K->731909K(1156928K), 0.0288150 secs] [Times: user=0.06 sys=0.00, real=0.03 secs] 
2014-03-09T12:16:34.295+0000: 454060.280: [GC2014-03-09T12:16:34.295+0000: 454060.280: [ParNew
Desired survivor size 8716288 bytes, new threshold 4 (max 6)
- age   1:    2666160 bytes,    2666160 total
- age   2:    2069080 bytes,    4735240 total
- age   3:    2252976 bytes,    6988216 total
- age   4:    2208392 bytes,    9196608 total
: 146610K->17024K(153344K), 0.0249420 secs] 868229K->741038K(1156928K), 0.0251050 secs] [Times: user=0.05 sys=0.00, real=0.02 secs] 
2014-03-09T12:20:11.068+0000: 454277.053: [GC2014-03-09T12:20:11.068+0000: 454277.053: [ParNew
Desired survivor size 8716288 bytes, new threshold 4 (max 6)
- age   1:    2508888 bytes,    2508888 total
- age   2:    2415808 bytes,    4924696 total
- age   3:    2065120 bytes,    6989816 total
- age   4:    2252616 bytes,    9242432 total
: 153344K->11398K(153344K), 0.0244420 secs] 877358K->737683K(1156928K), 0.0246200 secs] [Times: user=0.05 sys=0.00, real=0.02 secs] 
2014-03-09T12:23:55.909+0000: 454501.894: [GC2014-03-09T12:23:55.909+0000: 454501.894: [ParNew
Desired survivor size 8716288 bytes, new threshold 6 (max 6)
- age   1:    2561416 bytes,    2561416 total
- age   2:    2025648 bytes,    4587064 total
- age   3:    1767480 bytes,    6354544 total
- age   4:    2064704 bytes,    8419248 total
: 147718K->12158K(153344K), 0.0230030 secs] 874003K->740712K(1156928K), 0.0231590 secs] [Times: user=0.05 sys=0.00, real=0.02 secs] 
2014-03-09T12:27:15.434+0000: 454701.419: [GC2014-03-09T12:27:15.434+0000: 454701.419: [ParNew
Desired survivor size 8716288 bytes, new threshold 5 (max 6)
- age   1:    2514704 bytes,    2514704 total
- age   2:    2070464 bytes,    4585168 total
- age   3:    2004136 bytes,    6589304 total
- age   4:    1756824 bytes,    8346128 total
- age   5:    2064392 bytes,   10410520 total
: 148478K->16314K(153344K), 0.0200600 secs] 877032K->744867K(1156928K), 0.0202140 secs] [Times: user=0.04 sys=0.00, real=0.02 secs] 
2014-03-09T12:30:55.830+0000: 454921.815: [GC2014-03-09T12:30:55.831+0000: 454921.815: [ParNew
Desired survivor size 8716288 bytes, new threshold 5 (max 6)
- age   1:    2530600 bytes,    2530600 total
- age   2:    1897184 bytes,    4427784 total
- age   3:    2069752 bytes,    6497536 total
- age   4:    2003472 bytes,    8501008 total
- age   5:    1756728 bytes,   10257736 total
: 152634K->14269K(153344K), 0.0253070 secs] 881187K->744943K(1156928K), 0.0254650 secs] [Times: user=0.05 sys=0.00, real=0.03 secs] 
2014-03-09T12:34:19.821+0000: 455125.806: [GC2014-03-09T12:34:19.821+0000: 455125.806: [ParNew
Desired survivor size 8716288 bytes, new threshold 5 (max 6)
- age   1:    2555480 bytes,    2555480 total
- age   2:    2084528 bytes,    4640008 total
- age   3:    1841872 bytes,    6481880 total
- age   4:    2069280 bytes,    8551160 total
- age   5:    2003160 bytes,   10554320 total
: 150589K->14849K(153344K), 0.0251580 secs] 881263K->747321K(1156928K), 0.0253300 secs] [Times: user=0.05 sys=0.00, real=0.03 secs] 
2014-03-09T12:37:54.200+0000: 455340.184: [GC2014-03-09T12:37:54.200+0000: 455340.185: [ParNew
Desired survivor size 8716288 bytes, new threshold 5 (max 6)
- age   1:    2449072 bytes,    2449072 total
- age   2:    1912168 bytes,    4361240 total
- age   3:    2073312 bytes,    6434552 total
- age   4:    1840368 bytes,    8274920 total
- age   5:    2069040 bytes,   10343960 total
: 151169K->15144K(153344K), 0.0281230 secs] 883641K->749677K(1156928K), 0.0283240 secs] [Times: user=0.05 sys=0.00, real=0.03 secs] 
2014-03-09T12:41:40.440+0000: 455566.425: [GC2014-03-09T12:41:40.440+0000: 455566.425: [ParNew
Desired survivor size 8716288 bytes, new threshold 5 (max 6)
- age   1:    2517280 bytes,    2517280 total
- age   2:    2017872 bytes,    4535152 total
- age   3:    1856536 bytes,    6391688 total
- age   4:    2072392 bytes,    8464080 total
- age   5:    1839936 bytes,   10304016 total
: 151464K->10096K(153344K), 0.0249330 secs] 885997K->746755K(1156928K), 0.0251000 secs] [Times: user=0.05 sys=0.00, real=0.03 secs] 
2014-03-09T12:45:12.883+0000: 455778.868: [GC2014-03-09T12:45:12.883+0000: 455778.868: [ParNew
Desired survivor size 8716288 bytes, new threshold 4 (max 6)
- age   1:    2742576 bytes,    2742576 total
- age   2:    2113512 bytes,    4856088 total
- age   3:    2006408 bytes,    6862496 total
- age   4:    1855624 bytes,    8718120 total
- age   5:    2032448 bytes,   10750568 total
: 146416K->15029K(153344K), 0.0253280 secs] 883075K->753579K(1156928K), 0.0255040 secs] [Times: user=0.06 sys=0.00, real=0.02 secs] 
2014-03-09T12:48:49.614+0000: 455995.599: [GC2014-03-09T12:48:49.614+0000: 455995.599: [ParNew
Desired survivor size 8716288 bytes, new threshold 4 (max 6)
- age   1:    2503672 bytes,    2503672 total
- age   2:    2244080 bytes,    4747752 total
- age   3:    2111928 bytes,    6859680 total
- age   4:    2004936 bytes,    8864616 total
: 151349K->10371K(153344K), 0.0274410 secs] 889899K->752919K(1156928K), 0.0276040 secs] [Times: user=0.06 sys=0.01, real=0.03 secs] 
2014-03-09T12:52:39.674+0000: 456225.659: [GC2014-03-09T12:52:39.674+0000: 456225.659: [ParNew
Desired survivor size 8716288 bytes, new threshold 4 (max 6)
- age   1:    2539936 bytes,    2539936 total
- age   2:    1987512 bytes,    4527448 total
- age   3:    2152464 bytes,    6679912 total
- age   4:    2111064 bytes,    8790976 total
: 146691K->9011K(153344K), 0.0230590 secs] 889239K->753620K(1156928K), 0.0232150 secs] [Times: user=0.05 sys=0.00, real=0.02 secs] 
2014-03-09T12:56:12.075+0000: 456438.060: [GC2014-03-09T12:56:12.075+0000: 456438.060: [ParNew
Desired survivor size 8716288 bytes, new threshold 4 (max 6)
- age   1:    2527752 bytes,    2527752 total
- age   2:    2161016 bytes,    4688768 total
- age   3:    1986592 bytes,    6675360 total
- age   4:    2103768 bytes,    8779128 total
: 145331K->13135K(153344K), 0.0238700 secs] 889940K->759913K(1156928K), 0.0240500 secs] [Times: user=0.05 sys=0.00, real=0.02 secs] 
2014-03-09T12:59:30.688+0000: 456636.672: [GC2014-03-09T12:59:30.688+0000: 456636.672: [ParNew
Desired survivor size 8716288 bytes, new threshold 6 (max 6)
- age   1:    2458168 bytes,    2458168 total
- age   2:    2023888 bytes,    4482056 total
- age   3:    2149176 bytes,    6631232 total
- age   4:    1985856 bytes,    8617088 total
: 149455K->8625K(153344K), 0.0226180 secs] 896233K->757442K(1156928K), 0.0227710 secs] [Times: user=0.05 sys=0.00, real=0.02 secs] 
2014-03-09T13:03:15.909+0000: 456861.894: [GC2014-03-09T13:03:15.909+0000: 456861.894: [ParNew
Desired survivor size 8716288 bytes, new threshold 5 (max 6)
- age   1:    2562432 bytes,    2562432 total
- age   2:    1861144 bytes,    4423576 total
- age   3:    1967552 bytes,    6391128 total
- age   4:    2148688 bytes,    8539816 total
- age   5:    1985472 bytes,   10525288 total
: 144945K->16464K(153344K), 0.0203830 secs] 893762K->765281K(1156928K), 0.0205350 secs] [Times: user=0.04 sys=0.00, real=0.02 secs] 
2014-03-09T13:06:55.650+0000: 457081.635: [GC2014-03-09T13:06:55.650+0000: 457081.635: [ParNew
Desired survivor size 8716288 bytes, new threshold 5 (max 6)
- age   1:    2405632 bytes,    2405632 total
- age   2:    2080696 bytes,    4486328 total
- age   3:    1848672 bytes,    6335000 total
- age   4:    1966768 bytes,    8301768 total
- age   5:    2148112 bytes,   10449880 total
: 152784K->17024K(153344K), 0.0269440 secs] 901601K->768119K(1156928K), 0.0271120 secs] [Times: user=0.05 sys=0.00, real=0.03 secs] 
2014-03-09T13:10:23.025+0000: 457289.010: [GC2014-03-09T13:10:23.025+0000: 457289.010: [ParNew
Desired survivor size 8716288 bytes, new threshold 5 (max 6)
- age   1:    2603056 bytes,    2603056 total
- age   2:    2083640 bytes,    4686696 total
- age   3:    2070176 bytes,    6756872 total
- age   4:    1847232 bytes,    8604104 total
- age   5:    1966600 bytes,   10570704 total
: 153344K->12740K(153344K), 0.0255330 secs] 904439K->766044K(1156928K), 0.0257090 secs] [Times: user=0.06 sys=0.00, real=0.02 secs] 
2014-03-09T13:13:41.079+0000: 457487.064: [GC2014-03-09T13:13:41.079+0000: 457487.064: [ParNew
Desired survivor size 8716288 bytes, new threshold 5 (max 6)
- age   1:    2204560 bytes,    2204560 total
- age   2:    1992056 bytes,    4196616 total
- age   3:    2026176 bytes,    6222792 total
- age   4:    2069048 bytes,    8291840 total
- age   5:    1846312 bytes,   10138152 total
: 149060K->17024K(153344K), 0.0255860 secs] 902364K->772690K(1156928K), 0.0257560 secs] [Times: user=0.05 sys=0.00, real=0.03 secs] 
2014-03-09T13:17:30.524+0000: 457716.508: [GC2014-03-09T13:17:30.524+0000: 457716.509: [ParNew
Desired survivor size 8716288 bytes, new threshold 5 (max 6)
- age   1:    2515424 bytes,    2515424 total
- age   2:    1896360 bytes,    4411784 total
- age   3:    1904624 bytes,    6316408 total
- age   4:    2025688 bytes,    8342096 total
- age   5:    2068808 bytes,   10410904 total
: 153344K->12158K(153344K), 0.0249780 secs] 909010K->769721K(1156928K), 0.0251460 secs] [Times: user=0.05 sys=0.00, real=0.02 secs] 
2014-03-09T13:20:45.916+0000: 457911.901: [GC2014-03-09T13:20:45.916+0000: 457911.901: [ParNew
Desired survivor size 8716288 bytes, new threshold 5 (max 6)
- age   1:    2022120 bytes,    2022120 total
- age   2:    2114600 bytes,    4136720 total
- age   3:    1872600 bytes,    6009320 total
- age   4:    1904192 bytes,    7913512 total
- age   5:    2025304 bytes,    9938816 total
: 148478K->17024K(153344K), 0.0259820 secs] 906041K->777046K(1156928K), 0.0261580 secs] [Times: user=0.06 sys=0.00, real=0.03 secs] 
2014-03-09T13:23:50.351+0000: 458096.336: [GC2014-03-09T13:23:50.351+0000: 458096.336: [ParNew
Desired survivor size 8716288 bytes, new threshold 5 (max 6)
- age   1:    2728232 bytes,    2728232 total
- age   2:    1804056 bytes,    4532288 total
- age   3:    2114280 bytes,    6646568 total
- age   4:    1870504 bytes,    8517072 total
- age   5:    1903856 bytes,   10420928 total
: 153344K->12146K(153344K), 0.0258350 secs] 913366K->774250K(1156928K), 0.0259990 secs] [Times: user=0.05 sys=0.00, real=0.03 secs] 
2014-03-09T13:26:48.855+0000: 458274.840: [GC2014-03-09T13:26:48.855+0000: 458274.840: [ParNew
Desired survivor size 8716288 bytes, new threshold 5 (max 6)
- age   1:    2504368 bytes,    2504368 total
- age   2:    1960848 bytes,    4465216 total
- age   3:    1795120 bytes,    6260336 total
- age   4:    2113848 bytes,    8374184 total
- age   5:    1870056 bytes,   10244240 total
: 148466K->17024K(153344K), 0.0256900 secs] 910570K->781466K(1156928K), 0.0258560 secs] [Times: user=0.06 sys=0.00, real=0.02 secs] 
2014-03-09T13:30:19.392+0000: 458485.377: [GC2014-03-09T13:30:19.392+0000: 458485.377: [ParNew
Desired survivor size 8716288 bytes, new threshold 5 (max 6)
- age   1:    2725040 bytes,    2725040 total
- age   2:    2129064 bytes,    4854104 total
- age   3:    1831560 bytes,    6685664 total
- age   4:    1794832 bytes,    8480496 total
- age   5:    2113704 bytes,   10594200 total
: 153344K->12196K(153344K), 0.0248850 secs] 917786K->778559K(1156928K), 0.0250590 secs] [Times: user=0.06 sys=0.00, real=0.03 secs] 
2014-03-09T13:33:50.567+0000: 458696.552: [GC2014-03-09T13:33:50.567+0000: 458696.552: [ParNew
Desired survivor size 8716288 bytes, new threshold 5 (max 6)
- age   1:    2224168 bytes,    2224168 total
- age   2:    1938736 bytes,    4162904 total
- age   3:    1676192 bytes,    5839096 total
- age   4:    1830336 bytes,    7669432 total
- age   5:    1794176 bytes,    9463608 total
: 148516K->17024K(153344K), 0.0255620 secs] 914879K->785826K(1156928K), 0.0257580 secs] [Times: user=0.06 sys=0.00, real=0.02 secs] 
2014-03-09T13:37:35.079+0000: 458921.064: [GC2014-03-09T13:37:35.079+0000: 458921.064: [ParNew
Desired survivor size 8716288 bytes, new threshold 5 (max 6)
- age   1:    2530616 bytes,    2530616 total
- age   2:    1996856 bytes,    4527472 total
- age   3:    1937200 bytes,    6464672 total
- age   4:    1672456 bytes,    8137128 total
- age   5:    1829440 bytes,    9966568 total
: 153344K->11691K(153344K), 0.0247220 secs] 922146K->782338K(1156928K), 0.0248900 secs] [Times: user=0.05 sys=0.00, real=0.03 secs] 
2014-03-09T13:41:12.895+0000: 459138.879: [GC2014-03-09T13:41:12.895+0000: 459138.879: [ParNew
Desired survivor size 8716288 bytes, new threshold 5 (max 6)
- age   1:    2307928 bytes,    2307928 total
- age   2:    2073000 bytes,    4380928 total
- age   3:    1980672 bytes,    6361600 total
- age   4:    1935776 bytes,    8297376 total
- age   5:    1672264 bytes,    9969640 total
: 148011K->17024K(153344K), 0.0251640 secs] 918658K->789816K(1156928K), 0.0253280 secs] [Times: user=0.06 sys=0.00, real=0.02 secs] 
2014-03-09T13:45:10.317+0000: 459376.302: [GC2014-03-09T13:45:10.317+0000: 459376.302: [ParNew
Desired survivor size 8716288 bytes, new threshold 5 (max 6)
- age   1:    2594024 bytes,    2594024 total
- age   2:    2003800 bytes,    4597824 total
- age   3:    2071736 bytes,    6669560 total
- age   4:    1934552 bytes,    8604112 total
- age   5:    1935536 bytes,   10539648 total
: 153344K->11726K(153344K), 0.0252770 secs] 926136K->786237K(1156928K), 0.0254530 secs] [Times: user=0.06 sys=0.00, real=0.03 secs] 
2014-03-09T13:48:34.187+0000: 459580.172: [GC2014-03-09T13:48:34.187+0000: 459580.172: [ParNew
Desired survivor size 8716288 bytes, new threshold 4 (max 6)
- age   1:    2586368 bytes,    2586368 total
- age   2:    2232120 bytes,    4818488 total
- age   3:    2000120 bytes,    6818608 total
- age   4:    2071016 bytes,    8889624 total
- age   5:    1933984 bytes,   10823608 total
: 148046K->17024K(153344K), 0.0261470 secs] 922557K->793820K(1156928K), 0.0263060 secs] [Times: user=0.06 sys=0.00, real=0.02 secs] 
2014-03-09T13:52:30.782+0000: 459816.767: [GC2014-03-09T13:52:30.782+0000: 459816.767: [ParNew
Desired survivor size 8716288 bytes, new threshold 4 (max 6)
- age   1:    2512776 bytes,    2512776 total
- age   2:    2306136 bytes,    4818912 total
- age   3:    2231760 bytes,    7050672 total
- age   4:    1999736 bytes,    9050408 total
: 153344K->10337K(153344K), 0.0281490 secs] 930140K->791250K(1156928K), 0.0283100 secs] [Times: user=0.06 sys=0.00, real=0.02 secs] 
2014-03-09T13:56:32.729+0000: 460058.714: [GC2014-03-09T13:56:32.730+0000: 460058.714: [ParNew
Desired survivor size 8716288 bytes, new threshold 4 (max 6)
- age   1:    2496928 bytes,    2496928 total
- age   2:    2180000 bytes,    4676928 total
- age   3:    2305832 bytes,    6982760 total
- age   4:    2231136 bytes,    9213896 total
: 146657K->13728K(153344K), 0.0245940 secs] 927570K->796697K(1156928K), 0.0247490 secs] [Times: user=0.05 sys=0.00, real=0.03 secs] 
2014-03-09T13:59:57.393+0000: 460263.378: [GC2014-03-09T13:59:57.394+0000: 460263.378: [ParNew
Desired survivor size 8716288 bytes, new threshold 4 (max 6)
- age   1:    2744488 bytes,    2744488 total
- age   2:    2207648 bytes,    4952136 total
- age   3:    2176856 bytes,    7128992 total
- age   4:    2242008 bytes,    9371000 total
: 150048K->13790K(153344K), 0.0242840 secs] 933017K->799050K(1156928K), 0.0244510 secs] [Times: user=0.05 sys=0.00, real=0.03 secs] 
2014-03-09T14:03:41.020+0000: 460487.005: [GC2014-03-09T14:03:41.020+0000: 460487.005: [ParNew
Desired survivor size 8716288 bytes, new threshold 4 (max 6)
- age   1:    2526744 bytes,    2526744 total
- age   2:    2007440 bytes,    4534184 total
- age   3:    2207184 bytes,    6741368 total
- age   4:    2175920 bytes,    8917288 total
: 150110K->13367K(153344K), 0.0233940 secs] 935370K->800801K(1156928K), 0.0235630 secs] [Times: user=0.04 sys=0.00, real=0.03 secs] 
2014-03-09T14:07:07.804+0000: 460693.789: [GC2014-03-09T14:07:07.804+0000: 460693.789: [ParNew
Desired survivor size 8716288 bytes, new threshold 4 (max 6)
- age   1:    2672288 bytes,    2672288 total
- age   2:    2055264 bytes,    4727552 total
- age   3:    1995992 bytes,    6723544 total
- age   4:    2206704 bytes,    8930248 total
: 149687K->13203K(153344K), 0.0240110 secs] 937121K->802872K(1156928K), 0.0242060 secs] [Times: user=0.05 sys=0.00, real=0.02 secs] 
2014-03-09T14:10:45.265+0000: 460911.250: [GC2014-03-09T14:10:45.265+0000: 460911.250: [ParNew
Desired survivor size 8716288 bytes, new threshold 6 (max 6)
- age   1:    2526488 bytes,    2526488 total
- age   2:    2026256 bytes,    4552744 total
- age   3:    2052336 bytes,    6605080 total
- age   4:    1994400 bytes,    8599480 total
: 149523K->12898K(153344K), 0.0235190 secs] 939192K->804837K(1156928K), 0.0236860 secs] [Times: user=0.05 sys=0.00, real=0.02 secs] 
2014-03-09T14:13:52.167+0000: 461098.152: [GC2014-03-09T14:13:52.167+0000: 461098.152: [ParNew
Desired survivor size 8716288 bytes, new threshold 5 (max 6)
- age   1:    2510376 bytes,    2510376 total
- age   2:    2032216 bytes,    4542592 total
- age   3:    1926144 bytes,    6468736 total
- age   4:    2051896 bytes,    8520632 total
- age   5:    1993904 bytes,   10514536 total
: 149218K->16841K(153344K), 0.0203710 secs] 941157K->808779K(1156928K), 0.0205180 secs] [Times: user=0.04 sys=0.00, real=0.02 secs] 
2014-03-09T14:16:45.158+0000: 461271.143: [GC2014-03-09T14:16:45.158+0000: 461271.143: [ParNew
Desired survivor size 8716288 bytes, new threshold 5 (max 6)
- age   1:    2371264 bytes,    2371264 total
- age   2:    1799200 bytes,    4170464 total
- age   3:    2019152 bytes,    6189616 total
- age   4:    1925632 bytes,    8115248 total
- age   5:    2051536 bytes,   10166784 total
: 153161K->14686K(153344K), 0.0250190 secs] 945099K->808670K(1156928K), 0.0251880 secs] [Times: user=0.05 sys=0.00, real=0.03 secs] 
2014-03-09T14:20:34.909+0000: 461500.894: [GC2014-03-09T14:20:34.909+0000: 461500.894: [ParNew
Desired survivor size 8716288 bytes, new threshold 5 (max 6)
- age   1:    2618120 bytes,    2618120 total
- age   2:    1707032 bytes,    4325152 total
- age   3:    1753032 bytes,    6078184 total
- age   4:    2017928 bytes,    8096112 total
- age   5:    1925344 bytes,   10021456 total
: 151006K->14376K(153344K), 0.0248820 secs] 944990K->810468K(1156928K), 0.0250540 secs] [Times: user=0.05 sys=0.00, real=0.03 secs] 
2014-03-09T14:24:26.349+0000: 461732.334: [GC2014-03-09T14:24:26.349+0000: 461732.334: [ParNew
Desired survivor size 8716288 bytes, new threshold 5 (max 6)
- age   1:    2680984 bytes,    2680984 total
- age   2:    2177472 bytes,    4858456 total
- age   3:    1610048 bytes,    6468504 total
- age   4:    1750744 bytes,    8219248 total
- age   5:    2017352 bytes,   10236600 total
: 150694K->14545K(153344K), 0.0244920 secs] 946786K->812616K(1156928K), 0.0246520 secs] [Times: user=0.05 sys=0.00, real=0.02 secs] 
2014-03-09T14:28:17.875+0000: 461963.860: [GC2014-03-09T14:28:17.875+0000: 461963.860: [ParNew
Desired survivor size 8716288 bytes, new threshold 5 (max 6)
- age   1:    2565600 bytes,    2565600 total
- age   2:    2189064 bytes,    4754664 total
- age   3:    2105424 bytes,    6860088 total
- age   4:    1608344 bytes,    8468432 total
- age   5:    1710752 bytes,   10179184 total
: 150865K->14776K(153344K), 0.0247640 secs] 948936K->814920K(1156928K), 0.0249150 secs] [Times: user=0.05 sys=0.00, real=0.02 secs] 
2014-03-09T14:32:09.606+0000: 462195.591: [GC2014-03-09T14:32:09.606+0000: 462195.591: [ParNew
Desired survivor size 8716288 bytes, new threshold 4 (max 6)
- age   1:    2505080 bytes,    2505080 total
- age   2:    2179200 bytes,    4684280 total
- age   3:    2138592 bytes,    6822872 total
- age   4:    2104856 bytes,    8927728 total
- age   5:    1608176 bytes,   10535904 total
: 151096K->17024K(153344K), 0.0252160 secs] 951240K->819106K(1156928K), 0.0253860 secs] [Times: user=0.05 sys=0.00, real=0.02 secs] 
2014-03-09T14:36:10.380+0000: 462436.365: [GC2014-03-09T14:36:10.380+0000: 462436.365: [ParNew
Desired survivor size 8716288 bytes, new threshold 4 (max 6)
- age   1:    2535352 bytes,    2535352 total
- age   2:    2291176 bytes,    4826528 total
- age   3:    2177880 bytes,    7004408 total
- age   4:    2137784 bytes,    9142192 total
: 153344K->10287K(153344K), 0.0283600 secs] 955426K->816186K(1156928K), 0.0285440 secs] [Times: user=0.06 sys=0.00, real=0.03 secs] 
2014-03-09T14:39:49.909+0000: 462655.894: [GC2014-03-09T14:39:49.909+0000: 462655.894: [ParNew
Desired survivor size 8716288 bytes, new threshold 4 (max 6)
- age   1:    2626248 bytes,    2626248 total
- age   2:    2236384 bytes,    4862632 total
- age   3:    2228656 bytes,    7091288 total
- age   4:    2176384 bytes,    9267672 total
: 146607K->9434K(153344K), 0.0238410 secs] 952506K->817531K(1156928K), 0.0240010 secs] [Times: user=0.06 sys=0.00, real=0.02 secs] 
2014-03-09T14:43:35.473+0000: 462881.458: [GC2014-03-09T14:43:35.473+0000: 462881.458: [ParNew
Desired survivor size 8716288 bytes, new threshold 4 (max 6)
- age   1:    2517208 bytes,    2517208 total
- age   2:    2114488 bytes,    4631696 total
- age   3:    2235936 bytes,    6867632 total
- age   4:    2148280 bytes,    9015912 total
: 145754K->13462K(153344K), 0.0238480 secs] 953851K->823793K(1156928K), 0.0240120 secs] [Times: user=0.05 sys=0.00, real=0.03 secs] 
2014-03-09T14:46:50.506+0000: 463076.491: [GC2014-03-09T14:46:50.506+0000: 463076.491: [ParNew
Desired survivor size 8716288 bytes, new threshold 4 (max 6)
- age   1:    2534928 bytes,    2534928 total
- age   2:    2130600 bytes,    4665528 total
- age   3:    2113120 bytes,    6778648 total
- age   4:    2235512 bytes,    9014160 total
: 149782K->13321K(153344K), 0.0237990 secs] 960113K->825861K(1156928K), 0.0239820 secs] [Times: user=0.05 sys=0.00, real=0.02 secs] 
2014-03-09T14:50:40.148+0000: 463306.133: [GC2014-03-09T14:50:40.148+0000: 463306.133: [ParNew
Desired survivor size 8716288 bytes, new threshold 6 (max 6)
- age   1:    2549720 bytes,    2549720 total
- age   2:    1922656 bytes,    4472376 total
- age   3:    2110040 bytes,    6582416 total
- age   4:    2066104 bytes,    8648520 total
: 149641K->12995K(153344K), 0.0237940 secs] 962181K->827832K(1156928K), 0.0239700 secs] [Times: user=0.05 sys=0.00, real=0.02 secs] 
2014-03-09T14:54:19.423+0000: 463525.408: [GC2014-03-09T14:54:19.423+0000: 463525.408: [ParNew
Desired survivor size 8716288 bytes, new threshold 5 (max 6)
- age   1:    2505232 bytes,    2505232 total
- age   2:    2175256 bytes,    4680488 total
- age   3:    1918152 bytes,    6598640 total
- age   4:    2109512 bytes,    8708152 total
- age   5:    2065240 bytes,   10773392 total
: 149315K->16863K(153344K), 0.0204810 secs] 964152K->831700K(1156928K), 0.0206480 secs] [Times: user=0.05 sys=0.00, real=0.02 secs] 
2014-03-09T14:58:04.835+0000: 463750.819: [GC2014-03-09T14:58:04.835+0000: 463750.819: [ParNew
Desired survivor size 8716288 bytes, new threshold 5 (max 6)
- age   1:    2439160 bytes,    2439160 total
- age   2:    2009696 bytes,    4448856 total
- age   3:    2163000 bytes,    6611856 total
- age   4:    1913552 bytes,    8525408 total
- age   5:    2108864 bytes,   10634272 total
: 153183K->15005K(153344K), 0.0254960 secs] 968020K->831964K(1156928K), 0.0256700 secs] [Times: user=0.05 sys=0.00, real=0.02 secs] 
2014-03-09T15:01:57.383+0000: 463983.368: [GC2014-03-09T15:01:57.383+0000: 463983.368: [ParNew
Desired survivor size 8716288 bytes, new threshold 4 (max 6)
- age   1:    2556720 bytes,    2556720 total
- age   2:    2102976 bytes,    4659696 total
- age   3:    1999424 bytes,    6659120 total
- age   4:    2116856 bytes,    8775976 total
- age   5:    1794560 bytes,   10570536 total
: 151325K->15169K(153344K), 0.0265840 secs] 968284K->834294K(1156928K), 0.0267400 secs] [Times: user=0.06 sys=0.00, real=0.02 secs] 
2014-03-09T15:05:40.131+0000: 464206.115: [GC2014-03-09T15:05:40.131+0000: 464206.115: [ParNew
Desired survivor size 8716288 bytes, new threshold 4 (max 6)
- age   1:    2924936 bytes,    2924936 total
- age   2:    2177312 bytes,    5102248 total
- age   3:    2101608 bytes,    7203856 total
- age   4:    1998624 bytes,    9202480 total
: 151489K->15407K(153344K), 0.0280060 secs] 970614K->838553K(1156928K), 0.0281880 secs] [Times: user=0.06 sys=0.00, real=0.03 secs] 
2014-03-09T15:09:16.873+0000: 464422.858: [GC2014-03-09T15:09:16.873+0000: 464422.858: [ParNew
Desired survivor size 8716288 bytes, new threshold 4 (max 6)
- age   1:    2522288 bytes,    2522288 total
- age   2:    2461088 bytes,    4983376 total
- age   3:    2175920 bytes,    7159296 total
- age   4:    2099480 bytes,    9258776 total
: 151727K->11891K(153344K), 0.0233950 secs] 974873K->837092K(1156928K), 0.0235630 secs] [Times: user=0.04 sys=0.00, real=0.03 secs] 
2014-03-09T15:12:56.585+0000: 464642.570: [GC2014-03-09T15:12:56.585+0000: 464642.570: [ParNew
Desired survivor size 8716288 bytes, new threshold 4 (max 6)
- age   1:    2719536 bytes,    2719536 total
- age   2:    2035664 bytes,    4755200 total
- age   3:    2414264 bytes,    7169464 total
- age   4:    2175392 bytes,    9344856 total
: 148211K->16355K(153344K), 0.0238490 secs] 973412K->843714K(1156928K), 0.0240040 secs] [Times: user=0.06 sys=0.00, real=0.02 secs] 
2014-03-09T15:17:01.786+0000: 464887.770: [GC2014-03-09T15:17:01.786+0000: 464887.771: [ParNew
Desired survivor size 8716288 bytes, new threshold 4 (max 6)
- age   1:    2598576 bytes,    2598576 total
- age   2:    2086664 bytes,    4685240 total
- age   3:    1981256 bytes,    6666496 total
- age   4:    2413400 bytes,    9079896 total
: 152675K->10794K(153344K), 0.0243290 secs] 980034K->840387K(1156928K), 0.0244990 secs] [Times: user=0.05 sys=0.00, real=0.02 secs] 
2014-03-09T15:21:11.031+0000: 465137.016: [GC2014-03-09T15:21:11.031+0000: 465137.016: [ParNew
Desired survivor size 8716288 bytes, new threshold 4 (max 6)
- age   1:    2611456 bytes,    2611456 total
- age   2:    2266840 bytes,    4878296 total
- age   3:    2085912 bytes,    6964208 total
- age   4:    1980952 bytes,    8945160 total
: 147114K->15889K(153344K), 0.0240820 secs] 976707K->847950K(1156928K), 0.0242490 secs] [Times: user=0.05 sys=0.00, real=0.03 secs] 
2014-03-09T15:25:05.909+0000: 465371.894: [GC2014-03-09T15:25:05.909+0000: 465371.894: [ParNew
Desired survivor size 8716288 bytes, new threshold 4 (max 6)
- age   1:    2625816 bytes,    2625816 total
- age   2:    2345576 bytes,    4971392 total
- age   3:    2259736 bytes,    7231128 total
- age   4:    2084544 bytes,    9315672 total
: 152209K->10620K(153344K), 0.0239490 secs] 984270K->844717K(1156928K), 0.0241250 secs] [Times: user=0.05 sys=0.00, real=0.02 secs] 
2014-03-09T15:28:47.929+0000: 465593.914: [GC2014-03-09T15:28:47.929+0000: 465593.914: [ParNew
Desired survivor size 8716288 bytes, new threshold 4 (max 6)
- age   1:    2529536 bytes,    2529536 total
- age   2:    2198784 bytes,    4728320 total
- age   3:    2299784 bytes,    7028104 total
- age   4:    2258856 bytes,    9286960 total
: 146940K->16158K(153344K), 0.0236060 secs] 981037K->852356K(1156928K), 0.0237650 secs] [Times: user=0.05 sys=0.00, real=0.02 secs] 
2014-03-09T15:32:42.382+0000: 465828.367: [GC2014-03-09T15:32:42.382+0000: 465828.367: [ParNew
Desired survivor size 8716288 bytes, new threshold 4 (max 6)
- age   1:    2620760 bytes,    2620760 total
- age   2:    2119352 bytes,    4740112 total
- age   3:    2197552 bytes,    6937664 total
- age   4:    2298504 bytes,    9236168 total
: 152478K->10799K(153344K), 0.0244110 secs] 988676K->849320K(1156928K), 0.0245890 secs] [Times: user=0.05 sys=0.00, real=0.03 secs] 
2014-03-09T15:36:28.985+0000: 466054.970: [GC2014-03-09T15:36:28.985+0000: 466054.970: [ParNew
Desired survivor size 8716288 bytes, new threshold 4 (max 6)
- age   1:    2546344 bytes,    2546344 total
- age   2:    2253016 bytes,    4799360 total
- age   3:    2071920 bytes,    6871280 total
- age   4:    2196896 bytes,    9068176 total
: 147119K->16110K(153344K), 0.0251220 secs] 985640K->856993K(1156928K), 0.0252810 secs] [Times: user=0.05 sys=0.00, real=0.02 secs] 
2014-03-09T15:40:03.014+0000: 466268.999: [GC2014-03-09T15:40:03.014+0000: 466268.999: [ParNew
Desired survivor size 8716288 bytes, new threshold 4 (max 6)
- age   1:    2625464 bytes,    2625464 total
- age   2:    2079104 bytes,    4704568 total
- age   3:    2185144 bytes,    6889712 total
- age   4:    2070072 bytes,    8959784 total
: 152430K->10737K(153344K), 0.0244330 secs] 993313K->853876K(1156928K), 0.0246150 secs] [Times: user=0.05 sys=0.00, real=0.02 secs] 
2014-03-09T15:43:30.909+0000: 466476.894: [GC2014-03-09T15:43:30.909+0000: 466476.894: [ParNew
Desired survivor size 8716288 bytes, new threshold 4 (max 6)
- age   1:    2547712 bytes,    2547712 total
- age   2:    2002048 bytes,    4549760 total
- age   3:    2077384 bytes,    6627144 total
- age   4:    2184736 bytes,    8811880 total
: 147057K->11807K(153344K), 0.0245350 secs] 990196K->857075K(1156928K), 0.0247190 secs] [Times: user=0.05 sys=0.00, real=0.03 secs] 
2014-03-09T15:47:10.465+0000: 466696.450: [GC2014-03-09T15:47:10.465+0000: 466696.450: [ParNew
Desired survivor size 8716288 bytes, new threshold 6 (max 6)
- age   1:    2566720 bytes,    2566720 total
- age   2:    1930952 bytes,    4497672 total
- age   3:    1956360 bytes,    6454032 total
- age   4:    2076736 bytes,    8530768 total
: 148127K->12476K(153344K), 0.0240630 secs] 993395K->859987K(1156928K), 0.0242450 secs] [Times: user=0.05 sys=0.00, real=0.02 secs] 
2014-03-09T15:50:53.422+0000: 466919.407: [GC2014-03-09T15:50:53.422+0000: 466919.407: [ParNew
Desired survivor size 8716288 bytes, new threshold 5 (max 6)
- age   1:    2591144 bytes,    2591144 total
- age   2:    2096592 bytes,    4687736 total
- age   3:    1928224 bytes,    6615960 total
- age   4:    1954312 bytes,    8570272 total
- age   5:    2076304 bytes,   10646576 total
: 148796K->16438K(153344K), 0.0203920 secs] 996307K->863950K(1156928K), 0.0205660 secs] [Times: user=0.05 sys=0.00, real=0.03 secs] 
2014-03-09T15:54:45.600+0000: 467151.585: [GC2014-03-09T15:54:45.600+0000: 467151.585: [ParNew
Desired survivor size 8716288 bytes, new threshold 5 (max 6)
- age   1:    2532904 bytes,    2532904 total
- age   2:    2154440 bytes,    4687344 total
- age   3:    2023840 bytes,    6711184 total
- age   4:    1928112 bytes,    8639296 total
- age   5:    1954000 bytes,   10593296 total
: 152758K->14687K(153344K), 0.0252910 secs] 1000270K->864333K(1156928K), 0.0254400 secs] [Times: user=0.06 sys=0.00, real=0.03 secs] 
2014-03-09T15:58:40.639+0000: 467386.624: [GC2014-03-09T15:58:40.640+0000: 467386.624: [ParNew
Desired survivor size 8716288 bytes, new threshold 4 (max 6)
- age   1:    2397376 bytes,    2397376 total
- age   2:    2169664 bytes,    4567040 total
- age   3:    2152752 bytes,    6719792 total
- age   4:    2023088 bytes,    8742880 total
- age   5:    1927512 bytes,   10670392 total
: 151007K->17024K(153344K), 0.0261710 secs] 1000653K->868824K(1156928K), 0.0263160 secs] [Times: user=0.05 sys=0.00, real=0.03 secs] 
2014-03-09T16:02:05.382+0000: 467591.367: [GC2014-03-09T16:02:05.382+0000: 467591.367: [ParNew
Desired survivor size 8716288 bytes, new threshold 4 (max 6)
- age   1:    2651560 bytes,    2651560 total
- age   2:    2167000 bytes,    4818560 total
- age   3:    2157920 bytes,    6976480 total
- age   4:    2149224 bytes,    9125704 total
: 153344K->10757K(153344K), 0.0289490 secs] 1005144K->866618K(1156928K), 0.0291370 secs] [Times: user=0.06 sys=0.00, real=0.03 secs] 
2014-03-09T16:05:45.732+0000: 467811.717: [GC2014-03-09T16:05:45.733+0000: 467811.717: [ParNew
Desired survivor size 8716288 bytes, new threshold 4 (max 6)
- age   1:    2637480 bytes,    2637480 total
- age   2:    2031904 bytes,    4669384 total
- age   3:    2161808 bytes,    6831192 total
- age   4:    2156704 bytes,    8987896 total
: 147077K->9158K(153344K), 0.0235550 secs] 1002938K->867106K(1156928K), 0.0237110 secs] [Times: user=0.04 sys=0.00, real=0.03 secs] 
2014-03-09T16:09:28.502+0000: 468034.487: [GC2014-03-09T16:09:28.502+0000: 468034.487: [ParNew
Desired survivor size 8716288 bytes, new threshold 4 (max 6)
- age   1:    2506272 bytes,    2506272 total
- age   2:    2167992 bytes,    4674264 total
- age   3:    1931584 bytes,    6605848 total
- age   4:    2161472 bytes,    8767320 total
: 145478K->8871K(153344K), 0.0236120 secs] 1003426K->869037K(1156928K), 0.0237830 secs] [Times: user=0.05 sys=0.00, real=0.03 secs] 
2014-03-09T16:13:01.710+0000: 468247.694: [GC2014-03-09T16:13:01.710+0000: 468247.694: [ParNew
Desired survivor size 8716288 bytes, new threshold 6 (max 6)
- age   1:    2508400 bytes,    2508400 total
- age   2:    2060696 bytes,    4569096 total
- age   3:    2068360 bytes,    6637456 total
- age   4:    1930792 bytes,    8568248 total
: 145191K->12895K(153344K), 0.0237340 secs] 1005357K->875284K(1156928K), 0.0239050 secs] [Times: user=0.05 sys=0.00, real=0.02 secs] 
2014-03-09T16:17:03.745+0000: 468489.730: [GC2014-03-09T16:17:03.745+0000: 468489.730: [ParNew
Desired survivor size 8716288 bytes, new threshold 4 (max 6)
- age   1:    2566000 bytes,    2566000 total
- age   2:    2042776 bytes,    4608776 total
- age   3:    2060056 bytes,    6668832 total
- age   4:    2067320 bytes,    8736152 total
- age   5:    1930504 bytes,   10666656 total
: 149215K->16507K(153344K), 0.0208650 secs] 1011604K->878895K(1156928K), 0.0210360 secs] [Times: user=0.04 sys=0.00, real=0.02 secs] 
2014-03-09T16:20:55.808+0000: 468721.793: [GC2014-03-09T16:20:55.808+0000: 468721.793: [ParNew
Desired survivor size 8716288 bytes, new threshold 4 (max 6)
- age   1:    2607856 bytes,    2607856 total
- age   2:    2244048 bytes,    4851904 total
- age   3:    1955368 bytes,    6807272 total
- age   4:    2059336 bytes,    8866608 total
: 152827K->9926K(153344K), 0.0291570 secs] 1015215K->876420K(1156928K), 0.0293290 secs] [Times: user=0.06 sys=0.00, real=0.03 secs] 
2014-03-09T16:24:49.360+0000: 468955.345: [GC2014-03-09T16:24:49.360+0000: 468955.345: [ParNew
Desired survivor size 8716288 bytes, new threshold 4 (max 6)
- age   1:    2518296 bytes,    2518296 total
- age   2:    2225384 bytes,    4743680 total
- age   3:    2243312 bytes,    6986992 total
- age   4:    1954880 bytes,    8941872 total
: 146246K->8983K(153344K), 0.0232840 secs] 1012740K->877594K(1156928K), 0.0234430 secs] [Times: user=0.05 sys=0.00, real=0.03 secs] 
2014-03-09T16:28:45.831+0000: 469191.816: [GC2014-03-09T16:28:45.831+0000: 469191.816: [ParNew
Desired survivor size 8716288 bytes, new threshold 4 (max 6)
- age   1:    2384584 bytes,    2384584 total
- age   2:    2152808 bytes,    4537392 total
- age   3:    2128552 bytes,    6665944 total
- age   4:    2242768 bytes,    8908712 total
: 145303K->17024K(153344K), 0.0232710 secs] 1013914K->887833K(1156928K), 0.0234250 secs] [Times: user=0.05 sys=0.00, real=0.03 secs] 
2014-03-09T16:32:05.779+0000: 469391.764: [GC2014-03-09T16:32:05.779+0000: 469391.764: [ParNew
Desired survivor size 8716288 bytes, new threshold 4 (max 6)
- age   1:    2695304 bytes,    2695304 total
- age   2:    2214200 bytes,    4909504 total
- age   3:    2150144 bytes,    7059648 total
- age   4:    2126632 bytes,    9186280 total
: 153344K->11141K(153344K), 0.0248370 secs] 1024153K->884255K(1156928K), 0.0250120 secs] [Times: user=0.04 sys=0.00, real=0.03 secs] 
2014-03-09T16:36:05.430+0000: 469631.414: [GC2014-03-09T16:36:05.430+0000: 469631.415: [ParNew
Desired survivor size 8716288 bytes, new threshold 4 (max 6)
- age   1:    2542560 bytes,    2542560 total
- age   2:    1971048 bytes,    4513608 total
- age   3:    2212208 bytes,    6725816 total
- age   4:    2149952 bytes,    8875768 total
: 147461K->15856K(153344K), 0.0239620 secs] 1020575K->891157K(1156928K), 0.0241320 secs] [Times: user=0.05 sys=0.00, real=0.02 secs] 
2014-03-09T16:39:41.696+0000: 469847.681: [GC2014-03-09T16:39:41.696+0000: 469847.681: [ParNew
Desired survivor size 8716288 bytes, new threshold 4 (max 6)
- age   1:    2574064 bytes,    2574064 total
- age   2:    2254680 bytes,    4828744 total
- age   3:    1964712 bytes,    6793456 total
- age   4:    2211632 bytes,    9005088 total
: 152176K->10626K(153344K), 0.0236850 secs] 1027477K->888136K(1156928K), 0.0238430 secs] [Times: user=0.06 sys=0.00, real=0.02 secs] 
2014-03-09T16:42:55.472+0000: 470041.456: [GC2014-03-09T16:42:55.472+0000: 470041.457: [ParNew
Desired survivor size 8716288 bytes, new threshold 4 (max 6)
- age   1:    4156816 bytes,    4156816 total
- age   2:    1988432 bytes,    6145248 total
- age   3:    2253720 bytes,    8398968 total
- age   4:    1884144 bytes,   10283112 total
: 146946K->15591K(153344K), 0.0248480 secs] 1024456K->895375K(1156928K), 0.0250310 secs] [Times: user=0.05 sys=0.00, real=0.03 secs] 
2014-03-09T16:46:53.795+0000: 470279.779: [GC2014-03-09T16:46:53.795+0000: 470279.780: [ParNew
Desired survivor size 8716288 bytes, new threshold 6 (max 6)
- age   1:    2557664 bytes,    2557664 total
- age   2:    1799688 bytes,    4357352 total
- age   3:    1986552 bytes,    6343904 total
- age   4:    2207192 bytes,    8551096 total
: 151911K->9367K(153344K), 0.0245390 secs] 1031695K->891085K(1156928K), 0.0247220 secs] [Times: user=0.05 sys=0.00, real=0.02 secs] 
2014-03-09T16:50:39.584+0000: 470505.569: [GC2014-03-09T16:50:39.585+0000: 470505.569: [ParNew
Desired survivor size 8716288 bytes, new threshold 5 (max 6)
- age   1:    2446080 bytes,    2446080 total
- age   2:    2184048 bytes,    4630128 total
- age   3:    1795992 bytes,    6426120 total
- age   4:    1985904 bytes,    8412024 total
- age   5:    2205592 bytes,   10617616 total
: 145687K->17024K(153344K), 0.0205680 secs] 1027405K->898860K(1156928K), 0.0207210 secs] [Times: user=0.04 sys=0.00, real=0.02 secs] 
2014-03-09T16:54:28.514+0000: 470734.499: [GC2014-03-09T16:54:28.514+0000: 470734.499: [ParNew
Desired survivor size 8716288 bytes, new threshold 5 (max 6)
- age   1:    2345560 bytes,    2345560 total
- age   2:    2101040 bytes,    4446600 total
- age   3:    2183664 bytes,    6630264 total
- age   4:    1795472 bytes,    8425736 total
- age   5:    1985200 bytes,   10410936 total
: 153344K->17024K(153344K), 0.0261970 secs] 1035180K->901336K(1156928K), 0.0263670 secs] [Times: user=0.05 sys=0.00, real=0.03 secs] 
2014-03-09T16:58:23.898+0000: 470969.882: [GC2014-03-09T16:58:23.898+0000: 470969.883: [ParNew
Desired survivor size 8716288 bytes, new threshold 4 (max 6)
- age   1:    2852808 bytes,    2852808 total
- age   2:    2215600 bytes,    5068408 total
- age   3:    2089392 bytes,    7157800 total
- age   4:    2183320 bytes,    9341120 total
- age   5:    1795280 bytes,   11136400 total
: 153344K->12701K(153344K), 0.0263740 secs] 1037656K->899054K(1156928K), 0.0265340 secs] [Times: user=0.06 sys=0.00, real=0.03 secs] 
2014-03-09T17:02:17.741+0000: 471203.726: [GC2014-03-09T17:02:17.741+0000: 471203.726: [ParNew
Desired survivor size 8716288 bytes, new threshold 4 (max 6)
- age   1:    2439520 bytes,    2439520 total
- age   2:    2542552 bytes,    4982072 total
- age   3:    2213664 bytes,    7195736 total
- age   4:    2088392 bytes,    9284128 total
: 149021K->9768K(153344K), 0.0291750 secs] 1035374K->900209K(1156928K), 0.0293370 secs] [Times: user=0.07 sys=0.00, real=0.03 secs] 
2014-03-09T17:06:06.479+0000: 471432.463: [GC2014-03-09T17:06:06.479+0000: 471432.464: [ParNew
Desired survivor size 8716288 bytes, new threshold 4 (max 6)
- age   1:    2493488 bytes,    2493488 total
- age   2:    2117736 bytes,    4611224 total
- age   3:    2541480 bytes,    7152704 total
- age   4:    2166232 bytes,    9318936 total
: 146088K->13783K(153344K), 0.0250540 secs] 1036529K->906372K(1156928K), 0.0252300 secs] [Times: user=0.05 sys=0.00, real=0.03 secs] 
2014-03-09T17:09:55.231+0000: 471661.216: [GC2014-03-09T17:09:55.231+0000: 471661.216: [ParNew
Desired survivor size 8716288 bytes, new threshold 4 (max 6)
- age   1:    2637384 bytes,    2637384 total
- age   2:    2127448 bytes,    4764832 total
- age   3:    2116984 bytes,    6881816 total
- age   4:    2525016 bytes,    9406832 total
: 150103K->13643K(153344K), 0.0261690 secs] 1042692K->908457K(1156928K), 0.0263470 secs] [Times: user=0.05 sys=0.00, real=0.03 secs] 
2014-03-09T17:13:35.241+0000: 471881.226: [GC2014-03-09T17:13:35.241+0000: 471881.226: [ParNew
Desired survivor size 8716288 bytes, new threshold 4 (max 6)
- age   1:    2565512 bytes,    2565512 total
- age   2:    2134992 bytes,    4700504 total
- age   3:    2114648 bytes,    6815152 total
- age   4:    2116352 bytes,    8931504 total
: 149963K->13686K(153344K), 0.0246600 secs] 1044777K->911082K(1156928K), 0.0248370 secs] [Times: user=0.05 sys=0.00, real=0.03 secs] 
2014-03-09T17:17:30.430+0000: 472116.414: [GC2014-03-09T17:17:30.430+0000: 472116.415: [ParNew
Desired survivor size 8716288 bytes, new threshold 4 (max 6)
- age   1:    2541736 bytes,    2541736 total
- age   2:    2106408 bytes,    4648144 total
- age   3:    2133704 bytes,    6781848 total
- age   4:    2113624 bytes,    8895472 total
: 150006K->13105K(153344K), 0.0244220 secs] 1047402K->912677K(1156928K), 0.0245650 secs] [Times: user=0.06 sys=0.00, real=0.03 secs] 
2014-03-09T17:21:35.702+0000: 472361.687: [GC2014-03-09T17:21:35.702+0000: 472361.687: [ParNew
Desired survivor size 8716288 bytes, new threshold 4 (max 6)
- age   1:    2642248 bytes,    2642248 total
- age   2:    2166200 bytes,    4808448 total
- age   3:    2031664 bytes,    6840112 total
- age   4:    2133176 bytes,    8973288 total
: 149425K->12946K(153344K), 0.0243350 secs] 1048997K->914691K(1156928K), 0.0244940 secs] [Times: user=0.05 sys=0.00, real=0.02 secs] 
2014-03-09T17:25:40.535+0000: 472606.520: [GC2014-03-09T17:25:40.535+0000: 472606.520: [ParNew
Desired survivor size 8716288 bytes, new threshold 4 (max 6)
- age   1:    2676336 bytes,    2676336 total
- age   2:    2297584 bytes,    4973920 total
- age   3:    2163936 bytes,    7137856 total
- age   4:    2031064 bytes,    9168920 total
: 149266K->13054K(153344K), 0.0244490 secs] 1051011K->916992K(1156928K), 0.0246180 secs] [Times: user=0.05 sys=0.00, real=0.02 secs] 
2014-03-09T17:29:41.456+0000: 472847.441: [GC2014-03-09T17:29:41.456+0000: 472847.441: [ParNew
Desired survivor size 8716288 bytes, new threshold 4 (max 6)
- age   1:    2576312 bytes,    2576312 total
- age   2:    2309408 bytes,    4885720 total
- age   3:    2296064 bytes,    7181784 total
- age   4:    2162424 bytes,    9344208 total
: 149374K->13316K(153344K), 0.0275640 secs] 1053312K->919340K(1156928K), 0.0277430 secs] [Times: user=0.05 sys=0.00, real=0.03 secs] 
2014-03-09T17:33:44.473+0000: 473090.457: [GC2014-03-09T17:33:44.473+0000: 473090.457: [ParNew
Desired survivor size 8716288 bytes, new threshold 4 (max 6)
- age   1:    2604752 bytes,    2604752 total
- age   2:    2254576 bytes,    4859328 total
- age   3:    2297480 bytes,    7156808 total
- age   4:    2295360 bytes,    9452168 total
: 149636K->13567K(153344K), 0.0247580 secs] 1055660K->921814K(1156928K), 0.0249170 secs] [Times: user=0.05 sys=0.00, real=0.03 secs] 
2014-03-09T17:37:35.022+0000: 473321.007: [GC2014-03-09T17:37:35.022+0000: 473321.007: [ParNew
Desired survivor size 8716288 bytes, new threshold 4 (max 6)
- age   1:    2461864 bytes,    2461864 total
- age   2:    2255864 bytes,    4717728 total
- age   3:    2253488 bytes,    6971216 total
- age   4:    2257608 bytes,    9228824 total
: 149887K->13708K(153344K), 0.0246040 secs] 1058134K->924313K(1156928K), 0.0247670 secs] [Times: user=0.05 sys=0.00, real=0.02 secs] 
2014-03-09T17:41:35.407+0000: 473561.391: [GC2014-03-09T17:41:35.407+0000: 473561.391: [ParNew
Desired survivor size 8716288 bytes, new threshold 4 (max 6)
- age   1:    2562160 bytes,    2562160 total
- age   2:    2157288 bytes,    4719448 total
- age   3:    2254384 bytes,    6973832 total
- age   4:    2219584 bytes,    9193416 total
: 150028K->13456K(153344K), 0.0243810 secs] 1060633K->926382K(1156928K), 0.0245410 secs] [Times: user=0.06 sys=0.00, real=0.02 secs] 
2014-03-09T17:45:40.045+0000: 473806.030: [GC2014-03-09T17:45:40.045+0000: 473806.030: [ParNew
Desired survivor size 8716288 bytes, new threshold 4 (max 6)
- age   1:    2662376 bytes,    2662376 total
- age   2:    2208960 bytes,    4871336 total
- age   3:    2155872 bytes,    7027208 total
- age   4:    2253472 bytes,    9280680 total
: 149776K->13440K(153344K), 0.0247550 secs] 1062702K->928635K(1156928K), 0.0249110 secs] [Times: user=0.06 sys=0.00, real=0.02 secs] 
2014-03-09T17:49:18.999+0000: 474024.983: [GC2014-03-09T17:49:18.999+0000: 474024.984: [ParNew
Desired survivor size 8716288 bytes, new threshold 4 (max 6)
- age   1:    2730336 bytes,    2730336 total
- age   2:    2339624 bytes,    5069960 total
- age   3:    2207816 bytes,    7277776 total
- age   4:    2155096 bytes,    9432872 total
: 149760K->17024K(153344K), 0.0252580 secs] 1064955K->934713K(1156928K), 0.0254220 secs] [Times: user=0.05 sys=0.00, real=0.03 secs] 
2014-03-09T17:53:21.219+0000: 474267.203: [GC2014-03-09T17:53:21.219+0000: 474267.203: [ParNew
Desired survivor size 8716288 bytes, new threshold 4 (max 6)
- age   1:    2519392 bytes,    2519392 total
- age   2:    2425872 bytes,    4945264 total
- age   3:    2293616 bytes,    7238880 total
- age   4:    2206808 bytes,    9445688 total
: 153344K->11478K(153344K), 0.0246670 secs] 1071033K->931382K(1156928K), 0.0248290 secs] [Times: user=0.06 sys=0.00, real=0.03 secs] 
2014-03-09T17:57:13.241+0000: 474499.226: [GC2014-03-09T17:57:13.241+0000: 474499.226: [ParNew
Desired survivor size 8716288 bytes, new threshold 4 (max 6)
- age   1:    2666144 bytes,    2666144 total
- age   2:    2214096 bytes,    4880240 total
- age   3:    2395632 bytes,    7275872 total
- age   4:    2292592 bytes,    9568464 total
: 147798K->16658K(153344K), 0.0250540 secs] 1067702K->938832K(1156928K), 0.0252210 secs] [Times: user=0.05 sys=0.00, real=0.03 secs] 
2014-03-09T18:01:14.026+0000: 474740.011: [GC2014-03-09T18:01:14.026+0000: 474740.011: [ParNew
Desired survivor size 8716288 bytes, new threshold 4 (max 6)
- age   1:    2584816 bytes,    2584816 total
- age   2:    2152568 bytes,    4737384 total
- age   3:    2212344 bytes,    6949728 total
- age   4:    2388632 bytes,    9338360 total
: 152978K->11215K(153344K), 0.0281480 secs] 1075152K->935743K(1157888K), 0.0283300 secs] [Times: user=0.06 sys=0.00, real=0.03 secs] 
2014-03-09T18:01:14.055+0000: 474740.040: [GC [1 CMS-initial-mark: 924528K(1004544K)] 936567K(1157888K), 0.0069270 secs] [Times: user=0.00 sys=0.00, real=0.01 secs] 
2014-03-09T18:01:14.063+0000: 474740.047: [CMS-concurrent-mark-start]
2014-03-09T18:01:14.259+0000: 474740.244: [CMS-concurrent-mark: 0.196/0.196 secs] [Times: user=0.23 sys=0.00, real=0.19 secs] 
2014-03-09T18:01:14.259+0000: 474740.244: [CMS-concurrent-preclean-start]
2014-03-09T18:01:14.261+0000: 474740.246: [CMS-concurrent-preclean: 0.002/0.002 secs] [Times: user=0.00 sys=0.00, real=0.00 secs] 
2014-03-09T18:01:14.261+0000: 474740.246: [GC[YG occupancy: 12466 K (153344 K)]2014-03-09T18:01:14.262+0000: 474740.246: [Rescan (parallel) , 0.0075760 secs]2014-03-09T18:01:14.269+0000: 474740.254: [weak refs processing, 0.0024580 secs]2014-03-09T18:01:14.272+0000: 474740.256: [class unloading, 0.0111920 secs]2014-03-09T18:01:14.283+0000: 474740.268: [scrub symbol table, 0.0093410 secs]2014-03-09T18:01:14.292+0000: 474740.277: [scrub string table, 0.0009650 secs] [1 CMS-remark: 924528K(1004544K)] 936995K(1157888K), 0.0343270 secs] [Times: user=0.04 sys=0.00, real=0.04 secs] 
2014-03-09T18:01:14.296+0000: 474740.281: [CMS-concurrent-sweep-start]
2014-03-09T18:01:14.957+0000: 474740.941: [CMS-concurrent-sweep: 0.661/0.661 secs] [Times: user=0.74 sys=0.00, real=0.66 secs] 
2014-03-09T18:01:14.957+0000: 474740.942: [CMS-concurrent-reset-start]
2014-03-09T18:01:14.963+0000: 474740.948: [CMS-concurrent-reset: 0.006/0.006 secs] [Times: user=0.00 sys=0.00, real=0.01 secs] 
2014-03-09T18:05:15.323+0000: 474981.308: [GC2014-03-09T18:05:15.323+0000: 474981.308: [ParNew
Desired survivor size 8716288 bytes, new threshold 4 (max 6)
- age   1:    2571016 bytes,    2571016 total
- age   2:    2208512 bytes,    4779528 total
- age   3:    2150960 bytes,    6930488 total
- age   4:    2210344 bytes,    9140832 total
: 147535K->16226K(153344K), 0.0249750 secs] 261958K->133013K(1157888K), 0.0251310 secs] [Times: user=0.06 sys=0.00, real=0.02 secs] 
2014-03-09T18:09:20.391+0000: 475226.376: [GC2014-03-09T18:09:20.391+0000: 475226.376: [ParNew
Desired survivor size 8716288 bytes, new threshold 4 (max 6)
- age   1:    2609936 bytes,    2609936 total
- age   2:    2252376 bytes,    4862312 total
- age   3:    2206328 bytes,    7068640 total
- age   4:    2150352 bytes,    9218992 total
: 152546K->10761K(153344K), 0.0254050 secs] 269333K->129819K(1157888K), 0.0255950 secs] [Times: user=0.06 sys=0.00, real=0.03 secs] 
2014-03-09T18:13:23.269+0000: 475469.253: [GC2014-03-09T18:13:23.269+0000: 475469.253: [ParNew
Desired survivor size 8716288 bytes, new threshold 4 (max 6)
- age   1:    2550336 bytes,    2550336 total
- age   2:    2296592 bytes,    4846928 total
- age   3:    2251112 bytes,    7098040 total
- age   4:    2205256 bytes,    9303296 total
: 147081K->16091K(153344K), 0.0234160 secs] 266139K->137360K(1157888K), 0.0235610 secs] [Times: user=0.05 sys=0.00, real=0.02 secs] 
2014-03-09T18:17:11.412+0000: 475697.397: [GC2014-03-09T18:17:11.412+0000: 475697.397: [ParNew
Desired survivor size 8716288 bytes, new threshold 4 (max 6)
- age   1:    2514416 bytes,    2514416 total
- age   2:    2299896 bytes,    4814312 total
- age   3:    2292920 bytes,    7107232 total
- age   4:    2250312 bytes,    9357544 total
: 152411K->10891K(153344K), 0.0243770 secs] 273680K->134427K(1157888K), 0.0245340 secs] [Times: user=0.05 sys=0.00, real=0.03 secs] 
2014-03-09T18:21:19.022+0000: 475945.007: [GC2014-03-09T18:21:19.022+0000: 475945.007: [ParNew
Desired survivor size 8716288 bytes, new threshold 4 (max 6)
- age   1:    2611296 bytes,    2611296 total
- age   2:    2124296 bytes,    4735592 total
- age   3:    2299080 bytes,    7034672 total
- age   4:    2292472 bytes,    9327144 total
: 147211K->16242K(153344K), 0.0244130 secs] 270747K->142090K(1157888K), 0.0245850 secs] [Times: user=0.05 sys=0.00, real=0.02 secs] 
2014-03-09T18:25:30.670+0000: 476196.655: [GC2014-03-09T18:25:30.671+0000: 476196.655: [ParNew
Desired survivor size 8716288 bytes, new threshold 4 (max 6)
- age   1:    2660176 bytes,    2660176 total
- age   2:    2311312 bytes,    4971488 total
- age   3:    2122616 bytes,    7094104 total
- age   4:    2253032 bytes,    9347136 total
: 152562K->10900K(153344K), 0.0239100 secs] 278410K->139103K(1157888K), 0.0240640 secs] [Times: user=0.05 sys=0.00, real=0.03 secs] 
2014-03-09T18:29:30.286+0000: 476436.271: [GC2014-03-09T18:29:30.286+0000: 476436.271: [ParNew
Desired survivor size 8716288 bytes, new threshold 4 (max 6)
- age   1:    2578120 bytes,    2578120 total
- age   2:    2343528 bytes,    4921648 total
- age   3:    2293856 bytes,    7215504 total
- age   4:    2081624 bytes,    9297128 total
: 147220K->12280K(153344K), 0.0247790 secs] 275423K->142799K(1157888K), 0.0249350 secs] [Times: user=0.05 sys=0.00, real=0.02 secs] 
2014-03-09T18:33:30.292+0000: 476676.276: [GC2014-03-09T18:33:30.292+0000: 476676.277: [ParNew
Desired survivor size 8716288 bytes, new threshold 4 (max 6)
- age   1:    2518568 bytes,    2518568 total
- age   2:    2254448 bytes,    4773016 total
- age   3:    2342648 bytes,    7115664 total
- age   4:    2292680 bytes,    9408344 total
: 148600K->13225K(153344K), 0.0239970 secs] 279119K->145884K(1157888K), 0.0241580 secs] [Times: user=0.05 sys=0.00, real=0.03 secs] 
2014-03-09T18:37:39.021+0000: 476925.006: [GC2014-03-09T18:37:39.021+0000: 476925.006: [ParNew
Desired survivor size 8716288 bytes, new threshold 4 (max 6)
- age   1:    2692064 bytes,    2692064 total
- age   2:    2210808 bytes,    4902872 total
- age   3:    2208208 bytes,    7111080 total
- age   4:    2341880 bytes,    9452960 total
: 149545K->13600K(153344K), 0.0242640 secs] 282204K->148616K(1157888K), 0.0244170 secs] [Times: user=0.06 sys=0.00, real=0.03 secs] 
2014-03-09T18:41:48.176+0000: 477174.161: [GC2014-03-09T18:41:48.176+0000: 477174.161: [ParNew
Desired survivor size 8716288 bytes, new threshold 4 (max 6)
- age   1:    2563248 bytes,    2563248 total
- age   2:    2413328 bytes,    4976576 total
- age   3:    2208800 bytes,    7185376 total
- age   4:    2207416 bytes,    9392792 total
: 149920K->13698K(153344K), 0.0239350 secs] 284936K->151080K(1157888K), 0.0240880 secs] [Times: user=0.05 sys=0.00, real=0.02 secs] 
2014-03-09T18:46:00.690+0000: 477426.675: [GC2014-03-09T18:46:00.690+0000: 477426.675: [ParNew
Desired survivor size 8716288 bytes, new threshold 4 (max 6)
- age   1:    2604528 bytes,    2604528 total
- age   2:    2282808 bytes,    4887336 total
- age   3:    2367184 bytes,    7254520 total
- age   4:    2208384 bytes,    9462904 total
: 150018K->13679K(153344K), 0.0238110 secs] 287400K->153331K(1157888K), 0.0239850 secs] [Times: user=0.05 sys=0.00, real=0.03 secs] 
2014-03-09T18:50:06.916+0000: 477672.901: [GC2014-03-09T18:50:06.916+0000: 477672.901: [ParNew
Desired survivor size 8716288 bytes, new threshold 4 (max 6)
- age   1:    2633504 bytes,    2633504 total
- age   2:    2339744 bytes,    4973248 total
- age   3:    2275528 bytes,    7248776 total
- age   4:    2364984 bytes,    9613760 total
: 149999K->13843K(153344K), 0.0251620 secs] 289651K->155766K(1157888K), 0.0253340 secs] [Times: user=0.05 sys=0.00, real=0.02 secs] 
2014-03-09T18:54:09.594+0000: 477915.579: [GC2014-03-09T18:54:09.594+0000: 477915.579: [ParNew
Desired survivor size 8716288 bytes, new threshold 4 (max 6)
- age   1:    2613184 bytes,    2613184 total
- age   2:    2300704 bytes,    4913888 total
- age   3:    2338584 bytes,    7252472 total
- age   4:    2275088 bytes,    9527560 total
: 150163K->13943K(153344K), 0.0249190 secs] 292086K->158254K(1157888K), 0.0250880 secs] [Times: user=0.05 sys=0.00, real=0.02 secs] 
2014-03-09T18:58:03.928+0000: 478149.913: [GC2014-03-09T18:58:03.928+0000: 478149.913: [ParNew
Desired survivor size 8716288 bytes, new threshold 4 (max 6)
- age   1:    2632032 bytes,    2632032 total
- age   2:    2291512 bytes,    4923544 total
- age   3:    2298584 bytes,    7222128 total
- age   4:    2338184 bytes,    9560312 total
: 150263K->13980K(153344K), 0.0246490 secs] 294574K->160630K(1157888K), 0.0248140 secs] [Times: user=0.05 sys=0.00, real=0.02 secs] 
2014-03-09T19:02:10.732+0000: 478396.717: [GC2014-03-09T19:02:10.732+0000: 478396.717: [ParNew
Desired survivor size 8716288 bytes, new threshold 4 (max 6)
- age   1:    2661672 bytes,    2661672 total
- age   2:    2178552 bytes,    4840224 total
- age   3:    2237192 bytes,    7077416 total
- age   4:    2258296 bytes,    9335712 total
: 150300K->9244K(153344K), 0.0249460 secs] 296950K->158298K(1157888K), 0.0251170 secs] [Times: user=0.06 sys=0.00, real=0.03 secs] 
2014-03-09T19:06:19.585+0000: 478645.570: [GC2014-03-09T19:06:19.585+0000: 478645.570: [ParNew
Desired survivor size 8716288 bytes, new threshold 4 (max 6)
- age   1:    2721792 bytes,    2721792 total
- age   2:    2295656 bytes,    5017448 total
- age   3:    2177608 bytes,    7195056 total
- age   4:    2235936 bytes,    9430992 total
: 145564K->13671K(153344K), 0.0244830 secs] 294618K->165047K(1157888K), 0.0246550 secs] [Times: user=0.05 sys=0.00, real=0.02 secs] 
2014-03-09T19:10:26.916+0000: 478892.901: [GC2014-03-09T19:10:26.916+0000: 478892.901: [ParNew
Desired survivor size 8716288 bytes, new threshold 4 (max 6)
- age   1:    2543368 bytes,    2543368 total
- age   2:    2354328 bytes,    4897696 total
- age   3:    2294280 bytes,    7191976 total
- age   4:    2176480 bytes,    9368456 total
: 149991K->13727K(153344K), 0.0244300 secs] 301367K->167401K(1157888K), 0.0245910 secs] [Times: user=0.05 sys=0.00, real=0.02 secs] 
2014-03-09T19:14:40.129+0000: 479146.114: [GC2014-03-09T19:14:40.129+0000: 479146.114: [ParNew
Desired survivor size 8716288 bytes, new threshold 4 (max 6)
- age   1:    2493616 bytes,    2493616 total
- age   2:    2304968 bytes,    4798584 total
- age   3:    2343072 bytes,    7141656 total
- age   4:    2293784 bytes,    9435440 total
: 150047K->17024K(153344K), 0.0237210 secs] 303721K->173028K(1157888K), 0.0238770 secs] [Times: user=0.05 sys=0.00, real=0.02 secs] 
2014-03-09T19:18:43.932+0000: 479389.916: [GC2014-03-09T19:18:43.932+0000: 479389.917: [ParNew
Desired survivor size 8716288 bytes, new threshold 4 (max 6)
- age   1:    2704064 bytes,    2704064 total
- age   2:    2344008 bytes,    5048072 total
- age   3:    2257640 bytes,    7305712 total
- age   4:    2341080 bytes,    9646792 total
: 153344K->11607K(153344K), 0.0246220 secs] 309348K->169971K(1157888K), 0.0247910 secs] [Times: user=0.05 sys=0.00, real=0.03 secs] 
2014-03-09T19:22:44.684+0000: 479630.669: [GC2014-03-09T19:22:44.685+0000: 479630.669: [ParNew
Desired survivor size 8716288 bytes, new threshold 4 (max 6)
- age   1:    2978016 bytes,    2978016 total
- age   2:    2322056 bytes,    5300072 total
- age   3:    2343224 bytes,    7643296 total
- age   4:    2256736 bytes,    9900032 total
: 147927K->16871K(153344K), 0.0246610 secs] 306291K->177600K(1157888K), 0.0248110 secs] [Times: user=0.05 sys=0.00, real=0.02 secs] 
2014-03-09T19:26:56.916+0000: 479882.901: [GC2014-03-09T19:26:56.916+0000: 479882.901: [ParNew
Desired survivor size 8716288 bytes, new threshold 4 (max 6)
- age   1:    2594320 bytes,    2594320 total
- age   2:    2636136 bytes,    5230456 total
- age   3:    2321256 bytes,    7551712 total
- age   4:    2342632 bytes,    9894344 total
: 153191K->11425K(153344K), 0.0257340 secs] 313920K->174475K(1157888K), 0.0259060 secs] [Times: user=0.04 sys=0.00, real=0.03 secs] 
2014-03-09T19:31:04.909+0000: 480130.894: [GC2014-03-09T19:31:04.909+0000: 480130.894: [ParNew
Desired survivor size 8716288 bytes, new threshold 4 (max 6)
- age   1:    2485800 bytes,    2485800 total
- age   2:    2328576 bytes,    4814376 total
- age   3:    2619752 bytes,    7434128 total
- age   4:    2320176 bytes,    9754304 total
: 147745K->17024K(153344K), 0.0251830 secs] 310795K->182593K(1157888K), 0.0253530 secs] [Times: user=0.05 sys=0.00, real=0.03 secs] 
2014-03-09T19:35:17.084+0000: 480383.069: [GC2014-03-09T19:35:17.084+0000: 480383.069: [ParNew
Desired survivor size 8716288 bytes, new threshold 4 (max 6)
- age   1:    2668336 bytes,    2668336 total
- age   2:    2304896 bytes,    4973232 total
- age   3:    2327912 bytes,    7301144 total
- age   4:    2556064 bytes,    9857208 total
: 153344K->11882K(153344K), 0.0246420 secs] 318913K->179834K(1157888K), 0.0248020 secs] [Times: user=0.06 sys=0.00, real=0.02 secs] 
2014-03-09T19:39:29.908+0000: 480635.893: [GC2014-03-09T19:39:29.908+0000: 480635.893: [ParNew
Desired survivor size 8716288 bytes, new threshold 4 (max 6)
- age   1:    2671696 bytes,    2671696 total
- age   2:    2348688 bytes,    5020384 total
- age   3:    2304592 bytes,    7324976 total
- age   4:    2327704 bytes,    9652680 total
: 148202K->16731K(153344K), 0.0241390 secs] 316154K->186943K(1157888K), 0.0242870 secs] [Times: user=0.05 sys=0.00, real=0.02 secs] 
2014-03-09T19:43:40.909+0000: 480886.894: [GC2014-03-09T19:43:40.909+0000: 480886.894: [ParNew
Desired survivor size 8716288 bytes, new threshold 4 (max 6)
- age   1:    2662712 bytes,    2662712 total
- age   2:    2347568 bytes,    5010280 total
- age   3:    2347160 bytes,    7357440 total
- age   4:    2304240 bytes,    9661680 total
: 153051K->11290K(153344K), 0.0242970 secs] 323263K->183895K(1157888K), 0.0244540 secs] [Times: user=0.05 sys=0.00, real=0.02 secs] 
2014-03-09T19:47:49.497+0000: 481135.482: [GC2014-03-09T19:47:49.497+0000: 481135.482: [ParNew
Desired survivor size 8716288 bytes, new threshold 4 (max 6)
- age   1:    2637200 bytes,    2637200 total
- age   2:    2367576 bytes,    5004776 total
- age   3:    2346448 bytes,    7351224 total
- age   4:    2306992 bytes,    9658216 total
: 147610K->16853K(153344K), 0.0254860 secs] 320215K->191825K(1157888K), 0.0256470 secs] [Times: user=0.05 sys=0.00, real=0.03 secs] 
2014-03-09T19:52:00.268+0000: 481386.253: [GC2014-03-09T19:52:00.268+0000: 481386.253: [ParNew
Desired survivor size 8716288 bytes, new threshold 4 (max 6)
- age   1:    2584752 bytes,    2584752 total
- age   2:    2348184 bytes,    4932936 total
- age   3:    2366600 bytes,    7299536 total
- age   4:    2346128 bytes,    9645664 total
: 153173K->11269K(153344K), 0.0242180 secs] 328145K->188613K(1157888K), 0.0243690 secs] [Times: user=0.05 sys=0.00, real=0.02 secs] 
2014-03-09T19:56:13.549+0000: 481639.534: [GC2014-03-09T19:56:13.550+0000: 481639.534: [ParNew
Desired survivor size 8716288 bytes, new threshold 4 (max 6)
- age   1:    2638536 bytes,    2638536 total
- age   2:    2316512 bytes,    4955048 total
- age   3:    2292320 bytes,    7247368 total
- age   4:    2365864 bytes,    9613232 total
: 147589K->12719K(153344K), 0.0247430 secs] 324933K->192474K(1157888K), 0.0249310 secs] [Times: user=0.06 sys=0.00, real=0.03 secs] 
2014-03-09T20:00:25.525+0000: 481891.510: [GC2014-03-09T20:00:25.525+0000: 481891.510: [ParNew
Desired survivor size 8716288 bytes, new threshold 4 (max 6)
- age   1:    2636448 bytes,    2636448 total
- age   2:    2385672 bytes,    5022120 total
- age   3:    2316064 bytes,    7338184 total
- age   4:    2291520 bytes,    9629704 total
: 149039K->13653K(153344K), 0.0242750 secs] 328794K->195799K(1157888K), 0.0244300 secs] [Times: user=0.05 sys=0.00, real=0.02 secs] 
2014-03-09T20:04:39.456+0000: 482145.441: [GC2014-03-09T20:04:39.456+0000: 482145.441: [ParNew
Desired survivor size 8716288 bytes, new threshold 4 (max 6)
- age   1:    2711144 bytes,    2711144 total
- age   2:    2340288 bytes,    5051432 total
- age   3:    2384360 bytes,    7435792 total
- age   4:    2315616 bytes,    9751408 total
: 149973K->13995K(153344K), 0.0245990 secs] 332119K->198496K(1157888K), 0.0247460 secs] [Times: user=0.06 sys=0.00, real=0.02 secs] 
2014-03-09T20:08:50.916+0000: 482396.901: [GC2014-03-09T20:08:50.916+0000: 482396.901: [ParNew
Desired survivor size 8716288 bytes, new threshold 4 (max 6)
- age   1:    2632680 bytes,    2632680 total
- age   2:    2384408 bytes,    5017088 total
- age   3:    2338912 bytes,    7356000 total
- age   4:    2344480 bytes,    9700480 total
: 150315K->14159K(153344K), 0.0242390 secs] 334816K->201041K(1157888K), 0.0243930 secs] [Times: user=0.05 sys=0.00, real=0.02 secs] 
2014-03-09T20:12:54.913+0000: 482640.897: [GC2014-03-09T20:12:54.913+0000: 482640.897: [ParNew
Desired survivor size 8716288 bytes, new threshold 4 (max 6)
- age   1:    2565048 bytes,    2565048 total
- age   2:    2390632 bytes,    4955680 total
- age   3:    2382944 bytes,    7338624 total
- age   4:    2298904 bytes,    9637528 total
: 150479K->14139K(153344K), 0.0244310 secs] 337361K->203432K(1157888K), 0.0245910 secs] [Times: user=0.06 sys=0.00, real=0.03 secs] 
2014-03-09T20:17:07.120+0000: 482893.105: [GC2014-03-09T20:17:07.120+0000: 482893.105: [ParNew
Desired survivor size 8716288 bytes, new threshold 4 (max 6)
- age   1:    2559984 bytes,    2559984 total
- age   2:    2261696 bytes,    4821680 total
- age   3:    2390088 bytes,    7211768 total
- age   4:    2382496 bytes,    9594264 total
: 150459K->14045K(153344K), 0.0250000 secs] 339752K->205702K(1157888K), 0.0251710 secs] [Times: user=0.05 sys=0.00, real=0.03 secs] 
2014-03-09T20:21:18.673+0000: 483144.658: [GC2014-03-09T20:21:18.673+0000: 483144.658: [ParNew
Desired survivor size 8716288 bytes, new threshold 4 (max 6)
- age   1:    2665552 bytes,    2665552 total
- age   2:    2326208 bytes,    4991760 total
- age   3:    2260696 bytes,    7252456 total
- age   4:    2343672 bytes,    9596128 total
: 150365K->14055K(153344K), 0.0245470 secs] 342022K->208159K(1157888K), 0.0247100 secs] [Times: user=0.05 sys=0.00, real=0.03 secs] 
2014-03-09T20:25:30.283+0000: 483396.268: [GC2014-03-09T20:25:30.283+0000: 483396.268: [ParNew
Desired survivor size 8716288 bytes, new threshold 4 (max 6)
- age   1:    2614168 bytes,    2614168 total
- age   2:    2374072 bytes,    4988240 total
- age   3:    2325808 bytes,    7314048 total
- age   4:    2260104 bytes,    9574152 total
: 150375K->13968K(153344K), 0.0240790 secs] 344479K->210441K(1157888K), 0.0242330 secs] [Times: user=0.05 sys=0.00, real=0.02 secs] 
2014-03-09T20:29:44.909+0000: 483650.894: [GC2014-03-09T20:29:44.909+0000: 483650.894: [ParNew
Desired survivor size 8716288 bytes, new threshold 4 (max 6)
- age   1:    2691608 bytes,    2691608 total
- age   2:    2328112 bytes,    5019720 total
- age   3:    2372216 bytes,    7391936 total
- age   4:    2325216 bytes,    9717152 total
: 150288K->14013K(153344K), 0.0242660 secs] 346761K->212809K(1157888K), 0.0244230 secs] [Times: user=0.06 sys=0.00, real=0.02 secs] 
2014-03-09T20:33:55.343+0000: 483901.327: [GC2014-03-09T20:33:55.343+0000: 483901.328: [ParNew
Desired survivor size 8716288 bytes, new threshold 4 (max 6)
- age   1:    2657032 bytes,    2657032 total
- age   2:    2397168 bytes,    5054200 total
- age   3:    2327344 bytes,    7381544 total
- age   4:    2332248 bytes,    9713792 total
: 150333K->14129K(153344K), 0.0244520 secs] 349129K->215315K(1157888K), 0.0246230 secs] [Times: user=0.05 sys=0.00, real=0.02 secs] 
2014-03-09T20:38:00.358+0000: 484146.343: [GC2014-03-09T20:38:00.358+0000: 484146.343: [ParNew
Desired survivor size 8716288 bytes, new threshold 4 (max 6)
- age   1:    2526520 bytes,    2526520 total
- age   2:    2385152 bytes,    4911672 total
- age   3:    2384112 bytes,    7295784 total
- age   4:    2327072 bytes,    9622856 total
: 150445K->14143K(153344K), 0.0243050 secs] 351632K->217686K(1157888K), 0.0244420 secs] [Times: user=0.05 sys=0.00, real=0.03 secs] 
2014-03-09T20:42:11.964+0000: 484397.949: [GC2014-03-09T20:42:11.964+0000: 484397.949: [ParNew
Desired survivor size 8716288 bytes, new threshold 4 (max 6)
- age   1:    2678176 bytes,    2678176 total
- age   2:    2268088 bytes,    4946264 total
- age   3:    2338624 bytes,    7284888 total
- age   4:    2383760 bytes,    9668648 total
: 150463K->14069K(153344K), 0.0259430 secs] 354006K->220005K(1157888K), 0.0261150 secs] [Times: user=0.05 sys=0.00, real=0.02 secs] 
2014-03-09T20:46:25.027+0000: 484651.011: [GC2014-03-09T20:46:25.027+0000: 484651.011: [ParNew
Desired survivor size 8716288 bytes, new threshold 4 (max 6)
- age   1:    2617352 bytes,    2617352 total
- age   2:    2339176 bytes,    4956528 total
- age   3:    2267736 bytes,    7224264 total
- age   4:    2298264 bytes,    9522528 total
: 150389K->14054K(153344K), 0.0241520 secs] 356325K->222439K(1157888K), 0.0243040 secs] [Times: user=0.05 sys=0.00, real=0.02 secs] 
2014-03-09T20:50:37.552+0000: 484903.537: [GC2014-03-09T20:50:37.552+0000: 484903.537: [ParNew
Desired survivor size 8716288 bytes, new threshold 4 (max 6)
- age   1:    2625808 bytes,    2625808 total
- age   2:    2345608 bytes,    4971416 total
- age   3:    2337560 bytes,    7308976 total
- age   4:    2266496 bytes,    9575472 total
: 150368K->13937K(153344K), 0.0240950 secs] 358753K->224685K(1157888K), 0.0242450 secs] [Times: user=0.05 sys=0.00, real=0.03 secs] 
2014-03-09T20:54:50.617+0000: 485156.602: [GC2014-03-09T20:54:50.617+0000: 485156.602: [ParNew
Desired survivor size 8716288 bytes, new threshold 4 (max 6)
- age   1:    2678576 bytes,    2678576 total
- age   2:    2340880 bytes,    5019456 total
- age   3:    2344696 bytes,    7364152 total
- age   4:    2336864 bytes,    9701016 total
: 150257K->14006K(153344K), 0.0245360 secs] 361005K->227083K(1157888K), 0.0246910 secs] [Times: user=0.05 sys=0.00, real=0.02 secs] 
2014-03-09T20:59:00.169+0000: 485406.153: [GC2014-03-09T20:59:00.169+0000: 485406.154: [ParNew
Desired survivor size 8716288 bytes, new threshold 4 (max 6)
- age   1:    2564816 bytes,    2564816 total
- age   2:    2436440 bytes,    5001256 total
- age   3:    2339296 bytes,    7340552 total
- age   4:    2344136 bytes,    9684688 total
: 150326K->14086K(153344K), 0.0247780 secs] 363403K->229525K(1157888K), 0.0249450 secs] [Times: user=0.05 sys=0.00, real=0.02 secs] 
2014-03-09T21:03:10.515+0000: 485656.499: [GC2014-03-09T21:03:10.515+0000: 485656.500: [ParNew
Desired survivor size 8716288 bytes, new threshold 4 (max 6)
- age   1:    2674848 bytes,    2674848 total
- age   2:    2305104 bytes,    4979952 total
- age   3:    2389856 bytes,    7369808 total
- age   4:    2338560 bytes,    9708368 total
: 150406K->14142K(153344K), 0.0250580 secs] 365845K->231991K(1157888K), 0.0252270 secs] [Times: user=0.05 sys=0.00, real=0.02 secs] 
2014-03-09T21:07:24.191+0000: 485910.176: [GC2014-03-09T21:07:24.191+0000: 485910.176: [ParNew
Desired survivor size 8716288 bytes, new threshold 4 (max 6)
- age   1:    2667904 bytes,    2667904 total
- age   2:    2346424 bytes,    5014328 total
- age   3:    2304656 bytes,    7318984 total
- age   4:    2349016 bytes,    9668000 total
: 150462K->14113K(153344K), 0.0242780 secs] 368311K->234365K(1157888K), 0.0244330 secs] [Times: user=0.05 sys=0.00, real=0.03 secs] 
2014-03-09T21:11:15.147+0000: 486141.132: [GC2014-03-09T21:11:15.147+0000: 486141.132: [ParNew
Desired survivor size 8716288 bytes, new threshold 4 (max 6)
- age   1:    2475640 bytes,    2475640 total
- age   2:    2424256 bytes,    4899896 total
- age   3:    2345304 bytes,    7245200 total
- age   4:    2301648 bytes,    9546848 total
: 150433K->14180K(153344K), 0.0246980 secs] 370685K->236847K(1157888K), 0.0248460 secs] [Times: user=0.05 sys=0.00, real=0.02 secs] 
2014-03-09T21:15:14.078+0000: 486380.063: [GC2014-03-09T21:15:14.078+0000: 486380.063: [ParNew
Desired survivor size 8716288 bytes, new threshold 4 (max 6)
- age   1:    2557832 bytes,    2557832 total
- age   2:    2125888 bytes,    4683720 total
- age   3:    2378160 bytes,    7061880 total
- age   4:    2344840 bytes,    9406720 total
: 150500K->13961K(153344K), 0.0263280 secs] 373167K->238994K(1157888K), 0.0265090 secs] [Times: user=0.05 sys=0.00, real=0.03 secs] 
2014-03-09T21:19:25.375+0000: 486631.359: [GC2014-03-09T21:19:25.375+0000: 486631.359: [ParNew
Desired survivor size 8716288 bytes, new threshold 4 (max 6)
- age   1:    2618504 bytes,    2618504 total
- age   2:    2264888 bytes,    4883392 total
- age   3:    2125376 bytes,    7008768 total
- age   4:    2376632 bytes,    9385400 total
: 150281K->9212K(153344K), 0.0240610 secs] 375314K->236654K(1157888K), 0.0242080 secs] [Times: user=0.05 sys=0.00, real=0.02 secs] 
2014-03-09T21:23:34.473+0000: 486880.458: [GC2014-03-09T21:23:34.473+0000: 486880.458: [ParNew
Desired survivor size 8716288 bytes, new threshold 4 (max 6)
- age   1:    2586264 bytes,    2586264 total
- age   2:    2344984 bytes,    4931248 total
- age   3:    2260248 bytes,    7191496 total
- age   4:    2124528 bytes,    9316024 total
: 145532K->9156K(153344K), 0.0240860 secs] 372974K->239001K(1157888K), 0.0242390 secs] [Times: user=0.05 sys=0.00, real=0.03 secs] 
2014-03-09T21:27:35.909+0000: 487121.894: [GC2014-03-09T21:27:35.909+0000: 487121.894: [ParNew
Desired survivor size 8716288 bytes, new threshold 4 (max 6)
- age   1:    2681720 bytes,    2681720 total
- age   2:    2265608 bytes,    4947328 total
- age   3:    2343408 bytes,    7290736 total
- age   4:    2212328 bytes,    9503064 total
: 145476K->13669K(153344K), 0.0240150 secs] 375321K->245698K(1157888K), 0.0241700 secs] [Times: user=0.04 sys=0.00, real=0.02 secs] 
2014-03-09T21:31:35.219+0000: 487361.204: [GC2014-03-09T21:31:35.219+0000: 487361.204: [ParNew
Desired survivor size 8716288 bytes, new threshold 4 (max 6)
- age   1:    2567720 bytes,    2567720 total
- age   2:    2329344 bytes,    4897064 total
- age   3:    2264816 bytes,    7161880 total
- age   4:    2303736 bytes,    9465616 total
: 149989K->13787K(153344K), 0.0242220 secs] 382018K->248089K(1157888K), 0.0243760 secs] [Times: user=0.05 sys=0.00, real=0.03 secs] 
2014-03-09T21:35:43.147+0000: 487609.132: [GC2014-03-09T21:35:43.147+0000: 487609.132: [ParNew
Desired survivor size 8716288 bytes, new threshold 4 (max 6)
- age   1:    2662504 bytes,    2662504 total
- age   2:    2206816 bytes,    4869320 total
- age   3:    2282920 bytes,    7152240 total
- age   4:    2264280 bytes,    9416520 total
: 150107K->13735K(153344K), 0.0255320 secs] 384409K->250405K(1157888K), 0.0257130 secs] [Times: user=0.05 sys=0.00, real=0.02 secs] 
2014-03-09T21:39:51.219+0000: 487857.203: [GC2014-03-09T21:39:51.219+0000: 487857.203: [ParNew
Desired survivor size 8716288 bytes, new threshold 4 (max 6)
- age   1:    2551248 bytes,    2551248 total
- age   2:    2351784 bytes,    4903032 total
- age   3:    2205440 bytes,    7108472 total
- age   4:    2281688 bytes,    9390160 total
: 150055K->13731K(153344K), 0.0238970 secs] 386725K->252729K(1157888K), 0.0240640 secs] [Times: user=0.05 sys=0.00, real=0.03 secs] 
2014-03-09T21:44:04.824+0000: 488110.809: [GC2014-03-09T21:44:04.824+0000: 488110.809: [ParNew
Desired survivor size 8716288 bytes, new threshold 4 (max 6)
- age   1:    2677272 bytes,    2677272 total
- age   2:    2296456 bytes,    4973728 total
- age   3:    2305048 bytes,    7278776 total
- age   4:    2204488 bytes,    9483264 total
: 150051K->13730K(153344K), 0.0241990 secs] 389049K->255072K(1157888K), 0.0243840 secs] [Times: user=0.05 sys=0.00, real=0.02 secs] 
2014-03-09T21:48:15.546+0000: 488361.531: [GC2014-03-09T21:48:15.546+0000: 488361.531: [ParNew
Desired survivor size 8716288 bytes, new threshold 4 (max 6)
- age   1:    2559664 bytes,    2559664 total
- age   2:    2383784 bytes,    4943448 total
- age   3:    2296056 bytes,    7239504 total
- age   4:    2264704 bytes,    9504208 total
: 150050K->17024K(153344K), 0.0238610 secs] 391392K->260728K(1157888K), 0.0240090 secs] [Times: user=0.05 sys=0.00, real=0.02 secs] 
2014-03-09T21:52:28.339+0000: 488614.324: [GC2014-03-09T21:52:28.339+0000: 488614.324: [ParNew
Desired survivor size 8716288 bytes, new threshold 4 (max 6)
- age   1:    2605160 bytes,    2605160 total
- age   2:    2340752 bytes,    4945912 total
- age   3:    2383440 bytes,    7329352 total
- age   4:    2295656 bytes,    9625008 total
: 153344K->11612K(153344K), 0.0256010 secs] 397048K->257645K(1157888K), 0.0257720 secs] [Times: user=0.06 sys=0.00, real=0.03 secs] 
2014-03-09T21:56:35.755+0000: 488861.740: [GC2014-03-09T21:56:35.755+0000: 488861.740: [ParNew
Desired survivor size 8716288 bytes, new threshold 4 (max 6)
- age   1:    2614392 bytes,    2614392 total
- age   2:    2361664 bytes,    4976056 total
- age   3:    2339448 bytes,    7315504 total
- age   4:    2382592 bytes,    9698096 total
: 147932K->16992K(153344K), 0.0242710 secs] 393965K->265382K(1157888K), 0.0244250 secs] [Times: user=0.06 sys=0.00, real=0.02 secs] 
2014-03-09T22:00:13.044+0000: 489079.028: [GC2014-03-09T22:00:13.044+0000: 489079.028: [ParNew
Desired survivor size 8716288 bytes, new threshold 3 (max 6)
- age   1:    4229336 bytes,    4229336 total
- age   2:    2335552 bytes,    6564888 total
- age   3:    2360920 bytes,    8925808 total
- age   4:    2339080 bytes,   11264888 total
: 153312K->14153K(153344K), 0.0260910 secs] 401702K->264953K(1157888K), 0.0262590 secs] [Times: user=0.06 sys=0.00, real=0.02 secs] 
2014-03-09T22:04:14.928+0000: 489320.913: [GC2014-03-09T22:04:14.928+0000: 489320.913: [ParNew
Desired survivor size 8716288 bytes, new threshold 3 (max 6)
- age   1:    2582064 bytes,    2582064 total
- age   2:    3843376 bytes,    6425440 total
- age   3:    2333976 bytes,    8759416 total
: 150473K->9697K(153344K), 0.0280000 secs] 401273K->265280K(1157888K), 0.0281590 secs] [Times: user=0.06 sys=0.00, real=0.03 secs] 
2014-03-09T22:08:20.068+0000: 489566.053: [GC2014-03-09T22:08:20.068+0000: 489566.053: [ParNew
Desired survivor size 8716288 bytes, new threshold 6 (max 6)
- age   1:    2593392 bytes,    2593392 total
- age   2:    2287312 bytes,    4880704 total
- age   3:    1995376 bytes,    6876080 total
: 146017K->8781K(153344K), 0.0216100 secs] 401600K->266722K(1157888K), 0.0217560 secs] [Times: user=0.05 sys=0.00, real=0.02 secs] 
2014-03-09T22:12:22.662+0000: 489808.646: [GC2014-03-09T22:12:22.662+0000: 489808.646: [ParNew
Desired survivor size 8716288 bytes, new threshold 4 (max 6)
- age   1:    2644392 bytes,    2644392 total
- age   2:    2255296 bytes,    4899688 total
- age   3:    2285584 bytes,    7185272 total
- age   4:    1995096 bytes,    9180368 total
: 145101K->14369K(153344K), 0.0181110 secs] 403042K->272309K(1157888K), 0.0182490 secs] [Times: user=0.04 sys=0.00, real=0.02 secs] 
2014-03-09T22:16:30.091+0000: 490056.076: [GC2014-03-09T22:16:30.091+0000: 490056.076: [ParNew
Desired survivor size 8716288 bytes, new threshold 4 (max 6)
- age   1:    2618816 bytes,    2618816 total
- age   2:    2301984 bytes,    4920800 total
- age   3:    2254352 bytes,    7175152 total
- age   4:    2284264 bytes,    9459416 total
: 150689K->12723K(153344K), 0.0236100 secs] 408629K->272715K(1157888K), 0.0237750 secs] [Times: user=0.05 sys=0.00, real=0.03 secs] 
2014-03-09T22:20:39.933+0000: 490305.917: [GC2014-03-09T22:20:39.933+0000: 490305.917: [ParNew
Desired survivor size 8716288 bytes, new threshold 4 (max 6)
- age   1:    2528368 bytes,    2528368 total
- age   2:    2293952 bytes,    4822320 total
- age   3:    2219280 bytes,    7041600 total
- age   4:    2253688 bytes,    9295288 total
: 149043K->17024K(153344K), 0.0241840 secs] 409035K->279553K(1157888K), 0.0243490 secs] [Times: user=0.05 sys=0.00, real=0.03 secs] 
2014-03-09T22:24:47.313+0000: 490553.298: [GC2014-03-09T22:24:47.313+0000: 490553.298: [ParNew
Desired survivor size 8716288 bytes, new threshold 4 (max 6)
- age   1:    2600848 bytes,    2600848 total
- age   2:    2361776 bytes,    4962624 total
- age   3:    2293088 bytes,    7255712 total
- age   4:    2217976 bytes,    9473688 total
: 153344K->11391K(153344K), 0.0239700 secs] 415873K->276237K(1157888K), 0.0241170 secs] [Times: user=0.05 sys=0.00, real=0.03 secs] 
2014-03-09T22:28:59.480+0000: 490805.465: [GC2014-03-09T22:28:59.480+0000: 490805.465: [ParNew
Desired survivor size 8716288 bytes, new threshold 4 (max 6)
- age   1:    2671544 bytes,    2671544 total
- age   2:    2334520 bytes,    5006064 total
- age   3:    2315776 bytes,    7321840 total
- age   4:    2292864 bytes,    9614704 total
: 147711K->12494K(153344K), 0.0242820 secs] 412557K->279621K(1157888K), 0.0244280 secs] [Times: user=0.05 sys=0.00, real=0.03 secs] 
2014-03-09T22:33:06.274+0000: 491052.258: [GC2014-03-09T22:33:06.274+0000: 491052.259: [ParNew
Desired survivor size 8716288 bytes, new threshold 4 (max 6)
- age   1:    2656832 bytes,    2656832 total
- age   2:    2325392 bytes,    4982224 total
- age   3:    2327960 bytes,    7310184 total
- age   4:    2314672 bytes,    9624856 total
: 148814K->13705K(153344K), 0.0249560 secs] 415941K->283189K(1157888K), 0.0251260 secs] [Times: user=0.05 sys=0.00, real=0.03 secs] 
2014-03-09T22:37:19.909+0000: 491305.894: [GC2014-03-09T22:37:19.909+0000: 491305.894: [ParNew
Desired survivor size 8716288 bytes, new threshold 4 (max 6)
- age   1:    2597808 bytes,    2597808 total
- age   2:    2325448 bytes,    4923256 total
- age   3:    2324560 bytes,    7247816 total
- age   4:    2287936 bytes,    9535752 total
: 150025K->13888K(153344K), 0.0250840 secs] 419509K->285750K(1157888K), 0.0252380 secs] [Times: user=0.05 sys=0.00, real=0.03 secs] 
2014-03-09T22:41:30.916+0000: 491556.901: [GC2014-03-09T22:41:30.916+0000: 491556.901: [ParNew
Desired survivor size 8716288 bytes, new threshold 4 (max 6)
- age   1:    2572624 bytes,    2572624 total
- age   2:    2344184 bytes,    4916808 total
- age   3:    2314080 bytes,    7230888 total
- age   4:    2324288 bytes,    9555176 total
: 150208K->13912K(153344K), 0.0239990 secs] 422070K->288126K(1157888K), 0.0241620 secs] [Times: user=0.05 sys=0.00, real=0.02 secs] 
2014-03-09T22:45:02.604+0000: 491768.589: [GC2014-03-09T22:45:02.604+0000: 491768.589: [ParNew
Desired survivor size 8716288 bytes, new threshold 4 (max 6)
- age   1:    3074464 bytes,    3074464 total
- age   2:    2301112 bytes,    5375576 total
- age   3:    2343280 bytes,    7718856 total
- age   4:    2307592 bytes,   10026448 total
: 150232K->14166K(153344K), 0.0260420 secs] 424446K->290770K(1157888K), 0.0262120 secs] [Times: user=0.05 sys=0.00, real=0.02 secs] 
2014-03-09T22:49:15.436+0000: 492021.421: [GC2014-03-09T22:49:15.436+0000: 492021.421: [ParNew
Desired survivor size 8716288 bytes, new threshold 4 (max 6)
- age   1:    2615816 bytes,    2615816 total
- age   2:    2156648 bytes,    4772464 total
- age   3:    2300152 bytes,    7072616 total
- age   4:    2342736 bytes,    9415352 total
: 150486K->9504K(153344K), 0.0243980 secs] 427090K->288440K(1157888K), 0.0245420 secs] [Times: user=0.05 sys=0.00, real=0.02 secs] 
2014-03-09T22:53:26.508+0000: 492272.492: [GC2014-03-09T22:53:26.508+0000: 492272.492: [ParNew
Desired survivor size 8716288 bytes, new threshold 4 (max 6)
- age   1:    2709120 bytes,    2709120 total
- age   2:    2345536 bytes,    5054656 total
- age   3:    2141448 bytes,    7196104 total
- age   4:    2299008 bytes,    9495112 total
: 145824K->13938K(153344K), 0.0243080 secs] 424759K->295282K(1157888K), 0.0244590 secs] [Times: user=0.05 sys=0.00, real=0.02 secs] 
2014-03-09T22:57:31.051+0000: 492517.036: [GC2014-03-09T22:57:31.051+0000: 492517.036: [ParNew
Desired survivor size 8716288 bytes, new threshold 4 (max 6)
- age   1:    2937992 bytes,    2937992 total
- age   2:    2385776 bytes,    5323768 total
- age   3:    2344560 bytes,    7668328 total
- age   4:    2060032 bytes,    9728360 total
: 150258K->13805K(153344K), 0.0241460 secs] 431602K->297513K(1157888K), 0.0242990 secs] [Times: user=0.05 sys=0.00, real=0.03 secs] 
2014-03-09T23:01:44.338+0000: 492770.322: [GC2014-03-09T23:01:44.338+0000: 492770.322: [ParNew
Desired survivor size 8716288 bytes, new threshold 4 (max 6)
- age   1:    2551904 bytes,    2551904 total
- age   2:    2677880 bytes,    5229784 total
- age   3:    2384424 bytes,    7614208 total
- age   4:    2344240 bytes,    9958448 total
: 150125K->14058K(153344K), 0.0239310 secs] 433833K->299882K(1157888K), 0.0240890 secs] [Times: user=0.05 sys=0.00, real=0.02 secs] 
2014-03-09T23:05:35.916+0000: 493001.901: [GC2014-03-09T23:05:35.916+0000: 493001.901: [ParNew
Desired survivor size 8716288 bytes, new threshold 4 (max 6)
- age   1:    2650096 bytes,    2650096 total
- age   2:    2315768 bytes,    4965864 total
- age   3:    2624672 bytes,    7590536 total
- age   4:    2383960 bytes,    9974496 total
: 150378K->14505K(153344K), 0.0250030 secs] 436202K->302738K(1157888K), 0.0251560 secs] [Times: user=0.05 sys=0.00, real=0.02 secs] 
2014-03-09T23:09:48.909+0000: 493254.894: [GC2014-03-09T23:09:48.909+0000: 493254.894: [ParNew
Desired survivor size 8716288 bytes, new threshold 4 (max 6)
- age   1:    2604672 bytes,    2604672 total
- age   2:    2157848 bytes,    4762520 total
- age   3:    2314568 bytes,    7077088 total
- age   4:    2606352 bytes,    9683440 total
: 150825K->10002K(153344K), 0.0248790 secs] 439058K->300683K(1157888K), 0.0250250 secs] [Times: user=0.05 sys=0.00, real=0.02 secs] 
2014-03-09T23:13:58.748+0000: 493504.733: [GC2014-03-09T23:13:58.748+0000: 493504.733: [ParNew
Desired survivor size 8716288 bytes, new threshold 4 (max 6)
- age   1:    2691000 bytes,    2691000 total
- age   2:    2311456 bytes,    5002456 total
- age   3:    2156752 bytes,    7159208 total
- age   4:    2313976 bytes,    9473184 total
: 146322K->13817K(153344K), 0.0247480 secs] 437003K->306811K(1157888K), 0.0248930 secs] [Times: user=0.05 sys=0.00, real=0.02 secs] 
2014-03-09T23:18:08.900+0000: 493754.884: [GC2014-03-09T23:18:08.900+0000: 493754.884: [ParNew
Desired survivor size 8716288 bytes, new threshold 4 (max 6)
- age   1:    2593328 bytes,    2593328 total
- age   2:    2385960 bytes,    4979288 total
- age   3:    2310712 bytes,    7290000 total
- age   4:    2156240 bytes,    9446240 total
: 150137K->13827K(153344K), 0.0247150 secs] 443131K->309200K(1157888K), 0.0248720 secs] [Times: user=0.05 sys=0.00, real=0.03 secs] 
2014-03-09T23:22:21.219+0000: 494007.203: [GC2014-03-09T23:22:21.219+0000: 494007.204: [ParNew
Desired survivor size 8716288 bytes, new threshold 4 (max 6)
- age   1:    2614872 bytes,    2614872 total
- age   2:    2304064 bytes,    4918936 total
- age   3:    2384776 bytes,    7303712 total
- age   4:    2310232 bytes,    9613944 total
: 150147K->13798K(153344K), 0.0240910 secs] 445520K->311387K(1157888K), 0.0242720 secs] [Times: user=0.06 sys=0.00, real=0.03 secs] 
2014-03-09T23:26:32.409+0000: 494258.394: [GC2014-03-09T23:26:32.410+0000: 494258.394: [ParNew
Desired survivor size 8716288 bytes, new threshold 4 (max 6)
- age   1:    2689032 bytes,    2689032 total
- age   2:    2330008 bytes,    5019040 total
- age   3:    2303080 bytes,    7322120 total
- age   4:    2383488 bytes,    9705608 total
: 150118K->14053K(153344K), 0.0256510 secs] 447707K->314017K(1157888K), 0.0257980 secs] [Times: user=0.05 sys=0.00, real=0.03 secs] 
2014-03-09T23:30:45.536+0000: 494511.521: [GC2014-03-09T23:30:45.536+0000: 494511.521: [ParNew
Desired survivor size 8716288 bytes, new threshold 4 (max 6)
- age   1:    2584608 bytes,    2584608 total
- age   2:    2394752 bytes,    4979360 total
- age   3:    2328440 bytes,    7307800 total
- age   4:    2302568 bytes,    9610368 total
: 150373K->14036K(153344K), 0.0241510 secs] 450337K->316369K(1157888K), 0.0243190 secs] [Times: user=0.05 sys=0.00, real=0.02 secs] 
2014-03-09T23:34:58.111+0000: 494764.096: [GC2014-03-09T23:34:58.111+0000: 494764.096: [ParNew
Desired survivor size 8716288 bytes, new threshold 4 (max 6)
- age   1:    2678872 bytes,    2678872 total
- age   2:    2328952 bytes,    5007824 total
- age   3:    2392616 bytes,    7400440 total
- age   4:    2328264 bytes,    9728704 total
: 150354K->14107K(153344K), 0.0253200 secs] 452687K->318808K(1157888K), 0.0254760 secs] [Times: user=0.05 sys=0.00, real=0.03 secs] 
2014-03-09T23:39:10.799+0000: 495016.784: [GC2014-03-09T23:39:10.799+0000: 495016.784: [ParNew
Desired survivor size 8716288 bytes, new threshold 4 (max 6)
- age   1:    2563456 bytes,    2563456 total
- age   2:    2414704 bytes,    4978160 total
- age   3:    2327952 bytes,    7306112 total
- age   4:    2313224 bytes,    9619336 total
: 150427K->14073K(153344K), 0.0243710 secs] 455128K->321167K(1157888K), 0.0245400 secs] [Times: user=0.05 sys=0.00, real=0.03 secs] 
2014-03-09T23:43:24.316+0000: 495270.300: [GC2014-03-09T23:43:24.316+0000: 495270.301: [ParNew
Desired survivor size 8716288 bytes, new threshold 4 (max 6)
- age   1:    2607696 bytes,    2607696 total
- age   2:    2309744 bytes,    4917440 total
- age   3:    2413656 bytes,    7331096 total
- age   4:    2327360 bytes,    9658456 total
: 150393K->14050K(153344K), 0.0242240 secs] 457487K->323524K(1157888K), 0.0243610 secs] [Times: user=0.05 sys=0.00, real=0.02 secs] 
2014-03-09T23:47:09.062+0000: 495495.047: [GC2014-03-09T23:47:09.062+0000: 495495.047: [ParNew
Desired survivor size 8716288 bytes, new threshold 4 (max 6)
- age   1:    2903256 bytes,    2903256 total
- age   2:    2390328 bytes,    5293584 total
- age   3:    2308856 bytes,    7602440 total
- age   4:    2412512 bytes,   10014952 total
: 150370K->14279K(153344K), 0.0252020 secs] 459844K->326145K(1157888K), 0.0253810 secs] [Times: user=0.05 sys=0.00, real=0.03 secs] 
2014-03-09T23:51:24.220+0000: 495750.204: [GC2014-03-09T23:51:24.220+0000: 495750.204: [ParNew
Desired survivor size 8716288 bytes, new threshold 4 (max 6)
- age   1:    2597440 bytes,    2597440 total
- age   2:    2531520 bytes,    5128960 total
- age   3:    2389928 bytes,    7518888 total
- age   4:    2308456 bytes,    9827344 total
: 150599K->14260K(153344K), 0.0247100 secs] 462465K->328524K(1157888K), 0.0248550 secs] [Times: user=0.05 sys=0.00, real=0.03 secs] 
2014-03-09T23:55:40.068+0000: 496006.053: [GC2014-03-09T23:55:40.068+0000: 496006.053: [ParNew
Desired survivor size 8716288 bytes, new threshold 4 (max 6)
- age   1:    2671168 bytes,    2671168 total
- age   2:    2314352 bytes,    4985520 total
- age   3:    2442736 bytes,    7428256 total
- age   4:    2343880 bytes,    9772136 total
: 150580K->14331K(153344K), 0.0243920 secs] 464844K->330969K(1157888K), 0.0245410 secs] [Times: user=0.05 sys=0.00, real=0.02 secs] 
2014-03-09T23:59:55.890+0000: 496261.875: [GC2014-03-09T23:59:55.890+0000: 496261.875: [ParNew
Desired survivor size 8716288 bytes, new threshold 4 (max 6)
- age   1:    2778304 bytes,    2778304 total
- age   2:    2383136 bytes,    5161440 total
- age   3:    2313824 bytes,    7475264 total
- age   4:    2425448 bytes,    9900712 total
: 150651K->14598K(153344K), 0.0258540 secs] 467289K->333645K(1157888K), 0.0260020 secs] [Times: user=0.05 sys=0.00, real=0.03 secs] 
2014-03-10T00:04:11.696+0000: 496517.681: [GC2014-03-10T00:04:11.697+0000: 496517.681: [ParNew
Desired survivor size 8716288 bytes, new threshold 4 (max 6)
- age   1:    2626160 bytes,    2626160 total
- age   2:    2424512 bytes,    5050672 total
- age   3:    2382176 bytes,    7432848 total
- age   4:    2313456 bytes,    9746304 total
: 150918K->14066K(153344K), 0.0239000 secs] 469965K->335276K(1157888K), 0.0240520 secs] [Times: user=0.06 sys=0.00, real=0.02 secs] 
2014-03-10T00:08:29.465+0000: 496775.449: [GC2014-03-10T00:08:29.465+0000: 496775.450: [ParNew
Desired survivor size 8716288 bytes, new threshold 4 (max 6)
- age   1:    2711088 bytes,    2711088 total
- age   2:    2344272 bytes,    5055360 total
- age   3:    2422496 bytes,    7477856 total
- age   4:    2381632 bytes,    9859488 total
: 150386K->14272K(153344K), 0.0264350 secs] 471596K->337861K(1157888K), 0.0266380 secs] [Times: user=0.06 sys=0.00, real=0.02 secs] 
2014-03-10T00:12:45.687+0000: 497031.671: [GC2014-03-10T00:12:45.687+0000: 497031.671: [ParNew
Desired survivor size 8716288 bytes, new threshold 4 (max 6)
- age   1:    2559152 bytes,    2559152 total
- age   2:    2517400 bytes,    5076552 total
- age   3:    2343440 bytes,    7419992 total
- age   4:    2342864 bytes,    9762856 total
: 150592K->14260K(153344K), 0.0246180 secs] 474181K->340298K(1157888K), 0.0247680 secs] [Times: user=0.05 sys=0.00, real=0.02 secs] 
2014-03-10T00:17:02.202+0000: 497288.186: [GC2014-03-10T00:17:02.202+0000: 497288.187: [ParNew
Desired survivor size 8716288 bytes, new threshold 4 (max 6)
- age   1:    2610256 bytes,    2610256 total
- age   2:    2342768 bytes,    4953024 total
- age   3:    2471136 bytes,    7424160 total
- age   4:    2343072 bytes,    9767232 total
: 150580K->14260K(153344K), 0.0250080 secs] 476618K->342706K(1157888K), 0.0251740 secs] [Times: user=0.06 sys=0.00, real=0.03 secs] 
2014-03-10T00:21:18.078+0000: 497544.063: [GC2014-03-10T00:21:18.078+0000: 497544.063: [ParNew
Desired survivor size 8716288 bytes, new threshold 4 (max 6)
- age   1:    2709224 bytes,    2709224 total
- age   2:    2388800 bytes,    5098024 total
- age   3:    2342088 bytes,    7440112 total
- age   4:    2469640 bytes,    9909752 total
: 150580K->14341K(153344K), 0.0244420 secs] 479026K->345197K(1157888K), 0.0245910 secs] [Times: user=0.06 sys=0.00, real=0.03 secs] 
2014-03-10T00:25:33.909+0000: 497799.894: [GC2014-03-10T00:25:33.909+0000: 497799.894: [ParNew
Desired survivor size 8716288 bytes, new threshold 4 (max 6)
- age   1:    2586520 bytes,    2586520 total
- age   2:    2464112 bytes,    5050632 total
- age   3:    2388216 bytes,    7438848 total
- age   4:    2341736 bytes,    9780584 total
: 150661K->14336K(153344K), 0.0246530 secs] 481517K->347650K(1157888K), 0.0248010 secs] [Times: user=0.06 sys=0.00, real=0.02 secs] 
2014-03-10T00:29:48.361+0000: 498054.346: [GC2014-03-10T00:29:48.361+0000: 498054.346: [ParNew
Desired survivor size 8716288 bytes, new threshold 4 (max 6)
- age   1:    2696440 bytes,    2696440 total
- age   2:    2317344 bytes,    5013784 total
- age   3:    2462760 bytes,    7476544 total
- age   4:    2342296 bytes,    9818840 total
: 150656K->9636K(153344K), 0.0248130 secs] 483970K->345358K(1157888K), 0.0249700 secs] [Times: user=0.06 sys=0.00, real=0.03 secs] 
2014-03-10T00:34:04.359+0000: 498310.344: [GC2014-03-10T00:34:04.359+0000: 498310.344: [ParNew
Desired survivor size 8716288 bytes, new threshold 4 (max 6)
- age   1:    2639200 bytes,    2639200 total
- age   2:    2423304 bytes,    5062504 total
- age   3:    2316160 bytes,    7378664 total
- age   4:    2383256 bytes,    9761920 total
: 145956K->14243K(153344K), 0.0246720 secs] 481678K->352373K(1157888K), 0.0248340 secs] [Times: user=0.06 sys=0.00, real=0.03 secs] 
2014-03-10T00:38:19.469+0000: 498565.454: [GC2014-03-10T00:38:19.469+0000: 498565.454: [ParNew
Desired survivor size 8716288 bytes, new threshold 4 (max 6)
- age   1:    2604312 bytes,    2604312 total
- age   2:    2371800 bytes,    4976112 total
- age   3:    2422456 bytes,    7398568 total
- age   4:    2315808 bytes,    9714376 total
: 150563K->14255K(153344K), 0.0244810 secs] 488693K->354835K(1157888K), 0.0246350 secs] [Times: user=0.05 sys=0.00, real=0.02 secs] 
2014-03-10T00:42:34.526+0000: 498820.511: [GC2014-03-10T00:42:34.526+0000: 498820.511: [ParNew
Desired survivor size 8716288 bytes, new threshold 4 (max 6)
- age   1:    2670136 bytes,    2670136 total
- age   2:    2342680 bytes,    5012816 total
- age   3:    2370912 bytes,    7383728 total
- age   4:    2421120 bytes,    9804848 total
: 150575K->14283K(153344K), 0.0259470 secs] 491155K->357244K(1157888K), 0.0260890 secs] [Times: user=0.04 sys=0.00, real=0.02 secs] 
2014-03-10T00:46:50.042+0000: 499076.027: [GC2014-03-10T00:46:50.043+0000: 499076.027: [ParNew
Desired survivor size 8716288 bytes, new threshold 4 (max 6)
- age   1:    2580232 bytes,    2580232 total
- age   2:    2467864 bytes,    5048096 total
- age   3:    2341864 bytes,    7389960 total
- age   4:    2370496 bytes,    9760456 total
: 150603K->14203K(153344K), 0.0245180 secs] 493564K->359572K(1157888K), 0.0246690 secs] [Times: user=0.06 sys=0.00, real=0.02 secs] 
2014-03-10T00:51:05.694+0000: 499331.678: [GC2014-03-10T00:51:05.694+0000: 499331.679: [ParNew
Desired survivor size 8716288 bytes, new threshold 4 (max 6)
- age   1:    2685296 bytes,    2685296 total
- age   2:    2341640 bytes,    5026936 total
- age   3:    2420936 bytes,    7447872 total
- age   4:    2341400 bytes,    9789272 total
: 150523K->9600K(153344K), 0.0245490 secs] 495892K->357406K(1157888K), 0.0247110 secs] [Times: user=0.06 sys=0.00, real=0.03 secs] 
2014-03-10T00:55:21.668+0000: 499587.653: [GC2014-03-10T00:55:21.668+0000: 499587.653: [ParNew
Desired survivor size 8716288 bytes, new threshold 4 (max 6)
- age   1:    2594168 bytes,    2594168 total
- age   2:    2422992 bytes,    5017160 total
- age   3:    2341288 bytes,    7358448 total
- age   4:    2341016 bytes,    9699464 total
: 145920K->14198K(153344K), 0.0244330 secs] 493726K->364411K(1157888K), 0.0245840 secs] [Times: user=0.05 sys=0.00, real=0.02 secs] 
2014-03-10T00:59:35.909+0000: 499841.894: [GC2014-03-10T00:59:35.909+0000: 499841.894: [ParNew
Desired survivor size 8716288 bytes, new threshold 4 (max 6)
- age   1:    2622504 bytes,    2622504 total
- age   2:    2342480 bytes,    4964984 total
- age   3:    2422400 bytes,    7387384 total
- age   4:    2340840 bytes,    9728224 total
: 150518K->14175K(153344K), 0.0247280 secs] 500731K->366795K(1157888K), 0.0248840 secs] [Times: user=0.05 sys=0.00, real=0.03 secs] 
2014-03-10T01:03:51.916+0000: 500097.901: [GC2014-03-10T01:03:51.916+0000: 500097.901: [ParNew
Desired survivor size 8716288 bytes, new threshold 4 (max 6)
- age   1:    2692720 bytes,    2692720 total
- age   2:    2342784 bytes,    5035504 total
- age   3:    2341744 bytes,    7377248 total
- age   4:    2421064 bytes,    9798312 total
: 150495K->14276K(153344K), 0.0251320 secs] 503115K->369303K(1157888K), 0.0252790 secs] [Times: user=0.05 sys=0.00, real=0.02 secs] 
2014-03-10T01:08:08.122+0000: 500354.107: [GC2014-03-10T01:08:08.122+0000: 500354.107: [ParNew
Desired survivor size 8716288 bytes, new threshold 4 (max 6)
- age   1:    2620424 bytes,    2620424 total
- age   2:    2428232 bytes,    5048656 total
- age   3:    2341704 bytes,    7390360 total
- age   4:    2341568 bytes,    9731928 total
: 150596K->14197K(153344K), 0.0251520 secs] 505623K->371633K(1157888K), 0.0253220 secs] [Times: user=0.05 sys=0.00, real=0.02 secs] 
2014-03-10T01:12:24.403+0000: 500610.387: [GC2014-03-10T01:12:24.403+0000: 500610.388: [ParNew
Desired survivor size 8716288 bytes, new threshold 4 (max 6)
- age   1:    2664672 bytes,    2664672 total
- age   2:    2400488 bytes,    5065160 total
- age   3:    2426600 bytes,    7491760 total
- age   4:    2341352 bytes,    9833112 total
: 150517K->14285K(153344K), 0.0255130 secs] 507953K->374128K(1157888K), 0.0256580 secs] [Times: user=0.05 sys=0.00, real=0.02 secs] 
2014-03-10T01:16:39.348+0000: 500865.333: [GC2014-03-10T01:16:39.349+0000: 500865.333: [ParNew
Desired survivor size 8716288 bytes, new threshold 4 (max 6)
- age   1:    2661216 bytes,    2661216 total
- age   2:    2423104 bytes,    5084320 total
- age   3:    2354112 bytes,    7438432 total
- age   4:    2346936 bytes,    9785368 total
: 150605K->14239K(153344K), 0.0245430 secs] 510448K->376490K(1157888K), 0.0247020 secs] [Times: user=0.06 sys=0.00, real=0.02 secs] 
2014-03-10T01:20:55.288+0000: 501121.273: [GC2014-03-10T01:20:55.288+0000: 501121.273: [ParNew
Desired survivor size 8716288 bytes, new threshold 4 (max 6)
- age   1:    2590616 bytes,    2590616 total
- age   2:    2417568 bytes,    5008184 total
- age   3:    2421944 bytes,    7430128 total
- age   4:    2353408 bytes,    9783536 total
: 150559K->9584K(153344K), 0.0245730 secs] 512810K->374246K(1157888K), 0.0247460 secs] [Times: user=0.06 sys=0.00, real=0.02 secs] 
2014-03-10T01:25:10.916+0000: 501376.901: [GC2014-03-10T01:25:10.916+0000: 501376.901: [ParNew
Desired survivor size 8716288 bytes, new threshold 4 (max 6)
- age   1:    2632424 bytes,    2632424 total
- age   2:    2381800 bytes,    5014224 total
- age   3:    2371072 bytes,    7385296 total
- age   4:    2381832 bytes,    9767128 total
: 145904K->14283K(153344K), 0.0249550 secs] 510566K->381366K(1157888K), 0.0251130 secs] [Times: user=0.06 sys=0.00, real=0.02 secs] 
2014-03-10T01:29:25.909+0000: 501631.894: [GC2014-03-10T01:29:25.909+0000: 501631.894: [ParNew
Desired survivor size 8716288 bytes, new threshold 4 (max 6)
- age   1:    2674240 bytes,    2674240 total
- age   2:    2387904 bytes,    5062144 total
- age   3:    2381304 bytes,    7443448 total
- age   4:    2369952 bytes,    9813400 total
: 150603K->14217K(153344K), 0.0245180 secs] 517686K->383708K(1157888K), 0.0246720 secs] [Times: user=0.05 sys=0.00, real=0.02 secs] 
2014-03-10T01:33:40.566+0000: 501886.551: [GC2014-03-10T01:33:40.566+0000: 501886.551: [ParNew
Desired survivor size 8716288 bytes, new threshold 4 (max 6)
- age   1:    2690536 bytes,    2690536 total
- age   2:    2348960 bytes,    5039496 total
- age   3:    2386080 bytes,    7425576 total
- age   4:    2380480 bytes,    9806056 total
: 150537K->14383K(153344K), 0.0263450 secs] 520028K->386311K(1157888K), 0.0265070 secs] [Times: user=0.04 sys=0.01, real=0.02 secs] 
2014-03-10T01:37:56.198+0000: 502142.183: [GC2014-03-10T01:37:56.198+0000: 502142.183: [ParNew
Desired survivor size 8716288 bytes, new threshold 4 (max 6)
- age   1:    2587464 bytes,    2587464 total
- age   2:    2417312 bytes,    5004776 total
- age   3:    2347744 bytes,    7352520 total
- age   4:    2345912 bytes,    9698432 total
: 150703K->14230K(153344K), 0.0243740 secs] 522631K->388564K(1157888K), 0.0245380 secs] [Times: user=0.06 sys=0.00, real=0.03 secs] 
2014-03-10T01:42:11.214+0000: 502397.199: [GC2014-03-10T01:42:11.214+0000: 502397.199: [ParNew
Desired survivor size 8716288 bytes, new threshold 4 (max 6)
- age   1:    2626816 bytes,    2626816 total
- age   2:    2342552 bytes,    4969368 total
- age   3:    2416096 bytes,    7385464 total
- age   4:    2347376 bytes,    9732840 total
: 150550K->14219K(153344K), 0.0243790 secs] 524884K->390965K(1157888K), 0.0245440 secs] [Times: user=0.05 sys=0.00, real=0.02 secs] 
2014-03-10T01:46:27.365+0000: 502653.349: [GC2014-03-10T01:46:27.365+0000: 502653.349: [ParNew
Desired survivor size 8716288 bytes, new threshold 4 (max 6)
- age   1:    2653920 bytes,    2653920 total
- age   2:    2381992 bytes,    5035912 total
- age   3:    2341320 bytes,    7377232 total
- age   4:    2375760 bytes,    9752992 total
: 150539K->14203K(153344K), 0.0244740 secs] 527285K->393362K(1157888K), 0.0246190 secs] [Times: user=0.05 sys=0.00, real=0.02 secs] 
2014-03-10T01:50:44.089+0000: 502910.074: [GC2014-03-10T01:50:44.090+0000: 502910.074: [ParNew
Desired survivor size 8716288 bytes, new threshold 4 (max 6)
- age   1:    2657408 bytes,    2657408 total
- age   2:    2434640 bytes,    5092048 total
- age   3:    2381032 bytes,    7473080 total
- age   4:    2341064 bytes,    9814144 total
: 150523K->14181K(153344K), 0.0246940 secs] 529682K->395743K(1157888K), 0.0248480 secs] [Times: user=0.06 sys=0.00, real=0.03 secs] 
2014-03-10T01:54:59.932+0000: 503165.916: [GC2014-03-10T01:54:59.932+0000: 503165.917: [ParNew
Desired survivor size 8716288 bytes, new threshold 4 (max 6)
- age   1:    2713640 bytes,    2713640 total
- age   2:    2410856 bytes,    5124496 total
- age   3:    2387368 bytes,    7511864 total
- age   4:    2380312 bytes,    9892176 total
: 150501K->14372K(153344K), 0.0255480 secs] 532063K->398340K(1157888K), 0.0257000 secs] [Times: user=0.05 sys=0.00, real=0.03 secs] 
2014-03-10T01:59:15.385+0000: 503421.369: [GC2014-03-10T01:59:15.385+0000: 503421.369: [ParNew
Desired survivor size 8716288 bytes, new threshold 4 (max 6)
- age   1:    2631896 bytes,    2631896 total
- age   2:    2423184 bytes,    5055080 total
- age   3:    2410408 bytes,    7465488 total
- age   4:    2347208 bytes,    9812696 total
: 150692K->14325K(153344K), 0.0244150 secs] 534660K->400700K(1157888K), 0.0245700 secs] [Times: user=0.05 sys=0.00, real=0.02 secs] 
2014-03-10T02:03:30.916+0000: 503676.901: [GC2014-03-10T02:03:30.916+0000: 503676.901: [ParNew
Desired survivor size 8716288 bytes, new threshold 4 (max 6)
- age   1:    2660320 bytes,    2660320 total
- age   2:    2360096 bytes,    5020416 total
- age   3:    2420800 bytes,    7441216 total
- age   4:    2409816 bytes,    9851032 total
: 150645K->14408K(153344K), 0.0245880 secs] 537020K->403197K(1157888K), 0.0247450 secs] [Times: user=0.06 sys=0.00, real=0.02 secs] 
2014-03-10T02:07:47.345+0000: 503933.329: [GC2014-03-10T02:07:47.345+0000: 503933.329: [ParNew
Desired survivor size 8716288 bytes, new threshold 4 (max 6)
- age   1:    2568600 bytes,    2568600 total
- age   2:    2468288 bytes,    5036888 total
- age   3:    2359120 bytes,    7396008 total
- age   4:    2341328 bytes,    9737336 total
: 150728K->14285K(153344K), 0.0250350 secs] 539517K->405549K(1157888K), 0.0251890 secs] [Times: user=0.05 sys=0.00, real=0.02 secs] 
2014-03-10T02:12:03.185+0000: 504189.169: [GC2014-03-10T02:12:03.185+0000: 504189.169: [ParNew
Desired survivor size 8716288 bytes, new threshold 4 (max 6)
- age   1:    2674120 bytes,    2674120 total
- age   2:    2343640 bytes,    5017760 total
- age   3:    2422248 bytes,    7440008 total
- age   4:    2358656 bytes,    9798664 total
: 150605K->14240K(153344K), 0.0248770 secs] 541869K->407911K(1157888K), 0.0250370 secs] [Times: user=0.05 sys=0.00, real=0.02 secs] 
2014-03-10T02:16:19.026+0000: 504445.011: [GC2014-03-10T02:16:19.026+0000: 504445.011: [ParNew
Desired survivor size 8716288 bytes, new threshold 4 (max 6)
- age   1:    2716072 bytes,    2716072 total
- age   2:    2372680 bytes,    5088752 total
- age   3:    2343112 bytes,    7431864 total
- age   4:    2420656 bytes,    9852520 total
: 150560K->14371K(153344K), 0.0258220 secs] 544231K->410468K(1157888K), 0.0259790 secs] [Times: user=0.06 sys=0.00, real=0.02 secs] 
2014-03-10T02:20:34.865+0000: 504700.850: [GC2014-03-10T02:20:34.865+0000: 504700.850: [ParNew
Desired survivor size 8716288 bytes, new threshold 4 (max 6)
- age   1:    2651144 bytes,    2651144 total
- age   2:    2413720 bytes,    5064864 total
- age   3:    2371896 bytes,    7436760 total
- age   4:    2342520 bytes,    9779280 total
: 150691K->14280K(153344K), 0.0246650 secs] 546788K->412785K(1157888K), 0.0248140 secs] [Times: user=0.06 sys=0.00, real=0.02 secs] 
2014-03-10T02:24:50.601+0000: 504956.586: [GC2014-03-10T02:24:50.602+0000: 504956.586: [ParNew
Desired survivor size 8716288 bytes, new threshold 4 (max 6)
- age   1:    2733960 bytes,    2733960 total
- age   2:    2337656 bytes,    5071616 total
- age   3:    2412048 bytes,    7483664 total
- age   4:    2371192 bytes,    9854856 total
: 150600K->14357K(153344K), 0.0246800 secs] 549105K->415270K(1157888K), 0.0248390 secs] [Times: user=0.05 sys=0.00, real=0.03 secs] 
2014-03-10T02:29:05.488+0000: 505211.473: [GC2014-03-10T02:29:05.488+0000: 505211.473: [ParNew
Desired survivor size 8716288 bytes, new threshold 4 (max 6)
- age   1:    2572240 bytes,    2572240 total
- age   2:    2497704 bytes,    5069944 total
- age   3:    2336600 bytes,    7406544 total
- age   4:    2332592 bytes,    9739136 total
: 150677K->14279K(153344K), 0.0267670 secs] 551590K->417630K(1157888K), 0.0269490 secs] [Times: user=0.06 sys=0.00, real=0.03 secs] 
2014-03-10T02:33:21.219+0000: 505467.203: [GC2014-03-10T02:33:21.219+0000: 505467.204: [ParNew
Desired survivor size 8716288 bytes, new threshold 4 (max 6)
- age   1:    2620280 bytes,    2620280 total
- age   2:    2341728 bytes,    4962008 total
- age   3:    2451848 bytes,    7413856 total
- age   4:    2336200 bytes,    9750056 total
: 150599K->14239K(153344K), 0.0246170 secs] 553950K->419988K(1157888K), 0.0248000 secs] [Times: user=0.05 sys=0.00, real=0.03 secs] 
2014-03-10T02:37:37.779+0000: 505723.763: [GC2014-03-10T02:37:37.779+0000: 505723.763: [ParNew
Desired survivor size 8716288 bytes, new threshold 4 (max 6)
- age   1:    2712648 bytes,    2712648 total
- age   2:    2343672 bytes,    5056320 total
- age   3:    2341392 bytes,    7397712 total
- age   4:    2450304 bytes,    9848016 total
: 150559K->14317K(153344K), 0.0244650 secs] 556308K->422470K(1157888K), 0.0246190 secs] [Times: user=0.06 sys=0.00, real=0.03 secs] 
2014-03-10T02:41:53.905+0000: 505979.890: [GC2014-03-10T02:41:53.905+0000: 505979.890: [ParNew
Desired survivor size 8716288 bytes, new threshold 4 (max 6)
- age   1:    2671728 bytes,    2671728 total
- age   2:    2428304 bytes,    5100032 total
- age   3:    2342648 bytes,    7442680 total
- age   4:    2341216 bytes,    9783896 total
: 150637K->14261K(153344K), 0.0246180 secs] 558790K->424851K(1157888K), 0.0247580 secs] [Times: user=0.05 sys=0.00, real=0.02 secs] 
2014-03-10T02:46:09.047+0000: 506235.032: [GC2014-03-10T02:46:09.048+0000: 506235.032: [ParNew
Desired survivor size 8716288 bytes, new threshold 4 (max 6)
- age   1:    2750536 bytes,    2750536 total
- age   2:    2347720 bytes,    5098256 total
- age   3:    2426504 bytes,    7524760 total
- age   4:    2342040 bytes,    9866800 total
: 150581K->14361K(153344K), 0.0249590 secs] 561171K->427358K(1157888K), 0.0251220 secs] [Times: user=0.06 sys=0.00, real=0.02 secs] 
2014-03-10T02:50:24.562+0000: 506490.546: [GC2014-03-10T02:50:24.562+0000: 506490.546: [ParNew
Desired survivor size 8716288 bytes, new threshold 4 (max 6)
- age   1:    2664112 bytes,    2664112 total
- age   2:    2422416 bytes,    5086528 total
- age   3:    2346280 bytes,    7432808 total
- age   4:    2347016 bytes,    9779824 total
: 150681K->14292K(153344K), 0.0245620 secs] 563678K->429697K(1157888K), 0.0247040 secs] [Times: user=0.05 sys=0.00, real=0.03 secs] 
2014-03-10T02:54:39.851+0000: 506745.836: [GC2014-03-10T02:54:39.851+0000: 506745.836: [ParNew
Desired survivor size 8716288 bytes, new threshold 4 (max 6)
- age   1:    2621952 bytes,    2621952 total
- age   2:    2376352 bytes,    4998304 total
- age   3:    2421632 bytes,    7419936 total
- age   4:    2345880 bytes,    9765816 total
: 150612K->14287K(153344K), 0.0246780 secs] 566017K->432105K(1157888K), 0.0248330 secs] [Times: user=0.04 sys=0.00, real=0.03 secs] 
2014-03-10T02:58:55.016+0000: 507001.001: [GC2014-03-10T02:58:55.016+0000: 507001.001: [ParNew
Desired survivor size 8716288 bytes, new threshold 4 (max 6)
- age   1:    2684512 bytes,    2684512 total
- age   2:    2349048 bytes,    5033560 total
- age   3:    2374872 bytes,    7408432 total
- age   4:    2420248 bytes,    9828680 total
: 150607K->14345K(153344K), 0.0246300 secs] 568425K->434575K(1157888K), 0.0247780 secs] [Times: user=0.05 sys=0.00, real=0.02 secs] 
2014-03-10T03:03:10.264+0000: 507256.249: [GC2014-03-10T03:03:10.264+0000: 507256.249: [ParNew
Desired survivor size 8716288 bytes, new threshold 4 (max 6)
- age   1:    2597744 bytes,    2597744 total
- age   2:    2423400 bytes,    5021144 total
- age   3:    2348168 bytes,    7369312 total
- age   4:    2374648 bytes,    9743960 total
: 150665K->14246K(153344K), 0.0251240 secs] 570895K->436883K(1157888K), 0.0252860 secs] [Times: user=0.05 sys=0.00, real=0.02 secs] 
2014-03-10T03:07:25.096+0000: 507511.081: [GC2014-03-10T03:07:25.096+0000: 507511.081: [ParNew
Desired survivor size 8716288 bytes, new threshold 4 (max 6)
- age   1:    2752344 bytes,    2752344 total
- age   2:    2342264 bytes,    5094608 total
- age   3:    2421096 bytes,    7515704 total
- age   4:    2347576 bytes,    9863280 total
: 150566K->14314K(153344K), 0.0250820 secs] 573203K->439392K(1157888K), 0.0252410 secs] [Times: user=0.06 sys=0.00, real=0.02 secs] 
2014-03-10T03:11:41.602+0000: 507767.587: [GC2014-03-10T03:11:41.603+0000: 507767.587: [ParNew
Desired survivor size 8716288 bytes, new threshold 4 (max 6)
- age   1:    2599360 bytes,    2599360 total
- age   2:    2422776 bytes,    5022136 total
- age   3:    2341240 bytes,    7363376 total
- age   4:    2341544 bytes,    9704920 total
: 150634K->14277K(153344K), 0.0246270 secs] 575712K->441770K(1157888K), 0.0248010 secs] [Times: user=0.05 sys=0.00, real=0.02 secs] 
2014-03-10T03:15:57.454+0000: 508023.439: [GC2014-03-10T03:15:57.454+0000: 508023.439: [ParNew
Desired survivor size 8716288 bytes, new threshold 4 (max 6)
- age   1:    2611072 bytes,    2611072 total
- age   2:    2344632 bytes,    4955704 total
- age   3:    2421296 bytes,    7377000 total
- age   4:    2340776 bytes,    9717776 total
: 150597K->14199K(153344K), 0.0247790 secs] 578090K->444098K(1157888K), 0.0249280 secs] [Times: user=0.05 sys=0.00, real=0.03 secs] 
2014-03-10T03:20:13.288+0000: 508279.273: [GC2014-03-10T03:20:13.288+0000: 508279.273: [ParNew
Desired survivor size 8716288 bytes, new threshold 4 (max 6)
- age   1:    2750984 bytes,    2750984 total
- age   2:    2342704 bytes,    5093688 total
- age   3:    2343504 bytes,    7437192 total
- age   4:    2420184 bytes,    9857376 total
: 150519K->14271K(153344K), 0.0247380 secs] 580418K->446578K(1157888K), 0.0248920 secs] [Times: user=0.05 sys=0.00, real=0.02 secs] 
2014-03-10T03:24:29.122+0000: 508535.107: [GC2014-03-10T03:24:29.122+0000: 508535.107: [ParNew
Desired survivor size 8716288 bytes, new threshold 4 (max 6)
- age   1:    2603048 bytes,    2603048 total
- age   2:    2494968 bytes,    5098016 total
- age   3:    2341560 bytes,    7439576 total
- age   4:    2342864 bytes,    9782440 total
: 150591K->14260K(153344K), 0.0259480 secs] 582898K->448974K(1157888K), 0.0261190 secs] [Times: user=0.06 sys=0.00, real=0.02 secs] 
2014-03-10T03:28:44.957+0000: 508790.942: [GC2014-03-10T03:28:44.958+0000: 508790.942: [ParNew
Desired survivor size 8716288 bytes, new threshold 4 (max 6)
- age   1:    2748696 bytes,    2748696 total
- age   2:    2345856 bytes,    5094552 total
- age   3:    2448144 bytes,    7542696 total
- age   4:    2341160 bytes,    9883856 total
: 150580K->14358K(153344K), 0.0248880 secs] 585294K->451480K(1157888K), 0.0250400 secs] [Times: user=0.05 sys=0.00, real=0.03 secs] 
2014-03-10T03:33:00.181+0000: 509046.166: [GC2014-03-10T03:33:00.181+0000: 509046.166: [ParNew
Desired survivor size 8716288 bytes, new threshold 4 (max 6)
- age   1:    2614552 bytes,    2614552 total
- age   2:    2410256 bytes,    5024808 total
- age   3:    2345520 bytes,    7370328 total
- age   4:    2368240 bytes,    9738568 total
: 150678K->14311K(153344K), 0.0244940 secs] 587800K->453841K(1157888K), 0.0246530 secs] [Times: user=0.06 sys=0.00, real=0.03 secs] 
2014-03-10T03:37:16.608+0000: 509302.592: [GC2014-03-10T03:37:16.608+0000: 509302.592: [ParNew
Desired survivor size 8716288 bytes, new threshold 4 (max 6)
- age   1:    2644352 bytes,    2644352 total
- age   2:    2370856 bytes,    5015208 total
- age   3:    2408608 bytes,    7423816 total
- age   4:    2344816 bytes,    9768632 total
: 150631K->14283K(153344K), 0.0252560 secs] 590161K->456246K(1157888K), 0.0254170 secs] [Times: user=0.05 sys=0.00, real=0.02 secs] 
2014-03-10T03:41:30.916+0000: 509556.901: [GC2014-03-10T03:41:30.916+0000: 509556.901: [ParNew
Desired survivor size 8716288 bytes, new threshold 4 (max 6)
- age   1:    2639192 bytes,    2639192 total
- age   2:    2383112 bytes,    5022304 total
- age   3:    2370048 bytes,    7392352 total
- age   4:    2368120 bytes,    9760472 total
: 150603K->14259K(153344K), 0.0246280 secs] 592566K->458634K(1157888K), 0.0247900 secs] [Times: user=0.06 sys=0.00, real=0.02 secs] 
2014-03-10T03:45:47.309+0000: 509813.293: [GC2014-03-10T03:45:47.309+0000: 509813.294: [ParNew
Desired survivor size 8716288 bytes, new threshold 4 (max 6)
- age   1:    2578384 bytes,    2578384 total
- age   2:    2428848 bytes,    5007232 total
- age   3:    2382536 bytes,    7389768 total
- age   4:    2369504 bytes,    9759272 total
: 150579K->14202K(153344K), 0.0248730 secs] 594954K->460971K(1157888K), 0.0250230 secs] [Times: user=0.05 sys=0.00, real=0.02 secs] 
2014-03-10T03:50:03.744+0000: 510069.729: [GC2014-03-10T03:50:03.744+0000: 510069.729: [ParNew
Desired survivor size 8716288 bytes, new threshold 4 (max 6)
- age   1:    2705808 bytes,    2705808 total
- age   2:    2348736 bytes,    5054544 total
- age   3:    2382544 bytes,    7437088 total
- age   4:    2381592 bytes,    9818680 total
: 150522K->14319K(153344K), 0.0252630 secs] 597291K->463525K(1157888K), 0.0254310 secs] [Times: user=0.06 sys=0.00, real=0.02 secs] 
2014-03-10T03:54:19.909+0000: 510325.894: [GC2014-03-10T03:54:19.909+0000: 510325.894: [ParNew
Desired survivor size 8716288 bytes, new threshold 4 (max 6)
- age   1:    2619888 bytes,    2619888 total
- age   2:    2432568 bytes,    5052456 total
- age   3:    2348136 bytes,    7400592 total
- age   4:    2342072 bytes,    9742664 total
: 150639K->14229K(153344K), 0.0253300 secs] 599845K->465843K(1157888K), 0.0254950 secs] [Times: user=0.05 sys=0.00, real=0.03 secs] 
2014-03-10T03:58:34.069+0000: 510580.054: [GC2014-03-10T03:58:34.069+0000: 510580.054: [ParNew
Desired survivor size 8716288 bytes, new threshold 4 (max 6)
- age   1:    2661464 bytes,    2661464 total
- age   2:    2348152 bytes,    5009616 total
- age   3:    2430968 bytes,    7440584 total
- age   4:    2347208 bytes,    9787792 total
: 150549K->14269K(153344K), 0.0252750 secs] 602163K->468291K(1157888K), 0.0254370 secs] [Times: user=0.05 sys=0.00, real=0.03 secs] 
2014-03-10T04:02:49.396+0000: 510835.381: [GC2014-03-10T04:02:49.396+0000: 510835.381: [ParNew
Desired survivor size 8716288 bytes, new threshold 4 (max 6)
- age   1:    2637928 bytes,    2637928 total
- age   2:    2400456 bytes,    5038384 total
- age   3:    2347024 bytes,    7385408 total
- age   4:    2390808 bytes,    9776216 total
: 150589K->14274K(153344K), 0.0246800 secs] 604611K->470710K(1157888K), 0.0248390 secs] [Times: user=0.05 sys=0.00, real=0.02 secs] 
2014-03-10T04:07:04.431+0000: 511090.416: [GC2014-03-10T04:07:04.431+0000: 511090.416: [ParNew
Desired survivor size 8716288 bytes, new threshold 4 (max 6)
- age   1:    2596792 bytes,    2596792 total
- age   2:    2438200 bytes,    5034992 total
- age   3:    2399384 bytes,    7434376 total
- age   4:    2346608 bytes,    9780984 total
: 150594K->14223K(153344K), 0.0250370 secs] 607030K->473078K(1157888K), 0.0251990 secs] [Times: user=0.05 sys=0.00, real=0.03 secs] 
2014-03-10T04:11:20.305+0000: 511346.290: [GC2014-03-10T04:11:20.305+0000: 511346.290: [ParNew
Desired survivor size 8716288 bytes, new threshold 4 (max 6)
- age   1:    2722984 bytes,    2722984 total
- age   2:    2314656 bytes,    5037640 total
- age   3:    2391720 bytes,    7429360 total
- age   4:    2398688 bytes,    9828048 total
: 150543K->14349K(153344K), 0.0249790 secs] 609398K->475616K(1157888K), 0.0251330 secs] [Times: user=0.05 sys=0.00, real=0.02 secs] 
2014-03-10T04:15:35.578+0000: 511601.563: [GC2014-03-10T04:15:35.578+0000: 511601.563: [ParNew
Desired survivor size 8716288 bytes, new threshold 4 (max 6)
- age   1:    2607912 bytes,    2607912 total
- age   2:    2449864 bytes,    5057776 total
- age   3:    2314320 bytes,    7372096 total
- age   4:    2351136 bytes,    9723232 total
: 150669K->14248K(153344K), 0.0247760 secs] 611936K->477939K(1157888K), 0.0249380 secs] [Times: user=0.05 sys=0.00, real=0.03 secs] 
2014-03-10T04:19:50.222+0000: 511856.207: [GC2014-03-10T04:19:50.222+0000: 511856.207: [ParNew
Desired survivor size 8716288 bytes, new threshold 4 (max 6)
- age   1:    2709256 bytes,    2709256 total
- age   2:    2343488 bytes,    5052744 total
- age   3:    2448048 bytes,    7500792 total
- age   4:    2313808 bytes,    9814600 total
: 150568K->14287K(153344K), 0.0264420 secs] 614259K->480396K(1157888K), 0.0266290 secs] [Times: user=0.05 sys=0.00, real=0.02 secs] 
2014-03-10T04:24:07.913+0000: 512113.897: [GC2014-03-10T04:24:07.913+0000: 512113.898: [ParNew
Desired survivor size 8716288 bytes, new threshold 4 (max 6)
- age   1:    2573080 bytes,    2573080 total
- age   2:    2468208 bytes,    5041288 total
- age   3:    2342560 bytes,    7383848 total
- age   4:    2368608 bytes,    9752456 total
: 150607K->14217K(153344K), 0.0252140 secs] 616716K->482704K(1157888K), 0.0253970 secs] [Times: user=0.06 sys=0.00, real=0.03 secs] 
2014-03-10T04:28:23.772+0000: 512369.757: [GC2014-03-10T04:28:23.773+0000: 512369.757: [ParNew
Desired survivor size 8716288 bytes, new threshold 4 (max 6)
- age   1:    2663112 bytes,    2663112 total
- age   2:    2346752 bytes,    5009864 total
- age   3:    2422256 bytes,    7432120 total
- age   4:    2341560 bytes,    9773680 total
: 150537K->14240K(153344K), 0.0245880 secs] 619024K->485164K(1157888K), 0.0247430 secs] [Times: user=0.05 sys=0.00, real=0.03 secs] 
2014-03-10T04:32:39.609+0000: 512625.594: [GC2014-03-10T04:32:39.610+0000: 512625.594: [ParNew
Desired survivor size 8716288 bytes, new threshold 4 (max 6)
- age   1:    2677936 bytes,    2677936 total
- age   2:    2415576 bytes,    5093512 total
- age   3:    2346080 bytes,    7439592 total
- age   4:    2420744 bytes,    9860336 total
: 150560K->14341K(153344K), 0.0246610 secs] 621484K->487673K(1157888K), 0.0248110 secs] [Times: user=0.06 sys=0.00, real=0.03 secs] 
2014-03-10T04:37:00.556+0000: 512886.541: [GC2014-03-10T04:37:00.556+0000: 512886.541: [ParNew
Desired survivor size 8716288 bytes, new threshold 4 (max 6)
- age   1:    2712208 bytes,    2712208 total
- age   2:    2407832 bytes,    5120040 total
- age   3:    2369672 bytes,    7489712 total
- age   4:    2345808 bytes,    9835520 total
: 150661K->14269K(153344K), 0.0246100 secs] 623993K->490008K(1157888K), 0.0247570 secs] [Times: user=0.05 sys=0.00, real=0.02 secs] 
2014-03-10T04:41:20.675+0000: 513146.660: [GC2014-03-10T04:41:20.675+0000: 513146.660: [ParNew
Desired survivor size 8716288 bytes, new threshold 4 (max 6)
- age   1:    2731560 bytes,    2731560 total
- age   2:    2418936 bytes,    5150496 total
- age   3:    2405840 bytes,    7556336 total
- age   4:    2368664 bytes,    9925000 total
: 150589K->14423K(153344K), 0.0250970 secs] 626328K->492574K(1157888K), 0.0252510 secs] [Times: user=0.05 sys=0.00, real=0.02 secs] 
2014-03-10T04:45:39.625+0000: 513405.610: [GC2014-03-10T04:45:39.625+0000: 513405.610: [ParNew
Desired survivor size 8716288 bytes, new threshold 4 (max 6)
- age   1:    2617200 bytes,    2617200 total
- age   2:    2473384 bytes,    5090584 total
- age   3:    2417552 bytes,    7508136 total
- age   4:    2326632 bytes,    9834768 total
: 150743K->14379K(153344K), 0.0250390 secs] 628894K->494965K(1157888K), 0.0251880 secs] [Times: user=0.05 sys=0.00, real=0.02 secs] 
2014-03-10T04:49:54.951+0000: 513660.935: [GC2014-03-10T04:49:54.951+0000: 513660.935: [ParNew
Desired survivor size 8716288 bytes, new threshold 4 (max 6)
- age   1:    2582448 bytes,    2582448 total
- age   2:    2428456 bytes,    5010904 total
- age   3:    2472456 bytes,    7483360 total
- age   4:    2417280 bytes,    9900640 total
: 150699K->14381K(153344K), 0.0256510 secs] 631285K->497360K(1157888K), 0.0258010 secs] [Times: user=0.05 sys=0.00, real=0.03 secs] 
2014-03-10T04:54:10.802+0000: 513916.787: [GC2014-03-10T04:54:10.802+0000: 513916.787: [ParNew
Desired survivor size 8716288 bytes, new threshold 4 (max 6)
- age   1:    2652680 bytes,    2652680 total
- age   2:    2337064 bytes,    4989744 total
- age   3:    2427976 bytes,    7417720 total
- age   4:    2471208 bytes,    9888928 total
: 150701K->9732K(153344K), 0.0253820 secs] 633680K->495196K(1157888K), 0.0255490 secs] [Times: user=0.06 sys=0.00, real=0.02 secs] 
2014-03-10T04:58:26.520+0000: 514172.505: [GC2014-03-10T04:58:26.520+0000: 514172.505: [ParNew
Desired survivor size 8716288 bytes, new threshold 4 (max 6)
- age   1:    2582848 bytes,    2582848 total
- age   2:    2432568 bytes,    5015416 total
- age   3:    2336520 bytes,    7351936 total
- age   4:    2427624 bytes,    9779560 total
: 146052K->14357K(153344K), 0.0248300 secs] 631516K->502280K(1157888K), 0.0249860 secs] [Times: user=0.05 sys=0.00, real=0.03 secs] 
2014-03-10T05:02:40.916+0000: 514426.901: [GC2014-03-10T05:02:40.916+0000: 514426.901: [ParNew
Desired survivor size 8716288 bytes, new threshold 4 (max 6)
- age   1:    2678528 bytes,    2678528 total
- age   2:    2338448 bytes,    5016976 total
- age   3:    2431352 bytes,    7448328 total
- age   4:    2335976 bytes,    9784304 total
: 150677K->14381K(153344K), 0.0251610 secs] 638600K->504753K(1157888K), 0.0253490 secs] [Times: user=0.05 sys=0.00, real=0.02 secs] 
2014-03-10T05:06:55.909+0000: 514681.894: [GC2014-03-10T05:06:55.909+0000: 514681.894: [ParNew
Desired survivor size 8716288 bytes, new threshold 4 (max 6)
- age   1:    2637856 bytes,    2637856 total
- age   2:    2467648 bytes,    5105504 total
- age   3:    2337872 bytes,    7443376 total
- age   4:    2351960 bytes,    9795336 total
: 150701K->14205K(153344K), 0.0247560 secs] 641073K->506980K(1157888K), 0.0249080 secs] [Times: user=0.05 sys=0.00, real=0.03 secs] 
2014-03-10T05:11:11.008+0000: 514936.993: [GC2014-03-10T05:11:11.008+0000: 514936.993: [ParNew
Desired survivor size 8716288 bytes, new threshold 4 (max 6)
- age   1:    2586136 bytes,    2586136 total
- age   2:    2348296 bytes,    4934432 total
- age   3:    2467360 bytes,    7401792 total
- age   4:    2336856 bytes,    9738648 total
: 150525K->14282K(153344K), 0.0255970 secs] 643300K->509475K(1157888K), 0.0257670 secs] [Times: user=0.06 sys=0.00, real=0.02 secs] 
2014-03-10T05:15:26.818+0000: 515192.803: [GC2014-03-10T05:15:26.818+0000: 515192.803: [ParNew
Desired survivor size 8716288 bytes, new threshold 4 (max 6)
- age   1:    2710936 bytes,    2710936 total
- age   2:    2341744 bytes,    5052680 total
- age   3:    2347608 bytes,    7400288 total
- age   4:    2420424 bytes,    9820712 total
: 150602K->14317K(153344K), 0.0259380 secs] 645795K->511913K(1157888K), 0.0260900 secs] [Times: user=0.05 sys=0.00, real=0.03 secs] 
2014-03-10T05:19:43.357+0000: 515449.341: [GC2014-03-10T05:19:43.357+0000: 515449.341: [ParNew
Desired survivor size 8716288 bytes, new threshold 4 (max 6)
- age   1:    2624992 bytes,    2624992 total
- age   2:    2423280 bytes,    5048272 total
- age   3:    2341312 bytes,    7389584 total
- age   4:    2347064 bytes,    9736648 total
: 150637K->14232K(153344K), 0.0243200 secs] 648233K->514235K(1157888K), 0.0244750 secs] [Times: user=0.06 sys=0.00, real=0.02 secs] 
2014-03-10T05:23:59.672+0000: 515705.657: [GC2014-03-10T05:23:59.672+0000: 515705.657: [ParNew
Desired survivor size 8716288 bytes, new threshold 4 (max 6)
- age   1:    2708504 bytes,    2708504 total
- age   2:    2377608 bytes,    5086112 total
- age   3:    2421432 bytes,    7507544 total
- age   4:    2340848 bytes,    9848392 total
: 150552K->14300K(153344K), 0.0245790 secs] 650555K->516716K(1157888K), 0.0247230 secs] [Times: user=0.05 sys=0.00, real=0.03 secs] 
2014-03-10T05:28:14.907+0000: 515960.892: [GC2014-03-10T05:28:14.907+0000: 515960.892: [ParNew
Desired survivor size 8716288 bytes, new threshold 4 (max 6)
- age   1:    2606712 bytes,    2606712 total
- age   2:    2432856 bytes,    5039568 total
- age   3:    2376384 bytes,    7415952 total
- age   4:    2341688 bytes,    9757640 total
: 150620K->14258K(153344K), 0.0250850 secs] 653036K->519080K(1157888K), 0.0252480 secs] [Times: user=0.05 sys=0.00, real=0.02 secs] 
2014-03-10T05:32:30.535+0000: 516216.520: [GC2014-03-10T05:32:30.536+0000: 516216.520: [ParNew
Desired survivor size 8716288 bytes, new threshold 4 (max 6)
- age   1:    2577480 bytes,    2577480 total
- age   2:    2388184 bytes,    4965664 total
- age   3:    2432120 bytes,    7397784 total
- age   4:    2376080 bytes,    9773864 total
: 150577K->14254K(153344K), 0.0246480 secs] 655400K->521484K(1157888K), 0.0248020 secs] [Times: user=0.06 sys=0.00, real=0.02 secs] 
2014-03-10T05:36:45.853+0000: 516471.838: [GC2014-03-10T05:36:45.853+0000: 516471.838: [ParNew
Desired survivor size 8716288 bytes, new threshold 4 (max 6)
- age   1:    2704992 bytes,    2704992 total
- age   2:    2348056 bytes,    5053048 total
- age   3:    2341952 bytes,    7395000 total
- age   4:    2431088 bytes,    9826088 total
: 150574K->14345K(153344K), 0.0246610 secs] 657804K->524018K(1157888K), 0.0248130 secs] [Times: user=0.06 sys=0.00, real=0.03 secs] 
2014-03-10T05:41:00.726+0000: 516726.710: [GC2014-03-10T05:41:00.726+0000: 516726.710: [ParNew
Desired survivor size 8716288 bytes, new threshold 4 (max 6)
- age   1:    2578832 bytes,    2578832 total
- age   2:    2463104 bytes,    5041936 total
- age   3:    2347624 bytes,    7389560 total
- age   4:    2341088 bytes,    9730648 total
: 150665K->14245K(153344K), 0.0258600 secs] 660338K->526336K(1157888K), 0.0260110 secs] [Times: user=0.05 sys=0.00, real=0.02 secs] 
2014-03-10T05:45:14.979+0000: 516980.964: [GC2014-03-10T05:45:14.979+0000: 516980.964: [ParNew
Desired survivor size 8716288 bytes, new threshold 4 (max 6)
- age   1:    2702904 bytes,    2702904 total
- age   2:    2342536 bytes,    5045440 total
- age   3:    2416216 bytes,    7461656 total
- age   4:    2347256 bytes,    9808912 total
: 150565K->14298K(153344K), 0.0246100 secs] 662656K->528796K(1157888K), 0.0247500 secs] [Times: user=0.05 sys=0.00, real=0.03 secs] 
2014-03-10T05:49:31.917+0000: 517237.901: [GC2014-03-10T05:49:31.917+0000: 517237.901: [ParNew
Desired survivor size 8716288 bytes, new threshold 4 (max 6)
- age   1:    2640608 bytes,    2640608 total
- age   2:    2421608 bytes,    5062216 total
- age   3:    2342248 bytes,    7404464 total
- age   4:    2336408 bytes,    9740872 total
: 150618K->14214K(153344K), 0.0250390 secs] 665116K->531125K(1157888K), 0.0251960 secs] [Times: user=0.05 sys=0.00, real=0.02 secs] 
2014-03-10T05:53:47.391+0000: 517493.376: [GC2014-03-10T05:53:47.391+0000: 517493.376: [ParNew
Desired survivor size 8716288 bytes, new threshold 4 (max 6)
- age   1:    2623168 bytes,    2623168 total
- age   2:    2394632 bytes,    5017800 total
- age   3:    2420248 bytes,    7438048 total
- age   4:    2341928 bytes,    9779976 total
: 150534K->14262K(153344K), 0.0247450 secs] 667445K->533576K(1157888K), 0.0248980 secs] [Times: user=0.06 sys=0.00, real=0.03 secs] 
2014-03-10T05:58:01.874+0000: 517747.859: [GC2014-03-10T05:58:01.874+0000: 517747.859: [ParNew
Desired survivor size 8716288 bytes, new threshold 4 (max 6)
- age   1:    2649520 bytes,    2649520 total
- age   2:    2382520 bytes,    5032040 total
- age   3:    2348792 bytes,    7380832 total
- age   4:    2380040 bytes,    9760872 total
: 150582K->14264K(153344K), 0.0250130 secs] 669896K->535986K(1157888K), 0.0251790 secs] [Times: user=0.05 sys=0.00, real=0.03 secs] 
2014-03-10T06:02:17.709+0000: 518003.693: [GC2014-03-10T06:02:17.709+0000: 518003.693: [ParNew
Desired survivor size 8716288 bytes, new threshold 4 (max 6)
- age   1:    2626928 bytes,    2626928 total
- age   2:    2377008 bytes,    5003936 total
- age   3:    2382168 bytes,    7386104 total
- age   4:    2347608 bytes,    9733712 total
: 150584K->14206K(153344K), 0.0248800 secs] 672306K->538334K(1157888K), 0.0250310 secs] [Times: user=0.05 sys=0.00, real=0.02 secs] 
2014-03-10T06:06:34.188+0000: 518260.172: [GC2014-03-10T06:06:34.188+0000: 518260.172: [ParNew
Desired survivor size 8716288 bytes, new threshold 4 (max 6)
- age   1:    2742128 bytes,    2742128 total
- age   2:    2353200 bytes,    5095328 total
- age   3:    2375520 bytes,    7470848 total
- age   4:    2381488 bytes,    9852336 total
: 150526K->14291K(153344K), 0.0256320 secs] 674654K->540833K(1157888K), 0.0257720 secs] [Times: user=0.05 sys=0.00, real=0.02 secs] 
2014-03-10T06:10:49.347+0000: 518515.332: [GC2014-03-10T06:10:49.347+0000: 518515.332: [ParNew
Desired survivor size 8716288 bytes, new threshold 4 (max 6)
- age   1:    2641888 bytes,    2641888 total
- age   2:    2446656 bytes,    5088544 total
- age   3:    2351888 bytes,    7440432 total
- age   4:    2335784 bytes,    9776216 total
: 150611K->14258K(153344K), 0.0245160 secs] 677153K->543208K(1157888K), 0.0246690 secs] [Times: user=0.06 sys=0.00, real=0.02 secs] 
2014-03-10T06:15:05.175+0000: 518771.160: [GC2014-03-10T06:15:05.175+0000: 518771.160: [ParNew
Desired survivor size 8716288 bytes, new threshold 4 (max 6)
- age   1:    2662696 bytes,    2662696 total
- age   2:    2342664 bytes,    5005360 total
- age   3:    2445096 bytes,    7450456 total
- age   4:    2351664 bytes,    9802120 total
: 150578K->14314K(153344K), 0.0267240 secs] 679528K->545665K(1157888K), 0.0269040 secs] [Times: user=0.05 sys=0.00, real=0.03 secs] 
2014-03-10T06:19:21.024+0000: 519027.008: [GC2014-03-10T06:19:21.024+0000: 519027.009: [ParNew
Desired survivor size 8716288 bytes, new threshold 4 (max 6)
- age   1:    2645432 bytes,    2645432 total
- age   2:    2393192 bytes,    5038624 total
- age   3:    2341720 bytes,    7380344 total
- age   4:    2404616 bytes,    9784960 total
: 150634K->14301K(153344K), 0.0246370 secs] 681985K->548070K(1157888K), 0.0247830 secs] [Times: user=0.05 sys=0.00, real=0.02 secs] 
2014-03-10T06:23:35.641+0000: 519281.626: [GC2014-03-10T06:23:35.641+0000: 519281.626: [ParNew
Desired survivor size 8716288 bytes, new threshold 4 (max 6)
- age   1:    2588320 bytes,    2588320 total
- age   2:    2429248 bytes,    5017568 total
- age   3:    2392264 bytes,    7409832 total
- age   4:    2341368 bytes,    9751200 total
: 150621K->14241K(153344K), 0.0246170 secs] 684390K->550441K(1157888K), 0.0247580 secs] [Times: user=0.05 sys=0.00, real=0.03 secs] 
2014-03-10T06:27:50.909+0000: 519536.894: [GC2014-03-10T06:27:50.909+0000: 519536.894: [ParNew
Desired survivor size 8716288 bytes, new threshold 4 (max 6)
- age   1:    2733968 bytes,    2733968 total
- age   2:    2341736 bytes,    5075704 total
- age   3:    2382496 bytes,    7458200 total
- age   4:    2391600 bytes,    9849800 total
: 150561K->14319K(153344K), 0.0246980 secs] 686761K->552927K(1157888K), 0.0248640 secs] [Times: user=0.06 sys=0.00, real=0.03 secs] 
2014-03-10T06:32:05.815+0000: 519791.800: [GC2014-03-10T06:32:05.815+0000: 519791.800: [ParNew
Desired survivor size 8716288 bytes, new threshold 4 (max 6)
- age   1:    2643152 bytes,    2643152 total
- age   2:    2427392 bytes,    5070544 total
- age   3:    2341256 bytes,    7411800 total
- age   4:    2341944 bytes,    9753744 total
: 150639K->14264K(153344K), 0.0250330 secs] 689247K->555291K(1157888K), 0.0251950 secs] [Times: user=0.05 sys=0.00, real=0.02 secs] 
2014-03-10T06:36:21.244+0000: 520047.229: [GC2014-03-10T06:36:21.244+0000: 520047.229: [ParNew
Desired survivor size 8716288 bytes, new threshold 4 (max 6)
- age   1:    2627520 bytes,    2627520 total
- age   2:    2393192 bytes,    5020712 total
- age   3:    2425704 bytes,    7446416 total
- age   4:    2340904 bytes,    9787320 total
: 150584K->14328K(153344K), 0.0251890 secs] 691611K->557764K(1157888K), 0.0253570 secs] [Times: user=0.05 sys=0.00, real=0.02 secs] 
2014-03-10T06:40:37.085+0000: 520303.070: [GC2014-03-10T06:40:37.085+0000: 520303.070: [ParNew
Desired survivor size 8716288 bytes, new threshold 4 (max 6)
- age   1:    2616856 bytes,    2616856 total
- age   2:    2418272 bytes,    5035128 total
- age   3:    2347208 bytes,    7382336 total
- age   4:    2346184 bytes,    9728520 total
: 150648K->14198K(153344K), 0.0245350 secs] 694084K->560041K(1157888K), 0.0246880 secs] [Times: user=0.05 sys=0.00, real=0.02 secs] 
2014-03-10T06:44:40.919+0000: 520546.904: [GC2014-03-10T06:44:40.919+0000: 520546.904: [ParNew
Desired survivor size 8716288 bytes, new threshold 4 (max 6)
- age   1:    2683576 bytes,    2683576 total
- age   2:    2343448 bytes,    5027024 total
- age   3:    2417040 bytes,    7444064 total
- age   4:    2346136 bytes,    9790200 total
: 150518K->14255K(153344K), 0.0246380 secs] 696361K->562509K(1157888K), 0.0247830 secs] [Times: user=0.05 sys=0.00, real=0.03 secs] 
2014-03-10T06:48:54.348+0000: 520800.333: [GC2014-03-10T06:48:54.348+0000: 520800.333: [ParNew
Desired survivor size 8716288 bytes, new threshold 4 (max 6)
- age   1:    2614368 bytes,    2614368 total
- age   2:    2261968 bytes,    4876336 total
- age   3:    2342280 bytes,    7218616 total
- age   4:    2416672 bytes,    9635288 total
: 150575K->14232K(153344K), 0.0247570 secs] 698829K->564899K(1157888K), 0.0249150 secs] [Times: user=0.05 sys=0.00, real=0.02 secs] 
2014-03-10T06:53:06.555+0000: 521052.539: [GC2014-03-10T06:53:06.555+0000: 521052.540: [ParNew
Desired survivor size 8716288 bytes, new threshold 4 (max 6)
- age   1:    2622056 bytes,    2622056 total
- age   2:    2381984 bytes,    5004040 total
- age   3:    2260880 bytes,    7264920 total
- age   4:    2341784 bytes,    9606704 total
: 150552K->9435K(153344K), 0.0253280 secs] 701219K->562583K(1157888K), 0.0255120 secs] [Times: user=0.06 sys=0.00, real=0.02 secs] 
2014-03-10T06:57:19.359+0000: 521305.343: [GC2014-03-10T06:57:19.359+0000: 521305.343: [ParNew
Desired survivor size 8716288 bytes, new threshold 4 (max 6)
- age   1:    2649456 bytes,    2649456 total
- age   2:    2389936 bytes,    5039392 total
- age   3:    2335832 bytes,    7375224 total
- age   4:    2260432 bytes,    9635656 total
: 145755K->14046K(153344K), 0.0256870 secs] 698903K->569602K(1157888K), 0.0258240 secs] [Times: user=0.05 sys=0.00, real=0.03 secs] 
2014-03-10T07:01:32.189+0000: 521558.174: [GC2014-03-10T07:01:32.189+0000: 521558.174: [ParNew
Desired survivor size 8716288 bytes, new threshold 4 (max 6)
- age   1:    2581832 bytes,    2581832 total
- age   2:    2388320 bytes,    4970152 total
- age   3:    2389040 bytes,    7359192 total
- age   4:    2334840 bytes,    9694032 total
: 150366K->14102K(153344K), 0.0245150 secs] 705922K->571982K(1157888K), 0.0246710 secs] [Times: user=0.05 sys=0.00, real=0.02 secs] 
2014-03-10T07:05:45.039+0000: 521811.023: [GC2014-03-10T07:05:45.039+0000: 521811.023: [ParNew
Desired survivor size 8716288 bytes, new threshold 4 (max 6)
- age   1:    2644528 bytes,    2644528 total
- age   2:    2341760 bytes,    4986288 total
- age   3:    2342144 bytes,    7328432 total
- age   4:    2348928 bytes,    9677360 total
: 150422K->14125K(153344K), 0.0244640 secs] 708302K->574405K(1157888K), 0.0246070 secs] [Times: user=0.05 sys=0.00, real=0.03 secs] 
2014-03-10T07:09:55.738+0000: 522061.723: [GC2014-03-10T07:09:55.738+0000: 522061.723: [ParNew
Desired survivor size 8716288 bytes, new threshold 4 (max 6)
- age   1:    2538296 bytes,    2538296 total
- age   2:    2429464 bytes,    4967760 total
- age   3:    2341136 bytes,    7308896 total
- age   4:    2341328 bytes,    9650224 total
: 150445K->14072K(153344K), 0.0245980 secs] 710725K->576727K(1157888K), 0.0248070 secs] [Times: user=0.04 sys=0.00, real=0.03 secs] 
2014-03-10T07:14:08.909+0000: 522314.894: [GC2014-03-10T07:14:08.909+0000: 522314.894: [ParNew
Desired survivor size 8716288 bytes, new threshold 4 (max 6)
- age   1:    2677736 bytes,    2677736 total
- age   2:    2298912 bytes,    4976648 total
- age   3:    2382976 bytes,    7359624 total
- age   4:    2340392 bytes,    9700016 total
: 150392K->14163K(153344K), 0.0256070 secs] 713047K->579225K(1157888K), 0.0257800 secs] [Times: user=0.05 sys=0.00, real=0.03 secs] 
2014-03-10T07:18:14.444+0000: 522560.429: [GC2014-03-10T07:18:14.444+0000: 522560.429: [ParNew
Desired survivor size 8716288 bytes, new threshold 4 (max 6)
- age   1:    2640176 bytes,    2640176 total
- age   2:    2424816 bytes,    5064992 total
- age   3:    2298360 bytes,    7363352 total
- age   4:    2342632 bytes,    9705984 total
: 150483K->14081K(153344K), 0.0254930 secs] 715545K->581509K(1157888K), 0.0256580 secs] [Times: user=0.06 sys=0.00, real=0.02 secs] 
2014-03-10T07:22:25.916+0000: 522811.901: [GC2014-03-10T07:22:25.916+0000: 522811.901: [ParNew
Desired survivor size 8716288 bytes, new threshold 4 (max 6)
- age   1:    2569400 bytes,    2569400 total
- age   2:    2266032 bytes,    4835432 total
- age   3:    2423720 bytes,    7259152 total
- age   4:    2298056 bytes,    9557208 total
: 150401K->14111K(153344K), 0.0243380 secs] 717829K->583948K(1157888K), 0.0244780 secs] [Times: user=0.05 sys=0.00, real=0.02 secs] 
2014-03-10T07:26:37.097+0000: 523063.082: [GC2014-03-10T07:26:37.098+0000: 523063.082: [ParNew
Desired survivor size 8716288 bytes, new threshold 4 (max 6)
- age   1:    2663080 bytes,    2663080 total
- age   2:    2309432 bytes,    4972512 total
- age   3:    2254944 bytes,    7227456 total
- age   4:    2422800 bytes,    9650256 total
: 150431K->14032K(153344K), 0.0246950 secs] 720268K->586231K(1157888K), 0.0248510 secs] [Times: user=0.06 sys=0.00, real=0.03 secs] 
2014-03-10T07:30:45.278+0000: 523311.262: [GC2014-03-10T07:30:45.278+0000: 523311.263: [ParNew
Desired survivor size 8716288 bytes, new threshold 4 (max 6)
- age   1:    2618976 bytes,    2618976 total
- age   2:    2373016 bytes,    4991992 total
- age   3:    2308360 bytes,    7300352 total
- age   4:    2249192 bytes,    9549544 total
: 150352K->14042K(153344K), 0.0245210 secs] 722551K->588689K(1157888K), 0.0246740 secs] [Times: user=0.05 sys=0.00, real=0.03 secs] 
2014-03-10T07:34:47.691+0000: 523553.676: [GC2014-03-10T07:34:47.691+0000: 523553.676: [ParNew
Desired survivor size 8716288 bytes, new threshold 4 (max 6)
- age   1:    2598152 bytes,    2598152 total
- age   2:    2321928 bytes,    4920080 total
- age   3:    2372024 bytes,    7292104 total
- age   4:    2308088 bytes,    9600192 total
: 150362K->13977K(153344K), 0.0257040 secs] 725009K->590936K(1157888K), 0.0258530 secs] [Times: user=0.06 sys=0.00, real=0.03 secs] 
2014-03-10T07:39:00.232+0000: 523806.216: [GC2014-03-10T07:39:00.232+0000: 523806.216: [ParNew
Desired survivor size 8716288 bytes, new threshold 4 (max 6)
- age   1:    2623208 bytes,    2623208 total
- age   2:    2238656 bytes,    4861864 total
- age   3:    2275928 bytes,    7137792 total
- age   4:    2371336 bytes,    9509128 total
: 150297K->13951K(153344K), 0.0243800 secs] 727256K->593283K(1157888K), 0.0245300 secs] [Times: user=0.05 sys=0.00, real=0.03 secs] 
2014-03-10T07:43:09.073+0000: 524055.058: [GC2014-03-10T07:43:09.073+0000: 524055.058: [ParNew
Desired survivor size 8716288 bytes, new threshold 4 (max 6)
- age   1:    2682072 bytes,    2682072 total
- age   2:    2326984 bytes,    5009056 total
- age   3:    2234016 bytes,    7243072 total
- age   4:    2274360 bytes,    9517432 total
: 150271K->13922K(153344K), 0.0249510 secs] 729603K->595690K(1157888K), 0.0251160 secs] [Times: user=0.06 sys=0.00, real=0.03 secs] 
2014-03-10T07:47:14.992+0000: 524300.977: [GC2014-03-10T07:47:14.992+0000: 524300.977: [ParNew
Desired survivor size 8716288 bytes, new threshold 4 (max 6)
- age   1:    2588584 bytes,    2588584 total
- age   2:    2425648 bytes,    5014232 total
- age   3:    2326024 bytes,    7340256 total
- age   4:    2233312 bytes,    9573568 total
: 150242K->13884K(153344K), 0.0242510 secs] 732010K->597990K(1157888K), 0.0243930 secs] [Times: user=0.06 sys=0.00, real=0.03 secs] 
2014-03-10T07:51:29.820+0000: 524555.805: [GC2014-03-10T07:51:29.820+0000: 524555.805: [ParNew
Desired survivor size 8716288 bytes, new threshold 4 (max 6)
- age   1:    2644152 bytes,    2644152 total
- age   2:    2271176 bytes,    4915328 total
- age   3:    2379544 bytes,    7294872 total
- age   4:    2325528 bytes,    9620400 total
: 150204K->13930K(153344K), 0.0241720 secs] 734310K->600331K(1157888K), 0.0243210 secs] [Times: user=0.05 sys=0.00, real=0.03 secs] 
2014-03-10T07:55:39.719+0000: 524805.704: [GC2014-03-10T07:55:39.719+0000: 524805.704: [ParNew
Desired survivor size 8716288 bytes, new threshold 4 (max 6)
- age   1:    2701504 bytes,    2701504 total
- age   2:    2317080 bytes,    5018584 total
- age   3:    2270200 bytes,    7288784 total
- age   4:    2378184 bytes,    9666968 total
: 150250K->14057K(153344K), 0.0246770 secs] 736651K->602849K(1157888K), 0.0248360 secs] [Times: user=0.05 sys=0.00, real=0.03 secs] 
2014-03-10T07:59:49.417+0000: 525055.401: [GC2014-03-10T07:59:49.417+0000: 525055.402: [ParNew
Desired survivor size 8716288 bytes, new threshold 4 (max 6)
- age   1:    2659496 bytes,    2659496 total
- age   2:    2359432 bytes,    5018928 total
- age   3:    2316296 bytes,    7335224 total
- age   4:    2269736 bytes,    9604960 total
: 150377K->14052K(153344K), 0.0245300 secs] 739169K->605246K(1157888K), 0.0246830 secs] [Times: user=0.05 sys=0.00, real=0.02 secs] 
2014-03-10T08:03:35.237+0000: 525281.222: [GC2014-03-10T08:03:35.237+0000: 525281.222: [ParNew
Desired survivor size 8716288 bytes, new threshold 4 (max 6)
- age   1:    2792888 bytes,    2792888 total
- age   2:    2319768 bytes,    5112656 total
- age   3:    2358424 bytes,    7471080 total
- age   4:    2315736 bytes,    9786816 total
: 150372K->14108K(153344K), 0.0266260 secs] 741566K->607634K(1157888K), 0.0268090 secs] [Times: user=0.06 sys=0.00, real=0.03 secs] 
2014-03-10T08:07:30.039+0000: 525516.024: [GC2014-03-10T08:07:30.039+0000: 525516.024: [ParNew
Desired survivor size 8716288 bytes, new threshold 4 (max 6)
- age   1:    2541224 bytes,    2541224 total
- age   2:    2301464 bytes,    4842688 total
- age   3:    2319000 bytes,    7161688 total
- age   4:    2358168 bytes,    9519856 total
: 150428K->14194K(153344K), 0.0250270 secs] 743954K->610102K(1157888K), 0.0251830 secs] [Times: user=0.06 sys=0.00, real=0.03 secs] 
2014-03-10T08:11:30.842+0000: 525756.827: [GC2014-03-10T08:11:30.842+0000: 525756.827: [ParNew
Desired survivor size 8716288 bytes, new threshold 4 (max 6)
- age   1:    2596192 bytes,    2596192 total
- age   2:    2170872 bytes,    4767064 total
- age   3:    2255176 bytes,    7022240 total
- age   4:    2318424 bytes,    9340664 total
: 150514K->13898K(153344K), 0.0245300 secs] 746422K->612228K(1157888K), 0.0247000 secs] [Times: user=0.06 sys=0.00, real=0.02 secs] 
2014-03-10T08:15:28.907+0000: 525994.892: [GC2014-03-10T08:15:28.907+0000: 525994.892: [ParNew
Desired survivor size 8716288 bytes, new threshold 4 (max 6)
- age   1:    2610808 bytes,    2610808 total
- age   2:    2209168 bytes,    4819976 total
- age   3:    2169840 bytes,    6989816 total
- age   4:    2253712 bytes,    9243528 total
: 150218K->9190K(153344K), 0.0265850 secs] 748548K->609903K(1157888K), 0.0267680 secs] [Times: user=0.05 sys=0.00, real=0.02 secs] 
2014-03-10T08:19:30.096+0000: 526236.081: [GC2014-03-10T08:19:30.096+0000: 526236.081: [ParNew
Desired survivor size 8716288 bytes, new threshold 4 (max 6)
- age   1:    2538800 bytes,    2538800 total
- age   2:    2244776 bytes,    4783576 total
- age   3:    2208032 bytes,    6991608 total
- age   4:    2169232 bytes,    9160840 total
: 145510K->13505K(153344K), 0.0254110 secs] 746223K->616537K(1157888K), 0.0255800 secs] [Times: user=0.05 sys=0.00, real=0.02 secs] 
2014-03-10T08:23:30.144+0000: 526476.129: [GC2014-03-10T08:23:30.144+0000: 526476.129: [ParNew
Desired survivor size 8716288 bytes, new threshold 4 (max 6)
- age   1:    2647224 bytes,    2647224 total
- age   2:    2265376 bytes,    4912600 total
- age   3:    2243072 bytes,    7155672 total
- age   4:    2207160 bytes,    9362832 total
: 149825K->13425K(153344K), 0.0241070 secs] 752857K->618686K(1157888K), 0.0242770 secs] [Times: user=0.06 sys=0.00, real=0.02 secs] 
2014-03-10T08:27:32.676+0000: 526718.661: [GC2014-03-10T08:27:32.676+0000: 526718.661: [ParNew
Desired survivor size 8716288 bytes, new threshold 4 (max 6)
- age   1:    2554416 bytes,    2554416 total
- age   2:    2292744 bytes,    4847160 total
- age   3:    2263736 bytes,    7110896 total
- age   4:    2202704 bytes,    9313600 total
: 149745K->13545K(153344K), 0.0245190 secs] 755006K->621076K(1157888K), 0.0246830 secs] [Times: user=0.05 sys=0.00, real=0.02 secs] 
2014-03-10T08:31:25.084+0000: 526951.069: [GC2014-03-10T08:31:25.084+0000: 526951.069: [ParNew
Desired survivor size 8716288 bytes, new threshold 4 (max 6)
- age   1:    2599240 bytes,    2599240 total
- age   2:    2237008 bytes,    4836248 total
- age   3:    2291336 bytes,    7127584 total
- age   4:    2217944 bytes,    9345528 total
: 149865K->13555K(153344K), 0.0239800 secs] 757396K->623349K(1157888K), 0.0241350 secs] [Times: user=0.05 sys=0.00, real=0.02 secs] 
2014-03-10T08:35:09.308+0000: 527175.293: [GC2014-03-10T08:35:09.308+0000: 527175.293: [ParNew
Desired survivor size 8716288 bytes, new threshold 4 (max 6)
- age   1:    2480112 bytes,    2480112 total
- age   2:    2270816 bytes,    4750928 total
- age   3:    2224048 bytes,    6974976 total
- age   4:    2289272 bytes,    9264248 total
: 149874K->13680K(153344K), 0.0244630 secs] 759668K->625754K(1157888K), 0.0246600 secs] [Times: user=0.05 sys=0.00, real=0.02 secs] 
2014-03-10T08:39:01.849+0000: 527407.833: [GC2014-03-10T08:39:01.849+0000: 527407.833: [ParNew
Desired survivor size 8716288 bytes, new threshold 4 (max 6)
- age   1:    2466288 bytes,    2466288 total
- age   2:    2117520 bytes,    4583808 total
- age   3:    2269664 bytes,    6853472 total
- age   4:    2223520 bytes,    9076992 total
: 149992K->9043K(153344K), 0.0238610 secs] 762066K->623467K(1157888K), 0.0240510 secs] [Times: user=0.06 sys=0.00, real=0.02 secs] 
2014-03-10T08:42:33.871+0000: 527619.856: [GC2014-03-10T08:42:33.871+0000: 527619.856: [ParNew
Desired survivor size 8716288 bytes, new threshold 4 (max 6)
- age   1:    2598416 bytes,    2598416 total
- age   2:    2123840 bytes,    4722256 total
- age   3:    2070384 bytes,    6792640 total
- age   4:    2265240 bytes,    9057880 total
: 145363K->13439K(153344K), 0.0237150 secs] 759787K->630150K(1157888K), 0.0238860 secs] [Times: user=0.05 sys=0.00, real=0.03 secs] 
2014-03-10T08:46:30.667+0000: 527856.652: [GC2014-03-10T08:46:30.667+0000: 527856.652: [ParNew
Desired survivor size 8716288 bytes, new threshold 4 (max 6)
- age   1:    2537952 bytes,    2537952 total
- age   2:    2128848 bytes,    4666800 total
- age   3:    2123064 bytes,    6789864 total
- age   4:    2069080 bytes,    8858944 total
: 149759K->13021K(153344K), 0.0234300 secs] 766470K->631939K(1157888K), 0.0236030 secs] [Times: user=0.05 sys=0.00, real=0.02 secs] 
2014-03-10T08:50:27.042+0000: 528093.027: [GC2014-03-10T08:50:27.042+0000: 528093.027: [ParNew
Desired survivor size 8716288 bytes, new threshold 4 (max 6)
- age   1:    2494784 bytes,    2494784 total
- age   2:    2224664 bytes,    4719448 total
- age   3:    2127096 bytes,    6846544 total
- age   4:    2122640 bytes,    8969184 total
: 149341K->12927K(153344K), 0.0231090 secs] 768259K->633972K(1157888K), 0.0232720 secs] [Times: user=0.05 sys=0.00, real=0.03 secs] 
2014-03-10T08:54:33.182+0000: 528339.167: [GC2014-03-10T08:54:33.182+0000: 528339.167: [ParNew
Desired survivor size 8716288 bytes, new threshold 4 (max 6)
- age   1:    2520808 bytes,    2520808 total
- age   2:    2186072 bytes,    4706880 total
- age   3:    2224168 bytes,    6931048 total
- age   4:    1959792 bytes,    8890840 total
: 149247K->17024K(153344K), 0.0237700 secs] 770292K->640526K(1157888K), 0.0239330 secs] [Times: user=0.05 sys=0.00, real=0.03 secs] 
2014-03-10T08:57:43.522+0000: 528529.507: [GC2014-03-10T08:57:43.522+0000: 528529.507: [ParNew
Desired survivor size 8716288 bytes, new threshold 4 (max 6)
- age   1:    2610528 bytes,    2610528 total
- age   2:    2338616 bytes,    4949144 total
- age   3:    2172992 bytes,    7122136 total
- age   4:    2177472 bytes,    9299608 total
: 153344K->11180K(153344K), 0.0235480 secs] 776846K->636694K(1157888K), 0.0237250 secs] [Times: user=0.04 sys=0.00, real=0.02 secs] 
2014-03-10T09:01:39.909+0000: 528765.894: [GC2014-03-10T09:01:39.909+0000: 528765.894: [ParNew
Desired survivor size 8716288 bytes, new threshold 4 (max 6)
- age   1:    2787600 bytes,    2787600 total
- age   2:    2029000 bytes,    4816600 total
- age   3:    2338168 bytes,    7154768 total
- age   4:    2172608 bytes,    9327376 total
: 147500K->15919K(153344K), 0.0250600 secs] 773014K->643670K(1157888K), 0.0252200 secs] [Times: user=0.05 sys=0.00, real=0.03 secs] 
2014-03-10T09:05:36.321+0000: 529002.305: [GC2014-03-10T09:05:36.321+0000: 529002.305: [ParNew
Desired survivor size 8716288 bytes, new threshold 4 (max 6)
- age   1:    2545576 bytes,    2545576 total
- age   2:    2438904 bytes,    4984480 total
- age   3:    1915448 bytes,    6899928 total
- age   4:    2337688 bytes,    9237616 total
: 152239K->10802K(153344K), 0.0246560 secs] 779990K->640787K(1157888K), 0.0248320 secs] [Times: user=0.05 sys=0.00, real=0.03 secs] 
2014-03-10T09:09:33.159+0000: 529239.143: [GC2014-03-10T09:09:33.159+0000: 529239.144: [ParNew
Desired survivor size 8716288 bytes, new threshold 4 (max 6)
- age   1:    2592384 bytes,    2592384 total
- age   2:    2226960 bytes,    4819344 total
- age   3:    2379096 bytes,    7198440 total
- age   4:    1913528 bytes,    9111968 total
: 147122K->12133K(153344K), 0.0240270 secs] 777107K->644518K(1157888K), 0.0241840 secs] [Times: user=0.05 sys=0.00, real=0.03 secs] 
2014-03-10T09:11:52.109+0000: 529378.094: [GC2014-03-10T09:11:52.109+0000: 529378.094: [ParNew
Desired survivor size 8716288 bytes, new threshold 1 (max 6)
- age   1:   10897872 bytes,   10897872 total
- age   2:    2205760 bytes,   13103632 total
- age   3:    2173528 bytes,   15277160 total
- age   4:    2153776 bytes,   17430936 total
: 148453K->17024K(153344K), 0.0366460 secs] 780838K->653649K(1157888K), 0.0368200 secs] [Times: user=0.08 sys=0.00, real=0.04 secs] 
2014-03-10T09:14:23.435+0000: 529529.419: [GC2014-03-10T09:14:23.435+0000: 529529.420: [ParNew
Desired survivor size 8716288 bytes, new threshold 1 (max 6)
- age   1:    8792624 bytes,    8792624 total
: 153344K->15288K(153344K), 0.0403240 secs] 789969K->666213K(1157888K), 0.0405160 secs] [Times: user=0.08 sys=0.00, real=0.04 secs] 
2014-03-10T09:17:29.916+0000: 529715.901: [GC2014-03-10T09:17:29.916+0000: 529715.901: [ParNew
Desired survivor size 8716288 bytes, new threshold 6 (max 6)
- age   1:    2436880 bytes,    2436880 total
: 151608K->7056K(153344K), 0.0169470 secs] 802533K->662424K(1157888K), 0.0171130 secs] [Times: user=0.04 sys=0.00, real=0.01 secs] 
2014-03-10T09:18:39.420+0000: 529785.405: [GC2014-03-10T09:18:39.420+0000: 529785.405: [ParNew
Desired survivor size 8716288 bytes, new threshold 1 (max 6)
- age   1:   15331608 bytes,   15331608 total
- age   2:    1848744 bytes,   17180352 total
: 143376K->17024K(153344K), 0.0226710 secs] 798744K->673131K(1157888K), 0.0228570 secs] [Times: user=0.05 sys=0.00, real=0.03 secs] 
2014-03-10T09:22:29.909+0000: 530015.894: [GC2014-03-10T09:22:29.909+0000: 530015.894: [ParNew
Desired survivor size 8716288 bytes, new threshold 6 (max 6)
- age   1:    2588176 bytes,    2588176 total
: 153344K->13313K(153344K), 0.0272990 secs] 809451K->686146K(1157888K), 0.0274570 secs] [Times: user=0.06 sys=0.00, real=0.03 secs] 
2014-03-10T09:26:02.991+0000: 530228.975: [GC2014-03-10T09:26:02.991+0000: 530228.976: [ParNew
Desired survivor size 8716288 bytes, new threshold 6 (max 6)
- age   1:    2368240 bytes,    2368240 total
- age   2:    2164192 bytes,    4532432 total
: 149633K->5766K(153344K), 0.0141570 secs] 822466K->678600K(1157888K), 0.0143280 secs] [Times: user=0.03 sys=0.00, real=0.02 secs] 
2014-03-10T09:29:55.590+0000: 530461.575: [GC2014-03-10T09:29:55.590+0000: 530461.575: [ParNew
Desired survivor size 8716288 bytes, new threshold 6 (max 6)
- age   1:    2690568 bytes,    2690568 total
- age   2:    1983552 bytes,    4674120 total
- age   3:    2149912 bytes,    6824032 total
: 142086K->8417K(153344K), 0.0168450 secs] 814920K->681251K(1157888K), 0.0169950 secs] [Times: user=0.03 sys=0.00, real=0.02 secs] 
2014-03-10T09:31:59.414+0000: 530585.399: [GC2014-03-10T09:31:59.414+0000: 530585.399: [ParNew
Desired survivor size 8716288 bytes, new threshold 1 (max 6)
- age   1:   12147352 bytes,   12147352 total
- age   2:    2156608 bytes,   14303960 total
- age   3:    1514912 bytes,   15818872 total
- age   4:    1609432 bytes,   17428304 total
: 144737K->17024K(153344K), 0.0331860 secs] 817571K->692084K(1157888K), 0.0333680 secs] [Times: user=0.06 sys=0.00, real=0.04 secs] 
2014-03-10T09:34:41.005+0000: 530746.990: [GC2014-03-10T09:34:41.005+0000: 530746.990: [ParNew
Desired survivor size 8716288 bytes, new threshold 6 (max 6)
- age   1:    8537152 bytes,    8537152 total
: 153344K->14624K(153344K), 0.0355950 secs] 828404K->703639K(1157888K), 0.0357530 secs] [Times: user=0.07 sys=0.00, real=0.03 secs] 
2014-03-10T09:37:59.364+0000: 530945.349: [GC2014-03-10T09:37:59.364+0000: 530945.349: [ParNew
Desired survivor size 8716288 bytes, new threshold 6 (max 6)
- age   1:    2459528 bytes,    2459528 total
- age   2:    5227664 bytes,    7687192 total
: 150944K->13281K(153344K), 0.0139580 secs] 839959K->702297K(1157888K), 0.0141100 secs] [Times: user=0.03 sys=0.00, real=0.01 secs] 
2014-03-10T09:41:56.344+0000: 531182.329: [GC2014-03-10T09:41:56.344+0000: 531182.329: [ParNew
Desired survivor size 8716288 bytes, new threshold 3 (max 6)
- age   1:    2595240 bytes,    2595240 total
- age   2:    1931568 bytes,    4526808 total
- age   3:    5226888 bytes,    9753696 total
: 149601K->11099K(153344K), 0.0153340 secs] 838617K->700114K(1157888K), 0.0155160 secs] [Times: user=0.03 sys=0.00, real=0.01 secs] 
2014-03-10T09:45:54.855+0000: 531420.840: [GC2014-03-10T09:45:54.855+0000: 531420.840: [ParNew
Desired survivor size 8716288 bytes, new threshold 6 (max 6)
- age   1:    2607144 bytes,    2607144 total
- age   2:    2215216 bytes,    4822360 total
- age   3:    1860200 bytes,    6682560 total
: 147419K->8277K(153344K), 0.0206970 secs] 836434K->702472K(1157888K), 0.0208610 secs] [Times: user=0.04 sys=0.00, real=0.02 secs] 
2014-03-10T09:49:51.219+0000: 531657.203: [GC2014-03-10T09:49:51.219+0000: 531657.203: [ParNew
Desired survivor size 8716288 bytes, new threshold 4 (max 6)
- age   1:    2625472 bytes,    2625472 total
- age   2:    2214448 bytes,    4839920 total
- age   3:    2169536 bytes,    7009456 total
- age   4:    1859624 bytes,    8869080 total
: 144597K->13763K(153344K), 0.0191070 secs] 838792K->707959K(1157888K), 0.0192600 secs] [Times: user=0.03 sys=0.00, real=0.02 secs] 
2014-03-10T09:53:36.611+0000: 531882.595: [GC2014-03-10T09:53:36.611+0000: 531882.595: [ParNew
Desired survivor size 8716288 bytes, new threshold 4 (max 6)
- age   1:    2729256 bytes,    2729256 total
- age   2:    2251848 bytes,    4981104 total
- age   3:    2203440 bytes,    7184544 total
- age   4:    2168048 bytes,    9352592 total
: 150083K->16359K(153344K), 0.0236290 secs] 844279K->712465K(1157888K), 0.0237940 secs] [Times: user=0.05 sys=0.00, real=0.03 secs] 
2014-03-10T09:57:09.675+0000: 532095.660: [GC2014-03-10T09:57:09.675+0000: 532095.660: [ParNew
Desired survivor size 8716288 bytes, new threshold 4 (max 6)
- age   1:    2629216 bytes,    2629216 total
- age   2:    2338584 bytes,    4967800 total
- age   3:    2250792 bytes,    7218592 total
- age   4:    2203032 bytes,    9421624 total
: 152679K->10958K(153344K), 0.0255040 secs] 848785K->709292K(1157888K), 0.0256720 secs] [Times: user=0.05 sys=0.00, real=0.02 secs] 
2014-03-10T10:01:02.067+0000: 532328.052: [GC2014-03-10T10:01:02.067+0000: 532328.052: [ParNew
Desired survivor size 8716288 bytes, new threshold 4 (max 6)
- age   1:    2498752 bytes,    2498752 total
- age   2:    2121800 bytes,    4620552 total
- age   3:    2171328 bytes,    6791880 total
- age   4:    2250304 bytes,    9042184 total
: 147278K->16318K(153344K), 0.0245630 secs] 845612K->716916K(1157888K), 0.0247400 secs] [Times: user=0.05 sys=0.00, real=0.02 secs] 
2014-03-10T10:04:57.011+0000: 532562.996: [GC2014-03-10T10:04:57.011+0000: 532562.996: [ParNew
Desired survivor size 8716288 bytes, new threshold 4 (max 6)
- age   1:    2567808 bytes,    2567808 total
- age   2:    2174376 bytes,    4742184 total
- age   3:    2109944 bytes,    6852128 total
- age   4:    2169976 bytes,    9022104 total
: 152638K->10710K(153344K), 0.0240810 secs] 853236K->713618K(1157888K), 0.0242470 secs] [Times: user=0.05 sys=0.00, real=0.03 secs] 
2014-03-10T10:08:51.219+0000: 532797.203: [GC2014-03-10T10:08:51.219+0000: 532797.203: [ParNew
Desired survivor size 8716288 bytes, new threshold 4 (max 6)
- age   1:    2553248 bytes,    2553248 total
- age   2:    2164768 bytes,    4718016 total
- age   3:    2128488 bytes,    6846504 total
- age   4:    2103296 bytes,    8949800 total
: 147030K->11991K(153344K), 0.0240770 secs] 849938K->717133K(1157888K), 0.0242570 secs] [Times: user=0.06 sys=0.00, real=0.03 secs] 
2014-03-10T10:12:46.386+0000: 533032.371: [GC2014-03-10T10:12:46.386+0000: 533032.371: [ParNew
Desired survivor size 8716288 bytes, new threshold 4 (max 6)
- age   1:    2523560 bytes,    2523560 total
- age   2:    2196560 bytes,    4720120 total
- age   3:    2163376 bytes,    6883496 total
- age   4:    2127360 bytes,    9010856 total
: 148311K->12591K(153344K), 0.0260050 secs] 853453K->719773K(1157888K), 0.0262230 secs] [Times: user=0.04 sys=0.00, real=0.02 secs] 
2014-03-10T10:16:26.308+0000: 533252.292: [GC2014-03-10T10:16:26.308+0000: 533252.293: [ParNew
Desired survivor size 8716288 bytes, new threshold 4 (max 6)
- age   1:    2648720 bytes,    2648720 total
- age   2:    2162656 bytes,    4811376 total
- age   3:    2195072 bytes,    7006448 total
- age   4:    2162128 bytes,    9168576 total
: 148911K->13073K(153344K), 0.0256880 secs] 856093K->722441K(1157888K), 0.0258640 secs] [Times: user=0.06 sys=0.00, real=0.02 secs] 
2014-03-10T10:17:51.838+0000: 533337.823: [GC2014-03-10T10:17:51.838+0000: 533337.823: [ParNew
Desired survivor size 8716288 bytes, new threshold 1 (max 6)
- age   1:   13225976 bytes,   13225976 total
- age   2:    1345488 bytes,   14571464 total
- age   3:    1444008 bytes,   16015472 total
- age   4:    1415968 bytes,   17431440 total
: 149393K->17024K(153344K), 0.0486850 secs] 858761K->736204K(1157888K), 0.0488610 secs] [Times: user=0.10 sys=0.00, real=0.05 secs] 
2014-03-10T10:20:35.186+0000: 533501.171: [GC2014-03-10T10:20:35.186+0000: 533501.171: [ParNew
Desired survivor size 8716288 bytes, new threshold 6 (max 6)
- age   1:    4937080 bytes,    4937080 total
: 153344K->15298K(153344K), 0.0285040 secs] 872524K->746947K(1157888K), 0.0286760 secs] [Times: user=0.06 sys=0.00, real=0.03 secs] 
2014-03-10T10:23:13.616+0000: 533659.601: [GC2014-03-10T10:23:13.616+0000: 533659.601: [ParNew
Desired survivor size 8716288 bytes, new threshold 6 (max 6)
- age   1:    2080480 bytes,    2080480 total
- age   2:    1694376 bytes,    3774856 total
: 151618K->5156K(153344K), 0.0126370 secs] 883267K->736805K(1157888K), 0.0127660 secs] [Times: user=0.03 sys=0.00, real=0.01 secs] 
2014-03-10T10:26:38.844+0000: 533864.828: [GC2014-03-10T10:26:38.844+0000: 533864.828: [ParNew
Desired survivor size 8716288 bytes, new threshold 6 (max 6)
- age   1:    2351696 bytes,    2351696 total
- age   2:    1541952 bytes,    3893648 total
- age   3:    1673368 bytes,    5567016 total
: 141476K->7712K(153344K), 0.0138880 secs] 873125K->739361K(1157888K), 0.0140330 secs] [Times: user=0.03 sys=0.00, real=0.01 secs] 
2014-03-10T10:30:40.744+0000: 534106.729: [GC2014-03-10T10:30:40.744+0000: 534106.729: [ParNew
Desired survivor size 8716288 bytes, new threshold 6 (max 6)
- age   1:    2547088 bytes,    2547088 total
- age   2:    1936624 bytes,    4483712 total
- age   3:    1495960 bytes,    5979672 total
- age   4:    1670128 bytes,    7649800 total
: 144032K->9902K(153344K), 0.0168400 secs] 875681K->741551K(1157888K), 0.0169950 secs] [Times: user=0.03 sys=0.00, real=0.01 secs] 
2014-03-10T10:34:05.341+0000: 534311.326: [GC2014-03-10T10:34:05.342+0000: 534311.326: [ParNew
Desired survivor size 8716288 bytes, new threshold 5 (max 6)
- age   1:    3049432 bytes,    3049432 total
- age   2:    2223128 bytes,    5272560 total
- age   3:    1922752 bytes,    7195312 total
- age   4:    1494760 bytes,    8690072 total
- age   5:    1590696 bytes,   10280768 total
: 146222K->13521K(153344K), 0.0197880 secs] 877871K->745170K(1157888K), 0.0199580 secs] [Times: user=0.05 sys=0.00, real=0.02 secs] 
2014-03-10T10:37:58.640+0000: 534544.624: [GC2014-03-10T10:37:58.640+0000: 534544.625: [ParNew
Desired survivor size 8716288 bytes, new threshold 4 (max 6)
- age   1:    2361288 bytes,    2361288 total
- age   2:    2658448 bytes,    5019736 total
- age   3:    2222272 bytes,    7242008 total
- age   4:    1921400 bytes,    9163408 total
- age   5:    1494120 bytes,   10657528 total
: 149841K->17024K(153344K), 0.0243180 secs] 881490K->750493K(1157888K), 0.0244790 secs] [Times: user=0.05 sys=0.00, real=0.03 secs] 
2014-03-10T10:41:42.889+0000: 534768.874: [GC2014-03-10T10:41:42.889+0000: 534768.874: [ParNew
Desired survivor size 8716288 bytes, new threshold 4 (max 6)
- age   1:    2568760 bytes,    2568760 total
- age   2:    2133944 bytes,    4702704 total
- age   3:    2227848 bytes,    6930552 total
- age   4:    2221296 bytes,    9151848 total
: 153344K->10277K(153344K), 0.0272200 secs] 886813K->747252K(1157888K), 0.0273740 secs] [Times: user=0.06 sys=0.00, real=0.03 secs] 
2014-03-10T10:45:15.002+0000: 534980.987: [GC2014-03-10T10:45:15.002+0000: 534980.987: [ParNew
Desired survivor size 8716288 bytes, new threshold 4 (max 6)
- age   1:    2800600 bytes,    2800600 total
- age   2:    2084520 bytes,    4885120 total
- age   3:    2133064 bytes,    7018184 total
- age   4:    2211872 bytes,    9230056 total
: 146597K->9598K(153344K), 0.0242280 secs] 883572K->748857K(1157888K), 0.0244050 secs] [Times: user=0.05 sys=0.00, real=0.02 secs] 
2014-03-10T10:48:54.811+0000: 535200.795: [GC2014-03-10T10:48:54.811+0000: 535200.795: [ParNew
Desired survivor size 8716288 bytes, new threshold 4 (max 6)
- age   1:    2503616 bytes,    2503616 total
- age   2:    2397208 bytes,    4900824 total
- age   3:    2072320 bytes,    6973144 total
- age   4:    2132608 bytes,    9105752 total
: 145918K->13165K(153344K), 0.0241570 secs] 885177K->754371K(1157888K), 0.0243170 secs] [Times: user=0.05 sys=0.00, real=0.03 secs] 
2014-03-10T10:51:23.839+0000: 535349.824: [GC2014-03-10T10:51:23.839+0000: 535349.824: [ParNew
Desired survivor size 8716288 bytes, new threshold 4 (max 6)
- age   1:    2497576 bytes,    2497576 total
- age   2:    2035048 bytes,    4532624 total
- age   3:    2324888 bytes,    6857512 total
- age   4:    2070952 bytes,    8928464 total
: 149485K->13600K(153344K), 0.0237610 secs] 890691K->756999K(1157888K), 0.0239310 secs] [Times: user=0.05 sys=0.00, real=0.03 secs] 
2014-03-10T10:55:07.299+0000: 535573.284: [GC2014-03-10T10:55:07.299+0000: 535573.284: [ParNew
Desired survivor size 8716288 bytes, new threshold 6 (max 6)
- age   1:    2502152 bytes,    2502152 total
- age   2:    1580232 bytes,    4082384 total
- age   3:    2014952 bytes,    6097336 total
- age   4:    2323936 bytes,    8421272 total
: 149920K->12556K(153344K), 0.0231710 secs] 893319K->758083K(1157888K), 0.0233470 secs] [Times: user=0.04 sys=0.00, real=0.03 secs] 
2014-03-10T10:58:15.177+0000: 535761.162: [GC2014-03-10T10:58:15.178+0000: 535761.162: [ParNew
Desired survivor size 8716288 bytes, new threshold 5 (max 6)
- age   1:    2512424 bytes,    2512424 total
- age   2:    2048664 bytes,    4561088 total
- age   3:    1493304 bytes,    6054392 total
- age   4:    2014568 bytes,    8068960 total
- age   5:    2323600 bytes,   10392560 total
: 148876K->16546K(153344K), 0.0197130 secs] 894403K->762074K(1157888K), 0.0198790 secs] [Times: user=0.05 sys=0.00, real=0.02 secs] 
2014-03-10T11:01:50.200+0000: 535976.185: [GC2014-03-10T11:01:50.200+0000: 535976.185: [ParNew
Desired survivor size 8716288 bytes, new threshold 5 (max 6)
- age   1:    2488520 bytes,    2488520 total
- age   2:    1838592 bytes,    4327112 total
- age   3:    2036936 bytes,    6364048 total
- age   4:    1435360 bytes,    7799408 total
- age   5:    2014224 bytes,    9813632 total
: 152866K->14284K(153344K), 0.0246590 secs] 898394K->762185K(1157888K), 0.0248170 secs] [Times: user=0.06 sys=0.00, real=0.03 secs] 
2014-03-10T11:05:13.836+0000: 536179.821: [GC2014-03-10T11:05:13.836+0000: 536179.821: [ParNew
Desired survivor size 8716288 bytes, new threshold 5 (max 6)
- age   1:    2754472 bytes,    2754472 total
- age   2:    1983440 bytes,    4737912 total
- age   3:    1739704 bytes,    6477616 total
- age   4:    2036352 bytes,    8513968 total
- age   5:    1394808 bytes,    9908776 total
: 150604K->14207K(153344K), 0.0248870 secs] 898505K->764178K(1157888K), 0.0250670 secs] [Times: user=0.05 sys=0.00, real=0.02 secs] 
2014-03-10T11:08:50.909+0000: 536396.894: [GC2014-03-10T11:08:50.909+0000: 536396.894: [ParNew
Desired survivor size 8716288 bytes, new threshold 5 (max 6)
- age   1:    2191744 bytes,    2191744 total
- age   2:    2198256 bytes,    4390000 total
- age   3:    1979864 bytes,    6369864 total
- age   4:    1738384 bytes,    8108248 total
- age   5:    2035680 bytes,   10143928 total
: 150527K->17024K(153344K), 0.0242090 secs] 900498K->768695K(1157888K), 0.0243790 secs] [Times: user=0.04 sys=0.00, real=0.02 secs] 
2014-03-10T11:12:21.722+0000: 536607.707: [GC2014-03-10T11:12:21.722+0000: 536607.707: [ParNew
Desired survivor size 8716288 bytes, new threshold 3 (max 6)
- age   1:    4787968 bytes,    4787968 total
- age   2:    1993304 bytes,    6781272 total
- age   3:    2138352 bytes,    8919624 total
- age   4:    1978456 bytes,   10898080 total
- age   5:    1738096 bytes,   12636176 total
: 153344K->15339K(153344K), 0.0289870 secs] 905015K->769103K(1157888K), 0.0291750 secs] [Times: user=0.06 sys=0.00, real=0.02 secs] 
2014-03-10T11:13:42.007+0000: 536687.991: [GC2014-03-10T11:13:42.007+0000: 536687.992: [ParNew
Desired survivor size 8716288 bytes, new threshold 1 (max 6)
- age   1:   13104152 bytes,   13104152 total
- age   2:    1972872 bytes,   15077024 total
- age   3:    1523088 bytes,   16600112 total
: 151659K->17024K(153344K), 0.0402880 secs] 905423K->780205K(1157888K), 0.0404560 secs] [Times: user=0.09 sys=0.00, real=0.04 secs] 
2014-03-10T11:17:22.729+0000: 536908.714: [GC2014-03-10T11:17:22.729+0000: 536908.714: [ParNew
Desired survivor size 8716288 bytes, new threshold 6 (max 6)
- age   1:    2411752 bytes,    2411752 total
: 153344K->14949K(153344K), 0.0217240 secs] 916525K->784867K(1157888K), 0.0218990 secs] [Times: user=0.05 sys=0.00, real=0.02 secs] 
2014-03-10T11:17:39.606+0000: 536925.591: [GC2014-03-10T11:17:39.606+0000: 536925.591: [ParNew
Desired survivor size 8716288 bytes, new threshold 1 (max 6)
- age   1:   15338080 bytes,   15338080 total
- age   2:    2091304 bytes,   17429384 total
: 151269K->17024K(153344K), 0.0265990 secs] 921187K->789682K(1157888K), 0.0267780 secs] [Times: user=0.06 sys=0.00, real=0.02 secs] 
2014-03-10T11:17:57.834+0000: 536943.818: [GC2014-03-10T11:17:57.834+0000: 536943.818: [ParNew
Desired survivor size 8716288 bytes, new threshold 1 (max 6)
- age   1:    9240336 bytes,    9240336 total
: 153344K->14554K(153344K), 0.0307410 secs] 926002K->798336K(1157888K), 0.0309210 secs] [Times: user=0.06 sys=0.00, real=0.04 secs] 
2014-03-10T11:19:59.101+0000: 537065.086: [GC2014-03-10T11:19:59.101+0000: 537065.086: [ParNew
Desired survivor size 8716288 bytes, new threshold 6 (max 6)
- age   1:    7376024 bytes,    7376024 total
: 150874K->10268K(153344K), 0.0163890 secs] 934656K->796206K(1157888K), 0.0165490 secs] [Times: user=0.04 sys=0.00, real=0.02 secs] 
2014-03-10T11:21:30.137+0000: 537156.122: [GC2014-03-10T11:21:30.137+0000: 537156.122: [ParNew
Desired survivor size 8716288 bytes, new threshold 6 (max 6)
- age   1:    6319792 bytes,    6319792 total
- age   2:    1867272 bytes,    8187064 total
: 146588K->10682K(153344K), 0.0125020 secs] 932525K->796619K(1157888K), 0.0126620 secs] [Times: user=0.03 sys=0.00, real=0.01 secs] 
2014-03-10T11:21:53.142+0000: 537179.126: [GC2014-03-10T11:21:53.142+0000: 537179.126: [ParNew
Desired survivor size 8716288 bytes, new threshold 1 (max 6)
- age   1:    8820960 bytes,    8820960 total
- age   2:     921584 bytes,    9742544 total
- age   3:    1174016 bytes,   10916560 total
: 147002K->14997K(153344K), 0.0178770 secs] 932939K->800935K(1157888K), 0.0180500 secs] [Times: user=0.04 sys=0.00, real=0.02 secs] 
2014-03-10T11:23:29.412+0000: 537275.397: [GC2014-03-10T11:23:29.412+0000: 537275.397: [ParNew
Desired survivor size 8716288 bytes, new threshold 6 (max 6)
- age   1:    1686304 bytes,    1686304 total
: 151317K->9961K(153344K), 0.0178680 secs] 937255K->798259K(1157888K), 0.0180360 secs] [Times: user=0.03 sys=0.00, real=0.02 secs] 
2014-03-10T11:27:07.202+0000: 537493.187: [GC2014-03-10T11:27:07.202+0000: 537493.187: [ParNew
Desired survivor size 8716288 bytes, new threshold 6 (max 6)
- age   1:    2573208 bytes,    2573208 total
- age   2:     924096 bytes,    3497304 total
: 146281K->4039K(153344K), 0.0113760 secs] 934579K->792337K(1157888K), 0.0115130 secs] [Times: user=0.01 sys=0.01, real=0.01 secs] 
2014-03-10T11:30:33.047+0000: 537699.031: [GC2014-03-10T11:30:33.047+0000: 537699.031: [ParNew
Desired survivor size 8716288 bytes, new threshold 6 (max 6)
- age   1:    2502176 bytes,    2502176 total
- age   2:    2100408 bytes,    4602584 total
- age   3:     921776 bytes,    5524360 total
: 140359K->7841K(153344K), 0.0137370 secs] 928657K->796139K(1157888K), 0.0138970 secs] [Times: user=0.02 sys=0.00, real=0.01 secs] 
2014-03-10T11:32:18.348+0000: 537804.333: [GC2014-03-10T11:32:18.348+0000: 537804.333: [ParNew
Desired survivor size 8716288 bytes, new threshold 1 (max 6)
- age   1:   12562592 bytes,   12562592 total
- age   2:    1947336 bytes,   14509928 total
- age   3:    2002192 bytes,   16512120 total
- age   4:     906608 bytes,   17418728 total
: 144161K->17024K(153344K), 0.0337090 secs] 932459K->809224K(1157888K), 0.0338980 secs] [Times: user=0.07 sys=0.00, real=0.03 secs] 
2014-03-10T11:34:04.762+0000: 537910.747: [GC2014-03-10T11:34:04.762+0000: 537910.747: [ParNew
Desired survivor size 8716288 bytes, new threshold 1 (max 6)
- age   1:   10010400 bytes,   10010400 total
: 153344K->14310K(153344K), 0.0386080 secs] 945544K->819059K(1157888K), 0.0387910 secs] [Times: user=0.08 sys=0.00, real=0.03 secs] 
2014-03-10T11:36:24.909+0000: 538050.894: [GC2014-03-10T11:36:24.909+0000: 538050.894: [ParNew
Desired survivor size 8716288 bytes, new threshold 6 (max 6)
- age   1:    5220344 bytes,    5220344 total
: 150630K->11010K(153344K), 0.0170130 secs] 955379K->821328K(1157888K), 0.0171760 secs] [Times: user=0.04 sys=0.00, real=0.02 secs] 
2014-03-10T11:39:45.857+0000: 538251.842: [GC2014-03-10T11:39:45.857+0000: 538251.842: [ParNew
Desired survivor size 8716288 bytes, new threshold 6 (max 6)
- age   1:    2227912 bytes,    2227912 total
- age   2:    1302256 bytes,    3530168 total
: 147330K->6655K(153344K), 0.0141580 secs] 957648K->816973K(1157888K), 0.0143050 secs] [Times: user=0.03 sys=0.00, real=0.01 secs] 
2014-03-10T11:40:39.938+0000: 538305.923: [GC2014-03-10T11:40:39.938+0000: 538305.923: [ParNew
Desired survivor size 8716288 bytes, new threshold 1 (max 6)
- age   1:   14233024 bytes,   14233024 total
- age   2:    1904440 bytes,   16137464 total
- age   3:    1287240 bytes,   17424704 total
: 142975K->17024K(153344K), 0.0232750 secs] 953293K->829099K(1157888K), 0.0234350 secs] [Times: user=0.05 sys=0.00, real=0.02 secs] 
2014-03-10T11:41:18.253+0000: 538344.238: [GC2014-03-10T11:41:18.254+0000: 538344.238: [ParNew
Desired survivor size 8716288 bytes, new threshold 1 (max 6)
- age   1:   12508640 bytes,   12508640 total
: 153344K->13941K(153344K), 0.0409330 secs] 965419K->838543K(1157888K), 0.0411140 secs] [Times: user=0.08 sys=0.00, real=0.05 secs] 
2014-03-10T11:42:58.328+0000: 538444.312: [GC2014-03-10T11:42:58.328+0000: 538444.312: [ParNew
Desired survivor size 8716288 bytes, new threshold 6 (max 6)
- age   1:    6120184 bytes,    6120184 total
: 150261K->12637K(153344K), 0.0233180 secs] 974863K->842211K(1157888K), 0.0234780 secs] [Times: user=0.05 sys=0.00, real=0.02 secs] 
2014-03-10T11:43:57.010+0000: 538502.994: [GC2014-03-10T11:43:57.010+0000: 538502.994: [ParNew
Desired survivor size 8716288 bytes, new threshold 6 (max 6)
- age   1:    6671064 bytes,    6671064 total
- age   2:    1016944 bytes,    7688008 total
: 148957K->10680K(153344K), 0.0118820 secs] 978531K->840253K(1157888K), 0.0120370 secs] [Times: user=0.02 sys=0.00, real=0.01 secs] 
2014-03-10T11:47:14.428+0000: 538700.413: [GC2014-03-10T11:47:14.428+0000: 538700.413: [ParNew
Desired survivor size 8716288 bytes, new threshold 6 (max 6)
- age   1:    2429664 bytes,    2429664 total
- age   2:     545200 bytes,    2974864 total
- age   3:     970576 bytes,    3945440 total
: 147000K->6670K(153344K), 0.0161970 secs] 976573K->836244K(1157888K), 0.0163640 secs] [Times: user=0.02 sys=0.00, real=0.02 secs] 
2014-03-10T11:51:15.069+0000: 538941.054: [GC2014-03-10T11:51:15.069+0000: 538941.054: [ParNew
Desired survivor size 8716288 bytes, new threshold 6 (max 6)
- age   1:    2531392 bytes,    2531392 total
- age   2:    1903888 bytes,    4435280 total
- age   3:     534592 bytes,    4969872 total
- age   4:     970136 bytes,    5940008 total
: 142990K->7540K(153344K), 0.0147060 secs] 972564K->837113K(1157888K), 0.0148770 secs] [Times: user=0.04 sys=0.00, real=0.02 secs] 
2014-03-10T11:55:03.963+0000: 539169.948: [GC2014-03-10T11:55:03.963+0000: 539169.948: [ParNew
Desired survivor size 8716288 bytes, new threshold 6 (max 6)
- age   1:    2694376 bytes,    2694376 total
- age   2:    2231344 bytes,    4925720 total
- age   3:    1901224 bytes,    6826944 total
- age   4:     527712 bytes,    7354656 total
- age   5:     970024 bytes,    8324680 total
: 143860K->10143K(153344K), 0.0174000 secs] 973433K->839717K(1157888K), 0.0175830 secs] [Times: user=0.04 sys=0.00, real=0.01 secs] 
2014-03-10T11:58:49.220+0000: 539395.204: [GC2014-03-10T11:58:49.220+0000: 539395.205: [ParNew
Desired survivor size 8716288 bytes, new threshold 4 (max 6)
- age   1:    2644424 bytes,    2644424 total
- age   2:    2346360 bytes,    4990784 total
- age   3:    2220032 bytes,    7210816 total
- age   4:    1854800 bytes,    9065616 total
- age   5:     527664 bytes,    9593280 total
- age   6:     969784 bytes,   10563064 total
: 146463K->14635K(153344K), 0.0202100 secs] 976037K->844208K(1157888K), 0.0203590 secs] [Times: user=0.04 sys=0.00, real=0.02 secs] 
2014-03-10T11:59:58.368+0000: 539464.353: [GC2014-03-10T11:59:58.368+0000: 539464.353: [ParNew
Desired survivor size 8716288 bytes, new threshold 1 (max 6)
- age   1:   12195072 bytes,   12195072 total
- age   2:    1455520 bytes,   13650592 total
- age   3:    1936032 bytes,   15586624 total
- age   4:    1845216 bytes,   17431840 total
: 150955K->17024K(153344K), 0.0532060 secs] 980528K->860281K(1157888K), 0.0533790 secs] [Times: user=0.10 sys=0.01, real=0.05 secs] 
2014-03-10T12:01:51.191+0000: 539577.175: [GC2014-03-10T12:01:51.191+0000: 539577.175: [ParNew
Desired survivor size 8716288 bytes, new threshold 1 (max 6)
- age   1:    9717040 bytes,    9717040 total
: 153344K->15577K(153344K), 0.0387880 secs] 996601K->869853K(1158656K), 0.0389630 secs] [Times: user=0.08 sys=0.00, real=0.04 secs] 
2014-03-10T12:02:10.795+0000: 539596.780: [GC2014-03-10T12:02:10.795+0000: 539596.780: [ParNew
Desired survivor size 8716288 bytes, new threshold 6 (max 6)
- age   1:    6439912 bytes,    6439912 total
: 151897K->11503K(153344K), 0.0139890 secs] 1006173K->867044K(1158848K), 0.0141640 secs] [Times: user=0.03 sys=0.00, real=0.01 secs] 
2014-03-10T12:03:15.406+0000: 539661.391: [GC2014-03-10T12:03:15.406+0000: 539661.391: [ParNew
Desired survivor size 8716288 bytes, new threshold 6 (max 6)
- age   1:    6871496 bytes,    6871496 total
- age   2:     190088 bytes,    7061584 total
: 147823K->8358K(153344K), 0.0110990 secs] 1003364K->863899K(1158848K), 0.0112650 secs] [Times: user=0.01 sys=0.00, real=0.01 secs] 
2014-03-10T12:06:59.064+0000: 539885.048: [GC2014-03-10T12:06:59.064+0000: 539885.049: [ParNew
Desired survivor size 8716288 bytes, new threshold 6 (max 6)
- age   1:    2374512 bytes,    2374512 total
- age   2:     651016 bytes,    3025528 total
- age   3:     189736 bytes,    3215264 total
: 144678K->5786K(153344K), 0.0140590 secs] 1000219K->861327K(1158848K), 0.0142170 secs] [Times: user=0.03 sys=0.00, real=0.01 secs] 
2014-03-10T12:10:50.601+0000: 540116.586: [GC2014-03-10T12:10:50.601+0000: 540116.586: [ParNew
Desired survivor size 8716288 bytes, new threshold 6 (max 6)
- age   1:    2549696 bytes,    2549696 total
- age   2:    2073880 bytes,    4623576 total
- age   3:     635712 bytes,    5259288 total
- age   4:     189688 bytes,    5448976 total
: 142106K->6548K(153344K), 0.0140550 secs] 997647K->862089K(1158848K), 0.0142170 secs] [Times: user=0.04 sys=0.00, real=0.02 secs] 
2014-03-10T12:14:00.555+0000: 540306.540: [GC2014-03-10T12:14:00.555+0000: 540306.540: [ParNew
Desired survivor size 8716288 bytes, new threshold 3 (max 6)
- age   1:    5783832 bytes,    5783832 total
- age   2:    2194792 bytes,    7978624 total
- age   3:    2073392 bytes,   10052016 total
- age   4:     634288 bytes,   10686304 total
- age   5:     186736 bytes,   10873040 total
: 142868K->13725K(153344K), 0.0222010 secs] 998409K->869265K(1158848K), 0.0223700 secs] [Times: user=0.05 sys=0.00, real=0.02 secs] 
2014-03-10T12:15:35.872+0000: 540401.857: [GC2014-03-10T12:15:35.872+0000: 540401.857: [ParNew
Desired survivor size 8716288 bytes, new threshold 1 (max 6)
- age   1:   12604568 bytes,   12604568 total
- age   2:    2650688 bytes,   15255256 total
- age   3:    2175696 bytes,   17430952 total
: 150045K->17024K(153344K), 0.0336650 secs] 1005585K->878692K(1160192K), 0.0338460 secs] [Times: user=0.07 sys=0.00, real=0.04 secs] 
2014-03-10T12:19:02.693+0000: 540608.677: [GC2014-03-10T12:19:02.693+0000: 540608.678: [ParNew
Desired survivor size 8716288 bytes, new threshold 6 (max 6)
- age   1:    2361440 bytes,    2361440 total
: 153344K->15193K(153344K), 0.0279440 secs] 1015012K->886741K(1164800K), 0.0281260 secs] [Times: user=0.06 sys=0.00, real=0.03 secs] 
2014-03-10T12:22:50.927+0000: 540836.912: [GC2014-03-10T12:22:50.927+0000: 540836.912: [ParNew
Desired survivor size 8716288 bytes, new threshold 6 (max 6)
- age   1:    2601152 bytes,    2601152 total
- age   2:    2011008 bytes,    4612160 total
: 151513K->8474K(153344K), 0.0124920 secs] 1023061K->880022K(1164800K), 0.0126280 secs] [Times: user=0.03 sys=0.00, real=0.01 secs] 
2014-03-10T12:26:15.451+0000: 541041.436: [GC2014-03-10T12:26:15.451+0000: 541041.436: [ParNew
Desired survivor size 8716288 bytes, new threshold 6 (max 6)
- age   1:    2544312 bytes,    2544312 total
- age   2:    2165360 bytes,    4709672 total
- age   3:    1941440 bytes,    6651112 total
: 144794K->8226K(153344K), 0.0156270 secs] 1016342K->879775K(1164800K), 0.0158060 secs] [Times: user=0.03 sys=0.00, real=0.02 secs] 
2014-03-10T12:29:58.985+0000: 541264.970: [GC2014-03-10T12:29:58.986+0000: 541264.970: [ParNew
Desired survivor size 8716288 bytes, new threshold 6 (max 6)
- age   1:    2536080 bytes,    2536080 total
- age   2:    2031952 bytes,    4568032 total
- age   3:    2108488 bytes,    6676520 total
- age   4:    1939856 bytes,    8616376 total
: 144546K->10873K(153344K), 0.0194180 secs] 1016095K->882421K(1164800K), 0.0195930 secs] [Times: user=0.04 sys=0.00, real=0.02 secs] 
2014-03-10T12:33:19.375+0000: 541465.360: [GC2014-03-10T12:33:19.376+0000: 541465.360: [ParNew
Desired survivor size 8716288 bytes, new threshold 4 (max 6)
- age   1:    2648624 bytes,    2648624 total
- age   2:    2100624 bytes,    4749248 total
- age   3:    2019752 bytes,    6769000 total
- age   4:    2107224 bytes,    8876224 total
- age   5:    1939320 bytes,   10815544 total
: 147193K->15281K(153344K), 0.0211430 secs] 1018741K->886830K(1164800K), 0.0213260 secs] [Times: user=0.03 sys=0.01, real=0.02 secs] 
2014-03-10T12:36:56.678+0000: 541682.663: [GC2014-03-10T12:36:56.678+0000: 541682.663: [ParNew
Desired survivor size 8716288 bytes, new threshold 4 (max 6)
- age   1:    2543464 bytes,    2543464 total
- age   2:    2130064 bytes,    4673528 total
- age   3:    2080152 bytes,    6753680 total
- age   4:    2019184 bytes,    8772864 total
: 151601K->9815K(153344K), 0.0279170 secs] 1023150K->885522K(1164992K), 0.0280860 secs] [Times: user=0.06 sys=0.00, real=0.03 secs] 
2014-03-10T12:40:15.734+0000: 541881.719: [GC2014-03-10T12:40:15.734+0000: 541881.719: [ParNew
Desired survivor size 8716288 bytes, new threshold 4 (max 6)
- age   1:    2492872 bytes,    2492872 total
- age   2:    2104792 bytes,    4597664 total
- age   3:    2070696 bytes,    6668360 total
- age   4:    2079032 bytes,    8747392 total
: 146135K->13264K(153344K), 0.0228150 secs] 1021842K->891038K(1164992K), 0.0229780 secs] [Times: user=0.04 sys=0.00, real=0.02 secs] 
2014-03-10T12:44:05.841+0000: 542111.826: [GC2014-03-10T12:44:05.841+0000: 542111.826: [ParNew
Desired survivor size 8716288 bytes, new threshold 6 (max 6)
- age   1:    2522624 bytes,    2522624 total
- age   2:    1862896 bytes,    4385520 total
- age   3:    2015320 bytes,    6400840 total
- age   4:    2058376 bytes,    8459216 total
: 149584K->8763K(153344K), 0.0230270 secs] 1027358K->888674K(1164992K), 0.0231970 secs] [Times: user=0.05 sys=0.00, real=0.03 secs] 
2014-03-10T12:47:10.870+0000: 542296.855: [GC2014-03-10T12:47:10.870+0000: 542296.855: [ParNew
Desired survivor size 8716288 bytes, new threshold 5 (max 6)
- age   1:    2413192 bytes,    2413192 total
- age   2:    2145464 bytes,    4558656 total
- age   3:    1859432 bytes,    6418088 total
- age   4:    2014584 bytes,    8432672 total
- age   5:    1819776 bytes,   10252448 total
: 145083K->16268K(153344K), 0.0206920 secs] 1024994K->896179K(1164992K), 0.0208700 secs] [Times: user=0.04 sys=0.00, real=0.02 secs] 
2014-03-10T12:50:57.035+0000: 542523.019: [GC2014-03-10T12:50:57.035+0000: 542523.019: [ParNew
Desired survivor size 8716288 bytes, new threshold 5 (max 6)
- age   1:    2418824 bytes,    2418824 total
- age   2:    1856120 bytes,    4274944 total
- age   3:    2124840 bytes,    6399784 total
- age   4:    1859104 bytes,    8258888 total
- age   5:    2014176 bytes,   10273064 total
: 152588K->17024K(153344K), 0.0249830 secs] 1032499K->899003K(1164992K), 0.0251340 secs] [Times: user=0.06 sys=0.00, real=0.02 secs] 
2014-03-10T12:54:24.101+0000: 542730.086: [GC2014-03-10T12:54:24.101+0000: 542730.086: [ParNew
Desired survivor size 8716288 bytes, new threshold 5 (max 6)
- age   1:    2478576 bytes,    2478576 total
- age   2:    2212872 bytes,    4691448 total
- age   3:    1805904 bytes,    6497352 total
- age   4:    2124264 bytes,    8621616 total
- age   5:    1858840 bytes,   10480456 total
: 153344K->12461K(153344K), 0.0252430 secs] 1035323K->896511K(1164992K), 0.0254060 secs] [Times: user=0.05 sys=0.00, real=0.03 secs] 
2014-03-10T12:57:54.839+0000: 542940.823: [GC2014-03-10T12:57:54.839+0000: 542940.823: [ParNew
Desired survivor size 8716288 bytes, new threshold 5 (max 6)
- age   1:    2262400 bytes,    2262400 total
- age   2:    1907712 bytes,    4170112 total
- age   3:    2082040 bytes,    6252152 total
- age   4:    1762816 bytes,    8014968 total
- age   5:    2122696 bytes,   10137664 total
: 148781K->17024K(153344K), 0.0250060 secs] 1032831K->903238K(1164992K), 0.0251710 secs] [Times: user=0.05 sys=0.00, real=0.03 secs] 
2014-03-10T13:01:10.519+0000: 543136.504: [GC2014-03-10T13:01:10.519+0000: 543136.504: [ParNew
Desired survivor size 8716288 bytes, new threshold 4 (max 6)
- age   1:    2735568 bytes,    2735568 total
- age   2:    2049328 bytes,    4784896 total
- age   3:    1905544 bytes,    6690440 total
- age   4:    2081008 bytes,    8771448 total
- age   5:    1762544 bytes,   10533992 total
: 153344K->12216K(153344K), 0.0260900 secs] 1039558K->900612K(1164992K), 0.0262730 secs] [Times: user=0.05 sys=0.00, real=0.03 secs] 
2014-03-10T13:04:47.262+0000: 543353.247: [GC2014-03-10T13:04:47.262+0000: 543353.247: [ParNew
Desired survivor size 8716288 bytes, new threshold 6 (max 6)
- age   1:    2450832 bytes,    2450832 total
- age   2:    2080056 bytes,    4530888 total
- age   3:    2036384 bytes,    6567272 total
- age   4:    1904904 bytes,    8472176 total
: 148536K->9212K(153344K), 0.0273190 secs] 1036932K->901556K(1164992K), 0.0274830 secs] [Times: user=0.06 sys=0.00, real=0.02 secs] 
2014-03-10T13:08:17.267+0000: 543563.252: [GC2014-03-10T13:08:17.267+0000: 543563.252: [ParNew
Desired survivor size 8716288 bytes, new threshold 5 (max 6)
- age   1:    2366904 bytes,    2366904 total
- age   2:    2032008 bytes,    4398912 total
- age   3:    2072648 bytes,    6471560 total
- age   4:    1987024 bytes,    8458584 total
- age   5:    1904448 bytes,   10363032 total
: 145532K->16875K(153344K), 0.0199450 secs] 1037876K->909220K(1164992K), 0.0200950 secs] [Times: user=0.05 sys=0.00, real=0.02 secs] 
2014-03-10T13:11:45.690+0000: 543771.674: [GC2014-03-10T13:11:45.690+0000: 543771.674: [ParNew
Desired survivor size 8716288 bytes, new threshold 5 (max 6)
- age   1:    2697632 bytes,    2697632 total
- age   2:    1979008 bytes,    4676640 total
- age   3:    2001912 bytes,    6678552 total
- age   4:    1953048 bytes,    8631600 total
- age   5:    1986216 bytes,   10617816 total
: 153195K->11725K(153344K), 0.0252800 secs] 1045540K->906028K(1164992K), 0.0254570 secs] [Times: user=0.06 sys=0.00, real=0.03 secs] 
2014-03-10T13:15:10.128+0000: 543976.113: [GC2014-03-10T13:15:10.128+0000: 543976.113: [ParNew
Desired survivor size 8716288 bytes, new threshold 5 (max 6)
- age   1:    2242840 bytes,    2242840 total
- age   2:    2205360 bytes,    4448200 total
- age   3:    1931688 bytes,    6379888 total
- age   4:    2000752 bytes,    8380640 total
- age   5:    1951176 bytes,   10331816 total
: 148045K->17024K(153344K), 0.0260250 secs] 1042348K->913666K(1165184K), 0.0262250 secs] [Times: user=0.06 sys=0.00, real=0.03 secs] 
2014-03-10T13:18:05.191+0000: 544151.176: [GC2014-03-10T13:18:05.192+0000: 544151.176: [ParNew
Desired survivor size 8716288 bytes, new threshold 5 (max 6)
- age   1:    2352776 bytes,    2352776 total
- age   2:    2048768 bytes,    4401544 total
- age   3:    2190584 bytes,    6592128 total
- age   4:    1927696 bytes,    8519824 total
- age   5:    2000464 bytes,   10520288 total
: 153344K->12457K(153344K), 0.0251400 secs] 1049986K->911100K(1165184K), 0.0253270 secs] [Times: user=0.06 sys=0.00, real=0.03 secs] 
2014-03-10T13:21:26.964+0000: 544352.949: [GC2014-03-10T13:21:26.965+0000: 544352.949: [ParNew
Desired survivor size 8716288 bytes, new threshold 5 (max 6)
- age   1:    2162264 bytes,    2162264 total
- age   2:    1707672 bytes,    3869936 total
- age   3:    1899808 bytes,    5769744 total
- age   4:    2190128 bytes,    7959872 total
- age   5:    1927480 bytes,    9887352 total
: 148777K->17024K(153344K), 0.0253220 secs] 1047420K->918052K(1165184K), 0.0254930 secs] [Times: user=0.05 sys=0.00, real=0.02 secs] 
2014-03-10T13:21:53.262+0000: 544379.247: [GC2014-03-10T13:21:53.262+0000: 544379.247: [ParNew
Desired survivor size 8716288 bytes, new threshold 1 (max 6)
- age   1:   11107464 bytes,   11107464 total
- age   2:    1800480 bytes,   12907944 total
- age   3:    1131856 bytes,   14039800 total
- age   4:    1467960 bytes,   15507760 total
- age   5:    1923336 bytes,   17431096 total
: 153344K->17024K(153344K), 0.0436200 secs] 1054372K->928224K(1170368K), 0.0437950 secs] [Times: user=0.09 sys=0.00, real=0.04 secs] 
2014-03-10T13:23:24.457+0000: 544470.441: [GC2014-03-10T13:23:24.457+0000: 544470.442: [ParNew
Desired survivor size 8716288 bytes, new threshold 6 (max 6)
- age   1:    6526912 bytes,    6526912 total
: 153344K->14883K(153344K), 0.0365100 secs] 1064544K->939039K(1176128K), 0.0367090 secs] [Times: user=0.06 sys=0.00, real=0.03 secs] 
2014-03-10T13:26:44.887+0000: 544670.872: [GC2014-03-10T13:26:44.887+0000: 544670.872: [ParNew
Desired survivor size 8716288 bytes, new threshold 6 (max 6)
- age   1:    2649936 bytes,    2649936 total
- age   2:    5035888 bytes,    7685824 total
: 151203K->11662K(153344K), 0.0138070 secs] 1075359K->935818K(1176128K), 0.0139780 secs] [Times: user=0.02 sys=0.00, real=0.01 secs] 
2014-03-10T13:30:09.382+0000: 544875.367: [GC2014-03-10T13:30:09.382+0000: 544875.367: [ParNew
Desired survivor size 8716288 bytes, new threshold 6 (max 6)
- age   1:    2357264 bytes,    2357264 total
- age   2:    1892032 bytes,    4249296 total
- age   3:    1027848 bytes,    5277144 total
: 147982K->7093K(153344K), 0.0149060 secs] 1072138K->931248K(1176128K), 0.0151030 secs] [Times: user=0.04 sys=0.00, real=0.02 secs] 
2014-03-10T13:33:44.775+0000: 545090.760: [GC2014-03-10T13:33:44.775+0000: 545090.760: [ParNew
Desired survivor size 8716288 bytes, new threshold 6 (max 6)
- age   1:    2586120 bytes,    2586120 total
- age   2:    1899624 bytes,    4485744 total
- age   3:    1890496 bytes,    6376240 total
- age   4:    1026552 bytes,    7402792 total
: 143413K->11050K(153344K), 0.0161920 secs] 1067568K->935206K(1176128K), 0.0163370 secs] [Times: user=0.04 sys=0.00, real=0.01 secs] 
2014-03-10T13:37:20.395+0000: 545306.380: [GC2014-03-10T13:37:20.395+0000: 545306.380: [ParNew
Desired survivor size 8716288 bytes, new threshold 5 (max 6)
- age   1:    2812576 bytes,    2812576 total
- age   2:    2040808 bytes,    4853384 total
- age   3:    1888376 bytes,    6741760 total
- age   4:    1889760 bytes,    8631520 total
- age   5:    1026240 bytes,    9657760 total
: 147370K->13430K(153344K), 0.0209830 secs] 1071526K->937586K(1176128K), 0.0211590 secs] [Times: user=0.04 sys=0.00, real=0.02 secs] 
2014-03-10T13:40:38.820+0000: 545504.805: [GC2014-03-10T13:40:38.820+0000: 545504.805: [ParNew
Desired survivor size 8716288 bytes, new threshold 4 (max 6)
- age   1:    3464128 bytes,    3464128 total
- age   2:    2362280 bytes,    5826408 total
- age   3:    2040056 bytes,    7866464 total
- age   4:    1887944 bytes,    9754408 total
- age   5:    1889568 bytes,   11643976 total
: 149750K->17024K(153344K), 0.0254730 secs] 1073906K->942491K(1176320K), 0.0256520 secs] [Times: user=0.05 sys=0.00, real=0.03 secs] 
2014-03-10T13:44:15.686+0000: 545721.671: [GC2014-03-10T13:44:15.686+0000: 545721.671: [ParNew
Desired survivor size 8716288 bytes, new threshold 4 (max 6)
- age   1:    2430224 bytes,    2430224 total
- age   2:    3290312 bytes,    5720536 total
- age   3:    2350488 bytes,    8071024 total
- age   4:    2039160 bytes,   10110184 total
: 153344K->16242K(153344K), 0.0299740 secs] 1078811K->945590K(1176320K), 0.0301370 secs] [Times: user=0.05 sys=0.00, real=0.03 secs] 
2014-03-10T13:46:35.956+0000: 545861.941: [GC2014-03-10T13:46:35.956+0000: 545861.941: [ParNew
Desired survivor size 8716288 bytes, new threshold 6 (max 6)
- age   1:    2078000 bytes,    2078000 total
- age   2:    2020032 bytes,    4098032 total
- age   3:    1903680 bytes,    6001712 total
- age   4:    2348544 bytes,    8350256 total
: 152562K->10322K(153344K), 0.0227270 secs] 1081910K->941765K(1176320K), 0.0228960 secs] [Times: user=0.05 sys=0.00, real=0.02 secs] 
2014-03-10T13:49:41.953+0000: 546047.937: [GC2014-03-10T13:49:41.953+0000: 546047.938: [ParNew
Desired survivor size 8716288 bytes, new threshold 5 (max 6)
- age   1:    2399984 bytes,    2399984 total
- age   2:    1374952 bytes,    3774936 total
- age   3:    2001736 bytes,    5776672 total
- age   4:    1851672 bytes,    7628344 total
- age   5:    2348088 bytes,    9976432 total
: 146642K->16857K(153344K), 0.0220140 secs] 1078085K->948300K(1176320K), 0.0221930 secs] [Times: user=0.05 sys=0.00, real=0.03 secs] 
2014-03-10T13:52:55.172+0000: 546241.157: [GC2014-03-10T13:52:55.172+0000: 546241.157: [ParNew
Desired survivor size 8716288 bytes, new threshold 5 (max 6)
- age   1:    2637208 bytes,    2637208 total
- age   2:    1740848 bytes,    4378056 total
- age   3:    1297000 bytes,    5675056 total
- age   4:    2001424 bytes,    7676480 total
- age   5:    1842600 bytes,    9519080 total
: 153177K->11491K(153344K), 0.0247990 secs] 1084620K->945331K(1176512K), 0.0249710 secs] [Times: user=0.05 sys=0.00, real=0.03 secs] 
2014-03-10T13:56:01.806+0000: 546427.791: [GC2014-03-10T13:56:01.806+0000: 546427.791: [ParNew
Desired survivor size 8716288 bytes, new threshold 5 (max 6)
- age   1:    2433280 bytes,    2433280 total
- age   2:    2070680 bytes,    4503960 total
- age   3:    1716184 bytes,    6220144 total
- age   4:    1296816 bytes,    7516960 total
- age   5:    2001296 bytes,    9518256 total
: 147811K->16626K(153344K), 0.0239410 secs] 1081651K->952360K(1176512K), 0.0241330 secs] [Times: user=0.06 sys=0.00, real=0.02 secs] 
2014-03-10T13:59:32.484+0000: 546638.469: [GC2014-03-10T13:59:32.484+0000: 546638.469: [ParNew
Desired survivor size 8716288 bytes, new threshold 5 (max 6)
- age   1:    2466120 bytes,    2466120 total
- age   2:    1725632 bytes,    4191752 total
- age   3:    2059920 bytes,    6251672 total
- age   4:    1715920 bytes,    7967592 total
- age   5:    1296448 bytes,    9264040 total
: 152946K->11055K(153344K), 0.0245860 secs] 1088680K->948845K(1176512K), 0.0247630 secs] [Times: user=0.06 sys=0.00, real=0.02 secs] 
2014-03-10T14:02:44.143+0000: 546830.127: [GC2014-03-10T14:02:44.143+0000: 546830.127: [ParNew
Desired survivor size 8716288 bytes, new threshold 5 (max 6)
- age   1:    2569448 bytes,    2569448 total
- age   2:    1950904 bytes,    4520352 total
- age   3:    1713408 bytes,    6233760 total
- age   4:    2042096 bytes,    8275856 total
- age   5:    1715776 bytes,    9991632 total
: 147375K->16252K(153344K), 0.0238860 secs] 1085165K->955375K(1176512K), 0.0240560 secs] [Times: user=0.04 sys=0.00, real=0.02 secs] 
2014-03-10T14:06:27.901+0000: 547053.886: [GC2014-03-10T14:06:27.901+0000: 547053.886: [ParNew
Desired survivor size 8716288 bytes, new threshold 5 (max 6)
- age   1:    2489704 bytes,    2489704 total
- age   2:    1833736 bytes,    4323440 total
- age   3:    1940432 bytes,    6263872 total
- age   4:    1712976 bytes,    7976848 total
- age   5:    2002184 bytes,    9979032 total
: 152572K->11189K(153344K), 0.0241320 secs] 1091695K->952076K(1176512K), 0.0242990 secs] [Times: user=0.05 sys=0.00, real=0.03 secs] 
2014-03-10T14:07:38.386+0000: 547124.371: [GC2014-03-10T14:07:38.386+0000: 547124.371: [ParNew
Desired survivor size 8716288 bytes, new threshold 1 (max 6)
- age   1:   13516056 bytes,   13516056 total
- age   2:    1060112 bytes,   14576168 total
- age   3:     891720 bytes,   15467888 total
- age   4:    1233624 bytes,   16701512 total
- age   5:     729784 bytes,   17431296 total
: 147509K->17024K(153344K), 0.0577800 secs] 1088396K->970808K(1181888K), 0.0579490 secs] [Times: user=0.09 sys=0.01, real=0.06 secs] 
2014-03-10T14:07:38.445+0000: 547124.430: [GC [1 CMS-initial-mark: 953784K(1028544K)] 971486K(1181888K), 0.0099980 secs] [Times: user=0.02 sys=0.00, real=0.01 secs] 
2014-03-10T14:07:38.455+0000: 547124.440: [CMS-concurrent-mark-start]
2014-03-10T14:07:38.663+0000: 547124.648: [CMS-concurrent-mark: 0.208/0.208 secs] [Times: user=0.26 sys=0.00, real=0.21 secs] 
2014-03-10T14:07:38.663+0000: 547124.648: [CMS-concurrent-preclean-start]
2014-03-10T14:07:38.666+0000: 547124.651: [CMS-concurrent-preclean: 0.003/0.003 secs] [Times: user=0.00 sys=0.00, real=0.00 secs] 
2014-03-10T14:07:38.666+0000: 547124.651: [CMS-concurrent-abortable-preclean-start]
 CMS: abort preclean due to time 2014-03-10T14:07:43.855+0000: 547129.840: [CMS-concurrent-abortable-preclean: 2.584/5.188 secs] [Times: user=2.98 sys=0.00, real=5.19 secs] 
2014-03-10T14:07:43.855+0000: 547129.840: [GC[YG occupancy: 27663 K (153344 K)]2014-03-10T14:07:43.855+0000: 547129.840: [Rescan (parallel) , 0.0151840 secs]2014-03-10T14:07:43.871+0000: 547129.855: [weak refs processing, 0.0041850 secs]2014-03-10T14:07:43.875+0000: 547129.860: [class unloading, 0.0107900 secs]2014-03-10T14:07:43.886+0000: 547129.870: [scrub symbol table, 0.0088940 secs]2014-03-10T14:07:43.895+0000: 547129.879: [scrub string table, 0.0009460 secs] [1 CMS-remark: 953784K(1028544K)] 981448K(1181888K), 0.0427640 secs] [Times: user=0.00 sys=0.00, real=0.04 secs] 
2014-03-10T14:07:43.898+0000: 547129.883: [CMS-concurrent-sweep-start]
2014-03-10T14:07:44.563+0000: 547130.548: [CMS-concurrent-sweep: 0.662/0.665 secs] [Times: user=0.60 sys=0.00, real=0.67 secs] 
2014-03-10T14:07:44.564+0000: 547130.548: [CMS-concurrent-reset-start]
2014-03-10T14:07:44.570+0000: 547130.555: [CMS-concurrent-reset: 0.006/0.006 secs] [Times: user=0.00 sys=0.00, real=0.00 secs] 
2014-03-10T14:11:18.299+0000: 547344.284: [GC2014-03-10T14:11:18.299+0000: 547344.284: [ParNew
Desired survivor size 8716288 bytes, new threshold 6 (max 6)
- age   1:    2821944 bytes,    2821944 total
: 153344K->15110K(153344K), 0.0271440 secs] 281681K->155575K(1181888K), 0.0273150 secs] [Times: user=0.05 sys=0.00, real=0.03 secs] 
2014-03-10T14:12:34.809+0000: 547420.793: [GC2014-03-10T14:12:34.809+0000: 547420.793: [ParNew
Desired survivor size 8716288 bytes, new threshold 1 (max 6)
- age   1:   11457720 bytes,   11457720 total
- age   2:    2461456 bytes,   13919176 total
: 151430K->15219K(153344K), 0.0293930 secs] 291895K->155684K(1181888K), 0.0295930 secs] [Times: user=0.06 sys=0.00, real=0.03 secs] 
2014-03-10T14:13:11.946+0000: 547457.931: [GC2014-03-10T14:13:11.946+0000: 547457.931: [ParNew
Desired survivor size 8716288 bytes, new threshold 1 (max 6)
- age   1:   15526240 bytes,   15526240 total
: 151539K->17024K(153344K), 0.0376410 secs] 292004K->162799K(1181888K), 0.0378260 secs] [Times: user=0.08 sys=0.00, real=0.04 secs] 
2014-03-10T14:15:19.109+0000: 547585.094: [GC2014-03-10T14:15:19.109+0000: 547585.094: [ParNew
Desired survivor size 8716288 bytes, new threshold 6 (max 6)
- age   1:    5714112 bytes,    5714112 total
: 153344K->14488K(153344K), 0.0210720 secs] 299119K->170207K(1181888K), 0.0212620 secs] [Times: user=0.04 sys=0.00, real=0.02 secs] 
2014-03-10T14:18:14.547+0000: 547760.531: [GC2014-03-10T14:18:14.547+0000: 547760.532: [ParNew
Desired survivor size 8716288 bytes, new threshold 6 (max 6)
- age   1:    2389760 bytes,    2389760 total
- age   2:    3055752 bytes,    5445512 total
: 150808K->9847K(153344K), 0.0147980 secs] 306527K->165566K(1181888K), 0.0149480 secs] [Times: user=0.03 sys=0.00, real=0.01 secs] 
2014-03-10T14:22:05.589+0000: 547991.574: [GC2014-03-10T14:22:05.589+0000: 547991.574: [ParNew
Desired survivor size 8716288 bytes, new threshold 6 (max 6)
- age   1:    2539176 bytes,    2539176 total
- age   2:    1917464 bytes,    4456640 total
- age   3:    3023256 bytes,    7479896 total
: 146167K->9529K(153344K), 0.0149710 secs] 301886K->165248K(1181888K), 0.0151360 secs] [Times: user=0.03 sys=0.00, real=0.02 secs] 
2014-03-10T14:23:10.798+0000: 548056.783: [GC2014-03-10T14:23:10.799+0000: 548056.783: [ParNew
Desired survivor size 8716288 bytes, new threshold 1 (max 6)
- age   1:   13475480 bytes,   13475480 total
- age   2:    1101176 bytes,   14576656 total
- age   3:    1042528 bytes,   15619184 total
- age   4:    1810568 bytes,   17429752 total
: 145849K->17024K(153344K), 0.0470360 secs] 301568K->182383K(1181888K), 0.0472280 secs] [Times: user=0.10 sys=0.00, real=0.05 secs] 
2014-03-10T14:26:35.655+0000: 548261.640: [GC2014-03-10T14:26:35.655+0000: 548261.640: [ParNew
Desired survivor size 8716288 bytes, new threshold 6 (max 6)
- age   1:    3642048 bytes,    3642048 total
: 153344K->14603K(153344K), 0.0256340 secs] 318703K->192361K(1181888K), 0.0258050 secs] [Times: user=0.05 sys=0.00, real=0.02 secs] 
2014-03-10T14:28:24.289+0000: 548370.274: [GC2014-03-10T14:28:24.289+0000: 548370.274: [ParNew
Desired survivor size 8716288 bytes, new threshold 1 (max 6)
- age   1:   12147000 bytes,   12147000 total
- age   2:    2265696 bytes,   14412696 total
: 150923K->15808K(153344K), 0.0241540 secs] 328681K->193566K(1181888K), 0.0243420 secs] [Times: user=0.05 sys=0.00, real=0.02 secs] 
2014-03-10T14:30:48.582+0000: 548514.566: [GC2014-03-10T14:30:48.582+0000: 548514.566: [ParNew
Desired survivor size 8716288 bytes, new threshold 1 (max 6)
- age   1:    9151568 bytes,    9151568 total
: 152128K->11779K(153344K), 0.0269390 secs] 329886K->200241K(1181888K), 0.0271100 secs] [Times: user=0.06 sys=0.00, real=0.03 secs] 
2014-03-10T14:31:54.858+0000: 548580.843: [GC2014-03-10T14:31:54.858+0000: 548580.843: [ParNew
Desired survivor size 8716288 bytes, new threshold 6 (max 6)
- age   1:    6768176 bytes,    6768176 total
: 148099K->9793K(153344K), 0.0177870 secs] 336561K->204125K(1181888K), 0.0179630 secs] [Times: user=0.04 sys=0.00, real=0.02 secs] 
2014-03-10T14:32:20.495+0000: 548606.479: [GC2014-03-10T14:32:20.495+0000: 548606.480: [ParNew
Desired survivor size 8716288 bytes, new threshold 1 (max 6)
- age   1:    8767880 bytes,    8767880 total
- age   2:     660328 bytes,    9428208 total
: 146113K->14183K(153344K), 0.0159690 secs] 340445K->208514K(1181888K), 0.0161360 secs] [Times: user=0.03 sys=0.00, real=0.01 secs] 
2014-03-10T14:33:21.434+0000: 548667.419: [GC2014-03-10T14:33:21.434+0000: 548667.419: [ParNew
Desired survivor size 8716288 bytes, new threshold 6 (max 6)
- age   1:    5578592 bytes,    5578592 total
: 150503K->8836K(153344K), 0.0135760 secs] 344834K->205348K(1181888K), 0.0137520 secs] [Times: user=0.03 sys=0.00, real=0.02 secs] 
2014-03-10T14:36:40.575+0000: 548866.560: [GC2014-03-10T14:36:40.575+0000: 548866.560: [ParNew
Desired survivor size 8716288 bytes, new threshold 6 (max 6)
- age   1:    2282112 bytes,    2282112 total
- age   2:     624656 bytes,    2906768 total
: 145156K->4031K(153344K), 0.0117190 secs] 341668K->200543K(1181888K), 0.0118610 secs] [Times: user=0.01 sys=0.00, real=0.01 secs] 
2014-03-10T14:40:29.175+0000: 549095.159: [GC2014-03-10T14:40:29.175+0000: 549095.160: [ParNew
Desired survivor size 8716288 bytes, new threshold 6 (max 6)
- age   1:    2497312 bytes,    2497312 total
- age   2:    1873680 bytes,    4370992 total
- age   3:     623560 bytes,    4994552 total
: 140351K->6046K(153344K), 0.0154570 secs] 336863K->202557K(1181888K), 0.0156420 secs] [Times: user=0.03 sys=0.00, real=0.01 secs] 
2014-03-10T14:44:12.336+0000: 549318.321: [GC2014-03-10T14:44:12.336+0000: 549318.321: [ParNew
Desired survivor size 8716288 bytes, new threshold 6 (max 6)
- age   1:    2540624 bytes,    2540624 total
- age   2:    2127560 bytes,    4668184 total
- age   3:    1841656 bytes,    6509840 total
- age   4:     577728 bytes,    7087568 total
: 142366K->8702K(153344K), 0.0161840 secs] 338877K->205214K(1181888K), 0.0163440 secs] [Times: user=0.04 sys=0.00, real=0.01 secs] 
2014-03-10T14:47:47.033+0000: 549533.018: [GC2014-03-10T14:47:47.033+0000: 549533.018: [ParNew
Desired survivor size 8716288 bytes, new threshold 4 (max 6)
- age   1:    2735264 bytes,    2735264 total
- age   2:    2079528 bytes,    4814792 total
- age   3:    2116616 bytes,    6931408 total
- age   4:    1840384 bytes,    8771792 total
- age   5:     577320 bytes,    9349112 total
: 145022K->12475K(153344K), 0.0188340 secs] 341534K->208987K(1181888K), 0.0189970 secs] [Times: user=0.04 sys=0.00, real=0.02 secs] 
2014-03-10T14:51:00.338+0000: 549726.323: [GC2014-03-10T14:51:00.338+0000: 549726.323: [ParNew
Desired survivor size 8716288 bytes, new threshold 4 (max 6)
- age   1:    2578976 bytes,    2578976 total
- age   2:    2223056 bytes,    4802032 total
- age   3:    2078088 bytes,    6880120 total
- age   4:    2116072 bytes,    8996192 total
: 148795K->12516K(153344K), 0.0242030 secs] 345307K->211510K(1181888K), 0.0243920 secs] [Times: user=0.05 sys=0.00, real=0.03 secs] 
2014-03-10T14:54:36.832+0000: 549942.816: [GC2014-03-10T14:54:36.832+0000: 549942.816: [ParNew
Desired survivor size 8716288 bytes, new threshold 4 (max 6)
- age   1:    2519832 bytes,    2519832 total
- age   2:    2058344 bytes,    4578176 total
- age   3:    2135104 bytes,    6713280 total
- age   4:    2077264 bytes,    8790544 total
: 148836K->12910K(153344K), 0.0234390 secs] 347830K->214079K(1181888K), 0.0235910 secs] [Times: user=0.04 sys=0.00, real=0.03 secs] 
2014-03-10T14:58:02.756+0000: 550148.741: [GC2014-03-10T14:58:02.756+0000: 550148.741: [ParNew
Desired survivor size 8716288 bytes, new threshold 4 (max 6)
- age   1:    2564728 bytes,    2564728 total
- age   2:    2009896 bytes,    4574624 total
- age   3:    2055544 bytes,    6630168 total
- age   4:    2133080 bytes,    8763248 total
: 149230K->12856K(153344K), 0.0231060 secs] 350399K->216159K(1181888K), 0.0232710 secs] [Times: user=0.05 sys=0.00, real=0.02 secs] 
2014-03-10T15:01:34.757+0000: 550360.741: [GC2014-03-10T15:01:34.757+0000: 550360.742: [ParNew
Desired survivor size 8716288 bytes, new threshold 4 (max 6)
- age   1:    2852424 bytes,    2852424 total
- age   2:    1890816 bytes,    4743240 total
- age   3:    1990528 bytes,    6733768 total
- age   4:    2038848 bytes,    8772616 total
: 149176K->12907K(153344K), 0.0263030 secs] 352479K->218397K(1181888K), 0.0264920 secs] [Times: user=0.04 sys=0.00, real=0.03 secs] 
2014-03-10T15:04:32.379+0000: 550538.364: [GC2014-03-10T15:04:32.379+0000: 550538.364: [ParNew
Desired survivor size 8716288 bytes, new threshold 4 (max 6)
- age   1:    4125840 bytes,    4125840 total
- age   2:    2296368 bytes,    6422208 total
- age   3:    1888152 bytes,    8310360 total
- age   4:    1989472 bytes,   10299832 total
: 149227K->16560K(153344K), 0.0233150 secs] 354717K->223898K(1181888K), 0.0234810 secs] [Times: user=0.05 sys=0.00, real=0.03 secs] 
2014-03-10T15:06:37.960+0000: 550663.945: [GC2014-03-10T15:06:37.960+0000: 550663.945: [ParNew
Desired survivor size 8716288 bytes, new threshold 4 (max 6)
- age   1:    2037304 bytes,    2037304 total
- age   2:    3615576 bytes,    5652880 total
- age   3:    2177632 bytes,    7830512 total
- age   4:    1887120 bytes,    9717632 total
: 152880K->14405K(153344K), 0.0229990 secs] 360218K->223788K(1181888K), 0.0231550 secs] [Times: user=0.05 sys=0.00, real=0.03 secs] 
2014-03-10T15:10:00.909+0000: 550866.894: [GC2014-03-10T15:10:00.909+0000: 550866.894: [ParNew
Desired survivor size 8716288 bytes, new threshold 6 (max 6)
- age   1:    2413080 bytes,    2413080 total
- age   2:    1391944 bytes,    3805024 total
- age   3:    1711896 bytes,    5516920 total
- age   4:    2176760 bytes,    7693680 total
: 150725K->13962K(153344K), 0.0217670 secs] 360108K->225286K(1181888K), 0.0219330 secs] [Times: user=0.04 sys=0.00, real=0.02 secs] 
2014-03-10T15:13:25.909+0000: 551071.894: [GC2014-03-10T15:13:25.909+0000: 551071.894: [ParNew
Desired survivor size 8716288 bytes, new threshold 5 (max 6)
- age   1:    2581008 bytes,    2581008 total
- age   2:    1890136 bytes,    4471144 total
- age   3:    1377064 bytes,    5848208 total
- age   4:    1657600 bytes,    7505808 total
- age   5:    2175304 bytes,    9681112 total
: 150282K->10498K(153344K), 0.0193900 secs] 361606K->221821K(1181888K), 0.0195680 secs] [Times: user=0.04 sys=0.00, real=0.02 secs] 
2014-03-10T15:16:13.985+0000: 551239.970: [GC2014-03-10T15:16:13.985+0000: 551239.970: [ParNew
Desired survivor size 8716288 bytes, new threshold 4 (max 6)
- age   1:    4158216 bytes,    4158216 total
- age   2:    1962328 bytes,    6120544 total
- age   3:    1888592 bytes,    8009136 total
- age   4:    1375840 bytes,    9384976 total
- age   5:    1656056 bytes,   11041032 total
: 146818K->16331K(153344K), 0.0272620 secs] 358141K->229687K(1181888K), 0.0274650 secs] [Times: user=0.05 sys=0.00, real=0.02 secs] 
2014-03-10T15:19:54.596+0000: 551460.581: [GC2014-03-10T15:19:54.596+0000: 551460.581: [ParNew
Desired survivor size 8716288 bytes, new threshold 6 (max 6)
- age   1:    2555104 bytes,    2555104 total
- age   2:    1806248 bytes,    4361352 total
- age   3:    1892496 bytes,    6253848 total
- age   4:    1887424 bytes,    8141272 total
: 152651K->10090K(153344K), 0.0252380 secs] 366007K->226567K(1181888K), 0.0254060 secs] [Times: user=0.05 sys=0.00, real=0.02 secs] 
2014-03-10T15:23:09.909+0000: 551655.894: [GC2014-03-10T15:23:09.909+0000: 551655.894: [ParNew
Desired survivor size 8716288 bytes, new threshold 4 (max 6)
- age   1:    3994896 bytes,    3994896 total
- age   2:    2143776 bytes,    6138672 total
- age   3:    1800096 bytes,    7938768 total
- age   4:    1890936 bytes,    9829704 total
- age   5:    1886376 bytes,   11716080 total
: 146410K->16770K(153344K), 0.0213380 secs] 362887K->233247K(1181888K), 0.0215180 secs] [Times: user=0.05 sys=0.00, real=0.02 secs] 
2014-03-10T15:26:20.909+0000: 551846.894: [GC2014-03-10T15:26:20.909+0000: 551846.894: [ParNew
Desired survivor size 8716288 bytes, new threshold 3 (max 6)
- age   1:    3792352 bytes,    3792352 total
- age   2:    3567128 bytes,    7359480 total
- age   3:    2036896 bytes,    9396376 total
- age   4:    1753456 bytes,   11149832 total
: 153090K->17024K(153344K), 0.0299630 secs] 369567K->237615K(1181888K), 0.0301350 secs] [Times: user=0.06 sys=0.00, real=0.03 secs] 
2014-03-10T15:27:19.064+0000: 551905.049: [GC2014-03-10T15:27:19.064+0000: 551905.049: [ParNew
Desired survivor size 8716288 bytes, new threshold 1 (max 6)
- age   1:   13326256 bytes,   13326256 total
- age   2:    2550472 bytes,   15876728 total
- age   3:    1554456 bytes,   17431184 total
: 153344K->17024K(153344K), 0.0468050 secs] 373935K->247770K(1181888K), 0.0469870 secs] [Times: user=0.10 sys=0.00, real=0.04 secs] 
2014-03-10T15:29:41.657+0000: 552047.642: [GC2014-03-10T15:29:41.657+0000: 552047.642: [ParNew
Desired survivor size 8716288 bytes, new threshold 6 (max 6)
- age   1:    3344568 bytes,    3344568 total
: 153344K->15897K(153344K), 0.0257900 secs] 384090K->257861K(1181888K), 0.0259670 secs] [Times: user=0.05 sys=0.00, real=0.03 secs] 
2014-03-10T15:32:25.878+0000: 552211.863: [GC2014-03-10T15:32:25.878+0000: 552211.863: [ParNew
Desired survivor size 8716288 bytes, new threshold 6 (max 6)
- age   1:    2057864 bytes,    2057864 total
- age   2:    2005208 bytes,    4063072 total
: 152217K->4628K(153344K), 0.0133670 secs] 394181K->246591K(1181888K), 0.0135070 secs] [Times: user=0.02 sys=0.00, real=0.01 secs] 
2014-03-10T15:35:13.244+0000: 552379.229: [GC2014-03-10T15:35:13.244+0000: 552379.229: [ParNew
Desired survivor size 8716288 bytes, new threshold 6 (max 6)
- age   1:    3999600 bytes,    3999600 total
- age   2:    1586704 bytes,    5586304 total
- age   3:    1983760 bytes,    7570064 total
: 140948K->10073K(153344K), 0.0144230 secs] 382911K->252036K(1181888K), 0.0145730 secs] [Times: user=0.03 sys=0.00, real=0.01 secs] 
2014-03-10T15:38:57.316+0000: 552603.300: [GC2014-03-10T15:38:57.316+0000: 552603.301: [ParNew
Desired survivor size 8716288 bytes, new threshold 6 (max 6)
- age   1:    2453520 bytes,    2453520 total
- age   2:    1550296 bytes,    4003816 total
- age   3:    1570072 bytes,    5573888 total
- age   4:    1982344 bytes,    7556232 total
: 146393K->9608K(153344K), 0.0168130 secs] 388356K->251571K(1181888K), 0.0169640 secs] [Times: user=0.03 sys=0.00, real=0.01 secs] 
2014-03-10T15:42:47.805+0000: 552833.790: [GC2014-03-10T15:42:47.805+0000: 552833.790: [ParNew
Desired survivor size 8716288 bytes, new threshold 5 (max 6)
- age   1:    2589744 bytes,    2589744 total
- age   2:    2063272 bytes,    4653016 total
- age   3:    1545960 bytes,    6198976 total
- age   4:    1523552 bytes,    7722528 total
- age   5:    1981464 bytes,    9703992 total
: 145928K->14100K(153344K), 0.0186730 secs] 387891K->256064K(1181888K), 0.0188430 secs] [Times: user=0.04 sys=0.00, real=0.02 secs] 
2014-03-10T15:46:17.874+0000: 553043.859: [GC2014-03-10T15:46:17.874+0000: 553043.859: [ParNew
Desired survivor size 8716288 bytes, new threshold 5 (max 6)
- age   1:    2801960 bytes,    2801960 total
- age   2:    2188456 bytes,    4990416 total
- age   3:    2061072 bytes,    7051488 total
- age   4:    1542416 bytes,    8593904 total
- age   5:    1522368 bytes,   10116272 total
: 150420K->13316K(153344K), 0.0231610 secs] 392384K->257282K(1181888K), 0.0233480 secs] [Times: user=0.05 sys=0.00, real=0.03 secs] 
2014-03-10T15:49:43.714+0000: 553249.699: [GC2014-03-10T15:49:43.714+0000: 553249.699: [ParNew
Desired survivor size 8716288 bytes, new threshold 4 (max 6)
- age   1:    2312192 bytes,    2312192 total
- age   2:    2309344 bytes,    4621536 total
- age   3:    2177928 bytes,    6799464 total
- age   4:    2060808 bytes,    8860272 total
- age   5:    1540232 bytes,   10400504 total
: 149636K->17024K(153344K), 0.0252740 secs] 393602K->262855K(1181888K), 0.0254500 secs] [Times: user=0.04 sys=0.00, real=0.02 secs] 
2014-03-10T15:53:00.209+0000: 553446.194: [GC2014-03-10T15:53:00.209+0000: 553446.194: [ParNew
Desired survivor size 8716288 bytes, new threshold 4 (max 6)
- age   1:    2421280 bytes,    2421280 total
- age   2:    1940312 bytes,    4361592 total
- age   3:    2289256 bytes,    6650848 total
- age   4:    2177592 bytes,    8828440 total
: 153344K->12641K(153344K), 0.0268330 secs] 399175K->262173K(1181888K), 0.0270000 secs] [Times: user=0.05 sys=0.00, real=0.03 secs] 
2014-03-10T15:55:02.607+0000: 553568.591: [GC2014-03-10T15:55:02.607+0000: 553568.592: [ParNew
Desired survivor size 8716288 bytes, new threshold 6 (max 6)
- age   1:    2444960 bytes,    2444960 total
- age   2:    1872944 bytes,    4317904 total
- age   3:    1927296 bytes,    6245200 total
- age   4:    2275648 bytes,    8520848 total
: 148961K->12111K(153344K), 0.0226380 secs] 398493K->263880K(1181888K), 0.0228340 secs] [Times: user=0.05 sys=0.00, real=0.02 secs] 
2014-03-10T15:58:29.778+0000: 553775.763: [GC2014-03-10T15:58:29.778+0000: 553775.763: [ParNew
Desired survivor size 8716288 bytes, new threshold 5 (max 6)
- age   1:    2533136 bytes,    2533136 total
- age   2:    1729472 bytes,    4262608 total
- age   3:    1796400 bytes,    6059008 total
- age   4:    1926496 bytes,    7985504 total
- age   5:    2272256 bytes,   10257760 total
: 148431K->16063K(153344K), 0.0194520 secs] 400200K->267832K(1181888K), 0.0196100 secs] [Times: user=0.04 sys=0.00, real=0.02 secs] 
2014-03-10T16:02:26.897+0000: 554012.882: [GC2014-03-10T16:02:26.897+0000: 554012.882: [ParNew
Desired survivor size 8716288 bytes, new threshold 5 (max 6)
- age   1:    2554264 bytes,    2554264 total
- age   2:    2065152 bytes,    4619416 total
- age   3:    1153624 bytes,    5773040 total
- age   4:    1794768 bytes,    7567808 total
- age   5:    1925952 bytes,    9493760 total
: 152383K->13914K(153344K), 0.0238720 secs] 404152K->267848K(1181888K), 0.0240350 secs] [Times: user=0.05 sys=0.00, real=0.02 secs] 
2014-03-10T16:03:28.075+0000: 554074.060: [GC2014-03-10T16:03:28.075+0000: 554074.060: [ParNew
Desired survivor size 8716288 bytes, new threshold 1 (max 6)
- age   1:   12537704 bytes,   12537704 total
- age   2:    1585344 bytes,   14123048 total
- age   3:    1354920 bytes,   15477968 total
- age   4:     757952 bytes,   16235920 total
- age   5:    1195592 bytes,   17431512 total
: 150234K->17024K(153344K), 0.0516360 secs] 404168K->283628K(1181888K), 0.0518290 secs] [Times: user=0.11 sys=0.00, real=0.05 secs] 
2014-03-10T16:05:33.983+0000: 554199.968: [GC2014-03-10T16:05:33.983+0000: 554199.968: [ParNew
Desired survivor size 8716288 bytes, new threshold 6 (max 6)
- age   1:    3564736 bytes,    3564736 total
: 153344K->15463K(153344K), 0.0287640 secs] 419948K->294192K(1181888K), 0.0289270 secs] [Times: user=0.06 sys=0.00, real=0.02 secs] 
2014-03-10T16:06:21.118+0000: 554247.103: [GC2014-03-10T16:06:21.118+0000: 554247.103: [ParNew
Desired survivor size 8716288 bytes, new threshold 1 (max 6)
- age   1:    8762784 bytes,    8762784 total
- age   2:    2047512 bytes,   10810296 total
: 151783K->14195K(153344K), 0.0165770 secs] 430512K->292925K(1181888K), 0.0167450 secs] [Times: user=0.04 sys=0.00, real=0.02 secs] 
2014-03-10T16:07:59.450+0000: 554345.434: [GC2014-03-10T16:07:59.450+0000: 554345.434: [ParNew
Desired survivor size 8716288 bytes, new threshold 6 (max 6)
- age   1:    6643568 bytes,    6643568 total
: 150515K->9175K(153344K), 0.0181010 secs] 429245K->290863K(1181888K), 0.0182830 secs] [Times: user=0.04 sys=0.00, real=0.02 secs] 
2014-03-10T16:09:24.718+0000: 554430.703: [GC2014-03-10T16:09:24.718+0000: 554430.703: [ParNew
Desired survivor size 8716288 bytes, new threshold 1 (max 6)
- age   1:   15533688 bytes,   15533688 total
- age   2:     934584 bytes,   16468272 total
: 145495K->17024K(153344K), 0.0283810 secs] 427183K->299752K(1181888K), 0.0285600 secs] [Times: user=0.06 sys=0.00, real=0.03 secs] 
2014-03-10T16:11:46.100+0000: 554572.085: [GC2014-03-10T16:11:46.100+0000: 554572.085: [ParNew
Desired survivor size 8716288 bytes, new threshold 1 (max 6)
- age   1:    9313040 bytes,    9313040 total
: 153344K->14022K(153344K), 0.0292810 secs] 436072K->307645K(1181888K), 0.0294590 secs] [Times: user=0.06 sys=0.00, real=0.03 secs] 
2014-03-10T16:13:36.219+0000: 554682.203: [GC2014-03-10T16:13:36.219+0000: 554682.203: [ParNew
Desired survivor size 8716288 bytes, new threshold 6 (max 6)
- age   1:    5777056 bytes,    5777056 total
: 150342K->10629K(153344K), 0.0172570 secs] 443965K->309264K(1181888K), 0.0174160 secs] [Times: user=0.04 sys=0.00, real=0.02 secs] 
2014-03-10T16:17:04.150+0000: 554890.135: [GC2014-03-10T16:17:04.150+0000: 554890.135: [ParNew
Desired survivor size 8716288 bytes, new threshold 6 (max 6)
- age   1:    2352712 bytes,    2352712 total
- age   2:    1037992 bytes,    3390704 total
: 146949K->4579K(153344K), 0.0133490 secs] 445584K->303214K(1181888K), 0.0135300 secs] [Times: user=0.02 sys=0.00, real=0.02 secs] 
2014-03-10T16:20:25.485+0000: 555091.469: [GC2014-03-10T16:20:25.485+0000: 555091.469: [ParNew
Desired survivor size 8716288 bytes, new threshold 6 (max 6)
- age   1:    2756728 bytes,    2756728 total
- age   2:    2001528 bytes,    4758256 total
- age   3:    1036384 bytes,    5794640 total
: 140899K->7198K(153344K), 0.0137800 secs] 439534K->305833K(1181888K), 0.0139120 secs] [Times: user=0.03 sys=0.00, real=0.01 secs] 
2014-03-10T16:24:11.388+0000: 555317.373: [GC2014-03-10T16:24:11.388+0000: 555317.373: [ParNew
Desired survivor size 8716288 bytes, new threshold 6 (max 6)
- age   1:    2497528 bytes,    2497528 total
- age   2:    2137848 bytes,    4635376 total
- age   3:    1935128 bytes,    6570504 total
- age   4:    1036008 bytes,    7606512 total
: 143518K->9899K(153344K), 0.0163840 secs] 442153K->308534K(1181888K), 0.0165430 secs] [Times: user=0.04 sys=0.00, real=0.02 secs] 
2014-03-10T16:26:10.228+0000: 555436.213: [GC2014-03-10T16:26:10.228+0000: 555436.213: [ParNew
Desired survivor size 8716288 bytes, new threshold 1 (max 6)
- age   1:   10553312 bytes,   10553312 total
- age   2:    2090984 bytes,   12644296 total
- age   3:    1834312 bytes,   14478608 total
- age   4:    1923008 bytes,   16401616 total
- age   5:    1027808 bytes,   17429424 total
: 146219K->17024K(153344K), 0.0342360 secs] 444854K->319067K(1181888K), 0.0344450 secs] [Times: user=0.08 sys=0.00, real=0.04 secs] 
2014-03-10T16:27:02.780+0000: 555488.765: [GC2014-03-10T16:27:02.780+0000: 555488.765: [ParNew
Desired survivor size 8716288 bytes, new threshold 1 (max 6)
- age   1:   13448144 bytes,   13448144 total
: 153344K->17024K(153344K), 0.0482940 secs] 455387K->332268K(1181888K), 0.0484770 secs] [Times: user=0.10 sys=0.00, real=0.05 secs] 
2014-03-10T16:29:34.888+0000: 555640.873: [GC2014-03-10T16:29:34.888+0000: 555640.873: [ParNew
Desired survivor size 8716288 bytes, new threshold 6 (max 6)
- age   1:    4542288 bytes,    4542288 total
: 153344K->13922K(153344K), 0.0187570 secs] 468588K->336808K(1181888K), 0.0189200 secs] [Times: user=0.04 sys=0.00, real=0.02 secs] 
2014-03-10T16:30:41.169+0000: 555707.153: [GC2014-03-10T16:30:41.169+0000: 555707.153: [ParNew
Desired survivor size 8716288 bytes, new threshold 6 (max 6)
- age   1:    6788248 bytes,    6788248 total
- age   2:    1791704 bytes,    8579952 total
: 150242K->9319K(153344K), 0.0127480 secs] 473128K->332205K(1181888K), 0.0129080 secs] [Times: user=0.03 sys=0.00, real=0.01 secs] 
2014-03-10T16:31:30.155+0000: 555756.140: [GC2014-03-10T16:31:30.155+0000: 555756.140: [ParNew
Desired survivor size 8716288 bytes, new threshold 6 (max 6)
- age   1:    1250296 bytes,    1250296 total
- age   2:     684032 bytes,    1934328 total
- age   3:    1790384 bytes,    3724712 total
: 145639K->7518K(153344K), 0.0119270 secs] 468525K->330404K(1181888K), 0.0120690 secs] [Times: user=0.03 sys=0.00, real=0.01 secs] 
2014-03-10T16:33:20.406+0000: 555866.391: [GC2014-03-10T16:33:20.407+0000: 555866.391: [ParNew
Desired survivor size 8716288 bytes, new threshold 1 (max 6)
- age   1:   14922008 bytes,   14922008 total
- age   2:     459760 bytes,   15381768 total
- age   3:     635968 bytes,   16017736 total
- age   4:    1410944 bytes,   17428680 total
: 143838K->17024K(153344K), 0.0304380 secs] 466724K->341428K(1181888K), 0.0306190 secs] [Times: user=0.06 sys=0.00, real=0.03 secs] 
2014-03-10T16:36:24.019+0000: 556050.003: [GC2014-03-10T16:36:24.019+0000: 556050.004: [ParNew
Desired survivor size 8716288 bytes, new threshold 6 (max 6)
- age   1:    6193504 bytes,    6193504 total
: 153344K->13815K(153344K), 0.0285950 secs] 477748K->351566K(1181888K), 0.0287700 secs] [Times: user=0.06 sys=0.00, real=0.03 secs] 
2014-03-10T16:40:04.163+0000: 556270.148: [GC2014-03-10T16:40:04.163+0000: 556270.148: [ParNew
Desired survivor size 8716288 bytes, new threshold 6 (max 6)
- age   1:    2418472 bytes,    2418472 total
- age   2:    3810864 bytes,    6229336 total
: 150135K->8407K(153344K), 0.0138220 secs] 487886K->346158K(1181888K), 0.0139710 secs] [Times: user=0.03 sys=0.00, real=0.01 secs] 
2014-03-10T16:41:04.169+0000: 556330.154: [GC2014-03-10T16:41:04.169+0000: 556330.154: [ParNew
Desired survivor size 8716288 bytes, new threshold 1 (max 6)
- age   1:   13129608 bytes,   13129608 total
- age   2:    1739752 bytes,   14869360 total
- age   3:    2561280 bytes,   17430640 total
: 144727K->17024K(153344K), 0.0255400 secs] 482478K->359181K(1181888K), 0.0256990 secs] [Times: user=0.06 sys=0.00, real=0.03 secs] 
2014-03-10T16:44:48.196+0000: 556554.181: [GC2014-03-10T16:44:48.196+0000: 556554.181: [ParNew
Desired survivor size 8716288 bytes, new threshold 6 (max 6)
- age   1:    2513784 bytes,    2513784 total
: 153344K->14412K(153344K), 0.0291620 secs] 495501K->373720K(1181888K), 0.0293220 secs] [Times: user=0.06 sys=0.00, real=0.03 secs] 
2014-03-10T16:47:49.307+0000: 556735.292: [GC2014-03-10T16:47:49.307+0000: 556735.292: [ParNew
Desired survivor size 8716288 bytes, new threshold 6 (max 6)
- age   1:    2410128 bytes,    2410128 total
- age   2:    2121464 bytes,    4531592 total
: 150732K->8284K(153344K), 0.0131340 secs] 510040K->367592K(1181888K), 0.0132620 secs] [Times: user=0.03 sys=0.00, real=0.01 secs] 
2014-03-10T16:51:35.728+0000: 556961.712: [GC2014-03-10T16:51:35.728+0000: 556961.713: [ParNew
Desired survivor size 8716288 bytes, new threshold 6 (max 6)
- age   1:    2532216 bytes,    2532216 total
- age   2:    1701888 bytes,    4234104 total
- age   3:    2119704 bytes,    6353808 total
: 144603K->7785K(153344K), 0.0147120 secs] 503911K->367094K(1181888K), 0.0148810 secs] [Times: user=0.03 sys=0.00, real=0.02 secs] 
2014-03-10T16:55:30.228+0000: 557196.213: [GC2014-03-10T16:55:30.228+0000: 557196.213: [ParNew
Desired survivor size 8716288 bytes, new threshold 6 (max 6)
- age   1:    2569928 bytes,    2569928 total
- age   2:    2124512 bytes,    4694440 total
- age   3:    1691216 bytes,    6385656 total
- age   4:    2119272 bytes,    8504928 total
: 144105K->10467K(153344K), 0.0176200 secs] 503414K->369776K(1181888K), 0.0177780 secs] [Times: user=0.04 sys=0.00, real=0.02 secs] 
2014-03-10T16:59:17.684+0000: 557423.669: [GC2014-03-10T16:59:17.684+0000: 557423.669: [ParNew
Desired survivor size 8716288 bytes, new threshold 5 (max 6)
- age   1:    2572360 bytes,    2572360 total
- age   2:    2168520 bytes,    4740880 total
- age   3:    2121768 bytes,    6862648 total
- age   4:    1690720 bytes,    8553368 total
- age   5:    2119080 bytes,   10672448 total
: 146787K->15016K(153344K), 0.0201850 secs] 506096K->374325K(1181888K), 0.0203340 secs] [Times: user=0.04 sys=0.00, real=0.02 secs] 
2014-03-10T17:00:18.825+0000: 557484.809: [GC2014-03-10T17:00:18.825+0000: 557484.810: [ParNew
Desired survivor size 8716288 bytes, new threshold 1 (max 6)
- age   1:    9638136 bytes,    9638136 total
- age   2:    2098248 bytes,   11736384 total
- age   3:    2153512 bytes,   13889896 total
- age   4:    2072648 bytes,   15962544 total
- age   5:    1467984 bytes,   17430528 total
: 151336K->17024K(153344K), 0.0550890 secs] 510645K->390609K(1184384K), 0.0552630 secs] [Times: user=0.12 sys=0.00, real=0.05 secs] 
2014-03-10T17:01:44.183+0000: 557570.168: [GC2014-03-10T17:01:44.183+0000: 557570.168: [ParNew
Desired survivor size 8716288 bytes, new threshold 1 (max 6)
- age   1:   11342088 bytes,   11342088 total
: 153344K->15612K(153344K), 0.0506880 secs] 526929K->400806K(1187072K), 0.0508870 secs] [Times: user=0.09 sys=0.01, real=0.04 secs] 
2014-03-10T17:05:17.967+0000: 557783.951: [GC2014-03-10T17:05:17.967+0000: 557783.951: [ParNew
Desired survivor size 8716288 bytes, new threshold 6 (max 6)
- age   1:    3069488 bytes,    3069488 total
: 151932K->12024K(153344K), 0.0179610 secs] 537126K->402639K(1191104K), 0.0181270 secs] [Times: user=0.03 sys=0.01, real=0.02 secs] 
2014-03-10T17:08:50.284+0000: 557996.269: [GC2014-03-10T17:08:50.284+0000: 557996.269: [ParNew
Desired survivor size 8716288 bytes, new threshold 6 (max 6)
- age   1:    2358712 bytes,    2358712 total
- age   2:    1996632 bytes,    4355344 total
: 148344K->7387K(153344K), 0.0131940 secs] 538959K->398002K(1191104K), 0.0133450 secs] [Times: user=0.03 sys=0.00, real=0.01 secs] 
2014-03-10T17:09:54.773+0000: 558060.758: [GC2014-03-10T17:09:54.773+0000: 558060.758: [ParNew
Desired survivor size 8716288 bytes, new threshold 1 (max 6)
- age   1:   13467256 bytes,   13467256 total
- age   2:    1984368 bytes,   15451624 total
- age   3:    1976424 bytes,   17428048 total
: 143707K->17024K(153344K), 0.0248130 secs] 534322K->410320K(1192640K), 0.0249880 secs] [Times: user=0.05 sys=0.00, real=0.03 secs] 
2014-03-10T17:10:49.774+0000: 558115.759: [GC2014-03-10T17:10:49.774+0000: 558115.759: [ParNew
Desired survivor size 8716288 bytes, new threshold 6 (max 6)
- age   1:    6839440 bytes,    6839440 total
: 153344K->14018K(153344K), 0.0325300 secs] 546640K->420704K(1200320K), 0.0326940 secs] [Times: user=0.04 sys=0.02, real=0.03 secs] 
2014-03-10T17:13:56.588+0000: 558302.572: [GC2014-03-10T17:13:56.588+0000: 558302.573: [ParNew
Desired survivor size 8716288 bytes, new threshold 6 (max 6)
- age   1:    2323992 bytes,    2323992 total
- age   2:    1250272 bytes,    3574264 total
: 150338K->5862K(153344K), 0.0121030 secs] 557024K->412548K(1200320K), 0.0122510 secs] [Times: user=0.03 sys=0.00, real=0.01 secs] 
2014-03-10T17:14:50.412+0000: 558356.397: [GC2014-03-10T17:14:50.412+0000: 558356.397: [ParNew
Desired survivor size 8716288 bytes, new threshold 1 (max 6)
- age   1:   14983368 bytes,   14983368 total
- age   2:    1849272 bytes,   16832640 total
- age   3:     547600 bytes,   17380240 total
: 142181K->17024K(153344K), 0.0222430 secs] 548868K->424738K(1200512K), 0.0224260 secs] [Times: user=0.04 sys=0.00, real=0.03 secs] 
2014-03-10T17:16:00.538+0000: 558426.523: [GC2014-03-10T17:16:00.538+0000: 558426.523: [ParNew
Desired survivor size 8716288 bytes, new threshold 6 (max 6)
- age   1:    6778992 bytes,    6778992 total
: 153344K->13973K(153344K), 0.0306150 secs] 561058K->433786K(1208576K), 0.0307940 secs] [Times: user=0.05 sys=0.01, real=0.03 secs] 
2014-03-10T17:17:09.774+0000: 558495.758: [GC2014-03-10T17:17:09.774+0000: 558495.759: [ParNew
Desired survivor size 8716288 bytes, new threshold 6 (max 6)
- age   1:    6835840 bytes,    6835840 total
- age   2:     657864 bytes,    7493704 total
: 150293K->11825K(153344K), 0.0120590 secs] 570106K->431639K(1208576K), 0.0122430 secs] [Times: user=0.02 sys=0.00, real=0.02 secs] 
2014-03-10T17:18:01.746+0000: 558547.731: [GC2014-03-10T17:18:01.746+0000: 558547.731: [ParNew
Desired survivor size 8716288 bytes, new threshold 6 (max 6)
- age   1:    6697120 bytes,    6697120 total
- age   2:     716536 bytes,    7413656 total
- age   3:     657480 bytes,    8071136 total
: 148145K->10442K(153344K), 0.0126580 secs] 567959K->430256K(1208576K), 0.0128350 secs] [Times: user=0.03 sys=0.00, real=0.01 secs] 
2014-03-10T17:21:08.331+0000: 558734.315: [GC2014-03-10T17:21:08.331+0000: 558734.315: [ParNew
Desired survivor size 8716288 bytes, new threshold 6 (max 6)
- age   1:    2189856 bytes,    2189856 total
- age   2:     483040 bytes,    2672896 total
- age   3:     658224 bytes,    3331120 total
- age   4:     656544 bytes,    3987664 total
: 146762K->6624K(153344K), 0.0132840 secs] 566576K->426437K(1208576K), 0.0134490 secs] [Times: user=0.03 sys=0.00, real=0.02 secs] 
2014-03-10T17:25:08.996+0000: 558974.981: [GC2014-03-10T17:25:08.996+0000: 558974.981: [ParNew
Desired survivor size 8716288 bytes, new threshold 6 (max 6)
- age   1:    2560848 bytes,    2560848 total
- age   2:    1769928 bytes,    4330776 total
- age   3:     483040 bytes,    4813816 total
- age   4:     657696 bytes,    5471512 total
- age   5:     656304 bytes,    6127816 total
: 142944K->7573K(153344K), 0.0146370 secs] 562757K->427386K(1208576K), 0.0148120 secs] [Times: user=0.03 sys=0.00, real=0.01 secs] 
2014-03-10T17:26:22.979+0000: 559048.964: [GC2014-03-10T17:26:22.979+0000: 559048.964: [ParNew
Desired survivor size 8716288 bytes, new threshold 1 (max 6)
- age   1:   13053960 bytes,   13053960 total
- age   2:    1555528 bytes,   14609488 total
- age   3:    1246656 bytes,   15856144 total
- age   4:     428816 bytes,   16284960 total
- age   5:     495856 bytes,   16780816 total
- age   6:     648104 bytes,   17428920 total
: 143893K->17024K(153344K), 0.0454810 secs] 563706K->445257K(1213760K), 0.0456570 secs] [Times: user=0.10 sys=0.00, real=0.05 secs] 
2014-03-10T17:27:08.142+0000: 559094.127: [GC2014-03-10T17:27:08.142+0000: 559094.127: [ParNew
Desired survivor size 8716288 bytes, new threshold 6 (max 6)
- age   1:    7477056 bytes,    7477056 total
: 153344K->14732K(153344K), 0.0321280 secs] 581577K->453885K(1219136K), 0.0322970 secs] [Times: user=0.05 sys=0.00, real=0.03 secs] 
2014-03-10T17:27:59.042+0000: 559145.027: [GC2014-03-10T17:27:59.043+0000: 559145.027: [ParNew
Desired survivor size 8716288 bytes, new threshold 6 (max 6)
- age   1:    6772992 bytes,    6772992 total
- age   2:    1170016 bytes,    7943008 total
: 151052K->12624K(153344K), 0.0142920 secs] 590205K->451777K(1219136K), 0.0144800 secs] [Times: user=0.03 sys=0.00, real=0.01 secs] 
2014-03-10T17:31:06.834+0000: 559332.819: [GC2014-03-10T17:31:06.834+0000: 559332.819: [ParNew
Desired survivor size 8716288 bytes, new threshold 2 (max 6)
- age   1:    5879248 bytes,    5879248 total
- age   2:    4601272 bytes,   10480520 total
- age   3:    1156248 bytes,   11636768 total
: 148944K->12656K(153344K), 0.0190490 secs] 588097K->451809K(1219136K), 0.0192290 secs] [Times: user=0.03 sys=0.00, real=0.01 secs] 
2014-03-10T17:31:28.017+0000: 559354.001: [GC2014-03-10T17:31:28.017+0000: 559354.001: [ParNew
Desired survivor size 8716288 bytes, new threshold 1 (max 6)
- age   1:    9126808 bytes,    9126808 total
- age   2:    1800424 bytes,   10927232 total
: 148976K->17024K(153344K), 0.0250990 secs] 588129K->458489K(1219904K), 0.0252720 secs] [Times: user=0.05 sys=0.00, real=0.02 secs] 
2014-03-10T17:32:19.696+0000: 559405.681: [GC2014-03-10T17:32:19.696+0000: 559405.681: [ParNew
Desired survivor size 8716288 bytes, new threshold 1 (max 6)
- age   1:   13889384 bytes,   13889384 total
: 153344K->17024K(153344K), 0.0341820 secs] 594809K->465796K(1223360K), 0.0343610 secs] [Times: user=0.08 sys=0.00, real=0.03 secs] 
2014-03-10T17:33:15.654+0000: 559461.639: [GC2014-03-10T17:33:15.654+0000: 559461.639: [ParNew
Desired survivor size 8716288 bytes, new threshold 1 (max 6)
- age   1:    9453152 bytes,    9453152 total
: 153344K->13375K(153344K), 0.0266600 secs] 602116K->468300K(1228544K), 0.0268440 secs] [Times: user=0.05 sys=0.00, real=0.02 secs] 
2014-03-10T17:33:53.223+0000: 559499.208: [GC2014-03-10T17:33:53.223+0000: 559499.208: [ParNew
Desired survivor size 8716288 bytes, new threshold 1 (max 6)
- age   1:    9484992 bytes,    9484992 total
: 149695K->15107K(153344K), 0.0213380 secs] 604620K->470693K(1228544K), 0.0215260 secs] [Times: user=0.05 sys=0.00, real=0.02 secs] 
2014-03-10T17:34:46.847+0000: 559552.831: [GC2014-03-10T17:34:46.847+0000: 559552.831: [ParNew
Desired survivor size 8716288 bytes, new threshold 1 (max 6)
- age   1:   10083112 bytes,   10083112 total
: 151427K->11935K(153344K), 0.0215990 secs] 607013K->467898K(1228544K), 0.0217850 secs] [Times: user=0.04 sys=0.00, real=0.02 secs] 
2014-03-10T17:36:52.945+0000: 559678.930: [GC2014-03-10T17:36:52.945+0000: 559678.930: [ParNew
Desired survivor size 8716288 bytes, new threshold 6 (max 6)
- age   1:    1882224 bytes,    1882224 total
: 148255K->8768K(153344K), 0.0116270 secs] 604218K->465279K(1228544K), 0.0117610 secs] [Times: user=0.02 sys=0.00, real=0.01 secs] 
2014-03-10T17:40:47.001+0000: 559912.986: [GC2014-03-10T17:40:47.001+0000: 559912.986: [ParNew
Desired survivor size 8716288 bytes, new threshold 6 (max 6)
- age   1:    2545336 bytes,    2545336 total
- age   2:    1175448 bytes,    3720784 total
: 145088K->4848K(153344K), 0.0113770 secs] 601599K->461359K(1228544K), 0.0115170 secs] [Times: user=0.02 sys=0.00, real=0.01 secs] 
2014-03-10T17:44:49.909+0000: 560155.894: [GC2014-03-10T17:44:49.909+0000: 560155.894: [ParNew
Desired survivor size 8716288 bytes, new threshold 6 (max 6)
- age   1:    2641584 bytes,    2641584 total
- age   2:    2179120 bytes,    4820704 total
- age   3:    1174472 bytes,    5995176 total
: 141168K->6508K(153344K), 0.0144000 secs] 597679K->463019K(1228544K), 0.0145340 secs] [Times: user=0.03 sys=0.00, real=0.02 secs] 
2014-03-10T17:48:43.190+0000: 560389.175: [GC2014-03-10T17:48:43.191+0000: 560389.175: [ParNew
Desired survivor size 8716288 bytes, new threshold 6 (max 6)
- age   1:    2558440 bytes,    2558440 total
- age   2:    2309128 bytes,    4867568 total
- age   3:    2172704 bytes,    7040272 total
- age   4:    1174240 bytes,    8214512 total
: 142828K->10349K(153344K), 0.0175570 secs] 599339K->466860K(1228544K), 0.0177060 secs] [Times: user=0.04 sys=0.00, real=0.02 secs] 
2014-03-10T17:52:40.131+0000: 560626.116: [GC2014-03-10T17:52:40.132+0000: 560626.116: [ParNew
Desired survivor size 8716288 bytes, new threshold 4 (max 6)
- age   1:    2567552 bytes,    2567552 total
- age   2:    2190392 bytes,    4757944 total
- age   3:    2262600 bytes,    7020544 total
- age   4:    2171296 bytes,    9191840 total
- age   5:    1173792 bytes,   10365632 total
: 146669K->14486K(153344K), 0.0200380 secs] 603180K->470997K(1228544K), 0.0201940 secs] [Times: user=0.04 sys=0.00, real=0.02 secs] 
2014-03-10T17:56:23.666+0000: 560849.651: [GC2014-03-10T17:56:23.666+0000: 560849.651: [ParNew
Desired survivor size 8716288 bytes, new threshold 4 (max 6)
- age   1:    2528608 bytes,    2528608 total
- age   2:    2257568 bytes,    4786176 total
- age   3:    2178648 bytes,    6964824 total
- age   4:    2261832 bytes,    9226656 total
: 150806K->9496K(153344K), 0.0280710 secs] 607317K->469444K(1228544K), 0.0282600 secs] [Times: user=0.05 sys=0.00, real=0.03 secs] 
2014-03-10T18:00:25.225+0000: 561091.210: [GC2014-03-10T18:00:25.225+0000: 561091.210: [ParNew
Desired survivor size 8716288 bytes, new threshold 4 (max 6)
- age   1:    2612456 bytes,    2612456 total
- age   2:    2095160 bytes,    4707616 total
- age   3:    2211688 bytes,    6919304 total
- age   4:    2177704 bytes,    9097008 total
: 145816K->13529K(153344K), 0.0241430 secs] 605764K->475801K(1228544K), 0.0243050 secs] [Times: user=0.05 sys=0.00, real=0.02 secs] 
2014-03-10T18:04:26.555+0000: 561332.539: [GC2014-03-10T18:04:26.555+0000: 561332.539: [ParNew
Desired survivor size 8716288 bytes, new threshold 4 (max 6)
- age   1:    2522280 bytes,    2522280 total
- age   2:    2349736 bytes,    4872016 total
- age   3:    2084576 bytes,    6956592 total
- age   4:    2210808 bytes,    9167400 total
: 149849K->13272K(153344K), 0.0245840 secs] 612121K->477742K(1228544K), 0.0247430 secs] [Times: user=0.05 sys=0.00, real=0.02 secs] 
2014-03-10T18:08:25.207+0000: 561571.192: [GC2014-03-10T18:08:25.208+0000: 561571.192: [ParNew
Desired survivor size 8716288 bytes, new threshold 4 (max 6)
- age   1:    2611864 bytes,    2611864 total
- age   2:    2224520 bytes,    4836384 total
- age   3:    2303160 bytes,    7139544 total
- age   4:    2082496 bytes,    9222040 total
: 149592K->13398K(153344K), 0.0238500 secs] 614062K->480141K(1228544K), 0.0240070 secs] [Times: user=0.05 sys=0.00, real=0.02 secs] 
2014-03-10T18:11:59.686+0000: 561785.671: [GC2014-03-10T18:11:59.686+0000: 561785.671: [ParNew
Desired survivor size 8716288 bytes, new threshold 4 (max 6)
- age   1:    2780848 bytes,    2780848 total
- age   2:    2263656 bytes,    5044504 total
- age   3:    2224008 bytes,    7268512 total
- age   4:    2262536 bytes,    9531048 total
: 149718K->13466K(153344K), 0.0243790 secs] 616461K->482349K(1228544K), 0.0245350 secs] [Times: user=0.05 sys=0.00, real=0.02 secs] 
2014-03-10T18:15:45.909+0000: 562011.894: [GC2014-03-10T18:15:45.909+0000: 562011.894: [ParNew
Desired survivor size 8716288 bytes, new threshold 4 (max 6)
- age   1:    2608952 bytes,    2608952 total
- age   2:    2100664 bytes,    4709616 total
- age   3:    2252168 bytes,    6961784 total
- age   4:    2223624 bytes,    9185408 total
: 149786K->13708K(153344K), 0.0253750 secs] 618669K->484915K(1228736K), 0.0255410 secs] [Times: user=0.05 sys=0.00, real=0.03 secs] 
2014-03-10T18:19:38.924+0000: 562244.909: [GC2014-03-10T18:19:38.924+0000: 562244.909: [ParNew
Desired survivor size 8716288 bytes, new threshold 4 (max 6)
- age   1:    2568856 bytes,    2568856 total
- age   2:    2126976 bytes,    4695832 total
- age   3:    2098808 bytes,    6794640 total
- age   4:    2251440 bytes,    9046080 total
: 150028K->13412K(153344K), 0.0236520 secs] 621235K->486904K(1228736K), 0.0238030 secs] [Times: user=0.05 sys=0.00, real=0.02 secs] 
2014-03-10T18:23:34.996+0000: 562480.981: [GC2014-03-10T18:23:34.997+0000: 562480.981: [ParNew
Desired survivor size 8716288 bytes, new threshold 4 (max 6)
- age   1:    2616936 bytes,    2616936 total
- age   2:    2204216 bytes,    4821152 total
- age   3:    2104488 bytes,    6925640 total
- age   4:    2093792 bytes,    9019432 total
: 149732K->8994K(153344K), 0.0238960 secs] 623224K->484799K(1228736K), 0.0240550 secs] [Times: user=0.04 sys=0.00, real=0.02 secs] 
2014-03-10T18:27:44.723+0000: 562730.708: [GC2014-03-10T18:27:44.723+0000: 562730.708: [ParNew
Desired survivor size 8716288 bytes, new threshold 4 (max 6)
- age   1:    2660496 bytes,    2660496 total
- age   2:    2205264 bytes,    4865760 total
- age   3:    2158424 bytes,    7024184 total
- age   4:    2102864 bytes,    9127048 total
: 145314K->12957K(153344K), 0.0231190 secs] 621119K->490791K(1228736K), 0.0232650 secs] [Times: user=0.05 sys=0.00, real=0.02 secs] 
2014-03-10T18:31:44.387+0000: 562970.372: [GC2014-03-10T18:31:44.387+0000: 562970.372: [ParNew
Desired survivor size 8716288 bytes, new threshold 4 (max 6)
- age   1:    2679328 bytes,    2679328 total
- age   2:    2311456 bytes,    4990784 total
- age   3:    2188992 bytes,    7179776 total
- age   4:    2156488 bytes,    9336264 total
: 149277K->13255K(153344K), 0.0282780 secs] 627111K->493249K(1228736K), 0.0284620 secs] [Times: user=0.05 sys=0.00, real=0.03 secs] 
2014-03-10T18:35:40.208+0000: 563206.193: [GC2014-03-10T18:35:40.208+0000: 563206.193: [ParNew
Desired survivor size 8716288 bytes, new threshold 4 (max 6)
- age   1:    2583096 bytes,    2583096 total
- age   2:    2304312 bytes,    4887408 total
- age   3:    2310432 bytes,    7197840 total
- age   4:    2187760 bytes,    9385600 total
: 149575K->13540K(153344K), 0.0242040 secs] 629569K->495750K(1228736K), 0.0243760 secs] [Times: user=0.06 sys=0.00, real=0.02 secs] 
2014-03-10T18:39:45.373+0000: 563451.358: [GC2014-03-10T18:39:45.374+0000: 563451.358: [ParNew
Desired survivor size 8716288 bytes, new threshold 4 (max 6)
- age   1:    2555504 bytes,    2555504 total
- age   2:    2181184 bytes,    4736688 total
- age   3:    2303176 bytes,    7039864 total
- age   4:    2309576 bytes,    9349440 total
: 149860K->13606K(153344K), 0.0239520 secs] 632070K->498065K(1228736K), 0.0241040 secs] [Times: user=0.05 sys=0.00, real=0.03 secs] 
2014-03-10T18:43:48.773+0000: 563694.757: [GC2014-03-10T18:43:48.773+0000: 563694.758: [ParNew
Desired survivor size 8716288 bytes, new threshold 4 (max 6)
- age   1:    2617000 bytes,    2617000 total
- age   2:    2266176 bytes,    4883176 total
- age   3:    2179128 bytes,    7062304 total
- age   4:    2302120 bytes,    9364424 total
: 149926K->13667K(153344K), 0.0241340 secs] 634385K->500500K(1228736K), 0.0242800 secs] [Times: user=0.05 sys=0.00, real=0.03 secs] 
2014-03-10T18:47:45.555+0000: 563931.540: [GC2014-03-10T18:47:45.555+0000: 563931.540: [ParNew
Desired survivor size 8716288 bytes, new threshold 4 (max 6)
- age   1:    2596288 bytes,    2596288 total
- age   2:    2294464 bytes,    4890752 total
- age   3:    2264432 bytes,    7155184 total
- age   4:    2178392 bytes,    9333576 total
: 149987K->13640K(153344K), 0.0243170 secs] 636820K->502796K(1228736K), 0.0244820 secs] [Times: user=0.05 sys=0.00, real=0.02 secs] 
2014-03-10T18:51:55.315+0000: 564181.299: [GC2014-03-10T18:51:55.315+0000: 564181.299: [ParNew
Desired survivor size 8716288 bytes, new threshold 4 (max 6)
- age   1:    2605296 bytes,    2605296 total
- age   2:    2236824 bytes,    4842120 total
- age   3:    2292912 bytes,    7135032 total
- age   4:    2264224 bytes,    9399256 total
: 149960K->13585K(153344K), 0.0250110 secs] 639116K->504980K(1228736K), 0.0251630 secs] [Times: user=0.05 sys=0.00, real=0.02 secs] 
2014-03-10T18:55:55.412+0000: 564421.397: [GC2014-03-10T18:55:55.412+0000: 564421.397: [ParNew
Desired survivor size 8716288 bytes, new threshold 4 (max 6)
- age   1:    2636104 bytes,    2636104 total
- age   2:    2348936 bytes,    4985040 total
- age   3:    2184768 bytes,    7169808 total
- age   4:    2252648 bytes,    9422456 total
: 149905K->13663K(153344K), 0.0242180 secs] 641300K->507386K(1228736K), 0.0243760 secs] [Times: user=0.05 sys=0.00, real=0.03 secs] 
2014-03-10T18:59:51.519+0000: 564657.503: [GC2014-03-10T18:59:51.519+0000: 564657.503: [ParNew
Desired survivor size 8716288 bytes, new threshold 4 (max 6)
- age   1:    2672240 bytes,    2672240 total
- age   2:    2219504 bytes,    4891744 total
- age   3:    2347984 bytes,    7239728 total
- age   4:    2182456 bytes,    9422184 total
: 149983K->13731K(153344K), 0.0251670 secs] 643706K->509768K(1228736K), 0.0253280 secs] [Times: user=0.05 sys=0.00, real=0.03 secs] 
2014-03-10T19:03:44.278+0000: 564890.263: [GC2014-03-10T19:03:44.278+0000: 564890.263: [ParNew
Desired survivor size 8716288 bytes, new threshold 4 (max 6)
- age   1:    2541512 bytes,    2541512 total
- age   2:    2234920 bytes,    4776432 total
- age   3:    2217424 bytes,    6993856 total
- age   4:    2347728 bytes,    9341584 total
: 150051K->13736K(153344K), 0.0243070 secs] 646088K->512017K(1228736K), 0.0244880 secs] [Times: user=0.05 sys=0.00, real=0.03 secs] 
2014-03-10T19:07:43.420+0000: 565129.404: [GC2014-03-10T19:07:43.420+0000: 565129.404: [ParNew
Desired survivor size 8716288 bytes, new threshold 4 (max 6)
- age   1:    2511200 bytes,    2511200 total
- age   2:    2211072 bytes,    4722272 total
- age   3:    2223008 bytes,    6945280 total
- age   4:    2217008 bytes,    9162288 total
: 150056K->13603K(153344K), 0.0250630 secs] 648337K->514295K(1228736K), 0.0252140 secs] [Times: user=0.05 sys=0.00, real=0.03 secs] 
2014-03-10T19:11:40.048+0000: 565366.033: [GC2014-03-10T19:11:40.048+0000: 565366.033: [ParNew
Desired survivor size 8716288 bytes, new threshold 4 (max 6)
- age   1:    2542424 bytes,    2542424 total
- age   2:    2180632 bytes,    4723056 total
- age   3:    2208768 bytes,    6931824 total
- age   4:    2221304 bytes,    9153128 total
: 149923K->13467K(153344K), 0.0238160 secs] 650615K->516438K(1228736K), 0.0239840 secs] [Times: user=0.05 sys=0.00, real=0.02 secs] 
2014-03-10T19:15:39.909+0000: 565605.894: [GC2014-03-10T19:15:39.909+0000: 565605.894: [ParNew
Desired survivor size 8716288 bytes, new threshold 4 (max 6)
- age   1:    2577672 bytes,    2577672 total
- age   2:    2253088 bytes,    4830760 total
- age   3:    2180072 bytes,    7010832 total
- age   4:    2162936 bytes,    9173768 total
: 149787K->13306K(153344K), 0.0245710 secs] 652758K->518519K(1228736K), 0.0247320 secs] [Times: user=0.04 sys=0.00, real=0.02 secs] 
2014-03-10T19:19:49.880+0000: 565855.865: [GC2014-03-10T19:19:49.880+0000: 565855.865: [ParNew
Desired survivor size 8716288 bytes, new threshold 4 (max 6)
- age   1:    2504856 bytes,    2504856 total
- age   2:    2224424 bytes,    4729280 total
- age   3:    2252632 bytes,    6981912 total
- age   4:    2179624 bytes,    9161536 total
: 149626K->17024K(153344K), 0.0246450 secs] 654839K->524565K(1228736K), 0.0248080 secs] [Times: user=0.06 sys=0.00, real=0.03 secs] 
2014-03-10T19:23:54.464+0000: 566100.449: [GC2014-03-10T19:23:54.464+0000: 566100.449: [ParNew
Desired survivor size 8716288 bytes, new threshold 4 (max 6)
- age   1:    2657728 bytes,    2657728 total
- age   2:    2309664 bytes,    4967392 total
- age   3:    2220328 bytes,    7187720 total
- age   4:    2250680 bytes,    9438400 total
: 153344K->11275K(153344K), 0.0241050 secs] 660885K->521057K(1228736K), 0.0242590 secs] [Times: user=0.05 sys=0.00, real=0.02 secs] 
2014-03-10T19:27:49.909+0000: 566335.894: [GC2014-03-10T19:27:49.909+0000: 566335.894: [ParNew
Desired survivor size 8716288 bytes, new threshold 4 (max 6)
- age   1:    2551472 bytes,    2551472 total
- age   2:    2353560 bytes,    4905032 total
- age   3:    2308688 bytes,    7213720 total
- age   4:    2218312 bytes,    9432032 total
: 147595K->16519K(153344K), 0.0242590 secs] 657377K->528573K(1228736K), 0.0244160 secs] [Times: user=0.05 sys=0.00, real=0.02 secs] 
2014-03-10T19:31:55.925+0000: 566581.909: [GC2014-03-10T19:31:55.925+0000: 566581.910: [ParNew
Desired survivor size 8716288 bytes, new threshold 4 (max 6)
- age   1:    2571264 bytes,    2571264 total
- age   2:    2176520 bytes,    4747784 total
- age   3:    2352568 bytes,    7100352 total
- age   4:    2308144 bytes,    9408496 total
: 152839K->10985K(153344K), 0.0243250 secs] 664893K->525319K(1228736K), 0.0244760 secs] [Times: user=0.06 sys=0.00, real=0.02 secs] 
2014-03-10T19:35:55.026+0000: 566821.010: [GC2014-03-10T19:35:55.026+0000: 566821.010: [ParNew
Desired survivor size 8716288 bytes, new threshold 4 (max 6)
- age   1:    2580816 bytes,    2580816 total
- age   2:    2312936 bytes,    4893752 total
- age   3:    2173872 bytes,    7067624 total
- age   4:    2351032 bytes,    9418656 total
: 147305K->16539K(153344K), 0.0242250 secs] 661639K->533246K(1228736K), 0.0243890 secs] [Times: user=0.05 sys=0.00, real=0.02 secs] 
2014-03-10T19:40:04.659+0000: 567070.644: [GC2014-03-10T19:40:04.660+0000: 567070.644: [ParNew
Desired survivor size 8716288 bytes, new threshold 4 (max 6)
- age   1:    2657520 bytes,    2657520 total
- age   2:    2266440 bytes,    4923960 total
- age   3:    2263240 bytes,    7187200 total
- age   4:    2173568 bytes,    9360768 total
: 152859K->10945K(153344K), 0.0252220 secs] 669566K->530026K(1228736K), 0.0254080 secs] [Times: user=0.05 sys=0.00, real=0.03 secs] 
2014-03-10T19:43:57.219+0000: 567303.204: [GC2014-03-10T19:43:57.219+0000: 567303.204: [ParNew
Desired survivor size 8716288 bytes, new threshold 4 (max 6)
- age   1:    2981472 bytes,    2981472 total
- age   2:    2308504 bytes,    5289976 total
- age   3:    2259016 bytes,    7548992 total
- age   4:    2262256 bytes,    9811248 total
: 147265K->12372K(153344K), 0.0259550 secs] 666346K->533686K(1228736K), 0.0261010 secs] [Times: user=0.05 sys=0.00, real=0.03 secs] 
2014-03-10T19:48:06.209+0000: 567552.194: [GC2014-03-10T19:48:06.209+0000: 567552.194: [ParNew
Desired survivor size 8716288 bytes, new threshold 4 (max 6)
- age   1:    2584464 bytes,    2584464 total
- age   2:    2526888 bytes,    5111352 total
- age   3:    2307384 bytes,    7418736 total
- age   4:    2258568 bytes,    9677304 total
: 148692K->13736K(153344K), 0.0245540 secs] 670006K->537376K(1228736K), 0.0247310 secs] [Times: user=0.05 sys=0.00, real=0.03 secs] 
2014-03-10T19:52:09.909+0000: 567795.894: [GC2014-03-10T19:52:09.909+0000: 567795.894: [ParNew
Desired survivor size 8716288 bytes, new threshold 4 (max 6)
- age   1:    2631296 bytes,    2631296 total
- age   2:    2303272 bytes,    4934568 total
- age   3:    2510064 bytes,    7444632 total
- age   4:    2307080 bytes,    9751712 total
: 150056K->14048K(153344K), 0.0248180 secs] 673696K->540007K(1228736K), 0.0249900 secs] [Times: user=0.05 sys=0.00, real=0.03 secs] 
2014-03-10T19:56:10.396+0000: 568036.381: [GC2014-03-10T19:56:10.396+0000: 568036.381: [ParNew
Desired survivor size 8716288 bytes, new threshold 4 (max 6)
- age   1:    2642016 bytes,    2642016 total
- age   2:    2268856 bytes,    4910872 total
- age   3:    2302624 bytes,    7213496 total
- age   4:    2492872 bytes,    9706368 total
: 150368K->14542K(153344K), 0.0254730 secs] 676327K->542873K(1228736K), 0.0256450 secs] [Times: user=0.06 sys=0.00, real=0.03 secs] 
2014-03-10T20:00:09.913+0000: 568275.897: [GC2014-03-10T20:00:09.913+0000: 568275.897: [ParNew
Desired survivor size 8716288 bytes, new threshold 4 (max 6)
- age   1:    2556720 bytes,    2556720 total
- age   2:    2310152 bytes,    4866872 total
- age   3:    2267520 bytes,    7134392 total
- age   4:    2302416 bytes,    9436808 total
: 150862K->13751K(153344K), 0.0245570 secs] 679193K->544276K(1228736K), 0.0247280 secs] [Times: user=0.05 sys=0.00, real=0.03 secs] 
2014-03-10T20:04:05.266+0000: 568511.251: [GC2014-03-10T20:04:05.267+0000: 568511.251: [ParNew
Desired survivor size 8716288 bytes, new threshold 4 (max 6)
- age   1:    2614560 bytes,    2614560 total
- age   2:    2265024 bytes,    4879584 total
- age   3:    2297512 bytes,    7177096 total
- age   4:    2266736 bytes,    9443832 total
: 150071K->13836K(153344K), 0.0248230 secs] 680596K->546728K(1228736K), 0.0249890 secs] [Times: user=0.05 sys=0.00, real=0.02 secs] 
2014-03-10T20:08:16.050+0000: 568762.034: [GC2014-03-10T20:08:16.050+0000: 568762.035: [ParNew
Desired survivor size 8716288 bytes, new threshold 4 (max 6)
- age   1:    2554160 bytes,    2554160 total
- age   2:    2219320 bytes,    4773480 total
- age   3:    2264616 bytes,    7038096 total
- age   4:    2257376 bytes,    9295472 total
: 150156K->13637K(153344K), 0.0242850 secs] 683048K->548859K(1228736K), 0.0244550 secs] [Times: user=0.05 sys=0.00, real=0.03 secs] 
2014-03-10T20:12:22.210+0000: 569008.194: [GC2014-03-10T20:12:22.210+0000: 569008.194: [ParNew
Desired survivor size 8716288 bytes, new threshold 4 (max 6)
- age   1:    2747224 bytes,    2747224 total
- age   2:    2309360 bytes,    5056584 total
- age   3:    2216968 bytes,    7273552 total
- age   4:    2218496 bytes,    9492048 total
: 149957K->13618K(153344K), 0.0245560 secs] 685179K->551159K(1228736K), 0.0247040 secs] [Times: user=0.05 sys=0.00, real=0.03 secs] 
2014-03-10T20:16:20.903+0000: 569246.888: [GC2014-03-10T20:16:20.903+0000: 569246.888: [ParNew
Desired survivor size 8716288 bytes, new threshold 4 (max 6)
- age   1:    2549800 bytes,    2549800 total
- age   2:    2452384 bytes,    5002184 total
- age   3:    2309008 bytes,    7311192 total
- age   4:    2215872 bytes,    9527064 total
: 149938K->13795K(153344K), 0.0242680 secs] 687479K->553615K(1228736K), 0.0244210 secs] [Times: user=0.06 sys=0.00, real=0.02 secs] 
2014-03-10T20:20:29.332+0000: 569495.316: [GC2014-03-10T20:20:29.332+0000: 569495.316: [ParNew
Desired survivor size 8716288 bytes, new threshold 4 (max 6)
- age   1:    2629992 bytes,    2629992 total
- age   2:    2224936 bytes,    4854928 total
- age   3:    2358064 bytes,    7212992 total
- age   4:    2308016 bytes,    9521008 total
: 150115K->13835K(153344K), 0.0243280 secs] 689935K->555931K(1228928K), 0.0244820 secs] [Times: user=0.05 sys=0.00, real=0.03 secs] 
2014-03-10T20:24:33.338+0000: 569739.323: [GC2014-03-10T20:24:33.338+0000: 569739.323: [ParNew
Desired survivor size 8716288 bytes, new threshold 4 (max 6)
- age   1:    2618912 bytes,    2618912 total
- age   2:    2305784 bytes,    4924696 total
- age   3:    2221336 bytes,    7146032 total
- age   4:    2310848 bytes,    9456880 total
: 150155K->13938K(153344K), 0.0245190 secs] 692251K->558407K(1228928K), 0.0246570 secs] [Times: user=0.06 sys=0.00, real=0.03 secs] 
2014-03-10T20:28:40.926+0000: 569986.911: [GC2014-03-10T20:28:40.926+0000: 569986.911: [ParNew
Desired survivor size 8716288 bytes, new threshold 4 (max 6)
- age   1:    2622568 bytes,    2622568 total
- age   2:    2276688 bytes,    4899256 total
- age   3:    2304840 bytes,    7204096 total
- age   4:    2220968 bytes,    9425064 total
: 150258K->13754K(153344K), 0.0247040 secs] 694727K->560556K(1228928K), 0.0248650 secs] [Times: user=0.05 sys=0.00, real=0.02 secs] 
2014-03-10T20:32:50.287+0000: 570236.272: [GC2014-03-10T20:32:50.287+0000: 570236.272: [ParNew
Desired survivor size 8716288 bytes, new threshold 4 (max 6)
- age   1:    2619000 bytes,    2619000 total
- age   2:    2302888 bytes,    4921888 total
- age   3:    2275424 bytes,    7197312 total
- age   4:    2304424 bytes,    9501736 total
: 150074K->13752K(153344K), 0.0241810 secs] 696876K->562838K(1228928K), 0.0243310 secs] [Times: user=0.05 sys=0.00, real=0.02 secs] 
2014-03-10T20:36:59.909+0000: 570485.894: [GC2014-03-10T20:36:59.909+0000: 570485.894: [ParNew
Desired survivor size 8716288 bytes, new threshold 4 (max 6)
- age   1:    2616464 bytes,    2616464 total
- age   2:    2350896 bytes,    4967360 total
- age   3:    2302040 bytes,    7269400 total
- age   4:    2274872 bytes,    9544272 total
: 150072K->13876K(153344K), 0.0244850 secs] 699158K->565330K(1228928K), 0.0246400 secs] [Times: user=0.05 sys=0.00, real=0.02 secs] 
2014-03-10T20:41:04.270+0000: 570730.255: [GC2014-03-10T20:41:04.270+0000: 570730.255: [ParNew
Desired survivor size 8716288 bytes, new threshold 4 (max 6)
- age   1:    2618728 bytes,    2618728 total
- age   2:    2348688 bytes,    4967416 total
- age   3:    2349752 bytes,    7317168 total
- age   4:    2301288 bytes,    9618456 total
: 150196K->13880K(153344K), 0.0247910 secs] 701650K->567630K(1228928K), 0.0249540 secs] [Times: user=0.05 sys=0.00, real=0.03 secs] 
2014-03-10T20:45:00.909+0000: 570966.894: [GC2014-03-10T20:45:00.909+0000: 570966.894: [ParNew
Desired survivor size 8716288 bytes, new threshold 4 (max 6)
- age   1:    2658840 bytes,    2658840 total
- age   2:    2261256 bytes,    4920096 total
- age   3:    2347368 bytes,    7267464 total
- age   4:    2349160 bytes,    9616624 total
: 150200K->14066K(153344K), 0.0248390 secs] 703950K->570181K(1228928K), 0.0250090 secs] [Times: user=0.05 sys=0.00, real=0.03 secs] 
2014-03-10T20:49:09.824+0000: 571215.809: [GC2014-03-10T20:49:09.825+0000: 571215.809: [ParNew
Desired survivor size 8716288 bytes, new threshold 4 (max 6)
- age   1:    2565464 bytes,    2565464 total
- age   2:    2301152 bytes,    4866616 total
- age   3:    2260696 bytes,    7127312 total
- age   4:    2307216 bytes,    9434528 total
: 150386K->13907K(153344K), 0.0248190 secs] 706501K->572436K(1228928K), 0.0250140 secs] [Times: user=0.05 sys=0.00, real=0.02 secs] 
2014-03-10T20:53:14.446+0000: 571460.430: [GC2014-03-10T20:53:14.446+0000: 571460.430: [ParNew
Desired survivor size 8716288 bytes, new threshold 4 (max 6)
- age   1:    2521680 bytes,    2521680 total
- age   2:    2310016 bytes,    4831696 total
- age   3:    2284912 bytes,    7116608 total
- age   4:    2260328 bytes,    9376936 total
: 150227K->13821K(153344K), 0.0241990 secs] 708756K->574721K(1228928K), 0.0243380 secs] [Times: user=0.06 sys=0.00, real=0.02 secs] 
2014-03-10T20:57:22.342+0000: 571708.327: [GC2014-03-10T20:57:22.342+0000: 571708.327: [ParNew
Desired survivor size 8716288 bytes, new threshold 4 (max 6)
- age   1:    2643704 bytes,    2643704 total
- age   2:    2269792 bytes,    4913496 total
- age   3:    2309392 bytes,    7222888 total
- age   4:    2238560 bytes,    9461448 total
: 150141K->13730K(153344K), 0.0244990 secs] 711041K->576953K(1228928K), 0.0246510 secs] [Times: user=0.05 sys=0.00, real=0.02 secs] 
2014-03-10T21:01:30.412+0000: 571956.397: [GC2014-03-10T21:01:30.412+0000: 571956.397: [ParNew
Desired survivor size 8716288 bytes, new threshold 4 (max 6)
- age   1:    2537592 bytes,    2537592 total
- age   2:    2308872 bytes,    4846464 total
- age   3:    2269432 bytes,    7115896 total
- age   4:    2309136 bytes,    9425032 total
: 150050K->17024K(153344K), 0.0246180 secs] 713273K->582612K(1228928K), 0.0247770 secs] [Times: user=0.05 sys=0.00, real=0.03 secs] 
2014-03-10T21:05:38.496+0000: 572204.481: [GC2014-03-10T21:05:38.496+0000: 572204.481: [ParNew
Desired survivor size 8716288 bytes, new threshold 4 (max 6)
- age   1:    2624264 bytes,    2624264 total
- age   2:    2349424 bytes,    4973688 total
- age   3:    2308216 bytes,    7281904 total
- age   4:    2268888 bytes,    9550792 total
: 153344K->11592K(153344K), 0.0262780 secs] 718932K->579554K(1228928K), 0.0264520 secs] [Times: user=0.06 sys=0.00, real=0.03 secs] 
2014-03-10T21:09:45.358+0000: 572451.342: [GC2014-03-10T21:09:45.358+0000: 572451.343: [ParNew
Desired survivor size 8716288 bytes, new threshold 4 (max 6)
- age   1:    2517944 bytes,    2517944 total
- age   2:    2366224 bytes,    4884168 total
- age   3:    2348944 bytes,    7233112 total
- age   4:    2268256 bytes,    9501368 total
: 147912K->16740K(153344K), 0.0241280 secs] 715874K->587034K(1228928K), 0.0242820 secs] [Times: user=0.06 sys=0.00, real=0.03 secs] 
2014-03-10T21:13:52.432+0000: 572698.417: [GC2014-03-10T21:13:52.432+0000: 572698.417: [ParNew
Desired survivor size 8716288 bytes, new threshold 4 (max 6)
- age   1:    2623536 bytes,    2623536 total
- age   2:    2291600 bytes,    4915136 total
- age   3:    2319896 bytes,    7235032 total
- age   4:    2348344 bytes,    9583376 total
: 153060K->11181K(153344K), 0.0245110 secs] 723354K->583807K(1228928K), 0.0246620 secs] [Times: user=0.05 sys=0.00, real=0.03 secs] 
2014-03-10T21:18:00.099+0000: 572946.084: [GC2014-03-10T21:18:00.099+0000: 572946.084: [ParNew
Desired survivor size 8716288 bytes, new threshold 4 (max 6)
- age   1:    2622856 bytes,    2622856 total
- age   2:    2321856 bytes,    4944712 total
- age   3:    2291144 bytes,    7235856 total
- age   4:    2318120 bytes,    9553976 total
: 147501K->12580K(153344K), 0.0246750 secs] 720127K->587579K(1228928K), 0.0248290 secs] [Times: user=0.06 sys=0.00, real=0.03 secs] 
2014-03-10T21:22:06.007+0000: 573191.992: [GC2014-03-10T21:22:06.007+0000: 573191.992: [ParNew
Desired survivor size 8716288 bytes, new threshold 4 (max 6)
- age   1:    2576008 bytes,    2576008 total
- age   2:    2331576 bytes,    4907584 total
- age   3:    2321000 bytes,    7228584 total
- age   4:    2290888 bytes,    9519472 total
: 148900K->13565K(153344K), 0.0247400 secs] 723899K->590907K(1228928K), 0.0249160 secs] [Times: user=0.05 sys=0.00, real=0.02 secs] 
2014-03-10T21:26:12.799+0000: 573438.784: [GC2014-03-10T21:26:12.799+0000: 573438.784: [ParNew
Desired survivor size 8716288 bytes, new threshold 4 (max 6)
- age   1:    2606392 bytes,    2606392 total
- age   2:    2275992 bytes,    4882384 total
- age   3:    2329352 bytes,    7211736 total
- age   4:    2320696 bytes,    9532432 total
: 149885K->13826K(153344K), 0.0257380 secs] 727227K->593522K(1228928K), 0.0259170 secs] [Times: user=0.05 sys=0.00, real=0.03 secs] 
2014-03-10T21:30:20.404+0000: 573686.389: [GC2014-03-10T21:30:20.404+0000: 573686.389: [ParNew
Desired survivor size 8716288 bytes, new threshold 4 (max 6)
- age   1:    2704112 bytes,    2704112 total
- age   2:    2314800 bytes,    5018912 total
- age   3:    2275040 bytes,    7293952 total
- age   4:    2289416 bytes,    9583368 total
: 150146K->13836K(153344K), 0.0247570 secs] 729842K->595915K(1228928K), 0.0249190 secs] [Times: user=0.06 sys=0.00, real=0.02 secs] 
2014-03-10T21:34:26.650+0000: 573932.635: [GC2014-03-10T21:34:26.650+0000: 573932.635: [ParNew
Desired survivor size 8716288 bytes, new threshold 4 (max 6)
- age   1:    2586056 bytes,    2586056 total
- age   2:    2386120 bytes,    4972176 total
- age   3:    2314048 bytes,    7286224 total
- age   4:    2274592 bytes,    9560816 total
: 150156K->13949K(153344K), 0.0246000 secs] 732235K->598382K(1228928K), 0.0247560 secs] [Times: user=0.05 sys=0.00, real=0.03 secs] 
2014-03-10T21:38:30.993+0000: 574176.978: [GC2014-03-10T21:38:30.993+0000: 574176.978: [ParNew
Desired survivor size 8716288 bytes, new threshold 4 (max 6)
- age   1:    2577600 bytes,    2577600 total
- age   2:    2315872 bytes,    4893472 total
- age   3:    2339856 bytes,    7233328 total
- age   4:    2313640 bytes,    9546968 total
: 150269K->13971K(153344K), 0.0248000 secs] 734702K->600741K(1228928K), 0.0249520 secs] [Times: user=0.05 sys=0.00, real=0.03 secs] 
2014-03-10T21:42:35.389+0000: 574421.373: [GC2014-03-10T21:42:35.389+0000: 574421.373: [ParNew
Desired survivor size 8716288 bytes, new threshold 4 (max 6)
- age   1:    2625288 bytes,    2625288 total
- age   2:    2269456 bytes,    4894744 total
- age   3:    2269576 bytes,    7164320 total
- age   4:    2338432 bytes,    9502752 total
: 150291K->13973K(153344K), 0.0246120 secs] 737061K->603120K(1228928K), 0.0247610 secs] [Times: user=0.06 sys=0.00, real=0.02 secs] 
2014-03-10T21:46:30.720+0000: 574656.704: [GC2014-03-10T21:46:30.720+0000: 574656.704: [ParNew
Desired survivor size 8716288 bytes, new threshold 4 (max 6)
- age   1:    2672328 bytes,    2672328 total
- age   2:    2305336 bytes,    4977664 total
- age   3:    2268840 bytes,    7246504 total
- age   4:    2268824 bytes,    9515328 total
: 150293K->13886K(153344K), 0.0245490 secs] 739440K->605395K(1228928K), 0.0247090 secs] [Times: user=0.05 sys=0.00, real=0.03 secs] 
2014-03-10T21:50:35.316+0000: 574901.301: [GC2014-03-10T21:50:35.316+0000: 574901.301: [ParNew
Desired survivor size 8716288 bytes, new threshold 4 (max 6)
- age   1:    2549648 bytes,    2549648 total
- age   2:    2229552 bytes,    4779200 total
- age   3:    2304424 bytes,    7083624 total
- age   4:    2268208 bytes,    9351832 total
: 150206K->13796K(153344K), 0.0247420 secs] 741715K->607637K(1228928K), 0.0248930 secs] [Times: user=0.06 sys=0.00, real=0.02 secs] 
2014-03-10T21:54:44.909+0000: 575150.894: [GC2014-03-10T21:54:44.909+0000: 575150.894: [ParNew
Desired survivor size 8716288 bytes, new threshold 4 (max 6)
- age   1:    2623104 bytes,    2623104 total
- age   2:    2273248 bytes,    4896352 total
- age   3:    2183352 bytes,    7079704 total
- age   4:    2303472 bytes,    9383176 total
: 150116K->13665K(153344K), 0.0245610 secs] 743957K->609837K(1228928K), 0.0247120 secs] [Times: user=0.06 sys=0.00, real=0.02 secs] 
2014-03-10T21:58:45.701+0000: 575391.686: [GC2014-03-10T21:58:45.702+0000: 575391.686: [ParNew
Desired survivor size 8716288 bytes, new threshold 4 (max 6)
- age   1:    2589856 bytes,    2589856 total
- age   2:    2351296 bytes,    4941152 total
- age   3:    2269184 bytes,    7210336 total
- age   4:    2181840 bytes,    9392176 total
: 149985K->13714K(153344K), 0.0244390 secs] 746157K->612253K(1228928K), 0.0245940 secs] [Times: user=0.05 sys=0.00, real=0.03 secs] 
2014-03-10T22:02:45.328+0000: 575631.313: [GC2014-03-10T22:02:45.328+0000: 575631.313: [ParNew
Desired survivor size 8716288 bytes, new threshold 4 (max 6)
- age   1:    2552368 bytes,    2552368 total
- age   2:    2268328 bytes,    4820696 total
- age   3:    2349472 bytes,    7170168 total
- age   4:    2268168 bytes,    9438336 total
: 150034K->13697K(153344K), 0.0243260 secs] 748573K->614477K(1228928K), 0.0244850 secs] [Times: user=0.05 sys=0.00, real=0.02 secs] 
2014-03-10T22:06:50.384+0000: 575876.369: [GC2014-03-10T22:06:50.384+0000: 575876.369: [ParNew
Desired survivor size 8716288 bytes, new threshold 4 (max 6)
- age   1:    2624040 bytes,    2624040 total
- age   2:    2220880 bytes,    4844920 total
- age   3:    2266024 bytes,    7110944 total
- age   4:    2348736 bytes,    9459680 total
: 150017K->13772K(153344K), 0.0244370 secs] 750797K->616884K(1228928K), 0.0245980 secs] [Times: user=0.05 sys=0.00, real=0.02 secs] 
2014-03-10T22:10:59.564+0000: 576125.549: [GC2014-03-10T22:10:59.564+0000: 576125.549: [ParNew
Desired survivor size 8716288 bytes, new threshold 4 (max 6)
- age   1:    2613304 bytes,    2613304 total
- age   2:    2310120 bytes,    4923424 total
- age   3:    2219880 bytes,    7143304 total
- age   4:    2226216 bytes,    9369520 total
: 150092K->13713K(153344K), 0.0243680 secs] 753204K->619237K(1228928K), 0.0245080 secs] [Times: user=0.05 sys=0.00, real=0.02 secs] 
2014-03-10T22:15:02.786+0000: 576368.771: [GC2014-03-10T22:15:02.786+0000: 576368.771: [ParNew
Desired survivor size 8716288 bytes, new threshold 4 (max 6)
- age   1:    2563056 bytes,    2563056 total
- age   2:    2298200 bytes,    4861256 total
- age   3:    2305856 bytes,    7167112 total
- age   4:    2217888 bytes,    9385000 total
: 150033K->13697K(153344K), 0.0242860 secs] 755557K->621509K(1228928K), 0.0259200 secs] [Times: user=0.05 sys=0.00, real=0.02 secs] 
2014-03-10T22:19:06.219+0000: 576612.204: [GC2014-03-10T22:19:06.219+0000: 576612.204: [ParNew
Desired survivor size 8716288 bytes, new threshold 4 (max 6)
- age   1:    2437008 bytes,    2437008 total
- age   2:    2286720 bytes,    4723728 total
- age   3:    2297352 bytes,    7021080 total
- age   4:    2265576 bytes,    9286656 total
: 150017K->17024K(153344K), 0.0245560 secs] 757829K->627268K(1228928K), 0.0247290 secs] [Times: user=0.05 sys=0.00, real=0.03 secs] 
2014-03-10T22:23:10.492+0000: 576856.477: [GC2014-03-10T22:23:10.492+0000: 576856.477: [ParNew
Desired survivor size 8716288 bytes, new threshold 4 (max 6)
- age   1:    2623400 bytes,    2623400 total
- age   2:    2301808 bytes,    4925208 total
- age   3:    2235288 bytes,    7160496 total
- age   4:    2297048 bytes,    9457544 total
: 153344K->11447K(153344K), 0.0252430 secs] 763588K->624020K(1228928K), 0.0254170 secs] [Times: user=0.05 sys=0.00, real=0.03 secs] 
2014-03-10T22:27:09.245+0000: 577095.229: [GC2014-03-10T22:27:09.245+0000: 577095.229: [ParNew
Desired survivor size 8716288 bytes, new threshold 4 (max 6)
- age   1:    2652816 bytes,    2652816 total
- age   2:    2269088 bytes,    4921904 total
- age   3:    2300840 bytes,    7222744 total
- age   4:    2234192 bytes,    9456936 total
: 147767K->16645K(153344K), 0.0272710 secs] 760340K->631579K(1229120K), 0.0274660 secs] [Times: user=0.05 sys=0.00, real=0.02 secs] 
2014-03-10T22:31:10.765+0000: 577336.749: [GC2014-03-10T22:31:10.765+0000: 577336.750: [ParNew
Desired survivor size 8716288 bytes, new threshold 4 (max 6)
- age   1:    2617576 bytes,    2617576 total
- age   2:    2229456 bytes,    4847032 total
- age   3:    2267272 bytes,    7114304 total
- age   4:    2300248 bytes,    9414552 total
: 152965K->11084K(153344K), 0.0248680 secs] 767899K->628314K(1229120K), 0.0250270 secs] [Times: user=0.05 sys=0.00, real=0.02 secs] 
2014-03-10T22:35:15.792+0000: 577581.777: [GC2014-03-10T22:35:15.792+0000: 577581.777: [ParNew
Desired survivor size 8716288 bytes, new threshold 4 (max 6)
- age   1:    2591592 bytes,    2591592 total
- age   2:    2315208 bytes,    4906800 total
- age   3:    2227648 bytes,    7134448 total
- age   4:    2266680 bytes,    9401128 total
: 147404K->12397K(153344K), 0.0246840 secs] 764634K->631989K(1229120K), 0.0248580 secs] [Times: user=0.05 sys=0.00, real=0.03 secs] 
2014-03-10T22:39:23.626+0000: 577829.610: [GC2014-03-10T22:39:23.626+0000: 577829.611: [ParNew
Desired survivor size 8716288 bytes, new threshold 4 (max 6)
- age   1:    2588440 bytes,    2588440 total
- age   2:    2305256 bytes,    4893696 total
- age   3:    2269200 bytes,    7162896 total
- age   4:    2187656 bytes,    9350552 total
: 148717K->13312K(153344K), 0.0245050 secs] 768309K->635234K(1229120K), 0.0246540 secs] [Times: user=0.04 sys=0.01, real=0.02 secs] 
2014-03-10T22:43:33.278+0000: 578079.263: [GC2014-03-10T22:43:33.278+0000: 578079.263: [ParNew
Desired survivor size 8716288 bytes, new threshold 4 (max 6)
- age   1:    2630056 bytes,    2630056 total
- age   2:    2309712 bytes,    4939768 total
- age   3:    2304208 bytes,    7243976 total
- age   4:    2268400 bytes,    9512376 total
: 149632K->13559K(153344K), 0.0241680 secs] 771554K->637730K(1229120K), 0.0243340 secs] [Times: user=0.05 sys=0.00, real=0.03 secs] 
2014-03-10T22:47:40.699+0000: 578326.684: [GC2014-03-10T22:47:40.699+0000: 578326.684: [ParNew
Desired survivor size 8716288 bytes, new threshold 4 (max 6)
- age   1:    2658752 bytes,    2658752 total
- age   2:    2311304 bytes,    4970056 total
- age   3:    2308888 bytes,    7278944 total
- age   4:    2303704 bytes,    9582648 total
: 149879K->13841K(153344K), 0.0244990 secs] 774050K->640342K(1229120K), 0.0246620 secs] [Times: user=0.06 sys=0.00, real=0.03 secs] 
2014-03-10T22:51:49.951+0000: 578575.936: [GC2014-03-10T22:51:49.951+0000: 578575.936: [ParNew
Desired survivor size 8716288 bytes, new threshold 4 (max 6)
- age   1:    2570688 bytes,    2570688 total
- age   2:    2351176 bytes,    4921864 total
- age   3:    2310112 bytes,    7231976 total
- age   4:    2308520 bytes,    9540496 total
: 150161K->13894K(153344K), 0.0243460 secs] 776662K->642723K(1229120K), 0.0244980 secs] [Times: user=0.06 sys=0.00, real=0.03 secs] 
2014-03-10T22:55:38.621+0000: 578804.606: [GC2014-03-10T22:55:38.621+0000: 578804.606: [ParNew
Desired survivor size 8716288 bytes, new threshold 4 (max 6)
- age   1:    2802048 bytes,    2802048 total
- age   2:    2303552 bytes,    5105600 total
- age   3:    2349608 bytes,    7455208 total
- age   4:    2309528 bytes,    9764736 total
: 150214K->14046K(153344K), 0.0248760 secs] 779043K->645248K(1229120K), 0.0250320 secs] [Times: user=0.05 sys=0.00, real=0.03 secs] 
2014-03-10T22:59:48.322+0000: 579054.307: [GC2014-03-10T22:59:48.322+0000: 579054.307: [ParNew
Desired survivor size 8716288 bytes, new threshold 4 (max 6)
- age   1:    2631184 bytes,    2631184 total
- age   2:    2403880 bytes,    5035064 total
- age   3:    2302312 bytes,    7337376 total
- age   4:    2348968 bytes,    9686344 total
: 150366K->14017K(153344K), 0.0270240 secs] 781568K->647552K(1229120K), 0.0271990 secs] [Times: user=0.04 sys=0.00, real=0.02 secs] 
2014-03-10T23:03:55.909+0000: 579301.894: [GC2014-03-10T23:03:55.909+0000: 579301.894: [ParNew
Desired survivor size 8716288 bytes, new threshold 4 (max 6)
- age   1:    2640336 bytes,    2640336 total
- age   2:    2281160 bytes,    4921496 total
- age   3:    2296168 bytes,    7217664 total
- age   4:    2302104 bytes,    9519768 total
: 150337K->9440K(153344K), 0.0245210 secs] 783872K->645388K(1229120K), 0.0246780 secs] [Times: user=0.05 sys=0.00, real=0.02 secs] 
2014-03-10T23:08:04.988+0000: 579550.973: [GC2014-03-10T23:08:04.988+0000: 579550.973: [ParNew
Desired survivor size 8716288 bytes, new threshold 4 (max 6)
- age   1:    2605296 bytes,    2605296 total
- age   2:    2345120 bytes,    4950416 total
- age   3:    2279760 bytes,    7230176 total
- age   4:    2293080 bytes,    9523256 total
: 145760K->9447K(153344K), 0.0248450 secs] 781708K->647761K(1229120K), 0.0250140 secs] [Times: user=0.05 sys=0.00, real=0.02 secs] 
2014-03-10T23:12:14.627+0000: 579800.612: [GC2014-03-10T23:12:14.627+0000: 579800.612: [ParNew
Desired survivor size 8716288 bytes, new threshold 4 (max 6)
- age   1:    2625264 bytes,    2625264 total
- age   2:    2384328 bytes,    5009592 total
- age   3:    2299296 bytes,    7308888 total
- age   4:    2279312 bytes,    9588200 total
: 145767K->13781K(153344K), 0.0245190 secs] 784081K->654328K(1229120K), 0.0247000 secs] [Times: user=0.05 sys=0.00, real=0.02 secs] 
2014-03-10T23:16:23.988+0000: 580049.973: [GC2014-03-10T23:16:23.988+0000: 580049.973: [ParNew
Desired survivor size 8716288 bytes, new threshold 4 (max 6)
- age   1:    2671296 bytes,    2671296 total
- age   2:    2277560 bytes,    4948856 total
- age   3:    2383296 bytes,    7332152 total
- age   4:    2298064 bytes,    9630216 total
: 150101K->13975K(153344K), 0.0245070 secs] 790648K->656864K(1229120K), 0.0246500 secs] [Times: user=0.05 sys=0.00, real=0.02 secs] 
2014-03-10T23:20:30.065+0000: 580296.050: [GC2014-03-10T23:20:30.065+0000: 580296.050: [ParNew
Desired survivor size 8716288 bytes, new threshold 4 (max 6)
- age   1:    2616944 bytes,    2616944 total
- age   2:    2359232 bytes,    4976176 total
- age   3:    2276064 bytes,    7252240 total
- age   4:    2342864 bytes,    9595104 total
: 150295K->14020K(153344K), 0.0245940 secs] 793184K->659271K(1229120K), 0.0247540 secs] [Times: user=0.04 sys=0.00, real=0.02 secs] 
2014-03-10T23:24:38.010+0000: 580543.995: [GC2014-03-10T23:24:38.010+0000: 580543.995: [ParNew
Desired survivor size 8716288 bytes, new threshold 4 (max 6)
- age   1:    2647400 bytes,    2647400 total
- age   2:    2333688 bytes,    4981088 total
- age   3:    2358400 bytes,    7339488 total
- age   4:    2275808 bytes,    9615296 total
: 150340K->13953K(153344K), 0.0244580 secs] 795591K->661572K(1229120K), 0.0246180 secs] [Times: user=0.04 sys=0.01, real=0.03 secs] 
2014-03-10T23:28:45.377+0000: 580791.362: [GC2014-03-10T23:28:45.377+0000: 580791.362: [ParNew
Desired survivor size 8716288 bytes, new threshold 4 (max 6)
- age   1:    2681200 bytes,    2681200 total
- age   2:    2271456 bytes,    4952656 total
- age   3:    2332088 bytes,    7284744 total
- age   4:    2357544 bytes,    9642288 total
: 150273K->14090K(153344K), 0.0260580 secs] 797892K->664047K(1229120K), 0.0262360 secs] [Times: user=0.06 sys=0.00, real=0.03 secs] 
2014-03-10T23:32:53.581+0000: 581039.566: [GC2014-03-10T23:32:53.581+0000: 581039.566: [ParNew
Desired survivor size 8716288 bytes, new threshold 4 (max 6)
- age   1:    2593808 bytes,    2593808 total
- age   2:    2382840 bytes,    4976648 total
- age   3:    2269992 bytes,    7246640 total
- age   4:    2292080 bytes,    9538720 total
: 150410K->13970K(153344K), 0.0248830 secs] 800367K->666311K(1229120K), 0.0250520 secs] [Times: user=0.05 sys=0.00, real=0.03 secs] 
2014-03-10T23:37:03.889+0000: 581289.874: [GC2014-03-10T23:37:03.889+0000: 581289.874: [ParNew
Desired survivor size 8716288 bytes, new threshold 4 (max 6)
- age   1:    2573080 bytes,    2573080 total
- age   2:    2316896 bytes,    4889976 total
- age   3:    2381896 bytes,    7271872 total
- age   4:    2269496 bytes,    9541368 total
: 150290K->13931K(153344K), 0.0249240 secs] 802631K->668628K(1229120K), 0.0250940 secs] [Times: user=0.05 sys=0.00, real=0.03 secs] 
2014-03-10T23:40:59.054+0000: 581525.039: [GC2014-03-10T23:40:59.054+0000: 581525.039: [ParNew
Desired survivor size 8716288 bytes, new threshold 4 (max 6)
- age   1:    3005552 bytes,    3005552 total
- age   2:    2308912 bytes,    5314464 total
- age   3:    2270936 bytes,    7585400 total
- age   4:    2380936 bytes,    9966336 total
: 150251K->14014K(153344K), 0.0249640 secs] 804948K->671043K(1229120K), 0.0251190 secs] [Times: user=0.05 sys=0.00, real=0.02 secs] 
2014-03-10T23:45:07.830+0000: 581773.815: [GC2014-03-10T23:45:07.830+0000: 581773.815: [ParNew
Desired survivor size 8716288 bytes, new threshold 4 (max 6)
- age   1:    2534176 bytes,    2534176 total
- age   2:    2670472 bytes,    5204648 total
- age   3:    2308072 bytes,    7512720 total
- age   4:    2269800 bytes,    9782520 total
: 150334K->14292K(153344K), 0.0260650 secs] 807363K->673728K(1229120K), 0.0262380 secs] [Times: user=0.05 sys=0.00, real=0.03 secs] 
2014-03-10T23:49:15.614+0000: 582021.599: [GC2014-03-10T23:49:15.614+0000: 582021.599: [ParNew
Desired survivor size 8716288 bytes, new threshold 4 (max 6)
- age   1:    2691968 bytes,    2691968 total
- age   2:    2285304 bytes,    4977272 total
- age   3:    2607104 bytes,    7584376 total
- age   4:    2307872 bytes,    9892248 total
: 150612K->14671K(153344K), 0.0259680 secs] 810048K->676439K(1229120K), 0.0261230 secs] [Times: user=0.06 sys=0.00, real=0.02 secs] 
2014-03-10T23:53:23.520+0000: 582269.505: [GC2014-03-10T23:53:23.520+0000: 582269.505: [ParNew
Desired survivor size 8716288 bytes, new threshold 4 (max 6)
- age   1:    2576816 bytes,    2576816 total
- age   2:    2372856 bytes,    4949672 total
- age   3:    2284752 bytes,    7234424 total
- age   4:    2208184 bytes,    9442608 total
: 150991K->13959K(153344K), 0.0244360 secs] 812759K->678099K(1229120K), 0.0245810 secs] [Times: user=0.05 sys=0.00, real=0.03 secs] 
2014-03-10T23:57:32.192+0000: 582518.177: [GC2014-03-10T23:57:32.192+0000: 582518.177: [ParNew
Desired survivor size 8716288 bytes, new threshold 4 (max 6)
- age   1:    2582656 bytes,    2582656 total
- age   2:    2311544 bytes,    4894200 total
- age   3:    2371736 bytes,    7265936 total
- age   4:    2284256 bytes,    9550192 total
: 150279K->13825K(153344K), 0.0245130 secs] 814419K->680236K(1229120K), 0.0246700 secs] [Times: user=0.05 sys=0.00, real=0.03 secs] 
2014-03-11T00:01:40.049+0000: 582766.034: [GC2014-03-11T00:01:40.049+0000: 582766.034: [ParNew
Desired survivor size 8716288 bytes, new threshold 4 (max 6)
- age   1:    2687472 bytes,    2687472 total
- age   2:    2279448 bytes,    4966920 total
- age   3:    2310368 bytes,    7277288 total
- age   4:    2370496 bytes,    9647784 total
: 150145K->13986K(153344K), 0.0245450 secs] 816556K->682744K(1229120K), 0.0246960 secs] [Times: user=0.06 sys=0.00, real=0.02 secs] 
2014-03-11T00:05:50.339+0000: 583016.323: [GC2014-03-11T00:05:50.339+0000: 583016.323: [ParNew
Desired survivor size 8716288 bytes, new threshold 4 (max 6)
- age   1:    2549568 bytes,    2549568 total
- age   2:    2419936 bytes,    4969504 total
- age   3:    2278328 bytes,    7247832 total
- age   4:    2310000 bytes,    9557832 total
: 150306K->13950K(153344K), 0.0244610 secs] 819064K->685063K(1229120K), 0.0246180 secs] [Times: user=0.05 sys=0.00, real=0.03 secs] 
2014-03-11T00:09:58.148+0000: 583264.132: [GC2014-03-11T00:09:58.148+0000: 583264.132: [ParNew
Desired survivor size 8716288 bytes, new threshold 4 (max 6)
- age   1:    2666232 bytes,    2666232 total
- age   2:    2314056 bytes,    4980288 total
- age   3:    2372552 bytes,    7352840 total
- age   4:    2277784 bytes,    9630624 total
: 150270K->14025K(153344K), 0.0252590 secs] 821383K->687512K(1229120K), 0.0254040 secs] [Times: user=0.05 sys=0.00, real=0.02 secs] 
2014-03-11T00:14:05.776+0000: 583511.760: [GC2014-03-11T00:14:05.776+0000: 583511.761: [ParNew
Desired survivor size 8716288 bytes, new threshold 4 (max 6)
- age   1:    2541176 bytes,    2541176 total
- age   2:    2352344 bytes,    4893520 total
- age   3:    2313800 bytes,    7207320 total
- age   4:    2292424 bytes,    9499744 total
: 150345K->17024K(153344K), 0.0247980 secs] 823832K->692957K(1229120K), 0.0249650 secs] [Times: user=0.05 sys=0.00, real=0.02 secs] 
2014-03-11T00:18:15.630+0000: 583761.615: [GC2014-03-11T00:18:15.630+0000: 583761.615: [ParNew
Desired survivor size 8716288 bytes, new threshold 4 (max 6)
- age   1:    2618008 bytes,    2618008 total
- age   2:    2307664 bytes,    4925672 total
- age   3:    2351208 bytes,    7276880 total
- age   4:    2313304 bytes,    9590184 total
: 153344K->11675K(153344K), 0.0245240 secs] 829277K->689966K(1229120K), 0.0246870 secs] [Times: user=0.05 sys=0.00, real=0.03 secs] 
2014-03-11T00:22:24.151+0000: 584010.136: [GC2014-03-11T00:22:24.151+0000: 584010.136: [ParNew
Desired survivor size 8716288 bytes, new threshold 4 (max 6)
- age   1:    2724552 bytes,    2724552 total
- age   2:    2311560 bytes,    5036112 total
- age   3:    2307024 bytes,    7343136 total
- age   4:    2349920 bytes,    9693056 total
: 147995K->16965K(153344K), 0.0248000 secs] 826286K->697634K(1229120K), 0.0249640 secs] [Times: user=0.05 sys=0.00, real=0.03 secs] 
2014-03-11T00:26:33.918+0000: 584259.903: [GC2014-03-11T00:26:33.919+0000: 584259.903: [ParNew
Desired survivor size 8716288 bytes, new threshold 4 (max 6)
- age   1:    2562408 bytes,    2562408 total
- age   2:    2425984 bytes,    4988392 total
- age   3:    2309736 bytes,    7298128 total
- age   4:    2306528 bytes,    9604656 total
: 153285K->11262K(153344K), 0.0245460 secs] 833954K->694264K(1229120K), 0.0246940 secs] [Times: user=0.05 sys=0.00, real=0.03 secs] 
2014-03-11T00:30:40.916+0000: 584506.901: [GC2014-03-11T00:30:40.916+0000: 584506.901: [ParNew
Desired survivor size 8716288 bytes, new threshold 4 (max 6)
- age   1:    2553120 bytes,    2553120 total
- age   2:    2310264 bytes,    4863384 total
- age   3:    2424880 bytes,    7288264 total
- age   4:    2309512 bytes,    9597776 total
: 147582K->16845K(153344K), 0.0245140 secs] 830584K->702218K(1229120K), 0.0246760 secs] [Times: user=0.05 sys=0.00, real=0.02 secs] 
2014-03-11T00:34:48.984+0000: 584754.968: [GC2014-03-11T00:34:48.984+0000: 584754.969: [ParNew
Desired survivor size 8716288 bytes, new threshold 4 (max 6)
- age   1:    2622216 bytes,    2622216 total
- age   2:    2321208 bytes,    4943424 total
- age   3:    2309696 bytes,    7253120 total
- age   4:    2339200 bytes,    9592320 total
: 153165K->14015K(153344K), 0.0244270 secs] 838538K->701762K(1229120K), 0.0245750 secs] [Times: user=0.05 sys=0.00, real=0.02 secs] 
2014-03-11T00:38:56.572+0000: 585002.557: [GC2014-03-11T00:38:56.572+0000: 585002.557: [ParNew
Desired survivor size 8716288 bytes, new threshold 4 (max 6)
- age   1:    2550872 bytes,    2550872 total
- age   2:    2339384 bytes,    4890256 total
- age   3:    2320904 bytes,    7211160 total
- age   4:    2309296 bytes,    9520456 total
: 150335K->16712K(153344K), 0.0250210 secs] 838082K->706821K(1229120K), 0.0251730 secs] [Times: user=0.06 sys=0.00, real=0.03 secs] 
2014-03-11T00:43:04.673+0000: 585250.658: [GC2014-03-11T00:43:04.673+0000: 585250.658: [ParNew
Desired survivor size 8716288 bytes, new threshold 4 (max 6)
- age   1:    2757656 bytes,    2757656 total
- age   2:    2255048 bytes,    5012704 total
- age   3:    2338104 bytes,    7350808 total
- age   4:    2320392 bytes,    9671200 total
: 153032K->11229K(153344K), 0.0249380 secs] 843141K->703713K(1229120K), 0.0251080 secs] [Times: user=0.05 sys=0.00, real=0.03 secs] 
2014-03-11T00:47:14.172+0000: 585500.157: [GC2014-03-11T00:47:14.172+0000: 585500.157: [ParNew
Desired survivor size 8716288 bytes, new threshold 4 (max 6)
- age   1:    2566800 bytes,    2566800 total
- age   2:    2402776 bytes,    4969576 total
- age   3:    2253768 bytes,    7223344 total
- age   4:    2298120 bytes,    9521464 total
: 147549K->16759K(153344K), 0.0275770 secs] 840033K->711588K(1229120K), 0.0277440 secs] [Times: user=0.04 sys=0.00, real=0.03 secs] 
2014-03-11T00:51:23.549+0000: 585749.534: [GC2014-03-11T00:51:23.549+0000: 585749.534: [ParNew
Desired survivor size 8716288 bytes, new threshold 4 (max 6)
- age   1:    2617128 bytes,    2617128 total
- age   2:    2292688 bytes,    4909816 total
- age   3:    2401416 bytes,    7311232 total
- age   4:    2253560 bytes,    9564792 total
: 153079K->11201K(153344K), 0.0244280 secs] 847908K->708392K(1229120K), 0.0245790 secs] [Times: user=0.06 sys=0.00, real=0.02 secs] 
2014-03-11T00:55:30.242+0000: 585996.227: [GC2014-03-11T00:55:30.242+0000: 585996.227: [ParNew
Desired survivor size 8716288 bytes, new threshold 4 (max 6)
- age   1:    2568896 bytes,    2568896 total
- age   2:    2343856 bytes,    4912752 total
- age   3:    2292088 bytes,    7204840 total
- age   4:    2361224 bytes,    9566064 total
: 147521K->12562K(153344K), 0.0242210 secs] 844712K->712070K(1229120K), 0.0243760 secs] [Times: user=0.05 sys=0.00, real=0.02 secs] 
2014-03-11T00:59:36.916+0000: 586242.901: [GC2014-03-11T00:59:36.916+0000: 586242.901: [ParNew
Desired survivor size 8716288 bytes, new threshold 4 (max 6)
- age   1:    2534768 bytes,    2534768 total
- age   2:    2322160 bytes,    4856928 total
- age   3:    2343080 bytes,    7200008 total
- age   4:    2291736 bytes,    9491744 total
: 148882K->13559K(153344K), 0.0248020 secs] 848390K->715407K(1229120K), 0.0249610 secs] [Times: user=0.05 sys=0.00, real=0.02 secs] 
2014-03-11T01:03:44.213+0000: 586490.198: [GC2014-03-11T01:03:44.213+0000: 586490.198: [ParNew
Desired survivor size 8716288 bytes, new threshold 4 (max 6)
- age   1:    2662432 bytes,    2662432 total
- age   2:    2255024 bytes,    4917456 total
- age   3:    2321056 bytes,    7238512 total
- age   4:    2342560 bytes,    9581072 total
: 149879K->13854K(153344K), 0.0246830 secs] 851727K->718058K(1229120K), 0.0248390 secs] [Times: user=0.05 sys=0.00, real=0.03 secs] 
2014-03-11T01:07:51.219+0000: 586737.203: [GC2014-03-11T01:07:51.219+0000: 586737.204: [ParNew
Desired survivor size 8716288 bytes, new threshold 4 (max 6)
- age   1:    2635392 bytes,    2635392 total
- age   2:    2340400 bytes,    4975792 total
- age   3:    2254056 bytes,    7229848 total
- age   4:    2281000 bytes,    9510848 total
: 150174K->13841K(153344K), 0.0247070 secs] 854378K->720413K(1229120K), 0.0248820 secs] [Times: user=0.06 sys=0.00, real=0.03 secs] 
2014-03-11T01:11:59.358+0000: 586985.343: [GC2014-03-11T01:11:59.358+0000: 586985.343: [ParNew
Desired survivor size 8716288 bytes, new threshold 4 (max 6)
- age   1:    2607384 bytes,    2607384 total
- age   2:    2293576 bytes,    4900960 total
- age   3:    2339304 bytes,    7240264 total
- age   4:    2253704 bytes,    9493968 total
: 150161K->13872K(153344K), 0.0245250 secs] 856733K->722789K(1229120K), 0.0246840 secs] [Times: user=0.05 sys=0.00, real=0.03 secs] 
2014-03-11T01:16:05.916+0000: 587231.901: [GC2014-03-11T01:16:05.916+0000: 587231.901: [ParNew
Desired survivor size 8716288 bytes, new threshold 4 (max 6)
- age   1:    2583704 bytes,    2583704 total
- age   2:    2332312 bytes,    4916016 total
- age   3:    2292472 bytes,    7208488 total
- age   4:    2338160 bytes,    9546648 total
: 150192K->13931K(153344K), 0.0254690 secs] 859109K->725165K(1229120K), 0.0256420 secs] [Times: user=0.05 sys=0.00, real=0.02 secs] 
2014-03-11T01:20:15.670+0000: 587481.655: [GC2014-03-11T01:20:15.670+0000: 587481.655: [ParNew
Desired survivor size 8716288 bytes, new threshold 4 (max 6)
- age   1:    2581048 bytes,    2581048 total
- age   2:    2343984 bytes,    4925032 total
- age   3:    2286504 bytes,    7211536 total
- age   4:    2292024 bytes,    9503560 total
: 150251K->13828K(153344K), 0.0244450 secs] 861485K->727383K(1229120K), 0.0246040 secs] [Times: user=0.06 sys=0.00, real=0.03 secs] 
2014-03-11T01:24:24.528+0000: 587730.513: [GC2014-03-11T01:24:24.528+0000: 587730.513: [ParNew
Desired survivor size 8716288 bytes, new threshold 4 (max 6)
- age   1:    2674288 bytes,    2674288 total
- age   2:    2346088 bytes,    5020376 total
- age   3:    2342856 bytes,    7363232 total
- age   4:    2285704 bytes,    9648936 total
: 150148K->13935K(153344K), 0.0261110 secs] 863703K->729848K(1229120K), 0.0262820 secs] [Times: user=0.05 sys=0.00, real=0.03 secs] 
2014-03-11T01:28:31.313+0000: 587977.298: [GC2014-03-11T01:28:31.313+0000: 587977.298: [ParNew
Desired survivor size 8716288 bytes, new threshold 4 (max 6)
- age   1:    2600376 bytes,    2600376 total
- age   2:    2368688 bytes,    4969064 total
- age   3:    2300032 bytes,    7269096 total
- age   4:    2262936 bytes,    9532032 total
: 150255K->13936K(153344K), 0.0246100 secs] 866168K->732198K(1229120K), 0.0247650 secs] [Times: user=0.06 sys=0.00, real=0.03 secs] 
2014-03-11T01:32:39.750+0000: 588225.734: [GC2014-03-11T01:32:39.750+0000: 588225.735: [ParNew
Desired survivor size 8716288 bytes, new threshold 4 (max 6)
- age   1:    2598216 bytes,    2598216 total
- age   2:    2268104 bytes,    4866320 total
- age   3:    2368264 bytes,    7234584 total
- age   4:    2299376 bytes,    9533960 total
: 150256K->13917K(153344K), 0.0250030 secs] 868518K->734507K(1229120K), 0.0251750 secs] [Times: user=0.06 sys=0.00, real=0.03 secs] 
2014-03-11T01:36:45.909+0000: 588471.894: [GC2014-03-11T01:36:45.909+0000: 588471.894: [ParNew
Desired survivor size 8716288 bytes, new threshold 4 (max 6)
- age   1:    2678424 bytes,    2678424 total
- age   2:    2293856 bytes,    4972280 total
- age   3:    2267144 bytes,    7239424 total
- age   4:    2366960 bytes,    9606384 total
: 150237K->13989K(153344K), 0.0244620 secs] 870827K->736942K(1229120K), 0.0246140 secs] [Times: user=0.06 sys=0.00, real=0.02 secs] 
2014-03-11T01:40:54.179+0000: 588720.164: [GC2014-03-11T01:40:54.179+0000: 588720.164: [ParNew
Desired survivor size 8716288 bytes, new threshold 4 (max 6)
- age   1:    2595560 bytes,    2595560 total
- age   2:    2340000 bytes,    4935560 total
- age   3:    2293056 bytes,    7228616 total
- age   4:    2266648 bytes,    9495264 total
: 150309K->13906K(153344K), 0.0242200 secs] 873262K->739211K(1229120K), 0.0243750 secs] [Times: user=0.06 sys=0.00, real=0.03 secs] 
2014-03-11T01:44:58.404+0000: 588964.389: [GC2014-03-11T01:44:58.404+0000: 588964.389: [ParNew
Desired survivor size 8716288 bytes, new threshold 4 (max 6)
- age   1:    2711176 bytes,    2711176 total
- age   2:    2270024 bytes,    4981200 total
- age   3:    2338992 bytes,    7320192 total
- age   4:    2292800 bytes,    9612992 total
: 150226K->13893K(153344K), 0.0248300 secs] 875531K->741529K(1229120K), 0.0249830 secs] [Times: user=0.06 sys=0.00, real=0.02 secs] 
2014-03-11T01:49:10.916+0000: 589216.901: [GC2014-03-11T01:49:10.916+0000: 589216.901: [ParNew
Desired survivor size 8716288 bytes, new threshold 4 (max 6)
- age   1:    2582784 bytes,    2582784 total
- age   2:    2282712 bytes,    4865496 total
- age   3:    2269128 bytes,    7134624 total
- age   4:    2338304 bytes,    9472928 total
: 150213K->13947K(153344K), 0.0248280 secs] 877849K->743940K(1229120K), 0.0249990 secs] [Times: user=0.05 sys=0.00, real=0.02 secs] 
2014-03-11T01:53:24.011+0000: 589469.996: [GC2014-03-11T01:53:24.011+0000: 589469.996: [ParNew
Desired survivor size 8716288 bytes, new threshold 4 (max 6)
- age   1:    2715328 bytes,    2715328 total
- age   2:    2311120 bytes,    5026448 total
- age   3:    2282008 bytes,    7308456 total
- age   4:    2268728 bytes,    9577184 total
: 150267K->13858K(153344K), 0.0267430 secs] 880260K->746252K(1229312K), 0.0269070 secs] [Times: user=0.06 sys=0.00, real=0.03 secs] 
2014-03-11T01:57:35.305+0000: 589721.290: [GC2014-03-11T01:57:35.305+0000: 589721.290: [ParNew
Desired survivor size 8716288 bytes, new threshold 4 (max 6)
- age   1:    2585504 bytes,    2585504 total
- age   2:    2407840 bytes,    4993344 total
- age   3:    2310064 bytes,    7303408 total
- age   4:    2281688 bytes,    9585096 total
: 150178K->13951K(153344K), 0.0245150 secs] 882572K->748678K(1229312K), 0.0246630 secs] [Times: user=0.06 sys=0.00, real=0.02 secs] 
2014-03-11T02:01:49.605+0000: 589975.590: [GC2014-03-11T02:01:49.605+0000: 589975.590: [ParNew
Desired survivor size 8716288 bytes, new threshold 4 (max 6)
- age   1:    2541192 bytes,    2541192 total
- age   2:    2315280 bytes,    4856472 total
- age   3:    2406624 bytes,    7263096 total
- age   4:    2309696 bytes,    9572792 total
: 150271K->17024K(153344K), 0.0248990 secs] 884998K->754191K(1229312K), 0.0250520 secs] [Times: user=0.06 sys=0.00, real=0.02 secs] 
2014-03-11T02:06:00.661+0000: 590226.645: [GC2014-03-11T02:06:00.661+0000: 590226.645: [ParNew
Desired survivor size 8716288 bytes, new threshold 4 (max 6)
- age   1:    2698136 bytes,    2698136 total
- age   2:    2330480 bytes,    5028616 total
- age   3:    2314952 bytes,    7343568 total
- age   4:    2405672 bytes,    9749240 total
: 153344K->11812K(153344K), 0.0252290 secs] 890511K->751355K(1229312K), 0.0253920 secs] [Times: user=0.05 sys=0.00, real=0.03 secs] 
2014-03-11T02:10:13.909+0000: 590479.894: [GC2014-03-11T02:10:13.909+0000: 590479.894: [ParNew
Desired survivor size 8716288 bytes, new threshold 4 (max 6)
- age   1:    2593904 bytes,    2593904 total
- age   2:    2394808 bytes,    4988712 total
- age   3:    2329584 bytes,    7318296 total
- age   4:    2314696 bytes,    9632992 total
: 148132K->17023K(153344K), 0.0251600 secs] 887675K->758963K(1229312K), 0.0253370 secs] [Times: user=0.05 sys=0.00, real=0.03 secs] 
2014-03-11T02:14:25.102+0000: 590731.087: [GC2014-03-11T02:14:25.102+0000: 590731.087: [ParNew
Desired survivor size 8716288 bytes, new threshold 4 (max 6)
- age   1:    2712552 bytes,    2712552 total
- age   2:    2334448 bytes,    5047000 total
- age   3:    2392920 bytes,    7439920 total
- age   4:    2329184 bytes,    9769104 total
: 153343K->11392K(153344K), 0.0248510 secs] 895283K->755712K(1229312K), 0.0250050 secs] [Times: user=0.05 sys=0.00, real=0.03 secs] 
2014-03-11T02:18:38.898+0000: 590984.883: [GC2014-03-11T02:18:38.898+0000: 590984.883: [ParNew
Desired survivor size 8716288 bytes, new threshold 4 (max 6)
- age   1:    2610872 bytes,    2610872 total
- age   2:    2395296 bytes,    5006168 total
- age   3:    2333480 bytes,    7339648 total
- age   4:    2313352 bytes,    9653000 total
: 147712K->12739K(153344K), 0.0259110 secs] 892032K->759453K(1229312K), 0.0260460 secs] [Times: user=0.05 sys=0.00, real=0.03 secs] 
2014-03-11T02:22:51.219+0000: 591237.203: [GC2014-03-11T02:22:51.219+0000: 591237.203: [ParNew
Desired survivor size 8716288 bytes, new threshold 4 (max 6)
- age   1:    2470976 bytes,    2470976 total
- age   2:    2377496 bytes,    4848472 total
- age   3:    2394280 bytes,    7242752 total
- age   4:    2332872 bytes,    9575624 total
: 149059K->17024K(153344K), 0.0249340 secs] 895773K->766210K(1229312K), 0.0250940 secs] [Times: user=0.05 sys=0.00, real=0.03 secs] 
2014-03-11T02:27:03.331+0000: 591489.315: [GC2014-03-11T02:27:03.331+0000: 591489.315: [ParNew
Desired survivor size 8716288 bytes, new threshold 4 (max 6)
- age   1:    2684336 bytes,    2684336 total
- age   2:    2313768 bytes,    4998104 total
- age   3:    2331544 bytes,    7329648 total
- age   4:    2392992 bytes,    9722640 total
: 153344K->11737K(153344K), 0.0252570 secs] 902530K->763322K(1229312K), 0.0254220 secs] [Times: user=0.05 sys=0.00, real=0.03 secs] 
2014-03-11T02:31:15.536+0000: 591741.521: [GC2014-03-11T02:31:15.536+0000: 591741.521: [ParNew
Desired survivor size 8716288 bytes, new threshold 4 (max 6)
- age   1:    2593928 bytes,    2593928 total
- age   2:    2379232 bytes,    4973160 total
- age   3:    2313176 bytes,    7286336 total
- age   4:    2330504 bytes,    9616840 total
: 148057K->16971K(153344K), 0.0250000 secs] 899642K->770935K(1229312K), 0.0251630 secs] [Times: user=0.05 sys=0.00, real=0.02 secs] 
2014-03-11T02:35:27.777+0000: 591993.761: [GC2014-03-11T02:35:27.777+0000: 591993.761: [ParNew
Desired survivor size 8716288 bytes, new threshold 4 (max 6)
- age   1:    2635272 bytes,    2635272 total
- age   2:    2384424 bytes,    5019696 total
- age   3:    2377480 bytes,    7397176 total
- age   4:    2312920 bytes,    9710096 total
: 153291K->11362K(153344K), 0.0249900 secs] 907255K->767722K(1229312K), 0.0251550 secs] [Times: user=0.05 sys=0.00, real=0.02 secs] 
2014-03-11T02:39:40.520+0000: 592246.505: [GC2014-03-11T02:39:40.520+0000: 592246.505: [ParNew
Desired survivor size 8716288 bytes, new threshold 4 (max 6)
- age   1:    2605304 bytes,    2605304 total
- age   2:    2389568 bytes,    4994872 total
- age   3:    2338288 bytes,    7333160 total
- age   4:    2297928 bytes,    9631088 total
: 147682K->16858K(153344K), 0.0247630 secs] 904042K->775597K(1229312K), 0.0249230 secs] [Times: user=0.05 sys=0.00, real=0.03 secs] 
2014-03-11T02:43:52.230+0000: 592498.214: [GC2014-03-11T02:43:52.230+0000: 592498.214: [ParNew
Desired survivor size 8716288 bytes, new threshold 4 (max 6)
- age   1:    2553872 bytes,    2553872 total
- age   2:    2385688 bytes,    4939560 total
- age   3:    2389032 bytes,    7328592 total
- age   4:    2337040 bytes,    9665632 total
: 153178K->11266K(153344K), 0.0250440 secs] 911917K->772367K(1229312K), 0.0251980 secs] [Times: user=0.04 sys=0.01, real=0.03 secs] 
2014-03-11T02:48:05.488+0000: 592751.472: [GC2014-03-11T02:48:05.488+0000: 592751.472: [ParNew
Desired survivor size 8716288 bytes, new threshold 4 (max 6)
- age   1:    2626752 bytes,    2626752 total
- age   2:    2304064 bytes,    4930816 total
- age   3:    2385200 bytes,    7316016 total
- age   4:    2388080 bytes,    9704096 total
: 147586K->16982K(153344K), 0.0254880 secs] 908687K->780486K(1229312K), 0.0256680 secs] [Times: user=0.05 sys=0.00, real=0.02 secs] 
2014-03-11T02:52:15.916+0000: 593001.901: [GC2014-03-11T02:52:15.916+0000: 593001.901: [ParNew
Desired survivor size 8716288 bytes, new threshold 4 (max 6)
- age   1:    2551232 bytes,    2551232 total
- age   2:    2419072 bytes,    4970304 total
- age   3:    2303616 bytes,    7273920 total
- age   4:    2339200 bytes,    9613120 total
: 153302K->11276K(153344K), 0.0253360 secs] 916806K->777153K(1229312K), 0.0254900 secs] [Times: user=0.06 sys=0.00, real=0.02 secs] 
2014-03-11T02:56:28.909+0000: 593254.894: [GC2014-03-11T02:56:28.909+0000: 593254.894: [ParNew
Desired survivor size 8716288 bytes, new threshold 4 (max 6)
- age   1:    2687232 bytes,    2687232 total
- age   2:    2299256 bytes,    4986488 total
- age   3:    2417536 bytes,    7404024 total
- age   4:    2303024 bytes,    9707048 total
: 147596K->16908K(153344K), 0.0249290 secs] 913473K->785191K(1229312K), 0.0250800 secs] [Times: user=0.05 sys=0.00, real=0.02 secs] 
2014-03-11T03:00:40.909+0000: 593506.894: [GC2014-03-11T03:00:40.910+0000: 593506.894: [ParNew
Desired survivor size 8716288 bytes, new threshold 4 (max 6)
- age   1:    2596232 bytes,    2596232 total
- age   2:    2441680 bytes,    5037912 total
- age   3:    2298176 bytes,    7336088 total
- age   4:    2338208 bytes,    9674296 total
: 153228K->14049K(153344K), 0.0262920 secs] 921511K->784699K(1229312K), 0.0264640 secs] [Times: user=0.05 sys=0.00, real=0.03 secs] 
2014-03-11T03:04:53.301+0000: 593759.286: [GC2014-03-11T03:04:53.301+0000: 593759.286: [ParNew
Desired survivor size 8716288 bytes, new threshold 4 (max 6)
- age   1:    2661744 bytes,    2661744 total
- age   2:    2327848 bytes,    4989592 total
- age   3:    2395632 bytes,    7385224 total
- age   4:    2297760 bytes,    9682984 total
: 150369K->12708K(153344K), 0.0252430 secs] 921019K->785762K(1229312K), 0.0254060 secs] [Times: user=0.06 sys=0.00, real=0.03 secs] 
2014-03-11T03:09:05.219+0000: 594011.204: [GC2014-03-11T03:09:05.219+0000: 594011.204: [ParNew
Desired survivor size 8716288 bytes, new threshold 4 (max 6)
- age   1:    2677024 bytes,    2677024 total
- age   2:    2335720 bytes,    5012744 total
- age   3:    2327176 bytes,    7339920 total
- age   4:    2394088 bytes,    9734008 total
: 149028K->13857K(153344K), 0.0252000 secs] 922082K->789274K(1229312K), 0.0253660 secs] [Times: user=0.05 sys=0.00, real=0.03 secs] 
2014-03-11T03:13:18.229+0000: 594264.214: [GC2014-03-11T03:13:18.229+0000: 594264.214: [ParNew
Desired survivor size 8716288 bytes, new threshold 4 (max 6)
- age   1:    2656504 bytes,    2656504 total
- age   2:    2389736 bytes,    5046240 total
- age   3:    2334376 bytes,    7380616 total
- age   4:    2326728 bytes,    9707344 total
: 150177K->14017K(153344K), 0.0247540 secs] 925594K->791814K(1229312K), 0.0249010 secs] [Times: user=0.06 sys=0.00, real=0.02 secs] 
2014-03-11T03:17:30.909+0000: 594516.894: [GC2014-03-11T03:17:30.909+0000: 594516.894: [ParNew
Desired survivor size 8716288 bytes, new threshold 4 (max 6)
- age   1:    2675912 bytes,    2675912 total
- age   2:    2362712 bytes,    5038624 total
- age   3:    2387952 bytes,    7426576 total
- age   4:    2333976 bytes,    9760552 total
: 150337K->14210K(153344K), 0.0253020 secs] 928134K->794399K(1229312K), 0.0254580 secs] [Times: user=0.05 sys=0.00, real=0.03 secs] 
2014-03-11T03:21:43.873+0000: 594769.858: [GC2014-03-11T03:21:43.873+0000: 594769.858: [ParNew
Desired survivor size 8716288 bytes, new threshold 4 (max 6)
- age   1:    2606952 bytes,    2606952 total
- age   2:    2406984 bytes,    5013936 total
- age   3:    2316160 bytes,    7330096 total
- age   4:    2308384 bytes,    9638480 total
: 150530K->14134K(153344K), 0.0251050 secs] 930719K->796721K(1229312K), 0.0252660 secs] [Times: user=0.05 sys=0.00, real=0.03 secs] 
2014-03-11T03:25:55.901+0000: 595021.885: [GC2014-03-11T03:25:55.901+0000: 595021.885: [ParNew
Desired survivor size 8716288 bytes, new threshold 4 (max 6)
- age   1:    2647312 bytes,    2647312 total
- age   2:    2317608 bytes,    4964920 total
- age   3:    2406360 bytes,    7371280 total
- age   4:    2315440 bytes,    9686720 total
: 150454K->14086K(153344K), 0.0248140 secs] 933041K->799047K(1229312K), 0.0249670 secs] [Times: user=0.05 sys=0.00, real=0.03 secs] 
2014-03-11T03:30:09.475+0000: 595275.460: [GC2014-03-11T03:30:09.475+0000: 595275.460: [ParNew
Desired survivor size 8716288 bytes, new threshold 4 (max 6)
- age   1:    2726848 bytes,    2726848 total
- age   2:    2328248 bytes,    5055096 total
- age   3:    2316768 bytes,    7371864 total
- age   4:    2405264 bytes,    9777128 total
: 150406K->14204K(153344K), 0.0292540 secs] 935367K->801547K(1229312K), 0.0294390 secs] [Times: user=0.06 sys=0.00, real=0.03 secs] 
2014-03-11T03:34:20.654+0000: 595526.639: [GC2014-03-11T03:34:20.654+0000: 595526.639: [ParNew
Desired survivor size 8716288 bytes, new threshold 4 (max 6)
- age   1:    2615528 bytes,    2615528 total
- age   2:    2408400 bytes,    5023928 total
- age   3:    2326840 bytes,    7350768 total
- age   4:    2315624 bytes,    9666392 total
: 150524K->14149K(153344K), 0.0249280 secs] 937867K->803884K(1229312K), 0.0250840 secs] [Times: user=0.05 sys=0.00, real=0.02 secs] 
2014-03-11T03:38:34.795+0000: 595780.780: [GC2014-03-11T03:38:34.795+0000: 595780.780: [ParNew
Desired survivor size 8716288 bytes, new threshold 4 (max 6)
- age   1:    2713936 bytes,    2713936 total
- age   2:    2320136 bytes,    5034072 total
- age   3:    2406632 bytes,    7440704 total
- age   4:    2326584 bytes,    9767288 total
: 150469K->14200K(153344K), 0.0249480 secs] 940204K->806316K(1229312K), 0.0250960 secs] [Times: user=0.05 sys=0.00, real=0.02 secs] 
2014-03-11T03:42:47.921+0000: 596033.906: [GC2014-03-11T03:42:47.921+0000: 596033.906: [ParNew
Desired survivor size 8716288 bytes, new threshold 4 (max 6)
- age   1:    2522744 bytes,    2522744 total
- age   2:    2470016 bytes,    4992760 total
- age   3:    2319064 bytes,    7311824 total
- age   4:    2327400 bytes,    9639224 total
: 150520K->9455K(153344K), 0.0246550 secs] 942636K->803962K(1229312K), 0.0247970 secs] [Times: user=0.05 sys=0.00, real=0.03 secs] 
2014-03-11T03:46:58.909+0000: 596284.894: [GC2014-03-11T03:46:58.909+0000: 596284.894: [ParNew
Desired survivor size 8716288 bytes, new threshold 4 (max 6)
- age   1:    2598016 bytes,    2598016 total
- age   2:    2299568 bytes,    4897584 total
- age   3:    2423864 bytes,    7321448 total
- age   4:    2318648 bytes,    9640096 total
: 145775K->14091K(153344K), 0.0253450 secs] 940282K->810989K(1229312K), 0.0254970 secs] [Times: user=0.05 sys=0.00, real=0.03 secs] 
2014-03-11T03:51:10.268+0000: 596536.253: [GC2014-03-11T03:51:10.268+0000: 596536.253: [ParNew
Desired survivor size 8716288 bytes, new threshold 4 (max 6)
- age   1:    2711904 bytes,    2711904 total
- age   2:    2343584 bytes,    5055488 total
- age   3:    2298872 bytes,    7354360 total
- age   4:    2422144 bytes,    9776504 total
: 150411K->14153K(153344K), 0.0253670 secs] 947309K->813437K(1229312K), 0.0255280 secs] [Times: user=0.05 sys=0.00, real=0.02 secs] 
2014-03-11T03:55:23.316+0000: 596789.300: [GC2014-03-11T03:55:23.316+0000: 596789.301: [ParNew
Desired survivor size 8716288 bytes, new threshold 4 (max 6)
- age   1:    2629376 bytes,    2629376 total
- age   2:    2380064 bytes,    5009440 total
- age   3:    2342600 bytes,    7352040 total
- age   4:    2298376 bytes,    9650416 total
: 150473K->14137K(153344K), 0.0263960 secs] 949757K->815830K(1229312K), 0.0265520 secs] [Times: user=0.05 sys=0.00, real=0.03 secs] 
2014-03-11T03:59:35.379+0000: 597041.364: [GC2014-03-11T03:59:35.379+0000: 597041.364: [ParNew
Desired survivor size 8716288 bytes, new threshold 4 (max 6)
- age   1:    2670240 bytes,    2670240 total
- age   2:    2367856 bytes,    5038096 total
- age   3:    2377960 bytes,    7416056 total
- age   4:    2342152 bytes,    9758208 total
: 150457K->14177K(153344K), 0.0249510 secs] 952150K->818233K(1229312K), 0.0251160 secs] [Times: user=0.05 sys=0.01, real=0.03 secs] 
2014-03-11T04:03:48.996+0000: 597294.981: [GC2014-03-11T04:03:48.996+0000: 597294.981: [ParNew
Desired survivor size 8716288 bytes, new threshold 4 (max 6)
- age   1:    2657008 bytes,    2657008 total
- age   2:    2403480 bytes,    5060488 total
- age   3:    2321712 bytes,    7382200 total
- age   4:    2298456 bytes,    9680656 total
: 150497K->14123K(153344K), 0.0250150 secs] 954553K->820587K(1229312K), 0.0251700 secs] [Times: user=0.05 sys=0.00, real=0.02 secs] 
2014-03-11T04:08:00.314+0000: 597546.299: [GC2014-03-11T04:08:00.314+0000: 597546.299: [ParNew
Desired survivor size 8716288 bytes, new threshold 4 (max 6)
- age   1:    2600704 bytes,    2600704 total
- age   2:    2322376 bytes,    4923080 total
- age   3:    2402968 bytes,    7326048 total
- age   4:    2320944 bytes,    9646992 total
: 150443K->14131K(153344K), 0.0249170 secs] 956907K->822957K(1229312K), 0.0250740 secs] [Times: user=0.05 sys=0.00, real=0.02 secs] 
2014-03-11T04:12:14.734+0000: 597800.719: [GC2014-03-11T04:12:14.734+0000: 597800.719: [ParNew
Desired survivor size 8716288 bytes, new threshold 4 (max 6)
- age   1:    2725416 bytes,    2725416 total
- age   2:    2367312 bytes,    5092728 total
- age   3:    2321720 bytes,    7414448 total
- age   4:    2401536 bytes,    9815984 total
: 150451K->14171K(153344K), 0.0251080 secs] 959277K->825384K(1229312K), 0.0252630 secs] [Times: user=0.05 sys=0.00, real=0.02 secs] 
2014-03-11T04:16:26.916+0000: 598052.901: [GC2014-03-11T04:16:26.916+0000: 598052.901: [ParNew
Desired survivor size 8716288 bytes, new threshold 4 (max 6)
- age   1:    2535192 bytes,    2535192 total
- age   2:    2442504 bytes,    4977696 total
- age   3:    2321056 bytes,    7298752 total
- age   4:    2321512 bytes,    9620264 total
: 150491K->14186K(153344K), 0.0247420 secs] 961704K->827786K(1229312K), 0.0249040 secs] [Times: user=0.05 sys=0.00, real=0.02 secs] 
2014-03-11T04:20:39.909+0000: 598305.894: [GC2014-03-11T04:20:39.909+0000: 598305.894: [ParNew
Desired survivor size 8716288 bytes, new threshold 4 (max 6)
- age   1:    2731224 bytes,    2731224 total
- age   2:    2327296 bytes,    5058520 total
- age   3:    2395600 bytes,    7454120 total
- age   4:    2320080 bytes,    9774200 total
: 150506K->14157K(153344K), 0.0251110 secs] 964106K->830144K(1229312K), 0.0252750 secs] [Times: user=0.05 sys=0.00, real=0.03 secs] 
2014-03-11T04:24:52.445+0000: 598558.430: [GC2014-03-11T04:24:52.445+0000: 598558.430: [ParNew
Desired survivor size 8716288 bytes, new threshold 4 (max 6)
- age   1:    2559280 bytes,    2559280 total
- age   2:    2470984 bytes,    5030264 total
- age   3:    2326808 bytes,    7357072 total
- age   4:    2315600 bytes,    9672672 total
: 150477K->14133K(153344K), 0.0247850 secs] 966464K->832506K(1229312K), 0.0249410 secs] [Times: user=0.05 sys=0.00, real=0.02 secs] 
2014-03-11T04:29:04.999+0000: 598810.983: [GC2014-03-11T04:29:04.999+0000: 598810.983: [ParNew
Desired survivor size 8716288 bytes, new threshold 4 (max 6)
- age   1:    2652160 bytes,    2652160 total
- age   2:    2305040 bytes,    4957200 total
- age   3:    2424800 bytes,    7382000 total
- age   4:    2326488 bytes,    9708488 total
: 150453K->14126K(153344K), 0.0253180 secs] 968826K->834880K(1229312K), 0.0254810 secs] [Times: user=0.05 sys=0.00, real=0.03 secs] 
2014-03-11T04:33:16.548+0000: 599062.533: [GC2014-03-11T04:33:16.548+0000: 599062.533: [ParNew
Desired survivor size 8716288 bytes, new threshold 4 (max 6)
- age   1:    2727480 bytes,    2727480 total
- age   2:    2343928 bytes,    5071408 total
- age   3:    2304728 bytes,    7376136 total
- age   4:    2422968 bytes,    9799104 total
: 150446K->14238K(153344K), 0.0254660 secs] 971200K->837384K(1229312K), 0.0256230 secs] [Times: user=0.05 sys=0.00, real=0.02 secs] 
2014-03-11T04:37:30.764+0000: 599316.749: [GC2014-03-11T04:37:30.764+0000: 599316.749: [ParNew
Desired survivor size 8716288 bytes, new threshold 4 (max 6)
- age   1:    2546832 bytes,    2546832 total
- age   2:    2432216 bytes,    4979048 total
- age   3:    2341928 bytes,    7320976 total
- age   4:    2304136 bytes,    9625112 total
: 150558K->14184K(153344K), 0.0247620 secs] 973704K->839740K(1229312K), 0.0249520 secs] [Times: user=0.05 sys=0.00, real=0.02 secs] 
2014-03-11T04:41:40.532+0000: 599566.517: [GC2014-03-11T04:41:40.533+0000: 599566.517: [ParNew
Desired survivor size 8716288 bytes, new threshold 4 (max 6)
- age   1:    2631664 bytes,    2631664 total
- age   2:    2338432 bytes,    4970096 total
- age   3:    2430392 bytes,    7400488 total
- age   4:    2341432 bytes,    9741920 total
: 150504K->14161K(153344K), 0.0250100 secs] 976060K->842086K(1229312K), 0.0251710 secs] [Times: user=0.05 sys=0.00, real=0.03 secs] 
2014-03-11T04:45:54.192+0000: 599820.177: [GC2014-03-11T04:45:54.192+0000: 599820.177: [ParNew
Desired survivor size 8716288 bytes, new threshold 4 (max 6)
- age   1:    2653680 bytes,    2653680 total
- age   2:    2381888 bytes,    5035568 total
- age   3:    2337912 bytes,    7373480 total
- age   4:    2305304 bytes,    9678784 total
: 150481K->14103K(153344K), 0.0265770 secs] 978406K->844436K(1229312K), 0.0267470 secs] [Times: user=0.05 sys=0.00, real=0.03 secs] 
2014-03-11T04:50:04.654+0000: 600070.639: [GC2014-03-11T04:50:04.654+0000: 600070.639: [ParNew
Desired survivor size 8716288 bytes, new threshold 4 (max 6)
- age   1:    2615824 bytes,    2615824 total
- age   2:    2317192 bytes,    4933016 total
- age   3:    2381408 bytes,    7314424 total
- age   4:    2337592 bytes,    9652016 total
: 150423K->14122K(153344K), 0.0250020 secs] 980756K->846823K(1229312K), 0.0251760 secs] [Times: user=0.05 sys=0.00, real=0.02 secs] 
2014-03-11T04:54:15.766+0000: 600321.751: [GC2014-03-11T04:54:15.766+0000: 600321.751: [ParNew
Desired survivor size 8716288 bytes, new threshold 4 (max 6)
- age   1:    2667280 bytes,    2667280 total
- age   2:    2328312 bytes,    4995592 total
- age   3:    2315592 bytes,    7311184 total
- age   4:    2380136 bytes,    9691320 total
: 150442K->14175K(153344K), 0.0249590 secs] 983143K->849281K(1229312K), 0.0251120 secs] [Times: user=0.05 sys=0.00, real=0.02 secs] 
2014-03-11T04:58:29.583+0000: 600575.568: [GC2014-03-11T04:58:29.584+0000: 600575.568: [ParNew
Desired survivor size 8716288 bytes, new threshold 4 (max 6)
- age   1:    2632816 bytes,    2632816 total
- age   2:    2379160 bytes,    5011976 total
- age   3:    2327464 bytes,    7339440 total
- age   4:    2315432 bytes,    9654872 total
: 150495K->14050K(153344K), 0.0248780 secs] 985601K->851522K(1229312K), 0.0250300 secs] [Times: user=0.06 sys=0.00, real=0.02 secs] 
2014-03-11T05:02:40.469+0000: 600826.454: [GC2014-03-11T05:02:40.469+0000: 600826.454: [ParNew
Desired survivor size 8716288 bytes, new threshold 4 (max 6)
- age   1:    2706432 bytes,    2706432 total
- age   2:    2316336 bytes,    5022768 total
- age   3:    2377008 bytes,    7399776 total
- age   4:    2326920 bytes,    9726696 total
: 150370K->14160K(153344K), 0.0248880 secs] 987842K->854013K(1229312K), 0.0250440 secs] [Times: user=0.05 sys=0.00, real=0.03 secs] 
2014-03-11T05:06:51.219+0000: 601077.203: [GC2014-03-11T05:06:51.219+0000: 601077.203: [ParNew
Desired survivor size 8716288 bytes, new threshold 4 (max 6)
- age   1:    2579288 bytes,    2579288 total
- age   2:    2408088 bytes,    4987376 total
- age   3:    2315512 bytes,    7302888 total
- age   4:    2297760 bytes,    9600648 total
: 150480K->14083K(153344K), 0.0248710 secs] 990333K->856327K(1229312K), 0.0250290 secs] [Times: user=0.05 sys=0.00, real=0.03 secs] 
2014-03-11T05:11:05.079+0000: 601331.064: [GC2014-03-11T05:11:05.079+0000: 601331.064: [ParNew
Desired survivor size 8716288 bytes, new threshold 4 (max 6)
- age   1:    2594840 bytes,    2594840 total
- age   2:    2346176 bytes,    4941016 total
- age   3:    2407352 bytes,    7348368 total
- age   4:    2315048 bytes,    9663416 total
: 150403K->14033K(153344K), 0.0251440 secs] 992647K->858640K(1229312K), 0.0253070 secs] [Times: user=0.05 sys=0.00, real=0.03 secs] 
2014-03-11T05:15:15.916+0000: 601581.901: [GC2014-03-11T05:15:15.916+0000: 601581.901: [ParNew
Desired survivor size 8716288 bytes, new threshold 4 (max 6)
- age   1:    2646976 bytes,    2646976 total
- age   2:    2342616 bytes,    4989592 total
- age   3:    2300088 bytes,    7289680 total
- age   4:    2405936 bytes,    9695616 total
: 150353K->14165K(153344K), 0.0252870 secs] 994960K->861153K(1229312K), 0.0254550 secs] [Times: user=0.06 sys=0.00, real=0.02 secs] 
2014-03-11T05:19:30.054+0000: 601836.039: [GC2014-03-11T05:19:30.054+0000: 601836.039: [ParNew
Desired survivor size 8716288 bytes, new threshold 4 (max 6)
- age   1:    2599328 bytes,    2599328 total
- age   2:    2379376 bytes,    4978704 total
- age   3:    2342216 bytes,    7320920 total
- age   4:    2299048 bytes,    9619968 total
: 150485K->14052K(153344K), 0.0245860 secs] 997473K->863432K(1229312K), 0.0247380 secs] [Times: user=0.06 sys=0.00, real=0.02 secs] 
2014-03-11T05:23:40.390+0000: 602086.374: [GC2014-03-11T05:23:40.390+0000: 602086.374: [ParNew
Desired survivor size 8716288 bytes, new threshold 4 (max 6)
- age   1:    2666984 bytes,    2666984 total
- age   2:    2344480 bytes,    5011464 total
- age   3:    2377608 bytes,    7389072 total
- age   4:    2341768 bytes,    9730840 total
: 150372K->14122K(153344K), 0.0246420 secs] 999752K->865865K(1229312K), 0.0247920 secs] [Times: user=0.06 sys=0.00, real=0.03 secs] 
2014-03-11T05:27:53.277+0000: 602339.262: [GC2014-03-11T05:27:53.278+0000: 602339.262: [ParNew
Desired survivor size 8716288 bytes, new threshold 4 (max 6)
- age   1:    2599072 bytes,    2599072 total
- age   2:    2425032 bytes,    5024104 total
- age   3:    2343640 bytes,    7367744 total
- age   4:    2298216 bytes,    9665960 total
: 150442K->14078K(153344K), 0.0249330 secs] 1002185K->868229K(1229312K), 0.0250860 secs] [Times: user=0.06 sys=0.00, real=0.03 secs] 
2014-03-11T05:32:05.162+0000: 602591.146: [GC2014-03-11T05:32:05.162+0000: 602591.147: [ParNew
Desired survivor size 8716288 bytes, new threshold 4 (max 6)
- age   1:    2666944 bytes,    2666944 total
- age   2:    2327936 bytes,    4994880 total
- age   3:    2379336 bytes,    7374216 total
- age   4:    2343272 bytes,    9717488 total
: 150398K->14104K(153344K), 0.0251400 secs] 1004549K->870619K(1229312K), 0.0253030 secs] [Times: user=0.05 sys=0.00, real=0.03 secs] 
2014-03-11T05:36:18.916+0000: 602844.901: [GC2014-03-11T05:36:18.916+0000: 602844.901: [ParNew
Desired survivor size 8716288 bytes, new threshold 4 (max 6)
- age   1:    2689568 bytes,    2689568 total
- age   2:    2321544 bytes,    5011112 total
- age   3:    2327392 bytes,    7338504 total
- age   4:    2377792 bytes,    9716296 total
: 150424K->14245K(153344K), 0.0250810 secs] 1006939K->873168K(1229312K), 0.0252300 secs] [Times: user=0.05 sys=0.00, real=0.02 secs] 
2014-03-11T05:40:30.750+0000: 603096.734: [GC2014-03-11T05:40:30.750+0000: 603096.734: [ParNew
Desired survivor size 8716288 bytes, new threshold 4 (max 6)
- age   1:    2626496 bytes,    2626496 total
- age   2:    2385488 bytes,    5011984 total
- age   3:    2319696 bytes,    7331680 total
- age   4:    2326848 bytes,    9658528 total
: 150565K->14092K(153344K), 0.0246960 secs] 1009488K->875380K(1229312K), 0.0248600 secs] [Times: user=0.04 sys=0.00, real=0.03 secs] 
2014-03-11T05:44:44.152+0000: 603350.136: [GC2014-03-11T05:44:44.152+0000: 603350.136: [ParNew
Desired survivor size 8716288 bytes, new threshold 4 (max 6)
- age   1:    2730768 bytes,    2730768 total
- age   2:    2338992 bytes,    5069760 total
- age   3:    2383776 bytes,    7453536 total
- age   4:    2319104 bytes,    9772640 total
: 150412K->14177K(153344K), 0.0248520 secs] 1011700K->877855K(1229312K), 0.0250070 secs] [Times: user=0.06 sys=0.00, real=0.03 secs] 
2014-03-11T05:48:55.909+0000: 603601.894: [GC2014-03-11T05:48:55.909+0000: 603601.894: [ParNew
Desired survivor size 8716288 bytes, new threshold 4 (max 6)
- age   1:    2653200 bytes,    2653200 total
- age   2:    2396760 bytes,    5049960 total
- age   3:    2338064 bytes,    7388024 total
- age   4:    2304512 bytes,    9692536 total
: 150497K->14138K(153344K), 0.0255130 secs] 1014175K->880203K(1229312K), 0.0256960 secs] [Times: user=0.06 sys=0.00, real=0.03 secs] 
2014-03-11T05:53:09.756+0000: 603855.741: [GC2014-03-11T05:53:09.756+0000: 603855.741: [ParNew
Desired survivor size 8716288 bytes, new threshold 4 (max 6)
- age   1:    2623144 bytes,    2623144 total
- age   2:    2328616 bytes,    4951760 total
- age   3:    2395152 bytes,    7346912 total
- age   4:    2336968 bytes,    9683880 total
: 150458K->14145K(153344K), 0.0251110 secs] 1016523K->882578K(1229312K), 0.0252790 secs] [Times: user=0.05 sys=0.00, real=0.02 secs] 
2014-03-11T05:57:20.444+0000: 604106.429: [GC2014-03-11T05:57:20.444+0000: 604106.429: [ParNew
Desired survivor size 8716288 bytes, new threshold 4 (max 6)
- age   1:    2675328 bytes,    2675328 total
- age   2:    2344096 bytes,    5019424 total
- age   3:    2327720 bytes,    7347144 total
- age   4:    2393864 bytes,    9741008 total
: 150465K->14217K(153344K), 0.0248780 secs] 1018898K->885053K(1229312K), 0.0250310 secs] [Times: user=0.06 sys=0.00, real=0.02 secs] 
2014-03-11T06:01:34.871+0000: 604360.856: [GC2014-03-11T06:01:34.871+0000: 604360.856: [ParNew
Desired survivor size 8716288 bytes, new threshold 4 (max 6)
- age   1:    2635936 bytes,    2635936 total
- age   2:    2379664 bytes,    5015600 total
- age   3:    2342568 bytes,    7358168 total
- age   4:    2327272 bytes,    9685440 total
: 150537K->14116K(153344K), 0.0249200 secs] 1021373K->887332K(1229312K), 0.0250810 secs] [Times: user=0.06 sys=0.00, real=0.03 secs] 
2014-03-11T06:05:45.369+0000: 604611.354: [GC2014-03-11T06:05:45.370+0000: 604611.354: [ParNew
Desired survivor size 8716288 bytes, new threshold 4 (max 6)
- age   1:    2668544 bytes,    2668544 total
- age   2:    2391520 bytes,    5060064 total
- age   3:    2378056 bytes,    7438120 total
- age   4:    2342248 bytes,    9780368 total
: 150436K->14209K(153344K), 0.0247490 secs] 1023652K->889818K(1229312K), 0.0248980 secs] [Times: user=0.06 sys=0.00, real=0.03 secs] 
2014-03-11T06:09:56.577+0000: 604862.562: [GC2014-03-11T06:09:56.577+0000: 604862.562: [ParNew
Desired survivor size 8716288 bytes, new threshold 4 (max 6)
- age   1:    2547504 bytes,    2547504 total
- age   2:    2424552 bytes,    4972056 total
- age   3:    2345440 bytes,    7317496 total
- age   4:    2298456 bytes,    9615952 total
: 150529K->14155K(153344K), 0.0246590 secs] 1026138K->892172K(1229312K), 0.0247940 secs] [Times: user=0.05 sys=0.00, real=0.02 secs] 
2014-03-11T06:14:10.440+0000: 605116.424: [GC2014-03-11T06:14:10.440+0000: 605116.424: [ParNew
Desired survivor size 8716288 bytes, new threshold 4 (max 6)
- age   1:    2592360 bytes,    2592360 total
- age   2:    2305072 bytes,    4897432 total
- age   3:    2378544 bytes,    7275976 total
- age   4:    2344544 bytes,    9620520 total
: 150475K->14066K(153344K), 0.0253540 secs] 1028492K->894446K(1229312K), 0.0255250 secs] [Times: user=0.06 sys=0.00, real=0.03 secs] 
2014-03-11T06:18:21.219+0000: 605367.203: [GC2014-03-11T06:18:21.219+0000: 605367.203: [ParNew
Desired survivor size 8716288 bytes, new threshold 4 (max 6)
- age   1:    2639336 bytes,    2639336 total
- age   2:    2384752 bytes,    5024088 total
- age   3:    2304520 bytes,    7328608 total
- age   4:    2376504 bytes,    9705112 total
: 150386K->14126K(153344K), 0.0250270 secs] 1030766K->896917K(1229312K), 0.0251880 secs] [Times: user=0.04 sys=0.00, real=0.03 secs] 
2014-03-11T06:22:33.228+0000: 605619.213: [GC2014-03-11T06:22:33.228+0000: 605619.213: [ParNew
Desired survivor size 8716288 bytes, new threshold 4 (max 6)
- age   1:    2644608 bytes,    2644608 total
- age   2:    2385352 bytes,    5029960 total
- age   3:    2338712 bytes,    7368672 total
- age   4:    2304072 bytes,    9672744 total
: 150446K->14054K(153344K), 0.0247310 secs] 1033237K->899207K(1229312K), 0.0248890 secs] [Times: user=0.05 sys=0.00, real=0.02 secs] 
2014-03-11T06:26:45.672+0000: 605871.657: [GC2014-03-11T06:26:45.672+0000: 605871.657: [ParNew
Desired survivor size 8716288 bytes, new threshold 4 (max 6)
- age   1:    2639184 bytes,    2639184 total
- age   2:    2350464 bytes,    4989648 total
- age   3:    2384048 bytes,    7373696 total
- age   4:    2337848 bytes,    9711544 total
: 150374K->9513K(153344K), 0.0249080 secs] 1035527K->897035K(1229312K), 0.0250550 secs] [Times: user=0.05 sys=0.00, real=0.03 secs] 
2014-03-11T06:31:00.751+0000: 606126.736: [GC2014-03-11T06:31:00.752+0000: 606126.736: [ParNew
Desired survivor size 8716288 bytes, new threshold 4 (max 6)
- age   1:    2593424 bytes,    2593424 total
- age   2:    2419144 bytes,    5012568 total
- age   3:    2303776 bytes,    7316344 total
- age   4:    2304592 bytes,    9620936 total
: 145833K->14061K(153344K), 0.0245230 secs] 1033355K->903987K(1229312K), 0.0246750 secs] [Times: user=0.06 sys=0.00, real=0.03 secs] 
2014-03-11T06:35:17.881+0000: 606383.865: [GC2014-03-11T06:35:17.881+0000: 606383.865: [ParNew
Desired survivor size 8716288 bytes, new threshold 4 (max 6)
- age   1:    2638144 bytes,    2638144 total
- age   2:    2343376 bytes,    4981520 total
- age   3:    2418688 bytes,    7400208 total
- age   4:    2303088 bytes,    9703296 total
: 150381K->14051K(153344K), 0.0254050 secs] 1040307K->906346K(1229312K), 0.0255660 secs] [Times: user=0.05 sys=0.00, real=0.03 secs] 
2014-03-11T06:39:34.301+0000: 606640.286: [GC2014-03-11T06:39:34.302+0000: 606640.286: [ParNew
Desired survivor size 8716288 bytes, new threshold 4 (max 6)
- age   1:    2667216 bytes,    2667216 total
- age   2:    2388856 bytes,    5056072 total
- age   3:    2342104 bytes,    7398176 total
- age   4:    2417512 bytes,    9815688 total
: 150371K->14220K(153344K), 0.0252260 secs] 1042666K->908882K(1229312K), 0.0253710 secs] [Times: user=0.05 sys=0.00, real=0.03 secs] 
2014-03-11T06:43:49.507+0000: 606895.492: [GC2014-03-11T06:43:49.507+0000: 606895.492: [ParNew
Desired survivor size 8716288 bytes, new threshold 4 (max 6)
- age   1:    2626832 bytes,    2626832 total
- age   2:    2467544 bytes,    5094376 total
- age   3:    2342168 bytes,    7436544 total
- age   4:    2341592 bytes,    9778136 total
: 150540K->14207K(153344K), 0.0250010 secs] 1045202K->911274K(1229312K), 0.0251380 secs] [Times: user=0.05 sys=0.00, real=0.02 secs] 
2014-03-11T06:47:56.319+0000: 607142.304: [GC2014-03-11T06:47:56.319+0000: 607142.304: [ParNew
Desired survivor size 8716288 bytes, new threshold 4 (max 6)
- age   1:    2641016 bytes,    2641016 total
- age   2:    2314328 bytes,    4955344 total
- age   3:    2465856 bytes,    7421200 total
- age   4:    2341400 bytes,    9762600 total
: 150527K->9599K(153344K), 0.0252200 secs] 1047594K->909074K(1229312K), 0.0253670 secs] [Times: user=0.05 sys=0.00, real=0.03 secs] 
2014-03-11T06:52:10.162+0000: 607396.147: [GC2014-03-11T06:52:10.162+0000: 607396.147: [ParNew
Desired survivor size 8716288 bytes, new threshold 4 (max 6)
- age   1:    2606104 bytes,    2606104 total
- age   2:    2334728 bytes,    4940832 total
- age   3:    2313288 bytes,    7254120 total
- age   4:    2425800 bytes,    9679920 total
: 145919K->14193K(153344K), 0.0266280 secs] 1045394K->916076K(1229312K), 0.0267960 secs] [Times: user=0.05 sys=0.00, real=0.02 secs] 
2014-03-11T06:56:21.968+0000: 607647.953: [GC2014-03-11T06:56:21.968+0000: 607647.953: [ParNew
Desired survivor size 8716288 bytes, new threshold 4 (max 6)
- age   1:    2561968 bytes,    2561968 total
- age   2:    2389024 bytes,    4950992 total
- age   3:    2333648 bytes,    7284640 total
- age   4:    2312936 bytes,    9597576 total
: 150513K->14147K(153344K), 0.0251410 secs] 1052396K->918521K(1229312K), 0.0252820 secs] [Times: user=0.06 sys=0.00, real=0.02 secs] 
2014-03-11T07:00:34.909+0000: 607900.894: [GC2014-03-11T07:00:34.909+0000: 607900.894: [ParNew
Desired survivor size 8716288 bytes, new threshold 4 (max 6)
- age   1:    2647728 bytes,    2647728 total
- age   2:    2339280 bytes,    4987008 total
- age   3:    2342880 bytes,    7329888 total
- age   4:    2332160 bytes,    9662048 total
: 150467K->14085K(153344K), 0.0251030 secs] 1054841K->920839K(1229312K), 0.0252540 secs] [Times: user=0.06 sys=0.00, real=0.03 secs] 
2014-03-11T07:04:47.575+0000: 608153.559: [GC2014-03-11T07:04:47.575+0000: 608153.559: [ParNew
Desired survivor size 8716288 bytes, new threshold 4 (max 6)
- age   1:    2618904 bytes,    2618904 total
- age   2:    2385400 bytes,    5004304 total
- age   3:    2338408 bytes,    7342712 total
- age   4:    2342160 bytes,    9684872 total
: 150405K->14085K(153344K), 0.0251820 secs] 1057159K->923195K(1229312K), 0.0253390 secs] [Times: user=0.06 sys=0.00, real=0.02 secs] 
2014-03-11T07:08:54.909+0000: 608400.894: [GC2014-03-11T07:08:54.909+0000: 608400.894: [ParNew
Desired survivor size 8716288 bytes, new threshold 4 (max 6)
- age   1:    2696488 bytes,    2696488 total
- age   2:    2351008 bytes,    5047496 total
- age   3:    2384192 bytes,    7431688 total
- age   4:    2298256 bytes,    9729944 total
: 150405K->14132K(153344K), 0.0250920 secs] 1059515K->925649K(1229312K), 0.0252480 secs] [Times: user=0.05 sys=0.00, real=0.03 secs] 
2014-03-11T07:13:05.916+0000: 608651.901: [GC2014-03-11T07:13:05.916+0000: 608651.901: [ParNew
Desired survivor size 8716288 bytes, new threshold 4 (max 6)
- age   1:    2564376 bytes,    2564376 total
- age   2:    2350080 bytes,    4914456 total
- age   3:    2349576 bytes,    7264032 total
- age   4:    2344472 bytes,    9608504 total
: 150452K->14104K(153344K), 0.0252690 secs] 1061969K->927985K(1229312K), 0.0254390 secs] [Times: user=0.05 sys=0.00, real=0.02 secs] 
2014-03-11T07:17:11.354+0000: 608897.338: [GC2014-03-11T07:17:11.354+0000: 608897.338: [ParNew
Desired survivor size 8716288 bytes, new threshold 4 (max 6)
- age   1:    2630424 bytes,    2630424 total
- age   2:    2346744 bytes,    4977168 total
- age   3:    2333912 bytes,    7311080 total
- age   4:    2349224 bytes,    9660304 total
: 150424K->14072K(153344K), 0.0257970 secs] 1064305K->930363K(1229312K), 0.0259630 secs] [Times: user=0.06 sys=0.00, real=0.03 secs] 
2014-03-11T07:20:44.695+0000: 609110.679: [GC2014-03-11T07:20:44.695+0000: 609110.679: [ParNew
Desired survivor size 8716288 bytes, new threshold 4 (max 6)
- age   1:    2868816 bytes,    2868816 total
- age   2:    2331112 bytes,    5199928 total
- age   3:    2300640 bytes,    7500568 total
- age   4:    2333416 bytes,    9833984 total
: 150392K->14137K(153344K), 0.0261940 secs] 1066683K->932842K(1229312K), 0.0263480 secs] [Times: user=0.05 sys=0.00, real=0.02 secs] 
2014-03-11T07:24:57.503+0000: 609363.488: [GC2014-03-11T07:24:57.503+0000: 609363.488: [ParNew
Desired survivor size 8716288 bytes, new threshold 4 (max 6)
- age   1:    2539856 bytes,    2539856 total
- age   2:    2485392 bytes,    5025248 total
- age   3:    2257000 bytes,    7282248 total
- age   4:    2299552 bytes,    9581800 total
: 150457K->14197K(153344K), 0.0246350 secs] 1069162K->935299K(1229312K), 0.0247900 secs] [Times: user=0.06 sys=0.00, real=0.02 secs] 
2014-03-11T07:28:35.363+0000: 609581.348: [GC2014-03-11T07:28:35.363+0000: 609581.348: [ParNew
Desired survivor size 8716288 bytes, new threshold 4 (max 6)
- age   1:    2575024 bytes,    2575024 total
- age   2:    2318000 bytes,    4893024 total
- age   3:    2427896 bytes,    7320920 total
- age   4:    2256720 bytes,    9577640 total
: 150517K->9494K(153344K), 0.0249230 secs] 1071619K->932960K(1229312K), 0.0250830 secs] [Times: user=0.05 sys=0.00, real=0.02 secs] 
2014-03-11T07:32:40.803+0000: 609826.788: [GC2014-03-11T07:32:40.803+0000: 609826.788: [ParNew
Desired survivor size 8716288 bytes, new threshold 4 (max 6)
- age   1:    2568344 bytes,    2568344 total
- age   2:    2038344 bytes,    4606688 total
- age   3:    2316840 bytes,    6923528 total
- age   4:    2409128 bytes,    9332656 total
: 145814K->14260K(153344K), 0.0247880 secs] 1069280K->940047K(1229312K), 0.0249590 secs] [Times: user=0.06 sys=0.00, real=0.02 secs] 
2014-03-11T07:36:29.755+0000: 610055.740: [GC2014-03-11T07:36:29.755+0000: 610055.740: [ParNew
Desired survivor size 8716288 bytes, new threshold 4 (max 6)
- age   1:    2647312 bytes,    2647312 total
- age   2:    2306248 bytes,    4953560 total
- age   3:    2028216 bytes,    6981776 total
- age   4:    2316488 bytes,    9298264 total
: 150580K->13329K(153344K), 0.0248730 secs] 1076367K->941221K(1229312K), 0.0250480 secs] [Times: user=0.05 sys=0.00, real=0.02 secs] 
2014-03-11T07:40:39.449+0000: 610305.434: [GC2014-03-11T07:40:39.449+0000: 610305.434: [ParNew
Desired survivor size 8716288 bytes, new threshold 4 (max 6)
- age   1:    2630872 bytes,    2630872 total
- age   2:    2277320 bytes,    4908192 total
- age   3:    2259752 bytes,    7167944 total
- age   4:    2026888 bytes,    9194832 total
: 149649K->13442K(153344K), 0.0280550 secs] 1077541K->943717K(1229312K), 0.0282380 secs] [Times: user=0.05 sys=0.00, real=0.03 secs] 
2014-03-11T07:44:50.582+0000: 610556.567: [GC2014-03-11T07:44:50.582+0000: 610556.567: [ParNew
Desired survivor size 8716288 bytes, new threshold 4 (max 6)
- age   1:    2529536 bytes,    2529536 total
- age   2:    2286960 bytes,    4816496 total
- age   3:    2117384 bytes,    6933880 total
- age   4:    2258208 bytes,    9192088 total
: 149762K->17024K(153344K), 0.0243970 secs] 1080037K->949514K(1229312K), 0.0245610 secs] [Times: user=0.05 sys=0.00, real=0.02 secs] 
2014-03-11T07:48:56.268+0000: 610802.253: [GC2014-03-11T07:48:56.268+0000: 610802.253: [ParNew
Desired survivor size 8716288 bytes, new threshold 4 (max 6)
- age   1:    2664184 bytes,    2664184 total
- age   2:    2372368 bytes,    5036552 total
- age   3:    2284512 bytes,    7321064 total
- age   4:    2116912 bytes,    9437976 total
: 153344K->11277K(153344K), 0.0245630 secs] 1085834K->946089K(1229312K), 0.0247190 secs] [Times: user=0.05 sys=0.00, real=0.02 secs] 
2014-03-11T07:53:05.580+0000: 611051.565: [GC2014-03-11T07:53:05.580+0000: 611051.565: [ParNew
Desired survivor size 8716288 bytes, new threshold 4 (max 6)
- age   1:    2547816 bytes,    2547816 total
- age   2:    2351112 bytes,    4898928 total
- age   3:    2370656 bytes,    7269584 total
- age   4:    2283736 bytes,    9553320 total
: 147597K->16556K(153344K), 0.0266340 secs] 1082409K->953543K(1229312K), 0.0268010 secs] [Times: user=0.05 sys=0.00, real=0.03 secs] 
2014-03-11T07:57:18.733+0000: 611304.718: [GC2014-03-11T07:57:18.734+0000: 611304.718: [ParNew
Desired survivor size 8716288 bytes, new threshold 4 (max 6)
- age   1:    2688984 bytes,    2688984 total
- age   2:    2300808 bytes,    4989792 total
- age   3:    2304736 bytes,    7294528 total
- age   4:    2369872 bytes,    9664400 total
: 152876K->11161K(153344K), 0.0261080 secs] 1089863K->950497K(1229312K), 0.0262620 secs] [Times: user=0.05 sys=0.00, real=0.03 secs] 
2014-03-11T08:01:31.544+0000: 611557.529: [GC2014-03-11T08:01:31.544+0000: 611557.529: [ParNew
Desired survivor size 8716288 bytes, new threshold 4 (max 6)
- age   1:    2574536 bytes,    2574536 total
- age   2:    2417712 bytes,    4992248 total
- age   3:    2299680 bytes,    7291928 total
- age   4:    2264352 bytes,    9556280 total
: 147481K->12630K(153344K), 0.0247690 secs] 1086817K->954401K(1229504K), 0.0249210 secs] [Times: user=0.06 sys=0.00, real=0.02 secs] 
2014-03-11T08:05:35.004+0000: 611800.988: [GC2014-03-11T08:05:35.004+0000: 611800.988: [ParNew
Desired survivor size 8716288 bytes, new threshold 4 (max 6)
- age   1:    2596792 bytes,    2596792 total
- age   2:    2352288 bytes,    4949080 total
- age   3:    2371680 bytes,    7320760 total
- age   4:    2298192 bytes,    9618952 total
: 148950K->13678K(153344K), 0.0246850 secs] 1090721K->957775K(1229504K), 0.0248330 secs] [Times: user=0.05 sys=0.00, real=0.02 secs] 
2014-03-11T08:09:40.446+0000: 612046.431: [GC2014-03-11T08:09:40.446+0000: 612046.431: [ParNew
Desired survivor size 8716288 bytes, new threshold 4 (max 6)
- age   1:    2580352 bytes,    2580352 total
- age   2:    2261152 bytes,    4841504 total
- age   3:    2352000 bytes,    7193504 total
- age   4:    2371024 bytes,    9564528 total
: 149998K->13894K(153344K), 0.0247290 secs] 1094095K->960354K(1229504K), 0.0248880 secs] [Times: user=0.05 sys=0.00, real=0.02 secs] 
2014-03-11T08:13:30.714+0000: 612276.699: [GC2014-03-11T08:13:30.714+0000: 612276.699: [ParNew
Desired survivor size 8716288 bytes, new threshold 4 (max 6)
- age   1:    2667032 bytes,    2667032 total
- age   2:    2254456 bytes,    4921488 total
- age   3:    2259104 bytes,    7180592 total
- age   4:    2351136 bytes,    9531728 total
: 150214K->14042K(153344K), 0.0253170 secs] 1096674K->962938K(1229504K), 0.0254860 secs] [Times: user=0.05 sys=0.00, real=0.03 secs] 
2014-03-11T08:17:34.364+0000: 612520.349: [GC2014-03-11T08:17:34.364+0000: 612520.349: [ParNew
Desired survivor size 8716288 bytes, new threshold 4 (max 6)
- age   1:    2588368 bytes,    2588368 total
- age   2:    2164760 bytes,    4753128 total
- age   3:    2253432 bytes,    7006560 total
- age   4:    2258224 bytes,    9264784 total
: 150362K->9242K(153344K), 0.0245420 secs] 1099258K->960515K(1229504K), 0.0246870 secs] [Times: user=0.05 sys=0.00, real=0.02 secs] 
2014-03-11T08:20:49.894+0000: 612715.878: [GC2014-03-11T08:20:49.894+0000: 612715.879: [ParNew
Desired survivor size 8716288 bytes, new threshold 4 (max 6)
- age   1:    2769360 bytes,    2769360 total
- age   2:    2232176 bytes,    5001536 total
- age   3:    2159864 bytes,    7161400 total
- age   4:    2252496 bytes,    9413896 total
: 145562K->13780K(153344K), 0.0245930 secs] 1096835K->967375K(1229504K), 0.0247440 secs] [Times: user=0.05 sys=0.00, real=0.03 secs] 
2014-03-11T08:24:19.352+0000: 612925.337: [GC2014-03-11T08:24:19.352+0000: 612925.337: [ParNew
Desired survivor size 8716288 bytes, new threshold 4 (max 6)
- age   1:    2430016 bytes,    2430016 total
- age   2:    2167760 bytes,    4597776 total
- age   3:    2230760 bytes,    6828536 total
- age   4:    2158504 bytes,    8987040 total
: 150100K->13596K(153344K), 0.0240330 secs] 1103695K->969507K(1229504K), 0.0241720 secs] [Times: user=0.05 sys=0.00, real=0.03 secs] 
2014-03-11T08:27:54.637+0000: 613140.622: [GC2014-03-11T08:27:54.637+0000: 613140.622: [ParNew
Desired survivor size 8716288 bytes, new threshold 4 (max 6)
- age   1:    2737040 bytes,    2737040 total
- age   2:    1939752 bytes,    4676792 total
- age   3:    2071472 bytes,    6748264 total
- age   4:    2228792 bytes,    8977056 total
: 149908K->13199K(153344K), 0.0236450 secs] 1105819K->971328K(1229504K), 0.0238040 secs] [Times: user=0.05 sys=0.00, real=0.02 secs] 
2014-03-11T08:32:07.456+0000: 613393.441: [GC2014-03-11T08:32:07.456+0000: 613393.441: [ParNew
Desired survivor size 8716288 bytes, new threshold 6 (max 6)
- age   1:    2567880 bytes,    2567880 total
- age   2:    2137264 bytes,    4705144 total
- age   3:    1935512 bytes,    6640656 total
- age   4:    2071136 bytes,    8711792 total
: 149519K->12886K(153344K), 0.0239570 secs] 1107648K->973306K(1229504K), 0.0241250 secs] [Times: user=0.06 sys=0.00, real=0.02 secs] 
2014-03-11T08:35:50.200+0000: 613616.185: [GC2014-03-11T08:35:50.200+0000: 613616.185: [ParNew
Desired survivor size 8716288 bytes, new threshold 4 (max 6)
- age   1:    2567536 bytes,    2567536 total
- age   2:    2329840 bytes,    4897376 total
- age   3:    1961472 bytes,    6858848 total
- age   4:    1932968 bytes,    8791816 total
- age   5:    1881616 bytes,   10673432 total
: 149206K->17024K(153344K), 0.0218380 secs] 1109626K->977829K(1229888K), 0.0220000 secs] [Times: user=0.04 sys=0.00, real=0.03 secs] 
2014-03-11T08:39:50.570+0000: 613856.555: [GC2014-03-11T08:39:50.570+0000: 613856.555: [ParNew
Desired survivor size 8716288 bytes, new threshold 4 (max 6)
- age   1:    2574800 bytes,    2574800 total
- age   2:    2077960 bytes,    4652760 total
- age   3:    2327864 bytes,    6980624 total
- age   4:    1953784 bytes,    8934408 total
: 153344K->9972K(153344K), 0.0279920 secs] 1114149K->974688K(1229888K), 0.0281520 secs] [Times: user=0.05 sys=0.00, real=0.03 secs] 
2014-03-11T08:43:38.214+0000: 614084.198: [GC2014-03-11T08:43:38.214+0000: 614084.198: [ParNew
Desired survivor size 8716288 bytes, new threshold 4 (max 6)
- age   1:    2847200 bytes,    2847200 total
- age   2:    2260224 bytes,    5107424 total
- age   3:    2073824 bytes,    7181248 total
- age   4:    2327656 bytes,    9508904 total
: 146292K->13496K(153344K), 0.0251730 secs] 1111008K->980221K(1229888K), 0.0253470 secs] [Times: user=0.05 sys=0.00, real=0.03 secs] 
2014-03-11T08:47:37.384+0000: 614323.369: [GC2014-03-11T08:47:37.385+0000: 614323.369: [ParNew
Desired survivor size 8716288 bytes, new threshold 4 (max 6)
- age   1:    2532872 bytes,    2532872 total
- age   2:    2509912 bytes,    5042784 total
- age   3:    2213000 bytes,    7255784 total
- age   4:    2072512 bytes,    9328296 total
: 149816K->13735K(153344K), 0.0246590 secs] 1116541K->982852K(1229888K), 0.0248150 secs] [Times: user=0.05 sys=0.00, real=0.02 secs] 
2014-03-11T08:51:35.222+0000: 614561.206: [GC2014-03-11T08:51:35.222+0000: 614561.206: [ParNew
Desired survivor size 8716288 bytes, new threshold 4 (max 6)
- age   1:    2511888 bytes,    2511888 total
- age   2:    2202864 bytes,    4714752 total
- age   3:    2507304 bytes,    7222056 total
- age   4:    2211992 bytes,    9434048 total
: 150055K->17024K(153344K), 0.0248180 secs] 1119172K->988437K(1230080K), 0.0249740 secs] [Times: user=0.06 sys=0.00, real=0.03 secs] 
2014-03-11T08:55:36.219+0000: 614802.203: [GC2014-03-11T08:55:36.219+0000: 614802.203: [ParNew
Desired survivor size 8716288 bytes, new threshold 4 (max 6)
- age   1:    2566600 bytes,    2566600 total
- age   2:    2359224 bytes,    4925824 total
- age   3:    2201632 bytes,    7127456 total
- age   4:    2489424 bytes,    9616880 total
: 153344K->11893K(153344K), 0.0246570 secs] 1124757K->985581K(1230080K), 0.0248300 secs] [Times: user=0.05 sys=0.00, real=0.03 secs] 
2014-03-11T08:59:36.484+0000: 615042.469: [GC2014-03-11T08:59:36.485+0000: 615042.469: [ParNew
Desired survivor size 8716288 bytes, new threshold 4 (max 6)
- age   1:    2507824 bytes,    2507824 total
- age   2:    2254424 bytes,    4762248 total
- age   3:    2246880 bytes,    7009128 total
- age   4:    2201064 bytes,    9210192 total
: 148213K->16347K(153344K), 0.0240590 secs] 1121901K->992225K(1230080K), 0.0242060 secs] [Times: user=0.05 sys=0.00, real=0.02 secs] 
2014-03-11T09:03:20.343+0000: 615266.328: [GC2014-03-11T09:03:20.343+0000: 615266.328: [ParNew
Desired survivor size 8716288 bytes, new threshold 4 (max 6)
- age   1:    2918528 bytes,    2918528 total
- age   2:    2212520 bytes,    5131048 total
- age   3:    2253904 bytes,    7384952 total
- age   4:    2199784 bytes,    9584736 total
: 152667K->10885K(153344K), 0.0245340 secs] 1128545K->989025K(1230080K), 0.0246880 secs] [Times: user=0.05 sys=0.00, real=0.02 secs] 
2014-03-11T09:07:08.246+0000: 615494.231: [GC2014-03-11T09:07:08.246+0000: 615494.231: [ParNew
Desired survivor size 8716288 bytes, new threshold 4 (max 6)
- age   1:    2632736 bytes,    2632736 total
- age   2:    2373424 bytes,    5006160 total
- age   3:    2203256 bytes,    7209416 total
- age   4:    2253016 bytes,    9462432 total
: 147205K->16635K(153344K), 0.0249380 secs] 1125345K->997036K(1230080K), 0.0251090 secs] [Times: user=0.05 sys=0.00, real=0.02 secs] 
2014-03-11T09:10:30.740+0000: 615696.725: [GC2014-03-11T09:10:30.740+0000: 615696.725: [ParNew
Desired survivor size 8716288 bytes, new threshold 4 (max 6)
- age   1:    2605360 bytes,    2605360 total
- age   2:    2082480 bytes,    4687840 total
- age   3:    2372088 bytes,    7059928 total
- age   4:    2202440 bytes,    9262368 total
: 152955K->11225K(153344K), 0.0245740 secs] 1133356K->993940K(1230272K), 0.0247270 secs] [Times: user=0.05 sys=0.00, real=0.03 secs] 
2014-03-11T09:14:33.271+0000: 615939.255: [GC2014-03-11T09:14:33.271+0000: 615939.255: [ParNew
Desired survivor size 8716288 bytes, new threshold 4 (max 6)
- age   1:    2546936 bytes,    2546936 total
- age   2:    1935880 bytes,    4482816 total
- age   3:    2078008 bytes,    6560824 total
- age   4:    2356696 bytes,    8917520 total
: 147545K->12192K(153344K), 0.0240470 secs] 1130260K->997172K(1230272K), 0.0242050 secs] [Times: user=0.05 sys=0.00, real=0.03 secs] 
2014-03-11T09:18:13.434+0000: 616159.419: [GC2014-03-11T09:18:13.434+0000: 616159.419: [ParNew
Desired survivor size 8716288 bytes, new threshold 4 (max 6)
- age   1:    2714960 bytes,    2714960 total
- age   2:    2236688 bytes,    4951648 total
- age   3:    1933816 bytes,    6885464 total
- age   4:    2075856 bytes,    8961320 total
: 148512K->16641K(153344K), 0.0240100 secs] 1133492K->1003793K(1230272K), 0.0242030 secs] [Times: user=0.05 sys=0.00, real=0.02 secs] 
2014-03-11T09:22:10.471+0000: 616396.456: [GC2014-03-11T09:22:10.471+0000: 616396.456: [ParNew
Desired survivor size 8716288 bytes, new threshold 4 (max 6)
- age   1:    2579112 bytes,    2579112 total
- age   2:    2303912 bytes,    4883024 total
- age   3:    2225752 bytes,    7108776 total
- age   4:    1887424 bytes,    8996200 total
: 152961K->10686K(153344K), 0.0243110 secs] 1140113K->999972K(1230464K), 0.0244880 secs] [Times: user=0.05 sys=0.00, real=0.03 secs] 
2014-03-11T09:26:06.331+0000: 616632.316: [GC2014-03-11T09:26:06.331+0000: 616632.316: [ParNew
Desired survivor size 8716288 bytes, new threshold 4 (max 6)
- age   1:    2530968 bytes,    2530968 total
- age   2:    2210872 bytes,    4741840 total
- age   3:    2296872 bytes,    7038712 total
- age   4:    2225320 bytes,    9264032 total
: 147006K->15888K(153344K), 0.0243730 secs] 1136292K->1007114K(1230656K), 0.0245460 secs] [Times: user=0.05 sys=0.00, real=0.03 secs] 
2014-03-11T09:26:06.356+0000: 616632.341: [GC [1 CMS-initial-mark: 991225K(1077312K)] 1007412K(1230656K), 0.0070350 secs] [Times: user=0.01 sys=0.00, real=0.01 secs] 
2014-03-11T09:26:06.363+0000: 616632.348: [CMS-concurrent-mark-start]
2014-03-11T09:26:06.557+0000: 616632.542: [CMS-concurrent-mark: 0.194/0.194 secs] [Times: user=0.22 sys=0.00, real=0.19 secs] 
2014-03-11T09:26:06.557+0000: 616632.542: [CMS-concurrent-preclean-start]
2014-03-11T09:26:06.560+0000: 616632.544: [CMS-concurrent-preclean: 0.002/0.002 secs] [Times: user=0.00 sys=0.00, real=0.00 secs] 
2014-03-11T09:26:06.560+0000: 616632.545: [GC[YG occupancy: 16542 K (153344 K)]2014-03-11T09:26:06.560+0000: 616632.545: [Rescan (parallel) , 0.0075730 secs]2014-03-11T09:26:06.568+0000: 616632.552: [weak refs processing, 0.0035710 secs]2014-03-11T09:26:06.571+0000: 616632.556: [class unloading, 0.0109790 secs]2014-03-11T09:26:06.582+0000: 616632.567: [scrub symbol table, 0.0089430 secs]2014-03-11T09:26:06.591+0000: 616632.576: [scrub string table, 0.0009610 secs] [1 CMS-remark: 991225K(1077312K)] 1007768K(1230656K), 0.0348540 secs] [Times: user=0.05 sys=0.00, real=0.04 secs] 
2014-03-11T09:26:06.595+0000: 616632.580: [CMS-concurrent-sweep-start]
2014-03-11T09:26:07.234+0000: 616633.219: [CMS-concurrent-sweep: 0.638/0.639 secs] [Times: user=0.71 sys=0.00, real=0.63 secs] 
2014-03-11T09:26:07.234+0000: 616633.219: [CMS-concurrent-reset-start]
2014-03-11T09:26:07.240+0000: 616633.225: [CMS-concurrent-reset: 0.006/0.006 secs] [Times: user=0.00 sys=0.00, real=0.00 secs] 
2014-03-11T09:30:03.221+0000: 616869.206: [GC2014-03-11T09:30:03.221+0000: 616869.206: [ParNew
Desired survivor size 8716288 bytes, new threshold 4 (max 6)
- age   1:    2644824 bytes,    2644824 total
- age   2:    2168952 bytes,    4813776 total
- age   3:    2204528 bytes,    7018304 total
- age   4:    2136736 bytes,    9155040 total
: 152208K->10741K(153344K), 0.0248480 secs] 268485K->129306K(1230656K), 0.0250190 secs] [Times: user=0.06 sys=0.00, real=0.03 secs] 
2014-03-11T09:34:03.872+0000: 617109.857: [GC2014-03-11T09:34:03.872+0000: 617109.857: [ParNew
Desired survivor size 8716288 bytes, new threshold 4 (max 6)
- age   1:    2603688 bytes,    2603688 total
- age   2:    2233064 bytes,    4836752 total
- age   3:    2167904 bytes,    7004656 total
- age   4:    2203872 bytes,    9208528 total
: 147061K->15724K(153344K), 0.0238020 secs] 265626K->136362K(1230656K), 0.0239780 secs] [Times: user=0.05 sys=0.00, real=0.03 secs] 
2014-03-11T09:37:17.085+0000: 617303.069: [GC2014-03-11T09:37:17.085+0000: 617303.070: [ParNew
Desired survivor size 8716288 bytes, new threshold 4 (max 6)
- age   1:    2657504 bytes,    2657504 total
- age   2:    2305040 bytes,    4962544 total
- age   3:    2229920 bytes,    7192464 total
- age   4:    2166656 bytes,    9359120 total
: 152044K->13489K(153344K), 0.0249850 secs] 272682K->136393K(1230656K), 0.0251750 secs] [Times: user=0.05 sys=0.00, real=0.02 secs] 
2014-03-11T09:40:50.807+0000: 617516.792: [GC2014-03-11T09:40:50.807+0000: 617516.792: [ParNew
Desired survivor size 8716288 bytes, new threshold 4 (max 6)
- age   1:    2529952 bytes,    2529952 total
- age   2:    2094824 bytes,    4624776 total
- age   3:    2258536 bytes,    6883312 total
- age   4:    2229224 bytes,    9112536 total
: 149809K->16120K(153344K), 0.0237410 secs] 272713K->141250K(1230656K), 0.0239040 secs] [Times: user=0.05 sys=0.00, real=0.02 secs] 
2014-03-11T09:44:42.557+0000: 617748.542: [GC2014-03-11T09:44:42.557+0000: 617748.542: [ParNew
Desired survivor size 8716288 bytes, new threshold 6 (max 6)
- age   1:    2560840 bytes,    2560840 total
- age   2:    1971664 bytes,    4532504 total
- age   3:    1925144 bytes,    6457648 total
- age   4:    2257744 bytes,    8715392 total
: 152440K->10637K(153344K), 0.0245460 secs] 277570K->138057K(1230656K), 0.0247050 secs] [Times: user=0.05 sys=0.00, real=0.03 secs] 
2014-03-11T09:48:34.322+0000: 617980.307: [GC2014-03-11T09:48:34.322+0000: 617980.307: [ParNew
Desired survivor size 8716288 bytes, new threshold 4 (max 6)
- age   1:    2693016 bytes,    2693016 total
- age   2:    2190104 bytes,    4883120 total
- age   3:    1968864 bytes,    6851984 total
- age   4:    1921968 bytes,    8773952 total
- age   5:    2257552 bytes,   11031504 total
: 146957K->15275K(153344K), 0.0207740 secs] 274377K->142695K(1230656K), 0.0209190 secs] [Times: user=0.04 sys=0.00, real=0.03 secs] 
2014-03-11T09:52:35.113+0000: 618221.098: [GC2014-03-11T09:52:35.113+0000: 618221.098: [ParNew
Desired survivor size 8716288 bytes, new threshold 4 (max 6)
- age   1:    2569152 bytes,    2569152 total
- age   2:    2293896 bytes,    4863048 total
- age   3:    2144328 bytes,    7007376 total
- age   4:    1968752 bytes,    8976128 total
: 151595K->9969K(153344K), 0.0280450 secs] 279015K->141679K(1230656K), 0.0282000 secs] [Times: user=0.06 sys=0.00, real=0.03 secs] 
2014-03-11T09:56:29.901+0000: 618455.886: [GC2014-03-11T09:56:29.901+0000: 618455.886: [ParNew
Desired survivor size 8716288 bytes, new threshold 4 (max 6)
- age   1:    2609208 bytes,    2609208 total
- age   2:    2226264 bytes,    4835472 total
- age   3:    2288056 bytes,    7123528 total
- age   4:    2143016 bytes,    9266544 total
: 146289K->13580K(153344K), 0.0233870 secs] 277999K->147314K(1230656K), 0.0235490 secs] [Times: user=0.05 sys=0.00, real=0.03 secs] 
2014-03-11T10:00:04.352+0000: 618670.337: [GC2014-03-11T10:00:04.353+0000: 618670.337: [ParNew
Desired survivor size 8716288 bytes, new threshold 4 (max 6)
- age   1:    2531280 bytes,    2531280 total
- age   2:    2151360 bytes,    4682640 total
- age   3:    2225704 bytes,    6908344 total
- age   4:    2276520 bytes,    9184864 total
: 149900K->13699K(153344K), 0.0240200 secs] 283634K->149635K(1230656K), 0.0241960 secs] [Times: user=0.06 sys=0.00, real=0.03 secs] 
2014-03-11T10:03:53.207+0000: 618899.192: [GC2014-03-11T10:03:53.207+0000: 618899.192: [ParNew
Desired survivor size 8716288 bytes, new threshold 4 (max 6)
- age   1:    2545760 bytes,    2545760 total
- age   2:    2011392 bytes,    4557152 total
- age   3:    2139728 bytes,    6696880 total
- age   4:    2225272 bytes,    8922152 total
: 150019K->13211K(153344K), 0.0235790 secs] 285955K->151323K(1230656K), 0.0237290 secs] [Times: user=0.05 sys=0.01, real=0.02 secs] 
2014-03-11T10:07:45.916+0000: 619131.901: [GC2014-03-11T10:07:45.916+0000: 619131.901: [ParNew
Desired survivor size 8716288 bytes, new threshold 4 (max 6)
- age   1:    2568576 bytes,    2568576 total
- age   2:    2120840 bytes,    4689416 total
- age   3:    2009048 bytes,    6698464 total
- age   4:    2139136 bytes,    8837600 total
: 149531K->13006K(153344K), 0.0233850 secs] 287643K->153408K(1230656K), 0.0235470 secs] [Times: user=0.05 sys=0.00, real=0.02 secs] 
2014-03-11T10:11:23.076+0000: 619349.061: [GC2014-03-11T10:11:23.076+0000: 619349.061: [ParNew
Desired survivor size 8716288 bytes, new threshold 4 (max 6)
- age   1:    2564120 bytes,    2564120 total
- age   2:    2211104 bytes,    4775224 total
- age   3:    2108688 bytes,    6883912 total
- age   4:    2008240 bytes,    8892152 total
: 149326K->12961K(153344K), 0.0236870 secs] 289728K->155562K(1230656K), 0.0238780 secs] [Times: user=0.05 sys=0.00, real=0.02 secs] 
2014-03-11T10:14:56.810+0000: 619562.795: [GC2014-03-11T10:14:56.810+0000: 619562.795: [ParNew
Desired survivor size 8716288 bytes, new threshold 4 (max 6)
- age   1:    2970248 bytes,    2970248 total
- age   2:    2000736 bytes,    4970984 total
- age   3:    2210088 bytes,    7181072 total
- age   4:    2108048 bytes,    9289120 total
: 149281K->17024K(153344K), 0.0233800 secs] 291882K->161785K(1230656K), 0.0235310 secs] [Times: user=0.05 sys=0.00, real=0.02 secs] 
2014-03-11T10:18:19.909+0000: 619765.894: [GC2014-03-11T10:18:19.909+0000: 619765.894: [ParNew
Desired survivor size 8716288 bytes, new threshold 4 (max 6)
- age   1:    2585824 bytes,    2585824 total
- age   2:    1994064 bytes,    4579888 total
- age   3:    1986128 bytes,    6566016 total
- age   4:    2209544 bytes,    8775560 total
: 153344K->11192K(153344K), 0.0232340 secs] 298105K->158120K(1230656K), 0.0233930 secs] [Times: user=0.05 sys=0.00, real=0.02 secs] 
2014-03-11T10:22:04.872+0000: 619990.857: [GC2014-03-11T10:22:04.872+0000: 619990.857: [ParNew
Desired survivor size 8716288 bytes, new threshold 6 (max 6)
- age   1:    2475224 bytes,    2475224 total
- age   2:    2063240 bytes,    4538464 total
- age   3:    1982184 bytes,    6520648 total
- age   4:    1984912 bytes,    8505560 total
: 147512K->15403K(153344K), 0.0239800 secs] 294440K->164600K(1230656K), 0.0241550 secs] [Times: user=0.05 sys=0.00, real=0.03 secs] 
2014-03-11T10:24:34.024+0000: 620140.009: [GC2014-03-11T10:24:34.025+0000: 620140.009: [ParNew
Desired survivor size 8716288 bytes, new threshold 1 (max 6)
- age   1:    9424104 bytes,    9424104 total
- age   2:    2069600 bytes,   11493704 total
- age   3:    1565688 bytes,   13059392 total
- age   4:    1855608 bytes,   14915000 total
- age   5:    1642528 bytes,   16557528 total
: 151723K->17024K(153344K), 0.0298550 secs] 300920K->167404K(1230656K), 0.0300360 secs] [Times: user=0.07 sys=0.00, real=0.03 secs] 
2014-03-11T10:25:25.042+0000: 620191.027: [GC2014-03-11T10:25:25.042+0000: 620191.027: [ParNew
Desired survivor size 8716288 bytes, new threshold 1 (max 6)
- age   1:   14223136 bytes,   14223136 total
: 153344K->17024K(153344K), 0.0458860 secs] 303724K->180478K(1230656K), 0.0460680 secs] [Times: user=0.10 sys=0.00, real=0.04 secs] 
2014-03-11T10:27:35.585+0000: 620321.570: [GC2014-03-11T10:27:35.586+0000: 620321.570: [ParNew
Desired survivor size 8716288 bytes, new threshold 6 (max 6)
- age   1:    5366696 bytes,    5366696 total
: 153344K->14305K(153344K), 0.0188070 secs] 316798K->186061K(1230656K), 0.0189820 secs] [Times: user=0.05 sys=0.00, real=0.02 secs] 
2014-03-11T10:31:00.259+0000: 620526.244: [GC2014-03-11T10:31:00.259+0000: 620526.244: [ParNew
Desired survivor size 8716288 bytes, new threshold 6 (max 6)
- age   1:    2289672 bytes,    2289672 total
- age   2:    1216392 bytes,    3506064 total
: 150625K->4810K(153344K), 0.0121820 secs] 322381K->176565K(1230656K), 0.0123180 secs] [Times: user=0.02 sys=0.00, real=0.01 secs] 
2014-03-11T10:34:26.535+0000: 620732.520: [GC2014-03-11T10:34:26.535+0000: 620732.520: [ParNew
Desired survivor size 8716288 bytes, new threshold 6 (max 6)
- age   1:    2345488 bytes,    2345488 total
- age   2:    1960408 bytes,    4305896 total
- age   3:    1215488 bytes,    5521384 total
: 141130K->7392K(153344K), 0.0136020 secs] 312885K->179147K(1230656K), 0.0137350 secs] [Times: user=0.03 sys=0.00, real=0.01 secs] 
2014-03-11T10:37:39.991+0000: 620925.975: [GC2014-03-11T10:37:39.991+0000: 620925.975: [ParNew
Desired survivor size 8716288 bytes, new threshold 6 (max 6)
- age   1:    2696640 bytes,    2696640 total
- age   2:    1923144 bytes,    4619784 total
- age   3:    1913560 bytes,    6533344 total
- age   4:    1214968 bytes,    7748312 total
: 143712K->9846K(153344K), 0.0165780 secs] 315467K->181601K(1230656K), 0.0167330 secs] [Times: user=0.03 sys=0.00, real=0.02 secs] 
2014-03-11T10:41:00.878+0000: 621126.863: [GC2014-03-11T10:41:00.878+0000: 621126.863: [ParNew
Desired survivor size 8716288 bytes, new threshold 5 (max 6)
- age   1:    2487264 bytes,    2487264 total
- age   2:    1973472 bytes,    4460736 total
- age   3:    1896744 bytes,    6357480 total
- age   4:    1912576 bytes,    8270056 total
- age   5:    1214728 bytes,    9484784 total
: 146166K->13406K(153344K), 0.0190170 secs] 317921K->185161K(1230656K), 0.0191670 secs] [Times: user=0.04 sys=0.00, real=0.02 secs] 
2014-03-11T10:44:55.585+0000: 621361.570: [GC2014-03-11T10:44:55.585+0000: 621361.570: [ParNew
Desired survivor size 8716288 bytes, new threshold 5 (max 6)
- age   1:    2514264 bytes,    2514264 total
- age   2:    2025784 bytes,    4540048 total
- age   3:    1963008 bytes,    6503056 total
- age   4:    1896456 bytes,    8399512 total
- age   5:    1912288 bytes,   10311800 total
: 149726K->17024K(153344K), 0.0232920 secs] 321481K->190065K(1230656K), 0.0234540 secs] [Times: user=0.06 sys=0.00, real=0.02 secs] 
2014-03-11T10:47:38.240+0000: 621524.225: [GC2014-03-11T10:47:38.241+0000: 621524.225: [ParNew
Desired survivor size 8716288 bytes, new threshold 2 (max 6)
- age   1:    8502168 bytes,    8502168 total
- age   2:    2176096 bytes,   10678264 total
- age   3:    2018608 bytes,   12696872 total
- age   4:    1961192 bytes,   14658064 total
- age   5:    1896408 bytes,   16554472 total
: 153344K->17024K(153344K), 0.0326310 secs] 326385K->192245K(1230656K), 0.0328100 secs] [Times: user=0.07 sys=0.00, real=0.03 secs] 
2014-03-11T10:47:56.946+0000: 621542.931: [GC2014-03-11T10:47:56.946+0000: 621542.931: [ParNew
Desired survivor size 8716288 bytes, new threshold 1 (max 6)
- age   1:   12870240 bytes,   12870240 total
- age   2:    4264296 bytes,   17134536 total
: 153344K->17024K(153344K), 0.0511290 secs] 328565K->204270K(1230656K), 0.0513070 secs] [Times: user=0.11 sys=0.00, real=0.05 secs] 
2014-03-11T10:48:29.946+0000: 621575.931: [GC2014-03-11T10:48:29.946+0000: 621575.931: [ParNew
Desired survivor size 8716288 bytes, new threshold 1 (max 6)
- age   1:   11565088 bytes,   11565088 total
: 153344K->16633K(153344K), 0.0343990 secs] 340590K->214064K(1230656K), 0.0345810 secs] [Times: user=0.08 sys=0.00, real=0.03 secs] 
2014-03-11T10:50:51.179+0000: 621717.163: [GC2014-03-11T10:50:51.179+0000: 621717.164: [ParNew
Desired survivor size 8716288 bytes, new threshold 6 (max 6)
- age   1:    6333848 bytes,    6333848 total
: 152953K->12240K(153344K), 0.0170000 secs] 350384K->212756K(1230656K), 0.0171740 secs] [Times: user=0.03 sys=0.00, real=0.02 secs] 
2014-03-11T10:52:35.480+0000: 621821.465: [GC2014-03-11T10:52:35.480+0000: 621821.465: [ParNew
Desired survivor size 8716288 bytes, new threshold 6 (max 6)
- age   1:    5500920 bytes,    5500920 total
- age   2:    3010808 bytes,    8511728 total
: 148560K->11002K(153344K), 0.0134290 secs] 349076K->211518K(1230656K), 0.0135690 secs] [Times: user=0.03 sys=0.00, real=0.01 secs] 
2014-03-11T10:55:54.063+0000: 622020.048: [GC2014-03-11T10:55:54.063+0000: 622020.048: [ParNew
Desired survivor size 8716288 bytes, new threshold 6 (max 6)
- age   1:    2534864 bytes,    2534864 total
- age   2:     992936 bytes,    3527800 total
- age   3:    1303504 bytes,    4831304 total
: 147322K->7277K(153344K), 0.0140990 secs] 347838K->207793K(1230656K), 0.0142410 secs] [Times: user=0.03 sys=0.00, real=0.01 secs] 
2014-03-11T10:59:20.662+0000: 622226.646: [GC2014-03-11T10:59:20.662+0000: 622226.646: [ParNew
Desired survivor size 8716288 bytes, new threshold 6 (max 6)
- age   1:    2915936 bytes,    2915936 total
- age   2:    2057392 bytes,    4973328 total
- age   3:     992344 bytes,    5965672 total
- age   4:    1302896 bytes,    7268568 total
: 143597K->10543K(153344K), 0.0160270 secs] 344113K->211058K(1230656K), 0.0161730 secs] [Times: user=0.03 sys=0.00, real=0.02 secs] 
2014-03-11T11:03:15.909+0000: 622461.894: [GC2014-03-11T11:03:15.909+0000: 622461.894: [ParNew
Desired survivor size 8716288 bytes, new threshold 5 (max 6)
- age   1:    2606768 bytes,    2606768 total
- age   2:    1977208 bytes,    4583976 total
- age   3:    2025792 bytes,    6609768 total
- age   4:     991496 bytes,    7601264 total
- age   5:    1302288 bytes,    8903552 total
: 146863K->13011K(153344K), 0.0185360 secs] 347378K->213527K(1230656K), 0.0186900 secs] [Times: user=0.04 sys=0.00, real=0.02 secs] 
2014-03-11T11:06:45.018+0000: 622671.003: [GC2014-03-11T11:06:45.019+0000: 622671.003: [ParNew
Desired survivor size 8716288 bytes, new threshold 5 (max 6)
- age   1:    2585376 bytes,    2585376 total
- age   2:    2178264 bytes,    4763640 total
- age   3:    1904576 bytes,    6668216 total
- age   4:    2016496 bytes,    8684712 total
- age   5:     990592 bytes,    9675304 total
: 149331K->16403K(153344K), 0.0226980 secs] 349847K->218258K(1230656K), 0.0228680 secs] [Times: user=0.05 sys=0.00, real=0.02 secs] 
2014-03-11T11:10:30.909+0000: 622896.894: [GC2014-03-11T11:10:30.909+0000: 622896.894: [ParNew
Desired survivor size 8716288 bytes, new threshold 5 (max 6)
- age   1:    2504800 bytes,    2504800 total
- age   2:    2084608 bytes,    4589408 total
- age   3:    2176888 bytes,    6766296 total
- age   4:    1903920 bytes,    8670216 total
- age   5:    1858000 bytes,   10528216 total
: 152723K->10999K(153344K), 0.0229410 secs] 354578K->213870K(1230656K), 0.0231140 secs] [Times: user=0.05 sys=0.00, real=0.02 secs] 
2014-03-11T11:14:29.848+0000: 623135.832: [GC2014-03-11T11:14:29.848+0000: 623135.833: [ParNew
Desired survivor size 8716288 bytes, new threshold 4 (max 6)
- age   1:    2441824 bytes,    2441824 total
- age   2:    2089872 bytes,    4531696 total
- age   3:    2063832 bytes,    6595528 total
- age   4:    2176360 bytes,    8771888 total
- age   5:    1903544 bytes,   10675432 total
: 147319K->17024K(153344K), 0.0252970 secs] 350190K->221951K(1230656K), 0.0254650 secs] [Times: user=0.05 sys=0.00, real=0.02 secs] 
2014-03-11T11:18:20.154+0000: 623366.139: [GC2014-03-11T11:18:20.154+0000: 623366.139: [ParNew
Desired survivor size 8716288 bytes, new threshold 4 (max 6)
- age   1:    2610152 bytes,    2610152 total
- age   2:    2209544 bytes,    4819696 total
- age   3:    2088384 bytes,    6908080 total
- age   4:    2062280 bytes,    8970360 total
: 153344K->10301K(153344K), 0.0284010 secs] 358271K->219421K(1230656K), 0.0285760 secs] [Times: user=0.05 sys=0.01, real=0.04 secs] 
2014-03-11T11:21:59.674+0000: 623585.659: [GC2014-03-11T11:21:59.674+0000: 623585.659: [ParNew
Desired survivor size 8716288 bytes, new threshold 4 (max 6)
- age   1:    2462392 bytes,    2462392 total
- age   2:    2299304 bytes,    4761696 total
- age   3:    2207768 bytes,    6969464 total
- age   4:    2085720 bytes,    9055184 total
: 146621K->13568K(153344K), 0.0245950 secs] 355741K->224724K(1230656K), 0.0247680 secs] [Times: user=0.04 sys=0.01, real=0.03 secs] 
2014-03-11T11:25:13.860+0000: 623779.845: [GC2014-03-11T11:25:13.860+0000: 623779.845: [ParNew
Desired survivor size 8716288 bytes, new threshold 4 (max 6)
- age   1:    2818032 bytes,    2818032 total
- age   2:    2053136 bytes,    4871168 total
- age   3:    2226448 bytes,    7097616 total
- age   4:    2206864 bytes,    9304480 total
: 149888K->13331K(153344K), 0.0241790 secs] 361044K->226631K(1230656K), 0.0243530 secs] [Times: user=0.05 sys=0.00, real=0.03 secs] 
2014-03-11T11:26:41.354+0000: 623867.339: [GC2014-03-11T11:26:41.355+0000: 623867.339: [ParNew
Desired survivor size 8716288 bytes, new threshold 1 (max 6)
- age   1:   11378688 bytes,   11378688 total
- age   2:    1856496 bytes,   13235184 total
- age   3:    2022152 bytes,   15257336 total
- age   4:    2174056 bytes,   17431392 total
: 149651K->17024K(153344K), 0.0459960 secs] 362951K->240993K(1230656K), 0.0461920 secs] [Times: user=0.10 sys=0.00, real=0.04 secs] 
2014-03-11T11:30:11.225+0000: 624077.209: [GC2014-03-11T11:30:11.225+0000: 624077.209: [ParNew
Desired survivor size 8716288 bytes, new threshold 6 (max 6)
- age   1:    4138584 bytes,    4138584 total
: 153344K->15252K(153344K), 0.0337450 secs] 377313K->251473K(1230656K), 0.0339210 secs] [Times: user=0.07 sys=0.00, real=0.03 secs] 
2014-03-11T11:33:33.116+0000: 624279.101: [GC2014-03-11T11:33:33.116+0000: 624279.101: [ParNew
Desired survivor size 8716288 bytes, new threshold 6 (max 6)
- age   1:    2428992 bytes,    2428992 total
- age   2:    2950608 bytes,    5379600 total
: 151567K->9577K(153344K), 0.0134860 secs] 387789K->245799K(1230656K), 0.0136420 secs] [Times: user=0.03 sys=0.00, real=0.01 secs] 
2014-03-11T11:36:57.495+0000: 624483.480: [GC2014-03-11T11:36:57.495+0000: 624483.480: [ParNew
Desired survivor size 8716288 bytes, new threshold 6 (max 6)
- age   1:    2642832 bytes,    2642832 total
- age   2:    1917288 bytes,    4560120 total
- age   3:    2944704 bytes,    7504824 total
: 145897K->9399K(153344K), 0.0154950 secs] 382119K->245621K(1230656K), 0.0156420 secs] [Times: user=0.03 sys=0.00, real=0.01 secs] 
2014-03-11T11:40:02.231+0000: 624668.216: [GC2014-03-11T11:40:02.231+0000: 624668.216: [ParNew
Desired survivor size 8716288 bytes, new threshold 2 (max 6)
- age   1:    7483744 bytes,    7483744 total
- age   2:    2103168 bytes,    9586912 total
- age   3:    1916464 bytes,   11503376 total
- age   4:    2944392 bytes,   14447768 total
: 145719K->17024K(153344K), 0.0250640 secs] 381941K->253433K(1230656K), 0.0252480 secs] [Times: user=0.06 sys=0.00, real=0.03 secs] 
2014-03-11T11:41:45.909+0000: 624771.894: [GC2014-03-11T11:41:45.909+0000: 624771.894: [ParNew
Desired survivor size 8716288 bytes, new threshold 1 (max 6)
- age   1:   11545720 bytes,   11545720 total
- age   2:    4224128 bytes,   15769848 total
: 153344K->17024K(153344K), 0.0368380 secs] 389753K->263073K(1230656K), 0.0370090 secs] [Times: user=0.08 sys=0.00, real=0.04 secs] 
2014-03-11T11:42:59.308+0000: 624845.293: [GC2014-03-11T11:42:59.308+0000: 624845.293: [ParNew
Desired survivor size 8716288 bytes, new threshold 1 (max 6)
- age   1:   11377280 bytes,   11377280 total
: 153344K->15083K(153344K), 0.0380190 secs] 399393K->272341K(1230656K), 0.0382130 secs] [Times: user=0.07 sys=0.00, real=0.04 secs] 
2014-03-11T11:46:10.909+0000: 625036.894: [GC2014-03-11T11:46:10.909+0000: 625036.894: [ParNew
Desired survivor size 8716288 bytes, new threshold 6 (max 6)
- age   1:    2362280 bytes,    2362280 total
: 151403K->11876K(153344K), 0.0136840 secs] 408661K->269906K(1230656K), 0.0138600 secs] [Times: user=0.03 sys=0.00, real=0.02 secs] 
2014-03-11T11:47:40.738+0000: 625126.723: [GC2014-03-11T11:47:40.738+0000: 625126.723: [ParNew
Desired survivor size 8716288 bytes, new threshold 1 (max 6)
- age   1:   15174736 bytes,   15174736 total
- age   2:    1875768 bytes,   17050504 total
: 148196K->17024K(153344K), 0.0296690 secs] 406226K->276388K(1230656K), 0.0298520 secs] [Times: user=0.07 sys=0.00, real=0.03 secs] 
2014-03-11T11:50:54.226+0000: 625320.211: [GC2014-03-11T11:50:54.226+0000: 625320.211: [ParNew
Desired survivor size 8716288 bytes, new threshold 6 (max 6)
- age   1:    5934432 bytes,    5934432 total
: 153344K->13588K(153344K), 0.0292690 secs] 412708K->285723K(1230656K), 0.0294880 secs] [Times: user=0.06 sys=0.00, real=0.03 secs] 
2014-03-11T11:54:13.805+0000: 625519.790: [GC2014-03-11T11:54:13.805+0000: 625519.790: [ParNew
Desired survivor size 8716288 bytes, new threshold 6 (max 6)
- age   1:    2365688 bytes,    2365688 total
- age   2:    2891008 bytes,    5256696 total
: 149908K->8278K(153344K), 0.0136510 secs] 422043K->280413K(1230656K), 0.0137950 secs] [Times: user=0.03 sys=0.00, real=0.01 secs] 
2014-03-11T11:57:54.452+0000: 625740.437: [GC2014-03-11T11:57:54.452+0000: 625740.437: [ParNew
Desired survivor size 8716288 bytes, new threshold 6 (max 6)
- age   1:    2483656 bytes,    2483656 total
- age   2:    1904760 bytes,    4388416 total
- age   3:    2890728 bytes,    7279144 total
: 144598K->10296K(153344K), 0.0152110 secs] 416733K->282432K(1230656K), 0.0153640 secs] [Times: user=0.03 sys=0.00, real=0.02 secs] 
2014-03-11T11:58:35.143+0000: 625781.128: [GC2014-03-11T11:58:35.143+0000: 625781.128: [ParNew
Desired survivor size 8716288 bytes, new threshold 1 (max 6)
- age   1:   11189360 bytes,   11189360 total
- age   2:    1901512 bytes,   13090872 total
- age   3:    1707552 bytes,   14798424 total
- age   4:    2631728 bytes,   17430152 total
: 146616K->17024K(153344K), 0.0280360 secs] 418752K->294397K(1230656K), 0.0281950 secs] [Times: user=0.06 sys=0.00, real=0.02 secs] 
2014-03-11T12:01:45.525+0000: 625971.510: [GC2014-03-11T12:01:45.525+0000: 625971.510: [ParNew
Desired survivor size 8716288 bytes, new threshold 6 (max 6)
- age   1:    2319600 bytes,    2319600 total
: 153344K->14566K(153344K), 0.0328050 secs] 430717K->309157K(1230656K), 0.0329830 secs] [Times: user=0.07 sys=0.00, real=0.03 secs] 
2014-03-11T12:05:03.617+0000: 626169.602: [GC2014-03-11T12:05:03.617+0000: 626169.602: [ParNew
Desired survivor size 8716288 bytes, new threshold 6 (max 6)
- age   1:    2589424 bytes,    2589424 total
- age   2:    1900424 bytes,    4489848 total
: 150886K->6222K(153344K), 0.0153270 secs] 445477K->300813K(1230656K), 0.0154870 secs] [Times: user=0.03 sys=0.00, real=0.01 secs] 
2014-03-11T12:08:30.312+0000: 626376.297: [GC2014-03-11T12:08:30.313+0000: 626376.297: [ParNew
Desired survivor size 8716288 bytes, new threshold 6 (max 6)
- age   1:    2358032 bytes,    2358032 total
- age   2:    2140456 bytes,    4498488 total
- age   3:    1896184 bytes,    6394672 total
: 142542K->8383K(153344K), 0.0146510 secs] 437133K->302973K(1230656K), 0.0148060 secs] [Times: user=0.03 sys=0.00, real=0.02 secs] 
2014-03-11T12:11:30.937+0000: 626556.921: [GC2014-03-11T12:11:30.937+0000: 626556.921: [ParNew
Desired survivor size 8716288 bytes, new threshold 6 (max 6)
- age   1:    2501872 bytes,    2501872 total
- age   2:    1951544 bytes,    4453416 total
- age   3:    2063720 bytes,    6517136 total
- age   4:    1895168 bytes,    8412304 total
: 144703K->11497K(153344K), 0.0173990 secs] 439293K->306088K(1230656K), 0.0175420 secs] [Times: user=0.04 sys=0.00, real=0.02 secs] 
2014-03-11T12:14:37.532+0000: 626743.516: [GC2014-03-11T12:14:37.532+0000: 626743.517: [ParNew
Desired survivor size 8716288 bytes, new threshold 5 (max 6)
- age   1:    2241168 bytes,    2241168 total
- age   2:    1913992 bytes,    4155160 total
- age   3:    1892136 bytes,    6047296 total
- age   4:    2060888 bytes,    8108184 total
- age   5:    1894752 bytes,   10002936 total
: 147817K->14882K(153344K), 0.0203540 secs] 442408K->309473K(1230656K), 0.0204980 secs] [Times: user=0.03 sys=0.00, real=0.02 secs] 
2014-03-11T12:18:10.131+0000: 626956.116: [GC2014-03-11T12:18:10.131+0000: 626956.116: [ParNew
Desired survivor size 8716288 bytes, new threshold 5 (max 6)
- age   1:    2184112 bytes,    2184112 total
- age   2:    1730608 bytes,    3914720 total
- age   3:    1746784 bytes,    5661504 total
- age   4:    1891752 bytes,    7553256 total
- age   5:    2060544 bytes,    9613800 total
: 151202K->17024K(153344K), 0.0252200 secs] 445793K->313787K(1230656K), 0.0254000 secs] [Times: user=0.06 sys=0.00, real=0.03 secs] 
2014-03-11T12:21:45.519+0000: 627171.504: [GC2014-03-11T12:21:45.519+0000: 627171.504: [ParNew
Desired survivor size 8716288 bytes, new threshold 5 (max 6)
- age   1:    2507464 bytes,    2507464 total
- age   2:    2031696 bytes,    4539160 total
- age   3:    1728696 bytes,    6267856 total
- age   4:    1737608 bytes,    8005464 total
- age   5:    1891464 bytes,    9896928 total
: 153344K->11841K(153344K), 0.0254960 secs] 450107K->310713K(1230656K), 0.0256560 secs] [Times: user=0.05 sys=0.01, real=0.03 secs] 
2014-03-11T12:25:01.891+0000: 627367.875: [GC2014-03-11T12:25:01.891+0000: 627367.875: [ParNew
Desired survivor size 8716288 bytes, new threshold 5 (max 6)
- age   1:    2640544 bytes,    2640544 total
- age   2:    1982792 bytes,    4623336 total
- age   3:    1967224 bytes,    6590560 total
- age   4:    1728048 bytes,    8318608 total
- age   5:    1658248 bytes,    9976856 total
: 148161K->17023K(153344K), 0.0256140 secs] 447033K->318012K(1230656K), 0.0257760 secs] [Times: user=0.04 sys=0.00, real=0.03 secs] 
2014-03-11T12:28:31.270+0000: 627577.255: [GC2014-03-11T12:28:31.270+0000: 627577.255: [ParNew
Desired survivor size 8716288 bytes, new threshold 5 (max 6)
- age   1:    2502976 bytes,    2502976 total
- age   2:    2176728 bytes,    4679704 total
- age   3:    1981864 bytes,    6661568 total
- age   4:    1966304 bytes,    8627872 total
- age   5:    1727592 bytes,   10355464 total
: 153343K->11682K(153344K), 0.0239770 secs] 454332K->314375K(1230656K), 0.0241430 secs] [Times: user=0.04 sys=0.00, real=0.03 secs] 
2014-03-11T12:31:43.985+0000: 627769.970: [GC2014-03-11T12:31:43.985+0000: 627769.970: [ParNew
Desired survivor size 8716288 bytes, new threshold 5 (max 6)
- age   1:    2090864 bytes,    2090864 total
- age   2:    1927912 bytes,    4018776 total
- age   3:    2053048 bytes,    6071824 total
- age   4:    1981376 bytes,    8053200 total
- age   5:    1965968 bytes,   10019168 total
: 148002K->17024K(153344K), 0.0245990 secs] 450695K->321826K(1230656K), 0.0247510 secs] [Times: user=0.05 sys=0.00, real=0.02 secs] 
2014-03-11T12:35:11.621+0000: 627977.606: [GC2014-03-11T12:35:11.621+0000: 627977.606: [ParNew
Desired survivor size 8716288 bytes, new threshold 5 (max 6)
- age   1:    2610664 bytes,    2610664 total
- age   2:    1801256 bytes,    4411920 total
- age   3:    1926352 bytes,    6338272 total
- age   4:    2039880 bytes,    8378152 total
- age   5:    1981184 bytes,   10359336 total
: 153344K->12060K(153344K), 0.0264040 secs] 458146K->318883K(1230656K), 0.0265920 secs] [Times: user=0.06 sys=0.00, real=0.03 secs] 
2014-03-11T12:38:29.559+0000: 628175.544: [GC2014-03-11T12:38:29.559+0000: 628175.544: [ParNew
Desired survivor size 8716288 bytes, new threshold 5 (max 6)
- age   1:    2152296 bytes,    2152296 total
- age   2:    2015384 bytes,    4167680 total
- age   3:    1798536 bytes,    5966216 total
- age   4:    1926112 bytes,    7892328 total
- age   5:    2000344 bytes,    9892672 total
: 148380K->17024K(153344K), 0.0249860 secs] 455203K->326223K(1230656K), 0.0251500 secs] [Times: user=0.05 sys=0.00, real=0.03 secs] 
2014-03-11T12:41:56.993+0000: 628382.978: [GC2014-03-11T12:41:56.993+0000: 628382.978: [ParNew
Desired survivor size 8716288 bytes, new threshold 5 (max 6)
- age   1:    2492432 bytes,    2492432 total
- age   2:    1838256 bytes,    4330688 total
- age   3:    1939496 bytes,    6270184 total
- age   4:    1797744 bytes,    8067928 total
- age   5:    1925632 bytes,    9993560 total
: 153344K->11943K(153344K), 0.0242850 secs] 462543K->323191K(1230656K), 0.0244390 secs] [Times: user=0.05 sys=0.00, real=0.03 secs] 
2014-03-11T12:45:30.801+0000: 628596.786: [GC2014-03-11T12:45:30.801+0000: 628596.786: [ParNew
Desired survivor size 8716288 bytes, new threshold 4 (max 6)
- age   1:    3276696 bytes,    3276696 total
- age   2:    1894376 bytes,    5171072 total
- age   3:    1836216 bytes,    7007288 total
- age   4:    1937976 bytes,    8945264 total
- age   5:    1797672 bytes,   10742936 total
: 148263K->17024K(153344K), 0.0258540 secs] 459511K->330457K(1230656K), 0.0260370 secs] [Times: user=0.06 sys=0.00, real=0.03 secs] 
2014-03-11T12:49:11.341+0000: 628817.326: [GC2014-03-11T12:49:11.341+0000: 628817.326: [ParNew
Desired survivor size 8716288 bytes, new threshold 6 (max 6)
- age   1:    2503104 bytes,    2503104 total
- age   2:    2407368 bytes,    4910472 total
- age   3:    1889912 bytes,    6800384 total
- age   4:    1834928 bytes,    8635312 total
: 153344K->10213K(153344K), 0.0278150 secs] 466777K->327484K(1230656K), 0.0279920 secs] [Times: user=0.06 sys=0.00, real=0.03 secs] 
2014-03-11T12:52:37.497+0000: 629023.481: [GC2014-03-11T12:52:37.497+0000: 629023.482: [ParNew
Desired survivor size 8716288 bytes, new threshold 4 (max 6)
- age   1:    2526480 bytes,    2526480 total
- age   2:    2027448 bytes,    4553928 total
- age   3:    2394304 bytes,    6948232 total
- age   4:    1888240 bytes,    8836472 total
- age   5:    1834592 bytes,   10671064 total
: 146533K->13297K(153344K), 0.0217280 secs] 463804K->330568K(1230656K), 0.0218800 secs] [Times: user=0.04 sys=0.00, real=0.02 secs] 
2014-03-11T12:56:00.703+0000: 629226.688: [GC2014-03-11T12:56:00.703+0000: 629226.688: [ParNew
Desired survivor size 8716288 bytes, new threshold 4 (max 6)
- age   1:    2480112 bytes,    2480112 total
- age   2:    2022328 bytes,    4502440 total
- age   3:    2025696 bytes,    6528136 total
- age   4:    2380760 bytes,    8908896 total
: 149617K->10185K(153344K), 0.0279130 secs] 466888K->331284K(1230656K), 0.0281050 secs] [Times: user=0.05 sys=0.00, real=0.02 secs] 
2014-03-11T12:59:31.501+0000: 629437.486: [GC2014-03-11T12:59:31.501+0000: 629437.486: [ParNew
Desired survivor size 8716288 bytes, new threshold 6 (max 6)
- age   1:    2587384 bytes,    2587384 total
- age   2:    1925720 bytes,    4513104 total
- age   3:    1940984 bytes,    6454088 total
- age   4:    2024424 bytes,    8478512 total
: 146505K->13258K(153344K), 0.0233250 secs] 467604K->336674K(1230656K), 0.0234930 secs] [Times: user=0.05 sys=0.00, real=0.03 secs] 
2014-03-11T13:03:10.413+0000: 629656.398: [GC2014-03-11T13:03:10.413+0000: 629656.398: [ParNew
Desired survivor size 8716288 bytes, new threshold 5 (max 6)
- age   1:    2458840 bytes,    2458840 total
- age   2:    1941496 bytes,    4400336 total
- age   3:    1886904 bytes,    6287240 total
- age   4:    1939936 bytes,    8227176 total
- age   5:    2024088 bytes,   10251264 total
: 149578K->12483K(153344K), 0.0204400 secs] 472994K->335899K(1230656K), 0.0206240 secs] [Times: user=0.04 sys=0.00, real=0.02 secs] 
2014-03-11T13:06:45.219+0000: 629871.204: [GC2014-03-11T13:06:45.219+0000: 629871.204: [ParNew
Desired survivor size 8716288 bytes, new threshold 5 (max 6)
- age   1:    2498792 bytes,    2498792 total
- age   2:    2040752 bytes,    4539544 total
- age   3:    1938688 bytes,    6478232 total
- age   4:    1886096 bytes,    8364328 total
- age   5:    1894176 bytes,   10258504 total
: 148803K->14306K(153344K), 0.0251510 secs] 472219K->339803K(1230656K), 0.0253100 secs] [Times: user=0.05 sys=0.00, real=0.03 secs] 
2014-03-11T13:09:19.923+0000: 630025.908: [GC2014-03-11T13:09:19.923+0000: 630025.908: [ParNew
Desired survivor size 8716288 bytes, new threshold 5 (max 6)
- age   1:    2556648 bytes,    2556648 total
- age   2:    2067920 bytes,    4624568 total
- age   3:    2019672 bytes,    6644240 total
- age   4:    1938136 bytes,    8582376 total
- age   5:    1885944 bytes,   10468320 total
: 150626K->14785K(153344K), 0.0248350 secs] 476123K->342229K(1230656K), 0.0249950 secs] [Times: user=0.05 sys=0.00, real=0.02 secs] 
2014-03-11T13:12:36.219+0000: 630222.203: [GC2014-03-11T13:12:36.219+0000: 630222.203: [ParNew
Desired survivor size 8716288 bytes, new threshold 4 (max 6)
- age   1:    2853024 bytes,    2853024 total
- age   2:    1918704 bytes,    4771728 total
- age   3:    2066832 bytes,    6838560 total
- age   4:    2019072 bytes,    8857632 total
- age   5:    1937976 bytes,   10795608 total
: 151105K->17024K(153344K), 0.0263330 secs] 478549K->346711K(1230656K), 0.0265110 secs] [Times: user=0.05 sys=0.00, real=0.03 secs] 
2014-03-11T13:15:53.755+0000: 630419.740: [GC2014-03-11T13:15:53.755+0000: 630419.740: [ParNew
Desired survivor size 8716288 bytes, new threshold 6 (max 6)
- age   1:    2548232 bytes,    2548232 total
- age   2:    2102432 bytes,    4650664 total
- age   3:    1557176 bytes,    6207840 total
- age   4:    2020728 bytes,    8228568 total
: 153344K->10678K(153344K), 0.0272430 secs] 483031K->344433K(1230656K), 0.0274050 secs] [Times: user=0.05 sys=0.00, real=0.03 secs] 
2014-03-11T13:19:39.801+0000: 630645.786: [GC2014-03-11T13:19:39.802+0000: 630645.786: [ParNew
Desired survivor size 8716288 bytes, new threshold 5 (max 6)
- age   1:    2486296 bytes,    2486296 total
- age   2:    1899504 bytes,    4385800 total
- age   3:    2092232 bytes,    6478032 total
- age   4:    1556088 bytes,    8034120 total
- age   5:    2020056 bytes,   10054176 total
: 146998K->12798K(153344K), 0.0197930 secs] 480753K->346552K(1230656K), 0.0199660 secs] [Times: user=0.05 sys=0.00, real=0.02 secs] 
2014-03-11T13:23:18.119+0000: 630864.104: [GC2014-03-11T13:23:18.119+0000: 630864.104: [ParNew
Desired survivor size 8716288 bytes, new threshold 5 (max 6)
- age   1:    2493832 bytes,    2493832 total
- age   2:    2092456 bytes,    4586288 total
- age   3:    1884960 bytes,    6471248 total
- age   4:    2073352 bytes,    8544600 total
- age   5:    1554888 bytes,   10099488 total
: 149118K->14234K(153344K), 0.0246770 secs] 482872K->350064K(1230656K), 0.0248380 secs] [Times: user=0.05 sys=0.00, real=0.03 secs] 
2014-03-11T13:26:36.219+0000: 631062.203: [GC2014-03-11T13:26:36.219+0000: 631062.203: [ParNew
Desired survivor size 8716288 bytes, new threshold 4 (max 6)
- age   1:    2803480 bytes,    2803480 total
- age   2:    2031520 bytes,    4835000 total
- age   3:    2081992 bytes,    6916992 total
- age   4:    1838192 bytes,    8755184 total
- age   5:    2033232 bytes,   10788416 total
: 150554K->14557K(153344K), 0.0243640 secs] 486384K->351978K(1230656K), 0.0245190 secs] [Times: user=0.05 sys=0.00, real=0.03 secs] 
2014-03-11T13:30:06.661+0000: 631272.646: [GC2014-03-11T13:30:06.661+0000: 631272.646: [ParNew
Desired survivor size 8716288 bytes, new threshold 4 (max 6)
- age   1:    2406968 bytes,    2406968 total
- age   2:    2236504 bytes,    4643472 total
- age   3:    2029488 bytes,    6672960 total
- age   4:    2081104 bytes,    8754064 total
: 150877K->15347K(153344K), 0.0287090 secs] 488298K->356736K(1230656K), 0.0288990 secs] [Times: user=0.06 sys=0.00, real=0.03 secs] 
2014-03-11T13:33:36.751+0000: 631482.735: [GC2014-03-11T13:33:36.751+0000: 631482.735: [ParNew
Desired survivor size 8716288 bytes, new threshold 6 (max 6)
- age   1:    2534912 bytes,    2534912 total
- age   2:    1943256 bytes,    4478168 total
- age   3:    2202872 bytes,    6681040 total
- age   4:    2028504 bytes,    8709544 total
: 151667K->11509K(153344K), 0.0231270 secs] 493056K->355039K(1230656K), 0.0232870 secs] [Times: user=0.04 sys=0.00, real=0.02 secs] 
2014-03-11T13:36:41.786+0000: 631667.771: [GC2014-03-11T13:36:41.786+0000: 631667.771: [ParNew
Desired survivor size 8716288 bytes, new threshold 4 (max 6)
- age   1:    2878624 bytes,    2878624 total
- age   2:    1961360 bytes,    4839984 total
- age   3:    1933696 bytes,    6773680 total
- age   4:    2191264 bytes,    8964944 total
- age   5:    2027984 bytes,   10992928 total
: 147829K->15787K(153344K), 0.0207150 secs] 491359K->359317K(1230656K), 0.0208990 secs] [Times: user=0.04 sys=0.00, real=0.02 secs] 
2014-03-11T13:40:15.517+0000: 631881.502: [GC2014-03-11T13:40:15.518+0000: 631881.502: [ParNew
Desired survivor size 8716288 bytes, new threshold 6 (max 6)
- age   1:    2539040 bytes,    2539040 total
- age   2:    1723248 bytes,    4262288 total
- age   3:    1940784 bytes,    6203072 total
- age   4:    1932184 bytes,    8135256 total
: 152107K->9763K(153344K), 0.0270290 secs] 495637K->357380K(1230656K), 0.0272070 secs] [Times: user=0.06 sys=0.00, real=0.03 secs] 
2014-03-11T13:43:45.345+0000: 632091.330: [GC2014-03-11T13:43:45.345+0000: 632091.330: [ParNew
Desired survivor size 8716288 bytes, new threshold 5 (max 6)
- age   1:    2333496 bytes,    2333496 total
- age   2:    2040736 bytes,    4374232 total
- age   3:    1706032 bytes,    6080264 total
- age   4:    1938384 bytes,    8018648 total
- age   5:    1931968 bytes,    9950616 total
: 146083K->12438K(153344K), 0.0195530 secs] 493700K->360054K(1230656K), 0.0197180 secs] [Times: user=0.04 sys=0.00, real=0.02 secs] 
2014-03-11T13:47:30.567+0000: 632316.551: [GC2014-03-11T13:47:30.567+0000: 632316.551: [ParNew
Desired survivor size 8716288 bytes, new threshold 5 (max 6)
- age   1:    2443944 bytes,    2443944 total
- age   2:    1954208 bytes,    4398152 total
- age   3:    2028664 bytes,    6426816 total
- age   4:    1705576 bytes,    8132392 total
- age   5:    1937864 bytes,   10070256 total
: 148758K->13941K(153344K), 0.0247920 secs] 496374K->363544K(1230656K), 0.0249640 secs] [Times: user=0.05 sys=0.00, real=0.02 secs] 
2014-03-11T13:51:14.909+0000: 632540.894: [GC2014-03-11T13:51:14.909+0000: 632540.894: [ParNew
Desired survivor size 8716288 bytes, new threshold 5 (max 6)
- age   1:    2471864 bytes,    2471864 total
- age   2:    2083576 bytes,    4555440 total
- age   3:    1942080 bytes,    6497520 total
- age   4:    2028328 bytes,    8525848 total
- age   5:    1705240 bytes,   10231088 total
: 150261K->14474K(153344K), 0.0256620 secs] 499864K->366069K(1230656K), 0.0258470 secs] [Times: user=0.05 sys=0.00, real=0.03 secs] 
2014-03-11T13:54:30.275+0000: 632736.259: [GC2014-03-11T13:54:30.275+0000: 632736.259: [ParNew
Desired survivor size 8716288 bytes, new threshold 5 (max 6)
- age   1:    2375552 bytes,    2375552 total
- age   2:    2070536 bytes,    4446088 total
- age   3:    2071248 bytes,    6517336 total
- age   4:    1937864 bytes,    8455200 total
- age   5:    2027560 bytes,   10482760 total
: 150794K->17024K(153344K), 0.0252560 secs] 502389K->370681K(1230656K), 0.0254380 secs] [Times: user=0.05 sys=0.00, real=0.02 secs] 
2014-03-11T13:57:40.037+0000: 632926.021: [GC2014-03-11T13:57:40.037+0000: 632926.021: [ParNew
Desired survivor size 8716288 bytes, new threshold 5 (max 6)
- age   1:    2273808 bytes,    2273808 total
- age   2:    2151800 bytes,    4425608 total
- age   3:    2070200 bytes,    6495808 total
- age   4:    2071008 bytes,    8566816 total
- age   5:    1937352 bytes,   10504168 total
: 153344K->15388K(153344K), 0.0248600 secs] 507001K->371083K(1230656K), 0.0250140 secs] [Times: user=0.05 sys=0.00, real=0.02 secs] 
2014-03-11T14:01:25.693+0000: 633151.678: [GC2014-03-11T14:01:25.693+0000: 633151.678: [ParNew
Desired survivor size 8716288 bytes, new threshold 5 (max 6)
- age   1:    2557112 bytes,    2557112 total
- age   2:    1807768 bytes,    4364880 total
- age   3:    2119944 bytes,    6484824 total
- age   4:    2069576 bytes,    8554400 total
- age   5:    2070408 bytes,   10624808 total
: 151708K->15279K(153344K), 0.0251970 secs] 507403K->372965K(1230656K), 0.0253780 secs] [Times: user=0.06 sys=0.00, real=0.03 secs] 
2014-03-11T14:04:44.385+0000: 633350.370: [GC2014-03-11T14:04:44.385+0000: 633350.370: [ParNew
Desired survivor size 8716288 bytes, new threshold 5 (max 6)
- age   1:    2674800 bytes,    2674800 total
- age   2:    2076984 bytes,    4751784 total
- age   3:    1805224 bytes,    6557008 total
- age   4:    2118728 bytes,    8675736 total
- age   5:    2069216 bytes,   10744952 total
: 151599K->15547K(153344K), 0.0256380 secs] 509285K->375362K(1230656K), 0.0258180 secs] [Times: user=0.06 sys=0.00, real=0.02 secs] 
2014-03-11T14:07:41.817+0000: 633527.801: [GC2014-03-11T14:07:41.817+0000: 633527.801: [ParNew
Desired survivor size 8716288 bytes, new threshold 5 (max 6)
- age   1:    2309320 bytes,    2309320 total
- age   2:    1876384 bytes,    4185704 total
- age   3:    2075440 bytes,    6261144 total
- age   4:    1791752 bytes,    8052896 total
- age   5:    2116184 bytes,   10169080 total
: 151867K->10735K(153344K), 0.0253960 secs] 511682K->372677K(1230656K), 0.0255650 secs] [Times: user=0.05 sys=0.00, real=0.03 secs] 
2014-03-11T14:11:18.506+0000: 633744.491: [GC2014-03-11T14:11:18.506+0000: 633744.491: [ParNew
Desired survivor size 8716288 bytes, new threshold 5 (max 6)
- age   1:    2553136 bytes,    2553136 total
- age   2:    1660592 bytes,    4213728 total
- age   3:    1800784 bytes,    6014512 total
- age   4:    2074936 bytes,    8089448 total
- age   5:    1751256 bytes,    9840704 total
: 147055K->14544K(153344K), 0.0245370 secs] 508997K->378532K(1230656K), 0.0247100 secs] [Times: user=0.05 sys=0.00, real=0.02 secs] 
2014-03-11T14:14:49.399+0000: 633955.383: [GC2014-03-11T14:14:49.399+0000: 633955.383: [ParNew
Desired survivor size 8716288 bytes, new threshold 5 (max 6)
- age   1:    2509000 bytes,    2509000 total
- age   2:    1996376 bytes,    4505376 total
- age   3:    1653952 bytes,    6159328 total
- age   4:    1800232 bytes,    7959560 total
- age   5:    2074648 bytes,   10034208 total
: 150864K->14431K(153344K), 0.0242460 secs] 514852K->380219K(1230656K), 0.0244140 secs] [Times: user=0.05 sys=0.00, real=0.03 secs] 
2014-03-11T14:18:11.104+0000: 634157.089: [GC2014-03-11T14:18:11.104+0000: 634157.089: [ParNew
Desired survivor size 8716288 bytes, new threshold 5 (max 6)
- age   1:    2481128 bytes,    2481128 total
- age   2:    1972560 bytes,    4453688 total
- age   3:    1994704 bytes,    6448392 total
- age   4:    1653328 bytes,    8101720 total
- age   5:    1799512 bytes,    9901232 total
: 150751K->14490K(153344K), 0.0247640 secs] 516539K->382411K(1230656K), 0.0249610 secs] [Times: user=0.06 sys=0.00, real=0.02 secs] 
2014-03-11T14:21:29.778+0000: 634355.763: [GC2014-03-11T14:21:29.778+0000: 634355.763: [ParNew
Desired survivor size 8716288 bytes, new threshold 5 (max 6)
- age   1:    2561320 bytes,    2561320 total
- age   2:    2022848 bytes,    4584168 total
- age   3:    1950040 bytes,    6534208 total
- age   4:    1994008 bytes,    8528216 total
- age   5:    1652824 bytes,   10181040 total
: 150810K->14494K(153344K), 0.0240930 secs] 518731K->384265K(1230656K), 0.0242670 secs] [Times: user=0.06 sys=0.00, real=0.03 secs] 
2014-03-11T14:25:09.713+0000: 634575.698: [GC2014-03-11T14:25:09.714+0000: 634575.698: [ParNew
Desired survivor size 8716288 bytes, new threshold 5 (max 6)
- age   1:    2536864 bytes,    2536864 total
- age   2:    1981816 bytes,    4518680 total
- age   3:    1976384 bytes,    6495064 total
- age   4:    1949576 bytes,    8444640 total
- age   5:    1993720 bytes,   10438360 total
: 150814K->14572K(153344K), 0.0241500 secs] 520585K->386042K(1230656K), 0.0243290 secs] [Times: user=0.04 sys=0.01, real=0.03 secs] 
2014-03-11T14:28:55.232+0000: 634801.217: [GC2014-03-11T14:28:55.232+0000: 634801.217: [ParNew
Desired survivor size 8716288 bytes, new threshold 5 (max 6)
- age   1:    2578288 bytes,    2578288 total
- age   2:    2032824 bytes,    4611112 total
- age   3:    1844272 bytes,    6455384 total
- age   4:    1975112 bytes,    8430496 total
- age   5:    1949192 bytes,   10379688 total
: 150892K->15097K(153344K), 0.0248520 secs] 522362K->388618K(1230656K), 0.0250050 secs] [Times: user=0.05 sys=0.00, real=0.03 secs] 
2014-03-11T14:32:45.016+0000: 635031.001: [GC2014-03-11T14:32:45.016+0000: 635031.001: [ParNew
Desired survivor size 8716288 bytes, new threshold 5 (max 6)
- age   1:    2504312 bytes,    2504312 total
- age   2:    2118280 bytes,    4622592 total
- age   3:    2030304 bytes,    6652896 total
- age   4:    1842776 bytes,    8495672 total
- age   5:    1895824 bytes,   10391496 total
: 151417K->14983K(153344K), 0.0249960 secs] 524938K->390507K(1230656K), 0.0251670 secs] [Times: user=0.06 sys=0.00, real=0.02 secs] 
2014-03-11T14:36:23.732+0000: 635249.717: [GC2014-03-11T14:36:23.732+0000: 635249.717: [ParNew
Desired survivor size 8716288 bytes, new threshold 4 (max 6)
- age   1:    2479232 bytes,    2479232 total
- age   2:    2162256 bytes,    4641488 total
- age   3:    2115608 bytes,    6757096 total
- age   4:    2029128 bytes,    8786224 total
- age   5:    1841728 bytes,   10627952 total
: 151303K->15143K(153344K), 0.0255400 secs] 526827K->392615K(1230656K), 0.0257290 secs] [Times: user=0.04 sys=0.00, real=0.03 secs] 
2014-03-11T14:40:13.491+0000: 635479.476: [GC2014-03-11T14:40:13.491+0000: 635479.476: [ParNew
Desired survivor size 8716288 bytes, new threshold 4 (max 6)
- age   1:    2858872 bytes,    2858872 total
- age   2:    2017328 bytes,    4876200 total
- age   3:    2116160 bytes,    6992360 total
- age   4:    2114992 bytes,    9107352 total
: 151463K->10273K(153344K), 0.0286690 secs] 528935K->391725K(1230656K), 0.0288280 secs] [Times: user=0.06 sys=0.00, real=0.03 secs] 
2014-03-11T14:44:00.909+0000: 635706.894: [GC2014-03-11T14:44:00.909+0000: 635706.894: [ParNew
Desired survivor size 8716288 bytes, new threshold 4 (max 6)
- age   1:    2489608 bytes,    2489608 total
- age   2:    2473528 bytes,    4963136 total
- age   3:    2006296 bytes,    6969432 total
- age   4:    2115072 bytes,    9084504 total
: 146593K->13771K(153344K), 0.0234010 secs] 528045K->397395K(1230656K), 0.0235690 secs] [Times: user=0.05 sys=0.00, real=0.02 secs] 
2014-03-11T14:47:24.909+0000: 635910.894: [GC2014-03-11T14:47:24.909+0000: 635910.894: [ParNew
Desired survivor size 8716288 bytes, new threshold 4 (max 6)
- age   1:    2437328 bytes,    2437328 total
- age   2:    2071736 bytes,    4509064 total
- age   3:    2460888 bytes,    6969952 total
- age   4:    2004536 bytes,    8974488 total
: 150091K->13433K(153344K), 0.0244470 secs] 533715K->399232K(1230656K), 0.0246250 secs] [Times: user=0.05 sys=0.00, real=0.02 secs] 
2014-03-11T14:51:10.825+0000: 636136.809: [GC2014-03-11T14:51:10.825+0000: 636136.810: [ParNew
Desired survivor size 8716288 bytes, new threshold 4 (max 6)
- age   1:    2501280 bytes,    2501280 total
- age   2:    1911912 bytes,    4413192 total
- age   3:    2070712 bytes,    6483904 total
- age   4:    2455184 bytes,    8939088 total
: 149753K->8918K(153344K), 0.0233550 secs] 535552K->396777K(1230656K), 0.0235390 secs] [Times: user=0.05 sys=0.00, real=0.02 secs] 
2014-03-11T14:54:54.370+0000: 636360.355: [GC2014-03-11T14:54:54.370+0000: 636360.355: [ParNew
Desired survivor size 8716288 bytes, new threshold 6 (max 6)
- age   1:    2505880 bytes,    2505880 total
- age   2:    2116712 bytes,    4622592 total
- age   3:    1899200 bytes,    6521792 total
- age   4:    2069664 bytes,    8591456 total
: 145238K->12844K(153344K), 0.0269600 secs] 533097K->403058K(1230656K), 0.0271730 secs] [Times: user=0.05 sys=0.00, real=0.03 secs] 
2014-03-11T14:58:18.457+0000: 636564.441: [GC2014-03-11T14:58:18.457+0000: 636564.441: [ParNew
Desired survivor size 8716288 bytes, new threshold 5 (max 6)
- age   1:    2654976 bytes,    2654976 total
- age   2:    2074928 bytes,    4729904 total
- age   3:    2070400 bytes,    6800304 total
- age   4:    1896376 bytes,    8696680 total
- age   5:    2069232 bytes,   10765912 total
: 149164K->16819K(153344K), 0.0206960 secs] 539378K->407033K(1230656K), 0.0208790 secs] [Times: user=0.04 sys=0.00, real=0.02 secs] 
2014-03-11T15:01:46.795+0000: 636772.780: [GC2014-03-11T15:01:46.795+0000: 636772.780: [ParNew
Desired survivor size 8716288 bytes, new threshold 4 (max 6)
- age   1:    2580120 bytes,    2580120 total
- age   2:    2037056 bytes,    4617176 total
- age   3:    2074424 bytes,    6691600 total
- age   4:    2069408 bytes,    8761008 total
- age   5:    1896152 bytes,   10657160 total
: 153139K->14835K(153344K), 0.0253190 secs] 543353K->407176K(1230656K), 0.0254830 secs] [Times: user=0.06 sys=0.00, real=0.02 secs] 
2014-03-11T15:05:03.024+0000: 636969.008: [GC2014-03-11T15:05:03.024+0000: 636969.008: [ParNew
Desired survivor size 8716288 bytes, new threshold 6 (max 6)
- age   1:    2384128 bytes,    2384128 total
- age   2:    2079352 bytes,    4463480 total
- age   3:    1862432 bytes,    6325912 total
- age   4:    2073024 bytes,    8398936 total
: 151155K->10327K(153344K), 0.0274650 secs] 543496K->406745K(1230656K), 0.0276430 secs] [Times: user=0.06 sys=0.00, real=0.02 secs] 
2014-03-11T15:08:44.955+0000: 637190.940: [GC2014-03-11T15:08:44.956+0000: 637190.940: [ParNew
Desired survivor size 8716288 bytes, new threshold 5 (max 6)
- age   1:    2465744 bytes,    2465744 total
- age   2:    1845392 bytes,    4311136 total
- age   3:    2077352 bytes,    6388488 total
- age   4:    1861696 bytes,    8250184 total
- age   5:    2072640 bytes,   10322824 total
: 146647K->17024K(153344K), 0.0199930 secs] 543065K->413495K(1230656K), 0.0201480 secs] [Times: user=0.04 sys=0.00, real=0.02 secs] 
2014-03-11T15:12:34.056+0000: 637420.040: [GC2014-03-11T15:12:34.056+0000: 637420.040: [ParNew
Desired survivor size 8716288 bytes, new threshold 5 (max 6)
- age   1:    2580352 bytes,    2580352 total
- age   2:    2102744 bytes,    4683096 total
- age   3:    1843400 bytes,    6526496 total
- age   4:    2074304 bytes,    8600800 total
- age   5:    1861504 bytes,   10462304 total
: 153344K->11965K(153344K), 0.0250950 secs] 549815K->410568K(1230656K), 0.0252520 secs] [Times: user=0.06 sys=0.00, real=0.02 secs] 
2014-03-11T15:15:50.646+0000: 637616.631: [GC2014-03-11T15:15:50.646+0000: 637616.631: [ParNew
Desired survivor size 8716288 bytes, new threshold 5 (max 6)
- age   1:    2423144 bytes,    2423144 total
- age   2:    2158344 bytes,    4581488 total
- age   3:    2029624 bytes,    6611112 total
- age   4:    1842040 bytes,    8453152 total
- age   5:    1955184 bytes,   10408336 total
: 148285K->17024K(153344K), 0.0249460 secs] 546888K->417772K(1230656K), 0.0251330 secs] [Times: user=0.05 sys=0.00, real=0.02 secs] 
2014-03-11T15:19:45.781+0000: 637851.766: [GC2014-03-11T15:19:45.781+0000: 637851.766: [ParNew
Desired survivor size 8716288 bytes, new threshold 4 (max 6)
- age   1:    2531088 bytes,    2531088 total
- age   2:    2177024 bytes,    4708112 total
- age   3:    2157384 bytes,    6865496 total
- age   4:    2029168 bytes,    8894664 total
- age   5:    1841736 bytes,   10736400 total
: 153344K->12233K(153344K), 0.0250630 secs] 554092K->414990K(1230656K), 0.0252270 secs] [Times: user=0.05 sys=0.00, real=0.03 secs] 
2014-03-11T15:23:40.153+0000: 638086.138: [GC2014-03-11T15:23:40.153+0000: 638086.138: [ParNew
Desired survivor size 8716288 bytes, new threshold 4 (max 6)
- age   1:    2498888 bytes,    2498888 total
- age   2:    2164720 bytes,    4663608 total
- age   3:    2175800 bytes,    6839408 total
- age   4:    2156816 bytes,    8996224 total
: 148553K->14025K(153344K), 0.0277920 secs] 551310K->420761K(1230656K), 0.0279690 secs] [Times: user=0.06 sys=0.00, real=0.03 secs] 
2014-03-11T15:27:30.865+0000: 638316.849: [GC2014-03-11T15:27:30.865+0000: 638316.849: [ParNew
Desired survivor size 8716288 bytes, new threshold 4 (max 6)
- age   1:    2570824 bytes,    2570824 total
- age   2:    2212120 bytes,    4782944 total
- age   3:    2162856 bytes,    6945800 total
- age   4:    2158592 bytes,    9104392 total
: 150345K->13431K(153344K), 0.0242380 secs] 557081K->422382K(1230656K), 0.0243970 secs] [Times: user=0.04 sys=0.00, real=0.02 secs] 
2014-03-11T15:31:25.619+0000: 638551.604: [GC2014-03-11T15:31:25.619+0000: 638551.604: [ParNew
Desired survivor size 8716288 bytes, new threshold 4 (max 6)
- age   1:    2475392 bytes,    2475392 total
- age   2:    2161080 bytes,    4636472 total
- age   3:    2165392 bytes,    6801864 total
- age   4:    2162216 bytes,    8964080 total
: 149751K->17024K(153344K), 0.0233560 secs] 558702K->428259K(1230656K), 0.0235190 secs] [Times: user=0.05 sys=0.00, real=0.03 secs] 
2014-03-11T15:34:32.280+0000: 638738.264: [GC2014-03-11T15:34:32.280+0000: 638738.264: [ParNew
Desired survivor size 8716288 bytes, new threshold 4 (max 6)
- age   1:    4143392 bytes,    4143392 total
- age   2:    2263368 bytes,    6406760 total
- age   3:    2160216 bytes,    8566976 total
- age   4:    2164440 bytes,   10731416 total
: 153344K->11165K(153344K), 0.0257620 secs] 564579K->424624K(1230656K), 0.0259410 secs] [Times: user=0.05 sys=0.00, real=0.03 secs] 
2014-03-11T15:38:13.269+0000: 638959.253: [GC2014-03-11T15:38:13.269+0000: 638959.254: [ParNew
Desired survivor size 8716288 bytes, new threshold 4 (max 6)
- age   1:    2246008 bytes,    2246008 total
- age   2:    3604624 bytes,    5850632 total
- age   3:    2252384 bytes,    8103016 total
- age   4:    2158592 bytes,   10261608 total
: 147485K->17024K(153344K), 0.0247450 secs] 560944K->432950K(1230656K), 0.0249060 secs] [Times: user=0.05 sys=0.00, real=0.02 secs] 
2014-03-11T15:41:55.890+0000: 639181.875: [GC2014-03-11T15:41:55.891+0000: 639181.875: [ParNew
Desired survivor size 8716288 bytes, new threshold 6 (max 6)
- age   1:    2487888 bytes,    2487888 total
- age   2:    2055048 bytes,    4542936 total
- age   3:    1709656 bytes,    6252592 total
- age   4:    2251144 bytes,    8503736 total
: 153344K->12272K(153344K), 0.0236630 secs] 569270K->430416K(1230656K), 0.0238270 secs] [Times: user=0.05 sys=0.00, real=0.03 secs] 
2014-03-11T15:45:46.666+0000: 639412.650: [GC2014-03-11T15:45:46.666+0000: 639412.651: [ParNew
Desired survivor size 8716288 bytes, new threshold 5 (max 6)
- age   1:    2541584 bytes,    2541584 total
- age   2:    2080032 bytes,    4621616 total
- age   3:    2054408 bytes,    6676024 total
- age   4:    1709032 bytes,    8385056 total
- age   5:    2165760 bytes,   10550816 total
: 148592K->15272K(153344K), 0.0204210 secs] 566736K->433416K(1230656K), 0.0205780 secs] [Times: user=0.05 sys=0.00, real=0.02 secs] 
2014-03-11T15:49:45.065+0000: 639651.050: [GC2014-03-11T15:49:45.065+0000: 639651.050: [ParNew
Desired survivor size 8716288 bytes, new threshold 4 (max 6)
- age   1:    2580208 bytes,    2580208 total
- age   2:    2127664 bytes,    4707872 total
- age   3:    2079152 bytes,    6787024 total
- age   4:    2053632 bytes,    8840656 total
- age   5:    1708888 bytes,   10549544 total
: 151592K->14373K(153344K), 0.0255820 secs] 569736K->434743K(1230656K), 0.0257340 secs] [Times: user=0.05 sys=0.00, real=0.02 secs] 
2014-03-11T15:53:21.161+0000: 639867.146: [GC2014-03-11T15:53:21.161+0000: 639867.146: [ParNew
Desired survivor size 8716288 bytes, new threshold 4 (max 6)
- age   1:    2877424 bytes,    2877424 total
- age   2:    2218592 bytes,    5096016 total
- age   3:    2115104 bytes,    7211120 total
- age   4:    2076600 bytes,    9287720 total
: 150693K->10253K(153344K), 0.0277990 secs] 571063K->434488K(1230656K), 0.0279710 secs] [Times: user=0.06 sys=0.00, real=0.03 secs] 
2014-03-11T15:57:12.967+0000: 640098.952: [GC2014-03-11T15:57:12.967+0000: 640098.952: [ParNew
Desired survivor size 8716288 bytes, new threshold 4 (max 6)
- age   1:    2515952 bytes,    2515952 total
- age   2:    2412536 bytes,    4928488 total
- age   3:    2207256 bytes,    7135744 total
- age   4:    2114392 bytes,    9250136 total
: 146573K->13829K(153344K), 0.0234330 secs] 570808K->440159K(1230656K), 0.0235860 secs] [Times: user=0.05 sys=0.00, real=0.02 secs] 
2014-03-11T16:00:52.686+0000: 640318.671: [GC2014-03-11T16:00:52.686+0000: 640318.671: [ParNew
Desired survivor size 8716288 bytes, new threshold 4 (max 6)
- age   1:    2513912 bytes,    2513912 total
- age   2:    2176528 bytes,    4690440 total
- age   3:    2397056 bytes,    7087496 total
- age   4:    2206664 bytes,    9294160 total
: 150149K->13589K(153344K), 0.0248780 secs] 576479K->442092K(1230656K), 0.0250410 secs] [Times: user=0.05 sys=0.00, real=0.02 secs] 
2014-03-11T16:04:02.632+0000: 640508.617: [GC2014-03-11T16:04:02.633+0000: 640508.617: [ParNew
Desired survivor size 8716288 bytes, new threshold 4 (max 6)
- age   1:    2528688 bytes,    2528688 total
- age   2:    2039256 bytes,    4567944 total
- age   3:    2119824 bytes,    6687768 total
- age   4:    2383320 bytes,    9071088 total
: 149909K->9563K(153344K), 0.0244280 secs] 578412K->440335K(1230656K), 0.0246070 secs] [Times: user=0.05 sys=0.00, real=0.03 secs] 
2014-03-11T16:07:46.055+0000: 640732.040: [GC2014-03-11T16:07:46.055+0000: 640732.040: [ParNew
Desired survivor size 8716288 bytes, new threshold 6 (max 6)
- age   1:    2642128 bytes,    2642128 total
- age   2:    1841704 bytes,    4483832 total
- age   3:    2028648 bytes,    6512480 total
- age   4:    2118992 bytes,    8631472 total
: 145883K->12735K(153344K), 0.0230170 secs] 576655K->445628K(1230656K), 0.0231770 secs] [Times: user=0.05 sys=0.00, real=0.02 secs] 
2014-03-11T16:11:24.821+0000: 640950.806: [GC2014-03-11T16:11:24.821+0000: 640950.806: [ParNew
Desired survivor size 8716288 bytes, new threshold 5 (max 6)
- age   1:    2510888 bytes,    2510888 total
- age   2:    2165248 bytes,    4676136 total
- age   3:    1780216 bytes,    6456352 total
- age   4:    2027424 bytes,    8483776 total
- age   5:    2118104 bytes,   10601880 total
: 149055K->12585K(153344K), 0.0204530 secs] 581948K->445478K(1230656K), 0.0206260 secs] [Times: user=0.04 sys=0.00, real=0.02 secs] 
2014-03-11T16:14:53.908+0000: 641159.893: [GC2014-03-11T16:14:53.909+0000: 641159.893: [ParNew
Desired survivor size 8716288 bytes, new threshold 4 (max 6)
- age   1:    2978200 bytes,    2978200 total
- age   2:    2047800 bytes,    5026000 total
- age   3:    2042120 bytes,    7068120 total
- age   4:    1779320 bytes,    8847440 total
- age   5:    2026416 bytes,   10873856 total
: 148905K->14744K(153344K), 0.0290220 secs] 581798K->449814K(1230656K), 0.0292170 secs] [Times: user=0.06 sys=0.00, real=0.03 secs] 
2014-03-11T16:18:26.273+0000: 641372.257: [GC2014-03-11T16:18:26.273+0000: 641372.257: [ParNew
Desired survivor size 8716288 bytes, new threshold 6 (max 6)
- age   1:    2531944 bytes,    2531944 total
- age   2:    2010832 bytes,    4542776 total
- age   3:    1991728 bytes,    6534504 total
- age   4:    2041624 bytes,    8576128 total
: 151064K->10453K(153344K), 0.0273240 secs] 586134K->449435K(1230656K), 0.0275180 secs] [Times: user=0.05 sys=0.00, real=0.03 secs] 
2014-03-11T16:21:36.217+0000: 641562.202: [GC2014-03-11T16:21:36.218+0000: 641562.202: [ParNew
Desired survivor size 8716288 bytes, new threshold 4 (max 6)
- age   1:    3928016 bytes,    3928016 total
- age   2:    1979064 bytes,    5907080 total
- age   3:    1995560 bytes,    7902640 total
- age   4:    1990728 bytes,    9893368 total
- age   5:    2041184 bytes,   11934552 total
: 146773K->17024K(153344K), 0.0218160 secs] 585755K->456266K(1230656K), 0.0219820 secs] [Times: user=0.05 sys=0.00, real=0.02 secs] 
2014-03-11T16:25:04.906+0000: 641770.891: [GC2014-03-11T16:25:04.906+0000: 641770.891: [ParNew
Desired survivor size 8716288 bytes, new threshold 6 (max 6)
- age   1:    2583160 bytes,    2583160 total
- age   2:    1809728 bytes,    4392888 total
- age   3:    1948408 bytes,    6341296 total
- age   4:    1995112 bytes,    8336408 total
: 153344K->11133K(153344K), 0.0283100 secs] 592586K->454521K(1230656K), 0.0284970 secs] [Times: user=0.06 sys=0.00, real=0.03 secs] 
2014-03-11T16:28:55.560+0000: 642001.545: [GC2014-03-11T16:28:55.560+0000: 642001.545: [ParNew
Desired survivor size 8716288 bytes, new threshold 5 (max 6)
- age   1:    2553760 bytes,    2553760 total
- age   2:    2098304 bytes,    4652064 total
- age   3:    1799032 bytes,    6451096 total
- age   4:    1947272 bytes,    8398368 total
- age   5:    1994224 bytes,   10392592 total
: 147453K->13157K(153344K), 0.0204520 secs] 590841K->456546K(1230656K), 0.0206220 secs] [Times: user=0.04 sys=0.00, real=0.02 secs] 
2014-03-11T16:32:44.340+0000: 642230.324: [GC2014-03-11T16:32:44.340+0000: 642230.325: [ParNew
Desired survivor size 8716288 bytes, new threshold 5 (max 6)
- age   1:    2509040 bytes,    2509040 total
- age   2:    2127792 bytes,    4636832 total
- age   3:    2096168 bytes,    6733000 total
- age   4:    1798696 bytes,    8531696 total
- age   5:    1946840 bytes,   10478536 total
: 149477K->14647K(153344K), 0.0252300 secs] 592866K->460083K(1230656K), 0.0253980 secs] [Times: user=0.04 sys=0.00, real=0.03 secs] 
2014-03-11T16:36:15.022+0000: 642441.007: [GC2014-03-11T16:36:15.022+0000: 642441.007: [ParNew
Desired survivor size 8716288 bytes, new threshold 4 (max 6)
- age   1:    2699712 bytes,    2699712 total
- age   2:    2133848 bytes,    4833560 total
- age   3:    2116328 bytes,    6949888 total
- age   4:    1932016 bytes,    8881904 total
- age   5:    1798040 bytes,   10679944 total
: 150967K->17024K(153344K), 0.0257700 secs] 596403K->464880K(1230656K), 0.0259400 secs] [Times: user=0.04 sys=0.01, real=0.02 secs] 
2014-03-11T16:39:31.283+0000: 642637.268: [GC2014-03-11T16:39:31.283+0000: 642637.268: [ParNew
Desired survivor size 8716288 bytes, new threshold 4 (max 6)
- age   1:    2945456 bytes,    2945456 total
- age   2:    2516488 bytes,    5461944 total
- age   3:    2087376 bytes,    7549320 total
- age   4:    2115224 bytes,    9664544 total
: 153344K->10615K(153344K), 0.0278280 secs] 601200K->462304K(1230656K), 0.0279990 secs] [Times: user=0.06 sys=0.00, real=0.02 secs] 
2014-03-11T16:42:40.414+0000: 642826.399: [GC2014-03-11T16:42:40.414+0000: 642826.399: [ParNew
Desired survivor size 8716288 bytes, new threshold 4 (max 6)
- age   1:    2374360 bytes,    2374360 total
- age   2:    1920872 bytes,    4295232 total
- age   3:    2424744 bytes,    6719976 total
- age   4:    2086168 bytes,    8806144 total
: 146935K->14468K(153344K), 0.0230700 secs] 598624K->468331K(1230656K), 0.0232390 secs] [Times: user=0.05 sys=0.00, real=0.02 secs] 
2014-03-11T16:45:32.943+0000: 642998.928: [GC2014-03-11T16:45:32.943+0000: 642998.928: [ParNew
Desired survivor size 8716288 bytes, new threshold 4 (max 6)
- age   1:    2970136 bytes,    2970136 total
- age   2:    1753176 bytes,    4723312 total
- age   3:    1839144 bytes,    6562456 total
- age   4:    2404624 bytes,    8967080 total
: 150788K->11375K(153344K), 0.0234810 secs] 604651K->467383K(1230656K), 0.0257810 secs] [Times: user=0.05 sys=0.00, real=0.02 secs] 
2014-03-11T16:49:16.986+0000: 643222.971: [GC2014-03-11T16:49:16.987+0000: 643222.971: [ParNew
Desired survivor size 8716288 bytes, new threshold 6 (max 6)
- age   1:    2371712 bytes,    2371712 total
- age   2:    1779040 bytes,    4150752 total
- age   3:    1752096 bytes,    5902848 total
- age   4:    1838208 bytes,    7741056 total
: 147695K->7777K(153344K), 0.0235170 secs] 603703K->466200K(1230656K), 0.0236930 secs] [Times: user=0.05 sys=0.00, real=0.02 secs] 
2014-03-11T16:53:00.502+0000: 643446.487: [GC2014-03-11T16:53:00.502+0000: 643446.487: [ParNew
Desired survivor size 8716288 bytes, new threshold 5 (max 6)
- age   1:    2629544 bytes,    2629544 total
- age   2:    2038200 bytes,    4667744 total
- age   3:    1642136 bytes,    6309880 total
- age   4:    1751624 bytes,    8061504 total
- age   5:    1838112 bytes,    9899616 total
: 144097K->15059K(153344K), 0.0198140 secs] 602520K->473483K(1230656K), 0.0199980 secs] [Times: user=0.03 sys=0.00, real=0.02 secs] 
2014-03-11T16:56:19.210+0000: 643645.195: [GC2014-03-11T16:56:19.210+0000: 643645.195: [ParNew
Desired survivor size 8716288 bytes, new threshold 5 (max 6)
- age   1:    2814216 bytes,    2814216 total
- age   2:    2190752 bytes,    5004968 total
- age   3:    2036904 bytes,    7041872 total
- age   4:    1640960 bytes,    8682832 total
- age   5:    1751528 bytes,   10434360 total
: 151379K->17024K(153344K), 0.0267360 secs] 609803K->477631K(1230656K), 0.0269210 secs] [Times: user=0.05 sys=0.00, real=0.03 secs] 
2014-03-11T16:58:34.743+0000: 643780.727: [GC2014-03-11T16:58:34.743+0000: 643780.727: [ParNew
Desired survivor size 8716288 bytes, new threshold 4 (max 6)
- age   1:    3150744 bytes,    3150744 total
- age   2:    2566648 bytes,    5717392 total
- age   3:    2169840 bytes,    7887232 total
- age   4:    2036072 bytes,    9923304 total
- age   5:    1640464 bytes,   11563768 total
: 153344K->12479K(153344K), 0.0259120 secs] 613951K->474887K(1230656K), 0.0260900 secs] [Times: user=0.06 sys=0.00, real=0.02 secs] 
2014-03-11T17:01:02.318+0000: 643928.303: [GC2014-03-11T17:01:02.319+0000: 643928.303: [ParNew
Desired survivor size 8716288 bytes, new threshold 4 (max 6)
- age   1:    2649408 bytes,    2649408 total
- age   2:    2357448 bytes,    5006856 total
- age   3:    2095744 bytes,    7102600 total
- age   4:    2122808 bytes,    9225408 total
: 148799K->10051K(153344K), 0.0273300 secs] 611207K->476236K(1230656K), 0.0275090 secs] [Times: user=0.05 sys=0.00, real=0.03 secs] 
2014-03-11T17:04:50.435+0000: 644156.420: [GC2014-03-11T17:04:50.435+0000: 644156.420: [ParNew
Desired survivor size 8716288 bytes, new threshold 6 (max 6)
- age   1:    2531672 bytes,    2531672 total
- age   2:    1447640 bytes,    3979312 total
- age   3:    1670336 bytes,    5649648 total
- age   4:    2095488 bytes,    7745136 total
: 146371K->13578K(153344K), 0.0225350 secs] 612556K->481942K(1230656K), 0.0227190 secs] [Times: user=0.05 sys=0.00, real=0.02 secs] 
2014-03-11T17:08:38.062+0000: 644384.047: [GC2014-03-11T17:08:38.062+0000: 644384.047: [ParNew
Desired survivor size 8716288 bytes, new threshold 5 (max 6)
- age   1:    2536360 bytes,    2536360 total
- age   2:    2096336 bytes,    4632696 total
- age   3:    1433800 bytes,    6066496 total
- age   4:    1661176 bytes,    7727672 total
- age   5:    2094216 bytes,    9821888 total
: 149898K->10258K(153344K), 0.0197560 secs] 618262K->478622K(1230656K), 0.0199010 secs] [Times: user=0.04 sys=0.00, real=0.02 secs] 
2014-03-11T17:11:55.117+0000: 644581.102: [GC2014-03-11T17:11:55.117+0000: 644581.102: [ParNew
Desired survivor size 8716288 bytes, new threshold 4 (max 6)
- age   1:    4318944 bytes,    4318944 total
- age   2:    2138080 bytes,    6457024 total
- age   3:    2094232 bytes,    8551256 total
- age   4:    1426944 bytes,    9978200 total
- age   5:    1621152 bytes,   11599352 total
: 146578K->16760K(153344K), 0.0259860 secs] 614942K->487227K(1230656K), 0.0261760 secs] [Times: user=0.05 sys=0.00, real=0.03 secs] 
2014-03-11T17:15:35.589+0000: 644801.574: [GC2014-03-11T17:15:35.589+0000: 644801.574: [ParNew
Desired survivor size 8716288 bytes, new threshold 4 (max 6)
- age   1:    2519552 bytes,    2519552 total
- age   2:    3864384 bytes,    6383936 total
- age   3:    2078504 bytes,    8462440 total
- age   4:    2093760 bytes,   10556200 total
: 153080K->15767K(153344K), 0.0268740 secs] 623547K->489370K(1230656K), 0.0270440 secs] [Times: user=0.06 sys=0.00, real=0.03 secs] 
2014-03-11T17:19:23.957+0000: 645029.942: [GC2014-03-11T17:19:23.957+0000: 645029.942: [ParNew
Desired survivor size 8716288 bytes, new threshold 6 (max 6)
- age   1:    2468600 bytes,    2468600 total
- age   2:    2080376 bytes,    4548976 total
- age   3:    1880416 bytes,    6429392 total
- age   4:    2077344 bytes,    8506736 total
: 152087K->10350K(153344K), 0.0233200 secs] 625690K->486105K(1230656K), 0.0234680 secs] [Times: user=0.05 sys=0.00, real=0.02 secs] 
2014-03-11T17:23:04.020+0000: 645250.005: [GC2014-03-11T17:23:04.020+0000: 645250.005: [ParNew
Desired survivor size 8716288 bytes, new threshold 5 (max 6)
- age   1:    2358920 bytes,    2358920 total
- age   2:    2073232 bytes,    4432152 total
- age   3:    2031416 bytes,    6463568 total
- age   4:    1879416 bytes,    8342984 total
- age   5:    2076816 bytes,   10419800 total
: 146670K->17024K(153344K), 0.0209780 secs] 622425K->493016K(1230656K), 0.0211470 secs] [Times: user=0.03 sys=0.01, real=0.02 secs] 
2014-03-11T17:26:38.196+0000: 645464.181: [GC2014-03-11T17:26:38.196+0000: 645464.181: [ParNew
Desired survivor size 8716288 bytes, new threshold 5 (max 6)
- age   1:    2445176 bytes,    2445176 total
- age   2:    2146160 bytes,    4591336 total
- age   3:    2071904 bytes,    6663240 total
- age   4:    2030304 bytes,    8693544 total
- age   5:    1878560 bytes,   10572104 total
: 153344K->12176K(153344K), 0.0262490 secs] 629336K->490304K(1230656K), 0.0264190 secs] [Times: user=0.06 sys=0.00, real=0.03 secs] 
2014-03-11T17:29:56.528+0000: 645662.513: [GC2014-03-11T17:29:56.528+0000: 645662.513: [ParNew
Desired survivor size 8716288 bytes, new threshold 5 (max 6)
- age   1:    2266736 bytes,    2266736 total
- age   2:    2018024 bytes,    4284760 total
- age   3:    2126184 bytes,    6410944 total
- age   4:    2071320 bytes,    8482264 total
- age   5:    2029232 bytes,   10511496 total
: 148496K->17024K(153344K), 0.0252950 secs] 626624K->497347K(1230656K), 0.0254460 secs] [Times: user=0.05 sys=0.00, real=0.02 secs] 
2014-03-11T17:33:31.209+0000: 645877.193: [GC2014-03-11T17:33:31.209+0000: 645877.194: [ParNew
Desired survivor size 8716288 bytes, new threshold 5 (max 6)
- age   1:    2502824 bytes,    2502824 total
- age   2:    1946808 bytes,    4449632 total
- age   3:    1997592 bytes,    6447224 total
- age   4:    2125208 bytes,    8572432 total
- age   5:    2070936 bytes,   10643368 total
: 153344K->15193K(153344K), 0.0256390 secs] 633667K->497603K(1230656K), 0.0258050 secs] [Times: user=0.06 sys=0.00, real=0.03 secs] 
2014-03-11T17:37:09.894+0000: 646095.879: [GC2014-03-11T17:37:09.895+0000: 646095.879: [ParNew
Desired survivor size 8716288 bytes, new threshold 5 (max 6)
- age   1:    2475336 bytes,    2475336 total
- age   2:    1981456 bytes,    4456792 total
- age   3:    1942832 bytes,    6399624 total
- age   4:    1995456 bytes,    8395080 total
- age   5:    2124632 bytes,   10519712 total
: 151513K->15385K(153344K), 0.0258820 secs] 633923K->499924K(1230656K), 0.0260640 secs] [Times: user=0.06 sys=0.00, real=0.02 secs] 
2014-03-11T17:40:40.673+0000: 646306.657: [GC2014-03-11T17:40:40.673+0000: 646306.657: [ParNew
Desired survivor size 8716288 bytes, new threshold 5 (max 6)
- age   1:    2463128 bytes,    2463128 total
- age   2:    2011824 bytes,    4474952 total
- age   3:    1978992 bytes,    6453944 total
- age   4:    1936368 bytes,    8390312 total
- age   5:    1995312 bytes,   10385624 total
: 151705K->17024K(153344K), 0.0261730 secs] 636244K->503978K(1230656K), 0.0263480 secs] [Times: user=0.06 sys=0.00, real=0.03 secs] 
2014-03-11T17:44:26.357+0000: 646532.341: [GC2014-03-11T17:44:26.357+0000: 646532.341: [ParNew
Desired survivor size 8716288 bytes, new threshold 4 (max 6)
- age   1:    2670496 bytes,    2670496 total
- age   2:    2199880 bytes,    4870376 total
- age   3:    1991512 bytes,    6861888 total
- age   4:    1978456 bytes,    8840344 total
- age   5:    1935816 bytes,   10776160 total
: 153344K->12843K(153344K), 0.0255920 secs] 640298K->501849K(1230656K), 0.0257540 secs] [Times: user=0.06 sys=0.00, real=0.03 secs] 
2014-03-11T17:48:03.080+0000: 646749.065: [GC2014-03-11T17:48:03.080+0000: 646749.065: [ParNew
Desired survivor size 8716288 bytes, new threshold 4 (max 6)
- age   1:    2539528 bytes,    2539528 total
- age   2:    2111392 bytes,    4650920 total
- age   3:    2127896 bytes,    6778816 total
- age   4:    1989408 bytes,    8768224 total
: 149163K->9540K(153344K), 0.0281860 secs] 638169K->502564K(1230656K), 0.0283600 secs] [Times: user=0.06 sys=0.00, real=0.03 secs] 
2014-03-11T17:51:51.877+0000: 646977.861: [GC2014-03-11T17:51:51.877+0000: 646977.862: [ParNew
Desired survivor size 8716288 bytes, new threshold 4 (max 6)
- age   1:    2565792 bytes,    2565792 total
- age   2:    2022152 bytes,    4587944 total
- age   3:    2109792 bytes,    6697736 total
- age   4:    2126736 bytes,    8824472 total
: 145860K->8808K(153344K), 0.0233550 secs] 638884K->503879K(1230656K), 0.0235190 secs] [Times: user=0.04 sys=0.00, real=0.02 secs] 
2014-03-11T17:55:45.074+0000: 647211.059: [GC2014-03-11T17:55:45.074+0000: 647211.059: [ParNew
Desired survivor size 8716288 bytes, new threshold 4 (max 6)
- age   1:    2607520 bytes,    2607520 total
- age   2:    2137920 bytes,    4745440 total
- age   3:    2010408 bytes,    6755848 total
- age   4:    2069824 bytes,    8825672 total
: 145128K->12828K(153344K), 0.0235320 secs] 640199K->510078K(1230656K), 0.0236890 secs] [Times: user=0.05 sys=0.01, real=0.02 secs] 
2014-03-11T17:59:15.203+0000: 647421.188: [GC2014-03-11T17:59:15.203+0000: 647421.188: [ParNew
Desired survivor size 8716288 bytes, new threshold 4 (max 6)
- age   1:    2548992 bytes,    2548992 total
- age   2:    2212128 bytes,    4761120 total
- age   3:    2125448 bytes,    6886568 total
- age   4:    2008968 bytes,    8895536 total
: 149148K->12927K(153344K), 0.0231770 secs] 646398K->512305K(1230656K), 0.0233410 secs] [Times: user=0.05 sys=0.00, real=0.02 secs] 
2014-03-11T18:03:14.755+0000: 647660.740: [GC2014-03-11T18:03:14.755+0000: 647660.740: [ParNew
Desired survivor size 8716288 bytes, new threshold 4 (max 6)
- age   1:    2574848 bytes,    2574848 total
- age   2:    2105736 bytes,    4680584 total
- age   3:    2200072 bytes,    6880656 total
- age   4:    2124632 bytes,    9005288 total
: 149247K->12834K(153344K), 0.0235450 secs] 648625K->514275K(1230656K), 0.0237050 secs] [Times: user=0.05 sys=0.00, real=0.02 secs] 
2014-03-11T18:06:51.000+0000: 647876.984: [GC2014-03-11T18:06:51.000+0000: 647876.984: [ParNew
Desired survivor size 8716288 bytes, new threshold 4 (max 6)
- age   1:    2608760 bytes,    2608760 total
- age   2:    2239384 bytes,    4848144 total
- age   3:    1933576 bytes,    6781720 total
- age   4:    2160232 bytes,    8941952 total
: 149154K->13103K(153344K), 0.0251120 secs] 650595K->516728K(1230656K), 0.0252850 secs] [Times: user=0.05 sys=0.00, real=0.03 secs] 
2014-03-11T18:10:45.313+0000: 648111.298: [GC2014-03-11T18:10:45.313+0000: 648111.298: [ParNew
Desired survivor size 8716288 bytes, new threshold 4 (max 6)
- age   1:    2577064 bytes,    2577064 total
- age   2:    2093224 bytes,    4670288 total
- age   3:    2238408 bytes,    6908696 total
- age   4:    1932488 bytes,    8841184 total
: 149423K->12909K(153344K), 0.0233590 secs] 653048K->518755K(1230656K), 0.0235260 secs] [Times: user=0.05 sys=0.00, real=0.03 secs] 
2014-03-11T18:14:36.219+0000: 648342.203: [GC2014-03-11T18:14:36.219+0000: 648342.204: [ParNew
Desired survivor size 8716288 bytes, new threshold 4 (max 6)
- age   1:    2628488 bytes,    2628488 total
- age   2:    2164888 bytes,    4793376 total
- age   3:    2032800 bytes,    6826176 total
- age   4:    2237080 bytes,    9063256 total
: 149229K->12887K(153344K), 0.0232410 secs] 655075K->520720K(1230656K), 0.0234500 secs] [Times: user=0.05 sys=0.00, real=0.03 secs] 
2014-03-11T18:18:33.487+0000: 648579.472: [GC2014-03-11T18:18:33.487+0000: 648579.472: [ParNew
Desired survivor size 8716288 bytes, new threshold 4 (max 6)
- age   1:    2552744 bytes,    2552744 total
- age   2:    2225736 bytes,    4778480 total
- age   3:    2162704 bytes,    6941184 total
- age   4:    2031280 bytes,    8972464 total
: 149207K->13092K(153344K), 0.0236330 secs] 657040K->523223K(1230656K), 0.0237880 secs] [Times: user=0.05 sys=0.00, real=0.02 secs] 
2014-03-11T18:22:27.985+0000: 648813.970: [GC2014-03-11T18:22:27.985+0000: 648813.970: [ParNew
Desired survivor size 8716288 bytes, new threshold 4 (max 6)
- age   1:    2640688 bytes,    2640688 total
- age   2:    2197456 bytes,    4838144 total
- age   3:    2200488 bytes,    7038632 total
- age   4:    2161952 bytes,    9200584 total
: 149412K->13162K(153344K), 0.0259270 secs] 659543K->525377K(1230656K), 0.0261030 secs] [Times: user=0.05 sys=0.00, real=0.02 secs] 
2014-03-11T18:26:22.121+0000: 649048.105: [GC2014-03-11T18:26:22.121+0000: 649048.106: [ParNew
Desired survivor size 8716288 bytes, new threshold 4 (max 6)
- age   1:    2471704 bytes,    2471704 total
- age   2:    2237112 bytes,    4708816 total
- age   3:    2195600 bytes,    6904416 total
- age   4:    2120064 bytes,    9024480 total
: 149482K->13231K(153344K), 0.0234590 secs] 661697K->527670K(1230656K), 0.0236160 secs] [Times: user=0.05 sys=0.00, real=0.03 secs] 
2014-03-11T18:30:00.363+0000: 649266.348: [GC2014-03-11T18:30:00.363+0000: 649266.348: [ParNew
Desired survivor size 8716288 bytes, new threshold 4 (max 6)
- age   1:    2557712 bytes,    2557712 total
- age   2:    2146744 bytes,    4704456 total
- age   3:    2190216 bytes,    6894672 total
- age   4:    2194904 bytes,    9089576 total
: 149551K->13236K(153344K), 0.0239310 secs] 663990K->529854K(1230656K), 0.0240980 secs] [Times: user=0.05 sys=0.00, real=0.02 secs] 
2014-03-11T18:34:09.285+0000: 649515.270: [GC2014-03-11T18:34:09.285+0000: 649515.270: [ParNew
Desired survivor size 8716288 bytes, new threshold 4 (max 6)
- age   1:    2650512 bytes,    2650512 total
- age   2:    2040712 bytes,    4691224 total
- age   3:    2145520 bytes,    6836744 total
- age   4:    2188992 bytes,    9025736 total
: 149556K->13076K(153344K), 0.0239420 secs] 666174K->531950K(1230656K), 0.0241080 secs] [Times: user=0.05 sys=0.00, real=0.02 secs] 
2014-03-11T18:38:09.922+0000: 649755.906: [GC2014-03-11T18:38:09.922+0000: 649755.907: [ParNew
Desired survivor size 8716288 bytes, new threshold 4 (max 6)
- age   1:    2575160 bytes,    2575160 total
- age   2:    2323160 bytes,    4898320 total
- age   3:    2026816 bytes,    6925136 total
- age   4:    2144952 bytes,    9070088 total
: 149396K->13162K(153344K), 0.0237850 secs] 668270K->534285K(1230656K), 0.0239550 secs] [Times: user=0.05 sys=0.00, real=0.03 secs] 
2014-03-11T18:41:58.842+0000: 649984.827: [GC2014-03-11T18:41:58.842+0000: 649984.827: [ParNew
Desired survivor size 8716288 bytes, new threshold 4 (max 6)
- age   1:    2544872 bytes,    2544872 total
- age   2:    2237488 bytes,    4782360 total
- age   3:    2311288 bytes,    7093648 total
- age   4:    2025512 bytes,    9119160 total
: 149482K->13251K(153344K), 0.0241260 secs] 670605K->536579K(1230656K), 0.0243010 secs] [Times: user=0.05 sys=0.00, real=0.02 secs] 
2014-03-11T18:46:01.930+0000: 650227.915: [GC2014-03-11T18:46:01.930+0000: 650227.915: [ParNew
Desired survivor size 8716288 bytes, new threshold 4 (max 6)
- age   1:    2438128 bytes,    2438128 total
- age   2:    2146440 bytes,    4584568 total
- age   3:    2236536 bytes,    6821104 total
- age   4:    2270496 bytes,    9091600 total
: 149571K->17024K(153344K), 0.0239660 secs] 672899K->542598K(1230656K), 0.0241340 secs] [Times: user=0.05 sys=0.00, real=0.03 secs] 
2014-03-11T18:50:00.429+0000: 650466.414: [GC2014-03-11T18:50:00.429+0000: 650466.414: [ParNew
Desired survivor size 8716288 bytes, new threshold 4 (max 6)
- age   1:    2539016 bytes,    2539016 total
- age   2:    2288360 bytes,    4827376 total
- age   3:    2134384 bytes,    6961760 total
- age   4:    2235648 bytes,    9197408 total
: 153344K->11153K(153344K), 0.0240740 secs] 678918K->539062K(1230656K), 0.0242500 secs] [Times: user=0.05 sys=0.00, real=0.02 secs] 
2014-03-11T18:53:49.207+0000: 650695.192: [GC2014-03-11T18:53:49.207+0000: 650695.192: [ParNew
Desired survivor size 8716288 bytes, new threshold 4 (max 6)
- age   1:    2615552 bytes,    2615552 total
- age   2:    2208464 bytes,    4824016 total
- age   3:    2276200 bytes,    7100216 total
- age   4:    2132376 bytes,    9232592 total
: 147473K->12209K(153344K), 0.0250970 secs] 675382K->542416K(1230656K), 0.0252480 secs] [Times: user=0.05 sys=0.00, real=0.02 secs] 
2014-03-11T18:57:32.700+0000: 650918.685: [GC2014-03-11T18:57:32.700+0000: 650918.685: [ParNew
Desired survivor size 8716288 bytes, new threshold 4 (max 6)
- age   1:    2574664 bytes,    2574664 total
- age   2:    2152472 bytes,    4727136 total
- age   3:    2207400 bytes,    6934536 total
- age   4:    2275776 bytes,    9210312 total
: 148529K->13130K(153344K), 0.0237790 secs] 678736K->545483K(1230656K), 0.0239380 secs] [Times: user=0.05 sys=0.00, real=0.03 secs] 
2014-03-11T19:01:07.845+0000: 651133.830: [GC2014-03-11T19:01:07.845+0000: 651133.830: [ParNew
Desired survivor size 8716288 bytes, new threshold 4 (max 6)
- age   1:    2423936 bytes,    2423936 total
- age   2:    2207096 bytes,    4631032 total
- age   3:    2140192 bytes,    6771224 total
- age   4:    2207096 bytes,    8978320 total
: 149450K->13402K(153344K), 0.0239250 secs] 681803K->548093K(1230656K), 0.0241060 secs] [Times: user=0.05 sys=0.00, real=0.02 secs] 
2014-03-11T19:05:12.510+0000: 651378.494: [GC2014-03-11T19:05:12.510+0000: 651378.495: [ParNew
Desired survivor size 8716288 bytes, new threshold 4 (max 6)
- age   1:    2617160 bytes,    2617160 total
- age   2:    1943032 bytes,    4560192 total
- age   3:    2089640 bytes,    6649832 total
- age   4:    2139136 bytes,    8788968 total
: 149722K->13006K(153344K), 0.0269670 secs] 684413K->549965K(1230656K), 0.0271570 secs] [Times: user=0.05 sys=0.00, real=0.03 secs] 
2014-03-11T19:08:57.114+0000: 651603.099: [GC2014-03-11T19:08:57.114+0000: 651603.099: [ParNew
Desired survivor size 8716288 bytes, new threshold 4 (max 6)
- age   1:    2656456 bytes,    2656456 total
- age   2:    2289128 bytes,    4945584 total
- age   3:    1940192 bytes,    6885776 total
- age   4:    2088760 bytes,    8974536 total
: 149326K->12864K(153344K), 0.0239960 secs] 686285K->551982K(1230656K), 0.0241760 secs] [Times: user=0.05 sys=0.00, real=0.03 secs] 
2014-03-11T19:12:50.340+0000: 651836.325: [GC2014-03-11T19:12:50.340+0000: 651836.325: [ParNew
Desired survivor size 8716288 bytes, new threshold 4 (max 6)
- age   1:    2910824 bytes,    2910824 total
- age   2:    2216928 bytes,    5127752 total
- age   3:    2288104 bytes,    7415856 total
- age   4:    1938768 bytes,    9354624 total
: 149184K->12983K(153344K), 0.0255320 secs] 688302K->554249K(1230656K), 0.0257170 secs] [Times: user=0.06 sys=0.00, real=0.03 secs] 
2014-03-11T19:16:40.569+0000: 652066.554: [GC2014-03-11T19:16:40.569+0000: 652066.554: [ParNew
Desired survivor size 8716288 bytes, new threshold 4 (max 6)
- age   1:    2629592 bytes,    2629592 total
- age   2:    2501296 bytes,    5130888 total
- age   3:    2201272 bytes,    7332160 total
- age   4:    2286968 bytes,    9619128 total
: 149303K->13474K(153344K), 0.0241410 secs] 690569K->556732K(1230656K), 0.0243000 secs] [Times: user=0.05 sys=0.00, real=0.02 secs] 
2014-03-11T19:20:45.799+0000: 652311.783: [GC2014-03-11T19:20:45.799+0000: 652311.783: [ParNew
Desired survivor size 8716288 bytes, new threshold 4 (max 6)
- age   1:    2578752 bytes,    2578752 total
- age   2:    2165272 bytes,    4744024 total
- age   3:    2479320 bytes,    7223344 total
- age   4:    2200992 bytes,    9424336 total
: 149794K->14084K(153344K), 0.0246830 secs] 693052K->559692K(1230656K), 0.0248460 secs] [Times: user=0.06 sys=0.00, real=0.03 secs] 
2014-03-11T19:24:45.106+0000: 652551.091: [GC2014-03-11T19:24:45.107+0000: 652551.091: [ParNew
Desired survivor size 8716288 bytes, new threshold 4 (max 6)
- age   1:    2583344 bytes,    2583344 total
- age   2:    2261400 bytes,    4844744 total
- age   3:    2116832 bytes,    6961576 total
- age   4:    2201184 bytes,    9162760 total
: 150404K->13464K(153344K), 0.0241440 secs] 696012K->561338K(1230656K), 0.0243050 secs] [Times: user=0.05 sys=0.00, real=0.02 secs] 
2014-03-11T19:28:10.512+0000: 652756.497: [GC2014-03-11T19:28:10.512+0000: 652756.497: [ParNew
Desired survivor size 8716288 bytes, new threshold 4 (max 6)
- age   1:    4027184 bytes,    4027184 total
- age   2:    2210752 bytes,    6237936 total
- age   3:    2260104 bytes,    8498040 total
- age   4:    2115440 bytes,   10613480 total
: 149784K->17024K(153344K), 0.0260460 secs] 697658K->567369K(1230656K), 0.0262200 secs] [Times: user=0.05 sys=0.00, real=0.03 secs] 
2014-03-11T19:31:59.980+0000: 652985.964: [GC2014-03-11T19:31:59.980+0000: 652985.965: [ParNew
Desired survivor size 8716288 bytes, new threshold 4 (max 6)
- age   1:    2590184 bytes,    2590184 total
- age   2:    1988072 bytes,    4578256 total
- age   3:    2200504 bytes,    6778760 total
- age   4:    2259768 bytes,    9038528 total
: 153344K->10184K(153344K), 0.0239770 secs] 703689K->562704K(1230656K), 0.0241310 secs] [Times: user=0.05 sys=0.00, real=0.03 secs] 
2014-03-11T19:35:41.653+0000: 653207.638: [GC2014-03-11T19:35:41.653+0000: 653207.638: [ParNew
Desired survivor size 8716288 bytes, new threshold 4 (max 6)
- age   1:    2592152 bytes,    2592152 total
- age   2:    2194272 bytes,    4786424 total
- age   3:    1931056 bytes,    6717480 total
- age   4:    2199912 bytes,    8917392 total
: 146504K->13678K(153344K), 0.0237410 secs] 699024K->568520K(1230656K), 0.0238830 secs] [Times: user=0.05 sys=0.00, real=0.03 secs] 
2014-03-11T19:39:13.499+0000: 653419.484: [GC2014-03-11T19:39:13.499+0000: 653419.484: [ParNew
Desired survivor size 8716288 bytes, new threshold 4 (max 6)
- age   1:    4006336 bytes,    4006336 total
- age   2:    2154904 bytes,    6161240 total
- age   3:    2114880 bytes,    8276120 total
- age   4:    1928256 bytes,   10204376 total
: 149998K->17024K(153344K), 0.0261700 secs] 704840K->574328K(1230656K), 0.0263520 secs] [Times: user=0.05 sys=0.00, real=0.03 secs] 
2014-03-11T19:43:14.118+0000: 653660.103: [GC2014-03-11T19:43:14.118+0000: 653660.103: [ParNew
Desired survivor size 8716288 bytes, new threshold 4 (max 6)
- age   1:    2647968 bytes,    2647968 total
- age   2:    1942064 bytes,    4590032 total
- age   3:    2108152 bytes,    6698184 total
- age   4:    2114216 bytes,    8812400 total
: 153344K->11979K(153344K), 0.0236000 secs] 710648K->571264K(1230656K), 0.0237610 secs] [Times: user=0.04 sys=0.01, real=0.02 secs] 
2014-03-11T19:47:21.140+0000: 653907.124: [GC2014-03-11T19:47:21.140+0000: 653907.125: [ParNew
Desired survivor size 8716288 bytes, new threshold 4 (max 6)
- age   1:    2618408 bytes,    2618408 total
- age   2:    2271304 bytes,    4889712 total
- age   3:    1941096 bytes,    6830808 total
- age   4:    2028072 bytes,    8858880 total
: 148299K->15645K(153344K), 0.0232700 secs] 707584K->577104K(1230656K), 0.0234250 secs] [Times: user=0.04 sys=0.00, real=0.03 secs] 
2014-03-11T19:51:28.194+0000: 654154.179: [GC2014-03-11T19:51:28.194+0000: 654154.179: [ParNew
Desired survivor size 8716288 bytes, new threshold 4 (max 6)
- age   1:    2584168 bytes,    2584168 total
- age   2:    2329072 bytes,    4913240 total
- age   3:    2259360 bytes,    7172600 total
- age   4:    1940472 bytes,    9113072 total
: 151965K->10403K(153344K), 0.0233530 secs] 713424K->573947K(1230656K), 0.0234910 secs] [Times: user=0.05 sys=0.00, real=0.02 secs] 
2014-03-11T19:55:25.390+0000: 654391.375: [GC2014-03-11T19:55:25.390+0000: 654391.375: [ParNew
Desired survivor size 8716288 bytes, new threshold 4 (max 6)
- age   1:    2612840 bytes,    2612840 total
- age   2:    2292384 bytes,    4905224 total
- age   3:    2282504 bytes,    7187728 total
- age   4:    2257584 bytes,    9445312 total
: 146723K->15953K(153344K), 0.0239510 secs] 710267K->581490K(1230656K), 0.0241270 secs] [Times: user=0.05 sys=0.00, real=0.03 secs] 
2014-03-11T19:58:50.407+0000: 654596.392: [GC2014-03-11T19:58:50.407+0000: 654596.392: [ParNew
Desired survivor size 8716288 bytes, new threshold 4 (max 6)
- age   1:    2575352 bytes,    2575352 total
- age   2:    2260000 bytes,    4835352 total
- age   3:    2287496 bytes,    7122848 total
- age   4:    2281232 bytes,    9404080 total
: 152273K->11001K(153344K), 0.0263400 secs] 717810K->578819K(1230656K), 0.0265150 secs] [Times: user=0.05 sys=0.00, real=0.02 secs] 
2014-03-11T20:02:39.954+0000: 654825.939: [GC2014-03-11T20:02:39.954+0000: 654825.939: [ParNew
Desired survivor size 8716288 bytes, new threshold 4 (max 6)
- age   1:    2554160 bytes,    2554160 total
- age   2:    2016912 bytes,    4571072 total
- age   3:    2212752 bytes,    6783824 total
- age   4:    2286976 bytes,    9070800 total
: 147321K->16199K(153344K), 0.0241170 secs] 715139K->586362K(1230656K), 0.0242620 secs] [Times: user=0.05 sys=0.00, real=0.03 secs] 
2014-03-11T20:06:46.916+0000: 655072.901: [GC2014-03-11T20:06:46.916+0000: 655072.901: [ParNew
Desired survivor size 8716288 bytes, new threshold 4 (max 6)
- age   1:    2578880 bytes,    2578880 total
- age   2:    2167320 bytes,    4746200 total
- age   3:    2013720 bytes,    6759920 total
- age   4:    2211720 bytes,    8971640 total
: 152519K->10732K(153344K), 0.0236900 secs] 722682K->583246K(1230656K), 0.0238450 secs] [Times: user=0.06 sys=0.00, real=0.02 secs] 
2014-03-11T20:10:55.853+0000: 655321.838: [GC2014-03-11T20:10:55.853+0000: 655321.838: [ParNew
Desired survivor size 8716288 bytes, new threshold 4 (max 6)
- age   1:    2604320 bytes,    2604320 total
- age   2:    2310192 bytes,    4914512 total
- age   3:    2165128 bytes,    7079640 total
- age   4:    1894472 bytes,    8974112 total
: 147052K->15537K(153344K), 0.0239250 secs] 719566K->590324K(1230656K), 0.0240710 secs] [Times: user=0.05 sys=0.00, real=0.03 secs] 
2014-03-11T20:15:05.670+0000: 655571.655: [GC2014-03-11T20:15:05.670+0000: 655571.655: [ParNew
Desired survivor size 8716288 bytes, new threshold 4 (max 6)
- age   1:    2606848 bytes,    2606848 total
- age   2:    2304392 bytes,    4911240 total
- age   3:    2299704 bytes,    7210944 total
- age   4:    2118816 bytes,    9329760 total
: 151857K->10458K(153344K), 0.0235560 secs] 726644K->587192K(1230656K), 0.0237320 secs] [Times: user=0.05 sys=0.00, real=0.03 secs] 
2014-03-11T20:18:33.459+0000: 655779.444: [GC2014-03-11T20:18:33.459+0000: 655779.444: [ParNew
Desired survivor size 8716288 bytes, new threshold 3 (max 6)
- age   1:    4275336 bytes,    4275336 total
- age   2:    2299792 bytes,    6575128 total
- age   3:    2293000 bytes,    8868128 total
- age   4:    2297736 bytes,   11165864 total
: 146778K->16334K(153344K), 0.0255940 secs] 723512K->595246K(1230656K), 0.0257520 secs] [Times: user=0.06 sys=0.00, real=0.03 secs] 
2014-03-11T20:22:38.136+0000: 656024.121: [GC2014-03-11T20:22:38.136+0000: 656024.121: [ParNew
Desired survivor size 8716288 bytes, new threshold 6 (max 6)
- age   1:    2607336 bytes,    2607336 total
- age   2:    1983168 bytes,    4590504 total
- age   3:    2298600 bytes,    6889104 total
: 152654K->10116K(153344K), 0.0274550 secs] 731566K->593705K(1230656K), 0.0276120 secs] [Times: user=0.06 sys=0.00, real=0.03 secs] 
2014-03-11T20:26:32.152+0000: 656258.137: [GC2014-03-11T20:26:32.152+0000: 656258.137: [ParNew
Desired survivor size 8716288 bytes, new threshold 4 (max 6)
- age   1:    2921336 bytes,    2921336 total
- age   2:    2299184 bytes,    5220520 total
- age   3:    1935912 bytes,    7156432 total
- age   4:    2298136 bytes,    9454568 total
: 146436K->15067K(153344K), 0.0187290 secs] 730025K->598657K(1230656K), 0.0188820 secs] [Times: user=0.04 sys=0.00, real=0.02 secs] 
2014-03-11T20:30:35.996+0000: 656501.981: [GC2014-03-11T20:30:35.996+0000: 656501.981: [ParNew
Desired survivor size 8716288 bytes, new threshold 4 (max 6)
- age   1:    2435448 bytes,    2435448 total
- age   2:    2567624 bytes,    5003072 total
- age   3:    2287864 bytes,    7290936 total
- age   4:    1934208 bytes,    9225144 total
: 151387K->17024K(153344K), 0.0244450 secs] 734977K->603106K(1230656K), 0.0246040 secs] [Times: user=0.05 sys=0.00, real=0.02 secs] 
2014-03-11T20:34:42.843+0000: 656748.828: [GC2014-03-11T20:34:42.843+0000: 656748.828: [ParNew
Desired survivor size 8716288 bytes, new threshold 4 (max 6)
- age   1:    2600784 bytes,    2600784 total
- age   2:    2254232 bytes,    4855016 total
- age   3:    2546896 bytes,    7401912 total
- age   4:    2286936 bytes,    9688848 total
: 153344K->11216K(153344K), 0.0247730 secs] 739426K->599284K(1230656K), 0.0249280 secs] [Times: user=0.05 sys=0.00, real=0.02 secs] 
2014-03-11T20:38:55.592+0000: 657001.577: [GC2014-03-11T20:38:55.592+0000: 657001.577: [ParNew
Desired survivor size 8716288 bytes, new threshold 4 (max 6)
- age   1:    2678328 bytes,    2678328 total
- age   2:    2271216 bytes,    4949544 total
- age   3:    2253088 bytes,    7202632 total
- age   4:    2528480 bytes,    9731112 total
: 147536K->13070K(153344K), 0.0249000 secs] 735604K->603489K(1230656K), 0.0250490 secs] [Times: user=0.05 sys=0.00, real=0.03 secs] 
2014-03-11T20:43:04.826+0000: 657250.811: [GC2014-03-11T20:43:04.826+0000: 657250.811: [ParNew
Desired survivor size 8716288 bytes, new threshold 4 (max 6)
- age   1:    2630232 bytes,    2630232 total
- age   2:    2383360 bytes,    5013592 total
- age   3:    2254720 bytes,    7268312 total
- age   4:    2252512 bytes,    9520824 total
: 149390K->13408K(153344K), 0.0247170 secs] 739809K->606018K(1230656K), 0.0249070 secs] [Times: user=0.05 sys=0.00, real=0.02 secs] 
2014-03-11T20:47:08.129+0000: 657494.114: [GC2014-03-11T20:47:08.129+0000: 657494.114: [ParNew
Desired survivor size 8716288 bytes, new threshold 4 (max 6)
- age   1:    2657240 bytes,    2657240 total
- age   2:    2292160 bytes,    4949400 total
- age   3:    2381944 bytes,    7331344 total
- age   4:    2253816 bytes,    9585160 total
: 149728K->13830K(153344K), 0.0251840 secs] 742338K->608755K(1230656K), 0.0253550 secs] [Times: user=0.06 sys=0.00, real=0.03 secs] 
2014-03-11T20:51:04.023+0000: 657730.008: [GC2014-03-11T20:51:04.024+0000: 657730.008: [ParNew
Desired survivor size 8716288 bytes, new threshold 4 (max 6)
- age   1:    2536952 bytes,    2536952 total
- age   2:    2334960 bytes,    4871912 total
- age   3:    2290872 bytes,    7162784 total
- age   4:    2342104 bytes,    9504888 total
: 150150K->13896K(153344K), 0.0251220 secs] 745075K->611139K(1230656K), 0.0252920 secs] [Times: user=0.05 sys=0.00, real=0.02 secs] 
2014-03-11T20:54:55.835+0000: 657961.819: [GC2014-03-11T20:54:55.835+0000: 657961.820: [ParNew
Desired survivor size 8716288 bytes, new threshold 4 (max 6)
- age   1:    2859704 bytes,    2859704 total
- age   2:    2217160 bytes,    5076864 total
- age   3:    2323440 bytes,    7400304 total
- age   4:    2290664 bytes,    9690968 total
: 150216K->13872K(153344K), 0.0248130 secs] 747459K->613523K(1230656K), 0.0249750 secs] [Times: user=0.06 sys=0.00, real=0.02 secs] 
2014-03-11T20:59:05.665+0000: 658211.650: [GC2014-03-11T20:59:05.665+0000: 658211.650: [ParNew
Desired survivor size 8716288 bytes, new threshold 4 (max 6)
- age   1:    2638360 bytes,    2638360 total
- age   2:    2489832 bytes,    5128192 total
- age   3:    2214608 bytes,    7342800 total
- age   4:    2276712 bytes,    9619512 total
: 150192K->14012K(153344K), 0.0249460 secs] 749843K->616017K(1230656K), 0.0251140 secs] [Times: user=0.05 sys=0.00, real=0.02 secs] 
2014-03-11T21:03:12.553+0000: 658458.538: [GC2014-03-11T21:03:12.553+0000: 658458.538: [ParNew
Desired survivor size 8716288 bytes, new threshold 4 (max 6)
- age   1:    2554568 bytes,    2554568 total
- age   2:    2355640 bytes,    4910208 total
- age   3:    2479256 bytes,    7389464 total
- age   4:    2213856 bytes,    9603320 total
: 150332K->14039K(153344K), 0.0250460 secs] 752337K->618383K(1230656K), 0.0252170 secs] [Times: user=0.05 sys=0.00, real=0.03 secs] 
2014-03-11T21:07:16.390+0000: 658702.375: [GC2014-03-11T21:07:16.390+0000: 658702.375: [ParNew
Desired survivor size 8716288 bytes, new threshold 4 (max 6)
- age   1:    2606968 bytes,    2606968 total
- age   2:    2265872 bytes,    4872840 total
- age   3:    2299368 bytes,    7172208 total
- age   4:    2458432 bytes,    9630640 total
: 150359K->14331K(153344K), 0.0246380 secs] 754703K->620949K(1230656K), 0.0248050 secs] [Times: user=0.05 sys=0.00, real=0.03 secs] 
2014-03-11T21:11:30.143+0000: 658956.128: [GC2014-03-11T21:11:30.144+0000: 658956.128: [ParNew
Desired survivor size 8716288 bytes, new threshold 4 (max 6)
- age   1:    2552064 bytes,    2552064 total
- age   2:    2334984 bytes,    4887048 total
- age   3:    2264944 bytes,    7151992 total
- age   4:    2298632 bytes,    9450624 total
: 150651K->13651K(153344K), 0.0239990 secs] 757269K->622468K(1230656K), 0.0241590 secs] [Times: user=0.06 sys=0.00, real=0.02 secs] 
2014-03-11T21:15:33.554+0000: 659199.539: [GC2014-03-11T21:15:33.554+0000: 659199.539: [ParNew
Desired survivor size 8716288 bytes, new threshold 4 (max 6)
- age   1:    2590912 bytes,    2590912 total
- age   2:    2344296 bytes,    4935208 total
- age   3:    2330160 bytes,    7265368 total
- age   4:    2264384 bytes,    9529752 total
: 149971K->13808K(153344K), 0.0245680 secs] 758788K->624988K(1230656K), 0.0247060 secs] [Times: user=0.05 sys=0.00, real=0.03 secs] 
2014-03-11T21:19:40.814+0000: 659446.799: [GC2014-03-11T21:19:40.814+0000: 659446.799: [ParNew
Desired survivor size 8716288 bytes, new threshold 4 (max 6)
- age   1:    2677424 bytes,    2677424 total
- age   2:    2248512 bytes,    4925936 total
- age   3:    2343776 bytes,    7269712 total
- age   4:    2329168 bytes,    9598880 total
: 150128K->13877K(153344K), 0.0244070 secs] 761308K->627385K(1230656K), 0.0245620 secs] [Times: user=0.05 sys=0.00, real=0.02 secs] 
2014-03-11T21:23:35.447+0000: 659681.431: [GC2014-03-11T21:23:35.447+0000: 659681.431: [ParNew
Desired survivor size 8716288 bytes, new threshold 4 (max 6)
- age   1:    2552424 bytes,    2552424 total
- age   2:    2354536 bytes,    4906960 total
- age   3:    2246216 bytes,    7153176 total
- age   4:    2343504 bytes,    9496680 total
: 150197K->13971K(153344K), 0.0246120 secs] 763705K->629786K(1230656K), 0.0247700 secs] [Times: user=0.06 sys=0.00, real=0.02 secs] 
2014-03-11T21:26:32.201+0000: 659858.185: [GC2014-03-11T21:26:32.201+0000: 659858.186: [ParNew
Desired survivor size 8716288 bytes, new threshold 4 (max 6)
- age   1:    2838256 bytes,    2838256 total
- age   2:    2209048 bytes,    5047304 total
- age   3:    2343392 bytes,    7390696 total
- age   4:    2245560 bytes,    9636256 total
: 150291K->14035K(153344K), 0.0261290 secs] 766106K->632259K(1230656K), 0.0263210 secs] [Times: user=0.06 sys=0.00, real=0.03 secs] 
2014-03-11T21:30:17.991+0000: 660083.976: [GC2014-03-11T21:30:17.991+0000: 660083.976: [ParNew
Desired survivor size 8716288 bytes, new threshold 4 (max 6)
- age   1:    2488888 bytes,    2488888 total
- age   2:    1781536 bytes,    4270424 total
- age   3:    2208424 bytes,    6478848 total
- age   4:    2343008 bytes,    8821856 total
: 150355K->9296K(153344K), 0.0237310 secs] 768579K->629828K(1230656K), 0.0238970 secs] [Times: user=0.05 sys=0.00, real=0.03 secs] 
2014-03-11T21:34:24.802+0000: 660330.787: [GC2014-03-11T21:34:24.802+0000: 660330.787: [ParNew
Desired survivor size 8716288 bytes, new threshold 6 (max 6)
- age   1:    2648256 bytes,    2648256 total
- age   2:    2066976 bytes,    4715232 total
- age   3:    1761128 bytes,    6476360 total
- age   4:    2161648 bytes,    8638008 total
: 145616K->8690K(153344K), 0.0233510 secs] 766148K->631629K(1230656K), 0.0235200 secs] [Times: user=0.05 sys=0.00, real=0.03 secs] 
2014-03-11T21:38:37.607+0000: 660583.592: [GC2014-03-11T21:38:37.608+0000: 660583.592: [ParNew
Desired survivor size 8716288 bytes, new threshold 4 (max 6)
- age   1:    2643408 bytes,    2643408 total
- age   2:    2297120 bytes,    4940528 total
- age   3:    2066136 bytes,    7006664 total
- age   4:    1754872 bytes,    8761536 total
- age   5:    2160624 bytes,   10922160 total
: 145010K->16985K(153344K), 0.0205780 secs] 767949K->639923K(1230656K), 0.0207440 secs] [Times: user=0.04 sys=0.00, real=0.02 secs] 
2014-03-11T21:42:50.414+0000: 660836.399: [GC2014-03-11T21:42:50.414+0000: 660836.399: [ParNew
Desired survivor size 8716288 bytes, new threshold 4 (max 6)
- age   1:    2655992 bytes,    2655992 total
- age   2:    2365848 bytes,    5021840 total
- age   3:    2295952 bytes,    7317792 total
- age   4:    2065768 bytes,    9383560 total
: 153305K->10035K(153344K), 0.0278650 secs] 776243K->636875K(1230656K), 0.0280240 secs] [Times: user=0.06 sys=0.00, real=0.03 secs] 
2014-03-11T21:46:59.134+0000: 661085.118: [GC2014-03-11T21:46:59.134+0000: 661085.118: [ParNew
Desired survivor size 8716288 bytes, new threshold 4 (max 6)
- age   1:    2601848 bytes,    2601848 total
- age   2:    2359312 bytes,    4961160 total
- age   3:    2364176 bytes,    7325336 total
- age   4:    2294424 bytes,    9619760 total
: 146355K->14041K(153344K), 0.0242400 secs] 773195K->643005K(1230656K), 0.0243900 secs] [Times: user=0.05 sys=0.00, real=0.03 secs] 
2014-03-11T21:51:01.039+0000: 661327.024: [GC2014-03-11T21:51:01.040+0000: 661327.024: [ParNew
Desired survivor size 8716288 bytes, new threshold 4 (max 6)
- age   1:    2562392 bytes,    2562392 total
- age   2:    2295984 bytes,    4858376 total
- age   3:    2358512 bytes,    7216888 total
- age   4:    2363872 bytes,    9580760 total
: 150361K->14060K(153344K), 0.0247900 secs] 779325K->645382K(1230656K), 0.0249460 secs] [Times: user=0.05 sys=0.00, real=0.03 secs] 
2014-03-11T21:55:05.381+0000: 661571.366: [GC2014-03-11T21:55:05.381+0000: 661571.366: [ParNew
Desired survivor size 8716288 bytes, new threshold 4 (max 6)
- age   1:    2625408 bytes,    2625408 total
- age   2:    2241904 bytes,    4867312 total
- age   3:    2294328 bytes,    7161640 total
- age   4:    2357600 bytes,    9519240 total
: 150380K->14022K(153344K), 0.0249590 secs] 781702K->647773K(1230656K), 0.0251270 secs] [Times: user=0.06 sys=0.00, real=0.03 secs] 
2014-03-11T21:59:14.623+0000: 661820.607: [GC2014-03-11T21:59:14.623+0000: 661820.607: [ParNew
Desired survivor size 8716288 bytes, new threshold 4 (max 6)
- age   1:    2620728 bytes,    2620728 total
- age   2:    2340984 bytes,    4961712 total
- age   3:    2230144 bytes,    7191856 total
- age   4:    2293640 bytes,    9485496 total
: 150342K->13836K(153344K), 0.0244570 secs] 784093K->649970K(1230656K), 0.0246140 secs] [Times: user=0.05 sys=0.00, real=0.02 secs] 
2014-03-11T22:03:21.431+0000: 662067.415: [GC2014-03-11T22:03:21.431+0000: 662067.415: [ParNew
Desired survivor size 8716288 bytes, new threshold 4 (max 6)
- age   1:    2610088 bytes,    2610088 total
- age   2:    2290528 bytes,    4900616 total
- age   3:    2339728 bytes,    7240344 total
- age   4:    2229128 bytes,    9469472 total
: 150156K->9298K(153344K), 0.0246400 secs] 786290K->647790K(1230656K), 0.0247970 secs] [Times: user=0.05 sys=0.00, real=0.03 secs] 
2014-03-11T22:07:35.079+0000: 662321.064: [GC2014-03-11T22:07:35.080+0000: 662321.064: [ParNew
Desired survivor size 8716288 bytes, new threshold 4 (max 6)
- age   1:    2639152 bytes,    2639152 total
- age   2:    2319048 bytes,    4958200 total
- age   3:    2279928 bytes,    7238128 total
- age   4:    2254064 bytes,    9492192 total
: 145618K->13766K(153344K), 0.0243000 secs] 784110K->654550K(1230656K), 0.0244540 secs] [Times: user=0.05 sys=0.00, real=0.03 secs] 
2014-03-11T22:11:47.093+0000: 662573.078: [GC2014-03-11T22:11:47.093+0000: 662573.078: [ParNew
Desired survivor size 8716288 bytes, new threshold 4 (max 6)
- age   1:    2572056 bytes,    2572056 total
- age   2:    2429864 bytes,    5001920 total
- age   3:    2318472 bytes,    7320392 total
- age   4:    2279656 bytes,    9600048 total
: 150086K->13833K(153344K), 0.0246550 secs] 790870K->656933K(1230656K), 0.0248060 secs] [Times: user=0.06 sys=0.00, real=0.03 secs] 
2014-03-11T22:15:59.970+0000: 662825.955: [GC2014-03-11T22:15:59.970+0000: 662825.955: [ParNew
Desired survivor size 8716288 bytes, new threshold 4 (max 6)
- age   1:    2679128 bytes,    2679128 total
- age   2:    2300680 bytes,    4979808 total
- age   3:    2383480 bytes,    7363288 total
- age   4:    2317824 bytes,    9681112 total
: 150153K->14008K(153344K), 0.0245640 secs] 793253K->659451K(1230656K), 0.0247230 secs] [Times: user=0.06 sys=0.00, real=0.03 secs] 
2014-03-11T22:20:00.291+0000: 663066.275: [GC2014-03-11T22:20:00.291+0000: 663066.275: [ParNew
Desired survivor size 8716288 bytes, new threshold 4 (max 6)
- age   1:    2564928 bytes,    2564928 total
- age   2:    2369480 bytes,    4934408 total
- age   3:    2299768 bytes,    7234176 total
- age   4:    2382528 bytes,    9616704 total
: 150328K->14099K(153344K), 0.0246010 secs] 795771K->661884K(1230656K), 0.0247550 secs] [Times: user=0.05 sys=0.00, real=0.03 secs] 
2014-03-11T22:24:11.916+0000: 663317.901: [GC2014-03-11T22:24:11.916+0000: 663317.901: [ParNew
Desired survivor size 8716288 bytes, new threshold 4 (max 6)
- age   1:    2627432 bytes,    2627432 total
- age   2:    2240616 bytes,    4868048 total
- age   3:    2368024 bytes,    7236072 total
- age   4:    2299320 bytes,    9535392 total
: 150419K->14024K(153344K), 0.0249100 secs] 798204K->664257K(1230656K), 0.0250670 secs] [Times: user=0.05 sys=0.00, real=0.02 secs] 
2014-03-11T22:28:14.597+0000: 663560.582: [GC2014-03-11T22:28:14.597+0000: 663560.582: [ParNew
Desired survivor size 8716288 bytes, new threshold 4 (max 6)
- age   1:    2595544 bytes,    2595544 total
- age   2:    2345720 bytes,    4941264 total
- age   3:    2235184 bytes,    7176448 total
- age   4:    2327696 bytes,    9504144 total
: 150344K->13940K(153344K), 0.0248540 secs] 800577K->666537K(1230656K), 0.0250050 secs] [Times: user=0.05 sys=0.00, real=0.03 secs] 
2014-03-11T22:32:11.996+0000: 663797.980: [GC2014-03-11T22:32:11.996+0000: 663797.981: [ParNew
Desired survivor size 8716288 bytes, new threshold 4 (max 6)
- age   1:    3495400 bytes,    3495400 total
- age   2:    2295464 bytes,    5790864 total
- age   3:    2344688 bytes,    8135552 total
- age   4:    2234592 bytes,   10370144 total
: 150260K->17024K(153344K), 0.0263470 secs] 802857K->672111K(1230656K), 0.0265080 secs] [Times: user=0.06 sys=0.00, real=0.03 secs] 
2014-03-11T22:36:02.451+0000: 664028.436: [GC2014-03-11T22:36:02.451+0000: 664028.436: [ParNew
Desired survivor size 8716288 bytes, new threshold 3 (max 6)
- age   1:    3745360 bytes,    3745360 total
- age   2:    2894968 bytes,    6640328 total
- age   3:    2248176 bytes,    8888504 total
- age   4:    2343680 bytes,   11232184 total
: 153344K->12369K(153344K), 0.0258480 secs] 808431K->669752K(1230656K), 0.0260110 secs] [Times: user=0.05 sys=0.00, real=0.03 secs] 
2014-03-11T22:40:11.472+0000: 664277.457: [GC2014-03-11T22:40:11.472+0000: 664277.457: [ParNew
Desired survivor size 8716288 bytes, new threshold 6 (max 6)
- age   1:    2648184 bytes,    2648184 total
- age   2:    2212216 bytes,    4860400 total
- age   3:    2162992 bytes,    7023392 total
: 148689K->9693K(153344K), 0.0287260 secs] 806072K->671756K(1230656K), 0.0289030 secs] [Times: user=0.06 sys=0.00, real=0.03 secs] 
2014-03-11T22:44:24.417+0000: 664530.401: [GC2014-03-11T22:44:24.417+0000: 664530.402: [ParNew
Desired survivor size 8716288 bytes, new threshold 4 (max 6)
- age   1:    2714848 bytes,    2714848 total
- age   2:    2341560 bytes,    5056408 total
- age   3:    2165264 bytes,    7221672 total
- age   4:    2162592 bytes,    9384264 total
: 146013K->15083K(153344K), 0.0186560 secs] 808076K->677146K(1230656K), 0.0187980 secs] [Times: user=0.05 sys=0.00, real=0.02 secs] 
2014-03-11T22:48:32.206+0000: 664778.191: [GC2014-03-11T22:48:32.206+0000: 664778.191: [ParNew
Desired survivor size 8716288 bytes, new threshold 4 (max 6)
- age   1:    2485840 bytes,    2485840 total
- age   2:    2378680 bytes,    4864520 total
- age   3:    2340360 bytes,    7204880 total
- age   4:    2123720 bytes,    9328600 total
: 151403K->17024K(153344K), 0.0244060 secs] 813466K->681422K(1230656K), 0.0245760 secs] [Times: user=0.05 sys=0.00, real=0.02 secs] 
2014-03-11T22:52:05.209+0000: 664991.194: [GC2014-03-11T22:52:05.209+0000: 664991.194: [ParNew
Desired survivor size 8716288 bytes, new threshold 3 (max 6)
- age   1:    4176472 bytes,    4176472 total
- age   2:    2324776 bytes,    6501248 total
- age   3:    2378208 bytes,    8879456 total
- age   4:    2339840 bytes,   11219296 total
: 153344K->14114K(153344K), 0.0259130 secs] 817742K->680695K(1230656K), 0.0260800 secs] [Times: user=0.06 sys=0.00, real=0.03 secs] 
2014-03-11T22:56:08.009+0000: 665233.994: [GC2014-03-11T22:56:08.009+0000: 665233.994: [ParNew
Desired survivor size 8716288 bytes, new threshold 6 (max 6)
- age   1:    2707888 bytes,    2707888 total
- age   2:    1979728 bytes,    4687616 total
- age   3:    2269240 bytes,    6956856 total
: 150434K->9616K(153344K), 0.0279370 secs] 817015K->681044K(1230656K), 0.0281050 secs] [Times: user=0.06 sys=0.00, real=0.03 secs] 
2014-03-11T23:00:19.603+0000: 665485.588: [GC2014-03-11T23:00:19.603+0000: 665485.588: [ParNew
Desired survivor size 8716288 bytes, new threshold 4 (max 6)
- age   1:    2675104 bytes,    2675104 total
- age   2:    2260048 bytes,    4935152 total
- age   3:    1979448 bytes,    6914600 total
- age   4:    2268216 bytes,    9182816 total
: 145936K->14823K(153344K), 0.0188640 secs] 817364K->686251K(1230656K), 0.0190180 secs] [Times: user=0.04 sys=0.00, real=0.01 secs] 
2014-03-11T23:04:10.916+0000: 665716.901: [GC2014-03-11T23:04:10.916+0000: 665716.901: [ParNew
Desired survivor size 8716288 bytes, new threshold 4 (max 6)
- age   1:    2630288 bytes,    2630288 total
- age   2:    2385392 bytes,    5015680 total
- age   3:    2255872 bytes,    7271552 total
- age   4:    1978880 bytes,    9250432 total
: 151143K->12915K(153344K), 0.0248770 secs] 822571K->686674K(1230656K), 0.0250540 secs] [Times: user=0.06 sys=0.00, real=0.02 secs] 
2014-03-11T23:08:20.387+0000: 665966.371: [GC2014-03-11T23:08:20.387+0000: 665966.371: [ParNew
Desired survivor size 8716288 bytes, new threshold 4 (max 6)
- age   1:    2591744 bytes,    2591744 total
- age   2:    2323728 bytes,    4915472 total
- age   3:    2338936 bytes,    7254408 total
- age   4:    2254824 bytes,    9509232 total
: 149235K->13267K(153344K), 0.0265970 secs] 822994K->689061K(1230656K), 0.0267830 secs] [Times: user=0.05 sys=0.00, real=0.02 secs] 
2014-03-11T23:12:33.208+0000: 666219.193: [GC2014-03-11T23:12:33.208+0000: 666219.193: [ParNew
Desired survivor size 8716288 bytes, new threshold 4 (max 6)
- age   1:    2599328 bytes,    2599328 total
- age   2:    2309576 bytes,    4908904 total
- age   3:    2240512 bytes,    7149416 total
- age   4:    2338040 bytes,    9487456 total
: 149586K->13703K(153344K), 0.0249260 secs] 825380K->691812K(1230656K), 0.0250820 secs] [Times: user=0.05 sys=0.00, real=0.02 secs] 
2014-03-11T23:16:12.631+0000: 666438.615: [GC2014-03-11T23:16:12.631+0000: 666438.615: [ParNew
Desired survivor size 8716288 bytes, new threshold 4 (max 6)
- age   1:    2738168 bytes,    2738168 total
- age   2:    2335448 bytes,    5073616 total
- age   3:    2307088 bytes,    7380704 total
- age   4:    2236824 bytes,    9617528 total
: 150023K->14067K(153344K), 0.0248420 secs] 828132K->694581K(1230656K), 0.0249970 secs] [Times: user=0.05 sys=0.00, real=0.03 secs] 
2014-03-11T23:20:29.909+0000: 666695.894: [GC2014-03-11T23:20:29.909+0000: 666695.894: [ParNew
Desired survivor size 8716288 bytes, new threshold 4 (max 6)
- age   1:    2584192 bytes,    2584192 total
- age   2:    2250968 bytes,    4835160 total
- age   3:    2334368 bytes,    7169528 total
- age   4:    2306496 bytes,    9476024 total
: 150387K->13687K(153344K), 0.0242700 secs] 830901K->696378K(1230656K), 0.0244220 secs] [Times: user=0.05 sys=0.00, real=0.02 secs] 
2014-03-11T23:24:45.643+0000: 666951.628: [GC2014-03-11T23:24:45.643+0000: 666951.628: [ParNew
Desired survivor size 8716288 bytes, new threshold 4 (max 6)
- age   1:    2633320 bytes,    2633320 total
- age   2:    2383232 bytes,    5016552 total
- age   3:    2204960 bytes,    7221512 total
- age   4:    2333200 bytes,    9554712 total
: 150007K->13801K(153344K), 0.0249510 secs] 832698K->698863K(1230656K), 0.0251110 secs] [Times: user=0.06 sys=0.00, real=0.02 secs] 
2014-03-11T23:29:01.128+0000: 667207.113: [GC2014-03-11T23:29:01.128+0000: 667207.113: [ParNew
Desired survivor size 8716288 bytes, new threshold 4 (max 6)
- age   1:    2668656 bytes,    2668656 total
- age   2:    2342976 bytes,    5011632 total
- age   3:    2382800 bytes,    7394432 total
- age   4:    2197512 bytes,    9591944 total
: 150121K->14070K(153344K), 0.0248410 secs] 835183K->701530K(1230656K), 0.0249960 secs] [Times: user=0.05 sys=0.00, real=0.02 secs] 
2014-03-11T23:33:18.217+0000: 667464.201: [GC2014-03-11T23:33:18.217+0000: 667464.201: [ParNew
Desired survivor size 8716288 bytes, new threshold 4 (max 6)
- age   1:    2661880 bytes,    2661880 total
- age   2:    2422904 bytes,    5084784 total
- age   3:    2341856 bytes,    7426640 total
- age   4:    2382240 bytes,    9808880 total
: 150390K->13810K(153344K), 0.0244170 secs] 837850K->703366K(1230656K), 0.0245640 secs] [Times: user=0.05 sys=0.00, real=0.02 secs] 
2014-03-11T23:37:35.228+0000: 667721.213: [GC2014-03-11T23:37:35.228+0000: 667721.213: [ParNew
Desired survivor size 8716288 bytes, new threshold 4 (max 6)
- age   1:    2643096 bytes,    2643096 total
- age   2:    2406272 bytes,    5049368 total
- age   3:    2420944 bytes,    7470312 total
- age   4:    2341408 bytes,    9811720 total
: 150130K->14275K(153344K), 0.0251020 secs] 839686K->706280K(1230656K), 0.0252480 secs] [Times: user=0.06 sys=0.00, real=0.02 secs] 
2014-03-11T23:41:50.909+0000: 667976.894: [GC2014-03-11T23:41:50.909+0000: 667976.894: [ParNew
Desired survivor size 8716288 bytes, new threshold 4 (max 6)
- age   1:    2631816 bytes,    2631816 total
- age   2:    2450624 bytes,    5082440 total
- age   3:    2360176 bytes,    7442616 total
- age   4:    2341456 bytes,    9784072 total
: 150595K->14210K(153344K), 0.0270130 secs] 842600K->708623K(1230656K), 0.0271850 secs] [Times: user=0.05 sys=0.00, real=0.03 secs] 
2014-03-11T23:46:08.136+0000: 668234.121: [GC2014-03-11T23:46:08.136+0000: 668234.121: [ParNew
Desired survivor size 8716288 bytes, new threshold 4 (max 6)
- age   1:    2641984 bytes,    2641984 total
- age   2:    2342992 bytes,    4984976 total
- age   3:    2449800 bytes,    7434776 total
- age   4:    2359376 bytes,    9794152 total
: 150530K->14272K(153344K), 0.0251560 secs] 844943K->711092K(1230656K), 0.0253220 secs] [Times: user=0.05 sys=0.00, real=0.02 secs] 
2014-03-11T23:50:15.715+0000: 668481.699: [GC2014-03-11T23:50:15.715+0000: 668481.700: [ParNew
Desired survivor size 8716288 bytes, new threshold 4 (max 6)
- age   1:    3060392 bytes,    3060392 total
- age   2:    2349752 bytes,    5410144 total
- age   3:    2342184 bytes,    7752328 total
- age   4:    2448320 bytes,   10200648 total
: 150592K->14403K(153344K), 0.0259340 secs] 847412K->713648K(1230656K), 0.0260960 secs] [Times: user=0.06 sys=0.00, real=0.02 secs] 
2014-03-11T23:54:32.562+0000: 668738.547: [GC2014-03-11T23:54:32.562+0000: 668738.547: [ParNew
Desired survivor size 8716288 bytes, new threshold 4 (max 6)
- age   1:    2615624 bytes,    2615624 total
- age   2:    2716472 bytes,    5332096 total
- age   3:    2348576 bytes,    7680672 total
- age   4:    2341832 bytes,   10022504 total
: 150723K->14628K(153344K), 0.0268900 secs] 849968K->716310K(1230656K), 0.0270390 secs] [Times: user=0.05 sys=0.00, real=0.03 secs] 
2014-03-11T23:58:40.134+0000: 668986.118: [GC2014-03-11T23:58:40.134+0000: 668986.118: [ParNew
Desired survivor size 8716288 bytes, new threshold 4 (max 6)
- age   1:    2781824 bytes,    2781824 total
- age   2:    2347056 bytes,    5128880 total
- age   3:    2698192 bytes,    7827072 total
- age   4:    2347512 bytes,   10174584 total
: 150948K->10167K(153344K), 0.0253500 secs] 852630K->714257K(1230656K), 0.0255070 secs] [Times: user=0.06 sys=0.00, real=0.03 secs] 
2014-03-12T00:03:00.078+0000: 669246.063: [GC2014-03-12T00:03:00.078+0000: 669246.063: [ParNew
Desired survivor size 8716288 bytes, new threshold 4 (max 6)
- age   1:    2629216 bytes,    2629216 total
- age   2:    2464080 bytes,    5093296 total
- age   3:    2346120 bytes,    7439416 total
- age   4:    2339560 bytes,    9778976 total
: 146487K->9598K(153344K), 0.0248620 secs] 850577K->716102K(1230656K), 0.0250180 secs] [Times: user=0.05 sys=0.00, real=0.03 secs] 
2014-03-12T00:07:19.732+0000: 669505.717: [GC2014-03-12T00:07:19.732+0000: 669505.717: [ParNew
Desired survivor size 8716288 bytes, new threshold 4 (max 6)
- age   1:    2645296 bytes,    2645296 total
- age   2:    2390504 bytes,    5035800 total
- age   3:    2380288 bytes,    7416088 total
- age   4:    2345624 bytes,    9761712 total
: 145918K->14308K(153344K), 0.0254790 secs] 852422K->723216K(1230656K), 0.0256410 secs] [Times: user=0.06 sys=0.00, real=0.03 secs] 
2014-03-12T00:11:38.039+0000: 669764.024: [GC2014-03-12T00:11:38.039+0000: 669764.024: [ParNew
Desired survivor size 8716288 bytes, new threshold 4 (max 6)
- age   1:    2723080 bytes,    2723080 total
- age   2:    2388736 bytes,    5111816 total
- age   3:    2389576 bytes,    7501392 total
- age   4:    2379368 bytes,    9880760 total
: 150628K->14275K(153344K), 0.0253800 secs] 859536K->725594K(1230656K), 0.0255290 secs] [Times: user=0.05 sys=0.00, real=0.03 secs] 
2014-03-12T00:15:59.409+0000: 670025.393: [GC2014-03-12T00:15:59.409+0000: 670025.393: [ParNew
Desired survivor size 8716288 bytes, new threshold 4 (max 6)
- age   1:    2646392 bytes,    2646392 total
- age   2:    2503512 bytes,    5149904 total
- age   3:    2387760 bytes,    7537664 total
- age   4:    2389208 bytes,    9926872 total
: 150595K->14396K(153344K), 0.0259830 secs] 861914K->728158K(1230656K), 0.0261300 secs] [Times: user=0.06 sys=0.00, real=0.03 secs] 
2014-03-12T00:20:18.863+0000: 670284.848: [GC2014-03-12T00:20:18.863+0000: 670284.848: [ParNew
Desired survivor size 8716288 bytes, new threshold 4 (max 6)
- age   1:    2721624 bytes,    2721624 total
- age   2:    2390680 bytes,    5112304 total
- age   3:    2456848 bytes,    7569152 total
- age   4:    2387440 bytes,    9956592 total
: 150716K->14558K(153344K), 0.0253650 secs] 864478K->730776K(1230656K), 0.0255120 secs] [Times: user=0.05 sys=0.00, real=0.02 secs] 
2014-03-12T00:24:38.909+0000: 670544.893: [GC2014-03-12T00:24:38.909+0000: 670544.894: [ParNew
Desired survivor size 8716288 bytes, new threshold 4 (max 6)
- age   1:    2610480 bytes,    2610480 total
- age   2:    2476352 bytes,    5086832 total
- age   3:    2389600 bytes,    7476432 total
- age   4:    2376864 bytes,    9853296 total
: 150878K->14445K(153344K), 0.0255710 secs] 867096K->733117K(1230656K), 0.0257110 secs] [Times: user=0.06 sys=0.00, real=0.03 secs] 
2014-03-12T00:28:58.985+0000: 670804.970: [GC2014-03-12T00:28:58.985+0000: 670804.970: [ParNew
Desired survivor size 8716288 bytes, new threshold 4 (max 6)
- age   1:    2588784 bytes,    2588784 total
- age   2:    2434656 bytes,    5023440 total
- age   3:    2475120 bytes,    7498560 total
- age   4:    2388944 bytes,    9887504 total
: 150765K->14409K(153344K), 0.0251140 secs] 869437K->735525K(1230656K), 0.0252640 secs] [Times: user=0.05 sys=0.00, real=0.02 secs] 
2014-03-12T00:33:18.352+0000: 671064.337: [GC2014-03-12T00:33:18.352+0000: 671064.337: [ParNew
Desired survivor size 8716288 bytes, new threshold 4 (max 6)
- age   1:    2704384 bytes,    2704384 total
- age   2:    2389152 bytes,    5093536 total
- age   3:    2388408 bytes,    7481944 total
- age   4:    2473912 bytes,    9955856 total
: 150729K->14514K(153344K), 0.0252760 secs] 871845K->738086K(1230656K), 0.0254170 secs] [Times: user=0.05 sys=0.00, real=0.03 secs] 
2014-03-12T00:37:39.361+0000: 671325.345: [GC2014-03-12T00:37:39.361+0000: 671325.345: [ParNew
Desired survivor size 8716288 bytes, new threshold 4 (max 6)
- age   1:    2597672 bytes,    2597672 total
- age   2:    2503456 bytes,    5101128 total
- age   3:    2388528 bytes,    7489656 total
- age   4:    2387656 bytes,    9877312 total
: 150834K->14434K(153344K), 0.0253700 secs] 874406K->740469K(1230656K), 0.0255260 secs] [Times: user=0.06 sys=0.00, real=0.03 secs] 
2014-03-12T00:41:58.375+0000: 671584.360: [GC2014-03-12T00:41:58.375+0000: 671584.360: [ParNew
Desired survivor size 8716288 bytes, new threshold 4 (max 6)
- age   1:    2753552 bytes,    2753552 total
- age   2:    2370272 bytes,    5123824 total
- age   3:    2456432 bytes,    7580256 total
- age   4:    2387560 bytes,    9967816 total
: 150754K->14511K(153344K), 0.0272990 secs] 876789K->743002K(1230656K), 0.0274640 secs] [Times: user=0.05 sys=0.00, real=0.03 secs] 
2014-03-12T00:46:19.206+0000: 671845.190: [GC2014-03-12T00:46:19.206+0000: 671845.191: [ParNew
Desired survivor size 8716288 bytes, new threshold 4 (max 6)
- age   1:    2668512 bytes,    2668512 total
- age   2:    2468616 bytes,    5137128 total
- age   3:    2369736 bytes,    7506864 total
- age   4:    2376480 bytes,    9883344 total
: 150831K->14445K(153344K), 0.0252350 secs] 879322K->745391K(1230656K), 0.0253810 secs] [Times: user=0.06 sys=0.00, real=0.02 secs] 
2014-03-12T00:50:38.373+0000: 672104.358: [GC2014-03-12T00:50:38.373+0000: 672104.358: [ParNew
Desired survivor size 8716288 bytes, new threshold 4 (max 6)
- age   1:    2623608 bytes,    2623608 total
- age   2:    2416520 bytes,    5040128 total
- age   3:    2467376 bytes,    7507504 total
- age   4:    2369096 bytes,    9876600 total
: 150765K->14444K(153344K), 0.0267860 secs] 881711K->747832K(1230656K), 0.0269440 secs] [Times: user=0.05 sys=0.00, real=0.03 secs] 
2014-03-12T00:54:56.613+0000: 672362.598: [GC2014-03-12T00:54:56.613+0000: 672362.598: [ParNew
Desired survivor size 8716288 bytes, new threshold 4 (max 6)
- age   1:    2746416 bytes,    2746416 total
- age   2:    2349752 bytes,    5096168 total
- age   3:    2415680 bytes,    7511848 total
- age   4:    2466360 bytes,    9978208 total
: 150764K->14512K(153344K), 0.0256550 secs] 884152K->750337K(1230656K), 0.0258040 secs] [Times: user=0.05 sys=0.00, real=0.03 secs] 
2014-03-12T00:59:15.916+0000: 672621.901: [GC2014-03-12T00:59:15.916+0000: 672621.901: [ParNew
Desired survivor size 8716288 bytes, new threshold 4 (max 6)
- age   1:    2616176 bytes,    2616176 total
- age   2:    2462416 bytes,    5078592 total
- age   3:    2348680 bytes,    7427272 total
- age   4:    2415312 bytes,    9842584 total
: 150832K->14457K(153344K), 0.0253790 secs] 886657K->752736K(1230656K), 0.0255410 secs] [Times: user=0.06 sys=0.00, real=0.02 secs] 
2014-03-12T01:03:35.539+0000: 672881.524: [GC2014-03-12T01:03:35.539+0000: 672881.524: [ParNew
Desired survivor size 8716288 bytes, new threshold 4 (max 6)
- age   1:    2774424 bytes,    2774424 total
- age   2:    2388328 bytes,    5162752 total
- age   3:    2459952 bytes,    7622704 total
- age   4:    2348184 bytes,    9970888 total
: 150777K->14478K(153344K), 0.0254950 secs] 889056K->755241K(1230656K), 0.0256330 secs] [Times: user=0.05 sys=0.00, real=0.03 secs] 
2014-03-12T01:07:55.830+0000: 673141.815: [GC2014-03-12T01:07:55.830+0000: 673141.815: [ParNew
Desired survivor size 8716288 bytes, new threshold 4 (max 6)
- age   1:    2639208 bytes,    2639208 total
- age   2:    2474560 bytes,    5113768 total
- age   3:    2387400 bytes,    7501168 total
- age   4:    2380056 bytes,    9881224 total
: 150798K->14442K(153344K), 0.0262530 secs] 891561K->757619K(1230656K), 0.0264010 secs] [Times: user=0.04 sys=0.00, real=0.03 secs] 
2014-03-12T01:12:15.909+0000: 673401.894: [GC2014-03-12T01:12:15.909+0000: 673401.894: [ParNew
Desired survivor size 8716288 bytes, new threshold 4 (max 6)
- age   1:    2738872 bytes,    2738872 total
- age   2:    2428400 bytes,    5167272 total
- age   3:    2472904 bytes,    7640176 total
- age   4:    2386984 bytes,   10027160 total
: 150762K->14515K(153344K), 0.0259020 secs] 893939K->760139K(1230656K), 0.0260460 secs] [Times: user=0.06 sys=0.00, real=0.03 secs] 
2014-03-12T01:16:35.129+0000: 673661.113: [GC2014-03-12T01:16:35.129+0000: 673661.114: [ParNew
Desired survivor size 8716288 bytes, new threshold 4 (max 6)
- age   1:    2668096 bytes,    2668096 total
- age   2:    2514136 bytes,    5182232 total
- age   3:    2382448 bytes,    7564680 total
- age   4:    2393320 bytes,    9958000 total
: 150835K->14513K(153344K), 0.0255020 secs] 896459K->762592K(1230656K), 0.0256720 secs] [Times: user=0.06 sys=0.00, real=0.03 secs] 
2014-03-12T01:20:55.435+0000: 673921.419: [GC2014-03-12T01:20:55.435+0000: 673921.419: [ParNew
Desired survivor size 8716288 bytes, new threshold 4 (max 6)
- age   1:    2642848 bytes,    2642848 total
- age   2:    2392952 bytes,    5035800 total
- age   3:    2513360 bytes,    7549160 total
- age   4:    2381728 bytes,    9930888 total
: 150833K->14544K(153344K), 0.0269210 secs] 898912K->765083K(1230656K), 0.0270740 secs] [Times: user=0.05 sys=0.00, real=0.02 secs] 
2014-03-12T01:25:15.284+0000: 674181.269: [GC2014-03-12T01:25:15.284+0000: 674181.269: [ParNew
Desired survivor size 8716288 bytes, new threshold 4 (max 6)
- age   1:    2690184 bytes,    2690184 total
- age   2:    2428408 bytes,    5118592 total
- age   3:    2391928 bytes,    7510520 total
- age   4:    2511864 bytes,   10022384 total
: 150864K->14594K(153344K), 0.0253090 secs] 901403K->767583K(1230656K), 0.0254600 secs] [Times: user=0.06 sys=0.00, real=0.02 secs] 
2014-03-12T01:29:35.909+0000: 674441.894: [GC2014-03-12T01:29:35.909+0000: 674441.894: [ParNew
Desired survivor size 8716288 bytes, new threshold 4 (max 6)
- age   1:    2709168 bytes,    2709168 total
- age   2:    2467696 bytes,    5176864 total
- age   3:    2382136 bytes,    7559000 total
- age   4:    2391528 bytes,    9950528 total
: 150914K->14527K(153344K), 0.0259370 secs] 903903K->770015K(1230656K), 0.0260950 secs] [Times: user=0.06 sys=0.00, real=0.03 secs] 
2014-03-12T01:33:55.091+0000: 674701.075: [GC2014-03-12T01:33:55.091+0000: 674701.075: [ParNew
Desired survivor size 8716288 bytes, new threshold 4 (max 6)
- age   1:    2721304 bytes,    2721304 total
- age   2:    2389832 bytes,    5111136 total
- age   3:    2466440 bytes,    7577576 total
- age   4:    2381128 bytes,    9958704 total
: 150847K->14616K(153344K), 0.0255870 secs] 906335K->772562K(1230656K), 0.0257340 secs] [Times: user=0.05 sys=0.00, real=0.03 secs] 
2014-03-12T01:38:15.916+0000: 674961.901: [GC2014-03-12T01:38:15.916+0000: 674961.901: [ParNew
Desired survivor size 8716288 bytes, new threshold 4 (max 6)
- age   1:    2650600 bytes,    2650600 total
- age   2:    2473688 bytes,    5124288 total
- age   3:    2388344 bytes,    7512632 total
- age   4:    2386840 bytes,    9899472 total
: 150936K->14459K(153344K), 0.0250550 secs] 908882K->774854K(1230656K), 0.0252020 secs] [Times: user=0.06 sys=0.00, real=0.02 secs] 
2014-03-12T01:42:35.514+0000: 675221.499: [GC2014-03-12T01:42:35.514+0000: 675221.499: [ParNew
Desired survivor size 8716288 bytes, new threshold 4 (max 6)
- age   1:    2659720 bytes,    2659720 total
- age   2:    2394424 bytes,    5054144 total
- age   3:    2472952 bytes,    7527096 total
- age   4:    2388136 bytes,    9915232 total
: 150779K->14464K(153344K), 0.0254480 secs] 911174K->777313K(1230656K), 0.0256070 secs] [Times: user=0.05 sys=0.00, real=0.03 secs] 
2014-03-12T01:46:55.317+0000: 675481.301: [GC2014-03-12T01:46:55.317+0000: 675481.301: [ParNew
Desired survivor size 8716288 bytes, new threshold 4 (max 6)
- age   1:    2688952 bytes,    2688952 total
- age   2:    2383768 bytes,    5072720 total
- age   3:    2393592 bytes,    7466312 total
- age   4:    2471792 bytes,    9938104 total
: 150784K->14561K(153344K), 0.0253320 secs] 913633K->779866K(1230656K), 0.0254830 secs] [Times: user=0.05 sys=0.00, real=0.03 secs] 
2014-03-12T01:51:15.909+0000: 675741.894: [GC2014-03-12T01:51:15.909+0000: 675741.894: [ParNew
Desired survivor size 8716288 bytes, new threshold 4 (max 6)
- age   1:    2660328 bytes,    2660328 total
- age   2:    2467176 bytes,    5127504 total
- age   3:    2382840 bytes,    7510344 total
- age   4:    2393032 bytes,    9903376 total
: 150881K->14424K(153344K), 0.0255020 secs] 916186K->782189K(1230656K), 0.0256590 secs] [Times: user=0.06 sys=0.00, real=0.03 secs] 
2014-03-12T01:55:35.490+0000: 676001.475: [GC2014-03-12T01:55:35.490+0000: 676001.475: [ParNew
Desired survivor size 8716288 bytes, new threshold 4 (max 6)
- age   1:    2756992 bytes,    2756992 total
- age   2:    2388560 bytes,    5145552 total
- age   3:    2465176 bytes,    7610728 total
- age   4:    2382392 bytes,    9993120 total
: 150744K->14539K(153344K), 0.0255500 secs] 918509K->784764K(1230656K), 0.0257160 secs] [Times: user=0.05 sys=0.00, real=0.03 secs] 
2014-03-12T01:59:55.909+0000: 676261.894: [GC2014-03-12T01:59:55.909+0000: 676261.894: [ParNew
Desired survivor size 8716288 bytes, new threshold 4 (max 6)
- age   1:    2695872 bytes,    2695872 total
- age   2:    2468296 bytes,    5164168 total
- age   3:    2387576 bytes,    7551744 total
- age   4:    2385480 bytes,    9937224 total
: 150859K->14480K(153344K), 0.0267590 secs] 921084K->787155K(1230656K), 0.0269200 secs] [Times: user=0.06 sys=0.00, real=0.03 secs] 
2014-03-12T02:04:15.315+0000: 676521.300: [GC2014-03-12T02:04:15.315+0000: 676521.300: [ParNew
Desired survivor size 8716288 bytes, new threshold 4 (max 6)
- age   1:    2707048 bytes,    2707048 total
- age   2:    2394144 bytes,    5101192 total
- age   3:    2466192 bytes,    7567384 total
- age   4:    2386968 bytes,    9954352 total
: 150800K->14547K(153344K), 0.0256180 secs] 923475K->789675K(1230656K), 0.0257680 secs] [Times: user=0.06 sys=0.00, real=0.02 secs] 
2014-03-12T02:08:34.980+0000: 676780.965: [GC2014-03-12T02:08:34.980+0000: 676780.965: [ParNew
Desired survivor size 8716288 bytes, new threshold 4 (max 6)
- age   1:    2684744 bytes,    2684744 total
- age   2:    2424128 bytes,    5108872 total
- age   3:    2393160 bytes,    7502032 total
- age   4:    2426000 bytes,    9928032 total
: 150867K->14533K(153344K), 0.0253340 secs] 925995K->792115K(1230656K), 0.0254790 secs] [Times: user=0.05 sys=0.00, real=0.03 secs] 
2014-03-12T02:12:54.938+0000: 677040.923: [GC2014-03-12T02:12:54.938+0000: 677040.923: [ParNew
Desired survivor size 8716288 bytes, new threshold 4 (max 6)
- age   1:    2645120 bytes,    2645120 total
- age   2:    2427168 bytes,    5072288 total
- age   3:    2423056 bytes,    7495344 total
- age   4:    2392648 bytes,    9887992 total
: 150853K->14461K(153344K), 0.0250900 secs] 928435K->794498K(1230656K), 0.0252390 secs] [Times: user=0.05 sys=0.00, real=0.03 secs] 
2014-03-12T02:17:15.108+0000: 677301.093: [GC2014-03-12T02:17:15.108+0000: 677301.093: [ParNew
Desired survivor size 8716288 bytes, new threshold 4 (max 6)
- age   1:    2661736 bytes,    2661736 total
- age   2:    2415040 bytes,    5076776 total
- age   3:    2425440 bytes,    7502216 total
- age   4:    2422312 bytes,    9924528 total
: 150781K->14527K(153344K), 0.0255360 secs] 930818K->797023K(1230656K), 0.0256980 secs] [Times: user=0.05 sys=0.00, real=0.03 secs] 
2014-03-12T02:21:33.558+0000: 677559.543: [GC2014-03-12T02:21:33.558+0000: 677559.543: [ParNew
Desired survivor size 8716288 bytes, new threshold 4 (max 6)
- age   1:    2618880 bytes,    2618880 total
- age   2:    2487216 bytes,    5106096 total
- age   3:    2369200 bytes,    7475296 total
- age   4:    2385576 bytes,    9860872 total
: 150847K->14405K(153344K), 0.0253340 secs] 933343K->799352K(1230656K), 0.0254750 secs] [Times: user=0.06 sys=0.00, real=0.03 secs] 
2014-03-12T02:25:51.413+0000: 677817.398: [GC2014-03-12T02:25:51.413+0000: 677817.398: [ParNew
Desired survivor size 8716288 bytes, new threshold 4 (max 6)
- age   1:    2690072 bytes,    2690072 total
- age   2:    2378560 bytes,    5068632 total
- age   3:    2485600 bytes,    7554232 total
- age   4:    2368576 bytes,    9922808 total
: 150725K->14485K(153344K), 0.0254580 secs] 935672K->801884K(1230656K), 0.0256050 secs] [Times: user=0.05 sys=0.00, real=0.03 secs] 
2014-03-12T02:30:10.736+0000: 678076.720: [GC2014-03-12T02:30:10.736+0000: 678076.721: [ParNew
Desired survivor size 8716288 bytes, new threshold 4 (max 6)
- age   1:    2656240 bytes,    2656240 total
- age   2:    2433528 bytes,    5089768 total
- age   3:    2377680 bytes,    7467448 total
- age   4:    2405968 bytes,    9873416 total
: 150805K->14388K(153344K), 0.0259410 secs] 938204K->804223K(1230656K), 0.0261050 secs] [Times: user=0.05 sys=0.00, real=0.02 secs] 
2014-03-12T02:34:30.909+0000: 678336.894: [GC2014-03-12T02:34:30.909+0000: 678336.894: [ParNew
Desired survivor size 8716288 bytes, new threshold 4 (max 6)
- age   1:    2616376 bytes,    2616376 total
- age   2:    2440432 bytes,    5056808 total
- age   3:    2432536 bytes,    7489344 total
- age   4:    2377040 bytes,    9866384 total
: 150708K->14419K(153344K), 0.0254760 secs] 940543K->806727K(1230656K), 0.0256250 secs] [Times: user=0.05 sys=0.00, real=0.03 secs] 
2014-03-12T02:38:50.016+0000: 678596.001: [GC2014-03-12T02:38:50.016+0000: 678596.001: [ParNew
Desired survivor size 8716288 bytes, new threshold 4 (max 6)
- age   1:    2645936 bytes,    2645936 total
- age   2:    2381048 bytes,    5026984 total
- age   3:    2439752 bytes,    7466736 total
- age   4:    2431152 bytes,    9897888 total
: 150739K->14496K(153344K), 0.0254700 secs] 943047K->809248K(1230656K), 0.0256200 secs] [Times: user=0.05 sys=0.01, real=0.02 secs] 
2014-03-12T02:43:09.169+0000: 678855.154: [GC2014-03-12T02:43:09.169+0000: 678855.154: [ParNew
Desired survivor size 8716288 bytes, new threshold 4 (max 6)
- age   1:    2527544 bytes,    2527544 total
- age   2:    2468296 bytes,    4995840 total
- age   3:    2380616 bytes,    7376456 total
- age   4:    2439144 bytes,    9815600 total
: 150816K->17024K(153344K), 0.0256270 secs] 945568K->814264K(1230656K), 0.0257880 secs] [Times: user=0.05 sys=0.00, real=0.03 secs] 
2014-03-12T02:47:29.503+0000: 679115.488: [GC2014-03-12T02:47:29.503+0000: 679115.488: [ParNew
Desired survivor size 8716288 bytes, new threshold 4 (max 6)
- age   1:    2718968 bytes,    2718968 total
- age   2:    2360400 bytes,    5079368 total
- age   3:    2466904 bytes,    7546272 total
- age   4:    2380344 bytes,    9926616 total
: 153344K->12101K(153344K), 0.0252540 secs] 950584K->811802K(1230656K), 0.0253930 secs] [Times: user=0.05 sys=0.00, real=0.02 secs] 
2014-03-12T02:51:47.487+0000: 679373.472: [GC2014-03-12T02:51:47.487+0000: 679373.472: [ParNew
Desired survivor size 8716288 bytes, new threshold 4 (max 6)
- age   1:    2534632 bytes,    2534632 total
- age   2:    2513432 bytes,    5048064 total
- age   3:    2359776 bytes,    7407840 total
- age   4:    2387512 bytes,    9795352 total
: 148421K->17024K(153344K), 0.0251060 secs] 948122K->819244K(1230656K), 0.0252560 secs] [Times: user=0.05 sys=0.00, real=0.02 secs] 
2014-03-12T02:56:06.348+0000: 679632.333: [GC2014-03-12T02:56:06.348+0000: 679632.333: [ParNew
Desired survivor size 8716288 bytes, new threshold 4 (max 6)
- age   1:    2584256 bytes,    2584256 total
- age   2:    2422864 bytes,    5007120 total
- age   3:    2496280 bytes,    7503400 total
- age   4:    2359264 bytes,    9862664 total
: 153344K->11570K(153344K), 0.0254940 secs] 955564K->816246K(1230656K), 0.0256550 secs] [Times: user=0.06 sys=0.00, real=0.02 secs] 
2014-03-12T03:00:25.551+0000: 679891.536: [GC2014-03-12T03:00:25.551+0000: 679891.536: [ParNew
Desired survivor size 8716288 bytes, new threshold 4 (max 6)
- age   1:    2693880 bytes,    2693880 total
- age   2:    2355160 bytes,    5049040 total
- age   3:    2422576 bytes,    7471616 total
- age   4:    2416160 bytes,    9887776 total
: 147890K->17024K(153344K), 0.0254270 secs] 952566K->824274K(1230656K), 0.0255840 secs] [Times: user=0.05 sys=0.00, real=0.03 secs] 
2014-03-12T03:04:45.909+0000: 680151.894: [GC2014-03-12T03:04:45.909+0000: 680151.894: [ParNew
Desired survivor size 8716288 bytes, new threshold 4 (max 6)
- age   1:    2674488 bytes,    2674488 total
- age   2:    2472712 bytes,    5147200 total
- age   3:    2354776 bytes,    7501976 total
- age   4:    2376784 bytes,    9878760 total
: 153344K->11617K(153344K), 0.0253760 secs] 960594K->821351K(1230656K), 0.0255370 secs] [Times: user=0.06 sys=0.00, real=0.03 secs] 
2014-03-12T03:09:05.548+0000: 680411.533: [GC2014-03-12T03:09:05.548+0000: 680411.533: [ParNew
Desired survivor size 8716288 bytes, new threshold 4 (max 6)
- age   1:    2668480 bytes,    2668480 total
- age   2:    2383480 bytes,    5051960 total
- age   3:    2391808 bytes,    7443768 total
- age   4:    2354360 bytes,    9798128 total
: 147937K->17024K(153344K), 0.0254530 secs] 957671K->829350K(1230656K), 0.0256280 secs] [Times: user=0.06 sys=0.00, real=0.02 secs] 
2014-03-12T03:13:25.319+0000: 680671.303: [GC2014-03-12T03:13:25.319+0000: 680671.303: [ParNew
Desired survivor size 8716288 bytes, new threshold 4 (max 6)
- age   1:    2648224 bytes,    2648224 total
- age   2:    2467768 bytes,    5115992 total
- age   3:    2383056 bytes,    7499048 total
- age   4:    2391232 bytes,    9890280 total
: 153344K->11559K(153344K), 0.0254910 secs] 965670K->826306K(1230656K), 0.0256440 secs] [Times: user=0.05 sys=0.00, real=0.03 secs] 
2014-03-12T03:17:45.321+0000: 680931.305: [GC2014-03-12T03:17:45.321+0000: 680931.306: [ParNew
Desired survivor size 8716288 bytes, new threshold 4 (max 6)
- age   1:    2582496 bytes,    2582496 total
- age   2:    2388496 bytes,    4970992 total
- age   3:    2426944 bytes,    7397936 total
- age   4:    2382752 bytes,    9780688 total
: 147879K->17024K(153344K), 0.0254830 secs] 962626K->834339K(1230656K), 0.0256300 secs] [Times: user=0.06 sys=0.00, real=0.03 secs] 
2014-03-12T03:22:04.689+0000: 681190.674: [GC2014-03-12T03:22:04.689+0000: 681190.674: [ParNew
Desired survivor size 8716288 bytes, new threshold 4 (max 6)
- age   1:    2637120 bytes,    2637120 total
- age   2:    2478104 bytes,    5115224 total
- age   3:    2387928 bytes,    7503152 total
- age   4:    2426056 bytes,    9929208 total
: 153344K->11587K(153344K), 0.0255610 secs] 970659K->831352K(1230656K), 0.0257220 secs] [Times: user=0.06 sys=0.00, real=0.03 secs] 
2014-03-12T03:26:23.427+0000: 681449.411: [GC2014-03-12T03:26:23.427+0000: 681449.412: [ParNew
Desired survivor size 8716288 bytes, new threshold 4 (max 6)
- age   1:    2537680 bytes,    2537680 total
- age   2:    2429456 bytes,    4967136 total
- age   3:    2431912 bytes,    7399048 total
- age   4:    2387320 bytes,    9786368 total
: 147907K->17024K(153344K), 0.0252050 secs] 967672K->839313K(1230656K), 0.0253400 secs] [Times: user=0.06 sys=0.00, real=0.02 secs] 
2014-03-12T03:30:40.496+0000: 681706.481: [GC2014-03-12T03:30:40.496+0000: 681706.481: [ParNew
Desired survivor size 8716288 bytes, new threshold 4 (max 6)
- age   1:    2751704 bytes,    2751704 total
- age   2:    2360224 bytes,    5111928 total
- age   3:    2428320 bytes,    7540248 total
- age   4:    2430896 bytes,    9971144 total
: 153344K->11626K(153344K), 0.0251330 secs] 975633K->836370K(1230656K), 0.0252790 secs] [Times: user=0.05 sys=0.00, real=0.02 secs] 
2014-03-12T03:35:00.356+0000: 681966.341: [GC2014-03-12T03:35:00.356+0000: 681966.341: [ParNew
Desired survivor size 8716288 bytes, new threshold 4 (max 6)
- age   1:    2558168 bytes,    2558168 total
- age   2:    2457552 bytes,    5015720 total
- age   3:    2359048 bytes,    7374768 total
- age   4:    2388400 bytes,    9763168 total
: 147946K->17024K(153344K), 0.0253020 secs] 972690K->844298K(1230656K), 0.0254640 secs] [Times: user=0.05 sys=0.00, real=0.02 secs] 
2014-03-12T03:39:20.847+0000: 682226.832: [GC2014-03-12T03:39:20.847+0000: 682226.832: [ParNew
Desired survivor size 8716288 bytes, new threshold 4 (max 6)
- age   1:    2747112 bytes,    2747112 total
- age   2:    2382320 bytes,    5129432 total
- age   3:    2456256 bytes,    7585688 total
- age   4:    2358392 bytes,    9944080 total
: 153344K->11612K(153344K), 0.0252030 secs] 980618K->841342K(1230656K), 0.0253440 secs] [Times: user=0.06 sys=0.00, real=0.02 secs] 
2014-03-12T03:43:40.834+0000: 682486.818: [GC2014-03-12T03:43:40.834+0000: 682486.818: [ParNew
Desired survivor size 8716288 bytes, new threshold 4 (max 6)
- age   1:    2562776 bytes,    2562776 total
- age   2:    2468672 bytes,    5031448 total
- age   3:    2381360 bytes,    7412808 total
- age   4:    2376624 bytes,    9789432 total
: 147932K->17024K(153344K), 0.0252930 secs] 977662K->849250K(1230656K), 0.0254470 secs] [Times: user=0.05 sys=0.00, real=0.03 secs] 
2014-03-12T03:48:00.014+0000: 682745.999: [GC2014-03-12T03:48:00.014+0000: 682745.999: [ParNew
Desired survivor size 8716288 bytes, new threshold 4 (max 6)
- age   1:    2651896 bytes,    2651896 total
- age   2:    2397208 bytes,    5049104 total
- age   3:    2468008 bytes,    7517112 total
- age   4:    2381040 bytes,    9898152 total
: 153344K->11543K(153344K), 0.0251410 secs] 985570K->846213K(1230656K), 0.0252930 secs] [Times: user=0.05 sys=0.01, real=0.03 secs] 
2014-03-12T03:52:20.350+0000: 683006.335: [GC2014-03-12T03:52:20.350+0000: 683006.335: [ParNew
Desired survivor size 8716288 bytes, new threshold 4 (max 6)
- age   1:    2652728 bytes,    2652728 total
- age   2:    2387584 bytes,    5040312 total
- age   3:    2387728 bytes,    7428040 total
- age   4:    2387888 bytes,    9815928 total
: 147863K->17024K(153344K), 0.0254430 secs] 982533K->854291K(1230656K), 0.0256020 secs] [Times: user=0.05 sys=0.00, real=0.03 secs] 
2014-03-12T03:56:40.585+0000: 683266.569: [GC2014-03-12T03:56:40.585+0000: 683266.570: [ParNew
Desired survivor size 8716288 bytes, new threshold 4 (max 6)
- age   1:    2635440 bytes,    2635440 total
- age   2:    2468368 bytes,    5103808 total
- age   3:    2387112 bytes,    7490920 total
- age   4:    2387184 bytes,    9878104 total
: 153344K->11575K(153344K), 0.0254850 secs] 990611K->851296K(1230656K), 0.0256400 secs] [Times: user=0.06 sys=0.00, real=0.02 secs] 
2014-03-12T04:01:00.263+0000: 683526.247: [GC2014-03-12T04:01:00.263+0000: 683526.248: [ParNew
Desired survivor size 8716288 bytes, new threshold 4 (max 6)
- age   1:    2602976 bytes,    2602976 total
- age   2:    2434944 bytes,    5037920 total
- age   3:    2387440 bytes,    7425360 total
- age   4:    2386744 bytes,    9812104 total
: 147895K->17024K(153344K), 0.0255540 secs] 987616K->859348K(1230656K), 0.0257130 secs] [Times: user=0.06 sys=0.00, real=0.02 secs] 
2014-03-12T04:05:20.909+0000: 683786.894: [GC2014-03-12T04:05:20.910+0000: 683786.894: [ParNew
Desired survivor size 8716288 bytes, new threshold 4 (max 6)
- age   1:    2712816 bytes,    2712816 total
- age   2:    2468448 bytes,    5181264 total
- age   3:    2434368 bytes,    7615632 total
- age   4:    2387008 bytes,   10002640 total
: 153344K->11567K(153344K), 0.0255890 secs] 995668K->856345K(1230656K), 0.0257510 secs] [Times: user=0.06 sys=0.00, real=0.03 secs] 
2014-03-12T04:09:40.661+0000: 684046.646: [GC2014-03-12T04:09:40.661+0000: 684046.646: [ParNew
Desired survivor size 8716288 bytes, new threshold 4 (max 6)
- age   1:    2562736 bytes,    2562736 total
- age   2:    2393920 bytes,    4956656 total
- age   3:    2467912 bytes,    7424568 total
- age   4:    2387816 bytes,    9812384 total
: 147887K->17024K(153344K), 0.0258330 secs] 992665K->864327K(1230656K), 0.0259900 secs] [Times: user=0.05 sys=0.00, real=0.03 secs] 
2014-03-12T04:13:59.918+0000: 684305.903: [GC2014-03-12T04:13:59.918+0000: 684305.903: [ParNew
Desired survivor size 8716288 bytes, new threshold 4 (max 6)
- age   1:    2728312 bytes,    2728312 total
- age   2:    2382624 bytes,    5110936 total
- age   3:    2393352 bytes,    7504288 total
- age   4:    2466864 bytes,    9971152 total
: 153344K->11689K(153344K), 0.0252600 secs] 1000647K->861448K(1230656K), 0.0254030 secs] [Times: user=0.04 sys=0.00, real=0.03 secs] 
2014-03-12T04:18:18.994+0000: 684564.979: [GC2014-03-12T04:18:18.994+0000: 684564.979: [ParNew
Desired survivor size 8716288 bytes, new threshold 4 (max 6)
- age   1:    2589280 bytes,    2589280 total
- age   2:    2468072 bytes,    5057352 total
- age   3:    2381792 bytes,    7439144 total
- age   4:    2392552 bytes,    9831696 total
: 148009K->17024K(153344K), 0.0257430 secs] 997768K->869309K(1230656K), 0.0259030 secs] [Times: user=0.05 sys=0.00, real=0.02 secs] 
2014-03-12T04:22:39.170+0000: 684825.155: [GC2014-03-12T04:22:39.170+0000: 684825.155: [ParNew
Desired survivor size 8716288 bytes, new threshold 4 (max 6)
- age   1:    2739264 bytes,    2739264 total
- age   2:    2360392 bytes,    5099656 total
- age   3:    2466504 bytes,    7566160 total
- age   4:    2381248 bytes,    9947408 total
: 153344K->11666K(153344K), 0.0252690 secs] 1005629K->866412K(1230656K), 0.0254200 secs] [Times: user=0.05 sys=0.00, real=0.03 secs] 
2014-03-12T04:26:57.550+0000: 685083.535: [GC2014-03-12T04:26:57.550+0000: 685083.535: [ParNew
Desired survivor size 8716288 bytes, new threshold 4 (max 6)
- age   1:    2534008 bytes,    2534008 total
- age   2:    2496440 bytes,    5030448 total
- age   3:    2359672 bytes,    7390120 total
- age   4:    2386936 bytes,    9777056 total
: 147986K->17024K(153344K), 0.0252470 secs] 1002732K->874288K(1230656K), 0.0253900 secs] [Times: user=0.06 sys=0.00, real=0.03 secs] 
2014-03-12T04:31:16.411+0000: 685342.396: [GC2014-03-12T04:31:16.411+0000: 685342.396: [ParNew
Desired survivor size 8716288 bytes, new threshold 4 (max 6)
- age   1:    2690560 bytes,    2690560 total
- age   2:    2349600 bytes,    5040160 total
- age   3:    2495176 bytes,    7535336 total
- age   4:    2359112 bytes,    9894448 total
: 153344K->11575K(153344K), 0.0260610 secs] 1010608K->871294K(1230656K), 0.0262150 secs] [Times: user=0.05 sys=0.00, real=0.03 secs] 
2014-03-12T04:35:35.253+0000: 685601.238: [GC2014-03-12T04:35:35.253+0000: 685601.238: [ParNew
Desired survivor size 8716288 bytes, new threshold 4 (max 6)
- age   1:    2586096 bytes,    2586096 total
- age   2:    2475952 bytes,    5062048 total
- age   3:    2348832 bytes,    7410880 total
- age   4:    2415552 bytes,    9826432 total
: 147895K->17024K(153344K), 0.0252250 secs] 1007614K->879278K(1230656K), 0.0253710 secs] [Times: user=0.05 sys=0.00, real=0.03 secs] 
2014-03-12T04:39:55.768+0000: 685861.753: [GC2014-03-12T04:39:55.768+0000: 685861.753: [ParNew
Desired survivor size 8716288 bytes, new threshold 4 (max 6)
- age   1:    2645296 bytes,    2645296 total
- age   2:    2428248 bytes,    5073544 total
- age   3:    2421744 bytes,    7495288 total
- age   4:    2347816 bytes,    9843104 total
: 153344K->11567K(153344K), 0.0267140 secs] 1015598K->876305K(1230656K), 0.0268660 secs] [Times: user=0.05 sys=0.00, real=0.03 secs] 
2014-03-12T04:44:15.607+0000: 686121.592: [GC2014-03-12T04:44:15.607+0000: 686121.592: [ParNew
Desired survivor size 8716288 bytes, new threshold 4 (max 6)
- age   1:    2607160 bytes,    2607160 total
- age   2:    2434480 bytes,    5041640 total
- age   3:    2387584 bytes,    7429224 total
- age   4:    2381072 bytes,    9810296 total
: 147887K->17024K(153344K), 0.0258790 secs] 1012625K->884322K(1230656K), 0.0260370 secs] [Times: user=0.05 sys=0.00, real=0.02 secs] 
2014-03-12T04:48:37.812+0000: 686383.797: [GC2014-03-12T04:48:37.812+0000: 686383.797: [ParNew
Desired survivor size 8716288 bytes, new threshold 4 (max 6)
- age   1:    2644520 bytes,    2644520 total
- age   2:    2476664 bytes,    5121184 total
- age   3:    2388304 bytes,    7509488 total
- age   4:    2386576 bytes,    9896064 total
: 153344K->11547K(153344K), 0.0257840 secs] 1020642K->881294K(1230656K), 0.0259320 secs] [Times: user=0.05 sys=0.00, real=0.03 secs] 
2014-03-12T04:52:57.307+0000: 686643.292: [GC2014-03-12T04:52:57.307+0000: 686643.292: [ParNew
Desired survivor size 8716288 bytes, new threshold 4 (max 6)
- age   1:    2663680 bytes,    2663680 total
- age   2:    2400808 bytes,    5064488 total
- age   3:    2388016 bytes,    7452504 total
- age   4:    2387296 bytes,    9839800 total
: 147867K->17024K(153344K), 0.0257220 secs] 1017614K->889375K(1230656K), 0.0258680 secs] [Times: user=0.05 sys=0.00, real=0.02 secs] 
2014-03-12T04:57:15.916+0000: 686901.901: [GC2014-03-12T04:57:15.916+0000: 686901.901: [ParNew
Desired survivor size 8716288 bytes, new threshold 4 (max 6)
- age   1:    2647352 bytes,    2647352 total
- age   2:    2509272 bytes,    5156624 total
- age   3:    2400336 bytes,    7556960 total
- age   4:    2387776 bytes,    9944736 total
: 153344K->11592K(153344K), 0.0254030 secs] 1025695K->886398K(1230656K), 0.0255570 secs] [Times: user=0.05 sys=0.00, real=0.02 secs] 
2014-03-12T05:01:35.991+0000: 687161.975: [GC2014-03-12T05:01:35.991+0000: 687161.975: [ParNew
Desired survivor size 8716288 bytes, new threshold 4 (max 6)
- age   1:    2539296 bytes,    2539296 total
- age   2:    2395120 bytes,    4934416 total
- age   3:    2462824 bytes,    7397240 total
- age   4:    2399984 bytes,    9797224 total
: 147912K->17024K(153344K), 0.0254170 secs] 1022718K->894354K(1230656K), 0.0255770 secs] [Times: user=0.05 sys=0.00, real=0.03 secs] 
2014-03-12T05:05:55.661+0000: 687421.646: [GC2014-03-12T05:05:55.662+0000: 687421.646: [ParNew
Desired survivor size 8716288 bytes, new threshold 4 (max 6)
- age   1:    2720344 bytes,    2720344 total
- age   2:    2388248 bytes,    5108592 total
- age   3:    2386232 bytes,    7494824 total
- age   4:    2461432 bytes,    9956256 total
: 153344K->11661K(153344K), 0.0255640 secs] 1030674K->891459K(1230656K), 0.0257120 secs] [Times: user=0.06 sys=0.00, real=0.03 secs] 
2014-03-12T05:10:15.328+0000: 687681.313: [GC2014-03-12T05:10:15.328+0000: 687681.313: [ParNew
Desired survivor size 8716288 bytes, new threshold 4 (max 6)
- age   1:    2604616 bytes,    2604616 total
- age   2:    2467048 bytes,    5071664 total
- age   3:    2387232 bytes,    7458896 total
- age   4:    2385912 bytes,    9844808 total
: 147981K->17024K(153344K), 0.0254720 secs] 1027779K->899340K(1230656K), 0.0256170 secs] [Times: user=0.05 sys=0.00, real=0.02 secs] 
2014-03-12T05:14:35.208+0000: 687941.193: [GC2014-03-12T05:14:35.208+0000: 687941.193: [ParNew
Desired survivor size 8716288 bytes, new threshold 4 (max 6)
- age   1:    2748056 bytes,    2748056 total
- age   2:    2394712 bytes,    5142768 total
- age   3:    2465800 bytes,    7608568 total
- age   4:    2386688 bytes,    9995256 total
: 153344K->11668K(153344K), 0.0253110 secs] 1035660K->896438K(1230656K), 0.0254670 secs] [Times: user=0.06 sys=0.00, real=0.02 secs] 
2014-03-12T05:18:55.653+0000: 688201.637: [GC2014-03-12T05:18:55.653+0000: 688201.638: [ParNew
Desired survivor size 8716288 bytes, new threshold 4 (max 6)
- age   1:    2527048 bytes,    2527048 total
- age   2:    2508064 bytes,    5035112 total
- age   3:    2393392 bytes,    7428504 total
- age   4:    2386440 bytes,    9814944 total
: 147988K->17024K(153344K), 0.0256010 secs] 1032758K->904319K(1230656K), 0.0257500 secs] [Times: user=0.06 sys=0.00, real=0.03 secs] 
2014-03-12T05:23:15.821+0000: 688461.806: [GC2014-03-12T05:23:15.821+0000: 688461.806: [ParNew
Desired survivor size 8716288 bytes, new threshold 4 (max 6)
- age   1:    2632240 bytes,    2632240 total
- age   2:    2402688 bytes,    5034928 total
- age   3:    2462032 bytes,    7496960 total
- age   4:    2392736 bytes,    9889696 total
: 153344K->11582K(153344K), 0.0253200 secs] 1040639K->901332K(1230656K), 0.0254710 secs] [Times: user=0.06 sys=0.00, real=0.03 secs] 
2014-03-12T05:27:34.909+0000: 688720.894: [GC2014-03-12T05:27:34.909+0000: 688720.894: [ParNew
Desired survivor size 8716288 bytes, new threshold 4 (max 6)
- age   1:    2689736 bytes,    2689736 total
- age   2:    2382760 bytes,    5072496 total
- age   3:    2393688 bytes,    7466184 total
- age   4:    2460136 bytes,    9926320 total
: 147902K->13093K(153344K), 0.0259310 secs] 1037652K->905303K(1230656K), 0.0260790 secs] [Times: user=0.06 sys=0.00, real=0.03 secs] 
2014-03-12T05:31:53.909+0000: 688979.894: [GC2014-03-12T05:31:53.909+0000: 688979.894: [ParNew
Desired survivor size 8716288 bytes, new threshold 4 (max 6)
- age   1:    2537208 bytes,    2537208 total
- age   2:    2468096 bytes,    5005304 total
- age   3:    2382120 bytes,    7387424 total
- age   4:    2393464 bytes,    9780888 total
: 149413K->17024K(153344K), 0.0263250 secs] 1041623K->911753K(1230656K), 0.0264700 secs] [Times: user=0.05 sys=0.00, real=0.03 secs] 
2014-03-12T05:36:11.062+0000: 689237.046: [GC2014-03-12T05:36:11.062+0000: 689237.046: [ParNew
Desired survivor size 8716288 bytes, new threshold 4 (max 6)
- age   1:    2651064 bytes,    2651064 total
- age   2:    2433752 bytes,    5084816 total
- age   3:    2466760 bytes,    7551576 total
- age   4:    2381992 bytes,    9933568 total
: 153344K->11969K(153344K), 0.0259770 secs] 1048073K->909159K(1230656K), 0.0261410 secs] [Times: user=0.05 sys=0.00, real=0.03 secs] 
2014-03-12T05:40:31.219+0000: 689497.204: [GC2014-03-12T05:40:31.219+0000: 689497.204: [ParNew
Desired survivor size 8716288 bytes, new threshold 4 (max 6)
- age   1:    2475984 bytes,    2475984 total
- age   2:    2437392 bytes,    4913376 total
- age   3:    2433296 bytes,    7346672 total
- age   4:    2386888 bytes,    9733560 total
: 148289K->17024K(153344K), 0.0251320 secs] 1045479K->916732K(1230656K), 0.0252830 secs] [Times: user=0.06 sys=0.00, real=0.03 secs] 
2014-03-12T05:44:50.941+0000: 689756.926: [GC2014-03-12T05:44:50.941+0000: 689756.926: [ParNew
Desired survivor size 8716288 bytes, new threshold 4 (max 6)
- age   1:    2652272 bytes,    2652272 total
- age   2:    2381384 bytes,    5033656 total
- age   3:    2436256 bytes,    7469912 total
- age   4:    2387248 bytes,    9857160 total
: 153344K->11559K(153344K), 0.0251490 secs] 1053052K->913722K(1230656K), 0.0253020 secs] [Times: user=0.06 sys=0.00, real=0.03 secs] 
2014-03-12T05:49:10.916+0000: 690016.901: [GC2014-03-12T05:49:10.916+0000: 690016.901: [ParNew
Desired survivor size 8716288 bytes, new threshold 4 (max 6)
- age   1:    2564552 bytes,    2564552 total
- age   2:    2482848 bytes,    5047400 total
- age   3:    2380608 bytes,    7428008 total
- age   4:    2348312 bytes,    9776320 total
: 147879K->17024K(153344K), 0.0258340 secs] 1050042K->921749K(1230656K), 0.0260030 secs] [Times: user=0.05 sys=0.00, real=0.03 secs] 
2014-03-12T05:53:30.037+0000: 690276.022: [GC2014-03-12T05:53:30.037+0000: 690276.022: [ParNew
Desired survivor size 8716288 bytes, new threshold 4 (max 6)
- age   1:    2637480 bytes,    2637480 total
- age   2:    2433240 bytes,    5070720 total
- age   3:    2428696 bytes,    7499416 total
- age   4:    2380336 bytes,    9879752 total
: 153344K->11513K(153344K), 0.0253900 secs] 1058069K->918653K(1230656K), 0.0255360 secs] [Times: user=0.05 sys=0.00, real=0.03 secs] 
2014-03-12T05:57:50.406+0000: 690536.391: [GC2014-03-12T05:57:50.406+0000: 690536.391: [ParNew
Desired survivor size 8716288 bytes, new threshold 4 (max 6)
- age   1:    2720648 bytes,    2720648 total
- age   2:    2383336 bytes,    5103984 total
- age   3:    2432248 bytes,    7536232 total
- age   4:    2427456 bytes,    9963688 total
: 147833K->13070K(153344K), 0.0257790 secs] 1054973K->922658K(1230656K), 0.0259310 secs] [Times: user=0.06 sys=0.00, real=0.02 secs] 
2014-03-12T06:02:10.647+0000: 690796.631: [GC2014-03-12T06:02:10.647+0000: 690796.631: [ParNew
Desired survivor size 8716288 bytes, new threshold 4 (max 6)
- age   1:    2631160 bytes,    2631160 total
- age   2:    2513248 bytes,    5144408 total
- age   3:    2382600 bytes,    7527008 total
- age   4:    2392272 bytes,    9919280 total
: 149390K->14080K(153344K), 0.0258860 secs] 1058978K->926122K(1230656K), 0.0260370 secs] [Times: user=0.06 sys=0.00, real=0.02 secs] 
2014-03-12T06:06:30.189+0000: 691056.173: [GC2014-03-12T06:06:30.189+0000: 691056.174: [ParNew
Desired survivor size 8716288 bytes, new threshold 4 (max 6)
- age   1:    2745352 bytes,    2745352 total
- age   2:    2393736 bytes,    5139088 total
- age   3:    2466600 bytes,    7605688 total
- age   4:    2382136 bytes,    9987824 total
: 150400K->14468K(153344K), 0.0264650 secs] 1062442K->928969K(1230656K), 0.0266230 secs] [Times: user=0.06 sys=0.00, real=0.03 secs] 
2014-03-12T06:10:50.208+0000: 691316.193: [GC2014-03-12T06:10:50.208+0000: 691316.193: [ParNew
Desired survivor size 8716288 bytes, new threshold 4 (max 6)
- age   1:    2610336 bytes,    2610336 total
- age   2:    2497272 bytes,    5107608 total
- age   3:    2392872 bytes,    7500480 total
- age   4:    2386648 bytes,    9887128 total
: 150788K->14459K(153344K), 0.0252060 secs] 1065289K->931410K(1230656K), 0.0253470 secs] [Times: user=0.05 sys=0.00, real=0.02 secs] 
2014-03-12T06:15:10.909+0000: 691576.894: [GC2014-03-12T06:15:10.910+0000: 691576.894: [ParNew
Desired survivor size 8716288 bytes, new threshold 4 (max 6)
- age   1:    2621832 bytes,    2621832 total
- age   2:    2399936 bytes,    5021768 total
- age   3:    2496312 bytes,    7518080 total
- age   4:    2392360 bytes,    9910440 total
: 150779K->14448K(153344K), 0.0263050 secs] 1067730K->933853K(1230656K), 0.0264920 secs] [Times: user=0.05 sys=0.00, real=0.03 secs] 
2014-03-12T06:19:30.306+0000: 691836.290: [GC2014-03-12T06:19:30.306+0000: 691836.290: [ParNew
Desired survivor size 8716288 bytes, new threshold 4 (max 6)
- age   1:    2678120 bytes,    2678120 total
- age   2:    2387496 bytes,    5065616 total
- age   3:    2399360 bytes,    7464976 total
- age   4:    2495168 bytes,    9960144 total
: 150768K->14552K(153344K), 0.0252220 secs] 1070173K->936417K(1230656K), 0.0253740 secs] [Times: user=0.06 sys=0.00, real=0.02 secs] 
2014-03-12T06:23:50.231+0000: 692096.216: [GC2014-03-12T06:23:50.231+0000: 692096.216: [ParNew
Desired survivor size 8716288 bytes, new threshold 4 (max 6)
- age   1:    2685864 bytes,    2685864 total
- age   2:    2467792 bytes,    5153656 total
- age   3:    2387160 bytes,    7540816 total
- age   4:    2387144 bytes,    9927960 total
: 150872K->14448K(153344K), 0.0256020 secs] 1072737K->938762K(1230656K), 0.0257500 secs] [Times: user=0.06 sys=0.00, real=0.03 secs] 
2014-03-12T06:28:10.339+0000: 692356.323: [GC2014-03-12T06:28:10.339+0000: 692356.324: [ParNew
Desired survivor size 8716288 bytes, new threshold 4 (max 6)
- age   1:    2702136 bytes,    2702136 total
- age   2:    2388984 bytes,    5091120 total
- age   3:    2466440 bytes,    7557560 total
- age   4:    2386696 bytes,    9944256 total
: 150768K->9762K(153344K), 0.0259630 secs] 1075082K->936531K(1230656K), 0.0261210 secs] [Times: user=0.05 sys=0.00, real=0.03 secs] 
2014-03-12T06:32:30.040+0000: 692616.024: [GC2014-03-12T06:32:30.040+0000: 692616.025: [ParNew
Desired survivor size 8716288 bytes, new threshold 4 (max 6)
- age   1:    2639712 bytes,    2639712 total
- age   2:    2469512 bytes,    5109224 total
- age   3:    2387864 bytes,    7497088 total
- age   4:    2386936 bytes,    9884024 total
: 146082K->14433K(153344K), 0.0253490 secs] 1072851K->943656K(1230656K), 0.0255080 secs] [Times: user=0.06 sys=0.00, real=0.03 secs] 
2014-03-12T06:36:50.180+0000: 692876.165: [GC2014-03-12T06:36:50.180+0000: 692876.165: [ParNew
Desired survivor size 8716288 bytes, new threshold 4 (max 6)
- age   1:    2644576 bytes,    2644576 total
- age   2:    2387664 bytes,    5032240 total
- age   3:    2468528 bytes,    7500768 total
- age   4:    2387320 bytes,    9888088 total
: 150753K->14443K(153344K), 0.0254860 secs] 1079976K->946120K(1230656K), 0.0256470 secs] [Times: user=0.06 sys=0.00, real=0.03 secs] 
2014-03-12T06:41:08.909+0000: 693134.894: [GC2014-03-12T06:41:08.909+0000: 693134.894: [ParNew
Desired survivor size 8716288 bytes, new threshold 4 (max 6)
- age   1:    2696984 bytes,    2696984 total
- age   2:    2388464 bytes,    5085448 total
- age   3:    2386736 bytes,    7472184 total
- age   4:    2467112 bytes,    9939296 total
: 150763K->14529K(153344K), 0.0257660 secs] 1082440K->948661K(1230656K), 0.0259370 secs] [Times: user=0.06 sys=0.00, real=0.03 secs] 
2014-03-12T06:45:24.508+0000: 693390.493: [GC2014-03-12T06:45:24.508+0000: 693390.493: [ParNew
Desired survivor size 8716288 bytes, new threshold 4 (max 6)
- age   1:    2638816 bytes,    2638816 total
- age   2:    2468008 bytes,    5106824 total
- age   3:    2387384 bytes,    7494208 total
- age   4:    2385720 bytes,    9879928 total
: 150849K->14424K(153344K), 0.0253410 secs] 1084981K->951012K(1230656K), 0.0254920 secs] [Times: user=0.05 sys=0.00, real=0.02 secs] 
2014-03-12T06:49:35.377+0000: 693641.362: [GC2014-03-12T06:49:35.377+0000: 693641.362: [ParNew
Desired survivor size 8716288 bytes, new threshold 4 (max 6)
- age   1:    2665496 bytes,    2665496 total
- age   2:    2393328 bytes,    5058824 total
- age   3:    2466296 bytes,    7525120 total
- age   4:    2386744 bytes,    9911864 total
: 150744K->9745K(153344K), 0.0254280 secs] 1087332K->948786K(1230656K), 0.0255760 secs] [Times: user=0.05 sys=0.00, real=0.03 secs] 
2014-03-12T06:53:50.642+0000: 693896.627: [GC2014-03-12T06:53:50.642+0000: 693896.627: [ParNew
Desired survivor size 8716288 bytes, new threshold 4 (max 6)
- age   1:    2650880 bytes,    2650880 total
- age   2:    2398952 bytes,    5049832 total
- age   3:    2346728 bytes,    7396560 total
- age   4:    2386648 bytes,    9783208 total
: 146065K->14355K(153344K), 0.0250410 secs] 1085106K->955850K(1230656K), 0.0252060 secs] [Times: user=0.05 sys=0.00, real=0.02 secs] 
2014-03-12T06:58:06.025+0000: 694152.010: [GC2014-03-12T06:58:06.025+0000: 694152.010: [ParNew
Desired survivor size 8716288 bytes, new threshold 4 (max 6)
- age   1:    2637992 bytes,    2637992 total
- age   2:    2349672 bytes,    4987664 total
- age   3:    2388504 bytes,    7376168 total
- age   4:    2345864 bytes,    9722032 total
: 150675K->14305K(153344K), 0.0257260 secs] 1092170K->958254K(1230656K), 0.0258860 secs] [Times: user=0.05 sys=0.00, real=0.02 secs] 
2014-03-12T07:02:15.862+0000: 694401.846: [GC2014-03-12T07:02:15.862+0000: 694401.847: [ParNew
Desired survivor size 8716288 bytes, new threshold 4 (max 6)
- age   1:    2709920 bytes,    2709920 total
- age   2:    2382912 bytes,    5092832 total
- age   3:    2348536 bytes,    7441368 total
- age   4:    2385520 bytes,    9826888 total
: 150625K->14301K(153344K), 0.0258350 secs] 1094574K->960662K(1230656K), 0.0260020 secs] [Times: user=0.05 sys=0.00, real=0.03 secs] 
2014-03-12T07:06:28.697+0000: 694654.682: [GC2014-03-12T07:06:28.697+0000: 694654.682: [ParNew
Desired survivor size 8716288 bytes, new threshold 4 (max 6)
- age   1:    2662192 bytes,    2662192 total
- age   2:    2387560 bytes,    5049752 total
- age   3:    2337072 bytes,    7386824 total
- age   4:    2348328 bytes,    9735152 total
: 150621K->14259K(153344K), 0.0257140 secs] 1096982K->963029K(1230656K), 0.0258650 secs] [Times: user=0.06 sys=0.00, real=0.03 secs] 
2014-03-12T07:10:39.547+0000: 694905.532: [GC2014-03-12T07:10:39.547+0000: 694905.532: [ParNew
Desired survivor size 8716288 bytes, new threshold 4 (max 6)
- age   1:    2673408 bytes,    2673408 total
- age   2:    2333664 bytes,    5007072 total
- age   3:    2386200 bytes,    7393272 total
- age   4:    2336224 bytes,    9729496 total
: 150579K->14255K(153344K), 0.0255520 secs] 1099349K->965440K(1230656K), 0.0257050 secs] [Times: user=0.04 sys=0.00, real=0.02 secs] 
2014-03-12T07:14:41.979+0000: 695147.963: [GC2014-03-12T07:14:41.979+0000: 695147.963: [ParNew
Desired survivor size 8716288 bytes, new threshold 4 (max 6)
- age   1:    2559672 bytes,    2559672 total
- age   2:    2367264 bytes,    4926936 total
- age   3:    2321424 bytes,    7248360 total
- age   4:    2345368 bytes,    9593728 total
: 150575K->14200K(153344K), 0.0252630 secs] 1101760K->967787K(1230656K), 0.0254040 secs] [Times: user=0.05 sys=0.00, real=0.03 secs] 
2014-03-12T07:18:57.881+0000: 695403.866: [GC2014-03-12T07:18:57.881+0000: 695403.866: [ParNew
Desired survivor size 8716288 bytes, new threshold 4 (max 6)
- age   1:    2635552 bytes,    2635552 total
- age   2:    2212760 bytes,    4848312 total
- age   3:    2366336 bytes,    7214648 total
- age   4:    2320992 bytes,    9535640 total
: 150520K->13985K(153344K), 0.0253280 secs] 1104107K->969981K(1230656K), 0.0254780 secs] [Times: user=0.05 sys=0.00, real=0.03 secs] 
2014-03-12T07:23:04.121+0000: 695650.106: [GC2014-03-12T07:23:04.121+0000: 695650.106: [ParNew
Desired survivor size 8716288 bytes, new threshold 4 (max 6)
- age   1:    2704712 bytes,    2704712 total
- age   2:    2354160 bytes,    5058872 total
- age   3:    2207048 bytes,    7265920 total
- age   4:    2365768 bytes,    9631688 total
: 150305K->13991K(153344K), 0.0260480 secs] 1106301K->972374K(1230656K), 0.0262140 secs] [Times: user=0.05 sys=0.00, real=0.03 secs] 
2014-03-12T07:27:20.637+0000: 695906.622: [GC2014-03-12T07:27:20.637+0000: 695906.622: [ParNew
Desired survivor size 8716288 bytes, new threshold 4 (max 6)
- age   1:    2592928 bytes,    2592928 total
- age   2:    2310792 bytes,    4903720 total
- age   3:    2353200 bytes,    7256920 total
- age   4:    2206600 bytes,    9463520 total
: 150311K->13974K(153344K), 0.0259970 secs] 1108694K->974787K(1230656K), 0.0261470 secs] [Times: user=0.06 sys=0.00, real=0.03 secs] 
2014-03-12T07:31:27.588+0000: 696153.572: [GC2014-03-12T07:31:27.588+0000: 696153.572: [ParNew
Desired survivor size 8716288 bytes, new threshold 4 (max 6)
- age   1:    2658696 bytes,    2658696 total
- age   2:    2374672 bytes,    5033368 total
- age   3:    2262736 bytes,    7296104 total
- age   4:    2352800 bytes,    9648904 total
: 150294K->13894K(153344K), 0.0256220 secs] 1111107K->976976K(1230656K), 0.0257920 secs] [Times: user=0.06 sys=0.00, real=0.02 secs] 
2014-03-12T07:34:43.954+0000: 696349.939: [GC2014-03-12T07:34:43.954+0000: 696349.939: [ParNew
Desired survivor size 8716288 bytes, new threshold 4 (max 6)
- age   1:    2617784 bytes,    2617784 total
- age   2:    2390512 bytes,    5008296 total
- age   3:    2374200 bytes,    7382496 total
- age   4:    2261464 bytes,    9643960 total
: 150214K->9460K(153344K), 0.0259680 secs] 1113296K->974960K(1230656K), 0.0261370 secs] [Times: user=0.05 sys=0.00, real=0.02 secs] 
2014-03-12T07:38:43.877+0000: 696589.862: [GC2014-03-12T07:38:43.877+0000: 696589.862: [ParNew
Desired survivor size 8716288 bytes, new threshold 4 (max 6)
- age   1:    2445696 bytes,    2445696 total
- age   2:    2253328 bytes,    4699024 total
- age   3:    2379832 bytes,    7078856 total
- age   4:    2373720 bytes,    9452576 total
: 145780K->13959K(153344K), 0.0252850 secs] 1111280K->981784K(1230656K), 0.0254410 secs] [Times: user=0.05 sys=0.00, real=0.03 secs] 
2014-03-12T07:42:33.784+0000: 696819.769: [GC2014-03-12T07:42:33.784+0000: 696819.769: [ParNew
Desired survivor size 8716288 bytes, new threshold 4 (max 6)
- age   1:    2442328 bytes,    2442328 total
- age   2:    2167776 bytes,    4610104 total
- age   3:    2200856 bytes,    6810960 total
- age   4:    2379288 bytes,    9190248 total
: 150279K->9305K(153344K), 0.0261410 secs] 1118104K->979571K(1230656K), 0.0262750 secs] [Times: user=0.04 sys=0.00, real=0.02 secs] 
2014-03-12T07:46:36.219+0000: 697062.203: [GC2014-03-12T07:46:36.219+0000: 697062.203: [ParNew
Desired survivor size 8716288 bytes, new threshold 4 (max 6)
- age   1:    2532096 bytes,    2532096 total
- age   2:    2156656 bytes,    4688752 total
- age   3:    2166944 bytes,    6855696 total
- age   4:    2199936 bytes,    9055632 total
: 145625K->13523K(153344K), 0.0250600 secs] 1115891K->986185K(1230656K), 0.0252100 secs] [Times: user=0.05 sys=0.00, real=0.03 secs] 
2014-03-12T07:50:46.382+0000: 697312.366: [GC2014-03-12T07:50:46.382+0000: 697312.366: [ParNew
Desired survivor size 8716288 bytes, new threshold 4 (max 6)
- age   1:    2559064 bytes,    2559064 total
- age   2:    2274944 bytes,    4834008 total
- age   3:    2156032 bytes,    6990040 total
- age   4:    2166712 bytes,    9156752 total
: 149843K->13218K(153344K), 0.0245340 secs] 1122505K->988089K(1230656K), 0.0246910 secs] [Times: user=0.05 sys=0.00, real=0.03 secs] 
2014-03-12T07:55:02.254+0000: 697568.238: [GC2014-03-12T07:55:02.254+0000: 697568.238: [ParNew
Desired survivor size 8716288 bytes, new threshold 4 (max 6)
- age   1:    2629976 bytes,    2629976 total
- age   2:    2315760 bytes,    4945736 total
- age   3:    2228864 bytes,    7174600 total
- age   4:    2155872 bytes,    9330472 total
: 149538K->13312K(153344K), 0.0255010 secs] 1124409K->990410K(1230656K), 0.0256590 secs] [Times: user=0.06 sys=0.00, real=0.03 secs] 
2014-03-12T07:59:15.122+0000: 697821.107: [GC2014-03-12T07:59:15.122+0000: 697821.107: [ParNew
Desired survivor size 8716288 bytes, new threshold 4 (max 6)
- age   1:    2677576 bytes,    2677576 total
- age   2:    2366744 bytes,    5044320 total
- age   3:    2299768 bytes,    7344088 total
- age   4:    2227992 bytes,    9572080 total
: 149632K->13564K(153344K), 0.0257790 secs] 1126730K->992878K(1230656K), 0.0259220 secs] [Times: user=0.05 sys=0.00, real=0.02 secs] 
2014-03-12T08:02:27.805+0000: 698013.789: [GC2014-03-12T08:02:27.805+0000: 698013.790: [ParNew
Desired survivor size 8716288 bytes, new threshold 4 (max 6)
- age   1:    2559200 bytes,    2559200 total
- age   2:    2428632 bytes,    4987832 total
- age   3:    2365832 bytes,    7353664 total
- age   4:    2298936 bytes,    9652600 total
: 149884K->14097K(153344K), 0.0260160 secs] 1129198K->995698K(1230656K), 0.0261900 secs] [Times: user=0.05 sys=0.00, real=0.02 secs] 
2014-03-12T08:06:31.629+0000: 698257.614: [GC2014-03-12T08:06:31.630+0000: 698257.614: [ParNew
Desired survivor size 8716288 bytes, new threshold 4 (max 6)
- age   1:    2575000 bytes,    2575000 total
- age   2:    1941792 bytes,    4516792 total
- age   3:    2372312 bytes,    6889104 total
- age   4:    2365544 bytes,    9254648 total
: 150417K->9242K(153344K), 0.0267370 secs] 1132018K->993207K(1230656K), 0.0268930 secs] [Times: user=0.05 sys=0.00, real=0.03 secs] 
2014-03-12T08:10:44.476+0000: 698510.461: [GC2014-03-12T08:10:44.476+0000: 698510.461: [ParNew
Desired survivor size 8716288 bytes, new threshold 4 (max 6)
- age   1:    2635128 bytes,    2635128 total
- age   2:    2244120 bytes,    4879248 total
- age   3:    1941296 bytes,    6820544 total
- age   4:    2371512 bytes,    9192056 total
: 145562K->13544K(153344K), 0.0259090 secs] 1129527K->999940K(1230656K), 0.0260630 secs] [Times: user=0.04 sys=0.00, real=0.03 secs] 
2014-03-12T08:14:34.494+0000: 698740.478: [GC2014-03-12T08:14:34.494+0000: 698740.479: [ParNew
Desired survivor size 8716288 bytes, new threshold 4 (max 6)
- age   1:    2929680 bytes,    2929680 total
- age   2:    2324712 bytes,    5254392 total
- age   3:    2239336 bytes,    7493728 total
- age   4:    1935552 bytes,    9429280 total
: 149864K->13578K(153344K), 0.0255040 secs] 1136260K->1002411K(1230656K), 0.0256530 secs] [Times: user=0.06 sys=0.00, real=0.03 secs] 
2014-03-12T08:18:45.742+0000: 698991.727: [GC2014-03-12T08:18:45.742+0000: 698991.727: [ParNew
Desired survivor size 8716288 bytes, new threshold 4 (max 6)
- age   1:    2479888 bytes,    2479888 total
- age   2:    2562256 bytes,    5042144 total
- age   3:    2324024 bytes,    7366168 total
- age   4:    2238744 bytes,    9604912 total
: 149898K->17024K(153344K), 0.0243890 secs] 1138731K->1007857K(1230656K), 0.0245480 secs] [Times: user=0.05 sys=0.00, real=0.02 secs] 
2014-03-12T08:22:43.849+0000: 699229.833: [GC2014-03-12T08:22:43.849+0000: 699229.834: [ParNew
Desired survivor size 8716288 bytes, new threshold 4 (max 6)
- age   1:    2636016 bytes,    2636016 total
- age   2:    2299064 bytes,    4935080 total
- age   3:    2536640 bytes,    7471720 total
- age   4:    2323336 bytes,    9795056 total
: 153344K->12050K(153344K), 0.0253940 secs] 1144177K->1005184K(1230656K), 0.0255510 secs] [Times: user=0.05 sys=0.00, real=0.03 secs] 
2014-03-12T08:22:43.876+0000: 699229.860: [GC [1 CMS-initial-mark: 993134K(1077312K)] 1006018K(1230656K), 0.0069790 secs] [Times: user=0.01 sys=0.00, real=0.01 secs] 
2014-03-12T08:22:43.883+0000: 699229.868: [CMS-concurrent-mark-start]
2014-03-12T08:22:44.074+0000: 699230.059: [CMS-concurrent-mark: 0.192/0.192 secs] [Times: user=0.22 sys=0.00, real=0.19 secs] 
2014-03-12T08:22:44.074+0000: 699230.059: [CMS-concurrent-preclean-start]
2014-03-12T08:22:44.077+0000: 699230.062: [CMS-concurrent-preclean: 0.002/0.002 secs] [Times: user=0.00 sys=0.00, real=0.00 secs] 
2014-03-12T08:22:44.077+0000: 699230.062: [GC[YG occupancy: 13134 K (153344 K)]2014-03-12T08:22:44.077+0000: 699230.062: [Rescan (parallel) , 0.0076620 secs]2014-03-12T08:22:44.085+0000: 699230.070: [weak refs processing, 0.0041460 secs]2014-03-12T08:22:44.089+0000: 699230.074: [class unloading, 0.0107920 secs]2014-03-12T08:22:44.100+0000: 699230.085: [scrub symbol table, 0.0089170 secs]2014-03-12T08:22:44.109+0000: 699230.094: [scrub string table, 0.0009590 secs] [1 CMS-remark: 993134K(1077312K)] 1006268K(1230656K), 0.0352260 secs] [Times: user=0.05 sys=0.00, real=0.03 secs] 
2014-03-12T08:22:44.113+0000: 699230.097: [CMS-concurrent-sweep-start]
2014-03-12T08:22:44.776+0000: 699230.761: [CMS-concurrent-sweep: 0.663/0.663 secs] [Times: user=0.74 sys=0.00, real=0.67 secs] 
2014-03-12T08:22:44.776+0000: 699230.761: [CMS-concurrent-reset-start]
2014-03-12T08:22:44.782+0000: 699230.767: [CMS-concurrent-reset: 0.006/0.006 secs] [Times: user=0.00 sys=0.00, real=0.01 secs] 
2014-03-12T08:26:32.629+0000: 699458.613: [GC2014-03-12T08:26:32.629+0000: 699458.613: [ParNew
Desired survivor size 8716288 bytes, new threshold 4 (max 6)
- age   1:    2702168 bytes,    2702168 total
- age   2:    2239544 bytes,    4941712 total
- age   3:    2297920 bytes,    7239632 total
- age   4:    2137928 bytes,    9377560 total
: 148370K->16622K(153344K), 0.0253150 secs] 266348K->136988K(1230656K), 0.0254970 secs] [Times: user=0.05 sys=0.00, real=0.03 secs] 
2014-03-12T08:30:15.375+0000: 699681.360: [GC2014-03-12T08:30:15.375+0000: 699681.360: [ParNew
Desired survivor size 8716288 bytes, new threshold 4 (max 6)
- age   1:    2563112 bytes,    2563112 total
- age   2:    2179680 bytes,    4742792 total
- age   3:    2237288 bytes,    6980080 total
- age   4:    2297472 bytes,    9277552 total
: 152942K->10999K(153344K), 0.0239490 secs] 273308K->133560K(1230656K), 0.0241160 secs] [Times: user=0.05 sys=0.00, real=0.02 secs] 
2014-03-12T08:34:07.831+0000: 699913.816: [GC2014-03-12T08:34:07.831+0000: 699913.816: [ParNew
Desired survivor size 8716288 bytes, new threshold 4 (max 6)
- age   1:    2483312 bytes,    2483312 total
- age   2:    2218416 bytes,    4701728 total
- age   3:    2178232 bytes,    6879960 total
- age   4:    2236136 bytes,    9116096 total
: 147319K->16199K(153344K), 0.0240650 secs] 269880K->141122K(1230656K), 0.0242300 secs] [Times: user=0.05 sys=0.00, real=0.03 secs] 
2014-03-12T08:38:16.987+0000: 700162.972: [GC2014-03-12T08:38:16.987+0000: 700162.972: [ParNew
Desired survivor size 8716288 bytes, new threshold 4 (max 6)
- age   1:    2574328 bytes,    2574328 total
- age   2:    2170992 bytes,    4745320 total
- age   3:    2172240 bytes,    6917560 total
- age   4:    2177712 bytes,    9095272 total
: 152519K->10673K(153344K), 0.0238310 secs] 277442K->137893K(1230656K), 0.0239880 secs] [Times: user=0.06 sys=0.00, real=0.02 secs] 
2014-03-12T08:42:20.062+0000: 700406.047: [GC2014-03-12T08:42:20.062+0000: 700406.047: [ParNew
Desired survivor size 8716288 bytes, new threshold 4 (max 6)
- age   1:    2616296 bytes,    2616296 total
- age   2:    2254992 bytes,    4871288 total
- age   3:    2163272 bytes,    7034560 total
- age   4:    2168848 bytes,    9203408 total
: 146993K->16054K(153344K), 0.0237480 secs] 274213K->145510K(1230656K), 0.0238980 secs] [Times: user=0.05 sys=0.00, real=0.02 secs] 
2014-03-12T08:46:09.534+0000: 700635.518: [GC2014-03-12T08:46:09.534+0000: 700635.518: [ParNew
Desired survivor size 8716288 bytes, new threshold 4 (max 6)
- age   1:    2822792 bytes,    2822792 total
- age   2:    2293664 bytes,    5116456 total
- age   3:    2253544 bytes,    7370000 total
- age   4:    2162064 bytes,    9532064 total
: 152374K->10659K(153344K), 0.0255800 secs] 281830K->142220K(1230656K), 0.0257540 secs] [Times: user=0.05 sys=0.00, real=0.03 secs] 
2014-03-12T08:50:08.528+0000: 700874.513: [GC2014-03-12T08:50:08.528+0000: 700874.513: [ParNew
Desired survivor size 8716288 bytes, new threshold 4 (max 6)
- age   1:    2566536 bytes,    2566536 total
- age   2:    2421664 bytes,    4988200 total
- age   3:    2292176 bytes,    7280376 total
- age   4:    2253048 bytes,    9533424 total
: 146979K->16493K(153344K), 0.0244440 secs] 278540K->150276K(1230656K), 0.0246090 secs] [Times: user=0.05 sys=0.00, real=0.02 secs] 
2014-03-12T08:53:59.116+0000: 701105.101: [GC2014-03-12T08:53:59.116+0000: 701105.101: [ParNew
Desired survivor size 8716288 bytes, new threshold 4 (max 6)
- age   1:    2543272 bytes,    2543272 total
- age   2:    2211904 bytes,    4755176 total
- age   3:    2399008 bytes,    7154184 total
- age   4:    2291200 bytes,    9445384 total
: 152813K->11130K(153344K), 0.0242790 secs] 286596K->147229K(1230656K), 0.0244360 secs] [Times: user=0.05 sys=0.00, real=0.02 secs] 
2014-03-12T08:57:39.795+0000: 701325.780: [GC2014-03-12T08:57:39.795+0000: 701325.780: [ParNew
Desired survivor size 8716288 bytes, new threshold 4 (max 6)
- age   1:    2775432 bytes,    2775432 total
- age   2:    2171552 bytes,    4946984 total
- age   3:    2201176 bytes,    7148160 total
- age   4:    2392768 bytes,    9540928 total
: 147450K->12550K(153344K), 0.0241190 secs] 283549K->151004K(1230656K), 0.0242860 secs] [Times: user=0.05 sys=0.00, real=0.02 secs] 
2014-03-12T09:01:33.625+0000: 701559.610: [GC2014-03-12T09:01:33.625+0000: 701559.610: [ParNew
Desired survivor size 8716288 bytes, new threshold 4 (max 6)
- age   1:    2596504 bytes,    2596504 total
- age   2:    2342248 bytes,    4938752 total
- age   3:    2124000 bytes,    7062752 total
- age   4:    2200304 bytes,    9263056 total
: 148870K->13376K(153344K), 0.0241300 secs] 287324K->154161K(1230656K), 0.0242980 secs] [Times: user=0.06 sys=0.00, real=0.02 secs] 
2014-03-12T09:05:19.387+0000: 701785.372: [GC2014-03-12T09:05:19.387+0000: 701785.372: [ParNew
Desired survivor size 8716288 bytes, new threshold 4 (max 6)
- age   1:    2660272 bytes,    2660272 total
- age   2:    2197704 bytes,    4857976 total
- age   3:    2246376 bytes,    7104352 total
- age   4:    2121832 bytes,    9226184 total
: 149696K->13478K(153344K), 0.0240550 secs] 290481K->156524K(1230656K), 0.0242200 secs] [Times: user=0.05 sys=0.00, real=0.02 secs] 
2014-03-12T09:08:44.107+0000: 701990.092: [GC2014-03-12T09:08:44.107+0000: 701990.092: [ParNew
Desired survivor size 8716288 bytes, new threshold 4 (max 6)
- age   1:    2609784 bytes,    2609784 total
- age   2:    2116048 bytes,    4725832 total
- age   3:    2196864 bytes,    6922696 total
- age   4:    2236000 bytes,    9158696 total
: 149798K->9321K(153344K), 0.0237670 secs] 292844K->154548K(1230656K), 0.0239390 secs] [Times: user=0.05 sys=0.00, real=0.02 secs] 
2014-03-12T09:12:35.332+0000: 702221.316: [GC2014-03-12T09:12:35.332+0000: 702221.316: [ParNew
Desired survivor size 8716288 bytes, new threshold 4 (max 6)
- age   1:    2870192 bytes,    2870192 total
- age   2:    2015464 bytes,    4885656 total
- age   3:    2114176 bytes,    6999832 total
- age   4:    2195976 bytes,    9195808 total
: 145641K->17024K(153344K), 0.0236500 secs] 290868K->164516K(1230656K), 0.0238160 secs] [Times: user=0.05 sys=0.00, real=0.03 secs] 
2014-03-12T09:15:56.316+0000: 702422.301: [GC2014-03-12T09:15:56.316+0000: 702422.301: [ParNew
Desired survivor size 8716288 bytes, new threshold 4 (max 6)
- age   1:    4570720 bytes,    4570720 total
- age   2:    2181816 bytes,    6752536 total
- age   3:    1900960 bytes,    8653496 total
- age   4:    2112680 bytes,   10766176 total
: 153344K->13982K(153344K), 0.0275640 secs] 300836K->163685K(1230656K), 0.0277220 secs] [Times: user=0.06 sys=0.00, real=0.03 secs] 
2014-03-12T09:17:06.219+0000: 702492.204: [GC2014-03-12T09:17:06.219+0000: 702492.204: [ParNew
Desired survivor size 8716288 bytes, new threshold 1 (max 6)
- age   1:   11061864 bytes,   11061864 total
- age   2:    2346968 bytes,   13408832 total
- age   3:    2130392 bytes,   15539224 total
- age   4:    1890824 bytes,   17430048 total
: 150302K->17024K(153344K), 0.0351090 secs] 300005K->173759K(1230656K), 0.0352950 secs] [Times: user=0.06 sys=0.00, real=0.04 secs] 
2014-03-12T09:20:56.376+0000: 702722.361: [GC2014-03-12T09:20:56.377+0000: 702722.361: [ParNew
Desired survivor size 8716288 bytes, new threshold 6 (max 6)
- age   1:    2845568 bytes,    2845568 total
: 153344K->15212K(153344K), 0.0351010 secs] 310079K->188987K(1230656K), 0.0352690 secs] [Times: user=0.07 sys=0.00, real=0.03 secs] 
2014-03-12T09:24:36.681+0000: 702942.666: [GC2014-03-12T09:24:36.681+0000: 702942.666: [ParNew
Desired survivor size 8716288 bytes, new threshold 6 (max 6)
- age   1:    2413952 bytes,    2413952 total
- age   2:    2153696 bytes,    4567648 total
: 151532K->6517K(153344K), 0.0132370 secs] 325307K->180291K(1230656K), 0.0133800 secs] [Times: user=0.03 sys=0.00, real=0.02 secs] 
2014-03-12T09:28:07.824+0000: 703153.809: [GC2014-03-12T09:28:07.824+0000: 703153.809: [ParNew
Desired survivor size 8716288 bytes, new threshold 6 (max 6)
- age   1:    2650064 bytes,    2650064 total
- age   2:    2036040 bytes,    4686104 total
- age   3:    2141784 bytes,    6827888 total
: 142837K->6714K(153344K), 0.0157240 secs] 316611K->180488K(1230656K), 0.0159000 secs] [Times: user=0.03 sys=0.00, real=0.01 secs] 
2014-03-12T09:31:49.425+0000: 703375.410: [GC2014-03-12T09:31:49.425+0000: 703375.410: [ParNew
Desired survivor size 8716288 bytes, new threshold 4 (max 6)
- age   1:    2537240 bytes,    2537240 total
- age   2:    2148384 bytes,    4685624 total
- age   3:    2025224 bytes,    6710848 total
- age   4:    2141448 bytes,    8852296 total
: 143034K->11929K(153344K), 0.0178700 secs] 316808K->185703K(1230656K), 0.0180260 secs] [Times: user=0.04 sys=0.00, real=0.02 secs] 
2014-03-12T09:35:47.974+0000: 703613.959: [GC2014-03-12T09:35:47.974+0000: 703613.959: [ParNew
Desired survivor size 8716288 bytes, new threshold 4 (max 6)
- age   1:    2574096 bytes,    2574096 total
- age   2:    2152904 bytes,    4727000 total
- age   3:    2022056 bytes,    6749056 total
- age   4:    2024104 bytes,    8773160 total
: 148249K->11872K(153344K), 0.0243370 secs] 322023K->187847K(1230656K), 0.0245030 secs] [Times: user=0.05 sys=0.00, real=0.02 secs] 
2014-03-12T09:39:25.883+0000: 703831.868: [GC2014-03-12T09:39:25.883+0000: 703831.868: [ParNew
Desired survivor size 8716288 bytes, new threshold 4 (max 6)
- age   1:    2510032 bytes,    2510032 total
- age   2:    2215112 bytes,    4725144 total
- age   3:    2139640 bytes,    6864784 total
- age   4:    2020232 bytes,    8885016 total
: 148192K->12627K(153344K), 0.0238970 secs] 324167K->190683K(1230656K), 0.0240640 secs] [Times: user=0.05 sys=0.00, real=0.02 secs] 
2014-03-12T09:43:15.671+0000: 704061.656: [GC2014-03-12T09:43:15.671+0000: 704061.656: [ParNew
Desired survivor size 8716288 bytes, new threshold 4 (max 6)
- age   1:    2542840 bytes,    2542840 total
- age   2:    2048776 bytes,    4591616 total
- age   3:    2203288 bytes,    6794904 total
- age   4:    2135720 bytes,    8930624 total
: 148947K->12913K(153344K), 0.0232850 secs] 327003K->193043K(1230656K), 0.0234500 secs] [Times: user=0.05 sys=0.00, real=0.03 secs] 
2014-03-12T09:47:10.589+0000: 704296.574: [GC2014-03-12T09:47:10.589+0000: 704296.574: [ParNew
Desired survivor size 8716288 bytes, new threshold 4 (max 6)
- age   1:    2505328 bytes,    2505328 total
- age   2:    2129264 bytes,    4634592 total
- age   3:    2047360 bytes,    6681952 total
- age   4:    2202832 bytes,    8884784 total
: 149233K->12778K(153344K), 0.0234720 secs] 329363K->194981K(1230656K), 0.0236530 secs] [Times: user=0.05 sys=0.00, real=0.02 secs] 
2014-03-12T09:50:46.556+0000: 704512.541: [GC2014-03-12T09:50:46.556+0000: 704512.541: [ParNew
Desired survivor size 8716288 bytes, new threshold 4 (max 6)
- age   1:    2682544 bytes,    2682544 total
- age   2:    2207696 bytes,    4890240 total
- age   3:    2116632 bytes,    7006872 total
- age   4:    1998200 bytes,    9005072 total
: 149098K->12944K(153344K), 0.0236120 secs] 331301K->197412K(1230656K), 0.0237970 secs] [Times: user=0.05 sys=0.00, real=0.02 secs] 
2014-03-12T09:54:33.097+0000: 704739.082: [GC2014-03-12T09:54:33.097+0000: 704739.082: [ParNew
Desired survivor size 8716288 bytes, new threshold 4 (max 6)
- age   1:    2623632 bytes,    2623632 total
- age   2:    2281152 bytes,    4904784 total
- age   3:    2206592 bytes,    7111376 total
- age   4:    2116384 bytes,    9227760 total
: 149264K->13054K(153344K), 0.0234690 secs] 333732K->199576K(1230656K), 0.0236150 secs] [Times: user=0.05 sys=0.00, real=0.02 secs] 
2014-03-12T09:58:19.490+0000: 704965.475: [GC2014-03-12T09:58:19.490+0000: 704965.475: [ParNew
Desired survivor size 8716288 bytes, new threshold 4 (max 6)
- age   1:    2594776 bytes,    2594776 total
- age   2:    2141888 bytes,    4736664 total
- age   3:    2264128 bytes,    7000792 total
- age   4:    2206240 bytes,    9207032 total
: 149374K->13329K(153344K), 0.0235600 secs] 335896K->202026K(1230656K), 0.0237080 secs] [Times: user=0.05 sys=0.00, real=0.02 secs] 
2014-03-12T10:01:55.075+0000: 705181.059: [GC2014-03-12T10:01:55.075+0000: 705181.059: [ParNew
Desired survivor size 8716288 bytes, new threshold 4 (max 6)
- age   1:    2485224 bytes,    2485224 total
- age   2:    2185288 bytes,    4670512 total
- age   3:    2087720 bytes,    6758232 total
- age   4:    2260224 bytes,    9018456 total
: 149649K->8964K(153344K), 0.0234080 secs] 338346K->199927K(1230656K), 0.0235950 secs] [Times: user=0.05 sys=0.00, real=0.02 secs] 
2014-03-12T10:05:10.588+0000: 705376.572: [GC2014-03-12T10:05:10.588+0000: 705376.573: [ParNew
Desired survivor size 8716288 bytes, new threshold 4 (max 6)
- age   1:    2766736 bytes,    2766736 total
- age   2:    2061168 bytes,    4827904 total
- age   3:    2125992 bytes,    6953896 total
- age   4:    2086696 bytes,    9040592 total
: 145284K->13241K(153344K), 0.0237820 secs] 336247K->206517K(1230656K), 0.0239540 secs] [Times: user=0.05 sys=0.00, real=0.02 secs] 
2014-03-12T10:08:00.036+0000: 705546.021: [GC2014-03-12T10:08:00.036+0000: 705546.021: [ParNew
Desired survivor size 8716288 bytes, new threshold 4 (max 6)
- age   1:    3880648 bytes,    3880648 total
- age   2:    1812664 bytes,    5693312 total
- age   3:    2008456 bytes,    7701768 total
- age   4:    2085384 bytes,    9787152 total
: 149561K->17024K(153344K), 0.0245000 secs] 342837K->212786K(1230656K), 0.0246600 secs] [Times: user=0.05 sys=0.00, real=0.02 secs] 
2014-03-12T10:11:00.123+0000: 705726.108: [GC2014-03-12T10:11:00.123+0000: 705726.108: [ParNew
Desired survivor size 8716288 bytes, new threshold 6 (max 6)
- age   1:    2541432 bytes,    2541432 total
- age   2:    1907280 bytes,    4448712 total
- age   3:    1801792 bytes,    6250504 total
- age   4:    2007696 bytes,    8258200 total
: 153341K->11735K(153344K), 0.0236880 secs] 349104K->209641K(1230656K), 0.0238450 secs] [Times: user=0.05 sys=0.00, real=0.02 secs] 
2014-03-12T10:13:55.678+0000: 705901.663: [GC2014-03-12T10:13:55.678+0000: 705901.663: [ParNew
Desired survivor size 8716288 bytes, new threshold 4 (max 6)
- age   1:    3909024 bytes,    3909024 total
- age   2:    2083200 bytes,    5992224 total
- age   3:    1694208 bytes,    7686432 total
- age   4:    1801320 bytes,    9487752 total
- age   5:    2006936 bytes,   11494688 total
: 148055K->14851K(153344K), 0.0209060 secs] 345961K->212757K(1230656K), 0.0210600 secs] [Times: user=0.04 sys=0.00, real=0.02 secs] 
2014-03-12T10:17:23.686+0000: 706109.671: [GC2014-03-12T10:17:23.686+0000: 706109.671: [ParNew
Desired survivor size 8716288 bytes, new threshold 6 (max 6)
- age   1:    2536928 bytes,    2536928 total
- age   2:    1834864 bytes,    4371792 total
- age   3:    1954280 bytes,    6326072 total
- age   4:    1693224 bytes,    8019296 total
: 151171K->10303K(153344K), 0.0269470 secs] 349077K->212122K(1230656K), 0.0271310 secs] [Times: user=0.06 sys=0.00, real=0.02 secs] 
2014-03-12T10:21:00.163+0000: 706326.147: [GC2014-03-12T10:21:00.163+0000: 706326.147: [ParNew
Desired survivor size 8716288 bytes, new threshold 5 (max 6)
- age   1:    2607448 bytes,    2607448 total
- age   2:    1996584 bytes,    4604032 total
- age   3:    1820672 bytes,    6424704 total
- age   4:    1953400 bytes,    8378104 total
- age   5:    1692976 bytes,   10071080 total
: 146623K->16559K(153344K), 0.0197240 secs] 348442K->218379K(1230656K), 0.0198910 secs] [Times: user=0.04 sys=0.00, real=0.02 secs] 
2014-03-12T10:24:28.337+0000: 706534.322: [GC2014-03-12T10:24:28.337+0000: 706534.322: [ParNew
Desired survivor size 8716288 bytes, new threshold 5 (max 6)
- age   1:    2453560 bytes,    2453560 total
- age   2:    2072928 bytes,    4526488 total
- age   3:    1901424 bytes,    6427912 total
- age   4:    1814200 bytes,    8242112 total
- age   5:    1952992 bytes,   10195104 total
: 152879K->11699K(153344K), 0.0264010 secs] 354699K->215255K(1230656K), 0.0265920 secs] [Times: user=0.05 sys=0.00, real=0.03 secs] 
2014-03-12T10:27:43.993+0000: 706729.978: [GC2014-03-12T10:27:43.993+0000: 706729.978: [ParNew
Desired survivor size 8716288 bytes, new threshold 5 (max 6)
- age   1:    2096552 bytes,    2096552 total
- age   2:    1943080 bytes,    4039632 total
- age   3:    2019864 bytes,    6059496 total
- age   4:    1900424 bytes,    7959920 total
- age   5:    1614888 bytes,    9574808 total
: 148019K->17024K(153344K), 0.0251540 secs] 351575K->222998K(1230656K), 0.0253230 secs] [Times: user=0.05 sys=0.00, real=0.03 secs] 
2014-03-12T10:31:17.477+0000: 706943.462: [GC2014-03-12T10:31:17.477+0000: 706943.462: [ParNew
Desired survivor size 8716288 bytes, new threshold 5 (max 6)
- age   1:    2795288 bytes,    2795288 total
- age   2:    1855120 bytes,    4650408 total
- age   3:    1924392 bytes,    6574800 total
- age   4:    2019312 bytes,    8594112 total
- age   5:    1900176 bytes,   10494288 total
: 153344K->11522K(153344K), 0.0242260 secs] 359318K->219154K(1230656K), 0.0243920 secs] [Times: user=0.06 sys=0.00, real=0.02 secs] 
2014-03-12T10:35:01.425+0000: 707167.410: [GC2014-03-12T10:35:01.425+0000: 707167.410: [ParNew
Desired survivor size 8716288 bytes, new threshold 5 (max 6)
- age   1:    2430416 bytes,    2430416 total
- age   2:    2331088 bytes,    4761504 total
- age   3:    1853232 bytes,    6614736 total
- age   4:    1922888 bytes,    8537624 total
- age   5:    2018832 bytes,   10556456 total
: 147842K->17024K(153344K), 0.0255260 secs] 355474K->226821K(1230656K), 0.0256880 secs] [Times: user=0.06 sys=0.00, real=0.02 secs] 
2014-03-12T10:38:33.979+0000: 707379.963: [GC2014-03-12T10:38:33.979+0000: 707379.964: [ParNew
Desired survivor size 8716288 bytes, new threshold 4 (max 6)
- age   1:    2487600 bytes,    2487600 total
- age   2:    2087472 bytes,    4575072 total
- age   3:    2302888 bytes,    6877960 total
- age   4:    1852480 bytes,    8730440 total
- age   5:    1922600 bytes,   10653040 total
: 153344K->15505K(153344K), 0.0252920 secs] 363141K->227378K(1230656K), 0.0254570 secs] [Times: user=0.06 sys=0.00, real=0.03 secs] 
2014-03-12T10:42:03.582+0000: 707589.567: [GC2014-03-12T10:42:03.583+0000: 707589.567: [ParNew
Desired survivor size 8716288 bytes, new threshold 6 (max 6)
- age   1:    2559280 bytes,    2559280 total
- age   2:    2014000 bytes,    4573280 total
- age   3:    2074504 bytes,    6647784 total
- age   4:    1980920 bytes,    8628704 total
: 151825K->10103K(153344K), 0.0275000 secs] 363698K->225809K(1230656K), 0.0276660 secs] [Times: user=0.06 sys=0.00, real=0.02 secs] 
2014-03-12T10:45:02.273+0000: 707768.258: [GC2014-03-12T10:45:02.273+0000: 707768.258: [ParNew
Desired survivor size 8716288 bytes, new threshold 5 (max 6)
- age   1:    2113256 bytes,    2113256 total
- age   2:    2101808 bytes,    4215064 total
- age   3:    2012704 bytes,    6227768 total
- age   4:    2074312 bytes,    8302080 total
- age   5:    1980776 bytes,   10282856 total
: 146423K->17024K(153344K), 0.0209050 secs] 362129K->233029K(1230656K), 0.0210860 secs] [Times: user=0.04 sys=0.00, real=0.02 secs] 
2014-03-12T10:47:56.540+0000: 707942.525: [GC2014-03-12T10:47:56.540+0000: 707942.525: [ParNew
Desired survivor size 8716288 bytes, new threshold 4 (max 6)
- age   1:    3756680 bytes,    3756680 total
- age   2:    1879408 bytes,    5636088 total
- age   3:    1990104 bytes,    7626192 total
- age   4:    2011288 bytes,    9637480 total
- age   5:    2073776 bytes,   11711256 total
: 153344K->15066K(153344K), 0.0261960 secs] 369349K->233105K(1230656K), 0.0263610 secs] [Times: user=0.06 sys=0.00, real=0.03 secs] 
2014-03-12T10:51:03.672+0000: 708129.657: [GC2014-03-12T10:51:03.672+0000: 708129.657: [ParNew
Desired survivor size 8716288 bytes, new threshold 6 (max 6)
- age   1:    2505472 bytes,    2505472 total
- age   2:    1723224 bytes,    4228696 total
- age   3:    1842912 bytes,    6071608 total
- age   4:    1989224 bytes,    8060832 total
: 151386K->10112K(153344K), 0.0279750 secs] 369425K->232350K(1230656K), 0.0281550 secs] [Times: user=0.06 sys=0.00, real=0.03 secs] 
2014-03-12T10:54:40.034+0000: 708346.019: [GC2014-03-12T10:54:40.035+0000: 708346.019: [ParNew
Desired survivor size 8716288 bytes, new threshold 5 (max 6)
- age   1:    2471808 bytes,    2471808 total
- age   2:    2022896 bytes,    4494704 total
- age   3:    1665880 bytes,    6160584 total
- age   4:    1842552 bytes,    8003136 total
- age   5:    1988832 bytes,    9991968 total
: 146432K->16564K(153344K), 0.0194140 secs] 368670K->238801K(1230656K), 0.0195850 secs] [Times: user=0.03 sys=0.01, real=0.02 secs] 
2014-03-12T10:58:19.560+0000: 708565.545: [GC2014-03-12T10:58:19.560+0000: 708565.545: [ParNew
Desired survivor size 8716288 bytes, new threshold 5 (max 6)
- age   1:    2572576 bytes,    2572576 total
- age   2:    2056112 bytes,    4628688 total
- age   3:    1995024 bytes,    6623712 total
- age   4:    1651816 bytes,    8275528 total
- age   5:    1840672 bytes,   10116200 total
: 152884K->11518K(153344K), 0.0245450 secs] 375121K->235796K(1230656K), 0.0246910 secs] [Times: user=0.05 sys=0.00, real=0.03 secs] 
2014-03-12T11:02:11.932+0000: 708797.917: [GC2014-03-12T11:02:11.932+0000: 708797.917: [ParNew
Desired survivor size 8716288 bytes, new threshold 5 (max 6)
- age   1:    2399632 bytes,    2399632 total
- age   2:    2074384 bytes,    4474016 total
- age   3:    1989480 bytes,    6463496 total
- age   4:    1994496 bytes,    8457992 total
- age   5:    1611936 bytes,   10069928 total
: 147838K->17024K(153344K), 0.0245550 secs] 372116K->243359K(1230656K), 0.0247280 secs] [Times: user=0.05 sys=0.00, real=0.03 secs] 
2014-03-12T11:05:50.630+0000: 709016.614: [GC2014-03-12T11:05:50.630+0000: 709016.614: [ParNew
Desired survivor size 8716288 bytes, new threshold 5 (max 6)
- age   1:    2489304 bytes,    2489304 total
- age   2:    2163672 bytes,    4652976 total
- age   3:    2069136 bytes,    6722112 total
- age   4:    1985912 bytes,    8708024 total
- age   5:    1994056 bytes,   10702080 total
: 153344K->11877K(153344K), 0.0247410 secs] 379679K->239869K(1230656K), 0.0248920 secs] [Times: user=0.05 sys=0.00, real=0.03 secs] 
2014-03-12T11:08:55.551+0000: 709201.536: [GC2014-03-12T11:08:55.551+0000: 709201.536: [ParNew
Desired survivor size 8716288 bytes, new threshold 5 (max 6)
- age   1:    2179616 bytes,    2179616 total
- age   2:    2083240 bytes,    4262856 total
- age   3:    2161632 bytes,    6424488 total
- age   4:    2068104 bytes,    8492592 total
- age   5:    1985176 bytes,   10477768 total
: 148197K->17024K(153344K), 0.0260070 secs] 376189K->247422K(1230656K), 0.0261730 secs] [Times: user=0.06 sys=0.00, real=0.03 secs] 
2014-03-12T11:12:34.421+0000: 709420.405: [GC2014-03-12T11:12:34.421+0000: 709420.405: [ParNew
Desired survivor size 8716288 bytes, new threshold 5 (max 6)
- age   1:    2482240 bytes,    2482240 total
- age   2:    1842728 bytes,    4324968 total
- age   3:    2024304 bytes,    6349272 total
- age   4:    2161320 bytes,    8510592 total
- age   5:    2067032 bytes,   10577624 total
: 153344K->17024K(153344K), 0.0256150 secs] 383742K->249656K(1230656K), 0.0257770 secs] [Times: user=0.05 sys=0.00, real=0.03 secs] 
2014-03-12T11:16:03.056+0000: 709629.041: [GC2014-03-12T11:16:03.056+0000: 709629.041: [ParNew
Desired survivor size 8716288 bytes, new threshold 5 (max 6)
- age   1:    2477360 bytes,    2477360 total
- age   2:    2319152 bytes,    4796512 total
- age   3:    1829960 bytes,    6626472 total
- age   4:    2023928 bytes,    8650400 total
- age   5:    2160176 bytes,   10810576 total
: 153344K->15622K(153344K), 0.0261150 secs] 385976K->250378K(1230656K), 0.0262890 secs] [Times: user=0.06 sys=0.00, real=0.03 secs] 
2014-03-12T11:19:44.291+0000: 709850.276: [GC2014-03-12T11:19:44.292+0000: 709850.276: [ParNew
Desired survivor size 8716288 bytes, new threshold 5 (max 6)
- age   1:    2588616 bytes,    2588616 total
- age   2:    1940536 bytes,    4529152 total
- age   3:    2273232 bytes,    6802384 total
- age   4:    1828664 bytes,    8631048 total
- age   5:    2023576 bytes,   10654624 total
: 151942K->10502K(153344K), 0.0254720 secs] 386698K->247478K(1230656K), 0.0256360 secs] [Times: user=0.05 sys=0.00, real=0.03 secs] 
2014-03-12T11:23:16.123+0000: 710062.108: [GC2014-03-12T11:23:16.123+0000: 710062.108: [ParNew
Desired survivor size 8716288 bytes, new threshold 4 (max 6)
- age   1:    2617888 bytes,    2617888 total
- age   2:    2046960 bytes,    4664848 total
- age   3:    1923808 bytes,    6588656 total
- age   4:    2258472 bytes,    8847128 total
- age   5:    1828240 bytes,   10675368 total
: 146822K->15557K(153344K), 0.0251520 secs] 383798K->254612K(1230656K), 0.0253170 secs] [Times: user=0.06 sys=0.00, real=0.02 secs] 
2014-03-12T11:26:52.864+0000: 710278.849: [GC2014-03-12T11:26:52.864+0000: 710278.849: [ParNew
Desired survivor size 8716288 bytes, new threshold 6 (max 6)
- age   1:    2532824 bytes,    2532824 total
- age   2:    2153096 bytes,    4685920 total
- age   3:    2034400 bytes,    6720320 total
- age   4:    1922056 bytes,    8642376 total
: 151877K->10425K(153344K), 0.0274490 secs] 390932K->253629K(1230656K), 0.0276040 secs] [Times: user=0.05 sys=0.00, real=0.02 secs] 
2014-03-12T11:30:35.775+0000: 710501.760: [GC2014-03-12T11:30:35.775+0000: 710501.760: [ParNew
Desired survivor size 8716288 bytes, new threshold 5 (max 6)
- age   1:    2297168 bytes,    2297168 total
- age   2:    1999328 bytes,    4296496 total
- age   3:    2150064 bytes,    6446560 total
- age   4:    2033416 bytes,    8479976 total
- age   5:    1921600 bytes,   10401576 total
: 146745K->17024K(153344K), 0.0204460 secs] 389949K->260437K(1230656K), 0.0206040 secs] [Times: user=0.05 sys=0.00, real=0.02 secs] 
2014-03-12T11:34:12.045+0000: 710718.029: [GC2014-03-12T11:34:12.045+0000: 710718.029: [ParNew
Desired survivor size 8716288 bytes, new threshold 4 (max 6)
- age   1:    2698840 bytes,    2698840 total
- age   2:    2116480 bytes,    4815320 total
- age   3:    1998424 bytes,    6813744 total
- age   4:    2138920 bytes,    8952664 total
- age   5:    2033176 bytes,   10985840 total
: 153344K->12393K(153344K), 0.0253960 secs] 396757K->257782K(1230656K), 0.0255590 secs] [Times: user=0.05 sys=0.00, real=0.02 secs] 
2014-03-12T11:37:55.909+0000: 710941.894: [GC2014-03-12T11:37:55.909+0000: 710941.894: [ParNew
Desired survivor size 8716288 bytes, new threshold 4 (max 6)
- age   1:    2594744 bytes,    2594744 total
- age   2:    2307528 bytes,    4902272 total
- age   3:    2069136 bytes,    6971408 total
- age   4:    1997608 bytes,    8969016 total
: 148713K->9420K(153344K), 0.0280070 secs] 394102K->258894K(1230656K), 0.0281690 secs] [Times: user=0.06 sys=0.00, real=0.03 secs] 
2014-03-12T11:41:28.771+0000: 711154.756: [GC2014-03-12T11:41:28.771+0000: 711154.756: [ParNew
Desired survivor size 8716288 bytes, new threshold 4 (max 6)
- age   1:    2552352 bytes,    2552352 total
- age   2:    2136448 bytes,    4688800 total
- age   3:    2298952 bytes,    6987752 total
- age   4:    2067616 bytes,    9055368 total
: 145740K->13311K(153344K), 0.0231150 secs] 395214K->264838K(1230656K), 0.0232860 secs] [Times: user=0.05 sys=0.00, real=0.03 secs] 
2014-03-12T11:45:09.242+0000: 711375.227: [GC2014-03-12T11:45:09.242+0000: 711375.227: [ParNew
Desired survivor size 8716288 bytes, new threshold 4 (max 6)
- age   1:    2545976 bytes,    2545976 total
- age   2:    2068368 bytes,    4614344 total
- age   3:    2079008 bytes,    6693352 total
- age   4:    2293496 bytes,    8986848 total
: 149631K->13312K(153344K), 0.0236850 secs] 401158K->266963K(1230656K), 0.0238720 secs] [Times: user=0.04 sys=0.00, real=0.02 secs] 
2014-03-12T11:48:50.253+0000: 711596.237: [GC2014-03-12T11:48:50.253+0000: 711596.237: [ParNew
Desired survivor size 8716288 bytes, new threshold 4 (max 6)
- age   1:    2638584 bytes,    2638584 total
- age   2:    2081112 bytes,    4719696 total
- age   3:    1939928 bytes,    6659624 total
- age   4:    2077976 bytes,    8737600 total
: 149632K->8703K(153344K), 0.0236510 secs] 403283K->264582K(1230656K), 0.0238290 secs] [Times: user=0.05 sys=0.00, real=0.03 secs] 
2014-03-12T11:52:27.994+0000: 711813.979: [GC2014-03-12T11:52:27.994+0000: 711813.979: [ParNew
Desired survivor size 8716288 bytes, new threshold 4 (max 6)
- age   1:    2712536 bytes,    2712536 total
- age   2:    2091152 bytes,    4803688 total
- age   3:    2061496 bytes,    6865184 total
- age   4:    1936072 bytes,    8801256 total
: 145023K->12746K(153344K), 0.0230600 secs] 400902K->270762K(1230656K), 0.0232300 secs] [Times: user=0.05 sys=0.00, real=0.02 secs] 
2014-03-12T11:56:22.802+0000: 712048.786: [GC2014-03-12T11:56:22.802+0000: 712048.786: [ParNew
Desired survivor size 8716288 bytes, new threshold 4 (max 6)
- age   1:    2634064 bytes,    2634064 total
- age   2:    2263248 bytes,    4897312 total
- age   3:    2026448 bytes,    6923760 total
- age   4:    2060920 bytes,    8984680 total
: 149066K->12722K(153344K), 0.0229800 secs] 407082K->272728K(1230656K), 0.0231440 secs] [Times: user=0.05 sys=0.00, real=0.03 secs] 
2014-03-12T11:59:55.003+0000: 712260.988: [GC2014-03-12T11:59:55.003+0000: 712260.988: [ParNew
Desired survivor size 8716288 bytes, new threshold 4 (max 6)
- age   1:    2467208 bytes,    2467208 total
- age   2:    2191952 bytes,    4659160 total
- age   3:    2220200 bytes,    6879360 total
- age   4:    2024872 bytes,    8904232 total
: 149042K->13069K(153344K), 0.0232950 secs] 409048K->275194K(1230656K), 0.0234580 secs] [Times: user=0.05 sys=0.00, real=0.02 secs] 
2014-03-12T12:02:50.211+0000: 712436.195: [GC2014-03-12T12:02:50.211+0000: 712436.196: [ParNew
Desired survivor size 8716288 bytes, new threshold 4 (max 6)
- age   1:    2515416 bytes,    2515416 total
- age   2:    2004872 bytes,    4520288 total
- age   3:    2190640 bytes,    6710928 total
- age   4:    2218256 bytes,    8929184 total
: 149389K->13196K(153344K), 0.0245140 secs] 411514K->277401K(1230656K), 0.0246940 secs] [Times: user=0.05 sys=0.00, real=0.03 secs] 
2014-03-12T12:06:14.488+0000: 712640.473: [GC2014-03-12T12:06:14.488+0000: 712640.473: [ParNew
Desired survivor size 8716288 bytes, new threshold 6 (max 6)
- age   1:    2586352 bytes,    2586352 total
- age   2:    1655632 bytes,    4241984 total
- age   3:    1967128 bytes,    6209112 total
- age   4:    2190208 bytes,    8399320 total
: 149516K->8588K(153344K), 0.0261340 secs] 413721K->275065K(1230656K), 0.0263650 secs] [Times: user=0.05 sys=0.00, real=0.03 secs] 
2014-03-12T12:09:01.153+0000: 712807.137: [GC2014-03-12T12:09:01.153+0000: 712807.138: [ParNew
Desired survivor size 8716288 bytes, new threshold 5 (max 6)
- age   1:    2387536 bytes,    2387536 total
- age   2:    2006040 bytes,    4393576 total
- age   3:    1616296 bytes,    6009872 total
- age   4:    1966624 bytes,    7976496 total
- age   5:    2188464 bytes,   10164960 total
: 144908K->16586K(153344K), 0.0197550 secs] 411385K->283063K(1230656K), 0.0199290 secs] [Times: user=0.05 sys=0.00, real=0.02 secs] 
2014-03-12T12:11:57.480+0000: 712983.464: [GC2014-03-12T12:11:57.480+0000: 712983.464: [ParNew
Desired survivor size 8716288 bytes, new threshold 1 (max 6)
- age   1:    8744104 bytes,    8744104 total
- age   2:    1647304 bytes,   10391408 total
- age   3:    1891120 bytes,   12282528 total
- age   4:    1616136 bytes,   13898664 total
- age   5:    1963888 bytes,   15862552 total
: 152906K->16738K(153344K), 0.0324220 secs] 419383K->285465K(1230656K), 0.0326050 secs] [Times: user=0.07 sys=0.00, real=0.03 secs] 
2014-03-12T12:12:26.526+0000: 713012.511: [GC2014-03-12T12:12:26.526+0000: 713012.511: [ParNew
Desired survivor size 8716288 bytes, new threshold 1 (max 6)
- age   1:   15052680 bytes,   15052680 total
: 153058K->17024K(153344K), 0.0477200 secs] 421785K->298514K(1230656K), 0.0478920 secs] [Times: user=0.09 sys=0.00, real=0.04 secs] 
2014-03-12T12:14:11.965+0000: 713117.950: [GC2014-03-12T12:14:11.965+0000: 713117.950: [ParNew
Desired survivor size 8716288 bytes, new threshold 6 (max 6)
- age   1:    6719408 bytes,    6719408 total
: 153344K->14771K(153344K), 0.0223990 secs] 434834K->305493K(1230656K), 0.0225740 secs] [Times: user=0.05 sys=0.00, real=0.02 secs] 
2014-03-12T12:15:01.117+0000: 713167.101: [GC2014-03-12T12:15:01.117+0000: 713167.101: [ParNew
Desired survivor size 8716288 bytes, new threshold 6 (max 6)
- age   1:    6642112 bytes,    6642112 total
- age   2:    1330400 bytes,    7972512 total
: 151091K->12358K(153344K), 0.0127120 secs] 441813K->303080K(1230656K), 0.0128810 secs] [Times: user=0.03 sys=0.00, real=0.01 secs] 
2014-03-12T12:18:15.358+0000: 713361.342: [GC2014-03-12T12:18:15.358+0000: 713361.342: [ParNew
Desired survivor size 8716288 bytes, new threshold 6 (max 6)
- age   1:    2318936 bytes,    2318936 total
- age   2:     575952 bytes,    2894888 total
- age   3:    1028392 bytes,    3923280 total
: 148678K->7004K(153344K), 0.0134480 secs] 439400K->297726K(1230656K), 0.0136050 secs] [Times: user=0.03 sys=0.00, real=0.01 secs] 
2014-03-12T12:21:40.499+0000: 713566.484: [GC2014-03-12T12:21:40.499+0000: 713566.484: [ParNew
Desired survivor size 8716288 bytes, new threshold 6 (max 6)
- age   1:    2503304 bytes,    2503304 total
- age   2:    1843488 bytes,    4346792 total
- age   3:     487776 bytes,    4834568 total
- age   4:     975952 bytes,    5810520 total
: 143324K->7864K(153344K), 0.0143930 secs] 434046K->298586K(1230656K), 0.0145270 secs] [Times: user=0.03 sys=0.00, real=0.01 secs] 
2014-03-12T12:25:10.284+0000: 713776.269: [GC2014-03-12T12:25:10.284+0000: 713776.269: [ParNew
Desired survivor size 8716288 bytes, new threshold 6 (max 6)
- age   1:    2644840 bytes,    2644840 total
- age   2:    1922560 bytes,    4567400 total
- age   3:    1811232 bytes,    6378632 total
- age   4:     487008 bytes,    6865640 total
- age   5:     975048 bytes,    7840688 total
: 144184K->9889K(153344K), 0.0176130 secs] 434906K->300611K(1230656K), 0.0177960 secs] [Times: user=0.04 sys=0.00, real=0.02 secs] 
2014-03-12T12:28:27.527+0000: 713973.511: [GC2014-03-12T12:28:27.527+0000: 713973.511: [ParNew
Desired survivor size 8716288 bytes, new threshold 5 (max 6)
- age   1:    2542992 bytes,    2542992 total
- age   2:    2125928 bytes,    4668920 total
- age   3:    1902272 bytes,    6571192 total
- age   4:    1810712 bytes,    8381904 total
- age   5:     486656 bytes,    8868560 total
- age   6:     974736 bytes,    9843296 total
: 146209K->13786K(153344K), 0.0193960 secs] 436931K->304508K(1230656K), 0.0195670 secs] [Times: user=0.04 sys=0.00, real=0.02 secs] 
2014-03-12T12:31:36.047+0000: 714162.031: [GC2014-03-12T12:31:36.047+0000: 714162.032: [ParNew
Desired survivor size 8716288 bytes, new threshold 5 (max 6)
- age   1:    2289528 bytes,    2289528 total
- age   2:    1934360 bytes,    4223888 total
- age   3:    2071784 bytes,    6295672 total
- age   4:    1901624 bytes,    8197296 total
- age   5:    1810616 bytes,   10007912 total
: 150106K->17024K(153344K), 0.0238320 secs] 440828K->309541K(1230656K), 0.0239860 secs] [Times: user=0.05 sys=0.00, real=0.02 secs] 
2014-03-12T12:35:13.913+0000: 714379.898: [GC2014-03-12T12:35:13.913+0000: 714379.898: [ParNew
Desired survivor size 8716288 bytes, new threshold 5 (max 6)
- age   1:    2548952 bytes,    2548952 total
- age   2:    2078752 bytes,    4627704 total
- age   3:    1835000 bytes,    6462704 total
- age   4:    2070992 bytes,    8533696 total
- age   5:    1900504 bytes,   10434200 total
: 153344K->11887K(153344K), 0.0253280 secs] 445861K->306266K(1230656K), 0.0255100 secs] [Times: user=0.06 sys=0.00, real=0.03 secs] 
2014-03-12T12:38:54.909+0000: 714600.894: [GC2014-03-12T12:38:54.909+0000: 714600.894: [ParNew
Desired survivor size 8716288 bytes, new threshold 5 (max 6)
- age   1:    2303944 bytes,    2303944 total
- age   2:    2087152 bytes,    4391096 total
- age   3:    2066848 bytes,    6457944 total
- age   4:    1834424 bytes,    8292368 total
- age   5:    2024888 bytes,   10317256 total
: 148207K->17024K(153344K), 0.0249350 secs] 442586K->313583K(1230656K), 0.0251130 secs] [Times: user=0.05 sys=0.00, real=0.03 secs] 
2014-03-12T12:42:19.339+0000: 714805.324: [GC2014-03-12T12:42:19.339+0000: 714805.324: [ParNew
Desired survivor size 8716288 bytes, new threshold 5 (max 6)
- age   1:    2510288 bytes,    2510288 total
- age   2:    2062168 bytes,    4572456 total
- age   3:    2021000 bytes,    6593456 total
- age   4:    2049736 bytes,    8643192 total
- age   5:    1834064 bytes,   10477256 total
: 153344K->12318K(153344K), 0.0251700 secs] 449903K->310956K(1230656K), 0.0253380 secs] [Times: user=0.05 sys=0.00, real=0.03 secs] 
2014-03-12T12:45:49.033+0000: 715015.017: [GC2014-03-12T12:45:49.033+0000: 715015.017: [ParNew
Desired survivor size 8716288 bytes, new threshold 5 (max 6)
- age   1:    2245976 bytes,    2245976 total
- age   2:    1923792 bytes,    4169768 total
- age   3:    2051136 bytes,    6220904 total
- age   4:    2020296 bytes,    8241200 total
- age   5:    2049448 bytes,   10290648 total
: 148638K->17024K(153344K), 0.0252860 secs] 447276K->317807K(1230656K), 0.0254710 secs] [Times: user=0.05 sys=0.00, real=0.03 secs] 
2014-03-12T12:49:20.661+0000: 715226.646: [GC2014-03-12T12:49:20.661+0000: 715226.646: [ParNew
Desired survivor size 8716288 bytes, new threshold 5 (max 6)
- age   1:    2434040 bytes,    2434040 total
- age   2:    1961904 bytes,    4395944 total
- age   3:    1912616 bytes,    6308560 total
- age   4:    2050736 bytes,    8359296 total
- age   5:    2019200 bytes,   10378496 total
: 153344K->12272K(153344K), 0.0252230 secs] 454127K->315150K(1230656K), 0.0253860 secs] [Times: user=0.06 sys=0.00, real=0.03 secs] 
2014-03-12T12:52:34.634+0000: 715420.619: [GC2014-03-12T12:52:34.634+0000: 715420.619: [ParNew
Desired survivor size 8716288 bytes, new threshold 5 (max 6)
- age   1:    2257120 bytes,    2257120 total
- age   2:    1970808 bytes,    4227928 total
- age   3:    1913552 bytes,    6141480 total
- age   4:    1911568 bytes,    8053048 total
- age   5:    2050400 bytes,   10103448 total
: 148592K->17024K(153344K), 0.0258550 secs] 451470K->322321K(1230656K), 0.0260190 secs] [Times: user=0.06 sys=0.00, real=0.02 secs] 
2014-03-12T12:55:15.903+0000: 715581.888: [GC2014-03-12T12:55:15.903+0000: 715581.888: [ParNew
Desired survivor size 8716288 bytes, new threshold 4 (max 6)
- age   1:    4187464 bytes,    4187464 total
- age   2:    1956480 bytes,    6143944 total
- age   3:    1970408 bytes,    8114352 total
- age   4:    1913192 bytes,   10027544 total
- age   5:    1911280 bytes,   11938824 total
: 153344K->12164K(153344K), 0.0265330 secs] 458641K->319569K(1230656K), 0.0267040 secs] [Times: user=0.06 sys=0.00, real=0.02 secs] 
2014-03-12T12:58:00.243+0000: 715746.228: [GC2014-03-12T12:58:00.243+0000: 715746.228: [ParNew
Desired survivor size 8716288 bytes, new threshold 4 (max 6)
- age   1:    2410680 bytes,    2410680 total
- age   2:    3571048 bytes,    5981728 total
- age   3:    1815584 bytes,    7797312 total
- age   4:    1969064 bytes,    9766376 total
: 148484K->15262K(153344K), 0.0274710 secs] 455889K->326598K(1230656K), 0.0276300 secs] [Times: user=0.06 sys=0.00, real=0.02 secs] 
2014-03-12T13:00:21.249+0000: 715887.234: [GC2014-03-12T13:00:21.249+0000: 715887.234: [ParNew
Desired survivor size 8716288 bytes, new threshold 6 (max 6)
- age   1:    2019376 bytes,    2019376 total
- age   2:    1806432 bytes,    3825808 total
- age   3:    1684912 bytes,    5510720 total
- age   4:    1814144 bytes,    7324864 total
: 151582K->9842K(153344K), 0.0214880 secs] 462918K->323201K(1230656K), 0.0216460 secs] [Times: user=0.05 sys=0.00, real=0.02 secs] 
2014-03-12T13:03:35.712+0000: 716081.696: [GC2014-03-12T13:03:35.712+0000: 716081.696: [ParNew
Desired survivor size 8716288 bytes, new threshold 5 (max 6)
- age   1:    2524816 bytes,    2524816 total
- age   2:    1319864 bytes,    3844680 total
- age   3:    1741256 bytes,    5585936 total
- age   4:    1684584 bytes,    7270520 total
- age   5:    1813832 bytes,    9084352 total
: 146162K->15166K(153344K), 0.0181700 secs] 459521K->328525K(1230656K), 0.0183330 secs] [Times: user=0.04 sys=0.00, real=0.02 secs] 
2014-03-12T13:07:16.731+0000: 716302.716: [GC2014-03-12T13:07:16.731+0000: 716302.716: [ParNew
Desired survivor size 8716288 bytes, new threshold 5 (max 6)
- age   1:    2441888 bytes,    2441888 total
- age   2:    1986736 bytes,    4428624 total
- age   3:    1299848 bytes,    5728472 total
- age   4:    1692984 bytes,    7421456 total
- age   5:    1684360 bytes,    9105816 total
: 151486K->10318K(153344K), 0.0228040 secs] 464845K->325541K(1230656K), 0.0229650 secs] [Times: user=0.05 sys=0.00, real=0.03 secs] 
2014-03-12T13:10:47.970+0000: 716513.954: [GC2014-03-12T13:10:47.970+0000: 716513.954: [ParNew
Desired survivor size 8716288 bytes, new threshold 5 (max 6)
- age   1:    2551928 bytes,    2551928 total
- age   2:    2039784 bytes,    4591712 total
- age   3:    1895464 bytes,    6487176 total
- age   4:    1298184 bytes,    7785360 total
- age   5:    1692360 bytes,    9477720 total
: 146638K->15856K(153344K), 0.0242920 secs] 461861K->332802K(1230656K), 0.0244790 secs] [Times: user=0.04 sys=0.00, real=0.03 secs] 
2014-03-12T13:14:11.601+0000: 716717.586: [GC2014-03-12T13:14:11.601+0000: 716717.586: [ParNew
Desired survivor size 8716288 bytes, new threshold 5 (max 6)
- age   1:    2505376 bytes,    2505376 total
- age   2:    2037800 bytes,    4543176 total
- age   3:    2038496 bytes,    6581672 total
- age   4:    1886104 bytes,    8467776 total
- age   5:    1297824 bytes,    9765600 total
: 152176K->10995K(153344K), 0.0236780 secs] 469122K->329673K(1230656K), 0.0238530 secs] [Times: user=0.05 sys=0.00, real=0.03 secs] 
2014-03-12T13:17:12.516+0000: 716898.500: [GC2014-03-12T13:17:12.516+0000: 716898.501: [ParNew
Desired survivor size 8716288 bytes, new threshold 5 (max 6)
- age   1:    2528472 bytes,    2528472 total
- age   2:    1917136 bytes,    4445608 total
- age   3:    1952464 bytes,    6398072 total
- age   4:    2037664 bytes,    8435736 total
- age   5:    1806088 bytes,   10241824 total
: 147315K->16855K(153344K), 0.0231590 secs] 465993K->336867K(1230656K), 0.0233200 secs] [Times: user=0.05 sys=0.00, real=0.02 secs] 
2014-03-12T13:20:05.148+0000: 717071.133: [GC2014-03-12T13:20:05.148+0000: 717071.133: [ParNew
Desired survivor size 8716288 bytes, new threshold 5 (max 6)
- age   1:    2869568 bytes,    2869568 total
- age   2:    1854504 bytes,    4724072 total
- age   3:    1894416 bytes,    6618488 total
- age   4:    1952128 bytes,    8570616 total
- age   5:    2034616 bytes,   10605232 total
: 153175K->11601K(153344K), 0.0248510 secs] 473187K->333469K(1230656K), 0.0250430 secs] [Times: user=0.06 sys=0.00, real=0.02 secs] 
2014-03-12T13:22:49.503+0000: 717235.488: [GC2014-03-12T13:22:49.503+0000: 717235.488: [ParNew
Desired survivor size 8716288 bytes, new threshold 5 (max 6)
- age   1:    1873056 bytes,    1873056 total
- age   2:    2385248 bytes,    4258304 total
- age   3:    1673936 bytes,    5932240 total
- age   4:    1893944 bytes,    7826184 total
- age   5:    1951824 bytes,    9778008 total
: 147921K->17024K(153344K), 0.0246910 secs] 469789K->341233K(1230656K), 0.0248540 secs] [Times: user=0.06 sys=0.00, real=0.02 secs] 
2014-03-12T13:26:27.488+0000: 717453.473: [GC2014-03-12T13:26:27.488+0000: 717453.473: [ParNew
Desired survivor size 8716288 bytes, new threshold 5 (max 6)
- age   1:    2400064 bytes,    2400064 total
- age   2:    1619320 bytes,    4019384 total
- age   3:    1901320 bytes,    5920704 total
- age   4:    1673592 bytes,    7594296 total
- age   5:    1893696 bytes,    9487992 total
: 153344K->11853K(153344K), 0.0255640 secs] 477553K->338068K(1230656K), 0.0257230 secs] [Times: user=0.05 sys=0.00, real=0.02 secs] 
2014-03-12T13:29:52.914+0000: 717658.899: [GC2014-03-12T13:29:52.914+0000: 717658.899: [ParNew
Desired survivor size 8716288 bytes, new threshold 5 (max 6)
- age   1:    2394208 bytes,    2394208 total
- age   2:    2011216 bytes,    4405424 total
- age   3:    1585776 bytes,    5991200 total
- age   4:    1896632 bytes,    7887832 total
- age   5:    1672768 bytes,    9560600 total
: 148173K->16841K(153344K), 0.0236320 secs] 474388K->345004K(1230656K), 0.0237980 secs] [Times: user=0.03 sys=0.01, real=0.02 secs] 
2014-03-12T13:33:13.967+0000: 717859.952: [GC2014-03-12T13:33:13.967+0000: 717859.952: [ParNew
Desired survivor size 8716288 bytes, new threshold 5 (max 6)
- age   1:    2357592 bytes,    2357592 total
- age   2:    1942640 bytes,    4300232 total
- age   3:    2000600 bytes,    6300832 total
- age   4:    1582288 bytes,    7883120 total
- age   5:    1817376 bytes,    9700496 total
: 153161K->11125K(153344K), 0.0234020 secs] 481324K->341007K(1230656K), 0.0235800 secs] [Times: user=0.05 sys=0.00, real=0.02 secs] 
2014-03-12T13:36:24.269+0000: 718050.253: [GC2014-03-12T13:36:24.269+0000: 718050.254: [ParNew
Desired survivor size 8716288 bytes, new threshold 5 (max 6)
- age   1:    2374864 bytes,    2374864 total
- age   2:    1842296 bytes,    4217160 total
- age   3:    1932424 bytes,    6149584 total
- age   4:    1999808 bytes,    8149392 total
- age   5:    1581808 bytes,    9731200 total
: 147445K->16908K(153344K), 0.0240100 secs] 477327K->348650K(1230656K), 0.0241870 secs] [Times: user=0.05 sys=0.00, real=0.02 secs] 
2014-03-12T13:39:55.689+0000: 718261.673: [GC2014-03-12T13:39:55.689+0000: 718261.674: [ParNew
Desired survivor size 8716288 bytes, new threshold 5 (max 6)
- age   1:    2401568 bytes,    2401568 total
- age   2:    1791432 bytes,    4193000 total
- age   3:    1841632 bytes,    6034632 total
- age   4:    1931776 bytes,    7966408 total
- age   5:    1999536 bytes,    9965944 total
: 153228K->11246K(153344K), 0.0237600 secs] 484970K->344611K(1230656K), 0.0239150 secs] [Times: user=0.05 sys=0.00, real=0.02 secs] 
2014-03-12T13:43:09.844+0000: 718455.829: [GC2014-03-12T13:43:09.844+0000: 718455.829: [ParNew
Desired survivor size 8716288 bytes, new threshold 5 (max 6)
- age   1:    2517184 bytes,    2517184 total
- age   2:    1962928 bytes,    4480112 total
- age   3:    1772848 bytes,    6252960 total
- age   4:    1838368 bytes,    8091328 total
- age   5:    1931232 bytes,   10022560 total
: 147566K->17023K(153344K), 0.0252750 secs] 480931K->352633K(1230656K), 0.0254530 secs] [Times: user=0.06 sys=0.00, real=0.02 secs] 
2014-03-12T13:46:13.436+0000: 718639.420: [GC2014-03-12T13:46:13.436+0000: 718639.420: [ParNew
Desired survivor size 8716288 bytes, new threshold 5 (max 6)
- age   1:    2429296 bytes,    2429296 total
- age   2:    2097584 bytes,    4526880 total
- age   3:    1941920 bytes,    6468800 total
- age   4:    1772120 bytes,    8240920 total
- age   5:    1837672 bytes,   10078592 total
: 153343K->11904K(153344K), 0.0251030 secs] 488953K->349499K(1230656K), 0.0252760 secs] [Times: user=0.05 sys=0.00, real=0.02 secs] 
2014-03-12T13:49:15.316+0000: 718821.301: [GC2014-03-12T13:49:15.316+0000: 718821.301: [ParNew
Desired survivor size 8716288 bytes, new threshold 5 (max 6)
- age   1:    2039944 bytes,    2039944 total
- age   2:    1754584 bytes,    3794528 total
- age   3:    2042208 bytes,    5836736 total
- age   4:    1941584 bytes,    7778320 total
- age   5:    1771712 bytes,    9550032 total
: 148224K->17024K(153344K), 0.0245550 secs] 485819K->356908K(1230656K), 0.0247210 secs] [Times: user=0.05 sys=0.00, real=0.02 secs] 
2014-03-12T13:52:23.713+0000: 719009.697: [GC2014-03-12T13:52:23.713+0000: 719009.697: [ParNew
Desired survivor size 8716288 bytes, new threshold 5 (max 6)
- age   1:    2451704 bytes,    2451704 total
- age   2:    1852352 bytes,    4304056 total
- age   3:    1698240 bytes,    6002296 total
- age   4:    2032216 bytes,    8034512 total
- age   5:    1941312 bytes,    9975824 total
: 153344K->11674K(153344K), 0.0238660 secs] 493228K->353379K(1230656K), 0.0240370 secs] [Times: user=0.06 sys=0.00, real=0.03 secs] 
2014-03-12T13:55:45.595+0000: 719211.580: [GC2014-03-12T13:55:45.595+0000: 719211.580: [ParNew
Desired survivor size 8716288 bytes, new threshold 5 (max 6)
- age   1:    2572904 bytes,    2572904 total
- age   2:    1727048 bytes,    4299952 total
- age   3:    1757240 bytes,    6057192 total
- age   4:    1697880 bytes,    7755072 total
- age   5:    1992528 bytes,    9747600 total
: 147994K->17023K(153344K), 0.0241090 secs] 489699K->360806K(1230656K), 0.0242770 secs] [Times: user=0.05 sys=0.00, real=0.02 secs] 
2014-03-12T13:58:37.005+0000: 719382.990: [GC2014-03-12T13:58:37.005+0000: 719382.990: [ParNew
Desired survivor size 8716288 bytes, new threshold 5 (max 6)
- age   1:    2406272 bytes,    2406272 total
- age   2:    2137648 bytes,    4543920 total
- age   3:    1725176 bytes,    6269096 total
- age   4:    1756760 bytes,    8025856 total
- age   5:    1697664 bytes,    9723520 total
: 153343K->11631K(153344K), 0.0237430 secs] 497126K->357454K(1230656K), 0.0239210 secs] [Times: user=0.05 sys=0.00, real=0.02 secs] 
2014-03-12T14:01:49.675+0000: 719575.659: [GC2014-03-12T14:01:49.675+0000: 719575.659: [ParNew
Desired survivor size 8716288 bytes, new threshold 5 (max 6)
- age   1:    2436704 bytes,    2436704 total
- age   2:    1615208 bytes,    4051912 total
- age   3:    2052392 bytes,    6104304 total
- age   4:    1724520 bytes,    7828824 total
- age   5:    1710848 bytes,    9539672 total
: 147951K->16672K(153344K), 0.0257610 secs] 493774K->364240K(1230656K), 0.0259600 secs] [Times: user=0.05 sys=0.00, real=0.02 secs] 
2014-03-12T14:03:46.150+0000: 719692.135: [GC2014-03-12T14:03:46.150+0000: 719692.135: [ParNew
Desired survivor size 8716288 bytes, new threshold 1 (max 6)
- age   1:   10475128 bytes,   10475128 total
- age   2:    1797768 bytes,   12272896 total
- age   3:    1577240 bytes,   13850136 total
- age   4:    1871176 bytes,   15721312 total
- age   5:    1709776 bytes,   17431088 total
: 152992K->17024K(153344K), 0.0378490 secs] 500560K->369469K(1230656K), 0.0380410 secs] [Times: user=0.09 sys=0.00, real=0.04 secs] 
2014-03-12T14:06:15.208+0000: 719841.193: [GC2014-03-12T14:06:15.209+0000: 719841.193: [ParNew
Desired survivor size 8716288 bytes, new threshold 6 (max 6)
- age   1:    8382296 bytes,    8382296 total
: 153344K->14571K(153344K), 0.0388890 secs] 505789K->381130K(1230656K), 0.0390770 secs] [Times: user=0.08 sys=0.00, real=0.04 secs] 
2014-03-12T14:09:25.560+0000: 720031.545: [GC2014-03-12T14:09:25.560+0000: 720031.545: [ParNew
Desired survivor size 8716288 bytes, new threshold 6 (max 6)
- age   1:    2864456 bytes,    2864456 total
- age   2:    4973928 bytes,    7838384 total
: 150891K->9901K(153344K), 0.0141220 secs] 517450K->376460K(1230656K), 0.0142890 secs] [Times: user=0.03 sys=0.00, real=0.02 secs] 
2014-03-12T14:12:45.238+0000: 720231.223: [GC2014-03-12T14:12:45.238+0000: 720231.223: [ParNew
Desired survivor size 8716288 bytes, new threshold 3 (max 6)
- age   1:    2482568 bytes,    2482568 total
- age   2:    2346384 bytes,    4828952 total
- age   3:    4924280 bytes,    9753232 total
: 146221K->14623K(153344K), 0.0161980 secs] 512780K->381182K(1230656K), 0.0163800 secs] [Times: user=0.03 sys=0.00, real=0.02 secs] 
2014-03-12T14:16:15.715+0000: 720441.699: [GC2014-03-12T14:16:15.715+0000: 720441.699: [ParNew
Desired survivor size 8716288 bytes, new threshold 6 (max 6)
- age   1:    2521776 bytes,    2521776 total
- age   2:    1984440 bytes,    4506216 total
- age   3:    1809856 bytes,    6316072 total
: 150943K->8986K(153344K), 0.0203270 secs] 517502K->380424K(1230656K), 0.0205070 secs] [Times: user=0.05 sys=0.00, real=0.02 secs] 
2014-03-12T14:20:00.769+0000: 720666.754: [GC2014-03-12T14:20:00.769+0000: 720666.754: [ParNew
Desired survivor size 8716288 bytes, new threshold 6 (max 6)
- age   1:    2512632 bytes,    2512632 total
- age   2:    1949784 bytes,    4462416 total
- age   3:    1937944 bytes,    6400360 total
- age   4:    1808392 bytes,    8208752 total
: 145306K->13373K(153344K), 0.0173590 secs] 516744K->384811K(1230656K), 0.0175180 secs] [Times: user=0.04 sys=0.00, real=0.02 secs] 
2014-03-12T14:23:16.430+0000: 720862.415: [GC2014-03-12T14:23:16.430+0000: 720862.415: [ParNew
Desired survivor size 8716288 bytes, new threshold 4 (max 6)
- age   1:    2879336 bytes,    2879336 total
- age   2:    2122624 bytes,    5001960 total
- age   3:    1948088 bytes,    6950048 total
- age   4:    1936648 bytes,    8886696 total
- age   5:    1808128 bytes,   10694824 total
: 149693K->14066K(153344K), 0.0215290 secs] 521131K->385504K(1230656K), 0.0216910 secs] [Times: user=0.05 sys=0.00, real=0.02 secs] 
2014-03-12T14:26:49.396+0000: 721075.380: [GC2014-03-12T14:26:49.396+0000: 721075.381: [ParNew
Desired survivor size 8716288 bytes, new threshold 4 (max 6)
- age   1:    2510304 bytes,    2510304 total
- age   2:    2269264 bytes,    4779568 total
- age   3:    2076504 bytes,    6856072 total
- age   4:    1947680 bytes,    8803752 total
: 150386K->8990K(153344K), 0.0269200 secs] 521824K->384271K(1230656K), 0.0270890 secs] [Times: user=0.06 sys=0.00, real=0.03 secs] 
2014-03-12T14:30:00.799+0000: 721266.784: [GC2014-03-12T14:30:00.799+0000: 721266.784: [ParNew
Desired survivor size 8716288 bytes, new threshold 4 (max 6)
- age   1:    2581152 bytes,    2581152 total
- age   2:    1992920 bytes,    4574072 total
- age   3:    2171080 bytes,    6745152 total
- age   4:    2075128 bytes,    8820280 total
: 145310K->13060K(153344K), 0.0227980 secs] 520591K->390342K(1230656K), 0.0229670 secs] [Times: user=0.05 sys=0.00, real=0.03 secs] 
2014-03-12T14:33:23.192+0000: 721469.177: [GC2014-03-12T14:33:23.192+0000: 721469.177: [ParNew
Desired survivor size 8716288 bytes, new threshold 6 (max 6)
- age   1:    2575096 bytes,    2575096 total
- age   2:    1824048 bytes,    4399144 total
- age   3:    1978816 bytes,    6377960 total
- age   4:    2169792 bytes,    8547752 total
: 149380K->12748K(153344K), 0.0227530 secs] 526662K->392163K(1230656K), 0.0229010 secs] [Times: user=0.05 sys=0.00, real=0.03 secs] 
2014-03-12T14:36:22.162+0000: 721648.147: [GC2014-03-12T14:36:22.162+0000: 721648.147: [ParNew
Desired survivor size 8716288 bytes, new threshold 5 (max 6)
- age   1:    2892192 bytes,    2892192 total
- age   2:    1978248 bytes,    4870440 total
- age   3:    1785224 bytes,    6655664 total
- age   4:    1978096 bytes,    8633760 total
- age   5:    2129904 bytes,   10763664 total
: 149068K->16545K(153344K), 0.0210770 secs] 528483K->395960K(1230656K), 0.0212660 secs] [Times: user=0.05 sys=0.00, real=0.02 secs] 
2014-03-12T14:40:15.257+0000: 721881.242: [GC2014-03-12T14:40:15.257+0000: 721881.242: [ParNew
Desired survivor size 8716288 bytes, new threshold 5 (max 6)
- age   1:    2505040 bytes,    2505040 total
- age   2:    1870616 bytes,    4375656 total
- age   3:    1913360 bytes,    6289016 total
- age   4:    1767320 bytes,    8056336 total
- age   5:    1977776 bytes,   10034112 total
: 152865K->14606K(153344K), 0.0246830 secs] 532280K->396199K(1230656K), 0.0248550 secs] [Times: user=0.05 sys=0.00, real=0.02 secs] 
2014-03-12T14:43:55.358+0000: 722101.342: [GC2014-03-12T14:43:55.358+0000: 722101.343: [ParNew
Desired survivor size 8716288 bytes, new threshold 5 (max 6)
- age   1:    2536496 bytes,    2536496 total
- age   2:    2186088 bytes,    4722584 total
- age   3:    1683448 bytes,    6406032 total
- age   4:    1866896 bytes,    8272928 total
- age   5:    1766984 bytes,   10039912 total
: 150926K->14662K(153344K), 0.0244780 secs] 532519K->398286K(1230656K), 0.0246310 secs] [Times: user=0.06 sys=0.00, real=0.03 secs] 
2014-03-12T14:46:48.886+0000: 722274.871: [GC2014-03-12T14:46:48.886+0000: 722274.871: [ParNew
Desired survivor size 8716288 bytes, new threshold 5 (max 6)
- age   1:    2275968 bytes,    2275968 total
- age   2:    2115408 bytes,    4391376 total
- age   3:    2172096 bytes,    6563472 total
- age   4:    1682536 bytes,    8246008 total
- age   5:    1866280 bytes,   10112288 total
: 150982K->14649K(153344K), 0.0240300 secs] 534606K->400090K(1230656K), 0.0241960 secs] [Times: user=0.05 sys=0.00, real=0.02 secs] 
2014-03-12T14:49:50.916+0000: 722456.901: [GC2014-03-12T14:49:50.916+0000: 722456.901: [ParNew
Desired survivor size 8716288 bytes, new threshold 5 (max 6)
- age   1:    2169920 bytes,    2169920 total
- age   2:    1718272 bytes,    3888192 total
- age   3:    2041216 bytes,    5929408 total
- age   4:    2171816 bytes,    8101224 total
- age   5:    1681464 bytes,    9782688 total
: 150969K->14670K(153344K), 0.0242820 secs] 536410K->402029K(1230656K), 0.0244570 secs] [Times: user=0.05 sys=0.00, real=0.02 secs] 
2014-03-12T14:53:28.699+0000: 722674.684: [GC2014-03-12T14:53:28.699+0000: 722674.684: [ParNew
Desired survivor size 8716288 bytes, new threshold 5 (max 6)
- age   1:    2275640 bytes,    2275640 total
- age   2:    1736752 bytes,    4012392 total
- age   3:    1703312 bytes,    5715704 total
- age   4:    2038448 bytes,    7754152 total
- age   5:    2171480 bytes,    9925632 total
: 150990K->17024K(153344K), 0.0241060 secs] 538349K->406351K(1230656K), 0.0242740 secs] [Times: user=0.06 sys=0.00, real=0.03 secs] 
2014-03-12T14:56:14.015+0000: 722840.000: [GC2014-03-12T14:56:14.015+0000: 722840.000: [ParNew
Desired survivor size 8716288 bytes, new threshold 4 (max 6)
- age   1:    3398640 bytes,    3398640 total
- age   2:    2088496 bytes,    5487136 total
- age   3:    1726112 bytes,    7213248 total
- age   4:    1703152 bytes,    8916400 total
- age   5:    2038080 bytes,   10954480 total
: 153344K->12232K(153344K), 0.0256710 secs] 542671K->403792K(1230656K), 0.0258720 secs] [Times: user=0.05 sys=0.00, real=0.02 secs] 
2014-03-12T14:59:54.541+0000: 723060.526: [GC2014-03-12T14:59:54.541+0000: 723060.526: [ParNew
Desired survivor size 8716288 bytes, new threshold 4 (max 6)
- age   1:    2600240 bytes,    2600240 total
- age   2:    2914592 bytes,    5514832 total
- age   3:    2011800 bytes,    7526632 total
- age   4:    1679232 bytes,    9205864 total
: 148552K->9512K(153344K), 0.0269240 secs] 540112K->404913K(1230656K), 0.0270950 secs] [Times: user=0.05 sys=0.00, real=0.03 secs] 
2014-03-12T15:03:42.913+0000: 723288.898: [GC2014-03-12T15:03:42.913+0000: 723288.898: [ParNew
Desired survivor size 8716288 bytes, new threshold 6 (max 6)
- age   1:    2517656 bytes,    2517656 total
- age   2:    2186536 bytes,    4704192 total
- age   3:    1529024 bytes,    6233216 total
- age   4:    2010392 bytes,    8243608 total
: 145832K->13572K(153344K), 0.0240880 secs] 541233K->410697K(1230656K), 0.0242670 secs] [Times: user=0.05 sys=0.00, real=0.03 secs] 
2014-03-12T15:07:27.248+0000: 723513.233: [GC2014-03-12T15:07:27.248+0000: 723513.233: [ParNew
Desired survivor size 8716288 bytes, new threshold 5 (max 6)
- age   1:    2575768 bytes,    2575768 total
- age   2:    2100624 bytes,    4676392 total
- age   3:    2184880 bytes,    6861272 total
- age   4:    1528624 bytes,    8389896 total
- age   5:    2009024 bytes,   10398920 total
: 149892K->13152K(153344K), 0.0199990 secs] 547017K->410278K(1230656K), 0.0201460 secs] [Times: user=0.04 sys=0.00, real=0.02 secs] 
2014-03-12T15:11:18.811+0000: 723744.796: [GC2014-03-12T15:11:18.811+0000: 723744.796: [ParNew
Desired survivor size 8716288 bytes, new threshold 5 (max 6)
- age   1:    2425976 bytes,    2425976 total
- age   2:    2119688 bytes,    4545664 total
- age   3:    2099144 bytes,    6644808 total
- age   4:    2063320 bytes,    8708128 total
- age   5:    1528384 bytes,   10236512 total
: 149472K->17024K(153344K), 0.0252340 secs] 546598K->416512K(1230656K), 0.0253990 secs] [Times: user=0.06 sys=0.00, real=0.03 secs] 
2014-03-12T15:14:43.403+0000: 723949.387: [GC2014-03-12T15:14:43.403+0000: 723949.388: [ParNew
Desired survivor size 8716288 bytes, new threshold 4 (max 6)
- age   1:    2671016 bytes,    2671016 total
- age   2:    2217512 bytes,    4888528 total
- age   3:    2074728 bytes,    6963256 total
- age   4:    2098136 bytes,    9061392 total
- age   5:    2062744 bytes,   11124136 total
: 153344K->12087K(153344K), 0.0254870 secs] 552832K->413146K(1230656K), 0.0256470 secs] [Times: user=0.05 sys=0.00, real=0.02 secs] 
2014-03-12T15:18:32.923+0000: 724178.907: [GC2014-03-12T15:18:32.923+0000: 724178.908: [ParNew
Desired survivor size 8716288 bytes, new threshold 4 (max 6)
- age   1:    2486512 bytes,    2486512 total
- age   2:    2261496 bytes,    4748008 total
- age   3:    2196640 bytes,    6944648 total
- age   4:    2073816 bytes,    9018464 total
: 148407K->9666K(153344K), 0.0283580 secs] 549466K->415000K(1230656K), 0.0285240 secs] [Times: user=0.06 sys=0.00, real=0.02 secs] 
2014-03-12T15:21:37.677+0000: 724363.662: [GC2014-03-12T15:21:37.678+0000: 724363.662: [ParNew
Desired survivor size 8716288 bytes, new threshold 4 (max 6)
- age   1:    2456968 bytes,    2456968 total
- age   2:    2101448 bytes,    4558416 total
- age   3:    2202824 bytes,    6761240 total
- age   4:    2195208 bytes,    8956448 total
: 145986K->13637K(153344K), 0.0231150 secs] 551320K->421101K(1230656K), 0.0232850 secs] [Times: user=0.05 sys=0.00, real=0.02 secs] 
2014-03-12T15:25:25.285+0000: 724591.270: [GC2014-03-12T15:25:25.285+0000: 724591.270: [ParNew
Desired survivor size 8716288 bytes, new threshold 6 (max 6)
- age   1:    2474888 bytes,    2474888 total
- age   2:    1776072 bytes,    4250960 total
- age   3:    2091160 bytes,    6342120 total
- age   4:    2191240 bytes,    8533360 total
: 149957K->8895K(153344K), 0.0228250 secs] 557421K->418614K(1230656K), 0.0229800 secs] [Times: user=0.05 sys=0.00, real=0.02 secs] 
2014-03-12T15:29:09.057+0000: 724815.041: [GC2014-03-12T15:29:09.057+0000: 724815.041: [ParNew
Desired survivor size 8716288 bytes, new threshold 5 (max 6)
- age   1:    2473624 bytes,    2473624 total
- age   2:    2126800 bytes,    4600424 total
- age   3:    1753808 bytes,    6354232 total
- age   4:    2090720 bytes,    8444952 total
- age   5:    1952264 bytes,   10397216 total
: 145215K->16325K(153344K), 0.0201830 secs] 554934K->426044K(1230656K), 0.0203610 secs] [Times: user=0.04 sys=0.00, real=0.02 secs] 
2014-03-12T15:32:49.132+0000: 725035.117: [GC2014-03-12T15:32:49.132+0000: 725035.117: [ParNew
Desired survivor size 8716288 bytes, new threshold 5 (max 6)
- age   1:    2735424 bytes,    2735424 total
- age   2:    2055040 bytes,    4790464 total
- age   3:    2126256 bytes,    6916720 total
- age   4:    1752856 bytes,    8669576 total
- age   5:    2090288 bytes,   10759864 total
: 152645K->17024K(153344K), 0.0257230 secs] 562364K->428980K(1230656K), 0.0258950 secs] [Times: user=0.06 sys=0.00, real=0.03 secs] 
2014-03-12T15:36:44.328+0000: 725270.313: [GC2014-03-12T15:36:44.328+0000: 725270.313: [ParNew
Desired survivor size 8716288 bytes, new threshold 4 (max 6)
- age   1:    2504744 bytes,    2504744 total
- age   2:    2491008 bytes,    4995752 total
- age   3:    2054120 bytes,    7049872 total
- age   4:    2080464 bytes,    9130336 total
- age   5:    1752296 bytes,   10882632 total
: 153344K->15516K(153344K), 0.0256460 secs] 565300K->429620K(1230656K), 0.0258130 secs] [Times: user=0.05 sys=0.00, real=0.02 secs] 
2014-03-12T15:40:44.388+0000: 725510.372: [GC2014-03-12T15:40:44.388+0000: 725510.373: [ParNew
Desired survivor size 8716288 bytes, new threshold 4 (max 6)
- age   1:    2593000 bytes,    2593000 total
- age   2:    2167672 bytes,    4760672 total
- age   3:    2480552 bytes,    7241224 total
- age   4:    2053624 bytes,    9294848 total
: 151836K->10553K(153344K), 0.0277400 secs] 565940K->428596K(1230656K), 0.0279070 secs] [Times: user=0.06 sys=0.00, real=0.03 secs] 
2014-03-12T15:44:36.172+0000: 725742.156: [GC2014-03-12T15:44:36.172+0000: 725742.157: [ParNew
Desired survivor size 8716288 bytes, new threshold 4 (max 6)
- age   1:    2989016 bytes,    2989016 total
- age   2:    2196312 bytes,    5185328 total
- age   3:    2165512 bytes,    7350840 total
- age   4:    2460096 bytes,    9810936 total
: 146873K->14215K(153344K), 0.0247780 secs] 564916K->434370K(1230656K), 0.0249630 secs] [Times: user=0.05 sys=0.00, real=0.03 secs] 
2014-03-12T15:48:30.989+0000: 725976.974: [GC2014-03-12T15:48:30.989+0000: 725976.974: [ParNew
Desired survivor size 8716288 bytes, new threshold 4 (max 6)
- age   1:    2501448 bytes,    2501448 total
- age   2:    2633768 bytes,    5135216 total
- age   3:    2195296 bytes,    7330512 total
- age   4:    2164776 bytes,    9495288 total
: 150535K->14150K(153344K), 0.0241650 secs] 570690K->436739K(1230656K), 0.0243300 secs] [Times: user=0.06 sys=0.00, real=0.02 secs] 
2014-03-12T15:52:04.712+0000: 726190.697: [GC2014-03-12T15:52:04.712+0000: 726190.697: [ParNew
Desired survivor size 8716288 bytes, new threshold 4 (max 6)
- age   1:    2511328 bytes,    2511328 total
- age   2:    2175280 bytes,    4686608 total
- age   3:    2623264 bytes,    7309872 total
- age   4:    2195040 bytes,    9504912 total
: 150470K->14025K(153344K), 0.0241780 secs] 573059K->438837K(1230656K), 0.0243550 secs] [Times: user=0.06 sys=0.00, real=0.03 secs] 
2014-03-12T15:55:54.989+0000: 726420.974: [GC2014-03-12T15:55:54.989+0000: 726420.974: [ParNew
Desired survivor size 8716288 bytes, new threshold 4 (max 6)
- age   1:    2590608 bytes,    2590608 total
- age   2:    1988008 bytes,    4578616 total
- age   3:    2175104 bytes,    6753720 total
- age   4:    2558360 bytes,    9312080 total
: 150345K->9541K(153344K), 0.0237920 secs] 575157K->436609K(1230656K), 0.0239560 secs] [Times: user=0.05 sys=0.00, real=0.02 secs] 
2014-03-12T15:59:48.285+0000: 726654.270: [GC2014-03-12T15:59:48.285+0000: 726654.270: [ParNew
Desired survivor size 8716288 bytes, new threshold 4 (max 6)
- age   1:    2503952 bytes,    2503952 total
- age   2:    2204368 bytes,    4708320 total
- age   3:    1968944 bytes,    6677264 total
- age   4:    2174704 bytes,    8851968 total
: 145861K->13228K(153344K), 0.0239930 secs] 572929K->442595K(1230656K), 0.0241690 secs] [Times: user=0.05 sys=0.00, real=0.02 secs] 
2014-03-12T16:03:19.030+0000: 726865.015: [GC2014-03-12T16:03:19.030+0000: 726865.015: [ParNew
Desired survivor size 8716288 bytes, new threshold 4 (max 6)
- age   1:    2607128 bytes,    2607128 total
- age   2:    2162272 bytes,    4769400 total
- age   3:    2157496 bytes,    6926896 total
- age   4:    1966688 bytes,    8893584 total
: 149548K->8798K(153344K), 0.0246110 secs] 578915K->440401K(1230656K), 0.0247720 secs] [Times: user=0.05 sys=0.00, real=0.03 secs] 
2014-03-12T16:07:04.297+0000: 727090.282: [GC2014-03-12T16:07:04.297+0000: 727090.282: [ParNew
Desired survivor size 8716288 bytes, new threshold 4 (max 6)
- age   1:    2556944 bytes,    2556944 total
- age   2:    2011584 bytes,    4568528 total
- age   3:    2160280 bytes,    6728808 total
- age   4:    2156376 bytes,    8885184 total
: 145118K->12888K(153344K), 0.0231210 secs] 576721K->446512K(1230656K), 0.0233020 secs] [Times: user=0.05 sys=0.00, real=0.02 secs] 
2014-03-12T16:10:25.909+0000: 727291.894: [GC2014-03-12T16:10:25.909+0000: 727291.894: [ParNew
Desired survivor size 8716288 bytes, new threshold 4 (max 6)
- age   1:    2621712 bytes,    2621712 total
- age   2:    2128432 bytes,    4750144 total
- age   3:    1990624 bytes,    6740768 total
- age   4:    2159896 bytes,    8900664 total
: 149208K->8854K(153344K), 0.0233810 secs] 582832K->444693K(1230656K), 0.0235390 secs] [Times: user=0.05 sys=0.00, real=0.02 secs] 
2014-03-12T16:14:01.377+0000: 727507.362: [GC2014-03-12T16:14:01.377+0000: 727507.362: [ParNew
Desired survivor size 8716288 bytes, new threshold 6 (max 6)
- age   1:    2612432 bytes,    2612432 total
- age   2:    1982936 bytes,    4595368 total
- age   3:    2056448 bytes,    6651816 total
- age   4:    1988304 bytes,    8640120 total
: 145174K->12768K(153344K), 0.0233210 secs] 581013K->450827K(1230656K), 0.0234930 secs] [Times: user=0.06 sys=0.00, real=0.02 secs] 
2014-03-12T16:17:48.994+0000: 727734.979: [GC2014-03-12T16:17:48.994+0000: 727734.979: [ParNew
Desired survivor size 8716288 bytes, new threshold 4 (max 6)
- age   1:    2894104 bytes,    2894104 total
- age   2:    2084752 bytes,    4978856 total
- age   3:    1880872 bytes,    6859728 total
- age   4:    2055896 bytes,    8915624 total
- age   5:    1987968 bytes,   10903592 total
: 149088K->16659K(153344K), 0.0207240 secs] 587147K->454718K(1230656K), 0.0209000 secs] [Times: user=0.05 sys=0.00, real=0.03 secs] 
2014-03-12T16:21:25.719+0000: 727951.704: [GC2014-03-12T16:21:25.719+0000: 727951.704: [ParNew
Desired survivor size 8716288 bytes, new threshold 4 (max 6)
- age   1:    2529392 bytes,    2529392 total
- age   2:    2483424 bytes,    5012816 total
- age   3:    2036280 bytes,    7049096 total
- age   4:    1880256 bytes,    8929352 total
: 152979K->10114K(153344K), 0.0287190 secs] 591038K->452327K(1230656K), 0.0288850 secs] [Times: user=0.06 sys=0.00, real=0.03 secs] 
2014-03-12T16:24:56.931+0000: 728162.916: [GC2014-03-12T16:24:56.931+0000: 728162.916: [ParNew
Desired survivor size 8716288 bytes, new threshold 4 (max 6)
- age   1:    2622992 bytes,    2622992 total
- age   2:    2070000 bytes,    4692992 total
- age   3:    2480072 bytes,    7173064 total
- age   4:    2034352 bytes,    9207416 total
: 146432K->13570K(153344K), 0.0240350 secs] 588646K->457715K(1230656K), 0.0241880 secs] [Times: user=0.04 sys=0.00, real=0.03 secs] 
2014-03-12T16:28:45.429+0000: 728391.414: [GC2014-03-12T16:28:45.429+0000: 728391.414: [ParNew
Desired survivor size 8716288 bytes, new threshold 4 (max 6)
- age   1:    2497080 bytes,    2497080 total
- age   2:    2022152 bytes,    4519232 total
- age   3:    2059856 bytes,    6579088 total
- age   4:    2460952 bytes,    9040040 total
: 149890K->9260K(153344K), 0.0229880 secs] 594035K->455495K(1230656K), 0.0231530 secs] [Times: user=0.05 sys=0.00, real=0.02 secs] 
2014-03-12T16:32:33.968+0000: 728619.952: [GC2014-03-12T16:32:33.968+0000: 728619.952: [ParNew
Desired survivor size 8716288 bytes, new threshold 4 (max 6)
- age   1:    2802280 bytes,    2802280 total
- age   2:    2127792 bytes,    4930072 total
- age   3:    1946104 bytes,    6876176 total
- age   4:    2058752 bytes,    8934928 total
: 145580K->12819K(153344K), 0.0243000 secs] 591815K->461216K(1230656K), 0.0244610 secs] [Times: user=0.05 sys=0.00, real=0.02 secs] 
2014-03-12T16:36:05.876+0000: 728831.861: [GC2014-03-12T16:36:05.876+0000: 728831.861: [ParNew
Desired survivor size 8716288 bytes, new threshold 4 (max 6)
- age   1:    2521456 bytes,    2521456 total
- age   2:    2405192 bytes,    4926648 total
- age   3:    2125536 bytes,    7052184 total
- age   4:    1943960 bytes,    8996144 total
: 149139K->13055K(153344K), 0.0233910 secs] 597536K->463565K(1230656K), 0.0235680 secs] [Times: user=0.05 sys=0.00, real=0.02 secs] 
2014-03-12T16:39:50.604+0000: 729056.589: [GC2014-03-12T16:39:50.604+0000: 729056.589: [ParNew
Desired survivor size 8716288 bytes, new threshold 4 (max 6)
- age   1:    2526768 bytes,    2526768 total
- age   2:    1964408 bytes,    4491176 total
- age   3:    2394720 bytes,    6885896 total
- age   4:    2124296 bytes,    9010192 total
: 149375K->12942K(153344K), 0.0229710 secs] 599885K->465450K(1230656K), 0.0231240 secs] [Times: user=0.04 sys=0.00, real=0.02 secs] 
2014-03-12T16:43:28.985+0000: 729274.970: [GC2014-03-12T16:43:28.985+0000: 729274.970: [ParNew
Desired survivor size 8716288 bytes, new threshold 4 (max 6)
- age   1:    3039632 bytes,    3039632 total
- age   2:    2100576 bytes,    5140208 total
- age   3:    1963568 bytes,    7103776 total
- age   4:    2382128 bytes,    9485904 total
: 149262K->13334K(153344K), 0.0252390 secs] 601770K->468025K(1230656K), 0.0253990 secs] [Times: user=0.05 sys=0.00, real=0.02 secs] 
2014-03-12T16:47:22.219+0000: 729508.204: [GC2014-03-12T16:47:22.219+0000: 729508.204: [ParNew
Desired survivor size 8716288 bytes, new threshold 4 (max 6)
- age   1:    2544216 bytes,    2544216 total
- age   2:    2402672 bytes,    4946888 total
- age   3:    2099176 bytes,    7046064 total
- age   4:    1963256 bytes,    9009320 total
: 149654K->13259K(153344K), 0.0233640 secs] 604345K->470152K(1230656K), 0.0235310 secs] [Times: user=0.05 sys=0.00, real=0.03 secs] 
2014-03-12T16:51:28.985+0000: 729754.970: [GC2014-03-12T16:51:28.985+0000: 729754.970: [ParNew
Desired survivor size 8716288 bytes, new threshold 4 (max 6)
- age   1:    2645320 bytes,    2645320 total
- age   2:    2153640 bytes,    4798960 total
- age   3:    2391600 bytes,    7190560 total
- age   4:    2098616 bytes,    9289176 total
: 149579K->13103K(153344K), 0.0232680 secs] 606472K->472013K(1230656K), 0.0234230 secs] [Times: user=0.05 sys=0.00, real=0.02 secs] 
2014-03-12T16:54:19.271+0000: 729925.256: [GC2014-03-12T16:54:19.271+0000: 729925.256: [ParNew
Desired survivor size 8716288 bytes, new threshold 4 (max 6)
- age   1:    2335056 bytes,    2335056 total
- age   2:    2349312 bytes,    4684368 total
- age   3:    2146384 bytes,    6830752 total
- age   4:    2378528 bytes,    9209280 total
: 149423K->13843K(153344K), 0.0233700 secs] 608333K->474908K(1230656K), 0.0235470 secs] [Times: user=0.05 sys=0.00, real=0.03 secs] 
2014-03-12T16:57:47.999+0000: 730133.984: [GC2014-03-12T16:57:47.999+0000: 730133.984: [ParNew
Desired survivor size 8716288 bytes, new threshold 6 (max 6)
- age   1:    2389520 bytes,    2389520 total
- age   2:    1745000 bytes,    4134520 total
- age   3:    2302920 bytes,    6437440 total
- age   4:    2145384 bytes,    8582824 total
: 150163K->13109K(153344K), 0.0226910 secs] 611228K->476409K(1230656K), 0.0228420 secs] [Times: user=0.05 sys=0.00, real=0.03 secs] 
2014-03-12T17:01:45.817+0000: 730371.801: [GC2014-03-12T17:01:45.817+0000: 730371.801: [ParNew
Desired survivor size 8716288 bytes, new threshold 5 (max 6)
- age   1:    2585032 bytes,    2585032 total
- age   2:    1905024 bytes,    4490056 total
- age   3:    1591040 bytes,    6081096 total
- age   4:    2301912 bytes,    8383008 total
- age   5:    2144288 bytes,   10527296 total
: 149429K->16618K(153344K), 0.0201420 secs] 612729K->479917K(1230656K), 0.0203180 secs] [Times: user=0.04 sys=0.00, real=0.02 secs] 
2014-03-12T17:05:31.576+0000: 730597.560: [GC2014-03-12T17:05:31.576+0000: 730597.561: [ParNew
Desired survivor size 8716288 bytes, new threshold 5 (max 6)
- age   1:    2586888 bytes,    2586888 total
- age   2:    2221520 bytes,    4808408 total
- age   3:    1899976 bytes,    6708384 total
- age   4:    1590072 bytes,    8298456 total
- age   5:    2301576 bytes,   10600032 total
: 152938K->14703K(153344K), 0.0261880 secs] 616237K->480207K(1230656K), 0.0263690 secs] [Times: user=0.05 sys=0.00, real=0.03 secs] 
2014-03-12T17:09:25.310+0000: 730831.295: [GC2014-03-12T17:09:25.310+0000: 730831.295: [ParNew
Desired survivor size 8716288 bytes, new threshold 4 (max 6)
- age   1:    2649608 bytes,    2649608 total
- age   2:    2189104 bytes,    4838712 total
- age   3:    2220600 bytes,    7059312 total
- age   4:    1899136 bytes,    8958448 total
- age   5:    1589720 bytes,   10548168 total
: 151023K->15216K(153344K), 0.0257970 secs] 616527K->483086K(1230656K), 0.0259760 secs] [Times: user=0.06 sys=0.00, real=0.03 secs] 
2014-03-12T17:13:20.202+0000: 731066.187: [GC2014-03-12T17:13:20.202+0000: 731066.187: [ParNew
Desired survivor size 8716288 bytes, new threshold 4 (max 6)
- age   1:    2811528 bytes,    2811528 total
- age   2:    2174760 bytes,    4986288 total
- age   3:    2168992 bytes,    7155280 total
- age   4:    2219048 bytes,    9374328 total
: 151536K->10264K(153344K), 0.0274390 secs] 619406K->481719K(1230656K), 0.0275890 secs] [Times: user=0.06 sys=0.00, real=0.03 secs] 
2014-03-12T17:17:05.323+0000: 731291.308: [GC2014-03-12T17:17:05.323+0000: 731291.308: [ParNew
Desired survivor size 8716288 bytes, new threshold 4 (max 6)
- age   1:    2537032 bytes,    2537032 total
- age   2:    2467768 bytes,    5004800 total
- age   3:    2173512 bytes,    7178312 total
- age   4:    2167416 bytes,    9345728 total
: 146584K->9449K(153344K), 0.0241850 secs] 618039K->483185K(1230656K), 0.0243540 secs] [Times: user=0.05 sys=0.00, real=0.02 secs] 
2014-03-12T17:20:27.919+0000: 731493.903: [GC2014-03-12T17:20:27.919+0000: 731493.904: [ParNew
Desired survivor size 8716288 bytes, new threshold 4 (max 6)
- age   1:    2698888 bytes,    2698888 total
- age   2:    2146456 bytes,    4845344 total
- age   3:    2456488 bytes,    7301832 total
- age   4:    2171896 bytes,    9473728 total
: 145769K->13836K(153344K), 0.0242770 secs] 619505K->489796K(1230656K), 0.0244430 secs] [Times: user=0.05 sys=0.00, real=0.03 secs] 
2014-03-12T17:23:50.292+0000: 731696.277: [GC2014-03-12T17:23:50.292+0000: 731696.277: [ParNew
Desired survivor size 8716288 bytes, new threshold 4 (max 6)
- age   1:    2476408 bytes,    2476408 total
- age   2:    1962872 bytes,    4439280 total
- age   3:    2117816 bytes,    6557096 total
- age   4:    2456064 bytes,    9013160 total
: 150156K->13739K(153344K), 0.0236090 secs] 626116K->491932K(1230656K), 0.0237660 secs] [Times: user=0.05 sys=0.00, real=0.03 secs] 
2014-03-12T17:27:25.386+0000: 731911.371: [GC2014-03-12T17:27:25.386+0000: 731911.371: [ParNew
Desired survivor size 8716288 bytes, new threshold 6 (max 6)
- age   1:    2491400 bytes,    2491400 total
- age   2:    2003792 bytes,    4495192 total
- age   3:    1858192 bytes,    6353384 total
- age   4:    2117320 bytes,    8470704 total
: 150059K->8873K(153344K), 0.0248760 secs] 628252K->489579K(1230656K), 0.0250290 secs] [Times: user=0.05 sys=0.00, real=0.02 secs] 
2014-03-12T17:31:19.219+0000: 732145.204: [GC2014-03-12T17:31:19.219+0000: 732145.204: [ParNew
Desired survivor size 8716288 bytes, new threshold 5 (max 6)
- age   1:    2656144 bytes,    2656144 total
- age   2:    1981256 bytes,    4637400 total
- age   3:    1993368 bytes,    6630768 total
- age   4:    1857648 bytes,    8488416 total
- age   5:    2117128 bytes,   10605544 total
: 145193K->16537K(153344K), 0.0203450 secs] 625899K->497243K(1230656K), 0.0205240 secs] [Times: user=0.05 sys=0.00, real=0.02 secs] 
2014-03-12T17:34:55.487+0000: 732361.472: [GC2014-03-12T17:34:55.487+0000: 732361.472: [ParNew
Desired survivor size 8716288 bytes, new threshold 4 (max 6)
- age   1:    2638728 bytes,    2638728 total
- age   2:    2186880 bytes,    4825608 total
- age   3:    1979144 bytes,    6804752 total
- age   4:    1990024 bytes,    8794776 total
- age   5:    1857056 bytes,   10651832 total
: 152857K->14822K(153344K), 0.0263600 secs] 633563K->497702K(1230656K), 0.0265070 secs] [Times: user=0.05 sys=0.00, real=0.02 secs] 
2014-03-12T17:38:41.509+0000: 732587.494: [GC2014-03-12T17:38:41.509+0000: 732587.494: [ParNew
Desired survivor size 8716288 bytes, new threshold 4 (max 6)
- age   1:    2518792 bytes,    2518792 total
- age   2:    2090992 bytes,    4609784 total
- age   3:    2185600 bytes,    6795384 total
- age   4:    1978232 bytes,    8773616 total
: 151142K->10171K(153344K), 0.0277640 secs] 634022K->496922K(1230656K), 0.0279280 secs] [Times: user=0.05 sys=0.00, real=0.03 secs] 
2014-03-12T17:42:33.033+0000: 732819.018: [GC2014-03-12T17:42:33.033+0000: 732819.018: [ParNew
Desired survivor size 8716288 bytes, new threshold 4 (max 6)
- age   1:    2666272 bytes,    2666272 total
- age   2:    2088072 bytes,    4754344 total
- age   3:    2033808 bytes,    6788152 total
- age   4:    2185032 bytes,    8973184 total
: 146491K->13357K(153344K), 0.0234620 secs] 633242K->502141K(1230656K), 0.0236100 secs] [Times: user=0.03 sys=0.00, real=0.03 secs] 
2014-03-12T17:46:24.812+0000: 733050.796: [GC2014-03-12T17:46:24.812+0000: 733050.797: [ParNew
Desired survivor size 8716288 bytes, new threshold 4 (max 6)
- age   1:    2664152 bytes,    2664152 total
- age   2:    2268680 bytes,    4932832 total
- age   3:    2087608 bytes,    7020440 total
- age   4:    2033144 bytes,    9053584 total
: 149677K->13113K(153344K), 0.0242660 secs] 638461K->504143K(1230656K), 0.0244310 secs] [Times: user=0.04 sys=0.00, real=0.03 secs] 
2014-03-12T17:50:15.137+0000: 733281.122: [GC2014-03-12T17:50:15.137+0000: 733281.122: [ParNew
Desired survivor size 8716288 bytes, new threshold 4 (max 6)
- age   1:    2564856 bytes,    2564856 total
- age   2:    2253184 bytes,    4818040 total
- age   3:    2202496 bytes,    7020536 total
- age   4:    2086472 bytes,    9107008 total
: 149433K->13169K(153344K), 0.0231000 secs] 640463K->506287K(1230656K), 0.0232580 secs] [Times: user=0.05 sys=0.00, real=0.02 secs] 
2014-03-12T17:54:08.390+0000: 733514.375: [GC2014-03-12T17:54:08.390+0000: 733514.375: [ParNew
Desired survivor size 8716288 bytes, new threshold 4 (max 6)
- age   1:    2632776 bytes,    2632776 total
- age   2:    2139664 bytes,    4772440 total
- age   3:    2198896 bytes,    6971336 total
- age   4:    2200216 bytes,    9171552 total
: 149489K->17024K(153344K), 0.0256110 secs] 642607K->512457K(1230656K), 0.0257840 secs] [Times: user=0.05 sys=0.00, real=0.03 secs] 
2014-03-12T17:57:39.197+0000: 733725.181: [GC2014-03-12T17:57:39.197+0000: 733725.181: [ParNew
Desired survivor size 8716288 bytes, new threshold 4 (max 6)
- age   1:    2540328 bytes,    2540328 total
- age   2:    2364768 bytes,    4905096 total
- age   3:    2137608 bytes,    7042704 total
- age   4:    2198544 bytes,    9241248 total
: 153344K->11329K(153344K), 0.0240220 secs] 648777K->509022K(1230656K), 0.0241780 secs] [Times: user=0.05 sys=0.00, real=0.02 secs] 
2014-03-12T18:01:29.909+0000: 733955.894: [GC2014-03-12T18:01:29.909+0000: 733955.894: [ParNew
Desired survivor size 8716288 bytes, new threshold 4 (max 6)
- age   1:    2637584 bytes,    2637584 total
- age   2:    1966888 bytes,    4604472 total
- age   3:    2344816 bytes,    6949288 total
- age   4:    2137240 bytes,    9086528 total
: 147649K->16091K(153344K), 0.0239290 secs] 645342K->516040K(1230656K), 0.0240900 secs] [Times: user=0.05 sys=0.00, real=0.02 secs] 
2014-03-12T18:05:10.284+0000: 734176.269: [GC2014-03-12T18:05:10.284+0000: 734176.269: [ParNew
Desired survivor size 8716288 bytes, new threshold 4 (max 6)
- age   1:    2773336 bytes,    2773336 total
- age   2:    2147000 bytes,    4920336 total
- age   3:    1959656 bytes,    6879992 total
- age   4:    2344088 bytes,    9224080 total
: 152411K->10715K(153344K), 0.0241440 secs] 652360K->512862K(1230656K), 0.0243120 secs] [Times: user=0.05 sys=0.00, real=0.02 secs] 
2014-03-12T18:09:14.997+0000: 734420.981: [GC2014-03-12T18:09:14.997+0000: 734420.981: [ParNew
Desired survivor size 8716288 bytes, new threshold 4 (max 6)
- age   1:    2594840 bytes,    2594840 total
- age   2:    2254040 bytes,    4848880 total
- age   3:    2135568 bytes,    6984448 total
- age   4:    1957824 bytes,    8942272 total
: 147035K->15931K(153344K), 0.0243000 secs] 649182K->520479K(1230656K), 0.0244700 secs] [Times: user=0.05 sys=0.00, real=0.02 secs] 
2014-03-12T18:13:15.504+0000: 734661.489: [GC2014-03-12T18:13:15.504+0000: 734661.489: [ParNew
Desired survivor size 8716288 bytes, new threshold 4 (max 6)
- age   1:    2675040 bytes,    2675040 total
- age   2:    2321328 bytes,    4996368 total
- age   3:    2242000 bytes,    7238368 total
- age   4:    2134280 bytes,    9372648 total
: 152251K->10738K(153344K), 0.0236120 secs] 656799K->517298K(1230656K), 0.0237790 secs] [Times: user=0.05 sys=0.00, real=0.02 secs] 
2014-03-12T18:17:07.633+0000: 734893.618: [GC2014-03-12T18:17:07.633+0000: 734893.618: [ParNew
Desired survivor size 8716288 bytes, new threshold 4 (max 6)
- age   1:    2770592 bytes,    2770592 total
- age   2:    2312272 bytes,    5082864 total
- age   3:    2264768 bytes,    7347632 total
- age   4:    2042624 bytes,    9390256 total
: 147058K->16017K(153344K), 0.0246330 secs] 653618K->524772K(1230656K), 0.0247990 secs] [Times: user=0.05 sys=0.00, real=0.03 secs] 
2014-03-12T18:20:55.698+0000: 735121.683: [GC2014-03-12T18:20:55.698+0000: 735121.683: [ParNew
Desired survivor size 8716288 bytes, new threshold 4 (max 6)
- age   1:    2482736 bytes,    2482736 total
- age   2:    2388464 bytes,    4871200 total
- age   3:    2310712 bytes,    7181912 total
- age   4:    2263824 bytes,    9445736 total
: 152337K->10890K(153344K), 0.0240380 secs] 661092K->521743K(1230656K), 0.0242030 secs] [Times: user=0.05 sys=0.00, real=0.03 secs] 
2014-03-12T18:25:04.689+0000: 735370.674: [GC2014-03-12T18:25:04.690+0000: 735370.674: [ParNew
Desired survivor size 8716288 bytes, new threshold 4 (max 6)
- age   1:    2618008 bytes,    2618008 total
- age   2:    2082824 bytes,    4700832 total
- age   3:    2289856 bytes,    6990688 total
- age   4:    2310176 bytes,    9300864 total
: 147210K->16335K(153344K), 0.0244600 secs] 658063K->529515K(1230656K), 0.0246250 secs] [Times: user=0.05 sys=0.00, real=0.03 secs] 
2014-03-12T18:28:41.130+0000: 735587.114: [GC2014-03-12T18:28:41.130+0000: 735587.114: [ParNew
Desired survivor size 8716288 bytes, new threshold 4 (max 6)
- age   1:    2518192 bytes,    2518192 total
- age   2:    2301584 bytes,    4819776 total
- age   3:    2078832 bytes,    6898608 total
- age   4:    2285504 bytes,    9184112 total
: 152655K->11139K(153344K), 0.0256060 secs] 665835K->526689K(1230656K), 0.0257870 secs] [Times: user=0.05 sys=0.00, real=0.03 secs] 
2014-03-12T18:32:45.871+0000: 735831.856: [GC2014-03-12T18:32:45.871+0000: 735831.856: [ParNew
Desired survivor size 8716288 bytes, new threshold 4 (max 6)
- age   1:    2621576 bytes,    2621576 total
- age   2:    2003784 bytes,    4625360 total
- age   3:    2299704 bytes,    6925064 total
- age   4:    2078504 bytes,    9003568 total
: 147459K->15746K(153344K), 0.0239270 secs] 663009K->533523K(1230656K), 0.0240740 secs] [Times: user=0.06 sys=0.00, real=0.03 secs] 
2014-03-12T18:36:50.018+0000: 736076.003: [GC2014-03-12T18:36:50.018+0000: 736076.003: [ParNew
Desired survivor size 8716288 bytes, new threshold 4 (max 6)
- age   1:    2588928 bytes,    2588928 total
- age   2:    2277072 bytes,    4866000 total
- age   3:    2001400 bytes,    6867400 total
- age   4:    2298864 bytes,    9166264 total
: 152066K->10537K(153344K), 0.0261290 secs] 669843K->530451K(1230656K), 0.0263030 secs] [Times: user=0.05 sys=0.00, real=0.03 secs] 
2014-03-12T18:40:49.477+0000: 736315.462: [GC2014-03-12T18:40:49.477+0000: 736315.462: [ParNew
Desired survivor size 8716288 bytes, new threshold 4 (max 6)
- age   1:    2611920 bytes,    2611920 total
- age   2:    2265528 bytes,    4877448 total
- age   3:    2265848 bytes,    7143296 total
- age   4:    2000720 bytes,    9144016 total
: 146857K->15974K(153344K), 0.0240660 secs] 666771K->538250K(1230656K), 0.0242350 secs] [Times: user=0.06 sys=0.00, real=0.02 secs] 
2014-03-12T18:44:50.249+0000: 736556.234: [GC2014-03-12T18:44:50.249+0000: 736556.234: [ParNew
Desired survivor size 8716288 bytes, new threshold 4 (max 6)
- age   1:    2544328 bytes,    2544328 total
- age   2:    2304552 bytes,    4848880 total
- age   3:    2263896 bytes,    7112776 total
- age   4:    2265208 bytes,    9377984 total
: 152294K->10690K(153344K), 0.0251820 secs] 674570K->535022K(1230656K), 0.0253570 secs] [Times: user=0.05 sys=0.00, real=0.03 secs] 
2014-03-12T18:48:45.909+0000: 736791.894: [GC2014-03-12T18:48:45.909+0000: 736791.894: [ParNew
Desired survivor size 8716288 bytes, new threshold 4 (max 6)
- age   1:    2630056 bytes,    2630056 total
- age   2:    2272648 bytes,    4902704 total
- age   3:    2257832 bytes,    7160536 total
- age   4:    2263200 bytes,    9423736 total
: 147010K->16318K(153344K), 0.0248230 secs] 671342K->542978K(1230656K), 0.0249810 secs] [Times: user=0.05 sys=0.00, real=0.03 secs] 
2014-03-12T18:52:11.128+0000: 736997.113: [GC2014-03-12T18:52:11.128+0000: 736997.113: [ParNew
Desired survivor size 8716288 bytes, new threshold 4 (max 6)
- age   1:    2436720 bytes,    2436720 total
- age   2:    2218504 bytes,    4655224 total
- age   3:    2260704 bytes,    6915928 total
- age   4:    2256424 bytes,    9172352 total
: 152638K->11138K(153344K), 0.0253170 secs] 679298K->540125K(1230656K), 0.0254960 secs] [Times: user=0.05 sys=0.00, real=0.02 secs] 
2014-03-12T18:56:10.284+0000: 737236.269: [GC2014-03-12T18:56:10.284+0000: 737236.269: [ParNew
Desired survivor size 8716288 bytes, new threshold 4 (max 6)
- age   1:    2705424 bytes,    2705424 total
- age   2:    1909160 bytes,    4614584 total
- age   3:    2172512 bytes,    6787096 total
- age   4:    2260248 bytes,    9047344 total
: 147458K->15817K(153344K), 0.0244980 secs] 676445K->547121K(1230656K), 0.0246720 secs] [Times: user=0.05 sys=0.00, real=0.02 secs] 
2014-03-12T19:00:12.781+0000: 737478.766: [GC2014-03-12T19:00:12.781+0000: 737478.766: [ParNew
Desired survivor size 8716288 bytes, new threshold 4 (max 6)
- age   1:    2612112 bytes,    2612112 total
- age   2:    2298472 bytes,    4910584 total
- age   3:    1898416 bytes,    6809000 total
- age   4:    2171792 bytes,    8980792 total
: 152137K->10574K(153344K), 0.0254330 secs] 683441K->544200K(1230656K), 0.0256140 secs] [Times: user=0.06 sys=0.00, real=0.03 secs] 
2014-03-12T19:04:09.632+0000: 737715.617: [GC2014-03-12T19:04:09.633+0000: 737715.617: [ParNew
Desired survivor size 8716288 bytes, new threshold 4 (max 6)
- age   1:    2534792 bytes,    2534792 total
- age   2:    2282264 bytes,    4817056 total
- age   3:    2297144 bytes,    7114200 total
- age   4:    1895304 bytes,    9009504 total
: 146894K->15797K(153344K), 0.0240290 secs] 680520K->551654K(1230656K), 0.0241980 secs] [Times: user=0.04 sys=0.00, real=0.03 secs] 
2014-03-12T19:08:08.369+0000: 737954.353: [GC2014-03-12T19:08:08.369+0000: 737954.354: [ParNew
Desired survivor size 8716288 bytes, new threshold 4 (max 6)
- age   1:    2636840 bytes,    2636840 total
- age   2:    2196280 bytes,    4833120 total
- age   3:    2235104 bytes,    7068224 total
- age   4:    2217752 bytes,    9285976 total
: 152117K->10453K(153344K), 0.0239120 secs] 687974K->548258K(1230656K), 0.0240810 secs] [Times: user=0.05 sys=0.00, real=0.02 secs] 
2014-03-12T19:11:54.157+0000: 738180.141: [GC2014-03-12T19:11:54.157+0000: 738180.142: [ParNew
Desired survivor size 8716288 bytes, new threshold 4 (max 6)
- age   1:    2686824 bytes,    2686824 total
- age   2:    2262152 bytes,    4948976 total
- age   3:    2194240 bytes,    7143216 total
- age   4:    2234288 bytes,    9377504 total
: 146773K->16171K(153344K), 0.0243350 secs] 684578K->556256K(1230656K), 0.0245160 secs] [Times: user=0.05 sys=0.00, real=0.02 secs] 
2014-03-12T19:16:01.563+0000: 738427.548: [GC2014-03-12T19:16:01.563+0000: 738427.548: [ParNew
Desired survivor size 8716288 bytes, new threshold 4 (max 6)
- age   1:    2611464 bytes,    2611464 total
- age   2:    2194728 bytes,    4806192 total
- age   3:    2260584 bytes,    7066776 total
- age   4:    2193448 bytes,    9260224 total
: 152491K->10811K(153344K), 0.0245060 secs] 692576K->553193K(1230656K), 0.0246670 secs] [Times: user=0.05 sys=0.00, real=0.02 secs] 
2014-03-12T19:20:01.830+0000: 738667.814: [GC2014-03-12T19:20:01.830+0000: 738667.814: [ParNew
Desired survivor size 8716288 bytes, new threshold 4 (max 6)
- age   1:    2582360 bytes,    2582360 total
- age   2:    2296296 bytes,    4878656 total
- age   3:    2110000 bytes,    6988656 total
- age   4:    2259496 bytes,    9248152 total
: 147131K->16227K(153344K), 0.0244550 secs] 689513K->560862K(1230656K), 0.0246280 secs] [Times: user=0.05 sys=0.00, real=0.03 secs] 
2014-03-12T19:24:05.916+0000: 738911.901: [GC2014-03-12T19:24:05.916+0000: 738911.901: [ParNew
Desired survivor size 8716288 bytes, new threshold 4 (max 6)
- age   1:    2649192 bytes,    2649192 total
- age   2:    2224968 bytes,    4874160 total
- age   3:    2295048 bytes,    7169208 total
- age   4:    2108688 bytes,    9277896 total
: 152547K->10812K(153344K), 0.0243390 secs] 697182K->557767K(1230656K), 0.0245070 secs] [Times: user=0.05 sys=0.00, real=0.02 secs] 
2014-03-12T19:28:09.471+0000: 739155.456: [GC2014-03-12T19:28:09.471+0000: 739155.456: [ParNew
Desired survivor size 8716288 bytes, new threshold 4 (max 6)
- age   1:    2574672 bytes,    2574672 total
- age   2:    2356640 bytes,    4931312 total
- age   3:    2213304 bytes,    7144616 total
- age   4:    2294320 bytes,    9438936 total
: 147132K->16210K(153344K), 0.0257440 secs] 694087K->565332K(1230656K), 0.0259190 secs] [Times: user=0.05 sys=0.00, real=0.03 secs] 
2014-03-12T19:32:17.556+0000: 739403.540: [GC2014-03-12T19:32:17.556+0000: 739403.540: [ParNew
Desired survivor size 8716288 bytes, new threshold 4 (max 6)
- age   1:    2665992 bytes,    2665992 total
- age   2:    2235800 bytes,    4901792 total
- age   3:    2308944 bytes,    7210736 total
- age   4:    2212672 bytes,    9423408 total
: 152530K->10973K(153344K), 0.0247140 secs] 701652K->562453K(1230656K), 0.0248630 secs] [Times: user=0.05 sys=0.00, real=0.02 secs] 
2014-03-12T19:36:20.609+0000: 739646.593: [GC2014-03-12T19:36:20.609+0000: 739646.594: [ParNew
Desired survivor size 8716288 bytes, new threshold 4 (max 6)
- age   1:    2660856 bytes,    2660856 total
- age   2:    2346328 bytes,    5007184 total
- age   3:    2234592 bytes,    7241776 total
- age   4:    2268392 bytes,    9510168 total
: 147293K->16406K(153344K), 0.0249900 secs] 698773K->570160K(1230656K), 0.0251520 secs] [Times: user=0.05 sys=0.00, real=0.02 secs] 
2014-03-12T19:40:29.975+0000: 739895.960: [GC2014-03-12T19:40:29.975+0000: 739895.960: [ParNew
Desired survivor size 8716288 bytes, new threshold 4 (max 6)
- age   1:    2673464 bytes,    2673464 total
- age   2:    2253504 bytes,    4926968 total
- age   3:    2344240 bytes,    7271208 total
- age   4:    2233704 bytes,    9504912 total
: 152726K->11058K(153344K), 0.0243420 secs] 706480K->567144K(1230656K), 0.0244830 secs] [Times: user=0.05 sys=0.00, real=0.02 secs] 
2014-03-12T19:44:29.975+0000: 740135.960: [GC2014-03-12T19:44:29.975+0000: 740135.960: [ParNew
Desired survivor size 8716288 bytes, new threshold 4 (max 6)
- age   1:    2552416 bytes,    2552416 total
- age   2:    2348632 bytes,    4901048 total
- age   3:    2250648 bytes,    7151696 total
- age   4:    2343720 bytes,    9495416 total
: 147378K->16635K(153344K), 0.0245160 secs] 703464K->575017K(1230656K), 0.0246550 secs] [Times: user=0.06 sys=0.00, real=0.02 secs] 
2014-03-12T19:48:36.219+0000: 740382.203: [GC2014-03-12T19:48:36.219+0000: 740382.204: [ParNew
Desired survivor size 8716288 bytes, new threshold 4 (max 6)
- age   1:    2541000 bytes,    2541000 total
- age   2:    2233248 bytes,    4774248 total
- age   3:    2347184 bytes,    7121432 total
- age   4:    2250128 bytes,    9371560 total
: 152955K->11077K(153344K), 0.0254720 secs] 711337K->571866K(1230656K), 0.0256510 secs] [Times: user=0.05 sys=0.00, real=0.03 secs] 
2014-03-12T19:52:47.887+0000: 740633.872: [GC2014-03-12T19:52:47.887+0000: 740633.872: [ParNew
Desired survivor size 8716288 bytes, new threshold 4 (max 6)
- age   1:    2615544 bytes,    2615544 total
- age   2:    2311520 bytes,    4927064 total
- age   3:    2222352 bytes,    7149416 total
- age   4:    2346240 bytes,    9495656 total
: 147397K->16441K(153344K), 0.0256990 secs] 708186K->579544K(1230656K), 0.0258600 secs] [Times: user=0.05 sys=0.00, real=0.02 secs] 
2014-03-12T19:56:59.322+0000: 740885.306: [GC2014-03-12T19:56:59.322+0000: 740885.306: [ParNew
Desired survivor size 8716288 bytes, new threshold 4 (max 6)
- age   1:    2642592 bytes,    2642592 total
- age   2:    2386536 bytes,    5029128 total
- age   3:    2265584 bytes,    7294712 total
- age   4:    2221192 bytes,    9515904 total
: 152761K->11025K(153344K), 0.0246870 secs] 715864K->576499K(1230656K), 0.0248320 secs] [Times: user=0.05 sys=0.00, real=0.03 secs] 
2014-03-12T20:01:05.495+0000: 741131.479: [GC2014-03-12T20:01:05.495+0000: 741131.479: [ParNew
Desired survivor size 8716288 bytes, new threshold 4 (max 6)
- age   1:    2605504 bytes,    2605504 total
- age   2:    2359304 bytes,    4964808 total
- age   3:    2385424 bytes,    7350232 total
- age   4:    2263512 bytes,    9613744 total
: 147345K->16684K(153344K), 0.0250470 secs] 712819K->584439K(1230656K), 0.0252130 secs] [Times: user=0.06 sys=0.00, real=0.02 secs] 
2014-03-12T20:05:21.187+0000: 741387.171: [GC2014-03-12T20:05:21.187+0000: 741387.172: [ParNew
Desired survivor size 8716288 bytes, new threshold 4 (max 6)
- age   1:    2602120 bytes,    2602120 total
- age   2:    2326400 bytes,    4928520 total
- age   3:    2358552 bytes,    7287072 total
- age   4:    2345384 bytes,    9632456 total
: 153004K->11148K(153344K), 0.0257060 secs] 720759K->581229K(1230656K), 0.0258710 secs] [Times: user=0.06 sys=0.00, real=0.02 secs] 
2014-03-12T20:09:37.324+0000: 741643.309: [GC2014-03-12T20:09:37.324+0000: 741643.309: [ParNew
Desired survivor size 8716288 bytes, new threshold 4 (max 6)
- age   1:    2651368 bytes,    2651368 total
- age   2:    2353944 bytes,    5005312 total
- age   3:    2315232 bytes,    7320544 total
- age   4:    2358056 bytes,    9678600 total
: 147468K->16827K(153344K), 0.0253060 secs] 717549K->589319K(1230656K), 0.0254520 secs] [Times: user=0.06 sys=0.00, real=0.02 secs] 
2014-03-12T20:12:05.491+0000: 741791.476: [GC2014-03-12T20:12:05.491+0000: 741791.476: [ParNew
Desired survivor size 8716288 bytes, new threshold 4 (max 6)
- age   1:    2084760 bytes,    2084760 total
- age   2:    2367648 bytes,    4452408 total
- age   3:    2353128 bytes,    6805536 total
- age   4:    2308440 bytes,    9113976 total
: 153147K->11644K(153344K), 0.0272930 secs] 725639K->586559K(1230656K), 0.0274820 secs] [Times: user=0.05 sys=0.00, real=0.03 secs] 
2014-03-12T20:16:18.392+0000: 742044.376: [GC2014-03-12T20:16:18.392+0000: 742044.377: [ParNew
Desired survivor size 8716288 bytes, new threshold 4 (max 6)
- age   1:    2669480 bytes,    2669480 total
- age   2:    1480808 bytes,    4150288 total
- age   3:    2366752 bytes,    6517040 total
- age   4:    2352648 bytes,    8869688 total
: 147964K->15603K(153344K), 0.0236060 secs] 722879K->592850K(1230656K), 0.0237500 secs] [Times: user=0.05 sys=0.00, real=0.03 secs] 
2014-03-12T20:20:20.991+0000: 742286.976: [GC2014-03-12T20:20:20.991+0000: 742286.976: [ParNew
Desired survivor size 8716288 bytes, new threshold 4 (max 6)
- age   1:    2562152 bytes,    2562152 total
- age   2:    2316688 bytes,    4878840 total
- age   3:    1472240 bytes,    6351080 total
- age   4:    2366192 bytes,    8717272 total
: 151923K->10427K(153344K), 0.0240310 secs] 729170K->590093K(1230656K), 0.0241950 secs] [Times: user=0.04 sys=0.00, real=0.03 secs] 
2014-03-12T20:24:30.557+0000: 742536.542: [GC2014-03-12T20:24:30.557+0000: 742536.542: [ParNew
Desired survivor size 8716288 bytes, new threshold 6 (max 6)
- age   1:    2625904 bytes,    2625904 total
- age   2:    2267232 bytes,    4893136 total
- age   3:    2315168 bytes,    7208304 total
- age   4:    1470208 bytes,    8678512 total
: 146747K->11476K(153344K), 0.0247970 secs] 726413K->593574K(1230656K), 0.0249650 secs] [Times: user=0.04 sys=0.00, real=0.03 secs] 
2014-03-12T20:28:28.912+0000: 742774.897: [GC2014-03-12T20:28:28.912+0000: 742774.897: [ParNew
Desired survivor size 8716288 bytes, new threshold 4 (max 6)
- age   1:    2628232 bytes,    2628232 total
- age   2:    2310824 bytes,    4939056 total
- age   3:    2261256 bytes,    7200312 total
- age   4:    2314768 bytes,    9515080 total
- age   5:    1469296 bytes,   10984376 total
: 147796K->16496K(153344K), 0.0208660 secs] 729894K->598594K(1230656K), 0.0210210 secs] [Times: user=0.03 sys=0.00, real=0.02 secs] 
2014-03-12T20:32:35.916+0000: 743021.901: [GC2014-03-12T20:32:35.916+0000: 743021.901: [ParNew
Desired survivor size 8716288 bytes, new threshold 4 (max 6)
- age   1:    2562464 bytes,    2562464 total
- age   2:    2255008 bytes,    4817472 total
- age   3:    2309328 bytes,    7126800 total
- age   4:    2260392 bytes,    9387192 total
: 152816K->10078K(153344K), 0.0281330 secs] 734914K->596061K(1230656K), 0.0282890 secs] [Times: user=0.06 sys=0.00, real=0.03 secs] 
2014-03-12T20:36:44.202+0000: 743270.187: [GC2014-03-12T20:36:44.202+0000: 743270.187: [ParNew
Desired survivor size 8716288 bytes, new threshold 4 (max 6)
- age   1:    2706112 bytes,    2706112 total
- age   2:    2277608 bytes,    4983720 total
- age   3:    2252272 bytes,    7235992 total
- age   4:    2308912 bytes,    9544904 total
: 146398K->14085K(153344K), 0.0264900 secs] 732381K->602392K(1230656K), 0.0266470 secs] [Times: user=0.05 sys=0.00, real=0.02 secs] 
2014-03-12T20:40:51.219+0000: 743517.203: [GC2014-03-12T20:40:51.219+0000: 743517.203: [ParNew
Desired survivor size 8716288 bytes, new threshold 4 (max 6)
- age   1:    2655272 bytes,    2655272 total
- age   2:    2327624 bytes,    4982896 total
- age   3:    2276360 bytes,    7259256 total
- age   4:    2211168 bytes,    9470424 total
: 150405K->9307K(153344K), 0.0246730 secs] 738712K->599988K(1230656K), 0.0248160 secs] [Times: user=0.05 sys=0.00, real=0.03 secs] 
2014-03-12T20:45:00.847+0000: 743766.832: [GC2014-03-12T20:45:00.847+0000: 743766.832: [ParNew
Desired survivor size 8716288 bytes, new threshold 4 (max 6)
- age   1:    2595624 bytes,    2595624 total
- age   2:    2391360 bytes,    4986984 total
- age   3:    2316048 bytes,    7303032 total
- age   4:    2275640 bytes,    9578672 total
: 145627K->13842K(153344K), 0.0244260 secs] 736308K->606795K(1230656K), 0.0245780 secs] [Times: user=0.05 sys=0.00, real=0.02 secs] 
2014-03-12T20:49:13.689+0000: 744019.674: [GC2014-03-12T20:49:13.689+0000: 744019.674: [ParNew
Desired survivor size 8716288 bytes, new threshold 4 (max 6)
- age   1:    2598600 bytes,    2598600 total
- age   2:    2310624 bytes,    4909224 total
- age   3:    2390712 bytes,    7299936 total
- age   4:    2315552 bytes,    9615488 total
: 150162K->13925K(153344K), 0.0248440 secs] 743115K->609218K(1230656K), 0.0249940 secs] [Times: user=0.05 sys=0.00, real=0.02 secs] 
2014-03-12T20:53:26.531+0000: 744272.516: [GC2014-03-12T20:53:26.532+0000: 744272.516: [ParNew
Desired survivor size 8716288 bytes, new threshold 4 (max 6)
- age   1:    2670952 bytes,    2670952 total
- age   2:    2338600 bytes,    5009552 total
- age   3:    2310464 bytes,    7320016 total
- age   4:    2344056 bytes,    9664072 total
: 150245K->14048K(153344K), 0.0246490 secs] 745538K->611719K(1230656K), 0.0247880 secs] [Times: user=0.05 sys=0.00, real=0.03 secs] 
2014-03-12T20:57:35.104+0000: 744521.089: [GC2014-03-12T20:57:35.104+0000: 744521.089: [ParNew
Desired survivor size 8716288 bytes, new threshold 4 (max 6)
- age   1:    2610136 bytes,    2610136 total
- age   2:    2405648 bytes,    5015784 total
- age   3:    2337952 bytes,    7353736 total
- age   4:    2308368 bytes,    9662104 total
: 150368K->14062K(153344K), 0.0290750 secs] 748039K->614101K(1230656K), 0.0292720 secs] [Times: user=0.05 sys=0.00, real=0.02 secs] 
2014-03-12T21:01:40.909+0000: 744766.894: [GC2014-03-12T21:01:40.909+0000: 744766.894: [ParNew
Desired survivor size 8716288 bytes, new threshold 4 (max 6)
- age   1:    2666688 bytes,    2666688 total
- age   2:    2321488 bytes,    4988176 total
- age   3:    2404672 bytes,    7392848 total
- age   4:    2337504 bytes,    9730352 total
: 150382K->14098K(153344K), 0.0249770 secs] 750421K->616510K(1230656K), 0.0251330 secs] [Times: user=0.05 sys=0.00, real=0.03 secs] 
2014-03-12T21:05:52.994+0000: 745018.979: [GC2014-03-12T21:05:52.994+0000: 745018.979: [ParNew
Desired survivor size 8716288 bytes, new threshold 4 (max 6)
- age   1:    2653384 bytes,    2653384 total
- age   2:    2284024 bytes,    4937408 total
- age   3:    2320568 bytes,    7257976 total
- age   4:    2403824 bytes,    9661800 total
: 150418K->14175K(153344K), 0.0251720 secs] 752830K->618989K(1230656K), 0.0253150 secs] [Times: user=0.05 sys=0.00, real=0.02 secs] 
2014-03-12T21:10:04.991+0000: 745270.976: [GC2014-03-12T21:10:04.991+0000: 745270.976: [ParNew
Desired survivor size 8716288 bytes, new threshold 4 (max 6)
- age   1:    2618168 bytes,    2618168 total
- age   2:    2383528 bytes,    5001696 total
- age   3:    2283272 bytes,    7284968 total
- age   4:    2320312 bytes,    9605280 total
: 150495K->14068K(153344K), 0.0268170 secs] 755309K->621311K(1230656K), 0.0270020 secs] [Times: user=0.06 sys=0.00, real=0.03 secs] 
2014-03-12T21:14:18.692+0000: 745524.677: [GC2014-03-12T21:14:18.692+0000: 745524.677: [ParNew
Desired survivor size 8716288 bytes, new threshold 4 (max 6)
- age   1:    2606624 bytes,    2606624 total
- age   2:    2404232 bytes,    5010856 total
- age   3:    2381912 bytes,    7392768 total
- age   4:    2282824 bytes,    9675592 total
: 150388K->14072K(153344K), 0.0250300 secs] 757631K->623700K(1230656K), 0.0251860 secs] [Times: user=0.05 sys=0.00, real=0.03 secs] 
2014-03-12T21:18:30.064+0000: 745776.049: [GC2014-03-12T21:18:30.064+0000: 745776.049: [ParNew
Desired survivor size 8716288 bytes, new threshold 4 (max 6)
- age   1:    2694176 bytes,    2694176 total
- age   2:    2355312 bytes,    5049488 total
- age   3:    2357864 bytes,    7407352 total
- age   4:    2341856 bytes,    9749208 total
: 150392K->14058K(153344K), 0.0248990 secs] 760020K->626032K(1230656K), 0.0250460 secs] [Times: user=0.05 sys=0.00, real=0.02 secs] 
2014-03-12T21:22:43.909+0000: 746029.894: [GC2014-03-12T21:22:43.909+0000: 746029.894: [ParNew
Desired survivor size 8716288 bytes, new threshold 4 (max 6)
- age   1:    2600640 bytes,    2600640 total
- age   2:    2396144 bytes,    4996784 total
- age   3:    2354448 bytes,    7351232 total
- age   4:    2356672 bytes,    9707904 total
: 150378K->14229K(153344K), 0.0266330 secs] 762352K->628610K(1230656K), 0.0267910 secs] [Times: user=0.05 sys=0.00, real=0.03 secs] 
2014-03-12T21:26:45.172+0000: 746271.157: [GC2014-03-12T21:26:45.172+0000: 746271.157: [ParNew
Desired survivor size 8716288 bytes, new threshold 4 (max 6)
- age   1:    2649440 bytes,    2649440 total
- age   2:    2357056 bytes,    5006496 total
- age   3:    2349272 bytes,    7355768 total
- age   4:    2354080 bytes,    9709848 total
: 150549K->14176K(153344K), 0.0257610 secs] 764930K->630938K(1230656K), 0.0259300 secs] [Times: user=0.06 sys=0.00, real=0.03 secs] 
2014-03-12T21:30:47.890+0000: 746513.875: [GC2014-03-12T21:30:47.890+0000: 746513.875: [ParNew
Desired survivor size 8716288 bytes, new threshold 4 (max 6)
- age   1:    2790872 bytes,    2790872 total
- age   2:    2269488 bytes,    5060360 total
- age   3:    2355752 bytes,    7416112 total
- age   4:    2348408 bytes,    9764520 total
: 150496K->14223K(153344K), 0.0253290 secs] 767258K->633403K(1230656K), 0.0254750 secs] [Times: user=0.04 sys=0.01, real=0.03 secs] 
2014-03-12T21:34:46.794+0000: 746752.779: [GC2014-03-12T21:34:46.794+0000: 746752.779: [ParNew
Desired survivor size 8716288 bytes, new threshold 4 (max 6)
- age   1:    2641760 bytes,    2641760 total
- age   2:    2390384 bytes,    5032144 total
- age   3:    2268056 bytes,    7300200 total
- age   4:    2315760 bytes,    9615960 total
: 150543K->14116K(153344K), 0.0252110 secs] 769723K->635711K(1230656K), 0.0253780 secs] [Times: user=0.06 sys=0.00, real=0.03 secs] 
2014-03-12T21:38:45.077+0000: 746991.062: [GC2014-03-12T21:38:45.077+0000: 746991.062: [ParNew
Desired survivor size 8716288 bytes, new threshold 4 (max 6)
- age   1:    2495568 bytes,    2495568 total
- age   2:    2345304 bytes,    4840872 total
- age   3:    2282800 bytes,    7123672 total
- age   4:    2267384 bytes,    9391056 total
: 150436K->14064K(153344K), 0.0244060 secs] 772031K->638039K(1230656K), 0.0245440 secs] [Times: user=0.05 sys=0.00, real=0.02 secs] 
2014-03-12T21:42:54.391+0000: 747240.376: [GC2014-03-12T21:42:54.391+0000: 747240.376: [ParNew
Desired survivor size 8716288 bytes, new threshold 4 (max 6)
- age   1:    2631224 bytes,    2631224 total
- age   2:    2226040 bytes,    4857264 total
- age   3:    2318616 bytes,    7175880 total
- age   4:    2281272 bytes,    9457152 total
: 150384K->13778K(153344K), 0.0248980 secs] 774359K->640083K(1230656K), 0.0250540 secs] [Times: user=0.05 sys=0.00, real=0.03 secs] 
2014-03-12T21:47:10.255+0000: 747496.239: [GC2014-03-12T21:47:10.255+0000: 747496.239: [ParNew
Desired survivor size 8716288 bytes, new threshold 4 (max 6)
- age   1:    2589000 bytes,    2589000 total
- age   2:    2359832 bytes,    4948832 total
- age   3:    2217552 bytes,    7166384 total
- age   4:    2198384 bytes,    9364768 total
: 150098K->17024K(153344K), 0.0247100 secs] 776403K->645870K(1230656K), 0.0248620 secs] [Times: user=0.06 sys=0.00, real=0.02 secs] 
2014-03-12T21:51:17.096+0000: 747743.081: [GC2014-03-12T21:51:17.096+0000: 747743.081: [ParNew
Desired survivor size 8716288 bytes, new threshold 4 (max 6)
- age   1:    2632880 bytes,    2632880 total
- age   2:    2432928 bytes,    5065808 total
- age   3:    2311800 bytes,    7377608 total
- age   4:    2216776 bytes,    9594384 total
: 153344K->11559K(153344K), 0.0246340 secs] 782190K->642665K(1230656K), 0.0247870 secs] [Times: user=0.05 sys=0.00, real=0.02 secs] 
2014-03-12T21:55:30.187+0000: 747996.172: [GC2014-03-12T21:55:30.187+0000: 747996.172: [ParNew
Desired survivor size 8716288 bytes, new threshold 4 (max 6)
- age   1:    2559896 bytes,    2559896 total
- age   2:    2324072 bytes,    4883968 total
- age   3:    2432544 bytes,    7316512 total
- age   4:    2310560 bytes,    9627072 total
: 147879K->16800K(153344K), 0.0248980 secs] 778985K->650184K(1230656K), 0.0250590 secs] [Times: user=0.06 sys=0.00, real=0.02 secs] 
2014-03-12T21:59:27.836+0000: 748233.820: [GC2014-03-12T21:59:27.836+0000: 748233.820: [ParNew
Desired survivor size 8716288 bytes, new threshold 4 (max 6)
- age   1:    2576240 bytes,    2576240 total
- age   2:    2354784 bytes,    4931024 total
- age   3:    2276800 bytes,    7207824 total
- age   4:    2431520 bytes,    9639344 total
: 153120K->11338K(153344K), 0.0248730 secs] 786504K->647097K(1230656K), 0.0250230 secs] [Times: user=0.05 sys=0.00, real=0.02 secs] 
2014-03-12T22:03:13.457+0000: 748459.442: [GC2014-03-12T22:03:13.457+0000: 748459.442: [ParNew
Desired survivor size 8716288 bytes, new threshold 4 (max 6)
- age   1:    2653784 bytes,    2653784 total
- age   2:    2298480 bytes,    4952264 total
- age   3:    2354256 bytes,    7306520 total
- age   4:    2275904 bytes,    9582424 total
: 147658K->16845K(153344K), 0.0249450 secs] 783417K->655061K(1230656K), 0.0251040 secs] [Times: user=0.05 sys=0.00, real=0.03 secs] 
2014-03-12T22:07:30.916+0000: 748716.901: [GC2014-03-12T22:07:30.916+0000: 748716.901: [ParNew
Desired survivor size 8716288 bytes, new threshold 4 (max 6)
- age   1:    2598680 bytes,    2598680 total
- age   2:    2202720 bytes,    4801400 total
- age   3:    2252672 bytes,    7054072 total
- age   4:    2353760 bytes,    9407832 total
: 153165K->11097K(153344K), 0.0243020 secs] 791381K->651652K(1230656K), 0.0244570 secs] [Times: user=0.06 sys=0.00, real=0.02 secs] 
2014-03-12T22:11:49.909+0000: 748975.894: [GC2014-03-12T22:11:49.909+0000: 748975.894: [ParNew
Desired survivor size 8716288 bytes, new threshold 4 (max 6)
- age   1:    2682776 bytes,    2682776 total
- age   2:    2366480 bytes,    5049256 total
- age   3:    2199728 bytes,    7248984 total
- age   4:    2251680 bytes,    9500664 total
: 147417K->16613K(153344K), 0.0261410 secs] 787972K->659588K(1230656K), 0.0263080 secs] [Times: user=0.05 sys=0.00, real=0.03 secs] 
2014-03-12T22:16:05.638+0000: 749231.623: [GC2014-03-12T22:16:05.638+0000: 749231.623: [ParNew
Desired survivor size 8716288 bytes, new threshold 4 (max 6)
- age   1:    2656184 bytes,    2656184 total
- age   2:    2443680 bytes,    5099864 total
- age   3:    2365264 bytes,    7465128 total
- age   4:    2080672 bytes,    9545800 total
: 152933K->11003K(153344K), 0.0255370 secs] 795908K->656289K(1230656K), 0.0257150 secs] [Times: user=0.06 sys=0.00, real=0.03 secs] 
2014-03-12T22:20:25.159+0000: 749491.144: [GC2014-03-12T22:20:25.159+0000: 749491.144: [ParNew
Desired survivor size 8716288 bytes, new threshold 4 (max 6)
- age   1:    2585184 bytes,    2585184 total
- age   2:    2432344 bytes,    5017528 total
- age   3:    2443056 bytes,    7460584 total
- age   4:    2364848 bytes,    9825432 total
: 147323K->16672K(153344K), 0.0248380 secs] 792609K->664097K(1230656K), 0.0249850 secs] [Times: user=0.05 sys=0.00, real=0.03 secs] 
2014-03-12T22:24:19.391+0000: 749725.375: [GC2014-03-12T22:24:19.391+0000: 749725.375: [ParNew
Desired survivor size 8716288 bytes, new threshold 4 (max 6)
- age   1:    2944448 bytes,    2944448 total
- age   2:    2399104 bytes,    5343552 total
- age   3:    2431680 bytes,    7775232 total
- age   4:    2397008 bytes,   10172240 total
: 152992K->11437K(153344K), 0.0254690 secs] 800417K->661293K(1230656K), 0.0256230 secs] [Times: user=0.05 sys=0.00, real=0.03 secs] 
2014-03-12T22:28:44.539+0000: 749990.524: [GC2014-03-12T22:28:44.539+0000: 749990.524: [ParNew
Desired survivor size 8716288 bytes, new threshold 4 (max 6)
- age   1:    2596568 bytes,    2596568 total
- age   2:    2517144 bytes,    5113712 total
- age   3:    2398768 bytes,    7512480 total
- age   4:    2431328 bytes,    9943808 total
: 147757K->17024K(153344K), 0.0264150 secs] 797613K->669399K(1230656K), 0.0265620 secs] [Times: user=0.06 sys=0.00, real=0.03 secs] 
2014-03-12T22:33:07.273+0000: 750253.258: [GC2014-03-12T22:33:07.273+0000: 750253.258: [ParNew
Desired survivor size 8716288 bytes, new threshold 4 (max 6)
- age   1:    2617760 bytes,    2617760 total
- age   2:    2444280 bytes,    5062040 total
- age   3:    2501104 bytes,    7563144 total
- age   4:    2398688 bytes,    9961832 total
: 153344K->12024K(153344K), 0.0259290 secs] 805719K->666895K(1230656K), 0.0260910 secs] [Times: user=0.06 sys=0.00, real=0.03 secs] 
2014-03-12T22:37:30.909+0000: 750516.894: [GC2014-03-12T22:37:30.909+0000: 750516.894: [ParNew
Desired survivor size 8716288 bytes, new threshold 4 (max 6)
- age   1:    2713152 bytes,    2713152 total
- age   2:    2459672 bytes,    5172824 total
- age   3:    2443160 bytes,    7615984 total
- age   4:    2182640 bytes,    9798624 total
: 148344K->12770K(153344K), 0.0266190 secs] 803215K->670107K(1230656K), 0.0267750 secs] [Times: user=0.05 sys=0.00, real=0.03 secs] 
2014-03-12T22:41:55.698+0000: 750781.683: [GC2014-03-12T22:41:55.699+0000: 750781.683: [ParNew
Desired survivor size 8716288 bytes, new threshold 4 (max 6)
- age   1:    2663632 bytes,    2663632 total
- age   2:    2522728 bytes,    5186360 total
- age   3:    2442592 bytes,    7628952 total
- age   4:    2442904 bytes,   10071856 total
: 149090K->13940K(153344K), 0.0247630 secs] 806427K->673519K(1230656K), 0.0249080 secs] [Times: user=0.05 sys=0.00, real=0.03 secs] 
2014-03-12T22:46:20.460+0000: 751046.445: [GC2014-03-12T22:46:20.460+0000: 751046.445: [ParNew
Desired survivor size 8716288 bytes, new threshold 4 (max 6)
- age   1:    2709680 bytes,    2709680 total
- age   2:    2449056 bytes,    5158736 total
- age   3:    2521256 bytes,    7679992 total
- age   4:    2396624 bytes,   10076616 total
: 150260K->14604K(153344K), 0.0256160 secs] 809839K->676695K(1230656K), 0.0257990 secs] [Times: user=0.05 sys=0.00, real=0.03 secs] 
2014-03-12T22:50:45.905+0000: 751311.890: [GC2014-03-12T22:50:45.906+0000: 751311.890: [ParNew
Desired survivor size 8716288 bytes, new threshold 4 (max 6)
- age   1:    2680312 bytes,    2680312 total
- age   2:    2526224 bytes,    5206536 total
- age   3:    2439624 bytes,    7646160 total
- age   4:    2441768 bytes,   10087928 total
: 150924K->14593K(153344K), 0.0252990 secs] 813015K->679147K(1230656K), 0.0254510 secs] [Times: user=0.05 sys=0.00, real=0.02 secs] 
2014-03-12T22:55:10.909+0000: 751576.894: [GC2014-03-12T22:55:10.910+0000: 751576.894: [ParNew
Desired survivor size 8716288 bytes, new threshold 4 (max 6)
- age   1:    2708640 bytes,    2708640 total
- age   2:    2443944 bytes,    5152584 total
- age   3:    2512704 bytes,    7665288 total
- age   4:    2438968 bytes,   10104256 total
: 150913K->14750K(153344K), 0.0265570 secs] 815467K->681815K(1230656K), 0.0267190 secs] [Times: user=0.06 sys=0.00, real=0.03 secs] 
2014-03-12T22:59:35.916+0000: 751841.901: [GC2014-03-12T22:59:35.916+0000: 751841.901: [ParNew
Desired survivor size 8716288 bytes, new threshold 4 (max 6)
- age   1:    2638824 bytes,    2638824 total
- age   2:    2518720 bytes,    5157544 total
- age   3:    2434584 bytes,    7592128 total
- age   4:    2472688 bytes,   10064816 total
: 151070K->14749K(153344K), 0.0262520 secs] 818135K->684320K(1230656K), 0.0264040 secs] [Times: user=0.06 sys=0.00, real=0.03 secs] 
2014-03-12T23:03:59.964+0000: 752105.949: [GC2014-03-12T23:03:59.964+0000: 752105.949: [ParNew
Desired survivor size 8716288 bytes, new threshold 4 (max 6)
- age   1:    2674640 bytes,    2674640 total
- age   2:    2473520 bytes,    5148160 total
- age   3:    2472632 bytes,    7620792 total
- age   4:    2434264 bytes,   10055056 total
: 151069K->14673K(153344K), 0.0255550 secs] 820640K->686746K(1230656K), 0.0257050 secs] [Times: user=0.06 sys=0.00, real=0.02 secs] 
2014-03-12T23:08:25.683+0000: 752371.668: [GC2014-03-12T23:08:25.683+0000: 752371.668: [ParNew
Desired survivor size 8716288 bytes, new threshold 4 (max 6)
- age   1:    2731416 bytes,    2731416 total
- age   2:    2433800 bytes,    5165216 total
- age   3:    2472528 bytes,    7637744 total
- age   4:    2471296 bytes,   10109040 total
: 150993K->14770K(153344K), 0.0255290 secs] 823066K->689346K(1230656K), 0.0256820 secs] [Times: user=0.06 sys=0.00, real=0.02 secs] 
2014-03-12T23:12:49.916+0000: 752635.901: [GC2014-03-12T23:12:49.916+0000: 752635.901: [ParNew
Desired survivor size 8716288 bytes, new threshold 4 (max 6)
- age   1:    2693448 bytes,    2693448 total
- age   2:    2514808 bytes,    5208256 total
- age   3:    2432440 bytes,    7640696 total
- age   4:    2432568 bytes,   10073264 total
: 151090K->14670K(153344K), 0.0252960 secs] 825666K->691747K(1230656K), 0.0254400 secs] [Times: user=0.05 sys=0.00, real=0.02 secs] 
2014-03-12T23:17:13.909+0000: 752899.894: [GC2014-03-12T23:17:13.909+0000: 752899.894: [ParNew
Desired survivor size 8716288 bytes, new threshold 4 (max 6)
- age   1:    2717984 bytes,    2717984 total
- age   2:    2442496 bytes,    5160480 total
- age   3:    2513048 bytes,    7673528 total
- age   4:    2432024 bytes,   10105552 total
: 150990K->14789K(153344K), 0.0254450 secs] 828067K->694366K(1230656K), 0.0255890 secs] [Times: user=0.06 sys=0.00, real=0.03 secs] 
2014-03-12T23:21:38.234+0000: 753164.219: [GC2014-03-12T23:21:38.235+0000: 753164.219: [ParNew
Desired survivor size 8716288 bytes, new threshold 4 (max 6)
- age   1:    2637232 bytes,    2637232 total
- age   2:    2514712 bytes,    5151944 total
- age   3:    2432536 bytes,    7584480 total
- age   4:    2433448 bytes,   10017928 total
: 151109K->14671K(153344K), 0.0254220 secs] 830686K->696749K(1230656K), 0.0255740 secs] [Times: user=0.05 sys=0.00, real=0.02 secs] 
2014-03-12T23:26:02.075+0000: 753428.060: [GC2014-03-12T23:26:02.075+0000: 753428.060: [ParNew
Desired survivor size 8716288 bytes, new threshold 4 (max 6)
- age   1:    2673512 bytes,    2673512 total
- age   2:    2434096 bytes,    5107608 total
- age   3:    2513640 bytes,    7621248 total
- age   4:    2432072 bytes,   10053320 total
: 150991K->14654K(153344K), 0.0261090 secs] 833069K->699235K(1230656K), 0.0262540 secs] [Times: user=0.06 sys=0.00, real=0.02 secs] 
2014-03-12T23:30:26.220+0000: 753692.204: [GC2014-03-12T23:30:26.220+0000: 753692.204: [ParNew
Desired survivor size 8716288 bytes, new threshold 4 (max 6)
- age   1:    2708336 bytes,    2708336 total
- age   2:    2407648 bytes,    5115984 total
- age   3:    2432920 bytes,    7548904 total
- age   4:    2512384 bytes,   10061288 total
: 150974K->14763K(153344K), 0.0261690 secs] 835555K->701845K(1230656K), 0.0263180 secs] [Times: user=0.05 sys=0.00, real=0.03 secs] 
2014-03-12T23:34:49.990+0000: 753955.974: [GC2014-03-12T23:34:49.990+0000: 753955.974: [ParNew
Desired survivor size 8716288 bytes, new threshold 4 (max 6)
- age   1:    2683944 bytes,    2683944 total
- age   2:    2503288 bytes,    5187232 total
- age   3:    2397968 bytes,    7585200 total
- age   4:    2432616 bytes,   10017816 total
: 151083K->14615K(153344K), 0.0253550 secs] 838165K->704199K(1230656K), 0.0255100 secs] [Times: user=0.05 sys=0.00, real=0.03 secs] 
2014-03-12T23:38:59.850+0000: 754205.835: [GC2014-03-12T23:38:59.850+0000: 754205.835: [ParNew
Desired survivor size 8716288 bytes, new threshold 4 (max 6)
- age   1:    2958016 bytes,    2958016 total
- age   2:    2443032 bytes,    5401048 total
- age   3:    2502400 bytes,    7903448 total
- age   4:    2397792 bytes,   10301240 total
: 150935K->14668K(153344K), 0.0259150 secs] 840519K->706753K(1230656K), 0.0260650 secs] [Times: user=0.06 sys=0.00, real=0.03 secs] 
2014-03-12T23:42:26.623+0000: 754412.608: [GC2014-03-12T23:42:26.623+0000: 754412.608: [ParNew
Desired survivor size 8716288 bytes, new threshold 4 (max 6)
- age   1:    2268936 bytes,    2268936 total
- age   2:    2712256 bytes,    4981192 total
- age   3:    2433864 bytes,    7415056 total
- age   4:    2502136 bytes,    9917192 total
: 150988K->15051K(153344K), 0.0251640 secs] 843073K->709602K(1230656K), 0.0253110 secs] [Times: user=0.05 sys=0.00, real=0.02 secs] 
2014-03-12T23:46:43.916+0000: 754669.901: [GC2014-03-12T23:46:43.916+0000: 754669.901: [ParNew
Desired survivor size 8716288 bytes, new threshold 4 (max 6)
- age   1:    2689248 bytes,    2689248 total
- age   2:    1921040 bytes,    4610288 total
- age   3:    2657336 bytes,    7267624 total
- age   4:    2433336 bytes,    9700960 total
: 151371K->14510K(153344K), 0.0252570 secs] 845922K->711629K(1230656K), 0.0253940 secs] [Times: user=0.05 sys=0.00, real=0.02 secs] 
2014-03-12T23:51:07.555+0000: 754933.539: [GC2014-03-12T23:51:07.555+0000: 754933.539: [ParNew
Desired survivor size 8716288 bytes, new threshold 4 (max 6)
- age   1:    2608616 bytes,    2608616 total
- age   2:    2439624 bytes,    5048240 total
- age   3:    1920496 bytes,    6968736 total
- age   4:    2617072 bytes,    9585808 total
: 150830K->14186K(153344K), 0.0252530 secs] 847949K->713807K(1230656K), 0.0254070 secs] [Times: user=0.05 sys=0.00, real=0.02 secs] 
2014-03-12T23:55:31.685+0000: 755197.670: [GC2014-03-12T23:55:31.685+0000: 755197.670: [ParNew
Desired survivor size 8716288 bytes, new threshold 4 (max 6)
- age   1:    2701744 bytes,    2701744 total
- age   2:    2423920 bytes,    5125664 total
- age   3:    2388120 bytes,    7513784 total
- age   4:    1903392 bytes,    9417176 total
: 150506K->14054K(153344K), 0.0266810 secs] 850127K->716351K(1230656K), 0.0268300 secs] [Times: user=0.05 sys=0.00, real=0.02 secs] 
2014-03-12T23:59:54.762+0000: 755460.747: [GC2014-03-12T23:59:54.762+0000: 755460.747: [ParNew
Desired survivor size 8716288 bytes, new threshold 4 (max 6)
- age   1:    2612208 bytes,    2612208 total
- age   2:    2480744 bytes,    5092952 total
- age   3:    2423440 bytes,    7516392 total
- age   4:    2387352 bytes,    9903744 total
: 150374K->17024K(153344K), 0.0242070 secs] 852671K->721334K(1230656K), 0.0243490 secs] [Times: user=0.05 sys=0.00, real=0.02 secs] 
2014-03-13T00:04:19.001+0000: 755724.986: [GC2014-03-13T00:04:19.001+0000: 755724.986: [ParNew
Desired survivor size 8716288 bytes, new threshold 4 (max 6)
- age   1:    2685528 bytes,    2685528 total
- age   2:    2469264 bytes,    5154792 total
- age   3:    2479256 bytes,    7634048 total
- age   4:    2422976 bytes,   10057024 total
: 153344K->11980K(153344K), 0.0253850 secs] 857654K->718746K(1230656K), 0.0255270 secs] [Times: user=0.06 sys=0.00, real=0.03 secs] 
2014-03-13T00:08:22.668+0000: 755968.652: [GC2014-03-13T00:08:22.668+0000: 755968.652: [ParNew
Desired survivor size 8716288 bytes, new threshold 4 (max 6)
- age   1:    2679152 bytes,    2679152 total
- age   2:    2513728 bytes,    5192880 total
- age   3:    2422768 bytes,    7615648 total
- age   4:    2399152 bytes,   10014800 total
: 148300K->17024K(153344K), 0.0261180 secs] 855066K->726412K(1230656K), 0.0262710 secs] [Times: user=0.06 sys=0.00, real=0.02 secs] 
2014-03-13T00:12:38.525+0000: 756224.510: [GC2014-03-13T00:12:38.525+0000: 756224.510: [ParNew
Desired survivor size 8716288 bytes, new threshold 4 (max 6)
- age   1:    2638656 bytes,    2638656 total
- age   2:    2470232 bytes,    5108888 total
- age   3:    2513464 bytes,    7622352 total
- age   4:    2422088 bytes,   10044440 total
: 153344K->11796K(153344K), 0.0258470 secs] 862732K->723652K(1230656K), 0.0259920 secs] [Times: user=0.05 sys=0.00, real=0.02 secs] 
2014-03-13T00:16:57.377+0000: 756483.362: [GC2014-03-13T00:16:57.377+0000: 756483.362: [ParNew
Desired survivor size 8716288 bytes, new threshold 4 (max 6)
- age   1:    2518440 bytes,    2518440 total
- age   2:    2391336 bytes,    4909776 total
- age   3:    2371448 bytes,    7281224 total
- age   4:    2513192 bytes,    9794416 total
: 148116K->17024K(153344K), 0.0252030 secs] 859972K->731440K(1230656K), 0.0253500 secs] [Times: user=0.06 sys=0.00, real=0.03 secs] 
2014-03-13T00:21:16.846+0000: 756742.831: [GC2014-03-13T00:21:16.846+0000: 756742.831: [ParNew
Desired survivor size 8716288 bytes, new threshold 4 (max 6)
- age   1:    2670288 bytes,    2670288 total
- age   2:    2379224 bytes,    5049512 total
- age   3:    2385816 bytes,    7435328 total
- age   4:    2370440 bytes,    9805768 total
: 153344K->11620K(153344K), 0.0255940 secs] 867760K->728616K(1230656K), 0.0257440 secs] [Times: user=0.05 sys=0.00, real=0.02 secs] 
2014-03-13T00:25:38.082+0000: 757004.067: [GC2014-03-13T00:25:38.083+0000: 757004.067: [ParNew
Desired survivor size 8716288 bytes, new threshold 4 (max 6)
- age   1:    2669888 bytes,    2669888 total
- age   2:    2460728 bytes,    5130616 total
- age   3:    2378760 bytes,    7509376 total
- age   4:    2339200 bytes,    9848576 total
: 147940K->17024K(153344K), 0.0257050 secs] 864936K->736523K(1230656K), 0.0258510 secs] [Times: user=0.05 sys=0.01, real=0.02 secs] 
2014-03-13T00:29:55.352+0000: 757261.336: [GC2014-03-13T00:29:55.352+0000: 757261.336: [ParNew
Desired survivor size 8716288 bytes, new threshold 4 (max 6)
- age   1:    2733120 bytes,    2733120 total
- age   2:    2401848 bytes,    5134968 total
- age   3:    2460112 bytes,    7595080 total
- age   4:    2377968 bytes,    9973048 total
: 153344K->11601K(153344K), 0.0253230 secs] 872843K->733506K(1230656K), 0.0254780 secs] [Times: user=0.05 sys=0.00, real=0.03 secs] 
2014-03-13T00:34:20.532+0000: 757526.517: [GC2014-03-13T00:34:20.532+0000: 757526.517: [ParNew
Desired survivor size 8716288 bytes, new threshold 4 (max 6)
- age   1:    2631024 bytes,    2631024 total
- age   2:    2380784 bytes,    5011808 total
- age   3:    2400584 bytes,    7412392 total
- age   4:    2419656 bytes,    9832048 total
: 147921K->17024K(153344K), 0.0255630 secs] 869826K->741469K(1230656K), 0.0257140 secs] [Times: user=0.05 sys=0.00, real=0.03 secs] 
2014-03-13T00:38:44.331+0000: 757790.316: [GC2014-03-13T00:38:44.331+0000: 757790.316: [ParNew
Desired survivor size 8716288 bytes, new threshold 4 (max 6)
- age   1:    2674512 bytes,    2674512 total
- age   2:    2485640 bytes,    5160152 total
- age   3:    2380224 bytes,    7540376 total
- age   4:    2400088 bytes,    9940464 total
: 153344K->11591K(153344K), 0.0253380 secs] 877789K->738522K(1230656K), 0.0255000 secs] [Times: user=0.05 sys=0.00, real=0.03 secs] 
2014-03-13T00:43:08.498+0000: 758054.482: [GC2014-03-13T00:43:08.498+0000: 758054.482: [ParNew
Desired survivor size 8716288 bytes, new threshold 4 (max 6)
- age   1:    2708008 bytes,    2708008 total
- age   2:    2423496 bytes,    5131504 total
- age   3:    2436080 bytes,    7567584 total
- age   4:    2379808 bytes,    9947392 total
: 147911K->17024K(153344K), 0.0261230 secs] 874842K->746519K(1230656K), 0.0262830 secs] [Times: user=0.06 sys=0.00, real=0.03 secs] 
2014-03-13T00:47:33.361+0000: 758319.346: [GC2014-03-13T00:47:33.361+0000: 758319.346: [ParNew
Desired survivor size 8716288 bytes, new threshold 4 (max 6)
- age   1:    2697512 bytes,    2697512 total
- age   2:    2506456 bytes,    5203968 total
- age   3:    2423088 bytes,    7627056 total
- age   4:    2435488 bytes,   10062544 total
: 153344K->11682K(153344K), 0.0258020 secs] 882839K->743625K(1230656K), 0.0259380 secs] [Times: user=0.05 sys=0.00, real=0.03 secs] 
2014-03-13T00:51:57.422+0000: 758583.407: [GC2014-03-13T00:51:57.422+0000: 758583.407: [ParNew
Desired survivor size 8716288 bytes, new threshold 4 (max 6)
- age   1:    2758744 bytes,    2758744 total
- age   2:    2456728 bytes,    5215472 total
- age   3:    2496384 bytes,    7711856 total
- age   4:    2422624 bytes,   10134480 total
: 148002K->13306K(153344K), 0.0253990 secs] 879945K->747754K(1230656K), 0.0255620 secs] [Times: user=0.05 sys=0.00, real=0.03 secs] 
2014-03-13T00:56:22.530+0000: 758848.514: [GC2014-03-13T00:56:22.530+0000: 758848.515: [ParNew
Desired survivor size 8716288 bytes, new threshold 4 (max 6)
- age   1:    2677656 bytes,    2677656 total
- age   2:    2496032 bytes,    5173688 total
- age   3:    2447432 bytes,    7621120 total
- age   4:    2416944 bytes,   10038064 total
: 149626K->14331K(153344K), 0.0269230 secs] 884074K->751268K(1230656K), 0.0270670 secs] [Times: user=0.05 sys=0.00, real=0.03 secs] 
2014-03-13T01:00:47.711+0000: 759113.696: [GC2014-03-13T01:00:47.711+0000: 759113.696: [ParNew
Desired survivor size 8716288 bytes, new threshold 4 (max 6)
- age   1:    2690880 bytes,    2690880 total
- age   2:    2435600 bytes,    5126480 total
- age   3:    2485904 bytes,    7612384 total
- age   4:    2446792 bytes,   10059176 total
: 150651K->14628K(153344K), 0.0268110 secs] 887588K->754051K(1230656K), 0.0269570 secs] [Times: user=0.05 sys=0.00, real=0.03 secs] 
2014-03-13T01:05:10.410+0000: 759376.395: [GC2014-03-13T01:05:10.410+0000: 759376.395: [ParNew
Desired survivor size 8716288 bytes, new threshold 4 (max 6)
- age   1:    2694904 bytes,    2694904 total
- age   2:    2513872 bytes,    5208776 total
- age   3:    2434496 bytes,    7643272 total
- age   4:    2445336 bytes,   10088608 total
: 150948K->14672K(153344K), 0.0270510 secs] 890371K->756610K(1230656K), 0.0272250 secs] [Times: user=0.06 sys=0.00, real=0.03 secs] 
2014-03-13T01:09:35.916+0000: 759641.901: [GC2014-03-13T01:09:35.916+0000: 759641.901: [ParNew
Desired survivor size 8716288 bytes, new threshold 4 (max 6)
- age   1:    2637728 bytes,    2637728 total
- age   2:    2474016 bytes,    5111744 total
- age   3:    2467736 bytes,    7579480 total
- age   4:    2433384 bytes,   10012864 total
: 150992K->14676K(153344K), 0.0255490 secs] 892930K->759089K(1230656K), 0.0257000 secs] [Times: user=0.06 sys=0.00, real=0.02 secs] 
2014-03-13T01:14:00.197+0000: 759906.182: [GC2014-03-13T01:14:00.197+0000: 759906.182: [ParNew
Desired survivor size 8716288 bytes, new threshold 4 (max 6)
- age   1:    2757936 bytes,    2757936 total
- age   2:    2441944 bytes,    5199880 total
- age   3:    2472896 bytes,    7672776 total
- age   4:    2466552 bytes,   10139328 total
: 150996K->14726K(153344K), 0.0259870 secs] 895409K->761640K(1230656K), 0.0261420 secs] [Times: user=0.06 sys=0.00, real=0.03 secs] 
2014-03-13T01:18:25.909+0000: 760171.894: [GC2014-03-13T01:18:25.909+0000: 760171.894: [ParNew
Desired survivor size 8716288 bytes, new threshold 4 (max 6)
- age   1:    2764640 bytes,    2764640 total
- age   2:    2514736 bytes,    5279376 total
- age   3:    2432592 bytes,    7711968 total
- age   4:    2432904 bytes,   10144872 total
: 151046K->14692K(153344K), 0.0254800 secs] 897960K->764102K(1230656K), 0.0256250 secs] [Times: user=0.06 sys=0.00, real=0.03 secs] 
2014-03-13T01:22:50.793+0000: 760436.778: [GC2014-03-13T01:22:50.793+0000: 760436.778: [ParNew
Desired survivor size 8716288 bytes, new threshold 4 (max 6)
- age   1:    2742976 bytes,    2742976 total
- age   2:    2443928 bytes,    5186904 total
- age   3:    2512696 bytes,    7699600 total
- age   4:    2431904 bytes,   10131504 total
: 151012K->14873K(153344K), 0.0266640 secs] 900422K->766785K(1230656K), 0.0268120 secs] [Times: user=0.05 sys=0.00, real=0.03 secs] 
2014-03-13T01:27:15.638+0000: 760701.622: [GC2014-03-13T01:27:15.638+0000: 760701.623: [ParNew
Desired survivor size 8716288 bytes, new threshold 4 (max 6)
- age   1:    2686792 bytes,    2686792 total
- age   2:    2513200 bytes,    5199992 total
- age   3:    2434392 bytes,    7634384 total
- age   4:    2432760 bytes,   10067144 total
: 151193K->14722K(153344K), 0.0253300 secs] 903105K->769134K(1230656K), 0.0254700 secs] [Times: user=0.05 sys=0.00, real=0.03 secs] 
2014-03-13T01:31:39.909+0000: 760965.894: [GC2014-03-13T01:31:39.909+0000: 760965.894: [ParNew
Desired survivor size 8716288 bytes, new threshold 4 (max 6)
- age   1:    2691024 bytes,    2691024 total
- age   2:    2434568 bytes,    5125592 total
- age   3:    2512160 bytes,    7637752 total
- age   4:    2434072 bytes,   10071824 total
: 151042K->14719K(153344K), 0.0276140 secs] 905454K->771633K(1230656K), 0.0277590 secs] [Times: user=0.05 sys=0.00, real=0.03 secs] 
2014-03-13T01:36:05.298+0000: 761231.283: [GC2014-03-13T01:36:05.298+0000: 761231.283: [ParNew
Desired survivor size 8716288 bytes, new threshold 4 (max 6)
- age   1:    2656368 bytes,    2656368 total
- age   2:    2496528 bytes,    5152896 total
- age   3:    2433080 bytes,    7585976 total
- age   4:    2510824 bytes,   10096800 total
: 151039K->14798K(153344K), 0.0258910 secs] 907953K->774215K(1230656K), 0.0260510 secs] [Times: user=0.06 sys=0.00, real=0.03 secs] 
2014-03-13T01:40:28.985+0000: 761494.970: [GC2014-03-13T01:40:28.985+0000: 761494.970: [ParNew
Desired survivor size 8716288 bytes, new threshold 4 (max 6)
- age   1:    2671632 bytes,    2671632 total
- age   2:    2513672 bytes,    5185304 total
- age   3:    2433704 bytes,    7619008 total
- age   4:    2432568 bytes,   10051576 total
: 151118K->14665K(153344K), 0.0258890 secs] 910535K->776582K(1230656K), 0.0260330 secs] [Times: user=0.06 sys=0.00, real=0.02 secs] 
2014-03-13T01:44:54.039+0000: 761760.024: [GC2014-03-13T01:44:54.039+0000: 761760.024: [ParNew
Desired survivor size 8716288 bytes, new threshold 4 (max 6)
- age   1:    2708064 bytes,    2708064 total
- age   2:    2470320 bytes,    5178384 total
- age   3:    2512392 bytes,    7690776 total
- age   4:    2432712 bytes,   10123488 total
: 150985K->14765K(153344K), 0.0255560 secs] 912902K->779183K(1230656K), 0.0256990 secs] [Times: user=0.06 sys=0.00, real=0.03 secs] 
2014-03-13T01:49:18.909+0000: 762024.894: [GC2014-03-13T01:49:18.909+0000: 762024.894: [ParNew
Desired survivor size 8716288 bytes, new threshold 4 (max 6)
- age   1:    2647728 bytes,    2647728 total
- age   2:    2513896 bytes,    5161624 total
- age   3:    2424376 bytes,    7586000 total
- age   4:    2432856 bytes,   10018856 total
: 151085K->14684K(153344K), 0.0254740 secs] 915503K->781604K(1230656K), 0.0256180 secs] [Times: user=0.05 sys=0.00, real=0.03 secs] 
2014-03-13T01:53:43.037+0000: 762289.022: [GC2014-03-13T01:53:43.038+0000: 762289.022: [ParNew
Desired survivor size 8716288 bytes, new threshold 4 (max 6)
- age   1:    2779024 bytes,    2779024 total
- age   2:    2444696 bytes,    5223720 total
- age   3:    2512992 bytes,    7736712 total
- age   4:    2423320 bytes,   10160032 total
: 151004K->14696K(153344K), 0.0257590 secs] 917924K->784117K(1230656K), 0.0259070 secs] [Times: user=0.06 sys=0.00, real=0.03 secs] 
2014-03-13T01:58:06.709+0000: 762552.694: [GC2014-03-13T01:58:06.710+0000: 762552.694: [ParNew
Desired survivor size 8716288 bytes, new threshold 4 (max 6)
- age   1:    2658592 bytes,    2658592 total
- age   2:    2465944 bytes,    5124536 total
- age   3:    2443824 bytes,    7568360 total
- age   4:    2472592 bytes,   10040952 total
: 151016K->14800K(153344K), 0.0261380 secs] 920437K->786712K(1230656K), 0.0262970 secs] [Times: user=0.05 sys=0.01, real=0.03 secs] 
2014-03-13T02:02:30.958+0000: 762816.943: [GC2014-03-13T02:02:30.958+0000: 762816.943: [ParNew
Desired survivor size 8716288 bytes, new threshold 4 (max 6)
- age   1:    2656624 bytes,    2656624 total
- age   2:    2436976 bytes,    5093600 total
- age   3:    2464472 bytes,    7558072 total
- age   4:    2443312 bytes,   10001384 total
: 151120K->14656K(153344K), 0.0255370 secs] 923032K->789069K(1230656K), 0.0256790 secs] [Times: user=0.06 sys=0.00, real=0.03 secs] 
2014-03-13T02:06:55.371+0000: 763081.356: [GC2014-03-13T02:06:55.371+0000: 763081.356: [ParNew
Desired survivor size 8716288 bytes, new threshold 4 (max 6)
- age   1:    2772528 bytes,    2772528 total
- age   2:    2434056 bytes,    5206584 total
- age   3:    2435320 bytes,    7641904 total
- age   4:    2463384 bytes,   10105288 total
: 150976K->14709K(153344K), 0.0253770 secs] 925389K->791635K(1230656K), 0.0255230 secs] [Times: user=0.06 sys=0.00, real=0.03 secs] 
2014-03-13T02:11:20.916+0000: 763346.901: [GC2014-03-13T02:11:20.916+0000: 763346.901: [ParNew
Desired survivor size 8716288 bytes, new threshold 4 (max 6)
- age   1:    2644688 bytes,    2644688 total
- age   2:    2523968 bytes,    5168656 total
- age   3:    2432888 bytes,    7601544 total
- age   4:    2395368 bytes,    9996912 total
: 151029K->14649K(153344K), 0.0253670 secs] 927955K->794067K(1230656K), 0.0255250 secs] [Times: user=0.06 sys=0.00, real=0.02 secs] 
2014-03-13T02:15:45.098+0000: 763611.082: [GC2014-03-13T02:15:45.098+0000: 763611.082: [ParNew
Desired survivor size 8716288 bytes, new threshold 4 (max 6)
- age   1:    2762632 bytes,    2762632 total
- age   2:    2486920 bytes,    5249552 total
- age   3:    2513944 bytes,    7763496 total
- age   4:    2432664 bytes,   10196160 total
: 150969K->14700K(153344K), 0.0259850 secs] 930387K->796581K(1230656K), 0.0261280 secs] [Times: user=0.05 sys=0.00, real=0.03 secs] 
2014-03-13T02:20:10.518+0000: 763876.503: [GC2014-03-13T02:20:10.518+0000: 763876.503: [ParNew
Desired survivor size 8716288 bytes, new threshold 4 (max 6)
- age   1:    2683720 bytes,    2683720 total
- age   2:    2515560 bytes,    5199280 total
- age   3:    2432360 bytes,    7631640 total
- age   4:    2434360 bytes,   10066000 total
: 151020K->14751K(153344K), 0.0261020 secs] 932901K->799133K(1230656K), 0.0262620 secs] [Times: user=0.06 sys=0.00, real=0.03 secs] 
2014-03-13T02:24:35.314+0000: 764141.299: [GC2014-03-13T02:24:35.314+0000: 764141.299: [ParNew
Desired survivor size 8716288 bytes, new threshold 4 (max 6)
- age   1:    2678384 bytes,    2678384 total
- age   2:    2488664 bytes,    5167048 total
- age   3:    2513976 bytes,    7681024 total
- age   4:    2431448 bytes,   10112472 total
: 151071K->14761K(153344K), 0.0259530 secs] 935453K->801646K(1230656K), 0.0261120 secs] [Times: user=0.05 sys=0.00, real=0.02 secs] 
2014-03-13T02:29:00.000+0000: 764405.985: [GC2014-03-13T02:29:00.000+0000: 764405.985: [ParNew
Desired survivor size 8716288 bytes, new threshold 4 (max 6)
- age   1:    2728552 bytes,    2728552 total
- age   2:    2474648 bytes,    5203200 total
- age   3:    2434152 bytes,    7637352 total
- age   4:    2473640 bytes,   10110992 total
: 151081K->14766K(153344K), 0.0256160 secs] 937966K->804151K(1230656K), 0.0257680 secs] [Times: user=0.05 sys=0.00, real=0.03 secs] 
2014-03-13T02:33:25.493+0000: 764671.478: [GC2014-03-13T02:33:25.493+0000: 764671.478: [ParNew
Desired survivor size 8716288 bytes, new threshold 4 (max 6)
- age   1:    2683584 bytes,    2683584 total
- age   2:    2473456 bytes,    5157040 total
- age   3:    2474264 bytes,    7631304 total
- age   4:    2433240 bytes,   10064544 total
: 151086K->14723K(153344K), 0.0254730 secs] 940471K->806610K(1230656K), 0.0256400 secs] [Times: user=0.06 sys=0.00, real=0.03 secs] 
2014-03-13T02:37:50.401+0000: 764936.385: [GC2014-03-13T02:37:50.401+0000: 764936.386: [ParNew
Desired survivor size 8716288 bytes, new threshold 4 (max 6)
- age   1:    2689792 bytes,    2689792 total
- age   2:    2488280 bytes,    5178072 total
- age   3:    2471696 bytes,    7649768 total
- age   4:    2473392 bytes,   10123160 total
: 151043K->14792K(153344K), 0.0259730 secs] 942930K->809182K(1230656K), 0.0261200 secs] [Times: user=0.05 sys=0.00, real=0.03 secs] 
2014-03-13T02:42:15.268+0000: 765201.253: [GC2014-03-13T02:42:15.268+0000: 765201.253: [ParNew
Desired survivor size 8716288 bytes, new threshold 4 (max 6)
- age   1:    2657016 bytes,    2657016 total
- age   2:    2522856 bytes,    5179872 total
- age   3:    2433864 bytes,    7613736 total
- age   4:    2431496 bytes,   10045232 total
: 151112K->14692K(153344K), 0.0257450 secs] 945502K->811584K(1230656K), 0.0258950 secs] [Times: user=0.06 sys=0.00, real=0.02 secs] 
2014-03-13T02:46:40.241+0000: 765466.226: [GC2014-03-13T02:46:40.241+0000: 765466.226: [ParNew
Desired survivor size 8716288 bytes, new threshold 4 (max 6)
- age   1:    2707928 bytes,    2707928 total
- age   2:    2433960 bytes,    5141888 total
- age   3:    2512992 bytes,    7654880 total
- age   4:    2433144 bytes,   10088024 total
: 151012K->14727K(153344K), 0.0255490 secs] 947904K->814119K(1230656K), 0.0256980 secs] [Times: user=0.05 sys=0.00, real=0.03 secs] 
2014-03-13T02:51:05.446+0000: 765731.431: [GC2014-03-13T02:51:05.446+0000: 765731.431: [ParNew
Desired survivor size 8716288 bytes, new threshold 4 (max 6)
- age   1:    2721032 bytes,    2721032 total
- age   2:    2474336 bytes,    5195368 total
- age   3:    2432888 bytes,    7628256 total
- age   4:    2472784 bytes,   10101040 total
: 151047K->14727K(153344K), 0.0258710 secs] 950439K->816621K(1230656K), 0.0260410 secs] [Times: user=0.06 sys=0.00, real=0.02 secs] 
2014-03-13T02:55:30.076+0000: 765996.060: [GC2014-03-13T02:55:30.076+0000: 765996.060: [ParNew
Desired survivor size 8716288 bytes, new threshold 4 (max 6)
- age   1:    2655616 bytes,    2655616 total
- age   2:    2482144 bytes,    5137760 total
- age   3:    2473312 bytes,    7611072 total
- age   4:    2432520 bytes,   10043592 total
: 151047K->14704K(153344K), 0.0257740 secs] 952941K->819100K(1230656K), 0.0259180 secs] [Times: user=0.06 sys=0.00, real=0.02 secs] 
2014-03-13T02:59:54.911+0000: 766260.896: [GC2014-03-13T02:59:54.912+0000: 766260.896: [ParNew
Desired survivor size 8716288 bytes, new threshold 4 (max 6)
- age   1:    2674792 bytes,    2674792 total
- age   2:    2479384 bytes,    5154176 total
- age   3:    2472176 bytes,    7626352 total
- age   4:    2472160 bytes,   10098512 total
: 151024K->14766K(153344K), 0.0258650 secs] 955420K->821663K(1230656K), 0.0260090 secs] [Times: user=0.06 sys=0.00, real=0.03 secs] 
2014-03-13T03:04:21.002+0000: 766526.987: [GC2014-03-13T03:04:21.002+0000: 766526.987: [ParNew
Desired survivor size 8716288 bytes, new threshold 4 (max 6)
- age   1:    2651968 bytes,    2651968 total
- age   2:    2514768 bytes,    5166736 total
- age   3:    2432904 bytes,    7599640 total
- age   4:    2432264 bytes,   10031904 total
: 151086K->14656K(153344K), 0.0262600 secs] 957983K->824054K(1230656K), 0.0264180 secs] [Times: user=0.05 sys=0.00, real=0.02 secs] 
2014-03-13T03:08:45.951+0000: 766791.936: [GC2014-03-13T03:08:45.951+0000: 766791.936: [ParNew
Desired survivor size 8716288 bytes, new threshold 4 (max 6)
- age   1:    2671264 bytes,    2671264 total
- age   2:    2488360 bytes,    5159624 total
- age   3:    2513504 bytes,    7673128 total
- age   4:    2432056 bytes,   10105184 total
: 150976K->14742K(153344K), 0.0258090 secs] 960374K->826641K(1230656K), 0.0259460 secs] [Times: user=0.05 sys=0.00, real=0.03 secs] 
2014-03-13T03:13:10.155+0000: 767056.140: [GC2014-03-13T03:13:10.155+0000: 767056.140: [ParNew
Desired survivor size 8716288 bytes, new threshold 4 (max 6)
- age   1:    2678240 bytes,    2678240 total
- age   2:    2513656 bytes,    5191896 total
- age   3:    2433816 bytes,    7625712 total
- age   4:    2434256 bytes,   10059968 total
: 151062K->14661K(153344K), 0.0265590 secs] 962961K->829060K(1230656K), 0.0267190 secs] [Times: user=0.05 sys=0.00, real=0.02 secs] 
2014-03-13T03:17:35.480+0000: 767321.465: [GC2014-03-13T03:17:35.480+0000: 767321.465: [ParNew
Desired survivor size 8716288 bytes, new threshold 4 (max 6)
- age   1:    2713640 bytes,    2713640 total
- age   2:    2436912 bytes,    5150552 total
- age   3:    2512480 bytes,    7663032 total
- age   4:    2433240 bytes,   10096272 total
: 150981K->14730K(153344K), 0.0257490 secs] 965380K->831632K(1230656K), 0.0258950 secs] [Times: user=0.05 sys=0.00, real=0.03 secs] 
2014-03-13T03:22:00.411+0000: 767586.396: [GC2014-03-13T03:22:00.411+0000: 767586.396: [ParNew
Desired survivor size 8716288 bytes, new threshold 4 (max 6)
- age   1:    2634088 bytes,    2634088 total
- age   2:    2521568 bytes,    5155656 total
- age   3:    2435984 bytes,    7591640 total
- age   4:    2472368 bytes,   10064008 total
: 151050K->14740K(153344K), 0.0255670 secs] 967952K->834144K(1230656K), 0.0257230 secs] [Times: user=0.05 sys=0.00, real=0.03 secs] 
2014-03-13T03:26:25.384+0000: 767851.369: [GC2014-03-13T03:26:25.384+0000: 767851.369: [ParNew
Desired survivor size 8716288 bytes, new threshold 4 (max 6)
- age   1:    2662880 bytes,    2662880 total
- age   2:    2474168 bytes,    5137048 total
- age   3:    2475344 bytes,    7612392 total
- age   4:    2435568 bytes,   10047960 total
: 151060K->14666K(153344K), 0.0256720 secs] 970464K->836571K(1230656K), 0.0258230 secs] [Times: user=0.06 sys=0.00, real=0.02 secs] 
2014-03-13T03:30:50.270+0000: 768116.255: [GC2014-03-13T03:30:50.270+0000: 768116.255: [ParNew
Desired survivor size 8716288 bytes, new threshold 4 (max 6)
- age   1:    2680576 bytes,    2680576 total
- age   2:    2487992 bytes,    5168568 total
- age   3:    2473200 bytes,    7641768 total
- age   4:    2474200 bytes,   10115968 total
: 150986K->14760K(153344K), 0.0256670 secs] 972891K->839169K(1230656K), 0.0258120 secs] [Times: user=0.05 sys=0.00, real=0.03 secs] 
2014-03-13T03:35:13.985+0000: 768379.970: [GC2014-03-13T03:35:13.985+0000: 768379.970: [ParNew
Desired survivor size 8716288 bytes, new threshold 4 (max 6)
- age   1:    2669144 bytes,    2669144 total
- age   2:    2514456 bytes,    5183600 total
- age   3:    2441656 bytes,    7625256 total
- age   4:    2432952 bytes,   10058208 total
: 151080K->14677K(153344K), 0.0264710 secs] 975489K->841590K(1230656K), 0.0266280 secs] [Times: user=0.05 sys=0.00, real=0.02 secs] 
2014-03-13T03:39:37.083+0000: 768643.068: [GC2014-03-13T03:39:37.083+0000: 768643.068: [ParNew
Desired survivor size 8716288 bytes, new threshold 4 (max 6)
- age   1:    2738320 bytes,    2738320 total
- age   2:    2423408 bytes,    5161728 total
- age   3:    2512856 bytes,    7674584 total
- age   4:    2432424 bytes,   10107008 total
: 150997K->14774K(153344K), 0.0259400 secs] 977910K->844188K(1230656K), 0.0260820 secs] [Times: user=0.05 sys=0.00, real=0.02 secs] 
2014-03-13T03:44:01.198+0000: 768907.182: [GC2014-03-13T03:44:01.198+0000: 768907.183: [ParNew
Desired survivor size 8716288 bytes, new threshold 4 (max 6)
- age   1:    2632088 bytes,    2632088 total
- age   2:    2507128 bytes,    5139216 total
- age   3:    2422624 bytes,    7561840 total
- age   4:    2433176 bytes,    9995016 total
: 151094K->14671K(153344K), 0.0266410 secs] 980508K->846586K(1230656K), 0.0268010 secs] [Times: user=0.06 sys=0.00, real=0.03 secs] 
2014-03-13T03:48:25.916+0000: 769171.901: [GC2014-03-13T03:48:25.916+0000: 769171.901: [ParNew
Desired survivor size 8716288 bytes, new threshold 4 (max 6)
- age   1:    2684648 bytes,    2684648 total
- age   2:    2415936 bytes,    5100584 total
- age   3:    2497448 bytes,    7598032 total
- age   4:    2421872 bytes,   10019904 total
: 150991K->14664K(153344K), 0.0254360 secs] 982906K->849081K(1230656K), 0.0256010 secs] [Times: user=0.06 sys=0.00, real=0.02 secs] 
2014-03-13T03:52:50.916+0000: 769436.901: [GC2014-03-13T03:52:50.916+0000: 769436.901: [ParNew
Desired survivor size 8716288 bytes, new threshold 4 (max 6)
- age   1:    2677640 bytes,    2677640 total
- age   2:    2472680 bytes,    5150320 total
- age   3:    2415056 bytes,    7565376 total
- age   4:    2457256 bytes,   10022632 total
: 150984K->14637K(153344K), 0.0258010 secs] 985401K->851544K(1230656K), 0.0259560 secs] [Times: user=0.06 sys=0.00, real=0.03 secs] 
2014-03-13T03:57:15.776+0000: 769701.761: [GC2014-03-13T03:57:15.776+0000: 769701.761: [ParNew
Desired survivor size 8716288 bytes, new threshold 4 (max 6)
- age   1:    2642216 bytes,    2642216 total
- age   2:    2519624 bytes,    5161840 total
- age   3:    2471800 bytes,    7633640 total
- age   4:    2414736 bytes,   10048376 total
: 150957K->14595K(153344K), 0.0254460 secs] 987864K->853987K(1230656K), 0.0255950 secs] [Times: user=0.06 sys=0.00, real=0.02 secs] 
2014-03-13T04:01:40.769+0000: 769966.754: [GC2014-03-13T04:01:40.769+0000: 769966.754: [ParNew
Desired survivor size 8716288 bytes, new threshold 4 (max 6)
- age   1:    2740584 bytes,    2740584 total
- age   2:    2434088 bytes,    5174672 total
- age   3:    2473184 bytes,    7647856 total
- age   4:    2471104 bytes,   10118960 total
: 150915K->14746K(153344K), 0.0260680 secs] 990307K->856622K(1230656K), 0.0262230 secs] [Times: user=0.06 sys=0.00, real=0.03 secs] 
2014-03-13T04:06:04.266+0000: 770230.251: [GC2014-03-13T04:06:04.266+0000: 770230.251: [ParNew
Desired survivor size 8716288 bytes, new threshold 4 (max 6)
- age   1:    2651112 bytes,    2651112 total
- age   2:    2515920 bytes,    5167032 total
- age   3:    2433416 bytes,    7600448 total
- age   4:    2432664 bytes,   10033112 total
: 151066K->14674K(153344K), 0.0259920 secs] 992942K->859050K(1230656K), 0.0261350 secs] [Times: user=0.05 sys=0.00, real=0.02 secs] 
2014-03-13T04:10:28.300+0000: 770494.284: [GC2014-03-13T04:10:28.300+0000: 770494.284: [ParNew
Desired survivor size 8716288 bytes, new threshold 4 (max 6)
- age   1:    2714648 bytes,    2714648 total
- age   2:    2430608 bytes,    5145256 total
- age   3:    2513688 bytes,    7658944 total
- age   4:    2432856 bytes,   10091800 total
: 150994K->14707K(153344K), 0.0253850 secs] 995370K->861584K(1230656K), 0.0255400 secs] [Times: user=0.05 sys=0.00, real=0.03 secs] 
2014-03-13T04:14:50.222+0000: 770756.207: [GC2014-03-13T04:14:50.222+0000: 770756.207: [ParNew
Desired survivor size 8716288 bytes, new threshold 4 (max 6)
- age   1:    2705744 bytes,    2705744 total
- age   2:    2453808 bytes,    5159552 total
- age   3:    2421360 bytes,    7580912 total
- age   4:    2473400 bytes,   10054312 total
: 151027K->14728K(153344K), 0.0255370 secs] 997904K->864107K(1230656K), 0.0256880 secs] [Times: user=0.06 sys=0.00, real=0.02 secs] 
2014-03-13T04:19:15.635+0000: 771021.620: [GC2014-03-13T04:19:15.635+0000: 771021.620: [ParNew
Desired survivor size 8716288 bytes, new threshold 4 (max 6)
- age   1:    2699704 bytes,    2699704 total
- age   2:    2468424 bytes,    5168128 total
- age   3:    2452880 bytes,    7621008 total
- age   4:    2420848 bytes,   10041856 total
: 151048K->14653K(153344K), 0.0253560 secs] 1000427K->866535K(1230656K), 0.0255060 secs] [Times: user=0.06 sys=0.00, real=0.02 secs] 
2014-03-13T04:23:39.667+0000: 771285.652: [GC2014-03-13T04:23:39.667+0000: 771285.652: [ParNew
Desired survivor size 8716288 bytes, new threshold 4 (max 6)
- age   1:    2787664 bytes,    2787664 total
- age   2:    2447808 bytes,    5235472 total
- age   3:    2458360 bytes,    7693832 total
- age   4:    2452248 bytes,   10146080 total
: 150973K->14751K(153344K), 0.0257190 secs] 1002855K->869122K(1230656K), 0.0258620 secs] [Times: user=0.06 sys=0.00, real=0.02 secs] 
2014-03-13T04:28:04.699+0000: 771550.684: [GC2014-03-13T04:28:04.699+0000: 771550.684: [ParNew
Desired survivor size 8716288 bytes, new threshold 4 (max 6)
- age   1:    2666032 bytes,    2666032 total
- age   2:    2516800 bytes,    5182832 total
- age   3:    2438552 bytes,    7621384 total
- age   4:    2417816 bytes,   10039200 total
: 151071K->14706K(153344K), 0.0255970 secs] 1005442K->871557K(1230656K), 0.0257720 secs] [Times: user=0.05 sys=0.00, real=0.03 secs] 
2014-03-13T04:32:28.909+0000: 771814.894: [GC2014-03-13T04:32:28.909+0000: 771814.894: [ParNew
Desired survivor size 8716288 bytes, new threshold 4 (max 6)
- age   1:    2741456 bytes,    2741456 total
- age   2:    2459872 bytes,    5201328 total
- age   3:    2506392 bytes,    7707720 total
- age   4:    2438184 bytes,   10145904 total
: 151026K->14762K(153344K), 0.0257710 secs] 1007877K->874099K(1230656K), 0.0259150 secs] [Times: user=0.05 sys=0.00, real=0.03 secs] 
2014-03-13T04:36:50.853+0000: 772076.838: [GC2014-03-13T04:36:50.853+0000: 772076.838: [ParNew
Desired survivor size 8716288 bytes, new threshold 4 (max 6)
- age   1:    2674872 bytes,    2674872 total
- age   2:    2512928 bytes,    5187800 total
- age   3:    2405456 bytes,    7593256 total
- age   4:    2426616 bytes,   10019872 total
: 151082K->14709K(153344K), 0.0260630 secs] 1010419K->876553K(1230656K), 0.0262180 secs] [Times: user=0.06 sys=0.00, real=0.03 secs] 
2014-03-13T04:41:15.653+0000: 772341.638: [GC2014-03-13T04:41:15.653+0000: 772341.638: [ParNew
Desired survivor size 8716288 bytes, new threshold 4 (max 6)
- age   1:    2717744 bytes,    2717744 total
- age   2:    2437072 bytes,    5154816 total
- age   3:    2502504 bytes,    7657320 total
- age   4:    2404608 bytes,   10061928 total
: 151029K->14701K(153344K), 0.0268350 secs] 1012873K->879041K(1230656K), 0.0269890 secs] [Times: user=0.05 sys=0.00, real=0.03 secs] 
2014-03-13T04:45:39.960+0000: 772605.945: [GC2014-03-13T04:45:39.960+0000: 772605.945: [ParNew
Desired survivor size 8716288 bytes, new threshold 4 (max 6)
- age   1:    2697264 bytes,    2697264 total
- age   2:    2483288 bytes,    5180552 total
- age   3:    2435920 bytes,    7616472 total
- age   4:    2462056 bytes,   10078528 total
: 151021K->14694K(153344K), 0.0253930 secs] 1015361K->881506K(1230656K), 0.0255330 secs] [Times: user=0.06 sys=0.00, real=0.03 secs] 
2014-03-13T04:50:05.917+0000: 772871.902: [GC2014-03-13T04:50:05.917+0000: 772871.902: [ParNew
Desired survivor size 8716288 bytes, new threshold 4 (max 6)
- age   1:    2648408 bytes,    2648408 total
- age   2:    2518784 bytes,    5167192 total
- age   3:    2473536 bytes,    7640728 total
- age   4:    2427232 bytes,   10067960 total
: 151014K->14670K(153344K), 0.0257640 secs] 1017826K->883973K(1230656K), 0.0259090 secs] [Times: user=0.05 sys=0.00, real=0.03 secs] 
2014-03-13T04:54:30.457+0000: 773136.441: [GC2014-03-13T04:54:30.457+0000: 773136.441: [ParNew
Desired survivor size 8716288 bytes, new threshold 4 (max 6)
- age   1:    2768200 bytes,    2768200 total
- age   2:    2434352 bytes,    5202552 total
- age   3:    2472176 bytes,    7674728 total
- age   4:    2472776 bytes,   10147504 total
: 150990K->14785K(153344K), 0.0257220 secs] 1020293K->886583K(1230656K), 0.0258590 secs] [Times: user=0.05 sys=0.00, real=0.03 secs] 
2014-03-13T04:58:55.843+0000: 773401.828: [GC2014-03-13T04:58:55.844+0000: 773401.828: [ParNew
Desired survivor size 8716288 bytes, new threshold 4 (max 6)
- age   1:    2665912 bytes,    2665912 total
- age   2:    2522144 bytes,    5188056 total
- age   3:    2433416 bytes,    7621472 total
- age   4:    2431784 bytes,   10053256 total
: 151105K->14717K(153344K), 0.0256590 secs] 1022903K->889018K(1230656K), 0.0258020 secs] [Times: user=0.05 sys=0.00, real=0.02 secs] 
2014-03-13T05:03:20.092+0000: 773666.077: [GC2014-03-13T05:03:20.092+0000: 773666.077: [ParNew
Desired survivor size 8716288 bytes, new threshold 4 (max 6)
- age   1:    2745024 bytes,    2745024 total
- age   2:    2434744 bytes,    5179768 total
- age   3:    2511944 bytes,    7691712 total
- age   4:    2433048 bytes,   10124760 total
: 151037K->14777K(153344K), 0.0257100 secs] 1025338K->891578K(1230656K), 0.0258430 secs] [Times: user=0.06 sys=0.00, real=0.03 secs] 
2014-03-13T05:07:45.492+0000: 773931.477: [GC2014-03-13T05:07:45.492+0000: 773931.477: [ParNew
Desired survivor size 8716288 bytes, new threshold 4 (max 6)
- age   1:    2668320 bytes,    2668320 total
- age   2:    2513344 bytes,    5181664 total
- age   3:    2433920 bytes,    7615584 total
- age   4:    2432616 bytes,   10048200 total
: 151097K->14689K(153344K), 0.0257970 secs] 1027898K->893992K(1230656K), 0.0259450 secs] [Times: user=0.05 sys=0.00, real=0.03 secs] 
2014-03-13T05:12:10.052+0000: 774196.037: [GC2014-03-13T05:12:10.052+0000: 774196.037: [ParNew
Desired survivor size 8716288 bytes, new threshold 4 (max 6)
- age   1:    2586048 bytes,    2586048 total
- age   2:    2488296 bytes,    5074344 total
- age   3:    2512512 bytes,    7586856 total
- age   4:    2433504 bytes,   10020360 total
: 151009K->14691K(153344K), 0.0263210 secs] 1030312K->896495K(1230656K), 0.0264760 secs] [Times: user=0.05 sys=0.00, real=0.03 secs] 
2014-03-13T05:16:34.305+0000: 774460.290: [GC2014-03-13T05:16:34.305+0000: 774460.290: [ParNew
Desired survivor size 8716288 bytes, new threshold 4 (max 6)
- age   1:    2757016 bytes,    2757016 total
- age   2:    2433280 bytes,    5190296 total
- age   3:    2433864 bytes,    7624160 total
- age   4:    2511320 bytes,   10135480 total
: 151011K->14735K(153344K), 0.0256020 secs] 1032815K->899041K(1230656K), 0.0257370 secs] [Times: user=0.06 sys=0.00, real=0.02 secs] 
2014-03-13T05:20:59.046+0000: 774725.031: [GC2014-03-13T05:20:59.046+0000: 774725.031: [ParNew
Desired survivor size 8716288 bytes, new threshold 4 (max 6)
- age   1:    2634576 bytes,    2634576 total
- age   2:    2558384 bytes,    5192960 total
- age   3:    2432696 bytes,    7625656 total
- age   4:    2433096 bytes,   10058752 total
: 151055K->14692K(153344K), 0.0255910 secs] 1035361K->901498K(1230656K), 0.0257250 secs] [Times: user=0.06 sys=0.00, real=0.02 secs] 
2014-03-13T05:25:24.579+0000: 774990.564: [GC2014-03-13T05:25:24.579+0000: 774990.564: [ParNew
Desired survivor size 8716288 bytes, new threshold 4 (max 6)
- age   1:    2723528 bytes,    2723528 total
- age   2:    2441496 bytes,    5165024 total
- age   3:    2502480 bytes,    7667504 total
- age   4:    2432136 bytes,   10099640 total
: 151012K->14779K(153344K), 0.0256970 secs] 1037818K->904088K(1230656K), 0.0258360 secs] [Times: user=0.05 sys=0.00, real=0.03 secs] 
2014-03-13T05:29:49.414+0000: 775255.399: [GC2014-03-13T05:29:49.414+0000: 775255.399: [ParNew
Desired survivor size 8716288 bytes, new threshold 4 (max 6)
- age   1:    2741376 bytes,    2741376 total
- age   2:    2496328 bytes,    5237704 total
- age   3:    2432792 bytes,    7670496 total
- age   4:    2422528 bytes,   10093024 total
: 151099K->14660K(153344K), 0.0258420 secs] 1040408K->906470K(1230656K), 0.0259830 secs] [Times: user=0.05 sys=0.00, real=0.02 secs] 
2014-03-13T05:34:13.939+0000: 775519.924: [GC2014-03-13T05:34:13.939+0000: 775519.924: [ParNew
Desired survivor size 8716288 bytes, new threshold 4 (max 6)
- age   1:    2695336 bytes,    2695336 total
- age   2:    2481528 bytes,    5176864 total
- age   3:    2494720 bytes,    7671584 total
- age   4:    2432472 bytes,   10104056 total
: 150980K->14771K(153344K), 0.0255260 secs] 1042790K->909071K(1230656K), 0.0256630 secs] [Times: user=0.05 sys=0.00, real=0.03 secs] 
2014-03-13T05:38:38.930+0000: 775784.915: [GC2014-03-13T05:38:38.930+0000: 775784.915: [ParNew
Desired survivor size 8716288 bytes, new threshold 4 (max 6)
- age   1:    2726440 bytes,    2726440 total
- age   2:    2462992 bytes,    5189432 total
- age   3:    2434152 bytes,    7623584 total
- age   4:    2454608 bytes,   10078192 total
: 151091K->14756K(153344K), 0.0255000 secs] 1045391K->911557K(1230656K), 0.0256430 secs] [Times: user=0.05 sys=0.00, real=0.03 secs] 
2014-03-13T05:43:03.389+0000: 776049.373: [GC2014-03-13T05:43:03.389+0000: 776049.373: [ParNew
Desired survivor size 8716288 bytes, new threshold 4 (max 6)
- age   1:    2677608 bytes,    2677608 total
- age   2:    2483760 bytes,    5161368 total
- age   3:    2462464 bytes,    7623832 total
- age   4:    2433336 bytes,   10057168 total
: 151076K->14687K(153344K), 0.0257600 secs] 1047877K->913972K(1230656K), 0.0259340 secs] [Times: user=0.06 sys=0.00, real=0.03 secs] 
2014-03-13T05:47:27.396+0000: 776313.381: [GC2014-03-13T05:47:27.396+0000: 776313.381: [ParNew
Desired survivor size 8716288 bytes, new threshold 4 (max 6)
- age   1:    2746800 bytes,    2746800 total
- age   2:    2452928 bytes,    5199728 total
- age   3:    2473896 bytes,    7673624 total
- age   4:    2461720 bytes,   10135344 total
: 151007K->14776K(153344K), 0.0287190 secs] 1050292K->916562K(1230656K), 0.0288810 secs] [Times: user=0.05 sys=0.01, real=0.03 secs] 
2014-03-13T05:51:51.644+0000: 776577.628: [GC2014-03-13T05:51:51.644+0000: 776577.629: [ParNew
Desired survivor size 8716288 bytes, new threshold 4 (max 6)
- age   1:    2634008 bytes,    2634008 total
- age   2:    2554992 bytes,    5189000 total
- age   3:    2443392 bytes,    7632392 total
- age   4:    2433696 bytes,   10066088 total
: 151096K->14700K(153344K), 0.0264430 secs] 1052882K->918976K(1230656K), 0.0265990 secs] [Times: user=0.06 sys=0.00, real=0.02 secs] 
2014-03-13T05:56:15.889+0000: 776841.874: [GC2014-03-13T05:56:15.889+0000: 776841.874: [ParNew
Desired survivor size 8716288 bytes, new threshold 4 (max 6)
- age   1:    2749784 bytes,    2749784 total
- age   2:    2435392 bytes,    5185176 total
- age   3:    2508520 bytes,    7693696 total
- age   4:    2442976 bytes,   10136672 total
: 151020K->14790K(153344K), 0.0263530 secs] 1055296K->921568K(1230656K), 0.0265020 secs] [Times: user=0.05 sys=0.00, real=0.03 secs] 
2014-03-13T06:00:40.791+0000: 777106.775: [GC2014-03-13T06:00:40.791+0000: 777106.775: [ParNew
Desired survivor size 8716288 bytes, new threshold 4 (max 6)
- age   1:    2627976 bytes,    2627976 total
- age   2:    2563680 bytes,    5191656 total
- age   3:    2426608 bytes,    7618264 total
- age   4:    2428376 bytes,   10046640 total
: 151110K->14706K(153344K), 0.0256000 secs] 1057888K->923997K(1230656K), 0.0257450 secs] [Times: user=0.06 sys=0.00, real=0.03 secs] 
2014-03-13T06:05:05.474+0000: 777371.458: [GC2014-03-13T06:05:05.474+0000: 777371.458: [ParNew
Desired survivor size 8716288 bytes, new threshold 4 (max 6)
- age   1:    2719768 bytes,    2719768 total
- age   2:    2434080 bytes,    5153848 total
- age   3:    2508792 bytes,    7662640 total
- age   4:    2426096 bytes,   10088736 total
: 151026K->14732K(153344K), 0.0258070 secs] 1060317K->926519K(1230656K), 0.0259520 secs] [Times: user=0.06 sys=0.00, real=0.03 secs] 
2014-03-13T06:09:30.426+0000: 777636.411: [GC2014-03-13T06:09:30.426+0000: 777636.411: [ParNew
Desired survivor size 8716288 bytes, new threshold 4 (max 6)
- age   1:    2701248 bytes,    2701248 total
- age   2:    2481192 bytes,    5182440 total
- age   3:    2433400 bytes,    7615840 total
- age   4:    2467992 bytes,   10083832 total
: 151052K->14730K(153344K), 0.0254740 secs] 1062839K->929012K(1230656K), 0.0256130 secs] [Times: user=0.04 sys=0.00, real=0.02 secs] 
2014-03-13T06:13:55.398+0000: 777901.382: [GC2014-03-13T06:13:55.398+0000: 777901.382: [ParNew
Desired survivor size 8716288 bytes, new threshold 4 (max 6)
- age   1:    2682680 bytes,    2682680 total
- age   2:    2478976 bytes,    5161656 total
- age   3:    2472040 bytes,    7633696 total
- age   4:    2433048 bytes,   10066744 total
: 151050K->14687K(153344K), 0.0258340 secs] 1065332K->931465K(1230656K), 0.0259800 secs] [Times: user=0.05 sys=0.00, real=0.03 secs] 
2014-03-13T06:18:20.270+0000: 778166.255: [GC2014-03-13T06:18:20.270+0000: 778166.255: [ParNew
Desired survivor size 8716288 bytes, new threshold 4 (max 6)
- age   1:    2762296 bytes,    2762296 total
- age   2:    2450680 bytes,    5212976 total
- age   3:    2477440 bytes,    7690416 total
- age   4:    2471488 bytes,   10161904 total
: 151007K->14786K(153344K), 0.0272860 secs] 1067785K->934066K(1230656K), 0.0274430 secs] [Times: user=0.05 sys=0.00, real=0.03 secs] 
2014-03-13T06:22:45.147+0000: 778431.132: [GC2014-03-13T06:22:45.147+0000: 778431.132: [ParNew
Desired survivor size 8716288 bytes, new threshold 4 (max 6)
- age   1:    2663960 bytes,    2663960 total
- age   2:    2515184 bytes,    5179144 total
- age   3:    2433128 bytes,    7612272 total
- age   4:    2437560 bytes,   10049832 total
: 151106K->14734K(153344K), 0.0268970 secs] 1070386K->936515K(1230656K), 0.0270510 secs] [Times: user=0.05 sys=0.00, real=0.03 secs] 
2014-03-13T06:27:10.042+0000: 778696.027: [GC2014-03-13T06:27:10.042+0000: 778696.027: [ParNew
Desired survivor size 8716288 bytes, new threshold 4 (max 6)
- age   1:    2663232 bytes,    2663232 total
- age   2:    2478088 bytes,    5141320 total
- age   3:    2513632 bytes,    7654952 total
- age   4:    2432856 bytes,   10087808 total
: 151054K->14739K(153344K), 0.0263390 secs] 1072835K->939026K(1230656K), 0.0264990 secs] [Times: user=0.06 sys=0.00, real=0.02 secs] 
2014-03-13T06:31:35.122+0000: 778961.106: [GC2014-03-13T06:31:35.122+0000: 778961.106: [ParNew
Desired survivor size 8716288 bytes, new threshold 4 (max 6)
- age   1:    2671272 bytes,    2671272 total
- age   2:    2481984 bytes,    5153256 total
- age   3:    2431736 bytes,    7584992 total
- age   4:    2473232 bytes,   10058224 total
: 151059K->14732K(153344K), 0.0258230 secs] 1075346K->941520K(1230656K), 0.0259790 secs] [Times: user=0.05 sys=0.00, real=0.03 secs] 
2014-03-13T06:35:59.761+0000: 779225.745: [GC2014-03-13T06:35:59.761+0000: 779225.745: [ParNew
Desired survivor size 8716288 bytes, new threshold 4 (max 6)
- age   1:    2652216 bytes,    2652216 total
- age   2:    2520440 bytes,    5172656 total
- age   3:    2472488 bytes,    7645144 total
- age   4:    2430920 bytes,   10076064 total
: 151052K->14660K(153344K), 0.0260310 secs] 1077840K->943951K(1230656K), 0.0261780 secs] [Times: user=0.05 sys=0.00, real=0.03 secs] 
2014-03-13T06:40:24.641+0000: 779490.626: [GC2014-03-13T06:40:24.641+0000: 779490.626: [ParNew
Desired survivor size 8716288 bytes, new threshold 4 (max 6)
- age   1:    2794736 bytes,    2794736 total
- age   2:    2400120 bytes,    5194856 total
- age   3:    2473920 bytes,    7668776 total
- age   4:    2471728 bytes,   10140504 total
: 150980K->14788K(153344K), 0.0258750 secs] 1080271K->946579K(1230656K), 0.0260170 secs] [Times: user=0.05 sys=0.00, real=0.03 secs] 
2014-03-13T06:44:48.340+0000: 779754.325: [GC2014-03-13T06:44:48.340+0000: 779754.325: [ParNew
Desired survivor size 8716288 bytes, new threshold 4 (max 6)
- age   1:    2686160 bytes,    2686160 total
- age   2:    2520560 bytes,    5206720 total
- age   3:    2399592 bytes,    7606312 total
- age   4:    2433528 bytes,   10039840 total
: 151108K->14709K(153344K), 0.0257470 secs] 1082899K->949001K(1230656K), 0.0258960 secs] [Times: user=0.06 sys=0.00, real=0.03 secs] 
2014-03-13T06:48:59.355+0000: 780005.340: [GC2014-03-13T06:48:59.355+0000: 780005.340: [ParNew
Desired survivor size 8716288 bytes, new threshold 4 (max 6)
- age   1:    2774376 bytes,    2774376 total
- age   2:    2431744 bytes,    5206120 total
- age   3:    2519040 bytes,    7725160 total
- age   4:    2399224 bytes,   10124384 total
: 151029K->14784K(153344K), 0.0257980 secs] 1085321K->951578K(1230656K), 0.0259460 secs] [Times: user=0.05 sys=0.00, real=0.02 secs] 
2014-03-13T06:53:20.098+0000: 780266.083: [GC2014-03-13T06:53:20.098+0000: 780266.083: [ParNew
Desired survivor size 8716288 bytes, new threshold 4 (max 6)
- age   1:    2639608 bytes,    2639608 total
- age   2:    2359400 bytes,    4999008 total
- age   3:    2422656 bytes,    7421664 total
- age   4:    2479016 bytes,    9900680 total
: 151104K->14675K(153344K), 0.0256240 secs] 1087898K->953935K(1230656K), 0.0257760 secs] [Times: user=0.05 sys=0.00, real=0.03 secs] 
2014-03-13T06:57:39.165+0000: 780525.149: [GC2014-03-13T06:57:39.165+0000: 780525.150: [ParNew
Desired survivor size 8716288 bytes, new threshold 4 (max 6)
- age   1:    2685928 bytes,    2685928 total
- age   2:    2417824 bytes,    5103752 total
- age   3:    2358016 bytes,    7461768 total
- age   4:    2422400 bytes,    9884168 total
: 150995K->14559K(153344K), 0.0258210 secs] 1090255K->956367K(1230656K), 0.0259790 secs] [Times: user=0.05 sys=0.00, real=0.02 secs] 
2014-03-13T07:01:54.909+0000: 780780.894: [GC2014-03-13T07:01:54.913+0000: 780780.898: [ParNew
Desired survivor size 8716288 bytes, new threshold 4 (max 6)
- age   1:    2657424 bytes,    2657424 total
- age   2:    2428152 bytes,    5085576 total
- age   3:    2416616 bytes,    7502192 total
- age   4:    2315968 bytes,    9818160 total
: 150879K->14440K(153344K), 0.0267860 secs] 1092687K->958738K(1230656K), 0.0308870 secs] [Times: user=0.05 sys=0.00, real=0.03 secs] 
2014-03-13T07:06:14.776+0000: 781040.761: [GC2014-03-13T07:06:14.776+0000: 781040.761: [ParNew
Desired survivor size 8716288 bytes, new threshold 4 (max 6)
- age   1:    2664640 bytes,    2664640 total
- age   2:    2395688 bytes,    5060328 total
- age   3:    2427048 bytes,    7487376 total
- age   4:    2416152 bytes,    9903528 total
: 150760K->14338K(153344K), 0.0267080 secs] 1095058K->961017K(1230656K), 0.0268710 secs] [Times: user=0.05 sys=0.00, real=0.03 secs] 
2014-03-13T07:10:24.612+0000: 781290.597: [GC2014-03-13T07:10:24.613+0000: 781290.597: [ParNew
Desired survivor size 8716288 bytes, new threshold 4 (max 6)
- age   1:    2727720 bytes,    2727720 total
- age   2:    2363432 bytes,    5091152 total
- age   3:    2388384 bytes,    7479536 total
- age   4:    2426552 bytes,    9906088 total
: 150658K->14525K(153344K), 0.0259080 secs] 1097337K->963689K(1230656K), 0.0260510 secs] [Times: user=0.05 sys=0.00, real=0.03 secs] 
2014-03-13T07:14:40.533+0000: 781546.518: [GC2014-03-13T07:14:40.533+0000: 781546.518: [ParNew
Desired survivor size 8716288 bytes, new threshold 4 (max 6)
- age   1:    2640160 bytes,    2640160 total
- age   2:    2363784 bytes,    5003944 total
- age   3:    2362424 bytes,    7366368 total
- age   4:    2347464 bytes,    9713832 total
: 150845K->9620K(153344K), 0.0262510 secs] 1100009K->961277K(1230656K), 0.0263960 secs] [Times: user=0.06 sys=0.00, real=0.03 secs] 
2014-03-13T07:18:59.710+0000: 781805.695: [GC2014-03-13T07:18:59.710+0000: 781805.695: [ParNew
Desired survivor size 8716288 bytes, new threshold 4 (max 6)
- age   1:    2657968 bytes,    2657968 total
- age   2:    2359848 bytes,    5017816 total
- age   3:    2362376 bytes,    7380192 total
- age   4:    2362056 bytes,    9742248 total
: 145940K->14257K(153344K), 0.0263250 secs] 1097597K->968327K(1230656K), 0.0264930 secs] [Times: user=0.05 sys=0.00, real=0.03 secs] 
2014-03-13T07:23:20.324+0000: 782066.309: [GC2014-03-13T07:23:20.324+0000: 782066.309: [ParNew
Desired survivor size 8716288 bytes, new threshold 4 (max 6)
- age   1:    2595464 bytes,    2595464 total
- age   2:    2474320 bytes,    5069784 total
- age   3:    2358936 bytes,    7428720 total
- age   4:    2322464 bytes,    9751184 total
: 150577K->17024K(153344K), 0.0261090 secs] 1104647K->973592K(1230656K), 0.0262620 secs] [Times: user=0.06 sys=0.00, real=0.02 secs] 
2014-03-13T07:27:34.909+0000: 782320.894: [GC2014-03-13T07:27:34.909+0000: 782320.894: [ParNew
Desired survivor size 8716288 bytes, new threshold 4 (max 6)
- age   1:    2557920 bytes,    2557920 total
- age   2:    2436992 bytes,    4994912 total
- age   3:    2472904 bytes,    7467816 total
- age   4:    2357136 bytes,    9824952 total
: 153344K->11940K(153344K), 0.0258690 secs] 1109912K->970893K(1230656K), 0.0260210 secs] [Times: user=0.05 sys=0.00, real=0.03 secs] 
2014-03-13T07:31:28.975+0000: 782554.960: [GC2014-03-13T07:31:28.975+0000: 782554.960: [ParNew
Desired survivor size 8716288 bytes, new threshold 4 (max 6)
- age   1:    2789536 bytes,    2789536 total
- age   2:    2344928 bytes,    5134464 total
- age   3:    2427672 bytes,    7562136 total
- age   4:    2426480 bytes,    9988616 total
: 148260K->17024K(153344K), 0.0265500 secs] 1107213K->978535K(1230656K), 0.0267050 secs] [Times: user=0.06 sys=0.00, real=0.02 secs] 
2014-03-13T07:34:20.882+0000: 782726.867: [GC2014-03-13T07:34:20.882+0000: 782726.867: [ParNew
Desired survivor size 8716288 bytes, new threshold 4 (max 6)
- age   1:    3581256 bytes,    3581256 total
- age   2:    2548344 bytes,    6129600 total
- age   3:    2344296 bytes,    8473896 total
- age   4:    2427320 bytes,   10901216 total
: 153344K->11782K(153344K), 0.0271970 secs] 1114855K->975787K(1230656K), 0.0273640 secs] [Times: user=0.05 sys=0.00, real=0.02 secs] 
2014-03-13T07:37:40.832+0000: 782926.817: [GC2014-03-13T07:37:40.833+0000: 782926.817: [ParNew
Desired survivor size 8716288 bytes, new threshold 4 (max 6)
- age   1:    2713480 bytes,    2713480 total
- age   2:    1803192 bytes,    4516672 total
- age   3:    2521304 bytes,    7037976 total
- age   4:    2343024 bytes,    9381000 total
: 148102K->14090K(153344K), 0.0261470 secs] 1112107K->980590K(1230656K), 0.0263150 secs] [Times: user=0.06 sys=0.00, real=0.03 secs] 
2014-03-13T07:41:29.909+0000: 783155.894: [GC2014-03-13T07:41:29.909+0000: 783155.894: [ParNew
Desired survivor size 8716288 bytes, new threshold 4 (max 6)
- age   1:    2467416 bytes,    2467416 total
- age   2:    2368120 bytes,    4835536 total
- age   3:    1790664 bytes,    6626200 total
- age   4:    2504808 bytes,    9131008 total
: 150410K->13886K(153344K), 0.0258810 secs] 1116910K->982795K(1230656K), 0.0260360 secs] [Times: user=0.06 sys=0.00, real=0.03 secs] 
2014-03-13T07:45:49.979+0000: 783415.964: [GC2014-03-13T07:45:49.979+0000: 783415.964: [ParNew
Desired survivor size 8716288 bytes, new threshold 6 (max 6)
- age   1:    2584016 bytes,    2584016 total
- age   2:    2175296 bytes,    4759312 total
- age   3:    1838944 bytes,    6598256 total
- age   4:    1790472 bytes,    8388728 total
: 150206K->8869K(153344K), 0.0240330 secs] 1119115K->980221K(1230656K), 0.0241720 secs] [Times: user=0.05 sys=0.00, real=0.03 secs] 
2014-03-13T07:50:08.863+0000: 783674.848: [GC2014-03-13T07:50:08.863+0000: 783674.848: [ParNew
Desired survivor size 8716288 bytes, new threshold 4 (max 6)
- age   1:    2637704 bytes,    2637704 total
- age   2:    2390312 bytes,    5028016 total
- age   3:    2129264 bytes,    7157280 total
- age   4:    1838544 bytes,    8995824 total
- age   5:    1790232 bytes,   10786056 total
: 145189K->16655K(153344K), 0.0242390 secs] 1116541K->988006K(1230656K), 0.0244170 secs] [Times: user=0.05 sys=0.00, real=0.02 secs] 
2014-03-13T07:54:29.371+0000: 783935.356: [GC2014-03-13T07:54:29.371+0000: 783935.356: [ParNew
Desired survivor size 8716288 bytes, new threshold 4 (max 6)
- age   1:    2756192 bytes,    2756192 total
- age   2:    2351416 bytes,    5107608 total
- age   3:    2389776 bytes,    7497384 total
- age   4:    2128352 bytes,    9625736 total
: 152975K->14948K(153344K), 0.0292060 secs] 1124326K->990035K(1230656K), 0.0293580 secs] [Times: user=0.06 sys=0.00, real=0.03 secs] 
2014-03-13T07:58:35.416+0000: 784181.401: [GC2014-03-13T07:58:35.417+0000: 784181.401: [ParNew
Desired survivor size 8716288 bytes, new threshold 4 (max 6)
- age   1:    2670480 bytes,    2670480 total
- age   2:    2550864 bytes,    5221344 total
- age   3:    2350344 bytes,    7571688 total
- age   4:    2388472 bytes,    9960160 total
: 151268K->17024K(153344K), 0.0254780 secs] 1126355K->994394K(1230656K), 0.0256280 secs] [Times: user=0.05 sys=0.01, real=0.03 secs] 
2014-03-13T08:01:48.194+0000: 784374.179: [GC2014-03-13T08:01:48.194+0000: 784374.179: [ParNew
Desired survivor size 8716288 bytes, new threshold 4 (max 6)
- age   1:    2546216 bytes,    2546216 total
- age   2:    2543472 bytes,    5089688 total
- age   3:    2550088 bytes,    7639776 total
- age   4:    2350168 bytes,    9989944 total
: 153344K->12407K(153344K), 0.0265010 secs] 1130714K->992233K(1230656K), 0.0266460 secs] [Times: user=0.05 sys=0.00, real=0.02 secs] 
2014-03-13T08:05:18.156+0000: 784584.141: [GC2014-03-13T08:05:18.156+0000: 784584.141: [ParNew
Desired survivor size 8716288 bytes, new threshold 4 (max 6)
- age   1:    2255616 bytes,    2255616 total
- age   2:    1797456 bytes,    4053072 total
- age   3:    2537704 bytes,    6590776 total
- age   4:    2549592 bytes,    9140368 total
: 148727K->17024K(153344K), 0.0262800 secs] 1128553K->999530K(1230656K), 0.0264230 secs] [Times: user=0.05 sys=0.00, real=0.03 secs] 
2014-03-13T08:09:15.722+0000: 784821.707: [GC2014-03-13T08:09:15.722+0000: 784821.707: [ParNew
Desired survivor size 8716288 bytes, new threshold 4 (max 6)
- age   1:    2598112 bytes,    2598112 total
- age   2:    2081520 bytes,    4679632 total
- age   3:    1788512 bytes,    6468144 total
- age   4:    2534864 bytes,    9003008 total
: 153344K->11173K(153344K), 0.0256770 secs] 1135850K->996252K(1230656K), 0.0258500 secs] [Times: user=0.05 sys=0.00, real=0.02 secs] 
2014-03-13T08:13:28.428+0000: 785074.412: [GC2014-03-13T08:13:28.428+0000: 785074.412: [ParNew
Desired survivor size 8716288 bytes, new threshold 6 (max 6)
- age   1:    2645168 bytes,    2645168 total
- age   2:    2183888 bytes,    4829056 total
- age   3:    1958304 bytes,    6787360 total
- age   4:    1787968 bytes,    8575328 total
: 147493K->15722K(153344K), 0.0260100 secs] 1132572K->1003356K(1230656K), 0.0261510 secs] [Times: user=0.05 sys=0.00, real=0.02 secs] 
2014-03-13T08:17:39.357+0000: 785325.342: [GC2014-03-13T08:17:39.357+0000: 785325.342: [ParNew
Desired survivor size 8716288 bytes, new threshold 4 (max 6)
- age   1:    2582384 bytes,    2582384 total
- age   2:    2361960 bytes,    4944344 total
- age   3:    2182016 bytes,    7126360 total
- age   4:    1957832 bytes,    9084192 total
- age   5:    1787416 bytes,   10871608 total
: 152042K->15259K(153344K), 0.0208780 secs] 1139676K->1002893K(1230656K), 0.0210350 secs] [Times: user=0.04 sys=0.00, real=0.02 secs] 
2014-03-13T08:21:35.909+0000: 785561.894: [GC2014-03-13T08:21:35.909+0000: 785561.894: [ParNew
Desired survivor size 8716288 bytes, new threshold 4 (max 6)
- age   1:    2637352 bytes,    2637352 total
- age   2:    2320880 bytes,    4958232 total
- age   3:    2314656 bytes,    7272888 total
- age   4:    2179440 bytes,    9452328 total
: 151579K->13889K(153344K), 0.0296900 secs] 1139213K->1005371K(1230656K), 0.0298370 secs] [Times: user=0.06 sys=0.00, real=0.03 secs] 
2014-03-13T08:21:35.940+0000: 785561.925: [GC [1 CMS-initial-mark: 991481K(1077312K)] 1005537K(1230656K), 0.0070650 secs] [Times: user=0.01 sys=0.00, real=0.01 secs] 
2014-03-13T08:21:35.947+0000: 785561.932: [CMS-concurrent-mark-start]
2014-03-13T08:21:36.143+0000: 785562.128: [CMS-concurrent-mark: 0.196/0.196 secs] [Times: user=0.24 sys=0.00, real=0.20 secs] 
2014-03-13T08:21:36.143+0000: 785562.128: [CMS-concurrent-preclean-start]
2014-03-13T08:21:36.146+0000: 785562.131: [CMS-concurrent-preclean: 0.002/0.003 secs] [Times: user=0.00 sys=0.00, real=0.00 secs] 
2014-03-13T08:21:36.146+0000: 785562.131: [GC[YG occupancy: 15795 K (153344 K)]2014-03-13T08:21:36.146+0000: 785562.131: [Rescan (parallel) , 0.0080050 secs]2014-03-13T08:21:36.154+0000: 785562.139: [weak refs processing, 0.0042650 secs]2014-03-13T08:21:36.158+0000: 785562.143: [class unloading, 0.0108470 secs]2014-03-13T08:21:36.169+0000: 785562.154: [scrub symbol table, 0.0089460 secs]2014-03-13T08:21:36.178+0000: 785562.163: [scrub string table, 0.0009920 secs] [1 CMS-remark: 991481K(1077312K)] 1007277K(1230656K), 0.0358290 secs] [Times: user=0.05 sys=0.00, real=0.03 secs] 
2014-03-13T08:21:36.182+0000: 785562.167: [CMS-concurrent-sweep-start]
2014-03-13T08:21:36.864+0000: 785562.849: [CMS-concurrent-sweep: 0.682/0.682 secs] [Times: user=0.75 sys=0.00, real=0.68 secs] 
2014-03-13T08:21:36.864+0000: 785562.849: [CMS-concurrent-reset-start]
2014-03-13T08:21:36.871+0000: 785562.856: [CMS-concurrent-reset: 0.006/0.006 secs] [Times: user=0.00 sys=0.00, real=0.00 secs] 
2014-03-13T08:25:42.839+0000: 785808.824: [GC2014-03-13T08:25:42.839+0000: 785808.824: [ParNew
Desired survivor size 8716288 bytes, new threshold 4 (max 6)
- age   1:    2641768 bytes,    2641768 total
- age   2:    2217032 bytes,    4858800 total
- age   3:    2320296 bytes,    7179096 total
- age   4:    2313576 bytes,    9492672 total
: 150209K->13754K(153344K), 0.0249610 secs] 268841K->134628K(1230656K), 0.0251140 secs] [Times: user=0.05 sys=0.00, real=0.03 secs] 
2014-03-13T08:29:35.233+0000: 786041.217: [GC2014-03-13T08:29:35.233+0000: 786041.217: [ParNew
Desired survivor size 8716288 bytes, new threshold 4 (max 6)
- age   1:    2920856 bytes,    2920856 total
- age   2:    2330120 bytes,    5250976 total
- age   3:    2205040 bytes,    7456016 total
- age   4:    2319656 bytes,    9775672 total
: 150074K->13852K(153344K), 0.0251350 secs] 270948K->137104K(1230656K), 0.0253120 secs] [Times: user=0.06 sys=0.00, real=0.03 secs] 
2014-03-13T08:33:29.613+0000: 786275.597: [GC2014-03-13T08:33:29.613+0000: 786275.597: [ParNew
Desired survivor size 8716288 bytes, new threshold 4 (max 6)
- age   1:    2643072 bytes,    2643072 total
- age   2:    2586552 bytes,    5229624 total
- age   3:    2318144 bytes,    7547768 total
- age   4:    2204000 bytes,    9751768 total
: 150172K->14172K(153344K), 0.0250000 secs] 273424K->139810K(1230656K), 0.0251400 secs] [Times: user=0.06 sys=0.00, real=0.03 secs] 
2014-03-13T08:37:11.085+0000: 786497.070: [GC2014-03-13T08:37:11.085+0000: 786497.070: [ParNew
Desired survivor size 8716288 bytes, new threshold 4 (max 6)
- age   1:    2579672 bytes,    2579672 total
- age   2:    2240592 bytes,    4820264 total
- age   3:    2525656 bytes,    7345920 total
- age   4:    2317272 bytes,    9663192 total
: 150492K->14257K(153344K), 0.0241520 secs] 276130K->142158K(1230656K), 0.0243150 secs] [Times: user=0.05 sys=0.00, real=0.02 secs] 
2014-03-13T08:41:24.563+0000: 786750.548: [GC2014-03-13T08:41:24.563+0000: 786750.548: [ParNew
Desired survivor size 8716288 bytes, new threshold 4 (max 6)
- age   1:    2624640 bytes,    2624640 total
- age   2:    2063152 bytes,    4687792 total
- age   3:    2154000 bytes,    6841792 total
- age   4:    2523320 bytes,    9365112 total
: 150577K->13919K(153344K), 0.0242040 secs] 278478K->144201K(1230656K), 0.0243560 secs] [Times: user=0.05 sys=0.00, real=0.02 secs] 
2014-03-13T08:45:30.718+0000: 786996.703: [GC2014-03-13T08:45:30.718+0000: 786996.703: [ParNew
Desired survivor size 8716288 bytes, new threshold 4 (max 6)
- age   1:    2700952 bytes,    2700952 total
- age   2:    2318816 bytes,    5019768 total
- age   3:    2037216 bytes,    7056984 total
- age   4:    2153632 bytes,    9210616 total
: 150239K->13752K(153344K), 0.0243250 secs] 280521K->146610K(1230656K), 0.0244630 secs] [Times: user=0.05 sys=0.00, real=0.03 secs] 
2014-03-13T08:48:31.763+0000: 787177.748: [GC2014-03-13T08:48:31.763+0000: 787177.748: [ParNew
Desired survivor size 8716288 bytes, new threshold 4 (max 6)
- age   1:    2666288 bytes,    2666288 total
- age   2:    2377616 bytes,    5043904 total
- age   3:    2316328 bytes,    7360232 total
- age   4:    2035320 bytes,    9395552 total
: 150072K->9375K(153344K), 0.0245520 secs] 282930K->144445K(1230656K), 0.0247190 secs] [Times: user=0.05 sys=0.00, real=0.02 secs] 
2014-03-13T08:52:33.090+0000: 787419.075: [GC2014-03-13T08:52:33.090+0000: 787419.075: [ParNew
Desired survivor size 8716288 bytes, new threshold 4 (max 6)
- age   1:    2598256 bytes,    2598256 total
- age   2:    1820952 bytes,    4419208 total
- age   3:    2323776 bytes,    6742984 total
- age   4:    2315160 bytes,    9058144 total
: 145695K->13359K(153344K), 0.0234990 secs] 280765K->150522K(1230656K), 0.0236580 secs] [Times: user=0.04 sys=0.00, real=0.03 secs] 
2014-03-13T08:56:40.428+0000: 787666.412: [GC2014-03-13T08:56:40.428+0000: 787666.412: [ParNew
Desired survivor size 8716288 bytes, new threshold 4 (max 6)
- age   1:    2537232 bytes,    2537232 total
- age   2:    2265704 bytes,    4802936 total
- age   3:    1755552 bytes,    6558488 total
- age   4:    2322880 bytes,    8881368 total
: 149679K->13187K(153344K), 0.0236310 secs] 286842K->152731K(1230656K), 0.0237830 secs] [Times: user=0.05 sys=0.00, real=0.02 secs] 
2014-03-13T09:00:48.716+0000: 787914.701: [GC2014-03-13T09:00:48.716+0000: 787914.701: [ParNew
Desired survivor size 8716288 bytes, new threshold 4 (max 6)
- age   1:    2707288 bytes,    2707288 total
- age   2:    2294776 bytes,    5002064 total
- age   3:    2219048 bytes,    7221112 total
- age   4:    1753768 bytes,    8974880 total
: 149507K->13094K(153344K), 0.0238710 secs] 289051K->155025K(1230656K), 0.0240200 secs] [Times: user=0.06 sys=0.00, real=0.02 secs] 
2014-03-13T09:04:40.909+0000: 788146.894: [GC2014-03-13T09:04:40.909+0000: 788146.894: [ParNew
Desired survivor size 8716288 bytes, new threshold 4 (max 6)
- age   1:    2625272 bytes,    2625272 total
- age   2:    2351184 bytes,    4976456 total
- age   3:    2293520 bytes,    7269976 total
- age   4:    2217464 bytes,    9487440 total
: 149414K->12977K(153344K), 0.0228410 secs] 291345K->156628K(1230656K), 0.0229960 secs] [Times: user=0.05 sys=0.00, real=0.02 secs] 
2014-03-13T09:08:38.260+0000: 788384.245: [GC2014-03-13T09:08:38.260+0000: 788384.245: [ParNew
Desired survivor size 8716288 bytes, new threshold 4 (max 6)
- age   1:    2700736 bytes,    2700736 total
- age   2:    2279520 bytes,    4980256 total
- age   3:    2339048 bytes,    7319304 total
- age   4:    2292304 bytes,    9611608 total
: 149297K->13677K(153344K), 0.0242820 secs] 292948K->159607K(1230656K), 0.0244440 secs] [Times: user=0.06 sys=0.00, real=0.03 secs] 
2014-03-13T09:12:35.633+0000: 788621.618: [GC2014-03-13T09:12:35.633+0000: 788621.618: [ParNew
Desired survivor size 8716288 bytes, new threshold 4 (max 6)
- age   1:    2627520 bytes,    2627520 total
- age   2:    2194096 bytes,    4821616 total
- age   3:    2276840 bytes,    7098456 total
- age   4:    2338104 bytes,    9436560 total
: 149997K->14001K(153344K), 0.0241970 secs] 295927K->162288K(1230656K), 0.0243570 secs] [Times: user=0.05 sys=0.00, real=0.03 secs] 
2014-03-13T09:16:28.784+0000: 788854.769: [GC2014-03-13T09:16:28.784+0000: 788854.769: [ParNew
Desired survivor size 8716288 bytes, new threshold 4 (max 6)
- age   1:    2616976 bytes,    2616976 total
- age   2:    2242792 bytes,    4859768 total
- age   3:    2177560 bytes,    7037328 total
- age   4:    2157248 bytes,    9194576 total
: 150321K->9182K(153344K), 0.0240600 secs] 298608K->159869K(1230656K), 0.0242200 secs] [Times: user=0.05 sys=0.00, real=0.02 secs] 
2014-03-13T09:20:14.528+0000: 789080.513: [GC2014-03-13T09:20:14.529+0000: 789080.513: [ParNew
Desired survivor size 8716288 bytes, new threshold 4 (max 6)
- age   1:    2590920 bytes,    2590920 total
- age   2:    2164008 bytes,    4754928 total
- age   3:    2196240 bytes,    6951168 total
- age   4:    2176832 bytes,    9128000 total
: 145502K->13485K(153344K), 0.0236010 secs] 296189K->166390K(1230656K), 0.0237620 secs] [Times: user=0.04 sys=0.00, real=0.02 secs] 
2014-03-13T09:23:48.252+0000: 789294.236: [GC2014-03-13T09:23:48.252+0000: 789294.236: [ParNew
Desired survivor size 8716288 bytes, new threshold 4 (max 6)
- age   1:    2699888 bytes,    2699888 total
- age   2:    2075952 bytes,    4775840 total
- age   3:    2151840 bytes,    6927680 total
- age   4:    2194384 bytes,    9122064 total
: 149805K->13382K(153344K), 0.0238660 secs] 302710K->168525K(1230656K), 0.0240190 secs] [Times: user=0.05 sys=0.00, real=0.03 secs] 
2014-03-13T09:27:21.219+0000: 789507.203: [GC2014-03-13T09:27:21.219+0000: 789507.203: [ParNew
Desired survivor size 8716288 bytes, new threshold 4 (max 6)
- age   1:    2667352 bytes,    2667352 total
- age   2:    2084920 bytes,    4752272 total
- age   3:    2071296 bytes,    6823568 total
- age   4:    2151536 bytes,    8975104 total
: 149702K->13192K(153344K), 0.0235710 secs] 304845K->170590K(1230656K), 0.0237340 secs] [Times: user=0.05 sys=0.00, real=0.03 secs] 
2014-03-13T09:29:52.965+0000: 789658.950: [GC2014-03-13T09:29:52.965+0000: 789658.950: [ParNew
Desired survivor size 8716288 bytes, new threshold 4 (max 6)
- age   1:    3604168 bytes,    3604168 total
- age   2:    2275144 bytes,    5879312 total
- age   3:    2082784 bytes,    7962096 total
- age   4:    2070456 bytes,   10032552 total
: 149512K->13225K(153344K), 0.0252370 secs] 306910K->172834K(1230656K), 0.0253910 secs] [Times: user=0.05 sys=0.00, real=0.02 secs] 
2014-03-13T09:33:08.219+0000: 789854.204: [GC2014-03-13T09:33:08.219+0000: 789854.204: [ParNew
Desired survivor size 8716288 bytes, new threshold 6 (max 6)
- age   1:    2414568 bytes,    2414568 total
- age   2:    1439744 bytes,    3854312 total
- age   3:    2214632 bytes,    6068944 total
- age   4:    2082080 bytes,    8151024 total
: 149545K->9539K(153344K), 0.0231280 secs] 309154K->171277K(1230656K), 0.0233280 secs] [Times: user=0.05 sys=0.00, real=0.03 secs] 
2014-03-13T09:36:25.354+0000: 790051.338: [GC2014-03-13T09:36:25.354+0000: 790051.339: [ParNew
Desired survivor size 8716288 bytes, new threshold 5 (max 6)
- age   1:    2541248 bytes,    2541248 total
- age   2:    1779704 bytes,    4320952 total
- age   3:    1429104 bytes,    5750056 total
- age   4:    2211128 bytes,    7961184 total
- age   5:    2081568 bytes,   10042752 total
: 145859K->16421K(153344K), 0.0207500 secs] 307597K->178160K(1230656K), 0.0209310 secs] [Times: user=0.04 sys=0.00, real=0.03 secs] 
2014-03-13T09:40:19.506+0000: 790285.491: [GC2014-03-13T09:40:19.506+0000: 790285.491: [ParNew
Desired survivor size 8716288 bytes, new threshold 5 (max 6)
- age   1:    2454280 bytes,    2454280 total
- age   2:    1892960 bytes,    4347240 total
- age   3:    1769496 bytes,    6116736 total
- age   4:    1425664 bytes,    7542400 total
- age   5:    2204024 bytes,    9746424 total
: 152741K->11396K(153344K), 0.0239580 secs] 314480K->175271K(1230656K), 0.0241140 secs] [Times: user=0.05 sys=0.00, real=0.02 secs] 
2014-03-13T09:43:04.377+0000: 790450.362: [GC2014-03-13T09:43:04.377+0000: 790450.362: [ParNew
Desired survivor size 8716288 bytes, new threshold 1 (max 6)
- age   1:    8792856 bytes,    8792856 total
- age   2:    2164992 bytes,   10957848 total
- age   3:    1841408 bytes,   12799256 total
- age   4:    1767520 bytes,   14566776 total
- age   5:    1424472 bytes,   15991248 total
: 147716K->16834K(153344K), 0.0322670 secs] 311591K->182807K(1230656K), 0.0324530 secs] [Times: user=0.07 sys=0.00, real=0.03 secs] 
2014-03-13T09:44:55.680+0000: 790561.665: [GC2014-03-13T09:44:55.680+0000: 790561.665: [ParNew
Desired survivor size 8716288 bytes, new threshold 1 (max 6)
- age   1:   12344336 bytes,   12344336 total
: 153154K->14256K(153344K), 0.0434080 secs] 319127K->193462K(1230656K), 0.0435720 secs] [Times: user=0.09 sys=0.00, real=0.05 secs] 
2014-03-13T09:48:04.926+0000: 790750.911: [GC2014-03-13T09:48:04.926+0000: 790750.911: [ParNew
Desired survivor size 8716288 bytes, new threshold 6 (max 6)
- age   1:    2412320 bytes,    2412320 total
: 150576K->12202K(153344K), 0.0142640 secs] 329782K->194294K(1230656K), 0.0144300 secs] [Times: user=0.02 sys=0.01, real=0.01 secs] 
2014-03-13T09:51:35.623+0000: 790961.608: [GC2014-03-13T09:51:35.623+0000: 790961.608: [ParNew
Desired survivor size 8716288 bytes, new threshold 6 (max 6)
- age   1:    2575568 bytes,    2575568 total
- age   2:    1850080 bytes,    4425648 total
: 148522K->7042K(153344K), 0.0126990 secs] 330614K->189134K(1230656K), 0.0128700 secs] [Times: user=0.03 sys=0.00, real=0.01 secs] 
2014-03-13T09:55:15.198+0000: 791181.183: [GC2014-03-13T09:55:15.199+0000: 791181.183: [ParNew
Desired survivor size 8716288 bytes, new threshold 6 (max 6)
- age   1:    2541760 bytes,    2541760 total
- age   2:    2062712 bytes,    4604472 total
- age   3:    1768752 bytes,    6373224 total
: 143362K->7363K(153344K), 0.0147800 secs] 325454K->189455K(1230656K), 0.0149290 secs] [Times: user=0.03 sys=0.00, real=0.01 secs] 
2014-03-13T09:58:35.614+0000: 791381.599: [GC2014-03-13T09:58:35.614+0000: 791381.599: [ParNew
Desired survivor size 8716288 bytes, new threshold 6 (max 6)
- age   1:    2430248 bytes,    2430248 total
- age   2:    2093312 bytes,    4523560 total
- age   3:    2060912 bytes,    6584472 total
- age   4:    1768016 bytes,    8352488 total
: 143683K->10448K(153344K), 0.0172270 secs] 325775K->192540K(1230656K), 0.0174080 secs] [Times: user=0.03 sys=0.00, real=0.02 secs] 
2014-03-13T10:01:40.226+0000: 791566.211: [GC2014-03-13T10:01:40.226+0000: 791566.211: [ParNew
Desired survivor size 8716288 bytes, new threshold 5 (max 6)
- age   1:    2414792 bytes,    2414792 total
- age   2:    1948056 bytes,    4362848 total
- age   3:    2081488 bytes,    6444336 total
- age   4:    2057536 bytes,    8501872 total
- age   5:    1767424 bytes,   10269296 total
: 146768K->14764K(153344K), 0.0197680 secs] 328860K->196856K(1230656K), 0.0199270 secs] [Times: user=0.04 sys=0.00, real=0.02 secs] 
2014-03-13T10:05:22.008+0000: 791787.992: [GC2014-03-13T10:05:22.008+0000: 791787.992: [ParNew
Desired survivor size 8716288 bytes, new threshold 5 (max 6)
- age   1:    2224232 bytes,    2224232 total
- age   2:    1871520 bytes,    4095752 total
- age   3:    1846720 bytes,    5942472 total
- age   4:    2080248 bytes,    8022720 total
- age   5:    1977904 bytes,   10000624 total
: 151084K->17024K(153344K), 0.0245800 secs] 333176K->201155K(1230656K), 0.0247550 secs] [Times: user=0.05 sys=0.00, real=0.02 secs] 
2014-03-13T10:08:49.764+0000: 791995.749: [GC2014-03-13T10:08:49.764+0000: 791995.749: [ParNew
Desired survivor size 8716288 bytes, new threshold 5 (max 6)
- age   1:    2533816 bytes,    2533816 total
- age   2:    2046400 bytes,    4580216 total
- age   3:    1867416 bytes,    6447632 total
- age   4:    1845896 bytes,    8293528 total
- age   5:    2034368 bytes,   10327896 total
: 153344K->12103K(153344K), 0.0255170 secs] 337475K->198266K(1230656K), 0.0256750 secs] [Times: user=0.05 sys=0.00, real=0.02 secs] 
2014-03-13T10:12:22.185+0000: 792208.170: [GC2014-03-13T10:12:22.186+0000: 792208.170: [ParNew
Desired survivor size 8716288 bytes, new threshold 5 (max 6)
- age   1:    2230024 bytes,    2230024 total
- age   2:    1950096 bytes,    4180120 total
- age   3:    2026080 bytes,    6206200 total
- age   4:    1827352 bytes,    8033552 total
- age   5:    1845632 bytes,    9879184 total
: 148423K->17024K(153344K), 0.0248290 secs] 334586K->205588K(1230656K), 0.0249930 secs] [Times: user=0.05 sys=0.00, real=0.02 secs] 
2014-03-13T10:15:54.909+0000: 792420.894: [GC2014-03-13T10:15:54.909+0000: 792420.894: [ParNew
Desired survivor size 8716288 bytes, new threshold 5 (max 6)
- age   1:    2536592 bytes,    2536592 total
- age   2:    1994920 bytes,    4531512 total
- age   3:    1938528 bytes,    6470040 total
- age   4:    2025720 bytes,    8495760 total
- age   5:    1826120 bytes,   10321880 total
: 153344K->11916K(153344K), 0.0255660 secs] 341908K->202378K(1230656K), 0.0257380 secs] [Times: user=0.05 sys=0.00, real=0.03 secs] 
2014-03-13T10:19:39.882+0000: 792645.867: [GC2014-03-13T10:19:39.882+0000: 792645.867: [ParNew
Desired survivor size 8716288 bytes, new threshold 5 (max 6)
- age   1:    2603064 bytes,    2603064 total
- age   2:    2067416 bytes,    4670480 total
- age   3:    1938360 bytes,    6608840 total
- age   4:    1932608 bytes,    8541448 total
- age   5:    2025384 bytes,   10566832 total
: 148236K->17024K(153344K), 0.0247760 secs] 338698K->209533K(1230656K), 0.0249630 secs] [Times: user=0.06 sys=0.00, real=0.03 secs] 
2014-03-13T10:23:07.048+0000: 792853.033: [GC2014-03-13T10:23:07.048+0000: 792853.033: [ParNew
Desired survivor size 8716288 bytes, new threshold 4 (max 6)
- age   1:    2541024 bytes,    2541024 total
- age   2:    2314608 bytes,    4855632 total
- age   3:    1972496 bytes,    6828128 total
- age   4:    1937408 bytes,    8765536 total
- age   5:    1932224 bytes,   10697760 total
: 153344K->15166K(153344K), 0.0255860 secs] 345853K->209756K(1230656K), 0.0257650 secs] [Times: user=0.06 sys=0.00, real=0.02 secs] 
2014-03-13T10:27:00.496+0000: 793086.481: [GC2014-03-13T10:27:00.496+0000: 793086.481: [ParNew
Desired survivor size 8716288 bytes, new threshold 4 (max 6)
- age   1:    2560464 bytes,    2560464 total
- age   2:    2054256 bytes,    4614720 total
- age   3:    2303896 bytes,    6918616 total
- age   4:    1972256 bytes,    8890872 total
: 151486K->10302K(153344K), 0.0275810 secs] 346076K->208871K(1230656K), 0.0277530 secs] [Times: user=0.06 sys=0.00, real=0.03 secs] 
2014-03-13T10:30:38.118+0000: 793304.103: [GC2014-03-13T10:30:38.118+0000: 793304.103: [ParNew
Desired survivor size 8716288 bytes, new threshold 4 (max 6)
- age   1:    2513632 bytes,    2513632 total
- age   2:    2162864 bytes,    4676496 total
- age   3:    2003264 bytes,    6679760 total
- age   4:    2303256 bytes,    8983016 total
: 146622K->13622K(153344K), 0.0228980 secs] 345191K->214218K(1230656K), 0.0230470 secs] [Times: user=0.05 sys=0.00, real=0.02 secs] 
2014-03-13T10:33:44.986+0000: 793490.971: [GC2014-03-13T10:33:44.986+0000: 793490.971: [ParNew
Desired survivor size 8716288 bytes, new threshold 4 (max 6)
- age   1:    2592712 bytes,    2592712 total
- age   2:    2035840 bytes,    4628552 total
- age   3:    2161792 bytes,    6790344 total
- age   4:    1985296 bytes,    8775640 total
: 149942K->13346K(153344K), 0.0233990 secs] 350538K->216299K(1230656K), 0.0235600 secs] [Times: user=0.05 sys=0.00, real=0.02 secs] 
2014-03-13T10:37:20.328+0000: 793706.313: [GC2014-03-13T10:37:20.328+0000: 793706.313: [ParNew
Desired survivor size 8716288 bytes, new threshold 6 (max 6)
- age   1:    2400896 bytes,    2400896 total
- age   2:    1952936 bytes,    4353832 total
- age   3:    2033888 bytes,    6387720 total
- age   4:    2160600 bytes,    8548320 total
: 149666K->12659K(153344K), 0.0222550 secs] 352619K->217572K(1230656K), 0.0224130 secs] [Times: user=0.04 sys=0.00, real=0.02 secs] 
2014-03-13T10:40:55.062+0000: 793921.046: [GC2014-03-13T10:40:55.062+0000: 793921.046: [ParNew
Desired survivor size 8716288 bytes, new threshold 5 (max 6)
- age   1:    2480696 bytes,    2480696 total
- age   2:    1984744 bytes,    4465440 total
- age   3:    1951712 bytes,    6417152 total
- age   4:    1987672 bytes,    8404824 total
- age   5:    2160360 bytes,   10565184 total
: 148979K->16551K(153344K), 0.0202520 secs] 353892K->221464K(1230656K), 0.0204080 secs] [Times: user=0.05 sys=0.00, real=0.03 secs] 
2014-03-13T10:44:44.225+0000: 794150.210: [GC2014-03-13T10:44:44.226+0000: 794150.210: [ParNew
Desired survivor size 8716288 bytes, new threshold 5 (max 6)
- age   1:    2340136 bytes,    2340136 total
- age   2:    1981592 bytes,    4321728 total
- age   3:    1980200 bytes,    6301928 total
- age   4:    1909768 bytes,    8211696 total
- age   5:    1986888 bytes,   10198584 total
: 152871K->17024K(153344K), 0.0253740 secs] 357784K->224377K(1230656K), 0.0255250 secs] [Times: user=0.06 sys=0.00, real=0.02 secs] 
2014-03-13T10:48:19.630+0000: 794365.615: [GC2014-03-13T10:48:19.630+0000: 794365.615: [ParNew
Desired survivor size 8716288 bytes, new threshold 5 (max 6)
- age   1:    2538496 bytes,    2538496 total
- age   2:    2138528 bytes,    4677024 total
- age   3:    1978528 bytes,    6655552 total
- age   4:    1979144 bytes,    8634696 total
- age   5:    1904944 bytes,   10539640 total
: 153344K->12480K(153344K), 0.0250020 secs] 360697K->221876K(1230656K), 0.0251620 secs] [Times: user=0.05 sys=0.00, real=0.03 secs] 
2014-03-13T10:52:05.042+0000: 794591.027: [GC2014-03-13T10:52:05.043+0000: 794591.027: [ParNew
Desired survivor size 8716288 bytes, new threshold 5 (max 6)
- age   1:    2490288 bytes,    2490288 total
- age   2:    2027400 bytes,    4517688 total
- age   3:    2134080 bytes,    6651768 total
- age   4:    1978000 bytes,    8629768 total
- age   5:    1978808 bytes,   10608576 total
: 148800K->17024K(153344K), 0.0259140 secs] 358196K->228575K(1230656K), 0.0260940 secs] [Times: user=0.05 sys=0.00, real=0.02 secs] 
2014-03-13T10:55:33.927+0000: 794799.912: [GC2014-03-13T10:55:33.927+0000: 794799.912: [ParNew
Desired survivor size 8716288 bytes, new threshold 5 (max 6)
- age   1:    2241584 bytes,    2241584 total
- age   2:    2332600 bytes,    4574184 total
- age   3:    2012960 bytes,    6587144 total
- age   4:    2086760 bytes,    8673904 total
- age   5:    1977320 bytes,   10651224 total
: 153344K->17024K(153344K), 0.0256140 secs] 364895K->230861K(1230656K), 0.0257770 secs] [Times: user=0.06 sys=0.00, real=0.02 secs] 
2014-03-13T10:59:11.647+0000: 795017.632: [GC2014-03-13T10:59:11.647+0000: 795017.632: [ParNew
Desired survivor size 8716288 bytes, new threshold 5 (max 6)
- age   1:    2466640 bytes,    2466640 total
- age   2:    1917968 bytes,    4384608 total
- age   3:    2312720 bytes,    6697328 total
- age   4:    2011920 bytes,    8709248 total
- age   5:    2086408 bytes,   10795656 total
: 153344K->15694K(153344K), 0.0255880 secs] 367181K->231564K(1230656K), 0.0257600 secs] [Times: user=0.05 sys=0.00, real=0.02 secs] 
2014-03-13T11:02:47.482+0000: 795233.467: [GC2014-03-13T11:02:47.482+0000: 795233.467: [ParNew
Desired survivor size 8716288 bytes, new threshold 4 (max 6)
- age   1:    2586168 bytes,    2586168 total
- age   2:    2020480 bytes,    4606648 total
- age   3:    1911744 bytes,    6518392 total
- age   4:    2310872 bytes,    8829264 total
- age   5:    2011272 bytes,   10840536 total
: 152014K->15732K(153344K), 0.0255200 secs] 367884K->233747K(1230656K), 0.0256770 secs] [Times: user=0.06 sys=0.00, real=0.02 secs] 
2014-03-13T11:06:04.458+0000: 795430.442: [GC2014-03-13T11:06:04.458+0000: 795430.443: [ParNew
Desired survivor size 8716288 bytes, new threshold 6 (max 6)
- age   1:    2471944 bytes,    2471944 total
- age   2:    2053600 bytes,    4525544 total
- age   3:    2018008 bytes,    6543552 total
- age   4:    1898264 bytes,    8441816 total
: 152052K->10622K(153344K), 0.0298880 secs] 370067K->233070K(1230656K), 0.0300840 secs] [Times: user=0.06 sys=0.00, real=0.03 secs] 
2014-03-13T11:09:53.646+0000: 795659.631: [GC2014-03-13T11:09:53.646+0000: 795659.631: [ParNew
Desired survivor size 8716288 bytes, new threshold 5 (max 6)
- age   1:    2357464 bytes,    2357464 total
- age   2:    1962480 bytes,    4319944 total
- age   3:    1987304 bytes,    6307248 total
- age   4:    2017584 bytes,    8324832 total
- age   5:    1898072 bytes,   10222904 total
: 146942K->17024K(153344K), 0.0213090 secs] 369390K->239669K(1230656K), 0.0214530 secs] [Times: user=0.05 sys=0.00, real=0.02 secs] 
2014-03-13T11:13:24.543+0000: 795870.528: [GC2014-03-13T11:13:24.543+0000: 795870.528: [ParNew
Desired survivor size 8716288 bytes, new threshold 5 (max 6)
- age   1:    2451408 bytes,    2451408 total
- age   2:    2183824 bytes,    4635232 total
- age   3:    1947592 bytes,    6582824 total
- age   4:    1986304 bytes,    8569128 total
- age   5:    2017200 bytes,   10586328 total
: 153344K->12005K(153344K), 0.0249550 secs] 375989K->236601K(1230656K), 0.0251180 secs] [Times: user=0.05 sys=0.01, real=0.02 secs] 
2014-03-13T11:17:15.266+0000: 796101.251: [GC2014-03-13T11:17:15.267+0000: 796101.251: [ParNew
Desired survivor size 8716288 bytes, new threshold 5 (max 6)
- age   1:    2441168 bytes,    2441168 total
- age   2:    2022632 bytes,    4463800 total
- age   3:    2127624 bytes,    6591424 total
- age   4:    1946968 bytes,    8538392 total
- age   5:    1985688 bytes,   10524080 total
: 148325K->17024K(153344K), 0.0264270 secs] 372921K->243877K(1230656K), 0.0265890 secs] [Times: user=0.05 sys=0.00, real=0.02 secs] 
2014-03-13T11:21:04.793+0000: 796330.777: [GC2014-03-13T11:21:04.793+0000: 796330.777: [ParNew
Desired survivor size 8716288 bytes, new threshold 4 (max 6)
- age   1:    2545944 bytes,    2545944 total
- age   2:    2219488 bytes,    4765432 total
- age   3:    1940768 bytes,    6706200 total
- age   4:    2126800 bytes,    8833000 total
- age   5:    1946040 bytes,   10779040 total
: 153344K->15150K(153344K), 0.0256120 secs] 380197K->244045K(1230656K), 0.0257900 secs] [Times: user=0.06 sys=0.00, real=0.03 secs] 
2014-03-13T11:24:34.764+0000: 796540.748: [GC2014-03-13T11:24:34.764+0000: 796540.748: [ParNew
Desired survivor size 8716288 bytes, new threshold 4 (max 6)
- age   1:    2738808 bytes,    2738808 total
- age   2:    2142568 bytes,    4881376 total
- age   3:    2119104 bytes,    7000480 total
- age   4:    1933824 bytes,    8934304 total
: 151470K->10481K(153344K), 0.0282810 secs] 380365K->243555K(1230656K), 0.0284510 secs] [Times: user=0.06 sys=0.00, real=0.02 secs] 
2014-03-13T11:28:35.572+0000: 796781.557: [GC2014-03-13T11:28:35.572+0000: 796781.557: [ParNew
Desired survivor size 8716288 bytes, new threshold 4 (max 6)
- age   1:    2604280 bytes,    2604280 total
- age   2:    2204448 bytes,    4808728 total
- age   3:    2123648 bytes,    6932376 total
- age   4:    2118232 bytes,    9050608 total
: 146801K->13518K(153344K), 0.0229780 secs] 379875K->248579K(1230656K), 0.0231350 secs] [Times: user=0.04 sys=0.00, real=0.03 secs] 
2014-03-13T11:32:31.489+0000: 797017.474: [GC2014-03-13T11:32:31.489+0000: 797017.474: [ParNew
Desired survivor size 8716288 bytes, new threshold 4 (max 6)
- age   1:    2613632 bytes,    2613632 total
- age   2:    2227968 bytes,    4841600 total
- age   3:    2130528 bytes,    6972128 total
- age   4:    2122840 bytes,    9094968 total
: 149838K->9111K(153344K), 0.0236300 secs] 384899K->246349K(1230656K), 0.0238020 secs] [Times: user=0.05 sys=0.00, real=0.02 secs] 
2014-03-13T11:36:28.144+0000: 797254.128: [GC2014-03-13T11:36:28.144+0000: 797254.128: [ParNew
Desired survivor size 8716288 bytes, new threshold 4 (max 6)
- age   1:    2598344 bytes,    2598344 total
- age   2:    2209944 bytes,    4808288 total
- age   3:    2217080 bytes,    7025368 total
- age   4:    1930536 bytes,    8955904 total
: 145431K->13035K(153344K), 0.0233620 secs] 382669K->252456K(1230656K), 0.0235180 secs] [Times: user=0.05 sys=0.00, real=0.02 secs] 
2014-03-13T11:40:04.892+0000: 797470.877: [GC2014-03-13T11:40:04.892+0000: 797470.877: [ParNew
Desired survivor size 8716288 bytes, new threshold 4 (max 6)
- age   1:    2479792 bytes,    2479792 total
- age   2:    2227088 bytes,    4706880 total
- age   3:    2208152 bytes,    6915032 total
- age   4:    2216696 bytes,    9131728 total
: 149355K->17024K(153344K), 0.0246100 secs] 388776K->258629K(1230656K), 0.0247910 secs] [Times: user=0.05 sys=0.00, real=0.03 secs] 
2014-03-13T11:43:44.580+0000: 797690.565: [GC2014-03-13T11:43:44.580+0000: 797690.565: [ParNew
Desired survivor size 8716288 bytes, new threshold 4 (max 6)
- age   1:    2626176 bytes,    2626176 total
- age   2:    2155192 bytes,    4781368 total
- age   3:    2215728 bytes,    6997096 total
- age   4:    2207584 bytes,    9204680 total
: 153344K->11220K(153344K), 0.0241220 secs] 394949K->255105K(1230656K), 0.0242850 secs] [Times: user=0.05 sys=0.00, real=0.03 secs] 
2014-03-13T11:47:40.909+0000: 797926.894: [GC2014-03-13T11:47:40.909+0000: 797926.894: [ParNew
Desired survivor size 8716288 bytes, new threshold 4 (max 6)
- age   1:    2518408 bytes,    2518408 total
- age   2:    2137640 bytes,    4656048 total
- age   3:    2133688 bytes,    6789736 total
- age   4:    2214848 bytes,    9004584 total
: 147540K->16013K(153344K), 0.0235860 secs] 391425K->262165K(1230656K), 0.0237550 secs] [Times: user=0.04 sys=0.00, real=0.02 secs] 
2014-03-13T11:51:05.802+0000: 798131.786: [GC2014-03-13T11:51:05.802+0000: 798131.787: [ParNew
Desired survivor size 8716288 bytes, new threshold 4 (max 6)
- age   1:    2567088 bytes,    2567088 total
- age   2:    2192616 bytes,    4759704 total
- age   3:    1997600 bytes,    6757304 total
- age   4:    2128760 bytes,    8886064 total
: 152333K->10820K(153344K), 0.0235590 secs] 398485K->259248K(1230656K), 0.0237380 secs] [Times: user=0.05 sys=0.00, real=0.03 secs] 
2014-03-13T11:54:40.886+0000: 798346.870: [GC2014-03-13T11:54:40.886+0000: 798346.870: [ParNew
Desired survivor size 8716288 bytes, new threshold 4 (max 6)
- age   1:    2566016 bytes,    2566016 total
- age   2:    1983368 bytes,    4549384 total
- age   3:    2190712 bytes,    6740096 total
- age   4:    1996264 bytes,    8736360 total
: 147140K->15343K(153344K), 0.0228960 secs] 395568K->265876K(1230656K), 0.0230720 secs] [Times: user=0.05 sys=0.00, real=0.02 secs] 
2014-03-13T11:58:22.118+0000: 798568.102: [GC2014-03-13T11:58:22.118+0000: 798568.102: [ParNew
Desired survivor size 8716288 bytes, new threshold 6 (max 6)
- age   1:    2474360 bytes,    2474360 total
- age   2:    2054576 bytes,    4528936 total
- age   3:    1973848 bytes,    6502784 total
- age   4:    2190000 bytes,    8692784 total
: 151663K->12684K(153344K), 0.0226550 secs] 402196K->265270K(1230656K), 0.0228090 secs] [Times: user=0.05 sys=0.00, real=0.02 secs] 
2014-03-13T12:01:51.034+0000: 798777.019: [GC2014-03-13T12:01:51.034+0000: 798777.019: [ParNew
Desired survivor size 8716288 bytes, new threshold 4 (max 6)
- age   1:    2828056 bytes,    2828056 total
- age   2:    2032072 bytes,    4860128 total
- age   3:    1984776 bytes,    6844904 total
- age   4:    1927648 bytes,    8772552 total
- age   5:    2189592 bytes,   10962144 total
: 149004K->15131K(153344K), 0.0205700 secs] 401590K->267717K(1230656K), 0.0207240 secs] [Times: user=0.05 sys=0.00, real=0.02 secs] 
2014-03-13T12:05:17.477+0000: 798983.461: [GC2014-03-13T12:05:17.477+0000: 798983.462: [ParNew
Desired survivor size 8716288 bytes, new threshold 4 (max 6)
- age   1:    3243968 bytes,    3243968 total
- age   2:    2379136 bytes,    5623104 total
- age   3:    2030040 bytes,    7653144 total
- age   4:    1983904 bytes,    9637048 total
: 151451K->10006K(153344K), 0.0293440 secs] 404037K->266823K(1230656K), 0.0295110 secs] [Times: user=0.07 sys=0.00, real=0.03 secs] 
2014-03-13T12:08:44.302+0000: 799190.286: [GC2014-03-13T12:08:44.302+0000: 799190.286: [ParNew
Desired survivor size 8716288 bytes, new threshold 4 (max 6)
- age   1:    2465120 bytes,    2465120 total
- age   2:    2000216 bytes,    4465336 total
- age   3:    2295024 bytes,    6760360 total
- age   4:    2029160 bytes,    8789520 total
: 146325K->9541K(153344K), 0.0235300 secs] 403142K->268398K(1230656K), 0.0237160 secs] [Times: user=0.05 sys=0.00, real=0.03 secs] 
2014-03-13T12:11:34.803+0000: 799360.788: [GC2014-03-13T12:11:34.803+0000: 799360.788: [ParNew
Desired survivor size 8716288 bytes, new threshold 4 (max 6)
- age   1:    2453808 bytes,    2453808 total
- age   2:    2026288 bytes,    4480096 total
- age   3:    1989336 bytes,    6469432 total
- age   4:    2248952 bytes,    8718384 total
: 145861K->13248K(153344K), 0.0228940 secs] 404718K->274190K(1230656K), 0.0230710 secs] [Times: user=0.04 sys=0.00, real=0.02 secs] 
2014-03-13T12:12:23.345+0000: 799409.330: [GC2014-03-13T12:12:23.345+0000: 799409.330: [ParNew
Desired survivor size 8716288 bytes, new threshold 1 (max 6)
- age   1:   13980832 bytes,   13980832 total
- age   2:    1452632 bytes,   15433464 total
- age   3:     682536 bytes,   16116000 total
- age   4:    1313048 bytes,   17429048 total
: 149568K->17024K(153344K), 0.0513030 secs] 410510K->289693K(1230656K), 0.0514860 secs] [Times: user=0.11 sys=0.00, real=0.05 secs] 
2014-03-13T12:15:30.289+0000: 799596.274: [GC2014-03-13T12:15:30.289+0000: 799596.274: [ParNew
Desired survivor size 8716288 bytes, new threshold 6 (max 6)
- age   1:    2334152 bytes,    2334152 total
: 153344K->15132K(153344K), 0.0253130 secs] 426013K->299815K(1230656K), 0.0255010 secs] [Times: user=0.05 sys=0.00, real=0.03 secs] 
2014-03-13T12:18:25.163+0000: 799771.147: [GC2014-03-13T12:18:25.163+0000: 799771.147: [ParNew
Desired survivor size 8716288 bytes, new threshold 6 (max 6)
- age   1:    2222264 bytes,    2222264 total
- age   2:    1811448 bytes,    4033712 total
: 151452K->4399K(153344K), 0.0125590 secs] 436135K->289082K(1230656K), 0.0127100 secs] [Times: user=0.03 sys=0.00, real=0.01 secs] 
2014-03-13T12:22:15.424+0000: 800001.409: [GC2014-03-13T12:22:15.424+0000: 800001.409: [ParNew
Desired survivor size 8716288 bytes, new threshold 6 (max 6)
- age   1:    2513048 bytes,    2513048 total
- age   2:    1628232 bytes,    4141280 total
- age   3:    1765048 bytes,    5906328 total
: 140719K->7634K(153344K), 0.0155890 secs] 425402K->292317K(1230656K), 0.0157530 secs] [Times: user=0.03 sys=0.00, real=0.01 secs] 
2014-03-13T12:25:53.039+0000: 800219.023: [GC2014-03-13T12:25:53.039+0000: 800219.023: [ParNew
Desired survivor size 8716288 bytes, new threshold 6 (max 6)
- age   1:    2721792 bytes,    2721792 total
- age   2:    2125768 bytes,    4847560 total
- age   3:    1615776 bytes,    6463336 total
- age   4:    1759048 bytes,    8222384 total
: 143954K->10478K(153344K), 0.0171890 secs] 428637K->295161K(1230656K), 0.0173310 secs] [Times: user=0.04 sys=0.00, real=0.02 secs] 
2014-03-13T12:29:17.728+0000: 800423.713: [GC2014-03-13T12:29:17.728+0000: 800423.713: [ParNew
Desired survivor size 8716288 bytes, new threshold 5 (max 6)
- age   1:    2494704 bytes,    2494704 total
- age   2:    2196536 bytes,    4691240 total
- age   3:    2124456 bytes,    6815696 total
- age   4:    1614704 bytes,    8430400 total
- age   5:    1755576 bytes,   10185976 total
: 146798K->14500K(153344K), 0.0196660 secs] 431481K->299183K(1230656K), 0.0198310 secs] [Times: user=0.05 sys=0.00, real=0.02 secs] 
2014-03-13T12:33:08.954+0000: 800654.939: [GC2014-03-13T12:33:08.954+0000: 800654.939: [ParNew
Desired survivor size 8716288 bytes, new threshold 5 (max 6)
- age   1:    2370176 bytes,    2370176 total
- age   2:    2005240 bytes,    4375416 total
- age   3:    2184808 bytes,    6560224 total
- age   4:    2123856 bytes,    8684080 total
- age   5:    1614128 bytes,   10298208 total
: 150820K->17024K(153344K), 0.0248480 secs] 435503K->303686K(1230656K), 0.0250220 secs] [Times: user=0.05 sys=0.00, real=0.02 secs] 
2014-03-13T12:36:50.672+0000: 800876.657: [GC2014-03-13T12:36:50.672+0000: 800876.657: [ParNew
Desired survivor size 8716288 bytes, new threshold 4 (max 6)
- age   1:    2631320 bytes,    2631320 total
- age   2:    2207096 bytes,    4838416 total
- age   3:    1980208 bytes,    6818624 total
- age   4:    2184360 bytes,    9002984 total
- age   5:    2123520 bytes,   11126504 total
: 153344K->12290K(153344K), 0.0253090 secs] 440006K->300610K(1230656K), 0.0254760 secs] [Times: user=0.05 sys=0.00, real=0.03 secs] 
2014-03-13T12:40:30.737+0000: 801096.722: [GC2014-03-13T12:40:30.737+0000: 801096.722: [ParNew
Desired survivor size 8716288 bytes, new threshold 6 (max 6)
- age   1:    2530344 bytes,    2530344 total
- age   2:    2038536 bytes,    4568880 total
- age   3:    2160424 bytes,    6729304 total
- age   4:    1974056 bytes,    8703360 total
: 148610K->9826K(153344K), 0.0303380 secs] 436930K->302567K(1230656K), 0.0305170 secs] [Times: user=0.06 sys=0.00, real=0.03 secs] 
2014-03-13T12:43:38.955+0000: 801284.940: [GC2014-03-13T12:43:38.955+0000: 801284.940: [ParNew
Desired survivor size 8716288 bytes, new threshold 5 (max 6)
- age   1:    2291504 bytes,    2291504 total
- age   2:    2040824 bytes,    4332328 total
- age   3:    2027704 bytes,    6360032 total
- age   4:    2158664 bytes,    8518696 total
- age   5:    1891016 bytes,   10409712 total
: 146146K->17023K(153344K), 0.0237020 secs] 438887K->310056K(1230656K), 0.0238830 secs] [Times: user=0.05 sys=0.00, real=0.02 secs] 
2014-03-13T12:47:07.752+0000: 801493.737: [GC2014-03-13T12:47:07.752+0000: 801493.737: [ParNew
Desired survivor size 8716288 bytes, new threshold 5 (max 6)
- age   1:    2384544 bytes,    2384544 total
- age   2:    2023672 bytes,    4408216 total
- age   3:    2029792 bytes,    6438008 total
- age   4:    2026952 bytes,    8464960 total
- age   5:    2157920 bytes,   10622880 total
: 153343K->12114K(153344K), 0.0265000 secs] 446376K->307090K(1230656K), 0.0266870 secs] [Times: user=0.06 sys=0.00, real=0.03 secs] 
2014-03-13T12:50:47.777+0000: 801713.761: [GC2014-03-13T12:50:47.777+0000: 801713.761: [ParNew
Desired survivor size 8716288 bytes, new threshold 5 (max 6)
- age   1:    2420616 bytes,    2420616 total
- age   2:    1939256 bytes,    4359872 total
- age   3:    1976344 bytes,    6336216 total
- age   4:    2029480 bytes,    8365696 total
- age   5:    2026496 bytes,   10392192 total
: 148434K->17024K(153344K), 0.0257620 secs] 443410K->314435K(1230656K), 0.0259290 secs] [Times: user=0.06 sys=0.00, real=0.03 secs] 
2014-03-13T12:54:15.181+0000: 801921.166: [GC2014-03-13T12:54:15.181+0000: 801921.166: [ParNew
Desired survivor size 8716288 bytes, new threshold 5 (max 6)
- age   1:    2424096 bytes,    2424096 total
- age   2:    2173288 bytes,    4597384 total
- age   3:    1910752 bytes,    6508136 total
- age   4:    1972640 bytes,    8480776 total
- age   5:    2028832 bytes,   10509608 total
: 153344K->12373K(153344K), 0.0257250 secs] 450755K->311868K(1230656K), 0.0258920 secs] [Times: user=0.05 sys=0.00, real=0.03 secs] 
2014-03-13T12:57:35.341+0000: 802121.326: [GC2014-03-13T12:57:35.342+0000: 802121.326: [ParNew
Desired survivor size 8716288 bytes, new threshold 5 (max 6)
- age   1:    2210552 bytes,    2210552 total
- age   2:    1920008 bytes,    4130560 total
- age   3:    2109496 bytes,    6240056 total
- age   4:    1898216 bytes,    8138272 total
- age   5:    1932552 bytes,   10070824 total
: 148693K->17024K(153344K), 0.0257320 secs] 448188K->318960K(1230656K), 0.0259110 secs] [Times: user=0.06 sys=0.00, real=0.03 secs] 
2014-03-13T13:00:55.539+0000: 802321.523: [GC2014-03-13T13:00:55.539+0000: 802321.524: [ParNew
Desired survivor size 8716288 bytes, new threshold 4 (max 6)
- age   1:    2875872 bytes,    2875872 total
- age   2:    1942424 bytes,    4818296 total
- age   3:    1909280 bytes,    6727576 total
- age   4:    2063264 bytes,    8790840 total
- age   5:    1897792 bytes,   10688632 total
: 153344K->12233K(153344K), 0.0252540 secs] 455280K->316148K(1230656K), 0.0254270 secs] [Times: user=0.05 sys=0.00, real=0.03 secs] 
2014-03-13T13:04:40.595+0000: 802546.580: [GC2014-03-13T13:04:40.595+0000: 802546.580: [ParNew
Desired survivor size 8716288 bytes, new threshold 6 (max 6)
- age   1:    2456848 bytes,    2456848 total
- age   2:    2159976 bytes,    4616824 total
- age   3:    1842920 bytes,    6459744 total
- age   4:    1908304 bytes,    8368048 total
: 148553K->9255K(153344K), 0.0272320 secs] 452468K->317242K(1230656K), 0.0273960 secs] [Times: user=0.05 sys=0.00, real=0.03 secs] 
2014-03-13T13:08:22.426+0000: 802768.411: [GC2014-03-13T13:08:22.426+0000: 802768.411: [ParNew
Desired survivor size 8716288 bytes, new threshold 5 (max 6)
- age   1:    2518760 bytes,    2518760 total
- age   2:    2077240 bytes,    4596000 total
- age   3:    2093016 bytes,    6689016 total
- age   4:    1841968 bytes,    8530984 total
- age   5:    1907112 bytes,   10438096 total
: 145575K->16728K(153344K), 0.0199880 secs] 453562K->324715K(1230656K), 0.0201340 secs] [Times: user=0.04 sys=0.00, real=0.02 secs] 
2014-03-13T13:11:45.073+0000: 802971.058: [GC2014-03-13T13:11:45.073+0000: 802971.058: [ParNew
Desired survivor size 8716288 bytes, new threshold 5 (max 6)
- age   1:    2332856 bytes,    2332856 total
- age   2:    2034496 bytes,    4367352 total
- age   3:    2075816 bytes,    6443168 total
- age   4:    1842384 bytes,    8285552 total
- age   5:    1841704 bytes,   10127256 total
: 153048K->17024K(153344K), 0.0254100 secs] 461035K->327499K(1230656K), 0.0255810 secs] [Times: user=0.06 sys=0.00, real=0.03 secs] 
2014-03-13T13:15:16.444+0000: 803182.429: [GC2014-03-13T13:15:16.444+0000: 803182.429: [ParNew
Desired survivor size 8716288 bytes, new threshold 5 (max 6)
- age   1:    2547112 bytes,    2547112 total
- age   2:    1938672 bytes,    4485784 total
- age   3:    2033328 bytes,    6519112 total
- age   4:    2075072 bytes,    8594184 total
- age   5:    1841480 bytes,   10435664 total
: 153344K->12440K(153344K), 0.0253670 secs] 463819K->324808K(1230656K), 0.0255410 secs] [Times: user=0.05 sys=0.00, real=0.02 secs] 
2014-03-13T13:18:25.572+0000: 803371.557: [GC2014-03-13T13:18:25.572+0000: 803371.557: [ParNew
Desired survivor size 8716288 bytes, new threshold 5 (max 6)
- age   1:    2151496 bytes,    2151496 total
- age   2:    2020704 bytes,    4172200 total
- age   3:    1926400 bytes,    6098600 total
- age   4:    2031592 bytes,    8130192 total
- age   5:    2074800 bytes,   10204992 total
: 148760K->17024K(153344K), 0.0268720 secs] 461128K->331596K(1230656K), 0.0270420 secs] [Times: user=0.06 sys=0.00, real=0.03 secs] 
2014-03-13T13:19:29.321+0000: 803435.306: [GC2014-03-13T13:19:29.321+0000: 803435.306: [ParNew
Desired survivor size 8716288 bytes, new threshold 1 (max 6)
- age   1:    9696320 bytes,    9696320 total
- age   2:    1831032 bytes,   11527352 total
- age   3:    1965632 bytes,   13492984 total
- age   4:    1917256 bytes,   15410240 total
- age   5:    2019696 bytes,   17429936 total
: 153344K->17024K(153344K), 0.0358530 secs] 467916K->340202K(1230656K), 0.0360250 secs] [Times: user=0.08 sys=0.00, real=0.04 secs] 
2014-03-13T13:19:46.421+0000: 803452.406: [GC2014-03-13T13:19:46.421+0000: 803452.406: [ParNew
Desired survivor size 8716288 bytes, new threshold 6 (max 6)
- age   1:    8538696 bytes,    8538696 total
: 153344K->14861K(153344K), 0.0410810 secs] 476522K->353019K(1230656K), 0.0412460 secs] [Times: user=0.08 sys=0.00, real=0.05 secs] 
2014-03-13T13:19:53.940+0000: 803459.924: [GC2014-03-13T13:19:53.940+0000: 803459.924: [ParNew
Desired survivor size 8716288 bytes, new threshold 1 (max 6)
- age   1:   10500032 bytes,   10500032 total
- age   2:     278992 bytes,   10779024 total
: 151181K->13787K(153344K), 0.0199550 secs] 489339K->351944K(1230656K), 0.0201490 secs] [Times: user=0.05 sys=0.00, real=0.02 secs] 
2014-03-13T13:20:16.615+0000: 803482.600: [GC2014-03-13T13:20:16.615+0000: 803482.600: [ParNew
Desired survivor size 8716288 bytes, new threshold 6 (max 6)
- age   1:    8256952 bytes,    8256952 total
: 150107K->14010K(153344K), 0.0139700 secs] 488264K->352535K(1230656K), 0.0141010 secs] [Times: user=0.03 sys=0.00, real=0.01 secs] 
2014-03-13T13:20:18.985+0000: 803484.970: [GC2014-03-13T13:20:18.985+0000: 803484.970: [ParNew
Desired survivor size 8716288 bytes, new threshold 1 (max 6)
- age   1:    9127408 bytes,    9127408 total
- age   2:     247408 bytes,    9374816 total
: 150330K->10704K(153344K), 0.0174110 secs] 488855K->349229K(1230656K), 0.0175530 secs] [Times: user=0.03 sys=0.00, real=0.02 secs] 
2014-03-13T13:22:35.667+0000: 803621.652: [GC2014-03-13T13:22:35.667+0000: 803621.652: [ParNew
Desired survivor size 8716288 bytes, new threshold 6 (max 6)
- age   1:    4555992 bytes,    4555992 total
: 147024K->8026K(153344K), 0.0128850 secs] 485549K->349586K(1230656K), 0.0130430 secs] [Times: user=0.02 sys=0.00, real=0.01 secs] 
2014-03-13T13:25:41.665+0000: 803807.650: [GC2014-03-13T13:25:41.665+0000: 803807.650: [ParNew
Desired survivor size 8716288 bytes, new threshold 6 (max 6)
- age   1:    2412504 bytes,    2412504 total
- age   2:    1354160 bytes,    3766664 total
: 144346K->5338K(153344K), 0.0131610 secs] 485906K->346898K(1230656K), 0.0132920 secs] [Times: user=0.02 sys=0.00, real=0.01 secs] 
2014-03-13T13:29:06.802+0000: 804012.786: [GC2014-03-13T13:29:06.802+0000: 804012.787: [ParNew
Desired survivor size 8716288 bytes, new threshold 6 (max 6)
- age   1:    2568568 bytes,    2568568 total
- age   2:    1752520 bytes,    4321088 total
- age   3:    1259840 bytes,    5580928 total
: 141658K->7076K(153344K), 0.0141750 secs] 483218K->348636K(1230656K), 0.0143600 secs] [Times: user=0.04 sys=0.00, real=0.02 secs] 
2014-03-13T13:31:37.541+0000: 804163.526: [GC2014-03-13T13:31:37.541+0000: 804163.526: [ParNew
Desired survivor size 8716288 bytes, new threshold 6 (max 6)
- age   1:    2491472 bytes,    2491472 total
- age   2:    2025528 bytes,    4517000 total
- age   3:    1740176 bytes,    6257176 total
- age   4:    1259512 bytes,    7516688 total
: 143396K->9873K(153344K), 0.0165280 secs] 484956K->351432K(1230656K), 0.0167150 secs] [Times: user=0.03 sys=0.00, real=0.02 secs] 
2014-03-13T13:34:04.722+0000: 804310.707: [GC2014-03-13T13:34:04.722+0000: 804310.707: [ParNew
Desired survivor size 8716288 bytes, new threshold 5 (max 6)
- age   1:    2657232 bytes,    2657232 total
- age   2:    1796048 bytes,    4453280 total
- age   3:    1901312 bytes,    6354592 total
- age   4:    1739832 bytes,    8094424 total
- age   5:    1259240 bytes,    9353664 total
: 146193K->13131K(153344K), 0.0184830 secs] 487752K->354691K(1230656K), 0.0186740 secs] [Times: user=0.03 sys=0.01, real=0.02 secs] 
2014-03-13T13:37:28.777+0000: 804514.762: [GC2014-03-13T13:37:28.777+0000: 804514.762: [ParNew
Desired survivor size 8716288 bytes, new threshold 5 (max 6)
- age   1:    2436144 bytes,    2436144 total
- age   2:    1541112 bytes,    3977256 total
- age   3:    1638896 bytes,    5616152 total
- age   4:    1900088 bytes,    7516240 total
- age   5:    1739408 bytes,    9255648 total
: 149451K->12523K(153344K), 0.0220260 secs] 491011K->355377K(1230656K), 0.0221920 secs] [Times: user=0.04 sys=0.00, real=0.02 secs] 
2014-03-13T13:41:10.528+0000: 804736.513: [GC2014-03-13T13:41:10.528+0000: 804736.513: [ParNew
Desired survivor size 8716288 bytes, new threshold 5 (max 6)
- age   1:    2387688 bytes,    2387688 total
- age   2:    1956520 bytes,    4344208 total
- age   3:    1404808 bytes,    5749016 total
- age   4:    1633688 bytes,    7382704 total
- age   5:    1899144 bytes,    9281848 total
: 148843K->13219K(153344K), 0.0237560 secs] 491697K->357860K(1230656K), 0.0239400 secs] [Times: user=0.05 sys=0.00, real=0.02 secs] 
2014-03-13T13:44:40.909+0000: 804946.894: [GC2014-03-13T13:44:40.909+0000: 804946.894: [ParNew
Desired survivor size 8716288 bytes, new threshold 5 (max 6)
- age   1:    2970568 bytes,    2970568 total
- age   2:    2036648 bytes,    5007216 total
- age   3:    1900176 bytes,    6907392 total
- age   4:    1396304 bytes,    8303696 total
- age   5:    1513872 bytes,    9817568 total
: 149539K->13414K(153344K), 0.0253850 secs] 494180K->360007K(1230656K), 0.0255580 secs] [Times: user=0.05 sys=0.00, real=0.03 secs] 
2014-03-13T13:48:29.517+0000: 805175.501: [GC2014-03-13T13:48:29.517+0000: 805175.501: [ParNew
Desired survivor size 8716288 bytes, new threshold 5 (max 6)
- age   1:    2270016 bytes,    2270016 total
- age   2:    2465448 bytes,    4735464 total
- age   3:    2035488 bytes,    6770952 total
- age   4:    1899024 bytes,    8669976 total
- age   5:    1396080 bytes,   10066056 total
: 149734K->17024K(153344K), 0.0232130 secs] 496327K->365228K(1230656K), 0.0233650 secs] [Times: user=0.05 sys=0.00, real=0.02 secs] 
2014-03-13T13:51:55.686+0000: 805381.670: [GC2014-03-13T13:51:55.686+0000: 805381.670: [ParNew
Desired survivor size 8716288 bytes, new threshold 4 (max 6)
- age   1:    2526320 bytes,    2526320 total
- age   2:    2128960 bytes,    4655280 total
- age   3:    2395936 bytes,    7051216 total
- age   4:    2033504 bytes,    9084720 total
- age   5:    1896704 bytes,   10981424 total
: 153344K->12209K(153344K), 0.0243430 secs] 501548K->361846K(1230656K), 0.0245160 secs] [Times: user=0.05 sys=0.00, real=0.02 secs] 
2014-03-13T13:55:32.908+0000: 805598.893: [GC2014-03-13T13:55:32.908+0000: 805598.893: [ParNew
Desired survivor size 8716288 bytes, new threshold 4 (max 6)
- age   1:    2523872 bytes,    2523872 total
- age   2:    1970208 bytes,    4494080 total
- age   3:    2128472 bytes,    6622552 total
- age   4:    2384728 bytes,    9007280 total
: 148529K->9774K(153344K), 0.0284230 secs] 498166K->363452K(1230656K), 0.0286110 secs] [Times: user=0.06 sys=0.00, real=0.03 secs] 
2014-03-13T13:58:48.964+0000: 805794.949: [GC2014-03-13T13:58:48.964+0000: 805794.949: [ParNew
Desired survivor size 8716288 bytes, new threshold 6 (max 6)
- age   1:    2649968 bytes,    2649968 total
- age   2:    1998960 bytes,    4648928 total
- age   3:    1899936 bytes,    6548864 total
- age   4:    2128216 bytes,    8677080 total
: 146094K->13176K(153344K), 0.0228430 secs] 499772K->369049K(1230656K), 0.0229970 secs] [Times: user=0.05 sys=0.00, real=0.02 secs] 
2014-03-13T14:02:25.635+0000: 806011.620: [GC2014-03-13T14:02:25.635+0000: 806011.620: [ParNew
Desired survivor size 8716288 bytes, new threshold 5 (max 6)
- age   1:    2380648 bytes,    2380648 total
- age   2:    2132392 bytes,    4513040 total
- age   3:    1986888 bytes,    6499928 total
- age   4:    1898680 bytes,    8398608 total
- age   5:    2127832 bytes,   10526440 total
: 149496K->16779K(153344K), 0.0211850 secs] 505369K->372652K(1230656K), 0.0213460 secs] [Times: user=0.04 sys=0.00, real=0.02 secs] 
2014-03-13T14:05:42.949+0000: 806208.933: [GC2014-03-13T14:05:42.949+0000: 806208.933: [ParNew
Desired survivor size 8716288 bytes, new threshold 5 (max 6)
- age   1:    2660008 bytes,    2660008 total
- age   2:    2000656 bytes,    4660664 total
- age   3:    2056032 bytes,    6716696 total
- age   4:    1986304 bytes,    8703000 total
- age   5:    1898352 bytes,   10601352 total
: 153099K->14743K(153344K), 0.0256230 secs] 508972K->372804K(1230656K), 0.0257980 secs] [Times: user=0.05 sys=0.00, real=0.03 secs] 
2014-03-13T14:08:43.399+0000: 806389.383: [GC2014-03-13T14:08:43.399+0000: 806389.383: [ParNew
Desired survivor size 8716288 bytes, new threshold 5 (max 6)
- age   1:    2404112 bytes,    2404112 total
- age   2:    2074064 bytes,    4478176 total
- age   3:    1999728 bytes,    6477904 total
- age   4:    2038720 bytes,    8516624 total
- age   5:    1985536 bytes,   10502160 total
: 151063K->15431K(153344K), 0.0252010 secs] 509124K->375442K(1230656K), 0.0253670 secs] [Times: user=0.05 sys=0.00, real=0.03 secs] 
2014-03-13T14:11:22.960+0000: 806548.945: [GC2014-03-13T14:11:22.960+0000: 806548.945: [ParNew
Desired survivor size 8716288 bytes, new threshold 5 (max 6)
- age   1:    2598712 bytes,    2598712 total
- age   2:    1800080 bytes,    4398792 total
- age   3:    2017768 bytes,    6416560 total
- age   4:    1999520 bytes,    8416080 total
- age   5:    1839056 bytes,   10255136 total
: 151751K->17024K(153344K), 0.0258110 secs] 511762K->379467K(1230656K), 0.0260050 secs] [Times: user=0.05 sys=0.00, real=0.03 secs] 
2014-03-13T14:14:44.442+0000: 806750.427: [GC2014-03-13T14:14:44.442+0000: 806750.427: [ParNew
Desired survivor size 8716288 bytes, new threshold 5 (max 6)
- age   1:    2576728 bytes,    2576728 total
- age   2:    2220400 bytes,    4797128 total
- age   3:    1789600 bytes,    6586728 total
- age   4:    2017344 bytes,    8604072 total
- age   5:    1999368 bytes,   10603440 total
: 153344K->12718K(153344K), 0.0251180 secs] 515787K->377052K(1230656K), 0.0252760 secs] [Times: user=0.06 sys=0.00, real=0.02 secs] 
2014-03-13T14:18:11.487+0000: 806957.472: [GC2014-03-13T14:18:11.487+0000: 806957.472: [ParNew
Desired survivor size 8716288 bytes, new threshold 5 (max 6)
- age   1:    2211880 bytes,    2211880 total
- age   2:    2001560 bytes,    4213440 total
- age   3:    1698456 bytes,    5911896 total
- age   4:    1788368 bytes,    7700264 total
- age   5:    2017072 bytes,    9717336 total
: 149038K->17024K(153344K), 0.0253450 secs] 513372K->383662K(1230656K), 0.0255170 secs] [Times: user=0.05 sys=0.00, real=0.02 secs] 
2014-03-13T14:21:39.628+0000: 807165.613: [GC2014-03-13T14:21:39.629+0000: 807165.613: [ParNew
Desired survivor size 8716288 bytes, new threshold 5 (max 6)
- age   1:    2359208 bytes,    2359208 total
- age   2:    1939984 bytes,    4299192 total
- age   3:    1950632 bytes,    6249824 total
- age   4:    1697816 bytes,    7947640 total
- age   5:    1788048 bytes,    9735688 total
: 153344K->11884K(153344K), 0.0247660 secs] 519982K->380599K(1230656K), 0.0249330 secs] [Times: user=0.05 sys=0.00, real=0.02 secs] 
2014-03-13T14:25:11.664+0000: 807377.649: [GC2014-03-13T14:25:11.664+0000: 807377.649: [ParNew
Desired survivor size 8716288 bytes, new threshold 5 (max 6)
- age   1:    2424816 bytes,    2424816 total
- age   2:    1956056 bytes,    4380872 total
- age   3:    1929568 bytes,    6310440 total
- age   4:    1904440 bytes,    8214880 total
- age   5:    1697448 bytes,    9912328 total
: 148204K->17024K(153344K), 0.0246990 secs] 516919K->387666K(1230656K), 0.0248840 secs] [Times: user=0.05 sys=0.00, real=0.02 secs] 
2014-03-13T14:28:40.659+0000: 807586.644: [GC2014-03-13T14:28:40.659+0000: 807586.644: [ParNew
Desired survivor size 8716288 bytes, new threshold 5 (max 6)
- age   1:    2429168 bytes,    2429168 total
- age   2:    1957936 bytes,    4387104 total
- age   3:    1953696 bytes,    6340800 total
- age   4:    1928584 bytes,    8269384 total
- age   5:    1897744 bytes,   10167128 total
: 153344K->11619K(153344K), 0.0249200 secs] 523986K->383997K(1230656K), 0.0250960 secs] [Times: user=0.05 sys=0.00, real=0.03 secs] 
2014-03-13T14:32:23.537+0000: 807809.522: [GC2014-03-13T14:32:23.537+0000: 807809.522: [ParNew
Desired survivor size 8716288 bytes, new threshold 5 (max 6)
- age   1:    2337848 bytes,    2337848 total
- age   2:    1938760 bytes,    4276608 total
- age   3:    1946536 bytes,    6223144 total
- age   4:    1953048 bytes,    8176192 total
- age   5:    1928032 bytes,   10104224 total
: 147939K->17024K(153344K), 0.0248080 secs] 520317K->391518K(1230656K), 0.0249750 secs] [Times: user=0.04 sys=0.00, real=0.02 secs] 
2014-03-13T14:34:50.552+0000: 807956.536: [GC2014-03-13T14:34:50.552+0000: 807956.536: [ParNew
Desired survivor size 8716288 bytes, new threshold 5 (max 6)
- age   1:    2727256 bytes,    2727256 total
- age   2:    2087120 bytes,    4814376 total
- age   3:    1937024 bytes,    6751400 total
- age   4:    1946160 bytes,    8697560 total
- age   5:    1951832 bytes,   10649392 total
: 153344K->12236K(153344K), 0.0248790 secs] 527838K->388711K(1230656K), 0.0250610 secs] [Times: user=0.05 sys=0.00, real=0.03 secs] 
2014-03-13T14:38:00.324+0000: 808146.308: [GC2014-03-13T14:38:00.324+0000: 808146.308: [ParNew
Desired survivor size 8716288 bytes, new threshold 5 (max 6)
- age   1:    1978848 bytes,    1978848 total
- age   2:    1948128 bytes,    3926976 total
- age   3:    2085520 bytes,    6012496 total
- age   4:    1936688 bytes,    7949184 total
- age   5:    1945976 bytes,    9895160 total
: 148556K->17024K(153344K), 0.0248600 secs] 525031K->395807K(1230656K), 0.0250410 secs] [Times: user=0.05 sys=0.00, real=0.02 secs] 
2014-03-13T14:40:44.293+0000: 808310.277: [GC2014-03-13T14:40:44.293+0000: 808310.278: [ParNew
Desired survivor size 8716288 bytes, new threshold 5 (max 6)
- age   1:    2412584 bytes,    2412584 total
- age   2:    1759264 bytes,    4171848 total
- age   3:    1703576 bytes,    5875424 total
- age   4:    2085312 bytes,    7960736 total
- age   5:    1936200 bytes,    9896936 total
: 153344K->12040K(153344K), 0.0241730 secs] 532127K->392823K(1230656K), 0.0243340 secs] [Times: user=0.05 sys=0.00, real=0.03 secs] 
2014-03-13T14:43:15.613+0000: 808461.598: [GC2014-03-13T14:43:15.613+0000: 808461.598: [ParNew
Desired survivor size 8716288 bytes, new threshold 5 (max 6)
- age   1:    2415736 bytes,    2415736 total
- age   2:    1777240 bytes,    4192976 total
- age   3:    1756952 bytes,    5949928 total
- age   4:    1702440 bytes,    7652368 total
- age   5:    2084392 bytes,    9736760 total
: 148360K->17024K(153344K), 0.0242690 secs] 529143K->400038K(1230656K), 0.0244370 secs] [Times: user=0.05 sys=0.00, real=0.03 secs] 
2014-03-13T14:46:48.936+0000: 808674.921: [GC2014-03-13T14:46:48.936+0000: 808674.921: [ParNew
Desired survivor size 8716288 bytes, new threshold 5 (max 6)
- age   1:    2620720 bytes,    2620720 total
- age   2:    1610656 bytes,    4231376 total
- age   3:    1624032 bytes,    5855408 total
- age   4:    1756744 bytes,    7612152 total
- age   5:    1702184 bytes,    9314336 total
: 153344K->11474K(153344K), 0.0239100 secs] 536358K->396629K(1230656K), 0.0240720 secs] [Times: user=0.05 sys=0.00, real=0.02 secs] 
2014-03-13T14:50:27.844+0000: 808893.829: [GC2014-03-13T14:50:27.844+0000: 808893.829: [ParNew
Desired survivor size 8716288 bytes, new threshold 5 (max 6)
- age   1:    2462656 bytes,    2462656 total
- age   2:    2094352 bytes,    4557008 total
- age   3:    1599080 bytes,    6156088 total
- age   4:    1616320 bytes,    7772408 total
- age   5:    1756472 bytes,    9528880 total
: 147794K->16426K(153344K), 0.0229630 secs] 532949K->403318K(1230656K), 0.0231220 secs] [Times: user=0.05 sys=0.00, real=0.02 secs] 
2014-03-13T14:54:12.423+0000: 809118.408: [GC2014-03-13T14:54:12.424+0000: 809118.408: [ParNew
Desired survivor size 8716288 bytes, new threshold 5 (max 6)
- age   1:    2546712 bytes,    2546712 total
- age   2:    2046952 bytes,    4593664 total
- age   3:    1994912 bytes,    6588576 total
- age   4:    1598576 bytes,    8187152 total
- age   5:    1535960 bytes,    9723112 total
: 152746K->10985K(153344K), 0.0270430 secs] 539638K->399682K(1230656K), 0.0272310 secs] [Times: user=0.05 sys=0.00, real=0.02 secs] 
2014-03-13T14:57:54.059+0000: 809340.043: [GC2014-03-13T14:57:54.059+0000: 809340.043: [ParNew
Desired survivor size 8716288 bytes, new threshold 4 (max 6)
- age   1:    2852176 bytes,    2852176 total
- age   2:    2100584 bytes,    4952760 total
- age   3:    2035440 bytes,    6988200 total
- age   4:    1993880 bytes,    8982080 total
- age   5:    1597368 bytes,   10579448 total
: 147305K->16850K(153344K), 0.0259270 secs] 536002K->407125K(1230656K), 0.0261080 secs] [Times: user=0.05 sys=0.00, real=0.03 secs] 
2014-03-13T15:01:42.123+0000: 809568.108: [GC2014-03-13T15:01:42.123+0000: 809568.108: [ParNew
Desired survivor size 8716288 bytes, new threshold 4 (max 6)
- age   1:    2586704 bytes,    2586704 total
- age   2:    2468824 bytes,    5055528 total
- age   3:    2089592 bytes,    7145120 total
- age   4:    1989032 bytes,    9134152 total
: 153170K->9847K(153344K), 0.0295740 secs] 543445K->403817K(1230656K), 0.0297580 secs] [Times: user=0.05 sys=0.00, real=0.02 secs] 
2014-03-13T15:05:11.039+0000: 809777.024: [GC2014-03-13T15:05:11.039+0000: 809777.024: [ParNew
Desired survivor size 8716288 bytes, new threshold 4 (max 6)
- age   1:    2497000 bytes,    2497000 total
- age   2:    2110816 bytes,    4607816 total
- age   3:    2436784 bytes,    7044600 total
- age   4:    2088504 bytes,    9133104 total
: 146167K->9405K(153344K), 0.0237720 secs] 540137K->405418K(1230656K), 0.0239500 secs] [Times: user=0.05 sys=0.00, real=0.03 secs] 
2014-03-13T15:09:01.939+0000: 810007.924: [GC2014-03-13T15:09:01.939+0000: 810007.924: [ParNew
Desired survivor size 8716288 bytes, new threshold 4 (max 6)
- age   1:    2527200 bytes,    2527200 total
- age   2:    1968920 bytes,    4496120 total
- age   3:    2109008 bytes,    6605128 total
- age   4:    2237112 bytes,    8842240 total
: 145725K->13087K(153344K), 0.0231060 secs] 541738K->411247K(1230656K), 0.0232720 secs] [Times: user=0.04 sys=0.00, real=0.03 secs] 
2014-03-13T15:12:57.615+0000: 810243.600: [GC2014-03-13T15:12:57.615+0000: 810243.600: [ParNew
Desired survivor size 8716288 bytes, new threshold 4 (max 6)
- age   1:    2712832 bytes,    2712832 total
- age   2:    2132752 bytes,    4845584 total
- age   3:    1962688 bytes,    6808272 total
- age   4:    2108408 bytes,    8916680 total
: 149407K->17023K(153344K), 0.0240470 secs] 547567K->417587K(1230656K), 0.0242170 secs] [Times: user=0.05 sys=0.00, real=0.02 secs] 
2014-03-13T15:16:21.103+0000: 810447.087: [GC2014-03-13T15:16:21.103+0000: 810447.088: [ParNew
Desired survivor size 8716288 bytes, new threshold 4 (max 6)
- age   1:    2490024 bytes,    2490024 total
- age   2:    2488360 bytes,    4978384 total
- age   3:    2131048 bytes,    7109432 total
- age   4:    1961512 bytes,    9070944 total
: 153343K->11048K(153344K), 0.0234900 secs] 553907K->413778K(1230656K), 0.0236550 secs] [Times: user=0.05 sys=0.00, real=0.02 secs] 
2014-03-13T15:18:45.718+0000: 810591.703: [GC2014-03-13T15:18:45.718+0000: 810591.703: [ParNew
Desired survivor size 8716288 bytes, new threshold 4 (max 6)
- age   1:    2716240 bytes,    2716240 total
- age   2:    1898784 bytes,    4615024 total
- age   3:    2432616 bytes,    7047640 total
- age   4:    2129544 bytes,    9177184 total
: 147368K->12110K(153344K), 0.0232630 secs] 550098K->416854K(1230656K), 0.0234190 secs] [Times: user=0.05 sys=0.00, real=0.02 secs] 
2014-03-13T15:21:53.769+0000: 810779.754: [GC2014-03-13T15:21:53.769+0000: 810779.754: [ParNew
Desired survivor size 8716288 bytes, new threshold 4 (max 6)
- age   1:    2988064 bytes,    2988064 total
- age   2:    1901288 bytes,    4889352 total
- age   3:    1889112 bytes,    6778464 total
- age   4:    2424408 bytes,    9202872 total
: 148430K->16924K(153344K), 0.0230570 secs] 553174K->423856K(1230656K), 0.0232150 secs] [Times: user=0.04 sys=0.00, real=0.02 secs] 
2014-03-13T15:25:38.412+0000: 811004.397: [GC2014-03-13T15:25:38.412+0000: 811004.397: [ParNew
Desired survivor size 8716288 bytes, new threshold 6 (max 6)
- age   1:    2526624 bytes,    2526624 total
- age   2:    1775232 bytes,    4301856 total
- age   3:    1406800 bytes,    5708656 total
- age   4:    1888512 bytes,    7597168 total
: 153244K->10869K(153344K), 0.0226820 secs] 560176K->420270K(1230656K), 0.0228430 secs] [Times: user=0.05 sys=0.00, real=0.03 secs] 
2014-03-13T15:28:59.722+0000: 811205.707: [GC2014-03-13T15:28:59.722+0000: 811205.707: [ParNew
Desired survivor size 8716288 bytes, new threshold 5 (max 6)
- age   1:    2655560 bytes,    2655560 total
- age   2:    2127472 bytes,    4783032 total
- age   3:    1772616 bytes,    6555648 total
- age   4:    1405960 bytes,    7961608 total
- age   5:    1888080 bytes,    9849688 total
: 147189K->13798K(153344K), 0.0205490 secs] 556590K->423200K(1230656K), 0.0207070 secs] [Times: user=0.03 sys=0.00, real=0.02 secs] 
2014-03-13T15:32:48.668+0000: 811434.653: [GC2014-03-13T15:32:48.668+0000: 811434.653: [ParNew
Desired survivor size 8716288 bytes, new threshold 5 (max 6)
- age   1:    2361088 bytes,    2361088 total
- age   2:    1966936 bytes,    4328024 total
- age   3:    2116520 bytes,    6444544 total
- age   4:    1771776 bytes,    8216320 total
- age   5:    1405504 bytes,    9621824 total
: 150118K->17024K(153344K), 0.0244360 secs] 559520K->428539K(1230656K), 0.0246040 secs] [Times: user=0.05 sys=0.00, real=0.02 secs] 
2014-03-13T15:36:28.237+0000: 811654.221: [GC2014-03-13T15:36:28.237+0000: 811654.222: [ParNew
Desired survivor size 8716288 bytes, new threshold 4 (max 6)
- age   1:    2647664 bytes,    2647664 total
- age   2:    2149248 bytes,    4796912 total
- age   3:    1964480 bytes,    6761392 total
- age   4:    2115704 bytes,    8877096 total
- age   5:    1771128 bytes,   10648224 total
: 153344K->11626K(153344K), 0.0258030 secs] 564859K->424584K(1230656K), 0.0259870 secs] [Times: user=0.05 sys=0.00, real=0.03 secs] 
2014-03-13T15:40:34.459+0000: 811900.444: [GC2014-03-13T15:40:34.459+0000: 811900.444: [ParNew
Desired survivor size 8716288 bytes, new threshold 4 (max 6)
- age   1:    2643288 bytes,    2643288 total
- age   2:    2049392 bytes,    4692680 total
- age   3:    2145128 bytes,    6837808 total
- age   4:    1962872 bytes,    8800680 total
: 147946K->13715K(153344K), 0.0273870 secs] 560904K->430662K(1230656K), 0.0275500 secs] [Times: user=0.06 sys=0.00, real=0.03 secs] 
2014-03-13T15:44:20.259+0000: 812126.244: [GC2014-03-13T15:44:20.259+0000: 812126.244: [ParNew
Desired survivor size 8716288 bytes, new threshold 4 (max 6)
- age   1:    2603432 bytes,    2603432 total
- age   2:    2366880 bytes,    4970312 total
- age   3:    2022760 bytes,    6993072 total
- age   4:    2144848 bytes,    9137920 total
: 150035K->13091K(153344K), 0.0230980 secs] 566982K->432012K(1230656K), 0.0232750 secs] [Times: user=0.05 sys=0.00, real=0.03 secs] 
2014-03-13T15:47:41.985+0000: 812327.970: [GC2014-03-13T15:47:41.985+0000: 812327.970: [ParNew
Desired survivor size 8716288 bytes, new threshold 4 (max 6)
- age   1:    2835504 bytes,    2835504 total
- age   2:    2157400 bytes,    4992904 total
- age   3:    2320712 bytes,    7313616 total
- age   4:    2020464 bytes,    9334080 total
: 149411K->17024K(153344K), 0.0243940 secs] 568332K->438446K(1230656K), 0.0245700 secs] [Times: user=0.05 sys=0.00, real=0.02 secs] 
2014-03-13T15:51:43.417+0000: 812569.402: [GC2014-03-13T15:51:43.417+0000: 812569.402: [ParNew
Desired survivor size 8716288 bytes, new threshold 4 (max 6)
- age   1:    2573264 bytes,    2573264 total
- age   2:    1977464 bytes,    4550728 total
- age   3:    2085248 bytes,    6635976 total
- age   4:    2319456 bytes,    8955432 total
: 153344K->11308K(153344K), 0.0233030 secs] 574766K->434807K(1230656K), 0.0234640 secs] [Times: user=0.05 sys=0.00, real=0.02 secs] 
2014-03-13T15:55:50.270+0000: 812816.255: [GC2014-03-13T15:55:50.270+0000: 812816.255: [ParNew
Desired survivor size 8716288 bytes, new threshold 4 (max 6)
- age   1:    2624256 bytes,    2624256 total
- age   2:    2287368 bytes,    4911624 total
- age   3:    1895128 bytes,    6806752 total
- age   4:    2084160 bytes,    8890912 total
: 147628K->15834K(153344K), 0.0242720 secs] 571127K->441716K(1230656K), 0.0244610 secs] [Times: user=0.04 sys=0.00, real=0.03 secs] 
2014-03-13T15:59:54.124+0000: 813060.109: [GC2014-03-13T15:59:54.124+0000: 813060.109: [ParNew
Desired survivor size 8716288 bytes, new threshold 4 (max 6)
- age   1:    2590832 bytes,    2590832 total
- age   2:    2372864 bytes,    4963696 total
- age   3:    2241264 bytes,    7204960 total
- age   4:    1894824 bytes,    9099784 total
: 152154K->13061K(153344K), 0.0235210 secs] 578036K->441085K(1230656K), 0.0236650 secs] [Times: user=0.05 sys=0.00, real=0.02 secs] 
2014-03-13T16:03:43.736+0000: 813289.721: [GC2014-03-13T16:03:43.736+0000: 813289.721: [ParNew
Desired survivor size 8716288 bytes, new threshold 4 (max 6)
- age   1:    2499696 bytes,    2499696 total
- age   2:    2281544 bytes,    4781240 total
- age   3:    2372096 bytes,    7153336 total
- age   4:    2238456 bytes,    9391792 total
: 149381K->15925K(153344K), 0.0235420 secs] 577405K->445890K(1230656K), 0.0237030 secs] [Times: user=0.05 sys=0.00, real=0.02 secs] 
2014-03-13T16:07:35.177+0000: 813521.162: [GC2014-03-13T16:07:35.178+0000: 813521.162: [ParNew
Desired survivor size 8716288 bytes, new threshold 4 (max 6)
- age   1:    2674464 bytes,    2674464 total
- age   2:    2145984 bytes,    4820448 total
- age   3:    2235736 bytes,    7056184 total
- age   4:    2370984 bytes,    9427168 total
: 152245K->10889K(153344K), 0.0242960 secs] 582210K->443155K(1230656K), 0.0244610 secs] [Times: user=0.04 sys=0.01, real=0.02 secs] 
2014-03-13T16:11:25.466+0000: 813751.451: [GC2014-03-13T16:11:25.466+0000: 813751.451: [ParNew
Desired survivor size 8716288 bytes, new threshold 4 (max 6)
- age   1:    2530816 bytes,    2530816 total
- age   2:    2193080 bytes,    4723896 total
- age   3:    2143968 bytes,    6867864 total
- age   4:    2234936 bytes,    9102800 total
: 147209K->16339K(153344K), 0.0241860 secs] 579475K->451000K(1230656K), 0.0243330 secs] [Times: user=0.06 sys=0.00, real=0.02 secs] 
2014-03-13T16:14:51.158+0000: 813957.142: [GC2014-03-13T16:14:51.158+0000: 813957.143: [ParNew
Desired survivor size 8716288 bytes, new threshold 4 (max 6)
- age   1:    2732016 bytes,    2732016 total
- age   2:    2127192 bytes,    4859208 total
- age   3:    2181744 bytes,    7040952 total
- age   4:    2143424 bytes,    9184376 total
: 152659K->10876K(153344K), 0.0236890 secs] 587320K->447835K(1230656K), 0.0238390 secs] [Times: user=0.05 sys=0.00, real=0.02 secs] 
2014-03-13T16:18:18.906+0000: 814164.891: [GC2014-03-13T16:18:18.906+0000: 814164.891: [ParNew
Desired survivor size 8716288 bytes, new threshold 4 (max 6)
- age   1:    2698224 bytes,    2698224 total
- age   2:    2080400 bytes,    4778624 total
- age   3:    2125760 bytes,    6904384 total
- age   4:    2181000 bytes,    9085384 total
: 147196K->15937K(153344K), 0.0252940 secs] 584155K->455097K(1230656K), 0.0254780 secs] [Times: user=0.05 sys=0.00, real=0.02 secs] 
2014-03-13T16:22:01.694+0000: 814387.679: [GC2014-03-13T16:22:01.694+0000: 814387.679: [ParNew
Desired survivor size 8716288 bytes, new threshold 4 (max 6)
- age   1:    2498240 bytes,    2498240 total
- age   2:    2170144 bytes,    4668384 total
- age   3:    2017152 bytes,    6685536 total
- age   4:    2124824 bytes,    8810360 total
: 152257K->10552K(153344K), 0.0240530 secs] 591417K->451953K(1230656K), 0.0242270 secs] [Times: user=0.05 sys=0.00, real=0.03 secs] 
2014-03-13T16:25:50.317+0000: 814616.302: [GC2014-03-13T16:25:50.317+0000: 814616.302: [ParNew
Desired survivor size 8716288 bytes, new threshold 4 (max 6)
- age   1:    2709728 bytes,    2709728 total
- age   2:    2060408 bytes,    4770136 total
- age   3:    1932240 bytes,    6702376 total
- age   4:    2013968 bytes,    8716344 total
: 146872K->15475K(153344K), 0.0232330 secs] 588273K->459060K(1230656K), 0.0233990 secs] [Times: user=0.06 sys=0.00, real=0.02 secs] 
2014-03-13T16:29:24.766+0000: 814830.751: [GC2014-03-13T16:29:24.766+0000: 814830.751: [ParNew
Desired survivor size 8716288 bytes, new threshold 4 (max 6)
- age   1:    2538976 bytes,    2538976 total
- age   2:    2293304 bytes,    4832280 total
- age   3:    2048352 bytes,    6880632 total
- age   4:    1929008 bytes,    8809640 total
: 151795K->10187K(153344K), 0.0236510 secs] 595380K->455720K(1230656K), 0.0237930 secs] [Times: user=0.05 sys=0.00, real=0.02 secs] 
2014-03-13T16:33:13.047+0000: 815059.032: [GC2014-03-13T16:33:13.047+0000: 815059.032: [ParNew
Desired survivor size 8716288 bytes, new threshold 4 (max 6)
- age   1:    2816792 bytes,    2816792 total
- age   2:    2039384 bytes,    4856176 total
- age   3:    2168176 bytes,    7024352 total
- age   4:    2047312 bytes,    9071664 total
: 146507K->15202K(153344K), 0.0233900 secs] 592040K->462718K(1230656K), 0.0235690 secs] [Times: user=0.05 sys=0.00, real=0.02 secs] 
2014-03-13T16:37:15.690+0000: 815301.675: [GC2014-03-13T16:37:15.690+0000: 815301.675: [ParNew
Desired survivor size 8716288 bytes, new threshold 4 (max 6)
- age   1:    2582928 bytes,    2582928 total
- age   2:    2444464 bytes,    5027392 total
- age   3:    1991800 bytes,    7019192 total
- age   4:    2167648 bytes,    9186840 total
: 151522K->10390K(153344K), 0.0232850 secs] 599038K->460010K(1230656K), 0.0234590 secs] [Times: user=0.05 sys=0.00, real=0.02 secs] 
2014-03-13T16:40:49.909+0000: 815515.894: [GC2014-03-13T16:40:49.909+0000: 815515.894: [ParNew
Desired survivor size 8716288 bytes, new threshold 4 (max 6)
- age   1:    2583288 bytes,    2583288 total
- age   2:    2257272 bytes,    4840560 total
- age   3:    2430760 bytes,    7271320 total
- age   4:    1989296 bytes,    9260616 total
: 146710K->16081K(153344K), 0.0238420 secs] 596330K->467928K(1230656K), 0.0240050 secs] [Times: user=0.05 sys=0.00, real=0.02 secs] 
2014-03-13T16:44:35.546+0000: 815741.531: [GC2014-03-13T16:44:35.547+0000: 815741.531: [ParNew
Desired survivor size 8716288 bytes, new threshold 4 (max 6)
- age   1:    2558880 bytes,    2558880 total
- age   2:    1999560 bytes,    4558440 total
- age   3:    2246120 bytes,    6804560 total
- age   4:    2418040 bytes,    9222600 total
: 152401K->11025K(153344K), 0.0233580 secs] 604248K->464916K(1230656K), 0.0235260 secs] [Times: user=0.05 sys=0.00, real=0.02 secs] 
2014-03-13T16:48:30.305+0000: 815976.290: [GC2014-03-13T16:48:30.305+0000: 815976.290: [ParNew
Desired survivor size 8716288 bytes, new threshold 4 (max 6)
- age   1:    2557584 bytes,    2557584 total
- age   2:    2138936 bytes,    4696520 total
- age   3:    1988216 bytes,    6684736 total
- age   4:    2245320 bytes,    8930056 total
: 147345K->15575K(153344K), 0.0232440 secs] 601236K->471665K(1230656K), 0.0233980 secs] [Times: user=0.05 sys=0.00, real=0.02 secs] 
2014-03-13T16:52:35.020+0000: 816221.005: [GC2014-03-13T16:52:35.020+0000: 816221.005: [ParNew
Desired survivor size 8716288 bytes, new threshold 4 (max 6)
- age   1:    2522072 bytes,    2522072 total
- age   2:    2222288 bytes,    4744360 total
- age   3:    2085680 bytes,    6830040 total
- age   4:    1987880 bytes,    8817920 total
: 151895K->10404K(153344K), 0.0237710 secs] 607985K->468802K(1230656K), 0.0239260 secs] [Times: user=0.05 sys=0.00, real=0.03 secs] 
2014-03-13T16:56:26.394+0000: 816452.379: [GC2014-03-13T16:56:26.394+0000: 816452.379: [ParNew
Desired survivor size 8716288 bytes, new threshold 4 (max 6)
- age   1:    2668600 bytes,    2668600 total
- age   2:    2264328 bytes,    4932928 total
- age   3:    2218768 bytes,    7151696 total
- age   4:    2084784 bytes,    9236480 total
: 146724K->15468K(153344K), 0.0264700 secs] 605122K->475909K(1230656K), 0.0266640 secs] [Times: user=0.05 sys=0.00, real=0.02 secs] 
2014-03-13T17:00:09.909+0000: 816675.894: [GC2014-03-13T17:00:09.909+0000: 816675.894: [ParNew
Desired survivor size 8716288 bytes, new threshold 4 (max 6)
- age   1:    2527360 bytes,    2527360 total
- age   2:    2210696 bytes,    4738056 total
- age   3:    2263712 bytes,    7001768 total
- age   4:    2173056 bytes,    9174824 total
: 151788K->13277K(153344K), 0.0261840 secs] 612229K->475859K(1230656K), 0.0263640 secs] [Times: user=0.05 sys=0.00, real=0.03 secs] 
2014-03-13T17:03:37.776+0000: 816883.761: [GC2014-03-13T17:03:37.776+0000: 816883.761: [ParNew
Desired survivor size 8716288 bytes, new threshold 4 (max 6)
- age   1:    2664376 bytes,    2664376 total
- age   2:    2132288 bytes,    4796664 total
- age   3:    2209512 bytes,    7006176 total
- age   4:    2263424 bytes,    9269600 total
: 149597K->15959K(153344K), 0.0236050 secs] 612179K->480775K(1230656K), 0.0237700 secs] [Times: user=0.05 sys=0.00, real=0.02 secs] 
2014-03-13T17:07:20.314+0000: 817106.299: [GC2014-03-13T17:07:20.314+0000: 817106.299: [ParNew
Desired survivor size 8716288 bytes, new threshold 4 (max 6)
- age   1:    2944472 bytes,    2944472 total
- age   2:    2285848 bytes,    5230320 total
- age   3:    2085064 bytes,    7315384 total
- age   4:    2208416 bytes,    9523800 total
: 152279K->10815K(153344K), 0.0240690 secs] 617095K->477957K(1230656K), 0.0242410 secs] [Times: user=0.05 sys=0.00, real=0.02 secs] 
2014-03-13T17:11:15.916+0000: 817341.901: [GC2014-03-13T17:11:15.916+0000: 817341.901: [ParNew
Desired survivor size 8716288 bytes, new threshold 4 (max 6)
- age   1:    2501304 bytes,    2501304 total
- age   2:    2482936 bytes,    4984240 total
- age   3:    1942520 bytes,    6926760 total
- age   4:    2083448 bytes,    9010208 total
: 147135K->16369K(153344K), 0.0235890 secs] 614277K->485739K(1230656K), 0.0237730 secs] [Times: user=0.05 sys=0.00, real=0.02 secs] 
2014-03-13T17:15:09.549+0000: 817575.534: [GC2014-03-13T17:15:09.550+0000: 817575.534: [ParNew
Desired survivor size 8716288 bytes, new threshold 4 (max 6)
- age   1:    2612688 bytes,    2612688 total
- age   2:    2214464 bytes,    4827152 total
- age   3:    2471096 bytes,    7298248 total
- age   4:    1941904 bytes,    9240152 total
: 152689K->10729K(153344K), 0.0238470 secs] 622059K->482239K(1230656K), 0.0240160 secs] [Times: user=0.06 sys=0.00, real=0.02 secs] 
2014-03-13T17:18:43.331+0000: 817789.316: [GC2014-03-13T17:18:43.331+0000: 817789.316: [ParNew
Desired survivor size 8716288 bytes, new threshold 4 (max 6)
- age   1:    2646640 bytes,    2646640 total
- age   2:    2142824 bytes,    4789464 total
- age   3:    2212264 bytes,    7001728 total
- age   4:    2447176 bytes,    9448904 total
: 147049K->16576K(153344K), 0.0233960 secs] 618559K->490081K(1230656K), 0.0235540 secs] [Times: user=0.05 sys=0.00, real=0.03 secs] 
2014-03-13T17:22:10.577+0000: 817996.562: [GC2014-03-13T17:22:10.577+0000: 817996.562: [ParNew
Desired survivor size 8716288 bytes, new threshold 4 (max 6)
- age   1:    2513496 bytes,    2513496 total
- age   2:    2071856 bytes,    4585352 total
- age   3:    2142160 bytes,    6727512 total
- age   4:    2166240 bytes,    8893752 total
: 152896K->13193K(153344K), 0.0241410 secs] 626401K->488804K(1230656K), 0.0243230 secs] [Times: user=0.05 sys=0.00, real=0.02 secs] 
2014-03-13T17:25:53.815+0000: 818219.800: [GC2014-03-13T17:25:53.816+0000: 818219.800: [ParNew
Desired survivor size 8716288 bytes, new threshold 4 (max 6)
- age   1:    2549392 bytes,    2549392 total
- age   2:    2051280 bytes,    4600672 total
- age   3:    2051192 bytes,    6651864 total
- age   4:    2141656 bytes,    8793520 total
: 149513K->11669K(153344K), 0.0232160 secs] 625124K->489507K(1230656K), 0.0233840 secs] [Times: user=0.05 sys=0.00, real=0.02 secs] 
2014-03-13T17:29:48.623+0000: 818454.608: [GC2014-03-13T17:29:48.623+0000: 818454.608: [ParNew
Desired survivor size 8716288 bytes, new threshold 4 (max 6)
- age   1:    2642080 bytes,    2642080 total
- age   2:    2078544 bytes,    4720624 total
- age   3:    2030624 bytes,    6751248 total
- age   4:    2050672 bytes,    8801920 total
: 147989K->12446K(153344K), 0.0241110 secs] 625827K->492486K(1230656K), 0.0242660 secs] [Times: user=0.05 sys=0.00, real=0.02 secs] 
2014-03-13T17:33:34.385+0000: 818680.370: [GC2014-03-13T17:33:34.385+0000: 818680.370: [ParNew
Desired survivor size 8716288 bytes, new threshold 4 (max 6)
- age   1:    2608280 bytes,    2608280 total
- age   2:    2233960 bytes,    4842240 total
- age   3:    2060624 bytes,    6902864 total
- age   4:    2029936 bytes,    8932800 total
: 148766K->12764K(153344K), 0.0231070 secs] 628806K->494908K(1230656K), 0.0232530 secs] [Times: user=0.05 sys=0.00, real=0.02 secs] 
2014-03-13T17:37:32.227+0000: 818918.212: [GC2014-03-13T17:37:32.228+0000: 818918.212: [ParNew
Desired survivor size 8716288 bytes, new threshold 4 (max 6)
- age   1:    2576192 bytes,    2576192 total
- age   2:    2155328 bytes,    4731520 total
- age   3:    2187576 bytes,    6919096 total
- age   4:    2060096 bytes,    8979192 total
: 149084K->12871K(153344K), 0.0229790 secs] 631228K->497097K(1230656K), 0.0231380 secs] [Times: user=0.05 sys=0.00, real=0.02 secs] 
2014-03-13T17:41:08.995+0000: 819134.980: [GC2014-03-13T17:41:08.995+0000: 819134.980: [ParNew
Desired survivor size 8716288 bytes, new threshold 4 (max 6)
- age   1:    2631352 bytes,    2631352 total
- age   2:    2211728 bytes,    4843080 total
- age   3:    2094072 bytes,    6937152 total
- age   4:    2186256 bytes,    9123408 total
: 149191K->13143K(153344K), 0.0238330 secs] 633417K->499484K(1230656K), 0.0239990 secs] [Times: user=0.04 sys=0.00, real=0.02 secs] 
2014-03-13T17:45:00.806+0000: 819366.791: [GC2014-03-13T17:45:00.806+0000: 819366.791: [ParNew
Desired survivor size 8716288 bytes, new threshold 4 (max 6)
- age   1:    2627392 bytes,    2627392 total
- age   2:    2038880 bytes,    4666272 total
- age   3:    2210816 bytes,    6877088 total
- age   4:    2093384 bytes,    8970472 total
: 149463K->13134K(153344K), 0.0247360 secs] 635804K->501724K(1230656K), 0.0249000 secs] [Times: user=0.05 sys=0.00, real=0.02 secs] 
2014-03-13T17:47:34.898+0000: 819520.883: [GC2014-03-13T17:47:34.898+0000: 819520.883: [ParNew
Desired survivor size 8716288 bytes, new threshold 4 (max 6)
- age   1:    2540320 bytes,    2540320 total
- age   2:    2174680 bytes,    4715000 total
- age   3:    1986672 bytes,    6701672 total
- age   4:    2210440 bytes,    8912112 total
: 149454K->8914K(153344K), 0.0231940 secs] 638044K->499654K(1230656K), 0.0233460 secs] [Times: user=0.05 sys=0.00, real=0.02 secs] 
2014-03-13T17:51:29.163+0000: 819755.148: [GC2014-03-13T17:51:29.163+0000: 819755.148: [ParNew
Desired survivor size 8716288 bytes, new threshold 6 (max 6)
- age   1:    2570000 bytes,    2570000 total
- age   2:    1903160 bytes,    4473160 total
- age   3:    2165624 bytes,    6638784 total
- age   4:    1985272 bytes,    8624056 total
: 145234K->8607K(153344K), 0.0231230 secs] 635974K->501618K(1230656K), 0.0232870 secs] [Times: user=0.05 sys=0.00, real=0.02 secs] 
2014-03-13T17:54:18.987+0000: 819924.972: [GC2014-03-13T17:54:18.987+0000: 819924.972: [ParNew
Desired survivor size 8716288 bytes, new threshold 4 (max 6)
- age   1:    3741104 bytes,    3741104 total
- age   2:    2188784 bytes,    5929888 total
- age   3:    1491592 bytes,    7421480 total
- age   4:    2164456 bytes,    9585936 total
- age   5:    1983904 bytes,   11569840 total
: 144927K->16859K(153344K), 0.0214120 secs] 637938K->509871K(1230656K), 0.0215810 secs] [Times: user=0.04 sys=0.00, real=0.02 secs] 
2014-03-13T17:57:55.497+0000: 820141.481: [GC2014-03-13T17:57:55.497+0000: 820141.481: [ParNew
Desired survivor size 8716288 bytes, new threshold 4 (max 6)
- age   1:    2529944 bytes,    2529944 total
- age   2:    3219360 bytes,    5749304 total
- age   3:    2188096 bytes,    7937400 total
- age   4:    1445704 bytes,    9383104 total
: 153179K->10555K(153344K), 0.0281520 secs] 646191K->507830K(1230656K), 0.0283110 secs] [Times: user=0.06 sys=0.00, real=0.03 secs] 
2014-03-13T18:01:30.018+0000: 820356.002: [GC2014-03-13T18:01:30.018+0000: 820356.003: [ParNew
Desired survivor size 8716288 bytes, new threshold 6 (max 6)
- age   1:    2546520 bytes,    2546520 total
- age   2:    2116568 bytes,    4663088 total
- age   3:    1761864 bytes,    6424952 total
- age   4:    2186600 bytes,    8611552 total
: 146875K->9531K(153344K), 0.0216360 secs] 644150K->508291K(1230656K), 0.0217960 secs] [Times: user=0.05 sys=0.00, real=0.02 secs] 
2014-03-13T18:05:13.894+0000: 820579.879: [GC2014-03-13T18:05:13.894+0000: 820579.879: [ParNew
Desired survivor size 8716288 bytes, new threshold 5 (max 6)
- age   1:    2354864 bytes,    2354864 total
- age   2:    2006232 bytes,    4361096 total
- age   3:    2114472 bytes,    6475568 total
- age   4:    1761480 bytes,    8237048 total
- age   5:    2185992 bytes,   10423040 total
: 145851K->17024K(153344K), 0.0204620 secs] 644611K->515865K(1230656K), 0.0206170 secs] [Times: user=0.05 sys=0.00, real=0.02 secs] 
2014-03-13T18:09:20.975+0000: 820826.960: [GC2014-03-13T18:09:20.975+0000: 820826.960: [ParNew
Desired survivor size 8716288 bytes, new threshold 4 (max 6)
- age   1:    2648456 bytes,    2648456 total
- age   2:    2054552 bytes,    4703008 total
- age   3:    1993696 bytes,    6696704 total
- age   4:    2113944 bytes,    8810648 total
- age   5:    1760936 bytes,   10571584 total
: 153344K->11923K(153344K), 0.0297630 secs] 652185K->513010K(1230656K), 0.0299430 secs] [Times: user=0.06 sys=0.00, real=0.03 secs] 
2014-03-13T18:13:33.866+0000: 821079.851: [GC2014-03-13T18:13:33.866+0000: 821079.851: [ParNew
Desired survivor size 8716288 bytes, new threshold 4 (max 6)
- age   1:    2672296 bytes,    2672296 total
- age   2:    2309632 bytes,    4981928 total
- age   3:    2045016 bytes,    7026944 total
- age   4:    1989872 bytes,    9016816 total
: 148243K->9230K(153344K), 0.0272870 secs] 649330K->514286K(1230656K), 0.0274790 secs] [Times: user=0.06 sys=0.00, real=0.02 secs] 
2014-03-13T18:17:30.439+0000: 821316.423: [GC2014-03-13T18:17:30.439+0000: 821316.423: [ParNew
Desired survivor size 8716288 bytes, new threshold 4 (max 6)
- age   1:    2388256 bytes,    2388256 total
- age   2:    2440792 bytes,    4829048 total
- age   3:    2302792 bytes,    7131840 total
- age   4:    2043552 bytes,    9175392 total
: 145550K->17024K(153344K), 0.0239380 secs] 650606K->524285K(1230656K), 0.0240990 secs] [Times: user=0.05 sys=0.00, real=0.03 secs] 
2014-03-13T18:21:17.227+0000: 821543.211: [GC2014-03-13T18:21:17.227+0000: 821543.211: [ParNew
Desired survivor size 8716288 bytes, new threshold 4 (max 6)
- age   1:    2631640 bytes,    2631640 total
- age   2:    2171296 bytes,    4802936 total
- age   3:    2394528 bytes,    7197464 total
- age   4:    2301896 bytes,    9499360 total
: 153344K->11329K(153344K), 0.0250010 secs] 660605K->520689K(1230656K), 0.0251550 secs] [Times: user=0.06 sys=0.00, real=0.02 secs] 
2014-03-13T18:25:17.921+0000: 821783.906: [GC2014-03-13T18:25:17.922+0000: 821783.906: [ParNew
Desired survivor size 8716288 bytes, new threshold 4 (max 6)
- age   1:    2622336 bytes,    2622336 total
- age   2:    2150432 bytes,    4772768 total
- age   3:    2170688 bytes,    6943456 total
- age   4:    2393552 bytes,    9337008 total
: 147649K->16547K(153344K), 0.0242480 secs] 657009K->528274K(1230656K), 0.0244010 secs] [Times: user=0.06 sys=0.00, real=0.03 secs] 
2014-03-13T18:29:25.072+0000: 822031.056: [GC2014-03-13T18:29:25.072+0000: 822031.057: [ParNew
Desired survivor size 8716288 bytes, new threshold 4 (max 6)
- age   1:    2580704 bytes,    2580704 total
- age   2:    2270496 bytes,    4851200 total
- age   3:    2121496 bytes,    6972696 total
- age   4:    2169816 bytes,    9142512 total
: 152867K->10937K(153344K), 0.0244210 secs] 664594K->525123K(1230656K), 0.0245770 secs] [Times: user=0.05 sys=0.00, real=0.03 secs] 
2014-03-13T18:33:23.485+0000: 822269.470: [GC2014-03-13T18:33:23.485+0000: 822269.470: [ParNew
Desired survivor size 8716288 bytes, new threshold 4 (max 6)
- age   1:    2751784 bytes,    2751784 total
- age   2:    2304640 bytes,    5056424 total
- age   3:    2222608 bytes,    7279032 total
- age   4:    2120296 bytes,    9399328 total
: 147257K->12075K(153344K), 0.0246380 secs] 661443K->528491K(1230656K), 0.0247960 secs] [Times: user=0.04 sys=0.00, real=0.02 secs] 
2014-03-13T18:37:32.723+0000: 822518.708: [GC2014-03-13T18:37:32.723+0000: 822518.708: [ParNew
Desired survivor size 8716288 bytes, new threshold 4 (max 6)
- age   1:    2575112 bytes,    2575112 total
- age   2:    2479056 bytes,    5054168 total
- age   3:    2302424 bytes,    7356592 total
- age   4:    2220960 bytes,    9577552 total
: 148395K->13280K(153344K), 0.0251260 secs] 664811K->531872K(1230656K), 0.0252810 secs] [Times: user=0.05 sys=0.00, real=0.02 secs] 
2014-03-13T18:41:15.909+0000: 822741.894: [GC2014-03-13T18:41:15.910+0000: 822741.894: [ParNew
Desired survivor size 8716288 bytes, new threshold 4 (max 6)
- age   1:    2674984 bytes,    2674984 total
- age   2:    2294960 bytes,    4969944 total
- age   3:    2452160 bytes,    7422104 total
- age   4:    2301544 bytes,    9723648 total
: 149600K->14109K(153344K), 0.0251560 secs] 668192K->534984K(1230656K), 0.0253270 secs] [Times: user=0.05 sys=0.00, real=0.03 secs] 
2014-03-13T18:45:29.909+0000: 822995.894: [GC2014-03-13T18:45:29.909+0000: 822995.894: [ParNew
Desired survivor size 8716288 bytes, new threshold 4 (max 6)
- age   1:    2665472 bytes,    2665472 total
- age   2:    2064408 bytes,    4729880 total
- age   3:    2293344 bytes,    7023224 total
- age   4:    2206760 bytes,    9229984 total
: 150429K->9186K(153344K), 0.0242960 secs] 671304K->532427K(1230656K), 0.0244430 secs] [Times: user=0.05 sys=0.01, real=0.02 secs] 
2014-03-13T18:49:24.763+0000: 823230.748: [GC2014-03-13T18:49:24.763+0000: 823230.748: [ParNew
Desired survivor size 8716288 bytes, new threshold 4 (max 6)
- age   1:    2725360 bytes,    2725360 total
- age   2:    2398192 bytes,    5123552 total
- age   3:    2062368 bytes,    7185920 total
- age   4:    2292672 bytes,    9478592 total
: 145506K->13597K(153344K), 0.0241460 secs] 668747K->539106K(1230656K), 0.0243000 secs] [Times: user=0.05 sys=0.00, real=0.02 secs] 
2014-03-13T18:53:10.294+0000: 823456.279: [GC2014-03-13T18:53:10.294+0000: 823456.279: [ParNew
Desired survivor size 8716288 bytes, new threshold 4 (max 6)
- age   1:    2426080 bytes,    2426080 total
- age   2:    2336384 bytes,    4762464 total
- age   3:    2387192 bytes,    7149656 total
- age   4:    2061416 bytes,    9211072 total
: 149917K->9259K(153344K), 0.0245250 secs] 675426K->537123K(1230656K), 0.0246970 secs] [Times: user=0.05 sys=0.00, real=0.02 secs] 
2014-03-13T18:57:06.663+0000: 823692.647: [GC2014-03-13T18:57:06.663+0000: 823692.648: [ParNew
Desired survivor size 8716288 bytes, new threshold 4 (max 6)
- age   1:    2558008 bytes,    2558008 total
- age   2:    2086744 bytes,    4644752 total
- age   3:    2290056 bytes,    6934808 total
- age   4:    2386672 bytes,    9321480 total
: 145579K->13437K(153344K), 0.0241220 secs] 673443K->543421K(1230656K), 0.0242900 secs] [Times: user=0.05 sys=0.00, real=0.02 secs] 
2014-03-13T19:00:44.963+0000: 823910.947: [GC2014-03-13T19:00:44.963+0000: 823910.947: [ParNew
Desired survivor size 8716288 bytes, new threshold 4 (max 6)
- age   1:    2573960 bytes,    2573960 total
- age   2:    2185656 bytes,    4759616 total
- age   3:    2078640 bytes,    6838256 total
- age   4:    2287952 bytes,    9126208 total
: 149757K->9240K(153344K), 0.0243880 secs] 679741K->541676K(1230656K), 0.0245470 secs] [Times: user=0.05 sys=0.00, real=0.02 secs] 
2014-03-13T19:04:39.490+0000: 824145.475: [GC2014-03-13T19:04:39.490+0000: 824145.475: [ParNew
Desired survivor size 8716288 bytes, new threshold 4 (max 6)
- age   1:    2556944 bytes,    2556944 total
- age   2:    2036616 bytes,    4593560 total
- age   3:    2174120 bytes,    6767680 total
- age   4:    2077240 bytes,    8844920 total
: 145560K->13206K(153344K), 0.0247750 secs] 677996K->547911K(1230656K), 0.0249300 secs] [Times: user=0.05 sys=0.00, real=0.03 secs] 
2014-03-13T19:08:23.992+0000: 824369.976: [GC2014-03-13T19:08:23.992+0000: 824369.976: [ParNew
Desired survivor size 8716288 bytes, new threshold 4 (max 6)
- age   1:    2551256 bytes,    2551256 total
- age   2:    2218224 bytes,    4769480 total
- age   3:    2033448 bytes,    6802928 total
- age   4:    2173480 bytes,    8976408 total
: 149526K->12985K(153344K), 0.0241650 secs] 684231K->549826K(1230656K), 0.0243200 secs] [Times: user=0.05 sys=0.00, real=0.03 secs] 
2014-03-13T19:12:25.149+0000: 824611.134: [GC2014-03-13T19:12:25.149+0000: 824611.134: [ParNew
Desired survivor size 8716288 bytes, new threshold 4 (max 6)
- age   1:    2624896 bytes,    2624896 total
- age   2:    2055184 bytes,    4680080 total
- age   3:    2172016 bytes,    6852096 total
- age   4:    2032192 bytes,    8884288 total
: 149305K->12968K(153344K), 0.0236280 secs] 686146K->552042K(1230656K), 0.0237800 secs] [Times: user=0.05 sys=0.00, real=0.02 secs] 
2014-03-13T19:16:25.429+0000: 824851.414: [GC2014-03-13T19:16:25.429+0000: 824851.414: [ParNew
Desired survivor size 8716288 bytes, new threshold 4 (max 6)
- age   1:    2407832 bytes,    2407832 total
- age   2:    2287728 bytes,    4695560 total
- age   3:    2053752 bytes,    6749312 total
- age   4:    2169600 bytes,    8918912 total
: 149288K->17024K(153344K), 0.0235590 secs] 688362K->558342K(1230656K), 0.0237150 secs] [Times: user=0.05 sys=0.00, real=0.02 secs] 
2014-03-13T19:20:14.301+0000: 825080.286: [GC2014-03-13T19:20:14.301+0000: 825080.286: [ParNew
Desired survivor size 8716288 bytes, new threshold 4 (max 6)
- age   1:    2651616 bytes,    2651616 total
- age   2:    2265240 bytes,    4916856 total
- age   3:    2240896 bytes,    7157752 total
- age   4:    2052264 bytes,    9210016 total
: 153344K->10992K(153344K), 0.0237430 secs] 694662K->554540K(1230656K), 0.0238980 secs] [Times: user=0.05 sys=0.00, real=0.03 secs] 
2014-03-13T19:24:00.119+0000: 825306.104: [GC2014-03-13T19:24:00.119+0000: 825306.104: [ParNew
Desired survivor size 8716288 bytes, new threshold 4 (max 6)
- age   1:    2581832 bytes,    2581832 total
- age   2:    2149488 bytes,    4731320 total
- age   3:    2262176 bytes,    6993496 total
- age   4:    2239672 bytes,    9233168 total
: 147312K->16102K(153344K), 0.0236260 secs] 690860K->561759K(1230656K), 0.0237800 secs] [Times: user=0.05 sys=0.00, real=0.03 secs] 
2014-03-13T19:28:12.075+0000: 825558.060: [GC2014-03-13T19:28:12.075+0000: 825558.060: [ParNew
Desired survivor size 8716288 bytes, new threshold 4 (max 6)
- age   1:    2619040 bytes,    2619040 total
- age   2:    2171608 bytes,    4790648 total
- age   3:    2129128 bytes,    6919776 total
- age   4:    2261728 bytes,    9181504 total
: 152416K->10682K(153344K), 0.0238790 secs] 698073K->558641K(1230656K), 0.0240310 secs] [Times: user=0.05 sys=0.00, real=0.02 secs] 
2014-03-13T19:31:58.766+0000: 825784.751: [GC2014-03-13T19:31:58.766+0000: 825784.751: [ParNew
Desired survivor size 8716288 bytes, new threshold 4 (max 6)
- age   1:    2571312 bytes,    2571312 total
- age   2:    2325800 bytes,    4897112 total
- age   3:    2120344 bytes,    7017456 total
- age   4:    2126560 bytes,    9144016 total
: 147002K->16187K(153344K), 0.0250610 secs] 694961K->566469K(1230656K), 0.0252150 secs] [Times: user=0.05 sys=0.00, real=0.02 secs] 
2014-03-13T19:35:53.453+0000: 826019.438: [GC2014-03-13T19:35:53.453+0000: 826019.438: [ParNew
Desired survivor size 8716288 bytes, new threshold 4 (max 6)
- age   1:    2584200 bytes,    2584200 total
- age   2:    2172664 bytes,    4756864 total
- age   3:    2325024 bytes,    7081888 total
- age   4:    2118088 bytes,    9199976 total
: 152507K->10684K(153344K), 0.0238030 secs] 702789K->563111K(1230656K), 0.0239520 secs] [Times: user=0.05 sys=0.00, real=0.03 secs] 
2014-03-13T19:40:00.709+0000: 826266.694: [GC2014-03-13T19:40:00.709+0000: 826266.694: [ParNew
Desired survivor size 8716288 bytes, new threshold 4 (max 6)
- age   1:    2664576 bytes,    2664576 total
- age   2:    2170784 bytes,    4835360 total
- age   3:    2126344 bytes,    6961704 total
- age   4:    2323792 bytes,    9285496 total
: 147004K->15952K(153344K), 0.0238580 secs] 699431K->570556K(1230656K), 0.0240070 secs] [Times: user=0.05 sys=0.00, real=0.02 secs] 
2014-03-13T19:44:10.047+0000: 826516.032: [GC2014-03-13T19:44:10.047+0000: 826516.032: [ParNew
Desired survivor size 8716288 bytes, new threshold 4 (max 6)
- age   1:    2645768 bytes,    2645768 total
- age   2:    2311424 bytes,    4957192 total
- age   3:    2159856 bytes,    7117048 total
- age   4:    2124928 bytes,    9241976 total
: 152272K->10794K(153344K), 0.0245550 secs] 706876K->567787K(1230656K), 0.0247150 secs] [Times: user=0.06 sys=0.00, real=0.02 secs] 
2014-03-13T19:47:59.030+0000: 826745.015: [GC2014-03-13T19:47:59.030+0000: 826745.015: [ParNew
Desired survivor size 8716288 bytes, new threshold 4 (max 6)
- age   1:    2629576 bytes,    2629576 total
- age   2:    2391240 bytes,    5020816 total
- age   3:    2310104 bytes,    7330920 total
- age   4:    2159256 bytes,    9490176 total
: 147114K->16227K(153344K), 0.0241900 secs] 704107K->575402K(1230656K), 0.0243430 secs] [Times: user=0.05 sys=0.00, real=0.03 secs] 
2014-03-13T19:51:50.892+0000: 826976.877: [GC2014-03-13T19:51:50.892+0000: 826976.877: [ParNew
Desired survivor size 8716288 bytes, new threshold 4 (max 6)
- age   1:    2734216 bytes,    2734216 total
- age   2:    2147848 bytes,    4882064 total
- age   3:    2345120 bytes,    7227184 total
- age   4:    2309752 bytes,    9536936 total
: 152547K->11004K(153344K), 0.0250280 secs] 711722K->572397K(1230656K), 0.0251860 secs] [Times: user=0.05 sys=0.00, real=0.03 secs] 
2014-03-13T19:56:06.774+0000: 827232.759: [GC2014-03-13T19:56:06.775+0000: 827232.759: [ParNew
Desired survivor size 8716288 bytes, new threshold 4 (max 6)
- age   1:    2628840 bytes,    2628840 total
- age   2:    2319736 bytes,    4948576 total
- age   3:    2146792 bytes,    7095368 total
- age   4:    2344272 bytes,    9439640 total
: 147324K->16482K(153344K), 0.0248380 secs] 708717K->580250K(1230656K), 0.0250220 secs] [Times: user=0.05 sys=0.00, real=0.02 secs] 
2014-03-13T20:00:19.648+0000: 827485.633: [GC2014-03-13T20:00:19.648+0000: 827485.633: [ParNew
Desired survivor size 8716288 bytes, new threshold 4 (max 6)
- age   1:    2692032 bytes,    2692032 total
- age   2:    2358568 bytes,    5050600 total
- age   3:    2231128 bytes,    7281728 total
- age   4:    2146080 bytes,    9427808 total
: 152802K->11052K(153344K), 0.0252460 secs] 716570K->577227K(1230656K), 0.0253930 secs] [Times: user=0.05 sys=0.00, real=0.02 secs] 
2014-03-13T20:03:58.985+0000: 827704.970: [GC2014-03-13T20:03:58.985+0000: 827704.970: [ParNew
Desired survivor size 8716288 bytes, new threshold 4 (max 6)
- age   1:    2589000 bytes,    2589000 total
- age   2:    2330080 bytes,    4919080 total
- age   3:    2357720 bytes,    7276800 total
- age   4:    2228872 bytes,    9505672 total
: 147372K->16695K(153344K), 0.0240930 secs] 713547K->585073K(1230656K), 0.0242460 secs] [Times: user=0.05 sys=0.00, real=0.02 secs] 
2014-03-13T20:07:39.200+0000: 827925.185: [GC2014-03-13T20:07:39.200+0000: 827925.185: [ParNew
Desired survivor size 8716288 bytes, new threshold 4 (max 6)
- age   1:    2529528 bytes,    2529528 total
- age   2:    2070328 bytes,    4599856 total
- age   3:    2328096 bytes,    6927952 total
- age   4:    2357272 bytes,    9285224 total
: 153015K->11061K(153344K), 0.0239390 secs] 721393K->581649K(1230656K), 0.0240940 secs] [Times: user=0.05 sys=0.00, real=0.03 secs] 
2014-03-13T20:11:35.909+0000: 828161.894: [GC2014-03-13T20:11:35.909+0000: 828161.894: [ParNew
Desired survivor size 8716288 bytes, new threshold 4 (max 6)
- age   1:    2619840 bytes,    2619840 total
- age   2:    2085936 bytes,    4705776 total
- age   3:    2068568 bytes,    6774344 total
- age   4:    2326888 bytes,    9101232 total
: 147381K->16123K(153344K), 0.0254540 secs] 717969K->589134K(1230656K), 0.0256110 secs] [Times: user=0.05 sys=0.00, real=0.03 secs] 
2014-03-13T20:15:46.854+0000: 828412.839: [GC2014-03-13T20:15:46.854+0000: 828412.839: [ParNew
Desired survivor size 8716288 bytes, new threshold 4 (max 6)
- age   1:    2698296 bytes,    2698296 total
- age   2:    2205896 bytes,    4904192 total
- age   3:    2035824 bytes,    6940016 total
- age   4:    2067704 bytes,    9007720 total
: 152443K->10662K(153344K), 0.0237730 secs] 725454K->586064K(1230656K), 0.0239380 secs] [Times: user=0.05 sys=0.00, real=0.02 secs] 
2014-03-13T20:19:40.120+0000: 828646.105: [GC2014-03-13T20:19:40.120+0000: 828646.105: [ParNew
Desired survivor size 8716288 bytes, new threshold 4 (max 6)
- age   1:    2606424 bytes,    2606424 total
- age   2:    2347344 bytes,    4953768 total
- age   3:    2204568 bytes,    7158336 total
- age   4:    2034584 bytes,    9192920 total
: 146982K->15846K(153344K), 0.0237980 secs] 722384K->593373K(1230656K), 0.0239460 secs] [Times: user=0.05 sys=0.00, real=0.03 secs] 
2014-03-13T20:23:39.479+0000: 828885.464: [GC2014-03-13T20:23:39.479+0000: 828885.464: [ParNew
Desired survivor size 8716288 bytes, new threshold 4 (max 6)
- age   1:    2710760 bytes,    2710760 total
- age   2:    2171272 bytes,    4882032 total
- age   3:    2345496 bytes,    7227528 total
- age   4:    2203632 bytes,    9431160 total
: 152166K->10671K(153344K), 0.0245500 secs] 729693K->590288K(1230656K), 0.0246920 secs] [Times: user=0.05 sys=0.00, real=0.03 secs] 
2014-03-13T20:27:55.370+0000: 829141.355: [GC2014-03-13T20:27:55.370+0000: 829141.355: [ParNew
Desired survivor size 8716288 bytes, new threshold 4 (max 6)
- age   1:    2680656 bytes,    2680656 total
- age   2:    2221984 bytes,    4902640 total
- age   3:    2169536 bytes,    7072176 total
- age   4:    2345096 bytes,    9417272 total
: 146991K->16287K(153344K), 0.0245350 secs] 726608K->598169K(1230656K), 0.0246910 secs] [Times: user=0.05 sys=0.00, real=0.03 secs] 
2014-03-13T20:31:54.147+0000: 829380.131: [GC2014-03-13T20:31:54.147+0000: 829380.132: [ParNew
Desired survivor size 8716288 bytes, new threshold 4 (max 6)
- age   1:    2676312 bytes,    2676312 total
- age   2:    2371688 bytes,    5048000 total
- age   3:    2201512 bytes,    7249512 total
- age   4:    2168856 bytes,    9418368 total
: 152607K->11049K(153344K), 0.0255940 secs] 734489K->595339K(1230656K), 0.0257400 secs] [Times: user=0.05 sys=0.00, real=0.02 secs] 
2014-03-13T20:36:09.090+0000: 829635.074: [GC2014-03-13T20:36:09.090+0000: 829635.074: [ParNew
Desired survivor size 8716288 bytes, new threshold 4 (max 6)
- age   1:    2700808 bytes,    2700808 total
- age   2:    2212048 bytes,    4912856 total
- age   3:    2370792 bytes,    7283648 total
- age   4:    2201000 bytes,    9484648 total
: 147369K->12287K(153344K), 0.0249600 secs] 731659K->598807K(1230656K), 0.0251120 secs] [Times: user=0.05 sys=0.00, real=0.03 secs] 
2014-03-13T20:40:15.948+0000: 829881.933: [GC2014-03-13T20:40:15.948+0000: 829881.933: [ParNew
Desired survivor size 8716288 bytes, new threshold 4 (max 6)
- age   1:    2648168 bytes,    2648168 total
- age   2:    2374992 bytes,    5023160 total
- age   3:    2208048 bytes,    7231208 total
- age   4:    2370392 bytes,    9601600 total
: 148607K->13492K(153344K), 0.0242870 secs] 735127K->602273K(1230656K), 0.0244400 secs] [Times: user=0.05 sys=0.00, real=0.02 secs] 
2014-03-13T20:44:31.807+0000: 830137.791: [GC2014-03-13T20:44:31.807+0000: 830137.791: [ParNew
Desired survivor size 8716288 bytes, new threshold 4 (max 6)
- age   1:    2685128 bytes,    2685128 total
- age   2:    2344392 bytes,    5029520 total
- age   3:    2373616 bytes,    7403136 total
- age   4:    2207264 bytes,    9610400 total
: 149812K->13888K(153344K), 0.0253050 secs] 738593K->605105K(1230656K), 0.0254700 secs] [Times: user=0.05 sys=0.00, real=0.02 secs] 
2014-03-13T20:48:37.161+0000: 830383.146: [GC2014-03-13T20:48:37.162+0000: 830383.146: [ParNew
Desired survivor size 8716288 bytes, new threshold 4 (max 6)
- age   1:    2738816 bytes,    2738816 total
- age   2:    2432152 bytes,    5170968 total
- age   3:    2295960 bytes,    7466928 total
- age   4:    2333328 bytes,    9800256 total
: 150208K->13994K(153344K), 0.0250810 secs] 741425K->607479K(1230656K), 0.0252260 secs] [Times: user=0.05 sys=0.00, real=0.03 secs] 
2014-03-13T20:52:50.533+0000: 830636.518: [GC2014-03-13T20:52:50.533+0000: 830636.518: [ParNew
Desired survivor size 8716288 bytes, new threshold 4 (max 6)
- age   1:    2602864 bytes,    2602864 total
- age   2:    2355640 bytes,    4958504 total
- age   3:    2431624 bytes,    7390128 total
- age   4:    2295064 bytes,    9685192 total
: 150314K->14180K(153344K), 0.0248370 secs] 743799K->610063K(1230656K), 0.0250100 secs] [Times: user=0.05 sys=0.01, real=0.03 secs] 
2014-03-13T20:57:01.325+0000: 830887.310: [GC2014-03-13T20:57:01.326+0000: 830887.310: [ParNew
Desired survivor size 8716288 bytes, new threshold 4 (max 6)
- age   1:    2571288 bytes,    2571288 total
- age   2:    2396968 bytes,    4968256 total
- age   3:    2272400 bytes,    7240656 total
- age   4:    2430544 bytes,    9671200 total
: 150500K->14188K(153344K), 0.0246610 secs] 746383K->612431K(1230656K), 0.0248230 secs] [Times: user=0.06 sys=0.00, real=0.02 secs] 
2014-03-13T21:00:35.269+0000: 831101.254: [GC2014-03-13T21:00:35.269+0000: 831101.254: [ParNew
Desired survivor size 8716288 bytes, new threshold 4 (max 6)
- age   1:    3050784 bytes,    3050784 total
- age   2:    2350584 bytes,    5401368 total
- age   3:    2350992 bytes,    7752360 total
- age   4:    2266016 bytes,   10018376 total
: 150508K->14444K(153344K), 0.0259070 secs] 748751K->615144K(1230656K), 0.0260730 secs] [Times: user=0.06 sys=0.00, real=0.03 secs] 
2014-03-13T21:04:44.913+0000: 831350.898: [GC2014-03-13T21:04:44.913+0000: 831350.898: [ParNew
Desired survivor size 8716288 bytes, new threshold 4 (max 6)
- age   1:    2580088 bytes,    2580088 total
- age   2:    2268664 bytes,    4848752 total
- age   3:    2350136 bytes,    7198888 total
- age   4:    2349712 bytes,    9548600 total
: 150764K->14105K(153344K), 0.0262200 secs] 751464K->617133K(1230656K), 0.0263900 secs] [Times: user=0.06 sys=0.00, real=0.03 secs] 
2014-03-13T21:08:45.732+0000: 831591.717: [GC2014-03-13T21:08:45.733+0000: 831591.717: [ParNew
Desired survivor size 8716288 bytes, new threshold 4 (max 6)
- age   1:    2685880 bytes,    2685880 total
- age   2:    2295560 bytes,    4981440 total
- age   3:    2212056 bytes,    7193496 total
- age   4:    2348872 bytes,    9542368 total
: 150425K->14015K(153344K), 0.0249850 secs] 753453K->619458K(1230656K), 0.0251470 secs] [Times: user=0.05 sys=0.00, real=0.03 secs] 
2014-03-13T21:12:58.608+0000: 831844.593: [GC2014-03-13T21:12:58.608+0000: 831844.593: [ParNew
Desired survivor size 8716288 bytes, new threshold 4 (max 6)
- age   1:    2675000 bytes,    2675000 total
- age   2:    2312672 bytes,    4987672 total
- age   3:    2294888 bytes,    7282560 total
- age   4:    2210792 bytes,    9493352 total
: 150335K->13872K(153344K), 0.0249460 secs] 755778K->621728K(1230656K), 0.0250960 secs] [Times: user=0.05 sys=0.00, real=0.02 secs] 
2014-03-13T21:17:06.219+0000: 832092.204: [GC2014-03-13T21:17:06.219+0000: 832092.204: [ParNew
Desired survivor size 8716288 bytes, new threshold 4 (max 6)
- age   1:    2766616 bytes,    2766616 total
- age   2:    2359192 bytes,    5125808 total
- age   3:    2229320 bytes,    7355128 total
- age   4:    2294136 bytes,    9649264 total
: 150192K->13881K(153344K), 0.0250000 secs] 758048K->624002K(1230656K), 0.0251640 secs] [Times: user=0.06 sys=0.00, real=0.03 secs] 
2014-03-13T21:21:22.089+0000: 832348.074: [GC2014-03-13T21:21:22.089+0000: 832348.074: [ParNew
Desired survivor size 8716288 bytes, new threshold 4 (max 6)
- age   1:    2638000 bytes,    2638000 total
- age   2:    2352400 bytes,    4990400 total
- age   3:    2358344 bytes,    7348744 total
- age   4:    2228776 bytes,    9577520 total
: 150201K->13993K(153344K), 0.0249550 secs] 760322K->626471K(1230656K), 0.0251030 secs] [Times: user=0.06 sys=0.00, real=0.03 secs] 
2014-03-13T21:25:24.084+0000: 832590.069: [GC2014-03-13T21:25:24.084+0000: 832590.069: [ParNew
Desired survivor size 8716288 bytes, new threshold 4 (max 6)
- age   1:    2644224 bytes,    2644224 total
- age   2:    2399568 bytes,    5043792 total
- age   3:    2342104 bytes,    7385896 total
- age   4:    2357208 bytes,    9743104 total
: 150313K->14053K(153344K), 0.0245430 secs] 762791K->628822K(1230656K), 0.0246950 secs] [Times: user=0.05 sys=0.00, real=0.02 secs] 
2014-03-13T21:29:40.681+0000: 832846.666: [GC2014-03-13T21:29:40.681+0000: 832846.666: [ParNew
Desired survivor size 8716288 bytes, new threshold 4 (max 6)
- age   1:    2542704 bytes,    2542704 total
- age   2:    2265656 bytes,    4808360 total
- age   3:    2399032 bytes,    7207392 total
- age   4:    2341464 bytes,    9548856 total
: 150373K->14098K(153344K), 0.0247870 secs] 765142K->631288K(1230656K), 0.0249490 secs] [Times: user=0.06 sys=0.00, real=0.03 secs] 
2014-03-13T21:33:38.954+0000: 833084.939: [GC2014-03-13T21:33:38.954+0000: 833084.939: [ParNew
Desired survivor size 8716288 bytes, new threshold 4 (max 6)
- age   1:    2576688 bytes,    2576688 total
- age   2:    2353496 bytes,    4930184 total
- age   3:    2259632 bytes,    7189816 total
- age   4:    2398664 bytes,    9588480 total
: 150418K->14061K(153344K), 0.0245930 secs] 767608K->633657K(1230656K), 0.0247440 secs] [Times: user=0.05 sys=0.00, real=0.02 secs] 
2014-03-13T21:37:45.622+0000: 833331.607: [GC2014-03-13T21:37:45.622+0000: 833331.607: [ParNew
Desired survivor size 8716288 bytes, new threshold 4 (max 6)
- age   1:    2612600 bytes,    2612600 total
- age   2:    2209920 bytes,    4822520 total
- age   3:    2352976 bytes,    7175496 total
- age   4:    2258080 bytes,    9433576 total
: 150381K->9343K(153344K), 0.0246330 secs] 769977K->631358K(1230656K), 0.0247790 secs] [Times: user=0.05 sys=0.00, real=0.02 secs] 
2014-03-13T21:41:43.436+0000: 833569.420: [GC2014-03-13T21:41:43.436+0000: 833569.420: [ParNew
Desired survivor size 8716288 bytes, new threshold 4 (max 6)
- age   1:    2872208 bytes,    2872208 total
- age   2:    2276264 bytes,    5148472 total
- age   3:    2208352 bytes,    7356824 total
- age   4:    2352576 bytes,    9709400 total
: 145663K->17024K(153344K), 0.0252390 secs] 767678K->641520K(1230656K), 0.0254100 secs] [Times: user=0.05 sys=0.00, real=0.02 secs] 
2014-03-13T21:45:50.513+0000: 833816.498: [GC2014-03-13T21:45:50.513+0000: 833816.498: [ParNew
Desired survivor size 8716288 bytes, new threshold 4 (max 6)
- age   1:    2628960 bytes,    2628960 total
- age   2:    2569008 bytes,    5197968 total
- age   3:    2274736 bytes,    7472704 total
- age   4:    2207312 bytes,    9680016 total
: 153344K->11779K(153344K), 0.0249430 secs] 777840K->638694K(1230656K), 0.0251030 secs] [Times: user=0.06 sys=0.00, real=0.03 secs] 
2014-03-13T21:49:50.042+0000: 834056.026: [GC2014-03-13T21:49:50.042+0000: 834056.027: [ParNew
Desired survivor size 8716288 bytes, new threshold 4 (max 6)
- age   1:    2489696 bytes,    2489696 total
- age   2:    2295288 bytes,    4784984 total
- age   3:    2567104 bytes,    7352088 total
- age   4:    2273816 bytes,    9625904 total
: 148099K->17024K(153344K), 0.0244970 secs] 775014K->646271K(1230656K), 0.0246400 secs] [Times: user=0.05 sys=0.00, real=0.03 secs] 
2014-03-13T21:53:58.985+0000: 834304.970: [GC2014-03-13T21:53:58.985+0000: 834304.970: [ParNew
Desired survivor size 8716288 bytes, new threshold 4 (max 6)
- age   1:    2577272 bytes,    2577272 total
- age   2:    2259400 bytes,    4836672 total
- age   3:    2293720 bytes,    7130392 total
- age   4:    2553160 bytes,    9683552 total
: 153344K->11443K(153344K), 0.0248560 secs] 782591K->643027K(1230656K), 0.0250200 secs] [Times: user=0.05 sys=0.00, real=0.02 secs] 
2014-03-13T21:57:54.390+0000: 834540.375: [GC2014-03-13T21:57:54.390+0000: 834540.375: [ParNew
Desired survivor size 8716288 bytes, new threshold 4 (max 6)
- age   1:    2581040 bytes,    2581040 total
- age   2:    2352144 bytes,    4933184 total
- age   3:    2211600 bytes,    7144784 total
- age   4:    2293008 bytes,    9437792 total
: 147763K->16852K(153344K), 0.0246140 secs] 779347K->650930K(1230656K), 0.0247810 secs] [Times: user=0.05 sys=0.00, real=0.03 secs] 
2014-03-13T22:01:56.467+0000: 834782.452: [GC2014-03-13T22:01:56.467+0000: 834782.452: [ParNew
Desired survivor size 8716288 bytes, new threshold 4 (max 6)
- age   1:    2596400 bytes,    2596400 total
- age   2:    2174696 bytes,    4771096 total
- age   3:    2350944 bytes,    7122040 total
- age   4:    2210384 bytes,    9332424 total
: 153172K->11091K(153344K), 0.0243540 secs] 787250K->647526K(1230656K), 0.0245050 secs] [Times: user=0.05 sys=0.00, real=0.02 secs] 
2014-03-13T22:06:00.215+0000: 835026.200: [GC2014-03-13T22:06:00.215+0000: 835026.200: [ParNew
Desired survivor size 8716288 bytes, new threshold 4 (max 6)
- age   1:    2588120 bytes,    2588120 total
- age   2:    2266040 bytes,    4854160 total
- age   3:    2171784 bytes,    7025944 total
- age   4:    2310952 bytes,    9336896 total
: 147411K->16288K(153344K), 0.0240800 secs] 783846K->654995K(1230656K), 0.0242280 secs] [Times: user=0.05 sys=0.00, real=0.02 secs] 
2014-03-13T22:10:10.140+0000: 835276.125: [GC2014-03-13T22:10:10.140+0000: 835276.125: [ParNew
Desired survivor size 8716288 bytes, new threshold 4 (max 6)
- age   1:    2544432 bytes,    2544432 total
- age   2:    2311984 bytes,    4856416 total
- age   3:    2264448 bytes,    7120864 total
- age   4:    2170624 bytes,    9291488 total
: 152608K->10886K(153344K), 0.0253600 secs] 791315K->651968K(1230656K), 0.0255210 secs] [Times: user=0.06 sys=0.00, real=0.03 secs] 
2014-03-13T22:14:11.936+0000: 835517.921: [GC2014-03-13T22:14:11.936+0000: 835517.921: [ParNew
Desired survivor size 8716288 bytes, new threshold 4 (max 6)
- age   1:    2643864 bytes,    2643864 total
- age   2:    2311752 bytes,    4955616 total
- age   3:    2264280 bytes,    7219896 total
- age   4:    2263040 bytes,    9482936 total
: 147206K->16313K(153344K), 0.0244320 secs] 788288K->659626K(1230656K), 0.0245970 secs] [Times: user=0.05 sys=0.00, real=0.02 secs] 
2014-03-13T22:18:20.335+0000: 835766.319: [GC2014-03-13T22:18:20.335+0000: 835766.320: [ParNew
Desired survivor size 8716288 bytes, new threshold 4 (max 6)
- age   1:    2642264 bytes,    2642264 total
- age   2:    2306560 bytes,    4948824 total
- age   3:    2311400 bytes,    7260224 total
- age   4:    2263264 bytes,    9523488 total
: 152633K->10979K(153344K), 0.0242060 secs] 795946K->656577K(1230656K), 0.0243650 secs] [Times: user=0.05 sys=0.00, real=0.02 secs] 
2014-03-13T22:22:24.613+0000: 836010.597: [GC2014-03-13T22:22:24.613+0000: 836010.597: [ParNew
Desired survivor size 8716288 bytes, new threshold 4 (max 6)
- age   1:    2579120 bytes,    2579120 total
- age   2:    2360112 bytes,    4939232 total
- age   3:    2304224 bytes,    7243456 total
- age   4:    2311016 bytes,    9554472 total
: 147299K->16646K(153344K), 0.0244630 secs] 792897K->664570K(1230656K), 0.0246150 secs] [Times: user=0.05 sys=0.00, real=0.03 secs] 
2014-03-13T22:26:10.516+0000: 836236.501: [GC2014-03-13T22:26:10.517+0000: 836236.501: [ParNew
Desired survivor size 8716288 bytes, new threshold 4 (max 6)
- age   1:    2544984 bytes,    2544984 total
- age   2:    2283576 bytes,    4828560 total
- age   3:    2302952 bytes,    7131512 total
- age   4:    2263744 bytes,    9395256 total
: 152966K->11190K(153344K), 0.0253040 secs] 800890K->661489K(1230656K), 0.0254760 secs] [Times: user=0.06 sys=0.00, real=0.03 secs] 
2014-03-13T22:30:24.679+0000: 836490.664: [GC2014-03-13T22:30:24.679+0000: 836490.664: [ParNew
Desired survivor size 8716288 bytes, new threshold 4 (max 6)
- age   1:    2565888 bytes,    2565888 total
- age   2:    2159216 bytes,    4725104 total
- age   3:    2283176 bytes,    7008280 total
- age   4:    2302136 bytes,    9310416 total
: 147510K->16317K(153344K), 0.0245790 secs] 797809K->668942K(1230656K), 0.0247320 secs] [Times: user=0.06 sys=0.00, real=0.03 secs] 
2014-03-13T22:34:30.809+0000: 836736.794: [GC2014-03-13T22:34:30.809+0000: 836736.794: [ParNew
Desired survivor size 8716288 bytes, new threshold 4 (max 6)
- age   1:    2672704 bytes,    2672704 total
- age   2:    2350816 bytes,    5023520 total
- age   3:    2107768 bytes,    7131288 total
- age   4:    2282112 bytes,    9413400 total
: 152637K->10954K(153344K), 0.0244810 secs] 805262K->665945K(1230656K), 0.0246400 secs] [Times: user=0.05 sys=0.00, real=0.02 secs] 
2014-03-13T22:38:35.022+0000: 836981.007: [GC2014-03-13T22:38:35.022+0000: 836981.007: [ParNew
Desired survivor size 8716288 bytes, new threshold 4 (max 6)
- age   1:    2588992 bytes,    2588992 total
- age   2:    2321800 bytes,    4910792 total
- age   3:    2349656 bytes,    7260448 total
- age   4:    2105000 bytes,    9365448 total
: 147274K->16388K(153344K), 0.0240340 secs] 802265K->673685K(1230656K), 0.0241910 secs] [Times: user=0.06 sys=0.00, real=0.02 secs] 
2014-03-13T22:42:39.893+0000: 837225.878: [GC2014-03-13T22:42:39.893+0000: 837225.878: [ParNew
Desired survivor size 8716288 bytes, new threshold 4 (max 6)
- age   1:    2641216 bytes,    2641216 total
- age   2:    2258776 bytes,    4899992 total
- age   3:    2310088 bytes,    7210080 total
- age   4:    2349304 bytes,    9559384 total
: 152708K->10956K(153344K), 0.0244990 secs] 810005K->670416K(1230656K), 0.0246520 secs] [Times: user=0.05 sys=0.00, real=0.03 secs] 
2014-03-13T22:46:50.670+0000: 837476.655: [GC2014-03-13T22:46:50.670+0000: 837476.655: [ParNew
Desired survivor size 8716288 bytes, new threshold 4 (max 6)
- age   1:    2599368 bytes,    2599368 total
- age   2:    2344896 bytes,    4944264 total
- age   3:    2257704 bytes,    7201968 total
- age   4:    2309520 bytes,    9511488 total
: 147276K->16656K(153344K), 0.0245380 secs] 806736K->678532K(1230656K), 0.0246940 secs] [Times: user=0.06 sys=0.00, real=0.03 secs] 
2014-03-13T22:50:58.669+0000: 837724.654: [GC2014-03-13T22:50:58.669+0000: 837724.654: [ParNew
Desired survivor size 8716288 bytes, new threshold 4 (max 6)
- age   1:    2558000 bytes,    2558000 total
- age   2:    2365816 bytes,    4923816 total
- age   3:    2342592 bytes,    7266408 total
- age   4:    2256832 bytes,    9523240 total
: 152976K->11115K(153344K), 0.0244720 secs] 814852K->675323K(1230656K), 0.0246500 secs] [Times: user=0.05 sys=0.00, real=0.02 secs] 
2014-03-13T22:55:10.178+0000: 837976.162: [GC2014-03-13T22:55:10.178+0000: 837976.162: [ParNew
Desired survivor size 8716288 bytes, new threshold 4 (max 6)
- age   1:    2580304 bytes,    2580304 total
- age   2:    2311120 bytes,    4891424 total
- age   3:    2364656 bytes,    7256080 total
- age   4:    2342144 bytes,    9598224 total
: 147435K->16657K(153344K), 0.0249770 secs] 811643K->683186K(1230656K), 0.0251450 secs] [Times: user=0.06 sys=0.00, real=0.03 secs] 
2014-03-13T22:59:19.953+0000: 838225.938: [GC2014-03-13T22:59:19.953+0000: 838225.938: [ParNew
Desired survivor size 8716288 bytes, new threshold 4 (max 6)
- age   1:    2659112 bytes,    2659112 total
- age   2:    2349744 bytes,    5008856 total
- age   3:    2305208 bytes,    7314064 total
- age   4:    2324728 bytes,    9638792 total
: 152977K->11176K(153344K), 0.0247880 secs] 819506K->680063K(1230656K), 0.0249390 secs] [Times: user=0.06 sys=0.00, real=0.03 secs] 
2014-03-13T23:03:25.957+0000: 838471.942: [GC2014-03-13T23:03:25.958+0000: 838471.942: [ParNew
Desired survivor size 8716288 bytes, new threshold 4 (max 6)
- age   1:    2582720 bytes,    2582720 total
- age   2:    2313504 bytes,    4896224 total
- age   3:    2349408 bytes,    7245632 total
- age   4:    2304016 bytes,    9549648 total
: 147496K->16836K(153344K), 0.0247860 secs] 816383K->688113K(1230656K), 0.0249330 secs] [Times: user=0.06 sys=0.00, real=0.03 secs] 
2014-03-13T23:07:35.671+0000: 838721.656: [GC2014-03-13T23:07:35.671+0000: 838721.656: [ParNew
Desired survivor size 8716288 bytes, new threshold 4 (max 6)
- age   1:    3070120 bytes,    3070120 total
- age   2:    2274040 bytes,    5344160 total
- age   3:    2312568 bytes,    7656728 total
- age   4:    2348448 bytes,   10005176 total
: 153156K->11232K(153344K), 0.0251580 secs] 824433K->684877K(1230656K), 0.0253140 secs] [Times: user=0.05 sys=0.00, real=0.03 secs] 
2014-03-13T23:11:50.601+0000: 838976.586: [GC2014-03-13T23:11:50.602+0000: 838976.586: [ParNew
Desired survivor size 8716288 bytes, new threshold 4 (max 6)
- age   1:    2551408 bytes,    2551408 total
- age   2:    2731152 bytes,    5282560 total
- age   3:    2273248 bytes,    7555808 total
- age   4:    2312104 bytes,    9867912 total
: 147552K->17024K(153344K), 0.0250950 secs] 821197K->693124K(1230656K), 0.0252510 secs] [Times: user=0.05 sys=0.00, real=0.03 secs] 
2014-03-13T23:16:00.916+0000: 839226.901: [GC2014-03-13T23:16:00.916+0000: 839226.901: [ParNew
Desired survivor size 8716288 bytes, new threshold 4 (max 6)
- age   1:    2598784 bytes,    2598784 total
- age   2:    2399808 bytes,    4998592 total
- age   3:    2727664 bytes,    7726256 total
- age   4:    2272096 bytes,    9998352 total
: 153344K->11634K(153344K), 0.0253410 secs] 829444K->690111K(1230656K), 0.0254980 secs] [Times: user=0.06 sys=0.00, real=0.02 secs] 
2014-03-13T23:20:16.460+0000: 839482.445: [GC2014-03-13T23:20:16.460+0000: 839482.445: [ParNew
Desired survivor size 8716288 bytes, new threshold 4 (max 6)
- age   1:    2589216 bytes,    2589216 total
- age   2:    2317856 bytes,    4907072 total
- age   3:    2353552 bytes,    7260624 total
- age   4:    2350704 bytes,    9611328 total
: 147954K->17024K(153344K), 0.0260390 secs] 826431K->698271K(1230656K), 0.0261980 secs] [Times: user=0.05 sys=0.00, real=0.03 secs] 
2014-03-13T23:24:29.209+0000: 839735.194: [GC2014-03-13T23:24:29.209+0000: 839735.194: [ParNew
Desired survivor size 8716288 bytes, new threshold 4 (max 6)
- age   1:    2677840 bytes,    2677840 total
- age   2:    2400080 bytes,    5077920 total
- age   3:    2311872 bytes,    7389792 total
- age   4:    2352840 bytes,    9742632 total
: 153344K->11484K(153344K), 0.0256080 secs] 834591K->695146K(1230656K), 0.0257510 secs] [Times: user=0.05 sys=0.00, real=0.03 secs] 
2014-03-13T23:28:45.143+0000: 839991.128: [GC2014-03-13T23:28:45.143+0000: 839991.128: [ParNew
Desired survivor size 8716288 bytes, new threshold 4 (max 6)
- age   1:    2577144 bytes,    2577144 total
- age   2:    2409064 bytes,    4986208 total
- age   3:    2399120 bytes,    7385328 total
- age   4:    2311584 bytes,    9696912 total
: 147804K->17023K(153344K), 0.0251140 secs] 831466K->703123K(1230656K), 0.0252820 secs] [Times: user=0.06 sys=0.00, real=0.02 secs] 
2014-03-13T23:33:00.441+0000: 840246.426: [GC2014-03-13T23:33:00.442+0000: 840246.426: [ParNew
Desired survivor size 8716288 bytes, new threshold 4 (max 6)
- age   1:    2671464 bytes,    2671464 total
- age   2:    2354040 bytes,    5025504 total
- age   3:    2398552 bytes,    7424056 total
- age   4:    2398528 bytes,    9822584 total
: 153343K->11377K(153344K), 0.0252390 secs] 839443K->699852K(1230656K), 0.0254060 secs] [Times: user=0.05 sys=0.00, real=0.03 secs] 
2014-03-13T23:37:16.233+0000: 840502.218: [GC2014-03-13T23:37:16.233+0000: 840502.218: [ParNew
Desired survivor size 8716288 bytes, new threshold 4 (max 6)
- age   1:    2629784 bytes,    2629784 total
- age   2:    2353200 bytes,    4982984 total
- age   3:    2353368 bytes,    7336352 total
- age   4:    2357952 bytes,    9694304 total
: 147697K->17024K(153344K), 0.0251330 secs] 836172K->708085K(1230656K), 0.0252810 secs] [Times: user=0.06 sys=0.00, real=0.03 secs] 
2014-03-13T23:41:33.884+0000: 840759.868: [GC2014-03-13T23:41:33.884+0000: 840759.869: [ParNew
Desired survivor size 8716288 bytes, new threshold 4 (max 6)
- age   1:    2651976 bytes,    2651976 total
- age   2:    2439544 bytes,    5091520 total
- age   3:    2352696 bytes,    7444216 total
- age   4:    2352920 bytes,    9797136 total
: 153344K->11454K(153344K), 0.0253690 secs] 844405K->704939K(1230656K), 0.0255180 secs] [Times: user=0.06 sys=0.00, real=0.02 secs] 
2014-03-13T23:45:50.306+0000: 841016.291: [GC2014-03-13T23:45:50.306+0000: 841016.291: [ParNew
Desired survivor size 8716288 bytes, new threshold 4 (max 6)
- age   1:    2567064 bytes,    2567064 total
- age   2:    2409800 bytes,    4976864 total
- age   3:    2358632 bytes,    7335496 total
- age   4:    2352232 bytes,    9687728 total
: 147774K->17024K(153344K), 0.0249960 secs] 841259K->713084K(1230656K), 0.0251500 secs] [Times: user=0.05 sys=0.00, real=0.02 secs] 
2014-03-13T23:50:00.168+0000: 841266.153: [GC2014-03-13T23:50:00.168+0000: 841266.153: [ParNew
Desired survivor size 8716288 bytes, new threshold 4 (max 6)
- age   1:    2686288 bytes,    2686288 total
- age   2:    2461816 bytes,    5148104 total
- age   3:    2363720 bytes,    7511824 total
- age   4:    2358056 bytes,    9869880 total
: 153344K->11477K(153344K), 0.0253610 secs] 849404K->709956K(1230656K), 0.0255150 secs] [Times: user=0.05 sys=0.00, real=0.02 secs] 
2014-03-13T23:54:12.219+0000: 841518.204: [GC2014-03-13T23:54:12.219+0000: 841518.204: [ParNew
Desired survivor size 8716288 bytes, new threshold 4 (max 6)
- age   1:    2535288 bytes,    2535288 total
- age   2:    2371568 bytes,    4906856 total
- age   3:    2461128 bytes,    7367984 total
- age   4:    2362728 bytes,    9730712 total
: 147797K->17024K(153344K), 0.0284170 secs] 846276K->718032K(1230656K), 0.0285900 secs] [Times: user=0.04 sys=0.00, real=0.03 secs] 
2014-03-13T23:58:27.428+0000: 841773.413: [GC2014-03-13T23:58:27.428+0000: 841773.413: [ParNew
Desired survivor size 8716288 bytes, new threshold 4 (max 6)
- age   1:    2629184 bytes,    2629184 total
- age   2:    2314904 bytes,    4944088 total
- age   3:    2311336 bytes,    7255424 total
- age   4:    2460584 bytes,    9716008 total
: 153344K->11490K(153344K), 0.0249160 secs] 854352K->714928K(1230656K), 0.0250570 secs] [Times: user=0.06 sys=0.00, real=0.02 secs] 
2014-03-14T00:02:43.944+0000: 842029.929: [GC2014-03-14T00:02:43.945+0000: 842029.929: [ParNew
Desired survivor size 8716288 bytes, new threshold 4 (max 6)
- age   1:    2709896 bytes,    2709896 total
- age   2:    2355408 bytes,    5065304 total
- age   3:    2313928 bytes,    7379232 total
- age   4:    2310888 bytes,    9690120 total
: 147810K->12803K(153344K), 0.0253330 secs] 851248K->718766K(1230656K), 0.0254880 secs] [Times: user=0.05 sys=0.00, real=0.02 secs] 
2014-03-14T00:04:20.161+0000: 842126.145: [GC2014-03-14T00:04:20.161+0000: 842126.145: [ParNew
Desired survivor size 8716288 bytes, new threshold 4 (max 6)
- age   1:    2211968 bytes,    2211968 total
- age   2:    2433936 bytes,    4645904 total
- age   3:    2354448 bytes,    7000352 total
- age   4:    2312152 bytes,    9312504 total
: 149123K->9746K(153344K), 0.0251280 secs] 855086K->718084K(1230656K), 0.0253050 secs] [Times: user=0.05 sys=0.00, real=0.03 secs] 
2014-03-14T00:04:22.204+0000: 842128.189: [GC2014-03-14T00:04:22.204+0000: 842128.189: [ParNew
Desired survivor size 8716288 bytes, new threshold 6 (max 6)
- age   1:    1154560 bytes,    1154560 total
- age   2:    1486992 bytes,    2641552 total
- age   3:    2433384 bytes,    5074936 total
- age   4:    2354448 bytes,    7429384 total
: 146066K->9460K(153344K), 0.0280650 secs] 854404K->720175K(1230656K), 0.0282500 secs] [Times: user=0.06 sys=0.00, real=0.02 secs] 
2014-03-14T00:04:24.210+0000: 842130.195: [GC2014-03-14T00:04:24.210+0000: 842130.195: [ParNew
Desired survivor size 8716288 bytes, new threshold 6 (max 6)
- age   1:    1101344 bytes,    1101344 total
- age   2:     182880 bytes,    1284224 total
- age   3:    1419976 bytes,    2704200 total
- age   4:    2433384 bytes,    5137584 total
- age   5:    2354448 bytes,    7492032 total
: 145780K->7820K(153344K), 0.0170780 secs] 856495K->718535K(1230656K), 0.0172650 secs] [Times: user=0.03 sys=0.00, real=0.02 secs] 
2014-03-14T00:04:25.983+0000: 842131.968: [GC2014-03-14T00:04:25.983+0000: 842131.968: [ParNew
Desired survivor size 8716288 bytes, new threshold 6 (max 6)
- age   1:    1034504 bytes,    1034504 total
- age   2:     200320 bytes,    1234824 total
- age   3:     180040 bytes,    1414864 total
- age   4:    1419128 bytes,    2833992 total
- age   5:    2433384 bytes,    5267376 total
- age   6:    2354448 bytes,    7621824 total
: 144140K->10759K(153344K), 0.0189810 secs] 854855K->721474K(1230656K), 0.0191830 secs] [Times: user=0.03 sys=0.00, real=0.02 secs] 
2014-03-14T00:06:06.486+0000: 842232.471: [GC2014-03-14T00:06:06.486+0000: 842232.471: [ParNew
Desired survivor size 8716288 bytes, new threshold 6 (max 6)
- age   1:    1767640 bytes,    1767640 total
- age   2:      13376 bytes,    1781016 total
- age   3:      64240 bytes,    1845256 total
- age   4:      46456 bytes,    1891712 total
- age   5:    1151624 bytes,    3043336 total
- age   6:    2433144 bytes,    5476480 total
: 147079K->7185K(153344K), 0.0203180 secs] 857794K->720320K(1230656K), 0.0204870 secs] [Times: user=0.04 sys=0.00, real=0.02 secs] 
2014-03-14T00:10:23.374+0000: 842489.359: [GC2014-03-14T00:10:23.374+0000: 842489.359: [ParNew
Desired survivor size 8716288 bytes, new threshold 6 (max 6)
- age   1:    2635000 bytes,    2635000 total
- age   2:     985520 bytes,    3620520 total
- age   3:      13240 bytes,    3633760 total
- age   4:      64240 bytes,    3698000 total
- age   5:      46456 bytes,    3744456 total
- age   6:    1089632 bytes,    4834088 total
: 143505K->5342K(153344K), 0.0189880 secs] 856640K->720976K(1230656K), 0.0191320 secs] [Times: user=0.03 sys=0.00, real=0.01 secs] 
2014-03-14T00:14:38.350+0000: 842744.335: [GC2014-03-14T00:14:38.350+0000: 842744.335: [ParNew
Desired survivor size 8716288 bytes, new threshold 6 (max 6)
- age   1:    2589856 bytes,    2589856 total
- age   2:    2378984 bytes,    4968840 total
- age   3:     985248 bytes,    5954088 total
- age   4:      13240 bytes,    5967328 total
- age   5:      64240 bytes,    6031568 total
- age   6:      46456 bytes,    6078024 total
: 141662K->9667K(153344K), 0.0172470 secs] 857296K->726413K(1230656K), 0.0174030 secs] [Times: user=0.03 sys=0.00, real=0.02 secs] 
2014-03-14T00:18:49.002+0000: 842994.987: [GC2014-03-14T00:18:49.002+0000: 842994.987: [ParNew
Desired survivor size 8716288 bytes, new threshold 6 (max 6)
- age   1:    2756720 bytes,    2756720 total
- age   2:    2342576 bytes,    5099296 total
- age   3:    2377024 bytes,    7476320 total
- age   4:     981472 bytes,    8457792 total
- age   5:      13072 bytes,    8470864 total
- age   6:      64096 bytes,    8534960 total
: 145987K->11327K(153344K), 0.0180100 secs] 862733K->728120K(1230656K), 0.0181610 secs] [Times: user=0.04 sys=0.00, real=0.01 secs] 
2014-03-14T00:23:07.512+0000: 843253.496: [GC2014-03-14T00:23:07.512+0000: 843253.497: [ParNew
Desired survivor size 8716288 bytes, new threshold 4 (max 6)
- age   1:    2612168 bytes,    2612168 total
- age   2:    2479080 bytes,    5091248 total
- age   3:    2341808 bytes,    7433056 total
- age   4:    2376464 bytes,    9809520 total
- age   5:     941328 bytes,   10750848 total
- age   6:      13072 bytes,   10763920 total
: 147647K->15140K(153344K), 0.0212320 secs] 864440K->731998K(1230656K), 0.0213910 secs] [Times: user=0.05 sys=0.00, real=0.02 secs] 
2014-03-14T00:27:28.821+0000: 843514.806: [GC2014-03-14T00:27:28.821+0000: 843514.806: [ParNew
Desired survivor size 8716288 bytes, new threshold 4 (max 6)
- age   1:    2612480 bytes,    2612480 total
- age   2:    2394784 bytes,    5007264 total
- age   3:    2395168 bytes,    7402432 total
- age   4:    2341184 bytes,    9743616 total
: 151460K->9783K(153344K), 0.0273900 secs] 868318K->730063K(1230656K), 0.0275490 secs] [Times: user=0.06 sys=0.00, real=0.03 secs] 
2014-03-14T00:31:47.706+0000: 843773.691: [GC2014-03-14T00:31:47.706+0000: 843773.691: [ParNew
Desired survivor size 8716288 bytes, new threshold 4 (max 6)
- age   1:    2734424 bytes,    2734424 total
- age   2:    2401840 bytes,    5136264 total
- age   3:    2348568 bytes,    7484832 total
- age   4:    2394616 bytes,    9879448 total
: 146103K->14336K(153344K), 0.0253450 secs] 866383K->737023K(1230656K), 0.0255030 secs] [Times: user=0.05 sys=0.00, real=0.02 secs] 
2014-03-14T00:36:06.916+0000: 844032.901: [GC2014-03-14T00:36:06.917+0000: 844032.901: [ParNew
Desired survivor size 8716288 bytes, new threshold 4 (max 6)
- age   1:    2676944 bytes,    2676944 total
- age   2:    2479344 bytes,    5156288 total
- age   3:    2400872 bytes,    7557160 total
- age   4:    2347608 bytes,    9904768 total
: 150656K->14413K(153344K), 0.0265220 secs] 873343K->739559K(1230656K), 0.0266890 secs] [Times: user=0.06 sys=0.00, real=0.03 secs] 
2014-03-14T00:40:27.946+0000: 844293.931: [GC2014-03-14T00:40:27.946+0000: 844293.931: [ParNew
Desired survivor size 8716288 bytes, new threshold 4 (max 6)
- age   1:    2723152 bytes,    2723152 total
- age   2:    2367352 bytes,    5090504 total
- age   3:    2477896 bytes,    7568400 total
- age   4:    2400264 bytes,    9968664 total
: 150733K->14536K(153344K), 0.0254340 secs] 875879K->742096K(1230656K), 0.0255820 secs] [Times: user=0.05 sys=0.00, real=0.02 secs] 
2014-03-14T00:44:47.322+0000: 844553.307: [GC2014-03-14T00:44:47.322+0000: 844553.307: [ParNew
Desired survivor size 8716288 bytes, new threshold 4 (max 6)
- age   1:    2701416 bytes,    2701416 total
- age   2:    2467128 bytes,    5168544 total
- age   3:    2365872 bytes,    7534416 total
- age   4:    2398360 bytes,    9932776 total
: 150856K->14450K(153344K), 0.0252660 secs] 878416K->744479K(1230656K), 0.0254200 secs] [Times: user=0.05 sys=0.00, real=0.03 secs] 
2014-03-14T00:48:40.219+0000: 844786.204: [GC2014-03-14T00:48:40.219+0000: 844786.204: [ParNew
Desired survivor size 8716288 bytes, new threshold 4 (max 6)
- age   1:    2744864 bytes,    2744864 total
- age   2:    2400536 bytes,    5145400 total
- age   3:    2466168 bytes,    7611568 total
- age   4:    2365552 bytes,    9977120 total
: 150770K->14612K(153344K), 0.0253680 secs] 880799K->747105K(1230656K), 0.0255190 secs] [Times: user=0.06 sys=0.00, real=0.03 secs] 
2014-03-14T00:53:00.022+0000: 845046.007: [GC2014-03-14T00:53:00.022+0000: 845046.007: [ParNew
Desired survivor size 8716288 bytes, new threshold 4 (max 6)
- age   1:    2652344 bytes,    2652344 total
- age   2:    2276048 bytes,    4928392 total
- age   3:    2398976 bytes,    7327368 total
- age   4:    2465800 bytes,    9793168 total
: 150932K->14435K(153344K), 0.0250850 secs] 883425K->749361K(1230656K), 0.0252360 secs] [Times: user=0.05 sys=0.00, real=0.02 secs] 
2014-03-14T00:57:20.111+0000: 845306.096: [GC2014-03-14T00:57:20.111+0000: 845306.096: [ParNew
Desired survivor size 8716288 bytes, new threshold 4 (max 6)
- age   1:    2649352 bytes,    2649352 total
- age   2:    2390352 bytes,    5039704 total
- age   3:    2267472 bytes,    7307176 total
- age   4:    2398480 bytes,    9705656 total
: 150755K->9699K(153344K), 0.0250940 secs] 885681K->747157K(1230656K), 0.0252260 secs] [Times: user=0.06 sys=0.00, real=0.03 secs] 
2014-03-14T01:01:41.041+0000: 845567.026: [GC2014-03-14T01:01:41.042+0000: 845567.026: [ParNew
Desired survivor size 8716288 bytes, new threshold 4 (max 6)
- age   1:    2609440 bytes,    2609440 total
- age   2:    2473928 bytes,    5083368 total
- age   3:    2389472 bytes,    7472840 total
- age   4:    2148080 bytes,    9620920 total
: 146019K->14091K(153344K), 0.0248900 secs] 883477K->754014K(1230656K), 0.0250350 secs] [Times: user=0.06 sys=0.00, real=0.03 secs] 
2014-03-14T01:06:00.603+0000: 845826.588: [GC2014-03-14T01:06:00.603+0000: 845826.588: [ParNew
Desired survivor size 8716288 bytes, new threshold 4 (max 6)
- age   1:    2569656 bytes,    2569656 total
- age   2:    2428312 bytes,    4997968 total
- age   3:    2427384 bytes,    7425352 total
- age   4:    2388912 bytes,    9814264 total
: 150411K->17024K(153344K), 0.0259350 secs] 890334K->759228K(1230656K), 0.0260880 secs] [Times: user=0.05 sys=0.00, real=0.02 secs] 
2014-03-14T01:10:20.346+0000: 846086.331: [GC2014-03-14T01:10:20.346+0000: 846086.331: [ParNew
Desired survivor size 8716288 bytes, new threshold 4 (max 6)
- age   1:    2677240 bytes,    2677240 total
- age   2:    2435072 bytes,    5112312 total
- age   3:    2427040 bytes,    7539352 total
- age   4:    2426600 bytes,    9965952 total
: 153344K->12000K(153344K), 0.0255930 secs] 895548K->756660K(1230656K), 0.0257530 secs] [Times: user=0.05 sys=0.00, real=0.02 secs] 
2014-03-14T01:14:41.381+0000: 846347.366: [GC2014-03-14T01:14:41.381+0000: 846347.366: [ParNew
Desired survivor size 8716288 bytes, new threshold 4 (max 6)
- age   1:    2635024 bytes,    2635024 total
- age   2:    2467792 bytes,    5102816 total
- age   3:    2389216 bytes,    7492032 total
- age   4:    2387032 bytes,    9879064 total
: 148320K->13078K(153344K), 0.0262500 secs] 892980K->760192K(1230656K), 0.0264000 secs] [Times: user=0.05 sys=0.00, real=0.03 secs] 
2014-03-14T01:19:00.265+0000: 846606.250: [GC2014-03-14T01:19:00.266+0000: 846606.250: [ParNew
Desired survivor size 8716288 bytes, new threshold 4 (max 6)
- age   1:    2750168 bytes,    2750168 total
- age   2:    2388336 bytes,    5138504 total
- age   3:    2466488 bytes,    7604992 total
- age   4:    2388320 bytes,    9993312 total
: 149398K->14173K(153344K), 0.0257230 secs] 896512K->763742K(1230656K), 0.0258810 secs] [Times: user=0.05 sys=0.00, real=0.02 secs] 
2014-03-14T01:23:21.219+0000: 846867.203: [GC2014-03-14T01:23:21.219+0000: 846867.203: [ParNew
Desired survivor size 8716288 bytes, new threshold 4 (max 6)
- age   1:    2640400 bytes,    2640400 total
- age   2:    2467904 bytes,    5108304 total
- age   3:    2387576 bytes,    7495880 total
- age   4:    2386840 bytes,    9882720 total
: 150493K->14389K(153344K), 0.0251320 secs] 900062K->766414K(1230656K), 0.0252730 secs] [Times: user=0.05 sys=0.00, real=0.03 secs] 
2014-03-14T01:27:42.219+0000: 847128.204: [GC2014-03-14T01:27:42.219+0000: 847128.204: [ParNew
Desired survivor size 8716288 bytes, new threshold 4 (max 6)
- age   1:    2595512 bytes,    2595512 total
- age   2:    2435408 bytes,    5030920 total
- age   3:    2467072 bytes,    7497992 total
- age   4:    2386984 bytes,    9884976 total
: 150709K->14427K(153344K), 0.0279790 secs] 902734K->768906K(1230656K), 0.0281490 secs] [Times: user=0.06 sys=0.00, real=0.03 secs] 
2014-03-14T01:31:59.885+0000: 847385.870: [GC2014-03-14T01:31:59.886+0000: 847385.870: [ParNew
Desired survivor size 8716288 bytes, new threshold 4 (max 6)
- age   1:    2690760 bytes,    2690760 total
- age   2:    2392816 bytes,    5083576 total
- age   3:    2389160 bytes,    7472736 total
- age   4:    2386904 bytes,    9859640 total
: 150747K->17024K(153344K), 0.0257130 secs] 905226K->774107K(1230656K), 0.0258710 secs] [Times: user=0.06 sys=0.00, real=0.02 secs] 
2014-03-14T01:36:19.929+0000: 847645.914: [GC2014-03-14T01:36:19.929+0000: 847645.914: [ParNew
Desired survivor size 8716288 bytes, new threshold 4 (max 6)
- age   1:    2618240 bytes,    2618240 total
- age   2:    2460232 bytes,    5078472 total
- age   3:    2392296 bytes,    7470768 total
- age   4:    2388248 bytes,    9859016 total
: 153344K->12082K(153344K), 0.0253190 secs] 910427K->771620K(1230656K), 0.0254710 secs] [Times: user=0.06 sys=0.00, real=0.03 secs] 
2014-03-14T01:40:37.562+0000: 847903.547: [GC2014-03-14T01:40:37.562+0000: 847903.547: [ParNew
Desired survivor size 8716288 bytes, new threshold 4 (max 6)
- age   1:    2637880 bytes,    2637880 total
- age   2:    2441960 bytes,    5079840 total
- age   3:    2458240 bytes,    7538080 total
- age   4:    2391944 bytes,    9930024 total
: 148402K->13151K(153344K), 0.0251430 secs] 907940K->775144K(1230656K), 0.0253020 secs] [Times: user=0.05 sys=0.00, real=0.03 secs] 
2014-03-14T01:44:56.644+0000: 848162.628: [GC2014-03-14T01:44:56.644+0000: 848162.628: [ParNew
Desired survivor size 8716288 bytes, new threshold 4 (max 6)
- age   1:    2649264 bytes,    2649264 total
- age   2:    2427400 bytes,    5076664 total
- age   3:    2395256 bytes,    7471920 total
- age   4:    2378736 bytes,    9850656 total
: 149471K->14064K(153344K), 0.0251170 secs] 911464K->778516K(1230656K), 0.0252640 secs] [Times: user=0.05 sys=0.00, real=0.02 secs] 
2014-03-14T01:49:15.347+0000: 848421.332: [GC2014-03-14T01:49:15.347+0000: 848421.332: [ParNew
Desired survivor size 8716288 bytes, new threshold 4 (max 6)
- age   1:    2663208 bytes,    2663208 total
- age   2:    2391504 bytes,    5054712 total
- age   3:    2427064 bytes,    7481776 total
- age   4:    2394488 bytes,    9876264 total
: 150384K->14313K(153344K), 0.0252380 secs] 914836K->781210K(1230656K), 0.0253830 secs] [Times: user=0.06 sys=0.00, real=0.02 secs] 
2014-03-14T01:53:35.916+0000: 848681.901: [GC2014-03-14T01:53:35.916+0000: 848681.901: [ParNew
Desired survivor size 8716288 bytes, new threshold 4 (max 6)
- age   1:    2690944 bytes,    2690944 total
- age   2:    2387264 bytes,    5078208 total
- age   3:    2390136 bytes,    7468344 total
- age   4:    2425664 bytes,    9894008 total
: 150633K->14479K(153344K), 0.0252620 secs] 917530K->783839K(1230656K), 0.0254170 secs] [Times: user=0.06 sys=0.00, real=0.02 secs] 
2014-03-14T01:57:55.523+0000: 848941.508: [GC2014-03-14T01:57:55.523+0000: 848941.508: [ParNew
Desired survivor size 8716288 bytes, new threshold 4 (max 6)
- age   1:    2638272 bytes,    2638272 total
- age   2:    2462832 bytes,    5101104 total
- age   3:    2386008 bytes,    7487112 total
- age   4:    2389624 bytes,    9876736 total
: 150799K->14358K(153344K), 0.0253030 secs] 920159K->786130K(1230656K), 0.0254450 secs] [Times: user=0.06 sys=0.00, real=0.02 secs] 
2014-03-14T02:01:56.019+0000: 849182.003: [GC2014-03-14T02:01:56.019+0000: 849182.004: [ParNew
Desired survivor size 8716288 bytes, new threshold 4 (max 6)
- age   1:    2861824 bytes,    2861824 total
- age   2:    2388408 bytes,    5250232 total
- age   3:    2461048 bytes,    7711280 total
- age   4:    2385480 bytes,   10096760 total
: 150678K->14557K(153344K), 0.0282580 secs] 922450K->788787K(1230656K), 0.0284320 secs] [Times: user=0.05 sys=0.00, real=0.03 secs] 
2014-03-14T02:06:09.610+0000: 849435.595: [GC2014-03-14T02:06:09.610+0000: 849435.595: [ParNew
Desired survivor size 8716288 bytes, new threshold 4 (max 6)
- age   1:    2675176 bytes,    2675176 total
- age   2:    2481888 bytes,    5157064 total
- age   3:    2387576 bytes,    7544640 total
- age   4:    2381608 bytes,    9926248 total
: 150877K->14541K(153344K), 0.0262140 secs] 925107K->791223K(1230656K), 0.0263810 secs] [Times: user=0.06 sys=0.00, real=0.03 secs] 
2014-03-14T02:10:29.909+0000: 849695.894: [GC2014-03-14T02:10:29.909+0000: 849695.894: [ParNew
Desired survivor size 8716288 bytes, new threshold 4 (max 6)
- age   1:    2678576 bytes,    2678576 total
- age   2:    2378088 bytes,    5056664 total
- age   3:    2412256 bytes,    7468920 total
- age   4:    2387080 bytes,    9856000 total
: 150861K->14466K(153344K), 0.0257320 secs] 927543K->793597K(1230656K), 0.0258920 secs] [Times: user=0.06 sys=0.00, real=0.03 secs] 
2014-03-14T02:14:50.318+0000: 849956.303: [GC2014-03-14T02:14:50.318+0000: 849956.303: [ParNew
Desired survivor size 8716288 bytes, new threshold 4 (max 6)
- age   1:    2698376 bytes,    2698376 total
- age   2:    2404824 bytes,    5103200 total
- age   3:    2332008 bytes,    7435208 total
- age   4:    2405144 bytes,    9840352 total
: 150786K->14575K(153344K), 0.0255460 secs] 929917K->796160K(1230656K), 0.0257110 secs] [Times: user=0.05 sys=0.00, real=0.03 secs] 
2014-03-14T02:19:09.218+0000: 850215.203: [GC2014-03-14T02:19:09.218+0000: 850215.203: [ParNew
Desired survivor size 8716288 bytes, new threshold 4 (max 6)
- age   1:    2690144 bytes,    2690144 total
- age   2:    2469152 bytes,    5159296 total
- age   3:    2403848 bytes,    7563144 total
- age   4:    2331000 bytes,    9894144 total
: 150895K->14215K(153344K), 0.0255650 secs] 932480K->798109K(1230656K), 0.0257240 secs] [Times: user=0.05 sys=0.00, real=0.03 secs] 
2014-03-14T02:23:29.222+0000: 850475.206: [GC2014-03-14T02:23:29.222+0000: 850475.206: [ParNew
Desired survivor size 8716288 bytes, new threshold 4 (max 6)
- age   1:    2721552 bytes,    2721552 total
- age   2:    2375312 bytes,    5096864 total
- age   3:    2467336 bytes,    7564200 total
- age   4:    2403432 bytes,    9967632 total
: 150535K->14436K(153344K), 0.0265690 secs] 934429K->800727K(1230656K), 0.0267160 secs] [Times: user=0.05 sys=0.00, real=0.03 secs] 
2014-03-14T02:27:40.256+0000: 850726.241: [GC2014-03-14T02:27:40.256+0000: 850726.241: [ParNew
Desired survivor size 8716288 bytes, new threshold 4 (max 6)
- age   1:    2653880 bytes,    2653880 total
- age   2:    2496360 bytes,    5150240 total
- age   3:    2365512 bytes,    7515752 total
- age   4:    2426944 bytes,    9942696 total
: 150756K->14558K(153344K), 0.0256470 secs] 937047K->803319K(1230656K), 0.0258090 secs] [Times: user=0.06 sys=0.00, real=0.02 secs] 
2014-03-14T02:31:54.909+0000: 850980.894: [GC2014-03-14T02:31:54.909+0000: 850980.894: [ParNew
Desired survivor size 8716288 bytes, new threshold 4 (max 6)
- age   1:    2640936 bytes,    2640936 total
- age   2:    2340920 bytes,    4981856 total
- age   3:    2449568 bytes,    7431424 total
- age   4:    2365288 bytes,    9796712 total
: 150878K->14439K(153344K), 0.0257850 secs] 939639K->805655K(1230656K), 0.0259510 secs] [Times: user=0.05 sys=0.00, real=0.03 secs] 
2014-03-14T02:36:09.909+0000: 851235.894: [GC2014-03-14T02:36:09.909+0000: 851235.894: [ParNew
Desired survivor size 8716288 bytes, new threshold 4 (max 6)
- age   1:    2669024 bytes,    2669024 total
- age   2:    2343448 bytes,    5012472 total
- age   3:    2339648 bytes,    7352120 total
- age   4:    2448704 bytes,    9800824 total
: 150759K->14381K(153344K), 0.0255950 secs] 941975K->808029K(1230656K), 0.0257640 secs] [Times: user=0.05 sys=0.00, real=0.03 secs] 
2014-03-14T02:40:25.134+0000: 851491.119: [GC2014-03-14T02:40:25.135+0000: 851491.119: [ParNew
Desired survivor size 8716288 bytes, new threshold 4 (max 6)
- age   1:    2624184 bytes,    2624184 total
- age   2:    2468688 bytes,    5092872 total
- age   3:    2342568 bytes,    7435440 total
- age   4:    2299512 bytes,    9734952 total
: 150701K->14277K(153344K), 0.0251750 secs] 944349K->810441K(1230656K), 0.0253250 secs] [Times: user=0.06 sys=0.00, real=0.02 secs] 
2014-03-14T02:44:41.466+0000: 851747.451: [GC2014-03-14T02:44:41.466+0000: 851747.451: [ParNew
Desired survivor size 8716288 bytes, new threshold 4 (max 6)
- age   1:    2627080 bytes,    2627080 total
- age   2:    2342592 bytes,    4969672 total
- age   3:    2421960 bytes,    7391632 total
- age   4:    2342168 bytes,    9733800 total
: 150597K->14234K(153344K), 0.0264270 secs] 946761K->812762K(1230656K), 0.0265800 secs] [Times: user=0.06 sys=0.00, real=0.02 secs] 
2014-03-14T02:48:57.333+0000: 852003.317: [GC2014-03-14T02:48:57.333+0000: 852003.317: [ParNew
Desired survivor size 8716288 bytes, new threshold 4 (max 6)
- age   1:    2632224 bytes,    2632224 total
- age   2:    2389760 bytes,    5021984 total
- age   3:    2341720 bytes,    7363704 total
- age   4:    2420208 bytes,    9783912 total
: 150554K->14299K(153344K), 0.0249800 secs] 949082K->815235K(1230656K), 0.0251210 secs] [Times: user=0.05 sys=0.00, real=0.03 secs] 
2014-03-14T02:53:13.203+0000: 852259.188: [GC2014-03-14T02:53:13.204+0000: 852259.188: [ParNew
Desired survivor size 8716288 bytes, new threshold 4 (max 6)
- age   1:    2595272 bytes,    2595272 total
- age   2:    2422488 bytes,    5017760 total
- age   3:    2389376 bytes,    7407136 total
- age   4:    2341544 bytes,    9748680 total
: 150619K->17024K(153344K), 0.0250360 secs] 951555K->820450K(1230656K), 0.0251850 secs] [Times: user=0.05 sys=0.00, real=0.02 secs] 
2014-03-14T02:57:29.073+0000: 852515.058: [GC2014-03-14T02:57:29.073+0000: 852515.058: [ParNew
Desired survivor size 8716288 bytes, new threshold 4 (max 6)
- age   1:    2719944 bytes,    2719944 total
- age   2:    2369448 bytes,    5089392 total
- age   3:    2421128 bytes,    7510520 total
- age   4:    2343360 bytes,    9853880 total
: 153344K->12001K(153344K), 0.0250310 secs] 956770K->817835K(1230656K), 0.0251840 secs] [Times: user=0.05 sys=0.00, real=0.03 secs] 
2014-03-14T03:01:44.961+0000: 852770.945: [GC2014-03-14T03:01:44.961+0000: 852770.946: [ParNew
Desired survivor size 8716288 bytes, new threshold 4 (max 6)
- age   1:    2497000 bytes,    2497000 total
- age   2:    2474000 bytes,    4971000 total
- age   3:    2368808 bytes,    7339808 total
- age   4:    2341448 bytes,    9681256 total
: 148321K->17024K(153344K), 0.0250870 secs] 954155K->825349K(1230656K), 0.0252440 secs] [Times: user=0.06 sys=0.00, real=0.03 secs] 
2014-03-14T03:06:02.657+0000: 853028.642: [GC2014-03-14T03:06:02.658+0000: 853028.642: [ParNew
Desired survivor size 8716288 bytes, new threshold 4 (max 6)
- age   1:    2642640 bytes,    2642640 total
- age   2:    2335576 bytes,    4978216 total
- age   3:    2427968 bytes,    7406184 total
- age   4:    2368104 bytes,    9774288 total
: 153344K->11456K(153344K), 0.0254940 secs] 961669K->822189K(1230656K), 0.0256550 secs] [Times: user=0.06 sys=0.00, real=0.03 secs] 
2014-03-14T03:10:19.358+0000: 853285.343: [GC2014-03-14T03:10:19.358+0000: 853285.343: [ParNew
Desired survivor size 8716288 bytes, new threshold 4 (max 6)
- age   1:    2679616 bytes,    2679616 total
- age   2:    2382800 bytes,    5062416 total
- age   3:    2334856 bytes,    7397272 total
- age   4:    2347496 bytes,    9744768 total
: 147776K->17024K(153344K), 0.0277230 secs] 958509K->830351K(1230656K), 0.0279100 secs] [Times: user=0.05 sys=0.00, real=0.03 secs] 
2014-03-14T03:14:32.971+0000: 853538.956: [GC2014-03-14T03:14:32.971+0000: 853538.956: [ParNew
Desired survivor size 8716288 bytes, new threshold 4 (max 6)
- age   1:    2608304 bytes,    2608304 total
- age   2:    2423360 bytes,    5031664 total
- age   3:    2382336 bytes,    7414000 total
- age   4:    2334360 bytes,    9748360 total
: 153344K->11482K(153344K), 0.0257210 secs] 966671K->827224K(1230656K), 0.0258610 secs] [Times: user=0.05 sys=0.00, real=0.03 secs] 
2014-03-14T03:18:48.456+0000: 853794.441: [GC2014-03-14T03:18:48.456+0000: 853794.441: [ParNew
Desired survivor size 8716288 bytes, new threshold 4 (max 6)
- age   1:    2638792 bytes,    2638792 total
- age   2:    2371392 bytes,    5010184 total
- age   3:    2342784 bytes,    7352968 total
- age   4:    2381872 bytes,    9734840 total
: 147802K->17024K(153344K), 0.0252820 secs] 963544K->835308K(1230656K), 0.0254230 secs] [Times: user=0.06 sys=0.00, real=0.02 secs] 
2014-03-14T03:23:04.326+0000: 854050.311: [GC2014-03-14T03:23:04.326+0000: 854050.311: [ParNew
Desired survivor size 8716288 bytes, new threshold 4 (max 6)
- age   1:    2689144 bytes,    2689144 total
- age   2:    2413096 bytes,    5102240 total
- age   3:    2370672 bytes,    7472912 total
- age   4:    2342160 bytes,    9815072 total
: 153344K->11449K(153344K), 0.0292290 secs] 971628K->832183K(1230656K), 0.0294500 secs] [Times: user=0.05 sys=0.00, real=0.03 secs] 
2014-03-14T03:27:20.197+0000: 854306.182: [GC2014-03-14T03:27:20.197+0000: 854306.182: [ParNew
Desired survivor size 8716288 bytes, new threshold 4 (max 6)
- age   1:    2561424 bytes,    2561424 total
- age   2:    2341720 bytes,    4903144 total
- age   3:    2372352 bytes,    7275496 total
- age   4:    2370272 bytes,    9645768 total
: 147769K->17024K(153344K), 0.0252480 secs] 968503K->840288K(1230656K), 0.0254150 secs] [Times: user=0.06 sys=0.00, real=0.03 secs] 
2014-03-14T03:31:36.088+0000: 854562.072: [GC2014-03-14T03:31:36.088+0000: 854562.072: [ParNew
Desired survivor size 8716288 bytes, new threshold 4 (max 6)
- age   1:    2610960 bytes,    2610960 total
- age   2:    2438512 bytes,    5049472 total
- age   3:    2341160 bytes,    7390632 total
- age   4:    2371688 bytes,    9762320 total
: 153344K->11457K(153344K), 0.0253160 secs] 976608K->837158K(1230656K), 0.0254690 secs] [Times: user=0.05 sys=0.00, real=0.02 secs] 
2014-03-14T03:35:51.979+0000: 854817.964: [GC2014-03-14T03:35:51.979+0000: 854817.964: [ParNew
Desired survivor size 8716288 bytes, new threshold 4 (max 6)
- age   1:    2613728 bytes,    2613728 total
- age   2:    2382064 bytes,    4995792 total
- age   3:    2392256 bytes,    7388048 total
- age   4:    2340696 bytes,    9728744 total
: 147777K->17024K(153344K), 0.0250480 secs] 973478K->845137K(1230656K), 0.0251910 secs] [Times: user=0.05 sys=0.00, real=0.03 secs] 
2014-03-14T03:40:07.869+0000: 855073.854: [GC2014-03-14T03:40:07.870+0000: 855073.854: [ParNew
Desired survivor size 8716288 bytes, new threshold 4 (max 6)
- age   1:    2693096 bytes,    2693096 total
- age   2:    2354992 bytes,    5048088 total
- age   3:    2381200 bytes,    7429288 total
- age   4:    2391224 bytes,    9820512 total
: 153344K->11472K(153344K), 0.0254700 secs] 981457K->841992K(1230656K), 0.0256350 secs] [Times: user=0.06 sys=0.00, real=0.03 secs] 
2014-03-14T03:44:23.770+0000: 855329.755: [GC2014-03-14T03:44:23.770+0000: 855329.755: [ParNew
Desired survivor size 8716288 bytes, new threshold 4 (max 6)
- age   1:    2598008 bytes,    2598008 total
- age   2:    2431040 bytes,    5029048 total
- age   3:    2354256 bytes,    7383304 total
- age   4:    2341352 bytes,    9724656 total
: 147792K->17023K(153344K), 0.0265150 secs] 978312K->849996K(1230656K), 0.0266740 secs] [Times: user=0.05 sys=0.00, real=0.03 secs] 
2014-03-14T03:48:39.670+0000: 855585.654: [GC2014-03-14T03:48:39.670+0000: 855585.654: [ParNew
Desired survivor size 8716288 bytes, new threshold 4 (max 6)
- age   1:    2695168 bytes,    2695168 total
- age   2:    2341800 bytes,    5036968 total
- age   3:    2429584 bytes,    7466552 total
- age   4:    2353712 bytes,    9820264 total
: 153343K->11449K(153344K), 0.0249820 secs] 986316K->846828K(1230656K), 0.0251300 secs] [Times: user=0.06 sys=0.00, real=0.03 secs] 
2014-03-14T03:52:55.558+0000: 855841.543: [GC2014-03-14T03:52:55.559+0000: 855841.543: [ParNew
Desired survivor size 8716288 bytes, new threshold 4 (max 6)
- age   1:    2715224 bytes,    2715224 total
- age   2:    2406608 bytes,    5121832 total
- age   3:    2340320 bytes,    7462152 total
- age   4:    2389472 bytes,    9851624 total
: 147769K->12899K(153344K), 0.0250810 secs] 983148K->850698K(1230656K), 0.0252370 secs] [Times: user=0.06 sys=0.00, real=0.03 secs] 
2014-03-14T03:57:10.916+0000: 856096.901: [GC2014-03-14T03:57:10.916+0000: 856096.901: [ParNew
Desired survivor size 8716288 bytes, new threshold 4 (max 6)
- age   1:    2514432 bytes,    2514432 total
- age   2:    2386528 bytes,    4900960 total
- age   3:    2405680 bytes,    7306640 total
- age   4:    2339808 bytes,    9646448 total
: 149219K->17024K(153344K), 0.0254230 secs] 987018K->857323K(1230656K), 0.0255840 secs] [Times: user=0.05 sys=0.00, real=0.02 secs] 
2014-03-14T04:01:27.361+0000: 856353.346: [GC2014-03-14T04:01:27.361+0000: 856353.346: [ParNew
Desired survivor size 8716288 bytes, new threshold 4 (max 6)
- age   1:    2703848 bytes,    2703848 total
- age   2:    2344128 bytes,    5047976 total
- age   3:    2384560 bytes,    7432536 total
- age   4:    2405048 bytes,    9837584 total
: 153344K->11852K(153344K), 0.0251650 secs] 993643K->854557K(1230656K), 0.0253390 secs] [Times: user=0.05 sys=0.00, real=0.03 secs] 
2014-03-14T04:05:43.295+0000: 856609.280: [GC2014-03-14T04:05:43.295+0000: 856609.280: [ParNew
Desired survivor size 8716288 bytes, new threshold 4 (max 6)
- age   1:    2567248 bytes,    2567248 total
- age   2:    2430016 bytes,    4997264 total
- age   3:    2343216 bytes,    7340480 total
- age   4:    2344696 bytes,    9685176 total
: 148172K->17024K(153344K), 0.0260450 secs] 990877K->862242K(1230656K), 0.0262040 secs] [Times: user=0.05 sys=0.00, real=0.02 secs] 
2014-03-14T04:09:59.229+0000: 856865.213: [GC2014-03-14T04:09:59.229+0000: 856865.213: [ParNew
Desired survivor size 8716288 bytes, new threshold 4 (max 6)
- age   1:    2698344 bytes,    2698344 total
- age   2:    2350560 bytes,    5048904 total
- age   3:    2427960 bytes,    7476864 total
- age   4:    2342752 bytes,    9819616 total
: 153344K->11528K(153344K), 0.0252550 secs] 998562K->859158K(1230656K), 0.0254070 secs] [Times: user=0.05 sys=0.00, real=0.03 secs] 
2014-03-14T04:14:15.162+0000: 857121.147: [GC2014-03-14T04:14:15.162+0000: 857121.147: [ParNew
Desired survivor size 8716288 bytes, new threshold 4 (max 6)
- age   1:    2595736 bytes,    2595736 total
- age   2:    2412264 bytes,    5008000 total
- age   3:    2349728 bytes,    7357728 total
- age   4:    2348568 bytes,    9706296 total
: 147848K->17024K(153344K), 0.0254310 secs] 995478K->867104K(1230656K), 0.0255950 secs] [Times: user=0.06 sys=0.00, real=0.02 secs] 
2014-03-14T04:18:30.052+0000: 857376.036: [GC2014-03-14T04:18:30.052+0000: 857376.036: [ParNew
Desired survivor size 8716288 bytes, new threshold 4 (max 6)
- age   1:    2539880 bytes,    2539880 total
- age   2:    2432832 bytes,    4972712 total
- age   3:    2411264 bytes,    7383976 total
- age   4:    2349280 bytes,    9733256 total
: 153344K->11406K(153344K), 0.0253030 secs] 1003424K->863901K(1230656K), 0.0254580 secs] [Times: user=0.06 sys=0.00, real=0.03 secs] 
2014-03-14T04:22:45.302+0000: 857631.286: [GC2014-03-14T04:22:45.302+0000: 857631.287: [ParNew
Desired survivor size 8716288 bytes, new threshold 4 (max 6)
- age   1:    2640144 bytes,    2640144 total
- age   2:    2342256 bytes,    4982400 total
- age   3:    2386856 bytes,    7369256 total
- age   4:    2350160 bytes,    9719416 total
: 147726K->17024K(153344K), 0.0249960 secs] 1000221K->872035K(1230656K), 0.0251470 secs] [Times: user=0.06 sys=0.00, real=0.03 secs] 
2014-03-14T04:27:00.483+0000: 857886.468: [GC2014-03-14T04:27:00.483+0000: 857886.468: [ParNew
Desired survivor size 8716288 bytes, new threshold 4 (max 6)
- age   1:    2613904 bytes,    2613904 total
- age   2:    2422928 bytes,    5036832 total
- age   3:    2341624 bytes,    7378456 total
- age   4:    2385288 bytes,    9763744 total
: 153344K->11397K(153344K), 0.0252030 secs] 1008355K->868807K(1230656K), 0.0253680 secs] [Times: user=0.06 sys=0.00, real=0.02 secs] 
2014-03-14T04:31:15.661+0000: 858141.646: [GC2014-03-14T04:31:15.661+0000: 858141.646: [ParNew
Desired survivor size 8716288 bytes, new threshold 4 (max 6)
- age   1:    2658680 bytes,    2658680 total
- age   2:    2342800 bytes,    5001480 total
- age   3:    2342344 bytes,    7343824 total
- age   4:    2340968 bytes,    9684792 total
: 147717K->17024K(153344K), 0.0258990 secs] 1005127K->877032K(1230656K), 0.0260620 secs] [Times: user=0.06 sys=0.00, real=0.03 secs] 
2014-03-14T04:35:31.498+0000: 858397.483: [GC2014-03-14T04:35:31.498+0000: 858397.483: [ParNew
Desired survivor size 8716288 bytes, new threshold 4 (max 6)
- age   1:    2633880 bytes,    2633880 total
- age   2:    2423144 bytes,    5057024 total
- age   3:    2342456 bytes,    7399480 total
- age   4:    2341736 bytes,    9741216 total
: 153344K->11417K(153344K), 0.0261950 secs] 1013352K->873833K(1230656K), 0.0263430 secs] [Times: user=0.05 sys=0.00, real=0.03 secs] 
2014-03-14T04:39:47.371+0000: 858653.356: [GC2014-03-14T04:39:47.371+0000: 858653.356: [ParNew
Desired survivor size 8716288 bytes, new threshold 4 (max 6)
- age   1:    2598992 bytes,    2598992 total
- age   2:    2343528 bytes,    4942520 total
- age   3:    2422232 bytes,    7364752 total
- age   4:    2341960 bytes,    9706712 total
: 147737K->17023K(153344K), 0.0250920 secs] 1010153K->881883K(1230656K), 0.0252430 secs] [Times: user=0.06 sys=0.00, real=0.03 secs] 
2014-03-14T04:44:03.256+0000: 858909.241: [GC2014-03-14T04:44:03.256+0000: 858909.241: [ParNew
Desired survivor size 8716288 bytes, new threshold 4 (max 6)
- age   1:    2723992 bytes,    2723992 total
- age   2:    2363560 bytes,    5087552 total
- age   3:    2342552 bytes,    7430104 total
- age   4:    2420976 bytes,    9851080 total
: 153343K->14309K(153344K), 0.0262720 secs] 1018203K->881576K(1230656K), 0.0264340 secs] [Times: user=0.06 sys=0.00, real=0.03 secs] 
2014-03-14T04:48:19.156+0000: 859165.141: [GC2014-03-14T04:48:19.156+0000: 859165.141: [ParNew
Desired survivor size 8716288 bytes, new threshold 4 (max 6)
- age   1:    2586304 bytes,    2586304 total
- age   2:    2420720 bytes,    5007024 total
- age   3:    2362984 bytes,    7370008 total
- age   4:    2342136 bytes,    9712144 total
: 150629K->17024K(153344K), 0.0268500 secs] 1017896K->886776K(1230656K), 0.0270140 secs] [Times: user=0.06 sys=0.00, real=0.03 secs] 
2014-03-14T04:52:35.012+0000: 859420.996: [GC2014-03-14T04:52:35.012+0000: 859420.996: [ParNew
Desired survivor size 8716288 bytes, new threshold 4 (max 6)
- age   1:    2730200 bytes,    2730200 total
- age   2:    2336320 bytes,    5066520 total
- age   3:    2418616 bytes,    7485136 total
- age   4:    2362584 bytes,    9847720 total
: 153344K->14364K(153344K), 0.0251770 secs] 1023096K->886524K(1230656K), 0.0253310 secs] [Times: user=0.05 sys=0.00, real=0.03 secs] 
2014-03-14T04:56:50.865+0000: 859676.849: [GC2014-03-14T04:56:50.865+0000: 859676.850: [ParNew
Desired survivor size 8716288 bytes, new threshold 4 (max 6)
- age   1:    2629744 bytes,    2629744 total
- age   2:    2455344 bytes,    5085088 total
- age   3:    2335552 bytes,    7420640 total
- age   4:    2338984 bytes,    9759624 total
: 150684K->12853K(153344K), 0.0253940 secs] 1022844K->887442K(1230656K), 0.0255490 secs] [Times: user=0.05 sys=0.00, real=0.02 secs] 
2014-03-14T05:01:08.909+0000: 859934.894: [GC2014-03-14T05:01:08.909+0000: 859934.894: [ParNew
Desired survivor size 8716288 bytes, new threshold 4 (max 6)
- age   1:    2581360 bytes,    2581360 total
- age   2:    2388248 bytes,    4969608 total
- age   3:    2454368 bytes,    7423976 total
- age   4:    2335136 bytes,    9759112 total
: 149173K->13905K(153344K), 0.0260720 secs] 1023762K->890899K(1230656K), 0.0262440 secs] [Times: user=0.06 sys=0.00, real=0.03 secs] 
2014-03-14T05:05:23.909+0000: 860189.894: [GC2014-03-14T05:05:23.909+0000: 860189.894: [ParNew
Desired survivor size 8716288 bytes, new threshold 4 (max 6)
- age   1:    2688000 bytes,    2688000 total
- age   2:    2359720 bytes,    5047720 total
- age   3:    2342136 bytes,    7389856 total
- age   4:    2453080 bytes,    9842936 total
: 150225K->14242K(153344K), 0.0252970 secs] 1027219K->893638K(1230656K), 0.0254510 secs] [Times: user=0.05 sys=0.00, real=0.03 secs] 
2014-03-14T05:09:38.909+0000: 860444.894: [GC2014-03-14T05:09:38.909+0000: 860444.894: [ParNew
Desired survivor size 8716288 bytes, new threshold 4 (max 6)
- age   1:    2579504 bytes,    2579504 total
- age   2:    2450864 bytes,    5030368 total
- age   3:    2359040 bytes,    7389408 total
- age   4:    2341400 bytes,    9730808 total
: 150562K->14236K(153344K), 0.0253580 secs] 1029958K->896072K(1230656K), 0.0255100 secs] [Times: user=0.06 sys=0.00, real=0.03 secs] 
2014-03-14T05:13:54.218+0000: 860700.203: [GC2014-03-14T05:13:54.218+0000: 860700.203: [ParNew
Desired survivor size 8716288 bytes, new threshold 4 (max 6)
- age   1:    2685312 bytes,    2685312 total
- age   2:    2343272 bytes,    5028584 total
- age   3:    2448944 bytes,    7477528 total
- age   4:    2358576 bytes,    9836104 total
: 150556K->14296K(153344K), 0.0250370 secs] 1032392K->898540K(1230656K), 0.0252030 secs] [Times: user=0.05 sys=0.00, real=0.03 secs] 
2014-03-14T05:18:09.025+0000: 860955.010: [GC2014-03-14T05:18:09.025+0000: 860955.010: [ParNew
Desired survivor size 8716288 bytes, new threshold 4 (max 6)
- age   1:    2604144 bytes,    2604144 total
- age   2:    2422832 bytes,    5026976 total
- age   3:    2342448 bytes,    7369424 total
- age   4:    2369168 bytes,    9738592 total
: 150616K->14244K(153344K), 0.0253040 secs] 1034860K->900913K(1230656K), 0.0254680 secs] [Times: user=0.05 sys=0.00, real=0.02 secs] 
2014-03-14T05:22:24.909+0000: 861210.894: [GC2014-03-14T05:22:24.909+0000: 861210.894: [ParNew
Desired survivor size 8716288 bytes, new threshold 4 (max 6)
- age   1:    2549200 bytes,    2549200 total
- age   2:    2388424 bytes,    4937624 total
- age   3:    2421792 bytes,    7359416 total
- age   4:    2341808 bytes,    9701224 total
: 150564K->14227K(153344K), 0.0249860 secs] 1037233K->903332K(1230656K), 0.0251340 secs] [Times: user=0.06 sys=0.00, real=0.03 secs] 
2014-03-14T05:26:39.822+0000: 861465.807: [GC2014-03-14T05:26:39.822+0000: 861465.807: [ParNew
Desired survivor size 8716288 bytes, new threshold 4 (max 6)
- age   1:    2767432 bytes,    2767432 total
- age   2:    2342936 bytes,    5110368 total
- age   3:    2342392 bytes,    7452760 total
- age   4:    2420520 bytes,    9873280 total
: 150547K->14263K(153344K), 0.0261070 secs] 1039652K->905776K(1230656K), 0.0262540 secs] [Times: user=0.05 sys=0.00, real=0.02 secs] 
2014-03-14T05:30:54.909+0000: 861720.894: [GC2014-03-14T05:30:54.909+0000: 861720.894: [ParNew
Desired survivor size 8716288 bytes, new threshold 4 (max 6)
- age   1:    2587616 bytes,    2587616 total
- age   2:    2473568 bytes,    5061184 total
- age   3:    2342552 bytes,    7403736 total
- age   4:    2341432 bytes,    9745168 total
: 150583K->14274K(153344K), 0.0247640 secs] 1042096K->908194K(1230656K), 0.0249160 secs] [Times: user=0.05 sys=0.00, real=0.03 secs] 
2014-03-14T05:35:09.909+0000: 861975.894: [GC2014-03-14T05:35:09.909+0000: 861975.894: [ParNew
Desired survivor size 8716288 bytes, new threshold 4 (max 6)
- age   1:    2717032 bytes,    2717032 total
- age   2:    2387968 bytes,    5105000 total
- age   3:    2426168 bytes,    7531168 total
- age   4:    2342184 bytes,    9873352 total
: 150594K->14322K(153344K), 0.0256600 secs] 1044514K->910650K(1230656K), 0.0258280 secs] [Times: user=0.06 sys=0.00, real=0.03 secs] 
2014-03-14T05:39:25.095+0000: 862231.080: [GC2014-03-14T05:39:25.095+0000: 862231.080: [ParNew
Desired survivor size 8716288 bytes, new threshold 4 (max 6)
- age   1:    2561088 bytes,    2561088 total
- age   2:    2422880 bytes,    4983968 total
- age   3:    2387320 bytes,    7371288 total
- age   4:    2345960 bytes,    9717248 total
: 150642K->14290K(153344K), 0.0251200 secs] 1046970K->913027K(1230656K), 0.0252710 secs] [Times: user=0.05 sys=0.00, real=0.02 secs] 
2014-03-14T05:43:40.916+0000: 862486.901: [GC2014-03-14T05:43:40.916+0000: 862486.901: [ParNew
Desired survivor size 8716288 bytes, new threshold 4 (max 6)
- age   1:    2598792 bytes,    2598792 total
- age   2:    2341960 bytes,    4940752 total
- age   3:    2421848 bytes,    7362600 total
- age   4:    2341464 bytes,    9704064 total
: 150610K->14216K(153344K), 0.0248750 secs] 1049347K->915364K(1230656K), 0.0250370 secs] [Times: user=0.06 sys=0.00, real=0.02 secs] 
2014-03-14T05:47:55.536+0000: 862741.521: [GC2014-03-14T05:47:55.536+0000: 862741.521: [ParNew
Desired survivor size 8716288 bytes, new threshold 4 (max 6)
- age   1:    2701416 bytes,    2701416 total
- age   2:    2344280 bytes,    5045696 total
- age   3:    2341624 bytes,    7387320 total
- age   4:    2420592 bytes,    9807912 total
: 150536K->14262K(153344K), 0.0252930 secs] 1051684K->917817K(1230656K), 0.0254410 secs] [Times: user=0.06 sys=0.00, real=0.02 secs] 
2014-03-14T05:52:10.916+0000: 862996.901: [GC2014-03-14T05:52:10.916+0000: 862996.901: [ParNew
Desired survivor size 8716288 bytes, new threshold 4 (max 6)
- age   1:    2587472 bytes,    2587472 total
- age   2:    2466816 bytes,    5054288 total
- age   3:    2343400 bytes,    7397688 total
- age   4:    2341304 bytes,    9738992 total
: 150582K->14203K(153344K), 0.0258940 secs] 1054137K->920166K(1230656K), 0.0260800 secs] [Times: user=0.06 sys=0.00, real=0.03 secs] 
2014-03-14T05:56:25.916+0000: 863251.901: [GC2014-03-14T05:56:25.916+0000: 863251.901: [ParNew
Desired survivor size 8716288 bytes, new threshold 4 (max 6)
- age   1:    2661544 bytes,    2661544 total
- age   2:    2348840 bytes,    5010384 total
- age   3:    2419976 bytes,    7430360 total
- age   4:    2343096 bytes,    9773456 total
: 150523K->14297K(153344K), 0.0252850 secs] 1056486K->922667K(1230656K), 0.0254520 secs] [Times: user=0.06 sys=0.00, real=0.02 secs] 
2014-03-14T06:00:41.205+0000: 863507.189: [GC2014-03-14T06:00:41.205+0000: 863507.189: [ParNew
Desired survivor size 8716288 bytes, new threshold 4 (max 6)
- age   1:    2600264 bytes,    2600264 total
- age   2:    2416256 bytes,    5016520 total
- age   3:    2348312 bytes,    7364832 total
- age   4:    2339800 bytes,    9704632 total
: 150617K->14173K(153344K), 0.0249990 secs] 1058987K->924952K(1230656K), 0.0251490 secs] [Times: user=0.05 sys=0.00, real=0.02 secs] 
2014-03-14T06:04:56.430+0000: 863762.415: [GC2014-03-14T06:04:56.430+0000: 863762.415: [ParNew
Desired survivor size 8716288 bytes, new threshold 4 (max 6)
- age   1:    2625656 bytes,    2625656 total
- age   2:    2388832 bytes,    5014488 total
- age   3:    2414616 bytes,    7429104 total
- age   4:    2347704 bytes,    9776808 total
: 150493K->14214K(153344K), 0.0250470 secs] 1061272K->927399K(1230656K), 0.0251810 secs] [Times: user=0.04 sys=0.00, real=0.03 secs] 
2014-03-14T06:09:11.916+0000: 864017.901: [GC2014-03-14T06:09:11.917+0000: 864017.901: [ParNew
Desired survivor size 8716288 bytes, new threshold 4 (max 6)
- age   1:    2619072 bytes,    2619072 total
- age   2:    2389096 bytes,    5008168 total
- age   3:    2388400 bytes,    7396568 total
- age   4:    2374072 bytes,    9770640 total
: 150534K->14246K(153344K), 0.0259430 secs] 1063719K->929845K(1230656K), 0.0261220 secs] [Times: user=0.06 sys=0.00, real=0.03 secs] 
2014-03-14T06:13:27.205+0000: 864273.189: [GC2014-03-14T06:13:27.205+0000: 864273.189: [ParNew
Desired survivor size 8716288 bytes, new threshold 4 (max 6)
- age   1:    2632584 bytes,    2632584 total
- age   2:    2382512 bytes,    5015096 total
- age   3:    2388568 bytes,    7403664 total
- age   4:    2341704 bytes,    9745368 total
: 150566K->14213K(153344K), 0.0276240 secs] 1066165K->932213K(1230656K), 0.0277940 secs] [Times: user=0.06 sys=0.00, real=0.02 secs] 
2014-03-14T06:17:42.179+0000: 864528.164: [GC2014-03-14T06:17:42.179+0000: 864528.164: [ParNew
Desired survivor size 8716288 bytes, new threshold 4 (max 6)
- age   1:    2720520 bytes,    2720520 total
- age   2:    2343024 bytes,    5063544 total
- age   3:    2381216 bytes,    7444760 total
- age   4:    2387920 bytes,    9832680 total
: 150533K->14305K(153344K), 0.0283600 secs] 1068533K->934713K(1230656K), 0.0285270 secs] [Times: user=0.05 sys=0.00, real=0.03 secs] 
2014-03-14T06:21:57.390+0000: 864783.375: [GC2014-03-14T06:21:57.390+0000: 864783.375: [ParNew
Desired survivor size 8716288 bytes, new threshold 4 (max 6)
- age   1:    2576416 bytes,    2576416 total
- age   2:    2474096 bytes,    5050512 total
- age   3:    2341960 bytes,    7392472 total
- age   4:    2341016 bytes,    9733488 total
: 150625K->14243K(153344K), 0.0261620 secs] 1071033K->937065K(1230656K), 0.0263100 secs] [Times: user=0.05 sys=0.00, real=0.03 secs] 
2014-03-14T06:26:13.110+0000: 865039.095: [GC2014-03-14T06:26:13.111+0000: 865039.095: [ParNew
Desired survivor size 8716288 bytes, new threshold 4 (max 6)
- age   1:    2703840 bytes,    2703840 total
- age   2:    2348296 bytes,    5052136 total
- age   3:    2426728 bytes,    7478864 total
- age   4:    2341448 bytes,    9820312 total
: 150563K->14298K(153344K), 0.0260010 secs] 1073385K->939527K(1230656K), 0.0261690 secs] [Times: user=0.06 sys=0.00, real=0.03 secs] 
2014-03-14T06:30:27.708+0000: 865293.693: [GC2014-03-14T06:30:27.708+0000: 865293.693: [ParNew
Desired survivor size 8716288 bytes, new threshold 4 (max 6)
- age   1:    2655304 bytes,    2655304 total
- age   2:    2383648 bytes,    5038952 total
- age   3:    2347656 bytes,    7386608 total
- age   4:    2346792 bytes,    9733400 total
: 150618K->14226K(153344K), 0.0255140 secs] 1075847K->941863K(1230656K), 0.0256640 secs] [Times: user=0.05 sys=0.00, real=0.02 secs] 
2014-03-14T06:34:43.171+0000: 865549.156: [GC2014-03-14T06:34:43.171+0000: 865549.156: [ParNew
Desired survivor size 8716288 bytes, new threshold 4 (max 6)
- age   1:    2670928 bytes,    2670928 total
- age   2:    2406656 bytes,    5077584 total
- age   3:    2382360 bytes,    7459944 total
- age   4:    2347208 bytes,    9807152 total
: 150546K->14220K(153344K), 0.0248240 secs] 1078183K->944270K(1230656K), 0.0249800 secs] [Times: user=0.05 sys=0.00, real=0.03 secs] 
2014-03-14T06:38:57.509+0000: 865803.494: [GC2014-03-14T06:38:57.509+0000: 865803.494: [ParNew
Desired survivor size 8716288 bytes, new threshold 4 (max 6)
- age   1:    2679456 bytes,    2679456 total
- age   2:    2333432 bytes,    5012888 total
- age   3:    2405232 bytes,    7418120 total
- age   4:    2381568 bytes,    9799688 total
: 150540K->14376K(153344K), 0.0251970 secs] 1080590K->946839K(1230656K), 0.0253350 secs] [Times: user=0.05 sys=0.00, real=0.03 secs] 
2014-03-14T06:42:53.868+0000: 866039.853: [GC2014-03-14T06:42:53.868+0000: 866039.853: [ParNew
Desired survivor size 8716288 bytes, new threshold 4 (max 6)
- age   1:    2836808 bytes,    2836808 total
- age   2:    2448584 bytes,    5285392 total
- age   3:    2332016 bytes,    7617408 total
- age   4:    2365480 bytes,    9982888 total
: 150696K->17024K(153344K), 0.0259300 secs] 1083159K->952048K(1230656K), 0.0260970 secs] [Times: user=0.05 sys=0.00, real=0.03 secs] 
2014-03-14T06:47:02.234+0000: 866288.219: [GC2014-03-14T06:47:02.234+0000: 866288.219: [ParNew
Desired survivor size 8716288 bytes, new threshold 4 (max 6)
- age   1:    2560240 bytes,    2560240 total
- age   2:    2654096 bytes,    5214336 total
- age   3:    2447904 bytes,    7662240 total
- age   4:    2331472 bytes,    9993712 total
: 153344K->12132K(153344K), 0.0256540 secs] 1088368K->949588K(1230656K), 0.0258100 secs] [Times: user=0.04 sys=0.00, real=0.03 secs] 
2014-03-14T06:51:10.361+0000: 866536.346: [GC2014-03-14T06:51:10.361+0000: 866536.346: [ParNew
Desired survivor size 8716288 bytes, new threshold 4 (max 6)
- age   1:    2473128 bytes,    2473128 total
- age   2:    2292504 bytes,    4765632 total
- age   3:    2287424 bytes,    7053056 total
- age   4:    2401688 bytes,    9454744 total
: 148452K->17024K(153344K), 0.0256890 secs] 1085908K->956993K(1230656K), 0.0258630 secs] [Times: user=0.05 sys=0.00, real=0.03 secs] 
2014-03-14T06:55:20.909+0000: 866786.894: [GC2014-03-14T06:55:20.909+0000: 866786.894: [ParNew
Desired survivor size 8716288 bytes, new threshold 4 (max 6)
- age   1:    2685192 bytes,    2685192 total
- age   2:    2306064 bytes,    4991256 total
- age   3:    2292160 bytes,    7283416 total
- age   4:    2284864 bytes,    9568280 total
: 153344K->11466K(153344K), 0.0264190 secs] 1093313K->953901K(1230656K), 0.0265750 secs] [Times: user=0.05 sys=0.00, real=0.03 secs] 
2014-03-14T06:59:33.213+0000: 867039.197: [GC2014-03-14T06:59:33.213+0000: 867039.197: [ParNew
Desired survivor size 8716288 bytes, new threshold 4 (max 6)
- age   1:    2637440 bytes,    2637440 total
- age   2:    2390384 bytes,    5027824 total
- age   3:    2305048 bytes,    7332872 total
- age   4:    2291904 bytes,    9624776 total
: 147786K->16678K(153344K), 0.0249980 secs] 1090221K->961381K(1230656K), 0.0251530 secs] [Times: user=0.06 sys=0.00, real=0.03 secs] 
2014-03-14T07:03:25.349+0000: 867271.333: [GC2014-03-14T07:03:25.349+0000: 867271.333: [ParNew
Desired survivor size 8716288 bytes, new threshold 4 (max 6)
- age   1:    2755896 bytes,    2755896 total
- age   2:    2374904 bytes,    5130800 total
- age   3:    2344160 bytes,    7474960 total
- age   4:    2302864 bytes,    9777824 total
: 152998K->11304K(153344K), 0.0251820 secs] 1097701K->958361K(1230656K), 0.0253510 secs] [Times: user=0.05 sys=0.00, real=0.03 secs] 
2014-03-14T07:07:30.909+0000: 867516.894: [GC2014-03-14T07:07:30.909+0000: 867516.894: [ParNew
Desired survivor size 8716288 bytes, new threshold 4 (max 6)
- age   1:    2644560 bytes,    2644560 total
- age   2:    2251816 bytes,    4896376 total
- age   3:    2374120 bytes,    7270496 total
- age   4:    2343424 bytes,    9613920 total
: 147624K->16969K(153344K), 0.0262250 secs] 1094681K->966393K(1230656K), 0.0263790 secs] [Times: user=0.05 sys=0.00, real=0.03 secs] 
2014-03-14T07:11:34.909+0000: 867760.894: [GC2014-03-14T07:11:34.909+0000: 867760.894: [ParNew
Desired survivor size 8716288 bytes, new threshold 4 (max 6)
- age   1:    2610216 bytes,    2610216 total
- age   2:    2269128 bytes,    4879344 total
- age   3:    2250488 bytes,    7129832 total
- age   4:    2373592 bytes,    9503424 total
: 153289K->11270K(153344K), 0.0251020 secs] 1102713K->963102K(1230656K), 0.0252610 secs] [Times: user=0.04 sys=0.00, real=0.03 secs] 
2014-03-14T07:15:45.455+0000: 868011.439: [GC2014-03-14T07:15:45.455+0000: 868011.439: [ParNew
Desired survivor size 8716288 bytes, new threshold 4 (max 6)
- age   1:    2646072 bytes,    2646072 total
- age   2:    2268392 bytes,    4914464 total
- age   3:    2258376 bytes,    7172840 total
- age   4:    2247576 bytes,    9420416 total
: 147590K->16734K(153344K), 0.0249770 secs] 1099422K->971005K(1230656K), 0.0251190 secs] [Times: user=0.05 sys=0.00, real=0.02 secs] 
2014-03-14T07:19:54.927+0000: 868260.912: [GC2014-03-14T07:19:54.927+0000: 868260.912: [ParNew
Desired survivor size 8716288 bytes, new threshold 4 (max 6)
- age   1:    2599376 bytes,    2599376 total
- age   2:    2340768 bytes,    4940144 total
- age   3:    2264368 bytes,    7204512 total
- age   4:    2257208 bytes,    9461720 total
: 153054K->10989K(153344K), 0.0243490 secs] 1107325K->967448K(1230656K), 0.0244930 secs] [Times: user=0.05 sys=0.00, real=0.02 secs] 
2014-03-14T07:24:01.916+0000: 868507.901: [GC2014-03-14T07:24:01.916+0000: 868507.901: [ParNew
Desired survivor size 8716288 bytes, new threshold 4 (max 6)
- age   1:    2621800 bytes,    2621800 total
- age   2:    2299512 bytes,    4921312 total
- age   3:    2339248 bytes,    7260560 total
- age   4:    2263576 bytes,    9524136 total
: 147309K->16554K(153344K), 0.0250530 secs] 1103768K->975334K(1230656K), 0.0252110 secs] [Times: user=0.06 sys=0.00, real=0.02 secs] 
2014-03-14T07:28:14.909+0000: 868760.894: [GC2014-03-14T07:28:14.909+0000: 868760.894: [ParNew
Desired survivor size 8716288 bytes, new threshold 4 (max 6)
- age   1:    2650696 bytes,    2650696 total
- age   2:    2339424 bytes,    4990120 total
- age   3:    2298584 bytes,    7288704 total
- age   4:    2299384 bytes,    9588088 total
: 152874K->11059K(153344K), 0.0246620 secs] 1111654K->972165K(1230656K), 0.0248080 secs] [Times: user=0.05 sys=0.00, real=0.02 secs] 
2014-03-14T07:32:21.345+0000: 869007.330: [GC2014-03-14T07:32:21.345+0000: 869007.330: [ParNew
Desired survivor size 8716288 bytes, new threshold 4 (max 6)
- age   1:    2647608 bytes,    2647608 total
- age   2:    2314896 bytes,    4962504 total
- age   3:    2336808 bytes,    7299312 total
- age   4:    2297472 bytes,    9596784 total
: 147379K->16751K(153344K), 0.0247560 secs] 1108485K->980221K(1230656K), 0.0249020 secs] [Times: user=0.06 sys=0.00, real=0.02 secs] 
2014-03-14T07:36:24.254+0000: 869250.239: [GC2014-03-14T07:36:24.254+0000: 869250.239: [ParNew
Desired survivor size 8716288 bytes, new threshold 4 (max 6)
- age   1:    2681648 bytes,    2681648 total
- age   2:    2298376 bytes,    4980024 total
- age   3:    2313800 bytes,    7293824 total
- age   4:    2336192 bytes,    9630016 total
: 153071K->11245K(153344K), 0.0249420 secs] 1116541K->977077K(1230656K), 0.0250970 secs] [Times: user=0.05 sys=0.00, real=0.02 secs] 
2014-03-14T07:40:30.916+0000: 869496.901: [GC2014-03-14T07:40:30.916+0000: 869496.901: [ParNew
Desired survivor size 8716288 bytes, new threshold 4 (max 6)
- age   1:    2573336 bytes,    2573336 total
- age   2:    2307128 bytes,    4880464 total
- age   3:    2286432 bytes,    7166896 total
- age   4:    2313304 bytes,    9480200 total
: 147565K->16795K(153344K), 0.0254570 secs] 1113397K->985026K(1230656K), 0.0256180 secs] [Times: user=0.05 sys=0.00, real=0.02 secs] 
2014-03-14T07:44:42.119+0000: 869748.104: [GC2014-03-14T07:44:42.120+0000: 869748.104: [ParNew
Desired survivor size 8716288 bytes, new threshold 4 (max 6)
- age   1:    2626760 bytes,    2626760 total
- age   2:    2271896 bytes,    4898656 total
- age   3:    2260376 bytes,    7159032 total
- age   4:    2285720 bytes,    9444752 total
: 153109K->11116K(153344K), 0.0268930 secs] 1121340K->981726K(1230656K), 0.0270620 secs] [Times: user=0.05 sys=0.00, real=0.03 secs] 
2014-03-14T07:48:50.197+0000: 869996.181: [GC2014-03-14T07:48:50.197+0000: 869996.182: [ParNew
Desired survivor size 8716288 bytes, new threshold 4 (max 6)
- age   1:    2589824 bytes,    2589824 total
- age   2:    2340656 bytes,    4930480 total
- age   3:    2255672 bytes,    7186152 total
- age   4:    2259136 bytes,    9445288 total
: 147436K->16562K(153344K), 0.0251400 secs] 1118046K->989521K(1230656K), 0.0252890 secs] [Times: user=0.05 sys=0.00, real=0.03 secs] 
2014-03-14T07:52:40.812+0000: 870226.797: [GC2014-03-14T07:52:40.812+0000: 870226.797: [ParNew
Desired survivor size 8716288 bytes, new threshold 4 (max 6)
- age   1:    2659256 bytes,    2659256 total
- age   2:    2299360 bytes,    4958616 total
- age   3:    2339832 bytes,    7298448 total
- age   4:    2254608 bytes,    9553056 total
: 152882K->11123K(153344K), 0.0254850 secs] 1125841K->986404K(1230656K), 0.0256530 secs] [Times: user=0.06 sys=0.00, real=0.03 secs] 
2014-03-14T07:56:49.909+0000: 870475.894: [GC2014-03-14T07:56:49.909+0000: 870475.894: [ParNew
Desired survivor size 8716288 bytes, new threshold 4 (max 6)
- age   1:    2617824 bytes,    2617824 total
- age   2:    2125256 bytes,    4743080 total
- age   3:    2298472 bytes,    7041552 total
- age   4:    2339104 bytes,    9380656 total
: 147443K->16565K(153344K), 0.0251090 secs] 1122724K->994164K(1230656K), 0.0252630 secs] [Times: user=0.05 sys=0.00, real=0.03 secs] 
2014-03-14T08:00:45.916+0000: 870711.901: [GC2014-03-14T08:00:45.916+0000: 870711.901: [ParNew
Desired survivor size 8716288 bytes, new threshold 4 (max 6)
- age   1:    2691264 bytes,    2691264 total
- age   2:    2340992 bytes,    5032256 total
- age   3:    2119704 bytes,    7151960 total
- age   4:    2297576 bytes,    9449536 total
: 152885K->11080K(153344K), 0.0251840 secs] 1130484K->991082K(1230656K), 0.0253450 secs] [Times: user=0.05 sys=0.00, real=0.02 secs] 
2014-03-14T08:04:42.128+0000: 870948.113: [GC2014-03-14T08:04:42.128+0000: 870948.113: [ParNew
Desired survivor size 8716288 bytes, new threshold 4 (max 6)
- age   1:    2590432 bytes,    2590432 total
- age   2:    2179728 bytes,    4770160 total
- age   3:    2339488 bytes,    7109648 total
- age   4:    2118136 bytes,    9227784 total
: 147400K->16504K(153344K), 0.0260440 secs] 1127402K->998868K(1230656K), 0.0261990 secs] [Times: user=0.05 sys=0.00, real=0.03 secs] 
2014-03-14T08:08:50.400+0000: 871196.385: [GC2014-03-14T08:08:50.400+0000: 871196.385: [ParNew
Desired survivor size 8716288 bytes, new threshold 4 (max 6)
- age   1:    2626536 bytes,    2626536 total
- age   2:    2206992 bytes,    4833528 total
- age   3:    2168456 bytes,    7001984 total
- age   4:    2299432 bytes,    9301416 total
: 152824K->10799K(153344K), 0.0247030 secs] 1135188K->995340K(1230656K), 0.0248680 secs] [Times: user=0.05 sys=0.00, real=0.03 secs] 
2014-03-14T08:12:44.864+0000: 871430.849: [GC2014-03-14T08:12:44.864+0000: 871430.849: [ParNew
Desired survivor size 8716288 bytes, new threshold 4 (max 6)
- age   1:    2672200 bytes,    2672200 total
- age   2:    2308640 bytes,    4980840 total
- age   3:    2204360 bytes,    7185200 total
- age   4:    2167128 bytes,    9352328 total
: 147119K->12263K(153344K), 0.0253560 secs] 1131660K->999169K(1230656K), 0.0255250 secs] [Times: user=0.06 sys=0.00, real=0.02 secs] 
2014-03-14T08:16:36.642+0000: 871662.627: [GC2014-03-14T08:16:36.642+0000: 871662.627: [ParNew
Desired survivor size 8716288 bytes, new threshold 4 (max 6)
- age   1:    2580016 bytes,    2580016 total
- age   2:    2166272 bytes,    4746288 total
- age   3:    2297320 bytes,    7043608 total
- age   4:    2202952 bytes,    9246560 total
: 148583K->13293K(153344K), 0.0261650 secs] 1135489K->1002427K(1230656K), 0.0263180 secs] [Times: user=0.04 sys=0.00, real=0.02 secs] 
2014-03-14T08:20:34.295+0000: 871900.280: [GC2014-03-14T08:20:34.295+0000: 871900.280: [ParNew
Desired survivor size 8716288 bytes, new threshold 4 (max 6)
- age   1:    2558432 bytes,    2558432 total
- age   2:    2200960 bytes,    4759392 total
- age   3:    2164496 bytes,    6923888 total
- age   4:    2296712 bytes,    9220600 total
: 149612K->13392K(153344K), 0.0247130 secs] 1138746K->1004789K(1230656K), 0.0248730 secs] [Times: user=0.05 sys=0.00, real=0.02 secs] 
2014-03-14T08:20:34.322+0000: 871900.306: [GC [1 CMS-initial-mark: 991397K(1077312K)] 1005182K(1230656K), 0.0068030 secs] [Times: user=0.01 sys=0.00, real=0.01 secs] 
2014-03-14T08:20:34.329+0000: 871900.313: [CMS-concurrent-mark-start]
2014-03-14T08:20:34.524+0000: 871900.508: [CMS-concurrent-mark: 0.195/0.195 secs] [Times: user=0.22 sys=0.00, real=0.20 secs] 
2014-03-14T08:20:34.524+0000: 871900.508: [CMS-concurrent-preclean-start]
2014-03-14T08:20:34.526+0000: 871900.511: [CMS-concurrent-preclean: 0.002/0.002 secs] [Times: user=0.00 sys=0.00, real=0.00 secs] 
2014-03-14T08:20:34.526+0000: 871900.511: [GC[YG occupancy: 14655 K (153344 K)]2014-03-14T08:20:34.526+0000: 871900.511: [Rescan (parallel) , 0.0078960 secs]2014-03-14T08:20:34.534+0000: 871900.519: [weak refs processing, 0.0038680 secs]2014-03-14T08:20:34.538+0000: 871900.523: [class unloading, 0.0110700 secs]2014-03-14T08:20:34.549+0000: 871900.534: [scrub symbol table, 0.0089570 secs]2014-03-14T08:20:34.558+0000: 871900.543: [scrub string table, 0.0009610 secs] [1 CMS-remark: 991397K(1077312K)] 1006053K(1230656K), 0.0356210 secs] [Times: user=0.05 sys=0.00, real=0.04 secs] 
2014-03-14T08:20:34.563+0000: 871900.548: [CMS-concurrent-sweep-start]
2014-03-14T08:20:35.250+0000: 871901.234: [CMS-concurrent-sweep: 0.687/0.687 secs] [Times: user=0.76 sys=0.00, real=0.68 secs] 
2014-03-14T08:20:35.250+0000: 871901.235: [CMS-concurrent-reset-start]
2014-03-14T08:20:35.256+0000: 871901.241: [CMS-concurrent-reset: 0.006/0.006 secs] [Times: user=0.00 sys=0.00, real=0.01 secs] 
2014-03-14T08:24:32.247+0000: 872138.232: [GC2014-03-14T08:24:32.247+0000: 872138.232: [ParNew
Desired survivor size 8716288 bytes, new threshold 4 (max 6)
- age   1:    2575528 bytes,    2575528 total
- age   2:    2191048 bytes,    4766576 total
- age   3:    2199960 bytes,    6966536 total
- age   4:    2118424 bytes,    9084960 total
: 149712K->13405K(153344K), 0.0248240 secs] 268179K->134234K(1230656K), 0.0249940 secs] [Times: user=0.05 sys=0.00, real=0.02 secs] 
2014-03-14T08:28:32.425+0000: 872378.410: [GC2014-03-14T08:28:32.425+0000: 872378.410: [ParNew
Desired survivor size 8716288 bytes, new threshold 4 (max 6)
- age   1:    2606072 bytes,    2606072 total
- age   2:    2261704 bytes,    4867776 total
- age   3:    2179232 bytes,    7047008 total
- age   4:    2198616 bytes,    9245624 total
: 149725K->13316K(153344K), 0.0237640 secs] 270554K->136323K(1230656K), 0.0239250 secs] [Times: user=0.05 sys=0.00, real=0.02 secs] 
2014-03-14T08:32:00.508+0000: 872586.493: [GC2014-03-14T08:32:00.508+0000: 872586.493: [ParNew
Desired survivor size 8716288 bytes, new threshold 4 (max 6)
- age   1:    2553736 bytes,    2553736 total
- age   2:    2268888 bytes,    4822624 total
- age   3:    2214880 bytes,    7037504 total
- age   4:    2177800 bytes,    9215304 total
: 149636K->9033K(153344K), 0.0241590 secs] 272643K->134259K(1230656K), 0.0243290 secs] [Times: user=0.06 sys=0.00, real=0.02 secs] 
2014-03-14T08:36:09.629+0000: 872835.614: [GC2014-03-14T08:36:09.629+0000: 872835.614: [ParNew
Desired survivor size 8716288 bytes, new threshold 4 (max 6)
- age   1:    2460104 bytes,    2460104 total
- age   2:    2128440 bytes,    4588544 total
- age   3:    2258688 bytes,    6847232 total
- age   4:    2214048 bytes,    9061280 total
: 145353K->17024K(153344K), 0.0247220 secs] 270579K->144594K(1230656K), 0.0248900 secs] [Times: user=0.06 sys=0.00, real=0.03 secs] 
2014-03-14T08:40:05.352+0000: 873071.337: [GC2014-03-14T08:40:05.352+0000: 873071.337: [ParNew
Desired survivor size 8716288 bytes, new threshold 4 (max 6)
- age   1:    2557792 bytes,    2557792 total
- age   2:    2299792 bytes,    4857584 total
- age   3:    2113008 bytes,    6970592 total
- age   4:    2257488 bytes,    9228080 total
: 153344K->11195K(153344K), 0.0240930 secs] 280914K->141040K(1230656K), 0.0242640 secs] [Times: user=0.05 sys=0.00, real=0.03 secs] 
2014-03-14T08:43:51.138+0000: 873297.122: [GC2014-03-14T08:43:51.138+0000: 873297.123: [ParNew
Desired survivor size 8716288 bytes, new threshold 4 (max 6)
- age   1:    2663048 bytes,    2663048 total
- age   2:    2163808 bytes,    4826856 total
- age   3:    2299016 bytes,    7125872 total
- age   4:    2102936 bytes,    9228808 total
: 147515K->16313K(153344K), 0.0239670 secs] 277360K->148478K(1230656K), 0.0241310 secs] [Times: user=0.05 sys=0.00, real=0.02 secs] 
2014-03-14T08:47:44.967+0000: 873530.952: [GC2014-03-14T08:47:44.967+0000: 873530.952: [ParNew
Desired survivor size 8716288 bytes, new threshold 4 (max 6)
- age   1:    2598360 bytes,    2598360 total
- age   2:    2240512 bytes,    4838872 total
- age   3:    2162384 bytes,    7001256 total
- age   4:    2298544 bytes,    9299800 total
: 152633K->10737K(153344K), 0.0237220 secs] 284798K->144942K(1230656K), 0.0238810 secs] [Times: user=0.06 sys=0.00, real=0.02 secs] 
2014-03-14T08:51:40.909+0000: 873766.894: [GC2014-03-14T08:51:40.909+0000: 873766.894: [ParNew
Desired survivor size 8716288 bytes, new threshold 4 (max 6)
- age   1:    2594760 bytes,    2594760 total
- age   2:    2173288 bytes,    4768048 total
- age   3:    2238152 bytes,    7006200 total
- age   4:    2161688 bytes,    9167888 total
: 147057K->16142K(153344K), 0.0237620 secs] 281262K->152710K(1230656K), 0.0239170 secs] [Times: user=0.05 sys=0.00, real=0.02 secs] 
2014-03-14T08:55:25.457+0000: 873991.442: [GC2014-03-14T08:55:25.457+0000: 873991.442: [ParNew
Desired survivor size 8716288 bytes, new threshold 4 (max 6)
- age   1:    3110072 bytes,    3110072 total
- age   2:    2215264 bytes,    5325336 total
- age   3:    2162064 bytes,    7487400 total
- age   4:    2232704 bytes,    9720104 total
: 152462K->13615K(153344K), 0.0249290 secs] 289030K->152405K(1230656K), 0.0250900 secs] [Times: user=0.05 sys=0.00, real=0.02 secs] 
2014-03-14T08:59:21.219+0000: 874227.203: [GC2014-03-14T08:59:21.219+0000: 874227.204: [ParNew
Desired survivor size 8716288 bytes, new threshold 4 (max 6)
- age   1:    2521440 bytes,    2521440 total
- age   2:    2534032 bytes,    5055472 total
- age   3:    2168344 bytes,    7223816 total
- age   4:    2161352 bytes,    9385168 total
: 149935K->16466K(153344K), 0.0248980 secs] 288725K->157388K(1230656K), 0.0250730 secs] [Times: user=0.05 sys=0.00, real=0.03 secs] 
2014-03-14T09:03:08.398+0000: 874454.383: [GC2014-03-14T09:03:08.398+0000: 874454.383: [ParNew
Desired survivor size 8716288 bytes, new threshold 4 (max 6)
- age   1:    2448824 bytes,    2448824 total
- age   2:    2213240 bytes,    4662064 total
- age   3:    2521856 bytes,    7183920 total
- age   4:    2167384 bytes,    9351304 total
: 152786K->11038K(153344K), 0.0241040 secs] 293708K->154181K(1230656K), 0.0242790 secs] [Times: user=0.05 sys=0.00, real=0.03 secs] 
2014-03-14T09:06:54.937+0000: 874680.922: [GC2014-03-14T09:06:54.937+0000: 874680.922: [ParNew
Desired survivor size 8716288 bytes, new threshold 4 (max 6)
- age   1:    2529168 bytes,    2529168 total
- age   2:    2105808 bytes,    4634976 total
- age   3:    2166392 bytes,    6801368 total
- age   4:    2503504 bytes,    9304872 total
: 147358K->12641K(153344K), 0.0236370 secs] 290501K->158013K(1230656K), 0.0237880 secs] [Times: user=0.05 sys=0.00, real=0.02 secs] 
2014-03-14T09:10:17.447+0000: 874883.432: [GC2014-03-14T09:10:17.447+0000: 874883.432: [ParNew
Desired survivor size 8716288 bytes, new threshold 4 (max 6)
- age   1:    2905888 bytes,    2905888 total
- age   2:    2122056 bytes,    5027944 total
- age   3:    2104800 bytes,    7132744 total
- age   4:    2165448 bytes,    9298192 total
: 148961K->12896K(153344K), 0.0247430 secs] 294333K->160471K(1230656K), 0.0249040 secs] [Times: user=0.04 sys=0.01, real=0.02 secs] 
2014-03-14T09:13:42.177+0000: 875088.162: [GC2014-03-14T09:13:42.177+0000: 875088.162: [ParNew
Desired survivor size 8716288 bytes, new threshold 4 (max 6)
- age   1:    2558536 bytes,    2558536 total
- age   2:    2325832 bytes,    4884368 total
- age   3:    2120584 bytes,    7004952 total
- age   4:    2103824 bytes,    9108776 total
: 149216K->13341K(153344K), 0.0235080 secs] 296791K->163141K(1230656K), 0.0236590 secs] [Times: user=0.05 sys=0.00, real=0.02 secs] 
2014-03-14T09:17:18.675+0000: 875304.659: [GC2014-03-14T09:17:18.675+0000: 875304.659: [ParNew
Desired survivor size 8716288 bytes, new threshold 4 (max 6)
- age   1:    2448512 bytes,    2448512 total
- age   2:    1955536 bytes,    4404048 total
- age   3:    2229736 bytes,    6633784 total
- age   4:    2119984 bytes,    8753768 total
: 149661K->13160K(153344K), 0.0231140 secs] 299461K->165123K(1230656K), 0.0232730 secs] [Times: user=0.04 sys=0.00, real=0.02 secs] 
2014-03-14T09:21:04.090+0000: 875530.074: [GC2014-03-14T09:21:04.090+0000: 875530.075: [ParNew
Desired survivor size 8716288 bytes, new threshold 6 (max 6)
- age   1:    2506176 bytes,    2506176 total
- age   2:    2042632 bytes,    4548808 total
- age   3:    1886112 bytes,    6434920 total
- age   4:    2219496 bytes,    8654416 total
: 149480K->8857K(153344K), 0.0243880 secs] 301443K->162998K(1230656K), 0.0245630 secs] [Times: user=0.05 sys=0.00, real=0.03 secs] 
2014-03-14T09:24:25.422+0000: 875731.406: [GC2014-03-14T09:24:25.422+0000: 875731.406: [ParNew
Desired survivor size 8716288 bytes, new threshold 5 (max 6)
- age   1:    2581576 bytes,    2581576 total
- age   2:    2076904 bytes,    4658480 total
- age   3:    2040344 bytes,    6698824 total
- age   4:    1884176 bytes,    8583000 total
- age   5:    1980464 bytes,   10563464 total
: 145177K->16524K(153344K), 0.0201350 secs] 299318K->170665K(1230656K), 0.0202930 secs] [Times: user=0.04 sys=0.00, real=0.02 secs] 
2014-03-14T09:28:00.400+0000: 875946.385: [GC2014-03-14T09:28:00.400+0000: 875946.385: [ParNew
Desired survivor size 8716288 bytes, new threshold 5 (max 6)
- age   1:    2262496 bytes,    2262496 total
- age   2:    1944856 bytes,    4207352 total
- age   3:    2074552 bytes,    6281904 total
- age   4:    1993688 bytes,    8275592 total
- age   5:    1883696 bytes,   10159288 total
: 152844K->17024K(153344K), 0.0249630 secs] 306985K->173433K(1230656K), 0.0251250 secs] [Times: user=0.05 sys=0.00, real=0.03 secs] 
2014-03-14T09:31:19.889+0000: 876145.874: [GC2014-03-14T09:31:19.889+0000: 876145.874: [ParNew
Desired survivor size 8716288 bytes, new threshold 5 (max 6)
- age   1:    2775208 bytes,    2775208 total
- age   2:    1987904 bytes,    4763112 total
- age   3:    1873568 bytes,    6636680 total
- age   4:    2070136 bytes,    8706816 total
- age   5:    1991944 bytes,   10698760 total
: 153344K->12547K(153344K), 0.0250340 secs] 309753K->170893K(1230656K), 0.0252010 secs] [Times: user=0.06 sys=0.00, real=0.03 secs] 
2014-03-14T09:35:00.557+0000: 876366.542: [GC2014-03-14T09:35:00.557+0000: 876366.542: [ParNew
Desired survivor size 8716288 bytes, new threshold 5 (max 6)
- age   1:    2353344 bytes,    2353344 total
- age   2:    2160904 bytes,    4514248 total
- age   3:    1987208 bytes,    6501456 total
- age   4:    1873200 bytes,    8374656 total
- age   5:    2069784 bytes,   10444440 total
: 148867K->17024K(153344K), 0.0255250 secs] 307213K->177655K(1230656K), 0.0256990 secs] [Times: user=0.06 sys=0.00, real=0.03 secs] 
2014-03-14T09:38:40.655+0000: 876586.639: [GC2014-03-14T09:38:40.655+0000: 876586.639: [ParNew
Desired survivor size 8716288 bytes, new threshold 4 (max 6)
- age   1:    2493368 bytes,    2493368 total
- age   2:    2131856 bytes,    4625224 total
- age   3:    2158664 bytes,    6783888 total
- age   4:    1986160 bytes,    8770048 total
- age   5:    1872552 bytes,   10642600 total
: 153344K->12435K(153344K), 0.0252140 secs] 313975K->175195K(1230656K), 0.0253950 secs] [Times: user=0.06 sys=0.00, real=0.02 secs] 
2014-03-14T09:42:07.763+0000: 876793.748: [GC2014-03-14T09:42:07.763+0000: 876793.748: [ParNew
Desired survivor size 8716288 bytes, new threshold 4 (max 6)
- age   1:    2613608 bytes,    2613608 total
- age   2:    2038480 bytes,    4652088 total
- age   3:    2044032 bytes,    6696120 total
- age   4:    2157416 bytes,    8853536 total
: 148755K->9487K(153344K), 0.0283260 secs] 311515K->176212K(1230656K), 0.0285090 secs] [Times: user=0.06 sys=0.00, real=0.02 secs] 
2014-03-14T09:45:50.675+0000: 877016.660: [GC2014-03-14T09:45:50.675+0000: 877016.660: [ParNew
Desired survivor size 8716288 bytes, new threshold 6 (max 6)
- age   1:    2487432 bytes,    2487432 total
- age   2:    1974640 bytes,    4462072 total
- age   3:    2028992 bytes,    6491064 total
- age   4:    2035064 bytes,    8526128 total
: 145807K->12979K(153344K), 0.0226200 secs] 312532K->181870K(1230656K), 0.0227840 secs] [Times: user=0.05 sys=0.00, real=0.02 secs] 
2014-03-14T09:49:25.948+0000: 877231.933: [GC2014-03-14T09:49:25.948+0000: 877231.933: [ParNew
Desired survivor size 8716288 bytes, new threshold 4 (max 6)
- age   1:    2868640 bytes,    2868640 total
- age   2:    2102528 bytes,    4971168 total
- age   3:    1911200 bytes,    6882368 total
- age   4:    2028536 bytes,    8910904 total
- age   5:    2034680 bytes,   10945584 total
: 149299K->16646K(153344K), 0.0206640 secs] 318190K->185537K(1230656K), 0.0208210 secs] [Times: user=0.04 sys=0.00, real=0.02 secs] 
2014-03-14T09:53:13.985+0000: 877459.970: [GC2014-03-14T09:53:13.985+0000: 877459.970: [ParNew
Desired survivor size 8716288 bytes, new threshold 4 (max 6)
- age   1:    2518504 bytes,    2518504 total
- age   2:    2399024 bytes,    4917528 total
- age   3:    2055240 bytes,    6972768 total
- age   4:    1910392 bytes,    8883160 total
: 152966K->10104K(153344K), 0.0278110 secs] 321857K->183170K(1230656K), 0.0279620 secs] [Times: user=0.05 sys=0.00, real=0.02 secs] 
2014-03-14T09:56:50.898+0000: 877676.882: [GC2014-03-14T09:56:50.898+0000: 877676.882: [ParNew
Desired survivor size 8716288 bytes, new threshold 4 (max 6)
- age   1:    2479224 bytes,    2479224 total
- age   2:    2127752 bytes,    4606976 total
- age   3:    2367536 bytes,    6974512 total
- age   4:    2053552 bytes,    9028064 total
: 146424K->13484K(153344K), 0.0231000 secs] 319490K->188514K(1230656K), 0.0232720 secs] [Times: user=0.05 sys=0.00, real=0.02 secs] 
2014-03-14T10:00:45.701+0000: 877911.686: [GC2014-03-14T10:00:45.701+0000: 877911.686: [ParNew
Desired survivor size 8716288 bytes, new threshold 4 (max 6)
- age   1:    2620712 bytes,    2620712 total
- age   2:    2010864 bytes,    4631576 total
- age   3:    2127040 bytes,    6758616 total
- age   4:    2349512 bytes,    9108128 total
: 149804K->9155K(153344K), 0.0245280 secs] 324834K->186297K(1230656K), 0.0246910 secs] [Times: user=0.05 sys=0.00, real=0.03 secs] 
2014-03-14T10:04:23.466+0000: 878129.451: [GC2014-03-14T10:04:23.466+0000: 878129.451: [ParNew
Desired survivor size 8716288 bytes, new threshold 4 (max 6)
- age   1:    2799360 bytes,    2799360 total
- age   2:    2245224 bytes,    5044584 total
- age   3:    2009752 bytes,    7054336 total
- age   4:    2081096 bytes,    9135432 total
: 145475K->12878K(153344K), 0.0230480 secs] 322617K->192064K(1230656K), 0.0232020 secs] [Times: user=0.05 sys=0.00, real=0.02 secs] 
2014-03-14T10:08:13.391+0000: 878359.375: [GC2014-03-14T10:08:13.391+0000: 878359.375: [ParNew
Desired survivor size 8716288 bytes, new threshold 4 (max 6)
- age   1:    2509032 bytes,    2509032 total
- age   2:    2392784 bytes,    4901816 total
- age   3:    2244832 bytes,    7146648 total
- age   4:    2009192 bytes,    9155840 total
: 149198K->13160K(153344K), 0.0233080 secs] 328384K->194485K(1230656K), 0.0235010 secs] [Times: user=0.05 sys=0.00, real=0.03 secs] 
2014-03-14T10:12:00.170+0000: 878586.154: [GC2014-03-14T10:12:00.170+0000: 878586.155: [ParNew
Desired survivor size 8716288 bytes, new threshold 4 (max 6)
- age   1:    2634416 bytes,    2634416 total
- age   2:    2099936 bytes,    4734352 total
- age   3:    2382904 bytes,    7117256 total
- age   4:    2244144 bytes,    9361400 total
: 149480K->13532K(153344K), 0.0240670 secs] 330805K->196922K(1230656K), 0.0242430 secs] [Times: user=0.05 sys=0.00, real=0.03 secs] 
2014-03-14T10:15:43.601+0000: 878809.585: [GC2014-03-14T10:15:43.601+0000: 878809.585: [ParNew
Desired survivor size 8716288 bytes, new threshold 4 (max 6)
- age   1:    2462984 bytes,    2462984 total
- age   2:    2247072 bytes,    4710056 total
- age   3:    2088568 bytes,    6798624 total
- age   4:    2136448 bytes,    8935072 total
: 149852K->13404K(153344K), 0.0233950 secs] 333242K->199098K(1230656K), 0.0235570 secs] [Times: user=0.04 sys=0.01, real=0.03 secs] 
2014-03-14T10:19:22.444+0000: 879028.428: [GC2014-03-14T10:19:22.444+0000: 879028.428: [ParNew
Desired survivor size 8716288 bytes, new threshold 4 (max 6)
- age   1:    2479936 bytes,    2479936 total
- age   2:    2074424 bytes,    4554360 total
- age   3:    2114472 bytes,    6668832 total
- age   4:    2086376 bytes,    8755208 total
: 149724K->12953K(153344K), 0.0230650 secs] 335418K->200720K(1230656K), 0.0232210 secs] [Times: user=0.05 sys=0.00, real=0.02 secs] 
2014-03-14T10:23:11.650+0000: 879257.635: [GC2014-03-14T10:23:11.650+0000: 879257.635: [ParNew
Desired survivor size 8716288 bytes, new threshold 4 (max 6)
- age   1:    2577056 bytes,    2577056 total
- age   2:    2007104 bytes,    4584160 total
- age   3:    2072552 bytes,    6656712 total
- age   4:    2113576 bytes,    8770288 total
: 149273K->12719K(153344K), 0.0230890 secs] 337040K->202631K(1230656K), 0.0232640 secs] [Times: user=0.05 sys=0.00, real=0.02 secs] 
2014-03-14T10:26:45.726+0000: 879471.710: [GC2014-03-14T10:26:45.726+0000: 879471.710: [ParNew
Desired survivor size 8716288 bytes, new threshold 4 (max 6)
- age   1:    2844096 bytes,    2844096 total
- age   2:    2146816 bytes,    4990912 total
- age   3:    2005608 bytes,    6996520 total
- age   4:    2072008 bytes,    9068528 total
: 149039K->12770K(153344K), 0.0237170 secs] 338951K->204855K(1230656K), 0.0238790 secs] [Times: user=0.05 sys=0.00, real=0.02 secs] 
2014-03-14T10:30:21.729+0000: 879687.714: [GC2014-03-14T10:30:21.729+0000: 879687.714: [ParNew
Desired survivor size 8716288 bytes, new threshold 4 (max 6)
- age   1:    2510232 bytes,    2510232 total
- age   2:    2373448 bytes,    4883680 total
- age   3:    2135592 bytes,    7019272 total
- age   4:    2004864 bytes,    9024136 total
: 149087K->13092K(153344K), 0.0229790 secs] 341172K->207308K(1230656K), 0.0231440 secs] [Times: user=0.05 sys=0.00, real=0.02 secs] 
2014-03-14T10:34:01.372+0000: 879907.357: [GC2014-03-14T10:34:01.372+0000: 879907.357: [ParNew
Desired survivor size 8716288 bytes, new threshold 4 (max 6)
- age   1:    2529640 bytes,    2529640 total
- age   2:    2057952 bytes,    4587592 total
- age   3:    2352064 bytes,    6939656 total
- age   4:    2134304 bytes,    9073960 total
: 149412K->13125K(153344K), 0.0235030 secs] 343628K->209401K(1230656K), 0.0236760 secs] [Times: user=0.05 sys=0.00, real=0.03 secs] 
2014-03-14T10:37:25.909+0000: 880111.894: [GC2014-03-14T10:37:25.909+0000: 880111.894: [ParNew
Desired survivor size 8716288 bytes, new threshold 4 (max 6)
- age   1:    2473320 bytes,    2473320 total
- age   2:    2040264 bytes,    4513584 total
- age   3:    1985256 bytes,    6498840 total
- age   4:    2335288 bytes,    8834128 total
: 149445K->13388K(153344K), 0.0231240 secs] 345721K->211856K(1230656K), 0.0232970 secs] [Times: user=0.05 sys=0.00, real=0.02 secs] 
2014-03-14T10:39:35.909+0000: 880241.894: [GC2014-03-14T10:39:35.909+0000: 880241.894: [ParNew
Desired survivor size 8716288 bytes, new threshold 6 (max 6)
- age   1:    1924456 bytes,    1924456 total
- age   2:    1945696 bytes,    3870152 total
- age   3:    2019384 bytes,    5889536 total
- age   4:    1984576 bytes,    7874112 total
: 149708K->8640K(153344K), 0.0233700 secs] 348176K->209297K(1230656K), 0.0235630 secs] [Times: user=0.05 sys=0.00, real=0.02 secs] 
2014-03-14T10:42:51.216+0000: 880437.201: [GC2014-03-14T10:42:51.216+0000: 880437.201: [ParNew
Desired survivor size 8716288 bytes, new threshold 5 (max 6)
- age   1:    2459736 bytes,    2459736 total
- age   2:    1242840 bytes,    3702576 total
- age   3:    1934728 bytes,    5637304 total
- age   4:    2018792 bytes,    7656096 total
- age   5:    1984024 bytes,    9640120 total
: 144960K->15420K(153344K), 0.0190600 secs] 345617K->216077K(1230656K), 0.0192130 secs] [Times: user=0.04 sys=0.00, real=0.02 secs] 
2014-03-14T10:46:14.978+0000: 880640.963: [GC2014-03-14T10:46:14.978+0000: 880640.963: [ParNew
Desired survivor size 8716288 bytes, new threshold 5 (max 6)
- age   1:    2384568 bytes,    2384568 total
- age   2:    1796792 bytes,    4181360 total
- age   3:    1206472 bytes,    5387832 total
- age   4:    1888552 bytes,    7276384 total
- age   5:    2018448 bytes,    9294832 total
: 151740K->17024K(153344K), 0.0242780 secs] 352397K->219991K(1230656K), 0.0244440 secs] [Times: user=0.05 sys=0.01, real=0.03 secs] 
2014-03-14T10:50:08.979+0000: 880874.964: [GC2014-03-14T10:50:08.979+0000: 880874.964: [ParNew
Desired survivor size 8716288 bytes, new threshold 5 (max 6)
- age   1:    2633960 bytes,    2633960 total
- age   2:    2167280 bytes,    4801240 total
- age   3:    1796408 bytes,    6597648 total
- age   4:    1205352 bytes,    7803000 total
- age   5:    1888240 bytes,    9691240 total
: 153344K->11329K(153344K), 0.0248450 secs] 356311K->216372K(1230656K), 0.0250210 secs] [Times: user=0.05 sys=0.00, real=0.03 secs] 
2014-03-14T10:53:44.413+0000: 881090.398: [GC2014-03-14T10:53:44.413+0000: 881090.398: [ParNew
Desired survivor size 8716288 bytes, new threshold 5 (max 6)
- age   1:    2486672 bytes,    2486672 total
- age   2:    2249152 bytes,    4735824 total
- age   3:    2105584 bytes,    6841408 total
- age   4:    1794608 bytes,    8636016 total
- age   5:    1205016 bytes,    9841032 total
: 147649K->16985K(153344K), 0.0238020 secs] 352692K->223970K(1230656K), 0.0239630 secs] [Times: user=0.05 sys=0.00, real=0.03 secs] 
2014-03-14T10:57:18.165+0000: 881304.150: [GC2014-03-14T10:57:18.165+0000: 881304.150: [ParNew
Desired survivor size 8716288 bytes, new threshold 4 (max 6)
- age   1:    2622264 bytes,    2622264 total
- age   2:    2000672 bytes,    4622936 total
- age   3:    2161832 bytes,    6784768 total
- age   4:    2086896 bytes,    8871664 total
- age   5:    1794176 bytes,   10665840 total
: 153305K->11425K(153344K), 0.0232380 secs] 360290K->219648K(1230656K), 0.0234000 secs] [Times: user=0.06 sys=0.00, real=0.02 secs] 
2014-03-14T11:00:27.855+0000: 881493.840: [GC2014-03-14T11:00:27.855+0000: 881493.840: [ParNew
Desired survivor size 8716288 bytes, new threshold 4 (max 6)
- age   1:    3379208 bytes,    3379208 total
- age   2:    2116704 bytes,    5495912 total
- age   3:    1953040 bytes,    7448952 total
- age   4:    2160848 bytes,    9609800 total
: 147745K->13806K(153344K), 0.0281420 secs] 355968K->226011K(1230656K), 0.0283080 secs] [Times: user=0.05 sys=0.01, real=0.03 secs] 
2014-03-14T11:03:39.358+0000: 881685.343: [GC2014-03-14T11:03:39.358+0000: 881685.343: [ParNew
Desired survivor size 8716288 bytes, new threshold 4 (max 6)
- age   1:    2304712 bytes,    2304712 total
- age   2:    2852776 bytes,    5157488 total
- age   3:    2027456 bytes,    7184944 total
- age   4:    1952144 bytes,    9137088 total
: 150126K->13896K(153344K), 0.0227690 secs] 362331K->228323K(1230656K), 0.0229170 secs] [Times: user=0.05 sys=0.00, real=0.02 secs] 
2014-03-14T11:06:50.611+0000: 881876.596: [GC2014-03-14T11:06:50.611+0000: 881876.596: [ParNew
Desired survivor size 8716288 bytes, new threshold 6 (max 6)
- age   1:    2689288 bytes,    2689288 total
- age   2:    1848096 bytes,    4537384 total
- age   3:    2019288 bytes,    6556672 total
- age   4:    2026664 bytes,    8583336 total
: 150216K->9058K(153344K), 0.0231590 secs] 364643K->225492K(1230656K), 0.0233510 secs] [Times: user=0.05 sys=0.00, real=0.03 secs] 
2014-03-14T11:10:05.130+0000: 882071.115: [GC2014-03-14T11:10:05.130+0000: 882071.115: [ParNew
Desired survivor size 8716288 bytes, new threshold 5 (max 6)
- age   1:    2489616 bytes,    2489616 total
- age   2:    2007232 bytes,    4496848 total
- age   3:    1798408 bytes,    6295256 total
- age   4:    2014312 bytes,    8309568 total
- age   5:    2026568 bytes,   10336136 total
: 145378K->16872K(153344K), 0.0204310 secs] 361812K->233306K(1230656K), 0.0206130 secs] [Times: user=0.04 sys=0.00, real=0.02 secs] 
2014-03-14T11:13:04.242+0000: 882250.227: [GC2014-03-14T11:13:04.242+0000: 882250.227: [ParNew
Desired survivor size 8716288 bytes, new threshold 5 (max 6)
- age   1:    2375464 bytes,    2375464 total
- age   2:    1908760 bytes,    4284224 total
- age   3:    1933664 bytes,    6217888 total
- age   4:    1797408 bytes,    8015296 total
- age   5:    2014144 bytes,   10029440 total
: 153192K->11799K(153344K), 0.0248960 secs] 369626K->230315K(1230656K), 0.0250790 secs] [Times: user=0.05 sys=0.00, real=0.02 secs] 
2014-03-14T11:16:38.480+0000: 882464.465: [GC2014-03-14T11:16:38.480+0000: 882464.465: [ParNew
Desired survivor size 8716288 bytes, new threshold 5 (max 6)
- age   1:    2404568 bytes,    2404568 total
- age   2:    1867344 bytes,    4271912 total
- age   3:    1900816 bytes,    6172728 total
- age   4:    1933280 bytes,    8106008 total
- age   5:    1796856 bytes,    9902864 total
: 148119K->17024K(153344K), 0.0247060 secs] 366635K->237830K(1230656K), 0.0248590 secs] [Times: user=0.06 sys=0.00, real=0.03 secs] 
2014-03-14T11:19:58.993+0000: 882664.978: [GC2014-03-14T11:19:58.993+0000: 882664.978: [ParNew
Desired survivor size 8716288 bytes, new threshold 5 (max 6)
- age   1:    2633272 bytes,    2633272 total
- age   2:    2152536 bytes,    4785808 total
- age   3:    1662640 bytes,    6448448 total
- age   4:    1854896 bytes,    8303344 total
- age   5:    1932952 bytes,   10236296 total
: 153344K->11849K(153344K), 0.0244820 secs] 374150K->234502K(1230656K), 0.0246520 secs] [Times: user=0.05 sys=0.00, real=0.03 secs] 
2014-03-14T11:23:30.494+0000: 882876.479: [GC2014-03-14T11:23:30.494+0000: 882876.479: [ParNew
Desired survivor size 8716288 bytes, new threshold 5 (max 6)
- age   1:    2353344 bytes,    2353344 total
- age   2:    1919616 bytes,    4272960 total
- age   3:    2064144 bytes,    6337104 total
- age   4:    1660976 bytes,    7998080 total
- age   5:    1853376 bytes,    9851456 total
: 148169K->17024K(153344K), 0.0271860 secs] 370822K->241923K(1230656K), 0.0273760 secs] [Times: user=0.04 sys=0.00, real=0.02 secs] 
2014-03-14T11:25:36.461+0000: 883002.445: [GC2014-03-14T11:25:36.461+0000: 883002.445: [ParNew
Desired survivor size 8716288 bytes, new threshold 1 (max 6)
- age   1:    9966848 bytes,    9966848 total
- age   2:    2033624 bytes,   12000472 total
- age   3:    1814968 bytes,   13815440 total
- age   4:    1965360 bytes,   15780800 total
- age   5:    1650592 bytes,   17431392 total
: 153344K->17024K(153344K), 0.0370510 secs] 378243K->246158K(1230656K), 0.0372230 secs] [Times: user=0.08 sys=0.00, real=0.04 secs] 
2014-03-14T11:28:19.464+0000: 883165.449: [GC2014-03-14T11:28:19.464+0000: 883165.449: [ParNew
Desired survivor size 8716288 bytes, new threshold 1 (max 6)
- age   1:    9560240 bytes,    9560240 total
: 153344K->14584K(153344K), 0.0403390 secs] 382478K->258218K(1230656K), 0.0404990 secs] [Times: user=0.09 sys=0.00, real=0.04 secs] 
2014-03-14T11:31:40.856+0000: 883366.841: [GC2014-03-14T11:31:40.856+0000: 883366.841: [ParNew
Desired survivor size 8716288 bytes, new threshold 6 (max 6)
- age   1:    2392776 bytes,    2392776 total
: 150904K->10460K(153344K), 0.0167780 secs] 394538K->259597K(1230656K), 0.0169270 secs] [Times: user=0.04 sys=0.00, real=0.01 secs] 
2014-03-14T11:35:19.120+0000: 883585.105: [GC2014-03-14T11:35:19.120+0000: 883585.105: [ParNew
Desired survivor size 8716288 bytes, new threshold 6 (max 6)
- age   1:    2570896 bytes,    2570896 total
- age   2:    1957264 bytes,    4528160 total
: 146780K->6463K(153344K), 0.0124070 secs] 395917K->255600K(1230656K), 0.0125730 secs] [Times: user=0.03 sys=0.00, real=0.01 secs] 
2014-03-14T11:38:44.343+0000: 883790.328: [GC2014-03-14T11:38:44.343+0000: 883790.328: [ParNew
Desired survivor size 8716288 bytes, new threshold 6 (max 6)
- age   1:    2456400 bytes,    2456400 total
- age   2:    2065048 bytes,    4521448 total
- age   3:    1930896 bytes,    6452344 total
: 142783K->8057K(153344K), 0.0149870 secs] 391920K->257194K(1230656K), 0.0151330 secs] [Times: user=0.03 sys=0.00, real=0.01 secs] 
2014-03-14T11:42:26.834+0000: 884012.818: [GC2014-03-14T11:42:26.834+0000: 884012.818: [ParNew
Desired survivor size 8716288 bytes, new threshold 6 (max 6)
- age   1:    2547784 bytes,    2547784 total
- age   2:    1993272 bytes,    4541056 total
- age   3:    2054544 bytes,    6595600 total
- age   4:    1884264 bytes,    8479864 total
: 144377K->11255K(153344K), 0.0178220 secs] 393514K->260392K(1230656K), 0.0179810 secs] [Times: user=0.04 sys=0.00, real=0.02 secs] 
2014-03-14T11:46:24.727+0000: 884250.712: [GC2014-03-14T11:46:24.727+0000: 884250.712: [ParNew
Desired survivor size 8716288 bytes, new threshold 4 (max 6)
- age   1:    2605664 bytes,    2605664 total
- age   2:    2079072 bytes,    4684736 total
- age   3:    1982880 bytes,    6667616 total
- age   4:    2054112 bytes,    8721728 total
- age   5:    1883512 bytes,   10605240 total
: 147575K->15012K(153344K), 0.0202700 secs] 396712K->264149K(1230656K), 0.0204190 secs] [Times: user=0.05 sys=0.00, real=0.02 secs] 
2014-03-14T11:50:09.594+0000: 884475.579: [GC2014-03-14T11:50:09.594+0000: 884475.579: [ParNew
Desired survivor size 8716288 bytes, new threshold 4 (max 6)
- age   1:    2512288 bytes,    2512288 total
- age   2:    2252376 bytes,    4764664 total
- age   3:    2071408 bytes,    6836072 total
- age   4:    1981896 bytes,    8817968 total
: 151332K->14458K(153344K), 0.0278460 secs] 400469K->267640K(1230656K), 0.0280130 secs] [Times: user=0.06 sys=0.00, real=0.03 secs] 
2014-03-14T11:53:34.174+0000: 884680.159: [GC2014-03-14T11:53:34.174+0000: 884680.159: [ParNew
Desired survivor size 8716288 bytes, new threshold 4 (max 6)
- age   1:    2565688 bytes,    2565688 total
- age   2:    2130816 bytes,    4696504 total
- age   3:    2205496 bytes,    6902000 total
- age   4:    2070304 bytes,    8972304 total
: 150778K->11336K(153344K), 0.0232400 secs] 403960K->266549K(1230656K), 0.0234270 secs] [Times: user=0.04 sys=0.00, real=0.03 secs] 
2014-03-14T11:57:09.909+0000: 884895.894: [GC2014-03-14T11:57:09.909+0000: 884895.894: [ParNew
Desired survivor size 8716288 bytes, new threshold 4 (max 6)
- age   1:    3085120 bytes,    3085120 total
- age   2:    1981272 bytes,    5066392 total
- age   3:    2110488 bytes,    7176880 total
- age   4:    2204648 bytes,    9381528 total
: 147656K->11850K(153344K), 0.0268160 secs] 402869K->269190K(1230656K), 0.0270160 secs] [Times: user=0.05 sys=0.00, real=0.03 secs] 
2014-03-14T12:00:50.699+0000: 885116.684: [GC2014-03-14T12:00:50.699+0000: 885116.684: [ParNew
Desired survivor size 8716288 bytes, new threshold 6 (max 6)
- age   1:    2496944 bytes,    2496944 total
- age   2:    2044288 bytes,    4541232 total
- age   3:    1900440 bytes,    6441672 total
- age   4:    2109728 bytes,    8551400 total
: 148170K->13159K(153344K), 0.0234560 secs] 405510K->272766K(1230656K), 0.0236190 secs] [Times: user=0.05 sys=0.00, real=0.03 secs] 
2014-03-14T12:04:29.758+0000: 885335.743: [GC2014-03-14T12:04:29.758+0000: 885335.743: [ParNew
Desired survivor size 8716288 bytes, new threshold 5 (max 6)
- age   1:    2573568 bytes,    2573568 total
- age   2:    2029240 bytes,    4602808 total
- age   3:    2042312 bytes,    6645120 total
- age   4:    1897480 bytes,    8542600 total
- age   5:    2109024 bytes,   10651624 total
: 149479K->16793K(153344K), 0.0206790 secs] 409086K->276400K(1230656K), 0.0208370 secs] [Times: user=0.04 sys=0.00, real=0.02 secs] 
2014-03-14T12:07:50.462+0000: 885536.447: [GC2014-03-14T12:07:50.463+0000: 885536.447: [ParNew
Desired survivor size 8716288 bytes, new threshold 5 (max 6)
- age   1:    2223832 bytes,    2223832 total
- age   2:    2097096 bytes,    4320928 total
- age   3:    2028016 bytes,    6348944 total
- age   4:    2041064 bytes,    8390008 total
- age   5:    1897048 bytes,   10287056 total
: 153113K->17024K(153344K), 0.0257320 secs] 412720K->279074K(1230656K), 0.0258970 secs] [Times: user=0.06 sys=0.00, real=0.02 secs] 
2014-03-14T12:11:15.831+0000: 885741.815: [GC2014-03-14T12:11:15.831+0000: 885741.816: [ParNew
Desired survivor size 8716288 bytes, new threshold 5 (max 6)
- age   1:    2548752 bytes,    2548752 total
- age   2:    1884888 bytes,    4433640 total
- age   3:    2065912 bytes,    6499552 total
- age   4:    2026088 bytes,    8525640 total
- age   5:    2040776 bytes,   10566416 total
: 153344K->12627K(153344K), 0.0261130 secs] 415394K->276625K(1230656K), 0.0263000 secs] [Times: user=0.06 sys=0.00, real=0.03 secs] 
2014-03-14T12:15:00.253+0000: 885966.237: [GC2014-03-14T12:15:00.253+0000: 885966.238: [ParNew
Desired survivor size 8716288 bytes, new threshold 5 (max 6)
- age   1:    2311152 bytes,    2311152 total
- age   2:    2080504 bytes,    4391656 total
- age   3:    1883136 bytes,    6274792 total
- age   4:    2065432 bytes,    8340224 total
- age   5:    2025800 bytes,   10366024 total
: 148947K->17024K(153344K), 0.0257430 secs] 412945K->283333K(1230656K), 0.0259140 secs] [Times: user=0.05 sys=0.00, real=0.03 secs] 
2014-03-14T12:18:10.284+0000: 886156.268: [GC2014-03-14T12:18:10.284+0000: 886156.269: [ParNew
Desired survivor size 8716288 bytes, new threshold 5 (max 6)
- age   1:    2536096 bytes,    2536096 total
- age   2:    2071176 bytes,    4607272 total
- age   3:    2055672 bytes,    6662944 total
- age   4:    1881816 bytes,    8544760 total
- age   5:    2064336 bytes,   10609096 total
: 153344K->12499K(153344K), 0.0261440 secs] 419653K->280891K(1230656K), 0.0263330 secs] [Times: user=0.05 sys=0.00, real=0.02 secs] 
2014-03-14T12:21:34.194+0000: 886360.179: [GC2014-03-14T12:21:34.194+0000: 886360.179: [ParNew
Desired survivor size 8716288 bytes, new threshold 5 (max 6)
- age   1:    2135656 bytes,    2135656 total
- age   2:    1959048 bytes,    4094704 total
- age   3:    2070704 bytes,    6165408 total
- age   4:    2054968 bytes,    8220376 total
- age   5:    1881480 bytes,   10101856 total
: 148819K->17024K(153344K), 0.0258070 secs] 417211K->287830K(1230656K), 0.0259830 secs] [Times: user=0.06 sys=0.00, real=0.03 secs] 
2014-03-14T12:24:58.645+0000: 886564.630: [GC2014-03-14T12:24:58.645+0000: 886564.630: [ParNew
Desired survivor size 8716288 bytes, new threshold 5 (max 6)
- age   1:    2542304 bytes,    2542304 total
- age   2:    1964232 bytes,    4506536 total
- age   3:    1919960 bytes,    6426496 total
- age   4:    2070288 bytes,    8496784 total
- age   5:    2009032 bytes,   10505816 total
: 153344K->12201K(153344K), 0.0248710 secs] 424150K->284940K(1230656K), 0.0250450 secs] [Times: user=0.05 sys=0.00, real=0.02 secs] 
2014-03-14T12:28:18.753+0000: 886764.738: [GC2014-03-14T12:28:18.754+0000: 886764.738: [ParNew
Desired survivor size 8716288 bytes, new threshold 5 (max 6)
- age   1:    2636672 bytes,    2636672 total
- age   2:    1934992 bytes,    4571664 total
- age   3:    1892888 bytes,    6464552 total
- age   4:    1908496 bytes,    8373048 total
- age   5:    2070096 bytes,   10443144 total
: 148521K->13874K(153344K), 0.0249950 secs] 421260K->288670K(1230656K), 0.0251700 secs] [Times: user=0.05 sys=0.00, real=0.03 secs] 
2014-03-14T12:31:40.055+0000: 886966.040: [GC2014-03-14T12:31:40.055+0000: 886966.040: [ParNew
Desired survivor size 8716288 bytes, new threshold 5 (max 6)
- age   1:    2355784 bytes,    2355784 total
- age   2:    2161856 bytes,    4517640 total
- age   3:    1923928 bytes,    6441568 total
- age   4:    1892168 bytes,    8333736 total
- age   5:    1748928 bytes,   10082664 total
: 150194K->14667K(153344K), 0.0265040 secs] 424990K->291592K(1230656K), 0.0267150 secs] [Times: user=0.05 sys=0.00, real=0.02 secs] 
2014-03-14T12:35:14.512+0000: 887180.496: [GC2014-03-14T12:35:14.512+0000: 887180.496: [ParNew
Desired survivor size 8716288 bytes, new threshold 5 (max 6)
- age   1:    2458704 bytes,    2458704 total
- age   2:    1864384 bytes,    4323088 total
- age   3:    2130656 bytes,    6453744 total
- age   4:    1922200 bytes,    8375944 total
- age   5:    1891064 bytes,   10267008 total
: 150987K->14545K(153344K), 0.0242870 secs] 427912K->293268K(1230656K), 0.0244490 secs] [Times: user=0.04 sys=0.00, real=0.03 secs] 
2014-03-14T12:38:25.343+0000: 887371.327: [GC2014-03-14T12:38:25.343+0000: 887371.327: [ParNew
Desired survivor size 8716288 bytes, new threshold 5 (max 6)
- age   1:    2435720 bytes,    2435720 total
- age   2:    1984496 bytes,    4420216 total
- age   3:    1851656 bytes,    6271872 total
- age   4:    2121576 bytes,    8393448 total
- age   5:    1876344 bytes,   10269792 total
: 150865K->10262K(153344K), 0.0245830 secs] 429588K->290929K(1230656K), 0.0247410 secs] [Times: user=0.05 sys=0.00, real=0.02 secs] 
2014-03-14T12:41:47.076+0000: 887573.061: [GC2014-03-14T12:41:47.076+0000: 887573.061: [ParNew
Desired survivor size 8716288 bytes, new threshold 5 (max 6)
- age   1:    2449944 bytes,    2449944 total
- age   2:    1773976 bytes,    4223920 total
- age   3:    1983872 bytes,    6207792 total
- age   4:    1850952 bytes,    8058744 total
- age   5:    1962320 bytes,   10021064 total
: 146582K->14603K(153344K), 0.0261510 secs] 427249K->297197K(1230656K), 0.0263410 secs] [Times: user=0.06 sys=0.00, real=0.03 secs] 
2014-03-14T12:45:16.633+0000: 887782.617: [GC2014-03-14T12:45:16.633+0000: 887782.617: [ParNew
Desired survivor size 8716288 bytes, new threshold 5 (max 6)
- age   1:    2382376 bytes,    2382376 total
- age   2:    1921968 bytes,    4304344 total
- age   3:    1751288 bytes,    6055632 total
- age   4:    1981760 bytes,    8037392 total
- age   5:    1850808 bytes,    9888200 total
: 150923K->14538K(153344K), 0.0245160 secs] 433517K->299145K(1230656K), 0.0247030 secs] [Times: user=0.05 sys=0.00, real=0.03 secs] 
2014-03-14T12:48:36.686+0000: 887982.671: [GC2014-03-14T12:48:36.686+0000: 887982.671: [ParNew
Desired survivor size 8716288 bytes, new threshold 5 (max 6)
- age   1:    2555504 bytes,    2555504 total
- age   2:    1921184 bytes,    4476688 total
- age   3:    1909936 bytes,    6386624 total
- age   4:    1750904 bytes,    8137528 total
- age   5:    1981416 bytes,   10118944 total
: 150858K->17024K(153344K), 0.0247280 secs] 435465K->303865K(1230656K), 0.0248930 secs] [Times: user=0.06 sys=0.00, real=0.02 secs] 
2014-03-14T12:51:46.109+0000: 888172.094: [GC2014-03-14T12:51:46.109+0000: 888172.094: [ParNew
Desired survivor size 8716288 bytes, new threshold 5 (max 6)
- age   1:    2489568 bytes,    2489568 total
- age   2:    2295944 bytes,    4785512 total
- age   3:    1912768 bytes,    6698280 total
- age   4:    1909560 bytes,    8607840 total
- age   5:    1750472 bytes,   10358312 total
: 153344K->12475K(153344K), 0.0250890 secs] 440185K->301354K(1230656K), 0.0252600 secs] [Times: user=0.05 sys=0.00, real=0.03 secs] 
2014-03-14T12:54:50.916+0000: 888356.901: [GC2014-03-14T12:54:50.916+0000: 888356.901: [ParNew
Desired survivor size 8716288 bytes, new threshold 4 (max 6)
- age   1:    2998640 bytes,    2998640 total
- age   2:    1892808 bytes,    4891448 total
- age   3:    2206696 bytes,    7098144 total
- age   4:    1912064 bytes,    9010208 total
- age   5:    1863704 bytes,   10873912 total
: 148795K->13634K(153344K), 0.0246770 secs] 437674K->304311K(1230656K), 0.0248430 secs] [Times: user=0.05 sys=0.00, real=0.02 secs] 
2014-03-14T12:58:14.542+0000: 888560.526: [GC2014-03-14T12:58:14.542+0000: 888560.526: [ParNew
Desired survivor size 8716288 bytes, new threshold 6 (max 6)
- age   1:    2438568 bytes,    2438568 total
- age   2:    1759312 bytes,    4197880 total
- age   3:    1748368 bytes,    5946248 total
- age   4:    2205840 bytes,    8152088 total
: 149954K->10181K(153344K), 0.0270990 secs] 440631K->304740K(1230656K), 0.0272880 secs] [Times: user=0.05 sys=0.00, real=0.03 secs] 
2014-03-14T13:02:05.520+0000: 888791.504: [GC2014-03-14T13:02:05.520+0000: 888791.504: [ParNew
Desired survivor size 8716288 bytes, new threshold 5 (max 6)
- age   1:    2530008 bytes,    2530008 total
- age   2:    1900528 bytes,    4430536 total
- age   3:    1747400 bytes,    6177936 total
- age   4:    1748080 bytes,    7926016 total
- age   5:    2205520 bytes,   10131536 total
: 146501K->16626K(153344K), 0.0230250 secs] 441060K->311186K(1230656K), 0.0232330 secs] [Times: user=0.05 sys=0.00, real=0.03 secs] 
2014-03-14T13:05:28.074+0000: 888994.058: [GC2014-03-14T13:05:28.074+0000: 888994.059: [ParNew
Desired survivor size 8716288 bytes, new threshold 5 (max 6)
- age   1:    2425176 bytes,    2425176 total
- age   2:    2126480 bytes,    4551656 total
- age   3:    1893840 bytes,    6445496 total
- age   4:    1735624 bytes,    8181120 total
- age   5:    1747320 bytes,    9928440 total
: 152946K->11691K(153344K), 0.0251000 secs] 447506K->308502K(1230656K), 0.0252870 secs] [Times: user=0.05 sys=0.00, real=0.03 secs] 
2014-03-14T13:08:30.909+0000: 889176.894: [GC2014-03-14T13:08:30.909+0000: 889176.894: [ParNew
Desired survivor size 8716288 bytes, new threshold 5 (max 6)
- age   1:    2584376 bytes,    2584376 total
- age   2:    1865920 bytes,    4450296 total
- age   3:    2115864 bytes,    6566160 total
- age   4:    1892808 bytes,    8458968 total
- age   5:    1735176 bytes,   10194144 total
: 148011K->13122K(153344K), 0.0250720 secs] 444822K->311730K(1230656K), 0.0252650 secs] [Times: user=0.05 sys=0.01, real=0.03 secs] 
2014-03-14T13:11:36.079+0000: 889362.064: [GC2014-03-14T13:11:36.079+0000: 889362.064: [ParNew
Desired survivor size 8716288 bytes, new threshold 5 (max 6)
- age   1:    2990704 bytes,    2990704 total
- age   2:    1754784 bytes,    4745488 total
- age   3:    1852896 bytes,    6598384 total
- age   4:    2115352 bytes,    8713736 total
- age   5:    1892640 bytes,   10606376 total
: 149442K->14277K(153344K), 0.0250990 secs] 448050K->314668K(1230656K), 0.0252750 secs] [Times: user=0.05 sys=0.00, real=0.03 secs] 
2014-03-14T13:15:18.326+0000: 889584.311: [GC2014-03-14T13:15:18.327+0000: 889584.311: [ParNew
Desired survivor size 8716288 bytes, new threshold 5 (max 6)
- age   1:    2741488 bytes,    2741488 total
- age   2:    1778384 bytes,    4519872 total
- age   3:    1697400 bytes,    6217272 total
- age   4:    1852472 bytes,    8069744 total
- age   5:    2114920 bytes,   10184664 total
: 150597K->14965K(153344K), 0.0260800 secs] 450988K->317299K(1230656K), 0.0262570 secs] [Times: user=0.05 sys=0.00, real=0.02 secs] 
2014-03-14T13:18:52.140+0000: 889798.125: [GC2014-03-14T13:18:52.140+0000: 889798.125: [ParNew
Desired survivor size 8716288 bytes, new threshold 5 (max 6)
- age   1:    2492240 bytes,    2492240 total
- age   2:    2309200 bytes,    4801440 total
- age   3:    1728496 bytes,    6529936 total
- age   4:    1696640 bytes,    8226576 total
- age   5:    1852176 bytes,   10078752 total
: 151285K->14877K(153344K), 0.0249910 secs] 453619K->319386K(1230656K), 0.0251680 secs] [Times: user=0.06 sys=0.00, real=0.03 secs] 
2014-03-14T13:22:25.611+0000: 890011.596: [GC2014-03-14T13:22:25.612+0000: 890011.596: [ParNew
Desired survivor size 8716288 bytes, new threshold 5 (max 6)
- age   1:    2586120 bytes,    2586120 total
- age   2:    1990696 bytes,    4576816 total
- age   3:    2289016 bytes,    6865832 total
- age   4:    1726968 bytes,    8592800 total
- age   5:    1696376 bytes,   10289176 total
: 151197K->14725K(153344K), 0.0248500 secs] 455706K->321137K(1230656K), 0.0250400 secs] [Times: user=0.05 sys=0.00, real=0.03 secs] 
2014-03-14T13:25:54.890+0000: 890220.875: [GC2014-03-14T13:25:54.890+0000: 890220.875: [ParNew
Desired survivor size 8716288 bytes, new threshold 4 (max 6)
- age   1:    2475544 bytes,    2475544 total
- age   2:    2102216 bytes,    4577760 total
- age   3:    1979184 bytes,    6556944 total
- age   4:    2277760 bytes,    8834704 total
- age   5:    1726656 bytes,   10561360 total
: 151045K->15072K(153344K), 0.0298560 secs] 457457K->323229K(1230656K), 0.0300700 secs] [Times: user=0.05 sys=0.00, real=0.03 secs] 
2014-03-14T13:29:09.395+0000: 890415.380: [GC2014-03-14T13:29:09.395+0000: 890415.380: [ParNew
Desired survivor size 8716288 bytes, new threshold 6 (max 6)
- age   1:    2652648 bytes,    2652648 total
- age   2:    1983160 bytes,    4635808 total
- age   3:    2009584 bytes,    6645392 total
- age   4:    1978160 bytes,    8623552 total
: 151392K->10109K(153344K), 0.0285660 secs] 459549K->322175K(1230656K), 0.0287600 secs] [Times: user=0.06 sys=0.00, real=0.03 secs] 
2014-03-14T13:32:34.289+0000: 890620.274: [GC2014-03-14T13:32:34.289+0000: 890620.274: [ParNew
Desired survivor size 8716288 bytes, new threshold 5 (max 6)
- age   1:    2256312 bytes,    2256312 total
- age   2:    2078640 bytes,    4334952 total
- age   3:    1963016 bytes,    6297968 total
- age   4:    2009016 bytes,    8306984 total
- age   5:    1978016 bytes,   10285000 total
: 146429K->17024K(153344K), 0.0205380 secs] 458495K->329427K(1230656K), 0.0207030 secs] [Times: user=0.05 sys=0.00, real=0.02 secs] 
2014-03-14T13:35:29.269+0000: 890795.254: [GC2014-03-14T13:35:29.269+0000: 890795.254: [ParNew
Desired survivor size 8716288 bytes, new threshold 5 (max 6)
- age   1:    2346920 bytes,    2346920 total
- age   2:    2014176 bytes,    4361096 total
- age   3:    2075248 bytes,    6436344 total
- age   4:    1962216 bytes,    8398560 total
- age   5:    1962672 bytes,   10361232 total
: 153344K->12243K(153344K), 0.0254510 secs] 465747K->326679K(1230656K), 0.0256310 secs] [Times: user=0.05 sys=0.00, real=0.03 secs] 
2014-03-14T13:38:55.828+0000: 891001.813: [GC2014-03-14T13:38:55.828+0000: 891001.813: [ParNew
Desired survivor size 8716288 bytes, new threshold 5 (max 6)
- age   1:    2419640 bytes,    2419640 total
- age   2:    1689816 bytes,    4109456 total
- age   3:    1898344 bytes,    6007800 total
- age   4:    2065544 bytes,    8073344 total
- age   5:    1961824 bytes,   10035168 total
: 148563K->13624K(153344K), 0.0255890 secs] 462999K->330078K(1230656K), 0.0257710 secs] [Times: user=0.06 sys=0.00, real=0.02 secs] 
2014-03-14T13:41:55.292+0000: 891181.276: [GC2014-03-14T13:41:55.292+0000: 891181.276: [ParNew
Desired survivor size 8716288 bytes, new threshold 5 (max 6)
- age   1:    2604320 bytes,    2604320 total
- age   2:    1911888 bytes,    4516208 total
- age   3:    1628864 bytes,    6145072 total
- age   4:    1898032 bytes,    8043104 total
- age   5:    1823720 bytes,    9866824 total
: 149944K->14014K(153344K), 0.0245620 secs] 466398K->332483K(1230656K), 0.0247210 secs] [Times: user=0.05 sys=0.00, real=0.03 secs] 
2014-03-14T13:42:57.723+0000: 891243.707: [GC2014-03-14T13:42:57.723+0000: 891243.707: [ParNew
Desired survivor size 8716288 bytes, new threshold 1 (max 6)
- age   1:   10271840 bytes,   10271840 total
- age   2:    1756608 bytes,   12028448 total
- age   3:    1893552 bytes,   13922000 total
- age   4:    1619264 bytes,   15541264 total
- age   5:    1889904 bytes,   17431168 total
: 150334K->17024K(153344K), 0.0344860 secs] 468803K->343241K(1230656K), 0.0346630 secs] [Times: user=0.07 sys=0.00, real=0.03 secs] 
2014-03-14T13:46:44.607+0000: 891470.592: [GC2014-03-14T13:46:44.607+0000: 891470.592: [ParNew
Desired survivor size 8716288 bytes, new threshold 6 (max 6)
- age   1:    2533912 bytes,    2533912 total
: 153344K->15277K(153344K), 0.0363200 secs] 479561K->358798K(1230656K), 0.0364910 secs] [Times: user=0.08 sys=0.00, real=0.04 secs] 
2014-03-14T13:50:00.614+0000: 891666.599: [GC2014-03-14T13:50:00.614+0000: 891666.599: [ParNew
Desired survivor size 8716288 bytes, new threshold 6 (max 6)
- age   1:    2464952 bytes,    2464952 total
- age   2:    2122080 bytes,    4587032 total
: 151597K->6547K(153344K), 0.0134760 secs] 495118K->350067K(1230656K), 0.0136230 secs] [Times: user=0.03 sys=0.00, real=0.01 secs] 
2014-03-14T13:53:21.219+0000: 891867.203: [GC2014-03-14T13:53:21.219+0000: 891867.204: [ParNew
Desired survivor size 8716288 bytes, new threshold 6 (max 6)
- age   1:    2425208 bytes,    2425208 total
- age   2:    1983656 bytes,    4408864 total
- age   3:    2120224 bytes,    6529088 total
: 142867K->8765K(153344K), 0.0156940 secs] 486387K->352285K(1230656K), 0.0159210 secs] [Times: user=0.04 sys=0.00, real=0.02 secs] 
2014-03-14T13:57:00.628+0000: 892086.613: [GC2014-03-14T13:57:00.628+0000: 892086.613: [ParNew
Desired survivor size 8716288 bytes, new threshold 6 (max 6)
- age   1:    2485320 bytes,    2485320 total
- age   2:    1848792 bytes,    4334112 total
- age   3:    1908208 bytes,    6242320 total
- age   4:    2119736 bytes,    8362056 total
: 145085K->11444K(153344K), 0.0175550 secs] 488605K->354965K(1230656K), 0.0176990 secs] [Times: user=0.03 sys=0.00, real=0.02 secs] 
2014-03-14T14:00:25.491+0000: 892291.476: [GC2014-03-14T14:00:25.491+0000: 892291.476: [ParNew
Desired survivor size 8716288 bytes, new threshold 4 (max 6)
- age   1:    2964448 bytes,    2964448 total
- age   2:    2042160 bytes,    5006608 total
- age   3:    1837760 bytes,    6844368 total
- age   4:    1907344 bytes,    8751712 total
- age   5:    2119448 bytes,   10871160 total
: 147764K->15058K(153344K), 0.0231230 secs] 491285K->358579K(1230656K), 0.0233490 secs] [Times: user=0.05 sys=0.00, real=0.03 secs] 
2014-03-14T14:03:39.772+0000: 892485.757: [GC2014-03-14T14:03:39.772+0000: 892485.757: [ParNew
Desired survivor size 8716288 bytes, new threshold 4 (max 6)
- age   1:    2506416 bytes,    2506416 total
- age   2:    2402928 bytes,    4909344 total
- age   3:    2030184 bytes,    6939528 total
- age   4:    1835768 bytes,    8775296 total
: 151378K->9838K(153344K), 0.0287460 secs] 494899K->357416K(1230656K), 0.0289540 secs] [Times: user=0.06 sys=0.00, real=0.04 secs] 
2014-03-14T14:07:14.376+0000: 892700.360: [GC2014-03-14T14:07:14.376+0000: 892700.361: [ParNew
Desired survivor size 8716288 bytes, new threshold 4 (max 6)
- age   1:    2474632 bytes,    2474632 total
- age   2:    1931024 bytes,    4405656 total
- age   3:    2332128 bytes,    6737784 total
- age   4:    2029232 bytes,    8767016 total
: 146158K->13120K(153344K), 0.0229110 secs] 493736K->362585K(1230656K), 0.0230970 secs] [Times: user=0.05 sys=0.00, real=0.02 secs] 
2014-03-14T14:11:04.723+0000: 892930.708: [GC2014-03-14T14:11:04.723+0000: 892930.708: [ParNew
Desired survivor size 8716288 bytes, new threshold 6 (max 6)
- age   1:    2559832 bytes,    2559832 total
- age   2:    1993400 bytes,    4553232 total
- age   3:    1804360 bytes,    6357592 total
- age   4:    2331408 bytes,    8689000 total
: 149440K->12796K(153344K), 0.0240220 secs] 498905K->364347K(1230656K), 0.0241970 secs] [Times: user=0.05 sys=0.00, real=0.02 secs] 
2014-03-14T14:14:38.935+0000: 893144.920: [GC2014-03-14T14:14:38.935+0000: 893144.920: [ParNew
Desired survivor size 8716288 bytes, new threshold 5 (max 6)
- age   1:    2602280 bytes,    2602280 total
- age   2:    2115336 bytes,    4717616 total
- age   3:    1981336 bytes,    6698952 total
- age   4:    1799816 bytes,    8498768 total
- age   5:    2290480 bytes,   10789248 total
: 149116K->16926K(153344K), 0.0215360 secs] 500667K->368476K(1230656K), 0.0217130 secs] [Times: user=0.04 sys=0.00, real=0.02 secs] 
2014-03-14T14:18:00.081+0000: 893346.066: [GC2014-03-14T14:18:00.081+0000: 893346.066: [ParNew
Desired survivor size 8716288 bytes, new threshold 5 (max 6)
- age   1:    2468592 bytes,    2468592 total
- age   2:    2125816 bytes,    4594408 total
- age   3:    2089216 bytes,    6683624 total
- age   4:    1979968 bytes,    8663592 total
- age   5:    1796136 bytes,   10459728 total
: 153246K->14823K(153344K), 0.0254010 secs] 504796K->368635K(1230656K), 0.0255760 secs] [Times: user=0.05 sys=0.00, real=0.03 secs] 
2014-03-14T14:21:31.080+0000: 893557.065: [GC2014-03-14T14:21:31.080+0000: 893557.065: [ParNew
Desired survivor size 8716288 bytes, new threshold 5 (max 6)
- age   1:    2518936 bytes,    2518936 total
- age   2:    2016424 bytes,    4535360 total
- age   3:    2042984 bytes,    6578344 total
- age   4:    2088512 bytes,    8666856 total
- age   5:    1978056 bytes,   10644912 total
: 151143K->15101K(153344K), 0.0249920 secs] 504955K->370758K(1230656K), 0.0251880 secs] [Times: user=0.05 sys=0.00, real=0.03 secs] 
2014-03-14T14:24:10.909+0000: 893716.894: [GC2014-03-14T14:24:10.910+0000: 893716.894: [ParNew
Desired survivor size 8716288 bytes, new threshold 5 (max 6)
- age   1:    2318064 bytes,    2318064 total
- age   2:    2032976 bytes,    4351040 total
- age   3:    1973552 bytes,    6324592 total
- age   4:    1996912 bytes,    8321504 total
- age   5:    2088320 bytes,   10409824 total
: 151421K->10512K(153344K), 0.0258780 secs] 507078K->368203K(1230656K), 0.0260970 secs] [Times: user=0.06 sys=0.00, real=0.03 secs] 
2014-03-14T14:27:02.332+0000: 893888.317: [GC2014-03-14T14:27:02.332+0000: 893888.317: [ParNew
Desired survivor size 8716288 bytes, new threshold 5 (max 6)
- age   1:    2393864 bytes,    2393864 total
- age   2:    1521080 bytes,    3914944 total
- age   3:    1935496 bytes,    5850440 total
- age   4:    1970936 bytes,    7821376 total
- age   5:    1996048 bytes,    9817424 total
: 146832K->10203K(153344K), 0.0251340 secs] 504523K->370041K(1230656K), 0.0253290 secs] [Times: user=0.05 sys=0.00, real=0.03 secs] 
2014-03-14T14:30:09.953+0000: 894075.938: [GC2014-03-14T14:30:09.953+0000: 894075.938: [ParNew
Desired survivor size 8716288 bytes, new threshold 5 (max 6)
- age   1:    2410760 bytes,    2410760 total
- age   2:    1698440 bytes,    4109200 total
- age   3:    1493888 bytes,    5603088 total
- age   4:    1934312 bytes,    7537400 total
- age   5:    1970648 bytes,    9508048 total
: 146523K->14428K(153344K), 0.0246280 secs] 506361K->376318K(1230656K), 0.0248150 secs] [Times: user=0.05 sys=0.00, real=0.03 secs] 
2014-03-14T14:33:25.909+0000: 894271.894: [GC2014-03-14T14:33:25.909+0000: 894271.894: [ParNew
Desired survivor size 8716288 bytes, new threshold 5 (max 6)
- age   1:    2420664 bytes,    2420664 total
- age   2:    1797160 bytes,    4217824 total
- age   3:    1595472 bytes,    5813296 total
- age   4:    1493632 bytes,    7306928 total
- age   5:    1933992 bytes,    9240920 total
: 150748K->13768K(153344K), 0.0253150 secs] 512638K->377679K(1230656K), 0.0254950 secs] [Times: user=0.05 sys=0.00, real=0.03 secs] 
2014-03-14T14:36:55.250+0000: 894481.235: [GC2014-03-14T14:36:55.250+0000: 894481.235: [ParNew
Desired survivor size 8716288 bytes, new threshold 5 (max 6)
- age   1:    2688504 bytes,    2688504 total
- age   2:    1901520 bytes,    4590024 total
- age   3:    1785760 bytes,    6375784 total
- age   4:    1595040 bytes,    7970824 total
- age   5:    1493504 bytes,    9464328 total
: 150088K->13522K(153344K), 0.0262800 secs] 513999K->379421K(1230656K), 0.0264760 secs] [Times: user=0.05 sys=0.00, real=0.03 secs] 
2014-03-14T14:40:44.571+0000: 894710.556: [GC2014-03-14T14:40:44.571+0000: 894710.556: [ParNew
Desired survivor size 8716288 bytes, new threshold 5 (max 6)
- age   1:    2471136 bytes,    2471136 total
- age   2:    2213672 bytes,    4684808 total
- age   3:    1881432 bytes,    6566240 total
- age   4:    1785280 bytes,    8351520 total
- age   5:    1594704 bytes,    9946224 total
: 149842K->13552K(153344K), 0.0236050 secs] 515741K->380986K(1230656K), 0.0237870 secs] [Times: user=0.05 sys=0.00, real=0.03 secs] 
2014-03-14T14:44:25.620+0000: 894931.605: [GC2014-03-14T14:44:25.620+0000: 894931.605: [ParNew
Desired survivor size 8716288 bytes, new threshold 5 (max 6)
- age   1:    2194176 bytes,    2194176 total
- age   2:    2116920 bytes,    4311096 total
- age   3:    2191536 bytes,    6502632 total
- age   4:    1880496 bytes,    8383128 total
- age   5:    1784752 bytes,   10167880 total
: 149872K->17024K(153344K), 0.0248350 secs] 517306K->386320K(1230656K), 0.0250230 secs] [Times: user=0.06 sys=0.00, real=0.03 secs] 
2014-03-14T14:47:51.859+0000: 895137.843: [GC2014-03-14T14:47:51.859+0000: 895137.843: [ParNew
Desired survivor size 8716288 bytes, new threshold 4 (max 6)
- age   1:    2844912 bytes,    2844912 total
- age   2:    2028496 bytes,    4873408 total
- age   3:    2116520 bytes,    6989928 total
- age   4:    2174728 bytes,    9164656 total
- age   5:    1876344 bytes,   11041000 total
: 153344K->12702K(153344K), 0.0250730 secs] 522640K->383832K(1230656K), 0.0252570 secs] [Times: user=0.06 sys=0.00, real=0.03 secs] 
2014-03-14T14:51:29.816+0000: 895355.800: [GC2014-03-14T14:51:29.816+0000: 895355.800: [ParNew
Desired survivor size 8716288 bytes, new threshold 4 (max 6)
- age   1:    2531952 bytes,    2531952 total
- age   2:    2393664 bytes,    4925616 total
- age   3:    2026744 bytes,    6952360 total
- age   4:    2115832 bytes,    9068192 total
: 149022K->9418K(153344K), 0.0275100 secs] 520152K->384384K(1230656K), 0.0276830 secs] [Times: user=0.06 sys=0.00, real=0.03 secs] 
2014-03-14T14:54:47.591+0000: 895553.576: [GC2014-03-14T14:54:47.591+0000: 895553.576: [ParNew
Desired survivor size 8716288 bytes, new threshold 4 (max 6)
- age   1:    2595984 bytes,    2595984 total
- age   2:    2053584 bytes,    4649568 total
- age   3:    2335240 bytes,    6984808 total
- age   4:    2025720 bytes,    9010528 total
: 145738K->9063K(153344K), 0.0234380 secs] 520704K->386205K(1230656K), 0.0236050 secs] [Times: user=0.05 sys=0.00, real=0.03 secs] 
2014-03-14T14:57:54.044+0000: 895740.029: [GC2014-03-14T14:57:54.044+0000: 895740.029: [ParNew
Desired survivor size 8716288 bytes, new threshold 6 (max 6)
- age   1:    2381488 bytes,    2381488 total
- age   2:    1950824 bytes,    4332312 total
- age   3:    2032400 bytes,    6364712 total
- age   4:    2333904 bytes,    8698616 total
: 145383K->9006K(153344K), 0.0229230 secs] 522525K->388231K(1230656K), 0.0230960 secs] [Times: user=0.05 sys=0.00, real=0.02 secs] 
2014-03-14T15:01:26.927+0000: 895952.912: [GC2014-03-14T15:01:26.927+0000: 895952.912: [ParNew
Desired survivor size 8716288 bytes, new threshold 5 (max 6)
- age   1:    2443552 bytes,    2443552 total
- age   2:    1754992 bytes,    4198544 total
- age   3:    1850176 bytes,    6048720 total
- age   4:    2031720 bytes,    8080440 total
- age   5:    2254304 bytes,   10334744 total
: 145326K->16615K(153344K), 0.0205680 secs] 524551K->395840K(1230656K), 0.0207470 secs] [Times: user=0.05 sys=0.00, real=0.02 secs] 
2014-03-14T15:05:01.951+0000: 896167.935: [GC2014-03-14T15:05:01.951+0000: 896167.936: [ParNew
Desired survivor size 8716288 bytes, new threshold 5 (max 6)
- age   1:    2445344 bytes,    2445344 total
- age   2:    1973632 bytes,    4418976 total
- age   3:    1743808 bytes,    6162784 total
- age   4:    1835312 bytes,    7998096 total
- age   5:    2031120 bytes,   10029216 total
: 152935K->14350K(153344K), 0.0254240 secs] 532160K->395876K(1230656K), 0.0256180 secs] [Times: user=0.05 sys=0.00, real=0.03 secs] 
