Application time: 0.4329518 seconds
Total time for which application threads were stopped: 0.0003278 seconds
Application time: 11.4379522 seconds
Total time for which application threads were stopped: 0.0007602 seconds
Application time: 5.9868717 seconds
Total time for which application threads were stopped: 0.0047182 seconds
Application time: 22.1517081 seconds
40.456: [GC 40.457: [ParNew
Desired survivor size 48306584 bytes, new threshold 10 (max 10)
- age   1:    4307520 bytes,    4307520 total
: 419456K->4236K(471872K), 0.1096317 secs] 419456K->4236K(2044736K), 0.1100114 secs]
Total time for which application threads were stopped: 0.1114084 seconds
Application time: 25.5189161 seconds
66.088: [GC 66.088: [ParNew
Desired survivor size 48306584 bytes, new threshold 10 (max 10)
- age   1:    5732904 bytes,    5732904 total
- age   2:    4226936 bytes,    9959840 total
: 423692K->9763K(471872K), 0.0896882 secs] 423692K->9763K(2044736K), 0.0900510 secs]
Total time for which application threads were stopped: 0.0920608 seconds
Application time: 47.0383364 seconds
113.217: [GC 113.217: [ParNew
Desired survivor size 48306584 bytes, new threshold 10 (max 10)
- age   1:    6774864 bytes,    6774864 total
- age   2:    5475456 bytes,   12250320 total
- age   3:    3945384 bytes,   16195704 total
: 429219K->15871K(471872K), 0.1138700 secs] 429219K->15871K(2044736K), 0.1141957 secs]
Total time for which application threads were stopped: 0.1152171 seconds
Application time: 38.1037044 seconds
151.436: [GC 151.436: [ParNew
Desired survivor size 48306584 bytes, new threshold 10 (max 10)
- age   1:    4581704 bytes,    4581704 total
- age   2:    6576720 bytes,   11158424 total
- age   3:    5475456 bytes,   16633880 total
- age   4:    3945456 bytes,   20579336 total
: 435327K->20157K(471872K), 0.1216808 secs] 435327K->20157K(2044736K), 0.1219879 secs]
Total time for which application threads were stopped: 0.1228821 seconds
Application time: 39.2515459 seconds
190.810: [GC 190.811: [ParNew
Desired survivor size 48306584 bytes, new threshold 10 (max 10)
- age   1:    4400448 bytes,    4400448 total
- age   2:    4358400 bytes,    8758848 total
- age   3:    6570904 bytes,   15329752 total
- age   4:    5475480 bytes,   20805232 total
- age   5:    3945760 bytes,   24750992 total
: 439613K->24232K(471872K), 0.1227710 secs] 439613K->24232K(2044736K), 0.1230952 secs]
Total time for which application threads were stopped: 0.1240443 seconds
Application time: 36.1924299 seconds
227.127: [GC 227.127: [ParNew
Desired survivor size 48306584 bytes, new threshold 10 (max 10)
- age   1:    3052880 bytes,    3052880 total
- age   2:    4193064 bytes,    7245944 total
- age   3:    4333448 bytes,   11579392 total
- age   4:    6564048 bytes,   18143440 total
- age   5:    5475456 bytes,   23618896 total
- age   6:    3945248 bytes,   27564144 total
- age   7:         64 bytes,   27564208 total
: 443688K->26986K(471872K), 0.1263455 secs] 443688K->26986K(2044736K), 0.1266670 secs]
Total time for which application threads were stopped: 0.1274890 seconds
Application time: 37.0756360 seconds
264.330: [GC 264.330: [ParNew
Desired survivor size 48306584 bytes, new threshold 10 (max 10)
- age   1:    1345504 bytes,    1345504 total
- age   2:    2834784 bytes,    4180288 total
- age   3:    4185664 bytes,    8365952 total
- age   4:    4328032 bytes,   12693984 total
- age   5:    6555648 bytes,   19249632 total
- age   6:    5475528 bytes,   24725160 total
- age   7:    3945144 bytes,   28670304 total
- age   8:         64 bytes,   28670368 total
: 446442K->28075K(471872K), 0.1324711 secs] 446442K->28075K(2044736K), 0.1327846 secs]
Total time for which application threads were stopped: 0.1337896 seconds
Application time: 35.4539672 seconds
299.918: [GC 299.918: [ParNew
Desired survivor size 48306584 bytes, new threshold 10 (max 10)
- age   1:    1473808 bytes,    1473808 total
- age   2:    1071864 bytes,    2545672 total
- age   3:    2785528 bytes,    5331200 total
- age   4:    4177000 bytes,    9508200 total
- age   5:    4320848 bytes,   13829048 total
- age   6:    6549480 bytes,   20378528 total
- age   7:    5475520 bytes,   25854048 total
- age   8:    3945168 bytes,   29799216 total
- age   9:         64 bytes,   29799280 total
: 447530K->29187K(471872K), 0.1403730 secs] 447530K->29187K(2044736K), 0.1407100 secs]
Total time for which application threads were stopped: 0.1416399 seconds
Application time: 23.5041979 seconds
323.564: [GC 323.564: [ParNew
Desired survivor size 48306584 bytes, new threshold 10 (max 10)
- age   1:    6049056 bytes,    6049056 total
- age   2:    1187984 bytes,    7237040 total
- age   3:    1052216 bytes,    8289256 total
- age   4:    2781016 bytes,   11070272 total
- age   5:    4173648 bytes,   15243920 total
- age   6:    4317384 bytes,   19561304 total
- age   7:    6471424 bytes,   26032728 total
- age   8:    5475464 bytes,   31508192 total
- age   9:    3942896 bytes,   35451088 total
- age  10:         64 bytes,   35451152 total
: 448643K->34717K(471872K), 0.1624861 secs] 448643K->34717K(2044736K), 0.1627663 secs]
Total time for which application threads were stopped: 0.1636929 seconds
Application time: 22.6392926 seconds
346.367: [GC 346.367: [ParNew
Desired survivor size 48306584 bytes, new threshold 10 (max 10)
- age   1:    3494592 bytes,    3494592 total
- age   2:    4741792 bytes,    8236384 total
- age   3:    1173488 bytes,    9409872 total
- age   4:    1047112 bytes,   10456984 total
- age   5:    2768960 bytes,   13225944 total
- age   6:    4164936 bytes,   17390880 total
- age   7:    4303304 bytes,   21694184 total
- age   8:    6458240 bytes,   28152424 total
- age   9:    5475440 bytes,   33627864 total
- age  10:    3798136 bytes,   37426000 total
: 454173K->36646K(471872K), 0.1831793 secs] 454173K->36647K(2044736K), 0.1835030 secs]
Total time for which application threads were stopped: 0.1845236 seconds
Application time: 20.3520659 seconds
366.903: [GC 366.904: [ParNew
Desired survivor size 48306584 bytes, new threshold 10 (max 10)
- age   1:   10472616 bytes,   10472616 total
- age   2:    2338584 bytes,   12811200 total
- age   3:    4684008 bytes,   17495208 total
- age   4:    1050096 bytes,   18545304 total
- age   5:     997952 bytes,   19543256 total
- age   6:    2712992 bytes,   22256248 total
- age   7:    4117296 bytes,   26373544 total
- age   8:    4254368 bytes,   30627912 total
- age   9:    6046344 bytes,   36674256 total
- age  10:    5399072 bytes,   42073328 total
: 456101K->41196K(471872K), 0.2474119 secs] 456102K->44840K(2044736K), 0.2477494 secs]
Total time for which application threads were stopped: 0.2485253 seconds
Application time: 18.5098617 seconds
385.662: [GC 385.662: [ParNew
Desired survivor size 48306584 bytes, new threshold 10 (max 10)
- age   1:    3056480 bytes,    3056480 total
- age   2:    9307784 bytes,   12364264 total
- age   3:    2304416 bytes,   14668680 total
- age   4:    4672784 bytes,   19341464 total
- age   5:    1050096 bytes,   20391560 total
- age   6:     997952 bytes,   21389512 total
- age   7:    2711672 bytes,   24101184 total
- age   8:    4116064 bytes,   28217248 total
- age   9:    4251112 bytes,   32468360 total
- age  10:    5768872 bytes,   38237232 total
: 460617K->37448K(471872K), 0.2226343 secs] 464261K->46364K(2044736K), 0.2230399 secs]
Total time for which application threads were stopped: 0.2240407 seconds
Application time: 15.5423943 seconds
401.428: [GC 401.428: [ParNew
Desired survivor size 48306584 bytes, new threshold 10 (max 10)
- age   1:    2616472 bytes,    2616472 total
- age   2:    2992192 bytes,    5608664 total
- age   3:    9297984 bytes,   14906648 total
- age   4:    2290112 bytes,   17196760 total
- age   5:    4651904 bytes,   21848664 total
- age   6:    1047280 bytes,   22895944 total
- age   7:     997952 bytes,   23893896 total
- age   8:    2711496 bytes,   26605392 total
- age   9:    4115448 bytes,   30720840 total
- age  10:    4250936 bytes,   34971776 total
: 456904K->34246K(471872K), 0.2151332 secs] 465820K->48796K(2044736K), 0.2154594 secs]
Total time for which application threads were stopped: 0.2161942 seconds
Application time: 13.8540006 seconds
415.499: [GC 415.499: [ParNew
Desired survivor size 48306584 bytes, new threshold 10 (max 10)
- age   1:    4677328 bytes,    4677328 total
- age   2:    2491160 bytes,    7168488 total
- age   3:    2977088 bytes,   10145576 total
- age   4:    9286480 bytes,   19432056 total
- age   5:    2276832 bytes,   21708888 total
- age   6:    4635024 bytes,   26343912 total
- age   7:    1047192 bytes,   27391104 total
- age   8:     997952 bytes,   28389056 total
- age   9:    2711144 bytes,   31100200 total
- age  10:    4114392 bytes,   35214592 total
: 453702K->34491K(471872K), 0.1732864 secs] 468252K->53192K(2044736K), 0.1735899 secs]
Total time for which application threads were stopped: 0.1750223 seconds
Application time: 17.4607823 seconds
433.135: [GC 433.135: [ParNew
Desired survivor size 48306584 bytes, new threshold 10 (max 10)
- age   1:    3999984 bytes,    3999984 total
- age   2:    4513336 bytes,    8513320 total
- age   3:    2488752 bytes,   11002072 total
- age   4:    2965984 bytes,   13968056 total
- age   5:    9258832 bytes,   23226888 total
- age   6:    2264016 bytes,   25490904 total
- age   7:    4631272 bytes,   30122176 total
- age   8:    1047216 bytes,   31169392 total
- age   9:     997976 bytes,   32167368 total
- age  10:    2707536 bytes,   34874904 total
: 453947K->34165K(471872K), 0.1823476 secs] 472648K->56878K(2044736K), 0.1828039 secs]
Total time for which application threads were stopped: 0.1839652 seconds
Application time: 18.3044162 seconds
451.623: [GC 451.623: [ParNew
Desired survivor size 48306584 bytes, new threshold 10 (max 10)
- age   1:    5520528 bytes,    5520528 total
- age   2:    3074736 bytes,    8595264 total
- age   3:    4509704 bytes,   13104968 total
- age   4:    2485224 bytes,   15590192 total
- age   5:    2939192 bytes,   18529384 total
- age   6:    9254152 bytes,   27783536 total
- age   7:    2259048 bytes,   30042584 total
- age   8:    4629336 bytes,   34671920 total
- age   9:    1047104 bytes,   35719024 total
- age  10:     997976 bytes,   36717000 total
: 453621K->35965K(471872K), 0.1923415 secs] 476334K->61319K(2044736K), 0.1926778 secs]
Total time for which application threads were stopped: 0.1936112 seconds
Application time: 24.6852356 seconds
476.502: [GC 476.503: [ParNew
Desired survivor size 48306584 bytes, new threshold 10 (max 10)
- age   1:    8479416 bytes,    8479416 total
- age   2:    4408976 bytes,   12888392 total
- age   3:    3062488 bytes,   15950880 total
- age   4:    4505496 bytes,   20456376 total
- age   5:    2467696 bytes,   22924072 total
- age   6:    2930848 bytes,   25854920 total
- age   7:    9253584 bytes,   35108504 total
- age   8:    2258144 bytes,   37366648 total
- age   9:    4629072 bytes,   41995720 total
- age  10:    1047152 bytes,   43042872 total
: 455420K->42151K(471872K), 0.2403013 secs] 480774K->68479K(2044736K), 0.2407803 secs]
Total time for which application threads were stopped: 0.2426168 seconds
Application time: 0.2066248 seconds
Total time for which application threads were stopped: 0.0051493 seconds
Application time: 17.2029590 seconds
494.195: [GC 494.195: [ParNew
Desired survivor size 48306584 bytes, new threshold 10 (max 10)
- age   1:    2641304 bytes,    2641304 total
- age   2:    7527736 bytes,   10169040 total
- age   3:    4401840 bytes,   14570880 total
- age   4:    3054112 bytes,   17624992 total
- age   5:    4499712 bytes,   22124704 total
- age   6:    2465584 bytes,   24590288 total
- age   7:    2928096 bytes,   27518384 total
- age   8:    9253520 bytes,   36771904 total
- age   9:    2257784 bytes,   39029688 total
- age  10:    4628808 bytes,   43658496 total
: 461607K->42756K(471872K), 0.2394229 secs] 487935K->70107K(2044736K), 0.2398680 secs]
Total time for which application threads were stopped: 0.2765513 seconds
Application time: 18.0174502 seconds
512.454: [GC 512.454: [ParNew
Desired survivor size 48306584 bytes, new threshold 10 (max 10)
- age   1:    1691392 bytes,    1691392 total
- age   2:    2171400 bytes,    3862792 total
- age   3:    7519032 bytes,   11381824 total
- age   4:    4400960 bytes,   15782784 total
- age   5:    3053752 bytes,   18836536 total
- age   6:    4487912 bytes,   23324448 total
- age   7:    2452784 bytes,   25777232 total
- age   8:    2920576 bytes,   28697808 total
- age   9:    9253552 bytes,   37951360 total
- age  10:    2257312 bytes,   40208672 total
: 462212K->39390K(471872K), 0.2554614 secs] 489563K->71261K(2044736K), 0.2558265 secs]
Total time for which application threads were stopped: 0.2572860 seconds
Application time: 20.2138037 seconds
532.925: [GC 532.925: [ParNew
Desired survivor size 48306584 bytes, new threshold 10 (max 10)
- age   1:    1622768 bytes,    1622768 total
- age   2:     681936 bytes,    2304704 total
- age   3:    2167056 bytes,    4471760 total
- age   4:    7512576 bytes,   11984336 total
- age   5:    4399312 bytes,   16383648 total
- age   6:    3018944 bytes,   19402592 total
- age   7:    4481728 bytes,   23884320 total
- age   8:    2446424 bytes,   26330744 total
- age   9:    2913624 bytes,   29244368 total
- age  10:    9252712 bytes,   38497080 total
: 458846K->37715K(471872K), 0.2600907 secs] 490717K->71790K(2044736K), 0.2604993 secs]
Total time for which application threads were stopped: 0.2619675 seconds
Application time: 20.3381427 seconds
553.525: [GC 553.525: [ParNew
Desired survivor size 48306584 bytes, new threshold 10 (max 10)
- age   1:    1634312 bytes,    1634312 total
- age   2:     640112 bytes,    2274424 total
- age   3:     663456 bytes,    2937880 total
- age   4:    2162520 bytes,    5100400 total
- age   5:    7505896 bytes,   12606296 total
- age   6:    4397448 bytes,   17003744 total
- age   7:    3017200 bytes,   20020944 total
- age   8:    4479280 bytes,   24500224 total
- age   9:    2445112 bytes,   26945336 total
- age  10:    2909368 bytes,   29854704 total
: 457162K->29248K(471872K), 0.2767844 secs] 491237K->72358K(2044736K), 0.2771798 secs]
Total time for which application threads were stopped: 0.2786665 seconds
Application time: 27.6547964 seconds
581.459: [GC 581.459: [ParNew
Desired survivor size 48306584 bytes, new threshold 10 (max 10)
- age   1:    2007712 bytes,    2007712 total
- age   2:     513136 bytes,    2520848 total
- age   3:     604808 bytes,    3125656 total
- age   4:     654696 bytes,    3780352 total
- age   5:    2152672 bytes,    5933024 total
- age   6:    7484352 bytes,   13417376 total
- age   7:    4395704 bytes,   17813080 total
- age   8:    3014672 bytes,   20827752 total
- age   9:    4477752 bytes,   25305504 total
- age  10:    2442656 bytes,   27748160 total
: 448704K->27184K(471872K), 0.1542928 secs] 491814K->73132K(2044736K), 0.1545890 secs]
Total time for which application threads were stopped: 0.1559123 seconds
Application time: 36.8857522 seconds
618.500: [GC 618.501: [ParNew
Desired survivor size 48306584 bytes, new threshold 10 (max 10)
- age   1:    1339184 bytes,    1339184 total
- age   2:    1119008 bytes,    2458192 total
- age   3:     492920 bytes,    2951112 total
- age   4:     600232 bytes,    3551344 total
- age   5:     654000 bytes,    4205344 total
- age   6:    2142488 bytes,    6347832 total
- age   7:    7478224 bytes,   13826056 total
- age   8:    4384240 bytes,   18210296 total
- age   9:    3008888 bytes,   21219184 total
- age  10:    4470136 bytes,   25689320 total
: 446640K->25167K(471872K), 0.1415870 secs] 492588K->73502K(2044736K), 0.1469204 secs]
Total time for which application threads were stopped: 0.1483363 seconds
Application time: 26.4284197 seconds
Total time for which application threads were stopped: 0.0067730 seconds
Application time: 14.9427370 seconds
Total time for which application threads were stopped: 0.0171488 seconds
Application time: 20.6075462 seconds
Total time for which application threads were stopped: 0.0280326 seconds
Application time: 149.0547404 seconds
829.745: [GC 829.745: [ParNew
Desired survivor size 48306584 bytes, new threshold 10 (max 10)
- age   1:   13092504 bytes,   13092504 total
- age   2:     932288 bytes,   14024792 total
- age   3:    1106120 bytes,   15130912 total
- age   4:     490280 bytes,   15621192 total
- age   5:     596072 bytes,   16217264 total
- age   6:     653144 bytes,   16870408 total
- age   7:    2119696 bytes,   18990104 total
- age   8:    2121680 bytes,   21111784 total
- age   9:    3019760 bytes,   24131544 total
- age  10:    3004608 bytes,   27136152 total
: 444623K->26602K(471872K), 0.2032433 secs] 492958K->79302K(2044736K), 0.2041931 secs]
Total time for which application threads were stopped: 0.2161428 seconds
Application time: 340.5388842 seconds
1170.491: [GC 1170.491: [ParNew
Desired survivor size 48306584 bytes, new threshold 10 (max 10)
- age   1:     378256 bytes,     378256 total
- age   2:   13005064 bytes,   13383320 total
- age   3:     931504 bytes,   14314824 total
- age   4:    1101920 bytes,   15416744 total
- age   5:     488024 bytes,   15904768 total
- age   6:     595240 bytes,   16500008 total
- age   7:     653144 bytes,   17153152 total
- age   8:    2113512 bytes,   19266664 total
- age   9:    2090792 bytes,   21357456 total
- age  10:    2916640 bytes,   24274096 total
: 446058K->23801K(471872K), 0.1912131 secs] 498758K->79436K(2044736K), 0.1916080 secs]
Total time for which application threads were stopped: 0.1943285 seconds
Application time: 173.4815078 seconds
1344.165: [GC 1344.166: [ParNew
Desired survivor size 48306584 bytes, new threshold 10 (max 10)
- age   1:   12189520 bytes,   12189520 total
- age   2:     315912 bytes,   12505432 total
- age   3:    6339224 bytes,   18844656 total
- age   4:     930984 bytes,   19775640 total
- age   5:    1101920 bytes,   20877560 total
- age   6:     488024 bytes,   21365584 total
- age   7:     595240 bytes,   21960824 total
- age   8:     653144 bytes,   22613968 total
- age   9:    2112136 bytes,   24726104 total
- age  10:    2080792 bytes,   26806896 total
: 443248K->26286K(471872K), 0.1946409 secs] 498883K->84770K(2044736K), 0.1952645 secs]
Total time for which application threads were stopped: 0.1967421 seconds
Application time: 26.6346465 seconds
1370.997: [GC 1370.997: [ParNew
Desired survivor size 48306584 bytes, new threshold 10 (max 10)
- age   1:    5593592 bytes,    5593592 total
- age   2:   10432256 bytes,   16025848 total
- age   3:     315912 bytes,   16341760 total
- age   4:    6337168 bytes,   22678928 total
- age   5:     930984 bytes,   23609912 total
- age   6:    1101920 bytes,   24711832 total
- age   7:     488024 bytes,   25199856 total
- age   8:     595312 bytes,   25795168 total
- age   9:     653144 bytes,   26448312 total
- age  10:    2112136 bytes,   28560448 total
: 445742K->28005K(471872K), 0.2022832 secs] 504226K->88522K(2044736K), 0.2025731 secs]
Total time for which application threads were stopped: 0.2039429 seconds
Application time: 56.9736698 seconds
1428.174: [GC 1428.175: [ParNew
Desired survivor size 48306584 bytes, new threshold 10 (max 10)
- age   1:    1697392 bytes,    1697392 total
- age   2:    4992160 bytes,    6689552 total
- age   3:   10428480 bytes,   17118032 total
- age   4:     303256 bytes,   17421288 total
- age   5:    6336696 bytes,   23757984 total
- age   6:     930984 bytes,   24688968 total
- age   7:    1101920 bytes,   25790888 total
- age   8:     488024 bytes,   26278912 total
- age   9:     595240 bytes,   26874152 total
- age  10:     653144 bytes,   27527296 total
: 447461K->26995K(471872K), 0.1889538 secs] 507978K->89576K(2044736K), 0.1893295 secs]
Total time for which application threads were stopped: 0.1907178 seconds
Application time: 406.9368456 seconds
1835.302: [GC 1835.302: [ParNew
Desired survivor size 48306584 bytes, new threshold 10 (max 10)
- age   1:    2016648 bytes,    2016648 total
- age   2:     745296 bytes,    2761944 total
- age   3:    4965208 bytes,    7727152 total
- age   4:   10387984 bytes,   18115136 total
- age   5:      18952 bytes,   18134088 total
- age   6:    6336072 bytes,   24470160 total
- age   7:     931056 bytes,   25401216 total
- age   8:    1101920 bytes,   26503136 total
- age   9:     488048 bytes,   26991184 total
- age  10:     595240 bytes,   27586424 total
: 446451K->27049K(471872K), 0.1651528 secs] 509032K->90268K(2044736K), 0.1654664 secs]
Total time for which application threads were stopped: 0.1667476 seconds
Application time: 1552.6223477 seconds
3388.091: [GC 3388.091: [ParNew
Desired survivor size 48306584 bytes, new threshold 10 (max 10)
- age   1:     536200 bytes,     536200 total
- age   2:    1621224 bytes,    2157424 total
- age   3:     440032 bytes,    2597456 total
- age   4:    4462248 bytes,    7059704 total
- age   5:    8536216 bytes,   15595920 total
- age   6:      14456 bytes,   15610376 total
- age   7:    6332056 bytes,   21942432 total
- age   8:     930984 bytes,   22873416 total
- age   9:    1100776 bytes,   23974192 total
- age  10:     488024 bytes,   24462216 total
: 446498K->23980K(471872K), 0.1480812 secs] 509717K->87781K(2044736K), 0.1483828 secs]
Total time for which application threads were stopped: 0.1494708 seconds
Application time: 1233.8427031 seconds
4622.083: [GC 4622.084: [ParNew
Desired survivor size 48306584 bytes, new threshold 10 (max 10)
- age   1:    1775304 bytes,    1775304 total
- age   2:      40344 bytes,    1815648 total
- age   3:    1161344 bytes,    2976992 total
- age   4:     438512 bytes,    3415504 total
- age   5:    4453632 bytes,    7869136 total
- age   6:    8451744 bytes,   16320880 total
- age   7:      14440 bytes,   16335320 total
- age   8:    6298296 bytes,   22633616 total
- age   9:     930984 bytes,   23564600 total
- age  10:    1100744 bytes,   24665344 total
: 443436K->24174K(471872K), 0.1331394 secs] 507237K->88451K(2044736K), 0.1334638 secs]
Total time for which application threads were stopped: 0.1348739 seconds
Application time: 1294.7400876 seconds
5916.958: [GC 5916.959: [ParNew
Desired survivor size 48306584 bytes, new threshold 10 (max 10)
- age   1:    3943232 bytes,    3943232 total
- age   2:      67464 bytes,    4010696 total
- age   3:      34208 bytes,    4044904 total
- age   4:    1009456 bytes,    5054360 total
- age   5:     437680 bytes,    5492040 total
- age   6:    4275960 bytes,    9768000 total
- age   7:    8448896 bytes,   18216896 total
- age   8:      13912 bytes,   18230808 total
- age   9:    6297344 bytes,   24528152 total
- age  10:     930984 bytes,   25459136 total
: 443626K->24955K(471872K), 0.1481890 secs] 507903K->90307K(2044736K), 0.1511569 secs]
Total time for which application threads were stopped: 0.1526496 seconds
Application time: 55.3292546 seconds
5972.441: [GC 5972.441: [ParNew
Desired survivor size 48306584 bytes, new threshold 10 (max 10)
- age   1:    5173224 bytes,    5173224 total
- age   2:    1991128 bytes,    7164352 total
- age   3:      66648 bytes,    7231000 total
- age   4:      34120 bytes,    7265120 total
- age   5:    1009192 bytes,    8274312 total
- age   6:     408560 bytes,    8682872 total
- age   7:     747600 bytes,    9430472 total
- age   8:    7238168 bytes,   16668640 total
- age   9:      13912 bytes,   16682552 total
- age  10:    6294752 bytes,   22977304 total
: 444411K->22527K(471872K), 0.1795098 secs] 509763K->88789K(2044736K), 0.1818963 secs]
Total time for which application threads were stopped: 0.1834711 seconds
Application time: 115.0261891 seconds
6087.650: [GC 6087.652: [ParNew
Desired survivor size 48306584 bytes, new threshold 10 (max 10)
- age   1:   16154280 bytes,   16154280 total
- age   2:    3780976 bytes,   19935256 total
- age   3:    1847544 bytes,   21782800 total
- age   4:      66552 bytes,   21849352 total
- age   5:      33496 bytes,   21882848 total
- age   6:    1008192 bytes,   22891040 total
- age   7:     407952 bytes,   23298992 total
- age   8:     677088 bytes,   23976080 total
- age   9:    7235336 bytes,   31211416 total
- age  10:      13912 bytes,   31225328 total
: 441982K->30566K(471872K), 0.1916225 secs] 508244K->102975K(2044736K), 0.1919424 secs]
Total time for which application threads were stopped: 0.1950720 seconds
Application time: 40.7410473 seconds
6128.586: [GC 6128.586: [ParNew
Desired survivor size 48306584 bytes, new threshold 10 (max 10)
- age   1:    7992576 bytes,    7992576 total
- age   2:    4565928 bytes,   12558504 total
- age   3:    2737200 bytes,   15295704 total
- age   4:    1829616 bytes,   17125320 total
- age   5:      66552 bytes,   17191872 total
- age   6:      33496 bytes,   17225368 total
- age   7:    1007200 bytes,   18232568 total
- age   8:     397928 bytes,   18630496 total
- age   9:     676928 bytes,   19307424 total
- age  10:    7234928 bytes,   26542352 total
: 449995K->26011K(471872K), 0.0948443 secs] 522404K->98434K(2044736K), 0.0956912 secs]
Total time for which application threads were stopped: 0.0967689 seconds
Application time: 18.1564078 seconds
6146.840: [GC 6146.840: [ParNew
Desired survivor size 48306584 bytes, new threshold 10 (max 10)
- age   1:    6960992 bytes,    6960992 total
- age   2:    3157792 bytes,   10118784 total
- age   3:    3950952 bytes,   14069736 total
- age   4:    1303664 bytes,   15373400 total
- age   5:    1828160 bytes,   17201560 total
- age   6:      66552 bytes,   17268112 total
- age   7:      33496 bytes,   17301608 total
- age   8:    1007200 bytes,   18308808 total
- age   9:     397928 bytes,   18706736 total
- age  10:     676480 bytes,   19383216 total
: 445467K->19002K(471872K), 0.1394331 secs] 517890K->98490K(2044736K), 0.1398953 secs]
Total time for which application threads were stopped: 0.1413757 seconds
Application time: 100.6296227 seconds
6247.611: [GC 6247.611: [ParNew
Desired survivor size 48306584 bytes, new threshold 10 (max 10)
- age   1:    4571536 bytes,    4571536 total
- age   2:    5695456 bytes,   10266992 total
- age   3:    3141256 bytes,   13408248 total
- age   4:    3936536 bytes,   17344784 total
- age   5:    1286104 bytes,   18630888 total
- age   6:    1819416 bytes,   20450304 total
- age   7:      66552 bytes,   20516856 total
- age   8:      33496 bytes,   20550352 total
- age   9:     943312 bytes,   21493664 total
- age  10:     307912 bytes,   21801576 total
: 438455K->21364K(471872K), 0.0845689 secs] 517943K->101512K(2044736K), 0.0848812 secs]
Total time for which application threads were stopped: 0.0863673 seconds
Application time: 85.0032609 seconds
6332.700: [GC 6332.700: [ParNew
Desired survivor size 48306584 bytes, new threshold 10 (max 10)
- age   1:    8432728 bytes,    8432728 total
- age   2:    1297152 bytes,    9729880 total
- age   3:    5677112 bytes,   15406992 total
- age   4:    2173952 bytes,   17580944 total
- age   5:    3933560 bytes,   21514504 total
- age   6:    1284176 bytes,   22798680 total
- age   7:    1817208 bytes,   24615888 total
- age   8:      65928 bytes,   24681816 total
- age   9:      33496 bytes,   24715312 total
- age  10:     943312 bytes,   25658624 total
: 440776K->25145K(471872K), 0.0862052 secs] 520924K->105594K(2044736K), 0.0865138 secs]
Total time for which application threads were stopped: 0.0879031 seconds
Application time: 60.7229999 seconds
6393.511: [GC 6393.511: [ParNew
Desired survivor size 48306584 bytes, new threshold 10 (max 10)
- age   1:    4163752 bytes,    4163752 total
- age   2:    3373016 bytes,    7536768 total
- age   3:     685352 bytes,    8222120 total
- age   4:    1757056 bytes,    9979176 total
- age   5:    2172784 bytes,   12151960 total
- age   6:    3928416 bytes,   16080376 total
- age   7:    1283864 bytes,   17364240 total
- age   8:    1539760 bytes,   18904000 total
- age   9:      65304 bytes,   18969304 total
- age  10:      33496 bytes,   19002800 total
: 444601K->18648K(471872K), 0.0896753 secs] 525050K->99977K(2044736K), 0.0900261 secs]
Total time for which application threads were stopped: 0.0914317 seconds
Application time: 256.9992217 seconds
6650.602: [GC 6650.602: [ParNew
Desired survivor size 48306584 bytes, new threshold 10 (max 10)
- age   1:    6282296 bytes,    6282296 total
- age   2:    3955232 bytes,   10237528 total
- age   3:    2350048 bytes,   12587576 total
- age   4:     471296 bytes,   13058872 total
- age   5:     290288 bytes,   13349160 total
- age   6:     894688 bytes,   14243848 total
- age   7:    3924392 bytes,   18168240 total
- age   8:    1231584 bytes,   19399824 total
- age   9:    1532848 bytes,   20932672 total
- age  10:      65240 bytes,   20997912 total
: 438104K->20598K(471872K), 0.0813828 secs] 519433K->101959K(2044736K), 0.0817431 secs]
Total time for which application threads were stopped: 0.0832466 seconds
Application time: 75.3214820 seconds
6726.007: [GC 6726.007: [ParNew
Desired survivor size 48306584 bytes, new threshold 10 (max 10)
- age   1:    4685872 bytes,    4685872 total
- age   2:    3190648 bytes,    7876520 total
- age   3:    1685640 bytes,    9562160 total
- age   4:    2350048 bytes,   11912208 total
- age   5:     471296 bytes,   12383504 total
- age   6:     290288 bytes,   12673792 total
- age   7:     892680 bytes,   13566472 total
- age   8:    3924232 bytes,   17490704 total
- age   9:    1231584 bytes,   18722288 total
- age  10:    1528024 bytes,   20250312 total
: 440054K->19878K(471872K), 0.0814185 secs] 521415K->101303K(2044736K), 0.0817240 secs]
Total time for which application threads were stopped: 0.0833323 seconds
Application time: 133.2461739 seconds
6859.336: [GC 6859.337: [ParNew
Desired survivor size 48306584 bytes, new threshold 10 (max 10)
- age   1:    5307296 bytes,    5307296 total
- age   2:    4088704 bytes,    9396000 total
- age   3:    2074440 bytes,   11470440 total
- age   4:    1584176 bytes,   13054616 total
- age   5:    1954328 bytes,   15008944 total
- age   6:     471296 bytes,   15480240 total
- age   7:     290288 bytes,   15770528 total
- age   8:     892680 bytes,   16663208 total
- age   9:    3923712 bytes,   20586920 total
- age  10:    1231064 bytes,   21817984 total
: 439303K->21399K(471872K), 0.0994355 secs] 520728K->104312K(2044736K), 0.0998706 secs]
Total time for which application threads were stopped: 0.1015196 seconds
Application time: 47.6100621 seconds
6907.048: [GC 6907.048: [ParNew
Desired survivor size 48306584 bytes, new threshold 10 (max 10)
- age   1:    3282288 bytes,    3282288 total
- age   2:    2393304 bytes,    5675592 total
- age   3:    1596248 bytes,    7271840 total
- age   4:    2016976 bytes,    9288816 total
- age   5:     938624 bytes,   10227440 total
- age   6:    1954328 bytes,   12181768 total
- age   7:     471296 bytes,   12653064 total
- age   8:     290288 bytes,   12943352 total
- age   9:     892680 bytes,   13836032 total
- age  10:    3923192 bytes,   17759224 total
: 440855K->17422K(471872K), 0.0869695 secs] 523768K->101537K(2044736K), 0.0873147 secs]
Total time for which application threads were stopped: 0.0887936 seconds
Application time: 325.2101675 seconds
7232.348: [GC 7232.348: [ParNew
Desired survivor size 48306584 bytes, new threshold 10 (max 10)
- age   1:    8141864 bytes,    8141864 total
- age   2:    2187824 bytes,   10329688 total
- age   3:     906152 bytes,   11235840 total
- age   4:    1552208 bytes,   12788048 total
- age   5:    1948624 bytes,   14736672 total
- age   6:     651920 bytes,   15388592 total
- age   7:    1953704 bytes,   17342296 total
- age   8:     389816 bytes,   17732112 total
- age   9:     290288 bytes,   18022400 total
- age  10:     660616 bytes,   18683016 total
: 436878K->18321K(471872K), 0.0868998 secs] 520993K->106266K(2044736K), 0.0872867 secs]
Total time for which application threads were stopped: 0.0899715 seconds
Application time: 61.9902788 seconds
7294.427: [GC 7294.427: [ParNew
Desired survivor size 48306584 bytes, new threshold 10 (max 10)
- age   1:    3381648 bytes,    3381648 total
- age   2:    2259680 bytes,    5641328 total
- age   3:      47816 bytes,    5689144 total
- age   4:     906008 bytes,    6595152 total
- age   5:    1552208 bytes,    8147360 total
- age   6:    1948624 bytes,   10095984 total
- age   7:     651864 bytes,   10747848 total
- age   8:    1953704 bytes,   12701552 total
- age   9:     389816 bytes,   13091368 total
- age  10:     290288 bytes,   13381656 total
: 437777K->13139K(471872K), 0.0651425 secs] 525722K->101730K(2044736K), 0.0654545 secs]
Total time for which application threads were stopped: 0.0668612 seconds
Application time: 271.7298577 seconds
7566.224: [GC 7566.225: [ParNew
Desired survivor size 48306584 bytes, new threshold 10 (max 10)
- age   1:    5771680 bytes,    5771680 total
- age   2:    2230048 bytes,    8001728 total
- age   3:     447752 bytes,    8449480 total
- age   4:      46776 bytes,    8496256 total
- age   5:     905944 bytes,    9402200 total
- age   6:    1552016 bytes,   10954216 total
- age   7:    1947448 bytes,   12901664 total
- age   8:     651808 bytes,   13553472 total
- age   9:    1953704 bytes,   15507176 total
- age  10:     389816 bytes,   15896992 total
: 432573K->15599K(471872K), 0.0701677 secs] 521164K->104474K(2044736K), 0.0704738 secs]
Total time for which application threads were stopped: 0.0724410 seconds
Application time: 68.7556175 seconds
7635.057: [GC 7635.057: [ParNew
Desired survivor size 48306584 bytes, new threshold 10 (max 10)
- age   1:    3967864 bytes,    3967864 total
- age   2:    1908192 bytes,    5876056 total
- age   3:      41008 bytes,    5917064 total
- age   4:     446760 bytes,    6363824 total
- age   5:      46776 bytes,    6410600 total
- age   6:     905944 bytes,    7316544 total
- age   7:    1552016 bytes,    8868560 total
- age   8:    1947448 bytes,   10816008 total
- age   9:     651808 bytes,   11467816 total
- age  10:    1953704 bytes,   13421520 total
: 435055K->13182K(471872K), 0.0753202 secs] 523930K->102437K(2044736K), 0.0756915 secs]
Total time for which application threads were stopped: 0.0819076 seconds
Application time: 180.8613614 seconds
7815.995: [GC 7815.995: [ParNew
Desired survivor size 48306584 bytes, new threshold 10 (max 10)
- age   1:    9973536 bytes,    9973536 total
- age   2:    2481432 bytes,   12454968 total
- age   3:     709552 bytes,   13164520 total
- age   4:      40488 bytes,   13205008 total
- age   5:     309504 bytes,   13514512 total
- age   6:      46776 bytes,   13561288 total
- age   7:     905944 bytes,   14467232 total
- age   8:    1552016 bytes,   16019248 total
- age   9:    1946928 bytes,   17966176 total
- age  10:     650768 bytes,   18616944 total
: 432636K->18239K(471872K), 0.0751863 secs] 521891K->109402K(2044736K), 0.0755298 secs]
Total time for which application threads were stopped: 0.0766365 seconds
Application time: 18.3927458 seconds
7834.465: [GC 7834.465: [ParNew
Desired survivor size 48306584 bytes, new threshold 10 (max 10)
- age   1:    3896384 bytes,    3896384 total
- age   2:    1644208 bytes,    5540592 total
- age   3:     300944 bytes,    5841536 total
- age   4:     330768 bytes,    6172304 total
- age   5:      40488 bytes,    6212792 total
- age   6:     309504 bytes,    6522296 total
- age   7:      46776 bytes,    6569072 total
- age   8:     905944 bytes,    7475016 total
- age   9:    1552016 bytes,    9027032 total
- age  10:    1946928 bytes,   10973960 total
: 437678K->10774K(471872K), 0.0661795 secs] 528841K->102573K(2044736K), 0.0664947 secs]
Total time for which application threads were stopped: 0.0680263 seconds
Application time: 385.8763612 seconds
8220.409: [GC 8220.410: [ParNew
Desired survivor size 48306584 bytes, new threshold 10 (max 10)
- age   1:   10839392 bytes,   10839392 total
- age   2:    2813568 bytes,   13652960 total
- age   3:     936568 bytes,   14589528 total
- age   4:     155024 bytes,   14744552 total
- age   5:      36976 bytes,   14781528 total
- age   6:      40488 bytes,   14822016 total
- age   7:     308984 bytes,   15131000 total
- age   8:      46776 bytes,   15177776 total
- age   9:     905944 bytes,   16083720 total
- age  10:    1548432 bytes,   17632152 total
: 430230K->17267K(471872K), 0.0923764 secs] 522029K->110966K(2044736K), 0.0927521 secs]
Total time for which application threads were stopped: 0.0942561 seconds
Application time: 8.8990614 seconds
8229.403: [GC 8229.403: [ParNew
Desired survivor size 48306584 bytes, new threshold 10 (max 10)
- age   1:    5617240 bytes,    5617240 total
- age   2:    5649968 bytes,   11267208 total
- age   3:      45344 bytes,   11312552 total
- age   4:     406072 bytes,   11718624 total
- age   5:     155000 bytes,   11873624 total
- age   6:      36896 bytes,   11910520 total
- age   7:      40488 bytes,   11951008 total
- age   8:     308984 bytes,   12259992 total
- age   9:      46776 bytes,   12306768 total
- age  10:     905944 bytes,   13212712 total
: 436668K->12940K(471872K), 0.0539648 secs] 530367K->108151K(2044736K), 0.0543473 secs]
Total time for which application threads were stopped: 0.0562860 seconds
Application time: 305.1147849 seconds
8534.574: [GC 8534.574: [ParNew
Desired survivor size 48306584 bytes, new threshold 10 (max 10)
- age   1:    7478320 bytes,    7478320 total
- age   2:    2503096 bytes,    9981416 total
- age   3:    5253760 bytes,   15235176 total
- age   4:      37584 bytes,   15272760 total
- age   5:     403368 bytes,   15676128 total
- age   6:     154368 bytes,   15830496 total
- age   7:      36896 bytes,   15867392 total
- age   8:      40488 bytes,   15907880 total
- age   9:     307944 bytes,   16215824 total
- age  10:      46776 bytes,   16262600 total
: 432396K->15920K(471872K), 0.0486866 secs] 527607K->112016K(2044736K), 0.0490535 secs]
Total time for which application threads were stopped: 0.0504451 seconds
Application time: 106.2845576 seconds
8640.909: [GC 8640.909: [ParNew
Desired survivor size 48306584 bytes, new threshold 10 (max 10)
- age   1:    3731752 bytes,    3731752 total
- age   2:    1628496 bytes,    5360248 total
- age   3:      41696 bytes,    5401944 total
- age   4:    5245904 bytes,   10647848 total
- age   5:      37064 bytes,   10684912 total
- age   6:     403368 bytes,   11088280 total
- age   7:     154368 bytes,   11242648 total
- age   8:      36896 bytes,   11279544 total
- age   9:      40488 bytes,   11320032 total
- age  10:     307944 bytes,   11627976 total
: 435373K->11386K(471872K), 0.0446415 secs] 531469K->107528K(2044736K), 0.0449729 secs]
Total time for which application threads were stopped: 0.0467288 seconds
Application time: 10.6551121 seconds
8651.611: [GC 8651.611: [ParNew
Desired survivor size 48306584 bytes, new threshold 10 (max 10)
- age   1:    7125056 bytes,    7125056 total
- age   2:     972456 bytes,    8097512 total
- age   3:     640848 bytes,    8738360 total
- age   4:      41664 bytes,    8780024 total
- age   5:    5120136 bytes,   13900160 total
- age   6:      37064 bytes,   13937224 total
- age   7:     403368 bytes,   14340592 total
- age   8:     154368 bytes,   14494960 total
- age   9:      36896 bytes,   14531856 total
- age  10:      40488 bytes,   14572344 total
: 430842K->14285K(471872K), 0.0759859 secs] 526984K->110727K(2044736K), 0.0763448 secs]
Total time for which application threads were stopped: 0.0779189 seconds
Application time: 58.4925896 seconds
8710.182: [GC 8710.182: [ParNew
Desired survivor size 48306584 bytes, new threshold 10 (max 10)
- age   1:    1489824 bytes,    1489824 total
- age   2:    6577328 bytes,    8067152 total
- age   3:     971992 bytes,    9039144 total
- age   4:     638496 bytes,    9677640 total
- age   5:      41664 bytes,    9719304 total
- age   6:    5119168 bytes,   14838472 total
- age   7:      37064 bytes,   14875536 total
- age   8:     402848 bytes,   15278384 total
- age   9:     153848 bytes,   15432232 total
- age  10:      36896 bytes,   15469128 total
: 433741K->15161K(471872K), 0.0573053 secs] 530183K->111643K(2044736K), 0.0576755 secs]
Total time for which application threads were stopped: 0.0592732 seconds
Application time: 68.5996456 seconds
8778.843: [GC 8778.843: [ParNew
Desired survivor size 48306584 bytes, new threshold 10 (max 10)
- age   1:    5606760 bytes,    5606760 total
- age   2:     870504 bytes,    6477264 total
- age   3:    3411456 bytes,    9888720 total
- age   4:     969768 bytes,   10858488 total
- age   5:     629160 bytes,   11487648 total
- age   6:      41664 bytes,   11529312 total
- age   7:    4842264 bytes,   16371576 total
- age   8:      37064 bytes,   16408640 total
- age   9:     402960 bytes,   16811600 total
- age  10:     153848 bytes,   16965448 total
: 434589K->16624K(471872K), 0.0559330 secs] 531071K->113142K(2044736K), 0.0562502 secs]
Total time for which application threads were stopped: 0.0603631 seconds
Application time: 213.3706339 seconds
8992.271: [GC 8992.272: [ParNew
Desired survivor size 48306584 bytes, new threshold 10 (max 10)
- age   1:    4392928 bytes,    4392928 total
- age   2:    2929472 bytes,    7322400 total
- age   3:     297568 bytes,    7619968 total
- age   4:    1943088 bytes,    9563056 total
- age   5:     955248 bytes,   10518304 total
- age   6:     495008 bytes,   11013312 total
- age   7:      41664 bytes,   11054976 total
- age   8:    4840680 bytes,   15895656 total
- age   9:      37064 bytes,   15932720 total
- age  10:     401808 bytes,   16334528 total
: 436080K->16008K(471872K), 0.0633589 secs] 532598K->112676K(2044736K), 0.0638841 secs]
Total time for which application threads were stopped: 0.0659847 seconds
Application time: 55.0619450 seconds
9047.399: [GC 9047.400: [ParNew
Desired survivor size 48306584 bytes, new threshold 10 (max 10)
- age   1:    5106888 bytes,    5106888 total
- age   2:    3121624 bytes,    8228512 total
- age   3:    1730272 bytes,    9958784 total
- age   4:     290304 bytes,   10249088 total
- age   5:    1943088 bytes,   12192176 total
- age   6:     955248 bytes,   13147424 total
- age   7:     495008 bytes,   13642432 total
- age   8:      41664 bytes,   13684096 total
- age   9:    4840096 bytes,   18524192 total
- age  10:      37064 bytes,   18561256 total
: 435450K->18200K(471872K), 0.0702980 secs] 532118K->115261K(2044736K), 0.0706630 secs]
Total time for which application threads were stopped: 0.0721323 seconds
Application time: 64.5390090 seconds
9112.011: [GC 9112.011: [ParNew
Desired survivor size 48306584 bytes, new threshold 10 (max 10)
- age   1:    6932520 bytes,    6932520 total
- age   2:    3782784 bytes,   10715304 total
- age   3:     947464 bytes,   11662768 total
- age   4:     977464 bytes,   12640232 total
- age   5:     163992 bytes,   12804224 total
- age   6:    1943088 bytes,   14747312 total
- age   7:     740632 bytes,   15487944 total
- age   8:     495008 bytes,   15982952 total
- age   9:      41664 bytes,   16024616 total
- age  10:    4839576 bytes,   20864192 total
: 437656K->20458K(471872K), 0.0794631 secs] 534717K->117555K(2044736K), 0.0798124 secs]
Total time for which application threads were stopped: 0.0813273 seconds
Application time: 419.1094501 seconds
9531.203: [GC 9531.204: [ParNew
Desired survivor size 48306584 bytes, new threshold 10 (max 10)
- age   1:    6378864 bytes,    6378864 total
- age   2:    3645128 bytes,   10023992 total
- age   3:    2671128 bytes,   12695120 total
- age   4:     931088 bytes,   13626208 total
- age   5:     700016 bytes,   14326224 total
- age   6:     163992 bytes,   14490216 total
- age   7:    1943088 bytes,   16433304 total
- age   8:     740632 bytes,   17173936 total
- age   9:     494384 bytes,   17668320 total
- age  10:      41664 bytes,   17709984 total
: 439844K->17386K(471872K), 0.0926173 secs] 536941K->119208K(2044736K), 0.0929309 secs]
Total time for which application threads were stopped: 0.0964302 seconds
Application time: 17.3152266 seconds
9548.613: [GC 9548.613: [ParNew
Desired survivor size 48306584 bytes, new threshold 10 (max 10)
- age   1:    4160160 bytes,    4160160 total
- age   2:    3396640 bytes,    7556800 total
- age   3:    1389584 bytes,    8946384 total
- age   4:    2446808 bytes,   11393192 total
- age   5:     931088 bytes,   12324280 total
- age   6:     699392 bytes,   13023672 total
- age   7:     163992 bytes,   13187664 total
- age   8:    1943088 bytes,   15130752 total
- age   9:     740632 bytes,   15871384 total
- age  10:     494384 bytes,   16365768 total
: 436842K->16080K(471872K), 0.0814908 secs] 538664K->117943K(2044736K), 0.0817874 secs]
Total time for which application threads were stopped: 0.0829439 seconds
Application time: 390.7467612 seconds
9939.443: [GC 9939.443: [ParNew
Desired survivor size 48306584 bytes, new threshold 10 (max 10)
- age   1:    4788576 bytes,    4788576 total
- age   2:    3133528 bytes,    7922104 total
- age   3:    3298352 bytes,   11220456 total
- age   4:    1381696 bytes,   12602152 total
- age   5:    2446728 bytes,   15048880 total
- age   6:     930816 bytes,   15979696 total
- age   7:     699392 bytes,   16679088 total
- age   8:     164016 bytes,   16843104 total
- age   9:    1943088 bytes,   18786192 total
- age  10:     740168 bytes,   19526360 total
: 435536K->19162K(471872K), 0.0960673 secs] 537399K->121508K(2044736K), 0.0964308 secs]
Total time for which application threads were stopped: 0.0981346 seconds
Application time: 59.3117605 seconds
9998.854: [GC 9998.854: [ParNew
Desired survivor size 48306584 bytes, new threshold 10 (max 10)
- age   1:    6158832 bytes,    6158832 total
- age   2:    3755592 bytes,    9914424 total
- age   3:    1791496 bytes,   11705920 total
- age   4:    2054512 bytes,   13760432 total
- age   5:    1381696 bytes,   15142128 total
- age   6:    2446728 bytes,   17588856 total
- age   7:     930760 bytes,   18519616 total
- age   8:     699392 bytes,   19219008 total
- age   9:     163992 bytes,   19383000 total
- age  10:    1943088 bytes,   21326088 total
: 438618K->20939K(471872K), 0.1061168 secs] 540964K->124011K(2044736K), 0.1064891 secs]
Total time for which application threads were stopped: 0.1092921 seconds
Application time: 39.7307603 seconds
10038.693: [GC 10038.693: [ParNew
Desired survivor size 48306584 bytes, new threshold 10 (max 10)
- age   1:    5845568 bytes,    5845568 total
- age   2:    4048440 bytes,    9894008 total
- age   3:    3739448 bytes,   13633456 total
- age   4:    1485096 bytes,   15118552 total
- age   5:    2054512 bytes,   17173064 total
- age   6:    1255904 bytes,   18428968 total
- age   7:    2446272 bytes,   20875240 total
- age   8:     930760 bytes,   21806000 total
- age   9:     699392 bytes,   22505392 total
- age  10:     163024 bytes,   22668416 total
: 440213K->22238K(471872K), 0.1126034 secs] 543284K->127209K(2044736K), 0.1129364 secs]
Total time for which application threads were stopped: 0.1145095 seconds
Application time: 66.9330818 seconds
10105.740: [GC 10105.741: [ParNew
Desired survivor size 48306584 bytes, new threshold 10 (max 10)
- age   1:    7101792 bytes,    7101792 total
- age   2:    2017752 bytes,    9119544 total
- age   3:    2856840 bytes,   11976384 total
- age   4:    3731808 bytes,   15708192 total
- age   5:    1484960 bytes,   17193152 total
- age   6:    2054512 bytes,   19247664 total
- age   7:    1255904 bytes,   20503568 total
- age   8:    2446272 bytes,   22949840 total
- age   9:     930760 bytes,   23880600 total
- age  10:     699392 bytes,   24579992 total
: 441684K->24117K(471872K), 0.1004145 secs] 546654K->129249K(2044736K), 0.1007441 secs]
Total time for which application threads were stopped: 0.1019310 seconds
Application time: 14.7358279 seconds
10120.579: [GC 10120.579: [ParNew
Desired survivor size 48306584 bytes, new threshold 10 (max 10)
- age   1:    5675576 bytes,    5675576 total
- age   2:    3169936 bytes,    8845512 total
- age   3:    1029200 bytes,    9874712 total
- age   4:    2796216 bytes,   12670928 total
- age   5:    3729136 bytes,   16400064 total
- age   6:    1484960 bytes,   17885024 total
- age   7:    2054512 bytes,   19939536 total
- age   8:    1255904 bytes,   21195440 total
- age   9:    2446272 bytes,   23641712 total
- age  10:     930760 bytes,   24572472 total
: 443565K->24116K(471872K), 0.1133123 secs] 548697K->129933K(2044736K), 0.1136609 secs]
Total time for which application threads were stopped: 0.1155328 seconds
Application time: 70.8440352 seconds
10191.538: [GC 10191.538: [ParNew
Desired survivor size 48306584 bytes, new threshold 10 (max 10)
- age   1:    5351048 bytes,    5351048 total
- age   2:    4478296 bytes,    9829344 total
- age   3:    2464600 bytes,   12293944 total
- age   4:    1029200 bytes,   13323144 total
- age   5:    2796216 bytes,   16119360 total
- age   6:    3718616 bytes,   19837976 total
- age   7:    1484960 bytes,   21322936 total
- age   8:    2054512 bytes,   23377448 total
- age   9:    1255904 bytes,   24633352 total
- age  10:    2446272 bytes,   27079624 total
: 443548K->26564K(471872K), 0.1044697 secs] 549364K->133288K(2044736K), 0.1053542 secs]
Total time for which application threads were stopped: 0.1068896 seconds
Application time: 246.1520854 seconds
10437.797: [GC 10437.798: [ParNew
Desired survivor size 48306584 bytes, new threshold 10 (max 10)
- age   1:   11401776 bytes,   11401776 total
- age   2:    1354784 bytes,   12756560 total
- age   3:    3416080 bytes,   16172640 total
- age   4:     934968 bytes,   17107608 total
- age   5:     562568 bytes,   17670176 total
- age   6:    2786384 bytes,   20456560 total
- age   7:     591960 bytes,   21048520 total
- age   8:    1485016 bytes,   22533536 total
- age   9:    2053400 bytes,   24586936 total
- age  10:    1255904 bytes,   25842840 total
: 446020K->25338K(471872K), 0.1070413 secs] 552744K->134451K(2044736K), 0.1073274 secs]
Total time for which application threads were stopped: 0.1090871 seconds
Application time: 14.9261458 seconds
10452.832: [GC 10452.833: [ParNew
Desired survivor size 48306584 bytes, new threshold 10 (max 10)
- age   1:    3274952 bytes,    3274952 total
- age   2:    6363112 bytes,    9638064 total
- age   3:     934488 bytes,   10572552 total
- age   4:    2307896 bytes,   12880448 total
- age   5:     461816 bytes,   13342264 total
- age   6:     562568 bytes,   13904832 total
- age   7:    2786384 bytes,   16691216 total
- age   8:     591960 bytes,   17283176 total
- age   9:    1484960 bytes,   18768136 total
- age  10:    2053400 bytes,   20821536 total
: 444794K->20426K(471872K), 0.0892227 secs] 553907K->130765K(2044736K), 0.0895520 secs]
Total time for which application threads were stopped: 0.0909837 seconds
Application time: 17.9099616 seconds
10470.833: [GC 10470.834: [ParNew
Desired survivor size 48306584 bytes, new threshold 10 (max 10)
- age   1:    4373760 bytes,    4373760 total
- age   2:     916880 bytes,    5290640 total
- age   3:    5395968 bytes,   10686608 total
- age   4:     932592 bytes,   11619200 total
- age   5:    2307896 bytes,   13927096 total
- age   6:     461816 bytes,   14388912 total
- age   7:     562568 bytes,   14951480 total
- age   8:    2786384 bytes,   17737864 total
- age   9:     591960 bytes,   18329824 total
- age  10:    1484960 bytes,   19814784 total
: 439873K->19441K(471872K), 0.1004160 secs] 550212K->131785K(2044736K), 0.1007731 secs]
Total time for which application threads were stopped: 0.1023039 seconds
Application time: 45.3459161 seconds
10516.282: [GC 10516.282: [ParNew
Desired survivor size 48306584 bytes, new threshold 10 (max 10)
- age   1:    4292584 bytes,    4292584 total
- age   2:    1922456 bytes,    6215040 total
- age   3:     914440 bytes,    7129480 total
- age   4:    5334952 bytes,   12464432 total
- age   5:     815824 bytes,   13280256 total
- age   6:    2307872 bytes,   15588128 total
- age   7:     461176 bytes,   16049304 total
- age   8:     562568 bytes,   16611872 total
- age   9:    2786384 bytes,   19398256 total
- age  10:     528520 bytes,   19926776 total
: 438870K->19541K(471872K), 0.0839374 secs] 551215K->132934K(2044736K), 0.0842785 secs]
Total time for which application threads were stopped: 0.0860706 seconds
Application time: 36.1753213 seconds
10552.543: [GC 10552.543: [ParNew
Desired survivor size 48306584 bytes, new threshold 10 (max 10)
- age   1:    5739608 bytes,    5739608 total
- age   2:    1206848 bytes,    6946456 total
- age   3:     843248 bytes,    7789704 total
- age   4:     914440 bytes,    8704144 total
- age   5:    5329240 bytes,   14033384 total
- age   6:     815824 bytes,   14849208 total
- age   7:    2300608 bytes,   17149816 total
- age   8:     461176 bytes,   17610992 total
- age   9:     436800 bytes,   18047792 total
- age  10:    2509456 bytes,   20557248 total
: 438997K->20163K(471872K), 0.0960781 secs] 552390K->133998K(2044736K), 0.0964060 secs]
Total time for which application threads were stopped: 0.0981667 seconds
Application time: 26.2466090 seconds
10578.889: [GC 10578.889: [ParNew
Desired survivor size 48306584 bytes, new threshold 10 (max 10)
- age   1:    7009720 bytes,    7009720 total
- age   2:    3111056 bytes,   10120776 total
- age   3:    1152616 bytes,   11273392 total
- age   4:     842896 bytes,   12116288 total
- age   5:     851512 bytes,   12967800 total
- age   6:    2157488 bytes,   15125288 total
- age   7:     815824 bytes,   15941112 total
- age   8:    2300608 bytes,   18241720 total
- age   9:     461176 bytes,   18702896 total
- age  10:     436800 bytes,   19139696 total
: 439619K->18774K(471872K), 0.0923690 secs] 553454K->135059K(2044736K), 0.0926921 secs]
Total time for which application threads were stopped: 0.0947987 seconds
Application time: 7.8616696 seconds
10586.845: [GC 10586.845: [ParNew
Desired survivor size 48306584 bytes, new threshold 10 (max 10)
- age   1:    4586128 bytes,    4586128 total
- age   2:    4321240 bytes,    8907368 total
- age   3:    1752696 bytes,   10660064 total
- age   4:    1037488 bytes,   11697552 total
- age   5:     842896 bytes,   12540448 total
- age   6:     834344 bytes,   13374792 total
- age   7:    2156840 bytes,   15531632 total
- age   8:     812816 bytes,   16344448 total
- age   9:    1642944 bytes,   17987392 total
- age  10:     461176 bytes,   18448568 total
: 438230K->18093K(471872K), 0.0678600 secs] 554515K->134805K(2044736K), 0.0681886 secs]
Total time for which application threads were stopped: 0.0696427 seconds
Application time: 20.5764631 seconds
10607.491: [GC 10607.491: [ParNew
Desired survivor size 48306584 bytes, new threshold 10 (max 10)
- age   1:    4479416 bytes,    4479416 total
- age   2:    2889888 bytes,    7369304 total
- age   3:    3969352 bytes,   11338656 total
- age   4:    1534424 bytes,   12873080 total
- age   5:    1034848 bytes,   13907928 total
- age   6:     839464 bytes,   14747392 total
- age   7:     831704 bytes,   15579096 total
- age   8:     294128 bytes,   15873224 total
- age   9:     308328 bytes,   16181552 total
- age  10:    1636096 bytes,   17817648 total
: 437540K->17473K(471872K), 0.0643265 secs] 554252K->134635K(2044736K), 0.0646292 secs]
Total time for which application threads were stopped: 0.0662546 seconds
Application time: 55.6968213 seconds
10663.254: [GC 10663.254: [ParNew
Desired survivor size 48306584 bytes, new threshold 10 (max 10)
- age   1:   11154320 bytes,   11154320 total
- age   2:    3196344 bytes,   14350664 total
- age   3:    1835896 bytes,   16186560 total
- age   4:     758504 bytes,   16945064 total
- age   5:    1320640 bytes,   18265704 total
- age   6:     566816 bytes,   18832520 total
- age   7:     821952 bytes,   19654472 total
- age   8:     813296 bytes,   20467768 total
- age   9:     176320 bytes,   20644088 total
- age  10:     181040 bytes,   20825128 total
: 436905K->20403K(471872K), 0.0782253 secs] 554067K->139163K(2044736K), 0.0785425 secs]
Total time for which application threads were stopped: 0.0801544 seconds
Application time: 17.9125663 seconds
10681.247: [GC 10681.247: [ParNew
Desired survivor size 48306584 bytes, new threshold 10 (max 10)
- age   1:    3262472 bytes,    3262472 total
- age   2:    5377504 bytes,    8639976 total
- age   3:    2618552 bytes,   11258528 total
- age   4:     773464 bytes,   12031992 total
- age   5:     758504 bytes,   12790496 total
- age   6:     957632 bytes,   13748128 total
- age   7:     452776 bytes,   14200904 total
- age   8:     821952 bytes,   15022856 total
- age   9:     813272 bytes,   15836128 total
- age  10:     174240 bytes,   16010368 total
: 439859K->15701K(471872K), 0.0528579 secs] 558619K->134638K(2044736K), 0.0546662 secs]
Total time for which application threads were stopped: 0.0561826 seconds
Application time: 50.5170350 seconds
10731.820: [GC 10731.820: [ParNew
Desired survivor size 48306584 bytes, new threshold 10 (max 10)
- age   1:   11813840 bytes,   11813840 total
- age   2:    2887696 bytes,   14701536 total
- age   3:    4213344 bytes,   18914880 total
- age   4:    2618160 bytes,   21533040 total
- age   5:     773464 bytes,   22306504 total
- age   6:     758504 bytes,   23065008 total
- age   7:     948224 bytes,   24013232 total
- age   8:     452776 bytes,   24466008 total
- age   9:     821952 bytes,   25287960 total
- age  10:     813272 bytes,   26101232 total
: 435157K->25569K(471872K), 0.0723104 secs] 554094K->144674K(2044736K), 0.0732010 secs]
Total time for which application threads were stopped: 0.0747223 seconds
Application time: 12.3518328 seconds
10744.246: [GC 10744.247: [ParNew
Desired survivor size 48306584 bytes, new threshold 10 (max 10)
- age   1:    7327384 bytes,    7327384 total
- age   2:    4519952 bytes,   11847336 total
- age   3:    1050344 bytes,   12897680 total
- age   4:    4039928 bytes,   16937608 total
- age   5:    2618160 bytes,   19555768 total
- age   6:     773464 bytes,   20329232 total
- age   7:     758504 bytes,   21087736 total
- age   8:     948224 bytes,   22035960 total
- age   9:     337576 bytes,   22373536 total
- age  10:     821952 bytes,   23195488 total
: 445025K->22739K(471872K), 0.0783456 secs] 564130K->142638K(2044736K), 0.0786303 secs]
Total time for which application threads were stopped: 0.0801871 seconds
Application time: 39.3507143 seconds
10783.678: [GC 10783.678: [ParNew
Desired survivor size 48306584 bytes, new threshold 10 (max 10)
- age   1:    2893448 bytes,    2893448 total
- age   2:    6075696 bytes,    8969144 total
- age   3:    4518816 bytes,   13487960 total
- age   4:     935232 bytes,   14423192 total
- age   5:    4007328 bytes,   18430520 total
- age   6:    2542720 bytes,   20973240 total
- age   7:     772072 bytes,   21745312 total
- age   8:     718232 bytes,   22463544 total
- age   9:     941840 bytes,   23405384 total
- age  10:     337576 bytes,   23742960 total
: 442158K->23272K(471872K), 0.0807414 secs] 562057K->143969K(2044736K), 0.0810538 secs]
Total time for which application threads were stopped: 0.0828018 seconds
Application time: 41.3840871 seconds
10825.144: [GC 10825.145: [ParNew
Desired survivor size 48306584 bytes, new threshold 10 (max 10)
- age   1:   14544504 bytes,   14544504 total
- age   2:     666088 bytes,   15210592 total
- age   3:    5979024 bytes,   21189616 total
- age   4:    4518816 bytes,   25708432 total
- age   5:     935232 bytes,   26643664 total
- age   6:     837560 bytes,   27481224 total
- age   7:    1005744 bytes,   28486968 total
- age   8:     772072 bytes,   29259040 total
- age   9:     718232 bytes,   29977272 total
- age  10:     941056 bytes,   30918328 total
: 442678K->30271K(471872K), 0.0790603 secs] 563374K->151294K(2044736K), 0.0794223 secs]
Total time for which application threads were stopped: 0.0809593 seconds
Application time: 35.7162326 seconds
10860.942: [GC 10860.942: [ParNew
Desired survivor size 48306584 bytes, new threshold 10 (max 10)
- age   1:    9373904 bytes,    9373904 total
- age   2:    4306632 bytes,   13680536 total
- age   3:     631440 bytes,   14311976 total
- age   4:    5979024 bytes,   20291000 total
- age   5:    2139632 bytes,   22430632 total
- age   6:     935232 bytes,   23365864 total
- age   7:     836432 bytes,   24202296 total
- age   8:    1005744 bytes,   25208040 total
- age   9:     772072 bytes,   25980112 total
- age  10:     716808 bytes,   26696920 total
: 449697K->26154K(471872K), 0.0835600 secs] 570720K->148095K(2044736K), 0.0839016 secs]
Total time for which application threads were stopped: 0.0855826 seconds
Application time: 54.2368951 seconds
10915.264: [GC 10915.264: [ParNew
Desired survivor size 48306584 bytes, new threshold 10 (max 10)
- age   1:    3771840 bytes,    3771840 total
- age   2:    2962416 bytes,    6734256 total
- age   3:    4141864 bytes,   10876120 total
- age   4:     621584 bytes,   11497704 total
- age   5:    1215536 bytes,   12713240 total
- age   6:    2139632 bytes,   14852872 total
- age   7:     935232 bytes,   15788104 total
- age   8:     833520 bytes,   16621624 total
- age   9:     922720 bytes,   17544344 total
- age  10:     769832 bytes,   18314176 total
: 445610K->17957K(471872K), 0.0678468 secs] 567551K->140595K(2044736K), 0.0681661 secs]
Total time for which application threads were stopped: 0.0697493 seconds
Application time: 49.0985030 seconds
10964.432: [GC 10964.433: [ParNew
Desired survivor size 48306584 bytes, new threshold 10 (max 10)
- age   1:    6492072 bytes,    6492072 total
- age   2:    2003560 bytes,    8495632 total
- age   3:    1979880 bytes,   10475512 total
- age   4:    4140800 bytes,   14616312 total
- age   5:     621584 bytes,   15237896 total
- age   6:    1215536 bytes,   16453432 total
- age   7:    2132368 bytes,   18585800 total
- age   8:     935232 bytes,   19521032 total
- age   9:     826288 bytes,   20347320 total
- age  10:     922720 bytes,   21270040 total
: 437413K->20856K(471872K), 0.0760117 secs] 560051K->144246K(2044736K), 0.0763122 secs]
Total time for which application threads were stopped: 0.0778992 seconds
Application time: 33.5551449 seconds
10998.066: [GC 10998.066: [ParNew
Desired survivor size 48306584 bytes, new threshold 10 (max 10)
- age   1:    6731216 bytes,    6731216 total
- age   2:    3374328 bytes,   10105544 total
- age   3:    1109000 bytes,   11214544 total
- age   4:    1979880 bytes,   13194424 total
- age   5:    1075904 bytes,   14270328 total
- age   6:     620960 bytes,   14891288 total
- age   7:    1215536 bytes,   16106824 total
- age   8:    2131584 bytes,   18238408 total
- age   9:     932992 bytes,   19171400 total
- age  10:     826288 bytes,   19997688 total
: 440312K->19616K(471872K), 0.0784151 secs] 563702K->143907K(2044736K), 0.0787684 secs]
Total time for which application threads were stopped: 0.0802718 seconds
Application time: 94.2303892 seconds
11092.376: [GC 11092.376: [ParNew
Desired survivor size 48306584 bytes, new threshold 10 (max 10)
- age   1:   12137064 bytes,   12137064 total
- age   2:    2060728 bytes,   14197792 total
- age   3:    3366384 bytes,   17564176 total
- age   4:    1026672 bytes,   18590848 total
- age   5:    1978944 bytes,   20569792 total
- age   6:     380632 bytes,   20950424 total
- age   7:     541744 bytes,   21492168 total
- age   8:    1214304 bytes,   22706472 total
- age   9:    2001152 bytes,   24707624 total
- age  10:     932976 bytes,   25640600 total
: 439070K->25118K(471872K), 0.0830793 secs] 563361K->150219K(2044736K), 0.0834312 secs]
Total time for which application threads were stopped: 0.0849508 seconds
Application time: 46.9187310 seconds
11139.380: [GC 11139.381: [ParNew
Desired survivor size 48306584 bytes, new threshold 10 (max 10)
- age   1:    5738984 bytes,    5738984 total
- age   2:    5600272 bytes,   11339256 total
- age   3:    2052024 bytes,   13391280 total
- age   4:    2398600 bytes,   15789880 total
- age   5:    1026672 bytes,   16816552 total
- age   6:    1977712 bytes,   18794264 total
- age   7:     379176 bytes,   19173440 total
- age   8:     468528 bytes,   19641968 total
- age   9:    1214304 bytes,   20856272 total
- age  10:    2001184 bytes,   22857456 total
: 444554K->22402K(471872K), 0.1209411 secs] 569654K->148338K(2044736K), 0.1213490 secs]
Total time for which application threads were stopped: 0.1234969 seconds
Application time: 30.1068996 seconds
11169.611: [GC 11169.611: [ParNew
Desired survivor size 48306584 bytes, new threshold 10 (max 10)
- age   1:    5535200 bytes,    5535200 total
- age   2:     997744 bytes,    6532944 total
- age   3:    5588512 bytes,   12121456 total
- age   4:    2047824 bytes,   14169280 total
- age   5:    2022600 bytes,   16191880 total
- age   6:    1021688 bytes,   17213568 total
- age   7:    1976392 bytes,   19189960 total
- age   8:     379176 bytes,   19569136 total
- age   9:     468528 bytes,   20037664 total
- age  10:    1214304 bytes,   21251968 total
: 441858K->20839K(471872K), 0.1036331 secs] 567794K->148671K(2044736K), 0.1041025 secs]
Total time for which application threads were stopped: 0.1058586 seconds
Application time: 28.5924880 seconds
11198.309: [GC 11198.309: [ParNew
Desired survivor size 48306584 bytes, new threshold 10 (max 10)
- age   1:   13504008 bytes,   13504008 total
- age   2:    4082992 bytes,   17587000 total
- age   3:     986272 bytes,   18573272 total
- age   4:    2377024 bytes,   20950296 total
- age   5:    1086072 bytes,   22036368 total
- age   6:    1970776 bytes,   24007144 total
- age   7:     890200 bytes,   24897344 total
- age   8:    1976392 bytes,   26873736 total
- age   9:     379176 bytes,   27252912 total
- age  10:     468528 bytes,   27721440 total
: 440295K->27158K(471872K), 0.1110907 secs] 568127K->156179K(2044736K), 0.1118425 secs]
Total time for which application threads were stopped: 0.1135141 seconds
Application time: 39.0517248 seconds
11237.474: [GC 11237.474: [ParNew
Desired survivor size 48306584 bytes, new threshold 10 (max 10)
- age   1:    3993848 bytes,    3993848 total
- age   2:    5078568 bytes,    9072416 total
- age   3:    4009632 bytes,   13082048 total
- age   4:     971648 bytes,   14053696 total
- age   5:    2359328 bytes,   16413024 total
- age   6:    1069104 bytes,   17482128 total
- age   7:    1962000 bytes,   19444128 total
- age   8:     803984 bytes,   20248112 total
- age   9:    1976392 bytes,   22224504 total
- age  10:     379176 bytes,   22603680 total
: 446614K->22164K(471872K), 0.0808136 secs] 575635K->151645K(2044736K), 0.0811682 secs]
Total time for which application threads were stopped: 0.0827961 seconds
Application time: 67.1214669 seconds
11304.679: [GC 11304.679: [ParNew
Desired survivor size 48306584 bytes, new threshold 10 (max 10)
- age   1:    8731608 bytes,    8731608 total
- age   2:    1777072 bytes,   10508680 total
- age   3:    1480560 bytes,   11989240 total
- age   4:    4009584 bytes,   15998824 total
- age   5:     971520 bytes,   16970344 total
- age   6:    2213944 bytes,   19184288 total
- age   7:    1069104 bytes,   20253392 total
- age   8:    1882184 bytes,   22135576 total
- age   9:     803712 bytes,   22939288 total
- age  10:    1944864 bytes,   24884152 total
: 441620K->24391K(471872K), 0.0856785 secs] 571101K->154244K(2044736K), 0.0859921 secs]
Total time for which application threads were stopped: 0.0876372 seconds
Application time: 88.9450136 seconds
11393.711: [GC 11393.711: [ParNew
Desired survivor size 48306584 bytes, new threshold 10 (max 10)
- age   1:    2393600 bytes,    2393600 total
- age   2:    3907728 bytes,    6301328 total
- age   3:    1664848 bytes,    7966176 total
- age   4:    1337592 bytes,    9303768 total
- age   5:    4000128 bytes,   13303896 total
- age   6:     891768 bytes,   14195664 total
- age   7:    2087208 bytes,   16282872 total
- age   8:    1069104 bytes,   17351976 total
- age   9:    1880888 bytes,   19232864 total
- age  10:     710048 bytes,   19942912 total
: 443807K->19560K(471872K), 0.0869928 secs] 573660K->151314K(2044736K), 0.0873342 secs]
Total time for which application threads were stopped: 0.0889146 seconds
Application time: 15.7169844 seconds
11409.518: [GC 11409.518: [ParNew
Desired survivor size 48306584 bytes, new threshold 10 (max 10)
- age   1:    9811888 bytes,    9811888 total
- age   2:    1172432 bytes,   10984320 total
- age   3:    3797456 bytes,   14781776 total
- age   4:     926344 bytes,   15708120 total
- age   5:    1072328 bytes,   16780448 total
- age   6:    2791840 bytes,   19572288 total
- age   7:     891768 bytes,   20464056 total
- age   8:    2087288 bytes,   22551344 total
- age   9:    1066856 bytes,   23618200 total
- age  10:    1880888 bytes,   25499088 total
: 439014K->24999K(471872K), 0.0973101 secs] 570768K->157449K(2044736K), 0.0976690 secs]
Total time for which application threads were stopped: 0.0997094 seconds
Application time: 54.1348971 seconds
11463.752: [GC 11463.752: [ParNew
Desired survivor size 48306584 bytes, new threshold 10 (max 10)
- age   1:    2047368 bytes,    2047368 total
- age   2:    8426392 bytes,   10473760 total
- age   3:     977968 bytes,   11451728 total
- age   4:    3794176 bytes,   15245904 total
- age   5:     916640 bytes,   16162544 total
- age   6:     883048 bytes,   17045592 total
- age   7:    2785880 bytes,   19831472 total
- age   8:     769328 bytes,   20600800 total
- age   9:    2086944 bytes,   22687744 total
- age  10:    1066856 bytes,   23754600 total
: 444455K->23285K(471872K), 0.1115115 secs] 576905K->157572K(2044736K), 0.1118609 secs]
Total time for which application threads were stopped: 0.1137144 seconds
Application time: 132.0286361 seconds
11595.894: [GC 11595.894: [ParNew
Desired survivor size 48306584 bytes, new threshold 10 (max 10)
- age   1:    1242088 bytes,    1242088 total
- age   2:    1016160 bytes,    2258248 total
- age   3:    8412792 bytes,   10671040 total
- age   4:     956240 bytes,   11627280 total
- age   5:    3681080 bytes,   15308360 total
- age   6:     893144 bytes,   16201504 total
- age   7:     872152 bytes,   17073656 total
- age   8:    2781808 bytes,   19855464 total
- age   9:     683728 bytes,   20539192 total
- age  10:    2086944 bytes,   22626136 total
: 442741K->22175K(471872K), 0.0909900 secs] 577028K->157504K(2044736K), 0.0912971 secs]
Total time for which application threads were stopped: 0.0928855 seconds
Application time: 7.6579436 seconds
11603.645: [GC 11603.645: [ParNew
Desired survivor size 48306584 bytes, new threshold 10 (max 10)
- age   1:    5104648 bytes,    5104648 total
- age   2:     490368 bytes,    5595016 total
- age   3:     798680 bytes,    6393696 total
- age   4:    2578208 bytes,    8971904 total
- age   5:     898208 bytes,    9870112 total
- age   6:    3681080 bytes,   13551192 total
- age   7:     893144 bytes,   14444336 total
- age   8:     871528 bytes,   15315864 total
- age   9:    2781808 bytes,   18097672 total
- age  10:     683728 bytes,   18781400 total
: 441631K->18437K(471872K), 0.0858820 secs] 576960K->155804K(2044736K), 0.0862204 secs]
Total time for which application threads were stopped: 0.0879716 seconds
Application time: 107.7920816 seconds
11711.525: [GC 11711.525: [ParNew
Desired survivor size 48306584 bytes, new threshold 10 (max 10)
- age   1:    1774952 bytes,    1774952 total
- age   2:    3650392 bytes,    5425344 total
- age   3:     396632 bytes,    5821976 total
- age   4:     797992 bytes,    6619968 total
- age   5:    2578208 bytes,    9198176 total
- age   6:     879368 bytes,   10077544 total
- age   7:    3561984 bytes,   13639528 total
- age   8:     822304 bytes,   14461832 total
- age   9:     454192 bytes,   14916024 total
- age  10:     946144 bytes,   15862168 total
: 437891K->15565K(471872K), 0.0648389 secs] 575258K->153600K(2044736K), 0.0651847 secs]
Total time for which application threads were stopped: 0.0667808 seconds
Application time: 73.7368736 seconds
11785.329: [GC 11785.330: [ParNew
Desired survivor size 48306584 bytes, new threshold 10 (max 10)
- age   1:    7541592 bytes,    7541592 total
- age   2:     571456 bytes,    8113048 total
- age   3:    2582816 bytes,   10695864 total
- age   4:     373856 bytes,   11069720 total
- age   5:     790240 bytes,   11859960 total
- age   6:    2578208 bytes,   14438168 total
- age   7:     878488 bytes,   15316656 total
- age   8:    3561984 bytes,   18878640 total
- age   9:     821928 bytes,   19700568 total
- age  10:     454192 bytes,   20154760 total
: 435013K->19749K(471872K), 0.0731960 secs] 573048K->158438K(2044736K), 0.0735553 secs]
Total time for which application threads were stopped: 0.0755779 seconds
Application time: 22.1118239 seconds
11807.517: [GC 11807.519: [ParNew
Desired survivor size 48306584 bytes, new threshold 10 (max 10)
- age   1:    3824848 bytes,    3824848 total
- age   2:    1759168 bytes,    5584016 total
- age   3:     533064 bytes,    6117080 total
- age   4:     882688 bytes,    6999768 total
- age   5:     359824 bytes,    7359592 total
- age   6:     788296 bytes,    8147888 total
- age   7:    2578208 bytes,   10726096 total
- age   8:     877752 bytes,   11603848 total
- age   9:    3559672 bytes,   15163520 total
- age  10:     403080 bytes,   15566600 total
: 439202K->15264K(471872K), 0.0722222 secs] 577891K->154359K(2044736K), 0.0725473 secs]
Total time for which application threads were stopped: 0.0768813 seconds
Application time: 105.1636779 seconds
11912.757: [GC 11912.757: [ParNew
Desired survivor size 48306584 bytes, new threshold 10 (max 10)
- age   1:    1738192 bytes,    1738192 total
- age   2:    2450496 bytes,    4188688 total
- age   3:    1693216 bytes,    5881904 total
- age   4:     525032 bytes,    6406936 total
- age   5:     881328 bytes,    7288264 total
- age   6:     272520 bytes,    7560784 total
- age   7:     787744 bytes,    8348528 total
- age   8:    2578208 bytes,   10926736 total
- age   9:     441832 bytes,   11368568 total
- age  10:    3558368 bytes,   14926936 total
: 434720K->14643K(471872K), 0.0737354 secs] 573815K->154015K(2044736K), 0.0748034 secs]
Total time for which application threads were stopped: 0.0762157 seconds
Application time: 26.1694823 seconds
11939.003: [GC 11939.003: [ParNew
Desired survivor size 48306584 bytes, new threshold 10 (max 10)
- age   1:    5292824 bytes,    5292824 total
- age   2:     909632 bytes,    6202456 total
- age   3:    1301720 bytes,    7504176 total
- age   4:     726688 bytes,    8230864 total
- age   5:     519832 bytes,    8750696 total
- age   6:     881328 bytes,    9632024 total
- age   7:     272520 bytes,    9904544 total
- age   8:     787744 bytes,   10692288 total
- age   9:    2578208 bytes,   13270496 total
- age  10:     441832 bytes,   13712328 total
: 434099K->13467K(471872K), 0.0841714 secs] 573471K->156314K(2044736K), 0.0845884 secs]
Total time for which application threads were stopped: 0.0862073 seconds
Application time: 41.7801611 seconds
11980.869: [GC 11980.870: [ParNew
Desired survivor size 48306584 bytes, new threshold 10 (max 10)
- age   1:    6358704 bytes,    6358704 total
- age   2:    3878128 bytes,   10236832 total
- age   3:     717760 bytes,   10954592 total
- age   4:    1025744 bytes,   11980336 total
- age   5:     724312 bytes,   12704648 total
- age   6:     513664 bytes,   13218312 total
- age   7:     878328 bytes,   14096640 total
- age   8:     270672 bytes,   14367312 total
- age   9:     787216 bytes,   15154528 total
- age  10:    2577152 bytes,   17731680 total
: 432923K->17400K(471872K), 0.0865066 secs] 575770K->160624K(2044736K), 0.0868324 secs]
Total time for which application threads were stopped: 0.0886846 seconds
Application time: 72.9651721 seconds
12053.923: [GC 12053.924: [ParNew
Desired survivor size 48306584 bytes, new threshold 10 (max 10)
- age   1:    5123192 bytes,    5123192 total
- age   2:    4883408 bytes,   10006600 total
- age   3:    2901192 bytes,   12907792 total
- age   4:     715744 bytes,   13623536 total
- age   5:     787912 bytes,   14411448 total
- age   6:     501736 bytes,   14913184 total
- age   7:     510320 bytes,   15423504 total
- age   8:     878328 bytes,   16301832 total
- age   9:     270672 bytes,   16572504 total
- age  10:     787216 bytes,   17359720 total
: 436811K->17024K(471872K), 0.0882140 secs] 580034K->162764K(2044736K), 0.0885603 secs]
Total time for which application threads were stopped: 0.0903754 seconds
Application time: 22.7904278 seconds
12076.804: [GC 12076.804: [ParNew
Desired survivor size 48306584 bytes, new threshold 10 (max 10)
- age   1:    4858632 bytes,    4858632 total
- age   2:     575736 bytes,    5434368 total
- age   3:    4883200 bytes,   10317568 total
- age   4:    1953112 bytes,   12270680 total
- age   5:     655120 bytes,   12925800 total
- age   6:     656232 bytes,   13582032 total
- age   7:     495912 bytes,   14077944 total
- age   8:     508504 bytes,   14586448 total
- age   9:     214744 bytes,   14801192 total
- age  10:     270672 bytes,   15071864 total
: 436472K->14782K(471872K), 0.0607027 secs] 582212K->161290K(2044736K), 0.0610743 secs]
Total time for which application threads were stopped: 0.0627460 seconds
Application time: 7.4810568 seconds
12084.348: [GC 12084.348: [ParNew
Desired survivor size 48306584 bytes, new threshold 10 (max 10)
- age   1:    4814664 bytes,    4814664 total
- age   2:    2258368 bytes,    7073032 total
- age   3:     480848 bytes,    7553880 total
- age   4:    4449256 bytes,   12003136 total
- age   5:    1874848 bytes,   13877984 total
- age   6:     547840 bytes,   14425824 total
- age   7:      42576 bytes,   14468400 total
- age   8:     493528 bytes,   14961928 total
- age   9:     124256 bytes,   15086184 total
- age  10:      73112 bytes,   15159296 total
: 434232K->14868K(471872K), 0.0723909 secs] 580741K->161641K(2044736K), 0.0727508 secs]
Total time for which application threads were stopped: 0.0744060 seconds
Application time: 52.8984794 seconds
12137.322: [GC 12137.322: [ParNew
Desired survivor size 48306584 bytes, new threshold 10 (max 10)
- age   1:    6748416 bytes,    6748416 total
- age   2:    2467176 bytes,    9215592 total
- age   3:    2245552 bytes,   11461144 total
- age   4:     480024 bytes,   11941168 total
- age   5:    2208320 bytes,   14149488 total
- age   6:    1841024 bytes,   15990512 total
- age   7:     523120 bytes,   16513632 total
- age   8:      38624 bytes,   16552256 total
- age   9:     483880 bytes,   17036136 total
- age  10:      45488 bytes,   17081624 total
: 434249K->16744K(471872K), 0.0605282 secs] 581022K->163588K(2044736K), 0.0608357 secs]
Total time for which application threads were stopped: 0.0631846 seconds
Application time: 36.5013735 seconds
12173.885: [GC 12173.886: [ParNew
Desired survivor size 48306584 bytes, new threshold 10 (max 10)
- age   1:    6441288 bytes,    6441288 total
- age   2:    3627296 bytes,   10068584 total
- age   3:    1961528 bytes,   12030112 total
- age   4:    2105312 bytes,   14135424 total
- age   5:     478056 bytes,   14613480 total
- age   6:    1087104 bytes,   15700584 total
- age   7:    1841024 bytes,   17541608 total
- age   8:     468368 bytes,   18009976 total
- age   9:      38624 bytes,   18048600 total
- age  10:     483880 bytes,   18532480 total
: 436200K->18169K(471872K), 0.0705240 secs] 583044K->165058K(2044736K), 0.0708685 secs]
Total time for which application threads were stopped: 0.0726444 seconds
Application time: 79.6001200 seconds
12253.558: [GC 12253.559: [ParNew
Desired survivor size 48306584 bytes, new threshold 10 (max 10)
- age   1:    7517744 bytes,    7517744 total
- age   2:    5353856 bytes,   12871600 total
- age   3:    3622408 bytes,   16494008 total
- age   4:    1862496 bytes,   18356504 total
- age   5:    1121680 bytes,   19478184 total
- age   6:      21792 bytes,   19499976 total
- age   7:    1079872 bytes,   20579848 total
- age   8:    1838408 bytes,   22418256 total
- age   9:     464128 bytes,   22882384 total
- age  10:      37568 bytes,   22919952 total
: 437607K->22449K(471872K), 0.0746815 secs] 584496K->169809K(2044736K), 0.0767802 secs]
Total time for which application threads were stopped: 0.0785395 seconds
Application time: 13.5931604 seconds
12267.230: [GC 12267.230: [ParNew
Desired survivor size 48306584 bytes, new threshold 10 (max 10)
- age   1:    5918880 bytes,    5918880 total
- age   2:     647752 bytes,    6566632 total
- age   3:    5352992 bytes,   11919624 total
- age   4:    3553048 bytes,   15472672 total
- age   5:    1862008 bytes,   17334680 total
- age   6:     618832 bytes,   17953512 total
- age   7:      21792 bytes,   17975304 total
- age   8:    1079760 bytes,   19055064 total
- age   9:    1838408 bytes,   20893472 total
- age  10:     464128 bytes,   21357600 total
: 441905K->20929K(471872K), 0.0687039 secs] 589265K->168326K(2044736K), 0.0690706 secs]
Total time for which application threads were stopped: 0.0707653 seconds
Application time: 15.8837820 seconds
12283.185: [GC 12283.185: [ParNew
Desired survivor size 48306584 bytes, new threshold 10 (max 10)
- age   1:    4531008 bytes,    4531008 total
- age   2:    1872064 bytes,    6403072 total
- age   3:     646896 bytes,    7049968 total
- age   4:    5352928 bytes,   12402896 total
- age   5:    3369120 bytes,   15772016 total
- age   6:     679176 bytes,   16451192 total
- age   7:     618832 bytes,   17070024 total
- age   8:      21648 bytes,   17091672 total
- age   9:    1079760 bytes,   18171432 total
- age  10:    1838408 bytes,   20009840 total
: 440385K->19614K(471872K), 0.0773216 secs] 587782K->167464K(2044736K), 0.0776337 secs]
Total time for which application threads were stopped: 0.0792840 seconds
Application time: 26.0970207 seconds
12309.361: [GC 12309.361: [ParNew
Desired survivor size 48306584 bytes, new threshold 10 (max 10)
- age   1:    5090792 bytes,    5090792 total
- age   2:    2907520 bytes,    7998312 total
- age   3:    1871488 bytes,    9869800 total
- age   4:     644032 bytes,   10513832 total
- age   5:    5352928 bytes,   15866760 total
- age   6:    3171336 bytes,   19038096 total
- age   7:     528472 bytes,   19566568 total
- age   8:     618832 bytes,   20185400 total
- age   9:      21360 bytes,   20206760 total
- age  10:    1079760 bytes,   21286520 total
: 439070K->20853K(471872K), 0.0708596 secs] 586920K->170498K(2044736K), 0.0717776 secs]
Total time for which application threads were stopped: 0.0734540 seconds
Application time: 78.1229821 seconds
12387.557: [GC 12387.558: [ParNew
Desired survivor size 48306584 bytes, new threshold 10 (max 10)
- age   1:    2119376 bytes,    2119376 total
- age   2:    1047664 bytes,    3167040 total
- age   3:    2885928 bytes,    6052968 total
- age   4:    1860456 bytes,    7913424 total
- age   5:     623200 bytes,    8536624 total
- age   6:    5339544 bytes,   13876168 total
- age   7:    3150776 bytes,   17026944 total
- age   8:     507304 bytes,   17534248 total
- age   9:     616592 bytes,   18150840 total
- age  10:      15280 bytes,   18166120 total
: 440303K->17801K(471872K), 0.0649134 secs] 589949K->168502K(2044736K), 0.0652888 secs]
Total time for which application threads were stopped: 0.0669284 seconds
Application time: 54.1988189 seconds
12441.823: [GC 12441.823: [ParNew
Desired survivor size 48306584 bytes, new threshold 10 (max 10)
- age   1:   13393592 bytes,   13393592 total
- age   2:    1152496 bytes,   14546088 total
- age   3:    1045328 bytes,   15591416 total
- age   4:    2082928 bytes,   17674344 total
- age   5:    1778232 bytes,   19452576 total
- age   6:     561616 bytes,   20014192 total
- age   7:    1079936 bytes,   21094128 total
- age   8:     872912 bytes,   21967040 total
- age   9:     507304 bytes,   22474344 total
- age  10:     616592 bytes,   23090936 total
: 437257K->22607K(471872K), 0.0604158 secs] 587958K->173322K(2044736K), 0.0607515 secs]
Total time for which application threads were stopped: 0.0623650 seconds
Application time: 36.0018071 seconds
12477.888: [GC 12477.888: [ParNew
Desired survivor size 48306584 bytes, new threshold 10 (max 10)
- age   1:    5817624 bytes,    5817624 total
- age   2:   11423112 bytes,   17240736 total
- age   3:    1141728 bytes,   18382464 total
- age   4:    1043744 bytes,   19426208 total
- age   5:    1114928 bytes,   20541136 total
- age   6:     808536 bytes,   21349672 total
- age   7:     529944 bytes,   21879616 total
- age   8:    1075680 bytes,   22955296 total
- age   9:     871056 bytes,   23826352 total
- age  10:     506248 bytes,   24332600 total
: 442054K->23836K(471872K), 0.0755303 secs] 592769K->175152K(2044736K), 0.0758771 secs]
Total time for which application threads were stopped: 0.0775940 seconds
Application time: 58.6734506 seconds
12536.639: [GC 12536.639: [ParNew
Desired survivor size 48306584 bytes, new threshold 10 (max 10)
- age   1:    2955224 bytes,    2955224 total
- age   2:    4552272 bytes,    7507496 total
- age   3:   11420872 bytes,   18928368 total
- age   4:    1015936 bytes,   19944304 total
- age   5:     825472 bytes,   20769776 total
- age   6:     954264 bytes,   21724040 total
- age   7:     808536 bytes,   22532576 total
- age   8:     522424 bytes,   23055000 total
- age   9:    1075712 bytes,   24130712 total
- age  10:     838592 bytes,   24969304 total
: 443271K->24459K(471872K), 0.0786046 secs] 594587K->176269K(2044736K), 0.0790055 secs]
Total time for which application threads were stopped: 0.0808788 seconds
Application time: 41.0346431 seconds
12577.754: [GC 12577.754: [ParNew
Desired survivor size 48306584 bytes, new threshold 10 (max 10)
- age   1:    9949112 bytes,    9949112 total
- age   2:    1331448 bytes,   11280560 total
- age   3:    3123800 bytes,   14404360 total
- age   4:    8298280 bytes,   22702640 total
- age   5:    1015936 bytes,   23718576 total
- age   6:     825472 bytes,   24544048 total
- age   7:     954264 bytes,   25498312 total
- age   8:     806968 bytes,   26305280 total
- age   9:     425976 bytes,   26731256 total
- age  10:    1075680 bytes,   27806936 total
: 443913K->27235K(471872K), 0.0873872 secs] 595723K->179865K(2044736K), 0.0877149 secs]
Total time for which application threads were stopped: 0.0893574 seconds
Application time: 19.2930219 seconds
12597.137: [GC 12597.137: [ParNew
Desired survivor size 48306584 bytes, new threshold 10 (max 10)
- age   1:    3619992 bytes,    3619992 total
- age   2:    7169168 bytes,   10789160 total
- age   3:     968480 bytes,   11757640 total
- age   4:    2261736 bytes,   14019376 total
- age   5:    8298280 bytes,   22317656 total
- age   6:    1015936 bytes,   23333592 total
- age   7:     797672 bytes,   24131264 total
- age   8:     763752 bytes,   24895016 total
- age   9:     806968 bytes,   25701984 total
- age  10:     425976 bytes,   26127960 total
: 446691K->25610K(471872K), 0.0869550 secs] 599321K->179289K(2044736K), 0.0872655 secs]
Total time for which application threads were stopped: 0.0889902 seconds
Application time: 30.9651134 seconds
12628.191: [GC 12628.191: [ParNew
Desired survivor size 48306584 bytes, new threshold 10 (max 10)
- age   1:    5099744 bytes,    5099744 total
- age   2:    1383760 bytes,    6483504 total
- age   3:    5604672 bytes,   12088176 total
- age   4:     968480 bytes,   13056656 total
- age   5:    2261736 bytes,   15318392 total
- age   6:    8297448 bytes,   23615840 total
- age   7:    1015152 bytes,   24630992 total
- age   8:     409272 bytes,   25040264 total
- age   9:     712904 bytes,   25753168 total
- age  10:     491200 bytes,   26244368 total
: 445066K->25717K(471872K), 0.0849757 secs] 598745K->179549K(2044736K), 0.0853033 secs]
Total time for which application threads were stopped: 0.0871108 seconds
Application time: 38.7240360 seconds
12667.002: [GC 12667.002: [ParNew
Desired survivor size 48306584 bytes, new threshold 10 (max 10)
- age   1:    5049216 bytes,    5049216 total
- age   2:    3978768 bytes,    9027984 total
- age   3:    1269952 bytes,   10297936 total
- age   4:    5377736 bytes,   15675672 total
- age   5:     787192 bytes,   16462864 total
- age   6:    2261736 bytes,   18724600 total
- age   7:    8244936 bytes,   26969536 total
- age   8:    1010536 bytes,   27980072 total
- age   9:     290944 bytes,   28271016 total
- age  10:     712928 bytes,   28983944 total
: 445133K->28388K(471872K), 0.0850414 secs] 598965K->182700K(2044736K), 0.0853938 secs]
Total time for which application threads were stopped: 0.0870315 seconds
Application time: 47.5515721 seconds
12714.643: [GC 12714.643: [ParNew
Desired survivor size 48306584 bytes, new threshold 10 (max 10)
- age   1:    1936528 bytes,    1936528 total
- age   2:    1423576 bytes,    3360104 total
- age   3:    3241584 bytes,    6601688 total
- age   4:    1258424 bytes,    7860112 total
- age   5:    5244024 bytes,   13104136 total
- age   6:     642320 bytes,   13746456 total
- age   7:    2250480 bytes,   15996936 total
- age   8:    8151304 bytes,   24148240 total
- age   9:     990784 bytes,   25139024 total
- age  10:     290944 bytes,   25429968 total
: 447844K->24914K(471872K), 0.0838240 secs] 602156K->179922K(2044736K), 0.0842037 secs]
Total time for which application threads were stopped: 0.0880987 seconds
Application time: 81.5148990 seconds
12796.244: [GC 12796.244: [ParNew
Desired survivor size 48306584 bytes, new threshold 10 (max 10)
- age   1:    8587088 bytes,    8587088 total
- age   2:     568272 bytes,    9155360 total
- age   3:    1168592 bytes,   10323952 total
- age   4:    1800576 bytes,   12124528 total
- age   5:    1254896 bytes,   13379424 total
- age   6:    5238736 bytes,   18618160 total
- age   7:     632408 bytes,   19250568 total
- age   8:    2245984 bytes,   21496552 total
- age   9:    1130688 bytes,   22627240 total
- age  10:     989952 bytes,   23617192 total
: 444213K->23150K(471872K), 0.0847366 secs] 599221K->178442K(2044736K), 0.0850457 secs]
Total time for which application threads were stopped: 0.0867626 seconds
Application time: 46.3692373 seconds
12842.700: [GC 12842.701: [ParNew
Desired survivor size 48306584 bytes, new threshold 10 (max 10)
- age   1:    6422240 bytes,    6422240 total
- age   2:    4010848 bytes,   10433088 total
- age   3:     567208 bytes,   11000296 total
- age   4:     663840 bytes,   11664136 total
- age   5:     116904 bytes,   11781040 total
- age   6:    1253904 bytes,   13034944 total
- age   7:    5237168 bytes,   18272112 total
- age   8:     630120 bytes,   18902232 total
- age   9:    2245984 bytes,   21148216 total
- age  10:    1113464 bytes,   22261680 total
: 442606K->21819K(471872K), 0.0824634 secs] 597898K->178078K(2044736K), 0.0828198 secs]
Total time for which application threads were stopped: 0.0851264 seconds
Application time: 54.2165872 seconds
12897.002: [GC 12897.002: [ParNew
Desired survivor size 48306584 bytes, new threshold 10 (max 10)
- age   1:    4504488 bytes,    4504488 total
- age   2:    1987528 bytes,    6492016 total
- age   3:    2478248 bytes,    8970264 total
- age   4:     559944 bytes,    9530208 total
- age   5:     551328 bytes,   10081536 total
- age   6:     116904 bytes,   10198440 total
- age   7:    1252232 bytes,   11450672 total
- age   8:    5232800 bytes,   16683472 total
- age   9:     630120 bytes,   17313592 total
- age  10:    2245984 bytes,   19559576 total
: 441274K->19181K(471872K), 0.0714605 secs] 597532K->176527K(2044736K), 0.0718924 secs]
Total time for which application threads were stopped: 0.0737262 seconds
Application time: 7.6350605 seconds
12904.710: [GC 12904.711: [ParNew
Desired survivor size 48306584 bytes, new threshold 10 (max 10)
- age   1:    4591696 bytes,    4591696 total
- age   2:    1010328 bytes,    5602024 total
- age   3:    1045480 bytes,    6647504 total
- age   4:    2437232 bytes,    9084736 total
- age   5:     559944 bytes,    9644680 total
- age   6:     495008 bytes,   10139688 total
- age   7:     116120 bytes,   10255808 total
- age   8:    1252232 bytes,   11508040 total
- age   9:    5232800 bytes,   16740840 total
- age  10:     630120 bytes,   17370960 total
: 438637K->17034K(471872K), 0.0979572 secs] 595983K->176573K(2044736K), 0.0983646 secs]
Total time for which application threads were stopped: 0.1001689 seconds
Application time: 31.2200314 seconds
12936.031: [GC 12936.031: [ParNew
Desired survivor size 48306584 bytes, new threshold 10 (max 10)
- age   1:    4248864 bytes,    4248864 total
- age   2:    2549568 bytes,    6798432 total
- age   3:     944872 bytes,    7743304 total
- age   4:     199576 bytes,    7942880 total
- age   5:    2437088 bytes,   10379968 total
- age   6:     559944 bytes,   10939912 total
- age   7:     492768 bytes,   11432680 total
- age   8:     116120 bytes,   11548800 total
- age   9:    1252232 bytes,   12801032 total
- age  10:    5232800 bytes,   18033832 total
: 436486K->17678K(471872K), 0.0666982 secs] 596025K->177771K(2044736K), 0.0670036 secs]
Total time for which application threads were stopped: 0.0687286 seconds
Application time: 74.2185421 seconds
13010.332: [GC 13010.333: [ParNew
Desired survivor size 48306584 bytes, new threshold 10 (max 10)
- age   1:    5250856 bytes,    5250856 total
- age   2:    2097248 bytes,    7348104 total
- age   3:    1298032 bytes,    8646136 total
- age   4:     752592 bytes,    9398728 total
- age   5:     174416 bytes,    9573144 total
- age   6:    2422504 bytes,   11995648 total
- age   7:     530168 bytes,   12525816 total
- age   8:     482072 bytes,   13007888 total
- age   9:     116120 bytes,   13124008 total
- age  10:    1252232 bytes,   14376240 total
: 437134K->14104K(471872K), 0.0839205 secs] 597227K->179307K(2044736K), 0.0842145 secs]
Total time for which application threads were stopped: 0.1003818 seconds
Application time: 10.5702321 seconds
13020.989: [GC 13020.989: [ParNew
Desired survivor size 48306584 bytes, new threshold 10 (max 10)
- age   1:    5179144 bytes,    5179144 total
- age   2:    3312744 bytes,    8491888 total
- age   3:     891704 bytes,    9383592 total
- age   4:     899592 bytes,   10283184 total
- age   5:     752592 bytes,   11035776 total
- age   6:     174416 bytes,   11210192 total
- age   7:    2420560 bytes,   13630752 total
- age   8:     403592 bytes,   14034344 total
- age   9:     482072 bytes,   14516416 total
- age  10:     116120 bytes,   14632536 total
: 433560K->14357K(471872K), 0.0749016 secs] 598763K->180783K(2044736K), 0.0752700 secs]
Total time for which application threads were stopped: 0.0769997 seconds
Application time: 5.8420599 seconds
13026.908: [GC 13026.908: [ParNew
Desired survivor size 48306584 bytes, new threshold 10 (max 10)
- age   1:    7430904 bytes,    7430904 total
- age   2:    3782784 bytes,   11213688 total
- age   3:    3310288 bytes,   14523976 total
- age   4:     891704 bytes,   15415680 total
- age   5:     899592 bytes,   16315272 total
- age   6:     752624 bytes,   17067896 total
- age   7:     174416 bytes,   17242312 total
- age   8:    2417648 bytes,   19659960 total
- age   9:     403592 bytes,   20063552 total
- age  10:     482072 bytes,   20545624 total
: 433813K->20167K(471872K), 0.0838657 secs] 600239K->186706K(2044736K), 0.0841972 secs]
Total time for which application threads were stopped: 0.0862044 seconds
Application time: 14.5520594 seconds
Total time for which application threads were stopped: 0.0056468 seconds
Application time: 0.2462769 seconds
Total time for which application threads were stopped: 0.0315814 seconds
Application time: 4.4058139 seconds
13046.283: [GC 13046.283: [ParNew
Desired survivor size 48306584 bytes, new threshold 10 (max 10)
- age   1:   12766104 bytes,   12766104 total
- age   2:    4530296 bytes,   17296400 total
- age   3:    2725424 bytes,   20021824 total
- age   4:    2663208 bytes,   22685032 total
- age   5:     891608 bytes,   23576640 total
- age   6:     899104 bytes,   24475744 total
- age   7:     297864 bytes,   24773608 total
- age   8:     174416 bytes,   24948024 total
- age   9:    2416224 bytes,   27364248 total
- age  10:     401936 bytes,   27766184 total
: 439616K->27243K(471872K), 0.0980831 secs] 606156K->194254K(2044736K), 0.0984458 secs]
Total time for which application threads were stopped: 0.1471897 seconds
Application time: 48.9649763 seconds
13095.375: [GC 13095.375: [ParNew
Desired survivor size 48306584 bytes, new threshold 10 (max 10)
- age   1:    3701728 bytes,    3701728 total
- age   2:    9000136 bytes,   12701864 total
- age   3:    4525176 bytes,   17227040 total
- age   4:    1571680 bytes,   18798720 total
- age   5:    2251560 bytes,   21050280 total
- age   6:     353152 bytes,   21403432 total
- age   7:     894592 bytes,   22298024 total
- age   8:     163312 bytes,   22461336 total
- age   9:     169664 bytes,   22631000 total
- age  10:    2404568 bytes,   25035568 total
: 446695K->24582K(471872K), 0.0889875 secs] 613705K->191985K(2044736K), 0.0893128 secs]
Total time for which application threads were stopped: 0.1182361 seconds
Application time: 20.6507243 seconds
13116.177: [GC 13116.178: [ParNew
Desired survivor size 48306584 bytes, new threshold 10 (max 10)
- age   1:   11539264 bytes,   11539264 total
- age   2:    2341000 bytes,   13880264 total
- age   3:    8866776 bytes,   22747040 total
- age   4:    4525176 bytes,   27272216 total
- age   5:    1551384 bytes,   28823600 total
- age   6:    2191296 bytes,   31014896 total
- age   7:     183016 bytes,   31197912 total
- age   8:     894592 bytes,   32092504 total
- age   9:     163312 bytes,   32255816 total
- age  10:     168760 bytes,   32424576 total
: 443983K->31801K(471872K), 0.1023140 secs] 611386K->199802K(2044736K), 0.1045151 secs]
Total time for which application threads were stopped: 0.1668722 seconds
Application time: 25.6219484 seconds
13141.953: [GC 13141.954: [ParNew
Desired survivor size 48306584 bytes, new threshold 10 (max 10)
- age   1:    9375248 bytes,    9375248 total
- age   2:    6196112 bytes,   15571360 total
- age   3:    1375072 bytes,   16946432 total
- age   4:    7901328 bytes,   24847760 total
- age   5:    1463568 bytes,   26311328 total
- age   6:    1551384 bytes,   27862712 total
- age   7:    2110920 bytes,   29973632 total
- age   8:     183016 bytes,   30156648 total
- age   9:     894592 bytes,   31051240 total
- age  10:     163312 bytes,   31214552 total
: 451144K->30624K(471872K), 0.1066187 secs] 619145K->198773K(2044736K), 0.1075743 secs]
Total time for which application threads were stopped: 0.1570625 seconds
Application time: 20.1862530 seconds
13162.306: [GC 13162.306: [ParNew
Desired survivor size 48306584 bytes, new threshold 10 (max 10)
- age   1:    6511528 bytes,    6511528 total
- age   2:    2843600 bytes,    9355128 total
- age   3:    6188896 bytes,   15544024 total
- age   4:    1054312 bytes,   16598336 total
- age   5:    7900248 bytes,   24498584 total
- age   6:    1463568 bytes,   25962152 total
- age   7:    1551384 bytes,   27513536 total
- age   8:    2054600 bytes,   29568136 total
- age   9:     183016 bytes,   29751152 total
- age  10:     894592 bytes,   30645744 total
: 450060K->30070K(471872K), 0.1004669 secs] 618209K->198377K(2044736K), 0.1007635 secs]
Total time for which application threads were stopped: 0.1595301 seconds
Application time: 24.9891246 seconds
13187.446: [GC 13187.446: [ParNew
Desired survivor size 48306584 bytes, new threshold 10 (max 10)
- age   1:    5926544 bytes,    5926544 total
- age   2:    4242656 bytes,   10169200 total
- age   3:     797648 bytes,   10966848 total
- age   4:    6037576 bytes,   17004424 total
- age   5:     951128 bytes,   17955552 total
- age   6:    7900248 bytes,   25855800 total
- age   7:    1463568 bytes,   27319368 total
- age   8:    1551384 bytes,   28870752 total
- age   9:    1987576 bytes,   30858328 total
- age  10:     183016 bytes,   31041344 total
: 449485K->30456K(471872K), 0.0980186 secs] 617792K->199637K(2044736K), 0.0985410 secs]
Total time for which application threads were stopped: 0.1483034 seconds
Application time: 23.2683013 seconds
13210.815: [GC 13210.815: [ParNew
Desired survivor size 48306584 bytes, new threshold 10 (max 10)
- age   1:    4315856 bytes,    4315856 total
- age   2:    4016736 bytes,    8332592 total
- age   3:    3854920 bytes,   12187512 total
- age   4:     797648 bytes,   12985160 total
- age   5:    6023288 bytes,   19008448 total
- age   6:     743416 bytes,   19751864 total
- age   7:    7899792 bytes,   27651656 total
- age   8:    1463568 bytes,   29115224 total
- age   9:    1551384 bytes,   30666608 total
- age  10:    1987576 bytes,   32654184 total
: 449911K->32035K(471872K), 0.1071571 secs] 619092K->201394K(2044736K), 0.1074796 secs]
Total time for which application threads were stopped: 0.1093939 seconds
Application time: 39.8956714 seconds
13250.819: [GC 13250.820: [ParNew
Desired survivor size 48306584 bytes, new threshold 10 (max 10)
- age   1:    4339968 bytes,    4339968 total
- age   2:    1467688 bytes,    5807656 total
- age   3:    3025168 bytes,    8832824 total
- age   4:    3645160 bytes,   12477984 total
- age   5:     760192 bytes,   13238176 total
- age   6:     917176 bytes,   14155352 total
- age   7:     632336 bytes,   14787688 total
- age   8:    7891784 bytes,   22679472 total
- age   9:    1460648 bytes,   24140120 total
- age  10:    1540016 bytes,   25680136 total
: 451490K->25209K(471872K), 0.1097738 secs] 620849K->196492K(2044736K), 0.1101024 secs]
Total time for which application threads were stopped: 0.1118485 seconds
Application time: 27.2596847 seconds
13278.191: [GC 13278.191: [ParNew
Desired survivor size 48306584 bytes, new threshold 10 (max 10)
- age   1:    5673432 bytes,    5673432 total
- age   2:    2528592 bytes,    8202024 total
- age   3:    1457776 bytes,    9659800 total
- age   4:    1922328 bytes,   11582128 total
- age   5:    3627328 bytes,   15209456 total
- age   6:     697648 bytes,   15907104 total
- age   7:     917176 bytes,   16824280 total
- age   8:     631712 bytes,   17455992 total
- age   9:    7891784 bytes,   25347776 total
- age  10:    1460648 bytes,   26808424 total
: 444665K->26314K(471872K), 0.1084038 secs] 615947K->199100K(2044736K), 0.1087326 secs]
Total time for which application threads were stopped: 0.1105530 seconds
Application time: 5.3046120 seconds
13283.606: [GC 13283.606: [ParNew
Desired survivor size 48306584 bytes, new threshold 10 (max 10)
- age   1:    8485464 bytes,    8485464 total
- age   2:    2742928 bytes,   11228392 total
- age   3:    2528368 bytes,   13756760 total
- age   4:    1009160 bytes,   14765920 total
- age   5:    1028104 bytes,   15794024 total
- age   6:     509040 bytes,   16303064 total
- age   7:     697648 bytes,   17000712 total
- age   8:     917176 bytes,   17917888 total
- age   9:     631712 bytes,   18549600 total
- age  10:    7892312 bytes,   26441912 total
: 445768K->25922K(471872K), 0.1149229 secs] 618554K->200134K(2044736K), 0.1152940 secs]
Total time for which application threads were stopped: 0.1164890 seconds
Application time: 18.0204532 seconds
13301.744: [GC 13301.744: [ParNew
Desired survivor size 48306584 bytes, new threshold 10 (max 10)
- age   1:    3862520 bytes,    3862520 total
- age   2:    5565120 bytes,    9427640 total
- age   3:    2726424 bytes,   12154064 total
- age   4:    2528104 bytes,   14682168 total
- age   5:     877704 bytes,   15559872 total
- age   6:    1028104 bytes,   16587976 total
- age   7:     509040 bytes,   17097016 total
- age   8:     697648 bytes,   17794664 total
- age   9:     915232 bytes,   18709896 total
- age  10:     631712 bytes,   19341608 total
: 445372K->18965K(471872K), 0.1495366 secs] 619585K->200884K(2044736K), 0.1499062 secs]
Total time for which application threads were stopped: 0.1518430 seconds
Application time: 37.3753050 seconds
13339.271: [GC 13339.271: [ParNew
Desired survivor size 48306584 bytes, new threshold 10 (max 10)
- age   1:    5224344 bytes,    5224344 total
- age   2:    2080016 bytes,    7304360 total
- age   3:    2345456 bytes,    9649816 total
- age   4:    2716352 bytes,   12366168 total
- age   5:    2527432 bytes,   14893600 total
- age   6:     877360 bytes,   15770960 total
- age   7:     902336 bytes,   16673296 total
- age   8:     509040 bytes,   17182336 total
- age   9:     697648 bytes,   17879984 total
- age  10:     915232 bytes,   18795216 total
: 438421K->18437K(471872K), 0.0739617 secs] 620340K->200974K(2044736K), 0.0743154 secs]
Total time for which application threads were stopped: 0.0763335 seconds
Application time: 21.2628948 seconds
13360.610: [GC 13360.611: [ParNew
Desired survivor size 48306584 bytes, new threshold 10 (max 10)
- age   1:    7310104 bytes,    7310104 total
- age   2:    4012896 bytes,   11323000 total
- age   3:    2080016 bytes,   13403016 total
- age   4:    1929256 bytes,   15332272 total
- age   5:    2181880 bytes,   17514152 total
- age   6:    1010088 bytes,   18524240 total
- age   7:     877360 bytes,   19401600 total
- age   8:     902312 bytes,   20303912 total
- age   9:     509040 bytes,   20812952 total
- age  10:     697648 bytes,   21510600 total
: 437888K->21095K(471872K), 0.1112217 secs] 620425K->204526K(2044736K), 0.1115417 secs]
Total time for which application threads were stopped: 0.1139031 seconds
Application time: 8.0799584 seconds
13368.804: [GC 13368.804: [ParNew
Desired survivor size 48306584 bytes, new threshold 10 (max 10)
- age   1:    8192416 bytes,    8192416 total
- age   2:    5974232 bytes,   14166648 total
- age   3:    3844536 bytes,   18011184 total
- age   4:     863720 bytes,   18874904 total
- age   5:    1403520 bytes,   20278424 total
- age   6:    2181880 bytes,   22460304 total
- age   7:    1010088 bytes,   23470392 total
- age   8:     877360 bytes,   24347752 total
- age   9:     902312 bytes,   25250064 total
- age  10:     509040 bytes,   25759104 total
: 440551K->25256K(471872K), 0.1003278 secs] 623982K->209368K(2044736K), 0.1006401 secs]
Total time for which application threads were stopped: 0.1026691 seconds
Application time: 46.4700156 seconds
13415.377: [GC 13415.377: [ParNew
Desired survivor size 48306584 bytes, new threshold 10 (max 10)
- age   1:    7899648 bytes,    7899648 total
- age   2:    3135152 bytes,   11034800 total
- age   3:    5835968 bytes,   16870768 total
- age   4:     748608 bytes,   17619376 total
- age   5:     858872 bytes,   18478248 total
- age   6:    1398504 bytes,   19876752 total
- age   7:    2178448 bytes,   22055200 total
- age   8:     942952 bytes,   22998152 total
- age   9:     874192 bytes,   23872344 total
- age  10:     898152 bytes,   24770496 total
: 444700K->24286K(471872K), 0.0887954 secs] 628812K->208891K(2044736K), 0.0896565 secs]
Total time for which application threads were stopped: 0.0916403 seconds
Application time: 108.5010968 seconds
13523.973: [GC 13523.973: [ParNew
Desired survivor size 48306584 bytes, new threshold 10 (max 10)
- age   1:    4359296 bytes,    4359296 total
- age   2:    3955720 bytes,    8315016 total
- age   3:    3041712 bytes,   11356728 total
- age   4:    2494272 bytes,   13851000 total
- age   5:     748608 bytes,   14599608 total
- age   6:     858872 bytes,   15458480 total
- age   7:    1398504 bytes,   16856984 total
- age   8:    2117824 bytes,   18974808 total
- age   9:     907560 bytes,   19882368 total
- age  10:     870608 bytes,   20752976 total
: 443721K->20362K(471872K), 0.0825783 secs] 628326K->205842K(2044736K), 0.0829709 secs]
Total time for which application threads were stopped: 0.0883243 seconds
Application time: 12.7982725 seconds
13536.856: [GC 13536.856: [ParNew
Desired survivor size 48306584 bytes, new threshold 10 (max 10)
- age   1:    4785672 bytes,    4785672 total
- age   2:    3161360 bytes,    7947032 total
- age   3:    3875560 bytes,   11822592 total
- age   4:    1566568 bytes,   13389160 total
- age   5:    2148448 bytes,   15537608 total
- age   6:     748608 bytes,   16286216 total
- age   7:     858872 bytes,   17145088 total
- age   8:    1398504 bytes,   18543592 total
- age   9:    2038024 bytes,   20581616 total
- age  10:     906776 bytes,   21488392 total
: 439791K->21074K(471872K), 0.0868004 secs] 625271K->207404K(2044736K), 0.0871457 secs]
Total time for which application threads were stopped: 0.0890875 seconds
Application time: 80.4965327 seconds
13617.442: [GC 13617.442: [ParNew
Desired survivor size 48306584 bytes, new threshold 10 (max 10)
- age   1:    3089232 bytes,    3089232 total
- age   2:    2777312 bytes,    5866544 total
- age   3:    2544496 bytes,    8411040 total
- age   4:    3858184 bytes,   12269224 total
- age   5:    1555144 bytes,   13824368 total
- age   6:    2132488 bytes,   15956856 total
- age   7:     728096 bytes,   16684952 total
- age   8:     828320 bytes,   17513272 total
- age   9:    1383440 bytes,   18896712 total
- age  10:    1943248 bytes,   20839960 total
: 440530K->20448K(471872K), 0.0803646 secs] 626860K->207652K(2044736K), 0.0806746 secs]
Total time for which application threads were stopped: 0.0823357 seconds
Application time: 9.2685555 seconds
13626.793: [GC 13626.793: [ParNew
Desired survivor size 48306584 bytes, new threshold 10 (max 10)
- age   1:    4328544 bytes,    4328544 total
- age   2:    2245968 bytes,    6574512 total
- age   3:     861544 bytes,    7436056 total
- age   4:    2485992 bytes,    9922048 total
- age   5:    3858184 bytes,   13780232 total
- age   6:    1555144 bytes,   15335376 total
- age   7:    2132488 bytes,   17467864 total
- age   8:     727312 bytes,   18195176 total
- age   9:     828320 bytes,   19023496 total
- age  10:    1383440 bytes,   20406936 total
: 439904K->20022K(471872K), 0.0943388 secs] 627108K->209124K(2044736K), 0.0946406 secs]
Total time for which application threads were stopped: 0.0963638 seconds
Application time: 38.8580291 seconds
13665.747: [GC 13665.747: [ParNew
Desired survivor size 48306584 bytes, new threshold 10 (max 10)
- age   1:    7886904 bytes,    7886904 total
- age   2:    3193784 bytes,   11080688 total
- age   3:    2067608 bytes,   13148296 total
- age   4:     861568 bytes,   14009864 total
- age   5:    2485176 bytes,   16495040 total
- age   6:    3827136 bytes,   20322176 total
- age   7:    1457744 bytes,   21779920 total
- age   8:    2131560 bytes,   23911480 total
- age   9:     724400 bytes,   24635880 total
- age  10:     828048 bytes,   25463928 total
: 439390K->24954K(471872K), 0.0857700 secs] 628492K->215406K(2044736K), 0.0861100 secs]
Total time for which application threads were stopped: 0.0879055 seconds
Application time: 16.8415352 seconds
13682.677: [GC 13682.677: [ParNew
Desired survivor size 48306584 bytes, new threshold 10 (max 10)
- age   1:   13004536 bytes,   13004536 total
- age   2:     686864 bytes,   13691400 total
- age   3:    3122928 bytes,   16814328 total
- age   4:    2067608 bytes,   18881936 total
- age   5:     861544 bytes,   19743480 total
- age   6:    2404824 bytes,   22148304 total
- age   7:     638240 bytes,   22786544 total
- age   8:    1456512 bytes,   24243056 total
- age   9:    2131560 bytes,   26374616 total
- age  10:     724400 bytes,   27099016 total
: 444388K->26545K(471872K), 0.0867092 secs] 634841K->217807K(2044736K), 0.0870225 secs]
Total time for which application threads were stopped: 0.0887861 seconds
Application time: 6.0317066 seconds
13688.797: [GC 13688.797: [ParNew
Desired survivor size 48306584 bytes, new threshold 10 (max 10)
- age   1:    5153184 bytes,    5153184 total
- age   2:    4603568 bytes,    9756752 total
- age   3:     686864 bytes,   10443616 total
- age   4:    2300616 bytes,   12744232 total
- age   5:    1534568 bytes,   14278800 total
- age   6:     861544 bytes,   15140344 total
- age   7:    2340992 bytes,   17481336 total
- age   8:     635800 bytes,   18117136 total
- age   9:    1028024 bytes,   19145160 total
- age  10:    2046248 bytes,   21191408 total
: 446001K->20771K(471872K), 0.0806952 secs] 637263K->212740K(2044736K), 0.0810843 secs]
Total time for which application threads were stopped: 0.0829321 seconds
Application time: 21.5820597 seconds
13710.462: [GC 13710.462: [ParNew
Desired survivor size 48306584 bytes, new threshold 10 (max 10)
- age   1:    6941416 bytes,    6941416 total
- age   2:    2071640 bytes,    9013056 total
- age   3:    1179720 bytes,   10192776 total
- age   4:     496136 bytes,   10688912 total
- age   5:     941072 bytes,   11629984 total
- age   6:    1530608 bytes,   13160592 total
- age   7:     858904 bytes,   14019496 total
- age   8:    2271920 bytes,   16291416 total
- age   9:      93160 bytes,   16384576 total
- age  10:     862112 bytes,   17246688 total
: 440227K->16909K(471872K), 0.0761844 secs] 632196K->210876K(2044736K), 0.0765284 secs]
Total time for which application threads were stopped: 0.0782368 seconds
Application time: 48.7621948 seconds
13759.303: [GC 13759.303: [ParNew
Desired survivor size 48306584 bytes, new threshold 10 (max 10)
- age   1:    7017616 bytes,    7017616 total
- age   2:    2405416 bytes,    9423032 total
- age   3:    2006592 bytes,   11429624 total
- age   4:    1178216 bytes,   12607840 total
- age   5:     478688 bytes,   13086528 total
- age   6:     861568 bytes,   13948096 total
- age   7:    1386224 bytes,   15334320 total
- age   8:     778912 bytes,   16113232 total
- age   9:     775816 bytes,   16889048 total
- age  10:      89008 bytes,   16978056 total
: 436365K->16639K(471872K), 0.0625598 secs] 630332K->211447K(2044736K), 0.0628481 secs]
Total time for which application threads were stopped: 0.0645052 seconds
Application time: 126.4083798 seconds
13885.775: [GC 13885.776: [ParNew
Desired survivor size 48306584 bytes, new threshold 10 (max 10)
- age   1:    4983712 bytes,    4983712 total
- age   2:    3965136 bytes,    8948848 total
- age   3:    2388392 bytes,   11337240 total
- age   4:    1999088 bytes,   13336328 total
- age   5:    1166848 bytes,   14503176 total
- age   6:     462784 bytes,   14965960 total
- age   7:     848960 bytes,   15814920 total
- age   8:    1302040 bytes,   17116960 total
- age   9:     775312 bytes,   17892272 total
- age  10:     501568 bytes,   18393840 total
: 436095K->18024K(471872K), 0.0604284 secs] 630903K->212920K(2044736K), 0.0607595 secs]
Total time for which application threads were stopped: 0.0624601 seconds
Application time: 79.6336863 seconds
13965.472: [GC 13965.472: [ParNew
Desired survivor size 48306584 bytes, new threshold 10 (max 10)
- age   1:    3280312 bytes,    3280312 total
- age   2:    2659584 bytes,    5939896 total
- age   3:    3840480 bytes,    9780376 total
- age   4:    2388392 bytes,   12168768 total
- age   5:     653192 bytes,   12821960 total
- age   6:     966120 bytes,   13788080 total
- age   7:     455728 bytes,   14243808 total
- age   8:     846272 bytes,   15090080 total
- age   9:    1288872 bytes,   16378952 total
- age  10:     775312 bytes,   17154264 total
: 437480K->16824K(471872K), 0.0558606 secs] 632376K->212130K(2044736K), 0.0566837 secs]
Total time for which application threads were stopped: 0.0585263 seconds
Application time: 24.8354588 seconds
13990.366: [GC 13990.366: [ParNew
Desired survivor size 48306584 bytes, new threshold 10 (max 10)
- age   1:    4368824 bytes,    4368824 total
- age   2:     927440 bytes,    5296264 total
- age   3:    2598048 bytes,    7894312 total
- age   4:    3760296 bytes,   11654608 total
- age   5:    1765744 bytes,   13420352 total
- age   6:     653192 bytes,   14073544 total
- age   7:     965288 bytes,   15038832 total
- age   8:     454480 bytes,   15493312 total
- age   9:     842872 bytes,   16336184 total
- age  10:    1061696 bytes,   17397880 total
: 436280K->17059K(471872K), 0.0605216 secs] 631586K->212408K(2044736K), 0.0608325 secs]
Total time for which application threads were stopped: 0.0626983 seconds
Application time: 3.9815463 seconds
13994.410: [GC 13994.410: [ParNew
Desired survivor size 48306584 bytes, new threshold 10 (max 10)
- age   1:    4134064 bytes,    4134064 total
- age   2:    1952552 bytes,    6086616 total
- age   3:     925792 bytes,    7012408 total
- age   4:    2594648 bytes,    9607056 total
- age   5:    3677544 bytes,   13284600 total
- age   6:     837512 bytes,   14122112 total
- age   7:     652928 bytes,   14775040 total
- age   8:     964496 bytes,   15739536 total
- age   9:     359072 bytes,   16098608 total
- age  10:     308072 bytes,   16406680 total
: 436515K->16086K(471872K), 0.0659017 secs] 631864K->212461K(2044736K), 0.0662177 secs]
Total time for which application threads were stopped: 0.0680138 seconds
Application time: 11.4689347 seconds
14005.946: [GC 14005.947: [ParNew
Desired survivor size 48306584 bytes, new threshold 10 (max 10)
- age   1:    4520864 bytes,    4520864 total
- age   2:    2841360 bytes,    7362224 total
- age   3:    1357176 bytes,    8719400 total
- age   4:     925336 bytes,    9644736 total
- age   5:    2594616 bytes,   12239352 total
- age   6:    3677544 bytes,   15916896 total
- age   7:     835912 bytes,   16752808 total
- age   8:     652928 bytes,   17405736 total
- age   9:     964496 bytes,   18370232 total
- age  10:     189968 bytes,   18560200 total
: 435542K->18193K(471872K), 0.1035394 secs] 631917K->214611K(2044736K), 0.1038356 secs]
Total time for which application threads were stopped: 0.1050019 seconds
Application time: 4.7312767 seconds
14010.783: [GC 14010.783: [ParNew
Desired survivor size 48306584 bytes, new threshold 10 (max 10)
- age   1:    4418776 bytes,    4418776 total
- age   2:    2428152 bytes,    6846928 total
- age   3:    1072696 bytes,    7919624 total
- age   4:    1277208 bytes,    9196832 total
- age   5:     924560 bytes,   10121392 total
- age   6:    2594616 bytes,   12716008 total
- age   7:    3677544 bytes,   16393552 total
- age   8:     835912 bytes,   17229464 total
- age   9:     652928 bytes,   17882392 total
- age  10:     964496 bytes,   18846888 total
: 437624K->18478K(471872K), 0.0955213 secs] 634042K->215081K(2044736K), 0.0958393 secs]
Total time for which application threads were stopped: 0.0974569 seconds
Application time: 21.2357005 seconds
14032.117: [GC 14032.117: [ParNew
Desired survivor size 48306584 bytes, new threshold 10 (max 10)
- age   1:    2993928 bytes,    2993928 total
- age   2:    2138384 bytes,    5132312 total
- age   3:    1958168 bytes,    7090480 total
- age   4:     987184 bytes,    8077664 total
- age   5:    1124152 bytes,    9201816 total
- age   6:     803624 bytes,   10005440 total
- age   7:    2587192 bytes,   12592632 total
- age   8:    3674520 bytes,   16267152 total
- age   9:     835912 bytes,   17103064 total
- age  10:     652928 bytes,   17755992 total
: 437930K->17412K(471872K), 0.0775177 secs] 634534K->214957K(2044736K), 0.0778373 secs]
Total time for which application threads were stopped: 0.0796671 seconds
Application time: 24.0196640 seconds
14056.227: [GC 14056.227: [ParNew
Desired survivor size 48306584 bytes, new threshold 10 (max 10)
- age   1:    2297672 bytes,    2297672 total
- age   2:    1903712 bytes,    4201384 total
- age   3:    1769152 bytes,    5970536 total
- age   4:    1646088 bytes,    7616624 total
- age   5:     987184 bytes,    8603808 total
- age   6:    1121640 bytes,    9725448 total
- age   7:     723176 bytes,   10448624 total
- age   8:    2586568 bytes,   13035192 total
- age   9:    3672944 bytes,   16708136 total
- age  10:     835912 bytes,   17544048 total
: 436806K->17208K(471872K), 0.0815724 secs] 634351K->215391K(2044736K), 0.0819605 secs]
Total time for which application threads were stopped: 0.0947785 seconds
Application time: 24.8109243 seconds
14081.122: [GC 14081.122: [ParNew
Desired survivor size 48306584 bytes, new threshold 10 (max 10)
- age   1:    6981360 bytes,    6981360 total
- age   2:    1234752 bytes,    8216112 total
- age   3:    1890744 bytes,   10106856 total
- age   4:    1769152 bytes,   11876008 total
- age   5:    1646088 bytes,   13522096 total
- age   6:     987184 bytes,   14509280 total
- age   7:    1121640 bytes,   15630920 total
- age   8:     723176 bytes,   16354096 total
- age   9:    2459080 bytes,   18813176 total
- age  10:     611368 bytes,   19424544 total
: 436526K->19040K(471872K), 0.0774293 secs] 634709K->218039K(2044736K), 0.0777667 secs]
Total time for which application threads were stopped: 0.0795556 seconds
Application time: 41.9725401 seconds
14123.174: [GC 14123.174: [ParNew
Desired survivor size 48306584 bytes, new threshold 10 (max 10)
- age   1:   12646720 bytes,   12646720 total
- age   2:    1750120 bytes,   14396840 total
- age   3:     856672 bytes,   15253512 total
- age   4:    1872832 bytes,   17126344 total
- age   5:    1759576 bytes,   18885920 total
- age   6:    1608112 bytes,   20494032 total
- age   7:     974736 bytes,   21468768 total
- age   8:     925240 bytes,   22394008 total
- age   9:     711640 bytes,   23105648 total
- age  10:    2372760 bytes,   25478408 total
: 438365K->24950K(471872K), 0.0724599 secs] 637364K->224440K(2044736K), 0.0728030 secs]
Total time for which application threads were stopped: 0.0746802 seconds
Application time: 8.3513853 seconds
14131.600: [GC 14131.600: [ParNew
Desired survivor size 48306584 bytes, new threshold 10 (max 10)
- age   1:    5829920 bytes,    5829920 total
- age   2:    3811992 bytes,    9641912 total
- age   3:    1742168 bytes,   11384080 total
- age   4:     856672 bytes,   12240752 total
- age   5:    1296504 bytes,   13537256 total
- age   6:    1046312 bytes,   14583568 total
- age   7:     965304 bytes,   15548872 total
- age   8:     974384 bytes,   16523256 total
- age   9:     925240 bytes,   17448496 total
- age  10:     711640 bytes,   18160136 total
: 444406K->17812K(471872K), 0.0752250 secs] 643896K->219620K(2044736K), 0.0755581 secs]
Total time for which application threads were stopped: 0.0772219 seconds
Application time: 23.3990343 seconds
14155.076: [GC 14155.077: [ParNew
Desired survivor size 48306584 bytes, new threshold 10 (max 10)
- age   1:    6350040 bytes,    6350040 total
- age   2:    4106848 bytes,   10456888 total
- age   3:    2243456 bytes,   12700344 total
- age   4:    1741160 bytes,   14441504 total
- age   5:     769512 bytes,   15211016 total
- age   6:     836976 bytes,   16047992 total
- age   7:     918968 bytes,   16966960 total
- age   8:     965360 bytes,   17932320 total
- age   9:     974384 bytes,   18906704 total
- age  10:     925240 bytes,   19831944 total
: 437260K->19449K(471872K), 0.0740030 secs] 639067K->221951K(2044736K), 0.0743159 secs]
Total time for which application threads were stopped: 0.0760941 seconds
Application time: 22.1605712 seconds
14177.313: [GC 14177.314: [ParNew
Desired survivor size 48306584 bytes, new threshold 10 (max 10)
- age   1:    6985568 bytes,    6985568 total
- age   2:    4132328 bytes,   11117896 total
- age   3:    2753464 bytes,   13871360 total
- age   4:     741312 bytes,   14612672 total
- age   5:    1435840 bytes,   16048512 total
- age   6:     769512 bytes,   16818024 total
- age   7:     836976 bytes,   17655000 total
- age   8:     918968 bytes,   18573968 total
- age   9:     965304 bytes,   19539272 total
- age  10:     974384 bytes,   20513656 total
: 438904K->20127K(471872K), 0.0963112 secs] 641407K->223533K(2044736K), 0.0966235 secs]
Total time for which application threads were stopped: 0.0988841 seconds
Application time: 12.4048787 seconds
14189.817: [GC 14189.817: [ParNew
Desired survivor size 48306584 bytes, new threshold 10 (max 10)
- age   1:    4006848 bytes,    4006848 total
- age   2:    5354256 bytes,    9361104 total
- age   3:    3350872 bytes,   12711976 total
- age   4:    2058904 bytes,   14770880 total
- age   5:     740360 bytes,   15511240 total
- age   6:    1435784 bytes,   16947024 total
- age   7:     769080 bytes,   17716104 total
- age   8:     836976 bytes,   18553080 total
- age   9:     918968 bytes,   19472048 total
- age  10:     965304 bytes,   20437352 total
: 439583K->20059K(471872K), 0.1062423 secs] 642989K->224417K(2044736K), 0.1065558 secs]
Total time for which application threads were stopped: 0.1086688 seconds
Application time: 51.1715307 seconds
14241.097: [GC 14241.097: [ParNew
Desired survivor size 48306584 bytes, new threshold 10 (max 10)
- age   1:   14366984 bytes,   14366984 total
- age   2:    2784616 bytes,   17151600 total
- age   3:    5125768 bytes,   22277368 total
- age   4:    3270504 bytes,   25547872 total
- age   5:    1979088 bytes,   27526960 total
- age   6:     434960 bytes,   27961920 total
- age   7:    1435552 bytes,   29397472 total
- age   8:     768456 bytes,   30165928 total
- age   9:     836976 bytes,   31002904 total
- age  10:     918640 bytes,   31921544 total
: 439325K->31264K(471872K), 0.0896006 secs] 643683K->236565K(2044736K), 0.0900108 secs]
Total time for which application threads were stopped: 0.0918072 seconds
Application time: 67.9890746 seconds
14309.178: [GC 14309.178: [ParNew
Desired survivor size 48306584 bytes, new threshold 10 (max 10)
- age   1:    7720336 bytes,    7720336 total
- age   2:    5943040 bytes,   13663376 total
- age   3:    2760496 bytes,   16423872 total
- age   4:    3590824 bytes,   20014696 total
- age   5:    1674904 bytes,   21689600 total
- age   6:    1975920 bytes,   23665520 total
- age   7:     374040 bytes,   24039560 total
- age   8:    1431656 bytes,   25471216 total
- age   9:     459456 bytes,   25930672 total
- age  10:     834600 bytes,   26765272 total
: 450640K->26221K(471872K), 0.0839395 secs] 655941K->232417K(2044736K), 0.0842567 secs]
Total time for which application threads were stopped: 0.0860784 seconds
Application time: 13.0834657 seconds
14322.348: [GC 14322.348: [ParNew
Desired survivor size 48306584 bytes, new threshold 10 (max 10)
- age   1:    6881912 bytes,    6881912 total
- age   2:    4467432 bytes,   11349344 total
- age   3:    5943040 bytes,   17292384 total
- age   4:    2754656 bytes,   20047040 total
- age   5:    2623008 bytes,   22670048 total
- age   6:    1674904 bytes,   24344952 total
- age   7:    1975920 bytes,   26320872 total
- age   8:     374040 bytes,   26694912 total
- age   9:    1293880 bytes,   27988792 total
- age  10:     459160 bytes,   28447952 total
: 445598K->27878K(471872K), 0.1048641 secs] 651794K->234885K(2044736K), 0.1052961 secs]
Total time for which application threads were stopped: 0.1073526 seconds
Application time: 78.5592450 seconds
14401.015: [GC 14401.015: [ParNew
Desired survivor size 48306584 bytes, new threshold 10 (max 10)
- age   1:    3624080 bytes,    3624080 total
- age   2:    3307608 bytes,    6931688 total
- age   3:    3421496 bytes,   10353184 total
- age   4:    5918480 bytes,   16271664 total
- age   5:    2145088 bytes,   18416752 total
- age   6:    2251256 bytes,   20668008 total
- age   7:    1674904 bytes,   22342912 total
- age   8:    1975920 bytes,   24318832 total
- age   9:     303896 bytes,   24622728 total
- age  10:    1200000 bytes,   25822728 total
: 447334K->25320K(471872K), 0.0935672 secs] 654341K->232768K(2044736K), 0.0939106 secs]
Total time for which application threads were stopped: 0.0964663 seconds
Application time: 44.2212501 seconds
14445.332: [GC 14445.332: [ParNew
Desired survivor size 48306584 bytes, new threshold 10 (max 10)
- age   1:    4019816 bytes,    4019816 total
- age   2:    2227272 bytes,    6247088 total
- age   3:    3183472 bytes,    9430560 total
- age   4:    3376160 bytes,   12806720 total
- age   5:    5855552 bytes,   18662272 total
- age   6:    1490816 bytes,   20153088 total
- age   7:    2242520 bytes,   22395608 total
- age   8:    1655224 bytes,   24050832 total
- age   9:    1883160 bytes,   25933992 total
- age  10:     297736 bytes,   26231728 total
: 444760K->25720K(471872K), 0.1066490 secs] 652207K->234340K(2044736K), 0.1069404 secs]
Total time for which application threads were stopped: 0.1087096 seconds
Application time: 52.5783335 seconds
14498.019: [GC 14498.019: [ParNew
Desired survivor size 48306584 bytes, new threshold 10 (max 10)
- age   1:    4041912 bytes,    4041912 total
- age   2:    1913648 bytes,    5955560 total
- age   3:    2048552 bytes,    8004112 total
- age   4:    2885712 bytes,   10889824 total
- age   5:    3376160 bytes,   14265984 total
- age   6:    5853472 bytes,   20119456 total
- age   7:    1487120 bytes,   21606576 total
- age   8:    2241736 bytes,   23848312 total
- age   9:    1653768 bytes,   25502080 total
- age  10:    1883160 bytes,   27385240 total
: 445149K->26841K(471872K), 0.0842627 secs] 653768K->235752K(2044736K), 0.0845550 secs]
Total time for which application threads were stopped: 0.0862756 seconds
Application time: 56.6871678 seconds
14554.793: [GC 14554.793: [ParNew
Desired survivor size 48306584 bytes, new threshold 10 (max 10)
- age   1:    5166048 bytes,    5166048 total
- age   2:    1200336 bytes,    6366384 total
- age   3:    1802104 bytes,    8168488 total
- age   4:    2047184 bytes,   10215672 total
- age   5:    2885632 bytes,   13101304 total
- age   6:    3374816 bytes,   16476120 total
- age   7:    5846432 bytes,   22322552 total
- age   8:    1486848 bytes,   23809400 total
- age   9:    2241736 bytes,   26051136 total
- age  10:    1641544 bytes,   27692680 total
: 446297K->27139K(471872K), 0.1250235 secs] 655208K->237888K(2044736K), 0.1253866 secs]
Total time for which application threads were stopped: 0.1274132 seconds
Application time: 42.3793112 seconds
14597.299: [GC 14597.300: [ParNew
Desired survivor size 48306584 bytes, new threshold 10 (max 10)
- age   1:    6063552 bytes,    6063552 total
- age   2:    1322408 bytes,    7385960 total
- age   3:     649072 bytes,    8035032 total
- age   4:    1802104 bytes,    9837136 total
- age   5:    1966944 bytes,   11804080 total
- age   6:    2885632 bytes,   14689712 total
- age   7:     308152 bytes,   14997864 total
- age   8:    5846432 bytes,   20844296 total
- age   9:    1486792 bytes,   22331088 total
- age  10:    2240992 bytes,   24572080 total
: 446594K->24079K(471872K), 0.0967398 secs] 657343K->236432K(2044736K), 0.0970533 secs]
Total time for which application threads were stopped: 0.0988119 seconds
Application time: 155.6969018 seconds
14753.095: [GC 14753.095: [ParNew
Desired survivor size 48306584 bytes, new threshold 10 (max 10)
- age   1:    4964144 bytes,    4964144 total
- age   2:    3771976 bytes,    8736120 total
- age   3:    1145944 bytes,    9882064 total
- age   4:     631584 bytes,   10513648 total
- age   5:    1786248 bytes,   12299896 total
- age   6:    1957296 bytes,   14257192 total
- age   7:    2883256 bytes,   17140448 total
- age   8:     306168 bytes,   17446616 total
- age   9:    1332040 bytes,   18778656 total
- age  10:    1486792 bytes,   20265448 total
: 443535K->19863K(471872K), 0.0882187 secs] 655888K->234403K(2044736K), 0.0892456 secs]
Total time for which application threads were stopped: 0.0911480 seconds
Application time: 73.2268510 seconds
14826.413: [GC 14826.414: [ParNew
Desired survivor size 48306584 bytes, new threshold 10 (max 10)
- age   1:    3228544 bytes,    3228544 total
- age   2:    4011480 bytes,    7240024 total
- age   3:    3771144 bytes,   11011168 total
- age   4:    1085088 bytes,   12096256 total
- age   5:     566880 bytes,   12663136 total
- age   6:    1786248 bytes,   14449384 total
- age   7:    1585608 bytes,   16034992 total
- age   8:    1901968 bytes,   17936960 total
- age   9:     306168 bytes,   18243128 total
- age  10:    1332040 bytes,   19575168 total
: 439319K->19178K(471872K), 0.0702879 secs] 653859K->235171K(2044736K), 0.0706794 secs]
Total time for which application threads were stopped: 0.0724926 seconds
Application time: 36.5965791 seconds
14863.082: [GC 14863.083: [ParNew
Desired survivor size 48306584 bytes, new threshold 10 (max 10)
- age   1:    3634424 bytes,    3634424 total
- age   2:    2168144 bytes,    5802568 total
- age   3:    4010808 bytes,    9813376 total
- age   4:    3738056 bytes,   13551432 total
- age   5:     972432 bytes,   14523864 total
- age   6:     549680 bytes,   15073544 total
- age   7:     965952 bytes,   16039496 total
- age   8:    1067704 bytes,   17107200 total
- age   9:    1901968 bytes,   19009168 total
- age  10:     306168 bytes,   19315336 total
: 438629K->18927K(471872K), 0.0795713 secs] 654621K->236095K(2044736K), 0.0799378 secs]
Total time for which application threads were stopped: 0.0818215 seconds
Application time: 42.5760965 seconds
14905.741: [GC 14905.741: [ParNew
Desired survivor size 48306584 bytes, new threshold 10 (max 10)
- age   1:    1775528 bytes,    1775528 total
- age   2:    2337680 bytes,    4113208 total
- age   3:    2165016 bytes,    6278224 total
- age   4:    4010480 bytes,   10288704 total
- age   5:    3734040 bytes,   14022744 total
- age   6:     972104 bytes,   14994848 total
- age   7:     549680 bytes,   15544528 total
- age   8:     965952 bytes,   16510480 total
- age   9:    1067704 bytes,   17578184 total
- age  10:    1901968 bytes,   19480152 total
: 438383K->19091K(471872K), 0.0667273 secs] 655551K->236557K(2044736K), 0.0671570 secs]
Total time for which application threads were stopped: 0.0693030 seconds
Application time: 108.8461812 seconds
15014.656: [GC 15014.656: [ParNew
Desired survivor size 48306584 bytes, new threshold 10 (max 10)
- age   1:    1863776 bytes,    1863776 total
- age   2:     269056 bytes,    2132832 total
- age   3:    2313656 bytes,    4446488 total
- age   4:    2029928 bytes,    6476416 total
- age   5:    3911240 bytes,   10387656 total
- age   6:    3651000 bytes,   14038656 total
- age   7:     971576 bytes,   15010232 total
- age   8:     469432 bytes,   15479664 total
- age   9:     965952 bytes,   16445616 total
- age  10:    1067704 bytes,   17513320 total
: 438545K->17159K(471872K), 0.0676667 secs] 656012K->236484K(2044736K), 0.0680799 secs]
Total time for which application threads were stopped: 0.0698978 seconds
Application time: 9.8857053 seconds
15024.612: [GC 15024.612: [ParNew
Desired survivor size 48306584 bytes, new threshold 10 (max 10)
- age   1:    4119128 bytes,    4119128 total
- age   2:     932232 bytes,    5051360 total
- age   3:     268832 bytes,    5320192 total
- age   4:    1146304 bytes,    6466496 total
- age   5:     676952 bytes,    7143448 total
- age   6:    3909672 bytes,   11053120 total
- age   7:    3651000 bytes,   14704120 total
- age   8:     971576 bytes,   15675696 total
- age   9:     469432 bytes,   16145128 total
- age  10:     965952 bytes,   17111080 total
: 436615K->16764K(471872K), 0.0741261 secs] 655939K->237131K(2044736K), 0.0745218 secs]
Total time for which application threads were stopped: 0.0763953 seconds
Application time: 33.7601889 seconds
15058.448: [GC 15058.449: [ParNew
Desired survivor size 48306584 bytes, new threshold 10 (max 10)
- age   1:   11882544 bytes,   11882544 total
- age   2:    3048312 bytes,   14930856 total
- age   3:     851616 bytes,   15782472 total
- age   4:     268832 bytes,   16051304 total
- age   5:    1146304 bytes,   17197608 total
- age   6:     674872 bytes,   17872480 total
- age   7:    1301088 bytes,   19173568 total
- age   8:     589424 bytes,   19762992 total
- age   9:     971576 bytes,   20734568 total
- age  10:     469432 bytes,   21204000 total
: 436220K->20762K(471872K), 0.0596188 secs] 656586K->242072K(2044736K), 0.0600091 secs]
Total time for which application threads were stopped: 0.0618957 seconds
Application time: 41.1912067 seconds
15099.702: [GC 15099.702: [ParNew
Desired survivor size 48306584 bytes, new threshold 10 (max 10)
- age   1:    5831528 bytes,    5831528 total
- age   2:    6708384 bytes,   12539912 total
- age   3:    1552008 bytes,   14091920 total
- age   4:     840552 bytes,   14932472 total
- age   5:     268176 bytes,   15200648 total
- age   6:    1146360 bytes,   16347008 total
- age   7:     607608 bytes,   16954616 total
- age   8:    1299792 bytes,   18254408 total
- age   9:     589400 bytes,   18843808 total
- age  10:     971552 bytes,   19815360 total
: 440196K->19419K(471872K), 0.0746321 secs] 661506K->241187K(2044736K), 0.0751070 secs]
Total time for which application threads were stopped: 0.0772400 seconds
Application time: 57.2147274 seconds
15157.008: [GC 15157.008: [ParNew
Desired survivor size 48306584 bytes, new threshold 10 (max 10)
- age   1:    8169256 bytes,    8169256 total
- age   2:    3664208 bytes,   11833464 total
- age   3:    3336960 bytes,   15170424 total
- age   4:     677728 bytes,   15848152 total
- age   5:     839864 bytes,   16688016 total
- age   6:     268176 bytes,   16956192 total
- age   7:    1137776 bytes,   18093968 total
- age   8:     603624 bytes,   18697592 total
- age   9:    1292016 bytes,   19989608 total
- age  10:     589400 bytes,   20579008 total
: 438842K->20162K(471872K), 0.0725164 secs] 660611K->242879K(2044736K), 0.0728820 secs]
Total time for which application threads were stopped: 0.0890935 seconds
Application time: 10.7054693 seconds
15167.788: [GC 15167.788: [ParNew
Desired survivor size 48306584 bytes, new threshold 10 (max 10)
- age   1:    4564672 bytes,    4564672 total
- age   2:    5662808 bytes,   10227480 total
- age   3:    3576232 bytes,   13803712 total
- age   4:     942272 bytes,   14745984 total
- age   5:     677728 bytes,   15423712 total
- age   6:     759328 bytes,   16183040 total
- age   7:     268176 bytes,   16451216 total
- age   8:    1058624 bytes,   17509840 total
- age   9:     603272 bytes,   18113112 total
- age  10:    1292016 bytes,   19405128 total
: 439618K->19019K(471872K), 0.0684355 secs] 662335K->242312K(2044736K), 0.0687884 secs]
Total time for which application threads were stopped: 0.0706112 seconds
Application time: 8.2635641 seconds
15176.124: [GC 15176.124: [ParNew
Desired survivor size 48306584 bytes, new threshold 10 (max 10)
- age   1:    6957864 bytes,    6957864 total
- age   2:    2269240 bytes,    9227104 total
- age   3:    5011280 bytes,   14238384 total
- age   4:    2167512 bytes,   16405896 total
- age   5:     942272 bytes,   17348168 total
- age   6:     677728 bytes,   18025896 total
- age   7:     759328 bytes,   18785224 total
- age   8:     265792 bytes,   19051016 total
- age   9:    1058624 bytes,   20109640 total
- age  10:     603272 bytes,   20712912 total
: 438470K->20304K(471872K), 0.0884710 secs] 661763K->244858K(2044736K), 0.0888708 secs]
Total time for which application threads were stopped: 0.0924274 seconds
Application time: 6.7320981 seconds
15182.947: [GC 15182.947: [ParNew
Desired survivor size 48306584 bytes, new threshold 10 (max 10)
- age   1:    7668072 bytes,    7668072 total
- age   2:    3733440 bytes,   11401512 total
- age   3:    2185120 bytes,   13586632 total
- age   4:    1508264 bytes,   15094896 total
- age   5:    2167512 bytes,   17262408 total
- age   6:     942272 bytes,   18204680 total
- age   7:     677728 bytes,   18882408 total
- age   8:     759328 bytes,   19641736 total
- age   9:     264960 bytes,   19906696 total
- age  10:    1058624 bytes,   20965320 total
: 439749K->20548K(471872K), 0.0857185 secs] 664304K->245692K(2044736K), 0.0868334 secs]
Total time for which application threads were stopped: 0.0891289 seconds
Application time: 8.8258995 seconds
15191.875: [GC 15191.876: [ParNew
Desired survivor size 48306584 bytes, new threshold 10 (max 10)
- age   1:    2520856 bytes,    2520856 total
- age   2:    5105984 bytes,    7626840 total
- age   3:    3720776 bytes,   11347616 total
- age   4:    2041824 bytes,   13389440 total
- age   5:    1503136 bytes,   14892576 total
- age   6:    2134720 bytes,   17027296 total
- age   7:     942272 bytes,   17969568 total
- age   8:     677728 bytes,   18647296 total
- age   9:     759328 bytes,   19406624 total
- age  10:     264816 bytes,   19671440 total
: 440004K->19279K(471872K), 0.0875087 secs] 665148K->245457K(2044736K), 0.0878407 secs]
Total time for which application threads were stopped: 0.1030576 seconds
Application time: 10.1810084 seconds
15202.146: [GC 15202.146: [ParNew
Desired survivor size 48306584 bytes, new threshold 10 (max 10)
- age   1:    1955840 bytes,    1955840 total
- age   2:     492000 bytes,    2447840 total
- age   3:    5003240 bytes,    7451080 total
- age   4:    3658384 bytes,   11109464 total
- age   5:    2024664 bytes,   13134128 total
- age   6:    1503136 bytes,   14637264 total
- age   7:    2134720 bytes,   16771984 total
- age   8:     942272 bytes,   17714256 total
- age   9:     677728 bytes,   18391984 total
- age  10:     678944 bytes,   19070928 total
: 438735K->18696K(471872K), 0.0739780 secs] 664913K->245133K(2044736K), 0.0743202 secs]
Total time for which application threads were stopped: 0.0762653 seconds
Application time: 23.9751990 seconds
15226.198: [GC 15226.198: [ParNew
Desired survivor size 48306584 bytes, new threshold 10 (max 10)
- age   1:    2698888 bytes,    2698888 total
- age   2:     505000 bytes,    3203888 total
- age   3:     256872 bytes,    3460760 total
- age   4:    4914192 bytes,    8374952 total
- age   5:    3577896 bytes,   11952848 total
- age   6:    2024664 bytes,   13977512 total
- age   7:    1502936 bytes,   15480448 total
- age   8:    2077528 bytes,   17557976 total
- age   9:     835616 bytes,   18393592 total
- age  10:     675408 bytes,   19069000 total
: 438152K->18687K(471872K), 0.0761584 secs] 664589K->245782K(2044736K), 0.0764967 secs]
Total time for which application threads were stopped: 0.0784022 seconds
Application time: 55.3182613 seconds
15281.594: [GC 15281.594: [ParNew
Desired survivor size 48306584 bytes, new threshold 10 (max 10)
- age   1:    5034312 bytes,    5034312 total
- age   2:     803280 bytes,    5837592 total
- age   3:     487048 bytes,    6324640 total
- age   4:     254432 bytes,    6579072 total
- age   5:    4914192 bytes,   11493264 total
- age   6:    3560672 bytes,   15053936 total
- age   7:     364712 bytes,   15418648 total
- age   8:    1269368 bytes,   16688016 total
- age   9:    2077496 bytes,   18765512 total
- age  10:     835616 bytes,   19601128 total
: 438143K->19203K(471872K), 0.0747861 secs] 665238K->246960K(2044736K), 0.0750949 secs]
Total time for which application threads were stopped: 0.0768413 seconds
Application time: 60.4287894 seconds
15342.100: [GC 15342.100: [ParNew
Desired survivor size 48306584 bytes, new threshold 10 (max 10)
- age   1:    7203152 bytes,    7203152 total
- age   2:     736392 bytes,    7939544 total
- age   3:     655744 bytes,    8595288 total
- age   4:     357768 bytes,    8953056 total
- age   5:     233480 bytes,    9186536 total
- age   6:    4894752 bytes,   14081288 total
- age   7:    3539776 bytes,   17621064 total
- age   8:     346024 bytes,   17967088 total
- age   9:    1246768 bytes,   19213856 total
- age  10:    2063832 bytes,   21277688 total
: 438603K->20845K(471872K), 0.0858450 secs] 666360K->249397K(2044736K), 0.0862673 secs]
Total time for which application threads were stopped: 0.0883570 seconds
Application time: 56.8674037 seconds
15399.056: [GC 15399.056: [ParNew
Desired survivor size 48306584 bytes, new threshold 10 (max 10)
- age   1:    8526136 bytes,    8526136 total
- age   2:    1107000 bytes,    9633136 total
- age   3:     718992 bytes,   10352128 total
- age   4:     647208 bytes,   10999336 total
- age   5:     357768 bytes,   11357104 total
- age   6:     233480 bytes,   11590584 total
- age   7:    4885808 bytes,   16476392 total
- age   8:    2199968 bytes,   18676360 total
- age   9:     338760 bytes,   19015120 total
- age  10:    1190152 bytes,   20205272 total
: 440301K->19794K(471872K), 0.0899530 secs] 668853K->250299K(2044736K), 0.0902944 secs]
Total time for which application threads were stopped: 0.0922782 seconds
Application time: 15.2141310 seconds
15414.362: [GC 15414.363: [ParNew
Desired survivor size 48306584 bytes, new threshold 10 (max 10)
- age   1:   11171504 bytes,   11171504 total
- age   2:    6702744 bytes,   17874248 total
- age   3:     847240 bytes,   18721488 total
- age   4:     718992 bytes,   19440480 total
- age   5:     468176 bytes,   19908656 total
- age   6:     357768 bytes,   20266424 total
- age   7:     212408 bytes,   20478832 total
- age   8:     541952 bytes,   21020784 total
- age   9:    2199832 bytes,   23220616 total
- age  10:     338760 bytes,   23559376 total
: 439226K->23061K(471872K), 0.0786328 secs] 669731K->254717K(2044736K), 0.0789425 secs]
Total time for which application threads were stopped: 0.0807931 seconds
Application time: 26.5687839 seconds
15441.012: [GC 15441.012: [ParNew
Desired survivor size 48306584 bytes, new threshold 10 (max 10)
- age   1:    4078080 bytes,    4078080 total
- age   2:    5040664 bytes,    9118744 total
- age   3:    5191496 bytes,   14310240 total
- age   4:     830048 bytes,   15140288 total
- age   5:     718304 bytes,   15858592 total
- age   6:     388304 bytes,   16246896 total
- age   7:     357768 bytes,   16604664 total
- age   8:     212408 bytes,   16817072 total
- age   9:     541952 bytes,   17359024 total
- age  10:    2199808 bytes,   19558832 total
: 442517K->19158K(471872K), 0.0651712 secs] 674172K->251144K(2044736K), 0.0655006 secs]
Total time for which application threads were stopped: 0.0673821 seconds
Application time: 9.9342910 seconds
15451.014: [GC 15451.014: [ParNew
Desired survivor size 48306584 bytes, new threshold 10 (max 10)
- age   1:    4896336 bytes,    4896336 total
- age   2:    2499504 bytes,    7395840 total
- age   3:    3907656 bytes,   11303496 total
- age   4:    5191496 bytes,   16494992 total
- age   5:     721840 bytes,   17216832 total
- age   6:     718304 bytes,   17935136 total
- age   7:     388304 bytes,   18323440 total
- age   8:     357768 bytes,   18681208 total
- age   9:     212440 bytes,   18893648 total
- age  10:     541952 bytes,   19435600 total
: 438614K->19065K(471872K), 0.0841352 secs] 670600K->253199K(2044736K), 0.0844721 secs]
Total time for which application threads were stopped: 0.0863094 seconds
Application time: 13.3532219 seconds
15464.453: [GC 15464.453: [ParNew
Desired survivor size 48306584 bytes, new threshold 10 (max 10)
- age   1:    1571896 bytes,    1571896 total
- age   2:    3148016 bytes,    4719912 total
- age   3:    2498416 bytes,    7218328 total
- age   4:    3907656 bytes,   11125984 total
- age   5:    5191496 bytes,   16317480 total
- age   6:     721840 bytes,   17039320 total
- age   7:     718304 bytes,   17757624 total
- age   8:     388304 bytes,   18145928 total
- age   9:     357768 bytes,   18503696 total
- age  10:     212408 bytes,   18716104 total
: 438521K->18376K(471872K), 0.0557856 secs] 672655K->253039K(2044736K), 0.0560890 secs]
Total time for which application threads were stopped: 0.0577669 seconds
Application time: 75.0489530 seconds
15539.560: [GC 15539.560: [ParNew
Desired survivor size 48306584 bytes, new threshold 10 (max 10)
- age   1:   10655552 bytes,   10655552 total
- age   2:    1490192 bytes,   12145744 total
- age   3:    2571400 bytes,   14717144 total
- age   4:     863824 bytes,   15580968 total
- age   5:     811328 bytes,   16392296 total
- age   6:    1681768 bytes,   18074064 total
- age   7:     693664 bytes,   18767728 total
- age   8:     715824 bytes,   19483552 total
- age   9:     386792 bytes,   19870344 total
- age  10:     292400 bytes,   20162744 total
: 437830K->19797K(471872K), 0.0611324 secs] 672494K->254667K(2044736K), 0.0619735 secs]
Total time for which application threads were stopped: 0.0638900 seconds
Application time: 16.1133460 seconds
15555.737: [GC 15555.737: [ParNew
Desired survivor size 48306584 bytes, new threshold 10 (max 10)
- age   1:    2718352 bytes,    2718352 total
- age   2:    8976432 bytes,   11694784 total
- age   3:    1489256 bytes,   13184040 total
- age   4:    1446168 bytes,   14630208 total
- age   5:     863824 bytes,   15494032 total
- age   6:     811328 bytes,   16305360 total
- age   7:    1681768 bytes,   17987128 total
- age   8:     693664 bytes,   18680792 total
- age   9:     712912 bytes,   19393704 total
- age  10:     386792 bytes,   19780496 total
: 439253K->19424K(471872K), 0.0651997 secs] 674123K->254564K(2044736K), 0.0655140 secs]
Total time for which application threads were stopped: 0.0673096 seconds
Application time: 66.7476065 seconds
15622.552: [GC 15622.552: [ParNew
Desired survivor size 48306584 bytes, new threshold 10 (max 10)
- age   1:    7807512 bytes,    7807512 total
- age   2:    1900872 bytes,    9708384 total
- age   3:    4503984 bytes,   14212368 total
- age   4:    1486848 bytes,   15699216 total
- age   5:    1429464 bytes,   17128680 total
- age   6:     846448 bytes,   17975128 total
- age   7:     792248 bytes,   18767376 total
- age   8:    1669248 bytes,   20436624 total
- age   9:     670144 bytes,   21106768 total
- age  10:     711456 bytes,   21818224 total
: 438875K->21425K(471872K), 0.0664972 secs] 674014K->256941K(2044736K), 0.0668243 secs]
Total time for which application threads were stopped: 0.0686161 seconds
Application time: 77.9906048 seconds
15700.612: [GC 15700.612: [ParNew
Desired survivor size 48306584 bytes, new threshold 10 (max 10)
- age   1:    8529232 bytes,    8529232 total
- age   2:    2239208 bytes,   10768440 total
- age   3:    1042360 bytes,   11810800 total
- age   4:    1238536 bytes,   13049336 total
- age   5:    1486848 bytes,   14536184 total
- age   6:    1429464 bytes,   15965648 total
- age   7:     845824 bytes,   16811472 total
- age   8:     789752 bytes,   17601224 total
- age   9:    1661824 bytes,   19263048 total
- age  10:     655400 bytes,   19918448 total
: 440881K->19571K(471872K), 0.0681960 secs] 676397K->255491K(2044736K), 0.0685842 secs]
Total time for which application threads were stopped: 0.0707384 seconds
Application time: 43.8195060 seconds
15744.501: [GC 15744.501: [ParNew
Desired survivor size 48306584 bytes, new threshold 10 (max 10)
- age   1:    6267800 bytes,    6267800 total
- age   2:    6385224 bytes,   12653024 total
- age   3:     890464 bytes,   13543488 total
- age   4:    1042032 bytes,   14585520 total
- age   5:    1238056 bytes,   15823576 total
- age   6:    1486848 bytes,   17310424 total
- age   7:    1428008 bytes,   18738432 total
- age   8:     840112 bytes,   19578544 total
- age   9:     788968 bytes,   20367512 total
- age  10:    1605552 bytes,   21973064 total
: 438949K->21583K(471872K), 0.0665986 secs] 674869K->258063K(2044736K), 0.0669236 secs]
Total time for which application threads were stopped: 0.0680533 seconds
Application time: 7.2268323 seconds
15751.797: [GC 15751.797: [ParNew
Desired survivor size 48306584 bytes, new threshold 10 (max 10)
- age   1:    3746488 bytes,    3746488 total
- age   2:    1994920 bytes,    5741408 total
- age   3:    5377800 bytes,   11119208 total
- age   4:     825880 bytes,   11945088 total
- age   5:     840472 bytes,   12785560 total
- age   6:    1237408 bytes,   14022968 total
- age   7:    1486848 bytes,   15509816 total
- age   8:    1428008 bytes,   16937824 total
- age   9:     840112 bytes,   17777936 total
- age  10:     788968 bytes,   18566904 total
: 441039K->18256K(471872K), 0.0677686 secs] 677519K->256304K(2044736K), 0.0680689 secs]
Total time for which application threads were stopped: 0.0701542 seconds
Application time: 23.3035929 seconds
15775.171: [GC 15775.171: [ParNew
Desired survivor size 48306584 bytes, new threshold 10 (max 10)
- age   1:    4010824 bytes,    4010824 total
- age   2:    1383144 bytes,    5393968 total
- age   3:    1019448 bytes,    6413416 total
- age   4:    5377800 bytes,   11791216 total
- age   5:     825880 bytes,   12617096 total
- age   6:     840472 bytes,   13457568 total
- age   7:    1235216 bytes,   14692784 total
- age   8:    1483824 bytes,   16176608 total
- age   9:    1428008 bytes,   17604616 total
- age  10:     840112 bytes,   18444728 total
: 437712K->18142K(471872K), 0.0777480 secs] 675760K->256960K(2044736K), 0.0780604 secs]
Total time for which application threads were stopped: 0.0798704 seconds
Application time: 45.5569239 seconds
15820.808: [GC 15820.808: [ParNew
Desired survivor size 48306584 bytes, new threshold 10 (max 10)
- age   1:    5665864 bytes,    5665864 total
- age   2:    2911192 bytes,    8577056 total
- age   3:    1258616 bytes,    9835672 total
- age   4:    1017008 bytes,   10852680 total
- age   5:    2260472 bytes,   13113152 total
- age   6:     825880 bytes,   13939032 total
- age   7:     840472 bytes,   14779504 total
- age   8:    1232048 bytes,   16011552 total
- age   9:    1483176 bytes,   17494728 total
- age  10:    1428008 bytes,   18922736 total
: 437598K->18598K(471872K), 0.0716200 secs] 676416K->258237K(2044736K), 0.0719643 secs]
Total time for which application threads were stopped: 0.0738965 seconds
Application time: 37.2669293 seconds
15858.149: [GC 15858.149: [ParNew
Desired survivor size 48306584 bytes, new threshold 10 (max 10)
- age   1:    5030144 bytes,    5030144 total
- age   2:    4293784 bytes,    9323928 total
- age   3:    1478328 bytes,   10802256 total
- age   4:    1161128 bytes,   11963384 total
- age   5:     960688 bytes,   12924072 total
- age   6:    2259296 bytes,   15183368 total
- age   7:     745744 bytes,   15929112 total
- age   8:     579392 bytes,   16508504 total
- age   9:     877472 bytes,   17385976 total
- age  10:    1482528 bytes,   18868504 total
: 438004K->18520K(471872K), 0.0632036 secs] 677642K->259553K(2044736K), 0.0635860 secs]
Total time for which application threads were stopped: 0.0656716 seconds
Application time: 20.5433234 seconds
15878.757: [GC 15878.758: [ParNew
Desired survivor size 48306584 bytes, new threshold 10 (max 10)
- age   1:    3338296 bytes,    3338296 total
- age   2:    2484064 bytes,    5822360 total
- age   3:    4087872 bytes,    9910232 total
- age   4:     785664 bytes,   10695896 total
- age   5:     949328 bytes,   11645224 total
- age   6:     880264 bytes,   12525488 total
- age   7:    2259296 bytes,   14784784 total
- age   8:     728984 bytes,   15513768 total
- age   9:      48688 bytes,   15562456 total
- age  10:     877472 bytes,   16439928 total
: 437976K->16124K(471872K), 0.0663705 secs] 679009K->258605K(2044736K), 0.0667061 secs]
Total time for which application threads were stopped: 0.0686028 seconds
Application time: 16.1139466 seconds
15894.940: [GC 15894.940: [ParNew
Desired survivor size 48306584 bytes, new threshold 10 (max 10)
- age   1:    7026928 bytes,    7026928 total
- age   2:    2275544 bytes,    9302472 total
- age   3:     963648 bytes,   10266120 total
- age   4:    4072192 bytes,   14338312 total
- age   5:     772728 bytes,   15111040 total
- age   6:     937680 bytes,   16048720 total
- age   7:     868840 bytes,   16917560 total
- age   8:     872600 bytes,   17790160 total
- age   9:     670920 bytes,   18461080 total
- age  10:      46024 bytes,   18507104 total
: 435580K->18140K(471872K), 0.0649059 secs] 678061K->261478K(2044736K), 0.0652289 secs]
Total time for which application threads were stopped: 0.0673674 seconds
Application time: 8.8062345 seconds
15903.814: [GC 15903.814: [ParNew
Desired survivor size 48306584 bytes, new threshold 10 (max 10)
- age   1:    7538880 bytes,    7538880 total
- age   2:    4831288 bytes,   12370168 total
- age   3:    1007504 bytes,   13377672 total
- age   4:     896200 bytes,   14273872 total
- age   5:     951792 bytes,   15225664 total
- age   6:     770616 bytes,   15996280 total
- age   7:     935040 bytes,   16931320 total
- age   8:     865672 bytes,   17796992 total
- age   9:     851912 bytes,   18648904 total
- age  10:     668808 bytes,   19317712 total
: 437591K->18941K(471872K), 0.0634995 secs] 680929K->262323K(2044736K), 0.0642780 secs]
Total time for which application threads were stopped: 0.0666536 seconds
Application time: 37.1914480 seconds
15941.072: [GC 15941.073: [ParNew
Desired survivor size 48306584 bytes, new threshold 10 (max 10)
- age   1:    5305016 bytes,    5305016 total
- age   2:    2740584 bytes,    8045600 total
- age   3:    4460264 bytes,   12505864 total
- age   4:    1006752 bytes,   13512616 total
- age   5:     736296 bytes,   14248912 total
- age   6:     951792 bytes,   15200704 total
- age   7:     770616 bytes,   15971320 total
- age   8:     855048 bytes,   16826368 total
- age   9:     865672 bytes,   17692040 total
- age  10:     850680 bytes,   18542720 total
: 438397K->18178K(471872K), 0.0833330 secs] 681779K->262210K(2044736K), 0.0837911 secs]
Total time for which application threads were stopped: 0.0862963 seconds
Application time: 11.9405415 seconds
15953.099: [GC 15953.099: [ParNew
Desired survivor size 48306584 bytes, new threshold 10 (max 10)
- age   1:    6024872 bytes,    6024872 total
- age   2:    4014808 bytes,   10039680 total
- age   3:     942816 bytes,   10982496 total
- age   4:    1038712 bytes,   12021208 total
- age   5:     997832 bytes,   13019040 total
- age   6:     728048 bytes,   13747088 total
- age   7:     951792 bytes,   14698880 total
- age   8:     770616 bytes,   15469496 total
- age   9:     855048 bytes,   16324544 total
- age  10:     865048 bytes,   17189592 total
: 437628K->16862K(471872K), 0.0708478 secs] 681661K->261722K(2044736K), 0.0712058 secs]
Total time for which application threads were stopped: 0.0732391 seconds
Application time: 15.7282548 seconds
15968.900: [GC 15968.901: [ParNew
Desired survivor size 48306584 bytes, new threshold 10 (max 10)
- age   1:    8126560 bytes,    8126560 total
- age   2:    3757464 bytes,   11884024 total
- age   3:     809224 bytes,   12693248 total
- age   4:     925592 bytes,   13618840 total
- age   5:    1020744 bytes,   14639584 total
- age   6:     900144 bytes,   15539728 total
- age   7:     728048 bytes,   16267776 total
- age   8:     951792 bytes,   17219568 total
- age   9:     770616 bytes,   17990184 total
- age  10:     855048 bytes,   18845232 total
: 436318K->18484K(471872K), 0.0905556 secs] 681178K->264189K(2044736K), 0.0908468 secs]
Total time for which application threads were stopped: 0.0928170 seconds
Application time: 7.9971887 seconds
15976.991: [GC 15976.991: [ParNew
Desired survivor size 48306584 bytes, new threshold 10 (max 10)
- age   1:   10933056 bytes,   10933056 total
- age   2:    5226320 bytes,   16159376 total
- age   3:    1220840 bytes,   17380216 total
- age   4:     746704 bytes,   18126920 total
- age   5:     925528 bytes,   19052448 total
- age   6:    1020744 bytes,   20073192 total
- age   7:     691504 bytes,   20764696 total
- age   8:     728048 bytes,   21492744 total
- age   9:     951792 bytes,   22444536 total
- age  10:     770616 bytes,   23215152 total
: 437935K->22749K(471872K), 0.0717958 secs] 683640K->269289K(2044736K), 0.0722206 secs]
Total time for which application threads were stopped: 0.0747383 seconds
Application time: 30.7194854 seconds
16007.785: [GC 16007.785: [ParNew
Desired survivor size 48306584 bytes, new threshold 10 (max 10)
- age   1:    6194560 bytes,    6194560 total
- age   2:    2647696 bytes,    8842256 total
- age   3:    2012976 bytes,   10855232 total
- age   4:    1155640 bytes,   12010872 total
- age   5:     666072 bytes,   12676944 total
- age   6:     816816 bytes,   13493760 total
- age   7:    1020744 bytes,   14514504 total
- age   8:     691504 bytes,   15206008 total
- age   9:     728048 bytes,   15934056 total
- age  10:     951792 bytes,   16885848 total
: 442204K->16557K(471872K), 0.0609809 secs] 688744K->263850K(2044736K), 0.0613137 secs]
Total time for which application threads were stopped: 0.0631335 seconds
Application time: 50.2530393 seconds
16058.101: [GC 16058.101: [ParNew
Desired survivor size 48306584 bytes, new threshold 10 (max 10)
- age   1:    8348480 bytes,    8348480 total
- age   2:    4029208 bytes,   12377688 total
- age   3:    2646328 bytes,   15024016 total
- age   4:    2010536 bytes,   17034552 total
- age   5:    1155640 bytes,   18190192 total
- age   6:     664984 bytes,   18855176 total
- age   7:     816816 bytes,   19671992 total
- age   8:    1020744 bytes,   20692736 total
- age   9:     691504 bytes,   21384240 total
- age  10:     728048 bytes,   22112288 total
: 436000K->21659K(471872K), 0.0744627 secs] 683292K->269882K(2044736K), 0.0748075 secs]
Total time for which application threads were stopped: 0.0769476 seconds
Application time: 26.5188330 seconds
16084.697: [GC 16084.697: [ParNew
Desired survivor size 48306584 bytes, new threshold 10 (max 10)
- age   1:   15325856 bytes,   15325856 total
- age   2:    1103152 bytes,   16429008 total
- age   3:     735376 bytes,   17164384 total
- age   4:    2500176 bytes,   19664560 total
- age   5:    1939296 bytes,   21603856 total
- age   6:    1095488 bytes,   22699344 total
- age   7:     634184 bytes,   23333528 total
- age   8:     805632 bytes,   24139160 total
- age   9:    1020616 bytes,   25159776 total
- age  10:     691504 bytes,   25851280 total
: 441040K->25312K(471872K), 0.0678434 secs] 689262K->274246K(2044736K), 0.0681864 secs]
Total time for which application threads were stopped: 0.0700215 seconds
Application time: 10.1006408 seconds
16094.868: [GC 16094.868: [ParNew
Desired survivor size 48306584 bytes, new threshold 10 (max 10)
- age   1:   10848112 bytes,   10848112 total
- age   2:    7040112 bytes,   17888224 total
- age   3:     565912 bytes,   18454136 total
- age   4:     707560 bytes,   19161696 total
- age   5:    1498704 bytes,   20660400 total
- age   6:    1939296 bytes,   22599696 total
- age   7:    1095488 bytes,   23695184 total
- age   8:     634184 bytes,   24329368 total
- age   9:     805632 bytes,   25135000 total
- age  10:    1020616 bytes,   26155616 total
: 444768K->25630K(471872K), 0.0905902 secs] 693702K->275239K(2044736K), 0.0909184 secs]
Total time for which application threads were stopped: 0.0929548 seconds
Application time: 5.3182413 seconds
16100.279: [GC 16100.279: [ParNew
Desired survivor size 48306584 bytes, new threshold 10 (max 10)
- age   1:    1374176 bytes,    1374176 total
- age   2:    9808752 bytes,   11182928 total
- age   3:    7039056 bytes,   18221984 total
- age   4:     548688 bytes,   18770672 total
- age   5:     707560 bytes,   19478232 total
- age   6:    1498704 bytes,   20976936 total
- age   7:    1939296 bytes,   22916232 total
- age   8:    1095488 bytes,   24011720 total
- age   9:     634184 bytes,   24645904 total
- age  10:     805632 bytes,   25451536 total
: 445086K->24949K(471872K), 0.0767998 secs] 694695K->275556K(2044736K), 0.0772147 secs]
Total time for which application threads were stopped: 0.0790561 seconds
Application time: 12.7744785 seconds
16113.132: [GC 16113.132: [ParNew
Desired survivor size 48306584 bytes, new threshold 10 (max 10)
- age   1:    5806840 bytes,    5806840 total
- age   2:     865192 bytes,    6672032 total
- age   3:    4250888 bytes,   10922920 total
- age   4:    6466208 bytes,   17389128 total
- age   5:     548488 bytes,   17937616 total
- age   6:     707560 bytes,   18645176 total
- age   7:    1112256 bytes,   19757432 total
- age   8:     972768 bytes,   20730200 total
- age   9:    1095488 bytes,   21825688 total
- age  10:     634216 bytes,   22459904 total
: 444370K->22043K(471872K), 0.0726517 secs] 694977K->273438K(2044736K), 0.0729995 secs]
Total time for which application threads were stopped: 0.0749339 seconds
Application time: 44.8709140 seconds
16158.079: [GC 16158.079: [ParNew
Desired survivor size 48306584 bytes, new threshold 10 (max 10)
- age   1:   12004992 bytes,   12004992 total
- age   2:    2555312 bytes,   14560304 total
- age   3:     864136 bytes,   15424440 total
- age   4:    3872216 bytes,   19296656 total
- age   5:    3342192 bytes,   22638848 total
- age   6:     548488 bytes,   23187336 total
- age   7:     707560 bytes,   23894896 total
- age   8:    1112256 bytes,   25007152 total
- age   9:     972696 bytes,   25979848 total
- age  10:    1095000 bytes,   27074848 total
: 441426K->26553K(471872K), 0.0759600 secs] 692822K->278569K(2044736K), 0.0769802 secs]
Total time for which application threads were stopped: 0.0792646 seconds
Application time: 19.2190758 seconds
16177.377: [GC 16177.377: [ParNew
Desired survivor size 48306584 bytes, new threshold 10 (max 10)
- age   1:    3015496 bytes,    3015496 total
- age   2:    5184048 bytes,    8199544 total
- age   3:    1943040 bytes,   10142584 total
- age   4:     864136 bytes,   11006720 total
- age   5:    3717624 bytes,   14724344 total
- age   6:    3342192 bytes,   18066536 total
- age   7:     548488 bytes,   18615024 total
- age   8:     707560 bytes,   19322584 total
- age   9:    1112256 bytes,   20434840 total
- age  10:     972696 bytes,   21407536 total
: 446009K->21014K(471872K), 0.0762630 secs] 698025K->274101K(2044736K), 0.0766015 secs]
Total time for which application threads were stopped: 0.0784312 seconds
Application time: 11.0814123 seconds
16188.537: [GC 16188.537: [ParNew
Desired survivor size 48306584 bytes, new threshold 10 (max 10)
- age   1:    3993104 bytes,    3993104 total
- age   2:    1388128 bytes,    5381232 total
- age   3:    4103016 bytes,    9484248 total
- age   4:    1296168 bytes,   10780416 total
- age   5:     863576 bytes,   11643992 total
- age   6:    3649008 bytes,   15293000 total
- age   7:    3324304 bytes,   18617304 total
- age   8:     534936 bytes,   19152240 total
- age   9:     690816 bytes,   19843056 total
- age  10:    1097080 bytes,   20940136 total
: 440468K->20557K(471872K), 0.0750709 secs] 693555K->274580K(2044736K), 0.0754188 secs]
Total time for which application threads were stopped: 0.0773847 seconds
Application time: 13.0253396 seconds
16201.640: [GC 16201.640: [ParNew
Desired survivor size 48306584 bytes, new threshold 10 (max 10)
- age   1:    7492088 bytes,    7492088 total
- age   2:    2241240 bytes,    9733328 total
- age   3:     917736 bytes,   10651064 total
- age   4:     985856 bytes,   11636920 total
- age   5:    1294152 bytes,   12931072 total
- age   6:     863576 bytes,   13794648 total
- age   7:    1207472 bytes,   15002120 total
- age   8:     802880 bytes,   15805000 total
- age   9:     532560 bytes,   16337560 total
- age  10:     688968 bytes,   17026528 total
: 440013K->16732K(471872K), 0.0796055 secs] 694036K->271822K(2044736K), 0.0799270 secs]
Total time for which application threads were stopped: 0.0821176 seconds
Application time: 23.5533576 seconds
16225.275: [GC 16225.275: [ParNew
Desired survivor size 48306584 bytes, new threshold 10 (max 10)
- age   1:    4423120 bytes,    4423120 total
- age   2:    3012672 bytes,    7435792 total
- age   3:    2241032 bytes,    9676824 total
- age   4:     917648 bytes,   10594472 total
- age   5:     869128 bytes,   11463600 total
- age   6:    1294152 bytes,   12757752 total
- age   7:     863576 bytes,   13621328 total
- age   8:    1183400 bytes,   14804728 total
- age   9:     802192 bytes,   15606920 total
- age  10:     532432 bytes,   16139352 total
: 436187K->15863K(471872K), 0.0677776 secs] 691278K->271626K(2044736K), 0.0681297 secs]
Total time for which application threads were stopped: 0.0699840 seconds
Application time: 23.6274290 seconds
16248.972: [GC 16248.973: [ParNew
Desired survivor size 48306584 bytes, new threshold 10 (max 10)
- age   1:   13685760 bytes,   13685760 total
- age   2:    3451360 bytes,   17137120 total
- age   3:    2336672 bytes,   19473792 total
- age   4:    1319160 bytes,   20792952 total
- age   5:     796432 bytes,   21589384 total
- age   6:     862728 bytes,   22452112 total
- age   7:    1294152 bytes,   23746264 total
- age   8:     846352 bytes,   24592616 total
- age   9:    1183400 bytes,   25776016 total
- age  10:     801352 bytes,   26577368 total
: 435319K->26068K(471872K), 0.0848896 secs] 691082K->282351K(2044736K), 0.0852461 secs]
Total time for which application threads were stopped: 0.0871270 seconds
Application time: 22.5558780 seconds
16271.635: [GC 16271.635: [ParNew
Desired survivor size 48306584 bytes, new threshold 10 (max 10)
- age   1:   13485472 bytes,   13485472 total
- age   2:    3636520 bytes,   17121992 total
- age   3:     386976 bytes,   17508968 total
- age   4:    1329568 bytes,   18838536 total
- age   5:     946928 bytes,   19785464 total
- age   6:     796416 bytes,   20581880 total
- age   7:     862656 bytes,   21444536 total
- age   8:    1294152 bytes,   22738688 total
- age   9:     846352 bytes,   23585040 total
- age  10:    1183400 bytes,   24768440 total
: 445514K->24308K(471872K), 0.0819561 secs] 701798K->281374K(2044736K), 0.0822932 secs]
Total time for which application threads were stopped: 0.1038312 seconds
Application time: 7.0136631 seconds
16278.733: [GC 16278.733: [ParNew
Desired survivor size 48306584 bytes, new threshold 10 (max 10)
- age   1:    8793928 bytes,    8793928 total
- age   2:    8442032 bytes,   17235960 total
- age   3:    3619072 bytes,   20855032 total
- age   4:     383768 bytes,   21238800 total
- age   5:     930896 bytes,   22169696 total
- age   6:     946928 bytes,   23116624 total
- age   7:     796416 bytes,   23913040 total
- age   8:     862656 bytes,   24775696 total
- age   9:    1294152 bytes,   26069848 total
- age  10:     846352 bytes,   26916200 total
: 443764K->26386K(471872K), 0.1082770 secs] 700830K->284607K(2044736K), 0.1086355 secs]
Total time for which application threads were stopped: 0.1105964 seconds
Application time: 29.6180869 seconds
16308.462: [GC 16308.462: [ParNew
Desired survivor size 48306584 bytes, new threshold 10 (max 10)
- age   1:    4989984 bytes,    4989984 total
- age   2:    1766296 bytes,    6756280 total
- age   3:    7668216 bytes,   14424496 total
- age   4:    3558072 bytes,   17982568 total
- age   5:     383768 bytes,   18366336 total
- age   6:     930896 bytes,   19297232 total
- age   7:     946928 bytes,   20244160 total
- age   8:     796416 bytes,   21040576 total
- age   9:     862656 bytes,   21903232 total
- age  10:    1294152 bytes,   23197384 total
: 445842K->22737K(471872K), 0.0849946 secs] 704063K->281785K(2044736K), 0.0853324 secs]
Total time for which application threads were stopped: 0.0870741 seconds
Application time: 5.1429160 seconds
16313.692: [GC 16313.692: [ParNew
Desired survivor size 48306584 bytes, new threshold 10 (max 10)
- age   1:    4174208 bytes,    4174208 total
- age   2:    1633640 bytes,    5807848 total
- age   3:     937672 bytes,    6745520 total
- age   4:    6862400 bytes,   13607920 total
- age   5:    3558072 bytes,   17165992 total
- age   6:     383768 bytes,   17549760 total
- age   7:     913880 bytes,   18463640 total
- age   8:     913744 bytes,   19377384 total
- age   9:     731744 bytes,   20109128 total
- age  10:     862656 bytes,   20971784 total
: 442193K->20566K(471872K), 0.0804689 secs] 701241K->280878K(2044736K), 0.0807860 secs]
Total time for which application threads were stopped: 0.0827194 seconds
Application time: 22.6130462 seconds
16336.387: [GC 16336.387: [ParNew
Desired survivor size 48306584 bytes, new threshold 10 (max 10)
- age   1:    7822616 bytes,    7822616 total
- age   2:    2339472 bytes,   10162088 total
- age   3:     959984 bytes,   11122072 total
- age   4:     937672 bytes,   12059744 total
- age   5:    6852456 bytes,   18912200 total
- age   6:    3554384 bytes,   22466584 total
- age   7:     383768 bytes,   22850352 total
- age   8:     913880 bytes,   23764232 total
- age   9:     913744 bytes,   24677976 total
- age  10:     731744 bytes,   25409720 total
: 439984K->24908K(471872K), 0.0977847 secs] 700296K->286063K(2044736K), 0.0980917 secs]
Total time for which application threads were stopped: 0.0992305 seconds
Application time: 7.1347077 seconds
16343.621: [GC 16343.622: [ParNew
Desired survivor size 48306584 bytes, new threshold 10 (max 10)
- age   1:    7253384 bytes,    7253384 total
- age   2:    3420232 bytes,   10673616 total
- age   3:    1375040 bytes,   12048656 total
- age   4:     909728 bytes,   12958384 total
- age   5:     873168 bytes,   13831552 total
- age   6:    3790848 bytes,   17622400 total
- age   7:    3553816 bytes,   21176216 total
- age   8:     383768 bytes,   21559984 total
- age   9:     913432 bytes,   22473416 total
- age  10:     913744 bytes,   23387160 total
: 444364K->22932K(471872K), 0.0945306 secs] 705519K->284802K(2044736K), 0.0948454 secs]
Total time for which application threads were stopped: 0.0971813 seconds
Application time: 6.4166411 seconds
16350.135: [GC 16350.136: [ParNew
Desired survivor size 48306584 bytes, new threshold 10 (max 10)
- age   1:    4468480 bytes,    4468480 total
- age   2:    5227736 bytes,    9696216 total
- age   3:    2210040 bytes,   11906256 total
- age   4:    1375040 bytes,   13281296 total
- age   5:     895520 bytes,   14176816 total
- age   6:     873072 bytes,   15049888 total
- age   7:    3788504 bytes,   18838392 total
- age   8:    3552872 bytes,   22391264 total
- age   9:     383768 bytes,   22775032 total
- age  10:     913376 bytes,   23688408 total
: 442388K->23226K(471872K), 0.1114625 secs] 704258K->285927K(2044736K), 0.1117816 secs]
Total time for which application threads were stopped: 0.1136774 seconds
Application time: 5.5149989 seconds
16355.764: [GC 16355.764: [ParNew
Desired survivor size 48306584 bytes, new threshold 10 (max 10)
- age   1:    6327440 bytes,    6327440 total
- age   2:    1458904 bytes,    7786344 total
- age   3:    4234088 bytes,   12020432 total
- age   4:    2209696 bytes,   14230128 total
- age   5:    1375040 bytes,   15605168 total
- age   6:     833040 bytes,   16438208 total
- age   7:     872112 bytes,   17310320 total
- age   8:    3786728 bytes,   21097048 total
- age   9:    3499744 bytes,   24596792 total
- age  10:     383768 bytes,   24980560 total
: 442668K->24483K(471872K), 0.0841725 secs] 705370K->288079K(2044736K), 0.0844953 secs]
Total time for which application threads were stopped: 0.0863948 seconds
Application time: 7.9312243 seconds
16363.789: [GC 16363.790: [ParNew
Desired survivor size 48306584 bytes, new threshold 10 (max 10)
- age   1:    8066184 bytes,    8066184 total
- age   2:    1547480 bytes,    9613664 total
- age   3:     130376 bytes,    9744040 total
- age   4:    4233312 bytes,   13977352 total
- age   5:    2209440 bytes,   16186792 total
- age   6:    1375040 bytes,   17561832 total
- age   7:     833040 bytes,   18394872 total
- age   8:     872112 bytes,   19266984 total
- age   9:    3786728 bytes,   23053712 total
- age  10:    3499360 bytes,   26553072 total
: 443920K->26016K(471872K), 0.0861918 secs] 707516K->289989K(2044736K), 0.0865366 secs]
Total time for which application threads were stopped: 0.0960354 seconds
Application time: 19.4935810 seconds
16383.372: [GC 16383.372: [ParNew
Desired survivor size 48306584 bytes, new threshold 10 (max 10)
- age   1:    6237144 bytes,    6237144 total
- age   2:    2661688 bytes,    8898832 total
- age   3:     771512 bytes,    9670344 total
- age   4:     129328 bytes,    9799672 total
- age   5:    4230024 bytes,   14029696 total
- age   6:    2172712 bytes,   16202408 total
- age   7:     827648 bytes,   17030056 total
- age   8:     833040 bytes,   17863096 total
- age   9:     871680 bytes,   18734776 total
- age  10:    3786712 bytes,   22521488 total
: 445471K->22070K(471872K), 0.1037570 secs] 709445K->289464K(2044736K), 0.1041357 secs]
Total time for which application threads were stopped: 0.1063335 seconds
Application time: 26.7099820 seconds
16410.188: [GC 16410.188: [ParNew
Desired survivor size 48306584 bytes, new threshold 10 (max 10)
- age   1:    4639568 bytes,    4639568 total
- age   2:    2327488 bytes,    6967056 total
- age   3:     960048 bytes,    7927104 total
- age   4:     771176 bytes,    8698280 total
- age   5:     129128 bytes,    8827408 total
- age   6:    4230024 bytes,   13057432 total
- age   7:    2170272 bytes,   15227704 total
- age   8:     827592 bytes,   16055296 total
- age   9:     833040 bytes,   16888336 total
- age  10:     871624 bytes,   17759960 total
: 441526K->17423K(471872K), 0.0838701 secs] 708920K->288517K(2044736K), 0.0841965 secs]
Total time for which application threads were stopped: 0.0860660 seconds
Application time: 17.3211984 seconds
16427.596: [GC 16427.596: [ParNew
Desired survivor size 48306584 bytes, new threshold 10 (max 10)
- age   1:    7422448 bytes,    7422448 total
- age   2:    2336768 bytes,    9759216 total
- age   3:    1080144 bytes,   10839360 total
- age   4:     942864 bytes,   11782224 total
- age   5:     708568 bytes,   12490792 total
- age   6:     129128 bytes,   12619920 total
- age   7:    1168448 bytes,   13788368 total
- age   8:    2170272 bytes,   15958640 total
- age   9:     827160 bytes,   16785800 total
- age  10:     833040 bytes,   17618840 total
: 436879K->17281K(471872K), 0.0933727 secs] 707973K->289227K(2044736K), 0.0937261 secs]
Total time for which application threads were stopped: 0.0967428 seconds
Application time: 52.2786809 seconds
16479.971: [GC 16479.971: [ParNew
Desired survivor size 48306584 bytes, new threshold 10 (max 10)
- age   1:    6653784 bytes,    6653784 total
- age   2:    1847240 bytes,    8501024 total
- age   3:    2125152 bytes,   10626176 total
- age   4:    1071224 bytes,   11697400 total
- age   5:     872280 bytes,   12569680 total
- age   6:     707952 bytes,   13277632 total
- age   7:     129128 bytes,   13406760 total
- age   8:    1168368 bytes,   14575128 total
- age   9:    2169656 bytes,   16744784 total
- age  10:     827160 bytes,   17571944 total
: 436737K->17232K(471872K), 0.0742103 secs] 708683K->289995K(2044736K), 0.0745735 secs]
Total time for which application threads were stopped: 0.0766345 seconds
Application time: 4.9628518 seconds
16485.010: [GC 16485.011: [ParNew
Desired survivor size 48306584 bytes, new threshold 10 (max 10)
- age   1:    4809864 bytes,    4809864 total
- age   2:    5627408 bytes,   10437272 total
- age   3:     955952 bytes,   11393224 total
- age   4:     723656 bytes,   12116880 total
- age   5:    1071224 bytes,   13188104 total
- age   6:     872280 bytes,   14060384 total
- age   7:     707952 bytes,   14768336 total
- age   8:     129128 bytes,   14897464 total
- age   9:    1168368 bytes,   16065832 total
- age  10:    2169656 bytes,   18235488 total
: 436688K->17883K(471872K), 0.0777590 secs] 709451K->291456K(2044736K), 0.0781114 secs]
Total time for which application threads were stopped: 0.0802087 seconds
Application time: 15.6659943 seconds
16500.756: [GC 16500.757: [ParNew
Desired survivor size 48306584 bytes, new threshold 10 (max 10)
- age   1:    3723976 bytes,    3723976 total
- age   2:    3653008 bytes,    7376984 total
- age   3:    5466464 bytes,   12843448 total
- age   4:     940272 bytes,   13783720 total
- age   5:     659832 bytes,   14443552 total
- age   6:    1071224 bytes,   15514776 total
- age   7:     872280 bytes,   16387056 total
- age   8:     707952 bytes,   17095008 total
- age   9:     129128 bytes,   17224136 total
- age  10:    1168368 bytes,   18392504 total
: 437336K->18028K(471872K), 0.0816861 secs] 710910K->293723K(2044736K), 0.0820185 secs]
Total time for which application threads were stopped: 0.0839862 seconds
Application time: 23.7863314 seconds
16524.627: [GC 16524.627: [ParNew
Desired survivor size 48306584 bytes, new threshold 10 (max 10)
- age   1:    8416328 bytes,    8416328 total
- age   2:    1186216 bytes,    9602544 total
- age   3:    3580000 bytes,   13182544 total
- age   4:     913784 bytes,   14096328 total
- age   5:     939616 bytes,   15035944 total
- age   6:     659832 bytes,   15695776 total
- age   7:    1071224 bytes,   16767000 total
- age   8:     869656 bytes,   17636656 total
- age   9:     649952 bytes,   18286608 total
- age  10:     129128 bytes,   18415736 total
: 437484K->18044K(471872K), 0.0700259 secs] 713179K->294882K(2044736K), 0.0703716 secs]
Total time for which application threads were stopped: 0.0729823 seconds
Application time: 7.7579462 seconds
16532.458: [GC 16532.459: [ParNew
Desired survivor size 48306584 bytes, new threshold 10 (max 10)
- age   1:    5469336 bytes,    5469336 total
- age   2:    6784144 bytes,   12253480 total
- age   3:     915696 bytes,   13169176 total
- age   4:     734376 bytes,   13903552 total
- age   5:     798448 bytes,   14702000 total
- age   6:     741176 bytes,   15443176 total
- age   7:     659832 bytes,   16103008 total
- age   8:    1071224 bytes,   17174232 total
- age   9:     869656 bytes,   18043888 total
- age  10:     649952 bytes,   18693840 total
: 437500K->18328K(471872K), 0.0649449 secs] 714338K->295293K(2044736K), 0.0652767 secs]
Total time for which application threads were stopped: 0.0678510 seconds
Application time: 27.8013034 seconds
16560.327: [GC 16560.327: [ParNew
Desired survivor size 48306584 bytes, new threshold 10 (max 10)
- age   1:    6419816 bytes,    6419816 total
- age   2:    2944544 bytes,    9364360 total
- age   3:    3522304 bytes,   12886664 total
- age   4:     755856 bytes,   13642520 total
- age   5:     734376 bytes,   14376896 total
- age   6:     798448 bytes,   15175344 total
- age   7:     741176 bytes,   15916520 total
- age   8:     659832 bytes,   16576352 total
- age   9:    1071224 bytes,   17647576 total
- age  10:     869656 bytes,   18517232 total
: 437784K->18150K(471872K), 0.0692047 secs] 714749K->295751K(2044736K), 0.0695463 secs]
Total time for which application threads were stopped: 0.0716954 seconds
Application time: 5.1164059 seconds
16565.517: [GC 16565.517: [ParNew
Desired survivor size 48306584 bytes, new threshold 10 (max 10)
- age   1:    5816768 bytes,    5816768 total
- age   2:    4847056 bytes,   10663824 total
- age   3:    1127848 bytes,   11791672 total
- age   4:    3516320 bytes,   15307992 total
- age   5:     754392 bytes,   16062384 total
- age   6:     682096 bytes,   16744480 total
- age   7:     717952 bytes,   17462432 total
- age   8:     741176 bytes,   18203608 total
- age   9:     659832 bytes,   18863440 total
- age  10:    1071224 bytes,   19934664 total
: 437594K->19535K(471872K), 0.0906176 secs] 715195K->297987K(2044736K), 0.0909778 secs]
Total time for which application threads were stopped: 0.0950110 seconds
Application time: 37.8794495 seconds
16603.490: [GC 16603.490: [ParNew
Desired survivor size 48306584 bytes, new threshold 10 (max 10)
- age   1:    5835336 bytes,    5835336 total
- age   2:    2709136 bytes,    8544472 total
- age   3:    1685240 bytes,   10229712 total
- age   4:    1127072 bytes,   11356784 total
- age   5:    3516320 bytes,   14873104 total
- age   6:     754392 bytes,   15627496 total
- age   7:     682096 bytes,   16309592 total
- age   8:     717264 bytes,   17026856 total
- age   9:     741176 bytes,   17768032 total
- age  10:     659832 bytes,   18427864 total
: 438990K->18067K(471872K), 0.0750713 secs] 717441K->297567K(2044736K), 0.0754273 secs]
Total time for which application threads were stopped: 0.0775784 seconds
Application time: 35.6458494 seconds
16639.213: [GC 16639.214: [ParNew
Desired survivor size 48306584 bytes, new threshold 10 (max 10)
- age   1:    5778400 bytes,    5778400 total
- age   2:    4119952 bytes,    9898352 total
- age   3:    2558624 bytes,   12456976 total
- age   4:    1150840 bytes,   13607816 total
- age   5:    1109592 bytes,   14717408 total
- age   6:    1088472 bytes,   15805880 total
- age   7:     678520 bytes,   16484400 total
- age   8:     682096 bytes,   17166496 total
- age   9:     717264 bytes,   17883760 total
- age  10:     741176 bytes,   18624936 total
: 437517K->18251K(471872K), 0.0697652 secs] 717017K->298398K(2044736K), 0.0700787 secs]
Total time for which application threads were stopped: 0.0723019 seconds
Application time: 8.1033547 seconds
16647.388: [GC 16647.389: [ParNew
Desired survivor size 48306584 bytes, new threshold 10 (max 10)
- age   1:    4006000 bytes,    4006000 total
- age   2:    4108856 bytes,    8114856 total
- age   3:    4081192 bytes,   12196048 total
- age   4:     660264 bytes,   12856312 total
- age   5:    1139552 bytes,   13995864 total
- age   6:     918696 bytes,   14914560 total
- age   7:    1087656 bytes,   16002216 total
- age   8:     678520 bytes,   16680736 total
- age   9:     682096 bytes,   17362832 total
- age  10:     717264 bytes,   18080096 total
: 437696K->17724K(471872K), 0.0669720 secs] 717843K->298596K(2044736K), 0.0673188 secs]
Total time for which application threads were stopped: 0.0687455 seconds
Application time: 47.6539072 seconds
16695.112: [GC 16695.113: [ParNew
Desired survivor size 48306584 bytes, new threshold 10 (max 10)
- age   1:    2281000 bytes,    2281000 total
- age   2:    2634240 bytes,    4915240 total
- age   3:    4029768 bytes,    8945008 total
- age   4:    4081192 bytes,   13026200 total
- age   5:     660264 bytes,   13686464 total
- age   6:    1139552 bytes,   14826016 total
- age   7:     918696 bytes,   15744712 total
- age   8:    1087656 bytes,   16832368 total
- age   9:     678520 bytes,   17510888 total
- age  10:     682096 bytes,   18192984 total
: 437138K->17830K(471872K), 0.0608480 secs] 718011K->299406K(2044736K), 0.0611636 secs]
Total time for which application threads were stopped: 0.0638738 seconds
Application time: 55.1150583 seconds
16750.291: [GC 16750.291: [ParNew
Desired survivor size 48306584 bytes, new threshold 10 (max 10)
- age   1:    5066312 bytes,    5066312 total
- age   2:     715296 bytes,    5781608 total
- age   3:    2490728 bytes,    8272336 total
- age   4:    4029720 bytes,   12302056 total
- age   5:     982872 bytes,   13284928 total
- age   6:     659328 bytes,   13944256 total
- age   7:    1139552 bytes,   15083808 total
- age   8:     918696 bytes,   16002504 total
- age   9:     970936 bytes,   16973440 total
- age  10:     678520 bytes,   17651960 total
: 437280K->17304K(471872K), 0.0632872 secs] 718855K->299548K(2044736K), 0.0636307 secs]
Total time for which application threads were stopped: 0.0658510 seconds
Application time: 13.4121876 seconds
16763.769: [GC 16763.769: [ParNew
Desired survivor size 48306584 bytes, new threshold 10 (max 10)
- age   1:    6823608 bytes,    6823608 total
- age   2:    4008000 bytes,   10831608 total
- age   3:     691624 bytes,   11523232 total
- age   4:     869248 bytes,   12392480 total
- age   5:    3438800 bytes,   15831280 total
- age   6:     978928 bytes,   16810208 total
- age   7:     607048 bytes,   17417256 total
- age   8:    1139552 bytes,   18556808 total
- age   9:     918696 bytes,   19475504 total
- age  10:     970808 bytes,   20446312 total
: 436748K->20036K(471872K), 0.0634838 secs] 718991K->302944K(2044736K), 0.0638066 secs]
Total time for which application threads were stopped: 0.0657269 seconds
Application time: 19.9619310 seconds
16783.796: [GC 16783.797: [ParNew
Desired survivor size 48306584 bytes, new threshold 10 (max 10)
- age   1:    2011448 bytes,    2011448 total
- age   2:    3474384 bytes,    5485832 total
- age   3:    3920104 bytes,    9405936 total
- age   4:     675512 bytes,   10081448 total
- age   5:     853800 bytes,   10935248 total
- age   6:    3293832 bytes,   14229080 total
- age   7:     957064 bytes,   15186144 total
- age   8:     593488 bytes,   15779632 total
- age   9:    1121072 bytes,   16900704 total
- age  10:     900592 bytes,   17801296 total
: 439492K->17452K(471872K), 0.0707931 secs] 722400K->301184K(2044736K), 0.0711103 secs]
Total time for which application threads were stopped: 0.0730065 seconds
Application time: 39.3207666 seconds
16823.190: [GC 16823.191: [ParNew
Desired survivor size 48306584 bytes, new threshold 10 (max 10)
- age   1:    5504848 bytes,    5504848 total
- age   2:     853488 bytes,    6358336 total
- age   3:    3392152 bytes,    9750488 total
- age   4:     761504 bytes,   10511992 total
- age   5:     675512 bytes,   11187504 total
- age   6:     853800 bytes,   12041304 total
- age   7:    3293832 bytes,   15335136 total
- age   8:     876816 bytes,   16211952 total
- age   9:     593488 bytes,   16805440 total
- age  10:    1093096 bytes,   17898536 total
: 436879K->17541K(471872K), 0.0627759 secs] 720611K->302152K(2044736K), 0.0636104 secs]
Total time for which application threads were stopped: 0.0655584 seconds
Application time: 25.4893477 seconds
16848.749: [GC 16848.749: [ParNew
Desired survivor size 48306584 bytes, new threshold 10 (max 10)
- age   1:    7712680 bytes,    7712680 total
- age   2:    3974376 bytes,   11687056 total
- age   3:     851728 bytes,   12538784 total
- age   4:    2111744 bytes,   14650528 total
- age   5:     621096 bytes,   15271624 total
- age   6:     675512 bytes,   15947136 total
- age   7:     853800 bytes,   16800936 total
- age   8:    3293208 bytes,   20094144 total
- age   9:     876816 bytes,   20970960 total
- age  10:     593488 bytes,   21564448 total
: 436997K->21138K(471872K), 0.1023483 secs] 721608K->306816K(2044736K), 0.1027789 secs]
Total time for which application threads were stopped: 0.1085102 seconds
Application time: 4.1594682 seconds
16853.013: [GC 16853.014: [ParNew
Desired survivor size 48306584 bytes, new threshold 10 (max 10)
- age   1:    3290120 bytes,    3290120 total
- age   2:    3482008 bytes,    6772128 total
- age   3:    3974312 bytes,   10746440 total
- age   4:     779072 bytes,   11525512 total
- age   5:     920624 bytes,   12446136 total
- age   6:     621096 bytes,   13067232 total
- age   7:     668248 bytes,   13735480 total
- age   8:     702680 bytes,   14438160 total
- age   9:    3292904 bytes,   17731064 total
- age  10:     732528 bytes,   18463592 total
: 440594K->18108K(471872K), 0.0884958 secs] 726272K->304366K(2044736K), 0.0888661 secs]
Total time for which application threads were stopped: 0.0909289 seconds
Application time: 7.5183934 seconds
16860.623: [GC 16860.623: [ParNew
Desired survivor size 48306584 bytes, new threshold 10 (max 10)
- age   1:    5347472 bytes,    5347472 total
- age   2:    2625448 bytes,    7972920 total
- age   3:    2215848 bytes,   10188768 total
- age   4:    3877056 bytes,   14065824 total
- age   5:     670720 bytes,   14736544 total
- age   6:     708528 bytes,   15445072 total
- age   7:     621096 bytes,   16066168 total
- age   8:     664680 bytes,   16730848 total
- age   9:     650040 bytes,   17380888 total
- age  10:    3292904 bytes,   20673792 total
: 437564K->20277K(471872K), 0.1060975 secs] 723822K->307250K(2044736K), 0.1064823 secs]
Total time for which application threads were stopped: 0.1088407 seconds
Application time: 9.2561248 seconds
16869.988: [GC 16869.988: [ParNew
Desired survivor size 48306584 bytes, new threshold 10 (max 10)
- age   1:    6017392 bytes,    6017392 total
- age   2:    3469424 bytes,    9486816 total
- age   3:    1394976 bytes,   10881792 total
- age   4:    2215848 bytes,   13097640 total
- age   5:    3818392 bytes,   16916032 total
- age   6:     655544 bytes,   17571576 total
- age   7:     708528 bytes,   18280104 total
- age   8:     621096 bytes,   18901200 total
- age   9:     664680 bytes,   19565880 total
- age  10:     650040 bytes,   20215920 total
: 439726K->19841K(471872K), 0.1053244 secs] 726699K->310030K(2044736K), 0.1056915 secs]
Total time for which application threads were stopped: 0.1078272 seconds
Application time: 21.0851057 seconds
16891.181: [GC 16891.181: [ParNew
Desired survivor size 48306584 bytes, new threshold 10 (max 10)
- age   1:    5743152 bytes,    5743152 total
- age   2:    4877808 bytes,   10620960 total
- age   3:    2498784 bytes,   13119744 total
- age   4:    1324064 bytes,   14443808 total
- age   5:    2215320 bytes,   16659128 total
- age   6:    3818392 bytes,   20477520 total
- age   7:     655544 bytes,   21133064 total
- age   8:     708528 bytes,   21841592 total
- age   9:     620920 bytes,   22462512 total
- age  10:     664680 bytes,   23127192 total
: 439285K->22693K(471872K), 0.0994406 secs] 729474K->313517K(2044736K), 0.0998124 secs]
Total time for which application threads were stopped: 0.1021914 seconds
Application time: 10.8798344 seconds
16902.163: [GC 16902.163: [ParNew
Desired survivor size 48306584 bytes, new threshold 10 (max 10)
- age   1:    3523920 bytes,    3523920 total
- age   2:    2558128 bytes,    6082048 total
- age   3:    3716904 bytes,    9798952 total
- age   4:    2305640 bytes,   12104592 total
- age   5:    1318696 bytes,   13423288 total
- age   6:    2215120 bytes,   15638408 total
- age   7:    3790344 bytes,   19428752 total
- age   8:     655216 bytes,   20083968 total
- age   9:     708528 bytes,   20792496 total
- age  10:     620160 bytes,   21412656 total
: 442149K->21005K(471872K), 0.0869275 secs] 732973K->312478K(2044736K), 0.0872397 secs]
Total time for which application threads were stopped: 0.0892516 seconds
Application time: 13.8924251 seconds
16916.145: [GC 16916.145: [ParNew
Desired survivor size 48306584 bytes, new threshold 10 (max 10)
- age   1:   10795816 bytes,   10795816 total
- age   2:    1107192 bytes,   11903008 total
- age   3:    2042928 bytes,   13945936 total
- age   4:    1787424 bytes,   15733360 total
- age   5:    2305464 bytes,   18038824 total
- age   6:    1312816 bytes,   19351640 total
- age   7:    2215120 bytes,   21566760 total
- age   8:    3790288 bytes,   25357048 total
- age   9:     655216 bytes,   26012264 total
- age  10:     708528 bytes,   26720792 total
: 440375K->26195K(471872K), 0.0918488 secs] 731848K->318195K(2044736K), 0.0922078 secs]
Total time for which application threads were stopped: 0.0942792 seconds
Application time: 9.4777251 seconds
16925.717: [GC 16925.717: [ParNew
Desired survivor size 48306584 bytes, new threshold 10 (max 10)
- age   1:    4750224 bytes,    4750224 total
- age   2:    5139808 bytes,    9890032 total
- age   3:    1027032 bytes,   10917064 total
- age   4:    2042624 bytes,   12959688 total
- age   5:    1783664 bytes,   14743352 total
- age   6:    2305464 bytes,   17048816 total
- age   7:    1295840 bytes,   18344656 total
- age   8:    2215056 bytes,   20559712 total
- age   9:    3790288 bytes,   24350000 total
- age  10:     655216 bytes,   25005216 total
: 445651K->24521K(471872K), 0.0920619 secs] 737651K->317214K(2044736K), 0.0923715 secs]
Total time for which application threads were stopped: 0.0943565 seconds
Application time: 60.7102900 seconds
16986.522: [GC 16986.522: [ParNew
Desired survivor size 48306584 bytes, new threshold 10 (max 10)
- age   1:    6401712 bytes,    6401712 total
- age   2:    2717088 bytes,    9118800 total
- age   3:    5127280 bytes,   14246080 total
- age   4:    1026920 bytes,   15273000 total
- age   5:    2039512 bytes,   17312512 total
- age   6:    1780624 bytes,   19093136 total
- age   7:    2136496 bytes,   21229632 total
- age   8:    1292672 bytes,   22522304 total
- age   9:    2161664 bytes,   24683968 total
- age  10:     648984 bytes,   25332952 total
: 443977K->24839K(471872K), 0.0880844 secs] 736670K->318173K(2044736K), 0.0884162 secs]
Total time for which application threads were stopped: 0.0906537 seconds
Application time: 49.3090705 seconds
17035.921: [GC 17035.921: [ParNew
Desired survivor size 48306584 bytes, new threshold 10 (max 10)
- age   1:    7871360 bytes,    7871360 total
- age   2:    3081216 bytes,   10952576 total
- age   3:    2715968 bytes,   13668544 total
- age   4:    5058960 bytes,   18727504 total
- age   5:     919440 bytes,   19646944 total
- age   6:    2039512 bytes,   21686456 total
- age   7:    1686416 bytes,   23372872 total
- age   8:    2136168 bytes,   25509040 total
- age   9:    1214904 bytes,   26723944 total
- age  10:    2159928 bytes,   28883872 total
: 444295K->28301K(471872K), 0.0879421 secs] 737629K->322271K(2044736K), 0.0882591 secs]
Total time for which application threads were stopped: 0.0900961 seconds
Application time: 49.5857286 seconds
17085.601: [GC 17085.601: [ParNew
Desired survivor size 48306584 bytes, new threshold 10 (max 10)
- age   1:    3655240 bytes,    3655240 total
- age   2:    1413960 bytes,    5069200 total
- age   3:    2981320 bytes,    8050520 total
- age   4:    2699472 bytes,   10749992 total
- age   5:    5034240 bytes,   15784232 total
- age   6:     795328 bytes,   16579560 total
- age   7:    1488048 bytes,   18067608 total
- age   8:    1665552 bytes,   19733160 total
- age   9:    2116616 bytes,   21849776 total
- age  10:    1050888 bytes,   22900664 total
: 447757K->22452K(471872K), 0.1083372 secs] 741727K->318437K(2044736K), 0.1091379 secs]
Total time for which application threads were stopped: 0.1153249 seconds
Application time: 17.0853815 seconds
17102.798: [GC 17102.798: [ParNew
Desired survivor size 48306584 bytes, new threshold 10 (max 10)
- age   1:    4008952 bytes,    4008952 total
- age   2:    2544312 bytes,    6553264 total
- age   3:    1341632 bytes,    7894896 total
- age   4:    2978704 bytes,   10873600 total
- age   5:    2594112 bytes,   13467712 total
- age   6:    4543480 bytes,   18011192 total
- age   7:     516968 bytes,   18528160 total
- age   8:    1054560 bytes,   19582720 total
- age   9:    1665552 bytes,   21248272 total
- age  10:    2116672 bytes,   23364944 total
: 441908K->22912K(471872K), 0.0958377 secs] 737893K->319924K(2044736K), 0.0962136 secs]
Total time for which application threads were stopped: 0.0983594 seconds
Application time: 10.2989157 seconds
17113.197: [GC 17113.197: [ParNew
Desired survivor size 48306584 bytes, new threshold 10 (max 10)
- age   1:    8269752 bytes,    8269752 total
- age   2:    2075544 bytes,   10345296 total
- age   3:    1731336 bytes,   12076632 total
- age   4:     620488 bytes,   12697120 total
- age   5:     577648 bytes,   13274768 total
- age   6:    2594112 bytes,   15868880 total
- age   7:    3576936 bytes,   19445816 total
- age   8:     516968 bytes,   19962784 total
- age   9:    1054560 bytes,   21017344 total
- age  10:    1665552 bytes,   22682896 total
: 442333K->22237K(471872K), 0.0942144 secs] 739345K->321316K(2044736K), 0.0945085 secs]
Total time for which application threads were stopped: 0.0979532 seconds
Application time: 10.1155910 seconds
17123.409: [GC 17123.409: [ParNew
Desired survivor size 48306584 bytes, new threshold 10 (max 10)
- age   1:    9131720 bytes,    9131720 total
- age   2:    5835608 bytes,   14967328 total
- age   3:    1623888 bytes,   16591216 total
- age   4:    1650616 bytes,   18241832 total
- age   5:     620488 bytes,   18862320 total
- age   6:     577648 bytes,   19439968 total
- age   7:    2553096 bytes,   21993064 total
- age   8:    3576936 bytes,   25570000 total
- age   9:     516968 bytes,   26086968 total
- age  10:    1054560 bytes,   27141528 total
: 441688K->26583K(471872K), 0.0842883 secs] 740767K->327289K(2044736K), 0.0845913 secs]
Total time for which application threads were stopped: 0.0864836 seconds
Application time: 28.4351507 seconds
17151.932: [GC 17151.932: [ParNew
Desired survivor size 48306584 bytes, new threshold 10 (max 10)
- age   1:    4670536 bytes,    4670536 total
- age   2:    2035184 bytes,    6705720 total
- age   3:    4374328 bytes,   11080048 total
- age   4:    1623488 bytes,   12703536 total
- age   5:    1649928 bytes,   14353464 total
- age   6:     620488 bytes,   14973952 total
- age   7:     577624 bytes,   15551576 total
- age   8:    2551392 bytes,   18102968 total
- age   9:    3513552 bytes,   21616520 total
- age  10:     516968 bytes,   22133488 total
: 446033K->21694K(471872K), 0.1028109 secs] 746738K->323429K(2044736K), 0.1031708 secs]
Total time for which application threads were stopped: 0.1064909 seconds
Application time: 16.0101429 seconds
17168.047: [GC 17168.047: [ParNew
Desired survivor size 48306584 bytes, new threshold 10 (max 10)
- age   1:    8068000 bytes,    8068000 total
- age   2:    2882752 bytes,   10950752 total
- age   3:    1143136 bytes,   12093888 total
- age   4:    1298328 bytes,   13392216 total
- age   5:    1623488 bytes,   15015704 total
- age   6:    1649928 bytes,   16665632 total
- age   7:     563104 bytes,   17228736 total
- age   8:     577624 bytes,   17806360 total
- age   9:    2551392 bytes,   20357752 total
- age  10:    3496272 bytes,   23854024 total
: 441150K->23371K(471872K), 0.0958673 secs] 742885K->325612K(2044736K), 0.0962648 secs]
Total time for which application threads were stopped: 0.0982895 seconds
Application time: 50.1242383 seconds
17218.269: [GC 17218.270: [ParNew
Desired survivor size 48306584 bytes, new threshold 10 (max 10)
- age   1:    6990488 bytes,    6990488 total
- age   2:    4819136 bytes,   11809624 total
- age   3:    2489624 bytes,   14299248 total
- age   4:    1142632 bytes,   15441880 total
- age   5:    1298328 bytes,   16740208 total
- age   6:    1623488 bytes,   18363696 total
- age   7:    1627984 bytes,   19991680 total
- age   8:     563104 bytes,   20554784 total
- age   9:     577624 bytes,   21132408 total
- age  10:    1390768 bytes,   22523176 total
: 442736K->22072K(471872K), 0.0929635 secs] 744977K->325047K(2044736K), 0.0933071 secs]
Total time for which application threads were stopped: 0.0952260 seconds
Application time: 27.2972788 seconds
17245.662: [GC 17245.662: [ParNew
Desired survivor size 48306584 bytes, new threshold 10 (max 10)
- age   1:    2372976 bytes,    2372976 total
- age   2:    2385072 bytes,    4758048 total
- age   3:    4614960 bytes,    9373008 total
- age   4:    2457144 bytes,   11830152 total
- age   5:    1125616 bytes,   12955768 total
- age   6:    1265088 bytes,   14220856 total
- age   7:    1479096 bytes,   15699952 total
- age   8:    1483616 bytes,   17183568 total
- age   9:     562152 bytes,   17745720 total
- age  10:     503104 bytes,   18248824 total
: 441528K->17894K(471872K), 0.1052782 secs] 744503K->322227K(2044736K), 0.1056107 secs]
Total time for which application threads were stopped: 0.1074963 seconds
Application time: 44.4937986 seconds
17290.264: [GC 17290.264: [ParNew
Desired survivor size 48306584 bytes, new threshold 10 (max 10)
- age   1:    3358512 bytes,    3358512 total
- age   2:     705592 bytes,    4064104 total
- age   3:    2378432 bytes,    6442536 total
- age   4:    4614960 bytes,   11057496 total
- age   5:    2358888 bytes,   13416384 total
- age   6:    1027816 bytes,   14444200 total
- age   7:    1265088 bytes,   15709288 total
- age   8:    1479096 bytes,   17188384 total
- age   9:    1403168 bytes,   18591552 total
- age  10:     506160 bytes,   19097712 total
: 437342K->18723K(471872K), 0.0795295 secs] 741675K->323542K(2044736K), 0.0798734 secs]
Total time for which application threads were stopped: 0.0819710 seconds
Application time: 29.3337444 seconds
17319.679: [GC 17319.680: [ParNew
Desired survivor size 48306584 bytes, new threshold 10 (max 10)
- age   1:    5239472 bytes,    5239472 total
- age   2:    1061816 bytes,    6301288 total
- age   3:     699792 bytes,    7001080 total
- age   4:     341448 bytes,    7342528 total
- age   5:    4614960 bytes,   11957488 total
- age   6:    2358888 bytes,   14316376 total
- age   7:    1027472 bytes,   15343848 total
- age   8:    1265088 bytes,   16608936 total
- age   9:    1479096 bytes,   18088032 total
- age  10:    1403168 bytes,   19491200 total
: 438168K->19112K(471872K), 0.0913327 secs] 742988K->324421K(2044736K), 0.0916785 secs]
Total time for which application threads were stopped: 0.0939351 seconds
Application time: 73.7419400 seconds
17393.519: [GC 17393.519: [ParNew
Desired survivor size 48306584 bytes, new threshold 10 (max 10)
- age   1:    5367480 bytes,    5367480 total
- age   2:     469168 bytes,    5836648 total
- age   3:     947400 bytes,    6784048 total
- age   4:     656912 bytes,    7440960 total
- age   5:     316960 bytes,    7757920 total
- age   6:    4597744 bytes,   12355664 total
- age   7:    2340960 bytes,   14696624 total
- age   8:    1011320 bytes,   15707944 total
- age   9:    1179464 bytes,   16887408 total
- age  10:    1463040 bytes,   18350448 total
: 438562K->17982K(471872K), 0.0912770 secs] 743871K->324639K(2044736K), 0.0916180 secs]
Total time for which application threads were stopped: 0.0971037 seconds
Application time: 65.8531215 seconds
17459.466: [GC 17459.466: [ParNew
Desired survivor size 48306584 bytes, new threshold 10 (max 10)
- age   1:    6591912 bytes,    6591912 total
- age   2:    1185160 bytes,    7777072 total
- age   3:     469168 bytes,    8246240 total
- age   4:     866872 bytes,    9113112 total
- age   5:     625976 bytes,    9739088 total
- age   6:     227152 bytes,    9966240 total
- age   7:    4597744 bytes,   14563984 total
- age   8:    2162584 bytes,   16726568 total
- age   9:     890416 bytes,   17616984 total
- age  10:    1162224 bytes,   18779208 total
: 437436K->18398K(471872K), 0.0716926 secs] 744093K->326482K(2044736K), 0.0724876 secs]
Total time for which application threads were stopped: 0.0745308 seconds
Application time: 54.5693025 seconds
17514.109: [GC 17514.110: [ParNew
Desired survivor size 48306584 bytes, new threshold 10 (max 10)
- age   1:    7772488 bytes,    7772488 total
- age   2:    4389600 bytes,   12162088 total
- age   3:    1184536 bytes,   13346624 total
- age   4:     469168 bytes,   13815792 total
- age   5:     866872 bytes,   14682664 total
- age   6:     626008 bytes,   15308672 total
- age   7:     221560 bytes,   15530232 total
- age   8:    4588800 bytes,   20119032 total
- age   9:    1185728 bytes,   21304760 total
- age  10:     890416 bytes,   22195176 total
: 437802K->21732K(471872K), 0.0677674 secs] 745886K->330891K(2044736K), 0.0680793 secs]
Total time for which application threads were stopped: 0.0699478 seconds
Application time: 76.8949630 seconds
17591.074: [GC 17591.075: [ParNew
Desired survivor size 48306584 bytes, new threshold 10 (max 10)
- age   1:    4568752 bytes,    4568752 total
- age   2:    1828592 bytes,    6397344 total
- age   3:    4388424 bytes,   10785768 total
- age   4:     925240 bytes,   11711008 total
- age   5:     468544 bytes,   12179552 total
- age   6:     862784 bytes,   13042336 total
- age   7:     444128 bytes,   13486464 total
- age   8:     220776 bytes,   13707240 total
- age   9:    3857976 bytes,   17565216 total
- age  10:     758944 bytes,   18324160 total
: 441180K->17946K(471872K), 0.0678970 secs] 750340K->327775K(2044736K), 0.0682600 secs]
Total time for which application threads were stopped: 0.0704082 seconds
Application time: 11.9380946 seconds
17603.083: [GC 17603.083: [ParNew
Desired survivor size 48306584 bytes, new threshold 10 (max 10)
- age   1:    5630152 bytes,    5630152 total
- age   2:    1238624 bytes,    6868776 total
- age   3:     830048 bytes,    7698824 total
- age   4:    4387968 bytes,   12086792 total
- age   5:     925112 bytes,   13011904 total
- age   6:     468544 bytes,   13480448 total
- age   7:     799624 bytes,   14280072 total
- age   8:     443720 bytes,   14723792 total
- age   9:     220264 bytes,   14944056 total
- age  10:    3857976 bytes,   18802032 total
: 437402K->18419K(471872K), 0.0707481 secs] 747231K->328990K(2044736K), 0.0711109 secs]
Total time for which application threads were stopped: 0.0732318 seconds
Application time: 21.2398314 seconds
17624.396: [GC 17624.397: [ParNew
Desired survivor size 48306584 bytes, new threshold 10 (max 10)
- age   1:    2763944 bytes,    2763944 total
- age   2:    3274768 bytes,    6038712 total
- age   3:    1038648 bytes,    7077360 total
- age   4:     829920 bytes,    7907280 total
- age   5:    4387968 bytes,   12295248 total
- age   6:     925112 bytes,   13220360 total
- age   7:     466160 bytes,   13686520 total
- age   8:     714248 bytes,   14400768 total
- age   9:     443720 bytes,   14844488 total
- age  10:     220264 bytes,   15064752 total
: 437875K->14765K(471872K), 0.0680510 secs] 748446K->329103K(2044736K), 0.0683938 secs]
Total time for which application threads were stopped: 0.0705894 seconds
Application time: 37.0941321 seconds
17661.561: [GC 17661.561: [ParNew
Desired survivor size 48306584 bytes, new threshold 10 (max 10)
- age   1:   10593464 bytes,   10593464 total
- age   2:     867264 bytes,   11460728 total
- age   3:    3257728 bytes,   14718456 total
- age   4:     951752 bytes,   15670208 total
- age   5:     656456 bytes,   16326664 total
- age   6:     974424 bytes,   17301088 total
- age   7:     911456 bytes,   18212544 total
- age   8:     466160 bytes,   18678704 total
- age   9:     713600 bytes,   19392304 total
- age  10:     443720 bytes,   19836024 total
: 434220K->19426K(471872K), 0.0582155 secs] 748558K->333979K(2044736K), 0.0585415 secs]
Total time for which application threads were stopped: 0.0604710 seconds
Application time: 13.5661410 seconds
17675.189: [GC 17675.189: [ParNew
Desired survivor size 48306584 bytes, new threshold 10 (max 10)
- age   1:    4864360 bytes,    4864360 total
- age   2:    8258624 bytes,   13122984 total
- age   3:     866936 bytes,   13989920 total
- age   4:    2266824 bytes,   16256744 total
- age   5:     951752 bytes,   17208496 total
- age   6:     656456 bytes,   17864952 total
- age   7:     974424 bytes,   18839376 total
- age   8:     909104 bytes,   19748480 total
- age   9:     466160 bytes,   20214640 total
- age  10:     713600 bytes,   20928240 total
: 438880K->20503K(471872K), 0.0810279 secs] 753434K->335490K(2044736K), 0.0813447 secs]
Total time for which application threads were stopped: 0.0850560 seconds
Application time: 13.3693263 seconds
17688.642: [GC 17688.644: [ParNew
Desired survivor size 48306584 bytes, new threshold 10 (max 10)
- age   1:    6335456 bytes,    6335456 total
- age   2:    2769080 bytes,    9104536 total
- age   3:    8105544 bytes,   17210080 total
- age   4:     828472 bytes,   18038552 total
- age   5:     886128 bytes,   18924680 total
- age   6:     947528 bytes,   19872208 total
- age   7:     652496 bytes,   20524704 total
- age   8:     970464 bytes,   21495168 total
- age   9:     903824 bytes,   22398992 total
- age  10:     465104 bytes,   22864096 total
: 439959K->22394K(471872K), 0.0931341 secs] 754946K->338075K(2044736K), 0.0935733 secs]
Total time for which application threads were stopped: 0.0979904 seconds
Application time: 33.0920977 seconds
17721.834: [GC 17721.835: [ParNew
Desired survivor size 48306584 bytes, new threshold 10 (max 10)
- age   1:    6404008 bytes,    6404008 total
- age   2:    2739680 bytes,    9143688 total
- age   3:    1722888 bytes,   10866576 total
- age   4:    4036128 bytes,   14902704 total
- age   5:     778272 bytes,   15680976 total
- age   6:     742120 bytes,   16423096 total
- age   7:     826448 bytes,   17249544 total
- age   8:     652496 bytes,   17902040 total
- age   9:     964128 bytes,   18866168 total
- age  10:     901888 bytes,   19768056 total
: 441840K->19375K(471872K), 0.0719106 secs] 757522K->335510K(2044736K), 0.0722294 secs]
Total time for which application threads were stopped: 0.0765506 seconds
Application time: 22.3043340 seconds
17744.244: [GC 17744.245: [ParNew
Desired survivor size 48306584 bytes, new threshold 10 (max 10)
- age   1:    5147336 bytes,    5147336 total
- age   2:    3313256 bytes,    8460592 total
- age   3:    1730824 bytes,   10191416 total
- age   4:    1704648 bytes,   11896064 total
- age   5:    4017840 bytes,   15913904 total
- age   6:     778272 bytes,   16692176 total
- age   7:     742120 bytes,   17434296 total
- age   8:     825824 bytes,   18260120 total
- age   9:     652496 bytes,   18912616 total
- age  10:     960096 bytes,   19872712 total
: 438831K->19486K(471872K), 0.0857321 secs] 754966K->336440K(2044736K), 0.0860532 secs]
Total time for which application threads were stopped: 0.1194374 seconds
Application time: 10.7439321 seconds
17755.077: [GC 17755.077: [ParNew
Desired survivor size 48306584 bytes, new threshold 10 (max 10)
- age   1:    4544024 bytes,    4544024 total
- age   2:    2473856 bytes,    7017880 total
- age   3:    2613688 bytes,    9631568 total
- age   4:    1531736 bytes,   11163304 total
- age   5:    1704648 bytes,   12867952 total
- age   6:    4017840 bytes,   16885792 total
- age   7:     778272 bytes,   17664064 total
- age   8:     742120 bytes,   18406184 total
- age   9:     825760 bytes,   19231944 total
- age  10:     652496 bytes,   19884440 total
: 438942K->19501K(471872K), 0.0973644 secs] 755896K->337391K(2044736K), 0.0977185 secs]
Total time for which application threads were stopped: 0.1000502 seconds
Application time: 35.2790720 seconds
17790.456: [GC 17790.456: [ParNew
Desired survivor size 48306584 bytes, new threshold 10 (max 10)
- age   1:    5730240 bytes,    5730240 total
- age   2:    2044432 bytes,    7774672 total
- age   3:    1914464 bytes,    9689136 total
- age   4:    2466440 bytes,   12155576 total
- age   5:    1531736 bytes,   13687312 total
- age   6:    1701888 bytes,   15389200 total
- age   7:     958440 bytes,   16347640 total
- age   8:     778272 bytes,   17125912 total
- age   9:     742120 bytes,   17868032 total
- age  10:     825760 bytes,   18693792 total
: 438957K->18337K(471872K), 0.0794188 secs] 756846K->336861K(2044736K), 0.0803006 secs]
Total time for which application threads were stopped: 0.0823631 seconds
Application time: 35.0630188 seconds
17825.601: [GC 17825.602: [ParNew
Desired survivor size 48306584 bytes, new threshold 10 (max 10)
- age   1:    7155960 bytes,    7155960 total
- age   2:    4634680 bytes,   11790640 total
- age   3:    1978888 bytes,   13769528 total
- age   4:    1606704 bytes,   15376232 total
- age   5:     952928 bytes,   16329160 total
- age   6:    1520944 bytes,   17850104 total
- age   7:    1551808 bytes,   19401912 total
- age   8:     860208 bytes,   20262120 total
- age   9:     778272 bytes,   21040392 total
- age  10:     742120 bytes,   21782512 total
: 437792K->21346K(471872K), 0.0879744 secs] 756316K->340676K(2044736K), 0.0882870 secs]
Total time for which application threads were stopped: 0.0905821 seconds
Application time: 7.9789962 seconds
17833.678: [GC 17833.679: [ParNew
Desired survivor size 48306584 bytes, new threshold 10 (max 10)
- age   1:    9356688 bytes,    9356688 total
- age   2:    4673344 bytes,   14030032 total
- age   3:    4085680 bytes,   18115712 total
- age   4:     838144 bytes,   18953856 total
- age   5:    1085096 bytes,   20038952 total
- age   6:     952928 bytes,   20991880 total
- age   7:    1520944 bytes,   22512824 total
- age   8:    1549864 bytes,   24062688 total
- age   9:     860208 bytes,   24922896 total
- age  10:     778272 bytes,   25701168 total
: 440802K->25180K(471872K), 0.0869163 secs] 760132K->345234K(2044736K), 0.0873270 secs]
Total time for which application threads were stopped: 0.0971190 seconds
Application time: 32.0529153 seconds
17865.821: [GC 17865.821: [ParNew
Desired survivor size 48306584 bytes, new threshold 10 (max 10)
- age   1:    4570848 bytes,    4570848 total
- age   2:    3551944 bytes,    8122792 total
- age   3:    1417424 bytes,    9540216 total
- age   4:    3970616 bytes,   13510832 total
- age   5:     838144 bytes,   14348976 total
- age   6:    1085096 bytes,   15434072 total
- age   7:     952704 bytes,   16386776 total
- age   8:    1520944 bytes,   17907720 total
- age   9:    1548808 bytes,   19456528 total
- age  10:     860208 bytes,   20316736 total
: 444633K->19910K(471872K), 0.0757003 secs] 764687K->340726K(2044736K), 0.0760333 secs]
Total time for which application threads were stopped: 0.0784605 seconds
Application time: 16.1691438 seconds
17882.068: [GC 17882.069: [ParNew
Desired survivor size 48306584 bytes, new threshold 10 (max 10)
- age   1:    6013552 bytes,    6013552 total
- age   2:    2492088 bytes,    8505640 total
- age   3:    3058432 bytes,   11564072 total
- age   4:    1284088 bytes,   12848160 total
- age   5:     908552 bytes,   13756712 total
- age   6:     758336 bytes,   14515048 total
- age   7:    1083680 bytes,   15598728 total
- age   8:     952704 bytes,   16551432 total
- age   9:    1520944 bytes,   18072376 total
- age  10:    1541544 bytes,   19613920 total
: 439366K->19227K(471872K), 0.0713857 secs] 760181K->340812K(2044736K), 0.0717113 secs]
Total time for which application threads were stopped: 0.0736094 seconds
Application time: 30.4891155 seconds
17912.633: [GC 17912.635: [ParNew
Desired survivor size 48306584 bytes, new threshold 10 (max 10)
- age   1:    7603984 bytes,    7603984 total
- age   2:    4112408 bytes,   11716392 total
- age   3:     720264 bytes,   12436656 total
- age   4:    1830920 bytes,   14267576 total
- age   5:     920056 bytes,   15187632 total
- age   6:     908552 bytes,   16096184 total
- age   7:     758336 bytes,   16854520 total
- age   8:    1083680 bytes,   17938200 total
- age   9:     952704 bytes,   18890904 total
- age  10:    1520944 bytes,   20411848 total
: 438683K->20008K(471872K), 0.0896436 secs] 760268K->343100K(2044736K), 0.0899964 secs]
Total time for which application threads were stopped: 0.0956485 seconds
Application time: 20.4281547 seconds
17933.155: [GC 17933.155: [ParNew
Desired survivor size 48306584 bytes, new threshold 10 (max 10)
- age   1:    3247808 bytes,    3247808 total
- age   2:    4556096 bytes,    7803904 total
- age   3:    4000896 bytes,   11804800 total
- age   4:     696904 bytes,   12501704 total
- age   5:    1048680 bytes,   13550384 total
- age   6:     901688 bytes,   14452072 total
- age   7:     886360 bytes,   15338432 total
- age   8:     745736 bytes,   16084168 total
- age   9:    1016384 bytes,   17100552 total
- age  10:     932656 bytes,   18033208 total
: 439442K->17679K(471872K), 0.0700668 secs] 762534K->342240K(2044736K), 0.0703857 secs]
Total time for which application threads were stopped: 0.0723646 seconds
Application time: 24.5432206 seconds
17957.771: [GC 17957.771: [ParNew
Desired survivor size 48306584 bytes, new threshold 10 (max 10)
- age   1:    5118656 bytes,    5118656 total
- age   2:    1801392 bytes,    6920048 total
- age   3:    4215008 bytes,   11135056 total
- age   4:     938600 bytes,   12073656 total
- age   5:     696904 bytes,   12770560 total
- age   6:     969176 bytes,   13739736 total
- age   7:     901688 bytes,   14641424 total
- age   8:     886360 bytes,   15527784 total
- age   9:     745736 bytes,   16273520 total
- age  10:    1015760 bytes,   17289280 total
: 437106K->16947K(471872K), 0.0663075 secs] 761668K->342419K(2044736K), 0.0665994 secs]
Total time for which application threads were stopped: 0.0686396 seconds
Application time: 37.1135147 seconds
17994.953: [GC 17994.953: [ParNew
Desired survivor size 48306584 bytes, new threshold 10 (max 10)
- age   1:    6440352 bytes,    6440352 total
- age   2:    3351688 bytes,    9792040 total
- age   3:    1782456 bytes,   11574496 total
- age   4:    3236264 bytes,   14810760 total
- age   5:     933256 bytes,   15744016 total
- age   6:     695320 bytes,   16439336 total
- age   7:     964688 bytes,   17404024 total
- age   8:     897992 bytes,   18302016 total
- age   9:     883720 bytes,   19185736 total
- age  10:     741512 bytes,   19927248 total
: 436403K->19529K(471872K), 0.0795912 secs] 761875K->345989K(2044736K), 0.0799310 secs]
Total time for which application threads were stopped: 0.0820527 seconds
Application time: 67.0980697 seconds
18062.133: [GC 18062.134: [ParNew
Desired survivor size 48306584 bytes, new threshold 10 (max 10)
- age   1:    6949840 bytes,    6949840 total
- age   2:    2976176 bytes,    9926016 total
- age   3:    3347984 bytes,   13274000 total
- age   4:     873624 bytes,   14147624 total
- age   5:    2732040 bytes,   16879664 total
- age   6:     932632 bytes,   17812296 total
- age   7:     684600 bytes,   18496896 total
- age   8:     773848 bytes,   19270744 total
- age   9:     897368 bytes,   20168112 total
- age  10:     883576 bytes,   21051688 total
: 438974K->20633K(471872K), 0.0900011 secs] 765435K->347817K(2044736K), 0.0903504 secs]
Total time for which application threads were stopped: 0.0926113 seconds
Application time: 20.7618820 seconds
18082.988: [GC 18082.988: [ParNew
Desired survivor size 48306584 bytes, new threshold 10 (max 10)
- age   1:   13988528 bytes,   13988528 total
- age   2:    3134856 bytes,   17123384 total
- age   3:    1931408 bytes,   19054792 total
- age   4:     286984 bytes,   19341776 total
- age   5:     873192 bytes,   20214968 total
- age   6:    2575160 bytes,   22790128 total
- age   7:     799016 bytes,   23589144 total
- age   8:     684600 bytes,   24273744 total
- age   9:     773848 bytes,   25047592 total
- age  10:     897368 bytes,   25944960 total
: 440089K->25410K(471872K), 0.0843414 secs] 767272K->353454K(2044736K), 0.0846951 secs]
Total time for which application threads were stopped: 0.0866991 seconds
Application time: 6.5380817 seconds
18089.613: [GC 18089.613: [ParNew
Desired survivor size 48306584 bytes, new threshold 10 (max 10)
- age   1:    8780768 bytes,    8780768 total
- age   2:    1192248 bytes,    9973016 total
- age   3:    1363784 bytes,   11336800 total
- age   4:    1931408 bytes,   13268208 total
- age   5:     286984 bytes,   13555192 total
- age   6:     873192 bytes,   14428384 total
- age   7:    2544336 bytes,   16972720 total
- age   8:     799016 bytes,   17771736 total
- age   9:     684448 bytes,   18456184 total
- age  10:     773848 bytes,   19230032 total
: 444838K->18857K(471872K), 0.0795066 secs] 772883K->347777K(2044736K), 0.0798108 secs]
Total time for which application threads were stopped: 0.0824947 seconds
Application time: 6.4465884 seconds
18096.142: [GC 18096.142: [ParNew
Desired survivor size 48306584 bytes, new threshold 10 (max 10)
- age   1:    4843056 bytes,    4843056 total
- age   2:    6264376 bytes,   11107432 total
- age   3:    1169928 bytes,   12277360 total
- age   4:    1346088 bytes,   13623448 total
- age   5:    1931408 bytes,   15554856 total
- age   6:     286984 bytes,   15841840 total
- age   7:     873192 bytes,   16715032 total
- age   8:    2544336 bytes,   19259368 total
- age   9:     799016 bytes,   20058384 total
- age  10:     684448 bytes,   20742832 total
: 438312K->20339K(471872K), 0.0922719 secs] 767233K->350015K(2044736K), 0.0925886 secs]
Total time for which application threads were stopped: 0.0945167 seconds
Application time: 28.2989766 seconds
18124.535: [GC 18124.536: [ParNew
Desired survivor size 48306584 bytes, new threshold 10 (max 10)
- age   1:    7237816 bytes,    7237816 total
- age   2:    2122696 bytes,    9360512 total
- age   3:    2641232 bytes,   12001744 total
- age   4:    1034288 bytes,   13036032 total
- age   5:    1285464 bytes,   14321496 total
- age   6:    1931408 bytes,   16252904 total
- age   7:     286984 bytes,   16539888 total
- age   8:     873192 bytes,   17413080 total
- age   9:    2306824 bytes,   19719904 total
- age  10:     798688 bytes,   20518592 total
: 439756K->20118K(471872K), 0.0869767 secs] 769432K->350427K(2044736K), 0.0872848 secs]
Total time for which application threads were stopped: 0.0893535 seconds
Application time: 51.4551155 seconds
18176.080: [GC 18176.080: [ParNew
Desired survivor size 48306584 bytes, new threshold 10 (max 10)
- age   1:    4687048 bytes,    4687048 total
- age   2:    4351584 bytes,    9038632 total
- age   3:    1864824 bytes,   10903456 total
- age   4:    2543184 bytes,   13446640 total
- age   5:     944272 bytes,   14390912 total
- age   6:    1204296 bytes,   15595208 total
- age   7:    1931408 bytes,   17526616 total
- age   8:     286984 bytes,   17813600 total
- age   9:     873192 bytes,   18686792 total
- age  10:     957664 bytes,   19644456 total
: 439574K->19258K(471872K), 0.0863791 secs] 769883K->350344K(2044736K), 0.0867347 secs]
Total time for which application threads were stopped: 0.0888208 seconds
Application time: 15.5306636 seconds
18191.699: [GC 18191.699: [ParNew
Desired survivor size 48306584 bytes, new threshold 10 (max 10)
- age   1:    4277448 bytes,    4277448 total
- age   2:    3691568 bytes,    7969016 total
- age   3:    4339824 bytes,   12308840 total
- age   4:     842488 bytes,   13151328 total
- age   5:    1203648 bytes,   14354976 total
- age   6:     944272 bytes,   15299248 total
- age   7:    1201792 bytes,   16501040 total
- age   8:    1930984 bytes,   18432024 total
- age   9:     286984 bytes,   18719008 total
- age  10:     873192 bytes,   19592200 total
: 438714K->19208K(471872K), 0.0797628 secs] 769800K->351230K(2044736K), 0.0800775 secs]
Total time for which application threads were stopped: 0.0819687 seconds
Application time: 7.0673241 seconds
18198.852: [GC 18198.852: [ParNew
Desired survivor size 48306584 bytes, new threshold 10 (max 10)
- age   1:    4961456 bytes,    4961456 total
- age   2:    2116320 bytes,    7077776 total
- age   3:    3575872 bytes,   10653648 total
- age   4:    4283288 bytes,   14936936 total
- age   5:     611256 bytes,   15548192 total
- age   6:    1203648 bytes,   16751840 total
- age   7:     926872 bytes,   17678712 total
- age   8:    1201792 bytes,   18880504 total
- age   9:    1930984 bytes,   20811488 total
- age  10:     286984 bytes,   21098472 total
: 438664K->20688K(471872K), 0.0885725 secs] 770686K->353537K(2044736K), 0.0889341 secs]
Total time for which application threads were stopped: 0.0942824 seconds
Application time: 14.9144507 seconds
18213.858: [GC 18213.858: [ParNew
Desired survivor size 48306584 bytes, new threshold 10 (max 10)
- age   1:    4089800 bytes,    4089800 total
- age   2:    2612464 bytes,    6702264 total
- age   3:     867744 bytes,    7570008 total
- age   4:    3508056 bytes,   11078064 total
- age   5:    4185736 bytes,   15263800 total
- age   6:     596216 bytes,   15860016 total
- age   7:    1184616 bytes,   17044632 total
- age   8:     861640 bytes,   17906272 total
- age   9:    1177544 bytes,   19083816 total
- age  10:    1917536 bytes,   21001352 total
: 440144K->20594K(471872K), 0.0821111 secs] 772993K->353706K(2044736K), 0.0824718 secs]
Total time for which application threads were stopped: 0.0846823 seconds
Application time: 10.3670317 seconds
18224.309: [GC 18224.310: [ParNew
Desired survivor size 48306584 bytes, new threshold 10 (max 10)
- age   1:    5356376 bytes,    5356376 total
- age   2:    2847896 bytes,    8204272 total
- age   3:    1269832 bytes,    9474104 total
- age   4:     867624 bytes,   10341728 total
- age   5:    3508056 bytes,   13849784 total
- age   6:    4125112 bytes,   17974896 total
- age   7:     596216 bytes,   18571112 total
- age   8:    1184616 bytes,   19755728 total
- age   9:     861640 bytes,   20617368 total
- age  10:    1177544 bytes,   21794912 total
: 440050K->21376K(471872K), 0.1004171 secs] 773162K->356353K(2044736K), 0.1008012 secs]
Total time for which application threads were stopped: 0.1030594 seconds
Application time: 10.7385970 seconds
18235.151: [GC 18235.151: [ParNew
Desired survivor size 48306584 bytes, new threshold 10 (max 10)
- age   1:    7712128 bytes,    7712128 total
- age   2:    3495736 bytes,   11207864 total
- age   3:     937336 bytes,   12145200 total
- age   4:    1038184 bytes,   13183384 total
- age   5:     856928 bytes,   14040312 total
- age   6:    3508056 bytes,   17548368 total
- age   7:    1063504 bytes,   18611872 total
- age   8:     579048 bytes,   19190920 total
- age   9:    1122280 bytes,   20313200 total
- age  10:     861640 bytes,   21174840 total
: 440832K->20763K(471872K), 0.1070019 secs] 775809K->356891K(2044736K), 0.1073304 secs]
Total time for which application threads were stopped: 0.1094667 seconds
Application time: 8.8260275 seconds
18244.087: [GC 18244.087: [ParNew
Desired survivor size 48306584 bytes, new threshold 10 (max 10)
- age   1:    4495696 bytes,    4495696 total
- age   2:    5580280 bytes,   10075976 total
- age   3:    2527112 bytes,   12603088 total
- age   4:     937008 bytes,   13540096 total
- age   5:    1036256 bytes,   14576352 total
- age   6:     856928 bytes,   15433280 total
- age   7:    3508056 bytes,   18941336 total
- age   8:    1063504 bytes,   20004840 total
- age   9:     579048 bytes,   20583888 total
- age  10:    1122280 bytes,   21706168 total
: 440216K->21293K(471872K), 0.0955646 secs] 776345K->358263K(2044736K), 0.0959340 secs]
Total time for which application threads were stopped: 0.0982136 seconds
Application time: 9.7487437 seconds
18253.933: [GC 18253.934: [ParNew
Desired survivor size 48306584 bytes, new threshold 10 (max 10)
- age   1:    7351560 bytes,    7351560 total
- age   2:    2877008 bytes,   10228568 total
- age   3:    1936208 bytes,   12164776 total
- age   4:    2138208 bytes,   14302984 total
- age   5:     839480 bytes,   15142464 total
- age   6:    1035928 bytes,   16178392 total
- age   7:     854000 bytes,   17032392 total
- age   8:    3505376 bytes,   20537768 total
- age   9:    1046528 bytes,   21584296 total
- age  10:     579048 bytes,   22163344 total
: 440749K->21739K(471872K), 0.0897565 secs] 777719K->359805K(2044736K), 0.0900643 secs]
Total time for which application threads were stopped: 0.0924257 seconds
Application time: 10.9589232 seconds
18264.986: [GC 18264.986: [ParNew
Desired survivor size 48306584 bytes, new threshold 10 (max 10)
- age   1:    6501072 bytes,    6501072 total
- age   2:    4997960 bytes,   11499032 total
- age   3:    1860184 bytes,   13359216 total
- age   4:    1394144 bytes,   14753360 total
- age   5:    2076736 bytes,   16830096 total
- age   6:     839480 bytes,   17669576 total
- age   7:    1035928 bytes,   18705504 total
- age   8:     854000 bytes,   19559504 total
- age   9:    3494584 bytes,   23054088 total
- age  10:     912368 bytes,   23966456 total
: 441195K->23508K(471872K), 0.0992403 secs] 779261K->362140K(2044736K), 0.0995687 secs]
Total time for which application threads were stopped: 0.1023067 seconds
Application time: 9.1313976 seconds
18274.219: [GC 18274.219: [ParNew
Desired survivor size 48306584 bytes, new threshold 10 (max 10)
- age   1:    5924112 bytes,    5924112 total
- age   2:    3766320 bytes,    9690432 total
- age   3:    1935768 bytes,   11626200 total
- age   4:    1789288 bytes,   13415488 total
- age   5:    1393104 bytes,   14808592 total
- age   6:    2076640 bytes,   16885232 total
- age   7:     839048 bytes,   17724280 total
- age   8:    1035928 bytes,   18760208 total
- age   9:     745824 bytes,   19506032 total
- age  10:    3494584 bytes,   23000616 total
: 442950K->22563K(471872K), 0.1169568 secs] 781582K->362086K(2044736K), 0.1173346 secs]
Total time for which application threads were stopped: 0.1196196 seconds
Application time: 17.4320458 seconds
18291.770: [GC 18291.771: [ParNew
Desired survivor size 48306584 bytes, new threshold 10 (max 10)
- age   1:    3206824 bytes,    3206824 total
- age   2:    4716568 bytes,    7923392 total
- age   3:    3378248 bytes,   11301640 total
- age   4:    1782496 bytes,   13084136 total
- age   5:    1787704 bytes,   14871840 total
- age   6:    1360136 bytes,   16231976 total
- age   7:    2074528 bytes,   18306504 total
- age   8:     834640 bytes,   19141144 total
- age   9:    1032232 bytes,   20173376 total
- age  10:     680056 bytes,   20853432 total
: 442012K->20462K(471872K), 0.0937677 secs] 781535K->363395K(2044736K), 0.0941068 secs]
Total time for which application threads were stopped: 0.0961031 seconds
Application time: 47.1647557 seconds
18339.032: [GC 18339.032: [ParNew
Desired survivor size 48306584 bytes, new threshold 10 (max 10)
- age   1:    2521224 bytes,    2521224 total
- age   2:     837904 bytes,    3359128 total
- age   3:    4643880 bytes,    8003008 total
- age   4:    3175632 bytes,   11178640 total
- age   5:    1780056 bytes,   12958696 total
- age   6:    1787704 bytes,   14746400 total
- age   7:    1342968 bytes,   16089368 total
- age   8:    2011568 bytes,   18100936 total
- age   9:     782536 bytes,   18883472 total
- age  10:    1004832 bytes,   19888304 total
: 439918K->19514K(471872K), 0.1094709 secs] 782851K->363095K(2044736K), 0.1099324 secs]
Total time for which application threads were stopped: 0.1128785 seconds
Application time: 83.2928584 seconds
18422.437: [GC 18422.437: [ParNew
Desired survivor size 48306584 bytes, new threshold 10 (max 10)
- age   1:    7164968 bytes,    7164968 total
- age   2:     576192 bytes,    7741160 total
- age   3:     824688 bytes,    8565848 total
- age   4:    4643816 bytes,   13209664 total
- age   5:    3031672 bytes,   16241336 total
- age   6:    1739040 bytes,   17980376 total
- age   7:    1774584 bytes,   19754960 total
- age   8:    1276056 bytes,   21031016 total
- age   9:    2009664 bytes,   23040680 total
- age  10:     782264 bytes,   23822944 total
: 438956K->23357K(471872K), 0.0831640 secs] 782536K->367919K(2044736K), 0.0834943 secs]
Total time for which application threads were stopped: 0.0855505 seconds
Application time: 22.9427891 seconds
18445.469: [GC 18445.469: [ParNew
Desired survivor size 48306584 bytes, new threshold 10 (max 10)
- age   1:    3989968 bytes,    3989968 total
- age   2:     961728 bytes,    4951696 total
- age   3:     576120 bytes,    5527816 total
- age   4:     824688 bytes,    6352504 total
- age   5:    4643816 bytes,   10996320 total
- age   6:    3031616 bytes,   14027936 total
- age   7:    1738552 bytes,   15766488 total
- age   8:    1774584 bytes,   17541072 total
- age   9:    1276000 bytes,   18817072 total
- age  10:    2009664 bytes,   20826736 total
: 442813K->20422K(471872K), 0.0847970 secs] 787375K->365750K(2044736K), 0.0851283 secs]
Total time for which application threads were stopped: 0.0904440 seconds
Application time: 4.9343793 seconds
18450.491: [GC 18450.491: [ParNew
Desired survivor size 48306584 bytes, new threshold 10 (max 10)
- age   1:    8332096 bytes,    8332096 total
- age   2:    2845608 bytes,   11177704 total
- age   3:     936624 bytes,   12114328 total
- age   4:     518896 bytes,   12633224 total
- age   5:     820512 bytes,   13453736 total
- age   6:    1461352 bytes,   14915088 total
- age   7:    1117200 bytes,   16032288 total
- age   8:    1738552 bytes,   17770840 total
- age   9:    1774512 bytes,   19545352 total
- age  10:    1276000 bytes,   20821352 total
: 439834K->20416K(471872K), 0.0979392 secs] 785162K->367709K(2044736K), 0.0982579 secs]
Total time for which application threads were stopped: 0.1005097 seconds
Application time: 13.3094936 seconds
18463.901: [GC 18463.901: [ParNew
Desired survivor size 48306584 bytes, new threshold 10 (max 10)
- age   1:    3205232 bytes,    3205232 total
- age   2:    5857280 bytes,    9062512 total
- age   3:    2691440 bytes,   11753952 total
- age   4:     873456 bytes,   12627408 total
- age   5:     518496 bytes,   13145904 total
- age   6:     819888 bytes,   13965792 total
- age   7:    1205208 bytes,   15171000 total
- age   8:    1117200 bytes,   16288200 total
- age   9:    1738552 bytes,   18026752 total
- age  10:    1774512 bytes,   19801264 total
: 439872K->19412K(471872K), 0.0883399 secs] 787165K->367953K(2044736K), 0.0886700 secs]
Total time for which application threads were stopped: 0.0907413 seconds
Application time: 23.6845325 seconds
18488.185: [GC 18488.185: [ParNew
Desired survivor size 48306584 bytes, new threshold 10 (max 10)
- age   1:    2335808 bytes,    2335808 total
- age   2:    1272488 bytes,    3608296 total
- age   3:    5836544 bytes,    9444840 total
- age   4:    2609096 bytes,   12053936 total
- age   5:     856192 bytes,   12910128 total
- age   6:     518496 bytes,   13428624 total
- age   7:     819888 bytes,   14248512 total
- age   8:    1205208 bytes,   15453720 total
- age   9:    1117200 bytes,   16570920 total
- age  10:    1738552 bytes,   18309472 total
: 438756K->17945K(471872K), 0.0756873 secs] 787297K->368220K(2044736K), 0.0759781 secs]
Total time for which application threads were stopped: 0.5869785 seconds
Application time: 17.6937256 seconds
18505.957: [GC 18505.957: [ParNew
Desired survivor size 48306584 bytes, new threshold 10 (max 10)
- age   1:    2768840 bytes,    2768840 total
- age   2:     319688 bytes,    3088528 total
- age   3:    1225320 bytes,    4313848 total
- age   4:    5823384 bytes,   10137232 total
- age   5:    2528592 bytes,   12665824 total
- age   6:     837936 bytes,   13503760 total
- age   7:     436736 bytes,   13940496 total
- age   8:     805776 bytes,   14746272 total
- age   9:    1189472 bytes,   15935744 total
- age  10:    1099560 bytes,   17035304 total
: 437401K->16701K(471872K), 0.0816626 secs] 787676K->368660K(2044736K), 0.0819982 secs]
Total time for which application threads were stopped: 0.0847048 seconds
Application time: 27.4862996 seconds
18533.528: [GC 18533.528: [ParNew
Desired survivor size 48306584 bytes, new threshold 10 (max 10)
- age   1:    2981056 bytes,    2981056 total
- age   2:     489056 bytes,    3470112 total
- age   3:     114104 bytes,    3584216 total
- age   4:    1037888 bytes,    4622104 total
- age   5:    5767416 bytes,   10389520 total
- age   6:    2511360 bytes,   12900880 total
- age   7:     837936 bytes,   13738816 total
- age   8:     419440 bytes,   14158256 total
- age   9:     760984 bytes,   14919240 total
- age  10:    1098112 bytes,   16017352 total
: 436155K->15696K(471872K), 0.0612879 secs] 788114K->368729K(2044736K), 0.0621034 secs]
Total time for which application threads were stopped: 0.0641612 seconds
Application time: 90.0947820 seconds
18623.687: [GC 18623.687: [ParNew
Desired survivor size 48306584 bytes, new threshold 10 (max 10)
- age   1:    2663528 bytes,    2663528 total
- age   2:     908496 bytes,    3572024 total
- age   3:     464424 bytes,    4036448 total
- age   4:     106816 bytes,    4143264 total
- age   5:    1032872 bytes,    5176136 total
- age   6:    5095160 bytes,   10271296 total
- age   7:    2505664 bytes,   12776960 total
- age   8:     712024 bytes,   13488984 total
- age   9:     406280 bytes,   13895264 total
- age  10:     756264 bytes,   14651528 total
: 435152K->14354K(471872K), 0.0610902 secs] 788185K->368459K(2044736K), 0.0614334 secs]
Total time for which application threads were stopped: 0.0636702 seconds
Application time: 6.9313600 seconds
18630.682: [GC 18630.682: [ParNew
Desired survivor size 48306584 bytes, new threshold 10 (max 10)
- age   1:    4876032 bytes,    4876032 total
- age   2:    1342256 bytes,    6218288 total
- age   3:     838648 bytes,    7056936 total
- age   4:     464424 bytes,    7521360 total
- age   5:     105640 bytes,    7627000 total
- age   6:     661496 bytes,    8288496 total
- age   7:    3757888 bytes,   12046384 total
- age   8:    2505664 bytes,   14552048 total
- age   9:     712024 bytes,   15264072 total
- age  10:     405496 bytes,   15669568 total
: 433810K->15358K(471872K), 0.0820444 secs] 787914K->370200K(2044736K), 0.0824370 secs]
Total time for which application threads were stopped: 0.0846340 seconds
Application time: 14.2722987 seconds
18645.039: [GC 18645.039: [ParNew
Desired survivor size 48306584 bytes, new threshold 10 (max 10)
- age   1:    5186280 bytes,    5186280 total
- age   2:    1442144 bytes,    6628424 total
- age   3:     762840 bytes,    7391264 total
- age   4:     775448 bytes,    8166712 total
- age   5:     464424 bytes,    8631136 total
- age   6:     105640 bytes,    8736776 total
- age   7:     661496 bytes,    9398272 total
- age   8:    3757888 bytes,   13156160 total
- age   9:    2505344 bytes,   15661504 total
- age  10:     710936 bytes,   16372440 total
: 434805K->16048K(471872K), 0.0657215 secs] 789648K->371285K(2044736K), 0.0660372 secs]
Total time for which application threads were stopped: 0.0683164 seconds
Application time: 15.7704214 seconds
18660.878: [GC 18660.878: [ParNew
Desired survivor size 48306584 bytes, new threshold 10 (max 10)
- age   1:    5830304 bytes,    5830304 total
- age   2:    3104912 bytes,    8935216 total
- age   3:     853952 bytes,    9789168 total
- age   4:     762160 bytes,   10551328 total
- age   5:     758128 bytes,   11309456 total
- age   6:     431960 bytes,   11741416 total
- age   7:     105640 bytes,   11847056 total
- age   8:     661472 bytes,   12508528 total
- age   9:     696856 bytes,   13205384 total
- age  10:    2505272 bytes,   15710656 total
: 435504K->15403K(471872K), 0.0693983 secs] 790741K->371329K(2044736K), 0.0697712 secs]
Total time for which application threads were stopped: 0.0724267 seconds
Application time: 53.4604109 seconds
18714.411: [GC 18714.411: [ParNew
Desired survivor size 48306584 bytes, new threshold 10 (max 10)
- age   1:    5628352 bytes,    5628352 total
- age   2:    1579720 bytes,    7208072 total
- age   3:    3103648 bytes,   10311720 total
- age   4:     853952 bytes,   11165672 total
- age   5:     759720 bytes,   11925392 total
- age   6:     658368 bytes,   12583760 total
- age   7:     369352 bytes,   12953112 total
- age   8:     105016 bytes,   13058128 total
- age   9:     661472 bytes,   13719600 total
- age  10:     696856 bytes,   14416456 total
: 434811K->14136K(471872K), 0.0569620 secs] 790736K->372508K(2044736K), 0.0572844 secs]
Total time for which application threads were stopped: 0.0596358 seconds
Application time: 81.6558869 seconds
18796.126: [GC 18796.126: [ParNew
Desired survivor size 48306584 bytes, new threshold 10 (max 10)
- age   1:    2076472 bytes,    2076472 total
- age   2:    4049856 bytes,    6126328 total
- age   3:    1385656 bytes,    7511984 total
- age   4:    3010408 bytes,   10522392 total
- age   5:     843368 bytes,   11365760 total
- age   6:     544744 bytes,   11910504 total
- age   7:     623080 bytes,   12533584 total
- age   8:     347400 bytes,   12880984 total
- age   9:      97368 bytes,   12978352 total
- age  10:     656320 bytes,   13634672 total
: 433589K->13371K(471872K), 0.0546811 secs] 791962K->372424K(2044736K), 0.0549993 secs]
Total time for which application threads were stopped: 0.0570464 seconds
Application time: 9.0722778 seconds
18805.256: [GC 18805.256: [ParNew
Desired survivor size 48306584 bytes, new threshold 10 (max 10)
- age   1:    9782336 bytes,    9782336 total
- age   2:     950672 bytes,   10733008 total
- age   3:    4049856 bytes,   14782864 total
- age   4:    1385656 bytes,   16168520 total
- age   5:     861872 bytes,   17030392 total
- age   6:     843368 bytes,   17873760 total
- age   7:     544744 bytes,   18418504 total
- age   8:     622952 bytes,   19041456 total
- age   9:     346616 bytes,   19388072 total
- age  10:      97368 bytes,   19485440 total
: 432825K->19091K(471872K), 0.0792845 secs] 791878K->378785K(2044736K), 0.0796839 secs]
Total time for which application threads were stopped: 0.0820547 seconds
Application time: 31.7363711 seconds
18837.074: [GC 18837.074: [ParNew
Desired survivor size 48306584 bytes, new threshold 10 (max 10)
- age   1:    6800560 bytes,    6800560 total
- age   2:    2120672 bytes,    8921232 total
- age   3:     820416 bytes,    9741648 total
- age   4:    4032240 bytes,   13773888 total
- age   5:     835152 bytes,   14609040 total
- age   6:     860808 bytes,   15469848 total
- age   7:     843368 bytes,   16313216 total
- age   8:     543808 bytes,   16857024 total
- age   9:     615992 bytes,   17473016 total
- age  10:     346616 bytes,   17819632 total
: 438540K->17465K(471872K), 0.0681787 secs] 798234K->377254K(2044736K), 0.0685041 secs]
Total time for which application threads were stopped: 0.0705795 seconds
Application time: 22.4732212 seconds
18859.618: [GC 18859.618: [ParNew
Desired survivor size 48306584 bytes, new threshold 10 (max 10)
- age   1:   14297800 bytes,   14297800 total
- age   2:    4578888 bytes,   18876688 total
- age   3:    1286320 bytes,   20163008 total
- age   4:     817976 bytes,   20980984 total
- age   5:     970632 bytes,   21951616 total
- age   6:     834824 bytes,   22786440 total
- age   7:     860808 bytes,   23647248 total
- age   8:     843400 bytes,   24490648 total
- age   9:     499552 bytes,   24990200 total
- age  10:     615992 bytes,   25606192 total
: 436843K->25071K(471872K), 0.0743719 secs] 796632K->385198K(2044736K), 0.0746997 secs]
Total time for which application threads were stopped: 0.0770023 seconds
Application time: 62.9149919 seconds
18922.610: [GC 18922.610: [ParNew
Desired survivor size 48306584 bytes, new threshold 10 (max 10)
- age   1:   18549624 bytes,   18549624 total
- age   2:    4533376 bytes,   23083000 total
- age   3:    2829000 bytes,   25912000 total
- age   4:    1175328 bytes,   27087328 total
- age   5:     813752 bytes,   27901080 total
- age   6:     968520 bytes,   28869600 total
- age   7:     798664 bytes,   29668264 total
- age   8:     858336 bytes,   30526600 total
- age   9:     840992 bytes,   31367592 total
- age  10:     489128 bytes,   31856720 total
: 444527K->31175K(471872K), 0.0788057 secs] 804654K->391887K(2044736K), 0.0791584 secs]
Total time for which application threads were stopped: 0.0814517 seconds
Application time: 21.9612681 seconds
18944.653: [GC 18944.653: [ParNew
Desired survivor size 48306584 bytes, new threshold 10 (max 10)
- age   1:    8072720 bytes,    8072720 total
- age   2:     962680 bytes,    9035400 total
- age   3:    3950680 bytes,   12986080 total
- age   4:    1486560 bytes,   14472640 total
- age   5:     516144 bytes,   14988784 total
- age   6:     733136 bytes,   15721920 total
- age   7:     968520 bytes,   16690440 total
- age   8:     798040 bytes,   17488480 total
- age   9:     856880 bytes,   18345360 total
- age  10:     836512 bytes,   19181872 total
: 450631K->18803K(471872K), 0.0690747 secs] 811343K->379914K(2044736K), 0.0698508 secs]
Total time for which application threads were stopped: 0.0719501 seconds
Application time: 28.3162376 seconds
18973.041: [GC 18973.041: [ParNew
Desired survivor size 48306584 bytes, new threshold 10 (max 10)
- age   1:    2959472 bytes,    2959472 total
- age   2:    5402312 bytes,    8361784 total
- age   3:     895320 bytes,    9257104 total
- age   4:    3756568 bytes,   13013672 total
- age   5:     708384 bytes,   13722056 total
- age   6:     516000 bytes,   14238056 total
- age   7:     732512 bytes,   14970568 total
- age   8:     967736 bytes,   15938304 total
- age   9:     794232 bytes,   16732536 total
- age  10:     856880 bytes,   17589416 total
: 438244K->17234K(471872K), 0.0671766 secs] 799355K->379162K(2044736K), 0.0674866 secs]
Total time for which application threads were stopped: 0.0694152 seconds
Application time: 6.6085236 seconds
18979.719: [GC 18979.719: [ParNew
Desired survivor size 48306584 bytes, new threshold 10 (max 10)
- age   1:    5104048 bytes,    5104048 total
- age   2:    1593624 bytes,    6697672 total
- age   3:    4049240 bytes,   10746912 total
- age   4:     894128 bytes,   11641040 total
- age   5:    3756568 bytes,   15397608 total
- age   6:     708384 bytes,   16105992 total
- age   7:     516000 bytes,   16621992 total
- age   8:     587920 bytes,   17209912 total
- age   9:     966280 bytes,   18176192 total
- age  10:     794232 bytes,   18970424 total
: 436690K->18587K(471872K), 0.0810396 secs] 798617K->381351K(2044736K), 0.0813528 secs]
Total time for which application threads were stopped: 0.0833433 seconds
Application time: 22.1514205 seconds
19001.954: [GC 19001.954: [ParNew
Desired survivor size 48306584 bytes, new threshold 10 (max 10)
- age   1:   12476240 bytes,   12476240 total
- age   2:    4128968 bytes,   16605208 total
- age   3:     913496 bytes,   17518704 total
- age   4:    1941560 bytes,   19460264 total
- age   5:     808664 bytes,   20268928 total
- age   6:    3648384 bytes,   23917312 total
- age   7:     702000 bytes,   24619312 total
- age   8:     516000 bytes,   25135312 total
- age   9:     507896 bytes,   25643208 total
- age  10:     950312 bytes,   26593520 total
: 438043K->26040K(471872K), 0.0937046 secs] 800807K->389581K(2044736K), 0.0940332 secs]
Total time for which application threads were stopped: 0.0961727 seconds
Application time: 57.2393267 seconds
19059.289: [GC 19059.289: [ParNew
Desired survivor size 48306584 bytes, new threshold 10 (max 10)
- age   1:    5105880 bytes,    5105880 total
- age   2:    2260040 bytes,    7365920 total
- age   3:    4051592 bytes,   11417512 total
- age   4:     853080 bytes,   12270592 total
- age   5:    1941560 bytes,   14212152 total
- age   6:     806712 bytes,   15018864 total
- age   7:    3648384 bytes,   18667248 total
- age   8:     702000 bytes,   19369248 total
- age   9:     516000 bytes,   19885248 total
- age  10:     460112 bytes,   20345360 total
: 445496K->19935K(471872K), 0.0882309 secs] 809036K->384400K(2044736K), 0.0885563 secs]
Total time for which application threads were stopped: 0.0906521 seconds
Application time: 34.0404512 seconds
19093.420: [GC 19093.421: [ParNew
Desired survivor size 48306584 bytes, new threshold 10 (max 10)
- age   1:   12228432 bytes,   12228432 total
- age   2:    1164096 bytes,   13392528 total
- age   3:    1780392 bytes,   15172920 total
- age   4:    2969184 bytes,   18142104 total
- age   5:     829912 bytes,   18972016 total
- age   6:    1929912 bytes,   20901928 total
- age   7:     796048 bytes,   21697976 total
- age   8:    3639144 bytes,   25337120 total
- age   9:     684920 bytes,   26022040 total
- age  10:     507040 bytes,   26529080 total
: 439301K->25980K(471872K), 0.0735509 secs] 803767K->390886K(2044736K), 0.0738681 secs]
Total time for which application threads were stopped: 0.0759116 seconds
Application time: 114.1115028 seconds
19207.608: [GC 19207.608: [ParNew
Desired survivor size 48306584 bytes, new threshold 10 (max 10)
- age   1:    3835928 bytes,    3835928 total
- age   2:    4320984 bytes,    8156912 total
- age   3:     930688 bytes,    9087600 total
- age   4:    1775376 bytes,   10862976 total
- age   5:    2593840 bytes,   13456816 total
- age   6:     825952 bytes,   14282768 total
- age   7:    1865328 bytes,   16148096 total
- age   8:     785176 bytes,   16933272 total
- age   9:    3634784 bytes,   20568056 total
- age  10:     679664 bytes,   21247720 total
: 445425K->20818K(471872K), 0.0704121 secs] 810331K->386200K(2044736K), 0.0707281 secs]
Total time for which application threads were stopped: 0.0726898 seconds
Application time: 23.3820770 seconds
19231.063: [GC 19231.063: [ParNew
Desired survivor size 48306584 bytes, new threshold 10 (max 10)
- age   1:    5399176 bytes,    5399176 total
- age   2:    1060704 bytes,    6459880 total
- age   3:    3269320 bytes,    9729200 total
- age   4:     641224 bytes,   10370424 total
- age   5:    1005784 bytes,   11376208 total
- age   6:    2083384 bytes,   13459592 total
- age   7:     824296 bytes,   14283888 total
- age   8:    1289064 bytes,   15572952 total
- age   9:     782936 bytes,   16355888 total
- age  10:    3634784 bytes,   19990672 total
: 440272K->19590K(471872K), 0.0844748 secs] 805654K->385636K(2044736K), 0.0847937 secs]
Total time for which application threads were stopped: 0.0873712 seconds
Application time: 17.1992478 seconds
19248.349: [GC 19248.350: [ParNew
Desired survivor size 48306584 bytes, new threshold 10 (max 10)
- age   1:    7194344 bytes,    7194344 total
- age   2:    2635496 bytes,    9829840 total
- age   3:    1060704 bytes,   10890544 total
- age   4:    3269320 bytes,   14159864 total
- age   5:     489096 bytes,   14648960 total
- age   6:     977848 bytes,   15626808 total
- age   7:    2083304 bytes,   17710112 total
- age   8:     824296 bytes,   18534408 total
- age   9:    1285256 bytes,   19819664 total
- age  10:     718104 bytes,   20537768 total
: 439038K->20127K(471872K), 0.0933473 secs] 805084K->386733K(2044736K), 0.0936855 secs]
Total time for which application threads were stopped: 0.0958417 seconds
Application time: 11.3864492 seconds
19259.832: [GC 19259.832: [ParNew
Desired survivor size 48306584 bytes, new threshold 10 (max 10)
- age   1:    3642584 bytes,    3642584 total
- age   2:    5440000 bytes,    9082584 total
- age   3:     995496 bytes,   10078080 total
- age   4:    1060704 bytes,   11138784 total
- age   5:    3269320 bytes,   14408104 total
- age   6:     488472 bytes,   14896576 total
- age   7:     977824 bytes,   15874400 total
- age   8:    2083304 bytes,   17957704 total
- age   9:     821384 bytes,   18779088 total
- age  10:    1285256 bytes,   20064344 total
: 439583K->19662K(471872K), 0.0775056 secs] 806188K->386952K(2044736K), 0.0778499 secs]
Total time for which application threads were stopped: 0.0800919 seconds
Application time: 52.1578162 seconds
19312.070: [GC 19312.070: [ParNew
Desired survivor size 48306584 bytes, new threshold 10 (max 10)
- age   1:   13240648 bytes,   13240648 total
- age   2:    2189432 bytes,   15430080 total
- age   3:    5422032 bytes,   20852112 total
- age   4:     817784 bytes,   21669896 total
- age   5:    1057232 bytes,   22727128 total
- age   6:    2925960 bytes,   25653088 total
- age   7:     460720 bytes,   26113808 total
- age   8:     974544 bytes,   27088352 total
- age   9:    2083304 bytes,   29171656 total
- age  10:     819144 bytes,   29990800 total
: 439118K->29355K(471872K), 0.0899160 secs] 806408K->397891K(2044736K), 0.0902312 secs]
Total time for which application threads were stopped: 0.0922145 seconds
Application time: 42.7246001 seconds
19354.886: [GC 19354.887: [ParNew
Desired survivor size 48306584 bytes, new threshold 10 (max 10)
- age   1:   12621560 bytes,   12621560 total
- age   2:     752808 bytes,   13374368 total
- age   3:    2090568 bytes,   15464936 total
- age   4:    2359800 bytes,   17824736 total
- age   5:     817784 bytes,   18642520 total
- age   6:     932424 bytes,   19574944 total
- age   7:     907600 bytes,   20482544 total
- age   8:     452144 bytes,   20934688 total
- age   9:     974544 bytes,   21909232 total
- age  10:    2083304 bytes,   23992536 total
: 448716K->23493K(471872K), 0.0686282 secs] 817252K->392829K(2044736K), 0.0694651 secs]
Total time for which application threads were stopped: 0.0715102 seconds
Application time: 19.4186203 seconds
19374.377: [GC 19374.377: [ParNew
Desired survivor size 48306584 bytes, new threshold 10 (max 10)
- age   1:    3816104 bytes,    3816104 total
- age   2:    6108848 bytes,    9924952 total
- age   3:     540416 bytes,   10465368 total
- age   4:     723696 bytes,   11189064 total
- age   5:    1750384 bytes,   12939448 total
- age   6:     804232 bytes,   13743680 total
- age   7:     860552 bytes,   14604232 total
- age   8:     894552 bytes,   15498784 total
- age   9:     452144 bytes,   15950928 total
- age  10:     974544 bytes,   16925472 total
: 442949K->16582K(471872K), 0.0815114 secs] 812285K->387952K(2044736K), 0.0818922 secs]
Total time for which application threads were stopped: 0.0841374 seconds
Application time: 7.3999575 seconds
19381.861: [GC 19381.861: [ParNew
Desired survivor size 48306584 bytes, new threshold 10 (max 10)
- age   1:    4371976 bytes,    4371976 total
- age   2:    1759592 bytes,    6131568 total
- age   3:    6107576 bytes,   12239144 total
- age   4:     540416 bytes,   12779560 total
- age   5:     717856 bytes,   13497416 total
- age   6:     944624 bytes,   14442040 total
- age   7:     804232 bytes,   15246272 total
- age   8:     860552 bytes,   16106824 total
- age   9:     894552 bytes,   17001376 total
- age  10:     452144 bytes,   17453520 total
: 436037K->17117K(471872K), 0.0802984 secs] 807408K->389439K(2044736K), 0.0807015 secs]
Total time for which application threads were stopped: 0.0829990 seconds
Application time: 13.5366202 seconds
19395.481: [GC 19395.481: [ParNew
Desired survivor size 48306584 bytes, new threshold 10 (max 10)
- age   1:    4378080 bytes,    4378080 total
- age   2:    1905368 bytes,    6283448 total
- age   3:    1137656 bytes,    7421104 total
- age   4:    6034256 bytes,   13455360 total
- age   5:     459856 bytes,   13915216 total
- age   6:     717856 bytes,   14633072 total
- age   7:     944624 bytes,   15577696 total
- age   8:     804232 bytes,   16381928 total
- age   9:     860552 bytes,   17242480 total
- age  10:     893576 bytes,   18136056 total
: 436573K->17786K(471872K), 0.0773592 secs] 808895K->390537K(2044736K), 0.0776876 secs]
Total time for which application threads were stopped: 0.0799013 seconds
Application time: 15.5417192 seconds
19411.102: [GC 19411.102: [ParNew
Desired survivor size 48306584 bytes, new threshold 10 (max 10)
- age   1:    8520240 bytes,    8520240 total
- age   2:    2268736 bytes,   10788976 total
- age   3:    1068272 bytes,   11857248 total
- age   4:     919192 bytes,   12776440 total
- age   5:    2972448 bytes,   15748888 total
- age   6:     459856 bytes,   16208744 total
- age   7:     717856 bytes,   16926600 total
- age   8:     944624 bytes,   17871224 total
- age   9:     804232 bytes,   18675456 total
- age  10:     860552 bytes,   19536008 total
: 437230K->19148K(471872K), 0.0861474 secs] 809981K->392771K(2044736K), 0.0864892 secs]
Total time for which application threads were stopped: 0.0887183 seconds
Application time: 37.3007164 seconds
19448.492: [GC 19448.492: [ParNew
Desired survivor size 48306584 bytes, new threshold 10 (max 10)
- age   1:    5765448 bytes,    5765448 total
- age   2:    6146904 bytes,   11912352 total
- age   3:    2194352 bytes,   14106704 total
- age   4:     988768 bytes,   15095472 total
- age   5:     803928 bytes,   15899400 total
- age   6:    2735296 bytes,   18634696 total
- age   7:     459856 bytes,   19094552 total
- age   8:     717856 bytes,   19812408 total
- age   9:     944624 bytes,   20757032 total
- age  10:     801608 bytes,   21558640 total
: 438600K->21119K(471872K), 0.0606224 secs] 812224K->395526K(2044736K), 0.0610006 secs]
Total time for which application threads were stopped: 0.0631888 seconds
Application time: 10.5930944 seconds
19459.148: [GC 19459.148: [ParNew
Desired survivor size 48306584 bytes, new threshold 10 (max 10)
- age   1:    8864768 bytes,    8864768 total
- age   2:    1113608 bytes,    9978376 total
- age   3:    4509448 bytes,   14487824 total
- age   4:     840312 bytes,   15328136 total
- age   5:     988768 bytes,   16316904 total
- age   6:     803928 bytes,   17120832 total
- age   7:    1165744 bytes,   18286576 total
- age   8:     459856 bytes,   18746432 total
- age   9:     717856 bytes,   19464288 total
- age  10:     944624 bytes,   20408912 total
: 440540K->19997K(471872K), 0.0698405 secs] 814947K->395187K(2044736K), 0.0701546 secs]
Total time for which application threads were stopped: 0.0723762 seconds
Application time: 22.4021506 seconds
19481.624: [GC 19481.624: [ParNew
Desired survivor size 48306584 bytes, new threshold 10 (max 10)
- age   1:    6816184 bytes,    6816184 total
- age   2:    5873624 bytes,   12689808 total
- age   3:     976376 bytes,   13666184 total
- age   4:    1082760 bytes,   14748944 total
- age   5:     839296 bytes,   15588240 total
- age   6:     873856 bytes,   16462096 total
- age   7:     786704 bytes,   17248800 total
- age   8:    1165744 bytes,   18414544 total
- age   9:     459856 bytes,   18874400 total
- age  10:     717856 bytes,   19592256 total
: 439431K->19198K(471872K), 0.0703059 secs] 814621K->395311K(2044736K), 0.0706994 secs]
Total time for which application threads were stopped: 0.0738683 seconds
Application time: 25.3060796 seconds
19507.003: [GC 19507.003: [ParNew
Desired survivor size 48306584 bytes, new threshold 10 (max 10)
- age   1:    5220336 bytes,    5220336 total
- age   2:    4110104 bytes,    9330440 total
- age   3:    4879512 bytes,   14209952 total
- age   4:     973104 bytes,   15183056 total
- age   5:    1082760 bytes,   16265816 total
- age   6:     822088 bytes,   17087904 total
- age   7:     873856 bytes,   17961760 total
- age   8:     786704 bytes,   18748464 total
- age   9:    1165744 bytes,   19914208 total
- age  10:     459856 bytes,   20374064 total
: 438654K->19961K(471872K), 0.0649351 secs] 814767K->396775K(2044736K), 0.0652426 secs]
Total time for which application threads were stopped: 0.0673100 seconds
Application time: 28.5476860 seconds
19535.619: [GC 19535.619: [ParNew
Desired survivor size 48306584 bytes, new threshold 10 (max 10)
- age   1:    9995992 bytes,    9995992 total
- age   2:    1644544 bytes,   11640536 total
- age   3:    3722528 bytes,   15363064 total
- age   4:    1176448 bytes,   16539512 total
- age   5:     734496 bytes,   17274008 total
- age   6:     875008 bytes,   18149016 total
- age   7:     802960 bytes,   18951976 total
- age   8:     773696 bytes,   19725672 total
- age   9:     783512 bytes,   20509184 total
- age  10:    1163184 bytes,   21672368 total
: 439392K->21230K(471872K), 0.0783288 secs] 816205K->398489K(2044736K), 0.0787555 secs]
Total time for which application threads were stopped: 0.0818219 seconds
Application time: 6.8171410 seconds
19542.517: [GC 19542.517: [ParNew
Desired survivor size 48306584 bytes, new threshold 10 (max 10)
- age   1:    4225352 bytes,    4225352 total
- age   2:    3828536 bytes,    8053888 total
- age   3:     726144 bytes,    8780032 total
- age   4:    3721440 bytes,   12501472 total
- age   5:     849512 bytes,   13350984 total
- age   6:     733304 bytes,   14084288 total
- age   7:     875008 bytes,   14959296 total
- age   8:     747192 bytes,   15706488 total
- age   9:     773696 bytes,   16480184 total
- age  10:     783512 bytes,   17263696 total
: 440686K->16922K(471872K), 0.0824571 secs] 817945K->395118K(2044736K), 0.0828880 secs]
Total time for which application threads were stopped: 0.0853906 seconds
Application time: 24.5475245 seconds
19567.150: [GC 19567.150: [ParNew
Desired survivor size 48306584 bytes, new threshold 10 (max 10)
- age   1:    6922376 bytes,    6922376 total
- age   2:    2537808 bytes,    9460184 total
- age   3:    1084512 bytes,   10544696 total
- age   4:     561472 bytes,   11106168 total
- age   5:    3704216 bytes,   14810384 total
- age   6:     849512 bytes,   15659896 total
- age   7:     732616 bytes,   16392512 total
- age   8:     875008 bytes,   17267520 total
- age   9:     747192 bytes,   18014712 total
- age  10:     773696 bytes,   18788408 total
: 436378K->18419K(471872K), 0.0948727 secs] 814574K->397382K(2044736K), 0.0958420 secs]
Total time for which application threads were stopped: 0.0981744 seconds
Application time: 74.5521752 seconds
19641.800: [GC 19641.801: [ParNew
Desired survivor size 48306584 bytes, new threshold 10 (max 10)
- age   1:    7555784 bytes,    7555784 total
- age   2:    2514592 bytes,   10070376 total
- age   3:    2384040 bytes,   12454416 total
- age   4:    1084312 bytes,   13538728 total
- age   5:     560848 bytes,   14099576 total
- age   6:    3704216 bytes,   17803792 total
- age   7:     849568 bytes,   18653360 total
- age   8:     732024 bytes,   19385384 total
- age   9:     875008 bytes,   20260392 total
- age  10:     747192 bytes,   21007584 total
: 437862K->20582K(471872K), 0.0632468 secs] 816826K->400303K(2044736K), 0.0635986 secs]
Total time for which application threads were stopped: 0.0659368 seconds
Application time: 17.1523726 seconds
19659.019: [GC 19659.019: [ParNew
Desired survivor size 48306584 bytes, new threshold 10 (max 10)
- age   1:    4395656 bytes,    4395656 total
- age   2:    5271968 bytes,    9667624 total
- age   3:    2424272 bytes,   12091896 total
- age   4:    1089216 bytes,   13181112 total
- age   5:    1005816 bytes,   14186928 total
- age   6:     549144 bytes,   14736072 total
- age   7:    3684504 bytes,   18420576 total
- age   8:     838592 bytes,   19259168 total
- age   9:     713960 bytes,   19973128 total
- age  10:     855352 bytes,   20828480 total
: 440038K->20407K(471872K), 0.0798178 secs] 819759K->400845K(2044736K), 0.0801256 secs]
Total time for which application threads were stopped: 0.0823323 seconds
Application time: 7.1117207 seconds
19666.213: [GC 19666.213: [ParNew
Desired survivor size 48306584 bytes, new threshold 10 (max 10)
- age   1:    6753184 bytes,    6753184 total
- age   2:    2145976 bytes,    8899160 total
- age   3:    5196816 bytes,   14095976 total
- age   4:    1404168 bytes,   15500144 total
- age   5:    1087824 bytes,   16587968 total
- age   6:    1005816 bytes,   17593784 total
- age   7:     549024 bytes,   18142808 total
- age   8:     567400 bytes,   18710208 total
- age   9:     838592 bytes,   19548800 total
- age  10:     713848 bytes,   20262648 total
: 439860K->19855K(471872K), 0.0734878 secs] 820297K->401128K(2044736K), 0.0738442 secs]
Total time for which application threads were stopped: 0.0761089 seconds
Application time: 21.4646148 seconds
19687.753: [GC 19687.754: [ParNew
Desired survivor size 48306584 bytes, new threshold 10 (max 10)
- age   1:   11213112 bytes,   11213112 total
- age   2:    4991512 bytes,   16204624 total
- age   3:    1547376 bytes,   17752000 total
- age   4:     918520 bytes,   18670520 total
- age   5:    1404168 bytes,   20074688 total
- age   6:    1087352 bytes,   21162040 total
- age   7:    1005816 bytes,   22167856 total
- age   8:     549048 bytes,   22716904 total
- age   9:     567400 bytes,   23284304 total
- age  10:     838592 bytes,   24122896 total
: 439311K->23622K(471872K), 0.0734655 secs] 820584K->405592K(2044736K), 0.0738097 secs]
Total time for which application threads were stopped: 0.0759634 seconds
Application time: 8.8413957 seconds
19696.672: [GC 19696.672: [ParNew
Desired survivor size 48306584 bytes, new threshold 10 (max 10)
- age   1:    4722712 bytes,    4722712 total
- age   2:    4646696 bytes,    9369408 total
- age   3:    3915536 bytes,   13284944 total
- age   4:     732232 bytes,   14017176 total
- age   5:     915088 bytes,   14932264 total
- age   6:    1274424 bytes,   16206688 total
- age   7:    1087352 bytes,   17294040 total
- age   8:    1005816 bytes,   18299856 total
- age   9:     549024 bytes,   18848880 total
- age  10:     567400 bytes,   19416280 total
: 443078K->19030K(471872K), 0.0736149 secs] 825048K->401820K(2044736K), 0.0739775 secs]
Total time for which application threads were stopped: 0.0769957 seconds
Application time: 23.6992424 seconds
19720.447: [GC 19720.447: [ParNew
Desired survivor size 48306584 bytes, new threshold 10 (max 10)
- age   1:    6285888 bytes,    6285888 total
- age   2:    2797368 bytes,    9083256 total
- age   3:    4555488 bytes,   13638744 total
- age   4:     788712 bytes,   14427456 total
- age   5:     714696 bytes,   15142152 total
- age   6:     915072 bytes,   16057224 total
- age   7:    1205224 bytes,   17262448 total
- age   8:    1087352 bytes,   18349800 total
- age   9:    1005816 bytes,   19355616 total
- age  10:     549024 bytes,   19904640 total
: 438472K->19507K(471872K), 0.0706919 secs] 821262K->402850K(2044736K), 0.0710268 secs]
Total time for which application threads were stopped: 0.0731331 seconds
Application time: 13.7912841 seconds
19734.313: [GC 19734.313: [ParNew
Desired survivor size 48306584 bytes, new threshold 10 (max 10)
- age   1:    6252512 bytes,    6252512 total
- age   2:    4266840 bytes,   10519352 total
- age   3:    1959560 bytes,   12478912 total
- age   4:     921032 bytes,   13399944 total
- age   5:     788712 bytes,   14188656 total
- age   6:     707928 bytes,   14896584 total
- age   7:     454960 bytes,   15351544 total
- age   8:    1205200 bytes,   16556744 total
- age   9:    1086896 bytes,   17643640 total
- age  10:    1005248 bytes,   18648888 total
: 438865K->18283K(471872K), 0.0797485 secs] 822209K->402162K(2044736K), 0.0801032 secs]
Total time for which application threads were stopped: 0.0834894 seconds
Application time: 14.4592324 seconds
19748.855: [GC 19748.855: [ParNew
Desired survivor size 48306584 bytes, new threshold 10 (max 10)
- age   1:    3624240 bytes,    3624240 total
- age   2:    4024032 bytes,    7648272 total
- age   3:    4066312 bytes,   11714584 total
- age   4:     758048 bytes,   12472632 total
- age   5:     790392 bytes,   13263024 total
- age   6:     783888 bytes,   14046912 total
- age   7:     707928 bytes,   14754840 total
- age   8:     454960 bytes,   15209800 total
- age   9:    1205200 bytes,   16415000 total
- age  10:    1086896 bytes,   17501896 total
: 437739K->17160K(471872K), 0.0994357 secs] 821618K->402021K(2044736K), 0.0997753 secs]
Total time for which application threads were stopped: 0.1021779 seconds
Application time: 12.9161938 seconds
19761.873: [GC 19761.873: [ParNew
Desired survivor size 48306584 bytes, new threshold 10 (max 10)
- age   1:    5429632 bytes,    5429632 total
- age   2:    1957024 bytes,    7386656 total
- age   3:    3835136 bytes,   11221792 total
- age   4:    1004704 bytes,   12226496 total
- age   5:     758048 bytes,   12984544 total
- age   6:     789328 bytes,   13773872 total
- age   7:     766632 bytes,   14540504 total
- age   8:     702736 bytes,   15243240 total
- age   9:     454960 bytes,   15698200 total
- age  10:    1205200 bytes,   16903400 total
: 436581K->16576K(471872K), 0.0652336 secs] 821442K->402499K(2044736K), 0.0655840 secs]
Total time for which application threads were stopped: 0.0678590 seconds
Application time: 27.7114037 seconds
19789.652: [GC 19789.652: [ParNew
Desired survivor size 48306584 bytes, new threshold 10 (max 10)
- age   1:    9470976 bytes,    9470976 total
- age   2:    4162656 bytes,   13633632 total
- age   3:    1721048 bytes,   15354680 total
- age   4:    3461776 bytes,   18816456 total
- age   5:    1004680 bytes,   19821136 total
- age   6:     758048 bytes,   20579184 total
- age   7:     789328 bytes,   21368512 total
- age   8:     766632 bytes,   22135144 total
- age   9:     702736 bytes,   22837880 total
- age  10:     454960 bytes,   23292840 total
: 436003K->22800K(471872K), 0.0717005 secs] 821926K->409900K(2044736K), 0.0720678 secs]
Total time for which application threads were stopped: 0.0742891 seconds
Application time: 38.5130925 seconds
19828.240: [GC 19828.240: [ParNew
Desired survivor size 48306584 bytes, new threshold 10 (max 10)
- age   1:    1739576 bytes,    1739576 total
- age   2:     703560 bytes,    2443136 total
- age   3:    4117728 bytes,    6560864 total
- age   4:    1714272 bytes,    8275136 total
- age   5:    3457816 bytes,   11732952 total
- age   6:    1001240 bytes,   12734192 total
- age   7:     673792 bytes,   13407984 total
- age   8:     785896 bytes,   14193880 total
- age   9:     762672 bytes,   14956552 total
- age  10:     698512 bytes,   15655064 total
: 442256K->15344K(471872K), 0.0621178 secs] 829356K->402886K(2044736K), 0.0629077 secs]
Total time for which application threads were stopped: 0.0651478 seconds
Application time: 27.0832311 seconds
19855.388: [GC 19855.388: [ParNew
Desired survivor size 48306584 bytes, new threshold 10 (max 10)
- age   1:    5940360 bytes,    5940360 total
- age   2:     550712 bytes,    6491072 total
- age   3:     694856 bytes,    7185928 total
- age   4:    4117728 bytes,   11303656 total
- age   5:    1641960 bytes,   12945616 total
- age   6:    2118280 bytes,   15063896 total
- age   7:    1001240 bytes,   16065136 total
- age   8:     673792 bytes,   16738928 total
- age   9:     785896 bytes,   17524824 total
- age  10:     762672 bytes,   18287496 total
: 434800K->17932K(471872K), 0.0705913 secs] 822342K->406157K(2044736K), 0.0709256 secs]
Total time for which application threads were stopped: 0.0731570 seconds
Application time: 5.9416662 seconds
19861.404: [GC 19861.404: [ParNew
Desired survivor size 48306584 bytes, new threshold 10 (max 10)
- age   1:   10244320 bytes,   10244320 total
- age   2:    2985408 bytes,   13229728 total
- age   3:     486864 bytes,   13716592 total
- age   4:     645840 bytes,   14362432 total
- age   5:    1021472 bytes,   15383904 total
- age   6:     594472 bytes,   15978376 total
- age   7:    2118280 bytes,   18096656 total
- age   8:    1001240 bytes,   19097896 total
- age   9:     673792 bytes,   19771688 total
- age  10:     785896 bytes,   20557584 total
: 437387K->20152K(471872K), 0.1024424 secs] 825613K->409125K(2044736K), 0.1028574 secs]
Total time for which application threads were stopped: 0.1058775 seconds
Application time: 5.6655165 seconds
19867.174: [GC 19867.175: [ParNew
Desired survivor size 48306584 bytes, new threshold 10 (max 10)
- age   1:    7518536 bytes,    7518536 total
- age   2:    4145248 bytes,   11663784 total
- age   3:    2701896 bytes,   14365680 total
- age   4:     483296 bytes,   14848976 total
- age   5:     645840 bytes,   15494816 total
- age   6:    1021472 bytes,   16516288 total
- age   7:     594472 bytes,   17110760 total
- age   8:    2055944 bytes,   19166704 total
- age   9:    1001240 bytes,   20167944 total
- age  10:     673808 bytes,   20841752 total
: 439604K->20436K(471872K), 0.0865734 secs] 828576K->410178K(2044736K), 0.0869041 secs]
Total time for which application threads were stopped: 0.0892026 seconds
Application time: 34.3209336 seconds
19901.585: [GC 19901.585: [ParNew
Desired survivor size 48306584 bytes, new threshold 10 (max 10)
- age   1:    6791840 bytes,    6791840 total
- age   2:    5173888 bytes,   11965728 total
- age   3:    3929432 bytes,   15895160 total
- age   4:    2701328 bytes,   18596488 total
- age   5:     482680 bytes,   19079168 total
- age   6:     645840 bytes,   19725008 total
- age   7:    1021472 bytes,   20746480 total
- age   8:     577304 bytes,   21323784 total
- age   9:    2055944 bytes,   23379728 total
- age  10:     920688 bytes,   24300416 total
: 439822K->23816K(471872K), 0.1096915 secs] 829564K->414218K(2044736K), 0.1100256 secs]
Total time for which application threads were stopped: 0.1124288 seconds
Application time: 45.0567307 seconds
19946.754: [GC 19946.754: [ParNew
Desired survivor size 48306584 bytes, new threshold 10 (max 10)
- age   1:    2032480 bytes,    2032480 total
- age   2:     962872 bytes,    2995352 total
- age   3:    5156296 bytes,    8151648 total
- age   4:    3913096 bytes,   12064744 total
- age   5:    2691056 bytes,   14755800 total
- age   6:     298832 bytes,   15054632 total
- age   7:     538128 bytes,   15592760 total
- age   8:    1009040 bytes,   16601800 total
- age   9:     566160 bytes,   17167960 total
- age  10:    2041272 bytes,   19209232 total
: 443271K->18841K(471872K), 0.0879362 secs] 833673K->410127K(2044736K), 0.0882672 secs]
Total time for which application threads were stopped: 0.0904192 seconds
Application time: 20.6382032 seconds
19967.483: [GC 19967.483: [ParNew
Desired survivor size 48306584 bytes, new threshold 10 (max 10)
- age   1:    6485248 bytes,    6485248 total
- age   2:     474112 bytes,    6959360 total
- age   3:     881008 bytes,    7840368 total
- age   4:    5080552 bytes,   12920920 total
- age   5:    2573560 bytes,   15494480 total
- age   6:    2653680 bytes,   18148160 total
- age   7:     290400 bytes,   18438560 total
- age   8:     538128 bytes,   18976688 total
- age   9:    1009040 bytes,   19985728 total
- age  10:     566160 bytes,   20551888 total
: 438207K->20146K(471872K), 0.1011961 secs] 829493K->413426K(2044736K), 0.1015306 secs]
Total time for which application threads were stopped: 0.1042522 seconds
Application time: 16.7056037 seconds
19984.292: [GC 19984.293: [ParNew
Desired survivor size 48306584 bytes, new threshold 10 (max 10)
- age   1:    3906264 bytes,    3906264 total
- age   2:    2167040 bytes,    6073304 total
- age   3:     353392 bytes,    6426696 total
- age   4:     803992 bytes,    7230688 total
- age   5:    4080312 bytes,   11311000 total
- age   6:    2573560 bytes,   13884560 total
- age   7:    2653680 bytes,   16538240 total
- age   8:     290400 bytes,   16828640 total
- age   9:     538128 bytes,   17366768 total
- age  10:    1008968 bytes,   18375736 total
: 439600K->18027K(471872K), 0.0971067 secs] 832879K->411859K(2044736K), 0.0974509 secs]
Total time for which application threads were stopped: 0.0997058 seconds
Application time: 16.5730901 seconds
20000.965: [GC 20000.965: [ParNew
Desired survivor size 48306584 bytes, new threshold 10 (max 10)
- age   1:    7660584 bytes,    7660584 total
- age   2:    1831888 bytes,    9492472 total
- age   3:     827360 bytes,   10319832 total
- age   4:     270528 bytes,   10590360 total
- age   5:     804016 bytes,   11394376 total
- age   6:    4080312 bytes,   15474688 total
- age   7:    2573560 bytes,   18048248 total
- age   8:    2653736 bytes,   20701984 total
- age   9:     290400 bytes,   20992384 total
- age  10:     538128 bytes,   21530512 total
: 437479K->21113K(471872K), 0.0875567 secs] 831311K->415930K(2044736K), 0.0878728 secs]
Total time for which application threads were stopped: 0.0900165 seconds
Application time: 12.6313038 seconds
20013.687: [GC 20013.687: [ParNew
Desired survivor size 48306584 bytes, new threshold 10 (max 10)
- age   1:    6770216 bytes,    6770216 total
- age   2:    2012104 bytes,    8782320 total
- age   3:     738856 bytes,    9521176 total
- age   4:     684464 bytes,   10205640 total
- age   5:     270528 bytes,   10476168 total
- age   6:     803936 bytes,   11280104 total
- age   7:     994904 bytes,   12275008 total
- age   8:    2273816 bytes,   14548824 total
- age   9:    2653680 bytes,   17202504 total
- age  10:     207792 bytes,   17410296 total
: 440569K->17082K(471872K), 0.0960735 secs] 835386K->412425K(2044736K), 0.0964487 secs]
Total time for which application threads were stopped: 0.0987320 seconds
Application time: 34.6453831 seconds
20048.431: [GC 20048.431: [ParNew
Desired survivor size 48306584 bytes, new threshold 10 (max 10)
- age   1:   19213632 bytes,   19213632 total
- age   2:    5188864 bytes,   24402496 total
- age   3:    1990384 bytes,   26392880 total
- age   4:     730040 bytes,   27122920 total
- age   5:     684464 bytes,   27807384 total
- age   6:     270528 bytes,   28077912 total
- age   7:     803936 bytes,   28881848 total
- age   8:     994400 bytes,   29876248 total
- age   9:    2273816 bytes,   32150064 total
- age  10:    2653680 bytes,   34803744 total
: 436301K->34073K(471872K), 0.0929618 secs] 831643K->429618K(2044736K), 0.0933139 secs]
Total time for which application threads were stopped: 0.0954692 seconds
Application time: 34.5501912 seconds
20083.078: [GC 20083.079: [ParNew
Desired survivor size 48306584 bytes, new threshold 10 (max 10)
- age   1:   13473408 bytes,   13473408 total
- age   2:     605392 bytes,   14078800 total
- age   3:    2117200 bytes,   16196000 total
- age   4:     645008 bytes,   16841008 total
- age   5:     730040 bytes,   17571048 total
- age   6:     593984 bytes,   18165032 total
- age   7:     172296 bytes,   18337328 total
- age   8:     803936 bytes,   19141264 total
- age   9:     994400 bytes,   20135664 total
- age  10:    2273640 bytes,   22409304 total
: 453525K->21957K(471872K), 0.1097563 secs] 849071K->420094K(2044736K), 0.1101083 secs]
Total time for which application threads were stopped: 0.1146263 seconds
Application time: 12.9035457 seconds
20096.095: [GC 20096.095: [ParNew
Desired survivor size 48306584 bytes, new threshold 10 (max 10)
- age   1:    3829848 bytes,    3829848 total
- age   2:    5450136 bytes,    9279984 total
- age   3:     538456 bytes,    9818440 total
- age   4:     966960 bytes,   10785400 total
- age   5:     645008 bytes,   11430408 total
- age   6:     672720 bytes,   12103128 total
- age   7:     593984 bytes,   12697112 total
- age   8:     171608 bytes,   12868720 total
- age   9:     803936 bytes,   13672656 total
- age  10:     994400 bytes,   14667056 total
: 441411K->14384K(471872K), 0.0884888 secs] 839548K->414741K(2044736K), 0.0888524 secs]
Total time for which application threads were stopped: 0.0911613 seconds
Application time: 20.7743617 seconds
20116.960: [GC 20116.961: [ParNew
Desired survivor size 48306584 bytes, new threshold 10 (max 10)
- age   1:    2760080 bytes,    2760080 total
- age   2:    1998520 bytes,    4758600 total
- age   3:    4862024 bytes,    9620624 total
- age   4:     515648 bytes,   10136272 total
- age   5:     961680 bytes,   11097952 total
- age   6:     641840 bytes,   11739792 total
- age   7:     588288 bytes,   12328080 total
- age   8:     561784 bytes,   12889864 total
- age   9:     168968 bytes,   13058832 total
- age  10:     800432 bytes,   13859264 total
: 433840K->13590K(471872K), 0.0724258 secs] 834197K->414916K(2044736K), 0.0727865 secs]
Total time for which application threads were stopped: 0.0750956 seconds
Application time: 4.7807681 seconds
20121.818: [GC 20121.818: [ParNew
Desired survivor size 48306584 bytes, new threshold 10 (max 10)
- age   1:    6473776 bytes,    6473776 total
- age   2:    1520664 bytes,    7994440 total
- age   3:    1286448 bytes,    9280888 total
- age   4:    2206768 bytes,   11487656 total
- age   5:     514168 bytes,   12001824 total
- age   6:     905288 bytes,   12907112 total
- age   7:     641840 bytes,   13548952 total
- age   8:     588288 bytes,   14137240 total
- age   9:     561784 bytes,   14699024 total
- age  10:     168968 bytes,   14867992 total
: 433039K->14574K(471872K), 0.0791299 secs] 834364K->416682K(2044736K), 0.0795007 secs]
Total time for which application threads were stopped: 0.0838064 seconds
Application time: 7.0146461 seconds
20128.915: [GC 20128.915: [ParNew
Desired survivor size 48306584 bytes, new threshold 10 (max 10)
- age   1:    4068040 bytes,    4068040 total
- age   2:    4076208 bytes,    8144248 total
- age   3:    1476872 bytes,    9621120 total
- age   4:    1061328 bytes,   10682448 total
- age   5:     867544 bytes,   11549992 total
- age   6:     514168 bytes,   12064160 total
- age   7:     905288 bytes,   12969448 total
- age   8:     641840 bytes,   13611288 total
- age   9:     588288 bytes,   14199576 total
- age  10:     561784 bytes,   14761360 total
: 434030K->14477K(471872K), 0.0671303 secs] 836138K->416751K(2044736K), 0.0674727 secs]
Total time for which application threads were stopped: 0.0697474 seconds
Application time: 18.8541865 seconds
20147.839: [GC 20147.839: [ParNew
Desired survivor size 48306584 bytes, new threshold 10 (max 10)
- age   1:    9290528 bytes,    9290528 total
- age   2:    1245016 bytes,   10535544 total
- age   3:    1397088 bytes,   11932632 total
- age   4:     780824 bytes,   12713456 total
- age   5:    1042984 bytes,   13756440 total
- age   6:     805208 bytes,   14561648 total
- age   7:     514168 bytes,   15075816 total
- age   8:     905288 bytes,   15981104 total
- age   9:     641840 bytes,   16622944 total
- age  10:     588288 bytes,   17211232 total
: 433930K->16874K(471872K), 0.0770028 secs] 836204K->419699K(2044736K), 0.0773359 secs]
Total time for which application threads were stopped: 0.0795361 seconds
Application time: 10.3693255 seconds
20158.288: [GC 20158.288: [ParNew
Desired survivor size 48306584 bytes, new threshold 10 (max 10)
- age   1:    5216168 bytes,    5216168 total
- age   2:    6286984 bytes,   11503152 total
- age   3:    1086008 bytes,   12589160 total
- age   4:     581336 bytes,   13170496 total
- age   5:     780808 bytes,   13951304 total
- age   6:     841440 bytes,   14792744 total
- age   7:     805152 bytes,   15597896 total
- age   8:     463968 bytes,   16061864 total
- age   9:     840616 bytes,   16902480 total
- age  10:     641840 bytes,   17544320 total
: 436330K->17200K(471872K), 0.0668548 secs] 839155K->420602K(2044736K), 0.0672088 secs]
Total time for which application threads were stopped: 0.0695177 seconds
Application time: 43.3599688 seconds
20201.717: [GC 20201.717: [ParNew
Desired survivor size 48306584 bytes, new threshold 10 (max 10)
- age   1:    1998496 bytes,    1998496 total
- age   2:    2163248 bytes,    4161744 total
- age   3:    5723432 bytes,    9885176 total
- age   4:     988408 bytes,   10873584 total
- age   5:     578192 bytes,   11451776 total
- age   6:     777768 bytes,   12229544 total
- age   7:     841440 bytes,   13070984 total
- age   8:     805152 bytes,   13876136 total
- age   9:     383464 bytes,   14259600 total
- age  10:     840616 bytes,   15100216 total
: 436654K->14805K(471872K), 0.0681126 secs] 840056K->418758K(2044736K), 0.0684241 secs]
Total time for which application threads were stopped: 0.0706632 seconds
Application time: 75.4449128 seconds
20277.233: [GC 20277.233: [ParNew
Desired survivor size 48306584 bytes, new threshold 10 (max 10)
- age   1:    2888928 bytes,    2888928 total
- age   2:     664248 bytes,    3553176 total
- age   3:    2150168 bytes,    5703344 total
- age   4:    5588760 bytes,   11292104 total
- age   5:     892152 bytes,   12184256 total
- age   6:     565928 bytes,   12750184 total
- age   7:     692008 bytes,   13442192 total
- age   8:     768992 bytes,   14211184 total
- age   9:     711584 bytes,   14922768 total
- age  10:     364368 bytes,   15287136 total
: 434261K->14985K(471872K), 0.0635593 secs] 838214K->419739K(2044736K), 0.0638822 secs]
Total time for which application threads were stopped: 0.0659460 seconds
Application time: 25.7620680 seconds
20303.061: [GC 20303.061: [ParNew
Desired survivor size 48306584 bytes, new threshold 10 (max 10)
- age   1:    2241448 bytes,    2241448 total
- age   2:     921320 bytes,    3162768 total
- age   3:     647432 bytes,    3810200 total
- age   4:    2150168 bytes,    5960368 total
- age   5:    5587728 bytes,   11548096 total
- age   6:     800824 bytes,   12348920 total
- age   7:     565928 bytes,   12914848 total
- age   8:     691680 bytes,   13606528 total
- age   9:     768992 bytes,   14375520 total
- age  10:     537752 bytes,   14913272 total
: 434440K->14625K(471872K), 0.0673189 secs] 839194K->419734K(2044736K), 0.0676697 secs]
Total time for which application threads were stopped: 0.0699229 seconds
Application time: 29.4585024 seconds
20332.589: [GC 20332.590: [ParNew
Desired survivor size 48306584 bytes, new threshold 10 (max 10)
- age   1:    1429872 bytes,    1429872 total
- age   2:     576600 bytes,    2006472 total
- age   3:     841432 bytes,    2847904 total
- age   4:     646192 bytes,    3494096 total
- age   5:    2081888 bytes,    5575984 total
- age   6:    5413432 bytes,   10989416 total
- age   7:     795896 bytes,   11785312 total
- age   8:     513648 bytes,   12298960 total
- age   9:     691344 bytes,   12990304 total
- age  10:     768992 bytes,   13759296 total
: 434073K->13500K(471872K), 0.0729047 secs] 839183K->419135K(2044736K), 0.0738059 secs]
Total time for which application threads were stopped: 0.0760970 seconds
Application time: 51.8970370 seconds
20384.563: [GC 20384.563: [ParNew
Desired survivor size 48306584 bytes, new threshold 10 (max 10)
- age   1:   20609976 bytes,   20609976 total
- age   2:     301824 bytes,   20911800 total
- age   3:     573768 bytes,   21485568 total
- age   4:     719896 bytes,   22205464 total
- age   5:     577976 bytes,   22783440 total
- age   6:    1983528 bytes,   24766968 total
- age   7:    5400136 bytes,   30167104 total
- age   8:     794584 bytes,   30961688 total
- age   9:     512968 bytes,   31474656 total
- age  10:     691344 bytes,   32166000 total
: 432632K->31465K(471872K), 0.0826058 secs] 838267K->437851K(2044736K), 0.0829519 secs]
Total time for which application threads were stopped: 0.0851336 seconds
Application time: 34.5224049 seconds
20419.170: [GC 20419.170: [ParNew
Desired survivor size 48306584 bytes, new threshold 10 (max 10)
- age   1:    9140168 bytes,    9140168 total
- age   2:     554104 bytes,    9694272 total
- age   3:     295544 bytes,    9989816 total
- age   4:     569208 bytes,   10559024 total
- age   5:     656608 bytes,   11215632 total
- age   6:     566720 bytes,   11782352 total
- age   7:    1980624 bytes,   13762976 total
- age   8:    5395120 bytes,   19158096 total
- age   9:     789248 bytes,   19947344 total
- age  10:     509008 bytes,   20456352 total
: 450921K->20030K(471872K), 0.0643083 secs] 857307K->427084K(2044736K), 0.0647050 secs]
Total time for which application threads were stopped: 0.0671238 seconds
Application time: 14.1274736 seconds
20433.365: [GC 20433.365: [ParNew
Desired survivor size 48306584 bytes, new threshold 10 (max 10)
- age   1:    4753424 bytes,    4753424 total
- age   2:    3924016 bytes,    8677440 total
- age   3:     443968 bytes,    9121408 total
- age   4:     167888 bytes,    9289296 total
- age   5:     569152 bytes,    9858448 total
- age   6:     656608 bytes,   10515056 total
- age   7:     566720 bytes,   11081776 total
- age   8:    1021416 bytes,   12103192 total
- age   9:    4056968 bytes,   16160160 total
- age  10:     789104 bytes,   16949264 total
: 439486K->16602K(471872K), 0.0624022 secs] 846540K->424153K(2044736K), 0.0627637 secs]
Total time for which application threads were stopped: 0.0650639 seconds
Application time: 46.4878988 seconds
20479.918: [GC 20479.918: [ParNew
Desired survivor size 48306584 bytes, new threshold 10 (max 10)
- age   1:    2739480 bytes,    2739480 total
- age   2:    3322896 bytes,    6062376 total
- age   3:    3507152 bytes,    9569528 total
- age   4:     443584 bytes,   10013112 total
- age   5:     167888 bytes,   10181000 total
- age   6:     569152 bytes,   10750152 total
- age   7:     655984 bytes,   11406136 total
- age   8:     562944 bytes,   11969080 total
- age   9:    1018504 bytes,   12987584 total
- age  10:    3995984 bytes,   16983568 total
: 436049K->16638K(471872K), 0.0806396 secs] 843600K->424882K(2044736K), 0.0810212 secs]
Total time for which application threads were stopped: 0.0834551 seconds
Application time: 57.5721615 seconds
20537.574: [GC 20537.574: [ParNew
Desired survivor size 48306584 bytes, new threshold 10 (max 10)
- age   1:    9521576 bytes,    9521576 total
- age   2:     929144 bytes,   10450720 total
- age   3:    3224544 bytes,   13675264 total
- age   4:     919752 bytes,   14595016 total
- age   5:     427064 bytes,   15022080 total
- age   6:     148488 bytes,   15170568 total
- age   7:     437952 bytes,   15608520 total
- age   8:     634144 bytes,   16242664 total
- age   9:     552768 bytes,   16795432 total
- age  10:    1014952 bytes,   17810384 total
: 436094K->17440K(471872K), 0.0688520 secs] 844338K->426535K(2044736K), 0.0691934 secs]
Total time for which application threads were stopped: 0.0713528 seconds
Application time: 6.7160400 seconds
20544.361: [GC 20544.361: [ParNew
Desired survivor size 48306584 bytes, new threshold 10 (max 10)
- age   1:    5074096 bytes,    5074096 total
- age   2:    7520040 bytes,   12594136 total
- age   3:     856640 bytes,   13450776 total
- age   4:     987528 bytes,   14438304 total
- age   5:     919752 bytes,   15358056 total
- age   6:     427064 bytes,   15785120 total
- age   7:     148488 bytes,   15933608 total
- age   8:     423928 bytes,   16357536 total
- age   9:     633360 bytes,   16990896 total
- age  10:     533280 bytes,   17524176 total
: 436896K->17162K(471872K), 0.0742053 secs] 845991K->426395K(2044736K), 0.0745481 secs]
Total time for which application threads were stopped: 0.0767820 seconds
Application time: 26.8064619 seconds
20571.244: [GC 20571.244: [ParNew
Desired survivor size 48306584 bytes, new threshold 10 (max 10)
- age   1:    6459784 bytes,    6459784 total
- age   2:    2227560 bytes,    8687344 total
- age   3:    4310624 bytes,   12997968 total
- age   4:     623072 bytes,   13621040 total
- age   5:     987528 bytes,   14608568 total
- age   6:     919752 bytes,   15528320 total
- age   7:     426448 bytes,   15954768 total
- age   8:     148488 bytes,   16103256 total
- age   9:     294824 bytes,   16398080 total
- age  10:     622912 bytes,   17020992 total
: 436618K->16675K(471872K), 0.0721207 secs] 845851K->426308K(2044736K), 0.0724476 secs]
Total time for which application threads were stopped: 0.0745942 seconds
Application time: 12.4754104 seconds
20583.794: [GC 20583.795: [ParNew
Desired survivor size 48306584 bytes, new threshold 10 (max 10)
- age   1:    6322576 bytes,    6322576 total
- age   2:    4556264 bytes,   10878840 total
- age   3:     988632 bytes,   11867472 total
- age   4:    4287168 bytes,   16154640 total
- age   5:     623072 bytes,   16777712 total
- age   6:     987528 bytes,   17765240 total
- age   7:     919752 bytes,   18684992 total
- age   8:     426448 bytes,   19111440 total
- age   9:     148488 bytes,   19259928 total
- age  10:     293368 bytes,   19553296 total
: 436013K->19153K(471872K), 0.0808369 secs] 845646K->429394K(2044736K), 0.0811683 secs]
Total time for which application threads were stopped: 0.0834184 seconds
Application time: 50.1093193 seconds
20633.987: [GC 20633.987: [ParNew
Desired survivor size 48306584 bytes, new threshold 10 (max 10)
- age   1:   16261048 bytes,   16261048 total
- age   2:    2163656 bytes,   18424704 total
- age   3:    4234344 bytes,   22659048 total
- age   4:     885104 bytes,   23544152 total
- age   5:    1206192 bytes,   24750344 total
- age   6:     622448 bytes,   25372792 total
- age   7:     987528 bytes,   26360320 total
- age   8:     919752 bytes,   27280072 total
- age   9:     368968 bytes,   27649040 total
- age  10:     140312 bytes,   27789352 total
: 438459K->27192K(471872K), 0.0661782 secs] 848700K->437716K(2044736K), 0.0664981 secs]
Total time for which application threads were stopped: 0.0685467 seconds
Application time: 35.7156611 seconds
20669.771: [GC 20669.772: [ParNew
Desired survivor size 48306584 bytes, new threshold 10 (max 10)
- age   1:    9323096 bytes,    9323096 total
- age   2:    3847296 bytes,   13170392 total
- age   3:    2162824 bytes,   15333216 total
- age   4:    2542488 bytes,   17875704 total
- age   5:     885104 bytes,   18760808 total
- age   6:    1126360 bytes,   19887168 total
- age   7:     622448 bytes,   20509616 total
- age   8:     987528 bytes,   21497144 total
- age   9:     919752 bytes,   22416896 total
- age  10:     359160 bytes,   22776056 total
: 446641K->22301K(471872K), 0.0660639 secs] 857166K->432962K(2044736K), 0.0663858 secs]
Total time for which application threads were stopped: 0.0686026 seconds
Application time: 11.7966339 seconds
20681.637: [GC 20681.639: [ParNew
Desired survivor size 48306584 bytes, new threshold 10 (max 10)
- age   1:    6327672 bytes,    6327672 total
- age   2:    4014896 bytes,   10342568 total
- age   3:    3846912 bytes,   14189480 total
- age   4:    2154432 bytes,   16343912 total
- age   5:    1205504 bytes,   17549416 total
- age   6:     868288 bytes,   18417704 total
- age   7:    1035000 bytes,   19452704 total
- age   8:     621824 bytes,   20074528 total
- age   9:     987528 bytes,   21062056 total
- age  10:     919752 bytes,   21981808 total
: 441757K->21537K(471872K), 0.0828691 secs] 852418K->432549K(2044736K), 0.0836916 secs]
Total time for which application threads were stopped: 0.0880516 seconds
Application time: 51.7169204 seconds
20733.442: [GC 20733.442: [ParNew
Desired survivor size 48306584 bytes, new threshold 10 (max 10)
- age   1:    1568584 bytes,    1568584 total
- age   2:    4353120 bytes,    5921704 total
- age   3:    3913608 bytes,    9835312 total
- age   4:    3763944 bytes,   13599256 total
- age   5:    2132976 bytes,   15732232 total
- age   6:    1112288 bytes,   16844520 total
- age   7:     863800 bytes,   17708320 total
- age   8:    1030248 bytes,   18738568 total
- age   9:     618024 bytes,   19356592 total
- age  10:     981056 bytes,   20337648 total
: 440987K->19933K(471872K), 0.0721449 secs] 851999K->431840K(2044736K), 0.0724364 secs]
Total time for which application threads were stopped: 0.0745318 seconds
Application time: 46.4339590 seconds
20779.950: [GC 20779.950: [ParNew
Desired survivor size 48306584 bytes, new threshold 10 (max 10)
- age   1:    2263920 bytes,    2263920 total
- age   2:     534424 bytes,    2798344 total
- age   3:    4051456 bytes,    6849800 total
- age   4:    3833104 bytes,   10682904 total
- age   5:    3680440 bytes,   14363344 total
- age   6:    2039952 bytes,   16403296 total
- age   7:    1112288 bytes,   17515584 total
- age   8:     861176 bytes,   18376760 total
- age   9:     971000 bytes,   19347760 total
- age  10:     613080 bytes,   19960840 total
: 439387K->19558K(471872K), 0.0757150 secs] 851293K->432423K(2044736K), 0.0760703 secs]
Total time for which application threads were stopped: 0.0782065 seconds
Application time: 20.8920555 seconds
20800.923: [GC 20800.923: [ParNew
Desired survivor size 48306584 bytes, new threshold 10 (max 10)
- age   1:    5390944 bytes,    5390944 total
- age   2:     865448 bytes,    6256392 total
- age   3:     515016 bytes,    6771408 total
- age   4:    3059360 bytes,    9830768 total
- age   5:    3816528 bytes,   13647296 total
- age   6:    3664200 bytes,   17311496 total
- age   7:    2026960 bytes,   19338456 total
- age   8:    1095992 bytes,   20434448 total
- age   9:     848296 bytes,   21282744 total
- age  10:     945280 bytes,   22228024 total
: 439013K->21775K(471872K), 0.0895587 secs] 851878K->435238K(2044736K), 0.0898725 secs]
Total time for which application threads were stopped: 0.0944217 seconds
Application time: 12.9132099 seconds
20813.929: [GC 20813.929: [ParNew
Desired survivor size 48306584 bytes, new threshold 10 (max 10)
- age   1:    8087272 bytes,    8087272 total
- age   2:    1950072 bytes,   10037344 total
- age   3:     755456 bytes,   10792800 total
- age   4:     514944 bytes,   11307744 total
- age   5:    2686576 bytes,   13994320 total
- age   6:    3816528 bytes,   17810848 total
- age   7:     595056 bytes,   18405904 total
- age   8:     707480 bytes,   19113384 total
- age   9:    1095992 bytes,   20209376 total
- age  10:     848296 bytes,   21057672 total
: 441231K->20638K(471872K), 0.1090770 secs] 854694K->435009K(2044736K), 0.1094361 secs]
Total time for which application threads were stopped: 0.1122702 seconds
Application time: 10.7014614 seconds
20824.742: [GC 20824.742: [ParNew
Desired survivor size 48306584 bytes, new threshold 10 (max 10)
- age   1:   10641184 bytes,   10641184 total
- age   2:    5494552 bytes,   16135736 total
- age   3:     851672 bytes,   16987408 total
- age   4:     755456 bytes,   17742864 total
- age   5:     513208 bytes,   18256072 total
- age   6:    2230000 bytes,   20486072 total
- age   7:     983504 bytes,   21469576 total
- age   8:     595056 bytes,   22064632 total
- age   9:     707480 bytes,   22772112 total
- age  10:    1095992 bytes,   23868104 total
: 440094K->23378K(471872K), 0.0910090 secs] 854465K->438578K(2044736K), 0.0913385 secs]
Total time for which application threads were stopped: 0.0935737 seconds
Application time: 6.7466563 seconds
20831.583: [GC 20831.583: [ParNew
Desired survivor size 48306584 bytes, new threshold 10 (max 10)
- age   1:    7676584 bytes,    7676584 total
- age   2:    3820664 bytes,   11497248 total
- age   3:    4491888 bytes,   15989136 total
- age   4:     851672 bytes,   16840808 total
- age   5:     753016 bytes,   17593824 total
- age   6:     495984 bytes,   18089808 total
- age   7:    2115976 bytes,   20205784 total
- age   8:     983504 bytes,   21189288 total
- age   9:     595056 bytes,   21784344 total
- age  10:     707480 bytes,   22491824 total
: 442702K->22040K(471872K), 0.1049579 secs] 857902K->438309K(2044736K), 0.1052554 secs]
Total time for which application threads were stopped: 0.1079114 seconds
Application time: 3.7992382 seconds
20835.490: [GC 20835.490: [ParNew
Desired survivor size 48306584 bytes, new threshold 10 (max 10)
- age   1:    4795200 bytes,    4795200 total
- age   2:    3754360 bytes,    8549560 total
- age   3:    3646784 bytes,   12196344 total
- age   4:    4071200 bytes,   16267544 total
- age   5:     851728 bytes,   17119272 total
- age   6:     752216 bytes,   17871488 total
- age   7:     496040 bytes,   18367528 total
- age   8:    2115904 bytes,   20483432 total
- age   9:     983504 bytes,   21466936 total
- age  10:     595112 bytes,   22062048 total
: 441496K->21621K(471872K), 0.1025626 secs] 857765K->438565K(2044736K), 0.1028986 secs]
Total time for which application threads were stopped: 0.1051237 seconds
Application time: 2.3760049 seconds
20837.974: [GC 20837.974: [ParNew
Desired survivor size 48306584 bytes, new threshold 10 (max 10)
- age   1:    6110360 bytes,    6110360 total
- age   2:    2336856 bytes,    8447216 total
- age   3:    2228768 bytes,   10675984 total
- age   4:    3628424 bytes,   14304408 total
- age   5:    4066384 bytes,   18370792 total
- age   6:     851672 bytes,   19222464 total
- age   7:     751888 bytes,   19974352 total
- age   8:     495984 bytes,   20470336 total
- age   9:    2115904 bytes,   22586240 total
- age  10:     983504 bytes,   23569744 total
: 441077K->23106K(471872K), 0.1172787 secs] 858021K->440631K(2044736K), 0.1177124 secs]
Total time for which application threads were stopped: 0.1232552 seconds
Application time: 5.1398555 seconds
20843.234: [GC 20843.234: [ParNew
Desired survivor size 48306584 bytes, new threshold 10 (max 10)
- age   1:    4151336 bytes,    4151336 total
- age   2:    2037512 bytes,    6188848 total
- age   3:    1548680 bytes,    7737528 total
- age   4:    2171064 bytes,    9908592 total
- age   5:    3613272 bytes,   13521864 total
- age   6:    3974280 bytes,   17496144 total
- age   7:     851672 bytes,   18347816 total
- age   8:     751920 bytes,   19099736 total
- age   9:     495984 bytes,   19595720 total
- age  10:    2115832 bytes,   21711552 total
: 442562K->21292K(471872K), 0.1286090 secs] 860087K->439699K(2044736K), 0.1289533 secs]
Total time for which application threads were stopped: 0.1312602 seconds
Application time: 6.2720403 seconds
20849.638: [GC 20849.640: [ParNew
Desired survivor size 48306584 bytes, new threshold 10 (max 10)
- age   1:    6458824 bytes,    6458824 total
- age   2:    1801640 bytes,    8260464 total
- age   3:    2028608 bytes,   10289072 total
- age   4:    1532064 bytes,   11821136 total
- age   5:    2089992 bytes,   13911128 total
- age   6:    3603704 bytes,   17514832 total
- age   7:     791040 bytes,   18305872 total
- age   8:     851672 bytes,   19157544 total
- age   9:     751888 bytes,   19909432 total
- age  10:     495984 bytes,   20405416 total
: 440736K->20014K(471872K), 0.1093944 secs] 859143K->440488K(2044736K), 0.1097074 secs]
Total time for which application threads were stopped: 0.1139483 seconds
Application time: 35.6570692 seconds
20885.409: [GC 20885.409: [ParNew
Desired survivor size 48306584 bytes, new threshold 10 (max 10)
- age   1:    5247136 bytes,    5247136 total
- age   2:    5258984 bytes,   10506120 total
- age   3:    1092488 bytes,   11598608 total
- age   4:    1638240 bytes,   13236848 total
- age   5:     940376 bytes,   14177224 total
- age   6:    2089992 bytes,   16267216 total
- age   7:    3603336 bytes,   19870552 total
- age   8:     791040 bytes,   20661592 total
- age   9:     851544 bytes,   21513136 total
- age  10:     751560 bytes,   22264696 total
: 439456K->21836K(471872K), 0.0933129 secs] 859930K->442794K(2044736K), 0.0942002 secs]
Total time for which application threads were stopped: 0.0969792 seconds
Application time: 9.6644205 seconds
20895.170: [GC 20895.170: [ParNew
Desired survivor size 48306584 bytes, new threshold 10 (max 10)
- age   1:    2798192 bytes,    2798192 total
- age   2:    2791512 bytes,    5589704 total
- age   3:    4248264 bytes,    9837968 total
- age   4:     978520 bytes,   10816488 total
- age   5:    1638240 bytes,   12454728 total
- age   6:     940376 bytes,   13395104 total
- age   7:    2087552 bytes,   15482656 total
- age   8:    3603336 bytes,   19085992 total
- age   9:     791040 bytes,   19877032 total
- age  10:     851544 bytes,   20728576 total
: 441292K->20332K(471872K), 0.0950215 secs] 862250K->442026K(2044736K), 0.0953336 secs]
Total time for which application threads were stopped: 0.0974216 seconds
Application time: 18.1443945 seconds
20913.418: [GC 20913.418: [ParNew
Desired survivor size 48306584 bytes, new threshold 10 (max 10)
- age   1:    9802048 bytes,    9802048 total
- age   2:    1912728 bytes,   11714776 total
- age   3:    1156248 bytes,   12871024 total
- age   4:    1152888 bytes,   14023912 total
- age   5:     880160 bytes,   14904072 total
- age   6:    1575408 bytes,   16479480 total
- age   7:     940056 bytes,   17419536 total
- age   8:    2025272 bytes,   19444808 total
- age   9:    3603192 bytes,   23048000 total
- age  10:     790712 bytes,   23838712 total
: 439783K->23368K(471872K), 0.0885259 secs] 861477K->445817K(2044736K), 0.0888945 secs]
Total time for which application threads were stopped: 0.0971294 seconds
Application time: 7.9519403 seconds
20921.464: [GC 20921.464: [ParNew
Desired survivor size 48306584 bytes, new threshold 10 (max 10)
- age   1:    5279768 bytes,    5279768 total
- age   2:    5486856 bytes,   10766624 total
- age   3:     818816 bytes,   11585440 total
- age   4:    1079312 bytes,   12664752 total
- age   5:     951984 bytes,   13616736 total
- age   6:     880160 bytes,   14496896 total
- age   7:    1575408 bytes,   16072304 total
- age   8:     940056 bytes,   17012360 total
- age   9:    2025272 bytes,   19037632 total
- age  10:    3603192 bytes,   22640824 total
: 442824K->22203K(471872K), 0.0968122 secs] 865273K->445428K(2044736K), 0.0972538 secs]
Total time for which application threads were stopped: 0.1024914 seconds
Application time: 34.0325641 seconds
20955.596: [GC 20955.596: [ParNew
Desired survivor size 48306584 bytes, new threshold 10 (max 10)
- age   1:    6414632 bytes,    6414632 total
- age   2:    1946784 bytes,    8361416 total
- age   3:    2419144 bytes,   10780560 total
- age   4:     642512 bytes,   11423072 total
- age   5:    1022056 bytes,   12445128 total
- age   6:     951984 bytes,   13397112 total
- age   7:     880160 bytes,   14277272 total
- age   8:    1575408 bytes,   15852680 total
- age   9:     940056 bytes,   16792736 total
- age  10:    2025272 bytes,   18818008 total
: 441659K->18466K(471872K), 0.0926196 secs] 864884K->445211K(2044736K), 0.0929556 secs]
Total time for which application threads were stopped: 0.0951075 seconds
Application time: 14.8024969 seconds
20970.494: [GC 20970.494: [ParNew
Desired survivor size 48306584 bytes, new threshold 10 (max 10)
- age   1:    7404096 bytes,    7404096 total
- age   2:    4822224 bytes,   12226320 total
- age   3:    1363368 bytes,   13589688 total
- age   4:    1079576 bytes,   14669264 total
- age   5:     641448 bytes,   15310712 total
- age   6:    1022056 bytes,   16332768 total
- age   7:     951984 bytes,   17284752 total
- age   8:     880160 bytes,   18164912 total
- age   9:    1575408 bytes,   19740320 total
- age  10:     940056 bytes,   20680376 total
: 437756K->20299K(471872K), 0.1147479 secs] 864502K->449024K(2044736K), 0.1150478 secs]
Total time for which application threads were stopped: 0.1172491 seconds
Application time: 10.1223630 seconds
20980.734: [GC 20980.734: [ParNew
Desired survivor size 48306584 bytes, new threshold 10 (max 10)
- age   1:    8148784 bytes,    8148784 total
- age   2:    6310256 bytes,   14459040 total
- age   3:    4171856 bytes,   18630896 total
- age   4:     984576 bytes,   19615472 total
- age   5:    1075360 bytes,   20690832 total
- age   6:     588768 bytes,   21279600 total
- age   7:    1022056 bytes,   22301656 total
- age   8:     951984 bytes,   23253640 total
- age   9:     880144 bytes,   24133784 total
- age  10:    1575408 bytes,   25709192 total
: 439716K->25208K(471872K), 0.1104741 secs] 868441K->454853K(2044736K), 0.1108491 secs]
Total time for which application threads were stopped: 0.1133963 seconds
Application time: 14.2277848 seconds
20995.075: [GC 20995.075: [ParNew
Desired survivor size 48306584 bytes, new threshold 10 (max 10)
- age   1:    6500304 bytes,    6500304 total
- age   2:    1423104 bytes,    7923408 total
- age   3:    5660800 bytes,   13584208 total
- age   4:    1052064 bytes,   14636272 total
- age   5:     984544 bytes,   15620816 total
- age   6:     915240 bytes,   16536056 total
- age   7:     588608 bytes,   17124664 total
- age   8:    1021984 bytes,   18146648 total
- age   9:     951656 bytes,   19098304 total
- age  10:     880144 bytes,   19978448 total
: 444664K->19606K(471872K), 0.1126677 secs] 874309K->450791K(2044736K), 0.1130154 secs]
Total time for which application threads were stopped: 0.1154765 seconds
Application time: 12.8072962 seconds
21007.999: [GC 21007.999: [ParNew
Desired survivor size 48306584 bytes, new threshold 10 (max 10)
- age   1:   16652824 bytes,   16652824 total
- age   2:    2006936 bytes,   18659760 total
- age   3:    1422112 bytes,   20081872 total
- age   4:    4684072 bytes,   24765944 total
- age   5:    1049568 bytes,   25815512 total
- age   6:     957248 bytes,   26772760 total
- age   7:     880200 bytes,   27652960 total
- age   8:     588608 bytes,   28241568 total
- age   9:    1021984 bytes,   29263552 total
- age  10:     951168 bytes,   30214720 total
: 438952K->29619K(471872K), 0.1119449 secs] 870136K->461666K(2044736K), 0.1122889 secs]
Total time for which application threads were stopped: 0.1161647 seconds
Application time: 14.8712487 seconds
21022.985: [GC 21022.985: [ParNew
Desired survivor size 48306584 bytes, new threshold 10 (max 10)
- age   1:    9903680 bytes,    9903680 total
- age   2:    5949576 bytes,   15853256 total
- age   3:    1988640 bytes,   17841896 total
- age   4:    1052440 bytes,   18894336 total
- age   5:    3337320 bytes,   22231656 total
- age   6:    1038832 bytes,   23270488 total
- age   7:     749240 bytes,   24019728 total
- age   8:     880200 bytes,   24899928 total
- age   9:     588608 bytes,   25488536 total
- age  10:    1021984 bytes,   26510520 total
: 449066K->25999K(471872K), 0.0957802 secs] 881113K->458970K(2044736K), 0.0961177 secs]
Total time for which application threads were stopped: 0.0983493 seconds
Application time: 40.0918853 seconds
21063.175: [GC 21063.176: [ParNew
Desired survivor size 48306584 bytes, new threshold 10 (max 10)
- age   1:    3898792 bytes,    3898792 total
- age   2:    3098328 bytes,    6997120 total
- age   3:    5867424 bytes,   12864544 total
- age   4:    1855304 bytes,   14719848 total
- age   5:    1049536 bytes,   15769384 total
- age   6:    3335736 bytes,   19105120 total
- age   7:     987592 bytes,   20092712 total
- age   8:     681136 bytes,   20773848 total
- age   9:     817936 bytes,   21591784 total
- age  10:     535168 bytes,   22126952 total
: 445455K->21713K(471872K), 0.1197357 secs] 878426K->455578K(2044736K), 0.1202058 secs]
Total time for which application threads were stopped: 0.1226401 seconds
Application time: 20.5295754 seconds
21083.849: [GC 21083.849: [ParNew
Desired survivor size 48306584 bytes, new threshold 10 (max 10)
- age   1:    7860440 bytes,    7860440 total
- age   2:    1298240 bytes,    9158680 total
- age   3:    3013464 bytes,   12172144 total
- age   4:    2259000 bytes,   14431144 total
- age   5:    1751312 bytes,   16182456 total
- age   6:     978440 bytes,   17160896 total
- age   7:    3324904 bytes,   20485800 total
- age   8:     974712 bytes,   21460512 total
- age   9:     669824 bytes,   22130336 total
- age  10:     792320 bytes,   22922656 total
: 441117K->22483K(471872K), 0.1140893 secs] 874982K->456859K(2044736K), 0.1148910 secs]
Total time for which application threads were stopped: 0.1382646 seconds
Application time: 7.0207661 seconds
21090.986: [GC 21090.987: [ParNew
Desired survivor size 48306584 bytes, new threshold 10 (max 10)
- age   1:    7081832 bytes,    7081832 total
- age   2:    5112056 bytes,   12193888 total
- age   3:    1036448 bytes,   13230336 total
- age   4:    1951792 bytes,   15182128 total
- age   5:    1825512 bytes,   17007640 total
- age   6:    1751312 bytes,   18758952 total
- age   7:     978440 bytes,   19737392 total
- age   8:    3324904 bytes,   23062296 total
- age   9:     974872 bytes,   24037168 total
- age  10:     669824 bytes,   24706992 total
: 441939K->24232K(471872K), 0.1050748 secs] 876315K->459381K(2044736K), 0.1054024 secs]
Total time for which application threads were stopped: 0.1075301 seconds
Application time: 12.4535301 seconds
21103.548: [GC 21103.548: [ParNew
Desired survivor size 48306584 bytes, new threshold 10 (max 10)
- age   1:    3949800 bytes,    3949800 total
- age   2:    5346104 bytes,    9295904 total
- age   3:    4957360 bytes,   14253264 total
- age   4:     927048 bytes,   15180312 total
- age   5:    1436736 bytes,   16617048 total
- age   6:    1825432 bytes,   18442480 total
- age   7:    1670072 bytes,   20112552 total
- age   8:     978440 bytes,   21090992 total
- age   9:    3324904 bytes,   24415896 total
- age  10:     800912 bytes,   25216808 total
: 443671K->24727K(471872K), 0.1264200 secs] 878821K->460531K(2044736K), 0.1267418 secs]
Total time for which application threads were stopped: 0.1290619 seconds
Application time: 24.7712742 seconds
21128.449: [GC 21128.449: [ParNew
Desired survivor size 48306584 bytes, new threshold 10 (max 10)
- age   1:    7988608 bytes,    7988608 total
- age   2:    1341384 bytes,    9329992 total
- age   3:    5274184 bytes,   14604176 total
- age   4:    4873912 bytes,   19478088 total
- age   5:     897712 bytes,   20375800 total
- age   6:    1436736 bytes,   21812536 total
- age   7:    1825176 bytes,   23637712 total
- age   8:    1669744 bytes,   25307456 total
- age   9:     978440 bytes,   26285896 total
- age  10:    3317640 bytes,   29603536 total
: 444183K->29008K(471872K), 0.1227786 secs] 879987K->465595K(2044736K), 0.1231270 secs]
Total time for which application threads were stopped: 0.1264117 seconds
Application time: 37.7839988 seconds
21166.358: [GC 21166.359: [ParNew
Desired survivor size 48306584 bytes, new threshold 10 (max 10)
- age   1:    6091008 bytes,    6091008 total
- age   2:     761944 bytes,    6852952 total
- age   3:    1323224 bytes,    8176176 total
- age   4:    2648208 bytes,   10824384 total
- age   5:    4640344 bytes,   15464728 total
- age   6:     736320 bytes,   16201048 total
- age   7:    1240400 bytes,   17441448 total
- age   8:    1762800 bytes,   19204248 total
- age   9:    1669744 bytes,   20873992 total
- age  10:     978440 bytes,   21852432 total
: 448433K->21420K(471872K), 0.1206631 secs] 885019K->461246K(2044736K), 0.1209624 secs]
Total time for which application threads were stopped: 0.1231305 seconds
Application time: 7.6534155 seconds
21174.135: [GC 21174.135: [ParNew
Desired survivor size 48306584 bytes, new threshold 10 (max 10)
- age   1:    4670648 bytes,    4670648 total
- age   2:    4133056 bytes,    8803704 total
- age   3:     760880 bytes,    9564584 total
- age   4:     955104 bytes,   10519688 total
- age   5:    1235088 bytes,   11754776 total
- age   6:    4050984 bytes,   15805760 total
- age   7:     736048 bytes,   16541808 total
- age   8:    1240400 bytes,   17782208 total
- age   9:    1762800 bytes,   19545008 total
- age  10:    1669744 bytes,   21214752 total
: 440876K->20798K(471872K), 0.0867860 secs] 880702K->461580K(2044736K), 0.0871057 secs]
Total time for which application threads were stopped: 0.0892282 seconds
Application time: 42.2990347 seconds
21216.524: [GC 21216.524: [ParNew
Desired survivor size 48306584 bytes, new threshold 10 (max 10)
- age   1:    6562456 bytes,    6562456 total
- age   2:    3075608 bytes,    9638064 total
- age   3:    4032344 bytes,   13670408 total
- age   4:     758440 bytes,   14428848 total
- age   5:     954976 bytes,   15383824 total
- age   6:    1232328 bytes,   16616152 total
- age   7:     736808 bytes,   17352960 total
- age   8:     735560 bytes,   18088520 total
- age   9:    1240128 bytes,   19328648 total
- age  10:    1762800 bytes,   21091448 total
: 440254K->20668K(471872K), 0.1033218 secs] 881036K->463080K(2044736K), 0.1036714 secs]
Total time for which application threads were stopped: 0.1061120 seconds
Application time: 30.4662962 seconds
21247.096: [GC 21247.096: [ParNew
Desired survivor size 48306584 bytes, new threshold 10 (max 10)
- age   1:   15381592 bytes,   15381592 total
- age   2:    3812568 bytes,   19194160 total
- age   3:    3057400 bytes,   22251560 total
- age   4:    4032344 bytes,   26283904 total
- age   5:     678000 bytes,   26961904 total
- age   6:     954976 bytes,   27916880 total
- age   7:    1232328 bytes,   29149208 total
- age   8:     736808 bytes,   29886016 total
- age   9:     735560 bytes,   30621576 total
- age  10:    1240128 bytes,   31861704 total
: 439972K->31178K(471872K), 0.0906514 secs] 882384K->475311K(2044736K), 0.0910434 secs]
Total time for which application threads were stopped: 0.0934727 seconds
Application time: 25.7875724 seconds
21272.977: [GC 21272.977: [ParNew
Desired survivor size 48306584 bytes, new threshold 10 (max 10)
- age   1:    7799512 bytes,    7799512 total
- age   2:     646376 bytes,    8445888 total
- age   3:     638240 bytes,    9084128 total
- age   4:    2976848 bytes,   12060976 total
- age   5:    1601464 bytes,   13662440 total
- age   6:     678000 bytes,   14340440 total
- age   7:     954488 bytes,   15294928 total
- age   8:    1232312 bytes,   16527240 total
- age   9:     736808 bytes,   17264048 total
- age  10:     735432 bytes,   17999480 total
: 450634K->17637K(471872K), 0.0715960 secs] 894767K->462921K(2044736K), 0.0719272 secs]
Total time for which application threads were stopped: 0.0741546 seconds
Application time: 7.7403339 seconds
21280.792: [GC 21280.793: [ParNew
Desired survivor size 48306584 bytes, new threshold 10 (max 10)
- age   1:    4518392 bytes,    4518392 total
- age   2:    5884568 bytes,   10402960 total
- age   3:     646376 bytes,   11049336 total
- age   4:     594112 bytes,   11643448 total
- age   5:     985936 bytes,   12629384 total
- age   6:    1601464 bytes,   14230848 total
- age   7:     678000 bytes,   14908848 total
- age   8:     954488 bytes,   15863336 total
- age   9:    1232312 bytes,   17095648 total
- age  10:     736808 bytes,   17832456 total
: 437073K->17471K(471872K), 0.0872192 secs] 882357K->463420K(2044736K), 0.0875932 secs]
Total time for which application threads were stopped: 0.0907367 seconds
Application time: 12.0767323 seconds
21292.959: [GC 21292.959: [ParNew
Desired survivor size 48306584 bytes, new threshold 10 (max 10)
- age   1:   11565976 bytes,   11565976 total
- age   2:    2767672 bytes,   14333648 total
- age   3:    5875112 bytes,   20208760 total
- age   4:     536448 bytes,   20745208 total
- age   5:     575936 bytes,   21321144 total
- age   6:     797728 bytes,   22118872 total
- age   7:    1601464 bytes,   23720336 total
- age   8:     678000 bytes,   24398336 total
- age   9:     926928 bytes,   25325264 total
- age  10:     965776 bytes,   26291040 total
: 436778K->25734K(471872K), 0.0898321 secs] 882727K->472405K(2044736K), 0.0902149 secs]
Total time for which application threads were stopped: 0.0927737 seconds
Application time: 21.8474001 seconds
21314.899: [GC 21314.900: [ParNew
Desired survivor size 48306584 bytes, new threshold 10 (max 10)
- age   1:    2835736 bytes,    2835736 total
- age   2:    1121512 bytes,    3957248 total
- age   3:    2687088 bytes,    6644336 total
- age   4:    5771768 bytes,   12416104 total
- age   5:     453480 bytes,   12869584 total
- age   6:     575936 bytes,   13445520 total
- age   7:     797728 bytes,   14243248 total
- age   8:    1601464 bytes,   15844712 total
- age   9:     674584 bytes,   16519296 total
- age  10:     865888 bytes,   17385184 total
: 445190K->17030K(471872K), 0.0683724 secs] 891861K->464647K(2044736K), 0.0693546 secs]
Total time for which application threads were stopped: 0.0721359 seconds
Application time: 54.6820707 seconds
21369.654: [GC 21369.654: [ParNew
Desired survivor size 48306584 bytes, new threshold 10 (max 10)
- age   1:    7468248 bytes,    7468248 total
- age   2:     524432 bytes,    7992680 total
- age   3:    1090104 bytes,    9082784 total
- age   4:    2613432 bytes,   11696216 total
- age   5:    2613512 bytes,   14309728 total
- age   6:     429544 bytes,   14739272 total
- age   7:     555376 bytes,   15294648 total
- age   8:     780040 bytes,   16074688 total
- age   9:    1500032 bytes,   17574720 total
- age  10:     630960 bytes,   18205680 total
: 436486K->17831K(471872K), 0.0810873 secs] 884103K->466170K(2044736K), 0.0814716 secs]
Total time for which application threads were stopped: 0.0842231 seconds
Application time: 13.6061075 seconds
21383.344: [GC 21383.344: [ParNew
Desired survivor size 48306584 bytes, new threshold 10 (max 10)
- age   1:    6198064 bytes,    6198064 total
- age   2:    4472712 bytes,   10670776 total
- age   3:     523808 bytes,   11194584 total
- age   4:    1089088 bytes,   12283672 total
- age   5:    1639776 bytes,   13923448 total
- age   6:    2572496 bytes,   16495944 total
- age   7:     429544 bytes,   16925488 total
- age   8:     555376 bytes,   17480864 total
- age   9:     780040 bytes,   18260904 total
- age  10:    1500032 bytes,   19760936 total
: 437287K->19367K(471872K), 0.0843098 secs] 885626K->468315K(2044736K), 0.0845975 secs]
Total time for which application threads were stopped: 0.0868982 seconds
Application time: 13.2122951 seconds
21396.643: [GC 21396.645: [ParNew
Desired survivor size 48306584 bytes, new threshold 10 (max 10)
- age   1:    6110576 bytes,    6110576 total
- age   2:    3337248 bytes,    9447824 total
- age   3:    4051048 bytes,   13498872 total
- age   4:     519920 bytes,   14018792 total
- age   5:     525488 bytes,   14544280 total
- age   6:     691696 bytes,   15235976 total
- age   7:    2572496 bytes,   17808472 total
- age   8:     429544 bytes,   18238016 total
- age   9:     555376 bytes,   18793392 total
- age  10:     780040 bytes,   19573432 total
: 438767K->19189K(471872K), 0.0870180 secs] 887715K->469602K(2044736K), 0.0873367 secs]
Total time for which application threads were stopped: 0.0911352 seconds
Application time: 22.2291315 seconds
21418.964: [GC 21418.964: [ParNew
Desired survivor size 48306584 bytes, new threshold 10 (max 10)
- age   1:    4779088 bytes,    4779088 total
- age   2:    3223496 bytes,    8002584 total
- age   3:    3049664 bytes,   11052248 total
- age   4:    3966200 bytes,   15018448 total
- age   5:     519360 bytes,   15537808 total
- age   6:     516568 bytes,   16054376 total
- age   7:     621112 bytes,   16675488 total
- age   8:    2572496 bytes,   19247984 total
- age   9:     429416 bytes,   19677400 total
- age  10:     555376 bytes,   20232776 total
: 438645K->19821K(471872K), 0.0760441 secs] 889058K->470996K(2044736K), 0.0763665 secs]
Total time for which application threads were stopped: 0.0786162 seconds
Application time: 48.8090301 seconds
21467.852: [GC 21467.852: [ParNew
Desired survivor size 48306584 bytes, new threshold 10 (max 10)
- age   1:    6510488 bytes,    6510488 total
- age   2:     686912 bytes,    7197400 total
- age   3:    2851600 bytes,   10049000 total
- age   4:    2068376 bytes,   12117376 total
- age   5:    3826160 bytes,   15943536 total
- age   6:     439544 bytes,   16383080 total
- age   7:     516568 bytes,   16899648 total
- age   8:     620048 bytes,   17519696 total
- age   9:    2572496 bytes,   20092192 total
- age  10:     349048 bytes,   20441240 total
: 439277K->20039K(471872K), 0.0802750 secs] 890452K->471757K(2044736K), 0.0806030 secs]
Total time for which application threads were stopped: 0.0834557 seconds
Application time: 11.2214085 seconds
21479.156: [GC 21479.157: [ParNew
Desired survivor size 48306584 bytes, new threshold 10 (max 10)
- age   1:   16359128 bytes,   16359128 total
- age   2:    2544968 bytes,   18904096 total
- age   3:     669688 bytes,   19573784 total
- age   4:    1926856 bytes,   21500640 total
- age   5:    2068376 bytes,   23569016 total
- age   6:    3826160 bytes,   27395176 total
- age   7:     439544 bytes,   27834720 total
- age   8:     516504 bytes,   28351224 total
- age   9:     620048 bytes,   28971272 total
- age  10:    2572496 bytes,   31543768 total
: 439173K->30874K(471872K), 0.0837886 secs] 890891K->482933K(2044736K), 0.0841236 secs]
Total time for which application threads were stopped: 0.0865745 seconds
Application time: 46.9765926 seconds
21526.220: [GC 21526.220: [ParNew
Desired survivor size 48306584 bytes, new threshold 10 (max 10)
- age   1:    6083160 bytes,    6083160 total
- age   2:    1611280 bytes,    7694440 total
- age   3:    2335952 bytes,   10030392 total
- age   4:     588992 bytes,   10619384 total
- age   5:    1926856 bytes,   12546240 total
- age   6:    2068048 bytes,   14614288 total
- age   7:     764552 bytes,   15378840 total
- age   8:     407080 bytes,   15785920 total
- age   9:     516504 bytes,   16302424 total
- age  10:     620048 bytes,   16922472 total
: 450327K->16601K(471872K), 0.0882805 secs] 902385K->471172K(2044736K), 0.0886042 secs]
Total time for which application threads were stopped: 0.0910424 seconds
Application time: 13.6917816 seconds
21540.003: [GC 21540.003: [ParNew
Desired survivor size 48306584 bytes, new threshold 10 (max 10)
- age   1:    2806200 bytes,    2806200 total
- age   2:    3959488 bytes,    6765688 total
- age   3:    1610656 bytes,    8376344 total
- age   4:    2249512 bytes,   10625856 total
- age   5:     588304 bytes,   11214160 total
- age   6:    1926856 bytes,   13141016 total
- age   7:    2068048 bytes,   15209064 total
- age   8:     764552 bytes,   15973616 total
- age   9:     407080 bytes,   16380696 total
- age  10:     516504 bytes,   16897200 total
: 436027K->16566K(471872K), 0.0753787 secs] 890598K->471743K(2044736K), 0.0757646 secs]
Total time for which application threads were stopped: 0.0790238 seconds
Application time: 30.7602120 seconds
21570.842: [GC 21570.842: [ParNew
Desired survivor size 48306584 bytes, new threshold 10 (max 10)
- age   1:    2007800 bytes,    2007800 total
- age   2:     255064 bytes,    2262864 total
- age   3:    3726832 bytes,    5989696 total
- age   4:    1506720 bytes,    7496416 total
- age   5:    2066512 bytes,    9562928 total
- age   6:     587472 bytes,   10150400 total
- age   7:    1926856 bytes,   12077256 total
- age   8:    2068048 bytes,   14145304 total
- age   9:     763616 bytes,   14908920 total
- age  10:     407080 bytes,   15316000 total
: 436019K->15020K(471872K), 0.0703604 secs] 891196K->470702K(2044736K), 0.0707082 secs]
Total time for which application threads were stopped: 0.0729910 seconds
Application time: 37.2903608 seconds
21608.205: [GC 21608.205: [ParNew
Desired survivor size 48306584 bytes, new threshold 10 (max 10)
- age   1:    5267216 bytes,    5267216 total
- age   2:     876920 bytes,    6144136 total
- age   3:      94048 bytes,    6238184 total
- age   4:    3581272 bytes,    9819456 total
- age   5:    1506720 bytes,   11326176 total
- age   6:    2066512 bytes,   13392688 total
- age   7:     587472 bytes,   13980160 total
- age   8:    1926856 bytes,   15907016 total
- age   9:    2068048 bytes,   17975064 total
- age  10:     763488 bytes,   18738552 total
: 434475K->18361K(471872K), 0.0728421 secs] 890156K->474439K(2044736K), 0.0731528 secs]
Total time for which application threads were stopped: 0.0751591 seconds
Application time: 81.3093430 seconds
21689.591: [GC 21689.591: [ParNew
Desired survivor size 48306584 bytes, new threshold 10 (max 10)
- age   1:    4998808 bytes,    4998808 total
- age   2:     689968 bytes,    5688776 total
- age   3:     852760 bytes,    6541536 total
- age   4:      68760 bytes,    6610296 total
- age   5:    3555288 bytes,   10165584 total
- age   6:    1492656 bytes,   11658240 total
- age   7:    2043152 bytes,   13701392 total
- age   8:     571424 bytes,   14272816 total
- age   9:    1902408 bytes,   16175224 total
- age  10:    2045064 bytes,   18220288 total
: 437809K->17856K(471872K), 0.0746375 secs] 893888K->474664K(2044736K), 0.0749494 secs]
Total time for which application threads were stopped: 0.0789727 seconds
Application time: 90.9727076 seconds
21780.641: [GC 21780.644: [ParNew
Desired survivor size 48306584 bytes, new threshold 10 (max 10)
- age   1:    2140608 bytes,    2140608 total
- age   2:    2378384 bytes,    4518992 total
- age   3:     609440 bytes,    5128432 total
- age   4:     606144 bytes,    5734576 total
- age   5:      68704 bytes,    5803280 total
- age   6:    3537888 bytes,    9341168 total
- age   7:    1490976 bytes,   10832144 total
- age   8:    2037600 bytes,   12869744 total
- age   9:     567728 bytes,   13437472 total
- age  10:    1902408 bytes,   15339880 total
: 437312K->15032K(471872K), 0.0904565 secs] 894120K->473778K(2044736K), 0.0908371 secs]
Total time for which application threads were stopped: 0.0951393 seconds
Application time: 42.2225379 seconds
21822.959: [GC 21822.960: [ParNew
Desired survivor size 48306584 bytes, new threshold 10 (max 10)
- age   1:    2573824 bytes,    2573824 total
- age   2:     568408 bytes,    3142232 total
- age   3:    2208120 bytes,    5350352 total
- age   4:     609440 bytes,    5959792 total
- age   5:     606032 bytes,    6565824 total
- age   6:      68704 bytes,    6634528 total
- age   7:    3532192 bytes,   10166720 total
- age   8:    1490976 bytes,   11657696 total
- age   9:    2037600 bytes,   13695296 total
- age  10:     567728 bytes,   14263024 total
: 434488K->13970K(471872K), 0.0718284 secs] 893234K->474574K(2044736K), 0.0721847 secs]
Total time for which application threads were stopped: 0.0748254 seconds
Application time: 10.1899356 seconds
21833.225: [GC 21833.225: [ParNew
Desired survivor size 48306584 bytes, new threshold 10 (max 10)
- age   1:    5229824 bytes,    5229824 total
- age   2:     970640 bytes,    6200464 total
- age   3:     526328 bytes,    6726792 total
- age   4:    2167104 bytes,    8893896 total
- age   5:     609440 bytes,    9503336 total
- age   6:     606032 bytes,   10109368 total
- age   7:      68416 bytes,   10177784 total
- age   8:    3532192 bytes,   13709976 total
- age   9:    1482032 bytes,   15192008 total
- age  10:     698064 bytes,   15890072 total
: 433426K->15569K(471872K), 0.0744446 secs] 894029K->476727K(2044736K), 0.0748045 secs]
Total time for which application threads were stopped: 0.0784078 seconds
Application time: 8.6688319 seconds
21841.971: [GC 21841.971: [ParNew
Desired survivor size 48306584 bytes, new threshold 10 (max 10)
- age   1:    4341408 bytes,    4341408 total
- age   2:    3470792 bytes,    7812200 total
- age   3:     478464 bytes,    8290664 total
- age   4:     526328 bytes,    8816992 total
- age   5:    2167104 bytes,   10984096 total
- age   6:     609440 bytes,   11593536 total
- age   7:     536392 bytes,   12129928 total
- age   8:      66960 bytes,   12196888 total
- age   9:    3514136 bytes,   15711024 total
- age  10:     607360 bytes,   16318384 total
: 435024K->15993K(471872K), 0.0736936 secs] 896182K->477833K(2044736K), 0.0740151 secs]
Total time for which application threads were stopped: 0.0763483 seconds
Application time: 14.4823497 seconds
21856.543: [GC 21856.543: [ParNew
Desired survivor size 48306584 bytes, new threshold 10 (max 10)
- age   1:    4313864 bytes,    4313864 total
- age   2:    3492560 bytes,    7806424 total
- age   3:    2498616 bytes,   10305040 total
- age   4:     404696 bytes,   10709736 total
- age   5:     525976 bytes,   11235712 total
- age   6:    2167104 bytes,   13402816 total
- age   7:     609440 bytes,   14012256 total
- age   8:     533480 bytes,   14545736 total
- age   9:      66960 bytes,   14612696 total
- age  10:    3514136 bytes,   18126832 total
: 435448K->17768K(471872K), 0.1100459 secs] 897288K->480201K(2044736K), 0.1104211 secs]
Total time for which application threads were stopped: 0.1255822 seconds
Application time: 19.0878204 seconds
21875.743: [GC 21875.744: [ParNew
Desired survivor size 48306584 bytes, new threshold 10 (max 10)
- age   1:    5133144 bytes,    5133144 total
- age   2:    3166736 bytes,    8299880 total
- age   3:    1910016 bytes,   10209896 total
- age   4:    2123312 bytes,   12333208 total
- age   5:     404696 bytes,   12737904 total
- age   6:     446840 bytes,   13184744 total
- age   7:    2166880 bytes,   15351624 total
- age   8:     609440 bytes,   15961064 total
- age   9:     531240 bytes,   16492304 total
- age  10:      66960 bytes,   16559264 total
: 437216K->16250K(471872K), 0.1097250 secs] 899649K->482115K(2044736K), 0.1100733 secs]
Total time for which application threads were stopped: 0.1124780 seconds
Application time: 23.2059917 seconds
21899.062: [GC 21899.062: [ParNew
Desired survivor size 48306584 bytes, new threshold 10 (max 10)
- age   1:    6060336 bytes,    6060336 total
- age   2:    3251032 bytes,    9311368 total
- age   3:    2886344 bytes,   12197712 total
- age   4:    1806272 bytes,   14003984 total
- age   5:    2122760 bytes,   16126744 total
- age   6:     403664 bytes,   16530408 total
- age   7:     364136 bytes,   16894544 total
- age   8:    2166904 bytes,   19061448 total
- age   9:     607200 bytes,   19668648 total
- age  10:     422912 bytes,   20091560 total
: 435706K->19702K(471872K), 0.0857299 secs] 901571K->485632K(2044736K), 0.0860356 secs]
Total time for which application threads were stopped: 0.0882187 seconds
Application time: 14.4227583 seconds
21913.573: [GC 21913.573: [ParNew
Desired survivor size 48306584 bytes, new threshold 10 (max 10)
- age   1:    2564680 bytes,    2564680 total
- age   2:    4239608 bytes,    6804288 total
- age   3:    3159840 bytes,    9964128 total
- age   4:    2883784 bytes,   12847912 total
- age   5:    1806272 bytes,   14654184 total
- age   6:    2121368 bytes,   16775552 total
- age   7:     403664 bytes,   17179216 total
- age   8:     324424 bytes,   17503640 total
- age   9:    2164640 bytes,   19668280 total
- age  10:     607200 bytes,   20275480 total
: 439158K->19878K(471872K), 0.0941448 secs] 905088K->486194K(2044736K), 0.0945006 secs]
Total time for which application threads were stopped: 0.0968648 seconds
Application time: 93.1168705 seconds
22006.787: [GC 22006.787: [ParNew
Desired survivor size 48306584 bytes, new threshold 10 (max 10)
- age   1:    6104488 bytes,    6104488 total
- age   2:     647840 bytes,    6752328 total
- age   3:    4093072 bytes,   10845400 total
- age   4:    3024872 bytes,   13870272 total
- age   5:    2868520 bytes,   16738792 total
- age   6:    1788920 bytes,   18527712 total
- age   7:    2067096 bytes,   20594808 total
- age   8:     370608 bytes,   20965416 total
- age   9:     242328 bytes,   21207744 total
- age  10:     449464 bytes,   21657208 total
: 439305K->21226K(471872K), 0.0827399 secs] 905621K->488133K(2044736K), 0.0830557 secs]
Total time for which application threads were stopped: 0.0853102 seconds
Application time: 90.8750230 seconds
22097.747: [GC 22097.747: [ParNew
Desired survivor size 48306584 bytes, new threshold 10 (max 10)
- age   1:    9543288 bytes,    9543288 total
- age   2:    1319456 bytes,   10862744 total
- age   3:     567680 bytes,   11430424 total
- age   4:    3934248 bytes,   15364672 total
- age   5:    3024872 bytes,   18389544 total
- age   6:    2868520 bytes,   21258064 total
- age   7:    1788920 bytes,   23046984 total
- age   8:    2067096 bytes,   25114080 total
- age   9:     364752 bytes,   25478832 total
- age  10:     146120 bytes,   25624952 total
: 440514K->25099K(471872K), 0.0932524 secs] 907421K->492446K(2044736K), 0.0941410 secs]
Total time for which application threads were stopped: 0.0964986 seconds
Application time: 49.7919402 seconds
22147.635: [GC 22147.636: [ParNew
Desired survivor size 48306584 bytes, new threshold 10 (max 10)
- age   1:    5663392 bytes,    5663392 total
- age   2:    1199512 bytes,    6862904 total
- age   3:    1296344 bytes,    8159248 total
- age   4:     567680 bytes,    8726928 total
- age   5:    3934248 bytes,   12661176 total
- age   6:    3024872 bytes,   15686048 total
- age   7:    2868520 bytes,   18554568 total
- age   8:    1788776 bytes,   20343344 total
- age   9:    1942048 bytes,   22285392 total
- age  10:     362128 bytes,   22647520 total
: 444546K->22196K(471872K), 0.0898709 secs] 911892K->489684K(2044736K), 0.0902079 secs]
Total time for which application threads were stopped: 0.0924466 seconds
Application time: 44.1811327 seconds
22191.909: [GC 22191.909: [ParNew
Desired survivor size 48306584 bytes, new threshold 10 (max 10)
- age   1:    9426328 bytes,    9426328 total
- age   2:     724080 bytes,   10150408 total
- age   3:    1125632 bytes,   11276040 total
- age   4:    1293696 bytes,   12569736 total
- age   5:     567568 bytes,   13137304 total
- age   6:    3933448 bytes,   17070752 total
- age   7:    3021896 bytes,   20092648 total
- age   8:    2865496 bytes,   22958144 total
- age   9:    1788448 bytes,   24746592 total
- age  10:    1942048 bytes,   26688640 total
: 441652K->26145K(471872K), 0.0919916 secs] 909140K->493987K(2044736K), 0.0923736 secs]
Total time for which application threads were stopped: 0.0946075 seconds
Application time: 105.9813775 seconds
22297.985: [GC 22297.986: [ParNew
Desired survivor size 48306584 bytes, new threshold 10 (max 10)
- age   1:    7938272 bytes,    7938272 total
- age   2:    1743848 bytes,    9682120 total
- age   3:     679592 bytes,   10361712 total
- age   4:    1101920 bytes,   11463632 total
- age   5:    1254416 bytes,   12718048 total
- age   6:     562632 bytes,   13280680 total
- age   7:    3932128 bytes,   17212808 total
- age   8:    3020576 bytes,   20233384 total
- age   9:    2864968 bytes,   23098352 total
- age  10:    1787128 bytes,   24885480 total
: 445601K->24375K(471872K), 0.0947396 secs] 913443K->494111K(2044736K), 0.0950429 secs]
Total time for which application threads were stopped: 0.0974099 seconds
Application time: 33.1297321 seconds
22331.212: [GC 22331.213: [ParNew
Desired survivor size 48306584 bytes, new threshold 10 (max 10)
- age   1:    3704944 bytes,    3704944 total
- age   2:    7538896 bytes,   11243840 total
- age   3:    1711176 bytes,   12955016 total
- age   4:     678904 bytes,   13633920 total
- age   5:    1087680 bytes,   14721600 total
- age   6:    1244512 bytes,   15966112 total
- age   7:     562632 bytes,   16528744 total
- age   8:    3932128 bytes,   20460872 total
- age   9:    3020576 bytes,   23481448 total
- age  10:    1883680 bytes,   25365128 total
: 443827K->24845K(471872K), 0.0946984 secs] 913564K->496327K(2044736K), 0.0950331 secs]
Total time for which application threads were stopped: 0.0972952 seconds
Application time: 101.2757731 seconds
22432.586: [GC 22432.586: [ParNew
Desired survivor size 48306584 bytes, new threshold 10 (max 10)
- age   1:    6387792 bytes,    6387792 total
- age   2:    1699808 bytes,    8087600 total
- age   3:    4544904 bytes,   12632504 total
- age   4:    1392128 bytes,   14024632 total
- age   5:     671728 bytes,   14696360 total
- age   6:    1072856 bytes,   15769216 total
- age   7:    1244184 bytes,   17013400 total
- age   8:     562632 bytes,   17576032 total
- age   9:    3924928 bytes,   21500960 total
- age  10:    1932232 bytes,   23433192 total
: 444301K->22956K(471872K), 0.1252767 secs] 915783K->496227K(2044736K), 0.1256486 secs]
Total time for which application threads were stopped: 0.1282950 seconds
Application time: 4.2178742 seconds
22436.932: [GC 22436.932: [ParNew
Desired survivor size 48306584 bytes, new threshold 10 (max 10)
- age   1:    5737960 bytes,    5737960 total
- age   2:    2622952 bytes,    8360912 total
- age   3:    1699600 bytes,   10060512 total
- age   4:    4544904 bytes,   14605416 total
- age   5:    1392128 bytes,   15997544 total
- age   6:     671728 bytes,   16669272 total
- age   7:    1072856 bytes,   17742128 total
- age   8:    1244184 bytes,   18986312 total
- age   9:     562632 bytes,   19548944 total
- age  10:    3924928 bytes,   23473872 total
: 442412K->22994K(471872K), 0.0935047 secs] 915683K->498152K(2044736K), 0.0938310 secs]
Total time for which application threads were stopped: 0.0961279 seconds
Application time: 15.7784844 seconds
22452.808: [GC 22452.808: [ParNew
Desired survivor size 48306584 bytes, new threshold 10 (max 10)
- age   1:    4549408 bytes,    4549408 total
- age   2:    1253000 bytes,    5802408 total
- age   3:    1879408 bytes,    7681816 total
- age   4:    1699600 bytes,    9381416 total
- age   5:    4544520 bytes,   13925936 total
- age   6:    1390560 bytes,   15316496 total
- age   7:     671728 bytes,   15988224 total
- age   8:    1072856 bytes,   17061080 total
- age   9:    1243648 bytes,   18304728 total
- age  10:     562632 bytes,   18867360 total
: 442450K->18498K(471872K), 0.1032027 secs] 917608K->497489K(2044736K), 0.1036319 secs]
Total time for which application threads were stopped: 0.1071066 seconds
Application time: 3.6847898 seconds
22456.599: [GC 22456.599: [ParNew
Desired survivor size 48306584 bytes, new threshold 10 (max 10)
- age   1:    6621200 bytes,    6621200 total
- age   2:    2111840 bytes,    8733040 total
- age   3:     804544 bytes,    9537584 total
- age   4:    1878344 bytes,   11415928 total
- age   5:    1699600 bytes,   13115528 total
- age   6:    4544520 bytes,   17660048 total
- age   7:    1389104 bytes,   19049152 total
- age   8:     671728 bytes,   19720880 total
- age   9:    1072856 bytes,   20793736 total
- age  10:    1163360 bytes,   21957096 total
: 437954K->21516K(471872K), 0.0915708 secs] 916945K->501056K(2044736K), 0.0919174 secs]
Total time for which application threads were stopped: 0.0944672 seconds
Application time: 17.9294815 seconds
22474.622: [GC 22474.623: [ParNew
Desired survivor size 48306584 bytes, new threshold 10 (max 10)
- age   1:    3866392 bytes,    3866392 total
- age   2:    4454216 bytes,    8320608 total
- age   3:    1650392 bytes,    9971000 total
- age   4:     804544 bytes,   10775544 total
- age   5:    1783352 bytes,   12558896 total
- age   6:    1699600 bytes,   14258496 total
- age   7:    4544520 bytes,   18803016 total
- age   8:    1384624 bytes,   20187640 total
- age   9:     671104 bytes,   20858744 total
- age  10:    1072856 bytes,   21931600 total
: 440971K->21495K(471872K), 0.1091030 secs] 920512K->502172K(2044736K), 0.1094619 secs]
Total time for which application threads were stopped: 0.1118186 seconds
Application time: 31.6349988 seconds
22506.371: [GC 22506.371: [ParNew
Desired survivor size 48306584 bytes, new threshold 10 (max 10)
- age   1:    8963496 bytes,    8963496 total
- age   2:    1211120 bytes,   10174616 total
- age   3:    2405856 bytes,   12580472 total
- age   4:    1460544 bytes,   14041016 total
- age   5:     804544 bytes,   14845560 total
- age   6:    1783352 bytes,   16628912 total
- age   7:    1692336 bytes,   18321248 total
- age   8:    4544520 bytes,   22865768 total
- age   9:    1383056 bytes,   24248824 total
- age  10:     671104 bytes,   24919928 total
: 440799K->24407K(471872K), 0.0891217 secs] 921476K->506131K(2044736K), 0.0895117 secs]
Total time for which application threads were stopped: 0.0931846 seconds
Application time: 4.9182039 seconds
22511.381: [GC 22511.381: [ParNew
Desired survivor size 48306584 bytes, new threshold 10 (max 10)
- age   1:    7029184 bytes,    7029184 total
- age   2:    4042568 bytes,   11071752 total
- age   3:    1149072 bytes,   12220824 total
- age   4:    1010312 bytes,   13231136 total
- age   5:     928512 bytes,   14159648 total
- age   6:     804544 bytes,   14964192 total
- age   7:    1783352 bytes,   16747544 total
- age   8:    1692336 bytes,   18439880 total
- age   9:    4542232 bytes,   22982112 total
- age  10:    1383056 bytes,   24365168 total
: 443863K->23886K(471872K), 0.0945189 secs] 925587K->506265K(2044736K), 0.0954850 secs]
Total time for which application threads were stopped: 0.0979618 seconds
Application time: 23.3886897 seconds
22534.867: [GC 22534.868: [ParNew
Desired survivor size 48306584 bytes, new threshold 10 (max 10)
- age   1:    3999984 bytes,    3999984 total
- age   2:    4158368 bytes,    8158352 total
- age   3:    3848608 bytes,   12006960 total
- age   4:     764368 bytes,   12771328 total
- age   5:     940928 bytes,   13712256 total
- age   6:     753856 bytes,   14466112 total
- age   7:     799224 bytes,   15265336 total
- age   8:    1759272 bytes,   17024608 total
- age   9:    1684720 bytes,   18709328 total
- age  10:    4528128 bytes,   23237456 total
: 443342K->22786K(471872K), 0.1009186 secs] 925721K->506517K(2044736K), 0.1012244 secs]
Total time for which application threads were stopped: 0.1034695 seconds
Application time: 6.0416419 seconds
22541.013: [GC 22541.013: [ParNew
Desired survivor size 48306584 bytes, new threshold 10 (max 10)
- age   1:   10662288 bytes,   10662288 total
- age   2:    1812656 bytes,   12474944 total
- age   3:    2655712 bytes,   15130656 total
- age   4:    3791224 bytes,   18921880 total
- age   5:     764392 bytes,   19686272 total
- age   6:     940928 bytes,   20627200 total
- age   7:     753856 bytes,   21381056 total
- age   8:     799224 bytes,   22180280 total
- age   9:    1759272 bytes,   23939552 total
- age  10:    1684720 bytes,   25624272 total
: 442242K->25130K(471872K), 0.1240226 secs] 925973K->513279K(2044736K), 0.1244919 secs]
Total time for which application threads were stopped: 0.1272178 seconds
Application time: 25.1070171 seconds
22566.247: [GC 22566.248: [ParNew
Desired survivor size 48306584 bytes, new threshold 10 (max 10)
- age   1:    6121104 bytes,    6121104 total
- age   2:    2684776 bytes,    8805880 total
- age   3:    1515680 bytes,   10321560 total
- age   4:    2655224 bytes,   12976784 total
- age   5:     729648 bytes,   13706432 total
- age   6:     764368 bytes,   14470800 total
- age   7:     940928 bytes,   15411728 total
- age   8:     753856 bytes,   16165584 total
- age   9:     799224 bytes,   16964808 total
- age  10:    1757952 bytes,   18722760 total
: 444582K->18377K(471872K), 0.0986910 secs] 932731K->508170K(2044736K), 0.0990312 secs]
Total time for which application threads were stopped: 0.1017151 seconds
Application time: 41.1201829 seconds
22607.492: [GC 22607.493: [ParNew
Desired survivor size 48306584 bytes, new threshold 10 (max 10)
- age   1:    3884416 bytes,    3884416 total
- age   2:    4131872 bytes,    8016288 total
- age   3:    2487488 bytes,   10503776 total
- age   4:    1492816 bytes,   11996592 total
- age   5:    2572872 bytes,   14569464 total
- age   6:     729648 bytes,   15299112 total
- age   7:     764368 bytes,   16063480 total
- age   8:     940928 bytes,   17004408 total
- age   9:     753856 bytes,   17758264 total
- age  10:     799224 bytes,   18557488 total
: 437833K->18200K(471872K), 0.0979362 secs] 927626K->509710K(2044736K), 0.0982840 secs]
Total time for which application threads were stopped: 0.1239923 seconds
Application time: 28.6221400 seconds
22636.215: [GC 22636.215: [ParNew
Desired survivor size 48306584 bytes, new threshold 10 (max 10)
- age   1:    5061752 bytes,    5061752 total
- age   2:    1733376 bytes,    6795128 total
- age   3:    1107608 bytes,    7902736 total
- age   4:    2487488 bytes,   10390224 total
- age   5:    1492816 bytes,   11883040 total
- age   6:    2572904 bytes,   14455944 total
- age   7:     729648 bytes,   15185592 total
- age   8:     763840 bytes,   15949432 total
- age   9:     940928 bytes,   16890360 total
- age  10:     753856 bytes,   17644216 total
: 437656K->17308K(471872K), 0.0778673 secs] 929166K->509599K(2044736K), 0.0781652 secs]
Total time for which application threads were stopped: 0.0804289 seconds
Application time: 67.6855791 seconds
22703.981: [GC 22703.982: [ParNew
Desired survivor size 48306584 bytes, new threshold 10 (max 10)
- age   1:    7119696 bytes,    7119696 total
- age   2:     261000 bytes,    7380696 total
- age   3:     719760 bytes,    8100456 total
- age   4:    1104048 bytes,    9204504 total
- age   5:    2487488 bytes,   11691992 total
- age   6:    1492816 bytes,   13184808 total
- age   7:    2572872 bytes,   15757680 total
- age   8:     729648 bytes,   16487328 total
- age   9:     760936 bytes,   17248264 total
- age  10:     939800 bytes,   18188064 total
: 436764K->17837K(471872K), 0.0807445 secs] 929055K->510859K(2044736K), 0.0810823 secs]
Total time for which application threads were stopped: 0.0835320 seconds
Application time: 44.5199822 seconds
22748.588: [GC 22748.588: [ParNew
Desired survivor size 48306584 bytes, new threshold 10 (max 10)
- age   1:   11160520 bytes,   11160520 total
- age   2:    1742712 bytes,   12903232 total
- age   3:     260792 bytes,   13164024 total
- age   4:     656072 bytes,   13820096 total
- age   5:    1096640 bytes,   14916736 total
- age   6:    1668584 bytes,   16585320 total
- age   7:     959944 bytes,   17545264 total
- age   8:    2062536 bytes,   19607800 total
- age   9:     728064 bytes,   20335864 total
- age  10:     760936 bytes,   21096800 total
: 437262K->20669K(471872K), 0.0899874 secs] 930283K->514609K(2044736K), 0.0903213 secs]
Total time for which application threads were stopped: 0.0954969 seconds
Application time: 6.1693037 seconds
22754.850: [GC 22754.850: [ParNew
Desired survivor size 48306584 bytes, new threshold 10 (max 10)
- age   1:    4222448 bytes,    4222448 total
- age   2:    6221872 bytes,   10444320 total
- age   3:    1742504 bytes,   12186824 total
- age   4:     260792 bytes,   12447616 total
- age   5:     637480 bytes,   13085096 total
- age   6:    1021056 bytes,   14106152 total
- age   7:     664080 bytes,   14770232 total
- age   8:     296056 bytes,   15066288 total
- age   9:    2051952 bytes,   17118240 total
- age  10:     727992 bytes,   17846232 total
: 440125K->17490K(471872K), 0.0905041 secs] 934065K->512173K(2044736K), 0.0908476 secs]
Total time for which application threads were stopped: 0.0931647 seconds
Application time: 18.7132679 seconds
22773.656: [GC 22773.656: [ParNew
Desired survivor size 48306584 bytes, new threshold 10 (max 10)
- age   1:    2560336 bytes,    2560336 total
- age   2:    1528440 bytes,    4088776 total
- age   3:    6201936 bytes,   10290712 total
- age   4:    1739008 bytes,   12029720 total
- age   5:     256832 bytes,   12286552 total
- age   6:     632464 bytes,   12919016 total
- age   7:     935424 bytes,   13854440 total
- age   8:     659664 bytes,   14514104 total
- age   9:     221368 bytes,   14735472 total
- age  10:    2049232 bytes,   16784704 total
: 436946K->16452K(471872K), 0.0779621 secs] 931629K->511843K(2044736K), 0.0782670 secs]
Total time for which application threads were stopped: 0.0805983 seconds
Application time: 20.0857845 seconds
22793.823: [GC 22793.823: [ParNew
Desired survivor size 48306584 bytes, new threshold 10 (max 10)
- age   1:    8021680 bytes,    8021680 total
- age   2:     843280 bytes,    8864960 total
- age   3:    1521456 bytes,   10386416 total
- age   4:    1738312 bytes,   12124728 total
- age   5:    1739008 bytes,   13863736 total
- age   6:     256832 bytes,   14120568 total
- age   7:     569240 bytes,   14689808 total
- age   8:     826704 bytes,   15516512 total
- age   9:     659664 bytes,   16176176 total
- age  10:     221368 bytes,   16397544 total
: 435893K->16061K(471872K), 0.0905450 secs] 931284K->513454K(2044736K), 0.0909866 secs]
Total time for which application threads were stopped: 0.0935078 seconds
Application time: 24.5076704 seconds
22818.424: [GC 22818.424: [ParNew
Desired survivor size 48306584 bytes, new threshold 10 (max 10)
- age   1:    6507240 bytes,    6507240 total
- age   2:    5349912 bytes,   11857152 total
- age   3:     636200 bytes,   12493352 total
- age   4:     528784 bytes,   13022136 total
- age   5:    1720600 bytes,   14742736 total
- age   6:     977024 bytes,   15719760 total
- age   7:     237624 bytes,   15957384 total
- age   8:     530688 bytes,   16488072 total
- age   9:     806208 bytes,   17294280 total
- age  10:     647400 bytes,   17941680 total
: 435517K->17572K(471872K), 0.0723608 secs] 932910K->515158K(2044736K), 0.0731626 secs]
Total time for which application threads were stopped: 0.0754872 seconds
Application time: 31.1380796 seconds
22849.638: [GC 22849.638: [ParNew
Desired survivor size 48306584 bytes, new threshold 10 (max 10)
- age   1:    3917656 bytes,    3917656 total
- age   2:    5095056 bytes,    9012712 total
- age   3:    5052888 bytes,   14065600 total
- age   4:     567480 bytes,   14633080 total
- age   5:     528784 bytes,   15161864 total
- age   6:    1720600 bytes,   16882464 total
- age   7:     976336 bytes,   17858800 total
- age   8:     237000 bytes,   18095800 total
- age   9:     530688 bytes,   18626488 total
- age  10:     803136 bytes,   19429624 total
: 437027K->19028K(471872K), 0.0852757 secs] 934614K->517246K(2044736K), 0.0856108 secs]
Total time for which application threads were stopped: 0.0880809 seconds
Application time: 29.4922254 seconds
22879.218: [GC 22879.219: [ParNew
Desired survivor size 48306584 bytes, new threshold 10 (max 10)
- age   1:    2165392 bytes,    2165392 total
- age   2:     918192 bytes,    3083584 total
- age   3:    4977600 bytes,    8061184 total
- age   4:    5020424 bytes,   13081608 total
- age   5:     510616 bytes,   13592224 total
- age   6:     528456 bytes,   14120680 total
- age   7:    1720600 bytes,   15841280 total
- age   8:     976336 bytes,   16817616 total
- age   9:     156552 bytes,   16974168 total
- age  10:     527568 bytes,   17501736 total
: 438479K->17142K(471872K), 0.0762037 secs] 936697K->516141K(2044736K), 0.0765286 secs]
Total time for which application threads were stopped: 0.0795549 seconds
Application time: 45.3986037 seconds
22924.696: [GC 22924.696: [ParNew
Desired survivor size 48306584 bytes, new threshold 10 (max 10)
- age   1:    6248648 bytes,    6248648 total
- age   2:     664384 bytes,    6913032 total
- age   3:     795032 bytes,    7708064 total
- age   4:    4976904 bytes,   12684968 total
- age   5:    1958816 bytes,   14643784 total
- age   6:     510616 bytes,   15154400 total
- age   7:     528456 bytes,   15682856 total
- age   8:    1720600 bytes,   17403456 total
- age   9:     976336 bytes,   18379792 total
- age  10:     150472 bytes,   18530264 total
: 436598K->18144K(471872K), 0.0686521 secs] 935597K->517654K(2044736K), 0.0689846 secs]
Total time for which application threads were stopped: 0.0714201 seconds
Application time: 30.4927035 seconds
22955.260: [GC 22955.261: [ParNew
Desired survivor size 48306584 bytes, new threshold 10 (max 10)
- age   1:   13918248 bytes,   13918248 total
- age   2:    4081176 bytes,   17999424 total
- age   3:     553072 bytes,   18552496 total
- age   4:     744224 bytes,   19296720 total
- age   5:    1843376 bytes,   21140096 total
- age   6:    1896480 bytes,   23036576 total
- age   7:     510616 bytes,   23547192 total
- age   8:     528456 bytes,   24075648 total
- age   9:    1640168 bytes,   25715816 total
- age  10:     955248 bytes,   26671064 total
: 437501K->26103K(471872K), 0.0966676 secs] 937011K->525759K(2044736K), 0.0970320 secs]
Total time for which application threads were stopped: 0.0995218 seconds
Application time: 14.3222728 seconds
22969.682: [GC 22969.682: [ParNew
Desired survivor size 48306584 bytes, new threshold 10 (max 10)
- age   1:    5096432 bytes,    5096432 total
- age   2:    3462400 bytes,    8558832 total
- age   3:    4015752 bytes,   12574584 total
- age   4:     553072 bytes,   13127656 total
- age   5:     726880 bytes,   13854536 total
- age   6:     885224 bytes,   14739760 total
- age   7:     556944 bytes,   15296704 total
- age   8:     510616 bytes,   15807320 total
- age   9:     528456 bytes,   16335776 total
- age  10:    1639544 bytes,   17975320 total
: 445559K->17615K(471872K), 0.0954165 secs] 945215K->518200K(2044736K), 0.0958057 secs]
Total time for which application threads were stopped: 0.0984202 seconds
Application time: 12.5137816 seconds
22982.295: [GC 22982.295: [ParNew
Desired survivor size 48306584 bytes, new threshold 10 (max 10)
- age   1:   12821840 bytes,   12821840 total
- age   2:    2470896 bytes,   15292736 total
- age   3:    3232800 bytes,   18525536 total
- age   4:     970824 bytes,   19496360 total
- age   5:     536216 bytes,   20032576 total
- age   6:     726880 bytes,   20759456 total
- age   7:     885224 bytes,   21644680 total
- age   8:     556944 bytes,   22201624 total
- age   9:     510616 bytes,   22712240 total
- age  10:     528456 bytes,   23240696 total
: 437036K->22758K(471872K), 0.0943548 secs] 937621K->524944K(2044736K), 0.0946957 secs]
Total time for which application threads were stopped: 0.0974439 seconds
Application time: 9.2873696 seconds
22991.679: [GC 22991.679: [ParNew
Desired survivor size 48306584 bytes, new threshold 10 (max 10)
- age   1:   12219336 bytes,   12219336 total
- age   2:    4299400 bytes,   16518736 total
- age   3:    2097896 bytes,   18616632 total
- age   4:    3172864 bytes,   21789496 total
- age   5:     909704 bytes,   22699200 total
- age   6:     536048 bytes,   23235248 total
- age   7:     724296 bytes,   23959544 total
- age   8:     865120 bytes,   24824664 total
- age   9:     424552 bytes,   25249216 total
- age  10:     510616 bytes,   25759832 total
: 442214K->25217K(471872K), 0.0747549 secs] 944400K->527919K(2044736K), 0.0750612 secs]
Total time for which application threads were stopped: 0.0773818 seconds
Application time: 3.0126997 seconds
22994.769: [GC 22994.770: [ParNew
Desired survivor size 48306584 bytes, new threshold 10 (max 10)
- age   1:    4026992 bytes,    4026992 total
- age   2:    1825160 bytes,    5852152 total
- age   3:    4297104 bytes,   10149256 total
- age   4:    2097920 bytes,   12247176 total
- age   5:    3109376 bytes,   15356552 total
- age   6:     909648 bytes,   16266200 total
- age   7:     536048 bytes,   16802248 total
- age   8:     644336 bytes,   17446584 total
- age   9:     625952 bytes,   18072536 total
- age  10:     220744 bytes,   18293280 total
: 444673K->17925K(471872K), 0.0689330 secs] 947375K->521125K(2044736K), 0.0692620 secs]
Total time for which application threads were stopped: 0.0717636 seconds
Application time: 11.5889551 seconds
23006.431: [GC 23006.431: [ParNew
Desired survivor size 48306584 bytes, new threshold 10 (max 10)
- age   1:    5100856 bytes,    5100856 total
- age   2:    1271376 bytes,    6372232 total
- age   3:    1518608 bytes,    7890840 total
- age   4:    4276224 bytes,   12167064 total
- age   5:     962632 bytes,   13129696 total
- age   6:    3092216 bytes,   16221912 total
- age   7:     909648 bytes,   17131560 total
- age   8:     529704 bytes,   17661264 total
- age   9:     461928 bytes,   18123192 total
- age  10:     479592 bytes,   18602784 total
: 437374K->18241K(471872K), 0.0997721 secs] 940575K->521658K(2044736K), 0.1001252 secs]
Total time for which application threads were stopped: 0.1029903 seconds
Application time: 34.0327628 seconds
23040.566: [GC 23040.566: [ParNew
Desired survivor size 48306584 bytes, new threshold 10 (max 10)
- age   1:    2629408 bytes,    2629408 total
- age   2:    2065936 bytes,    4695344 total
- age   3:    1207680 bytes,    5903024 total
- age   4:    1500840 bytes,    7403864 total
- age   5:    4242984 bytes,   11646848 total
- age   6:     897920 bytes,   12544768 total
- age   7:    3091888 bytes,   15636656 total
- age   8:     770120 bytes,   16406776 total
- age   9:     505784 bytes,   16912560 total
- age  10:     323488 bytes,   17236048 total
: 437695K->16904K(471872K), 0.0758044 secs] 941111K->520773K(2044736K), 0.0761299 secs]
Total time for which application threads were stopped: 0.0788765 seconds
Application time: 26.0495448 seconds
23066.697: [GC 23066.698: [ParNew
Desired survivor size 48306584 bytes, new threshold 10 (max 10)
- age   1:    9809424 bytes,    9809424 total
- age   2:    1018608 bytes,   10828032 total
- age   3:    1593216 bytes,   12421248 total
- age   4:     767832 bytes,   13189080 total
- age   5:     964624 bytes,   14153704 total
- age   6:    1181376 bytes,   15335080 total
- age   7:     897920 bytes,   16233000 total
- age   8:    3011600 bytes,   19244600 total
- age   9:     769976 bytes,   20014576 total
- age  10:     505784 bytes,   20520360 total
: 436360K->20113K(471872K), 0.0711173 secs] 940229K->524301K(2044736K), 0.0719924 secs]
Total time for which application threads were stopped: 0.0773305 seconds
Application time: 12.5824696 seconds
23079.354: [GC 23079.354: [ParNew
Desired survivor size 48306584 bytes, new threshold 10 (max 10)
- age   1:    3862832 bytes,    3862832 total
- age   2:    6125976 bytes,    9988808 total
- age   3:     956776 bytes,   10945584 total
- age   4:    1344216 bytes,   12289800 total
- age   5:     766512 bytes,   13056312 total
- age   6:     961720 bytes,   14018032 total
- age   7:    1123072 bytes,   15141104 total
- age   8:     893632 bytes,   16034736 total
- age   9:    2980456 bytes,   19015192 total
- age  10:     766280 bytes,   19781472 total
: 439569K->19392K(471872K), 0.0717947 secs] 943757K->524072K(2044736K), 0.0721167 secs]
Total time for which application threads were stopped: 0.0742842 seconds
Application time: 31.1612303 seconds
23110.590: [GC 23110.590: [ParNew
Desired survivor size 48306584 bytes, new threshold 10 (max 10)
- age   1:   30681984 bytes,   30681984 total
- age   2:    1081472 bytes,   31763456 total
- age   3:    2967248 bytes,   34730704 total
- age   4:     884632 bytes,   35615336 total
- age   5:    1257600 bytes,   36872936 total
- age   6:     761360 bytes,   37634296 total
- age   7:     950184 bytes,   38584480 total
- age   8:    1108680 bytes,   39693160 total
- age   9:     799904 bytes,   40493064 total
- age  10:    2963936 bytes,   43457000 total
: 438384K->42506K(471872K), 0.0896943 secs] 943064K->547813K(2044736K), 0.0899963 secs]
Total time for which application threads were stopped: 0.0923678 seconds
Application time: 11.9846479 seconds
23122.667: [GC 23122.668: [ParNew
Desired survivor size 48306584 bytes, new threshold 10 (max 10)
- age   1:    4725720 bytes,    4725720 total
- age   2:    3523392 bytes,    8249112 total
- age   3:    1018864 bytes,    9267976 total
- age   4:    1555192 bytes,   10823168 total
- age   5:     884632 bytes,   11707800 total
- age   6:    1240432 bytes,   12948232 total
- age   7:     699024 bytes,   13647256 total
- age   8:     950184 bytes,   14597440 total
- age   9:    1028216 bytes,   15625656 total
- age  10:     799904 bytes,   16425560 total
: 461962K->16108K(471872K), 0.0844524 secs] 967269K->524310K(2044736K), 0.0849092 secs]
Total time for which application threads were stopped: 0.0878305 seconds
Application time: 17.3460283 seconds
23140.101: [GC 23140.101: [ParNew
Desired survivor size 48306584 bytes, new threshold 10 (max 10)
- age   1:    3017224 bytes,    3017224 total
- age   2:    2209216 bytes,    5226440 total
- age   3:    3502264 bytes,    8728704 total
- age   4:     747096 bytes,    9475800 total
- age   5:     738400 bytes,   10214200 total
- age   6:     873912 bytes,   11088112 total
- age   7:    1049592 bytes,   12137704 total
- age   8:     699024 bytes,   12836728 total
- age   9:     950216 bytes,   13786944 total
- age  10:    1028216 bytes,   14815160 total
: 435564K->14541K(471872K), 0.0721336 secs] 943766K->523524K(2044736K), 0.0724522 secs]
Total time for which application threads were stopped: 0.0749236 seconds
Application time: 90.4711960 seconds
23230.647: [GC 23230.649: [ParNew
Desired survivor size 48306584 bytes, new threshold 10 (max 10)
- age   1:    5912568 bytes,    5912568 total
- age   2:    2141720 bytes,    8054288 total
- age   3:    2144976 bytes,   10199264 total
- age   4:     436056 bytes,   10635320 total
- age   5:     458640 bytes,   11093960 total
- age   6:     738400 bytes,   11832360 total
- age   7:     792456 bytes,   12624816 total
- age   8:    1049592 bytes,   13674408 total
- age   9:     699024 bytes,   14373432 total
- age  10:     950184 bytes,   15323616 total
: 433997K->15033K(471872K), 0.0641134 secs] 942980K->525021K(2044736K), 0.0644708 secs]
Total time for which application threads were stopped: 0.0686805 seconds
Application time: 17.1426016 seconds
23247.859: [GC 23247.859: [ParNew
Desired survivor size 48306584 bytes, new threshold 10 (max 10)
- age   1:    5283344 bytes,    5283344 total
- age   2:    4511664 bytes,    9795008 total
- age   3:     825688 bytes,   10620696 total
- age   4:     745216 bytes,   11365912 total
- age   5:     436056 bytes,   11801968 total
- age   6:     458640 bytes,   12260608 total
- age   7:     738400 bytes,   12999008 total
- age   8:     792456 bytes,   13791464 total
- age   9:    1049592 bytes,   14841056 total
- age  10:     699024 bytes,   15540080 total
: 434489K->15252K(471872K), 0.1024841 secs] 944477K->526167K(2044736K), 0.1029079 secs]
Total time for which application threads were stopped: 0.1060810 seconds
Application time: 40.9313541 seconds
23288.896: [GC 23288.896: [ParNew
Desired survivor size 48306584 bytes, new threshold 10 (max 10)
- age   1:    7096952 bytes,    7096952 total
- age   2:    3441504 bytes,   10538456 total
- age   3:    1447080 bytes,   11985536 total
- age   4:     769352 bytes,   12754888 total
- age   5:     745216 bytes,   13500104 total
- age   6:     436056 bytes,   13936160 total
- age   7:     458640 bytes,   14394800 total
- age   8:     738400 bytes,   15133200 total
- age   9:     792456 bytes,   15925656 total
- age  10:    1049104 bytes,   16974760 total
: 434708K->16647K(471872K), 0.0746483 secs] 945623K->528245K(2044736K), 0.0750128 secs]
Total time for which application threads were stopped: 0.0779137 seconds
Application time: 14.1825465 seconds
23303.156: [GC 23303.157: [ParNew
Desired survivor size 48306584 bytes, new threshold 10 (max 10)
- age   1:    9282440 bytes,    9282440 total
- age   2:     759008 bytes,   10041448 total
- age   3:    1141328 bytes,   11182776 total
- age   4:    1443112 bytes,   12625888 total
- age   5:     766384 bytes,   13392272 total
- age   6:     742576 bytes,   14134848 total
- age   7:     431192 bytes,   14566040 total
- age   8:     402528 bytes,   14968568 total
- age   9:     736816 bytes,   15705384 total
- age  10:     791112 bytes,   16496496 total
: 436103K->16187K(471872K), 0.0807438 secs] 947701K->528724K(2044736K), 0.0810549 secs]
Total time for which application threads were stopped: 0.0834380 seconds
Application time: 46.3675826 seconds
23349.607: [GC 23349.608: [ParNew
Desired survivor size 48306584 bytes, new threshold 10 (max 10)
- age   1:    3769336 bytes,    3769336 total
- age   2:    7570224 bytes,   11339560 total
- age   3:     704336 bytes,   12043896 total
- age   4:    1074864 bytes,   13118760 total
- age   5:    1361008 bytes,   14479768 total
- age   6:     765856 bytes,   15245624 total
- age   7:     742576 bytes,   15988200 total
- age   8:     431224 bytes,   16419424 total
- age   9:     402528 bytes,   16821952 total
- age  10:     736744 bytes,   17558696 total
: 435643K->17218K(471872K), 0.0831142 secs] 948180K->530521K(2044736K), 0.0834783 secs]
Total time for which application threads were stopped: 0.0858327 seconds
Application time: 72.8731129 seconds
23422.566: [GC 23422.567: [ParNew
Desired survivor size 48306584 bytes, new threshold 10 (max 10)
- age   1:    6128744 bytes,    6128744 total
- age   2:    1187272 bytes,    7316016 total
- age   3:    7390768 bytes,   14706784 total
- age   4:     683968 bytes,   15390752 total
- age   5:    1062208 bytes,   16452960 total
- age   6:    1181680 bytes,   17634640 total
- age   7:     748552 bytes,   18383192 total
- age   8:     645440 bytes,   19028632 total
- age   9:     426432 bytes,   19455064 total
- age  10:     400816 bytes,   19855880 total
: 436672K->19465K(471872K), 0.0806478 secs] 949974K->533481K(2044736K), 0.0809722 secs]
Total time for which application threads were stopped: 0.0832693 seconds
Application time: 4.9236414 seconds
23427.573: [GC 23427.574: [ParNew
Desired survivor size 48306584 bytes, new threshold 10 (max 10)
- age   1:   10518056 bytes,   10518056 total
- age   2:    5283896 bytes,   15801952 total
- age   3:    1187272 bytes,   16989224 total
- age   4:    2404288 bytes,   19393512 total
- age   5:     683712 bytes,   20077224 total
- age   6:    1061880 bytes,   21139104 total
- age   7:    1008280 bytes,   22147384 total
- age   8:     747144 bytes,   22894528 total
- age   9:     644608 bytes,   23539136 total
- age  10:     425872 bytes,   23965008 total
: 438921K->23490K(471872K), 0.0926207 secs] 952937K->537897K(2044736K), 0.0934218 secs]
Total time for which application threads were stopped: 0.0958027 seconds
Application time: 25.1370826 seconds
23452.819: [GC 23452.819: [ParNew
Desired survivor size 48306584 bytes, new threshold 10 (max 10)
- age   1:    7846768 bytes,    7846768 total
- age   2:    7502888 bytes,   15349656 total
- age   3:    5082824 bytes,   20432480 total
- age   4:    1049064 bytes,   21481544 total
- age   5:    2163680 bytes,   23645224 total
- age   6:     620224 bytes,   24265448 total
- age   7:     923184 bytes,   25188632 total
- age   8:    1005368 bytes,   26194000 total
- age   9:     745688 bytes,   26939688 total
- age  10:     644608 bytes,   27584296 total
: 442945K->27025K(471872K), 0.1100617 secs] 957352K->541771K(2044736K), 0.1104383 secs]
Total time for which application threads were stopped: 0.1252793 seconds
Application time: 9.0064721 seconds
23461.939: [GC 23461.939: [ParNew
Desired survivor size 48306584 bytes, new threshold 10 (max 10)
- age   1:    2983320 bytes,    2983320 total
- age   2:    1470264 bytes,    4453584 total
- age   3:    6157512 bytes,   10611096 total
- age   4:    5002528 bytes,   15613624 total
- age   5:    1049064 bytes,   16662688 total
- age   6:    2163680 bytes,   18826368 total
- age   7:     620224 bytes,   19446592 total
- age   8:     923184 bytes,   20369776 total
- age   9:    1005368 bytes,   21375144 total
- age  10:     745688 bytes,   22120832 total
: 446481K->21698K(471872K), 0.1118264 secs] 961227K->537073K(2044736K), 0.1122499 secs]
Total time for which application threads were stopped: 0.1152519 seconds
Application time: 17.0392749 seconds
23479.093: [GC 23479.093: [ParNew
Desired survivor size 48306584 bytes, new threshold 10 (max 10)
- age   1:    7546528 bytes,    7546528 total
- age   2:    2052072 bytes,    9598600 total
- age   3:     889216 bytes,   10487816 total
- age   4:    2442832 bytes,   12930648 total
- age   5:    5000088 bytes,   17930736 total
- age   6:    1049064 bytes,   18979800 total
- age   7:    2163224 bytes,   21143024 total
- age   8:     620224 bytes,   21763248 total
- age   9:     923184 bytes,   22686432 total
- age  10:    1003768 bytes,   23690200 total
: 441154K->23231K(471872K), 0.1144654 secs] 956529K->539335K(2044736K), 0.1148210 secs]
Total time for which application threads were stopped: 0.1173657 seconds
Application time: 30.2793301 seconds
23509.489: [GC 23509.490: [ParNew
Desired survivor size 48306584 bytes, new threshold 10 (max 10)
- age   1:    8411944 bytes,    8411944 total
- age   2:    2647240 bytes,   11059184 total
- age   3:     695360 bytes,   11754544 total
- age   4:     886208 bytes,   12640752 total
- age   5:    2442832 bytes,   15083584 total
- age   6:    4975848 bytes,   20059432 total
- age   7:    1049064 bytes,   21108496 total
- age   8:    2163224 bytes,   23271720 total
- age   9:     620224 bytes,   23891944 total
- age  10:     922696 bytes,   24814640 total
: 442687K->24331K(471872K), 0.1103722 secs] 958791K->541401K(2044736K), 0.1107018 secs]
Total time for which application threads were stopped: 0.1130160 seconds
Application time: 18.7489965 seconds
23528.352: [GC 23528.352: [ParNew
Desired survivor size 48306584 bytes, new threshold 10 (max 10)
- age   1:    4475976 bytes,    4475976 total
- age   2:    6574032 bytes,   11050008 total
- age   3:    1369832 bytes,   12419840 total
- age   4:     627160 bytes,   13047000 total
- age   5:     885584 bytes,   13932584 total
- age   6:    2442832 bytes,   16375416 total
- age   7:    4893112 bytes,   21268528 total
- age   8:    1049064 bytes,   22317592 total
- age   9:    2163224 bytes,   24480816 total
- age  10:     620224 bytes,   25101040 total
: 443787K->24618K(471872K), 0.1025158 secs] 960857K->542590K(2044736K), 0.1028383 secs]
Total time for which application threads were stopped: 0.1052093 seconds
Application time: 19.2420469 seconds
23547.699: [GC 23547.699: [ParNew
Desired survivor size 48306584 bytes, new threshold 10 (max 10)
- age   1:    2251680 bytes,    2251680 total
- age   2:    2709536 bytes,    4961216 total
- age   3:    6349384 bytes,   11310600 total
- age   4:    1290000 bytes,   12600600 total
- age   5:     546720 bytes,   13147320 total
- age   6:     885584 bytes,   14032904 total
- age   7:    2442768 bytes,   16475672 total
- age   8:    4850408 bytes,   21326080 total
- age   9:    1049064 bytes,   22375144 total
- age  10:    2163224 bytes,   24538368 total
: 444074K->24070K(471872K), 0.1094873 secs] 962046K->542647K(2044736K), 0.1098065 secs]
Total time for which application threads were stopped: 0.1122910 seconds
Application time: 33.5226047 seconds
23581.334: [GC 23581.334: [ParNew
Desired survivor size 48306584 bytes, new threshold 10 (max 10)
- age   1:    2426768 bytes,    2426768 total
- age   2:     565528 bytes,    2992296 total
- age   3:    2703256 bytes,    5695552 total
- age   4:    6347608 bytes,   12043160 total
- age   5:    1290000 bytes,   13333160 total
- age   6:     546720 bytes,   13879880 total
- age   7:     884960 bytes,   14764840 total
- age   8:    2442768 bytes,   17207608 total
- age   9:    4850344 bytes,   22057952 total
- age  10:     992568 bytes,   23050520 total
: 443508K->22603K(471872K), 0.1033757 secs] 962085K->543294K(2044736K), 0.1036927 secs]
Total time for which application threads were stopped: 0.1062081 seconds
Application time: 78.5456041 seconds
23659.986: [GC 23659.986: [ParNew
Desired survivor size 48306584 bytes, new threshold 10 (max 10)
- age   1:    7494296 bytes,    7494296 total
- age   2:     594440 bytes,    8088736 total
- age   3:     377968 bytes,    8466704 total
- age   4:    2575536 bytes,   11042240 total
- age   5:    3242344 bytes,   14284584 total
- age   6:    1284720 bytes,   15569304 total
- age   7:     544584 bytes,   16113888 total
- age   8:     846528 bytes,   16960416 total
- age   9:    2439816 bytes,   19400232 total
- age  10:    4794760 bytes,   24194992 total
: 442013K->23719K(471872K), 0.0882181 secs] 962703K->545186K(2044736K), 0.0885519 secs]
Total time for which application threads were stopped: 0.0908273 seconds
Application time: 75.3960015 seconds
23735.473: [GC 23735.473: [ParNew
Desired survivor size 48306584 bytes, new threshold 10 (max 10)
- age   1:    3763624 bytes,    3763624 total
- age   2:    3995784 bytes,    7759408 total
- age   3:     572392 bytes,    8331800 total
- age   4:     359576 bytes,    8691376 total
- age   5:    2555696 bytes,   11247072 total
- age   6:    2266656 bytes,   13513728 total
- age   7:    1086576 bytes,   14600304 total
- age   8:     536072 bytes,   15136376 total
- age   9:     826728 bytes,   15963104 total
- age  10:    2429288 bytes,   18392392 total
: 443175K->18041K(471872K), 0.1006461 secs] 964642K->544034K(2044736K), 0.1010480 secs]
Total time for which application threads were stopped: 0.1034638 seconds
Application time: 17.8376817 seconds
23753.414: [GC 23753.414: [ParNew
Desired survivor size 48306584 bytes, new threshold 10 (max 10)
- age   1:    3964728 bytes,    3964728 total
- age   2:    1730768 bytes,    5695496 total
- age   3:    3994584 bytes,    9690080 total
- age   4:     515168 bytes,   10205248 total
- age   5:     359576 bytes,   10564824 total
- age   6:    1979368 bytes,   12544192 total
- age   7:    1890928 bytes,   14435120 total
- age   8:    1058528 bytes,   15493648 total
- age   9:     535344 bytes,   16028992 total
- age  10:     763920 bytes,   16792912 total
: 437497K->16474K(471872K), 0.1019333 secs] 963490K->544839K(2044736K), 0.1022646 secs]
Total time for which application threads were stopped: 0.1045893 seconds
Application time: 28.2025232 seconds
23781.721: [GC 23781.722: [ParNew
Desired survivor size 48306584 bytes, new threshold 10 (max 10)
- age   1:    6733920 bytes,    6733920 total
- age   2:    2203992 bytes,    8937912 total
- age   3:    1175560 bytes,   10113472 total
- age   4:     790216 bytes,   10903688 total
- age   5:     435336 bytes,   11339024 total
- age   6:     355224 bytes,   11694248 total
- age   7:    1524192 bytes,   13218440 total
- age   8:    1890928 bytes,   15109368 total
- age   9:    1055544 bytes,   16164912 total
- age  10:     533744 bytes,   16698656 total
: 435930K->16385K(471872K), 0.0816708 secs] 964295K->545495K(2044736K), 0.0820012 secs]
Total time for which application threads were stopped: 0.0848679 seconds
Application time: 7.7282734 seconds
23789.534: [GC 23789.534: [ParNew
Desired survivor size 48306584 bytes, new threshold 10 (max 10)
- age   1:    4440576 bytes,    4440576 total
- age   2:    5160256 bytes,    9600832 total
- age   3:    1163536 bytes,   10764368 total
- age   4:     748048 bytes,   11512416 total
- age   5:     790216 bytes,   12302632 total
- age   6:     434712 bytes,   12737344 total
- age   7:     355160 bytes,   13092504 total
- age   8:    1524192 bytes,   14616696 total
- age   9:    1889472 bytes,   16506168 total
- age  10:    1055544 bytes,   17561712 total
: 435841K->17225K(471872K), 0.0776418 secs] 964951K->546857K(2044736K), 0.0779358 secs]
Total time for which application threads were stopped: 0.0801672 seconds
Application time: 40.5649523 seconds
23830.179: [GC 23830.180: [ParNew
Desired survivor size 48306584 bytes, new threshold 10 (max 10)
- age   1:    1740136 bytes,    1740136 total
- age   2:    3336088 bytes,    5076224 total
- age   3:    4851296 bytes,    9927520 total
- age   4:    1106816 bytes,   11034336 total
- age   5:     667328 bytes,   11701664 total
- age   6:     789472 bytes,   12491136 total
- age   7:     431328 bytes,   12922464 total
- age   8:     292520 bytes,   13214984 total
- age   9:    1504384 bytes,   14719368 total
- age  10:    1809608 bytes,   16528976 total
: 436677K->16208K(471872K), 0.0817717 secs] 966309K->546871K(2044736K), 0.0821003 secs]
Total time for which application threads were stopped: 0.0845925 seconds
Application time: 29.5676610 seconds
23859.832: [GC 23859.832: [ParNew
Desired survivor size 48306584 bytes, new threshold 10 (max 10)
- age   1:    4593896 bytes,    4593896 total
- age   2:     655448 bytes,    5249344 total
- age   3:    2885440 bytes,    8134784 total
- age   4:    4273832 bytes,   12408616 total
- age   5:    1106336 bytes,   13514952 total
- age   6:     666640 bytes,   14181592 total
- age   7:     709408 bytes,   14891000 total
- age   8:     428944 bytes,   15319944 total
- age   9:     288824 bytes,   15608768 total
- age  10:    1504384 bytes,   17113152 total
: 435664K->16780K(471872K), 0.0988433 secs] 966327K->549210K(2044736K), 0.0991620 secs]
Total time for which application threads were stopped: 0.1015462 seconds
Application time: 22.6372332 seconds
23882.573: [GC 23882.573: [ParNew
Desired survivor size 48306584 bytes, new threshold 10 (max 10)
- age   1:    7647392 bytes,    7647392 total
- age   2:    1809872 bytes,    9457264 total
- age   3:     622568 bytes,   10079832 total
- age   4:     881056 bytes,   10960888 total
- age   5:    1013424 bytes,   11974312 total
- age   6:    1106336 bytes,   13080648 total
- age   7:     666640 bytes,   13747288 total
- age   8:     709408 bytes,   14456696 total
- age   9:     425104 bytes,   14881800 total
- age  10:     288824 bytes,   15170624 total
: 436228K->14866K(471872K), 0.0764401 secs] 968658K->548764K(2044736K), 0.0767815 secs]
Total time for which application threads were stopped: 0.0816740 seconds
Application time: 30.3793738 seconds
23913.032: [GC 23913.032: [ParNew
Desired survivor size 48306584 bytes, new threshold 10 (max 10)
- age   1:    2574616 bytes,    2574616 total
- age   2:    5564056 bytes,    8138672 total
- age   3:    1656624 bytes,    9795296 total
- age   4:     539304 bytes,   10334600 total
- age   5:     879664 bytes,   11214264 total
- age   6:     899008 bytes,   12113272 total
- age   7:    1105712 bytes,   13218984 total
- age   8:     666640 bytes,   13885624 total
- age   9:     706960 bytes,   14592584 total
- age  10:     425104 bytes,   15017688 total
: 434321K->14727K(471872K), 0.0893128 secs] 968220K->548908K(2044736K), 0.0896725 secs]
Total time for which application threads were stopped: 0.0924004 seconds
Application time: 49.5804704 seconds
23962.705: [GC 23962.705: [ParNew
Desired survivor size 48306584 bytes, new threshold 10 (max 10)
- age   1:    2108528 bytes,    2108528 total
- age   2:     716616 bytes,    2825144 total
- age   3:    5539808 bytes,    8364952 total
- age   4:    1641016 bytes,   10005968 total
- age   5:     377664 bytes,   10383632 total
- age   6:     863328 bytes,   11246960 total
- age   7:     873792 bytes,   12120752 total
- age   8:    1039400 bytes,   13160152 total
- age   9:     614328 bytes,   13774480 total
- age  10:     693352 bytes,   14467832 total
: 434182K->14186K(471872K), 0.0641099 secs] 968363K->548779K(2044736K), 0.0644151 secs]
Total time for which application threads were stopped: 0.0666730 seconds
Application time: 72.3918213 seconds
24035.163: [GC 24035.163: [ParNew
Desired survivor size 48306584 bytes, new threshold 10 (max 10)
- age   1:    5346248 bytes,    5346248 total
- age   2:     385816 bytes,    5732064 total
- age   3:     698920 bytes,    6430984 total
- age   4:    5442240 bytes,   11873224 total
- age   5:    1104560 bytes,   12977784 total
- age   6:     315952 bytes,   13293736 total
- age   7:     863360 bytes,   14157096 total
- age   8:     873792 bytes,   15030888 total
- age   9:    1039400 bytes,   16070288 total
- age  10:     604776 bytes,   16675064 total
: 433642K->16341K(471872K), 0.0655630 secs] 968235K->551612K(2044736K), 0.0658773 secs]
Total time for which application threads were stopped: 0.0682694 seconds
Application time: 7.7537513 seconds
24042.985: [GC 24042.985: [ParNew
Desired survivor size 48306584 bytes, new threshold 10 (max 10)
- age   1:    4458352 bytes,    4458352 total
- age   2:    3697136 bytes,    8155488 total
- age   3:     269464 bytes,    8424952 total
- age   4:     695256 bytes,    9120208 total
- age   5:    3906296 bytes,   13026504 total
- age   6:     656312 bytes,   13682816 total
- age   7:     315952 bytes,   13998768 total
- age   8:     863328 bytes,   14862096 total
- age   9:     873792 bytes,   15735888 total
- age  10:    1039256 bytes,   16775144 total
: 435797K->16442K(471872K), 0.0787141 secs] 971068K->552303K(2044736K), 0.0790606 secs]
Total time for which application threads were stopped: 0.0816227 seconds
Application time: 54.3648101 seconds
24097.432: [GC 24097.432: [ParNew
Desired survivor size 48306584 bytes, new threshold 10 (max 10)
- age   1:    9648424 bytes,    9648424 total
- age   2:    3232720 bytes,   12881144 total
- age   3:    1380040 bytes,   14261184 total
- age   4:     269272 bytes,   14530456 total
- age   5:     694144 bytes,   15224600 total
- age   6:     844752 bytes,   16069352 total
- age   7:     535160 bytes,   16604512 total
- age   8:     314992 bytes,   16919504 total
- age   9:     861088 bytes,   17780592 total
- age  10:     869168 bytes,   18649760 total
: 435893K->18271K(471872K), 0.0690019 secs] 971754K->555090K(2044736K), 0.0693263 secs]
Total time for which application threads were stopped: 0.0719798 seconds
Application time: 72.6475405 seconds
24170.151: [GC 24170.151: [ParNew
Desired survivor size 48306584 bytes, new threshold 10 (max 10)
- age   1:    7091488 bytes,    7091488 total
- age   2:    1411696 bytes,    8503184 total
- age   3:    3032736 bytes,   11535920 total
- age   4:    1280336 bytes,   12816256 total
- age   5:     269208 bytes,   13085464 total
- age   6:     694144 bytes,   13779608 total
- age   7:     843520 bytes,   14623128 total
- age   8:     534248 bytes,   15157376 total
- age   9:     305824 bytes,   15463200 total
- age  10:     861088 bytes,   16324288 total
: 437718K->15996K(471872K), 0.0642836 secs] 974537K->553665K(2044736K), 0.0651551 secs]
Total time for which application threads were stopped: 0.0674065 seconds
Application time: 31.2741407 seconds
24201.493: [GC 24201.493: [ParNew
Desired survivor size 48306584 bytes, new threshold 10 (max 10)
- age   1:   12061048 bytes,   12061048 total
- age   2:    1013872 bytes,   13074920 total
- age   3:    1403824 bytes,   14478744 total
- age   4:    2678960 bytes,   17157704 total
- age   5:     747184 bytes,   17904888 total
- age   6:     206072 bytes,   18110960 total
- age   7:     608552 bytes,   18719512 total
- age   8:     841280 bytes,   19560792 total
- age   9:     534248 bytes,   20095040 total
- age  10:     305824 bytes,   20400864 total
: 435452K->19981K(471872K), 0.0837647 secs] 973121K->558490K(2044736K), 0.0840866 secs]
Total time for which application threads were stopped: 0.0866796 seconds
Application time: 7.9744994 seconds
24209.555: [GC 24209.555: [ParNew
Desired survivor size 48306584 bytes, new threshold 10 (max 10)
- age   1:    4440728 bytes,    4440728 total
- age   2:   10159640 bytes,   14600368 total
- age   3:    1013872 bytes,   15614240 total
- age   4:    1365816 bytes,   16980056 total
- age   5:     872624 bytes,   17852680 total
- age   6:     747184 bytes,   18599864 total
- age   7:     188776 bytes,   18788640 total
- age   8:     607096 bytes,   19395736 total
- age   9:     841280 bytes,   20237016 total
- age  10:     534248 bytes,   20771264 total
: 439437K->20357K(471872K), 0.0921195 secs] 977946K->559165K(2044736K), 0.0925666 secs]
Total time for which application threads were stopped: 0.0960871 seconds
Application time: 27.0247610 seconds
24236.675: [GC 24236.676: [ParNew
Desired survivor size 48306584 bytes, new threshold 10 (max 10)
- age   1:    5927432 bytes,    5927432 total
- age   2:    2801152 bytes,    8728584 total
- age   3:    7014328 bytes,   15742912 total
- age   4:    1010376 bytes,   16753288 total
- age   5:    1239200 bytes,   17992488 total
- age   6:     868136 bytes,   18860624 total
- age   7:     741904 bytes,   19602528 total
- age   8:     173592 bytes,   19776120 total
- age   9:     605216 bytes,   20381336 total
- age  10:     839312 bytes,   21220648 total
: 439813K->20787K(471872K), 0.0850818 secs] 978620K->560116K(2044736K), 0.0854540 secs]
Total time for which application threads were stopped: 0.0883777 seconds
Application time: 6.7463833 seconds
24243.510: [GC 24243.510: [ParNew
Desired survivor size 48306584 bytes, new threshold 10 (max 10)
- age   1:    4078448 bytes,    4078448 total
- age   2:    4003376 bytes,    8081824 total
- age   3:    2086416 bytes,   10168240 total
- age   4:    6197168 bytes,   16365408 total
- age   5:     929304 bytes,   17294712 total
- age   6:    1157264 bytes,   18451976 total
- age   7:     256008 bytes,   18707984 total
- age   8:     675640 bytes,   19383624 total
- age   9:     173592 bytes,   19557216 total
- age  10:     605216 bytes,   20162432 total
: 440243K->19751K(471872K), 0.0850519 secs] 979572K->559899K(2044736K), 0.0853793 secs]
Total time for which application threads were stopped: 0.0878432 seconds
Application time: 21.7948501 seconds
24265.393: [GC 24265.393: [ParNew
Desired survivor size 48306584 bytes, new threshold 10 (max 10)
- age   1:   10340368 bytes,   10340368 total
- age   2:    2213824 bytes,   12554192 total
- age   3:     844016 bytes,   13398208 total
- age   4:    1214152 bytes,   14612360 total
- age   5:    6124952 bytes,   20737312 total
- age   6:     913176 bytes,   21650488 total
- age   7:     706384 bytes,   22356872 total
- age   8:     169416 bytes,   22526288 total
- age   9:     655904 bytes,   23182192 total
- age  10:     162360 bytes,   23344552 total
: 439207K->22853K(471872K), 0.0849607 secs] 979355K->563593K(2044736K), 0.0852924 secs]
Total time for which application threads were stopped: 0.0877060 seconds
Application time: 53.5168510 seconds
24318.997: [GC 24318.997: [ParNew
Desired survivor size 48306584 bytes, new threshold 10 (max 10)
- age   1:    2551024 bytes,    2551024 total
- age   2:    5592104 bytes,    8143128 total
- age   3:    2178608 bytes,   10321736 total
- age   4:     793128 bytes,   11114864 total
- age   5:    1149440 bytes,   12264304 total
- age   6:    6124328 bytes,   18388632 total
- age   7:     913200 bytes,   19301832 total
- age   8:     557304 bytes,   19859136 total
- age   9:      88928 bytes,   19948064 total
- age  10:     643632 bytes,   20591696 total
: 442301K->20167K(471872K), 0.0737261 secs] 983041K->561065K(2044736K), 0.0740405 secs]
Total time for which application threads were stopped: 0.0763973 seconds
Application time: 26.5152952 seconds
24345.589: [GC 24345.589: [ParNew
Desired survivor size 48306584 bytes, new threshold 10 (max 10)
- age   1:    7083736 bytes,    7083736 total
- age   2:     688440 bytes,    7772176 total
- age   3:    2219256 bytes,    9991432 total
- age   4:    2116080 bytes,   12107512 total
- age   5:     792984 bytes,   12900496 total
- age   6:    1148320 bytes,   14048816 total
- age   7:    2381992 bytes,   16430808 total
- age   8:     854376 bytes,   17285184 total
- age   9:     557304 bytes,   17842488 total
- age  10:      82536 bytes,   17925024 total
: 439623K->17570K(471872K), 0.0928596 secs] 980521K->559034K(2044736K), 0.0932009 secs]
Total time for which application threads were stopped: 0.0956696 seconds
Application time: 9.9200940 seconds
24355.605: [GC 24355.605: [ParNew
Desired survivor size 48306584 bytes, new threshold 10 (max 10)
- age   1:    5607520 bytes,    5607520 total
- age   2:    4838856 bytes,   10446376 total
- age   3:     608176 bytes,   11054552 total
- age   4:    2142216 bytes,   13196768 total
- age   5:     908248 bytes,   14105016 total
- age   6:     792856 bytes,   14897872 total
- age   7:    1148320 bytes,   16046192 total
- age   8:    2381992 bytes,   18428184 total
- age   9:     791216 bytes,   19219400 total
- age  10:     552880 bytes,   19772280 total
: 437026K->19386K(471872K), 0.0910543 secs] 978490K->560932K(2044736K), 0.0914701 secs]
Total time for which application threads were stopped: 0.0942288 seconds
Application time: 6.8878929 seconds
24362.587: [GC 24362.588: [ParNew
Desired survivor size 48306584 bytes, new threshold 10 (max 10)
- age   1:    6043952 bytes,    6043952 total
- age   2:    3246952 bytes,    9290904 total
- age   3:    4195880 bytes,   13486784 total
- age   4:     544744 bytes,   14031528 total
- age   5:    1896384 bytes,   15927912 total
- age   6:     772600 bytes,   16700512 total
- age   7:     792856 bytes,   17493368 total
- age   8:    1148320 bytes,   18641688 total
- age   9:    2381992 bytes,   21023680 total
- age  10:     773528 bytes,   21797208 total
: 438819K->21367K(471872K), 0.0990403 secs] 980364K->563451K(2044736K), 0.0995608 secs]
Total time for which application threads were stopped: 0.1030220 seconds
Application time: 7.3152562 seconds
24370.005: [GC 24370.006: [ParNew
Desired survivor size 48306584 bytes, new threshold 10 (max 10)
- age   1:    3674840 bytes,    3674840 total
- age   2:    3949176 bytes,    7624016 total
- age   3:    3172064 bytes,   10796080 total
- age   4:    4195880 bytes,   14991960 total
- age   5:     522520 bytes,   15514480 total
- age   6:     908488 bytes,   16422968 total
- age   7:     559448 bytes,   16982416 total
- age   8:     792856 bytes,   17775272 total
- age   9:    1148320 bytes,   18923592 total
- age  10:    2381992 bytes,   21305584 total
: 440820K->20898K(471872K), 0.0999002 secs] 982904K->563722K(2044736K), 0.1002200 secs]
Total time for which application threads were stopped: 0.1027305 seconds
Application time: 8.6841006 seconds
24378.792: [GC 24378.793: [ParNew
Desired survivor size 48306584 bytes, new threshold 10 (max 10)
- age   1:    2044120 bytes,    2044120 total
- age   2:    2218008 bytes,    4262128 total
- age   3:    3942992 bytes,    8205120 total
- age   4:    3154352 bytes,   11359472 total
- age   5:    4063200 bytes,   15422672 total
- age   6:     522520 bytes,   15945192 total
- age   7:     908160 bytes,   16853352 total
- age   8:     559448 bytes,   17412800 total
- age   9:     792856 bytes,   18205656 total
- age  10:    1148320 bytes,   19353976 total
: 440354K->18978K(471872K), 0.1096373 secs] 983178K->564128K(2044736K), 0.1104500 secs]
Total time for which application threads were stopped: 0.1131723 seconds
Application time: 25.0291168 seconds
24403.935: [GC 24403.935: [ParNew
Desired survivor size 48306584 bytes, new threshold 10 (max 10)
- age   1:    7310896 bytes,    7310896 total
- age   2:     726352 bytes,    8037248 total
- age   3:    2190176 bytes,   10227424 total
- age   4:    1116176 bytes,   11343600 total
- age   5:    2624392 bytes,   13967992 total
- age   6:    4061864 bytes,   18029856 total
- age   7:     522520 bytes,   18552376 total
- age   8:     908160 bytes,   19460536 total
- age   9:     559448 bytes,   20019984 total
- age  10:     792856 bytes,   20812840 total
: 438434K->20403K(471872K), 0.0904577 secs] 983584K->566675K(2044736K), 0.0907843 secs]
Total time for which application threads were stopped: 0.0934849 seconds
Application time: 16.4840643 seconds
24420.512: [GC 24420.512: [ParNew
Desired survivor size 48306584 bytes, new threshold 10 (max 10)
- age   1:    3213576 bytes,    3213576 total
- age   2:    4554568 bytes,    7768144 total
- age   3:     551008 bytes,    8319152 total
- age   4:    1227528 bytes,    9546680 total
- age   5:    1116000 bytes,   10662680 total
- age   6:    2624392 bytes,   13287072 total
- age   7:    4061864 bytes,   17348936 total
- age   8:     522520 bytes,   17871456 total
- age   9:     908160 bytes,   18779616 total
- age  10:     559448 bytes,   19339064 total
: 439858K->18961K(471872K), 0.1060252 secs] 986130K->566008K(2044736K), 0.1063659 secs]
Total time for which application threads were stopped: 0.1088822 seconds
Application time: 19.9331683 seconds
24440.554: [GC 24440.555: [ParNew
Desired survivor size 48306584 bytes, new threshold 10 (max 10)
- age   1:    2970912 bytes,    2970912 total
- age   2:    2041808 bytes,    5012720 total
- age   3:    4325376 bytes,    9338096 total
- age   4:     547560 bytes,    9885656 total
- age   5:    1143448 bytes,   11029104 total
- age   6:    1115800 bytes,   12144904 total
- age   7:    2508104 bytes,   14653008 total
- age   8:    3981136 bytes,   18634144 total
- age   9:     522520 bytes,   19156664 total
- age  10:     908160 bytes,   20064824 total
: 438410K->19669K(471872K), 0.0918637 secs] 985457K->567264K(2044736K), 0.0922234 secs]
Total time for which application threads were stopped: 0.0947088 seconds
Application time: 106.5012055 seconds
24547.150: [GC 24547.150: [ParNew
Desired survivor size 48306584 bytes, new threshold 10 (max 10)
- age   1:    3468280 bytes,    3468280 total
- age   2:    1058744 bytes,    4527024 total
- age   3:    1453600 bytes,    5980624 total
- age   4:    3867304 bytes,    9847928 total
- age   5:     530784 bytes,   10378712 total
- age   6:    1118008 bytes,   11496720 total
- age   7:    1097048 bytes,   12593768 total
- age   8:    2493680 bytes,   15087448 total
- age   9:    3965792 bytes,   19053240 total
- age  10:     433904 bytes,   19487144 total
: 439121K->19100K(471872K), 0.0875636 secs] 986716K->567560K(2044736K), 0.0879201 secs]
Total time for which application threads were stopped: 0.0902325 seconds
Application time: 12.2790898 seconds
24559.529: [GC 24559.529: [ParNew
Desired survivor size 48306584 bytes, new threshold 10 (max 10)
- age   1:    7282440 bytes,    7282440 total
- age   2:    1186792 bytes,    8469232 total
- age   3:    1058680 bytes,    9527912 total
- age   4:    1386624 bytes,   10914536 total
- age   5:    2961744 bytes,   13876280 total
- age   6:     530784 bytes,   14407064 total
- age   7:    1118008 bytes,   15525072 total
- age   8:    1097048 bytes,   16622120 total
- age   9:    2493680 bytes,   19115800 total
- age  10:     900328 bytes,   20016128 total
: 438556K->19630K(471872K), 0.0916424 secs] 987016K->568497K(2044736K), 0.0919803 secs]
Total time for which application threads were stopped: 0.1034458 seconds
Application time: 26.3144778 seconds
24585.938: [GC 24585.938: [ParNew
Desired survivor size 48306584 bytes, new threshold 10 (max 10)
- age   1:    5692320 bytes,    5692320 total
- age   2:    2422544 bytes,    8114864 total
- age   3:     824496 bytes,    8939360 total
- age   4:    1057616 bytes,    9996976 total
- age   5:     876768 bytes,   10873744 total
- age   6:    2961744 bytes,   13835488 total
- age   7:     530784 bytes,   14366272 total
- age   8:    1118008 bytes,   15484280 total
- age   9:    1097048 bytes,   16581328 total
- age  10:    2493680 bytes,   19075008 total
: 439086K->18707K(471872K), 0.0846762 secs] 987953K->568454K(2044736K), 0.0849762 secs]
Total time for which application threads were stopped: 0.0874478 seconds
Application time: 30.2982096 seconds
24616.323: [GC 24616.324: [ParNew
Desired survivor size 48306584 bytes, new threshold 10 (max 10)
- age   1:   18066248 bytes,   18066248 total
- age   2:    1798776 bytes,   19865024 total
- age   3:    2419896 bytes,   22284920 total
- age   4:     821808 bytes,   23106728 total
- age   5:     996992 bytes,   24103720 total
- age   6:     876768 bytes,   24980488 total
- age   7:    2881424 bytes,   27861912 total
- age   8:     530784 bytes,   28392696 total
- age   9:    1117384 bytes,   29510080 total
- age  10:    1097048 bytes,   30607128 total
: 437976K->29959K(471872K), 0.0924734 secs] 987723K->582141K(2044736K), 0.0928486 secs]
Total time for which application threads were stopped: 0.0953745 seconds
Application time: 16.9462223 seconds
24633.365: [GC 24633.365: [ParNew
Desired survivor size 48306584 bytes, new threshold 10 (max 10)
- age   1:    2372584 bytes,    2372584 total
- age   2:    3625352 bytes,    5997936 total
- age   3:    1798568 bytes,    7796504 total
- age   4:    2419152 bytes,   10215656 total
- age   5:     821872 bytes,   11037528 total
- age   6:     996992 bytes,   12034520 total
- age   7:     876768 bytes,   12911288 total
- age   8:    2819088 bytes,   15730376 total
- age   9:     530784 bytes,   16261160 total
- age  10:    1117384 bytes,   17378544 total
: 449415K->17035K(471872K), 0.0681120 secs] 1001597K->570288K(2044736K), 0.0684177 secs]
Total time for which application threads were stopped: 0.0708435 seconds
Application time: 17.8426146 seconds
24651.279: [GC 24651.279: [ParNew
Desired survivor size 48306584 bytes, new threshold 10 (max 10)
- age   1:    5966104 bytes,    5966104 total
- age   2:     220376 bytes,    6186480 total
- age   3:    3617216 bytes,    9803696 total
- age   4:    1789624 bytes,   11593320 total
- age   5:    1451368 bytes,   13044688 total
- age   6:     821808 bytes,   13866496 total
- age   7:     996368 bytes,   14862864 total
- age   8:     859600 bytes,   15722464 total
- age   9:    2819088 bytes,   18541552 total
- age  10:     530784 bytes,   19072336 total
: 436402K->18686K(471872K), 0.0842105 secs] 989656K->573031K(2044736K), 0.0845716 secs]
Total time for which application threads were stopped: 0.0873432 seconds
Application time: 39.4538980 seconds
24690.820: [GC 24690.820: [ParNew
Desired survivor size 48306584 bytes, new threshold 10 (max 10)
- age   1:    8183424 bytes,    8183424 total
- age   2:    2683552 bytes,   10866976 total
- age   3:     219480 bytes,   11086456 total
- age   4:     549000 bytes,   11635456 total
- age   5:     888696 bytes,   12524152 total
- age   6:    1000880 bytes,   13525032 total
- age   7:     624568 bytes,   14149600 total
- age   8:     996368 bytes,   15145968 total
- age   9:     859600 bytes,   16005568 total
- age  10:    2818304 bytes,   18823872 total
: 438142K->18453K(471872K), 0.0775129 secs] 992486K->573315K(2044736K), 0.0778060 secs]
Total time for which application threads were stopped: 0.0801679 seconds
Application time: 38.6868583 seconds
24729.587: [GC 24729.587: [ParNew
Desired survivor size 48306584 bytes, new threshold 10 (max 10)
- age   1:    2863480 bytes,    2863480 total
- age   2:    6400224 bytes,    9263704 total
- age   3:    2683232 bytes,   11946936 total
- age   4:     219480 bytes,   12166416 total
- age   5:     548976 bytes,   12715392 total
- age   6:     888696 bytes,   13604088 total
- age   7:     937600 bytes,   14541688 total
- age   8:     544176 bytes,   15085864 total
- age   9:     995608 bytes,   16081472 total
- age  10:     856688 bytes,   16938160 total
: 437909K->16607K(471872K), 0.0849625 secs] 992770K->574217K(2044736K), 0.0857409 secs]
Total time for which application threads were stopped: 0.0880838 seconds
Application time: 38.2976858 seconds
24767.973: [GC 24767.973: [ParNew
Desired survivor size 48306584 bytes, new threshold 10 (max 10)
- age   1:    1753104 bytes,    1753104 total
- age   2:     694832 bytes,    2447936 total
- age   3:    6399192 bytes,    8847128 total
- age   4:    2682608 bytes,   11529736 total
- age   5:     219480 bytes,   11749216 total
- age   6:     548920 bytes,   12298136 total
- age   7:     888696 bytes,   13186832 total
- age   8:     920392 bytes,   14107224 total
- age   9:     541008 bytes,   14648232 total
- age  10:     929992 bytes,   15578224 total
: 436063K->15274K(471872K), 0.0781954 secs] 993673K->573721K(2044736K), 0.0784988 secs]
Total time for which application threads were stopped: 0.0810815 seconds
Application time: 46.4911491 seconds
24814.545: [GC 24814.545: [ParNew
Desired survivor size 48306584 bytes, new threshold 10 (max 10)
- age   1:    5081264 bytes,    5081264 total
- age   2:     474416 bytes,    5555680 total
- age   3:     611832 bytes,    6167512 total
- age   4:    6392048 bytes,   12559560 total
- age   5:    2682584 bytes,   15242144 total
- age   6:     218752 bytes,   15460896 total
- age   7:     548920 bytes,   16009816 total
- age   8:     887304 bytes,   16897120 total
- age   9:     920392 bytes,   17817512 total
- age  10:     530864 bytes,   18348376 total
: 434638K->17980K(471872K), 0.0748023 secs] 993085K->577318K(2044736K), 0.0751480 secs]
Total time for which application threads were stopped: 0.0777321 seconds
Application time: 23.1029747 seconds
24837.726: [GC 24837.726: [ParNew
Desired survivor size 48306584 bytes, new threshold 10 (max 10)
- age   1:    7445760 bytes,    7445760 total
- age   2:     615360 bytes,    8061120 total
- age   3:     445760 bytes,    8506880 total
- age   4:     288048 bytes,    8794928 total
- age   5:    6367976 bytes,   15162904 total
- age   6:    2665168 bytes,   17828072 total
- age   7:     194640 bytes,   18022712 total
- age   8:     528656 bytes,   18551368 total
- age   9:     869840 bytes,   19421208 total
- age  10:     902864 bytes,   20324072 total
: 437411K->19906K(471872K), 0.0813101 secs] 996749K->579752K(2044736K), 0.0816661 secs]
Total time for which application threads were stopped: 0.0840710 seconds
Application time: 64.0993901 seconds
24901.909: [GC 24901.909: [ParNew
Desired survivor size 48306584 bytes, new threshold 10 (max 10)
- age   1:   22523264 bytes,   22523264 total
- age   2:     866200 bytes,   23389464 total
- age   3:     532320 bytes,   23921784 total
- age   4:     445144 bytes,   24366928 total
- age   5:     288048 bytes,   24654976 total
- age   6:    6367352 bytes,   31022328 total
- age   7:    2609072 bytes,   33631400 total
- age   8:     156424 bytes,   33787824 total
- age   9:     524776 bytes,   34312600 total
- age  10:     863760 bytes,   35176360 total
: 439237K->34419K(471872K), 0.0960976 secs] 999083K->595145K(2044736K), 0.0964341 secs]
Total time for which application threads were stopped: 0.0988833 seconds
Application time: 78.0251301 seconds
24980.033: [GC 24980.033: [ParNew
Desired survivor size 48306584 bytes, new threshold 10 (max 10)
- age   1:    8800856 bytes,    8800856 total
- age   2:    9053944 bytes,   17854800 total
- age   3:     775224 bytes,   18630024 total
- age   4:     532192 bytes,   19162216 total
- age   5:     445144 bytes,   19607360 total
- age   6:     287424 bytes,   19894784 total
- age   7:    5988328 bytes,   25883112 total
- age   8:    1625544 bytes,   27508656 total
- age   9:     154184 bytes,   27662840 total
- age  10:     448376 bytes,   28111216 total
: 453840K->27506K(471872K), 0.0894426 secs] 1014567K->589077K(2044736K), 0.0897339 secs]
Total time for which application threads were stopped: 0.0920659 seconds
Application time: 21.2718397 seconds
25001.398: [GC 25001.398: [ParNew
Desired survivor size 48306584 bytes, new threshold 10 (max 10)
- age   1:   10311224 bytes,   10311224 total
- age   2:    2703736 bytes,   13014960 total
- age   3:    1912440 bytes,   14927400 total
- age   4:     775096 bytes,   15702496 total
- age   5:     531704 bytes,   16234200 total
- age   6:     445144 bytes,   16679344 total
- age   7:     287200 bytes,   16966544 total
- age   8:    4831384 bytes,   21797928 total
- age   9:    1625544 bytes,   23423472 total
- age  10:     154184 bytes,   23577656 total
: 446953K->23079K(471872K), 0.0961696 secs] 1008524K->585087K(2044736K), 0.0965455 secs]
Total time for which application threads were stopped: 0.0993537 seconds
Application time: 19.7238822 seconds
25021.221: [GC 25021.221: [ParNew
Desired survivor size 48306584 bytes, new threshold 10 (max 10)
- age   1:   15030248 bytes,   15030248 total
- age   2:    2318064 bytes,   17348312 total
- age   3:    1481464 bytes,   18829776 total
- age   4:    1912336 bytes,   20742112 total
- age   5:     775096 bytes,   21517208 total
- age   6:     531704 bytes,   22048912 total
- age   7:     445168 bytes,   22494080 total
- age   8:     272640 bytes,   22766720 total
- age   9:    4831384 bytes,   27598104 total
- age  10:    1625416 bytes,   29223520 total
: 442535K->28598K(471872K), 0.0824014 secs] 1004543K->590757K(2044736K), 0.0827140 secs]
Total time for which application threads were stopped: 0.0850317 seconds
Application time: 5.8720833 seconds
25027.179: [GC 25027.179: [ParNew
Desired survivor size 48306584 bytes, new threshold 10 (max 10)
- age   1:    5904248 bytes,    5904248 total
- age   2:   10210616 bytes,   16114864 total
- age   3:    1597816 bytes,   17712680 total
- age   4:    1047376 bytes,   18760056 total
- age   5:    1911848 bytes,   20671904 total
- age   6:     775096 bytes,   21447000 total
- age   7:     531704 bytes,   21978704 total
- age   8:     382544 bytes,   22361248 total
- age   9:     271856 bytes,   22633104 total
- age  10:    4831480 bytes,   27464584 total
: 448054K->26880K(471872K), 0.0873313 secs] 1010213K->590626K(2044736K), 0.0876626 secs]
Total time for which application threads were stopped: 0.0914481 seconds
Application time: 6.0466020 seconds
25033.316: [GC 25033.316: [ParNew
Desired survivor size 48306584 bytes, new threshold 10 (max 10)
- age   1:    6718008 bytes,    6718008 total
- age   2:    2484688 bytes,    9202696 total
- age   3:    9992584 bytes,   19195280 total
- age   4:    1165400 bytes,   20360680 total
- age   5:    1044312 bytes,   21404992 total
- age   6:    1911360 bytes,   23316352 total
- age   7:     775096 bytes,   24091448 total
- age   8:     531704 bytes,   24623152 total
- age   9:     302008 bytes,   24925160 total
- age  10:     271072 bytes,   25196232 total
: 446336K->24660K(471872K), 0.0947162 secs] 1010082K->590056K(2044736K), 0.0950840 secs]
Total time for which application threads were stopped: 0.0979095 seconds
Application time: 25.5266548 seconds
25058.940: [GC 25058.941: [ParNew
Desired survivor size 48306584 bytes, new threshold 10 (max 10)
- age   1:    1892336 bytes,    1892336 total
- age   2:    4721664 bytes,    6614000 total
- age   3:    2458368 bytes,    9072368 total
- age   4:    9912216 bytes,   18984584 total
- age   5:    1148256 bytes,   20132840 total
- age   6:    1043328 bytes,   21176168 total
- age   7:    1911360 bytes,   23087528 total
- age   8:     775096 bytes,   23862624 total
- age   9:     513888 bytes,   24376512 total
- age  10:     216672 bytes,   24593184 total
: 444115K->24074K(471872K), 0.0710942 secs] 1009512K->589735K(2044736K), 0.0715060 secs]
Total time for which application threads were stopped: 0.0739020 seconds
Application time: 16.7987231 seconds
25075.813: [GC 25075.813: [ParNew
Desired survivor size 48306584 bytes, new threshold 10 (max 10)
- age   1:    5845296 bytes,    5845296 total
- age   2:     692976 bytes,    6538272 total
- age   3:    4370504 bytes,   10908776 total
- age   4:    1754288 bytes,   12663064 total
- age   5:    1533120 bytes,   14196184 total
- age   6:    1148232 bytes,   15344416 total
- age   7:    1043280 bytes,   16387696 total
- age   8:    1911360 bytes,   18299056 total
- age   9:     775096 bytes,   19074152 total
- age  10:     510832 bytes,   19584984 total
: 443414K->19185K(471872K), 0.0746062 secs] 1009075K->585055K(2044736K), 0.0755257 secs]
Total time for which application threads were stopped: 0.0779396 seconds
Application time: 19.0474368 seconds
25094.939: [GC 25094.939: [ParNew
Desired survivor size 48306584 bytes, new threshold 10 (max 10)
- age   1:   17906584 bytes,   17906584 total
- age   2:    4488752 bytes,   22395336 total
- age   3:     692976 bytes,   23088312 total
- age   4:    1227056 bytes,   24315368 total
- age   5:    1737064 bytes,   26052432 total
- age   6:    1533120 bytes,   27585552 total
- age   7:    1148232 bytes,   28733784 total
- age   8:    1043280 bytes,   29777064 total
- age   9:    1911360 bytes,   31688424 total
- age  10:     775096 bytes,   32463520 total
: 438641K->31757K(471872K), 0.0838561 secs] 1004511K->598116K(2044736K), 0.0841872 secs]
Total time for which application threads were stopped: 0.0866953 seconds
Application time: 55.3755621 seconds
25150.401: [GC 25150.401: [ParNew
Desired survivor size 48306584 bytes, new threshold 10 (max 10)
- age   1:    7404104 bytes,    7404104 total
- age   2:     605680 bytes,    8009784 total
- age   3:    2134704 bytes,   10144488 total
- age   4:     639464 bytes,   10783952 total
- age   5:    1043128 bytes,   11827080 total
- age   6:    1721792 bytes,   13548872 total
- age   7:    1519928 bytes,   15068800 total
- age   8:    1127232 bytes,   16196032 total
- age   9:    1030272 bytes,   17226304 total
- age  10:    1821232 bytes,   19047536 total
: 451213K->18661K(471872K), 0.0634165 secs] 1017572K->585772K(2044736K), 0.0637177 secs]
Total time for which application threads were stopped: 0.0660888 seconds
Application time: 45.8542099 seconds
25196.321: [GC 25196.321: [ParNew
Desired survivor size 48306584 bytes, new threshold 10 (max 10)
- age   1:    6952584 bytes,    6952584 total
- age   2:    4087048 bytes,   11039632 total
- age   3:     604760 bytes,   11644392 total
- age   4:    2134704 bytes,   13779096 total
- age   5:     639464 bytes,   14418560 total
- age   6:     671496 bytes,   15090056 total
- age   7:     740504 bytes,   15830560 total
- age   8:    1519928 bytes,   17350488 total
- age   9:    1127232 bytes,   18477720 total
- age  10:    1029768 bytes,   19507488 total
: 438117K->19105K(471872K), 0.0681422 secs] 1005228K->587989K(2044736K), 0.0684584 secs]
Total time for which application threads were stopped: 0.0707528 seconds
Application time: 30.1536987 seconds
25226.546: [GC 25226.546: [ParNew
Desired survivor size 48306584 bytes, new threshold 10 (max 10)
- age   1:    3021848 bytes,    3021848 total
- age   2:    5991408 bytes,    9013256 total
- age   3:    3791744 bytes,   12805000 total
- age   4:     541136 bytes,   13346136 total
- age   5:     964024 bytes,   14310160 total
- age   6:     639464 bytes,   14949624 total
- age   7:     671440 bytes,   15621064 total
- age   8:     740504 bytes,   16361568 total
- age   9:    1519928 bytes,   17881496 total
- age  10:    1127232 bytes,   19008728 total
: 438559K->18621K(471872K), 0.0746717 secs] 1007444K->588479K(2044736K), 0.0750046 secs]
Total time for which application threads were stopped: 0.0776944 seconds
Application time: 72.2097648 seconds
25298.833: [GC 25298.833: [ParNew
Desired survivor size 48306584 bytes, new threshold 10 (max 10)
- age   1:    4816616 bytes,    4816616 total
- age   2:    2088552 bytes,    6905168 total
- age   3:    4619984 bytes,   11525152 total
- age   4:    3728608 bytes,   15253760 total
- age   5:     541112 bytes,   15794872 total
- age   6:     963000 bytes,   16757872 total
- age   7:     576512 bytes,   17334384 total
- age   8:     671440 bytes,   18005824 total
- age   9:     739880 bytes,   18745704 total
- age  10:    1413792 bytes,   20159496 total
: 438077K->19750K(471872K), 0.0698300 secs] 1007935K->590687K(2044736K), 0.0701457 secs]
Total time for which application threads were stopped: 0.0724550 seconds
Application time: 18.1719775 seconds
25317.078: [GC 25317.078: [ParNew
Desired survivor size 48306584 bytes, new threshold 10 (max 10)
- age   1:   14431312 bytes,   14431312 total
- age   2:    2509360 bytes,   16940672 total
- age   3:     918728 bytes,   17859400 total
- age   4:    4619984 bytes,   22479384 total
- age   5:     667032 bytes,   23146416 total
- age   6:     541112 bytes,   23687528 total
- age   7:     963000 bytes,   24650528 total
- age   8:     559240 bytes,   25209768 total
- age   9:     671440 bytes,   25881208 total
- age  10:     739880 bytes,   26621088 total
: 439187K->26054K(471872K), 0.0671464 secs] 1010124K->598370K(2044736K), 0.0674351 secs]
Total time for which application threads were stopped: 0.0697209 seconds
Application time: 21.1350180 seconds
25338.283: [GC 25338.283: [ParNew
Desired survivor size 48306584 bytes, new threshold 10 (max 10)
- age   1:    1961536 bytes,    1961536 total
- age   2:    5000624 bytes,    6962160 total
- age   3:    2281072 bytes,    9243232 total
- age   4:     757784 bytes,   10001016 total
- age   5:    4540480 bytes,   14541496 total
- age   6:     667000 bytes,   15208496 total
- age   7:     541112 bytes,   15749608 total
- age   8:     963000 bytes,   16712608 total
- age   9:     543704 bytes,   17256312 total
- age  10:     669984 bytes,   17926296 total
: 445509K->17561K(471872K), 0.0729725 secs] 1017825K->590600K(2044736K), 0.0733153 secs]
Total time for which application threads were stopped: 0.0757177 seconds
Application time: 45.1835447 seconds
25383.542: [GC 25383.542: [ParNew
Desired survivor size 48306584 bytes, new threshold 10 (max 10)
- age   1:    5061032 bytes,    5061032 total
- age   2:     683120 bytes,    5744152 total
- age   3:    1985040 bytes,    7729192 total
- age   4:    2198208 bytes,    9927400 total
- age   5:     757784 bytes,   10685184 total
- age   6:    4540304 bytes,   15225488 total
- age   7:     634208 bytes,   15859696 total
- age   8:     538872 bytes,   16398568 total
- age   9:     958712 bytes,   17357280 total
- age  10:     378792 bytes,   17736072 total
: 437017K->17377K(471872K), 0.0654211 secs] 1010056K->591070K(2044736K), 0.0657347 secs]
Total time for which application threads were stopped: 0.0680852 seconds
Application time: 7.7546975 seconds
25391.365: [GC 25391.365: [ParNew
Desired survivor size 48306584 bytes, new threshold 10 (max 10)
- age   1:    9656008 bytes,    9656008 total
- age   2:    1176456 bytes,   10832464 total
- age   3:     546200 bytes,   11378664 total
- age   4:    1266568 bytes,   12645232 total
- age   5:     790392 bytes,   13435624 total
- age   6:     757784 bytes,   14193408 total
- age   7:    4540304 bytes,   18733712 total
- age   8:     634208 bytes,   19367920 total
- age   9:     538872 bytes,   19906792 total
- age  10:     958712 bytes,   20865504 total
: 436833K->20445K(471872K), 0.0774498 secs] 1010526K->594508K(2044736K), 0.0777833 secs]
Total time for which application threads were stopped: 0.0803223 seconds
Application time: 9.7968887 seconds
25401.242: [GC 25401.242: [ParNew
Desired survivor size 48306584 bytes, new threshold 10 (max 10)
- age   1:    3335464 bytes,    3335464 total
- age   2:    7771280 bytes,   11106744 total
- age   3:    1170656 bytes,   12277400 total
- age   4:     465728 bytes,   12743128 total
- age   5:     933096 bytes,   13676224 total
- age   6:     790392 bytes,   14466616 total
- age   7:     757784 bytes,   15224400 total
- age   8:    4539680 bytes,   19764080 total
- age   9:     633424 bytes,   20397504 total
- age  10:     538872 bytes,   20936376 total
: 439901K->20515K(471872K), 0.0819860 secs] 1013964K->595514K(2044736K), 0.0823706 secs]
Total time for which application threads were stopped: 0.0847832 seconds
Application time: 59.9227051 seconds
25461.250: [GC 25461.250: [ParNew
Desired survivor size 48306584 bytes, new threshold 10 (max 10)
- age   1:    6652464 bytes,    6652464 total
- age   2:    1457072 bytes,    8109536 total
- age   3:    7750528 bytes,   15860064 total
- age   4:    1030376 bytes,   16890440 total
- age   5:     447840 bytes,   17338280 total
- age   6:     800512 bytes,   18138792 total
- age   7:     646736 bytes,   18785528 total
- age   8:     732928 bytes,   19518456 total
- age   9:     911728 bytes,   20430184 total
- age  10:     602952 bytes,   21033136 total
: 439971K->20613K(471872K), 0.0907452 secs] 1014970K->596138K(2044736K), 0.0916007 secs]
Total time for which application threads were stopped: 0.0941115 seconds
Application time: 11.5555694 seconds
25472.901: [GC 25472.902: [ParNew
Desired survivor size 48306584 bytes, new threshold 10 (max 10)
- age   1:    8750448 bytes,    8750448 total
- age   2:    1297224 bytes,   10047672 total
- age   3:    1327936 bytes,   11375608 total
- age   4:    6394392 bytes,   17770000 total
- age   5:    1023112 bytes,   18793112 total
- age   6:     447840 bytes,   19240952 total
- age   7:     800512 bytes,   20041464 total
- age   8:     646120 bytes,   20687584 total
- age   9:     732928 bytes,   21420512 total
- age  10:     910128 bytes,   22330640 total
: 440069K->21882K(471872K), 0.0806818 secs] 1015594K->597996K(2044736K), 0.0809823 secs]
Total time for which application threads were stopped: 0.0855433 seconds
Application time: 12.2152889 seconds
25485.200: [GC 25485.200: [ParNew
Desired survivor size 48306584 bytes, new threshold 10 (max 10)
- age   1:    3977400 bytes,    3977400 total
- age   2:    5736336 bytes,    9713736 total
- age   3:    1293120 bytes,   11006856 total
- age   4:     717368 bytes,   11724224 total
- age   5:    5683992 bytes,   17408216 total
- age   6:    1023112 bytes,   18431328 total
- age   7:     447840 bytes,   18879168 total
- age   8:     800512 bytes,   19679680 total
- age   9:     646120 bytes,   20325800 total
- age  10:     731992 bytes,   21057792 total
: 441338K->20643K(471872K), 0.0917938 secs] 1017452K->597643K(2044736K), 0.0921359 secs]
Total time for which application threads were stopped: 0.0946833 seconds
Application time: 32.1356997 seconds
25517.431: [GC 25517.431: [ParNew
Desired survivor size 48306584 bytes, new threshold 10 (max 10)
- age   1:    8266128 bytes,    8266128 total
- age   2:    2102464 bytes,   10368592 total
- age   3:    5690760 bytes,   16059352 total
- age   4:    1210080 bytes,   17269432 total
- age   5:     716376 bytes,   17985808 total
- age   6:    2623008 bytes,   20608816 total
- age   7:     798248 bytes,   21407064 total
- age   8:     438248 bytes,   21845312 total
- age   9:     800512 bytes,   22645824 total
- age  10:     646120 bytes,   23291944 total
: 440085K->22818K(471872K), 0.0798170 secs] 1017086K->600532K(2044736K), 0.0802004 secs]
Total time for which application threads were stopped: 0.0825426 seconds
Application time: 6.9459616 seconds
25524.460: [GC 25524.460: [ParNew
Desired survivor size 48306584 bytes, new threshold 10 (max 10)
- age   1:    6114744 bytes,    6114744 total
- age   2:    4360088 bytes,   10474832 total
- age   3:    2087184 bytes,   12562016 total
- age   4:    4313568 bytes,   16875584 total
- age   5:    1210064 bytes,   18085648 total
- age   6:     716376 bytes,   18802024 total
- age   7:    2623008 bytes,   21425032 total
- age   8:     798248 bytes,   22223280 total
- age   9:     438248 bytes,   22661528 total
- age  10:     800512 bytes,   23462040 total
: 442190K->22997K(471872K), 0.0987644 secs] 1019903K->601341K(2044736K), 0.0991624 secs]
Total time for which application threads were stopped: 0.1019973 seconds
Application time: 5.1438761 seconds
25529.705: [GC 25529.705: [ParNew
Desired survivor size 48306584 bytes, new threshold 10 (max 10)
- age   1:    6847424 bytes,    6847424 total
- age   2:    3025368 bytes,    9872792 total
- age   3:    3890328 bytes,   13763120 total
- age   4:     684240 bytes,   14447360 total
- age   5:    4168312 bytes,   18615672 total
- age   6:    1162968 bytes,   19778640 total
- age   7:     643096 bytes,   20421736 total
- age   8:    2623008 bytes,   23044744 total
- age   9:     798248 bytes,   23842992 total
- age  10:     438280 bytes,   24281272 total
: 442452K->23803K(471872K), 0.0949432 secs] 1020796K->602929K(2044736K), 0.0952898 secs]
Total time for which application threads were stopped: 0.0978392 seconds
Application time: 21.4207244 seconds
25551.224: [GC 25551.224: [ParNew
Desired survivor size 48306584 bytes, new threshold 10 (max 10)
- age   1:    7009328 bytes,    7009328 total
- age   2:    3600616 bytes,   10609944 total
- age   3:    2773704 bytes,   13383648 total
- age   4:    3889800 bytes,   17273448 total
- age   5:     684240 bytes,   17957688 total
- age   6:    4087968 bytes,   22045656 total
- age   7:    1162344 bytes,   23208000 total
- age   8:     643096 bytes,   23851096 total
- age   9:    2623008 bytes,   26474104 total
- age  10:     798248 bytes,   27272352 total
: 443235K->26721K(471872K), 0.1101911 secs] 1022361K->606275K(2044736K), 0.1105371 secs]
Total time for which application threads were stopped: 0.1130109 seconds
Application time: 28.1764680 seconds
25579.513: [GC 25579.514: [ParNew
Desired survivor size 48306584 bytes, new threshold 10 (max 10)
- age   1:    3008840 bytes,    3008840 total
- age   2:    1535712 bytes,    4544552 total
- age   3:    3412152 bytes,    7956704 total
- age   4:    2773448 bytes,   10730152 total
- age   5:    3823600 bytes,   14553752 total
- age   6:     667072 bytes,   15220824 total
- age   7:    4025552 bytes,   19246376 total
- age   8:    1162344 bytes,   20408720 total
- age   9:     642760 bytes,   21051480 total
- age  10:    2623008 bytes,   23674488 total
: 446177K->23208K(471872K), 0.0978385 secs] 1025731K->603541K(2044736K), 0.0981557 secs]
Total time for which application threads were stopped: 0.1006243 seconds
Application time: 35.5024179 seconds
25615.116: [GC 25615.117: [ParNew
Desired survivor size 48306584 bytes, new threshold 10 (max 10)
- age   1:    2847584 bytes,    2847584 total
- age   2:    1107136 bytes,    3954720 total
- age   3:    1535512 bytes,    5490232 total
- age   4:    2879112 bytes,    8369344 total
- age   5:    2772248 bytes,   11141592 total
- age   6:    3806120 bytes,   14947712 total
- age   7:     667072 bytes,   15614784 total
- age   8:    4018288 bytes,   19633072 total
- age   9:    1162344 bytes,   20795416 total
- age  10:     580184 bytes,   21375600 total
: 442664K->20952K(471872K), 0.1058537 secs] 1022997K->603847K(2044736K), 0.1061573 secs]
Total time for which application threads were stopped: 0.1085350 seconds
Application time: 7.1259111 seconds
25622.351: [GC 25622.351: [ParNew
Desired survivor size 48306584 bytes, new threshold 10 (max 10)
- age   1:    4284048 bytes,    4284048 total
- age   2:    1660808 bytes,    5944856 total
- age   3:    1026760 bytes,    6971616 total
- age   4:    1136136 bytes,    8107752 total
- age   5:    1093816 bytes,    9201568 total
- age   6:    2772216 bytes,   11973784 total
- age   7:    3805496 bytes,   15779280 total
- age   8:     667072 bytes,   16446352 total
- age   9:    4018288 bytes,   20464640 total
- age  10:    1162344 bytes,   21626984 total
: 440408K->21207K(471872K), 0.0873223 secs] 1023303K->604651K(2044736K), 0.0876407 secs]
Total time for which application threads were stopped: 0.0900144 seconds
Application time: 42.1711485 seconds
25664.612: [GC 25664.612: [ParNew
Desired survivor size 48306584 bytes, new threshold 10 (max 10)
- age   1:    7342216 bytes,    7342216 total
- age   2:    2646136 bytes,    9988352 total
- age   3:     958208 bytes,   10946560 total
- age   4:    1024320 bytes,   11970880 total
- age   5:    1135448 bytes,   13106328 total
- age   6:    1093816 bytes,   14200144 total
- age   7:    2711592 bytes,   16911736 total
- age   8:     743888 bytes,   17655624 total
- age   9:     666944 bytes,   18322568 total
- age  10:    3785480 bytes,   22108048 total
: 440663K->21671K(471872K), 0.1020234 secs] 1024107K->606252K(2044736K), 0.1024462 secs]
Total time for which application threads were stopped: 0.1049288 seconds
Application time: 7.6566147 seconds
25672.375: [GC 25672.375: [ParNew
Desired survivor size 48306584 bytes, new threshold 10 (max 10)
- age   1:    6038272 bytes,    6038272 total
- age   2:    4938232 bytes,   10976504 total
- age   3:    1809056 bytes,   12785560 total
- age   4:     958208 bytes,   13743768 total
- age   5:    1021928 bytes,   14765696 total
- age   6:    1130800 bytes,   15896496 total
- age   7:    1017720 bytes,   16914216 total
- age   8:    2711592 bytes,   19625808 total
- age   9:     743888 bytes,   20369696 total
- age  10:     666456 bytes,   21036152 total
: 441127K->20625K(471872K), 0.0999297 secs] 1025708K->606135K(2044736K), 0.1002428 secs]
Total time for which application threads were stopped: 0.1043241 seconds
Application time: 14.3613841 seconds
25686.840: [GC 25686.840: [ParNew
Desired survivor size 48306584 bytes, new threshold 10 (max 10)
- age   1:    6430112 bytes,    6430112 total
- age   2:    2141272 bytes,    8571384 total
- age   3:    4682400 bytes,   13253784 total
- age   4:     923312 bytes,   14177096 total
- age   5:     836976 bytes,   15014072 total
- age   6:    1021928 bytes,   16036000 total
- age   7:    1119816 bytes,   17155816 total
- age   8:     890168 bytes,   18045984 total
- age   9:    2711592 bytes,   20757576 total
- age  10:     743888 bytes,   21501464 total
: 440081K->21082K(471872K), 0.0921579 secs] 1025591K->607245K(2044736K), 0.0925111 secs]
Total time for which application threads were stopped: 0.0952173 seconds
Application time: 22.9284624 seconds
25709.864: [GC 25709.865: [ParNew
Desired survivor size 48306584 bytes, new threshold 10 (max 10)
- age   1:    6359560 bytes,    6359560 total
- age   2:    4960296 bytes,   11319856 total
- age   3:    1149808 bytes,   12469664 total
- age   4:    4011272 bytes,   16480936 total
- age   5:     826056 bytes,   17306992 total
- age   6:     749272 bytes,   18056264 total
- age   7:    1021000 bytes,   19077264 total
- age   8:    1119816 bytes,   20197080 total
- age   9:     890168 bytes,   21087248 total
- age  10:    2711568 bytes,   23798816 total
: 440515K->23331K(471872K), 0.1163048 secs] 1026678K->610223K(2044736K), 0.1166885 secs]
Total time for which application threads were stopped: 0.1206597 seconds
Application time: 7.5001516 seconds
25717.484: [GC 25717.485: [ParNew
Desired survivor size 48306584 bytes, new threshold 10 (max 10)
- age   1:    9905304 bytes,    9905304 total
- age   2:    2859264 bytes,   12764568 total
- age   3:    4223656 bytes,   16988224 total
- age   4:    1076264 bytes,   18064488 total
- age   5:    3992760 bytes,   22057248 total
- age   6:     814408 bytes,   22871656 total
- age   7:     739528 bytes,   23611184 total
- age   8:    1010192 bytes,   24621376 total
- age   9:    1104024 bytes,   25725400 total
- age  10:     878856 bytes,   26604256 total
: 442787K->26063K(471872K), 0.1284830 secs] 1029679K->615595K(2044736K), 0.1288430 secs]
Total time for which application threads were stopped: 0.1315906 seconds
Application time: 11.7765993 seconds
25729.393: [GC 25729.393: [ParNew
Desired survivor size 48306584 bytes, new threshold 10 (max 10)
- age   1:    7024136 bytes,    7024136 total
- age   2:    4313280 bytes,   11337416 total
- age   3:    2179160 bytes,   13516576 total
- age   4:    4222872 bytes,   17739448 total
- age   5:    1071880 bytes,   18811328 total
- age   6:     931760 bytes,   19743088 total
- age   7:     814408 bytes,   20557496 total
- age   8:     737064 bytes,   21294560 total
- age   9:     950664 bytes,   22245224 total
- age  10:    1104024 bytes,   23349248 total
: 445510K->22880K(471872K), 0.0998970 secs] 1035043K->613270K(2044736K), 0.1002609 secs]
Total time for which application threads were stopped: 0.1036663 seconds
Application time: 18.1580127 seconds
25747.654: [GC 25747.655: [ParNew
Desired survivor size 48306584 bytes, new threshold 10 (max 10)
- age   1:    4415160 bytes,    4415160 total
- age   2:    5187072 bytes,    9602232 total
- age   3:    4313216 bytes,   13915448 total
- age   4:    1800144 bytes,   15715592 total
- age   5:    4222808 bytes,   19938400 total
- age   6:    1071880 bytes,   21010280 total
- age   7:     931760 bytes,   21942040 total
- age   8:     814408 bytes,   22756448 total
- age   9:     610000 bytes,   23366448 total
- age  10:     950344 bytes,   24316792 total
: 442167K->23821K(471872K), 0.0916057 secs] 1032558K->615290K(2044736K), 0.0919618 secs]
Total time for which application threads were stopped: 0.0947909 seconds
Application time: 24.8825034 seconds
25772.632: [GC 25772.634: [ParNew
Desired survivor size 48306584 bytes, new threshold 10 (max 10)
- age   1:    7077664 bytes,    7077664 total
- age   2:    1538008 bytes,    8615672 total
- age   3:    4082856 bytes,   12698528 total
- age   4:    1206016 bytes,   13904544 total
- age   5:    1791008 bytes,   15695552 total
- age   6:    3789952 bytes,   19485504 total
- age   7:     909128 bytes,   20394632 total
- age   8:     927360 bytes,   21321992 total
- age   9:     811768 bytes,   22133760 total
- age  10:     606832 bytes,   22740592 total
: 443261K->22287K(471872K), 0.0910597 secs] 1034730K->614682K(2044736K), 0.0914326 secs]
Total time for which application threads were stopped: 0.0959856 seconds
Application time: 11.5361277 seconds
25784.264: [GC 25784.264: [ParNew
Desired survivor size 48306584 bytes, new threshold 10 (max 10)
- age   1:    6641304 bytes,    6641304 total
- age   2:    2083048 bytes,    8724352 total
- age   3:    1166320 bytes,    9890672 total
- age   4:    4082856 bytes,   13973528 total
- age   5:    1206016 bytes,   15179544 total
- age   6:    1790384 bytes,   16969928 total
- age   7:    1224256 bytes,   18194184 total
- age   8:     909128 bytes,   19103312 total
- age   9:     927032 bytes,   20030344 total
- age  10:     811768 bytes,   20842112 total
: 441743K->20434K(471872K), 0.1034769 secs] 1034138K->613421K(2044736K), 0.1038733 secs]
Total time for which application threads were stopped: 0.1066718 seconds
Application time: 29.0463876 seconds
25813.417: [GC 25813.418: [ParNew
Desired survivor size 48306584 bytes, new threshold 10 (max 10)
- age   1:    3275968 bytes,    3275968 total
- age   2:    3757952 bytes,    7033920 total
- age   3:    2009344 bytes,    9043264 total
- age   4:    1166320 bytes,   10209584 total
- age   5:    4082168 bytes,   14291752 total
- age   6:    1206016 bytes,   15497768 total
- age   7:    1772128 bytes,   17269896 total
- age   8:    1224256 bytes,   18494152 total
- age   9:     909128 bytes,   19403280 total
- age  10:     927032 bytes,   20330312 total
: 439890K->19937K(471872K), 0.1113511 secs] 1032877K->613717K(2044736K), 0.1117392 secs]
Total time for which application threads were stopped: 0.1149846 seconds
Application time: 8.3688673 seconds
25821.901: [GC 25821.901: [ParNew
Desired survivor size 48306584 bytes, new threshold 10 (max 10)
- age   1:    5047320 bytes,    5047320 total
- age   2:    1399504 bytes,    6446824 total
- age   3:    2949696 bytes,    9396520 total
- age   4:    1042816 bytes,   10439336 total
- age   5:    1166320 bytes,   11605656 total
- age   6:    4082168 bytes,   15687824 total
- age   7:    1206016 bytes,   16893840 total
- age   8:    1772128 bytes,   18665968 total
- age   9:    1224256 bytes,   19890224 total
- age  10:     909128 bytes,   20799352 total
: 439393K->20396K(471872K), 0.1108263 secs] 1033173K->615081K(2044736K), 0.1111285 secs]
Total time for which application threads were stopped: 0.1136301 seconds
Application time: 25.0507652 seconds
25847.065: [GC 25847.065: [ParNew
Desired survivor size 48306584 bytes, new threshold 10 (max 10)
- age   1:    5308416 bytes,    5308416 total
- age   2:    3692392 bytes,    9000808 total
- age   3:    1100960 bytes,   10101768 total
- age   4:    2949696 bytes,   13051464 total
- age   5:    1042816 bytes,   14094280 total
- age   6:    1160776 bytes,   15255056 total
- age   7:    1027952 bytes,   16283008 total
- age   8:    1206016 bytes,   17489024 total
- age   9:    1772128 bytes,   19261152 total
- age  10:    1224256 bytes,   20485408 total
: 439852K->20087K(471872K), 0.0977689 secs] 1034537K->615661K(2044736K), 0.0985480 secs]
Total time for which application threads were stopped: 0.1011000 seconds
Application time: 80.1584536 seconds
25927.325: [GC 25927.325: [ParNew
Desired survivor size 48306584 bytes, new threshold 10 (max 10)
- age   1:    8229560 bytes,    8229560 total
- age   2:     944944 bytes,    9174504 total
- age   3:    3689952 bytes,   12864456 total
- age   4:    1080512 bytes,   13944968 total
- age   5:     922064 bytes,   14867032 total
- age   6:     928248 bytes,   15795280 total
- age   7:    1039536 bytes,   16834816 total
- age   8:    1027464 bytes,   17862280 total
- age   9:    1206016 bytes,   19068296 total
- age  10:    1772128 bytes,   20840424 total
: 439543K->20430K(471872K), 0.0848854 secs] 1035116K->617198K(2044736K), 0.0852989 secs]
Total time for which application threads were stopped: 0.0882952 seconds
Application time: 60.4462871 seconds
25987.860: [GC 25987.860: [ParNew
Desired survivor size 48306584 bytes, new threshold 10 (max 10)
- age   1:    6326848 bytes,    6326848 total
- age   2:    5803184 bytes,   12130032 total
- age   3:     936968 bytes,   13067000 total
- age   4:    2427760 bytes,   15494760 total
- age   5:    1063224 bytes,   16557984 total
- age   6:     922064 bytes,   17480048 total
- age   7:     928248 bytes,   18408296 total
- age   8:    1032272 bytes,   19440568 total
- age   9:    1026776 bytes,   20467344 total
- age  10:     925184 bytes,   21392528 total
: 439885K->20967K(471872K), 0.1007311 secs] 1036653K->618882K(2044736K), 0.1010342 secs]
Total time for which application threads were stopped: 0.1037487 seconds
Application time: 10.8762608 seconds
25998.839: [GC 25998.840: [ParNew
Desired survivor size 48306584 bytes, new threshold 10 (max 10)
- age   1:    6960320 bytes,    6960320 total
- age   2:    2525672 bytes,    9485992 total
- age   3:    2741128 bytes,   12227120 total
- age   4:     845776 bytes,   13072896 total
- age   5:     871680 bytes,   13944576 total
- age   6:    1063224 bytes,   15007800 total
- age   7:     922064 bytes,   15929864 total
- age   8:     928248 bytes,   16858112 total
- age   9:    1032328 bytes,   17890440 total
- age  10:     855368 bytes,   18745808 total
: 440420K->18378K(471872K), 0.0956175 secs] 1038335K->617175K(2044736K), 0.0959432 secs]
Total time for which application threads were stopped: 0.0984635 seconds
Application time: 24.1574201 seconds
26023.096: [GC 26023.096: [ParNew
Desired survivor size 48306584 bytes, new threshold 10 (max 10)
- age   1:    5247784 bytes,    5247784 total
- age   2:    5321288 bytes,   10569072 total
- age   3:    2458872 bytes,   13027944 total
- age   4:     875872 bytes,   13903816 total
- age   5:     827112 bytes,   14730928 total
- age   6:     857568 bytes,   15588496 total
- age   7:    1045184 bytes,   16633680 total
- age   8:     906432 bytes,   17540112 total
- age   9:     911056 bytes,   18451168 total
- age  10:    1015416 bytes,   19466584 total
: 437692K->19078K(471872K), 0.0780122 secs] 1036488K->618643K(2044736K), 0.0784376 secs]
Total time for which application threads were stopped: 0.0814321 seconds
Application time: 37.0156341 seconds
26060.193: [GC 26060.193: [ParNew
Desired survivor size 48306584 bytes, new threshold 10 (max 10)
- age   1:    5494376 bytes,    5494376 total
- age   2:    2048144 bytes,    7542520 total
- age   3:    3582712 bytes,   11125232 total
- age   4:    2453376 bytes,   13578608 total
- age   5:     872704 bytes,   14451312 total
- age   6:     824432 bytes,   15275744 total
- age   7:     853344 bytes,   16129088 total
- age   8:    1042528 bytes,   17171616 total
- age   9:     900720 bytes,   18072336 total
- age  10:     902128 bytes,   18974464 total
: 438532K->18601K(471872K), 0.0919457 secs] 1038096K->619012K(2044736K), 0.0922854 secs]
Total time for which application threads were stopped: 0.0956096 seconds
Application time: 31.5911783 seconds
26091.880: [GC 26091.880: [ParNew
Desired survivor size 48306584 bytes, new threshold 10 (max 10)
- age   1:    7289128 bytes,    7289128 total
- age   2:    2993744 bytes,   10282872 total
- age   3:     457992 bytes,   10740864 total
- age   4:    2079816 bytes,   12820680 total
- age   5:    2451688 bytes,   15272368 total
- age   6:     872704 bytes,   16145072 total
- age   7:     824432 bytes,   16969504 total
- age   8:     853344 bytes,   17822848 total
- age   9:    1042528 bytes,   18865376 total
- age  10:     819704 bytes,   19685080 total
: 438053K->19291K(471872K), 0.0791409 secs] 1038464K->620582K(2044736K), 0.0794640 secs]
Total time for which application threads were stopped: 0.0822572 seconds
Application time: 24.6324921 seconds
26116.594: [GC 26116.594: [ParNew
Desired survivor size 48306584 bytes, new threshold 10 (max 10)
- age   1:    4447088 bytes,    4447088 total
- age   2:    4196936 bytes,    8644024 total
- age   3:    2893912 bytes,   11537936 total
- age   4:     340904 bytes,   11878840 total
- age   5:    2079816 bytes,   13958656 total
- age   6:    2146312 bytes,   16104968 total
- age   7:     872704 bytes,   16977672 total
- age   8:     824432 bytes,   17802104 total
- age   9:     853344 bytes,   18655448 total
- age  10:    1038720 bytes,   19694168 total
: 438731K->19297K(471872K), 0.0775946 secs] 1040021K->621388K(2044736K), 0.0779443 secs]
Total time for which application threads were stopped: 0.0804846 seconds
Application time: 29.7337554 seconds
26146.409: [GC 26146.409: [ParNew
Desired survivor size 48306584 bytes, new threshold 10 (max 10)
- age   1:   10478736 bytes,   10478736 total
- age   2:    1288024 bytes,   11766760 total
- age   3:    2451040 bytes,   14217800 total
- age   4:    1201120 bytes,   15418920 total
- age   5:     339848 bytes,   15758768 total
- age   6:    2011328 bytes,   17770096 total
- age   7:    2146312 bytes,   19916408 total
- age   8:     872080 bytes,   20788488 total
- age   9:     821976 bytes,   21610464 total
- age  10:     853344 bytes,   22463808 total
: 438733K->21994K(471872K), 0.0836878 secs] 1040824K->625029K(2044736K), 0.0840897 secs]
Total time for which application threads were stopped: 0.0867821 seconds
Application time: 10.1427966 seconds
26156.639: [GC 26156.639: [ParNew
Desired survivor size 48306584 bytes, new threshold 10 (max 10)
- age   1:    5724896 bytes,    5724896 total
- age   2:    4078528 bytes,    9803424 total
- age   3:    1170432 bytes,   10973856 total
- age   4:    2450976 bytes,   13424832 total
- age   5:    1195032 bytes,   14619864 total
- age   6:     339848 bytes,   14959712 total
- age   7:    2011328 bytes,   16971040 total
- age   8:    2146312 bytes,   19117352 total
- age   9:     868384 bytes,   19985736 total
- age  10:     821976 bytes,   20807712 total
: 441450K->20377K(471872K), 0.0825663 secs] 1044485K->624245K(2044736K), 0.0829915 secs]
Total time for which application threads were stopped: 0.0861303 seconds
Application time: 18.0374476 seconds
26174.762: [GC 26174.762: [ParNew
Desired survivor size 48306584 bytes, new threshold 10 (max 10)
- age   1:    2773256 bytes,    2773256 total
- age   2:     902608 bytes,    3675864 total
- age   3:    4068360 bytes,    7744224 total
- age   4:     811992 bytes,    8556216 total
- age   5:    2210704 bytes,   10766920 total
- age   6:     946784 bytes,   11713704 total
- age   7:     282920 bytes,   11996624 total
- age   8:    2011328 bytes,   14007952 total
- age   9:    2146312 bytes,   16154264 total
- age  10:     862720 bytes,   17016984 total
: 439833K->16668K(471872K), 0.0685427 secs] 1043701K->621339K(2044736K), 0.0689575 secs]
Total time for which application threads were stopped: 0.0714654 seconds
Application time: 29.4402445 seconds
26204.273: [GC 26204.274: [ParNew
Desired survivor size 48306584 bytes, new threshold 10 (max 10)
- age   1:    2456984 bytes,    2456984 total
- age   2:     686576 bytes,    3143560 total
- age   3:     884312 bytes,    4027872 total
- age   4:    4067048 bytes,    8094920 total
- age   5:     697328 bytes,    8792248 total
- age   6:    2148080 bytes,   10940328 total
- age   7:     929488 bytes,   11869816 total
- age   8:     282920 bytes,   12152736 total
- age   9:    2011328 bytes,   14164064 total
- age  10:    2146312 bytes,   16310376 total
: 436124K->15978K(471872K), 0.0627302 secs] 1040795K->621473K(2044736K), 0.0636522 secs]
Total time for which application threads were stopped: 0.0662116 seconds
Application time: 62.2442718 seconds
26266.584: [GC 26266.584: [ParNew
Desired survivor size 48306584 bytes, new threshold 10 (max 10)
- age   1:   11422792 bytes,   11422792 total
- age   2:     481888 bytes,   11904680 total
- age   3:     555312 bytes,   12459992 total
- age   4:     883992 bytes,   13343984 total
- age   5:    4066744 bytes,   17410728 total
- age   6:     696984 bytes,   18107712 total
- age   7:     436664 bytes,   18544376 total
- age   8:     929488 bytes,   19473864 total
- age   9:     282920 bytes,   19756784 total
- age  10:    2011328 bytes,   21768112 total
: 435431K->21304K(471872K), 0.0802198 secs] 1040926K->628350K(2044736K), 0.0806225 secs]
Total time for which application threads were stopped: 0.0832708 seconds
Application time: 8.0302422 seconds
26274.721: [GC 26274.722: [ParNew
Desired survivor size 48306584 bytes, new threshold 10 (max 10)
- age   1:    4872496 bytes,    4872496 total
- age   2:    6681248 bytes,   11553744 total
- age   3:     481888 bytes,   12035632 total
- age   4:     555312 bytes,   12590944 total
- age   5:     877232 bytes,   13468176 total
- age   6:    3936504 bytes,   17404680 total
- age   7:     679952 bytes,   18084632 total
- age   8:     344464 bytes,   18429096 total
- age   9:     929512 bytes,   19358608 total
- age  10:     275720 bytes,   19634328 total
: 440746K->19213K(471872K), 0.0805578 secs] 1047791K->627083K(2044736K), 0.0808966 secs]
Total time for which application threads were stopped: 0.1073711 seconds
Application time: 22.4992192 seconds
26297.304: [GC 26297.305: [ParNew
Desired survivor size 48306584 bytes, new threshold 10 (max 10)
- age   1:    9462480 bytes,    9462480 total
- age   2:    2436776 bytes,   11899256 total
- age   3:    6137440 bytes,   18036696 total
- age   4:     481888 bytes,   18518584 total
- age   5:     555312 bytes,   19073896 total
- age   6:     877232 bytes,   19951128 total
- age   7:     591984 bytes,   20543112 total
- age   8:     679952 bytes,   21223064 total
- age   9:     344464 bytes,   21567528 total
- age  10:     929488 bytes,   22497016 total
: 438625K->22028K(471872K), 0.0791334 secs] 1046496K->630170K(2044736K), 0.0794977 secs]
Total time for which application threads were stopped: 0.0821572 seconds
Application time: 22.3114678 seconds
26319.701: [GC 26319.701: [ParNew
Desired survivor size 48306584 bytes, new threshold 10 (max 10)
- age   1:    6936792 bytes,    6936792 total
- age   2:    5375040 bytes,   12311832 total
- age   3:    1441016 bytes,   13752848 total
- age   4:    1433248 bytes,   15186096 total
- age   5:     465784 bytes,   15651880 total
- age   6:     541424 bytes,   16193304 total
- age   7:     868496 bytes,   17061800 total
- age   8:     584256 bytes,   17646056 total
- age   9:     670712 bytes,   18316768 total
- age  10:     329752 bytes,   18646520 total
: 441484K->18258K(471872K), 0.0791486 secs] 1049626K->627290K(2044736K), 0.0795304 secs]
Total time for which application threads were stopped: 0.0849702 seconds
Application time: 21.5783539 seconds
26341.361: [GC 26341.362: [ParNew
Desired survivor size 48306584 bytes, new threshold 10 (max 10)
- age   1:    4136936 bytes,    4136936 total
- age   2:    1791056 bytes,    5927992 total
- age   3:    5267864 bytes,   11195856 total
- age   4:     884688 bytes,   12080544 total
- age   5:    1352800 bytes,   13433344 total
- age   6:     465784 bytes,   13899128 total
- age   7:     541424 bytes,   14440552 total
- age   8:     868496 bytes,   15309048 total
- age   9:     584256 bytes,   15893304 total
- age  10:     670712 bytes,   16564016 total
: 437714K->16230K(471872K), 0.0699290 secs] 1046746K->625584K(2044736K), 0.0702475 secs]
Total time for which application threads were stopped: 0.0726461 seconds
Application time: 31.4809255 seconds
26372.925: [GC 26372.925: [ParNew
Desired survivor size 48306584 bytes, new threshold 10 (max 10)
- age   1:    5272584 bytes,    5272584 total
- age   2:    2882416 bytes,    8155000 total
- age   3:    1789472 bytes,    9944472 total
- age   4:    3918728 bytes,   13863200 total
- age   5:     881256 bytes,   14744456 total
- age   6:    1350160 bytes,   16094616 total
- age   7:     463672 bytes,   16558288 total
- age   8:     538784 bytes,   17097072 total
- age   9:     865856 bytes,   17962928 total
- age  10:     582144 bytes,   18545072 total
: 435686K->18169K(471872K), 0.0676200 secs] 1045040K->628175K(2044736K), 0.0680868 secs]
Total time for which application threads were stopped: 0.0804573 seconds
Application time: 7.1843282 seconds
26380.180: [GC 26380.180: [ParNew
Desired survivor size 48306584 bytes, new threshold 10 (max 10)
- age   1:    3655352 bytes,    3655352 total
- age   2:    2563248 bytes,    6218600 total
- age   3:    2317920 bytes,    8536520 total
- age   4:    1213144 bytes,    9749664 total
- age   5:    3918728 bytes,   13668392 total
- age   6:     881256 bytes,   14549648 total
- age   7:    1350160 bytes,   15899808 total
- age   8:     463672 bytes,   16363480 total
- age   9:     538784 bytes,   16902264 total
- age  10:     865856 bytes,   17768120 total
: 437623K->17408K(471872K), 0.0788522 secs] 1047629K->627982K(2044736K), 0.0791783 secs]
Total time for which application threads were stopped: 0.0818249 seconds
Application time: 68.2243100 seconds
26448.486: [GC 26448.486: [ParNew
Desired survivor size 48306584 bytes, new threshold 10 (max 10)
- age   1:   11728496 bytes,   11728496 total
- age   2:    2427584 bytes,   14156080 total
- age   3:    2306848 bytes,   16462928 total
- age   4:    2317920 bytes,   18780848 total
- age   5:    1205216 bytes,   19986064 total
- age   6:     926664 bytes,   20912728 total
- age   7:     811712 bytes,   21724440 total
- age   8:    1229080 bytes,   22953520 total
- age   9:     463648 bytes,   23417168 total
- age  10:     538784 bytes,   23955952 total
: 436861K->23459K(471872K), 0.0763128 secs] 1047435K->634877K(2044736K), 0.0766535 secs]
Total time for which application threads were stopped: 0.0793644 seconds
Application time: 8.8421859 seconds
26457.408: [GC 26457.408: [ParNew
Desired survivor size 48306584 bytes, new threshold 10 (max 10)
- age   1:    5137288 bytes,    5137288 total
- age   2:    4529232 bytes,    9666520 total
- age   3:    2418152 bytes,   12084672 total
- age   4:     969832 bytes,   13054504 total
- age   5:    2317920 bytes,   15372424 total
- age   6:    1205240 bytes,   16577664 total
- age   7:     926664 bytes,   17504328 total
- age   8:     811712 bytes,   18316040 total
- age   9:    1228456 bytes,   19544496 total
- age  10:     463648 bytes,   20008144 total
: 442915K->19612K(471872K), 0.0858030 secs] 1054333K->631557K(2044736K), 0.0861649 secs]
Total time for which application threads were stopped: 0.0890588 seconds
Application time: 4.7238428 seconds
26462.223: [GC 26462.223: [ParNew
Desired survivor size 48306584 bytes, new threshold 10 (max 10)
- age   1:    5042376 bytes,    5042376 total
- age   2:    2705104 bytes,    7747480 total
- age   3:    4072304 bytes,   11819784 total
- age   4:     929856 bytes,   12749640 total
- age   5:     969832 bytes,   13719472 total
- age   6:    2317920 bytes,   16037392 total
- age   7:    1205216 bytes,   17242608 total
- age   8:     926664 bytes,   18169272 total
- age   9:     811712 bytes,   18980984 total
- age  10:    1164816 bytes,   20145800 total
: 439068K->19756K(471872K), 0.0895268 secs] 1051013K->632154K(2044736K), 0.0898631 secs]
Total time for which application threads were stopped: 0.0943899 seconds
Application time: 2.6662759 seconds
26464.982: [GC 26464.983: [ParNew
Desired survivor size 48306584 bytes, new threshold 10 (max 10)
- age   1:    5618360 bytes,    5618360 total
- age   2:    2624240 bytes,    8242600 total
- age   3:    2264912 bytes,   10507512 total
- age   4:    4001424 bytes,   14508936 total
- age   5:     929856 bytes,   15438792 total
- age   6:     964328 bytes,   16403120 total
- age   7:    2317920 bytes,   18721040 total
- age   8:    1205216 bytes,   19926256 total
- age   9:     926664 bytes,   20852920 total
- age  10:     811712 bytes,   21664632 total
: 439212K->21243K(471872K), 0.0979217 secs] 1051610K->634761K(2044736K), 0.0988129 secs]
Total time for which application threads were stopped: 0.1024135 seconds
Application time: 7.1576843 seconds
26472.242: [GC 26472.242: [ParNew
Desired survivor size 48306584 bytes, new threshold 10 (max 10)
- age   1:    2635696 bytes,    2635696 total
- age   2:    2605816 bytes,    5241512 total
- age   3:    2384200 bytes,    7625712 total
- age   4:    2257240 bytes,    9882952 total
- age   5:    3918480 bytes,   13801432 total
- age   6:     929856 bytes,   14731288 total
- age   7:     947352 bytes,   15678640 total
- age   8:    2317920 bytes,   17996560 total
- age   9:    1205216 bytes,   19201776 total
- age  10:     926664 bytes,   20128440 total
: 440699K->19744K(471872K), 0.1081926 secs] 1054217K->634056K(2044736K), 0.1085182 secs]
Total time for which application threads were stopped: 0.1112001 seconds
Application time: 24.1144494 seconds
26496.467: [GC 26496.467: [ParNew
Desired survivor size 48306584 bytes, new threshold 10 (max 10)
- age   1:    7930944 bytes,    7930944 total
- age   2:    1556920 bytes,    9487864 total
- age   3:    2224032 bytes,   11711896 total
- age   4:    2280456 bytes,   13992352 total
- age   5:    2257240 bytes,   16249592 total
- age   6:     784560 bytes,   17034152 total
- age   7:     929352 bytes,   17963504 total
- age   8:     947352 bytes,   18910856 total
- age   9:    2317920 bytes,   21228776 total
- age  10:    1205216 bytes,   22433992 total
: 439018K->21991K(471872K), 0.0846693 secs] 1053330K->637207K(2044736K), 0.0849671 secs]
Total time for which application threads were stopped: 0.0875556 seconds
Application time: 19.0125405 seconds
26515.567: [GC 26515.568: [ParNew
Desired survivor size 48306584 bytes, new threshold 10 (max 10)
- age   1:    9305352 bytes,    9305352 total
- age   2:    4408184 bytes,   13713536 total
- age   3:    1397840 bytes,   15111376 total
- age   4:    1779904 bytes,   16891280 total
- age   5:    1746544 bytes,   18637824 total
- age   6:    2196616 bytes,   20834440 total
- age   7:     784560 bytes,   21619000 total
- age   8:     929024 bytes,   22548024 total
- age   9:     947352 bytes,   23495376 total
- age  10:     833464 bytes,   24328840 total
: 441397K->23843K(471872K), 0.0866561 secs] 1056614K->640238K(2044736K), 0.0869707 secs]
Total time for which application threads were stopped: 0.0894560 seconds
Application time: 9.8302919 seconds
26525.487: [GC 26525.487: [ParNew
Desired survivor size 48306584 bytes, new threshold 10 (max 10)
- age   1:    4562968 bytes,    4562968 total
- age   2:    2608560 bytes,    7171528 total
- age   3:    3962160 bytes,   11133688 total
- age   4:     936800 bytes,   12070488 total
- age   5:    1178520 bytes,   13249008 total
- age   6:    1402144 bytes,   14651152 total
- age   7:    2196616 bytes,   16847768 total
- age   8:     784560 bytes,   17632328 total
- age   9:     929024 bytes,   18561352 total
- age  10:     947192 bytes,   19508544 total
: 443294K->19137K(471872K), 0.0898431 secs] 1059690K->636348K(2044736K), 0.0901774 secs]
Total time for which application threads were stopped: 0.0927849 seconds
Application time: 56.7827833 seconds
26582.363: [GC 26582.363: [ParNew
Desired survivor size 48306584 bytes, new threshold 10 (max 10)
- age   1:    5618600 bytes,    5618600 total
- age   2:    3302936 bytes,    8921536 total
- age   3:    2537312 bytes,   11458848 total
- age   4:    1798048 bytes,   13256896 total
- age   5:     934360 bytes,   14191256 total
- age   6:    1178520 bytes,   15369776 total
- age   7:    1402144 bytes,   16771920 total
- age   8:    2196616 bytes,   18968536 total
- age   9:     783936 bytes,   19752472 total
- age  10:     929024 bytes,   20681496 total
: 438590K->20282K(471872K), 0.0956612 secs] 1055802K->638423K(2044736K), 0.0960180 secs]
Total time for which application threads were stopped: 0.0986561 seconds
Application time: 10.8814015 seconds
26593.398: [GC 26593.398: [ParNew
Desired survivor size 48306584 bytes, new threshold 10 (max 10)
- age   1:    5586200 bytes,    5586200 total
- age   2:    3128512 bytes,    8714712 total
- age   3:    1173872 bytes,    9888584 total
- age   4:    2537312 bytes,   12425896 total
- age   5:     819432 bytes,   13245328 total
- age   6:     934360 bytes,   14179688 total
- age   7:    1178520 bytes,   15358208 total
- age   8:    1402144 bytes,   16760352 total
- age   9:    2196616 bytes,   18956968 total
- age  10:     783936 bytes,   19740904 total
: 439738K->19366K(471872K), 0.0788168 secs] 1057879K->638415K(2044736K), 0.0791283 secs]
Total time for which application threads were stopped: 0.1368565 seconds
Application time: 22.1649689 seconds
26615.650: [GC 26615.650: [ParNew
Desired survivor size 48306584 bytes, new threshold 10 (max 10)
- age   1:    3799264 bytes,    3799264 total
- age   2:    3891888 bytes,    7691152 total
- age   3:    2731504 bytes,   10422656 total
- age   4:     794264 bytes,   11216920 total
- age   5:    2531432 bytes,   13748352 total
- age   6:     768312 bytes,   14516664 total
- age   7:     894984 bytes,   15411648 total
- age   8:    1159376 bytes,   16571024 total
- age   9:    1387304 bytes,   17958328 total
- age  10:    2189168 bytes,   20147496 total
: 438819K->19751K(471872K), 0.0803591 secs] 1057868K->639548K(2044736K), 0.0806756 secs]
Total time for which application threads were stopped: 0.0882426 seconds
Application time: 17.6087508 seconds
26633.342: [GC 26633.342: [ParNew
Desired survivor size 48306584 bytes, new threshold 10 (max 10)
- age   1:    5653264 bytes,    5653264 total
- age   2:    1001520 bytes,    6654784 total
- age   3:    2543408 bytes,    9198192 total
- age   4:    2731504 bytes,   11929696 total
- age   5:     794264 bytes,   12723960 total
- age   6:    2531304 bytes,   15255264 total
- age   7:     767824 bytes,   16023088 total
- age   8:     894984 bytes,   16918072 total
- age   9:    1159536 bytes,   18077608 total
- age  10:    1387304 bytes,   19464912 total
: 439155K->19085K(471872K), 0.0892905 secs] 1058952K->641020K(2044736K), 0.0896056 secs]
Total time for which application threads were stopped: 0.0919932 seconds
Application time: 12.4375686 seconds
26645.874: [GC 26645.874: [ParNew
Desired survivor size 48306584 bytes, new threshold 10 (max 10)
- age   1:    4417760 bytes,    4417760 total
- age   2:    3428152 bytes,    7845912 total
- age   3:     528656 bytes,    8374568 total
- age   4:    1749872 bytes,   10124440 total
- age   5:    2731232 bytes,   12855672 total
- age   6:     793648 bytes,   13649320 total
- age   7:    2530976 bytes,   16180296 total
- age   8:     767824 bytes,   16948120 total
- age   9:     831768 bytes,   17779888 total
- age  10:    1014848 bytes,   18794736 total
: 438541K->18439K(471872K), 0.1117203 secs] 1060476K->641730K(2044736K), 0.1120964 secs]
Total time for which application threads were stopped: 0.1172191 seconds
Application time: 22.2465681 seconds
26668.236: [GC 26668.236: [ParNew
Desired survivor size 48306584 bytes, new threshold 10 (max 10)
- age   1:    5951064 bytes,    5951064 total
- age   2:    2564232 bytes,    8515296 total
- age   3:    3352600 bytes,   11867896 total
- age   4:     524160 bytes,   12392056 total
- age   5:     795760 bytes,   13187816 total
- age   6:     616040 bytes,   13803856 total
- age   7:     790216 bytes,   14594072 total
- age   8:    2528864 bytes,   17122936 total
- age   9:     735528 bytes,   17858464 total
- age  10:     818624 bytes,   18677088 total
: 437842K->18316K(471872K), 0.0954229 secs] 1061133K->642594K(2044736K), 0.0957995 secs]
Total time for which application threads were stopped: 0.0990354 seconds
Application time: 32.0581569 seconds
26700.393: [GC 26700.393: [ParNew
Desired survivor size 48306584 bytes, new threshold 10 (max 10)
- age   1:   11138120 bytes,   11138120 total
- age   2:    4114016 bytes,   15252136 total
- age   3:    2484400 bytes,   17736536 total
- age   4:    3257352 bytes,   20993888 total
- age   5:     524160 bytes,   21518048 total
- age   6:     716256 bytes,   22234304 total
- age   7:     569952 bytes,   22804256 total
- age   8:     709656 bytes,   23513912 total
- age   9:     978240 bytes,   24492152 total
- age  10:     735528 bytes,   25227680 total
: 437693K->24707K(471872K), 0.0889431 secs] 1061972K->649786K(2044736K), 0.0897514 secs]
Total time for which application threads were stopped: 0.0924809 seconds
Application time: 21.8811700 seconds
26722.366: [GC 26722.367: [ParNew
Desired survivor size 48306584 bytes, new threshold 10 (max 10)
- age   1:    1630992 bytes,    1630992 total
- age   2:    4016928 bytes,    5647920 total
- age   3:    4029456 bytes,    9677376 total
- age   4:    2370800 bytes,   12048176 total
- age   5:    3257352 bytes,   15305528 total
- age   6:     524160 bytes,   15829688 total
- age   7:     716256 bytes,   16545944 total
- age   8:     563480 bytes,   17109424 total
- age   9:     709656 bytes,   17819080 total
- age  10:     978240 bytes,   18797320 total
: 444160K->18430K(471872K), 0.0924894 secs] 1069238K->644226K(2044736K), 0.0928451 secs]
Total time for which application threads were stopped: 0.0956018 seconds
Application time: 43.6475102 seconds
26766.110: [GC 26766.110: [ParNew
Desired survivor size 48306584 bytes, new threshold 10 (max 10)
- age   1:    7141904 bytes,    7141904 total
- age   2:     635024 bytes,    7776928 total
- age   3:     934464 bytes,    8711392 total
- age   4:    3973656 bytes,   12685048 total
- age   5:    2370800 bytes,   15055848 total
- age   6:    3257352 bytes,   18313200 total
- age   7:     524160 bytes,   18837360 total
- age   8:     683456 bytes,   19520816 total
- age   9:     551904 bytes,   20072720 total
- age  10:     709032 bytes,   20781752 total
: 437883K->20368K(471872K), 0.0869503 secs] 1063679K->647120K(2044736K), 0.0872724 secs]
Total time for which application threads were stopped: 0.0898609 seconds
Application time: 24.4123155 seconds
26790.612: [GC 26790.612: [ParNew
Desired survivor size 48306584 bytes, new threshold 10 (max 10)
- age   1:    4264224 bytes,    4264224 total
- age   2:    3047432 bytes,    7311656 total
- age   3:     534824 bytes,    7846480 total
- age   4:     823944 bytes,    8670424 total
- age   5:    3910392 bytes,   12580816 total
- age   6:    2364960 bytes,   14945776 total
- age   7:    1917848 bytes,   16863624 total
- age   8:     524160 bytes,   17387784 total
- age   9:     683456 bytes,   18071240 total
- age  10:     551904 bytes,   18623144 total
: 439775K->18257K(471872K), 0.1024436 secs] 1066527K->645701K(2044736K), 0.1028041 secs]
Total time for which application threads were stopped: 0.1055131 seconds
Application time: 34.0615979 seconds
26824.779: [GC 26824.779: [ParNew
Desired survivor size 48306584 bytes, new threshold 10 (max 10)
- age   1:    6456784 bytes,    6456784 total
- age   2:    2192328 bytes,    8649112 total
- age   3:    3047168 bytes,   11696280 total
- age   4:     534800 bytes,   12231080 total
- age   5:     823944 bytes,   13055024 total
- age   6:     755688 bytes,   13810712 total
- age   7:    1376896 bytes,   15187608 total
- age   8:    1917848 bytes,   17105456 total
- age   9:     524160 bytes,   17629616 total
- age  10:     683456 bytes,   18313072 total
: 437713K->17952K(471872K), 0.0833668 secs] 1065157K->645936K(2044736K), 0.0836604 secs]
Total time for which application threads were stopped: 0.0861535 seconds
Application time: 18.4176956 seconds
26843.285: [GC 26843.285: [ParNew
Desired survivor size 48306584 bytes, new threshold 10 (max 10)
- age   1:    5817048 bytes,    5817048 total
- age   2:    4515840 bytes,   10332888 total
- age   3:     844480 bytes,   11177368 total
- age   4:    3047168 bytes,   14224536 total
- age   5:     391160 bytes,   14615696 total
- age   6:     741608 bytes,   15357304 total
- age   7:     755616 bytes,   16112920 total
- age   8:    1376896 bytes,   17489816 total
- age   9:    1917848 bytes,   19407664 total
- age  10:     524160 bytes,   19931824 total
: 437408K->19533K(471872K), 0.0830971 secs] 1065392K->648186K(2044736K), 0.0834404 secs]
Total time for which application threads were stopped: 0.0884595 seconds
Application time: 10.1596464 seconds
26853.531: [GC 26853.531: [ParNew
Desired survivor size 48306584 bytes, new threshold 10 (max 10)
- age   1:    6190112 bytes,    6190112 total
- age   2:    2740672 bytes,    8930784 total
- age   3:    1087616 bytes,   10018400 total
- age   4:     764048 bytes,   10782448 total
- age   5:    3046544 bytes,   13828992 total
- age   6:     373912 bytes,   14202904 total
- age   7:     741608 bytes,   14944512 total
- age   8:     717056 bytes,   15661568 total
- age   9:    1376896 bytes,   17038464 total
- age  10:    1848344 bytes,   18886808 total
: 438989K->18510K(471872K), 0.0815011 secs] 1067642K->647623K(2044736K), 0.0818004 secs]
Total time for which application threads were stopped: 0.0844315 seconds
Application time: 25.0611652 seconds
26878.677: [GC 26878.677: [ParNew
Desired survivor size 48306584 bytes, new threshold 10 (max 10)
- age   1:   10940016 bytes,   10940016 total
- age   2:    4283440 bytes,   15223456 total
- age   3:    2647464 bytes,   17870920 total
- age   4:    1068296 bytes,   18939216 total
- age   5:     750768 bytes,   19689984 total
- age   6:     891432 bytes,   20581416 total
- age   7:     359016 bytes,   20940432 total
- age   8:     589040 bytes,   21529472 total
- age   9:     696840 bytes,   22226312 total
- age  10:    1360936 bytes,   23587248 total
: 437957K->23094K(471872K), 0.0897782 secs] 1067070K->653996K(2044736K), 0.0900867 secs]
Total time for which application threads were stopped: 0.0925073 seconds
Application time: 34.3360427 seconds
26913.105: [GC 26913.105: [ParNew
Desired survivor size 48306584 bytes, new threshold 10 (max 10)
- age   1:    5491576 bytes,    5491576 total
- age   2:     881960 bytes,    6373536 total
- age   3:    4275000 bytes,   10648536 total
- age   4:    2645000 bytes,   13293536 total
- age   5:    1067080 bytes,   14360616 total
- age   6:     654040 bytes,   15014656 total
- age   7:     891432 bytes,   15906088 total
- age   8:     359016 bytes,   16265104 total
- age   9:     561064 bytes,   16826168 total
- age  10:     588632 bytes,   17414800 total
: 442536K->17055K(471872K), 0.0851211 secs] 1073439K->649287K(2044736K), 0.0854498 secs]
Total time for which application threads were stopped: 0.0879227 seconds
Application time: 22.0994005 seconds
26935.303: [GC 26935.303: [ParNew
Desired survivor size 48306584 bytes, new threshold 10 (max 10)
- age   1:    7145744 bytes,    7145744 total
- age   2:    4222056 bytes,   11367800 total
- age   3:     495024 bytes,   11862824 total
- age   4:    4271880 bytes,   16134704 total
- age   5:    1236960 bytes,   17371664 total
- age   6:    1049256 bytes,   18420920 total
- age   7:     591312 bytes,   19012232 total
- age   8:     827816 bytes,   19840048 total
- age   9:     359016 bytes,   20199064 total
- age  10:     561064 bytes,   20760128 total
: 436488K->20329K(471872K), 0.0867588 secs] 1068720K->653136K(2044736K), 0.0871404 secs]
Total time for which application threads were stopped: 0.1000827 seconds
Application time: 13.8350874 seconds
26949.229: [GC 26949.229: [ParNew
Desired survivor size 48306584 bytes, new threshold 10 (max 10)
- age   1:    4080096 bytes,    4080096 total
- age   2:    2474176 bytes,    6554272 total
- age   3:    4046080 bytes,   10600352 total
- age   4:     490008 bytes,   11090360 total
- age   5:    3717936 bytes,   14808296 total
- age   6:     659632 bytes,   15467928 total
- age   7:     843488 bytes,   16311416 total
- age   8:     587352 bytes,   16898768 total
- age   9:     805864 bytes,   17704632 total
- age  10:     355848 bytes,   18060480 total
: 439785K->17689K(471872K), 0.0945331 secs] 1072592K->651040K(2044736K), 0.0949312 secs]
Total time for which application threads were stopped: 0.0985175 seconds
Application time: 23.5279164 seconds
26972.854: [GC 26972.854: [ParNew
Desired survivor size 48306584 bytes, new threshold 10 (max 10)
- age   1:    6855440 bytes,    6855440 total
- age   2:    1866584 bytes,    8722024 total
- age   3:    2403072 bytes,   11125096 total
- age   4:    4046080 bytes,   15171176 total
- age   5:     490008 bytes,   15661184 total
- age   6:     656936 bytes,   16318120 total
- age   7:     659688 bytes,   16977808 total
- age   8:     843488 bytes,   17821296 total
- age   9:     587352 bytes,   18408648 total
- age  10:     805928 bytes,   19214576 total
: 437145K->18822K(471872K), 0.0817239 secs] 1070496K->652520K(2044736K), 0.0826713 secs]
Total time for which application threads were stopped: 0.0852959 seconds
Application time: 38.2871844 seconds
27011.227: [GC 27011.228: [ParNew
Desired survivor size 48306584 bytes, new threshold 10 (max 10)
- age   1:    9506896 bytes,    9506896 total
- age   2:    5350696 bytes,   14857592 total
- age   3:    1841032 bytes,   16698624 total
- age   4:    1724784 bytes,   18423408 total
- age   5:    1136248 bytes,   19559656 total
- age   6:     490008 bytes,   20049664 total
- age   7:     656936 bytes,   20706600 total
- age   8:     659016 bytes,   21365616 total
- age   9:     843488 bytes,   22209104 total
- age  10:     587352 bytes,   22796456 total
: 438265K->22332K(471872K), 0.0886577 secs] 1071964K->656817K(2044736K), 0.0891687 secs]
Total time for which application threads were stopped: 0.0923888 seconds
Application time: 11.8570990 seconds
27023.176: [GC 27023.176: [ParNew
Desired survivor size 48306584 bytes, new threshold 10 (max 10)
- age   1:    4067752 bytes,    4067752 total
- age   2:    5965024 bytes,   10032776 total
- age   3:    5263856 bytes,   15296632 total
- age   4:    1308280 bytes,   16604912 total
- age   5:     972352 bytes,   17577264 total
- age   6:    1136248 bytes,   18713512 total
- age   7:     490008 bytes,   19203520 total
- age   8:     656936 bytes,   19860456 total
- age   9:     659016 bytes,   20519472 total
- age  10:     843488 bytes,   21362960 total
: 441788K->20937K(471872K), 0.0866012 secs] 1076273K->655997K(2044736K), 0.0870439 secs]
Total time for which application threads were stopped: 0.0895853 seconds
Application time: 17.4499706 seconds
27040.716: [GC 27040.717: [ParNew
Desired survivor size 48306584 bytes, new threshold 10 (max 10)
- age   1:    6903608 bytes,    6903608 total
- age   2:    2609096 bytes,    9512704 total
- age   3:    5372328 bytes,   14885032 total
- age   4:    1278896 bytes,   16163928 total
- age   5:    1308280 bytes,   17472208 total
- age   6:     954696 bytes,   18426904 total
- age   7:    1136248 bytes,   19563152 total
- age   8:     490008 bytes,   20053160 total
- age   9:     656936 bytes,   20710096 total
- age  10:     659016 bytes,   21369112 total
: 440393K->20941K(471872K), 0.1148589 secs] 1075453K->656825K(2044736K), 0.1153620 secs]
Total time for which application threads were stopped: 0.1185863 seconds
Application time: 18.4907280 seconds
27059.326: [GC 27059.326: [ParNew
Desired survivor size 48306584 bytes, new threshold 10 (max 10)
- age   1:   12338088 bytes,   12338088 total
- age   2:    5537264 bytes,   17875352 total
- age   3:    1404624 bytes,   19279976 total
- age   4:    2672568 bytes,   21952544 total
- age   5:    1278896 bytes,   23231440 total
- age   6:    1228416 bytes,   24459856 total
- age   7:     954072 bytes,   25413928 total
- age   8:    1136248 bytes,   26550176 total
- age   9:     490008 bytes,   27040184 total
- age  10:     656936 bytes,   27697120 total
: 440231K->27125K(471872K), 0.0921477 secs] 1076115K->663651K(2044736K), 0.0925965 secs]
Total time for which application threads were stopped: 0.0956586 seconds
Application time: 51.0044534 seconds
27110.426: [GC 27110.426: [ParNew
Desired survivor size 48306584 bytes, new threshold 10 (max 10)
- age   1:    5554584 bytes,    5554584 total
- age   2:    7102016 bytes,   12656600 total
- age   3:    2407000 bytes,   15063600 total
- age   4:    1404296 bytes,   16467896 total
- age   5:    2670128 bytes,   19138024 total
- age   6:    1229976 bytes,   20368000 total
- age   7:    1155904 bytes,   21523904 total
- age   8:     954072 bytes,   22477976 total
- age   9:    1073056 bytes,   23551032 total
- age  10:     490008 bytes,   24041040 total
: 446581K->23554K(471872K), 0.0936455 secs] 1083107K->660723K(2044736K), 0.0940946 secs]
Total time for which application threads were stopped: 0.0967626 seconds
Application time: 35.2558555 seconds
27145.778: [GC 27145.778: [ParNew
Desired survivor size 48306584 bytes, new threshold 10 (max 10)
- age   1:    2285464 bytes,    2285464 total
- age   2:    4063784 bytes,    6349248 total
- age   3:    7100560 bytes,   13449808 total
- age   4:    2407000 bytes,   15856808 total
- age   5:    1404296 bytes,   17261104 total
- age   6:    2670128 bytes,   19931232 total
- age   7:    1015856 bytes,   20947088 total
- age   8:     810056 bytes,   21757144 total
- age   9:     954072 bytes,   22711216 total
- age  10:    1055792 bytes,   23767008 total
: 442985K->23286K(471872K), 0.0929656 secs] 1080155K->660937K(2044736K), 0.0934000 secs]
Total time for which application threads were stopped: 0.0959182 seconds
Application time: 8.6894314 seconds
27154.564: [GC 27154.564: [ParNew
Desired survivor size 48306584 bytes, new threshold 10 (max 10)
- age   1:    6006672 bytes,    6006672 total
- age   2:    1112768 bytes,    7119440 total
- age   3:    4042920 bytes,   11162360 total
- age   4:    6367432 bytes,   17529792 total
- age   5:    1044848 bytes,   18574640 total
- age   6:    1392928 bytes,   19967568 total
- age   7:    2594328 bytes,   22561896 total
- age   8:     999560 bytes,   23561456 total
- age   9:     792584 bytes,   24354040 total
- age  10:     940856 bytes,   25294896 total
: 442742K->24798K(471872K), 0.1143690 secs] 1080392K->663464K(2044736K), 0.1148339 secs]
Total time for which application threads were stopped: 0.1176496 seconds
Application time: 27.9218984 seconds
27182.603: [GC 27182.604: [ParNew
Desired survivor size 48306584 bytes, new threshold 10 (max 10)
- age   1:    5787864 bytes,    5787864 total
- age   2:    2903192 bytes,    8691056 total
- age   3:     965712 bytes,    9656768 total
- age   4:    4018432 bytes,   13675200 total
- age   5:    6089824 bytes,   19765024 total
- age   6:    1044848 bytes,   20809872 total
- age   7:    1392928 bytes,   22202800 total
- age   8:    2561840 bytes,   24764640 total
- age   9:     999560 bytes,   25764200 total
- age  10:     792584 bytes,   26556784 total
: 444254K->26032K(471872K), 0.1092935 secs] 1082920K->665617K(2044736K), 0.1097462 secs]
Total time for which application threads were stopped: 0.1126057 seconds
Application time: 37.9319665 seconds
27220.648: [GC 27220.650: [ParNew
Desired survivor size 48306584 bytes, new threshold 10 (max 10)
- age   1:    6379056 bytes,    6379056 total
- age   2:    2967568 bytes,    9346624 total
- age   3:    2902736 bytes,   12249360 total
- age   4:     962584 bytes,   13211944 total
- age   5:     956856 bytes,   14168800 total
- age   6:    6026152 bytes,   20194952 total
- age   7:    1044848 bytes,   21239800 total
- age   8:    1392928 bytes,   22632728 total
- age   9:    2561216 bytes,   25193944 total
- age  10:     999448 bytes,   26193392 total
: 445480K->25669K(471872K), 0.1142357 secs] 1085064K->666028K(2044736K), 0.1147770 secs]
Total time for which application threads were stopped: 0.1198174 seconds
Application time: 10.8551918 seconds
27231.623: [GC 27231.623: [ParNew
Desired survivor size 48306584 bytes, new threshold 10 (max 10)
- age   1:    6016200 bytes,    6016200 total
- age   2:    4347840 bytes,   10364040 total
- age   3:     772640 bytes,   11136680 total
- age   4:    2162600 bytes,   13299280 total
- age   5:     744856 bytes,   14044136 total
- age   6:     956856 bytes,   15000992 total
- age   7:    6026152 bytes,   21027144 total
- age   8:    1044848 bytes,   22071992 total
- age   9:    1392928 bytes,   23464920 total
- age  10:    2561216 bytes,   26026136 total
: 445119K->25505K(471872K), 0.1119861 secs] 1085478K->666840K(2044736K), 0.1124131 secs]
Total time for which application threads were stopped: 0.1150586 seconds
Application time: 32.3655708 seconds
27264.104: [GC 27264.104: [ParNew
Desired survivor size 48306584 bytes, new threshold 10 (max 10)
- age   1:    5140080 bytes,    5140080 total
- age   2:    3867960 bytes,    9008040 total
- age   3:    3922984 bytes,   12931024 total
- age   4:     634016 bytes,   13565040 total
- age   5:    2158544 bytes,   15723584 total
- age   6:     730896 bytes,   16454480 total
- age   7:     676504 bytes,   17130984 total
- age   8:    6022984 bytes,   23153968 total
- age   9:    1043528 bytes,   24197496 total
- age  10:    1390288 bytes,   25587784 total
: 444961K->25071K(471872K), 0.1132376 secs] 1086296K->668825K(2044736K), 0.1135806 secs]
Total time for which application threads were stopped: 0.1165860 seconds
Application time: 22.7304584 seconds
27286.951: [GC 27286.951: [ParNew
Desired survivor size 48306584 bytes, new threshold 10 (max 10)
- age   1:    5219768 bytes,    5219768 total
- age   2:    1109688 bytes,    6329456 total
- age   3:    2511912 bytes,    8841368 total
- age   4:    3922984 bytes,   12764352 total
- age   5:     634016 bytes,   13398368 total
- age   6:    2078616 bytes,   15476984 total
- age   7:     650416 bytes,   16127400 total
- age   8:     552024 bytes,   16679424 total
- age   9:    6022656 bytes,   22702080 total
- age  10:     964552 bytes,   23666632 total
: 444526K->23187K(471872K), 0.0957440 secs] 1088280K->668299K(2044736K), 0.0960835 secs]
Total time for which application threads were stopped: 0.0991846 seconds
Application time: 9.9264727 seconds
27296.977: [GC 27296.977: [ParNew
Desired survivor size 48306584 bytes, new threshold 10 (max 10)
- age   1:    6113688 bytes,    6113688 total
- age   2:    2663712 bytes,    8777400 total
- age   3:     910928 bytes,    9688328 total
- age   4:    1124456 bytes,   10812784 total
- age   5:    3855664 bytes,   14668448 total
- age   6:     634016 bytes,   15302464 total
- age   7:    2078472 bytes,   17380936 total
- age   8:     650416 bytes,   18031352 total
- age   9:     548816 bytes,   18580168 total
- age  10:    1195984 bytes,   19776152 total
: 442635K->19388K(471872K), 0.1073871 secs] 1087747K->665401K(2044736K), 0.1076985 secs]
Total time for which application threads were stopped: 0.1104269 seconds
Application time: 43.6709543 seconds
27340.758: [GC 27340.759: [ParNew
Desired survivor size 48306584 bytes, new threshold 10 (max 10)
- age   1:    7904120 bytes,    7904120 total
- age   2:    2309896 bytes,   10214016 total
- age   3:    2288128 bytes,   12502144 total
- age   4:     826848 bytes,   13328992 total
- age   5:    1063832 bytes,   14392824 total
- age   6:    1879376 bytes,   16272200 total
- age   7:     634016 bytes,   16906216 total
- age   8:    2078472 bytes,   18984688 total
- age   9:     650416 bytes,   19635104 total
- age  10:     548792 bytes,   20183896 total
: 438831K->19780K(471872K), 0.0975694 secs] 1084844K->666962K(2044736K), 0.0979201 secs]
Total time for which application threads were stopped: 0.1010661 seconds
Application time: 38.3923778 seconds
27379.252: [GC 27379.252: [ParNew
Desired survivor size 48306584 bytes, new threshold 10 (max 10)
- age   1:    3836104 bytes,    3836104 total
- age   2:    5172184 bytes,    9008288 total
- age   3:    2241440 bytes,   11249728 total
- age   4:    2207568 bytes,   13457296 total
- age   5:     826848 bytes,   14284144 total
- age   6:    1063832 bytes,   15347976 total
- age   7:     663808 bytes,   16011784 total
- age   8:     634016 bytes,   16645800 total
- age   9:    2078472 bytes,   18724272 total
- age  10:     649792 bytes,   19374064 total
: 439231K->18997K(471872K), 0.0910729 secs] 1086412K->666710K(2044736K), 0.0914407 secs]
Total time for which application threads were stopped: 0.0941972 seconds
Application time: 46.1782852 seconds
27425.527: [GC 27425.527: [ParNew
Desired survivor size 48306584 bytes, new threshold 10 (max 10)
- age   1:    6224752 bytes,    6224752 total
- age   2:    2207168 bytes,    8431920 total
- age   3:    5091544 bytes,   13523464 total
- age   4:    2218536 bytes,   15742000 total
- age   5:     805520 bytes,   16547520 total
- age   6:     669648 bytes,   17217168 total
- age   7:    1056080 bytes,   18273248 total
- age   8:     656744 bytes,   18929992 total
- age   9:     632288 bytes,   19562280 total
- age  10:    2076592 bytes,   21638872 total
: 438453K->21209K(471872K), 0.1034381 secs] 1086166K->669554K(2044736K), 0.1065163 secs]
Total time for which application threads were stopped: 0.1134651 seconds
Application time: 17.9583789 seconds
27443.596: [GC 27443.596: [ParNew
Desired survivor size 48306584 bytes, new threshold 10 (max 10)
- age   1:    4937968 bytes,    4937968 total
- age   2:    3584928 bytes,    8522896 total
- age   3:    2119920 bytes,   10642816 total
- age   4:    5044280 bytes,   15687096 total
- age   5:    1153352 bytes,   16840448 total
- age   6:     791800 bytes,   17632248 total
- age   7:     653408 bytes,   18285656 total
- age   8:    1043032 bytes,   19328688 total
- age   9:     637760 bytes,   19966448 total
- age  10:     619240 bytes,   20585688 total
: 440654K->20180K(471872K), 0.1135845 secs] 1088999K->670542K(2044736K), 0.1139491 secs]
Total time for which application threads were stopped: 0.1164208 seconds
Application time: 39.7235797 seconds
27483.436: [GC 27483.436: [ParNew
Desired survivor size 48306584 bytes, new threshold 10 (max 10)
- age   1:    8100344 bytes,    8100344 total
- age   2:    2755632 bytes,   10855976 total
- age   3:    2315760 bytes,   13171736 total
- age   4:    2119296 bytes,   15291032 total
- age   5:    5044280 bytes,   20335312 total
- age   6:    1032696 bytes,   21368008 total
- age   7:     791800 bytes,   22159808 total
- age   8:     653408 bytes,   22813216 total
- age   9:    1043032 bytes,   23856248 total
- age  10:     637272 bytes,   24493520 total
: 439605K->24000K(471872K), 0.0959170 secs] 1089967K->674956K(2044736K), 0.0962421 secs]
Total time for which application threads were stopped: 0.0990809 seconds
Application time: 26.7473157 seconds
27510.282: [GC 27510.283: [ParNew
Desired survivor size 48306584 bytes, new threshold 10 (max 10)
- age   1:    7897416 bytes,    7897416 total
- age   2:    1971760 bytes,    9869176 total
- age   3:    1606632 bytes,   11475808 total
- age   4:    1945528 bytes,   13421336 total
- age   5:    1007336 bytes,   14428672 total
- age   6:    3094632 bytes,   17523304 total
- age   7:    1032696 bytes,   18556000 total
- age   8:     791800 bytes,   19347800 total
- age   9:     653408 bytes,   20001208 total
- age  10:    1043032 bytes,   21044240 total
: 443452K->20634K(471872K), 0.1001699 secs] 1094408K->672208K(2044736K), 0.1005124 secs]
Total time for which application threads were stopped: 0.1033015 seconds
Application time: 92.6235830 seconds
27603.010: [GC 27603.010: [ParNew
Desired survivor size 48306584 bytes, new threshold 10 (max 10)
- age   1:    4417032 bytes,    4417032 total
- age   2:    5696368 bytes,   10113400 total
- age   3:    1968920 bytes,   12082320 total
- age   4:    1603464 bytes,   13685784 total
- age   5:    1860576 bytes,   15546360 total
- age   6:     787040 bytes,   16333400 total
- age   7:     869456 bytes,   17202856 total
- age   8:    1022776 bytes,   18225632 total
- age   9:     784032 bytes,   19009664 total
- age  10:     642520 bytes,   19652184 total
: 440072K->19266K(471872K), 0.0967874 secs] 1091647K->671854K(2044736K), 0.0971381 secs]
Total time for which application threads were stopped: 0.1002005 seconds
Application time: 47.8827558 seconds
27650.992: [GC 27650.993: [ParNew
Desired survivor size 48306584 bytes, new threshold 10 (max 10)
- age   1:    5785256 bytes,    5785256 total
- age   2:     765984 bytes,    6551240 total
- age   3:    5612880 bytes,   12164120 total
- age   4:    1966976 bytes,   14131096 total
- age   5:    1602840 bytes,   15733936 total
- age   6:    1860576 bytes,   17594512 total
- age   7:     703176 bytes,   18297688 total
- age   8:     800224 bytes,   19097912 total
- age   9:    1022776 bytes,   20120688 total
- age  10:     784032 bytes,   20904720 total
: 438716K->20487K(471872K), 0.0875241 secs] 1091304K->673703K(2044736K), 0.0883628 secs]
Total time for which application threads were stopped: 0.0911495 seconds
Application time: 48.4219786 seconds
27699.507: [GC 27699.507: [ParNew
Desired survivor size 48306584 bytes, new threshold 10 (max 10)
- age   1:    6737536 bytes,    6737536 total
- age   2:    4700488 bytes,   11438024 total
- age   3:     629864 bytes,   12067888 total
- age   4:    5240568 bytes,   17308456 total
- age   5:     904184 bytes,   18212640 total
- age   6:    1602840 bytes,   19815480 total
- age   7:    1849648 bytes,   21665128 total
- age   8:     700648 bytes,   22365776 total
- age   9:     727008 bytes,   23092784 total
- age  10:    1022776 bytes,   24115560 total
: 439943K->23631K(471872K), 0.1040668 secs] 1093159K->677613K(2044736K), 0.1044032 secs]
Total time for which application threads were stopped: 0.1082539 seconds
Application time: 11.3107412 seconds
27710.924: [GC 27710.925: [ParNew
Desired survivor size 48306584 bytes, new threshold 10 (max 10)
- age   1:    4365056 bytes,    4365056 total
- age   2:    3952960 bytes,    8318016 total
- age   3:    4700160 bytes,   13018176 total
- age   4:     629864 bytes,   13648040 total
- age   5:    3970176 bytes,   17618216 total
- age   6:     904184 bytes,   18522400 total
- age   7:    1602840 bytes,   20125240 total
- age   8:    1846624 bytes,   21971864 total
- age   9:     691576 bytes,   22663440 total
- age  10:     727008 bytes,   23390448 total
: 443049K->22921K(471872K), 0.0971762 secs] 1097030K->677902K(2044736K), 0.0974884 secs]
Total time for which application threads were stopped: 0.0999545 seconds
Application time: 16.4145627 seconds
27727.439: [GC 27727.439: [ParNew
Desired survivor size 48306584 bytes, new threshold 10 (max 10)
- age   1:   11957056 bytes,   11957056 total
- age   2:    3083488 bytes,   15040544 total
- age   3:    2667056 bytes,   17707600 total
- age   4:    1437424 bytes,   19145024 total
- age   5:     611552 bytes,   19756576 total
- age   6:    3951040 bytes,   23707616 total
- age   7:     438640 bytes,   24146256 total
- age   8:    1589816 bytes,   25736072 total
- age   9:    1834464 bytes,   27570536 total
- age  10:     691576 bytes,   28262112 total
: 442325K->27682K(471872K), 0.0933506 secs] 1097305K->683373K(2044736K), 0.0936558 secs]
Total time for which application threads were stopped: 0.0961350 seconds
Application time: 37.8048396 seconds
27765.341: [GC 27765.341: [ParNew
Desired survivor size 48306584 bytes, new threshold 10 (max 10)
- age   1:    7784768 bytes,    7784768 total
- age   2:    5836192 bytes,   13620960 total
- age   3:    1584192 bytes,   15205152 total
- age   4:    2274608 bytes,   17479760 total
- age   5:    1419048 bytes,   18898808 total
- age   6:     504344 bytes,   19403152 total
- age   7:      57176 bytes,   19460328 total
- age   8:     432872 bytes,   19893200 total
- age   9:    1587576 bytes,   21480776 total
- age  10:    1834464 bytes,   23315240 total
: 447131K->22849K(471872K), 0.0910798 secs] 1102821K->679183K(2044736K), 0.0913767 secs]
Total time for which application threads were stopped: 0.0946238 seconds
Application time: 17.4974315 seconds
27782.932: [GC 27782.933: [ParNew
Desired survivor size 48306584 bytes, new threshold 10 (max 10)
- age   1:    3881728 bytes,    3881728 total
- age   2:    5526920 bytes,    9408648 total
- age   3:    4854376 bytes,   14263024 total
- age   4:    1584192 bytes,   15847216 total
- age   5:    2245568 bytes,   18092784 total
- age   6:    1419048 bytes,   19511832 total
- age   7:     482776 bytes,   19994608 total
- age   8:      57176 bytes,   20051784 total
- age   9:     430488 bytes,   20482272 total
- age  10:    1587576 bytes,   22069848 total
: 442305K->21619K(471872K), 0.1000161 secs] 1098639K->679731K(2044736K), 0.1003673 secs]
Total time for which application threads were stopped: 0.1032253 seconds
Application time: 46.5037334 seconds
27829.539: [GC 27829.539: [ParNew
Desired survivor size 48306584 bytes, new threshold 10 (max 10)
- age   1:    3946624 bytes,    3946624 total
- age   2:    2124856 bytes,    6071480 total
- age   3:    4085792 bytes,   10157272 total
- age   4:    4804120 bytes,   14961392 total
- age   5:    1519536 bytes,   16480928 total
- age   6:    2245568 bytes,   18726496 total
- age   7:    1419048 bytes,   20145544 total
- age   8:     478088 bytes,   20623632 total
- age   9:      54760 bytes,   20678392 total
- age  10:     429056 bytes,   21107448 total
: 441075K->20683K(471872K), 0.1070236 secs] 1099187K->680345K(2044736K), 0.1073367 secs]
Total time for which application threads were stopped: 0.1098436 seconds
Application time: 53.7678589 seconds
27883.417: [GC 27883.417: [ParNew
Desired survivor size 48306584 bytes, new threshold 10 (max 10)
- age   1:    6839856 bytes,    6839856 total
- age   2:    2058104 bytes,    8897960 total
- age   3:    1587496 bytes,   10485456 total
- age   4:    4078472 bytes,   14563928 total
- age   5:    1122896 bytes,   15686824 total
- age   6:    1516048 bytes,   17202872 total
- age   7:    2064720 bytes,   19267592 total
- age   8:    1108400 bytes,   20375992 total
- age   9:     461288 bytes,   20837280 total
- age  10:      54760 bytes,   20892040 total
: 440122K->20476K(471872K), 0.0907061 secs] 1099784K->680556K(2044736K), 0.0910319 secs]
Total time for which application threads were stopped: 0.0938321 seconds
Application time: 9.2489579 seconds
27892.761: [GC 27892.761: [ParNew
Desired survivor size 48306584 bytes, new threshold 10 (max 10)
- age   1:    5966208 bytes,    5966208 total
- age   2:    4417904 bytes,   10384112 total
- age   3:    1362528 bytes,   11746640 total
- age   4:     775864 bytes,   12522504 total
- age   5:    4078448 bytes,   16600952 total
- age   6:    1121896 bytes,   17722848 total
- age   7:    1516048 bytes,   19238896 total
- age   8:    2064720 bytes,   21303616 total
- age   9:    1045144 bytes,   22348760 total
- age  10:     457592 bytes,   22806352 total
: 439932K->22356K(471872K), 0.1051142 secs] 1100012K->682490K(2044736K), 0.1054863 secs]
Total time for which application threads were stopped: 0.1088919 seconds
Application time: 5.9862254 seconds
27898.855: [GC 27898.856: [ParNew
Desired survivor size 48306584 bytes, new threshold 10 (max 10)
- age   1:    7001208 bytes,    7001208 total
- age   2:    3259048 bytes,   10260256 total
- age   3:    4410432 bytes,   14670688 total
- age   4:     795232 bytes,   15465920 total
- age   5:     774800 bytes,   16240720 total
- age   6:     821704 bytes,   17062424 total
- age   7:    1121896 bytes,   18184320 total
- age   8:    1514104 bytes,   19698424 total
- age   9:    2060384 bytes,   21758808 total
- age  10:    1031960 bytes,   22790768 total
: 441812K->22350K(471872K), 0.1129161 secs] 1101946K->682931K(2044736K), 0.1133253 secs]
Total time for which application threads were stopped: 0.1161964 seconds
Application time: 19.5122098 seconds
27918.484: [GC 27918.484: [ParNew
Desired survivor size 48306584 bytes, new threshold 10 (max 10)
- age   1:    3011952 bytes,    3011952 total
- age   2:    5429992 bytes,    8441944 total
- age   3:    2940384 bytes,   11382328 total
- age   4:    4294088 bytes,   15676416 total
- age   5:     794608 bytes,   16471024 total
- age   6:     746824 bytes,   17217848 total
- age   7:     821704 bytes,   18039552 total
- age   8:    1041440 bytes,   19080992 total
- age   9:    1514104 bytes,   20595096 total
- age  10:    2060384 bytes,   22655480 total
: 441806K->22219K(471872K), 0.1207747 secs] 1102387K->683807K(2044736K), 0.1211564 secs]
Total time for which application threads were stopped: 0.1243466 seconds
Application time: 15.2745883 seconds
27933.883: [GC 27933.883: [ParNew
Desired survivor size 48306584 bytes, new threshold 10 (max 10)
- age   1:    7103952 bytes,    7103952 total
- age   2:     770544 bytes,    7874496 total
- age   3:    2351168 bytes,   10225664 total
- age   4:    1583680 bytes,   11809344 total
- age   5:    4293976 bytes,   16103320 total
- age   6:     794104 bytes,   16897424 total
- age   7:     746824 bytes,   17644248 total
- age   8:     821704 bytes,   18465952 total
- age   9:    1041440 bytes,   19507392 total
- age  10:    1514104 bytes,   21021496 total
: 441675K->20620K(471872K), 0.1289527 secs] 1103263K->684220K(2044736K), 0.1297654 secs]
Total time for which application threads were stopped: 0.1324921 seconds
Application time: 8.3592749 seconds
27942.375: [GC 27942.375: [ParNew
Desired survivor size 48306584 bytes, new threshold 10 (max 10)
- age   1:    7117840 bytes,    7117840 total
- age   2:    4584120 bytes,   11701960 total
- age   3:     675200 bytes,   12377160 total
- age   4:    1016536 bytes,   13393696 total
- age   5:    1583680 bytes,   14977376 total
- age   6:    2059688 bytes,   17037064 total
- age   7:     794104 bytes,   17831168 total
- age   8:     746824 bytes,   18577992 total
- age   9:     821608 bytes,   19399600 total
- age  10:     976400 bytes,   20376000 total
: 440076K->19982K(471872K), 0.1397697 secs] 1103676K->685061K(2044736K), 0.1401258 secs]
Total time for which application threads were stopped: 0.1434408 seconds
Application time: 4.6078452 seconds
27947.126: [GC 27947.126: [ParNew
Desired survivor size 48306584 bytes, new threshold 10 (max 10)
- age   1:    6298664 bytes,    6298664 total
- age   2:    5618264 bytes,   11916928 total
- age   3:    1062304 bytes,   12979232 total
- age   4:     675072 bytes,   13654304 total
- age   5:    1016104 bytes,   14670408 total
- age   6:    1583680 bytes,   16254088 total
- age   7:    2059008 bytes,   18313096 total
- age   8:     793776 bytes,   19106872 total
- age   9:     746824 bytes,   19853696 total
- age  10:     821608 bytes,   20675304 total
: 439335K->20273K(471872K), 0.0953781 secs] 1104414K->685925K(2044736K), 0.0957172 secs]
Total time for which application threads were stopped: 0.0984239 seconds
Application time: 12.3869758 seconds
27959.611: [GC 27959.611: [ParNew
Desired survivor size 48306584 bytes, new threshold 10 (max 10)
- age   1:    9425640 bytes,    9425640 total
- age   2:    4656096 bytes,   14081736 total
- age   3:    1704352 bytes,   15786088 total
- age   4:     690552 bytes,   16476640 total
- age   5:     674512 bytes,   17151152 total
- age   6:    1016048 bytes,   18167200 total
- age   7:    1583680 bytes,   19750880 total
- age   8:    1977960 bytes,   21728840 total
- age   9:     756344 bytes,   22485184 total
- age  10:     746752 bytes,   23231936 total
: 439729K->22765K(471872K), 0.1147437 secs] 1105381K->688657K(2044736K), 0.1150653 secs]
Total time for which application threads were stopped: 0.1176933 seconds
Application time: 62.5299181 seconds
28022.259: [GC 28022.259: [ParNew
Desired survivor size 48306584 bytes, new threshold 10 (max 10)
- age   1:    4271400 bytes,    4271400 total
- age   2:    2732888 bytes,    7004288 total
- age   3:    4628608 bytes,   11632896 total
- age   4:    1589624 bytes,   13222520 total
- age   5:     674072 bytes,   13896592 total
- age   6:     635960 bytes,   14532552 total
- age   7:     887048 bytes,   15419600 total
- age   8:    1509424 bytes,   16929024 total
- age   9:    1898928 bytes,   18827952 total
- age  10:     735512 bytes,   19563464 total
: 442221K->19184K(471872K), 0.0888546 secs] 1108113K->685795K(2044736K), 0.0891776 secs]
Total time for which application threads were stopped: 0.0919666 seconds
Application time: 99.7998579 seconds
28122.151: [GC 28122.151: [ParNew
Desired survivor size 48306584 bytes, new threshold 10 (max 10)
- age   1:    7967576 bytes,    7967576 total
- age   2:    2348824 bytes,   10316400 total
- age   3:    2643856 bytes,   12960256 total
- age   4:    1570048 bytes,   14530304 total
- age   5:    1589320 bytes,   16119624 total
- age   6:     674072 bytes,   16793696 total
- age   7:     635336 bytes,   17429032 total
- age   8:     887032 bytes,   18316064 total
- age   9:    1509424 bytes,   19825488 total
- age  10:    1878056 bytes,   21703544 total
: 438640K->21271K(471872K), 0.0967759 secs] 1105251K->688594K(2044736K), 0.0971383 secs]
Total time for which application threads were stopped: 0.1002298 seconds
Application time: 53.1505277 seconds
28175.420: [GC 28175.421: [ParNew
Desired survivor size 48306584 bytes, new threshold 10 (max 10)
- age   1:   12014128 bytes,   12014128 total
- age   2:     451928 bytes,   12466056 total
- age   3:     827720 bytes,   13293776 total
- age   4:    2531016 bytes,   15824792 total
- age   5:    1492176 bytes,   17316968 total
- age   6:    1037624 bytes,   18354592 total
- age   7:     608040 bytes,   18962632 total
- age   8:     632960 bytes,   19595592 total
- age   9:     881752 bytes,   20477344 total
- age  10:    1505728 bytes,   21983072 total
: 440727K->21540K(471872K), 0.0972139 secs] 1108050K->690428K(2044736K), 0.0976260 secs]
Total time for which application threads were stopped: 0.1193529 seconds
Application time: 8.8119903 seconds
28184.340: [GC 28184.341: [ParNew
Desired survivor size 48306584 bytes, new threshold 10 (max 10)
- age   1:    5446928 bytes,    5446928 total
- age   2:    6929768 bytes,   12376696 total
- age   3:     451536 bytes,   12828232 total
- age   4:     818488 bytes,   13646720 total
- age   5:     945632 bytes,   14592352 total
- age   6:    1114720 bytes,   15707072 total
- age   7:    1037264 bytes,   16744336 total
- age   8:     607944 bytes,   17352280 total
- age   9:     627840 bytes,   17980120 total
- age  10:     826968 bytes,   18807088 total
: 440949K->18433K(471872K), 0.1019526 secs] 1109837K->688358K(2044736K), 0.1023117 secs]
Total time for which application threads were stopped: 0.1125576 seconds
Application time: 6.3840496 seconds
28190.830: [GC 28190.830: [ParNew
Desired survivor size 48306584 bytes, new threshold 10 (max 10)
- age   1:   12183416 bytes,   12183416 total
- age   2:    2856040 bytes,   15039456 total
- age   3:    6927224 bytes,   21966680 total
- age   4:     451536 bytes,   22418216 total
- age   5:     815392 bytes,   23233608 total
- age   6:     716736 bytes,   23950344 total
- age   7:    1114720 bytes,   25065064 total
- age   8:    1037264 bytes,   26102328 total
- age   9:     606168 bytes,   26708496 total
- age  10:     554152 bytes,   27262648 total
: 437889K->26697K(471872K), 0.1067125 secs] 1107814K->697191K(2044736K), 0.1070531 secs]
Total time for which application threads were stopped: 0.1097496 seconds
Application time: 26.4008287 seconds
28217.340: [GC 28217.340: [ParNew
Desired survivor size 48306584 bytes, new threshold 10 (max 10)
- age   1:    5327672 bytes,    5327672 total
- age   2:    1743216 bytes,    7070888 total
- age   3:    2704504 bytes,    9775392 total
- age   4:    3862664 bytes,   13638056 total
- age   5:     371048 bytes,   14009104 total
- age   6:     757952 bytes,   14767056 total
- age   7:     716760 bytes,   15483816 total
- age   8:    1114720 bytes,   16598536 total
- age   9:     986168 bytes,   17584704 total
- age  10:     606168 bytes,   18190872 total
: 446153K->17833K(471872K), 0.0833842 secs] 1116647K->688743K(2044736K), 0.0837055 secs]
Total time for which application threads were stopped: 0.0863469 seconds
Application time: 45.2707581 seconds
28262.698: [GC 28262.698: [ParNew
Desired survivor size 48306584 bytes, new threshold 10 (max 10)
- age   1:   10361632 bytes,   10361632 total
- age   2:    4723592 bytes,   15085224 total
- age   3:    1731376 bytes,   16816600 total
- age   4:    1676064 bytes,   18492664 total
- age   5:    3862664 bytes,   22355328 total
- age   6:     370424 bytes,   22725752 total
- age   7:     753152 bytes,   23478904 total
- age   8:     715824 bytes,   24194728 total
- age   9:    1112480 bytes,   25307208 total
- age  10:     975080 bytes,   26282288 total
: 437259K->25734K(471872K), 0.0946603 secs] 1108170K->697230K(2044736K), 0.0950159 secs]
Total time for which application threads were stopped: 0.0978892 seconds
Application time: 24.4245503 seconds
28287.220: [GC 28287.220: [ParNew
Desired survivor size 48306584 bytes, new threshold 10 (max 10)
- age   1:    5528512 bytes,    5528512 total
- age   2:    1930272 bytes,    7458784 total
- age   3:    4211440 bytes,   11670224 total
- age   4:     720768 bytes,   12390992 total
- age   5:    1308816 bytes,   13699808 total
- age   6:    3862664 bytes,   17562472 total
- age   7:     370424 bytes,   17932896 total
- age   8:     748544 bytes,   18681440 total
- age   9:     715336 bytes,   19396776 total
- age  10:    1112480 bytes,   20509256 total
: 445190K->20100K(471872K), 0.0878207 secs] 1116686K->692548K(2044736K), 0.0888478 secs]
Total time for which application threads were stopped: 0.0916782 seconds
Application time: 23.9707225 seconds
28311.282: [GC 28311.283: [ParNew
Desired survivor size 48306584 bytes, new threshold 10 (max 10)
- age   1:   12551552 bytes,   12551552 total
- age   2:    4331208 bytes,   16882760 total
- age   3:    1917824 bytes,   18800584 total
- age   4:    1052968 bytes,   19853552 total
- age   5:     693112 bytes,   20546664 total
- age   6:    1198120 bytes,   21744784 total
- age   7:    1734568 bytes,   23479352 total
- age   8:     349424 bytes,   23828776 total
- age   9:     734624 bytes,   24563400 total
- age  10:     715336 bytes,   25278736 total
: 439556K->24753K(471872K), 0.0882832 secs] 1112004K->698280K(2044736K), 0.0886050 secs]
Total time for which application threads were stopped: 0.0911968 seconds
Application time: 26.1697063 seconds
28337.544: [GC 28337.544: [ParNew
Desired survivor size 48306584 bytes, new threshold 10 (max 10)
- age   1:    3380064 bytes,    3380064 total
- age   2:    6308128 bytes,    9688192 total
- age   3:    4327520 bytes,   14015712 total
- age   4:    1917200 bytes,   15932912 total
- age   5:    1052896 bytes,   16985808 total
- age   6:     693112 bytes,   17678920 total
- age   7:    1118792 bytes,   18797712 total
- age   8:    1734216 bytes,   20531928 total
- age   9:     345056 bytes,   20876984 total
- age  10:     715456 bytes,   21592440 total
: 444209K->21150K(471872K), 0.0869218 secs] 1117736K->695376K(2044736K), 0.0873320 secs]
Total time for which application threads were stopped: 0.0905797 seconds
Application time: 35.5961138 seconds
28373.230: [GC 28373.230: [ParNew
Desired survivor size 48306584 bytes, new threshold 10 (max 10)
- age   1:   18073360 bytes,   18073360 total
- age   2:    1116720 bytes,   19190080 total
- age   3:    6275392 bytes,   25465472 total
- age   4:    4320048 bytes,   29785520 total
- age   5:    1900384 bytes,   31685904 total
- age   6:     961536 bytes,   32647440 total
- age   7:     693112 bytes,   33340552 total
- age   8:    1117400 bytes,   34457952 total
- age   9:    1734216 bytes,   36192168 total
- age  10:     337824 bytes,   36529992 total
: 440556K->35739K(471872K), 0.0980008 secs] 1114781K->710664K(2044736K), 0.0983624 secs]
Total time for which application threads were stopped: 0.1011696 seconds
Application time: 102.7732314 seconds
28476.106: [GC 28476.106: [ParNew
Desired survivor size 48306584 bytes, new threshold 10 (max 10)
- age   1:    2096184 bytes,    2096184 total
- age   2:     315560 bytes,    2411744 total
- age   3:    1030248 bytes,    3441992 total
- age   4:    6271928 bytes,    9713920 total
- age   5:    4310040 bytes,   14023960 total
- age   6:    1869904 bytes,   15893864 total
- age   7:     958776 bytes,   16852640 total
- age   8:     689720 bytes,   17542360 total
- age   9:    1112912 bytes,   18655272 total
- age  10:    1721256 bytes,   20376528 total
: 455195K->19969K(471872K), 0.0868037 secs] 1130119K->695216K(2044736K), 0.0871500 secs]
Total time for which application threads were stopped: 0.0910767 seconds
Application time: 21.1912524 seconds
28497.387: [GC 28497.387: [ParNew
Desired survivor size 48306584 bytes, new threshold 10 (max 10)
- age   1:    5621016 bytes,    5621016 total
- age   2:     769480 bytes,    6390496 total
- age   3:     235672 bytes,    6626168 total
- age   4:    1029912 bytes,    7656080 total
- age   5:    6271928 bytes,   13928008 total
- age   6:    4310040 bytes,   18238048 total
- age   7:     827992 bytes,   19066040 total
- age   8:     955664 bytes,   20021704 total
- age   9:     689720 bytes,   20711424 total
- age  10:    1109856 bytes,   21821280 total
: 439425K->21389K(471872K), 0.0950379 secs] 1114672K->698317K(2044736K), 0.0953369 secs]
Total time for which application threads were stopped: 0.0980480 seconds
Application time: 9.6457443 seconds
28507.131: [GC 28507.131: [ParNew
Desired survivor size 48306584 bytes, new threshold 10 (max 10)
- age   1:    6809704 bytes,    6809704 total
- age   2:    2202144 bytes,    9011848 total
- age   3:     769256 bytes,    9781104 total
- age   4:     235672 bytes,   10016776 total
- age   5:    1029912 bytes,   11046688 total
- age   6:    6237224 bytes,   17283912 total
- age   7:     630344 bytes,   17914256 total
- age   8:     827992 bytes,   18742248 total
- age   9:     952752 bytes,   19695000 total
- age  10:     687472 bytes,   20382472 total
: 440845K->19987K(471872K), 0.0906388 secs] 1117773K->697998K(2044736K), 0.0909658 secs]
Total time for which application threads were stopped: 0.0938873 seconds
Application time: 10.3261951 seconds
28517.551: [GC 28517.551: [ParNew
Desired survivor size 48306584 bytes, new threshold 10 (max 10)
- age   1:    7635080 bytes,    7635080 total
- age   2:    2468728 bytes,   10103808 total
- age   3:    2121024 bytes,   12224832 total
- age   4:     766752 bytes,   12991584 total
- age   5:     235672 bytes,   13227256 total
- age   6:    1029912 bytes,   14257168 total
- age   7:    3176224 bytes,   17433392 total
- age   8:     630344 bytes,   18063736 total
- age   9:     827992 bytes,   18891728 total
- age  10:     946144 bytes,   19837872 total
: 439443K->19447K(471872K), 0.0880715 secs] 1117454K->698130K(2044736K), 0.0884358 secs]
Total time for which application threads were stopped: 0.0911825 seconds
Application time: 16.1286877 seconds
28533.771: [GC 28533.771: [ParNew
Desired survivor size 48306584 bytes, new threshold 10 (max 10)
- age   1:    4579600 bytes,    4579600 total
- age   2:    5292032 bytes,    9871632 total
- age   3:    1405792 bytes,   11277424 total
- age   4:    2120656 bytes,   13398080 total
- age   5:     766752 bytes,   14164832 total
- age   6:     235672 bytes,   14400504 total
- age   7:    1029888 bytes,   15430392 total
- age   8:    3175200 bytes,   18605592 total
- age   9:     630344 bytes,   19235936 total
- age  10:     825080 bytes,   20061016 total
: 438903K->19666K(471872K), 0.1027547 secs] 1117586K->699217K(2044736K), 0.1030921 secs]
Total time for which application threads were stopped: 0.1059053 seconds
Application time: 11.8311339 seconds
28545.708: [GC 28545.709: [ParNew
Desired survivor size 48306584 bytes, new threshold 10 (max 10)
- age   1:    3339992 bytes,    3339992 total
- age   2:    2489776 bytes,    5829768 total
- age   3:    4031048 bytes,    9860816 total
- age   4:    1405488 bytes,   11266304 total
- age   5:    2120656 bytes,   13386960 total
- age   6:     766752 bytes,   14153712 total
- age   7:     235672 bytes,   14389384 total
- age   8:    1029264 bytes,   15418648 total
- age   9:    3175200 bytes,   18593848 total
- age  10:     630344 bytes,   19224192 total
: 439115K->18854K(471872K), 0.1340634 secs] 1118666K->699209K(2044736K), 0.1344360 secs]
Total time for which application threads were stopped: 0.1376112 seconds
Application time: 77.4865890 seconds
28623.332: [GC 28623.333: [ParNew
Desired survivor size 48306584 bytes, new threshold 10 (max 10)
- age   1:   11315440 bytes,   11315440 total
- age   2:    2156384 bytes,   13471824 total
- age   3:    2248984 bytes,   15720808 total
- age   4:     748024 bytes,   16468832 total
- age   5:    1392272 bytes,   17861104 total
- age   6:    2108040 bytes,   19969144 total
- age   7:     670384 bytes,   20639528 total
- age   8:     217976 bytes,   20857504 total
- age   9:    1014872 bytes,   21872376 total
- age  10:     848424 bytes,   22720800 total
: 438310K->22262K(471872K), 0.0848231 secs] 1118665K->703149K(2044736K), 0.0851536 secs]
Total time for which application threads were stopped: 0.0878777 seconds
Application time: 43.0049179 seconds
28666.425: [GC 28666.426: [ParNew
Desired survivor size 48306584 bytes, new threshold 10 (max 10)
- age   1:    5599664 bytes,    5599664 total
- age   2:    3286440 bytes,    8886104 total
- age   3:    1835360 bytes,   10721464 total
- age   4:    2248984 bytes,   12970448 total
- age   5:     722920 bytes,   13693368 total
- age   6:    1355568 bytes,   15048936 total
- age   7:    2107960 bytes,   17156896 total
- age   8:     670384 bytes,   17827280 total
- age   9:     209768 bytes,   18037048 total
- age  10:     994552 bytes,   19031600 total
: 441717K->18656K(471872K), 0.0966317 secs] 1122605K->700372K(2044736K), 0.0976100 secs]
Total time for which application threads were stopped: 0.1004163 seconds
Application time: 80.9142341 seconds
28747.440: [GC 28747.440: [ParNew
Desired survivor size 48306584 bytes, new threshold 10 (max 10)
- age   1:   11462392 bytes,   11462392 total
- age   2:    3852880 bytes,   15315272 total
- age   3:     942368 bytes,   16257640 total
- age   4:    1818096 bytes,   18075736 total
- age   5:    2185872 bytes,   20261608 total
- age   6:     719904 bytes,   20981512 total
- age   7:    1353464 bytes,   22334976 total
- age   8:    2047080 bytes,   24382056 total
- age   9:     521816 bytes,   24903872 total
- age  10:     207192 bytes,   25111064 total
: 438112K->24591K(471872K), 0.0892112 secs] 1119828K->707278K(2044736K), 0.0895576 secs]
Total time for which application threads were stopped: 0.0921629 seconds
Application time: 39.0970922 seconds
28786.630: [GC 28786.630: [ParNew
Desired survivor size 48306584 bytes, new threshold 10 (max 10)
- age   1:    5962592 bytes,    5962592 total
- age   2:    3153288 bytes,    9115880 total
- age   3:    3849712 bytes,   12965592 total
- age   4:     921464 bytes,   13887056 total
- age   5:    1808560 bytes,   15695616 total
- age   6:     987520 bytes,   16683136 total
- age   7:     715416 bytes,   17398552 total
- age   8:    1348976 bytes,   18747528 total
- age   9:    1946992 bytes,   20694520 total
- age  10:     516072 bytes,   21210592 total
: 444037K->20792K(471872K), 0.0950000 secs] 1126724K->703681K(2044736K), 0.0953487 secs]
Total time for which application threads were stopped: 0.0986558 seconds
Application time: 34.3510464 seconds
28821.079: [GC 28821.079: [ParNew
Desired survivor size 48306584 bytes, new threshold 10 (max 10)
- age   1:    7331568 bytes,    7331568 total
- age   2:    2836448 bytes,   10168016 total
- age   3:    3151560 bytes,   13319576 total
- age   4:    3849488 bytes,   17169064 total
- age   5:     870624 bytes,   18039688 total
- age   6:     980800 bytes,   19020488 total
- age   7:     786480 bytes,   19806968 total
- age   8:     711272 bytes,   20518240 total
- age   9:     890296 bytes,   21408536 total
- age  10:    1942688 bytes,   23351224 total
: 440247K->22895K(471872K), 0.1022349 secs] 1123136K->706287K(2044736K), 0.1026238 secs]
Total time for which application threads were stopped: 0.1056302 seconds
Application time: 18.6590764 seconds
28839.844: [GC 28839.844: [ParNew
Desired survivor size 48306584 bytes, new threshold 10 (max 10)
- age   1:    5184216 bytes,    5184216 total
- age   2:    2176664 bytes,    7360880 total
- age   3:    2612376 bytes,    9973256 total
- age   4:    3130600 bytes,   13103856 total
- age   5:    3133192 bytes,   16237048 total
- age   6:     701752 bytes,   16938800 total
- age   7:     789960 bytes,   17728760 total
- age   8:     692272 bytes,   18421032 total
- age   9:     259160 bytes,   18680192 total
- age  10:     890296 bytes,   19570488 total
: 442351K->19187K(471872K), 0.0994299 secs] 1125743K->704477K(2044736K), 0.0997622 secs]
Total time for which application threads were stopped: 0.1029838 seconds
Application time: 6.0547577 seconds
28846.001: [GC 28846.002: [ParNew
Desired survivor size 48306584 bytes, new threshold 10 (max 10)
- age   1:    7922712 bytes,    7922712 total
- age   2:    3333056 bytes,   11255768 total
- age   3:    1066936 bytes,   12322704 total
- age   4:    2048144 bytes,   14370848 total
- age   5:    3130600 bytes,   17501448 total
- age   6:     649376 bytes,   18150824 total
- age   7:     701752 bytes,   18852576 total
- age   8:     784136 bytes,   19636712 total
- age   9:     692272 bytes,   20328984 total
- age  10:     259160 bytes,   20588144 total
: 438596K->20179K(471872K), 0.0909638 secs] 1123886K->706338K(2044736K), 0.0913069 secs]
Total time for which application threads were stopped: 0.0938954 seconds
Application time: 6.8412710 seconds
28852.938: [GC 28852.939: [ParNew
Desired survivor size 48306584 bytes, new threshold 10 (max 10)
- age   1:    8569840 bytes,    8569840 total
- age   2:    3554880 bytes,   12124720 total
- age   3:    2091616 bytes,   14216336 total
- age   4:     809864 bytes,   15026200 total
- age   5:    2015632 bytes,   17041832 total
- age   6:    3130472 bytes,   20172304 total
- age   7:     648752 bytes,   20821056 total
- age   8:     693048 bytes,   21514104 total
- age   9:     784136 bytes,   22298240 total
- age  10:     667776 bytes,   22966016 total
: 439635K->22509K(471872K), 0.0975490 secs] 1125794K->708922K(2044736K), 0.0978608 secs]
Total time for which application threads were stopped: 0.1020916 seconds
Application time: 21.7425473 seconds
28874.781: [GC 28874.782: [ParNew
Desired survivor size 48306584 bytes, new threshold 10 (max 10)
- age   1:    4386408 bytes,    4386408 total
- age   2:    3161200 bytes,    7547608 total
- age   3:    3510368 bytes,   11057976 total
- age   4:    1532528 bytes,   12590504 total
- age   5:     671176 bytes,   13261680 total
- age   6:    1953048 bytes,   15214728 total
- age   7:    3129848 bytes,   18344576 total
- age   8:     648752 bytes,   18993328 total
- age   9:     674712 bytes,   19668040 total
- age  10:     784136 bytes,   20452176 total
: 441965K->20057K(471872K), 0.1093313 secs] 1128378K->707121K(2044736K), 0.1096666 secs]
Total time for which application threads were stopped: 0.1123429 seconds
Application time: 28.6967926 seconds
28903.591: [GC 28903.591: [ParNew
Desired survivor size 48306584 bytes, new threshold 10 (max 10)
- age   1:    6797144 bytes,    6797144 total
- age   2:    3184152 bytes,    9981296 total
- age   3:    3014712 bytes,   12996008 total
- age   4:    3499544 bytes,   16495552 total
- age   5:    1394056 bytes,   17889608 total
- age   6:     655944 bytes,   18545552 total
- age   7:    1926912 bytes,   20472464 total
- age   8:     885784 bytes,   21358248 total
- age   9:     617696 bytes,   21975944 total
- age  10:     663680 bytes,   22639624 total
: 439513K->22195K(471872K), 0.1483539 secs] 1126577K->710019K(2044736K), 0.1486795 secs]
Total time for which application threads were stopped: 0.1515989 seconds
Application time: 31.0944008 seconds
28934.837: [GC 28934.837: [ParNew
Desired survivor size 48306584 bytes, new threshold 10 (max 10)
- age   1:    4818080 bytes,    4818080 total
- age   2:    1536768 bytes,    6354848 total
- age   3:    3100360 bytes,    9455208 total
- age   4:    3014584 bytes,   12469792 total
- age   5:    3412256 bytes,   15882048 total
- age   6:    1347040 bytes,   17229088 total
- age   7:     655944 bytes,   17885032 total
- age   8:    1926912 bytes,   19811944 total
- age   9:     857480 bytes,   20669424 total
- age  10:     616240 bytes,   21285664 total
: 441649K->20876K(471872K), 0.0984624 secs] 1129473K->709347K(2044736K), 0.0988341 secs]
Total time for which application threads were stopped: 0.1018898 seconds
Application time: 29.0872502 seconds
28964.026: [GC 28964.026: [ParNew
Desired survivor size 48306584 bytes, new threshold 10 (max 10)
- age   1:    4317592 bytes,    4317592 total
- age   2:    4503184 bytes,    8820776 total
- age   3:    1518816 bytes,   10339592 total
- age   4:    3081240 bytes,   13420832 total
- age   5:    1933768 bytes,   15354600 total
- age   6:    3410984 bytes,   18765584 total
- age   7:    1347040 bytes,   20112624 total
- age   8:     598592 bytes,   20711216 total
- age   9:    1926688 bytes,   22637904 total
- age  10:     857480 bytes,   23495384 total
: 440304K->23038K(471872K), 0.0982105 secs] 1128775K->712104K(2044736K), 0.0985364 secs]
Total time for which application threads were stopped: 0.1012656 seconds
Application time: 23.3194508 seconds
28987.447: [GC 28987.447: [ParNew
Desired survivor size 48306584 bytes, new threshold 10 (max 10)
- age   1:    3126520 bytes,    3126520 total
- age   2:    2210520 bytes,    5337040 total
- age   3:    3650656 bytes,    8987696 total
- age   4:    1391640 bytes,   10379336 total
- age   5:    2709120 bytes,   13088456 total
- age   6:    1933768 bytes,   15022224 total
- age   7:    3410984 bytes,   18433208 total
- age   8:    1347040 bytes,   19780248 total
- age   9:     598592 bytes,   20378840 total
- age  10:    1926688 bytes,   22305528 total
: 442487K->21873K(471872K), 0.1068580 secs] 1131554K->711770K(2044736K), 0.1071743 secs]
Total time for which application threads were stopped: 0.1104572 seconds
Application time: 15.7217217 seconds
29003.279: [GC 29003.279: [ParNew
Desired survivor size 48306584 bytes, new threshold 10 (max 10)
- age   1:    3643800 bytes,    3643800 total
- age   2:    1829336 bytes,    5473136 total
- age   3:    2112144 bytes,    7585280 total
- age   4:    3612976 bytes,   11198256 total
- age   5:    1052480 bytes,   12250736 total
- age   6:    1670912 bytes,   13921648 total
- age   7:    1933768 bytes,   15855416 total
- age   8:    3410648 bytes,   19266064 total
- age   9:    1340632 bytes,   20606696 total
- age  10:     598592 bytes,   21205288 total
: 441324K->20792K(471872K), 0.1102846 secs] 1131221K->712563K(2044736K), 0.1106103 secs]
Total time for which application threads were stopped: 0.1131697 seconds
Application time: 23.5949500 seconds
29026.988: [GC 29026.988: [ParNew
Desired survivor size 48306584 bytes, new threshold 10 (max 10)
- age   1:    6564560 bytes,    6564560 total
- age   2:    2506632 bytes,    9071192 total
- age   3:    1233832 bytes,   10305024 total
- age   4:    1084792 bytes,   11389816 total
- age   5:    3325704 bytes,   14715520 total
- age   6:    1052152 bytes,   15767672 total
- age   7:    1670912 bytes,   17438584 total
- age   8:    1933768 bytes,   19372352 total
- age   9:    3410648 bytes,   22783000 total
- age  10:    1340632 bytes,   24123632 total
: 440248K->23648K(471872K), 0.1268823 secs] 1132019K->716004K(2044736K), 0.1272294 secs]
Total time for which application threads were stopped: 0.1305834 seconds
Application time: 6.7784458 seconds
29033.896: [GC 29033.896: [ParNew
Desired survivor size 48306584 bytes, new threshold 10 (max 10)
- age   1:    4451736 bytes,    4451736 total
- age   2:    3221976 bytes,    7673712 total
- age   3:    1472768 bytes,    9146480 total
- age   4:     843120 bytes,    9989600 total
- age   5:    1084792 bytes,   11074392 total
- age   6:    3325704 bytes,   14400096 total
- age   7:    1052152 bytes,   15452248 total
- age   8:    1670912 bytes,   17123160 total
- age   9:    1933792 bytes,   19056952 total
- age  10:    3410648 bytes,   22467600 total
: 443104K->22043K(471872K), 0.1172125 secs] 1135460K->715709K(2044736K), 0.1175764 secs]
Total time for which application threads were stopped: 0.1203295 seconds
Application time: 22.3791383 seconds
29056.397: [GC 29056.397: [ParNew
Desired survivor size 48306584 bytes, new threshold 10 (max 10)
- age   1:    4530376 bytes,    4530376 total
- age   2:    2681448 bytes,    7211824 total
- age   3:    1985400 bytes,    9197224 total
- age   4:    1350128 bytes,   10547352 total
- age   5:     842792 bytes,   11390144 total
- age   6:    1084792 bytes,   12474936 total
- age   7:    3324784 bytes,   15799720 total
- age   8:    1052152 bytes,   16851872 total
- age   9:    1670912 bytes,   18522784 total
- age  10:    1933768 bytes,   20456552 total
: 441493K->20078K(471872K), 0.1291402 secs] 1135159K->717075K(2044736K), 0.1295498 secs]
Total time for which application threads were stopped: 0.1333034 seconds
Application time: 16.7361977 seconds
29073.265: [GC 29073.265: [ParNew
Desired survivor size 48306584 bytes, new threshold 10 (max 10)
- age   1:    2853024 bytes,    2853024 total
- age   2:    2619144 bytes,    5472168 total
- age   3:    1805328 bytes,    7277496 total
- age   4:    1886008 bytes,    9163504 total
- age   5:    1349464 bytes,   10512968 total
- age   6:     842792 bytes,   11355760 total
- age   7:    1084792 bytes,   12440552 total
- age   8:    3324656 bytes,   15765208 total
- age   9:    1052152 bytes,   16817360 total
- age  10:    1614584 bytes,   18431944 total
: 439531K->18091K(471872K), 0.1070765 secs] 1136528K->716976K(2044736K), 0.1074109 secs]
Total time for which application threads were stopped: 0.1100861 seconds
Application time: 15.8106557 seconds
29089.186: [GC 29089.187: [ParNew
Desired survivor size 48306584 bytes, new threshold 10 (max 10)
- age   1:    6779560 bytes,    6779560 total
- age   2:    1874104 bytes,    8653664 total
- age   3:    2268920 bytes,   10922584 total
- age   4:    1802688 bytes,   12725272 total
- age   5:    1801736 bytes,   14527008 total
- age   6:    1345032 bytes,   15872040 total
- age   7:     840376 bytes,   16712416 total
- age   8:    1080816 bytes,   17793232 total
- age   9:    3176688 bytes,   20969920 total
- age  10:    1050304 bytes,   22020224 total
: 437547K->21586K(471872K), 0.1175105 secs] 1136432K->722038K(2044736K), 0.1178821 secs]
Total time for which application threads were stopped: 0.1209601 seconds
Application time: 21.8692402 seconds
29111.177: [GC 29111.177: [ParNew
Desired survivor size 48306584 bytes, new threshold 10 (max 10)
- age   1:    5115976 bytes,    5115976 total
- age   2:     916816 bytes,    6032792 total
- age   3:    1794832 bytes,    7827624 total
- age   4:    2203648 bytes,   10031272 total
- age   5:    1802736 bytes,   11834008 total
- age   6:    1801736 bytes,   13635744 total
- age   7:    1344976 bytes,   14980720 total
- age   8:     760872 bytes,   15741592 total
- age   9:    1080816 bytes,   16822408 total
- age  10:    3176688 bytes,   19999096 total
: 441039K->19606K(471872K), 0.0882470 secs] 1141491K->721085K(2044736K), 0.0885687 secs]
Total time for which application threads were stopped: 0.0915767 seconds
Application time: 29.5850829 seconds
29140.853: [GC 29140.853: [ParNew
Desired survivor size 48306584 bytes, new threshold 10 (max 10)
- age   1:    6499672 bytes,    6499672 total
- age   2:    3485112 bytes,    9984784 total
- age   3:     694672 bytes,   10679456 total
- age   4:    1707480 bytes,   12386936 total
- age   5:    2169320 bytes,   14556256 total
- age   6:    1641416 bytes,   16197672 total
- age   7:    1800704 bytes,   17998376 total
- age   8:    1344976 bytes,   19343352 total
- age   9:     760872 bytes,   20104224 total
- age  10:    1080816 bytes,   21185040 total
: 439061K->20762K(471872K), 0.0878578 secs] 1140539K->723419K(2044736K), 0.0881595 secs]
Total time for which application threads were stopped: 0.0907261 seconds
Application time: 120.1719567 seconds
29261.116: [GC 29261.116: [ParNew
Desired survivor size 48306584 bytes, new threshold 10 (max 10)
- age   1:    2639816 bytes,    2639816 total
- age   2:    4206952 bytes,    6846768 total
- age   3:    3371728 bytes,   10218496 total
- age   4:     487872 bytes,   10706368 total
- age   5:    1693936 bytes,   12400304 total
- age   6:    2151064 bytes,   14551368 total
- age   7:    1612080 bytes,   16163448 total
- age   8:    1719208 bytes,   17882656 total
- age   9:    1205992 bytes,   19088648 total
- age  10:     749272 bytes,   19837920 total
: 440218K->19449K(471872K), 0.0844492 secs] 1142875K->723137K(2044736K), 0.0847796 secs]
Total time for which application threads were stopped: 0.0874192 seconds
Application time: 226.0660234 seconds
29487.270: [GC 29487.270: [ParNew
Desired survivor size 48306584 bytes, new threshold 10 (max 10)
- age   1:    3521496 bytes,    3521496 total
- age   2:    1293840 bytes,    4815336 total
- age   3:    4198728 bytes,    9014064 total
- age   4:    3364368 bytes,   12378432 total
- age   5:     483368 bytes,   12861800 total
- age   6:    1687072 bytes,   14548872 total
- age   7:    2082624 bytes,   16631496 total
- age   8:    1610808 bytes,   18242304 total
- age   9:    1650696 bytes,   19893000 total
- age  10:    1147048 bytes,   21040048 total
: 438905K->20617K(471872K), 0.0975608 secs] 1142593K->725034K(2044736K), 0.0978689 secs]
Total time for which application threads were stopped: 0.1019576 seconds
Application time: 9.0402194 seconds
29496.412: [GC 29496.412: [ParNew
Desired survivor size 48306584 bytes, new threshold 10 (max 10)
- age   1:    5366856 bytes,    5366856 total
- age   2:    1131624 bytes,    6498480 total
- age   3:     864864 bytes,    7363344 total
- age   4:    4126400 bytes,   11489744 total
- age   5:    3363280 bytes,   14853024 total
- age   6:     479832 bytes,   15332856 total
- age   7:     799008 bytes,   16131864 total
- age   8:     803480 bytes,   16935344 total
- age   9:    1406224 bytes,   18341568 total
- age  10:    1650696 bytes,   19992264 total
: 440073K->19596K(471872K), 0.0993026 secs] 1144490K->725133K(2044736K), 0.0996156 secs]
Total time for which application threads were stopped: 0.1028024 seconds
Application time: 10.5244430 seconds
29507.039: [GC 29507.039: [ParNew
Desired survivor size 48306584 bytes, new threshold 10 (max 10)
- age   1:    7698976 bytes,    7698976 total
- age   2:    2830824 bytes,   10529800 total
- age   3:     875528 bytes,   11405328 total
- age   4:     850592 bytes,   12255920 total
- age   5:    4126400 bytes,   16382320 total
- age   6:     302280 bytes,   16684600 total
- age   7:     479832 bytes,   17164432 total
- age   8:     799008 bytes,   17963440 total
- age   9:     803480 bytes,   18766920 total
- age  10:    1406200 bytes,   20173120 total
: 438936K->19770K(471872K), 0.0987518 secs] 1144473K->726920K(2044736K), 0.0990732 secs]
Total time for which application threads were stopped: 0.1016881 seconds
Application time: 9.1483969 seconds
29516.289: [GC 29516.289: [ParNew
Desired survivor size 48306584 bytes, new threshold 10 (max 10)
- age   1:    3887280 bytes,    3887280 total
- age   2:    5247344 bytes,    9134624 total
- age   3:    1119408 bytes,   10254032 total
- age   4:     788000 bytes,   11042032 total
- age   5:     847520 bytes,   11889552 total
- age   6:    4109264 bytes,   15998816 total
- age   7:     239160 bytes,   16237976 total
- age   8:     479832 bytes,   16717808 total
- age   9:     799008 bytes,   17516816 total
- age  10:     803480 bytes,   18320296 total
: 439226K->17954K(471872K), 0.0874405 secs] 1146375K->726476K(2044736K), 0.0877661 secs]
Total time for which application threads were stopped: 0.0904872 seconds
Application time: 50.7017709 seconds
29567.081: [GC 29567.081: [ParNew
Desired survivor size 48306584 bytes, new threshold 10 (max 10)
- age   1:    6054144 bytes,    6054144 total
- age   2:    2738640 bytes,    8792784 total
- age   3:    2147720 bytes,   10940504 total
- age   4:     901080 bytes,   11841584 total
- age   5:     733024 bytes,   12574608 total
- age   6:     836752 bytes,   13411360 total
- age   7:    4109264 bytes,   17520624 total
- age   8:     239160 bytes,   17759784 total
- age   9:     469408 bytes,   18229192 total
- age  10:     799008 bytes,   19028200 total
: 437400K->18640K(471872K), 0.0797536 secs] 1145922K->727947K(2044736K), 0.0800773 secs]
Total time for which application threads were stopped: 0.0827421 seconds
Application time: 60.9113276 seconds
29628.076: [GC 29628.076: [ParNew
Desired survivor size 48306584 bytes, new threshold 10 (max 10)
- age   1:    4503248 bytes,    4503248 total
- age   2:    4083216 bytes,    8586464 total
- age   3:    2658368 bytes,   11244832 total
- age   4:    2085112 bytes,   13329944 total
- age   5:     821576 bytes,   14151520 total
- age   6:     597968 bytes,   14749488 total
- age   7:     755688 bytes,   15505176 total
- age   8:     901920 bytes,   16407096 total
- age   9:     239160 bytes,   16646256 total
- age  10:     469408 bytes,   17115664 total
: 438095K->16767K(471872K), 0.0815978 secs] 1147402K->726855K(2044736K), 0.0819763 secs]
Total time for which application threads were stopped: 0.0855376 seconds
Application time: 23.0595918 seconds
29651.221: [GC 29651.221: [ParNew
Desired survivor size 48306584 bytes, new threshold 10 (max 10)
- age   1:    8792648 bytes,    8792648 total
- age   2:    1058352 bytes,    9851000 total
- age   3:    4075952 bytes,   13926952 total
- age   4:    2268528 bytes,   16195480 total
- age   5:    1104432 bytes,   17299912 total
- age   6:     821576 bytes,   18121488 total
- age   7:     529552 bytes,   18651040 total
- age   8:     738040 bytes,   19389080 total
- age   9:     839320 bytes,   20228400 total
- age  10:     239160 bytes,   20467560 total
: 436223K->20048K(471872K), 0.0909200 secs] 1146311K->730594K(2044736K), 0.0913007 secs]
Total time for which application threads were stopped: 0.0944897 seconds
Application time: 13.7760573 seconds
29665.091: [GC 29665.091: [ParNew
Desired survivor size 48306584 bytes, new threshold 10 (max 10)
- age   1:    3646680 bytes,    3646680 total
- age   2:    7023824 bytes,   10670504 total
- age   3:     969880 bytes,   11640384 total
- age   4:    4071840 bytes,   15712224 total
- age   5:     729920 bytes,   16442144 total
- age   6:    1104432 bytes,   17546576 total
- age   7:     821576 bytes,   18368152 total
- age   8:     522944 bytes,   18891096 total
- age   9:     737552 bytes,   19628648 total
- age  10:     839320 bytes,   20467968 total
: 439488K->20056K(471872K), 0.0920274 secs] 1150034K->730835K(2044736K), 0.0923648 secs]
Total time for which application threads were stopped: 0.0951026 seconds
Application time: 25.8746246 seconds
29691.062: [GC 29691.062: [ParNew
Desired survivor size 48306584 bytes, new threshold 10 (max 10)
- age   1:    5221680 bytes,    5221680 total
- age   2:    2473960 bytes,    7695640 total
- age   3:    3531800 bytes,   11227440 total
- age   4:     969880 bytes,   12197320 total
- age   5:    4041032 bytes,   16238352 total
- age   6:     639032 bytes,   16877384 total
- age   7:    1104432 bytes,   17981816 total
- age   8:     821576 bytes,   18803392 total
- age   9:     515552 bytes,   19318944 total
- age  10:     737552 bytes,   20056496 total
: 439500K->19654K(471872K), 0.0915411 secs] 1150279K->730909K(2044736K), 0.0919347 secs]
Total time for which application threads were stopped: 0.0954743 seconds
Application time: 72.9072012 seconds
29764.064: [GC 29764.064: [ParNew
Desired survivor size 48306584 bytes, new threshold 10 (max 10)
- age   1:    9762512 bytes,    9762512 total
- age   2:    3265456 bytes,   13027968 total
- age   3:    2434784 bytes,   15462752 total
- age   4:    2053776 bytes,   17516528 total
- age   5:     948760 bytes,   18465288 total
- age   6:    3936040 bytes,   22401328 total
- age   7:     616528 bytes,   23017856 total
- age   8:    1090072 bytes,   24107928 total
- age   9:     804056 bytes,   24911984 total
- age  10:     478840 bytes,   25390824 total
: 439106K->24875K(471872K), 0.1027494 secs] 1150362K->736580K(2044736K), 0.1030721 secs]
Total time for which application threads were stopped: 0.1062208 seconds
Application time: 11.9556656 seconds
29776.126: [GC 29776.126: [ParNew
Desired survivor size 48306584 bytes, new threshold 10 (max 10)
- age   1:    3364808 bytes,    3364808 total
- age   2:    4063016 bytes,    7427824 total
- age   3:    3237936 bytes,   10665760 total
- age   4:    1285792 bytes,   11951552 total
- age   5:    1993056 bytes,   13944608 total
- age   6:     948752 bytes,   14893360 total
- age   7:    3935776 bytes,   18829136 total
- age   8:     612832 bytes,   19441968 total
- age   9:    1088896 bytes,   20530864 total
- age  10:     804056 bytes,   21334920 total
: 444331K->20917K(471872K), 0.1235763 secs] 1156036K->733038K(2044736K), 0.1240666 secs]
Total time for which application threads were stopped: 0.1273470 seconds
Application time: 31.4637779 seconds
29807.717: [GC 29807.717: [ParNew
Desired survivor size 48306584 bytes, new threshold 10 (max 10)
- age   1:    5047352 bytes,    5047352 total
- age   2:    1889360 bytes,    6936712 total
- age   3:    2496224 bytes,    9432936 total
- age   4:    3237936 bytes,   12670872 total
- age   5:    1285792 bytes,   13956664 total
- age   6:    1993056 bytes,   15949720 total
- age   7:     930472 bytes,   16880192 total
- age   8:    3793392 bytes,   20673584 total
- age   9:     612832 bytes,   21286416 total
- age  10:    1074224 bytes,   22360640 total
: 440359K->21922K(471872K), 0.1055502 secs] 1152480K->734827K(2044736K), 0.1063480 secs]
Total time for which application threads were stopped: 0.1090557 seconds
Application time: 23.5174380 seconds
29831.343: [GC 29831.344: [ParNew
Desired survivor size 48306584 bytes, new threshold 10 (max 10)
- age   1:   14601856 bytes,   14601856 total
- age   2:    3146520 bytes,   17748376 total
- age   3:    1320152 bytes,   19068528 total
- age   4:    2496224 bytes,   21564752 total
- age   5:     906736 bytes,   22471488 total
- age   6:    1285792 bytes,   23757280 total
- age   7:    1993056 bytes,   25750336 total
- age   8:     930472 bytes,   26680808 total
- age   9:    3787456 bytes,   30468264 total
- age  10:     612832 bytes,   31081096 total
: 441378K->30438K(471872K), 0.1050695 secs] 1154283K->744392K(2044736K), 0.1053717 secs]
Total time for which application threads were stopped: 0.1081644 seconds
Application time: 70.9769371 seconds
29902.429: [GC 29902.429: [ParNew
Desired survivor size 48306584 bytes, new threshold 10 (max 10)
- age   1:    7756064 bytes,    7756064 total
- age   2:    1958688 bytes,    9714752 total
- age   3:    1680656 bytes,   11395408 total
- age   4:    1320152 bytes,   12715560 total
- age   5:    2441120 bytes,   15156680 total
- age   6:     785504 bytes,   15942184 total
- age   7:    1268568 bytes,   17210752 total
- age   8:    1993056 bytes,   19203808 total
- age   9:     921648 bytes,   20125456 total
- age  10:    3741032 bytes,   23866488 total
: 449894K->23390K(471872K), 0.1040419 secs] 1163848K->737942K(2044736K), 0.1043582 secs]
Total time for which application threads were stopped: 0.1072639 seconds
Application time: 14.4116859 seconds
29916.948: [GC 29916.948: [ParNew
Desired survivor size 48306584 bytes, new threshold 10 (max 10)
- age   1:    7780776 bytes,    7780776 total
- age   2:    5435440 bytes,   13216216 total
- age   3:    1592728 bytes,   14808944 total
- age   4:     776768 bytes,   15585712 total
- age   5:    1320152 bytes,   16905864 total
- age   6:    2441144 bytes,   19347008 total
- age   7:     785504 bytes,   20132512 total
- age   8:    1268568 bytes,   21401080 total
- age   9:    1993056 bytes,   23394136 total
- age  10:     920192 bytes,   24314328 total
: 442845K->23831K(471872K), 0.1052903 secs] 1157397K->738697K(2044736K), 0.1056364 secs]
Total time for which application threads were stopped: 0.1085581 seconds
Application time: 22.9618928 seconds
29940.020: [GC 29940.021: [ParNew
Desired survivor size 48306584 bytes, new threshold 10 (max 10)
- age   1:    5293840 bytes,    5293840 total
- age   2:    3987248 bytes,    9281088 total
- age   3:    4028568 bytes,   13309656 total
- age   4:    1442552 bytes,   14752208 total
- age   5:     776704 bytes,   15528912 total
- age   6:    1320152 bytes,   16849064 total
- age   7:    2441120 bytes,   19290184 total
- age   8:     785504 bytes,   20075688 total
- age   9:    1268568 bytes,   21344256 total
- age  10:    1990672 bytes,   23334928 total
: 443287K->22879K(471872K), 0.1074663 secs] 1158153K->738638K(2044736K), 0.1078170 secs]
Total time for which application threads were stopped: 0.1128372 seconds
Application time: 73.8815504 seconds
30014.013: [GC 30014.013: [ParNew
Desired survivor size 48306584 bytes, new threshold 10 (max 10)
- age   1:    9430120 bytes,    9430120 total
- age   2:    2411080 bytes,   11841200 total
- age   3:    3838104 bytes,   15679304 total
- age   4:    1079864 bytes,   16759168 total
- age   5:    1382784 bytes,   18141952 total
- age   6:     773800 bytes,   18915752 total
- age   7:    1316280 bytes,   20232032 total
- age   8:    2432808 bytes,   22664840 total
- age   9:     779112 bytes,   23443952 total
- age  10:    1266320 bytes,   24710272 total
: 442333K->24218K(471872K), 0.0990013 secs] 1158092K->741918K(2044736K), 0.0993065 secs]
Total time for which application threads were stopped: 0.1019810 seconds
Application time: 6.0074896 seconds
30020.122: [GC 30020.122: [ParNew
Desired survivor size 48306584 bytes, new threshold 10 (max 10)
- age   1:    4902936 bytes,    4902936 total
- age   2:    4430272 bytes,    9333208 total
- age   3:     846112 bytes,   10179320 total
- age   4:    3838264 bytes,   14017584 total
- age   5:    1079864 bytes,   15097448 total
- age   6:    1382672 bytes,   16480120 total
- age   7:     773800 bytes,   17253920 total
- age   8:    1315608 bytes,   18569528 total
- age   9:    2431352 bytes,   21000880 total
- age  10:     715952 bytes,   21716832 total
: 443674K->21292K(471872K), 0.0970426 secs] 1161374K->740229K(2044736K), 0.0973951 secs]
Total time for which application threads were stopped: 0.1000324 seconds
Application time: 12.3191112 seconds
30032.541: [GC 30032.542: [ParNew
Desired survivor size 48306584 bytes, new threshold 10 (max 10)
- age   1:    7839976 bytes,    7839976 total
- age   2:    3222368 bytes,   11062344 total
- age   3:    3253232 bytes,   14315576 total
- age   4:     845608 bytes,   15161184 total
- age   5:     777104 bytes,   15938288 total
- age   6:    1079688 bytes,   17017976 total
- age   7:    1382672 bytes,   18400648 total
- age   8:     773800 bytes,   19174448 total
- age   9:    1254984 bytes,   20429432 total
- age  10:    2425528 bytes,   22854960 total
: 440616K->22403K(471872K), 0.0943248 secs] 1159553K->742022K(2044736K), 0.0946873 secs]
Total time for which application threads were stopped: 0.0976381 seconds
Application time: 7.7158948 seconds
30040.355: [GC 30040.355: [ParNew
Desired survivor size 48306584 bytes, new threshold 10 (max 10)
- age   1:   11124584 bytes,   11124584 total
- age   2:    5681736 bytes,   16806320 total
- age   3:     884584 bytes,   17690904 total
- age   4:    1105072 bytes,   18795976 total
- age   5:     845608 bytes,   19641584 total
- age   6:     662208 bytes,   20303792 total
- age   7:    1079144 bytes,   21382936 total
- age   8:    1382672 bytes,   22765608 total
- age   9:     773800 bytes,   23539408 total
- age  10:    1254984 bytes,   24794392 total
: 441796K->24290K(471872K), 0.1140764 secs] 1161415K->746262K(2044736K), 0.1144238 secs]
Total time for which application threads were stopped: 0.1175335 seconds
Application time: 39.4217185 seconds
30079.895: [GC 30079.895: [ParNew
Desired survivor size 48306584 bytes, new threshold 10 (max 10)
- age   1:    4618568 bytes,    4618568 total
- age   2:    2758688 bytes,    7377256 total
- age   3:    5645008 bytes,   13022264 total
- age   4:     810688 bytes,   13832952 total
- age   5:    1082976 bytes,   14915928 total
- age   6:     752608 bytes,   15668536 total
- age   7:     648992 bytes,   16317528 total
- age   8:    1046184 bytes,   17363712 total
- age   9:    1367712 bytes,   18731424 total
- age  10:     760456 bytes,   19491880 total
: 443746K->19100K(471872K), 0.0906354 secs] 1165718K->742284K(2044736K), 0.0910196 secs]
Total time for which application threads were stopped: 0.0943788 seconds
Application time: 55.3986671 seconds
30135.388: [GC 30135.388: [ParNew
Desired survivor size 48306584 bytes, new threshold 10 (max 10)
- age   1:    7704912 bytes,    7704912 total
- age   2:     932512 bytes,    8637424 total
- age   3:    2370976 bytes,   11008400 total
- age   4:    4615768 bytes,   15624168 total
- age   5:     807592 bytes,   16431760 total
- age   6:    1082016 bytes,   17513776 total
- age   7:     752608 bytes,   18266384 total
- age   8:     648992 bytes,   18915376 total
- age   9:    1043160 bytes,   19958536 total
- age  10:    1364688 bytes,   21323224 total
: 438556K->20892K(471872K), 0.0755146 secs] 1161740K->744808K(2044736K), 0.0758299 secs]
Total time for which application threads were stopped: 0.0789342 seconds
Application time: 20.7381957 seconds
30156.204: [GC 30156.205: [ParNew
Desired survivor size 48306584 bytes, new threshold 10 (max 10)
- age   1:    8637592 bytes,    8637592 total
- age   2:    5236488 bytes,   13874080 total
- age   3:     908016 bytes,   14782096 total
- age   4:    1048568 bytes,   15830664 total
- age   5:    1011248 bytes,   16841912 total
- age   6:     807592 bytes,   17649504 total
- age   7:    1081840 bytes,   18731344 total
- age   8:     752608 bytes,   19483952 total
- age   9:     648992 bytes,   20132944 total
- age  10:    1040016 bytes,   21172960 total
: 440347K->20750K(471872K), 0.0722789 secs] 1164262K->745998K(2044736K), 0.0730638 secs]
Total time for which application threads were stopped: 0.0756872 seconds
Application time: 68.7334802 seconds
30225.014: [GC 30225.014: [ParNew
Desired survivor size 48306584 bytes, new threshold 10 (max 10)
- age   1:    4494216 bytes,    4494216 total
- age   2:    4989120 bytes,    9483336 total
- age   3:    3864208 bytes,   13347544 total
- age   4:     907880 bytes,   14255424 total
- age   5:    1048072 bytes,   15303496 total
- age   6:    1011152 bytes,   16314648 total
- age   7:     569760 bytes,   16884408 total
- age   8:     864944 bytes,   17749352 total
- age   9:     750368 bytes,   18499720 total
- age  10:     645344 bytes,   19145064 total
: 439954K->18756K(471872K), 0.0787392 secs] 1165202K->745012K(2044736K), 0.0790981 secs]
Total time for which application threads were stopped: 0.0821427 seconds
Application time: 5.8872027 seconds
30230.983: [GC 30230.983: [ParNew
Desired survivor size 48306584 bytes, new threshold 10 (max 10)
- age   1:    7151616 bytes,    7151616 total
- age   2:     935808 bytes,    8087424 total
- age   3:    3954192 bytes,   12041616 total
- age   4:    3412008 bytes,   15453624 total
- age   5:     907880 bytes,   16361504 total
- age   6:    1048072 bytes,   17409576 total
- age   7:     929752 bytes,   18339328 total
- age   8:     182568 bytes,   18521896 total
- age   9:     864944 bytes,   19386840 total
- age  10:     745216 bytes,   20132056 total
: 438165K->19731K(471872K), 0.0829390 secs] 1164420K->746617K(2044736K), 0.0832854 secs]
Total time for which application threads were stopped: 0.0859999 seconds
Application time: 8.9923450 seconds
30240.062: [GC 30240.062: [ParNew
Desired survivor size 48306584 bytes, new threshold 10 (max 10)
- age   1:    7108096 bytes,    7108096 total
- age   2:    2051928 bytes,    9160024 total
- age   3:     921176 bytes,   10081200 total
- age   4:     892584 bytes,   10973784 total
- age   5:    3412008 bytes,   14385792 total
- age   6:     907944 bytes,   15293736 total
- age   7:    1047584 bytes,   16341320 total
- age   8:     782824 bytes,   17124144 total
- age   9:     182480 bytes,   17306624 total
- age  10:     864944 bytes,   18171568 total
: 439187K->17812K(471872K), 0.0753940 secs] 1166073K->745426K(2044736K), 0.0757287 secs]
Total time for which application threads were stopped: 0.0786201 seconds
Application time: 8.4695721 seconds
30248.610: [GC 30248.610: [ParNew
Desired survivor size 48306584 bytes, new threshold 10 (max 10)
- age   1:    3943792 bytes,    3943792 total
- age   2:    5353696 bytes,    9297488 total
- age   3:     979328 bytes,   10276816 total
- age   4:     921176 bytes,   11197992 total
- age   5:     892080 bytes,   12090072 total
- age   6:    3412008 bytes,   15502080 total
- age   7:     907880 bytes,   16409960 total
- age   8:    1047584 bytes,   17457544 total
- age   9:     758328 bytes,   18215872 total
- age  10:     182480 bytes,   18398352 total
: 437268K->18030K(471872K), 0.0981058 secs] 1164882K->746485K(2044736K), 0.0984516 secs]
Total time for which application threads were stopped: 0.1012843 seconds
Application time: 12.6171683 seconds
30261.328: [GC 30261.328: [ParNew
Desired survivor size 48306584 bytes, new threshold 10 (max 10)
- age   1:    8355576 bytes,    8355576 total
- age   2:     907072 bytes,    9262648 total
- age   3:    2077224 bytes,   11339872 total
- age   4:     978824 bytes,   12318696 total
- age   5:     918664 bytes,   13237360 total
- age   6:     892080 bytes,   14129440 total
- age   7:    3411448 bytes,   17540888 total
- age   8:     906832 bytes,   18447720 total
- age   9:    1047584 bytes,   19495304 total
- age  10:     635312 bytes,   20130616 total
: 437486K->19736K(471872K), 0.0819590 secs] 1165941K->748370K(2044736K), 0.0822876 secs]
Total time for which application threads were stopped: 0.0850165 seconds
Application time: 3.0360473 seconds
30264.450: [GC 30264.450: [ParNew
Desired survivor size 48306584 bytes, new threshold 10 (max 10)
- age   1:    4691736 bytes,    4691736 total
- age   2:    4961296 bytes,    9653032 total
- age   3:     839744 bytes,   10492776 total
- age   4:    1156376 bytes,   11649152 total
- age   5:     978824 bytes,   12627976 total
- age   6:     901160 bytes,   13529136 total
- age   7:     794184 bytes,   14323320 total
- age   8:    3410960 bytes,   17734280 total
- age   9:     826992 bytes,   18561272 total
- age  10:    1040336 bytes,   19601608 total
: 439178K->19213K(471872K), 0.1173286 secs] 1167812K->748468K(2044736K), 0.1176998 secs]
Total time for which application threads were stopped: 0.1210928 seconds
Application time: 3.3935745 seconds
30267.964: [GC 30267.964: [ParNew
Desired survivor size 48306584 bytes, new threshold 10 (max 10)
- age   1:    4216256 bytes,    4216256 total
- age   2:    2125168 bytes,    6341424 total
- age   3:    4946456 bytes,   11287880 total
- age   4:     839640 bytes,   12127520 total
- age   5:    1090848 bytes,   13218368 total
- age   6:     978824 bytes,   14197192 total
- age   7:     901160 bytes,   15098352 total
- age   8:     794184 bytes,   15892536 total
- age   9:    3410960 bytes,   19303496 total
- age  10:     826992 bytes,   20130488 total
: 438669K->19741K(471872K), 0.1266717 secs] 1167924K->749999K(2044736K), 0.1269951 secs]
Total time for which application threads were stopped: 0.1297319 seconds
Application time: 14.5912251 seconds
30282.688: [GC 30282.688: [ParNew
Desired survivor size 48306584 bytes, new threshold 10 (max 10)
- age   1:    3929824 bytes,    3929824 total
- age   2:    2125000 bytes,    6054824 total
- age   3:    1579744 bytes,    7634568 total
- age   4:    4917184 bytes,   12551752 total
- age   5:     822128 bytes,   13373880 total
- age   6:     994264 bytes,   14368144 total
- age   7:     978824 bytes,   15346968 total
- age   8:     900128 bytes,   16247096 total
- age   9:     794184 bytes,   17041280 total
- age  10:    3410960 bytes,   20452240 total
: 439197K->20057K(471872K), 0.1064643 secs] 1169455K->751125K(2044736K), 0.1068291 secs]
Total time for which application threads were stopped: 0.1128067 seconds
Application time: 19.9719006 seconds
30302.772: [GC 30302.772: [ParNew
Desired survivor size 48306584 bytes, new threshold 10 (max 10)
- age   1:    5492136 bytes,    5492136 total
- age   2:    1116832 bytes,    6608968 total
- age   3:    2046968 bytes,    8655936 total
- age   4:    1143000 bytes,    9798936 total
- age   5:    4383408 bytes,   14182344 total
- age   6:     821696 bytes,   15004040 total
- age   7:     981040 bytes,   15985080 total
- age   8:     897864 bytes,   16882944 total
- age   9:     839504 bytes,   17722448 total
- age  10:     794184 bytes,   18516632 total
: 439512K->18165K(471872K), 0.1109536 secs] 1170580K->752566K(2044736K), 0.1112756 secs]
Total time for which application threads were stopped: 0.1159327 seconds
Application time: 11.2142261 seconds
30314.101: [GC 30314.101: [ParNew
Desired survivor size 48306584 bytes, new threshold 10 (max 10)
- age   1:    3869376 bytes,    3869376 total
- age   2:    2717784 bytes,    6587160 total
- age   3:     948656 bytes,    7535816 total
- age   4:    1269792 bytes,    8805608 total
- age   5:     695432 bytes,    9501040 total
- age   6:    4377800 bytes,   13878840 total
- age   7:     819584 bytes,   14698424 total
- age   8:     923880 bytes,   15622304 total
- age   9:     893376 bytes,   16515680 total
- age  10:     837128 bytes,   17352808 total
: 437621K->17032K(471872K), 0.1060139 secs] 1172022K->752207K(2044736K), 0.1063527 secs]
Total time for which application threads were stopped: 0.1096237 seconds
Application time: 9.5611372 seconds
30323.771: [GC 30323.771: [ParNew
Desired survivor size 48306584 bytes, new threshold 10 (max 10)
- age   1:    5462208 bytes,    5462208 total
- age   2:    2202848 bytes,    7665056 total
- age   3:    2602120 bytes,   10267176 total
- age   4:     787800 bytes,   11054976 total
- age   5:    1075776 bytes,   12130752 total
- age   6:     695432 bytes,   12826184 total
- age   7:    1194632 bytes,   14020816 total
- age   8:     819584 bytes,   14840400 total
- age   9:     923880 bytes,   15764280 total
- age  10:     893376 bytes,   16657656 total
: 436488K->16354K(471872K), 0.0851491 secs] 1171663K->752349K(2044736K), 0.0859834 secs]
Total time for which application threads were stopped: 0.0885918 seconds
Application time: 23.4106819 seconds
30347.271: [GC 30347.271: [ParNew
Desired survivor size 48306584 bytes, new threshold 10 (max 10)
- age   1:    7478096 bytes,    7478096 total
- age   2:    1285368 bytes,    8763464 total
- age   3:    2189320 bytes,   10952784 total
- age   4:    2581480 bytes,   13534264 total
- age   5:     767304 bytes,   14301568 total
- age   6:    1059144 bytes,   15360712 total
- age   7:     682888 bytes,   16043600 total
- age   8:    1165312 bytes,   17208912 total
- age   9:     745880 bytes,   17954792 total
- age  10:     907136 bytes,   18861928 total
: 435810K->18495K(471872K), 0.0937242 secs] 1171805K->755350K(2044736K), 0.0940616 secs]
Total time for which application threads were stopped: 0.0970550 seconds
Application time: 24.9597343 seconds
30372.327: [GC 30372.327: [ParNew
Desired survivor size 48306584 bytes, new threshold 10 (max 10)
- age   1:    5215864 bytes,    5215864 total
- age   2:     892488 bytes,    6108352 total
- age   3:    1203288 bytes,    7311640 total
- age   4:    2186192 bytes,    9497832 total
- age   5:    2581480 bytes,   12079312 total
- age   6:     767304 bytes,   12846616 total
- age   7:    1058744 bytes,   13905360 total
- age   8:     682784 bytes,   14588144 total
- age   9:    1165312 bytes,   15753456 total
- age  10:     745880 bytes,   16499336 total
: 437951K->16187K(471872K), 0.0841703 secs] 1174806K->753927K(2044736K), 0.0845069 secs]
Total time for which application threads were stopped: 0.0874030 seconds
Application time: 28.7116998 seconds
30401.127: [GC 30401.127: [ParNew
Desired survivor size 48306584 bytes, new threshold 10 (max 10)
- age   1:    8056536 bytes,    8056536 total
- age   2:    3737416 bytes,   11793952 total
- age   3:     586408 bytes,   12380360 total
- age   4:    1196128 bytes,   13576488 total
- age   5:    2181552 bytes,   15758040 total
- age   6:    2580824 bytes,   18338864 total
- age   7:     766848 bytes,   19105712 total
- age   8:    1058744 bytes,   20164456 total
- age   9:     682784 bytes,   20847240 total
- age  10:    1165312 bytes,   22012552 total
: 435496K->21567K(471872K), 0.0825909 secs] 1173237K->760036K(2044736K), 0.0829191 secs]
Total time for which application threads were stopped: 0.0862674 seconds
Application time: 11.0045283 seconds
30412.218: [GC 30412.218: [ParNew
Desired survivor size 48306584 bytes, new threshold 10 (max 10)
- age   1:    5650864 bytes,    5650864 total
- age   2:     830800 bytes,    6481664 total
- age   3:    3736576 bytes,   10218240 total
- age   4:     586408 bytes,   10804648 total
- age   5:    1196128 bytes,   12000776 total
- age   6:    2181552 bytes,   14182328 total
- age   7:    2512936 bytes,   16695264 total
- age   8:     766848 bytes,   17462112 total
- age   9:    1058744 bytes,   18520856 total
- age  10:     682784 bytes,   19203640 total
: 441021K->18830K(471872K), 0.0917303 secs] 1179490K->758437K(2044736K), 0.0920567 secs]
Total time for which application threads were stopped: 0.0951599 seconds
Application time: 14.2113135 seconds
30426.524: [GC 30426.524: [ParNew
Desired survivor size 48306584 bytes, new threshold 10 (max 10)
- age   1:    8608592 bytes,    8608592 total
- age   2:    3352688 bytes,   11961280 total
- age   3:     830432 bytes,   12791712 total
- age   4:    3736576 bytes,   16528288 total
- age   5:     586408 bytes,   17114696 total
- age   6:    1196128 bytes,   18310824 total
- age   7:    1865480 bytes,   20176304 total
- age   8:    1844560 bytes,   22020864 total
- age   9:     766848 bytes,   22787712 total
- age  10:    1058744 bytes,   23846456 total
: 438229K->23365K(471872K), 0.0983422 secs] 1177836K->763639K(2044736K), 0.0986687 secs]
Total time for which application threads were stopped: 0.1016036 seconds
Application time: 11.4031858 seconds
30438.028: [GC 30438.029: [ParNew
Desired survivor size 48306584 bytes, new threshold 10 (max 10)
- age   1:    9619432 bytes,    9619432 total
- age   2:    3077632 bytes,   12697064 total
- age   3:    3289312 bytes,   15986376 total
- age   4:     829448 bytes,   16815824 total
- age   5:     672144 bytes,   17487968 total
- age   6:     579368 bytes,   18067336 total
- age   7:     885672 bytes,   18953008 total
- age   8:    1007368 bytes,   19960376 total
- age   9:    1478128 bytes,   21438504 total
- age  10:     766848 bytes,   22205352 total
: 442821K->21763K(471872K), 0.1105089 secs] 1183095K->763071K(2044736K), 0.1108794 secs]
Total time for which application threads were stopped: 0.1136433 seconds
Application time: 9.1975694 seconds
30447.340: [GC 30447.341: [ParNew
Desired survivor size 48306584 bytes, new threshold 10 (max 10)
- age   1:    4628928 bytes,    4628928 total
- age   2:    6512576 bytes,   11141504 total
- age   3:    2110928 bytes,   13252432 total
- age   4:    3271344 bytes,   16523776 total
- age   5:     772192 bytes,   17295968 total
- age   6:     672144 bytes,   17968112 total
- age   7:     579368 bytes,   18547480 total
- age   8:     885672 bytes,   19433152 total
- age   9:    1007368 bytes,   20440520 total
- age  10:    1478128 bytes,   21918648 total
: 441145K->21489K(471872K), 0.1115887 secs] 1182453K->763546K(2044736K), 0.1119137 secs]
Total time for which application threads were stopped: 0.1153165 seconds
Application time: 10.6828106 seconds
30458.138: [GC 30458.138: [ParNew
Desired survivor size 48306584 bytes, new threshold 10 (max 10)
- age   1:    4781336 bytes,    4781336 total
- age   2:    2669328 bytes,    7450664 total
- age   3:    4939704 bytes,   12390368 total
- age   4:    2029816 bytes,   14420184 total
- age   5:    3271344 bytes,   17691528 total
- age   6:     771416 bytes,   18462944 total
- age   7:     672104 bytes,   19135048 total
- age   8:     579368 bytes,   19714416 total
- age   9:     884888 bytes,   20599304 total
- age  10:    1007368 bytes,   21606672 total
: 440917K->21173K(471872K), 0.1072603 secs] 1182974K->764673K(2044736K), 0.1075797 secs]
Total time for which application threads were stopped: 0.1102825 seconds
Application time: 38.1924384 seconds
30496.441: [GC 30496.441: [ParNew
Desired survivor size 48306584 bytes, new threshold 10 (max 10)
- age   1:    5343912 bytes,    5343912 total
- age   2:    2530016 bytes,    7873928 total
- age   3:    2589016 bytes,   10462944 total
- age   4:    4936792 bytes,   15399736 total
- age   5:    2029736 bytes,   17429472 total
- age   6:    1033464 bytes,   18462936 total
- age   7:     771288 bytes,   19234224 total
- age   8:     671488 bytes,   19905712 total
- age   9:     579368 bytes,   20485080 total
- age  10:     884888 bytes,   21369968 total
: 440583K->20940K(471872K), 0.1019419 secs] 1184084K->765425K(2044736K), 0.1022597 secs]
Total time for which application threads were stopped: 0.1049047 seconds
Application time: 86.1758501 seconds
30582.722: [GC 30582.722: [ParNew
Desired survivor size 48306584 bytes, new threshold 10 (max 10)
- age   1:    4949968 bytes,    4949968 total
- age   2:    2420640 bytes,    7370608 total
- age   3:    2426992 bytes,    9797600 total
- age   4:    2571312 bytes,   12368912 total
- age   5:    4839288 bytes,   17208200 total
- age   6:    2029656 bytes,   19237856 total
- age   7:    1026200 bytes,   20264056 total
- age   8:     771288 bytes,   21035344 total
- age   9:     671488 bytes,   21706832 total
- age  10:     579368 bytes,   22286200 total
: 440388K->21836K(471872K), 0.1082424 secs] 1184873K->767184K(2044736K), 0.1085687 secs]
Total time for which application threads were stopped: 0.1113200 seconds
Application time: 11.2551546 seconds
30594.089: [GC 30594.089: [ParNew
Desired survivor size 48306584 bytes, new threshold 10 (max 10)
- age   1:    5933568 bytes,    5933568 total
- age   2:     901016 bytes,    6834584 total
- age   3:    2420640 bytes,    9255224 total
- age   4:    2415352 bytes,   11670576 total
- age   5:    1168000 bytes,   12838576 total
- age   6:    4839288 bytes,   17677864 total
- age   7:    2029656 bytes,   19707520 total
- age   8:     965400 bytes,   20672920 total
- age   9:     770864 bytes,   21443784 total
- age  10:     671440 bytes,   22115224 total
: 441286K->21682K(471872K), 0.1134418 secs] 1186635K->767598K(2044736K), 0.1143555 secs]
Total time for which application threads were stopped: 0.1181751 seconds
Application time: 6.5964926 seconds
30600.803: [GC 30600.803: [ParNew
Desired survivor size 48306584 bytes, new threshold 10 (max 10)
- age   1:    4571712 bytes,    4571712 total
- age   2:    3307216 bytes,    7878928 total
- age   3:     900904 bytes,    8779832 total
- age   4:    2356656 bytes,   11136488 total
- age   5:    1160672 bytes,   12297160 total
- age   6:    1167344 bytes,   13464504 total
- age   7:    4707944 bytes,   18172448 total
- age   8:    2029656 bytes,   20202104 total
- age   9:     965400 bytes,   21167504 total
- age  10:     770864 bytes,   21938368 total
: 441079K->21514K(471872K), 0.1217122 secs] 1186995K->768088K(2044736K), 0.1220879 secs]
Total time for which application threads were stopped: 0.1251144 seconds
Application time: 14.7302650 seconds
30615.658: [GC 30615.658: [ParNew
Desired survivor size 48306584 bytes, new threshold 10 (max 10)
- age   1:    5027920 bytes,    5027920 total
- age   2:    1988320 bytes,    7016240 total
- age   3:    2421456 bytes,    9437696 total
- age   4:     823936 bytes,   10261632 total
- age   5:    2350968 bytes,   12612600 total
- age   6:     853960 bytes,   13466560 total
- age   7:    1161136 bytes,   14627696 total
- age   8:    4625208 bytes,   19252904 total
- age   9:    2027280 bytes,   21280184 total
- age  10:     962800 bytes,   22242984 total
: 440970K->21821K(471872K), 0.1097372 secs] 1187544K->769148K(2044736K), 0.1100699 secs]
Total time for which application threads were stopped: 0.1128962 seconds
Application time: 14.3311528 seconds
30630.102: [GC 30630.102: [ParNew
Desired survivor size 48306584 bytes, new threshold 10 (max 10)
- age   1:    6624432 bytes,    6624432 total
- age   2:    3345472 bytes,    9969904 total
- age   3:    1986736 bytes,   11956640 total
- age   4:    2421240 bytes,   14377880 total
- age   5:     822904 bytes,   15200784 total
- age   6:    2350968 bytes,   17551752 total
- age   7:     853560 bytes,   18405312 total
- age   8:    1081544 bytes,   19486856 total
- age   9:    1563600 bytes,   21050456 total
- age  10:    2027280 bytes,   23077736 total
: 441248K->22624K(471872K), 0.1087419 secs] 1188575K->770893K(2044736K), 0.1090726 secs]
Total time for which application threads were stopped: 0.1118015 seconds
Application time: 20.8723348 seconds
30651.087: [GC 30651.087: [ParNew
Desired survivor size 48306584 bytes, new threshold 10 (max 10)
- age   1:    1626096 bytes,    1626096 total
- age   2:    4503728 bytes,    6129824 total
- age   3:    3058376 bytes,    9188200 total
- age   4:    1979736 bytes,   11167936 total
- age   5:    2411608 bytes,   13579544 total
- age   6:     802576 bytes,   14382120 total
- age   7:    2335176 bytes,   16717296 total
- age   8:     840176 bytes,   17557472 total
- age   9:    1067152 bytes,   18624624 total
- age  10:    1546176 bytes,   20170800 total
: 442017K->19780K(471872K), 0.1164271 secs] 1190286K->770018K(2044736K), 0.1167421 secs]
Total time for which application threads were stopped: 0.1195892 seconds
Application time: 40.3411806 seconds
30691.547: [GC 30691.548: [ParNew
Desired survivor size 48306584 bytes, new threshold 10 (max 10)
- age   1:    5236792 bytes,    5236792 total
- age   2:     407704 bytes,    5644496 total
- age   3:    4500056 bytes,   10144552 total
- age   4:    2966584 bytes,   13111136 total
- age   5:    1979592 bytes,   15090728 total
- age   6:    2411448 bytes,   17502176 total
- age   7:     796712 bytes,   18298888 total
- age   8:    2281536 bytes,   20580424 total
- age   9:     839536 bytes,   21419960 total
- age  10:    1049480 bytes,   22469440 total
: 439224K->22016K(471872K), 0.0995803 secs] 1189462K->773703K(2044736K), 0.0999351 secs]
Total time for which application threads were stopped: 0.1026363 seconds
Application time: 27.7064176 seconds
30719.356: [GC 30719.357: [ParNew
Desired survivor size 48306584 bytes, new threshold 10 (max 10)
- age   1:    2610672 bytes,    2610672 total
- age   2:     594560 bytes,    3205232 total
- age   3:     246800 bytes,    3452032 total
- age   4:    4500056 bytes,    7952088 total
- age   5:    2966344 bytes,   10918432 total
- age   6:    1979592 bytes,   12898024 total
- age   7:    2411448 bytes,   15309472 total
- age   8:     717232 bytes,   16026704 total
- age   9:    2201696 bytes,   18228400 total
- age  10:     839536 bytes,   19067936 total
: 441472K->18688K(471872K), 0.0899163 secs] 1193159K->771400K(2044736K), 0.0902383 secs]
Total time for which application threads were stopped: 0.0929033 seconds
Application time: 45.4436928 seconds
30764.894: [GC 30764.894: [ParNew
Desired survivor size 48306584 bytes, new threshold 10 (max 10)
- age   1:    6140624 bytes,    6140624 total
- age   2:     832856 bytes,    6973480 total
- age   3:     528736 bytes,    7502216 total
- age   4:     245352 bytes,    7747568 total
- age   5:    4500056 bytes,   12247624 total
- age   6:    2957936 bytes,   15205560 total
- age   7:    1977648 bytes,   17183208 total
- age   8:    2298936 bytes,   19482144 total
- age   9:     676216 bytes,   20158360 total
- age  10:     716256 bytes,   20874616 total
: 438142K->20453K(471872K), 0.0968666 secs] 1190854K->773985K(2044736K), 0.0972154 secs]
Total time for which application threads were stopped: 0.1006849 seconds
Application time: 53.1514791 seconds
30818.146: [GC 30818.146: [ParNew
Desired survivor size 48306584 bytes, new threshold 10 (max 10)
- age   1:    2615664 bytes,    2615664 total
- age   2:    4787024 bytes,    7402688 total
- age   3:     664248 bytes,    8066936 total
- age   4:     337008 bytes,    8403944 total
- age   5:     243088 bytes,    8647032 total
- age   6:    4325576 bytes,   12972608 total
- age   7:    2957936 bytes,   15930544 total
- age   8:    1977648 bytes,   17908192 total
- age   9:    2290984 bytes,   20199176 total
- age  10:     670120 bytes,   20869296 total
: 439902K->20442K(471872K), 0.0890294 secs] 1193434K->774652K(2044736K), 0.0893836 secs]
Total time for which application threads were stopped: 0.0925108 seconds
Application time: 35.0476580 seconds
30853.286: [GC 30853.286: [ParNew
Desired survivor size 48306584 bytes, new threshold 10 (max 10)
- age   1:    7152344 bytes,    7152344 total
- age   2:     889864 bytes,    8042208 total
- age   3:    1659136 bytes,    9701344 total
- age   4:     664248 bytes,   10365592 total
- age   5:     273872 bytes,   10639464 total
- age   6:     243088 bytes,   10882552 total
- age   7:    4325576 bytes,   15208128 total
- age   8:    2957936 bytes,   18166064 total
- age   9:    1977648 bytes,   20143712 total
- age  10:    2290984 bytes,   22434696 total
: 439817K->21971K(471872K), 0.0850516 secs] 1194027K->776830K(2044736K), 0.0854263 secs]
Total time for which application threads were stopped: 0.0883558 seconds
Application time: 31.5668061 seconds
30884.944: [GC 30884.944: [ParNew
Desired survivor size 48306584 bytes, new threshold 10 (max 10)
- age   1:    8705424 bytes,    8705424 total
- age   2:     586216 bytes,    9291640 total
- age   3:     889864 bytes,   10181504 total
- age   4:    1659136 bytes,   11840640 total
- age   5:     664248 bytes,   12504888 total
- age   6:     256688 bytes,   12761576 total
- age   7:     243088 bytes,   13004664 total
- age   8:    4325576 bytes,   17330240 total
- age   9:    2957936 bytes,   20288176 total
- age  10:    1977648 bytes,   22265824 total
: 441314K->21794K(471872K), 0.0897554 secs] 1196173K->778891K(2044736K), 0.0900921 secs]
Total time for which application threads were stopped: 0.0958699 seconds
Application time: 34.7972408 seconds
30919.834: [GC 30919.835: [ParNew
Desired survivor size 48306584 bytes, new threshold 10 (max 10)
- age   1:    5430576 bytes,    5430576 total
- age   2:    3562240 bytes,    8992816 total
- age   3:     571456 bytes,    9564272 total
- age   4:     887488 bytes,   10451760 total
- age   5:    1535504 bytes,   11987264 total
- age   6:     660816 bytes,   12648080 total
- age   7:     253784 bytes,   12901864 total
- age   8:     240976 bytes,   13142840 total
- age   9:    4321224 bytes,   17464064 total
- age  10:    2949544 bytes,   20413608 total
: 441240K->19979K(471872K), 0.0804774 secs] 1198337K->777603K(2044736K), 0.0808314 secs]
Total time for which application threads were stopped: 0.0847299 seconds
Application time: 6.6565599 seconds
30926.575: [GC 30926.575: [ParNew
Desired survivor size 48306584 bytes, new threshold 10 (max 10)
- age   1:    4168792 bytes,    4168792 total
- age   2:    1682952 bytes,    5851744 total
- age   3:    3560792 bytes,    9412536 total
- age   4:     571456 bytes,    9983992 total
- age   5:     887360 bytes,   10871352 total
- age   6:    1516440 bytes,   12387792 total
- age   7:     598144 bytes,   12985936 total
- age   8:     253784 bytes,   13239720 total
- age   9:     227840 bytes,   13467560 total
- age  10:    4263784 bytes,   17731344 total
: 439435K->17353K(471872K), 0.0702442 secs] 1197059K->775373K(2044736K), 0.0706134 secs]
Total time for which application threads were stopped: 0.0734308 seconds
Application time: 12.3406740 seconds
30938.989: [GC 30938.990: [ParNew
Desired survivor size 48306584 bytes, new threshold 10 (max 10)
- age   1:    8726128 bytes,    8726128 total
- age   2:    2922336 bytes,   11648464 total
- age   3:    1386152 bytes,   13034616 total
- age   4:    3543632 bytes,   16578248 total
- age   5:     554776 bytes,   17133024 total
- age   6:     877128 bytes,   18010152 total
- age   7:    1201712 bytes,   19211864 total
- age   8:     573640 bytes,   19785504 total
- age   9:     181096 bytes,   19966600 total
- age  10:     175776 bytes,   20142376 total
: 436809K->19712K(471872K), 0.0686896 secs] 1194829K->778330K(2044736K), 0.0690105 secs]
Total time for which application threads were stopped: 0.0717548 seconds
Application time: 50.3458255 seconds
30989.407: [GC 30989.407: [ParNew
Desired survivor size 48306584 bytes, new threshold 10 (max 10)
- age   1:    1986248 bytes,    1986248 total
- age   2:    4811624 bytes,    6797872 total
- age   3:    2840176 bytes,    9638048 total
- age   4:    1379928 bytes,   11017976 total
- age   5:    3482248 bytes,   14500224 total
- age   6:     554776 bytes,   15055000 total
- age   7:     876440 bytes,   15931440 total
- age   8:    1200464 bytes,   17131904 total
- age   9:     573640 bytes,   17705544 total
- age  10:     173064 bytes,   17878608 total
: 439168K->17500K(471872K), 0.0720371 secs] 1197786K->776264K(2044736K), 0.0723630 secs]
Total time for which application threads were stopped: 0.0752588 seconds
Application time: 34.7620720 seconds
31024.245: [GC 31024.245: [ParNew
Desired survivor size 48306584 bytes, new threshold 10 (max 10)
- age   1:    1564392 bytes,    1564392 total
- age   2:     489120 bytes,    2053512 total
- age   3:    4803368 bytes,    6856880 total
- age   4:    2829984 bytes,    9686864 total
- age   5:    1379928 bytes,   11066792 total
- age   6:    3482248 bytes,   14549040 total
- age   7:     554776 bytes,   15103816 total
- age   8:     875816 bytes,   15979632 total
- age   9:    1131168 bytes,   17110800 total
- age  10:     427536 bytes,   17538336 total
: 436948K->17167K(471872K), 0.0668844 secs] 1195713K->776100K(2044736K), 0.0672156 secs]
Total time for which application threads were stopped: 0.0700397 seconds
Application time: 51.0374909 seconds
31075.352: [GC 31075.352: [ParNew
Desired survivor size 48306584 bytes, new threshold 10 (max 10)
- age   1:    1809232 bytes,    1809232 total
- age   2:     150840 bytes,    1960072 total
- age   3:     483632 bytes,    2443704 total
- age   4:    4795896 bytes,    7239600 total
- age   5:    2824392 bytes,   10063992 total
- age   6:    1379528 bytes,   11443520 total
- age   7:    3482120 bytes,   14925640 total
- age   8:     494152 bytes,   15419792 total
- age   9:     872904 bytes,   16292696 total
- age  10:    1078544 bytes,   17371240 total
: 436622K->17009K(471872K), 0.0692197 secs] 1195555K->776343K(2044736K), 0.0695346 secs]
Total time for which application threads were stopped: 0.0723635 seconds
Application time: 59.3627870 seconds
31134.788: [GC 31134.788: [ParNew
Desired survivor size 48306584 bytes, new threshold 10 (max 10)
- age   1:    6600768 bytes,    6600768 total
- age   2:     654032 bytes,    7254800 total
- age   3:     150840 bytes,    7405640 total
- age   4:     483608 bytes,    7889248 total
- age   5:    4794800 bytes,   12684048 total
- age   6:    2824392 bytes,   15508440 total
- age   7:    1204128 bytes,   16712568 total
- age   8:    1005736 bytes,   17718304 total
- age   9:     488192 bytes,   18206496 total
- age  10:     842984 bytes,   19049480 total
: 436465K->18646K(471872K), 0.0834601 secs] 1195799K->779002K(2044736K), 0.0837940 secs]
Total time for which application threads were stopped: 0.0874128 seconds
Application time: 6.3194284 seconds
31141.194: [GC 31141.195: [ParNew
Desired survivor size 48306584 bytes, new threshold 10 (max 10)
- age   1:   14624464 bytes,   14624464 total
- age   2:    5034920 bytes,   19659384 total
- age   3:     653384 bytes,   20312768 total
- age   4:     150704 bytes,   20463472 total
- age   5:     482984 bytes,   20946456 total
- age   6:    4771144 bytes,   25717600 total
- age   7:    1012320 bytes,   26729920 total
- age   8:     412688 bytes,   27142608 total
- age   9:    1005736 bytes,   28148344 total
- age  10:     485136 bytes,   28633480 total
: 438011K->28017K(471872K), 0.1023270 secs] 1198367K->789196K(2044736K), 0.1026730 secs]
Total time for which application threads were stopped: 0.1056591 seconds
Application time: 27.4506569 seconds
31168.751: [GC 31168.751: [ParNew
Desired survivor size 48306584 bytes, new threshold 10 (max 10)
- age   1:    3812264 bytes,    3812264 total
- age   2:    2893216 bytes,    6705480 total
- age   3:    4844464 bytes,   11549944 total
- age   4:     569696 bytes,   12119640 total
- age   5:     147800 bytes,   12267440 total
- age   6:     480608 bytes,   12748048 total
- age   7:    4769296 bytes,   17517344 total
- age   8:    1009416 bytes,   18526760 total
- age   9:     410576 bytes,   18937336 total
- age  10:     998728 bytes,   19936064 total
: 447421K->19530K(471872K), 0.0897763 secs] 1208599K->781180K(2044736K), 0.0901015 secs]
Total time for which application threads were stopped: 0.0928700 seconds
Application time: 34.0324916 seconds
31202.890: [GC 31202.890: [ParNew
Desired survivor size 48306584 bytes, new threshold 10 (max 10)
- age   1:    6153784 bytes,    6153784 total
- age   2:    1314352 bytes,    7468136 total
- age   3:    1590552 bytes,    9058688 total
- age   4:    4844224 bytes,   13902912 total
- age   5:     569696 bytes,   14472608 total
- age   6:     147800 bytes,   14620408 total
- age   7:     477368 bytes,   15097776 total
- age   8:    4768576 bytes,   19866352 total
- age   9:     798240 bytes,   20664592 total
- age  10:     404608 bytes,   21069200 total
: 438986K->20644K(471872K), 0.0926812 secs] 1200636K->783190K(2044736K), 0.0930089 secs]
Total time for which application threads were stopped: 0.1097515 seconds
Application time: 5.6253490 seconds
31208.614: [GC 31208.614: [ParNew
Desired survivor size 48306584 bytes, new threshold 10 (max 10)
- age   1:    6722992 bytes,    6722992 total
- age   2:    2078720 bytes,    8801712 total
- age   3:     938416 bytes,    9740128 total
- age   4:    1590552 bytes,   11330680 total
- age   5:    4843232 bytes,   16173912 total
- age   6:     569632 bytes,   16743544 total
- age   7:     147800 bytes,   16891344 total
- age   8:     474608 bytes,   17365952 total
- age   9:    1044968 bytes,   18410920 total
- age  10:     798240 bytes,   19209160 total
: 440100K->18829K(471872K), 0.0903919 secs] 1202646K->781766K(2044736K), 0.0911528 secs]
Total time for which application threads were stopped: 0.0965131 seconds
Application time: 25.2889796 seconds
31233.997: [GC 31233.997: [ParNew
Desired survivor size 48306584 bytes, new threshold 10 (max 10)
- age   1:    6257320 bytes,    6257320 total
- age   2:    4583856 bytes,   10841176 total
- age   3:     885328 bytes,   11726504 total
- age   4:     921976 bytes,   12648480 total
- age   5:    1579688 bytes,   14228168 total
- age   6:    4825480 bytes,   19053648 total
- age   7:     546280 bytes,   19599928 total
- age   8:     124560 bytes,   19724488 total
- age   9:     455904 bytes,   20180392 total
- age  10:     728056 bytes,   20908448 total
: 438284K->20490K(471872K), 0.0875396 secs] 1201222K->784207K(2044736K), 0.0878733 secs]
Total time for which application threads were stopped: 0.0909520 seconds
Application time: 7.1885828 seconds
31241.277: [GC 31241.277: [ParNew
Desired survivor size 48306584 bytes, new threshold 10 (max 10)
- age   1:    3136768 bytes,    3136768 total
- age   2:    2808072 bytes,    5944840 total
- age   3:    3873000 bytes,    9817840 total
- age   4:     885000 bytes,   10702840 total
- age   5:     921960 bytes,   11624800 total
- age   6:    1579688 bytes,   13204488 total
- age   7:    4824400 bytes,   18028888 total
- age   8:     546280 bytes,   18575168 total
- age   9:     124560 bytes,   18699728 total
- age  10:     455904 bytes,   19155632 total
: 439945K->18778K(471872K), 0.0999194 secs] 1203662K->783205K(2044736K), 0.1002413 secs]
Total time for which application threads were stopped: 0.1034324 seconds
Application time: 26.2103350 seconds
31267.591: [GC 31267.591: [ParNew
Desired survivor size 48306584 bytes, new threshold 10 (max 10)
- age   1:    6158128 bytes,    6158128 total
- age   2:    2004832 bytes,    8162960 total
- age   3:    2398632 bytes,   10561592 total
- age   4:     812032 bytes,   11373624 total
- age   5:     884496 bytes,   12258120 total
- age   6:     921960 bytes,   13180080 total
- age   7:    1579688 bytes,   14759768 total
- age   8:    4824400 bytes,   19584168 total
- age   9:     545656 bytes,   20129824 total
- age  10:     124560 bytes,   20254384 total
: 438234K->19855K(471872K), 0.1023762 secs] 1202661K->784719K(2044736K), 0.1027269 secs]
Total time for which application threads were stopped: 0.1060786 seconds
Application time: 34.9212204 seconds
31302.618: [GC 31302.618: [ParNew
Desired survivor size 48306584 bytes, new threshold 10 (max 10)
- age   1:    3104792 bytes,    3104792 total
- age   2:    3843576 bytes,    6948368 total
- age   3:    1980016 bytes,    8928384 total
- age   4:    2333856 bytes,   11262240 total
- age   5:     812032 bytes,   12074272 total
- age   6:     805024 bytes,   12879296 total
- age   7:     841576 bytes,   13720872 total
- age   8:    1579688 bytes,   15300560 total
- age   9:    4824400 bytes,   20124960 total
- age  10:     437512 bytes,   20562472 total
: 439311K->20150K(471872K), 0.0980379 secs] 1204174K->785135K(2044736K), 0.0983740 secs]
Total time for which application threads were stopped: 0.1012378 seconds
Application time: 17.7203836 seconds
31320.439: [GC 31320.439: [ParNew
Desired survivor size 48306584 bytes, new threshold 10 (max 10)
- age   1:    4258304 bytes,    4258304 total
- age   2:     620904 bytes,    4879208 total
- age   3:    3843368 bytes,    8722576 total
- age   4:    1970568 bytes,   10693144 total
- age   5:    2332888 bytes,   13026032 total
- age   6:     812032 bytes,   13838064 total
- age   7:     804664 bytes,   14642728 total
- age   8:     840952 bytes,   15483680 total
- age   9:    1579688 bytes,   17063368 total
- age  10:    1927736 bytes,   18991104 total
: 439606K->18616K(471872K), 0.0837244 secs] 1204590K->784028K(2044736K), 0.0840533 secs]
Total time for which application threads were stopped: 0.0868659 seconds
Application time: 91.7973439 seconds
31412.324: [GC 31412.324: [ParNew
Desired survivor size 48306584 bytes, new threshold 10 (max 10)
- age   1:    4659480 bytes,    4659480 total
- age   2:     773104 bytes,    5432584 total
- age   3:     536832 bytes,    5969416 total
- age   4:    3842744 bytes,    9812160 total
- age   5:    1970568 bytes,   11782728 total
- age   6:    2332888 bytes,   14115616 total
- age   7:     812032 bytes,   14927648 total
- age   8:     804664 bytes,   15732312 total
- age   9:     840952 bytes,   16573264 total
- age  10:    1579688 bytes,   18152952 total
: 438071K->17785K(471872K), 0.0912873 secs] 1203484K->784999K(2044736K), 0.0917648 secs]
Total time for which application threads were stopped: 0.0952973 seconds
Application time: 70.8329744 seconds
31483.253: [GC 31483.253: [ParNew
Desired survivor size 48306584 bytes, new threshold 10 (max 10)
- age   1:    5404528 bytes,    5404528 total
- age   2:    2376776 bytes,    7781304 total
- age   3:     552904 bytes,    8334208 total
- age   4:     230256 bytes,    8564464 total
- age   5:    3841688 bytes,   12406152 total
- age   6:    1968192 bytes,   14374344 total
- age   7:    2329192 bytes,   16703536 total
- age   8:     811240 bytes,   17514776 total
- age   9:     797008 bytes,   18311784 total
- age  10:     784384 bytes,   19096168 total
: 437241K->18705K(471872K), 0.0797881 secs] 1204455K->786573K(2044736K), 0.0801431 secs]
Total time for which application threads were stopped: 0.0844278 seconds
Application time: 11.8482303 seconds
31495.185: [GC 31495.185: [ParNew
Desired survivor size 48306584 bytes, new threshold 10 (max 10)
- age   1:    5830016 bytes,    5830016 total
- age   2:     902552 bytes,    6732568 total
- age   3:     891680 bytes,    7624248 total
- age   4:     552904 bytes,    8177152 total
- age   5:     230256 bytes,    8407408 total
- age   6:    3841688 bytes,   12249096 total
- age   7:    1962352 bytes,   14211448 total
- age   8:     989656 bytes,   15201104 total
- age   9:     811240 bytes,   16012344 total
- age  10:     792496 bytes,   16804840 total
: 438161K->16474K(471872K), 0.0852968 secs] 1206029K->785108K(2044736K), 0.0856145 secs]
Total time for which application threads were stopped: 0.0884317 seconds
Application time: 16.0865128 seconds
31511.360: [GC 31511.360: [ParNew
Desired survivor size 48306584 bytes, new threshold 10 (max 10)
- age   1:    3122984 bytes,    3122984 total
- age   2:    5433120 bytes,    8556104 total
- age   3:     680888 bytes,    9236992 total
- age   4:     874456 bytes,   10111448 total
- age   5:     552904 bytes,   10664352 total
- age   6:     230032 bytes,   10894384 total
- age   7:    3806520 bytes,   14700904 total
- age   8:     730672 bytes,   15431576 total
- age   9:     989632 bytes,   16421208 total
- age  10:     809000 bytes,   17230208 total
: 435930K->16890K(471872K), 0.0861668 secs] 1204563K->786266K(2044736K), 0.0865258 secs]
Total time for which application threads were stopped: 0.0898229 seconds
Application time: 28.5056044 seconds
31539.955: [GC 31539.955: [ParNew
Desired survivor size 48306584 bytes, new threshold 10 (max 10)
- age   1:    4411472 bytes,    4411472 total
- age   2:    2575072 bytes,    6986544 total
- age   3:    4030712 bytes,   11017256 total
- age   4:     422896 bytes,   11440152 total
- age   5:     772088 bytes,   12212240 total
- age   6:     538232 bytes,   12750472 total
- age   7:     209144 bytes,   12959616 total
- age   8:    3787144 bytes,   16746760 total
- age   9:     560336 bytes,   17307096 total
- age  10:     828968 bytes,   18136064 total
: 436346K->17772K(471872K), 0.0786835 secs] 1205722K->787939K(2044736K), 0.0790336 secs]
Total time for which application threads were stopped: 0.0819038 seconds
Application time: 6.2969383 seconds
31546.334: [GC 31546.334: [ParNew
Desired survivor size 48306584 bytes, new threshold 10 (max 10)
- age   1:    3914592 bytes,    3914592 total
- age   2:    1863344 bytes,    5777936 total
- age   3:    1854560 bytes,    7632496 total
- age   4:    3658896 bytes,   11291392 total
- age   5:     405544 bytes,   11696936 total
- age   6:     771464 bytes,   12468400 total
- age   7:     536752 bytes,   13005152 total
- age   8:     209144 bytes,   13214296 total
- age   9:    3784232 bytes,   16998528 total
- age  10:     560336 bytes,   17558864 total
: 437228K->17210K(471872K), 0.0858068 secs] 1207395K->788185K(2044736K), 0.0866232 secs]
Total time for which application threads were stopped: 0.0896519 seconds
Application time: 22.9673486 seconds
31569.391: [GC 31569.391: [ParNew
Desired survivor size 48306584 bytes, new threshold 10 (max 10)
- age   1:    4802088 bytes,    4802088 total
- age   2:    1747648 bytes,    6549736 total
- age   3:     883192 bytes,    7432928 total
- age   4:    1539536 bytes,    8972464 total
- age   5:    3658896 bytes,   12631360 total
- age   6:     405544 bytes,   13036904 total
- age   7:     770840 bytes,   13807744 total
- age   8:     536752 bytes,   14344496 total
- age   9:     209144 bytes,   14553640 total
- age  10:    3780424 bytes,   18334064 total
: 436666K->17969K(471872K), 0.0819106 secs] 1207641K->789492K(2044736K), 0.0822361 secs]
Total time for which application threads were stopped: 0.0851613 seconds
Application time: 5.5309703 seconds
31575.009: [GC 31575.009: [ParNew
Desired survivor size 48306584 bytes, new threshold 10 (max 10)
- age   1:    9467096 bytes,    9467096 total
- age   2:    1352040 bytes,   10819136 total
- age   3:     979752 bytes,   11798888 total
- age   4:     883192 bytes,   12682080 total
- age   5:    1537096 bytes,   14219176 total
- age   6:    3658896 bytes,   17878072 total
- age   7:     405544 bytes,   18283616 total
- age   8:     770840 bytes,   19054456 total
- age   9:     536752 bytes,   19591208 total
- age  10:     207688 bytes,   19798896 total
: 437398K->19412K(471872K), 0.0929669 secs] 1208921K->791637K(2044736K), 0.0932620 secs]
Total time for which application threads were stopped: 0.0976407 seconds
Application time: 7.5143821 seconds
31582.619: [GC 31582.620: [ParNew
Desired survivor size 48306584 bytes, new threshold 10 (max 10)
- age   1:    5924776 bytes,    5924776 total
- age   2:    6078440 bytes,   12003216 total
- age   3:    1192416 bytes,   13195632 total
- age   4:     979688 bytes,   14175320 total
- age   5:     882736 bytes,   15058056 total
- age   6:    1482336 bytes,   16540392 total
- age   7:    3579184 bytes,   20119576 total
- age   8:     405544 bytes,   20525120 total
- age   9:     770840 bytes,   21295960 total
- age  10:     536752 bytes,   21832712 total
: 438831K->21401K(471872K), 0.1069625 secs] 1211056K->793827K(2044736K), 0.1073064 secs]
Total time for which application threads were stopped: 0.1102528 seconds
Application time: 33.1105325 seconds
31615.841: [GC 31615.841: [ParNew
Desired survivor size 48306584 bytes, new threshold 10 (max 10)
- age   1:   11410080 bytes,   11410080 total
- age   2:    2333480 bytes,   13743560 total
- age   3:    2213880 bytes,   15957440 total
- age   4:    1191624 bytes,   17149064 total
- age   5:     979688 bytes,   18128752 total
- age   6:     882536 bytes,   19011288 total
- age   7:    1070928 bytes,   20082216 total
- age   8:    1923968 bytes,   22006184 total
- age   9:     405544 bytes,   22411728 total
- age  10:     770840 bytes,   23182568 total
: 440843K->22724K(471872K), 0.0962572 secs] 1213269K->795663K(2044736K), 0.0965995 secs]
Total time for which application threads were stopped: 0.1003857 seconds
Application time: 6.0432843 seconds
31621.984: [GC 31621.984: [ParNew
Desired survivor size 48306584 bytes, new threshold 10 (max 10)
- age   1:    8333640 bytes,    8333640 total
- age   2:    5567928 bytes,   13901568 total
- age   3:    1144072 bytes,   15045640 total
- age   4:    1119136 bytes,   16164776 total
- age   5:    1173208 bytes,   17337984 total
- age   6:     913848 bytes,   18251832 total
- age   7:     879896 bytes,   19131728 total
- age   8:    1067496 bytes,   20199224 total
- age   9:    1922120 bytes,   22121344 total
- age  10:     403168 bytes,   22524512 total
: 442180K->22088K(471872K), 0.1063380 secs] 1215119K->795777K(2044736K), 0.1067282 secs]
Total time for which application threads were stopped: 0.1101200 seconds
Application time: 13.3544688 seconds
31635.449: [GC 31635.449: [ParNew
Desired survivor size 48306584 bytes, new threshold 10 (max 10)
- age   1:   16644576 bytes,   16644576 total
- age   2:    3137744 bytes,   19782320 total
- age   3:    5547728 bytes,   25330048 total
- age   4:    1085128 bytes,   26415176 total
- age   5:    1116672 bytes,   27531848 total
- age   6:    1097648 bytes,   28629496 total
- age   7:     912392 bytes,   29541888 total
- age   8:     879896 bytes,   30421784 total
- age   9:    1066992 bytes,   31488776 total
- age  10:    1922120 bytes,   33410896 total
: 441325K->32725K(471872K), 0.1300707 secs] 1215014K->806808K(2044736K), 0.1304080 secs]
Total time for which application threads were stopped: 0.1333471 seconds
Application time: 33.2771428 seconds
31668.860: [GC 31668.860: [ParNew
Desired survivor size 48306584 bytes, new threshold 10 (max 10)
- age   1:    7067024 bytes,    7067024 total
- age   2:    4094272 bytes,   11161296 total
- age   3:    2457552 bytes,   13618848 total
- age   4:    4996176 bytes,   18615024 total
- age   5:    1051944 bytes,   19666968 total
- age   6:    1044200 bytes,   20711168 total
- age   7:    1035048 bytes,   21746216 total
- age   8:     911320 bytes,   22657536 total
- age   9:     879896 bytes,   23537432 total
- age  10:    1066992 bytes,   24604424 total
: 452181K->24124K(471872K), 0.1092244 secs] 1226264K->800084K(2044736K), 0.1095493 secs]
Total time for which application threads were stopped: 0.1128971 seconds
Application time: 7.6817169 seconds
31676.658: [GC 31676.658: [ParNew
Desired survivor size 48306584 bytes, new threshold 10 (max 10)
- age   1:    4848864 bytes,    4848864 total
- age   2:    2982224 bytes,    7831088 total
- age   3:    3908416 bytes,   11739504 total
- age   4:    1710120 bytes,   13449624 total
- age   5:    4894224 bytes,   18343848 total
- age   6:     987408 bytes,   19331256 total
- age   7:    1043744 bytes,   20375000 total
- age   8:    1035048 bytes,   21410048 total
- age   9:     911232 bytes,   22321280 total
- age  10:     574520 bytes,   22895800 total
: 443580K->22452K(471872K), 0.1044587 secs] 1219540K->799454K(2044736K), 0.1047856 secs]
Total time for which application threads were stopped: 0.1121779 seconds
Application time: 11.4725677 seconds
31688.239: [GC 31688.239: [ParNew
Desired survivor size 48306584 bytes, new threshold 10 (max 10)
- age   1:    2992200 bytes,    2992200 total
- age   2:    2547680 bytes,    5539880 total
- age   3:    2940840 bytes,    8480720 total
- age   4:    3908168 bytes,   12388888 total
- age   5:    1188312 bytes,   13577200 total
- age   6:    4894224 bytes,   18471424 total
- age   7:     970736 bytes,   19442160 total
- age   8:     980912 bytes,   20423072 total
- age   9:    1035048 bytes,   21458120 total
- age  10:     911232 bytes,   22369352 total
: 441908K->21942K(471872K), 0.0996640 secs] 1218910K->799507K(2044736K), 0.0999828 secs]
Total time for which application threads were stopped: 0.1029925 seconds
Application time: 46.6355992 seconds
31734.978: [GC 31734.978: [ParNew
Desired survivor size 48306584 bytes, new threshold 10 (max 10)
- age   1:    8319128 bytes,    8319128 total
- age   2:    1589464 bytes,    9908592 total
- age   3:    2521688 bytes,   12430280 total
- age   4:    2939120 bytes,   15369400 total
- age   5:     843480 bytes,   16212880 total
- age   6:    1187272 bytes,   17400152 total
- age   7:    2282816 bytes,   19682968 total
- age   8:     894576 bytes,   20577544 total
- age   9:     980912 bytes,   21558456 total
- age  10:    1033424 bytes,   22591880 total
: 441398K->22157K(471872K), 0.1117720 secs] 1218963K->800610K(2044736K), 0.1121693 secs]
Total time for which application threads were stopped: 0.1156942 seconds
Application time: 136.9908476 seconds
31872.097: [GC 31872.098: [ParNew
Desired survivor size 48306584 bytes, new threshold 10 (max 10)
- age   1:    3797320 bytes,    3797320 total
- age   2:    4251840 bytes,    8049160 total
- age   3:    1569968 bytes,    9619128 total
- age   4:    2507520 bytes,   12126648 total
- age   5:    2922232 bytes,   15048880 total
- age   6:     828856 bytes,   15877736 total
- age   7:    1174504 bytes,   17052240 total
- age   8:    2267920 bytes,   19320160 total
- age   9:     879464 bytes,   20199624 total
- age  10:     965568 bytes,   21165192 total
: 441609K->20752K(471872K), 0.0991225 secs] 1220063K->800194K(2044736K), 0.0999371 secs]
Total time for which application threads were stopped: 0.1164891 seconds
Application time: 68.1229636 seconds
31940.324: [GC 31940.324: [ParNew
Desired survivor size 48306584 bytes, new threshold 10 (max 10)
- age   1:    7766928 bytes,    7766928 total
- age   2:     856192 bytes,    8623120 total
- age   3:    1187064 bytes,    9810184 total
- age   4:    1486384 bytes,   11296568 total
- age   5:    2413728 bytes,   13710296 total
- age   6:    2919272 bytes,   16629568 total
- age   7:     714736 bytes,   17344304 total
- age   8:    1169608 bytes,   18513912 total
- age   9:    2259744 bytes,   20773656 total
- age  10:     876960 bytes,   21650616 total
: 440074K->21231K(471872K), 0.0982848 secs] 1219516K->801613K(2044736K), 0.0986465 secs]
Total time for which application threads were stopped: 0.1019424 seconds
Application time: 9.9841058 seconds
31950.409: [GC 31950.410: [ParNew
Desired survivor size 48306584 bytes, new threshold 10 (max 10)
- age   1:    4268984 bytes,    4268984 total
- age   2:    5231136 bytes,    9500120 total
- age   3:     848720 bytes,   10348840 total
- age   4:    1182016 bytes,   11530856 total
- age   5:    1375648 bytes,   12906504 total
- age   6:    1426136 bytes,   14332640 total
- age   7:    1915816 bytes,   16248456 total
- age   8:     650640 bytes,   16899096 total
- age   9:    1169608 bytes,   18068704 total
- age  10:    2259744 bytes,   20328448 total
: 440687K->19938K(471872K), 0.1083638 secs] 1221069K->801177K(2044736K), 0.1087602 secs]
Total time for which application threads were stopped: 0.1118235 seconds
Application time: 28.2878854 seconds
31978.813: [GC 31978.813: [ParNew
Desired survivor size 48306584 bytes, new threshold 10 (max 10)
- age   1:    4201008 bytes,    4201008 total
- age   2:    2231376 bytes,    6432384 total
- age   3:    5150208 bytes,   11582592 total
- age   4:     767472 bytes,   12350064 total
- age   5:    1121392 bytes,   13471456 total
- age   6:     848648 bytes,   14320104 total
- age   7:    1425992 bytes,   15746096 total
- age   8:    1880848 bytes,   17626944 total
- age   9:     650640 bytes,   18277584 total
- age  10:    1169608 bytes,   19447192 total
: 439394K->19067K(471872K), 0.1123765 secs] 1220633K->802513K(2044736K), 0.1127220 secs]
Total time for which application threads were stopped: 0.1193649 seconds
Application time: 11.1125253 seconds
31990.041: [GC 31990.041: [ParNew
Desired survivor size 48306584 bytes, new threshold 10 (max 10)
- age   1:    7280880 bytes,    7280880 total
- age   2:    1485144 bytes,    8766024 total
- age   3:    1214400 bytes,    9980424 total
- age   4:    2081600 bytes,   12062024 total
- age   5:     750496 bytes,   12812520 total
- age   6:    1121392 bytes,   13933912 total
- age   7:     847192 bytes,   14781104 total
- age   8:    1425992 bytes,   16207096 total
- age   9:    1881200 bytes,   18088296 total
- age  10:     650640 bytes,   18738936 total
: 438512K->18375K(471872K), 0.1035886 secs] 1221958K->802963K(2044736K), 0.1039301 secs]
Total time for which application threads were stopped: 0.1067604 seconds
Application time: 31.5571706 seconds
32021.705: [GC 32021.705: [ParNew
Desired survivor size 48306584 bytes, new threshold 10 (max 10)
- age   1:    3262416 bytes,    3262416 total
- age   2:    6173048 bytes,    9435464 total
- age   3:    1433392 bytes,   10868856 total
- age   4:     724408 bytes,   11593264 total
- age   5:    2079160 bytes,   13672424 total
- age   6:     750496 bytes,   14422920 total
- age   7:    1116448 bytes,   15539368 total
- age   8:     847192 bytes,   16386560 total
- age   9:    1425992 bytes,   17812552 total
- age  10:    1880848 bytes,   19693400 total
: 437820K->19311K(471872K), 0.0919690 secs] 1222408K->804535K(2044736K), 0.0922745 secs]
Total time for which application threads were stopped: 0.0949764 seconds
Application time: 27.4482332 seconds
32049.248: [GC 32049.249: [ParNew
Desired survivor size 48306584 bytes, new threshold 10 (max 10)
- age   1:    4923736 bytes,    4923736 total
- age   2:    1293384 bytes,    6217120 total
- age   3:    6173048 bytes,   12390168 total
- age   4:    1352944 bytes,   13743112 total
- age   5:     661280 bytes,   14404392 total
- age   6:    2079160 bytes,   16483552 total
- age   7:     748144 bytes,   17231696 total
- age   8:    1110480 bytes,   18342176 total
- age   9:     847192 bytes,   19189368 total
- age  10:    1425992 bytes,   20615360 total
: 438767K->20197K(471872K), 0.1114570 secs] 1223991K->807256K(2044736K), 0.1118507 secs]
Total time for which application threads were stopped: 0.1147912 seconds
Application time: 0.0001278 seconds
32049.362: [GC [1 CMS-initial-mark: 787059K(1572864K)] 807266K(2044736K), 0.2052268 secs]
Total time for which application threads were stopped: 0.2069427 seconds
32049.568: [CMS-concurrent-mark-start]
32052.891: [CMS-concurrent-mark: 3.322/3.323 secs]
32052.891: [CMS-concurrent-preclean-start]
32052.954: [CMS-concurrent-preclean: 0.062/0.062 secs]
Application time: 3.3858728 seconds
32052.956: [GC32052.956: [Rescan (parallel) , 0.2588545 secs]32053.216: [weak refs processing, 0.0360072 secs] [1 CMS-remark: 787059K(1572864K)] 909337K(2044736K), 0.3069192 secs]
Total time for which application threads were stopped: 0.3096701 seconds
32053.264: [CMS-concurrent-sweep-start]
32057.733: [CMS-concurrent-sweep: 4.469/4.469 secs]
32057.734: [CMS-concurrent-reset-start]
32058.009: [CMS-concurrent-reset: 0.276/0.276 secs]
Application time: 78.6983641 seconds
32131.964: [GC 32131.965: [ParNew
Desired survivor size 48306584 bytes, new threshold 10 (max 10)
- age   1:    4398704 bytes,    4398704 total
- age   2:    1234920 bytes,    5633624 total
- age   3:    1290944 bytes,    6924568 total
- age   4:    6172720 bytes,   13097288 total
- age   5:    1292320 bytes,   14389608 total
- age   6:     643904 bytes,   15033512 total
- age   7:    1156544 bytes,   16190056 total
- age   8:     734856 bytes,   16924912 total
- age   9:     853600 bytes,   17778512 total
- age  10:     847192 bytes,   18625704 total
: 439652K->18250K(471872K), 0.1049314 secs] 629550K->209540K(2044736K), 0.1052678 secs]
Total time for which application threads were stopped: 0.1082126 seconds
Application time: 27.6989525 seconds
32159.772: [GC 32159.772: [ParNew
Desired survivor size 48306584 bytes, new threshold 10 (max 10)
- age   1:    4658448 bytes,    4658448 total
- age   2:    2976848 bytes,    7635296 total
- age   3:    1215992 bytes,    8851288 total
- age   4:    1056648 bytes,    9907936 total
- age   5:    4205000 bytes,   14112936 total
- age   6:     740912 bytes,   14853848 total
- age   7:     631416 bytes,   15485264 total
- age   8:    1135760 bytes,   16621024 total
- age   9:     719704 bytes,   17340728 total
- age  10:     773728 bytes,   18114456 total
: 437706K->17749K(471872K), 0.0932034 secs] 628996K->209867K(2044736K), 0.0935945 secs]
Total time for which application threads were stopped: 0.0968750 seconds
Application time: 29.5078885 seconds
32189.377: [GC 32189.377: [ParNew
Desired survivor size 48306584 bytes, new threshold 10 (max 10)
- age   1:    6753744 bytes,    6753744 total
- age   2:    2425024 bytes,    9178768 total
- age   3:    2852200 bytes,   12030968 total
- age   4:    1215008 bytes,   13245976 total
- age   5:     813600 bytes,   14059576 total
- age   6:    4145392 bytes,   18204968 total
- age   7:     739448 bytes,   18944416 total
- age   8:     627584 bytes,   19572000 total
- age   9:    1134976 bytes,   20706976 total
- age  10:     718104 bytes,   21425080 total
: 437205K->20992K(471872K), 0.0900222 secs] 629323K->213815K(2044736K), 0.0903613 secs]
Total time for which application threads were stopped: 0.0936815 seconds
Application time: 12.3192121 seconds
32201.795: [GC 32201.795: [ParNew
Desired survivor size 48306584 bytes, new threshold 10 (max 10)
- age   1:    3673120 bytes,    3673120 total
- age   2:    2796200 bytes,    6469320 total
- age   3:    1011176 bytes,    7480496 total
- age   4:    2763944 bytes,   10244440 total
- age   5:    1215008 bytes,   11459448 total
- age   6:     813600 bytes,   12273048 total
- age   7:    4025440 bytes,   16298488 total
- age   8:     739448 bytes,   17037936 total
- age   9:     627584 bytes,   17665520 total
- age  10:    1134976 bytes,   18800496 total
: 440446K->18434K(471872K), 0.0840669 secs] 633268K->211958K(2044736K), 0.0849070 secs]
Total time for which application threads were stopped: 0.0936640 seconds
Application time: 116.5496667 seconds
32318.433: [GC 32318.433: [ParNew
Desired survivor size 48306584 bytes, new threshold 10 (max 10)
- age   1:   16108296 bytes,   16108296 total
- age   2:    2175304 bytes,   18283600 total
- age   3:    2502448 bytes,   20786048 total
- age   4:     989584 bytes,   21775632 total
- age   5:    2760912 bytes,   24536544 total
- age   6:    1131512 bytes,   25668056 total
- age   7:     802424 bytes,   26470480 total
- age   8:     940936 bytes,   27411416 total
- age   9:     667960 bytes,   28079376 total
- age  10:     623888 bytes,   28703264 total
: 437890K->28102K(471872K), 0.0821968 secs] 631414K->222717K(2044736K), 0.0825879 secs]
Total time for which application threads were stopped: 0.0853767 seconds
Application time: 57.3976223 seconds
32375.916: [GC 32375.916: [ParNew
Desired survivor size 48306584 bytes, new threshold 10 (max 10)
- age   1:    4288072 bytes,    4288072 total
- age   2:    3894280 bytes,    8182352 total
- age   3:    1592928 bytes,    9775280 total
- age   4:    1102288 bytes,   10877568 total
- age   5:     989584 bytes,   11867152 total
- age   6:    2748720 bytes,   14615872 total
- age   7:    1129584 bytes,   15745456 total
- age   8:     800800 bytes,   16546256 total
- age   9:     940936 bytes,   17487192 total
- age  10:     667960 bytes,   18155152 total
: 447551K->17796K(471872K), 0.0742967 secs] 642166K->213020K(2044736K), 0.0746252 secs]
Total time for which application threads were stopped: 0.0774999 seconds
Application time: 8.7950061 seconds
32384.789: [GC 32384.789: [ParNew
Desired survivor size 48306584 bytes, new threshold 10 (max 10)
- age   1:    7039376 bytes,    7039376 total
- age   2:     878624 bytes,    7918000 total
- age   3:    3886400 bytes,   11804400 total
- age   4:    1033416 bytes,   12837816 total
- age   5:    1102288 bytes,   13940104 total
- age   6:     989584 bytes,   14929688 total
- age   7:    2748720 bytes,   17678408 total
- age   8:    1129560 bytes,   18807968 total
- age   9:     800968 bytes,   19608936 total
- age  10:     940936 bytes,   20549872 total
: 437252K->20146K(471872K), 0.0952399 secs] 632476K->216023K(2044736K), 0.0956000 secs]
Total time for which application threads were stopped: 0.0990268 seconds
Application time: 26.1422142 seconds
32411.030: [GC 32411.030: [ParNew
Desired survivor size 48306584 bytes, new threshold 10 (max 10)
- age   1:    5587320 bytes,    5587320 total
- age   2:    5445400 bytes,   11032720 total
- age   3:     783200 bytes,   11815920 total
- age   4:     728440 bytes,   12544360 total
- age   5:    1016800 bytes,   13561160 total
- age   6:    1086104 bytes,   14647264 total
- age   7:     977320 bytes,   15624584 total
- age   8:    2684488 bytes,   18309072 total
- age   9:    1129560 bytes,   19438632 total
- age  10:     800968 bytes,   20239600 total
: 439595K->19839K(471872K), 0.0931119 secs] 635472K->216635K(2044736K), 0.0934641 secs]
Total time for which application threads were stopped: 0.0963898 seconds
Application time: 50.7952569 seconds
32461.921: [GC 32461.922: [ParNew
Desired survivor size 48306584 bytes, new threshold 10 (max 10)
- age   1:   11004576 bytes,   11004576 total
- age   2:    3966888 bytes,   14971464 total
- age   3:    5169920 bytes,   20141384 total
- age   4:     782744 bytes,   20924128 total
- age   5:     669944 bytes,   21594072 total
- age   6:     896840 bytes,   22490912 total
- age   7:    1018592 bytes,   23509504 total
- age   8:     974296 bytes,   24483800 total
- age   9:     581280 bytes,   25065080 total
- age  10:    1129560 bytes,   26194640 total
: 439291K->25658K(471872K), 0.0868964 secs] 636086K->223235K(2044736K), 0.0872258 secs]
Total time for which application threads were stopped: 0.0900399 seconds
Application time: 7.8644112 seconds
32469.876: [GC 32469.876: [ParNew
Desired survivor size 48306584 bytes, new threshold 10 (max 10)
- age   1:    9523080 bytes,    9523080 total
- age   2:    5460952 bytes,   14984032 total
- age   3:     706784 bytes,   15690816 total
- age   4:    3515880 bytes,   19206696 total
- age   5:     711968 bytes,   19918664 total
- age   6:     669944 bytes,   20588608 total
- age   7:     896840 bytes,   21485448 total
- age   8:    1017024 bytes,   22502472 total
- age   9:     974296 bytes,   23476768 total
- age  10:     581280 bytes,   24058048 total
: 445114K->23578K(471872K), 0.1021660 secs] 642691K->222259K(2044736K), 0.1024893 secs]
Total time for which application threads were stopped: 0.1053466 seconds
Application time: 10.4296638 seconds
32480.411: [GC 32480.411: [ParNew
Desired survivor size 48306584 bytes, new threshold 10 (max 10)
- age   1:    9978352 bytes,    9978352 total
- age   2:    3729840 bytes,   13708192 total
- age   3:    5039240 bytes,   18747432 total
- age   4:     704344 bytes,   19451776 total
- age   5:    2725240 bytes,   22177016 total
- age   6:     694800 bytes,   22871816 total
- age   7:     669944 bytes,   23541760 total
- age   8:     896840 bytes,   24438600 total
- age   9:    1014112 bytes,   25452712 total
- age  10:     974296 bytes,   26427008 total
: 443017K->25898K(471872K), 0.1129263 secs] 641698K->225147K(2044736K), 0.1132641 secs]
Total time for which application threads were stopped: 0.1161899 seconds
Application time: 30.7572524 seconds
32511.285: [GC 32511.285: [ParNew
Desired survivor size 48306584 bytes, new threshold 10 (max 10)
- age   1:    2134664 bytes,    2134664 total
- age   2:    5769088 bytes,    7903752 total
- age   3:    3444232 bytes,   11347984 total
- age   4:    4983376 bytes,   16331360 total
- age   5:     620984 bytes,   16952344 total
- age   6:    2639624 bytes,   19591968 total
- age   7:     691632 bytes,   20283600 total
- age   8:     667304 bytes,   20950904 total
- age   9:     891160 bytes,   21842064 total
- age  10:    1013584 bytes,   22855648 total
: 445354K->22409K(471872K), 0.0969534 secs] 644602K->222597K(2044736K), 0.0972598 secs]
Total time for which application threads were stopped: 0.1001531 seconds
Application time: 62.4197634 seconds
32573.805: [GC 32573.805: [ParNew
Desired survivor size 48306584 bytes, new threshold 10 (max 10)
- age   1:    2944224 bytes,    2944224 total
- age   2:     723304 bytes,    3667528 total
- age   3:    5765608 bytes,    9433136 total
- age   4:    3411816 bytes,   12844952 total
- age   5:    4949664 bytes,   17794616 total
- age   6:     620632 bytes,   18415248 total
- age   7:    2639624 bytes,   21054872 total
- age   8:     691632 bytes,   21746504 total
- age   9:     651032 bytes,   22397536 total
- age  10:     890832 bytes,   23288368 total
: 441850K->22831K(471872K), 0.0980101 secs] 642038K->224009K(2044736K), 0.0983240 secs]
Total time for which application threads were stopped: 0.1013645 seconds
Application time: 14.1624751 seconds
32588.068: [GC 32588.068: [ParNew
Desired survivor size 48306584 bytes, new threshold 10 (max 10)
- age   1:    7563976 bytes,    7563976 total
- age   2:     799144 bytes,    8363120 total
- age   3:     722608 bytes,    9085728 total
- age   4:    5695944 bytes,   14781672 total
- age   5:    3411680 bytes,   18193352 total
- age   6:    1112840 bytes,   19306192 total
- age   7:     620632 bytes,   19926824 total
- age   8:    2639624 bytes,   22566448 total
- age   9:     691632 bytes,   23258080 total
- age  10:     648792 bytes,   23906872 total
: 442198K->23432K(471872K), 0.1038811 secs] 643376K->225480K(2044736K), 0.1042130 secs]
Total time for which application threads were stopped: 0.1070151 seconds
Application time: 23.9095475 seconds
32612.085: [GC 32612.086: [ParNew
Desired survivor size 48306584 bytes, new threshold 10 (max 10)
- age   1:    9712424 bytes,    9712424 total
- age   2:     776952 bytes,   10489376 total
- age   3:     796496 bytes,   11285872 total
- age   4:     722608 bytes,   12008480 total
- age   5:    5695944 bytes,   17704424 total
- age   6:    3393824 bytes,   21098248 total
- age   7:    1112784 bytes,   22211032 total
- age   8:     620632 bytes,   22831664 total
- age   9:    2639000 bytes,   25470664 total
- age  10:     691632 bytes,   26162296 total
: 442888K->25632K(471872K), 0.0999665 secs] 644936K->228306K(2044736K), 0.1003011 secs]
Total time for which application threads were stopped: 0.1036218 seconds
Application time: 53.1727727 seconds
32665.363: [GC 32665.363: [ParNew
Desired survivor size 48306584 bytes, new threshold 10 (max 10)
- age   1:    6081792 bytes,    6081792 total
- age   2:    1106576 bytes,    7188368 total
- age   3:     355344 bytes,    7543712 total
- age   4:     795152 bytes,    8338864 total
- age   5:     722608 bytes,    9061472 total
- age   6:    3580360 bytes,   12641832 total
- age   7:    3393416 bytes,   16035248 total
- age   8:    1112768 bytes,   17148016 total
- age   9:     620632 bytes,   17768648 total
- age  10:    2639000 bytes,   20407648 total
: 445088K->20004K(471872K), 0.0996676 secs] 647762K->223345K(2044736K), 0.1000164 secs]
Total time for which application threads were stopped: 0.1046784 seconds
Application time: 17.2101082 seconds
32682.676: [GC 32682.676: [ParNew
Desired survivor size 48306584 bytes, new threshold 10 (max 10)
- age   1:    6187432 bytes,    6187432 total
- age   2:    1500296 bytes,    7687728 total
- age   3:     637768 bytes,    8325496 total
- age   4:     344616 bytes,    8670112 total
- age   5:     778856 bytes,    9448968 total
- age   6:     706200 bytes,   10155168 total
- age   7:    2620840 bytes,   12776008 total
- age   8:    3378240 bytes,   16154248 total
- age   9:    1097408 bytes,   17251656 total
- age  10:     602992 bytes,   17854648 total
: 439459K->17504K(471872K), 0.1097994 secs] 642800K->223417K(2044736K), 0.1101610 secs]
Total time for which application threads were stopped: 0.1131830 seconds
Application time: 26.1756559 seconds
32708.965: [GC 32708.965: [ParNew
Desired survivor size 48306584 bytes, new threshold 10 (max 10)
- age   1:    1825968 bytes,    1825968 total
- age   2:    3297224 bytes,    5123192 total
- age   3:    1285792 bytes,    6408984 total
- age   4:     637768 bytes,    7046752 total
- age   5:     344616 bytes,    7391368 total
- age   6:     778856 bytes,    8170224 total
- age   7:     626000 bytes,    8796224 total
- age   8:    2620840 bytes,   11417064 total
- age   9:    3378240 bytes,   14795304 total
- age  10:     988136 bytes,   15783440 total
: 436835K->15473K(471872K), 0.0755868 secs] 642748K->221972K(2044736K), 0.0759043 secs]
Total time for which application threads were stopped: 0.0787796 seconds
Application time: 25.6811356 seconds
32734.725: [GC 32734.725: [ParNew
Desired survivor size 48306584 bytes, new threshold 10 (max 10)
- age   1:    5383440 bytes,    5383440 total
- age   2:     774880 bytes,    6158320 total
- age   3:    3296328 bytes,    9454648 total
- age   4:    1283352 bytes,   10738000 total
- age   5:     637768 bytes,   11375768 total
- age   6:     344616 bytes,   11720384 total
- age   7:     778856 bytes,   12499240 total
- age   8:     626000 bytes,   13125240 total
- age   9:    2615000 bytes,   15740240 total
- age  10:    2410456 bytes,   18150696 total
: 434929K->17783K(471872K), 0.0796947 secs] 641428K->225240K(2044736K), 0.0799988 secs]
Total time for which application threads were stopped: 0.0828298 seconds
Application time: 13.3986179 seconds
32748.208: [GC 32748.208: [ParNew
Desired survivor size 48306584 bytes, new threshold 10 (max 10)
- age   1:    3613736 bytes,    3613736 total
- age   2:    1703696 bytes,    5317432 total
- age   3:     695808 bytes,    6013240 total
- age   4:    3296328 bytes,    9309568 total
- age   5:    1283224 bytes,   10592792 total
- age   6:     637144 bytes,   11229936 total
- age   7:     344552 bytes,   11574488 total
- age   8:     778856 bytes,   12353344 total
- age   9:     564624 bytes,   12917968 total
- age  10:    1478784 bytes,   14396752 total
: 437237K->14117K(471872K), 0.1009306 secs] 644694K->223565K(2044736K), 0.1013007 secs]
Total time for which application threads were stopped: 0.1051808 seconds
Application time: 78.7100544 seconds
32827.022: [GC 32827.022: [ParNew
Desired survivor size 48306584 bytes, new threshold 10 (max 10)
- age   1:   11041424 bytes,   11041424 total
- age   2:    2698264 bytes,   13739688 total
- age   3:    1556056 bytes,   15295744 total
- age   4:     692816 bytes,   15988560 total
- age   5:     229248 bytes,   16217808 total
- age   6:     638952 bytes,   16856760 total
- age   7:     634768 bytes,   17491528 total
- age   8:     341552 bytes,   17833080 total
- age   9:     771928 bytes,   18605008 total
- age  10:     541120 bytes,   19146128 total
: 433531K->18737K(471872K), 0.0715019 secs] 642979K->229549K(2044736K), 0.0718131 secs]
Total time for which application threads were stopped: 0.0745904 seconds
Application time: 68.2002055 seconds
32895.297: [GC 32895.297: [ParNew
Desired survivor size 48306584 bytes, new threshold 10 (max 10)
- age   1:    1108632 bytes,    1108632 total
- age   2:    4655984 bytes,    5764616 total
- age   3:    2697784 bytes,    8462400 total
- age   4:    1556056 bytes,   10018456 total
- age   5:     611488 bytes,   10629944 total
- age   6:     229248 bytes,   10859192 total
- age   7:     638952 bytes,   11498144 total
- age   8:     632528 bytes,   12130672 total
- age   9:     339168 bytes,   12469840 total
- age  10:     761576 bytes,   13231416 total
: 438193K->12968K(471872K), 0.0757884 secs] 649005K->224281K(2044736K), 0.0761362 secs]
Total time for which application threads were stopped: 0.0793068 seconds
Application time: 70.4177681 seconds
32965.794: [GC 32965.794: [ParNew
Desired survivor size 48306584 bytes, new threshold 10 (max 10)
- age   1:    7988912 bytes,    7988912 total
- age   2:     317360 bytes,    8306272 total
- age   3:    3850680 bytes,   12156952 total
- age   4:    2697784 bytes,   14854736 total
- age   5:    1023016 bytes,   15877752 total
- age   6:     611488 bytes,   16489240 total
- age   7:     229248 bytes,   16718488 total
- age   8:     633344 bytes,   17351832 total
- age   9:     611984 bytes,   17963816 total
- age  10:     339168 bytes,   18302984 total
: 432424K->17914K(471872K), 0.0746306 secs] 643737K->229970K(2044736K), 0.0749448 secs]
Total time for which application threads were stopped: 0.0778308 seconds
Application time: 13.4100609 seconds
32979.283: [GC 32979.283: [ParNew
Desired survivor size 48306584 bytes, new threshold 10 (max 10)
- age   1:    5511280 bytes,    5511280 total
- age   2:    6606440 bytes,   12117720 total
- age   3:     296544 bytes,   12414264 total
- age   4:    3711240 bytes,   16125504 total
- age   5:    1349184 bytes,   17474688 total
- age   6:     572448 bytes,   18047136 total
- age   7:     596032 bytes,   18643168 total
- age   8:     223368 bytes,   18866536 total
- age   9:     633344 bytes,   19499880 total
- age  10:     611984 bytes,   20111864 total
: 437287K->19691K(471872K), 0.0747914 secs] 649343K->232078K(2044736K), 0.0751410 secs]
Total time for which application threads were stopped: 0.0786999 seconds
Application time: 16.8339558 seconds
32996.195: [GC 32996.195: [ParNew
Desired survivor size 48306584 bytes, new threshold 10 (max 10)
- age   1:    6972712 bytes,    6972712 total
- age   2:    2709368 bytes,    9682080 total
- age   3:    1796880 bytes,   11478960 total
- age   4:     296544 bytes,   11775504 total
- age   5:    3711240 bytes,   15486744 total
- age   6:    1165600 bytes,   16652344 total
- age   7:     572448 bytes,   17224792 total
- age   8:     595104 bytes,   17819896 total
- age   9:     220456 bytes,   18040352 total
- age  10:     633344 bytes,   18673696 total
: 439145K->18285K(471872K), 0.0678903 secs] 651532K->231270K(2044736K), 0.0686666 secs]
Total time for which application threads were stopped: 0.0715578 seconds
Application time: 22.5615432 seconds
33018.828: [GC 33018.829: [ParNew
Desired survivor size 48306584 bytes, new threshold 10 (max 10)
- age   1:    7176264 bytes,    7176264 total
- age   2:    1371888 bytes,    8548152 total
- age   3:    1070184 bytes,    9618336 total
- age   4:    1264448 bytes,   10882784 total
- age   5:     296544 bytes,   11179328 total
- age   6:    3711240 bytes,   14890568 total
- age   7:    1165600 bytes,   16056168 total
- age   8:     570992 bytes,   16627160 total
- age   9:     593648 bytes,   17220808 total
- age  10:     220456 bytes,   17441264 total
: 437732K->17098K(471872K), 0.0894788 secs] 650717K->230702K(2044736K), 0.0900161 secs]
Total time for which application threads were stopped: 0.0936540 seconds
Application time: 16.7783720 seconds
33035.700: [GC 33035.700: [ParNew
Desired survivor size 48306584 bytes, new threshold 10 (max 10)
- age   1:    5716176 bytes,    5716176 total
- age   2:    6305480 bytes,   12021656 total
- age   3:    1062640 bytes,   13084296 total
- age   4:     714904 bytes,   13799200 total
- age   5:    1264448 bytes,   15063648 total
- age   6:     296544 bytes,   15360192 total
- age   7:    3711240 bytes,   19071432 total
- age   8:    1165656 bytes,   20237088 total
- age   9:     570992 bytes,   20808080 total
- age  10:     288272 bytes,   21096352 total
: 436506K->20676K(471872K), 0.0806183 secs] 650109K->234494K(2044736K), 0.0809451 secs]
Total time for which application threads were stopped: 0.0837215 seconds
Application time: 24.4485861 seconds
33060.232: [GC 33060.233: [ParNew
Desired survivor size 48306584 bytes, new threshold 10 (max 10)
- age   1:    8884608 bytes,    8884608 total
- age   2:    1680568 bytes,   10565176 total
- age   3:    4696344 bytes,   15261520 total
- age   4:    1060472 bytes,   16321992 total
- age   5:     714400 bytes,   17036392 total
- age   6:    1263824 bytes,   18300216 total
- age   7:     188080 bytes,   18488296 total
- age   8:     644616 bytes,   19132912 total
- age   9:    1161120 bytes,   20294032 total
- age  10:     570864 bytes,   20864896 total
: 440109K->20439K(471872K), 0.0848291 secs] 653927K->234539K(2044736K), 0.0851765 secs]
Total time for which application threads were stopped: 0.0882456 seconds
Application time: 7.4054964 seconds
33067.726: [GC 33067.726: [ParNew
Desired survivor size 48306584 bytes, new threshold 10 (max 10)
- age   1:    8192832 bytes,    8192832 total
- age   2:    4214416 bytes,   12407248 total
- age   3:    1672560 bytes,   14079808 total
- age   4:    3722688 bytes,   17802496 total
- age   5:    1060472 bytes,   18862968 total
- age   6:     634896 bytes,   19497864 total
- age   7:    1246600 bytes,   20744464 total
- age   8:     160104 bytes,   20904568 total
- age   9:     644280 bytes,   21548848 total
- age  10:    1161120 bytes,   22709968 total
: 439639K->22244K(471872K), 0.0962480 secs] 653739K->236902K(2044736K), 0.0966047 secs]
Total time for which application threads were stopped: 0.0996967 seconds
Application time: 18.7526846 seconds
33086.580: [GC 33086.580: [ParNew
Desired survivor size 48306584 bytes, new threshold 10 (max 10)
- age   1:    3804088 bytes,    3804088 total
- age   2:    6395200 bytes,   10199288 total
- age   3:    4201960 bytes,   14401248 total
- age   4:    1100472 bytes,   15501720 total
- age   5:    2772168 bytes,   18273888 total
- age   6:    1060472 bytes,   19334360 total
- age   7:     634896 bytes,   19969256 total
- age   8:    1246600 bytes,   21215856 total
- age   9:     160104 bytes,   21375960 total
- age  10:     636744 bytes,   22012704 total
: 441700K->21563K(471872K), 0.1095069 secs] 656358K->237354K(2044736K), 0.1098451 secs]
Total time for which application threads were stopped: 0.1143928 seconds
Application time: 7.0245078 seconds
33093.718: [GC 33093.718: [ParNew
Desired survivor size 48306584 bytes, new threshold 10 (max 10)
- age   1:    5871312 bytes,    5871312 total
- age   2:    1509816 bytes,    7381128 total
- age   3:    5413704 bytes,   12794832 total
- age   4:    4122040 bytes,   16916872 total
- age   5:    1100368 bytes,   18017240 total
- age   6:    2772168 bytes,   20789408 total
- age   7:    1060472 bytes,   21849880 total
- age   8:     634408 bytes,   22484288 total
- age   9:    1105080 bytes,   23589368 total
- age  10:     160104 bytes,   23749472 total
: 441019K->23268K(471872K), 0.1035518 secs] 656810K->239682K(2044736K), 0.1038937 secs]
Total time for which application threads were stopped: 0.1071673 seconds
Application time: 11.6972626 seconds
33105.522: [GC 33105.522: [ParNew
Desired survivor size 48306584 bytes, new threshold 10 (max 10)
- age   1:    9880032 bytes,    9880032 total
- age   2:    2830864 bytes,   12710896 total
- age   3:     913368 bytes,   13624264 total
- age   4:    5383880 bytes,   19008144 total
- age   5:     950768 bytes,   19958912 total
- age   6:    1096672 bytes,   21055584 total
- age   7:    2770320 bytes,   23825904 total
- age   8:    1058296 bytes,   24884200 total
- age   9:     631504 bytes,   25515704 total
- age  10:    1101912 bytes,   26617616 total
: 442724K->26065K(471872K), 0.0976818 secs] 659137K->242633K(2044736K), 0.0979914 secs]
Total time for which application threads were stopped: 0.1008864 seconds
Application time: 44.5440245 seconds
33150.167: [GC 33150.167: [ParNew
Desired survivor size 48306584 bytes, new threshold 10 (max 10)
- age   1:    2532928 bytes,    2532928 total
- age   2:    4926184 bytes,    7459112 total
- age   3:    2830248 bytes,   10289360 total
- age   4:     642928 bytes,   10932288 total
- age   5:    5383552 bytes,   16315840 total
- age   6:     950768 bytes,   17266608 total
- age   7:    1096672 bytes,   18363280 total
- age   8:    2770320 bytes,   21133600 total
- age   9:    1058296 bytes,   22191896 total
- age  10:     631504 bytes,   22823400 total
: 445521K->22365K(471872K), 0.1020019 secs] 662089K->239869K(2044736K), 0.1023879 secs]
Total time for which application threads were stopped: 0.1057467 seconds
Application time: 20.0785437 seconds
33170.351: [GC 33170.351: [ParNew
Desired survivor size 48306584 bytes, new threshold 10 (max 10)
- age   1:    7764120 bytes,    7764120 total
- age   2:    1038704 bytes,    8802824 total
- age   3:    4920160 bytes,   13722984 total
- age   4:    1845800 bytes,   15568784 total
- age   5:     642928 bytes,   16211712 total
- age   6:    1123640 bytes,   17335352 total
- age   7:     715424 bytes,   18050776 total
- age   8:     949928 bytes,   19000704 total
- age   9:    2770256 bytes,   21770960 total
- age  10:    1057240 bytes,   22828200 total
: 441792K->22373K(471872K), 0.0921491 secs] 659296K->240495K(2044736K), 0.0925280 secs]
Total time for which application threads were stopped: 0.0953319 seconds
Application time: 24.5176646 seconds
33194.964: [GC 33194.964: [ParNew
Desired survivor size 48306584 bytes, new threshold 10 (max 10)
- age   1:    4034408 bytes,    4034408 total
- age   2:    4226928 bytes,    8261336 total
- age   3:     920312 bytes,    9181648 total
- age   4:    4389888 bytes,   13571536 total
- age   5:     837144 bytes,   14408680 total
- age   6:     640176 bytes,   15048856 total
- age   7:    1121672 bytes,   16170528 total
- age   8:     715424 bytes,   16885952 total
- age   9:     949880 bytes,   17835832 total
- age  10:    2770256 bytes,   20606088 total
: 441828K->20199K(471872K), 0.0983847 secs] 659950K->239355K(2044736K), 0.0987012 secs]
Total time for which application threads were stopped: 0.1015345 seconds
Application time: 61.3065009 seconds
33256.372: [GC 33256.373: [ParNew
Desired survivor size 48306584 bytes, new threshold 10 (max 10)
- age   1:   10432016 bytes,   10432016 total
- age   2:    2461776 bytes,   12893792 total
- age   3:    1980064 bytes,   14873856 total
- age   4:     920312 bytes,   15794168 total
- age   5:     953408 bytes,   16747576 total
- age   6:     837144 bytes,   17584720 total
- age   7:     622952 bytes,   18207672 total
- age   8:    1121672 bytes,   19329344 total
- age   9:     715424 bytes,   20044768 total
- age  10:     949880 bytes,   20994648 total
: 439602K->20569K(471872K), 0.0957478 secs] 658758K->242432K(2044736K), 0.0965899 secs]
Total time for which application threads were stopped: 0.0994521 seconds
Application time: 34.7529863 seconds
33291.225: [GC 33291.225: [ParNew
Desired survivor size 48306584 bytes, new threshold 10 (max 10)
- age   1:    4050744 bytes,    4050744 total
- age   2:    6176032 bytes,   10226776 total
- age   3:    2129704 bytes,   12356480 total
- age   4:    1364544 bytes,   13721024 total
- age   5:     899536 bytes,   14620560 total
- age   6:     937896 bytes,   15558456 total
- age   7:     824600 bytes,   16383056 total
- age   8:     603128 bytes,   16986184 total
- age   9:    1114000 bytes,   18100184 total
- age  10:     701200 bytes,   18801384 total
: 440025K->18420K(471872K), 0.0822539 secs] 661888K->241195K(2044736K), 0.0826269 secs]
Total time for which application threads were stopped: 0.0858018 seconds
Application time: 4.6610264 seconds
33295.973: [GC 33295.974: [ParNew
Desired survivor size 48306584 bytes, new threshold 10 (max 10)
- age   1:    7459960 bytes,    7459960 total
- age   2:    1894136 bytes,    9354096 total
- age   3:    3089960 bytes,   12444056 total
- age   4:    1143960 bytes,   13588016 total
- age   5:     988816 bytes,   14576832 total
- age   6:     899536 bytes,   15476368 total
- age   7:     937896 bytes,   16414264 total
- age   8:     824600 bytes,   17238864 total
- age   9:     603128 bytes,   17841992 total
- age  10:    1107232 bytes,   18949224 total
: 437876K->18570K(471872K), 0.0892868 secs] 660651K->242030K(2044736K), 0.0896276 secs]
Total time for which application threads were stopped: 0.0943151 seconds
Application time: 9.8388061 seconds
33305.905: [GC 33305.906: [ParNew
Desired survivor size 48306584 bytes, new threshold 10 (max 10)
- age   1:    2885728 bytes,    2885728 total
- age   2:    5535488 bytes,    8421216 total
- age   3:    1285840 bytes,    9707056 total
- age   4:    3089840 bytes,   12796896 total
- age   5:    1143632 bytes,   13940528 total
- age   6:     988056 bytes,   14928584 total
- age   7:     755248 bytes,   15683832 total
- age   8:     937896 bytes,   16621728 total
- age   9:     824600 bytes,   17446328 total
- age  10:     603128 bytes,   18049456 total
: 438025K->17690K(471872K), 0.0845033 secs] 661485K->242232K(2044736K), 0.0848554 secs]
Total time for which application threads were stopped: 0.0883311 seconds
Application time: 43.9079155 seconds
33349.901: [GC 33349.902: [ParNew
Desired survivor size 48306584 bytes, new threshold 10 (max 10)
- age   1:    2053768 bytes,    2053768 total
- age   2:    1044896 bytes,    3098664 total
- age   3:    5357056 bytes,    8455720 total
- age   4:    1285472 bytes,    9741192 total
- age   5:    3085880 bytes,   12827072 total
- age   6:    1143632 bytes,   13970704 total
- age   7:     988056 bytes,   14958760 total
- age   8:     754000 bytes,   15712760 total
- age   9:     829752 bytes,   16542512 total
- age  10:     824600 bytes,   17367112 total
: 437143K->17019K(471872K), 0.0888079 secs] 661684K->242149K(2044736K), 0.0891458 secs]
Total time for which application threads were stopped: 0.0923142 seconds
Application time: 37.1003496 seconds
33387.094: [GC 33387.094: [ParNew
Desired survivor size 48306584 bytes, new threshold 10 (max 10)
- age   1:    7065464 bytes,    7065464 total
- age   2:     903360 bytes,    7968824 total
- age   3:    1027384 bytes,    8996208 total
- age   4:    4972504 bytes,   13968712 total
- age   5:     522024 bytes,   14490736 total
- age   6:    2938320 bytes,   17429056 total
- age   7:    1069560 bytes,   18498616 total
- age   8:     921656 bytes,   19420272 total
- age   9:     754000 bytes,   20174272 total
- age  10:     801800 bytes,   20976072 total
: 436409K->20554K(471872K), 0.0947147 secs] 661539K->246490K(2044736K), 0.0950420 secs]
Total time for which application threads were stopped: 0.0978816 seconds
Application time: 5.7022816 seconds
33392.894: [GC 33392.895: [ParNew
Desired survivor size 48306584 bytes, new threshold 10 (max 10)
- age   1:    4510200 bytes,    4510200 total
- age   2:    3645960 bytes,    8156160 total
- age   3:     816176 bytes,    8972336 total
- age   4:     692928 bytes,    9665264 total
- age   5:    3968120 bytes,   13633384 total
- age   6:     222672 bytes,   13856056 total
- age   7:    2934456 bytes,   16790512 total
- age   8:     858256 bytes,   17648768 total
- age   9:     921656 bytes,   18570424 total
- age  10:     754000 bytes,   19324424 total
: 440010K->18939K(471872K), 0.1030235 secs] 665946K->245659K(2044736K), 0.1033718 secs]
Total time for which application threads were stopped: 0.1065075 seconds
Application time: 18.0423667 seconds
33411.043: [GC 33411.043: [ParNew
Desired survivor size 48306584 bytes, new threshold 10 (max 10)
- age   1:    8561760 bytes,    8561760 total
- age   2:    3075360 bytes,   11637120 total
- age   3:    2818432 bytes,   14455552 total
- age   4:     791600 bytes,   15247152 total
- age   5:     637816 bytes,   15884968 total
- age   6:     903256 bytes,   16788224 total
- age   7:     148888 bytes,   16937112 total
- age   8:    2932608 bytes,   19869720 total
- age   9:     855088 bytes,   20724808 total
- age  10:     862040 bytes,   21586848 total
: 438395K->21148K(471872K), 0.0861683 secs] 665114K->248521K(2044736K), 0.0865449 secs]
Total time for which application threads were stopped: 0.0895627 seconds
Application time: 5.5821304 seconds
33416.715: [GC 33416.715: [ParNew
Desired survivor size 48306584 bytes, new threshold 10 (max 10)
- age   1:    7032104 bytes,    7032104 total
- age   2:    4012672 bytes,   11044776 total
- age   3:    1990872 bytes,   13035648 total
- age   4:    2384576 bytes,   15420224 total
- age   5:     789744 bytes,   16209968 total
- age   6:     507864 bytes,   16717832 total
- age   7:     448264 bytes,   17166096 total
- age   8:      76664 bytes,   17242760 total
- age   9:    2932608 bytes,   20175368 total
- age  10:     855088 bytes,   21030456 total
: 440604K->20612K(471872K), 0.0927064 secs] 667977K->248826K(2044736K), 0.0930160 secs]
Total time for which application threads were stopped: 0.0963014 seconds
Application time: 5.5422425 seconds
33422.357: [GC 33422.357: [ParNew
Desired survivor size 48306584 bytes, new threshold 10 (max 10)
- age   1:    3618000 bytes,    3618000 total
- age   2:    2587840 bytes,    6205840 total
- age   3:    3891848 bytes,   10097688 total
- age   4:    1380472 bytes,   11478160 total
- age   5:    2384576 bytes,   13862736 total
- age   6:     778808 bytes,   14641544 total
- age   7:     330744 bytes,   14972288 total
- age   8:     327192 bytes,   15299480 total
- age   9:      76560 bytes,   15376040 total
- age  10:    2932608 bytes,   18308648 total
: 440068K->17945K(471872K), 0.1008824 secs] 668282K->246995K(2044736K), 0.1011873 secs]
Total time for which application threads were stopped: 0.1073914 seconds
Application time: 22.3337098 seconds
33444.795: [GC 33444.795: [ParNew
Desired survivor size 48306584 bytes, new threshold 10 (max 10)
- age   1:    8516208 bytes,    8516208 total
- age   2:    1991000 bytes,   10507208 total
- age   3:    1982008 bytes,   12489216 total
- age   4:     749800 bytes,   13239016 total
- age   5:    1380472 bytes,   14619488 total
- age   6:    2381816 bytes,   17001304 total
- age   7:     731776 bytes,   17733080 total
- age   8:     257832 bytes,   17990912 total
- age   9:     218448 bytes,   18209360 total
- age  10:      76560 bytes,   18285920 total
: 437401K->17924K(471872K), 0.1038065 secs] 666451K->249838K(2044736K), 0.1041325 secs]
Total time for which application threads were stopped: 0.1071277 seconds
Application time: 9.4512242 seconds
33454.353: [GC 33454.353: [ParNew
Desired survivor size 48306584 bytes, new threshold 10 (max 10)
- age   1:    4543840 bytes,    4543840 total
- age   2:    4677008 bytes,    9220848 total
- age   3:     725432 bytes,    9946280 total
- age   4:    1113912 bytes,   11060192 total
- age   5:     749800 bytes,   11809992 total
- age   6:    1380472 bytes,   13190464 total
- age   7:    2381816 bytes,   15572280 total
- age   8:     731776 bytes,   16304056 total
- age   9:     257832 bytes,   16561888 total
- age  10:     218448 bytes,   16780336 total
: 437380K->16458K(471872K), 0.1197285 secs] 669294K->248449K(2044736K), 0.1205378 secs]
Total time for which application threads were stopped: 0.1234912 seconds
Application time: 38.5949130 seconds
33493.073: [GC 33493.073: [ParNew
Desired survivor size 48306584 bytes, new threshold 10 (max 10)
- age   1:    6089832 bytes,    6089832 total
- age   2:    2723816 bytes,    8813648 total
- age   3:    1594000 bytes,   10407648 total
- age   4:     626512 bytes,   11034160 total
- age   5:    1096744 bytes,   12130904 total
- age   6:     693968 bytes,   12824872 total
- age   7:    1380472 bytes,   14205344 total
- age   8:    2380824 bytes,   16586168 total
- age   9:     652120 bytes,   17238288 total
- age  10:     255296 bytes,   17493584 total
: 435911K->17160K(471872K), 0.0988182 secs] 667902K->249365K(2044736K), 0.0991403 secs]
Total time for which application threads were stopped: 0.1032050 seconds
Application time: 22.3288821 seconds
33515.504: [GC 33515.504: [ParNew
Desired survivor size 48306584 bytes, new threshold 10 (max 10)
- age   1:    5331800 bytes,    5331800 total
- age   2:    4324336 bytes,    9656136 total
- age   3:    1003624 bytes,   10659760 total
- age   4:    1064304 bytes,   11724064 total
- age   5:     626512 bytes,   12350576 total
- age   6:    1096744 bytes,   13447320 total
- age   7:     693968 bytes,   14141288 total
- age   8:    1380472 bytes,   15521760 total
- age   9:    2364008 bytes,   17885768 total
- age  10:     560488 bytes,   18446256 total
: 436616K->18096K(471872K), 0.1033730 secs] 668821K->250411K(2044736K), 0.1037326 secs]
Total time for which application threads were stopped: 0.1067244 seconds
Application time: 21.5955632 seconds
33537.207: [GC 33537.207: [ParNew
Desired survivor size 48306584 bytes, new threshold 10 (max 10)
- age   1:    5936904 bytes,    5936904 total
- age   2:    3623120 bytes,    9560024 total
- age   3:     975880 bytes,   10535904 total
- age   4:     748016 bytes,   11283920 total
- age   5:    1046960 bytes,   12330880 total
- age   6:     529240 bytes,   12860120 total
- age   7:    1090336 bytes,   13950456 total
- age   8:     693968 bytes,   14644424 total
- age   9:    1380472 bytes,   16024896 total
- age  10:    2336032 bytes,   18360928 total
: 437544K->18013K(471872K), 0.1041672 secs] 669859K->250879K(2044736K), 0.1045130 secs]
Total time for which application threads were stopped: 0.1082001 seconds
Application time: 37.9540865 seconds
33575.268: [GC 33575.269: [ParNew
Desired survivor size 48306584 bytes, new threshold 10 (max 10)
- age   1:    2028624 bytes,    2028624 total
- age   2:    4465608 bytes,    6494232 total
- age   3:    3458128 bytes,    9952360 total
- age   4:     955520 bytes,   10907880 total
- age   5:     734856 bytes,   11642736 total
- age   6:    1027472 bytes,   12670208 total
- age   7:     514024 bytes,   13184232 total
- age   8:    1079808 bytes,   14264040 total
- age   9:     673304 bytes,   14937344 total
- age  10:    1369832 bytes,   16307176 total
: 437461K->15993K(471872K), 0.0889699 secs] 670327K->251010K(2044736K), 0.0892907 secs]
Total time for which application threads were stopped: 0.0922382 seconds
Application time: 24.8716651 seconds
33600.232: [GC 33600.233: [ParNew
Desired survivor size 48306584 bytes, new threshold 10 (max 10)
- age   1:    7343808 bytes,    7343808 total
- age   2:     686720 bytes,    8030528 total
- age   3:    1178352 bytes,    9208880 total
- age   4:    3458128 bytes,   12667008 total
- age   5:     898136 bytes,   13565144 total
- age   6:     734856 bytes,   14300000 total
- age   7:     947152 bytes,   15247152 total
- age   8:     514024 bytes,   15761176 total
- age   9:    1079808 bytes,   16840984 total
- age  10:     673304 bytes,   17514288 total
: 435449K->17170K(471872K), 0.0847662 secs] 670466K->253525K(2044736K), 0.0851241 secs]
Total time for which application threads were stopped: 0.0880792 seconds
Application time: 43.5527582 seconds
33643.874: [GC 33643.874: [ParNew
Desired survivor size 48306584 bytes, new threshold 10 (max 10)
- age   1:    2416640 bytes,    2416640 total
- age   2:    6158664 bytes,    8575304 total
- age   3:     580672 bytes,    9155976 total
- age   4:    1110264 bytes,   10266240 total
- age   5:    3454584 bytes,   13720824 total
- age   6:     802472 bytes,   14523296 total
- age   7:     734856 bytes,   15258152 total
- age   8:     830600 bytes,   16088752 total
- age   9:     495944 bytes,   16584696 total
- age  10:    1017472 bytes,   17602168 total
: 436604K->17253K(471872K), 0.0826603 secs] 672959K->254266K(2044736K), 0.0830342 secs]
Total time for which application threads were stopped: 0.0864480 seconds
Application time: 83.3959142 seconds
33727.356: [GC 33727.356: [ParNew
Desired survivor size 48306584 bytes, new threshold 10 (max 10)
- age   1:    7041488 bytes,    7041488 total
- age   2:     443216 bytes,    7484704 total
- age   3:    6156288 bytes,   13640992 total
- age   4:     578560 bytes,   14219552 total
- age   5:    1107360 bytes,   15326912 total
- age   6:    3451944 bytes,   18778856 total
- age   7:     800392 bytes,   19579248 total
- age   8:     730104 bytes,   20309352 total
- age   9:     826648 bytes,   21136000 total
- age  10:     488992 bytes,   21624992 total
: 436697K->21176K(471872K), 0.0753262 secs] 673710K->259178K(2044736K), 0.0756410 secs]
Total time for which application threads were stopped: 0.0784873 seconds
Application time: 11.3512571 seconds
33738.786: [GC 33738.786: [ParNew
Desired survivor size 48306584 bytes, new threshold 10 (max 10)
- age   1:    3344528 bytes,    3344528 total
- age   2:     896632 bytes,    4241160 total
- age   3:     442552 bytes,    4683712 total
- age   4:    6156288 bytes,   10840000 total
- age   5:     578560 bytes,   11418560 total
- age   6:    1027136 bytes,   12445696 total
- age   7:    2098944 bytes,   14544640 total
- age   8:     800392 bytes,   15345032 total
- age   9:     730104 bytes,   16075136 total
- age  10:     823424 bytes,   16898560 total
: 440627K->16559K(471872K), 0.0796340 secs] 678629K->255038K(2044736K), 0.0799594 secs]
Total time for which application threads were stopped: 0.0831503 seconds
Application time: 9.5950987 seconds
33748.464: [GC 33748.464: [ParNew
Desired survivor size 48306584 bytes, new threshold 10 (max 10)
- age   1:    5935080 bytes,    5935080 total
- age   2:    1196136 bytes,    7131216 total
- age   3:     896632 bytes,    8027848 total
- age   4:     372640 bytes,    8400488 total
- age   5:    6093128 bytes,   14493616 total
- age   6:     574416 bytes,   15068032 total
- age   7:     534256 bytes,   15602288 total
- age   8:     375184 bytes,   15977472 total
- age   9:     800392 bytes,   16777864 total
- age  10:     730104 bytes,   17507968 total
: 436013K->17155K(471872K), 0.0756829 secs] 674492K->256438K(2044736K), 0.0760178 secs]
Total time for which application threads were stopped: 0.0792893 seconds
Application time: 73.6191323 seconds
33822.162: [GC 33822.163: [ParNew
Desired survivor size 48306584 bytes, new threshold 10 (max 10)
- age   1:    3816688 bytes,    3816688 total
- age   2:    2308136 bytes,    6124824 total
- age   3:     923424 bytes,    7048248 total
- age   4:     745568 bytes,    7793816 total
- age   5:     372664 bytes,    8166480 total
- age   6:    6021128 bytes,   14187608 total
- age   7:     507344 bytes,   14694952 total
- age   8:     405920 bytes,   15100872 total
- age   9:     371512 bytes,   15472384 total
- age  10:     789752 bytes,   16262136 total
: 436610K->15933K(471872K), 0.0811341 secs] 675893K->255928K(2044736K), 0.0814560 secs]
Total time for which application threads were stopped: 0.0845886 seconds
Application time: 58.7130069 seconds
33880.960: [GC 33880.961: [ParNew
Desired survivor size 48306584 bytes, new threshold 10 (max 10)
- age   1:    5810240 bytes,    5810240 total
- age   2:    2055848 bytes,    7866088 total
- age   3:    2289280 bytes,   10155368 total
- age   4:     831768 bytes,   10987136 total
- age   5:     669312 bytes,   11656448 total
- age   6:     303280 bytes,   11959728 total
- age   7:    2916952 bytes,   14876680 total
- age   8:     482488 bytes,   15359168 total
- age   9:     393376 bytes,   15752544 total
- age  10:     371512 bytes,   16124056 total
: 435388K->15795K(471872K), 0.0847471 secs] 675383K->256559K(2044736K), 0.0856331 secs]
Total time for which application threads were stopped: 0.0891289 seconds
Application time: 19.4311723 seconds
33900.480: [GC 33900.481: [ParNew
Desired survivor size 48306584 bytes, new threshold 10 (max 10)
- age   1:    3789296 bytes,    3789296 total
- age   2:    3986096 bytes,    7775392 total
- age   3:    2049680 bytes,    9825072 total
- age   4:     853240 bytes,   10678312 total
- age   5:     751272 bytes,   11429584 total
- age   6:     588856 bytes,   12018440 total
- age   7:     303280 bytes,   12321720 total
- age   8:    2913256 bytes,   15234976 total
- age   9:     482488 bytes,   15717464 total
- age  10:     393376 bytes,   16110840 total
: 435249K->15789K(471872K), 0.0706090 secs] 676013K->256916K(2044736K), 0.0709758 secs]
Total time for which application threads were stopped: 0.0740288 seconds
Application time: 14.3110425 seconds
33914.865: [GC 33914.865: [ParNew
Desired survivor size 48306584 bytes, new threshold 10 (max 10)
- age   1:    4039864 bytes,    4039864 total
- age   2:    1611824 bytes,    5651688 total
- age   3:    3873504 bytes,    9525192 total
- age   4:     448360 bytes,    9973552 total
- age   5:     213240 bytes,   10186792 total
- age   6:     751272 bytes,   10938064 total
- age   7:     588856 bytes,   11526920 total
- age   8:     300368 bytes,   11827288 total
- age   9:    2913256 bytes,   14740544 total
- age  10:     482488 bytes,   15223032 total
: 435245K->14915K(471872K), 0.0670678 secs] 676372K->256427K(2044736K), 0.0673842 secs]
Total time for which application threads were stopped: 0.0702571 seconds
Application time: 8.0011273 seconds
33922.937: [GC 33922.937: [ParNew
Desired survivor size 48306584 bytes, new threshold 10 (max 10)
- age   1:    5700760 bytes,    5700760 total
- age   2:    1089200 bytes,    6789960 total
- age   3:     637392 bytes,    7427352 total
- age   4:    3873504 bytes,   11300856 total
- age   5:     438504 bytes,   11739360 total
- age   6:     213240 bytes,   11952600 total
- age   7:     751272 bytes,   12703872 total
- age   8:     588632 bytes,   13292504 total
- age   9:     298912 bytes,   13591416 total
- age  10:    2913256 bytes,   16504672 total
: 434371K->16170K(471872K), 0.0865783 secs] 675883K->258153K(2044736K), 0.0869612 secs]
Total time for which application threads were stopped: 0.0898885 seconds
Application time: 15.0748558 seconds
33938.102: [GC 33938.102: [ParNew
Desired survivor size 48306584 bytes, new threshold 10 (max 10)
- age   1:    4907832 bytes,    4907832 total
- age   2:    3305040 bytes,    8212872 total
- age   3:     993312 bytes,    9206184 total
- age   4:     637280 bytes,    9843464 total
- age   5:     864744 bytes,   10708208 total
- age   6:     385672 bytes,   11093880 total
- age   7:     213240 bytes,   11307120 total
- age   8:     751272 bytes,   12058392 total
- age   9:     588632 bytes,   12647024 total
- age  10:     295216 bytes,   12942240 total
: 435626K->12692K(471872K), 0.0735642 secs] 677609K->257520K(2044736K), 0.0739037 secs]
Total time for which application threads were stopped: 0.0769005 seconds
Application time: 32.0776839 seconds
33970.256: [GC 33970.257: [ParNew
Desired survivor size 48306584 bytes, new threshold 10 (max 10)
- age   1:    9328176 bytes,    9328176 total
- age   2:     960896 bytes,   10289072 total
- age   3:    3227008 bytes,   13516080 total
- age   4:     992824 bytes,   14508904 total
- age   5:     637240 bytes,   15146144 total
- age   6:     864744 bytes,   16010888 total
- age   7:     304968 bytes,   16315856 total
- age   8:     213240 bytes,   16529096 total
- age   9:     751272 bytes,   17280368 total
- age  10:     578232 bytes,   17858600 total
: 432142K->17502K(471872K), 0.0749992 secs] 676969K->262618K(2044736K), 0.0753565 secs]
Total time for which application threads were stopped: 0.0785194 seconds
Application time: 49.7997689 seconds
34020.135: [GC 34020.135: [ParNew
Desired survivor size 48306584 bytes, new threshold 10 (max 10)
- age   1:    1866512 bytes,    1866512 total
- age   2:    4732520 bytes,    6599032 total
- age   3:     959024 bytes,    7558056 total
- age   4:    3227008 bytes,   10785064 total
- age   5:     910880 bytes,   11695944 total
- age   6:     556192 bytes,   12252136 total
- age   7:     864176 bytes,   13116312 total
- age   8:     302592 bytes,   13418904 total
- age   9:     209808 bytes,   13628712 total
- age  10:     749160 bytes,   14377872 total
: 436958K->14094K(471872K), 0.0765230 secs] 682074K->259748K(2044736K), 0.0770243 secs]
Total time for which application threads were stopped: 0.0801244 seconds
Application time: 28.0409780 seconds
34048.256: [GC 34048.256: [ParNew
Desired survivor size 48306584 bytes, new threshold 10 (max 10)
- age   1:    8397136 bytes,    8397136 total
- age   2:     439456 bytes,    8836592 total
- age   3:    4731616 bytes,   13568208 total
- age   4:     653520 bytes,   14221728 total
- age   5:    3226536 bytes,   17448264 total
- age   6:     784960 bytes,   18233224 total
- age   7:     555104 bytes,   18788328 total
- age   8:     688408 bytes,   19476736 total
- age   9:     296024 bytes,   19772760 total
- age  10:     209360 bytes,   19982120 total
: 433481K->19566K(471872K), 0.0793224 secs] 679134K->265861K(2044736K), 0.0796975 secs]
Total time for which application threads were stopped: 0.0827585 seconds
Application time: 49.7320261 seconds
34098.071: [GC 34098.071: [ParNew
Desired survivor size 48306584 bytes, new threshold 10 (max 10)
- age   1:    1951160 bytes,    1951160 total
- age   2:    3563688 bytes,    5514848 total
- age   3:     368520 bytes,    5883368 total
- age   4:    4731616 bytes,   10614984 total
- age   5:     573128 bytes,   11188112 total
- age   6:    3226536 bytes,   14414648 total
- age   7:     784272 bytes,   15198920 total
- age   8:     555104 bytes,   15754024 total
- age   9:     671168 bytes,   16425192 total
- age  10:     282520 bytes,   16707712 total
: 439021K->16368K(471872K), 0.0867626 secs] 685317K->262868K(2044736K), 0.0870822 secs]
Total time for which application threads were stopped: 0.0902029 seconds
Application time: 46.0011718 seconds
34144.162: [GC 34144.162: [ParNew
Desired survivor size 48306584 bytes, new threshold 10 (max 10)
- age   1:    2853312 bytes,    2853312 total
- age   2:     950088 bytes,    3803400 total
- age   3:    3545424 bytes,    7348824 total
- age   4:     262752 bytes,    7611576 total
- age   5:    4714792 bytes,   12326368 total
- age   6:     558904 bytes,   12885272 total
- age   7:    3211248 bytes,   16096520 total
- age   8:     766688 bytes,   16863208 total
- age   9:     538208 bytes,   17401416 total
- age  10:     643184 bytes,   18044600 total
: 435824K->17676K(471872K), 0.0736236 secs] 682324K->264442K(2044736K), 0.0739540 secs]
Total time for which application threads were stopped: 0.0770670 seconds
Application time: 49.1081435 seconds
34193.352: [GC 34193.353: [ParNew
Desired survivor size 48306584 bytes, new threshold 10 (max 10)
- age   1:    1767736 bytes,    1767736 total
- age   2:     329912 bytes,    2097648 total
- age   3:     947440 bytes,    3045088 total
- age   4:    3545160 bytes,    6590248 total
- age   5:     259320 bytes,    6849568 total
- age   6:    4712680 bytes,   11562248 total
- age   7:     558112 bytes,   12120360 total
- age   8:    3206928 bytes,   15327288 total
- age   9:     763520 bytes,   16090808 total
- age  10:     515128 bytes,   16605936 total
: 437122K->16267K(471872K), 0.0713406 secs] 683888K->263587K(2044736K), 0.0716903 secs]
Total time for which application threads were stopped: 0.0797571 seconds
Application time: 40.7077368 seconds
34234.135: [GC 34234.135: [ParNew
Desired survivor size 48306584 bytes, new threshold 10 (max 10)
- age   1:    1416792 bytes,    1416792 total
- age   2:     447728 bytes,    1864520 total
- age   3:     319592 bytes,    2184112 total
- age   4:     947440 bytes,    3131552 total
- age   5:    3545160 bytes,    6676712 total
- age   6:     258696 bytes,    6935408 total
- age   7:    4712552 bytes,   11647960 total
- age   8:     557968 bytes,   12205928 total
- age   9:    3206928 bytes,   15412856 total
- age  10:     763520 bytes,   16176376 total
: 435723K->15847K(471872K), 0.0654295 secs] 683043K->263669K(2044736K), 0.0661854 secs]
Total time for which application threads were stopped: 0.0691375 seconds
Application time: 64.4101070 seconds
34298.614: [GC 34298.614: [ParNew
Desired survivor size 48306584 bytes, new threshold 10 (max 10)
- age   1:    5916584 bytes,    5916584 total
- age   2:     526544 bytes,    6443128 total
- age   3:     447312 bytes,    6890440 total
- age   4:     238824 bytes,    7129264 total
- age   5:     947440 bytes,    8076704 total
- age   6:    3483912 bytes,   11560616 total
- age   7:     255784 bytes,   11816400 total
- age   8:    4703120 bytes,   16519520 total
- age   9:     555992 bytes,   17075512 total
- age  10:    2668304 bytes,   19743816 total
: 435265K->19334K(471872K), 0.0827420 secs] 683087K->267837K(2044736K), 0.0830464 secs]
Total time for which application threads were stopped: 0.0860625 seconds
Application time: 8.1351917 seconds
34306.835: [GC 34306.836: [ParNew
Desired survivor size 48306584 bytes, new threshold 10 (max 10)
- age   1:    5479504 bytes,    5479504 total
- age   2:    2285272 bytes,    7764776 total
- age   3:     526144 bytes,    8290920 total
- age   4:     447312 bytes,    8738232 total
- age   5:     238824 bytes,    8977056 total
- age   6:     947136 bytes,    9924192 total
- age   7:    3339288 bytes,   13263480 total
- age   8:     252872 bytes,   13516352 total
- age   9:    4691880 bytes,   18208232 total
- age  10:     485216 bytes,   18693448 total
: 438781K->18313K(471872K), 0.0840160 secs] 687284K->267644K(2044736K), 0.0843085 secs]
Total time for which application threads were stopped: 0.0871729 seconds
Application time: 9.9223086 seconds
34316.845: [GC 34316.845: [ParNew
Desired survivor size 48306584 bytes, new threshold 10 (max 10)
- age   1:    4335392 bytes,    4335392 total
- age   2:    2377832 bytes,    6713224 total
- age   3:    1610328 bytes,    8323552 total
- age   4:     418000 bytes,    8741552 total
- age   5:     447312 bytes,    9188864 total
- age   6:     238824 bytes,    9427688 total
- age   7:     947008 bytes,   10374696 total
- age   8:    3339264 bytes,   13713960 total
- age   9:     247048 bytes,   13961008 total
- age  10:    4691880 bytes,   18652888 total
: 437769K->18282K(471872K), 0.1023521 secs] 687100K->268086K(2044736K), 0.1026846 secs]
Total time for which application threads were stopped: 0.1058742 seconds
Application time: 10.9301949 seconds
34327.881: [GC 34327.881: [ParNew
Desired survivor size 48306584 bytes, new threshold 10 (max 10)
- age   1:    6403352 bytes,    6403352 total
- age   2:    3104096 bytes,    9507448 total
- age   3:    1990536 bytes,   11497984 total
- age   4:    1608136 bytes,   13106120 total
- age   5:     387840 bytes,   13493960 total
- age   6:     445008 bytes,   13938968 total
- age   7:     236976 bytes,   14175944 total
- age   8:     864872 bytes,   15040816 total
- age   9:    3334152 bytes,   18374968 total
- age  10:     243680 bytes,   18618648 total
: 437597K->18243K(471872K), 0.1205428 secs] 687401K->269153K(2044736K), 0.1208618 secs]
Total time for which application threads were stopped: 0.1240780 seconds
Application time: 19.5971892 seconds
34347.602: [GC 34347.602: [ParNew
Desired survivor size 48306584 bytes, new threshold 10 (max 10)
- age   1:    7362216 bytes,    7362216 total
- age   2:    1301832 bytes,    8664048 total
- age   3:    3056792 bytes,   11720840 total
- age   4:    1736784 bytes,   13457624 total
- age   5:    1525200 bytes,   14982824 total
- age   6:     387312 bytes,   15370136 total
- age   7:     445008 bytes,   15815144 total
- age   8:     236976 bytes,   16052120 total
- age   9:     847648 bytes,   16899768 total
- age  10:    1135624 bytes,   18035392 total
: 437699K->17671K(471872K), 0.0765845 secs] 688609K->268819K(2044736K), 0.0768787 secs]
Total time for which application threads were stopped: 0.0796950 seconds
Application time: 20.9316693 seconds
34368.614: [GC 34368.614: [ParNew
Desired survivor size 48306584 bytes, new threshold 10 (max 10)
- age   1:    4584800 bytes,    4584800 total
- age   2:    3803232 bytes,    8388032 total
- age   3:    1200872 bytes,    9588904 total
- age   4:    2942952 bytes,   12531856 total
- age   5:    1730600 bytes,   14262456 total
- age   6:    1523888 bytes,   15786344 total
- age   7:     387312 bytes,   16173656 total
- age   8:     445008 bytes,   16618664 total
- age   9:     236920 bytes,   16855584 total
- age  10:     842496 bytes,   17698080 total
: 437127K->17348K(471872K), 0.0792953 secs] 688275K->269605K(2044736K), 0.0796125 secs]
Total time for which application threads were stopped: 0.0824084 seconds
Application time: 33.0011135 seconds
34401.697: [GC 34401.698: [ParNew
Desired survivor size 48306584 bytes, new threshold 10 (max 10)
- age   1:    9871584 bytes,    9871584 total
- age   2:     874768 bytes,   10746352 total
- age   3:    3720200 bytes,   14466552 total
- age   4:    1200872 bytes,   15667424 total
- age   5:    2942264 bytes,   18609688 total
- age   6:    1730272 bytes,   20339960 total
- age   7:    1523888 bytes,   21863848 total
- age   8:     387312 bytes,   22251160 total
- age   9:     444384 bytes,   22695544 total
- age  10:     156232 bytes,   22851776 total
: 436787K->22379K(471872K), 0.0893602 secs] 689044K->275452K(2044736K), 0.0896787 secs]
Total time for which application threads were stopped: 0.0926418 seconds
Application time: 70.9136117 seconds
34472.704: [GC 34472.704: [ParNew
Desired survivor size 48306584 bytes, new threshold 10 (max 10)
- age   1:    1519736 bytes,    1519736 total
- age   2:    4124536 bytes,    5644272 total
- age   3:     782520 bytes,    6426792 total
- age   4:    3702672 bytes,   10129464 total
- age   5:    1183288 bytes,   11312752 total
- age   6:    2928264 bytes,   14241016 total
- age   7:    1655168 bytes,   15896184 total
- age   8:    1504624 bytes,   17400808 total
- age   9:     285136 bytes,   17685944 total
- age  10:     421224 bytes,   18107168 total
: 441835K->17743K(471872K), 0.0770378 secs] 694908K->270949K(2044736K), 0.0773857 secs]
Total time for which application threads were stopped: 0.0806152 seconds
Application time: 37.6320846 seconds
34510.416: [GC 34510.417: [ParNew
Desired survivor size 48306584 bytes, new threshold 10 (max 10)
- age   1:   12553136 bytes,   12553136 total
- age   2:     598144 bytes,   13151280 total
- age   3:     817112 bytes,   13968392 total
- age   4:     699928 bytes,   14668320 total
- age   5:    3622288 bytes,   18290608 total
- age   6:    1183288 bytes,   19473896 total
- age   7:    1954640 bytes,   21428536 total
- age   8:    1621024 bytes,   23049560 total
- age   9:    1436736 bytes,   24486296 total
- age  10:     282000 bytes,   24768296 total
: 437128K->24259K(471872K), 0.0891560 secs] 690333K->277875K(2044736K), 0.0894720 secs]
Total time for which application threads were stopped: 0.0924552 seconds
Application time: 10.1255522 seconds
34520.635: [GC 34520.635: [ParNew
Desired survivor size 48306584 bytes, new threshold 10 (max 10)
- age   1:    4039176 bytes,    4039176 total
- age   2:    6269600 bytes,   10308776 total
- age   3:     515704 bytes,   10824480 total
- age   4:     817112 bytes,   11641592 total
- age   5:     699704 bytes,   12341296 total
- age   6:    3618624 bytes,   15959920 total
- age   7:     816368 bytes,   16776288 total
- age   8:     809776 bytes,   17586064 total
- age   9:    1621024 bytes,   19207088 total
- age  10:    1436736 bytes,   20643824 total
: 443715K->20236K(471872K), 0.0929421 secs] 697331K->274122K(2044736K), 0.0932832 secs]
Total time for which application threads were stopped: 0.0964990 seconds
Application time: 40.5909748 seconds
34561.322: [GC 34561.323: [ParNew
Desired survivor size 48306584 bytes, new threshold 10 (max 10)
- age   1:    3395576 bytes,    3395576 total
- age   2:    2909960 bytes,    6305536 total
- age   3:    6123984 bytes,   12429520 total
- age   4:     313408 bytes,   12742928 total
- age   5:     816784 bytes,   13559712 total
- age   6:     699400 bytes,   14259112 total
- age   7:    3617984 bytes,   17877096 total
- age   8:     816368 bytes,   18693464 total
- age   9:     809776 bytes,   19503240 total
- age  10:    1476752 bytes,   20979992 total
: 439669K->20564K(471872K), 0.0968012 secs] 693555K->275842K(2044736K), 0.0971229 secs]
Total time for which application threads were stopped: 0.1005112 seconds
Application time: 54.9395012 seconds
34616.362: [GC 34616.363: [ParNew
Desired survivor size 48306584 bytes, new threshold 10 (max 10)
- age   1:    9521384 bytes,    9521384 total
- age   2:    1262560 bytes,   10783944 total
- age   3:    2372440 bytes,   13156384 total
- age   4:    2329736 bytes,   15486120 total
- age   5:     309560 bytes,   15795680 total
- age   6:     747000 bytes,   16542680 total
- age   7:     695912 bytes,   17238592 total
- age   8:    3614512 bytes,   20853104 total
- age   9:     812408 bytes,   21665512 total
- age  10:     804368 bytes,   22469880 total
: 440018K->22011K(471872K), 0.1079619 secs] 695297K->278714K(2044736K), 0.1082980 secs]
Total time for which application threads were stopped: 0.1117111 seconds
Application time: 6.0415042 seconds
34622.522: [GC 34622.522: [ParNew
Desired survivor size 48306584 bytes, new threshold 10 (max 10)
- age   1:   10736648 bytes,   10736648 total
- age   2:    6887360 bytes,   17624008 total
- age   3:    1259232 bytes,   18883240 total
- age   4:    1193552 bytes,   20076792 total
- age   5:    2329736 bytes,   22406528 total
- age   6:     309560 bytes,   22716088 total
- age   7:     729736 bytes,   23445824 total
- age   8:     695912 bytes,   24141736 total
- age   9:     552936 bytes,   24694672 total
- age  10:     810624 bytes,   25505296 total
: 441467K->24981K(471872K), 0.1067194 secs] 698170K->282470K(2044736K), 0.1087766 secs]
Total time for which application threads were stopped: 0.1183675 seconds
Application time: 73.0228951 seconds
34695.657: [GC 34695.657: [ParNew
Desired survivor size 48306584 bytes, new threshold 10 (max 10)
- age   1:    4380768 bytes,    4380768 total
- age   2:    5094184 bytes,    9474952 total
- age   3:    5475144 bytes,   14950096 total
- age   4:    1178032 bytes,   16128128 total
- age   5:    1193552 bytes,   17321680 total
- age   6:    2209776 bytes,   19531456 total
- age   7:     309560 bytes,   19841016 total
- age   8:     724136 bytes,   20565152 total
- age   9:     692784 bytes,   21257936 total
- age  10:     548568 bytes,   21806504 total
: 444342K->21365K(471872K), 0.0960026 secs] 701831K->279644K(2044736K), 0.0963587 secs]
Total time for which application threads were stopped: 0.0994829 seconds
Application time: 18.3845333 seconds
34714.142: [GC 34714.143: [ParNew
Desired survivor size 48306584 bytes, new threshold 10 (max 10)
- age   1:    5022168 bytes,    5022168 total
- age   2:    1917824 bytes,    6939992 total
- age   3:    3955384 bytes,   10895376 total
- age   4:    5008632 bytes,   15904008 total
- age   5:    1160584 bytes,   17064592 total
- age   6:    1176360 bytes,   18240952 total
- age   7:    2194712 bytes,   20435664 total
- age   8:     285976 bytes,   20721640 total
- age   9:     721224 bytes,   21442864 total
- age  10:     692784 bytes,   22135648 total
: 440821K->21686K(471872K), 0.0911458 secs] 699100K->280501K(2044736K), 0.0915191 secs]
Total time for which application threads were stopped: 0.0963319 seconds
Application time: 39.8253437 seconds
34754.063: [GC 34754.063: [ParNew
Desired survivor size 48306584 bytes, new threshold 10 (max 10)
- age   1:    6523320 bytes,    6523320 total
- age   2:    2433680 bytes,    8957000 total
- age   3:     370376 bytes,    9327376 total
- age   4:    3955384 bytes,   13282760 total
- age   5:    5008504 bytes,   18291264 total
- age   6:    1160528 bytes,   19451792 total
- age   7:    1176360 bytes,   20628152 total
- age   8:    2194712 bytes,   22822864 total
- age   9:     276944 bytes,   23099808 total
- age  10:     721224 bytes,   23821032 total
: 441142K->23334K(471872K), 0.0990677 secs] 699957K->282824K(2044736K), 0.0994068 secs]
Total time for which application threads were stopped: 0.1028242 seconds
Application time: 21.1186583 seconds
34775.284: [GC 34775.284: [ParNew
Desired survivor size 48306584 bytes, new threshold 10 (max 10)
- age   1:    4850152 bytes,    4850152 total
- age   2:    2052792 bytes,    6902944 total
- age   3:     231952 bytes,    7134896 total
- age   4:     370152 bytes,    7505048 total
- age   5:    3955384 bytes,   11460432 total
- age   6:    4888040 bytes,   16348472 total
- age   7:    1160528 bytes,   17509000 total
- age   8:    1176360 bytes,   18685360 total
- age   9:    2193256 bytes,   20878616 total
- age  10:     269552 bytes,   21148168 total
: 442788K->20723K(471872K), 0.0821613 secs] 702278K->280918K(2044736K), 0.0824703 secs]
Total time for which application threads were stopped: 0.0852771 seconds
Application time: 45.0855752 seconds
34820.455: [GC 34820.456: [ParNew
Desired survivor size 48306584 bytes, new threshold 10 (max 10)
- age   1:    4839472 bytes,    4839472 total
- age   2:    1233192 bytes,    6072664 total
- age   3:     569976 bytes,    6642640 total
- age   4:     151392 bytes,    6794032 total
- age   5:     291208 bytes,    7085240 total
- age   6:    3955384 bytes,   11040624 total
- age   7:    4887240 bytes,   15927864 total
- age   8:    1079968 bytes,   17007832 total
- age   9:    1173304 bytes,   18181136 total
- age  10:    2188704 bytes,   20369840 total
: 440179K->19954K(471872K), 0.0872342 secs] 700374K->280412K(2044736K), 0.0875446 secs]
Total time for which application threads were stopped: 0.0909795 seconds
Application time: 27.2548244 seconds
34847.801: [GC 34847.801: [ParNew
Desired survivor size 48306584 bytes, new threshold 10 (max 10)
- age   1:    4063592 bytes,    4063592 total
- age   2:    3160072 bytes,    7223664 total
- age   3:     210904 bytes,    7434568 total
- age   4:     569832 bytes,    8004400 total
- age   5:     151424 bytes,    8155824 total
- age   6:     290584 bytes,    8446408 total
- age   7:    3955384 bytes,   12401792 total
- age   8:    4887240 bytes,   17289032 total
- age   9:    1073360 bytes,   18362392 total
- age  10:    1173304 bytes,   19535696 total
: 439400K->19134K(471872K), 0.1031268 secs] 699858K->281722K(2044736K), 0.1034422 secs]
Total time for which application threads were stopped: 0.1064608 seconds
Application time: 14.2451971 seconds
34862.153: [GC 34862.153: [ParNew
Desired survivor size 48306584 bytes, new threshold 10 (max 10)
- age   1:    7223952 bytes,    7223952 total
- age   2:    1707280 bytes,    8931232 total
- age   3:    1013360 bytes,    9944592 total
- age   4:     210904 bytes,   10155496 total
- age   5:     569272 bytes,   10724768 total
- age   6:     151392 bytes,   10876160 total
- age   7:     290584 bytes,   11166744 total
- age   8:    3955384 bytes,   15122128 total
- age   9:    4887240 bytes,   20009368 total
- age  10:    1068096 bytes,   21077464 total
: 438584K->20652K(471872K), 0.1126206 secs] 701172K->284386K(2044736K), 0.1129921 secs]
Total time for which application threads were stopped: 0.1162620 seconds
Application time: 17.6710376 seconds
34879.940: [GC 34879.940: [ParNew
Desired survivor size 48306584 bytes, new threshold 10 (max 10)
- age   1:   11637536 bytes,   11637536 total
- age   2:    4806016 bytes,   16443552 total
- age   3:    1290040 bytes,   17733592 total
- age   4:     949392 bytes,   18682984 total
- age   5:     210904 bytes,   18893888 total
- age   6:     489360 bytes,   19383248 total
- age   7:     151392 bytes,   19534640 total
- age   8:     290584 bytes,   19825224 total
- age   9:     893776 bytes,   20719000 total
- age  10:    4879960 bytes,   25598960 total
: 440009K->25072K(471872K), 0.1228767 secs] 703743K->289849K(2044736K), 0.1232267 secs]
Total time for which application threads were stopped: 0.1271885 seconds
Application time: 57.5884859 seconds
34937.656: [GC 34937.656: [ParNew
Desired survivor size 48306584 bytes, new threshold 10 (max 10)
- age   1:   11669104 bytes,   11669104 total
- age   2:    1605000 bytes,   13274104 total
- age   3:    3679648 bytes,   16953752 total
- age   4:    1286616 bytes,   18240368 total
- age   5:     804968 bytes,   19045336 total
- age   6:     206152 bytes,   19251488 total
- age   7:     486192 bytes,   19737680 total
- age   8:     145584 bytes,   19883264 total
- age   9:     284152 bytes,   20167416 total
- age  10:     890344 bytes,   21057760 total
: 444495K->20639K(471872K), 0.0994955 secs] 709272K->286602K(2044736K), 0.0998466 secs]
Total time for which application threads were stopped: 0.1032048 seconds
Application time: 6.5503918 seconds
34944.309: [GC 34944.309: [ParNew
Desired survivor size 48306584 bytes, new threshold 10 (max 10)
- age   1:    7326192 bytes,    7326192 total
- age   2:    7770880 bytes,   15097072 total
- age   3:    1096472 bytes,   16193544 total
- age   4:    2509728 bytes,   18703272 total
- age   5:    1158040 bytes,   19861312 total
- age   6:     742632 bytes,   20603944 total
- age   7:     206152 bytes,   20810096 total
- age   8:     486192 bytes,   21296288 total
- age   9:     145584 bytes,   21441872 total
- age  10:     284152 bytes,   21726024 total
: 440095K->21294K(471872K), 0.1031092 secs] 706057K->288127K(2044736K), 0.1034392 secs]
Total time for which application threads were stopped: 0.1063877 seconds
Application time: 24.1471181 seconds
34968.563: [GC 34968.563: [ParNew
Desired survivor size 48306584 bytes, new threshold 10 (max 10)
- age   1:    2785480 bytes,    2785480 total
- age   2:    5634792 bytes,    8420272 total
- age   3:    7606992 bytes,   16027264 total
- age   4:     952256 bytes,   16979520 total
- age   5:    2509728 bytes,   19489248 total
- age   6:     971696 bytes,   20460944 total
- age   7:     734384 bytes,   21195328 total
- age   8:     206152 bytes,   21401480 total
- age   9:     486192 bytes,   21887672 total
- age  10:     145584 bytes,   22033256 total
: 440750K->21591K(471872K), 0.1141127 secs] 707583K->288698K(2044736K), 0.1144402 secs]
Total time for which application threads were stopped: 0.1173757 seconds
Application time: 18.7886525 seconds
34987.469: [GC 34987.469: [ParNew
Desired survivor size 48306584 bytes, new threshold 10 (max 10)
- age   1:    2318896 bytes,    2318896 total
- age   2:     906496 bytes,    3225392 total
- age   3:    5617576 bytes,    8842968 total
- age   4:    7591472 bytes,   16434440 total
- age   5:     935808 bytes,   17370248 total
- age   6:    2500152 bytes,   19870400 total
- age   7:     845216 bytes,   20715616 total
- age   8:     719392 bytes,   21435008 total
- age   9:      62976 bytes,   21497984 total
- age  10:     476672 bytes,   21974656 total
: 441047K->21540K(471872K), 0.0922643 secs] 708154K->288769K(2044736K), 0.0926397 secs]
Total time for which application threads were stopped: 0.0957835 seconds
Application time: 29.5071740 seconds
35017.074: [GC 35017.074: [ParNew
Desired survivor size 48306584 bytes, new threshold 10 (max 10)
- age   1:    4815400 bytes,    4815400 total
- age   2:    1051064 bytes,    5866464 total
- age   3:     904272 bytes,    6770736 total
- age   4:    5227824 bytes,   11998560 total
- age   5:    6622344 bytes,   18620904 total
- age   6:     935808 bytes,   19556712 total
- age   7:    2500152 bytes,   22056864 total
- age   8:     845216 bytes,   22902080 total
- age   9:     719392 bytes,   23621472 total
- age  10:      61048 bytes,   23682520 total
: 440995K->23209K(471872K), 0.1018548 secs] 708224K->290900K(2044736K), 0.1022195 secs]
Total time for which application threads were stopped: 0.1074379 seconds
Application time: 14.8580004 seconds
35032.038: [GC 35032.038: [ParNew
Desired survivor size 48306584 bytes, new threshold 10 (max 10)
- age   1:    3349456 bytes,    3349456 total
- age   2:    2249880 bytes,    5599336 total
- age   3:     983288 bytes,    6582624 total
- age   4:     722488 bytes,    7305112 total
- age   5:    4729096 bytes,   12034208 total
- age   6:    6622344 bytes,   18656552 total
- age   7:     935808 bytes,   19592360 total
- age   8:    2500152 bytes,   22092512 total
- age   9:     845216 bytes,   22937728 total
- age  10:     719336 bytes,   23657064 total
: 442655K->23196K(471872K), 0.1011877 secs] 710347K->290947K(2044736K), 0.1015622 secs]
Total time for which application threads were stopped: 0.1052755 seconds
Application time: 23.0972897 seconds
35055.240: [GC 35055.240: [ParNew
Desired survivor size 48306584 bytes, new threshold 10 (max 10)
- age   1:   13657392 bytes,   13657392 total
- age   2:    1365040 bytes,   15022432 total
- age   3:    2247072 bytes,   17269504 total
- age   4:     728336 bytes,   17997840 total
- age   5:     722488 bytes,   18720328 total
- age   6:    1527232 bytes,   20247560 total
- age   7:    3560768 bytes,   23808328 total
- age   8:     935808 bytes,   24744136 total
- age   9:    2500152 bytes,   27244288 total
- age  10:     845216 bytes,   28089504 total
: 442642K->27512K(471872K), 0.0974954 secs] 710393K->295965K(2044736K), 0.0978178 secs]
Total time for which application threads were stopped: 0.1007961 seconds
Application time: 34.4335602 seconds
35089.774: [GC 35089.775: [ParNew
Desired survivor size 48306584 bytes, new threshold 10 (max 10)
- age   1:   10235720 bytes,   10235720 total
- age   2:    4699512 bytes,   14935232 total
- age   3:    1273808 bytes,   16209040 total
- age   4:    2130032 bytes,   18339072 total
- age   5:     551144 bytes,   18890216 total
- age   6:     721864 bytes,   19612080 total
- age   7:    1527232 bytes,   21139312 total
- age   8:    2076472 bytes,   23215784 total
- age   9:     935808 bytes,   24151592 total
- age  10:    2499832 bytes,   26651424 total
: 446954K->26110K(471872K), 0.0976472 secs] 715407K->295388K(2044736K), 0.0979751 secs]
Total time for which application threads were stopped: 0.1008861 seconds
Application time: 72.3110779 seconds
35162.186: [GC 35162.187: [ParNew
Desired survivor size 48306584 bytes, new threshold 10 (max 10)
- age   1:    5096024 bytes,    5096024 total
- age   2:    1479504 bytes,    6575528 total
- age   3:    4697072 bytes,   11272600 total
- age   4:    1193232 bytes,   12465832 total
- age   5:    1947536 bytes,   14413368 total
- age   6:     551016 bytes,   14964384 total
- age   7:     640904 bytes,   15605288 total
- age   8:    1524632 bytes,   17129920 total
- age   9:    2058544 bytes,   19188464 total
- age  10:     935808 bytes,   20124272 total
: 445566K->19727K(471872K), 0.0950672 secs] 714844K->291442K(2044736K), 0.0955153 secs]
Total time for which application threads were stopped: 0.0984726 seconds
Application time: 80.0921382 seconds
35242.378: [GC 35242.378: [ParNew
Desired survivor size 48306584 bytes, new threshold 10 (max 10)
- age   1:   10073752 bytes,   10073752 total
- age   2:    1285176 bytes,   11358928 total
- age   3:    1474392 bytes,   12833320 total
- age   4:    4693840 bytes,   17527160 total
- age   5:    1181816 bytes,   18708976 total
- age   6:     976056 bytes,   19685032 total
- age   7:     547584 bytes,   20232616 total
- age   8:     637736 bytes,   20870352 total
- age   9:    1519216 bytes,   22389568 total
- age  10:    1971576 bytes,   24361144 total
: 439183K->23862K(471872K), 0.0883256 secs] 710898K->296485K(2044736K), 0.0886150 secs]
Total time for which application threads were stopped: 0.0926781 seconds
Application time: 25.6483413 seconds
35268.118: [GC 35268.119: [ParNew
Desired survivor size 48306584 bytes, new threshold 10 (max 10)
- age   1:    3965080 bytes,    3965080 total
- age   2:    5917680 bytes,    9882760 total
- age   3:    1268864 bytes,   11151624 total
- age   4:    1461864 bytes,   12613488 total
- age   5:    3980512 bytes,   16594000 total
- age   6:     632824 bytes,   17226824 total
- age   7:     591224 bytes,   17818048 total
- age   8:     534032 bytes,   18352080 total
- age   9:     623456 bytes,   18975536 total
- age  10:    1519216 bytes,   20494752 total
: 443314K->20078K(471872K), 0.0922655 secs] 715936K->294625K(2044736K), 0.0930367 secs]
Total time for which application threads were stopped: 0.0961124 seconds
Application time: 67.8215766 seconds
35336.037: [GC 35336.037: [ParNew
Desired survivor size 48306584 bytes, new threshold 10 (max 10)
- age   1:    7308584 bytes,    7308584 total
- age   2:    2492824 bytes,    9801408 total
- age   3:    4948712 bytes,   14750120 total
- age   4:    1148904 bytes,   15899024 total
- age   5:    1461864 bytes,   17360888 total
- age   6:     661192 bytes,   18022080 total
- age   7:     629728 bytes,   18651808 total
- age   8:     580920 bytes,   19232728 total
- age   9:     528880 bytes,   19761608 total
- age  10:     623456 bytes,   20385064 total
: 439518K->19969K(471872K), 0.0876145 secs] 714065K->296000K(2044736K), 0.0879413 secs]
Total time for which application threads were stopped: 0.0920503 seconds
Application time: 8.0255422 seconds
35344.154: [GC 35344.154: [ParNew
Desired survivor size 48306584 bytes, new threshold 10 (max 10)
- age   1:    3867280 bytes,    3867280 total
- age   2:    5331960 bytes,    9199240 total
- age   3:     805672 bytes,   10004912 total
- age   4:    4948712 bytes,   14953624 total
- age   5:    1148904 bytes,   16102528 total
- age   6:    1461864 bytes,   17564392 total
- age   7:     660432 bytes,   18224824 total
- age   8:     629728 bytes,   18854552 total
- age   9:     580920 bytes,   19435472 total
- age  10:     528880 bytes,   19964352 total
: 439421K->19554K(471872K), 0.0847362 secs] 715451K->296194K(2044736K), 0.0851528 secs]
Total time for which application threads were stopped: 0.0883362 seconds
Application time: 10.2670428 seconds
35354.514: [GC 35354.514: [ParNew
Desired survivor size 48306584 bytes, new threshold 10 (max 10)
- age   1:    7615120 bytes,    7615120 total
- age   2:    2037272 bytes,    9652392 total
- age   3:    1013880 bytes,   10666272 total
- age   4:     805704 bytes,   11471976 total
- age   5:    4888088 bytes,   16360064 total
- age   6:    1148944 bytes,   17509008 total
- age   7:    1381000 bytes,   18890008 total
- age   8:     660408 bytes,   19550416 total
- age   9:     629728 bytes,   20180144 total
- age  10:     580920 bytes,   20761064 total
: 438984K->20345K(471872K), 0.0795079 secs] 715623K->297500K(2044736K), 0.0798339 secs]
Total time for which application threads were stopped: 0.0873697 seconds
Application time: 23.1179154 seconds
35377.714: [GC 35377.715: [ParNew
Desired survivor size 48306584 bytes, new threshold 10 (max 10)
- age   1:    3781112 bytes,    3781112 total
- age   2:    5595888 bytes,    9377000 total
- age   3:     941664 bytes,   10318664 total
- age   4:     943000 bytes,   11261664 total
- age   5:     805672 bytes,   12067336 total
- age   6:    4888088 bytes,   16955424 total
- age   7:    1148880 bytes,   18104304 total
- age   8:    1373576 bytes,   19477880 total
- age   9:     660408 bytes,   20138288 total
- age  10:     629728 bytes,   20768016 total
: 439793K->20351K(471872K), 0.0960681 secs] 716948K->298074K(2044736K), 0.0964292 secs]
Total time for which application threads were stopped: 0.0994383 seconds
Application time: 40.2754865 seconds
35418.090: [GC 35418.090: [ParNew
Desired survivor size 48306584 bytes, new threshold 10 (max 10)
- age   1:    7532456 bytes,    7532456 total
- age   2:    1911184 bytes,    9443640 total
- age   3:    2481272 bytes,   11924912 total
- age   4:     797328 bytes,   12722240 total
- age   5:     942648 bytes,   13664888 total
- age   6:     805672 bytes,   14470560 total
- age   7:     985328 bytes,   15455888 total
- age   8:    1129272 bytes,   16585160 total
- age   9:    1370664 bytes,   17955824 total
- age  10:     660408 bytes,   18616232 total
: 439697K->18245K(471872K), 0.0758231 secs] 717420K->296583K(2044736K), 0.0762182 secs]
Total time for which application threads were stopped: 0.0793329 seconds
Application time: 89.4061370 seconds
35507.575: [GC 35507.575: [ParNew
Desired survivor size 48306584 bytes, new threshold 10 (max 10)
- age   1:    7769800 bytes,    7769800 total
- age   2:    1030984 bytes,    8800784 total
- age   3:    1892720 bytes,   10693504 total
- age   4:    2410688 bytes,   13104192 total
- age   5:     797328 bytes,   13901520 total
- age   6:     822360 bytes,   14723880 total
- age   7:     805672 bytes,   15529552 total
- age   8:     964456 bytes,   16494008 total
- age   9:    1107328 bytes,   17601336 total
- age  10:     861360 bytes,   18462696 total
: 437693K->18092K(471872K), 0.0768573 secs] 716031K->297075K(2044736K), 0.0771934 secs]
Total time for which application threads were stopped: 0.0800370 seconds
Application time: 128.4368185 seconds
35636.092: [GC 35636.092: [ParNew
Desired survivor size 48306584 bytes, new threshold 10 (max 10)
- age   1:    8251512 bytes,    8251512 total
- age   2:    4235656 bytes,   12487168 total
- age   3:     988528 bytes,   13475696 total
- age   4:    1871912 bytes,   15347608 total
- age   5:    2396904 bytes,   17744512 total
- age   6:     780544 bytes,   18525056 total
- age   7:     787096 bytes,   19312152 total
- age   8:     778024 bytes,   20090176 total
- age   9:     946256 bytes,   21036432 total
- age  10:    1106800 bytes,   22143232 total
: 437548K->21692K(471872K), 0.0847049 secs] 716531K->301516K(2044736K), 0.0850716 secs]
Total time for which application threads were stopped: 0.0883259 seconds
Application time: 35.3042337 seconds
35671.485: [GC 35671.485: [ParNew
Desired survivor size 48306584 bytes, new threshold 10 (max 10)
- age   1:    5735032 bytes,    5735032 total
- age   2:    4774000 bytes,   10509032 total
- age   3:    4235656 bytes,   14744688 total
- age   4:     988528 bytes,   15733216 total
- age   5:    1862248 bytes,   17595464 total
- age   6:     990904 bytes,   18586368 total
- age   7:     779088 bytes,   19365456 total
- age   8:     779800 bytes,   20145256 total
- age   9:     778024 bytes,   20923280 total
- age  10:     946256 bytes,   21869536 total
: 441146K->21427K(471872K), 0.0951289 secs] 720970K->302332K(2044736K), 0.0954845 secs]
Total time for which application threads were stopped: 0.0987529 seconds
Application time: 43.0478400 seconds
35714.632: [GC 35714.632: [ParNew
Desired survivor size 48306584 bytes, new threshold 10 (max 10)
- age   1:    8362696 bytes,    8362696 total
- age   2:    3071080 bytes,   11433776 total
- age   3:    4653472 bytes,   16087248 total
- age   4:    4235656 bytes,   20322904 total
- age   5:     982288 bytes,   21305192 total
- age   6:     777040 bytes,   22082232 total
- age   7:     926120 bytes,   23008352 total
- age   8:     779088 bytes,   23787440 total
- age   9:     779800 bytes,   24567240 total
- age  10:     778024 bytes,   25345264 total
: 440883K->24836K(471872K), 0.1117050 secs] 721788K->306665K(2044736K), 0.1120667 secs]
Total time for which application threads were stopped: 0.1157389 seconds
Application time: 10.9095844 seconds
35725.657: [GC 35725.658: [ParNew
Desired survivor size 48306584 bytes, new threshold 10 (max 10)
- age   1:    4558568 bytes,    4558568 total
- age   2:    3356104 bytes,    7914672 total
- age   3:    2646840 bytes,   10561512 total
- age   4:    4653472 bytes,   15214984 total
- age   5:    4230504 bytes,   19445488 total
- age   6:     980776 bytes,   20426264 total
- age   7:     777040 bytes,   21203304 total
- age   8:     925944 bytes,   22129248 total
- age   9:     779088 bytes,   22908336 total
- age  10:     779648 bytes,   23687984 total
: 444283K->23224K(471872K), 0.1046149 secs] 726112K->305813K(2044736K), 0.1049528 secs]
Total time for which application threads were stopped: 0.1097234 seconds
Application time: 59.5099185 seconds
35785.277: [GC 35785.277: [ParNew
Desired survivor size 48306584 bytes, new threshold 10 (max 10)
- age   1:    9565968 bytes,    9565968 total
- age   2:    3751352 bytes,   13317320 total
- age   3:    2200728 bytes,   15518048 total
- age   4:    2578264 bytes,   18096312 total
- age   5:    1007464 bytes,   19103776 total
- age   6:    4218792 bytes,   23322568 total
- age   7:     980776 bytes,   24303344 total
- age   8:     777040 bytes,   25080384 total
- age   9:     925864 bytes,   26006248 total
- age  10:     779088 bytes,   26785336 total
: 442628K->26259K(471872K), 0.1198697 secs] 725217K->309609K(2044736K), 0.1206358 secs]
Total time for which application threads were stopped: 0.1241682 seconds
Application time: 15.3108894 seconds
35800.712: [GC 35800.712: [ParNew
Desired survivor size 48306584 bytes, new threshold 10 (max 10)
- age   1:    5214864 bytes,    5214864 total
- age   2:    4368344 bytes,    9583208 total
- age   3:    1665912 bytes,   11249120 total
- age   4:    2182472 bytes,   13431592 total
- age   5:    2568904 bytes,   16000496 total
- age   6:     990608 bytes,   16991104 total
- age   7:    4211232 bytes,   21202336 total
- age   8:     979920 bytes,   22182256 total
- age   9:     777040 bytes,   22959296 total
- age  10:     925864 bytes,   23885160 total
: 445715K->23431K(471872K), 0.1209504 secs] 729065K->307543K(2044736K), 0.1212637 secs]
Total time for which application threads were stopped: 0.1247492 seconds
Application time: 4.8483057 seconds
35805.684: [GC 35805.685: [ParNew
Desired survivor size 48306584 bytes, new threshold 10 (max 10)
- age   1:    4510784 bytes,    4510784 total
- age   2:    2384616 bytes,    6895400 total
- age   3:    3863568 bytes,   10758968 total
- age   4:    1665912 bytes,   12424880 total
- age   5:    2182472 bytes,   14607352 total
- age   6:    2568904 bytes,   17176256 total
- age   7:     990608 bytes,   18166864 total
- age   8:    4198544 bytes,   22365408 total
- age   9:     899864 bytes,   23265272 total
- age  10:     777040 bytes,   24042312 total
: 442887K->23585K(471872K), 0.1265522 secs] 726999K->308600K(2044736K), 0.1268754 secs]
Total time for which application threads were stopped: 0.1297965 seconds
Application time: 35.7595437 seconds
35841.574: [GC 35841.574: [ParNew
Desired survivor size 48306584 bytes, new threshold 10 (max 10)
- age   1:    5224392 bytes,    5224392 total
- age   2:    2838520 bytes,    8062912 total
- age   3:    2358056 bytes,   10420968 total
- age   4:    3860760 bytes,   14281728 total
- age   5:    1665912 bytes,   15947640 total
- age   6:    2181856 bytes,   18129496 total
- age   7:    2568904 bytes,   20698400 total
- age   8:     965824 bytes,   21664224 total
- age   9:    1073776 bytes,   22738000 total
- age  10:     899864 bytes,   23637864 total
: 443033K->23187K(471872K), 0.1250820 secs] 728048K->308962K(2044736K), 0.1254235 secs]
Total time for which application threads were stopped: 0.1284848 seconds
Application time: 25.0898343 seconds
35866.794: [GC 35866.794: [ParNew
Desired survivor size 48306584 bytes, new threshold 10 (max 10)
- age   1:    6482256 bytes,    6482256 total
- age   2:    4055504 bytes,   10537760 total
- age   3:    1937768 bytes,   12475528 total
- age   4:    1819096 bytes,   14294624 total
- age   5:    3858648 bytes,   18153272 total
- age   6:    1662216 bytes,   19815488 total
- age   7:    2018912 bytes,   21834400 total
- age   8:    2565376 bytes,   24399776 total
- age   9:     955792 bytes,   25355568 total
- age  10:    1073776 bytes,   26429344 total
: 442627K->25915K(471872K), 0.1149404 secs] 728401K->312515K(2044736K), 0.1152713 secs]
Total time for which application threads were stopped: 0.1199718 seconds
Application time: 8.1402913 seconds
35875.052: [GC 35875.053: [ParNew
Desired survivor size 48306584 bytes, new threshold 10 (max 10)
- age   1:    6584280 bytes,    6584280 total
- age   2:    2076880 bytes,    8661160 total
- age   3:     958888 bytes,    9620048 total
- age   4:     828744 bytes,   10448792 total
- age   5:    1819096 bytes,   12267888 total
- age   6:    3858536 bytes,   16126424 total
- age   7:    1582032 bytes,   17708456 total
- age   8:    1977896 bytes,   19686352 total
- age   9:    2565376 bytes,   22251728 total
- age  10:     952096 bytes,   23203824 total
: 445371K->22764K(471872K), 0.1164795 secs] 731971K->310413K(2044736K), 0.1168028 secs]
Total time for which application threads were stopped: 0.1197328 seconds
Application time: 48.1068462 seconds
35923.279: [GC 35923.280: [ParNew
Desired survivor size 48306584 bytes, new threshold 10 (max 10)
- age   1:    2850200 bytes,    2850200 total
- age   2:    5092384 bytes,    7942584 total
- age   3:    1990192 bytes,    9932776 total
- age   4:     752048 bytes,   10684824 total
- age   5:     811728 bytes,   11496552 total
- age   6:    1714184 bytes,   13210736 total
- age   7:    3858536 bytes,   17069272 total
- age   8:    1582032 bytes,   18651304 total
- age   9:    1977896 bytes,   20629200 total
- age  10:    2565376 bytes,   23194576 total
: 442220K->22760K(471872K), 0.1184279 secs] 729869K->311224K(2044736K), 0.1187695 secs]
Total time for which application threads were stopped: 0.1220730 seconds
Application time: 142.2024175 seconds
36065.604: [GC 36065.605: [ParNew
Desired survivor size 48306584 bytes, new threshold 10 (max 10)
- age   1:    1701816 bytes,    1701816 total
- age   2:    1072872 bytes,    2774688 total
- age   3:    5081168 bytes,    7855856 total
- age   4:    1880712 bytes,    9736568 total
- age   5:     751424 bytes,   10487992 total
- age   6:     811040 bytes,   11299032 total
- age   7:    1714184 bytes,   13013216 total
- age   8:    3844648 bytes,   16857864 total
- age   9:    1581248 bytes,   18439112 total
- age  10:    1970992 bytes,   20410104 total
: 442216K->20032K(471872K), 0.1237209 secs] 730680K->310984K(2044736K), 0.1240814 secs]
Total time for which application threads were stopped: 0.1280079 seconds
Application time: 43.5587095 seconds
36109.290: [GC 36109.291: [ParNew
Desired survivor size 48306584 bytes, new threshold 10 (max 10)
- age   1:    5015176 bytes,    5015176 total
- age   2:     367864 bytes,    5383040 total
- age   3:     865920 bytes,    6248960 total
- age   4:    1944016 bytes,    8192976 total
- age   5:    1862064 bytes,   10055040 total
- age   6:     736472 bytes,   10791512 total
- age   7:     796952 bytes,   11588464 total
- age   8:    1694864 bytes,   13283328 total
- age   9:    3826352 bytes,   17109680 total
- age  10:    1581248 bytes,   18690928 total
: 439487K->18333K(471872K), 0.0964572 secs] 730439K->311210K(2044736K), 0.0967795 secs]
Total time for which application threads were stopped: 0.0997678 seconds
Application time: 66.5126708 seconds
36175.903: [GC 36175.903: [ParNew
Desired survivor size 48306584 bytes, new threshold 10 (max 10)
- age   1:    1874672 bytes,    1874672 total
- age   2:    3583224 bytes,    5457896 total
- age   3:     354224 bytes,    5812120 total
- age   4:     861176 bytes,    6673296 total
- age   5:    1939792 bytes,    8613088 total
- age   6:    1855272 bytes,   10468360 total
- age   7:     722288 bytes,   11190648 total
- age   8:     795896 bytes,   11986544 total
- age   9:    1694600 bytes,   13681144 total
- age  10:    3758464 bytes,   17439608 total
: 437788K->17101K(471872K), 0.0894904 secs] 730665K->311522K(2044736K), 0.0898355 secs]
Total time for which application threads were stopped: 0.0928493 seconds
Application time: 8.9487946 seconds
36184.945: [GC 36184.945: [ParNew
Desired survivor size 48306584 bytes, new threshold 10 (max 10)
- age   1:    5544224 bytes,    5544224 total
- age   2:     578120 bytes,    6122344 total
- age   3:    3583224 bytes,    9705568 total
- age   4:     354224 bytes,   10059792 total
- age   5:     861176 bytes,   10920968 total
- age   6:    1296472 bytes,   12217440 total
- age   7:     518256 bytes,   12735696 total
- age   8:     722288 bytes,   13457984 total
- age   9:     795896 bytes,   14253880 total
- age  10:    1694600 bytes,   15948480 total
: 436554K->15647K(471872K), 0.0983737 secs] 730975K->313739K(2044736K), 0.0987162 secs]
Total time for which application threads were stopped: 0.1018799 seconds
Application time: 54.7203433 seconds
36239.767: [GC 36239.767: [ParNew
Desired survivor size 48306584 bytes, new threshold 10 (max 10)
- age   1:   14151992 bytes,   14151992 total
- age   2:    3586512 bytes,   17738504 total
- age   3:     572296 bytes,   18310800 total
- age   4:    3583224 bytes,   21894024 total
- age   5:     349808 bytes,   22243832 total
- age   6:     773312 bytes,   23017144 total
- age   7:    1074184 bytes,   24091328 total
- age   8:     518256 bytes,   24609584 total
- age   9:     722288 bytes,   25331872 total
- age  10:     795896 bytes,   26127768 total
: 435103K->25582K(471872K), 0.0972114 secs] 733195K->325329K(2044736K), 0.0980286 secs]
Total time for which application threads were stopped: 0.1011489 seconds
Application time: 12.0079040 seconds
36251.876: [GC 36251.877: [ParNew
Desired survivor size 48306584 bytes, new threshold 10 (max 10)
- age   1:   29323088 bytes,   29323088 total
- age   2:    5764392 bytes,   35087480 total
- age   3:    2000696 bytes,   37088176 total
- age   4:     491744 bytes,   37579920 total
- age   5:    3582720 bytes,   41162640 total
- age   6:     346688 bytes,   41509328 total
- age   7:     773312 bytes,   42282640 total
- age   8:    1074184 bytes,   43356824 total
- age   9:     518256 bytes,   43875080 total
- age  10:     722288 bytes,   44597368 total
: 444210K->43617K(471872K), 0.1254459 secs] 743957K->344141K(2044736K), 0.1258943 secs]
Total time for which application threads were stopped: 0.1293484 seconds
Application time: 126.0790471 seconds
36378.084: [GC 36378.085: [ParNew
Desired survivor size 48306584 bytes, new threshold 10 (max 10)
- age   1:    2486752 bytes,    2486752 total
- age   2:    2592344 bytes,    5079096 total
- age   3:    5458840 bytes,   10537936 total
- age   4:    1988488 bytes,   12526424 total
- age   5:     392336 bytes,   12918760 total
- age   6:    3563184 bytes,   16481944 total
- age   7:     320608 bytes,   16802552 total
- age   8:     773312 bytes,   17575864 total
- age   9:    1074184 bytes,   18650048 total
- age  10:     518608 bytes,   19168656 total
: 463064K->18783K(471872K), 0.0834847 secs] 763587K->320012K(2044736K), 0.0838227 secs]
Total time for which application threads were stopped: 0.0868450 seconds
Application time: 102.8905243 seconds
36481.062: [GC 36481.062: [ParNew
Desired survivor size 48306584 bytes, new threshold 10 (max 10)
- age   1:    9968104 bytes,    9968104 total
- age   2:     959936 bytes,   10928040 total
- age   3:    2588216 bytes,   13516256 total
- age   4:    1481960 bytes,   14998216 total
- age   5:    1982424 bytes,   16980640 total
- age   6:     369080 bytes,   17349720 total
- age   7:    3493128 bytes,   20842848 total
- age   8:     320480 bytes,   21163328 total
- age   9:     740848 bytes,   21904176 total
- age  10:    1074184 bytes,   22978360 total
: 438177K->22510K(471872K), 0.1109673 secs] 739406K->324246K(2044736K), 0.1113488 secs]
Total time for which application threads were stopped: 0.1146875 seconds
Application time: 69.8679294 seconds
36551.045: [GC 36551.045: [ParNew
Desired survivor size 48306584 bytes, new threshold 10 (max 10)
- age   1:    2366192 bytes,    2366192 total
- age   2:    5820656 bytes,    8186848 total
- age   3:     959824 bytes,    9146672 total
- age   4:    2587928 bytes,   11734600 total
- age   5:    1472912 bytes,   13207512 total
- age   6:    1980184 bytes,   15187696 total
- age   7:     367784 bytes,   15555480 total
- age   8:    3412744 bytes,   18968224 total
- age   9:     320480 bytes,   19288704 total
- age  10:     740848 bytes,   20029552 total
: 441966K->19622K(471872K), 0.0935981 secs] 743702K->322405K(2044736K), 0.0939435 secs]
Total time for which application threads were stopped: 0.0972185 seconds
Application time: 97.2215239 seconds
36648.364: [GC 36648.364: [ParNew
Desired survivor size 48306584 bytes, new threshold 10 (max 10)
- age   1:    9065928 bytes,    9065928 total
- age   2:     416728 bytes,    9482656 total
- age   3:    2211824 bytes,   11694480 total
- age   4:     936256 bytes,   12630736 total
- age   5:    2568640 bytes,   15199376 total
- age   6:     978800 bytes,   16178176 total
- age   7:    1979104 bytes,   18157280 total
- age   8:     287392 bytes,   18444672 total
- age   9:    3412744 bytes,   21857416 total
- age  10:     319528 bytes,   22176944 total
: 439042K->21723K(471872K), 0.0973156 secs] 741825K->325230K(2044736K), 0.0976638 secs]
Total time for which application threads were stopped: 0.1010065 seconds
Application time: 12.4226936 seconds
36660.887: [GC 36660.888: [ParNew
Desired survivor size 48306584 bytes, new threshold 10 (max 10)
- age   1:    6538736 bytes,    6538736 total
- age   2:    1987848 bytes,    8526584 total
- age   3:     416664 bytes,    8943248 total
- age   4:    2129888 bytes,   11073136 total
- age   5:     817864 bytes,   11891000 total
- age   6:     738280 bytes,   12629280 total
- age   7:     978800 bytes,   13608080 total
- age   8:    1979104 bytes,   15587184 total
- age   9:     287392 bytes,   15874576 total
- age  10:    3412744 bytes,   19287320 total
: 441161K->18902K(471872K), 0.0915664 secs] 744668K->322721K(2044736K), 0.0919034 secs]
Total time for which application threads were stopped: 0.0951915 seconds
Application time: 143.7495974 seconds
36804.732: [GC 36804.732: [ParNew
Desired survivor size 48306584 bytes, new threshold 10 (max 10)
- age   1:    8478192 bytes,    8478192 total
- age   2:    3626600 bytes,   12104792 total
- age   3:    1847056 bytes,   13951848 total
- age   4:     283264 bytes,   14235112 total
- age   5:     739896 bytes,   14975008 total
- age   6:     722096 bytes,   15697104 total
- age   7:     738280 bytes,   16435384 total
- age   8:     978800 bytes,   17414184 total
- age   9:    1979104 bytes,   19393288 total
- age  10:     287392 bytes,   19680680 total
: 438355K->19283K(471872K), 0.0791319 secs] 742174K->323445K(2044736K), 0.0794351 secs]
Total time for which application threads were stopped: 0.0824505 seconds
Application time: 94.7561177 seconds
36899.571: [GC 36899.571: [ParNew
Desired survivor size 48306584 bytes, new threshold 10 (max 10)
- age   1:    4601920 bytes,    4601920 total
- age   2:    3968184 bytes,    8570104 total
- age   3:    2391192 bytes,   10961296 total
- age   4:    1836960 bytes,   12798256 total
- age   5:     274808 bytes,   13073064 total
- age   6:     739248 bytes,   13812312 total
- age   7:     722096 bytes,   14534408 total
- age   8:     738280 bytes,   15272688 total
- age   9:     978800 bytes,   16251488 total
- age  10:    1979104 bytes,   18230592 total
: 438735K->17864K(471872K), 0.0894899 secs] 742897K->322307K(2044736K), 0.0897996 secs]
Total time for which application threads were stopped: 0.0928771 seconds
Application time: 33.7605799 seconds
36933.424: [GC 36933.424: [ParNew
Desired survivor size 48306584 bytes, new threshold 10 (max 10)
- age   1:    8617168 bytes,    8617168 total
- age   2:    1083512 bytes,    9700680 total
- age   3:    3954728 bytes,   13655408 total
- age   4:    1876088 bytes,   15531496 total
- age   5:     798392 bytes,   16329888 total
- age   6:     274808 bytes,   16604696 total
- age   7:     739120 bytes,   17343816 total
- age   8:     577544 bytes,   17921360 total
- age   9:     738280 bytes,   18659640 total
- age  10:     978800 bytes,   19638440 total
: 437320K->19236K(471872K), 0.0883792 secs] 741763K->325611K(2044736K), 0.0887074 secs]
Total time for which application threads were stopped: 0.0916319 seconds
Application time: 13.4941350 seconds
36947.011: [GC 36947.011: [ParNew
Desired survivor size 48306584 bytes, new threshold 10 (max 10)
- age   1:    6602840 bytes,    6602840 total
- age   2:    6595168 bytes,   13198008 total
- age   3:     808352 bytes,   14006360 total
- age   4:    3822768 bytes,   17829128 total
- age   5:     939632 bytes,   18768760 total
- age   6:     773232 bytes,   19541992 total
- age   7:     274536 bytes,   19816528 total
- age   8:     731168 bytes,   20547696 total
- age   9:     542400 bytes,   21090096 total
- age  10:     738280 bytes,   21828376 total
: 438658K->21373K(471872K), 0.1019258 secs] 745033K->328704K(2044736K), 0.1023078 secs]
Total time for which application threads were stopped: 0.1062692 seconds
Application time: 7.9551027 seconds
36955.072: [GC 36955.072: [ParNew
Desired survivor size 48306584 bytes, new threshold 10 (max 10)
- age   1:    7091328 bytes,    7091328 total
- age   2:    2674976 bytes,    9766304 total
- age   3:    5902832 bytes,   15669136 total
- age   4:     791152 bytes,   16460288 total
- age   5:     684448 bytes,   17144736 total
- age   6:     938032 bytes,   18082768 total
- age   7:     773232 bytes,   18856000 total
- age   8:     194872 bytes,   19050872 total
- age   9:     731168 bytes,   19782040 total
- age  10:     244464 bytes,   20026504 total
: 440822K->19614K(471872K), 0.1008395 secs] 748153K->327666K(2044736K), 0.1018073 secs]
Total time for which application threads were stopped: 0.1050581 seconds
Application time: 9.5108212 seconds
36964.687: [GC 36964.688: [ParNew
Desired survivor size 48306584 bytes, new threshold 10 (max 10)
- age   1:    6928168 bytes,    6928168 total
- age   2:    4521280 bytes,   11449448 total
- age   3:    1449104 bytes,   12898552 total
- age   4:    5896392 bytes,   18794944 total
- age   5:     791152 bytes,   19586096 total
- age   6:     684448 bytes,   20270544 total
- age   7:     938032 bytes,   21208576 total
- age   8:     773232 bytes,   21981808 total
- age   9:     194872 bytes,   22176680 total
- age  10:     731168 bytes,   22907848 total
: 439070K->22446K(471872K), 0.1046585 secs] 747122K->330737K(2044736K), 0.1049878 secs]
Total time for which application threads were stopped: 0.1082527 seconds
Application time: 27.6092299 seconds
36992.405: [GC 36992.405: [ParNew
Desired survivor size 48306584 bytes, new threshold 10 (max 10)
- age   1:    5380128 bytes,    5380128 total
- age   2:    3858032 bytes,    9238160 total
- age   3:    4049720 bytes,   13287880 total
- age   4:    1132552 bytes,   14420432 total
- age   5:    5891072 bytes,   20311504 total
- age   6:     750024 bytes,   21061528 total
- age   7:     673472 bytes,   21735000 total
- age   8:     938032 bytes,   22673032 total
- age   9:     773232 bytes,   23446264 total
- age  10:     194216 bytes,   23640480 total
: 441850K->23160K(471872K), 0.0987064 secs] 750141K->332164K(2044736K), 0.0990805 secs]
Total time for which application threads were stopped: 0.1023808 seconds
Application time: 41.7788900 seconds
37034.287: [GC 37034.287: [ParNew
Desired survivor size 48306584 bytes, new threshold 10 (max 10)
- age   1:    9792232 bytes,    9792232 total
- age   2:    2218264 bytes,   12010496 total
- age   3:    3027976 bytes,   15038472 total
- age   4:     794072 bytes,   15832544 total
- age   5:    1106952 bytes,   16939496 total
- age   6:    5890512 bytes,   22830008 total
- age   7:     750024 bytes,   23580032 total
- age   8:     649776 bytes,   24229808 total
- age   9:     938032 bytes,   25167840 total
- age  10:     771288 bytes,   25939128 total
: 442616K->25413K(471872K), 0.0925679 secs] 751620K->334606K(2044736K), 0.0929647 secs]
Total time for which application threads were stopped: 0.0964234 seconds
Application time: 11.2328316 seconds
37045.617: [GC 37045.617: [ParNew
Desired survivor size 48306584 bytes, new threshold 10 (max 10)
- age   1:    4868496 bytes,    4868496 total
- age   2:    5633688 bytes,   10502184 total
- age   3:    1118952 bytes,   11621136 total
- age   4:    2732440 bytes,   14353576 total
- age   5:     794040 bytes,   15147616 total
- age   6:    1106952 bytes,   16254568 total
- age   7:    5890512 bytes,   22145080 total
- age   8:     750024 bytes,   22895104 total
- age   9:     646864 bytes,   23541968 total
- age  10:     938032 bytes,   24480000 total
: 444865K->23997K(471872K), 0.1107519 secs] 754058K->333944K(2044736K), 0.1111906 secs]
Total time for which application threads were stopped: 0.1153486 seconds
Application time: 39.3637411 seconds
37085.101: [GC 37085.101: [ParNew
Desired survivor size 48306584 bytes, new threshold 10 (max 10)
- age   1:    2657784 bytes,    2657784 total
- age   2:    3566616 bytes,    6224400 total
- age   3:    5544168 bytes,   11768568 total
- age   4:    1101936 bytes,   12870504 total
- age   5:    2689072 bytes,   15559576 total
- age   6:     682792 bytes,   16242368 total
- age   7:    1106848 bytes,   17349216 total
- age   8:    1264464 bytes,   18613680 total
- age   9:     743448 bytes,   19357128 total
- age  10:     640376 bytes,   19997504 total
: 443452K->19615K(471872K), 0.1193466 secs] 753399K->330401K(2044736K), 0.1197041 secs]
Total time for which application threads were stopped: 0.1289375 seconds
Application time: 35.7175079 seconds
37120.941: [GC 37120.941: [ParNew
Desired survivor size 48306584 bytes, new threshold 10 (max 10)
- age   1:   10367976 bytes,   10367976 total
- age   2:     875712 bytes,   11243688 total
- age   3:    3551928 bytes,   14795616 total
- age   4:    2347912 bytes,   17143528 total
- age   5:    1018416 bytes,   18161944 total
- age   6:    2684584 bytes,   20846528 total
- age   7:     679360 bytes,   21525888 total
- age   8:    1102096 bytes,   22627984 total
- age   9:    1261296 bytes,   23889280 total
- age  10:     738416 bytes,   24627696 total
: 439058K->24137K(471872K), 0.1009701 secs] 749844K->335435K(2044736K), 0.1012959 secs]
Total time for which application threads were stopped: 0.1044210 seconds
Application time: 106.8318220 seconds
37227.878: [GC 37227.878: [ParNew
Desired survivor size 48306584 bytes, new threshold 10 (max 10)
- age   1:    7135448 bytes,    7135448 total
- age   2:    3647536 bytes,   10782984 total
- age   3:     562768 bytes,   11345752 total
- age   4:    2731928 bytes,   14077680 total
- age   5:    1693432 bytes,   15771112 total
- age   6:    1018416 bytes,   16789528 total
- age   7:    2684584 bytes,   19474112 total
- age   8:     679360 bytes,   20153472 total
- age   9:    1102096 bytes,   21255568 total
- age  10:     742536 bytes,   21998104 total
: 443555K->21576K(471872K), 0.0974047 secs] 754853K->333567K(2044736K), 0.0978604 secs]
Total time for which application threads were stopped: 0.1015493 seconds
Application time: 13.9079061 seconds
37241.888: [GC 37241.888: [ParNew
Desired survivor size 48306584 bytes, new threshold 10 (max 10)
- age   1:    6654936 bytes,    6654936 total
- age   2:    4119888 bytes,   10774824 total
- age   3:     565888 bytes,   11340712 total
- age   4:     503576 bytes,   11844288 total
- age   5:    1603104 bytes,   13447392 total
- age   6:    1676352 bytes,   15123744 total
- age   7:    1001112 bytes,   16124856 total
- age   8:    2670808 bytes,   18795664 total
- age   9:     667096 bytes,   19462760 total
- age  10:    1084456 bytes,   20547216 total
: 440861K->20150K(471872K), 0.1037230 secs] 752852K->332867K(2044736K), 0.1041548 secs]
Total time for which application threads were stopped: 0.1079313 seconds
Application time: 199.3045651 seconds
37441.300: [GC 37441.300: [ParNew
Desired survivor size 48306584 bytes, new threshold 10 (max 10)
- age   1:    4282112 bytes,    4282112 total
- age   2:    4975824 bytes,    9257936 total
- age   3:    2372608 bytes,   11630544 total
- age   4:     551768 bytes,   12182312 total
- age   5:     494064 bytes,   12676376 total
- age   6:    1598208 bytes,   14274584 total
- age   7:    1658696 bytes,   15933280 total
- age   8:     995208 bytes,   16928488 total
- age   9:    2668120 bytes,   19596608 total
- age  10:     665640 bytes,   20262248 total
: 439605K->19865K(471872K), 0.0937142 secs] 752321K->333629K(2044736K), 0.0940244 secs]
Total time for which application threads were stopped: 0.0977247 seconds
Application time: 136.7088730 seconds
37578.107: [GC 37578.107: [ParNew
Desired survivor size 48306584 bytes, new threshold 10 (max 10)
- age   1:    5520240 bytes,    5520240 total
- age   2:     613872 bytes,    6134112 total
- age   3:    4894032 bytes,   11028144 total
- age   4:    1745784 bytes,   12773928 total
- age   5:     551040 bytes,   13324968 total
- age   6:     493944 bytes,   13818912 total
- age   7:    1598208 bytes,   15417120 total
- age   8:    1597448 bytes,   17014568 total
- age   9:     995208 bytes,   18009776 total
- age  10:    2668120 bytes,   20677896 total
: 439321K->20277K(471872K), 0.1024318 secs] 753085K->334453K(2044736K), 0.1028519 secs]
Total time for which application threads were stopped: 0.1063939 seconds
Application time: 6.5400743 seconds
37584.753: [GC 37584.754: [ParNew
Desired survivor size 48306584 bytes, new threshold 10 (max 10)
- age   1:    4323944 bytes,    4323944 total
- age   2:    3433056 bytes,    7757000 total
- age   3:     528824 bytes,    8285824 total
- age   4:    3326672 bytes,   11612496 total
- age   5:     620056 bytes,   12232552 total
- age   6:     551040 bytes,   12783592 total
- age   7:     493944 bytes,   13277536 total
- age   8:    1598208 bytes,   14875744 total
- age   9:    1597448 bytes,   16473192 total
- age  10:     995208 bytes,   17468400 total
: 439733K->17123K(471872K), 0.1205387 secs] 753909K->333904K(2044736K), 0.1209792 secs]
Total time for which application threads were stopped: 0.1253605 seconds
Application time: 95.9170203 seconds
37680.795: [GC 37680.796: [ParNew
Desired survivor size 48306584 bytes, new threshold 10 (max 10)
- age   1:   23674928 bytes,   23674928 total
- age   2:    2727000 bytes,   26401928 total
- age   3:    3336064 bytes,   29737992 total
- age   4:     440440 bytes,   30178432 total
- age   5:      41656 bytes,   30220088 total
- age   6:     619368 bytes,   30839456 total
- age   7:     550952 bytes,   31390408 total
- age   8:     493424 bytes,   31883832 total
- age   9:    1595648 bytes,   33479480 total
- age  10:    1596040 bytes,   35075520 total
: 436498K->34308K(471872K), 0.1024286 secs] 753280K->352061K(2044736K), 0.1027521 secs]
Total time for which application threads were stopped: 0.1060921 seconds
Application time: 85.6578129 seconds
37766.559: [GC 37766.560: [ParNew
Desired survivor size 48306584 bytes, new threshold 10 (max 10)
- age   1:    6171104 bytes,    6171104 total
- age   2:    3593736 bytes,    9764840 total
- age   3:    2535768 bytes,   12300608 total
- age   4:    2732896 bytes,   15033504 total
- age   5:     413776 bytes,   15447280 total
- age   6:      40336 bytes,   15487616 total
- age   7:     618840 bytes,   16106456 total
- age   8:     550952 bytes,   16657408 total
- age   9:     493424 bytes,   17150832 total
- age  10:    1595648 bytes,   18746480 total
: 453700K->18368K(471872K), 0.0984441 secs] 771453K->337673K(2044736K), 0.0987765 secs]
Total time for which application threads were stopped: 0.1022362 seconds
Application time: 12.4890078 seconds
37779.150: [GC 37779.151: [ParNew
Desired survivor size 48306584 bytes, new threshold 10 (max 10)
- age   1:    4353128 bytes,    4353128 total
- age   2:    2586496 bytes,    6939624 total
- age   3:    3525952 bytes,   10465576 total
- age   4:     820392 bytes,   11285968 total
- age   5:    2725616 bytes,   14011584 total
- age   6:     413776 bytes,   14425360 total
- age   7:      40336 bytes,   14465696 total
- age   8:     618840 bytes,   15084536 total
- age   9:     550952 bytes,   15635488 total
- age  10:     493424 bytes,   16128912 total
: 437823K->15810K(471872K), 0.0884334 secs] 757129K->336673K(2044736K), 0.0887474 secs]
Total time for which application threads were stopped: 0.0918113 seconds
Application time: 45.3601187 seconds
37824.603: [GC 37824.603: [ParNew
Desired survivor size 48306584 bytes, new threshold 10 (max 10)
- age   1:   18069624 bytes,   18069624 total
- age   2:    3510632 bytes,   21580256 total
- age   3:    1901064 bytes,   23481320 total
- age   4:     446808 bytes,   23928128 total
- age   5:     809000 bytes,   24737128 total
- age   6:    2706704 bytes,   27443832 total
- age   7:     413776 bytes,   27857608 total
- age   8:      40336 bytes,   27897944 total
- age   9:     618840 bytes,   28516784 total
- age  10:     550984 bytes,   29067768 total
: 435218K->28451K(471872K), 0.0972639 secs] 756081K->349796K(2044736K), 0.0976602 secs]
Total time for which application threads were stopped: 0.1009616 seconds
Application time: 25.9250368 seconds
37850.629: [GC 37850.629: [ParNew
Desired survivor size 48306584 bytes, new threshold 10 (max 10)
- age   1:    3487416 bytes,    3487416 total
- age   2:    4986072 bytes,    8473488 total
- age   3:    1846528 bytes,   10320016 total
- age   4:    1721032 bytes,   12041048 total
- age   5:     446184 bytes,   12487232 total
- age   6:     809000 bytes,   13296232 total
- age   7:    2697088 bytes,   15993320 total
- age   8:     413776 bytes,   16407096 total
- age   9:      40336 bytes,   16447432 total
- age  10:     618896 bytes,   17066328 total
: 447907K->16732K(471872K), 0.1028165 secs] 769252K->338537K(2044736K), 0.1031301 secs]
Total time for which application threads were stopped: 0.1063266 seconds
Application time: 32.1695668 seconds
37882.905: [GC 37882.905: [ParNew
Desired survivor size 48306584 bytes, new threshold 10 (max 10)
- age   1:    5738016 bytes,    5738016 total
- age   2:    1477720 bytes,    7215736 total
- age   3:    3951584 bytes,   11167320 total
- age   4:    1702664 bytes,   12869984 total
- age   5:    1652040 bytes,   14522024 total
- age   6:     446184 bytes,   14968208 total
- age   7:     809000 bytes,   15777208 total
- age   8:    2684472 bytes,   18461680 total
- age   9:     413776 bytes,   18875456 total
- age  10:      40336 bytes,   18915792 total
: 436188K->18544K(471872K), 0.0941866 secs] 757993K->340953K(2044736K), 0.0945131 secs]
Total time for which application threads were stopped: 0.0981590 seconds
Application time: 15.7293303 seconds
37898.732: [GC 37898.732: [ParNew
Desired survivor size 48306584 bytes, new threshold 10 (max 10)
- age   1:    7010768 bytes,    7010768 total
- age   2:    2428456 bytes,    9439224 total
- age   3:     886768 bytes,   10325992 total
- age   4:    3951584 bytes,   14277576 total
- age   5:    1702664 bytes,   15980240 total
- age   6:    1652040 bytes,   17632280 total
- age   7:     441032 bytes,   18073312 total
- age   8:     808928 bytes,   18882240 total
- age   9:    2684472 bytes,   21566712 total
- age  10:     413776 bytes,   21980488 total
: 437944K->21553K(471872K), 0.1058728 secs] 760354K->344001K(2044736K), 0.1062662 secs]
Total time for which application threads were stopped: 0.1095155 seconds
Application time: 8.6810982 seconds
37907.523: [GC 37907.523: [ParNew
Desired survivor size 48306584 bytes, new threshold 10 (max 10)
- age   1:    4488344 bytes,    4488344 total
- age   2:    3093840 bytes,    7582184 total
- age   3:     914480 bytes,    8496664 total
- age   4:     805816 bytes,    9302480 total
- age   5:    3951584 bytes,   13254064 total
- age   6:    1702664 bytes,   14956728 total
- age   7:    1652040 bytes,   16608768 total
- age   8:     439960 bytes,   17048728 total
- age   9:     808928 bytes,   17857656 total
- age  10:    2673456 bytes,   20531112 total
: 441009K->20145K(471872K), 0.1011590 secs] 763457K->342998K(2044736K), 0.1016173 secs]
Total time for which application threads were stopped: 0.1048843 seconds
Application time: 17.9964075 seconds
37925.625: [GC 37925.625: [ParNew
Desired survivor size 48306584 bytes, new threshold 10 (max 10)
- age   1:   11035520 bytes,   11035520 total
- age   2:    3722808 bytes,   14758328 total
- age   3:    2121728 bytes,   16880056 total
- age   4:     914464 bytes,   17794520 total
- age   5:     765072 bytes,   18559592 total
- age   6:     889976 bytes,   19449568 total
- age   7:    1702664 bytes,   21152232 total
- age   8:    1651536 bytes,   22803768 total
- age   9:     436192 bytes,   23239960 total
- age  10:     808928 bytes,   24048888 total
: 439572K->23582K(471872K), 0.1147701 secs] 762425K->349046K(2044736K), 0.1151463 secs]
Total time for which application threads were stopped: 0.1188546 seconds
Application time: 9.4164424 seconds
37935.160: [GC 37935.160: [ParNew
Desired survivor size 48306584 bytes, new threshold 10 (max 10)
- age   1:    4097144 bytes,    4097144 total
- age   2:    5262112 bytes,    9359256 total
- age   3:    1718728 bytes,   11077984 total
- age   4:    2121728 bytes,   13199712 total
- age   5:     831392 bytes,   14031104 total
- age   6:     765072 bytes,   14796176 total
- age   7:     889976 bytes,   15686152 total
- age   8:    1702584 bytes,   17388736 total
- age   9:    1651536 bytes,   19040272 total
- age  10:     436048 bytes,   19476320 total
: 443033K->19117K(471872K), 0.1141859 secs] 768497K->345371K(2044736K), 0.1145087 secs]
Total time for which application threads were stopped: 0.1182712 seconds
Application time: 36.6760079 seconds
37971.954: [GC 37971.954: [ParNew
Desired survivor size 48306584 bytes, new threshold 10 (max 10)
- age   1:    5685232 bytes,    5685232 total
- age   2:    2651456 bytes,    8336688 total
- age   3:    1757592 bytes,   10094280 total
- age   4:    1472688 bytes,   11566968 total
- age   5:    2121728 bytes,   13688696 total
- age   6:     831280 bytes,   14519976 total
- age   7:     763616 bytes,   15283592 total
- age   8:     889976 bytes,   16173568 total
- age   9:    1702584 bytes,   17876152 total
- age  10:    1651536 bytes,   19527688 total
: 438573K->19163K(471872K), 0.0899544 secs] 764827K->345828K(2044736K), 0.0903116 secs]
Total time for which application threads were stopped: 0.0933549 seconds
Application time: 99.4949619 seconds
38071.542: [GC 38071.543: [ParNew
Desired survivor size 48306584 bytes, new threshold 10 (max 10)
- age   1:    8233864 bytes,    8233864 total
- age   2:     828088 bytes,    9061952 total
- age   3:    2643904 bytes,   11705856 total
- age   4:    1755480 bytes,   13461336 total
- age   5:    1468728 bytes,   14930064 total
- age   6:    2101624 bytes,   17031688 total
- age   7:     764104 bytes,   17795792 total
- age   8:     759128 bytes,   18554920 total
- age   9:     887768 bytes,   19442688 total
- age  10:    1699416 bytes,   21142104 total
: 438548K->20729K(471872K), 0.1102205 secs] 765212K->348828K(2044736K), 0.1105965 secs]
Total time for which application threads were stopped: 0.1139901 seconds
Application time: 78.3905383 seconds
38150.050: [GC 38150.050: [ParNew
Desired survivor size 48306584 bytes, new threshold 10 (max 10)
- age   1:    5789592 bytes,    5789592 total
- age   2:    3851304 bytes,    9640896 total
- age   3:     725656 bytes,   10366552 total
- age   4:    2612072 bytes,   12978624 total
- age   5:    1153192 bytes,   14131816 total
- age   6:    1455400 bytes,   15587216 total
- age   7:    2088856 bytes,   17676072 total
- age   8:     681088 bytes,   18357160 total
- age   9:     654672 bytes,   19011832 total
- age  10:     872504 bytes,   19884336 total
: 440130K->19495K(471872K), 0.1059280 secs] 768230K->349254K(2044736K), 0.1062931 secs]
Total time for which application threads were stopped: 0.1129603 seconds
Application time: 14.7320274 seconds
38164.892: [GC 38164.892: [ParNew
Desired survivor size 48306584 bytes, new threshold 10 (max 10)
- age   1:    4912712 bytes,    4912712 total
- age   2:    4775704 bytes,    9688416 total
- age   3:    3851304 bytes,   13539720 total
- age   4:     721824 bytes,   14261544 total
- age   5:    1097560 bytes,   15359104 total
- age   6:     777464 bytes,   16136568 total
- age   7:    1455400 bytes,   17591968 total
- age   8:    2088856 bytes,   19680824 total
- age   9:     675264 bytes,   20356088 total
- age  10:     654672 bytes,   21010760 total
: 438943K->20609K(471872K), 0.0993446 secs] 768702K->351220K(2044736K), 0.0996978 secs]
Total time for which application threads were stopped: 0.1031081 seconds
Application time: 60.4072193 seconds
38225.402: [GC 38225.402: [ParNew
Desired survivor size 48306584 bytes, new threshold 10 (max 10)
- age   1:    2008440 bytes,    2008440 total
- age   2:    4150072 bytes,    6158512 total
- age   3:    4771440 bytes,   10929952 total
- age   4:    3851304 bytes,   14781256 total
- age   5:     653152 bytes,   15434408 total
- age   6:     796488 bytes,   16230896 total
- age   7:     770856 bytes,   17001752 total
- age   8:    1438344 bytes,   18440096 total
- age   9:    2088856 bytes,   20528952 total
- age  10:     669152 bytes,   21198104 total
: 440065K->20790K(471872K), 0.0956374 secs] 770675K->352040K(2044736K), 0.0959432 secs]
Total time for which application threads were stopped: 0.0988675 seconds
Application time: 141.9221521 seconds
38367.423: [GC 38367.424: [ParNew
Desired survivor size 48306584 bytes, new threshold 10 (max 10)
- age   1:    5195400 bytes,    5195400 total
- age   2:    1344752 bytes,    6540152 total
- age   3:    3341736 bytes,    9881888 total
- age   4:    2609792 bytes,   12491680 total
- age   5:    3754768 bytes,   16246448 total
- age   6:     533936 bytes,   16780384 total
- age   7:     794248 bytes,   17574632 total
- age   8:     757784 bytes,   18332416 total
- age   9:    1436712 bytes,   19769128 total
- age  10:    2088856 bytes,   21857984 total
: 440241K->21433K(471872K), 0.0993028 secs] 771491K->353336K(2044736K), 0.0996412 secs]
Total time for which application threads were stopped: 0.1030559 seconds
Application time: 133.3816753 seconds
38500.908: [GC 38500.908: [ParNew
Desired survivor size 48306584 bytes, new threshold 10 (max 10)
- age   1:    4688144 bytes,    4688144 total
- age   2:    3202856 bytes,    7891000 total
- age   3:    1084960 bytes,    8975960 total
- age   4:    1591088 bytes,   10567048 total
- age   5:    1914208 bytes,   12481256 total
- age   6:    3754624 bytes,   16235880 total
- age   7:     533608 bytes,   16769488 total
- age   8:     794248 bytes,   17563736 total
- age   9:     757136 bytes,   18320872 total
- age  10:    1436328 bytes,   19757200 total
: 440889K->19368K(471872K), 0.1000543 secs] 772792K->352964K(2044736K), 0.1003754 secs]
Total time for which application threads were stopped: 0.1034499 seconds
Application time: 28.5653495 seconds
38529.577: [GC 38529.577: [ParNew
Desired survivor size 48306584 bytes, new threshold 10 (max 10)
- age   1:    5514904 bytes,    5514904 total
- age   2:    3345792 bytes,    8860696 total
- age   3:    3199856 bytes,   12060552 total
- age   4:    1083504 bytes,   13144056 total
- age   5:    1591088 bytes,   14735144 total
- age   6:    1905136 bytes,   16640280 total
- age   7:     584296 bytes,   17224576 total
- age   8:     533608 bytes,   17758184 total
- age   9:     793000 bytes,   18551184 total
- age  10:     757136 bytes,   19308320 total
: 438824K->18921K(471872K), 0.0870724 secs] 772420K->353856K(2044736K), 0.0873969 secs]
Total time for which application threads were stopped: 0.0903623 seconds
Application time: 8.4733969 seconds
38538.141: [GC 38538.141: [ParNew
Desired survivor size 48306584 bytes, new threshold 10 (max 10)
- age   1:    5618776 bytes,    5618776 total
- age   2:    3941352 bytes,    9560128 total
- age   3:    1853936 bytes,   11414064 total
- age   4:    3132344 bytes,   14546408 total
- age   5:    1083504 bytes,   15629912 total
- age   6:    1591088 bytes,   17221000 total
- age   7:    1905136 bytes,   19126136 total
- age   8:     584296 bytes,   19710432 total
- age   9:     533608 bytes,   20244040 total
- age  10:     793000 bytes,   21037040 total
: 438377K->20627K(471872K), 0.0863371 secs] 773312K->356301K(2044736K), 0.0866626 secs]
Total time for which application threads were stopped: 0.0896583 seconds
Application time: 121.6465023 seconds
38659.877: [GC 38659.877: [ParNew
Desired survivor size 48306584 bytes, new threshold 10 (max 10)
- age   1:    8669456 bytes,    8669456 total
- age   2:    3970232 bytes,   12639688 total
- age   3:     865672 bytes,   13505360 total
- age   4:    1037808 bytes,   14543168 total
- age   5:     862208 bytes,   15405376 total
- age   6:    1083504 bytes,   16488880 total
- age   7:    1591088 bytes,   18079968 total
- age   8:    1905136 bytes,   19985104 total
- age   9:     584296 bytes,   20569400 total
- age  10:     533496 bytes,   21102896 total
: 440083K->20691K(471872K), 0.0985408 secs] 775757K->357062K(2044736K), 0.0989430 secs]
Total time for which application threads were stopped: 0.1022881 seconds
Application time: 137.1987918 seconds
38797.178: [GC 38797.179: [ParNew
Desired survivor size 48306584 bytes, new threshold 10 (max 10)
- age   1:    8964464 bytes,    8964464 total
- age   2:    4987448 bytes,   13951912 total
- age   3:    2911072 bytes,   16862984 total
- age   4:     849224 bytes,   17712208 total
- age   5:    1000104 bytes,   18712312 total
- age   6:     842800 bytes,   19555112 total
- age   7:    1082816 bytes,   20637928 total
- age   8:    1591088 bytes,   22229016 total
- age   9:    1402032 bytes,   23631048 total
- age  10:     584296 bytes,   24215344 total
: 440086K->23731K(471872K), 0.0936562 secs] 776457K->360623K(2044736K), 0.0944455 secs]
Total time for which application threads were stopped: 0.0979190 seconds
Application time: 53.5818191 seconds
38850.858: [GC 38850.859: [ParNew
Desired survivor size 48306584 bytes, new threshold 10 (max 10)
- age   1:   18240232 bytes,   18240232 total
- age   2:    4269552 bytes,   22509784 total
- age   3:    1148176 bytes,   23657960 total
- age   4:    2538272 bytes,   26196232 total
- age   5:     791944 bytes,   26988176 total
- age   6:     659184 bytes,   27647360 total
- age   7:     762960 bytes,   28410320 total
- age   8:    1082816 bytes,   29493136 total
- age   9:    1591088 bytes,   31084224 total
- age  10:    1402032 bytes,   32486256 total
: 443082K->31811K(471872K), 0.1000393 secs] 779973K->369273K(2044736K), 0.1004039 secs]
Total time for which application threads were stopped: 0.1041951 seconds
Application time: 71.1332333 seconds
38922.095: [GC 38922.096: [ParNew
Desired survivor size 48306584 bytes, new threshold 10 (max 10)
- age   1:    8962680 bytes,    8962680 total
- age   2:    2443456 bytes,   11406136 total
- age   3:    1292496 bytes,   12698632 total
- age   4:    1129976 bytes,   13828608 total
- age   5:    2538272 bytes,   16366880 total
- age   6:     791944 bytes,   17158824 total
- age   7:     659160 bytes,   17817984 total
- age   8:     762960 bytes,   18580944 total
- age   9:    1082816 bytes,   19663760 total
- age  10:    1591088 bytes,   21254848 total
: 451266K->20848K(471872K), 0.1159651 secs] 788728K->359672K(2044736K), 0.1163136 secs]
Total time for which application threads were stopped: 0.1195564 seconds
Application time: 30.8022333 seconds
38953.017: [GC 38953.017: [ParNew
Desired survivor size 48306584 bytes, new threshold 10 (max 10)
- age   1:    3722544 bytes,    3722544 total
- age   2:    6979264 bytes,   10701808 total
- age   3:     946456 bytes,   11648264 total
- age   4:    1292496 bytes,   12940760 total
- age   5:    1042248 bytes,   13983008 total
- age   6:    2538272 bytes,   16521280 total
- age   7:     791944 bytes,   17313224 total
- age   8:     659160 bytes,   17972384 total
- age   9:     762960 bytes,   18735344 total
- age  10:    1082816 bytes,   19818160 total
: 440304K->19442K(471872K), 0.1147705 secs] 779128K->359820K(2044736K), 0.1151344 secs]
Total time for which application threads were stopped: 0.1183733 seconds
Application time: 80.7732578 seconds
39033.909: [GC 39033.909: [ParNew
Desired survivor size 48306584 bytes, new threshold 10 (max 10)
- age   1:    8979544 bytes,    8979544 total
- age   2:    2790144 bytes,   11769688 total
- age   3:    2944896 bytes,   14714584 total
- age   4:     946456 bytes,   15661040 total
- age   5:    1283648 bytes,   16944688 total
- age   6:    1042248 bytes,   17986936 total
- age   7:    2538272 bytes,   20525208 total
- age   8:     791944 bytes,   21317152 total
- age   9:     659160 bytes,   21976312 total
- age  10:     762960 bytes,   22739272 total
: 438898K->22295K(471872K), 0.1007809 secs] 779276K->363730K(2044736K), 0.1011251 secs]
Total time for which application threads were stopped: 0.1044224 seconds
Application time: 13.4705862 seconds
39047.485: [GC 39047.485: [ParNew
Desired survivor size 48306584 bytes, new threshold 10 (max 10)
- age   1:   12326992 bytes,   12326992 total
- age   2:    1700576 bytes,   14027568 total
- age   3:    1415072 bytes,   15442640 total
- age   4:    2510808 bytes,   17953448 total
- age   5:     945832 bytes,   18899280 total
- age   6:    1279808 bytes,   20179088 total
- age   7:    1042248 bytes,   21221336 total
- age   8:    2538272 bytes,   23759608 total
- age   9:     791944 bytes,   24551552 total
- age  10:     659160 bytes,   25210712 total
: 441731K->24707K(471872K), 0.1086722 secs] 783167K->366888K(2044736K), 0.1090245 secs]
Total time for which application threads were stopped: 0.1128891 seconds
Application time: 69.6189870 seconds
39117.216: [GC 39117.216: [ParNew
Desired survivor size 48306584 bytes, new threshold 10 (max 10)
- age   1:    7674264 bytes,    7674264 total
- age   2:    5325848 bytes,   13000112 total
- age   3:    1092656 bytes,   14092768 total
- age   4:    1399960 bytes,   15492728 total
- age   5:    2492128 bytes,   17984856 total
- age   6:     841456 bytes,   18826312 total
- age   7:    1254528 bytes,   20080840 total
- age   8:     898384 bytes,   20979224 total
- age   9:    2538272 bytes,   23517496 total
- age  10:     791944 bytes,   24309440 total
: 444140K->23841K(471872K), 0.1024668 secs] 786320K->366666K(2044736K), 0.1027787 secs]
Total time for which application threads were stopped: 0.1058999 seconds
Application time: 10.5622927 seconds
39127.884: [GC 39127.884: [ParNew
Desired survivor size 48306584 bytes, new threshold 10 (max 10)
- age   1:    4725520 bytes,    4725520 total
- age   2:    2952920 bytes,    7678440 total
- age   3:    3919432 bytes,   11597872 total
- age   4:     716928 bytes,   12314800 total
- age   5:    1399960 bytes,   13714760 total
- age   6:    2492128 bytes,   16206888 total
- age   7:     837088 bytes,   17043976 total
- age   8:    1254528 bytes,   18298504 total
- age   9:     898384 bytes,   19196888 total
- age  10:    2538272 bytes,   21735160 total
: 443297K->21329K(471872K), 0.1093817 secs] 786121K->364927K(2044736K), 0.1096833 secs]
Total time for which application threads were stopped: 0.1127075 seconds
Application time: 86.1509009 seconds
39214.148: [GC 39214.148: [ParNew
Desired survivor size 48306584 bytes, new threshold 10 (max 10)
- age   1:    5404016 bytes,    5404016 total
- age   2:    3693344 bytes,    9097360 total
- age   3:    2873792 bytes,   11971152 total
- age   4:    3914440 bytes,   15885592 total
- age   5:     714048 bytes,   16599640 total
- age   6:    1395640 bytes,   17995280 total
- age   7:    1832280 bytes,   19827560 total
- age   8:     832920 bytes,   20660480 total
- age   9:    1254528 bytes,   21915008 total
- age  10:     896832 bytes,   22811840 total
: 440785K->22371K(471872K), 0.1109165 secs] 784383K->368447K(2044736K), 0.1112550 secs]
Total time for which application threads were stopped: 0.1145077 seconds
Application time: 20.2332593 seconds
39234.495: [GC 39234.496: [ParNew
Desired survivor size 48306584 bytes, new threshold 10 (max 10)
- age   1:    9815728 bytes,    9815728 total
- age   2:    1149280 bytes,   10965008 total
- age   3:    2943832 bytes,   13908840 total
- age   4:    2228528 bytes,   16137368 total
- age   5:    3914440 bytes,   20051808 total
- age   6:     714024 bytes,   20765832 total
- age   7:    1394784 bytes,   22160616 total
- age   8:    1826616 bytes,   23987232 total
- age   9:     832848 bytes,   24820080 total
- age  10:    1113376 bytes,   25933456 total
: 441827K->25429K(471872K), 0.1059368 secs] 787903K->372380K(2044736K), 0.1062907 secs]
Total time for which application threads were stopped: 0.1093400 seconds
Application time: 105.7475987 seconds
39340.353: [GC 39340.353: [ParNew
Desired survivor size 48306584 bytes, new threshold 10 (max 10)
- age   1:    4325904 bytes,    4325904 total
- age   2:    4156168 bytes,    8482072 total
- age   3:    1093016 bytes,    9575088 total
- age   4:    1974032 bytes,   11549120 total
- age   5:    1939080 bytes,   13488200 total
- age   6:    3834608 bytes,   17322808 total
- age   7:     699696 bytes,   18022504 total
- age   8:    1387504 bytes,   19410008 total
- age   9:    1826672 bytes,   21236680 total
- age  10:     832848 bytes,   22069528 total
: 444867K->21650K(471872K), 0.0966561 secs] 791819K->369689K(2044736K), 0.0969781 secs]
Total time for which application threads were stopped: 0.1003130 seconds
Application time: 83.9095057 seconds
39424.363: [GC 39424.363: [ParNew
Desired survivor size 48306584 bytes, new threshold 10 (max 10)
- age   1:    4381496 bytes,    4381496 total
- age   2:     874296 bytes,    5255792 total
- age   3:    3098744 bytes,    8354536 total
- age   4:    1076864 bytes,    9431400 total
- age   5:    1958848 bytes,   11390248 total
- age   6:    1877208 bytes,   13267456 total
- age   7:    3830240 bytes,   17097696 total
- age   8:     699696 bytes,   17797392 total
- age   9:    1387504 bytes,   19184896 total
- age  10:    1826616 bytes,   21011512 total
: 441106K->20616K(471872K), 0.1005174 secs] 789145K->369468K(2044736K), 0.1012933 secs]
Total time for which application threads were stopped: 0.1050518 seconds
Application time: 21.2119407 seconds
39445.679: [GC 39445.680: [ParNew
Desired survivor size 48306584 bytes, new threshold 10 (max 10)
- age   1:   14101840 bytes,   14101840 total
- age   2:    3625832 bytes,   17727672 total
- age   3:     812176 bytes,   18539848 total
- age   4:    3097632 bytes,   21637480 total
- age   5:     798464 bytes,   22435944 total
- age   6:    1637152 bytes,   24073096 total
- age   7:    1869320 bytes,   25942416 total
- age   8:     768664 bytes,   26711080 total
- age   9:     699696 bytes,   27410776 total
- age  10:    1387504 bytes,   28798280 total
: 440072K->28212K(471872K), 0.1072437 secs] 788924K->378848K(2044736K), 0.1075936 secs]
Total time for which application threads were stopped: 0.1106803 seconds
Application time: 12.9697787 seconds
39458.760: [GC 39458.760: [ParNew
Desired survivor size 48306584 bytes, new threshold 10 (max 10)
- age   1:    5692560 bytes,    5692560 total
- age   2:    4670560 bytes,   10363120 total
- age   3:    1199816 bytes,   11562936 total
- age   4:     812176 bytes,   12375112 total
- age   5:    3097632 bytes,   15472744 total
- age   6:     792288 bytes,   16265032 total
- age   7:    1637152 bytes,   17902184 total
- age   8:    1869320 bytes,   19771504 total
- age   9:     768664 bytes,   20540168 total
- age  10:     699696 bytes,   21239864 total
: 447667K->20835K(471872K), 0.1051354 secs] 798303K->372826K(2044736K), 0.1054849 secs]
Total time for which application threads were stopped: 0.1086395 seconds
Application time: 29.3252083 seconds
39488.682: [GC 39488.682: [ParNew
Desired survivor size 48306584 bytes, new threshold 10 (max 10)
- age   1:    2904056 bytes,    2904056 total
- age   2:    4545592 bytes,    7449648 total
- age   3:    4158848 bytes,   11608496 total
- age   4:    1138360 bytes,   12746856 total
- age   5:     783576 bytes,   13530432 total
- age   6:    3097632 bytes,   16628064 total
- age   7:     673520 bytes,   17301584 total
- age   8:    1637152 bytes,   18938736 total
- age   9:    1804896 bytes,   20743632 total
- age  10:     768664 bytes,   21512296 total
: 440283K->21109K(471872K), 0.1108315 secs] 792274K->373704K(2044736K), 0.1112231 secs]
Total time for which application threads were stopped: 0.6021737 seconds
Application time: 36.6014963 seconds
39525.398: [GC 39525.399: [ParNew
Desired survivor size 48306584 bytes, new threshold 10 (max 10)
- age   1:    5856200 bytes,    5856200 total
- age   2:    1503384 bytes,    7359584 total
- age   3:    4476120 bytes,   11835704 total
- age   4:    1087432 bytes,   12923136 total
- age   5:    1077736 bytes,   14000872 total
- age   6:     782520 bytes,   14783392 total
- age   7:    3090504 bytes,   17873896 total
- age   8:     663032 bytes,   18536928 total
- age   9:    1636664 bytes,   20173592 total
- age  10:    1804896 bytes,   21978488 total
: 440561K->21553K(471872K), 0.1187353 secs] 793157K->374899K(2044736K), 0.1192135 secs]
Total time for which application threads were stopped: 0.1232568 seconds
Application time: 27.0541828 seconds
39552.575: [GC 39552.575: [ParNew
Desired survivor size 48306584 bytes, new threshold 10 (max 10)
- age   1:    7109072 bytes,    7109072 total
- age   2:    3890264 bytes,   10999336 total
- age   3:    1480272 bytes,   12479608 total
- age   4:    4473480 bytes,   16953088 total
- age   5:    1084264 bytes,   18037352 total
- age   6:     995576 bytes,   19032928 total
- age   7:     690776 bytes,   19723704 total
- age   8:    1248512 bytes,   20972216 total
- age   9:     662504 bytes,   21634720 total
- age  10:    1556720 bytes,   23191440 total
: 441009K->22730K(471872K), 0.1014858 secs] 794355K->377838K(2044736K), 0.1018608 secs]
Total time for which application threads were stopped: 0.1048166 seconds
Application time: 175.7859568 seconds
39728.468: [GC 39728.468: [ParNew
Desired survivor size 48306584 bytes, new threshold 10 (max 10)
- age   1:    6386408 bytes,    6386408 total
- age   2:    3624224 bytes,   10010632 total
- age   3:     655536 bytes,   10666168 total
- age   4:    1457656 bytes,   12123824 total
- age   5:    4286496 bytes,   16410320 total
- age   6:    1068808 bytes,   17479128 total
- age   7:     933208 bytes,   18412336 total
- age   8:     590840 bytes,   19003176 total
- age   9:    1248512 bytes,   20251688 total
- age  10:     662504 bytes,   20914192 total
: 442186K->20504K(471872K), 0.1044437 secs] 797294K->377132K(2044736K), 0.1047720 secs]
Total time for which application threads were stopped: 0.1095259 seconds
Application time: 20.8607492 seconds
39749.436: [GC 39749.437: [ParNew
Desired survivor size 48306584 bytes, new threshold 10 (max 10)
- age   1:    6206216 bytes,    6206216 total
- age   2:    5157248 bytes,   11363464 total
- age   3:    3616752 bytes,   14980216 total
- age   4:     634480 bytes,   15614696 total
- age   5:     911024 bytes,   16525720 total
- age   6:    2539384 bytes,   19065104 total
- age   7:    1065272 bytes,   20130376 total
- age   8:     933208 bytes,   21063584 total
- age   9:     590840 bytes,   21654424 total
- age  10:    1248512 bytes,   22902936 total
: 439959K->22459K(471872K), 0.0969878 secs] 796588K->379734K(2044736K), 0.0973641 secs]
Total time for which application threads were stopped: 0.1007051 seconds
Application time: 21.1247246 seconds
39770.662: [GC 39770.662: [ParNew
Desired survivor size 48306584 bytes, new threshold 10 (max 10)
- age   1:   11196312 bytes,   11196312 total
- age   2:    3972528 bytes,   15168840 total
- age   3:    2012768 bytes,   17181608 total
- age   4:    3616752 bytes,   20798360 total
- age   5:     634432 bytes,   21432792 total
- age   6:     905200 bytes,   22337992 total
- age   7:    2536472 bytes,   24874464 total
- age   8:    1065272 bytes,   25939736 total
- age   9:     933208 bytes,   26872944 total
- age  10:     590840 bytes,   27463784 total
: 441914K->26906K(471872K), 0.1084623 secs] 799190K->385401K(2044736K), 0.1088529 secs]
Total time for which application threads were stopped: 0.1120191 seconds
Application time: 21.7685950 seconds
39792.542: [GC 39792.543: [ParNew
Desired survivor size 48306584 bytes, new threshold 10 (max 10)
- age   1:    6172872 bytes,    6172872 total
- age   2:    3983576 bytes,   10156448 total
- age   3:    2777808 bytes,   12934256 total
- age   4:    1839616 bytes,   14773872 total
- age   5:    3616752 bytes,   18390624 total
- age   6:     627120 bytes,   19017744 total
- age   7:     896992 bytes,   19914736 total
- age   8:    2456968 bytes,   22371704 total
- age   9:    1065272 bytes,   23436976 total
- age  10:     933208 bytes,   24370184 total
: 446362K->23895K(471872K), 0.1104754 secs] 804857K->382967K(2044736K), 0.1107729 secs]
Total time for which application threads were stopped: 0.1138925 seconds
Application time: 20.5947301 seconds
39813.251: [GC 39813.252: [ParNew
Desired survivor size 48306584 bytes, new threshold 10 (max 10)
- age   1:    3671640 bytes,    3671640 total
- age   2:    3744704 bytes,    7416344 total
- age   3:    3814960 bytes,   11231304 total
- age   4:    1739184 bytes,   12970488 total
- age   5:    1838992 bytes,   14809480 total
- age   6:    3616752 bytes,   18426232 total
- age   7:     607528 bytes,   19033760 total
- age   8:     896992 bytes,   19930752 total
- age   9:    2456968 bytes,   22387720 total
- age  10:    1065272 bytes,   23452992 total
: 443351K->23003K(471872K), 0.1387801 secs] 802423K->382986K(2044736K), 0.1391713 secs]
Total time for which application threads were stopped: 0.1425735 seconds
Application time: 35.0990277 seconds
39848.493: [GC 39848.493: [ParNew
Desired survivor size 48306584 bytes, new threshold 10 (max 10)
- age   1:    5359800 bytes,    5359800 total
- age   2:    2527920 bytes,    7887720 total
- age   3:    3454904 bytes,   11342624 total
- age   4:     752128 bytes,   12094752 total
- age   5:    1735544 bytes,   13830296 total
- age   6:    1677992 bytes,   15508288 total
- age   7:    3610160 bytes,   19118448 total
- age   8:     605504 bytes,   19723952 total
- age   9:     896728 bytes,   20620680 total
- age  10:    2456968 bytes,   23077648 total
: 442453K->22630K(471872K), 0.1167076 secs] 802436K->383654K(2044736K), 0.1174730 secs]
Total time for which application threads were stopped: 0.1208121 seconds
Application time: 59.3777912 seconds
39907.992: [GC 39907.992: [ParNew
Desired survivor size 48306584 bytes, new threshold 10 (max 10)
- age   1:    2725200 bytes,    2725200 total
- age   2:    4082568 bytes,    6807768 total
- age   3:    2506832 bytes,    9314600 total
- age   4:    3312144 bytes,   12626744 total
- age   5:     671032 bytes,   13297776 total
- age   6:    1621792 bytes,   14919568 total
- age   7:    1667400 bytes,   16586968 total
- age   8:    3610160 bytes,   20197128 total
- age   9:     605464 bytes,   20802592 total
- age  10:     788584 bytes,   21591176 total
: 442079K->21169K(471872K), 0.1131110 secs] 803102K->384592K(2044736K), 0.1134647 secs]
Total time for which application threads were stopped: 0.1169317 seconds
Application time: 40.0476500 seconds
39948.157: [GC 39948.157: [ParNew
Desired survivor size 48306584 bytes, new threshold 10 (max 10)
- age   1:    5111704 bytes,    5111704 total
- age   2:     542440 bytes,    5654144 total
- age   3:    3914904 bytes,    9569048 total
- age   4:    2492240 bytes,   12061288 total
- age   5:    3312144 bytes,   15373432 total
- age   6:     653144 bytes,   16026576 total
- age   7:    1621792 bytes,   17648368 total
- age   8:    1656136 bytes,   19304504 total
- age   9:    3610160 bytes,   22914664 total
- age  10:     605464 bytes,   23520128 total
: 440624K->23048K(471872K), 0.1193720 secs] 804047K->387214K(2044736K), 0.1197682 secs]
Total time for which application threads were stopped: 0.1237313 seconds
Application time: 36.9544216 seconds
39985.234: [GC 39985.234: [ParNew
Desired survivor size 48306584 bytes, new threshold 10 (max 10)
- age   1:    1996816 bytes,    1996816 total
- age   2:     764552 bytes,    2761368 total
- age   3:     426760 bytes,    3188128 total
- age   4:    3897480 bytes,    7085608 total
- age   5:    2477768 bytes,    9563376 total
- age   6:    3301336 bytes,   12864712 total
- age   7:     640144 bytes,   13504856 total
- age   8:    1610024 bytes,   15114880 total
- age   9:    1636672 bytes,   16751552 total
- age  10:    3610160 bytes,   20361712 total
: 442504K->19961K(471872K), 0.0944514 secs] 806670K->384718K(2044736K), 0.0948080 secs]
Total time for which application threads were stopped: 0.0978526 seconds
Application time: 73.5775521 seconds
40058.910: [GC 40058.910: [ParNew
Desired survivor size 48306584 bytes, new threshold 10 (max 10)
- age   1:    5639976 bytes,    5639976 total
- age   2:     569240 bytes,    6209216 total
- age   3:     479352 bytes,    6688568 total
- age   4:     426760 bytes,    7115328 total
- age   5:    3840224 bytes,   10955552 total
- age   6:    2477768 bytes,   13433320 total
- age   7:    3301336 bytes,   16734656 total
- age   8:     637904 bytes,   17372560 total
- age   9:    1607000 bytes,   18979560 total
- age  10:    1611032 bytes,   20590592 total
: 439383K->20186K(471872K), 0.0915904 secs] 804140K->385654K(2044736K), 0.0918806 secs]
Total time for which application threads were stopped: 0.0952545 seconds
Application time: 141.2299403 seconds
40200.235: [GC 40200.235: [ParNew
Desired survivor size 48306584 bytes, new threshold 10 (max 10)
- age   1:    5669104 bytes,    5669104 total
- age   2:    2622408 bytes,    8291512 total
- age   3:     405672 bytes,    8697184 total
- age   4:     474336 bytes,    9171520 total
- age   5:     411200 bytes,    9582720 total
- age   6:    3827664 bytes,   13410384 total
- age   7:    2472416 bytes,   15882800 total
- age   8:    2322992 bytes,   18205792 total
- age   9:     630928 bytes,   18836720 total
- age  10:    1605944 bytes,   20442664 total
: 439613K->20036K(471872K), 0.1125647 secs] 805081K->387075K(2044736K), 0.1128641 secs]
Total time for which application threads were stopped: 0.1161996 seconds
Application time: 14.5003799 seconds
40214.852: [GC 40214.852: [ParNew
Desired survivor size 48306584 bytes, new threshold 10 (max 10)
- age   1:    3739360 bytes,    3739360 total
- age   2:    2069688 bytes,    5809048 total
- age   3:    2622408 bytes,    8431456 total
- age   4:     405672 bytes,    8837128 total
- age   5:     472880 bytes,    9310008 total
- age   6:     408960 bytes,    9718968 total
- age   7:    3769040 bytes,   13488008 total
- age   8:    1332512 bytes,   14820520 total
- age   9:    1951240 bytes,   16771760 total
- age  10:     630928 bytes,   17402688 total
: 439492K->17061K(471872K), 0.0939180 secs] 806531K->385670K(2044736K), 0.0942460 secs]
Total time for which application threads were stopped: 0.0974706 seconds
Application time: 13.1511089 seconds
40228.100: [GC 40228.100: [ParNew
Desired survivor size 48306584 bytes, new threshold 10 (max 10)
- age   1:   10254456 bytes,   10254456 total
- age   2:    1472248 bytes,   11726704 total
- age   3:    1032280 bytes,   12758984 total
- age   4:    2622408 bytes,   15381392 total
- age   5:     405672 bytes,   15787064 total
- age   6:     468512 bytes,   16255576 total
- age   7:     408960 bytes,   16664536 total
- age   8:     762168 bytes,   17426704 total
- age   9:    1332512 bytes,   18759216 total
- age  10:    1943976 bytes,   20703192 total
: 436478K->20301K(471872K), 0.0956287 secs] 805086K->389525K(2044736K), 0.0959323 secs]
Total time for which application threads were stopped: 0.0990325 seconds
Application time: 13.5984839 seconds
40241.799: [GC 40241.799: [ParNew
Desired survivor size 48306584 bytes, new threshold 10 (max 10)
- age   1:    6745752 bytes,    6745752 total
- age   2:    8123272 bytes,   14869024 total
- age   3:     979944 bytes,   15848968 total
- age   4:    1032280 bytes,   16881248 total
- age   5:    2538912 bytes,   19420160 total
- age   6:     344288 bytes,   19764448 total
- age   7:     466128 bytes,   20230576 total
- age   8:     408960 bytes,   20639536 total
- age   9:     762168 bytes,   21401704 total
- age  10:    1332512 bytes,   22734216 total
: 439757K->22272K(471872K), 0.1004664 secs] 808981K->393394K(2044736K), 0.1007823 secs]
Total time for which application threads were stopped: 0.1050861 seconds
Application time: 9.5834616 seconds
40251.489: [GC 40251.489: [ParNew
Desired survivor size 48306584 bytes, new threshold 10 (max 10)
- age   1:    9340544 bytes,    9340544 total
- age   2:    1135336 bytes,   10475880 total
- age   3:    3265680 bytes,   13741560 total
- age   4:     979944 bytes,   14721504 total
- age   5:    1032280 bytes,   15753784 total
- age   6:    2458296 bytes,   18212080 total
- age   7:     344288 bytes,   18556368 total
- age   8:     466128 bytes,   19022496 total
- age   9:     408960 bytes,   19431456 total
- age  10:     762168 bytes,   20193624 total
: 441724K->19795K(471872K), 0.1078387 secs] 812847K->392219K(2044736K), 0.1081374 secs]
Total time for which application threads were stopped: 0.1138088 seconds
Application time: 10.0472019 seconds
40261.648: [GC 40261.648: [ParNew
Desired survivor size 48306584 bytes, new threshold 10 (max 10)
- age   1:    7394152 bytes,    7394152 total
- age   2:    3490456 bytes,   10884608 total
- age   3:     697504 bytes,   11582112 total
- age   4:    2437096 bytes,   14019208 total
- age   5:     775064 bytes,   14794272 total
- age   6:    1032280 bytes,   15826552 total
- age   7:    2458296 bytes,   18284848 total
- age   8:     338992 bytes,   18623840 total
- age   9:     466128 bytes,   19089968 total
- age  10:     408624 bytes,   19498592 total
: 439251K->19120K(471872K), 0.1013666 secs] 811675K->392288K(2044736K), 0.1017081 secs]
Total time for which application threads were stopped: 0.1054706 seconds
Application time: 27.6387905 seconds
40289.392: [GC 40289.392: [ParNew
Desired survivor size 48306584 bytes, new threshold 10 (max 10)
- age   1:    5078656 bytes,    5078656 total
- age   2:    5764080 bytes,   10842736 total
- age   3:    3332712 bytes,   14175448 total
- age   4:     683968 bytes,   14859416 total
- age   5:    2426568 bytes,   17285984 total
- age   6:     758008 bytes,   18043992 total
- age   7:    1018504 bytes,   19062496 total
- age   8:    2381944 bytes,   21444440 total
- age   9:     318440 bytes,   21762880 total
- age  10:     466128 bytes,   22229008 total
: 438566K->21791K(471872K), 0.1073136 secs] 811735K->395358K(2044736K), 0.1080843 secs]
Total time for which application threads were stopped: 0.1115368 seconds
Application time: 46.4380869 seconds
40335.942: [GC 40335.942: [ParNew
Desired survivor size 48306584 bytes, new threshold 10 (max 10)
- age   1:    1793888 bytes,    1793888 total
- age   2:     823424 bytes,    2617312 total
- age   3:    5757296 bytes,    8374608 total
- age   4:    3332712 bytes,   11707320 total
- age   5:     682608 bytes,   12389928 total
- age   6:    2426080 bytes,   14816008 total
- age   7:     758008 bytes,   15574016 total
- age   8:    1017880 bytes,   16591896 total
- age   9:    2258728 bytes,   18850624 total
- age  10:     318440 bytes,   19169064 total
: 441247K->18805K(471872K), 0.1029970 secs] 814814K->392818K(2044736K), 0.1034179 secs]
Total time for which application threads were stopped: 0.1068215 seconds
Application time: 48.2482531 seconds
40384.297: [GC 40384.297: [ParNew
Desired survivor size 48306584 bytes, new threshold 10 (max 10)
- age   1:    5432632 bytes,    5432632 total
- age   2:     485944 bytes,    5918576 total
- age   3:     770056 bytes,    6688632 total
- age   4:    5756752 bytes,   12445384 total
- age   5:    3331952 bytes,   15777336 total
- age   6:     659368 bytes,   16436704 total
- age   7:    2346136 bytes,   18782840 total
- age   8:     758008 bytes,   19540848 total
- age   9:     864680 bytes,   20405528 total
- age  10:     492208 bytes,   20897736 total
: 438261K->20495K(471872K), 0.0923864 secs] 812274K->394819K(2044736K), 0.0927168 secs]
Total time for which application threads were stopped: 0.0961848 seconds
Application time: 122.2328845 seconds
40506.626: [GC 40506.626: [ParNew
Desired survivor size 48306584 bytes, new threshold 10 (max 10)
- age   1:    8045928 bytes,    8045928 total
- age   2:    1358456 bytes,    9404384 total
- age   3:     479968 bytes,    9884352 total
- age   4:     684752 bytes,   10569104 total
- age   5:    5752264 bytes,   16321368 total
- age   6:    3327632 bytes,   19649000 total
- age   7:     655496 bytes,   20304496 total
- age   8:    2343496 bytes,   22647992 total
- age   9:     751824 bytes,   23399816 total
- age  10:     819288 bytes,   24219104 total
: 439932K->23734K(471872K), 0.1006534 secs] 814256K->398539K(2044736K), 0.1010070 secs]
Total time for which application threads were stopped: 0.1041473 seconds
Application time: 58.5074799 seconds
40565.238: [GC 40565.238: [ParNew
Desired survivor size 48306584 bytes, new threshold 10 (max 10)
- age   1:    4071512 bytes,    4071512 total
- age   2:    3143704 bytes,    7215216 total
- age   3:    1337528 bytes,    8552744 total
- age   4:     381896 bytes,    8934640 total
- age   5:     664216 bytes,    9598856 total
- age   6:    4870080 bytes,   14468936 total
- age   7:    1585880 bytes,   16054816 total
- age   8:     651128 bytes,   16705944 total
- age   9:    2340024 bytes,   19045968 total
- age  10:     749584 bytes,   19795552 total
: 443186K->19409K(471872K), 0.1103017 secs] 817991K->395014K(2044736K), 0.1106730 secs]
Total time for which application threads were stopped: 0.1142034 seconds
Application time: 36.9848217 seconds
40602.337: [GC 40602.337: [ParNew
Desired survivor size 48306584 bytes, new threshold 10 (max 10)
- age   1:    2700528 bytes,    2700528 total
- age   2:    3034128 bytes,    5734656 total
- age   3:    3143360 bytes,    8878016 total
- age   4:    1159800 bytes,   10037816 total
- age   5:     326640 bytes,   10364456 total
- age   6:     452272 bytes,   10816728 total
- age   7:    3841456 bytes,   14658184 total
- age   8:    1585600 bytes,   16243784 total
- age   9:     651128 bytes,   16894912 total
- age  10:    2339952 bytes,   19234864 total
: 438864K->18852K(471872K), 0.1079118 secs] 814469K->395189K(2044736K), 0.1083046 secs]
Total time for which application threads were stopped: 0.1118125 seconds
Application time: 59.8058490 seconds
40662.254: [GC 40662.255: [ParNew
Desired survivor size 48306584 bytes, new threshold 10 (max 10)
- age   1:   10158472 bytes,   10158472 total
- age   2:    1477688 bytes,   11636160 total
- age   3:    2952904 bytes,   14589064 total
- age   4:     971280 bytes,   15560344 total
- age   5:    1156856 bytes,   16717200 total
- age   6:     193840 bytes,   16911040 total
- age   7:     452272 bytes,   17363312 total
- age   8:     671128 bytes,   18034440 total
- age   9:    1583656 bytes,   19618096 total
- age  10:     651128 bytes,   20269224 total
: 438308K->19852K(471872K), 0.0986312 secs] 814645K->398474K(2044736K), 0.0989640 secs]
Total time for which application threads were stopped: 0.1022146 seconds
Application time: 56.4672221 seconds
40718.830: [GC 40718.830: [ParNew
Desired survivor size 48306584 bytes, new threshold 10 (max 10)
- age   1:    5972560 bytes,    5972560 total
- age   2:    6371608 bytes,   12344168 total
- age   3:    1346888 bytes,   13691056 total
- age   4:    1612960 bytes,   15304016 total
- age   5:     963800 bytes,   16267816 total
- age   6:    1063872 bytes,   17331688 total
- age   7:     193840 bytes,   17525528 total
- age   8:     451944 bytes,   17977472 total
- age   9:     671128 bytes,   18648600 total
- age  10:    1572616 bytes,   20221216 total
: 439308K->19807K(471872K), 0.0944946 secs] 817930K->399034K(2044736K), 0.0948639 secs]
Total time for which application threads were stopped: 0.1040284 seconds
Application time: 13.4463148 seconds
40732.374: [GC 40732.374: [ParNew
Desired survivor size 48306584 bytes, new threshold 10 (max 10)
- age   1:    3037832 bytes,    3037832 total
- age   2:    2385824 bytes,    5423656 total
- age   3:    6371320 bytes,   11794976 total
- age   4:     844944 bytes,   12639920 total
- age   5:    1013920 bytes,   13653840 total
- age   6:     959912 bytes,   14613752 total
- age   7:    1046672 bytes,   15660424 total
- age   8:     193840 bytes,   15854264 total
- age   9:     451944 bytes,   16306208 total
- age  10:     671128 bytes,   16977336 total
: 439263K->16639K(471872K), 0.0948199 secs] 818490K->397401K(2044736K), 0.0951693 secs]
Total time for which application threads were stopped: 0.0983223 seconds
Application time: 67.8042564 seconds
40800.277: [GC 40800.277: [ParNew
Desired survivor size 48306584 bytes, new threshold 10 (max 10)
- age   1:    6099168 bytes,    6099168 total
- age   2:    2028008 bytes,    8127176 total
- age   3:    1905392 bytes,   10032568 total
- age   4:    3307336 bytes,   13339904 total
- age   5:     839704 bytes,   14179608 total
- age   6:     931184 bytes,   15110792 total
- age   7:     942840 bytes,   16053632 total
- age   8:    1045408 bytes,   17099040 total
- age   9:     193840 bytes,   17292880 total
- age  10:     451944 bytes,   17744824 total
: 436093K->17382K(471872K), 0.0766703 secs] 816856K->398800K(2044736K), 0.0769982 secs]
Total time for which application threads were stopped: 0.0805654 seconds
Application time: 14.4908656 seconds
40814.848: [GC 40814.848: [ParNew
Desired survivor size 48306584 bytes, new threshold 10 (max 10)
- age   1:    4136480 bytes,    4136480 total
- age   2:    4030992 bytes,    8167472 total
- age   3:    1997288 bytes,   10164760 total
- age   4:     545312 bytes,   10710072 total
- age   5:    3199160 bytes,   13909232 total
- age   6:     839704 bytes,   14748936 total
- age   7:     931112 bytes,   15680048 total
- age   8:     859104 bytes,   16539152 total
- age   9:    1045352 bytes,   17584504 total
- age  10:     193840 bytes,   17778344 total
: 436834K->17422K(471872K), 0.0730698 secs] 818252K->399281K(2044736K), 0.0733786 secs]
Total time for which application threads were stopped: 0.0764733 seconds
Application time: 45.6745732 seconds
40860.599: [GC 40860.600: [ParNew
Desired survivor size 48306584 bytes, new threshold 10 (max 10)
- age   1:    8146768 bytes,    8146768 total
- age   2:    2318608 bytes,   10465376 total
- age   3:    3813144 bytes,   14278520 total
- age   4:     960656 bytes,   15239176 total
- age   5:     524480 bytes,   15763656 total
- age   6:    3186384 bytes,   18950040 total
- age   7:     818312 bytes,   19768352 total
- age   8:     908768 bytes,   20677120 total
- age   9:     858744 bytes,   21535864 total
- age  10:    1045352 bytes,   22581216 total
: 436878K->22116K(471872K), 0.0844698 secs] 818737K->404164K(2044736K), 0.0849727 secs]
Total time for which application threads were stopped: 0.0890076 seconds
Application time: 21.7654002 seconds
40882.454: [GC 40882.454: [ParNew
Desired survivor size 48306584 bytes, new threshold 10 (max 10)
- age   1:    6649272 bytes,    6649272 total
- age   2:    1297024 bytes,    7946296 total
- age   3:     970072 bytes,    8916368 total
- age   4:    3813144 bytes,   12729512 total
- age   5:     960656 bytes,   13690168 total
- age   6:     524480 bytes,   14214648 total
- age   7:    3186384 bytes,   17401032 total
- age   8:     818312 bytes,   18219344 total
- age   9:     899984 bytes,   19119328 total
- age  10:     858744 bytes,   19978072 total
: 441572K->19589K(471872K), 0.0939757 secs] 823620K->402658K(2044736K), 0.0944255 secs]
Total time for which application threads were stopped: 0.0979429 seconds
Application time: 25.0185822 seconds
40907.573: [GC 40907.573: [ParNew
Desired survivor size 48306584 bytes, new threshold 10 (max 10)
- age   1:   12561168 bytes,   12561168 total
- age   2:    4869880 bytes,   17431048 total
- age   3:     974968 bytes,   18406016 total
- age   4:     970072 bytes,   19376088 total
- age   5:     750976 bytes,   20127064 total
- age   6:     941464 bytes,   21068528 total
- age   7:     464168 bytes,   21532696 total
- age   8:    3182432 bytes,   24715128 total
- age   9:     813920 bytes,   25529048 total
- age  10:     891560 bytes,   26420608 total
: 439044K->25879K(471872K), 0.0976616 secs] 822114K->409787K(2044736K), 0.0981304 secs]
Total time for which application threads were stopped: 0.1035981 seconds
Application time: 21.1828001 seconds
40928.857: [GC 40928.857: [ParNew
Desired survivor size 48306584 bytes, new threshold 10 (max 10)
- age   1:   10811552 bytes,   10811552 total
- age   2:    1143024 bytes,   11954576 total
- age   3:    4852640 bytes,   16807216 total
- age   4:     974408 bytes,   17781624 total
- age   5:     969944 bytes,   18751568 total
- age   6:     670336 bytes,   19421904 total
- age   7:     941464 bytes,   20363368 total
- age   8:     463216 bytes,   20826584 total
- age   9:    3175152 bytes,   24001736 total
- age  10:     813280 bytes,   24815016 total
: 445308K->24308K(471872K), 0.1129217 secs] 829216K->409086K(2044736K), 0.1133264 secs]
Total time for which application threads were stopped: 0.1167810 seconds
Application time: 18.4005068 seconds
40947.374: [GC 40947.375: [ParNew
Desired survivor size 48306584 bytes, new threshold 10 (max 10)
- age   1:    5253064 bytes,    5253064 total
- age   2:    3687288 bytes,    8940352 total
- age   3:    1079816 bytes,   10020168 total
- age   4:    3491048 bytes,   13511216 total
- age   5:     973784 bytes,   14485000 total
- age   6:     969944 bytes,   15454944 total
- age   7:     670336 bytes,   16125280 total
- age   8:     941464 bytes,   17066744 total
- age   9:     463216 bytes,   17529960 total
- age  10:    3167872 bytes,   20697832 total
: 443764K->20290K(471872K), 0.0999670 secs] 828542K->405863K(2044736K), 0.1004264 secs]
Total time for which application threads were stopped: 0.1037956 seconds
Application time: 6.6473439 seconds
40954.126: [GC 40954.126: [ParNew
Desired survivor size 48306584 bytes, new threshold 10 (max 10)
- age   1:    4203008 bytes,    4203008 total
- age   2:    3314472 bytes,    7517480 total
- age   3:    3602856 bytes,   11120336 total
- age   4:     709352 bytes,   11829688 total
- age   5:    2538368 bytes,   14368056 total
- age   6:     893216 bytes,   15261272 total
- age   7:     969944 bytes,   16231216 total
- age   8:     670336 bytes,   16901552 total
- age   9:     941464 bytes,   17843016 total
- age  10:     463216 bytes,   18306232 total
: 439746K->17966K(471872K), 0.1034335 secs] 825318K->406631K(2044736K), 0.1039057 secs]
Total time for which application threads were stopped: 0.1073876 seconds
Application time: 17.6979540 seconds
40971.931: [GC 40971.931: [ParNew
Desired survivor size 48306584 bytes, new threshold 10 (max 10)
- age   1:   13786528 bytes,   13786528 total
- age   2:    2779056 bytes,   16565584 total
- age   3:    3288896 bytes,   19854480 total
- age   4:     397232 bytes,   20251712 total
- age   5:     708896 bytes,   20960608 total
- age   6:    2537248 bytes,   23497856 total
- age   7:     778304 bytes,   24276160 total
- age   8:     890504 bytes,   25166664 total
- age   9:     496504 bytes,   25663168 total
- age  10:     941464 bytes,   26604632 total
: 437422K->26070K(471872K), 0.0984174 secs] 826087K->415184K(2044736K), 0.0988712 secs]
Total time for which application threads were stopped: 0.1023227 seconds
Application time: 70.5320356 seconds
41042.565: [GC 41042.566: [ParNew
Desired survivor size 48306584 bytes, new threshold 10 (max 10)
- age   1:    1932744 bytes,    1932744 total
- age   2:    6851968 bytes,    8784712 total
- age   3:    2636056 bytes,   11420768 total
- age   4:    3258368 bytes,   14679136 total
- age   5:     378800 bytes,   15057936 total
- age   6:     628512 bytes,   15686448 total
- age   7:    2537064 bytes,   18223512 total
- age   8:     777976 bytes,   19001488 total
- age   9:     890440 bytes,   19891928 total
- age  10:     488344 bytes,   20380272 total
: 445526K->19984K(471872K), 0.0981483 secs] 834640K->410017K(2044736K), 0.0986103 secs]
Total time for which application threads were stopped: 0.1020578 seconds
Application time: 107.8055329 seconds
41150.473: [GC 41150.474: [ParNew
Desired survivor size 48306584 bytes, new threshold 10 (max 10)
- age   1:    3948816 bytes,    3948816 total
- age   2:    1336792 bytes,    5285608 total
- age   3:    6835600 bytes,   12121208 total
- age   4:    2612568 bytes,   14733776 total
- age   5:    2265880 bytes,   16999656 total
- age   6:     358608 bytes,   17358264 total
- age   7:     609512 bytes,   17967776 total
- age   8:    2523856 bytes,   20491632 total
- age   9:     748224 bytes,   21239856 total
- age  10:     882384 bytes,   22122240 total
: 439436K->21686K(471872K), 0.1108495 secs] 829469K->412175K(2044736K), 0.1113059 secs]
Total time for which application threads were stopped: 0.1152281 seconds
Application time: 8.6726984 seconds
41159.262: [GC 41159.262: [ParNew
Desired survivor size 48306584 bytes, new threshold 10 (max 10)
- age   1:    3859640 bytes,    3859640 total
- age   2:    2219480 bytes,    6079120 total
- age   3:     695800 bytes,    6774920 total
- age   4:    6720440 bytes,   13495360 total
- age   5:    1190792 bytes,   14686152 total
- age   6:    1831488 bytes,   16517640 total
- age   7:     357984 bytes,   16875624 total
- age   8:     609512 bytes,   17485136 total
- age   9:    2523856 bytes,   20008992 total
- age  10:     746768 bytes,   20755760 total
: 441142K->20360K(471872K), 0.1131310 secs] 831631K->411710K(2044736K), 0.1137391 secs]
Total time for which application threads were stopped: 0.1181929 seconds
Application time: 7.9090387 seconds
41167.288: [GC 41167.289: [ParNew
Desired survivor size 48306584 bytes, new threshold 10 (max 10)
- age   1:    3949912 bytes,    3949912 total
- age   2:    2188160 bytes,    6138072 total
- age   3:    1177328 bytes,    7315400 total
- age   4:     695800 bytes,    8011200 total
- age   5:    6720440 bytes,   14731640 total
- age   6:    1190792 bytes,   15922432 total
- age   7:    1831488 bytes,   17753920 total
- age   8:     357984 bytes,   18111904 total
- age   9:     609512 bytes,   18721416 total
- age  10:    2523856 bytes,   21245272 total
: 439816K->20836K(471872K), 0.1192198 secs] 831166K->412914K(2044736K), 0.1196576 secs]
Total time for which application threads were stopped: 0.1236250 seconds
Application time: 23.3757904 seconds
41190.788: [GC 41190.788: [ParNew
Desired survivor size 48306584 bytes, new threshold 10 (max 10)
- age   1:    3774512 bytes,    3774512 total
- age   2:    2432824 bytes,    6207336 total
- age   3:    1004104 bytes,    7211440 total
- age   4:    1173792 bytes,    8385232 total
- age   5:     695672 bytes,    9080904 total
- age   6:    6546608 bytes,   15627512 total
- age   7:    1190792 bytes,   16818304 total
- age   8:    1831488 bytes,   18649792 total
- age   9:     357984 bytes,   19007776 total
- age  10:     609512 bytes,   19617288 total
: 440290K->19233K(471872K), 0.1088350 secs] 832369K->413772K(2044736K), 0.1091642 secs]
Total time for which application threads were stopped: 0.1128593 seconds
Application time: 46.3172237 seconds
41237.218: [GC 41237.218: [ParNew
Desired survivor size 48306584 bytes, new threshold 10 (max 10)
- age   1:    5353016 bytes,    5353016 total
- age   2:    2088488 bytes,    7441504 total
- age   3:    2354456 bytes,    9795960 total
- age   4:     906224 bytes,   10702184 total
- age   5:    1172968 bytes,   11875152 total
- age   6:     582144 bytes,   12457296 total
- age   7:    3431256 bytes,   15888552 total
- age   8:    1190680 bytes,   17079232 total
- age   9:    1827792 bytes,   18907024 total
- age  10:     346032 bytes,   19253056 total
: 438689K->18873K(471872K), 0.0963833 secs] 833228K->413993K(2044736K), 0.0967589 secs]
Total time for which application threads were stopped: 0.1005868 seconds
Application time: 89.8215972 seconds
41327.141: [GC 41327.141: [ParNew
Desired survivor size 48306584 bytes, new threshold 10 (max 10)
- age   1:    4654744 bytes,    4654744 total
- age   2:    3893360 bytes,    8548104 total
- age   3:    2000488 bytes,   10548592 total
- age   4:    2354456 bytes,   12903048 total
- age   5:     906224 bytes,   13809272 total
- age   6:    1145112 bytes,   14954384 total
- age   7:     472096 bytes,   15426480 total
- age   8:     901008 bytes,   16327488 total
- age   9:    1189088 bytes,   17516576 total
- age  10:    1827008 bytes,   19343584 total
: 438329K->18968K(471872K), 0.0892533 secs] 833449K->414425K(2044736K), 0.0896016 secs]
Total time for which application threads were stopped: 0.0934153 seconds
Application time: 82.2133318 seconds
41409.447: [GC 41409.447: [ParNew
Desired survivor size 48306584 bytes, new threshold 10 (max 10)
- age   1:    8954192 bytes,    8954192 total
- age   2:    1204928 bytes,   10159120 total
- age   3:    3892808 bytes,   14051928 total
- age   4:    2000160 bytes,   16052088 total
- age   5:    1380832 bytes,   17432920 total
- age   6:     727896 bytes,   18160816 total
- age   7:    1061464 bytes,   19222280 total
- age   8:     466504 bytes,   19688784 total
- age   9:     900736 bytes,   20589520 total
- age  10:    1188048 bytes,   21777568 total
: 438373K->21337K(471872K), 0.0986407 secs] 833831K->418579K(2044736K), 0.0989913 secs]
Total time for which application threads were stopped: 0.1025602 seconds
Application time: 10.6538177 seconds
41420.203: [GC 41420.204: [ParNew
Desired survivor size 48306584 bytes, new threshold 10 (max 10)
- age   1:    8664736 bytes,    8664736 total
- age   2:    4155104 bytes,   12819840 total
- age   3:     758472 bytes,   13578312 total
- age   4:     808992 bytes,   14387304 total
- age   5:     624280 bytes,   15011584 total
- age   6:     996144 bytes,   16007728 total
- age   7:     713392 bytes,   16721120 total
- age   8:    1044384 bytes,   17765504 total
- age   9:     466448 bytes,   18231952 total
- age  10:     900736 bytes,   19132688 total
: 440704K->18744K(471872K), 0.0771648 secs] 837945K->417146K(2044736K), 0.0774684 secs]
Total time for which application threads were stopped: 0.0807928 seconds
Application time: 55.7413085 seconds
41476.026: [GC 41476.026: [ParNew
Desired survivor size 48306584 bytes, new threshold 10 (max 10)
- age   1:   11339992 bytes,   11339992 total
- age   2:    5462992 bytes,   16802984 total
- age   3:    2127280 bytes,   18930264 total
- age   4:     756360 bytes,   19686624 total
- age   5:     806424 bytes,   20493048 total
- age   6:     613280 bytes,   21106328 total
- age   7:     994824 bytes,   22101152 total
- age   8:     704736 bytes,   22805888 total
- age   9:    1030512 bytes,   23836400 total
- age  10:     463808 bytes,   24300208 total
: 438153K->23791K(471872K), 0.0900571 secs] 836555K->423073K(2044736K), 0.0903932 secs]
Total time for which application threads were stopped: 0.0939587 seconds
Application time: 41.9367485 seconds
41518.056: [GC 41518.056: [ParNew
Desired survivor size 48306584 bytes, new threshold 10 (max 10)
- age   1:   12941416 bytes,   12941416 total
- age   2:    5109112 bytes,   18050528 total
- age   3:    2369624 bytes,   20420152 total
- age   4:    2126824 bytes,   22546976 total
- age   5:     635288 bytes,   23182264 total
- age   6:     800320 bytes,   23982584 total
- age   7:     607232 bytes,   24589816 total
- age   8:     994824 bytes,   25584640 total
- age   9:     704232 bytes,   26288872 total
- age  10:    1019496 bytes,   27308368 total
: 443247K->26736K(471872K), 0.0770184 secs] 842529K->426384K(2044736K), 0.0772983 secs]
Total time for which application threads were stopped: 0.0805278 seconds
Application time: 42.7510497 seconds
41560.888: [GC 41560.888: [ParNew
Desired survivor size 48306584 bytes, new threshold 10 (max 10)
- age   1:    4697776 bytes,    4697776 total
- age   2:    4093528 bytes,    8791304 total
- age   3:     888344 bytes,    9679648 total
- age   4:    2369624 bytes,   12049272 total
- age   5:    2126824 bytes,   14176096 total
- age   6:     624488 bytes,   14800584 total
- age   7:     687744 bytes,   15488328 total
- age   8:     606880 bytes,   16095208 total
- age   9:     932488 bytes,   17027696 total
- age  10:     704232 bytes,   17731928 total
: 446189K->17371K(471872K), 0.0712045 secs] 845838K->417944K(2044736K), 0.0715022 secs]
Total time for which application threads were stopped: 0.0748838 seconds
Application time: 59.0206298 seconds
41619.984: [GC 41619.984: [ParNew
Desired survivor size 48306584 bytes, new threshold 10 (max 10)
- age   1:    8950896 bytes,    8950896 total
- age   2:    1045240 bytes,    9996136 total
- age   3:    3738688 bytes,   13734824 total
- age   4:     807304 bytes,   14542128 total
- age   5:    2354864 bytes,   16896992 total
- age   6:    1099672 bytes,   17996664 total
- age   7:     581264 bytes,   18577928 total
- age   8:     687744 bytes,   19265672 total
- age   9:     606880 bytes,   19872552 total
- age  10:     915320 bytes,   20787872 total
: 436766K->20370K(471872K), 0.0852305 secs] 837339K->421552K(2044736K), 0.0856445 secs]
Total time for which application threads were stopped: 0.0893197 seconds
Application time: 39.6509227 seconds
41659.724: [GC 41659.724: [ParNew
Desired survivor size 48306584 bytes, new threshold 10 (max 10)
- age   1:    7732712 bytes,    7732712 total
- age   2:    3176624 bytes,   10909336 total
- age   3:    1043328 bytes,   11952664 total
- age   4:    3736352 bytes,   15689016 total
- age   5:     781960 bytes,   16470976 total
- age   6:     848088 bytes,   17319064 total
- age   7:    1089624 bytes,   18408688 total
- age   8:     579680 bytes,   18988368 total
- age   9:     686688 bytes,   19675056 total
- age  10:     606088 bytes,   20281144 total
: 439826K->19874K(471872K), 0.0908724 secs] 841008K->421950K(2044736K), 0.0912572 secs]
Total time for which application threads were stopped: 0.0950544 seconds
Application time: 98.6773408 seconds
41758.496: [GC 41758.496: [ParNew
Desired survivor size 48306584 bytes, new threshold 10 (max 10)
- age   1:   21650616 bytes,   21650616 total
- age   2:    3131824 bytes,   24782440 total
- age   3:    3084128 bytes,   27866568 total
- age   4:    1029048 bytes,   28895616 total
- age   5:    3719816 bytes,   32615432 total
- age   6:     749896 bytes,   33365328 total
- age   7:     831568 bytes,   34196896 total
- age   8:    1010000 bytes,   35206896 total
- age   9:     579176 bytes,   35786072 total
- age  10:     686688 bytes,   36472760 total
: 439014K->35682K(471872K), 0.1015458 secs] 841090K->438350K(2044736K), 0.1023183 secs]
Total time for which application threads were stopped: 0.1055560 seconds
Application time: 109.1366406 seconds
41867.738: [GC 41867.739: [ParNew
Desired survivor size 48306584 bytes, new threshold 10 (max 10)
- age   1:    4600096 bytes,    4600096 total
- age   2:    3373720 bytes,    7973816 total
- age   3:    3131824 bytes,   11105640 total
- age   4:    2976160 bytes,   14081800 total
- age   5:     900832 bytes,   14982632 total
- age   6:    3693368 bytes,   18676000 total
- age   7:     743032 bytes,   19419032 total
- age   8:     831568 bytes,   20250600 total
- age   9:    1010000 bytes,   21260600 total
- age  10:     578496 bytes,   21839096 total
: 455125K->21390K(471872K), 0.0916480 secs] 857793K->424728K(2044736K), 0.0919712 secs]
Total time for which application threads were stopped: 0.0953089 seconds
Application time: 30.8506499 seconds
41898.685: [GC 41898.685: [ParNew
Desired survivor size 48306584 bytes, new threshold 10 (max 10)
- age   1:    6595392 bytes,    6595392 total
- age   2:     707648 bytes,    7303040 total
- age   3:    3352264 bytes,   10655304 total
- age   4:    3117016 bytes,   13772320 total
- age   5:    1934192 bytes,   15706512 total
- age   6:     900760 bytes,   16607272 total
- age   7:    3693368 bytes,   20300640 total
- age   8:     743032 bytes,   21043672 total
- age   9:     831568 bytes,   21875240 total
- age  10:    1010000 bytes,   22885240 total
: 440812K->22424K(471872K), 0.0988973 secs] 844150K->426327K(2044736K), 0.0992280 secs]
Total time for which application threads were stopped: 0.1026419 seconds
Application time: 12.0861609 seconds
41910.874: [GC 41910.874: [ParNew
Desired survivor size 48306584 bytes, new threshold 10 (max 10)
- age   1:    8043416 bytes,    8043416 total
- age   2:    3128328 bytes,   11171744 total
- age   3:     627160 bytes,   11798904 total
- age   4:    3087720 bytes,   14886624 total
- age   5:    1683368 bytes,   16569992 total
- age   6:    1930280 bytes,   18500272 total
- age   7:     900760 bytes,   19401032 total
- age   8:    3692720 bytes,   23093752 total
- age   9:     742632 bytes,   23836384 total
- age  10:     831568 bytes,   24667952 total
: 441880K->24176K(471872K), 0.1011544 secs] 845783K->429066K(2044736K), 0.1014863 secs]
Total time for which application threads were stopped: 0.1051918 seconds
Application time: 92.7992640 seconds
42003.778: [GC 42003.778: [ParNew
Desired survivor size 48306584 bytes, new threshold 10 (max 10)
- age   1:    4595384 bytes,    4595384 total
- age   2:    3831168 bytes,    8426552 total
- age   3:    3034112 bytes,   11460664 total
- age   4:     609320 bytes,   12069984 total
- age   5:     957008 bytes,   13026992 total
- age   6:    1663776 bytes,   14690768 total
- age   7:    1926800 bytes,   16617568 total
- age   8:     900496 bytes,   17518064 total
- age   9:    3691400 bytes,   21209464 total
- age  10:     741576 bytes,   21951040 total
: 443630K->21515K(471872K), 0.0977120 secs] 848520K->427215K(2044736K), 0.0980538 secs]
Total time for which application threads were stopped: 0.1013637 seconds
Application time: 14.1776563 seconds
42018.057: [GC 42018.057: [ParNew
Desired survivor size 48306584 bytes, new threshold 10 (max 10)
- age   1:    4931960 bytes,    4931960 total
- age   2:    3429336 bytes,    8361296 total
- age   3:    2876096 bytes,   11237392 total
- age   4:    1992200 bytes,   13229592 total
- age   5:     592096 bytes,   13821688 total
- age   6:     956720 bytes,   14778408 total
- age   7:    1663776 bytes,   16442184 total
- age   8:    1926136 bytes,   18368320 total
- age   9:     900000 bytes,   19268320 total
- age  10:    3611256 bytes,   22879576 total
: 440971K->22421K(471872K), 0.0991129 secs] 846671K->428831K(2044736K), 0.0994289 secs]
Total time for which application threads were stopped: 0.1031040 seconds
Application time: 37.2935991 seconds
42055.454: [GC 42055.454: [ParNew
Desired survivor size 48306584 bytes, new threshold 10 (max 10)
- age   1:    6176960 bytes,    6176960 total
- age   2:    2750288 bytes,    8927248 total
- age   3:    3428904 bytes,   12356152 total
- age   4:    1595192 bytes,   13951344 total
- age   5:    1992200 bytes,   15943544 total
- age   6:     591472 bytes,   16535016 total
- age   7:     944368 bytes,   17479384 total
- age   8:    1663776 bytes,   19143160 total
- age   9:    1926136 bytes,   21069296 total
- age  10:     900000 bytes,   21969296 total
: 441877K->21542K(471872K), 0.1108811 secs] 848287K->428432K(2044736K), 0.1112091 secs]
Total time for which application threads were stopped: 0.1146811 seconds
Application time: 55.7395021 seconds
42111.309: [GC 42111.309: [ParNew
Desired survivor size 48306584 bytes, new threshold 10 (max 10)
- age   1:    7913872 bytes,    7913872 total
- age   2:    4975544 bytes,   12889416 total
- age   3:    2729584 bytes,   15619000 total
- age   4:     821264 bytes,   16440264 total
- age   5:    1595192 bytes,   18035456 total
- age   6:    1991576 bytes,   20027032 total
- age   7:     573472 bytes,   20600504 total
- age   8:     876584 bytes,   21477088 total
- age   9:    1663776 bytes,   23140864 total
- age  10:    1926136 bytes,   25067000 total
: 440990K->24562K(471872K), 0.1023931 secs] 847880K->432032K(2044736K), 0.1027061 secs]
Total time for which application threads were stopped: 0.1064859 seconds
Application time: 48.9172949 seconds
42160.332: [GC 42160.332: [ParNew
Desired survivor size 48306584 bytes, new threshold 10 (max 10)
- age   1:    4757744 bytes,    4757744 total
- age   2:    4844312 bytes,    9602056 total
- age   3:    3950400 bytes,   13552456 total
- age   4:    1078296 bytes,   14630752 total
- age   5:     820576 bytes,   15451328 total
- age   6:    1595192 bytes,   17046520 total
- age   7:    1991072 bytes,   19037592 total
- age   8:     557984 bytes,   19595576 total
- age   9:     876584 bytes,   20472160 total
- age  10:    1663288 bytes,   22135448 total
: 444018K->21702K(471872K), 0.1118542 secs] 851488K->430976K(2044736K), 0.1121811 secs]
Total time for which application threads were stopped: 0.1154242 seconds
Application time: 18.2465423 seconds
42178.694: [GC 42178.694: [ParNew
Desired survivor size 48306584 bytes, new threshold 10 (max 10)
- age   1:    8627976 bytes,    8627976 total
- age   2:    3202328 bytes,   11830304 total
- age   3:    4844184 bytes,   16674488 total
- age   4:    3933096 bytes,   20607584 total
- age   5:     773776 bytes,   21381360 total
- age   6:     820576 bytes,   22201936 total
- age   7:    1595192 bytes,   23797128 total
- age   8:    1981424 bytes,   25778552 total
- age   9:     557200 bytes,   26335752 total
- age  10:     876584 bytes,   27212336 total
: 441106K->26661K(471872K), 0.1179164 secs] 850380K->437559K(2044736K), 0.1182557 secs]
Total time for which application threads were stopped: 0.1214287 seconds
Application time: 32.0780233 seconds
42210.893: [GC 42210.894: [ParNew
Desired survivor size 48306584 bytes, new threshold 10 (max 10)
- age   1:    4770912 bytes,    4770912 total
- age   2:    3090824 bytes,    7861736 total
- age   3:    1092976 bytes,    8954712 total
- age   4:    4844184 bytes,   13798896 total
- age   5:    3933096 bytes,   17731992 total
- age   6:     773776 bytes,   18505768 total
- age   7:     820576 bytes,   19326344 total
- age   8:    1594408 bytes,   20920752 total
- age   9:    1979968 bytes,   22900720 total
- age  10:     557200 bytes,   23457920 total
: 446100K->23002K(471872K), 0.1067603 secs] 856998K->434755K(2044736K), 0.1071634 secs]
Total time for which application threads were stopped: 0.1104668 seconds
Application time: 47.9575451 seconds
42258.961: [GC 42258.961: [ParNew
Desired survivor size 48306584 bytes, new threshold 10 (max 10)
- age   1:    3060592 bytes,    3060592 total
- age   2:    3260344 bytes,    6320936 total
- age   3:    3070016 bytes,    9390952 total
- age   4:     923168 bytes,   10314120 total
- age   5:    4425680 bytes,   14739800 total
- age   6:    3867368 bytes,   18607168 total
- age   7:     750800 bytes,   19357968 total
- age   8:     809456 bytes,   20167424 total
- age   9:    1593616 bytes,   21761040 total
- age  10:    1979968 bytes,   23741008 total
: 442458K->23279K(471872K), 0.0968428 secs] 854211K->435576K(2044736K), 0.0976461 secs]
Total time for which application threads were stopped: 0.1007276 seconds
Application time: 124.4530250 seconds
42383.515: [GC 42383.516: [ParNew
Desired survivor size 48306584 bytes, new threshold 10 (max 10)
- age   1:    3674896 bytes,    3674896 total
- age   2:    1557952 bytes,    5232848 total
- age   3:    3229488 bytes,    8462336 total
- age   4:    2943208 bytes,   11405544 total
- age   5:     911120 bytes,   12316664 total
- age   6:    4108856 bytes,   16425520 total
- age   7:    3838944 bytes,   20264464 total
- age   8:     732864 bytes,   20997328 total
- age   9:     797360 bytes,   21794688 total
- age  10:    1593288 bytes,   23387976 total
: 442735K->22925K(471872K), 0.1009602 secs] 855032K->437155K(2044736K), 0.1012883 secs]
Total time for which application threads were stopped: 0.1047212 seconds
Application time: 77.8272255 seconds
42461.447: [GC 42461.448: [ParNew
Desired survivor size 48306584 bytes, new threshold 10 (max 10)
- age   1:   10480472 bytes,   10480472 total
- age   2:    1601584 bytes,   12082056 total
- age   3:    1557600 bytes,   13639656 total
- age   4:    2836776 bytes,   16476432 total
- age   5:    1975648 bytes,   18452080 total
- age   6:     899704 bytes,   19351784 total
- age   7:     919152 bytes,   20270936 total
- age   8:     774800 bytes,   21045736 total
- age   9:     732864 bytes,   21778600 total
- age  10:     797360 bytes,   22575960 total
: 442381K->22130K(471872K), 0.1018918 secs] 856611K->437916K(2044736K), 0.1022232 secs]
Total time for which application threads were stopped: 0.1056693 seconds
Application time: 35.5722485 seconds
42497.125: [GC 42497.125: [ParNew
Desired survivor size 48306584 bytes, new threshold 10 (max 10)
- age   1:    8973288 bytes,    8973288 total
- age   2:    6051360 bytes,   15024648 total
- age   3:    1368048 bytes,   16392696 total
- age   4:    1358168 bytes,   17750864 total
- age   5:    1730832 bytes,   19481696 total
- age   6:    1974720 bytes,   21456416 total
- age   7:     899704 bytes,   22356120 total
- age   8:     919152 bytes,   23275272 total
- age   9:     774736 bytes,   24050008 total
- age  10:     732864 bytes,   24782872 total
: 441544K->24289K(471872K), 0.0907040 secs] 857330K->440854K(2044736K), 0.0910213 secs]
Total time for which application threads were stopped: 0.0943247 seconds
Application time: 122.3766060 seconds
42619.596: [GC 42619.596: [ParNew
Desired survivor size 48306584 bytes, new threshold 10 (max 10)
- age   1:   13926744 bytes,   13926744 total
- age   2:    4133024 bytes,   18059768 total
- age   3:    2487384 bytes,   20547152 total
- age   4:    1289984 bytes,   21837136 total
- age   5:    1344800 bytes,   23181936 total
- age   6:    1729120 bytes,   24911056 total
- age   7:    1974720 bytes,   26885776 total
- age   8:     899328 bytes,   27785104 total
- age   9:     918840 bytes,   28703944 total
- age  10:     772768 bytes,   29476712 total
: 443470K->28869K(471872K), 0.0998259 secs] 860034K->446095K(2044736K), 0.1001425 secs]
Total time for which application threads were stopped: 0.1035764 seconds
Application time: 20.0474508 seconds
42639.748: [GC 42639.748: [ParNew
Desired survivor size 48306584 bytes, new threshold 10 (max 10)
- age   1:    6576504 bytes,    6576504 total
- age   2:    3740176 bytes,   10316680 total
- age   3:    4133024 bytes,   14449704 total
- age   4:    1141976 bytes,   15591680 total
- age   5:    1283720 bytes,   16875400 total
- age   6:    1344800 bytes,   18220200 total
- age   7:    1728432 bytes,   19948632 total
- age   8:    1967456 bytes,   21916088 total
- age   9:     899328 bytes,   22815416 total
- age  10:     918904 bytes,   23734320 total
: 448313K->23279K(471872K), 0.1132118 secs] 865539K->441259K(2044736K), 0.1136055 secs]
Total time for which application threads were stopped: 0.1179789 seconds
Application time: 7.7392456 seconds
42647.604: [GC 42647.605: [ParNew
Desired survivor size 48306584 bytes, new threshold 10 (max 10)
- age   1:    4535112 bytes,    4535112 total
- age   2:    3214624 bytes,    7749736 total
- age   3:    3542528 bytes,   11292264 total
- age   4:    2867760 bytes,   14160024 total
- age   5:    1141352 bytes,   15301376 total
- age   6:    1282936 bytes,   16584312 total
- age   7:    1264576 bytes,   17848888 total
- age   8:    1728432 bytes,   19577320 total
- age   9:    1967456 bytes,   21544776 total
- age  10:     899328 bytes,   22444104 total
: 442735K->22023K(471872K), 0.1183204 secs] 860715K->440902K(2044736K), 0.1186121 secs]
Total time for which application threads were stopped: 0.1218112 seconds
Application time: 14.4023900 seconds
42662.129: [GC 42662.129: [ParNew
Desired survivor size 48306584 bytes, new threshold 10 (max 10)
- age   1:    3034240 bytes,    3034240 total
- age   2:    2179288 bytes,    5213528 total
- age   3:    3196648 bytes,    8410176 total
- age   4:    3532160 bytes,   11942336 total
- age   5:    2852688 bytes,   14795024 total
- age   6:    1133792 bytes,   15928816 total
- age   7:    1221144 bytes,   17149960 total
- age   8:    1136064 bytes,   18286024 total
- age   9:    1728432 bytes,   20014456 total
- age  10:    1967456 bytes,   21981912 total
: 441473K->21566K(471872K), 0.1128716 secs] 860351K->441322K(2044736K), 0.1132066 secs]
Total time for which application threads were stopped: 0.1167490 seconds
Application time: 62.1509097 seconds
42724.396: [GC 42724.397: [ParNew
Desired survivor size 48306584 bytes, new threshold 10 (max 10)
- age   1:    1810368 bytes,    1810368 total
- age   2:    2630888 bytes,    4441256 total
- age   3:    2113336 bytes,    6554592 total
- age   4:    3196056 bytes,    9750648 total
- age   5:    3527888 bytes,   13278536 total
- age   6:    2852136 bytes,   16130672 total
- age   7:    1119976 bytes,   17250648 total
- age   8:    1209208 bytes,   18459856 total
- age   9:     959200 bytes,   19419056 total
- age  10:    1728432 bytes,   21147488 total
: 441022K->20740K(471872K), 0.1037176 secs] 860778K->442417K(2044736K), 0.1040028 secs]
Total time for which application threads were stopped: 0.1071862 seconds
Application time: 46.7548807 seconds
42771.259: [GC 42771.259: [ParNew
Desired survivor size 48306584 bytes, new threshold 10 (max 10)
- age   1:    5176512 bytes,    5176512 total
- age   2:    1014888 bytes,    6191400 total
- age   3:    1752840 bytes,    7944240 total
- age   4:    1315432 bytes,    9259672 total
- age   5:    2228240 bytes,   11487912 total
- age   6:    3527264 bytes,   15015176 total
- age   7:    2846312 bytes,   17861488 total
- age   8:    1109528 bytes,   18971016 total
- age   9:    1209208 bytes,   20180224 total
- age  10:     959200 bytes,   21139424 total
: 440183K->20730K(471872K), 0.1010949 secs] 861860K->444095K(2044736K), 0.1014119 secs]
Total time for which application threads were stopped: 0.1046530 seconds
Application time: 22.7715947 seconds
42794.135: [GC 42794.135: [ParNew
Desired survivor size 48306584 bytes, new threshold 10 (max 10)
- age   1:   11105504 bytes,   11105504 total
- age   2:    3223728 bytes,   14329232 total
- age   3:    1014888 bytes,   15344120 total
- age   4:    1153232 bytes,   16497352 total
- age   5:    1315432 bytes,   17812784 total
- age   6:    2227552 bytes,   20040336 total
- age   7:     465656 bytes,   20505992 total
- age   8:    2841944 bytes,   23347936 total
- age   9:    1109528 bytes,   24457464 total
- age  10:    1209208 bytes,   25666672 total
: 440021K->25144K(471872K), 0.0938100 secs] 863386K->449446K(2044736K), 0.0941272 secs]
Total time for which application threads were stopped: 0.0973596 seconds
Application time: 29.7178120 seconds
42823.950: [GC 42823.950: [ParNew
Desired survivor size 48306584 bytes, new threshold 10 (max 10)
- age   1:    8838272 bytes,    8838272 total
- age   2:    1664136 bytes,   10502408 total
- age   3:    2722672 bytes,   13225080 total
- age   4:     709688 bytes,   13934768 total
- age   5:    1152568 bytes,   15087336 total
- age   6:    1235928 bytes,   16323264 total
- age   7:    2182760 bytes,   18506024 total
- age   8:     368112 bytes,   18874136 total
- age   9:    2841944 bytes,   21716080 total
- age  10:    1109528 bytes,   22825608 total
: 444549K->22373K(471872K), 0.0906822 secs] 868851K->447856K(2044736K), 0.0915133 secs]
Total time for which application threads were stopped: 0.0947555 seconds
Application time: 31.1003297 seconds
42855.145: [GC 42855.146: [ParNew
Desired survivor size 48306584 bytes, new threshold 10 (max 10)
- age   1:   14682560 bytes,   14682560 total
- age   2:    3908152 bytes,   18590712 total
- age   3:    1661696 bytes,   20252408 total
- age   4:    2722672 bytes,   22975080 total
- age   5:     592704 bytes,   23567784 total
- age   6:    1152568 bytes,   24720352 total
- age   7:    1235928 bytes,   25956280 total
- age   8:    2182760 bytes,   28139040 total
- age   9:     358816 bytes,   28497856 total
- age  10:    2840808 bytes,   31338664 total
: 441826K->30682K(471872K), 0.0985929 secs] 867309K->457248K(2044736K), 0.0989350 secs]
Total time for which application threads were stopped: 0.1024481 seconds
Application time: 55.5852619 seconds
42910.833: [GC 42910.833: [ParNew
Desired survivor size 48306584 bytes, new threshold 10 (max 10)
- age   1:    1809552 bytes,    1809552 total
- age   2:     272440 bytes,    2081992 total
- age   3:    3598816 bytes,    5680808 total
- age   4:    1658264 bytes,    7339072 total
- age   5:    2539144 bytes,    9878216 total
- age   6:     590064 bytes,   10468280 total
- age   7:    1149272 bytes,   11617552 total
- age   8:    1231704 bytes,   12849256 total
- age   9:    2179232 bytes,   15028488 total
- age  10:     270480 bytes,   15298968 total
: 450135K->15006K(471872K), 0.0869164 secs] 876701K->444347K(2044736K), 0.0872745 secs]
Total time for which application threads were stopped: 0.0908614 seconds
Application time: 15.4772892 seconds
42926.401: [GC 42926.401: [ParNew
Desired survivor size 48306584 bytes, new threshold 10 (max 10)
- age   1:    5597072 bytes,    5597072 total
- age   2:     775544 bytes,    6372616 total
- age   3:     269664 bytes,    6642280 total
- age   4:    3589008 bytes,   10231288 total
- age   5:    1657576 bytes,   11888864 total
- age   6:    1193768 bytes,   13082632 total
- age   7:     590064 bytes,   13672696 total
- age   8:    1148944 bytes,   14821640 total
- age   9:    1231704 bytes,   16053344 total
- age  10:    2168968 bytes,   18222312 total
: 434459K->17877K(471872K), 0.0879082 secs] 863800K->447421K(2044736K), 0.0882359 secs]
Total time for which application threads were stopped: 0.0915721 seconds
Application time: 49.6017235 seconds
42976.095: [GC 42976.095: [ParNew
Desired survivor size 48306584 bytes, new threshold 10 (max 10)
- age   1:   10470920 bytes,   10470920 total
- age   2:    4670424 bytes,   15141344 total
- age   3:     766192 bytes,   15907536 total
- age   4:     254264 bytes,   16161800 total
- age   5:     513152 bytes,   16674952 total
- age   6:    1066512 bytes,   17741464 total
- age   7:     605128 bytes,   18346592 total
- age   8:     573544 bytes,   18920136 total
- age   9:    1141912 bytes,   20062048 total
- age  10:    1228792 bytes,   21290840 total
: 437329K->20866K(471872K), 0.1240184 secs] 866872K->452526K(2044736K), 0.1243961 secs]
Total time for which application threads were stopped: 0.1283848 seconds
Application time: 96.1270807 seconds
43072.350: [GC 43072.350: [ParNew
Desired survivor size 48306584 bytes, new threshold 10 (max 10)
- age   1:    6916800 bytes,    6916800 total
- age   2:    7112688 bytes,   14029488 total
- age   3:    4105648 bytes,   18135136 total
- age   4:     765568 bytes,   18900704 total
- age   5:     253776 bytes,   19154480 total
- age   6:     377000 bytes,   19531480 total
- age   7:    1066512 bytes,   20597992 total
- age   8:     591144 bytes,   21189136 total
- age   9:     555408 bytes,   21744544 total
- age  10:    1141912 bytes,   22886456 total
: 440321K->22418K(471872K), 0.0933979 secs] 871980K->455278K(2044736K), 0.0937064 secs]
Total time for which application threads were stopped: 0.0968659 seconds
Application time: 16.1124724 seconds
43089.149: [GC 43089.149: [ParNew
Desired survivor size 48306584 bytes, new threshold 10 (max 10)
- age   1:    5269168 bytes,    5269168 total
- age   2:    4208040 bytes,    9477208 total
- age   3:    5147632 bytes,   14624840 total
- age   4:    2752672 bytes,   17377512 total
- age   5:     765568 bytes,   18143080 total
- age   6:     253776 bytes,   18396856 total
- age   7:     377000 bytes,   18773856 total
- age   8:    1065472 bytes,   19839328 total
- age   9:     591144 bytes,   20430472 total
- age  10:     555408 bytes,   20985880 total
: 441874K->20563K(471872K), 0.0898179 secs] 874734K->454538K(2044736K), 0.0901360 secs]
Total time for which application threads were stopped: 0.6826137 seconds
Application time: 22.4595973 seconds
43111.703: [GC 43111.703: [ParNew
Desired survivor size 48306584 bytes, new threshold 10 (max 10)
- age   1:    4707336 bytes,    4707336 total
- age   2:    2711128 bytes,    7418464 total
- age   3:    3993776 bytes,   11412240 total
- age   4:    5147360 bytes,   16559600 total
- age   5:    2752672 bytes,   19312272 total
- age   6:     765568 bytes,   20077840 total
- age   7:     191176 bytes,   20269016 total
- age   8:     375400 bytes,   20644416 total
- age   9:    1064128 bytes,   21708544 total
- age  10:     591144 bytes,   22299688 total
: 439972K->21853K(471872K), 0.1010483 secs] 873947K->456370K(2044736K), 0.1014298 secs]
Total time for which application threads were stopped: 0.1060106 seconds
Application time: 7.7875380 seconds
43119.596: [GC 43119.596: [ParNew
Desired survivor size 48306584 bytes, new threshold 10 (max 10)
- age   1:    3957984 bytes,    3957984 total
- age   2:    2904336 bytes,    6862320 total
- age   3:     958632 bytes,    7820952 total
- age   4:    3913184 bytes,   11734136 total
- age   5:    5147360 bytes,   16881496 total
- age   6:    2752672 bytes,   19634168 total
- age   7:     765568 bytes,   20399736 total
- age   8:     174016 bytes,   20573752 total
- age   9:     375400 bytes,   20949152 total
- age  10:    1064128 bytes,   22013280 total
: 441309K->21574K(471872K), 0.1309675 secs] 875826K->456669K(2044736K), 0.1313596 secs]
Total time for which application threads were stopped: 0.1351034 seconds
Application time: 41.3807168 seconds
43161.111: [GC 43161.112: [ParNew
Desired survivor size 48306584 bytes, new threshold 10 (max 10)
- age   1:    7764384 bytes,    7764384 total
- age   2:    2020080 bytes,    9784464 total
- age   3:    2725344 bytes,   12509808 total
- age   4:     860544 bytes,   13370352 total
- age   5:    3913184 bytes,   17283536 total
- age   6:    1293568 bytes,   18577104 total
- age   7:    2745408 bytes,   21322512 total
- age   8:     764112 bytes,   22086624 total
- age   9:     167200 bytes,   22253824 total
- age  10:     373944 bytes,   22627768 total
: 441020K->22169K(471872K), 0.0961358 secs] 876114K->458302K(2044736K), 0.0964827 secs]
Total time for which application threads were stopped: 0.0999634 seconds
Application time: 53.6694423 seconds
43214.881: [GC 43214.881: [ParNew
Desired survivor size 48306584 bytes, new threshold 10 (max 10)
- age   1:   13861192 bytes,   13861192 total
- age   2:    1261336 bytes,   15122528 total
- age   3:    2015024 bytes,   17137552 total
- age   4:    2576720 bytes,   19714272 total
- age   5:     855552 bytes,   20569824 total
- age   6:    3740720 bytes,   24310544 total
- age   7:    1289344 bytes,   25599888 total
- age   8:    2739920 bytes,   28339808 total
- age   9:     756976 bytes,   29096784 total
- age  10:     167200 bytes,   29263984 total
: 441624K->28650K(471872K), 0.0870173 secs] 877757K->465149K(2044736K), 0.0873460 secs]
Total time for which application threads were stopped: 0.0905963 seconds
Application time: 65.3815083 seconds
43280.354: [GC 43280.354: [ParNew
Desired survivor size 48306584 bytes, new threshold 10 (max 10)
- age   1:    4978112 bytes,    4978112 total
- age   2:    3629040 bytes,    8607152 total
- age   3:     744808 bytes,    9351960 total
- age   4:    1778576 bytes,   11130536 total
- age   5:    1119536 bytes,   12250072 total
- age   6:     843240 bytes,   13093312 total
- age   7:    3724656 bytes,   16817968 total
- age   8:    1271840 bytes,   18089808 total
- age   9:    2736536 bytes,   20826344 total
- age  10:     756352 bytes,   21582696 total
: 448096K->21156K(471872K), 0.0903984 secs] 884595K->457818K(2044736K), 0.0912570 secs]
Total time for which application threads were stopped: 0.0957418 seconds
Application time: 15.5783756 seconds
43296.035: [GC 43296.035: [ParNew
Desired survivor size 48306584 bytes, new threshold 10 (max 10)
- age   1:   10999752 bytes,   10999752 total
- age   2:    2899608 bytes,   13899360 total
- age   3:     567464 bytes,   14466824 total
- age   4:     707224 bytes,   15174048 total
- age   5:     738816 bytes,   15912864 total
- age   6:    1119536 bytes,   17032400 total
- age   7:     843240 bytes,   17875640 total
- age   8:    3720816 bytes,   21596456 total
- age   9:    1271840 bytes,   22868296 total
- age  10:    2736536 bytes,   25604832 total
: 440612K->25084K(471872K), 0.1131285 secs] 877274K->462485K(2044736K), 0.1135093 secs]
Total time for which application threads were stopped: 0.1244673 seconds
Application time: 28.6776287 seconds
43324.829: [GC 43324.829: [ParNew
Desired survivor size 48306584 bytes, new threshold 10 (max 10)
- age   1:    5148360 bytes,    5148360 total
- age   2:    5008888 bytes,   10157248 total
- age   3:    2263976 bytes,   12421224 total
- age   4:     566976 bytes,   12988200 total
- age   5:     707168 bytes,   13695368 total
- age   6:     738816 bytes,   14434184 total
- age   7:    1118840 bytes,   15553024 total
- age   8:     780904 bytes,   16333928 total
- age   9:     881472 bytes,   17215400 total
- age  10:    1260824 bytes,   18476224 total
: 444536K->18110K(471872K), 0.0898793 secs] 881937K->458184K(2044736K), 0.0902106 secs]
Total time for which application threads were stopped: 0.0934643 seconds
Application time: 25.8272004 seconds
43350.750: [GC 43350.750: [ParNew
Desired survivor size 48306584 bytes, new threshold 10 (max 10)
- age   1:    6366656 bytes,    6366656 total
- age   2:    3726280 bytes,   10092936 total
- age   3:    4481936 bytes,   14574872 total
- age   4:     870176 bytes,   15445048 total
- age   5:     566600 bytes,   16011648 total
- age   6:     707032 bytes,   16718680 total
- age   7:     738816 bytes,   17457496 total
- age   8:    1118840 bytes,   18576336 total
- age   9:     780904 bytes,   19357240 total
- age  10:     856184 bytes,   20213424 total
: 437566K->19821K(471872K), 0.1026823 secs] 877640K->461126K(2044736K), 0.1030532 secs]
Total time for which application threads were stopped: 0.1064269 seconds
Application time: 49.4953821 seconds
43400.352: [GC 43400.352: [ParNew
Desired survivor size 48306584 bytes, new threshold 10 (max 10)
- age   1:    6673280 bytes,    6673280 total
- age   2:    4794304 bytes,   11467584 total
- age   3:    3726072 bytes,   15193656 total
- age   4:     864192 bytes,   16057848 total
- age   5:     846920 bytes,   16904768 total
- age   6:     566520 bytes,   17471288 total
- age   7:     707016 bytes,   18178304 total
- age   8:     738816 bytes,   18917120 total
- age   9:    1117200 bytes,   20034320 total
- age  10:     777848 bytes,   20812168 total
: 439277K->20405K(471872K), 0.0868465 secs] 880582K->462542K(2044736K), 0.0871586 secs]
Total time for which application threads were stopped: 0.0903179 seconds
Application time: 41.4055396 seconds
43441.848: [GC 43441.848: [ParNew
Desired survivor size 48306584 bytes, new threshold 10 (max 10)
- age   1:    6582392 bytes,    6582392 total
- age   2:    4858384 bytes,   11440776 total
- age   3:    3349792 bytes,   14790568 total
- age   4:     777296 bytes,   15567864 total
- age   5:     864192 bytes,   16432056 total
- age   6:     780536 bytes,   17212592 total
- age   7:     565896 bytes,   17778488 total
- age   8:     705560 bytes,   18484048 total
- age   9:     735904 bytes,   19219952 total
- age  10:    1114960 bytes,   20334912 total
: 439861K->19937K(471872K), 0.0925846 secs] 881998K->462833K(2044736K), 0.0929154 secs]
Total time for which application threads were stopped: 0.0963980 seconds
Application time: 13.5895198 seconds
43455.534: [GC 43455.534: [ParNew
Desired survivor size 48306584 bytes, new threshold 10 (max 10)
- age   1:    6011056 bytes,    6011056 total
- age   2:    4371000 bytes,   10382056 total
- age   3:     870680 bytes,   11252736 total
- age   4:    3011312 bytes,   14264048 total
- age   5:     777296 bytes,   15041344 total
- age   6:     864192 bytes,   15905536 total
- age   7:     780536 bytes,   16686072 total
- age   8:     565896 bytes,   17251968 total
- age   9:     702504 bytes,   17954472 total
- age  10:     735904 bytes,   18690376 total
: 439389K->18328K(471872K), 0.0856041 secs] 882286K->462313K(2044736K), 0.0859325 secs]
Total time for which application threads were stopped: 0.0891625 seconds
Application time: 25.2542256 seconds
43480.881: [GC 43480.882: [ParNew
Desired survivor size 48306584 bytes, new threshold 10 (max 10)
- age   1:    5156296 bytes,    5156296 total
- age   2:    4684776 bytes,    9841072 total
- age   3:    3030608 bytes,   12871680 total
- age   4:     870664 bytes,   13742344 total
- age   5:    2866936 bytes,   16609280 total
- age   6:     776272 bytes,   17385552 total
- age   7:     864192 bytes,   18249744 total
- age   8:     780536 bytes,   19030280 total
- age   9:     563896 bytes,   19594176 total
- age  10:     700192 bytes,   20294368 total
: 437784K->19897K(471872K), 0.0965397 secs] 881769K->464601K(2044736K), 0.0969051 secs]
Total time for which application threads were stopped: 0.1045523 seconds
Application time: 14.0740561 seconds
43495.060: [GC 43495.060: [ParNew
Desired survivor size 48306584 bytes, new threshold 10 (max 10)
- age   1:    5158520 bytes,    5158520 total
- age   2:    2510144 bytes,    7668664 total
- age   3:    3791600 bytes,   11460264 total
- age   4:    2858632 bytes,   14318896 total
- age   5:     807136 bytes,   15126032 total
- age   6:    2722408 bytes,   17848440 total
- age   7:     776272 bytes,   18624712 total
- age   8:     864192 bytes,   19488904 total
- age   9:     780408 bytes,   20269312 total
- age  10:     538592 bytes,   20807904 total
: 439340K->20393K(471872K), 0.1015969 secs] 884044K->465781K(2044736K), 0.1019389 secs]
Total time for which application threads were stopped: 0.1091519 seconds
Application time: 33.5565459 seconds
43528.722: [GC 43528.722: [ParNew
Desired survivor size 48306584 bytes, new threshold 10 (max 10)
- age   1:   15225952 bytes,   15225952 total
- age   2:    2281240 bytes,   17507192 total
- age   3:    2365992 bytes,   19873184 total
- age   4:     696512 bytes,   20569696 total
- age   5:    2854672 bytes,   23424368 total
- age   6:     805056 bytes,   24229424 total
- age   7:    2716832 bytes,   26946256 total
- age   8:     773032 bytes,   27719288 total
- age   9:     860832 bytes,   28580120 total
- age  10:     770176 bytes,   29350296 total
: 439642K->28744K(471872K), 0.0949577 secs] 885030K->474555K(2044736K), 0.0952731 secs]
Total time for which application threads were stopped: 0.0984851 seconds
Application time: 17.2667139 seconds
43546.089: [GC 43546.089: [ParNew
Desired survivor size 48306584 bytes, new threshold 10 (max 10)
- age   1:    6706296 bytes,    6706296 total
- age   2:    4027152 bytes,   10733448 total
- age   3:    2264168 bytes,   12997616 total
- age   4:     943144 bytes,   13940760 total
- age   5:     681560 bytes,   14622320 total
- age   6:    2774336 bytes,   17396656 total
- age   7:     789216 bytes,   18185872 total
- age   8:    2621336 bytes,   20807208 total
- age   9:     757016 bytes,   21564224 total
- age  10:     847728 bytes,   22411952 total
: 448200K->21976K(471872K), 0.1239492 secs] 894011K->468353K(2044736K), 0.1243256 secs]
Total time for which application threads were stopped: 0.1298317 seconds
Application time: 17.1163691 seconds
43563.333: [GC 43563.333: [ParNew
Desired survivor size 48306584 bytes, new threshold 10 (max 10)
- age   1:    6750560 bytes,    6750560 total
- age   2:    3728288 bytes,   10478848 total
- age   3:     623688 bytes,   11102536 total
- age   4:     719712 bytes,   11822248 total
- age   5:     855504 bytes,   12677752 total
- age   6:     681560 bytes,   13359312 total
- age   7:    2757168 bytes,   16116480 total
- age   8:     789216 bytes,   16905696 total
- age   9:    2620712 bytes,   19526408 total
- age  10:     757016 bytes,   20283424 total
: 441428K->19891K(471872K), 0.1078872 secs] 887804K->467095K(2044736K), 0.1087405 secs]
Total time for which application threads were stopped: 0.1121103 seconds
Application time: 48.4496456 seconds
43611.896: [GC 43611.896: [ParNew
Desired survivor size 48306584 bytes, new threshold 10 (max 10)
- age   1:   11173120 bytes,   11173120 total
- age   2:    2415792 bytes,   13588912 total
- age   3:    3460792 bytes,   17049704 total
- age   4:     620632 bytes,   17670336 total
- age   5:     702616 bytes,   18372952 total
- age   6:     747808 bytes,   19120760 total
- age   7:     669312 bytes,   19790072 total
- age   8:    2636704 bytes,   22426776 total
- age   9:     789216 bytes,   23215992 total
- age  10:    2620712 bytes,   25836704 total
: 439347K->25321K(471872K), 0.1168146 secs] 886551K->473243K(2044736K), 0.1171869 secs]
Total time for which application threads were stopped: 0.1212565 seconds
Application time: 64.4282389 seconds
43676.444: [GC 43676.445: [ParNew
Desired survivor size 48306584 bytes, new threshold 10 (max 10)
- age   1:    1798600 bytes,    1798600 total
- age   2:    4523968 bytes,    6322568 total
- age   3:    2391136 bytes,    8713704 total
- age   4:    3339224 bytes,   12052928 total
- age   5:     620632 bytes,   12673560 total
- age   6:     594440 bytes,   13268000 total
- age   7:     747664 bytes,   14015664 total
- age   8:     669312 bytes,   14684976 total
- age   9:    2636704 bytes,   17321680 total
- age  10:     780920 bytes,   18102600 total
: 444773K->17749K(471872K), 0.0996137 secs] 892695K->468223K(2044736K), 0.0999261 secs]
Total time for which application threads were stopped: 0.1031396 seconds
Application time: 30.9875706 seconds
43707.535: [GC 43707.535: [ParNew
Desired survivor size 48306584 bytes, new threshold 10 (max 10)
- age   1:    5690296 bytes,    5690296 total
- age   2:     674840 bytes,    6365136 total
- age   3:    4361768 bytes,   10726904 total
- age   4:    2389232 bytes,   13116136 total
- age   5:    3339224 bytes,   16455360 total
- age   6:     512824 bytes,   16968184 total
- age   7:     594440 bytes,   17562624 total
- age   8:     747664 bytes,   18310288 total
- age   9:     668752 bytes,   18979040 total
- age  10:     772424 bytes,   19751464 total
: 437189K->19359K(471872K), 0.0886915 secs] 887663K->470591K(2044736K), 0.0890029 secs]
Total time for which application threads were stopped: 0.0922474 seconds
Application time: 128.6261683 seconds
43836.254: [GC 43836.254: [ParNew
Desired survivor size 48306584 bytes, new threshold 10 (max 10)
- age   1:    3007192 bytes,    3007192 total
- age   2:    2793696 bytes,    5800888 total
- age   3:     528280 bytes,    6329168 total
- age   4:    4177728 bytes,   10506896 total
- age   5:    2369208 bytes,   12876104 total
- age   6:    3321688 bytes,   16197792 total
- age   7:     504496 bytes,   16702288 total
- age   8:     588752 bytes,   17291040 total
- age   9:     660800 bytes,   17951840 total
- age  10:     666912 bytes,   18618752 total
: 438814K->18245K(471872K), 0.0842314 secs] 890047K->470209K(2044736K), 0.0845941 secs]
Total time for which application threads were stopped: 0.0878221 seconds
Application time: 13.9096235 seconds
43850.251: [GC 43850.252: [ParNew
Desired survivor size 48306584 bytes, new threshold 10 (max 10)
- age   1:    5961752 bytes,    5961752 total
- age   2:     838680 bytes,    6800432 total
- age   3:    2793488 bytes,    9593920 total
- age   4:     526968 bytes,   10120888 total
- age   5:    4159720 bytes,   14280608 total
- age   6:    1438184 bytes,   15718792 total
- age   7:    1973432 bytes,   17692224 total
- age   8:     504496 bytes,   18196720 total
- age   9:     588752 bytes,   18785472 total
- age  10:     660800 bytes,   19446272 total
: 437701K->19067K(471872K), 0.1081120 secs] 889665K->471683K(2044736K), 0.1084468 secs]
Total time for which application threads were stopped: 0.1119983 seconds
Application time: 76.0231808 seconds
43926.387: [GC 43926.387: [ParNew
Desired survivor size 48306584 bytes, new threshold 10 (max 10)
- age   1:    5300112 bytes,    5300112 total
- age   2:    4687600 bytes,    9987712 total
- age   3:     693360 bytes,   10681072 total
- age   4:    2683424 bytes,   13364496 total
- age   5:     430904 bytes,   13795400 total
- age   6:    1021184 bytes,   14816584 total
- age   7:    1291040 bytes,   16107624 total
- age   8:    1973128 bytes,   18080752 total
- age   9:     504496 bytes,   18585248 total
- age  10:     588752 bytes,   19174000 total
: 438523K->18801K(471872K), 0.0952727 secs] 891139K->472062K(2044736K), 0.0955982 secs]
Total time for which application threads were stopped: 0.0990658 seconds
Application time: 129.7296075 seconds
44056.218: [GC 44056.218: [ParNew
Desired survivor size 48306584 bytes, new threshold 10 (max 10)
- age   1:    6127000 bytes,    6127000 total
- age   2:    4373312 bytes,   10500312 total
- age   3:    3712152 bytes,   14212464 total
- age   4:     608104 bytes,   14820568 total
- age   5:    2547424 bytes,   17367992 total
- age   6:     285440 bytes,   17653432 total
- age   7:    1021216 bytes,   18674648 total
- age   8:    1291040 bytes,   19965688 total
- age   9:    1972800 bytes,   21938488 total
- age  10:     504496 bytes,   22442984 total
: 438030K->21994K(471872K), 0.1080036 secs] 891291K->475829K(2044736K), 0.1083647 secs]
Total time for which application threads were stopped: 0.1144333 seconds
Application time: 10.0088587 seconds
44066.339: [GC 44066.339: [ParNew
Desired survivor size 48306584 bytes, new threshold 10 (max 10)
- age   1:    8811176 bytes,    8811176 total
- age   2:    1927008 bytes,   10738184 total
- age   3:    1053688 bytes,   11791872 total
- age   4:    2454696 bytes,   14246568 total
- age   5:     607960 bytes,   14854528 total
- age   6:    2546936 bytes,   17401464 total
- age   7:     285440 bytes,   17686904 total
- age   8:    1004488 bytes,   18691392 total
- age   9:    1227872 bytes,   19919264 total
- age  10:    1972800 bytes,   21892064 total
: 441448K->21460K(471872K), 0.1035965 secs] 895284K->475788K(2044736K), 0.1040530 secs]
Total time for which application threads were stopped: 0.1075753 seconds
Application time: 54.2764456 seconds
44120.728: [GC 44120.729: [ParNew
Desired survivor size 48306584 bytes, new threshold 10 (max 10)
- age   1:    4624560 bytes,    4624560 total
- age   2:    5985984 bytes,   10610544 total
- age   3:     880920 bytes,   11491464 total
- age   4:     931072 bytes,   12422536 total
- age   5:    2452056 bytes,   14874592 total
- age   6:     561904 bytes,   15436496 total
- age   7:    2545880 bytes,   17982376 total
- age   8:     283064 bytes,   18265440 total
- age   9:    1004488 bytes,   19269928 total
- age  10:    1227248 bytes,   20497176 total
: 440857K->20091K(471872K), 0.1037532 secs] 895185K->476346K(2044736K), 0.1040569 secs]
Total time for which application threads were stopped: 0.1132138 seconds
Application time: 5.0696968 seconds
44125.906: [GC 44125.907: [ParNew
Desired survivor size 48306584 bytes, new threshold 10 (max 10)
- age   1:   13247552 bytes,   13247552 total
- age   2:    2536888 bytes,   15784440 total
- age   3:     980864 bytes,   16765304 total
- age   4:     870536 bytes,   17635840 total
- age   5:     931072 bytes,   18566912 total
- age   6:    2452056 bytes,   21018968 total
- age   7:     557000 bytes,   21575968 total
- age   8:    2545880 bytes,   24121848 total
- age   9:     283064 bytes,   24404912 total
- age  10:    1004488 bytes,   25409400 total
: 439481K->24887K(471872K), 0.1019965 secs] 895736K->482340K(2044736K), 0.1023107 secs]
Total time for which application threads were stopped: 0.1064241 seconds
Application time: 5.8829352 seconds
44131.895: [GC 44131.896: [ParNew
Desired survivor size 48306584 bytes, new threshold 10 (max 10)
- age   1:    2598032 bytes,    2598032 total
- age   2:   11424304 bytes,   14022336 total
- age   3:    2507152 bytes,   16529488 total
- age   4:     967424 bytes,   17496912 total
- age   5:     857824 bytes,   18354736 total
- age   6:     912088 bytes,   19266824 total
- age   7:    2442368 bytes,   21709192 total
- age   8:     554592 bytes,   22263784 total
- age   9:    2545880 bytes,   24809664 total
- age  10:     283064 bytes,   25092728 total
: 444343K->24607K(471872K), 0.1144229 secs] 901796K->483041K(2044736K), 0.1148385 secs]
Total time for which application threads were stopped: 0.1191993 seconds
Application time: 7.8476463 seconds
Total time for which application threads were stopped: 0.0095048 seconds
Application time: 19.9294158 seconds
44159.863: [GC 44159.863: [ParNew
Desired survivor size 48306584 bytes, new threshold 10 (max 10)
- age   1:    2616864 bytes,    2616864 total
- age   2:    1401432 bytes,    4018296 total
- age   3:    5119776 bytes,    9138072 total
- age   4:    1979360 bytes,   11117432 total
- age   5:     967424 bytes,   12084856 total
- age   6:     857200 bytes,   12942056 total
- age   7:     910072 bytes,   13852128 total
- age   8:    2433648 bytes,   16285776 total
- age   9:     554592 bytes,   16840368 total
- age  10:    2545880 bytes,   19386248 total
: 444062K->19050K(471872K), 0.0869503 secs] 902497K->477761K(2044736K), 0.0872903 secs]
Total time for which application threads were stopped: 0.1528445 seconds
Application time: 60.8156050 seconds
44220.878: [GC 44220.879: [ParNew
Desired survivor size 48306584 bytes, new threshold 10 (max 10)
- age   1:    5273480 bytes,    5273480 total
- age   2:    1563440 bytes,    6836920 total
- age   3:    1401224 bytes,    8238144 total
- age   4:    5119776 bytes,   13357920 total
- age   5:    1976320 bytes,   15334240 total
- age   6:     966968 bytes,   16301208 total
- age   7:     854440 bytes,   17155648 total
- age   8:     887160 bytes,   18042808 total
- age   9:    2431704 bytes,   20474512 total
- age  10:     474104 bytes,   20948616 total
: 438503K->20580K(471872K), 0.0895681 secs] 897214K->479949K(2044736K), 0.0898905 secs]
Total time for which application threads were stopped: 0.2021417 seconds
Application time: 101.2137506 seconds
44322.217: [GC 44322.217: [ParNew
Desired survivor size 48306584 bytes, new threshold 10 (max 10)
- age   1:    6145904 bytes,    6145904 total
- age   2:    1131184 bytes,    7277088 total
- age   3:    1561920 bytes,    8839008 total
- age   4:    1401224 bytes,   10240232 total
- age   5:    5102416 bytes,   15342648 total
- age   6:    1975768 bytes,   17318416 total
- age   7:     966968 bytes,   18285384 total
- age   8:     828336 bytes,   19113720 total
- age   9:     805760 bytes,   19919480 total
- age  10:    2431704 bytes,   22351184 total
: 440012K->21951K(471872K), 0.0916146 secs] 899381K->481784K(2044736K), 0.0919638 secs]
Total time for which application threads were stopped: 0.1267569 seconds
Application time: 61.4983326 seconds
44383.870: [GC 44383.870: [ParNew
Desired survivor size 48306584 bytes, new threshold 10 (max 10)
- age   1:    5582168 bytes,    5582168 total
- age   2:    1028056 bytes,    6610224 total
- age   3:    1130400 bytes,    7740624 total
- age   4:    1554600 bytes,    9295224 total
- age   5:    1401224 bytes,   10696448 total
- age   6:    5102416 bytes,   15798864 total
- age   7:    1967088 bytes,   17765952 total
- age   8:     887176 bytes,   18653128 total
- age   9:     763680 bytes,   19416808 total
- age  10:     805760 bytes,   20222568 total
: 441407K->19854K(471872K), 0.0934486 secs] 901240K->482061K(2044736K), 0.0937501 secs]
Total time for which application threads were stopped: 0.1565976 seconds
Application time: 24.4359286 seconds
44408.403: [GC 44408.403: [ParNew
Desired survivor size 48306584 bytes, new threshold 10 (max 10)
- age   1:    9010728 bytes,    9010728 total
- age   2:    3149768 bytes,   12160496 total
- age   3:    1027200 bytes,   13187696 total
- age   4:    1068080 bytes,   14255776 total
- age   5:    1554600 bytes,   15810376 total
- age   6:    1401224 bytes,   17211600 total
- age   7:    1266376 bytes,   18477976 total
- age   8:     626640 bytes,   19104616 total
- age   9:     887176 bytes,   19991792 total
- age  10:     763680 bytes,   20755472 total
: 439310K->20390K(471872K), 0.0947121 secs] 901517K->483384K(2044736K), 0.0950166 secs]
Total time for which application threads were stopped: 0.0983114 seconds
Application time: 28.6601986 seconds
44437.162: [GC 44437.162: [ParNew
Desired survivor size 48306584 bytes, new threshold 10 (max 10)
- age   1:    6651416 bytes,    6651416 total
- age   2:    4548184 bytes,   11199600 total
- age   3:    3059360 bytes,   14258960 total
- age   4:    1004920 bytes,   15263880 total
- age   5:     868736 bytes,   16132616 total
- age   6:    1542744 bytes,   17675360 total
- age   7:    1398632 bytes,   19073992 total
- age   8:     700160 bytes,   19774152 total
- age   9:     617376 bytes,   20391528 total
- age  10:     885856 bytes,   21277384 total
: 439846K->20904K(471872K), 0.0898258 secs] 902840K->484616K(2044736K), 0.0901486 secs]
Total time for which application threads were stopped: 0.0933292 seconds
Application time: 67.3928967 seconds
44504.648: [GC 44504.650: [ParNew
Desired survivor size 48306584 bytes, new threshold 10 (max 10)
- age   1:    8151800 bytes,    8151800 total
- age   2:    5154640 bytes,   13306440 total
- age   3:    4343312 bytes,   17649752 total
- age   4:    2997872 bytes,   20647624 total
- age   5:     923672 bytes,   21571296 total
- age   6:     788648 bytes,   22359944 total
- age   7:    1537480 bytes,   23897424 total
- age   8:    1398632 bytes,   25296056 total
- age   9:     700160 bytes,   25996216 total
- age  10:     616824 bytes,   26613040 total
: 440350K->26106K(471872K), 0.0925054 secs] 904062K->490679K(2044736K), 0.0928009 secs]
Total time for which application threads were stopped: 0.0978659 seconds
Application time: 23.0372862 seconds
44527.783: [GC 44527.783: [ParNew
Desired survivor size 48306584 bytes, new threshold 10 (max 10)
- age   1:    6023728 bytes,    6023728 total
- age   2:    1101240 bytes,    7124968 total
- age   3:    4209312 bytes,   11334280 total
- age   4:    2640584 bytes,   13974864 total
- age   5:    2934712 bytes,   16909576 total
- age   6:     923672 bytes,   17833248 total
- age   7:     783912 bytes,   18617160 total
- age   8:    1528408 bytes,   20145568 total
- age   9:    1398632 bytes,   21544200 total
- age  10:     700160 bytes,   22244360 total
: 445554K->21842K(471872K), 0.0961542 secs] 910127K->487004K(2044736K), 0.0964542 secs]
Total time for which application threads were stopped: 0.0996933 seconds
Application time: 52.2431993 seconds
44580.126: [GC 44580.126: [ParNew
Desired survivor size 48306584 bytes, new threshold 10 (max 10)
- age   1:    3785024 bytes,    3785024 total
- age   2:    4042848 bytes,    7827872 total
- age   3:     900304 bytes,    8728176 total
- age   4:    4208984 bytes,   12937160 total
- age   5:    2640304 bytes,   15577464 total
- age   6:    2917432 bytes,   18494896 total
- age   7:     919304 bytes,   19414200 total
- age   8:     783912 bytes,   20198112 total
- age   9:    1528408 bytes,   21726520 total
- age  10:    1398632 bytes,   23125152 total
: 441296K->22701K(471872K), 0.0921214 secs] 906458K->488546K(2044736K), 0.0925224 secs]
Total time for which application threads were stopped: 0.0958999 seconds
Application time: 51.6466650 seconds
44631.869: [GC 44631.869: [ParNew
Desired survivor size 48306584 bytes, new threshold 10 (max 10)
- age   1:    2344024 bytes,    2344024 total
- age   2:     868224 bytes,    3212248 total
- age   3:    3814792 bytes,    7027040 total
- age   4:     761560 bytes,    7788600 total
- age   5:    4208984 bytes,   11997584 total
- age   6:    2640184 bytes,   14637768 total
- age   7:    2917432 bytes,   17555200 total
- age   8:     825528 bytes,   18380728 total
- age   9:     782824 bytes,   19163552 total
- age  10:    1528408 bytes,   20691960 total
: 442157K->20292K(471872K), 0.1001162 secs] 908002K->487503K(2044736K), 0.1009465 secs]
Total time for which application threads were stopped: 0.1047892 seconds
Application time: 8.7469421 seconds
44640.720: [GC 44640.721: [ParNew
Desired survivor size 48306584 bytes, new threshold 10 (max 10)
- age   1:    3771376 bytes,    3771376 total
- age   2:     741392 bytes,    4512768 total
- age   3:     865528 bytes,    5378296 total
- age   4:    1422816 bytes,    6801112 total
- age   5:     698360 bytes,    7499472 total
- age   6:    4111864 bytes,   11611336 total
- age   7:    2623024 bytes,   14234360 total
- age   8:    2913304 bytes,   17147664 total
- age   9:     825528 bytes,   17973192 total
- age  10:     782824 bytes,   18756016 total
: 439748K->18384K(471872K), 0.0931501 secs] 906959K->487088K(2044736K), 0.0934649 secs]
Total time for which application threads were stopped: 0.0967648 seconds
Application time: 39.3285394 seconds
44680.149: [GC 44680.149: [ParNew
Desired survivor size 48306584 bytes, new threshold 10 (max 10)
- age   1:   12750704 bytes,   12750704 total
- age   2:    1667248 bytes,   14417952 total
- age   3:     675000 bytes,   15092952 total
- age   4:     826880 bytes,   15919832 total
- age   5:     880648 bytes,   16800480 total
- age   6:     680992 bytes,   17481472 total
- age   7:    1050288 bytes,   18531760 total
- age   8:    2623024 bytes,   21154784 total
- age   9:    2901880 bytes,   24056664 total
- age  10:     825528 bytes,   24882192 total
: 437836K->24375K(471872K), 0.0979962 secs] 906540K->493844K(2044736K), 0.0983370 secs]
Total time for which application threads were stopped: 0.1047932 seconds
Application time: 7.9605352 seconds
44688.211: [GC 44688.212: [ParNew
Desired survivor size 48306584 bytes, new threshold 10 (max 10)
- age   1:    2944760 bytes,    2944760 total
- age   2:    5686864 bytes,    8631624 total
- age   3:    1278240 bytes,    9909864 total
- age   4:     615800 bytes,   10525664 total
- age   5:     826880 bytes,   11352544 total
- age   6:     880648 bytes,   12233192 total
- age   7:     680992 bytes,   12914184 total
- age   8:    1050288 bytes,   13964472 total
- age   9:    2622240 bytes,   16586712 total
- age  10:    2901880 bytes,   19488592 total
: 443817K->19107K(471872K), 0.0885713 secs] 913286K->489382K(2044736K), 0.0889843 secs]
Total time for which application threads were stopped: 0.0924265 seconds
Application time: 78.2300003 seconds
44766.534: [GC 44766.534: [ParNew
Desired survivor size 48306584 bytes, new threshold 10 (max 10)
- age   1:    7424392 bytes,    7424392 total
- age   2:    1772440 bytes,    9196832 total
- age   3:    5589232 bytes,   14786064 total
- age   4:     686120 bytes,   15472184 total
- age   5:     595296 bytes,   16067480 total
- age   6:     762712 bytes,   16830192 total
- age   7:     829416 bytes,   17659608 total
- age   8:     660568 bytes,   18320176 total
- age   9:    1032952 bytes,   19353128 total
- age  10:    2616824 bytes,   21969952 total
: 438518K->21536K(471872K), 0.0886479 secs] 908793K->492420K(2044736K), 0.0889739 secs]
Total time for which application threads were stopped: 0.0923061 seconds
Application time: 41.5960253 seconds
44808.222: [GC 44808.222: [ParNew
Desired survivor size 48306584 bytes, new threshold 10 (max 10)
- age   1:    5022864 bytes,    5022864 total
- age   2:    3285560 bytes,    8308424 total
- age   3:     818072 bytes,    9126496 total
- age   4:    4560072 bytes,   13686568 total
- age   5:     686120 bytes,   14372688 total
- age   6:     595128 bytes,   14967816 total
- age   7:     758744 bytes,   15726560 total
- age   8:     766392 bytes,   16492952 total
- age   9:     652984 bytes,   17145936 total
- age  10:     550696 bytes,   17696632 total
: 440992K->17350K(471872K), 0.1039511 secs] 911875K->490276K(2044736K), 0.1042651 secs]
Total time for which application threads were stopped: 0.1077515 seconds
Application time: 86.6107915 seconds
44894.941: [GC 44894.941: [ParNew
Desired survivor size 48306584 bytes, new threshold 10 (max 10)
- age   1:    6581584 bytes,    6581584 total
- age   2:    3313536 bytes,    9895120 total
- age   3:    3283152 bytes,   13178272 total
- age   4:     817960 bytes,   13996232 total
- age   5:    1043088 bytes,   15039320 total
- age   6:     685688 bytes,   15725008 total
- age   7:     513064 bytes,   16238072 total
- age   8:     744568 bytes,   16982640 total
- age   9:     763592 bytes,   17746232 total
- age  10:     586424 bytes,   18332656 total
: 436790K->17966K(471872K), 0.0793725 secs] 909716K->491149K(2044736K), 0.0797118 secs]
Total time for which application threads were stopped: 0.0834841 seconds
Application time: 98.9666823 seconds
44993.992: [GC 44993.992: [ParNew
Desired survivor size 48306584 bytes, new threshold 10 (max 10)
- age   1:    6561488 bytes,    6561488 total
- age   2:     916392 bytes,    7477880 total
- age   3:    2509864 bytes,    9987744 total
- age   4:    3281728 bytes,   13269472 total
- age   5:     814776 bytes,   14084248 total
- age   6:     981776 bytes,   15066024 total
- age   7:     631656 bytes,   15697680 total
- age   8:     502872 bytes,   16200552 total
- age   9:     744568 bytes,   16945120 total
- age  10:     763592 bytes,   17708712 total
: 437422K->17362K(471872K), 0.0761134 secs] 910605K->490819K(2044736K), 0.0764928 secs]
Total time for which application threads were stopped: 0.0805609 seconds
Application time: 6.4581812 seconds
45000.530: [GC 45000.530: [ParNew
Desired survivor size 48306584 bytes, new threshold 10 (max 10)
- age   1:    6188408 bytes,    6188408 total
- age   2:    3828416 bytes,   10016824 total
- age   3:     894176 bytes,   10911000 total
- age   4:    1125336 bytes,   12036336 total
- age   5:    3281728 bytes,   15318064 total
- age   6:     814776 bytes,   16132840 total
- age   7:     981776 bytes,   17114616 total
- age   8:     631656 bytes,   17746272 total
- age   9:     502872 bytes,   18249144 total
- age  10:     744568 bytes,   18993712 total
: 436818K->18624K(471872K), 0.1059103 secs] 910275K->492827K(2044736K), 0.1062628 secs]
Total time for which application threads were stopped: 0.1100305 seconds
Application time: 18.9644929 seconds
45019.605: [GC 45019.605: [ParNew
Desired survivor size 48306584 bytes, new threshold 10 (max 10)
- age   1:    1968168 bytes,    1968168 total
- age   2:    4657944 bytes,    6626112 total
- age   3:    3801392 bytes,   10427504 total
- age   4:     774568 bytes,   11202072 total
- age   5:     831528 bytes,   12033600 total
- age   6:    3272808 bytes,   15306408 total
- age   7:     814512 bytes,   16120920 total
- age   8:     981776 bytes,   17102696 total
- age   9:     552152 bytes,   17654848 total
- age  10:     502216 bytes,   18157064 total
: 438080K->17802K(471872K), 0.0904113 secs] 912283K->492731K(2044736K), 0.0907646 secs]
Total time for which application threads were stopped: 0.0948497 seconds
Application time: 40.5096120 seconds
45060.251: [GC 45060.251: [ParNew
Desired survivor size 48306584 bytes, new threshold 10 (max 10)
- age   1:    8102128 bytes,    8102128 total
- age   2:    1046680 bytes,    9148808 total
- age   3:    4045848 bytes,   13194656 total
- age   4:    3800936 bytes,   16995592 total
- age   5:     773944 bytes,   17769536 total
- age   6:     831528 bytes,   18601064 total
- age   7:    1516688 bytes,   20117752 total
- age   8:     814512 bytes,   20932264 total
- age   9:     981776 bytes,   21914040 total
- age  10:     552152 bytes,   22466192 total
: 437194K->22021K(471872K), 0.0891181 secs] 912123K->497441K(2044736K), 0.0894752 secs]
Total time for which application threads were stopped: 0.1350114 seconds
Application time: 9.4193657 seconds
45069.763: [GC 45069.764: [ParNew
Desired survivor size 48306584 bytes, new threshold 10 (max 10)
- age   1:    4999392 bytes,    4999392 total
- age   2:    4433296 bytes,    9432688 total
- age   3:     708896 bytes,   10141584 total
- age   4:    2466728 bytes,   12608312 total
- age   5:    3800936 bytes,   16409248 total
- age   6:     773944 bytes,   17183192 total
- age   7:     831528 bytes,   18014720 total
- age   8:    1516544 bytes,   19531264 total
- age   9:     814512 bytes,   20345776 total
- age  10:     981776 bytes,   21327552 total
: 441477K->20904K(471872K), 0.0971855 secs] 916897K->496863K(2044736K), 0.0980490 secs]
Total time for which application threads were stopped: 0.1016870 seconds
Application time: 14.8953914 seconds
45084.761: [GC 45084.761: [ParNew
Desired survivor size 48306584 bytes, new threshold 10 (max 10)
- age   1:    6346088 bytes,    6346088 total
- age   2:    2394360 bytes,    8740448 total
- age   3:    3838032 bytes,   12578480 total
- age   4:     706456 bytes,   13284936 total
- age   5:    2466608 bytes,   15751544 total
- age   6:    3800936 bytes,   19552480 total
- age   7:     773944 bytes,   20326424 total
- age   8:     828472 bytes,   21154896 total
- age   9:    1516544 bytes,   22671440 total
- age  10:     814512 bytes,   23485952 total
: 440360K->23029K(471872K), 0.1127275 secs] 916319K->499947K(2044736K), 0.1130631 secs]
Total time for which application threads were stopped: 0.1166727 seconds
Application time: 9.2080662 seconds
45094.086: [GC 45094.086: [ParNew
Desired survivor size 48306584 bytes, new threshold 10 (max 10)
- age   1:    5399128 bytes,    5399128 total
- age   2:    3092328 bytes,    8491456 total
- age   3:     841304 bytes,    9332760 total
- age   4:    3663392 bytes,   12996152 total
- age   5:     706456 bytes,   13702608 total
- age   6:    2466608 bytes,   16169216 total
- age   7:    3800936 bytes,   19970152 total
- age   8:     773944 bytes,   20744096 total
- age   9:     826840 bytes,   21570936 total
- age  10:    1516544 bytes,   23087480 total
: 442485K->22633K(471872K), 0.1095673 secs] 919403K->500346K(2044736K), 0.1098819 secs]
Total time for which application threads were stopped: 0.1143240 seconds
Application time: 4.8642080 seconds
45099.064: [GC 45099.064: [ParNew
Desired survivor size 48306584 bytes, new threshold 10 (max 10)
- age   1:    6133200 bytes,    6133200 total
- age   2:    3264272 bytes,    9397472 total
- age   3:    2495592 bytes,   11893064 total
- age   4:     841224 bytes,   12734288 total
- age   5:    3663392 bytes,   16397680 total
- age   6:     705968 bytes,   17103648 total
- age   7:    2466608 bytes,   19570256 total
- age   8:     739328 bytes,   20309584 total
- age   9:     773944 bytes,   21083528 total
- age  10:     824272 bytes,   21907800 total
: 442089K->21483K(471872K), 0.1116193 secs] 919802K->500616K(2044736K), 0.1119587 secs]
Total time for which application threads were stopped: 0.1154804 seconds
Application time: 15.9649111 seconds
45115.144: [GC 45115.145: [ParNew
Desired survivor size 48306584 bytes, new threshold 10 (max 10)
- age   1:    7839304 bytes,    7839304 total
- age   2:    1636456 bytes,    9475760 total
- age   3:    2206760 bytes,   11682520 total
- age   4:    2237288 bytes,   13919808 total
- age   5:     841224 bytes,   14761032 total
- age   6:    3663192 bytes,   18424224 total
- age   7:     688552 bytes,   19112776 total
- age   8:    2404520 bytes,   21517296 total
- age   9:     739328 bytes,   22256624 total
- age  10:     772488 bytes,   23029112 total
: 440912K->22574K(471872K), 0.1021170 secs] 920045K->502511K(2044736K), 0.1024590 secs]
Total time for which application threads were stopped: 0.1061329 seconds
Application time: 33.5462665 seconds
45148.797: [GC 45148.797: [ParNew
Desired survivor size 48306584 bytes, new threshold 10 (max 10)
- age   1:   16385248 bytes,   16385248 total
- age   2:    1797144 bytes,   18182392 total
- age   3:    1429920 bytes,   19612312 total
- age   4:    2100072 bytes,   21712384 total
- age   5:    2164160 bytes,   23876544 total
- age   6:     841224 bytes,   24717768 total
- age   7:    3662232 bytes,   28380000 total
- age   8:     688552 bytes,   29068552 total
- age   9:    2404520 bytes,   31473072 total
- age  10:     739328 bytes,   32212400 total
: 441894K->31541K(471872K), 0.1031732 secs] 921831K->512218K(2044736K), 0.1035000 secs]
Total time for which application threads were stopped: 0.1067649 seconds
Application time: 85.1265448 seconds
45234.030: [GC 45234.031: [ParNew
Desired survivor size 48306584 bytes, new threshold 10 (max 10)
- age   1:    4114528 bytes,    4114528 total
- age   2:    4852312 bytes,    8966840 total
- age   3:    1797080 bytes,   10763920 total
- age   4:    1429920 bytes,   12193840 total
- age   5:    2099800 bytes,   14293640 total
- age   6:    2104080 bytes,   16397720 total
- age   7:     824000 bytes,   17221720 total
- age   8:     748872 bytes,   17970592 total
- age   9:     688552 bytes,   18659144 total
- age  10:    2403752 bytes,   21062896 total
: 450994K->20652K(471872K), 0.1018028 secs] 931671K->502043K(2044736K), 0.1021712 secs]
Total time for which application threads were stopped: 0.1060003 seconds
Application time: 60.8963813 seconds
45295.033: [GC 45295.034: [ParNew
Desired survivor size 48306584 bytes, new threshold 10 (max 10)
- age   1:    5515552 bytes,    5515552 total
- age   2:     682472 bytes,    6198024 total
- age   3:    4852312 bytes,   11050336 total
- age   4:    1797080 bytes,   12847416 total
- age   5:    1429920 bytes,   14277336 total
- age   6:    2099800 bytes,   16377136 total
- age   7:    2080672 bytes,   18457808 total
- age   8:     824000 bytes,   19281808 total
- age   9:     748088 bytes,   20029896 total
- age  10:     608088 bytes,   20637984 total
: 440097K->20225K(471872K), 0.1120447 secs] 921487K->503963K(2044736K), 0.1123878 secs]
Total time for which application threads were stopped: 0.1168209 seconds
Application time: 75.6588123 seconds
45370.808: [GC 45370.809: [ParNew
Desired survivor size 48306584 bytes, new threshold 10 (max 10)
- age   1:    7553368 bytes,    7553368 total
- age   2:     630888 bytes,    8184256 total
- age   3:     514784 bytes,    8699040 total
- age   4:    4830160 bytes,   13529200 total
- age   5:    1773328 bytes,   15302528 total
- age   6:    1413264 bytes,   16715792 total
- age   7:    2081104 bytes,   18796896 total
- age   8:    2064776 bytes,   20861672 total
- age   9:     807160 bytes,   21668832 total
- age  10:     636336 bytes,   22305168 total
: 439681K->21853K(471872K), 0.0857247 secs] 923419K->506097K(2044736K), 0.0860380 secs]
Total time for which application threads were stopped: 0.0895809 seconds
Application time: 62.2249274 seconds
45433.128: [GC 45433.128: [ParNew
Desired survivor size 48306584 bytes, new threshold 10 (max 10)
- age   1:   11210416 bytes,   11210416 total
- age   2:    1412896 bytes,   12623312 total
- age   3:     613696 bytes,   13237008 total
- age   4:     513480 bytes,   13750488 total
- age   5:    4824864 bytes,   18575352 total
- age   6:    1759184 bytes,   20334536 total
- age   7:    1026824 bytes,   21361360 total
- age   8:    1114144 bytes,   22475504 total
- age   9:    2064560 bytes,   24540064 total
- age  10:     807160 bytes,   25347224 total
: 441305K->24828K(471872K), 0.0992664 secs] 925549K->509693K(2044736K), 0.0996715 secs]
Total time for which application threads were stopped: 0.1082858 seconds
Application time: 5.3776653 seconds
45438.609: [GC 45438.609: [ParNew
Desired survivor size 48306584 bytes, new threshold 10 (max 10)
- age   1:    7915120 bytes,    7915120 total
- age   2:    6674976 bytes,   14590096 total
- age   3:    1412896 bytes,   16002992 total
- age   4:     613664 bytes,   16616656 total
- age   5:     513480 bytes,   17130136 total
- age   6:    1653952 bytes,   18784088 total
- age   7:     785688 bytes,   19569776 total
- age   8:     780184 bytes,   20349960 total
- age   9:    1114144 bytes,   21464104 total
- age  10:    2064560 bytes,   23528664 total
: 444284K->23043K(471872K), 0.1078692 secs] 929149K->508697K(2044736K), 0.1082032 secs]
Total time for which application threads were stopped: 0.1119327 seconds
Application time: 19.4068983 seconds
45458.129: [GC 45458.129: [ParNew
Desired survivor size 48306584 bytes, new threshold 10 (max 10)
- age   1:    4818440 bytes,    4818440 total
- age   2:    5091344 bytes,    9909784 total
- age   3:    6204584 bytes,   16114368 total
- age   4:    1331936 bytes,   17446304 total
- age   5:     613664 bytes,   18059968 total
- age   6:     509464 bytes,   18569432 total
- age   7:    1652496 bytes,   20221928 total
- age   8:     767664 bytes,   20989592 total
- age   9:     576512 bytes,   21566104 total
- age  10:    1114144 bytes,   22680248 total
: 442481K->22207K(471872K), 0.0930957 secs] 928135K->509877K(2044736K), 0.0939497 secs]
Total time for which application threads were stopped: 0.0986148 seconds
Application time: 9.9547304 seconds
45468.181: [GC 45468.181: [ParNew
Desired survivor size 48306584 bytes, new threshold 10 (max 10)
- age   1:    3076648 bytes,    3076648 total
- age   2:    3930856 bytes,    7007504 total
- age   3:    3961352 bytes,   10968856 total
- age   4:    6203864 bytes,   17172720 total
- age   5:    1331840 bytes,   18504560 total
- age   6:     613664 bytes,   19118224 total
- age   7:     509320 bytes,   19627544 total
- age   8:    1652496 bytes,   21280040 total
- age   9:     767568 bytes,   22047608 total
- age  10:     416408 bytes,   22464016 total
: 441663K->22002K(471872K), 0.0891301 secs] 929333K->510472K(2044736K), 0.0895006 secs]
Total time for which application threads were stopped: 0.0928466 seconds
Application time: 5.3122564 seconds
45473.586: [GC 45473.587: [ParNew
Desired survivor size 48306584 bytes, new threshold 10 (max 10)
- age   1:    5629168 bytes,    5629168 total
- age   2:    1080056 bytes,    6709224 total
- age   3:    1124776 bytes,    7834000 total
- age   4:    3960872 bytes,   11794872 total
- age   5:    6203864 bytes,   17998736 total
- age   6:    1331688 bytes,   19330424 total
- age   7:     613728 bytes,   19944152 total
- age   8:     509320 bytes,   20453472 total
- age   9:    1568768 bytes,   22022240 total
- age  10:     517072 bytes,   22539312 total
: 441458K->22076K(471872K), 0.1006152 secs] 929928K->510789K(2044736K), 0.1009929 secs]
Total time for which application threads were stopped: 0.1047565 seconds
Application time: 6.9112913 seconds
45480.602: [GC 45480.603: [ParNew
Desired survivor size 48306584 bytes, new threshold 10 (max 10)
- age   1:    7717640 bytes,    7717640 total
- age   2:    2424952 bytes,   10142592 total
- age   3:    1059832 bytes,   11202424 total
- age   4:     845000 bytes,   12047424 total
- age   5:     820168 bytes,   12867592 total
- age   6:    6203864 bytes,   19071456 total
- age   7:    1331296 bytes,   20402752 total
- age   8:     613664 bytes,   21016416 total
- age   9:     508968 bytes,   21525384 total
- age  10:    1517248 bytes,   23042632 total
: 441532K->22574K(471872K), 0.1203788 secs] 930245K->511541K(2044736K), 0.1207490 secs]
Total time for which application threads were stopped: 0.1241446 seconds
Application time: 49.1647388 seconds
45529.891: [GC 45529.891: [ParNew
Desired survivor size 48306584 bytes, new threshold 10 (max 10)
- age   1:    4979160 bytes,    4979160 total
- age   2:    5546680 bytes,   10525840 total
- age   3:    2223000 bytes,   12748840 total
- age   4:    1042304 bytes,   13791144 total
- age   5:     667672 bytes,   14458816 total
- age   6:     817728 bytes,   15276544 total
- age   7:    6203536 bytes,   21480080 total
- age   8:    1331296 bytes,   22811376 total
- age   9:     613664 bytes,   23425040 total
- age  10:     499328 bytes,   23924368 total
: 442030K->23425K(471872K), 0.0858575 secs] 930997K->513808K(2044736K), 0.0861738 secs]
Total time for which application threads were stopped: 0.0895748 seconds
Application time: 17.9433832 seconds
45547.924: [GC 45547.924: [ParNew
Desired survivor size 48306584 bytes, new threshold 10 (max 10)
- age   1:    5092376 bytes,    5092376 total
- age   2:    1126496 bytes,    6218872 total
- age   3:    4531192 bytes,   10750064 total
- age   4:     877624 bytes,   11627688 total
- age   5:    1042304 bytes,   12669992 total
- age   6:     667672 bytes,   13337664 total
- age   7:     817728 bytes,   14155392 total
- age   8:    6203536 bytes,   20358928 total
- age   9:    1331296 bytes,   21690224 total
- age  10:     610752 bytes,   22300976 total
: 442881K->21847K(471872K), 0.0962937 secs] 933264K->512637K(2044736K), 0.0966364 secs]
Total time for which application threads were stopped: 0.1000784 seconds
Application time: 30.5979809 seconds
45578.623: [GC 45578.623: [ParNew
Desired survivor size 48306584 bytes, new threshold 10 (max 10)
- age   1:   10967568 bytes,   10967568 total
- age   2:    3221264 bytes,   14188832 total
- age   3:    1029224 bytes,   15218056 total
- age   4:    1092056 bytes,   16310112 total
- age   5:     877624 bytes,   17187736 total
- age   6:    1042304 bytes,   18230040 total
- age   7:     667672 bytes,   18897712 total
- age   8:     817728 bytes,   19715440 total
- age   9:    6203536 bytes,   25918976 total
- age  10:    1331296 bytes,   27250272 total
: 441303K->26687K(471872K), 0.1032811 secs] 932093K->518068K(2044736K), 0.1037344 secs]
Total time for which application threads were stopped: 0.1074216 seconds
Application time: 21.0830062 seconds
45599.819: [GC 45599.819: [ParNew
Desired survivor size 48306584 bytes, new threshold 10 (max 10)
- age   1:    4290080 bytes,    4290080 total
- age   2:    4677936 bytes,    8968016 total
- age   3:     997960 bytes,    9965976 total
- age   4:     948880 bytes,   10914856 total
- age   5:    1092056 bytes,   12006912 total
- age   6:     877624 bytes,   12884536 total
- age   7:    1042304 bytes,   13926840 total
- age   8:     667672 bytes,   14594512 total
- age   9:     817728 bytes,   15412240 total
- age  10:    6203536 bytes,   21615776 total
: 446143K->21181K(471872K), 0.0924802 secs] 937524K->513864K(2044736K), 0.0927883 secs]
Total time for which application threads were stopped: 0.1021535 seconds
Application time: 21.0391590 seconds
45620.955: [GC 45620.955: [ParNew
Desired survivor size 48306584 bytes, new threshold 10 (max 10)
- age   1:   10786352 bytes,   10786352 total
- age   2:    2870176 bytes,   13656528 total
- age   3:    1610288 bytes,   15266816 total
- age   4:     873832 bytes,   16140648 total
- age   5:     898136 bytes,   17038784 total
- age   6:    1027008 bytes,   18065792 total
- age   7:     877624 bytes,   18943416 total
- age   8:    1042304 bytes,   19985720 total
- age   9:     667672 bytes,   20653392 total
- age  10:     817728 bytes,   21471120 total
: 440633K->21049K(471872K), 0.0864868 secs] 933316K->514956K(2044736K), 0.0868811 secs]
Total time for which application threads were stopped: 0.0910848 seconds
Application time: 43.1760841 seconds
45664.228: [GC 45664.228: [ParNew
Desired survivor size 48306584 bytes, new threshold 10 (max 10)
- age   1:    8060696 bytes,    8060696 total
- age   2:    3632904 bytes,   11693600 total
- age   3:    2548248 bytes,   14241848 total
- age   4:    1594200 bytes,   15836048 total
- age   5:     856024 bytes,   16692072 total
- age   6:     874464 bytes,   17566536 total
- age   7:     986928 bytes,   18553464 total
- age   8:     797640 bytes,   19351104 total
- age   9:    1032256 bytes,   20383360 total
- age  10:     647328 bytes,   21030688 total
: 440505K->20614K(471872K), 0.0947269 secs] 934412K->515306K(2044736K), 0.0950853 secs]
Total time for which application threads were stopped: 0.1048296 seconds
Application time: 10.3879300 seconds
45674.715: [GC 45674.716: [ParNew
Desired survivor size 48306584 bytes, new threshold 10 (max 10)
- age   1:    6155488 bytes,    6155488 total
- age   2:    4084384 bytes,   10239872 total
- age   3:    3632008 bytes,   13871880 total
- age   4:    1661872 bytes,   15533752 total
- age   5:    1061160 bytes,   16594912 total
- age   6:     856024 bytes,   17450936 total
- age   7:     874464 bytes,   18325400 total
- age   8:     986928 bytes,   19312328 total
- age   9:     797640 bytes,   20109968 total
- age  10:    1032256 bytes,   21142224 total
: 440019K->20726K(471872K), 0.0956698 secs] 934711K->516050K(2044736K), 0.0960926 secs]
Total time for which application threads were stopped: 0.1006287 seconds
Application time: 13.8857436 seconds
45688.701: [GC 45688.701: [ParNew
Desired survivor size 48306584 bytes, new threshold 10 (max 10)
- age   1:    4339928 bytes,    4339928 total
- age   2:    3481296 bytes,    7821224 total
- age   3:    3929880 bytes,   11751104 total
- age   4:    3455624 bytes,   15206728 total
- age   5:     620968 bytes,   15827696 total
- age   6:    1061144 bytes,   16888840 total
- age   7:     856024 bytes,   17744864 total
- age   8:     874464 bytes,   18619328 total
- age   9:     986928 bytes,   19606256 total
- age  10:     797640 bytes,   20403896 total
: 440182K->20007K(471872K), 0.0920857 secs] 935506K->516339K(2044736K), 0.0929407 secs]
Total time for which application threads were stopped: 0.0964564 seconds
Application time: 15.4277806 seconds
45704.225: [GC 45704.225: [ParNew
Desired survivor size 48306584 bytes, new threshold 10 (max 10)
- age   1:    2137992 bytes,    2137992 total
- age   2:    3009280 bytes,    5147272 total
- age   3:    3480888 bytes,    8628160 total
- age   4:    3929680 bytes,   12557840 total
- age   5:    3455624 bytes,   16013464 total
- age   6:     620912 bytes,   16634376 total
- age   7:    1060640 bytes,   17695016 total
- age   8:     855336 bytes,   18550352 total
- age   9:     873784 bytes,   19424136 total
- age  10:     986928 bytes,   20411064 total
: 439463K->20010K(471872K), 0.0853578 secs] 935795K->517122K(2044736K), 0.0856952 secs]
Total time for which application threads were stopped: 0.0890795 seconds
Application time: 20.3861722 seconds
45724.702: [GC 45724.702: [ParNew
Desired survivor size 48306584 bytes, new threshold 10 (max 10)
- age   1:    7069072 bytes,    7069072 total
- age   2:     615472 bytes,    7684544 total
- age   3:    2843264 bytes,   10527808 total
- age   4:    3480728 bytes,   14008536 total
- age   5:     787592 bytes,   14796128 total
- age   6:    3455624 bytes,   18251752 total
- age   7:     620856 bytes,   18872608 total
- age   8:     980216 bytes,   19852824 total
- age   9:     793000 bytes,   20645824 total
- age  10:     728848 bytes,   21374672 total
: 439416K->20952K(471872K), 0.0932004 secs] 936528K->518949K(2044736K), 0.0935894 secs]
Total time for which application threads were stopped: 0.0984641 seconds
Application time: 21.1501759 seconds
45745.957: [GC 45745.957: [ParNew
Desired survivor size 48306584 bytes, new threshold 10 (max 10)
- age   1:    6346680 bytes,    6346680 total
- age   2:    4220040 bytes,   10566720 total
- age   3:     615472 bytes,   11182192 total
- age   4:    2840824 bytes,   14023016 total
- age   5:    3480728 bytes,   17503744 total
- age   6:     786968 bytes,   18290712 total
- age   7:    1183888 bytes,   19474600 total
- age   8:     619304 bytes,   20093904 total
- age   9:     807936 bytes,   20901840 total
- age  10:     775832 bytes,   21677672 total
: 440388K->21240K(471872K), 0.0910442 secs] 938385K->519950K(2044736K), 0.0913530 secs]
Total time for which application threads were stopped: 0.1024101 seconds
Application time: 31.5179869 seconds
45777.571: [GC 45777.571: [ParNew
Desired survivor size 48306584 bytes, new threshold 10 (max 10)
- age   1:    9074680 bytes,    9074680 total
- age   2:    2336696 bytes,   11411376 total
- age   3:    4202192 bytes,   15613568 total
- age   4:     615472 bytes,   16229040 total
- age   5:    2822048 bytes,   19051088 total
- age   6:    2453400 bytes,   21504488 total
- age   7:     786968 bytes,   22291456 total
- age   8:    1183888 bytes,   23475344 total
- age   9:     619304 bytes,   24094648 total
- age  10:     807936 bytes,   24902584 total
: 440696K->24395K(471872K), 0.1017439 secs] 939406K->523862K(2044736K), 0.1020602 secs]
Total time for which application threads were stopped: 0.1065804 seconds
Application time: 18.0476935 seconds
45795.724: [GC 45795.724: [ParNew
Desired survivor size 48306584 bytes, new threshold 10 (max 10)
- age   1:    5806112 bytes,    5806112 total
- age   2:    2913728 bytes,    8719840 total
- age   3:    2334256 bytes,   11054096 total
- age   4:    4202192 bytes,   15256288 total
- age   5:     615472 bytes,   15871760 total
- age   6:    1573752 bytes,   17445512 total
- age   7:    2018064 bytes,   19463576 total
- age   8:     786968 bytes,   20250544 total
- age   9:    1183712 bytes,   21434256 total
- age  10:     619304 bytes,   22053560 total
: 443850K->21613K(471872K), 0.1053965 secs] 943317K->521869K(2044736K), 0.1057882 secs]
Total time for which application threads were stopped: 0.1091986 seconds
Application time: 21.3090250 seconds
45817.142: [GC 45817.142: [ParNew
Desired survivor size 48306584 bytes, new threshold 10 (max 10)
- age   1:    4913048 bytes,    4913048 total
- age   2:    2692312 bytes,    7605360 total
- age   3:    2912984 bytes,   10518344 total
- age   4:     500744 bytes,   11019088 total
- age   5:    4114024 bytes,   15133112 total
- age   6:     594768 bytes,   15727880 total
- age   7:    1127256 bytes,   16855136 total
- age   8:    2017376 bytes,   18872512 total
- age   9:     786480 bytes,   19658992 total
- age  10:    1183712 bytes,   20842704 total
: 441069K->20434K(471872K), 0.0993946 secs] 941325K->521295K(2044736K), 0.0997267 secs]
Total time for which application threads were stopped: 0.1030149 seconds
Application time: 38.5710377 seconds
45855.816: [GC 45855.816: [ParNew
Desired survivor size 48306584 bytes, new threshold 10 (max 10)
- age   1:    5242136 bytes,    5242136 total
- age   2:    3011032 bytes,    8253168 total
- age   3:    2497440 bytes,   10750608 total
- age   4:    2321944 bytes,   13072552 total
- age   5:     500744 bytes,   13573296 total
- age   6:    4080672 bytes,   17653968 total
- age   7:     594768 bytes,   18248736 total
- age   8:    1127256 bytes,   19375992 total
- age   9:    2017376 bytes,   21393368 total
- age  10:     786480 bytes,   22179848 total
: 439848K->21741K(471872K), 0.0964671 secs] 940709K->523758K(2044736K), 0.0967774 secs]
Total time for which application threads were stopped: 0.1002753 seconds
Application time: 5.6158779 seconds
45861.532: [GC 45861.533: [ParNew
Desired survivor size 48306584 bytes, new threshold 10 (max 10)
- age   1:    4525312 bytes,    4525312 total
- age   2:    1999680 bytes,    6524992 total
- age   3:    2507152 bytes,    9032144 total
- age   4:    1323752 bytes,   10355896 total
- age   5:    1946096 bytes,   12301992 total
- age   6:     500744 bytes,   12802736 total
- age   7:    4080672 bytes,   16883408 total
- age   8:     594768 bytes,   17478176 total
- age   9:    1127256 bytes,   18605432 total
- age  10:    2017376 bytes,   20622808 total
: 441181K->20220K(471872K), 0.1063489 secs] 943198K->523007K(2044736K), 0.1066939 secs]
Total time for which application threads were stopped: 0.1103070 seconds
Application time: 61.3429164 seconds
45922.986: [GC 45922.987: [ParNew
Desired survivor size 48306584 bytes, new threshold 10 (max 10)
- age   1:   13207560 bytes,   13207560 total
- age   2:    2759808 bytes,   15967368 total
- age   3:    1105904 bytes,   17073272 total
- age   4:    2483512 bytes,   19556784 total
- age   5:    1250560 bytes,   20807344 total
- age   6:    1881216 bytes,   22688560 total
- age   7:     487752 bytes,   23176312 total
- age   8:    1001176 bytes,   24177488 total
- age   9:     581664 bytes,   24759152 total
- age  10:    1113208 bytes,   25872360 total
: 439625K->25346K(471872K), 0.1064393 secs] 942412K->530095K(2044736K), 0.1068114 secs]
Total time for which application threads were stopped: 0.1110329 seconds
Application time: 17.0805660 seconds
45940.177: [GC 45940.178: [ParNew
Desired survivor size 48306584 bytes, new threshold 10 (max 10)
- age   1:    3875576 bytes,    3875576 total
- age   2:    5407416 bytes,    9282992 total
- age   3:     902248 bytes,   10185240 total
- age   4:    1101680 bytes,   11286920 total
- age   5:    2479856 bytes,   13766776 total
- age   6:    1247392 bytes,   15014168 total
- age   7:    1797184 bytes,   16811352 total
- age   8:     483264 bytes,   17294616 total
- age   9:     996688 bytes,   18291304 total
- age  10:     579024 bytes,   18870328 total
: 444802K->18499K(471872K), 0.0965971 secs] 949551K->524330K(2044736K), 0.0969135 secs]
Total time for which application threads were stopped: 0.1003945 seconds
Application time: 28.1271111 seconds
45968.405: [GC 45968.406: [ParNew
Desired survivor size 48306584 bytes, new threshold 10 (max 10)
- age   1:   10692560 bytes,   10692560 total
- age   2:    2375056 bytes,   13067616 total
- age   3:    2178496 bytes,   15246112 total
- age   4:     839848 bytes,   16085960 total
- age   5:    1101680 bytes,   17187640 total
- age   6:    2479856 bytes,   19667496 total
- age   7:    1247392 bytes,   20914888 total
- age   8:    1756168 bytes,   22671056 total
- age   9:     482640 bytes,   23153696 total
- age  10:     996688 bytes,   24150384 total
: 437826K->23658K(471872K), 0.0975649 secs] 943657K->530055K(2044736K), 0.0981578 secs]
Total time for which application threads were stopped: 0.1022687 seconds
Application time: 51.6233043 seconds
46020.130: [GC 46020.131: [ParNew
Desired survivor size 48306584 bytes, new threshold 10 (max 10)
- age   1:    5111320 bytes,    5111320 total
- age   2:    4378984 bytes,    9490304 total
- age   3:    2306424 bytes,   11796728 total
- age   4:    2176056 bytes,   13972784 total
- age   5:     839848 bytes,   14812632 total
- age   6:    1101680 bytes,   15914312 total
- age   7:    2479856 bytes,   18394168 total
- age   8:    1247392 bytes,   19641560 total
- age   9:    1756168 bytes,   21397728 total
- age  10:     482016 bytes,   21879744 total
: 443023K->21441K(471872K), 0.0905385 secs] 949419K->528736K(2044736K), 0.0909424 secs]
Total time for which application threads were stopped: 0.0944230 seconds
Application time: 15.7118428 seconds
46035.937: [GC 46035.938: [ParNew
Desired survivor size 48306584 bytes, new threshold 10 (max 10)
- age   1:    4279536 bytes,    4279536 total
- age   2:     920064 bytes,    5199600 total
- age   3:    4155544 bytes,    9355144 total
- age   4:    1090360 bytes,   10445504 total
- age   5:    1209528 bytes,   11655032 total
- age   6:     839848 bytes,   12494880 total
- age   7:    1101680 bytes,   13596560 total
- age   8:    2479856 bytes,   16076416 total
- age   9:    1247392 bytes,   17323808 total
- age  10:    1756040 bytes,   19079848 total
: 440897K->18713K(471872K), 0.1010288 secs] 948192K->526476K(2044736K), 0.1015457 secs]
Total time for which application threads were stopped: 0.1057523 seconds
Application time: 14.1497348 seconds
46050.192: [GC 46050.193: [ParNew
Desired survivor size 48306584 bytes, new threshold 10 (max 10)
- age   1:    6141768 bytes,    6141768 total
- age   2:    3026632 bytes,    9168400 total
- age   3:     849184 bytes,   10017584 total
- age   4:    1083248 bytes,   11100832 total
- age   5:     768152 bytes,   11868984 total
- age   6:    1209528 bytes,   13078512 total
- age   7:     839848 bytes,   13918360 total
- age   8:    1101680 bytes,   15020040 total
- age   9:    2479856 bytes,   17499896 total
- age  10:    1247392 bytes,   18747288 total
: 438169K->18386K(471872K), 0.0965290 secs] 945932K->527864K(2044736K), 0.0969558 secs]
Total time for which application threads were stopped: 0.1004277 seconds
Application time: 36.2543870 seconds
46086.547: [GC 46086.547: [ParNew
Desired survivor size 48306584 bytes, new threshold 10 (max 10)
- age   1:    6837064 bytes,    6837064 total
- age   2:    4014784 bytes,   10851848 total
- age   3:    3014168 bytes,   13866016 total
- age   4:     848856 bytes,   14714872 total
- age   5:    1082624 bytes,   15797496 total
- age   6:     768152 bytes,   16565648 total
- age   7:    1209528 bytes,   17775176 total
- age   8:     839848 bytes,   18615024 total
- age   9:     927720 bytes,   19542744 total
- age  10:    2479856 bytes,   22022600 total
: 437809K->21577K(471872K), 0.0880980 secs] 947287K->532273K(2044736K), 0.0885551 secs]
Total time for which application threads were stopped: 0.0921906 seconds
Application time: 58.4958933 seconds
46145.135: [GC 46145.136: [ParNew
Desired survivor size 48306584 bytes, new threshold 10 (max 10)
- age   1:    6457184 bytes,    6457184 total
- age   2:     310592 bytes,    6767776 total
- age   3:    4014456 bytes,   10782232 total
- age   4:    2932224 bytes,   13714456 total
- age   5:     848856 bytes,   14563312 total
- age   6:    1082624 bytes,   15645936 total
- age   7:     768152 bytes,   16414088 total
- age   8:    1209528 bytes,   17623616 total
- age   9:     839848 bytes,   18463464 total
- age  10:     918280 bytes,   19381744 total
: 441033K->18990K(471872K), 0.0795850 secs] 951729K->530505K(2044736K), 0.0800236 secs]
Total time for which application threads were stopped: 0.0833855 seconds
Application time: 102.5884360 seconds
46247.808: [GC 46247.808: [ParNew
Desired survivor size 48306584 bytes, new threshold 10 (max 10)
- age   1:    5838672 bytes,    5838672 total
- age   2:     882584 bytes,    6721256 total
- age   3:     289440 bytes,    7010696 total
- age   4:    3993552 bytes,   11004248 total
- age   5:    2915792 bytes,   13920040 total
- age   6:     836040 bytes,   14756080 total
- age   7:     862904 bytes,   15618984 total
- age   8:     748584 bytes,   16367568 total
- age   9:    1198944 bytes,   17566512 total
- age  10:     837656 bytes,   18404168 total
: 438444K->18034K(471872K), 0.0812265 secs] 949959K->530440K(2044736K), 0.0816545 secs]
Total time for which application threads were stopped: 0.0855161 seconds
Application time: 160.2491114 seconds
46408.142: [GC 46408.142: [ParNew
Desired survivor size 48306584 bytes, new threshold 10 (max 10)
- age   1:    2354712 bytes,    2354712 total
- age   2:    2795408 bytes,    5150120 total
- age   3:     800472 bytes,    5950592 total
- age   4:     282160 bytes,    6232752 total
- age   5:    3986160 bytes,   10218912 total
- age   6:    2910544 bytes,   13129456 total
- age   7:     824104 bytes,   13953560 total
- age   8:     770216 bytes,   14723776 total
- age   9:     748584 bytes,   15472360 total
- age  10:    1138320 bytes,   16610680 total
: 437490K->16281K(471872K), 0.0771169 secs] 949896K->529506K(2044736K), 0.0775616 secs]
Total time for which application threads were stopped: 0.0812051 seconds
Application time: 7.8918174 seconds
46416.115: [GC 46416.115: [ParNew
Desired survivor size 48306584 bytes, new threshold 10 (max 10)
- age   1:    4687352 bytes,    4687352 total
- age   2:     711864 bytes,    5399216 total
- age   3:    2795408 bytes,    8194624 total
- age   4:     800400 bytes,    8995024 total
- age   5:     279136 bytes,    9274160 total
- age   6:    3667904 bytes,   12942064 total
- age   7:     742632 bytes,   13684696 total
- age   8:     824104 bytes,   14508800 total
- age   9:     770216 bytes,   15279016 total
- age  10:     748584 bytes,   16027600 total
: 435723K->15713K(471872K), 0.0895854 secs] 948948K->530049K(2044736K), 0.0900245 secs]
Total time for which application threads were stopped: 0.0934974 seconds
Application time: 45.5025446 seconds
46461.712: [GC 46461.712: [ParNew
Desired survivor size 48306584 bytes, new threshold 10 (max 10)
- age   1:    4849176 bytes,    4849176 total
- age   2:    2332024 bytes,    7181200 total
- age   3:     551976 bytes,    7733176 total
- age   4:    2790256 bytes,   10523432 total
- age   5:     793840 bytes,   11317272 total
- age   6:     277840 bytes,   11595112 total
- age   7:    3667904 bytes,   15263016 total
- age   8:     742632 bytes,   16005648 total
- age   9:     824104 bytes,   16829752 total
- age  10:     770216 bytes,   17599968 total
: 435141K->17249K(471872K), 0.0772978 secs] 949477K->532316K(2044736K), 0.0776610 secs]
Total time for which application threads were stopped: 0.0821193 seconds
Application time: 5.7900821 seconds
46467.584: [GC 46467.584: [ParNew
Desired survivor size 48306584 bytes, new threshold 10 (max 10)
- age   1:    3829224 bytes,    3829224 total
- age   2:    2512776 bytes,    6342000 total
- age   3:    1009072 bytes,    7351072 total
- age   4:     551960 bytes,    7903032 total
- age   5:    2788312 bytes,   10691344 total
- age   6:     793840 bytes,   11485184 total
- age   7:     277512 bytes,   11762696 total
- age   8:    3667904 bytes,   15430600 total
- age   9:     742632 bytes,   16173232 total
- age  10:     824104 bytes,   16997336 total
: 436694K->16662K(471872K), 0.0984562 secs] 951761K->532482K(2044736K), 0.0993982 secs]
Total time for which application threads were stopped: 0.1030524 seconds
Application time: 66.2085991 seconds
46533.900: [GC 46533.900: [ParNew
Desired survivor size 48306584 bytes, new threshold 10 (max 10)
- age   1:   15752112 bytes,   15752112 total
- age   2:    2006328 bytes,   17758440 total
- age   3:    2183808 bytes,   19942248 total
- age   4:     991544 bytes,   20933792 total
- age   5:     423648 bytes,   21357440 total
- age   6:    2690440 bytes,   24047880 total
- age   7:     793840 bytes,   24841720 total
- age   8:     277512 bytes,   25119232 total
- age   9:     606296 bytes,   25725528 total
- age  10:     742632 bytes,   26468160 total
: 435949K->25906K(471872K), 0.0796102 secs] 951769K->542530K(2044736K), 0.0799925 secs]
Total time for which application threads were stopped: 0.0879327 seconds
Application time: 57.3483566 seconds
46591.331: [GC 46591.332: [ParNew
Desired survivor size 48306584 bytes, new threshold 10 (max 10)
- age   1:    7421544 bytes,    7421544 total
- age   2:    3845064 bytes,   11266608 total
- age   3:    2002136 bytes,   13268744 total
- age   4:    2181240 bytes,   15449984 total
- age   5:     905520 bytes,   16355504 total
- age   6:     411352 bytes,   16766856 total
- age   7:     595312 bytes,   17362168 total
- age   8:     776616 bytes,   18138784 total
- age   9:     277512 bytes,   18416296 total
- age  10:     606296 bytes,   19022592 total
: 445362K->18632K(471872K), 0.0753431 secs] 961986K->535981K(2044736K), 0.0756735 secs]
Total time for which application threads were stopped: 0.0790222 seconds
Application time: 58.3243609 seconds
46649.735: [GC 46649.735: [ParNew
Desired survivor size 48306584 bytes, new threshold 10 (max 10)
- age   1:   11336616 bytes,   11336616 total
- age   2:    1210960 bytes,   12547576 total
- age   3:    3664784 bytes,   16212360 total
- age   4:    2002136 bytes,   18214496 total
- age   5:    2181240 bytes,   20395736 total
- age   6:     803536 bytes,   21199272 total
- age   7:     310904 bytes,   21510176 total
- age   8:     594824 bytes,   22105000 total
- age   9:     776616 bytes,   22881616 total
- age  10:     277512 bytes,   23159128 total
: 438038K->22662K(471872K), 0.0738885 secs] 955388K->540604K(2044736K), 0.0741984 secs]
Total time for which application threads were stopped: 0.0774954 seconds
Application time: 27.2692400 seconds
46677.082: [GC 46677.082: [ParNew
Desired survivor size 48306584 bytes, new threshold 10 (max 10)
- age   1:    4561480 bytes,    4561480 total
- age   2:    4763664 bytes,    9325144 total
- age   3:    1210752 bytes,   10535896 total
- age   4:    3640136 bytes,   14176032 total
- age   5:    1453352 bytes,   15629384 total
- age   6:     841672 bytes,   16471056 total
- age   7:     803536 bytes,   17274592 total
- age   8:     302168 bytes,   17576760 total
- age   9:     594824 bytes,   18171584 total
- age  10:     776616 bytes,   18948200 total
: 442118K->18565K(471872K), 0.0769094 secs] 960060K->536777K(2044736K), 0.0772152 secs]
Total time for which application threads were stopped: 0.0805656 seconds
Application time: 35.3401146 seconds
46712.503: [GC 46712.503: [ParNew
Desired survivor size 48306584 bytes, new threshold 10 (max 10)
- age   1:    9822120 bytes,    9822120 total
- age   2:    1609640 bytes,   11431760 total
- age   3:    1166368 bytes,   12598128 total
- age   4:    1193464 bytes,   13791592 total
- age   5:    3640136 bytes,   17431728 total
- age   6:     877024 bytes,   18308752 total
- age   7:     841672 bytes,   19150424 total
- age   8:     802080 bytes,   19952504 total
- age   9:     297656 bytes,   20250160 total
- age  10:     594136 bytes,   20844296 total
: 438021K->20423K(471872K), 0.0848421 secs] 956233K->539394K(2044736K), 0.0851528 secs]
Total time for which application threads were stopped: 0.0886771 seconds
Application time: 17.6078789 seconds
46730.199: [GC 46730.200: [ParNew
Desired survivor size 48306584 bytes, new threshold 10 (max 10)
- age   1:    3297328 bytes,    3297328 total
- age   2:    6888680 bytes,   10186008 total
- age   3:     862776 bytes,   11048784 total
- age   4:    1166368 bytes,   12215152 total
- age   5:    1193464 bytes,   13408616 total
- age   6:    3640136 bytes,   17048752 total
- age   7:     877024 bytes,   17925776 total
- age   8:     833560 bytes,   18759336 total
- age   9:     802080 bytes,   19561416 total
- age  10:     297656 bytes,   19859072 total
: 439879K->19469K(471872K), 0.0973882 secs] 958850K->539020K(2044736K), 0.0977507 secs]
Total time for which application threads were stopped: 0.1015748 seconds
Application time: 17.9018210 seconds
46748.203: [GC 46748.203: [ParNew
Desired survivor size 48306584 bytes, new threshold 10 (max 10)
- age   1:    4987392 bytes,    4987392 total
- age   2:    1882568 bytes,    6869960 total
- age   3:    5331120 bytes,   12201080 total
- age   4:     862152 bytes,   13063232 total
- age   5:    1166368 bytes,   14229600 total
- age   6:    1193464 bytes,   15423064 total
- age   7:    3640136 bytes,   19063200 total
- age   8:     877024 bytes,   19940224 total
- age   9:     621440 bytes,   20561664 total
- age  10:     104576 bytes,   20666240 total
: 438925K->20253K(471872K), 0.0976984 secs] 958476K->540095K(2044736K), 0.0980443 secs]
Total time for which application threads were stopped: 0.1015523 seconds
Application time: 22.9076670 seconds
46771.212: [GC 46771.212: [ParNew
Desired survivor size 48306584 bytes, new threshold 10 (max 10)
- age   1:    4717640 bytes,    4717640 total
- age   2:    3522264 bytes,    8239904 total
- age   3:    1512112 bytes,    9752016 total
- age   4:    5328680 bytes,   15080696 total
- age   5:     861824 bytes,   15942520 total
- age   6:    1166368 bytes,   17108888 total
- age   7:    1193464 bytes,   18302352 total
- age   8:    3638680 bytes,   21941032 total
- age   9:     877024 bytes,   22818056 total
- age  10:     421544 bytes,   23239600 total
: 439700K->22777K(471872K), 0.0890390 secs] 959542K->542685K(2044736K), 0.0893431 secs]
Total time for which application threads were stopped: 0.0927004 seconds
Application time: 26.7104927 seconds
46798.015: [GC 46798.015: [ParNew
Desired survivor size 48306584 bytes, new threshold 10 (max 10)
- age   1:    1662408 bytes,    1662408 total
- age   2:     935432 bytes,    2597840 total
- age   3:    3302040 bytes,    5899880 total
- age   4:    1512112 bytes,    7411992 total
- age   5:    5327648 bytes,   12739640 total
- age   6:     781384 bytes,   13521024 total
- age   7:    1166368 bytes,   14687392 total
- age   8:    1192840 bytes,   15880232 total
- age   9:    3631784 bytes,   19512016 total
- age  10:     679192 bytes,   20191208 total
: 442233K->19791K(471872K), 0.0842415 secs] 962141K->540074K(2044736K), 0.0845881 secs]
Total time for which application threads were stopped: 0.0882031 seconds
Application time: 44.3031796 seconds
46842.407: [GC 46842.407: [ParNew
Desired survivor size 48306584 bytes, new threshold 10 (max 10)
- age   1:    7505400 bytes,    7505400 total
- age   2:     388408 bytes,    7893808 total
- age   3:     899960 bytes,    8793768 total
- age   4:    3227296 bytes,   12021064 total
- age   5:    1500128 bytes,   13521192 total
- age   6:    2467568 bytes,   15988760 total
- age   7:     768496 bytes,   16757256 total
- age   8:    1149848 bytes,   17907104 total
- age   9:    1098336 bytes,   19005440 total
- age  10:     557152 bytes,   19562592 total
: 439243K->19176K(471872K), 0.0851167 secs] 959527K->540122K(2044736K), 0.0854402 secs]
Total time for which application threads were stopped: 0.0895897 seconds
Application time: 61.0331904 seconds
46903.529: [GC 46903.530: [ParNew
Desired survivor size 48306584 bytes, new threshold 10 (max 10)
- age   1:   14185200 bytes,   14185200 total
- age   2:    2551256 bytes,   16736456 total
- age   3:     384184 bytes,   17120640 total
- age   4:     897400 bytes,   18018040 total
- age   5:    2238160 bytes,   20256200 total
- age   6:    1496456 bytes,   21752656 total
- age   7:    2404040 bytes,   24156696 total
- age   8:     763744 bytes,   24920440 total
- age   9:    1072000 bytes,   25992440 total
- age  10:    1081448 bytes,   27073888 total
: 438631K->26508K(471872K), 0.0875224 secs] 959578K->547999K(2044736K), 0.0883219 secs]
Total time for which application threads were stopped: 0.0918683 seconds
Application time: 13.9634484 seconds
46917.608: [GC 46917.609: [ParNew
Desired survivor size 48306584 bytes, new threshold 10 (max 10)
- age   1:    4671440 bytes,    4671440 total
- age   2:    5034952 bytes,    9706392 total
- age   3:    2315312 bytes,   12021704 total
- age   4:     384184 bytes,   12405888 total
- age   5:     701976 bytes,   13107864 total
- age   6:     681512 bytes,   13789376 total
- age   7:    1445288 bytes,   15234664 total
- age   8:    2375256 bytes,   17609920 total
- age   9:     763744 bytes,   18373664 total
- age  10:    1067632 bytes,   19441296 total
: 445964K->19059K(471872K), 0.0906807 secs] 967455K->541595K(2044736K), 0.0910537 secs]
Total time for which application threads were stopped: 0.1184031 seconds
Application time: 33.0820578 seconds
46950.786: [GC 46950.786: [ParNew
Desired survivor size 48306584 bytes, new threshold 10 (max 10)
- age   1:   12515488 bytes,   12515488 total
- age   2:    3023976 bytes,   15539464 total
- age   3:     873312 bytes,   16412776 total
- age   4:     831840 bytes,   17244616 total
- age   5:     384184 bytes,   17628800 total
- age   6:     701976 bytes,   18330776 total
- age   7:     681512 bytes,   19012288 total
- age   8:    1443976 bytes,   20456264 total
- age   9:    2375120 bytes,   22831384 total
- age  10:     762288 bytes,   23593672 total
: 438510K->23125K(471872K), 0.0906178 secs] 961046K->546698K(2044736K), 0.0909366 secs]
Total time for which application threads were stopped: 0.0948846 seconds
Application time: 13.1403735 seconds
46964.021: [GC 46964.021: [ParNew
Desired survivor size 48306584 bytes, new threshold 10 (max 10)
- age   1:    3238952 bytes,    3238952 total
- age   2:    6406512 bytes,    9645464 total
- age   3:    1589280 bytes,   11234744 total
- age   4:     873312 bytes,   12108056 total
- age   5:     831840 bytes,   12939896 total
- age   6:     384184 bytes,   13324080 total
- age   7:     701976 bytes,   14026056 total
- age   8:     681512 bytes,   14707568 total
- age   9:    1443976 bytes,   16151544 total
- age  10:    2375120 bytes,   18526664 total
: 442572K->18165K(471872K), 0.0853443 secs] 966145K->542480K(2044736K), 0.0856987 secs]
Total time for which application threads were stopped: 0.0898148 seconds
Application time: 19.5834241 seconds
46983.694: [GC 46983.694: [ParNew
Desired survivor size 48306584 bytes, new threshold 10 (max 10)
- age   1:    5726968 bytes,    5726968 total
- age   2:    1373432 bytes,    7100400 total
- age   3:    6406448 bytes,   13506848 total
- age   4:    1079424 bytes,   14586272 total
- age   5:     872688 bytes,   15458960 total
- age   6:     831840 bytes,   16290800 total
- age   7:     384184 bytes,   16674984 total
- age   8:     701976 bytes,   17376960 total
- age   9:     681512 bytes,   18058472 total
- age  10:    1443976 bytes,   19502448 total
: 437563K->19116K(471872K), 0.1023928 secs] 961878K->545749K(2044736K), 0.1027037 secs]
Total time for which application threads were stopped: 0.1061904 seconds
Application time: 34.9963802 seconds
47018.796: [GC 47018.797: [ParNew
Desired survivor size 48306584 bytes, new threshold 10 (max 10)
- age   1:   13575544 bytes,   13575544 total
- age   2:    2132104 bytes,   15707648 total
- age   3:    1294008 bytes,   17001656 total
- age   4:    3235680 bytes,   20237336 total
- age   5:    1079096 bytes,   21316432 total
- age   6:     872688 bytes,   22189120 total
- age   7:     831840 bytes,   23020960 total
- age   8:     383560 bytes,   23404520 total
- age   9:     701976 bytes,   24106496 total
- age  10:     681512 bytes,   24788008 total
: 438344K->24271K(471872K), 0.0870015 secs] 964977K->552314K(2044736K), 0.0873330 secs]
Total time for which application threads were stopped: 0.0908546 seconds
Application time: 118.7425996 seconds
47137.630: [GC 47137.630: [ParNew
Desired survivor size 48306584 bytes, new threshold 10 (max 10)
- age   1:    7938920 bytes,    7938920 total
- age   2:    1124072 bytes,    9062992 total
- age   3:    1618184 bytes,   10681176 total
- age   4:     825136 bytes,   11506312 total
- age   5:    2242808 bytes,   13749120 total
- age   6:    1001424 bytes,   14750544 total
- age   7:     778504 bytes,   15529048 total
- age   8:     807984 bytes,   16337032 total
- age   9:     345920 bytes,   16682952 total
- age  10:     697536 bytes,   17380488 total
: 443727K->17036K(471872K), 0.0785948 secs] 971770K->545741K(2044736K), 0.0789245 secs]
Total time for which application threads were stopped: 0.0825216 seconds
Application time: 47.5993538 seconds
47185.312: [GC 47185.312: [ParNew
Desired survivor size 48306584 bytes, new threshold 10 (max 10)
- age   1:    3235600 bytes,    3235600 total
- age   2:    5907736 bytes,    9143336 total
- age   3:    1055912 bytes,   10199248 total
- age   4:    1062776 bytes,   11262024 total
- age   5:     273944 bytes,   11535968 total
- age   6:    2239808 bytes,   13775776 total
- age   7:     979440 bytes,   14755216 total
- age   8:     762416 bytes,   15517632 total
- age   9:     807984 bytes,   16325616 total
- age  10:     345920 bytes,   16671536 total
: 436492K->16345K(471872K), 0.0902534 secs] 965197K->545731K(2044736K), 0.0906094 secs]
Total time for which application threads were stopped: 0.0943426 seconds
Application time: 57.4479414 seconds
47242.854: [GC 47242.854: [ParNew
Desired survivor size 48306584 bytes, new threshold 10 (max 10)
- age   1:    9614400 bytes,    9614400 total
- age   2:    2292368 bytes,   11906768 total
- age   3:    4719952 bytes,   16626720 total
- age   4:    1055784 bytes,   17682504 total
- age   5:    1062776 bytes,   18745280 total
- age   6:     273944 bytes,   19019224 total
- age   7:    2171960 bytes,   21191184 total
- age   8:     965152 bytes,   22156336 total
- age   9:     762416 bytes,   22918752 total
- age  10:     807984 bytes,   23726736 total
: 435772K->23239K(471872K), 0.0859420 secs] 965158K->552963K(2044736K), 0.0862755 secs]
Total time for which application threads were stopped: 0.0897382 seconds
Application time: 7.7853144 seconds
47250.729: [GC 47250.730: [ParNew
Desired survivor size 48306584 bytes, new threshold 10 (max 10)
- age   1:    6961632 bytes,    6961632 total
- age   2:    2991784 bytes,    9953416 total
- age   3:    1262256 bytes,   11215672 total
- age   4:    4353336 bytes,   15569008 total
- age   5:    1055784 bytes,   16624792 total
- age   6:    1062776 bytes,   17687568 total
- age   7:     273944 bytes,   17961512 total
- age   8:    2170448 bytes,   20131960 total
- age   9:     965152 bytes,   21097112 total
- age  10:     762416 bytes,   21859528 total
: 442695K->21427K(471872K), 0.0916213 secs] 972419K->551940K(2044736K), 0.0919124 secs]
Total time for which application threads were stopped: 0.0953952 seconds
Application time: 44.3955887 seconds
47295.224: [GC 47295.224: [ParNew
Desired survivor size 48306584 bytes, new threshold 10 (max 10)
- age   1:    2480232 bytes,    2480232 total
- age   2:    5824344 bytes,    8304576 total
- age   3:    2908960 bytes,   11213536 total
- age   4:    1262256 bytes,   12475792 total
- age   5:    4266944 bytes,   16742736 total
- age   6:    1052872 bytes,   17795608 total
- age   7:    1055496 bytes,   18851104 total
- age   8:     272488 bytes,   19123592 total
- age   9:    2170384 bytes,   21293976 total
- age  10:     965152 bytes,   22259128 total
: 440873K->21820K(471872K), 0.0945427 secs] 971386K->553078K(2044736K), 0.0948648 secs]
Total time for which application threads were stopped: 0.1021554 seconds
Application time: 23.1737483 seconds
47318.498: [GC 47318.498: [ParNew
Desired survivor size 48306584 bytes, new threshold 10 (max 10)
- age   1:    4885968 bytes,    4885968 total
- age   2:    1165576 bytes,    6051544 total
- age   3:    5803888 bytes,   11855432 total
- age   4:    1889592 bytes,   13745024 total
- age   5:    1196960 bytes,   14941984 total
- age   6:    4187296 bytes,   19129280 total
- age   7:     982528 bytes,   20111808 total
- age   8:     947352 bytes,   21059160 total
- age   9:     272488 bytes,   21331648 total
- age  10:    2170384 bytes,   23502032 total
: 441186K->23025K(471872K), 0.0974481 secs] 972444K->555225K(2044736K), 0.0983875 secs]
Total time for which application threads were stopped: 0.1035497 seconds
Application time: 22.1526526 seconds
47340.753: [GC 47340.753: [ParNew
Desired survivor size 48306584 bytes, new threshold 10 (max 10)
- age   1:    4800288 bytes,    4800288 total
- age   2:    2055008 bytes,    6855296 total
- age   3:    1133496 bytes,    7988792 total
- age   4:    1660360 bytes,    9649152 total
- age   5:    1808944 bytes,   11458096 total
- age   6:    1196960 bytes,   12655056 total
- age   7:    4181248 bytes,   16836304 total
- age   8:     982528 bytes,   17818832 total
- age   9:     946056 bytes,   18764888 total
- age  10:     272488 bytes,   19037376 total
: 442481K->18668K(471872K), 0.0930560 secs] 974681K->552988K(2044736K), 0.0933938 secs]
Total time for which application threads were stopped: 0.0969642 seconds
Application time: 22.5042698 seconds
47363.357: [GC 47363.357: [ParNew
Desired survivor size 48306584 bytes, new threshold 10 (max 10)
- age   1:   13018504 bytes,   13018504 total
- age   2:    3340120 bytes,   16358624 total
- age   3:    2000760 bytes,   18359384 total
- age   4:     827792 bytes,   19187176 total
- age   5:    1660360 bytes,   20847536 total
- age   6:    1808944 bytes,   22656480 total
- age   7:    1117512 bytes,   23773992 total
- age   8:     910696 bytes,   24684688 total
- age   9:     982528 bytes,   25667216 total
- age  10:     918080 bytes,   26585296 total
: 438098K->26045K(471872K), 0.0943271 secs] 972418K->560631K(2044736K), 0.0946663 secs]
Total time for which application threads were stopped: 0.1015034 seconds
Application time: 36.0878778 seconds
47399.543: [GC 47399.543: [ParNew
Desired survivor size 48306584 bytes, new threshold 10 (max 10)
- age   1:    3859896 bytes,    3859896 total
- age   2:    4151648 bytes,    8011544 total
- age   3:    3338808 bytes,   11350352 total
- age   4:    1621472 bytes,   12971824 total
- age   5:     827728 bytes,   13799552 total
- age   6:    1660360 bytes,   15459912 total
- age   7:    1808784 bytes,   17268696 total
- age   8:    1033296 bytes,   18301992 total
- age   9:     865024 bytes,   19167016 total
- age  10:     982528 bytes,   20149544 total
: 445308K->19753K(471872K), 0.0977409 secs] 979894K->555235K(2044736K), 0.0981436 secs]
Total time for which application threads were stopped: 0.1015670 seconds
Application time: 56.9066908 seconds
47456.552: [GC 47456.552: [ParNew
Desired survivor size 48306584 bytes, new threshold 10 (max 10)
- age   1:    5907080 bytes,    5907080 total
- age   2:     851208 bytes,    6758288 total
- age   3:    4106096 bytes,   10864384 total
- age   4:    2930144 bytes,   13794528 total
- age   5:     533648 bytes,   14328176 total
- age   6:     812408 bytes,   15140584 total
- age   7:    1645112 bytes,   16785696 total
- age   8:    1792224 bytes,   18577920 total
- age   9:    1018904 bytes,   19596824 total
- age  10:     847856 bytes,   20444680 total
: 439208K->20045K(471872K), 0.1022289 secs] 974691K->556487K(2044736K), 0.1025610 secs]
Total time for which application threads were stopped: 0.1061521 seconds
Application time: 16.2492767 seconds
47472.907: [GC 47472.907: [ParNew
Desired survivor size 48306584 bytes, new threshold 10 (max 10)
- age   1:    3421320 bytes,    3421320 total
- age   2:    3587408 bytes,    7008728 total
- age   3:     851208 bytes,    7859936 total
- age   4:    4080952 bytes,   11940888 total
- age   5:    1126592 bytes,   13067480 total
- age   6:     434312 bytes,   13501792 total
- age   7:     812408 bytes,   14314200 total
- age   8:    1645112 bytes,   15959312 total
- age   9:    1792224 bytes,   17751536 total
- age  10:    1017448 bytes,   18768984 total
: 439494K->18406K(471872K), 0.0953947 secs] 975936K->555676K(2044736K), 0.0957050 secs]
Total time for which application threads were stopped: 0.0991427 seconds
Application time: 103.4646156 seconds
47576.472: [GC 47576.472: [ParNew
Desired survivor size 48306584 bytes, new threshold 10 (max 10)
- age   1:    5068968 bytes,    5068968 total
- age   2:    1995152 bytes,    7064120 total
- age   3:    1866384 bytes,    8930504 total
- age   4:     830520 bytes,    9761024 total
- age   5:    4039744 bytes,   13800768 total
- age   6:    1123160 bytes,   14923928 total
- age   7:     431744 bytes,   15355672 total
- age   8:     803048 bytes,   16158720 total
- age   9:    1578408 bytes,   17737128 total
- age  10:    1780992 bytes,   19518120 total
: 437862K->19133K(471872K), 0.0908111 secs] 975132K->557379K(2044736K), 0.0911473 secs]
Total time for which application threads were stopped: 0.0955453 seconds
Application time: 7.8192176 seconds
47584.386: [GC 47584.386: [ParNew
Desired survivor size 48306584 bytes, new threshold 10 (max 10)
- age   1:    4118048 bytes,    4118048 total
- age   2:    3138824 bytes,    7256872 total
- age   3:     808432 bytes,    8065304 total
- age   4:    1060624 bytes,    9125928 total
- age   5:     749760 bytes,    9875688 total
- age   6:    4032216 bytes,   13907904 total
- age   7:     915520 bytes,   14823424 total
- age   8:     431744 bytes,   15255168 total
- age   9:     803048 bytes,   16058216 total
- age  10:    1578408 bytes,   17636624 total
: 438589K->17292K(471872K), 0.0973053 secs] 976835K->557244K(2044736K), 0.0976278 secs]
Total time for which application threads were stopped: 0.1015439 seconds
Application time: 34.6696138 seconds
47619.157: [GC 47619.158: [ParNew
Desired survivor size 48306584 bytes, new threshold 10 (max 10)
- age   1:    3693056 bytes,    3693056 total
- age   2:    2085656 bytes,    5778712 total
- age   3:    2522952 bytes,    8301664 total
- age   4:     808432 bytes,    9110096 total
- age   5:    1059512 bytes,   10169608 total
- age   6:     629800 bytes,   10799408 total
- age   7:    4032216 bytes,   14831624 total
- age   8:     915520 bytes,   15747144 total
- age   9:     428832 bytes,   16175976 total
- age  10:     750320 bytes,   16926296 total
: 436748K->16593K(471872K), 0.0930937 secs] 976700K->558086K(2044736K), 0.0935029 secs]
Total time for which application threads were stopped: 0.0975958 seconds
Application time: 14.7995441 seconds
47634.054: [GC 47634.054: [ParNew
Desired survivor size 48306584 bytes, new threshold 10 (max 10)
- age   1:   11510528 bytes,   11510528 total
- age   2:    2145136 bytes,   13655664 total
- age   3:     996864 bytes,   14652528 total
- age   4:    2381160 bytes,   17033688 total
- age   5:     808432 bytes,   17842120 total
- age   6:    1059512 bytes,   18901632 total
- age   7:     629800 bytes,   19531432 total
- age   8:     861888 bytes,   20393320 total
- age   9:     913712 bytes,   21307032 total
- age  10:     428432 bytes,   21735464 total
: 436049K->21290K(471872K), 0.0930080 secs] 977542K->563516K(2044736K), 0.0933052 secs]
Total time for which application threads were stopped: 0.0968476 seconds
Application time: 5.5180983 seconds
47639.669: [GC 47639.669: [ParNew
Desired survivor size 48306584 bytes, new threshold 10 (max 10)
- age   1:    4580072 bytes,    4580072 total
- age   2:    4517360 bytes,    9097432 total
- age   3:     914504 bytes,   10011936 total
- age   4:     996864 bytes,   11008800 total
- age   5:    2381160 bytes,   13389960 total
- age   6:     808432 bytes,   14198392 total
- age   7:    1059512 bytes,   15257904 total
- age   8:     629800 bytes,   15887704 total
- age   9:     861888 bytes,   16749592 total
- age  10:     910800 bytes,   17660392 total
: 440745K->17323K(471872K), 0.0938750 secs] 982971K->559967K(2044736K), 0.0941874 secs]
Total time for which application threads were stopped: 0.0976564 seconds
Application time: 19.8619223 seconds
47659.629: [GC 47659.629: [ParNew
Desired survivor size 48306584 bytes, new threshold 10 (max 10)
- age   1:    3344808 bytes,    3344808 total
- age   2:    3108792 bytes,    6453600 total
- age   3:    4300200 bytes,   10753800 total
- age   4:     911640 bytes,   11665440 total
- age   5:     996864 bytes,   12662304 total
- age   6:    2380536 bytes,   15042840 total
- age   7:     808432 bytes,   15851272 total
- age   8:    1059512 bytes,   16910784 total
- age   9:     629800 bytes,   17540584 total
- age  10:     861560 bytes,   18402144 total
: 436723K->18034K(471872K), 0.0923678 secs] 979367K->561568K(2044736K), 0.0932230 secs]
Total time for which application threads were stopped: 0.0969690 seconds
Application time: 42.5583810 seconds
47702.284: [GC 47702.285: [ParNew
Desired survivor size 48306584 bytes, new threshold 10 (max 10)
- age   1:    4952200 bytes,    4952200 total
- age   2:    1060960 bytes,    6013160 total
- age   3:    3074088 bytes,    9087248 total
- age   4:    4282952 bytes,   13370200 total
- age   5:     849400 bytes,   14219600 total
- age   6:     840368 bytes,   15059968 total
- age   7:    2363336 bytes,   17423304 total
- age   8:     794488 bytes,   18217792 total
- age   9:    1042600 bytes,   19260392 total
- age  10:     615072 bytes,   19875464 total
: 437489K->19480K(471872K), 0.0799767 secs] 981023K->563855K(2044736K), 0.0803214 secs]
Total time for which application threads were stopped: 0.0840259 seconds
Application time: 40.7436571 seconds
47743.112: [GC 47743.112: [ParNew
Desired survivor size 48306584 bytes, new threshold 10 (max 10)
- age   1:    4989096 bytes,    4989096 total
- age   2:     542712 bytes,    5531808 total
- age   3:     976816 bytes,    6508624 total
- age   4:    3074088 bytes,    9582712 total
- age   5:    1220632 bytes,   10803344 total
- age   6:     786960 bytes,   11590304 total
- age   7:     840368 bytes,   12430672 total
- age   8:    2363336 bytes,   14794008 total
- age   9:     794488 bytes,   15588496 total
- age  10:    1038096 bytes,   16626592 total
: 438935K->16301K(471872K), 0.0730105 secs] 983310K->561215K(2044736K), 0.0733237 secs]
Total time for which application threads were stopped: 0.0767702 seconds
Application time: 35.1096255 seconds
47778.298: [GC 47778.299: [ParNew
Desired survivor size 48306584 bytes, new threshold 10 (max 10)
- age   1:    4972280 bytes,    4972280 total
- age   2:    3919776 bytes,    8892056 total
- age   3:     539808 bytes,    9431864 total
- age   4:     669464 bytes,   10101328 total
- age   5:    3069864 bytes,   13171192 total
- age   6:    1131728 bytes,   14302920 total
- age   7:     771424 bytes,   15074344 total
- age   8:     836072 bytes,   15910416 total
- age   9:    2357648 bytes,   18268064 total
- age  10:     790280 bytes,   19058344 total
: 435750K->18679K(471872K), 0.0796892 secs] 980664K->564605K(2044736K), 0.0800198 secs]
Total time for which application threads were stopped: 0.0834785 seconds
Application time: 13.6684129 seconds
47792.050: [GC 47792.050: [ParNew
Desired survivor size 48306584 bytes, new threshold 10 (max 10)
- age   1:    5604760 bytes,    5604760 total
- age   2:     835496 bytes,    6440256 total
- age   3:    3796104 bytes,   10236360 total
- age   4:     422824 bytes,   10659184 total
- age   5:     669464 bytes,   11328648 total
- age   6:    1309224 bytes,   12637872 total
- age   7:     959664 bytes,   13597536 total
- age   8:     771424 bytes,   14368960 total
- age   9:     836072 bytes,   15205032 total
- age  10:    2351824 bytes,   17556856 total
: 438133K->17222K(471872K), 0.0926293 secs] 984058K->563920K(2044736K), 0.0929813 secs]
Total time for which application threads were stopped: 0.0964568 seconds
Application time: 28.6376690 seconds
47820.785: [GC 47820.785: [ParNew
Desired survivor size 48306584 bytes, new threshold 10 (max 10)
- age   1:   10537544 bytes,   10537544 total
- age   2:    4641792 bytes,   15179336 total
- age   3:     817728 bytes,   15997064 total
- age   4:     729296 bytes,   16726360 total
- age   5:     422824 bytes,   17149184 total
- age   6:     669464 bytes,   17818648 total
- age   7:    1309224 bytes,   19127872 total
- age   8:     959664 bytes,   20087536 total
- age   9:     771424 bytes,   20858960 total
- age  10:     836072 bytes,   21695032 total
: 436658K->21267K(471872K), 0.1002955 secs] 983356K->570246K(2044736K), 0.1006528 secs]
Total time for which application threads were stopped: 0.1043404 seconds
Application time: 51.5582236 seconds
47872.447: [GC 47872.447: [ParNew
Desired survivor size 48306584 bytes, new threshold 10 (max 10)
- age   1:    6109560 bytes,    6109560 total
- age   2:    3837712 bytes,    9947272 total
- age   3:    4525592 bytes,   14472864 total
- age   4:     735008 bytes,   15207872 total
- age   5:     729296 bytes,   15937168 total
- age   6:     422824 bytes,   16359992 total
- age   7:     669464 bytes,   17029456 total
- age   8:    1309224 bytes,   18338680 total
- age   9:     959664 bytes,   19298344 total
- age  10:     771424 bytes,   20069768 total
: 440723K->19665K(471872K), 0.0912235 secs] 989702K->569461K(2044736K), 0.0915420 secs]
Total time for which application threads were stopped: 0.0949975 seconds
Application time: 91.9518331 seconds
47964.494: [GC 47964.494: [ParNew
Desired survivor size 48306584 bytes, new threshold 10 (max 10)
- age   1:    5599552 bytes,    5599552 total
- age   2:    5189472 bytes,   10789024 total
- age   3:    3757168 bytes,   14546192 total
- age   4:    3541960 bytes,   18088152 total
- age   5:     734392 bytes,   18822544 total
- age   6:     729296 bytes,   19551840 total
- age   7:     422824 bytes,   19974664 total
- age   8:     492392 bytes,   20467056 total
- age   9:    1306312 bytes,   21773368 total
- age  10:     897424 bytes,   22670792 total
: 439121K->22205K(471872K), 0.0962588 secs] 988917K->572751K(2044736K), 0.0966066 secs]
Total time for which application threads were stopped: 0.1001075 seconds
Application time: 3.6779378 seconds
47968.272: [GC 47968.272: [ParNew
Desired survivor size 48306584 bytes, new threshold 10 (max 10)
- age   1:    5072368 bytes,    5072368 total
- age   2:    1183952 bytes,    6256320 total
- age   3:    5189472 bytes,   11445792 total
- age   4:    3757168 bytes,   15202960 total
- age   5:    3170208 bytes,   18373168 total
- age   6:     734392 bytes,   19107560 total
- age   7:     729296 bytes,   19836856 total
- age   8:     422040 bytes,   20258896 total
- age   9:     492392 bytes,   20751288 total
- age  10:    1306312 bytes,   22057600 total
: 441661K->21616K(471872K), 0.0900945 secs] 992207K->573038K(2044736K), 0.0904059 secs]
Total time for which application threads were stopped: 0.0937968 seconds
Application time: 9.6103296 seconds
47977.976: [GC 47977.976: [ParNew
Desired survivor size 48306584 bytes, new threshold 10 (max 10)
- age   1:    5267544 bytes,    5267544 total
- age   2:    1862640 bytes,    7130184 total
- age   3:     945904 bytes,    8076088 total
- age   4:    5175584 bytes,   13251672 total
- age   5:    3736952 bytes,   16988624 total
- age   6:    2583240 bytes,   19571864 total
- age   7:     644880 bytes,   20216744 total
- age   8:     716528 bytes,   20933272 total
- age   9:     404608 bytes,   21337880 total
- age  10:     461080 bytes,   21798960 total
: 441072K->21359K(471872K), 0.1073942 secs] 992494K->573533K(2044736K), 0.1076994 secs]
Total time for which application threads were stopped: 0.1112041 seconds
Application time: 66.7426439 seconds
48044.830: [GC 48044.830: [ParNew
Desired survivor size 48306584 bytes, new threshold 10 (max 10)
- age   1:    8381688 bytes,    8381688 total
- age   2:    2968728 bytes,   11350416 total
- age   3:    1861040 bytes,   13211456 total
- age   4:     689304 bytes,   13900760 total
- age   5:    5175584 bytes,   19076344 total
- age   6:     692120 bytes,   19768464 total
- age   7:    2566464 bytes,   22334928 total
- age   8:     644880 bytes,   22979808 total
- age   9:     714928 bytes,   23694736 total
- age  10:     401696 bytes,   24096432 total
: 440756K->23600K(471872K), 0.0890709 secs] 992931K->576225K(2044736K), 0.0893873 secs]
Total time for which application threads were stopped: 0.0929038 seconds
Application time: 20.3676160 seconds
48065.291: [GC 48065.291: [ParNew
Desired survivor size 48306584 bytes, new threshold 10 (max 10)
- age   1:    7279744 bytes,    7279744 total
- age   2:    3974416 bytes,   11254160 total
- age   3:    1131416 bytes,   12385576 total
- age   4:     836088 bytes,   13221664 total
- age   5:     689304 bytes,   13910968 total
- age   6:     953560 bytes,   14864528 total
- age   7:     692120 bytes,   15556648 total
- age   8:    2566464 bytes,   18123112 total
- age   9:     639728 bytes,   18762840 total
- age  10:     714928 bytes,   19477768 total
: 443056K->19091K(471872K), 0.0905987 secs] 995681K->572108K(2044736K), 0.0913785 secs]
Total time for which application threads were stopped: 0.0950212 seconds
Application time: 30.5872081 seconds
48095.973: [GC 48095.973: [ParNew
Desired survivor size 48306584 bytes, new threshold 10 (max 10)
- age   1:    7732904 bytes,    7732904 total
- age   2:    4745440 bytes,   12478344 total
- age   3:    3963784 bytes,   16442128 total
- age   4:     952944 bytes,   17395072 total
- age   5:     834504 bytes,   18229576 total
- age   6:     624456 bytes,   18854032 total
- age   7:     870280 bytes,   19724312 total
- age   8:     688160 bytes,   20412472 total
- age   9:    2563824 bytes,   22976296 total
- age  10:     638272 bytes,   23614568 total
: 438520K->23138K(471872K), 0.0946696 secs] 991537K->576853K(2044736K), 0.0950200 secs]
Total time for which application threads were stopped: 0.0987547 seconds
Application time: 6.2634939 seconds
48102.335: [GC 48102.335: [ParNew
Desired survivor size 48306584 bytes, new threshold 10 (max 10)
- age   1:    4023960 bytes,    4023960 total
- age   2:    2110552 bytes,    6134512 total
- age   3:    3410112 bytes,    9544624 total
- age   4:    3963584 bytes,   13508208 total
- age   5:     952944 bytes,   14461152 total
- age   6:     834504 bytes,   15295656 total
- age   7:     624512 bytes,   15920168 total
- age   8:     809976 bytes,   16730144 total
- age   9:     605480 bytes,   17335624 total
- age  10:    2563824 bytes,   19899448 total
: 442594K->19511K(471872K), 0.0917098 secs] 996309K->573552K(2044736K), 0.0920080 secs]
Total time for which application threads were stopped: 0.0954306 seconds
Application time: 42.3893022 seconds
48144.820: [GC 48144.820: [ParNew
Desired survivor size 48306584 bytes, new threshold 10 (max 10)
- age   1:    3270824 bytes,    3270824 total
- age   2:    2559712 bytes,    5830536 total
- age   3:    2076600 bytes,    7907136 total
- age   4:    3311744 bytes,   11218880 total
- age   5:    3963584 bytes,   15182464 total
- age   6:     952944 bytes,   16135408 total
- age   7:     834504 bytes,   16969912 total
- age   8:     624456 bytes,   17594368 total
- age   9:     722704 bytes,   18317072 total
- age  10:     597832 bytes,   18914904 total
: 438967K->18541K(471872K), 0.0960878 secs] 993008K->575085K(2044736K), 0.0963960 secs]
Total time for which application threads were stopped: 0.0997881 seconds
Application time: 17.5370680 seconds
48162.457: [GC 48162.457: [ParNew
Desired survivor size 48306584 bytes, new threshold 10 (max 10)
- age   1:    4645648 bytes,    4645648 total
- age   2:    1383080 bytes,    6028728 total
- age   3:    2240712 bytes,    8269440 total
- age   4:    1049448 bytes,    9318888 total
- age   5:    3311568 bytes,   12630456 total
- age   6:    3963584 bytes,   16594040 total
- age   7:     952944 bytes,   17546984 total
- age   8:     834504 bytes,   18381488 total
- age   9:     624456 bytes,   19005944 total
- age  10:     718336 bytes,   19724280 total
: 437995K->19339K(471872K), 0.0881226 secs] 994539K->576467K(2044736K), 0.0884621 secs]
Total time for which application threads were stopped: 0.0919844 seconds
Application time: 37.7871408 seconds
48200.336: [GC 48200.337: [ParNew
Desired survivor size 48306584 bytes, new threshold 10 (max 10)
- age   1:    7303440 bytes,    7303440 total
- age   2:    3853880 bytes,   11157320 total
- age   3:    1161592 bytes,   12318912 total
- age   4:    2170128 bytes,   14489040 total
- age   5:     968992 bytes,   15458032 total
- age   6:     972864 bytes,   16430896 total
- age   7:     901976 bytes,   17332872 total
- age   8:     952944 bytes,   18285816 total
- age   9:     834504 bytes,   19120320 total
- age  10:     615096 bytes,   19735416 total
: 438795K->19350K(471872K), 0.0848102 secs] 995923K->577178K(2044736K), 0.0851453 secs]
Total time for which application threads were stopped: 0.0887130 seconds
Application time: 42.7018156 seconds
48243.127: [GC 48243.127: [ParNew
Desired survivor size 48306584 bytes, new threshold 10 (max 10)
- age   1:    7044936 bytes,    7044936 total
- age   2:    2327096 bytes,    9372032 total
- age   3:    3843056 bytes,   13215088 total
- age   4:     951896 bytes,   14166984 total
- age   5:     857560 bytes,   15024544 total
- age   6:     968920 bytes,   15993464 total
- age   7:     972864 bytes,   16966328 total
- age   8:     901544 bytes,   17867872 total
- age   9:     952944 bytes,   18820816 total
- age  10:     834504 bytes,   19655320 total
: 438799K->19274K(471872K), 0.0877258 secs] 996627K->577695K(2044736K), 0.0880509 secs]
Total time for which application threads were stopped: 0.0916622 seconds
Application time: 22.0266332 seconds
48265.245: [GC 48265.245: [ParNew
Desired survivor size 48306584 bytes, new threshold 10 (max 10)
- age   1:    3847288 bytes,    3847288 total
- age   2:    4747512 bytes,    8594800 total
- age   3:    2258928 bytes,   10853728 total
- age   4:    2555096 bytes,   13408824 total
- age   5:     951896 bytes,   14360720 total
- age   6:     857560 bytes,   15218280 total
- age   7:     968864 bytes,   16187144 total
- age   8:     972376 bytes,   17159520 total
- age   9:     901488 bytes,   18061008 total
- age  10:     935848 bytes,   18996856 total
: 438730K->18631K(471872K), 0.0956220 secs] 997151K->577806K(2044736K), 0.0960778 secs]
Total time for which application threads were stopped: 0.0997676 seconds
Application time: 17.1078341 seconds
48282.453: [GC 48282.453: [ParNew
Desired survivor size 48306584 bytes, new threshold 10 (max 10)
- age   1:    8316488 bytes,    8316488 total
- age   2:    2532336 bytes,   10848824 total
- age   3:    1992752 bytes,   12841576 total
- age   4:    2237800 bytes,   15079376 total
- age   5:    2547400 bytes,   17626776 total
- age   6:     937504 bytes,   18564280 total
- age   7:     846696 bytes,   19410976 total
- age   8:     954424 bytes,   20365400 total
- age   9:     961008 bytes,   21326408 total
- age  10:     805720 bytes,   22132128 total
: 438045K->21685K(471872K), 0.0918662 secs] 997221K->581759K(2044736K), 0.0921803 secs]
Total time for which application threads were stopped: 0.0955684 seconds
Application time: 52.6943054 seconds
48335.243: [GC 48335.243: [ParNew
Desired survivor size 48306584 bytes, new threshold 10 (max 10)
- age   1:   16929088 bytes,   16929088 total
- age   2:    3766344 bytes,   20695432 total
- age   3:    2523592 bytes,   23219024 total
- age   4:     780640 bytes,   23999664 total
- age   5:     738384 bytes,   24738048 total
- age   6:    2547400 bytes,   27285448 total
- age   7:     937504 bytes,   28222952 total
- age   8:     846640 bytes,   29069592 total
- age   9:     954424 bytes,   30024016 total
- age  10:     961008 bytes,   30985024 total
: 440880K->30335K(471872K), 0.0913136 secs] 1000954K->591189K(2044736K), 0.0916408 secs]
Total time for which application threads were stopped: 0.0951549 seconds
Application time: 54.3911309 seconds
48389.729: [GC 48389.729: [ParNew
Desired survivor size 48306584 bytes, new threshold 10 (max 10)
- age   1:    2739632 bytes,    2739632 total
- age   2:    4807040 bytes,    7546672 total
- age   3:    3761440 bytes,   11308112 total
- age   4:    2519632 bytes,   13827744 total
- age   5:     759192 bytes,   14586936 total
- age   6:     733896 bytes,   15320832 total
- age   7:    2544760 bytes,   17865592 total
- age   8:     933712 bytes,   18799304 total
- age   9:     842680 bytes,   19641984 total
- age  10:     947792 bytes,   20589776 total
: 449791K->20180K(471872K), 0.0857322 secs] 1010645K->581965K(2044736K), 0.0860253 secs]
Total time for which application threads were stopped: 0.0893800 seconds
Application time: 80.2761786 seconds
48470.095: [GC 48470.095: [ParNew
Desired survivor size 48306584 bytes, new threshold 10 (max 10)
- age   1:   22186912 bytes,   22186912 total
- age   2:     620440 bytes,   22807352 total
- age   3:    2139560 bytes,   24946912 total
- age   4:    3700432 bytes,   28647344 total
- age   5:    2519200 bytes,   31166544 total
- age   6:     759192 bytes,   31925736 total
- age   7:     733272 bytes,   32659008 total
- age   8:    2543832 bytes,   35202840 total
- age   9:     914640 bytes,   36117480 total
- age  10:     839768 bytes,   36957248 total
: 439424K->36163K(471872K), 0.1108333 secs] 1001209K->598873K(2044736K), 0.1111595 secs]
Total time for which application threads were stopped: 0.1151509 seconds
Application time: 75.1713946 seconds
48545.382: [GC 48545.382: [ParNew
Desired survivor size 48306584 bytes, new threshold 10 (max 10)
- age   1:    5824024 bytes,    5824024 total
- age   2:    3340056 bytes,    9164080 total
- age   3:     619968 bytes,    9784048 total
- age   4:    2139232 bytes,   11923280 total
- age   5:    3700432 bytes,   15623712 total
- age   6:    1377360 bytes,   17001072 total
- age   7:     750104 bytes,   17751176 total
- age   8:     726216 bytes,   18477392 total
- age   9:    2483208 bytes,   20960600 total
- age  10:     914640 bytes,   21875240 total
: 455619K->21434K(471872K), 0.0962138 secs] 1018329K->584964K(2044736K), 0.0965750 secs]
Total time for which application threads were stopped: 0.1004706 seconds
Application time: 10.2299635 seconds
48555.712: [GC 48555.712: [ParNew
Desired survivor size 48306584 bytes, new threshold 10 (max 10)
- age   1:    7307584 bytes,    7307584 total
- age   2:    1882608 bytes,    9190192 total
- age   3:    3339848 bytes,   12530040 total
- age   4:     619968 bytes,   13150008 total
- age   5:    2139008 bytes,   15289016 total
- age   6:    2823168 bytes,   18112184 total
- age   7:     603400 bytes,   18715584 total
- age   8:     750104 bytes,   19465688 total
- age   9:     726088 bytes,   20191776 total
- age  10:    2483208 bytes,   22674984 total
: 440846K->22212K(471872K), 0.0952765 secs] 1004377K->586636K(2044736K), 0.0956024 secs]
Total time for which application threads were stopped: 0.0992597 seconds
Application time: 71.7353749 seconds
48627.547: [GC 48627.547: [ParNew
Desired survivor size 48306584 bytes, new threshold 10 (max 10)
- age   1:    1811344 bytes,    1811344 total
- age   2:    3037768 bytes,    4849112 total
- age   3:    1801408 bytes,    6650520 total
- age   4:    3244944 bytes,    9895464 total
- age   5:     604512 bytes,   10499976 total
- age   6:    2115960 bytes,   12615936 total
- age   7:    2809560 bytes,   15425496 total
- age   8:     600488 bytes,   16025984 total
- age   9:     750104 bytes,   16776088 total
- age  10:     726088 bytes,   17502176 total
: 441668K->17143K(471872K), 0.1027928 secs] 1006092K->583991K(2044736K), 0.1031381 secs]
Total time for which application threads were stopped: 0.1070338 seconds
Application time: 52.3901591 seconds
48680.044: [GC 48680.044: [ParNew
Desired survivor size 48306584 bytes, new threshold 10 (max 10)
- age   1:    6081960 bytes,    6081960 total
- age   2:     625840 bytes,    6707800 total
- age   3:    3031832 bytes,    9739632 total
- age   4:    1801408 bytes,   11541040 total
- age   5:     819064 bytes,   12360104 total
- age   6:     598688 bytes,   12958792 total
- age   7:     773368 bytes,   13732160 total
- age   8:     962048 bytes,   14694208 total
- age   9:     600488 bytes,   15294696 total
- age  10:     750104 bytes,   16044800 total
: 436598K->15725K(471872K), 0.0689962 secs] 1003447K->583204K(2044736K), 0.0693125 secs]
Total time for which application threads were stopped: 0.0726367 seconds
Application time: 72.9413199 seconds
48753.058: [GC 48753.058: [ParNew
Desired survivor size 48306584 bytes, new threshold 10 (max 10)
- age   1:    4971320 bytes,    4971320 total
- age   2:    4399928 bytes,    9371248 total
- age   3:     613584 bytes,    9984832 total
- age   4:    2571000 bytes,   12555832 total
- age   5:     769240 bytes,   13325072 total
- age   6:     798568 bytes,   14123640 total
- age   7:     584136 bytes,   14707776 total
- age   8:     773368 bytes,   15481144 total
- age   9:     962048 bytes,   16443192 total
- age  10:     600488 bytes,   17043680 total
: 435146K->16713K(471872K), 0.0860845 secs] 1002625K->584924K(2044736K), 0.0864202 secs]
Total time for which application threads were stopped: 0.0900665 seconds
Application time: 29.5292358 seconds
48782.677: [GC 48782.678: [ParNew
Desired survivor size 48306584 bytes, new threshold 10 (max 10)
- age   1:   13991328 bytes,   13991328 total
- age   2:    4460128 bytes,   18451456 total
- age   3:    3754912 bytes,   22206368 total
- age   4:     602544 bytes,   22808912 total
- age   5:     894792 bytes,   23703704 total
- age   6:     769240 bytes,   24472944 total
- age   7:     793696 bytes,   25266640 total
- age   8:     583944 bytes,   25850584 total
- age   9:     773200 bytes,   26623784 total
- age  10:     959120 bytes,   27582904 total
: 436049K->27006K(471872K), 0.1032969 secs] 1004261K->595801K(2044736K), 0.1036436 secs]
Total time for which application threads were stopped: 0.1075253 seconds
Application time: 21.7895995 seconds
48804.664: [GC 48804.664: [ParNew
Desired survivor size 48306584 bytes, new threshold 10 (max 10)
- age   1:   12998384 bytes,   12998384 total
- age   2:    5137008 bytes,   18135392 total
- age   3:    4019448 bytes,   22154840 total
- age   4:     626736 bytes,   22781576 total
- age   5:     602528 bytes,   23384104 total
- age   6:     814800 bytes,   24198904 total
- age   7:     702568 bytes,   24901472 total
- age   8:     732656 bytes,   25634128 total
- age   9:     583944 bytes,   26218072 total
- age  10:     692752 bytes,   26910824 total
: 446459K->26344K(471872K), 0.0940106 secs] 1015254K->596076K(2044736K), 0.0943217 secs]
Total time for which application threads were stopped: 0.1874249 seconds
Application time: 13.8925157 seconds
48818.654: [GC 48818.654: [ParNew
Desired survivor size 48306584 bytes, new threshold 10 (max 10)
- age   1:    1848328 bytes,    1848328 total
- age   2:    5656720 bytes,    7505048 total
- age   3:    5126568 bytes,   12631616 total
- age   4:    4019288 bytes,   16650904 total
- age   5:     626736 bytes,   17277640 total
- age   6:     601904 bytes,   17879544 total
- age   7:     814800 bytes,   18694344 total
- age   8:     685272 bytes,   19379616 total
- age   9:     732656 bytes,   20112272 total
- age  10:     583944 bytes,   20696216 total
: 445800K->20279K(471872K), 0.0866999 secs] 1015532K->590687K(2044736K), 0.0870130 secs]
Total time for which application threads were stopped: 0.0904758 seconds
Application time: 15.8804536 seconds
48834.625: [GC 48834.625: [ParNew
Desired survivor size 48306584 bytes, new threshold 10 (max 10)
- age   1:    2191504 bytes,    2191504 total
- age   2:     549400 bytes,    2740904 total
- age   3:    5576520 bytes,    8317424 total
- age   4:    5126208 bytes,   13443632 total
- age   5:    4019288 bytes,   17462920 total
- age   6:     626736 bytes,   18089656 total
- age   7:     601904 bytes,   18691560 total
- age   8:     814800 bytes,   19506360 total
- age   9:     680608 bytes,   20186968 total
- age  10:     732656 bytes,   20919624 total
: 439734K->20489K(471872K), 0.0953725 secs] 1010143K->591468K(2044736K), 0.0956982 secs]
Total time for which application threads were stopped: 0.0992491 seconds
Application time: 66.0066145 seconds
48900.731: [GC 48900.731: [ParNew
Desired survivor size 48306584 bytes, new threshold 10 (max 10)
- age   1:    4804512 bytes,    4804512 total
- age   2:     361952 bytes,    5166464 total
- age   3:     343872 bytes,    5510336 total
- age   4:    5400880 bytes,   10911216 total
- age   5:    4966312 bytes,   15877528 total
- age   6:    4010560 bytes,   19888088 total
- age   7:     605232 bytes,   20493320 total
- age   8:     584488 bytes,   21077808 total
- age   9:     814656 bytes,   21892464 total
- age  10:     680608 bytes,   22573072 total
: 439945K->22106K(471872K), 0.0844880 secs] 1010924K->593800K(2044736K), 0.0853109 secs]
Total time for which application threads were stopped: 0.0889735 seconds
Application time: 23.4766341 seconds
48924.297: [GC 48924.297: [ParNew
Desired survivor size 48306584 bytes, new threshold 10 (max 10)
- age   1:    3984992 bytes,    3984992 total
- age   2:     885544 bytes,    4870536 total
- age   3:     361496 bytes,    5232032 total
- age   4:     232936 bytes,    5464968 total
- age   5:    5400880 bytes,   10865848 total
- age   6:    4905448 bytes,   15771296 total
- age   7:    3026112 bytes,   18797408 total
- age   8:     605232 bytes,   19402640 total
- age   9:     580648 bytes,   19983288 total
- age  10:     814656 bytes,   20797944 total
: 441487K->20378K(471872K), 0.0936780 secs] 1013181K->592737K(2044736K), 0.0939837 secs]
Total time for which application threads were stopped: 0.0975108 seconds
Application time: 21.0131641 seconds
48945.408: [GC 48945.408: [ParNew
Desired survivor size 48306584 bytes, new threshold 10 (max 10)
- age   1:    2941552 bytes,    2941552 total
- age   2:    1173432 bytes,    4114984 total
- age   3:     885176 bytes,    5000160 total
- age   4:     361384 bytes,    5361544 total
- age   5:     232152 bytes,    5593696 total
- age   6:    5400880 bytes,   10994576 total
- age   7:    4904944 bytes,   15899520 total
- age   8:    2654424 bytes,   18553944 total
- age   9:     600720 bytes,   19154664 total
- age  10:     580504 bytes,   19735168 total
: 439834K->19333K(471872K), 0.0817558 secs] 1012193K->592487K(2044736K), 0.0820664 secs]
Total time for which application threads were stopped: 0.0855002 seconds
Application time: 71.0384690 seconds
49016.532: [GC 49016.532: [ParNew
Desired survivor size 48306584 bytes, new threshold 10 (max 10)
- age   1:    8240040 bytes,    8240040 total
- age   2:     749696 bytes,    8989736 total
- age   3:    1016768 bytes,   10006504 total
- age   4:     885176 bytes,   10891680 total
- age   5:     361304 bytes,   11252984 total
- age   6:     232072 bytes,   11485056 total
- age   7:    5399896 bytes,   16884952 total
- age   8:    1113296 bytes,   17998248 total
- age   9:    2571432 bytes,   20569680 total
- age  10:     588288 bytes,   21157968 total
: 438772K->20724K(471872K), 0.1061177 secs] 1011927K->594445K(2044736K), 0.1064421 secs]
Total time for which application threads were stopped: 0.1099695 seconds
Application time: 5.8005558 seconds
49022.442: [GC 49022.442: [ParNew
Desired survivor size 48306584 bytes, new threshold 10 (max 10)
- age   1:    4421952 bytes,    4421952 total
- age   2:    2198528 bytes,    6620480 total
- age   3:     274040 bytes,    6894520 total
- age   4:    1016768 bytes,    7911288 total
- age   5:     804624 bytes,    8715912 total
- age   6:     361304 bytes,    9077216 total
- age   7:     232072 bytes,    9309288 total
- age   8:    5399896 bytes,   14709184 total
- age   9:    1113296 bytes,   15822480 total
- age  10:    2568520 bytes,   18391000 total
: 440180K->18020K(471872K), 0.0901999 secs] 1013901K->592315K(2044736K), 0.0905010 secs]
Total time for which application threads were stopped: 0.0939384 seconds
Application time: 137.4772914 seconds
49160.014: [GC 49160.014: [ParNew
Desired survivor size 48306584 bytes, new threshold 10 (max 10)
- age   1:    5485616 bytes,    5485616 total
- age   2:    2389360 bytes,    7874976 total
- age   3:    1783592 bytes,    9658568 total
- age   4:     271400 bytes,    9929968 total
- age   5:    1013600 bytes,   10943568 total
- age   6:     798024 bytes,   11741592 total
- age   7:     355888 bytes,   12097480 total
- age   8:     224392 bytes,   12321872 total
- age   9:    2332512 bytes,   14654384 total
- age  10:    1106328 bytes,   15760712 total
: 437476K->15437K(471872K), 0.0909130 secs] 1011771K->592231K(2044736K), 0.0912771 secs]
Total time for which application threads were stopped: 0.0953423 seconds
Application time: 188.2589527 seconds
49348.369: [GC 49348.369: [ParNew
Desired survivor size 48306584 bytes, new threshold 10 (max 10)
- age   1:    8270496 bytes,    8270496 total
- age   2:    4072352 bytes,   12342848 total
- age   3:    2113880 bytes,   14456728 total
- age   4:     403544 bytes,   14860272 total
- age   5:     171640 bytes,   15031912 total
- age   6:    1001944 bytes,   16033856 total
- age   7:     782536 bytes,   16816392 total
- age   8:     353248 bytes,   17169640 total
- age   9:     222808 bytes,   17392448 total
- age  10:     674200 bytes,   18066648 total
: 434789K->17683K(471872K), 0.0745948 secs] 1011583K->595465K(2044736K), 0.0749358 secs]
Total time for which application threads were stopped: 0.0791585 seconds
Application time: 16.8865593 seconds
49365.334: [GC 49365.334: [ParNew
Desired survivor size 48306584 bytes, new threshold 10 (max 10)
- age   1:    7971312 bytes,    7971312 total
- age   2:    4608040 bytes,   12579352 total
- age   3:     137528 bytes,   12716880 total
- age   4:      49744 bytes,   12766624 total
- age   5:     403400 bytes,   13170024 total
- age   6:     171640 bytes,   13341664 total
- age   7:    1001944 bytes,   14343608 total
- age   8:     782536 bytes,   15126144 total
- age   9:     353248 bytes,   15479392 total
- age  10:     222808 bytes,   15702200 total
: 437139K->15376K(471872K), 0.0715974 secs] 1014921K->593816K(2044736K), 0.0719136 secs]
Total time for which application threads were stopped: 0.0753415 seconds
Application time: 62.1935188 seconds
49427.603: [GC 49427.603: [ParNew
Desired survivor size 48306584 bytes, new threshold 10 (max 10)
- age   1:   10503608 bytes,   10503608 total
- age   2:    6083224 bytes,   16586832 total
- age   3:     879952 bytes,   17466784 total
- age   4:      90456 bytes,   17557240 total
- age   5:      49744 bytes,   17606984 total
- age   6:     403400 bytes,   18010384 total
- age   7:     171640 bytes,   18182024 total
- age   8:    1001944 bytes,   19183968 total
- age   9:     782536 bytes,   19966504 total
- age  10:     353304 bytes,   20319808 total
: 434784K->19890K(471872K), 0.0843806 secs] 1013225K->598549K(2044736K), 0.0847260 secs]
Total time for which application threads were stopped: 0.0887098 seconds
Application time: 7.0104518 seconds
49434.704: [GC 49434.704: [ParNew
Desired survivor size 48306584 bytes, new threshold 10 (max 10)
- age   1:    4868848 bytes,    4868848 total
- age   2:    6208744 bytes,   11077592 total
- age   3:    4245008 bytes,   15322600 total
- age   4:     879952 bytes,   16202552 total
- age   5:      85904 bytes,   16288456 total
- age   6:      49744 bytes,   16338200 total
- age   7:     403400 bytes,   16741600 total
- age   8:     171640 bytes,   16913240 total
- age   9:    1001944 bytes,   17915184 total
- age  10:     782536 bytes,   18697720 total
: 439338K->18307K(471872K), 0.0771584 secs] 1017997K->597232K(2044736K), 0.0775110 secs]
Total time for which application threads were stopped: 0.0832338 seconds
Application time: 4.0877861 seconds
49438.873: [GC 49438.873: [ParNew
Desired survivor size 48306584 bytes, new threshold 10 (max 10)
- age   1:    4250808 bytes,    4250808 total
- age   2:    2060168 bytes,    6310976 total
- age   3:    5278016 bytes,   11588992 total
- age   4:    4245032 bytes,   15834024 total
- age   5:     879952 bytes,   16713976 total
- age   6:      85904 bytes,   16799880 total
- age   7:      49744 bytes,   16849624 total
- age   8:     403400 bytes,   17253024 total
- age   9:     171640 bytes,   17424664 total
- age  10:    1001944 bytes,   18426608 total
: 437725K->18048K(471872K), 0.0739266 secs] 1016650K->597737K(2044736K), 0.0742561 secs]
Total time for which application threads were stopped: 0.0777929 seconds
Application time: 18.6201397 seconds
49457.571: [GC 49457.571: [ParNew
Desired survivor size 48306584 bytes, new threshold 10 (max 10)
- age   1:    3736768 bytes,    3736768 total
- age   2:    2339280 bytes,    6076048 total
- age   3:     801000 bytes,    6877048 total
- age   4:    5161720 bytes,   12038768 total
- age   5:    4244680 bytes,   16283448 total
- age   6:     879496 bytes,   17162944 total
- age   7:      84448 bytes,   17247392 total
- age   8:      49744 bytes,   17297136 total
- age   9:     403400 bytes,   17700536 total
- age  10:     171640 bytes,   17872176 total
: 437473K->17506K(471872K), 0.0934889 secs] 1017163K->598173K(2044736K), 0.0943714 secs]
Total time for which application threads were stopped: 0.0982000 seconds
Application time: 74.1526062 seconds
49531.822: [GC 49531.822: [ParNew
Desired survivor size 48306584 bytes, new threshold 10 (max 10)
- age   1:    7816608 bytes,    7816608 total
- age   2:    2041976 bytes,    9858584 total
- age   3:    2248824 bytes,   12107408 total
- age   4:     703584 bytes,   12810992 total
- age   5:    1425320 bytes,   14236312 total
- age   6:     919248 bytes,   15155560 total
- age   7:     856552 bytes,   16012112 total
- age   8:      84448 bytes,   16096560 total
- age   9:      49744 bytes,   16146304 total
- age  10:     403400 bytes,   16549704 total
: 436946K->16216K(471872K), 0.0697286 secs] 1017614K->597051K(2044736K), 0.0700574 secs]
Total time for which application threads were stopped: 0.0736591 seconds
Application time: 138.3527004 seconds
49670.248: [GC 49670.249: [ParNew
Desired survivor size 48306584 bytes, new threshold 10 (max 10)
- age   1:   11490680 bytes,   11490680 total
- age   2:    4013648 bytes,   15504328 total
- age   3:    2036432 bytes,   17540760 total
- age   4:    2245568 bytes,   19786328 total
- age   5:     698304 bytes,   20484632 total
- age   6:    1105488 bytes,   21590120 total
- age   7:     913832 bytes,   22503952 total
- age   8:     824544 bytes,   23328496 total
- age   9:      84448 bytes,   23412944 total
- age  10:      49744 bytes,   23462688 total
: 435605K->22968K(471872K), 0.0812516 secs] 1016440K->603927K(2044736K), 0.0815876 secs]
Total time for which application threads were stopped: 0.0854091 seconds
Application time: 87.3874606 seconds
49757.724: [GC 49757.724: [ParNew
Desired survivor size 48306584 bytes, new threshold 10 (max 10)
- age   1:    5462504 bytes,    5462504 total
- age   2:    5280272 bytes,   10742776 total
- age   3:    4004008 bytes,   14746784 total
- age   4:     955632 bytes,   15702416 total
- age   5:     960760 bytes,   16663176 total
- age   6:     635304 bytes,   17298480 total
- age   7:    1097096 bytes,   18395576 total
- age   8:     913832 bytes,   19309408 total
- age   9:     824544 bytes,   20133952 total
- age  10:      84448 bytes,   20218400 total
: 442424K->19802K(471872K), 0.0824689 secs] 1023383K->600810K(2044736K), 0.0827861 secs]
Total time for which application threads were stopped: 0.0888711 seconds
Application time: 17.7727361 seconds
49775.583: [GC 49775.583: [ParNew
Desired survivor size 48306584 bytes, new threshold 10 (max 10)
- age   1:    5265712 bytes,    5265712 total
- age   2:    3172752 bytes,    8438464 total
- age   3:    5270520 bytes,   13708984 total
- age   4:    3988104 bytes,   17697088 total
- age   5:     830584 bytes,   18527672 total
- age   6:     960760 bytes,   19488432 total
- age   7:     635304 bytes,   20123736 total
- age   8:    1097096 bytes,   21220832 total
- age   9:     913832 bytes,   22134664 total
- age  10:     824544 bytes,   22959208 total
: 439221K->22498K(471872K), 0.0870067 secs] 1020229K->603588K(2044736K), 0.0873023 secs]
Total time for which application threads were stopped: 0.0907616 seconds
Application time: 25.6210304 seconds
49801.295: [GC 49801.295: [ParNew
Desired survivor size 48306584 bytes, new threshold 10 (max 10)
- age   1:    8297416 bytes,    8297416 total
- age   2:    3085024 bytes,   11382440 total
- age   3:     966048 bytes,   12348488 total
- age   4:    5270520 bytes,   17619008 total
- age   5:     923584 bytes,   18542592 total
- age   6:     830584 bytes,   19373176 total
- age   7:     960760 bytes,   20333936 total
- age   8:     635304 bytes,   20969240 total
- age   9:    1097096 bytes,   22066336 total
- age  10:     913832 bytes,   22980168 total
: 441776K->22524K(471872K), 0.1026243 secs] 1022866K->604419K(2044736K), 0.1029648 secs]
Total time for which application threads were stopped: 0.1065642 seconds
Application time: 23.0067387 seconds
49824.414: [GC 49824.415: [ParNew
Desired survivor size 48306584 bytes, new threshold 10 (max 10)
- age   1:    4771224 bytes,    4771224 total
- age   2:    5271504 bytes,   10042728 total
- age   3:    2113720 bytes,   12156448 total
- age   4:     963608 bytes,   13120056 total
- age   5:    5270520 bytes,   18390576 total
- age   6:     923584 bytes,   19314160 total
- age   7:     827992 bytes,   20142152 total
- age   8:     906432 bytes,   21048584 total
- age   9:     190376 bytes,   21238960 total
- age  10:     774880 bytes,   22013840 total
: 441980K->21575K(471872K), 0.1014936 secs] 1023875K->604362K(2044736K), 0.1018245 secs]
Total time for which application threads were stopped: 0.1120745 seconds
Application time: 15.6999449 seconds
49840.220: [GC 49840.220: [ParNew
Desired survivor size 48306584 bytes, new threshold 10 (max 10)
- age   1:    7163616 bytes,    7163616 total
- age   2:    1649896 bytes,    8813512 total
- age   3:    4823376 bytes,   13636888 total
- age   4:    2113720 bytes,   15750608 total
- age   5:     884104 bytes,   16634712 total
- age   6:    1881952 bytes,   18516664 total
- age   7:     859752 bytes,   19376416 total
- age   8:     791600 bytes,   20168016 total
- age   9:     383768 bytes,   20551784 total
- age  10:     113928 bytes,   20665712 total
: 441031K->20260K(471872K), 0.1196877 secs] 1023818K->603804K(2044736K), 0.1200374 secs]
Total time for which application threads were stopped: 0.1236516 seconds
Application time: 6.9031205 seconds
49847.260: [GC 49847.260: [ParNew
Desired survivor size 48306584 bytes, new threshold 10 (max 10)
- age   1:    7287992 bytes,    7287992 total
- age   2:    3657344 bytes,   10945336 total
- age   3:     743856 bytes,   11689192 total
- age   4:    4823376 bytes,   16512568 total
- age   5:    2113720 bytes,   18626288 total
- age   6:     884104 bytes,   19510392 total
- age   7:    1863272 bytes,   21373664 total
- age   8:     842552 bytes,   22216216 total
- age   9:     353392 bytes,   22569608 total
- age  10:     374152 bytes,   22943760 total
: 439716K->22492K(471872K), 0.1235209 secs] 1023260K->606147K(2044736K), 0.1238357 secs]
Total time for which application threads were stopped: 0.1407102 seconds
Application time: 10.4471283 seconds
49857.835: [GC 49857.835: [ParNew
Desired survivor size 48306584 bytes, new threshold 10 (max 10)
- age   1:    3530328 bytes,    3530328 total
- age   2:    2790976 bytes,    6321304 total
- age   3:    2986552 bytes,    9307856 total
- age   4:     743856 bytes,   10051712 total
- age   5:    4823376 bytes,   14875088 total
- age   6:    2105768 bytes,   16980856 total
- age   7:     884104 bytes,   17864960 total
- age   8:    1858648 bytes,   19723608 total
- age   9:     791840 bytes,   20515448 total
- age  10:     260440 bytes,   20775888 total
: 441948K->20373K(471872K), 0.1172357 secs] 1025603K->604393K(2044736K), 0.1175493 secs]
Total time for which application threads were stopped: 0.1215686 seconds
Application time: 3.3700589 seconds
49861.327: [GC 49861.327: [ParNew
Desired survivor size 48306584 bytes, new threshold 10 (max 10)
- age   1:    6505280 bytes,    6505280 total
- age   2:    1844800 bytes,    8350080 total
- age   3:     968720 bytes,    9318800 total
- age   4:    2986552 bytes,   12305352 total
- age   5:     743856 bytes,   13049208 total
- age   6:    4822344 bytes,   17871552 total
- age   7:    2105768 bytes,   19977320 total
- age   8:     884104 bytes,   20861424 total
- age   9:    1857192 bytes,   22718616 total
- age  10:     791840 bytes,   23510456 total
: 439780K->23057K(471872K), 0.1308982 secs] 1023801K->607332K(2044736K), 0.1312238 secs]
Total time for which application threads were stopped: 0.1357061 seconds
Application time: 5.5281948 seconds
49866.991: [GC 49866.991: [ParNew
Desired survivor size 48306584 bytes, new threshold 10 (max 10)
- age   1:   10105224 bytes,   10105224 total
- age   2:    4420680 bytes,   14525904 total
- age   3:    1763352 bytes,   16289256 total
- age   4:     968704 bytes,   17257960 total
- age   5:    2986480 bytes,   20244440 total
- age   6:     743856 bytes,   20988296 total
- age   7:    1760736 bytes,   22749032 total
- age   8:    2105768 bytes,   24854800 total
- age   9:     884104 bytes,   25738904 total
- age  10:    1697216 bytes,   27436120 total
: 442504K->26900K(471872K), 0.1851349 secs] 1026780K->611933K(2044736K), 0.1859572 secs]
Total time for which application threads were stopped: 0.1897187 seconds
Application time: 30.4487196 seconds
49897.629: [GC 49897.629: [ParNew
Desired survivor size 48306584 bytes, new threshold 10 (max 10)
- age   1:    6446912 bytes,    6446912 total
- age   2:    1671312 bytes,    8118224 total
- age   3:    3821928 bytes,   11940152 total
- age   4:    1664616 bytes,   13604768 total
- age   5:     856368 bytes,   14461136 total
- age   6:    2882608 bytes,   17343744 total
- age   7:     717848 bytes,   18061592 total
- age   8:    1760736 bytes,   19822328 total
- age   9:    1994944 bytes,   21817272 total
- age  10:     819392 bytes,   22636664 total
: 446356K->22209K(471872K), 0.1225626 secs] 1031389K->608892K(2044736K), 0.1228729 secs]
Total time for which application threads were stopped: 0.1262921 seconds
Application time: 20.1022839 seconds
49917.857: [GC 49917.858: [ParNew
Desired survivor size 48306584 bytes, new threshold 10 (max 10)
- age   1:    5037344 bytes,    5037344 total
- age   2:    4139376 bytes,    9176720 total
- age   3:    1663024 bytes,   10839744 total
- age   4:    2497864 bytes,   13337608 total
- age   5:    1492232 bytes,   14829840 total
- age   6:     838944 bytes,   15668784 total
- age   7:    2820272 bytes,   18489056 total
- age   8:     717848 bytes,   19206904 total
- age   9:    1760736 bytes,   20967640 total
- age  10:    1994944 bytes,   22962584 total
: 441665K->22533K(471872K), 0.1084711 secs] 1028348K->610017K(2044736K), 0.1087855 secs]
Total time for which application threads were stopped: 0.1122484 seconds
Application time: 4.1716235 seconds
49922.147: [GC 49922.147: [ParNew
Desired survivor size 48306584 bytes, new threshold 10 (max 10)
- age   1:   13178920 bytes,   13178920 total
- age   2:    2745856 bytes,   15924776 total
- age   3:    1074696 bytes,   16999472 total
- age   4:    1207688 bytes,   18207160 total
- age   5:    1976056 bytes,   20183216 total
- age   6:    1492232 bytes,   21675448 total
- age   7:     838944 bytes,   22514392 total
- age   8:    2820272 bytes,   25334664 total
- age   9:     717848 bytes,   26052512 total
- age  10:    1760736 bytes,   27813248 total
: 441989K->27258K(471872K), 0.1179410 secs] 1029473K->616691K(2044736K), 0.1182650 secs]
Total time for which application threads were stopped: 0.1271820 seconds
Application time: 27.4170086 seconds
49949.685: [GC 49949.686: [ParNew
Desired survivor size 48306584 bytes, new threshold 10 (max 10)
- age   1:    2805576 bytes,    2805576 total
- age   2:    5023320 bytes,    7828896 total
- age   3:    2475664 bytes,   10304560 total
- age   4:     990776 bytes,   11295336 total
- age   5:    1110432 bytes,   12405768 total
- age   6:    1976056 bytes,   14381824 total
- age   7:    1492232 bytes,   15874056 total
- age   8:     838944 bytes,   16713000 total
- age   9:    2820160 bytes,   19533160 total
- age  10:     717848 bytes,   20251008 total
: 446714K->19868K(471872K), 0.1010443 secs] 1036147K->611024K(2044736K), 0.1013603 secs]
Total time for which application threads were stopped: 0.1051236 seconds
Application time: 39.5843872 seconds
49989.376: [GC 49989.376: [ParNew
Desired survivor size 48306584 bytes, new threshold 10 (max 10)
- age   1:    5959456 bytes,    5959456 total
- age   2:     608816 bytes,    6568272 total
- age   3:    1790304 bytes,    8358576 total
- age   4:    2295248 bytes,   10653824 total
- age   5:     970632 bytes,   11624456 total
- age   6:    1105680 bytes,   12730136 total
- age   7:    1971080 bytes,   14701216 total
- age   8:    1489600 bytes,   16190816 total
- age   9:     834984 bytes,   17025800 total
- age  10:    2816656 bytes,   19842456 total
: 439324K->19466K(471872K), 0.0884647 secs] 1030480K->611321K(2044736K), 0.0888039 secs]
Total time for which application threads were stopped: 0.0929326 seconds
Application time: 25.3294701 seconds
50014.798: [GC 50014.798: [ParNew
Desired survivor size 48306584 bytes, new threshold 10 (max 10)
- age   1:    3144272 bytes,    3144272 total
- age   2:    3956360 bytes,    7100632 total
- age   3:     504456 bytes,    7605088 total
- age   4:    1790248 bytes,    9395336 total
- age   5:    2295248 bytes,   11690584 total
- age   6:     970632 bytes,   12661216 total
- age   7:    1104720 bytes,   13765936 total
- age   8:    1891576 bytes,   15657512 total
- age   9:    1489600 bytes,   17147112 total
- age  10:     834984 bytes,   17982096 total
: 438922K->17640K(471872K), 0.0909466 secs] 1030777K->612247K(2044736K), 0.0912586 secs]
Total time for which application threads were stopped: 0.0948397 seconds
Application time: 56.2239484 seconds
50071.117: [GC 50071.117: [ParNew
Desired survivor size 48306584 bytes, new threshold 10 (max 10)
- age   1:    7044376 bytes,    7044376 total
- age   2:     754696 bytes,    7799072 total
- age   3:    3674624 bytes,   11473696 total
- age   4:     426632 bytes,   11900328 total
- age   5:    1779112 bytes,   13679440 total
- age   6:    2279232 bytes,   15958672 total
- age   7:     954000 bytes,   16912672 total
- age   8:    1088200 bytes,   18000872 total
- age   9:    1879096 bytes,   19879968 total
- age  10:    1480672 bytes,   21360640 total
: 437039K->20940K(471872K), 0.0917925 secs] 1031646K->616350K(2044736K), 0.0922114 secs]
Total time for which application threads were stopped: 0.0962143 seconds
Application time: 86.8935662 seconds
50158.110: [GC 50158.110: [ParNew
Desired survivor size 48306584 bytes, new threshold 10 (max 10)
- age   1:    4838512 bytes,    4838512 total
- age   2:     334432 bytes,    5172944 total
- age   3:     754488 bytes,    5927432 total
- age   4:    3674624 bytes,    9602056 total
- age   5:     426632 bytes,   10028688 total
- age   6:    1773272 bytes,   11801960 total
- age   7:    1578952 bytes,   13380912 total
- age   8:     954000 bytes,   14334912 total
- age   9:    1088200 bytes,   15423112 total
- age  10:    1879096 bytes,   17302208 total
: 440376K->16959K(471872K), 0.1114756 secs] 1035786K->613815K(2044736K), 0.1118288 secs]
Total time for which application threads were stopped: 0.1192505 seconds
Application time: 19.1528650 seconds
50177.381: [GC 50177.381: [ParNew
Desired survivor size 48306584 bytes, new threshold 10 (max 10)
- age   1:    4157288 bytes,    4157288 total
- age   2:    2034984 bytes,    6192272 total
- age   3:     334224 bytes,    6526496 total
- age   4:     754488 bytes,    7280984 total
- age   5:    3674400 bytes,   10955384 total
- age   6:     394264 bytes,   11349648 total
- age   7:     713216 bytes,   12062864 total
- age   8:     887472 bytes,   12950336 total
- age   9:     950384 bytes,   13900720 total
- age  10:    1086744 bytes,   14987464 total
: 436415K->14698K(471872K), 0.1043701 secs] 1033271K->613389K(2044736K), 0.1047482 secs]
Total time for which application threads were stopped: 0.1108729 seconds
Application time: 32.1636093 seconds
50209.653: [GC 50209.654: [ParNew
Desired survivor size 48306584 bytes, new threshold 10 (max 10)
- age   1:   14474752 bytes,   14474752 total
- age   2:    2287232 bytes,   16761984 total
- age   3:    1086304 bytes,   17848288 total
- age   4:     334224 bytes,   18182512 total
- age   5:     754488 bytes,   18937000 total
- age   6:     612304 bytes,   19549304 total
- age   7:     394264 bytes,   19943568 total
- age   8:     713216 bytes,   20656784 total
- age   9:     874256 bytes,   21531040 total
- age  10:     950208 bytes,   22481248 total
: 434154K->22014K(471872K), 0.0896336 secs] 1032845K->621766K(2044736K), 0.0900236 secs]
Total time for which application threads were stopped: 0.0940338 seconds
Application time: 5.4249593 seconds
50215.173: [GC 50215.173: [ParNew
Desired survivor size 48306584 bytes, new threshold 10 (max 10)
- age   1:    4030832 bytes,    4030832 total
- age   2:    5026880 bytes,    9057712 total
- age   3:    1000472 bytes,   10058184 total
- age   4:     982456 bytes,   11040640 total
- age   5:     334224 bytes,   11374864 total
- age   6:     754488 bytes,   12129352 total
- age   7:     612304 bytes,   12741656 total
- age   8:     394264 bytes,   13135920 total
- age   9:     713216 bytes,   13849136 total
- age  10:     872800 bytes,   14721936 total
: 441312K->14444K(471872K), 0.0798056 secs] 1041065K->615123K(2044736K), 0.0806481 secs]
Total time for which application threads were stopped: 0.0850991 seconds
Application time: 32.0989878 seconds
50247.356: [GC 50247.356: [ParNew
Desired survivor size 48306584 bytes, new threshold 10 (max 10)
- age   1:    1530912 bytes,    1530912 total
- age   2:    2880152 bytes,    4411064 total
- age   3:    4836296 bytes,    9247360 total
- age   4:     848008 bytes,   10095368 total
- age   5:     833656 bytes,   10929024 total
- age   6:     334224 bytes,   11263248 total
- age   7:     754488 bytes,   12017736 total
- age   8:     612304 bytes,   12630040 total
- age   9:     393336 bytes,   13023376 total
- age  10:     711760 bytes,   13735136 total
: 433896K->13467K(471872K), 0.0791526 secs] 1034575K->614998K(2044736K), 0.0795520 secs]
Total time for which application threads were stopped: 0.0831724 seconds
Application time: 15.2979967 seconds
50262.737: [GC 50262.738: [ParNew
Desired survivor size 48306584 bytes, new threshold 10 (max 10)
- age   1:    9938648 bytes,    9938648 total
- age   2:     817984 bytes,   10756632 total
- age   3:    1243304 bytes,   11999936 total
- age   4:    3868968 bytes,   15868904 total
- age   5:     848008 bytes,   16716912 total
- age   6:     704976 bytes,   17421888 total
- age   7:     334224 bytes,   17756112 total
- age   8:     754488 bytes,   18510600 total
- age   9:     610848 bytes,   19121448 total
- age  10:     392552 bytes,   19514000 total
: 432923K->19125K(471872K), 0.0818044 secs] 1034454K->621352K(2044736K), 0.0821045 secs]
Total time for which application threads were stopped: 0.0855273 seconds
Application time: 15.2886607 seconds
50278.112: [GC 50278.112: [ParNew
Desired survivor size 48306584 bytes, new threshold 10 (max 10)
- age   1:    2906256 bytes,    2906256 total
- age   2:    7432512 bytes,   10338768 total
- age   3:     543088 bytes,   10881856 total
- age   4:     765760 bytes,   11647616 total
- age   5:    3867952 bytes,   15515568 total
- age   6:     845632 bytes,   16361200 total
- age   7:     661000 bytes,   17022200 total
- age   8:     331848 bytes,   17354048 total
- age   9:     715328 bytes,   18069376 total
- age  10:     577912 bytes,   18647288 total
: 438581K->18287K(471872K), 0.0949991 secs] 1040808K->620897K(2044736K), 0.0953427 secs]
Total time for which application threads were stopped: 0.0992168 seconds
Application time: 14.5068462 seconds
50292.718: [GC 50292.718: [ParNew
Desired survivor size 48306584 bytes, new threshold 10 (max 10)
- age   1:    5190640 bytes,    5190640 total
- age   2:    1343464 bytes,    6534104 total
- age   3:    4170840 bytes,   10704944 total
- age   4:     543088 bytes,   11248032 total
- age   5:     765760 bytes,   12013792 total
- age   6:    3867952 bytes,   15881744 total
- age   7:     766480 bytes,   16648224 total
- age   8:     660712 bytes,   17308936 total
- age   9:     331904 bytes,   17640840 total
- age  10:     715328 bytes,   18356168 total
: 437743K->18004K(471872K), 0.0949759 secs] 1040353K->621177K(2044736K), 0.0952848 secs]
Total time for which application threads were stopped: 0.0990491 seconds
Application time: 17.8846683 seconds
50310.702: [GC 50310.702: [ParNew
Desired survivor size 48306584 bytes, new threshold 10 (max 10)
- age   1:    2024008 bytes,    2024008 total
- age   2:    2565136 bytes,    4589144 total
- age   3:     808216 bytes,    5397360 total
- age   4:    4119688 bytes,    9517048 total
- age   5:     445560 bytes,    9962608 total
- age   6:     765760 bytes,   10728368 total
- age   7:    3788120 bytes,   14516488 total
- age   8:     766480 bytes,   15282968 total
- age   9:     531048 bytes,   15814016 total
- age  10:     331848 bytes,   16145864 total
: 437449K->15838K(471872K), 0.0970865 secs] 1040622K->619708K(2044736K), 0.0974622 secs]
Total time for which application threads were stopped: 0.1015092 seconds
Application time: 35.4901851 seconds
50346.294: [GC 50346.294: [ParNew
Desired survivor size 48306584 bytes, new threshold 10 (max 10)
- age   1:    4025736 bytes,    4025736 total
- age   2:     666888 bytes,    4692624 total
- age   3:    2559472 bytes,    7252096 total
- age   4:     807080 bytes,    8059176 total
- age   5:    4119408 bytes,   12178584 total
- age   6:     404464 bytes,   12583048 total
- age   7:     765760 bytes,   13348808 total
- age   8:    3788120 bytes,   17136928 total
- age   9:     766480 bytes,   17903408 total
- age  10:     530824 bytes,   18434232 total
: 435280K->18078K(471872K), 0.0869601 secs] 1039149K->622268K(2044736K), 0.0872921 secs]
Total time for which application threads were stopped: 0.0911684 seconds
Application time: 57.9962794 seconds
50404.381: [GC 50404.381: [ParNew
Desired survivor size 48306584 bytes, new threshold 10 (max 10)
- age   1:    4807576 bytes,    4807576 total
- age   2:     873680 bytes,    5681256 total
- age   3:     643064 bytes,    6324320 total
- age   4:    2225496 bytes,    8549816 total
- age   5:     718784 bytes,    9268600 total
- age   6:    4107312 bytes,   13375912 total
- age   7:     389792 bytes,   13765704 total
- age   8:     753440 bytes,   14519144 total
- age   9:    3773448 bytes,   18292592 total
- age  10:     754272 bytes,   19046864 total
: 437511K->18673K(471872K), 0.0865253 secs] 1041700K->623353K(2044736K), 0.0868254 secs]
Total time for which application threads were stopped: 0.0903988 seconds
Application time: 19.4619162 seconds
50423.933: [GC 50423.934: [ParNew
Desired survivor size 48306584 bytes, new threshold 10 (max 10)
- age   1:    1922392 bytes,    1922392 total
- age   2:    2836160 bytes,    4758552 total
- age   3:     565584 bytes,    5324136 total
- age   4:     561840 bytes,    5885976 total
- age   5:    2225496 bytes,    8111472 total
- age   6:     718784 bytes,    8830256 total
- age   7:    3979752 bytes,   12810008 total
- age   8:     389792 bytes,   13199800 total
- age   9:     753440 bytes,   13953240 total
- age  10:    3773448 bytes,   17726688 total
: 438122K->17380K(471872K), 0.0814401 secs] 1042802K->622797K(2044736K), 0.0817688 secs]
Total time for which application threads were stopped: 0.0855061 seconds
Application time: 106.6661666 seconds
50530.685: [GC 50530.685: [ParNew
Desired survivor size 48306584 bytes, new threshold 10 (max 10)
- age   1:    5915696 bytes,    5915696 total
- age   2:     731376 bytes,    6647072 total
- age   3:     736632 bytes,    7383704 total
- age   4:     560608 bytes,    7944312 total
- age   5:     427680 bytes,    8371992 total
- age   6:    2221008 bytes,   10593000 total
- age   7:     714200 bytes,   11307200 total
- age   8:    3974696 bytes,   15281896 total
- age   9:     385304 bytes,   15667200 total
- age  10:     747240 bytes,   16414440 total
: 436836K->16092K(471872K), 0.0815153 secs] 1042253K->625185K(2044736K), 0.0818398 secs]
Total time for which application threads were stopped: 0.0853426 seconds
Application time: 19.8484485 seconds
50550.619: [GC 50550.619: [ParNew
Desired survivor size 48306584 bytes, new threshold 10 (max 10)
- age   1:    4921688 bytes,    4921688 total
- age   2:    4745328 bytes,    9667016 total
- age   3:     570840 bytes,   10237856 total
- age   4:     736632 bytes,   10974488 total
- age   5:     560352 bytes,   11534840 total
- age   6:     427152 bytes,   11961992 total
- age   7:    2217928 bytes,   14179920 total
- age   8:     714200 bytes,   14894120 total
- age   9:    2990248 bytes,   17884368 total
- age  10:     324392 bytes,   18208760 total
: 435490K->17851K(471872K), 0.0833859 secs] 1044583K->627673K(2044736K), 0.0837086 secs]
Total time for which application threads were stopped: 0.0875198 seconds
Application time: 17.0147562 seconds
50567.721: [GC 50567.721: [ParNew
Desired survivor size 48306584 bytes, new threshold 10 (max 10)
- age   1:    6909640 bytes,    6909640 total
- age   2:    2362872 bytes,    9272512 total
- age   3:    1301280 bytes,   10573792 total
- age   4:     570840 bytes,   11144632 total
- age   5:     736632 bytes,   11881264 total
- age   6:     559984 bytes,   12441248 total
- age   7:     348528 bytes,   12789776 total
- age   8:      76152 bytes,   12865928 total
- age   9:     712744 bytes,   13578672 total
- age  10:    2618416 bytes,   16197088 total
: 437307K->15881K(471872K), 0.0812012 secs] 1047129K->626019K(2044736K), 0.0820579 secs]
Total time for which application threads were stopped: 0.0857386 seconds
Application time: 14.4887960 seconds
50582.296: [GC 50582.296: [ParNew
Desired survivor size 48306584 bytes, new threshold 10 (max 10)
- age   1:    5361248 bytes,    5361248 total
- age   2:    4286456 bytes,    9647704 total
- age   3:    1391720 bytes,   11039424 total
- age   4:    1301280 bytes,   12340704 total
- age   5:     570840 bytes,   12911544 total
- age   6:     736632 bytes,   13648176 total
- age   7:     509200 bytes,   14157376 total
- age   8:     252768 bytes,   14410144 total
- age   9:      65472 bytes,   14475616 total
- age  10:     711288 bytes,   15186904 total
: 435337K->14888K(471872K), 0.1062835 secs] 1045475K->627583K(2044736K), 0.1066505 secs]
Total time for which application threads were stopped: 0.1104757 seconds
Application time: 34.0833215 seconds
50616.491: [GC 50616.491: [ParNew
Desired survivor size 48306584 bytes, new threshold 10 (max 10)
- age   1:    2773592 bytes,    2773592 total
- age   2:    3775712 bytes,    6549304 total
- age   3:    3913448 bytes,   10462752 total
- age   4:    1309096 bytes,   11771848 total
- age   5:    1284056 bytes,   13055904 total
- age   6:     570840 bytes,   13626744 total
- age   7:     736632 bytes,   14363376 total
- age   8:     509200 bytes,   14872576 total
- age   9:     235736 bytes,   15108312 total
- age  10:      64016 bytes,   15172328 total
: 434344K->14873K(471872K), 0.0927152 secs] 1047039K->628262K(2044736K), 0.0931107 secs]
Total time for which application threads were stopped: 0.0978056 seconds
Application time: 28.2967808 seconds
50644.884: [GC 50644.884: [ParNew
Desired survivor size 48306584 bytes, new threshold 10 (max 10)
- age   1:    8448192 bytes,    8448192 total
- age   2:    1483728 bytes,    9931920 total
- age   3:    2747392 bytes,   12679312 total
- age   4:    1205024 bytes,   13884336 total
- age   5:    1292872 bytes,   15177208 total
- age   6:    1269496 bytes,   16446704 total
- age   7:     551296 bytes,   16998000 total
- age   8:     718544 bytes,   17716544 total
- age   9:     485336 bytes,   18201880 total
- age  10:     235736 bytes,   18437616 total
: 434329K->18057K(471872K), 0.0779377 secs] 1047718K->631509K(2044736K), 0.0782990 secs]
Total time for which application threads were stopped: 0.0820309 seconds
Application time: 22.1573409 seconds
50667.124: [GC 50667.124: [ParNew
Desired survivor size 48306584 bytes, new threshold 10 (max 10)
- age   1:   10074376 bytes,   10074376 total
- age   2:    4581320 bytes,   14655696 total
- age   3:    1017384 bytes,   15673080 total
- age   4:     858408 bytes,   16531488 total
- age   5:    1047992 bytes,   17579480 total
- age   6:    1292312 bytes,   18871792 total
- age   7:    1269320 bytes,   20141112 total
- age   8:     551296 bytes,   20692408 total
- age   9:     715632 bytes,   21408040 total
- age  10:     485336 bytes,   21893376 total
: 437512K->21444K(471872K), 0.0861012 secs] 1050964K->635127K(2044736K), 0.0864210 secs]
Total time for which application threads were stopped: 0.0904991 seconds
Application time: 5.8917201 seconds
50673.106: [GC 50673.106: [ParNew
Desired survivor size 48306584 bytes, new threshold 10 (max 10)
- age   1:    3537800 bytes,    3537800 total
- age   2:    5697192 bytes,    9234992 total
- age   3:    4581144 bytes,   13816136 total
- age   4:     712008 bytes,   14528144 total
- age   5:     858408 bytes,   15386552 total
- age   6:    1047992 bytes,   16434544 total
- age   7:    1292312 bytes,   17726856 total
- age   8:    1268832 bytes,   18995688 total
- age   9:     471488 bytes,   19467176 total
- age  10:     714032 bytes,   20181208 total
: 440900K->19768K(471872K), 0.0795300 secs] 1054583K->633924K(2044736K), 0.0798533 secs]
Total time for which application threads were stopped: 0.0833837 seconds
Application time: 28.0961017 seconds
50701.285: [GC 50701.286: [ParNew
Desired survivor size 48306584 bytes, new threshold 10 (max 10)
- age   1:    8885856 bytes,    8885856 total
- age   2:    2888544 bytes,   11774400 total
- age   3:    2207424 bytes,   13981824 total
- age   4:    4528056 bytes,   18509880 total
- age   5:     711992 bytes,   19221872 total
- age   6:     858080 bytes,   20079952 total
- age   7:    1047656 bytes,   21127608 total
- age   8:    1292312 bytes,   22419920 total
- age   9:    1268832 bytes,   23688752 total
- age  10:     471488 bytes,   24160240 total
: 439224K->23661K(471872K), 0.0943462 secs] 1053380K->638514K(2044736K), 0.0947358 secs]
Total time for which application threads were stopped: 0.0982155 seconds
Application time: 48.6984196 seconds
50750.083: [GC 50750.084: [ParNew
Desired survivor size 48306584 bytes, new threshold 10 (max 10)
- age   1:    2490736 bytes,    2490736 total
- age   2:    4869448 bytes,    7360184 total
- age   3:    2305120 bytes,    9665304 total
- age   4:    2084680 bytes,   11749984 total
- age   5:    4528056 bytes,   16278040 total
- age   6:     711992 bytes,   16990032 total
- age   7:     858080 bytes,   17848112 total
- age   8:    1047656 bytes,   18895768 total
- age   9:    1292312 bytes,   20188080 total
- age  10:    1264320 bytes,   21452400 total
: 443117K->21015K(471872K), 0.0982319 secs] 1057970K->636329K(2044736K), 0.0986167 secs]
Total time for which application threads were stopped: 0.1033545 seconds
Application time: 68.6013331 seconds
50818.788: [GC 50818.788: [ParNew
Desired survivor size 48306584 bytes, new threshold 10 (max 10)
- age   1:    7956776 bytes,    7956776 total
- age   2:     530472 bytes,    8487248 total
- age   3:    1425736 bytes,    9912984 total
- age   4:    1941256 bytes,   11854240 total
- age   5:    1388896 bytes,   13243136 total
- age   6:    4526960 bytes,   17770096 total
- age   7:     649368 bytes,   18419464 total
- age   8:     857456 bytes,   19276920 total
- age   9:    1047032 bytes,   20323952 total
- age  10:    1291688 bytes,   21615640 total
: 440470K->21177K(471872K), 0.0902943 secs] 1055783K->637677K(2044736K), 0.0906176 secs]
Total time for which application threads were stopped: 0.0948700 seconds
Application time: 9.1751113 seconds
50828.058: [GC 50828.058: [ParNew
Desired survivor size 48306584 bytes, new threshold 10 (max 10)
- age   1:    3793240 bytes,    3793240 total
- age   2:    4876472 bytes,    8669712 total
- age   3:     529944 bytes,    9199656 total
- age   4:    1005576 bytes,   10205232 total
- age   5:     784056 bytes,   10989288 total
- age   6:     933544 bytes,   11922832 total
- age   7:    4526960 bytes,   16449792 total
- age   8:     632104 bytes,   17081896 total
- age   9:     857456 bytes,   17939352 total
- age  10:    1047032 bytes,   18986384 total
: 440633K->18612K(471872K), 0.0812863 secs] 1057133K->636374K(2044736K), 0.0815839 secs]
Total time for which application threads were stopped: 0.0859951 seconds
Application time: 4.8107637 seconds
50832.954: [GC 50832.954: [ParNew
Desired survivor size 48306584 bytes, new threshold 10 (max 10)
- age   1:    5098976 bytes,    5098976 total
- age   2:     551368 bytes,    5650344 total
- age   3:    3917840 bytes,    9568184 total
- age   4:     527832 bytes,   10096016 total
- age   5:    1003200 bytes,   11099216 total
- age   6:     782528 bytes,   11881744 total
- age   7:     929056 bytes,   12810800 total
- age   8:    1101408 bytes,   13912208 total
- age   9:     630784 bytes,   14542992 total
- age  10:     854024 bytes,   15397016 total
: 438057K->15101K(471872K), 0.0783480 secs] 1055819K->633882K(2044736K), 0.0786676 secs]
Total time for which application threads were stopped: 0.0825336 seconds
Application time: 56.2743793 seconds
50889.315: [GC 50889.316: [ParNew
Desired survivor size 48306584 bytes, new threshold 10 (max 10)
- age   1:    5062216 bytes,    5062216 total
- age   2:    3750672 bytes,    8812888 total
- age   3:     423120 bytes,    9236008 total
- age   4:     663496 bytes,    9899504 total
- age   5:     527760 bytes,   10427264 total
- age   6:    1003200 bytes,   11430464 total
- age   7:     782472 bytes,   12212936 total
- age   8:     929056 bytes,   13141992 total
- age   9:    1101408 bytes,   14243400 total
- age  10:     630784 bytes,   14874184 total
: 434557K->14582K(471872K), 0.0786567 secs] 1053338K->634195K(2044736K), 0.0790230 secs]
Total time for which application threads were stopped: 0.0876430 seconds
Application time: 15.2553461 seconds
50904.654: [GC 50904.654: [ParNew
Desired survivor size 48306584 bytes, new threshold 10 (max 10)
- age   1:    8145128 bytes,    8145128 total
- age   2:     806576 bytes,    8951704 total
- age   3:    1691352 bytes,   10643056 total
- age   4:     223864 bytes,   10866920 total
- age   5:     663496 bytes,   11530416 total
- age   6:     527760 bytes,   12058176 total
- age   7:    1003200 bytes,   13061376 total
- age   8:     782472 bytes,   13843848 total
- age   9:     929056 bytes,   14772904 total
- age  10:    1101408 bytes,   15874312 total
: 434038K->15559K(471872K), 0.0932988 secs] 1053651K->635786K(2044736K), 0.0936346 secs]
Total time for which application threads were stopped: 0.0972288 seconds
Application time: 49.2582496 seconds
50954.009: [GC 50954.010: [ParNew
Desired survivor size 48306584 bytes, new threshold 10 (max 10)
- age   1:    5055800 bytes,    5055800 total
- age   2:    6223896 bytes,   11279696 total
- age   3:     648096 bytes,   11927792 total
- age   4:    1485688 bytes,   13413480 total
- age   5:     145376 bytes,   13558856 total
- age   6:     645352 bytes,   14204208 total
- age   7:     510744 bytes,   14714952 total
- age   8:     987856 bytes,   15702808 total
- age   9:     771272 bytes,   16474080 total
- age  10:     909848 bytes,   17383928 total
: 435008K->17036K(471872K), 0.0738111 secs] 1055234K->638327K(2044736K), 0.0741228 secs]
Total time for which application threads were stopped: 0.0776932 seconds
Application time: 55.9483828 seconds
51010.036: [GC 51010.036: [ParNew
Desired survivor size 48306584 bytes, new threshold 10 (max 10)
- age   1:    6538000 bytes,    6538000 total
- age   2:     962248 bytes,    7500248 total
- age   3:    3149720 bytes,   10649968 total
- age   4:     594120 bytes,   11244088 total
- age   5:    1485384 bytes,   12729472 total
- age   6:     145376 bytes,   12874848 total
- age   7:     645024 bytes,   13519872 total
- age   8:     510744 bytes,   14030616 total
- age   9:     986400 bytes,   15017016 total
- age  10:     771272 bytes,   15788288 total
: 436485K->15476K(471872K), 0.0744819 secs] 1057776K->637653K(2044736K), 0.0748597 secs]
Total time for which application threads were stopped: 0.0788396 seconds
Application time: 43.4887736 seconds
51053.603: [GC 51053.603: [ParNew
Desired survivor size 48306584 bytes, new threshold 10 (max 10)
- age   1:    1614144 bytes,    1614144 total
- age   2:    3797688 bytes,    5411832 total
- age   3:     881616 bytes,    6293448 total
- age   4:    3132552 bytes,    9426000 total
- age   5:     513736 bytes,    9939736 total
- age   6:    1485384 bytes,   11425120 total
- age   7:     145376 bytes,   11570496 total
- age   8:     645024 bytes,   12215520 total
- age   9:     506904 bytes,   12722424 total
- age  10:     986400 bytes,   13708824 total
: 434931K->13441K(471872K), 0.0815652 secs] 1057108K->636371K(2044736K), 0.0818710 secs]
Total time for which application threads were stopped: 0.0853542 seconds
Application time: 71.2159727 seconds
51124.904: [GC 51124.905: [ParNew
Desired survivor size 48306584 bytes, new threshold 10 (max 10)
- age   1:    5462584 bytes,    5462584 total
- age   2:     518288 bytes,    5980872 total
- age   3:    3735640 bytes,    9716512 total
- age   4:     878136 bytes,   10594648 total
- age   5:    3127968 bytes,   13722616 total
- age   6:     509944 bytes,   14232560 total
- age   7:     742776 bytes,   14975336 total
- age   8:     141416 bytes,   15116752 total
- age   9:     631944 bytes,   15748696 total
- age  10:     433496 bytes,   16182192 total
: 432896K->15855K(471872K), 0.0718250 secs] 1055827K->639748K(2044736K), 0.0721137 secs]
Total time for which application threads were stopped: 0.0755235 seconds
Application time: 72.3083286 seconds
51197.288: [GC 51197.289: [ParNew
Desired survivor size 48306584 bytes, new threshold 10 (max 10)
- age   1:    2299664 bytes,    2299664 total
- age   2:    3392672 bytes,    5692336 total
- age   3:     437160 bytes,    6129496 total
- age   4:    3735640 bytes,    9865136 total
- age   5:     878136 bytes,   10743272 total
- age   6:    2950656 bytes,   13693928 total
- age   7:     501096 bytes,   14195024 total
- age   8:     742776 bytes,   14937800 total
- age   9:     139960 bytes,   15077760 total
- age  10:     614744 bytes,   15692504 total
: 435310K->15377K(471872K), 0.0703249 secs] 1059203K->639693K(2044736K), 0.0707318 secs]
Total time for which application threads were stopped: 0.0743772 seconds
Application time: 8.8380282 seconds
51206.202: [GC 51206.202: [ParNew
Desired survivor size 48306584 bytes, new threshold 10 (max 10)
- age   1:    6377096 bytes,    6377096 total
- age   2:    1340976 bytes,    7718072 total
- age   3:    1129272 bytes,    8847344 total
- age   4:     357392 bytes,    9204736 total
- age   5:    3735640 bytes,   12940376 total
- age   6:     725536 bytes,   13665912 total
- age   7:     788264 bytes,   14454176 total
- age   8:     501096 bytes,   14955272 total
- age   9:     742704 bytes,   15697976 total
- age  10:     139960 bytes,   15837936 total
: 434827K->15514K(471872K), 0.0755806 secs] 1059143K->640431K(2044736K), 0.0759398 secs]
Total time for which application threads were stopped: 0.0802956 seconds
Application time: 63.4789034 seconds
51269.760: [GC 51269.761: [ParNew
Desired survivor size 48306584 bytes, new threshold 10 (max 10)
- age   1:    5700176 bytes,    5700176 total
- age   2:    5364064 bytes,   11064240 total
- age   3:    1238624 bytes,   12302864 total
- age   4:    1119136 bytes,   13422000 total
- age   5:     338400 bytes,   13760400 total
- age   6:     658128 bytes,   14418528 total
- age   7:     707736 bytes,   15126264 total
- age   8:     788264 bytes,   15914528 total
- age   9:     500448 bytes,   16414976 total
- age  10:     742704 bytes,   17157680 total
: 434968K->16810K(471872K), 0.0698440 secs] 1059885K->641863K(2044736K), 0.0701584 secs]
Total time for which application threads were stopped: 0.0740932 seconds
Application time: 77.3415091 seconds
51347.176: [GC 51347.176: [ParNew
Desired survivor size 48306584 bytes, new threshold 10 (max 10)
- age   1:    3069096 bytes,    3069096 total
- age   2:    3981432 bytes,    7050528 total
- age   3:    5363024 bytes,   12413552 total
- age   4:    1238000 bytes,   13651552 total
- age   5:    1119136 bytes,   14770688 total
- age   6:     332368 bytes,   15103056 total
- age   7:     655776 bytes,   15758832 total
- age   8:     707736 bytes,   16466568 total
- age   9:     788264 bytes,   17254832 total
- age  10:     500448 bytes,   17755280 total
: 436266K->17393K(471872K), 0.0789035 secs] 1061319K->643171K(2044736K), 0.0792539 secs]
Total time for which application threads were stopped: 0.0832969 seconds
Application time: 10.6867952 seconds
51357.947: [GC 51357.947: [ParNew
Desired survivor size 48306584 bytes, new threshold 10 (max 10)
- age   1:    5112432 bytes,    5112432 total
- age   2:     915920 bytes,    6028352 total
- age   3:    3930328 bytes,    9958680 total
- age   4:    2809952 bytes,   12768632 total
- age   5:    1065312 bytes,   13833944 total
- age   6:    1118144 bytes,   14952088 total
- age   7:     251744 bytes,   15203832 total
- age   8:     655776 bytes,   15859608 total
- age   9:     707736 bytes,   16567344 total
- age  10:     788264 bytes,   17355608 total
: 436849K->17008K(471872K), 0.0877603 secs] 1062627K->643275K(2044736K), 0.0886754 secs]
Total time for which application threads were stopped: 0.0932196 seconds
Application time: 15.5387445 seconds
51373.578: [GC 51373.579: [ParNew
Desired survivor size 48306584 bytes, new threshold 10 (max 10)
- age   1:    1777720 bytes,    1777720 total
- age   2:    3494872 bytes,    5272592 total
- age   3:     914920 bytes,    6187512 total
- age   4:    3752968 bytes,    9940480 total
- age   5:    2757280 bytes,   12697760 total
- age   6:    1064688 bytes,   13762448 total
- age   7:    1112992 bytes,   14875440 total
- age   8:     251744 bytes,   15127184 total
- age   9:     655776 bytes,   15782960 total
- age  10:     707736 bytes,   16490696 total
: 436464K->16164K(471872K), 0.0902239 secs] 1062731K->643201K(2044736K), 0.0906868 secs]
Total time for which application threads were stopped: 0.0947358 seconds
Application time: 34.1731094 seconds
51407.846: [GC 51407.846: [ParNew
Desired survivor size 48306584 bytes, new threshold 10 (max 10)
- age   1:    5991360 bytes,    5991360 total
- age   2:     705600 bytes,    6696960 total
- age   3:    3488560 bytes,   10185520 total
- age   4:     606904 bytes,   10792424 total
- age   5:    3735744 bytes,   14528168 total
- age   6:     957592 bytes,   15485760 total
- age   7:    1046920 bytes,   16532680 total
- age   8:    1047200 bytes,   17579880 total
- age   9:     251096 bytes,   17830976 total
- age  10:     655776 bytes,   18486752 total
: 435620K->18103K(471872K), 0.0822945 secs] 1062657K->645831K(2044736K), 0.0825986 secs]
Total time for which application threads were stopped: 0.0861450 seconds
Application time: 39.8227981 seconds
51447.755: [GC 51447.755: [ParNew
Desired survivor size 48306584 bytes, new threshold 10 (max 10)
- age   1:    4749032 bytes,    4749032 total
- age   2:    3631784 bytes,    8380816 total
- age   3:     693424 bytes,    9074240 total
- age   4:    3484752 bytes,   12558992 total
- age   5:     603472 bytes,   13162464 total
- age   6:    3734160 bytes,   16896624 total
- age   7:     954192 bytes,   17850816 total
- age   8:     735656 bytes,   18586472 total
- age   9:    1033048 bytes,   19619520 total
- age  10:     249800 bytes,   19869320 total
: 437475K->19456K(471872K), 0.0929101 secs] 1065203K->647824K(2044736K), 0.0932682 secs]
Total time for which application threads were stopped: 0.0969639 seconds
Application time: 53.7191567 seconds
51501.571: [GC 51501.571: [ParNew
Desired survivor size 48306584 bytes, new threshold 10 (max 10)
- age   1:    6137144 bytes,    6137144 total
- age   2:     728592 bytes,    6865736 total
- age   3:    3631784 bytes,   10497520 total
- age   4:     692616 bytes,   11190136 total
- age   5:    2060104 bytes,   13250240 total
- age   6:     603472 bytes,   13853712 total
- age   7:    3734160 bytes,   17587872 total
- age   8:     954160 bytes,   18542032 total
- age   9:     729832 bytes,   19271864 total
- age  10:    1033048 bytes,   20304912 total
: 438912K->19899K(471872K), 0.0867525 secs] 1067280K->648511K(2044736K), 0.0871304 secs]
Total time for which application threads were stopped: 0.0908186 seconds
Application time: 110.0863737 seconds
51611.748: [GC 51611.749: [ParNew
Desired survivor size 48306584 bytes, new threshold 10 (max 10)
- age   1:    3618864 bytes,    3618864 total
- age   2:    4433912 bytes,    8052776 total
- age   3:     650184 bytes,    8702960 total
- age   4:    3615768 bytes,   12318728 total
- age   5:     587304 bytes,   12906032 total
- age   6:    1054768 bytes,   13960800 total
- age   7:     578856 bytes,   14539656 total
- age   8:    3712056 bytes,   18251712 total
- age   9:     949680 bytes,   19201392 total
- age  10:     669208 bytes,   19870600 total
: 439353K->19471K(471872K), 0.0881066 secs] 1067965K->649092K(2044736K), 0.0884360 secs]
Total time for which application threads were stopped: 0.0921107 seconds
Application time: 8.0042519 seconds
51619.845: [GC 51619.845: [ParNew
Desired survivor size 48306584 bytes, new threshold 10 (max 10)
- age   1:    5465752 bytes,    5465752 total
- age   2:    1029040 bytes,    6494792 total
- age   3:    2668288 bytes,    9163080 total
- age   4:     650184 bytes,    9813264 total
- age   5:    3615768 bytes,   13429032 total
- age   6:     587272 bytes,   14016304 total
- age   7:    1054792 bytes,   15071096 total
- age   8:     578856 bytes,   15649952 total
- age   9:    3712056 bytes,   19362008 total
- age  10:     949680 bytes,   20311688 total
: 438925K->19909K(471872K), 0.0923147 secs] 1068546K->650183K(2044736K), 0.0927296 secs]
Total time for which application threads were stopped: 0.0967576 seconds
Application time: 112.2034981 seconds
51732.145: [GC 51732.145: [ParNew
Desired survivor size 48306584 bytes, new threshold 10 (max 10)
- age   1:    3047104 bytes,    3047104 total
- age   2:    3739856 bytes,    6786960 total
- age   3:     843032 bytes,    7629992 total
- age   4:    2658224 bytes,   10288216 total
- age   5:     642248 bytes,   10930464 total
- age   6:    3603632 bytes,   14534096 total
- age   7:     582312 bytes,   15116408 total
- age   8:    1039224 bytes,   16155632 total
- age   9:     571856 bytes,   16727488 total
- age  10:    3711264 bytes,   20438752 total
: 439361K->20041K(471872K), 0.0887436 secs] 1069635K->651241K(2044736K), 0.0890370 secs]
Total time for which application threads were stopped: 0.0926984 seconds
Application time: 7.8431514 seconds
51740.081: [GC 51740.081: [ParNew
Desired survivor size 48306584 bytes, new threshold 10 (max 10)
- age   1:    4837784 bytes,    4837784 total
- age   2:    2579176 bytes,    7416960 total
- age   3:     883584 bytes,    8300544 total
- age   4:     785016 bytes,    9085560 total
- age   5:    2658224 bytes,   11743784 total
- age   6:     639984 bytes,   12383768 total
- age   7:    3603632 bytes,   15987400 total
- age   8:     582312 bytes,   16569712 total
- age   9:    1039224 bytes,   17608936 total
- age  10:     571856 bytes,   18180792 total
: 439497K->17838K(471872K), 0.1082477 secs] 1070697K->652663K(2044736K), 0.1086043 secs]
Total time for which application threads were stopped: 0.1124395 seconds
Application time: 6.1183450 seconds
51746.312: [GC 51746.312: [ParNew
Desired survivor size 48306584 bytes, new threshold 10 (max 10)
- age   1:    9876560 bytes,    9876560 total
- age   2:    1789832 bytes,   11666392 total
- age   3:    2036968 bytes,   13703360 total
- age   4:     883584 bytes,   14586944 total
- age   5:     785016 bytes,   15371960 total
- age   6:    2658224 bytes,   18030184 total
- age   7:     639984 bytes,   18670168 total
- age   8:    3603632 bytes,   22273800 total
- age   9:     582312 bytes,   22856112 total
- age  10:    1039224 bytes,   23895336 total
: 437294K->23437K(471872K), 0.1090468 secs] 1072119K->658820K(2044736K), 0.1093595 secs]
Total time for which application threads were stopped: 0.1129598 seconds
Application time: 37.3290873 seconds
51783.754: [GC 51783.754: [ParNew
Desired survivor size 48306584 bytes, new threshold 10 (max 10)
- age   1:    2659184 bytes,    2659184 total
- age   2:    8024280 bytes,   10683464 total
- age   3:    1444632 bytes,   12128096 total
- age   4:    2036520 bytes,   14164616 total
- age   5:     883584 bytes,   15048200 total
- age   6:     784392 bytes,   15832592 total
- age   7:    2655200 bytes,   18487792 total
- age   8:     639984 bytes,   19127776 total
- age   9:    3603632 bytes,   22731408 total
- age  10:     582312 bytes,   23313720 total
: 442893K->22874K(471872K), 0.1077711 secs] 1078276K->659272K(2044736K), 0.1081031 secs]
Total time for which application threads were stopped: 0.1117035 seconds
Application time: 78.9741585 seconds
51862.840: [GC 51862.840: [ParNew
Desired survivor size 48306584 bytes, new threshold 10 (max 10)
- age   1:   15500224 bytes,   15500224 total
- age   2:    1389384 bytes,   16889608 total
- age   3:    7836224 bytes,   24725832 total
- age   4:    1365568 bytes,   26091400 total
- age   5:    2026384 bytes,   28117784 total
- age   6:     871208 bytes,   28988992 total
- age   7:     762520 bytes,   29751512 total
- age   8:    2652448 bytes,   32403960 total
- age   9:     639984 bytes,   33043944 total
- age  10:     839024 bytes,   33882968 total
: 442324K->33187K(471872K), 0.1125001 secs] 1078722K->670154K(2044736K), 0.1135531 secs]
Total time for which application threads were stopped: 0.1173189 seconds
Application time: 41.7001553 seconds
51904.657: [GC 51904.658: [ParNew
Desired survivor size 48306584 bytes, new threshold 10 (max 10)
- age   1:    9423760 bytes,    9423760 total
- age   2:    3158648 bytes,   12582408 total
- age   3:    1389320 bytes,   13971728 total
- age   4:    7836064 bytes,   21807792 total
- age   5:    1365568 bytes,   23173360 total
- age   6:    1867504 bytes,   25040864 total
- age   7:     871208 bytes,   25912072 total
- age   8:     756968 bytes,   26669040 total
- age   9:    2651720 bytes,   29320760 total
- age  10:     639984 bytes,   29960744 total
: 452536K->29357K(471872K), 0.1123061 secs] 1089503K->667143K(2044736K), 0.1127025 secs]
Total time for which application threads were stopped: 0.1165364 seconds
Application time: 41.4935843 seconds
51946.268: [GC 51946.269: [ParNew
Desired survivor size 48306584 bytes, new threshold 10 (max 10)
- age   1:    3189504 bytes,    3189504 total
- age   2:    4015336 bytes,    7204840 total
- age   3:    3154592 bytes,   10359432 total
- age   4:    1389320 bytes,   11748752 total
- age   5:    6882704 bytes,   18631456 total
- age   6:    1285888 bytes,   19917344 total
- age   7:    1863664 bytes,   21781008 total
- age   8:     871208 bytes,   22652216 total
- age   9:     748048 bytes,   23400264 total
- age  10:    2581136 bytes,   25981400 total
: 448810K->25475K(471872K), 0.1093532 secs] 1086596K->663887K(2044736K), 0.1097922 secs]
Total time for which application threads were stopped: 0.1151359 seconds
Application time: 7.4790907 seconds
51953.864: [GC 51953.864: [ParNew
Desired survivor size 48306584 bytes, new threshold 10 (max 10)
- age   1:    4773864 bytes,    4773864 total
- age   2:    1248888 bytes,    6022752 total
- age   3:    4005912 bytes,   10028664 total
- age   4:    3154256 bytes,   13182920 total
- age   5:     911776 bytes,   14094696 total
- age   6:    2783592 bytes,   16878288 total
- age   7:    1225064 bytes,   18103352 total
- age   8:    1862096 bytes,   19965448 total
- age   9:     871208 bytes,   20836656 total
- age  10:     748048 bytes,   21584704 total
: 444931K->21168K(471872K), 0.1587833 secs] 1083342K->662100K(2044736K), 0.1591462 secs]
Total time for which application threads were stopped: 0.1647134 seconds
Application time: 60.7099684 seconds
52014.739: [GC 52014.739: [ParNew
Desired survivor size 48306584 bytes, new threshold 10 (max 10)
- age   1:    5366648 bytes,    5366648 total
- age   2:    3499504 bytes,    8866152 total
- age   3:     705296 bytes,    9571448 total
- age   4:    4005224 bytes,   13576672 total
- age   5:    3154256 bytes,   16730928 total
- age   6:     908144 bytes,   17639072 total
- age   7:    2727760 bytes,   20366832 total
- age   8:    1225064 bytes,   21591896 total
- age   9:    1840592 bytes,   23432488 total
- age  10:     871208 bytes,   24303696 total
: 440624K->23830K(471872K), 0.1058592 secs] 1081556K->665493K(2044736K), 0.1062093 secs]
Total time for which application threads were stopped: 0.1121291 seconds
Application time: 17.2099581 seconds
52032.059: [GC 52032.060: [ParNew
Desired survivor size 48306584 bytes, new threshold 10 (max 10)
- age   1:    7167320 bytes,    7167320 total
- age   2:    2049920 bytes,    9217240 total
- age   3:    1162296 bytes,   10379536 total
- age   4:     701864 bytes,   11081400 total
- age   5:     941768 bytes,   12023168 total
- age   6:    3151496 bytes,   15174664 total
- age   7:     906032 bytes,   16080696 total
- age   8:    2725648 bytes,   18806344 total
- age   9:    1220576 bytes,   20026920 total
- age  10:    1835888 bytes,   21862808 total
: 443280K->21441K(471872K), 0.1112647 secs] 1084942K->663955K(2044736K), 0.1116066 secs]
Total time for which application threads were stopped: 0.1160155 seconds
Application time: 94.9778494 seconds
52127.153: [GC 52127.153: [ParNew
Desired survivor size 48306584 bytes, new threshold 10 (max 10)
- age   1:   11408112 bytes,   11408112 total
- age   2:    3449616 bytes,   14857728 total
- age   3:    2035592 bytes,   16893320 total
- age   4:    1148848 bytes,   18042168 total
- age   5:     680792 bytes,   18722960 total
- age   6:     932808 bytes,   19655768 total
- age   7:     865528 bytes,   20521296 total
- age   8:     896368 bytes,   21417664 total
- age   9:    2723864 bytes,   24141528 total
- age  10:    1218144 bytes,   25359672 total
: 440889K->24844K(471872K), 0.1277228 secs] 1083403K->669150K(2044736K), 0.1281014 secs]
Total time for which application threads were stopped: 0.1323024 seconds
Application time: 132.7691363 seconds
52260.054: [GC 52260.055: [ParNew
Desired survivor size 48306584 bytes, new threshold 10 (max 10)
- age   1:   15481720 bytes,   15481720 total
- age   2:    4821744 bytes,   20303464 total
- age   3:    2944968 bytes,   23248432 total
- age   4:    2033240 bytes,   25281672 total
- age   5:    1032776 bytes,   26314448 total
- age   6:     645288 bytes,   26959736 total
- age   7:     922376 bytes,   27882112 total
- age   8:     531416 bytes,   28413528 total
- age   9:     230480 bytes,   28644008 total
- age  10:     795440 bytes,   29439448 total
: 443938K->28807K(471872K), 0.0884106 secs] 1088244K->674290K(2044736K), 0.0887389 secs]
Total time for which application threads were stopped: 0.0926131 seconds
Application time: 44.8470597 seconds
52304.994: [GC 52304.994: [ParNew
Desired survivor size 48306584 bytes, new threshold 10 (max 10)
- age   1:    7374888 bytes,    7374888 total
- age   2:     921792 bytes,    8296680 total
- age   3:    4821648 bytes,   13118328 total
- age   4:    2936576 bytes,   16054904 total
- age   5:     592792 bytes,   16647696 total
- age   6:    1032776 bytes,   17680472 total
- age   7:     644528 bytes,   18325000 total
- age   8:     922376 bytes,   19247376 total
- age   9:     531416 bytes,   19778792 total
- age  10:     230480 bytes,   20009272 total
: 448224K->19591K(471872K), 0.0739453 secs] 1093707K->665850K(2044736K), 0.0742466 secs]
Total time for which application threads were stopped: 0.0779637 seconds
Application time: 8.1054617 seconds
52313.184: [GC 52313.185: [ParNew
Desired survivor size 48306584 bytes, new threshold 10 (max 10)
- age   1:    6438328 bytes,    6438328 total
- age   2:    2913584 bytes,    9351912 total
- age   3:     840320 bytes,   10192232 total
- age   4:    4814320 bytes,   15006552 total
- age   5:     255400 bytes,   15261952 total
- age   6:     592648 bytes,   15854600 total
- age   7:     959120 bytes,   16813720 total
- age   8:     644248 bytes,   17457968 total
- age   9:     922376 bytes,   18380344 total
- age  10:     531416 bytes,   18911760 total
: 439047K->18521K(471872K), 0.0755160 secs] 1085306K->665006K(2044736K), 0.0758408 secs]
Total time for which application threads were stopped: 0.0866243 seconds
Application time: 8.3311111 seconds
52321.599: [GC 52321.599: [ParNew
Desired survivor size 48306584 bytes, new threshold 10 (max 10)
- age   1:    4667208 bytes,    4667208 total
- age   2:    2319224 bytes,    6986432 total
- age   3:    2529832 bytes,    9516264 total
- age   4:     837680 bytes,   10353944 total
- age   5:    4672920 bytes,   15026864 total
- age   6:     249032 bytes,   15275896 total
- age   7:     592504 bytes,   15868400 total
- age   8:     940440 bytes,   16808840 total
- age   9:     642136 bytes,   17450976 total
- age  10:     922112 bytes,   18373088 total
: 437977K->18001K(471872K), 0.1083387 secs] 1084462K->665005K(2044736K), 0.1087457 secs]
Total time for which application threads were stopped: 0.1163200 seconds
Application time: 32.4823269 seconds
52354.194: [GC 52354.194: [ParNew
Desired survivor size 48306584 bytes, new threshold 10 (max 10)
- age   1:    5794256 bytes,    5794256 total
- age   2:    2476632 bytes,    8270888 total
- age   3:    1268072 bytes,    9538960 total
- age   4:    2193288 bytes,   11732248 total
- age   5:     674736 bytes,   12406984 total
- age   6:    4459560 bytes,   16866544 total
- age   7:     248408 bytes,   17114952 total
- age   8:     592432 bytes,   17707384 total
- age   9:     940440 bytes,   18647824 total
- age  10:     642136 bytes,   19289960 total
: 437457K->18889K(471872K), 0.0801417 secs] 1084461K->666794K(2044736K), 0.0809123 secs]
Total time for which application threads were stopped: 0.0845755 seconds
Application time: 15.7394739 seconds
52370.018: [GC 52370.019: [ParNew
Desired survivor size 48306584 bytes, new threshold 10 (max 10)
- age   1:    3896992 bytes,    3896992 total
- age   2:    2382312 bytes,    6279304 total
- age   3:     705872 bytes,    6985176 total
- age   4:     324960 bytes,    7310136 total
- age   5:    2193288 bytes,    9503424 total
- age   6:     674736 bytes,   10178160 total
- age   7:    4458104 bytes,   14636264 total
- age   8:     248408 bytes,   14884672 total
- age   9:     592432 bytes,   15477104 total
- age  10:     940440 bytes,   16417544 total
: 438339K->16084K(471872K), 0.0829063 secs] 1086243K->664616K(2044736K), 0.0832645 secs]
Total time for which application threads were stopped: 0.0873256 seconds
Application time: 63.2055393 seconds
52433.317: [GC 52433.317: [ParNew
Desired survivor size 48306584 bytes, new threshold 10 (max 10)
- age   1:    4163112 bytes,    4163112 total
- age   2:    1453440 bytes,    5616552 total
- age   3:     972048 bytes,    6588600 total
- age   4:     692072 bytes,    7280672 total
- age   5:     309560 bytes,    7590232 total
- age   6:    2176992 bytes,    9767224 total
- age   7:     657872 bytes,   10425096 total
- age   8:    4449896 bytes,   14874992 total
- age   9:     248408 bytes,   15123400 total
- age  10:     592432 bytes,   15715832 total
: 435540K->15394K(471872K), 0.0773419 secs] 1084072K->664844K(2044736K), 0.0777578 secs]
Total time for which application threads were stopped: 0.0875257 seconds
Application time: 52.0760863 seconds
52485.475: [GC 52485.475: [ParNew
Desired survivor size 48306584 bytes, new threshold 10 (max 10)
- age   1:    7148520 bytes,    7148520 total
- age   2:    2624576 bytes,    9773096 total
- age   3:      91824 bytes,    9864920 total
- age   4:     939568 bytes,   10804488 total
- age   5:     691584 bytes,   11496072 total
- age   6:     309560 bytes,   11805632 total
- age   7:    2113024 bytes,   13918656 total
- age   8:     648208 bytes,   14566864 total
- age   9:     637936 bytes,   15204800 total
- age  10:     248408 bytes,   15453208 total
: 434848K->15139K(471872K), 0.0685365 secs] 1084298K->665167K(2044736K), 0.0689017 secs]
Total time for which application threads were stopped: 0.0732785 seconds
Application time: 29.4549040 seconds
52515.003: [GC 52515.003: [ParNew
Desired survivor size 48306584 bytes, new threshold 10 (max 10)
- age   1:    2457176 bytes,    2457176 total
- age   2:    5310576 bytes,    7767752 total
- age   3:    2523872 bytes,   10291624 total
- age   4:      91824 bytes,   10383448 total
- age   5:     939240 bytes,   11322688 total
- age   6:     691584 bytes,   12014272 total
- age   7:     309560 bytes,   12323832 total
- age   8:    2095816 bytes,   14419648 total
- age   9:     642240 bytes,   15061888 total
- age  10:     637936 bytes,   15699824 total
: 434595K->15377K(471872K), 0.0679313 secs] 1084623K->665648K(2044736K), 0.0682512 secs]
Total time for which application threads were stopped: 0.0718209 seconds
Application time: 40.3188395 seconds
52555.394: [GC 52555.394: [ParNew
Desired survivor size 48306584 bytes, new threshold 10 (max 10)
- age   1:    9701240 bytes,    9701240 total
- age   2:     532392 bytes,   10233632 total
- age   3:    5237704 bytes,   15471336 total
- age   4:    2523696 bytes,   17995032 total
- age   5:      91824 bytes,   18086856 total
- age   6:     939240 bytes,   19026096 total
- age   7:     646904 bytes,   19673000 total
- age   8:     274736 bytes,   19947736 total
- age   9:     308952 bytes,   20256688 total
- age  10:     637760 bytes,   20894448 total
: 434702K->20451K(471872K), 0.0750032 secs] 1084973K->671345K(2044736K), 0.0753700 secs]
Total time for which application threads were stopped: 0.0794651 seconds
Application time: 59.7334591 seconds
52615.206: [GC 52615.207: [ParNew
Desired survivor size 48306584 bytes, new threshold 10 (max 10)
- age   1:    4633040 bytes,    4633040 total
- age   2:    5683232 bytes,   10316272 total
- age   3:     518840 bytes,   10835112 total
- age   4:    5235064 bytes,   16070176 total
- age   5:    1105248 bytes,   17175424 total
- age   6:      88128 bytes,   17263552 total
- age   7:     810464 bytes,   18074016 total
- age   8:     643544 bytes,   18717560 total
- age   9:     254768 bytes,   18972328 total
- age  10:     306224 bytes,   19278552 total
: 439905K->18877K(471872K), 0.0770853 secs] 1090799K->670391K(2044736K), 0.0774589 secs]
Total time for which application threads were stopped: 0.0811903 seconds
Application time: 43.9310047 seconds
52659.219: [GC 52659.219: [ParNew
Desired survivor size 48306584 bytes, new threshold 10 (max 10)
- age   1:    6676784 bytes,    6676784 total
- age   2:    2869376 bytes,    9546160 total
- age   3:    1257536 bytes,   10803696 total
- age   4:     426728 bytes,   11230424 total
- age   5:    4144192 bytes,   15374616 total
- age   6:     724688 bytes,   16099304 total
- age   7:      88128 bytes,   16187432 total
- age   8:     801680 bytes,   16989112 total
- age   9:     643544 bytes,   17632656 total
- age  10:     254768 bytes,   17887424 total
: 438327K->17526K(471872K), 0.0754665 secs] 1089842K->669323K(2044736K), 0.0757769 secs]
Total time for which application threads were stopped: 0.0794322 seconds
Application time: 38.4613839 seconds
52697.760: [GC 52697.760: [ParNew
Desired survivor size 48306584 bytes, new threshold 10 (max 10)
- age   1:    7267568 bytes,    7267568 total
- age   2:    2161816 bytes,    9429384 total
- age   3:    2368832 bytes,   11798216 total
- age   4:    1256856 bytes,   13055072 total
- age   5:     426728 bytes,   13481800 total
- age   6:     747008 bytes,   14228808 total
- age   7:     720208 bytes,   14949016 total
- age   8:      88128 bytes,   15037144 total
- age   9:     801680 bytes,   15838824 total
- age  10:     643544 bytes,   16482368 total
: 436978K->16152K(471872K), 0.0833590 secs] 1088774K->668197K(2044736K), 0.0837046 secs]
Total time for which application threads were stopped: 0.0873981 seconds
Application time: 10.9262278 seconds
52708.773: [GC 52708.773: [ParNew
Desired survivor size 48306584 bytes, new threshold 10 (max 10)
- age   1:    3967704 bytes,    3967704 total
- age   2:    6207336 bytes,   10175040 total
- age   3:    1600960 bytes,   11776000 total
- age   4:    1015856 bytes,   12791856 total
- age   5:    1256320 bytes,   14048176 total
- age   6:     363968 bytes,   14412144 total
- age   7:     747008 bytes,   15159152 total
- age   8:     717296 bytes,   15876448 total
- age   9:      88128 bytes,   15964576 total
- age  10:     801680 bytes,   16766256 total
: 435608K->16425K(471872K), 0.0736953 secs] 1087653K->669099K(2044736K), 0.0739992 secs]
Total time for which application threads were stopped: 0.0775837 seconds
Application time: 13.1634055 seconds
52722.014: [GC 52722.014: [ParNew
Desired survivor size 48306584 bytes, new threshold 10 (max 10)
- age   1:    7106576 bytes,    7106576 total
- age   2:    2507328 bytes,    9613904 total
- age   3:    3145760 bytes,   12759664 total
- age   4:    1024400 bytes,   13784064 total
- age   5:    1015856 bytes,   14799920 total
- age   6:    1127808 bytes,   15927728 total
- age   7:     346880 bytes,   16274608 total
- age   8:     747008 bytes,   17021616 total
- age   9:     717296 bytes,   17738912 total
- age  10:      88128 bytes,   17827040 total
: 435870K->17465K(471872K), 0.0797525 secs] 1088544K->670922K(2044736K), 0.0800804 secs]
Total time for which application threads were stopped: 0.0836707 seconds
Application time: 34.2650031 seconds
52756.364: [GC 52756.364: [ParNew
Desired survivor size 48306584 bytes, new threshold 10 (max 10)
- age   1:    1610448 bytes,    1610448 total
- age   2:    4960320 bytes,    6570768 total
- age   3:    2488264 bytes,    9059032 total
- age   4:    3128624 bytes,   12187656 total
- age   5:     954480 bytes,   13142136 total
- age   6:     849248 bytes,   13991384 total
- age   7:    1097616 bytes,   15089000 total
- age   8:     324864 bytes,   15413864 total
- age   9:     728440 bytes,   16142304 total
- age  10:     704664 bytes,   16846968 total
: 436918K->16509K(471872K), 0.0831261 secs] 1090374K->670051K(2044736K), 0.0840216 secs]
Total time for which application threads were stopped: 0.0889909 seconds
Application time: 39.6881522 seconds
52796.140: [GC 52796.140: [ParNew
Desired survivor size 48306584 bytes, new threshold 10 (max 10)
- age   1:    2770664 bytes,    2770664 total
- age   2:     243896 bytes,    3014560 total
- age   3:    4832296 bytes,    7846856 total
- age   4:    2488264 bytes,   10335120 total
- age   5:    3045784 bytes,   13380904 total
- age   6:     954480 bytes,   14335384 total
- age   7:     849248 bytes,   15184632 total
- age   8:    1041272 bytes,   16225904 total
- age   9:     187256 bytes,   16413160 total
- age  10:     723928 bytes,   17137088 total
: 435964K->16789K(471872K), 0.0761756 secs] 1089506K->671019K(2044736K), 0.0765166 secs]
Total time for which application threads were stopped: 0.0800755 seconds
Application time: 45.5905594 seconds
52841.811: [GC 52841.811: [ParNew
Desired survivor size 48306584 bytes, new threshold 10 (max 10)
- age   1:    8228024 bytes,    8228024 total
- age   2:     987488 bytes,    9215512 total
- age   3:     243896 bytes,    9459408 total
- age   4:    4832032 bytes,   14291440 total
- age   5:    2478432 bytes,   16769872 total
- age   6:     978264 bytes,   17748136 total
- age   7:     937256 bytes,   18685392 total
- age   8:     848624 bytes,   19534016 total
- age   9:    1037504 bytes,   20571520 total
- age  10:     184872 bytes,   20756392 total
: 436241K->20322K(471872K), 0.0793970 secs] 1090472K->675259K(2044736K), 0.0797422 secs]
Total time for which application threads were stopped: 0.0836674 seconds
Application time: 14.1939422 seconds
52856.089: [GC 52856.089: [ParNew
Desired survivor size 48306584 bytes, new threshold 10 (max 10)
- age   1:    4737448 bytes,    4737448 total
- age   2:    4370960 bytes,    9108408 total
- age   3:     987488 bytes,   10095896 total
- age   4:     243672 bytes,   10339568 total
- age   5:    3797960 bytes,   14137528 total
- age   6:     774672 bytes,   14912200 total
- age   7:     978264 bytes,   15890464 total
- age   8:     935584 bytes,   16826048 total
- age   9:     785624 bytes,   17611672 total
- age  10:    1018856 bytes,   18630528 total
: 439778K->18252K(471872K), 0.0861143 secs] 1094715K->673370K(2044736K), 0.0864458 secs]
Total time for which application threads were stopped: 0.0902094 seconds
Application time: 16.9296456 seconds
52873.108: [GC 52873.109: [ParNew
Desired survivor size 48306584 bytes, new threshold 10 (max 10)
- age   1:    4576304 bytes,    4576304 total
- age   2:    3366560 bytes,    7942864 total
- age   3:    4370552 bytes,   12313416 total
- age   4:     682112 bytes,   12995528 total
- age   5:     243672 bytes,   13239200 total
- age   6:    3784720 bytes,   17023920 total
- age   7:     589720 bytes,   17613640 total
- age   8:     756272 bytes,   18369912 total
- age   9:     818528 bytes,   19188440 total
- age  10:     781208 bytes,   19969648 total
: 437707K->19562K(471872K), 0.0864023 secs] 1092825K->675675K(2044736K), 0.0867498 secs]
Total time for which application threads were stopped: 0.0904115 seconds
Application time: 19.3252916 seconds
52892.524: [GC 52892.525: [ParNew
Desired survivor size 48306584 bytes, new threshold 10 (max 10)
- age   1:    4301064 bytes,    4301064 total
- age   2:    1289496 bytes,    5590560 total
- age   3:    1144272 bytes,    6734832 total
- age   4:    4368112 bytes,   11102944 total
- age   5:     682112 bytes,   11785056 total
- age   6:     243672 bytes,   12028728 total
- age   7:    3784720 bytes,   15813448 total
- age   8:     589720 bytes,   16403168 total
- age   9:     756272 bytes,   17159440 total
- age  10:     818528 bytes,   17977968 total
: 439018K->17618K(471872K), 0.0935617 secs] 1095131K->674435K(2044736K), 0.0938750 secs]
Total time for which application threads were stopped: 0.0977634 seconds
Application time: 40.0037470 seconds
52932.626: [GC 52932.626: [ParNew
Desired survivor size 48306584 bytes, new threshold 10 (max 10)
- age   1:    1780208 bytes,    1780208 total
- age   2:    3694040 bytes,    5474248 total
- age   3:    1133832 bytes,    6608080 total
- age   4:     858896 bytes,    7466976 total
- age   5:    4192792 bytes,   11659768 total
- age   6:     678416 bytes,   12338184 total
- age   7:     238392 bytes,   12576576 total
- age   8:    3782008 bytes,   16358584 total
- age   9:     584776 bytes,   16943360 total
- age  10:     752744 bytes,   17696104 total
: 437073K->17341K(471872K), 0.0761283 secs] 1093890K->674919K(2044736K), 0.0764704 secs]
Total time for which application threads were stopped: 0.0800599 seconds
Application time: 39.2602316 seconds
52971.966: [GC 52971.967: [ParNew
Desired survivor size 48306584 bytes, new threshold 10 (max 10)
- age   1:    5521240 bytes,    5521240 total
- age   2:    1483016 bytes,    7004256 total
- age   3:    2065472 bytes,    9069728 total
- age   4:    1116136 bytes,   10185864 total
- age   5:     796240 bytes,   10982104 total
- age   6:    4192792 bytes,   15174896 total
- age   7:     677664 bytes,   15852560 total
- age   8:     238392 bytes,   16090952 total
- age   9:    3782008 bytes,   19872960 total
- age  10:     584776 bytes,   20457736 total
: 436797K->20036K(471872K), 0.0909195 secs] 1094375K->678345K(2044736K), 0.0912757 secs]
Total time for which application threads were stopped: 0.0952483 seconds
Application time: 6.9836231 seconds
52979.045: [GC 52979.045: [ParNew
Desired survivor size 48306584 bytes, new threshold 10 (max 10)
- age   1:    3927256 bytes,    3927256 total
- age   2:    1819176 bytes,    5746432 total
- age   3:     947760 bytes,    6694192 total
- age   4:     996968 bytes,    7691160 total
- age   5:    1116136 bytes,    8807296 total
- age   6:     796240 bytes,    9603536 total
- age   7:    4192792 bytes,   13796328 total
- age   8:     677664 bytes,   14473992 total
- age   9:     238392 bytes,   14712384 total
- age  10:    3782008 bytes,   18494392 total
: 439492K->18129K(471872K), 0.0809884 secs] 1097801K->677009K(2044736K), 0.0813124 secs]
Total time for which application threads were stopped: 0.0850645 seconds
Application time: 52.4348945 seconds
53031.565: [GC 53031.565: [ParNew
Desired survivor size 48306584 bytes, new threshold 10 (max 10)
- age   1:   12131904 bytes,   12131904 total
- age   2:    2540888 bytes,   14672792 total
- age   3:    1736360 bytes,   16409152 total
- age   4:     806856 bytes,   17216008 total
- age   5:     839240 bytes,   18055248 total
- age   6:    1103832 bytes,   19159080 total
- age   7:     782824 bytes,   19941904 total
- age   8:     720456 bytes,   20662360 total
- age   9:     664728 bytes,   21327088 total
- age  10:     219808 bytes,   21546896 total
: 437525K->21103K(471872K), 0.0840808 secs] 1096405K->680686K(2044736K), 0.0844015 secs]
Total time for which application threads were stopped: 0.0881974 seconds
Application time: 77.5902801 seconds
53109.244: [GC 53109.244: [ParNew
Desired survivor size 48306584 bytes, new threshold 10 (max 10)
- age   1:    3754680 bytes,    3754680 total
- age   2:    5759712 bytes,    9514392 total
- age   3:    1375008 bytes,   10889400 total
- age   4:     769760 bytes,   11659160 total
- age   5:     806016 bytes,   12465176 total
- age   6:     839120 bytes,   13304296 total
- age   7:    1102224 bytes,   14406520 total
- age   8:     170376 bytes,   14576896 total
- age   9:     716472 bytes,   15293368 total
- age  10:     662488 bytes,   15955856 total
: 440502K->15639K(471872K), 0.0680691 secs] 1100086K->675432K(2044736K), 0.0683883 secs]
Total time for which application threads were stopped: 0.0719742 seconds
Application time: 42.1600849 seconds
53151.476: [GC 53151.476: [ParNew
Desired survivor size 48306584 bytes, new threshold 10 (max 10)
- age   1:    5948168 bytes,    5948168 total
- age   2:    2619456 bytes,    8567624 total
- age   3:    4307632 bytes,   12875256 total
- age   4:     806576 bytes,   13681832 total
- age   5:     709136 bytes,   14390968 total
- age   6:     762072 bytes,   15153040 total
- age   7:     828344 bytes,   15981384 total
- age   8:     679784 bytes,   16661168 total
- age   9:      98280 bytes,   16759448 total
- age  10:     713416 bytes,   17472864 total
: 435094K->17120K(471872K), 0.0807628 secs] 1094888K->677561K(2044736K), 0.0811405 secs]
Total time for which application threads were stopped: 0.0851999 seconds
Application time: 61.0199024 seconds
53212.589: [GC 53212.589: [ParNew
Desired survivor size 48306584 bytes, new threshold 10 (max 10)
- age   1:    5423400 bytes,    5423400 total
- age   2:    3299600 bytes,    8723000 total
- age   3:     697752 bytes,    9420752 total
- age   4:    4194432 bytes,   13615184 total
- age   5:     806576 bytes,   14421760 total
- age   6:     709136 bytes,   15130896 total
- age   7:     384904 bytes,   15515800 total
- age   8:     249112 bytes,   15764912 total
- age   9:     676872 bytes,   16441784 total
- age  10:      94880 bytes,   16536664 total
: 436576K->16202K(471872K), 0.0891288 secs] 1097017K->677339K(2044736K), 0.0894512 secs]
Total time for which application threads were stopped: 0.1010551 seconds
Application time: 18.5537462 seconds
53231.236: [GC 53231.236: [ParNew
Desired survivor size 48306584 bytes, new threshold 10 (max 10)
- age   1:   14679992 bytes,   14679992 total
- age   2:    3105456 bytes,   17785448 total
- age   3:    3169248 bytes,   20954696 total
- age   4:     695392 bytes,   21650088 total
- age   5:     937040 bytes,   22587128 total
- age   6:     615736 bytes,   23202864 total
- age   7:     380768 bytes,   23583632 total
- age   8:     229864 bytes,   23813496 total
- age   9:     247992 bytes,   24061488 total
- age  10:     676872 bytes,   24738360 total
: 435566K->24220K(471872K), 0.0811979 secs] 1096704K->685450K(2044736K), 0.0815171 secs]
Total time for which application threads were stopped: 0.0853488 seconds
Application time: 21.3933527 seconds
53252.715: [GC 53252.715: [ParNew
Desired survivor size 48306584 bytes, new threshold 10 (max 10)
- age   1:    4519920 bytes,    4519920 total
- age   2:    5099272 bytes,    9619192 total
- age   3:    1052472 bytes,   10671664 total
- age   4:    3088200 bytes,   13759864 total
- age   5:     695392 bytes,   14455256 total
- age   6:     674624 bytes,   15129880 total
- age   7:     197544 bytes,   15327424 total
- age   8:     378384 bytes,   15705808 total
- age   9:     229864 bytes,   15935672 total
- age  10:     247992 bytes,   16183664 total
: 443669K->15856K(471872K), 0.0797278 secs] 1104899K->677747K(2044736K), 0.0800680 secs]
Total time for which application threads were stopped: 0.0837804 seconds
Application time: 64.6414986 seconds
53317.440: [GC 53317.440: [ParNew
Desired survivor size 48306584 bytes, new threshold 10 (max 10)
- age   1:   13961976 bytes,   13961976 total
- age   2:    2955080 bytes,   16917056 total
- age   3:    2020608 bytes,   18937664 total
- age   4:     954952 bytes,   19892616 total
- age   5:    1146712 bytes,   21039328 total
- age   6:     594384 bytes,   21633712 total
- age   7:     537448 bytes,   22171160 total
- age   8:     196088 bytes,   22367248 total
- age   9:     376840 bytes,   22744088 total
- age  10:     229864 bytes,   22973952 total
: 435312K->22487K(471872K), 0.0816998 secs] 1097203K->684620K(2044736K), 0.0820601 secs]
Total time for which application threads were stopped: 0.0862273 seconds
Application time: 43.3322392 seconds
53360.858: [GC 53360.859: [ParNew
Desired survivor size 48306584 bytes, new threshold 10 (max 10)
- age   1:    5266432 bytes,    5266432 total
- age   2:    8219088 bytes,   13485520 total
- age   3:    1256352 bytes,   14741872 total
- age   4:    1029456 bytes,   15771328 total
- age   5:     942856 bytes,   16714184 total
- age   6:    1127840 bytes,   17842024 total
- age   7:     575200 bytes,   18417224 total
- age   8:     531208 bytes,   18948432 total
- age   9:     196088 bytes,   19144520 total
- age  10:     376840 bytes,   19521360 total
: 441943K->19122K(471872K), 0.0762734 secs] 1104076K->681480K(2044736K), 0.0765736 secs]
Total time for which application threads were stopped: 0.0801528 seconds
Application time: 33.6248363 seconds
53394.564: [GC 53394.564: [ParNew
Desired survivor size 48306584 bytes, new threshold 10 (max 10)
- age   1:    2482856 bytes,    2482856 total
- age   2:    2974936 bytes,    5457792 total
- age   3:    8038072 bytes,   13495864 total
- age   4:     679072 bytes,   14174936 total
- age   5:    1029456 bytes,   15204392 total
- age   6:     942856 bytes,   16147248 total
- age   7:    1127840 bytes,   17275088 total
- age   8:     567920 bytes,   17843008 total
- age   9:     531208 bytes,   18374216 total
- age  10:     196088 bytes,   18570304 total
: 438578K->18197K(471872K), 0.0943889 secs] 1100936K->680923K(2044736K), 0.0947292 secs]
Total time for which application threads were stopped: 0.0986268 seconds
Application time: 63.4062666 seconds
53458.069: [GC 53458.069: [ParNew
Desired survivor size 48306584 bytes, new threshold 10 (max 10)
- age   1:    5280504 bytes,    5280504 total
- age   2:    1414552 bytes,    6695056 total
- age   3:    2828544 bytes,    9523600 total
- age   4:    4454832 bytes,   13978432 total
- age   5:     678752 bytes,   14657184 total
- age   6:    1029152 bytes,   15686336 total
- age   7:     940168 bytes,   16626504 total
- age   8:    1124928 bytes,   17751432 total
- age   9:     566464 bytes,   18317896 total
- age  10:     531208 bytes,   18849104 total
: 437547K->18467K(471872K), 0.0818808 secs] 1100273K->681385K(2044736K), 0.0822248 secs]
Total time for which application threads were stopped: 0.0862793 seconds
Application time: 42.7097095 seconds
53500.864: [GC 53500.865: [ParNew
Desired survivor size 48306584 bytes, new threshold 10 (max 10)
- age   1:    3218376 bytes,    3218376 total
- age   2:    3507304 bytes,    6725680 total
- age   3:    1412608 bytes,    8138288 total
- age   4:    1628312 bytes,    9766600 total
- age   5:    4454224 bytes,   14220824 total
- age   6:     678752 bytes,   14899576 total
- age   7:     968528 bytes,   15868104 total
- age   8:     931848 bytes,   16799952 total
- age   9:    1124928 bytes,   17924880 total
- age  10:     566520 bytes,   18491400 total
: 437923K->18126K(471872K), 0.0744282 secs] 1100841K->681562K(2044736K), 0.0747335 secs]
Total time for which application threads were stopped: 0.0783268 seconds
Application time: 20.8244812 seconds
53521.768: [GC 53521.768: [ParNew
Desired survivor size 48306584 bytes, new threshold 10 (max 10)
- age   1:    6383120 bytes,    6383120 total
- age   2:    2025160 bytes,    8408280 total
- age   3:     443424 bytes,    8851704 total
- age   4:     841872 bytes,    9693576 total
- age   5:     598136 bytes,   10291712 total
- age   6:    4451792 bytes,   14743504 total
- age   7:     676112 bytes,   15419616 total
- age   8:     966416 bytes,   16386032 total
- age   9:     923536 bytes,   17309568 total
- age  10:    1114800 bytes,   18424368 total
: 437582K->18062K(471872K), 0.0817173 secs] 1101018K->682050K(2044736K), 0.0820135 secs]
Total time for which application threads were stopped: 0.0859266 seconds
Application time: 68.3280772 seconds
53590.181: [GC 53590.182: [ParNew
Desired survivor size 48306584 bytes, new threshold 10 (max 10)
- age   1:   14190352 bytes,   14190352 total
- age   2:    5359928 bytes,   19550280 total
- age   3:    1880928 bytes,   21431208 total
- age   4:     442184 bytes,   21873392 total
- age   5:     841544 bytes,   22714936 total
- age   6:     597136 bytes,   23312072 total
- age   7:     930856 bytes,   24242928 total
- age   8:     670440 bytes,   24913368 total
- age   9:     913016 bytes,   25826384 total
- age  10:     923536 bytes,   26749920 total
: 437193K->26185K(471872K), 0.0856014 secs] 1101181K->691040K(2044736K), 0.0859895 secs]
Total time for which application threads were stopped: 0.0902604 seconds
Application time: 84.7751261 seconds
53675.047: [GC 53675.047: [ParNew
Desired survivor size 48306584 bytes, new threshold 10 (max 10)
- age   1:    7216224 bytes,    7216224 total
- age   2:    2853728 bytes,   10069952 total
- age   3:    4642552 bytes,   14712504 total
- age   4:     661840 bytes,   15374344 total
- age   5:     344192 bytes,   15718536 total
- age   6:     824128 bytes,   16542664 total
- age   7:     577368 bytes,   17120032 total
- age   8:     926552 bytes,   18046584 total
- age   9:     594872 bytes,   18641456 total
- age  10:     468320 bytes,   19109776 total
: 445617K->18726K(471872K), 0.0795847 secs] 1110473K->684483K(2044736K), 0.0798999 secs]
Total time for which application threads were stopped: 0.0835432 seconds
Application time: 26.1157332 seconds
53701.247: [GC 53701.247: [ParNew
Desired survivor size 48306584 bytes, new threshold 10 (max 10)
- age   1:   12500504 bytes,   12500504 total
- age   2:    3583536 bytes,   16084040 total
- age   3:     754608 bytes,   16838648 total
- age   4:     858360 bytes,   17697008 total
- age   5:     661840 bytes,   18358848 total
- age   6:     264384 bytes,   18623232 total
- age   7:     822672 bytes,   19445904 total
- age   8:     577368 bytes,   20023272 total
- age   9:     745992 bytes,   20769264 total
- age  10:      92528 bytes,   20861792 total
: 438163K->20427K(471872K), 0.0857572 secs] 1103920K->686642K(2044736K), 0.0861596 secs]
Total time for which application threads were stopped: 0.0902318 seconds
Application time: 22.0505225 seconds
53723.387: [GC 53723.387: [ParNew
Desired survivor size 48306584 bytes, new threshold 10 (max 10)
- age   1:    7561464 bytes,    7561464 total
- age   2:    7795520 bytes,   15356984 total
- age   3:    2518848 bytes,   17875832 total
- age   4:     693984 bytes,   18569816 total
- age   5:     858032 bytes,   19427848 total
- age   6:     661840 bytes,   20089688 total
- age   7:     260688 bytes,   20350376 total
- age   8:     822672 bytes,   21173048 total
- age   9:     577368 bytes,   21750416 total
- age  10:     714472 bytes,   22464888 total
: 439883K->22009K(471872K), 0.0846022 secs] 1106098K->688314K(2044736K), 0.0849986 secs]
Total time for which application threads were stopped: 0.0886473 seconds
Application time: 10.9807384 seconds
53734.457: [GC 53734.457: [ParNew
Desired survivor size 48306584 bytes, new threshold 10 (max 10)
- age   1:    6074120 bytes,    6074120 total
- age   2:    2455920 bytes,    8530040 total
- age   3:    7650376 bytes,   16180416 total
- age   4:    2291304 bytes,   18471720 total
- age   5:     693984 bytes,   19165704 total
- age   6:     858032 bytes,   20023736 total
- age   7:     661840 bytes,   20685576 total
- age   8:     257776 bytes,   20943352 total
- age   9:     822672 bytes,   21766024 total
- age  10:     577368 bytes,   22343392 total
: 441465K->21898K(471872K), 0.0988967 secs] 1107770K->688902K(2044736K), 0.0992347 secs]
Total time for which application threads were stopped: 0.1031929 seconds
Application time: 14.4117560 seconds
53748.972: [GC 53748.973: [ParNew
Desired survivor size 48306584 bytes, new threshold 10 (max 10)
- age   1:    4069320 bytes,    4069320 total
- age   2:    3755632 bytes,    7824952 total
- age   3:    2452960 bytes,   10277912 total
- age   4:    7181920 bytes,   17459832 total
- age   5:     782016 bytes,   18241848 total
- age   6:     693984 bytes,   18935832 total
- age   7:     858032 bytes,   19793864 total
- age   8:     661840 bytes,   20455704 total
- age   9:     254080 bytes,   20709784 total
- age  10:     694584 bytes,   21404368 total
: 441354K->20987K(471872K), 0.1484986 secs] 1108357K->688554K(2044736K), 0.1489321 secs]
Total time for which application threads were stopped: 0.1537680 seconds
Application time: 23.9859256 seconds
53773.112: [GC 53773.112: [ParNew
Desired survivor size 48306584 bytes, new threshold 10 (max 10)
- age   1:    4117032 bytes,    4117032 total
- age   2:    2098624 bytes,    6215656 total
- age   3:    3702288 bytes,    9917944 total
- age   4:    2452624 bytes,   12370568 total
- age   5:    7181464 bytes,   19552032 total
- age   6:     718912 bytes,   20270944 total
- age   7:     693360 bytes,   20964304 total
- age   8:     858032 bytes,   21822336 total
- age   9:     660384 bytes,   22482720 total
- age  10:     251024 bytes,   22733744 total
: 440435K->22292K(471872K), 0.1491702 secs] 1108002K->690472K(2044736K), 0.1496378 secs]
Total time for which application threads were stopped: 0.1538385 seconds
Application time: 52.0320415 seconds
53825.297: [GC 53825.297: [ParNew
Desired survivor size 48306584 bytes, new threshold 10 (max 10)
- age   1:    7704472 bytes,    7704472 total
- age   2:    2318624 bytes,   10023096 total
- age   3:    1552144 bytes,   11575240 total
- age   4:    3700088 bytes,   15275328 total
- age   5:    2281800 bytes,   17557128 total
- age   6:     935104 bytes,   18492232 total
- age   7:     698632 bytes,   19190864 total
- age   8:     690456 bytes,   19881320 total
- age   9:     841896 bytes,   20723216 total
- age  10:     653064 bytes,   21376280 total
: 441741K->20965K(471872K), 0.0958702 secs] 1109922K->689388K(2044736K), 0.0961841 secs]
Total time for which application threads were stopped: 0.0997989 seconds
Application time: 105.3278598 seconds
53930.725: [GC 53930.725: [ParNew
Desired survivor size 48306584 bytes, new threshold 10 (max 10)
- age   1:   11451864 bytes,   11451864 total
- age   2:    5373616 bytes,   16825480 total
- age   3:    2317168 bytes,   19142648 total
- age   4:    1552144 bytes,   20694792 total
- age   5:    3699464 bytes,   24394256 total
- age   6:    2281800 bytes,   26676056 total
- age   7:     855600 bytes,   27531656 total
- age   8:     692144 bytes,   28223800 total
- age   9:     608968 bytes,   28832768 total
- age  10:     841896 bytes,   29674664 total
: 440418K->29063K(471872K), 0.1144159 secs] 1108841K->698046K(2044736K), 0.1147558 secs]
Total time for which application threads were stopped: 0.1187638 seconds
Application time: 18.1978516 seconds
53949.042: [GC 53949.042: [ParNew
Desired survivor size 48306584 bytes, new threshold 10 (max 10)
- age   1:    5233392 bytes,    5233392 total
- age   2:     618960 bytes,    5852352 total
- age   3:    5373616 bytes,   11225968 total
- age   4:    2317168 bytes,   13543136 total
- age   5:    1451072 bytes,   14994208 total
- age   6:    2447208 bytes,   17441416 total
- age   7:    2281800 bytes,   19723216 total
- age   8:     855600 bytes,   20578816 total
- age   9:     689856 bytes,   21268672 total
- age  10:     608968 bytes,   21877640 total
: 448519K->21460K(471872K), 0.1110036 secs] 1117502K->691266K(2044736K), 0.1113159 secs]
Total time for which application threads were stopped: 0.1156126 seconds
Application time: 81.1383901 seconds
54030.295: [GC 54030.296: [ParNew
Desired survivor size 48306584 bytes, new threshold 10 (max 10)
- age   1:   17221176 bytes,   17221176 total
- age   2:    3385920 bytes,   20607096 total
- age   3:     602824 bytes,   21209920 total
- age   4:    2211888 bytes,   23421808 total
- age   5:    1005712 bytes,   24427520 total
- age   6:    1438192 bytes,   25865712 total
- age   7:    2436120 bytes,   28301832 total
- age   8:    2265672 bytes,   30567504 total
- age   9:     835384 bytes,   31402888 total
- age  10:     682712 bytes,   32085600 total
: 440916K->31435K(471872K), 0.1062938 secs] 1110722K->701835K(2044736K), 0.1066145 secs]
Total time for which application threads were stopped: 0.1100863 seconds
Application time: 74.5987289 seconds
54105.004: [GC 54105.005: [ParNew
Desired survivor size 48306584 bytes, new threshold 10 (max 10)
- age   1:    5462048 bytes,    5462048 total
- age   2:    5860024 bytes,   11322072 total
- age   3:    3383424 bytes,   14705496 total
- age   4:     597296 bytes,   15302792 total
- age   5:     635512 bytes,   15938304 total
- age   6:     997744 bytes,   16936048 total
- age   7:    1431576 bytes,   18367624 total
- age   8:    2433088 bytes,   20800712 total
- age   9:    2123856 bytes,   22924568 total
- age  10:     831376 bytes,   23755944 total
: 450890K->23300K(471872K), 0.1056750 secs] 1121291K->694364K(2044736K), 0.1064552 secs]
Total time for which application threads were stopped: 0.1100853 seconds
Application time: 69.4330399 seconds
54174.548: [GC 54174.548: [ParNew
Desired survivor size 48306584 bytes, new threshold 10 (max 10)
- age   1:    5785176 bytes,    5785176 total
- age   2:    3171768 bytes,    8956944 total
- age   3:    5779728 bytes,   14736672 total
- age   4:    2409768 bytes,   17146440 total
- age   5:     592000 bytes,   17738440 total
- age   6:     635512 bytes,   18373952 total
- age   7:     989144 bytes,   19363096 total
- age   8:    1429160 bytes,   20792256 total
- age   9:    2433088 bytes,   23225344 total
