0.076: [GC pause (young)0.079: [SoftReference, 0 refs, 0.0000400 secs]0.079: [WeakReference, 13 refs, 0.0000050 secs]0.079: [FinalReference, 42 refs, 0.0000320 secs]0.079: [PhantomReference, 0 refs, 0.0000020 secs]0.079: [JNI Weak Reference, 0.0000060 secs], 0.0030280 secs]
   [Parallel Time: 2.6 ms, GC Workers: 8]
      [GC Worker Start (ms): Min: 76.3, Avg: 76.3, Max: 76.4, Diff: 0.1]
      [Ext Root Scanning (ms): Min: 0.3, Avg: 0.4, Max: 0.5, Diff: 0.1, Sum: 2.9]
      [Update RS (ms): Min: 0.0, Avg: 0.0, Max: 0.0, Diff: 0.0, Sum: 0.0]
         [Processed Buffers: Min: 0, Avg: 1.2, Max: 10, Diff: 10, Sum: 10]
      [Scan RS (ms): Min: 0.0, Avg: 0.0, Max: 0.0, Diff: 0.0, Sum: 0.0]
      [Object Copy (ms): Min: 0.9, Avg: 1.5, Max: 2.1, Diff: 1.2, Sum: 12.1]
      [Termination (ms): Min: 0.0, Avg: 0.6, Max: 1.2, Diff: 1.2, Sum: 4.5]
      [GC Worker Other (ms): Min: 0.0, Avg: 0.0, Max: 0.1, Diff: 0.0, Sum: 0.3]
      [GC Worker Total (ms): Min: 2.5, Avg: 2.5, Max: 2.6, Diff: 0.1, Sum: 19.9]
      [GC Worker End (ms): Min: 78.8, Avg: 78.8, Max: 78.8, Diff: 0.0]
   [Code Root Fixup: 0.0 ms]
   [Clear CT: 0.1 ms]
   [Other: 0.3 ms]
      [Choose CSet: 0.0 ms]
      [Ref Proc: 0.2 ms]
      [Ref Enq: 0.0 ms]
      [Free CSet: 0.0 ms]
   [Eden: 24.0M(24.0M)->0.0B(34.0M) Survivors: 0.0B->3072.0K Heap: 24.0M(256.0M)->5933.3K(256.0M)]
 [Times: user=0.01 sys=0.01, real=0.00 secs] 
0.084: [GC pause (young)0.087: [SoftReference, 0 refs, 0.0000240 secs]0.087: [WeakReference, 1 refs, 0.0000030 secs]0.087: [FinalReference, 0 refs, 0.0000020 secs]0.087: [PhantomReference, 0 refs, 0.0000030 secs]0.087: [JNI Weak Reference, 0.0000020 secs], 0.0027640 secs]
   [Parallel Time: 2.4 ms, GC Workers: 8]
      [GC Worker Start (ms): Min: 84.1, Avg: 84.2, Max: 84.4, Diff: 0.3]
      [Ext Root Scanning (ms): Min: 0.0, Avg: 0.2, Max: 0.3, Diff: 0.3, Sum: 1.3]
      [Update RS (ms): Min: 0.0, Avg: 0.2, Max: 0.4, Diff: 0.4, Sum: 1.3]
         [Processed Buffers: Min: 0, Avg: 3.4, Max: 7, Diff: 7, Sum: 27]
      [Scan RS (ms): Min: 0.0, Avg: 0.0, Max: 0.0, Diff: 0.0, Sum: 0.0]
      [Object Copy (ms): Min: 0.5, Avg: 1.1, Max: 2.0, Diff: 1.5, Sum: 8.5]
      [Termination (ms): Min: 0.0, Avg: 0.8, Max: 1.1, Diff: 1.1, Sum: 6.3]
      [GC Worker Other (ms): Min: 0.0, Avg: 0.0, Max: 0.0, Diff: 0.0, Sum: 0.2]
      [GC Worker Total (ms): Min: 2.0, Avg: 2.2, Max: 2.3, Diff: 0.4, Sum: 17.6]
      [GC Worker End (ms): Min: 86.4, Avg: 86.4, Max: 86.4, Diff: 0.0]
   [Code Root Fixup: 0.0 ms]
   [Clear CT: 0.1 ms]
   [Other: 0.2 ms]
      [Choose CSet: 0.0 ms]
      [Ref Proc: 0.2 ms]
      [Ref Enq: 0.0 ms]
      [Free CSet: 0.0 ms]
   [Eden: 34.0M(34.0M)->0.0B(148.0M) Survivors: 3072.0K->5120.0K Heap: 39.8M(256.0M)->8185.1K(256.0M)]
 [Times: user=0.01 sys=0.00, real=0.00 secs] 
0.126: [GC pause (young)0.128: [SoftReference, 0 refs, 0.0000150 secs]0.128: [WeakReference, 0 refs, 0.0000030 secs]0.128: [FinalReference, 0 refs, 0.0000030 secs]0.128: [PhantomReference, 0 refs, 0.0000020 secs]0.128: [JNI Weak Reference, 0.0000020 secs], 0.0023380 secs]
   [Parallel Time: 2.0 ms, GC Workers: 8]
      [GC Worker Start (ms): Min: 125.8, Avg: 126.0, Max: 126.4, Diff: 0.6]
      [Ext Root Scanning (ms): Min: 0.0, Avg: 0.1, Max: 0.3, Diff: 0.3, Sum: 1.2]
      [Update RS (ms): Min: 0.0, Avg: 0.1, Max: 0.3, Diff: 0.3, Sum: 0.7]
         [Processed Buffers: Min: 0, Avg: 1.4, Max: 4, Diff: 4, Sum: 11]
      [Scan RS (ms): Min: 0.0, Avg: 0.0, Max: 0.1, Diff: 0.1, Sum: 0.2]
      [Object Copy (ms): Min: 0.0, Avg: 0.3, Max: 1.9, Diff: 1.9, Sum: 2.4]
      [Termination (ms): Min: 0.0, Avg: 1.2, Max: 1.4, Diff: 1.4, Sum: 9.2]
      [GC Worker Other (ms): Min: 0.0, Avg: 0.0, Max: 0.0, Diff: 0.0, Sum: 0.1]
      [GC Worker Total (ms): Min: 1.3, Avg: 1.7, Max: 1.9, Diff: 0.6, Sum: 13.9]
      [GC Worker End (ms): Min: 127.7, Avg: 127.7, Max: 127.7, Diff: 0.0]
   [Code Root Fixup: 0.0 ms]
   [Clear CT: 0.1 ms]
   [Other: 0.3 ms]
      [Choose CSet: 0.0 ms]
      [Ref Proc: 0.2 ms]
      [Ref Enq: 0.0 ms]
      [Free CSet: 0.1 ms]
   [Eden: 148.0M(148.0M)->0.0B(148.0M) Survivors: 5120.0K->5120.0K Heap: 156.0M(256.0M)->8185.1K(256.0M)]
 [Times: user=0.01 sys=0.00, real=0.00 secs] 
0.140: [GC pause (young)0.141: [SoftReference, 0 refs, 0.0000150 secs]0.141: [WeakReference, 0 refs, 0.0000030 secs]0.141: [FinalReference, 0 refs, 0.0000020 secs]0.141: [PhantomReference, 0 refs, 0.0000020 secs]0.141: [JNI Weak Reference, 0.0000030 secs], 0.0007840 secs]
   [Parallel Time: 0.5 ms, GC Workers: 8]
      [GC Worker Start (ms): Min: 140.3, Avg: 140.3, Max: 140.3, Diff: 0.1]
      [Ext Root Scanning (ms): Min: 0.2, Avg: 0.2, Max: 0.3, Diff: 0.1, Sum: 1.7]
      [Update RS (ms): Min: 0.0, Avg: 0.0, Max: 0.0, Diff: 0.0, Sum: 0.0]
         [Processed Buffers: Min: 0, Avg: 0.8, Max: 4, Diff: 4, Sum: 6]
      [Scan RS (ms): Min: 0.0, Avg: 0.0, Max: 0.1, Diff: 0.1, Sum: 0.3]
      [Object Copy (ms): Min: 0.0, Avg: 0.1, Max: 0.1, Diff: 0.1, Sum: 0.7]
      [Termination (ms): Min: 0.0, Avg: 0.0, Max: 0.1, Diff: 0.1, Sum: 0.3]
      [GC Worker Other (ms): Min: 0.0, Avg: 0.0, Max: 0.0, Diff: 0.0, Sum: 0.1]
      [GC Worker Total (ms): Min: 0.4, Avg: 0.4, Max: 0.4, Diff: 0.1, Sum: 3.1]
      [GC Worker End (ms): Min: 140.7, Avg: 140.7, Max: 140.7, Diff: 0.0]
   [Code Root Fixup: 0.0 ms]
   [Clear CT: 0.1 ms]
   [Other: 0.2 ms]
      [Choose CSet: 0.0 ms]
      [Ref Proc: 0.2 ms]
      [Ref Enq: 0.0 ms]
      [Free CSet: 0.1 ms]
   [Eden: 148.0M(148.0M)->0.0B(150.0M) Survivors: 5120.0K->3072.0K Heap: 156.0M(256.0M)->6161.4K(256.0M)]
 [Times: user=0.00 sys=0.00, real=0.00 secs] 
0.153: [GC pause (young)0.154: [SoftReference, 0 refs, 0.0000170 secs]0.154: [WeakReference, 0 refs, 0.0000040 secs]0.154: [FinalReference, 0 refs, 0.0000040 secs]0.154: [PhantomReference, 0 refs, 0.0000040 secs]0.154: [JNI Weak Reference, 0.0000040 secs], 0.0011510 secs]
   [Parallel Time: 0.8 ms, GC Workers: 8]
      [GC Worker Start (ms): Min: 153.1, Avg: 153.4, Max: 153.8, Diff: 0.7]
      [Ext Root Scanning (ms): Min: 0.0, Avg: 0.2, Max: 0.6, Diff: 0.6, Sum: 1.6]
      [Update RS (ms): Min: 0.0, Avg: 0.0, Max: 0.0, Diff: 0.0, Sum: 0.0]
         [Processed Buffers: Min: 0, Avg: 0.8, Max: 6, Diff: 6, Sum: 6]
      [Scan RS (ms): Min: 0.0, Avg: 0.0, Max: 0.1, Diff: 0.1, Sum: 0.1]
      [Object Copy (ms): Min: 0.0, Avg: 0.1, Max: 0.2, Diff: 0.2, Sum: 0.4]
      [Termination (ms): Min: 0.0, Avg: 0.1, Max: 0.2, Diff: 0.2, Sum: 0.8]
      [GC Worker Other (ms): Min: 0.0, Avg: 0.0, Max: 0.0, Diff: 0.0, Sum: 0.1]
      [GC Worker Total (ms): Min: 0.0, Avg: 0.4, Max: 0.7, Diff: 0.7, Sum: 3.1]
      [GC Worker End (ms): Min: 153.8, Avg: 153.8, Max: 153.8, Diff: 0.0]
   [Code Root Fixup: 0.0 ms]
   [Clear CT: 0.1 ms]
   [Other: 0.3 ms]
      [Choose CSet: 0.0 ms]
      [Ref Proc: 0.2 ms]
      [Ref Enq: 0.0 ms]
      [Free CSet: 0.1 ms]
   [Eden: 150.0M(150.0M)->0.0B(151.0M) Survivors: 3072.0K->2048.0K Heap: 156.0M(256.0M)->5113.1K(256.0M)]
 [Times: user=0.00 sys=0.00, real=0.00 secs] 
0.165: [GC pause (young)0.166: [SoftReference, 0 refs, 0.0000150 secs]0.166: [WeakReference, 0 refs, 0.0000030 secs]0.166: [FinalReference, 0 refs, 0.0000030 secs]0.166: [PhantomReference, 0 refs, 0.0000020 secs]0.166: [JNI Weak Reference, 0.0000020 secs], 0.0009580 secs]
   [Parallel Time: 0.6 ms, GC Workers: 8]
      [GC Worker Start (ms): Min: 164.9, Avg: 165.0, Max: 165.3, Diff: 0.4]
      [Ext Root Scanning (ms): Min: 0.0, Avg: 0.2, Max: 0.3, Diff: 0.3, Sum: 1.3]
      [Update RS (ms): Min: 0.0, Avg: 0.0, Max: 0.0, Diff: 0.0, Sum: 0.0]
         [Processed Buffers: Min: 0, Avg: 0.5, Max: 2, Diff: 2, Sum: 4]
      [Scan RS (ms): Min: 0.0, Avg: 0.0, Max: 0.1, Diff: 0.0, Sum: 0.2]
      [Object Copy (ms): Min: 0.1, Avg: 0.2, Max: 0.3, Diff: 0.3, Sum: 1.7]
      [Termination (ms): Min: 0.0, Avg: 0.1, Max: 0.2, Diff: 0.2, Sum: 0.5]
      [GC Worker Other (ms): Min: 0.0, Avg: 0.0, Max: 0.0, Diff: 0.0, Sum: 0.0]
      [GC Worker Total (ms): Min: 0.2, Avg: 0.5, Max: 0.6, Diff: 0.4, Sum: 3.8]
      [GC Worker End (ms): Min: 165.5, Avg: 165.5, Max: 165.5, Diff: 0.0]
   [Code Root Fixup: 0.0 ms]
   [Clear CT: 0.1 ms]
   [Other: 0.2 ms]
      [Choose CSet: 0.0 ms]
      [Ref Proc: 0.1 ms]
      [Ref Enq: 0.0 ms]
      [Free CSet: 0.1 ms]
   [Eden: 151.0M(151.0M)->0.0B(149.0M) Survivors: 2048.0K->4096.0K Heap: 156.0M(256.0M)->7178.5K(256.0M)]
 [Times: user=0.00 sys=0.00, real=0.00 secs] 
0.176: [GC pause (young)0.176: [SoftReference, 0 refs, 0.0000130 secs]0.176: [WeakReference, 0 refs, 0.0000050 secs]0.176: [FinalReference, 0 refs, 0.0000040 secs]0.176: [PhantomReference, 0 refs, 0.0000030 secs]0.177: [JNI Weak Reference, 0.0000020 secs], 0.0009100 secs]
   [Parallel Time: 0.6 ms, GC Workers: 8]
      [GC Worker Start (ms): Min: 175.8, Avg: 176.0, Max: 176.3, Diff: 0.5]
      [Ext Root Scanning (ms): Min: 0.0, Avg: 0.2, Max: 0.3, Diff: 0.3, Sum: 1.3]
      [Update RS (ms): Min: 0.0, Avg: 0.0, Max: 0.0, Diff: 0.0, Sum: 0.0]
         [Processed Buffers: Min: 0, Avg: 0.9, Max: 5, Diff: 5, Sum: 7]
      [Scan RS (ms): Min: 0.0, Avg: 0.0, Max: 0.0, Diff: 0.0, Sum: 0.2]
      [Object Copy (ms): Min: 0.0, Avg: 0.1, Max: 0.2, Diff: 0.2, Sum: 0.9]
      [Termination (ms): Min: 0.0, Avg: 0.1, Max: 0.1, Diff: 0.1, Sum: 0.6]
      [GC Worker Other (ms): Min: 0.0, Avg: 0.0, Max: 0.0, Diff: 0.0, Sum: 0.0]
      [GC Worker Total (ms): Min: 0.0, Avg: 0.4, Max: 0.5, Diff: 0.5, Sum: 2.9]
      [GC Worker End (ms): Min: 176.3, Avg: 176.3, Max: 176.3, Diff: 0.0]
   [Code Root Fixup: 0.0 ms]
   [Clear CT: 0.1 ms]
   [Other: 0.3 ms]
      [Choose CSet: 0.0 ms]
      [Ref Proc: 0.2 ms]
      [Ref Enq: 0.0 ms]
      [Free CSet: 0.1 ms]
   [Eden: 149.0M(149.0M)->0.0B(151.0M) Survivors: 4096.0K->2048.0K Heap: 156.0M(256.0M)->5189.2K(256.0M)]
 [Times: user=0.00 sys=0.00, real=0.00 secs] 
0.186: [GC pause (young)0.187: [SoftReference, 0 refs, 0.0000140 secs]0.187: [WeakReference, 0 refs, 0.0000020 secs]0.187: [FinalReference, 0 refs, 0.0000020 secs]0.187: [PhantomReference, 0 refs, 0.0000020 secs]0.187: [JNI Weak Reference, 0.0000020 secs], 0.0009170 secs]
   [Parallel Time: 0.6 ms, GC Workers: 8]
      [GC Worker Start (ms): Min: 186.3, Avg: 186.3, Max: 186.5, Diff: 0.2]
      [Ext Root Scanning (ms): Min: 0.1, Avg: 0.2, Max: 0.3, Diff: 0.2, Sum: 1.6]
      [Update RS (ms): Min: 0.0, Avg: 0.0, Max: 0.0, Diff: 0.0, Sum: 0.0]
         [Processed Buffers: Min: 0, Avg: 0.6, Max: 3, Diff: 3, Sum: 5]
      [Scan RS (ms): Min: 0.0, Avg: 0.0, Max: 0.0, Diff: 0.0, Sum: 0.2]
      [Object Copy (ms): Min: 0.1, Avg: 0.1, Max: 0.3, Diff: 0.2, Sum: 1.0]
      [Termination (ms): Min: 0.0, Avg: 0.1, Max: 0.1, Diff: 0.1, Sum: 1.0]
      [GC Worker Other (ms): Min: 0.0, Avg: 0.0, Max: 0.0, Diff: 0.0, Sum: 0.2]
      [GC Worker Total (ms): Min: 0.4, Avg: 0.5, Max: 0.5, Diff: 0.2, Sum: 4.0]
      [GC Worker End (ms): Min: 186.8, Avg: 186.8, Max: 186.9, Diff: 0.0]
   [Code Root Fixup: 0.0 ms]
   [Clear CT: 0.1 ms]
   [Other: 0.2 ms]
      [Choose CSet: 0.0 ms]
      [Ref Proc: 0.2 ms]
      [Ref Enq: 0.0 ms]
      [Free CSet: 0.1 ms]
   [Eden: 151.0M(151.0M)->0.0B(150.0M) Survivors: 2048.0K->3072.0K Heap: 156.1M(256.0M)->6137.1K(256.0M)]
 [Times: user=0.00 sys=0.00, real=0.00 secs] 
0.197: [GC pause (young)0.198: [SoftReference, 0 refs, 0.0000140 secs]0.198: [WeakReference, 0 refs, 0.0000030 secs]0.198: [FinalReference, 0 refs, 0.0000030 secs]0.198: [PhantomReference, 0 refs, 0.0000020 secs]0.198: [JNI Weak Reference, 0.0000020 secs], 0.0008880 secs]
   [Parallel Time: 0.6 ms, GC Workers: 8]
      [GC Worker Start (ms): Min: 196.9, Avg: 197.2, Max: 197.5, Diff: 0.5]
      [Ext Root Scanning (ms): Min: 0.0, Avg: 0.1, Max: 0.3, Diff: 0.3, Sum: 1.2]
      [Update RS (ms): Min: 0.0, Avg: 0.0, Max: 0.0, Diff: 0.0, Sum: 0.0]
         [Processed Buffers: Min: 0, Avg: 0.5, Max: 2, Diff: 2, Sum: 4]
      [Scan RS (ms): Min: 0.0, Avg: 0.0, Max: 0.0, Diff: 0.0, Sum: 0.2]
      [Object Copy (ms): Min: 0.0, Avg: 0.1, Max: 0.2, Diff: 0.2, Sum: 0.7]
      [Termination (ms): Min: 0.0, Avg: 0.1, Max: 0.1, Diff: 0.1, Sum: 0.6]
      [GC Worker Other (ms): Min: 0.0, Avg: 0.0, Max: 0.0, Diff: 0.0, Sum: 0.0]
      [GC Worker Total (ms): Min: 0.0, Avg: 0.3, Max: 0.6, Diff: 0.5, Sum: 2.6]
      [GC Worker End (ms): Min: 197.5, Avg: 197.5, Max: 197.5, Diff: 0.0]
   [Code Root Fixup: 0.0 ms]
   [Clear CT: 0.1 ms]
   [Other: 0.2 ms]
      [Choose CSet: 0.0 ms]
      [Ref Proc: 0.1 ms]
      [Ref Enq: 0.0 ms]
      [Free CSet: 0.1 ms]
   [Eden: 150.0M(150.0M)->0.0B(150.0M) Survivors: 3072.0K->3072.0K Heap: 156.0M(256.0M)->6218.4K(256.0M)]
 [Times: user=0.00 sys=0.00, real=0.00 secs] 
0.208: [GC pause (young)0.209: [SoftReference, 0 refs, 0.0000130 secs]0.209: [WeakReference, 0 refs, 0.0000030 secs]0.209: [FinalReference, 0 refs, 0.0000020 secs]0.209: [PhantomReference, 0 refs, 0.0000020 secs]0.209: [JNI Weak Reference, 0.0000020 secs], 0.0009560 secs]
   [Parallel Time: 0.6 ms, GC Workers: 8]
      [GC Worker Start (ms): Min: 208.0, Avg: 208.2, Max: 208.6, Diff: 0.5]
      [Ext Root Scanning (ms): Min: 0.0, Avg: 0.1, Max: 0.3, Diff: 0.3, Sum: 1.1]
      [Update RS (ms): Min: 0.0, Avg: 0.0, Max: 0.0, Diff: 0.0, Sum: 0.0]
         [Processed Buffers: Min: 0, Avg: 0.6, Max: 3, Diff: 3, Sum: 5]
      [Scan RS (ms): Min: 0.0, Avg: 0.0, Max: 0.0, Diff: 0.0, Sum: 0.2]
      [Object Copy (ms): Min: 0.0, Avg: 0.1, Max: 0.2, Diff: 0.2, Sum: 0.7]
      [Termination (ms): Min: 0.0, Avg: 0.1, Max: 0.1, Diff: 0.1, Sum: 0.6]
      [GC Worker Other (ms): Min: 0.0, Avg: 0.0, Max: 0.0, Diff: 0.0, Sum: 0.0]
      [GC Worker Total (ms): Min: 0.0, Avg: 0.3, Max: 0.5, Diff: 0.5, Sum: 2.6]
      [GC Worker End (ms): Min: 208.6, Avg: 208.6, Max: 208.6, Diff: 0.0]
   [Code Root Fixup: 0.0 ms]
   [Clear CT: 0.1 ms]
   [Other: 0.3 ms]
      [Choose CSet: 0.0 ms]
      [Ref Proc: 0.2 ms]
      [Ref Enq: 0.0 ms]
      [Free CSet: 0.1 ms]
   [Eden: 150.0M(150.0M)->0.0B(151.0M) Survivors: 3072.0K->2048.0K Heap: 156.1M(256.0M)->5166.8K(256.0M)]
 [Times: user=0.01 sys=0.00, real=0.00 secs] 
0.220: [GC pause (young)0.221: [SoftReference, 0 refs, 0.0000140 secs]0.221: [WeakReference, 0 refs, 0.0000020 secs]0.221: [FinalReference, 0 refs, 0.0000020 secs]0.221: [PhantomReference, 0 refs, 0.0000030 secs]0.221: [JNI Weak Reference, 0.0000020 secs], 0.0012140 secs]
   [Parallel Time: 0.8 ms, GC Workers: 8]
      [GC Worker Start (ms): Min: 219.9, Avg: 220.3, Max: 220.7, Diff: 0.7]
      [Ext Root Scanning (ms): Min: 0.0, Avg: 0.1, Max: 0.4, Diff: 0.4, Sum: 1.0]
      [Update RS (ms): Min: 0.0, Avg: 0.0, Max: 0.0, Diff: 0.0, Sum: 0.0]
         [Processed Buffers: Min: 0, Avg: 0.4, Max: 3, Diff: 3, Sum: 3]
      [Scan RS (ms): Min: 0.0, Avg: 0.0, Max: 0.0, Diff: 0.0, Sum: 0.1]
      [Object Copy (ms): Min: 0.0, Avg: 0.1, Max: 0.3, Diff: 0.3, Sum: 0.7]
      [Termination (ms): Min: 0.0, Avg: 0.1, Max: 0.2, Diff: 0.2, Sum: 0.8]
      [GC Worker Other (ms): Min: 0.0, Avg: 0.0, Max: 0.0, Diff: 0.0, Sum: 0.0]
      [GC Worker Total (ms): Min: 0.0, Avg: 0.3, Max: 0.7, Diff: 0.7, Sum: 2.7]
      [GC Worker End (ms): Min: 220.7, Avg: 220.7, Max: 220.7, Diff: 0.0]
   [Code Root Fixup: 0.0 ms]
   [Clear CT: 0.1 ms]
   [Other: 0.3 ms]
      [Choose CSet: 0.0 ms]
      [Ref Proc: 0.2 ms]
      [Ref Enq: 0.0 ms]
      [Free CSet: 0.1 ms]
   [Eden: 151.0M(151.0M)->0.0B(150.0M) Survivors: 2048.0K->3072.0K Heap: 156.0M(256.0M)->6289.9K(256.0M)]
 [Times: user=0.01 sys=0.00, real=0.00 secs] 
0.234: [GC pause (young)0.234: [SoftReference, 0 refs, 0.0000280 secs]0.235: [WeakReference, 0 refs, 0.0000050 secs]0.235: [FinalReference, 0 refs, 0.0000040 secs]0.235: [PhantomReference, 0 refs, 0.0000040 secs]0.235: [JNI Weak Reference, 0.0000040 secs], 0.0011600 secs]
   [Parallel Time: 0.7 ms, GC Workers: 8]
      [GC Worker Start (ms): Min: 233.6, Avg: 233.7, Max: 233.8, Diff: 0.2]
      [Ext Root Scanning (ms): Min: 0.1, Avg: 0.3, Max: 0.6, Diff: 0.5, Sum: 2.2]
      [Update RS (ms): Min: 0.0, Avg: 0.0, Max: 0.0, Diff: 0.0, Sum: 0.0]
         [Processed Buffers: Min: 0, Avg: 0.4, Max: 2, Diff: 2, Sum: 3]
      [Scan RS (ms): Min: 0.0, Avg: 0.0, Max: 0.1, Diff: 0.1, Sum: 0.3]
      [Object Copy (ms): Min: 0.0, Avg: 0.2, Max: 0.3, Diff: 0.3, Sum: 1.4]
      [Termination (ms): Min: 0.0, Avg: 0.1, Max: 0.1, Diff: 0.1, Sum: 0.9]
      [GC Worker Other (ms): Min: 0.0, Avg: 0.0, Max: 0.0, Diff: 0.0, Sum: 0.1]
      [GC Worker Total (ms): Min: 0.5, Avg: 0.6, Max: 0.7, Diff: 0.2, Sum: 4.9]
      [GC Worker End (ms): Min: 234.3, Avg: 234.3, Max: 234.3, Diff: 0.0]
   [Code Root Fixup: 0.0 ms]
   [Clear CT: 0.1 ms]
   [Other: 0.3 ms]
      [Choose CSet: 0.0 ms]
      [Ref Proc: 0.2 ms]
      [Ref Enq: 0.0 ms]
      [Free CSet: 0.1 ms]
   [Eden: 150.0M(150.0M)->0.0B(149.0M) Survivors: 3072.0K->4096.0K Heap: 156.1M(256.0M)->7281.0K(256.0M)]
 [Times: user=0.01 sys=0.00, real=0.00 secs] 
0.247: [GC pause (young)0.248: [SoftReference, 0 refs, 0.0000200 secs]0.248: [WeakReference, 0 refs, 0.0000050 secs]0.248: [FinalReference, 0 refs, 0.0000040 secs]0.248: [PhantomReference, 0 refs, 0.0000020 secs]0.248: [JNI Weak Reference, 0.0000020 secs], 0.0010250 secs]
   [Parallel Time: 0.6 ms, GC Workers: 8]
      [GC Worker Start (ms): Min: 247.1, Avg: 247.2, Max: 247.3, Diff: 0.3]
      [Ext Root Scanning (ms): Min: 0.0, Avg: 0.2, Max: 0.3, Diff: 0.3, Sum: 1.6]
      [Update RS (ms): Min: 0.0, Avg: 0.0, Max: 0.0, Diff: 0.0, Sum: 0.0]
         [Processed Buffers: Min: 0, Avg: 0.5, Max: 3, Diff: 3, Sum: 4]
      [Scan RS (ms): Min: 0.0, Avg: 0.0, Max: 0.1, Diff: 0.1, Sum: 0.2]
      [Object Copy (ms): Min: 0.1, Avg: 0.2, Max: 0.3, Diff: 0.1, Sum: 1.6]
      [Termination (ms): Min: 0.0, Avg: 0.1, Max: 0.1, Diff: 0.1, Sum: 0.6]
      [GC Worker Other (ms): Min: 0.0, Avg: 0.0, Max: 0.0, Diff: 0.0, Sum: 0.1]
      [GC Worker Total (ms): Min: 0.3, Avg: 0.5, Max: 0.6, Diff: 0.3, Sum: 4.0]
      [GC Worker End (ms): Min: 247.7, Avg: 247.7, Max: 247.7, Diff: 0.0]
   [Code Root Fixup: 0.0 ms]
   [Clear CT: 0.1 ms]
   [Other: 0.3 ms]
      [Choose CSet: 0.0 ms]
      [Ref Proc: 0.2 ms]
      [Ref Enq: 0.0 ms]
      [Free CSet: 0.1 ms]
   [Eden: 149.0M(149.0M)->0.0B(150.0M) Survivors: 4096.0K->3072.0K Heap: 156.1M(256.0M)->6137.1K(256.0M)]
 [Times: user=0.00 sys=0.00, real=0.00 secs] 
0.260: [GC pause (young)0.261: [SoftReference, 0 refs, 0.0000380 secs]0.261: [WeakReference, 0 refs, 0.0000140 secs]0.261: [FinalReference, 0 refs, 0.0000040 secs]0.261: [PhantomReference, 0 refs, 0.0000040 secs]0.261: [JNI Weak Reference, 0.0000030 secs], 0.0011150 secs]
   [Parallel Time: 0.7 ms, GC Workers: 8]
      [GC Worker Start (ms): Min: 259.7, Avg: 260.0, Max: 260.3, Diff: 0.6]
      [Ext Root Scanning (ms): Min: 0.0, Avg: 0.2, Max: 0.3, Diff: 0.3, Sum: 1.3]
      [Update RS (ms): Min: 0.0, Avg: 0.0, Max: 0.0, Diff: 0.0, Sum: 0.0]
         [Processed Buffers: Min: 0, Avg: 0.5, Max: 3, Diff: 3, Sum: 4]
      [Scan RS (ms): Min: 0.0, Avg: 0.0, Max: 0.1, Diff: 0.1, Sum: 0.2]
      [Object Copy (ms): Min: 0.0, Avg: 0.1, Max: 0.3, Diff: 0.2, Sum: 1.0]
      [Termination (ms): Min: 0.0, Avg: 0.1, Max: 0.1, Diff: 0.1, Sum: 0.6]
      [GC Worker Other (ms): Min: 0.0, Avg: 0.0, Max: 0.0, Diff: 0.0, Sum: 0.0]
      [GC Worker Total (ms): Min: 0.0, Avg: 0.4, Max: 0.6, Diff: 0.6, Sum: 3.1]
      [GC Worker End (ms): Min: 260.3, Avg: 260.3, Max: 260.4, Diff: 0.0]
   [Code Root Fixup: 0.0 ms]
   [Clear CT: 0.1 ms]
   [Other: 0.3 ms]
      [Choose CSet: 0.0 ms]
      [Ref Proc: 0.2 ms]
      [Ref Enq: 0.0 ms]
      [Free CSet: 0.1 ms]
   [Eden: 150.0M(150.0M)->0.0B(150.0M) Survivors: 3072.0K->3072.0K Heap: 156.0M(256.0M)->6282.8K(256.0M)]
 [Times: user=0.01 sys=0.00, real=0.00 secs] 
0.273: [GC pause (young)0.274: [SoftReference, 0 refs, 0.0000150 secs]0.274: [WeakReference, 0 refs, 0.0000030 secs]0.274: [FinalReference, 0 refs, 0.0000030 secs]0.274: [PhantomReference, 0 refs, 0.0000020 secs]0.274: [JNI Weak Reference, 0.0000020 secs], 0.0012150 secs]
   [Parallel Time: 0.8 ms, GC Workers: 8]
      [GC Worker Start (ms): Min: 272.8, Avg: 273.0, Max: 273.4, Diff: 0.7]
      [Ext Root Scanning (ms): Min: 0.0, Avg: 0.2, Max: 0.3, Diff: 0.3, Sum: 1.3]
      [Update RS (ms): Min: 0.0, Avg: 0.0, Max: 0.0, Diff: 0.0, Sum: 0.0]
         [Processed Buffers: Min: 0, Avg: 0.5, Max: 2, Diff: 2, Sum: 4]
      [Scan RS (ms): Min: 0.0, Avg: 0.0, Max: 0.1, Diff: 0.1, Sum: 0.2]
      [Object Copy (ms): Min: 0.0, Avg: 0.1, Max: 0.3, Diff: 0.3, Sum: 1.1]
      [Termination (ms): Min: 0.0, Avg: 0.1, Max: 0.1, Diff: 0.1, Sum: 0.6]
      [GC Worker Other (ms): Min: 0.0, Avg: 0.0, Max: 0.0, Diff: 0.0, Sum: 0.2]
      [GC Worker Total (ms): Min: 0.0, Avg: 0.4, Max: 0.7, Diff: 0.7, Sum: 3.4]
      [GC Worker End (ms): Min: 273.5, Avg: 273.5, Max: 273.5, Diff: 0.0]
   [Code Root Fixup: 0.0 ms]
   [Clear CT: 0.1 ms]
   [Other: 0.3 ms]
      [Choose CSet: 0.0 ms]
      [Ref Proc: 0.2 ms]
      [Ref Enq: 0.0 ms]
      [Free CSet: 0.1 ms]
   [Eden: 150.0M(150.0M)->0.0B(150.0M) Survivors: 3072.0K->3072.0K Heap: 156.1M(256.0M)->6250.3K(256.0M)]
 [Times: user=0.01 sys=0.00, real=0.00 secs] 
0.289: [GC pause (young)0.290: [SoftReference, 0 refs, 0.0000140 secs]0.290: [WeakReference, 0 refs, 0.0000020 secs]0.290: [FinalReference, 0 refs, 0.0000020 secs]0.290: [PhantomReference, 0 refs, 0.0000030 secs]0.290: [JNI Weak Reference, 0.0000020 secs], 0.0013580 secs]
   [Parallel Time: 1.0 ms, GC Workers: 8]
      [GC Worker Start (ms): Min: 288.7, Avg: 289.2, Max: 289.6, Diff: 0.9]
      [Ext Root Scanning (ms): Min: 0.0, Avg: 0.2, Max: 0.5, Diff: 0.5, Sum: 1.2]
      [Update RS (ms): Min: 0.0, Avg: 0.0, Max: 0.0, Diff: 0.0, Sum: 0.0]
         [Processed Buffers: Min: 0, Avg: 0.5, Max: 4, Diff: 4, Sum: 4]
      [Scan RS (ms): Min: 0.0, Avg: 0.0, Max: 0.1, Diff: 0.1, Sum: 0.2]
      [Object Copy (ms): Min: 0.0, Avg: 0.2, Max: 0.3, Diff: 0.3, Sum: 1.3]
      [Termination (ms): Min: 0.0, Avg: 0.1, Max: 0.1, Diff: 0.1, Sum: 0.7]
      [GC Worker Other (ms): Min: 0.0, Avg: 0.0, Max: 0.0, Diff: 0.0, Sum: 0.0]
      [GC Worker Total (ms): Min: 0.0, Avg: 0.4, Max: 1.0, Diff: 0.9, Sum: 3.4]
      [GC Worker End (ms): Min: 289.6, Avg: 289.6, Max: 289.6, Diff: 0.0]
   [Code Root Fixup: 0.0 ms]
   [Clear CT: 0.1 ms]
   [Other: 0.3 ms]
      [Choose CSet: 0.0 ms]
      [Ref Proc: 0.2 ms]
      [Ref Enq: 0.0 ms]
      [Free CSet: 0.1 ms]
   [Eden: 150.0M(150.0M)->0.0B(151.0M) Survivors: 3072.0K->2048.0K Heap: 156.1M(256.0M)->4746.2K(256.0M)]
 [Times: user=0.01 sys=0.00, real=0.00 secs] 
0.303: [GC pause (young)0.304: [SoftReference, 0 refs, 0.0000260 secs]0.304: [WeakReference, 0 refs, 0.0000040 secs]0.304: [FinalReference, 0 refs, 0.0000030 secs]0.304: [PhantomReference, 0 refs, 0.0000040 secs]0.304: [JNI Weak Reference, 0.0000040 secs], 0.0012460 secs]
   [Parallel Time: 0.8 ms, GC Workers: 8]
      [GC Worker Start (ms): Min: 302.9, Avg: 303.2, Max: 303.7, Diff: 0.8]
      [Ext Root Scanning (ms): Min: 0.0, Avg: 0.2, Max: 0.4, Diff: 0.4, Sum: 1.3]
      [Update RS (ms): Min: 0.0, Avg: 0.0, Max: 0.0, Diff: 0.0, Sum: 0.0]
         [Processed Buffers: Min: 0, Avg: 0.5, Max: 4, Diff: 4, Sum: 4]
      [Scan RS (ms): Min: 0.0, Avg: 0.0, Max: 0.1, Diff: 0.1, Sum: 0.3]
      [Object Copy (ms): Min: 0.0, Avg: 0.2, Max: 0.4, Diff: 0.4, Sum: 1.4]
      [Termination (ms): Min: 0.0, Avg: 0.1, Max: 0.1, Diff: 0.1, Sum: 0.6]
      [GC Worker Other (ms): Min: 0.0, Avg: 0.0, Max: 0.0, Diff: 0.0, Sum: 0.0]
      [GC Worker Total (ms): Min: 0.0, Avg: 0.4, Max: 0.8, Diff: 0.8, Sum: 3.6]
      [GC Worker End (ms): Min: 303.7, Avg: 303.7, Max: 303.7, Diff: 0.0]
   [Code Root Fixup: 0.0 ms]
   [Clear CT: 0.1 ms]
   [Other: 0.3 ms]
      [Choose CSet: 0.0 ms]
      [Ref Proc: 0.2 ms]
      [Ref Enq: 0.0 ms]
      [Free CSet: 0.1 ms]
   [Eden: 151.0M(151.0M)->0.0B(150.0M) Survivors: 2048.0K->3072.0K Heap: 155.6M(256.0M)->6327.8K(256.0M)]
 [Times: user=0.00 sys=0.00, real=0.00 secs] 
0.317: [GC pause (young)0.318: [SoftReference, 0 refs, 0.0000130 secs]0.318: [WeakReference, 0 refs, 0.0000030 secs]0.318: [FinalReference, 0 refs, 0.0000030 secs]0.318: [PhantomReference, 0 refs, 0.0000020 secs]0.318: [JNI Weak Reference, 0.0000020 secs], 0.0011300 secs]
   [Parallel Time: 0.7 ms, GC Workers: 8]
      [GC Worker Start (ms): Min: 317.1, Avg: 317.2, Max: 317.7, Diff: 0.6]
      [Ext Root Scanning (ms): Min: 0.0, Avg: 0.2, Max: 0.3, Diff: 0.3, Sum: 1.4]
      [Update RS (ms): Min: 0.0, Avg: 0.0, Max: 0.0, Diff: 0.0, Sum: 0.0]
         [Processed Buffers: Min: 0, Avg: 0.8, Max: 5, Diff: 5, Sum: 6]
      [Scan RS (ms): Min: 0.0, Avg: 0.0, Max: 0.1, Diff: 0.0, Sum: 0.2]
      [Object Copy (ms): Min: 0.0, Avg: 0.2, Max: 0.3, Diff: 0.3, Sum: 1.3]
      [Termination (ms): Min: 0.0, Avg: 0.1, Max: 0.1, Diff: 0.1, Sum: 0.6]
      [GC Worker Other (ms): Min: 0.0, Avg: 0.0, Max: 0.0, Diff: 0.0, Sum: 0.0]
      [GC Worker Total (ms): Min: 0.0, Avg: 0.5, Max: 0.6, Diff: 0.6, Sum: 3.6]
      [GC Worker End (ms): Min: 317.7, Avg: 317.7, Max: 317.7, Diff: 0.0]
   [Code Root Fixup: 0.0 ms]
   [Clear CT: 0.1 ms]
   [Other: 0.3 ms]
      [Choose CSet: 0.0 ms]
      [Ref Proc: 0.2 ms]
      [Ref Enq: 0.0 ms]
      [Free CSet: 0.1 ms]
   [Eden: 150.0M(150.0M)->0.0B(151.0M) Survivors: 3072.0K->2048.0K Heap: 156.2M(256.0M)->5304.6K(256.0M)]
 [Times: user=0.00 sys=0.00, real=0.00 secs] 
0.332: [GC pause (young)0.333: [SoftReference, 0 refs, 0.0000170 secs]0.333: [WeakReference, 0 refs, 0.0000050 secs]0.333: [FinalReference, 0 refs, 0.0000020 secs]0.333: [PhantomReference, 0 refs, 0.0000020 secs]0.333: [JNI Weak Reference, 0.0000030 secs], 0.0010970 secs]
   [Parallel Time: 0.7 ms, GC Workers: 8]
      [GC Worker Start (ms): Min: 331.7, Avg: 331.9, Max: 332.4, Diff: 0.7]
      [Ext Root Scanning (ms): Min: 0.0, Avg: 0.2, Max: 0.3, Diff: 0.3, Sum: 1.4]
      [Update RS (ms): Min: 0.0, Avg: 0.0, Max: 0.0, Diff: 0.0, Sum: 0.1]
         [Processed Buffers: Min: 0, Avg: 1.0, Max: 5, Diff: 5, Sum: 8]
      [Scan RS (ms): Min: 0.0, Avg: 0.0, Max: 0.1, Diff: 0.1, Sum: 0.2]
      [Object Copy (ms): Min: 0.0, Avg: 0.2, Max: 0.3, Diff: 0.3, Sum: 1.5]
      [Termination (ms): Min: 0.0, Avg: 0.1, Max: 0.1, Diff: 0.1, Sum: 0.6]
      [GC Worker Other (ms): Min: 0.0, Avg: 0.0, Max: 0.0, Diff: 0.0, Sum: 0.2]
      [GC Worker Total (ms): Min: 0.0, Avg: 0.5, Max: 0.7, Diff: 0.7, Sum: 4.0]
      [GC Worker End (ms): Min: 332.4, Avg: 332.5, Max: 332.5, Diff: 0.0]
   [Code Root Fixup: 0.0 ms]
   [Clear CT: 0.1 ms]
   [Other: 0.3 ms]
      [Choose CSet: 0.0 ms]
      [Ref Proc: 0.2 ms]
      [Ref Enq: 0.0 ms]
      [Free CSet: 0.1 ms]
   [Eden: 151.0M(151.0M)->0.0B(150.0M) Survivors: 2048.0K->3072.0K Heap: 156.2M(256.0M)->6382.9K(256.0M)]
 [Times: user=0.01 sys=0.00, real=0.01 secs] 
0.346: [GC pause (young)0.347: [SoftReference, 0 refs, 0.0000140 secs]0.347: [WeakReference, 0 refs, 0.0000030 secs]0.347: [FinalReference, 0 refs, 0.0000020 secs]0.347: [PhantomReference, 0 refs, 0.0000020 secs]0.347: [JNI Weak Reference, 0.0000020 secs], 0.0011870 secs]
   [Parallel Time: 0.8 ms, GC Workers: 8]
      [GC Worker Start (ms): Min: 346.0, Avg: 346.3, Max: 346.7, Diff: 0.8]
      [Ext Root Scanning (ms): Min: 0.0, Avg: 0.1, Max: 0.3, Diff: 0.3, Sum: 1.2]
      [Update RS (ms): Min: 0.0, Avg: 0.0, Max: 0.0, Diff: 0.0, Sum: 0.0]
         [Processed Buffers: Min: 0, Avg: 0.9, Max: 4, Diff: 4, Sum: 7]
      [Scan RS (ms): Min: 0.0, Avg: 0.0, Max: 0.1, Diff: 0.1, Sum: 0.2]
      [Object Copy (ms): Min: 0.0, Avg: 0.1, Max: 0.3, Diff: 0.3, Sum: 1.1]
      [Termination (ms): Min: 0.0, Avg: 0.1, Max: 0.2, Diff: 0.2, Sum: 0.8]
      [GC Worker Other (ms): Min: 0.0, Avg: 0.0, Max: 0.0, Diff: 0.0, Sum: 0.0]
      [GC Worker Total (ms): Min: 0.0, Avg: 0.4, Max: 0.8, Diff: 0.8, Sum: 3.4]
      [GC Worker End (ms): Min: 346.7, Avg: 346.8, Max: 346.8, Diff: 0.0]
   [Code Root Fixup: 0.0 ms]
   [Clear CT: 0.1 ms]
   [Other: 0.3 ms]
      [Choose CSet: 0.0 ms]
      [Ref Proc: 0.2 ms]
      [Ref Enq: 0.0 ms]
      [Free CSet: 0.1 ms]
   [Eden: 150.0M(150.0M)->0.0B(149.0M) Survivors: 3072.0K->4096.0K Heap: 156.2M(256.0M)->7338.6K(256.0M)]
 [Times: user=0.00 sys=0.00, real=0.00 secs] 
0.358: [GC pause (young)0.359: [SoftReference, 0 refs, 0.0000170 secs]0.359: [WeakReference, 0 refs, 0.0000040 secs]0.359: [FinalReference, 0 refs, 0.0000120 secs]0.359: [PhantomReference, 0 refs, 0.0000030 secs]0.359: [JNI Weak Reference, 0.0000030 secs], 0.0012250 secs]
   [Parallel Time: 0.7 ms, GC Workers: 8]
      [GC Worker Start (ms): Min: 358.5, Avg: 358.8, Max: 359.2, Diff: 0.7]
      [Ext Root Scanning (ms): Min: 0.0, Avg: 0.2, Max: 0.4, Diff: 0.4, Sum: 1.3]
      [Update RS (ms): Min: 0.0, Avg: 0.0, Max: 0.0, Diff: 0.0, Sum: 0.0]
         [Processed Buffers: Min: 0, Avg: 0.6, Max: 3, Diff: 3, Sum: 5]
      [Scan RS (ms): Min: 0.0, Avg: 0.0, Max: 0.0, Diff: 0.0, Sum: 0.2]
      [Object Copy (ms): Min: 0.0, Avg: 0.2, Max: 0.4, Diff: 0.4, Sum: 1.4]
      [Termination (ms): Min: 0.0, Avg: 0.1, Max: 0.1, Diff: 0.1, Sum: 0.5]
      [GC Worker Other (ms): Min: 0.0, Avg: 0.0, Max: 0.0, Diff: 0.0, Sum: 0.0]
      [GC Worker Total (ms): Min: 0.0, Avg: 0.4, Max: 0.7, Diff: 0.7, Sum: 3.5]
      [GC Worker End (ms): Min: 359.2, Avg: 359.2, Max: 359.2, Diff: 0.0]
   [Code Root Fixup: 0.0 ms]
   [Clear CT: 0.1 ms]
   [Other: 0.4 ms]
      [Choose CSet: 0.0 ms]
      [Ref Proc: 0.2 ms]
      [Ref Enq: 0.0 ms]
      [Free CSet: 0.1 ms]
   [Eden: 149.0M(149.0M)->0.0B(149.0M) Survivors: 4096.0K->4096.0K Heap: 156.2M(256.0M)->7504.5K(256.0M)]
 [Times: user=0.00 sys=0.00, real=0.00 secs] 
0.370: [GC pause (young)0.371: [SoftReference, 0 refs, 0.0000440 secs]0.371: [WeakReference, 0 refs, 0.0000030 secs]0.371: [FinalReference, 0 refs, 0.0000030 secs]0.371: [PhantomReference, 0 refs, 0.0000020 secs]0.371: [JNI Weak Reference, 0.0000020 secs], 0.0010870 secs]
   [Parallel Time: 0.7 ms, GC Workers: 8]
      [GC Worker Start (ms): Min: 370.4, Avg: 370.6, Max: 371.0, Diff: 0.6]
      [Ext Root Scanning (ms): Min: 0.0, Avg: 0.2, Max: 0.3, Diff: 0.3, Sum: 1.3]
      [Update RS (ms): Min: 0.0, Avg: 0.0, Max: 0.0, Diff: 0.0, Sum: 0.1]
         [Processed Buffers: Min: 0, Avg: 0.9, Max: 3, Diff: 3, Sum: 7]
      [Scan RS (ms): Min: 0.0, Avg: 0.0, Max: 0.0, Diff: 0.0, Sum: 0.2]
      [Object Copy (ms): Min: 0.0, Avg: 0.2, Max: 0.3, Diff: 0.3, Sum: 1.6]
      [Termination (ms): Min: 0.0, Avg: 0.1, Max: 0.1, Diff: 0.1, Sum: 0.5]
      [GC Worker Other (ms): Min: 0.0, Avg: 0.0, Max: 0.1, Diff: 0.1, Sum: 0.3]
      [GC Worker Total (ms): Min: 0.0, Avg: 0.5, Max: 0.7, Diff: 0.6, Sum: 4.1]
      [GC Worker End (ms): Min: 371.0, Avg: 371.1, Max: 371.1, Diff: 0.1]
   [Code Root Fixup: 0.0 ms]
   [Clear CT: 0.1 ms]
   [Other: 0.3 ms]
      [Choose CSet: 0.0 ms]
      [Ref Proc: 0.2 ms]
      [Ref Enq: 0.0 ms]
      [Free CSet: 0.1 ms]
   [Eden: 149.0M(149.0M)->0.0B(150.0M) Survivors: 4096.0K->3072.0K Heap: 156.3M(256.0M)->6421.6K(256.0M)]
 [Times: user=0.00 sys=0.00, real=0.00 secs] 
0.382: [GC pause (young)0.383: [SoftReference, 0 refs, 0.0000120 secs]0.383: [WeakReference, 0 refs, 0.0000020 secs]0.383: [FinalReference, 0 refs, 0.0000020 secs]0.383: [PhantomReference, 0 refs, 0.0000020 secs]0.383: [JNI Weak Reference, 0.0000030 secs], 0.0010460 secs]
   [Parallel Time: 0.7 ms, GC Workers: 8]
      [GC Worker Start (ms): Min: 382.3, Avg: 382.5, Max: 382.9, Diff: 0.6]
      [Ext Root Scanning (ms): Min: 0.0, Avg: 0.2, Max: 0.3, Diff: 0.3, Sum: 1.2]
      [Update RS (ms): Min: 0.0, Avg: 0.0, Max: 0.0, Diff: 0.0, Sum: 0.1]
         [Processed Buffers: Min: 0, Avg: 1.0, Max: 4, Diff: 4, Sum: 8]
      [Scan RS (ms): Min: 0.0, Avg: 0.0, Max: 0.1, Diff: 0.0, Sum: 0.2]
      [Object Copy (ms): Min: 0.0, Avg: 0.1, Max: 0.3, Diff: 0.3, Sum: 1.1]
      [Termination (ms): Min: 0.0, Avg: 0.1, Max: 0.1, Diff: 0.1, Sum: 0.6]
      [GC Worker Other (ms): Min: 0.0, Avg: 0.0, Max: 0.0, Diff: 0.0, Sum: 0.0]
      [GC Worker Total (ms): Min: 0.0, Avg: 0.4, Max: 0.7, Diff: 0.6, Sum: 3.2]
      [GC Worker End (ms): Min: 382.9, Avg: 382.9, Max: 382.9, Diff: 0.0]
   [Code Root Fixup: 0.0 ms]
   [Clear CT: 0.1 ms]
   [Other: 0.3 ms]
      [Choose CSet: 0.0 ms]
      [Ref Proc: 0.2 ms]
      [Ref Enq: 0.0 ms]
      [Free CSet: 0.1 ms]
   [Eden: 150.0M(150.0M)->0.0B(150.0M) Survivors: 3072.0K->3072.0K Heap: 156.3M(256.0M)->6361.6K(256.0M)]
 [Times: user=0.00 sys=0.01, real=0.00 secs] 
0.394: [GC pause (young)0.395: [SoftReference, 0 refs, 0.0000230 secs]0.395: [WeakReference, 0 refs, 0.0000120 secs]0.395: [FinalReference, 0 refs, 0.0000020 secs]0.395: [PhantomReference, 0 refs, 0.0000030 secs]0.395: [JNI Weak Reference, 0.0000020 secs], 0.0012610 secs]
   [Parallel Time: 0.9 ms, GC Workers: 8]
      [GC Worker Start (ms): Min: 394.0, Avg: 394.4, Max: 394.8, Diff: 0.8]
      [Ext Root Scanning (ms): Min: 0.0, Avg: 0.1, Max: 0.3, Diff: 0.3, Sum: 1.2]
      [Update RS (ms): Min: 0.0, Avg: 0.0, Max: 0.0, Diff: 0.0, Sum: 0.1]
         [Processed Buffers: Min: 0, Avg: 1.0, Max: 5, Diff: 5, Sum: 8]
      [Scan RS (ms): Min: 0.0, Avg: 0.0, Max: 0.0, Diff: 0.0, Sum: 0.2]
      [Object Copy (ms): Min: 0.0, Avg: 0.2, Max: 0.4, Diff: 0.4, Sum: 1.2]
      [Termination (ms): Min: 0.0, Avg: 0.1, Max: 0.2, Diff: 0.2, Sum: 0.7]
      [GC Worker Other (ms): Min: 0.0, Avg: 0.0, Max: 0.0, Diff: 0.0, Sum: 0.0]
      [GC Worker Total (ms): Min: 0.0, Avg: 0.4, Max: 0.8, Diff: 0.8, Sum: 3.4]
      [GC Worker End (ms): Min: 394.8, Avg: 394.9, Max: 394.9, Diff: 0.0]
   [Code Root Fixup: 0.0 ms]
   [Clear CT: 0.1 ms]
   [Other: 0.3 ms]
      [Choose CSet: 0.0 ms]
      [Ref Proc: 0.2 ms]
      [Ref Enq: 0.0 ms]
      [Free CSet: 0.1 ms]
   [Eden: 150.0M(150.0M)->0.0B(150.0M) Survivors: 3072.0K->3072.0K Heap: 156.2M(256.0M)->5955.3K(256.0M)]
 [Times: user=0.01 sys=0.00, real=0.00 secs] 
0.408: [GC pause (young)0.409: [SoftReference, 0 refs, 0.0000150 secs]0.409: [WeakReference, 0 refs, 0.0000030 secs]0.409: [FinalReference, 0 refs, 0.0000020 secs]0.409: [PhantomReference, 0 refs, 0.0000030 secs]0.409: [JNI Weak Reference, 0.0000020 secs], 0.0013470 secs]
   [Parallel Time: 0.9 ms, GC Workers: 8]
      [GC Worker Start (ms): Min: 407.9, Avg: 408.3, Max: 408.8, Diff: 0.9]
      [Ext Root Scanning (ms): Min: 0.0, Avg: 0.2, Max: 0.3, Diff: 0.3, Sum: 1.2]
      [Update RS (ms): Min: 0.0, Avg: 0.0, Max: 0.0, Diff: 0.0, Sum: 0.0]
         [Processed Buffers: Min: 0, Avg: 0.8, Max: 6, Diff: 6, Sum: 6]
      [Scan RS (ms): Min: 0.0, Avg: 0.0, Max: 0.1, Diff: 0.1, Sum: 0.2]
      [Object Copy (ms): Min: 0.0, Avg: 0.2, Max: 0.4, Diff: 0.4, Sum: 1.4]
      [Termination (ms): Min: 0.0, Avg: 0.1, Max: 0.2, Diff: 0.2, Sum: 1.0]
      [GC Worker Other (ms): Min: 0.0, Avg: 0.0, Max: 0.0, Diff: 0.0, Sum: 0.0]
      [GC Worker Total (ms): Min: 0.0, Avg: 0.5, Max: 0.9, Diff: 0.9, Sum: 3.9]
      [GC Worker End (ms): Min: 408.8, Avg: 408.8, Max: 408.8, Diff: 0.0]
   [Code Root Fixup: 0.0 ms]
   [Clear CT: 0.1 ms]
   [Other: 0.3 ms]
      [Choose CSet: 0.0 ms]
      [Ref Proc: 0.2 ms]
      [Ref Enq: 0.0 ms]
      [Free CSet: 0.1 ms]
   [Eden: 150.0M(150.0M)->0.0B(150.0M) Survivors: 3072.0K->3072.0K Heap: 155.8M(256.0M)->6486.9K(256.0M)]
 [Times: user=0.01 sys=0.01, real=0.00 secs] 
0.421: [GC pause (young)0.422: [SoftReference, 0 refs, 0.0000130 secs]0.422: [WeakReference, 0 refs, 0.0000030 secs]0.422: [FinalReference, 0 refs, 0.0000020 secs]0.422: [PhantomReference, 0 refs, 0.0000020 secs]0.422: [JNI Weak Reference, 0.0000020 secs], 0.0011760 secs]
   [Parallel Time: 0.8 ms, GC Workers: 8]
      [GC Worker Start (ms): Min: 421.3, Avg: 421.6, Max: 422.0, Diff: 0.7]
      [Ext Root Scanning (ms): Min: 0.0, Avg: 0.2, Max: 0.3, Diff: 0.3, Sum: 1.2]
      [Update RS (ms): Min: 0.0, Avg: 0.0, Max: 0.0, Diff: 0.0, Sum: 0.0]
         [Processed Buffers: Min: 0, Avg: 0.6, Max: 3, Diff: 3, Sum: 5]
      [Scan RS (ms): Min: 0.0, Avg: 0.0, Max: 0.1, Diff: 0.0, Sum: 0.2]
      [Object Copy (ms): Min: 0.0, Avg: 0.1, Max: 0.3, Diff: 0.3, Sum: 1.2]
      [Termination (ms): Min: 0.0, Avg: 0.1, Max: 0.1, Diff: 0.1, Sum: 0.5]
      [GC Worker Other (ms): Min: 0.0, Avg: 0.0, Max: 0.0, Diff: 0.0, Sum: 0.0]
      [GC Worker Total (ms): Min: 0.0, Avg: 0.4, Max: 0.8, Diff: 0.7, Sum: 3.2]
      [GC Worker End (ms): Min: 422.0, Avg: 422.0, Max: 422.0, Diff: 0.0]
   [Code Root Fixup: 0.0 ms]
   [Clear CT: 0.1 ms]
   [Other: 0.3 ms]
      [Choose CSet: 0.0 ms]
      [Ref Proc: 0.2 ms]
      [Ref Enq: 0.0 ms]
      [Free CSet: 0.1 ms]
   [Eden: 150.0M(150.0M)->0.0B(151.0M) Survivors: 3072.0K->2048.0K Heap: 156.3M(256.0M)->5002.1K(256.0M)]
 [Times: user=0.01 sys=0.00, real=0.01 secs] 
0.435: [GC pause (young)0.436: [SoftReference, 0 refs, 0.0000220 secs]0.436: [WeakReference, 0 refs, 0.0000030 secs]0.436: [FinalReference, 0 refs, 0.0000020 secs]0.436: [PhantomReference, 0 refs, 0.0000020 secs]0.436: [JNI Weak Reference, 0.0000020 secs], 0.0011270 secs]
   [Parallel Time: 0.8 ms, GC Workers: 8]
      [GC Worker Start (ms): Min: 435.4, Avg: 435.6, Max: 436.0, Diff: 0.7]
      [Ext Root Scanning (ms): Min: 0.0, Avg: 0.2, Max: 0.3, Diff: 0.3, Sum: 1.3]
      [Update RS (ms): Min: 0.0, Avg: 0.0, Max: 0.0, Diff: 0.0, Sum: 0.0]
         [Processed Buffers: Min: 0, Avg: 0.8, Max: 4, Diff: 4, Sum: 6]
      [Scan RS (ms): Min: 0.0, Avg: 0.0, Max: 0.1, Diff: 0.0, Sum: 0.2]
      [Object Copy (ms): Min: 0.0, Avg: 0.2, Max: 0.3, Diff: 0.3, Sum: 1.7]
      [Termination (ms): Min: 0.0, Avg: 0.1, Max: 0.1, Diff: 0.1, Sum: 0.6]
      [GC Worker Other (ms): Min: 0.0, Avg: 0.0, Max: 0.0, Diff: 0.0, Sum: 0.2]
      [GC Worker Total (ms): Min: 0.0, Avg: 0.5, Max: 0.7, Diff: 0.7, Sum: 4.0]
      [GC Worker End (ms): Min: 436.1, Avg: 436.1, Max: 436.1, Diff: 0.0]
   [Code Root Fixup: 0.0 ms]
   [Clear CT: 0.1 ms]
   [Other: 0.3 ms]
      [Choose CSet: 0.0 ms]
      [Ref Proc: 0.2 ms]
      [Ref Enq: 0.0 ms]
      [Free CSet: 0.1 ms]
   [Eden: 151.0M(151.0M)->0.0B(151.0M) Survivors: 2048.0K->2048.0K Heap: 155.9M(256.0M)->5054.7K(256.0M)]
 [Times: user=0.01 sys=0.00, real=0.00 secs] 
0.448: [GC pause (young)0.449: [SoftReference, 0 refs, 0.0000170 secs]0.449: [WeakReference, 0 refs, 0.0000030 secs]0.449: [FinalReference, 0 refs, 0.0000030 secs]0.449: [PhantomReference, 0 refs, 0.0000020 secs]0.449: [JNI Weak Reference, 0.0000020 secs], 0.0011100 secs]
   [Parallel Time: 0.8 ms, GC Workers: 8]
      [GC Worker Start (ms): Min: 448.0, Avg: 448.2, Max: 448.5, Diff: 0.5]
      [Ext Root Scanning (ms): Min: 0.0, Avg: 0.2, Max: 0.3, Diff: 0.3, Sum: 1.3]
      [Update RS (ms): Min: 0.0, Avg: 0.0, Max: 0.0, Diff: 0.0, Sum: 0.1]
         [Processed Buffers: Min: 0, Avg: 1.0, Max: 4, Diff: 4, Sum: 8]
      [Scan RS (ms): Min: 0.0, Avg: 0.0, Max: 0.0, Diff: 0.0, Sum: 0.2]
      [Object Copy (ms): Min: 0.1, Avg: 0.2, Max: 0.4, Diff: 0.3, Sum: 1.7]
      [Termination (ms): Min: 0.0, Avg: 0.1, Max: 0.1, Diff: 0.1, Sum: 0.5]
      [GC Worker Other (ms): Min: 0.0, Avg: 0.0, Max: 0.0, Diff: 0.0, Sum: 0.2]
      [GC Worker Total (ms): Min: 0.2, Avg: 0.5, Max: 0.7, Diff: 0.6, Sum: 4.0]
      [GC Worker End (ms): Min: 448.7, Avg: 448.7, Max: 448.7, Diff: 0.1]
   [Code Root Fixup: 0.0 ms]
   [Clear CT: 0.1 ms]
   [Other: 0.3 ms]
      [Choose CSet: 0.0 ms]
      [Ref Proc: 0.2 ms]
      [Ref Enq: 0.0 ms]
      [Free CSet: 0.1 ms]
   [Eden: 151.0M(151.0M)->0.0B(150.0M) Survivors: 2048.0K->3072.0K Heap: 155.9M(256.0M)->6093.7K(256.0M)]
 [Times: user=0.01 sys=0.00, real=0.00 secs] 
0.461: [GC pause (young)0.461: [SoftReference, 0 refs, 0.0000160 secs]0.461: [WeakReference, 0 refs, 0.0000050 secs]0.462: [FinalReference, 0 refs, 0.0000130 secs]0.462: [PhantomReference, 0 refs, 0.0000040 secs]0.462: [JNI Weak Reference, 0.0000030 secs], 0.0012300 secs]
   [Parallel Time: 0.8 ms, GC Workers: 8]
      [GC Worker Start (ms): Min: 460.6, Avg: 460.9, Max: 461.3, Diff: 0.7]
      [Ext Root Scanning (ms): Min: 0.0, Avg: 0.2, Max: 0.3, Diff: 0.3, Sum: 1.3]
      [Update RS (ms): Min: 0.0, Avg: 0.0, Max: 0.0, Diff: 0.0, Sum: 0.0]
         [Processed Buffers: Min: 0, Avg: 0.8, Max: 4, Diff: 4, Sum: 6]
      [Scan RS (ms): Min: 0.0, Avg: 0.0, Max: 0.1, Diff: 0.1, Sum: 0.2]
      [Object Copy (ms): Min: 0.0, Avg: 0.2, Max: 0.4, Diff: 0.4, Sum: 1.5]
      [Termination (ms): Min: 0.0, Avg: 0.1, Max: 0.1, Diff: 0.1, Sum: 0.6]
      [GC Worker Other (ms): Min: 0.0, Avg: 0.0, Max: 0.0, Diff: 0.0, Sum: 0.0]
      [GC Worker Total (ms): Min: 0.0, Avg: 0.5, Max: 0.8, Diff: 0.7, Sum: 3.7]
      [GC Worker End (ms): Min: 461.3, Avg: 461.3, Max: 461.3, Diff: 0.0]
   [Code Root Fixup: 0.0 ms]
   [Clear CT: 0.2 ms]
   [Other: 0.3 ms]
      [Choose CSet: 0.0 ms]
      [Ref Proc: 0.2 ms]
      [Ref Enq: 0.0 ms]
      [Free CSet: 0.1 ms]
   [Eden: 150.0M(150.0M)->0.0B(151.0M) Survivors: 3072.0K->2048.0K Heap: 156.0M(256.0M)->5565.1K(256.0M)]
 [Times: user=0.00 sys=0.01, real=0.00 secs] 
0.473: [GC pause (young)0.474: [SoftReference, 0 refs, 0.0000140 secs]0.474: [WeakReference, 0 refs, 0.0000020 secs]0.474: [FinalReference, 0 refs, 0.0000020 secs]0.474: [PhantomReference, 0 refs, 0.0000020 secs]0.474: [JNI Weak Reference, 0.0000030 secs], 0.0012010 secs]
   [Parallel Time: 0.8 ms, GC Workers: 8]
      [GC Worker Start (ms): Min: 473.0, Avg: 473.3, Max: 473.7, Diff: 0.7]
      [Ext Root Scanning (ms): Min: 0.0, Avg: 0.1, Max: 0.3, Diff: 0.3, Sum: 1.1]
      [Update RS (ms): Min: 0.0, Avg: 0.0, Max: 0.0, Diff: 0.0, Sum: 0.1]
         [Processed Buffers: Min: 0, Avg: 0.9, Max: 5, Diff: 5, Sum: 7]
      [Scan RS (ms): Min: 0.0, Avg: 0.0, Max: 0.0, Diff: 0.0, Sum: 0.2]
      [Object Copy (ms): Min: 0.0, Avg: 0.2, Max: 0.4, Diff: 0.4, Sum: 1.4]
      [Termination (ms): Min: 0.0, Avg: 0.1, Max: 0.1, Diff: 0.1, Sum: 0.5]
      [GC Worker Other (ms): Min: 0.0, Avg: 0.0, Max: 0.0, Diff: 0.0, Sum: 0.0]
      [GC Worker Total (ms): Min: 0.0, Avg: 0.4, Max: 0.8, Diff: 0.8, Sum: 3.3]
      [GC Worker End (ms): Min: 473.7, Avg: 473.7, Max: 473.7, Diff: 0.0]
   [Code Root Fixup: 0.0 ms]
   [Clear CT: 0.1 ms]
   [Other: 0.3 ms]
      [Choose CSet: 0.0 ms]
      [Ref Proc: 0.2 ms]
      [Ref Enq: 0.0 ms]
      [Free CSet: 0.1 ms]
   [Eden: 151.0M(151.0M)->0.0B(150.0M) Survivors: 2048.0K->3072.0K Heap: 156.4M(256.0M)->6050.0K(256.0M)]
 [Times: user=0.01 sys=0.00, real=0.00 secs] 
0.485: [GC pause (young)0.486: [SoftReference, 0 refs, 0.0000130 secs]0.486: [WeakReference, 0 refs, 0.0000020 secs]0.486: [FinalReference, 0 refs, 0.0000020 secs]0.486: [PhantomReference, 0 refs, 0.0000030 secs]0.486: [JNI Weak Reference, 0.0000020 secs], 0.0011790 secs]
   [Parallel Time: 0.8 ms, GC Workers: 8]
      [GC Worker Start (ms): Min: 485.5, Avg: 485.9, Max: 486.3, Diff: 0.8]
      [Ext Root Scanning (ms): Min: 0.0, Avg: 0.1, Max: 0.3, Diff: 0.3, Sum: 1.2]
      [Update RS (ms): Min: 0.0, Avg: 0.0, Max: 0.0, Diff: 0.0, Sum: 0.0]
         [Processed Buffers: Min: 0, Avg: 0.8, Max: 4, Diff: 4, Sum: 6]
      [Scan RS (ms): Min: 0.0, Avg: 0.0, Max: 0.0, Diff: 0.0, Sum: 0.2]
      [Object Copy (ms): Min: 0.0, Avg: 0.1, Max: 0.4, Diff: 0.4, Sum: 1.1]
      [Termination (ms): Min: 0.0, Avg: 0.1, Max: 0.2, Diff: 0.2, Sum: 0.8]
      [GC Worker Other (ms): Min: 0.0, Avg: 0.0, Max: 0.0, Diff: 0.0, Sum: 0.0]
      [GC Worker Total (ms): Min: 0.0, Avg: 0.4, Max: 0.8, Diff: 0.8, Sum: 3.3]
      [GC Worker End (ms): Min: 486.3, Avg: 486.3, Max: 486.3, Diff: 0.0]
   [Code Root Fixup: 0.0 ms]
   [Clear CT: 0.1 ms]
   [Other: 0.3 ms]
      [Choose CSet: 0.0 ms]
      [Ref Proc: 0.2 ms]
      [Ref Enq: 0.0 ms]
      [Free CSet: 0.1 ms]
   [Eden: 150.0M(150.0M)->0.0B(150.0M) Survivors: 3072.0K->3072.0K Heap: 155.9M(256.0M)->6096.2K(256.0M)]
 [Times: user=0.00 sys=0.00, real=0.00 secs] 
0.498: [GC pause (young)0.499: [SoftReference, 0 refs, 0.0000140 secs]0.499: [WeakReference, 0 refs, 0.0000030 secs]0.499: [FinalReference, 0 refs, 0.0000020 secs]0.499: [PhantomReference, 0 refs, 0.0000020 secs]0.499: [JNI Weak Reference, 0.0000030 secs], 0.0011360 secs]
   [Parallel Time: 0.7 ms, GC Workers: 8]
      [GC Worker Start (ms): Min: 498.2, Avg: 498.4, Max: 498.8, Diff: 0.6]
      [Ext Root Scanning (ms): Min: 0.0, Avg: 0.2, Max: 0.3, Diff: 0.3, Sum: 1.3]
      [Update RS (ms): Min: 0.0, Avg: 0.0, Max: 0.0, Diff: 0.0, Sum: 0.0]
         [Processed Buffers: Min: 0, Avg: 0.8, Max: 4, Diff: 4, Sum: 6]
      [Scan RS (ms): Min: 0.0, Avg: 0.0, Max: 0.1, Diff: 0.1, Sum: 0.2]
      [Object Copy (ms): Min: 0.0, Avg: 0.1, Max: 0.3, Diff: 0.3, Sum: 1.1]
      [Termination (ms): Min: 0.0, Avg: 0.1, Max: 0.1, Diff: 0.1, Sum: 0.6]
      [GC Worker Other (ms): Min: 0.0, Avg: 0.0, Max: 0.0, Diff: 0.0, Sum: 0.1]
      [GC Worker Total (ms): Min: 0.0, Avg: 0.4, Max: 0.7, Diff: 0.7, Sum: 3.3]
      [GC Worker End (ms): Min: 498.8, Avg: 498.8, Max: 498.9, Diff: 0.0]
   [Code Root Fixup: 0.0 ms]
   [Clear CT: 0.1 ms]
   [Other: 0.3 ms]
      [Choose CSet: 0.0 ms]
      [Ref Proc: 0.2 ms]
      [Ref Enq: 0.0 ms]
      [Free CSet: 0.1 ms]
   [Eden: 150.0M(150.0M)->0.0B(151.0M) Survivors: 3072.0K->2048.0K Heap: 156.0M(256.0M)->5965.6K(256.0M)]
 [Times: user=0.00 sys=0.00, real=0.00 secs] 
0.510: [GC pause (young)0.511: [SoftReference, 0 refs, 0.0000140 secs]0.511: [WeakReference, 0 refs, 0.0000030 secs]0.511: [FinalReference, 0 refs, 0.0000020 secs]0.511: [PhantomReference, 0 refs, 0.0000020 secs]0.511: [JNI Weak Reference, 0.0000030 secs], 0.0011070 secs]
   [Parallel Time: 0.7 ms, GC Workers: 8]
      [GC Worker Start (ms): Min: 510.4, Avg: 510.6, Max: 511.1, Diff: 0.6]
      [Ext Root Scanning (ms): Min: 0.0, Avg: 0.2, Max: 0.3, Diff: 0.3, Sum: 1.5]
      [Update RS (ms): Min: 0.0, Avg: 0.0, Max: 0.0, Diff: 0.0, Sum: 0.1]
         [Processed Buffers: Min: 0, Avg: 0.8, Max: 3, Diff: 3, Sum: 6]
      [Scan RS (ms): Min: 0.0, Avg: 0.0, Max: 0.1, Diff: 0.1, Sum: 0.2]
      [Object Copy (ms): Min: 0.0, Avg: 0.2, Max: 0.3, Diff: 0.3, Sum: 1.5]
      [Termination (ms): Min: 0.0, Avg: 0.1, Max: 0.1, Diff: 0.1, Sum: 0.5]
      [GC Worker Other (ms): Min: 0.0, Avg: 0.0, Max: 0.0, Diff: 0.0, Sum: 0.1]
      [GC Worker Total (ms): Min: 0.0, Avg: 0.5, Max: 0.6, Diff: 0.6, Sum: 4.0]
      [GC Worker End (ms): Min: 511.1, Avg: 511.1, Max: 511.1, Diff: 0.0]
   [Code Root Fixup: 0.0 ms]
   [Clear CT: 0.1 ms]
   [Other: 0.3 ms]
      [Choose CSet: 0.0 ms]
      [Ref Proc: 0.2 ms]
      [Ref Enq: 0.0 ms]
      [Free CSet: 0.1 ms]
   [Eden: 151.0M(151.0M)->0.0B(150.0M) Survivors: 2048.0K->3072.0K Heap: 156.8M(256.0M)->6583.7K(256.0M)]
 [Times: user=0.00 sys=0.00, real=0.00 secs] 
0.522: [GC pause (young)0.523: [SoftReference, 0 refs, 0.0000340 secs]0.523: [WeakReference, 0 refs, 0.0000030 secs]0.523: [FinalReference, 0 refs, 0.0000030 secs]0.523: [PhantomReference, 0 refs, 0.0000020 secs]0.523: [JNI Weak Reference, 0.0000020 secs], 0.0011260 secs]
   [Parallel Time: 0.7 ms, GC Workers: 8]
      [GC Worker Start (ms): Min: 522.4, Avg: 522.7, Max: 523.1, Diff: 0.7]
      [Ext Root Scanning (ms): Min: 0.0, Avg: 0.2, Max: 0.3, Diff: 0.3, Sum: 1.3]
      [Update RS (ms): Min: 0.0, Avg: 0.0, Max: 0.0, Diff: 0.0, Sum: 0.0]
         [Processed Buffers: Min: 0, Avg: 1.0, Max: 4, Diff: 4, Sum: 8]
      [Scan RS (ms): Min: 0.0, Avg: 0.0, Max: 0.1, Diff: 0.1, Sum: 0.2]
      [Object Copy (ms): Min: 0.0, Avg: 0.1, Max: 0.3, Diff: 0.3, Sum: 1.1]
      [Termination (ms): Min: 0.0, Avg: 0.1, Max: 0.1, Diff: 0.1, Sum: 0.6]
      [GC Worker Other (ms): Min: 0.0, Avg: 0.0, Max: 0.0, Diff: 0.0, Sum: 0.0]
      [GC Worker Total (ms): Min: 0.0, Avg: 0.4, Max: 0.7, Diff: 0.7, Sum: 3.3]
      [GC Worker End (ms): Min: 523.1, Avg: 523.1, Max: 523.1, Diff: 0.0]
   [Code Root Fixup: 0.0 ms]
   [Clear CT: 0.1 ms]
   [Other: 0.3 ms]
      [Choose CSet: 0.0 ms]
      [Ref Proc: 0.2 ms]
      [Ref Enq: 0.0 ms]
      [Free CSet: 0.1 ms]
   [Eden: 150.0M(150.0M)->0.0B(150.0M) Survivors: 3072.0K->3072.0K Heap: 156.4M(256.0M)->6631.3K(256.0M)]
 [Times: user=0.01 sys=0.00, real=0.00 secs] 
0.534: [GC pause (young)0.535: [SoftReference, 0 refs, 0.0000130 secs]0.535: [WeakReference, 0 refs, 0.0000030 secs]0.535: [FinalReference, 0 refs, 0.0000120 secs]0.535: [PhantomReference, 0 refs, 0.0000030 secs]0.535: [JNI Weak Reference, 0.0000020 secs], 0.0010190 secs]
   [Parallel Time: 0.6 ms, GC Workers: 8]
      [GC Worker Start (ms): Min: 534.5, Avg: 534.6, Max: 535.0, Diff: 0.5]
      [Ext Root Scanning (ms): Min: 0.0, Avg: 0.2, Max: 0.2, Diff: 0.2, Sum: 1.4]
      [Update RS (ms): Min: 0.0, Avg: 0.0, Max: 0.0, Diff: 0.0, Sum: 0.0]
         [Processed Buffers: Min: 0, Avg: 0.8, Max: 3, Diff: 3, Sum: 6]
      [Scan RS (ms): Min: 0.0, Avg: 0.0, Max: 0.0, Diff: 0.0, Sum: 0.2]
      [Object Copy (ms): Min: 0.0, Avg: 0.2, Max: 0.2, Diff: 0.2, Sum: 1.6]
      [Termination (ms): Min: 0.0, Avg: 0.0, Max: 0.0, Diff: 0.0, Sum: 0.2]
      [GC Worker Other (ms): Min: 0.0, Avg: 0.0, Max: 0.0, Diff: 0.0, Sum: 0.1]
      [GC Worker Total (ms): Min: 0.0, Avg: 0.4, Max: 0.5, Diff: 0.5, Sum: 3.6]
      [GC Worker End (ms): Min: 535.1, Avg: 535.1, Max: 535.1, Diff: 0.0]
   [Code Root Fixup: 0.0 ms]
   [Clear CT: 0.1 ms]
   [Other: 0.3 ms]
      [Choose CSet: 0.0 ms]
      [Ref Proc: 0.2 ms]
      [Ref Enq: 0.0 ms]
      [Free CSet: 0.1 ms]
   [Eden: 150.0M(150.0M)->0.0B(152.0M) Survivors: 3072.0K->1024.0K Heap: 156.5M(256.0M)->4789.5K(256.0M)]
 [Times: user=0.01 sys=0.00, real=0.00 secs] 
0.548: [GC pause (young)0.549: [SoftReference, 0 refs, 0.0000130 secs]0.549: [WeakReference, 0 refs, 0.0000020 secs]0.549: [FinalReference, 0 refs, 0.0000120 secs]0.549: [PhantomReference, 0 refs, 0.0000020 secs]0.549: [JNI Weak Reference, 0.0000110 secs], 0.0011070 secs]
   [Parallel Time: 0.7 ms, GC Workers: 8]
      [GC Worker Start (ms): Min: 548.0, Avg: 548.2, Max: 548.4, Diff: 0.4]
      [Ext Root Scanning (ms): Min: 0.0, Avg: 0.1, Max: 0.3, Diff: 0.3, Sum: 1.1]
      [Update RS (ms): Min: 0.0, Avg: 0.0, Max: 0.0, Diff: 0.0, Sum: 0.1]
         [Processed Buffers: Min: 0, Avg: 1.5, Max: 6, Diff: 6, Sum: 12]
      [Scan RS (ms): Min: 0.0, Avg: 0.0, Max: 0.0, Diff: 0.0, Sum: 0.2]
      [Object Copy (ms): Min: 0.1, Avg: 0.2, Max: 0.3, Diff: 0.1, Sum: 1.8]
      [Termination (ms): Min: 0.0, Avg: 0.1, Max: 0.1, Diff: 0.1, Sum: 0.5]
      [GC Worker Other (ms): Min: 0.0, Avg: 0.0, Max: 0.0, Diff: 0.0, Sum: 0.1]
      [GC Worker Total (ms): Min: 0.2, Avg: 0.5, Max: 0.6, Diff: 0.4, Sum: 3.7]
      [GC Worker End (ms): Min: 548.6, Avg: 548.6, Max: 548.6, Diff: 0.0]
   [Code Root Fixup: 0.0 ms]
   [Clear CT: 0.1 ms]
   [Other: 0.3 ms]
      [Choose CSet: 0.0 ms]
      [Ref Proc: 0.2 ms]
      [Ref Enq: 0.0 ms]
      [Free CSet: 0.1 ms]
   [Eden: 152.0M(152.0M)->0.0B(152.0M) Survivors: 1024.0K->1024.0K Heap: 156.7M(256.0M)->4835.5K(256.0M)]
 [Times: user=0.01 sys=0.00, real=0.00 secs] 
0.562: [GC pause (young)0.563: [SoftReference, 0 refs, 0.0000150 secs]0.563: [WeakReference, 0 refs, 0.0000030 secs]0.563: [FinalReference, 0 refs, 0.0000030 secs]0.563: [PhantomReference, 0 refs, 0.0000020 secs]0.563: [JNI Weak Reference, 0.0000020 secs], 0.0011960 secs]
   [Parallel Time: 0.8 ms, GC Workers: 8]
      [GC Worker Start (ms): Min: 562.0, Avg: 562.2, Max: 562.7, Diff: 0.7]
      [Ext Root Scanning (ms): Min: 0.0, Avg: 0.2, Max: 0.3, Diff: 0.3, Sum: 1.4]
      [Update RS (ms): Min: 0.0, Avg: 0.0, Max: 0.0, Diff: 0.0, Sum: 0.1]
         [Processed Buffers: Min: 0, Avg: 1.0, Max: 5, Diff: 5, Sum: 8]
      [Scan RS (ms): Min: 0.0, Avg: 0.0, Max: 0.1, Diff: 0.1, Sum: 0.2]
      [Object Copy (ms): Min: 0.0, Avg: 0.2, Max: 0.3, Diff: 0.3, Sum: 1.7]
      [Termination (ms): Min: 0.0, Avg: 0.1, Max: 0.1, Diff: 0.1, Sum: 0.5]
      [GC Worker Other (ms): Min: 0.0, Avg: 0.0, Max: 0.0, Diff: 0.0, Sum: 0.0]
      [GC Worker Total (ms): Min: 0.0, Avg: 0.5, Max: 0.7, Diff: 0.7, Sum: 4.0]
      [GC Worker End (ms): Min: 562.7, Avg: 562.7, Max: 562.8, Diff: 0.0]
   [Code Root Fixup: 0.0 ms]
   [Clear CT: 0.1 ms]
   [Other: 0.3 ms]
      [Choose CSet: 0.0 ms]
      [Ref Proc: 0.2 ms]
      [Ref Enq: 0.0 ms]
      [Free CSet: 0.1 ms]
   [Eden: 152.0M(152.0M)->0.0B(151.0M) Survivors: 1024.0K->2048.0K Heap: 156.7M(256.0M)->5749.8K(256.0M)]
 [Times: user=0.00 sys=0.00, real=0.01 secs] 
0.575: [GC pause (young)0.576: [SoftReference, 0 refs, 0.0000210 secs]0.576: [WeakReference, 0 refs, 0.0000140 secs]0.576: [FinalReference, 0 refs, 0.0000020 secs]0.576: [PhantomReference, 0 refs, 0.0000020 secs]0.576: [JNI Weak Reference, 0.0000030 secs], 0.0011320 secs]
   [Parallel Time: 0.7 ms, GC Workers: 8]
      [GC Worker Start (ms): Min: 575.4, Avg: 575.5, Max: 575.8, Diff: 0.4]
      [Ext Root Scanning (ms): Min: 0.0, Avg: 0.2, Max: 0.3, Diff: 0.3, Sum: 1.3]
      [Update RS (ms): Min: 0.0, Avg: 0.0, Max: 0.0, Diff: 0.0, Sum: 0.0]
         [Processed Buffers: Min: 0, Avg: 1.0, Max: 6, Diff: 6, Sum: 8]
      [Scan RS (ms): Min: 0.0, Avg: 0.0, Max: 0.0, Diff: 0.0, Sum: 0.2]
      [Object Copy (ms): Min: 0.1, Avg: 0.2, Max: 0.3, Diff: 0.1, Sum: 1.7]
      [Termination (ms): Min: 0.0, Avg: 0.1, Max: 0.1, Diff: 0.1, Sum: 0.5]
      [GC Worker Other (ms): Min: 0.0, Avg: 0.0, Max: 0.0, Diff: 0.0, Sum: 0.2]
      [GC Worker Total (ms): Min: 0.2, Avg: 0.5, Max: 0.6, Diff: 0.4, Sum: 3.8]
      [GC Worker End (ms): Min: 576.0, Avg: 576.0, Max: 576.0, Diff: 0.0]
   [Code Root Fixup: 0.0 ms]
   [Clear CT: 0.1 ms]
   [Other: 0.3 ms]
      [Choose CSet: 0.0 ms]
      [Ref Proc: 0.2 ms]
      [Ref Enq: 0.0 ms]
      [Free CSet: 0.1 ms]
   [Eden: 151.0M(151.0M)->0.0B(152.0M) Survivors: 2048.0K->1024.0K Heap: 156.6M(256.0M)->4494.6K(256.0M)]
 [Times: user=0.00 sys=0.00, real=0.00 secs] 
0.591: [GC pause (young)0.591: [SoftReference, 0 refs, 0.0000340 secs]0.591: [WeakReference, 0 refs, 0.0000140 secs]0.591: [FinalReference, 0 refs, 0.0000040 secs]0.591: [PhantomReference, 0 refs, 0.0000040 secs]0.591: [JNI Weak Reference, 0.0000040 secs], 0.0011330 secs]
   [Parallel Time: 0.6 ms, GC Workers: 8]
      [GC Worker Start (ms): Min: 590.6, Avg: 590.7, Max: 591.1, Diff: 0.6]
      [Ext Root Scanning (ms): Min: 0.0, Avg: 0.2, Max: 0.3, Diff: 0.3, Sum: 1.4]
      [Update RS (ms): Min: 0.0, Avg: 0.0, Max: 0.0, Diff: 0.0, Sum: 0.0]
         [Processed Buffers: Min: 0, Avg: 1.1, Max: 4, Diff: 4, Sum: 9]
      [Scan RS (ms): Min: 0.0, Avg: 0.0, Max: 0.0, Diff: 0.0, Sum: 0.2]
      [Object Copy (ms): Min: 0.0, Avg: 0.2, Max: 0.3, Diff: 0.3, Sum: 1.4]
      [Termination (ms): Min: 0.0, Avg: 0.1, Max: 0.1, Diff: 0.1, Sum: 0.5]
      [GC Worker Other (ms): Min: 0.0, Avg: 0.0, Max: 0.0, Diff: 0.0, Sum: 0.1]
      [GC Worker Total (ms): Min: 0.0, Avg: 0.4, Max: 0.6, Diff: 0.6, Sum: 3.5]
      [GC Worker End (ms): Min: 591.2, Avg: 591.2, Max: 591.2, Diff: 0.0]
   [Code Root Fixup: 0.0 ms]
   [Clear CT: 0.2 ms]
   [Other: 0.3 ms]
      [Choose CSet: 0.0 ms]
      [Ref Proc: 0.2 ms]
      [Ref Enq: 0.0 ms]
      [Free CSet: 0.1 ms]
   [Eden: 152.0M(152.0M)->0.0B(152.0M) Survivors: 1024.0K->1024.0K Heap: 156.4M(256.0M)->4477.8K(256.0M)]
 [Times: user=0.01 sys=0.00, real=0.00 secs] 
0.605: [GC pause (young)0.606: [SoftReference, 0 refs, 0.0000170 secs]0.606: [WeakReference, 0 refs, 0.0000050 secs]0.606: [FinalReference, 0 refs, 0.0000040 secs]0.606: [PhantomReference, 0 refs, 0.0000050 secs]0.606: [JNI Weak Reference, 0.0000030 secs], 0.0014470 secs]
   [Parallel Time: 1.0 ms, GC Workers: 8]
      [GC Worker Start (ms): Min: 604.8, Avg: 605.3, Max: 605.8, Diff: 1.0]
      [Ext Root Scanning (ms): Min: 0.0, Avg: 0.2, Max: 0.3, Diff: 0.3, Sum: 1.3]
      [Update RS (ms): Min: 0.0, Avg: 0.0, Max: 0.0, Diff: 0.0, Sum: 0.1]
         [Processed Buffers: Min: 0, Avg: 1.1, Max: 8, Diff: 8, Sum: 9]
      [Scan RS (ms): Min: 0.0, Avg: 0.0, Max: 0.1, Diff: 0.1, Sum: 0.2]
      [Object Copy (ms): Min: 0.0, Avg: 0.2, Max: 0.4, Diff: 0.4, Sum: 1.6]
      [Termination (ms): Min: 0.0, Avg: 0.1, Max: 0.2, Diff: 0.2, Sum: 1.1]
      [GC Worker Other (ms): Min: 0.0, Avg: 0.0, Max: 0.0, Diff: 0.0, Sum: 0.1]
      [GC Worker Total (ms): Min: 0.0, Avg: 0.5, Max: 1.0, Diff: 1.0, Sum: 4.3]
      [GC Worker End (ms): Min: 605.8, Avg: 605.8, Max: 605.8, Diff: 0.0]
   [Code Root Fixup: 0.0 ms]
   [Clear CT: 0.1 ms]
   [Other: 0.3 ms]
      [Choose CSet: 0.0 ms]
      [Ref Proc: 0.2 ms]
      [Ref Enq: 0.0 ms]
      [Free CSet: 0.1 ms]
   [Eden: 152.0M(152.0M)->0.0B(151.0M) Survivors: 1024.0K->2048.0K Heap: 156.4M(256.0M)->5749.5K(256.0M)]
 [Times: user=0.01 sys=0.00, real=0.00 secs] 
0.619: [GC pause (young)0.620: [SoftReference, 0 refs, 0.0000140 secs]0.620: [WeakReference, 0 refs, 0.0000030 secs]0.620: [FinalReference, 0 refs, 0.0000120 secs]0.620: [PhantomReference, 0 refs, 0.0000020 secs]0.620: [JNI Weak Reference, 0.0000020 secs], 0.0010630 secs]
   [Parallel Time: 0.7 ms, GC Workers: 8]
      [GC Worker Start (ms): Min: 618.9, Avg: 619.2, Max: 619.5, Diff: 0.6]
      [Ext Root Scanning (ms): Min: 0.0, Avg: 0.2, Max: 0.3, Diff: 0.3, Sum: 1.3]
      [Update RS (ms): Min: 0.0, Avg: 0.0, Max: 0.0, Diff: 0.0, Sum: 0.0]
         [Processed Buffers: Min: 0, Avg: 0.8, Max: 3, Diff: 3, Sum: 6]
      [Scan RS (ms): Min: 0.0, Avg: 0.0, Max: 0.0, Diff: 0.0, Sum: 0.2]
      [Object Copy (ms): Min: 0.0, Avg: 0.1, Max: 0.2, Diff: 0.2, Sum: 1.0]
      [Termination (ms): Min: 0.0, Avg: 0.1, Max: 0.1, Diff: 0.1, Sum: 0.6]
      [GC Worker Other (ms): Min: 0.0, Avg: 0.0, Max: 0.0, Diff: 0.0, Sum: 0.1]
      [GC Worker Total (ms): Min: 0.0, Avg: 0.4, Max: 0.7, Diff: 0.6, Sum: 3.2]
      [GC Worker End (ms): Min: 619.6, Avg: 619.6, Max: 619.6, Diff: 0.0]
   [Code Root Fixup: 0.0 ms]
   [Clear CT: 0.1 ms]
   [Other: 0.3 ms]
      [Choose CSet: 0.0 ms]
      [Ref Proc: 0.2 ms]
      [Ref Enq: 0.0 ms]
      [Free CSet: 0.1 ms]
   [Eden: 151.0M(151.0M)->0.0B(152.0M) Survivors: 2048.0K->1024.0K Heap: 156.6M(256.0M)->4919.5K(256.0M)]
 [Times: user=0.01 sys=0.00, real=0.00 secs] 
0.631: [GC pause (young)0.632: [SoftReference, 0 refs, 0.0000340 secs]0.632: [WeakReference, 0 refs, 0.0000030 secs]0.632: [FinalReference, 0 refs, 0.0000030 secs]0.632: [PhantomReference, 0 refs, 0.0000030 secs]0.632: [JNI Weak Reference, 0.0000030 secs], 0.0011790 secs]
   [Parallel Time: 0.7 ms, GC Workers: 8]
      [GC Worker Start (ms): Min: 631.2, Avg: 631.5, Max: 631.9, Diff: 0.7]
      [Ext Root Scanning (ms): Min: 0.0, Avg: 0.2, Max: 0.3, Diff: 0.3, Sum: 1.4]
      [Update RS (ms): Min: 0.0, Avg: 0.0, Max: 0.0, Diff: 0.0, Sum: 0.0]
         [Processed Buffers: Min: 0, Avg: 0.9, Max: 4, Diff: 4, Sum: 7]
      [Scan RS (ms): Min: 0.0, Avg: 0.0, Max: 0.1, Diff: 0.1, Sum: 0.3]
      [Object Copy (ms): Min: 0.0, Avg: 0.2, Max: 0.4, Diff: 0.4, Sum: 1.5]
      [Termination (ms): Min: 0.0, Avg: 0.1, Max: 0.1, Diff: 0.1, Sum: 0.6]
      [GC Worker Other (ms): Min: 0.0, Avg: 0.0, Max: 0.0, Diff: 0.0, Sum: 0.1]
      [GC Worker Total (ms): Min: 0.0, Avg: 0.5, Max: 0.7, Diff: 0.7, Sum: 3.9]
      [GC Worker End (ms): Min: 631.9, Avg: 631.9, Max: 632.0, Diff: 0.0]
   [Code Root Fixup: 0.0 ms]
   [Clear CT: 0.1 ms]
   [Other: 0.3 ms]
      [Choose CSet: 0.0 ms]
      [Ref Proc: 0.2 ms]
      [Ref Enq: 0.0 ms]
      [Free CSet: 0.1 ms]
   [Eden: 152.0M(152.0M)->0.0B(150.0M) Survivors: 1024.0K->3072.0K Heap: 156.8M(256.0M)->7226.8K(256.0M)]
 [Times: user=0.01 sys=0.00, real=0.01 secs] 
0.643: [GC pause (young)0.644: [SoftReference, 0 refs, 0.0000250 secs]0.644: [WeakReference, 0 refs, 0.0000030 secs]0.644: [FinalReference, 0 refs, 0.0000020 secs]0.644: [PhantomReference, 0 refs, 0.0000020 secs]0.644: [JNI Weak Reference, 0.0000120 secs], 0.0009950 secs]
   [Parallel Time: 0.6 ms, GC Workers: 8]
      [GC Worker Start (ms): Min: 643.5, Avg: 643.6, Max: 643.9, Diff: 0.4]
      [Ext Root Scanning (ms): Min: 0.0, Avg: 0.2, Max: 0.3, Diff: 0.3, Sum: 1.3]
      [Update RS (ms): Min: 0.0, Avg: 0.0, Max: 0.0, Diff: 0.0, Sum: 0.1]
         [Processed Buffers: Min: 0, Avg: 1.0, Max: 3, Diff: 3, Sum: 8]
      [Scan RS (ms): Min: 0.0, Avg: 0.0, Max: 0.1, Diff: 0.1, Sum: 0.2]
      [Object Copy (ms): Min: 0.1, Avg: 0.2, Max: 0.2, Diff: 0.1, Sum: 1.6]
      [Termination (ms): Min: 0.0, Avg: 0.0, Max: 0.0, Diff: 0.0, Sum: 0.0]
      [GC Worker Other (ms): Min: 0.0, Avg: 0.0, Max: 0.0, Diff: 0.0, Sum: 0.1]
      [GC Worker Total (ms): Min: 0.2, Avg: 0.4, Max: 0.5, Diff: 0.4, Sum: 3.3]
      [GC Worker End (ms): Min: 644.0, Avg: 644.0, Max: 644.0, Diff: 0.0]
   [Code Root Fixup: 0.0 ms]
   [Clear CT: 0.1 ms]
   [Other: 0.3 ms]
      [Choose CSet: 0.0 ms]
      [Ref Proc: 0.2 ms]
      [Ref Enq: 0.0 ms]
      [Free CSet: 0.1 ms]
   [Eden: 150.0M(150.0M)->0.0B(152.0M) Survivors: 3072.0K->1024.0K Heap: 157.1M(256.0M)->4959.5K(256.0M)]
 [Times: user=0.00 sys=0.01, real=0.00 secs] 
0.657: [GC pause (young)0.658: [SoftReference, 0 refs, 0.0000240 secs]0.658: [WeakReference, 0 refs, 0.0000030 secs]0.658: [FinalReference, 0 refs, 0.0000020 secs]0.658: [PhantomReference, 0 refs, 0.0000020 secs]0.658: [JNI Weak Reference, 0.0000020 secs], 0.0012600 secs]
   [Parallel Time: 0.9 ms, GC Workers: 8]
      [GC Worker Start (ms): Min: 657.4, Avg: 657.5, Max: 657.7, Diff: 0.3]
      [Ext Root Scanning (ms): Min: 0.1, Avg: 0.3, Max: 0.6, Diff: 0.5, Sum: 2.5]
      [Update RS (ms): Min: 0.0, Avg: 0.0, Max: 0.0, Diff: 0.0, Sum: 0.1]
         [Processed Buffers: Min: 0, Avg: 0.9, Max: 4, Diff: 4, Sum: 7]
      [Scan RS (ms): Min: 0.0, Avg: 0.0, Max: 0.1, Diff: 0.1, Sum: 0.3]
      [Object Copy (ms): Min: 0.0, Avg: 0.2, Max: 0.4, Diff: 0.4, Sum: 1.7]
      [Termination (ms): Min: 0.0, Avg: 0.1, Max: 0.1, Diff: 0.1, Sum: 0.8]
      [GC Worker Other (ms): Min: 0.0, Avg: 0.0, Max: 0.0, Diff: 0.0, Sum: 0.1]
      [GC Worker Total (ms): Min: 0.5, Avg: 0.7, Max: 0.8, Diff: 0.3, Sum: 5.5]
      [GC Worker End (ms): Min: 658.2, Avg: 658.2, Max: 658.2, Diff: 0.0]
   [Code Root Fixup: 0.0 ms]
   [Clear CT: 0.1 ms]
   [Other: 0.3 ms]
      [Choose CSet: 0.0 ms]
      [Ref Proc: 0.2 ms]
      [Ref Enq: 0.0 ms]
      [Free CSet: 0.1 ms]
   [Eden: 152.0M(152.0M)->0.0B(151.0M) Survivors: 1024.0K->2048.0K Heap: 156.8M(256.0M)->6291.8K(256.0M)]
 [Times: user=0.01 sys=0.00, real=0.00 secs] 
0.673: [GC pause (young)0.674: [SoftReference, 0 refs, 0.0000110 secs]0.674: [WeakReference, 0 refs, 0.0000020 secs]0.674: [FinalReference, 0 refs, 0.0000030 secs]0.674: [PhantomReference, 0 refs, 0.0000030 secs]0.674: [JNI Weak Reference, 0.0000020 secs], 0.0011440 secs]
   [Parallel Time: 0.7 ms, GC Workers: 8]
      [GC Worker Start (ms): Min: 673.3, Avg: 673.3, Max: 673.5, Diff: 0.2]
      [Ext Root Scanning (ms): Min: 0.1, Avg: 0.2, Max: 0.4, Diff: 0.3, Sum: 1.7]
      [Update RS (ms): Min: 0.0, Avg: 0.0, Max: 0.0, Diff: 0.0, Sum: 0.1]
         [Processed Buffers: Min: 0, Avg: 0.9, Max: 3, Diff: 3, Sum: 7]
      [Scan RS (ms): Min: 0.0, Avg: 0.0, Max: 0.0, Diff: 0.0, Sum: 0.2]
      [Object Copy (ms): Min: 0.2, Avg: 0.2, Max: 0.3, Diff: 0.1, Sum: 1.9]
      [Termination (ms): Min: 0.0, Avg: 0.1, Max: 0.1, Diff: 0.1, Sum: 0.6]
      [GC Worker Other (ms): Min: 0.0, Avg: 0.0, Max: 0.1, Diff: 0.0, Sum: 0.3]
      [GC Worker Total (ms): Min: 0.4, Avg: 0.6, Max: 0.7, Diff: 0.2, Sum: 4.7]
      [GC Worker End (ms): Min: 673.9, Avg: 673.9, Max: 673.9, Diff: 0.0]
   [Code Root Fixup: 0.0 ms]
   [Clear CT: 0.1 ms]
   [Other: 0.3 ms]
      [Choose CSet: 0.0 ms]
      [Ref Proc: 0.2 ms]
      [Ref Enq: 0.0 ms]
      [Free CSet: 0.1 ms]
   [Eden: 151.0M(151.0M)->0.0B(152.0M) Survivors: 2048.0K->1024.0K Heap: 157.1M(256.0M)->5095.8K(256.0M)]
 [Times: user=0.01 sys=0.00, real=0.00 secs] 
0.690: [GC pause (young)0.691: [SoftReference, 0 refs, 0.0000250 secs]0.691: [WeakReference, 0 refs, 0.0000030 secs]0.691: [FinalReference, 0 refs, 0.0000020 secs]0.691: [PhantomReference, 0 refs, 0.0000020 secs]0.691: [JNI Weak Reference, 0.0000020 secs], 0.0013480 secs]
   [Parallel Time: 1.0 ms, GC Workers: 8]
      [GC Worker Start (ms): Min: 689.7, Avg: 690.1, Max: 690.6, Diff: 0.9]
      [Ext Root Scanning (ms): Min: 0.0, Avg: 0.2, Max: 0.4, Diff: 0.4, Sum: 1.3]
      [Update RS (ms): Min: 0.0, Avg: 0.0, Max: 0.1, Diff: 0.1, Sum: 0.1]
         [Processed Buffers: Min: 0, Avg: 1.2, Max: 10, Diff: 10, Sum: 10]
      [Scan RS (ms): Min: 0.0, Avg: 0.0, Max: 0.1, Diff: 0.1, Sum: 0.2]
      [Object Copy (ms): Min: 0.0, Avg: 0.2, Max: 0.4, Diff: 0.4, Sum: 1.5]
      [Termination (ms): Min: 0.0, Avg: 0.1, Max: 0.2, Diff: 0.2, Sum: 0.8]
      [GC Worker Other (ms): Min: 0.0, Avg: 0.0, Max: 0.0, Diff: 0.0, Sum: 0.1]
      [GC Worker Total (ms): Min: 0.0, Avg: 0.5, Max: 0.9, Diff: 0.9, Sum: 4.0]
      [GC Worker End (ms): Min: 690.6, Avg: 690.6, Max: 690.6, Diff: 0.0]
   [Code Root Fixup: 0.0 ms]
   [Clear CT: 0.1 ms]
   [Other: 0.3 ms]
      [Choose CSet: 0.0 ms]
      [Ref Proc: 0.2 ms]
      [Ref Enq: 0.0 ms]
      [Free CSet: 0.1 ms]
   [Eden: 152.0M(152.0M)->0.0B(150.0M) Survivors: 1024.0K->3072.0K Heap: 157.0M(256.0M)->6938.2K(256.0M)]
 [Times: user=0.01 sys=0.01, real=0.00 secs] 
0.705: [GC pause (young)0.706: [SoftReference, 0 refs, 0.0000160 secs]0.706: [WeakReference, 0 refs, 0.0000030 secs]0.706: [FinalReference, 0 refs, 0.0000030 secs]0.706: [PhantomReference, 0 refs, 0.0000020 secs]0.706: [JNI Weak Reference, 0.0000030 secs], 0.0012570 secs]
   [Parallel Time: 0.9 ms, GC Workers: 8]
      [GC Worker Start (ms): Min: 705.0, Avg: 705.4, Max: 705.8, Diff: 0.8]
      [Ext Root Scanning (ms): Min: 0.0, Avg: 0.2, Max: 0.3, Diff: 0.3, Sum: 1.3]
      [Update RS (ms): Min: 0.0, Avg: 0.0, Max: 0.0, Diff: 0.0, Sum: 0.1]
         [Processed Buffers: Min: 0, Avg: 0.8, Max: 5, Diff: 5, Sum: 6]
      [Scan RS (ms): Min: 0.0, Avg: 0.0, Max: 0.1, Diff: 0.1, Sum: 0.2]
      [Object Copy (ms): Min: 0.0, Avg: 0.1, Max: 0.4, Diff: 0.4, Sum: 1.2]
      [Termination (ms): Min: 0.0, Avg: 0.1, Max: 0.1, Diff: 0.1, Sum: 0.6]
      [GC Worker Other (ms): Min: 0.0, Avg: 0.0, Max: 0.0, Diff: 0.0, Sum: 0.1]
      [GC Worker Total (ms): Min: 0.0, Avg: 0.4, Max: 0.8, Diff: 0.8, Sum: 3.4]
      [GC Worker End (ms): Min: 705.8, Avg: 705.8, Max: 705.8, Diff: 0.0]
   [Code Root Fixup: 0.0 ms]
   [Clear CT: 0.1 ms]
   [Other: 0.3 ms]
      [Choose CSet: 0.0 ms]
      [Ref Proc: 0.2 ms]
      [Ref Enq: 0.0 ms]
      [Free CSet: 0.1 ms]
   [Eden: 150.0M(150.0M)->0.0B(150.0M) Survivors: 3072.0K->3072.0K Heap: 156.8M(256.0M)->6911.9K(256.0M)]
 [Times: user=0.01 sys=0.00, real=0.00 secs] 
0.724: [GC pause (young)0.725: [SoftReference, 0 refs, 0.0000140 secs]0.725: [WeakReference, 0 refs, 0.0000030 secs]0.725: [FinalReference, 0 refs, 0.0000030 secs]0.725: [PhantomReference, 0 refs, 0.0000030 secs]0.725: [JNI Weak Reference, 0.0000020 secs], 0.0012980 secs]
   [Parallel Time: 0.9 ms, GC Workers: 8]
      [GC Worker Start (ms): Min: 723.9, Avg: 724.2, Max: 724.7, Diff: 0.8]
      [Ext Root Scanning (ms): Min: 0.0, Avg: 0.2, Max: 0.4, Diff: 0.4, Sum: 1.6]
      [Update RS (ms): Min: 0.0, Avg: 0.0, Max: 0.0, Diff: 0.0, Sum: 0.1]
         [Processed Buffers: Min: 0, Avg: 0.8, Max: 4, Diff: 4, Sum: 6]
      [Scan RS (ms): Min: 0.0, Avg: 0.0, Max: 0.1, Diff: 0.1, Sum: 0.2]
      [Object Copy (ms): Min: 0.0, Avg: 0.2, Max: 0.4, Diff: 0.4, Sum: 1.5]
      [Termination (ms): Min: 0.0, Avg: 0.1, Max: 0.1, Diff: 0.1, Sum: 0.6]
      [GC Worker Other (ms): Min: 0.0, Avg: 0.0, Max: 0.0, Diff: 0.0, Sum: 0.0]
      [GC Worker Total (ms): Min: 0.0, Avg: 0.5, Max: 0.8, Diff: 0.8, Sum: 4.0]
      [GC Worker End (ms): Min: 724.7, Avg: 724.7, Max: 724.7, Diff: 0.0]
   [Code Root Fixup: 0.0 ms]
   [Clear CT: 0.1 ms]
   [Other: 0.3 ms]
      [Choose CSet: 0.0 ms]
      [Ref Proc: 0.2 ms]
      [Ref Enq: 0.0 ms]
      [Free CSet: 0.1 ms]
   [Eden: 150.0M(150.0M)->0.0B(151.0M) Survivors: 3072.0K->2048.0K Heap: 156.7M(256.0M)->5477.2K(256.0M)]
 [Times: user=0.00 sys=0.00, real=0.00 secs] 
0.740: [GC pause (young)0.741: [SoftReference, 0 refs, 0.0000150 secs]0.741: [WeakReference, 0 refs, 0.0000020 secs]0.741: [FinalReference, 0 refs, 0.0000020 secs]0.741: [PhantomReference, 0 refs, 0.0000120 secs]0.741: [JNI Weak Reference, 0.0000020 secs], 0.0012110 secs]
   [Parallel Time: 0.7 ms, GC Workers: 8]
      [GC Worker Start (ms): Min: 740.1, Avg: 740.3, Max: 740.8, Diff: 0.7]
      [Ext Root Scanning (ms): Min: 0.0, Avg: 0.2, Max: 0.4, Diff: 0.4, Sum: 1.7]
      [Update RS (ms): Min: 0.0, Avg: 0.0, Max: 0.0, Diff: 0.0, Sum: 0.1]
         [Processed Buffers: Min: 0, Avg: 1.0, Max: 6, Diff: 6, Sum: 8]
      [Scan RS (ms): Min: 0.0, Avg: 0.0, Max: 0.1, Diff: 0.1, Sum: 0.2]
      [Object Copy (ms): Min: 0.0, Avg: 0.2, Max: 0.3, Diff: 0.3, Sum: 1.3]
      [Termination (ms): Min: 0.0, Avg: 0.1, Max: 0.1, Diff: 0.1, Sum: 0.6]
      [GC Worker Other (ms): Min: 0.0, Avg: 0.0, Max: 0.0, Diff: 0.0, Sum: 0.0]
      [GC Worker Total (ms): Min: 0.0, Avg: 0.5, Max: 0.7, Diff: 0.7, Sum: 3.9]
      [GC Worker End (ms): Min: 740.8, Avg: 740.8, Max: 740.8, Diff: 0.0]
   [Code Root Fixup: 0.0 ms]
   [Clear CT: 0.1 ms]
   [Other: 0.4 ms]
      [Choose CSet: 0.0 ms]
      [Ref Proc: 0.2 ms]
      [Ref Enq: 0.0 ms]
      [Free CSet: 0.1 ms]
   [Eden: 151.0M(151.0M)->0.0B(150.0M) Survivors: 2048.0K->3072.0K Heap: 156.3M(256.0M)->6960.8K(256.0M)]
 [Times: user=0.00 sys=0.00, real=0.00 secs] 
0.755: [GC pause (young)0.756: [SoftReference, 0 refs, 0.0000160 secs]0.756: [WeakReference, 0 refs, 0.0000040 secs]0.756: [FinalReference, 0 refs, 0.0000030 secs]0.756: [PhantomReference, 0 refs, 0.0000020 secs]0.756: [JNI Weak Reference, 0.0000020 secs], 0.0011950 secs]
   [Parallel Time: 0.8 ms, GC Workers: 8]
      [GC Worker Start (ms): Min: 754.9, Avg: 755.2, Max: 755.6, Diff: 0.8]
      [Ext Root Scanning (ms): Min: 0.0, Avg: 0.2, Max: 0.3, Diff: 0.3, Sum: 1.3]
      [Update RS (ms): Min: 0.0, Avg: 0.0, Max: 0.1, Diff: 0.1, Sum: 0.1]
         [Processed Buffers: Min: 0, Avg: 0.8, Max: 6, Diff: 6, Sum: 6]
      [Scan RS (ms): Min: 0.0, Avg: 0.0, Max: 0.1, Diff: 0.1, Sum: 0.2]
      [Object Copy (ms): Min: 0.0, Avg: 0.2, Max: 0.4, Diff: 0.4, Sum: 1.6]
      [Termination (ms): Min: 0.0, Avg: 0.1, Max: 0.1, Diff: 0.1, Sum: 0.5]
      [GC Worker Other (ms): Min: 0.0, Avg: 0.0, Max: 0.0, Diff: 0.0, Sum: 0.1]
      [GC Worker Total (ms): Min: 0.0, Avg: 0.5, Max: 0.8, Diff: 0.8, Sum: 3.8]
      [GC Worker End (ms): Min: 755.6, Avg: 755.6, Max: 755.7, Diff: 0.0]
   [Code Root Fixup: 0.0 ms]
   [Clear CT: 0.1 ms]
   [Other: 0.3 ms]
      [Choose CSet: 0.0 ms]
      [Ref Proc: 0.2 ms]
      [Ref Enq: 0.0 ms]
      [Free CSet: 0.1 ms]
   [Eden: 150.0M(150.0M)->0.0B(150.0M) Survivors: 3072.0K->3072.0K Heap: 156.8M(256.0M)->7085.9K(256.0M)]
 [Times: user=0.00 sys=0.00, real=0.00 secs] 
0.776: [GC pause (young)0.777: [SoftReference, 0 refs, 0.0000170 secs]0.777: [WeakReference, 0 refs, 0.0000050 secs]0.777: [FinalReference, 0 refs, 0.0000030 secs]0.777: [PhantomReference, 0 refs, 0.0000020 secs]0.777: [JNI Weak Reference, 0.0000030 secs], 0.0013050 secs]
   [Parallel Time: 0.9 ms, GC Workers: 8]
      [GC Worker Start (ms): Min: 776.1, Avg: 776.3, Max: 776.5, Diff: 0.4]
      [Ext Root Scanning (ms): Min: 0.0, Avg: 0.3, Max: 0.4, Diff: 0.4, Sum: 2.2]
      [Update RS (ms): Min: 0.0, Avg: 0.0, Max: 0.0, Diff: 0.0, Sum: 0.1]
         [Processed Buffers: Min: 0, Avg: 1.1, Max: 5, Diff: 5, Sum: 9]
      [Scan RS (ms): Min: 0.0, Avg: 0.0, Max: 0.1, Diff: 0.1, Sum: 0.2]
      [Object Copy (ms): Min: 0.0, Avg: 0.2, Max: 0.3, Diff: 0.3, Sum: 1.7]
      [Termination (ms): Min: 0.0, Avg: 0.1, Max: 0.1, Diff: 0.1, Sum: 0.8]
      [GC Worker Other (ms): Min: 0.0, Avg: 0.0, Max: 0.0, Diff: 0.0, Sum: 0.2]
      [GC Worker Total (ms): Min: 0.4, Avg: 0.6, Max: 0.8, Diff: 0.4, Sum: 5.2]
      [GC Worker End (ms): Min: 776.9, Avg: 776.9, Max: 776.9, Diff: 0.0]
   [Code Root Fixup: 0.0 ms]
   [Clear CT: 0.1 ms]
   [Other: 0.3 ms]
      [Choose CSet: 0.0 ms]
      [Ref Proc: 0.2 ms]
      [Ref Enq: 0.0 ms]
      [Free CSet: 0.1 ms]
   [Eden: 150.0M(150.0M)->0.0B(150.0M) Survivors: 3072.0K->3072.0K Heap: 156.9M(256.0M)->7075.0K(256.0M)]
 [Times: user=0.01 sys=0.00, real=0.00 secs] 
0.790: [GC pause (young)0.791: [SoftReference, 0 refs, 0.0000180 secs]0.791: [WeakReference, 0 refs, 0.0000040 secs]0.791: [FinalReference, 0 refs, 0.0000040 secs]0.791: [PhantomReference, 0 refs, 0.0000030 secs]0.791: [JNI Weak Reference, 0.0000020 secs], 0.0011800 secs]
   [Parallel Time: 0.7 ms, GC Workers: 8]
      [GC Worker Start (ms): Min: 790.0, Avg: 790.3, Max: 790.7, Diff: 0.7]
      [Ext Root Scanning (ms): Min: 0.0, Avg: 0.2, Max: 0.3, Diff: 0.3, Sum: 1.3]
      [Update RS (ms): Min: 0.0, Avg: 0.0, Max: 0.0, Diff: 0.0, Sum: 0.1]
         [Processed Buffers: Min: 0, Avg: 1.1, Max: 4, Diff: 4, Sum: 9]
      [Scan RS (ms): Min: 0.0, Avg: 0.0, Max: 0.0, Diff: 0.0, Sum: 0.2]
      [Object Copy (ms): Min: 0.0, Avg: 0.2, Max: 0.3, Diff: 0.3, Sum: 1.5]
      [Termination (ms): Min: 0.0, Avg: 0.1, Max: 0.1, Diff: 0.1, Sum: 0.6]
      [GC Worker Other (ms): Min: 0.0, Avg: 0.0, Max: 0.0, Diff: 0.0, Sum: 0.1]
      [GC Worker Total (ms): Min: 0.0, Avg: 0.5, Max: 0.7, Diff: 0.7, Sum: 3.7]
      [GC Worker End (ms): Min: 790.7, Avg: 790.7, Max: 790.7, Diff: 0.0]
   [Code Root Fixup: 0.0 ms]
   [Clear CT: 0.1 ms]
   [Other: 0.4 ms]
      [Choose CSet: 0.0 ms]
      [Ref Proc: 0.2 ms]
      [Ref Enq: 0.0 ms]
      [Free CSet: 0.1 ms]
   [Eden: 150.0M(150.0M)->0.0B(151.0M) Survivors: 3072.0K->2048.0K Heap: 156.9M(256.0M)->5557.2K(256.0M)]
 [Times: user=0.00 sys=0.00, real=0.00 secs] 
0.804: [GC pause (young)0.805: [SoftReference, 0 refs, 0.0000120 secs]0.805: [WeakReference, 0 refs, 0.0000030 secs]0.805: [FinalReference, 0 refs, 0.0000030 secs]0.805: [PhantomReference, 0 refs, 0.0000020 secs]0.805: [JNI Weak Reference, 0.0000020 secs], 0.0011800 secs]
   [Parallel Time: 0.8 ms, GC Workers: 8]
      [GC Worker Start (ms): Min: 804.2, Avg: 804.6, Max: 805.0, Diff: 0.8]
      [Ext Root Scanning (ms): Min: 0.0, Avg: 0.1, Max: 0.3, Diff: 0.3, Sum: 1.2]
      [Update RS (ms): Min: 0.0, Avg: 0.0, Max: 0.0, Diff: 0.0, Sum: 0.1]
         [Processed Buffers: Min: 0, Avg: 1.0, Max: 6, Diff: 6, Sum: 8]
      [Scan RS (ms): Min: 0.0, Avg: 0.0, Max: 0.1, Diff: 0.1, Sum: 0.2]
      [Object Copy (ms): Min: 0.0, Avg: 0.1, Max: 0.3, Diff: 0.3, Sum: 1.0]
      [Termination (ms): Min: 0.0, Avg: 0.1, Max: 0.1, Diff: 0.1, Sum: 0.7]
      [GC Worker Other (ms): Min: 0.0, Avg: 0.0, Max: 0.0, Diff: 0.0, Sum: 0.1]
      [GC Worker Total (ms): Min: 0.0, Avg: 0.4, Max: 0.8, Diff: 0.8, Sum: 3.2]
      [GC Worker End (ms): Min: 805.0, Avg: 805.0, Max: 805.0, Diff: 0.0]
   [Code Root Fixup: 0.0 ms]
   [Clear CT: 0.1 ms]
   [Other: 0.3 ms]
      [Choose CSet: 0.0 ms]
      [Ref Proc: 0.2 ms]
      [Ref Enq: 0.0 ms]
      [Free CSet: 0.1 ms]
   [Eden: 151.0M(151.0M)->0.0B(152.0M) Survivors: 2048.0K->1024.0K Heap: 156.4M(256.0M)->5171.5K(256.0M)]
 [Times: user=0.00 sys=0.00, real=0.00 secs] 
0.821: [GC pause (young)0.822: [SoftReference, 0 refs, 0.0000270 secs]0.822: [WeakReference, 0 refs, 0.0000030 secs]0.822: [FinalReference, 0 refs, 0.0000130 secs]0.822: [PhantomReference, 0 refs, 0.0000040 secs]0.822: [JNI Weak Reference, 0.0000020 secs], 0.0011050 secs]
   [Parallel Time: 0.7 ms, GC Workers: 8]
      [GC Worker Start (ms): Min: 821.0, Avg: 821.2, Max: 821.7, Diff: 0.6]
      [Ext Root Scanning (ms): Min: 0.0, Avg: 0.2, Max: 0.3, Diff: 0.3, Sum: 1.5]
      [Update RS (ms): Min: 0.0, Avg: 0.0, Max: 0.0, Diff: 0.0, Sum: 0.0]
         [Processed Buffers: Min: 0, Avg: 0.8, Max: 3, Diff: 3, Sum: 6]
      [Scan RS (ms): Min: 0.0, Avg: 0.0, Max: 0.1, Diff: 0.1, Sum: 0.2]
      [Object Copy (ms): Min: 0.0, Avg: 0.2, Max: 0.2, Diff: 0.2, Sum: 1.4]
      [Termination (ms): Min: 0.0, Avg: 0.1, Max: 0.1, Diff: 0.1, Sum: 0.5]
      [GC Worker Other (ms): Min: 0.0, Avg: 0.0, Max: 0.0, Diff: 0.0, Sum: 0.0]
      [GC Worker Total (ms): Min: 0.0, Avg: 0.5, Max: 0.6, Diff: 0.6, Sum: 3.7]
      [GC Worker End (ms): Min: 821.7, Avg: 821.7, Max: 821.7, Diff: 0.0]
   [Code Root Fixup: 0.0 ms]
   [Clear CT: 0.1 ms]
   [Other: 0.3 ms]
      [Choose CSet: 0.0 ms]
      [Ref Proc: 0.2 ms]
      [Ref Enq: 0.0 ms]
      [Free CSet: 0.1 ms]
   [Eden: 152.0M(152.0M)->0.0B(152.0M) Survivors: 1024.0K->1024.0K Heap: 157.1M(256.0M)->5224.1K(256.0M)]
 [Times: user=0.00 sys=0.00, real=0.00 secs] 
0.836: [GC pause (young)0.836: [SoftReference, 0 refs, 0.0000140 secs]0.836: [WeakReference, 0 refs, 0.0000030 secs]0.836: [FinalReference, 0 refs, 0.0000030 secs]0.836: [PhantomReference, 0 refs, 0.0000020 secs]0.836: [JNI Weak Reference, 0.0000110 secs], 0.0011410 secs]
   [Parallel Time: 0.6 ms, GC Workers: 8]
      [GC Worker Start (ms): Min: 835.6, Avg: 835.7, Max: 836.0, Diff: 0.4]
      [Ext Root Scanning (ms): Min: 0.0, Avg: 0.2, Max: 0.3, Diff: 0.2, Sum: 1.6]
      [Update RS (ms): Min: 0.0, Avg: 0.0, Max: 0.0, Diff: 0.0, Sum: 0.0]
         [Processed Buffers: Min: 0, Avg: 0.9, Max: 6, Diff: 6, Sum: 7]
      [Scan RS (ms): Min: 0.0, Avg: 0.0, Max: 0.0, Diff: 0.0, Sum: 0.2]
      [Object Copy (ms): Min: 0.1, Avg: 0.2, Max: 0.3, Diff: 0.2, Sum: 1.7]
      [Termination (ms): Min: 0.0, Avg: 0.0, Max: 0.0, Diff: 0.0, Sum: 0.0]
      [GC Worker Other (ms): Min: 0.0, Avg: 0.0, Max: 0.1, Diff: 0.1, Sum: 0.3]
      [GC Worker Total (ms): Min: 0.1, Avg: 0.5, Max: 0.6, Diff: 0.4, Sum: 3.9]
      [GC Worker End (ms): Min: 836.1, Avg: 836.2, Max: 836.2, Diff: 0.1]
   [Code Root Fixup: 0.0 ms]
   [Clear CT: 0.2 ms]
   [Other: 0.3 ms]
      [Choose CSet: 0.0 ms]
      [Ref Proc: 0.2 ms]
      [Ref Enq: 0.0 ms]
      [Free CSet: 0.1 ms]
   [Eden: 152.0M(152.0M)->0.0B(150.0M) Survivors: 1024.0K->3072.0K Heap: 157.1M(256.0M)->6649.0K(256.0M)]
 [Times: user=0.00 sys=0.00, real=0.00 secs] 
0.851: [GC pause (young)0.852: [SoftReference, 0 refs, 0.0000130 secs]0.852: [WeakReference, 0 refs, 0.0000030 secs]0.852: [FinalReference, 0 refs, 0.0000020 secs]0.852: [PhantomReference, 0 refs, 0.0000020 secs]0.852: [JNI Weak Reference, 0.0000020 secs], 0.0011410 secs]
   [Parallel Time: 0.7 ms, GC Workers: 8]
      [GC Worker Start (ms): Min: 851.4, Avg: 851.6, Max: 852.1, Diff: 0.7]
      [Ext Root Scanning (ms): Min: 0.0, Avg: 0.2, Max: 0.6, Diff: 0.6, Sum: 1.9]
      [Update RS (ms): Min: 0.0, Avg: 0.0, Max: 0.0, Diff: 0.0, Sum: 0.0]
         [Processed Buffers: Min: 0, Avg: 1.2, Max: 6, Diff: 6, Sum: 10]
      [Scan RS (ms): Min: 0.0, Avg: 0.0, Max: 0.1, Diff: 0.0, Sum: 0.2]
      [Object Copy (ms): Min: 0.0, Avg: 0.2, Max: 0.3, Diff: 0.3, Sum: 1.3]
      [Termination (ms): Min: 0.0, Avg: 0.1, Max: 0.1, Diff: 0.1, Sum: 0.6]
      [GC Worker Other (ms): Min: 0.0, Avg: 0.0, Max: 0.0, Diff: 0.0, Sum: 0.0]
      [GC Worker Total (ms): Min: 0.0, Avg: 0.5, Max: 0.7, Diff: 0.7, Sum: 4.1]
      [GC Worker End (ms): Min: 852.1, Avg: 852.2, Max: 852.2, Diff: 0.0]
   [Code Root Fixup: 0.0 ms]
   [Clear CT: 0.1 ms]
   [Other: 0.3 ms]
      [Choose CSet: 0.0 ms]
      [Ref Proc: 0.2 ms]
      [Ref Enq: 0.0 ms]
      [Free CSet: 0.1 ms]
   [Eden: 150.0M(150.0M)->0.0B(151.0M) Survivors: 3072.0K->2048.0K Heap: 156.5M(256.0M)->6128.3K(256.0M)]
 [Times: user=0.00 sys=0.00, real=0.01 secs] 
0.868: [GC pause (young)0.869: [SoftReference, 0 refs, 0.0000160 secs]0.869: [WeakReference, 0 refs, 0.0000020 secs]0.869: [FinalReference, 0 refs, 0.0000020 secs]0.869: [PhantomReference, 0 refs, 0.0000020 secs]0.869: [JNI Weak Reference, 0.0000020 secs], 0.0012230 secs]
   [Parallel Time: 0.8 ms, GC Workers: 8]
      [GC Worker Start (ms): Min: 868.0, Avg: 868.2, Max: 868.8, Diff: 0.8]
      [Ext Root Scanning (ms): Min: 0.0, Avg: 0.3, Max: 0.7, Diff: 0.7, Sum: 2.5]
      [Update RS (ms): Min: 0.0, Avg: 0.0, Max: 0.0, Diff: 0.0, Sum: 0.0]
         [Processed Buffers: Min: 0, Avg: 0.8, Max: 5, Diff: 5, Sum: 6]
      [Scan RS (ms): Min: 0.0, Avg: 0.0, Max: 0.1, Diff: 0.1, Sum: 0.2]
      [Object Copy (ms): Min: 0.0, Avg: 0.2, Max: 0.3, Diff: 0.3, Sum: 1.3]
      [Termination (ms): Min: 0.0, Avg: 0.1, Max: 0.1, Diff: 0.1, Sum: 0.6]
      [GC Worker Other (ms): Min: 0.0, Avg: 0.0, Max: 0.0, Diff: 0.0, Sum: 0.0]
      [GC Worker Total (ms): Min: 0.0, Avg: 0.6, Max: 0.8, Diff: 0.8, Sum: 4.6]
      [GC Worker End (ms): Min: 868.8, Avg: 868.8, Max: 868.8, Diff: 0.0]
   [Code Root Fixup: 0.0 ms]
   [Clear CT: 0.1 ms]
   [Other: 0.3 ms]
      [Choose CSet: 0.0 ms]
      [Ref Proc: 0.2 ms]
      [Ref Enq: 0.0 ms]
      [Free CSet: 0.1 ms]
   [Eden: 151.0M(151.0M)->0.0B(151.0M) Survivors: 2048.0K->2048.0K Heap: 157.0M(256.0M)->5656.5K(256.0M)]
 [Times: user=0.00 sys=0.01, real=0.00 secs] 
0.884: [GC pause (young)0.885: [SoftReference, 0 refs, 0.0000150 secs]0.885: [WeakReference, 0 refs, 0.0000030 secs]0.885: [FinalReference, 0 refs, 0.0000030 secs]0.885: [PhantomReference, 0 refs, 0.0000030 secs]0.885: [JNI Weak Reference, 0.0000030 secs], 0.0013980 secs]
   [Parallel Time: 1.0 ms, GC Workers: 8]
      [GC Worker Start (ms): Min: 884.0, Avg: 884.2, Max: 884.8, Diff: 0.8]
      [Ext Root Scanning (ms): Min: 0.0, Avg: 0.3, Max: 0.8, Diff: 0.8, Sum: 2.8]
      [Update RS (ms): Min: 0.0, Avg: 0.0, Max: 0.0, Diff: 0.0, Sum: 0.0]
         [Processed Buffers: Min: 0, Avg: 0.8, Max: 3, Diff: 3, Sum: 6]
      [Scan RS (ms): Min: 0.0, Avg: 0.0, Max: 0.1, Diff: 0.1, Sum: 0.2]
      [Object Copy (ms): Min: 0.0, Avg: 0.2, Max: 0.4, Diff: 0.4, Sum: 1.4]
      [Termination (ms): Min: 0.0, Avg: 0.1, Max: 0.2, Diff: 0.2, Sum: 0.8]
      [GC Worker Other (ms): Min: 0.0, Avg: 0.0, Max: 0.0, Diff: 0.0, Sum: 0.0]
      [GC Worker Total (ms): Min: 0.1, Avg: 0.7, Max: 0.9, Diff: 0.8, Sum: 5.2]
      [GC Worker End (ms): Min: 884.9, Avg: 884.9, Max: 884.9, Diff: 0.0]
   [Code Root Fixup: 0.0 ms]
   [Clear CT: 0.1 ms]
   [Other: 0.3 ms]
      [Choose CSet: 0.0 ms]
      [Ref Proc: 0.2 ms]
      [Ref Enq: 0.0 ms]
      [Free CSet: 0.1 ms]
   [Eden: 151.0M(151.0M)->0.0B(151.0M) Survivors: 2048.0K->2048.0K Heap: 156.5M(256.0M)->6089.1K(256.0M)]
 [Times: user=0.00 sys=0.00, real=0.00 secs] 
0.901: [GC pause (young)0.902: [SoftReference, 0 refs, 0.0000130 secs]0.902: [WeakReference, 0 refs, 0.0000030 secs]0.902: [FinalReference, 0 refs, 0.0000030 secs]0.902: [PhantomReference, 0 refs, 0.0000020 secs]0.902: [JNI Weak Reference, 0.0000110 secs], 0.0011020 secs]
   [Parallel Time: 0.7 ms, GC Workers: 8]
      [GC Worker Start (ms): Min: 901.4, Avg: 901.6, Max: 902.0, Diff: 0.6]
      [Ext Root Scanning (ms): Min: 0.0, Avg: 0.2, Max: 0.3, Diff: 0.3, Sum: 1.4]
      [Update RS (ms): Min: 0.0, Avg: 0.0, Max: 0.0, Diff: 0.0, Sum: 0.0]
         [Processed Buffers: Min: 0, Avg: 0.8, Max: 3, Diff: 3, Sum: 6]
      [Scan RS (ms): Min: 0.0, Avg: 0.0, Max: 0.1, Diff: 0.1, Sum: 0.2]
      [Object Copy (ms): Min: 0.0, Avg: 0.2, Max: 0.3, Diff: 0.3, Sum: 1.2]
      [Termination (ms): Min: 0.0, Avg: 0.1, Max: 0.1, Diff: 0.1, Sum: 0.5]
      [GC Worker Other (ms): Min: 0.0, Avg: 0.0, Max: 0.0, Diff: 0.0, Sum: 0.2]
      [GC Worker Total (ms): Min: 0.0, Avg: 0.5, Max: 0.7, Diff: 0.6, Sum: 3.7]
      [GC Worker End (ms): Min: 902.1, Avg: 902.1, Max: 902.1, Diff: 0.0]
   [Code Root Fixup: 0.0 ms]
   [Clear CT: 0.1 ms]
   [Other: 0.3 ms]
      [Choose CSet: 0.0 ms]
      [Ref Proc: 0.2 ms]
      [Ref Enq: 0.0 ms]
      [Free CSet: 0.1 ms]
   [Eden: 151.0M(151.0M)->0.0B(151.0M) Survivors: 2048.0K->2048.0K Heap: 156.9M(256.0M)->6619.7K(256.0M)]
 [Times: user=0.01 sys=0.00, real=0.01 secs] 
0.915: [GC pause (young)0.916: [SoftReference, 0 refs, 0.0000330 secs]0.916: [WeakReference, 0 refs, 0.0000020 secs]0.916: [FinalReference, 0 refs, 0.0000020 secs]0.916: [PhantomReference, 0 refs, 0.0000020 secs]0.916: [JNI Weak Reference, 0.0000030 secs], 0.0009510 secs]
   [Parallel Time: 0.6 ms, GC Workers: 8]
      [GC Worker Start (ms): Min: 915.0, Avg: 915.1, Max: 915.3, Diff: 0.3]
      [Ext Root Scanning (ms): Min: 0.0, Avg: 0.2, Max: 0.3, Diff: 0.2, Sum: 1.5]
      [Update RS (ms): Min: 0.0, Avg: 0.0, Max: 0.0, Diff: 0.0, Sum: 0.1]
         [Processed Buffers: Min: 0, Avg: 0.9, Max: 3, Diff: 3, Sum: 7]
      [Scan RS (ms): Min: 0.0, Avg: 0.0, Max: 0.1, Diff: 0.1, Sum: 0.3]
      [Object Copy (ms): Min: 0.2, Avg: 0.2, Max: 0.3, Diff: 0.1, Sum: 1.5]
      [Termination (ms): Min: 0.0, Avg: 0.0, Max: 0.0, Diff: 0.0, Sum: 0.0]
      [GC Worker Other (ms): Min: 0.0, Avg: 0.0, Max: 0.0, Diff: 0.0, Sum: 0.1]
      [GC Worker Total (ms): Min: 0.3, Avg: 0.4, Max: 0.5, Diff: 0.3, Sum: 3.4]
      [GC Worker End (ms): Min: 915.5, Avg: 915.5, Max: 915.5, Diff: 0.0]
   [Code Root Fixup: 0.0 ms]
   [Clear CT: 0.1 ms]
   [Other: 0.3 ms]
      [Choose CSet: 0.0 ms]
      [Ref Proc: 0.2 ms]
      [Ref Enq: 0.0 ms]
      [Free CSet: 0.1 ms]
   [Eden: 151.0M(151.0M)->0.0B(150.0M) Survivors: 2048.0K->3072.0K Heap: 157.5M(256.0M)->6670.0K(256.0M)]
 [Times: user=0.01 sys=0.00, real=0.00 secs] 
0.927: [GC pause (young)0.928: [SoftReference, 0 refs, 0.0000250 secs]0.928: [WeakReference, 0 refs, 0.0000020 secs]0.928: [FinalReference, 0 refs, 0.0000020 secs]0.928: [PhantomReference, 0 refs, 0.0000020 secs]0.928: [JNI Weak Reference, 0.0000020 secs], 0.0010630 secs]
   [Parallel Time: 0.7 ms, GC Workers: 8]
      [GC Worker Start (ms): Min: 927.3, Avg: 927.5, Max: 928.0, Diff: 0.6]
      [Ext Root Scanning (ms): Min: 0.0, Avg: 0.2, Max: 0.3, Diff: 0.3, Sum: 1.3]
      [Update RS (ms): Min: 0.0, Avg: 0.0, Max: 0.0, Diff: 0.0, Sum: 0.0]
         [Processed Buffers: Min: 0, Avg: 1.2, Max: 5, Diff: 5, Sum: 10]
      [Scan RS (ms): Min: 0.0, Avg: 0.0, Max: 0.0, Diff: 0.0, Sum: 0.2]
      [Object Copy (ms): Min: 0.0, Avg: 0.2, Max: 0.4, Diff: 0.4, Sum: 1.6]
      [Termination (ms): Min: 0.0, Avg: 0.1, Max: 0.1, Diff: 0.1, Sum: 0.5]
      [GC Worker Other (ms): Min: 0.0, Avg: 0.0, Max: 0.0, Diff: 0.0, Sum: 0.1]
      [GC Worker Total (ms): Min: 0.0, Avg: 0.5, Max: 0.7, Diff: 0.7, Sum: 3.7]
      [GC Worker End (ms): Min: 928.0, Avg: 928.0, Max: 928.0, Diff: 0.0]
   [Code Root Fixup: 0.0 ms]
   [Clear CT: 0.1 ms]
   [Other: 0.3 ms]
      [Choose CSet: 0.0 ms]
      [Ref Proc: 0.2 ms]
      [Ref Enq: 0.0 ms]
      [Free CSet: 0.1 ms]
   [Eden: 150.0M(150.0M)->0.0B(150.0M) Survivors: 3072.0K->3072.0K Heap: 156.5M(256.0M)->7329.6K(256.0M)]
 [Times: user=0.01 sys=0.00, real=0.00 secs] 
0.940: [GC pause (young)0.941: [SoftReference, 0 refs, 0.0000130 secs]0.941: [WeakReference, 0 refs, 0.0000030 secs]0.941: [FinalReference, 0 refs, 0.0000020 secs]0.941: [PhantomReference, 0 refs, 0.0000020 secs]0.941: [JNI Weak Reference, 0.0000120 secs], 0.0010990 secs]
   [Parallel Time: 0.7 ms, GC Workers: 8]
      [GC Worker Start (ms): Min: 940.0, Avg: 940.3, Max: 940.7, Diff: 0.7]
      [Ext Root Scanning (ms): Min: 0.0, Avg: 0.2, Max: 0.3, Diff: 0.3, Sum: 1.3]
      [Update RS (ms): Min: 0.0, Avg: 0.0, Max: 0.0, Diff: 0.0, Sum: 0.1]
         [Processed Buffers: Min: 0, Avg: 0.9, Max: 4, Diff: 4, Sum: 7]
      [Scan RS (ms): Min: 0.0, Avg: 0.0, Max: 0.1, Diff: 0.1, Sum: 0.2]
      [Object Copy (ms): Min: 0.0, Avg: 0.2, Max: 0.3, Diff: 0.3, Sum: 1.3]
      [Termination (ms): Min: 0.0, Avg: 0.1, Max: 0.1, Diff: 0.1, Sum: 0.6]
      [GC Worker Other (ms): Min: 0.0, Avg: 0.0, Max: 0.0, Diff: 0.0, Sum: 0.0]
      [GC Worker Total (ms): Min: 0.0, Avg: 0.4, Max: 0.7, Diff: 0.7, Sum: 3.5]
      [GC Worker End (ms): Min: 940.7, Avg: 940.7, Max: 940.8, Diff: 0.0]
   [Code Root Fixup: 0.0 ms]
   [Clear CT: 0.1 ms]
   [Other: 0.2 ms]
      [Choose CSet: 0.0 ms]
      [Ref Proc: 0.2 ms]
      [Ref Enq: 0.0 ms]
      [Free CSet: 0.1 ms]
   [Eden: 150.0M(150.0M)->0.0B(150.0M) Survivors: 3072.0K->3072.0K Heap: 157.2M(256.0M)->7690.0K(256.0M)]
 [Times: user=0.00 sys=0.00, real=0.00 secs] 
0.954: [GC pause (young)0.955: [SoftReference, 0 refs, 0.0000140 secs]0.955: [WeakReference, 0 refs, 0.0000030 secs]0.955: [FinalReference, 0 refs, 0.0000030 secs]0.955: [PhantomReference, 0 refs, 0.0000020 secs]0.955: [JNI Weak Reference, 0.0000020 secs], 0.0021380 secs]
   [Parallel Time: 0.9 ms, GC Workers: 8]
      [GC Worker Start (ms): Min: 953.8, Avg: 954.1, Max: 954.6, Diff: 0.8]
      [Ext Root Scanning (ms): Min: 0.0, Avg: 0.2, Max: 0.5, Diff: 0.5, Sum: 1.9]
      [Update RS (ms): Min: 0.0, Avg: 0.0, Max: 0.0, Diff: 0.0, Sum: 0.1]
         [Processed Buffers: Min: 0, Avg: 0.8, Max: 4, Diff: 4, Sum: 6]
      [Scan RS (ms): Min: 0.0, Avg: 0.0, Max: 0.1, Diff: 0.1, Sum: 0.2]
      [Object Copy (ms): Min: 0.0, Avg: 0.2, Max: 0.3, Diff: 0.3, Sum: 1.5]
      [Termination (ms): Min: 0.0, Avg: 0.1, Max: 0.1, Diff: 0.1, Sum: 0.6]
      [GC Worker Other (ms): Min: 0.0, Avg: 0.0, Max: 0.0, Diff: 0.0, Sum: 0.0]
      [GC Worker Total (ms): Min: 0.0, Avg: 0.5, Max: 0.8, Diff: 0.8, Sum: 4.4]
      [GC Worker End (ms): Min: 954.7, Avg: 954.7, Max: 954.7, Diff: 0.0]
   [Code Root Fixup: 0.0 ms]
   [Clear CT: 0.9 ms]
   [Other: 0.4 ms]
      [Choose CSet: 0.0 ms]
      [Ref Proc: 0.2 ms]
      [Ref Enq: 0.0 ms]
      [Free CSet: 0.1 ms]
   [Eden: 150.0M(150.0M)->0.0B(152.0M) Survivors: 3072.0K->1024.0K Heap: 157.5M(256.0M)->5343.2K(256.0M)]
 [Times: user=0.00 sys=0.00, real=0.00 secs] 
0.975: [GC pause (young)0.977: [SoftReference, 0 refs, 0.0000200 secs]0.977: [WeakReference, 0 refs, 0.0000040 secs]0.977: [FinalReference, 0 refs, 0.0000040 secs]0.977: [PhantomReference, 0 refs, 0.0000030 secs]0.977: [JNI Weak Reference, 0.0000040 secs], 0.0022990 secs]
   [Parallel Time: 1.7 ms, GC Workers: 8]
      [GC Worker Start (ms): Min: 974.8, Avg: 975.3, Max: 975.9, Diff: 1.2]
      [Ext Root Scanning (ms): Min: 0.0, Avg: 0.2, Max: 0.5, Diff: 0.5, Sum: 1.6]
      [Update RS (ms): Min: 0.0, Avg: 0.0, Max: 0.0, Diff: 0.0, Sum: 0.1]
         [Processed Buffers: Min: 0, Avg: 1.0, Max: 7, Diff: 7, Sum: 8]
      [Scan RS (ms): Min: 0.0, Avg: 0.0, Max: 0.1, Diff: 0.1, Sum: 0.3]
      [Object Copy (ms): Min: 0.0, Avg: 0.3, Max: 0.6, Diff: 0.6, Sum: 2.1]
      [Termination (ms): Min: 0.0, Avg: 0.5, Max: 0.6, Diff: 0.6, Sum: 4.0]
      [GC Worker Other (ms): Min: 0.0, Avg: 0.0, Max: 0.0, Diff: 0.0, Sum: 0.1]
      [GC Worker Total (ms): Min: 0.0, Avg: 1.0, Max: 1.6, Diff: 1.6, Sum: 8.0]
      [GC Worker End (ms): Min: 976.0, Avg: 976.3, Max: 976.4, Diff: 0.5]
   [Code Root Fixup: 0.0 ms]
   [Clear CT: 0.1 ms]
   [Other: 0.5 ms]
      [Choose CSet: 0.0 ms]
      [Ref Proc: 0.3 ms]
      [Ref Enq: 0.0 ms]
      [Free CSet: 0.1 ms]
   [Eden: 152.0M(152.0M)->0.0B(150.0M) Survivors: 1024.0K->3072.0K Heap: 157.2M(256.0M)->6745.7K(256.0M)]
 [Times: user=0.01 sys=0.00, real=0.00 secs] 
0.993: [GC pause (young)0.997: [SoftReference, 0 refs, 0.0000230 secs]0.997: [WeakReference, 0 refs, 0.0000060 secs]0.997: [FinalReference, 0 refs, 0.0000040 secs]0.997: [PhantomReference, 0 refs, 0.0000050 secs]0.997: [JNI Weak Reference, 0.0000040 secs], 0.0035260 secs]
   [Parallel Time: 2.8 ms, GC Workers: 8]
      [GC Worker Start (ms): Min: 993.4, Avg: 994.9, Max: 995.9, Diff: 2.5]
      [Ext Root Scanning (ms): Min: 0.0, Avg: 0.6, Max: 1.7, Diff: 1.7, Sum: 4.9]
      [Update RS (ms): Min: 0.0, Avg: 0.0, Max: 0.1, Diff: 0.1, Sum: 0.1]
         [Processed Buffers: Min: 0, Avg: 0.8, Max: 6, Diff: 6, Sum: 6]
      [Scan RS (ms): Min: 0.0, Avg: 0.0, Max: 0.1, Diff: 0.1, Sum: 0.2]
      [Object Copy (ms): Min: 0.0, Avg: 0.3, Max: 0.7, Diff: 0.7, Sum: 2.1]
      [Termination (ms): Min: 0.0, Avg: 0.2, Max: 0.4, Diff: 0.4, Sum: 1.6]
      [GC Worker Other (ms): Min: 0.0, Avg: 0.0, Max: 0.0, Diff: 0.0, Sum: 0.1]
      [GC Worker Total (ms): Min: 0.0, Avg: 1.1, Max: 2.7, Diff: 2.6, Sum: 8.9]
      [GC Worker End (ms): Min: 995.9, Avg: 996.0, Max: 996.2, Diff: 0.3]
   [Code Root Fixup: 0.0 ms]
   [Clear CT: 0.1 ms]
   [Other: 0.6 ms]
      [Choose CSet: 0.0 ms]
      [Ref Proc: 0.4 ms]
      [Ref Enq: 0.0 ms]
      [Free CSet: 0.1 ms]
   [Eden: 150.0M(150.0M)->0.0B(151.0M) Survivors: 3072.0K->2048.0K Heap: 156.6M(256.0M)->6270.8K(256.0M)]
 [Times: user=0.01 sys=0.00, real=0.00 secs] 
1.013: [GC pause (young)1.015: [SoftReference, 0 refs, 0.0000200 secs]1.015: [WeakReference, 0 refs, 0.0000050 secs]1.015: [FinalReference, 0 refs, 0.0000050 secs]1.015: [PhantomReference, 0 refs, 0.0000040 secs]1.015: [JNI Weak Reference, 0.0000040 secs], 0.0021040 secs]
   [Parallel Time: 1.3 ms, GC Workers: 8]
      [GC Worker Start (ms): Min: 1013.3, Avg: 1013.9, Max: 1014.4, Diff: 1.1]
      [Ext Root Scanning (ms): Min: 0.0, Avg: 0.2, Max: 0.5, Diff: 0.5, Sum: 1.4]
      [Update RS (ms): Min: 0.0, Avg: 0.0, Max: 0.0, Diff: 0.0, Sum: 0.0]
         [Processed Buffers: Min: 0, Avg: 0.6, Max: 3, Diff: 3, Sum: 5]
      [Scan RS (ms): Min: 0.0, Avg: 0.0, Max: 0.1, Diff: 0.1, Sum: 0.2]
      [Object Copy (ms): Min: 0.0, Avg: 0.2, Max: 0.4, Diff: 0.4, Sum: 1.4]
      [Termination (ms): Min: 0.0, Avg: 0.2, Max: 0.3, Diff: 0.3, Sum: 1.3]
      [GC Worker Other (ms): Min: 0.0, Avg: 0.0, Max: 0.0, Diff: 0.0, Sum: 0.0]
      [GC Worker Total (ms): Min: 0.0, Avg: 0.5, Max: 1.2, Diff: 1.2, Sum: 4.4]
      [GC Worker End (ms): Min: 1014.4, Avg: 1014.4, Max: 1014.5, Diff: 0.1]
   [Code Root Fixup: 0.0 ms]
   [Clear CT: 0.1 ms]
   [Other: 0.7 ms]
      [Choose CSet: 0.0 ms]
      [Ref Proc: 0.6 ms]
      [Ref Enq: 0.0 ms]
      [Free CSet: 0.1 ms]
   [Eden: 151.0M(151.0M)->0.0B(152.0M) Survivors: 2048.0K->1024.0K Heap: 157.1M(256.0M)->5040.0K(256.0M)]
 [Times: user=0.00 sys=0.00, real=0.00 secs] 
1.030: [GC pause (young)1.032: [SoftReference, 0 refs, 0.0000180 secs]1.032: [WeakReference, 0 refs, 0.0000050 secs]1.032: [FinalReference, 0 refs, 0.0000040 secs]1.032: [PhantomReference, 0 refs, 0.0000040 secs]1.032: [JNI Weak Reference, 0.0000040 secs], 0.0030430 secs]
   [Parallel Time: 1.1 ms, GC Workers: 8]
      [GC Worker Start (ms): Min: 1030.5, Avg: 1030.7, Max: 1031.0, Diff: 0.5]
      [Ext Root Scanning (ms): Min: 0.0, Avg: 0.2, Max: 0.3, Diff: 0.3, Sum: 1.5]
      [Update RS (ms): Min: 0.0, Avg: 0.0, Max: 0.0, Diff: 0.0, Sum: 0.1]
         [Processed Buffers: Min: 0, Avg: 0.8, Max: 2, Diff: 2, Sum: 6]
      [Scan RS (ms): Min: 0.0, Avg: 0.0, Max: 0.0, Diff: 0.0, Sum: 0.3]
      [Object Copy (ms): Min: 0.2, Avg: 0.2, Max: 0.4, Diff: 0.2, Sum: 1.9]
      [Termination (ms): Min: 0.0, Avg: 0.3, Max: 0.4, Diff: 0.4, Sum: 2.4]
      [GC Worker Other (ms): Min: 0.0, Avg: 0.0, Max: 0.0, Diff: 0.0, Sum: 0.0]
      [GC Worker Total (ms): Min: 0.5, Avg: 0.8, Max: 1.0, Diff: 0.5, Sum: 6.2]
      [GC Worker End (ms): Min: 1031.2, Avg: 1031.5, Max: 1031.6, Diff: 0.3]
   [Code Root Fixup: 0.0 ms]
   [Clear CT: 0.1 ms]
   [Other: 1.8 ms]
      [Choose CSet: 0.0 ms]
      [Ref Proc: 0.7 ms]
      [Ref Enq: 0.0 ms]
      [Free CSet: 0.1 ms]
   [Eden: 152.0M(152.0M)->0.0B(245.0M) Survivors: 1024.0K->1024.0K Heap: 156.9M(256.0M)->5500.5K(410.0M)]
 [Times: user=0.00 sys=0.00, real=0.01 secs] 
1.129: [GC pause (young)1.134: [SoftReference, 0 refs, 0.0000370 secs]1.135: [WeakReference, 0 refs, 0.0000040 secs]1.135: [FinalReference, 0 refs, 0.0000040 secs]1.135: [PhantomReference, 0 refs, 0.0000040 secs]1.135: [JNI Weak Reference, 0.0000030 secs], 0.0067940 secs]
   [Parallel Time: 5.5 ms, GC Workers: 8]
      [GC Worker Start (ms): Min: 1128.8, Avg: 1129.0, Max: 1129.4, Diff: 0.5]
      [Ext Root Scanning (ms): Min: 0.0, Avg: 0.2, Max: 0.5, Diff: 0.5, Sum: 1.9]
      [Update RS (ms): Min: 0.0, Avg: 0.0, Max: 0.0, Diff: 0.0, Sum: 0.1]
         [Processed Buffers: Min: 0, Avg: 1.0, Max: 5, Diff: 5, Sum: 8]
      [Scan RS (ms): Min: 0.0, Avg: 0.1, Max: 0.1, Diff: 0.1, Sum: 0.4]
      [Object Copy (ms): Min: 1.0, Avg: 2.7, Max: 4.9, Diff: 3.9, Sum: 21.9]
      [Termination (ms): Min: 0.0, Avg: 2.2, Max: 3.9, Diff: 3.9, Sum: 17.6]
      [GC Worker Other (ms): Min: 0.0, Avg: 0.0, Max: 0.0, Diff: 0.0, Sum: 0.1]
      [GC Worker Total (ms): Min: 4.9, Avg: 5.2, Max: 5.4, Diff: 0.5, Sum: 42.0]
      [GC Worker End (ms): Min: 1134.2, Avg: 1134.2, Max: 1134.3, Diff: 0.0]
   [Code Root Fixup: 0.0 ms]
   [Clear CT: 0.1 ms]
   [Other: 1.2 ms]
      [Choose CSet: 0.0 ms]
      [Ref Proc: 0.3 ms]
      [Ref Enq: 0.0 ms]
      [Free CSet: 0.1 ms]
   [Eden: 245.0M(245.0M)->0.0B(313.0M) Survivors: 1024.0K->6144.0K Heap: 250.4M(410.0M)->10.0M(533.0M)]
 [Times: user=0.02 sys=0.01, real=0.01 secs] 
1.205: [GC pause (young)1.206: [SoftReference, 0 refs, 0.0000160 secs]1.206: [WeakReference, 0 refs, 0.0000030 secs]1.206: [FinalReference, 0 refs, 0.0000030 secs]1.206: [PhantomReference, 0 refs, 0.0000020 secs]1.206: [JNI Weak Reference, 0.0000020 secs], 0.0016520 secs]
   [Parallel Time: 1.1 ms, GC Workers: 8]
      [GC Worker Start (ms): Min: 1205.2, Avg: 1205.6, Max: 1206.2, Diff: 1.0]
      [Ext Root Scanning (ms): Min: 0.0, Avg: 0.1, Max: 0.4, Diff: 0.4, Sum: 1.1]
      [Update RS (ms): Min: 0.0, Avg: 0.0, Max: 0.0, Diff: 0.0, Sum: 0.0]
         [Processed Buffers: Min: 0, Avg: 1.0, Max: 6, Diff: 6, Sum: 8]
      [Scan RS (ms): Min: 0.0, Avg: 0.0, Max: 0.1, Diff: 0.1, Sum: 0.4]
      [Object Copy (ms): Min: 0.0, Avg: 0.3, Max: 0.6, Diff: 0.6, Sum: 2.5]
      [Termination (ms): Min: 0.0, Avg: 0.1, Max: 0.1, Diff: 0.1, Sum: 0.6]
      [GC Worker Other (ms): Min: 0.0, Avg: 0.0, Max: 0.3, Diff: 0.3, Sum: 0.3]
      [GC Worker Total (ms): Min: 0.0, Avg: 0.6, Max: 1.1, Diff: 1.1, Sum: 5.0]
      [GC Worker End (ms): Min: 1206.2, Avg: 1206.3, Max: 1206.3, Diff: 0.0]
   [Code Root Fixup: 0.0 ms]
   [Clear CT: 0.1 ms]
   [Other: 0.4 ms]
      [Choose CSet: 0.0 ms]
      [Ref Proc: 0.2 ms]
      [Ref Enq: 0.0 ms]
      [Free CSet: 0.1 ms]
   [Eden: 313.0M(313.0M)->0.0B(318.0M) Survivors: 6144.0K->1024.0K Heap: 323.0M(533.0M)->5476.2K(533.0M)]
 [Times: user=0.00 sys=0.00, real=0.00 secs] 
1.251: [GC pause (young)1.254: [SoftReference, 0 refs, 0.0000200 secs]1.254: [WeakReference, 0 refs, 0.0000040 secs]1.254: [FinalReference, 0 refs, 0.0000040 secs]1.254: [PhantomReference, 0 refs, 0.0000040 secs]1.254: [JNI Weak Reference, 0.0000040 secs], 0.0034260 secs]
   [Parallel Time: 2.7 ms, GC Workers: 8]
      [GC Worker Start (ms): Min: 1251.4, Avg: 1253.3, Max: 1254.0, Diff: 2.6]
      [Ext Root Scanning (ms): Min: 0.0, Avg: 0.2, Max: 0.7, Diff: 0.7, Sum: 1.2]
      [Update RS (ms): Min: 0.0, Avg: 0.0, Max: 0.0, Diff: 0.0, Sum: 0.0]
         [Processed Buffers: Min: 0, Avg: 1.0, Max: 8, Diff: 8, Sum: 8]
      [Scan RS (ms): Min: 0.0, Avg: 0.1, Max: 0.2, Diff: 0.2, Sum: 0.4]
      [Object Copy (ms): Min: 0.0, Avg: 0.3, Max: 1.4, Diff: 1.4, Sum: 2.2]
      [Termination (ms): Min: 0.0, Avg: 0.2, Max: 0.3, Diff: 0.3, Sum: 1.5]
      [GC Worker Other (ms): Min: 0.0, Avg: 0.0, Max: 0.0, Diff: 0.0, Sum: 0.0]
      [GC Worker Total (ms): Min: 0.0, Avg: 0.7, Max: 2.6, Diff: 2.6, Sum: 5.4]
      [GC Worker End (ms): Min: 1254.0, Avg: 1254.0, Max: 1254.0, Diff: 0.0]
   [Code Root Fixup: 0.0 ms]
   [Clear CT: 0.1 ms]
   [Other: 0.6 ms]
      [Choose CSet: 0.0 ms]
      [Ref Proc: 0.4 ms]
      [Ref Enq: 0.0 ms]
      [Free CSet: 0.2 ms]
   [Eden: 318.0M(318.0M)->0.0B(317.0M) Survivors: 1024.0K->2048.0K Heap: 323.3M(533.0M)->5854.7K(533.0M)]
 [Times: user=0.01 sys=0.00, real=0.01 secs] 
1.297: [GC pause (young)1.298: [SoftReference, 0 refs, 0.0000170 secs]1.298: [WeakReference, 0 refs, 0.0000040 secs]1.298: [FinalReference, 0 refs, 0.0000040 secs]1.298: [PhantomReference, 0 refs, 0.0000140 secs]1.298: [JNI Weak Reference, 0.0000030 secs], 0.0017450 secs]
   [Parallel Time: 1.2 ms, GC Workers: 8]
      [GC Worker Start (ms): Min: 1297.1, Avg: 1297.6, Max: 1298.2, Diff: 1.1]
      [Ext Root Scanning (ms): Min: 0.0, Avg: 0.2, Max: 0.4, Diff: 0.4, Sum: 1.3]
      [Update RS (ms): Min: 0.0, Avg: 0.0, Max: 0.0, Diff: 0.0, Sum: 0.0]
         [Processed Buffers: Min: 0, Avg: 0.5, Max: 3, Diff: 3, Sum: 4]
      [Scan RS (ms): Min: 0.0, Avg: 0.1, Max: 0.1, Diff: 0.1, Sum: 0.4]
      [Object Copy (ms): Min: 0.0, Avg: 0.2, Max: 0.5, Diff: 0.5, Sum: 1.9]
      [Termination (ms): Min: 0.0, Avg: 0.1, Max: 0.2, Diff: 0.2, Sum: 0.9]
      [GC Worker Other (ms): Min: 0.0, Avg: 0.0, Max: 0.0, Diff: 0.0, Sum: 0.0]
      [GC Worker Total (ms): Min: 0.0, Avg: 0.6, Max: 1.1, Diff: 1.1, Sum: 4.5]
      [GC Worker End (ms): Min: 1298.2, Avg: 1298.2, Max: 1298.2, Diff: 0.0]
   [Code Root Fixup: 0.0 ms]
   [Clear CT: 0.1 ms]
   [Other: 0.5 ms]
      [Choose CSet: 0.0 ms]
      [Ref Proc: 0.3 ms]
      [Ref Enq: 0.0 ms]
      [Free CSet: 0.2 ms]
   [Eden: 317.0M(317.0M)->0.0B(318.0M) Survivors: 2048.0K->1024.0K Heap: 322.7M(533.0M)->5231.8K(533.0M)]
 [Times: user=0.01 sys=0.00, real=0.00 secs] 
1.341: [GC pause (young)1.343: [SoftReference, 0 refs, 0.0000210 secs]1.343: [WeakReference, 0 refs, 0.0000040 secs]1.343: [FinalReference, 0 refs, 0.0000050 secs]1.343: [PhantomReference, 0 refs, 0.0000030 secs]1.343: [JNI Weak Reference, 0.0000040 secs], 0.0018760 secs]
   [Parallel Time: 1.2 ms, GC Workers: 8]
      [GC Worker Start (ms): Min: 1341.2, Avg: 1341.7, Max: 1342.3, Diff: 1.1]
      [Ext Root Scanning (ms): Min: 0.0, Avg: 0.1, Max: 0.5, Diff: 0.5, Sum: 1.2]
      [Update RS (ms): Min: 0.0, Avg: 0.0, Max: 0.0, Diff: 0.0, Sum: 0.0]
         [Processed Buffers: Min: 0, Avg: 0.4, Max: 3, Diff: 3, Sum: 3]
      [Scan RS (ms): Min: 0.0, Avg: 0.1, Max: 0.2, Diff: 0.2, Sum: 0.5]
      [Object Copy (ms): Min: 0.0, Avg: 0.3, Max: 0.5, Diff: 0.5, Sum: 2.0]
      [Termination (ms): Min: 0.0, Avg: 0.1, Max: 0.2, Diff: 0.2, Sum: 0.8]
      [GC Worker Other (ms): Min: 0.0, Avg: 0.0, Max: 0.0, Diff: 0.0, Sum: 0.1]
      [GC Worker Total (ms): Min: 0.0, Avg: 0.6, Max: 1.1, Diff: 1.1, Sum: 4.6]
      [GC Worker End (ms): Min: 1342.3, Avg: 1342.3, Max: 1342.3, Diff: 0.0]
   [Code Root Fixup: 0.0 ms]
   [Clear CT: 0.2 ms]
   [Other: 0.5 ms]
      [Choose CSet: 0.0 ms]
      [Ref Proc: 0.3 ms]
      [Ref Enq: 0.0 ms]
      [Free CSet: 0.1 ms]
   [Eden: 318.0M(318.0M)->0.0B(316.0M) Survivors: 1024.0K->3072.0K Heap: 323.1M(533.0M)->6927.2K(533.0M)]
 [Times: user=0.01 sys=0.00, real=0.01 secs] 
1.381: [GC pause (young)1.381: [SoftReference, 0 refs, 0.0000140 secs]1.382: [WeakReference, 0 refs, 0.0000030 secs]1.382: [FinalReference, 0 refs, 0.0000030 secs]1.382: [PhantomReference, 0 refs, 0.0000020 secs]1.382: [JNI Weak Reference, 0.0000020 secs], 0.0013250 secs]
   [Parallel Time: 0.8 ms, GC Workers: 8]
      [GC Worker Start (ms): Min: 1380.6, Avg: 1380.7, Max: 1381.0, Diff: 0.5]
      [Ext Root Scanning (ms): Min: 0.0, Avg: 0.2, Max: 0.3, Diff: 0.3, Sum: 1.8]
      [Update RS (ms): Min: 0.0, Avg: 0.0, Max: 0.0, Diff: 0.0, Sum: 0.1]
         [Processed Buffers: Min: 0, Avg: 0.8, Max: 2, Diff: 2, Sum: 6]
      [Scan RS (ms): Min: 0.0, Avg: 0.1, Max: 0.1, Diff: 0.1, Sum: 0.6]
      [Object Copy (ms): Min: 0.2, Avg: 0.3, Max: 0.3, Diff: 0.2, Sum: 2.0]
      [Termination (ms): Min: 0.0, Avg: 0.1, Max: 0.1, Diff: 0.1, Sum: 0.5]
      [GC Worker Other (ms): Min: 0.0, Avg: 0.0, Max: 0.0, Diff: 0.0, Sum: 0.1]
      [GC Worker Total (ms): Min: 0.3, Avg: 0.6, Max: 0.7, Diff: 0.5, Sum: 5.2]
      [GC Worker End (ms): Min: 1381.3, Avg: 1381.3, Max: 1381.3, Diff: 0.0]
   [Code Root Fixup: 0.0 ms]
   [Clear CT: 0.2 ms]
   [Other: 0.4 ms]
      [Choose CSet: 0.0 ms]
      [Ref Proc: 0.2 ms]
      [Ref Enq: 0.0 ms]
      [Free CSet: 0.2 ms]
   [Eden: 316.0M(316.0M)->0.0B(318.0M) Survivors: 3072.0K->1024.0K Heap: 322.8M(533.0M)->5381.9K(533.0M)]
 [Times: user=0.00 sys=0.00, real=0.00 secs] 
1.414: [GC pause (young)1.415: [SoftReference, 0 refs, 0.0000250 secs]1.415: [WeakReference, 0 refs, 0.0000030 secs]1.415: [FinalReference, 0 refs, 0.0000020 secs]1.415: [PhantomReference, 0 refs, 0.0000030 secs]1.415: [JNI Weak Reference, 0.0000020 secs], 0.0013990 secs]
   [Parallel Time: 0.9 ms, GC Workers: 8]
      [GC Worker Start (ms): Min: 1414.3, Avg: 1414.7, Max: 1415.1, Diff: 0.8]
      [Ext Root Scanning (ms): Min: 0.0, Avg: 0.2, Max: 0.3, Diff: 0.3, Sum: 1.3]
      [Update RS (ms): Min: 0.0, Avg: 0.0, Max: 0.0, Diff: 0.0, Sum: 0.1]
         [Processed Buffers: Min: 0, Avg: 1.2, Max: 4, Diff: 4, Sum: 10]
      [Scan RS (ms): Min: 0.0, Avg: 0.0, Max: 0.1, Diff: 0.1, Sum: 0.3]
      [Object Copy (ms): Min: 0.0, Avg: 0.2, Max: 0.3, Diff: 0.3, Sum: 1.4]
      [Termination (ms): Min: 0.0, Avg: 0.1, Max: 0.1, Diff: 0.1, Sum: 0.5]
      [GC Worker Other (ms): Min: 0.0, Avg: 0.0, Max: 0.0, Diff: 0.0, Sum: 0.0]
      [GC Worker Total (ms): Min: 0.0, Avg: 0.4, Max: 0.9, Diff: 0.9, Sum: 3.6]
      [GC Worker End (ms): Min: 1415.1, Avg: 1415.1, Max: 1415.1, Diff: 0.0]
   [Code Root Fixup: 0.0 ms]
   [Clear CT: 0.1 ms]
   [Other: 0.4 ms]
      [Choose CSet: 0.0 ms]
      [Ref Proc: 0.2 ms]
      [Ref Enq: 0.0 ms]
      [Free CSet: 0.1 ms]
   [Eden: 318.0M(318.0M)->0.0B(318.0M) Survivors: 1024.0K->1024.0K Heap: 323.3M(533.0M)->5261.2K(533.0M)]
 [Times: user=0.00 sys=0.00, real=0.00 secs] 
1.448: [GC pause (young)1.449: [SoftReference, 0 refs, 0.0000350 secs]1.450: [WeakReference, 0 refs, 0.0000140 secs]1.450: [FinalReference, 0 refs, 0.0000040 secs]1.450: [PhantomReference, 0 refs, 0.0000040 secs]1.450: [JNI Weak Reference, 0.0000040 secs], 0.0016880 secs]
   [Parallel Time: 1.1 ms, GC Workers: 8]
      [GC Worker Start (ms): Min: 1448.3, Avg: 1448.7, Max: 1449.3, Diff: 1.0]
      [Ext Root Scanning (ms): Min: 0.0, Avg: 0.2, Max: 0.3, Diff: 0.3, Sum: 1.5]
      [Update RS (ms): Min: 0.0, Avg: 0.0, Max: 0.0, Diff: 0.0, Sum: 0.1]
         [Processed Buffers: Min: 0, Avg: 0.8, Max: 3, Diff: 3, Sum: 6]
      [Scan RS (ms): Min: 0.0, Avg: 0.1, Max: 0.1, Diff: 0.1, Sum: 0.5]
      [Object Copy (ms): Min: 0.0, Avg: 0.3, Max: 0.5, Diff: 0.5, Sum: 2.2]
      [Termination (ms): Min: 0.0, Avg: 0.1, Max: 0.1, Diff: 0.1, Sum: 0.6]
      [GC Worker Other (ms): Min: 0.0, Avg: 0.0, Max: 0.0, Diff: 0.0, Sum: 0.0]
      [GC Worker Total (ms): Min: 0.0, Avg: 0.6, Max: 1.0, Diff: 1.0, Sum: 4.9]
      [GC Worker End (ms): Min: 1449.3, Avg: 1449.3, Max: 1449.3, Diff: 0.0]
   [Code Root Fixup: 0.0 ms]
   [Clear CT: 0.2 ms]
   [Other: 0.5 ms]
      [Choose CSet: 0.0 ms]
      [Ref Proc: 0.2 ms]
      [Ref Enq: 0.0 ms]
      [Free CSet: 0.2 ms]
   [Eden: 318.0M(318.0M)->0.0B(316.0M) Survivors: 1024.0K->3072.0K Heap: 323.1M(533.0M)->7048.7K(533.0M)]
 [Times: user=0.01 sys=0.00, real=0.00 secs] 
1.481: [GC pause (young)1.483: [SoftReference, 0 refs, 0.0000240 secs]1.483: [WeakReference, 0 refs, 0.0000020 secs]1.483: [FinalReference, 0 refs, 0.0000020 secs]1.483: [PhantomReference, 0 refs, 0.0000020 secs]1.483: [JNI Weak Reference, 0.0000020 secs], 0.0014090 secs]
   [Parallel Time: 0.9 ms, GC Workers: 8]
      [GC Worker Start (ms): Min: 1481.5, Avg: 1481.6, Max: 1482.1, Diff: 0.6]
      [Ext Root Scanning (ms): Min: 0.0, Avg: 0.2, Max: 0.3, Diff: 0.3, Sum: 1.8]
      [Update RS (ms): Min: 0.0, Avg: 0.0, Max: 0.0, Diff: 0.0, Sum: 0.1]
         [Processed Buffers: Min: 0, Avg: 0.9, Max: 4, Diff: 4, Sum: 7]
      [Scan RS (ms): Min: 0.0, Avg: 0.1, Max: 0.1, Diff: 0.1, Sum: 0.6]
      [Object Copy (ms): Min: 0.2, Avg: 0.4, Max: 0.5, Diff: 0.3, Sum: 3.0]
      [Termination (ms): Min: 0.0, Avg: 0.1, Max: 0.1, Diff: 0.1, Sum: 0.6]
      [GC Worker Other (ms): Min: 0.0, Avg: 0.0, Max: 0.0, Diff: 0.0, Sum: 0.1]
      [GC Worker Total (ms): Min: 0.3, Avg: 0.8, Max: 0.9, Diff: 0.6, Sum: 6.1]
      [GC Worker End (ms): Min: 1482.4, Avg: 1482.4, Max: 1482.4, Diff: 0.0]
   [Code Root Fixup: 0.0 ms]
   [Clear CT: 0.1 ms]
   [Other: 0.4 ms]
      [Choose CSet: 0.0 ms]
      [Ref Proc: 0.2 ms]
      [Ref Enq: 0.0 ms]
      [Free CSet: 0.1 ms]
   [Eden: 316.0M(316.0M)->0.0B(316.0M) Survivors: 3072.0K->3072.0K Heap: 322.9M(533.0M)->7935.1K(533.0M)]
 [Times: user=0.01 sys=0.00, real=0.01 secs] 
1.514: [GC pause (young)1.515: [SoftReference, 0 refs, 0.0000140 secs]1.515: [WeakReference, 0 refs, 0.0000020 secs]1.515: [FinalReference, 0 refs, 0.0000120 secs]1.515: [PhantomReference, 0 refs, 0.0000020 secs]1.515: [JNI Weak Reference, 0.0000020 secs], 0.0014360 secs]
   [Parallel Time: 1.0 ms, GC Workers: 8]
      [GC Worker Start (ms): Min: 1514.2, Avg: 1514.6, Max: 1515.1, Diff: 0.9]
      [Ext Root Scanning (ms): Min: 0.0, Avg: 0.2, Max: 0.3, Diff: 0.3, Sum: 1.4]
      [Update RS (ms): Min: 0.0, Avg: 0.0, Max: 0.0, Diff: 0.0, Sum: 0.1]
         [Processed Buffers: Min: 0, Avg: 1.2, Max: 6, Diff: 6, Sum: 10]
      [Scan RS (ms): Min: 0.0, Avg: 0.1, Max: 0.1, Diff: 0.1, Sum: 0.5]
      [Object Copy (ms): Min: 0.0, Avg: 0.2, Max: 0.5, Diff: 0.5, Sum: 1.9]
      [Termination (ms): Min: 0.0, Avg: 0.1, Max: 0.1, Diff: 0.1, Sum: 0.6]
      [GC Worker Other (ms): Min: 0.0, Avg: 0.0, Max: 0.0, Diff: 0.0, Sum: 0.1]
      [GC Worker Total (ms): Min: 0.0, Avg: 0.6, Max: 0.9, Diff: 0.9, Sum: 4.5]
      [GC Worker End (ms): Min: 1515.1, Avg: 1515.1, Max: 1515.1, Diff: 0.0]
   [Code Root Fixup: 0.0 ms]
   [Clear CT: 0.1 ms]
   [Other: 0.3 ms]
      [Choose CSet: 0.0 ms]
      [Ref Proc: 0.2 ms]
      [Ref Enq: 0.0 ms]
      [Free CSet: 0.1 ms]
   [Eden: 316.0M(316.0M)->0.0B(316.0M) Survivors: 3072.0K->3072.0K Heap: 323.7M(533.0M)->7078.3K(533.0M)]
 [Times: user=0.01 sys=0.00, real=0.00 secs] 
1.546: [GC pause (young)1.547: [SoftReference, 0 refs, 0.0000140 secs]1.547: [WeakReference, 0 refs, 0.0000030 secs]1.547: [FinalReference, 0 refs, 0.0000030 secs]1.547: [PhantomReference, 0 refs, 0.0000110 secs]1.547: [JNI Weak Reference, 0.0000030 secs], 0.0013470 secs]
   [Parallel Time: 0.9 ms, GC Workers: 8]
      [GC Worker Start (ms): Min: 1546.4, Avg: 1546.7, Max: 1547.3, Diff: 0.9]
      [Ext Root Scanning (ms): Min: 0.0, Avg: 0.2, Max: 0.3, Diff: 0.3, Sum: 1.4]
      [Update RS (ms): Min: 0.0, Avg: 0.0, Max: 0.0, Diff: 0.0, Sum: 0.1]
         [Processed Buffers: Min: 0, Avg: 0.9, Max: 5, Diff: 5, Sum: 7]
      [Scan RS (ms): Min: 0.0, Avg: 0.1, Max: 0.2, Diff: 0.1, Sum: 0.6]
      [Object Copy (ms): Min: 0.0, Avg: 0.3, Max: 0.4, Diff: 0.4, Sum: 2.2]
      [Termination (ms): Min: 0.0, Avg: 0.1, Max: 0.1, Diff: 0.1, Sum: 0.6]
      [GC Worker Other (ms): Min: 0.0, Avg: 0.0, Max: 0.0, Diff: 0.0, Sum: 0.2]
      [GC Worker Total (ms): Min: 0.0, Avg: 0.6, Max: 0.9, Diff: 0.9, Sum: 5.0]
      [GC Worker End (ms): Min: 1547.3, Avg: 1547.3, Max: 1547.3, Diff: 0.0]
   [Code Root Fixup: 0.0 ms]
   [Clear CT: 0.1 ms]
   [Other: 0.3 ms]
      [Choose CSet: 0.0 ms]
      [Ref Proc: 0.1 ms]
      [Ref Enq: 0.0 ms]
      [Free CSet: 0.1 ms]
   [Eden: 316.0M(316.0M)->0.0B(316.0M) Survivors: 3072.0K->3072.0K Heap: 322.9M(533.0M)->7067.3K(533.0M)]
 [Times: user=0.00 sys=0.00, real=0.00 secs] 
1.578: [GC pause (young)1.580: [SoftReference, 0 refs, 0.0000130 secs]1.580: [WeakReference, 0 refs, 0.0000210 secs]1.580: [FinalReference, 0 refs, 0.0000020 secs]1.580: [PhantomReference, 0 refs, 0.0000120 secs]1.580: [JNI Weak Reference, 0.0000020 secs], 0.0013820 secs]
   [Parallel Time: 0.9 ms, GC Workers: 8]
      [GC Worker Start (ms): Min: 1578.5, Avg: 1578.9, Max: 1579.4, Diff: 0.9]
      [Ext Root Scanning (ms): Min: 0.0, Avg: 0.2, Max: 0.3, Diff: 0.3, Sum: 1.4]
      [Update RS (ms): Min: 0.0, Avg: 0.0, Max: 0.0, Diff: 0.0, Sum: 0.0]
         [Processed Buffers: Min: 0, Avg: 1.0, Max: 4, Diff: 4, Sum: 8]
      [Scan RS (ms): Min: 0.0, Avg: 0.1, Max: 0.1, Diff: 0.1, Sum: 0.5]
      [Object Copy (ms): Min: 0.0, Avg: 0.2, Max: 0.4, Diff: 0.4, Sum: 1.8]
      [Termination (ms): Min: 0.0, Avg: 0.1, Max: 0.1, Diff: 0.1, Sum: 0.6]
      [GC Worker Other (ms): Min: 0.0, Avg: 0.0, Max: 0.0, Diff: 0.0, Sum: 0.1]
      [GC Worker Total (ms): Min: 0.0, Avg: 0.5, Max: 0.9, Diff: 0.9, Sum: 4.3]
      [GC Worker End (ms): Min: 1579.4, Avg: 1579.4, Max: 1579.4, Diff: 0.0]
   [Code Root Fixup: 0.0 ms]
   [Clear CT: 0.1 ms]
   [Other: 0.3 ms]
      [Choose CSet: 0.0 ms]
      [Ref Proc: 0.2 ms]
      [Ref Enq: 0.0 ms]
      [Free CSet: 0.1 ms]
   [Eden: 316.0M(316.0M)->0.0B(317.0M) Survivors: 3072.0K->2048.0K Heap: 322.9M(533.0M)->6650.5K(533.0M)]
 [Times: user=0.00 sys=0.00, real=0.00 secs] 
1.615: [GC pause (young)1.616: [SoftReference, 0 refs, 0.0000150 secs]1.616: [WeakReference, 0 refs, 0.0000030 secs]1.616: [FinalReference, 0 refs, 0.0000030 secs]1.616: [PhantomReference, 0 refs, 0.0000030 secs]1.616: [JNI Weak Reference, 0.0000030 secs], 0.0017800 secs]
   [Parallel Time: 1.2 ms, GC Workers: 8]
      [GC Worker Start (ms): Min: 1614.7, Avg: 1615.0, Max: 1615.8, Diff: 1.1]
      [Ext Root Scanning (ms): Min: 0.0, Avg: 0.2, Max: 0.4, Diff: 0.4, Sum: 1.9]
      [Update RS (ms): Min: 0.0, Avg: 0.0, Max: 0.0, Diff: 0.0, Sum: 0.1]
         [Processed Buffers: Min: 0, Avg: 0.9, Max: 4, Diff: 4, Sum: 7]
      [Scan RS (ms): Min: 0.0, Avg: 0.1, Max: 0.1, Diff: 0.1, Sum: 0.7]
      [Object Copy (ms): Min: 0.0, Avg: 0.4, Max: 0.6, Diff: 0.6, Sum: 3.6]
      [Termination (ms): Min: 0.0, Avg: 0.1, Max: 0.2, Diff: 0.2, Sum: 1.0]
      [GC Worker Other (ms): Min: 0.0, Avg: 0.0, Max: 0.0, Diff: 0.0, Sum: 0.1]
      [GC Worker Total (ms): Min: 0.0, Avg: 0.9, Max: 1.2, Diff: 1.1, Sum: 7.3]
      [GC Worker End (ms): Min: 1615.9, Avg: 1615.9, Max: 1615.9, Diff: 0.0]
   [Code Root Fixup: 0.0 ms]
   [Clear CT: 0.1 ms]
   [Other: 0.4 ms]
      [Choose CSet: 0.0 ms]
      [Ref Proc: 0.3 ms]
      [Ref Enq: 0.0 ms]
      [Free CSet: 0.1 ms]
   [Eden: 317.0M(317.0M)->0.0B(316.0M) Survivors: 2048.0K->3072.0K Heap: 323.5M(533.0M)->7153.6K(533.0M)]
 [Times: user=0.00 sys=0.00, real=0.00 secs] 
1.655: [GC pause (young)1.656: [SoftReference, 0 refs, 0.0000140 secs]1.656: [WeakReference, 0 refs, 0.0000030 secs]1.656: [FinalReference, 0 refs, 0.0000030 secs]1.656: [PhantomReference, 0 refs, 0.0000020 secs]1.656: [JNI Weak Reference, 0.0000110 secs], 0.0013570 secs]
   [Parallel Time: 0.9 ms, GC Workers: 8]
      [GC Worker Start (ms): Min: 1655.3, Avg: 1655.4, Max: 1655.6, Diff: 0.2]
      [Ext Root Scanning (ms): Min: 0.1, Avg: 0.3, Max: 0.5, Diff: 0.3, Sum: 2.0]
      [Update RS (ms): Min: 0.0, Avg: 0.0, Max: 0.0, Diff: 0.0, Sum: 0.1]
         [Processed Buffers: Min: 0, Avg: 1.1, Max: 5, Diff: 5, Sum: 9]
      [Scan RS (ms): Min: 0.0, Avg: 0.1, Max: 0.1, Diff: 0.1, Sum: 0.6]
      [Object Copy (ms): Min: 0.2, Avg: 0.3, Max: 0.4, Diff: 0.2, Sum: 2.3]
      [Termination (ms): Min: 0.0, Avg: 0.1, Max: 0.1, Diff: 0.1, Sum: 0.5]
      [GC Worker Other (ms): Min: 0.0, Avg: 0.0, Max: 0.0, Diff: 0.0, Sum: 0.1]
      [GC Worker Total (ms): Min: 0.6, Avg: 0.7, Max: 0.8, Diff: 0.2, Sum: 5.6]
      [GC Worker End (ms): Min: 1656.1, Avg: 1656.1, Max: 1656.2, Diff: 0.0]
   [Code Root Fixup: 0.0 ms]
   [Clear CT: 0.2 ms]
   [Other: 0.3 ms]
      [Choose CSet: 0.0 ms]
      [Ref Proc: 0.2 ms]
      [Ref Enq: 0.0 ms]
      [Free CSet: 0.1 ms]
   [Eden: 316.0M(316.0M)->0.0B(318.0M) Survivors: 3072.0K->1024.0K Heap: 323.0M(533.0M)->5683.8K(533.0M)]
 [Times: user=0.00 sys=0.00, real=0.00 secs] 
1.689: [GC pause (young)1.690: [SoftReference, 0 refs, 0.0000230 secs]1.690: [WeakReference, 0 refs, 0.0000020 secs]1.690: [FinalReference, 0 refs, 0.0000020 secs]1.690: [PhantomReference, 0 refs, 0.0000020 secs]1.690: [JNI Weak Reference, 0.0000020 secs], 0.0013750 secs]
   [Parallel Time: 0.9 ms, GC Workers: 8]
      [GC Worker Start (ms): Min: 1689.3, Avg: 1689.5, Max: 1689.8, Diff: 0.5]
      [Ext Root Scanning (ms): Min: 0.0, Avg: 0.2, Max: 0.3, Diff: 0.3, Sum: 1.6]
      [Update RS (ms): Min: 0.0, Avg: 0.0, Max: 0.0, Diff: 0.0, Sum: 0.0]
         [Processed Buffers: Min: 0, Avg: 1.1, Max: 9, Diff: 9, Sum: 9]
      [Scan RS (ms): Min: 0.0, Avg: 0.1, Max: 0.1, Diff: 0.1, Sum: 0.5]
      [Object Copy (ms): Min: 0.2, Avg: 0.4, Max: 0.5, Diff: 0.2, Sum: 2.8]
      [Termination (ms): Min: 0.0, Avg: 0.0, Max: 0.0, Diff: 0.0, Sum: 0.0]
      [GC Worker Other (ms): Min: 0.0, Avg: 0.0, Max: 0.0, Diff: 0.0, Sum: 0.2]
      [GC Worker Total (ms): Min: 0.3, Avg: 0.7, Max: 0.8, Diff: 0.5, Sum: 5.2]
      [GC Worker End (ms): Min: 1690.1, Avg: 1690.1, Max: 1690.1, Diff: 0.0]
   [Code Root Fixup: 0.0 ms]
   [Clear CT: 0.1 ms]
   [Other: 0.4 ms]
      [Choose CSet: 0.0 ms]
      [Ref Proc: 0.2 ms]
      [Ref Enq: 0.0 ms]
      [Free CSet: 0.1 ms]
   [Eden: 318.0M(318.0M)->0.0B(316.0M) Survivors: 1024.0K->3072.0K Heap: 323.6M(533.0M)->7841.1K(533.0M)]
 [Times: user=0.01 sys=0.00, real=0.00 secs] 
1.722: [GC pause (young)1.723: [SoftReference, 0 refs, 0.0000150 secs]1.723: [WeakReference, 0 refs, 0.0000030 secs]1.723: [FinalReference, 0 refs, 0.0000020 secs]1.723: [PhantomReference, 0 refs, 0.0000020 secs]1.723: [JNI Weak Reference, 0.0000120 secs], 0.0014990 secs]
   [Parallel Time: 0.9 ms, GC Workers: 8]
      [GC Worker Start (ms): Min: 1722.1, Avg: 1722.4, Max: 1723.0, Diff: 0.8]
      [Ext Root Scanning (ms): Min: 0.0, Avg: 0.2, Max: 0.3, Diff: 0.3, Sum: 1.4]
      [Update RS (ms): Min: 0.0, Avg: 0.0, Max: 0.0, Diff: 0.0, Sum: 0.0]
         [Processed Buffers: Min: 0, Avg: 1.2, Max: 10, Diff: 10, Sum: 10]
      [Scan RS (ms): Min: 0.0, Avg: 0.1, Max: 0.1, Diff: 0.1, Sum: 0.5]
      [Object Copy (ms): Min: 0.0, Avg: 0.3, Max: 0.4, Diff: 0.4, Sum: 2.5]
      [Termination (ms): Min: 0.0, Avg: 0.1, Max: 0.1, Diff: 0.1, Sum: 0.5]
      [GC Worker Other (ms): Min: 0.0, Avg: 0.0, Max: 0.0, Diff: 0.0, Sum: 0.1]
      [GC Worker Total (ms): Min: 0.0, Avg: 0.6, Max: 0.9, Diff: 0.9, Sum: 5.1]
      [GC Worker End (ms): Min: 1723.0, Avg: 1723.0, Max: 1723.0, Diff: 0.0]
   [Code Root Fixup: 0.0 ms]
   [Clear CT: 0.2 ms]
   [Other: 0.4 ms]
      [Choose CSet: 0.0 ms]
      [Ref Proc: 0.2 ms]
      [Ref Enq: 0.0 ms]
      [Free CSet: 0.1 ms]
   [Eden: 316.0M(316.0M)->0.0B(316.0M) Survivors: 3072.0K->3072.0K Heap: 323.7M(533.0M)->7818.6K(533.0M)]
 [Times: user=0.00 sys=0.00, real=0.01 secs] 
1.755: [GC pause (young)1.756: [SoftReference, 0 refs, 0.0000140 secs]1.756: [WeakReference, 0 refs, 0.0000030 secs]1.756: [FinalReference, 0 refs, 0.0000020 secs]1.756: [PhantomReference, 0 refs, 0.0000020 secs]1.756: [JNI Weak Reference, 0.0000030 secs], 0.0016990 secs]
   [Parallel Time: 1.1 ms, GC Workers: 8]
      [GC Worker Start (ms): Min: 1754.6, Avg: 1755.0, Max: 1755.6, Diff: 1.0]
      [Ext Root Scanning (ms): Min: 0.0, Avg: 0.2, Max: 0.3, Diff: 0.3, Sum: 1.4]
      [Update RS (ms): Min: 0.0, Avg: 0.0, Max: 0.1, Diff: 0.1, Sum: 0.1]
         [Processed Buffers: Min: 0, Avg: 0.9, Max: 4, Diff: 4, Sum: 7]
      [Scan RS (ms): Min: 0.0, Avg: 0.1, Max: 0.2, Diff: 0.2, Sum: 0.6]
      [Object Copy (ms): Min: 0.0, Avg: 0.3, Max: 0.6, Diff: 0.6, Sum: 2.3]
      [Termination (ms): Min: 0.0, Avg: 0.1, Max: 0.1, Diff: 0.1, Sum: 0.5]
      [GC Worker Other (ms): Min: 0.0, Avg: 0.0, Max: 0.0, Diff: 0.0, Sum: 0.1]
      [GC Worker Total (ms): Min: 0.0, Avg: 0.6, Max: 1.0, Diff: 1.0, Sum: 4.9]
      [GC Worker End (ms): Min: 1755.6, Avg: 1755.6, Max: 1755.6, Diff: 0.0]
   [Code Root Fixup: 0.0 ms]
   [Clear CT: 0.2 ms]
   [Other: 0.4 ms]
      [Choose CSet: 0.0 ms]
      [Ref Proc: 0.2 ms]
      [Ref Enq: 0.0 ms]
      [Free CSet: 0.1 ms]
   [Eden: 316.0M(316.0M)->0.0B(316.0M) Survivors: 3072.0K->3072.0K Heap: 323.6M(533.0M)->7835.2K(533.0M)]
 [Times: user=0.01 sys=0.00, real=0.00 secs] 
1.788: [GC pause (young)1.789: [SoftReference, 0 refs, 0.0000240 secs]1.789: [WeakReference, 0 refs, 0.0000030 secs]1.789: [FinalReference, 0 refs, 0.0000030 secs]1.789: [PhantomReference, 0 refs, 0.0000030 secs]1.789: [JNI Weak Reference, 0.0000030 secs], 0.0016030 secs]
   [Parallel Time: 1.1 ms, GC Workers: 8]
      [GC Worker Start (ms): Min: 1788.2, Avg: 1788.5, Max: 1789.1, Diff: 0.9]
      [Ext Root Scanning (ms): Min: 0.0, Avg: 0.2, Max: 0.3, Diff: 0.3, Sum: 1.5]
      [Update RS (ms): Min: 0.0, Avg: 0.0, Max: 0.0, Diff: 0.0, Sum: 0.1]
         [Processed Buffers: Min: 0, Avg: 0.9, Max: 3, Diff: 3, Sum: 7]
      [Scan RS (ms): Min: 0.0, Avg: 0.1, Max: 0.1, Diff: 0.1, Sum: 0.5]
      [Object Copy (ms): Min: 0.0, Avg: 0.2, Max: 0.4, Diff: 0.4, Sum: 1.9]
      [Termination (ms): Min: 0.0, Avg: 0.1, Max: 0.1, Diff: 0.1, Sum: 0.7]
      [GC Worker Other (ms): Min: 0.0, Avg: 0.0, Max: 0.0, Diff: 0.0, Sum: 0.0]
      [GC Worker Total (ms): Min: 0.0, Avg: 0.6, Max: 1.0, Diff: 1.0, Sum: 4.7]
      [GC Worker End (ms): Min: 1789.1, Avg: 1789.1, Max: 1789.1, Diff: 0.0]
   [Code Root Fixup: 0.0 ms]
   [Clear CT: 0.2 ms]
   [Other: 0.4 ms]
      [Choose CSet: 0.0 ms]
      [Ref Proc: 0.2 ms]
      [Ref Enq: 0.0 ms]
      [Free CSet: 0.1 ms]
   [Eden: 316.0M(316.0M)->0.0B(316.0M) Survivors: 3072.0K->3072.0K Heap: 323.7M(533.0M)->7881.3K(533.0M)]
 [Times: user=0.01 sys=0.00, real=0.00 secs] 
1.822: [GC pause (young)1.823: [SoftReference, 0 refs, 0.0000140 secs]1.823: [WeakReference, 0 refs, 0.0000020 secs]1.823: [FinalReference, 0 refs, 0.0000020 secs]1.823: [PhantomReference, 0 refs, 0.0000020 secs]1.823: [JNI Weak Reference, 0.0000030 secs], 0.0015640 secs]
   [Parallel Time: 1.1 ms, GC Workers: 8]
      [GC Worker Start (ms): Min: 1821.8, Avg: 1822.0, Max: 1822.4, Diff: 0.6]
      [Ext Root Scanning (ms): Min: 0.0, Avg: 0.2, Max: 0.4, Diff: 0.3, Sum: 1.7]
      [Update RS (ms): Min: 0.0, Avg: 0.0, Max: 0.0, Diff: 0.0, Sum: 0.1]
         [Processed Buffers: Min: 0, Avg: 0.9, Max: 3, Diff: 3, Sum: 7]
      [Scan RS (ms): Min: 0.0, Avg: 0.1, Max: 0.1, Diff: 0.1, Sum: 0.6]
      [Object Copy (ms): Min: 0.3, Avg: 0.5, Max: 0.7, Diff: 0.3, Sum: 3.7]
      [Termination (ms): Min: 0.0, Avg: 0.1, Max: 0.1, Diff: 0.1, Sum: 0.5]
      [GC Worker Other (ms): Min: 0.0, Avg: 0.0, Max: 0.0, Diff: 0.0, Sum: 0.1]
      [GC Worker Total (ms): Min: 0.4, Avg: 0.8, Max: 1.0, Diff: 0.6, Sum: 6.7]
      [GC Worker End (ms): Min: 1822.8, Avg: 1822.8, Max: 1822.8, Diff: 0.0]
   [Code Root Fixup: 0.0 ms]
   [Clear CT: 0.1 ms]
   [Other: 0.3 ms]
      [Choose CSet: 0.0 ms]
      [Ref Proc: 0.2 ms]
      [Ref Enq: 0.0 ms]
      [Free CSet: 0.1 ms]
   [Eden: 316.0M(316.0M)->0.0B(315.0M) Survivors: 3072.0K->4096.0K Heap: 323.7M(533.0M)->9127.1K(533.0M)]
 [Times: user=0.00 sys=0.00, real=0.01 secs] 
1.855: [GC pause (young)1.856: [SoftReference, 0 refs, 0.0000140 secs]1.856: [WeakReference, 0 refs, 0.0000030 secs]1.856: [FinalReference, 0 refs, 0.0000020 secs]1.856: [PhantomReference, 0 refs, 0.0000020 secs]1.856: [JNI Weak Reference, 0.0000120 secs], 0.0014900 secs]
   [Parallel Time: 1.1 ms, GC Workers: 8]
      [GC Worker Start (ms): Min: 1854.6, Avg: 1855.0, Max: 1855.6, Diff: 1.0]
      [Ext Root Scanning (ms): Min: 0.0, Avg: 0.2, Max: 0.3, Diff: 0.3, Sum: 1.4]
      [Update RS (ms): Min: 0.0, Avg: 0.0, Max: 0.0, Diff: 0.0, Sum: 0.1]
         [Processed Buffers: Min: 0, Avg: 1.0, Max: 5, Diff: 5, Sum: 8]
      [Scan RS (ms): Min: 0.0, Avg: 0.1, Max: 0.1, Diff: 0.1, Sum: 0.5]
      [Object Copy (ms): Min: 0.0, Avg: 0.3, Max: 0.5, Diff: 0.5, Sum: 2.3]
      [Termination (ms): Min: 0.0, Avg: 0.1, Max: 0.1, Diff: 0.1, Sum: 0.6]
      [GC Worker Other (ms): Min: 0.0, Avg: 0.0, Max: 0.0, Diff: 0.0, Sum: 0.1]
      [GC Worker Total (ms): Min: 0.0, Avg: 0.6, Max: 1.0, Diff: 1.0, Sum: 4.9]
      [GC Worker End (ms): Min: 1855.6, Avg: 1855.6, Max: 1855.6, Diff: 0.0]
   [Code Root Fixup: 0.0 ms]
   [Clear CT: 0.1 ms]
   [Other: 0.3 ms]
      [Choose CSet: 0.0 ms]
      [Ref Proc: 0.2 ms]
      [Ref Enq: 0.0 ms]
      [Free CSet: 0.1 ms]
   [Eden: 315.0M(315.0M)->0.0B(317.0M) Survivors: 4096.0K->2048.0K Heap: 323.9M(533.0M)->6980.7K(533.0M)]
 [Times: user=0.01 sys=0.00, real=0.00 secs] 
1.888: [GC pause (young)1.889: [SoftReference, 0 refs, 0.0000140 secs]1.889: [WeakReference, 0 refs, 0.0000120 secs]1.889: [FinalReference, 0 refs, 0.0000020 secs]1.889: [PhantomReference, 0 refs, 0.0000020 secs]1.889: [JNI Weak Reference, 0.0000020 secs], 0.0013600 secs]
   [Parallel Time: 0.9 ms, GC Workers: 8]
      [GC Worker Start (ms): Min: 1887.6, Avg: 1887.9, Max: 1888.4, Diff: 0.8]
      [Ext Root Scanning (ms): Min: 0.0, Avg: 0.2, Max: 0.3, Diff: 0.3, Sum: 1.4]
      [Update RS (ms): Min: 0.0, Avg: 0.0, Max: 0.0, Diff: 0.0, Sum: 0.1]
         [Processed Buffers: Min: 0, Avg: 0.9, Max: 3, Diff: 3, Sum: 7]
      [Scan RS (ms): Min: 0.0, Avg: 0.1, Max: 0.1, Diff: 0.1, Sum: 0.4]
      [Object Copy (ms): Min: 0.0, Avg: 0.3, Max: 0.4, Diff: 0.4, Sum: 2.2]
      [Termination (ms): Min: 0.0, Avg: 0.1, Max: 0.1, Diff: 0.1, Sum: 0.5]
      [GC Worker Other (ms): Min: 0.0, Avg: 0.0, Max: 0.0, Diff: 0.0, Sum: 0.1]
      [GC Worker Total (ms): Min: 0.0, Avg: 0.6, Max: 0.8, Diff: 0.8, Sum: 4.7]
      [GC Worker End (ms): Min: 1888.5, Avg: 1888.5, Max: 1888.5, Diff: 0.0]
   [Code Root Fixup: 0.0 ms]
   [Clear CT: 0.1 ms]
   [Other: 0.4 ms]
      [Choose CSet: 0.0 ms]
      [Ref Proc: 0.2 ms]
      [Ref Enq: 0.0 ms]
      [Free CSet: 0.1 ms]
   [Eden: 317.0M(317.0M)->0.0B(317.0M) Survivors: 2048.0K->2048.0K Heap: 323.8M(533.0M)->6613.8K(533.0M)]
 [Times: user=0.01 sys=0.00, real=0.00 secs] 
1.921: [GC pause (young)1.922: [SoftReference, 0 refs, 0.0000270 secs]1.922: [WeakReference, 0 refs, 0.0000020 secs]1.922: [FinalReference, 0 refs, 0.0000020 secs]1.922: [PhantomReference, 0 refs, 0.0000030 secs]1.922: [JNI Weak Reference, 0.0000030 secs], 0.0015580 secs]
   [Parallel Time: 1.0 ms, GC Workers: 8]
      [GC Worker Start (ms): Min: 1920.7, Avg: 1921.1, Max: 1921.7, Diff: 0.9]
      [Ext Root Scanning (ms): Min: 0.0, Avg: 0.2, Max: 0.3, Diff: 0.3, Sum: 1.3]
      [Update RS (ms): Min: 0.0, Avg: 0.0, Max: 0.0, Diff: 0.0, Sum: 0.1]
         [Processed Buffers: Min: 0, Avg: 1.1, Max: 7, Diff: 7, Sum: 9]
      [Scan RS (ms): Min: 0.0, Avg: 0.1, Max: 0.1, Diff: 0.1, Sum: 0.5]
      [Object Copy (ms): Min: 0.0, Avg: 0.3, Max: 0.5, Diff: 0.5, Sum: 2.1]
      [Termination (ms): Min: 0.0, Avg: 0.1, Max: 0.1, Diff: 0.1, Sum: 0.6]
      [GC Worker Other (ms): Min: 0.0, Avg: 0.0, Max: 0.0, Diff: 0.0, Sum: 0.1]
      [GC Worker Total (ms): Min: 0.0, Avg: 0.6, Max: 1.0, Diff: 0.9, Sum: 4.8]
      [GC Worker End (ms): Min: 1921.7, Avg: 1921.7, Max: 1921.7, Diff: 0.0]
   [Code Root Fixup: 0.0 ms]
   [Clear CT: 0.2 ms]
   [Other: 0.4 ms]
      [Choose CSet: 0.0 ms]
      [Ref Proc: 0.2 ms]
      [Ref Enq: 0.0 ms]
      [Free CSet: 0.1 ms]
   [Eden: 317.0M(317.0M)->0.0B(316.0M) Survivors: 2048.0K->3072.0K Heap: 323.5M(533.0M)->7444.8K(533.0M)]
 [Times: user=0.00 sys=0.00, real=0.01 secs] 
1.954: [GC pause (young)1.955: [SoftReference, 0 refs, 0.0000120 secs]1.955: [WeakReference, 0 refs, 0.0000020 secs]1.955: [FinalReference, 0 refs, 0.0000020 secs]1.955: [PhantomReference, 0 refs, 0.0000020 secs]1.955: [JNI Weak Reference, 0.0000030 secs], 0.0013580 secs]
   [Parallel Time: 0.9 ms, GC Workers: 8]
      [GC Worker Start (ms): Min: 1954.0, Avg: 1954.2, Max: 1954.6, Diff: 0.6]
      [Ext Root Scanning (ms): Min: 0.0, Avg: 0.2, Max: 0.3, Diff: 0.3, Sum: 1.4]
      [Update RS (ms): Min: 0.0, Avg: 0.0, Max: 0.0, Diff: 0.0, Sum: 0.1]
         [Processed Buffers: Min: 0, Avg: 0.9, Max: 3, Diff: 3, Sum: 7]
      [Scan RS (ms): Min: 0.0, Avg: 0.1, Max: 0.1, Diff: 0.1, Sum: 0.5]
      [Object Copy (ms): Min: 0.2, Avg: 0.3, Max: 0.5, Diff: 0.3, Sum: 2.5]
      [Termination (ms): Min: 0.0, Avg: 0.0, Max: 0.0, Diff: 0.0, Sum: 0.0]
      [GC Worker Other (ms): Min: 0.0, Avg: 0.0, Max: 0.0, Diff: 0.0, Sum: 0.2]
      [GC Worker Total (ms): Min: 0.2, Avg: 0.6, Max: 0.8, Diff: 0.6, Sum: 4.8]
      [GC Worker End (ms): Min: 1954.8, Avg: 1954.8, Max: 1954.8, Diff: 0.0]
   [Code Root Fixup: 0.0 ms]
   [Clear CT: 0.2 ms]
   [Other: 0.3 ms]
      [Choose CSet: 0.0 ms]
      [Ref Proc: 0.1 ms]
      [Ref Enq: 0.0 ms]
      [Free CSet: 0.1 ms]
   [Eden: 316.0M(316.0M)->0.0B(316.0M) Survivors: 3072.0K->3072.0K Heap: 323.3M(533.0M)->7483.6K(533.0M)]
 [Times: user=0.01 sys=0.01, real=0.00 secs] 
1.988: [GC pause (young)1.989: [SoftReference, 0 refs, 0.0000170 secs]1.989: [WeakReference, 0 refs, 0.0000050 secs]1.989: [FinalReference, 0 refs, 0.0000020 secs]1.989: [PhantomReference, 0 refs, 0.0000020 secs]1.989: [JNI Weak Reference, 0.0000030 secs], 0.0016840 secs]
   [Parallel Time: 1.2 ms, GC Workers: 8]
      [GC Worker Start (ms): Min: 1988.0, Avg: 1988.4, Max: 1989.1, Diff: 1.1]
      [Ext Root Scanning (ms): Min: 0.0, Avg: 0.2, Max: 0.4, Diff: 0.4, Sum: 1.6]
      [Update RS (ms): Min: 0.0, Avg: 0.0, Max: 0.1, Diff: 0.1, Sum: 0.1]
         [Processed Buffers: Min: 0, Avg: 1.2, Max: 6, Diff: 6, Sum: 10]
      [Scan RS (ms): Min: 0.0, Avg: 0.1, Max: 0.2, Diff: 0.2, Sum: 0.6]
      [Object Copy (ms): Min: 0.0, Avg: 0.4, Max: 0.6, Diff: 0.6, Sum: 2.9]
      [Termination (ms): Min: 0.0, Avg: 0.1, Max: 0.1, Diff: 0.1, Sum: 0.9]
      [GC Worker Other (ms): Min: 0.0, Avg: 0.0, Max: 0.0, Diff: 0.0, Sum: 0.0]
      [GC Worker Total (ms): Min: 0.0, Avg: 0.8, Max: 1.1, Diff: 1.1, Sum: 6.1]
      [GC Worker End (ms): Min: 1989.1, Avg: 1989.1, Max: 1989.2, Diff: 0.0]
   [Code Root Fixup: 0.0 ms]
   [Clear CT: 0.1 ms]
   [Other: 0.4 ms]
      [Choose CSet: 0.0 ms]
      [Ref Proc: 0.2 ms]
      [Ref Enq: 0.0 ms]
      [Free CSet: 0.2 ms]
   [Eden: 316.0M(316.0M)->0.0B(316.0M) Survivors: 3072.0K->3072.0K Heap: 323.3M(533.0M)->8174.4K(533.0M)]
 [Times: user=0.01 sys=0.00, real=0.00 secs] 
2.023: [GC pause (young)2.025: [SoftReference, 0 refs, 0.0000180 secs]2.025: [WeakReference, 0 refs, 0.0000050 secs]2.025: [FinalReference, 0 refs, 0.0000040 secs]2.025: [PhantomReference, 0 refs, 0.0000040 secs]2.025: [JNI Weak Reference, 0.0000040 secs], 0.0018980 secs]
   [Parallel Time: 1.3 ms, GC Workers: 8]
      [GC Worker Start (ms): Min: 2023.2, Avg: 2023.5, Max: 2024.0, Diff: 0.8]
      [Ext Root Scanning (ms): Min: 0.0, Avg: 0.2, Max: 0.3, Diff: 0.3, Sum: 1.6]
      [Update RS (ms): Min: 0.0, Avg: 0.0, Max: 0.1, Diff: 0.1, Sum: 0.1]
         [Processed Buffers: Min: 0, Avg: 1.1, Max: 6, Diff: 6, Sum: 9]
      [Scan RS (ms): Min: 0.0, Avg: 0.1, Max: 0.2, Diff: 0.2, Sum: 0.7]
      [Object Copy (ms): Min: 0.3, Avg: 0.5, Max: 0.8, Diff: 0.5, Sum: 4.2]
      [Termination (ms): Min: 0.0, Avg: 0.1, Max: 0.2, Diff: 0.2, Sum: 0.8]
      [GC Worker Other (ms): Min: 0.0, Avg: 0.0, Max: 0.0, Diff: 0.0, Sum: 0.1]
      [GC Worker Total (ms): Min: 0.4, Avg: 0.9, Max: 1.3, Diff: 0.8, Sum: 7.5]
      [GC Worker End (ms): Min: 2024.4, Avg: 2024.4, Max: 2024.5, Diff: 0.1]
   [Code Root Fixup: 0.0 ms]
   [Clear CT: 0.1 ms]
   [Other: 0.4 ms]
      [Choose CSet: 0.0 ms]
      [Ref Proc: 0.2 ms]
      [Ref Enq: 0.0 ms]
      [Free CSet: 0.2 ms]
   [Eden: 316.0M(316.0M)->0.0B(315.0M) Survivors: 3072.0K->4096.0K Heap: 324.0M(533.0M)->8670.0K(533.0M)]
 [Times: user=0.00 sys=0.00, real=0.00 secs] 
2.057: [GC pause (young)2.058: [SoftReference, 0 refs, 0.0000160 secs]2.058: [WeakReference, 0 refs, 0.0000030 secs]2.058: [FinalReference, 0 refs, 0.0000030 secs]2.058: [PhantomReference, 0 refs, 0.0000020 secs]2.058: [JNI Weak Reference, 0.0000020 secs], 0.0014620 secs]
   [Parallel Time: 0.9 ms, GC Workers: 8]
      [GC Worker Start (ms): Min: 2057.3, Avg: 2057.5, Max: 2057.8, Diff: 0.5]
      [Ext Root Scanning (ms): Min: 0.0, Avg: 0.2, Max: 0.3, Diff: 0.3, Sum: 1.6]
      [Update RS (ms): Min: 0.0, Avg: 0.0, Max: 0.0, Diff: 0.0, Sum: 0.1]
         [Processed Buffers: Min: 0, Avg: 1.2, Max: 4, Diff: 4, Sum: 10]
      [Scan RS (ms): Min: 0.0, Avg: 0.1, Max: 0.1, Diff: 0.1, Sum: 0.5]
      [Object Copy (ms): Min: 0.3, Avg: 0.3, Max: 0.4, Diff: 0.2, Sum: 2.8]
      [Termination (ms): Min: 0.0, Avg: 0.1, Max: 0.1, Diff: 0.1, Sum: 0.5]
      [GC Worker Other (ms): Min: 0.0, Avg: 0.0, Max: 0.0, Diff: 0.0, Sum: 0.2]
      [GC Worker Total (ms): Min: 0.4, Avg: 0.7, Max: 0.9, Diff: 0.5, Sum: 5.7]
      [GC Worker End (ms): Min: 2058.2, Avg: 2058.2, Max: 2058.2, Diff: 0.0]
   [Code Root Fixup: 0.0 ms]
   [Clear CT: 0.1 ms]
   [Other: 0.4 ms]
      [Choose CSet: 0.0 ms]
      [Ref Proc: 0.2 ms]
      [Ref Enq: 0.0 ms]
      [Free CSet: 0.2 ms]
   [Eden: 315.0M(315.0M)->0.0B(317.0M) Survivors: 4096.0K->2048.0K Heap: 323.5M(533.0M)->6485.7K(533.0M)]
 [Times: user=0.01 sys=0.00, real=0.00 secs] 
2.091: [GC pause (young)2.093: [SoftReference, 0 refs, 0.0000160 secs]2.093: [WeakReference, 0 refs, 0.0000030 secs]2.093: [FinalReference, 0 refs, 0.0000030 secs]2.093: [PhantomReference, 0 refs, 0.0000020 secs]2.093: [JNI Weak Reference, 0.0000020 secs], 0.0016940 secs]
   [Parallel Time: 1.1 ms, GC Workers: 8]
      [GC Worker Start (ms): Min: 2091.5, Avg: 2091.9, Max: 2092.6, Diff: 1.0]
      [Ext Root Scanning (ms): Min: 0.0, Avg: 0.2, Max: 0.4, Diff: 0.4, Sum: 1.4]
      [Update RS (ms): Min: 0.0, Avg: 0.0, Max: 0.1, Diff: 0.1, Sum: 0.1]
         [Processed Buffers: Min: 0, Avg: 1.2, Max: 9, Diff: 9, Sum: 10]
      [Scan RS (ms): Min: 0.0, Avg: 0.1, Max: 0.1, Diff: 0.1, Sum: 0.4]
      [Object Copy (ms): Min: 0.0, Avg: 0.3, Max: 0.6, Diff: 0.6, Sum: 2.6]
      [Termination (ms): Min: 0.0, Avg: 0.1, Max: 0.1, Diff: 0.1, Sum: 0.6]
      [GC Worker Other (ms): Min: 0.0, Avg: 0.0, Max: 0.0, Diff: 0.0, Sum: 0.1]
      [GC Worker Total (ms): Min: 0.0, Avg: 0.7, Max: 1.0, Diff: 1.0, Sum: 5.2]
      [GC Worker End (ms): Min: 2092.6, Avg: 2092.6, Max: 2092.6, Diff: 0.0]
   [Code Root Fixup: 0.0 ms]
   [Clear CT: 0.1 ms]
   [Other: 0.4 ms]
      [Choose CSet: 0.0 ms]
      [Ref Proc: 0.2 ms]
      [Ref Enq: 0.0 ms]
      [Free CSet: 0.2 ms]
   [Eden: 317.0M(317.0M)->0.0B(315.0M) Survivors: 2048.0K->4096.0K Heap: 323.3M(533.0M)->8832.2K(533.0M)]
 [Times: user=0.01 sys=0.00, real=0.01 secs] 
2.126: [GC pause (young)2.127: [SoftReference, 0 refs, 0.0000290 secs]2.127: [WeakReference, 0 refs, 0.0000050 secs]2.127: [FinalReference, 0 refs, 0.0000040 secs]2.127: [PhantomReference, 0 refs, 0.0000040 secs]2.127: [JNI Weak Reference, 0.0000040 secs], 0.0015780 secs]
   [Parallel Time: 1.0 ms, GC Workers: 8]
      [GC Worker Start (ms): Min: 2126.0, Avg: 2126.3, Max: 2126.8, Diff: 0.8]
      [Ext Root Scanning (ms): Min: 0.0, Avg: 0.2, Max: 0.3, Diff: 0.3, Sum: 1.5]
      [Update RS (ms): Min: 0.0, Avg: 0.0, Max: 0.0, Diff: 0.0, Sum: 0.1]
         [Processed Buffers: Min: 0, Avg: 1.1, Max: 4, Diff: 4, Sum: 9]
      [Scan RS (ms): Min: 0.0, Avg: 0.1, Max: 0.1, Diff: 0.1, Sum: 0.4]
      [Object Copy (ms): Min: 0.0, Avg: 0.2, Max: 0.4, Diff: 0.4, Sum: 1.9]
      [Termination (ms): Min: 0.0, Avg: 0.1, Max: 0.1, Diff: 0.1, Sum: 0.6]
      [GC Worker Other (ms): Min: 0.0, Avg: 0.0, Max: 0.0, Diff: 0.0, Sum: 0.1]
      [GC Worker Total (ms): Min: 0.0, Avg: 0.6, Max: 0.9, Diff: 0.9, Sum: 4.6]
      [GC Worker End (ms): Min: 2126.8, Avg: 2126.9, Max: 2126.9, Diff: 0.0]
   [Code Root Fixup: 0.0 ms]
   [Clear CT: 0.2 ms]
   [Other: 0.4 ms]
      [Choose CSet: 0.0 ms]
      [Ref Proc: 0.2 ms]
      [Ref Enq: 0.0 ms]
      [Free CSet: 0.1 ms]
   [Eden: 315.0M(315.0M)->0.0B(318.0M) Survivors: 4096.0K->1024.0K Heap: 323.6M(533.0M)->5958.3K(533.0M)]
 [Times: user=0.01 sys=0.00, real=0.00 secs] 
2.160: [GC pause (young)2.161: [SoftReference, 0 refs, 0.0000130 secs]2.161: [WeakReference, 0 refs, 0.0000030 secs]2.161: [FinalReference, 0 refs, 0.0000030 secs]2.161: [PhantomReference, 0 refs, 0.0000020 secs]2.161: [JNI Weak Reference, 0.0000110 secs], 0.0016060 secs]
   [Parallel Time: 1.1 ms, GC Workers: 8]
      [GC Worker Start (ms): Min: 2159.8, Avg: 2160.2, Max: 2160.8, Diff: 1.0]
      [Ext Root Scanning (ms): Min: 0.0, Avg: 0.2, Max: 0.4, Diff: 0.4, Sum: 1.5]
      [Update RS (ms): Min: 0.0, Avg: 0.0, Max: 0.0, Diff: 0.0, Sum: 0.1]
         [Processed Buffers: Min: 0, Avg: 0.9, Max: 3, Diff: 3, Sum: 7]
      [Scan RS (ms): Min: 0.0, Avg: 0.1, Max: 0.1, Diff: 0.1, Sum: 0.4]
      [Object Copy (ms): Min: 0.0, Avg: 0.3, Max: 0.6, Diff: 0.6, Sum: 2.6]
      [Termination (ms): Min: 0.0, Avg: 0.1, Max: 0.1, Diff: 0.1, Sum: 0.6]
      [GC Worker Other (ms): Min: 0.0, Avg: 0.0, Max: 0.0, Diff: 0.0, Sum: 0.1]
      [GC Worker Total (ms): Min: 0.0, Avg: 0.7, Max: 1.1, Diff: 1.0, Sum: 5.3]
      [GC Worker End (ms): Min: 2160.8, Avg: 2160.8, Max: 2160.8, Diff: 0.0]
   [Code Root Fixup: 0.0 ms]
   [Clear CT: 0.1 ms]
   [Other: 0.4 ms]
      [Choose CSet: 0.0 ms]
      [Ref Proc: 0.2 ms]
      [Ref Enq: 0.0 ms]
      [Free CSet: 0.1 ms]
   [Eden: 318.0M(318.0M)->0.0B(316.0M) Survivors: 1024.0K->3072.0K Heap: 323.8M(533.0M)->7609.5K(533.0M)]
 [Times: user=0.00 sys=0.00, real=0.00 secs] 
2.195: [GC pause (young)2.196: [SoftReference, 0 refs, 0.0000160 secs]2.196: [WeakReference, 0 refs, 0.0000030 secs]2.196: [FinalReference, 0 refs, 0.0000020 secs]2.196: [PhantomReference, 0 refs, 0.0000020 secs]2.196: [JNI Weak Reference, 0.0000030 secs], 0.0015360 secs]
   [Parallel Time: 1.1 ms, GC Workers: 8]
      [GC Worker Start (ms): Min: 2195.1, Avg: 2195.2, Max: 2195.4, Diff: 0.2]
      [Ext Root Scanning (ms): Min: 0.2, Avg: 0.3, Max: 0.4, Diff: 0.2, Sum: 2.4]
      [Update RS (ms): Min: 0.0, Avg: 0.0, Max: 0.1, Diff: 0.1, Sum: 0.2]
         [Processed Buffers: Min: 0, Avg: 0.9, Max: 3, Diff: 3, Sum: 7]
      [Scan RS (ms): Min: 0.0, Avg: 0.1, Max: 0.2, Diff: 0.2, Sum: 1.0]
      [Object Copy (ms): Min: 0.3, Avg: 0.4, Max: 0.6, Diff: 0.2, Sum: 3.6]
      [Termination (ms): Min: 0.0, Avg: 0.0, Max: 0.0, Diff: 0.0, Sum: 0.0]
      [GC Worker Other (ms): Min: 0.0, Avg: 0.0, Max: 0.1, Diff: 0.1, Sum: 0.4]
      [GC Worker Total (ms): Min: 0.8, Avg: 0.9, Max: 1.0, Diff: 0.2, Sum: 7.5]
      [GC Worker End (ms): Min: 2196.1, Avg: 2196.2, Max: 2196.2, Diff: 0.0]
   [Code Root Fixup: 0.0 ms]
   [Clear CT: 0.1 ms]
   [Other: 0.3 ms]
      [Choose CSet: 0.0 ms]
      [Ref Proc: 0.2 ms]
      [Ref Enq: 0.0 ms]
      [Free CSet: 0.1 ms]
   [Eden: 316.0M(316.0M)->0.0B(316.0M) Survivors: 3072.0K->3072.0K Heap: 323.4M(533.0M)->7814.5K(533.0M)]
 [Times: user=0.00 sys=0.00, real=0.00 secs] 
2.230: [GC pause (young)2.232: [SoftReference, 0 refs, 0.0000160 secs]2.232: [WeakReference, 0 refs, 0.0000030 secs]2.232: [FinalReference, 0 refs, 0.0000030 secs]2.232: [PhantomReference, 0 refs, 0.0000020 secs]2.232: [JNI Weak Reference, 0.0000020 secs], 0.0015520 secs]
   [Parallel Time: 1.1 ms, GC Workers: 8]
      [GC Worker Start (ms): Min: 2230.4, Avg: 2230.7, Max: 2231.4, Diff: 1.0]
      [Ext Root Scanning (ms): Min: 0.0, Avg: 0.2, Max: 0.3, Diff: 0.3, Sum: 1.5]
      [Update RS (ms): Min: 0.0, Avg: 0.0, Max: 0.1, Diff: 0.1, Sum: 0.1]
         [Processed Buffers: Min: 0, Avg: 1.2, Max: 7, Diff: 7, Sum: 10]
      [Scan RS (ms): Min: 0.0, Avg: 0.1, Max: 0.2, Diff: 0.2, Sum: 0.7]
      [Object Copy (ms): Min: 0.0, Avg: 0.4, Max: 0.7, Diff: 0.7, Sum: 3.4]
      [Termination (ms): Min: 0.0, Avg: 0.0, Max: 0.0, Diff: 0.0, Sum: 0.0]
      [GC Worker Other (ms): Min: 0.0, Avg: 0.0, Max: 0.0, Diff: 0.0, Sum: 0.2]
      [GC Worker Total (ms): Min: 0.1, Avg: 0.7, Max: 1.1, Diff: 1.0, Sum: 5.9]
      [GC Worker End (ms): Min: 2231.4, Avg: 2231.4, Max: 2231.5, Diff: 0.0]
   [Code Root Fixup: 0.0 ms]
   [Clear CT: 0.1 ms]
   [Other: 0.3 ms]
      [Choose CSet: 0.0 ms]
      [Ref Proc: 0.2 ms]
      [Ref Enq: 0.0 ms]
      [Free CSet: 0.1 ms]
   [Eden: 316.0M(316.0M)->0.0B(314.0M) Survivors: 3072.0K->5120.0K Heap: 323.6M(533.0M)->9991.2K(533.0M)]
 [Times: user=0.01 sys=0.00, real=0.00 secs] 
2.263: [GC pause (young)2.264: [SoftReference, 0 refs, 0.0000140 secs]2.264: [WeakReference, 0 refs, 0.0000030 secs]2.264: [FinalReference, 0 refs, 0.0000030 secs]2.264: [PhantomReference, 0 refs, 0.0000030 secs]2.264: [JNI Weak Reference, 0.0000030 secs], 0.0016300 secs]
   [Parallel Time: 1.1 ms, GC Workers: 8]
      [GC Worker Start (ms): Min: 2263.2, Avg: 2263.6, Max: 2264.3, Diff: 1.1]
      [Ext Root Scanning (ms): Min: 0.0, Avg: 0.2, Max: 0.3, Diff: 0.3, Sum: 1.5]
      [Update RS (ms): Min: 0.0, Avg: 0.0, Max: 0.1, Diff: 0.1, Sum: 0.1]
         [Processed Buffers: Min: 0, Avg: 0.9, Max: 4, Diff: 4, Sum: 7]
      [Scan RS (ms): Min: 0.0, Avg: 0.1, Max: 0.2, Diff: 0.1, Sum: 0.5]
      [Object Copy (ms): Min: 0.0, Avg: 0.3, Max: 0.6, Diff: 0.6, Sum: 2.4]
      [Termination (ms): Min: 0.0, Avg: 0.1, Max: 0.2, Diff: 0.2, Sum: 0.9]
      [GC Worker Other (ms): Min: 0.0, Avg: 0.0, Max: 0.0, Diff: 0.0, Sum: 0.0]
      [GC Worker Total (ms): Min: 0.0, Avg: 0.7, Max: 1.1, Diff: 1.1, Sum: 5.4]
      [GC Worker End (ms): Min: 2264.3, Avg: 2264.3, Max: 2264.3, Diff: 0.0]
   [Code Root Fixup: 0.0 ms]
   [Clear CT: 0.2 ms]
   [Other: 0.3 ms]
      [Choose CSet: 0.0 ms]
      [Ref Proc: 0.2 ms]
      [Ref Enq: 0.0 ms]
      [Free CSet: 0.1 ms]
   [Eden: 314.0M(314.0M)->0.0B(315.0M) Survivors: 5120.0K->4096.0K Heap: 323.8M(533.0M)->9410.9K(533.0M)]
 [Times: user=0.01 sys=0.00, real=0.00 secs] 
2.298: [GC pause (young)2.299: [SoftReference, 0 refs, 0.0000140 secs]2.299: [WeakReference, 0 refs, 0.0000120 secs]2.299: [FinalReference, 0 refs, 0.0000020 secs]2.299: [PhantomReference, 0 refs, 0.0000030 secs]2.299: [JNI Weak Reference, 0.0000020 secs], 0.0014870 secs]
   [Parallel Time: 1.1 ms, GC Workers: 8]
      [GC Worker Start (ms): Min: 2297.8, Avg: 2298.2, Max: 2298.8, Diff: 1.0]
      [Ext Root Scanning (ms): Min: 0.0, Avg: 0.2, Max: 0.3, Diff: 0.3, Sum: 1.4]
      [Update RS (ms): Min: 0.0, Avg: 0.0, Max: 0.0, Diff: 0.0, Sum: 0.1]
         [Processed Buffers: Min: 0, Avg: 0.9, Max: 6, Diff: 6, Sum: 7]
      [Scan RS (ms): Min: 0.0, Avg: 0.1, Max: 0.1, Diff: 0.1, Sum: 0.5]
      [Object Copy (ms): Min: 0.0, Avg: 0.3, Max: 0.6, Diff: 0.6, Sum: 2.8]
      [Termination (ms): Min: 0.0, Avg: 0.1, Max: 0.1, Diff: 0.1, Sum: 0.5]
      [GC Worker Other (ms): Min: 0.0, Avg: 0.0, Max: 0.0, Diff: 0.0, Sum: 0.0]
      [GC Worker Total (ms): Min: 0.0, Avg: 0.7, Max: 1.0, Diff: 1.0, Sum: 5.3]
      [GC Worker End (ms): Min: 2298.8, Avg: 2298.8, Max: 2298.8, Diff: 0.0]
   [Code Root Fixup: 0.0 ms]
   [Clear CT: 0.1 ms]
   [Other: 0.3 ms]
      [Choose CSet: 0.0 ms]
      [Ref Proc: 0.2 ms]
      [Ref Enq: 0.0 ms]
      [Free CSet: 0.1 ms]
   [Eden: 315.0M(315.0M)->0.0B(316.0M) Survivors: 4096.0K->3072.0K Heap: 324.2M(533.0M)->7980.8K(533.0M)]
 [Times: user=0.01 sys=0.00, real=0.00 secs] 
2.341: [GC pause (young)2.342: [SoftReference, 0 refs, 0.0000160 secs]2.342: [WeakReference, 0 refs, 0.0000030 secs]2.342: [FinalReference, 0 refs, 0.0000030 secs]2.342: [PhantomReference, 0 refs, 0.0000030 secs]2.342: [JNI Weak Reference, 0.0000030 secs], 0.0016600 secs]
   [Parallel Time: 1.1 ms, GC Workers: 8]
      [GC Worker Start (ms): Min: 2341.0, Avg: 2341.2, Max: 2342.0, Diff: 1.0]
      [Ext Root Scanning (ms): Min: 0.0, Avg: 0.2, Max: 0.5, Diff: 0.5, Sum: 1.9]
      [Update RS (ms): Min: 0.0, Avg: 0.0, Max: 0.1, Diff: 0.1, Sum: 0.1]
         [Processed Buffers: Min: 0, Avg: 1.0, Max: 5, Diff: 5, Sum: 8]
      [Scan RS (ms): Min: 0.0, Avg: 0.1, Max: 0.1, Diff: 0.1, Sum: 0.6]
      [Object Copy (ms): Min: 0.0, Avg: 0.4, Max: 0.5, Diff: 0.5, Sum: 3.0]
      [Termination (ms): Min: 0.0, Avg: 0.1, Max: 0.1, Diff: 0.1, Sum: 0.8]
      [GC Worker Other (ms): Min: 0.0, Avg: 0.0, Max: 0.0, Diff: 0.0, Sum: 0.1]
      [GC Worker Total (ms): Min: 0.0, Avg: 0.8, Max: 1.1, Diff: 1.0, Sum: 6.4]
      [GC Worker End (ms): Min: 2342.0, Avg: 2342.0, Max: 2342.0, Diff: 0.0]
   [Code Root Fixup: 0.0 ms]
   [Clear CT: 0.1 ms]
   [Other: 0.4 ms]
      [Choose CSet: 0.0 ms]
      [Ref Proc: 0.2 ms]
      [Ref Enq: 0.0 ms]
      [Free CSet: 0.2 ms]
   [Eden: 316.0M(316.0M)->0.0B(317.0M) Survivors: 3072.0K->2048.0K Heap: 323.8M(533.0M)->6770.5K(533.0M)]
 [Times: user=0.01 sys=0.00, real=0.01 secs] 
2.390: [GC pause (young)2.391: [SoftReference, 0 refs, 0.0000210 secs]2.391: [WeakReference, 0 refs, 0.0000050 secs]2.391: [FinalReference, 0 refs, 0.0000050 secs]2.391: [PhantomReference, 0 refs, 0.0000040 secs]2.391: [JNI Weak Reference, 0.0000040 secs], 0.0017880 secs]
   [Parallel Time: 1.2 ms, GC Workers: 8]
      [GC Worker Start (ms): Min: 2390.0, Avg: 2390.3, Max: 2391.0, Diff: 1.1]
      [Ext Root Scanning (ms): Min: 0.0, Avg: 0.2, Max: 0.4, Diff: 0.4, Sum: 1.9]
      [Update RS (ms): Min: 0.0, Avg: 0.0, Max: 0.0, Diff: 0.0, Sum: 0.1]
         [Processed Buffers: Min: 0, Avg: 1.0, Max: 3, Diff: 3, Sum: 8]
      [Scan RS (ms): Min: 0.0, Avg: 0.1, Max: 0.1, Diff: 0.1, Sum: 0.6]
      [Object Copy (ms): Min: 0.0, Avg: 0.3, Max: 0.5, Diff: 0.5, Sum: 2.7]
      [Termination (ms): Min: 0.0, Avg: 0.1, Max: 0.1, Diff: 0.1, Sum: 0.8]
      [GC Worker Other (ms): Min: 0.0, Avg: 0.0, Max: 0.0, Diff: 0.0, Sum: 0.1]
      [GC Worker Total (ms): Min: 0.0, Avg: 0.8, Max: 1.1, Diff: 1.1, Sum: 6.1]
      [GC Worker End (ms): Min: 2391.0, Avg: 2391.1, Max: 2391.1, Diff: 0.0]
   [Code Root Fixup: 0.0 ms]
   [Clear CT: 0.1 ms]
   [Other: 0.5 ms]
      [Choose CSet: 0.0 ms]
      [Ref Proc: 0.2 ms]
      [Ref Enq: 0.0 ms]
      [Free CSet: 0.2 ms]
   [Eden: 317.0M(317.0M)->0.0B(318.0M) Survivors: 2048.0K->1024.0K Heap: 323.6M(533.0M)->6371.8K(533.0M)]
 [Times: user=0.01 sys=0.00, real=0.00 secs] 
2.439: [GC pause (young)2.440: [SoftReference, 0 refs, 0.0000160 secs]2.440: [WeakReference, 0 refs, 0.0000030 secs]2.440: [FinalReference, 0 refs, 0.0000150 secs]2.440: [PhantomReference, 0 refs, 0.0000030 secs]2.440: [JNI Weak Reference, 0.0000020 secs], 0.0016510 secs]
   [Parallel Time: 1.1 ms, GC Workers: 8]
      [GC Worker Start (ms): Min: 2438.8, Avg: 2439.2, Max: 2439.8, Diff: 1.0]
      [Ext Root Scanning (ms): Min: 0.0, Avg: 0.2, Max: 0.3, Diff: 0.3, Sum: 1.6]
      [Update RS (ms): Min: 0.0, Avg: 0.0, Max: 0.1, Diff: 0.1, Sum: 0.1]
         [Processed Buffers: Min: 0, Avg: 1.0, Max: 4, Diff: 4, Sum: 8]
      [Scan RS (ms): Min: 0.0, Avg: 0.1, Max: 0.1, Diff: 0.1, Sum: 0.5]
      [Object Copy (ms): Min: 0.0, Avg: 0.3, Max: 0.5, Diff: 0.5, Sum: 2.1]
      [Termination (ms): Min: 0.0, Avg: 0.1, Max: 0.1, Diff: 0.1, Sum: 0.6]
      [GC Worker Other (ms): Min: 0.0, Avg: 0.0, Max: 0.0, Diff: 0.0, Sum: 0.1]
      [GC Worker Total (ms): Min: 0.0, Avg: 0.6, Max: 1.0, Diff: 1.0, Sum: 5.0]
      [GC Worker End (ms): Min: 2439.8, Avg: 2439.8, Max: 2439.8, Diff: 0.0]
   [Code Root Fixup: 0.0 ms]
   [Clear CT: 0.1 ms]
   [Other: 0.4 ms]
      [Choose CSet: 0.0 ms]
      [Ref Proc: 0.2 ms]
      [Ref Enq: 0.0 ms]
      [Free CSet: 0.1 ms]
   [Eden: 318.0M(318.0M)->0.0B(316.0M) Survivors: 1024.0K->3072.0K Heap: 324.2M(533.0M)->8684.3K(533.0M)]
 [Times: user=0.00 sys=0.00, real=0.00 secs] 
2.480: [GC pause (young)2.481: [SoftReference, 0 refs, 0.0000130 secs]2.481: [WeakReference, 0 refs, 0.0000030 secs]2.481: [FinalReference, 0 refs, 0.0000030 secs]2.481: [PhantomReference, 0 refs, 0.0000020 secs]2.481: [JNI Weak Reference, 0.0000020 secs], 0.0015860 secs]
   [Parallel Time: 1.1 ms, GC Workers: 8]
      [GC Worker Start (ms): Min: 2479.7, Avg: 2480.1, Max: 2480.7, Diff: 1.0]
      [Ext Root Scanning (ms): Min: 0.0, Avg: 0.2, Max: 0.3, Diff: 0.3, Sum: 1.4]
      [Update RS (ms): Min: 0.0, Avg: 0.0, Max: 0.1, Diff: 0.1, Sum: 0.1]
         [Processed Buffers: Min: 0, Avg: 0.9, Max: 5, Diff: 5, Sum: 7]
      [Scan RS (ms): Min: 0.0, Avg: 0.1, Max: 0.2, Diff: 0.1, Sum: 0.7]
      [Object Copy (ms): Min: 0.0, Avg: 0.4, Max: 0.6, Diff: 0.6, Sum: 2.8]
      [Termination (ms): Min: 0.0, Avg: 0.1, Max: 0.1, Diff: 0.1, Sum: 0.7]
      [GC Worker Other (ms): Min: 0.0, Avg: 0.0, Max: 0.0, Diff: 0.0, Sum: 0.1]
      [GC Worker Total (ms): Min: 0.0, Avg: 0.7, Max: 1.1, Diff: 1.1, Sum: 5.7]
      [GC Worker End (ms): Min: 2480.8, Avg: 2480.8, Max: 2480.8, Diff: 0.0]
   [Code Root Fixup: 0.0 ms]
   [Clear CT: 0.1 ms]
   [Other: 0.3 ms]
      [Choose CSet: 0.0 ms]
      [Ref Proc: 0.2 ms]
      [Ref Enq: 0.0 ms]
      [Free CSet: 0.1 ms]
   [Eden: 316.0M(316.0M)->0.0B(316.0M) Survivors: 3072.0K->3072.0K Heap: 324.5M(533.0M)->8093.1K(533.0M)]
 [Times: user=0.01 sys=0.00, real=0.00 secs] 
2.520: [GC pause (young)2.521: [SoftReference, 0 refs, 0.0000160 secs]2.521: [WeakReference, 0 refs, 0.0000030 secs]2.521: [FinalReference, 0 refs, 0.0000020 secs]2.521: [PhantomReference, 0 refs, 0.0000020 secs]2.521: [JNI Weak Reference, 0.0000030 secs], 0.0015430 secs]
   [Parallel Time: 1.0 ms, GC Workers: 8]
      [GC Worker Start (ms): Min: 2520.2, Avg: 2520.6, Max: 2521.1, Diff: 0.9]
      [Ext Root Scanning (ms): Min: 0.0, Avg: 0.2, Max: 0.4, Diff: 0.4, Sum: 1.3]
      [Update RS (ms): Min: 0.0, Avg: 0.0, Max: 0.0, Diff: 0.0, Sum: 0.1]
         [Processed Buffers: Min: 0, Avg: 1.0, Max: 5, Diff: 5, Sum: 8]
      [Scan RS (ms): Min: 0.0, Avg: 0.0, Max: 0.1, Diff: 0.1, Sum: 0.4]
      [Object Copy (ms): Min: 0.0, Avg: 0.2, Max: 0.5, Diff: 0.5, Sum: 1.6]
      [Termination (ms): Min: 0.0, Avg: 0.1, Max: 0.1, Diff: 0.1, Sum: 0.6]
      [GC Worker Other (ms): Min: 0.0, Avg: 0.0, Max: 0.0, Diff: 0.0, Sum: 0.2]
      [GC Worker Total (ms): Min: 0.0, Avg: 0.5, Max: 1.0, Diff: 1.0, Sum: 4.2]
      [GC Worker End (ms): Min: 2521.1, Avg: 2521.2, Max: 2521.2, Diff: 0.0]
   [Code Root Fixup: 0.0 ms]
   [Clear CT: 0.1 ms]
   [Other: 0.4 ms]
      [Choose CSet: 0.0 ms]
      [Ref Proc: 0.2 ms]
      [Ref Enq: 0.0 ms]
      [Free CSet: 0.1 ms]
   [Eden: 316.0M(316.0M)->0.0B(317.0M) Survivors: 3072.0K->2048.0K Heap: 323.9M(533.0M)->7137.0K(533.0M)]
 [Times: user=0.00 sys=0.00, real=0.00 secs] 
2.560: [GC pause (young)2.562: [SoftReference, 0 refs, 0.0000670 secs]2.562: [WeakReference, 0 refs, 0.0000030 secs]2.562: [FinalReference, 0 refs, 0.0000020 secs]2.562: [PhantomReference, 0 refs, 0.0000020 secs]2.562: [JNI Weak Reference, 0.0000020 secs], 0.0021680 secs]
   [Parallel Time: 1.6 ms, GC Workers: 8]
      [GC Worker Start (ms): Min: 2559.8, Avg: 2560.5, Max: 2561.4, Diff: 1.6]
      [Ext Root Scanning (ms): Min: 0.0, Avg: 0.2, Max: 0.4, Diff: 0.4, Sum: 1.6]
      [Update RS (ms): Min: 0.0, Avg: 0.0, Max: 0.1, Diff: 0.1, Sum: 0.1]
         [Processed Buffers: Min: 0, Avg: 0.8, Max: 5, Diff: 5, Sum: 6]
      [Scan RS (ms): Min: 0.0, Avg: 0.1, Max: 0.2, Diff: 0.2, Sum: 0.9]
      [Object Copy (ms): Min: 0.0, Avg: 0.4, Max: 0.8, Diff: 0.8, Sum: 3.5]
      [Termination (ms): Min: 0.0, Avg: 0.1, Max: 0.2, Diff: 0.2, Sum: 1.1]
      [GC Worker Other (ms): Min: 0.0, Avg: 0.0, Max: 0.0, Diff: 0.0, Sum: 0.1]
      [GC Worker Total (ms): Min: 0.0, Avg: 0.9, Max: 1.6, Diff: 1.6, Sum: 7.3]
      [GC Worker End (ms): Min: 2561.4, Avg: 2561.4, Max: 2561.4, Diff: 0.0]
   [Code Root Fixup: 0.0 ms]
   [Clear CT: 0.1 ms]
   [Other: 0.4 ms]
      [Choose CSet: 0.0 ms]
      [Ref Proc: 0.2 ms]
      [Ref Enq: 0.0 ms]
      [Free CSet: 0.1 ms]
   [Eden: 317.0M(317.0M)->0.0B(318.0M) Survivors: 2048.0K->1024.0K Heap: 324.0M(533.0M)->6846.2K(533.0M)]
 [Times: user=0.01 sys=0.00, real=0.00 secs] 
2.603: [GC pause (young)2.604: [SoftReference, 0 refs, 0.0000300 secs]2.604: [WeakReference, 0 refs, 0.0000040 secs]2.604: [FinalReference, 0 refs, 0.0000040 secs]2.604: [PhantomReference, 0 refs, 0.0000030 secs]2.604: [JNI Weak Reference, 0.0000040 secs], 0.0017940 secs]
   [Parallel Time: 1.2 ms, GC Workers: 8]
      [GC Worker Start (ms): Min: 2602.8, Avg: 2602.9, Max: 2603.1, Diff: 0.4]
      [Ext Root Scanning (ms): Min: 0.1, Avg: 0.4, Max: 0.7, Diff: 0.6, Sum: 3.5]
      [Update RS (ms): Min: 0.0, Avg: 0.0, Max: 0.0, Diff: 0.0, Sum: 0.1]
         [Processed Buffers: Min: 0, Avg: 0.8, Max: 3, Diff: 3, Sum: 6]
      [Scan RS (ms): Min: 0.0, Avg: 0.1, Max: 0.1, Diff: 0.1, Sum: 0.6]
      [Object Copy (ms): Min: 0.0, Avg: 0.3, Max: 0.4, Diff: 0.4, Sum: 2.4]
      [Termination (ms): Min: 0.0, Avg: 0.2, Max: 0.3, Diff: 0.3, Sum: 1.5]
      [GC Worker Other (ms): Min: 0.0, Avg: 0.0, Max: 0.0, Diff: 0.0, Sum: 0.1]
      [GC Worker Total (ms): Min: 0.7, Avg: 1.0, Max: 1.2, Diff: 0.5, Sum: 8.1]
      [GC Worker End (ms): Min: 2603.9, Avg: 2603.9, Max: 2604.0, Diff: 0.1]
   [Code Root Fixup: 0.0 ms]
   [Clear CT: 0.1 ms]
   [Other: 0.4 ms]
      [Choose CSet: 0.0 ms]
      [Ref Proc: 0.2 ms]
      [Ref Enq: 0.0 ms]
      [Free CSet: 0.1 ms]
   [Eden: 318.0M(318.0M)->0.0B(318.0M) Survivors: 1024.0K->1024.0K Heap: 324.7M(533.0M)->6417.7K(533.0M)]
 [Times: user=0.00 sys=0.00, real=0.00 secs] 
2.642: [GC pause (young)2.644: [SoftReference, 0 refs, 0.0000560 secs]2.644: [WeakReference, 0 refs, 0.0000040 secs]2.644: [FinalReference, 0 refs, 0.0000040 secs]2.644: [PhantomReference, 0 refs, 0.0000040 secs]2.644: [JNI Weak Reference, 0.0000040 secs], 0.0018370 secs]
   [Parallel Time: 1.0 ms, GC Workers: 8]
      [GC Worker Start (ms): Min: 2642.2, Avg: 2642.3, Max: 2642.7, Diff: 0.6]
      [Ext Root Scanning (ms): Min: 0.0, Avg: 0.2, Max: 0.4, Diff: 0.4, Sum: 1.9]
      [Update RS (ms): Min: 0.0, Avg: 0.0, Max: 0.0, Diff: 0.0, Sum: 0.1]
         [Processed Buffers: Min: 0, Avg: 1.0, Max: 3, Diff: 3, Sum: 8]
      [Scan RS (ms): Min: 0.0, Avg: 0.1, Max: 0.1, Diff: 0.1, Sum: 0.6]
      [Object Copy (ms): Min: 0.2, Avg: 0.4, Max: 0.5, Diff: 0.2, Sum: 3.2]
      [Termination (ms): Min: 0.0, Avg: 0.1, Max: 0.1, Diff: 0.1, Sum: 0.6]
      [GC Worker Other (ms): Min: 0.0, Avg: 0.0, Max: 0.0, Diff: 0.0, Sum: 0.1]
      [GC Worker Total (ms): Min: 0.4, Avg: 0.8, Max: 1.0, Diff: 0.5, Sum: 6.4]
      [GC Worker End (ms): Min: 2643.1, Avg: 2643.1, Max: 2643.1, Diff: 0.0]
   [Code Root Fixup: 0.0 ms]
   [Clear CT: 0.2 ms]
   [Other: 0.6 ms]
      [Choose CSet: 0.0 ms]
      [Ref Proc: 0.4 ms]
      [Ref Enq: 0.0 ms]
      [Free CSet: 0.1 ms]
   [Eden: 318.0M(318.0M)->0.0B(317.0M) Survivors: 1024.0K->2048.0K Heap: 324.3M(533.0M)->6999.5K(533.0M)]
 [Times: user=0.01 sys=0.00, real=0.01 secs] 
2.683: [GC pause (young)2.684: [SoftReference, 0 refs, 0.0000140 secs]2.684: [WeakReference, 0 refs, 0.0000030 secs]2.684: [FinalReference, 0 refs, 0.0000030 secs]2.684: [PhantomReference, 0 refs, 0.0000030 secs]2.684: [JNI Weak Reference, 0.0000030 secs], 0.0015570 secs]
   [Parallel Time: 1.1 ms, GC Workers: 8]
      [GC Worker Start (ms): Min: 2683.1, Avg: 2683.5, Max: 2684.1, Diff: 1.0]
      [Ext Root Scanning (ms): Min: 0.0, Avg: 0.2, Max: 0.4, Diff: 0.4, Sum: 1.3]
      [Update RS (ms): Min: 0.0, Avg: 0.0, Max: 0.0, Diff: 0.0, Sum: 0.1]
         [Processed Buffers: Min: 0, Avg: 1.2, Max: 4, Diff: 4, Sum: 10]
      [Scan RS (ms): Min: 0.0, Avg: 0.0, Max: 0.1, Diff: 0.1, Sum: 0.4]
      [Object Copy (ms): Min: 0.0, Avg: 0.3, Max: 0.5, Diff: 0.5, Sum: 2.3]
      [Termination (ms): Min: 0.0, Avg: 0.1, Max: 0.1, Diff: 0.1, Sum: 0.6]
      [GC Worker Other (ms): Min: 0.0, Avg: 0.0, Max: 0.0, Diff: 0.0, Sum: 0.0]
      [GC Worker Total (ms): Min: 0.0, Avg: 0.6, Max: 1.1, Diff: 1.0, Sum: 4.8]
      [GC Worker End (ms): Min: 2684.1, Avg: 2684.1, Max: 2684.1, Diff: 0.0]
   [Code Root Fixup: 0.0 ms]
   [Clear CT: 0.1 ms]
   [Other: 0.3 ms]
      [Choose CSet: 0.0 ms]
      [Ref Proc: 0.2 ms]
      [Ref Enq: 0.0 ms]
      [Free CSet: 0.1 ms]
   [Eden: 317.0M(317.0M)->0.0B(318.0M) Survivors: 2048.0K->1024.0K Heap: 323.8M(533.0M)->6518.7K(533.0M)]
 [Times: user=0.01 sys=0.00, real=0.00 secs] 
2.725: [GC pause (young)2.726: [SoftReference, 0 refs, 0.0000160 secs]2.726: [WeakReference, 0 refs, 0.0000020 secs]2.726: [FinalReference, 0 refs, 0.0000020 secs]2.726: [PhantomReference, 0 refs, 0.0000020 secs]2.726: [JNI Weak Reference, 0.0000030 secs], 0.0017220 secs]
   [Parallel Time: 1.3 ms, GC Workers: 8]
      [GC Worker Start (ms): Min: 2724.8, Avg: 2725.4, Max: 2726.0, Diff: 1.2]
      [Ext Root Scanning (ms): Min: 0.0, Avg: 0.2, Max: 0.4, Diff: 0.4, Sum: 1.4]
      [Update RS (ms): Min: 0.0, Avg: 0.0, Max: 0.0, Diff: 0.0, Sum: 0.1]
         [Processed Buffers: Min: 0, Avg: 0.9, Max: 5, Diff: 5, Sum: 7]
      [Scan RS (ms): Min: 0.0, Avg: 0.1, Max: 0.2, Diff: 0.2, Sum: 0.5]
      [Object Copy (ms): Min: 0.0, Avg: 0.2, Max: 0.5, Diff: 0.5, Sum: 1.9]
      [Termination (ms): Min: 0.0, Avg: 0.1, Max: 0.2, Diff: 0.2, Sum: 1.0]
      [GC Worker Other (ms): Min: 0.0, Avg: 0.0, Max: 0.0, Diff: 0.0, Sum: 0.1]
      [GC Worker Total (ms): Min: 0.0, Avg: 0.6, Max: 1.2, Diff: 1.2, Sum: 5.0]
      [GC Worker End (ms): Min: 2726.0, Avg: 2726.0, Max: 2726.1, Diff: 0.0]
   [Code Root Fixup: 0.0 ms]
   [Clear CT: 0.1 ms]
   [Other: 0.4 ms]
      [Choose CSet: 0.0 ms]
      [Ref Proc: 0.2 ms]
      [Ref Enq: 0.0 ms]
      [Free CSet: 0.1 ms]
   [Eden: 318.0M(318.0M)->0.0B(315.0M) Survivors: 1024.0K->4096.0K Heap: 324.4M(533.0M)->9169.4K(533.0M)]
 [Times: user=0.00 sys=0.00, real=0.00 secs] 
2.762: [GC pause (young)2.763: [SoftReference, 0 refs, 0.0000170 secs]2.763: [WeakReference, 0 refs, 0.0000020 secs]2.763: [FinalReference, 0 refs, 0.0000030 secs]2.763: [PhantomReference, 0 refs, 0.0000020 secs]2.763: [JNI Weak Reference, 0.0000020 secs], 0.0015820 secs]
   [Parallel Time: 1.1 ms, GC Workers: 8]
      [GC Worker Start (ms): Min: 2762.1, Avg: 2762.3, Max: 2763.0, Diff: 0.9]
      [Ext Root Scanning (ms): Min: 0.0, Avg: 0.2, Max: 0.3, Diff: 0.3, Sum: 1.6]
      [Update RS (ms): Min: 0.0, Avg: 0.0, Max: 0.0, Diff: 0.0, Sum: 0.1]
         [Processed Buffers: Min: 0, Avg: 0.8, Max: 3, Diff: 3, Sum: 6]
      [Scan RS (ms): Min: 0.0, Avg: 0.1, Max: 0.2, Diff: 0.2, Sum: 0.7]
      [Object Copy (ms): Min: 0.0, Avg: 0.4, Max: 0.7, Diff: 0.7, Sum: 3.4]
      [Termination (ms): Min: 0.0, Avg: 0.1, Max: 0.1, Diff: 0.1, Sum: 0.7]
      [GC Worker Other (ms): Min: 0.0, Avg: 0.0, Max: 0.0, Diff: 0.0, Sum: 0.1]
      [GC Worker Total (ms): Min: 0.1, Avg: 0.8, Max: 1.1, Diff: 0.9, Sum: 6.6]
      [GC Worker End (ms): Min: 2763.1, Avg: 2763.2, Max: 2763.2, Diff: 0.0]
   [Code Root Fixup: 0.0 ms]
   [Clear CT: 0.1 ms]
   [Other: 0.3 ms]
      [Choose CSet: 0.0 ms]
      [Ref Proc: 0.2 ms]
      [Ref Enq: 0.0 ms]
      [Free CSet: 0.1 ms]
   [Eden: 315.0M(315.0M)->0.0B(316.0M) Survivors: 4096.0K->3072.0K Heap: 324.0M(533.0M)->8342.2K(533.0M)]
 [Times: user=0.01 sys=0.01, real=0.01 secs] 
2.802: [GC pause (young)2.804: [SoftReference, 0 refs, 0.0000190 secs]2.804: [WeakReference, 0 refs, 0.0000030 secs]2.804: [FinalReference, 0 refs, 0.0000020 secs]2.804: [PhantomReference, 0 refs, 0.0000020 secs]2.804: [JNI Weak Reference, 0.0000030 secs], 0.0018540 secs]
   [Parallel Time: 1.3 ms, GC Workers: 8]
      [GC Worker Start (ms): Min: 2802.5, Avg: 2803.0, Max: 2803.8, Diff: 1.2]
      [Ext Root Scanning (ms): Min: 0.0, Avg: 0.2, Max: 0.4, Diff: 0.4, Sum: 1.5]
      [Update RS (ms): Min: 0.0, Avg: 0.0, Max: 0.1, Diff: 0.1, Sum: 0.1]
         [Processed Buffers: Min: 0, Avg: 1.1, Max: 7, Diff: 7, Sum: 9]
      [Scan RS (ms): Min: 0.0, Avg: 0.1, Max: 0.2, Diff: 0.2, Sum: 0.7]
      [Object Copy (ms): Min: 0.0, Avg: 0.4, Max: 0.7, Diff: 0.7, Sum: 3.2]
      [Termination (ms): Min: 0.0, Avg: 0.1, Max: 0.1, Diff: 0.1, Sum: 0.6]
      [GC Worker Other (ms): Min: 0.0, Avg: 0.0, Max: 0.0, Diff: 0.0, Sum: 0.1]
      [GC Worker Total (ms): Min: 0.0, Avg: 0.8, Max: 1.3, Diff: 1.2, Sum: 6.2]
      [GC Worker End (ms): Min: 2803.8, Avg: 2803.8, Max: 2803.8, Diff: 0.0]
   [Code Root Fixup: 0.0 ms]
   [Clear CT: 0.1 ms]
   [Other: 0.4 ms]
      [Choose CSet: 0.0 ms]
      [Ref Proc: 0.2 ms]
      [Ref Enq: 0.0 ms]
      [Free CSet: 0.2 ms]
   [Eden: 316.0M(316.0M)->0.0B(317.0M) Survivors: 3072.0K->2048.0K Heap: 324.1M(533.0M)->7813.9K(533.0M)]
 [Times: user=0.01 sys=0.00, real=0.00 secs] 
2.850: [GC pause (young)2.851: [SoftReference, 0 refs, 0.0000180 secs]2.851: [WeakReference, 0 refs, 0.0000020 secs]2.851: [FinalReference, 0 refs, 0.0000020 secs]2.851: [PhantomReference, 0 refs, 0.0000020 secs]2.851: [JNI Weak Reference, 0.0000030 secs], 0.0015290 secs]
   [Parallel Time: 1.0 ms, GC Workers: 8]
      [GC Worker Start (ms): Min: 2849.9, Avg: 2850.3, Max: 2850.9, Diff: 0.9]
      [Ext Root Scanning (ms): Min: 0.0, Avg: 0.2, Max: 0.5, Diff: 0.5, Sum: 1.6]
      [Update RS (ms): Min: 0.0, Avg: 0.0, Max: 0.0, Diff: 0.0, Sum: 0.1]
         [Processed Buffers: Min: 0, Avg: 1.0, Max: 3, Diff: 3, Sum: 8]
      [Scan RS (ms): Min: 0.0, Avg: 0.1, Max: 0.1, Diff: 0.1, Sum: 0.5]
      [Object Copy (ms): Min: 0.0, Avg: 0.2, Max: 0.4, Diff: 0.4, Sum: 1.9]
      [Termination (ms): Min: 0.0, Avg: 0.1, Max: 0.1, Diff: 0.1, Sum: 0.6]
      [GC Worker Other (ms): Min: 0.0, Avg: 0.0, Max: 0.0, Diff: 0.0, Sum: 0.0]
      [GC Worker Total (ms): Min: 0.0, Avg: 0.6, Max: 1.0, Diff: 1.0, Sum: 4.6]
      [GC Worker End (ms): Min: 2850.9, Avg: 2850.9, Max: 2850.9, Diff: 0.0]
   [Code Root Fixup: 0.0 ms]
   [Clear CT: 0.1 ms]
   [Other: 0.4 ms]
      [Choose CSet: 0.0 ms]
      [Ref Proc: 0.2 ms]
      [Ref Enq: 0.0 ms]
      [Free CSet: 0.1 ms]
   [Eden: 317.0M(317.0M)->0.0B(317.0M) Survivors: 2048.0K->2048.0K Heap: 324.6M(533.0M)->7140.4K(533.0M)]
 [Times: user=0.01 sys=0.00, real=0.00 secs] 
2.896: [GC pause (young)2.898: [SoftReference, 0 refs, 0.0000170 secs]2.898: [WeakReference, 0 refs, 0.0000030 secs]2.898: [FinalReference, 0 refs, 0.0000020 secs]2.898: [PhantomReference, 0 refs, 0.0000020 secs]2.898: [JNI Weak Reference, 0.0000020 secs], 0.0015110 secs]
   [Parallel Time: 1.1 ms, GC Workers: 8]
      [GC Worker Start (ms): Min: 2896.4, Avg: 2896.7, Max: 2897.3, Diff: 1.0]
      [Ext Root Scanning (ms): Min: 0.0, Avg: 0.2, Max: 0.3, Diff: 0.3, Sum: 1.5]
      [Update RS (ms): Min: 0.0, Avg: 0.0, Max: 0.1, Diff: 0.1, Sum: 0.1]
         [Processed Buffers: Min: 0, Avg: 0.8, Max: 3, Diff: 3, Sum: 6]
      [Scan RS (ms): Min: 0.0, Avg: 0.1, Max: 0.1, Diff: 0.1, Sum: 0.6]
      [Object Copy (ms): Min: 0.0, Avg: 0.3, Max: 0.5, Diff: 0.5, Sum: 2.8]
      [Termination (ms): Min: 0.0, Avg: 0.1, Max: 0.1, Diff: 0.1, Sum: 0.7]
      [GC Worker Other (ms): Min: 0.0, Avg: 0.0, Max: 0.0, Diff: 0.0, Sum: 0.0]
      [GC Worker Total (ms): Min: 0.0, Avg: 0.7, Max: 1.0, Diff: 1.0, Sum: 5.7]
      [GC Worker End (ms): Min: 2897.4, Avg: 2897.4, Max: 2897.4, Diff: 0.0]
   [Code Root Fixup: 0.0 ms]
   [Clear CT: 0.1 ms]
   [Other: 0.3 ms]
      [Choose CSet: 0.0 ms]
      [Ref Proc: 0.2 ms]
      [Ref Enq: 0.0 ms]
      [Free CSet: 0.1 ms]
   [Eden: 317.0M(317.0M)->0.0B(317.0M) Survivors: 2048.0K->2048.0K Heap: 324.0M(533.0M)->7833.5K(533.0M)]
 [Times: user=0.00 sys=0.00, real=0.00 secs] 
2.932: [GC pause (young)2.933: [SoftReference, 0 refs, 0.0000140 secs]2.933: [WeakReference, 0 refs, 0.0000030 secs]2.933: [FinalReference, 0 refs, 0.0000020 secs]2.933: [PhantomReference, 0 refs, 0.0000020 secs]2.933: [JNI Weak Reference, 0.0000020 secs], 0.0014740 secs]
   [Parallel Time: 1.0 ms, GC Workers: 8]
      [GC Worker Start (ms): Min: 2932.1, Avg: 2932.2, Max: 2932.3, Diff: 0.3]
      [Ext Root Scanning (ms): Min: 0.0, Avg: 0.3, Max: 0.6, Diff: 0.6, Sum: 2.3]
      [Update RS (ms): Min: 0.0, Avg: 0.0, Max: 0.0, Diff: 0.0, Sum: 0.1]
         [Processed Buffers: Min: 0, Avg: 1.0, Max: 6, Diff: 6, Sum: 8]
      [Scan RS (ms): Min: 0.0, Avg: 0.1, Max: 0.1, Diff: 0.1, Sum: 0.6]
      [Object Copy (ms): Min: 0.3, Avg: 0.4, Max: 0.5, Diff: 0.2, Sum: 3.3]
      [Termination (ms): Min: 0.0, Avg: 0.1, Max: 0.1, Diff: 0.1, Sum: 0.7]
      [GC Worker Other (ms): Min: 0.0, Avg: 0.0, Max: 0.0, Diff: 0.0, Sum: 0.1]
      [GC Worker Total (ms): Min: 0.7, Avg: 0.9, Max: 1.0, Diff: 0.3, Sum: 7.1]
      [GC Worker End (ms): Min: 2933.0, Avg: 2933.0, Max: 2933.0, Diff: 0.0]
   [Code Root Fixup: 0.0 ms]
   [Clear CT: 0.1 ms]
   [Other: 0.4 ms]
      [Choose CSet: 0.0 ms]
      [Ref Proc: 0.2 ms]
      [Ref Enq: 0.0 ms]
      [Free CSet: 0.1 ms]
   [Eden: 317.0M(317.0M)->0.0B(316.0M) Survivors: 2048.0K->3072.0K Heap: 324.6M(533.0M)->8783.6K(533.0M)]
 [Times: user=0.01 sys=0.00, real=0.01 secs] 
2.972: [GC pause (young)2.974: [SoftReference, 0 refs, 0.0000160 secs]2.974: [WeakReference, 0 refs, 0.0000020 secs]2.974: [FinalReference, 0 refs, 0.0000020 secs]2.974: [PhantomReference, 0 refs, 0.0000110 secs]2.974: [JNI Weak Reference, 0.0000020 secs], 0.0016620 secs]
   [Parallel Time: 1.2 ms, GC Workers: 8]
      [GC Worker Start (ms): Min: 2972.4, Avg: 2972.9, Max: 2973.5, Diff: 1.1]
      [Ext Root Scanning (ms): Min: 0.0, Avg: 0.2, Max: 0.3, Diff: 0.3, Sum: 1.5]
      [Update RS (ms): Min: 0.0, Avg: 0.0, Max: 0.1, Diff: 0.1, Sum: 0.1]
         [Processed Buffers: Min: 0, Avg: 1.2, Max: 5, Diff: 5, Sum: 10]
      [Scan RS (ms): Min: 0.0, Avg: 0.1, Max: 0.2, Diff: 0.1, Sum: 0.5]
      [Object Copy (ms): Min: 0.0, Avg: 0.4, Max: 0.7, Diff: 0.7, Sum: 2.8]
      [Termination (ms): Min: 0.0, Avg: 0.1, Max: 0.1, Diff: 0.1, Sum: 0.6]
      [GC Worker Other (ms): Min: 0.0, Avg: 0.0, Max: 0.0, Diff: 0.0, Sum: 0.1]
      [GC Worker Total (ms): Min: 0.0, Avg: 0.7, Max: 1.1, Diff: 1.1, Sum: 5.6]
      [GC Worker End (ms): Min: 2973.6, Avg: 2973.6, Max: 2973.6, Diff: 0.0]
   [Code Root Fixup: 0.0 ms]
   [Clear CT: 0.1 ms]
   [Other: 0.4 ms]
      [Choose CSet: 0.0 ms]
      [Ref Proc: 0.2 ms]
      [Ref Enq: 0.0 ms]
      [Free CSet: 0.1 ms]
   [Eden: 316.0M(316.0M)->0.0B(316.0M) Survivors: 3072.0K->3072.0K Heap: 324.6M(533.0M)->8419.3K(533.0M)]
 [Times: user=0.00 sys=0.00, real=0.00 secs] 
3.012: [GC pause (young)3.013: [SoftReference, 0 refs, 0.0000150 secs]3.013: [WeakReference, 0 refs, 0.0000030 secs]3.013: [FinalReference, 0 refs, 0.0000030 secs]3.013: [PhantomReference, 0 refs, 0.0000020 secs]3.013: [JNI Weak Reference, 0.0000020 secs], 0.0014660 secs]
   [Parallel Time: 1.0 ms, GC Workers: 8]
      [GC Worker Start (ms): Min: 3012.1, Avg: 3012.3, Max: 3013.0, Diff: 0.9]
      [Ext Root Scanning (ms): Min: 0.0, Avg: 0.2, Max: 0.3, Diff: 0.3, Sum: 1.6]
      [Update RS (ms): Min: 0.0, Avg: 0.0, Max: 0.1, Diff: 0.1, Sum: 0.1]
         [Processed Buffers: Min: 0, Avg: 0.9, Max: 4, Diff: 4, Sum: 7]
      [Scan RS (ms): Min: 0.0, Avg: 0.1, Max: 0.1, Diff: 0.1, Sum: 0.6]
      [Object Copy (ms): Min: 0.0, Avg: 0.3, Max: 0.5, Diff: 0.5, Sum: 2.7]
      [Termination (ms): Min: 0.0, Avg: 0.1, Max: 0.1, Diff: 0.1, Sum: 0.7]
      [GC Worker Other (ms): Min: 0.0, Avg: 0.0, Max: 0.0, Diff: 0.0, Sum: 0.1]
      [GC Worker Total (ms): Min: 0.0, Avg: 0.7, Max: 1.0, Diff: 0.9, Sum: 5.7]
      [GC Worker End (ms): Min: 3013.1, Avg: 3013.1, Max: 3013.1, Diff: 0.0]
   [Code Root Fixup: 0.0 ms]
   [Clear CT: 0.1 ms]
   [Other: 0.3 ms]
      [Choose CSet: 0.0 ms]
      [Ref Proc: 0.2 ms]
      [Ref Enq: 0.0 ms]
      [Free CSet: 0.1 ms]
   [Eden: 316.0M(316.0M)->0.0B(317.0M) Survivors: 3072.0K->2048.0K Heap: 324.2M(533.0M)->7660.2K(533.0M)]
 [Times: user=0.01 sys=0.00, real=0.01 secs] 
3.049: [GC pause (young)3.051: [SoftReference, 0 refs, 0.0000140 secs]3.051: [WeakReference, 0 refs, 0.0000030 secs]3.051: [FinalReference, 0 refs, 0.0000030 secs]3.051: [PhantomReference, 0 refs, 0.0000030 secs]3.051: [JNI Weak Reference, 0.0000020 secs], 0.0014760 secs]
   [Parallel Time: 1.0 ms, GC Workers: 8]
      [GC Worker Start (ms): Min: 3049.5, Avg: 3049.8, Max: 3050.4, Diff: 0.9]
      [Ext Root Scanning (ms): Min: 0.0, Avg: 0.2, Max: 0.3, Diff: 0.3, Sum: 1.5]
      [Update RS (ms): Min: 0.0, Avg: 0.0, Max: 0.0, Diff: 0.0, Sum: 0.1]
         [Processed Buffers: Min: 0, Avg: 1.0, Max: 4, Diff: 4, Sum: 8]
      [Scan RS (ms): Min: 0.0, Avg: 0.1, Max: 0.1, Diff: 0.1, Sum: 0.6]
      [Object Copy (ms): Min: 0.0, Avg: 0.3, Max: 0.5, Diff: 0.5, Sum: 2.1]
      [Termination (ms): Min: 0.0, Avg: 0.1, Max: 0.1, Diff: 0.1, Sum: 0.7]
      [GC Worker Other (ms): Min: 0.0, Avg: 0.0, Max: 0.0, Diff: 0.0, Sum: 0.1]
      [GC Worker Total (ms): Min: 0.0, Avg: 0.7, Max: 0.9, Diff: 0.9, Sum: 5.2]
      [GC Worker End (ms): Min: 3050.4, Avg: 3050.4, Max: 3050.5, Diff: 0.0]
   [Code Root Fixup: 0.0 ms]
   [Clear CT: 0.1 ms]
   [Other: 0.4 ms]
      [Choose CSet: 0.0 ms]
      [Ref Proc: 0.2 ms]
      [Ref Enq: 0.0 ms]
      [Free CSet: 0.2 ms]
   [Eden: 317.0M(317.0M)->0.0B(317.0M) Survivors: 2048.0K->2048.0K Heap: 324.5M(533.0M)->8036.9K(533.0M)]
 [Times: user=0.00 sys=0.00, real=0.00 secs] 
3.087: [GC pause (young)3.088: [SoftReference, 0 refs, 0.0000150 secs]3.088: [WeakReference, 0 refs, 0.0000120 secs]3.088: [FinalReference, 0 refs, 0.0000020 secs]3.088: [PhantomReference, 0 refs, 0.0000020 secs]3.088: [JNI Weak Reference, 0.0000020 secs], 0.0015650 secs]
   [Parallel Time: 1.1 ms, GC Workers: 8]
      [GC Worker Start (ms): Min: 3087.0, Avg: 3087.2, Max: 3087.6, Diff: 0.6]
      [Ext Root Scanning (ms): Min: 0.0, Avg: 0.2, Max: 0.3, Diff: 0.3, Sum: 1.6]
      [Update RS (ms): Min: 0.0, Avg: 0.0, Max: 0.0, Diff: 0.0, Sum: 0.1]
         [Processed Buffers: Min: 0, Avg: 1.0, Max: 5, Diff: 5, Sum: 8]
      [Scan RS (ms): Min: 0.0, Avg: 0.1, Max: 0.2, Diff: 0.2, Sum: 0.8]
      [Object Copy (ms): Min: 0.2, Avg: 0.4, Max: 0.6, Diff: 0.3, Sum: 3.3]
      [Termination (ms): Min: 0.0, Avg: 0.1, Max: 0.1, Diff: 0.1, Sum: 0.5]
      [GC Worker Other (ms): Min: 0.0, Avg: 0.0, Max: 0.0, Diff: 0.0, Sum: 0.1]
      [GC Worker Total (ms): Min: 0.4, Avg: 0.8, Max: 1.0, Diff: 0.6, Sum: 6.5]
      [GC Worker End (ms): Min: 3087.9, Avg: 3088.0, Max: 3088.0, Diff: 0.0]
   [Code Root Fixup: 0.0 ms]
   [Clear CT: 0.1 ms]
   [Other: 0.4 ms]
      [Choose CSet: 0.0 ms]
      [Ref Proc: 0.2 ms]
      [Ref Enq: 0.0 ms]
      [Free CSet: 0.1 ms]
   [Eden: 317.0M(317.0M)->0.0B(316.0M) Survivors: 2048.0K->3072.0K Heap: 324.8M(533.0M)->8900.2K(533.0M)]
 [Times: user=0.01 sys=0.00, real=0.00 secs] 
3.121: [GC pause (young)3.123: [SoftReference, 0 refs, 0.0000160 secs]3.123: [WeakReference, 0 refs, 0.0000030 secs]3.123: [FinalReference, 0 refs, 0.0000020 secs]3.123: [PhantomReference, 0 refs, 0.0000200 secs]3.123: [JNI Weak Reference, 0.0000020 secs], 0.0016840 secs]
   [Parallel Time: 1.1 ms, GC Workers: 8]
      [GC Worker Start (ms): Min: 3121.5, Avg: 3121.7, Max: 3122.2, Diff: 0.7]
      [Ext Root Scanning (ms): Min: 0.0, Avg: 0.2, Max: 0.3, Diff: 0.3, Sum: 1.6]
      [Update RS (ms): Min: 0.0, Avg: 0.0, Max: 0.1, Diff: 0.1, Sum: 0.1]
         [Processed Buffers: Min: 0, Avg: 1.1, Max: 8, Diff: 8, Sum: 9]
      [Scan RS (ms): Min: 0.0, Avg: 0.1, Max: 0.2, Diff: 0.2, Sum: 0.7]
      [Object Copy (ms): Min: 0.2, Avg: 0.4, Max: 0.5, Diff: 0.4, Sum: 2.9]
      [Termination (ms): Min: 0.0, Avg: 0.1, Max: 0.1, Diff: 0.1, Sum: 0.6]
      [GC Worker Other (ms): Min: 0.0, Avg: 0.0, Max: 0.0, Diff: 0.0, Sum: 0.1]
      [GC Worker Total (ms): Min: 0.3, Avg: 0.7, Max: 1.0, Diff: 0.7, Sum: 6.0]
      [GC Worker End (ms): Min: 3122.4, Avg: 3122.4, Max: 3122.4, Diff: 0.0]
   [Code Root Fixup: 0.0 ms]
   [Clear CT: 0.2 ms]
   [Other: 0.4 ms]
      [Choose CSet: 0.0 ms]
      [Ref Proc: 0.2 ms]
      [Ref Enq: 0.0 ms]
      [Free CSet: 0.1 ms]
   [Eden: 316.0M(316.0M)->0.0B(315.0M) Survivors: 3072.0K->4096.0K Heap: 324.7M(533.0M)->10236.2K(533.0M)]
 [Times: user=0.00 sys=0.00, real=0.01 secs] 
3.157: [GC pause (young)3.158: [SoftReference, 0 refs, 0.0000140 secs]3.158: [WeakReference, 0 refs, 0.0000020 secs]3.158: [FinalReference, 0 refs, 0.0000020 secs]3.158: [PhantomReference, 0 refs, 0.0000020 secs]3.158: [JNI Weak Reference, 0.0000030 secs], 0.0012570 secs]
   [Parallel Time: 0.8 ms, GC Workers: 8]
      [GC Worker Start (ms): Min: 3156.9, Avg: 3157.1, Max: 3157.5, Diff: 0.6]
      [Ext Root Scanning (ms): Min: 0.0, Avg: 0.2, Max: 0.3, Diff: 0.3, Sum: 1.5]
      [Update RS (ms): Min: 0.0, Avg: 0.0, Max: 0.0, Diff: 0.0, Sum: 0.1]
         [Processed Buffers: Min: 0, Avg: 1.2, Max: 4, Diff: 4, Sum: 10]
      [Scan RS (ms): Min: 0.0, Avg: 0.1, Max: 0.1, Diff: 0.1, Sum: 0.6]
      [Object Copy (ms): Min: 0.2, Avg: 0.3, Max: 0.4, Diff: 0.3, Sum: 2.6]
      [Termination (ms): Min: 0.0, Avg: 0.0, Max: 0.0, Diff: 0.0, Sum: 0.0]
      [GC Worker Other (ms): Min: 0.0, Avg: 0.0, Max: 0.0, Diff: 0.0, Sum: 0.2]
      [GC Worker Total (ms): Min: 0.2, Avg: 0.6, Max: 0.8, Diff: 0.6, Sum: 4.9]
      [GC Worker End (ms): Min: 3157.7, Avg: 3157.7, Max: 3157.7, Diff: 0.0]
   [Code Root Fixup: 0.0 ms]
   [Clear CT: 0.1 ms]
   [Other: 0.3 ms]
      [Choose CSet: 0.0 ms]
      [Ref Proc: 0.1 ms]
      [Ref Enq: 0.0 ms]
      [Free CSet: 0.1 ms]
   [Eden: 315.0M(315.0M)->0.0B(317.0M) Survivors: 4096.0K->2048.0K Heap: 325.0M(533.0M)->7398.4K(533.0M)]
 [Times: user=0.01 sys=0.00, real=0.00 secs] 
3.192: [GC pause (young)3.193: [SoftReference, 0 refs, 0.0000140 secs]3.193: [WeakReference, 0 refs, 0.0000030 secs]3.193: [FinalReference, 0 refs, 0.0000120 secs]3.193: [PhantomReference, 0 refs, 0.0000020 secs]3.193: [JNI Weak Reference, 0.0000020 secs], 0.0015400 secs]
   [Parallel Time: 1.0 ms, GC Workers: 8]
      [GC Worker Start (ms): Min: 3192.0, Avg: 3192.4, Max: 3192.9, Diff: 0.9]
      [Ext Root Scanning (ms): Min: 0.0, Avg: 0.2, Max: 0.4, Diff: 0.3, Sum: 1.4]
      [Update RS (ms): Min: 0.0, Avg: 0.0, Max: 0.0, Diff: 0.0, Sum: 0.1]
         [Processed Buffers: Min: 0, Avg: 1.0, Max: 6, Diff: 6, Sum: 8]
      [Scan RS (ms): Min: 0.0, Avg: 0.1, Max: 0.2, Diff: 0.2, Sum: 0.6]
      [Object Copy (ms): Min: 0.0, Avg: 0.3, Max: 0.5, Diff: 0.5, Sum: 2.1]
      [Termination (ms): Min: 0.0, Avg: 0.1, Max: 0.1, Diff: 0.1, Sum: 0.6]
      [GC Worker Other (ms): Min: 0.0, Avg: 0.0, Max: 0.0, Diff: 0.0, Sum: 0.1]
      [GC Worker Total (ms): Min: 0.0, Avg: 0.6, Max: 1.0, Diff: 0.9, Sum: 4.8]
      [GC Worker End (ms): Min: 3192.9, Avg: 3193.0, Max: 3193.0, Diff: 0.0]
   [Code Root Fixup: 0.0 ms]
   [Clear CT: 0.1 ms]
   [Other: 0.4 ms]
      [Choose CSet: 0.0 ms]
      [Ref Proc: 0.2 ms]
      [Ref Enq: 0.0 ms]
      [Free CSet: 0.1 ms]
   [Eden: 317.0M(317.0M)->0.0B(316.0M) Survivors: 2048.0K->3072.0K Heap: 324.2M(533.0M)->8492.3K(533.0M)]
 [Times: user=0.01 sys=0.00, real=0.01 secs] 
3.227: [GC pause (young)3.228: [SoftReference, 0 refs, 0.0000210 secs]3.228: [WeakReference, 0 refs, 0.0000030 secs]3.228: [FinalReference, 0 refs, 0.0000030 secs]3.228: [PhantomReference, 0 refs, 0.0000020 secs]3.228: [JNI Weak Reference, 0.0000020 secs], 0.0015570 secs]
   [Parallel Time: 1.1 ms, GC Workers: 8]
      [GC Worker Start (ms): Min: 3227.2, Avg: 3227.6, Max: 3228.2, Diff: 1.0]
      [Ext Root Scanning (ms): Min: 0.0, Avg: 0.2, Max: 0.3, Diff: 0.3, Sum: 1.4]
      [Update RS (ms): Min: 0.0, Avg: 0.0, Max: 0.1, Diff: 0.1, Sum: 0.1]
         [Processed Buffers: Min: 0, Avg: 1.0, Max: 7, Diff: 7, Sum: 8]
      [Scan RS (ms): Min: 0.0, Avg: 0.1, Max: 0.1, Diff: 0.1, Sum: 0.4]
      [Object Copy (ms): Min: 0.0, Avg: 0.3, Max: 0.5, Diff: 0.5, Sum: 2.5]
      [Termination (ms): Min: 0.0, Avg: 0.1, Max: 0.1, Diff: 0.1, Sum: 0.7]
      [GC Worker Other (ms): Min: 0.0, Avg: 0.0, Max: 0.0, Diff: 0.0, Sum: 0.0]
      [GC Worker Total (ms): Min: 0.0, Avg: 0.6, Max: 1.0, Diff: 1.0, Sum: 5.1]
      [GC Worker End (ms): Min: 3228.2, Avg: 3228.2, Max: 3228.2, Diff: 0.0]
   [Code Root Fixup: 0.0 ms]
   [Clear CT: 0.1 ms]
   [Other: 0.3 ms]
      [Choose CSet: 0.0 ms]
      [Ref Proc: 0.2 ms]
      [Ref Enq: 0.0 ms]
      [Free CSet: 0.1 ms]
   [Eden: 316.0M(316.0M)->0.0B(317.0M) Survivors: 3072.0K->2048.0K Heap: 324.3M(533.0M)->7573.1K(533.0M)]
 [Times: user=0.00 sys=0.00, real=0.00 secs] 
3.263: [GC pause (young)3.264: [SoftReference, 0 refs, 0.0000160 secs]3.264: [WeakReference, 0 refs, 0.0000030 secs]3.264: [FinalReference, 0 refs, 0.0000030 secs]3.264: [PhantomReference, 0 refs, 0.0000020 secs]3.264: [JNI Weak Reference, 0.0000020 secs], 0.0014320 secs]
   [Parallel Time: 1.0 ms, GC Workers: 8]
      [GC Worker Start (ms): Min: 3262.9, Avg: 3263.3, Max: 3263.8, Diff: 0.9]
      [Ext Root Scanning (ms): Min: 0.0, Avg: 0.2, Max: 0.3, Diff: 0.3, Sum: 1.4]
      [Update RS (ms): Min: 0.0, Avg: 0.0, Max: 0.0, Diff: 0.0, Sum: 0.1]
         [Processed Buffers: Min: 0, Avg: 0.9, Max: 3, Diff: 3, Sum: 7]
      [Scan RS (ms): Min: 0.0, Avg: 0.1, Max: 0.1, Diff: 0.1, Sum: 0.4]
      [Object Copy (ms): Min: 0.0, Avg: 0.2, Max: 0.4, Diff: 0.4, Sum: 1.8]
      [Termination (ms): Min: 0.0, Avg: 0.1, Max: 0.1, Diff: 0.1, Sum: 0.6]
      [GC Worker Other (ms): Min: 0.0, Avg: 0.0, Max: 0.0, Diff: 0.0, Sum: 0.0]
      [GC Worker Total (ms): Min: 0.0, Avg: 0.5, Max: 0.9, Diff: 0.9, Sum: 4.4]
      [GC Worker End (ms): Min: 3263.8, Avg: 3263.8, Max: 3263.8, Diff: 0.0]
   [Code Root Fixup: 0.0 ms]
   [Clear CT: 0.1 ms]
   [Other: 0.4 ms]
      [Choose CSet: 0.0 ms]
      [Ref Proc: 0.2 ms]
      [Ref Enq: 0.0 ms]
      [Free CSet: 0.1 ms]
   [Eden: 317.0M(317.0M)->0.0B(318.0M) Survivors: 2048.0K->1024.0K Heap: 324.4M(533.0M)->7372.9K(533.0M)]
 [Times: user=0.01 sys=0.00, real=0.00 secs] 
3.298: [GC pause (young)3.299: [SoftReference, 0 refs, 0.0000140 secs]3.299: [WeakReference, 0 refs, 0.0000030 secs]3.299: [FinalReference, 0 refs, 0.0000030 secs]3.299: [PhantomReference, 0 refs, 0.0000030 secs]3.299: [JNI Weak Reference, 0.0000030 secs], 0.0014500 secs]
   [Parallel Time: 1.0 ms, GC Workers: 8]
      [GC Worker Start (ms): Min: 3298.0, Avg: 3298.2, Max: 3298.8, Diff: 0.9]
      [Ext Root Scanning (ms): Min: 0.0, Avg: 0.2, Max: 0.3, Diff: 0.3, Sum: 1.4]
      [Update RS (ms): Min: 0.0, Avg: 0.0, Max: 0.0, Diff: 0.0, Sum: 0.1]
         [Processed Buffers: Min: 0, Avg: 0.9, Max: 4, Diff: 4, Sum: 7]
      [Scan RS (ms): Min: 0.0, Avg: 0.1, Max: 0.1, Diff: 0.1, Sum: 0.4]
      [Object Copy (ms): Min: 0.0, Avg: 0.3, Max: 0.5, Diff: 0.5, Sum: 2.7]
      [Termination (ms): Min: 0.0, Avg: 0.0, Max: 0.1, Diff: 0.1, Sum: 0.3]
      [GC Worker Other (ms): Min: 0.0, Avg: 0.0, Max: 0.0, Diff: 0.0, Sum: 0.1]
      [GC Worker Total (ms): Min: 0.0, Avg: 0.6, Max: 0.9, Diff: 0.9, Sum: 5.0]
      [GC Worker End (ms): Min: 3298.9, Avg: 3298.9, Max: 3298.9, Diff: 0.0]
   [Code Root Fixup: 0.0 ms]
   [Clear CT: 0.2 ms]
   [Other: 0.3 ms]
      [Choose CSet: 0.0 ms]
      [Ref Proc: 0.2 ms]
      [Ref Enq: 0.0 ms]
      [Free CSet: 0.1 ms]
   [Eden: 318.0M(318.0M)->0.0B(317.0M) Survivors: 1024.0K->2048.0K Heap: 325.2M(533.0M)->7837.4K(533.0M)]
 [Times: user=0.01 sys=0.00, real=0.00 secs] 
3.336: [GC pause (young)3.337: [SoftReference, 0 refs, 0.0000160 secs]3.337: [WeakReference, 0 refs, 0.0000030 secs]3.337: [FinalReference, 0 refs, 0.0000030 secs]3.337: [PhantomReference, 0 refs, 0.0000020 secs]3.337: [JNI Weak Reference, 0.0000020 secs], 0.0015160 secs]
   [Parallel Time: 1.0 ms, GC Workers: 8]
      [GC Worker Start (ms): Min: 3335.7, Avg: 3335.9, Max: 3336.6, Diff: 0.9]
      [Ext Root Scanning (ms): Min: 0.0, Avg: 0.2, Max: 0.3, Diff: 0.3, Sum: 1.5]
      [Update RS (ms): Min: 0.0, Avg: 0.0, Max: 0.0, Diff: 0.0, Sum: 0.1]
         [Processed Buffers: Min: 0, Avg: 1.0, Max: 4, Diff: 4, Sum: 8]
      [Scan RS (ms): Min: 0.0, Avg: 0.1, Max: 0.1, Diff: 0.1, Sum: 0.5]
      [Object Copy (ms): Min: 0.0, Avg: 0.3, Max: 0.5, Diff: 0.5, Sum: 2.4]
      [Termination (ms): Min: 0.0, Avg: 0.1, Max: 0.1, Diff: 0.1, Sum: 0.5]
      [GC Worker Other (ms): Min: 0.0, Avg: 0.0, Max: 0.0, Diff: 0.0, Sum: 0.1]
      [GC Worker Total (ms): Min: 0.0, Avg: 0.6, Max: 0.9, Diff: 0.9, Sum: 5.1]
      [GC Worker End (ms): Min: 3336.6, Avg: 3336.6, Max: 3336.6, Diff: 0.0]
   [Code Root Fixup: 0.0 ms]
   [Clear CT: 0.1 ms]
   [Other: 0.4 ms]
      [Choose CSet: 0.0 ms]
      [Ref Proc: 0.2 ms]
      [Ref Enq: 0.0 ms]
      [Free CSet: 0.1 ms]
   [Eden: 317.0M(317.0M)->0.0B(317.0M) Survivors: 2048.0K->2048.0K Heap: 324.7M(533.0M)->7589.6K(533.0M)]
 [Times: user=0.01 sys=0.00, real=0.00 secs] 
3.371: [GC pause (young)3.372: [SoftReference, 0 refs, 0.0000260 secs]3.372: [WeakReference, 0 refs, 0.0000040 secs]3.372: [FinalReference, 0 refs, 0.0000040 secs]3.372: [PhantomReference, 0 refs, 0.0000040 secs]3.372: [JNI Weak Reference, 0.0000030 secs], 0.0014610 secs]
   [Parallel Time: 0.8 ms, GC Workers: 8]
      [GC Worker Start (ms): Min: 3371.2, Avg: 3371.3, Max: 3371.4, Diff: 0.1]
      [Ext Root Scanning (ms): Min: 0.1, Avg: 0.2, Max: 0.5, Diff: 0.4, Sum: 2.0]
      [Update RS (ms): Min: 0.0, Avg: 0.0, Max: 0.0, Diff: 0.0, Sum: 0.1]
         [Processed Buffers: Min: 0, Avg: 1.0, Max: 3, Diff: 3, Sum: 8]
      [Scan RS (ms): Min: 0.0, Avg: 0.1, Max: 0.1, Diff: 0.1, Sum: 0.6]
      [Object Copy (ms): Min: 0.2, Avg: 0.3, Max: 0.4, Diff: 0.2, Sum: 2.6]
      [Termination (ms): Min: 0.0, Avg: 0.1, Max: 0.1, Diff: 0.1, Sum: 0.6]
      [GC Worker Other (ms): Min: 0.0, Avg: 0.0, Max: 0.0, Diff: 0.0, Sum: 0.1]
      [GC Worker Total (ms): Min: 0.7, Avg: 0.8, Max: 0.8, Diff: 0.2, Sum: 6.0]
      [GC Worker End (ms): Min: 3372.0, Avg: 3372.1, Max: 3372.1, Diff: 0.0]
   [Code Root Fixup: 0.0 ms]
   [Clear CT: 0.2 ms]
   [Other: 0.5 ms]
      [Choose CSet: 0.0 ms]
      [Ref Proc: 0.3 ms]
      [Ref Enq: 0.0 ms]
      [Free CSet: 0.1 ms]
   [Eden: 317.0M(317.0M)->0.0B(318.0M) Survivors: 2048.0K->1024.0K Heap: 324.4M(533.0M)->7065.3K(533.0M)]
 [Times: user=0.00 sys=0.00, real=0.01 secs] 
3.407: [GC pause (young)3.408: [SoftReference, 0 refs, 0.0000140 secs]3.408: [WeakReference, 0 refs, 0.0000030 secs]3.408: [FinalReference, 0 refs, 0.0000020 secs]3.408: [PhantomReference, 0 refs, 0.0000020 secs]3.408: [JNI Weak Reference, 0.0000120 secs], 0.0013610 secs]
   [Parallel Time: 0.9 ms, GC Workers: 8]
      [GC Worker Start (ms): Min: 3406.7, Avg: 3406.9, Max: 3407.6, Diff: 0.8]
      [Ext Root Scanning (ms): Min: 0.0, Avg: 0.2, Max: 0.3, Diff: 0.3, Sum: 1.6]
      [Update RS (ms): Min: 0.0, Avg: 0.0, Max: 0.0, Diff: 0.0, Sum: 0.1]
         [Processed Buffers: Min: 0, Avg: 1.2, Max: 4, Diff: 4, Sum: 10]
      [Scan RS (ms): Min: 0.0, Avg: 0.1, Max: 0.1, Diff: 0.1, Sum: 0.6]
      [Object Copy (ms): Min: 0.0, Avg: 0.3, Max: 0.4, Diff: 0.4, Sum: 2.5]
      [Termination (ms): Min: 0.0, Avg: 0.1, Max: 0.1, Diff: 0.1, Sum: 0.6]
      [GC Worker Other (ms): Min: 0.0, Avg: 0.0, Max: 0.0, Diff: 0.0, Sum: 0.2]
      [GC Worker Total (ms): Min: 0.0, Avg: 0.7, Max: 0.8, Diff: 0.8, Sum: 5.6]
      [GC Worker End (ms): Min: 3407.6, Avg: 3407.6, Max: 3407.6, Diff: 0.0]
   [Code Root Fixup: 0.0 ms]
   [Clear CT: 0.1 ms]
   [Other: 0.4 ms]
      [Choose CSet: 0.0 ms]
      [Ref Proc: 0.2 ms]
      [Ref Enq: 0.0 ms]
      [Free CSet: 0.1 ms]
   [Eden: 318.0M(318.0M)->0.0B(318.0M) Survivors: 1024.0K->1024.0K Heap: 324.9M(533.0M)->7542.9K(533.0M)]
 [Times: user=0.01 sys=0.00, real=0.00 secs] 
3.443: [GC pause (young)3.444: [SoftReference, 0 refs, 0.0000150 secs]3.444: [WeakReference, 0 refs, 0.0000130 secs]3.444: [FinalReference, 0 refs, 0.0000030 secs]3.444: [PhantomReference, 0 refs, 0.0000020 secs]3.444: [JNI Weak Reference, 0.0000020 secs], 0.0013960 secs]
   [Parallel Time: 0.9 ms, GC Workers: 8]
      [GC Worker Start (ms): Min: 3443.0, Avg: 3443.2, Max: 3443.8, Diff: 0.8]
      [Ext Root Scanning (ms): Min: 0.0, Avg: 0.2, Max: 0.3, Diff: 0.3, Sum: 1.5]
      [Update RS (ms): Min: 0.0, Avg: 0.0, Max: 0.0, Diff: 0.0, Sum: 0.1]
         [Processed Buffers: Min: 0, Avg: 1.1, Max: 3, Diff: 3, Sum: 9]
      [Scan RS (ms): Min: 0.0, Avg: 0.1, Max: 0.1, Diff: 0.1, Sum: 0.5]
      [Object Copy (ms): Min: 0.0, Avg: 0.3, Max: 0.6, Diff: 0.6, Sum: 2.7]
      [Termination (ms): Min: 0.0, Avg: 0.1, Max: 0.1, Diff: 0.1, Sum: 0.6]
      [GC Worker Other (ms): Min: 0.0, Avg: 0.0, Max: 0.0, Diff: 0.0, Sum: 0.1]
      [GC Worker Total (ms): Min: 0.0, Avg: 0.7, Max: 0.9, Diff: 0.8, Sum: 5.5]
      [GC Worker End (ms): Min: 3443.8, Avg: 3443.8, Max: 3443.9, Diff: 0.0]
   [Code Root Fixup: 0.0 ms]
   [Clear CT: 0.1 ms]
   [Other: 0.3 ms]
      [Choose CSet: 0.0 ms]
      [Ref Proc: 0.2 ms]
      [Ref Enq: 0.0 ms]
      [Free CSet: 0.1 ms]
   [Eden: 318.0M(318.0M)->0.0B(318.0M) Survivors: 1024.0K->1024.0K Heap: 325.4M(533.0M)->7252.8K(533.0M)]
 [Times: user=0.01 sys=0.00, real=0.00 secs] 
3.479: [GC pause (young)3.480: [SoftReference, 0 refs, 0.0000260 secs]3.480: [WeakReference, 0 refs, 0.0000030 secs]3.480: [FinalReference, 0 refs, 0.0000020 secs]3.480: [PhantomReference, 0 refs, 0.0000030 secs]3.480: [JNI Weak Reference, 0.0000030 secs], 0.0015260 secs]
   [Parallel Time: 1.0 ms, GC Workers: 8]
      [GC Worker Start (ms): Min: 3478.6, Avg: 3478.9, Max: 3479.5, Diff: 0.9]
      [Ext Root Scanning (ms): Min: 0.0, Avg: 0.2, Max: 0.3, Diff: 0.3, Sum: 1.4]
      [Update RS (ms): Min: 0.0, Avg: 0.0, Max: 0.0, Diff: 0.0, Sum: 0.1]
         [Processed Buffers: Min: 0, Avg: 1.0, Max: 6, Diff: 6, Sum: 8]
      [Scan RS (ms): Min: 0.0, Avg: 0.1, Max: 0.2, Diff: 0.2, Sum: 0.6]
      [Object Copy (ms): Min: 0.0, Avg: 0.3, Max: 0.5, Diff: 0.5, Sum: 2.1]
      [Termination (ms): Min: 0.0, Avg: 0.1, Max: 0.1, Diff: 0.1, Sum: 0.6]
      [GC Worker Other (ms): Min: 0.0, Avg: 0.0, Max: 0.0, Diff: 0.0, Sum: 0.2]
      [GC Worker Total (ms): Min: 0.0, Avg: 0.6, Max: 0.9, Diff: 0.9, Sum: 5.0]
      [GC Worker End (ms): Min: 3479.5, Avg: 3479.5, Max: 3479.5, Diff: 0.0]
   [Code Root Fixup: 0.0 ms]
   [Clear CT: 0.2 ms]
   [Other: 0.3 ms]
      [Choose CSet: 0.0 ms]
      [Ref Proc: 0.2 ms]
      [Ref Enq: 0.0 ms]
      [Free CSet: 0.1 ms]
   [Eden: 318.0M(318.0M)->0.0B(316.0M) Survivors: 1024.0K->3072.0K Heap: 325.1M(533.0M)->8727.8K(533.0M)]
 [Times: user=0.01 sys=0.00, real=0.00 secs] 
3.514: [GC pause (young)3.515: [SoftReference, 0 refs, 0.0000240 secs]3.515: [WeakReference, 0 refs, 0.0000180 secs]3.515: [FinalReference, 0 refs, 0.0000030 secs]3.515: [PhantomReference, 0 refs, 0.0000020 secs]3.515: [JNI Weak Reference, 0.0000020 secs], 0.0015050 secs]
   [Parallel Time: 1.0 ms, GC Workers: 8]
      [GC Worker Start (ms): Min: 3514.2, Avg: 3514.4, Max: 3514.9, Diff: 0.7]
      [Ext Root Scanning (ms): Min: 0.0, Avg: 0.2, Max: 0.3, Diff: 0.3, Sum: 1.5]
      [Update RS (ms): Min: 0.0, Avg: 0.0, Max: 0.0, Diff: 0.0, Sum: 0.1]
         [Processed Buffers: Min: 0, Avg: 0.9, Max: 4, Diff: 4, Sum: 7]
      [Scan RS (ms): Min: 0.0, Avg: 0.1, Max: 0.2, Diff: 0.2, Sum: 0.9]
      [Object Copy (ms): Min: 0.2, Avg: 0.4, Max: 0.6, Diff: 0.4, Sum: 3.1]
      [Termination (ms): Min: 0.0, Avg: 0.0, Max: 0.0, Diff: 0.0, Sum: 0.0]
      [GC Worker Other (ms): Min: 0.0, Avg: 0.0, Max: 0.0, Diff: 0.0, Sum: 0.2]
      [GC Worker Total (ms): Min: 0.3, Avg: 0.7, Max: 0.9, Diff: 0.7, Sum: 5.8]
      [GC Worker End (ms): Min: 3515.1, Avg: 3515.1, Max: 3515.1, Diff: 0.0]
   [Code Root Fixup: 0.0 ms]
   [Clear CT: 0.2 ms]
   [Other: 0.4 ms]
      [Choose CSet: 0.0 ms]
      [Ref Proc: 0.2 ms]
      [Ref Enq: 0.0 ms]
      [Free CSet: 0.1 ms]
   [Eden: 316.0M(316.0M)->0.0B(316.0M) Survivors: 3072.0K->3072.0K Heap: 324.5M(533.0M)->9505.4K(533.0M)]
 [Times: user=0.00 sys=0.00, real=0.00 secs] 
3.550: [GC pause (young)3.551: [SoftReference, 0 refs, 0.0000140 secs]3.551: [WeakReference, 0 refs, 0.0000030 secs]3.551: [FinalReference, 0 refs, 0.0000020 secs]3.551: [PhantomReference, 0 refs, 0.0000020 secs]3.551: [JNI Weak Reference, 0.0000020 secs], 0.0013550 secs]
   [Parallel Time: 0.9 ms, GC Workers: 8]
      [GC Worker Start (ms): Min: 3549.7, Avg: 3549.8, Max: 3550.3, Diff: 0.5]
      [Ext Root Scanning (ms): Min: 0.0, Avg: 0.2, Max: 0.3, Diff: 0.3, Sum: 1.7]
      [Update RS (ms): Min: 0.0, Avg: 0.0, Max: 0.0, Diff: 0.0, Sum: 0.1]
         [Processed Buffers: Min: 0, Avg: 1.1, Max: 5, Diff: 5, Sum: 9]
      [Scan RS (ms): Min: 0.0, Avg: 0.1, Max: 0.1, Diff: 0.1, Sum: 0.6]
      [Object Copy (ms): Min: 0.2, Avg: 0.3, Max: 0.4, Diff: 0.2, Sum: 2.8]
      [Termination (ms): Min: 0.0, Avg: 0.1, Max: 0.1, Diff: 0.1, Sum: 0.5]
      [GC Worker Other (ms): Min: 0.0, Avg: 0.0, Max: 0.0, Diff: 0.0, Sum: 0.1]
      [GC Worker Total (ms): Min: 0.3, Avg: 0.7, Max: 0.8, Diff: 0.5, Sum: 5.8]
      [GC Worker End (ms): Min: 3550.5, Avg: 3550.6, Max: 3550.6, Diff: 0.0]
   [Code Root Fixup: 0.0 ms]
   [Clear CT: 0.1 ms]
   [Other: 0.4 ms]
      [Choose CSet: 0.0 ms]
      [Ref Proc: 0.2 ms]
      [Ref Enq: 0.0 ms]
      [Free CSet: 0.1 ms]
   [Eden: 316.0M(316.0M)->0.0B(317.0M) Survivors: 3072.0K->2048.0K Heap: 325.3M(533.0M)->7766.5K(533.0M)]
 [Times: user=0.01 sys=0.00, real=0.00 secs] 
3.586: [GC pause (young)3.587: [SoftReference, 0 refs, 0.0000140 secs]3.587: [WeakReference, 0 refs, 0.0000030 secs]3.587: [FinalReference, 0 refs, 0.0000030 secs]3.587: [PhantomReference, 0 refs, 0.0000020 secs]3.587: [JNI Weak Reference, 0.0000110 secs], 0.0013300 secs]
   [Parallel Time: 0.8 ms, GC Workers: 8]
      [GC Worker Start (ms): Min: 3585.9, Avg: 3586.0, Max: 3586.1, Diff: 0.2]
      [Ext Root Scanning (ms): Min: 0.1, Avg: 0.2, Max: 0.3, Diff: 0.2, Sum: 1.6]
      [Update RS (ms): Min: 0.0, Avg: 0.0, Max: 0.0, Diff: 0.0, Sum: 0.1]
         [Processed Buffers: Min: 0, Avg: 1.1, Max: 4, Diff: 4, Sum: 9]
      [Scan RS (ms): Min: 0.1, Avg: 0.1, Max: 0.1, Diff: 0.0, Sum: 0.6]
      [Object Copy (ms): Min: 0.3, Avg: 0.3, Max: 0.4, Diff: 0.1, Sum: 2.8]
      [Termination (ms): Min: 0.0, Avg: 0.0, Max: 0.0, Diff: 0.0, Sum: 0.0]
      [GC Worker Other (ms): Min: 0.0, Avg: 0.0, Max: 0.0, Diff: 0.0, Sum: 0.2]
      [GC Worker Total (ms): Min: 0.5, Avg: 0.7, Max: 0.7, Diff: 0.2, Sum: 5.3]
      [GC Worker End (ms): Min: 3586.6, Avg: 3586.6, Max: 3586.7, Diff: 0.0]
   [Code Root Fixup: 0.0 ms]
   [Clear CT: 0.2 ms]
   [Other: 0.4 ms]
      [Choose CSet: 0.0 ms]
      [Ref Proc: 0.2 ms]
      [Ref Enq: 0.0 ms]
      [Free CSet: 0.1 ms]
   [Eden: 317.0M(317.0M)->0.0B(318.0M) Survivors: 2048.0K->1024.0K Heap: 324.6M(533.0M)->7366.5K(533.0M)]
 [Times: user=0.00 sys=0.00, real=0.00 secs] 
3.622: [GC pause (young)3.623: [SoftReference, 0 refs, 0.0000140 secs]3.623: [WeakReference, 0 refs, 0.0000030 secs]3.623: [FinalReference, 0 refs, 0.0000020 secs]3.623: [PhantomReference, 0 refs, 0.0000020 secs]3.623: [JNI Weak Reference, 0.0000030 secs], 0.0014730 secs]
   [Parallel Time: 1.0 ms, GC Workers: 8]
      [GC Worker Start (ms): Min: 3622.4, Avg: 3622.7, Max: 3623.2, Diff: 0.9]
      [Ext Root Scanning (ms): Min: 0.0, Avg: 0.2, Max: 0.3, Diff: 0.3, Sum: 1.4]
      [Update RS (ms): Min: 0.0, Avg: 0.0, Max: 0.0, Diff: 0.0, Sum: 0.1]
         [Processed Buffers: Min: 0, Avg: 1.0, Max: 3, Diff: 3, Sum: 8]
      [Scan RS (ms): Min: 0.0, Avg: 0.1, Max: 0.1, Diff: 0.1, Sum: 0.5]
      [Object Copy (ms): Min: 0.0, Avg: 0.2, Max: 0.4, Diff: 0.4, Sum: 1.9]
      [Termination (ms): Min: 0.0, Avg: 0.1, Max: 0.1, Diff: 0.1, Sum: 0.6]
      [GC Worker Other (ms): Min: 0.0, Avg: 0.0, Max: 0.0, Diff: 0.0, Sum: 0.0]
      [GC Worker Total (ms): Min: 0.0, Avg: 0.6, Max: 0.9, Diff: 0.9, Sum: 4.4]
      [GC Worker End (ms): Min: 3623.3, Avg: 3623.3, Max: 3623.3, Diff: 0.0]
   [Code Root Fixup: 0.0 ms]
   [Clear CT: 0.2 ms]
   [Other: 0.3 ms]
      [Choose CSet: 0.0 ms]
      [Ref Proc: 0.2 ms]
      [Ref Enq: 0.0 ms]
      [Free CSet: 0.1 ms]
   [Eden: 318.0M(318.0M)->0.0B(318.0M) Survivors: 1024.0K->1024.0K Heap: 325.2M(533.0M)->7708.6K(533.0M)]
 [Times: user=0.01 sys=0.00, real=0.00 secs] 
3.659: [GC pause (young)3.660: [SoftReference, 0 refs, 0.0000130 secs]3.660: [WeakReference, 0 refs, 0.0000030 secs]3.660: [FinalReference, 0 refs, 0.0000340 secs]3.660: [PhantomReference, 0 refs, 0.0000020 secs]3.660: [JNI Weak Reference, 0.0000020 secs], 0.0014140 secs]
   [Parallel Time: 1.0 ms, GC Workers: 8]
      [GC Worker Start (ms): Min: 3659.0, Avg: 3659.2, Max: 3659.9, Diff: 0.9]
      [Ext Root Scanning (ms): Min: 0.0, Avg: 0.2, Max: 0.3, Diff: 0.3, Sum: 1.5]
      [Update RS (ms): Min: 0.0, Avg: 0.0, Max: 0.0, Diff: 0.0, Sum: 0.1]
         [Processed Buffers: Min: 0, Avg: 0.9, Max: 4, Diff: 4, Sum: 7]
      [Scan RS (ms): Min: 0.0, Avg: 0.1, Max: 0.1, Diff: 0.1, Sum: 0.5]
      [Object Copy (ms): Min: 0.0, Avg: 0.4, Max: 0.5, Diff: 0.5, Sum: 2.8]
      [Termination (ms): Min: 0.0, Avg: 0.1, Max: 0.1, Diff: 0.1, Sum: 0.5]
      [GC Worker Other (ms): Min: 0.0, Avg: 0.0, Max: 0.0, Diff: 0.0, Sum: 0.1]
      [GC Worker Total (ms): Min: 0.0, Avg: 0.7, Max: 0.9, Diff: 0.9, Sum: 5.5]
      [GC Worker End (ms): Min: 3659.9, Avg: 3659.9, Max: 3659.9, Diff: 0.0]
   [Code Root Fixup: 0.0 ms]
   [Clear CT: 0.1 ms]
   [Other: 0.4 ms]
      [Choose CSet: 0.0 ms]
      [Ref Proc: 0.2 ms]
      [Ref Enq: 0.0 ms]
      [Free CSet: 0.1 ms]
   [Eden: 318.0M(318.0M)->0.0B(317.0M) Survivors: 1024.0K->2048.0K Heap: 325.5M(533.0M)->7887.4K(533.0M)]
 [Times: user=0.01 sys=0.00, real=0.00 secs] 
3.695: [GC pause (young)3.697: [SoftReference, 0 refs, 0.0000160 secs]3.697: [WeakReference, 0 refs, 0.0000020 secs]3.697: [FinalReference, 0 refs, 0.0000020 secs]3.697: [PhantomReference, 0 refs, 0.0000110 secs]3.697: [JNI Weak Reference, 0.0000030 secs], 0.0015270 secs]
   [Parallel Time: 1.0 ms, GC Workers: 8]
      [GC Worker Start (ms): Min: 3695.5, Avg: 3695.9, Max: 3696.4, Diff: 0.9]
      [Ext Root Scanning (ms): Min: 0.0, Avg: 0.2, Max: 0.3, Diff: 0.3, Sum: 1.4]
      [Update RS (ms): Min: 0.0, Avg: 0.0, Max: 0.0, Diff: 0.0, Sum: 0.1]
         [Processed Buffers: Min: 0, Avg: 0.9, Max: 4, Diff: 4, Sum: 7]
      [Scan RS (ms): Min: 0.0, Avg: 0.1, Max: 0.1, Diff: 0.1, Sum: 0.4]
      [Object Copy (ms): Min: 0.0, Avg: 0.3, Max: 0.5, Diff: 0.5, Sum: 2.2]
      [Termination (ms): Min: 0.0, Avg: 0.1, Max: 0.1, Diff: 0.1, Sum: 0.6]
      [GC Worker Other (ms): Min: 0.0, Avg: 0.0, Max: 0.0, Diff: 0.0, Sum: 0.1]
      [GC Worker Total (ms): Min: 0.0, Avg: 0.6, Max: 1.0, Diff: 1.0, Sum: 4.7]
      [GC Worker End (ms): Min: 3696.4, Avg: 3696.4, Max: 3696.5, Diff: 0.0]
   [Code Root Fixup: 0.0 ms]
   [Clear CT: 0.1 ms]
   [Other: 0.4 ms]
      [Choose CSet: 0.0 ms]
      [Ref Proc: 0.2 ms]
      [Ref Enq: 0.0 ms]
      [Free CSet: 0.1 ms]
   [Eden: 317.0M(317.0M)->0.0B(317.0M) Survivors: 2048.0K->2048.0K Heap: 324.7M(533.0M)->7843.9K(533.0M)]
 [Times: user=0.01 sys=0.00, real=0.00 secs] 
3.732: [GC pause (young)3.733: [SoftReference, 0 refs, 0.0000150 secs]3.733: [WeakReference, 0 refs, 0.0000020 secs]3.733: [FinalReference, 0 refs, 0.0000020 secs]3.733: [PhantomReference, 0 refs, 0.0000030 secs]3.733: [JNI Weak Reference, 0.0000020 secs], 0.0014680 secs]
   [Parallel Time: 1.0 ms, GC Workers: 8]
      [GC Worker Start (ms): Min: 3731.9, Avg: 3732.2, Max: 3732.8, Diff: 0.9]
      [Ext Root Scanning (ms): Min: 0.0, Avg: 0.2, Max: 0.3, Diff: 0.3, Sum: 1.3]
      [Update RS (ms): Min: 0.0, Avg: 0.0, Max: 0.0, Diff: 0.0, Sum: 0.1]
         [Processed Buffers: Min: 0, Avg: 0.9, Max: 4, Diff: 4, Sum: 7]
      [Scan RS (ms): Min: 0.0, Avg: 0.1, Max: 0.1, Diff: 0.1, Sum: 0.5]
      [Object Copy (ms): Min: 0.0, Avg: 0.3, Max: 0.5, Diff: 0.5, Sum: 2.2]
      [Termination (ms): Min: 0.0, Avg: 0.1, Max: 0.1, Diff: 0.1, Sum: 0.5]
      [GC Worker Other (ms): Min: 0.0, Avg: 0.0, Max: 0.0, Diff: 0.0, Sum: 0.1]
      [GC Worker Total (ms): Min: 0.0, Avg: 0.6, Max: 0.9, Diff: 0.9, Sum: 4.7]
      [GC Worker End (ms): Min: 3732.8, Avg: 3732.8, Max: 3732.8, Diff: 0.0]
   [Code Root Fixup: 0.0 ms]
   [Clear CT: 0.1 ms]
   [Other: 0.3 ms]
      [Choose CSet: 0.0 ms]
      [Ref Proc: 0.2 ms]
      [Ref Enq: 0.0 ms]
      [Free CSet: 0.1 ms]
   [Eden: 317.0M(317.0M)->0.0B(317.0M) Survivors: 2048.0K->2048.0K Heap: 324.7M(533.0M)->7870.9K(533.0M)]
 [Times: user=0.00 sys=0.00, real=0.01 secs] 
3.769: [GC pause (young)3.770: [SoftReference, 0 refs, 0.0000130 secs]3.770: [WeakReference, 0 refs, 0.0000020 secs]3.770: [FinalReference, 0 refs, 0.0000020 secs]3.770: [PhantomReference, 0 refs, 0.0000020 secs]3.770: [JNI Weak Reference, 0.0000020 secs], 0.0014220 secs]
   [Parallel Time: 1.0 ms, GC Workers: 8]
      [GC Worker Start (ms): Min: 3768.6, Avg: 3769.0, Max: 3769.5, Diff: 0.9]
      [Ext Root Scanning (ms): Min: 0.0, Avg: 0.2, Max: 0.3, Diff: 0.3, Sum: 1.4]
      [Update RS (ms): Min: 0.0, Avg: 0.0, Max: 0.0, Diff: 0.0, Sum: 0.1]
         [Processed Buffers: Min: 0, Avg: 0.8, Max: 2, Diff: 2, Sum: 6]
      [Scan RS (ms): Min: 0.0, Avg: 0.1, Max: 0.1, Diff: 0.1, Sum: 0.4]
      [Object Copy (ms): Min: 0.0, Avg: 0.2, Max: 0.4, Diff: 0.4, Sum: 1.9]
      [Termination (ms): Min: 0.0, Avg: 0.1, Max: 0.1, Diff: 0.1, Sum: 0.6]
      [GC Worker Other (ms): Min: 0.0, Avg: 0.0, Max: 0.0, Diff: 0.0, Sum: 0.0]
      [GC Worker Total (ms): Min: 0.0, Avg: 0.6, Max: 0.9, Diff: 0.9, Sum: 4.5]
      [GC Worker End (ms): Min: 3769.5, Avg: 3769.5, Max: 3769.6, Diff: 0.0]
   [Code Root Fixup: 0.0 ms]
   [Clear CT: 0.1 ms]
   [Other: 0.3 ms]
      [Choose CSet: 0.0 ms]
      [Ref Proc: 0.2 ms]
      [Ref Enq: 0.0 ms]
      [Free CSet: 0.1 ms]
   [Eden: 317.0M(317.0M)->0.0B(317.0M) Survivors: 2048.0K->2048.0K Heap: 324.7M(533.0M)->8215.4K(533.0M)]
 [Times: user=0.00 sys=0.00, real=0.00 secs] 
3.805: [GC pause (young)3.807: [SoftReference, 0 refs, 0.0000170 secs]3.807: [WeakReference, 0 refs, 0.0000030 secs]3.807: [FinalReference, 0 refs, 0.0000020 secs]3.807: [PhantomReference, 0 refs, 0.0000030 secs]3.807: [JNI Weak Reference, 0.0000120 secs], 0.0015430 secs]
   [Parallel Time: 1.0 ms, GC Workers: 8]
      [GC Worker Start (ms): Min: 3805.4, Avg: 3805.7, Max: 3806.3, Diff: 0.9]
      [Ext Root Scanning (ms): Min: 0.0, Avg: 0.2, Max: 0.3, Diff: 0.3, Sum: 1.5]
      [Update RS (ms): Min: 0.0, Avg: 0.0, Max: 0.0, Diff: 0.0, Sum: 0.1]
         [Processed Buffers: Min: 0, Avg: 0.9, Max: 3, Diff: 3, Sum: 7]
      [Scan RS (ms): Min: 0.0, Avg: 0.1, Max: 0.2, Diff: 0.2, Sum: 0.8]
      [Object Copy (ms): Min: 0.0, Avg: 0.3, Max: 0.5, Diff: 0.5, Sum: 2.7]
      [Termination (ms): Min: 0.0, Avg: 0.1, Max: 0.1, Diff: 0.1, Sum: 0.6]
      [GC Worker Other (ms): Min: 0.0, Avg: 0.0, Max: 0.0, Diff: 0.0, Sum: 0.1]
      [GC Worker Total (ms): Min: 0.0, Avg: 0.7, Max: 1.0, Diff: 0.9, Sum: 5.7]
      [GC Worker End (ms): Min: 3806.4, Avg: 3806.4, Max: 3806.4, Diff: 0.0]
   [Code Root Fixup: 0.0 ms]
   [Clear CT: 0.2 ms]
   [Other: 0.3 ms]
      [Choose CSet: 0.0 ms]
      [Ref Proc: 0.2 ms]
      [Ref Enq: 0.0 ms]
      [Free CSet: 0.1 ms]
   [Eden: 317.0M(317.0M)->0.0B(315.0M) Survivors: 2048.0K->4096.0K Heap: 325.0M(533.0M)->10115.3K(533.0M)]
 [Times: user=0.01 sys=0.00, real=0.00 secs] 
3.841: [GC pause (young)3.842: [SoftReference, 0 refs, 0.0000150 secs]3.842: [WeakReference, 0 refs, 0.0000020 secs]3.842: [FinalReference, 0 refs, 0.0000020 secs]3.842: [PhantomReference, 0 refs, 0.0000210 secs]3.842: [JNI Weak Reference, 0.0000030 secs], 0.0012640 secs]
   [Parallel Time: 0.8 ms, GC Workers: 8]
      [GC Worker Start (ms): Min: 3841.4, Avg: 3841.6, Max: 3842.0, Diff: 0.5]
      [Ext Root Scanning (ms): Min: 0.0, Avg: 0.2, Max: 0.3, Diff: 0.3, Sum: 1.4]
      [Update RS (ms): Min: 0.0, Avg: 0.0, Max: 0.0, Diff: 0.0, Sum: 0.1]
         [Processed Buffers: Min: 0, Avg: 1.0, Max: 3, Diff: 3, Sum: 8]
      [Scan RS (ms): Min: 0.0, Avg: 0.1, Max: 0.1, Diff: 0.1, Sum: 0.5]
      [Object Copy (ms): Min: 0.2, Avg: 0.3, Max: 0.3, Diff: 0.1, Sum: 2.2]
      [Termination (ms): Min: 0.0, Avg: 0.0, Max: 0.0, Diff: 0.0, Sum: 0.1]
      [GC Worker Other (ms): Min: 0.0, Avg: 0.0, Max: 0.0, Diff: 0.0, Sum: 0.2]
      [GC Worker Total (ms): Min: 0.2, Avg: 0.6, Max: 0.7, Diff: 0.5, Sum: 4.4]
      [GC Worker End (ms): Min: 3842.2, Avg: 3842.2, Max: 3842.2, Diff: 0.0]
   [Code Root Fixup: 0.0 ms]
   [Clear CT: 0.1 ms]
   [Other: 0.4 ms]
      [Choose CSet: 0.0 ms]
      [Ref Proc: 0.2 ms]
      [Ref Enq: 0.0 ms]
      [Free CSet: 0.1 ms]
   [Eden: 315.0M(315.0M)->0.0B(318.0M) Survivors: 4096.0K->1024.0K Heap: 324.9M(533.0M)->7465.0K(533.0M)]
 [Times: user=0.01 sys=0.00, real=0.01 secs] 
3.877: [GC pause (young)3.878: [SoftReference, 0 refs, 0.0000150 secs]3.878: [WeakReference, 0 refs, 0.0000030 secs]3.878: [FinalReference, 0 refs, 0.0000030 secs]3.878: [PhantomReference, 0 refs, 0.0000020 secs]3.878: [JNI Weak Reference, 0.0000030 secs], 0.0014690 secs]
   [Parallel Time: 1.0 ms, GC Workers: 8]
      [GC Worker Start (ms): Min: 3877.1, Avg: 3877.3, Max: 3877.7, Diff: 0.6]
      [Ext Root Scanning (ms): Min: 0.0, Avg: 0.2, Max: 0.3, Diff: 0.3, Sum: 1.5]
      [Update RS (ms): Min: 0.0, Avg: 0.0, Max: 0.0, Diff: 0.0, Sum: 0.1]
         [Processed Buffers: Min: 0, Avg: 1.2, Max: 4, Diff: 4, Sum: 10]
      [Scan RS (ms): Min: 0.0, Avg: 0.1, Max: 0.2, Diff: 0.2, Sum: 0.7]
      [Object Copy (ms): Min: 0.2, Avg: 0.3, Max: 0.5, Diff: 0.3, Sum: 2.6]
      [Termination (ms): Min: 0.0, Avg: 0.1, Max: 0.1, Diff: 0.1, Sum: 0.6]
      [GC Worker Other (ms): Min: 0.0, Avg: 0.0, Max: 0.0, Diff: 0.0, Sum: 0.1]
      [GC Worker Total (ms): Min: 0.3, Avg: 0.7, Max: 0.9, Diff: 0.6, Sum: 5.7]
      [GC Worker End (ms): Min: 3878.0, Avg: 3878.0, Max: 3878.0, Diff: 0.0]
   [Code Root Fixup: 0.0 ms]
   [Clear CT: 0.2 ms]
   [Other: 0.3 ms]
      [Choose CSet: 0.0 ms]
      [Ref Proc: 0.2 ms]
      [Ref Enq: 0.0 ms]
      [Free CSet: 0.1 ms]
   [Eden: 318.0M(318.0M)->0.0B(315.0M) Survivors: 1024.0K->4096.0K Heap: 325.3M(533.0M)->10137.1K(533.0M)]
 [Times: user=0.01 sys=0.00, real=0.00 secs] 
3.913: [GC pause (young)3.914: [SoftReference, 0 refs, 0.0000330 secs]3.914: [WeakReference, 0 refs, 0.0000110 secs]3.914: [FinalReference, 0 refs, 0.0000020 secs]3.914: [PhantomReference, 0 refs, 0.0000020 secs]3.914: [JNI Weak Reference, 0.0000030 secs], 0.0013290 secs]
   [Parallel Time: 0.8 ms, GC Workers: 8]
      [GC Worker Start (ms): Min: 3913.4, Avg: 3913.5, Max: 3913.6, Diff: 0.2]
      [Ext Root Scanning (ms): Min: 0.1, Avg: 0.2, Max: 0.3, Diff: 0.2, Sum: 1.7]
      [Update RS (ms): Min: 0.0, Avg: 0.0, Max: 0.0, Diff: 0.0, Sum: 0.1]
         [Processed Buffers: Min: 0, Avg: 1.0, Max: 3, Diff: 3, Sum: 8]
      [Scan RS (ms): Min: 0.0, Avg: 0.1, Max: 0.1, Diff: 0.1, Sum: 0.8]
      [Object Copy (ms): Min: 0.3, Avg: 0.3, Max: 0.4, Diff: 0.1, Sum: 2.8]
      [Termination (ms): Min: 0.0, Avg: 0.0, Max: 0.0, Diff: 0.0, Sum: 0.0]
      [GC Worker Other (ms): Min: 0.0, Avg: 0.0, Max: 0.0, Diff: 0.0, Sum: 0.2]
      [GC Worker Total (ms): Min: 0.6, Avg: 0.7, Max: 0.8, Diff: 0.2, Sum: 5.6]
      [GC Worker End (ms): Min: 3914.2, Avg: 3914.2, Max: 3914.2, Diff: 0.0]
   [Code Root Fixup: 0.0 ms]
   [Clear CT: 0.1 ms]
   [Other: 0.4 ms]
      [Choose CSet: 0.0 ms]
      [Ref Proc: 0.2 ms]
      [Ref Enq: 0.0 ms]
      [Free CSet: 0.1 ms]
   [Eden: 315.0M(315.0M)->0.0B(318.0M) Survivors: 4096.0K->1024.0K Heap: 324.9M(533.0M)->7905.3K(533.0M)]
 [Times: user=0.00 sys=0.00, real=0.00 secs] 
3.949: [GC pause (young)3.950: [SoftReference, 0 refs, 0.0000160 secs]3.950: [WeakReference, 0 refs, 0.0000030 secs]3.950: [FinalReference, 0 refs, 0.0000020 secs]3.950: [PhantomReference, 0 refs, 0.0000020 secs]3.950: [JNI Weak Reference, 0.0000120 secs], 0.0014040 secs]
   [Parallel Time: 0.9 ms, GC Workers: 8]
      [GC Worker Start (ms): Min: 3949.1, Avg: 3949.3, Max: 3949.7, Diff: 0.6]
      [Ext Root Scanning (ms): Min: 0.0, Avg: 0.2, Max: 0.3, Diff: 0.3, Sum: 1.5]
      [Update RS (ms): Min: 0.0, Avg: 0.0, Max: 0.0, Diff: 0.0, Sum: 0.1]
         [Processed Buffers: Min: 0, Avg: 1.2, Max: 4, Diff: 4, Sum: 10]
      [Scan RS (ms): Min: 0.0, Avg: 0.1, Max: 0.1, Diff: 0.1, Sum: 0.5]
      [Object Copy (ms): Min: 0.2, Avg: 0.4, Max: 0.4, Diff: 0.2, Sum: 2.8]
      [Termination (ms): Min: 0.0, Avg: 0.0, Max: 0.0, Diff: 0.0, Sum: 0.0]
      [GC Worker Other (ms): Min: 0.0, Avg: 0.0, Max: 0.0, Diff: 0.0, Sum: 0.2]
      [GC Worker Total (ms): Min: 0.2, Avg: 0.6, Max: 0.8, Diff: 0.6, Sum: 5.1]
      [GC Worker End (ms): Min: 3949.9, Avg: 3949.9, Max: 3949.9, Diff: 0.0]
   [Code Root Fixup: 0.0 ms]
   [Clear CT: 0.2 ms]
   [Other: 0.3 ms]
      [Choose CSet: 0.0 ms]
      [Ref Proc: 0.2 ms]
      [Ref Enq: 0.0 ms]
      [Free CSet: 0.1 ms]
   [Eden: 318.0M(318.0M)->0.0B(318.0M) Survivors: 1024.0K->1024.0K Heap: 325.7M(533.0M)->7775.1K(533.0M)]
 [Times: user=0.01 sys=0.00, real=0.00 secs] 
3.985: [GC pause (young)3.987: [SoftReference, 0 refs, 0.0000160 secs]3.987: [WeakReference, 0 refs, 0.0000020 secs]3.987: [FinalReference, 0 refs, 0.0000020 secs]3.987: [PhantomReference, 0 refs, 0.0000020 secs]3.987: [JNI Weak Reference, 0.0000030 secs], 0.0014900 secs]
   [Parallel Time: 1.0 ms, GC Workers: 8]
      [GC Worker Start (ms): Min: 3985.4, Avg: 3985.8, Max: 3986.3, Diff: 0.9]
      [Ext Root Scanning (ms): Min: 0.0, Avg: 0.2, Max: 0.3, Diff: 0.3, Sum: 1.4]
      [Update RS (ms): Min: 0.0, Avg: 0.0, Max: 0.0, Diff: 0.0, Sum: 0.1]
         [Processed Buffers: Min: 0, Avg: 1.1, Max: 5, Diff: 5, Sum: 9]
      [Scan RS (ms): Min: 0.0, Avg: 0.1, Max: 0.1, Diff: 0.1, Sum: 0.5]
      [Object Copy (ms): Min: 0.0, Avg: 0.3, Max: 0.5, Diff: 0.5, Sum: 2.2]
      [Termination (ms): Min: 0.0, Avg: 0.1, Max: 0.1, Diff: 0.1, Sum: 0.6]
      [GC Worker Other (ms): Min: 0.0, Avg: 0.0, Max: 0.0, Diff: 0.0, Sum: 0.0]
      [GC Worker Total (ms): Min: 0.0, Avg: 0.6, Max: 1.0, Diff: 0.9, Sum: 4.7]
      [GC Worker End (ms): Min: 3986.3, Avg: 3986.4, Max: 3986.4, Diff: 0.0]
   [Code Root Fixup: 0.0 ms]
   [Clear CT: 0.1 ms]
   [Other: 0.4 ms]
      [Choose CSet: 0.0 ms]
      [Ref Proc: 0.2 ms]
      [Ref Enq: 0.0 ms]
      [Free CSet: 0.1 ms]
   [Eden: 318.0M(318.0M)->0.0B(318.0M) Survivors: 1024.0K->1024.0K Heap: 325.6M(533.0M)->7663.8K(533.0M)]
 [Times: user=0.01 sys=0.00, real=0.00 secs] 
4.023: [GC pause (young)4.024: [SoftReference, 0 refs, 0.0000290 secs]4.024: [WeakReference, 0 refs, 0.0000030 secs]4.024: [FinalReference, 0 refs, 0.0000120 secs]4.024: [PhantomReference, 0 refs, 0.0000020 secs]4.024: [JNI Weak Reference, 0.0000030 secs], 0.0014170 secs]
   [Parallel Time: 0.9 ms, GC Workers: 8]
      [GC Worker Start (ms): Min: 4022.6, Avg: 4022.8, Max: 4023.4, Diff: 0.9]
      [Ext Root Scanning (ms): Min: 0.0, Avg: 0.2, Max: 0.3, Diff: 0.3, Sum: 1.6]
      [Update RS (ms): Min: 0.0, Avg: 0.0, Max: 0.0, Diff: 0.0, Sum: 0.1]
         [Processed Buffers: Min: 0, Avg: 0.9, Max: 4, Diff: 4, Sum: 7]
      [Scan RS (ms): Min: 0.0, Avg: 0.1, Max: 0.2, Diff: 0.2, Sum: 0.7]
      [Object Copy (ms): Min: 0.0, Avg: 0.3, Max: 0.5, Diff: 0.5, Sum: 2.1]
      [Termination (ms): Min: 0.0, Avg: 0.1, Max: 0.1, Diff: 0.1, Sum: 0.6]
      [GC Worker Other (ms): Min: 0.0, Avg: 0.0, Max: 0.0, Diff: 0.0, Sum: 0.0]
      [GC Worker Total (ms): Min: 0.0, Avg: 0.6, Max: 0.9, Diff: 0.9, Sum: 5.1]
      [GC Worker End (ms): Min: 4023.5, Avg: 4023.5, Max: 4023.5, Diff: 0.0]
   [Code Root Fixup: 0.0 ms]
   [Clear CT: 0.1 ms]
   [Other: 0.4 ms]
      [Choose CSet: 0.0 ms]
      [Ref Proc: 0.2 ms]
      [Ref Enq: 0.0 ms]
      [Free CSet: 0.1 ms]
   [Eden: 318.0M(318.0M)->0.0B(316.0M) Survivors: 1024.0K->3072.0K Heap: 325.5M(533.0M)->9726.4K(533.0M)]
 [Times: user=0.01 sys=0.00, real=0.00 secs] 
4.059: [GC pause (young)4.060: [SoftReference, 0 refs, 0.0000150 secs]4.060: [WeakReference, 0 refs, 0.0000030 secs]4.060: [FinalReference, 0 refs, 0.0000030 secs]4.060: [PhantomReference, 0 refs, 0.0000020 secs]4.060: [JNI Weak Reference, 0.0000120 secs], 0.0015370 secs]
   [Parallel Time: 1.0 ms, GC Workers: 8]
      [GC Worker Start (ms): Min: 4059.2, Avg: 4059.4, Max: 4059.8, Diff: 0.7]
      [Ext Root Scanning (ms): Min: 0.0, Avg: 0.2, Max: 0.3, Diff: 0.3, Sum: 1.6]
      [Update RS (ms): Min: 0.0, Avg: 0.0, Max: 0.1, Diff: 0.1, Sum: 0.1]
         [Processed Buffers: Min: 0, Avg: 1.0, Max: 6, Diff: 6, Sum: 8]
      [Scan RS (ms): Min: 0.0, Avg: 0.1, Max: 0.1, Diff: 0.1, Sum: 0.6]
      [Object Copy (ms): Min: 0.2, Avg: 0.3, Max: 0.5, Diff: 0.3, Sum: 2.6]
      [Termination (ms): Min: 0.1, Avg: 0.1, Max: 0.1, Diff: 0.0, Sum: 0.7]
      [GC Worker Other (ms): Min: 0.0, Avg: 0.0, Max: 0.0, Diff: 0.0, Sum: 0.1]
      [GC Worker Total (ms): Min: 0.3, Avg: 0.7, Max: 0.9, Diff: 0.7, Sum: 5.6]
      [GC Worker End (ms): Min: 4060.1, Avg: 4060.1, Max: 4060.1, Diff: 0.0]
   [Code Root Fixup: 0.0 ms]
   [Clear CT: 0.1 ms]
   [Other: 0.4 ms]
      [Choose CSet: 0.0 ms]
      [Ref Proc: 0.2 ms]
      [Ref Enq: 0.0 ms]
      [Free CSet: 0.1 ms]
   [Eden: 316.0M(316.0M)->0.0B(316.0M) Survivors: 3072.0K->3072.0K Heap: 325.5M(533.0M)->9987.9K(533.0M)]
 [Times: user=0.01 sys=0.00, real=0.00 secs] 
4.096: [GC pause (young)4.097: [SoftReference, 0 refs, 0.0000150 secs]4.097: [WeakReference, 0 refs, 0.0000220 secs]4.097: [FinalReference, 0 refs, 0.0000020 secs]4.097: [PhantomReference, 0 refs, 0.0000020 secs]4.097: [JNI Weak Reference, 0.0000020 secs], 0.0015430 secs]
   [Parallel Time: 1.1 ms, GC Workers: 8]
      [GC Worker Start (ms): Min: 4096.1, Avg: 4096.5, Max: 4097.1, Diff: 1.0]
      [Ext Root Scanning (ms): Min: 0.0, Avg: 0.2, Max: 0.3, Diff: 0.3, Sum: 1.4]
      [Update RS (ms): Min: 0.0, Avg: 0.0, Max: 0.1, Diff: 0.1, Sum: 0.1]
         [Processed Buffers: Min: 0, Avg: 1.2, Max: 7, Diff: 7, Sum: 10]
      [Scan RS (ms): Min: 0.0, Avg: 0.1, Max: 0.2, Diff: 0.2, Sum: 0.7]
      [Object Copy (ms): Min: 0.0, Avg: 0.4, Max: 0.6, Diff: 0.6, Sum: 2.8]
      [Termination (ms): Min: 0.0, Avg: 0.1, Max: 0.1, Diff: 0.1, Sum: 0.5]
      [GC Worker Other (ms): Min: 0.0, Avg: 0.0, Max: 0.0, Diff: 0.0, Sum: 0.1]
      [GC Worker Total (ms): Min: 0.0, Avg: 0.7, Max: 1.0, Diff: 1.0, Sum: 5.6]
      [GC Worker End (ms): Min: 4097.1, Avg: 4097.2, Max: 4097.2, Diff: 0.0]
   [Code Root Fixup: 0.0 ms]
   [Clear CT: 0.1 ms]
   [Other: 0.4 ms]
      [Choose CSet: 0.0 ms]
      [Ref Proc: 0.2 ms]
      [Ref Enq: 0.0 ms]
      [Free CSet: 0.1 ms]
   [Eden: 316.0M(316.0M)->0.0B(315.0M) Survivors: 3072.0K->4096.0K Heap: 325.8M(533.0M)->10230.8K(533.0M)]
 [Times: user=0.01 sys=0.00, real=0.00 secs] 
4.133: [GC pause (young)4.135: [SoftReference, 0 refs, 0.0000140 secs]4.135: [WeakReference, 0 refs, 0.0000130 secs]4.135: [FinalReference, 0 refs, 0.0000020 secs]4.135: [PhantomReference, 0 refs, 0.0000020 secs]4.135: [JNI Weak Reference, 0.0000020 secs], 0.0014740 secs]
   [Parallel Time: 1.0 ms, GC Workers: 8]
      [GC Worker Start (ms): Min: 4133.5, Avg: 4133.9, Max: 4134.5, Diff: 0.9]
      [Ext Root Scanning (ms): Min: 0.0, Avg: 0.2, Max: 0.3, Diff: 0.3, Sum: 1.4]
      [Update RS (ms): Min: 0.0, Avg: 0.0, Max: 0.0, Diff: 0.0, Sum: 0.1]
         [Processed Buffers: Min: 0, Avg: 1.0, Max: 3, Diff: 3, Sum: 8]
      [Scan RS (ms): Min: 0.0, Avg: 0.1, Max: 0.1, Diff: 0.1, Sum: 0.4]
      [Object Copy (ms): Min: 0.0, Avg: 0.3, Max: 0.5, Diff: 0.5, Sum: 2.2]
      [Termination (ms): Min: 0.0, Avg: 0.1, Max: 0.1, Diff: 0.1, Sum: 0.6]
      [GC Worker Other (ms): Min: 0.0, Avg: 0.0, Max: 0.0, Diff: 0.0, Sum: 0.0]
      [GC Worker Total (ms): Min: 0.0, Avg: 0.6, Max: 1.0, Diff: 0.9, Sum: 4.8]
      [GC Worker End (ms): Min: 4134.5, Avg: 4134.5, Max: 4134.5, Diff: 0.0]
   [Code Root Fixup: 0.0 ms]
   [Clear CT: 0.1 ms]
   [Other: 0.3 ms]
      [Choose CSet: 0.0 ms]
      [Ref Proc: 0.2 ms]
      [Ref Enq: 0.0 ms]
      [Free CSet: 0.1 ms]
   [Eden: 315.0M(315.0M)->0.0B(317.0M) Survivors: 4096.0K->2048.0K Heap: 325.0M(533.0M)->8958.9K(533.0M)]
 [Times: user=0.01 sys=0.00, real=0.00 secs] 
4.170: [GC pause (young)4.171: [SoftReference, 0 refs, 0.0000240 secs]4.171: [WeakReference, 0 refs, 0.0000130 secs]4.171: [FinalReference, 0 refs, 0.0000030 secs]4.171: [PhantomReference, 0 refs, 0.0000030 secs]4.171: [JNI Weak Reference, 0.0000020 secs], 0.0014730 secs]
   [Parallel Time: 1.0 ms, GC Workers: 8]
      [GC Worker Start (ms): Min: 4170.1, Avg: 4170.4, Max: 4170.9, Diff: 0.9]
      [Ext Root Scanning (ms): Min: 0.0, Avg: 0.2, Max: 0.3, Diff: 0.3, Sum: 1.4]
      [Update RS (ms): Min: 0.0, Avg: 0.0, Max: 0.0, Diff: 0.0, Sum: 0.1]
         [Processed Buffers: Min: 0, Avg: 0.9, Max: 4, Diff: 4, Sum: 7]
      [Scan RS (ms): Min: 0.0, Avg: 0.1, Max: 0.1, Diff: 0.1, Sum: 0.4]
      [Object Copy (ms): Min: 0.0, Avg: 0.2, Max: 0.4, Diff: 0.4, Sum: 1.8]
      [Termination (ms): Min: 0.0, Avg: 0.1, Max: 0.1, Diff: 0.1, Sum: 0.6]
      [GC Worker Other (ms): Min: 0.0, Avg: 0.0, Max: 0.0, Diff: 0.0, Sum: 0.1]
      [GC Worker Total (ms): Min: 0.0, Avg: 0.5, Max: 0.9, Diff: 0.9, Sum: 4.3]
      [GC Worker End (ms): Min: 4170.9, Avg: 4171.0, Max: 4171.0, Diff: 0.0]
   [Code Root Fixup: 0.0 ms]
   [Clear CT: 0.1 ms]
   [Other: 0.4 ms]
      [Choose CSet: 0.0 ms]
      [Ref Proc: 0.2 ms]
      [Ref Enq: 0.0 ms]
      [Free CSet: 0.1 ms]
   [Eden: 317.0M(317.0M)->0.0B(318.0M) Survivors: 2048.0K->1024.0K Heap: 325.7M(533.0M)->7769.0K(533.0M)]
 [Times: user=0.00 sys=0.01, real=0.00 secs] 
4.207: [GC pause (young)4.208: [SoftReference, 0 refs, 0.0000140 secs]4.208: [WeakReference, 0 refs, 0.0000020 secs]4.208: [FinalReference, 0 refs, 0.0000020 secs]4.208: [PhantomReference, 0 refs, 0.0000110 secs]4.208: [JNI Weak Reference, 0.0000030 secs], 0.0014550 secs]
   [Parallel Time: 1.0 ms, GC Workers: 8]
      [GC Worker Start (ms): Min: 4207.2, Avg: 4207.5, Max: 4208.1, Diff: 0.9]
      [Ext Root Scanning (ms): Min: 0.0, Avg: 0.2, Max: 0.3, Diff: 0.3, Sum: 1.5]
      [Update RS (ms): Min: 0.0, Avg: 0.0, Max: 0.0, Diff: 0.0, Sum: 0.1]
         [Processed Buffers: Min: 0, Avg: 0.9, Max: 3, Diff: 3, Sum: 7]
      [Scan RS (ms): Min: 0.0, Avg: 0.1, Max: 0.1, Diff: 0.1, Sum: 0.5]
      [Object Copy (ms): Min: 0.0, Avg: 0.4, Max: 0.5, Diff: 0.5, Sum: 2.9]
      [Termination (ms): Min: 0.0, Avg: 0.1, Max: 0.1, Diff: 0.1, Sum: 0.5]
      [GC Worker Other (ms): Min: 0.0, Avg: 0.0, Max: 0.0, Diff: 0.0, Sum: 0.1]
      [GC Worker Total (ms): Min: 0.0, Avg: 0.7, Max: 1.0, Diff: 1.0, Sum: 5.6]
      [GC Worker End (ms): Min: 4208.2, Avg: 4208.2, Max: 4208.2, Diff: 0.0]
   [Code Root Fixup: 0.0 ms]
   [Clear CT: 0.1 ms]
   [Other: 0.3 ms]
      [Choose CSet: 0.0 ms]
      [Ref Proc: 0.2 ms]
      [Ref Enq: 0.0 ms]
      [Free CSet: 0.1 ms]
   [Eden: 318.0M(318.0M)->0.0B(317.0M) Survivors: 1024.0K->2048.0K Heap: 325.6M(533.0M)->8402.0K(533.0M)]
 [Times: user=0.00 sys=0.00, real=0.00 secs] 
4.244: [GC pause (young)4.245: [SoftReference, 0 refs, 0.0000170 secs]4.245: [WeakReference, 0 refs, 0.0000020 secs]4.245: [FinalReference, 0 refs, 0.0000020 secs]4.245: [PhantomReference, 0 refs, 0.0000030 secs]4.245: [JNI Weak Reference, 0.0000020 secs], 0.0014510 secs]
   [Parallel Time: 0.9 ms, GC Workers: 8]
      [GC Worker Start (ms): Min: 4244.5, Avg: 4244.6, Max: 4245.0, Diff: 0.5]
      [Ext Root Scanning (ms): Min: 0.0, Avg: 0.2, Max: 0.3, Diff: 0.3, Sum: 1.5]
      [Update RS (ms): Min: 0.0, Avg: 0.0, Max: 0.0, Diff: 0.0, Sum: 0.1]
         [Processed Buffers: Min: 0, Avg: 1.0, Max: 5, Diff: 5, Sum: 8]
      [Scan RS (ms): Min: 0.0, Avg: 0.1, Max: 0.1, Diff: 0.1, Sum: 0.7]
      [Object Copy (ms): Min: 0.2, Avg: 0.3, Max: 0.4, Diff: 0.2, Sum: 2.7]
      [Termination (ms): Min: 0.0, Avg: 0.1, Max: 0.1, Diff: 0.1, Sum: 0.5]
      [GC Worker Other (ms): Min: 0.0, Avg: 0.0, Max: 0.0, Diff: 0.0, Sum: 0.1]
      [GC Worker Total (ms): Min: 0.3, Avg: 0.7, Max: 0.8, Diff: 0.5, Sum: 5.6]
      [GC Worker End (ms): Min: 4245.3, Avg: 4245.3, Max: 4245.3, Diff: 0.0]
   [Code Root Fixup: 0.0 ms]
   [Clear CT: 0.2 ms]
   [Other: 0.3 ms]
      [Choose CSet: 0.0 ms]
      [Ref Proc: 0.2 ms]
      [Ref Enq: 0.0 ms]
      [Free CSet: 0.1 ms]
   [Eden: 317.0M(317.0M)->0.0B(317.0M) Survivors: 2048.0K->2048.0K Heap: 325.2M(533.0M)->8292.3K(533.0M)]
 [Times: user=0.01 sys=0.00, real=0.00 secs] 
4.281: [GC pause (young)4.282: [SoftReference, 0 refs, 0.0000150 secs]4.282: [WeakReference, 0 refs, 0.0000020 secs]4.282: [FinalReference, 0 refs, 0.0000020 secs]4.282: [PhantomReference, 0 refs, 0.0000020 secs]4.282: [JNI Weak Reference, 0.0000020 secs], 0.0015220 secs]
   [Parallel Time: 1.0 ms, GC Workers: 8]
      [GC Worker Start (ms): Min: 4280.6, Avg: 4281.0, Max: 4281.6, Diff: 0.9]
      [Ext Root Scanning (ms): Min: 0.0, Avg: 0.2, Max: 0.3, Diff: 0.3, Sum: 1.4]
      [Update RS (ms): Min: 0.0, Avg: 0.0, Max: 0.0, Diff: 0.0, Sum: 0.1]
         [Processed Buffers: Min: 0, Avg: 1.1, Max: 5, Diff: 5, Sum: 9]
      [Scan RS (ms): Min: 0.0, Avg: 0.1, Max: 0.1, Diff: 0.1, Sum: 0.5]
      [Object Copy (ms): Min: 0.0, Avg: 0.3, Max: 0.5, Diff: 0.5, Sum: 2.2]
      [Termination (ms): Min: 0.0, Avg: 0.1, Max: 0.1, Diff: 0.1, Sum: 0.6]
      [GC Worker Other (ms): Min: 0.0, Avg: 0.0, Max: 0.0, Diff: 0.0, Sum: 0.0]
      [GC Worker Total (ms): Min: 0.0, Avg: 0.6, Max: 1.0, Diff: 1.0, Sum: 4.8]
      [GC Worker End (ms): Min: 4281.6, Avg: 4281.6, Max: 4281.6, Diff: 0.0]
   [Code Root Fixup: 0.0 ms]
   [Clear CT: 0.1 ms]
   [Other: 0.4 ms]
      [Choose CSet: 0.0 ms]
      [Ref Proc: 0.2 ms]
      [Ref Enq: 0.0 ms]
      [Free CSet: 0.2 ms]
   [Eden: 317.0M(317.0M)->0.0B(318.0M) Survivors: 2048.0K->1024.0K Heap: 325.1M(533.0M)->7904.4K(533.0M)]
 [Times: user=0.01 sys=0.00, real=0.01 secs] 
4.318: [GC pause (young)4.319: [SoftReference, 0 refs, 0.0000250 secs]4.319: [WeakReference, 0 refs, 0.0000030 secs]4.319: [FinalReference, 0 refs, 0.0000020 secs]4.319: [PhantomReference, 0 refs, 0.0000030 secs]4.319: [JNI Weak Reference, 0.0000020 secs], 0.0016490 secs]
   [Parallel Time: 1.2 ms, GC Workers: 8]
      [GC Worker Start (ms): Min: 4318.1, Avg: 4318.4, Max: 4318.8, Diff: 0.7]
      [Ext Root Scanning (ms): Min: 0.0, Avg: 0.2, Max: 0.4, Diff: 0.4, Sum: 1.6]
      [Update RS (ms): Min: 0.0, Avg: 0.0, Max: 0.0, Diff: 0.0, Sum: 0.1]
         [Processed Buffers: Min: 0, Avg: 0.8, Max: 5, Diff: 5, Sum: 6]
      [Scan RS (ms): Min: 0.0, Avg: 0.1, Max: 0.1, Diff: 0.1, Sum: 0.5]
      [Object Copy (ms): Min: 0.3, Avg: 0.4, Max: 0.7, Diff: 0.4, Sum: 3.5]
      [Termination (ms): Min: 0.0, Avg: 0.2, Max: 0.2, Diff: 0.2, Sum: 1.3]
      [GC Worker Other (ms): Min: 0.0, Avg: 0.0, Max: 0.0, Diff: 0.0, Sum: 0.1]
      [GC Worker Total (ms): Min: 0.5, Avg: 0.9, Max: 1.1, Diff: 0.7, Sum: 7.0]
      [GC Worker End (ms): Min: 4319.2, Avg: 4319.3, Max: 4319.3, Diff: 0.1]
   [Code Root Fixup: 0.0 ms]
   [Clear CT: 0.1 ms]
   [Other: 0.3 ms]
      [Choose CSet: 0.0 ms]
      [Ref Proc: 0.2 ms]
      [Ref Enq: 0.0 ms]
      [Free CSet: 0.1 ms]
   [Eden: 318.0M(318.0M)->0.0B(314.0M) Survivors: 1024.0K->5120.0K Heap: 325.7M(533.0M)->11.4M(533.0M)]
 [Times: user=0.00 sys=0.00, real=0.00 secs] 
4.354: [GC pause (young)4.355: [SoftReference, 0 refs, 0.0000190 secs]4.355: [WeakReference, 0 refs, 0.0000030 secs]4.355: [FinalReference, 0 refs, 0.0000030 secs]4.355: [PhantomReference, 0 refs, 0.0000020 secs]4.355: [JNI Weak Reference, 0.0000020 secs], 0.0014000 secs]
   [Parallel Time: 0.9 ms, GC Workers: 8]
      [GC Worker Start (ms): Min: 4354.1, Avg: 4354.3, Max: 4354.9, Diff: 0.8]
      [Ext Root Scanning (ms): Min: 0.0, Avg: 0.2, Max: 0.3, Diff: 0.3, Sum: 1.5]
      [Update RS (ms): Min: 0.0, Avg: 0.0, Max: 0.0, Diff: 0.0, Sum: 0.1]
         [Processed Buffers: Min: 0, Avg: 1.1, Max: 5, Diff: 5, Sum: 9]
      [Scan RS (ms): Min: 0.0, Avg: 0.1, Max: 0.1, Diff: 0.1, Sum: 0.6]
      [Object Copy (ms): Min: 0.0, Avg: 0.3, Max: 0.5, Diff: 0.5, Sum: 2.2]
      [Termination (ms): Min: 0.0, Avg: 0.1, Max: 0.1, Diff: 0.1, Sum: 0.6]
      [GC Worker Other (ms): Min: 0.0, Avg: 0.0, Max: 0.0, Diff: 0.0, Sum: 0.1]
      [GC Worker Total (ms): Min: 0.0, Avg: 0.6, Max: 0.9, Diff: 0.8, Sum: 5.1]
      [GC Worker End (ms): Min: 4354.9, Avg: 4354.9, Max: 4354.9, Diff: 0.0]
   [Code Root Fixup: 0.0 ms]
   [Clear CT: 0.2 ms]
   [Other: 0.4 ms]
      [Choose CSet: 0.0 ms]
      [Ref Proc: 0.2 ms]
      [Ref Enq: 0.0 ms]
      [Free CSet: 0.1 ms]
   [Eden: 314.0M(314.0M)->0.0B(317.0M) Survivors: 5120.0K->2048.0K Heap: 325.4M(533.0M)->9021.4K(533.0M)]
 [Times: user=0.01 sys=0.00, real=0.00 secs] 
4.391: [GC pause (young)4.392: [SoftReference, 0 refs, 0.0000240 secs]4.392: [WeakReference, 0 refs, 0.0000120 secs]4.392: [FinalReference, 0 refs, 0.0000030 secs]4.392: [PhantomReference, 0 refs, 0.0000020 secs]4.392: [JNI Weak Reference, 0.0000030 secs], 0.0014100 secs]
   [Parallel Time: 0.9 ms, GC Workers: 8]
      [GC Worker Start (ms): Min: 4391.2, Avg: 4391.3, Max: 4391.4, Diff: 0.2]
      [Ext Root Scanning (ms): Min: 0.1, Avg: 0.4, Max: 0.9, Diff: 0.8, Sum: 2.9]
      [Update RS (ms): Min: 0.0, Avg: 0.0, Max: 0.0, Diff: 0.0, Sum: 0.1]
         [Processed Buffers: Min: 0, Avg: 1.0, Max: 2, Diff: 2, Sum: 8]
      [Scan RS (ms): Min: 0.0, Avg: 0.1, Max: 0.1, Diff: 0.1, Sum: 0.5]
      [Object Copy (ms): Min: 0.0, Avg: 0.3, Max: 0.4, Diff: 0.4, Sum: 2.2]
      [Termination (ms): Min: 0.0, Avg: 0.1, Max: 0.1, Diff: 0.1, Sum: 0.7]
      [GC Worker Other (ms): Min: 0.0, Avg: 0.0, Max: 0.0, Diff: 0.0, Sum: 0.1]
      [GC Worker Total (ms): Min: 0.7, Avg: 0.8, Max: 0.9, Diff: 0.2, Sum: 6.4]
      [GC Worker End (ms): Min: 4392.0, Avg: 4392.1, Max: 4392.1, Diff: 0.0]
   [Code Root Fixup: 0.0 ms]
   [Clear CT: 0.1 ms]
   [Other: 0.3 ms]
      [Choose CSet: 0.0 ms]
      [Ref Proc: 0.2 ms]
      [Ref Enq: 0.0 ms]
      [Free CSet: 0.1 ms]
   [Eden: 317.0M(317.0M)->0.0B(318.0M) Survivors: 2048.0K->1024.0K Heap: 325.8M(533.0M)->8000.6K(533.0M)]
 [Times: user=0.00 sys=0.00, real=0.01 secs] 
4.428: [GC pause (young)4.429: [SoftReference, 0 refs, 0.0000250 secs]4.429: [WeakReference, 0 refs, 0.0000110 secs]4.429: [FinalReference, 0 refs, 0.0000020 secs]4.429: [PhantomReference, 0 refs, 0.0000020 secs]4.429: [JNI Weak Reference, 0.0000020 secs], 0.0015400 secs]
   [Parallel Time: 1.0 ms, GC Workers: 8]
      [GC Worker Start (ms): Min: 4428.0, Avg: 4428.2, Max: 4428.7, Diff: 0.6]
      [Ext Root Scanning (ms): Min: 0.0, Avg: 0.2, Max: 0.3, Diff: 0.3, Sum: 1.4]
      [Update RS (ms): Min: 0.0, Avg: 0.0, Max: 0.0, Diff: 0.0, Sum: 0.1]
         [Processed Buffers: Min: 0, Avg: 1.0, Max: 5, Diff: 5, Sum: 8]
      [Scan RS (ms): Min: 0.0, Avg: 0.1, Max: 0.1, Diff: 0.1, Sum: 0.4]
      [Object Copy (ms): Min: 0.2, Avg: 0.4, Max: 0.5, Diff: 0.3, Sum: 3.3]
      [Termination (ms): Min: 0.0, Avg: 0.1, Max: 0.1, Diff: 0.1, Sum: 0.5]
      [GC Worker Other (ms): Min: 0.0, Avg: 0.0, Max: 0.0, Diff: 0.0, Sum: 0.1]
      [GC Worker Total (ms): Min: 0.3, Avg: 0.7, Max: 1.0, Diff: 0.6, Sum: 5.8]
      [GC Worker End (ms): Min: 4429.0, Avg: 4429.0, Max: 4429.0, Diff: 0.0]
   [Code Root Fixup: 0.0 ms]
   [Clear CT: 0.1 ms]
   [Other: 0.4 ms]
      [Choose CSet: 0.0 ms]
      [Ref Proc: 0.2 ms]
      [Ref Enq: 0.0 ms]
      [Free CSet: 0.2 ms]
   [Eden: 318.0M(318.0M)->0.0B(316.0M) Survivors: 1024.0K->3072.0K Heap: 325.8M(533.0M)->9532.2K(533.0M)]
 [Times: user=0.01 sys=0.00, real=0.00 secs] 
4.465: [GC pause (young)4.466: [SoftReference, 0 refs, 0.0000140 secs]4.466: [WeakReference, 0 refs, 0.0000020 secs]4.466: [FinalReference, 0 refs, 0.0000020 secs]4.466: [PhantomReference, 0 refs, 0.0000020 secs]4.466: [JNI Weak Reference, 0.0000020 secs], 0.0014210 secs]
   [Parallel Time: 0.9 ms, GC Workers: 8]
      [GC Worker Start (ms): Min: 4464.6, Avg: 4464.9, Max: 4465.5, Diff: 0.9]
      [Ext Root Scanning (ms): Min: 0.0, Avg: 0.2, Max: 0.3, Diff: 0.3, Sum: 1.4]
      [Update RS (ms): Min: 0.0, Avg: 0.0, Max: 0.0, Diff: 0.0, Sum: 0.1]
         [Processed Buffers: Min: 0, Avg: 1.1, Max: 6, Diff: 6, Sum: 9]
      [Scan RS (ms): Min: 0.0, Avg: 0.1, Max: 0.1, Diff: 0.1, Sum: 0.5]
      [Object Copy (ms): Min: 0.0, Avg: 0.3, Max: 0.4, Diff: 0.4, Sum: 2.1]
      [Termination (ms): Min: 0.0, Avg: 0.1, Max: 0.1, Diff: 0.1, Sum: 0.6]
      [GC Worker Other (ms): Min: 0.0, Avg: 0.0, Max: 0.0, Diff: 0.0, Sum: 0.1]
      [GC Worker Total (ms): Min: 0.0, Avg: 0.6, Max: 0.9, Diff: 0.9, Sum: 4.8]
      [GC Worker End (ms): Min: 4465.5, Avg: 4465.5, Max: 4465.5, Diff: 0.0]
   [Code Root Fixup: 0.0 ms]
   [Clear CT: 0.2 ms]
   [Other: 0.3 ms]
      [Choose CSet: 0.0 ms]
      [Ref Proc: 0.2 ms]
      [Ref Enq: 0.0 ms]
      [Free CSet: 0.1 ms]
   [Eden: 316.0M(316.0M)->0.0B(316.0M) Survivors: 3072.0K->3072.0K Heap: 325.3M(533.0M)->9597.8K(533.0M)]
 [Times: user=0.00 sys=0.00, real=0.00 secs] 
4.501: [GC pause (young)4.503: [SoftReference, 0 refs, 0.0000160 secs]4.503: [WeakReference, 0 refs, 0.0000030 secs]4.503: [FinalReference, 0 refs, 0.0000020 secs]4.503: [PhantomReference, 0 refs, 0.0000020 secs]4.503: [JNI Weak Reference, 0.0000030 secs], 0.0014580 secs]
   [Parallel Time: 1.0 ms, GC Workers: 8]
      [GC Worker Start (ms): Min: 4501.5, Avg: 4501.8, Max: 4502.4, Diff: 0.9]
      [Ext Root Scanning (ms): Min: 0.0, Avg: 0.2, Max: 0.3, Diff: 0.3, Sum: 1.4]
      [Update RS (ms): Min: 0.0, Avg: 0.0, Max: 0.0, Diff: 0.0, Sum: 0.1]
         [Processed Buffers: Min: 0, Avg: 1.0, Max: 4, Diff: 4, Sum: 8]
      [Scan RS (ms): Min: 0.0, Avg: 0.1, Max: 0.2, Diff: 0.1, Sum: 0.5]
      [Object Copy (ms): Min: 0.0, Avg: 0.3, Max: 0.5, Diff: 0.5, Sum: 2.6]
      [Termination (ms): Min: 0.0, Avg: 0.1, Max: 0.1, Diff: 0.1, Sum: 0.6]
      [GC Worker Other (ms): Min: 0.0, Avg: 0.0, Max: 0.0, Diff: 0.0, Sum: 0.2]
      [GC Worker Total (ms): Min: 0.0, Avg: 0.7, Max: 1.0, Diff: 0.9, Sum: 5.3]
      [GC Worker End (ms): Min: 4502.4, Avg: 4502.5, Max: 4502.5, Diff: 0.0]
   [Code Root Fixup: 0.0 ms]
   [Clear CT: 0.1 ms]
   [Other: 0.3 ms]
      [Choose CSet: 0.0 ms]
      [Ref Proc: 0.2 ms]
      [Ref Enq: 0.0 ms]
      [Free CSet: 0.1 ms]
   [Eden: 316.0M(316.0M)->0.0B(316.0M) Survivors: 3072.0K->3072.0K Heap: 325.4M(533.0M)->10096.8K(533.0M)]
 [Times: user=0.00 sys=0.00, real=0.01 secs] 
4.538: [GC pause (young)4.539: [SoftReference, 0 refs, 0.0000130 secs]4.539: [WeakReference, 0 refs, 0.0000020 secs]4.539: [FinalReference, 0 refs, 0.0000020 secs]4.539: [PhantomReference, 0 refs, 0.0000030 secs]4.539: [JNI Weak Reference, 0.0000020 secs], 0.0014050 secs]
   [Parallel Time: 0.9 ms, GC Workers: 8]
      [GC Worker Start (ms): Min: 4538.3, Avg: 4538.6, Max: 4539.1, Diff: 0.8]
      [Ext Root Scanning (ms): Min: 0.0, Avg: 0.2, Max: 0.3, Diff: 0.3, Sum: 1.5]
      [Update RS (ms): Min: 0.0, Avg: 0.0, Max: 0.0, Diff: 0.0, Sum: 0.1]
         [Processed Buffers: Min: 0, Avg: 0.9, Max: 3, Diff: 3, Sum: 7]
      [Scan RS (ms): Min: 0.0, Avg: 0.1, Max: 0.1, Diff: 0.1, Sum: 0.4]
      [Object Copy (ms): Min: 0.0, Avg: 0.2, Max: 0.5, Diff: 0.5, Sum: 1.9]
      [Termination (ms): Min: 0.0, Avg: 0.1, Max: 0.1, Diff: 0.1, Sum: 0.5]
      [GC Worker Other (ms): Min: 0.0, Avg: 0.0, Max: 0.0, Diff: 0.0, Sum: 0.0]
      [GC Worker Total (ms): Min: 0.0, Avg: 0.6, Max: 0.9, Diff: 0.8, Sum: 4.4]
      [GC Worker End (ms): Min: 4539.1, Avg: 4539.2, Max: 4539.2, Diff: 0.0]
   [Code Root Fixup: 0.0 ms]
   [Clear CT: 0.2 ms]
   [Other: 0.3 ms]
      [Choose CSet: 0.0 ms]
      [Ref Proc: 0.1 ms]
      [Ref Enq: 0.0 ms]
      [Free CSet: 0.1 ms]
   [Eden: 316.0M(316.0M)->0.0B(317.0M) Survivors: 3072.0K->2048.0K Heap: 325.9M(533.0M)->8747.0K(533.0M)]
 [Times: user=0.01 sys=0.00, real=0.00 secs] 
4.576: [GC pause (young)4.577: [SoftReference, 0 refs, 0.0000230 secs]4.577: [WeakReference, 0 refs, 0.0000030 secs]4.577: [FinalReference, 0 refs, 0.0000110 secs]4.577: [PhantomReference, 0 refs, 0.0000030 secs]4.577: [JNI Weak Reference, 0.0000020 secs], 0.0014420 secs]
   [Parallel Time: 0.9 ms, GC Workers: 8]
      [GC Worker Start (ms): Min: 4575.6, Avg: 4575.8, Max: 4576.4, Diff: 0.9]
      [Ext Root Scanning (ms): Min: 0.0, Avg: 0.2, Max: 0.3, Diff: 0.3, Sum: 1.4]
      [Update RS (ms): Min: 0.0, Avg: 0.0, Max: 0.0, Diff: 0.0, Sum: 0.1]
         [Processed Buffers: Min: 0, Avg: 1.0, Max: 3, Diff: 3, Sum: 8]
      [Scan RS (ms): Min: 0.0, Avg: 0.1, Max: 0.1, Diff: 0.1, Sum: 0.5]
      [Object Copy (ms): Min: 0.0, Avg: 0.3, Max: 0.4, Diff: 0.4, Sum: 2.3]
      [Termination (ms): Min: 0.0, Avg: 0.1, Max: 0.1, Diff: 0.1, Sum: 0.6]
      [GC Worker Other (ms): Min: 0.0, Avg: 0.0, Max: 0.0, Diff: 0.0, Sum: 0.1]
      [GC Worker Total (ms): Min: 0.0, Avg: 0.6, Max: 0.9, Diff: 0.9, Sum: 4.9]
      [GC Worker End (ms): Min: 4576.4, Avg: 4576.5, Max: 4576.5, Diff: 0.0]
   [Code Root Fixup: 0.0 ms]
   [Clear CT: 0.1 ms]
   [Other: 0.4 ms]
      [Choose CSet: 0.0 ms]
      [Ref Proc: 0.2 ms]
      [Ref Enq: 0.0 ms]
      [Free CSet: 0.1 ms]
   [Eden: 317.0M(317.0M)->0.0B(318.0M) Survivors: 2048.0K->1024.0K Heap: 325.5M(533.0M)->8468.1K(533.0M)]
 [Times: user=0.00 sys=0.00, real=0.00 secs] 
4.613: [GC pause (young)4.615: [SoftReference, 0 refs, 0.0000160 secs]4.615: [WeakReference, 0 refs, 0.0000210 secs]4.615: [FinalReference, 0 refs, 0.0000020 secs]4.615: [PhantomReference, 0 refs, 0.0000030 secs]4.615: [JNI Weak Reference, 0.0000030 secs], 0.0015910 secs]
   [Parallel Time: 1.1 ms, GC Workers: 8]
      [GC Worker Start (ms): Min: 4613.4, Avg: 4613.8, Max: 4614.5, Diff: 1.0]
      [Ext Root Scanning (ms): Min: 0.0, Avg: 0.2, Max: 0.3, Diff: 0.3, Sum: 1.4]
      [Update RS (ms): Min: 0.0, Avg: 0.0, Max: 0.1, Diff: 0.1, Sum: 0.1]
         [Processed Buffers: Min: 0, Avg: 0.8, Max: 6, Diff: 6, Sum: 6]
      [Scan RS (ms): Min: 0.0, Avg: 0.1, Max: 0.3, Diff: 0.2, Sum: 0.6]
      [Object Copy (ms): Min: 0.0, Avg: 0.4, Max: 0.7, Diff: 0.7, Sum: 3.1]
      [Termination (ms): Min: 0.0, Avg: 0.1, Max: 0.1, Diff: 0.1, Sum: 0.5]
      [GC Worker Other (ms): Min: 0.0, Avg: 0.0, Max: 0.0, Diff: 0.0, Sum: 0.1]
      [GC Worker Total (ms): Min: 0.0, Avg: 0.7, Max: 1.1, Diff: 1.1, Sum: 5.8]
      [GC Worker End (ms): Min: 4614.5, Avg: 4614.5, Max: 4614.5, Diff: 0.0]
   [Code Root Fixup: 0.0 ms]
   [Clear CT: 0.1 ms]
   [Other: 0.3 ms]
      [Choose CSet: 0.0 ms]
      [Ref Proc: 0.2 ms]
      [Ref Enq: 0.0 ms]
      [Free CSet: 0.1 ms]
   [Eden: 318.0M(318.0M)->0.0B(314.0M) Survivors: 1024.0K->5120.0K Heap: 326.3M(533.0M)->11.9M(533.0M)]
 [Times: user=0.01 sys=0.00, real=0.00 secs] 
4.650: [GC pause (young)4.651: [SoftReference, 0 refs, 0.0000150 secs]4.651: [WeakReference, 0 refs, 0.0000030 secs]4.651: [FinalReference, 0 refs, 0.0000030 secs]4.651: [PhantomReference, 0 refs, 0.0000020 secs]4.651: [JNI Weak Reference, 0.0000020 secs], 0.0015150 secs]
   [Parallel Time: 1.0 ms, GC Workers: 8]
      [GC Worker Start (ms): Min: 4650.2, Avg: 4650.5, Max: 4651.1, Diff: 0.9]
      [Ext Root Scanning (ms): Min: 0.0, Avg: 0.2, Max: 0.3, Diff: 0.3, Sum: 1.4]
      [Update RS (ms): Min: 0.0, Avg: 0.0, Max: 0.0, Diff: 0.0, Sum: 0.1]
         [Processed Buffers: Min: 0, Avg: 1.1, Max: 4, Diff: 4, Sum: 9]
      [Scan RS (ms): Min: 0.0, Avg: 0.1, Max: 0.1, Diff: 0.1, Sum: 0.4]
      [Object Copy (ms): Min: 0.0, Avg: 0.2, Max: 0.4, Diff: 0.4, Sum: 2.0]
      [Termination (ms): Min: 0.0, Avg: 0.1, Max: 0.1, Diff: 0.1, Sum: 0.6]
      [GC Worker Other (ms): Min: 0.0, Avg: 0.0, Max: 0.0, Diff: 0.0, Sum: 0.0]
      [GC Worker Total (ms): Min: 0.0, Avg: 0.6, Max: 0.9, Diff: 0.9, Sum: 4.5]
      [GC Worker End (ms): Min: 4651.1, Avg: 4651.1, Max: 4651.1, Diff: 0.0]
   [Code Root Fixup: 0.0 ms]
   [Clear CT: 0.2 ms]
   [Other: 0.4 ms]
      [Choose CSet: 0.0 ms]
      [Ref Proc: 0.2 ms]
      [Ref Enq: 0.0 ms]
      [Free CSet: 0.1 ms]
   [Eden: 314.0M(314.0M)->0.0B(317.0M) Survivors: 5120.0K->2048.0K Heap: 325.9M(533.0M)->9150.3K(533.0M)]
 [Times: user=0.00 sys=0.00, real=0.00 secs] 
4.688: [GC pause (young)4.689: [SoftReference, 0 refs, 0.0000240 secs]4.689: [WeakReference, 0 refs, 0.0000030 secs]4.689: [FinalReference, 0 refs, 0.0000020 secs]4.689: [PhantomReference, 0 refs, 0.0000020 secs]4.689: [JNI Weak Reference, 0.0000030 secs], 0.0014850 secs]
   [Parallel Time: 1.0 ms, GC Workers: 8]
      [GC Worker Start (ms): Min: 4687.7, Avg: 4688.0, Max: 4688.6, Diff: 0.9]
      [Ext Root Scanning (ms): Min: 0.0, Avg: 0.2, Max: 0.3, Diff: 0.3, Sum: 1.5]
      [Update RS (ms): Min: 0.0, Avg: 0.0, Max: 0.0, Diff: 0.0, Sum: 0.1]
         [Processed Buffers: Min: 0, Avg: 0.9, Max: 3, Diff: 3, Sum: 7]
      [Scan RS (ms): Min: 0.0, Avg: 0.1, Max: 0.1, Diff: 0.1, Sum: 0.5]
      [Object Copy (ms): Min: 0.0, Avg: 0.3, Max: 0.5, Diff: 0.5, Sum: 2.6]
      [Termination (ms): Min: 0.0, Avg: 0.1, Max: 0.1, Diff: 0.1, Sum: 0.5]
      [GC Worker Other (ms): Min: 0.0, Avg: 0.0, Max: 0.0, Diff: 0.0, Sum: 0.1]
      [GC Worker Total (ms): Min: 0.0, Avg: 0.7, Max: 0.9, Diff: 0.9, Sum: 5.3]
      [GC Worker End (ms): Min: 4688.6, Avg: 4688.7, Max: 4688.7, Diff: 0.0]
   [Code Root Fixup: 0.0 ms]
   [Clear CT: 0.1 ms]
   [Other: 0.4 ms]
      [Choose CSet: 0.0 ms]
      [Ref Proc: 0.2 ms]
      [Ref Enq: 0.0 ms]
      [Free CSet: 0.1 ms]
   [Eden: 317.0M(317.0M)->0.0B(318.0M) Survivors: 2048.0K->1024.0K Heap: 325.9M(533.0M)->8283.9K(533.0M)]
 [Times: user=0.01 sys=0.00, real=0.00 secs] 
4.725: [GC pause (young)4.726: [SoftReference, 0 refs, 0.0000160 secs]4.726: [WeakReference, 0 refs, 0.0000030 secs]4.726: [FinalReference, 0 refs, 0.0000030 secs]4.726: [PhantomReference, 0 refs, 0.0000020 secs]4.726: [JNI Weak Reference, 0.0000110 secs], 0.0014980 secs]
   [Parallel Time: 1.0 ms, GC Workers: 8]
      [GC Worker Start (ms): Min: 4725.2, Avg: 4725.5, Max: 4726.1, Diff: 0.9]
      [Ext Root Scanning (ms): Min: 0.0, Avg: 0.2, Max: 0.3, Diff: 0.3, Sum: 1.4]
      [Update RS (ms): Min: 0.0, Avg: 0.0, Max: 0.1, Diff: 0.1, Sum: 0.1]
         [Processed Buffers: Min: 0, Avg: 1.0, Max: 5, Diff: 5, Sum: 8]
      [Scan RS (ms): Min: 0.0, Avg: 0.1, Max: 0.1, Diff: 0.1, Sum: 0.4]
      [Object Copy (ms): Min: 0.0, Avg: 0.3, Max: 0.5, Diff: 0.5, Sum: 2.1]
      [Termination (ms): Min: 0.0, Avg: 0.1, Max: 0.1, Diff: 0.1, Sum: 0.6]
      [GC Worker Other (ms): Min: 0.0, Avg: 0.0, Max: 0.0, Diff: 0.0, Sum: 0.1]
      [GC Worker Total (ms): Min: 0.0, Avg: 0.6, Max: 0.9, Diff: 0.9, Sum: 4.6]
      [GC Worker End (ms): Min: 4726.1, Avg: 4726.1, Max: 4726.1, Diff: 0.0]
   [Code Root Fixup: 0.0 ms]
   [Clear CT: 0.1 ms]
   [Other: 0.4 ms]
      [Choose CSet: 0.0 ms]
      [Ref Proc: 0.2 ms]
      [Ref Enq: 0.0 ms]
      [Free CSet: 0.1 ms]
   [Eden: 318.0M(318.0M)->0.0B(317.0M) Survivors: 1024.0K->2048.0K Heap: 326.1M(533.0M)->9350.3K(533.0M)]
 [Times: user=0.00 sys=0.00, real=0.00 secs] 
4.763: [GC pause (young)4.764: [SoftReference, 0 refs, 0.0000130 secs]4.764: [WeakReference, 0 refs, 0.0000020 secs]4.764: [FinalReference, 0 refs, 0.0000020 secs]4.764: [PhantomReference, 0 refs, 0.0000020 secs]4.764: [JNI Weak Reference, 0.0000110 secs], 0.0016940 secs]
   [Parallel Time: 1.1 ms, GC Workers: 8]
      [GC Worker Start (ms): Min: 4762.8, Avg: 4763.1, Max: 4763.8, Diff: 1.0]
      [Ext Root Scanning (ms): Min: 0.0, Avg: 0.2, Max: 0.3, Diff: 0.3, Sum: 1.6]
      [Update RS (ms): Min: 0.0, Avg: 0.0, Max: 0.0, Diff: 0.0, Sum: 0.1]
         [Processed Buffers: Min: 0, Avg: 0.9, Max: 3, Diff: 3, Sum: 7]
      [Scan RS (ms): Min: 0.0, Avg: 0.1, Max: 0.2, Diff: 0.1, Sum: 0.7]
      [Object Copy (ms): Min: 0.0, Avg: 0.4, Max: 0.6, Diff: 0.6, Sum: 3.1]
      [Termination (ms): Min: 0.0, Avg: 0.1, Max: 0.1, Diff: 0.1, Sum: 0.5]
      [GC Worker Other (ms): Min: 0.0, Avg: 0.0, Max: 0.0, Diff: 0.0, Sum: 0.1]
      [GC Worker Total (ms): Min: 0.0, Avg: 0.7, Max: 1.0, Diff: 1.0, Sum: 6.0]
      [GC Worker End (ms): Min: 4763.8, Avg: 4763.8, Max: 4763.8, Diff: 0.0]
   [Code Root Fixup: 0.0 ms]
   [Clear CT: 0.2 ms]
   [Other: 0.4 ms]
      [Choose CSet: 0.0 ms]
      [Ref Proc: 0.2 ms]
      [Ref Enq: 0.0 ms]
      [Free CSet: 0.1 ms]
   [Eden: 317.0M(317.0M)->0.0B(316.0M) Survivors: 2048.0K->3072.0K Heap: 326.1M(533.0M)->9793.5K(533.0M)]
 [Times: user=0.01 sys=0.00, real=0.00 secs] 
4.801: [GC pause (young)4.802: [SoftReference, 0 refs, 0.0000300 secs]4.802: [WeakReference, 0 refs, 0.0000120 secs]4.802: [FinalReference, 0 refs, 0.0000030 secs]4.802: [PhantomReference, 0 refs, 0.0000020 secs]4.802: [JNI Weak Reference, 0.0000030 secs], 0.0015590 secs]
   [Parallel Time: 1.1 ms, GC Workers: 8]
      [GC Worker Start (ms): Min: 4800.7, Avg: 4801.0, Max: 4801.7, Diff: 1.0]
      [Ext Root Scanning (ms): Min: 0.0, Avg: 0.2, Max: 0.3, Diff: 0.3, Sum: 1.5]
      [Update RS (ms): Min: 0.0, Avg: 0.0, Max: 0.0, Diff: 0.0, Sum: 0.1]
         [Processed Buffers: Min: 0, Avg: 0.9, Max: 4, Diff: 4, Sum: 7]
      [Scan RS (ms): Min: 0.0, Avg: 0.1, Max: 0.1, Diff: 0.1, Sum: 0.5]
      [Object Copy (ms): Min: 0.0, Avg: 0.4, Max: 0.6, Diff: 0.6, Sum: 3.0]
      [Termination (ms): Min: 0.0, Avg: 0.1, Max: 0.1, Diff: 0.1, Sum: 0.6]
      [GC Worker Other (ms): Min: 0.0, Avg: 0.0, Max: 0.0, Diff: 0.0, Sum: 0.0]
      [GC Worker Total (ms): Min: 0.0, Avg: 0.7, Max: 1.0, Diff: 1.0, Sum: 5.7]
      [GC Worker End (ms): Min: 4801.7, Avg: 4801.7, Max: 4801.7, Diff: 0.0]
   [Code Root Fixup: 0.0 ms]
   [Clear CT: 0.1 ms]
   [Other: 0.4 ms]
      [Choose CSet: 0.0 ms]
      [Ref Proc: 0.2 ms]
      [Ref Enq: 0.0 ms]
      [Free CSet: 0.1 ms]
   [Eden: 316.0M(316.0M)->0.0B(317.0M) Survivors: 3072.0K->2048.0K Heap: 325.6M(533.0M)->9288.1K(533.0M)]
 [Times: user=0.01 sys=0.00, real=0.01 secs] 
4.845: [GC pause (young)4.847: [SoftReference, 0 refs, 0.0000250 secs]4.847: [WeakReference, 0 refs, 0.0000030 secs]4.847: [FinalReference, 0 refs, 0.0000170 secs]4.847: [PhantomReference, 0 refs, 0.0000020 secs]4.847: [JNI Weak Reference, 0.0000020 secs], 0.0018320 secs]
   [Parallel Time: 1.3 ms, GC Workers: 8]
      [GC Worker Start (ms): Min: 4845.4, Avg: 4845.9, Max: 4846.6, Diff: 1.2]
      [Ext Root Scanning (ms): Min: 0.0, Avg: 0.2, Max: 0.4, Diff: 0.4, Sum: 1.5]
      [Update RS (ms): Min: 0.0, Avg: 0.0, Max: 0.1, Diff: 0.1, Sum: 0.1]
         [Processed Buffers: Min: 0, Avg: 1.0, Max: 5, Diff: 5, Sum: 8]
      [Scan RS (ms): Min: 0.0, Avg: 0.1, Max: 0.1, Diff: 0.1, Sum: 0.5]
      [Object Copy (ms): Min: 0.0, Avg: 0.3, Max: 0.7, Diff: 0.7, Sum: 2.8]
      [Termination (ms): Min: 0.0, Avg: 0.1, Max: 0.1, Diff: 0.1, Sum: 0.6]
      [GC Worker Other (ms): Min: 0.0, Avg: 0.0, Max: 0.0, Diff: 0.0, Sum: 0.0]
      [GC Worker Total (ms): Min: 0.0, Avg: 0.7, Max: 1.2, Diff: 1.2, Sum: 5.5]
      [GC Worker End (ms): Min: 4846.6, Avg: 4846.6, Max: 4846.6, Diff: 0.0]
   [Code Root Fixup: 0.0 ms]
   [Clear CT: 0.2 ms]
   [Other: 0.4 ms]
      [Choose CSet: 0.0 ms]
      [Ref Proc: 0.2 ms]
      [Ref Enq: 0.0 ms]
      [Free CSet: 0.1 ms]
   [Eden: 317.0M(317.0M)->0.0B(316.0M) Survivors: 2048.0K->3072.0K Heap: 326.1M(533.0M)->9710.0K(533.0M)]
 [Times: user=0.00 sys=0.00, real=0.00 secs] 
4.887: [GC pause (young)4.888: [SoftReference, 0 refs, 0.0000270 secs]4.888: [WeakReference, 0 refs, 0.0000040 secs]4.888: [FinalReference, 0 refs, 0.0000030 secs]4.888: [PhantomReference, 0 refs, 0.0000040 secs]4.888: [JNI Weak Reference, 0.0000030 secs], 0.0015100 secs]
   [Parallel Time: 0.9 ms, GC Workers: 8]
      [GC Worker Start (ms): Min: 4887.3, Avg: 4887.5, Max: 4888.1, Diff: 0.8]
      [Ext Root Scanning (ms): Min: 0.0, Avg: 0.2, Max: 0.3, Diff: 0.3, Sum: 1.7]
      [Update RS (ms): Min: 0.0, Avg: 0.0, Max: 0.0, Diff: 0.0, Sum: 0.1]
         [Processed Buffers: Min: 0, Avg: 0.9, Max: 3, Diff: 3, Sum: 7]
      [Scan RS (ms): Min: 0.0, Avg: 0.1, Max: 0.1, Diff: 0.1, Sum: 0.6]
      [Object Copy (ms): Min: 0.0, Avg: 0.3, Max: 0.4, Diff: 0.4, Sum: 2.6]
      [Termination (ms): Min: 0.0, Avg: 0.0, Max: 0.0, Diff: 0.0, Sum: 0.2]
      [GC Worker Other (ms): Min: 0.0, Avg: 0.0, Max: 0.0, Diff: 0.0, Sum: 0.2]
      [GC Worker Total (ms): Min: 0.0, Avg: 0.7, Max: 0.8, Diff: 0.8, Sum: 5.3]
      [GC Worker End (ms): Min: 4888.1, Avg: 4888.2, Max: 4888.2, Diff: 0.0]
   [Code Root Fixup: 0.0 ms]
   [Clear CT: 0.1 ms]
   [Other: 0.5 ms]
      [Choose CSet: 0.0 ms]
      [Ref Proc: 0.2 ms]
      [Ref Enq: 0.0 ms]
      [Free CSet: 0.2 ms]
   [Eden: 316.0M(316.0M)->0.0B(318.0M) Survivors: 3072.0K->1024.0K Heap: 325.5M(533.0M)->8327.8K(533.0M)]
 [Times: user=0.00 sys=0.00, real=0.00 secs] 
4.930: [GC pause (young)4.932: [SoftReference, 0 refs, 0.0000400 secs]4.932: [WeakReference, 0 refs, 0.0000030 secs]4.932: [FinalReference, 0 refs, 0.0000020 secs]4.932: [PhantomReference, 0 refs, 0.0000020 secs]4.932: [JNI Weak Reference, 0.0000020 secs], 0.0018450 secs]
   [Parallel Time: 1.3 ms, GC Workers: 8]
      [GC Worker Start (ms): Min: 4930.2, Avg: 4930.5, Max: 4930.7, Diff: 0.5]
      [Ext Root Scanning (ms): Min: 0.1, Avg: 0.3, Max: 0.5, Diff: 0.4, Sum: 2.5]
      [Update RS (ms): Min: 0.0, Avg: 0.0, Max: 0.0, Diff: 0.0, Sum: 0.1]
         [Processed Buffers: Min: 0, Avg: 1.1, Max: 3, Diff: 3, Sum: 9]
      [Scan RS (ms): Min: 0.0, Avg: 0.1, Max: 0.2, Diff: 0.2, Sum: 1.2]
      [Object Copy (ms): Min: 0.4, Avg: 0.4, Max: 0.6, Diff: 0.2, Sum: 3.6]
      [Termination (ms): Min: 0.0, Avg: 0.0, Max: 0.0, Diff: 0.0, Sum: 0.1]
      [GC Worker Other (ms): Min: 0.0, Avg: 0.0, Max: 0.0, Diff: 0.0, Sum: 0.2]
      [GC Worker Total (ms): Min: 0.7, Avg: 1.0, Max: 1.2, Diff: 0.5, Sum: 7.7]
      [GC Worker End (ms): Min: 4931.4, Avg: 4931.4, Max: 4931.4, Diff: 0.0]
   [Code Root Fixup: 0.0 ms]
   [Clear CT: 0.1 ms]
   [Other: 0.5 ms]
      [Choose CSet: 0.0 ms]
      [Ref Proc: 0.2 ms]
      [Ref Enq: 0.0 ms]
      [Free CSet: 0.2 ms]
   [Eden: 318.0M(318.0M)->0.0B(317.0M) Survivors: 1024.0K->2048.0K Heap: 326.1M(533.0M)->8772.4K(533.0M)]
 [Times: user=0.01 sys=0.01, real=0.00 secs] 
4.969: [GC pause (young)4.970: [SoftReference, 0 refs, 0.0000170 secs]4.970: [WeakReference, 0 refs, 0.0000030 secs]4.970: [FinalReference, 0 refs, 0.0000020 secs]4.970: [PhantomReference, 0 refs, 0.0000020 secs]4.970: [JNI Weak Reference, 0.0000020 secs], 0.0015870 secs]
   [Parallel Time: 1.1 ms, GC Workers: 8]
      [GC Worker Start (ms): Min: 4968.8, Avg: 4969.2, Max: 4969.8, Diff: 1.0]
      [Ext Root Scanning (ms): Min: 0.0, Avg: 0.2, Max: 0.3, Diff: 0.3, Sum: 1.4]
      [Update RS (ms): Min: 0.0, Avg: 0.0, Max: 0.0, Diff: 0.0, Sum: 0.1]
         [Processed Buffers: Min: 0, Avg: 1.1, Max: 5, Diff: 5, Sum: 9]
      [Scan RS (ms): Min: 0.0, Avg: 0.1, Max: 0.2, Diff: 0.2, Sum: 0.6]
      [Object Copy (ms): Min: 0.0, Avg: 0.3, Max: 0.6, Diff: 0.6, Sum: 2.5]
      [Termination (ms): Min: 0.0, Avg: 0.1, Max: 0.1, Diff: 0.1, Sum: 0.6]
      [GC Worker Other (ms): Min: 0.0, Avg: 0.0, Max: 0.0, Diff: 0.0, Sum: 0.0]
      [GC Worker Total (ms): Min: 0.0, Avg: 0.6, Max: 1.1, Diff: 1.0, Sum: 5.2]
      [GC Worker End (ms): Min: 4969.9, Avg: 4969.9, Max: 4969.9, Diff: 0.0]
   [Code Root Fixup: 0.0 ms]
   [Clear CT: 0.1 ms]
   [Other: 0.4 ms]
      [Choose CSet: 0.0 ms]
      [Ref Proc: 0.2 ms]
      [Ref Enq: 0.0 ms]
      [Free CSet: 0.1 ms]
   [Eden: 317.0M(317.0M)->0.0B(316.0M) Survivors: 2048.0K->3072.0K Heap: 325.6M(533.0M)->9918.8K(533.0M)]
 [Times: user=0.00 sys=0.00, real=0.00 secs] 
5.005: [GC pause (young)5.007: [SoftReference, 0 refs, 0.0000170 secs]5.007: [WeakReference, 0 refs, 0.0000020 secs]5.007: [FinalReference, 0 refs, 0.0000030 secs]5.007: [PhantomReference, 0 refs, 0.0000020 secs]5.007: [JNI Weak Reference, 0.0000020 secs], 0.0015750 secs]
   [Parallel Time: 1.1 ms, GC Workers: 8]
      [GC Worker Start (ms): Min: 5005.5, Avg: 5005.8, Max: 5006.4, Diff: 1.0]
      [Ext Root Scanning (ms): Min: 0.0, Avg: 0.2, Max: 0.4, Diff: 0.4, Sum: 1.6]
      [Update RS (ms): Min: 0.0, Avg: 0.0, Max: 0.0, Diff: 0.0, Sum: 0.1]
         [Processed Buffers: Min: 0, Avg: 0.9, Max: 5, Diff: 5, Sum: 7]
      [Scan RS (ms): Min: 0.0, Avg: 0.1, Max: 0.2, Diff: 0.2, Sum: 0.5]
      [Object Copy (ms): Min: 0.0, Avg: 0.3, Max: 0.5, Diff: 0.5, Sum: 2.0]
      [Termination (ms): Min: 0.0, Avg: 0.1, Max: 0.1, Diff: 0.1, Sum: 0.6]
      [GC Worker Other (ms): Min: 0.0, Avg: 0.0, Max: 0.0, Diff: 0.0, Sum: 0.1]
      [GC Worker Total (ms): Min: 0.0, Avg: 0.6, Max: 1.0, Diff: 1.0, Sum: 4.9]
      [GC Worker End (ms): Min: 5006.5, Avg: 5006.5, Max: 5006.5, Diff: 0.0]
   [Code Root Fixup: 0.0 ms]
   [Clear CT: 0.2 ms]
   [Other: 0.3 ms]
      [Choose CSet: 0.0 ms]
      [Ref Proc: 0.2 ms]
      [Ref Enq: 0.0 ms]
      [Free CSet: 0.1 ms]
   [Eden: 316.0M(316.0M)->0.0B(314.0M) Survivors: 3072.0K->5120.0K Heap: 325.7M(533.0M)->12.3M(533.0M)]
 [Times: user=0.00 sys=0.01, real=0.00 secs] 
5.043: [GC pause (young)5.044: [SoftReference, 0 refs, 0.0000170 secs]5.044: [WeakReference, 0 refs, 0.0000030 secs]5.044: [FinalReference, 0 refs, 0.0000030 secs]5.044: [PhantomReference, 0 refs, 0.0000020 secs]5.044: [JNI Weak Reference, 0.0000110 secs], 0.0015360 secs]
   [Parallel Time: 1.0 ms, GC Workers: 8]
      [GC Worker Start (ms): Min: 5042.6, Avg: 5043.0, Max: 5043.6, Diff: 1.0]
      [Ext Root Scanning (ms): Min: 0.0, Avg: 0.2, Max: 0.3, Diff: 0.3, Sum: 1.4]
      [Update RS (ms): Min: 0.0, Avg: 0.0, Max: 0.0, Diff: 0.0, Sum: 0.1]
         [Processed Buffers: Min: 0, Avg: 0.9, Max: 2, Diff: 2, Sum: 7]
      [Scan RS (ms): Min: 0.0, Avg: 0.1, Max: 0.1, Diff: 0.1, Sum: 0.4]
      [Object Copy (ms): Min: 0.0, Avg: 0.3, Max: 0.5, Diff: 0.5, Sum: 2.3]
      [Termination (ms): Min: 0.0, Avg: 0.1, Max: 0.1, Diff: 0.1, Sum: 0.6]
      [GC Worker Other (ms): Min: 0.0, Avg: 0.0, Max: 0.0, Diff: 0.0, Sum: 0.1]
      [GC Worker Total (ms): Min: 0.0, Avg: 0.6, Max: 1.0, Diff: 1.0, Sum: 4.8]
      [GC Worker End (ms): Min: 5043.6, Avg: 5043.6, Max: 5043.6, Diff: 0.0]
   [Code Root Fixup: 0.0 ms]
   [Clear CT: 0.1 ms]
   [Other: 0.4 ms]
      [Choose CSet: 0.0 ms]
      [Ref Proc: 0.2 ms]
      [Ref Enq: 0.0 ms]
      [Free CSet: 0.2 ms]
   [Eden: 314.0M(314.0M)->0.0B(318.0M) Survivors: 5120.0K->1024.0K Heap: 326.3M(533.0M)->8485.8K(533.0M)]
 [Times: user=0.00 sys=0.00, real=0.00 secs] 
5.081: [GC pause (young)5.082: [SoftReference, 0 refs, 0.0000140 secs]5.082: [WeakReference, 0 refs, 0.0000020 secs]5.082: [FinalReference, 0 refs, 0.0000020 secs]5.082: [PhantomReference, 0 refs, 0.0000020 secs]5.082: [JNI Weak Reference, 0.0000020 secs], 0.0014420 secs]
   [Parallel Time: 1.0 ms, GC Workers: 8]
      [GC Worker Start (ms): Min: 5080.8, Avg: 5081.0, Max: 5081.6, Diff: 0.8]
      [Ext Root Scanning (ms): Min: 0.0, Avg: 0.2, Max: 0.3, Diff: 0.3, Sum: 1.5]
      [Update RS (ms): Min: 0.0, Avg: 0.0, Max: 0.0, Diff: 0.0, Sum: 0.1]
         [Processed Buffers: Min: 0, Avg: 0.9, Max: 4, Diff: 4, Sum: 7]
      [Scan RS (ms): Min: 0.0, Avg: 0.1, Max: 0.1, Diff: 0.1, Sum: 0.5]
      [Object Copy (ms): Min: 0.0, Avg: 0.3, Max: 0.5, Diff: 0.5, Sum: 2.4]
      [Termination (ms): Min: 0.0, Avg: 0.1, Max: 0.1, Diff: 0.1, Sum: 0.5]
      [GC Worker Other (ms): Min: 0.0, Avg: 0.0, Max: 0.0, Diff: 0.0, Sum: 0.1]
      [GC Worker Total (ms): Min: 0.0, Avg: 0.6, Max: 0.9, Diff: 0.9, Sum: 5.2]
      [GC Worker End (ms): Min: 5081.7, Avg: 5081.7, Max: 5081.7, Diff: 0.0]
   [Code Root Fixup: 0.0 ms]
   [Clear CT: 0.1 ms]
   [Other: 0.3 ms]
      [Choose CSet: 0.0 ms]
      [Ref Proc: 0.1 ms]
      [Ref Enq: 0.0 ms]
      [Free CSet: 0.1 ms]
   [Eden: 318.0M(318.0M)->0.0B(318.0M) Survivors: 1024.0K->1024.0K Heap: 326.3M(533.0M)->8421.6K(533.0M)]
 [Times: user=0.01 sys=0.00, real=0.01 secs] 
5.118: [GC pause (young)5.119: [SoftReference, 0 refs, 0.0000240 secs]5.119: [WeakReference, 0 refs, 0.0000030 secs]5.119: [FinalReference, 0 refs, 0.0000030 secs]5.119: [PhantomReference, 0 refs, 0.0000110 secs]5.119: [JNI Weak Reference, 0.0000020 secs], 0.0014240 secs]
   [Parallel Time: 0.9 ms, GC Workers: 8]
      [GC Worker Start (ms): Min: 5117.7, Avg: 5117.8, Max: 5117.8, Diff: 0.1]
      [Ext Root Scanning (ms): Min: 0.2, Avg: 0.2, Max: 0.3, Diff: 0.1, Sum: 1.7]
      [Update RS (ms): Min: 0.0, Avg: 0.0, Max: 0.0, Diff: 0.0, Sum: 0.1]
         [Processed Buffers: Min: 0, Avg: 0.9, Max: 3, Diff: 3, Sum: 7]
      [Scan RS (ms): Min: 0.0, Avg: 0.1, Max: 0.1, Diff: 0.1, Sum: 0.7]
      [Object Copy (ms): Min: 0.4, Avg: 0.4, Max: 0.4, Diff: 0.1, Sum: 3.2]
      [Termination (ms): Min: 0.0, Avg: 0.0, Max: 0.0, Diff: 0.0, Sum: 0.0]
      [GC Worker Other (ms): Min: 0.0, Avg: 0.0, Max: 0.1, Diff: 0.0, Sum: 0.3]
      [GC Worker Total (ms): Min: 0.7, Avg: 0.7, Max: 0.8, Diff: 0.1, Sum: 5.9]
      [GC Worker End (ms): Min: 5118.5, Avg: 5118.5, Max: 5118.6, Diff: 0.0]
   [Code Root Fixup: 0.0 ms]
   [Clear CT: 0.2 ms]
   [Other: 0.4 ms]
      [Choose CSet: 0.0 ms]
      [Ref Proc: 0.2 ms]
      [Ref Enq: 0.0 ms]
      [Free CSet: 0.1 ms]
   [Eden: 318.0M(318.0M)->0.0B(318.0M) Survivors: 1024.0K->1024.0K Heap: 326.2M(533.0M)->8611.1K(533.0M)]
 [Times: user=0.01 sys=0.00, real=0.00 secs] 
5.156: [GC pause (young)5.157: [SoftReference, 0 refs, 0.0000160 secs]5.157: [WeakReference, 0 refs, 0.0000030 secs]5.157: [FinalReference, 0 refs, 0.0000020 secs]5.157: [PhantomReference, 0 refs, 0.0000020 secs]5.157: [JNI Weak Reference, 0.0000030 secs], 0.0012910 secs]
   [Parallel Time: 0.8 ms, GC Workers: 8]
      [GC Worker Start (ms): Min: 5155.6, Avg: 5155.7, Max: 5155.7, Diff: 0.1]
      [Ext Root Scanning (ms): Min: 0.2, Avg: 0.2, Max: 0.3, Diff: 0.1, Sum: 1.8]
      [Update RS (ms): Min: 0.0, Avg: 0.0, Max: 0.0, Diff: 0.0, Sum: 0.1]
         [Processed Buffers: Min: 0, Avg: 1.1, Max: 4, Diff: 4, Sum: 9]
      [Scan RS (ms): Min: 0.1, Avg: 0.1, Max: 0.1, Diff: 0.0, Sum: 0.6]
      [Object Copy (ms): Min: 0.3, Avg: 0.3, Max: 0.4, Diff: 0.1, Sum: 2.7]
      [Termination (ms): Min: 0.0, Avg: 0.0, Max: 0.0, Diff: 0.0, Sum: 0.0]
      [GC Worker Other (ms): Min: 0.0, Avg: 0.0, Max: 0.0, Diff: 0.0, Sum: 0.2]
      [GC Worker Total (ms): Min: 0.6, Avg: 0.7, Max: 0.7, Diff: 0.1, Sum: 5.4]
      [GC Worker End (ms): Min: 5156.3, Avg: 5156.4, Max: 5156.4, Diff: 0.0]
   [Code Root Fixup: 0.0 ms]
   [Clear CT: 0.2 ms]
   [Other: 0.3 ms]
      [Choose CSet: 0.0 ms]
      [Ref Proc: 0.2 ms]
      [Ref Enq: 0.0 ms]
      [Free CSet: 0.1 ms]
   [Eden: 318.0M(318.0M)->0.0B(317.0M) Survivors: 1024.0K->2048.0K Heap: 326.4M(533.0M)->8896.9K(533.0M)]
 [Times: user=0.00 sys=0.00, real=0.00 secs] 
5.192: [GC pause (young)5.193: [SoftReference, 0 refs, 0.0000150 secs]5.193: [WeakReference, 0 refs, 0.0000030 secs]5.193: [FinalReference, 0 refs, 0.0000030 secs]5.193: [PhantomReference, 0 refs, 0.0000020 secs]5.193: [JNI Weak Reference, 0.0000020 secs], 0.0014100 secs]
   [Parallel Time: 0.9 ms, GC Workers: 8]
      [GC Worker Start (ms): Min: 5192.4, Avg: 5192.6, Max: 5193.2, Diff: 0.8]
      [Ext Root Scanning (ms): Min: 0.0, Avg: 0.2, Max: 0.3, Diff: 0.3, Sum: 1.4]
      [Update RS (ms): Min: 0.0, Avg: 0.0, Max: 0.0, Diff: 0.0, Sum: 0.1]
         [Processed Buffers: Min: 0, Avg: 1.1, Max: 5, Diff: 5, Sum: 9]
      [Scan RS (ms): Min: 0.0, Avg: 0.1, Max: 0.1, Diff: 0.1, Sum: 0.4]
      [Object Copy (ms): Min: 0.0, Avg: 0.2, Max: 0.4, Diff: 0.4, Sum: 1.8]
      [Termination (ms): Min: 0.0, Avg: 0.1, Max: 0.1, Diff: 0.1, Sum: 0.6]
      [GC Worker Other (ms): Min: 0.0, Avg: 0.0, Max: 0.0, Diff: 0.0, Sum: 0.0]
      [GC Worker Total (ms): Min: 0.0, Avg: 0.5, Max: 0.8, Diff: 0.8, Sum: 4.2]
      [GC Worker End (ms): Min: 5193.2, Avg: 5193.2, Max: 5193.2, Diff: 0.0]
   [Code Root Fixup: 0.0 ms]
   [Clear CT: 0.2 ms]
   [Other: 0.4 ms]
      [Choose CSet: 0.0 ms]
      [Ref Proc: 0.2 ms]
      [Ref Enq: 0.0 ms]
      [Free CSet: 0.2 ms]
   [Eden: 317.0M(317.0M)->0.0B(318.0M) Survivors: 2048.0K->1024.0K Heap: 325.7M(533.0M)->8347.4K(533.0M)]
 [Times: user=0.01 sys=0.00, real=0.00 secs] 
5.230: [GC pause (young)5.231: [SoftReference, 0 refs, 0.0000240 secs]5.231: [WeakReference, 0 refs, 0.0000030 secs]5.231: [FinalReference, 0 refs, 0.0000020 secs]5.231: [PhantomReference, 0 refs, 0.0000020 secs]5.231: [JNI Weak Reference, 0.0000020 secs], 0.0013780 secs]
   [Parallel Time: 0.9 ms, GC Workers: 8]
      [GC Worker Start (ms): Min: 5230.2, Avg: 5230.3, Max: 5230.6, Diff: 0.4]
      [Ext Root Scanning (ms): Min: 0.0, Avg: 0.2, Max: 0.3, Diff: 0.3, Sum: 1.7]
      [Update RS (ms): Min: 0.0, Avg: 0.0, Max: 0.0, Diff: 0.0, Sum: 0.1]
         [Processed Buffers: Min: 0, Avg: 1.0, Max: 4, Diff: 4, Sum: 8]
      [Scan RS (ms): Min: 0.0, Avg: 0.1, Max: 0.1, Diff: 0.1, Sum: 0.6]
      [Object Copy (ms): Min: 0.4, Avg: 0.4, Max: 0.5, Diff: 0.1, Sum: 3.2]
      [Termination (ms): Min: 0.0, Avg: 0.0, Max: 0.0, Diff: 0.0, Sum: 0.0]
      [GC Worker Other (ms): Min: 0.0, Avg: 0.0, Max: 0.0, Diff: 0.0, Sum: 0.2]
      [GC Worker Total (ms): Min: 0.4, Avg: 0.7, Max: 0.8, Diff: 0.4, Sum: 5.8]
      [GC Worker End (ms): Min: 5231.0, Avg: 5231.0, Max: 5231.0, Diff: 0.0]
   [Code Root Fixup: 0.0 ms]
   [Clear CT: 0.1 ms]
   [Other: 0.4 ms]
      [Choose CSet: 0.0 ms]
      [Ref Proc: 0.2 ms]
      [Ref Enq: 0.0 ms]
      [Free CSet: 0.1 ms]
   [Eden: 318.0M(318.0M)->0.0B(318.0M) Survivors: 1024.0K->1024.0K Heap: 326.2M(533.0M)->8630.9K(533.0M)]
 [Times: user=0.00 sys=0.00, real=0.00 secs] 
5.268: [GC pause (young)5.269: [SoftReference, 0 refs, 0.0000150 secs]5.269: [WeakReference, 0 refs, 0.0000030 secs]5.269: [FinalReference, 0 refs, 0.0000030 secs]5.269: [PhantomReference, 0 refs, 0.0000020 secs]5.269: [JNI Weak Reference, 0.0000020 secs], 0.0015180 secs]
   [Parallel Time: 1.0 ms, GC Workers: 8]
      [GC Worker Start (ms): Min: 5267.6, Avg: 5268.0, Max: 5268.6, Diff: 1.0]
      [Ext Root Scanning (ms): Min: 0.0, Avg: 0.2, Max: 0.3, Diff: 0.3, Sum: 1.4]
      [Update RS (ms): Min: 0.0, Avg: 0.0, Max: 0.0, Diff: 0.0, Sum: 0.1]
         [Processed Buffers: Min: 0, Avg: 1.2, Max: 4, Diff: 4, Sum: 10]
      [Scan RS (ms): Min: 0.0, Avg: 0.1, Max: 0.1, Diff: 0.1, Sum: 0.5]
      [Object Copy (ms): Min: 0.0, Avg: 0.3, Max: 0.5, Diff: 0.5, Sum: 2.3]
      [Termination (ms): Min: 0.0, Avg: 0.1, Max: 0.1, Diff: 0.1, Sum: 0.5]
      [GC Worker Other (ms): Min: 0.0, Avg: 0.0, Max: 0.0, Diff: 0.0, Sum: 0.2]
      [GC Worker Total (ms): Min: 0.0, Avg: 0.6, Max: 1.0, Diff: 1.0, Sum: 5.0]
      [GC Worker End (ms): Min: 5268.6, Avg: 5268.6, Max: 5268.6, Diff: 0.0]
   [Code Root Fixup: 0.0 ms]
   [Clear CT: 0.1 ms]
   [Other: 0.4 ms]
      [Choose CSet: 0.0 ms]
      [Ref Proc: 0.2 ms]
      [Ref Enq: 0.0 ms]
      [Free CSet: 0.1 ms]
   [Eden: 318.0M(318.0M)->0.0B(317.0M) Survivors: 1024.0K->2048.0K Heap: 326.4M(533.0M)->9717.0K(533.0M)]
 [Times: user=0.01 sys=0.00, real=0.00 secs] 
5.305: [GC pause (young)5.306: [SoftReference, 0 refs, 0.0000260 secs]5.306: [WeakReference, 0 refs, 0.0000030 secs]5.306: [FinalReference, 0 refs, 0.0000020 secs]5.306: [PhantomReference, 0 refs, 0.0000020 secs]5.306: [JNI Weak Reference, 0.0000030 secs], 0.0014340 secs]
   [Parallel Time: 0.9 ms, GC Workers: 8]
      [GC Worker Start (ms): Min: 5305.0, Avg: 5305.2, Max: 5305.6, Diff: 0.6]
      [Ext Root Scanning (ms): Min: 0.0, Avg: 0.2, Max: 0.3, Diff: 0.3, Sum: 1.6]
      [Update RS (ms): Min: 0.0, Avg: 0.0, Max: 0.1, Diff: 0.1, Sum: 0.1]
         [Processed Buffers: Min: 0, Avg: 0.9, Max: 4, Diff: 4, Sum: 7]
      [Scan RS (ms): Min: 0.0, Avg: 0.1, Max: 0.1, Diff: 0.1, Sum: 0.6]
      [Object Copy (ms): Min: 0.2, Avg: 0.3, Max: 0.5, Diff: 0.3, Sum: 2.5]
      [Termination (ms): Min: 0.0, Avg: 0.0, Max: 0.1, Diff: 0.1, Sum: 0.2]
      [GC Worker Other (ms): Min: 0.0, Avg: 0.0, Max: 0.0, Diff: 0.0, Sum: 0.2]
      [GC Worker Total (ms): Min: 0.2, Avg: 0.7, Max: 0.8, Diff: 0.7, Sum: 5.3]
      [GC Worker End (ms): Min: 5305.8, Avg: 5305.8, Max: 5305.8, Diff: 0.0]
   [Code Root Fixup: 0.0 ms]
   [Clear CT: 0.1 ms]
   [Other: 0.4 ms]
      [Choose CSet: 0.0 ms]
      [Ref Proc: 0.2 ms]
      [Ref Enq: 0.0 ms]
      [Free CSet: 0.1 ms]
   [Eden: 317.0M(317.0M)->0.0B(316.0M) Survivors: 2048.0K->3072.0K Heap: 326.5M(533.0M)->10.5M(533.0M)]
 [Times: user=0.00 sys=0.00, real=0.00 secs] 
5.343: [GC pause (young)5.344: [SoftReference, 0 refs, 0.0000150 secs]5.344: [WeakReference, 0 refs, 0.0000020 secs]5.344: [FinalReference, 0 refs, 0.0000020 secs]5.344: [PhantomReference, 0 refs, 0.0000020 secs]5.344: [JNI Weak Reference, 0.0000020 secs], 0.0013800 secs]
   [Parallel Time: 0.9 ms, GC Workers: 8]
      [GC Worker Start (ms): Min: 5343.0, Avg: 5343.1, Max: 5343.6, Diff: 0.6]
      [Ext Root Scanning (ms): Min: 0.0, Avg: 0.2, Max: 0.3, Diff: 0.3, Sum: 1.6]
      [Update RS (ms): Min: 0.0, Avg: 0.0, Max: 0.0, Diff: 0.0, Sum: 0.1]
         [Processed Buffers: Min: 0, Avg: 1.2, Max: 4, Diff: 4, Sum: 10]
      [Scan RS (ms): Min: 0.0, Avg: 0.1, Max: 0.1, Diff: 0.1, Sum: 0.5]
      [Object Copy (ms): Min: 0.2, Avg: 0.4, Max: 0.5, Diff: 0.3, Sum: 3.4]
      [Termination (ms): Min: 0.0, Avg: 0.0, Max: 0.0, Diff: 0.0, Sum: 0.0]
      [GC Worker Other (ms): Min: 0.0, Avg: 0.0, Max: 0.0, Diff: 0.0, Sum: 0.2]
      [GC Worker Total (ms): Min: 0.3, Avg: 0.7, Max: 0.8, Diff: 0.6, Sum: 5.8]
      [GC Worker End (ms): Min: 5343.8, Avg: 5343.9, Max: 5343.9, Diff: 0.0]
   [Code Root Fixup: 0.0 ms]
   [Clear CT: 0.1 ms]
   [Other: 0.4 ms]
      [Choose CSet: 0.0 ms]
      [Ref Proc: 0.2 ms]
      [Ref Enq: 0.0 ms]
      [Free CSet: 0.1 ms]
   [Eden: 316.0M(316.0M)->0.0B(318.0M) Survivors: 3072.0K->1024.0K Heap: 326.5M(533.0M)->8872.8K(533.0M)]
 [Times: user=0.01 sys=0.00, real=0.00 secs] 
5.380: [GC pause (young)5.381: [SoftReference, 0 refs, 0.0000260 secs]5.381: [WeakReference, 0 refs, 0.0000130 secs]5.381: [FinalReference, 0 refs, 0.0000030 secs]5.381: [PhantomReference, 0 refs, 0.0000020 secs]5.381: [JNI Weak Reference, 0.0000020 secs], 0.0014570 secs]
   [Parallel Time: 1.0 ms, GC Workers: 8]
      [GC Worker Start (ms): Min: 5380.3, Avg: 5380.7, Max: 5381.2, Diff: 0.9]
      [Ext Root Scanning (ms): Min: 0.0, Avg: 0.2, Max: 0.3, Diff: 0.3, Sum: 1.5]
      [Update RS (ms): Min: 0.0, Avg: 0.0, Max: 0.0, Diff: 0.0, Sum: 0.1]
         [Processed Buffers: Min: 0, Avg: 1.0, Max: 5, Diff: 5, Sum: 8]
      [Scan RS (ms): Min: 0.0, Avg: 0.1, Max: 0.1, Diff: 0.1, Sum: 0.5]
      [Object Copy (ms): Min: 0.0, Avg: 0.2, Max: 0.5, Diff: 0.5, Sum: 1.9]
      [Termination (ms): Min: 0.0, Avg: 0.1, Max: 0.1, Diff: 0.1, Sum: 0.5]
      [GC Worker Other (ms): Min: 0.0, Avg: 0.0, Max: 0.0, Diff: 0.0, Sum: 0.0]
      [GC Worker Total (ms): Min: 0.0, Avg: 0.6, Max: 0.9, Diff: 0.9, Sum: 4.5]
      [GC Worker End (ms): Min: 5381.2, Avg: 5381.2, Max: 5381.2, Diff: 0.0]
   [Code Root Fixup: 0.0 ms]
   [Clear CT: 0.1 ms]
   [Other: 0.4 ms]
      [Choose CSet: 0.0 ms]
      [Ref Proc: 0.2 ms]
      [Ref Enq: 0.0 ms]
      [Free CSet: 0.1 ms]
   [Eden: 318.0M(318.0M)->0.0B(316.0M) Survivors: 1024.0K->3072.0K Heap: 326.7M(533.0M)->10.8M(533.0M)]
 [Times: user=0.01 sys=0.00, real=0.00 secs] 
5.418: [GC pause (young)5.419: [SoftReference, 0 refs, 0.0000230 secs]5.420: [WeakReference, 0 refs, 0.0000030 secs]5.420: [FinalReference, 0 refs, 0.0000020 secs]5.420: [PhantomReference, 0 refs, 0.0000020 secs]5.420: [JNI Weak Reference, 0.0000020 secs], 0.0013940 secs]
   [Parallel Time: 0.9 ms, GC Workers: 8]
      [GC Worker Start (ms): Min: 5418.5, Avg: 5418.8, Max: 5419.3, Diff: 0.8]
      [Ext Root Scanning (ms): Min: 0.0, Avg: 0.2, Max: 0.3, Diff: 0.3, Sum: 1.4]
      [Update RS (ms): Min: 0.0, Avg: 0.0, Max: 0.0, Diff: 0.0, Sum: 0.1]
         [Processed Buffers: Min: 0, Avg: 0.9, Max: 3, Diff: 3, Sum: 7]
      [Scan RS (ms): Min: 0.0, Avg: 0.1, Max: 0.1, Diff: 0.1, Sum: 0.5]
      [Object Copy (ms): Min: 0.0, Avg: 0.2, Max: 0.3, Diff: 0.3, Sum: 1.7]
      [Termination (ms): Min: 0.0, Avg: 0.1, Max: 0.2, Diff: 0.2, Sum: 0.8]
      [GC Worker Other (ms): Min: 0.0, Avg: 0.0, Max: 0.0, Diff: 0.0, Sum: 0.1]
      [GC Worker Total (ms): Min: 0.0, Avg: 0.6, Max: 0.9, Diff: 0.8, Sum: 4.5]
      [GC Worker End (ms): Min: 5419.3, Avg: 5419.3, Max: 5419.3, Diff: 0.0]
   [Code Root Fixup: 0.0 ms]
   [Clear CT: 0.1 ms]
   [Other: 0.4 ms]
      [Choose CSet: 0.0 ms]
      [Ref Proc: 0.2 ms]
      [Ref Enq: 0.0 ms]
      [Free CSet: 0.1 ms]
   [Eden: 316.0M(316.0M)->0.0B(318.0M) Survivors: 3072.0K->1024.0K Heap: 326.8M(533.0M)->8919.2K(533.0M)]
 [Times: user=0.01 sys=0.00, real=0.00 secs] 
5.456: [GC pause (young)5.457: [SoftReference, 0 refs, 0.0000290 secs]5.457: [WeakReference, 0 refs, 0.0000020 secs]5.457: [FinalReference, 0 refs, 0.0000020 secs]5.457: [PhantomReference, 0 refs, 0.0000020 secs]5.457: [JNI Weak Reference, 0.0000020 secs], 0.0012470 secs]
   [Parallel Time: 0.8 ms, GC Workers: 8]
      [GC Worker Start (ms): Min: 5455.9, Avg: 5456.0, Max: 5456.0, Diff: 0.1]
      [Ext Root Scanning (ms): Min: 0.1, Avg: 0.2, Max: 0.3, Diff: 0.1, Sum: 1.7]
      [Update RS (ms): Min: 0.0, Avg: 0.0, Max: 0.0, Diff: 0.0, Sum: 0.1]
         [Processed Buffers: Min: 0, Avg: 0.9, Max: 3, Diff: 3, Sum: 7]
      [Scan RS (ms): Min: 0.1, Avg: 0.1, Max: 0.1, Diff: 0.0, Sum: 0.6]
      [Object Copy (ms): Min: 0.3, Avg: 0.3, Max: 0.3, Diff: 0.0, Sum: 2.3]
      [Termination (ms): Min: 0.0, Avg: 0.0, Max: 0.0, Diff: 0.0, Sum: 0.1]
      [GC Worker Other (ms): Min: 0.0, Avg: 0.0, Max: 0.1, Diff: 0.0, Sum: 0.2]
      [GC Worker Total (ms): Min: 0.6, Avg: 0.6, Max: 0.7, Diff: 0.1, Sum: 5.0]
      [GC Worker End (ms): Min: 5456.6, Avg: 5456.6, Max: 5456.6, Diff: 0.0]
   [Code Root Fixup: 0.0 ms]
   [Clear CT: 0.1 ms]
   [Other: 0.4 ms]
      [Choose CSet: 0.0 ms]
      [Ref Proc: 0.2 ms]
      [Ref Enq: 0.0 ms]
      [Free CSet: 0.1 ms]
   [Eden: 318.0M(318.0M)->0.0B(318.0M) Survivors: 1024.0K->1024.0K Heap: 326.7M(533.0M)->8583.1K(533.0M)]
 [Times: user=0.01 sys=0.00, real=0.00 secs] 
5.493: [GC pause (young)5.494: [SoftReference, 0 refs, 0.0000270 secs]5.494: [WeakReference, 0 refs, 0.0000120 secs]5.494: [FinalReference, 0 refs, 0.0000020 secs]5.494: [PhantomReference, 0 refs, 0.0000110 secs]5.494: [JNI Weak Reference, 0.0000020 secs], 0.0014320 secs]
   [Parallel Time: 0.9 ms, GC Workers: 8]
      [GC Worker Start (ms): Min: 5493.2, Avg: 5493.4, Max: 5494.0, Diff: 0.8]
      [Ext Root Scanning (ms): Min: 0.0, Avg: 0.2, Max: 0.3, Diff: 0.3, Sum: 1.4]
      [Update RS (ms): Min: 0.0, Avg: 0.0, Max: 0.0, Diff: 0.0, Sum: 0.1]
         [Processed Buffers: Min: 0, Avg: 1.2, Max: 4, Diff: 4, Sum: 10]
      [Scan RS (ms): Min: 0.0, Avg: 0.1, Max: 0.1, Diff: 0.1, Sum: 0.4]
      [Object Copy (ms): Min: 0.0, Avg: 0.2, Max: 0.3, Diff: 0.3, Sum: 1.8]
      [Termination (ms): Min: 0.0, Avg: 0.1, Max: 0.1, Diff: 0.1, Sum: 0.6]
      [GC Worker Other (ms): Min: 0.0, Avg: 0.0, Max: 0.1, Diff: 0.0, Sum: 0.2]
      [GC Worker Total (ms): Min: 0.0, Avg: 0.6, Max: 0.9, Diff: 0.8, Sum: 4.5]
      [GC Worker End (ms): Min: 5494.0, Avg: 5494.0, Max: 5494.0, Diff: 0.0]
   [Code Root Fixup: 0.0 ms]
   [Clear CT: 0.1 ms]
   [Other: 0.4 ms]
      [Choose CSet: 0.0 ms]
      [Ref Proc: 0.2 ms]
      [Ref Enq: 0.0 ms]
      [Free CSet: 0.1 ms]
   [Eden: 318.0M(318.0M)->0.0B(318.0M) Survivors: 1024.0K->1024.0K Heap: 326.4M(533.0M)->8547.4K(533.0M)]
 [Times: user=0.00 sys=0.00, real=0.00 secs] 
5.531: [GC pause (young)5.532: [SoftReference, 0 refs, 0.0000150 secs]5.532: [WeakReference, 0 refs, 0.0000030 secs]5.532: [FinalReference, 0 refs, 0.0000020 secs]5.532: [PhantomReference, 0 refs, 0.0000020 secs]5.532: [JNI Weak Reference, 0.0000110 secs], 0.0014570 secs]
   [Parallel Time: 1.0 ms, GC Workers: 8]
      [GC Worker Start (ms): Min: 5530.9, Avg: 5531.3, Max: 5531.8, Diff: 0.9]
      [Ext Root Scanning (ms): Min: 0.0, Avg: 0.2, Max: 0.3, Diff: 0.3, Sum: 1.4]
      [Update RS (ms): Min: 0.0, Avg: 0.0, Max: 0.0, Diff: 0.0, Sum: 0.1]
         [Processed Buffers: Min: 0, Avg: 1.1, Max: 4, Diff: 4, Sum: 9]
      [Scan RS (ms): Min: 0.0, Avg: 0.1, Max: 0.1, Diff: 0.1, Sum: 0.5]
      [Object Copy (ms): Min: 0.0, Avg: 0.3, Max: 0.5, Diff: 0.5, Sum: 2.1]
      [Termination (ms): Min: 0.0, Avg: 0.1, Max: 0.1, Diff: 0.1, Sum: 0.6]
      [GC Worker Other (ms): Min: 0.0, Avg: 0.0, Max: 0.0, Diff: 0.0, Sum: 0.1]
      [GC Worker Total (ms): Min: 0.0, Avg: 0.6, Max: 1.0, Diff: 1.0, Sum: 4.7]
      [GC Worker End (ms): Min: 5531.9, Avg: 5531.9, Max: 5531.9, Diff: 0.0]
   [Code Root Fixup: 0.0 ms]
   [Clear CT: 0.1 ms]
   [Other: 0.3 ms]
      [Choose CSet: 0.0 ms]
      [Ref Proc: 0.2 ms]
      [Ref Enq: 0.0 ms]
      [Free CSet: 0.1 ms]
   [Eden: 318.0M(318.0M)->0.0B(316.0M) Survivors: 1024.0K->3072.0K Heap: 326.3M(533.0M)->10171.8K(533.0M)]
 [Times: user=0.01 sys=0.00, real=0.01 secs] 
5.569: [GC pause (young)5.570: [SoftReference, 0 refs, 0.0000250 secs]5.570: [WeakReference, 0 refs, 0.0000120 secs]5.570: [FinalReference, 0 refs, 0.0000020 secs]5.570: [PhantomReference, 0 refs, 0.0000020 secs]5.570: [JNI Weak Reference, 0.0000020 secs], 0.0014710 secs]
   [Parallel Time: 1.0 ms, GC Workers: 8]
      [GC Worker Start (ms): Min: 5569.1, Avg: 5569.5, Max: 5570.0, Diff: 0.9]
      [Ext Root Scanning (ms): Min: 0.0, Avg: 0.2, Max: 0.3, Diff: 0.3, Sum: 1.4]
      [Update RS (ms): Min: 0.0, Avg: 0.0, Max: 0.1, Diff: 0.1, Sum: 0.1]
         [Processed Buffers: Min: 0, Avg: 0.9, Max: 6, Diff: 6, Sum: 7]
      [Scan RS (ms): Min: 0.0, Avg: 0.1, Max: 0.2, Diff: 0.2, Sum: 0.5]
      [Object Copy (ms): Min: 0.0, Avg: 0.2, Max: 0.4, Diff: 0.4, Sum: 1.9]
      [Termination (ms): Min: 0.0, Avg: 0.1, Max: 0.1, Diff: 0.1, Sum: 0.6]
      [GC Worker Other (ms): Min: 0.0, Avg: 0.0, Max: 0.0, Diff: 0.0, Sum: 0.0]
      [GC Worker Total (ms): Min: 0.0, Avg: 0.6, Max: 0.9, Diff: 0.9, Sum: 4.6]
      [GC Worker End (ms): Min: 5570.0, Avg: 5570.0, Max: 5570.1, Diff: 0.0]
   [Code Root Fixup: 0.0 ms]
   [Clear CT: 0.2 ms]
   [Other: 0.3 ms]
      [Choose CSet: 0.0 ms]
      [Ref Proc: 0.2 ms]
      [Ref Enq: 0.0 ms]
      [Free CSet: 0.1 ms]
   [Eden: 316.0M(316.0M)->0.0B(316.0M) Survivors: 3072.0K->3072.0K Heap: 325.9M(533.0M)->10190.7K(533.0M)]
 [Times: user=0.00 sys=0.00, real=0.00 secs] 
5.607: [GC pause (young)5.608: [SoftReference, 0 refs, 0.0000150 secs]5.608: [WeakReference, 0 refs, 0.0000030 secs]5.608: [FinalReference, 0 refs, 0.0000020 secs]5.608: [PhantomReference, 0 refs, 0.0000020 secs]5.608: [JNI Weak Reference, 0.0000110 secs], 0.0013960 secs]
   [Parallel Time: 0.9 ms, GC Workers: 8]
      [GC Worker Start (ms): Min: 5607.2, Avg: 5607.3, Max: 5607.4, Diff: 0.2]
      [Ext Root Scanning (ms): Min: 0.1, Avg: 0.3, Max: 0.4, Diff: 0.3, Sum: 2.1]
      [Update RS (ms): Min: 0.0, Avg: 0.0, Max: 0.0, Diff: 0.0, Sum: 0.1]
         [Processed Buffers: Min: 0, Avg: 0.9, Max: 6, Diff: 6, Sum: 7]
      [Scan RS (ms): Min: 0.0, Avg: 0.1, Max: 0.1, Diff: 0.1, Sum: 0.5]
      [Object Copy (ms): Min: 0.2, Avg: 0.4, Max: 0.5, Diff: 0.3, Sum: 3.1]
      [Termination (ms): Min: 0.0, Avg: 0.1, Max: 0.1, Diff: 0.1, Sum: 0.5]
      [GC Worker Other (ms): Min: 0.0, Avg: 0.0, Max: 0.0, Diff: 0.0, Sum: 0.1]
      [GC Worker Total (ms): Min: 0.7, Avg: 0.8, Max: 0.9, Diff: 0.2, Sum: 6.4]
      [GC Worker End (ms): Min: 5608.1, Avg: 5608.1, Max: 5608.1, Diff: 0.0]
   [Code Root Fixup: 0.0 ms]
   [Clear CT: 0.1 ms]
   [Other: 0.3 ms]
      [Choose CSet: 0.0 ms]
      [Ref Proc: 0.2 ms]
      [Ref Enq: 0.0 ms]
      [Free CSet: 0.1 ms]
   [Eden: 316.0M(316.0M)->0.0B(318.0M) Survivors: 3072.0K->1024.0K Heap: 326.0M(533.0M)->8920.9K(533.0M)]
 [Times: user=0.01 sys=0.00, real=0.00 secs] 
5.645: [GC pause (young)5.646: [SoftReference, 0 refs, 0.0000300 secs]5.646: [WeakReference, 0 refs, 0.0000120 secs]5.646: [FinalReference, 0 refs, 0.0000030 secs]5.646: [PhantomReference, 0 refs, 0.0000020 secs]5.646: [JNI Weak Reference, 0.0000030 secs], 0.0012580 secs]
   [Parallel Time: 0.8 ms, GC Workers: 8]
      [GC Worker Start (ms): Min: 5644.9, Avg: 5645.2, Max: 5645.5, Diff: 0.6]
      [Ext Root Scanning (ms): Min: 0.0, Avg: 0.2, Max: 0.3, Diff: 0.3, Sum: 1.3]
      [Update RS (ms): Min: 0.0, Avg: 0.0, Max: 0.0, Diff: 0.0, Sum: 0.0]
         [Processed Buffers: Min: 0, Avg: 1.0, Max: 6, Diff: 6, Sum: 8]
      [Scan RS (ms): Min: 0.0, Avg: 0.1, Max: 0.1, Diff: 0.1, Sum: 0.4]
      [Object Copy (ms): Min: 0.1, Avg: 0.2, Max: 0.3, Diff: 0.2, Sum: 2.0]
      [Termination (ms): Min: 0.0, Avg: 0.0, Max: 0.0, Diff: 0.0, Sum: 0.0]
      [GC Worker Other (ms): Min: 0.0, Avg: 0.0, Max: 0.0, Diff: 0.0, Sum: 0.2]
      [GC Worker Total (ms): Min: 0.2, Avg: 0.5, Max: 0.7, Diff: 0.5, Sum: 4.0]
      [GC Worker End (ms): Min: 5645.6, Avg: 5645.7, Max: 5645.7, Diff: 0.0]
   [Code Root Fixup: 0.0 ms]
   [Clear CT: 0.1 ms]
   [Other: 0.4 ms]
      [Choose CSet: 0.0 ms]
      [Ref Proc: 0.2 ms]
      [Ref Enq: 0.0 ms]
      [Free CSet: 0.1 ms]
   [Eden: 318.0M(318.0M)->0.0B(318.0M) Survivors: 1024.0K->1024.0K Heap: 326.7M(533.0M)->8676.0K(533.0M)]
 [Times: user=0.01 sys=0.00, real=0.00 secs] 
5.682: [GC pause (young)5.683: [SoftReference, 0 refs, 0.0000160 secs]5.683: [WeakReference, 0 refs, 0.0000020 secs]5.683: [FinalReference, 0 refs, 0.0000020 secs]5.683: [PhantomReference, 0 refs, 0.0000030 secs]5.683: [JNI Weak Reference, 0.0000030 secs], 0.0014790 secs]
   [Parallel Time: 1.0 ms, GC Workers: 8]
      [GC Worker Start (ms): Min: 5682.2, Avg: 5682.5, Max: 5683.1, Diff: 1.0]
      [Ext Root Scanning (ms): Min: 0.0, Avg: 0.2, Max: 0.3, Diff: 0.3, Sum: 1.5]
      [Update RS (ms): Min: 0.0, Avg: 0.0, Max: 0.0, Diff: 0.0, Sum: 0.1]
         [Processed Buffers: Min: 0, Avg: 1.0, Max: 5, Diff: 5, Sum: 8]
      [Scan RS (ms): Min: 0.0, Avg: 0.1, Max: 0.1, Diff: 0.1, Sum: 0.5]
      [Object Copy (ms): Min: 0.0, Avg: 0.3, Max: 0.5, Diff: 0.5, Sum: 2.2]
      [Termination (ms): Min: 0.0, Avg: 0.1, Max: 0.1, Diff: 0.1, Sum: 0.6]
      [GC Worker Other (ms): Min: 0.0, Avg: 0.0, Max: 0.0, Diff: 0.0, Sum: 0.1]
      [GC Worker Total (ms): Min: 0.0, Avg: 0.6, Max: 1.0, Diff: 1.0, Sum: 4.8]
      [GC Worker End (ms): Min: 5683.1, Avg: 5683.1, Max: 5683.1, Diff: 0.0]
   [Code Root Fixup: 0.0 ms]
   [Clear CT: 0.1 ms]
   [Other: 0.3 ms]
      [Choose CSet: 0.0 ms]
      [Ref Proc: 0.2 ms]
      [Ref Enq: 0.0 ms]
      [Free CSet: 0.1 ms]
   [Eden: 318.0M(318.0M)->0.0B(315.0M) Survivors: 1024.0K->4096.0K Heap: 326.5M(533.0M)->11.0M(533.0M)]
 [Times: user=0.01 sys=0.00, real=0.01 secs] 
5.720: [GC pause (young)5.721: [SoftReference, 0 refs, 0.0000150 secs]5.721: [WeakReference, 0 refs, 0.0000120 secs]5.721: [FinalReference, 0 refs, 0.0000030 secs]5.721: [PhantomReference, 0 refs, 0.0000110 secs]5.721: [JNI Weak Reference, 0.0000020 secs], 0.0015460 secs]
   [Parallel Time: 1.0 ms, GC Workers: 8]
      [GC Worker Start (ms): Min: 5719.9, Avg: 5720.2, Max: 5720.8, Diff: 0.9]
      [Ext Root Scanning (ms): Min: 0.0, Avg: 0.2, Max: 0.3, Diff: 0.3, Sum: 1.4]
      [Update RS (ms): Min: 0.0, Avg: 0.0, Max: 0.0, Diff: 0.0, Sum: 0.1]
         [Processed Buffers: Min: 0, Avg: 0.9, Max: 4, Diff: 4, Sum: 7]
      [Scan RS (ms): Min: 0.0, Avg: 0.1, Max: 0.2, Diff: 0.2, Sum: 0.6]
      [Object Copy (ms): Min: 0.0, Avg: 0.3, Max: 0.6, Diff: 0.6, Sum: 2.7]
      [Termination (ms): Min: 0.0, Avg: 0.1, Max: 0.1, Diff: 0.1, Sum: 0.5]
      [GC Worker Other (ms): Min: 0.0, Avg: 0.0, Max: 0.0, Diff: 0.0, Sum: 0.1]
      [GC Worker Total (ms): Min: 0.0, Avg: 0.7, Max: 1.0, Diff: 1.0, Sum: 5.3]
      [GC Worker End (ms): Min: 5720.9, Avg: 5720.9, Max: 5720.9, Diff: 0.0]
   [Code Root Fixup: 0.0 ms]
   [Clear CT: 0.1 ms]
   [Other: 0.4 ms]
      [Choose CSet: 0.0 ms]
      [Ref Proc: 0.2 ms]
      [Ref Enq: 0.0 ms]
      [Free CSet: 0.1 ms]
   [Eden: 315.0M(315.0M)->0.0B(317.0M) Survivors: 4096.0K->2048.0K Heap: 326.0M(533.0M)->10107.4K(533.0M)]
 [Times: user=0.00 sys=0.00, real=0.00 secs] 
5.758: [GC pause (young)5.759: [SoftReference, 0 refs, 0.0000140 secs]5.759: [WeakReference, 0 refs, 0.0000030 secs]5.759: [FinalReference, 0 refs, 0.0000030 secs]5.759: [PhantomReference, 0 refs, 0.0000020 secs]5.759: [JNI Weak Reference, 0.0000020 secs], 0.0014870 secs]
   [Parallel Time: 1.0 ms, GC Workers: 8]
      [GC Worker Start (ms): Min: 5758.2, Avg: 5758.5, Max: 5759.1, Diff: 0.9]
      [Ext Root Scanning (ms): Min: 0.0, Avg: 0.2, Max: 0.3, Diff: 0.3, Sum: 1.4]
      [Update RS (ms): Min: 0.0, Avg: 0.0, Max: 0.1, Diff: 0.1, Sum: 0.1]
         [Processed Buffers: Min: 0, Avg: 0.9, Max: 4, Diff: 4, Sum: 7]
      [Scan RS (ms): Min: 0.0, Avg: 0.1, Max: 0.1, Diff: 0.1, Sum: 0.4]
      [Object Copy (ms): Min: 0.0, Avg: 0.3, Max: 0.5, Diff: 0.5, Sum: 2.3]
      [Termination (ms): Min: 0.0, Avg: 0.1, Max: 0.1, Diff: 0.1, Sum: 0.6]
      [GC Worker Other (ms): Min: 0.0, Avg: 0.0, Max: 0.0, Diff: 0.0, Sum: 0.0]
      [GC Worker Total (ms): Min: 0.0, Avg: 0.6, Max: 1.0, Diff: 0.9, Sum: 4.8]
      [GC Worker End (ms): Min: 5759.1, Avg: 5759.1, Max: 5759.1, Diff: 0.0]
   [Code Root Fixup: 0.0 ms]
   [Clear CT: 0.2 ms]
   [Other: 0.3 ms]
      [Choose CSet: 0.0 ms]
      [Ref Proc: 0.2 ms]
      [Ref Enq: 0.0 ms]
      [Free CSet: 0.1 ms]
   [Eden: 317.0M(317.0M)->0.0B(317.0M) Survivors: 2048.0K->2048.0K Heap: 326.9M(533.0M)->9385.1K(533.0M)]
 [Times: user=0.01 sys=0.00, real=0.00 secs] 
5.797: [GC pause (young)5.798: [SoftReference, 0 refs, 0.0000130 secs]5.798: [WeakReference, 0 refs, 0.0000020 secs]5.798: [FinalReference, 0 refs, 0.0000020 secs]5.798: [PhantomReference, 0 refs, 0.0000020 secs]5.798: [JNI Weak Reference, 0.0000030 secs], 0.0013940 secs]
   [Parallel Time: 1.0 ms, GC Workers: 8]
      [GC Worker Start (ms): Min: 5796.7, Avg: 5797.1, Max: 5797.7, Diff: 0.9]
      [Ext Root Scanning (ms): Min: 0.0, Avg: 0.2, Max: 0.3, Diff: 0.3, Sum: 1.4]
      [Update RS (ms): Min: 0.0, Avg: 0.0, Max: 0.0, Diff: 0.0, Sum: 0.1]
         [Processed Buffers: Min: 0, Avg: 0.9, Max: 3, Diff: 3, Sum: 7]
      [Scan RS (ms): Min: 0.0, Avg: 0.1, Max: 0.2, Diff: 0.2, Sum: 0.6]
      [Object Copy (ms): Min: 0.0, Avg: 0.3, Max: 0.5, Diff: 0.5, Sum: 2.3]
      [Termination (ms): Min: 0.0, Avg: 0.0, Max: 0.1, Diff: 0.1, Sum: 0.3]
      [GC Worker Other (ms): Min: 0.0, Avg: 0.0, Max: 0.0, Diff: 0.0, Sum: 0.1]
      [GC Worker Total (ms): Min: 0.0, Avg: 0.6, Max: 0.9, Diff: 0.9, Sum: 4.8]
      [GC Worker End (ms): Min: 5797.7, Avg: 5797.7, Max: 5797.7, Diff: 0.0]
   [Code Root Fixup: 0.0 ms]
   [Clear CT: 0.1 ms]
   [Other: 0.3 ms]
      [Choose CSet: 0.0 ms]
      [Ref Proc: 0.2 ms]
      [Ref Enq: 0.0 ms]
      [Free CSet: 0.1 ms]
   [Eden: 317.0M(317.0M)->0.0B(317.0M) Survivors: 2048.0K->2048.0K Heap: 326.2M(533.0M)->10091.1K(533.0M)]
 [Times: user=0.00 sys=0.00, real=0.00 secs] 
5.835: [GC pause (young)5.836: [SoftReference, 0 refs, 0.0000160 secs]5.836: [WeakReference, 0 refs, 0.0000120 secs]5.836: [FinalReference, 0 refs, 0.0000020 secs]5.836: [PhantomReference, 0 refs, 0.0000020 secs]5.836: [JNI Weak Reference, 0.0000020 secs], 0.0014350 secs]
   [Parallel Time: 1.0 ms, GC Workers: 8]
      [GC Worker Start (ms): Min: 5835.0, Avg: 5835.2, Max: 5835.9, Diff: 0.9]
      [Ext Root Scanning (ms): Min: 0.0, Avg: 0.2, Max: 0.3, Diff: 0.3, Sum: 1.4]
      [Update RS (ms): Min: 0.0, Avg: 0.0, Max: 0.0, Diff: 0.0, Sum: 0.1]
         [Processed Buffers: Min: 0, Avg: 0.9, Max: 3, Diff: 3, Sum: 7]
      [Scan RS (ms): Min: 0.0, Avg: 0.1, Max: 0.1, Diff: 0.1, Sum: 0.5]
      [Object Copy (ms): Min: 0.0, Avg: 0.4, Max: 0.5, Diff: 0.5, Sum: 2.9]
      [Termination (ms): Min: 0.0, Avg: 0.1, Max: 0.1, Diff: 0.1, Sum: 0.5]
      [GC Worker Other (ms): Min: 0.0, Avg: 0.0, Max: 0.0, Diff: 0.0, Sum: 0.1]
      [GC Worker Total (ms): Min: 0.0, Avg: 0.7, Max: 0.9, Diff: 0.9, Sum: 5.5]
      [GC Worker End (ms): Min: 5835.9, Avg: 5835.9, Max: 5835.9, Diff: 0.0]
   [Code Root Fixup: 0.0 ms]
   [Clear CT: 0.1 ms]
   [Other: 0.4 ms]
      [Choose CSet: 0.0 ms]
      [Ref Proc: 0.2 ms]
      [Ref Enq: 0.0 ms]
      [Free CSet: 0.1 ms]
   [Eden: 317.0M(317.0M)->0.0B(318.0M) Survivors: 2048.0K->1024.0K Heap: 326.9M(533.0M)->9043.5K(533.0M)]
 [Times: user=0.01 sys=0.00, real=0.00 secs] 
5.874: [GC pause (young)5.875: [SoftReference, 0 refs, 0.0000150 secs]5.875: [WeakReference, 0 refs, 0.0000030 secs]5.875: [FinalReference, 0 refs, 0.0000030 secs]5.875: [PhantomReference, 0 refs, 0.0000020 secs]5.875: [JNI Weak Reference, 0.0000030 secs], 0.0016030 secs]
   [Parallel Time: 1.1 ms, GC Workers: 8]
      [GC Worker Start (ms): Min: 5873.8, Avg: 5874.2, Max: 5874.9, Diff: 1.0]
      [Ext Root Scanning (ms): Min: 0.0, Avg: 0.2, Max: 0.3, Diff: 0.3, Sum: 1.4]
      [Update RS (ms): Min: 0.0, Avg: 0.0, Max: 0.0, Diff: 0.0, Sum: 0.1]
         [Processed Buffers: Min: 0, Avg: 1.0, Max: 4, Diff: 4, Sum: 8]
      [Scan RS (ms): Min: 0.0, Avg: 0.1, Max: 0.1, Diff: 0.1, Sum: 0.5]
      [Object Copy (ms): Min: 0.0, Avg: 0.3, Max: 0.6, Diff: 0.6, Sum: 2.6]
      [Termination (ms): Min: 0.0, Avg: 0.1, Max: 0.1, Diff: 0.1, Sum: 0.6]
      [GC Worker Other (ms): Min: 0.0, Avg: 0.0, Max: 0.0, Diff: 0.0, Sum: 0.1]
      [GC Worker Total (ms): Min: 0.0, Avg: 0.7, Max: 1.1, Diff: 1.0, Sum: 5.3]
      [GC Worker End (ms): Min: 5874.9, Avg: 5874.9, Max: 5874.9, Diff: 0.0]
   [Code Root Fixup: 0.0 ms]
   [Clear CT: 0.1 ms]
   [Other: 0.4 ms]
      [Choose CSet: 0.0 ms]
      [Ref Proc: 0.2 ms]
      [Ref Enq: 0.0 ms]
      [Free CSet: 0.2 ms]
   [Eden: 318.0M(318.0M)->0.0B(316.0M) Survivors: 1024.0K->3072.0K Heap: 326.8M(533.0M)->10.3M(533.0M)]
 [Times: user=0.01 sys=0.00, real=0.00 secs] 
5.912: [GC pause (young)5.913: [SoftReference, 0 refs, 0.0000240 secs]5.913: [WeakReference, 0 refs, 0.0000020 secs]5.913: [FinalReference, 0 refs, 0.0000030 secs]5.913: [PhantomReference, 0 refs, 0.0000020 secs]5.913: [JNI Weak Reference, 0.0000030 secs], 0.0016560 secs]
   [Parallel Time: 1.2 ms, GC Workers: 8]
      [GC Worker Start (ms): Min: 5911.9, Avg: 5912.3, Max: 5913.0, Diff: 1.1]
      [Ext Root Scanning (ms): Min: 0.0, Avg: 0.2, Max: 0.3, Diff: 0.3, Sum: 1.4]
      [Update RS (ms): Min: 0.0, Avg: 0.0, Max: 0.0, Diff: 0.0, Sum: 0.1]
         [Processed Buffers: Min: 0, Avg: 0.9, Max: 5, Diff: 5, Sum: 7]
      [Scan RS (ms): Min: 0.0, Avg: 0.1, Max: 0.1, Diff: 0.1, Sum: 0.5]
      [Object Copy (ms): Min: 0.0, Avg: 0.4, Max: 0.7, Diff: 0.7, Sum: 2.9]
      [Termination (ms): Min: 0.0, Avg: 0.1, Max: 0.1, Diff: 0.1, Sum: 0.6]
      [GC Worker Other (ms): Min: 0.0, Avg: 0.0, Max: 0.0, Diff: 0.0, Sum: 0.1]
      [GC Worker Total (ms): Min: 0.0, Avg: 0.7, Max: 1.1, Diff: 1.1, Sum: 5.6]
      [GC Worker End (ms): Min: 5913.0, Avg: 5913.0, Max: 5913.0, Diff: 0.0]
   [Code Root Fixup: 0.0 ms]
   [Clear CT: 0.1 ms]
   [Other: 0.4 ms]
      [Choose CSet: 0.0 ms]
      [Ref Proc: 0.2 ms]
      [Ref Enq: 0.0 ms]
      [Free CSet: 0.1 ms]
   [Eden: 316.0M(316.0M)->0.0B(316.0M) Survivors: 3072.0K->3072.0K Heap: 326.3M(533.0M)->10.2M(533.0M)]
 [Times: user=0.01 sys=0.00, real=0.01 secs] 
5.950: [GC pause (young)5.951: [SoftReference, 0 refs, 0.0000170 secs]5.951: [WeakReference, 0 refs, 0.0000030 secs]5.951: [FinalReference, 0 refs, 0.0000030 secs]5.951: [PhantomReference, 0 refs, 0.0000020 secs]5.951: [JNI Weak Reference, 0.0000020 secs], 0.0015680 secs]
   [Parallel Time: 1.0 ms, GC Workers: 8]
      [GC Worker Start (ms): Min: 5950.1, Avg: 5950.4, Max: 5951.0, Diff: 1.0]
      [Ext Root Scanning (ms): Min: 0.0, Avg: 0.2, Max: 0.3, Diff: 0.3, Sum: 1.4]
      [Update RS (ms): Min: 0.0, Avg: 0.0, Max: 0.0, Diff: 0.0, Sum: 0.1]
         [Processed Buffers: Min: 0, Avg: 0.8, Max: 4, Diff: 4, Sum: 6]
      [Scan RS (ms): Min: 0.0, Avg: 0.1, Max: 0.2, Diff: 0.1, Sum: 0.5]
      [Object Copy (ms): Min: 0.0, Avg: 0.3, Max: 0.5, Diff: 0.5, Sum: 2.2]
      [Termination (ms): Min: 0.0, Avg: 0.1, Max: 0.1, Diff: 0.1, Sum: 0.5]
      [GC Worker Other (ms): Min: 0.0, Avg: 0.0, Max: 0.0, Diff: 0.0, Sum: 0.1]
      [GC Worker Total (ms): Min: 0.0, Avg: 0.6, Max: 1.0, Diff: 1.0, Sum: 4.9]
      [GC Worker End (ms): Min: 5951.0, Avg: 5951.1, Max: 5951.1, Diff: 0.0]
   [Code Root Fixup: 0.0 ms]
   [Clear CT: 0.2 ms]
   [Other: 0.4 ms]
      [Choose CSet: 0.0 ms]
      [Ref Proc: 0.2 ms]
      [Ref Enq: 0.0 ms]
      [Free CSet: 0.1 ms]
   [Eden: 316.0M(316.0M)->0.0B(315.0M) Survivors: 3072.0K->4096.0K Heap: 326.2M(533.0M)->11.3M(533.0M)]
 [Times: user=0.01 sys=0.00, real=0.00 secs] 
5.988: [GC pause (young)5.989: [SoftReference, 0 refs, 0.0000280 secs]5.989: [WeakReference, 0 refs, 0.0000030 secs]5.989: [FinalReference, 0 refs, 0.0000120 secs]5.989: [PhantomReference, 0 refs, 0.0000020 secs]5.989: [JNI Weak Reference, 0.0000020 secs], 0.0013830 secs]
   [Parallel Time: 0.9 ms, GC Workers: 8]
      [GC Worker Start (ms): Min: 5987.8, Avg: 5988.0, Max: 5988.6, Diff: 0.8]
      [Ext Root Scanning (ms): Min: 0.0, Avg: 0.2, Max: 0.3, Diff: 0.3, Sum: 1.5]
      [Update RS (ms): Min: 0.0, Avg: 0.0, Max: 0.0, Diff: 0.0, Sum: 0.1]
         [Processed Buffers: Min: 0, Avg: 0.9, Max: 3, Diff: 3, Sum: 7]
      [Scan RS (ms): Min: 0.0, Avg: 0.1, Max: 0.1, Diff: 0.1, Sum: 0.5]
      [Object Copy (ms): Min: 0.0, Avg: 0.3, Max: 0.4, Diff: 0.4, Sum: 2.1]
      [Termination (ms): Min: 0.0, Avg: 0.1, Max: 0.1, Diff: 0.1, Sum: 0.6]
      [GC Worker Other (ms): Min: 0.0, Avg: 0.0, Max: 0.0, Diff: 0.0, Sum: 0.1]
      [GC Worker Total (ms): Min: 0.0, Avg: 0.6, Max: 0.9, Diff: 0.9, Sum: 4.9]
      [GC Worker End (ms): Min: 5988.6, Avg: 5988.6, Max: 5988.7, Diff: 0.0]
   [Code Root Fixup: 0.0 ms]
   [Clear CT: 0.1 ms]
   [Other: 0.4 ms]
      [Choose CSet: 0.0 ms]
      [Ref Proc: 0.2 ms]
      [Ref Enq: 0.0 ms]
      [Free CSet: 0.1 ms]
   [Eden: 315.0M(315.0M)->0.0B(318.0M) Survivors: 4096.0K->1024.0K Heap: 326.3M(533.0M)->8999.6K(533.0M)]
 [Times: user=0.01 sys=0.00, real=0.00 secs] 
6.025: [GC pause (young)6.027: [SoftReference, 0 refs, 0.0000150 secs]6.027: [WeakReference, 0 refs, 0.0000030 secs]6.027: [FinalReference, 0 refs, 0.0000020 secs]6.027: [PhantomReference, 0 refs, 0.0000030 secs]6.027: [JNI Weak Reference, 0.0000030 secs], 0.0015650 secs]
   [Parallel Time: 1.1 ms, GC Workers: 8]
      [GC Worker Start (ms): Min: 6025.4, Avg: 6025.8, Max: 6026.4, Diff: 1.0]
      [Ext Root Scanning (ms): Min: 0.0, Avg: 0.2, Max: 0.3, Diff: 0.3, Sum: 1.3]
      [Update RS (ms): Min: 0.0, Avg: 0.0, Max: 0.1, Diff: 0.1, Sum: 0.1]
         [Processed Buffers: Min: 0, Avg: 1.0, Max: 8, Diff: 8, Sum: 8]
      [Scan RS (ms): Min: 0.0, Avg: 0.1, Max: 0.1, Diff: 0.1, Sum: 0.4]
      [Object Copy (ms): Min: 0.0, Avg: 0.3, Max: 0.5, Diff: 0.5, Sum: 2.5]
      [Termination (ms): Min: 0.0, Avg: 0.1, Max: 0.1, Diff: 0.1, Sum: 0.5]
      [GC Worker Other (ms): Min: 0.0, Avg: 0.0, Max: 0.0, Diff: 0.0, Sum: 0.1]
      [GC Worker Total (ms): Min: 0.0, Avg: 0.6, Max: 1.0, Diff: 1.0, Sum: 4.9]
      [GC Worker End (ms): Min: 6026.4, Avg: 6026.5, Max: 6026.5, Diff: 0.0]
   [Code Root Fixup: 0.0 ms]
   [Clear CT: 0.1 ms]
   [Other: 0.4 ms]
      [Choose CSet: 0.0 ms]
      [Ref Proc: 0.2 ms]
      [Ref Enq: 0.0 ms]
      [Free CSet: 0.1 ms]
   [Eden: 318.0M(318.0M)->0.0B(317.0M) Survivors: 1024.0K->2048.0K Heap: 326.8M(533.0M)->10.0M(533.0M)]
 [Times: user=0.01 sys=0.00, real=0.00 secs] 
6.063: [GC pause (young)6.064: [SoftReference, 0 refs, 0.0000240 secs]6.064: [WeakReference, 0 refs, 0.0000020 secs]6.064: [FinalReference, 0 refs, 0.0000150 secs]6.064: [PhantomReference, 0 refs, 0.0000020 secs]6.064: [JNI Weak Reference, 0.0000030 secs], 0.0014810 secs]
   [Parallel Time: 1.0 ms, GC Workers: 8]
      [GC Worker Start (ms): Min: 6063.1, Avg: 6063.5, Max: 6064.1, Diff: 1.0]
      [Ext Root Scanning (ms): Min: 0.0, Avg: 0.2, Max: 0.3, Diff: 0.3, Sum: 1.4]
      [Update RS (ms): Min: 0.0, Avg: 0.0, Max: 0.0, Diff: 0.0, Sum: 0.0]
         [Processed Buffers: Min: 0, Avg: 0.8, Max: 3, Diff: 3, Sum: 6]
      [Scan RS (ms): Min: 0.0, Avg: 0.1, Max: 0.1, Diff: 0.1, Sum: 0.5]
      [Object Copy (ms): Min: 0.0, Avg: 0.3, Max: 0.5, Diff: 0.5, Sum: 2.3]
      [Termination (ms): Min: 0.0, Avg: 0.1, Max: 0.1, Diff: 0.1, Sum: 0.5]
      [GC Worker Other (ms): Min: 0.0, Avg: 0.0, Max: 0.0, Diff: 0.0, Sum: 0.1]
      [GC Worker Total (ms): Min: 0.0, Avg: 0.6, Max: 1.0, Diff: 1.0, Sum: 4.8]
      [GC Worker End (ms): Min: 6064.1, Avg: 6064.1, Max: 6064.1, Diff: 0.0]
   [Code Root Fixup: 0.0 ms]
   [Clear CT: 0.1 ms]
   [Other: 0.3 ms]
      [Choose CSet: 0.0 ms]
      [Ref Proc: 0.2 ms]
      [Ref Enq: 0.0 ms]
      [Free CSet: 0.1 ms]
   [Eden: 317.0M(317.0M)->0.0B(317.0M) Survivors: 2048.0K->2048.0K Heap: 327.0M(533.0M)->10085.0K(533.0M)]
 [Times: user=0.01 sys=0.00, real=0.00 secs] 
6.101: [GC pause (young)6.102: [SoftReference, 0 refs, 0.0000230 secs]6.102: [WeakReference, 0 refs, 0.0000020 secs]6.102: [FinalReference, 0 refs, 0.0000020 secs]6.102: [PhantomReference, 0 refs, 0.0000020 secs]6.102: [JNI Weak Reference, 0.0000020 secs], 0.0013730 secs]
   [Parallel Time: 0.9 ms, GC Workers: 8]
      [GC Worker Start (ms): Min: 6101.1, Avg: 6101.4, Max: 6102.0, Diff: 0.8]
      [Ext Root Scanning (ms): Min: 0.0, Avg: 0.2, Max: 0.3, Diff: 0.3, Sum: 1.4]
      [Update RS (ms): Min: 0.0, Avg: 0.0, Max: 0.0, Diff: 0.0, Sum: 0.1]
         [Processed Buffers: Min: 0, Avg: 0.9, Max: 4, Diff: 4, Sum: 7]
      [Scan RS (ms): Min: 0.0, Avg: 0.1, Max: 0.1, Diff: 0.1, Sum: 0.4]
      [Object Copy (ms): Min: 0.0, Avg: 0.3, Max: 0.4, Diff: 0.4, Sum: 2.0]
      [Termination (ms): Min: 0.0, Avg: 0.1, Max: 0.1, Diff: 0.1, Sum: 0.5]
      [GC Worker Other (ms): Min: 0.0, Avg: 0.0, Max: 0.0, Diff: 0.0, Sum: 0.1]
      [GC Worker Total (ms): Min: 0.0, Avg: 0.6, Max: 0.9, Diff: 0.9, Sum: 4.5]
      [GC Worker End (ms): Min: 6102.0, Avg: 6102.0, Max: 6102.0, Diff: 0.0]
   [Code Root Fixup: 0.0 ms]
   [Clear CT: 0.1 ms]
   [Other: 0.3 ms]
      [Choose CSet: 0.0 ms]
      [Ref Proc: 0.2 ms]
      [Ref Enq: 0.0 ms]
      [Free CSet: 0.1 ms]
   [Eden: 317.0M(317.0M)->0.0B(318.0M) Survivors: 2048.0K->1024.0K Heap: 326.8M(533.0M)->9074.0K(533.0M)]
 [Times: user=0.00 sys=0.00, real=0.01 secs] 
6.139: [GC pause (young)6.141: [SoftReference, 0 refs, 0.0000140 secs]6.141: [WeakReference, 0 refs, 0.0000120 secs]6.141: [FinalReference, 0 refs, 0.0000030 secs]6.141: [PhantomReference, 0 refs, 0.0000020 secs]6.141: [JNI Weak Reference, 0.0000030 secs], 0.0015220 secs]
   [Parallel Time: 1.0 ms, GC Workers: 8]
      [GC Worker Start (ms): Min: 6139.5, Avg: 6139.8, Max: 6140.4, Diff: 0.9]
      [Ext Root Scanning (ms): Min: 0.0, Avg: 0.2, Max: 0.3, Diff: 0.3, Sum: 1.4]
      [Update RS (ms): Min: 0.0, Avg: 0.0, Max: 0.0, Diff: 0.0, Sum: 0.1]
         [Processed Buffers: Min: 0, Avg: 1.0, Max: 5, Diff: 5, Sum: 8]
      [Scan RS (ms): Min: 0.0, Avg: 0.1, Max: 0.1, Diff: 0.1, Sum: 0.5]
      [Object Copy (ms): Min: 0.0, Avg: 0.3, Max: 0.5, Diff: 0.5, Sum: 2.3]
      [Termination (ms): Min: 0.0, Avg: 0.1, Max: 0.1, Diff: 0.1, Sum: 0.6]
      [GC Worker Other (ms): Min: 0.0, Avg: 0.0, Max: 0.0, Diff: 0.0, Sum: 0.1]
      [GC Worker Total (ms): Min: 0.0, Avg: 0.6, Max: 0.9, Diff: 0.9, Sum: 4.9]
      [GC Worker End (ms): Min: 6140.4, Avg: 6140.4, Max: 6140.5, Diff: 0.0]
   [Code Root Fixup: 0.0 ms]
   [Clear CT: 0.1 ms]
   [Other: 0.4 ms]
      [Choose CSet: 0.0 ms]
      [Ref Proc: 0.2 ms]
      [Ref Enq: 0.0 ms]
      [Free CSet: 0.1 ms]
   [Eden: 318.0M(318.0M)->0.0B(317.0M) Survivors: 1024.0K->2048.0K Heap: 326.9M(533.0M)->9914.2K(533.0M)]
 [Times: user=0.01 sys=0.00, real=0.00 secs] 
6.178: [GC pause (young)6.179: [SoftReference, 0 refs, 0.0000390 secs]6.179: [WeakReference, 0 refs, 0.0000030 secs]6.179: [FinalReference, 0 refs, 0.0000020 secs]6.179: [PhantomReference, 0 refs, 0.0000030 secs]6.179: [JNI Weak Reference, 0.0000020 secs], 0.0015100 secs]
   [Parallel Time: 1.0 ms, GC Workers: 8]
      [GC Worker Start (ms): Min: 6177.9, Avg: 6178.2, Max: 6178.8, Diff: 0.9]
      [Ext Root Scanning (ms): Min: 0.0, Avg: 0.2, Max: 0.3, Diff: 0.3, Sum: 1.5]
      [Update RS (ms): Min: 0.0, Avg: 0.0, Max: 0.0, Diff: 0.0, Sum: 0.1]
         [Processed Buffers: Min: 0, Avg: 1.0, Max: 4, Diff: 4, Sum: 8]
      [Scan RS (ms): Min: 0.0, Avg: 0.1, Max: 0.1, Diff: 0.1, Sum: 0.5]
      [Object Copy (ms): Min: 0.0, Avg: 0.3, Max: 0.5, Diff: 0.5, Sum: 2.6]
      [Termination (ms): Min: 0.0, Avg: 0.1, Max: 0.1, Diff: 0.1, Sum: 0.5]
      [GC Worker Other (ms): Min: 0.0, Avg: 0.0, Max: 0.0, Diff: 0.0, Sum: 0.1]
      [GC Worker Total (ms): Min: 0.0, Avg: 0.7, Max: 1.0, Diff: 1.0, Sum: 5.2]
      [GC Worker End (ms): Min: 6178.8, Avg: 6178.8, Max: 6178.9, Diff: 0.0]
   [Code Root Fixup: 0.0 ms]
   [Clear CT: 0.1 ms]
   [Other: 0.3 ms]
      [Choose CSet: 0.0 ms]
      [Ref Proc: 0.2 ms]
      [Ref Enq: 0.0 ms]
      [Free CSet: 0.1 ms]
   [Eden: 317.0M(317.0M)->0.0B(316.0M) Survivors: 2048.0K->3072.0K Heap: 326.7M(533.0M)->11.1M(533.0M)]
 [Times: user=0.01 sys=0.00, real=0.00 secs] 
6.216: [GC pause (young)6.218: [SoftReference, 0 refs, 0.0000150 secs]6.218: [WeakReference, 0 refs, 0.0000020 secs]6.218: [FinalReference, 0 refs, 0.0000020 secs]6.218: [PhantomReference, 0 refs, 0.0000110 secs]6.218: [JNI Weak Reference, 0.0000030 secs], 0.0016020 secs]
   [Parallel Time: 1.1 ms, GC Workers: 8]
      [GC Worker Start (ms): Min: 6216.3, Avg: 6216.6, Max: 6217.3, Diff: 1.0]
      [Ext Root Scanning (ms): Min: 0.0, Avg: 0.2, Max: 0.3, Diff: 0.3, Sum: 1.5]
      [Update RS (ms): Min: 0.0, Avg: 0.0, Max: 0.0, Diff: 0.0, Sum: 0.1]
         [Processed Buffers: Min: 0, Avg: 0.9, Max: 5, Diff: 5, Sum: 7]
      [Scan RS (ms): Min: 0.0, Avg: 0.1, Max: 0.1, Diff: 0.1, Sum: 0.6]
      [Object Copy (ms): Min: 0.0, Avg: 0.4, Max: 0.6, Diff: 0.6, Sum: 3.2]
      [Termination (ms): Min: 0.0, Avg: 0.1, Max: 0.1, Diff: 0.1, Sum: 0.7]
      [GC Worker Other (ms): Min: 0.0, Avg: 0.0, Max: 0.0, Diff: 0.0, Sum: 0.1]
      [GC Worker Total (ms): Min: 0.0, Avg: 0.8, Max: 1.0, Diff: 1.0, Sum: 6.1]
      [GC Worker End (ms): Min: 6217.4, Avg: 6217.4, Max: 6217.4, Diff: 0.0]
   [Code Root Fixup: 0.0 ms]
   [Clear CT: 0.1 ms]
   [Other: 0.4 ms]
      [Choose CSet: 0.0 ms]
      [Ref Proc: 0.2 ms]
      [Ref Enq: 0.0 ms]
      [Free CSet: 0.1 ms]
   [Eden: 316.0M(316.0M)->0.0B(317.0M) Survivors: 3072.0K->2048.0K Heap: 327.1M(533.0M)->10.1M(533.0M)]
 [Times: user=0.01 sys=0.01, real=0.00 secs] 
6.255: [GC pause (young)6.257: [SoftReference, 0 refs, 0.0000150 secs]6.257: [WeakReference, 0 refs, 0.0000030 secs]6.257: [FinalReference, 0 refs, 0.0000020 secs]6.257: [PhantomReference, 0 refs, 0.0000020 secs]6.257: [JNI Weak Reference, 0.0000020 secs], 0.0013810 secs]
   [Parallel Time: 0.9 ms, GC Workers: 8]
      [GC Worker Start (ms): Min: 6255.6, Avg: 6255.7, Max: 6255.8, Diff: 0.2]
      [Ext Root Scanning (ms): Min: 0.1, Avg: 0.2, Max: 0.3, Diff: 0.3, Sum: 1.7]
      [Update RS (ms): Min: 0.0, Avg: 0.0, Max: 0.0, Diff: 0.0, Sum: 0.1]
         [Processed Buffers: Min: 0, Avg: 0.9, Max: 4, Diff: 4, Sum: 7]
      [Scan RS (ms): Min: 0.1, Avg: 0.1, Max: 0.1, Diff: 0.0, Sum: 0.6]
      [Object Copy (ms): Min: 0.3, Avg: 0.4, Max: 0.4, Diff: 0.1, Sum: 2.9]
      [Termination (ms): Min: 0.0, Avg: 0.1, Max: 0.1, Diff: 0.1, Sum: 0.5]
      [GC Worker Other (ms): Min: 0.0, Avg: 0.0, Max: 0.0, Diff: 0.0, Sum: 0.2]
      [GC Worker Total (ms): Min: 0.6, Avg: 0.7, Max: 0.8, Diff: 0.2, Sum: 5.9]
      [GC Worker End (ms): Min: 6256.4, Avg: 6256.4, Max: 6256.4, Diff: 0.0]
   [Code Root Fixup: 0.0 ms]
   [Clear CT: 0.1 ms]
   [Other: 0.3 ms]
      [Choose CSet: 0.0 ms]
      [Ref Proc: 0.2 ms]
      [Ref Enq: 0.0 ms]
      [Free CSet: 0.1 ms]
   [Eden: 317.0M(317.0M)->0.0B(318.0M) Survivors: 2048.0K->1024.0K Heap: 327.1M(533.0M)->9200.9K(533.0M)]
 [Times: user=0.00 sys=0.00, real=0.00 secs] 
6.294: [GC pause (young)6.295: [SoftReference, 0 refs, 0.0000160 secs]6.295: [WeakReference, 0 refs, 0.0000020 secs]6.295: [FinalReference, 0 refs, 0.0000020 secs]6.295: [PhantomReference, 0 refs, 0.0000020 secs]6.295: [JNI Weak Reference, 0.0000120 secs], 0.0015090 secs]
   [Parallel Time: 1.0 ms, GC Workers: 8]
      [GC Worker Start (ms): Min: 6293.9, Avg: 6294.1, Max: 6294.7, Diff: 0.8]
      [Ext Root Scanning (ms): Min: 0.0, Avg: 0.2, Max: 0.3, Diff: 0.3, Sum: 1.6]
      [Update RS (ms): Min: 0.0, Avg: 0.0, Max: 0.1, Diff: 0.1, Sum: 0.1]
         [Processed Buffers: Min: 0, Avg: 1.0, Max: 5, Diff: 5, Sum: 8]
      [Scan RS (ms): Min: 0.0, Avg: 0.1, Max: 0.2, Diff: 0.1, Sum: 0.6]
      [Object Copy (ms): Min: 0.0, Avg: 0.3, Max: 0.5, Diff: 0.5, Sum: 2.7]
      [Termination (ms): Min: 0.0, Avg: 0.1, Max: 0.1, Diff: 0.1, Sum: 0.8]
      [GC Worker Other (ms): Min: 0.0, Avg: 0.0, Max: 0.1, Diff: 0.1, Sum: 0.3]
      [GC Worker Total (ms): Min: 0.2, Avg: 0.8, Max: 0.9, Diff: 0.8, Sum: 6.0]
      [GC Worker End (ms): Min: 6294.8, Avg: 6294.8, Max: 6294.9, Diff: 0.1]
   [Code Root Fixup: 0.0 ms]
   [Clear CT: 0.1 ms]
   [Other: 0.4 ms]
      [Choose CSet: 0.0 ms]
      [Ref Proc: 0.2 ms]
      [Ref Enq: 0.0 ms]
      [Free CSet: 0.1 ms]
   [Eden: 318.0M(318.0M)->0.0B(316.0M) Survivors: 1024.0K->3072.0K Heap: 327.0M(533.0M)->10.5M(533.0M)]
 [Times: user=0.01 sys=0.00, real=0.00 secs] 
6.332: [GC pause (young)6.333: [SoftReference, 0 refs, 0.0000140 secs]6.333: [WeakReference, 0 refs, 0.0000030 secs]6.333: [FinalReference, 0 refs, 0.0000020 secs]6.333: [PhantomReference, 0 refs, 0.0000020 secs]6.333: [JNI Weak Reference, 0.0000030 secs], 0.0014240 secs]
   [Parallel Time: 1.0 ms, GC Workers: 8]
      [GC Worker Start (ms): Min: 6331.9, Avg: 6332.2, Max: 6332.9, Diff: 0.9]
      [Ext Root Scanning (ms): Min: 0.0, Avg: 0.2, Max: 0.3, Diff: 0.3, Sum: 1.6]
      [Update RS (ms): Min: 0.0, Avg: 0.0, Max: 0.0, Diff: 0.0, Sum: 0.1]
         [Processed Buffers: Min: 0, Avg: 1.0, Max: 4, Diff: 4, Sum: 8]
      [Scan RS (ms): Min: 0.0, Avg: 0.1, Max: 0.1, Diff: 0.1, Sum: 0.5]
      [Object Copy (ms): Min: 0.0, Avg: 0.3, Max: 0.5, Diff: 0.5, Sum: 2.8]
      [Termination (ms): Min: 0.0, Avg: 0.1, Max: 0.1, Diff: 0.1, Sum: 0.7]
      [GC Worker Other (ms): Min: 0.0, Avg: 0.0, Max: 0.0, Diff: 0.0, Sum: 0.1]
      [GC Worker Total (ms): Min: 0.0, Avg: 0.7, Max: 1.0, Diff: 1.0, Sum: 5.7]
      [GC Worker End (ms): Min: 6332.9, Avg: 6332.9, Max: 6332.9, Diff: 0.0]
   [Code Root Fixup: 0.0 ms]
   [Clear CT: 0.1 ms]
   [Other: 0.3 ms]
      [Choose CSet: 0.0 ms]
      [Ref Proc: 0.1 ms]
      [Ref Enq: 0.0 ms]
      [Free CSet: 0.1 ms]
   [Eden: 316.0M(316.0M)->0.0B(317.0M) Survivors: 3072.0K->2048.0K Heap: 326.5M(533.0M)->10140.8K(533.0M)]
 [Times: user=0.01 sys=0.00, real=0.01 secs] 
6.370: [GC pause (young)6.371: [SoftReference, 0 refs, 0.0000250 secs]6.371: [WeakReference, 0 refs, 0.0000030 secs]6.371: [FinalReference, 0 refs, 0.0000020 secs]6.371: [PhantomReference, 0 refs, 0.0000020 secs]6.371: [JNI Weak Reference, 0.0000030 secs], 0.0016440 secs]
   [Parallel Time: 1.1 ms, GC Workers: 8]
      [GC Worker Start (ms): Min: 6369.8, Avg: 6370.2, Max: 6370.8, Diff: 0.9]
      [Ext Root Scanning (ms): Min: 0.0, Avg: 0.2, Max: 0.3, Diff: 0.3, Sum: 1.4]
      [Update RS (ms): Min: 0.0, Avg: 0.0, Max: 0.0, Diff: 0.0, Sum: 0.1]
         [Processed Buffers: Min: 0, Avg: 1.0, Max: 4, Diff: 4, Sum: 8]
      [Scan RS (ms): Min: 0.0, Avg: 0.1, Max: 0.1, Diff: 0.1, Sum: 0.4]
      [Object Copy (ms): Min: 0.0, Avg: 0.3, Max: 0.5, Diff: 0.5, Sum: 2.2]
      [Termination (ms): Min: 0.0, Avg: 0.1, Max: 0.1, Diff: 0.1, Sum: 0.6]
      [GC Worker Other (ms): Min: 0.0, Avg: 0.0, Max: 0.0, Diff: 0.0, Sum: 0.0]
      [GC Worker Total (ms): Min: 0.0, Avg: 0.6, Max: 1.0, Diff: 1.0, Sum: 4.7]
      [GC Worker End (ms): Min: 6370.8, Avg: 6370.8, Max: 6370.8, Diff: 0.0]
   [Code Root Fixup: 0.0 ms]
   [Clear CT: 0.2 ms]
   [Other: 0.3 ms]
      [Choose CSet: 0.0 ms]
      [Ref Proc: 0.2 ms]
      [Ref Enq: 0.0 ms]
      [Free CSet: 0.1 ms]
   [Eden: 317.0M(317.0M)->0.0B(318.0M) Survivors: 2048.0K->1024.0K Heap: 326.9M(533.0M)->9414.6K(533.0M)]
 [Times: user=0.01 sys=0.00, real=0.00 secs] 
6.408: [GC pause (young)6.409: [SoftReference, 0 refs, 0.0000150 secs]6.409: [WeakReference, 0 refs, 0.0000020 secs]6.409: [FinalReference, 0 refs, 0.0000110 secs]6.409: [PhantomReference, 0 refs, 0.0000020 secs]6.409: [JNI Weak Reference, 0.0000020 secs], 0.0014870 secs]
   [Parallel Time: 1.1 ms, GC Workers: 8]
      [GC Worker Start (ms): Min: 6407.9, Avg: 6408.3, Max: 6408.9, Diff: 1.0]
      [Ext Root Scanning (ms): Min: 0.0, Avg: 0.2, Max: 0.3, Diff: 0.3, Sum: 1.5]
      [Update RS (ms): Min: 0.0, Avg: 0.0, Max: 0.0, Diff: 0.0, Sum: 0.1]
         [Processed Buffers: Min: 0, Avg: 0.9, Max: 5, Diff: 5, Sum: 7]
      [Scan RS (ms): Min: 0.0, Avg: 0.1, Max: 0.1, Diff: 0.1, Sum: 0.5]
      [Object Copy (ms): Min: 0.0, Avg: 0.3, Max: 0.5, Diff: 0.5, Sum: 2.4]
      [Termination (ms): Min: 0.0, Avg: 0.1, Max: 0.1, Diff: 0.1, Sum: 0.6]
      [GC Worker Other (ms): Min: 0.0, Avg: 0.0, Max: 0.0, Diff: 0.0, Sum: 0.0]
      [GC Worker Total (ms): Min: 0.0, Avg: 0.6, Max: 1.0, Diff: 1.0, Sum: 5.1]
      [GC Worker End (ms): Min: 6409.0, Avg: 6409.0, Max: 6409.0, Diff: 0.0]
   [Code Root Fixup: 0.0 ms]
   [Clear CT: 0.1 ms]
   [Other: 0.3 ms]
      [Choose CSet: 0.0 ms]
      [Ref Proc: 0.2 ms]
      [Ref Enq: 0.0 ms]
      [Free CSet: 0.1 ms]
   [Eden: 318.0M(318.0M)->0.0B(317.0M) Survivors: 1024.0K->2048.0K Heap: 327.2M(533.0M)->10.3M(533.0M)]
 [Times: user=0.01 sys=0.00, real=0.00 secs] 
6.447: [GC pause (young)6.448: [SoftReference, 0 refs, 0.0000150 secs]6.448: [WeakReference, 0 refs, 0.0000030 secs]6.448: [FinalReference, 0 refs, 0.0000020 secs]6.448: [PhantomReference, 0 refs, 0.0000120 secs]6.448: [JNI Weak Reference, 0.0000030 secs], 0.0014710 secs]
   [Parallel Time: 1.0 ms, GC Workers: 8]
      [GC Worker Start (ms): Min: 6446.6, Avg: 6446.9, Max: 6447.5, Diff: 0.9]
      [Ext Root Scanning (ms): Min: 0.0, Avg: 0.2, Max: 0.3, Diff: 0.3, Sum: 1.4]
      [Update RS (ms): Min: 0.0, Avg: 0.0, Max: 0.0, Diff: 0.0, Sum: 0.1]
         [Processed Buffers: Min: 0, Avg: 0.8, Max: 4, Diff: 4, Sum: 6]
      [Scan RS (ms): Min: 0.0, Avg: 0.1, Max: 0.1, Diff: 0.1, Sum: 0.4]
      [Object Copy (ms): Min: 0.0, Avg: 0.2, Max: 0.4, Diff: 0.4, Sum: 1.9]
      [Termination (ms): Min: 0.0, Avg: 0.1, Max: 0.1, Diff: 0.1, Sum: 0.6]
      [GC Worker Other (ms): Min: 0.0, Avg: 0.0, Max: 0.0, Diff: 0.0, Sum: 0.1]
      [GC Worker Total (ms): Min: 0.0, Avg: 0.6, Max: 0.9, Diff: 0.9, Sum: 4.4]
      [GC Worker End (ms): Min: 6447.5, Avg: 6447.5, Max: 6447.5, Diff: 0.0]
   [Code Root Fixup: 0.0 ms]
   [Clear CT: 0.1 ms]
   [Other: 0.3 ms]
      [Choose CSet: 0.0 ms]
      [Ref Proc: 0.2 ms]
      [Ref Enq: 0.0 ms]
      [Free CSet: 0.1 ms]
   [Eden: 317.0M(317.0M)->0.0B(318.0M) Survivors: 2048.0K->1024.0K Heap: 327.3M(533.0M)->9284.1K(533.0M)]
 [Times: user=0.01 sys=0.00, real=0.00 secs] 
6.485: [GC pause (young)6.487: [SoftReference, 0 refs, 0.0000160 secs]6.487: [WeakReference, 0 refs, 0.0000030 secs]6.487: [FinalReference, 0 refs, 0.0000020 secs]6.487: [PhantomReference, 0 refs, 0.0000020 secs]6.487: [JNI Weak Reference, 0.0000120 secs], 0.0015850 secs]
   [Parallel Time: 1.1 ms, GC Workers: 8]
      [GC Worker Start (ms): Min: 6485.4, Avg: 6485.8, Max: 6486.5, Diff: 1.0]
      [Ext Root Scanning (ms): Min: 0.0, Avg: 0.2, Max: 0.3, Diff: 0.3, Sum: 1.4]
      [Update RS (ms): Min: 0.0, Avg: 0.0, Max: 0.0, Diff: 0.0, Sum: 0.0]
         [Processed Buffers: Min: 0, Avg: 0.9, Max: 4, Diff: 4, Sum: 7]
      [Scan RS (ms): Min: 0.0, Avg: 0.1, Max: 0.1, Diff: 0.1, Sum: 0.4]
      [Object Copy (ms): Min: 0.0, Avg: 0.4, Max: 0.6, Diff: 0.6, Sum: 2.9]
      [Termination (ms): Min: 0.0, Avg: 0.1, Max: 0.1, Diff: 0.1, Sum: 0.5]
      [GC Worker Other (ms): Min: 0.0, Avg: 0.0, Max: 0.0, Diff: 0.0, Sum: 0.1]
      [GC Worker Total (ms): Min: 0.0, Avg: 0.7, Max: 1.1, Diff: 1.1, Sum: 5.3]
      [GC Worker End (ms): Min: 6486.5, Avg: 6486.5, Max: 6486.5, Diff: 0.0]
   [Code Root Fixup: 0.0 ms]
   [Clear CT: 0.2 ms]
   [Other: 0.3 ms]
      [Choose CSet: 0.0 ms]
      [Ref Proc: 0.1 ms]
      [Ref Enq: 0.0 ms]
      [Free CSet: 0.1 ms]
   [Eden: 318.0M(318.0M)->0.0B(317.0M) Survivors: 1024.0K->2048.0K Heap: 327.1M(533.0M)->9798.9K(533.0M)]
 [Times: user=0.01 sys=0.00, real=0.00 secs] 
6.524: [GC pause (young)6.525: [SoftReference, 0 refs, 0.0000250 secs]6.525: [WeakReference, 0 refs, 0.0000020 secs]6.525: [FinalReference, 0 refs, 0.0000020 secs]6.525: [PhantomReference, 0 refs, 0.0000020 secs]6.525: [JNI Weak Reference, 0.0000020 secs], 0.0014990 secs]
   [Parallel Time: 1.0 ms, GC Workers: 8]
      [GC Worker Start (ms): Min: 6524.2, Avg: 6524.6, Max: 6525.1, Diff: 0.9]
      [Ext Root Scanning (ms): Min: 0.0, Avg: 0.2, Max: 0.3, Diff: 0.3, Sum: 1.4]
      [Update RS (ms): Min: 0.0, Avg: 0.0, Max: 0.0, Diff: 0.0, Sum: 0.0]
         [Processed Buffers: Min: 0, Avg: 0.6, Max: 4, Diff: 4, Sum: 5]
      [Scan RS (ms): Min: 0.0, Avg: 0.1, Max: 0.1, Diff: 0.1, Sum: 0.4]
      [Object Copy (ms): Min: 0.0, Avg: 0.3, Max: 0.5, Diff: 0.5, Sum: 2.3]
      [Termination (ms): Min: 0.0, Avg: 0.1, Max: 0.1, Diff: 0.1, Sum: 0.6]
      [GC Worker Other (ms): Min: 0.0, Avg: 0.0, Max: 0.0, Diff: 0.0, Sum: 0.1]
      [GC Worker Total (ms): Min: 0.0, Avg: 0.6, Max: 1.0, Diff: 1.0, Sum: 4.8]
      [GC Worker End (ms): Min: 6525.1, Avg: 6525.2, Max: 6525.2, Diff: 0.0]
   [Code Root Fixup: 0.0 ms]
   [Clear CT: 0.1 ms]
   [Other: 0.4 ms]
      [Choose CSet: 0.0 ms]
      [Ref Proc: 0.2 ms]
      [Ref Enq: 0.0 ms]
      [Free CSet: 0.1 ms]
   [Eden: 317.0M(317.0M)->0.0B(317.0M) Survivors: 2048.0K->2048.0K Heap: 326.6M(533.0M)->10.2M(533.0M)]
 [Times: user=0.01 sys=0.00, real=0.00 secs] 
6.563: [GC pause (young)6.564: [SoftReference, 0 refs, 0.0000150 secs]6.564: [WeakReference, 0 refs, 0.0000030 secs]6.564: [FinalReference, 0 refs, 0.0000030 secs]6.564: [PhantomReference, 0 refs, 0.0000020 secs]6.564: [JNI Weak Reference, 0.0000020 secs], 0.0014710 secs]
   [Parallel Time: 1.0 ms, GC Workers: 8]
      [GC Worker Start (ms): Min: 6563.3, Avg: 6563.7, Max: 6564.2, Diff: 0.9]
      [Ext Root Scanning (ms): Min: 0.0, Avg: 0.2, Max: 0.3, Diff: 0.3, Sum: 1.4]
      [Update RS (ms): Min: 0.0, Avg: 0.0, Max: 0.0, Diff: 0.0, Sum: 0.1]
         [Processed Buffers: Min: 0, Avg: 0.9, Max: 5, Diff: 5, Sum: 7]
      [Scan RS (ms): Min: 0.0, Avg: 0.1, Max: 0.1, Diff: 0.1, Sum: 0.5]
      [Object Copy (ms): Min: 0.0, Avg: 0.3, Max: 0.5, Diff: 0.5, Sum: 2.1]
      [Termination (ms): Min: 0.0, Avg: 0.1, Max: 0.1, Diff: 0.1, Sum: 0.5]
      [GC Worker Other (ms): Min: 0.0, Avg: 0.0, Max: 0.0, Diff: 0.0, Sum: 0.1]
      [GC Worker Total (ms): Min: 0.0, Avg: 0.6, Max: 1.0, Diff: 0.9, Sum: 4.7]
      [GC Worker End (ms): Min: 6564.2, Avg: 6564.3, Max: 6564.3, Diff: 0.0]
   [Code Root Fixup: 0.0 ms]
   [Clear CT: 0.1 ms]
   [Other: 0.3 ms]
      [Choose CSet: 0.0 ms]
      [Ref Proc: 0.1 ms]
      [Ref Enq: 0.0 ms]
      [Free CSet: 0.1 ms]
   [Eden: 317.0M(317.0M)->0.0B(316.0M) Survivors: 2048.0K->3072.0K Heap: 327.2M(533.0M)->10.6M(533.0M)]
 [Times: user=0.00 sys=0.00, real=0.00 secs] 
6.602: [GC pause (young)6.604: [SoftReference, 0 refs, 0.0000150 secs]6.604: [WeakReference, 0 refs, 0.0000020 secs]6.604: [FinalReference, 0 refs, 0.0000020 secs]6.604: [PhantomReference, 0 refs, 0.0000020 secs]6.604: [JNI Weak Reference, 0.0000120 secs], 0.0017720 secs]
   [Parallel Time: 1.3 ms, GC Workers: 8]
      [GC Worker Start (ms): Min: 6602.3, Avg: 6602.8, Max: 6603.5, Diff: 1.2]
      [Ext Root Scanning (ms): Min: 0.0, Avg: 0.2, Max: 0.5, Diff: 0.5, Sum: 1.4]
      [Update RS (ms): Min: 0.0, Avg: 0.0, Max: 0.0, Diff: 0.0, Sum: 0.1]
         [Processed Buffers: Min: 0, Avg: 0.9, Max: 4, Diff: 4, Sum: 7]
      [Scan RS (ms): Min: 0.0, Avg: 0.1, Max: 0.1, Diff: 0.1, Sum: 0.6]
      [Object Copy (ms): Min: 0.0, Avg: 0.4, Max: 0.8, Diff: 0.8, Sum: 3.3]
      [Termination (ms): Min: 0.0, Avg: 0.1, Max: 0.1, Diff: 0.1, Sum: 0.6]
      [GC Worker Other (ms): Min: 0.0, Avg: 0.0, Max: 0.0, Diff: 0.0, Sum: 0.1]
      [GC Worker Total (ms): Min: 0.0, Avg: 0.8, Max: 1.3, Diff: 1.3, Sum: 6.1]
      [GC Worker End (ms): Min: 6603.6, Avg: 6603.6, Max: 6603.6, Diff: 0.0]
   [Code Root Fixup: 0.0 ms]
   [Clear CT: 0.1 ms]
   [Other: 0.3 ms]
      [Choose CSet: 0.0 ms]
      [Ref Proc: 0.2 ms]
      [Ref Enq: 0.0 ms]
      [Free CSet: 0.1 ms]
   [Eden: 316.0M(316.0M)->0.0B(316.0M) Survivors: 3072.0K->3072.0K Heap: 326.6M(533.0M)->10.8M(533.0M)]
 [Times: user=0.01 sys=0.00, real=0.00 secs] 
6.641: [GC pause (young)6.642: [SoftReference, 0 refs, 0.0000160 secs]6.642: [WeakReference, 0 refs, 0.0000030 secs]6.642: [FinalReference, 0 refs, 0.0000030 secs]6.642: [PhantomReference, 0 refs, 0.0000020 secs]6.642: [JNI Weak Reference, 0.0000030 secs], 0.0014890 secs]
   [Parallel Time: 1.0 ms, GC Workers: 8]
      [GC Worker Start (ms): Min: 6641.0, Avg: 6641.3, Max: 6642.0, Diff: 0.9]
      [Ext Root Scanning (ms): Min: 0.0, Avg: 0.2, Max: 0.3, Diff: 0.3, Sum: 1.5]
      [Update RS (ms): Min: 0.0, Avg: 0.0, Max: 0.0, Diff: 0.0, Sum: 0.1]
         [Processed Buffers: Min: 0, Avg: 0.8, Max: 4, Diff: 4, Sum: 6]
      [Scan RS (ms): Min: 0.0, Avg: 0.1, Max: 0.1, Diff: 0.1, Sum: 0.6]
      [Object Copy (ms): Min: 0.0, Avg: 0.4, Max: 0.6, Diff: 0.6, Sum: 3.0]
      [Termination (ms): Min: 0.0, Avg: 0.1, Max: 0.1, Diff: 0.1, Sum: 0.6]
      [GC Worker Other (ms): Min: 0.0, Avg: 0.0, Max: 0.1, Diff: 0.0, Sum: 0.2]
      [GC Worker Total (ms): Min: 0.0, Avg: 0.7, Max: 1.0, Diff: 1.0, Sum: 5.9]
      [GC Worker End (ms): Min: 6642.0, Avg: 6642.0, Max: 6642.0, Diff: 0.0]
   [Code Root Fixup: 0.0 ms]
   [Clear CT: 0.1 ms]
   [Other: 0.3 ms]
      [Choose CSet: 0.0 ms]
      [Ref Proc: 0.2 ms]
      [Ref Enq: 0.0 ms]
      [Free CSet: 0.1 ms]
   [Eden: 316.0M(316.0M)->0.0B(317.0M) Survivors: 3072.0K->2048.0K Heap: 326.8M(533.0M)->10.5M(533.0M)]
 [Times: user=0.01 sys=0.00, real=0.01 secs] 
6.680: [GC pause (young)6.681: [SoftReference, 0 refs, 0.0000250 secs]6.681: [WeakReference, 0 refs, 0.0000030 secs]6.681: [FinalReference, 0 refs, 0.0000020 secs]6.681: [PhantomReference, 0 refs, 0.0000030 secs]6.681: [JNI Weak Reference, 0.0000020 secs], 0.0016080 secs]
   [Parallel Time: 1.1 ms, GC Workers: 8]
      [GC Worker Start (ms): Min: 6679.7, Avg: 6680.1, Max: 6680.7, Diff: 1.0]
      [Ext Root Scanning (ms): Min: 0.0, Avg: 0.2, Max: 0.3, Diff: 0.3, Sum: 1.4]
      [Update RS (ms): Min: 0.0, Avg: 0.0, Max: 0.1, Diff: 0.1, Sum: 0.1]
         [Processed Buffers: Min: 0, Avg: 1.0, Max: 5, Diff: 5, Sum: 8]
      [Scan RS (ms): Min: 0.0, Avg: 0.1, Max: 0.2, Diff: 0.2, Sum: 0.6]
      [Object Copy (ms): Min: 0.0, Avg: 0.3, Max: 0.6, Diff: 0.6, Sum: 2.5]
      [Termination (ms): Min: 0.0, Avg: 0.1, Max: 0.1, Diff: 0.1, Sum: 0.6]
      [GC Worker Other (ms): Min: 0.0, Avg: 0.0, Max: 0.0, Diff: 0.0, Sum: 0.1]
      [GC Worker Total (ms): Min: 0.0, Avg: 0.7, Max: 1.1, Diff: 1.1, Sum: 5.3]
      [GC Worker End (ms): Min: 6680.7, Avg: 6680.7, Max: 6680.8, Diff: 0.0]
   [Code Root Fixup: 0.0 ms]
   [Clear CT: 0.1 ms]
   [Other: 0.4 ms]
      [Choose CSet: 0.0 ms]
      [Ref Proc: 0.2 ms]
      [Ref Enq: 0.0 ms]
      [Free CSet: 0.1 ms]
   [Eden: 317.0M(317.0M)->0.0B(316.0M) Survivors: 2048.0K->3072.0K Heap: 327.5M(533.0M)->11.3M(533.0M)]
 [Times: user=0.01 sys=0.00, real=0.00 secs] 
6.721: [GC pause (young)6.722: [SoftReference, 0 refs, 0.0000230 secs]6.722: [WeakReference, 0 refs, 0.0000020 secs]6.722: [FinalReference, 0 refs, 0.0000030 secs]6.722: [PhantomReference, 0 refs, 0.0000020 secs]6.722: [JNI Weak Reference, 0.0000030 secs], 0.0013860 secs]
   [Parallel Time: 0.9 ms, GC Workers: 8]
      [GC Worker Start (ms): Min: 6721.1, Avg: 6721.3, Max: 6721.6, Diff: 0.5]
      [Ext Root Scanning (ms): Min: 0.0, Avg: 0.2, Max: 0.3, Diff: 0.3, Sum: 1.5]
      [Update RS (ms): Min: 0.0, Avg: 0.0, Max: 0.0, Diff: 0.0, Sum: 0.1]
         [Processed Buffers: Min: 0, Avg: 0.9, Max: 4, Diff: 4, Sum: 7]
      [Scan RS (ms): Min: 0.0, Avg: 0.1, Max: 0.1, Diff: 0.1, Sum: 0.7]
      [Object Copy (ms): Min: 0.3, Avg: 0.3, Max: 0.4, Diff: 0.1, Sum: 2.5]
      [Termination (ms): Min: 0.0, Avg: 0.1, Max: 0.2, Diff: 0.1, Sum: 0.7]
      [GC Worker Other (ms): Min: 0.0, Avg: 0.0, Max: 0.0, Diff: 0.0, Sum: 0.1]
      [GC Worker Total (ms): Min: 0.4, Avg: 0.7, Max: 0.8, Diff: 0.4, Sum: 5.6]
      [GC Worker End (ms): Min: 6722.0, Avg: 6722.0, Max: 6722.0, Diff: 0.0]
   [Code Root Fixup: 0.0 ms]
   [Clear CT: 0.1 ms]
   [Other: 0.3 ms]
      [Choose CSet: 0.0 ms]
      [Ref Proc: 0.2 ms]
      [Ref Enq: 0.0 ms]
      [Free CSet: 0.1 ms]
   [Eden: 316.0M(316.0M)->0.0B(317.0M) Survivors: 3072.0K->2048.0K Heap: 327.3M(533.0M)->10108.6K(533.0M)]
 [Times: user=0.00 sys=0.00, real=0.01 secs] 
6.760: [GC pause (young)6.761: [SoftReference, 0 refs, 0.0000130 secs]6.761: [WeakReference, 0 refs, 0.0000020 secs]6.761: [FinalReference, 0 refs, 0.0000020 secs]6.761: [PhantomReference, 0 refs, 0.0000020 secs]6.761: [JNI Weak Reference, 0.0000020 secs], 0.0015580 secs]
   [Parallel Time: 1.1 ms, GC Workers: 8]
      [GC Worker Start (ms): Min: 6759.9, Avg: 6760.3, Max: 6760.9, Diff: 1.0]
      [Ext Root Scanning (ms): Min: 0.0, Avg: 0.2, Max: 0.3, Diff: 0.3, Sum: 1.4]
      [Update RS (ms): Min: 0.0, Avg: 0.0, Max: 0.0, Diff: 0.0, Sum: 0.1]
         [Processed Buffers: Min: 0, Avg: 1.1, Max: 4, Diff: 4, Sum: 9]
      [Scan RS (ms): Min: 0.0, Avg: 0.1, Max: 0.1, Diff: 0.1, Sum: 0.4]
      [Object Copy (ms): Min: 0.0, Avg: 0.3, Max: 0.5, Diff: 0.5, Sum: 2.5]
      [Termination (ms): Min: 0.0, Avg: 0.1, Max: 0.1, Diff: 0.1, Sum: 0.6]
      [GC Worker Other (ms): Min: 0.0, Avg: 0.0, Max: 0.0, Diff: 0.0, Sum: 0.0]
      [GC Worker Total (ms): Min: 0.0, Avg: 0.6, Max: 1.0, Diff: 1.0, Sum: 5.0]
      [GC Worker End (ms): Min: 6761.0, Avg: 6761.0, Max: 6761.0, Diff: 0.0]
   [Code Root Fixup: 0.0 ms]
   [Clear CT: 0.1 ms]
   [Other: 0.3 ms]
      [Choose CSet: 0.0 ms]
      [Ref Proc: 0.2 ms]
      [Ref Enq: 0.0 ms]
      [Free CSet: 0.1 ms]
   [Eden: 317.0M(317.0M)->0.0B(318.0M) Survivors: 2048.0K->1024.0K Heap: 326.9M(533.0M)->9780.0K(533.0M)]
 [Times: user=0.01 sys=0.00, real=0.00 secs] 
6.799: [GC pause (young)6.800: [SoftReference, 0 refs, 0.0000140 secs]6.800: [WeakReference, 0 refs, 0.0000020 secs]6.800: [FinalReference, 0 refs, 0.0000020 secs]6.800: [PhantomReference, 0 refs, 0.0000120 secs]6.800: [JNI Weak Reference, 0.0000020 secs], 0.0014270 secs]
   [Parallel Time: 1.0 ms, GC Workers: 8]
      [GC Worker Start (ms): Min: 6798.7, Avg: 6799.1, Max: 6799.7, Diff: 0.9]
      [Ext Root Scanning (ms): Min: 0.0, Avg: 0.2, Max: 0.3, Diff: 0.3, Sum: 1.4]
      [Update RS (ms): Min: 0.0, Avg: 0.0, Max: 0.0, Diff: 0.0, Sum: 0.1]
         [Processed Buffers: Min: 0, Avg: 0.9, Max: 5, Diff: 5, Sum: 7]
      [Scan RS (ms): Min: 0.0, Avg: 0.1, Max: 0.1, Diff: 0.1, Sum: 0.5]
      [Object Copy (ms): Min: 0.0, Avg: 0.3, Max: 0.5, Diff: 0.5, Sum: 2.0]
      [Termination (ms): Min: 0.0, Avg: 0.1, Max: 0.1, Diff: 0.1, Sum: 0.6]
      [GC Worker Other (ms): Min: 0.0, Avg: 0.0, Max: 0.0, Diff: 0.0, Sum: 0.0]
      [GC Worker Total (ms): Min: 0.0, Avg: 0.6, Max: 1.0, Diff: 0.9, Sum: 4.7]
      [GC Worker End (ms): Min: 6799.7, Avg: 6799.7, Max: 6799.7, Diff: 0.0]
   [Code Root Fixup: 0.0 ms]
   [Clear CT: 0.1 ms]
   [Other: 0.3 ms]
      [Choose CSet: 0.0 ms]
      [Ref Proc: 0.2 ms]
      [Ref Enq: 0.0 ms]
      [Free CSet: 0.1 ms]
   [Eden: 318.0M(318.0M)->0.0B(317.0M) Survivors: 1024.0K->2048.0K Heap: 327.6M(533.0M)->10.0M(533.0M)]
 [Times: user=0.00 sys=0.00, real=0.00 secs] 
6.841: [GC pause (young)6.842: [SoftReference, 0 refs, 0.0000270 secs]6.842: [WeakReference, 0 refs, 0.0000030 secs]6.842: [FinalReference, 0 refs, 0.0000030 secs]6.842: [PhantomReference, 0 refs, 0.0000110 secs]6.842: [JNI Weak Reference, 0.0000020 secs], 0.0015990 secs]
   [Parallel Time: 1.1 ms, GC Workers: 8]
      [GC Worker Start (ms): Min: 6840.7, Avg: 6841.1, Max: 6841.6, Diff: 1.0]
      [Ext Root Scanning (ms): Min: 0.0, Avg: 0.2, Max: 0.4, Diff: 0.3, Sum: 1.4]
      [Update RS (ms): Min: 0.0, Avg: 0.0, Max: 0.0, Diff: 0.0, Sum: 0.0]
         [Processed Buffers: Min: 0, Avg: 0.8, Max: 5, Diff: 5, Sum: 6]
      [Scan RS (ms): Min: 0.0, Avg: 0.1, Max: 0.1, Diff: 0.1, Sum: 0.4]
      [Object Copy (ms): Min: 0.0, Avg: 0.3, Max: 0.5, Diff: 0.5, Sum: 2.3]
      [Termination (ms): Min: 0.0, Avg: 0.1, Max: 0.1, Diff: 0.1, Sum: 0.6]
      [GC Worker Other (ms): Min: 0.0, Avg: 0.0, Max: 0.0, Diff: 0.0, Sum: 0.1]
      [GC Worker Total (ms): Min: 0.0, Avg: 0.6, Max: 1.0, Diff: 1.0, Sum: 4.9]
      [GC Worker End (ms): Min: 6841.7, Avg: 6841.7, Max: 6841.7, Diff: 0.0]
   [Code Root Fixup: 0.0 ms]
   [Clear CT: 0.1 ms]
   [Other: 0.4 ms]
      [Choose CSet: 0.0 ms]
      [Ref Proc: 0.2 ms]
      [Ref Enq: 0.0 ms]
      [Free CSet: 0.1 ms]
   [Eden: 317.0M(317.0M)->0.0B(318.0M) Survivors: 2048.0K->1024.0K Heap: 327.0M(533.0M)->9643.0K(533.0M)]
 [Times: user=0.00 sys=0.00, real=0.01 secs] 
6.880: [GC pause (young)6.882: [SoftReference, 0 refs, 0.0000240 secs]6.882: [WeakReference, 0 refs, 0.0000120 secs]6.882: [FinalReference, 0 refs, 0.0000020 secs]6.882: [PhantomReference, 0 refs, 0.0000020 secs]6.882: [JNI Weak Reference, 0.0000030 secs], 0.0015230 secs]
   [Parallel Time: 1.0 ms, GC Workers: 8]
      [GC Worker Start (ms): Min: 6880.4, Avg: 6880.7, Max: 6881.3, Diff: 0.9]
      [Ext Root Scanning (ms): Min: 0.0, Avg: 0.2, Max: 0.3, Diff: 0.3, Sum: 1.4]
      [Update RS (ms): Min: 0.0, Avg: 0.0, Max: 0.0, Diff: 0.0, Sum: 0.1]
         [Processed Buffers: Min: 0, Avg: 0.9, Max: 5, Diff: 5, Sum: 7]
      [Scan RS (ms): Min: 0.0, Avg: 0.1, Max: 0.2, Diff: 0.2, Sum: 0.6]
      [Object Copy (ms): Min: 0.0, Avg: 0.3, Max: 0.6, Diff: 0.6, Sum: 2.7]
      [Termination (ms): Min: 0.0, Avg: 0.1, Max: 0.1, Diff: 0.1, Sum: 0.5]
      [GC Worker Other (ms): Min: 0.0, Avg: 0.0, Max: 0.0, Diff: 0.0, Sum: 0.2]
      [GC Worker Total (ms): Min: 0.1, Avg: 0.7, Max: 1.0, Diff: 0.9, Sum: 5.4]
      [GC Worker End (ms): Min: 6881.3, Avg: 6881.4, Max: 6881.4, Diff: 0.0]
   [Code Root Fixup: 0.0 ms]
   [Clear CT: 0.1 ms]
   [Other: 0.4 ms]
      [Choose CSet: 0.0 ms]
      [Ref Proc: 0.2 ms]
      [Ref Enq: 0.0 ms]
      [Free CSet: 0.1 ms]
   [Eden: 318.0M(318.0M)->0.0B(316.0M) Survivors: 1024.0K->3072.0K Heap: 327.4M(533.0M)->11.3M(533.0M)]
 [Times: user=0.01 sys=0.00, real=0.00 secs] 
6.919: [GC pause (young)6.920: [SoftReference, 0 refs, 0.0000160 secs]6.920: [WeakReference, 0 refs, 0.0000020 secs]6.920: [FinalReference, 0 refs, 0.0000020 secs]6.920: [PhantomReference, 0 refs, 0.0000020 secs]6.920: [JNI Weak Reference, 0.0000140 secs], 0.0015140 secs]
   [Parallel Time: 1.0 ms, GC Workers: 8]
      [GC Worker Start (ms): Min: 6919.3, Avg: 6919.6, Max: 6920.2, Diff: 0.9]
      [Ext Root Scanning (ms): Min: 0.0, Avg: 0.2, Max: 0.3, Diff: 0.3, Sum: 1.4]
      [Update RS (ms): Min: 0.0, Avg: 0.0, Max: 0.0, Diff: 0.0, Sum: 0.1]
         [Processed Buffers: Min: 0, Avg: 1.0, Max: 7, Diff: 7, Sum: 8]
      [Scan RS (ms): Min: 0.0, Avg: 0.1, Max: 0.1, Diff: 0.1, Sum: 0.4]
      [Object Copy (ms): Min: 0.0, Avg: 0.3, Max: 0.4, Diff: 0.4, Sum: 2.3]
      [Termination (ms): Min: 0.0, Avg: 0.1, Max: 0.1, Diff: 0.1, Sum: 0.6]
      [GC Worker Other (ms): Min: 0.0, Avg: 0.0, Max: 0.0, Diff: 0.0, Sum: 0.1]
      [GC Worker Total (ms): Min: 0.0, Avg: 0.6, Max: 0.9, Diff: 0.9, Sum: 4.8]
      [GC Worker End (ms): Min: 6920.2, Avg: 6920.2, Max: 6920.2, Diff: 0.0]
   [Code Root Fixup: 0.0 ms]
   [Clear CT: 0.2 ms]
   [Other: 0.3 ms]
      [Choose CSet: 0.0 ms]
      [Ref Proc: 0.2 ms]
      [Ref Enq: 0.0 ms]
      [Free CSet: 0.1 ms]
   [Eden: 316.0M(316.0M)->0.0B(318.0M) Survivors: 3072.0K->1024.0K Heap: 327.3M(533.0M)->9624.7K(533.0M)]
 [Times: user=0.00 sys=0.00, real=0.00 secs] 
6.958: [GC pause (young)6.959: [SoftReference, 0 refs, 0.0000140 secs]6.959: [WeakReference, 0 refs, 0.0000020 secs]6.959: [FinalReference, 0 refs, 0.0000030 secs]6.959: [PhantomReference, 0 refs, 0.0000020 secs]6.959: [JNI Weak Reference, 0.0000110 secs], 0.0013660 secs]
   [Parallel Time: 0.9 ms, GC Workers: 8]
      [GC Worker Start (ms): Min: 6957.7, Avg: 6957.8, Max: 6958.5, Diff: 0.8]
      [Ext Root Scanning (ms): Min: 0.0, Avg: 0.2, Max: 0.3, Diff: 0.3, Sum: 1.6]
      [Update RS (ms): Min: 0.0, Avg: 0.0, Max: 0.0, Diff: 0.0, Sum: 0.1]
         [Processed Buffers: Min: 0, Avg: 0.8, Max: 3, Diff: 3, Sum: 6]
      [Scan RS (ms): Min: 0.0, Avg: 0.1, Max: 0.1, Diff: 0.1, Sum: 0.5]
      [Object Copy (ms): Min: 0.0, Avg: 0.4, Max: 0.5, Diff: 0.5, Sum: 2.9]
      [Termination (ms): Min: 0.0, Avg: 0.1, Max: 0.1, Diff: 0.1, Sum: 0.6]
      [GC Worker Other (ms): Min: 0.0, Avg: 0.0, Max: 0.0, Diff: 0.0, Sum: 0.1]
      [GC Worker Total (ms): Min: 0.0, Avg: 0.7, Max: 0.9, Diff: 0.8, Sum: 5.8]
      [GC Worker End (ms): Min: 6958.5, Avg: 6958.5, Max: 6958.6, Diff: 0.0]
   [Code Root Fixup: 0.0 ms]
   [Clear CT: 0.1 ms]
   [Other: 0.3 ms]
      [Choose CSet: 0.0 ms]
      [Ref Proc: 0.2 ms]
      [Ref Enq: 0.0 ms]
      [Free CSet: 0.1 ms]
   [Eden: 318.0M(318.0M)->0.0B(318.0M) Survivors: 1024.0K->1024.0K Heap: 327.4M(533.0M)->9748.9K(533.0M)]
 [Times: user=0.01 sys=0.00, real=0.00 secs] 
6.997: [GC pause (young)6.998: [SoftReference, 0 refs, 0.0000150 secs]6.998: [WeakReference, 0 refs, 0.0000030 secs]6.998: [FinalReference, 0 refs, 0.0000020 secs]6.998: [PhantomReference, 0 refs, 0.0000020 secs]6.998: [JNI Weak Reference, 0.0000120 secs], 0.0014340 secs]
   [Parallel Time: 1.0 ms, GC Workers: 8]
      [GC Worker Start (ms): Min: 6996.7, Avg: 6997.1, Max: 6997.6, Diff: 0.9]
      [Ext Root Scanning (ms): Min: 0.0, Avg: 0.2, Max: 0.3, Diff: 0.3, Sum: 1.4]
      [Update RS (ms): Min: 0.0, Avg: 0.0, Max: 0.0, Diff: 0.0, Sum: 0.1]
         [Processed Buffers: Min: 0, Avg: 1.0, Max: 4, Diff: 4, Sum: 8]
      [Scan RS (ms): Min: 0.0, Avg: 0.1, Max: 0.1, Diff: 0.1, Sum: 0.5]
      [Object Copy (ms): Min: 0.0, Avg: 0.3, Max: 0.5, Diff: 0.5, Sum: 2.0]
      [Termination (ms): Min: 0.0, Avg: 0.1, Max: 0.1, Diff: 0.1, Sum: 0.6]
      [GC Worker Other (ms): Min: 0.0, Avg: 0.0, Max: 0.0, Diff: 0.0, Sum: 0.1]
      [GC Worker Total (ms): Min: 0.0, Avg: 0.6, Max: 0.9, Diff: 0.9, Sum: 4.6]
      [GC Worker End (ms): Min: 6997.6, Avg: 6997.6, Max: 6997.7, Diff: 0.0]
   [Code Root Fixup: 0.0 ms]
   [Clear CT: 0.1 ms]
   [Other: 0.3 ms]
      [Choose CSet: 0.0 ms]
      [Ref Proc: 0.1 ms]
      [Ref Enq: 0.0 ms]
      [Free CSet: 0.1 ms]
   [Eden: 318.0M(318.0M)->0.0B(317.0M) Survivors: 1024.0K->2048.0K Heap: 327.5M(533.0M)->10.6M(533.0M)]
 [Times: user=0.01 sys=0.00, real=0.00 secs] 
7.036: [GC pause (young)7.037: [SoftReference, 0 refs, 0.0000130 secs]7.037: [WeakReference, 0 refs, 0.0000030 secs]7.037: [FinalReference, 0 refs, 0.0000020 secs]7.037: [PhantomReference, 0 refs, 0.0000030 secs]7.037: [JNI Weak Reference, 0.0000020 secs], 0.0014810 secs]
   [Parallel Time: 1.0 ms, GC Workers: 8]
      [GC Worker Start (ms): Min: 7035.7, Avg: 7035.9, Max: 7036.6, Diff: 0.9]
      [Ext Root Scanning (ms): Min: 0.0, Avg: 0.2, Max: 0.3, Diff: 0.3, Sum: 1.6]
      [Update RS (ms): Min: 0.0, Avg: 0.0, Max: 0.0, Diff: 0.0, Sum: 0.1]
         [Processed Buffers: Min: 0, Avg: 0.9, Max: 4, Diff: 4, Sum: 7]
      [Scan RS (ms): Min: 0.0, Avg: 0.1, Max: 0.1, Diff: 0.1, Sum: 0.6]
      [Object Copy (ms): Min: 0.0, Avg: 0.3, Max: 0.5, Diff: 0.5, Sum: 2.6]
      [Termination (ms): Min: 0.0, Avg: 0.1, Max: 0.1, Diff: 0.1, Sum: 0.6]
      [GC Worker Other (ms): Min: 0.0, Avg: 0.0, Max: 0.0, Diff: 0.0, Sum: 0.1]
      [GC Worker Total (ms): Min: 0.0, Avg: 0.7, Max: 0.9, Diff: 0.9, Sum: 5.6]
      [GC Worker End (ms): Min: 7036.6, Avg: 7036.6, Max: 7036.6, Diff: 0.0]
   [Code Root Fixup: 0.0 ms]
   [Clear CT: 0.2 ms]
   [Other: 0.3 ms]
      [Choose CSet: 0.0 ms]
      [Ref Proc: 0.1 ms]
      [Ref Enq: 0.0 ms]
      [Free CSet: 0.1 ms]
   [Eden: 317.0M(317.0M)->0.0B(316.0M) Survivors: 2048.0K->3072.0K Heap: 327.6M(533.0M)->11.2M(533.0M)]
 [Times: user=0.01 sys=0.00, real=0.00 secs] 
7.074: [GC pause (young)7.075: [SoftReference, 0 refs, 0.0000150 secs]7.075: [WeakReference, 0 refs, 0.0000020 secs]7.075: [FinalReference, 0 refs, 0.0000110 secs]7.075: [PhantomReference, 0 refs, 0.0000020 secs]7.075: [JNI Weak Reference, 0.0000030 secs], 0.0014890 secs]
   [Parallel Time: 1.0 ms, GC Workers: 8]
      [GC Worker Start (ms): Min: 7073.9, Avg: 7074.1, Max: 7074.8, Diff: 0.9]
      [Ext Root Scanning (ms): Min: 0.0, Avg: 0.2, Max: 0.3, Diff: 0.3, Sum: 1.5]
      [Update RS (ms): Min: 0.0, Avg: 0.0, Max: 0.0, Diff: 0.0, Sum: 0.1]
         [Processed Buffers: Min: 0, Avg: 1.0, Max: 5, Diff: 5, Sum: 8]
      [Scan RS (ms): Min: 0.0, Avg: 0.1, Max: 0.1, Diff: 0.1, Sum: 0.7]
      [Object Copy (ms): Min: 0.0, Avg: 0.3, Max: 0.5, Diff: 0.5, Sum: 2.7]
      [Termination (ms): Min: 0.0, Avg: 0.1, Max: 0.1, Diff: 0.1, Sum: 0.5]
      [GC Worker Other (ms): Min: 0.0, Avg: 0.0, Max: 0.0, Diff: 0.0, Sum: 0.1]
      [GC Worker Total (ms): Min: 0.0, Avg: 0.7, Max: 0.9, Diff: 0.9, Sum: 5.6]
      [GC Worker End (ms): Min: 7074.8, Avg: 7074.8, Max: 7074.8, Diff: 0.0]
   [Code Root Fixup: 0.0 ms]
   [Clear CT: 0.1 ms]
   [Other: 0.4 ms]
      [Choose CSet: 0.0 ms]
      [Ref Proc: 0.2 ms]
      [Ref Enq: 0.0 ms]
      [Free CSet: 0.1 ms]
   [Eden: 316.0M(316.0M)->0.0B(317.0M) Survivors: 3072.0K->2048.0K Heap: 327.2M(533.0M)->10.8M(533.0M)]
 [Times: user=0.01 sys=0.00, real=0.00 secs] 
7.113: [GC pause (young)7.114: [SoftReference, 0 refs, 0.0000140 secs]7.114: [WeakReference, 0 refs, 0.0000030 secs]7.114: [FinalReference, 0 refs, 0.0000020 secs]7.114: [PhantomReference, 0 refs, 0.0000020 secs]7.114: [JNI Weak Reference, 0.0000020 secs], 0.0015090 secs]
   [Parallel Time: 1.1 ms, GC Workers: 8]
      [GC Worker Start (ms): Min: 7113.1, Avg: 7113.5, Max: 7114.0, Diff: 1.0]
      [Ext Root Scanning (ms): Min: 0.0, Avg: 0.2, Max: 0.3, Diff: 0.3, Sum: 1.4]
      [Update RS (ms): Min: 0.0, Avg: 0.0, Max: 0.0, Diff: 0.0, Sum: 0.1]
         [Processed Buffers: Min: 0, Avg: 0.9, Max: 6, Diff: 6, Sum: 7]
      [Scan RS (ms): Min: 0.0, Avg: 0.1, Max: 0.2, Diff: 0.2, Sum: 0.5]
      [Object Copy (ms): Min: 0.0, Avg: 0.3, Max: 0.6, Diff: 0.6, Sum: 2.3]
      [Termination (ms): Min: 0.0, Avg: 0.1, Max: 0.1, Diff: 0.1, Sum: 0.6]
      [GC Worker Other (ms): Min: 0.0, Avg: 0.0, Max: 0.0, Diff: 0.0, Sum: 0.1]
      [GC Worker Total (ms): Min: 0.0, Avg: 0.6, Max: 1.0, Diff: 1.0, Sum: 5.0]
      [GC Worker End (ms): Min: 7114.1, Avg: 7114.1, Max: 7114.1, Diff: 0.0]
   [Code Root Fixup: 0.0 ms]
   [Clear CT: 0.1 ms]
   [Other: 0.3 ms]
      [Choose CSet: 0.0 ms]
      [Ref Proc: 0.2 ms]
      [Ref Enq: 0.0 ms]
      [Free CSet: 0.1 ms]
   [Eden: 317.0M(317.0M)->0.0B(316.0M) Survivors: 2048.0K->3072.0K Heap: 327.8M(533.0M)->11.4M(533.0M)]
 [Times: user=0.00 sys=0.00, real=0.00 secs] 
7.152: [GC pause (young)7.153: [SoftReference, 0 refs, 0.0000250 secs]7.153: [WeakReference, 0 refs, 0.0000120 secs]7.153: [FinalReference, 0 refs, 0.0000030 secs]7.153: [PhantomReference, 0 refs, 0.0000020 secs]7.153: [JNI Weak Reference, 0.0000030 secs], 0.0015110 secs]
   [Parallel Time: 1.1 ms, GC Workers: 8]
      [GC Worker Start (ms): Min: 7152.2, Avg: 7152.6, Max: 7153.2, Diff: 1.0]
      [Ext Root Scanning (ms): Min: 0.0, Avg: 0.2, Max: 0.3, Diff: 0.3, Sum: 1.4]
      [Update RS (ms): Min: 0.0, Avg: 0.0, Max: 0.0, Diff: 0.0, Sum: 0.1]
         [Processed Buffers: Min: 0, Avg: 0.9, Max: 4, Diff: 4, Sum: 7]
      [Scan RS (ms): Min: 0.0, Avg: 0.1, Max: 0.1, Diff: 0.1, Sum: 0.4]
      [Object Copy (ms): Min: 0.0, Avg: 0.3, Max: 0.6, Diff: 0.6, Sum: 2.5]
      [Termination (ms): Min: 0.0, Avg: 0.1, Max: 0.1, Diff: 0.1, Sum: 0.6]
      [GC Worker Other (ms): Min: 0.0, Avg: 0.0, Max: 0.0, Diff: 0.0, Sum: 0.0]
      [GC Worker Total (ms): Min: 0.0, Avg: 0.6, Max: 1.0, Diff: 1.0, Sum: 5.0]
      [GC Worker End (ms): Min: 7153.2, Avg: 7153.3, Max: 7153.3, Diff: 0.0]
   [Code Root Fixup: 0.0 ms]
   [Clear CT: 0.1 ms]
   [Other: 0.3 ms]
      [Choose CSet: 0.0 ms]
      [Ref Proc: 0.2 ms]
      [Ref Enq: 0.0 ms]
      [Free CSet: 0.1 ms]
   [Eden: 316.0M(316.0M)->0.0B(318.0M) Survivors: 3072.0K->1024.0K Heap: 327.4M(533.0M)->9997.8K(533.0M)]
 [Times: user=0.01 sys=0.00, real=0.00 secs] 
7.191: [GC pause (young)7.192: [SoftReference, 0 refs, 0.0000350 secs]7.192: [WeakReference, 0 refs, 0.0000030 secs]7.192: [FinalReference, 0 refs, 0.0000020 secs]7.192: [PhantomReference, 0 refs, 0.0000020 secs]7.192: [JNI Weak Reference, 0.0000030 secs], 0.0014020 secs]
   [Parallel Time: 0.9 ms, GC Workers: 8]
      [GC Worker Start (ms): Min: 7190.9, Avg: 7191.2, Max: 7191.7, Diff: 0.8]
      [Ext Root Scanning (ms): Min: 0.0, Avg: 0.2, Max: 0.3, Diff: 0.3, Sum: 1.4]
      [Update RS (ms): Min: 0.0, Avg: 0.0, Max: 0.0, Diff: 0.0, Sum: 0.0]
         [Processed Buffers: Min: 0, Avg: 0.9, Max: 5, Diff: 5, Sum: 7]
      [Scan RS (ms): Min: 0.0, Avg: 0.1, Max: 0.1, Diff: 0.1, Sum: 0.4]
      [Object Copy (ms): Min: 0.0, Avg: 0.2, Max: 0.3, Diff: 0.3, Sum: 1.6]
      [Termination (ms): Min: 0.0, Avg: 0.1, Max: 0.1, Diff: 0.1, Sum: 0.7]
      [GC Worker Other (ms): Min: 0.0, Avg: 0.0, Max: 0.0, Diff: 0.0, Sum: 0.1]
      [GC Worker Total (ms): Min: 0.0, Avg: 0.5, Max: 0.9, Diff: 0.8, Sum: 4.2]
      [GC Worker End (ms): Min: 7191.8, Avg: 7191.8, Max: 7191.8, Diff: 0.0]
   [Code Root Fixup: 0.0 ms]
   [Clear CT: 0.1 ms]
   [Other: 0.3 ms]
      [Choose CSet: 0.0 ms]
      [Ref Proc: 0.2 ms]
      [Ref Enq: 0.0 ms]
      [Free CSet: 0.1 ms]
   [Eden: 318.0M(318.0M)->0.0B(318.0M) Survivors: 1024.0K->1024.0K Heap: 327.8M(533.0M)->9565.2K(533.0M)]
 [Times: user=0.00 sys=0.00, real=0.01 secs] 
7.229: [GC pause (young)7.230: [SoftReference, 0 refs, 0.0000150 secs]7.230: [WeakReference, 0 refs, 0.0000030 secs]7.230: [FinalReference, 0 refs, 0.0000030 secs]7.230: [PhantomReference, 0 refs, 0.0000020 secs]7.230: [JNI Weak Reference, 0.0000020 secs], 0.0014280 secs]
   [Parallel Time: 1.0 ms, GC Workers: 8]
      [GC Worker Start (ms): Min: 7229.4, Avg: 7229.7, Max: 7230.3, Diff: 0.9]
      [Ext Root Scanning (ms): Min: 0.0, Avg: 0.2, Max: 0.3, Diff: 0.3, Sum: 1.3]
      [Update RS (ms): Min: 0.0, Avg: 0.0, Max: 0.0, Diff: 0.0, Sum: 0.1]
         [Processed Buffers: Min: 0, Avg: 0.9, Max: 2, Diff: 2, Sum: 7]
      [Scan RS (ms): Min: 0.0, Avg: 0.1, Max: 0.1, Diff: 0.1, Sum: 0.4]
      [Object Copy (ms): Min: 0.0, Avg: 0.3, Max: 0.5, Diff: 0.5, Sum: 2.3]
      [Termination (ms): Min: 0.0, Avg: 0.1, Max: 0.1, Diff: 0.1, Sum: 0.6]
      [GC Worker Other (ms): Min: 0.0, Avg: 0.0, Max: 0.0, Diff: 0.0, Sum: 0.1]
      [GC Worker Total (ms): Min: 0.0, Avg: 0.6, Max: 1.0, Diff: 1.0, Sum: 4.8]
      [GC Worker End (ms): Min: 7230.3, Avg: 7230.3, Max: 7230.3, Diff: 0.0]
   [Code Root Fixup: 0.0 ms]
   [Clear CT: 0.1 ms]
   [Other: 0.3 ms]
      [Choose CSet: 0.0 ms]
      [Ref Proc: 0.1 ms]
      [Ref Enq: 0.0 ms]
      [Free CSet: 0.1 ms]
   [Eden: 318.0M(318.0M)->0.0B(318.0M) Survivors: 1024.0K->1024.0K Heap: 327.3M(533.0M)->9911.1K(533.0M)]
 [Times: user=0.00 sys=0.00, real=0.00 secs] 
7.268: [GC pause (young)7.269: [SoftReference, 0 refs, 0.0000160 secs]7.269: [WeakReference, 0 refs, 0.0000120 secs]7.269: [FinalReference, 0 refs, 0.0000020 secs]7.269: [PhantomReference, 0 refs, 0.0000020 secs]7.269: [JNI Weak Reference, 0.0000030 secs], 0.0013610 secs]
   [Parallel Time: 0.9 ms, GC Workers: 8]
      [GC Worker Start (ms): Min: 7268.2, Avg: 7268.4, Max: 7268.9, Diff: 0.7]
      [Ext Root Scanning (ms): Min: 0.0, Avg: 0.2, Max: 0.3, Diff: 0.3, Sum: 1.6]
      [Update RS (ms): Min: 0.0, Avg: 0.0, Max: 0.0, Diff: 0.0, Sum: 0.1]
         [Processed Buffers: Min: 0, Avg: 0.9, Max: 4, Diff: 4, Sum: 7]
      [Scan RS (ms): Min: 0.0, Avg: 0.1, Max: 0.2, Diff: 0.2, Sum: 0.7]
      [Object Copy (ms): Min: 0.1, Avg: 0.3, Max: 0.5, Diff: 0.4, Sum: 2.7]
      [Termination (ms): Min: 0.0, Avg: 0.0, Max: 0.0, Diff: 0.0, Sum: 0.1]
      [GC Worker Other (ms): Min: 0.0, Avg: 0.0, Max: 0.0, Diff: 0.0, Sum: 0.1]
      [GC Worker Total (ms): Min: 0.2, Avg: 0.7, Max: 0.8, Diff: 0.7, Sum: 5.3]
      [GC Worker End (ms): Min: 7269.1, Avg: 7269.1, Max: 7269.1, Diff: 0.0]
   [Code Root Fixup: 0.0 ms]
   [Clear CT: 0.1 ms]
   [Other: 0.3 ms]
      [Choose CSet: 0.0 ms]
      [Ref Proc: 0.2 ms]
      [Ref Enq: 0.0 ms]
      [Free CSet: 0.1 ms]
   [Eden: 318.0M(318.0M)->0.0B(316.0M) Survivors: 1024.0K->3072.0K Heap: 327.7M(533.0M)->11.5M(533.0M)]
 [Times: user=0.00 sys=0.00, real=0.00 secs] 
7.307: [GC pause (young)7.308: [SoftReference, 0 refs, 0.0000160 secs]7.308: [WeakReference, 0 refs, 0.0000030 secs]7.308: [FinalReference, 0 refs, 0.0000030 secs]7.308: [PhantomReference, 0 refs, 0.0000030 secs]7.308: [JNI Weak Reference, 0.0000020 secs], 0.0013050 secs]
   [Parallel Time: 0.9 ms, GC Workers: 8]
      [GC Worker Start (ms): Min: 7307.1, Avg: 7307.4, Max: 7307.9, Diff: 0.8]
      [Ext Root Scanning (ms): Min: 0.0, Avg: 0.2, Max: 0.3, Diff: 0.3, Sum: 1.4]
      [Update RS (ms): Min: 0.0, Avg: 0.0, Max: 0.0, Diff: 0.0, Sum: 0.1]
         [Processed Buffers: Min: 0, Avg: 1.2, Max: 8, Diff: 8, Sum: 10]
      [Scan RS (ms): Min: 0.0, Avg: 0.1, Max: 0.1, Diff: 0.1, Sum: 0.5]
      [Object Copy (ms): Min: 0.0, Avg: 0.3, Max: 0.5, Diff: 0.4, Sum: 2.4]
      [Termination (ms): Min: 0.0, Avg: 0.0, Max: 0.0, Diff: 0.0, Sum: 0.0]
      [GC Worker Other (ms): Min: 0.0, Avg: 0.0, Max: 0.0, Diff: 0.0, Sum: 0.1]
      [GC Worker Total (ms): Min: 0.1, Avg: 0.6, Max: 0.9, Diff: 0.8, Sum: 4.5]
      [GC Worker End (ms): Min: 7307.9, Avg: 7308.0, Max: 7308.0, Diff: 0.0]
   [Code Root Fixup: 0.0 ms]
   [Clear CT: 0.1 ms]
   [Other: 0.3 ms]
      [Choose CSet: 0.0 ms]
      [Ref Proc: 0.1 ms]
      [Ref Enq: 0.0 ms]
      [Free CSet: 0.1 ms]
   [Eden: 316.0M(316.0M)->0.0B(317.0M) Survivors: 3072.0K->2048.0K Heap: 327.5M(533.0M)->10.8M(533.0M)]
 [Times: user=0.00 sys=0.00, real=0.00 secs] 
7.346: [GC pause (young)7.347: [SoftReference, 0 refs, 0.0000140 secs]7.347: [WeakReference, 0 refs, 0.0000030 secs]7.347: [FinalReference, 0 refs, 0.0000030 secs]7.347: [PhantomReference, 0 refs, 0.0000020 secs]7.347: [JNI Weak Reference, 0.0000020 secs], 0.0015570 secs]
   [Parallel Time: 1.1 ms, GC Workers: 8]
      [GC Worker Start (ms): Min: 7345.7, Avg: 7346.1, Max: 7346.7, Diff: 1.0]
      [Ext Root Scanning (ms): Min: 0.0, Avg: 0.2, Max: 0.3, Diff: 0.3, Sum: 1.4]
      [Update RS (ms): Min: 0.0, Avg: 0.0, Max: 0.0, Diff: 0.0, Sum: 0.0]
         [Processed Buffers: Min: 0, Avg: 0.9, Max: 5, Diff: 5, Sum: 7]
      [Scan RS (ms): Min: 0.0, Avg: 0.1, Max: 0.1, Diff: 0.1, Sum: 0.4]
      [Object Copy (ms): Min: 0.0, Avg: 0.3, Max: 0.5, Diff: 0.5, Sum: 2.3]
      [Termination (ms): Min: 0.0, Avg: 0.1, Max: 0.1, Diff: 0.1, Sum: 0.7]
      [GC Worker Other (ms): Min: 0.0, Avg: 0.0, Max: 0.0, Diff: 0.0, Sum: 0.1]
      [GC Worker Total (ms): Min: 0.0, Avg: 0.6, Max: 1.0, Diff: 1.0, Sum: 4.9]
      [GC Worker End (ms): Min: 7346.7, Avg: 7346.7, Max: 7346.7, Diff: 0.0]
   [Code Root Fixup: 0.0 ms]
   [Clear CT: 0.2 ms]
   [Other: 0.3 ms]
      [Choose CSet: 0.0 ms]
      [Ref Proc: 0.2 ms]
      [Ref Enq: 0.0 ms]
      [Free CSet: 0.1 ms]
   [Eden: 317.0M(317.0M)->0.0B(318.0M) Survivors: 2048.0K->1024.0K Heap: 327.8M(533.0M)->9952.8K(533.0M)]
 [Times: user=0.00 sys=0.00, real=0.00 secs] 
7.385: [GC pause (young)7.386: [SoftReference, 0 refs, 0.0000150 secs]7.386: [WeakReference, 0 refs, 0.0000030 secs]7.386: [FinalReference, 0 refs, 0.0000020 secs]7.386: [PhantomReference, 0 refs, 0.0000030 secs]7.386: [JNI Weak Reference, 0.0000110 secs], 0.0015120 secs]
   [Parallel Time: 1.0 ms, GC Workers: 8]
      [GC Worker Start (ms): Min: 7384.9, Avg: 7385.0, Max: 7385.3, Diff: 0.4]
      [Ext Root Scanning (ms): Min: 0.0, Avg: 0.2, Max: 0.3, Diff: 0.3, Sum: 1.7]
      [Update RS (ms): Min: 0.0, Avg: 0.0, Max: 0.0, Diff: 0.0, Sum: 0.1]
         [Processed Buffers: Min: 0, Avg: 0.9, Max: 3, Diff: 3, Sum: 7]
      [Scan RS (ms): Min: 0.0, Avg: 0.1, Max: 0.1, Diff: 0.1, Sum: 0.6]
      [Object Copy (ms): Min: 0.4, Avg: 0.5, Max: 0.5, Diff: 0.1, Sum: 3.6]
      [Termination (ms): Min: 0.0, Avg: 0.1, Max: 0.1, Diff: 0.1, Sum: 0.5]
      [GC Worker Other (ms): Min: 0.0, Avg: 0.0, Max: 0.0, Diff: 0.0, Sum: 0.2]
      [GC Worker Total (ms): Min: 0.5, Avg: 0.8, Max: 0.9, Diff: 0.4, Sum: 6.7]
      [GC Worker End (ms): Min: 7385.8, Avg: 7385.8, Max: 7385.8, Diff: 0.0]
   [Code Root Fixup: 0.0 ms]
   [Clear CT: 0.2 ms]
   [Other: 0.3 ms]
      [Choose CSet: 0.0 ms]
      [Ref Proc: 0.2 ms]
      [Ref Enq: 0.0 ms]
      [Free CSet: 0.1 ms]
   [Eden: 318.0M(318.0M)->0.0B(317.0M) Survivors: 1024.0K->2048.0K Heap: 327.7M(533.0M)->10.2M(533.0M)]
 [Times: user=0.00 sys=0.00, real=0.00 secs] 
7.424: [GC pause (young)7.425: [SoftReference, 0 refs, 0.0000410 secs]7.425: [WeakReference, 0 refs, 0.0000030 secs]7.425: [FinalReference, 0 refs, 0.0000030 secs]7.425: [PhantomReference, 0 refs, 0.0000020 secs]7.425: [JNI Weak Reference, 0.0000020 secs], 0.0015300 secs]
   [Parallel Time: 1.0 ms, GC Workers: 8]
      [GC Worker Start (ms): Min: 7423.9, Avg: 7424.2, Max: 7424.8, Diff: 0.9]
      [Ext Root Scanning (ms): Min: 0.0, Avg: 0.2, Max: 0.3, Diff: 0.3, Sum: 1.5]
      [Update RS (ms): Min: 0.0, Avg: 0.0, Max: 0.0, Diff: 0.0, Sum: 0.1]
         [Processed Buffers: Min: 0, Avg: 1.0, Max: 5, Diff: 5, Sum: 8]
      [Scan RS (ms): Min: 0.0, Avg: 0.1, Max: 0.1, Diff: 0.1, Sum: 0.5]
      [Object Copy (ms): Min: 0.0, Avg: 0.3, Max: 0.5, Diff: 0.5, Sum: 2.2]
      [Termination (ms): Min: 0.0, Avg: 0.1, Max: 0.1, Diff: 0.1, Sum: 0.7]
      [GC Worker Other (ms): Min: 0.0, Avg: 0.0, Max: 0.0, Diff: 0.0, Sum: 0.0]
      [GC Worker Total (ms): Min: 0.0, Avg: 0.6, Max: 0.9, Diff: 0.9, Sum: 5.0]
      [GC Worker End (ms): Min: 7424.9, Avg: 7424.9, Max: 7424.9, Diff: 0.0]
   [Code Root Fixup: 0.0 ms]
   [Clear CT: 0.1 ms]
   [Other: 0.4 ms]
      [Choose CSet: 0.0 ms]
      [Ref Proc: 0.2 ms]
      [Ref Enq: 0.0 ms]
      [Free CSet: 0.1 ms]
   [Eden: 317.0M(317.0M)->0.0B(316.0M) Survivors: 2048.0K->3072.0K Heap: 327.2M(533.0M)->11.3M(533.0M)]
 [Times: user=0.01 sys=0.00, real=0.00 secs] 
7.463: [GC pause (young)7.464: [SoftReference, 0 refs, 0.0000140 secs]7.464: [WeakReference, 0 refs, 0.0000020 secs]7.464: [FinalReference, 0 refs, 0.0000020 secs]7.464: [PhantomReference, 0 refs, 0.0000020 secs]7.464: [JNI Weak Reference, 0.0000120 secs], 0.0014990 secs]
   [Parallel Time: 1.0 ms, GC Workers: 8]
      [GC Worker Start (ms): Min: 7462.9, Avg: 7463.1, Max: 7463.5, Diff: 0.6]
      [Ext Root Scanning (ms): Min: 0.0, Avg: 0.2, Max: 0.3, Diff: 0.3, Sum: 1.4]
      [Update RS (ms): Min: 0.0, Avg: 0.0, Max: 0.0, Diff: 0.0, Sum: 0.1]
         [Processed Buffers: Min: 0, Avg: 0.9, Max: 4, Diff: 4, Sum: 7]
      [Scan RS (ms): Min: 0.0, Avg: 0.1, Max: 0.2, Diff: 0.2, Sum: 0.6]
      [Object Copy (ms): Min: 0.2, Avg: 0.3, Max: 0.5, Diff: 0.3, Sum: 2.7]
      [Termination (ms): Min: 0.0, Avg: 0.1, Max: 0.1, Diff: 0.1, Sum: 0.5]
      [GC Worker Other (ms): Min: 0.0, Avg: 0.0, Max: 0.0, Diff: 0.0, Sum: 0.1]
      [GC Worker Total (ms): Min: 0.3, Avg: 0.7, Max: 0.9, Diff: 0.6, Sum: 5.3]
      [GC Worker End (ms): Min: 7463.8, Avg: 7463.8, Max: 7463.8, Diff: 0.0]
   [Code Root Fixup: 0.0 ms]
   [Clear CT: 0.2 ms]
   [Other: 0.4 ms]
      [Choose CSet: 0.0 ms]
      [Ref Proc: 0.2 ms]
      [Ref Enq: 0.0 ms]
      [Free CSet: 0.1 ms]
   [Eden: 316.0M(316.0M)->0.0B(316.0M) Survivors: 3072.0K->3072.0K Heap: 327.3M(533.0M)->11.7M(533.0M)]
 [Times: user=0.01 sys=0.00, real=0.00 secs] 
7.502: [GC pause (young)7.503: [SoftReference, 0 refs, 0.0000150 secs]7.503: [WeakReference, 0 refs, 0.0000030 secs]7.503: [FinalReference, 0 refs, 0.0000030 secs]7.503: [PhantomReference, 0 refs, 0.0000200 secs]7.503: [JNI Weak Reference, 0.0000020 secs], 0.0015400 secs]
   [Parallel Time: 1.0 ms, GC Workers: 8]
      [GC Worker Start (ms): Min: 7502.1, Avg: 7502.3, Max: 7502.9, Diff: 0.7]
      [Ext Root Scanning (ms): Min: 0.0, Avg: 0.2, Max: 0.3, Diff: 0.3, Sum: 1.6]
      [Update RS (ms): Min: 0.0, Avg: 0.0, Max: 0.1, Diff: 0.1, Sum: 0.1]
         [Processed Buffers: Min: 0, Avg: 1.2, Max: 6, Diff: 6, Sum: 10]
      [Scan RS (ms): Min: 0.0, Avg: 0.1, Max: 0.2, Diff: 0.2, Sum: 0.7]
      [Object Copy (ms): Min: 0.2, Avg: 0.4, Max: 0.6, Diff: 0.4, Sum: 3.4]
      [Termination (ms): Min: 0.0, Avg: 0.0, Max: 0.0, Diff: 0.0, Sum: 0.0]
      [GC Worker Other (ms): Min: 0.0, Avg: 0.0, Max: 0.0, Diff: 0.0, Sum: 0.2]
      [GC Worker Total (ms): Min: 0.2, Avg: 0.7, Max: 1.0, Diff: 0.8, Sum: 6.0]
      [GC Worker End (ms): Min: 7503.0, Avg: 7503.1, Max: 7503.1, Diff: 0.0]
   [Code Root Fixup: 0.0 ms]
   [Clear CT: 0.2 ms]
   [Other: 0.3 ms]
      [Choose CSet: 0.0 ms]
      [Ref Proc: 0.2 ms]
      [Ref Enq: 0.0 ms]
      [Free CSet: 0.1 ms]
   [Eden: 316.0M(316.0M)->0.0B(315.0M) Survivors: 3072.0K->4096.0K Heap: 327.7M(533.0M)->12.2M(533.0M)]
 [Times: user=0.00 sys=0.00, real=0.01 secs] 
7.541: [GC pause (young)7.542: [SoftReference, 0 refs, 0.0000280 secs]7.542: [WeakReference, 0 refs, 0.0000130 secs]7.542: [FinalReference, 0 refs, 0.0000030 secs]7.542: [PhantomReference, 0 refs, 0.0000110 secs]7.542: [JNI Weak Reference, 0.0000020 secs], 0.0015750 secs]
   [Parallel Time: 1.1 ms, GC Workers: 8]
      [GC Worker Start (ms): Min: 7540.8, Avg: 7541.2, Max: 7541.8, Diff: 1.0]
      [Ext Root Scanning (ms): Min: 0.0, Avg: 0.2, Max: 0.3, Diff: 0.3, Sum: 1.4]
      [Update RS (ms): Min: 0.0, Avg: 0.0, Max: 0.0, Diff: 0.0, Sum: 0.1]
         [Processed Buffers: Min: 0, Avg: 1.0, Max: 6, Diff: 6, Sum: 8]
      [Scan RS (ms): Min: 0.0, Avg: 0.1, Max: 0.1, Diff: 0.1, Sum: 0.5]
      [Object Copy (ms): Min: 0.0, Avg: 0.3, Max: 0.6, Diff: 0.6, Sum: 2.5]
      [Termination (ms): Min: 0.0, Avg: 0.1, Max: 0.1, Diff: 0.1, Sum: 0.6]
      [GC Worker Other (ms): Min: 0.0, Avg: 0.0, Max: 0.0, Diff: 0.0, Sum: 0.1]
      [GC Worker Total (ms): Min: 0.0, Avg: 0.6, Max: 1.0, Diff: 1.0, Sum: 5.0]
      [GC Worker End (ms): Min: 7541.8, Avg: 7541.8, Max: 7541.8, Diff: 0.0]
   [Code Root Fixup: 0.0 ms]
   [Clear CT: 0.1 ms]
   [Other: 0.4 ms]
      [Choose CSet: 0.0 ms]
      [Ref Proc: 0.3 ms]
      [Ref Enq: 0.0 ms]
      [Free CSet: 0.1 ms]
   [Eden: 315.0M(315.0M)->0.0B(317.0M) Survivors: 4096.0K->2048.0K Heap: 327.2M(533.0M)->10.7M(533.0M)]
 [Times: user=0.01 sys=0.00, real=0.01 secs] 
7.580: [GC pause (young)7.581: [SoftReference, 0 refs, 0.0000140 secs]7.581: [WeakReference, 0 refs, 0.0000030 secs]7.581: [FinalReference, 0 refs, 0.0000020 secs]7.581: [PhantomReference, 0 refs, 0.0000030 secs]7.581: [JNI Weak Reference, 0.0000020 secs], 0.0015780 secs]
   [Parallel Time: 1.1 ms, GC Workers: 8]
      [GC Worker Start (ms): Min: 7579.9, Avg: 7580.3, Max: 7580.9, Diff: 1.0]
      [Ext Root Scanning (ms): Min: 0.0, Avg: 0.2, Max: 0.3, Diff: 0.3, Sum: 1.3]
      [Update RS (ms): Min: 0.0, Avg: 0.0, Max: 0.0, Diff: 0.0, Sum: 0.0]
         [Processed Buffers: Min: 0, Avg: 0.9, Max: 6, Diff: 6, Sum: 7]
      [Scan RS (ms): Min: 0.0, Avg: 0.1, Max: 0.1, Diff: 0.1, Sum: 0.4]
      [Object Copy (ms): Min: 0.0, Avg: 0.3, Max: 0.6, Diff: 0.6, Sum: 2.6]
      [Termination (ms): Min: 0.0, Avg: 0.1, Max: 0.1, Diff: 0.1, Sum: 0.6]
      [GC Worker Other (ms): Min: 0.0, Avg: 0.0, Max: 0.0, Diff: 0.0, Sum: 0.1]
      [GC Worker Total (ms): Min: 0.0, Avg: 0.6, Max: 1.0, Diff: 1.0, Sum: 5.1]
      [GC Worker End (ms): Min: 7580.9, Avg: 7580.9, Max: 7580.9, Diff: 0.0]
   [Code Root Fixup: 0.0 ms]
   [Clear CT: 0.1 ms]
   [Other: 0.3 ms]
      [Choose CSet: 0.0 ms]
      [Ref Proc: 0.2 ms]
      [Ref Enq: 0.0 ms]
      [Free CSet: 0.1 ms]
   [Eden: 317.0M(317.0M)->0.0B(318.0M) Survivors: 2048.0K->1024.0K Heap: 327.7M(533.0M)->10.0M(533.0M)]
 [Times: user=0.00 sys=0.00, real=0.00 secs] 
7.619: [GC pause (young)7.620: [SoftReference, 0 refs, 0.0000240 secs]7.620: [WeakReference, 0 refs, 0.0000110 secs]7.620: [FinalReference, 0 refs, 0.0000020 secs]7.620: [PhantomReference, 0 refs, 0.0000020 secs]7.620: [JNI Weak Reference, 0.0000020 secs], 0.0015140 secs]
   [Parallel Time: 1.0 ms, GC Workers: 8]
      [GC Worker Start (ms): Min: 7619.1, Avg: 7619.5, Max: 7620.0, Diff: 0.9]
      [Ext Root Scanning (ms): Min: 0.0, Avg: 0.2, Max: 0.3, Diff: 0.3, Sum: 1.3]
      [Update RS (ms): Min: 0.0, Avg: 0.0, Max: 0.0, Diff: 0.0, Sum: 0.1]
         [Processed Buffers: Min: 0, Avg: 0.9, Max: 3, Diff: 3, Sum: 7]
      [Scan RS (ms): Min: 0.0, Avg: 0.1, Max: 0.1, Diff: 0.1, Sum: 0.4]
      [Object Copy (ms): Min: 0.0, Avg: 0.3, Max: 0.5, Diff: 0.5, Sum: 2.3]
      [Termination (ms): Min: 0.0, Avg: 0.1, Max: 0.1, Diff: 0.1, Sum: 0.6]
      [GC Worker Other (ms): Min: 0.0, Avg: 0.0, Max: 0.0, Diff: 0.0, Sum: 0.0]
      [GC Worker Total (ms): Min: 0.0, Avg: 0.6, Max: 1.0, Diff: 0.9, Sum: 4.7]
      [GC Worker End (ms): Min: 7620.0, Avg: 7620.1, Max: 7620.1, Diff: 0.0]
   [Code Root Fixup: 0.0 ms]
   [Clear CT: 0.1 ms]
   [Other: 0.3 ms]
      [Choose CSet: 0.0 ms]
      [Ref Proc: 0.2 ms]
      [Ref Enq: 0.0 ms]
      [Free CSet: 0.1 ms]
   [Eden: 318.0M(318.0M)->0.0B(318.0M) Survivors: 1024.0K->1024.0K Heap: 328.0M(533.0M)->10115.6K(533.0M)]
 [Times: user=0.00 sys=0.00, real=0.00 secs] 
7.659: [GC pause (young)7.660: [SoftReference, 0 refs, 0.0000140 secs]7.660: [WeakReference, 0 refs, 0.0000020 secs]7.660: [FinalReference, 0 refs, 0.0000110 secs]7.660: [PhantomReference, 0 refs, 0.0000020 secs]7.660: [JNI Weak Reference, 0.0000030 secs], 0.0016390 secs]
   [Parallel Time: 1.1 ms, GC Workers: 8]
      [GC Worker Start (ms): Min: 7658.7, Avg: 7658.8, Max: 7659.1, Diff: 0.4]
      [Ext Root Scanning (ms): Min: 0.0, Avg: 0.2, Max: 0.3, Diff: 0.3, Sum: 1.5]
      [Update RS (ms): Min: 0.0, Avg: 0.0, Max: 0.0, Diff: 0.0, Sum: 0.1]
         [Processed Buffers: Min: 0, Avg: 0.9, Max: 3, Diff: 3, Sum: 7]
      [Scan RS (ms): Min: 0.0, Avg: 0.1, Max: 0.1, Diff: 0.1, Sum: 0.6]
      [Object Copy (ms): Min: 0.4, Avg: 0.4, Max: 0.5, Diff: 0.1, Sum: 3.6]
      [Termination (ms): Min: 0.0, Avg: 0.1, Max: 0.1, Diff: 0.1, Sum: 0.5]
      [GC Worker Other (ms): Min: 0.0, Avg: 0.0, Max: 0.0, Diff: 0.0, Sum: 0.2]
      [GC Worker Total (ms): Min: 0.5, Avg: 0.8, Max: 0.9, Diff: 0.5, Sum: 6.5]
      [GC Worker End (ms): Min: 7659.6, Avg: 7659.6, Max: 7659.6, Diff: 0.0]
   [Code Root Fixup: 0.0 ms]
   [Clear CT: 0.1 ms]
   [Other: 0.4 ms]
      [Choose CSet: 0.0 ms]
      [Ref Proc: 0.2 ms]
      [Ref Enq: 0.0 ms]
      [Free CSet: 0.1 ms]
   [Eden: 318.0M(318.0M)->0.0B(317.0M) Survivors: 1024.0K->2048.0K Heap: 327.9M(533.0M)->10.4M(533.0M)]
 [Times: user=0.00 sys=0.00, real=0.00 secs] 
7.698: [GC pause (young)7.700: [SoftReference, 0 refs, 0.0000140 secs]7.700: [WeakReference, 0 refs, 0.0000020 secs]7.700: [FinalReference, 0 refs, 0.0000020 secs]7.700: [PhantomReference, 0 refs, 0.0000030 secs]7.700: [JNI Weak Reference, 0.0000020 secs], 0.0015480 secs]
   [Parallel Time: 1.1 ms, GC Workers: 8]
      [GC Worker Start (ms): Min: 7698.5, Avg: 7698.6, Max: 7699.2, Diff: 0.7]
      [Ext Root Scanning (ms): Min: 0.0, Avg: 0.2, Max: 0.3, Diff: 0.3, Sum: 1.6]
      [Update RS (ms): Min: 0.0, Avg: 0.0, Max: 0.0, Diff: 0.0, Sum: 0.1]
         [Processed Buffers: Min: 0, Avg: 1.0, Max: 5, Diff: 5, Sum: 8]
      [Scan RS (ms): Min: 0.0, Avg: 0.1, Max: 0.2, Diff: 0.2, Sum: 0.8]
      [Object Copy (ms): Min: 0.2, Avg: 0.5, Max: 0.7, Diff: 0.5, Sum: 3.7]
      [Termination (ms): Min: 0.0, Avg: 0.1, Max: 0.1, Diff: 0.1, Sum: 0.5]
      [GC Worker Other (ms): Min: 0.0, Avg: 0.0, Max: 0.0, Diff: 0.0, Sum: 0.1]
      [GC Worker Total (ms): Min: 0.3, Avg: 0.9, Max: 1.0, Diff: 0.7, Sum: 6.8]
      [GC Worker End (ms): Min: 7699.5, Avg: 7699.5, Max: 7699.5, Diff: 0.0]
   [Code Root Fixup: 0.0 ms]
   [Clear CT: 0.1 ms]
   [Other: 0.3 ms]
      [Choose CSet: 0.0 ms]
      [Ref Proc: 0.2 ms]
      [Ref Enq: 0.0 ms]
      [Free CSet: 0.1 ms]
   [Eden: 317.0M(317.0M)->0.0B(316.0M) Survivors: 2048.0K->3072.0K Heap: 327.4M(533.0M)->11.6M(533.0M)]
 [Times: user=0.01 sys=0.00, real=0.00 secs] 
7.738: [GC pause (young)7.739: [SoftReference, 0 refs, 0.0000250 secs]7.739: [WeakReference, 0 refs, 0.0000030 secs]7.739: [FinalReference, 0 refs, 0.0000030 secs]7.739: [PhantomReference, 0 refs, 0.0000020 secs]7.739: [JNI Weak Reference, 0.0000020 secs], 0.0016720 secs]
   [Parallel Time: 1.1 ms, GC Workers: 8]
      [GC Worker Start (ms): Min: 7738.1, Avg: 7738.4, Max: 7739.0, Diff: 1.0]
      [Ext Root Scanning (ms): Min: 0.0, Avg: 0.2, Max: 0.3, Diff: 0.3, Sum: 1.5]
      [Update RS (ms): Min: 0.0, Avg: 0.0, Max: 0.0, Diff: 0.0, Sum: 0.1]
         [Processed Buffers: Min: 0, Avg: 1.0, Max: 5, Diff: 5, Sum: 8]
      [Scan RS (ms): Min: 0.0, Avg: 0.1, Max: 0.1, Diff: 0.1, Sum: 0.5]
      [Object Copy (ms): Min: 0.0, Avg: 0.3, Max: 0.5, Diff: 0.5, Sum: 2.5]
      [Termination (ms): Min: 0.0, Avg: 0.1, Max: 0.1, Diff: 0.1, Sum: 0.5]
      [GC Worker Other (ms): Min: 0.0, Avg: 0.0, Max: 0.0, Diff: 0.0, Sum: 0.1]
      [GC Worker Total (ms): Min: 0.0, Avg: 0.6, Max: 1.0, Diff: 1.0, Sum: 5.1]
      [GC Worker End (ms): Min: 7739.1, Avg: 7739.1, Max: 7739.1, Diff: 0.0]
   [Code Root Fixup: 0.0 ms]
   [Clear CT: 0.1 ms]
   [Other: 0.4 ms]
      [Choose CSet: 0.0 ms]
      [Ref Proc: 0.2 ms]
      [Ref Enq: 0.0 ms]
      [Free CSet: 0.1 ms]
   [Eden: 316.0M(316.0M)->0.0B(316.0M) Survivors: 3072.0K->3072.0K Heap: 327.6M(533.0M)->11.5M(533.0M)]
 [Times: user=0.01 sys=0.00, real=0.00 secs] 
7.778: [GC pause (young)7.779: [SoftReference, 0 refs, 0.0000130 secs]7.779: [WeakReference, 0 refs, 0.0000180 secs]7.779: [FinalReference, 0 refs, 0.0000020 secs]7.779: [PhantomReference, 0 refs, 0.0000110 secs]7.779: [JNI Weak Reference, 0.0000030 secs], 0.0014020 secs]
   [Parallel Time: 0.9 ms, GC Workers: 8]
      [GC Worker Start (ms): Min: 7778.0, Avg: 7778.1, Max: 7778.2, Diff: 0.3]
      [Ext Root Scanning (ms): Min: 0.1, Avg: 0.2, Max: 0.3, Diff: 0.2, Sum: 1.8]
      [Update RS (ms): Min: 0.0, Avg: 0.0, Max: 0.0, Diff: 0.0, Sum: 0.1]
         [Processed Buffers: Min: 0, Avg: 0.9, Max: 2, Diff: 2, Sum: 7]
      [Scan RS (ms): Min: 0.0, Avg: 0.1, Max: 0.1, Diff: 0.1, Sum: 0.8]
      [Object Copy (ms): Min: 0.3, Avg: 0.4, Max: 0.5, Diff: 0.1, Sum: 3.2]
      [Termination (ms): Min: 0.0, Avg: 0.0, Max: 0.0, Diff: 0.0, Sum: 0.1]
      [GC Worker Other (ms): Min: 0.0, Avg: 0.0, Max: 0.0, Diff: 0.0, Sum: 0.2]
      [GC Worker Total (ms): Min: 0.6, Avg: 0.8, Max: 0.9, Diff: 0.3, Sum: 6.1]
      [GC Worker End (ms): Min: 7778.8, Avg: 7778.8, Max: 7778.8, Diff: 0.0]
   [Code Root Fixup: 0.0 ms]
   [Clear CT: 0.1 ms]
   [Other: 0.4 ms]
      [Choose CSet: 0.0 ms]
      [Ref Proc: 0.2 ms]
      [Ref Enq: 0.0 ms]
      [Free CSet: 0.1 ms]
   [Eden: 316.0M(316.0M)->0.0B(316.0M) Survivors: 3072.0K->3072.0K Heap: 327.5M(533.0M)->12.0M(533.0M)]
 [Times: user=0.01 sys=0.00, real=0.00 secs] 
7.818: [GC pause (young)7.819: [SoftReference, 0 refs, 0.0000140 secs]7.819: [WeakReference, 0 refs, 0.0000020 secs]7.819: [FinalReference, 0 refs, 0.0000020 secs]7.819: [PhantomReference, 0 refs, 0.0000030 secs]7.819: [JNI Weak Reference, 0.0000020 secs], 0.0015490 secs]
   [Parallel Time: 1.0 ms, GC Workers: 8]
      [GC Worker Start (ms): Min: 7817.6, Avg: 7817.9, Max: 7818.5, Diff: 0.9]
      [Ext Root Scanning (ms): Min: 0.0, Avg: 0.2, Max: 0.3, Diff: 0.3, Sum: 1.4]
      [Update RS (ms): Min: 0.0, Avg: 0.0, Max: 0.0, Diff: 0.0, Sum: 0.0]
         [Processed Buffers: Min: 0, Avg: 1.1, Max: 5, Diff: 5, Sum: 9]
      [Scan RS (ms): Min: 0.0, Avg: 0.1, Max: 0.1, Diff: 0.1, Sum: 0.4]
      [Object Copy (ms): Min: 0.0, Avg: 0.3, Max: 0.5, Diff: 0.5, Sum: 2.7]
      [Termination (ms): Min: 0.0, Avg: 0.1, Max: 0.1, Diff: 0.1, Sum: 0.6]
      [GC Worker Other (ms): Min: 0.0, Avg: 0.0, Max: 0.0, Diff: 0.0, Sum: 0.1]
      [GC Worker Total (ms): Min: 0.0, Avg: 0.7, Max: 1.0, Diff: 0.9, Sum: 5.2]
      [GC Worker End (ms): Min: 7818.5, Avg: 7818.5, Max: 7818.5, Diff: 0.0]
   [Code Root Fixup: 0.0 ms]
   [Clear CT: 0.2 ms]
   [Other: 0.3 ms]
      [Choose CSet: 0.0 ms]
      [Ref Proc: 0.2 ms]
      [Ref Enq: 0.0 ms]
      [Free CSet: 0.1 ms]
   [Eden: 316.0M(316.0M)->0.0B(317.0M) Survivors: 3072.0K->2048.0K Heap: 328.0M(533.0M)->10.5M(533.0M)]
 [Times: user=0.00 sys=0.00, real=0.00 secs] 
7.857: [GC pause (young)7.859: [SoftReference, 0 refs, 0.0000150 secs]7.859: [WeakReference, 0 refs, 0.0000040 secs]7.859: [FinalReference, 0 refs, 0.0000030 secs]7.859: [PhantomReference, 0 refs, 0.0000020 secs]7.859: [JNI Weak Reference, 0.0000020 secs], 0.0014820 secs]
   [Parallel Time: 1.0 ms, GC Workers: 8]
      [GC Worker Start (ms): Min: 7857.5, Avg: 7857.9, Max: 7858.5, Diff: 0.9]
      [Ext Root Scanning (ms): Min: 0.0, Avg: 0.2, Max: 0.3, Diff: 0.3, Sum: 1.4]
      [Update RS (ms): Min: 0.0, Avg: 0.0, Max: 0.0, Diff: 0.0, Sum: 0.0]
         [Processed Buffers: Min: 0, Avg: 0.9, Max: 4, Diff: 4, Sum: 7]
      [Scan RS (ms): Min: 0.0, Avg: 0.1, Max: 0.1, Diff: 0.1, Sum: 0.4]
      [Object Copy (ms): Min: 0.0, Avg: 0.3, Max: 0.5, Diff: 0.5, Sum: 2.3]
      [Termination (ms): Min: 0.0, Avg: 0.1, Max: 0.1, Diff: 0.1, Sum: 0.6]
      [GC Worker Other (ms): Min: 0.0, Avg: 0.0, Max: 0.0, Diff: 0.0, Sum: 0.1]
      [GC Worker Total (ms): Min: 0.0, Avg: 0.6, Max: 1.0, Diff: 0.9, Sum: 4.7]
      [GC Worker End (ms): Min: 7858.5, Avg: 7858.5, Max: 7858.5, Diff: 0.0]
   [Code Root Fixup: 0.0 ms]
   [Clear CT: 0.1 ms]
   [Other: 0.3 ms]
      [Choose CSet: 0.0 ms]
      [Ref Proc: 0.2 ms]
      [Ref Enq: 0.0 ms]
      [Free CSet: 0.1 ms]
   [Eden: 317.0M(317.0M)->0.0B(318.0M) Survivors: 2048.0K->1024.0K Heap: 327.5M(533.0M)->10.0M(533.0M)]
 [Times: user=0.00 sys=0.00, real=0.00 secs] 
7.897: [GC pause (young)7.898: [SoftReference, 0 refs, 0.0000150 secs]7.898: [WeakReference, 0 refs, 0.0000020 secs]7.898: [FinalReference, 0 refs, 0.0000020 secs]7.898: [PhantomReference, 0 refs, 0.0000020 secs]7.898: [JNI Weak Reference, 0.0000030 secs], 0.0013150 secs]
   [Parallel Time: 0.9 ms, GC Workers: 8]
      [GC Worker Start (ms): Min: 7896.7, Avg: 7896.9, Max: 7897.3, Diff: 0.6]
      [Ext Root Scanning (ms): Min: 0.0, Avg: 0.2, Max: 0.3, Diff: 0.3, Sum: 1.4]
      [Update RS (ms): Min: 0.0, Avg: 0.0, Max: 0.0, Diff: 0.0, Sum: 0.1]
         [Processed Buffers: Min: 0, Avg: 0.8, Max: 2, Diff: 2, Sum: 6]
      [Scan RS (ms): Min: 0.0, Avg: 0.1, Max: 0.1, Diff: 0.1, Sum: 0.5]
      [Object Copy (ms): Min: 0.1, Avg: 0.3, Max: 0.4, Diff: 0.3, Sum: 2.5]
      [Termination (ms): Min: 0.0, Avg: 0.0, Max: 0.0, Diff: 0.0, Sum: 0.0]
      [GC Worker Other (ms): Min: 0.0, Avg: 0.0, Max: 0.0, Diff: 0.0, Sum: 0.2]
      [GC Worker Total (ms): Min: 0.2, Avg: 0.6, Max: 0.8, Diff: 0.6, Sum: 4.7]
      [GC Worker End (ms): Min: 7897.5, Avg: 7897.5, Max: 7897.5, Diff: 0.0]
   [Code Root Fixup: 0.0 ms]
   [Clear CT: 0.1 ms]
   [Other: 0.3 ms]
      [Choose CSet: 0.0 ms]
      [Ref Proc: 0.1 ms]
      [Ref Enq: 0.0 ms]
      [Free CSet: 0.1 ms]
   [Eden: 318.0M(318.0M)->0.0B(318.0M) Survivors: 1024.0K->1024.0K Heap: 328.0M(533.0M)->10199.9K(533.0M)]
 [Times: user=0.00 sys=0.00, real=0.00 secs] 
7.936: [GC pause (young)7.937: [SoftReference, 0 refs, 0.0000280 secs]7.937: [WeakReference, 0 refs, 0.0000150 secs]7.937: [FinalReference, 0 refs, 0.0000020 secs]7.937: [PhantomReference, 0 refs, 0.0000020 secs]7.937: [JNI Weak Reference, 0.0000020 secs], 0.0016290 secs]
   [Parallel Time: 1.0 ms, GC Workers: 8]
      [GC Worker Start (ms): Min: 7936.0, Avg: 7936.3, Max: 7936.9, Diff: 1.0]
      [Ext Root Scanning (ms): Min: 0.0, Avg: 0.2, Max: 0.3, Diff: 0.3, Sum: 1.4]
      [Update RS (ms): Min: 0.0, Avg: 0.0, Max: 0.0, Diff: 0.0, Sum: 0.1]
         [Processed Buffers: Min: 0, Avg: 1.1, Max: 6, Diff: 6, Sum: 9]
      [Scan RS (ms): Min: 0.0, Avg: 0.1, Max: 0.1, Diff: 0.1, Sum: 0.5]
      [Object Copy (ms): Min: 0.0, Avg: 0.3, Max: 0.5, Diff: 0.5, Sum: 2.5]
      [Termination (ms): Min: 0.0, Avg: 0.1, Max: 0.1, Diff: 0.1, Sum: 0.6]
      [GC Worker Other (ms): Min: 0.0, Avg: 0.0, Max: 0.0, Diff: 0.0, Sum: 0.1]
      [GC Worker Total (ms): Min: 0.0, Avg: 0.6, Max: 1.0, Diff: 1.0, Sum: 5.0]
      [GC Worker End (ms): Min: 7936.9, Avg: 7936.9, Max: 7937.0, Diff: 0.0]
   [Code Root Fixup: 0.0 ms]
   [Clear CT: 0.3 ms]
   [Other: 0.3 ms]
      [Choose CSet: 0.0 ms]
      [Ref Proc: 0.2 ms]
      [Ref Enq: 0.0 ms]
      [Free CSet: 0.1 ms]
   [Eden: 318.0M(318.0M)->0.0B(318.0M) Survivors: 1024.0K->1024.0K Heap: 328.0M(533.0M)->10.1M(533.0M)]
 [Times: user=0.00 sys=0.00, real=0.00 secs] 
7.976: [GC pause (young)7.977: [SoftReference, 0 refs, 0.0000140 secs]7.977: [WeakReference, 0 refs, 0.0000030 secs]7.977: [FinalReference, 0 refs, 0.0000020 secs]7.977: [PhantomReference, 0 refs, 0.0000040 secs]7.977: [JNI Weak Reference, 0.0000050 secs], 0.0014250 secs]
   [Parallel Time: 1.0 ms, GC Workers: 8]
      [GC Worker Start (ms): Min: 7976.1, Avg: 7976.1, Max: 7976.2, Diff: 0.1]
      [Ext Root Scanning (ms): Min: 0.1, Avg: 0.2, Max: 0.3, Diff: 0.1, Sum: 1.7]
      [Update RS (ms): Min: 0.0, Avg: 0.0, Max: 0.0, Diff: 0.0, Sum: 0.1]
         [Processed Buffers: Min: 0, Avg: 0.9, Max: 3, Diff: 3, Sum: 7]
      [Scan RS (ms): Min: 0.0, Avg: 0.1, Max: 0.1, Diff: 0.1, Sum: 0.8]
      [Object Copy (ms): Min: 0.4, Avg: 0.5, Max: 0.6, Diff: 0.1, Sum: 3.7]
      [Termination (ms): Min: 0.0, Avg: 0.0, Max: 0.0, Diff: 0.0, Sum: 0.0]
      [GC Worker Other (ms): Min: 0.0, Avg: 0.0, Max: 0.0, Diff: 0.0, Sum: 0.2]
      [GC Worker Total (ms): Min: 0.8, Avg: 0.8, Max: 0.9, Diff: 0.1, Sum: 6.5]
      [GC Worker End (ms): Min: 7976.9, Avg: 7977.0, Max: 7977.0, Diff: 0.0]
   [Code Root Fixup: 0.0 ms]
   [Clear CT: 0.1 ms]
   [Other: 0.3 ms]
      [Choose CSet: 0.0 ms]
      [Ref Proc: 0.2 ms]
      [Ref Enq: 0.0 ms]
      [Free CSet: 0.1 ms]
   [Eden: 318.0M(318.0M)->0.0B(317.0M) Survivors: 1024.0K->2048.0K Heap: 328.1M(533.0M)->11.0M(533.0M)]
 [Times: user=0.01 sys=0.00, real=0.00 secs] 
8.017: [GC pause (young)8.018: [SoftReference, 0 refs, 0.0000140 secs]8.018: [WeakReference, 0 refs, 0.0000020 secs]8.018: [FinalReference, 0 refs, 0.0000020 secs]8.018: [PhantomReference, 0 refs, 0.0000120 secs]8.018: [JNI Weak Reference, 0.0000030 secs], 0.0015880 secs]
   [Parallel Time: 1.1 ms, GC Workers: 8]
      [GC Worker Start (ms): Min: 8016.5, Avg: 8016.9, Max: 8017.6, Diff: 1.0]
      [Ext Root Scanning (ms): Min: 0.0, Avg: 0.2, Max: 0.3, Diff: 0.3, Sum: 1.5]
      [Update RS (ms): Min: 0.0, Avg: 0.0, Max: 0.0, Diff: 0.0, Sum: 0.1]
         [Processed Buffers: Min: 0, Avg: 1.2, Max: 7, Diff: 7, Sum: 10]
      [Scan RS (ms): Min: 0.0, Avg: 0.1, Max: 0.1, Diff: 0.1, Sum: 0.5]
      [Object Copy (ms): Min: 0.0, Avg: 0.3, Max: 0.6, Diff: 0.6, Sum: 2.8]
      [Termination (ms): Min: 0.0, Avg: 0.1, Max: 0.1, Diff: 0.1, Sum: 0.5]
      [GC Worker Other (ms): Min: 0.0, Avg: 0.0, Max: 0.0, Diff: 0.0, Sum: 0.1]
      [GC Worker Total (ms): Min: 0.0, Avg: 0.7, Max: 1.1, Diff: 1.1, Sum: 5.4]
      [GC Worker End (ms): Min: 8017.6, Avg: 8017.6, Max: 8017.6, Diff: 0.0]
   [Code Root Fixup: 0.0 ms]
   [Clear CT: 0.1 ms]
   [Other: 0.4 ms]
      [Choose CSet: 0.0 ms]
      [Ref Proc: 0.2 ms]
      [Ref Enq: 0.0 ms]
      [Free CSet: 0.1 ms]
   [Eden: 317.0M(317.0M)->0.0B(316.0M) Survivors: 2048.0K->3072.0K Heap: 328.0M(533.0M)->12.4M(533.0M)]
 [Times: user=0.01 sys=0.00, real=0.00 secs] 
8.056: [GC pause (young)8.057: [SoftReference, 0 refs, 0.0000170 secs]8.057: [WeakReference, 0 refs, 0.0000030 secs]8.057: [FinalReference, 0 refs, 0.0000020 secs]8.057: [PhantomReference, 0 refs, 0.0000030 secs]8.057: [JNI Weak Reference, 0.0000020 secs], 0.0013610 secs]
   [Parallel Time: 0.9 ms, GC Workers: 8]
      [GC Worker Start (ms): Min: 8055.8, Avg: 8056.0, Max: 8056.6, Diff: 0.8]
      [Ext Root Scanning (ms): Min: 0.0, Avg: 0.2, Max: 0.3, Diff: 0.3, Sum: 1.5]
      [Update RS (ms): Min: 0.0, Avg: 0.0, Max: 0.0, Diff: 0.0, Sum: 0.1]
         [Processed Buffers: Min: 0, Avg: 1.0, Max: 4, Diff: 4, Sum: 8]
      [Scan RS (ms): Min: 0.0, Avg: 0.1, Max: 0.1, Diff: 0.1, Sum: 0.5]
      [Object Copy (ms): Min: 0.0, Avg: 0.3, Max: 0.5, Diff: 0.5, Sum: 2.5]
      [Termination (ms): Min: 0.0, Avg: 0.1, Max: 0.1, Diff: 0.1, Sum: 0.5]
      [GC Worker Other (ms): Min: 0.0, Avg: 0.0, Max: 0.0, Diff: 0.0, Sum: 0.1]
      [GC Worker Total (ms): Min: 0.0, Avg: 0.7, Max: 0.8, Diff: 0.8, Sum: 5.2]
      [GC Worker End (ms): Min: 8056.6, Avg: 8056.7, Max: 8056.7, Diff: 0.0]
   [Code Root Fixup: 0.0 ms]
   [Clear CT: 0.1 ms]
   [Other: 0.3 ms]
      [Choose CSet: 0.0 ms]
      [Ref Proc: 0.1 ms]
      [Ref Enq: 0.0 ms]
      [Free CSet: 0.1 ms]
   [Eden: 316.0M(316.0M)->0.0B(318.0M) Survivors: 3072.0K->1024.0K Heap: 328.4M(533.0M)->10.0M(533.0M)]
 [Times: user=0.00 sys=0.00, real=0.00 secs] 
8.095: [GC pause (young)8.096: [SoftReference, 0 refs, 0.0000140 secs]8.096: [WeakReference, 0 refs, 0.0000030 secs]8.096: [FinalReference, 0 refs, 0.0000020 secs]8.096: [PhantomReference, 0 refs, 0.0000020 secs]8.096: [JNI Weak Reference, 0.0000020 secs], 0.0012370 secs]
   [Parallel Time: 0.8 ms, GC Workers: 8]
      [GC Worker Start (ms): Min: 8095.2, Avg: 8095.3, Max: 8095.8, Diff: 0.6]
      [Ext Root Scanning (ms): Min: 0.0, Avg: 0.2, Max: 0.3, Diff: 0.3, Sum: 1.7]
      [Update RS (ms): Min: 0.0, Avg: 0.0, Max: 0.0, Diff: 0.0, Sum: 0.1]
         [Processed Buffers: Min: 0, Avg: 0.8, Max: 2, Diff: 2, Sum: 6]
      [Scan RS (ms): Min: 0.0, Avg: 0.1, Max: 0.1, Diff: 0.1, Sum: 0.5]
      [Object Copy (ms): Min: 0.1, Avg: 0.3, Max: 0.4, Diff: 0.3, Sum: 2.7]
      [Termination (ms): Min: 0.0, Avg: 0.0, Max: 0.0, Diff: 0.0, Sum: 0.0]
      [GC Worker Other (ms): Min: 0.0, Avg: 0.0, Max: 0.1, Diff: 0.0, Sum: 0.3]
      [GC Worker Total (ms): Min: 0.2, Avg: 0.7, Max: 0.8, Diff: 0.6, Sum: 5.3]
      [GC Worker End (ms): Min: 8095.9, Avg: 8096.0, Max: 8096.0, Diff: 0.0]
   [Code Root Fixup: 0.0 ms]
   [Clear CT: 0.1 ms]
   [Other: 0.3 ms]
      [Choose CSet: 0.0 ms]
      [Ref Proc: 0.2 ms]
      [Ref Enq: 0.0 ms]
      [Free CSet: 0.1 ms]
   [Eden: 318.0M(318.0M)->0.0B(318.0M) Survivors: 1024.0K->1024.0K Heap: 328.0M(533.0M)->10.0M(533.0M)]
 [Times: user=0.01 sys=0.00, real=0.00 secs] 
8.134: [GC pause (young)8.135: [SoftReference, 0 refs, 0.0000150 secs]8.135: [WeakReference, 0 refs, 0.0000030 secs]8.135: [FinalReference, 0 refs, 0.0000020 secs]8.135: [PhantomReference, 0 refs, 0.0000030 secs]8.135: [JNI Weak Reference, 0.0000020 secs], 0.0014470 secs]
   [Parallel Time: 1.0 ms, GC Workers: 8]
      [GC Worker Start (ms): Min: 8134.0, Avg: 8134.3, Max: 8135.0, Diff: 0.9]
      [Ext Root Scanning (ms): Min: 0.0, Avg: 0.2, Max: 0.3, Diff: 0.3, Sum: 1.5]
      [Update RS (ms): Min: 0.0, Avg: 0.0, Max: 0.0, Diff: 0.0, Sum: 0.1]
         [Processed Buffers: Min: 0, Avg: 1.1, Max: 6, Diff: 6, Sum: 9]
      [Scan RS (ms): Min: 0.0, Avg: 0.1, Max: 0.1, Diff: 0.1, Sum: 0.5]
      [Object Copy (ms): Min: 0.0, Avg: 0.3, Max: 0.5, Diff: 0.5, Sum: 2.6]
      [Termination (ms): Min: 0.0, Avg: 0.1, Max: 0.1, Diff: 0.1, Sum: 0.6]
      [GC Worker Other (ms): Min: 0.0, Avg: 0.0, Max: 0.0, Diff: 0.0, Sum: 0.1]
      [GC Worker Total (ms): Min: 0.0, Avg: 0.7, Max: 1.0, Diff: 0.9, Sum: 5.3]
      [GC Worker End (ms): Min: 8135.0, Avg: 8135.0, Max: 8135.0, Diff: 0.0]
   [Code Root Fixup: 0.0 ms]
   [Clear CT: 0.1 ms]
   [Other: 0.3 ms]
      [Choose CSet: 0.0 ms]
      [Ref Proc: 0.2 ms]
      [Ref Enq: 0.0 ms]
      [Free CSet: 0.1 ms]
   [Eden: 318.0M(318.0M)->0.0B(316.0M) Survivors: 1024.0K->3072.0K Heap: 328.0M(533.0M)->12.0M(533.0M)]
 [Times: user=0.01 sys=0.00, real=0.00 secs] 
8.173: [GC pause (young)8.174: [SoftReference, 0 refs, 0.0000150 secs]8.174: [WeakReference, 0 refs, 0.0000030 secs]8.174: [FinalReference, 0 refs, 0.0000020 secs]8.174: [PhantomReference, 0 refs, 0.0000020 secs]8.174: [JNI Weak Reference, 0.0000030 secs], 0.0015000 secs]
   [Parallel Time: 1.1 ms, GC Workers: 8]
      [GC Worker Start (ms): Min: 8173.0, Avg: 8173.3, Max: 8174.0, Diff: 1.0]
      [Ext Root Scanning (ms): Min: 0.0, Avg: 0.2, Max: 0.3, Diff: 0.3, Sum: 1.5]
      [Update RS (ms): Min: 0.0, Avg: 0.0, Max: 0.0, Diff: 0.0, Sum: 0.1]
         [Processed Buffers: Min: 0, Avg: 0.9, Max: 3, Diff: 3, Sum: 7]
      [Scan RS (ms): Min: 0.0, Avg: 0.1, Max: 0.1, Diff: 0.1, Sum: 0.6]
      [Object Copy (ms): Min: 0.0, Avg: 0.4, Max: 0.6, Diff: 0.6, Sum: 3.2]
      [Termination (ms): Min: 0.0, Avg: 0.1, Max: 0.1, Diff: 0.1, Sum: 0.5]
      [GC Worker Other (ms): Min: 0.0, Avg: 0.0, Max: 0.0, Diff: 0.0, Sum: 0.1]
      [GC Worker Total (ms): Min: 0.0, Avg: 0.7, Max: 1.0, Diff: 1.0, Sum: 5.9]
      [GC Worker End (ms): Min: 8174.0, Avg: 8174.0, Max: 8174.0, Diff: 0.0]
   [Code Root Fixup: 0.0 ms]
   [Clear CT: 0.1 ms]
   [Other: 0.3 ms]
      [Choose CSet: 0.0 ms]
      [Ref Proc: 0.1 ms]
      [Ref Enq: 0.0 ms]
      [Free CSet: 0.1 ms]
   [Eden: 316.0M(316.0M)->0.0B(318.0M) Survivors: 3072.0K->1024.0K Heap: 328.0M(533.0M)->10.4M(533.0M)]
 [Times: user=0.01 sys=0.00, real=0.00 secs] 
8.214: [GC pause (young)8.215: [SoftReference, 0 refs, 0.0000140 secs]8.215: [WeakReference, 0 refs, 0.0000030 secs]8.215: [FinalReference, 0 refs, 0.0000020 secs]8.215: [PhantomReference, 0 refs, 0.0000020 secs]8.215: [JNI Weak Reference, 0.0000030 secs], 0.0014920 secs]
   [Parallel Time: 1.0 ms, GC Workers: 8]
      [GC Worker Start (ms): Min: 8213.8, Avg: 8214.0, Max: 8214.5, Diff: 0.7]
      [Ext Root Scanning (ms): Min: 0.0, Avg: 0.2, Max: 0.3, Diff: 0.3, Sum: 1.5]
      [Update RS (ms): Min: 0.0, Avg: 0.0, Max: 0.0, Diff: 0.0, Sum: 0.1]
         [Processed Buffers: Min: 0, Avg: 0.9, Max: 2, Diff: 2, Sum: 7]
      [Scan RS (ms): Min: 0.0, Avg: 0.1, Max: 0.1, Diff: 0.1, Sum: 0.5]
      [Object Copy (ms): Min: 0.1, Avg: 0.4, Max: 0.5, Diff: 0.3, Sum: 2.9]
      [Termination (ms): Min: 0.0, Avg: 0.1, Max: 0.1, Diff: 0.1, Sum: 0.5]
      [GC Worker Other (ms): Min: 0.0, Avg: 0.0, Max: 0.0, Diff: 0.0, Sum: 0.1]
      [GC Worker Total (ms): Min: 0.3, Avg: 0.7, Max: 1.0, Diff: 0.7, Sum: 5.7]
      [GC Worker End (ms): Min: 8214.7, Avg: 8214.7, Max: 8214.7, Diff: 0.0]
   [Code Root Fixup: 0.0 ms]
   [Clear CT: 0.1 ms]
   [Other: 0.4 ms]
      [Choose CSet: 0.0 ms]
      [Ref Proc: 0.2 ms]
      [Ref Enq: 0.0 ms]
      [Free CSet: 0.1 ms]
   [Eden: 318.0M(318.0M)->0.0B(317.0M) Survivors: 1024.0K->2048.0K Heap: 328.4M(533.0M)->11.3M(533.0M)]
 [Times: user=0.01 sys=0.00, real=0.00 secs] 
8.256: [GC pause (young)8.257: [SoftReference, 0 refs, 0.0000140 secs]8.257: [WeakReference, 0 refs, 0.0000030 secs]8.257: [FinalReference, 0 refs, 0.0000030 secs]8.257: [PhantomReference, 0 refs, 0.0000110 secs]8.257: [JNI Weak Reference, 0.0000030 secs], 0.0014300 secs]
   [Parallel Time: 1.0 ms, GC Workers: 8]
      [GC Worker Start (ms): Min: 8256.2, Avg: 8256.5, Max: 8257.1, Diff: 0.9]
      [Ext Root Scanning (ms): Min: 0.0, Avg: 0.2, Max: 0.3, Diff: 0.3, Sum: 1.4]
      [Update RS (ms): Min: 0.0, Avg: 0.0, Max: 0.0, Diff: 0.0, Sum: 0.0]
         [Processed Buffers: Min: 0, Avg: 1.0, Max: 5, Diff: 5, Sum: 8]
      [Scan RS (ms): Min: 0.0, Avg: 0.1, Max: 0.1, Diff: 0.1, Sum: 0.4]
      [Object Copy (ms): Min: 0.0, Avg: 0.3, Max: 0.5, Diff: 0.5, Sum: 2.2]
      [Termination (ms): Min: 0.0, Avg: 0.1, Max: 0.1, Diff: 0.1, Sum: 0.6]
      [GC Worker Other (ms): Min: 0.0, Avg: 0.0, Max: 0.0, Diff: 0.0, Sum: 0.1]
      [GC Worker Total (ms): Min: 0.0, Avg: 0.6, Max: 0.9, Diff: 0.9, Sum: 4.7]
      [GC Worker End (ms): Min: 8257.1, Avg: 8257.1, Max: 8257.1, Diff: 0.0]
   [Code Root Fixup: 0.0 ms]
   [Clear CT: 0.1 ms]
   [Other: 0.3 ms]
      [Choose CSet: 0.0 ms]
      [Ref Proc: 0.2 ms]
      [Ref Enq: 0.0 ms]
      [Free CSet: 0.1 ms]
   [Eden: 317.0M(317.0M)->0.0B(318.0M) Survivors: 2048.0K->1024.0K Heap: 328.3M(533.0M)->10.1M(533.0M)]
 [Times: user=0.01 sys=0.00, real=0.00 secs] 
8.296: [GC pause (young)8.298: [SoftReference, 0 refs, 0.0000150 secs]8.298: [WeakReference, 0 refs, 0.0000030 secs]8.298: [FinalReference, 0 refs, 0.0000030 secs]8.298: [PhantomReference, 0 refs, 0.0000020 secs]8.298: [JNI Weak Reference, 0.0000020 secs], 0.0016540 secs]
   [Parallel Time: 1.2 ms, GC Workers: 8]
      [GC Worker Start (ms): Min: 8296.4, Avg: 8296.9, Max: 8297.5, Diff: 1.1]
      [Ext Root Scanning (ms): Min: 0.0, Avg: 0.2, Max: 0.3, Diff: 0.3, Sum: 1.4]
      [Update RS (ms): Min: 0.0, Avg: 0.0, Max: 0.0, Diff: 0.0, Sum: 0.1]
         [Processed Buffers: Min: 0, Avg: 0.8, Max: 3, Diff: 3, Sum: 6]
      [Scan RS (ms): Min: 0.0, Avg: 0.1, Max: 0.2, Diff: 0.1, Sum: 0.6]
      [Object Copy (ms): Min: 0.0, Avg: 0.4, Max: 0.7, Diff: 0.7, Sum: 2.8]
      [Termination (ms): Min: 0.0, Avg: 0.1, Max: 0.1, Diff: 0.1, Sum: 0.6]
      [GC Worker Other (ms): Min: 0.0, Avg: 0.0, Max: 0.0, Diff: 0.0, Sum: 0.1]
      [GC Worker Total (ms): Min: 0.0, Avg: 0.7, Max: 1.1, Diff: 1.1, Sum: 5.6]
      [GC Worker End (ms): Min: 8297.5, Avg: 8297.6, Max: 8297.6, Diff: 0.0]
   [Code Root Fixup: 0.0 ms]
   [Clear CT: 0.1 ms]
   [Other: 0.4 ms]
      [Choose CSet: 0.0 ms]
      [Ref Proc: 0.2 ms]
      [Ref Enq: 0.0 ms]
      [Free CSet: 0.1 ms]
   [Eden: 318.0M(318.0M)->0.0B(316.0M) Survivors: 1024.0K->3072.0K Heap: 328.1M(533.0M)->11.6M(533.0M)]
 [Times: user=0.00 sys=0.00, real=0.00 secs] 
8.338: [GC pause (young)8.339: [SoftReference, 0 refs, 0.0000140 secs]8.339: [WeakReference, 0 refs, 0.0000030 secs]8.339: [FinalReference, 0 refs, 0.0000030 secs]8.339: [PhantomReference, 0 refs, 0.0000020 secs]8.339: [JNI Weak Reference, 0.0000030 secs], 0.0013410 secs]
   [Parallel Time: 0.9 ms, GC Workers: 8]
      [GC Worker Start (ms): Min: 8337.9, Avg: 8338.2, Max: 8338.6, Diff: 0.6]
      [Ext Root Scanning (ms): Min: 0.0, Avg: 0.2, Max: 0.3, Diff: 0.3, Sum: 1.4]
      [Update RS (ms): Min: 0.0, Avg: 0.0, Max: 0.0, Diff: 0.0, Sum: 0.0]
         [Processed Buffers: Min: 0, Avg: 0.9, Max: 6, Diff: 6, Sum: 7]
      [Scan RS (ms): Min: 0.0, Avg: 0.0, Max: 0.1, Diff: 0.1, Sum: 0.4]
      [Object Copy (ms): Min: 0.1, Avg: 0.3, Max: 0.4, Diff: 0.3, Sum: 2.4]
      [Termination (ms): Min: 0.0, Avg: 0.0, Max: 0.0, Diff: 0.0, Sum: 0.0]
      [GC Worker Other (ms): Min: 0.0, Avg: 0.0, Max: 0.0, Diff: 0.0, Sum: 0.2]
      [GC Worker Total (ms): Min: 0.2, Avg: 0.6, Max: 0.8, Diff: 0.7, Sum: 4.4]
      [GC Worker End (ms): Min: 8338.7, Avg: 8338.7, Max: 8338.8, Diff: 0.0]
   [Code Root Fixup: 0.0 ms]
   [Clear CT: 0.1 ms]
   [Other: 0.4 ms]
      [Choose CSet: 0.0 ms]
      [Ref Proc: 0.2 ms]
      [Ref Enq: 0.0 ms]
      [Free CSet: 0.1 ms]
   [Eden: 316.0M(316.0M)->0.0B(318.0M) Survivors: 3072.0K->1024.0K Heap: 327.6M(533.0M)->10.2M(533.0M)]
 [Times: user=0.01 sys=0.00, real=0.00 secs] 
8.377: [GC pause (young)8.378: [SoftReference, 0 refs, 0.0000140 secs]8.378: [WeakReference, 0 refs, 0.0000220 secs]8.378: [FinalReference, 0 refs, 0.0000020 secs]8.378: [PhantomReference, 0 refs, 0.0000110 secs]8.378: [JNI Weak Reference, 0.0000030 secs], 0.0013750 secs]
   [Parallel Time: 0.9 ms, GC Workers: 8]
      [GC Worker Start (ms): Min: 8376.9, Avg: 8377.2, Max: 8377.7, Diff: 0.8]
      [Ext Root Scanning (ms): Min: 0.0, Avg: 0.2, Max: 0.3, Diff: 0.3, Sum: 1.4]
      [Update RS (ms): Min: 0.0, Avg: 0.0, Max: 0.0, Diff: 0.0, Sum: 0.0]
         [Processed Buffers: Min: 0, Avg: 1.0, Max: 4, Diff: 4, Sum: 8]
      [Scan RS (ms): Min: 0.0, Avg: 0.1, Max: 0.1, Diff: 0.1, Sum: 0.4]
      [Object Copy (ms): Min: 0.0, Avg: 0.2, Max: 0.4, Diff: 0.4, Sum: 1.8]
      [Termination (ms): Min: 0.0, Avg: 0.1, Max: 0.1, Diff: 0.1, Sum: 0.6]
      [GC Worker Other (ms): Min: 0.0, Avg: 0.0, Max: 0.0, Diff: 0.0, Sum: 0.1]
      [GC Worker Total (ms): Min: 0.0, Avg: 0.5, Max: 0.9, Diff: 0.9, Sum: 4.3]
      [GC Worker End (ms): Min: 8377.7, Avg: 8377.8, Max: 8377.8, Diff: 0.0]
   [Code Root Fixup: 0.0 ms]
   [Clear CT: 0.1 ms]
   [Other: 0.3 ms]
      [Choose CSet: 0.0 ms]
      [Ref Proc: 0.2 ms]
      [Ref Enq: 0.0 ms]
      [Free CSet: 0.1 ms]
   [Eden: 318.0M(318.0M)->0.0B(318.0M) Survivors: 1024.0K->1024.0K Heap: 328.2M(533.0M)->10.0M(533.0M)]
 [Times: user=0.01 sys=0.00, real=0.00 secs] 
8.416: [GC pause (young)8.417: [SoftReference, 0 refs, 0.0000250 secs]8.417: [WeakReference, 0 refs, 0.0000120 secs]8.417: [FinalReference, 0 refs, 0.0000020 secs]8.417: [PhantomReference, 0 refs, 0.0000020 secs]8.417: [JNI Weak Reference, 0.0000020 secs], 0.0018070 secs]
   [Parallel Time: 1.3 ms, GC Workers: 8]
      [GC Worker Start (ms): Min: 8415.7, Avg: 8416.2, Max: 8416.8, Diff: 1.1]
      [Ext Root Scanning (ms): Min: 0.0, Avg: 0.2, Max: 0.3, Diff: 0.3, Sum: 1.4]
      [Update RS (ms): Min: 0.0, Avg: 0.0, Max: 0.0, Diff: 0.0, Sum: 0.1]
         [Processed Buffers: Min: 0, Avg: 1.0, Max: 4, Diff: 4, Sum: 8]
      [Scan RS (ms): Min: 0.0, Avg: 0.1, Max: 0.1, Diff: 0.1, Sum: 0.5]
      [Object Copy (ms): Min: 0.0, Avg: 0.4, Max: 0.7, Diff: 0.7, Sum: 3.1]
      [Termination (ms): Min: 0.0, Avg: 0.1, Max: 0.1, Diff: 0.1, Sum: 0.6]
      [GC Worker Other (ms): Min: 0.0, Avg: 0.0, Max: 0.0, Diff: 0.0, Sum: 0.1]
      [GC Worker Total (ms): Min: 0.0, Avg: 0.7, Max: 1.2, Diff: 1.2, Sum: 5.8]
      [GC Worker End (ms): Min: 8416.9, Avg: 8416.9, Max: 8416.9, Diff: 0.0]
   [Code Root Fixup: 0.0 ms]
   [Clear CT: 0.1 ms]
   [Other: 0.4 ms]
      [Choose CSet: 0.0 ms]
      [Ref Proc: 0.2 ms]
      [Ref Enq: 0.0 ms]
      [Free CSet: 0.2 ms]
   [Eden: 318.0M(318.0M)->0.0B(317.0M) Survivors: 1024.0K->2048.0K Heap: 328.0M(533.0M)->11.2M(533.0M)]
 [Times: user=0.00 sys=0.00, real=0.00 secs] 
8.456: [GC pause (young)8.457: [SoftReference, 0 refs, 0.0000140 secs]8.457: [WeakReference, 0 refs, 0.0000020 secs]8.457: [FinalReference, 0 refs, 0.0000020 secs]8.457: [PhantomReference, 0 refs, 0.0000110 secs]8.457: [JNI Weak Reference, 0.0000030 secs], 0.0016190 secs]
   [Parallel Time: 1.1 ms, GC Workers: 8]
      [GC Worker Start (ms): Min: 8456.1, Avg: 8456.6, Max: 8457.2, Diff: 1.0]
      [Ext Root Scanning (ms): Min: 0.0, Avg: 0.2, Max: 0.3, Diff: 0.3, Sum: 1.4]
      [Update RS (ms): Min: 0.0, Avg: 0.0, Max: 0.0, Diff: 0.0, Sum: 0.1]
         [Processed Buffers: Min: 0, Avg: 0.8, Max: 5, Diff: 5, Sum: 6]
      [Scan RS (ms): Min: 0.0, Avg: 0.1, Max: 0.1, Diff: 0.1, Sum: 0.5]
      [Object Copy (ms): Min: 0.0, Avg: 0.3, Max: 0.6, Diff: 0.6, Sum: 2.7]
      [Termination (ms): Min: 0.0, Avg: 0.1, Max: 0.1, Diff: 0.1, Sum: 0.5]
      [GC Worker Other (ms): Min: 0.0, Avg: 0.0, Max: 0.0, Diff: 0.0, Sum: 0.1]
      [GC Worker Total (ms): Min: 0.0, Avg: 0.7, Max: 1.1, Diff: 1.1, Sum: 5.3]
      [GC Worker End (ms): Min: 8457.2, Avg: 8457.2, Max: 8457.2, Diff: 0.0]
   [Code Root Fixup: 0.0 ms]
   [Clear CT: 0.1 ms]
   [Other: 0.4 ms]
      [Choose CSet: 0.0 ms]
      [Ref Proc: 0.2 ms]
      [Ref Enq: 0.0 ms]
      [Free CSet: 0.1 ms]
   [Eden: 317.0M(317.0M)->0.0B(317.0M) Survivors: 2048.0K->2048.0K Heap: 328.2M(533.0M)->11.0M(533.0M)]
 [Times: user=0.01 sys=0.00, real=0.00 secs] 
8.495: [GC pause (young)8.497: [SoftReference, 0 refs, 0.0000150 secs]8.497: [WeakReference, 0 refs, 0.0000120 secs]8.497: [FinalReference, 0 refs, 0.0000020 secs]8.497: [PhantomReference, 0 refs, 0.0000020 secs]8.497: [JNI Weak Reference, 0.0000020 secs], 0.0015530 secs]
   [Parallel Time: 1.1 ms, GC Workers: 8]
      [GC Worker Start (ms): Min: 8495.5, Avg: 8495.9, Max: 8496.5, Diff: 1.0]
      [Ext Root Scanning (ms): Min: 0.0, Avg: 0.2, Max: 0.3, Diff: 0.3, Sum: 1.4]
      [Update RS (ms): Min: 0.0, Avg: 0.0, Max: 0.0, Diff: 0.0, Sum: 0.1]
         [Processed Buffers: Min: 0, Avg: 0.8, Max: 4, Diff: 4, Sum: 6]
      [Scan RS (ms): Min: 0.0, Avg: 0.1, Max: 0.1, Diff: 0.1, Sum: 0.5]
      [Object Copy (ms): Min: 0.0, Avg: 0.3, Max: 0.6, Diff: 0.6, Sum: 2.4]
      [Termination (ms): Min: 0.0, Avg: 0.1, Max: 0.1, Diff: 0.1, Sum: 0.7]
      [GC Worker Other (ms): Min: 0.0, Avg: 0.0, Max: 0.0, Diff: 0.0, Sum: 0.0]
      [GC Worker Total (ms): Min: 0.0, Avg: 0.6, Max: 1.0, Diff: 1.0, Sum: 5.0]
      [GC Worker End (ms): Min: 8496.5, Avg: 8496.5, Max: 8496.6, Diff: 0.0]
   [Code Root Fixup: 0.0 ms]
   [Clear CT: 0.1 ms]
   [Other: 0.4 ms]
      [Choose CSet: 0.0 ms]
      [Ref Proc: 0.2 ms]
      [Ref Enq: 0.0 ms]
      [Free CSet: 0.1 ms]
   [Eden: 317.0M(317.0M)->0.0B(317.0M) Survivors: 2048.0K->2048.0K Heap: 328.0M(533.0M)->10.8M(533.0M)]
 [Times: user=0.00 sys=0.00, real=0.00 secs] 
8.537: [GC pause (young)8.538: [SoftReference, 0 refs, 0.0000240 secs]8.538: [WeakReference, 0 refs, 0.0000030 secs]8.538: [FinalReference, 0 refs, 0.0000030 secs]8.538: [PhantomReference, 0 refs, 0.0000020 secs]8.538: [JNI Weak Reference, 0.0000020 secs], 0.0015190 secs]
   [Parallel Time: 1.0 ms, GC Workers: 8]
      [GC Worker Start (ms): Min: 8536.7, Avg: 8537.0, Max: 8537.7, Diff: 1.0]
      [Ext Root Scanning (ms): Min: 0.0, Avg: 0.2, Max: 0.3, Diff: 0.3, Sum: 1.4]
      [Update RS (ms): Min: 0.0, Avg: 0.0, Max: 0.0, Diff: 0.0, Sum: 0.0]
         [Processed Buffers: Min: 0, Avg: 0.9, Max: 7, Diff: 7, Sum: 7]
      [Scan RS (ms): Min: 0.0, Avg: 0.1, Max: 0.1, Diff: 0.1, Sum: 0.5]
      [Object Copy (ms): Min: 0.0, Avg: 0.4, Max: 0.6, Diff: 0.5, Sum: 2.9]
      [Termination (ms): Min: 0.0, Avg: 0.1, Max: 0.1, Diff: 0.1, Sum: 0.5]
      [GC Worker Other (ms): Min: 0.0, Avg: 0.0, Max: 0.0, Diff: 0.0, Sum: 0.1]
      [GC Worker Total (ms): Min: 0.0, Avg: 0.7, Max: 1.0, Diff: 1.0, Sum: 5.4]
      [GC Worker End (ms): Min: 8537.7, Avg: 8537.7, Max: 8537.7, Diff: 0.0]
   [Code Root Fixup: 0.0 ms]
   [Clear CT: 0.1 ms]
   [Other: 0.4 ms]
      [Choose CSet: 0.0 ms]
      [Ref Proc: 0.2 ms]
      [Ref Enq: 0.0 ms]
      [Free CSet: 0.1 ms]
   [Eden: 317.0M(317.0M)->0.0B(317.0M) Survivors: 2048.0K->2048.0K Heap: 327.8M(533.0M)->10.9M(533.0M)]
 [Times: user=0.00 sys=0.00, real=0.00 secs] 
8.577: [GC pause (young)8.578: [SoftReference, 0 refs, 0.0000290 secs]8.578: [WeakReference, 0 refs, 0.0000110 secs]8.578: [FinalReference, 0 refs, 0.0000020 secs]8.578: [PhantomReference, 0 refs, 0.0000020 secs]8.578: [JNI Weak Reference, 0.0000160 secs], 0.0015580 secs]
   [Parallel Time: 1.1 ms, GC Workers: 8]
      [GC Worker Start (ms): Min: 8577.1, Avg: 8577.5, Max: 8578.1, Diff: 1.0]
      [Ext Root Scanning (ms): Min: 0.0, Avg: 0.2, Max: 0.3, Diff: 0.3, Sum: 1.3]
      [Update RS (ms): Min: 0.0, Avg: 0.0, Max: 0.0, Diff: 0.0, Sum: 0.1]
         [Processed Buffers: Min: 0, Avg: 0.8, Max: 3, Diff: 3, Sum: 6]
      [Scan RS (ms): Min: 0.0, Avg: 0.1, Max: 0.1, Diff: 0.1, Sum: 0.4]
      [Object Copy (ms): Min: 0.0, Avg: 0.3, Max: 0.6, Diff: 0.6, Sum: 2.6]
      [Termination (ms): Min: 0.0, Avg: 0.1, Max: 0.1, Diff: 0.1, Sum: 0.6]
      [GC Worker Other (ms): Min: 0.0, Avg: 0.0, Max: 0.0, Diff: 0.0, Sum: 0.1]
      [GC Worker Total (ms): Min: 0.0, Avg: 0.6, Max: 1.1, Diff: 1.0, Sum: 5.1]
      [GC Worker End (ms): Min: 8578.2, Avg: 8578.2, Max: 8578.2, Diff: 0.0]
   [Code Root Fixup: 0.0 ms]
   [Clear CT: 0.1 ms]
   [Other: 0.3 ms]
      [Choose CSet: 0.0 ms]
      [Ref Proc: 0.2 ms]
      [Ref Enq: 0.0 ms]
      [Free CSet: 0.1 ms]
   [Eden: 317.0M(317.0M)->0.0B(318.0M) Survivors: 2048.0K->1024.0K Heap: 327.9M(533.0M)->10.6M(533.0M)]
 [Times: user=0.01 sys=0.00, real=0.00 secs] 
8.617: [GC pause (young)8.618: [SoftReference, 0 refs, 0.0000230 secs]8.618: [WeakReference, 0 refs, 0.0000130 secs]8.618: [FinalReference, 0 refs, 0.0000030 secs]8.618: [PhantomReference, 0 refs, 0.0000020 secs]8.618: [JNI Weak Reference, 0.0000020 secs], 0.0014320 secs]
   [Parallel Time: 1.0 ms, GC Workers: 8]
      [GC Worker Start (ms): Min: 8616.9, Avg: 8617.2, Max: 8617.8, Diff: 0.9]
      [Ext Root Scanning (ms): Min: 0.0, Avg: 0.2, Max: 0.3, Diff: 0.3, Sum: 1.5]
      [Update RS (ms): Min: 0.0, Avg: 0.0, Max: 0.0, Diff: 0.0, Sum: 0.1]
         [Processed Buffers: Min: 0, Avg: 0.9, Max: 4, Diff: 4, Sum: 7]
      [Scan RS (ms): Min: 0.0, Avg: 0.1, Max: 0.1, Diff: 0.1, Sum: 0.5]
      [Object Copy (ms): Min: 0.0, Avg: 0.3, Max: 0.5, Diff: 0.5, Sum: 2.6]
      [Termination (ms): Min: 0.0, Avg: 0.1, Max: 0.1, Diff: 0.1, Sum: 0.6]
      [GC Worker Other (ms): Min: 0.0, Avg: 0.0, Max: 0.0, Diff: 0.0, Sum: 0.1]
      [GC Worker Total (ms): Min: 0.0, Avg: 0.7, Max: 0.9, Diff: 0.9, Sum: 5.4]
      [GC Worker End (ms): Min: 8617.8, Avg: 8617.8, Max: 8617.8, Diff: 0.0]
   [Code Root Fixup: 0.0 ms]
   [Clear CT: 0.1 ms]
   [Other: 0.4 ms]
      [Choose CSet: 0.0 ms]
      [Ref Proc: 0.2 ms]
      [Ref Enq: 0.0 ms]
      [Free CSet: 0.1 ms]
   [Eden: 318.0M(318.0M)->0.0B(317.0M) Survivors: 1024.0K->2048.0K Heap: 328.6M(533.0M)->10.7M(533.0M)]
 [Times: user=0.00 sys=0.00, real=0.00 secs] 
8.656: [GC pause (young)8.657: [SoftReference, 0 refs, 0.0000340 secs]8.657: [WeakReference, 0 refs, 0.0000030 secs]8.657: [FinalReference, 0 refs, 0.0000120 secs]8.657: [PhantomReference, 0 refs, 0.0000020 secs]8.657: [JNI Weak Reference, 0.0000020 secs], 0.0014570 secs]
   [Parallel Time: 1.0 ms, GC Workers: 8]
      [GC Worker Start (ms): Min: 8656.1, Avg: 8656.4, Max: 8656.8, Diff: 0.7]
      [Ext Root Scanning (ms): Min: 0.0, Avg: 0.2, Max: 0.3, Diff: 0.3, Sum: 1.4]
      [Update RS (ms): Min: 0.0, Avg: 0.0, Max: 0.0, Diff: 0.0, Sum: 0.1]
         [Processed Buffers: Min: 0, Avg: 0.9, Max: 3, Diff: 3, Sum: 7]
      [Scan RS (ms): Min: 0.0, Avg: 0.1, Max: 0.1, Diff: 0.1, Sum: 0.5]
      [Object Copy (ms): Min: 0.1, Avg: 0.3, Max: 0.5, Diff: 0.3, Sum: 2.7]
      [Termination (ms): Min: 0.0, Avg: 0.1, Max: 0.1, Diff: 0.1, Sum: 0.5]
      [GC Worker Other (ms): Min: 0.0, Avg: 0.0, Max: 0.0, Diff: 0.0, Sum: 0.2]
      [GC Worker Total (ms): Min: 0.2, Avg: 0.7, Max: 0.9, Diff: 0.7, Sum: 5.3]
      [GC Worker End (ms): Min: 8657.0, Avg: 8657.0, Max: 8657.1, Diff: 0.0]
   [Code Root Fixup: 0.0 ms]
   [Clear CT: 0.1 ms]
   [Other: 0.4 ms]
      [Choose CSet: 0.0 ms]
      [Ref Proc: 0.2 ms]
      [Ref Enq: 0.0 ms]
      [Free CSet: 0.1 ms]
   [Eden: 317.0M(317.0M)->0.0B(317.0M) Survivors: 2048.0K->2048.0K Heap: 327.7M(533.0M)->11.4M(533.0M)]
 [Times: user=0.01 sys=0.00, real=0.00 secs] 
8.696: [GC pause (young)8.698: [SoftReference, 0 refs, 0.0000150 secs]8.698: [WeakReference, 0 refs, 0.0000340 secs]8.698: [FinalReference, 0 refs, 0.0000030 secs]8.698: [PhantomReference, 0 refs, 0.0000020 secs]8.698: [JNI Weak Reference, 0.0000020 secs], 0.0015810 secs]
   [Parallel Time: 1.1 ms, GC Workers: 8]
      [GC Worker Start (ms): Min: 8696.4, Avg: 8696.8, Max: 8697.4, Diff: 1.0]
      [Ext Root Scanning (ms): Min: 0.0, Avg: 0.2, Max: 0.3, Diff: 0.3, Sum: 1.4]
      [Update RS (ms): Min: 0.0, Avg: 0.0, Max: 0.0, Diff: 0.0, Sum: 0.1]
         [Processed Buffers: Min: 0, Avg: 0.6, Max: 2, Diff: 2, Sum: 5]
      [Scan RS (ms): Min: 0.0, Avg: 0.1, Max: 0.1, Diff: 0.1, Sum: 0.4]
      [Object Copy (ms): Min: 0.0, Avg: 0.3, Max: 0.5, Diff: 0.5, Sum: 2.6]
      [Termination (ms): Min: 0.0, Avg: 0.1, Max: 0.1, Diff: 0.1, Sum: 0.5]
      [GC Worker Other (ms): Min: 0.0, Avg: 0.0, Max: 0.0, Diff: 0.0, Sum: 0.1]
      [GC Worker Total (ms): Min: 0.0, Avg: 0.6, Max: 1.0, Diff: 1.0, Sum: 5.1]
      [GC Worker End (ms): Min: 8697.4, Avg: 8697.4, Max: 8697.4, Diff: 0.0]
   [Code Root Fixup: 0.0 ms]
   [Clear CT: 0.1 ms]
   [Other: 0.3 ms]
      [Choose CSet: 0.0 ms]
      [Ref Proc: 0.2 ms]
      [Ref Enq: 0.0 ms]
      [Free CSet: 0.1 ms]
   [Eden: 317.0M(317.0M)->0.0B(318.0M) Survivors: 2048.0K->1024.0K Heap: 328.4M(533.0M)->10.6M(533.0M)]
 [Times: user=0.00 sys=0.00, real=0.00 secs] 
8.736: [GC pause (young)8.737: [SoftReference, 0 refs, 0.0000130 secs]8.737: [WeakReference, 0 refs, 0.0000020 secs]8.737: [FinalReference, 0 refs, 0.0000020 secs]8.737: [PhantomReference, 0 refs, 0.0000020 secs]8.737: [JNI Weak Reference, 0.0000030 secs], 0.0014760 secs]
   [Parallel Time: 1.0 ms, GC Workers: 8]
      [GC Worker Start (ms): Min: 8735.7, Avg: 8736.1, Max: 8736.6, Diff: 0.9]
      [Ext Root Scanning (ms): Min: 0.0, Avg: 0.2, Max: 0.3, Diff: 0.3, Sum: 1.3]
      [Update RS (ms): Min: 0.0, Avg: 0.0, Max: 0.0, Diff: 0.0, Sum: 0.1]
         [Processed Buffers: Min: 0, Avg: 1.0, Max: 4, Diff: 4, Sum: 8]
      [Scan RS (ms): Min: 0.0, Avg: 0.1, Max: 0.1, Diff: 0.1, Sum: 0.4]
      [Object Copy (ms): Min: 0.0, Avg: 0.2, Max: 0.4, Diff: 0.4, Sum: 2.0]
      [Termination (ms): Min: 0.0, Avg: 0.1, Max: 0.1, Diff: 0.1, Sum: 0.8]
      [GC Worker Other (ms): Min: 0.0, Avg: 0.0, Max: 0.0, Diff: 0.0, Sum: 0.1]
      [GC Worker Total (ms): Min: 0.0, Avg: 0.6, Max: 0.9, Diff: 0.9, Sum: 4.7]
      [GC Worker End (ms): Min: 8736.6, Avg: 8736.7, Max: 8736.7, Diff: 0.0]
   [Code Root Fixup: 0.0 ms]
   [Clear CT: 0.1 ms]
   [Other: 0.3 ms]
      [Choose CSet: 0.0 ms]
      [Ref Proc: 0.2 ms]
      [Ref Enq: 0.0 ms]
      [Free CSet: 0.1 ms]
   [Eden: 318.0M(318.0M)->0.0B(318.0M) Survivors: 1024.0K->1024.0K Heap: 328.6M(533.0M)->10.3M(533.0M)]
 [Times: user=0.00 sys=0.00, real=0.00 secs] 
8.776: [GC pause (young)8.777: [SoftReference, 0 refs, 0.0000230 secs]8.777: [WeakReference, 0 refs, 0.0000120 secs]8.777: [FinalReference, 0 refs, 0.0000020 secs]8.777: [PhantomReference, 0 refs, 0.0000020 secs]8.777: [JNI Weak Reference, 0.0000020 secs], 0.0015280 secs]
   [Parallel Time: 1.1 ms, GC Workers: 8]
      [GC Worker Start (ms): Min: 8776.1, Avg: 8776.3, Max: 8777.0, Diff: 0.9]
      [Ext Root Scanning (ms): Min: 0.0, Avg: 0.2, Max: 0.3, Diff: 0.3, Sum: 1.5]
      [Update RS (ms): Min: 0.0, Avg: 0.0, Max: 0.0, Diff: 0.0, Sum: 0.1]
         [Processed Buffers: Min: 0, Avg: 0.9, Max: 4, Diff: 4, Sum: 7]
      [Scan RS (ms): Min: 0.0, Avg: 0.1, Max: 0.1, Diff: 0.1, Sum: 0.5]
      [Object Copy (ms): Min: 0.0, Avg: 0.4, Max: 0.5, Diff: 0.5, Sum: 2.9]
      [Termination (ms): Min: 0.0, Avg: 0.1, Max: 0.1, Diff: 0.1, Sum: 0.6]
      [GC Worker Other (ms): Min: 0.0, Avg: 0.0, Max: 0.0, Diff: 0.0, Sum: 0.1]
      [GC Worker Total (ms): Min: 0.0, Avg: 0.7, Max: 1.0, Diff: 0.9, Sum: 5.7]
      [GC Worker End (ms): Min: 8777.0, Avg: 8777.1, Max: 8777.1, Diff: 0.0]
   [Code Root Fixup: 0.0 ms]
   [Clear CT: 0.1 ms]
   [Other: 0.3 ms]
      [Choose CSet: 0.0 ms]
      [Ref Proc: 0.2 ms]
      [Ref Enq: 0.0 ms]
      [Free CSet: 0.1 ms]
   [Eden: 318.0M(318.0M)->0.0B(318.0M) Survivors: 1024.0K->1024.0K Heap: 328.3M(533.0M)->10.6M(533.0M)]
 [Times: user=0.00 sys=0.00, real=0.00 secs] 
8.816: [GC pause (young)8.817: [SoftReference, 0 refs, 0.0000260 secs]8.817: [WeakReference, 0 refs, 0.0000030 secs]8.817: [FinalReference, 0 refs, 0.0000130 secs]8.817: [PhantomReference, 0 refs, 0.0000020 secs]8.817: [JNI Weak Reference, 0.0000030 secs], 0.0014000 secs]
   [Parallel Time: 1.0 ms, GC Workers: 8]
      [GC Worker Start (ms): Min: 8815.7, Avg: 8816.0, Max: 8816.6, Diff: 0.9]
      [Ext Root Scanning (ms): Min: 0.0, Avg: 0.2, Max: 0.3, Diff: 0.3, Sum: 1.4]
      [Update RS (ms): Min: 0.0, Avg: 0.0, Max: 0.0, Diff: 0.0, Sum: 0.0]
         [Processed Buffers: Min: 0, Avg: 1.0, Max: 4, Diff: 4, Sum: 8]
      [Scan RS (ms): Min: 0.0, Avg: 0.1, Max: 0.1, Diff: 0.1, Sum: 0.4]
      [Object Copy (ms): Min: 0.0, Avg: 0.3, Max: 0.5, Diff: 0.5, Sum: 2.0]
      [Termination (ms): Min: 0.0, Avg: 0.1, Max: 0.1, Diff: 0.1, Sum: 0.6]
      [GC Worker Other (ms): Min: 0.0, Avg: 0.0, Max: 0.0, Diff: 0.0, Sum: 0.1]
      [GC Worker Total (ms): Min: 0.0, Avg: 0.6, Max: 0.9, Diff: 0.9, Sum: 4.6]
      [GC Worker End (ms): Min: 8816.6, Avg: 8816.6, Max: 8816.6, Diff: 0.0]
   [Code Root Fixup: 0.0 ms]
   [Clear CT: 0.1 ms]
   [Other: 0.3 ms]
      [Choose CSet: 0.0 ms]
      [Ref Proc: 0.2 ms]
      [Ref Enq: 0.0 ms]
      [Free CSet: 0.1 ms]
   [Eden: 318.0M(318.0M)->0.0B(317.0M) Survivors: 1024.0K->2048.0K Heap: 328.6M(533.0M)->11.2M(533.0M)]
 [Times: user=0.00 sys=0.00, real=0.00 secs] 
8.856: [GC pause (young)8.857: [SoftReference, 0 refs, 0.0000250 secs]8.857: [WeakReference, 0 refs, 0.0000020 secs]8.857: [FinalReference, 0 refs, 0.0000020 secs]8.857: [PhantomReference, 0 refs, 0.0000020 secs]8.857: [JNI Weak Reference, 0.0000020 secs], 0.0015390 secs]
   [Parallel Time: 1.0 ms, GC Workers: 8]
      [GC Worker Start (ms): Min: 8855.6, Avg: 8856.0, Max: 8856.6, Diff: 1.0]
      [Ext Root Scanning (ms): Min: 0.0, Avg: 0.2, Max: 0.3, Diff: 0.3, Sum: 1.3]
      [Update RS (ms): Min: 0.0, Avg: 0.0, Max: 0.0, Diff: 0.0, Sum: 0.1]
         [Processed Buffers: Min: 0, Avg: 0.9, Max: 3, Diff: 3, Sum: 7]
      [Scan RS (ms): Min: 0.0, Avg: 0.1, Max: 0.1, Diff: 0.1, Sum: 0.4]
      [Object Copy (ms): Min: 0.0, Avg: 0.3, Max: 0.5, Diff: 0.5, Sum: 2.4]
      [Termination (ms): Min: 0.0, Avg: 0.1, Max: 0.1, Diff: 0.1, Sum: 0.5]
      [GC Worker Other (ms): Min: 0.0, Avg: 0.0, Max: 0.0, Diff: 0.0, Sum: 0.1]
      [GC Worker Total (ms): Min: 0.0, Avg: 0.6, Max: 1.0, Diff: 1.0, Sum: 4.9]
      [GC Worker End (ms): Min: 8856.6, Avg: 8856.6, Max: 8856.6, Diff: 0.0]
   [Code Root Fixup: 0.0 ms]
   [Clear CT: 0.1 ms]
   [Other: 0.4 ms]
      [Choose CSet: 0.0 ms]
      [Ref Proc: 0.2 ms]
      [Ref Enq: 0.0 ms]
      [Free CSet: 0.2 ms]
   [Eden: 317.0M(317.0M)->0.0B(318.0M) Survivors: 2048.0K->1024.0K Heap: 328.2M(533.0M)->10.7M(533.0M)]
 [Times: user=0.00 sys=0.00, real=0.00 secs] 
8.897: [GC pause (young)8.898: [SoftReference, 0 refs, 0.0000350 secs]8.898: [WeakReference, 0 refs, 0.0000030 secs]8.898: [FinalReference, 0 refs, 0.0000030 secs]8.898: [PhantomReference, 0 refs, 0.0000020 secs]8.898: [JNI Weak Reference, 0.0000020 secs], 0.0016710 secs]
   [Parallel Time: 1.2 ms, GC Workers: 8]
      [GC Worker Start (ms): Min: 8896.9, Avg: 8897.2, Max: 8898.0, Diff: 1.1]
      [Ext Root Scanning (ms): Min: 0.0, Avg: 0.2, Max: 0.3, Diff: 0.3, Sum: 1.4]
      [Update RS (ms): Min: 0.0, Avg: 0.0, Max: 0.0, Diff: 0.0, Sum: 0.1]
         [Processed Buffers: Min: 0, Avg: 0.9, Max: 4, Diff: 4, Sum: 7]
      [Scan RS (ms): Min: 0.0, Avg: 0.1, Max: 0.1, Diff: 0.1, Sum: 0.6]
      [Object Copy (ms): Min: 0.0, Avg: 0.4, Max: 0.6, Diff: 0.6, Sum: 3.4]
      [Termination (ms): Min: 0.0, Avg: 0.1, Max: 0.1, Diff: 0.1, Sum: 0.6]
      [GC Worker Other (ms): Min: 0.0, Avg: 0.0, Max: 0.0, Diff: 0.0, Sum: 0.1]
      [GC Worker Total (ms): Min: 0.0, Avg: 0.8, Max: 1.1, Diff: 1.1, Sum: 6.1]
      [GC Worker End (ms): Min: 8898.0, Avg: 8898.0, Max: 8898.0, Diff: 0.0]
   [Code Root Fixup: 0.0 ms]
   [Clear CT: 0.1 ms]
   [Other: 0.3 ms]
      [Choose CSet: 0.0 ms]
      [Ref Proc: 0.2 ms]
      [Ref Enq: 0.0 ms]
      [Free CSet: 0.1 ms]
   [Eden: 318.0M(318.0M)->0.0B(317.0M) Survivors: 1024.0K->2048.0K Heap: 328.7M(533.0M)->11.4M(533.0M)]
 [Times: user=0.00 sys=0.01, real=0.00 secs] 
8.937: [GC pause (young)8.938: [SoftReference, 0 refs, 0.0000340 secs]8.938: [WeakReference, 0 refs, 0.0000020 secs]8.938: [FinalReference, 0 refs, 0.0000020 secs]8.938: [PhantomReference, 0 refs, 0.0000020 secs]8.938: [JNI Weak Reference, 0.0000030 secs], 0.0014430 secs]
   [Parallel Time: 0.9 ms, GC Workers: 8]
      [GC Worker Start (ms): Min: 8936.8, Avg: 8937.2, Max: 8937.7, Diff: 0.9]
      [Ext Root Scanning (ms): Min: 0.0, Avg: 0.2, Max: 0.3, Diff: 0.3, Sum: 1.5]
      [Update RS (ms): Min: 0.0, Avg: 0.0, Max: 0.0, Diff: 0.0, Sum: 0.1]
         [Processed Buffers: Min: 0, Avg: 1.0, Max: 2, Diff: 2, Sum: 8]
      [Scan RS (ms): Min: 0.0, Avg: 0.1, Max: 0.1, Diff: 0.1, Sum: 0.4]
      [Object Copy (ms): Min: 0.0, Avg: 0.2, Max: 0.4, Diff: 0.4, Sum: 1.7]
      [Termination (ms): Min: 0.0, Avg: 0.1, Max: 0.2, Diff: 0.2, Sum: 0.8]
      [GC Worker Other (ms): Min: 0.0, Avg: 0.0, Max: 0.0, Diff: 0.0, Sum: 0.0]
      [GC Worker Total (ms): Min: 0.0, Avg: 0.6, Max: 0.9, Diff: 0.9, Sum: 4.5]
      [GC Worker End (ms): Min: 8937.7, Avg: 8937.7, Max: 8937.8, Diff: 0.0]
   [Code Root Fixup: 0.0 ms]
   [Clear CT: 0.2 ms]
   [Other: 0.3 ms]
      [Choose CSet: 0.0 ms]
      [Ref Proc: 0.1 ms]
      [Ref Enq: 0.0 ms]
      [Free CSet: 0.1 ms]
   [Eden: 317.0M(317.0M)->0.0B(317.0M) Survivors: 2048.0K->2048.0K Heap: 328.4M(533.0M)->11.5M(533.0M)]
 [Times: user=0.00 sys=0.00, real=0.00 secs] 
8.977: [GC pause (young)8.978: [SoftReference, 0 refs, 0.0000330 secs]8.978: [WeakReference, 0 refs, 0.0000120 secs]8.978: [FinalReference, 0 refs, 0.0000030 secs]8.978: [PhantomReference, 0 refs, 0.0000020 secs]8.978: [JNI Weak Reference, 0.0000020 secs], 0.0015560 secs]
   [Parallel Time: 1.1 ms, GC Workers: 8]
      [GC Worker Start (ms): Min: 8976.9, Avg: 8977.0, Max: 8977.6, Diff: 0.7]
      [Ext Root Scanning (ms): Min: 0.0, Avg: 0.2, Max: 0.3, Diff: 0.3, Sum: 1.6]
      [Update RS (ms): Min: 0.0, Avg: 0.0, Max: 0.0, Diff: 0.0, Sum: 0.1]
         [Processed Buffers: Min: 0, Avg: 0.9, Max: 4, Diff: 4, Sum: 7]
      [Scan RS (ms): Min: 0.0, Avg: 0.1, Max: 0.1, Diff: 0.1, Sum: 0.6]
      [Object Copy (ms): Min: 0.2, Avg: 0.5, Max: 0.6, Diff: 0.4, Sum: 3.9]
      [Termination (ms): Min: 0.0, Avg: 0.1, Max: 0.1, Diff: 0.1, Sum: 0.5]
      [GC Worker Other (ms): Min: 0.0, Avg: 0.0, Max: 0.0, Diff: 0.0, Sum: 0.1]
      [GC Worker Total (ms): Min: 0.3, Avg: 0.9, Max: 1.0, Diff: 0.7, Sum: 6.8]
      [GC Worker End (ms): Min: 8977.8, Avg: 8977.8, Max: 8977.9, Diff: 0.0]
   [Code Root Fixup: 0.0 ms]
   [Clear CT: 0.1 ms]
   [Other: 0.4 ms]
      [Choose CSet: 0.0 ms]
      [Ref Proc: 0.2 ms]
      [Ref Enq: 0.0 ms]
      [Free CSet: 0.1 ms]
   [Eden: 317.0M(317.0M)->0.0B(317.0M) Survivors: 2048.0K->2048.0K Heap: 328.5M(533.0M)->10.9M(533.0M)]
 [Times: user=0.00 sys=0.00, real=0.00 secs] 
9.017: [GC pause (young)9.018: [SoftReference, 0 refs, 0.0000300 secs]9.018: [WeakReference, 0 refs, 0.0000030 secs]9.018: [FinalReference, 0 refs, 0.0000120 secs]9.018: [PhantomReference, 0 refs, 0.0000020 secs]9.018: [JNI Weak Reference, 0.0000030 secs], 0.0015680 secs]
   [Parallel Time: 1.0 ms, GC Workers: 8]
      [GC Worker Start (ms): Min: 9017.2, Avg: 9017.6, Max: 9018.2, Diff: 0.9]
      [Ext Root Scanning (ms): Min: 0.0, Avg: 0.2, Max: 0.3, Diff: 0.3, Sum: 1.3]
      [Update RS (ms): Min: 0.0, Avg: 0.0, Max: 0.0, Diff: 0.0, Sum: 0.0]
         [Processed Buffers: Min: 0, Avg: 1.0, Max: 5, Diff: 5, Sum: 8]
      [Scan RS (ms): Min: 0.0, Avg: 0.1, Max: 0.1, Diff: 0.1, Sum: 0.4]
      [Object Copy (ms): Min: 0.0, Avg: 0.3, Max: 0.5, Diff: 0.5, Sum: 2.3]
      [Termination (ms): Min: 0.0, Avg: 0.1, Max: 0.1, Diff: 0.1, Sum: 0.5]
      [GC Worker Other (ms): Min: 0.0, Avg: 0.0, Max: 0.0, Diff: 0.0, Sum: 0.0]
      [GC Worker Total (ms): Min: 0.0, Avg: 0.6, Max: 1.0, Diff: 1.0, Sum: 4.8]
      [GC Worker End (ms): Min: 9018.2, Avg: 9018.2, Max: 9018.2, Diff: 0.0]
   [Code Root Fixup: 0.0 ms]
   [Clear CT: 0.1 ms]
   [Other: 0.4 ms]
      [Choose CSet: 0.0 ms]
      [Ref Proc: 0.2 ms]
      [Ref Enq: 0.0 ms]
      [Free CSet: 0.1 ms]
   [Eden: 317.0M(317.0M)->0.0B(318.0M) Survivors: 2048.0K->1024.0K Heap: 327.9M(533.0M)->10.7M(533.0M)]
 [Times: user=0.01 sys=0.00, real=0.00 secs] 
9.058: [GC pause (young)9.059: [SoftReference, 0 refs, 0.0000140 secs]9.059: [WeakReference, 0 refs, 0.0000120 secs]9.059: [FinalReference, 0 refs, 0.0000030 secs]9.059: [PhantomReference, 0 refs, 0.0000120 secs]9.059: [JNI Weak Reference, 0.0000020 secs], 0.0014230 secs]
   [Parallel Time: 1.0 ms, GC Workers: 8]
      [GC Worker Start (ms): Min: 9057.7, Avg: 9058.1, Max: 9058.6, Diff: 0.9]
      [Ext Root Scanning (ms): Min: 0.0, Avg: 0.2, Max: 0.3, Diff: 0.3, Sum: 1.4]
      [Update RS (ms): Min: 0.0, Avg: 0.0, Max: 0.0, Diff: 0.0, Sum: 0.0]
         [Processed Buffers: Min: 0, Avg: 0.9, Max: 4, Diff: 4, Sum: 7]
      [Scan RS (ms): Min: 0.0, Avg: 0.1, Max: 0.1, Diff: 0.1, Sum: 0.5]
      [Object Copy (ms): Min: 0.0, Avg: 0.3, Max: 0.5, Diff: 0.5, Sum: 2.1]
      [Termination (ms): Min: 0.0, Avg: 0.1, Max: 0.1, Diff: 0.1, Sum: 0.6]
      [GC Worker Other (ms): Min: 0.0, Avg: 0.0, Max: 0.0, Diff: 0.0, Sum: 0.1]
      [GC Worker Total (ms): Min: 0.0, Avg: 0.6, Max: 1.0, Diff: 0.9, Sum: 4.6]
      [GC Worker End (ms): Min: 9058.6, Avg: 9058.6, Max: 9058.7, Diff: 0.0]
   [Code Root Fixup: 0.0 ms]
   [Clear CT: 0.1 ms]
   [Other: 0.3 ms]
      [Choose CSet: 0.0 ms]
      [Ref Proc: 0.2 ms]
      [Ref Enq: 0.0 ms]
      [Free CSet: 0.1 ms]
   [Eden: 318.0M(318.0M)->0.0B(318.0M) Survivors: 1024.0K->1024.0K Heap: 328.7M(533.0M)->10.6M(533.0M)]
 [Times: user=0.01 sys=0.00, real=0.00 secs] 
9.098: [GC pause (young)9.099: [SoftReference, 0 refs, 0.0000350 secs]9.099: [WeakReference, 0 refs, 0.0000030 secs]9.099: [FinalReference, 0 refs, 0.0000020 secs]9.099: [PhantomReference, 0 refs, 0.0000020 secs]9.099: [JNI Weak Reference, 0.0000020 secs], 0.0017040 secs]
   [Parallel Time: 1.2 ms, GC Workers: 8]
      [GC Worker Start (ms): Min: 9097.9, Avg: 9098.3, Max: 9099.1, Diff: 1.1]
      [Ext Root Scanning (ms): Min: 0.0, Avg: 0.2, Max: 0.3, Diff: 0.3, Sum: 1.4]
      [Update RS (ms): Min: 0.0, Avg: 0.0, Max: 0.0, Diff: 0.0, Sum: 0.0]
         [Processed Buffers: Min: 0, Avg: 0.9, Max: 5, Diff: 5, Sum: 7]
      [Scan RS (ms): Min: 0.0, Avg: 0.1, Max: 0.2, Diff: 0.2, Sum: 0.6]
      [Object Copy (ms): Min: 0.0, Avg: 0.4, Max: 0.7, Diff: 0.7, Sum: 3.6]
      [Termination (ms): Min: 0.0, Avg: 0.1, Max: 0.1, Diff: 0.1, Sum: 0.5]
      [GC Worker Other (ms): Min: 0.0, Avg: 0.0, Max: 0.0, Diff: 0.0, Sum: 0.1]
      [GC Worker Total (ms): Min: 0.0, Avg: 0.8, Max: 1.2, Diff: 1.1, Sum: 6.2]
      [GC Worker End (ms): Min: 9099.1, Avg: 9099.1, Max: 9099.1, Diff: 0.0]
   [Code Root Fixup: 0.0 ms]
   [Clear CT: 0.1 ms]
   [Other: 0.4 ms]
      [Choose CSet: 0.0 ms]
      [Ref Proc: 0.2 ms]
      [Ref Enq: 0.0 ms]
      [Free CSet: 0.1 ms]
   [Eden: 318.0M(318.0M)->0.0B(317.0M) Survivors: 1024.0K->2048.0K Heap: 328.6M(533.0M)->11.9M(533.0M)]
 [Times: user=0.01 sys=0.00, real=0.00 secs] 
9.138: [GC pause (young)9.139: [SoftReference, 0 refs, 0.0000140 secs]9.139: [WeakReference, 0 refs, 0.0000020 secs]9.139: [FinalReference, 0 refs, 0.0000020 secs]9.139: [PhantomReference, 0 refs, 0.0000020 secs]9.139: [JNI Weak Reference, 0.0000030 secs], 0.0016000 secs]
   [Parallel Time: 1.1 ms, GC Workers: 8]
      [GC Worker Start (ms): Min: 9137.9, Avg: 9138.2, Max: 9138.9, Diff: 1.0]
      [Ext Root Scanning (ms): Min: 0.0, Avg: 0.2, Max: 0.3, Diff: 0.3, Sum: 1.4]
      [Update RS (ms): Min: 0.0, Avg: 0.0, Max: 0.0, Diff: 0.0, Sum: 0.0]
         [Processed Buffers: Min: 0, Avg: 0.9, Max: 3, Diff: 3, Sum: 7]
      [Scan RS (ms): Min: 0.0, Avg: 0.1, Max: 0.1, Diff: 0.1, Sum: 0.5]
      [Object Copy (ms): Min: 0.0, Avg: 0.4, Max: 0.6, Diff: 0.6, Sum: 3.1]
      [Termination (ms): Min: 0.0, Avg: 0.1, Max: 0.1, Diff: 0.1, Sum: 0.6]
      [GC Worker Other (ms): Min: 0.0, Avg: 0.0, Max: 0.0, Diff: 0.0, Sum: 0.1]
      [GC Worker Total (ms): Min: 0.0, Avg: 0.7, Max: 1.0, Diff: 1.0, Sum: 5.8]
      [GC Worker End (ms): Min: 9138.9, Avg: 9139.0, Max: 9139.0, Diff: 0.0]
   [Code Root Fixup: 0.0 ms]
   [Clear CT: 0.1 ms]
   [Other: 0.3 ms]
      [Choose CSet: 0.0 ms]
      [Ref Proc: 0.2 ms]
      [Ref Enq: 0.0 ms]
      [Free CSet: 0.1 ms]
   [Eden: 317.0M(317.0M)->0.0B(318.0M) Survivors: 2048.0K->1024.0K Heap: 328.9M(533.0M)->10.9M(533.0M)]
 [Times: user=0.01 sys=0.00, real=0.00 secs] 
9.178: [GC pause (young)9.179: [SoftReference, 0 refs, 0.0000160 secs]9.179: [WeakReference, 0 refs, 0.0000170 secs]9.179: [FinalReference, 0 refs, 0.0000020 secs]9.179: [PhantomReference, 0 refs, 0.0000020 secs]9.179: [JNI Weak Reference, 0.0000020 secs], 0.0014330 secs]
   [Parallel Time: 0.9 ms, GC Workers: 8]
      [GC Worker Start (ms): Min: 9178.2, Avg: 9178.4, Max: 9178.9, Diff: 0.7]
      [Ext Root Scanning (ms): Min: 0.0, Avg: 0.2, Max: 0.3, Diff: 0.3, Sum: 1.5]
      [Update RS (ms): Min: 0.0, Avg: 0.0, Max: 0.0, Diff: 0.0, Sum: 0.1]
         [Processed Buffers: Min: 0, Avg: 1.0, Max: 4, Diff: 4, Sum: 8]
      [Scan RS (ms): Min: 0.0, Avg: 0.1, Max: 0.1, Diff: 0.1, Sum: 0.6]
      [Object Copy (ms): Min: 0.1, Avg: 0.3, Max: 0.5, Diff: 0.4, Sum: 2.8]
      [Termination (ms): Min: 0.0, Avg: 0.0, Max: 0.0, Diff: 0.0, Sum: 0.0]
      [GC Worker Other (ms): Min: 0.0, Avg: 0.0, Max: 0.0, Diff: 0.0, Sum: 0.2]
      [GC Worker Total (ms): Min: 0.2, Avg: 0.6, Max: 0.9, Diff: 0.7, Sum: 5.1]
      [GC Worker End (ms): Min: 9179.1, Avg: 9179.1, Max: 9179.1, Diff: 0.0]
   [Code Root Fixup: 0.0 ms]
   [Clear CT: 0.1 ms]
   [Other: 0.4 ms]
      [Choose CSet: 0.0 ms]
      [Ref Proc: 0.2 ms]
      [Ref Enq: 0.0 ms]
      [Free CSet: 0.1 ms]
   [Eden: 318.0M(318.0M)->0.0B(317.0M) Survivors: 1024.0K->2048.0K Heap: 328.9M(533.0M)->11.8M(533.0M)]
 [Times: user=0.00 sys=0.00, real=0.00 secs] 
9.218: [GC pause (young)9.219: [SoftReference, 0 refs, 0.0000240 secs]9.219: [WeakReference, 0 refs, 0.0000110 secs]9.219: [FinalReference, 0 refs, 0.0000020 secs]9.219: [PhantomReference, 0 refs, 0.0000020 secs]9.219: [JNI Weak Reference, 0.0000020 secs], 0.0014590 secs]
   [Parallel Time: 1.0 ms, GC Workers: 8]
      [GC Worker Start (ms): Min: 9218.3, Avg: 9218.4, Max: 9218.9, Diff: 0.7]
      [Ext Root Scanning (ms): Min: 0.0, Avg: 0.2, Max: 0.3, Diff: 0.3, Sum: 1.5]
      [Update RS (ms): Min: 0.0, Avg: 0.0, Max: 0.0, Diff: 0.0, Sum: 0.1]
         [Processed Buffers: Min: 0, Avg: 1.1, Max: 8, Diff: 8, Sum: 9]
      [Scan RS (ms): Min: 0.0, Avg: 0.1, Max: 0.1, Diff: 0.1, Sum: 0.6]
      [Object Copy (ms): Min: 0.1, Avg: 0.4, Max: 0.4, Diff: 0.3, Sum: 2.9]
      [Termination (ms): Min: 0.0, Avg: 0.1, Max: 0.1, Diff: 0.1, Sum: 0.5]
      [GC Worker Other (ms): Min: 0.0, Avg: 0.0, Max: 0.0, Diff: 0.0, Sum: 0.2]
      [GC Worker Total (ms): Min: 0.2, Avg: 0.7, Max: 0.9, Diff: 0.6, Sum: 5.7]
      [GC Worker End (ms): Min: 9219.1, Avg: 9219.2, Max: 9219.2, Diff: 0.0]
   [Code Root Fixup: 0.0 ms]
   [Clear CT: 0.1 ms]
   [Other: 0.3 ms]
      [Choose CSet: 0.0 ms]
      [Ref Proc: 0.2 ms]
      [Ref Enq: 0.0 ms]
      [Free CSet: 0.1 ms]
   [Eden: 317.0M(317.0M)->0.0B(318.0M) Survivors: 2048.0K->1024.0K Heap: 328.8M(533.0M)->10.6M(533.0M)]
 [Times: user=0.00 sys=0.00, real=0.00 secs] 
9.258: [GC pause (young)9.259: [SoftReference, 0 refs, 0.0000160 secs]9.259: [WeakReference, 0 refs, 0.0000030 secs]9.259: [FinalReference, 0 refs, 0.0000020 secs]9.259: [PhantomReference, 0 refs, 0.0000020 secs]9.259: [JNI Weak Reference, 0.0000020 secs], 0.0014590 secs]
   [Parallel Time: 1.0 ms, GC Workers: 8]
      [GC Worker Start (ms): Min: 9258.3, Avg: 9258.6, Max: 9259.2, Diff: 0.9]
      [Ext Root Scanning (ms): Min: 0.0, Avg: 0.2, Max: 0.3, Diff: 0.3, Sum: 1.4]
      [Update RS (ms): Min: 0.0, Avg: 0.0, Max: 0.0, Diff: 0.0, Sum: 0.1]
         [Processed Buffers: Min: 0, Avg: 1.0, Max: 4, Diff: 4, Sum: 8]
      [Scan RS (ms): Min: 0.0, Avg: 0.1, Max: 0.1, Diff: 0.1, Sum: 0.5]
      [Object Copy (ms): Min: 0.0, Avg: 0.4, Max: 0.5, Diff: 0.5, Sum: 3.0]
      [Termination (ms): Min: 0.0, Avg: 0.1, Max: 0.1, Diff: 0.1, Sum: 0.5]
      [GC Worker Other (ms): Min: 0.0, Avg: 0.0, Max: 0.0, Diff: 0.0, Sum: 0.1]
      [GC Worker Total (ms): Min: 0.0, Avg: 0.7, Max: 0.9, Diff: 0.9, Sum: 5.5]
      [GC Worker End (ms): Min: 9259.2, Avg: 9259.2, Max: 9259.2, Diff: 0.0]
   [Code Root Fixup: 0.0 ms]
   [Clear CT: 0.2 ms]
   [Other: 0.3 ms]
      [Choose CSet: 0.0 ms]
      [Ref Proc: 0.1 ms]
      [Ref Enq: 0.0 ms]
      [Free CSet: 0.1 ms]
   [Eden: 318.0M(318.0M)->0.0B(318.0M) Survivors: 1024.0K->1024.0K Heap: 328.6M(533.0M)->10.9M(533.0M)]
 [Times: user=0.00 sys=0.00, real=0.00 secs] 
9.299: [GC pause (young)9.300: [SoftReference, 0 refs, 0.0000330 secs]9.300: [WeakReference, 0 refs, 0.0000030 secs]9.300: [FinalReference, 0 refs, 0.0000030 secs]9.300: [PhantomReference, 0 refs, 0.0000020 secs]9.300: [JNI Weak Reference, 0.0000030 secs], 0.0015330 secs]
   [Parallel Time: 1.0 ms, GC Workers: 8]
      [GC Worker Start (ms): Min: 9298.7, Avg: 9299.0, Max: 9299.6, Diff: 1.0]
      [Ext Root Scanning (ms): Min: 0.0, Avg: 0.2, Max: 0.3, Diff: 0.3, Sum: 1.4]
      [Update RS (ms): Min: 0.0, Avg: 0.0, Max: 0.0, Diff: 0.0, Sum: 0.1]
         [Processed Buffers: Min: 0, Avg: 0.9, Max: 3, Diff: 3, Sum: 7]
      [Scan RS (ms): Min: 0.0, Avg: 0.1, Max: 0.1, Diff: 0.1, Sum: 0.5]
      [Object Copy (ms): Min: 0.0, Avg: 0.3, Max: 0.5, Diff: 0.5, Sum: 2.4]
      [Termination (ms): Min: 0.0, Avg: 0.1, Max: 0.1, Diff: 0.1, Sum: 0.5]
      [GC Worker Other (ms): Min: 0.0, Avg: 0.0, Max: 0.0, Diff: 0.0, Sum: 0.1]
      [GC Worker Total (ms): Min: 0.0, Avg: 0.6, Max: 1.0, Diff: 1.0, Sum: 5.0]
      [GC Worker End (ms): Min: 9299.6, Avg: 9299.6, Max: 9299.7, Diff: 0.0]
   [Code Root Fixup: 0.0 ms]
   [Clear CT: 0.1 ms]
   [Other: 0.4 ms]
      [Choose CSet: 0.0 ms]
      [Ref Proc: 0.2 ms]
      [Ref Enq: 0.0 ms]
      [Free CSet: 0.1 ms]
   [Eden: 318.0M(318.0M)->0.0B(316.0M) Survivors: 1024.0K->3072.0K Heap: 328.9M(533.0M)->12.6M(533.0M)]
 [Times: user=0.00 sys=0.00, real=0.00 secs] 
9.339: [GC pause (young)9.340: [SoftReference, 0 refs, 0.0000250 secs]9.340: [WeakReference, 0 refs, 0.0000120 secs]9.340: [FinalReference, 0 refs, 0.0000020 secs]9.340: [PhantomReference, 0 refs, 0.0000020 secs]9.340: [JNI Weak Reference, 0.0000020 secs], 0.0017100 secs]
   [Parallel Time: 1.2 ms, GC Workers: 8]
      [GC Worker Start (ms): Min: 9338.7, Avg: 9339.1, Max: 9339.8, Diff: 1.1]
      [Ext Root Scanning (ms): Min: 0.0, Avg: 0.2, Max: 0.4, Diff: 0.3, Sum: 1.4]
      [Update RS (ms): Min: 0.0, Avg: 0.0, Max: 0.0, Diff: 0.0, Sum: 0.0]
         [Processed Buffers: Min: 0, Avg: 0.9, Max: 4, Diff: 4, Sum: 7]
      [Scan RS (ms): Min: 0.0, Avg: 0.1, Max: 0.1, Diff: 0.1, Sum: 0.6]
      [Object Copy (ms): Min: 0.0, Avg: 0.4, Max: 0.6, Diff: 0.6, Sum: 2.8]
      [Termination (ms): Min: 0.0, Avg: 0.1, Max: 0.1, Diff: 0.1, Sum: 0.6]
      [GC Worker Other (ms): Min: 0.0, Avg: 0.0, Max: 0.0, Diff: 0.0, Sum: 0.0]
      [GC Worker Total (ms): Min: 0.0, Avg: 0.7, Max: 1.1, Diff: 1.1, Sum: 5.5]
      [GC Worker End (ms): Min: 9339.8, Avg: 9339.8, Max: 9339.8, Diff: 0.0]
   [Code Root Fixup: 0.0 ms]
   [Clear CT: 0.1 ms]
   [Other: 0.4 ms]
      [Choose CSet: 0.0 ms]
      [Ref Proc: 0.2 ms]
      [Ref Enq: 0.0 ms]
      [Free CSet: 0.1 ms]
   [Eden: 316.0M(316.0M)->0.0B(316.0M) Survivors: 3072.0K->3072.0K Heap: 328.6M(533.0M)->12.2M(533.0M)]
 [Times: user=0.01 sys=0.00, real=0.00 secs] 
9.379: [GC pause (young)9.381: [SoftReference, 0 refs, 0.0000260 secs]9.381: [WeakReference, 0 refs, 0.0000020 secs]9.381: [FinalReference, 0 refs, 0.0000020 secs]9.381: [PhantomReference, 0 refs, 0.0000020 secs]9.381: [JNI Weak Reference, 0.0000020 secs], 0.0018130 secs]
   [Parallel Time: 1.3 ms, GC Workers: 8]
      [GC Worker Start (ms): Min: 9379.2, Avg: 9379.6, Max: 9380.3, Diff: 1.1]
      [Ext Root Scanning (ms): Min: 0.0, Avg: 0.2, Max: 0.3, Diff: 0.3, Sum: 1.4]
      [Update RS (ms): Min: 0.0, Avg: 0.0, Max: 0.0, Diff: 0.0, Sum: 0.0]
         [Processed Buffers: Min: 0, Avg: 0.9, Max: 6, Diff: 6, Sum: 7]
      [Scan RS (ms): Min: 0.0, Avg: 0.1, Max: 0.2, Diff: 0.1, Sum: 0.5]
      [Object Copy (ms): Min: 0.0, Avg: 0.4, Max: 0.7, Diff: 0.7, Sum: 3.1]
      [Termination (ms): Min: 0.0, Avg: 0.1, Max: 0.1, Diff: 0.1, Sum: 0.6]
      [GC Worker Other (ms): Min: 0.0, Avg: 0.0, Max: 0.0, Diff: 0.0, Sum: 0.1]
      [GC Worker Total (ms): Min: 0.0, Avg: 0.7, Max: 1.1, Diff: 1.1, Sum: 5.7]
      [GC Worker End (ms): Min: 9380.3, Avg: 9380.3, Max: 9380.3, Diff: 0.0]
   [Code Root Fixup: 0.0 ms]
   [Clear CT: 0.1 ms]
   [Other: 0.4 ms]
      [Choose CSet: 0.0 ms]
      [Ref Proc: 0.3 ms]
      [Ref Enq: 0.0 ms]
      [Free CSet: 0.1 ms]
   [Eden: 316.0M(316.0M)->0.0B(317.0M) Survivors: 3072.0K->2048.0K Heap: 328.2M(533.0M)->11.7M(533.0M)]
 [Times: user=0.01 sys=0.00, real=0.00 secs] 
9.419: [GC pause (young)9.420: [SoftReference, 0 refs, 0.0000160 secs]9.420: [WeakReference, 0 refs, 0.0000030 secs]9.420: [FinalReference, 0 refs, 0.0000030 secs]9.420: [PhantomReference, 0 refs, 0.0000020 secs]9.420: [JNI Weak Reference, 0.0000020 secs], 0.0015780 secs]
   [Parallel Time: 1.1 ms, GC Workers: 8]
      [GC Worker Start (ms): Min: 9418.8, Avg: 9419.1, Max: 9419.6, Diff: 0.8]
      [Ext Root Scanning (ms): Min: 0.0, Avg: 0.2, Max: 0.3, Diff: 0.3, Sum: 1.4]
      [Update RS (ms): Min: 0.0, Avg: 0.0, Max: 0.0, Diff: 0.0, Sum: 0.1]
         [Processed Buffers: Min: 0, Avg: 0.6, Max: 3, Diff: 3, Sum: 5]
      [Scan RS (ms): Min: 0.0, Avg: 0.1, Max: 0.2, Diff: 0.2, Sum: 0.6]
      [Object Copy (ms): Min: 0.1, Avg: 0.4, Max: 0.7, Diff: 0.5, Sum: 2.9]
      [Termination (ms): Min: 0.0, Avg: 0.1, Max: 0.1, Diff: 0.1, Sum: 0.5]
      [GC Worker Other (ms): Min: 0.0, Avg: 0.0, Max: 0.0, Diff: 0.0, Sum: 0.1]
      [GC Worker Total (ms): Min: 0.2, Avg: 0.7, Max: 1.0, Diff: 0.8, Sum: 5.7]
      [GC Worker End (ms): Min: 9419.8, Avg: 9419.8, Max: 9419.8, Diff: 0.0]
   [Code Root Fixup: 0.0 ms]
   [Clear CT: 0.2 ms]
   [Other: 0.3 ms]
      [Choose CSet: 0.0 ms]
      [Ref Proc: 0.2 ms]
      [Ref Enq: 0.0 ms]
      [Free CSet: 0.1 ms]
   [Eden: 317.0M(317.0M)->0.0B(316.0M) Survivors: 2048.0K->3072.0K Heap: 328.7M(533.0M)->13.1M(533.0M)]
 [Times: user=0.01 sys=0.00, real=0.00 secs] 
9.458: [GC pause (young)9.459: [SoftReference, 0 refs, 0.0000140 secs]9.459: [WeakReference, 0 refs, 0.0000030 secs]9.459: [FinalReference, 0 refs, 0.0000020 secs]9.459: [PhantomReference, 0 refs, 0.0000020 secs]9.459: [JNI Weak Reference, 0.0000030 secs], 0.0015650 secs]
   [Parallel Time: 1.1 ms, GC Workers: 8]
      [GC Worker Start (ms): Min: 9458.3, Avg: 9458.5, Max: 9459.0, Diff: 0.7]
      [Ext Root Scanning (ms): Min: 0.0, Avg: 0.2, Max: 0.3, Diff: 0.3, Sum: 1.5]
      [Update RS (ms): Min: 0.0, Avg: 0.0, Max: 0.0, Diff: 0.0, Sum: 0.1]
         [Processed Buffers: Min: 0, Avg: 1.1, Max: 4, Diff: 4, Sum: 9]
      [Scan RS (ms): Min: 0.0, Avg: 0.1, Max: 0.1, Diff: 0.1, Sum: 0.5]
      [Object Copy (ms): Min: 0.2, Avg: 0.4, Max: 0.6, Diff: 0.4, Sum: 3.4]
      [Termination (ms): Min: 0.0, Avg: 0.1, Max: 0.1, Diff: 0.1, Sum: 0.5]
      [GC Worker Other (ms): Min: 0.0, Avg: 0.0, Max: 0.0, Diff: 0.0, Sum: 0.1]
      [GC Worker Total (ms): Min: 0.3, Avg: 0.8, Max: 1.0, Diff: 0.7, Sum: 6.1]
      [GC Worker End (ms): Min: 9459.3, Avg: 9459.3, Max: 9459.3, Diff: 0.0]
   [Code Root Fixup: 0.0 ms]
   [Clear CT: 0.2 ms]
   [Other: 0.3 ms]
      [Choose CSet: 0.0 ms]
      [Ref Proc: 0.2 ms]
      [Ref Enq: 0.0 ms]
      [Free CSet: 0.1 ms]
   [Eden: 316.0M(316.0M)->0.0B(318.0M) Survivors: 3072.0K->1024.0K Heap: 329.1M(533.0M)->11.0M(533.0M)]
 [Times: user=0.01 sys=0.00, real=0.00 secs] 
9.498: [GC pause (young)9.499: [SoftReference, 0 refs, 0.0000170 secs]9.499: [WeakReference, 0 refs, 0.0000030 secs]9.499: [FinalReference, 0 refs, 0.0000020 secs]9.499: [PhantomReference, 0 refs, 0.0000030 secs]9.499: [JNI Weak Reference, 0.0000140 secs], 0.0015320 secs]
   [Parallel Time: 1.1 ms, GC Workers: 8]
      [GC Worker Start (ms): Min: 9498.1, Avg: 9498.4, Max: 9499.0, Diff: 1.0]
      [Ext Root Scanning (ms): Min: 0.0, Avg: 0.2, Max: 0.3, Diff: 0.3, Sum: 1.4]
      [Update RS (ms): Min: 0.0, Avg: 0.0, Max: 0.0, Diff: 0.0, Sum: 0.0]
         [Processed Buffers: Min: 0, Avg: 0.9, Max: 6, Diff: 6, Sum: 7]
      [Scan RS (ms): Min: 0.0, Avg: 0.1, Max: 0.1, Diff: 0.1, Sum: 0.4]
      [Object Copy (ms): Min: 0.0, Avg: 0.3, Max: 0.6, Diff: 0.6, Sum: 2.8]
      [Termination (ms): Min: 0.0, Avg: 0.1, Max: 0.1, Diff: 0.1, Sum: 0.5]
      [GC Worker Other (ms): Min: 0.0, Avg: 0.0, Max: 0.0, Diff: 0.0, Sum: 0.1]
      [GC Worker Total (ms): Min: 0.0, Avg: 0.7, Max: 1.0, Diff: 1.0, Sum: 5.3]
      [GC Worker End (ms): Min: 9499.0, Avg: 9499.1, Max: 9499.1, Diff: 0.0]
   [Code Root Fixup: 0.0 ms]
   [Clear CT: 0.2 ms]
   [Other: 0.3 ms]
      [Choose CSet: 0.0 ms]
      [Ref Proc: 0.2 ms]
      [Ref Enq: 0.0 ms]
      [Free CSet: 0.1 ms]
   [Eden: 318.0M(318.0M)->0.0B(318.0M) Survivors: 1024.0K->1024.0K Heap: 329.0M(533.0M)->11.0M(533.0M)]
 [Times: user=0.01 sys=0.00, real=0.00 secs] 
9.539: [GC pause (young)9.540: [SoftReference, 0 refs, 0.0000250 secs]9.540: [WeakReference, 0 refs, 0.0000030 secs]9.540: [FinalReference, 0 refs, 0.0000020 secs]9.540: [PhantomReference, 0 refs, 0.0000020 secs]9.540: [JNI Weak Reference, 0.0000110 secs], 0.0017360 secs]
   [Parallel Time: 1.2 ms, GC Workers: 8]
      [GC Worker Start (ms): Min: 9538.8, Avg: 9539.0, Max: 9540.0, Diff: 1.1]
      [Ext Root Scanning (ms): Min: 0.0, Avg: 0.2, Max: 0.3, Diff: 0.3, Sum: 1.6]
      [Update RS (ms): Min: 0.0, Avg: 0.0, Max: 0.0, Diff: 0.0, Sum: 0.1]
         [Processed Buffers: Min: 0, Avg: 0.9, Max: 4, Diff: 4, Sum: 7]
      [Scan RS (ms): Min: 0.0, Avg: 0.1, Max: 0.1, Diff: 0.1, Sum: 0.6]
      [Object Copy (ms): Min: 0.0, Avg: 0.6, Max: 0.8, Diff: 0.7, Sum: 4.7]
      [Termination (ms): Min: 0.0, Avg: 0.1, Max: 0.1, Diff: 0.1, Sum: 0.6]
      [GC Worker Other (ms): Min: 0.0, Avg: 0.0, Max: 0.0, Diff: 0.0, Sum: 0.1]
      [GC Worker Total (ms): Min: 0.0, Avg: 1.0, Max: 1.2, Diff: 1.1, Sum: 7.6]
      [GC Worker End (ms): Min: 9540.0, Avg: 9540.0, Max: 9540.0, Diff: 0.0]
   [Code Root Fixup: 0.0 ms]
   [Clear CT: 0.1 ms]
   [Other: 0.4 ms]
      [Choose CSet: 0.0 ms]
      [Ref Proc: 0.2 ms]
      [Ref Enq: 0.0 ms]
      [Free CSet: 0.1 ms]
   [Eden: 318.0M(318.0M)->0.0B(316.0M) Survivors: 1024.0K->3072.0K Heap: 329.0M(533.0M)->12.3M(533.0M)]
 [Times: user=0.00 sys=0.00, real=0.00 secs] 
9.579: [GC pause (young)9.580: [SoftReference, 0 refs, 0.0000140 secs]9.580: [WeakReference, 0 refs, 0.0000020 secs]9.580: [FinalReference, 0 refs, 0.0000020 secs]9.580: [PhantomReference, 0 refs, 0.0000110 secs]9.580: [JNI Weak Reference, 0.0000030 secs], 0.0014160 secs]
   [Parallel Time: 0.9 ms, GC Workers: 8]
      [GC Worker Start (ms): Min: 9578.9, Avg: 9579.1, Max: 9579.5, Diff: 0.7]
      [Ext Root Scanning (ms): Min: 0.0, Avg: 0.2, Max: 0.3, Diff: 0.3, Sum: 1.5]
      [Update RS (ms): Min: 0.0, Avg: 0.0, Max: 0.0, Diff: 0.0, Sum: 0.1]
         [Processed Buffers: Min: 0, Avg: 1.1, Max: 5, Diff: 5, Sum: 9]
      [Scan RS (ms): Min: 0.0, Avg: 0.1, Max: 0.1, Diff: 0.1, Sum: 0.6]
      [Object Copy (ms): Min: 0.2, Avg: 0.4, Max: 0.5, Diff: 0.3, Sum: 3.0]
      [Termination (ms): Min: 0.0, Avg: 0.0, Max: 0.0, Diff: 0.0, Sum: 0.1]
      [GC Worker Other (ms): Min: 0.0, Avg: 0.0, Max: 0.0, Diff: 0.0, Sum: 0.1]
      [GC Worker Total (ms): Min: 0.2, Avg: 0.7, Max: 0.9, Diff: 0.7, Sum: 5.3]
      [GC Worker End (ms): Min: 9579.7, Avg: 9579.7, Max: 9579.8, Diff: 0.0]
   [Code Root Fixup: 0.0 ms]
   [Clear CT: 0.1 ms]
   [Other: 0.4 ms]
      [Choose CSet: 0.0 ms]
      [Ref Proc: 0.2 ms]
      [Ref Enq: 0.0 ms]
      [Free CSet: 0.1 ms]
   [Eden: 316.0M(316.0M)->0.0B(317.0M) Survivors: 3072.0K->2048.0K Heap: 328.3M(533.0M)->11.3M(533.0M)]
 [Times: user=0.00 sys=0.00, real=0.00 secs] 
9.620: [GC pause (young)9.621: [SoftReference, 0 refs, 0.0000140 secs]9.621: [WeakReference, 0 refs, 0.0000120 secs]9.621: [FinalReference, 0 refs, 0.0000020 secs]9.621: [PhantomReference, 0 refs, 0.0000020 secs]9.621: [JNI Weak Reference, 0.0000020 secs], 0.0018540 secs]
   [Parallel Time: 1.3 ms, GC Workers: 8]
      [GC Worker Start (ms): Min: 9620.0, Avg: 9620.3, Max: 9620.8, Diff: 0.7]
      [Ext Root Scanning (ms): Min: 0.0, Avg: 0.2, Max: 0.4, Diff: 0.4, Sum: 1.6]
      [Update RS (ms): Min: 0.0, Avg: 0.0, Max: 0.0, Diff: 0.0, Sum: 0.1]
         [Processed Buffers: Min: 0, Avg: 1.1, Max: 5, Diff: 5, Sum: 9]
      [Scan RS (ms): Min: 0.0, Avg: 0.1, Max: 0.1, Diff: 0.1, Sum: 0.5]
      [Object Copy (ms): Min: 0.4, Avg: 0.6, Max: 0.8, Diff: 0.4, Sum: 5.1]
      [Termination (ms): Min: 0.0, Avg: 0.1, Max: 0.1, Diff: 0.1, Sum: 0.5]
      [GC Worker Other (ms): Min: 0.0, Avg: 0.0, Max: 0.0, Diff: 0.0, Sum: 0.1]
      [GC Worker Total (ms): Min: 0.5, Avg: 1.0, Max: 1.2, Diff: 0.8, Sum: 7.8]
      [GC Worker End (ms): Min: 9621.2, Avg: 9621.3, Max: 9621.3, Diff: 0.0]
   [Code Root Fixup: 0.0 ms]
   [Clear CT: 0.2 ms]
   [Other: 0.4 ms]
      [Choose CSet: 0.0 ms]
      [Ref Proc: 0.2 ms]
      [Ref Enq: 0.0 ms]
      [Free CSet: 0.1 ms]
   [Eden: 317.0M(317.0M)->0.0B(315.0M) Survivors: 2048.0K->4096.0K Heap: 328.3M(533.0M)->13.9M(533.0M)]
 [Times: user=0.01 sys=0.00, real=0.00 secs] 
9.661: [GC pause (young)9.662: [SoftReference, 0 refs, 0.0000290 secs]9.662: [WeakReference, 0 refs, 0.0000020 secs]9.662: [FinalReference, 0 refs, 0.0000020 secs]9.662: [PhantomReference, 0 refs, 0.0000030 secs]9.662: [JNI Weak Reference, 0.0000020 secs], 0.0015140 secs]
   [Parallel Time: 1.1 ms, GC Workers: 8]
      [GC Worker Start (ms): Min: 9661.2, Avg: 9661.3, Max: 9661.4, Diff: 0.2]
      [Ext Root Scanning (ms): Min: 0.1, Avg: 0.2, Max: 0.3, Diff: 0.2, Sum: 1.7]
      [Update RS (ms): Min: 0.0, Avg: 0.0, Max: 0.0, Diff: 0.0, Sum: 0.1]
         [Processed Buffers: Min: 0, Avg: 1.1, Max: 7, Diff: 7, Sum: 9]
      [Scan RS (ms): Min: 0.0, Avg: 0.1, Max: 0.1, Diff: 0.1, Sum: 0.7]
      [Object Copy (ms): Min: 0.6, Avg: 0.6, Max: 0.7, Diff: 0.1, Sum: 4.9]
      [Termination (ms): Min: 0.0, Avg: 0.0, Max: 0.0, Diff: 0.0, Sum: 0.0]
      [GC Worker Other (ms): Min: 0.0, Avg: 0.0, Max: 0.0, Diff: 0.0, Sum: 0.2]
      [GC Worker Total (ms): Min: 0.8, Avg: 0.9, Max: 1.0, Diff: 0.2, Sum: 7.5]
      [GC Worker End (ms): Min: 9662.2, Avg: 9662.2, Max: 9662.2, Diff: 0.0]
   [Code Root Fixup: 0.0 ms]
   [Clear CT: 0.1 ms]
   [Other: 0.3 ms]
      [Choose CSet: 0.0 ms]
      [Ref Proc: 0.2 ms]
      [Ref Enq: 0.0 ms]
      [Free CSet: 0.1 ms]
   [Eden: 315.0M(315.0M)->0.0B(317.0M) Survivors: 4096.0K->2048.0K Heap: 328.9M(533.0M)->11.7M(533.0M)]
 [Times: user=0.01 sys=0.00, real=0.01 secs] 
9.702: [GC pause (young)9.703: [SoftReference, 0 refs, 0.0000160 secs]9.703: [WeakReference, 0 refs, 0.0000030 secs]9.703: [FinalReference, 0 refs, 0.0000020 secs]9.703: [PhantomReference, 0 refs, 0.0000030 secs]9.703: [JNI Weak Reference, 0.0000020 secs], 0.0015490 secs]
   [Parallel Time: 1.1 ms, GC Workers: 8]
      [GC Worker Start (ms): Min: 9701.8, Avg: 9702.1, Max: 9702.8, Diff: 1.0]
      [Ext Root Scanning (ms): Min: 0.0, Avg: 0.2, Max: 0.3, Diff: 0.3, Sum: 1.4]
      [Update RS (ms): Min: 0.0, Avg: 0.0, Max: 0.0, Diff: 0.0, Sum: 0.1]
         [Processed Buffers: Min: 0, Avg: 1.1, Max: 7, Diff: 7, Sum: 9]
      [Scan RS (ms): Min: 0.0, Avg: 0.1, Max: 0.1, Diff: 0.1, Sum: 0.5]
      [Object Copy (ms): Min: 0.0, Avg: 0.3, Max: 0.5, Diff: 0.5, Sum: 2.7]
      [Termination (ms): Min: 0.0, Avg: 0.1, Max: 0.1, Diff: 0.1, Sum: 0.6]
      [GC Worker Other (ms): Min: 0.0, Avg: 0.0, Max: 0.0, Diff: 0.0, Sum: 0.1]
      [GC Worker Total (ms): Min: 0.0, Avg: 0.7, Max: 1.0, Diff: 1.0, Sum: 5.2]
      [GC Worker End (ms): Min: 9702.8, Avg: 9702.8, Max: 9702.8, Diff: 0.0]
   [Code Root Fixup: 0.0 ms]
   [Clear CT: 0.1 ms]
   [Other: 0.4 ms]
      [Choose CSet: 0.0 ms]
      [Ref Proc: 0.2 ms]
      [Ref Enq: 0.0 ms]
      [Free CSet: 0.1 ms]
   [Eden: 317.0M(317.0M)->0.0B(318.0M) Survivors: 2048.0K->1024.0K Heap: 328.7M(533.0M)->11.1M(533.0M)]
 [Times: user=0.01 sys=0.00, real=0.01 secs] 
9.743: [GC pause (young)9.744: [SoftReference, 0 refs, 0.0000140 secs]9.744: [WeakReference, 0 refs, 0.0000020 secs]9.744: [FinalReference, 0 refs, 0.0000020 secs]9.744: [PhantomReference, 0 refs, 0.0000020 secs]9.744: [JNI Weak Reference, 0.0000020 secs], 0.0015010 secs]
   [Parallel Time: 1.0 ms, GC Workers: 8]
      [GC Worker Start (ms): Min: 9743.3, Avg: 9743.6, Max: 9744.0, Diff: 0.7]
      [Ext Root Scanning (ms): Min: 0.0, Avg: 0.2, Max: 0.3, Diff: 0.3, Sum: 1.4]
      [Update RS (ms): Min: 0.0, Avg: 0.0, Max: 0.0, Diff: 0.0, Sum: 0.0]
         [Processed Buffers: Min: 0, Avg: 1.0, Max: 4, Diff: 4, Sum: 8]
      [Scan RS (ms): Min: 0.0, Avg: 0.1, Max: 0.2, Diff: 0.2, Sum: 0.6]
      [Object Copy (ms): Min: 0.1, Avg: 0.3, Max: 0.5, Diff: 0.4, Sum: 2.6]
      [Termination (ms): Min: 0.0, Avg: 0.0, Max: 0.0, Diff: 0.0, Sum: 0.0]
      [GC Worker Other (ms): Min: 0.0, Avg: 0.0, Max: 0.0, Diff: 0.0, Sum: 0.2]
      [GC Worker Total (ms): Min: 0.1, Avg: 0.6, Max: 0.9, Diff: 0.8, Sum: 4.9]
      [GC Worker End (ms): Min: 9744.2, Avg: 9744.2, Max: 9744.2, Diff: 0.0]
   [Code Root Fixup: 0.0 ms]
   [Clear CT: 0.1 ms]
   [Other: 0.4 ms]
      [Choose CSet: 0.0 ms]
      [Ref Proc: 0.2 ms]
      [Ref Enq: 0.0 ms]
      [Free CSet: 0.1 ms]
   [Eden: 318.0M(318.0M)->0.0B(316.0M) Survivors: 1024.0K->3072.0K Heap: 329.1M(533.0M)->12.5M(533.0M)]
 [Times: user=0.00 sys=0.00, real=0.00 secs] 
9.784: [GC pause (young)9.785: [SoftReference, 0 refs, 0.0000250 secs]9.785: [WeakReference, 0 refs, 0.0000030 secs]9.785: [FinalReference, 0 refs, 0.0000030 secs]9.785: [PhantomReference, 0 refs, 0.0000020 secs]9.785: [JNI Weak Reference, 0.0000020 secs], 0.0017110 secs]
   [Parallel Time: 1.2 ms, GC Workers: 8]
      [GC Worker Start (ms): Min: 9783.9, Avg: 9784.3, Max: 9785.0, Diff: 1.1]
      [Ext Root Scanning (ms): Min: 0.0, Avg: 0.2, Max: 0.3, Diff: 0.3, Sum: 1.4]
      [Update RS (ms): Min: 0.0, Avg: 0.0, Max: 0.0, Diff: 0.0, Sum: 0.1]
         [Processed Buffers: Min: 0, Avg: 1.1, Max: 7, Diff: 7, Sum: 9]
      [Scan RS (ms): Min: 0.0, Avg: 0.1, Max: 0.1, Diff: 0.1, Sum: 0.5]
      [Object Copy (ms): Min: 0.0, Avg: 0.4, Max: 0.7, Diff: 0.7, Sum: 3.1]
      [Termination (ms): Min: 0.0, Avg: 0.1, Max: 0.1, Diff: 0.1, Sum: 0.6]
      [GC Worker Other (ms): Min: 0.0, Avg: 0.0, Max: 0.0, Diff: 0.0, Sum: 0.1]
      [GC Worker Total (ms): Min: 0.0, Avg: 0.7, Max: 1.1, Diff: 1.1, Sum: 5.7]
      [GC Worker End (ms): Min: 9785.0, Avg: 9785.0, Max: 9785.0, Diff: 0.0]
   [Code Root Fixup: 0.0 ms]
   [Clear CT: 0.1 ms]
   [Other: 0.4 ms]
      [Choose CSet: 0.0 ms]
      [Ref Proc: 0.2 ms]
      [Ref Enq: 0.0 ms]
      [Free CSet: 0.1 ms]
   [Eden: 316.0M(316.0M)->0.0B(317.0M) Survivors: 3072.0K->2048.0K Heap: 328.5M(533.0M)->11.7M(533.0M)]
 [Times: user=0.01 sys=0.00, real=0.00 secs] 
9.824: [GC pause (young)9.826: [SoftReference, 0 refs, 0.0000240 secs]9.826: [WeakReference, 0 refs, 0.0000030 secs]9.826: [FinalReference, 0 refs, 0.0000020 secs]9.826: [PhantomReference, 0 refs, 0.0000020 secs]9.826: [JNI Weak Reference, 0.0000020 secs], 0.0016250 secs]
   [Parallel Time: 1.1 ms, GC Workers: 8]
      [GC Worker Start (ms): Min: 9824.6, Avg: 9824.7, Max: 9825.3, Diff: 0.8]
      [Ext Root Scanning (ms): Min: 0.0, Avg: 0.2, Max: 0.3, Diff: 0.3, Sum: 1.6]
      [Update RS (ms): Min: 0.0, Avg: 0.0, Max: 0.0, Diff: 0.0, Sum: 0.1]
         [Processed Buffers: Min: 0, Avg: 0.6, Max: 3, Diff: 3, Sum: 5]
      [Scan RS (ms): Min: 0.0, Avg: 0.1, Max: 0.1, Diff: 0.1, Sum: 0.6]
      [Object Copy (ms): Min: 0.2, Avg: 0.5, Max: 0.7, Diff: 0.5, Sum: 4.1]
      [Termination (ms): Min: 0.0, Avg: 0.1, Max: 0.1, Diff: 0.1, Sum: 0.5]
      [GC Worker Other (ms): Min: 0.0, Avg: 0.0, Max: 0.0, Diff: 0.0, Sum: 0.2]
      [GC Worker Total (ms): Min: 0.3, Avg: 0.9, Max: 1.1, Diff: 0.8, Sum: 7.0]
      [GC Worker End (ms): Min: 9825.6, Avg: 9825.6, Max: 9825.6, Diff: 0.0]
   [Code Root Fixup: 0.0 ms]
   [Clear CT: 0.1 ms]
   [Other: 0.3 ms]
      [Choose CSet: 0.0 ms]
      [Ref Proc: 0.2 ms]
      [Ref Enq: 0.0 ms]
      [Free CSet: 0.1 ms]
   [Eden: 317.0M(317.0M)->0.0B(317.0M) Survivors: 2048.0K->2048.0K Heap: 328.7M(533.0M)->11.8M(533.0M)]
 [Times: user=0.01 sys=0.00, real=0.00 secs] 
9.865: [GC pause (young)9.866: [SoftReference, 0 refs, 0.0000160 secs]9.866: [WeakReference, 0 refs, 0.0000030 secs]9.866: [FinalReference, 0 refs, 0.0000140 secs]9.866: [PhantomReference, 0 refs, 0.0000030 secs]9.866: [JNI Weak Reference, 0.0000110 secs], 0.0015730 secs]
   [Parallel Time: 1.1 ms, GC Workers: 8]
      [GC Worker Start (ms): Min: 9865.2, Avg: 9865.6, Max: 9866.2, Diff: 1.0]
      [Ext Root Scanning (ms): Min: 0.0, Avg: 0.2, Max: 0.3, Diff: 0.3, Sum: 1.4]
      [Update RS (ms): Min: 0.0, Avg: 0.0, Max: 0.0, Diff: 0.0, Sum: 0.1]
         [Processed Buffers: Min: 0, Avg: 1.1, Max: 5, Diff: 5, Sum: 9]
      [Scan RS (ms): Min: 0.0, Avg: 0.1, Max: 0.1, Diff: 0.1, Sum: 0.5]
      [Object Copy (ms): Min: 0.0, Avg: 0.3, Max: 0.6, Diff: 0.6, Sum: 2.7]
      [Termination (ms): Min: 0.0, Avg: 0.1, Max: 0.1, Diff: 0.1, Sum: 0.5]
      [GC Worker Other (ms): Min: 0.0, Avg: 0.0, Max: 0.0, Diff: 0.0, Sum: 0.0]
      [GC Worker Total (ms): Min: 0.0, Avg: 0.7, Max: 1.1, Diff: 1.1, Sum: 5.2]
      [GC Worker End (ms): Min: 9866.2, Avg: 9866.2, Max: 9866.3, Diff: 0.0]
   [Code Root Fixup: 0.0 ms]
   [Clear CT: 0.1 ms]
   [Other: 0.3 ms]
      [Choose CSet: 0.0 ms]
      [Ref Proc: 0.2 ms]
      [Ref Enq: 0.0 ms]
      [Free CSet: 0.1 ms]
   [Eden: 317.0M(317.0M)->0.0B(317.0M) Survivors: 2048.0K->2048.0K Heap: 328.8M(533.0M)->11.4M(533.0M)]
 [Times: user=0.00 sys=0.00, real=0.00 secs] 
9.906: [GC pause (young)9.908: [SoftReference, 0 refs, 0.0000150 secs]9.908: [WeakReference, 0 refs, 0.0000030 secs]9.908: [FinalReference, 0 refs, 0.0000020 secs]9.908: [PhantomReference, 0 refs, 0.0000020 secs]9.908: [JNI Weak Reference, 0.0000020 secs], 0.0016150 secs]
   [Parallel Time: 1.1 ms, GC Workers: 8]
      [GC Worker Start (ms): Min: 9906.4, Avg: 9906.8, Max: 9907.5, Diff: 1.1]
      [Ext Root Scanning (ms): Min: 0.0, Avg: 0.2, Max: 0.3, Diff: 0.3, Sum: 1.4]
      [Update RS (ms): Min: 0.0, Avg: 0.0, Max: 0.0, Diff: 0.0, Sum: 0.0]
         [Processed Buffers: Min: 0, Avg: 0.9, Max: 5, Diff: 5, Sum: 7]
      [Scan RS (ms): Min: 0.0, Avg: 0.1, Max: 0.1, Diff: 0.1, Sum: 0.5]
      [Object Copy (ms): Min: 0.0, Avg: 0.4, Max: 0.6, Diff: 0.6, Sum: 2.9]
      [Termination (ms): Min: 0.0, Avg: 0.1, Max: 0.1, Diff: 0.1, Sum: 0.5]
      [GC Worker Other (ms): Min: 0.0, Avg: 0.0, Max: 0.0, Diff: 0.0, Sum: 0.1]
      [GC Worker Total (ms): Min: 0.0, Avg: 0.7, Max: 1.1, Diff: 1.1, Sum: 5.4]
      [GC Worker End (ms): Min: 9907.5, Avg: 9907.5, Max: 9907.5, Diff: 0.0]
   [Code Root Fixup: 0.0 ms]
   [Clear CT: 0.1 ms]
   [Other: 0.4 ms]
      [Choose CSet: 0.0 ms]
      [Ref Proc: 0.2 ms]
      [Ref Enq: 0.0 ms]
      [Free CSet: 0.1 ms]
   [Eden: 317.0M(317.0M)->0.0B(317.0M) Survivors: 2048.0K->2048.0K Heap: 328.4M(533.0M)->11.8M(533.0M)]
 [Times: user=0.01 sys=0.00, real=0.00 secs] 
9.947: [GC pause (young)9.949: [SoftReference, 0 refs, 0.0000230 secs]9.949: [WeakReference, 0 refs, 0.0000110 secs]9.949: [FinalReference, 0 refs, 0.0000020 secs]9.949: [PhantomReference, 0 refs, 0.0000030 secs]9.949: [JNI Weak Reference, 0.0000020 secs], 0.0016730 secs]
   [Parallel Time: 1.2 ms, GC Workers: 8]
      [GC Worker Start (ms): Min: 9947.3, Avg: 9947.7, Max: 9948.3, Diff: 1.0]
      [Ext Root Scanning (ms): Min: 0.0, Avg: 0.2, Max: 0.3, Diff: 0.3, Sum: 1.4]
      [Update RS (ms): Min: 0.0, Avg: 0.0, Max: 0.0, Diff: 0.0, Sum: 0.1]
         [Processed Buffers: Min: 0, Avg: 0.6, Max: 2, Diff: 2, Sum: 5]
      [Scan RS (ms): Min: 0.0, Avg: 0.1, Max: 0.1, Diff: 0.1, Sum: 0.4]
      [Object Copy (ms): Min: 0.0, Avg: 0.3, Max: 0.6, Diff: 0.6, Sum: 2.7]
      [Termination (ms): Min: 0.0, Avg: 0.1, Max: 0.1, Diff: 0.1, Sum: 0.5]
      [GC Worker Other (ms): Min: 0.0, Avg: 0.0, Max: 0.0, Diff: 0.0, Sum: 0.1]
      [GC Worker Total (ms): Min: 0.0, Avg: 0.6, Max: 1.1, Diff: 1.1, Sum: 5.2]
      [GC Worker End (ms): Min: 9948.3, Avg: 9948.3, Max: 9948.3, Diff: 0.0]
   [Code Root Fixup: 0.0 ms]
   [Clear CT: 0.1 ms]
   [Other: 0.4 ms]
      [Choose CSet: 0.0 ms]
      [Ref Proc: 0.2 ms]
      [Ref Enq: 0.0 ms]
      [Free CSet: 0.1 ms]
   [Eden: 317.0M(317.0M)->0.0B(317.0M) Survivors: 2048.0K->2048.0K Heap: 328.8M(533.0M)->11.4M(533.0M)]
 [Times: user=0.01 sys=0.00, real=0.00 secs] 
9.989: [GC pause (young)9.990: [SoftReference, 0 refs, 0.0000210 secs]9.990: [WeakReference, 0 refs, 0.0000030 secs]9.990: [FinalReference, 0 refs, 0.0000020 secs]9.990: [PhantomReference, 0 refs, 0.0000020 secs]9.990: [JNI Weak Reference, 0.0000020 secs], 0.0014200 secs]
   [Parallel Time: 1.0 ms, GC Workers: 8]
      [GC Worker Start (ms): Min: 9988.8, Avg: 9989.0, Max: 9989.7, Diff: 0.9]
      [Ext Root Scanning (ms): Min: 0.0, Avg: 0.2, Max: 0.3, Diff: 0.3, Sum: 1.5]
      [Update RS (ms): Min: 0.0, Avg: 0.0, Max: 0.0, Diff: 0.0, Sum: 0.0]
         [Processed Buffers: Min: 0, Avg: 0.6, Max: 2, Diff: 2, Sum: 5]
      [Scan RS (ms): Min: 0.0, Avg: 0.1, Max: 0.1, Diff: 0.1, Sum: 0.6]
      [Object Copy (ms): Min: 0.0, Avg: 0.3, Max: 0.5, Diff: 0.5, Sum: 2.6]
      [Termination (ms): Min: 0.0, Avg: 0.1, Max: 0.1, Diff: 0.1, Sum: 0.5]
      [GC Worker Other (ms): Min: 0.0, Avg: 0.0, Max: 0.0, Diff: 0.0, Sum: 0.1]
      [GC Worker Total (ms): Min: 0.0, Avg: 0.7, Max: 0.9, Diff: 0.9, Sum: 5.4]
      [GC Worker End (ms): Min: 9989.7, Avg: 9989.7, Max: 9989.7, Diff: 0.0]
   [Code Root Fixup: 0.0 ms]
   [Clear CT: 0.1 ms]
   [Other: 0.3 ms]
      [Choose CSet: 0.0 ms]
      [Ref Proc: 0.2 ms]
      [Ref Enq: 0.0 ms]
      [Free CSet: 0.1 ms]
   [Eden: 317.0M(317.0M)->0.0B(318.0M) Survivors: 2048.0K->1024.0K Heap: 328.4M(533.0M)->11.1M(533.0M)]
 [Times: user=0.01 sys=0.00, real=0.00 secs] 
10.029: [GC pause (young)10.031: [SoftReference, 0 refs, 0.0000310 secs]10.031: [WeakReference, 0 refs, 0.0000020 secs]10.031: [FinalReference, 0 refs, 0.0000020 secs]10.031: [PhantomReference, 0 refs, 0.0000020 secs]10.031: [JNI Weak Reference, 0.0000110 secs], 0.0014920 secs]
   [Parallel Time: 1.0 ms, GC Workers: 8]
      [GC Worker Start (ms): Min: 10029.6, Avg: 10029.9, Max: 10030.3, Diff: 0.7]
      [Ext Root Scanning (ms): Min: 0.0, Avg: 0.2, Max: 0.3, Diff: 0.3, Sum: 1.4]
      [Update RS (ms): Min: 0.0, Avg: 0.0, Max: 0.0, Diff: 0.0, Sum: 0.1]
         [Processed Buffers: Min: 0, Avg: 0.8, Max: 4, Diff: 4, Sum: 6]
      [Scan RS (ms): Min: 0.0, Avg: 0.1, Max: 0.1, Diff: 0.1, Sum: 0.4]
      [Object Copy (ms): Min: 0.1, Avg: 0.3, Max: 0.5, Diff: 0.4, Sum: 2.6]
      [Termination (ms): Min: 0.0, Avg: 0.0, Max: 0.0, Diff: 0.0, Sum: 0.2]
      [GC Worker Other (ms): Min: 0.0, Avg: 0.0, Max: 0.0, Diff: 0.0, Sum: 0.1]
      [GC Worker Total (ms): Min: 0.2, Avg: 0.6, Max: 0.9, Diff: 0.7, Sum: 4.9]
      [GC Worker End (ms): Min: 10030.5, Avg: 10030.5, Max: 10030.5, Diff: 0.0]
   [Code Root Fixup: 0.0 ms]
   [Clear CT: 0.1 ms]
   [Other: 0.4 ms]
      [Choose CSet: 0.0 ms]
      [Ref Proc: 0.2 ms]
      [Ref Enq: 0.0 ms]
      [Free CSet: 0.1 ms]
   [Eden: 318.0M(318.0M)->0.0B(317.0M) Survivors: 1024.0K->2048.0K Heap: 329.1M(533.0M)->11.6M(533.0M)]
 [Times: user=0.01 sys=0.00, real=0.00 secs] 
10.071: [GC pause (young)10.072: [SoftReference, 0 refs, 0.0000140 secs]10.072: [WeakReference, 0 refs, 0.0000190 secs]10.072: [FinalReference, 0 refs, 0.0000020 secs]10.072: [PhantomReference, 0 refs, 0.0000020 secs]10.072: [JNI Weak Reference, 0.0000020 secs], 0.0015750 secs]
   [Parallel Time: 1.1 ms, GC Workers: 8]
      [GC Worker Start (ms): Min: 10071.1, Avg: 10071.4, Max: 10071.9, Diff: 0.8]
      [Ext Root Scanning (ms): Min: 0.0, Avg: 0.2, Max: 0.3, Diff: 0.3, Sum: 1.4]
      [Update RS (ms): Min: 0.0, Avg: 0.0, Max: 0.0, Diff: 0.0, Sum: 0.0]
         [Processed Buffers: Min: 0, Avg: 1.0, Max: 5, Diff: 5, Sum: 8]
      [Scan RS (ms): Min: 0.0, Avg: 0.1, Max: 0.1, Diff: 0.1, Sum: 0.5]
      [Object Copy (ms): Min: 0.1, Avg: 0.4, Max: 0.6, Diff: 0.4, Sum: 3.4]
      [Termination (ms): Min: 0.0, Avg: 0.1, Max: 0.1, Diff: 0.1, Sum: 0.5]
      [GC Worker Other (ms): Min: 0.0, Avg: 0.0, Max: 0.0, Diff: 0.0, Sum: 0.1]
      [GC Worker Total (ms): Min: 0.3, Avg: 0.8, Max: 1.0, Diff: 0.8, Sum: 6.1]
      [GC Worker End (ms): Min: 10072.2, Avg: 10072.2, Max: 10072.2, Diff: 0.0]
   [Code Root Fixup: 0.0 ms]
   [Clear CT: 0.1 ms]
   [Other: 0.4 ms]
      [Choose CSet: 0.0 ms]
      [Ref Proc: 0.2 ms]
      [Ref Enq: 0.0 ms]
      [Free CSet: 0.2 ms]
   [Eden: 317.0M(317.0M)->0.0B(317.0M) Survivors: 2048.0K->2048.0K Heap: 328.6M(533.0M)->12.2M(533.0M)]
 [Times: user=0.00 sys=0.00, real=0.01 secs] 
10.113: [GC pause (young)10.114: [SoftReference, 0 refs, 0.0000520 secs]10.114: [WeakReference, 0 refs, 0.0000030 secs]10.114: [FinalReference, 0 refs, 0.0000030 secs]10.114: [PhantomReference, 0 refs, 0.0000130 secs]10.114: [JNI Weak Reference, 0.0000030 secs], 0.0015150 secs]
   [Parallel Time: 1.0 ms, GC Workers: 8]
      [GC Worker Start (ms): Min: 10112.5, Avg: 10112.8, Max: 10113.4, Diff: 0.9]
      [Ext Root Scanning (ms): Min: 0.0, Avg: 0.2, Max: 0.3, Diff: 0.3, Sum: 1.3]
      [Update RS (ms): Min: 0.0, Avg: 0.0, Max: 0.0, Diff: 0.0, Sum: 0.1]
         [Processed Buffers: Min: 0, Avg: 1.1, Max: 5, Diff: 5, Sum: 9]
      [Scan RS (ms): Min: 0.0, Avg: 0.1, Max: 0.1, Diff: 0.1, Sum: 0.5]
      [Object Copy (ms): Min: 0.0, Avg: 0.3, Max: 0.5, Diff: 0.5, Sum: 2.5]
      [Termination (ms): Min: 0.0, Avg: 0.1, Max: 0.1, Diff: 0.1, Sum: 0.5]
      [GC Worker Other (ms): Min: 0.0, Avg: 0.0, Max: 0.0, Diff: 0.0, Sum: 0.1]
      [GC Worker Total (ms): Min: 0.0, Avg: 0.6, Max: 0.9, Diff: 0.9, Sum: 4.9]
      [GC Worker End (ms): Min: 10113.5, Avg: 10113.5, Max: 10113.5, Diff: 0.0]
   [Code Root Fixup: 0.0 ms]
   [Clear CT: 0.1 ms]
   [Other: 0.4 ms]
      [Choose CSet: 0.0 ms]
      [Ref Proc: 0.2 ms]
      [Ref Enq: 0.0 ms]
      [Free CSet: 0.2 ms]
   [Eden: 317.0M(317.0M)->0.0B(318.0M) Survivors: 2048.0K->1024.0K Heap: 329.2M(533.0M)->11.2M(533.0M)]
 [Times: user=0.01 sys=0.00, real=0.00 secs] 
10.155: [GC pause (young)10.156: [SoftReference, 0 refs, 0.0000130 secs]10.156: [WeakReference, 0 refs, 0.0000030 secs]10.156: [FinalReference, 0 refs, 0.0000020 secs]10.156: [PhantomReference, 0 refs, 0.0000020 secs]10.156: [JNI Weak Reference, 0.0000030 secs], 0.0015250 secs]
   [Parallel Time: 1.0 ms, GC Workers: 8]
      [GC Worker Start (ms): Min: 10154.5, Avg: 10154.7, Max: 10154.8, Diff: 0.3]
      [Ext Root Scanning (ms): Min: 0.1, Avg: 0.3, Max: 0.4, Diff: 0.4, Sum: 2.0]
      [Update RS (ms): Min: 0.0, Avg: 0.0, Max: 0.0, Diff: 0.0, Sum: 0.0]
         [Processed Buffers: Min: 0, Avg: 0.8, Max: 3, Diff: 3, Sum: 6]
      [Scan RS (ms): Min: 0.0, Avg: 0.1, Max: 0.1, Diff: 0.1, Sum: 0.6]
      [Object Copy (ms): Min: 0.1, Avg: 0.4, Max: 0.5, Diff: 0.4, Sum: 3.5]
      [Termination (ms): Min: 0.0, Avg: 0.1, Max: 0.1, Diff: 0.1, Sum: 0.5]
      [GC Worker Other (ms): Min: 0.0, Avg: 0.0, Max: 0.0, Diff: 0.0, Sum: 0.2]
      [GC Worker Total (ms): Min: 0.7, Avg: 0.9, Max: 1.0, Diff: 0.3, Sum: 6.8]
      [GC Worker End (ms): Min: 10155.5, Avg: 10155.5, Max: 10155.5, Diff: 0.0]
   [Code Root Fixup: 0.0 ms]
   [Clear CT: 0.2 ms]
   [Other: 0.3 ms]
      [Choose CSet: 0.0 ms]
      [Ref Proc: 0.2 ms]
      [Ref Enq: 0.0 ms]
      [Free CSet: 0.1 ms]
   [Eden: 318.0M(318.0M)->0.0B(318.0M) Survivors: 1024.0K->1024.0K Heap: 329.2M(533.0M)->11.3M(533.0M)]
 [Times: user=0.01 sys=0.00, real=0.00 secs] 
10.195: [GC pause (young)10.196: [SoftReference, 0 refs, 0.0000170 secs]10.196: [WeakReference, 0 refs, 0.0000030 secs]10.196: [FinalReference, 0 refs, 0.0000030 secs]10.196: [PhantomReference, 0 refs, 0.0000020 secs]10.196: [JNI Weak Reference, 0.0000120 secs], 0.0016970 secs]
   [Parallel Time: 1.1 ms, GC Workers: 8]
      [GC Worker Start (ms): Min: 10195.1, Avg: 10195.4, Max: 10196.2, Diff: 1.0]
      [Ext Root Scanning (ms): Min: 0.0, Avg: 0.2, Max: 0.3, Diff: 0.3, Sum: 1.4]
      [Update RS (ms): Min: 0.0, Avg: 0.0, Max: 0.0, Diff: 0.0, Sum: 0.1]
         [Processed Buffers: Min: 0, Avg: 1.0, Max: 4, Diff: 4, Sum: 8]
      [Scan RS (ms): Min: 0.0, Avg: 0.1, Max: 0.1, Diff: 0.1, Sum: 0.5]
      [Object Copy (ms): Min: 0.0, Avg: 0.4, Max: 0.7, Diff: 0.7, Sum: 3.4]
      [Termination (ms): Min: 0.0, Avg: 0.1, Max: 0.1, Diff: 0.1, Sum: 0.5]
      [GC Worker Other (ms): Min: 0.0, Avg: 0.0, Max: 0.0, Diff: 0.0, Sum: 0.0]
      [GC Worker Total (ms): Min: 0.0, Avg: 0.7, Max: 1.1, Diff: 1.1, Sum: 6.0]
      [GC Worker End (ms): Min: 10196.2, Avg: 10196.2, Max: 10196.2, Diff: 0.0]
   [Code Root Fixup: 0.0 ms]
   [Clear CT: 0.2 ms]
   [Other: 0.3 ms]
      [Choose CSet: 0.0 ms]
      [Ref Proc: 0.2 ms]
      [Ref Enq: 0.0 ms]
      [Free CSet: 0.1 ms]
   [Eden: 318.0M(318.0M)->0.0B(317.0M) Survivors: 1024.0K->2048.0K Heap: 329.3M(533.0M)->12.4M(533.0M)]
 [Times: user=0.00 sys=0.00, real=0.00 secs] 
10.237: [GC pause (young)10.238: [SoftReference, 0 refs, 0.0000150 secs]10.238: [WeakReference, 0 refs, 0.0000030 secs]10.238: [FinalReference, 0 refs, 0.0000030 secs]10.238: [PhantomReference, 0 refs, 0.0000020 secs]10.238: [JNI Weak Reference, 0.0000020 secs], 0.0013840 secs]
   [Parallel Time: 0.9 ms, GC Workers: 8]
      [GC Worker Start (ms): Min: 10236.8, Avg: 10237.0, Max: 10237.5, Diff: 0.6]
      [Ext Root Scanning (ms): Min: 0.0, Avg: 0.2, Max: 0.3, Diff: 0.3, Sum: 1.6]
      [Update RS (ms): Min: 0.0, Avg: 0.0, Max: 0.0, Diff: 0.0, Sum: 0.1]
         [Processed Buffers: Min: 0, Avg: 1.0, Max: 2, Diff: 2, Sum: 8]
      [Scan RS (ms): Min: 0.0, Avg: 0.1, Max: 0.1, Diff: 0.1, Sum: 0.6]
      [Object Copy (ms): Min: 0.1, Avg: 0.4, Max: 0.5, Diff: 0.3, Sum: 3.0]
      [Termination (ms): Min: 0.0, Avg: 0.1, Max: 0.1, Diff: 0.1, Sum: 0.5]
      [GC Worker Other (ms): Min: 0.0, Avg: 0.0, Max: 0.0, Diff: 0.0, Sum: 0.1]
      [GC Worker Total (ms): Min: 0.2, Avg: 0.7, Max: 0.9, Diff: 0.6, Sum: 5.9]
      [GC Worker End (ms): Min: 10237.7, Avg: 10237.7, Max: 10237.7, Diff: 0.0]
   [Code Root Fixup: 0.0 ms]
   [Clear CT: 0.1 ms]
   [Other: 0.3 ms]
      [Choose CSet: 0.0 ms]
      [Ref Proc: 0.2 ms]
      [Ref Enq: 0.0 ms]
      [Free CSet: 0.1 ms]
   [Eden: 317.0M(317.0M)->0.0B(318.0M) Survivors: 2048.0K->1024.0K Heap: 329.4M(533.0M)->11.2M(533.0M)]
 [Times: user=0.01 sys=0.00, real=0.00 secs] 
10.278: [GC pause (young)10.279: [SoftReference, 0 refs, 0.0000150 secs]10.279: [WeakReference, 0 refs, 0.0000030 secs]10.279: [FinalReference, 0 refs, 0.0000030 secs]10.279: [PhantomReference, 0 refs, 0.0000020 secs]10.279: [JNI Weak Reference, 0.0000020 secs], 0.0014880 secs]
   [Parallel Time: 1.0 ms, GC Workers: 8]
      [GC Worker Start (ms): Min: 10278.2, Avg: 10278.5, Max: 10279.1, Diff: 1.0]
      [Ext Root Scanning (ms): Min: 0.0, Avg: 0.2, Max: 0.3, Diff: 0.3, Sum: 1.5]
      [Update RS (ms): Min: 0.0, Avg: 0.0, Max: 0.0, Diff: 0.0, Sum: 0.1]
         [Processed Buffers: Min: 0, Avg: 1.1, Max: 5, Diff: 5, Sum: 9]
      [Scan RS (ms): Min: 0.0, Avg: 0.1, Max: 0.1, Diff: 0.1, Sum: 0.5]
      [Object Copy (ms): Min: 0.0, Avg: 0.4, Max: 0.6, Diff: 0.6, Sum: 3.0]
      [Termination (ms): Min: 0.0, Avg: 0.1, Max: 0.1, Diff: 0.1, Sum: 0.5]
      [GC Worker Other (ms): Min: 0.0, Avg: 0.0, Max: 0.0, Diff: 0.0, Sum: 0.1]
      [GC Worker Total (ms): Min: 0.0, Avg: 0.7, Max: 1.0, Diff: 1.0, Sum: 5.7]
      [GC Worker End (ms): Min: 10279.2, Avg: 10279.2, Max: 10279.2, Diff: 0.0]
   [Code Root Fixup: 0.0 ms]
   [Clear CT: 0.1 ms]
   [Other: 0.3 ms]
      [Choose CSet: 0.0 ms]
      [Ref Proc: 0.2 ms]
      [Ref Enq: 0.0 ms]
      [Free CSet: 0.1 ms]
   [Eden: 318.0M(318.0M)->0.0B(317.0M) Survivors: 1024.0K->2048.0K Heap: 329.2M(533.0M)->12.3M(533.0M)]
 [Times: user=0.00 sys=0.00, real=0.00 secs] 
10.319: [GC pause (young)10.320: [SoftReference, 0 refs, 0.0000140 secs]10.320: [WeakReference, 0 refs, 0.0000030 secs]10.320: [FinalReference, 0 refs, 0.0000030 secs]10.320: [PhantomReference, 0 refs, 0.0000020 secs]10.320: [JNI Weak Reference, 0.0000020 secs], 0.0015420 secs]
   [Parallel Time: 1.1 ms, GC Workers: 8]
      [GC Worker Start (ms): Min: 10319.0, Avg: 10319.4, Max: 10320.1, Diff: 1.0]
      [Ext Root Scanning (ms): Min: 0.0, Avg: 0.2, Max: 0.3, Diff: 0.3, Sum: 1.4]
      [Update RS (ms): Min: 0.0, Avg: 0.0, Max: 0.0, Diff: 0.0, Sum: 0.1]
         [Processed Buffers: Min: 0, Avg: 0.9, Max: 3, Diff: 3, Sum: 7]
      [Scan RS (ms): Min: 0.0, Avg: 0.1, Max: 0.1, Diff: 0.1, Sum: 0.5]
      [Object Copy (ms): Min: 0.0, Avg: 0.4, Max: 0.6, Diff: 0.6, Sum: 3.0]
      [Termination (ms): Min: 0.0, Avg: 0.1, Max: 0.1, Diff: 0.1, Sum: 0.5]
      [GC Worker Other (ms): Min: 0.0, Avg: 0.0, Max: 0.0, Diff: 0.0, Sum: 0.1]
      [GC Worker Total (ms): Min: 0.0, Avg: 0.7, Max: 1.1, Diff: 1.0, Sum: 5.6]
      [GC Worker End (ms): Min: 10320.1, Avg: 10320.1, Max: 10320.1, Diff: 0.0]
   [Code Root Fixup: 0.0 ms]
   [Clear CT: 0.1 ms]
   [Other: 0.3 ms]
      [Choose CSet: 0.0 ms]
      [Ref Proc: 0.2 ms]
      [Ref Enq: 0.0 ms]
      [Free CSet: 0.1 ms]
   [Eden: 317.0M(317.0M)->0.0B(317.0M) Survivors: 2048.0K->2048.0K Heap: 329.3M(533.0M)->12.4M(533.0M)]
 [Times: user=0.00 sys=0.00, real=0.00 secs] 
10.359: [GC pause (young)10.361: [SoftReference, 0 refs, 0.0000320 secs]10.361: [WeakReference, 0 refs, 0.0000020 secs]10.361: [FinalReference, 0 refs, 0.0000030 secs]10.361: [PhantomReference, 0 refs, 0.0000020 secs]10.361: [JNI Weak Reference, 0.0000020 secs], 0.0015060 secs]
   [Parallel Time: 1.0 ms, GC Workers: 8]
      [GC Worker Start (ms): Min: 10359.5, Avg: 10359.9, Max: 10360.4, Diff: 0.9]
      [Ext Root Scanning (ms): Min: 0.0, Avg: 0.2, Max: 0.3, Diff: 0.3, Sum: 1.4]
      [Update RS (ms): Min: 0.0, Avg: 0.0, Max: 0.0, Diff: 0.0, Sum: 0.0]
         [Processed Buffers: Min: 0, Avg: 0.9, Max: 6, Diff: 6, Sum: 7]
      [Scan RS (ms): Min: 0.0, Avg: 0.1, Max: 0.1, Diff: 0.1, Sum: 0.5]
      [Object Copy (ms): Min: 0.0, Avg: 0.3, Max: 0.5, Diff: 0.5, Sum: 2.3]
      [Termination (ms): Min: 0.0, Avg: 0.1, Max: 0.1, Diff: 0.1, Sum: 0.5]
      [GC Worker Other (ms): Min: 0.0, Avg: 0.0, Max: 0.0, Diff: 0.0, Sum: 0.0]
      [GC Worker Total (ms): Min: 0.0, Avg: 0.6, Max: 0.9, Diff: 0.9, Sum: 4.8]
      [GC Worker End (ms): Min: 10360.5, Avg: 10360.5, Max: 10360.5, Diff: 0.0]
   [Code Root Fixup: 0.0 ms]
   [Clear CT: 0.1 ms]
   [Other: 0.4 ms]
      [Choose CSet: 0.0 ms]
      [Ref Proc: 0.2 ms]
      [Ref Enq: 0.0 ms]
      [Free CSet: 0.2 ms]
   [Eden: 317.0M(317.0M)->0.0B(318.0M) Survivors: 2048.0K->1024.0K Heap: 329.4M(533.0M)->11.2M(533.0M)]
 [Times: user=0.01 sys=0.00, real=0.00 secs] 
10.401: [GC pause (young)10.402: [SoftReference, 0 refs, 0.0000150 secs]10.402: [WeakReference, 0 refs, 0.0000030 secs]10.402: [FinalReference, 0 refs, 0.0000030 secs]10.402: [PhantomReference, 0 refs, 0.0000110 secs]10.402: [JNI Weak Reference, 0.0000020 secs], 0.0015640 secs]
   [Parallel Time: 1.0 ms, GC Workers: 8]
      [GC Worker Start (ms): Min: 10400.8, Avg: 10400.9, Max: 10401.0, Diff: 0.2]
      [Ext Root Scanning (ms): Min: 0.1, Avg: 0.2, Max: 0.3, Diff: 0.2, Sum: 1.9]
      [Update RS (ms): Min: 0.0, Avg: 0.0, Max: 0.0, Diff: 0.0, Sum: 0.1]
         [Processed Buffers: Min: 0, Avg: 0.8, Max: 3, Diff: 3, Sum: 6]
      [Scan RS (ms): Min: 0.0, Avg: 0.1, Max: 0.2, Diff: 0.2, Sum: 0.9]
      [Object Copy (ms): Min: 0.4, Avg: 0.5, Max: 0.6, Diff: 0.2, Sum: 3.8]
      [Termination (ms): Min: 0.0, Avg: 0.0, Max: 0.0, Diff: 0.0, Sum: 0.0]
      [GC Worker Other (ms): Min: 0.0, Avg: 0.0, Max: 0.0, Diff: 0.0, Sum: 0.2]
      [GC Worker Total (ms): Min: 0.7, Avg: 0.9, Max: 0.9, Diff: 0.2, Sum: 6.8]
      [GC Worker End (ms): Min: 10401.7, Avg: 10401.7, Max: 10401.7, Diff: 0.0]
   [Code Root Fixup: 0.0 ms]
   [Clear CT: 0.2 ms]
   [Other: 0.4 ms]
      [Choose CSet: 0.0 ms]
      [Ref Proc: 0.2 ms]
      [Ref Enq: 0.0 ms]
      [Free CSet: 0.1 ms]
   [Eden: 318.0M(318.0M)->0.0B(315.0M) Survivors: 1024.0K->4096.0K Heap: 329.2M(533.0M)->13.8M(533.0M)]
 [Times: user=0.01 sys=0.00, real=0.01 secs] 
10.441: [GC pause (young)10.442: [SoftReference, 0 refs, 0.0000150 secs]10.442: [WeakReference, 0 refs, 0.0000020 secs]10.442: [FinalReference, 0 refs, 0.0000020 secs]10.442: [PhantomReference, 0 refs, 0.0000020 secs]10.442: [JNI Weak Reference, 0.0000030 secs], 0.0016230 secs]
   [Parallel Time: 1.1 ms, GC Workers: 8]
      [GC Worker Start (ms): Min: 10441.0, Avg: 10441.4, Max: 10442.0, Diff: 1.0]
      [Ext Root Scanning (ms): Min: 0.0, Avg: 0.2, Max: 0.3, Diff: 0.3, Sum: 1.4]
      [Update RS (ms): Min: 0.0, Avg: 0.0, Max: 0.0, Diff: 0.0, Sum: 0.0]
         [Processed Buffers: Min: 0, Avg: 1.2, Max: 7, Diff: 7, Sum: 10]
      [Scan RS (ms): Min: 0.0, Avg: 0.1, Max: 0.1, Diff: 0.1, Sum: 0.5]
      [Object Copy (ms): Min: 0.0, Avg: 0.3, Max: 0.5, Diff: 0.5, Sum: 2.5]
      [Termination (ms): Min: 0.0, Avg: 0.1, Max: 0.1, Diff: 0.1, Sum: 0.6]
      [GC Worker Other (ms): Min: 0.0, Avg: 0.0, Max: 0.0, Diff: 0.0, Sum: 0.1]
      [GC Worker Total (ms): Min: 0.0, Avg: 0.6, Max: 1.0, Diff: 1.0, Sum: 5.2]
      [GC Worker End (ms): Min: 10442.0, Avg: 10442.0, Max: 10442.1, Diff: 0.0]
   [Code Root Fixup: 0.0 ms]
   [Clear CT: 0.2 ms]
   [Other: 0.3 ms]
      [Choose CSet: 0.0 ms]
      [Ref Proc: 0.2 ms]
      [Ref Enq: 0.0 ms]
      [Free CSet: 0.1 ms]
   [Eden: 315.0M(315.0M)->0.0B(318.0M) Survivors: 4096.0K->1024.0K Heap: 328.8M(533.0M)->11.5M(533.0M)]
 [Times: user=0.01 sys=0.01, real=0.01 secs] 
10.483: [GC pause (young)10.484: [SoftReference, 0 refs, 0.0000140 secs]10.484: [WeakReference, 0 refs, 0.0000030 secs]10.484: [FinalReference, 0 refs, 0.0000020 secs]10.484: [PhantomReference, 0 refs, 0.0000020 secs]10.484: [JNI Weak Reference, 0.0000030 secs], 0.0016090 secs]
   [Parallel Time: 1.1 ms, GC Workers: 8]
      [GC Worker Start (ms): Min: 10482.6, Avg: 10483.0, Max: 10483.7, Diff: 1.0]
      [Ext Root Scanning (ms): Min: 0.0, Avg: 0.2, Max: 0.3, Diff: 0.3, Sum: 1.4]
      [Update RS (ms): Min: 0.0, Avg: 0.0, Max: 0.0, Diff: 0.0, Sum: 0.0]
         [Processed Buffers: Min: 0, Avg: 0.9, Max: 4, Diff: 4, Sum: 7]
      [Scan RS (ms): Min: 0.0, Avg: 0.1, Max: 0.1, Diff: 0.1, Sum: 0.5]
      [Object Copy (ms): Min: 0.0, Avg: 0.3, Max: 0.6, Diff: 0.6, Sum: 2.6]
      [Termination (ms): Min: 0.0, Avg: 0.1, Max: 0.1, Diff: 0.1, Sum: 0.5]
      [GC Worker Other (ms): Min: 0.0, Avg: 0.0, Max: 0.0, Diff: 0.0, Sum: 0.0]
      [GC Worker Total (ms): Min: 0.0, Avg: 0.6, Max: 1.0, Diff: 1.0, Sum: 5.0]
      [GC Worker End (ms): Min: 10483.7, Avg: 10483.7, Max: 10483.7, Diff: 0.0]
   [Code Root Fixup: 0.0 ms]
   [Clear CT: 0.2 ms]
   [Other: 0.3 ms]
      [Choose CSet: 0.0 ms]
      [Ref Proc: 0.2 ms]
      [Ref Enq: 0.0 ms]
      [Free CSet: 0.1 ms]
   [Eden: 318.0M(318.0M)->0.0B(317.0M) Survivors: 1024.0K->2048.0K Heap: 329.5M(533.0M)->12.6M(533.0M)]
 [Times: user=0.00 sys=0.00, real=0.00 secs] 
10.524: [GC pause (young)10.525: [SoftReference, 0 refs, 0.0000150 secs]10.525: [WeakReference, 0 refs, 0.0000210 secs]10.525: [FinalReference, 0 refs, 0.0000020 secs]10.525: [PhantomReference, 0 refs, 0.0000110 secs]10.525: [JNI Weak Reference, 0.0000030 secs], 0.0014440 secs]
   [Parallel Time: 0.9 ms, GC Workers: 8]
      [GC Worker Start (ms): Min: 10523.9, Avg: 10523.9, Max: 10524.0, Diff: 0.2]
      [Ext Root Scanning (ms): Min: 0.1, Avg: 0.2, Max: 0.3, Diff: 0.2, Sum: 1.7]
      [Update RS (ms): Min: 0.0, Avg: 0.0, Max: 0.0, Diff: 0.0, Sum: 0.1]
         [Processed Buffers: Min: 0, Avg: 0.9, Max: 4, Diff: 4, Sum: 7]
      [Scan RS (ms): Min: 0.0, Avg: 0.1, Max: 0.2, Diff: 0.1, Sum: 0.8]
      [Object Copy (ms): Min: 0.4, Avg: 0.4, Max: 0.5, Diff: 0.2, Sum: 3.3]
      [Termination (ms): Min: 0.0, Avg: 0.0, Max: 0.0, Diff: 0.0, Sum: 0.0]
      [GC Worker Other (ms): Min: 0.0, Avg: 0.0, Max: 0.0, Diff: 0.0, Sum: 0.2]
      [GC Worker Total (ms): Min: 0.6, Avg: 0.8, Max: 0.8, Diff: 0.2, Sum: 6.1]
      [GC Worker End (ms): Min: 10524.7, Avg: 10524.7, Max: 10524.7, Diff: 0.0]
   [Code Root Fixup: 0.0 ms]
   [Clear CT: 0.2 ms]
   [Other: 0.4 ms]
      [Choose CSet: 0.0 ms]
      [Ref Proc: 0.2 ms]
      [Ref Enq: 0.0 ms]
      [Free CSet: 0.1 ms]
   [Eden: 317.0M(317.0M)->0.0B(317.0M) Survivors: 2048.0K->2048.0K Heap: 329.6M(533.0M)->12.3M(533.0M)]
 [Times: user=0.00 sys=0.00, real=0.00 secs] 
10.565: [GC pause (young)10.567: [SoftReference, 0 refs, 0.0000270 secs]10.567: [WeakReference, 0 refs, 0.0000020 secs]10.567: [FinalReference, 0 refs, 0.0000020 secs]10.567: [PhantomReference, 0 refs, 0.0000020 secs]10.567: [JNI Weak Reference, 0.0000030 secs], 0.0015500 secs]
   [Parallel Time: 1.1 ms, GC Workers: 8]
      [GC Worker Start (ms): Min: 10565.4, Avg: 10565.7, Max: 10566.4, Diff: 1.0]
      [Ext Root Scanning (ms): Min: 0.0, Avg: 0.2, Max: 0.3, Diff: 0.3, Sum: 1.4]
      [Update RS (ms): Min: 0.0, Avg: 0.0, Max: 0.0, Diff: 0.0, Sum: 0.1]
         [Processed Buffers: Min: 0, Avg: 1.2, Max: 5, Diff: 5, Sum: 10]
      [Scan RS (ms): Min: 0.0, Avg: 0.1, Max: 0.1, Diff: 0.1, Sum: 0.5]
      [Object Copy (ms): Min: 0.0, Avg: 0.4, Max: 0.5, Diff: 0.5, Sum: 2.9]
      [Termination (ms): Min: 0.0, Avg: 0.1, Max: 0.1, Diff: 0.1, Sum: 0.5]
      [GC Worker Other (ms): Min: 0.0, Avg: 0.0, Max: 0.0, Diff: 0.0, Sum: 0.1]
      [GC Worker Total (ms): Min: 0.0, Avg: 0.7, Max: 1.0, Diff: 1.0, Sum: 5.6]
      [GC Worker End (ms): Min: 10566.4, Avg: 10566.4, Max: 10566.5, Diff: 0.0]
   [Code Root Fixup: 0.0 ms]
   [Clear CT: 0.1 ms]
   [Other: 0.4 ms]
      [Choose CSet: 0.0 ms]
      [Ref Proc: 0.2 ms]
      [Ref Enq: 0.0 ms]
      [Free CSet: 0.1 ms]
   [Eden: 317.0M(317.0M)->0.0B(318.0M) Survivors: 2048.0K->1024.0K Heap: 329.3M(533.0M)->11.6M(533.0M)]
 [Times: user=0.01 sys=0.00, real=0.00 secs] 
10.607: [GC pause (young)10.610: [SoftReference, 0 refs, 0.0000200 secs]10.610: [WeakReference, 0 refs, 0.0000050 secs]10.610: [FinalReference, 0 refs, 0.0000040 secs]10.610: [PhantomReference, 0 refs, 0.0000040 secs]10.610: [JNI Weak Reference, 0.0000050 secs], 0.0030300 secs]
   [Parallel Time: 2.4 ms, GC Workers: 8]
      [GC Worker Start (ms): Min: 10607.2, Avg: 10607.4, Max: 10608.4, Diff: 1.1]
      [Ext Root Scanning (ms): Min: 0.0, Avg: 0.2, Max: 0.3, Diff: 0.3, Sum: 1.8]
      [Update RS (ms): Min: 0.0, Avg: 0.0, Max: 0.0, Diff: 0.0, Sum: 0.1]
         [Processed Buffers: Min: 0, Avg: 1.0, Max: 4, Diff: 4, Sum: 8]
      [Scan RS (ms): Min: 0.0, Avg: 0.2, Max: 0.6, Diff: 0.6, Sum: 1.3]
      [Object Copy (ms): Min: 0.0, Avg: 0.5, Max: 0.7, Diff: 0.7, Sum: 4.0]
      [Termination (ms): Min: 0.0, Avg: 1.1, Max: 1.3, Diff: 1.3, Sum: 9.2]
      [GC Worker Other (ms): Min: 0.0, Avg: 0.0, Max: 0.0, Diff: 0.0, Sum: 0.1]
      [GC Worker Total (ms): Min: 0.0, Avg: 2.1, Max: 2.4, Diff: 2.4, Sum: 16.4]
      [GC Worker End (ms): Min: 10608.4, Avg: 10609.5, Max: 10609.6, Diff: 1.2]
   [Code Root Fixup: 0.0 ms]
   [Clear CT: 0.2 ms]
   [Other: 0.4 ms]
      [Choose CSet: 0.0 ms]
      [Ref Proc: 0.2 ms]
      [Ref Enq: 0.0 ms]
      [Free CSet: 0.2 ms]
   [Eden: 318.0M(318.0M)->0.0B(317.0M) Survivors: 1024.0K->2048.0K Heap: 329.6M(533.0M)->12.7M(533.0M)]
 [Times: user=0.01 sys=0.00, real=0.00 secs] 
10.651: [GC pause (young)10.652: [SoftReference, 0 refs, 0.0000250 secs]10.652: [WeakReference, 0 refs, 0.0000030 secs]10.652: [FinalReference, 0 refs, 0.0000020 secs]10.652: [PhantomReference, 0 refs, 0.0000030 secs]10.652: [JNI Weak Reference, 0.0000030 secs], 0.0018110 secs]
   [Parallel Time: 1.2 ms, GC Workers: 8]
      [GC Worker Start (ms): Min: 10651.0, Avg: 10651.1, Max: 10651.3, Diff: 0.3]
      [Ext Root Scanning (ms): Min: 0.0, Avg: 0.2, Max: 0.4, Diff: 0.4, Sum: 1.7]
      [Update RS (ms): Min: 0.0, Avg: 0.0, Max: 0.0, Diff: 0.0, Sum: 0.1]
         [Processed Buffers: Min: 0, Avg: 0.8, Max: 4, Diff: 4, Sum: 6]
      [Scan RS (ms): Min: 0.0, Avg: 0.1, Max: 0.2, Diff: 0.2, Sum: 1.1]
      [Object Copy (ms): Min: 0.6, Avg: 0.6, Max: 0.8, Diff: 0.2, Sum: 5.0]
      [Termination (ms): Min: 0.0, Avg: 0.0, Max: 0.0, Diff: 0.0, Sum: 0.1]
      [GC Worker Other (ms): Min: 0.0, Avg: 0.0, Max: 0.1, Diff: 0.0, Sum: 0.2]
      [GC Worker Total (ms): Min: 0.8, Avg: 1.0, Max: 1.1, Diff: 0.3, Sum: 8.1]
      [GC Worker End (ms): Min: 10652.1, Avg: 10652.1, Max: 10652.1, Diff: 0.0]
   [Code Root Fixup: 0.0 ms]
   [Clear CT: 0.2 ms]
   [Other: 0.4 ms]
      [Choose CSet: 0.0 ms]
      [Ref Proc: 0.2 ms]
      [Ref Enq: 0.0 ms]
      [Free CSet: 0.2 ms]
   [Eden: 317.0M(317.0M)->0.0B(317.0M) Survivors: 2048.0K->2048.0K Heap: 329.7M(533.0M)->12.6M(533.0M)]
 [Times: user=0.01 sys=0.00, real=0.01 secs] 
10.694: [GC pause (young)10.696: [SoftReference, 0 refs, 0.0000160 secs]10.696: [WeakReference, 0 refs, 0.0000120 secs]10.696: [FinalReference, 0 refs, 0.0000020 secs]10.696: [PhantomReference, 0 refs, 0.0000120 secs]10.696: [JNI Weak Reference, 0.0000030 secs], 0.0014530 secs]
   [Parallel Time: 1.0 ms, GC Workers: 8]
      [GC Worker Start (ms): Min: 10694.5, Avg: 10694.9, Max: 10695.4, Diff: 0.9]
      [Ext Root Scanning (ms): Min: 0.0, Avg: 0.2, Max: 0.3, Diff: 0.3, Sum: 1.4]
      [Update RS (ms): Min: 0.0, Avg: 0.0, Max: 0.0, Diff: 0.0, Sum: 0.1]
         [Processed Buffers: Min: 0, Avg: 1.1, Max: 6, Diff: 6, Sum: 9]
      [Scan RS (ms): Min: 0.0, Avg: 0.1, Max: 0.1, Diff: 0.1, Sum: 0.5]
      [Object Copy (ms): Min: 0.0, Avg: 0.3, Max: 0.5, Diff: 0.5, Sum: 2.3]
      [Termination (ms): Min: 0.0, Avg: 0.1, Max: 0.1, Diff: 0.1, Sum: 0.5]
      [GC Worker Other (ms): Min: 0.0, Avg: 0.0, Max: 0.0, Diff: 0.0, Sum: 0.1]
      [GC Worker Total (ms): Min: 0.0, Avg: 0.6, Max: 1.0, Diff: 0.9, Sum: 4.9]
      [GC Worker End (ms): Min: 10695.5, Avg: 10695.5, Max: 10695.5, Diff: 0.0]
   [Code Root Fixup: 0.0 ms]
   [Clear CT: 0.1 ms]
   [Other: 0.3 ms]
      [Choose CSet: 0.0 ms]
      [Ref Proc: 0.2 ms]
      [Ref Enq: 0.0 ms]
      [Free CSet: 0.1 ms]
   [Eden: 317.0M(317.0M)->0.0B(318.0M) Survivors: 2048.0K->1024.0K Heap: 329.6M(533.0M)->11.5M(533.0M)]
 [Times: user=0.01 sys=0.00, real=0.00 secs] 
10.736: [GC pause (young)10.738: [SoftReference, 0 refs, 0.0000230 secs]10.738: [WeakReference, 0 refs, 0.0000120 secs]10.738: [FinalReference, 0 refs, 0.0000020 secs]10.738: [PhantomReference, 0 refs, 0.0000020 secs]10.738: [JNI Weak Reference, 0.0000020 secs], 0.0016690 secs]
   [Parallel Time: 1.2 ms, GC Workers: 8]
      [GC Worker Start (ms): Min: 10736.2, Avg: 10736.7, Max: 10737.4, Diff: 1.1]
      [Ext Root Scanning (ms): Min: 0.0, Avg: 0.2, Max: 0.3, Diff: 0.3, Sum: 1.4]
      [Update RS (ms): Min: 0.0, Avg: 0.0, Max: 0.0, Diff: 0.0, Sum: 0.1]
         [Processed Buffers: Min: 0, Avg: 0.8, Max: 5, Diff: 5, Sum: 6]
      [Scan RS (ms): Min: 0.0, Avg: 0.1, Max: 0.1, Diff: 0.1, Sum: 0.5]
      [Object Copy (ms): Min: 0.0, Avg: 0.4, Max: 0.7, Diff: 0.7, Sum: 3.2]
      [Termination (ms): Min: 0.0, Avg: 0.1, Max: 0.1, Diff: 0.1, Sum: 0.6]
      [GC Worker Other (ms): Min: 0.0, Avg: 0.0, Max: 0.0, Diff: 0.0, Sum: 0.0]
      [GC Worker Total (ms): Min: 0.0, Avg: 0.7, Max: 1.2, Diff: 1.2, Sum: 5.8]
      [GC Worker End (ms): Min: 10737.4, Avg: 10737.4, Max: 10737.4, Diff: 0.0]
   [Code Root Fixup: 0.0 ms]
   [Clear CT: 0.1 ms]
   [Other: 0.3 ms]
      [Choose CSet: 0.0 ms]
      [Ref Proc: 0.2 ms]
      [Ref Enq: 0.0 ms]
      [Free CSet: 0.1 ms]
   [Eden: 318.0M(318.0M)->0.0B(317.0M) Survivors: 1024.0K->2048.0K Heap: 329.5M(533.0M)->12.6M(533.0M)]
 [Times: user=0.01 sys=0.00, real=0.00 secs] 
10.777: [GC pause (young)10.778: [SoftReference, 0 refs, 0.0000160 secs]10.778: [WeakReference, 0 refs, 0.0000020 secs]10.778: [FinalReference, 0 refs, 0.0000020 secs]10.778: [PhantomReference, 0 refs, 0.0000020 secs]10.778: [JNI Weak Reference, 0.0000020 secs], 0.0012580 secs]
   [Parallel Time: 0.8 ms, GC Workers: 8]
      [GC Worker Start (ms): Min: 10777.2, Avg: 10777.4, Max: 10777.7, Diff: 0.5]
      [Ext Root Scanning (ms): Min: 0.0, Avg: 0.2, Max: 0.3, Diff: 0.3, Sum: 1.5]
      [Update RS (ms): Min: 0.0, Avg: 0.0, Max: 0.0, Diff: 0.0, Sum: 0.1]
         [Processed Buffers: Min: 0, Avg: 0.8, Max: 3, Diff: 3, Sum: 6]
      [Scan RS (ms): Min: 0.0, Avg: 0.1, Max: 0.1, Diff: 0.1, Sum: 0.5]
      [Object Copy (ms): Min: 0.2, Avg: 0.3, Max: 0.4, Diff: 0.1, Sum: 2.4]
      [Termination (ms): Min: 0.0, Avg: 0.0, Max: 0.1, Diff: 0.1, Sum: 0.3]
      [GC Worker Other (ms): Min: 0.0, Avg: 0.0, Max: 0.0, Diff: 0.0, Sum: 0.2]
      [GC Worker Total (ms): Min: 0.3, Avg: 0.6, Max: 0.8, Diff: 0.5, Sum: 5.0]
      [GC Worker End (ms): Min: 10778.0, Avg: 10778.0, Max: 10778.0, Diff: 0.0]
   [Code Root Fixup: 0.0 ms]
   [Clear CT: 0.1 ms]
   [Other: 0.3 ms]
      [Choose CSet: 0.0 ms]
      [Ref Proc: 0.2 ms]
      [Ref Enq: 0.0 ms]
      [Free CSet: 0.1 ms]
   [Eden: 317.0M(317.0M)->0.0B(318.0M) Survivors: 2048.0K->1024.0K Heap: 329.6M(533.0M)->11.3M(533.0M)]
 [Times: user=0.00 sys=0.00, real=0.00 secs] 
10.820: [GC pause (young)10.821: [SoftReference, 0 refs, 0.0000140 secs]10.821: [WeakReference, 0 refs, 0.0000030 secs]10.821: [FinalReference, 0 refs, 0.0000030 secs]10.821: [PhantomReference, 0 refs, 0.0000020 secs]10.821: [JNI Weak Reference, 0.0000020 secs], 0.0016550 secs]
   [Parallel Time: 1.2 ms, GC Workers: 8]
      [GC Worker Start (ms): Min: 10819.9, Avg: 10820.5, Max: 10821.1, Diff: 1.1]
      [Ext Root Scanning (ms): Min: 0.0, Avg: 0.2, Max: 0.4, Diff: 0.4, Sum: 1.3]
      [Update RS (ms): Min: 0.0, Avg: 0.0, Max: 0.0, Diff: 0.0, Sum: 0.1]
         [Processed Buffers: Min: 0, Avg: 1.2, Max: 6, Diff: 6, Sum: 10]
      [Scan RS (ms): Min: 0.0, Avg: 0.0, Max: 0.1, Diff: 0.1, Sum: 0.4]
      [Object Copy (ms): Min: 0.0, Avg: 0.3, Max: 0.7, Diff: 0.7, Sum: 2.6]
      [Termination (ms): Min: 0.0, Avg: 0.1, Max: 0.1, Diff: 0.1, Sum: 0.6]
      [GC Worker Other (ms): Min: 0.0, Avg: 0.0, Max: 0.0, Diff: 0.0, Sum: 0.1]
      [GC Worker Total (ms): Min: 0.0, Avg: 0.6, Max: 1.2, Diff: 1.2, Sum: 5.1]
      [GC Worker End (ms): Min: 10821.1, Avg: 10821.1, Max: 10821.1, Diff: 0.0]
   [Code Root Fixup: 0.0 ms]
   [Clear CT: 0.1 ms]
   [Other: 0.3 ms]
      [Choose CSet: 0.0 ms]
      [Ref Proc: 0.2 ms]
      [Ref Enq: 0.0 ms]
      [Free CSet: 0.1 ms]
   [Eden: 318.0M(318.0M)->0.0B(317.0M) Survivors: 1024.0K->2048.0K Heap: 329.3M(533.0M)->12.6M(533.0M)]
 [Times: user=0.01 sys=0.00, real=0.00 secs] 
10.862: [GC pause (young)10.864: [SoftReference, 0 refs, 0.0000150 secs]10.864: [WeakReference, 0 refs, 0.0000030 secs]10.864: [FinalReference, 0 refs, 0.0000020 secs]10.864: [PhantomReference, 0 refs, 0.0000020 secs]10.864: [JNI Weak Reference, 0.0000020 secs], 0.0017120 secs]
   [Parallel Time: 1.2 ms, GC Workers: 8]
      [GC Worker Start (ms): Min: 10862.4, Avg: 10862.7, Max: 10863.5, Diff: 1.1]
      [Ext Root Scanning (ms): Min: 0.0, Avg: 0.2, Max: 0.3, Diff: 0.3, Sum: 1.5]
      [Update RS (ms): Min: 0.0, Avg: 0.0, Max: 0.0, Diff: 0.0, Sum: 0.1]
         [Processed Buffers: Min: 0, Avg: 0.8, Max: 3, Diff: 3, Sum: 6]
      [Scan RS (ms): Min: 0.0, Avg: 0.1, Max: 0.2, Diff: 0.2, Sum: 0.7]
      [Object Copy (ms): Min: 0.0, Avg: 0.5, Max: 0.7, Diff: 0.7, Sum: 3.6]
      [Termination (ms): Min: 0.0, Avg: 0.1, Max: 0.1, Diff: 0.1, Sum: 0.6]
      [GC Worker Other (ms): Min: 0.0, Avg: 0.0, Max: 0.0, Diff: 0.0, Sum: 0.1]
      [GC Worker Total (ms): Min: 0.0, Avg: 0.8, Max: 1.1, Diff: 1.1, Sum: 6.6]
      [GC Worker End (ms): Min: 10863.5, Avg: 10863.5, Max: 10863.5, Diff: 0.0]
   [Code Root Fixup: 0.0 ms]
   [Clear CT: 0.2 ms]
   [Other: 0.4 ms]
      [Choose CSet: 0.0 ms]
      [Ref Proc: 0.2 ms]
      [Ref Enq: 0.0 ms]
      [Free CSet: 0.1 ms]
   [Eden: 317.0M(317.0M)->0.0B(316.0M) Survivors: 2048.0K->3072.0K Heap: 329.6M(533.0M)->12.9M(533.0M)]
 [Times: user=0.01 sys=0.00, real=0.00 secs] 
10.907: [GC pause (young)10.908: [SoftReference, 0 refs, 0.0000140 secs]10.908: [WeakReference, 0 refs, 0.0000020 secs]10.908: [FinalReference, 0 refs, 0.0000020 secs]10.908: [PhantomReference, 0 refs, 0.0000020 secs]10.908: [JNI Weak Reference, 0.0000020 secs], 0.0016390 secs]
   [Parallel Time: 1.1 ms, GC Workers: 8]
      [GC Worker Start (ms): Min: 10906.9, Avg: 10907.0, Max: 10907.1, Diff: 0.2]
      [Ext Root Scanning (ms): Min: 0.1, Avg: 0.2, Max: 0.3, Diff: 0.2, Sum: 1.8]
      [Update RS (ms): Min: 0.0, Avg: 0.0, Max: 0.0, Diff: 0.0, Sum: 0.1]
         [Processed Buffers: Min: 0, Avg: 1.0, Max: 4, Diff: 4, Sum: 8]
      [Scan RS (ms): Min: 0.0, Avg: 0.1, Max: 0.2, Diff: 0.2, Sum: 0.9]
      [Object Copy (ms): Min: 0.4, Avg: 0.5, Max: 0.6, Diff: 0.2, Sum: 4.2]
      [Termination (ms): Min: 0.0, Avg: 0.1, Max: 0.1, Diff: 0.1, Sum: 0.5]
      [GC Worker Other (ms): Min: 0.0, Avg: 0.0, Max: 0.0, Diff: 0.0, Sum: 0.1]
      [GC Worker Total (ms): Min: 0.8, Avg: 0.9, Max: 1.0, Diff: 0.3, Sum: 7.6]
      [GC Worker End (ms): Min: 10907.9, Avg: 10907.9, Max: 10908.0, Diff: 0.0]
   [Code Root Fixup: 0.0 ms]
   [Clear CT: 0.1 ms]
   [Other: 0.4 ms]
      [Choose CSet: 0.0 ms]
      [Ref Proc: 0.2 ms]
      [Ref Enq: 0.0 ms]
      [Free CSet: 0.1 ms]
   [Eden: 316.0M(316.0M)->0.0B(316.0M) Survivors: 3072.0K->3072.0K Heap: 328.9M(533.0M)->13.1M(533.0M)]
 [Times: user=0.01 sys=0.00, real=0.00 secs] 
10.948: [GC pause (young)10.950: [SoftReference, 0 refs, 0.0000150 secs]10.950: [WeakReference, 0 refs, 0.0000030 secs]10.950: [FinalReference, 0 refs, 0.0000020 secs]10.950: [PhantomReference, 0 refs, 0.0000020 secs]10.950: [JNI Weak Reference, 0.0000020 secs], 0.0016070 secs]
   [Parallel Time: 1.1 ms, GC Workers: 8]
      [GC Worker Start (ms): Min: 10948.4, Avg: 10948.5, Max: 10948.9, Diff: 0.5]
      [Ext Root Scanning (ms): Min: 0.0, Avg: 0.2, Max: 0.4, Diff: 0.3, Sum: 1.8]
      [Update RS (ms): Min: 0.0, Avg: 0.0, Max: 0.0, Diff: 0.0, Sum: 0.1]
         [Processed Buffers: Min: 0, Avg: 1.1, Max: 6, Diff: 6, Sum: 9]
      [Scan RS (ms): Min: 0.0, Avg: 0.1, Max: 0.2, Diff: 0.2, Sum: 0.8]
      [Object Copy (ms): Min: 0.5, Avg: 0.5, Max: 0.7, Diff: 0.2, Sum: 4.4]
      [Termination (ms): Min: 0.0, Avg: 0.1, Max: 0.1, Diff: 0.1, Sum: 0.7]
      [GC Worker Other (ms): Min: 0.0, Avg: 0.0, Max: 0.0, Diff: 0.0, Sum: 0.1]
      [GC Worker Total (ms): Min: 0.6, Avg: 1.0, Max: 1.1, Diff: 0.5, Sum: 7.7]
      [GC Worker End (ms): Min: 10949.5, Avg: 10949.5, Max: 10949.5, Diff: 0.0]
   [Code Root Fixup: 0.0 ms]
   [Clear CT: 0.1 ms]
   [Other: 0.4 ms]
      [Choose CSet: 0.0 ms]
      [Ref Proc: 0.2 ms]
      [Ref Enq: 0.0 ms]
      [Free CSet: 0.1 ms]
   [Eden: 316.0M(316.0M)->0.0B(317.0M) Survivors: 3072.0K->2048.0K Heap: 329.1M(533.0M)->12.7M(533.0M)]
 [Times: user=0.01 sys=0.00, real=0.00 secs] 
10.990: [GC pause (young)10.991: [SoftReference, 0 refs, 0.0000370 secs]10.991: [WeakReference, 0 refs, 0.0000130 secs]10.991: [FinalReference, 0 refs, 0.0000020 secs]10.991: [PhantomReference, 0 refs, 0.0000020 secs]10.991: [JNI Weak Reference, 0.0000030 secs], 0.0016780 secs]
   [Parallel Time: 1.1 ms, GC Workers: 8]
      [GC Worker Start (ms): Min: 10990.0, Avg: 10990.3, Max: 10991.0, Diff: 1.0]
      [Ext Root Scanning (ms): Min: 0.0, Avg: 0.2, Max: 0.3, Diff: 0.3, Sum: 1.4]
      [Update RS (ms): Min: 0.0, Avg: 0.0, Max: 0.0, Diff: 0.0, Sum: 0.1]
         [Processed Buffers: Min: 0, Avg: 0.9, Max: 4, Diff: 4, Sum: 7]
      [Scan RS (ms): Min: 0.0, Avg: 0.1, Max: 0.1, Diff: 0.1, Sum: 0.5]
      [Object Copy (ms): Min: 0.0, Avg: 0.3, Max: 0.5, Diff: 0.5, Sum: 2.5]
      [Termination (ms): Min: 0.0, Avg: 0.1, Max: 0.1, Diff: 0.1, Sum: 0.6]
      [GC Worker Other (ms): Min: 0.0, Avg: 0.0, Max: 0.0, Diff: 0.0, Sum: 0.0]
      [GC Worker Total (ms): Min: 0.0, Avg: 0.6, Max: 1.1, Diff: 1.0, Sum: 5.1]
      [GC Worker End (ms): Min: 10991.0, Avg: 10991.0, Max: 10991.0, Diff: 0.0]
   [Code Root Fixup: 0.0 ms]
   [Clear CT: 0.1 ms]
   [Other: 0.4 ms]
      [Choose CSet: 0.0 ms]
      [Ref Proc: 0.3 ms]
      [Ref Enq: 0.0 ms]
      [Free CSet: 0.1 ms]
   [Eden: 317.0M(317.0M)->0.0B(318.0M) Survivors: 2048.0K->1024.0K Heap: 329.7M(533.0M)->11.8M(533.0M)]
 [Times: user=0.00 sys=0.00, real=0.00 secs] 
11.034: [GC pause (young)11.036: [SoftReference, 0 refs, 0.0000130 secs]11.036: [WeakReference, 0 refs, 0.0000020 secs]11.036: [FinalReference, 0 refs, 0.0000020 secs]11.036: [PhantomReference, 0 refs, 0.0000020 secs]11.036: [JNI Weak Reference, 0.0000020 secs], 0.0020770 secs]
   [Parallel Time: 1.5 ms, GC Workers: 8]
      [GC Worker Start (ms): Min: 11034.1, Avg: 11034.8, Max: 11035.6, Diff: 1.4]
      [Ext Root Scanning (ms): Min: 0.0, Avg: 0.2, Max: 0.4, Diff: 0.4, Sum: 1.5]
      [Update RS (ms): Min: 0.0, Avg: 0.0, Max: 0.0, Diff: 0.0, Sum: 0.1]
         [Processed Buffers: Min: 0, Avg: 0.9, Max: 6, Diff: 6, Sum: 7]
      [Scan RS (ms): Min: 0.0, Avg: 0.1, Max: 0.1, Diff: 0.1, Sum: 0.4]
      [Object Copy (ms): Min: 0.0, Avg: 0.4, Max: 0.8, Diff: 0.8, Sum: 3.3]
      [Termination (ms): Min: 0.0, Avg: 0.1, Max: 0.2, Diff: 0.2, Sum: 1.1]
      [GC Worker Other (ms): Min: 0.0, Avg: 0.0, Max: 0.0, Diff: 0.0, Sum: 0.0]
      [GC Worker Total (ms): Min: 0.0, Avg: 0.8, Max: 1.5, Diff: 1.4, Sum: 6.4]
      [GC Worker End (ms): Min: 11035.6, Avg: 11035.6, Max: 11035.6, Diff: 0.0]
   [Code Root Fixup: 0.0 ms]
   [Clear CT: 0.1 ms]
   [Other: 0.5 ms]
      [Choose CSet: 0.0 ms]
      [Ref Proc: 0.2 ms]
      [Ref Enq: 0.0 ms]
      [Free CSet: 0.2 ms]
   [Eden: 318.0M(318.0M)->0.0B(317.0M) Survivors: 1024.0K->2048.0K Heap: 329.8M(533.0M)->12.3M(533.0M)]
 [Times: user=0.00 sys=0.00, real=0.00 secs] 
11.078: [GC pause (young)11.079: [SoftReference, 0 refs, 0.0000150 secs]11.079: [WeakReference, 0 refs, 0.0000020 secs]11.079: [FinalReference, 0 refs, 0.0000020 secs]11.079: [PhantomReference, 0 refs, 0.0000030 secs]11.079: [JNI Weak Reference, 0.0000020 secs], 0.0016350 secs]
   [Parallel Time: 1.1 ms, GC Workers: 8]
      [GC Worker Start (ms): Min: 11078.1, Avg: 11078.3, Max: 11078.9, Diff: 0.8]
      [Ext Root Scanning (ms): Min: 0.0, Avg: 0.2, Max: 0.3, Diff: 0.3, Sum: 1.6]
      [Update RS (ms): Min: 0.0, Avg: 0.0, Max: 0.0, Diff: 0.0, Sum: 0.1]
         [Processed Buffers: Min: 0, Avg: 0.9, Max: 4, Diff: 4, Sum: 7]
      [Scan RS (ms): Min: 0.0, Avg: 0.1, Max: 0.1, Diff: 0.1, Sum: 0.5]
      [Object Copy (ms): Min: 0.1, Avg: 0.4, Max: 0.6, Diff: 0.4, Sum: 3.4]
      [Termination (ms): Min: 0.0, Avg: 0.1, Max: 0.1, Diff: 0.1, Sum: 0.5]
      [GC Worker Other (ms): Min: 0.0, Avg: 0.0, Max: 0.0, Diff: 0.0, Sum: 0.1]
      [GC Worker Total (ms): Min: 0.2, Avg: 0.8, Max: 1.0, Diff: 0.8, Sum: 6.1]
      [GC Worker End (ms): Min: 11079.1, Avg: 11079.1, Max: 11079.1, Diff: 0.0]
   [Code Root Fixup: 0.0 ms]
   [Clear CT: 0.2 ms]
   [Other: 0.4 ms]
      [Choose CSet: 0.0 ms]
      [Ref Proc: 0.2 ms]
      [Ref Enq: 0.0 ms]
      [Free CSet: 0.1 ms]
   [Eden: 317.0M(317.0M)->0.0B(317.0M) Survivors: 2048.0K->2048.0K Heap: 329.3M(533.0M)->12.4M(533.0M)]
 [Times: user=0.01 sys=0.00, real=0.00 secs] 
11.120: [GC pause (young)11.121: [SoftReference, 0 refs, 0.0000140 secs]11.121: [WeakReference, 0 refs, 0.0000020 secs]11.121: [FinalReference, 0 refs, 0.0000180 secs]11.121: [PhantomReference, 0 refs, 0.0000020 secs]11.121: [JNI Weak Reference, 0.0000030 secs], 0.0014850 secs]
   [Parallel Time: 1.0 ms, GC Workers: 8]
      [GC Worker Start (ms): Min: 11119.6, Avg: 11119.9, Max: 11120.5, Diff: 0.9]
      [Ext Root Scanning (ms): Min: 0.0, Avg: 0.2, Max: 0.3, Diff: 0.3, Sum: 1.4]
      [Update RS (ms): Min: 0.0, Avg: 0.0, Max: 0.0, Diff: 0.0, Sum: 0.0]
         [Processed Buffers: Min: 0, Avg: 1.1, Max: 6, Diff: 6, Sum: 9]
      [Scan RS (ms): Min: 0.0, Avg: 0.1, Max: 0.1, Diff: 0.1, Sum: 0.4]
      [Object Copy (ms): Min: 0.0, Avg: 0.3, Max: 0.5, Diff: 0.5, Sum: 2.1]
      [Termination (ms): Min: 0.0, Avg: 0.1, Max: 0.1, Diff: 0.1, Sum: 0.6]
      [GC Worker Other (ms): Min: 0.0, Avg: 0.0, Max: 0.0, Diff: 0.0, Sum: 0.1]
      [GC Worker Total (ms): Min: 0.0, Avg: 0.6, Max: 1.0, Diff: 0.9, Sum: 4.6]
      [GC Worker End (ms): Min: 11120.5, Avg: 11120.5, Max: 11120.5, Diff: 0.0]
   [Code Root Fixup: 0.0 ms]
   [Clear CT: 0.1 ms]
   [Other: 0.4 ms]
      [Choose CSet: 0.0 ms]
      [Ref Proc: 0.2 ms]
      [Ref Enq: 0.0 ms]
      [Free CSet: 0.1 ms]
   [Eden: 317.0M(317.0M)->0.0B(318.0M) Survivors: 2048.0K->1024.0K Heap: 329.4M(533.0M)->11.6M(533.0M)]
 [Times: user=0.00 sys=0.00, real=0.00 secs] 
11.161: [GC pause (young)11.163: [SoftReference, 0 refs, 0.0000130 secs]11.163: [WeakReference, 0 refs, 0.0000030 secs]11.163: [FinalReference, 0 refs, 0.0000020 secs]11.163: [PhantomReference, 0 refs, 0.0000020 secs]11.163: [JNI Weak Reference, 0.0000020 secs], 0.0016990 secs]
   [Parallel Time: 1.2 ms, GC Workers: 8]
      [GC Worker Start (ms): Min: 11161.4, Avg: 11161.8, Max: 11162.6, Diff: 1.2]
      [Ext Root Scanning (ms): Min: 0.0, Avg: 0.3, Max: 0.8, Diff: 0.8, Sum: 2.1]
      [Update RS (ms): Min: 0.0, Avg: 0.0, Max: 0.0, Diff: 0.0, Sum: 0.1]
         [Processed Buffers: Min: 0, Avg: 0.9, Max: 5, Diff: 5, Sum: 7]
      [Scan RS (ms): Min: 0.0, Avg: 0.1, Max: 0.2, Diff: 0.2, Sum: 0.5]
      [Object Copy (ms): Min: 0.0, Avg: 0.4, Max: 0.7, Diff: 0.7, Sum: 3.4]
      [Termination (ms): Min: 0.0, Avg: 0.1, Max: 0.1, Diff: 0.1, Sum: 0.6]
      [GC Worker Other (ms): Min: 0.0, Avg: 0.0, Max: 0.0, Diff: 0.0, Sum: 0.1]
      [GC Worker Total (ms): Min: 0.0, Avg: 0.8, Max: 1.2, Diff: 1.2, Sum: 6.7]
      [GC Worker End (ms): Min: 11162.6, Avg: 11162.6, Max: 11162.6, Diff: 0.0]
   [Code Root Fixup: 0.0 ms]
   [Clear CT: 0.1 ms]
   [Other: 0.3 ms]
      [Choose CSet: 0.0 ms]
      [Ref Proc: 0.2 ms]
      [Ref Enq: 0.0 ms]
      [Free CSet: 0.1 ms]
   [Eden: 318.0M(318.0M)->0.0B(316.0M) Survivors: 1024.0K->3072.0K Heap: 329.6M(533.0M)->13.0M(533.0M)]
 [Times: user=0.01 sys=0.00, real=0.01 secs] 
11.203: [GC pause (young)11.205: [SoftReference, 0 refs, 0.0000470 secs]11.205: [WeakReference, 0 refs, 0.0000020 secs]11.205: [FinalReference, 0 refs, 0.0000020 secs]11.205: [PhantomReference, 0 refs, 0.0000020 secs]11.205: [JNI Weak Reference, 0.0000030 secs], 0.0016700 secs]
   [Parallel Time: 1.1 ms, GC Workers: 8]
      [GC Worker Start (ms): Min: 11203.3, Avg: 11203.6, Max: 11204.1, Diff: 0.8]
      [Ext Root Scanning (ms): Min: 0.0, Avg: 0.2, Max: 0.3, Diff: 0.3, Sum: 1.4]
      [Update RS (ms): Min: 0.0, Avg: 0.0, Max: 0.0, Diff: 0.0, Sum: 0.0]
         [Processed Buffers: Min: 0, Avg: 0.8, Max: 6, Diff: 6, Sum: 6]
      [Scan RS (ms): Min: 0.0, Avg: 0.1, Max: 0.1, Diff: 0.1, Sum: 0.5]
      [Object Copy (ms): Min: 0.2, Avg: 0.5, Max: 0.7, Diff: 0.5, Sum: 3.6]
      [Termination (ms): Min: 0.0, Avg: 0.1, Max: 0.1, Diff: 0.1, Sum: 0.4]
      [GC Worker Other (ms): Min: 0.0, Avg: 0.0, Max: 0.0, Diff: 0.0, Sum: 0.1]
      [GC Worker Total (ms): Min: 0.2, Avg: 0.8, Max: 1.1, Diff: 0.8, Sum: 6.0]
      [GC Worker End (ms): Min: 11204.3, Avg: 11204.3, Max: 11204.4, Diff: 0.0]
   [Code Root Fixup: 0.0 ms]
   [Clear CT: 0.2 ms]
   [Other: 0.4 ms]
      [Choose CSet: 0.0 ms]
      [Ref Proc: 0.2 ms]
      [Ref Enq: 0.0 ms]
      [Free CSet: 0.1 ms]
   [Eden: 316.0M(316.0M)->0.0B(317.0M) Survivors: 3072.0K->2048.0K Heap: 329.0M(533.0M)->12.2M(533.0M)]
 [Times: user=0.01 sys=0.00, real=0.00 secs] 
11.248: [GC pause (young)11.250: [SoftReference, 0 refs, 0.0000140 secs]11.250: [WeakReference, 0 refs, 0.0000030 secs]11.250: [FinalReference, 0 refs, 0.0000020 secs]11.250: [PhantomReference, 0 refs, 0.0000020 secs]11.250: [JNI Weak Reference, 0.0000130 secs], 0.0017300 secs]
   [Parallel Time: 1.2 ms, GC Workers: 8]
      [GC Worker Start (ms): Min: 11248.2, Avg: 11248.4, Max: 11249.3, Diff: 1.1]
      [Ext Root Scanning (ms): Min: 0.0, Avg: 0.2, Max: 0.3, Diff: 0.3, Sum: 1.6]
      [Update RS (ms): Min: 0.0, Avg: 0.0, Max: 0.0, Diff: 0.0, Sum: 0.0]
         [Processed Buffers: Min: 0, Avg: 1.0, Max: 5, Diff: 5, Sum: 8]
      [Scan RS (ms): Min: 0.0, Avg: 0.1, Max: 0.1, Diff: 0.1, Sum: 0.6]
      [Object Copy (ms): Min: 0.0, Avg: 0.5, Max: 0.8, Diff: 0.8, Sum: 4.4]
      [Termination (ms): Min: 0.0, Avg: 0.1, Max: 0.2, Diff: 0.2, Sum: 0.9]
      [GC Worker Other (ms): Min: 0.0, Avg: 0.0, Max: 0.0, Diff: 0.0, Sum: 0.1]
      [GC Worker Total (ms): Min: 0.1, Avg: 0.9, Max: 1.2, Diff: 1.1, Sum: 7.6]
      [GC Worker End (ms): Min: 11249.3, Avg: 11249.4, Max: 11249.4, Diff: 0.0]
   [Code Root Fixup: 0.0 ms]
   [Clear CT: 0.2 ms]
   [Other: 0.3 ms]
      [Choose CSet: 0.0 ms]
      [Ref Proc: 0.1 ms]
      [Ref Enq: 0.0 ms]
      [Free CSet: 0.1 ms]
   [Eden: 317.0M(317.0M)->0.0B(316.0M) Survivors: 2048.0K->3072.0K Heap: 329.2M(533.0M)->13.4M(533.0M)]
 [Times: user=0.00 sys=0.00, real=0.00 secs] 
11.290: [GC pause (young)11.291: [SoftReference, 0 refs, 0.0000140 secs]11.291: [WeakReference, 0 refs, 0.0000020 secs]11.291: [FinalReference, 0 refs, 0.0000020 secs]11.291: [PhantomReference, 0 refs, 0.0000020 secs]11.291: [JNI Weak Reference, 0.0000120 secs], 0.0017210 secs]
   [Parallel Time: 1.3 ms, GC Workers: 8]
      [GC Worker Start (ms): Min: 11290.0, Avg: 11290.6, Max: 11291.3, Diff: 1.2]
      [Ext Root Scanning (ms): Min: 0.0, Avg: 0.2, Max: 0.3, Diff: 0.3, Sum: 1.3]
      [Update RS (ms): Min: 0.0, Avg: 0.0, Max: 0.0, Diff: 0.0, Sum: 0.1]
         [Processed Buffers: Min: 0, Avg: 0.9, Max: 3, Diff: 3, Sum: 7]
      [Scan RS (ms): Min: 0.0, Avg: 0.1, Max: 0.1, Diff: 0.1, Sum: 0.4]
      [Object Copy (ms): Min: 0.0, Avg: 0.4, Max: 0.8, Diff: 0.8, Sum: 3.4]
      [Termination (ms): Min: 0.0, Avg: 0.1, Max: 0.1, Diff: 0.1, Sum: 0.6]
      [GC Worker Other (ms): Min: 0.0, Avg: 0.0, Max: 0.0, Diff: 0.0, Sum: 0.1]
      [GC Worker Total (ms): Min: 0.0, Avg: 0.7, Max: 1.2, Diff: 1.2, Sum: 5.8]
      [GC Worker End (ms): Min: 11291.3, Avg: 11291.3, Max: 11291.3, Diff: 0.0]
   [Code Root Fixup: 0.0 ms]
   [Clear CT: 0.1 ms]
   [Other: 0.3 ms]
      [Choose CSet: 0.0 ms]
      [Ref Proc: 0.2 ms]
      [Ref Enq: 0.0 ms]
      [Free CSet: 0.1 ms]
   [Eden: 316.0M(316.0M)->0.0B(317.0M) Survivors: 3072.0K->2048.0K Heap: 329.4M(533.0M)->12.1M(533.0M)]
 [Times: user=0.01 sys=0.00, real=0.00 secs] 
11.332: [GC pause (young)11.333: [SoftReference, 0 refs, 0.0000150 secs]11.333: [WeakReference, 0 refs, 0.0000030 secs]11.333: [FinalReference, 0 refs, 0.0000030 secs]11.333: [PhantomReference, 0 refs, 0.0000210 secs]11.333: [JNI Weak Reference, 0.0000030 secs], 0.0017010 secs]
   [Parallel Time: 1.3 ms, GC Workers: 8]
      [GC Worker Start (ms): Min: 11331.6, Avg: 11332.1, Max: 11332.8, Diff: 1.1]
      [Ext Root Scanning (ms): Min: 0.0, Avg: 0.2, Max: 0.3, Diff: 0.3, Sum: 1.4]
      [Update RS (ms): Min: 0.0, Avg: 0.0, Max: 0.0, Diff: 0.0, Sum: 0.0]
         [Processed Buffers: Min: 0, Avg: 0.9, Max: 4, Diff: 4, Sum: 7]
      [Scan RS (ms): Min: 0.0, Avg: 0.1, Max: 0.1, Diff: 0.1, Sum: 0.5]
      [Object Copy (ms): Min: 0.0, Avg: 0.4, Max: 0.7, Diff: 0.7, Sum: 3.3]
      [Termination (ms): Min: 0.0, Avg: 0.1, Max: 0.1, Diff: 0.1, Sum: 0.7]
      [GC Worker Other (ms): Min: 0.0, Avg: 0.0, Max: 0.0, Diff: 0.0, Sum: 0.2]
      [GC Worker Total (ms): Min: 0.0, Avg: 0.8, Max: 1.2, Diff: 1.2, Sum: 6.1]
      [GC Worker End (ms): Min: 11332.8, Avg: 11332.8, Max: 11332.9, Diff: 0.0]
   [Code Root Fixup: 0.0 ms]
   [Clear CT: 0.1 ms]
   [Other: 0.3 ms]
      [Choose CSet: 0.0 ms]
      [Ref Proc: 0.2 ms]
      [Ref Enq: 0.0 ms]
      [Free CSet: 0.1 ms]
   [Eden: 317.0M(317.0M)->0.0B(317.0M) Survivors: 2048.0K->2048.0K Heap: 329.1M(533.0M)->12.9M(533.0M)]
 [Times: user=0.01 sys=0.00, real=0.01 secs] 
11.375: [GC pause (young)11.376: [SoftReference, 0 refs, 0.0000160 secs]11.376: [WeakReference, 0 refs, 0.0000030 secs]11.376: [FinalReference, 0 refs, 0.0000030 secs]11.376: [PhantomReference, 0 refs, 0.0000020 secs]11.376: [JNI Weak Reference, 0.0000030 secs], 0.0018190 secs]
   [Parallel Time: 1.1 ms, GC Workers: 8]
      [GC Worker Start (ms): Min: 11374.9, Avg: 11374.9, Max: 11375.0, Diff: 0.1]
      [Ext Root Scanning (ms): Min: 0.2, Avg: 0.2, Max: 0.3, Diff: 0.1, Sum: 1.8]
      [Update RS (ms): Min: 0.0, Avg: 0.0, Max: 0.1, Diff: 0.1, Sum: 0.1]
         [Processed Buffers: Min: 0, Avg: 0.6, Max: 2, Diff: 2, Sum: 5]
      [Scan RS (ms): Min: 0.0, Avg: 0.1, Max: 0.2, Diff: 0.1, Sum: 0.9]
      [Object Copy (ms): Min: 0.5, Avg: 0.6, Max: 0.7, Diff: 0.2, Sum: 4.6]
      [Termination (ms): Min: 0.0, Avg: 0.0, Max: 0.0, Diff: 0.0, Sum: 0.0]
      [GC Worker Other (ms): Min: 0.0, Avg: 0.0, Max: 0.1, Diff: 0.1, Sum: 0.3]
      [GC Worker Total (ms): Min: 0.9, Avg: 1.0, Max: 1.0, Diff: 0.1, Sum: 7.7]
      [GC Worker End (ms): Min: 11375.8, Avg: 11375.9, Max: 11375.9, Diff: 0.1]
   [Code Root Fixup: 0.0 ms]
   [Clear CT: 0.1 ms]
   [Other: 0.6 ms]
      [Choose CSet: 0.0 ms]
      [Ref Proc: 0.5 ms]
      [Ref Enq: 0.0 ms]
      [Free CSet: 0.1 ms]
   [Eden: 317.0M(317.0M)->0.0B(317.0M) Survivors: 2048.0K->2048.0K Heap: 329.9M(533.0M)->13.0M(533.0M)]
 [Times: user=0.00 sys=0.00, real=0.00 secs] 
11.418: [GC pause (young)11.420: [SoftReference, 0 refs, 0.0000150 secs]11.420: [WeakReference, 0 refs, 0.0000030 secs]11.420: [FinalReference, 0 refs, 0.0000030 secs]11.420: [PhantomReference, 0 refs, 0.0000030 secs]11.420: [JNI Weak Reference, 0.0000120 secs], 0.0021140 secs]
   [Parallel Time: 1.1 ms, GC Workers: 8]
      [GC Worker Start (ms): Min: 11418.4, Avg: 11418.5, Max: 11418.7, Diff: 0.3]
      [Ext Root Scanning (ms): Min: 0.0, Avg: 0.2, Max: 0.3, Diff: 0.3, Sum: 1.6]
      [Update RS (ms): Min: 0.0, Avg: 0.0, Max: 0.0, Diff: 0.0, Sum: 0.1]
         [Processed Buffers: Min: 0, Avg: 1.1, Max: 6, Diff: 6, Sum: 9]
      [Scan RS (ms): Min: 0.0, Avg: 0.1, Max: 0.1, Diff: 0.1, Sum: 0.7]
      [Object Copy (ms): Min: 0.6, Avg: 0.7, Max: 0.8, Diff: 0.2, Sum: 5.2]
      [Termination (ms): Min: 0.0, Avg: 0.0, Max: 0.0, Diff: 0.0, Sum: 0.0]
      [GC Worker Other (ms): Min: 0.0, Avg: 0.0, Max: 0.0, Diff: 0.0, Sum: 0.2]
      [GC Worker Total (ms): Min: 0.8, Avg: 1.0, Max: 1.1, Diff: 0.3, Sum: 7.8]
      [GC Worker End (ms): Min: 11419.5, Avg: 11419.5, Max: 11419.5, Diff: 0.0]
   [Code Root Fixup: 0.0 ms]
   [Clear CT: 0.1 ms]
   [Other: 0.8 ms]
      [Choose CSet: 0.0 ms]
      [Ref Proc: 0.7 ms]
      [Ref Enq: 0.0 ms]
      [Free CSet: 0.1 ms]
   [Eden: 317.0M(317.0M)->0.0B(317.0M) Survivors: 2048.0K->2048.0K Heap: 330.0M(533.0M)->12.5M(533.0M)]
 [Times: user=0.01 sys=0.01, real=0.00 secs] 
11.461: [GC pause (young)11.463: [SoftReference, 0 refs, 0.0000300 secs]11.463: [WeakReference, 0 refs, 0.0000030 secs]11.463: [FinalReference, 0 refs, 0.0000120 secs]11.463: [PhantomReference, 0 refs, 0.0000020 secs]11.463: [JNI Weak Reference, 0.0000020 secs], 0.0015630 secs]
   [Parallel Time: 1.1 ms, GC Workers: 8]
      [GC Worker Start (ms): Min: 11461.5, Avg: 11462.0, Max: 11462.6, Diff: 1.0]
      [Ext Root Scanning (ms): Min: 0.0, Avg: 0.2, Max: 0.3, Diff: 0.3, Sum: 1.4]
      [Update RS (ms): Min: 0.0, Avg: 0.0, Max: 0.0, Diff: 0.0, Sum: 0.1]
         [Processed Buffers: Min: 0, Avg: 1.1, Max: 4, Diff: 4, Sum: 9]
      [Scan RS (ms): Min: 0.0, Avg: 0.1, Max: 0.1, Diff: 0.1, Sum: 0.5]
      [Object Copy (ms): Min: 0.0, Avg: 0.3, Max: 0.6, Diff: 0.6, Sum: 2.6]
      [Termination (ms): Min: 0.0, Avg: 0.1, Max: 0.1, Diff: 0.1, Sum: 0.6]
      [GC Worker Other (ms): Min: 0.0, Avg: 0.0, Max: 0.0, Diff: 0.0, Sum: 0.0]
      [GC Worker Total (ms): Min: 0.0, Avg: 0.6, Max: 1.1, Diff: 1.1, Sum: 5.2]
      [GC Worker End (ms): Min: 11462.6, Avg: 11462.6, Max: 11462.6, Diff: 0.0]
   [Code Root Fixup: 0.0 ms]
   [Clear CT: 0.1 ms]
   [Other: 0.3 ms]
      [Choose CSet: 0.0 ms]
      [Ref Proc: 0.2 ms]
      [Ref Enq: 0.0 ms]
      [Free CSet: 0.1 ms]
   [Eden: 317.0M(317.0M)->0.0B(317.0M) Survivors: 2048.0K->2048.0K Heap: 329.5M(533.0M)->13.1M(533.0M)]
 [Times: user=0.01 sys=0.00, real=0.01 secs] 
11.505: [GC pause (young)11.506: [SoftReference, 0 refs, 0.0000230 secs]11.506: [WeakReference, 0 refs, 0.0000020 secs]11.506: [FinalReference, 0 refs, 0.0000110 secs]11.506: [PhantomReference, 0 refs, 0.0000030 secs]11.506: [JNI Weak Reference, 0.0000020 secs], 0.0015120 secs]
   [Parallel Time: 1.0 ms, GC Workers: 8]
      [GC Worker Start (ms): Min: 11505.2, Avg: 11505.6, Max: 11506.2, Diff: 1.0]
      [Ext Root Scanning (ms): Min: 0.0, Avg: 0.2, Max: 0.3, Diff: 0.3, Sum: 1.4]
      [Update RS (ms): Min: 0.0, Avg: 0.0, Max: 0.0, Diff: 0.0, Sum: 0.1]
         [Processed Buffers: Min: 0, Avg: 0.9, Max: 4, Diff: 4, Sum: 7]
      [Scan RS (ms): Min: 0.0, Avg: 0.1, Max: 0.1, Diff: 0.1, Sum: 0.4]
      [Object Copy (ms): Min: 0.0, Avg: 0.3, Max: 0.5, Diff: 0.5, Sum: 2.5]
      [Termination (ms): Min: 0.0, Avg: 0.1, Max: 0.1, Diff: 0.1, Sum: 0.5]
      [GC Worker Other (ms): Min: 0.0, Avg: 0.0, Max: 0.0, Diff: 0.0, Sum: 0.1]
      [GC Worker Total (ms): Min: 0.0, Avg: 0.6, Max: 1.0, Diff: 1.0, Sum: 4.9]
      [GC Worker End (ms): Min: 11506.2, Avg: 11506.2, Max: 11506.2, Diff: 0.0]
   [Code Root Fixup: 0.0 ms]
   [Clear CT: 0.1 ms]
   [Other: 0.3 ms]
      [Choose CSet: 0.0 ms]
      [Ref Proc: 0.2 ms]
      [Ref Enq: 0.0 ms]
      [Free CSet: 0.1 ms]
   [Eden: 317.0M(317.0M)->0.0B(318.0M) Survivors: 2048.0K->1024.0K Heap: 330.1M(533.0M)->12.0M(533.0M)]
 [Times: user=0.01 sys=0.00, real=0.00 secs] 
11.548: [GC pause (young)11.549: [SoftReference, 0 refs, 0.0000130 secs]11.549: [WeakReference, 0 refs, 0.0000030 secs]11.549: [FinalReference, 0 refs, 0.0000020 secs]11.549: [PhantomReference, 0 refs, 0.0000030 secs]11.549: [JNI Weak Reference, 0.0000030 secs], 0.0016050 secs]
   [Parallel Time: 1.1 ms, GC Workers: 8]
      [GC Worker Start (ms): Min: 11547.9, Avg: 11548.2, Max: 11548.9, Diff: 1.0]
      [Ext Root Scanning (ms): Min: 0.0, Avg: 0.2, Max: 0.3, Diff: 0.3, Sum: 1.5]
      [Update RS (ms): Min: 0.0, Avg: 0.0, Max: 0.0, Diff: 0.0, Sum: 0.1]
         [Processed Buffers: Min: 0, Avg: 0.9, Max: 4, Diff: 4, Sum: 7]
      [Scan RS (ms): Min: 0.0, Avg: 0.1, Max: 0.1, Diff: 0.1, Sum: 0.6]
      [Object Copy (ms): Min: 0.0, Avg: 0.4, Max: 0.6, Diff: 0.6, Sum: 3.4]
      [Termination (ms): Min: 0.0, Avg: 0.1, Max: 0.1, Diff: 0.1, Sum: 0.5]
      [GC Worker Other (ms): Min: 0.0, Avg: 0.0, Max: 0.0, Diff: 0.0, Sum: 0.1]
      [GC Worker Total (ms): Min: 0.0, Avg: 0.8, Max: 1.1, Diff: 1.0, Sum: 6.2]
      [GC Worker End (ms): Min: 11548.9, Avg: 11548.9, Max: 11548.9, Diff: 0.0]
   [Code Root Fixup: 0.0 ms]
   [Clear CT: 0.1 ms]
   [Other: 0.3 ms]
      [Choose CSet: 0.0 ms]
      [Ref Proc: 0.2 ms]
      [Ref Enq: 0.0 ms]
      [Free CSet: 0.1 ms]
   [Eden: 318.0M(318.0M)->0.0B(316.0M) Survivors: 1024.0K->3072.0K Heap: 330.0M(533.0M)->13.7M(533.0M)]
 [Times: user=0.01 sys=0.00, real=0.00 secs] 
11.591: [GC pause (young)11.592: [SoftReference, 0 refs, 0.0000140 secs]11.592: [WeakReference, 0 refs, 0.0000030 secs]11.592: [FinalReference, 0 refs, 0.0000110 secs]11.592: [PhantomReference, 0 refs, 0.0000020 secs]11.592: [JNI Weak Reference, 0.0000030 secs], 0.0016120 secs]
   [Parallel Time: 1.1 ms, GC Workers: 8]
      [GC Worker Start (ms): Min: 11590.9, Avg: 11591.2, Max: 11592.0, Diff: 1.0]
      [Ext Root Scanning (ms): Min: 0.0, Avg: 0.2, Max: 0.3, Diff: 0.3, Sum: 1.4]
      [Update RS (ms): Min: 0.0, Avg: 0.0, Max: 0.0, Diff: 0.0, Sum: 0.1]
         [Processed Buffers: Min: 0, Avg: 0.8, Max: 4, Diff: 4, Sum: 6]
      [Scan RS (ms): Min: 0.0, Avg: 0.1, Max: 0.2, Diff: 0.1, Sum: 0.6]
      [Object Copy (ms): Min: 0.0, Avg: 0.4, Max: 0.6, Diff: 0.6, Sum: 3.4]
      [Termination (ms): Min: 0.0, Avg: 0.1, Max: 0.1, Diff: 0.1, Sum: 0.5]
      [GC Worker Other (ms): Min: 0.0, Avg: 0.0, Max: 0.0, Diff: 0.0, Sum: 0.1]
      [GC Worker Total (ms): Min: 0.0, Avg: 0.7, Max: 1.1, Diff: 1.0, Sum: 6.0]
      [GC Worker End (ms): Min: 11592.0, Avg: 11592.0, Max: 11592.0, Diff: 0.0]
   [Code Root Fixup: 0.0 ms]
   [Clear CT: 0.1 ms]
   [Other: 0.4 ms]
      [Choose CSet: 0.0 ms]
      [Ref Proc: 0.2 ms]
      [Ref Enq: 0.0 ms]
      [Free CSet: 0.1 ms]
   [Eden: 316.0M(316.0M)->0.0B(316.0M) Survivors: 3072.0K->3072.0K Heap: 329.7M(533.0M)->13.2M(533.0M)]
 [Times: user=0.00 sys=0.00, real=0.01 secs] 
11.634: [GC pause (young)11.635: [SoftReference, 0 refs, 0.0000160 secs]11.635: [WeakReference, 0 refs, 0.0000020 secs]11.635: [FinalReference, 0 refs, 0.0000020 secs]11.635: [PhantomReference, 0 refs, 0.0000030 secs]11.635: [JNI Weak Reference, 0.0000120 secs], 0.0016830 secs]
   [Parallel Time: 1.2 ms, GC Workers: 8]
      [GC Worker Start (ms): Min: 11633.9, Avg: 11634.3, Max: 11635.0, Diff: 1.1]
      [Ext Root Scanning (ms): Min: 0.0, Avg: 0.2, Max: 0.3, Diff: 0.3, Sum: 1.4]
      [Update RS (ms): Min: 0.0, Avg: 0.0, Max: 0.0, Diff: 0.0, Sum: 0.0]
         [Processed Buffers: Min: 0, Avg: 1.0, Max: 4, Diff: 4, Sum: 8]
      [Scan RS (ms): Min: 0.0, Avg: 0.1, Max: 0.1, Diff: 0.1, Sum: 0.5]
      [Object Copy (ms): Min: 0.0, Avg: 0.4, Max: 0.7, Diff: 0.7, Sum: 2.9]
      [Termination (ms): Min: 0.0, Avg: 0.1, Max: 0.1, Diff: 0.1, Sum: 0.6]
      [GC Worker Other (ms): Min: 0.0, Avg: 0.0, Max: 0.0, Diff: 0.0, Sum: 0.1]
      [GC Worker Total (ms): Min: 0.0, Avg: 0.7, Max: 1.1, Diff: 1.1, Sum: 5.6]
      [GC Worker End (ms): Min: 11635.0, Avg: 11635.0, Max: 11635.0, Diff: 0.0]
   [Code Root Fixup: 0.0 ms]
   [Clear CT: 0.1 ms]
   [Other: 0.3 ms]
      [Choose CSet: 0.0 ms]
      [Ref Proc: 0.2 ms]
      [Ref Enq: 0.0 ms]
      [Free CSet: 0.1 ms]
   [Eden: 316.0M(316.0M)->0.0B(317.0M) Survivors: 3072.0K->2048.0K Heap: 329.2M(533.0M)->12.3M(533.0M)]
 [Times: user=0.00 sys=0.00, real=0.00 secs] 
11.677: [GC pause (young)11.678: [SoftReference, 0 refs, 0.0000150 secs]11.678: [WeakReference, 0 refs, 0.0000030 secs]11.678: [FinalReference, 0 refs, 0.0000030 secs]11.678: [PhantomReference, 0 refs, 0.0000020 secs]11.678: [JNI Weak Reference, 0.0000020 secs], 0.0016890 secs]
   [Parallel Time: 1.2 ms, GC Workers: 8]
      [GC Worker Start (ms): Min: 11676.9, Avg: 11677.1, Max: 11678.0, Diff: 1.0]
      [Ext Root Scanning (ms): Min: 0.0, Avg: 0.2, Max: 0.3, Diff: 0.3, Sum: 1.7]
      [Update RS (ms): Min: 0.0, Avg: 0.0, Max: 0.0, Diff: 0.0, Sum: 0.1]
         [Processed Buffers: Min: 0, Avg: 0.8, Max: 4, Diff: 4, Sum: 6]
      [Scan RS (ms): Min: 0.0, Avg: 0.1, Max: 0.1, Diff: 0.1, Sum: 0.6]
      [Object Copy (ms): Min: 0.0, Avg: 0.5, Max: 0.7, Diff: 0.7, Sum: 4.0]
      [Termination (ms): Min: 0.0, Avg: 0.1, Max: 0.1, Diff: 0.1, Sum: 0.6]
      [GC Worker Other (ms): Min: 0.0, Avg: 0.0, Max: 0.0, Diff: 0.0, Sum: 0.2]
      [GC Worker Total (ms): Min: 0.0, Avg: 0.9, Max: 1.1, Diff: 1.1, Sum: 7.1]
      [GC Worker End (ms): Min: 11678.0, Avg: 11678.0, Max: 11678.0, Diff: 0.0]
   [Code Root Fixup: 0.0 ms]
   [Clear CT: 0.2 ms]
   [Other: 0.4 ms]
      [Choose CSet: 0.0 ms]
      [Ref Proc: 0.2 ms]
      [Ref Enq: 0.0 ms]
      [Free CSet: 0.1 ms]
   [Eden: 317.0M(317.0M)->0.0B(317.0M) Survivors: 2048.0K->2048.0K Heap: 329.3M(533.0M)->12.6M(533.0M)]
 [Times: user=0.01 sys=0.00, real=0.00 secs] 
11.727: [GC pause (young)11.728: [SoftReference, 0 refs, 0.0000150 secs]11.728: [WeakReference, 0 refs, 0.0000030 secs]11.728: [FinalReference, 0 refs, 0.0000040 secs]11.728: [PhantomReference, 0 refs, 0.0000040 secs]11.728: [JNI Weak Reference, 0.0000020 secs], 0.0015800 secs]
   [Parallel Time: 1.1 ms, GC Workers: 8]
      [GC Worker Start (ms): Min: 11727.2, Avg: 11727.5, Max: 11728.0, Diff: 0.8]
      [Ext Root Scanning (ms): Min: 0.0, Avg: 0.2, Max: 0.6, Diff: 0.6, Sum: 1.9]
      [Update RS (ms): Min: 0.0, Avg: 0.0, Max: 0.0, Diff: 0.0, Sum: 0.1]
         [Processed Buffers: Min: 0, Avg: 1.1, Max: 6, Diff: 6, Sum: 9]
      [Scan RS (ms): Min: 0.0, Avg: 0.1, Max: 0.2, Diff: 0.1, Sum: 0.6]
      [Object Copy (ms): Min: 0.1, Avg: 0.4, Max: 0.6, Diff: 0.5, Sum: 3.3]
      [Termination (ms): Min: 0.0, Avg: 0.1, Max: 0.1, Diff: 0.1, Sum: 0.5]
      [GC Worker Other (ms): Min: 0.0, Avg: 0.0, Max: 0.0, Diff: 0.0, Sum: 0.1]
      [GC Worker Total (ms): Min: 0.2, Avg: 0.8, Max: 1.1, Diff: 0.8, Sum: 6.5]
      [GC Worker End (ms): Min: 11728.3, Avg: 11728.3, Max: 11728.3, Diff: 0.0]
   [Code Root Fixup: 0.0 ms]
   [Clear CT: 0.1 ms]
   [Other: 0.4 ms]
      [Choose CSet: 0.0 ms]
      [Ref Proc: 0.2 ms]
      [Ref Enq: 0.0 ms]
      [Free CSet: 0.2 ms]
   [Eden: 317.0M(317.0M)->0.0B(317.0M) Survivors: 2048.0K->2048.0K Heap: 329.6M(533.0M)->12.4M(533.0M)]
 [Times: user=0.01 sys=0.00, real=0.00 secs] 
11.773: [GC pause (young)11.774: [SoftReference, 0 refs, 0.0000250 secs]11.774: [WeakReference, 0 refs, 0.0000030 secs]11.774: [FinalReference, 0 refs, 0.0000030 secs]11.774: [PhantomReference, 0 refs, 0.0000020 secs]11.774: [JNI Weak Reference, 0.0000030 secs], 0.0017300 secs]
   [Parallel Time: 1.3 ms, GC Workers: 8]
      [GC Worker Start (ms): Min: 11773.0, Avg: 11773.4, Max: 11774.1, Diff: 1.2]
      [Ext Root Scanning (ms): Min: 0.0, Avg: 0.2, Max: 0.3, Diff: 0.3, Sum: 1.5]
      [Update RS (ms): Min: 0.0, Avg: 0.0, Max: 0.0, Diff: 0.0, Sum: 0.1]
         [Processed Buffers: Min: 0, Avg: 1.0, Max: 4, Diff: 4, Sum: 8]
      [Scan RS (ms): Min: 0.0, Avg: 0.1, Max: 0.1, Diff: 0.1, Sum: 0.6]
      [Object Copy (ms): Min: 0.0, Avg: 0.5, Max: 0.8, Diff: 0.8, Sum: 3.8]
      [Termination (ms): Min: 0.0, Avg: 0.1, Max: 0.1, Diff: 0.1, Sum: 0.5]
      [GC Worker Other (ms): Min: 0.0, Avg: 0.0, Max: 0.0, Diff: 0.0, Sum: 0.1]
      [GC Worker Total (ms): Min: 0.0, Avg: 0.8, Max: 1.2, Diff: 1.2, Sum: 6.6]
      [GC Worker End (ms): Min: 11774.2, Avg: 11774.2, Max: 11774.2, Diff: 0.0]
   [Code Root Fixup: 0.0 ms]
   [Clear CT: 0.1 ms]
   [Other: 0.3 ms]
      [Choose CSet: 0.0 ms]
      [Ref Proc: 0.2 ms]
      [Ref Enq: 0.0 ms]
      [Free CSet: 0.1 ms]
   [Eden: 317.0M(317.0M)->0.0B(317.0M) Survivors: 2048.0K->2048.0K Heap: 329.4M(533.0M)->12.4M(533.0M)]
 [Times: user=0.01 sys=0.00, real=0.00 secs] 
11.821: [GC pause (young)11.823: [SoftReference, 0 refs, 0.0000160 secs]11.823: [WeakReference, 0 refs, 0.0000020 secs]11.823: [FinalReference, 0 refs, 0.0000020 secs]11.823: [PhantomReference, 0 refs, 0.0000030 secs]11.823: [JNI Weak Reference, 0.0000030 secs], 0.0015650 secs]
   [Parallel Time: 1.1 ms, GC Workers: 8]
      [GC Worker Start (ms): Min: 11821.4, Avg: 11821.7, Max: 11822.4, Diff: 1.0]
      [Ext Root Scanning (ms): Min: 0.0, Avg: 0.2, Max: 0.3, Diff: 0.3, Sum: 1.4]
      [Update RS (ms): Min: 0.0, Avg: 0.0, Max: 0.0, Diff: 0.0, Sum: 0.0]
         [Processed Buffers: Min: 0, Avg: 0.9, Max: 6, Diff: 6, Sum: 7]
      [Scan RS (ms): Min: 0.0, Avg: 0.1, Max: 0.1, Diff: 0.1, Sum: 0.4]
      [Object Copy (ms): Min: 0.0, Avg: 0.3, Max: 0.6, Diff: 0.6, Sum: 2.7]
      [Termination (ms): Min: 0.0, Avg: 0.1, Max: 0.1, Diff: 0.1, Sum: 0.5]
      [GC Worker Other (ms): Min: 0.0, Avg: 0.0, Max: 0.0, Diff: 0.0, Sum: 0.1]
      [GC Worker Total (ms): Min: 0.0, Avg: 0.6, Max: 1.0, Diff: 1.0, Sum: 5.1]
      [GC Worker End (ms): Min: 11822.4, Avg: 11822.4, Max: 11822.4, Diff: 0.0]
   [Code Root Fixup: 0.0 ms]
   [Clear CT: 0.1 ms]
   [Other: 0.3 ms]
      [Choose CSet: 0.0 ms]
      [Ref Proc: 0.2 ms]
      [Ref Enq: 0.0 ms]
      [Free CSet: 0.1 ms]
   [Eden: 317.0M(317.0M)->0.0B(318.0M) Survivors: 2048.0K->1024.0K Heap: 329.4M(533.0M)->12.2M(533.0M)]
 [Times: user=0.01 sys=0.00, real=0.01 secs] 
11.865: [GC pause (young)11.866: [SoftReference, 0 refs, 0.0000140 secs]11.866: [WeakReference, 0 refs, 0.0000030 secs]11.866: [FinalReference, 0 refs, 0.0000020 secs]11.866: [PhantomReference, 0 refs, 0.0000020 secs]11.866: [JNI Weak Reference, 0.0000020 secs], 0.0016530 secs]
   [Parallel Time: 1.2 ms, GC Workers: 8]
      [GC Worker Start (ms): Min: 11864.6, Avg: 11864.9, Max: 11865.5, Diff: 0.8]
      [Ext Root Scanning (ms): Min: 0.0, Avg: 0.2, Max: 0.3, Diff: 0.3, Sum: 1.4]
      [Update RS (ms): Min: 0.0, Avg: 0.0, Max: 0.0, Diff: 0.0, Sum: 0.0]
         [Processed Buffers: Min: 0, Avg: 0.9, Max: 4, Diff: 4, Sum: 7]
      [Scan RS (ms): Min: 0.0, Avg: 0.1, Max: 0.1, Diff: 0.1, Sum: 0.4]
      [Object Copy (ms): Min: 0.2, Avg: 0.5, Max: 0.8, Diff: 0.6, Sum: 3.6]
      [Termination (ms): Min: 0.0, Avg: 0.1, Max: 0.4, Diff: 0.3, Sum: 1.2]
      [GC Worker Other (ms): Min: 0.0, Avg: 0.0, Max: 0.0, Diff: 0.0, Sum: 0.2]
      [GC Worker Total (ms): Min: 0.3, Avg: 0.8, Max: 1.1, Diff: 0.8, Sum: 6.8]
      [GC Worker End (ms): Min: 11865.7, Avg: 11865.8, Max: 11865.8, Diff: 0.0]
   [Code Root Fixup: 0.0 ms]
   [Clear CT: 0.1 ms]
   [Other: 0.3 ms]
      [Choose CSet: 0.0 ms]
      [Ref Proc: 0.2 ms]
      [Ref Enq: 0.0 ms]
      [Free CSet: 0.1 ms]
   [Eden: 318.0M(318.0M)->0.0B(318.0M) Survivors: 1024.0K->1024.0K Heap: 330.2M(533.0M)->12.0M(533.0M)]
 [Times: user=0.01 sys=0.00, real=0.00 secs] 
11.907: [GC pause (young)11.908: [SoftReference, 0 refs, 0.0000150 secs]11.908: [WeakReference, 0 refs, 0.0000020 secs]11.908: [FinalReference, 0 refs, 0.0000020 secs]11.908: [PhantomReference, 0 refs, 0.0000020 secs]11.908: [JNI Weak Reference, 0.0000120 secs], 0.0015120 secs]
   [Parallel Time: 1.0 ms, GC Workers: 8]
      [GC Worker Start (ms): Min: 11907.0, Avg: 11907.1, Max: 11907.4, Diff: 0.4]
      [Ext Root Scanning (ms): Min: 0.0, Avg: 0.2, Max: 0.3, Diff: 0.3, Sum: 1.7]
      [Update RS (ms): Min: 0.0, Avg: 0.0, Max: 0.0, Diff: 0.0, Sum: 0.1]
         [Processed Buffers: Min: 0, Avg: 0.9, Max: 3, Diff: 3, Sum: 7]
      [Scan RS (ms): Min: 0.0, Avg: 0.1, Max: 0.1, Diff: 0.1, Sum: 0.7]
      [Object Copy (ms): Min: 0.4, Avg: 0.5, Max: 0.5, Diff: 0.1, Sum: 3.9]
      [Termination (ms): Min: 0.0, Avg: 0.0, Max: 0.0, Diff: 0.0, Sum: 0.0]
      [GC Worker Other (ms): Min: 0.0, Avg: 0.0, Max: 0.0, Diff: 0.0, Sum: 0.2]
      [GC Worker Total (ms): Min: 0.5, Avg: 0.8, Max: 0.9, Diff: 0.4, Sum: 6.5]
      [GC Worker End (ms): Min: 11907.9, Avg: 11907.9, Max: 11907.9, Diff: 0.0]
   [Code Root Fixup: 0.0 ms]
   [Clear CT: 0.1 ms]
   [Other: 0.4 ms]
      [Choose CSet: 0.0 ms]
      [Ref Proc: 0.2 ms]
      [Ref Enq: 0.0 ms]
      [Free CSet: 0.1 ms]
   [Eden: 318.0M(318.0M)->0.0B(318.0M) Survivors: 1024.0K->1024.0K Heap: 330.0M(533.0M)->12.3M(533.0M)]
 [Times: user=0.01 sys=0.00, real=0.00 secs] 
11.950: [GC pause (young)11.951: [SoftReference, 0 refs, 0.0000120 secs]11.951: [WeakReference, 0 refs, 0.0000030 secs]11.951: [FinalReference, 0 refs, 0.0000180 secs]11.951: [PhantomReference, 0 refs, 0.0000020 secs]11.951: [JNI Weak Reference, 0.0000020 secs], 0.0016390 secs]
   [Parallel Time: 1.2 ms, GC Workers: 8]
      [GC Worker Start (ms): Min: 11949.9, Avg: 11950.4, Max: 11951.0, Diff: 1.1]
      [Ext Root Scanning (ms): Min: 0.0, Avg: 0.2, Max: 0.3, Diff: 0.3, Sum: 1.4]
      [Update RS (ms): Min: 0.0, Avg: 0.0, Max: 0.0, Diff: 0.0, Sum: 0.1]
         [Processed Buffers: Min: 0, Avg: 1.1, Max: 8, Diff: 8, Sum: 9]
      [Scan RS (ms): Min: 0.0, Avg: 0.1, Max: 0.1, Diff: 0.1, Sum: 0.5]
      [Object Copy (ms): Min: 0.0, Avg: 0.4, Max: 0.6, Diff: 0.6, Sum: 2.9]
      [Termination (ms): Min: 0.0, Avg: 0.1, Max: 0.1, Diff: 0.1, Sum: 0.6]
      [GC Worker Other (ms): Min: 0.0, Avg: 0.0, Max: 0.0, Diff: 0.0, Sum: 0.1]
      [GC Worker Total (ms): Min: 0.0, Avg: 0.7, Max: 1.1, Diff: 1.1, Sum: 5.5]
      [GC Worker End (ms): Min: 11951.0, Avg: 11951.0, Max: 11951.1, Diff: 0.0]
   [Code Root Fixup: 0.0 ms]
   [Clear CT: 0.1 ms]
   [Other: 0.3 ms]
      [Choose CSet: 0.0 ms]
      [Ref Proc: 0.2 ms]
      [Ref Enq: 0.0 ms]
      [Free CSet: 0.1 ms]
   [Eden: 318.0M(318.0M)->0.0B(316.0M) Survivors: 1024.0K->3072.0K Heap: 330.3M(533.0M)->13.7M(533.0M)]
 [Times: user=0.01 sys=0.00, real=0.00 secs] 
11.991: [GC pause (young)11.992: [SoftReference, 0 refs, 0.0000130 secs]11.992: [WeakReference, 0 refs, 0.0000020 secs]11.993: [FinalReference, 0 refs, 0.0000020 secs]11.993: [PhantomReference, 0 refs, 0.0000180 secs]11.993: [JNI Weak Reference, 0.0000030 secs], 0.0014980 secs]
   [Parallel Time: 1.0 ms, GC Workers: 8]
      [GC Worker Start (ms): Min: 11991.4, Avg: 11991.7, Max: 11992.3, Diff: 0.9]
      [Ext Root Scanning (ms): Min: 0.0, Avg: 0.2, Max: 0.3, Diff: 0.3, Sum: 1.5]
      [Update RS (ms): Min: 0.0, Avg: 0.0, Max: 0.0, Diff: 0.0, Sum: 0.0]
         [Processed Buffers: Min: 0, Avg: 0.8, Max: 4, Diff: 4, Sum: 6]
      [Scan RS (ms): Min: 0.0, Avg: 0.1, Max: 0.1, Diff: 0.1, Sum: 0.4]
      [Object Copy (ms): Min: 0.0, Avg: 0.3, Max: 0.5, Diff: 0.5, Sum: 2.4]
      [Termination (ms): Min: 0.0, Avg: 0.1, Max: 0.1, Diff: 0.1, Sum: 0.5]
      [GC Worker Other (ms): Min: 0.0, Avg: 0.0, Max: 0.0, Diff: 0.0, Sum: 0.1]
      [GC Worker Total (ms): Min: 0.0, Avg: 0.6, Max: 1.0, Diff: 0.9, Sum: 4.9]
      [GC Worker End (ms): Min: 11992.3, Avg: 11992.4, Max: 11992.4, Diff: 0.0]
   [Code Root Fixup: 0.0 ms]
   [Clear CT: 0.2 ms]
   [Other: 0.3 ms]
      [Choose CSet: 0.0 ms]
      [Ref Proc: 0.2 ms]
      [Ref Enq: 0.0 ms]
      [Free CSet: 0.1 ms]
   [Eden: 316.0M(316.0M)->0.0B(317.0M) Survivors: 3072.0K->2048.0K Heap: 329.7M(533.0M)->13.2M(533.0M)]
 [Times: user=0.01 sys=0.00, real=0.01 secs] 
12.033: [GC pause (young)12.034: [SoftReference, 0 refs, 0.0000140 secs]12.034: [WeakReference, 0 refs, 0.0000030 secs]12.034: [FinalReference, 0 refs, 0.0000110 secs]12.034: [PhantomReference, 0 refs, 0.0000020 secs]12.034: [JNI Weak Reference, 0.0000020 secs], 0.0015870 secs]
   [Parallel Time: 1.1 ms, GC Workers: 8]
      [GC Worker Start (ms): Min: 12032.9, Avg: 12033.2, Max: 12033.9, Diff: 1.0]
      [Ext Root Scanning (ms): Min: 0.0, Avg: 0.2, Max: 0.3, Diff: 0.3, Sum: 1.5]
      [Update RS (ms): Min: 0.0, Avg: 0.0, Max: 0.0, Diff: 0.0, Sum: 0.0]
         [Processed Buffers: Min: 0, Avg: 0.9, Max: 4, Diff: 4, Sum: 7]
      [Scan RS (ms): Min: 0.0, Avg: 0.1, Max: 0.1, Diff: 0.1, Sum: 0.5]
      [Object Copy (ms): Min: 0.0, Avg: 0.5, Max: 0.7, Diff: 0.7, Sum: 3.6]
      [Termination (ms): Min: 0.0, Avg: 0.0, Max: 0.1, Diff: 0.1, Sum: 0.4]
      [GC Worker Other (ms): Min: 0.0, Avg: 0.0, Max: 0.0, Diff: 0.0, Sum: 0.2]
      [GC Worker Total (ms): Min: 0.0, Avg: 0.8, Max: 1.0, Diff: 1.0, Sum: 6.1]
      [GC Worker End (ms): Min: 12033.9, Avg: 12033.9, Max: 12033.9, Diff: 0.0]
   [Code Root Fixup: 0.0 ms]
   [Clear CT: 0.1 ms]
   [Other: 0.4 ms]
      [Choose CSet: 0.0 ms]
      [Ref Proc: 0.2 ms]
      [Ref Enq: 0.0 ms]
      [Free CSet: 0.1 ms]
   [Eden: 317.0M(317.0M)->0.0B(317.0M) Survivors: 2048.0K->2048.0K Heap: 330.2M(533.0M)->12.7M(533.0M)]
 [Times: user=0.00 sys=0.00, real=0.00 secs] 
12.075: [GC pause (young)12.076: [SoftReference, 0 refs, 0.0000150 secs]12.076: [WeakReference, 0 refs, 0.0000050 secs]12.076: [FinalReference, 0 refs, 0.0000020 secs]12.076: [PhantomReference, 0 refs, 0.0000020 secs]12.076: [JNI Weak Reference, 0.0000030 secs], 0.0015960 secs]
   [Parallel Time: 1.1 ms, GC Workers: 8]
      [GC Worker Start (ms): Min: 12074.7, Avg: 12074.8, Max: 12074.9, Diff: 0.2]
      [Ext Root Scanning (ms): Min: 0.1, Avg: 0.2, Max: 0.4, Diff: 0.3, Sum: 1.8]
      [Update RS (ms): Min: 0.0, Avg: 0.0, Max: 0.0, Diff: 0.0, Sum: 0.1]
         [Processed Buffers: Min: 0, Avg: 1.0, Max: 3, Diff: 3, Sum: 8]
      [Scan RS (ms): Min: 0.0, Avg: 0.1, Max: 0.1, Diff: 0.1, Sum: 0.7]
      [Object Copy (ms): Min: 0.6, Avg: 0.6, Max: 0.6, Diff: 0.1, Sum: 4.7]
      [Termination (ms): Min: 0.0, Avg: 0.0, Max: 0.0, Diff: 0.0, Sum: 0.0]
      [GC Worker Other (ms): Min: 0.0, Avg: 0.0, Max: 0.0, Diff: 0.0, Sum: 0.2]
      [GC Worker Total (ms): Min: 0.8, Avg: 0.9, Max: 1.0, Diff: 0.2, Sum: 7.4]
      [GC Worker End (ms): Min: 12075.7, Avg: 12075.7, Max: 12075.8, Diff: 0.0]
   [Code Root Fixup: 0.0 ms]
   [Clear CT: 0.2 ms]
   [Other: 0.3 ms]
      [Choose CSet: 0.0 ms]
      [Ref Proc: 0.1 ms]
      [Ref Enq: 0.0 ms]
      [Free CSet: 0.1 ms]
   [Eden: 317.0M(317.0M)->0.0B(317.0M) Survivors: 2048.0K->2048.0K Heap: 329.7M(533.0M)->13.3M(533.0M)]
 [Times: user=0.01 sys=0.00, real=0.00 secs] 
12.116: [GC pause (young)12.117: [SoftReference, 0 refs, 0.0000320 secs]12.117: [WeakReference, 0 refs, 0.0000030 secs]12.117: [FinalReference, 0 refs, 0.0000030 secs]12.117: [PhantomReference, 0 refs, 0.0000020 secs]12.117: [JNI Weak Reference, 0.0000020 secs], 0.0015790 secs]
   [Parallel Time: 1.1 ms, GC Workers: 8]
      [GC Worker Start (ms): Min: 12116.1, Avg: 12116.2, Max: 12116.3, Diff: 0.2]
      [Ext Root Scanning (ms): Min: 0.1, Avg: 0.2, Max: 0.3, Diff: 0.2, Sum: 1.8]
      [Update RS (ms): Min: 0.0, Avg: 0.0, Max: 0.0, Diff: 0.0, Sum: 0.1]
         [Processed Buffers: Min: 0, Avg: 1.2, Max: 4, Diff: 4, Sum: 10]
      [Scan RS (ms): Min: 0.0, Avg: 0.1, Max: 0.1, Diff: 0.1, Sum: 0.7]
      [Object Copy (ms): Min: 0.6, Avg: 0.6, Max: 0.7, Diff: 0.1, Sum: 5.1]
      [Termination (ms): Min: 0.0, Avg: 0.0, Max: 0.0, Diff: 0.0, Sum: 0.0]
      [GC Worker Other (ms): Min: 0.0, Avg: 0.0, Max: 0.0, Diff: 0.0, Sum: 0.2]
      [GC Worker Total (ms): Min: 0.8, Avg: 1.0, Max: 1.0, Diff: 0.2, Sum: 7.8]
      [GC Worker End (ms): Min: 12117.1, Avg: 12117.1, Max: 12117.1, Diff: 0.0]
   [Code Root Fixup: 0.0 ms]
   [Clear CT: 0.1 ms]
   [Other: 0.4 ms]
      [Choose CSet: 0.0 ms]
      [Ref Proc: 0.2 ms]
      [Ref Enq: 0.0 ms]
      [Free CSet: 0.1 ms]
   [Eden: 317.0M(317.0M)->0.0B(317.0M) Survivors: 2048.0K->2048.0K Heap: 330.3M(533.0M)->12.9M(533.0M)]
 [Times: user=0.01 sys=0.00, real=0.00 secs] 
12.158: [GC pause (young)12.159: [SoftReference, 0 refs, 0.0000140 secs]12.159: [WeakReference, 0 refs, 0.0000030 secs]12.159: [FinalReference, 0 refs, 0.0000030 secs]12.159: [PhantomReference, 0 refs, 0.0000210 secs]12.159: [JNI Weak Reference, 0.0000020 secs], 0.0016250 secs]
   [Parallel Time: 1.1 ms, GC Workers: 8]
      [GC Worker Start (ms): Min: 12158.1, Avg: 12158.5, Max: 12159.1, Diff: 1.0]
      [Ext Root Scanning (ms): Min: 0.0, Avg: 0.2, Max: 0.3, Diff: 0.3, Sum: 1.4]
      [Update RS (ms): Min: 0.0, Avg: 0.0, Max: 0.0, Diff: 0.0, Sum: 0.0]
         [Processed Buffers: Min: 0, Avg: 1.0, Max: 5, Diff: 5, Sum: 8]
      [Scan RS (ms): Min: 0.0, Avg: 0.1, Max: 0.1, Diff: 0.1, Sum: 0.4]
      [Object Copy (ms): Min: 0.0, Avg: 0.3, Max: 0.6, Diff: 0.6, Sum: 2.6]
      [Termination (ms): Min: 0.0, Avg: 0.1, Max: 0.1, Diff: 0.1, Sum: 0.6]
      [GC Worker Other (ms): Min: 0.0, Avg: 0.0, Max: 0.0, Diff: 0.0, Sum: 0.1]
      [GC Worker Total (ms): Min: 0.0, Avg: 0.7, Max: 1.1, Diff: 1.0, Sum: 5.3]
      [GC Worker End (ms): Min: 12159.1, Avg: 12159.2, Max: 12159.2, Diff: 0.0]
   [Code Root Fixup: 0.0 ms]
   [Clear CT: 0.1 ms]
   [Other: 0.4 ms]
      [Choose CSet: 0.0 ms]
      [Ref Proc: 0.2 ms]
      [Ref Enq: 0.0 ms]
      [Free CSet: 0.1 ms]
   [Eden: 317.0M(317.0M)->0.0B(317.0M) Survivors: 2048.0K->2048.0K Heap: 329.9M(533.0M)->13.0M(533.0M)]
 [Times: user=0.00 sys=0.00, real=0.00 secs] 
12.199: [GC pause (young)12.201: [SoftReference, 0 refs, 0.0000130 secs]12.201: [WeakReference, 0 refs, 0.0000030 secs]12.201: [FinalReference, 0 refs, 0.0000030 secs]12.201: [PhantomReference, 0 refs, 0.0000030 secs]12.201: [JNI Weak Reference, 0.0000020 secs], 0.0016990 secs]
   [Parallel Time: 1.2 ms, GC Workers: 8]
      [GC Worker Start (ms): Min: 12199.4, Avg: 12199.8, Max: 12200.5, Diff: 1.1]
      [Ext Root Scanning (ms): Min: 0.0, Avg: 0.2, Max: 0.3, Diff: 0.3, Sum: 1.4]
      [Update RS (ms): Min: 0.0, Avg: 0.0, Max: 0.0, Diff: 0.0, Sum: 0.1]
         [Processed Buffers: Min: 0, Avg: 0.9, Max: 4, Diff: 4, Sum: 7]
      [Scan RS (ms): Min: 0.0, Avg: 0.1, Max: 0.1, Diff: 0.1, Sum: 0.5]
      [Object Copy (ms): Min: 0.0, Avg: 0.4, Max: 0.7, Diff: 0.7, Sum: 3.2]
      [Termination (ms): Min: 0.0, Avg: 0.1, Max: 0.1, Diff: 0.1, Sum: 0.6]
      [GC Worker Other (ms): Min: 0.0, Avg: 0.0, Max: 0.0, Diff: 0.0, Sum: 0.1]
      [GC Worker Total (ms): Min: 0.0, Avg: 0.7, Max: 1.2, Diff: 1.1, Sum: 5.7]
      [GC Worker End (ms): Min: 12200.5, Avg: 12200.6, Max: 12200.6, Diff: 0.0]
   [Code Root Fixup: 0.0 ms]
   [Clear CT: 0.1 ms]
   [Other: 0.4 ms]
      [Choose CSet: 0.0 ms]
      [Ref Proc: 0.2 ms]
      [Ref Enq: 0.0 ms]
      [Free CSet: 0.1 ms]
   [Eden: 317.0M(317.0M)->0.0B(317.0M) Survivors: 2048.0K->2048.0K Heap: 330.0M(533.0M)->12.8M(533.0M)]
 [Times: user=0.00 sys=0.00, real=0.00 secs] 
12.242: [GC pause (young)12.243: [SoftReference, 0 refs, 0.0000300 secs]12.243: [WeakReference, 0 refs, 0.0000030 secs]12.243: [FinalReference, 0 refs, 0.0000020 secs]12.243: [PhantomReference, 0 refs, 0.0000020 secs]12.243: [JNI Weak Reference, 0.0000020 secs], 0.0015550 secs]
   [Parallel Time: 1.1 ms, GC Workers: 8]
      [GC Worker Start (ms): Min: 12241.8, Avg: 12242.1, Max: 12242.8, Diff: 1.0]
      [Ext Root Scanning (ms): Min: 0.0, Avg: 0.2, Max: 0.3, Diff: 0.3, Sum: 1.4]
      [Update RS (ms): Min: 0.0, Avg: 0.0, Max: 0.0, Diff: 0.0, Sum: 0.0]
         [Processed Buffers: Min: 0, Avg: 0.8, Max: 4, Diff: 4, Sum: 6]
      [Scan RS (ms): Min: 0.0, Avg: 0.1, Max: 0.1, Diff: 0.1, Sum: 0.4]
      [Object Copy (ms): Min: 0.0, Avg: 0.4, Max: 0.6, Diff: 0.6, Sum: 2.9]
      [Termination (ms): Min: 0.0, Avg: 0.1, Max: 0.1, Diff: 0.1, Sum: 0.6]
      [GC Worker Other (ms): Min: 0.0, Avg: 0.0, Max: 0.0, Diff: 0.0, Sum: 0.1]
      [GC Worker Total (ms): Min: 0.0, Avg: 0.7, Max: 1.0, Diff: 1.0, Sum: 5.5]
      [GC Worker End (ms): Min: 12242.8, Avg: 12242.8, Max: 12242.8, Diff: 0.0]
   [Code Root Fixup: 0.0 ms]
   [Clear CT: 0.1 ms]
   [Other: 0.3 ms]
      [Choose CSet: 0.0 ms]
      [Ref Proc: 0.2 ms]
      [Ref Enq: 0.0 ms]
      [Free CSet: 0.1 ms]
   [Eden: 317.0M(317.0M)->0.0B(316.0M) Survivors: 2048.0K->3072.0K Heap: 329.8M(533.0M)->13.5M(533.0M)]
 [Times: user=0.00 sys=0.00, real=0.01 secs] 
12.285: [GC pause (young)12.286: [SoftReference, 0 refs, 0.0000270 secs]12.286: [WeakReference, 0 refs, 0.0000030 secs]12.286: [FinalReference, 0 refs, 0.0000130 secs]12.286: [PhantomReference, 0 refs, 0.0000030 secs]12.286: [JNI Weak Reference, 0.0000020 secs], 0.0014130 secs]
   [Parallel Time: 0.9 ms, GC Workers: 8]
      [GC Worker Start (ms): Min: 12285.1, Avg: 12285.3, Max: 12285.8, Diff: 0.7]
      [Ext Root Scanning (ms): Min: 0.0, Avg: 0.2, Max: 0.3, Diff: 0.3, Sum: 1.5]
      [Update RS (ms): Min: 0.0, Avg: 0.0, Max: 0.0, Diff: 0.0, Sum: 0.1]
         [Processed Buffers: Min: 0, Avg: 0.9, Max: 4, Diff: 4, Sum: 7]
      [Scan RS (ms): Min: 0.0, Avg: 0.1, Max: 0.1, Diff: 0.1, Sum: 0.6]
      [Object Copy (ms): Min: 0.1, Avg: 0.4, Max: 0.5, Diff: 0.4, Sum: 3.1]
      [Termination (ms): Min: 0.0, Avg: 0.0, Max: 0.0, Diff: 0.0, Sum: 0.0]
      [GC Worker Other (ms): Min: 0.0, Avg: 0.0, Max: 0.0, Diff: 0.0, Sum: 0.2]
      [GC Worker Total (ms): Min: 0.1, Avg: 0.7, Max: 0.9, Diff: 0.8, Sum: 5.4]
      [GC Worker End (ms): Min: 12285.9, Avg: 12286.0, Max: 12286.0, Diff: 0.0]
   [Code Root Fixup: 0.0 ms]
   [Clear CT: 0.1 ms]
   [Other: 0.4 ms]
      [Choose CSet: 0.0 ms]
      [Ref Proc: 0.2 ms]
      [Ref Enq: 0.0 ms]
      [Free CSet: 0.1 ms]
   [Eden: 316.0M(316.0M)->0.0B(317.0M) Survivors: 3072.0K->2048.0K Heap: 329.5M(533.0M)->13.1M(533.0M)]
 [Times: user=0.01 sys=0.00, real=0.00 secs] 
12.328: [GC pause (young)12.329: [SoftReference, 0 refs, 0.0000290 secs]12.329: [WeakReference, 0 refs, 0.0000110 secs]12.329: [FinalReference, 0 refs, 0.0000020 secs]12.329: [PhantomReference, 0 refs, 0.0000020 secs]12.329: [JNI Weak Reference, 0.0000020 secs], 0.0017490 secs]
   [Parallel Time: 1.2 ms, GC Workers: 8]
      [GC Worker Start (ms): Min: 12327.9, Avg: 12328.3, Max: 12329.0, Diff: 1.1]
      [Ext Root Scanning (ms): Min: 0.0, Avg: 0.2, Max: 0.3, Diff: 0.3, Sum: 1.5]
      [Update RS (ms): Min: 0.0, Avg: 0.0, Max: 0.0, Diff: 0.0, Sum: 0.1]
         [Processed Buffers: Min: 0, Avg: 1.0, Max: 3, Diff: 3, Sum: 8]
      [Scan RS (ms): Min: 0.0, Avg: 0.1, Max: 0.1, Diff: 0.1, Sum: 0.6]
      [Object Copy (ms): Min: 0.0, Avg: 0.4, Max: 0.6, Diff: 0.6, Sum: 3.5]
      [Termination (ms): Min: 0.0, Avg: 0.1, Max: 0.1, Diff: 0.1, Sum: 0.6]
      [GC Worker Other (ms): Min: 0.0, Avg: 0.0, Max: 0.0, Diff: 0.0, Sum: 0.1]
      [GC Worker Total (ms): Min: 0.0, Avg: 0.8, Max: 1.1, Diff: 1.1, Sum: 6.4]
      [GC Worker End (ms): Min: 12329.0, Avg: 12329.1, Max: 12329.1, Diff: 0.0]
   [Code Root Fixup: 0.0 ms]
   [Clear CT: 0.2 ms]
   [Other: 0.4 ms]
      [Choose CSet: 0.0 ms]
      [Ref Proc: 0.2 ms]
      [Ref Enq: 0.0 ms]
      [Free CSet: 0.1 ms]
   [Eden: 317.0M(317.0M)->0.0B(317.0M) Survivors: 2048.0K->2048.0K Heap: 330.1M(533.0M)->12.7M(533.0M)]
 [Times: user=0.01 sys=0.00, real=0.00 secs] 
12.371: [GC pause (young)12.372: [SoftReference, 0 refs, 0.0000140 secs]12.372: [WeakReference, 0 refs, 0.0000030 secs]12.372: [FinalReference, 0 refs, 0.0000020 secs]12.372: [PhantomReference, 0 refs, 0.0000120 secs]12.372: [JNI Weak Reference, 0.0000030 secs], 0.0016440 secs]
   [Parallel Time: 1.1 ms, GC Workers: 8]
      [GC Worker Start (ms): Min: 12370.6, Avg: 12371.0, Max: 12371.6, Diff: 1.0]
      [Ext Root Scanning (ms): Min: 0.0, Avg: 0.2, Max: 0.3, Diff: 0.3, Sum: 1.4]
      [Update RS (ms): Min: 0.0, Avg: 0.0, Max: 0.0, Diff: 0.0, Sum: 0.0]
         [Processed Buffers: Min: 0, Avg: 1.0, Max: 7, Diff: 7, Sum: 8]
      [Scan RS (ms): Min: 0.0, Avg: 0.1, Max: 0.2, Diff: 0.1, Sum: 0.5]
      [Object Copy (ms): Min: 0.0, Avg: 0.4, Max: 0.6, Diff: 0.6, Sum: 3.0]
      [Termination (ms): Min: 0.0, Avg: 0.1, Max: 0.1, Diff: 0.1, Sum: 0.6]
      [GC Worker Other (ms): Min: 0.0, Avg: 0.0, Max: 0.0, Diff: 0.0, Sum: 0.2]
      [GC Worker Total (ms): Min: 0.0, Avg: 0.7, Max: 1.1, Diff: 1.0, Sum: 5.6]
      [GC Worker End (ms): Min: 12371.6, Avg: 12371.7, Max: 12371.7, Diff: 0.0]
   [Code Root Fixup: 0.0 ms]
   [Clear CT: 0.1 ms]
   [Other: 0.4 ms]
      [Choose CSet: 0.0 ms]
      [Ref Proc: 0.2 ms]
      [Ref Enq: 0.0 ms]
      [Free CSet: 0.1 ms]
   [Eden: 317.0M(317.0M)->0.0B(316.0M) Survivors: 2048.0K->3072.0K Heap: 329.7M(533.0M)->14.0M(533.0M)]
 [Times: user=0.01 sys=0.00, real=0.01 secs] 
12.412: [GC pause (young)12.413: [SoftReference, 0 refs, 0.0000170 secs]12.413: [WeakReference, 0 refs, 0.0000030 secs]12.413: [FinalReference, 0 refs, 0.0000020 secs]12.413: [PhantomReference, 0 refs, 0.0000020 secs]12.413: [JNI Weak Reference, 0.0000020 secs], 0.0016930 secs]
   [Parallel Time: 1.2 ms, GC Workers: 8]
      [GC Worker Start (ms): Min: 12411.9, Avg: 12412.4, Max: 12413.0, Diff: 1.1]
      [Ext Root Scanning (ms): Min: 0.0, Avg: 0.2, Max: 0.3, Diff: 0.3, Sum: 1.4]
      [Update RS (ms): Min: 0.0, Avg: 0.0, Max: 0.0, Diff: 0.0, Sum: 0.1]
         [Processed Buffers: Min: 0, Avg: 0.9, Max: 4, Diff: 4, Sum: 7]
      [Scan RS (ms): Min: 0.0, Avg: 0.1, Max: 0.1, Diff: 0.1, Sum: 0.5]
      [Object Copy (ms): Min: 0.0, Avg: 0.4, Max: 0.6, Diff: 0.6, Sum: 2.9]
      [Termination (ms): Min: 0.0, Avg: 0.1, Max: 0.1, Diff: 0.1, Sum: 0.6]
      [GC Worker Other (ms): Min: 0.0, Avg: 0.0, Max: 0.0, Diff: 0.0, Sum: 0.1]
      [GC Worker Total (ms): Min: 0.0, Avg: 0.7, Max: 1.1, Diff: 1.1, Sum: 5.5]
      [GC Worker End (ms): Min: 12413.0, Avg: 12413.0, Max: 12413.0, Diff: 0.0]
   [Code Root Fixup: 0.0 ms]
   [Clear CT: 0.1 ms]
   [Other: 0.3 ms]
      [Choose CSet: 0.0 ms]
      [Ref Proc: 0.2 ms]
      [Ref Enq: 0.0 ms]
      [Free CSet: 0.1 ms]
   [Eden: 316.0M(316.0M)->0.0B(317.0M) Survivors: 3072.0K->2048.0K Heap: 330.0M(533.0M)->12.7M(533.0M)]
 [Times: user=0.00 sys=0.00, real=0.01 secs] 
12.455: [GC pause (young)12.456: [SoftReference, 0 refs, 0.0000250 secs]12.456: [WeakReference, 0 refs, 0.0000030 secs]12.456: [FinalReference, 0 refs, 0.0000020 secs]12.456: [PhantomReference, 0 refs, 0.0000020 secs]12.457: [JNI Weak Reference, 0.0000030 secs], 0.0016170 secs]
   [Parallel Time: 1.1 ms, GC Workers: 8]
      [GC Worker Start (ms): Min: 12455.2, Avg: 12455.5, Max: 12456.3, Diff: 1.0]
      [Ext Root Scanning (ms): Min: 0.0, Avg: 0.2, Max: 0.4, Diff: 0.3, Sum: 1.5]
      [Update RS (ms): Min: 0.0, Avg: 0.0, Max: 0.0, Diff: 0.0, Sum: 0.0]
         [Processed Buffers: Min: 0, Avg: 0.8, Max: 3, Diff: 3, Sum: 6]
      [Scan RS (ms): Min: 0.0, Avg: 0.1, Max: 0.1, Diff: 0.1, Sum: 0.5]
      [Object Copy (ms): Min: 0.0, Avg: 0.4, Max: 0.6, Diff: 0.6, Sum: 3.2]
      [Termination (ms): Min: 0.0, Avg: 0.1, Max: 0.1, Diff: 0.1, Sum: 0.5]
      [GC Worker Other (ms): Min: 0.0, Avg: 0.0, Max: 0.0, Diff: 0.0, Sum: 0.1]
      [GC Worker Total (ms): Min: 0.0, Avg: 0.7, Max: 1.1, Diff: 1.1, Sum: 5.9]
      [GC Worker End (ms): Min: 12456.3, Avg: 12456.3, Max: 12456.3, Diff: 0.0]
   [Code Root Fixup: 0.0 ms]
   [Clear CT: 0.1 ms]
   [Other: 0.4 ms]
      [Choose CSet: 0.0 ms]
      [Ref Proc: 0.2 ms]
      [Ref Enq: 0.0 ms]
      [Free CSet: 0.1 ms]
   [Eden: 317.0M(317.0M)->0.0B(316.0M) Survivors: 2048.0K->3072.0K Heap: 329.7M(533.0M)->13.6M(533.0M)]
 [Times: user=0.00 sys=0.00, real=0.00 secs] 
12.498: [GC pause (young)12.499: [SoftReference, 0 refs, 0.0000140 secs]12.499: [WeakReference, 0 refs, 0.0000020 secs]12.499: [FinalReference, 0 refs, 0.0000020 secs]12.499: [PhantomReference, 0 refs, 0.0000110 secs]12.499: [JNI Weak Reference, 0.0000020 secs], 0.0016910 secs]
   [Parallel Time: 1.2 ms, GC Workers: 8]
      [GC Worker Start (ms): Min: 12497.6, Avg: 12498.0, Max: 12498.7, Diff: 1.2]
      [Ext Root Scanning (ms): Min: 0.0, Avg: 0.2, Max: 0.3, Diff: 0.3, Sum: 1.4]
      [Update RS (ms): Min: 0.0, Avg: 0.0, Max: 0.0, Diff: 0.0, Sum: 0.1]
         [Processed Buffers: Min: 0, Avg: 1.0, Max: 7, Diff: 7, Sum: 8]
      [Scan RS (ms): Min: 0.0, Avg: 0.1, Max: 0.2, Diff: 0.2, Sum: 0.6]
      [Object Copy (ms): Min: 0.0, Avg: 0.4, Max: 0.7, Diff: 0.7, Sum: 3.5]
      [Termination (ms): Min: 0.0, Avg: 0.1, Max: 0.1, Diff: 0.1, Sum: 0.6]
      [GC Worker Other (ms): Min: 0.0, Avg: 0.0, Max: 0.0, Diff: 0.0, Sum: 0.1]
      [GC Worker Total (ms): Min: 0.0, Avg: 0.8, Max: 1.2, Diff: 1.2, Sum: 6.1]
      [GC Worker End (ms): Min: 12498.8, Avg: 12498.8, Max: 12498.8, Diff: 0.0]
   [Code Root Fixup: 0.0 ms]
   [Clear CT: 0.1 ms]
   [Other: 0.4 ms]
      [Choose CSet: 0.0 ms]
      [Ref Proc: 0.2 ms]
      [Ref Enq: 0.0 ms]
      [Free CSet: 0.2 ms]
   [Eden: 316.0M(316.0M)->0.0B(317.0M) Survivors: 3072.0K->2048.0K Heap: 329.6M(533.0M)->13.4M(533.0M)]
 [Times: user=0.00 sys=0.00, real=0.00 secs] 
12.541: [GC pause (young)12.542: [SoftReference, 0 refs, 0.0000160 secs]12.542: [WeakReference, 0 refs, 0.0000020 secs]12.542: [FinalReference, 0 refs, 0.0000020 secs]12.542: [PhantomReference, 0 refs, 0.0000020 secs]12.542: [JNI Weak Reference, 0.0000030 secs], 0.0015540 secs]
   [Parallel Time: 1.0 ms, GC Workers: 8]
      [GC Worker Start (ms): Min: 12540.6, Avg: 12541.0, Max: 12541.5, Diff: 0.9]
      [Ext Root Scanning (ms): Min: 0.0, Avg: 0.2, Max: 0.3, Diff: 0.3, Sum: 1.3]
      [Update RS (ms): Min: 0.0, Avg: 0.0, Max: 0.0, Diff: 0.0, Sum: 0.0]
         [Processed Buffers: Min: 0, Avg: 0.8, Max: 3, Diff: 3, Sum: 6]
      [Scan RS (ms): Min: 0.0, Avg: 0.1, Max: 0.1, Diff: 0.1, Sum: 0.4]
      [Object Copy (ms): Min: 0.0, Avg: 0.3, Max: 0.5, Diff: 0.5, Sum: 2.2]
      [Termination (ms): Min: 0.0, Avg: 0.1, Max: 0.1, Diff: 0.1, Sum: 0.6]
      [GC Worker Other (ms): Min: 0.0, Avg: 0.0, Max: 0.0, Diff: 0.0, Sum: 0.1]
      [GC Worker Total (ms): Min: 0.0, Avg: 0.6, Max: 0.9, Diff: 0.9, Sum: 4.6]
      [GC Worker End (ms): Min: 12541.6, Avg: 12541.6, Max: 12541.6, Diff: 0.0]
   [Code Root Fixup: 0.0 ms]
   [Clear CT: 0.2 ms]
   [Other: 0.4 ms]
      [Choose CSet: 0.0 ms]
      [Ref Proc: 0.2 ms]
      [Ref Enq: 0.0 ms]
      [Free CSet: 0.2 ms]
   [Eden: 317.0M(317.0M)->0.0B(318.0M) Survivors: 2048.0K->1024.0K Heap: 330.4M(533.0M)->12.3M(533.0M)]
 [Times: user=0.01 sys=0.00, real=0.01 secs] 
12.582: [GC pause (young)12.584: [SoftReference, 0 refs, 0.0000160 secs]12.584: [WeakReference, 0 refs, 0.0000020 secs]12.584: [FinalReference, 0 refs, 0.0000020 secs]12.584: [PhantomReference, 0 refs, 0.0000020 secs]12.584: [JNI Weak Reference, 0.0000110 secs], 0.0016630 secs]
   [Parallel Time: 1.2 ms, GC Workers: 8]
      [GC Worker Start (ms): Min: 12582.2, Avg: 12582.7, Max: 12583.4, Diff: 1.1]
      [Ext Root Scanning (ms): Min: 0.0, Avg: 0.2, Max: 0.3, Diff: 0.3, Sum: 1.4]
      [Update RS (ms): Min: 0.0, Avg: 0.0, Max: 0.0, Diff: 0.0, Sum: 0.0]
         [Processed Buffers: Min: 0, Avg: 0.9, Max: 6, Diff: 6, Sum: 7]
      [Scan RS (ms): Min: 0.0, Avg: 0.1, Max: 0.1, Diff: 0.1, Sum: 0.5]
      [Object Copy (ms): Min: 0.0, Avg: 0.4, Max: 0.6, Diff: 0.6, Sum: 3.0]
      [Termination (ms): Min: 0.0, Avg: 0.1, Max: 0.2, Diff: 0.2, Sum: 0.9]
      [GC Worker Other (ms): Min: 0.0, Avg: 0.0, Max: 0.0, Diff: 0.0, Sum: 0.0]
      [GC Worker Total (ms): Min: 0.0, Avg: 0.7, Max: 1.2, Diff: 1.1, Sum: 5.8]
      [GC Worker End (ms): Min: 12583.4, Avg: 12583.4, Max: 12583.4, Diff: 0.0]
   [Code Root Fixup: 0.0 ms]
   [Clear CT: 0.1 ms]
   [Other: 0.3 ms]
      [Choose CSet: 0.0 ms]
      [Ref Proc: 0.2 ms]
      [Ref Enq: 0.0 ms]
      [Free CSet: 0.1 ms]
   [Eden: 318.0M(318.0M)->0.0B(317.0M) Survivors: 1024.0K->2048.0K Heap: 330.3M(533.0M)->12.7M(533.0M)]
 [Times: user=0.01 sys=0.00, real=0.00 secs] 
12.626: [GC pause (young)12.627: [SoftReference, 0 refs, 0.0000160 secs]12.627: [WeakReference, 0 refs, 0.0000030 secs]12.627: [FinalReference, 0 refs, 0.0000030 secs]12.627: [PhantomReference, 0 refs, 0.0000030 secs]12.627: [JNI Weak Reference, 0.0000030 secs], 0.0019350 secs]
   [Parallel Time: 1.4 ms, GC Workers: 8]
      [GC Worker Start (ms): Min: 12625.7, Avg: 12626.0, Max: 12626.4, Diff: 0.7]
      [Ext Root Scanning (ms): Min: 0.0, Avg: 0.2, Max: 0.3, Diff: 0.3, Sum: 1.4]
      [Update RS (ms): Min: 0.0, Avg: 0.0, Max: 0.0, Diff: 0.0, Sum: 0.1]
         [Processed Buffers: Min: 0, Avg: 0.9, Max: 3, Diff: 3, Sum: 7]
      [Scan RS (ms): Min: 0.0, Avg: 0.1, Max: 0.3, Diff: 0.3, Sum: 0.7]
      [Object Copy (ms): Min: 0.5, Avg: 0.7, Max: 0.9, Diff: 0.4, Sum: 5.7]
      [Termination (ms): Min: 0.0, Avg: 0.1, Max: 0.1, Diff: 0.1, Sum: 0.6]
      [GC Worker Other (ms): Min: 0.0, Avg: 0.0, Max: 0.1, Diff: 0.0, Sum: 0.2]
      [GC Worker Total (ms): Min: 0.6, Avg: 1.1, Max: 1.3, Diff: 0.7, Sum: 8.7]
      [GC Worker End (ms): Min: 12627.0, Avg: 12627.1, Max: 12627.1, Diff: 0.0]
   [Code Root Fixup: 0.0 ms]
   [Clear CT: 0.1 ms]
   [Other: 0.4 ms]
      [Choose CSet: 0.0 ms]
      [Ref Proc: 0.3 ms]
      [Ref Enq: 0.0 ms]
      [Free CSet: 0.1 ms]
   [Eden: 317.0M(317.0M)->0.0B(317.0M) Survivors: 2048.0K->2048.0K Heap: 329.7M(533.0M)->13.1M(533.0M)]
 [Times: user=0.01 sys=0.00, real=0.00 secs] 
12.669: [GC pause (young)12.671: [SoftReference, 0 refs, 0.0000190 secs]12.671: [WeakReference, 0 refs, 0.0000030 secs]12.671: [FinalReference, 0 refs, 0.0000020 secs]12.671: [PhantomReference, 0 refs, 0.0000020 secs]12.671: [JNI Weak Reference, 0.0000030 secs], 0.0015310 secs]
   [Parallel Time: 1.1 ms, GC Workers: 8]
      [GC Worker Start (ms): Min: 12669.4, Avg: 12669.7, Max: 12670.3, Diff: 0.9]
      [Ext Root Scanning (ms): Min: 0.0, Avg: 0.2, Max: 0.3, Diff: 0.3, Sum: 1.4]
      [Update RS (ms): Min: 0.0, Avg: 0.0, Max: 0.0, Diff: 0.0, Sum: 0.0]
         [Processed Buffers: Min: 0, Avg: 0.9, Max: 5, Diff: 5, Sum: 7]
      [Scan RS (ms): Min: 0.0, Avg: 0.1, Max: 0.2, Diff: 0.2, Sum: 0.7]
      [Object Copy (ms): Min: 0.1, Avg: 0.5, Max: 0.7, Diff: 0.6, Sum: 3.6]
      [Termination (ms): Min: 0.0, Avg: 0.0, Max: 0.0, Diff: 0.0, Sum: 0.0]
      [GC Worker Other (ms): Min: 0.0, Avg: 0.0, Max: 0.0, Diff: 0.0, Sum: 0.2]
      [GC Worker Total (ms): Min: 0.2, Avg: 0.7, Max: 1.1, Diff: 0.9, Sum: 6.0]
      [GC Worker End (ms): Min: 12670.5, Avg: 12670.5, Max: 12670.5, Diff: 0.0]
   [Code Root Fixup: 0.0 ms]
   [Clear CT: 0.1 ms]
   [Other: 0.3 ms]
      [Choose CSet: 0.0 ms]
      [Ref Proc: 0.1 ms]
      [Ref Enq: 0.0 ms]
      [Free CSet: 0.1 ms]
   [Eden: 317.0M(317.0M)->0.0B(316.0M) Survivors: 2048.0K->3072.0K Heap: 330.1M(533.0M)->14.4M(533.0M)]
 [Times: user=0.01 sys=0.01, real=0.00 secs] 
12.712: [GC pause (young)12.713: [SoftReference, 0 refs, 0.0000240 secs]12.713: [WeakReference, 0 refs, 0.0000020 secs]12.713: [FinalReference, 0 refs, 0.0000110 secs]12.713: [PhantomReference, 0 refs, 0.0000020 secs]12.713: [JNI Weak Reference, 0.0000020 secs], 0.0016490 secs]
   [Parallel Time: 1.2 ms, GC Workers: 8]
      [GC Worker Start (ms): Min: 12711.9, Avg: 12712.4, Max: 12713.0, Diff: 1.1]
      [Ext Root Scanning (ms): Min: 0.0, Avg: 0.2, Max: 0.3, Diff: 0.3, Sum: 1.4]
      [Update RS (ms): Min: 0.0, Avg: 0.0, Max: 0.0, Diff: 0.0, Sum: 0.1]
         [Processed Buffers: Min: 0, Avg: 1.0, Max: 4, Diff: 4, Sum: 8]
      [Scan RS (ms): Min: 0.0, Avg: 0.1, Max: 0.1, Diff: 0.1, Sum: 0.5]
      [Object Copy (ms): Min: 0.0, Avg: 0.4, Max: 0.7, Diff: 0.7, Sum: 2.9]
      [Termination (ms): Min: 0.0, Avg: 0.1, Max: 0.1, Diff: 0.1, Sum: 0.6]
      [GC Worker Other (ms): Min: 0.0, Avg: 0.0, Max: 0.0, Diff: 0.0, Sum: 0.1]
      [GC Worker Total (ms): Min: 0.0, Avg: 0.7, Max: 1.1, Diff: 1.1, Sum: 5.5]
      [GC Worker End (ms): Min: 12713.1, Avg: 12713.1, Max: 12713.1, Diff: 0.0]
   [Code Root Fixup: 0.0 ms]
   [Clear CT: 0.1 ms]
   [Other: 0.4 ms]
      [Choose CSet: 0.0 ms]
      [Ref Proc: 0.2 ms]
      [Ref Enq: 0.0 ms]
      [Free CSet: 0.1 ms]
   [Eden: 316.0M(316.0M)->0.0B(317.0M) Survivors: 3072.0K->2048.0K Heap: 330.4M(533.0M)->12.9M(533.0M)]
 [Times: user=0.01 sys=0.00, real=0.01 secs] 
12.754: [GC pause (young)12.755: [SoftReference, 0 refs, 0.0000260 secs]12.755: [WeakReference, 0 refs, 0.0000020 secs]12.755: [FinalReference, 0 refs, 0.0000020 secs]12.755: [PhantomReference, 0 refs, 0.0000020 secs]12.755: [JNI Weak Reference, 0.0000020 secs], 0.0016380 secs]
   [Parallel Time: 1.2 ms, GC Workers: 8]
      [GC Worker Start (ms): Min: 12754.0, Avg: 12754.4, Max: 12755.1, Diff: 1.1]
      [Ext Root Scanning (ms): Min: 0.0, Avg: 0.2, Max: 0.3, Diff: 0.3, Sum: 1.4]
      [Update RS (ms): Min: 0.0, Avg: 0.0, Max: 0.0, Diff: 0.0, Sum: 0.0]
         [Processed Buffers: Min: 0, Avg: 0.8, Max: 3, Diff: 3, Sum: 6]
      [Scan RS (ms): Min: 0.0, Avg: 0.1, Max: 0.1, Diff: 0.1, Sum: 0.5]
      [Object Copy (ms): Min: 0.0, Avg: 0.4, Max: 0.7, Diff: 0.7, Sum: 3.0]
      [Termination (ms): Min: 0.0, Avg: 0.1, Max: 0.1, Diff: 0.1, Sum: 0.6]
      [GC Worker Other (ms): Min: 0.0, Avg: 0.0, Max: 0.0, Diff: 0.0, Sum: 0.1]
      [GC Worker Total (ms): Min: 0.0, Avg: 0.7, Max: 1.1, Diff: 1.1, Sum: 5.6]
      [GC Worker End (ms): Min: 12755.1, Avg: 12755.1, Max: 12755.1, Diff: 0.0]
   [Code Root Fixup: 0.0 ms]
   [Clear CT: 0.1 ms]
   [Other: 0.3 ms]
      [Choose CSet: 0.0 ms]
      [Ref Proc: 0.2 ms]
      [Ref Enq: 0.0 ms]
      [Free CSet: 0.1 ms]
   [Eden: 317.0M(317.0M)->0.0B(317.0M) Survivors: 2048.0K->2048.0K Heap: 329.9M(533.0M)->12.9M(533.0M)]
 [Times: user=0.01 sys=0.00, real=0.00 secs] 
12.796: [GC pause (young)12.797: [SoftReference, 0 refs, 0.0000240 secs]12.797: [WeakReference, 0 refs, 0.0000020 secs]12.797: [FinalReference, 0 refs, 0.0000020 secs]12.797: [PhantomReference, 0 refs, 0.0000020 secs]12.797: [JNI Weak Reference, 0.0000030 secs], 0.0016140 secs]
   [Parallel Time: 1.1 ms, GC Workers: 8]
      [GC Worker Start (ms): Min: 12795.9, Avg: 12796.0, Max: 12796.7, Diff: 0.8]
      [Ext Root Scanning (ms): Min: 0.0, Avg: 0.2, Max: 0.3, Diff: 0.3, Sum: 1.7]
      [Update RS (ms): Min: 0.0, Avg: 0.0, Max: 0.0, Diff: 0.0, Sum: 0.1]
         [Processed Buffers: Min: 0, Avg: 0.9, Max: 4, Diff: 4, Sum: 7]
      [Scan RS (ms): Min: 0.0, Avg: 0.1, Max: 0.2, Diff: 0.2, Sum: 0.8]
      [Object Copy (ms): Min: 0.1, Avg: 0.5, Max: 0.7, Diff: 0.6, Sum: 4.1]
      [Termination (ms): Min: 0.0, Avg: 0.1, Max: 0.1, Diff: 0.1, Sum: 0.5]
      [GC Worker Other (ms): Min: 0.0, Avg: 0.0, Max: 0.0, Diff: 0.0, Sum: 0.1]
      [GC Worker Total (ms): Min: 0.2, Avg: 0.9, Max: 1.0, Diff: 0.8, Sum: 7.3]
      [GC Worker End (ms): Min: 12796.9, Avg: 12796.9, Max: 12796.9, Diff: 0.0]
   [Code Root Fixup: 0.0 ms]
   [Clear CT: 0.2 ms]
   [Other: 0.3 ms]
      [Choose CSet: 0.0 ms]
      [Ref Proc: 0.2 ms]
      [Ref Enq: 0.0 ms]
      [Free CSet: 0.1 ms]
   [Eden: 317.0M(317.0M)->0.0B(316.0M) Survivors: 2048.0K->3072.0K Heap: 329.9M(533.0M)->13.9M(533.0M)]
 [Times: user=0.01 sys=0.00, real=0.00 secs] 
12.838: [GC pause (young)12.839: [SoftReference, 0 refs, 0.0000230 secs]12.839: [WeakReference, 0 refs, 0.0000020 secs]12.839: [FinalReference, 0 refs, 0.0000030 secs]12.839: [PhantomReference, 0 refs, 0.0000020 secs]12.839: [JNI Weak Reference, 0.0000020 secs], 0.0017500 secs]
   [Parallel Time: 1.1 ms, GC Workers: 8]
      [GC Worker Start (ms): Min: 12837.8, Avg: 12838.2, Max: 12838.8, Diff: 1.0]
      [Ext Root Scanning (ms): Min: 0.0, Avg: 0.2, Max: 0.3, Diff: 0.3, Sum: 1.4]
      [Update RS (ms): Min: 0.0, Avg: 0.0, Max: 0.0, Diff: 0.0, Sum: 0.1]
         [Processed Buffers: Min: 0, Avg: 1.0, Max: 5, Diff: 5, Sum: 8]
      [Scan RS (ms): Min: 0.0, Avg: 0.1, Max: 0.1, Diff: 0.1, Sum: 0.4]
      [Object Copy (ms): Min: 0.0, Avg: 0.3, Max: 0.6, Diff: 0.6, Sum: 2.6]
      [Termination (ms): Min: 0.0, Avg: 0.1, Max: 0.1, Diff: 0.1, Sum: 0.6]
      [GC Worker Other (ms): Min: 0.0, Avg: 0.0, Max: 0.0, Diff: 0.0, Sum: 0.0]
      [GC Worker Total (ms): Min: 0.0, Avg: 0.6, Max: 1.0, Diff: 1.0, Sum: 5.1]
      [GC Worker End (ms): Min: 12838.9, Avg: 12838.9, Max: 12838.9, Diff: 0.0]
   [Code Root Fixup: 0.0 ms]
   [Clear CT: 0.2 ms]
   [Other: 0.4 ms]
      [Choose CSet: 0.0 ms]
      [Ref Proc: 0.3 ms]
      [Ref Enq: 0.0 ms]
      [Free CSet: 0.1 ms]
   [Eden: 316.0M(316.0M)->0.0B(318.0M) Survivors: 3072.0K->1024.0K Heap: 329.9M(533.0M)->12.7M(533.0M)]
 [Times: user=0.01 sys=0.00, real=0.00 secs] 
12.883: [GC pause (young)12.884: [SoftReference, 0 refs, 0.0000150 secs]12.885: [WeakReference, 0 refs, 0.0000030 secs]12.885: [FinalReference, 0 refs, 0.0000030 secs]12.885: [PhantomReference, 0 refs, 0.0000030 secs]12.885: [JNI Weak Reference, 0.0000030 secs], 0.0018030 secs]
   [Parallel Time: 1.3 ms, GC Workers: 8]
      [GC Worker Start (ms): Min: 12883.0, Avg: 12883.4, Max: 12884.2, Diff: 1.2]
      [Ext Root Scanning (ms): Min: 0.0, Avg: 0.2, Max: 0.3, Diff: 0.3, Sum: 1.7]
      [Update RS (ms): Min: 0.0, Avg: 0.0, Max: 0.0, Diff: 0.0, Sum: 0.1]
         [Processed Buffers: Min: 0, Avg: 0.8, Max: 3, Diff: 3, Sum: 6]
      [Scan RS (ms): Min: 0.0, Avg: 0.1, Max: 0.2, Diff: 0.2, Sum: 0.8]
      [Object Copy (ms): Min: 0.0, Avg: 0.5, Max: 0.7, Diff: 0.7, Sum: 3.8]
      [Termination (ms): Min: 0.0, Avg: 0.1, Max: 0.1, Diff: 0.1, Sum: 0.6]
      [GC Worker Other (ms): Min: 0.0, Avg: 0.0, Max: 0.0, Diff: 0.0, Sum: 0.2]
      [GC Worker Total (ms): Min: 0.0, Avg: 0.9, Max: 1.2, Diff: 1.2, Sum: 7.1]
      [GC Worker End (ms): Min: 12884.3, Avg: 12884.3, Max: 12884.3, Diff: 0.0]
   [Code Root Fixup: 0.0 ms]
   [Clear CT: 0.1 ms]
   [Other: 0.4 ms]
      [Choose CSet: 0.0 ms]
      [Ref Proc: 0.2 ms]
      [Ref Enq: 0.0 ms]
      [Free CSet: 0.1 ms]
   [Eden: 318.0M(318.0M)->0.0B(317.0M) Survivors: 1024.0K->2048.0K Heap: 330.7M(533.0M)->13.6M(533.0M)]
 [Times: user=0.01 sys=0.00, real=0.00 secs] 
12.926: [GC pause (young)12.927: [SoftReference, 0 refs, 0.0000330 secs]12.927: [WeakReference, 0 refs, 0.0000120 secs]12.927: [FinalReference, 0 refs, 0.0000020 secs]12.927: [PhantomReference, 0 refs, 0.0000020 secs]12.927: [JNI Weak Reference, 0.0000030 secs], 0.0016570 secs]
   [Parallel Time: 1.2 ms, GC Workers: 8]
      [GC Worker Start (ms): Min: 12926.2, Avg: 12926.6, Max: 12927.2, Diff: 1.0]
      [Ext Root Scanning (ms): Min: 0.0, Avg: 0.2, Max: 0.3, Diff: 0.3, Sum: 1.4]
      [Update RS (ms): Min: 0.0, Avg: 0.0, Max: 0.0, Diff: 0.0, Sum: 0.0]
         [Processed Buffers: Min: 0, Avg: 0.9, Max: 5, Diff: 5, Sum: 7]
      [Scan RS (ms): Min: 0.0, Avg: 0.1, Max: 0.1, Diff: 0.1, Sum: 0.4]
      [Object Copy (ms): Min: 0.0, Avg: 0.3, Max: 0.6, Diff: 0.6, Sum: 2.7]
      [Termination (ms): Min: 0.0, Avg: 0.1, Max: 0.1, Diff: 0.1, Sum: 0.6]
      [GC Worker Other (ms): Min: 0.0, Avg: 0.0, Max: 0.0, Diff: 0.0, Sum: 0.1]
      [GC Worker Total (ms): Min: 0.0, Avg: 0.6, Max: 1.1, Diff: 1.0, Sum: 5.2]
      [GC Worker End (ms): Min: 12927.2, Avg: 12927.2, Max: 12927.2, Diff: 0.0]
   [Code Root Fixup: 0.0 ms]
   [Clear CT: 0.1 ms]
   [Other: 0.4 ms]
      [Choose CSet: 0.0 ms]
      [Ref Proc: 0.2 ms]
      [Ref Enq: 0.0 ms]
      [Free CSet: 0.1 ms]
   [Eden: 317.0M(317.0M)->0.0B(318.0M) Survivors: 2048.0K->1024.0K Heap: 330.6M(533.0M)->12.7M(533.0M)]
 [Times: user=0.01 sys=0.00, real=0.00 secs] 
12.969: [GC pause (young)12.970: [SoftReference, 0 refs, 0.0000150 secs]12.970: [WeakReference, 0 refs, 0.0000030 secs]12.970: [FinalReference, 0 refs, 0.0000030 secs]12.970: [PhantomReference, 0 refs, 0.0000020 secs]12.970: [JNI Weak Reference, 0.0000020 secs], 0.0017340 secs]
   [Parallel Time: 1.2 ms, GC Workers: 8]
      [GC Worker Start (ms): Min: 12968.7, Avg: 12969.1, Max: 12969.8, Diff: 1.1]
      [Ext Root Scanning (ms): Min: 0.0, Avg: 0.2, Max: 0.3, Diff: 0.3, Sum: 1.4]
      [Update RS (ms): Min: 0.0, Avg: 0.0, Max: 0.0, Diff: 0.0, Sum: 0.0]
         [Processed Buffers: Min: 0, Avg: 0.9, Max: 7, Diff: 7, Sum: 7]
      [Scan RS (ms): Min: 0.0, Avg: 0.1, Max: 0.2, Diff: 0.2, Sum: 0.6]
      [Object Copy (ms): Min: 0.0, Avg: 0.4, Max: 0.7, Diff: 0.7, Sum: 3.3]
      [Termination (ms): Min: 0.0, Avg: 0.1, Max: 0.1, Diff: 0.1, Sum: 0.5]
      [GC Worker Other (ms): Min: 0.0, Avg: 0.0, Max: 0.0, Diff: 0.0, Sum: 0.1]
      [GC Worker Total (ms): Min: 0.0, Avg: 0.7, Max: 1.2, Diff: 1.2, Sum: 6.0]
      [GC Worker End (ms): Min: 12969.8, Avg: 12969.9, Max: 12969.9, Diff: 0.0]
   [Code Root Fixup: 0.0 ms]
   [Clear CT: 0.2 ms]
   [Other: 0.4 ms]
      [Choose CSet: 0.0 ms]
      [Ref Proc: 0.2 ms]
      [Ref Enq: 0.0 ms]
      [Free CSet: 0.1 ms]
   [Eden: 318.0M(318.0M)->0.0B(317.0M) Survivors: 1024.0K->2048.0K Heap: 330.7M(533.0M)->13.8M(533.0M)]
 [Times: user=0.00 sys=0.00, real=0.00 secs] 
13.012: [GC pause (young)13.013: [SoftReference, 0 refs, 0.0000160 secs]13.013: [WeakReference, 0 refs, 0.0000030 secs]13.013: [FinalReference, 0 refs, 0.0000030 secs]13.013: [PhantomReference, 0 refs, 0.0000020 secs]13.013: [JNI Weak Reference, 0.0000030 secs], 0.0019430 secs]
   [Parallel Time: 1.4 ms, GC Workers: 8]
      [GC Worker Start (ms): Min: 13011.6, Avg: 13012.1, Max: 13012.9, Diff: 1.3]
      [Ext Root Scanning (ms): Min: 0.0, Avg: 0.2, Max: 0.3, Diff: 0.3, Sum: 1.6]
      [Update RS (ms): Min: 0.0, Avg: 0.0, Max: 0.0, Diff: 0.0, Sum: 0.1]
         [Processed Buffers: Min: 0, Avg: 0.8, Max: 5, Diff: 5, Sum: 6]
      [Scan RS (ms): Min: 0.0, Avg: 0.1, Max: 0.2, Diff: 0.2, Sum: 0.8]
      [Object Copy (ms): Min: 0.0, Avg: 0.4, Max: 0.8, Diff: 0.8, Sum: 3.4]
      [Termination (ms): Min: 0.0, Avg: 0.1, Max: 0.1, Diff: 0.1, Sum: 0.9]
      [GC Worker Other (ms): Min: 0.0, Avg: 0.0, Max: 0.0, Diff: 0.0, Sum: 0.1]
      [GC Worker Total (ms): Min: 0.0, Avg: 0.8, Max: 1.3, Diff: 1.3, Sum: 6.7]
      [GC Worker End (ms): Min: 13013.0, Avg: 13013.0, Max: 13013.0, Diff: 0.0]
   [Code Root Fixup: 0.0 ms]
   [Clear CT: 0.1 ms]
   [Other: 0.5 ms]
      [Choose CSet: 0.0 ms]
      [Ref Proc: 0.2 ms]
      [Ref Enq: 0.0 ms]
      [Free CSet: 0.2 ms]
   [Eden: 317.0M(317.0M)->0.0B(316.0M) Survivors: 2048.0K->3072.0K Heap: 330.8M(533.0M)->14.6M(533.0M)]
 [Times: user=0.01 sys=0.00, real=0.01 secs] 
13.058: [GC pause (young)13.059: [SoftReference, 0 refs, 0.0000130 secs]13.059: [WeakReference, 0 refs, 0.0000190 secs]13.059: [FinalReference, 0 refs, 0.0000030 secs]13.059: [PhantomReference, 0 refs, 0.0000130 secs]13.059: [JNI Weak Reference, 0.0000020 secs], 0.0014690 secs]
   [Parallel Time: 1.0 ms, GC Workers: 8]
      [GC Worker Start (ms): Min: 13057.8, Avg: 13058.0, Max: 13058.5, Diff: 0.7]
      [Ext Root Scanning (ms): Min: 0.0, Avg: 0.2, Max: 0.3, Diff: 0.3, Sum: 1.5]
      [Update RS (ms): Min: 0.0, Avg: 0.0, Max: 0.0, Diff: 0.0, Sum: 0.0]
         [Processed Buffers: Min: 0, Avg: 0.8, Max: 3, Diff: 3, Sum: 6]
      [Scan RS (ms): Min: 0.0, Avg: 0.1, Max: 0.1, Diff: 0.1, Sum: 0.5]
      [Object Copy (ms): Min: 0.1, Avg: 0.5, Max: 0.6, Diff: 0.4, Sum: 3.7]
      [Termination (ms): Min: 0.0, Avg: 0.1, Max: 0.1, Diff: 0.1, Sum: 0.5]
      [GC Worker Other (ms): Min: 0.0, Avg: 0.0, Max: 0.0, Diff: 0.0, Sum: 0.2]
      [GC Worker Total (ms): Min: 0.3, Avg: 0.8, Max: 0.9, Diff: 0.7, Sum: 6.5]
      [GC Worker End (ms): Min: 13058.8, Avg: 13058.8, Max: 13058.8, Diff: 0.0]
   [Code Root Fixup: 0.0 ms]
   [Clear CT: 0.2 ms]
   [Other: 0.3 ms]
      [Choose CSet: 0.0 ms]
      [Ref Proc: 0.2 ms]
      [Ref Enq: 0.0 ms]
      [Free CSet: 0.1 ms]
   [Eden: 316.0M(316.0M)->0.0B(318.0M) Survivors: 3072.0K->1024.0K Heap: 330.6M(533.0M)->12.8M(533.0M)]
 [Times: user=0.01 sys=0.00, real=0.00 secs] 
13.100: [GC pause (young)13.101: [SoftReference, 0 refs, 0.0000140 secs]13.101: [WeakReference, 0 refs, 0.0000030 secs]13.101: [FinalReference, 0 refs, 0.0000020 secs]13.101: [PhantomReference, 0 refs, 0.0000020 secs]13.101: [JNI Weak Reference, 0.0000020 secs], 0.0015190 secs]
   [Parallel Time: 1.0 ms, GC Workers: 8]
      [GC Worker Start (ms): Min: 13100.1, Avg: 13100.5, Max: 13101.0, Diff: 0.9]
      [Ext Root Scanning (ms): Min: 0.0, Avg: 0.2, Max: 0.3, Diff: 0.3, Sum: 1.3]
      [Update RS (ms): Min: 0.0, Avg: 0.0, Max: 0.0, Diff: 0.0, Sum: 0.0]
         [Processed Buffers: Min: 0, Avg: 0.9, Max: 5, Diff: 5, Sum: 7]
      [Scan RS (ms): Min: 0.0, Avg: 0.1, Max: 0.1, Diff: 0.1, Sum: 0.4]
      [Object Copy (ms): Min: 0.0, Avg: 0.3, Max: 0.5, Diff: 0.5, Sum: 2.3]
      [Termination (ms): Min: 0.0, Avg: 0.1, Max: 0.1, Diff: 0.1, Sum: 0.6]
      [GC Worker Other (ms): Min: 0.0, Avg: 0.0, Max: 0.0, Diff: 0.0, Sum: 0.1]
      [GC Worker Total (ms): Min: 0.0, Avg: 0.6, Max: 0.9, Diff: 0.9, Sum: 4.7]
      [GC Worker End (ms): Min: 13101.1, Avg: 13101.1, Max: 13101.1, Diff: 0.0]
   [Code Root Fixup: 0.0 ms]
   [Clear CT: 0.1 ms]
   [Other: 0.3 ms]
      [Choose CSet: 0.0 ms]
      [Ref Proc: 0.2 ms]
      [Ref Enq: 0.0 ms]
      [Free CSet: 0.1 ms]
   [Eden: 318.0M(318.0M)->0.0B(318.0M) Survivors: 1024.0K->1024.0K Heap: 330.8M(533.0M)->12.6M(533.0M)]
 [Times: user=0.01 sys=0.00, real=0.00 secs] 
13.142: [GC pause (young)13.144: [SoftReference, 0 refs, 0.0000160 secs]13.144: [WeakReference, 0 refs, 0.0000030 secs]13.144: [FinalReference, 0 refs, 0.0000030 secs]13.144: [PhantomReference, 0 refs, 0.0000020 secs]13.144: [JNI Weak Reference, 0.0000110 secs], 0.0015930 secs]
   [Parallel Time: 1.1 ms, GC Workers: 8]
      [GC Worker Start (ms): Min: 13142.3, Avg: 13142.7, Max: 13143.3, Diff: 1.0]
      [Ext Root Scanning (ms): Min: 0.0, Avg: 0.2, Max: 0.3, Diff: 0.3, Sum: 1.4]
      [Update RS (ms): Min: 0.0, Avg: 0.0, Max: 0.0, Diff: 0.0, Sum: 0.1]
         [Processed Buffers: Min: 0, Avg: 0.9, Max: 4, Diff: 4, Sum: 7]
      [Scan RS (ms): Min: 0.0, Avg: 0.1, Max: 0.1, Diff: 0.1, Sum: 0.5]
      [Object Copy (ms): Min: 0.0, Avg: 0.3, Max: 0.6, Diff: 0.6, Sum: 2.7]
      [Termination (ms): Min: 0.0, Avg: 0.1, Max: 0.1, Diff: 0.1, Sum: 0.6]
      [GC Worker Other (ms): Min: 0.0, Avg: 0.0, Max: 0.0, Diff: 0.0, Sum: 0.0]
      [GC Worker Total (ms): Min: 0.0, Avg: 0.6, Max: 1.1, Diff: 1.0, Sum: 5.2]
      [GC Worker End (ms): Min: 13143.3, Avg: 13143.3, Max: 13143.3, Diff: 0.0]
   [Code Root Fixup: 0.0 ms]
   [Clear CT: 0.1 ms]
   [Other: 0.4 ms]
      [Choose CSet: 0.0 ms]
      [Ref Proc: 0.2 ms]
      [Ref Enq: 0.0 ms]
      [Free CSet: 0.1 ms]
   [Eden: 318.0M(318.0M)->0.0B(318.0M) Survivors: 1024.0K->1024.0K Heap: 330.6M(533.0M)->12.8M(533.0M)]
 [Times: user=0.00 sys=0.00, real=0.00 secs] 
13.184: [GC pause (young)13.186: [SoftReference, 0 refs, 0.0000370 secs]13.186: [WeakReference, 0 refs, 0.0000030 secs]13.186: [FinalReference, 0 refs, 0.0000040 secs]13.186: [PhantomReference, 0 refs, 0.0000030 secs]13.186: [JNI Weak Reference, 0.0000030 secs], 0.0018170 secs]
   [Parallel Time: 1.3 ms, GC Workers: 8]
      [GC Worker Start (ms): Min: 13184.2, Avg: 13184.5, Max: 13185.1, Diff: 0.9]
      [Ext Root Scanning (ms): Min: 0.0, Avg: 0.2, Max: 0.3, Diff: 0.3, Sum: 1.4]
      [Update RS (ms): Min: 0.0, Avg: 0.0, Max: 0.0, Diff: 0.0, Sum: 0.0]
         [Processed Buffers: Min: 0, Avg: 0.9, Max: 4, Diff: 4, Sum: 7]
      [Scan RS (ms): Min: 0.0, Avg: 0.1, Max: 0.1, Diff: 0.1, Sum: 0.5]
      [Object Copy (ms): Min: 0.2, Avg: 0.6, Max: 0.8, Diff: 0.6, Sum: 4.9]
      [Termination (ms): Min: 0.0, Avg: 0.1, Max: 0.1, Diff: 0.1, Sum: 0.5]
      [GC Worker Other (ms): Min: 0.0, Avg: 0.0, Max: 0.0, Diff: 0.0, Sum: 0.2]
      [GC Worker Total (ms): Min: 0.3, Avg: 0.9, Max: 1.3, Diff: 1.0, Sum: 7.6]
      [GC Worker End (ms): Min: 13185.4, Avg: 13185.4, Max: 13185.4, Diff: 0.0]
   [Code Root Fixup: 0.0 ms]
   [Clear CT: 0.2 ms]
   [Other: 0.4 ms]
      [Choose CSet: 0.0 ms]
      [Ref Proc: 0.2 ms]
      [Ref Enq: 0.0 ms]
      [Free CSet: 0.1 ms]
   [Eden: 318.0M(318.0M)->0.0B(317.0M) Survivors: 1024.0K->2048.0K Heap: 330.8M(533.0M)->13.3M(533.0M)]
 [Times: user=0.00 sys=0.00, real=0.00 secs] 
13.228: [GC pause (young)13.230: [SoftReference, 0 refs, 0.0000260 secs]13.230: [WeakReference, 0 refs, 0.0000030 secs]13.230: [FinalReference, 0 refs, 0.0000020 secs]13.230: [PhantomReference, 0 refs, 0.0000030 secs]13.230: [JNI Weak Reference, 0.0000020 secs], 0.0018500 secs]
   [Parallel Time: 1.3 ms, GC Workers: 8]
      [GC Worker Start (ms): Min: 13228.5, Avg: 13228.9, Max: 13229.7, Diff: 1.2]
      [Ext Root Scanning (ms): Min: 0.0, Avg: 0.2, Max: 0.3, Diff: 0.3, Sum: 1.5]
      [Update RS (ms): Min: 0.0, Avg: 0.0, Max: 0.0, Diff: 0.0, Sum: 0.1]
         [Processed Buffers: Min: 0, Avg: 0.8, Max: 4, Diff: 4, Sum: 6]
      [Scan RS (ms): Min: 0.0, Avg: 0.1, Max: 0.1, Diff: 0.1, Sum: 0.5]
      [Object Copy (ms): Min: 0.0, Avg: 0.5, Max: 0.8, Diff: 0.8, Sum: 3.6]
      [Termination (ms): Min: 0.0, Avg: 0.1, Max: 0.1, Diff: 0.1, Sum: 0.6]
      [GC Worker Other (ms): Min: 0.0, Avg: 0.0, Max: 0.0, Diff: 0.0, Sum: 0.2]
      [GC Worker Total (ms): Min: 0.0, Avg: 0.8, Max: 1.3, Diff: 1.3, Sum: 6.5]
      [GC Worker End (ms): Min: 13229.7, Avg: 13229.8, Max: 13229.8, Diff: 0.0]
   [Code Root Fixup: 0.0 ms]
   [Clear CT: 0.1 ms]
   [Other: 0.4 ms]
      [Choose CSet: 0.0 ms]
      [Ref Proc: 0.2 ms]
      [Ref Enq: 0.0 ms]
      [Free CSet: 0.2 ms]
   [Eden: 317.0M(317.0M)->0.0B(317.0M) Survivors: 2048.0K->2048.0K Heap: 330.3M(533.0M)->13.1M(533.0M)]
 [Times: user=0.01 sys=0.00, real=0.00 secs] 
13.271: [GC pause (young)13.273: [SoftReference, 0 refs, 0.0000340 secs]13.273: [WeakReference, 0 refs, 0.0000110 secs]13.273: [FinalReference, 0 refs, 0.0000030 secs]13.273: [PhantomReference, 0 refs, 0.0000020 secs]13.273: [JNI Weak Reference, 0.0000030 secs], 0.0017700 secs]
   [Parallel Time: 1.2 ms, GC Workers: 8]
      [GC Worker Start (ms): Min: 13271.2, Avg: 13271.4, Max: 13272.0, Diff: 0.9]
      [Ext Root Scanning (ms): Min: 0.0, Avg: 0.2, Max: 0.3, Diff: 0.3, Sum: 1.6]
      [Update RS (ms): Min: 0.0, Avg: 0.0, Max: 0.0, Diff: 0.0, Sum: 0.1]
         [Processed Buffers: Min: 0, Avg: 0.8, Max: 5, Diff: 5, Sum: 6]
      [Scan RS (ms): Min: 0.0, Avg: 0.1, Max: 0.1, Diff: 0.1, Sum: 0.6]
      [Object Copy (ms): Min: 0.2, Avg: 0.6, Max: 0.7, Diff: 0.6, Sum: 4.4]
      [Termination (ms): Min: 0.0, Avg: 0.1, Max: 0.1, Diff: 0.1, Sum: 0.5]
      [GC Worker Other (ms): Min: 0.0, Avg: 0.0, Max: 0.0, Diff: 0.0, Sum: 0.1]
      [GC Worker Total (ms): Min: 0.3, Avg: 0.9, Max: 1.1, Diff: 0.9, Sum: 7.3]
      [GC Worker End (ms): Min: 13272.3, Avg: 13272.3, Max: 13272.3, Diff: 0.0]
   [Code Root Fixup: 0.0 ms]
   [Clear CT: 0.1 ms]
   [Other: 0.5 ms]
      [Choose CSet: 0.0 ms]
      [Ref Proc: 0.3 ms]
      [Ref Enq: 0.0 ms]
      [Free CSet: 0.2 ms]
   [Eden: 317.0M(317.0M)->0.0B(317.0M) Survivors: 2048.0K->2048.0K Heap: 330.1M(533.0M)->13.1M(533.0M)]
 [Times: user=0.01 sys=0.00, real=0.01 secs] 
13.314: [GC pause (young)13.315: [SoftReference, 0 refs, 0.0000140 secs]13.315: [WeakReference, 0 refs, 0.0000030 secs]13.315: [FinalReference, 0 refs, 0.0000020 secs]13.315: [PhantomReference, 0 refs, 0.0000030 secs]13.315: [JNI Weak Reference, 0.0000120 secs], 0.0017200 secs]
   [Parallel Time: 1.2 ms, GC Workers: 8]
      [GC Worker Start (ms): Min: 13314.1, Avg: 13314.4, Max: 13315.2, Diff: 1.1]
      [Ext Root Scanning (ms): Min: 0.0, Avg: 0.2, Max: 0.3, Diff: 0.3, Sum: 1.4]
      [Update RS (ms): Min: 0.0, Avg: 0.0, Max: 0.0, Diff: 0.0, Sum: 0.0]
         [Processed Buffers: Min: 0, Avg: 0.8, Max: 3, Diff: 3, Sum: 6]
      [Scan RS (ms): Min: 0.0, Avg: 0.1, Max: 0.1, Diff: 0.1, Sum: 0.5]
      [Object Copy (ms): Min: 0.0, Avg: 0.5, Max: 0.7, Diff: 0.7, Sum: 4.1]
      [Termination (ms): Min: 0.0, Avg: 0.1, Max: 0.1, Diff: 0.1, Sum: 0.6]
      [GC Worker Other (ms): Min: 0.0, Avg: 0.0, Max: 0.0, Diff: 0.0, Sum: 0.2]
      [GC Worker Total (ms): Min: 0.0, Avg: 0.8, Max: 1.1, Diff: 1.1, Sum: 6.7]
      [GC Worker End (ms): Min: 13315.2, Avg: 13315.3, Max: 13315.3, Diff: 0.0]
   [Code Root Fixup: 0.0 ms]
   [Clear CT: 0.2 ms]
   [Other: 0.3 ms]
      [Choose CSet: 0.0 ms]
      [Ref Proc: 0.2 ms]
      [Ref Enq: 0.0 ms]
      [Free CSet: 0.1 ms]
   [Eden: 317.0M(317.0M)->0.0B(317.0M) Survivors: 2048.0K->2048.0K Heap: 330.1M(533.0M)->13.1M(533.0M)]
 [Times: user=0.00 sys=0.00, real=0.00 secs] 
13.357: [GC pause (young)13.358: [SoftReference, 0 refs, 0.0000120 secs]13.358: [WeakReference, 0 refs, 0.0000020 secs]13.358: [FinalReference, 0 refs, 0.0000030 secs]13.358: [PhantomReference, 0 refs, 0.0000020 secs]13.358: [JNI Weak Reference, 0.0000120 secs], 0.0015660 secs]
   [Parallel Time: 1.0 ms, GC Workers: 8]
      [GC Worker Start (ms): Min: 13356.8, Avg: 13357.1, Max: 13357.7, Diff: 0.9]
      [Ext Root Scanning (ms): Min: 0.0, Avg: 0.2, Max: 0.3, Diff: 0.3, Sum: 1.4]
      [Update RS (ms): Min: 0.0, Avg: 0.0, Max: 0.0, Diff: 0.0, Sum: 0.1]
         [Processed Buffers: Min: 0, Avg: 1.0, Max: 3, Diff: 3, Sum: 8]
      [Scan RS (ms): Min: 0.0, Avg: 0.1, Max: 0.1, Diff: 0.1, Sum: 0.4]
      [Object Copy (ms): Min: 0.0, Avg: 0.3, Max: 0.5, Diff: 0.5, Sum: 2.4]
      [Termination (ms): Min: 0.0, Avg: 0.1, Max: 0.1, Diff: 0.1, Sum: 0.5]
      [GC Worker Other (ms): Min: 0.0, Avg: 0.0, Max: 0.0, Diff: 0.0, Sum: 0.1]
      [GC Worker Total (ms): Min: 0.0, Avg: 0.6, Max: 1.0, Diff: 0.9, Sum: 4.9]
      [GC Worker End (ms): Min: 13357.7, Avg: 13357.7, Max: 13357.8, Diff: 0.0]
   [Code Root Fixup: 0.0 ms]
   [Clear CT: 0.2 ms]
   [Other: 0.4 ms]
      [Choose CSet: 0.0 ms]
      [Ref Proc: 0.2 ms]
      [Ref Enq: 0.0 ms]
      [Free CSet: 0.1 ms]
   [Eden: 317.0M(317.0M)->0.0B(317.0M) Survivors: 2048.0K->2048.0K Heap: 330.1M(533.0M)->13.8M(533.0M)]
 [Times: user=0.01 sys=0.00, real=0.00 secs] 
13.400: [GC pause (young)13.401: [SoftReference, 0 refs, 0.0000150 secs]13.401: [WeakReference, 0 refs, 0.0000120 secs]13.401: [FinalReference, 0 refs, 0.0000030 secs]13.401: [PhantomReference, 0 refs, 0.0000110 secs]13.401: [JNI Weak Reference, 0.0000020 secs], 0.0015050 secs]
   [Parallel Time: 1.0 ms, GC Workers: 8]
      [GC Worker Start (ms): Min: 13399.8, Avg: 13400.1, Max: 13400.6, Diff: 0.8]
      [Ext Root Scanning (ms): Min: 0.0, Avg: 0.2, Max: 0.3, Diff: 0.3, Sum: 1.5]
      [Update RS (ms): Min: 0.0, Avg: 0.0, Max: 0.0, Diff: 0.0, Sum: 0.1]
         [Processed Buffers: Min: 0, Avg: 0.8, Max: 5, Diff: 5, Sum: 6]
      [Scan RS (ms): Min: 0.0, Avg: 0.1, Max: 0.1, Diff: 0.1, Sum: 0.6]
      [Object Copy (ms): Min: 0.1, Avg: 0.4, Max: 0.7, Diff: 0.5, Sum: 3.5]
      [Termination (ms): Min: 0.0, Avg: 0.0, Max: 0.0, Diff: 0.0, Sum: 0.0]
      [GC Worker Other (ms): Min: 0.0, Avg: 0.0, Max: 0.0, Diff: 0.0, Sum: 0.2]
      [GC Worker Total (ms): Min: 0.2, Avg: 0.7, Max: 1.0, Diff: 0.8, Sum: 5.9]
      [GC Worker End (ms): Min: 13400.8, Avg: 13400.8, Max: 13400.8, Diff: 0.0]
   [Code Root Fixup: 0.0 ms]
   [Clear CT: 0.1 ms]
   [Other: 0.4 ms]
      [Choose CSet: 0.0 ms]
      [Ref Proc: 0.2 ms]
      [Ref Enq: 0.0 ms]
      [Free CSet: 0.1 ms]
   [Eden: 317.0M(317.0M)->0.0B(317.0M) Survivors: 2048.0K->2048.0K Heap: 330.8M(533.0M)->13.4M(533.0M)]
 [Times: user=0.01 sys=0.00, real=0.00 secs] 
13.443: [GC pause (young)13.444: [SoftReference, 0 refs, 0.0000320 secs]13.444: [WeakReference, 0 refs, 0.0000030 secs]13.444: [FinalReference, 0 refs, 0.0000030 secs]13.444: [PhantomReference, 0 refs, 0.0000020 secs]13.444: [JNI Weak Reference, 0.0000030 secs], 0.0017260 secs]
   [Parallel Time: 1.2 ms, GC Workers: 8]
      [GC Worker Start (ms): Min: 13442.8, Avg: 13443.1, Max: 13443.9, Diff: 1.1]
      [Ext Root Scanning (ms): Min: 0.0, Avg: 0.2, Max: 0.3, Diff: 0.3, Sum: 1.4]
      [Update RS (ms): Min: 0.0, Avg: 0.0, Max: 0.0, Diff: 0.0, Sum: 0.1]
         [Processed Buffers: Min: 0, Avg: 1.2, Max: 6, Diff: 6, Sum: 10]
      [Scan RS (ms): Min: 0.0, Avg: 0.1, Max: 0.2, Diff: 0.2, Sum: 0.6]
      [Object Copy (ms): Min: 0.0, Avg: 0.4, Max: 0.7, Diff: 0.7, Sum: 3.2]
      [Termination (ms): Min: 0.0, Avg: 0.1, Max: 0.1, Diff: 0.1, Sum: 0.6]
      [GC Worker Other (ms): Min: 0.0, Avg: 0.0, Max: 0.0, Diff: 0.0, Sum: 0.2]
      [GC Worker Total (ms): Min: 0.0, Avg: 0.8, Max: 1.1, Diff: 1.1, Sum: 6.0]
      [GC Worker End (ms): Min: 13443.9, Avg: 13443.9, Max: 13443.9, Diff: 0.0]
   [Code Root Fixup: 0.0 ms]
   [Clear CT: 0.2 ms]
   [Other: 0.4 ms]
      [Choose CSet: 0.0 ms]
      [Ref Proc: 0.2 ms]
      [Ref Enq: 0.0 ms]
      [Free CSet: 0.1 ms]
   [Eden: 317.0M(317.0M)->0.0B(316.0M) Survivors: 2048.0K->3072.0K Heap: 330.4M(533.0M)->14.9M(533.0M)]
 [Times: user=0.00 sys=0.00, real=0.00 secs] 
13.485: [GC pause (young)13.486: [SoftReference, 0 refs, 0.0000160 secs]13.486: [WeakReference, 0 refs, 0.0000130 secs]13.486: [FinalReference, 0 refs, 0.0000020 secs]13.486: [PhantomReference, 0 refs, 0.0000020 secs]13.486: [JNI Weak Reference, 0.0000020 secs], 0.0016770 secs]
   [Parallel Time: 1.2 ms, GC Workers: 8]
      [GC Worker Start (ms): Min: 13484.6, Avg: 13485.0, Max: 13485.7, Diff: 1.1]
      [Ext Root Scanning (ms): Min: 0.0, Avg: 0.2, Max: 0.3, Diff: 0.3, Sum: 1.4]
      [Update RS (ms): Min: 0.0, Avg: 0.0, Max: 0.0, Diff: 0.0, Sum: 0.1]
         [Processed Buffers: Min: 0, Avg: 0.9, Max: 5, Diff: 5, Sum: 7]
      [Scan RS (ms): Min: 0.0, Avg: 0.1, Max: 0.2, Diff: 0.2, Sum: 0.6]
      [Object Copy (ms): Min: 0.0, Avg: 0.4, Max: 0.7, Diff: 0.7, Sum: 2.9]
      [Termination (ms): Min: 0.0, Avg: 0.1, Max: 0.1, Diff: 0.1, Sum: 0.6]
      [GC Worker Other (ms): Min: 0.0, Avg: 0.0, Max: 0.0, Diff: 0.0, Sum: 0.1]
      [GC Worker Total (ms): Min: 0.0, Avg: 0.7, Max: 1.1, Diff: 1.1, Sum: 5.6]
      [GC Worker End (ms): Min: 13485.7, Avg: 13485.7, Max: 13485.7, Diff: 0.0]
   [Code Root Fixup: 0.0 ms]
   [Clear CT: 0.1 ms]
   [Other: 0.4 ms]
      [Choose CSet: 0.0 ms]
      [Ref Proc: 0.2 ms]
      [Ref Enq: 0.0 ms]
      [Free CSet: 0.1 ms]
   [Eden: 316.0M(316.0M)->0.0B(316.0M) Survivors: 3072.0K->3072.0K Heap: 330.9M(533.0M)->14.9M(533.0M)]
 [Times: user=0.01 sys=0.00, real=0.00 secs] 
13.526: [GC pause (young)13.527: [SoftReference, 0 refs, 0.0000130 secs]13.527: [WeakReference, 0 refs, 0.0000030 secs]13.527: [FinalReference, 0 refs, 0.0000020 secs]13.527: [PhantomReference, 0 refs, 0.0000020 secs]13.527: [JNI Weak Reference, 0.0000030 secs], 0.0015130 secs]
   [Parallel Time: 1.0 ms, GC Workers: 8]
      [GC Worker Start (ms): Min: 13526.1, Avg: 13526.4, Max: 13527.1, Diff: 1.0]
      [Ext Root Scanning (ms): Min: 0.0, Avg: 0.2, Max: 0.3, Diff: 0.3, Sum: 1.5]
      [Update RS (ms): Min: 0.0, Avg: 0.0, Max: 0.0, Diff: 0.0, Sum: 0.0]
         [Processed Buffers: Min: 0, Avg: 0.9, Max: 4, Diff: 4, Sum: 7]
      [Scan RS (ms): Min: 0.0, Avg: 0.1, Max: 0.1, Diff: 0.1, Sum: 0.5]
      [Object Copy (ms): Min: 0.0, Avg: 0.4, Max: 0.6, Diff: 0.6, Sum: 3.3]
      [Termination (ms): Min: 0.0, Avg: 0.1, Max: 0.1, Diff: 0.1, Sum: 0.5]
      [GC Worker Other (ms): Min: 0.0, Avg: 0.0, Max: 0.0, Diff: 0.0, Sum: 0.1]
      [GC Worker Total (ms): Min: 0.0, Avg: 0.7, Max: 1.0, Diff: 1.0, Sum: 5.9]
      [GC Worker End (ms): Min: 13527.1, Avg: 13527.1, Max: 13527.1, Diff: 0.0]
   [Code Root Fixup: 0.0 ms]
   [Clear CT: 0.1 ms]
   [Other: 0.3 ms]
      [Choose CSet: 0.0 ms]
      [Ref Proc: 0.2 ms]
      [Ref Enq: 0.0 ms]
      [Free CSet: 0.1 ms]
   [Eden: 316.0M(316.0M)->0.0B(318.0M) Survivors: 3072.0K->1024.0K Heap: 330.9M(533.0M)->13.0M(533.0M)]
 [Times: user=0.01 sys=0.00, real=0.00 secs] 
13.570: [GC pause (young)13.571: [SoftReference, 0 refs, 0.0000150 secs]13.571: [WeakReference, 0 refs, 0.0000030 secs]13.571: [FinalReference, 0 refs, 0.0000020 secs]13.571: [PhantomReference, 0 refs, 0.0000120 secs]13.571: [JNI Weak Reference, 0.0000030 secs], 0.0019690 secs]
   [Parallel Time: 1.5 ms, GC Workers: 8]
      [GC Worker Start (ms): Min: 13569.9, Avg: 13570.1, Max: 13571.1, Diff: 1.2]
      [Ext Root Scanning (ms): Min: 0.0, Avg: 0.2, Max: 0.3, Diff: 0.3, Sum: 1.6]
      [Update RS (ms): Min: 0.0, Avg: 0.0, Max: 0.0, Diff: 0.0, Sum: 0.0]
         [Processed Buffers: Min: 0, Avg: 0.9, Max: 3, Diff: 3, Sum: 7]
      [Scan RS (ms): Min: 0.0, Avg: 0.1, Max: 0.1, Diff: 0.1, Sum: 0.6]
      [Object Copy (ms): Min: 0.0, Avg: 0.6, Max: 0.9, Diff: 0.9, Sum: 5.1]
      [Termination (ms): Min: 0.0, Avg: 0.1, Max: 0.1, Diff: 0.1, Sum: 0.6]
      [GC Worker Other (ms): Min: 0.0, Avg: 0.1, Max: 0.1, Diff: 0.1, Sum: 0.5]
      [GC Worker Total (ms): Min: 0.0, Avg: 1.1, Max: 1.3, Diff: 1.3, Sum: 8.5]
      [GC Worker End (ms): Min: 13571.1, Avg: 13571.2, Max: 13571.2, Diff: 0.1]
   [Code Root Fixup: 0.0 ms]
   [Clear CT: 0.1 ms]
   [Other: 0.4 ms]
      [Choose CSet: 0.0 ms]
      [Ref Proc: 0.2 ms]
      [Ref Enq: 0.0 ms]
      [Free CSet: 0.1 ms]
   [Eden: 318.0M(318.0M)->0.0B(317.0M) Survivors: 1024.0K->2048.0K Heap: 331.0M(533.0M)->13.5M(533.0M)]
 [Times: user=0.01 sys=0.00, real=0.00 secs] 
13.614: [GC pause (young)13.615: [SoftReference, 0 refs, 0.0000160 secs]13.615: [WeakReference, 0 refs, 0.0000030 secs]13.615: [FinalReference, 0 refs, 0.0000030 secs]13.615: [PhantomReference, 0 refs, 0.0000020 secs]13.615: [JNI Weak Reference, 0.0000140 secs], 0.0018010 secs]
   [Parallel Time: 1.3 ms, GC Workers: 8]
      [GC Worker Start (ms): Min: 13613.8, Avg: 13614.3, Max: 13615.1, Diff: 1.2]
      [Ext Root Scanning (ms): Min: 0.0, Avg: 0.2, Max: 0.3, Diff: 0.3, Sum: 1.5]
      [Update RS (ms): Min: 0.0, Avg: 0.0, Max: 0.0, Diff: 0.0, Sum: 0.0]
         [Processed Buffers: Min: 0, Avg: 1.0, Max: 5, Diff: 5, Sum: 8]
      [Scan RS (ms): Min: 0.0, Avg: 0.1, Max: 0.2, Diff: 0.2, Sum: 0.6]
      [Object Copy (ms): Min: 0.0, Avg: 0.4, Max: 0.8, Diff: 0.8, Sum: 3.5]
      [Termination (ms): Min: 0.0, Avg: 0.1, Max: 0.1, Diff: 0.1, Sum: 0.6]
      [GC Worker Other (ms): Min: 0.0, Avg: 0.0, Max: 0.0, Diff: 0.0, Sum: 0.1]
      [GC Worker Total (ms): Min: 0.0, Avg: 0.8, Max: 1.3, Diff: 1.2, Sum: 6.3]
      [GC Worker End (ms): Min: 13615.1, Avg: 13615.1, Max: 13615.1, Diff: 0.0]
   [Code Root Fixup: 0.0 ms]
   [Clear CT: 0.2 ms]
   [Other: 0.3 ms]
      [Choose CSet: 0.0 ms]
      [Ref Proc: 0.1 ms]
      [Ref Enq: 0.0 ms]
      [Free CSet: 0.1 ms]
   [Eden: 317.0M(317.0M)->0.0B(315.0M) Survivors: 2048.0K->4096.0K Heap: 330.5M(533.0M)->15.1M(533.0M)]
 [Times: user=0.01 sys=0.00, real=0.00 secs] 
13.656: [GC pause (young)13.657: [SoftReference, 0 refs, 0.0000150 secs]13.657: [WeakReference, 0 refs, 0.0000030 secs]13.657: [FinalReference, 0 refs, 0.0000030 secs]13.657: [PhantomReference, 0 refs, 0.0000020 secs]13.657: [JNI Weak Reference, 0.0000020 secs], 0.0016570 secs]
   [Parallel Time: 1.1 ms, GC Workers: 8]
      [GC Worker Start (ms): Min: 13655.6, Avg: 13655.9, Max: 13656.6, Diff: 1.1]
      [Ext Root Scanning (ms): Min: 0.0, Avg: 0.2, Max: 0.3, Diff: 0.3, Sum: 1.5]
      [Update RS (ms): Min: 0.0, Avg: 0.0, Max: 0.0, Diff: 0.0, Sum: 0.0]
         [Processed Buffers: Min: 0, Avg: 0.6, Max: 4, Diff: 4, Sum: 5]
      [Scan RS (ms): Min: 0.0, Avg: 0.1, Max: 0.2, Diff: 0.2, Sum: 0.7]
      [Object Copy (ms): Min: 0.0, Avg: 0.4, Max: 0.7, Diff: 0.7, Sum: 3.3]
      [Termination (ms): Min: 0.0, Avg: 0.1, Max: 0.1, Diff: 0.1, Sum: 0.6]
      [GC Worker Other (ms): Min: 0.0, Avg: 0.0, Max: 0.0, Diff: 0.0, Sum: 0.0]
      [GC Worker Total (ms): Min: 0.0, Avg: 0.8, Max: 1.1, Diff: 1.1, Sum: 6.1]
      [GC Worker End (ms): Min: 13656.6, Avg: 13656.6, Max: 13656.7, Diff: 0.0]
   [Code Root Fixup: 0.0 ms]
   [Clear CT: 0.1 ms]
   [Other: 0.4 ms]
      [Choose CSet: 0.0 ms]
      [Ref Proc: 0.2 ms]
      [Ref Enq: 0.0 ms]
      [Free CSet: 0.2 ms]
   [Eden: 315.0M(315.0M)->0.0B(317.0M) Survivors: 4096.0K->2048.0K Heap: 330.1M(533.0M)->14.0M(533.0M)]
 [Times: user=0.01 sys=0.01, real=0.00 secs] 
13.698: [GC pause (young)13.700: [SoftReference, 0 refs, 0.0000160 secs]13.700: [WeakReference, 0 refs, 0.0000030 secs]13.700: [FinalReference, 0 refs, 0.0000020 secs]13.700: [PhantomReference, 0 refs, 0.0000020 secs]13.700: [JNI Weak Reference, 0.0000120 secs], 0.0017960 secs]
   [Parallel Time: 1.3 ms, GC Workers: 8]
      [GC Worker Start (ms): Min: 13698.4, Avg: 13698.6, Max: 13699.6, Diff: 1.2]
      [Ext Root Scanning (ms): Min: 0.0, Avg: 0.2, Max: 0.3, Diff: 0.3, Sum: 1.7]
      [Update RS (ms): Min: 0.0, Avg: 0.0, Max: 0.0, Diff: 0.0, Sum: 0.0]
         [Processed Buffers: Min: 0, Avg: 0.9, Max: 3, Diff: 3, Sum: 7]
      [Scan RS (ms): Min: 0.0, Avg: 0.1, Max: 0.1, Diff: 0.1, Sum: 0.6]
      [Object Copy (ms): Min: 0.0, Avg: 0.6, Max: 0.9, Diff: 0.9, Sum: 5.2]
      [Termination (ms): Min: 0.0, Avg: 0.1, Max: 0.1, Diff: 0.1, Sum: 0.6]
      [GC Worker Other (ms): Min: 0.0, Avg: 0.0, Max: 0.0, Diff: 0.0, Sum: 0.1]
      [GC Worker Total (ms): Min: 0.0, Avg: 1.0, Max: 1.2, Diff: 1.2, Sum: 8.2]
      [GC Worker End (ms): Min: 13699.7, Avg: 13699.7, Max: 13699.7, Diff: 0.0]
   [Code Root Fixup: 0.0 ms]
   [Clear CT: 0.2 ms]
   [Other: 0.4 ms]
      [Choose CSet: 0.0 ms]
      [Ref Proc: 0.2 ms]
      [Ref Enq: 0.0 ms]
      [Free CSet: 0.2 ms]
   [Eden: 317.0M(317.0M)->0.0B(316.0M) Survivors: 2048.0K->3072.0K Heap: 331.0M(533.0M)->14.5M(533.0M)]
 [Times: user=0.01 sys=0.00, real=0.00 secs] 
13.740: [GC pause (young)13.742: [SoftReference, 0 refs, 0.0000140 secs]13.742: [WeakReference, 0 refs, 0.0000030 secs]13.742: [FinalReference, 0 refs, 0.0000030 secs]13.742: [PhantomReference, 0 refs, 0.0000020 secs]13.742: [JNI Weak Reference, 0.0000020 secs], 0.0015640 secs]
   [Parallel Time: 1.1 ms, GC Workers: 8]
      [GC Worker Start (ms): Min: 13740.4, Avg: 13740.8, Max: 13741.4, Diff: 1.0]
      [Ext Root Scanning (ms): Min: 0.0, Avg: 0.2, Max: 0.3, Diff: 0.3, Sum: 1.4]
      [Update RS (ms): Min: 0.0, Avg: 0.0, Max: 0.0, Diff: 0.0, Sum: 0.1]
         [Processed Buffers: Min: 0, Avg: 0.8, Max: 4, Diff: 4, Sum: 6]
      [Scan RS (ms): Min: 0.0, Avg: 0.1, Max: 0.1, Diff: 0.1, Sum: 0.5]
      [Object Copy (ms): Min: 0.0, Avg: 0.3, Max: 0.6, Diff: 0.6, Sum: 2.7]
      [Termination (ms): Min: 0.0, Avg: 0.1, Max: 0.1, Diff: 0.1, Sum: 0.5]
      [GC Worker Other (ms): Min: 0.0, Avg: 0.0, Max: 0.0, Diff: 0.0, Sum: 0.1]
      [GC Worker Total (ms): Min: 0.0, Avg: 0.7, Max: 1.0, Diff: 1.0, Sum: 5.3]
      [GC Worker End (ms): Min: 13741.4, Avg: 13741.4, Max: 13741.4, Diff: 0.0]
   [Code Root Fixup: 0.0 ms]
   [Clear CT: 0.1 ms]
   [Other: 0.3 ms]
      [Choose CSet: 0.0 ms]
      [Ref Proc: 0.2 ms]
      [Ref Enq: 0.0 ms]
      [Free CSet: 0.1 ms]
   [Eden: 316.0M(316.0M)->0.0B(316.0M) Survivors: 3072.0K->3072.0K Heap: 330.5M(533.0M)->14.2M(533.0M)]
 [Times: user=0.00 sys=0.00, real=0.00 secs] 
13.782: [GC pause (young)13.784: [SoftReference, 0 refs, 0.0000150 secs]13.784: [WeakReference, 0 refs, 0.0000030 secs]13.784: [FinalReference, 0 refs, 0.0000020 secs]13.784: [PhantomReference, 0 refs, 0.0000020 secs]13.784: [JNI Weak Reference, 0.0000020 secs], 0.0016870 secs]
   [Parallel Time: 1.2 ms, GC Workers: 8]
      [GC Worker Start (ms): Min: 13782.2, Avg: 13782.6, Max: 13783.3, Diff: 1.2]
      [Ext Root Scanning (ms): Min: 0.0, Avg: 0.2, Max: 0.3, Diff: 0.3, Sum: 1.5]
      [Update RS (ms): Min: 0.0, Avg: 0.0, Max: 0.0, Diff: 0.0, Sum: 0.1]
         [Processed Buffers: Min: 0, Avg: 0.9, Max: 3, Diff: 3, Sum: 7]
      [Scan RS (ms): Min: 0.0, Avg: 0.1, Max: 0.1, Diff: 0.1, Sum: 0.5]
      [Object Copy (ms): Min: 0.0, Avg: 0.4, Max: 0.7, Diff: 0.7, Sum: 3.3]
      [Termination (ms): Min: 0.0, Avg: 0.1, Max: 0.1, Diff: 0.1, Sum: 0.6]
      [GC Worker Other (ms): Min: 0.0, Avg: 0.0, Max: 0.0, Diff: 0.0, Sum: 0.1]
      [GC Worker Total (ms): Min: 0.0, Avg: 0.8, Max: 1.2, Diff: 1.2, Sum: 6.1]
      [GC Worker End (ms): Min: 13783.4, Avg: 13783.4, Max: 13783.4, Diff: 0.0]
   [Code Root Fixup: 0.0 ms]
   [Clear CT: 0.1 ms]
   [Other: 0.3 ms]
      [Choose CSet: 0.0 ms]
      [Ref Proc: 0.2 ms]
      [Ref Enq: 0.0 ms]
      [Free CSet: 0.1 ms]
   [Eden: 316.0M(316.0M)->0.0B(316.0M) Survivors: 3072.0K->3072.0K Heap: 330.2M(533.0M)->14.3M(533.0M)]
 [Times: user=0.01 sys=0.00, real=0.01 secs] 
13.826: [GC pause (young)13.827: [SoftReference, 0 refs, 0.0000140 secs]13.827: [WeakReference, 0 refs, 0.0000020 secs]13.827: [FinalReference, 0 refs, 0.0000020 secs]13.827: [PhantomReference, 0 refs, 0.0000020 secs]13.827: [JNI Weak Reference, 0.0000120 secs], 0.0015730 secs]
   [Parallel Time: 1.1 ms, GC Workers: 8]
      [GC Worker Start (ms): Min: 13825.6, Avg: 13825.9, Max: 13826.6, Diff: 1.0]
      [Ext Root Scanning (ms): Min: 0.0, Avg: 0.2, Max: 0.3, Diff: 0.3, Sum: 1.5]
      [Update RS (ms): Min: 0.0, Avg: 0.0, Max: 0.0, Diff: 0.0, Sum: 0.1]
         [Processed Buffers: Min: 0, Avg: 0.9, Max: 3, Diff: 3, Sum: 7]
      [Scan RS (ms): Min: 0.0, Avg: 0.1, Max: 0.1, Diff: 0.1, Sum: 0.5]
      [Object Copy (ms): Min: 0.0, Avg: 0.4, Max: 0.6, Diff: 0.6, Sum: 3.4]
      [Termination (ms): Min: 0.0, Avg: 0.1, Max: 0.1, Diff: 0.1, Sum: 0.5]
      [GC Worker Other (ms): Min: 0.0, Avg: 0.0, Max: 0.0, Diff: 0.0, Sum: 0.1]
      [GC Worker Total (ms): Min: 0.0, Avg: 0.7, Max: 1.1, Diff: 1.0, Sum: 6.0]
      [GC Worker End (ms): Min: 13826.7, Avg: 13826.7, Max: 13826.7, Diff: 0.0]
   [Code Root Fixup: 0.0 ms]
   [Clear CT: 0.1 ms]
   [Other: 0.3 ms]
      [Choose CSet: 0.0 ms]
      [Ref Proc: 0.2 ms]
      [Ref Enq: 0.0 ms]
      [Free CSet: 0.1 ms]
   [Eden: 316.0M(316.0M)->0.0B(317.0M) Survivors: 3072.0K->2048.0K Heap: 330.3M(533.0M)->13.6M(533.0M)]
 [Times: user=0.00 sys=0.00, real=0.00 secs] 
13.867: [GC pause (young)13.869: [SoftReference, 0 refs, 0.0000130 secs]13.869: [WeakReference, 0 refs, 0.0000040 secs]13.869: [FinalReference, 0 refs, 0.0000020 secs]13.869: [PhantomReference, 0 refs, 0.0000030 secs]13.869: [JNI Weak Reference, 0.0000020 secs], 0.0017370 secs]
   [Parallel Time: 1.2 ms, GC Workers: 8]
      [GC Worker Start (ms): Min: 13867.4, Avg: 13867.7, Max: 13868.3, Diff: 0.9]
      [Ext Root Scanning (ms): Min: 0.0, Avg: 0.2, Max: 0.3, Diff: 0.3, Sum: 1.4]
      [Update RS (ms): Min: 0.0, Avg: 0.0, Max: 0.0, Diff: 0.0, Sum: 0.0]
         [Processed Buffers: Min: 0, Avg: 0.9, Max: 3, Diff: 3, Sum: 7]
      [Scan RS (ms): Min: 0.0, Avg: 0.1, Max: 0.1, Diff: 0.1, Sum: 0.6]
      [Object Copy (ms): Min: 0.2, Avg: 0.6, Max: 0.8, Diff: 0.6, Sum: 4.6]
      [Termination (ms): Min: 0.0, Avg: 0.1, Max: 0.1, Diff: 0.1, Sum: 0.5]
      [GC Worker Other (ms): Min: 0.0, Avg: 0.0, Max: 0.0, Diff: 0.0, Sum: 0.1]
      [GC Worker Total (ms): Min: 0.3, Avg: 0.9, Max: 1.2, Diff: 0.9, Sum: 7.3]
      [GC Worker End (ms): Min: 13868.6, Avg: 13868.6, Max: 13868.6, Diff: 0.0]
   [Code Root Fixup: 0.0 ms]
   [Clear CT: 0.2 ms]
   [Other: 0.3 ms]
      [Choose CSet: 0.0 ms]
      [Ref Proc: 0.1 ms]
      [Ref Enq: 0.0 ms]
      [Free CSet: 0.1 ms]
   [Eden: 317.0M(317.0M)->0.0B(316.0M) Survivors: 2048.0K->3072.0K Heap: 330.6M(533.0M)->14.8M(533.0M)]
 [Times: user=0.00 sys=0.00, real=0.00 secs] 
13.912: [GC pause (young)13.914: [SoftReference, 0 refs, 0.0000170 secs]13.914: [WeakReference, 0 refs, 0.0000030 secs]13.914: [FinalReference, 0 refs, 0.0000030 secs]13.914: [PhantomReference, 0 refs, 0.0000020 secs]13.914: [JNI Weak Reference, 0.0000020 secs], 0.0017430 secs]
   [Parallel Time: 1.2 ms, GC Workers: 8]
      [GC Worker Start (ms): Min: 13912.3, Avg: 13912.7, Max: 13913.4, Diff: 1.1]
      [Ext Root Scanning (ms): Min: 0.0, Avg: 0.2, Max: 0.3, Diff: 0.3, Sum: 1.4]
      [Update RS (ms): Min: 0.0, Avg: 0.0, Max: 0.0, Diff: 0.0, Sum: 0.0]
         [Processed Buffers: Min: 0, Avg: 1.1, Max: 8, Diff: 8, Sum: 9]
      [Scan RS (ms): Min: 0.0, Avg: 0.1, Max: 0.1, Diff: 0.1, Sum: 0.5]
      [Object Copy (ms): Min: 0.0, Avg: 0.4, Max: 0.7, Diff: 0.7, Sum: 3.1]
      [Termination (ms): Min: 0.0, Avg: 0.1, Max: 0.1, Diff: 0.1, Sum: 0.6]
      [GC Worker Other (ms): Min: 0.0, Avg: 0.0, Max: 0.0, Diff: 0.0, Sum: 0.1]
      [GC Worker Total (ms): Min: 0.0, Avg: 0.7, Max: 1.1, Diff: 1.1, Sum: 5.8]
      [GC Worker End (ms): Min: 13913.4, Avg: 13913.4, Max: 13913.4, Diff: 0.0]
   [Code Root Fixup: 0.0 ms]
   [Clear CT: 0.1 ms]
   [Other: 0.4 ms]
      [Choose CSet: 0.0 ms]
      [Ref Proc: 0.2 ms]
      [Ref Enq: 0.0 ms]
      [Free CSet: 0.1 ms]
   [Eden: 316.0M(316.0M)->0.0B(317.0M) Survivors: 3072.0K->2048.0K Heap: 330.8M(533.0M)->13.7M(533.0M)]
 [Times: user=0.01 sys=0.00, real=0.00 secs] 
13.956: [GC pause (young)13.957: [SoftReference, 0 refs, 0.0000150 secs]13.957: [WeakReference, 0 refs, 0.0000030 secs]13.957: [FinalReference, 0 refs, 0.0000020 secs]13.957: [PhantomReference, 0 refs, 0.0000030 secs]13.957: [JNI Weak Reference, 0.0000020 secs], 0.0017210 secs]
   [Parallel Time: 1.2 ms, GC Workers: 8]
      [GC Worker Start (ms): Min: 13955.8, Avg: 13956.0, Max: 13956.8, Diff: 1.0]
      [Ext Root Scanning (ms): Min: 0.0, Avg: 0.2, Max: 0.3, Diff: 0.3, Sum: 1.5]
      [Update RS (ms): Min: 0.0, Avg: 0.0, Max: 0.0, Diff: 0.0, Sum: 0.1]
         [Processed Buffers: Min: 0, Avg: 0.9, Max: 3, Diff: 3, Sum: 7]
      [Scan RS (ms): Min: 0.0, Avg: 0.1, Max: 0.2, Diff: 0.2, Sum: 0.7]
      [Object Copy (ms): Min: 0.1, Avg: 0.6, Max: 0.8, Diff: 0.7, Sum: 5.0]
      [Termination (ms): Min: 0.0, Avg: 0.0, Max: 0.0, Diff: 0.0, Sum: 0.0]
      [GC Worker Other (ms): Min: 0.0, Avg: 0.0, Max: 0.1, Diff: 0.0, Sum: 0.2]
      [GC Worker Total (ms): Min: 0.1, Avg: 0.9, Max: 1.2, Diff: 1.0, Sum: 7.5]
      [GC Worker End (ms): Min: 13956.9, Avg: 13956.9, Max: 13957.0, Diff: 0.0]
   [Code Root Fixup: 0.0 ms]
   [Clear CT: 0.1 ms]
   [Other: 0.3 ms]
      [Choose CSet: 0.0 ms]
      [Ref Proc: 0.2 ms]
      [Ref Enq: 0.0 ms]
      [Free CSet: 0.1 ms]
   [Eden: 317.0M(317.0M)->0.0B(316.0M) Survivors: 2048.0K->3072.0K Heap: 330.7M(533.0M)->14.3M(533.0M)]
 [Times: user=0.01 sys=0.00, real=0.00 secs] 
13.998: [GC pause (young)14.000: [SoftReference, 0 refs, 0.0000150 secs]14.000: [WeakReference, 0 refs, 0.0000020 secs]14.000: [FinalReference, 0 refs, 0.0000020 secs]14.000: [PhantomReference, 0 refs, 0.0000020 secs]14.000: [JNI Weak Reference, 0.0000030 secs], 0.0017140 secs]
   [Parallel Time: 1.2 ms, GC Workers: 8]
      [GC Worker Start (ms): Min: 13998.4, Avg: 13998.9, Max: 13999.5, Diff: 1.1]
      [Ext Root Scanning (ms): Min: 0.0, Avg: 0.2, Max: 0.3, Diff: 0.3, Sum: 1.4]
      [Update RS (ms): Min: 0.0, Avg: 0.0, Max: 0.0, Diff: 0.0, Sum: 0.0]
         [Processed Buffers: Min: 0, Avg: 1.1, Max: 5, Diff: 5, Sum: 9]
      [Scan RS (ms): Min: 0.0, Avg: 0.1, Max: 0.1, Diff: 0.1, Sum: 0.5]
      [Object Copy (ms): Min: 0.0, Avg: 0.4, Max: 0.7, Diff: 0.7, Sum: 3.0]
      [Termination (ms): Min: 0.0, Avg: 0.1, Max: 0.1, Diff: 0.1, Sum: 0.6]
      [GC Worker Other (ms): Min: 0.0, Avg: 0.0, Max: 0.0, Diff: 0.0, Sum: 0.1]
      [GC Worker Total (ms): Min: 0.0, Avg: 0.7, Max: 1.1, Diff: 1.1, Sum: 5.6]
      [GC Worker End (ms): Min: 13999.6, Avg: 13999.6, Max: 13999.6, Diff: 0.0]
   [Code Root Fixup: 0.0 ms]
   [Clear CT: 0.2 ms]
   [Other: 0.3 ms]
      [Choose CSet: 0.0 ms]
      [Ref Proc: 0.1 ms]
      [Ref Enq: 0.0 ms]
      [Free CSet: 0.1 ms]
   [Eden: 316.0M(316.0M)->0.0B(317.0M) Survivors: 3072.0K->2048.0K Heap: 330.3M(533.0M)->13.6M(533.0M)]
 [Times: user=0.01 sys=0.00, real=0.00 secs] 
14.042: [GC pause (young)14.043: [SoftReference, 0 refs, 0.0000290 secs]14.043: [WeakReference, 0 refs, 0.0000120 secs]14.043: [FinalReference, 0 refs, 0.0000020 secs]14.043: [PhantomReference, 0 refs, 0.0000020 secs]14.043: [JNI Weak Reference, 0.0000020 secs], 0.0017680 secs]
   [Parallel Time: 1.3 ms, GC Workers: 8]
      [GC Worker Start (ms): Min: 14041.9, Avg: 14042.4, Max: 14043.1, Diff: 1.2]
      [Ext Root Scanning (ms): Min: 0.0, Avg: 0.2, Max: 0.3, Diff: 0.3, Sum: 1.4]
      [Update RS (ms): Min: 0.0, Avg: 0.0, Max: 0.0, Diff: 0.0, Sum: 0.0]
         [Processed Buffers: Min: 0, Avg: 0.9, Max: 7, Diff: 7, Sum: 7]
      [Scan RS (ms): Min: 0.0, Avg: 0.1, Max: 0.1, Diff: 0.1, Sum: 0.5]
      [Object Copy (ms): Min: 0.0, Avg: 0.4, Max: 0.8, Diff: 0.8, Sum: 3.4]
      [Termination (ms): Min: 0.0, Avg: 0.1, Max: 0.1, Diff: 0.1, Sum: 0.6]
      [GC Worker Other (ms): Min: 0.0, Avg: 0.0, Max: 0.0, Diff: 0.0, Sum: 0.1]
      [GC Worker Total (ms): Min: 0.0, Avg: 0.8, Max: 1.2, Diff: 1.2, Sum: 6.0]
      [GC Worker End (ms): Min: 14043.1, Avg: 14043.2, Max: 14043.2, Diff: 0.0]
   [Code Root Fixup: 0.0 ms]
   [Clear CT: 0.1 ms]
   [Other: 0.4 ms]
      [Choose CSet: 0.0 ms]
      [Ref Proc: 0.2 ms]
      [Ref Enq: 0.0 ms]
      [Free CSet: 0.1 ms]
   [Eden: 317.0M(317.0M)->0.0B(316.0M) Survivors: 2048.0K->3072.0K Heap: 330.6M(533.0M)->14.3M(533.0M)]
 [Times: user=0.01 sys=0.00, real=0.01 secs] 
14.084: [GC pause (young)14.086: [SoftReference, 0 refs, 0.0000150 secs]14.086: [WeakReference, 0 refs, 0.0000030 secs]14.086: [FinalReference, 0 refs, 0.0000020 secs]14.086: [PhantomReference, 0 refs, 0.0000020 secs]14.086: [JNI Weak Reference, 0.0000020 secs], 0.0015930 secs]
   [Parallel Time: 1.2 ms, GC Workers: 8]
      [GC Worker Start (ms): Min: 14084.3, Avg: 14084.6, Max: 14085.4, Diff: 1.1]
      [Ext Root Scanning (ms): Min: 0.0, Avg: 0.2, Max: 0.3, Diff: 0.3, Sum: 1.5]
      [Update RS (ms): Min: 0.0, Avg: 0.0, Max: 0.0, Diff: 0.0, Sum: 0.1]
         [Processed Buffers: Min: 0, Avg: 0.8, Max: 3, Diff: 3, Sum: 6]
      [Scan RS (ms): Min: 0.0, Avg: 0.1, Max: 0.1, Diff: 0.1, Sum: 0.6]
      [Object Copy (ms): Min: 0.0, Avg: 0.5, Max: 0.7, Diff: 0.7, Sum: 3.7]
      [Termination (ms): Min: 0.0, Avg: 0.1, Max: 0.1, Diff: 0.1, Sum: 0.5]
      [GC Worker Other (ms): Min: 0.0, Avg: 0.0, Max: 0.0, Diff: 0.0, Sum: 0.1]
      [GC Worker Total (ms): Min: 0.0, Avg: 0.8, Max: 1.1, Diff: 1.1, Sum: 6.5]
      [GC Worker End (ms): Min: 14085.4, Avg: 14085.4, Max: 14085.4, Diff: 0.0]
   [Code Root Fixup: 0.0 ms]
   [Clear CT: 0.1 ms]
   [Other: 0.3 ms]
      [Choose CSet: 0.0 ms]
      [Ref Proc: 0.1 ms]
      [Ref Enq: 0.0 ms]
      [Free CSet: 0.1 ms]
   [Eden: 316.0M(316.0M)->0.0B(317.0M) Survivors: 3072.0K->2048.0K Heap: 330.3M(533.0M)->13.9M(533.0M)]
 [Times: user=0.01 sys=0.00, real=0.00 secs] 
14.127: [GC pause (young)14.128: [SoftReference, 0 refs, 0.0000180 secs]14.128: [WeakReference, 0 refs, 0.0000030 secs]14.128: [FinalReference, 0 refs, 0.0000130 secs]14.128: [PhantomReference, 0 refs, 0.0000020 secs]14.128: [JNI Weak Reference, 0.0000030 secs], 0.0015440 secs]
   [Parallel Time: 1.1 ms, GC Workers: 8]
      [GC Worker Start (ms): Min: 14127.1, Avg: 14127.3, Max: 14127.9, Diff: 0.8]
      [Ext Root Scanning (ms): Min: 0.0, Avg: 0.2, Max: 0.3, Diff: 0.3, Sum: 1.5]
      [Update RS (ms): Min: 0.0, Avg: 0.0, Max: 0.0, Diff: 0.0, Sum: 0.0]
         [Processed Buffers: Min: 0, Avg: 0.9, Max: 5, Diff: 5, Sum: 7]
      [Scan RS (ms): Min: 0.0, Avg: 0.1, Max: 0.1, Diff: 0.1, Sum: 0.5]
      [Object Copy (ms): Min: 0.1, Avg: 0.5, Max: 0.7, Diff: 0.5, Sum: 3.9]
      [Termination (ms): Min: 0.0, Avg: 0.0, Max: 0.0, Diff: 0.0, Sum: 0.0]
      [GC Worker Other (ms): Min: 0.0, Avg: 0.0, Max: 0.0, Diff: 0.0, Sum: 0.2]
      [GC Worker Total (ms): Min: 0.2, Avg: 0.8, Max: 1.0, Diff: 0.9, Sum: 6.1]
      [GC Worker End (ms): Min: 14128.1, Avg: 14128.1, Max: 14128.1, Diff: 0.0]
   [Code Root Fixup: 0.0 ms]
   [Clear CT: 0.1 ms]
   [Other: 0.3 ms]
      [Choose CSet: 0.0 ms]
      [Ref Proc: 0.2 ms]
      [Ref Enq: 0.0 ms]
      [Free CSet: 0.1 ms]
   [Eden: 317.0M(317.0M)->0.0B(317.0M) Survivors: 2048.0K->2048.0K Heap: 330.9M(533.0M)->13.8M(533.0M)]
 [Times: user=0.00 sys=0.00, real=0.00 secs] 
14.169: [GC pause (young)14.171: [SoftReference, 0 refs, 0.0000150 secs]14.171: [WeakReference, 0 refs, 0.0000040 secs]14.171: [FinalReference, 0 refs, 0.0000020 secs]14.171: [PhantomReference, 0 refs, 0.0000020 secs]14.171: [JNI Weak Reference, 0.0000030 secs], 0.0016940 secs]
   [Parallel Time: 1.2 ms, GC Workers: 8]
      [GC Worker Start (ms): Min: 14169.3, Avg: 14169.6, Max: 14170.4, Diff: 1.1]
      [Ext Root Scanning (ms): Min: 0.0, Avg: 0.2, Max: 0.3, Diff: 0.3, Sum: 1.6]
      [Update RS (ms): Min: 0.0, Avg: 0.0, Max: 0.0, Diff: 0.0, Sum: 0.0]
         [Processed Buffers: Min: 0, Avg: 1.0, Max: 7, Diff: 7, Sum: 8]
      [Scan RS (ms): Min: 0.0, Avg: 0.1, Max: 0.1, Diff: 0.1, Sum: 0.5]
      [Object Copy (ms): Min: 0.0, Avg: 0.5, Max: 0.8, Diff: 0.8, Sum: 4.0]
      [Termination (ms): Min: 0.0, Avg: 0.1, Max: 0.1, Diff: 0.1, Sum: 0.6]
      [GC Worker Other (ms): Min: 0.0, Avg: 0.0, Max: 0.0, Diff: 0.0, Sum: 0.1]
      [GC Worker Total (ms): Min: 0.0, Avg: 0.8, Max: 1.2, Diff: 1.1, Sum: 6.7]
      [GC Worker End (ms): Min: 14170.4, Avg: 14170.4, Max: 14170.4, Diff: 0.0]
   [Code Root Fixup: 0.0 ms]
   [Clear CT: 0.1 ms]
   [Other: 0.4 ms]
      [Choose CSet: 0.0 ms]
      [Ref Proc: 0.2 ms]
      [Ref Enq: 0.0 ms]
      [Free CSet: 0.1 ms]
   [Eden: 317.0M(317.0M)->0.0B(317.0M) Survivors: 2048.0K->2048.0K Heap: 330.8M(533.0M)->13.7M(533.0M)]
 [Times: user=0.01 sys=0.00, real=0.00 secs] 
14.212: [GC pause (young)14.213: [SoftReference, 0 refs, 0.0000150 secs]14.213: [WeakReference, 0 refs, 0.0000030 secs]14.213: [FinalReference, 0 refs, 0.0000030 secs]14.213: [PhantomReference, 0 refs, 0.0000030 secs]14.213: [JNI Weak Reference, 0.0000020 secs], 0.0016440 secs]
   [Parallel Time: 1.2 ms, GC Workers: 8]
      [GC Worker Start (ms): Min: 14211.7, Avg: 14212.1, Max: 14212.8, Diff: 1.1]
      [Ext Root Scanning (ms): Min: 0.0, Avg: 0.2, Max: 0.3, Diff: 0.3, Sum: 1.4]
      [Update RS (ms): Min: 0.0, Avg: 0.0, Max: 0.0, Diff: 0.0, Sum: 0.0]
         [Processed Buffers: Min: 0, Avg: 1.0, Max: 4, Diff: 4, Sum: 8]
      [Scan RS (ms): Min: 0.0, Avg: 0.1, Max: 0.1, Diff: 0.1, Sum: 0.5]
      [Object Copy (ms): Min: 0.0, Avg: 0.4, Max: 0.7, Diff: 0.7, Sum: 3.1]
      [Termination (ms): Min: 0.0, Avg: 0.1, Max: 0.1, Diff: 0.1, Sum: 0.6]
      [GC Worker Other (ms): Min: 0.0, Avg: 0.0, Max: 0.0, Diff: 0.0, Sum: 0.0]
      [GC Worker Total (ms): Min: 0.0, Avg: 0.7, Max: 1.1, Diff: 1.1, Sum: 5.6]
      [GC Worker End (ms): Min: 14212.8, Avg: 14212.8, Max: 14212.8, Diff: 0.0]
   [Code Root Fixup: 0.0 ms]
   [Clear CT: 0.1 ms]
   [Other: 0.3 ms]
      [Choose CSet: 0.0 ms]
      [Ref Proc: 0.2 ms]
      [Ref Enq: 0.0 ms]
      [Free CSet: 0.1 ms]
   [Eden: 317.0M(317.0M)->0.0B(317.0M) Survivors: 2048.0K->2048.0K Heap: 330.7M(533.0M)->14.0M(533.0M)]
 [Times: user=0.00 sys=0.00, real=0.01 secs] 
14.256: [GC pause (young)14.257: [SoftReference, 0 refs, 0.0000180 secs]14.257: [WeakReference, 0 refs, 0.0000020 secs]14.257: [FinalReference, 0 refs, 0.0000020 secs]14.257: [PhantomReference, 0 refs, 0.0000110 secs]14.257: [JNI Weak Reference, 0.0000020 secs], 0.0018790 secs]
   [Parallel Time: 1.4 ms, GC Workers: 8]
      [GC Worker Start (ms): Min: 14255.9, Avg: 14256.2, Max: 14257.2, Diff: 1.2]
      [Ext Root Scanning (ms): Min: 0.0, Avg: 0.2, Max: 0.3, Diff: 0.3, Sum: 1.5]
      [Update RS (ms): Min: 0.0, Avg: 0.0, Max: 0.0, Diff: 0.0, Sum: 0.0]
         [Processed Buffers: Min: 0, Avg: 0.8, Max: 4, Diff: 4, Sum: 6]
      [Scan RS (ms): Min: 0.0, Avg: 0.1, Max: 0.1, Diff: 0.1, Sum: 0.6]
      [Object Copy (ms): Min: 0.0, Avg: 0.6, Max: 0.8, Diff: 0.8, Sum: 4.8]
      [Termination (ms): Min: 0.0, Avg: 0.1, Max: 0.1, Diff: 0.1, Sum: 0.6]
      [GC Worker Other (ms): Min: 0.0, Avg: 0.0, Max: 0.0, Diff: 0.0, Sum: 0.1]
      [GC Worker Total (ms): Min: 0.0, Avg: 1.0, Max: 1.3, Diff: 1.2, Sum: 7.7]
      [GC Worker End (ms): Min: 14257.2, Avg: 14257.2, Max: 14257.2, Diff: 0.0]
   [Code Root Fixup: 0.0 ms]
   [Clear CT: 0.1 ms]
   [Other: 0.4 ms]
      [Choose CSet: 0.0 ms]
      [Ref Proc: 0.2 ms]
      [Ref Enq: 0.0 ms]
      [Free CSet: 0.1 ms]
   [Eden: 317.0M(317.0M)->0.0B(317.0M) Survivors: 2048.0K->2048.0K Heap: 331.0M(533.0M)->14.1M(533.0M)]
 [Times: user=0.01 sys=0.00, real=0.00 secs] 
14.300: [GC pause (young)14.302: [SoftReference, 0 refs, 0.0000150 secs]14.302: [WeakReference, 0 refs, 0.0000030 secs]14.302: [FinalReference, 0 refs, 0.0000020 secs]14.302: [PhantomReference, 0 refs, 0.0000020 secs]14.302: [JNI Weak Reference, 0.0000030 secs], 0.0017870 secs]
   [Parallel Time: 1.3 ms, GC Workers: 8]
      [GC Worker Start (ms): Min: 14300.5, Avg: 14301.0, Max: 14301.7, Diff: 1.2]
      [Ext Root Scanning (ms): Min: 0.0, Avg: 0.2, Max: 0.3, Diff: 0.3, Sum: 1.4]
      [Update RS (ms): Min: 0.0, Avg: 0.0, Max: 0.0, Diff: 0.0, Sum: 0.0]
         [Processed Buffers: Min: 0, Avg: 0.9, Max: 6, Diff: 6, Sum: 7]
      [Scan RS (ms): Min: 0.0, Avg: 0.1, Max: 0.1, Diff: 0.1, Sum: 0.6]
      [Object Copy (ms): Min: 0.0, Avg: 0.5, Max: 0.8, Diff: 0.8, Sum: 3.6]
      [Termination (ms): Min: 0.0, Avg: 0.1, Max: 0.1, Diff: 0.1, Sum: 0.6]
      [GC Worker Other (ms): Min: 0.0, Avg: 0.0, Max: 0.0, Diff: 0.0, Sum: 0.1]
      [GC Worker Total (ms): Min: 0.0, Avg: 0.8, Max: 1.2, Diff: 1.2, Sum: 6.3]
      [GC Worker End (ms): Min: 14301.8, Avg: 14301.8, Max: 14301.8, Diff: 0.0]
   [Code Root Fixup: 0.0 ms]
   [Clear CT: 0.1 ms]
   [Other: 0.3 ms]
      [Choose CSet: 0.0 ms]
      [Ref Proc: 0.1 ms]
      [Ref Enq: 0.0 ms]
      [Free CSet: 0.1 ms]
   [Eden: 317.0M(317.0M)->0.0B(316.0M) Survivors: 2048.0K->3072.0K Heap: 331.1M(533.0M)->14.4M(533.0M)]
 [Times: user=0.01 sys=0.00, real=0.01 secs] 
14.344: [GC pause (young)14.345: [SoftReference, 0 refs, 0.0000230 secs]14.345: [WeakReference, 0 refs, 0.0000030 secs]14.345: [FinalReference, 0 refs, 0.0000110 secs]14.345: [PhantomReference, 0 refs, 0.0000020 secs]14.345: [JNI Weak Reference, 0.0000020 secs], 0.0014360 secs]
   [Parallel Time: 1.0 ms, GC Workers: 8]
      [GC Worker Start (ms): Min: 14344.0, Avg: 14344.2, Max: 14344.9, Diff: 0.9]
      [Ext Root Scanning (ms): Min: 0.0, Avg: 0.2, Max: 0.3, Diff: 0.3, Sum: 1.6]
      [Update RS (ms): Min: 0.0, Avg: 0.0, Max: 0.0, Diff: 0.0, Sum: 0.1]
         [Processed Buffers: Min: 0, Avg: 0.6, Max: 3, Diff: 3, Sum: 5]
      [Scan RS (ms): Min: 0.0, Avg: 0.1, Max: 0.2, Diff: 0.2, Sum: 0.8]
      [Object Copy (ms): Min: 0.0, Avg: 0.3, Max: 0.5, Diff: 0.5, Sum: 2.7]
      [Termination (ms): Min: 0.0, Avg: 0.1, Max: 0.1, Diff: 0.1, Sum: 0.8]
      [GC Worker Other (ms): Min: 0.0, Avg: 0.0, Max: 0.0, Diff: 0.0, Sum: 0.1]
      [GC Worker Total (ms): Min: 0.0, Avg: 0.8, Max: 0.9, Diff: 0.9, Sum: 6.0]
      [GC Worker End (ms): Min: 14344.9, Avg: 14345.0, Max: 14345.0, Diff: 0.0]
   [Code Root Fixup: 0.0 ms]
   [Clear CT: 0.1 ms]
   [Other: 0.4 ms]
      [Choose CSet: 0.0 ms]
      [Ref Proc: 0.2 ms]
      [Ref Enq: 0.0 ms]
      [Free CSet: 0.1 ms]
   [Eden: 316.0M(316.0M)->0.0B(317.0M) Survivors: 3072.0K->2048.0K Heap: 330.4M(533.0M)->14.3M(533.0M)]
 [Times: user=0.00 sys=0.00, real=0.00 secs] 
14.387: [GC pause (young)14.388: [SoftReference, 0 refs, 0.0000300 secs]14.388: [WeakReference, 0 refs, 0.0000030 secs]14.388: [FinalReference, 0 refs, 0.0000110 secs]14.388: [PhantomReference, 0 refs, 0.0000020 secs]14.388: [JNI Weak Reference, 0.0000030 secs], 0.0016750 secs]
   [Parallel Time: 1.2 ms, GC Workers: 8]
      [GC Worker Start (ms): Min: 14387.0, Avg: 14387.5, Max: 14388.1, Diff: 1.1]
      [Ext Root Scanning (ms): Min: 0.0, Avg: 0.2, Max: 0.3, Diff: 0.3, Sum: 1.4]
      [Update RS (ms): Min: 0.0, Avg: 0.0, Max: 0.0, Diff: 0.0, Sum: 0.0]
         [Processed Buffers: Min: 0, Avg: 1.1, Max: 9, Diff: 9, Sum: 9]
      [Scan RS (ms): Min: 0.0, Avg: 0.1, Max: 0.1, Diff: 0.1, Sum: 0.5]
      [Object Copy (ms): Min: 0.0, Avg: 0.4, Max: 0.6, Diff: 0.6, Sum: 2.9]
      [Termination (ms): Min: 0.0, Avg: 0.1, Max: 0.1, Diff: 0.1, Sum: 0.6]
      [GC Worker Other (ms): Min: 0.0, Avg: 0.0, Max: 0.0, Diff: 0.0, Sum: 0.0]
      [GC Worker Total (ms): Min: 0.0, Avg: 0.7, Max: 1.1, Diff: 1.1, Sum: 5.4]
      [GC Worker End (ms): Min: 14388.1, Avg: 14388.1, Max: 14388.2, Diff: 0.0]
   [Code Root Fixup: 0.0 ms]
   [Clear CT: 0.1 ms]
   [Other: 0.4 ms]
      [Choose CSet: 0.0 ms]
      [Ref Proc: 0.2 ms]
      [Ref Enq: 0.0 ms]
      [Free CSet: 0.1 ms]
   [Eden: 317.0M(317.0M)->0.0B(317.0M) Survivors: 2048.0K->2048.0K Heap: 331.3M(533.0M)->13.8M(533.0M)]
 [Times: user=0.01 sys=0.00, real=0.00 secs] 
14.430: [GC pause (young)14.431: [SoftReference, 0 refs, 0.0000140 secs]14.431: [WeakReference, 0 refs, 0.0000020 secs]14.431: [FinalReference, 0 refs, 0.0000020 secs]14.431: [PhantomReference, 0 refs, 0.0000120 secs]14.431: [JNI Weak Reference, 0.0000030 secs], 0.0015950 secs]
   [Parallel Time: 1.2 ms, GC Workers: 8]
      [GC Worker Start (ms): Min: 14429.7, Avg: 14429.9, Max: 14430.6, Diff: 0.9]
      [Ext Root Scanning (ms): Min: 0.0, Avg: 0.2, Max: 0.3, Diff: 0.3, Sum: 1.5]
      [Update RS (ms): Min: 0.0, Avg: 0.0, Max: 0.0, Diff: 0.0, Sum: 0.1]
         [Processed Buffers: Min: 0, Avg: 0.9, Max: 3, Diff: 3, Sum: 7]
      [Scan RS (ms): Min: 0.0, Avg: 0.1, Max: 0.2, Diff: 0.2, Sum: 0.7]
      [Object Copy (ms): Min: 0.1, Avg: 0.5, Max: 0.7, Diff: 0.6, Sum: 3.8]
      [Termination (ms): Min: 0.0, Avg: 0.1, Max: 0.1, Diff: 0.1, Sum: 0.5]
      [GC Worker Other (ms): Min: 0.0, Avg: 0.0, Max: 0.0, Diff: 0.0, Sum: 0.1]
      [GC Worker Total (ms): Min: 0.2, Avg: 0.8, Max: 1.1, Diff: 0.9, Sum: 6.7]
      [GC Worker End (ms): Min: 14430.8, Avg: 14430.8, Max: 14430.8, Diff: 0.0]
   [Code Root Fixup: 0.0 ms]
   [Clear CT: 0.1 ms]
   [Other: 0.3 ms]
      [Choose CSet: 0.0 ms]
      [Ref Proc: 0.2 ms]
      [Ref Enq: 0.0 ms]
      [Free CSet: 0.1 ms]
   [Eden: 317.0M(317.0M)->0.0B(316.0M) Survivors: 2048.0K->3072.0K Heap: 330.8M(533.0M)->14.8M(533.0M)]
 [Times: user=0.01 sys=0.00, real=0.00 secs] 
14.472: [GC pause (young)14.473: [SoftReference, 0 refs, 0.0000150 secs]14.473: [WeakReference, 0 refs, 0.0000030 secs]14.473: [FinalReference, 0 refs, 0.0000190 secs]14.473: [PhantomReference, 0 refs, 0.0000020 secs]14.473: [JNI Weak Reference, 0.0000110 secs], 0.0018430 secs]
   [Parallel Time: 1.3 ms, GC Workers: 8]
      [GC Worker Start (ms): Min: 14471.7, Avg: 14472.2, Max: 14472.9, Diff: 1.2]
      [Ext Root Scanning (ms): Min: 0.0, Avg: 0.2, Max: 0.3, Diff: 0.3, Sum: 1.4]
      [Update RS (ms): Min: 0.0, Avg: 0.0, Max: 0.0, Diff: 0.0, Sum: 0.0]
         [Processed Buffers: Min: 0, Avg: 1.0, Max: 5, Diff: 5, Sum: 8]
      [Scan RS (ms): Min: 0.0, Avg: 0.1, Max: 0.1, Diff: 0.1, Sum: 0.5]
      [Object Copy (ms): Min: 0.0, Avg: 0.4, Max: 0.8, Diff: 0.8, Sum: 3.5]
      [Termination (ms): Min: 0.0, Avg: 0.1, Max: 0.1, Diff: 0.1, Sum: 0.6]
      [GC Worker Other (ms): Min: 0.0, Avg: 0.0, Max: 0.0, Diff: 0.0, Sum: 0.1]
      [GC Worker Total (ms): Min: 0.0, Avg: 0.8, Max: 1.2, Diff: 1.2, Sum: 6.1]
      [GC Worker End (ms): Min: 14472.9, Avg: 14473.0, Max: 14473.0, Diff: 0.0]
   [Code Root Fixup: 0.0 ms]
   [Clear CT: 0.2 ms]
   [Other: 0.4 ms]
      [Choose CSet: 0.0 ms]
      [Ref Proc: 0.3 ms]
      [Ref Enq: 0.0 ms]
      [Free CSet: 0.1 ms]
   [Eden: 316.0M(316.0M)->0.0B(317.0M) Survivors: 3072.0K->2048.0K Heap: 330.8M(533.0M)->14.1M(533.0M)]
 [Times: user=0.01 sys=0.00, real=0.01 secs] 
14.515: [GC pause (young)14.516: [SoftReference, 0 refs, 0.0000150 secs]14.516: [WeakReference, 0 refs, 0.0000030 secs]14.516: [FinalReference, 0 refs, 0.0000030 secs]14.516: [PhantomReference, 0 refs, 0.0000030 secs]14.516: [JNI Weak Reference, 0.0000020 secs], 0.0017570 secs]
   [Parallel Time: 1.2 ms, GC Workers: 8]
      [GC Worker Start (ms): Min: 14514.9, Avg: 14515.4, Max: 14516.1, Diff: 1.2]
      [Ext Root Scanning (ms): Min: 0.0, Avg: 0.2, Max: 0.3, Diff: 0.3, Sum: 1.3]
      [Update RS (ms): Min: 0.0, Avg: 0.0, Max: 0.0, Diff: 0.0, Sum: 0.0]
         [Processed Buffers: Min: 0, Avg: 0.9, Max: 5, Diff: 5, Sum: 7]
      [Scan RS (ms): Min: 0.0, Avg: 0.1, Max: 0.1, Diff: 0.1, Sum: 0.5]
      [Object Copy (ms): Min: 0.0, Avg: 0.4, Max: 0.8, Diff: 0.8, Sum: 3.3]
      [Termination (ms): Min: 0.0, Avg: 0.1, Max: 0.1, Diff: 0.1, Sum: 0.6]
      [GC Worker Other (ms): Min: 0.0, Avg: 0.0, Max: 0.0, Diff: 0.0, Sum: 0.1]
      [GC Worker Total (ms): Min: 0.0, Avg: 0.7, Max: 1.2, Diff: 1.2, Sum: 5.9]
      [GC Worker End (ms): Min: 14516.1, Avg: 14516.1, Max: 14516.1, Diff: 0.0]
   [Code Root Fixup: 0.0 ms]
   [Clear CT: 0.2 ms]
   [Other: 0.3 ms]
      [Choose CSet: 0.0 ms]
      [Ref Proc: 0.2 ms]
      [Ref Enq: 0.0 ms]
      [Free CSet: 0.1 ms]
   [Eden: 317.0M(317.0M)->0.0B(317.0M) Survivors: 2048.0K->2048.0K Heap: 331.1M(533.0M)->14.1M(533.0M)]
 [Times: user=0.01 sys=0.01, real=0.00 secs] 
14.558: [GC pause (young)14.559: [SoftReference, 0 refs, 0.0000120 secs]14.559: [WeakReference, 0 refs, 0.0000030 secs]14.559: [FinalReference, 0 refs, 0.0000120 secs]14.559: [PhantomReference, 0 refs, 0.0000020 secs]14.559: [JNI Weak Reference, 0.0000020 secs], 0.0014970 secs]
   [Parallel Time: 1.0 ms, GC Workers: 8]
      [GC Worker Start (ms): Min: 14557.9, Avg: 14558.1, Max: 14558.7, Diff: 0.8]
      [Ext Root Scanning (ms): Min: 0.0, Avg: 0.2, Max: 0.3, Diff: 0.3, Sum: 1.6]
      [Update RS (ms): Min: 0.0, Avg: 0.0, Max: 0.0, Diff: 0.0, Sum: 0.1]
         [Processed Buffers: Min: 0, Avg: 0.8, Max: 3, Diff: 3, Sum: 6]
      [Scan RS (ms): Min: 0.0, Avg: 0.1, Max: 0.1, Diff: 0.1, Sum: 0.6]
      [Object Copy (ms): Min: 0.1, Avg: 0.5, Max: 0.6, Diff: 0.5, Sum: 3.8]
      [Termination (ms): Min: 0.0, Avg: 0.0, Max: 0.0, Diff: 0.0, Sum: 0.0]
      [GC Worker Other (ms): Min: 0.0, Avg: 0.0, Max: 0.1, Diff: 0.0, Sum: 0.4]
      [GC Worker Total (ms): Min: 0.2, Avg: 0.8, Max: 1.0, Diff: 0.8, Sum: 6.4]
      [GC Worker End (ms): Min: 14558.8, Avg: 14558.9, Max: 14558.9, Diff: 0.0]
   [Code Root Fixup: 0.0 ms]
   [Clear CT: 0.1 ms]
   [Other: 0.4 ms]
      [Choose CSet: 0.0 ms]
      [Ref Proc: 0.2 ms]
      [Ref Enq: 0.0 ms]
      [Free CSet: 0.1 ms]
   [Eden: 317.0M(317.0M)->0.0B(318.0M) Survivors: 2048.0K->1024.0K Heap: 331.1M(533.0M)->13.4M(533.0M)]
 [Times: user=0.00 sys=0.00, real=0.00 secs] 
14.601: [GC pause (young)14.603: [SoftReference, 0 refs, 0.0000150 secs]14.603: [WeakReference, 0 refs, 0.0000030 secs]14.603: [FinalReference, 0 refs, 0.0000030 secs]14.603: [PhantomReference, 0 refs, 0.0000020 secs]14.603: [JNI Weak Reference, 0.0000020 secs], 0.0016780 secs]
   [Parallel Time: 1.2 ms, GC Workers: 8]
      [GC Worker Start (ms): Min: 14601.4, Avg: 14601.6, Max: 14602.5, Diff: 1.1]
      [Ext Root Scanning (ms): Min: 0.0, Avg: 0.2, Max: 0.3, Diff: 0.3, Sum: 1.4]
      [Update RS (ms): Min: 0.0, Avg: 0.0, Max: 0.0, Diff: 0.0, Sum: 0.1]
         [Processed Buffers: Min: 0, Avg: 1.0, Max: 6, Diff: 6, Sum: 8]
      [Scan RS (ms): Min: 0.0, Avg: 0.2, Max: 0.7, Diff: 0.7, Sum: 1.3]
      [Object Copy (ms): Min: 0.0, Avg: 0.5, Max: 0.6, Diff: 0.6, Sum: 3.6]
      [Termination (ms): Min: 0.0, Avg: 0.1, Max: 0.1, Diff: 0.1, Sum: 0.7]
      [GC Worker Other (ms): Min: 0.0, Avg: 0.0, Max: 0.0, Diff: 0.0, Sum: 0.1]
      [GC Worker Total (ms): Min: 0.0, Avg: 0.9, Max: 1.2, Diff: 1.1, Sum: 7.1]
      [GC Worker End (ms): Min: 14602.5, Avg: 14602.5, Max: 14602.5, Diff: 0.0]
   [Code Root Fixup: 0.0 ms]
   [Clear CT: 0.1 ms]
   [Other: 0.4 ms]
      [Choose CSet: 0.0 ms]
      [Ref Proc: 0.2 ms]
      [Ref Enq: 0.0 ms]
      [Free CSet: 0.1 ms]
   [Eden: 318.0M(318.0M)->0.0B(318.0M) Survivors: 1024.0K->1024.0K Heap: 331.4M(533.0M)->13.4M(533.0M)]
 [Times: user=0.00 sys=0.00, real=0.01 secs] 
14.645: [GC pause (young)14.647: [SoftReference, 0 refs, 0.0000250 secs]14.647: [WeakReference, 0 refs, 0.0000030 secs]14.647: [FinalReference, 0 refs, 0.0000020 secs]14.647: [PhantomReference, 0 refs, 0.0000020 secs]14.647: [JNI Weak Reference, 0.0000020 secs], 0.0018890 secs]
   [Parallel Time: 1.3 ms, GC Workers: 8]
      [GC Worker Start (ms): Min: 14645.5, Avg: 14645.8, Max: 14646.7, Diff: 1.2]
      [Ext Root Scanning (ms): Min: 0.0, Avg: 0.2, Max: 0.3, Diff: 0.3, Sum: 1.4]
      [Update RS (ms): Min: 0.0, Avg: 0.0, Max: 0.0, Diff: 0.0, Sum: 0.0]
         [Processed Buffers: Min: 0, Avg: 0.8, Max: 6, Diff: 6, Sum: 6]
      [Scan RS (ms): Min: 0.0, Avg: 0.1, Max: 0.1, Diff: 0.1, Sum: 0.6]
      [Object Copy (ms): Min: 0.0, Avg: 0.5, Max: 0.8, Diff: 0.8, Sum: 4.3]
      [Termination (ms): Min: 0.0, Avg: 0.1, Max: 0.1, Diff: 0.1, Sum: 0.6]
      [GC Worker Other (ms): Min: 0.0, Avg: 0.0, Max: 0.0, Diff: 0.0, Sum: 0.1]
      [GC Worker Total (ms): Min: 0.0, Avg: 0.9, Max: 1.2, Diff: 1.2, Sum: 7.0]
      [GC Worker End (ms): Min: 14646.7, Avg: 14646.7, Max: 14646.7, Diff: 0.0]
   [Code Root Fixup: 0.0 ms]
   [Clear CT: 0.2 ms]
   [Other: 0.4 ms]
      [Choose CSet: 0.0 ms]
      [Ref Proc: 0.2 ms]
      [Ref Enq: 0.0 ms]
      [Free CSet: 0.1 ms]
   [Eden: 318.0M(318.0M)->0.0B(317.0M) Survivors: 1024.0K->2048.0K Heap: 331.4M(533.0M)->13.9M(533.0M)]
 [Times: user=0.00 sys=0.01, real=0.00 secs] 
14.688: [GC pause (young)14.690: [SoftReference, 0 refs, 0.0000140 secs]14.690: [WeakReference, 0 refs, 0.0000030 secs]14.690: [FinalReference, 0 refs, 0.0000030 secs]14.690: [PhantomReference, 0 refs, 0.0000020 secs]14.690: [JNI Weak Reference, 0.0000030 secs], 0.0017230 secs]
   [Parallel Time: 1.2 ms, GC Workers: 8]
      [GC Worker Start (ms): Min: 14688.2, Avg: 14688.5, Max: 14689.4, Diff: 1.2]
      [Ext Root Scanning (ms): Min: 0.0, Avg: 0.2, Max: 0.3, Diff: 0.3, Sum: 1.5]
      [Update RS (ms): Min: 0.0, Avg: 0.0, Max: 0.0, Diff: 0.0, Sum: 0.1]
         [Processed Buffers: Min: 0, Avg: 1.1, Max: 6, Diff: 6, Sum: 9]
      [Scan RS (ms): Min: 0.0, Avg: 0.1, Max: 0.1, Diff: 0.1, Sum: 0.5]
      [Object Copy (ms): Min: 0.0, Avg: 0.5, Max: 0.8, Diff: 0.8, Sum: 4.2]
      [Termination (ms): Min: 0.0, Avg: 0.1, Max: 0.1, Diff: 0.1, Sum: 0.6]
      [GC Worker Other (ms): Min: 0.0, Avg: 0.0, Max: 0.0, Diff: 0.0, Sum: 0.1]
      [GC Worker Total (ms): Min: 0.0, Avg: 0.9, Max: 1.2, Diff: 1.2, Sum: 7.0]
      [GC Worker End (ms): Min: 14689.4, Avg: 14689.4, Max: 14689.4, Diff: 0.0]
   [Code Root Fixup: 0.0 ms]
   [Clear CT: 0.1 ms]
   [Other: 0.3 ms]
      [Choose CSet: 0.0 ms]
      [Ref Proc: 0.2 ms]
      [Ref Enq: 0.0 ms]
      [Free CSet: 0.1 ms]
   [Eden: 317.0M(317.0M)->0.0B(316.0M) Survivors: 2048.0K->3072.0K Heap: 330.9M(533.0M)->14.6M(533.0M)]
 [Times: user=0.01 sys=0.00, real=0.00 secs] 
14.731: [GC pause (young)14.733: [SoftReference, 0 refs, 0.0000330 secs]14.733: [WeakReference, 0 refs, 0.0000030 secs]14.733: [FinalReference, 0 refs, 0.0000020 secs]14.733: [PhantomReference, 0 refs, 0.0000020 secs]14.733: [JNI Weak Reference, 0.0000020 secs], 0.0016740 secs]
   [Parallel Time: 1.2 ms, GC Workers: 8]
      [GC Worker Start (ms): Min: 14731.2, Avg: 14731.7, Max: 14732.3, Diff: 1.1]
      [Ext Root Scanning (ms): Min: 0.0, Avg: 0.2, Max: 0.3, Diff: 0.3, Sum: 1.4]
      [Update RS (ms): Min: 0.0, Avg: 0.0, Max: 0.0, Diff: 0.0, Sum: 0.0]
         [Processed Buffers: Min: 0, Avg: 0.6, Max: 2, Diff: 2, Sum: 5]
      [Scan RS (ms): Min: 0.0, Avg: 0.1, Max: 0.1, Diff: 0.1, Sum: 0.5]
      [Object Copy (ms): Min: 0.0, Avg: 0.4, Max: 0.7, Diff: 0.7, Sum: 3.1]
      [Termination (ms): Min: 0.0, Avg: 0.1, Max: 0.1, Diff: 0.1, Sum: 0.5]
      [GC Worker Other (ms): Min: 0.0, Avg: 0.0, Max: 0.0, Diff: 0.0, Sum: 0.1]
      [GC Worker Total (ms): Min: 0.0, Avg: 0.7, Max: 1.1, Diff: 1.1, Sum: 5.6]
      [GC Worker End (ms): Min: 14732.4, Avg: 14732.4, Max: 14732.4, Diff: 0.0]
   [Code Root Fixup: 0.0 ms]
   [Clear CT: 0.1 ms]
   [Other: 0.3 ms]
      [Choose CSet: 0.0 ms]
      [Ref Proc: 0.2 ms]
      [Ref Enq: 0.0 ms]
      [Free CSet: 0.1 ms]
   [Eden: 316.0M(316.0M)->0.0B(317.0M) Survivors: 3072.0K->2048.0K Heap: 330.6M(533.0M)->14.0M(533.0M)]
 [Times: user=0.01 sys=0.00, real=0.01 secs] 
14.773: [GC pause (young)14.774: [SoftReference, 0 refs, 0.0000140 secs]14.774: [WeakReference, 0 refs, 0.0000030 secs]14.774: [FinalReference, 0 refs, 0.0000030 secs]14.774: [PhantomReference, 0 refs, 0.0000110 secs]14.774: [JNI Weak Reference, 0.0000020 secs], 0.0016920 secs]
   [Parallel Time: 1.2 ms, GC Workers: 8]
      [GC Worker Start (ms): Min: 14773.0, Avg: 14773.4, Max: 14774.1, Diff: 1.1]
      [Ext Root Scanning (ms): Min: 0.0, Avg: 0.2, Max: 0.3, Diff: 0.3, Sum: 1.4]
      [Update RS (ms): Min: 0.0, Avg: 0.0, Max: 0.0, Diff: 0.0, Sum: 0.0]
         [Processed Buffers: Min: 0, Avg: 0.8, Max: 6, Diff: 6, Sum: 6]
      [Scan RS (ms): Min: 0.0, Avg: 0.1, Max: 0.1, Diff: 0.1, Sum: 0.5]
      [Object Copy (ms): Min: 0.0, Avg: 0.4, Max: 0.7, Diff: 0.7, Sum: 3.2]
      [Termination (ms): Min: 0.0, Avg: 0.1, Max: 0.1, Diff: 0.1, Sum: 0.6]
      [GC Worker Other (ms): Min: 0.0, Avg: 0.0, Max: 0.0, Diff: 0.0, Sum: 0.1]
      [GC Worker Total (ms): Min: 0.0, Avg: 0.7, Max: 1.1, Diff: 1.1, Sum: 5.7]
      [GC Worker End (ms): Min: 14774.1, Avg: 14774.2, Max: 14774.2, Diff: 0.0]
   [Code Root Fixup: 0.0 ms]
   [Clear CT: 0.1 ms]
   [Other: 0.4 ms]
      [Choose CSet: 0.0 ms]
      [Ref Proc: 0.2 ms]
      [Ref Enq: 0.0 ms]
      [Free CSet: 0.1 ms]
   [Eden: 317.0M(317.0M)->0.0B(317.0M) Survivors: 2048.0K->2048.0K Heap: 331.0M(533.0M)->14.3M(533.0M)]
 [Times: user=0.00 sys=0.01, real=0.00 secs] 
14.817: [GC pause (young)14.818: [SoftReference, 0 refs, 0.0000150 secs]14.818: [WeakReference, 0 refs, 0.0000030 secs]14.818: [FinalReference, 0 refs, 0.0000020 secs]14.818: [PhantomReference, 0 refs, 0.0000020 secs]14.818: [JNI Weak Reference, 0.0000020 secs], 0.0016670 secs]
   [Parallel Time: 1.2 ms, GC Workers: 8]
      [GC Worker Start (ms): Min: 14816.9, Avg: 14817.0, Max: 14817.2, Diff: 0.2]
      [Ext Root Scanning (ms): Min: 0.1, Avg: 0.2, Max: 0.3, Diff: 0.3, Sum: 1.5]
      [Update RS (ms): Min: 0.0, Avg: 0.0, Max: 0.0, Diff: 0.0, Sum: 0.1]
         [Processed Buffers: Min: 0, Avg: 0.9, Max: 2, Diff: 2, Sum: 7]
      [Scan RS (ms): Min: 0.0, Avg: 0.1, Max: 0.2, Diff: 0.1, Sum: 0.8]
      [Object Copy (ms): Min: 0.6, Avg: 0.6, Max: 0.8, Diff: 0.2, Sum: 5.1]
      [Termination (ms): Min: 0.0, Avg: 0.1, Max: 0.1, Diff: 0.1, Sum: 0.5]
      [GC Worker Other (ms): Min: 0.0, Avg: 0.0, Max: 0.0, Diff: 0.0, Sum: 0.1]
      [GC Worker Total (ms): Min: 0.9, Avg: 1.0, Max: 1.1, Diff: 0.2, Sum: 8.2]
      [GC Worker End (ms): Min: 14818.0, Avg: 14818.1, Max: 14818.1, Diff: 0.0]
   [Code Root Fixup: 0.0 ms]
   [Clear CT: 0.1 ms]
   [Other: 0.3 ms]
      [Choose CSet: 0.0 ms]
      [Ref Proc: 0.2 ms]
      [Ref Enq: 0.0 ms]
      [Free CSet: 0.1 ms]
   [Eden: 317.0M(317.0M)->0.0B(317.0M) Survivors: 2048.0K->2048.0K Heap: 331.3M(533.0M)->14.4M(533.0M)]
 [Times: user=0.01 sys=0.00, real=0.00 secs] 
14.859: [GC pause (young)14.861: [SoftReference, 0 refs, 0.0000230 secs]14.861: [WeakReference, 0 refs, 0.0000130 secs]14.861: [FinalReference, 0 refs, 0.0000020 secs]14.861: [PhantomReference, 0 refs, 0.0000020 secs]14.861: [JNI Weak Reference, 0.0000020 secs], 0.0015890 secs]
   [Parallel Time: 1.1 ms, GC Workers: 8]
      [GC Worker Start (ms): Min: 14859.5, Avg: 14859.8, Max: 14860.6, Diff: 1.1]
      [Ext Root Scanning (ms): Min: 0.0, Avg: 0.2, Max: 0.3, Diff: 0.3, Sum: 1.5]
      [Update RS (ms): Min: 0.0, Avg: 0.0, Max: 0.0, Diff: 0.0, Sum: 0.1]
         [Processed Buffers: Min: 0, Avg: 1.0, Max: 8, Diff: 8, Sum: 8]
      [Scan RS (ms): Min: 0.0, Avg: 0.1, Max: 0.1, Diff: 0.1, Sum: 0.6]
      [Object Copy (ms): Min: 0.0, Avg: 0.4, Max: 0.6, Diff: 0.6, Sum: 3.5]
      [Termination (ms): Min: 0.0, Avg: 0.1, Max: 0.1, Diff: 0.1, Sum: 0.6]
      [GC Worker Other (ms): Min: 0.0, Avg: 0.0, Max: 0.0, Diff: 0.0, Sum: 0.1]
      [GC Worker Total (ms): Min: 0.0, Avg: 0.8, Max: 1.1, Diff: 1.1, Sum: 6.3]
      [GC Worker End (ms): Min: 14860.6, Avg: 14860.6, Max: 14860.6, Diff: 0.0]
   [Code Root Fixup: 0.0 ms]
   [Clear CT: 0.1 ms]
   [Other: 0.3 ms]
      [Choose CSet: 0.0 ms]
      [Ref Proc: 0.2 ms]
      [Ref Enq: 0.0 ms]
      [Free CSet: 0.1 ms]
   [Eden: 317.0M(317.0M)->0.0B(317.0M) Survivors: 2048.0K->2048.0K Heap: 331.4M(533.0M)->13.6M(533.0M)]
 [Times: user=0.01 sys=0.00, real=0.00 secs] 
14.903: [GC pause (young)14.905: [SoftReference, 0 refs, 0.0000150 secs]14.905: [WeakReference, 0 refs, 0.0000030 secs]14.905: [FinalReference, 0 refs, 0.0000030 secs]14.905: [PhantomReference, 0 refs, 0.0000020 secs]14.905: [JNI Weak Reference, 0.0000020 secs], 0.0017290 secs]
   [Parallel Time: 1.3 ms, GC Workers: 8]
      [GC Worker Start (ms): Min: 14903.3, Avg: 14903.8, Max: 14904.5, Diff: 1.2]
      [Ext Root Scanning (ms): Min: 0.0, Avg: 0.2, Max: 0.3, Diff: 0.3, Sum: 1.5]
      [Update RS (ms): Min: 0.0, Avg: 0.0, Max: 0.0, Diff: 0.0, Sum: 0.1]
         [Processed Buffers: Min: 0, Avg: 0.9, Max: 6, Diff: 6, Sum: 7]
      [Scan RS (ms): Min: 0.0, Avg: 0.1, Max: 0.2, Diff: 0.2, Sum: 0.6]
      [Object Copy (ms): Min: 0.0, Avg: 0.4, Max: 0.7, Diff: 0.7, Sum: 3.4]
      [Termination (ms): Min: 0.0, Avg: 0.1, Max: 0.1, Diff: 0.1, Sum: 0.6]
      [GC Worker Other (ms): Min: 0.0, Avg: 0.0, Max: 0.0, Diff: 0.0, Sum: 0.0]
      [GC Worker Total (ms): Min: 0.0, Avg: 0.8, Max: 1.2, Diff: 1.2, Sum: 6.1]
      [GC Worker End (ms): Min: 14904.5, Avg: 14904.5, Max: 14904.6, Diff: 0.0]
   [Code Root Fixup: 0.0 ms]
   [Clear CT: 0.1 ms]
   [Other: 0.3 ms]
      [Choose CSet: 0.0 ms]
      [Ref Proc: 0.1 ms]
      [Ref Enq: 0.0 ms]
      [Free CSet: 0.1 ms]
   [Eden: 317.0M(317.0M)->0.0B(316.0M) Survivors: 2048.0K->3072.0K Heap: 330.6M(533.0M)->15.4M(533.0M)]
 [Times: user=0.01 sys=0.00, real=0.00 secs] 
14.946: [GC pause (young)14.947: [SoftReference, 0 refs, 0.0000160 secs]14.947: [WeakReference, 0 refs, 0.0000110 secs]14.947: [FinalReference, 0 refs, 0.0000020 secs]14.947: [PhantomReference, 0 refs, 0.0000020 secs]14.947: [JNI Weak Reference, 0.0000110 secs], 0.0016410 secs]
   [Parallel Time: 1.1 ms, GC Workers: 8]
      [GC Worker Start (ms): Min: 14946.0, Avg: 14946.2, Max: 14947.0, Diff: 1.0]
      [Ext Root Scanning (ms): Min: 0.0, Avg: 0.2, Max: 0.3, Diff: 0.3, Sum: 1.5]
      [Update RS (ms): Min: 0.0, Avg: 0.0, Max: 0.0, Diff: 0.0, Sum: 0.1]
         [Processed Buffers: Min: 0, Avg: 0.9, Max: 4, Diff: 4, Sum: 7]
      [Scan RS (ms): Min: 0.0, Avg: 0.1, Max: 0.1, Diff: 0.1, Sum: 0.5]
      [Object Copy (ms): Min: 0.0, Avg: 0.4, Max: 0.6, Diff: 0.6, Sum: 3.4]
      [Termination (ms): Min: 0.0, Avg: 0.1, Max: 0.1, Diff: 0.1, Sum: 0.5]
      [GC Worker Other (ms): Min: 0.0, Avg: 0.0, Max: 0.0, Diff: 0.0, Sum: 0.2]
      [GC Worker Total (ms): Min: 0.0, Avg: 0.8, Max: 1.0, Diff: 1.0, Sum: 6.3]
      [GC Worker End (ms): Min: 14947.0, Avg: 14947.0, Max: 14947.0, Diff: 0.0]
   [Code Root Fixup: 0.0 ms]
   [Clear CT: 0.1 ms]
   [Other: 0.4 ms]
      [Choose CSet: 0.0 ms]
      [Ref Proc: 0.2 ms]
      [Ref Enq: 0.0 ms]
      [Free CSet: 0.1 ms]
   [Eden: 316.0M(316.0M)->0.0B(317.0M) Survivors: 3072.0K->2048.0K Heap: 331.4M(533.0M)->13.6M(533.0M)]
 [Times: user=0.01 sys=0.00, real=0.00 secs] 
14.988: [GC pause (young)14.990: [SoftReference, 0 refs, 0.0000250 secs]14.990: [WeakReference, 0 refs, 0.0000020 secs]14.990: [FinalReference, 0 refs, 0.0000020 secs]14.990: [PhantomReference, 0 refs, 0.0000020 secs]14.990: [JNI Weak Reference, 0.0000020 secs], 0.0017550 secs]
   [Parallel Time: 1.3 ms, GC Workers: 8]
      [GC Worker Start (ms): Min: 14988.1, Avg: 14988.6, Max: 14989.3, Diff: 1.2]
      [Ext Root Scanning (ms): Min: 0.0, Avg: 0.2, Max: 0.3, Diff: 0.3, Sum: 1.4]
      [Update RS (ms): Min: 0.0, Avg: 0.0, Max: 0.0, Diff: 0.0, Sum: 0.0]
         [Processed Buffers: Min: 0, Avg: 0.8, Max: 4, Diff: 4, Sum: 6]
      [Scan RS (ms): Min: 0.0, Avg: 0.1, Max: 0.2, Diff: 0.2, Sum: 0.6]
      [Object Copy (ms): Min: 0.0, Avg: 0.4, Max: 0.8, Diff: 0.8, Sum: 3.6]
      [Termination (ms): Min: 0.0, Avg: 0.1, Max: 0.1, Diff: 0.1, Sum: 0.6]
      [GC Worker Other (ms): Min: 0.0, Avg: 0.0, Max: 0.0, Diff: 0.0, Sum: 0.0]
      [GC Worker Total (ms): Min: 0.0, Avg: 0.8, Max: 1.2, Diff: 1.2, Sum: 6.2]
      [GC Worker End (ms): Min: 14989.4, Avg: 14989.4, Max: 14989.4, Diff: 0.0]
   [Code Root Fixup: 0.0 ms]
   [Clear CT: 0.1 ms]
   [Other: 0.4 ms]
      [Choose CSet: 0.0 ms]
      [Ref Proc: 0.2 ms]
      [Ref Enq: 0.0 ms]
      [Free CSet: 0.1 ms]
   [Eden: 317.0M(317.0M)->0.0B(315.0M) Survivors: 2048.0K->4096.0K Heap: 330.6M(533.0M)->16.5M(533.0M)]
 [Times: user=0.00 sys=0.00, real=0.00 secs] 
15.031: [GC pause (young)15.033: [SoftReference, 0 refs, 0.0000270 secs]15.033: [WeakReference, 0 refs, 0.0000020 secs]15.033: [FinalReference, 0 refs, 0.0000020 secs]15.033: [PhantomReference, 0 refs, 0.0000030 secs]15.033: [JNI Weak Reference, 0.0000120 secs], 0.0015640 secs]
   [Parallel Time: 1.1 ms, GC Workers: 8]
      [GC Worker Start (ms): Min: 15031.4, Avg: 15031.7, Max: 15032.2, Diff: 0.8]
      [Ext Root Scanning (ms): Min: 0.0, Avg: 0.2, Max: 0.3, Diff: 0.3, Sum: 1.4]
      [Update RS (ms): Min: 0.0, Avg: 0.0, Max: 0.0, Diff: 0.0, Sum: 0.0]
         [Processed Buffers: Min: 0, Avg: 0.9, Max: 5, Diff: 5, Sum: 7]
      [Scan RS (ms): Min: 0.0, Avg: 0.1, Max: 0.1, Diff: 0.1, Sum: 0.5]
      [Object Copy (ms): Min: 0.1, Avg: 0.5, Max: 0.6, Diff: 0.5, Sum: 3.7]
      [Termination (ms): Min: 0.0, Avg: 0.0, Max: 0.0, Diff: 0.0, Sum: 0.0]
      [GC Worker Other (ms): Min: 0.0, Avg: 0.0, Max: 0.0, Diff: 0.0, Sum: 0.2]
      [GC Worker Total (ms): Min: 0.2, Avg: 0.7, Max: 1.0, Diff: 0.8, Sum: 5.7]
      [GC Worker End (ms): Min: 15032.4, Avg: 15032.4, Max: 15032.4, Diff: 0.0]
   [Code Root Fixup: 0.0 ms]
   [Clear CT: 0.1 ms]
   [Other: 0.4 ms]
      [Choose CSet: 0.0 ms]
      [Ref Proc: 0.2 ms]
      [Ref Enq: 0.0 ms]
      [Free CSet: 0.1 ms]
   [Eden: 315.0M(315.0M)->0.0B(317.0M) Survivors: 4096.0K->2048.0K Heap: 331.5M(533.0M)->14.5M(533.0M)]
 [Times: user=0.01 sys=0.01, real=0.01 secs] 
15.074: [GC pause (young)15.075: [SoftReference, 0 refs, 0.0000150 secs]15.075: [WeakReference, 0 refs, 0.0000030 secs]15.075: [FinalReference, 0 refs, 0.0000030 secs]15.075: [PhantomReference, 0 refs, 0.0000020 secs]15.075: [JNI Weak Reference, 0.0000020 secs], 0.0016170 secs]
   [Parallel Time: 1.2 ms, GC Workers: 8]
      [GC Worker Start (ms): Min: 15074.1, Avg: 15074.5, Max: 15075.2, Diff: 1.1]
      [Ext Root Scanning (ms): Min: 0.0, Avg: 0.2, Max: 0.3, Diff: 0.3, Sum: 1.4]
      [Update RS (ms): Min: 0.0, Avg: 0.0, Max: 0.0, Diff: 0.0, Sum: 0.0]
         [Processed Buffers: Min: 0, Avg: 1.1, Max: 6, Diff: 6, Sum: 9]
      [Scan RS (ms): Min: 0.0, Avg: 0.1, Max: 0.1, Diff: 0.1, Sum: 0.5]
      [Object Copy (ms): Min: 0.0, Avg: 0.4, Max: 0.7, Diff: 0.7, Sum: 3.1]
      [Termination (ms): Min: 0.0, Avg: 0.1, Max: 0.1, Diff: 0.1, Sum: 0.6]
      [GC Worker Other (ms): Min: 0.0, Avg: 0.0, Max: 0.0, Diff: 0.0, Sum: 0.1]
      [GC Worker Total (ms): Min: 0.0, Avg: 0.7, Max: 1.1, Diff: 1.1, Sum: 5.7]
      [GC Worker End (ms): Min: 15075.2, Avg: 15075.2, Max: 15075.3, Diff: 0.0]
   [Code Root Fixup: 0.0 ms]
   [Clear CT: 0.1 ms]
   [Other: 0.3 ms]
      [Choose CSet: 0.0 ms]
      [Ref Proc: 0.1 ms]
      [Ref Enq: 0.0 ms]
      [Free CSet: 0.1 ms]
   [Eden: 317.0M(317.0M)->0.0B(317.0M) Survivors: 2048.0K->2048.0K Heap: 331.5M(533.0M)->14.1M(533.0M)]
 [Times: user=0.01 sys=0.00, real=0.00 secs] 
15.117: [GC pause (young)15.118: [SoftReference, 0 refs, 0.0000130 secs]15.118: [WeakReference, 0 refs, 0.0000030 secs]15.118: [FinalReference, 0 refs, 0.0000020 secs]15.118: [PhantomReference, 0 refs, 0.0000020 secs]15.118: [JNI Weak Reference, 0.0000020 secs], 0.0015030 secs]
   [Parallel Time: 1.0 ms, GC Workers: 8]
      [GC Worker Start (ms): Min: 15117.1, Avg: 15117.4, Max: 15117.9, Diff: 0.8]
      [Ext Root Scanning (ms): Min: 0.0, Avg: 0.2, Max: 0.3, Diff: 0.3, Sum: 1.4]
      [Update RS (ms): Min: 0.0, Avg: 0.0, Max: 0.0, Diff: 0.0, Sum: 0.0]
         [Processed Buffers: Min: 0, Avg: 0.9, Max: 3, Diff: 3, Sum: 7]
      [Scan RS (ms): Min: 0.0, Avg: 0.1, Max: 0.1, Diff: 0.1, Sum: 0.5]
      [Object Copy (ms): Min: 0.1, Avg: 0.4, Max: 0.6, Diff: 0.5, Sum: 2.8]
      [Termination (ms): Min: 0.0, Avg: 0.0, Max: 0.0, Diff: 0.0, Sum: 0.0]
      [GC Worker Other (ms): Min: 0.0, Avg: 0.0, Max: 0.0, Diff: 0.0, Sum: 0.2]
      [GC Worker Total (ms): Min: 0.1, Avg: 0.6, Max: 0.9, Diff: 0.8, Sum: 5.0]
      [GC Worker End (ms): Min: 15118.0, Avg: 15118.1, Max: 15118.1, Diff: 0.0]
   [Code Root Fixup: 0.0 ms]
   [Clear CT: 0.1 ms]
   [Other: 0.4 ms]
      [Choose CSet: 0.0 ms]
      [Ref Proc: 0.2 ms]
      [Ref Enq: 0.0 ms]
      [Free CSet: 0.1 ms]
   [Eden: 317.0M(317.0M)->0.0B(317.0M) Survivors: 2048.0K->2048.0K Heap: 331.1M(533.0M)->14.2M(533.0M)]
 [Times: user=0.01 sys=0.00, real=0.00 secs] 
15.161: [GC pause (young)15.162: [SoftReference, 0 refs, 0.0000230 secs]15.162: [WeakReference, 0 refs, 0.0000130 secs]15.162: [FinalReference, 0 refs, 0.0000040 secs]15.162: [PhantomReference, 0 refs, 0.0000020 secs]15.162: [JNI Weak Reference, 0.0000020 secs], 0.0018290 secs]
   [Parallel Time: 1.3 ms, GC Workers: 8]
      [GC Worker Start (ms): Min: 15160.7, Avg: 15161.2, Max: 15162.0, Diff: 1.2]
      [Ext Root Scanning (ms): Min: 0.0, Avg: 0.2, Max: 0.3, Diff: 0.3, Sum: 1.4]
      [Update RS (ms): Min: 0.0, Avg: 0.0, Max: 0.0, Diff: 0.0, Sum: 0.0]
         [Processed Buffers: Min: 0, Avg: 1.0, Max: 6, Diff: 6, Sum: 8]
      [Scan RS (ms): Min: 0.0, Avg: 0.1, Max: 0.1, Diff: 0.1, Sum: 0.5]
      [Object Copy (ms): Min: 0.0, Avg: 0.5, Max: 0.8, Diff: 0.8, Sum: 3.7]
      [Termination (ms): Min: 0.0, Avg: 0.1, Max: 0.1, Diff: 0.1, Sum: 0.6]
      [GC Worker Other (ms): Min: 0.0, Avg: 0.0, Max: 0.0, Diff: 0.0, Sum: 0.1]
      [GC Worker Total (ms): Min: 0.0, Avg: 0.8, Max: 1.2, Diff: 1.2, Sum: 6.3]
      [GC Worker End (ms): Min: 15162.0, Avg: 15162.0, Max: 15162.0, Diff: 0.0]
   [Code Root Fixup: 0.0 ms]
   [Clear CT: 0.1 ms]
   [Other: 0.3 ms]
      [Choose CSet: 0.0 ms]
      [Ref Proc: 0.2 ms]
      [Ref Enq: 0.0 ms]
      [Free CSet: 0.1 ms]
   [Eden: 317.0M(317.0M)->0.0B(316.0M) Survivors: 2048.0K->3072.0K Heap: 331.2M(533.0M)->14.8M(533.0M)]
 [Times: user=0.00 sys=0.00, real=0.01 secs] 
15.204: [GC pause (young)15.205: [SoftReference, 0 refs, 0.0000300 secs]15.205: [WeakReference, 0 refs, 0.0000030 secs]15.205: [FinalReference, 0 refs, 0.0000020 secs]15.205: [PhantomReference, 0 refs, 0.0000030 secs]15.205: [JNI Weak Reference, 0.0000030 secs], 0.0015340 secs]
   [Parallel Time: 1.1 ms, GC Workers: 8]
      [GC Worker Start (ms): Min: 15203.8, Avg: 15204.2, Max: 15204.9, Diff: 1.0]
      [Ext Root Scanning (ms): Min: 0.0, Avg: 0.2, Max: 0.3, Diff: 0.3, Sum: 1.4]
      [Update RS (ms): Min: 0.0, Avg: 0.0, Max: 0.0, Diff: 0.0, Sum: 0.0]
         [Processed Buffers: Min: 0, Avg: 0.6, Max: 3, Diff: 3, Sum: 5]
      [Scan RS (ms): Min: 0.0, Avg: 0.1, Max: 0.1, Diff: 0.1, Sum: 0.5]
      [Object Copy (ms): Min: 0.0, Avg: 0.3, Max: 0.6, Diff: 0.6, Sum: 2.8]
      [Termination (ms): Min: 0.0, Avg: 0.1, Max: 0.1, Diff: 0.1, Sum: 0.6]
      [GC Worker Other (ms): Min: 0.0, Avg: 0.0, Max: 0.0, Diff: 0.0, Sum: 0.1]
      [GC Worker Total (ms): Min: 0.0, Avg: 0.7, Max: 1.1, Diff: 1.1, Sum: 5.3]
      [GC Worker End (ms): Min: 15204.9, Avg: 15204.9, Max: 15204.9, Diff: 0.0]
   [Code Root Fixup: 0.0 ms]
   [Clear CT: 0.1 ms]
   [Other: 0.3 ms]
      [Choose CSet: 0.0 ms]
      [Ref Proc: 0.2 ms]
      [Ref Enq: 0.0 ms]
      [Free CSet: 0.1 ms]
   [Eden: 316.0M(316.0M)->0.0B(318.0M) Survivors: 3072.0K->1024.0K Heap: 330.8M(533.0M)->13.7M(533.0M)]
 [Times: user=0.01 sys=0.00, real=0.00 secs] 
15.247: [GC pause (young)15.248: [SoftReference, 0 refs, 0.0000260 secs]15.248: [WeakReference, 0 refs, 0.0000030 secs]15.248: [FinalReference, 0 refs, 0.0000030 secs]15.248: [PhantomReference, 0 refs, 0.0000030 secs]15.248: [JNI Weak Reference, 0.0000030 secs], 0.0016950 secs]
   [Parallel Time: 1.2 ms, GC Workers: 8]
      [GC Worker Start (ms): Min: 15246.8, Avg: 15247.3, Max: 15247.9, Diff: 1.1]
      [Ext Root Scanning (ms): Min: 0.0, Avg: 0.2, Max: 0.3, Diff: 0.3, Sum: 1.4]
      [Update RS (ms): Min: 0.0, Avg: 0.0, Max: 0.0, Diff: 0.0, Sum: 0.0]
         [Processed Buffers: Min: 0, Avg: 0.8, Max: 3, Diff: 3, Sum: 6]
      [Scan RS (ms): Min: 0.0, Avg: 0.1, Max: 0.1, Diff: 0.1, Sum: 0.5]
      [Object Copy (ms): Min: 0.0, Avg: 0.4, Max: 0.7, Diff: 0.7, Sum: 3.1]
      [Termination (ms): Min: 0.0, Avg: 0.1, Max: 0.1, Diff: 0.1, Sum: 0.6]
      [GC Worker Other (ms): Min: 0.0, Avg: 0.0, Max: 0.0, Diff: 0.0, Sum: 0.0]
      [GC Worker Total (ms): Min: 0.0, Avg: 0.7, Max: 1.2, Diff: 1.1, Sum: 5.7]
      [GC Worker End (ms): Min: 15248.0, Avg: 15248.0, Max: 15248.0, Diff: 0.0]
   [Code Root Fixup: 0.0 ms]
   [Clear CT: 0.1 ms]
   [Other: 0.3 ms]
      [Choose CSet: 0.0 ms]
      [Ref Proc: 0.2 ms]
      [Ref Enq: 0.0 ms]
      [Free CSet: 0.1 ms]
   [Eden: 318.0M(318.0M)->0.0B(317.0M) Survivors: 1024.0K->2048.0K Heap: 331.7M(533.0M)->14.2M(533.0M)]
 [Times: user=0.01 sys=0.00, real=0.00 secs] 
15.290: [GC pause (young)15.291: [SoftReference, 0 refs, 0.0000280 secs]15.291: [WeakReference, 0 refs, 0.0000110 secs]15.291: [FinalReference, 0 refs, 0.0000020 secs]15.291: [PhantomReference, 0 refs, 0.0000020 secs]15.291: [JNI Weak Reference, 0.0000020 secs], 0.0016040 secs]
   [Parallel Time: 1.2 ms, GC Workers: 8]
      [GC Worker Start (ms): Min: 15289.7, Avg: 15290.1, Max: 15290.7, Diff: 1.0]
      [Ext Root Scanning (ms): Min: 0.0, Avg: 0.2, Max: 0.3, Diff: 0.3, Sum: 1.4]
      [Update RS (ms): Min: 0.0, Avg: 0.0, Max: 0.0, Diff: 0.0, Sum: 0.0]
         [Processed Buffers: Min: 0, Avg: 0.9, Max: 7, Diff: 7, Sum: 7]
      [Scan RS (ms): Min: 0.0, Avg: 0.1, Max: 0.1, Diff: 0.1, Sum: 0.4]
      [Object Copy (ms): Min: 0.0, Avg: 0.3, Max: 0.6, Diff: 0.6, Sum: 2.8]
      [Termination (ms): Min: 0.0, Avg: 0.1, Max: 0.1, Diff: 0.1, Sum: 0.5]
      [GC Worker Other (ms): Min: 0.0, Avg: 0.0, Max: 0.0, Diff: 0.0, Sum: 0.1]
      [GC Worker Total (ms): Min: 0.0, Avg: 0.7, Max: 1.1, Diff: 1.1, Sum: 5.3]
      [GC Worker End (ms): Min: 15290.8, Avg: 15290.8, Max: 15290.8, Diff: 0.0]
   [Code Root Fixup: 0.0 ms]
   [Clear CT: 0.1 ms]
   [Other: 0.3 ms]
      [Choose CSet: 0.0 ms]
      [Ref Proc: 0.2 ms]
      [Ref Enq: 0.0 ms]
      [Free CSet: 0.1 ms]
   [Eden: 317.0M(317.0M)->0.0B(318.0M) Survivors: 2048.0K->1024.0K Heap: 331.2M(533.0M)->13.7M(533.0M)]
 [Times: user=0.00 sys=0.00, real=0.00 secs] 
15.333: [GC pause (young)15.334: [SoftReference, 0 refs, 0.0000150 secs]15.334: [WeakReference, 0 refs, 0.0000030 secs]15.334: [FinalReference, 0 refs, 0.0000210 secs]15.334: [PhantomReference, 0 refs, 0.0000020 secs]15.334: [JNI Weak Reference, 0.0000020 secs], 0.0018910 secs]
   [Parallel Time: 1.3 ms, GC Workers: 8]
      [GC Worker Start (ms): Min: 15332.6, Avg: 15332.9, Max: 15333.8, Diff: 1.2]
      [Ext Root Scanning (ms): Min: 0.0, Avg: 0.2, Max: 0.3, Diff: 0.3, Sum: 1.5]
      [Update RS (ms): Min: 0.0, Avg: 0.0, Max: 0.0, Diff: 0.0, Sum: 0.0]
         [Processed Buffers: Min: 0, Avg: 0.9, Max: 7, Diff: 7, Sum: 7]
      [Scan RS (ms): Min: 0.0, Avg: 0.1, Max: 0.2, Diff: 0.2, Sum: 0.6]
      [Object Copy (ms): Min: 0.0, Avg: 0.6, Max: 0.9, Diff: 0.9, Sum: 4.4]
      [Termination (ms): Min: 0.0, Avg: 0.1, Max: 0.1, Diff: 0.1, Sum: 0.5]
      [GC Worker Other (ms): Min: 0.0, Avg: 0.0, Max: 0.0, Diff: 0.0, Sum: 0.0]
      [GC Worker Total (ms): Min: 0.0, Avg: 0.9, Max: 1.3, Diff: 1.2, Sum: 7.2]
      [GC Worker End (ms): Min: 15333.8, Avg: 15333.8, Max: 15333.8, Diff: 0.0]
   [Code Root Fixup: 0.0 ms]
   [Clear CT: 0.1 ms]
   [Other: 0.4 ms]
      [Choose CSet: 0.0 ms]
      [Ref Proc: 0.3 ms]
      [Ref Enq: 0.0 ms]
      [Free CSet: 0.1 ms]
   [Eden: 318.0M(318.0M)->0.0B(316.0M) Survivors: 1024.0K->3072.0K Heap: 331.7M(533.0M)->15.4M(533.0M)]
 [Times: user=0.01 sys=0.00, real=0.00 secs] 
15.376: [GC pause (young)15.378: [SoftReference, 0 refs, 0.0000160 secs]15.378: [WeakReference, 0 refs, 0.0000030 secs]15.378: [FinalReference, 0 refs, 0.0000020 secs]15.378: [PhantomReference, 0 refs, 0.0000190 secs]15.378: [JNI Weak Reference, 0.0000030 secs], 0.0015890 secs]
   [Parallel Time: 1.1 ms, GC Workers: 8]
      [GC Worker Start (ms): Min: 15376.5, Avg: 15376.7, Max: 15377.4, Diff: 0.9]
      [Ext Root Scanning (ms): Min: 0.0, Avg: 0.2, Max: 0.3, Diff: 0.3, Sum: 1.5]
      [Update RS (ms): Min: 0.0, Avg: 0.0, Max: 0.0, Diff: 0.0, Sum: 0.1]
         [Processed Buffers: Min: 0, Avg: 0.9, Max: 4, Diff: 4, Sum: 7]
      [Scan RS (ms): Min: 0.0, Avg: 0.1, Max: 0.1, Diff: 0.1, Sum: 0.6]
      [Object Copy (ms): Min: 0.1, Avg: 0.6, Max: 0.7, Diff: 0.6, Sum: 4.5]
      [Termination (ms): Min: 0.0, Avg: 0.0, Max: 0.0, Diff: 0.0, Sum: 0.0]
      [GC Worker Other (ms): Min: 0.0, Avg: 0.0, Max: 0.0, Diff: 0.0, Sum: 0.2]
      [GC Worker Total (ms): Min: 0.2, Avg: 0.9, Max: 1.0, Diff: 0.9, Sum: 6.9]
      [GC Worker End (ms): Min: 15377.5, Avg: 15377.6, Max: 15377.6, Diff: 0.0]
   [Code Root Fixup: 0.0 ms]
   [Clear CT: 0.1 ms]
   [Other: 0.4 ms]
      [Choose CSet: 0.0 ms]
      [Ref Proc: 0.2 ms]
      [Ref Enq: 0.0 ms]
      [Free CSet: 0.1 ms]
   [Eden: 316.0M(316.0M)->0.0B(317.0M) Survivors: 3072.0K->2048.0K Heap: 331.4M(533.0M)->14.8M(533.0M)]
 [Times: user=0.01 sys=0.00, real=0.00 secs] 
15.421: [GC pause (young)15.422: [SoftReference, 0 refs, 0.0000290 secs]15.422: [WeakReference, 0 refs, 0.0000020 secs]15.422: [FinalReference, 0 refs, 0.0000110 secs]15.422: [PhantomReference, 0 refs, 0.0000020 secs]15.422: [JNI Weak Reference, 0.0000020 secs], 0.0018630 secs]
   [Parallel Time: 1.3 ms, GC Workers: 8]
      [GC Worker Start (ms): Min: 15420.8, Avg: 15421.1, Max: 15422.0, Diff: 1.2]
      [Ext Root Scanning (ms): Min: 0.0, Avg: 0.2, Max: 0.3, Diff: 0.3, Sum: 1.6]
      [Update RS (ms): Min: 0.0, Avg: 0.0, Max: 0.0, Diff: 0.0, Sum: 0.1]
         [Processed Buffers: Min: 0, Avg: 0.9, Max: 4, Diff: 4, Sum: 7]
      [Scan RS (ms): Min: 0.0, Avg: 0.1, Max: 0.1, Diff: 0.1, Sum: 0.6]
      [Object Copy (ms): Min: 0.0, Avg: 0.5, Max: 0.8, Diff: 0.8, Sum: 4.3]
      [Termination (ms): Min: 0.0, Avg: 0.1, Max: 0.1, Diff: 0.1, Sum: 0.6]
      [GC Worker Other (ms): Min: 0.0, Avg: 0.0, Max: 0.0, Diff: 0.0, Sum: 0.1]
      [GC Worker Total (ms): Min: 0.0, Avg: 0.9, Max: 1.2, Diff: 1.2, Sum: 7.3]
      [GC Worker End (ms): Min: 15422.0, Avg: 15422.0, Max: 15422.0, Diff: 0.0]
   [Code Root Fixup: 0.0 ms]
   [Clear CT: 0.1 ms]
   [Other: 0.4 ms]
      [Choose CSet: 0.0 ms]
      [Ref Proc: 0.3 ms]
      [Ref Enq: 0.0 ms]
      [Free CSet: 0.1 ms]
   [Eden: 317.0M(317.0M)->0.0B(317.0M) Survivors: 2048.0K->2048.0K Heap: 331.8M(533.0M)->14.5M(533.0M)]
 [Times: user=0.00 sys=0.00, real=0.01 secs] 
15.465: [GC pause (young)15.467: [SoftReference, 0 refs, 0.0000140 secs]15.467: [WeakReference, 0 refs, 0.0000020 secs]15.467: [FinalReference, 0 refs, 0.0000020 secs]15.467: [PhantomReference, 0 refs, 0.0000020 secs]15.467: [JNI Weak Reference, 0.0000030 secs], 0.0016800 secs]
   [Parallel Time: 1.2 ms, GC Workers: 8]
      [GC Worker Start (ms): Min: 15465.2, Avg: 15465.6, Max: 15466.3, Diff: 1.2]
      [Ext Root Scanning (ms): Min: 0.0, Avg: 0.2, Max: 0.3, Diff: 0.3, Sum: 1.4]
      [Update RS (ms): Min: 0.0, Avg: 0.0, Max: 0.0, Diff: 0.0, Sum: 0.0]
         [Processed Buffers: Min: 0, Avg: 0.8, Max: 4, Diff: 4, Sum: 6]
      [Scan RS (ms): Min: 0.0, Avg: 0.1, Max: 0.1, Diff: 0.1, Sum: 0.5]
      [Object Copy (ms): Min: 0.0, Avg: 0.4, Max: 0.7, Diff: 0.7, Sum: 3.3]
      [Termination (ms): Min: 0.0, Avg: 0.1, Max: 0.1, Diff: 0.1, Sum: 0.6]
      [GC Worker Other (ms): Min: 0.0, Avg: 0.0, Max: 0.0, Diff: 0.0, Sum: 0.1]
      [GC Worker Total (ms): Min: 0.0, Avg: 0.7, Max: 1.2, Diff: 1.2, Sum: 5.9]
      [GC Worker End (ms): Min: 15466.4, Avg: 15466.4, Max: 15466.4, Diff: 0.0]
   [Code Root Fixup: 0.0 ms]
   [Clear CT: 0.1 ms]
   [Other: 0.3 ms]
      [Choose CSet: 0.0 ms]
      [Ref Proc: 0.1 ms]
      [Ref Enq: 0.0 ms]
      [Free CSet: 0.1 ms]
   [Eden: 317.0M(317.0M)->0.0B(316.0M) Survivors: 2048.0K->3072.0K Heap: 331.5M(533.0M)->15.4M(533.0M)]
 [Times: user=0.01 sys=0.00, real=0.00 secs] 
15.508: [GC pause (young)15.509: [SoftReference, 0 refs, 0.0000150 secs]15.509: [WeakReference, 0 refs, 0.0000190 secs]15.509: [FinalReference, 0 refs, 0.0000020 secs]15.509: [PhantomReference, 0 refs, 0.0000120 secs]15.509: [JNI Weak Reference, 0.0000030 secs], 0.0017410 secs]
   [Parallel Time: 1.2 ms, GC Workers: 8]
      [GC Worker Start (ms): Min: 15508.0, Avg: 15508.3, Max: 15509.1, Diff: 1.1]
      [Ext Root Scanning (ms): Min: 0.0, Avg: 0.2, Max: 0.3, Diff: 0.3, Sum: 1.4]
      [Update RS (ms): Min: 0.0, Avg: 0.0, Max: 0.0, Diff: 0.0, Sum: 0.1]
         [Processed Buffers: Min: 0, Avg: 0.9, Max: 5, Diff: 5, Sum: 7]
      [Scan RS (ms): Min: 0.0, Avg: 0.1, Max: 0.1, Diff: 0.1, Sum: 0.6]
      [Object Copy (ms): Min: 0.0, Avg: 0.5, Max: 0.8, Diff: 0.8, Sum: 3.9]
      [Termination (ms): Min: 0.0, Avg: 0.1, Max: 0.1, Diff: 0.1, Sum: 0.5]
      [GC Worker Other (ms): Min: 0.0, Avg: 0.0, Max: 0.0, Diff: 0.0, Sum: 0.1]
      [GC Worker Total (ms): Min: 0.0, Avg: 0.8, Max: 1.2, Diff: 1.2, Sum: 6.6]
      [GC Worker End (ms): Min: 15509.2, Avg: 15509.2, Max: 15509.2, Diff: 0.0]
   [Code Root Fixup: 0.0 ms]
   [Clear CT: 0.1 ms]
   [Other: 0.4 ms]
      [Choose CSet: 0.0 ms]
      [Ref Proc: 0.2 ms]
      [Ref Enq: 0.0 ms]
      [Free CSet: 0.1 ms]
   [Eden: 316.0M(316.0M)->0.0B(317.0M) Survivors: 3072.0K->2048.0K Heap: 331.4M(533.0M)->14.5M(533.0M)]
 [Times: user=0.00 sys=0.00, real=0.00 secs] 
15.551: [GC pause (young)15.552: [SoftReference, 0 refs, 0.0000240 secs]15.552: [WeakReference, 0 refs, 0.0000030 secs]15.552: [FinalReference, 0 refs, 0.0000250 secs]15.552: [PhantomReference, 0 refs, 0.0000020 secs]15.552: [JNI Weak Reference, 0.0000020 secs], 0.0015270 secs]
   [Parallel Time: 1.0 ms, GC Workers: 8]
      [GC Worker Start (ms): Min: 15551.1, Avg: 15551.1, Max: 15551.2, Diff: 0.1]
      [Ext Root Scanning (ms): Min: 0.2, Avg: 0.2, Max: 0.3, Diff: 0.1, Sum: 1.7]
      [Update RS (ms): Min: 0.0, Avg: 0.0, Max: 0.0, Diff: 0.0, Sum: 0.1]
         [Processed Buffers: Min: 0, Avg: 1.0, Max: 3, Diff: 3, Sum: 8]
      [Scan RS (ms): Min: 0.0, Avg: 0.1, Max: 0.1, Diff: 0.1, Sum: 0.7]
      [Object Copy (ms): Min: 0.4, Avg: 0.4, Max: 0.6, Diff: 0.1, Sum: 3.6]
      [Termination (ms): Min: 0.0, Avg: 0.1, Max: 0.1, Diff: 0.1, Sum: 0.5]
      [GC Worker Other (ms): Min: 0.0, Avg: 0.0, Max: 0.0, Diff: 0.0, Sum: 0.2]
      [GC Worker Total (ms): Min: 0.8, Avg: 0.8, Max: 0.9, Diff: 0.1, Sum: 6.8]
      [GC Worker End (ms): Min: 15552.0, Avg: 15552.0, Max: 15552.0, Diff: 0.0]
   [Code Root Fixup: 0.0 ms]
   [Clear CT: 0.1 ms]
   [Other: 0.4 ms]
      [Choose CSet: 0.0 ms]
      [Ref Proc: 0.2 ms]
      [Ref Enq: 0.0 ms]
      [Free CSet: 0.1 ms]
   [Eden: 317.0M(317.0M)->0.0B(318.0M) Survivors: 2048.0K->1024.0K Heap: 331.5M(533.0M)->13.7M(533.0M)]
 [Times: user=0.01 sys=0.00, real=0.01 secs] 
15.595: [GC pause (young)15.596: [SoftReference, 0 refs, 0.0000150 secs]15.596: [WeakReference, 0 refs, 0.0000120 secs]15.596: [FinalReference, 0 refs, 0.0000030 secs]15.596: [PhantomReference, 0 refs, 0.0000020 secs]15.596: [JNI Weak Reference, 0.0000030 secs], 0.0018050 secs]
   [Parallel Time: 1.2 ms, GC Workers: 8]
      [GC Worker Start (ms): Min: 15594.6, Avg: 15595.0, Max: 15595.7, Diff: 1.1]
      [Ext Root Scanning (ms): Min: 0.0, Avg: 0.2, Max: 0.3, Diff: 0.3, Sum: 1.4]
      [Update RS (ms): Min: 0.0, Avg: 0.0, Max: 0.0, Diff: 0.0, Sum: 0.0]
         [Processed Buffers: Min: 0, Avg: 1.1, Max: 9, Diff: 9, Sum: 9]
      [Scan RS (ms): Min: 0.0, Avg: 0.1, Max: 0.1, Diff: 0.1, Sum: 0.5]
      [Object Copy (ms): Min: 0.0, Avg: 0.4, Max: 0.7, Diff: 0.7, Sum: 3.3]
      [Termination (ms): Min: 0.0, Avg: 0.1, Max: 0.1, Diff: 0.1, Sum: 0.6]
      [GC Worker Other (ms): Min: 0.0, Avg: 0.0, Max: 0.0, Diff: 0.0, Sum: 0.0]
      [GC Worker Total (ms): Min: 0.0, Avg: 0.7, Max: 1.2, Diff: 1.1, Sum: 5.8]
      [GC Worker End (ms): Min: 15595.8, Avg: 15595.8, Max: 15595.8, Diff: 0.0]
   [Code Root Fixup: 0.0 ms]
   [Clear CT: 0.2 ms]
   [Other: 0.4 ms]
      [Choose CSet: 0.0 ms]
      [Ref Proc: 0.2 ms]
      [Ref Enq: 0.0 ms]
      [Free CSet: 0.2 ms]
   [Eden: 318.0M(318.0M)->0.0B(316.0M) Survivors: 1024.0K->3072.0K Heap: 331.7M(533.0M)->15.0M(533.0M)]
 [Times: user=0.01 sys=0.00, real=0.00 secs] 
15.638: [GC pause (young)15.640: [SoftReference, 0 refs, 0.0000140 secs]15.640: [WeakReference, 0 refs, 0.0000030 secs]15.640: [FinalReference, 0 refs, 0.0000020 secs]15.640: [PhantomReference, 0 refs, 0.0000020 secs]15.640: [JNI Weak Reference, 0.0000030 secs], 0.0016430 secs]
   [Parallel Time: 1.2 ms, GC Workers: 8]
      [GC Worker Start (ms): Min: 15638.4, Avg: 15638.8, Max: 15639.5, Diff: 1.1]
      [Ext Root Scanning (ms): Min: 0.0, Avg: 0.2, Max: 0.3, Diff: 0.3, Sum: 1.4]
      [Update RS (ms): Min: 0.0, Avg: 0.0, Max: 0.0, Diff: 0.0, Sum: 0.0]
         [Processed Buffers: Min: 0, Avg: 0.6, Max: 3, Diff: 3, Sum: 5]
      [Scan RS (ms): Min: 0.0, Avg: 0.1, Max: 0.1, Diff: 0.1, Sum: 0.5]
      [Object Copy (ms): Min: 0.0, Avg: 0.4, Max: 0.7, Diff: 0.7, Sum: 3.2]
      [Termination (ms): Min: 0.0, Avg: 0.1, Max: 0.1, Diff: 0.1, Sum: 0.6]
      [GC Worker Other (ms): Min: 0.0, Avg: 0.0, Max: 0.0, Diff: 0.0, Sum: 0.1]
      [GC Worker Total (ms): Min: 0.0, Avg: 0.7, Max: 1.2, Diff: 1.2, Sum: 5.8]
      [GC Worker End (ms): Min: 15639.5, Avg: 15639.5, Max: 15639.6, Diff: 0.0]
   [Code Root Fixup: 0.0 ms]
   [Clear CT: 0.1 ms]
   [Other: 0.3 ms]
      [Choose CSet: 0.0 ms]
      [Ref Proc: 0.1 ms]
      [Ref Enq: 0.0 ms]
      [Free CSet: 0.1 ms]
   [Eden: 316.0M(316.0M)->0.0B(317.0M) Survivors: 3072.0K->2048.0K Heap: 331.0M(533.0M)->14.6M(533.0M)]
 [Times: user=0.01 sys=0.00, real=0.00 secs] 
15.682: [GC pause (young)15.684: [SoftReference, 0 refs, 0.0000150 secs]15.684: [WeakReference, 0 refs, 0.0000030 secs]15.684: [FinalReference, 0 refs, 0.0000020 secs]15.684: [PhantomReference, 0 refs, 0.0000030 secs]15.684: [JNI Weak Reference, 0.0000120 secs], 0.0017050 secs]
   [Parallel Time: 1.3 ms, GC Workers: 8]
      [GC Worker Start (ms): Min: 15682.3, Avg: 15682.8, Max: 15683.5, Diff: 1.2]
      [Ext Root Scanning (ms): Min: 0.0, Avg: 0.2, Max: 0.3, Diff: 0.3, Sum: 1.4]
      [Update RS (ms): Min: 0.0, Avg: 0.0, Max: 0.0, Diff: 0.0, Sum: 0.0]
         [Processed Buffers: Min: 0, Avg: 0.8, Max: 3, Diff: 3, Sum: 6]
      [Scan RS (ms): Min: 0.0, Avg: 0.1, Max: 0.1, Diff: 0.1, Sum: 0.5]
      [Object Copy (ms): Min: 0.0, Avg: 0.4, Max: 0.7, Diff: 0.7, Sum: 3.4]
      [Termination (ms): Min: 0.0, Avg: 0.1, Max: 0.1, Diff: 0.1, Sum: 0.6]
      [GC Worker Other (ms): Min: 0.0, Avg: 0.0, Max: 0.0, Diff: 0.0, Sum: 0.1]
      [GC Worker Total (ms): Min: 0.0, Avg: 0.7, Max: 1.2, Diff: 1.2, Sum: 6.0]
      [GC Worker End (ms): Min: 15683.5, Avg: 15683.5, Max: 15683.5, Diff: 0.0]
   [Code Root Fixup: 0.0 ms]
   [Clear CT: 0.1 ms]
   [Other: 0.3 ms]
      [Choose CSet: 0.0 ms]
      [Ref Proc: 0.2 ms]
      [Ref Enq: 0.0 ms]
      [Free CSet: 0.1 ms]
   [Eden: 317.0M(317.0M)->0.0B(317.0M) Survivors: 2048.0K->2048.0K Heap: 331.6M(533.0M)->14.6M(533.0M)]
 [Times: user=0.00 sys=0.00, real=0.00 secs] 
15.725: [GC pause (young)15.726: [SoftReference, 0 refs, 0.0000150 secs]15.726: [WeakReference, 0 refs, 0.0000020 secs]15.726: [FinalReference, 0 refs, 0.0000110 secs]15.726: [PhantomReference, 0 refs, 0.0000020 secs]15.726: [JNI Weak Reference, 0.0000020 secs], 0.0017710 secs]
   [Parallel Time: 1.3 ms, GC Workers: 8]
      [GC Worker Start (ms): Min: 15724.9, Avg: 15725.3, Max: 15726.0, Diff: 1.2]
      [Ext Root Scanning (ms): Min: 0.0, Avg: 0.2, Max: 0.3, Diff: 0.3, Sum: 1.4]
      [Update RS (ms): Min: 0.0, Avg: 0.0, Max: 0.0, Diff: 0.0, Sum: 0.0]
         [Processed Buffers: Min: 0, Avg: 0.8, Max: 3, Diff: 3, Sum: 6]
      [Scan RS (ms): Min: 0.0, Avg: 0.1, Max: 0.1, Diff: 0.1, Sum: 0.5]
      [Object Copy (ms): Min: 0.0, Avg: 0.5, Max: 0.8, Diff: 0.8, Sum: 3.6]
      [Termination (ms): Min: 0.0, Avg: 0.1, Max: 0.1, Diff: 0.1, Sum: 0.5]
      [GC Worker Other (ms): Min: 0.0, Avg: 0.0, Max: 0.0, Diff: 0.0, Sum: 0.1]
      [GC Worker Total (ms): Min: 0.0, Avg: 0.8, Max: 1.2, Diff: 1.2, Sum: 6.2]
      [GC Worker End (ms): Min: 15726.0, Avg: 15726.1, Max: 15726.1, Diff: 0.0]
   [Code Root Fixup: 0.0 ms]
   [Clear CT: 0.1 ms]
   [Other: 0.4 ms]
      [Choose CSet: 0.0 ms]
      [Ref Proc: 0.2 ms]
      [Ref Enq: 0.0 ms]
      [Free CSet: 0.1 ms]
   [Eden: 317.0M(317.0M)->0.0B(317.0M) Survivors: 2048.0K->2048.0K Heap: 331.6M(533.0M)->14.7M(533.0M)]
 [Times: user=0.01 sys=0.00, real=0.00 secs] 
15.768: [GC pause (young)15.770: [SoftReference, 0 refs, 0.0000240 secs]15.770: [WeakReference, 0 refs, 0.0000110 secs]15.770: [FinalReference, 0 refs, 0.0000020 secs]15.770: [PhantomReference, 0 refs, 0.0000030 secs]15.770: [JNI Weak Reference, 0.0000020 secs], 0.0017310 secs]
   [Parallel Time: 1.2 ms, GC Workers: 8]
      [GC Worker Start (ms): Min: 15768.3, Avg: 15768.7, Max: 15769.3, Diff: 1.1]
      [Ext Root Scanning (ms): Min: 0.0, Avg: 0.2, Max: 0.3, Diff: 0.3, Sum: 1.4]
      [Update RS (ms): Min: 0.0, Avg: 0.0, Max: 0.0, Diff: 0.0, Sum: 0.0]
         [Processed Buffers: Min: 0, Avg: 0.6, Max: 3, Diff: 3, Sum: 5]
      [Scan RS (ms): Min: 0.0, Avg: 0.1, Max: 0.1, Diff: 0.1, Sum: 0.5]
      [Object Copy (ms): Min: 0.0, Avg: 0.4, Max: 0.6, Diff: 0.6, Sum: 3.0]
      [Termination (ms): Min: 0.0, Avg: 0.1, Max: 0.1, Diff: 0.1, Sum: 0.5]
      [GC Worker Other (ms): Min: 0.0, Avg: 0.0, Max: 0.0, Diff: 0.0, Sum: 0.1]
      [GC Worker Total (ms): Min: 0.0, Avg: 0.7, Max: 1.1, Diff: 1.1, Sum: 5.5]
      [GC Worker End (ms): Min: 15769.4, Avg: 15769.4, Max: 15769.4, Diff: 0.0]
   [Code Root Fixup: 0.0 ms]
   [Clear CT: 0.1 ms]
   [Other: 0.4 ms]
      [Choose CSet: 0.0 ms]
      [Ref Proc: 0.2 ms]
      [Ref Enq: 0.0 ms]
      [Free CSet: 0.1 ms]
   [Eden: 317.0M(317.0M)->0.0B(318.0M) Survivors: 2048.0K->1024.0K Heap: 331.7M(533.0M)->14.0M(533.0M)]
 [Times: user=0.01 sys=0.00, real=0.00 secs] 
15.812: [GC pause (young)15.813: [SoftReference, 0 refs, 0.0000140 secs]15.813: [WeakReference, 0 refs, 0.0000030 secs]15.813: [FinalReference, 0 refs, 0.0000120 secs]15.813: [PhantomReference, 0 refs, 0.0000020 secs]15.813: [JNI Weak Reference, 0.0000020 secs], 0.0017580 secs]
   [Parallel Time: 1.3 ms, GC Workers: 8]
      [GC Worker Start (ms): Min: 15812.1, Avg: 15812.4, Max: 15813.3, Diff: 1.2]
      [Ext Root Scanning (ms): Min: 0.0, Avg: 0.2, Max: 0.3, Diff: 0.3, Sum: 1.7]
      [Update RS (ms): Min: 0.0, Avg: 0.0, Max: 0.0, Diff: 0.0, Sum: 0.1]
         [Processed Buffers: Min: 0, Avg: 1.0, Max: 5, Diff: 5, Sum: 8]
      [Scan RS (ms): Min: 0.0, Avg: 0.1, Max: 0.2, Diff: 0.2, Sum: 0.7]
      [Object Copy (ms): Min: 0.0, Avg: 0.5, Max: 0.7, Diff: 0.7, Sum: 3.8]
      [Termination (ms): Min: 0.0, Avg: 0.1, Max: 0.1, Diff: 0.1, Sum: 0.6]
      [GC Worker Other (ms): Min: 0.0, Avg: 0.0, Max: 0.0, Diff: 0.0, Sum: 0.0]
      [GC Worker Total (ms): Min: 0.0, Avg: 0.9, Max: 1.2, Diff: 1.2, Sum: 6.9]
      [GC Worker End (ms): Min: 15813.3, Avg: 15813.3, Max: 15813.3, Diff: 0.0]
   [Code Root Fixup: 0.0 ms]
   [Clear CT: 0.1 ms]
   [Other: 0.3 ms]
      [Choose CSet: 0.0 ms]
      [Ref Proc: 0.2 ms]
      [Ref Enq: 0.0 ms]
      [Free CSet: 0.1 ms]
   [Eden: 318.0M(318.0M)->0.0B(317.0M) Survivors: 1024.0K->2048.0K Heap: 332.0M(533.0M)->14.4M(533.0M)]
 [Times: user=0.00 sys=0.00, real=0.01 secs] 
15.857: [GC pause (young)15.858: [SoftReference, 0 refs, 0.0000380 secs]15.858: [WeakReference, 0 refs, 0.0000040 secs]15.858: [FinalReference, 0 refs, 0.0000030 secs]15.858: [PhantomReference, 0 refs, 0.0000030 secs]15.858: [JNI Weak Reference, 0.0000020 secs], 0.0015970 secs]
   [Parallel Time: 1.1 ms, GC Workers: 8]
      [GC Worker Start (ms): Min: 15857.0, Avg: 15857.2, Max: 15857.9, Diff: 0.9]
      [Ext Root Scanning (ms): Min: 0.0, Avg: 0.2, Max: 0.3, Diff: 0.3, Sum: 1.5]
      [Update RS (ms): Min: 0.0, Avg: 0.1, Max: 0.6, Diff: 0.6, Sum: 0.7]
         [Processed Buffers: Min: 0, Avg: 0.9, Max: 3, Diff: 3, Sum: 7]
      [Scan RS (ms): Min: 0.0, Avg: 0.1, Max: 0.1, Diff: 0.1, Sum: 0.6]
      [Object Copy (ms): Min: 0.1, Avg: 0.5, Max: 0.8, Diff: 0.6, Sum: 4.1]
      [Termination (ms): Min: 0.0, Avg: 0.0, Max: 0.0, Diff: 0.0, Sum: 0.0]
      [GC Worker Other (ms): Min: 0.0, Avg: 0.0, Max: 0.0, Diff: 0.0, Sum: 0.2]
      [GC Worker Total (ms): Min: 0.1, Avg: 0.9, Max: 1.1, Diff: 0.9, Sum: 7.2]
      [GC Worker End (ms): Min: 15858.1, Avg: 15858.1, Max: 15858.1, Diff: 0.0]
   [Code Root Fixup: 0.0 ms]
   [Clear CT: 0.1 ms]
   [Other: 0.3 ms]
      [Choose CSet: 0.0 ms]
      [Ref Proc: 0.2 ms]
      [Ref Enq: 0.0 ms]
      [Free CSet: 0.1 ms]
   [Eden: 317.0M(317.0M)->0.0B(317.0M) Survivors: 2048.0K->2048.0K Heap: 331.4M(533.0M)->14.5M(533.0M)]
 [Times: user=0.01 sys=0.00, real=0.00 secs] 
15.900: [GC pause (young)15.901: [SoftReference, 0 refs, 0.0000140 secs]15.901: [WeakReference, 0 refs, 0.0000030 secs]15.901: [FinalReference, 0 refs, 0.0000180 secs]15.901: [PhantomReference, 0 refs, 0.0000020 secs]15.901: [JNI Weak Reference, 0.0000030 secs], 0.0016530 secs]
   [Parallel Time: 1.2 ms, GC Workers: 8]
      [GC Worker Start (ms): Min: 15900.0, Avg: 15900.4, Max: 15901.1, Diff: 1.1]
      [Ext Root Scanning (ms): Min: 0.0, Avg: 0.2, Max: 0.3, Diff: 0.3, Sum: 1.4]
      [Update RS (ms): Min: 0.0, Avg: 0.0, Max: 0.0, Diff: 0.0, Sum: 0.0]
         [Processed Buffers: Min: 0, Avg: 1.0, Max: 6, Diff: 6, Sum: 8]
      [Scan RS (ms): Min: 0.0, Avg: 0.1, Max: 0.1, Diff: 0.1, Sum: 0.5]
      [Object Copy (ms): Min: 0.0, Avg: 0.4, Max: 0.7, Diff: 0.7, Sum: 3.1]
      [Termination (ms): Min: 0.0, Avg: 0.1, Max: 0.1, Diff: 0.1, Sum: 0.5]
      [GC Worker Other (ms): Min: 0.0, Avg: 0.0, Max: 0.0, Diff: 0.0, Sum: 0.1]
      [GC Worker Total (ms): Min: 0.0, Avg: 0.7, Max: 1.1, Diff: 1.1, Sum: 5.6]
      [GC Worker End (ms): Min: 15901.1, Avg: 15901.1, Max: 15901.1, Diff: 0.0]
   [Code Root Fixup: 0.0 ms]
   [Clear CT: 0.1 ms]
   [Other: 0.4 ms]
      [Choose CSet: 0.0 ms]
      [Ref Proc: 0.2 ms]
      [Ref Enq: 0.0 ms]
      [Free CSet: 0.1 ms]
   [Eden: 317.0M(317.0M)->0.0B(317.0M) Survivors: 2048.0K->2048.0K Heap: 331.5M(533.0M)->14.7M(533.0M)]
 [Times: user=0.00 sys=0.00, real=0.00 secs] 
15.944: [GC pause (young)15.945: [SoftReference, 0 refs, 0.0000160 secs]15.945: [WeakReference, 0 refs, 0.0000030 secs]15.945: [FinalReference, 0 refs, 0.0000030 secs]15.945: [PhantomReference, 0 refs, 0.0000020 secs]15.945: [JNI Weak Reference, 0.0000020 secs], 0.0017510 secs]
   [Parallel Time: 1.2 ms, GC Workers: 8]
      [GC Worker Start (ms): Min: 15943.8, Avg: 15944.1, Max: 15944.9, Diff: 1.1]
      [Ext Root Scanning (ms): Min: 0.0, Avg: 0.2, Max: 0.3, Diff: 0.3, Sum: 1.4]
      [Update RS (ms): Min: 0.0, Avg: 0.0, Max: 0.0, Diff: 0.0, Sum: 0.0]
         [Processed Buffers: Min: 0, Avg: 0.9, Max: 5, Diff: 5, Sum: 7]
      [Scan RS (ms): Min: 0.0, Avg: 0.1, Max: 0.1, Diff: 0.1, Sum: 0.5]
      [Object Copy (ms): Min: 0.0, Avg: 0.5, Max: 0.7, Diff: 0.7, Sum: 3.8]
      [Termination (ms): Min: 0.0, Avg: 0.1, Max: 0.1, Diff: 0.1, Sum: 0.6]
      [GC Worker Other (ms): Min: 0.0, Avg: 0.0, Max: 0.0, Diff: 0.0, Sum: 0.1]
      [GC Worker Total (ms): Min: 0.0, Avg: 0.8, Max: 1.1, Diff: 1.1, Sum: 6.4]
      [GC Worker End (ms): Min: 15944.9, Avg: 15944.9, Max: 15945.0, Diff: 0.0]
   [Code Root Fixup: 0.0 ms]
   [Clear CT: 0.2 ms]
   [Other: 0.4 ms]
      [Choose CSet: 0.0 ms]
      [Ref Proc: 0.2 ms]
      [Ref Enq: 0.0 ms]
      [Free CSet: 0.1 ms]
   [Eden: 317.0M(317.0M)->0.0B(317.0M) Survivors: 2048.0K->2048.0K Heap: 331.7M(533.0M)->14.4M(533.0M)]
 [Times: user=0.01 sys=0.00, real=0.00 secs] 
15.988: [GC pause (young)15.990: [SoftReference, 0 refs, 0.0000150 secs]15.990: [WeakReference, 0 refs, 0.0000030 secs]15.990: [FinalReference, 0 refs, 0.0000030 secs]15.990: [PhantomReference, 0 refs, 0.0000020 secs]15.990: [JNI Weak Reference, 0.0000020 secs], 0.0015800 secs]
   [Parallel Time: 1.1 ms, GC Workers: 8]
      [GC Worker Start (ms): Min: 15988.4, Avg: 15988.7, Max: 15989.5, Diff: 1.0]
      [Ext Root Scanning (ms): Min: 0.0, Avg: 0.2, Max: 0.3, Diff: 0.3, Sum: 1.6]
      [Update RS (ms): Min: 0.0, Avg: 0.0, Max: 0.0, Diff: 0.0, Sum: 0.0]
         [Processed Buffers: Min: 0, Avg: 0.8, Max: 2, Diff: 2, Sum: 6]
      [Scan RS (ms): Min: 0.0, Avg: 0.1, Max: 0.1, Diff: 0.1, Sum: 0.6]
      [Object Copy (ms): Min: 0.0, Avg: 0.4, Max: 0.7, Diff: 0.7, Sum: 3.6]
      [Termination (ms): Min: 0.0, Avg: 0.1, Max: 0.1, Diff: 0.1, Sum: 0.6]
      [GC Worker Other (ms): Min: 0.0, Avg: 0.0, Max: 0.0, Diff: 0.0, Sum: 0.1]
      [GC Worker Total (ms): Min: 0.0, Avg: 0.8, Max: 1.1, Diff: 1.0, Sum: 6.4]
      [GC Worker End (ms): Min: 15989.5, Avg: 15989.5, Max: 15989.5, Diff: 0.0]
   [Code Root Fixup: 0.0 ms]
   [Clear CT: 0.1 ms]
   [Other: 0.3 ms]
      [Choose CSet: 0.0 ms]
      [Ref Proc: 0.2 ms]
      [Ref Enq: 0.0 ms]
      [Free CSet: 0.1 ms]
   [Eden: 317.0M(317.0M)->0.0B(317.0M) Survivors: 2048.0K->2048.0K Heap: 331.4M(533.0M)->14.6M(533.0M)]
 [Times: user=0.01 sys=0.00, real=0.00 secs] 
16.033: [GC pause (young)16.034: [SoftReference, 0 refs, 0.0000140 secs]16.034: [WeakReference, 0 refs, 0.0000020 secs]16.034: [FinalReference, 0 refs, 0.0000020 secs]16.034: [PhantomReference, 0 refs, 0.0000020 secs]16.034: [JNI Weak Reference, 0.0000020 secs], 0.0014910 secs]
   [Parallel Time: 1.0 ms, GC Workers: 8]
      [GC Worker Start (ms): Min: 16033.2, Avg: 16033.5, Max: 16034.1, Diff: 0.8]
      [Ext Root Scanning (ms): Min: 0.0, Avg: 0.2, Max: 0.3, Diff: 0.3, Sum: 1.5]
      [Update RS (ms): Min: 0.0, Avg: 0.0, Max: 0.0, Diff: 0.0, Sum: 0.0]
         [Processed Buffers: Min: 0, Avg: 0.9, Max: 4, Diff: 4, Sum: 7]
      [Scan RS (ms): Min: 0.0, Avg: 0.1, Max: 0.1, Diff: 0.1, Sum: 0.5]
      [Object Copy (ms): Min: 0.1, Avg: 0.5, Max: 0.6, Diff: 0.5, Sum: 3.7]
      [Termination (ms): Min: 0.0, Avg: 0.0, Max: 0.0, Diff: 0.0, Sum: 0.0]
      [GC Worker Other (ms): Min: 0.0, Avg: 0.0, Max: 0.0, Diff: 0.0, Sum: 0.2]
      [GC Worker Total (ms): Min: 0.2, Avg: 0.7, Max: 1.0, Diff: 0.8, Sum: 5.9]
      [GC Worker End (ms): Min: 16034.2, Avg: 16034.2, Max: 16034.3, Diff: 0.0]
   [Code Root Fixup: 0.0 ms]
   [Clear CT: 0.1 ms]
   [Other: 0.3 ms]
      [Choose CSet: 0.0 ms]
      [Ref Proc: 0.2 ms]
      [Ref Enq: 0.0 ms]
      [Free CSet: 0.1 ms]
   [Eden: 317.0M(317.0M)->0.0B(317.0M) Survivors: 2048.0K->2048.0K Heap: 331.6M(533.0M)->14.7M(533.0M)]
 [Times: user=0.00 sys=0.00, real=0.00 secs] 
16.076: [GC pause (young)16.077: [SoftReference, 0 refs, 0.0000160 secs]16.077: [WeakReference, 0 refs, 0.0000120 secs]16.077: [FinalReference, 0 refs, 0.0000020 secs]16.077: [PhantomReference, 0 refs, 0.0000020 secs]16.077: [JNI Weak Reference, 0.0000020 secs], 0.0017050 secs]
   [Parallel Time: 1.2 ms, GC Workers: 8]
      [GC Worker Start (ms): Min: 16075.9, Avg: 16076.3, Max: 16077.1, Diff: 1.2]
      [Ext Root Scanning (ms): Min: 0.0, Avg: 0.2, Max: 0.3, Diff: 0.3, Sum: 1.4]
      [Update RS (ms): Min: 0.0, Avg: 0.0, Max: 0.0, Diff: 0.0, Sum: 0.0]
         [Processed Buffers: Min: 0, Avg: 1.1, Max: 7, Diff: 7, Sum: 9]
      [Scan RS (ms): Min: 0.0, Avg: 0.1, Max: 0.1, Diff: 0.1, Sum: 0.5]
      [Object Copy (ms): Min: 0.0, Avg: 0.4, Max: 0.8, Diff: 0.8, Sum: 3.6]
      [Termination (ms): Min: 0.0, Avg: 0.1, Max: 0.1, Diff: 0.1, Sum: 0.6]
      [GC Worker Other (ms): Min: 0.0, Avg: 0.0, Max: 0.0, Diff: 0.0, Sum: 0.1]
      [GC Worker Total (ms): Min: 0.0, Avg: 0.8, Max: 1.2, Diff: 1.2, Sum: 6.1]
      [GC Worker End (ms): Min: 16077.1, Avg: 16077.1, Max: 16077.1, Diff: 0.0]
   [Code Root Fixup: 0.0 ms]
   [Clear CT: 0.1 ms]
   [Other: 0.3 ms]
      [Choose CSet: 0.0 ms]
      [Ref Proc: 0.2 ms]
      [Ref Enq: 0.0 ms]
      [Free CSet: 0.1 ms]
   [Eden: 317.0M(317.0M)->0.0B(317.0M) Survivors: 2048.0K->2048.0K Heap: 331.7M(533.0M)->14.8M(533.0M)]
 [Times: user=0.01 sys=0.00, real=0.00 secs] 
16.120: [GC pause (young)16.121: [SoftReference, 0 refs, 0.0000250 secs]16.121: [WeakReference, 0 refs, 0.0000030 secs]16.121: [FinalReference, 0 refs, 0.0000020 secs]16.121: [PhantomReference, 0 refs, 0.0000020 secs]16.121: [JNI Weak Reference, 0.0000030 secs], 0.0017760 secs]
   [Parallel Time: 1.2 ms, GC Workers: 8]
      [GC Worker Start (ms): Min: 16119.6, Avg: 16120.1, Max: 16120.8, Diff: 1.2]
      [Ext Root Scanning (ms): Min: 0.0, Avg: 0.2, Max: 0.3, Diff: 0.3, Sum: 1.3]
      [Update RS (ms): Min: 0.0, Avg: 0.0, Max: 0.0, Diff: 0.0, Sum: 0.0]
         [Processed Buffers: Min: 0, Avg: 0.8, Max: 2, Diff: 2, Sum: 6]
      [Scan RS (ms): Min: 0.0, Avg: 0.1, Max: 0.1, Diff: 0.1, Sum: 0.4]
      [Object Copy (ms): Min: 0.0, Avg: 0.4, Max: 0.7, Diff: 0.7, Sum: 3.4]
      [Termination (ms): Min: 0.0, Avg: 0.1, Max: 0.1, Diff: 0.1, Sum: 0.6]
      [GC Worker Other (ms): Min: 0.0, Avg: 0.0, Max: 0.0, Diff: 0.0, Sum: 0.1]
      [GC Worker Total (ms): Min: 0.0, Avg: 0.7, Max: 1.2, Diff: 1.2, Sum: 5.9]
      [GC Worker End (ms): Min: 16120.8, Avg: 16120.8, Max: 16120.8, Diff: 0.0]
   [Code Root Fixup: 0.0 ms]
   [Clear CT: 0.2 ms]
   [Other: 0.4 ms]
      [Choose CSet: 0.0 ms]
      [Ref Proc: 0.2 ms]
      [Ref Enq: 0.0 ms]
      [Free CSet: 0.1 ms]
   [Eden: 317.0M(317.0M)->0.0B(317.0M) Survivors: 2048.0K->2048.0K Heap: 331.8M(533.0M)->14.8M(533.0M)]
 [Times: user=0.01 sys=0.00, real=0.00 secs] 
16.165: [GC pause (young)16.167: [SoftReference, 0 refs, 0.0000140 secs]16.167: [WeakReference, 0 refs, 0.0000020 secs]16.167: [FinalReference, 0 refs, 0.0000020 secs]16.167: [PhantomReference, 0 refs, 0.0000020 secs]16.167: [JNI Weak Reference, 0.0000030 secs], 0.0018660 secs]
   [Parallel Time: 1.3 ms, GC Workers: 8]
      [GC Worker Start (ms): Min: 16165.5, Avg: 16165.7, Max: 16166.5, Diff: 1.0]
      [Ext Root Scanning (ms): Min: 0.0, Avg: 0.2, Max: 0.3, Diff: 0.3, Sum: 1.6]
      [Update RS (ms): Min: 0.0, Avg: 0.0, Max: 0.0, Diff: 0.0, Sum: 0.1]
         [Processed Buffers: Min: 0, Avg: 0.8, Max: 6, Diff: 6, Sum: 6]
      [Scan RS (ms): Min: 0.0, Avg: 0.1, Max: 0.6, Diff: 0.6, Sum: 1.1]
      [Object Copy (ms): Min: 0.2, Avg: 0.7, Max: 0.9, Diff: 0.7, Sum: 5.3]
      [Termination (ms): Min: 0.0, Avg: 0.0, Max: 0.0, Diff: 0.0, Sum: 0.0]
      [GC Worker Other (ms): Min: 0.0, Avg: 0.0, Max: 0.0, Diff: 0.0, Sum: 0.2]
      [GC Worker Total (ms): Min: 0.2, Avg: 1.0, Max: 1.3, Diff: 1.0, Sum: 8.2]
      [GC Worker End (ms): Min: 16166.8, Avg: 16166.8, Max: 16166.8, Diff: 0.0]
   [Code Root Fixup: 0.0 ms]
   [Clear CT: 0.2 ms]
   [Other: 0.3 ms]
      [Choose CSet: 0.0 ms]
      [Ref Proc: 0.1 ms]
      [Ref Enq: 0.0 ms]
      [Free CSet: 0.2 ms]
   [Eden: 317.0M(317.0M)->0.0B(317.0M) Survivors: 2048.0K->2048.0K Heap: 331.8M(533.0M)->15.1M(533.0M)]
 [Times: user=0.01 sys=0.00, real=0.00 secs] 
16.209: [GC pause (young)16.210: [SoftReference, 0 refs, 0.0000150 secs]16.210: [WeakReference, 0 refs, 0.0000020 secs]16.210: [FinalReference, 0 refs, 0.0000020 secs]16.210: [PhantomReference, 0 refs, 0.0000020 secs]16.210: [JNI Weak Reference, 0.0000030 secs], 0.0017110 secs]
   [Parallel Time: 1.3 ms, GC Workers: 8]
      [GC Worker Start (ms): Min: 16209.1, Avg: 16209.5, Max: 16210.3, Diff: 1.2]
      [Ext Root Scanning (ms): Min: 0.0, Avg: 0.2, Max: 0.3, Diff: 0.3, Sum: 1.4]
      [Update RS (ms): Min: 0.0, Avg: 0.0, Max: 0.0, Diff: 0.0, Sum: 0.1]
         [Processed Buffers: Min: 0, Avg: 0.6, Max: 2, Diff: 2, Sum: 5]
      [Scan RS (ms): Min: 0.0, Avg: 0.1, Max: 0.2, Diff: 0.2, Sum: 0.6]
      [Object Copy (ms): Min: 0.0, Avg: 0.4, Max: 0.8, Diff: 0.8, Sum: 3.6]
      [Termination (ms): Min: 0.0, Avg: 0.1, Max: 0.1, Diff: 0.1, Sum: 0.6]
      [GC Worker Other (ms): Min: 0.0, Avg: 0.0, Max: 0.0, Diff: 0.0, Sum: 0.1]
      [GC Worker Total (ms): Min: 0.0, Avg: 0.8, Max: 1.2, Diff: 1.2, Sum: 6.3]
      [GC Worker End (ms): Min: 16210.3, Avg: 16210.3, Max: 16210.3, Diff: 0.0]
   [Code Root Fixup: 0.0 ms]
   [Clear CT: 0.1 ms]
   [Other: 0.3 ms]
      [Choose CSet: 0.0 ms]
      [Ref Proc: 0.2 ms]
      [Ref Enq: 0.0 ms]
      [Free CSet: 0.1 ms]
   [Eden: 317.0M(317.0M)->0.0B(316.0M) Survivors: 2048.0K->3072.0K Heap: 332.1M(533.0M)->15.6M(533.0M)]
 [Times: user=0.01 sys=0.00, real=0.00 secs] 
16.253: [GC pause (young)16.254: [SoftReference, 0 refs, 0.0000240 secs]16.254: [WeakReference, 0 refs, 0.0000030 secs]16.254: [FinalReference, 0 refs, 0.0000020 secs]16.254: [PhantomReference, 0 refs, 0.0000030 secs]16.254: [JNI Weak Reference, 0.0000020 secs], 0.0016400 secs]
   [Parallel Time: 1.2 ms, GC Workers: 8]
      [GC Worker Start (ms): Min: 16252.8, Avg: 16253.2, Max: 16253.9, Diff: 1.1]
      [Ext Root Scanning (ms): Min: 0.0, Avg: 0.2, Max: 0.3, Diff: 0.3, Sum: 1.4]
      [Update RS (ms): Min: 0.0, Avg: 0.0, Max: 0.0, Diff: 0.0, Sum: 0.0]
         [Processed Buffers: Min: 0, Avg: 1.0, Max: 7, Diff: 7, Sum: 8]
      [Scan RS (ms): Min: 0.0, Avg: 0.1, Max: 0.1, Diff: 0.1, Sum: 0.5]
      [Object Copy (ms): Min: 0.0, Avg: 0.4, Max: 0.7, Diff: 0.7, Sum: 3.1]
      [Termination (ms): Min: 0.0, Avg: 0.1, Max: 0.1, Diff: 0.1, Sum: 0.6]
      [GC Worker Other (ms): Min: 0.0, Avg: 0.0, Max: 0.0, Diff: 0.0, Sum: 0.1]
      [GC Worker Total (ms): Min: 0.0, Avg: 0.7, Max: 1.1, Diff: 1.1, Sum: 5.7]
      [GC Worker End (ms): Min: 16253.9, Avg: 16253.9, Max: 16253.9, Diff: 0.0]
   [Code Root Fixup: 0.0 ms]
   [Clear CT: 0.1 ms]
   [Other: 0.3 ms]
      [Choose CSet: 0.0 ms]
      [Ref Proc: 0.2 ms]
      [Ref Enq: 0.0 ms]
      [Free CSet: 0.1 ms]
   [Eden: 316.0M(316.0M)->0.0B(317.0M) Survivors: 3072.0K->2048.0K Heap: 331.6M(533.0M)->14.6M(533.0M)]
 [Times: user=0.01 sys=0.00, real=0.00 secs] 
16.296: [GC pause (young)16.297: [SoftReference, 0 refs, 0.0000140 secs]16.297: [WeakReference, 0 refs, 0.0000020 secs]16.297: [FinalReference, 0 refs, 0.0000020 secs]16.297: [PhantomReference, 0 refs, 0.0000020 secs]16.297: [JNI Weak Reference, 0.0000110 secs], 0.0016650 secs]
   [Parallel Time: 1.2 ms, GC Workers: 8]
      [GC Worker Start (ms): Min: 16296.0, Avg: 16296.4, Max: 16297.1, Diff: 1.1]
      [Ext Root Scanning (ms): Min: 0.0, Avg: 0.2, Max: 0.3, Diff: 0.3, Sum: 1.4]
      [Update RS (ms): Min: 0.0, Avg: 0.0, Max: 0.0, Diff: 0.0, Sum: 0.1]
         [Processed Buffers: Min: 0, Avg: 0.9, Max: 4, Diff: 4, Sum: 7]
      [Scan RS (ms): Min: 0.0, Avg: 0.1, Max: 0.2, Diff: 0.2, Sum: 0.6]
      [Object Copy (ms): Min: 0.0, Avg: 0.4, Max: 0.8, Diff: 0.8, Sum: 3.3]
      [Termination (ms): Min: 0.0, Avg: 0.1, Max: 0.1, Diff: 0.1, Sum: 0.5]
      [GC Worker Other (ms): Min: 0.0, Avg: 0.0, Max: 0.0, Diff: 0.0, Sum: 0.0]
      [GC Worker Total (ms): Min: 0.0, Avg: 0.7, Max: 1.2, Diff: 1.1, Sum: 5.9]
      [GC Worker End (ms): Min: 16297.1, Avg: 16297.1, Max: 16297.2, Diff: 0.0]
   [Code Root Fixup: 0.0 ms]
   [Clear CT: 0.1 ms]
   [Other: 0.3 ms]
      [Choose CSet: 0.0 ms]
      [Ref Proc: 0.2 ms]
      [Ref Enq: 0.0 ms]
      [Free CSet: 0.1 ms]
   [Eden: 317.0M(317.0M)->0.0B(316.0M) Survivors: 2048.0K->3072.0K Heap: 331.6M(533.0M)->16.0M(533.0M)]
 [Times: user=0.01 sys=0.00, real=0.00 secs] 
16.341: [GC pause (young)16.343: [SoftReference, 0 refs, 0.0000240 secs]16.343: [WeakReference, 0 refs, 0.0000020 secs]16.343: [FinalReference, 0 refs, 0.0000030 secs]16.343: [PhantomReference, 0 refs, 0.0000020 secs]16.343: [JNI Weak Reference, 0.0000030 secs], 0.0016830 secs]
   [Parallel Time: 1.2 ms, GC Workers: 8]
      [GC Worker Start (ms): Min: 16341.4, Avg: 16341.8, Max: 16342.5, Diff: 1.1]
      [Ext Root Scanning (ms): Min: 0.0, Avg: 0.2, Max: 0.3, Diff: 0.3, Sum: 1.4]
      [Update RS (ms): Min: 0.0, Avg: 0.0, Max: 0.0, Diff: 0.0, Sum: 0.0]
         [Processed Buffers: Min: 0, Avg: 1.0, Max: 4, Diff: 4, Sum: 8]
      [Scan RS (ms): Min: 0.0, Avg: 0.1, Max: 0.1, Diff: 0.1, Sum: 0.5]
      [Object Copy (ms): Min: 0.0, Avg: 0.4, Max: 0.6, Diff: 0.6, Sum: 2.8]
      [Termination (ms): Min: 0.0, Avg: 0.1, Max: 0.1, Diff: 0.1, Sum: 0.6]
      [GC Worker Other (ms): Min: 0.0, Avg: 0.0, Max: 0.0, Diff: 0.0, Sum: 0.1]
      [GC Worker Total (ms): Min: 0.0, Avg: 0.7, Max: 1.1, Diff: 1.1, Sum: 5.5]
      [GC Worker End (ms): Min: 16342.5, Avg: 16342.5, Max: 16342.5, Diff: 0.0]
   [Code Root Fixup: 0.0 ms]
   [Clear CT: 0.1 ms]
   [Other: 0.4 ms]
      [Choose CSet: 0.0 ms]
      [Ref Proc: 0.2 ms]
      [Ref Enq: 0.0 ms]
      [Free CSet: 0.1 ms]
   [Eden: 316.0M(316.0M)->0.0B(317.0M) Survivors: 3072.0K->2048.0K Heap: 332.0M(533.0M)->14.6M(533.0M)]
 [Times: user=0.01 sys=0.00, real=0.01 secs] 
16.387: [GC pause (young)16.388: [SoftReference, 0 refs, 0.0000250 secs]16.388: [WeakReference, 0 refs, 0.0000110 secs]16.388: [FinalReference, 0 refs, 0.0000020 secs]16.388: [PhantomReference, 0 refs, 0.0000030 secs]16.388: [JNI Weak Reference, 0.0000020 secs], 0.0017980 secs]
   [Parallel Time: 1.3 ms, GC Workers: 8]
      [GC Worker Start (ms): Min: 16386.8, Avg: 16387.1, Max: 16388.0, Diff: 1.3]
      [Ext Root Scanning (ms): Min: 0.0, Avg: 0.2, Max: 0.3, Diff: 0.3, Sum: 1.5]
      [Update RS (ms): Min: 0.0, Avg: 0.0, Max: 0.0, Diff: 0.0, Sum: 0.1]
         [Processed Buffers: Min: 0, Avg: 0.6, Max: 3, Diff: 3, Sum: 5]
      [Scan RS (ms): Min: 0.0, Avg: 0.1, Max: 0.1, Diff: 0.1, Sum: 0.5]
      [Object Copy (ms): Min: 0.0, Avg: 0.6, Max: 1.0, Diff: 1.0, Sum: 4.7]
      [Termination (ms): Min: 0.0, Avg: 0.1, Max: 0.1, Diff: 0.1, Sum: 0.6]
      [GC Worker Other (ms): Min: 0.0, Avg: 0.0, Max: 0.0, Diff: 0.0, Sum: 0.0]
      [GC Worker Total (ms): Min: 0.0, Avg: 0.9, Max: 1.3, Diff: 1.3, Sum: 7.4]
      [GC Worker End (ms): Min: 16388.0, Avg: 16388.0, Max: 16388.0, Diff: 0.0]
   [Code Root Fixup: 0.0 ms]
   [Clear CT: 0.1 ms]
   [Other: 0.4 ms]
      [Choose CSet: 0.0 ms]
      [Ref Proc: 0.2 ms]
      [Ref Enq: 0.0 ms]
      [Free CSet: 0.1 ms]
   [Eden: 317.0M(317.0M)->0.0B(317.0M) Survivors: 2048.0K->2048.0K Heap: 331.6M(533.0M)->15.0M(533.0M)]
 [Times: user=0.01 sys=0.00, real=0.00 secs] 
16.430: [GC pause (young)16.431: [SoftReference, 0 refs, 0.0000300 secs]16.431: [WeakReference, 0 refs, 0.0000030 secs]16.431: [FinalReference, 0 refs, 0.0000120 secs]16.431: [PhantomReference, 0 refs, 0.0000030 secs]16.431: [JNI Weak Reference, 0.0000120 secs], 0.0018120 secs]
   [Parallel Time: 1.3 ms, GC Workers: 8]
      [GC Worker Start (ms): Min: 16430.0, Avg: 16430.5, Max: 16431.2, Diff: 1.2]
      [Ext Root Scanning (ms): Min: 0.0, Avg: 0.2, Max: 0.3, Diff: 0.3, Sum: 1.4]
      [Update RS (ms): Min: 0.0, Avg: 0.0, Max: 0.0, Diff: 0.0, Sum: 0.0]
         [Processed Buffers: Min: 0, Avg: 1.0, Max: 4, Diff: 4, Sum: 8]
      [Scan RS (ms): Min: 0.0, Avg: 0.1, Max: 0.1, Diff: 0.1, Sum: 0.4]
      [Object Copy (ms): Min: 0.0, Avg: 0.4, Max: 0.8, Diff: 0.8, Sum: 3.5]
      [Termination (ms): Min: 0.0, Avg: 0.1, Max: 0.2, Diff: 0.2, Sum: 0.9]
      [GC Worker Other (ms): Min: 0.0, Avg: 0.0, Max: 0.0, Diff: 0.0, Sum: 0.2]
      [GC Worker Total (ms): Min: 0.0, Avg: 0.8, Max: 1.3, Diff: 1.3, Sum: 6.4]
      [GC Worker End (ms): Min: 16431.2, Avg: 16431.3, Max: 16431.3, Diff: 0.0]
   [Code Root Fixup: 0.0 ms]
   [Clear CT: 0.1 ms]
   [Other: 0.4 ms]
      [Choose CSet: 0.0 ms]
      [Ref Proc: 0.2 ms]
      [Ref Enq: 0.0 ms]
      [Free CSet: 0.1 ms]
   [Eden: 317.0M(317.0M)->0.0B(317.0M) Survivors: 2048.0K->2048.0K Heap: 332.0M(533.0M)->15.0M(533.0M)]
 [Times: user=0.00 sys=0.00, real=0.00 secs] 
16.473: [GC pause (young)16.475: [SoftReference, 0 refs, 0.0000240 secs]16.475: [WeakReference, 0 refs, 0.0000140 secs]16.475: [FinalReference, 0 refs, 0.0000030 secs]16.475: [PhantomReference, 0 refs, 0.0000020 secs]16.475: [JNI Weak Reference, 0.0000020 secs], 0.0019050 secs]
   [Parallel Time: 1.4 ms, GC Workers: 8]
      [GC Worker Start (ms): Min: 16473.4, Avg: 16473.9, Max: 16474.6, Diff: 1.2]
      [Ext Root Scanning (ms): Min: 0.0, Avg: 0.2, Max: 0.3, Diff: 0.3, Sum: 1.4]
      [Update RS (ms): Min: 0.0, Avg: 0.0, Max: 0.0, Diff: 0.0, Sum: 0.0]
         [Processed Buffers: Min: 0, Avg: 0.6, Max: 3, Diff: 3, Sum: 5]
      [Scan RS (ms): Min: 0.0, Avg: 0.1, Max: 0.1, Diff: 0.1, Sum: 0.4]
      [Object Copy (ms): Min: 0.0, Avg: 0.4, Max: 0.8, Diff: 0.8, Sum: 3.6]
      [Termination (ms): Min: 0.0, Avg: 0.1, Max: 0.1, Diff: 0.1, Sum: 0.7]
      [GC Worker Other (ms): Min: 0.0, Avg: 0.0, Max: 0.0, Diff: 0.0, Sum: 0.1]
      [GC Worker Total (ms): Min: 0.0, Avg: 0.8, Max: 1.2, Diff: 1.2, Sum: 6.2]
      [GC Worker End (ms): Min: 16474.6, Avg: 16474.6, Max: 16474.7, Diff: 0.0]
   [Code Root Fixup: 0.0 ms]
   [Clear CT: 0.2 ms]
   [Other: 0.4 ms]
      [Choose CSet: 0.0 ms]
      [Ref Proc: 0.2 ms]
      [Ref Enq: 0.0 ms]
      [Free CSet: 0.1 ms]
   [Eden: 317.0M(317.0M)->0.0B(317.0M) Survivors: 2048.0K->2048.0K Heap: 332.0M(533.0M)->14.9M(533.0M)]
 [Times: user=0.00 sys=0.00, real=0.00 secs] 
16.517: [GC pause (young)16.519: [SoftReference, 0 refs, 0.0000330 secs]16.519: [WeakReference, 0 refs, 0.0000030 secs]16.519: [FinalReference, 0 refs, 0.0000030 secs]16.519: [PhantomReference, 0 refs, 0.0000020 secs]16.519: [JNI Weak Reference, 0.0000110 secs], 0.0017410 secs]
   [Parallel Time: 1.2 ms, GC Workers: 8]
      [GC Worker Start (ms): Min: 16517.2, Avg: 16517.7, Max: 16518.4, Diff: 1.2]
      [Ext Root Scanning (ms): Min: 0.0, Avg: 0.2, Max: 0.3, Diff: 0.3, Sum: 1.4]
      [Update RS (ms): Min: 0.0, Avg: 0.0, Max: 0.0, Diff: 0.0, Sum: 0.0]
         [Processed Buffers: Min: 0, Avg: 0.6, Max: 4, Diff: 4, Sum: 5]
      [Scan RS (ms): Min: 0.0, Avg: 0.1, Max: 0.2, Diff: 0.2, Sum: 0.6]
      [Object Copy (ms): Min: 0.0, Avg: 0.4, Max: 0.8, Diff: 0.8, Sum: 3.3]
      [Termination (ms): Min: 0.0, Avg: 0.1, Max: 0.1, Diff: 0.1, Sum: 0.6]
      [GC Worker Other (ms): Min: 0.0, Avg: 0.0, Max: 0.0, Diff: 0.0, Sum: 0.1]
      [GC Worker Total (ms): Min: 0.0, Avg: 0.7, Max: 1.2, Diff: 1.2, Sum: 5.9]
      [GC Worker End (ms): Min: 16518.4, Avg: 16518.4, Max: 16518.4, Diff: 0.0]
   [Code Root Fixup: 0.0 ms]
   [Clear CT: 0.1 ms]
   [Other: 0.4 ms]
      [Choose CSet: 0.0 ms]
      [Ref Proc: 0.2 ms]
      [Ref Enq: 0.0 ms]
      [Free CSet: 0.1 ms]
   [Eden: 317.0M(317.0M)->0.0B(317.0M) Survivors: 2048.0K->2048.0K Heap: 331.9M(533.0M)->14.9M(533.0M)]
 [Times: user=0.01 sys=0.00, real=0.00 secs] 
16.561: [GC pause (young)16.562: [SoftReference, 0 refs, 0.0000140 secs]16.562: [WeakReference, 0 refs, 0.0000020 secs]16.562: [FinalReference, 0 refs, 0.0000020 secs]16.562: [PhantomReference, 0 refs, 0.0000020 secs]16.562: [JNI Weak Reference, 0.0000020 secs], 0.0017600 secs]
   [Parallel Time: 1.3 ms, GC Workers: 8]
      [GC Worker Start (ms): Min: 16560.6, Avg: 16560.9, Max: 16561.7, Diff: 1.2]
      [Ext Root Scanning (ms): Min: 0.0, Avg: 0.2, Max: 0.3, Diff: 0.3, Sum: 1.5]
      [Update RS (ms): Min: 0.0, Avg: 0.0, Max: 0.0, Diff: 0.0, Sum: 0.1]
         [Processed Buffers: Min: 0, Avg: 0.5, Max: 2, Diff: 2, Sum: 4]
      [Scan RS (ms): Min: 0.0, Avg: 0.1, Max: 0.1, Diff: 0.1, Sum: 0.6]
      [Object Copy (ms): Min: 0.0, Avg: 0.5, Max: 0.8, Diff: 0.8, Sum: 4.3]
      [Termination (ms): Min: 0.0, Avg: 0.1, Max: 0.1, Diff: 0.1, Sum: 0.6]
      [GC Worker Other (ms): Min: 0.0, Avg: 0.0, Max: 0.0, Diff: 0.0, Sum: 0.0]
      [GC Worker Total (ms): Min: 0.0, Avg: 0.9, Max: 1.2, Diff: 1.2, Sum: 7.1]
      [GC Worker End (ms): Min: 16561.8, Avg: 16561.8, Max: 16561.8, Diff: 0.0]
   [Code Root Fixup: 0.0 ms]
   [Clear CT: 0.1 ms]
   [Other: 0.4 ms]
      [Choose CSet: 0.0 ms]
      [Ref Proc: 0.2 ms]
      [Ref Enq: 0.0 ms]
      [Free CSet: 0.1 ms]
   [Eden: 317.0M(317.0M)->0.0B(317.0M) Survivors: 2048.0K->2048.0K Heap: 331.9M(533.0M)->15.0M(533.0M)]
 [Times: user=0.01 sys=0.00, real=0.01 secs] 
16.604: [GC pause (young)16.605: [SoftReference, 0 refs, 0.0000160 secs]16.605: [WeakReference, 0 refs, 0.0000030 secs]16.605: [FinalReference, 0 refs, 0.0000020 secs]16.605: [PhantomReference, 0 refs, 0.0000020 secs]16.605: [JNI Weak Reference, 0.0000030 secs], 0.0018410 secs]
   [Parallel Time: 1.3 ms, GC Workers: 8]
      [GC Worker Start (ms): Min: 16603.6, Avg: 16603.9, Max: 16604.7, Diff: 1.2]
      [Ext Root Scanning (ms): Min: 0.0, Avg: 0.2, Max: 0.3, Diff: 0.3, Sum: 1.5]
      [Update RS (ms): Min: 0.0, Avg: 0.0, Max: 0.0, Diff: 0.0, Sum: 0.0]
         [Processed Buffers: Min: 0, Avg: 0.8, Max: 3, Diff: 3, Sum: 6]
      [Scan RS (ms): Min: 0.0, Avg: 0.1, Max: 0.1, Diff: 0.1, Sum: 0.5]
      [Object Copy (ms): Min: 0.0, Avg: 0.5, Max: 0.8, Diff: 0.8, Sum: 4.2]
      [Termination (ms): Min: 0.0, Avg: 0.1, Max: 0.1, Diff: 0.1, Sum: 0.6]
      [GC Worker Other (ms): Min: 0.0, Avg: 0.0, Max: 0.1, Diff: 0.1, Sum: 0.4]
      [GC Worker Total (ms): Min: 0.0, Avg: 0.9, Max: 1.2, Diff: 1.2, Sum: 7.3]
      [GC Worker End (ms): Min: 16604.8, Avg: 16604.8, Max: 16604.8, Diff: 0.1]
   [Code Root Fixup: 0.0 ms]
   [Clear CT: 0.2 ms]
   [Other: 0.4 ms]
      [Choose CSet: 0.0 ms]
      [Ref Proc: 0.2 ms]
      [Ref Enq: 0.0 ms]
      [Free CSet: 0.1 ms]
   [Eden: 317.0M(317.0M)->0.0B(317.0M) Survivors: 2048.0K->2048.0K Heap: 332.0M(533.0M)->15.0M(533.0M)]
 [Times: user=0.01 sys=0.00, real=0.00 secs] 
16.648: [GC pause (young)16.649: [SoftReference, 0 refs, 0.0000240 secs]16.649: [WeakReference, 0 refs, 0.0000120 secs]16.649: [FinalReference, 0 refs, 0.0000030 secs]16.649: [PhantomReference, 0 refs, 0.0000020 secs]16.649: [JNI Weak Reference, 0.0000020 secs], 0.0016000 secs]
   [Parallel Time: 1.1 ms, GC Workers: 8]
      [GC Worker Start (ms): Min: 16647.9, Avg: 16648.3, Max: 16648.9, Diff: 1.0]
      [Ext Root Scanning (ms): Min: 0.0, Avg: 0.2, Max: 0.3, Diff: 0.3, Sum: 1.3]
      [Update RS (ms): Min: 0.0, Avg: 0.0, Max: 0.0, Diff: 0.0, Sum: 0.0]
         [Processed Buffers: Min: 0, Avg: 0.9, Max: 4, Diff: 4, Sum: 7]
      [Scan RS (ms): Min: 0.0, Avg: 0.1, Max: 0.1, Diff: 0.1, Sum: 0.4]
      [Object Copy (ms): Min: 0.0, Avg: 0.4, Max: 0.6, Diff: 0.6, Sum: 2.8]
      [Termination (ms): Min: 0.0, Avg: 0.1, Max: 0.1, Diff: 0.1, Sum: 0.6]
      [GC Worker Other (ms): Min: 0.0, Avg: 0.0, Max: 0.0, Diff: 0.0, Sum: 0.0]
      [GC Worker Total (ms): Min: 0.0, Avg: 0.7, Max: 1.1, Diff: 1.1, Sum: 5.3]
      [GC Worker End (ms): Min: 16649.0, Avg: 16649.0, Max: 16649.0, Diff: 0.0]
   [Code Root Fixup: 0.0 ms]
   [Clear CT: 0.1 ms]
   [Other: 0.3 ms]
      [Choose CSet: 0.0 ms]
      [Ref Proc: 0.2 ms]
      [Ref Enq: 0.0 ms]
      [Free CSet: 0.1 ms]
   [Eden: 317.0M(317.0M)->0.0B(318.0M) Survivors: 2048.0K->1024.0K Heap: 332.0M(533.0M)->14.3M(533.0M)]
 [Times: user=0.00 sys=0.00, real=0.00 secs] 
16.691: [GC pause (young)16.692: [SoftReference, 0 refs, 0.0000250 secs]16.692: [WeakReference, 0 refs, 0.0000110 secs]16.692: [FinalReference, 0 refs, 0.0000160 secs]16.693: [PhantomReference, 0 refs, 0.0000030 secs]16.693: [JNI Weak Reference, 0.0000020 secs], 0.0016800 secs]
   [Parallel Time: 1.1 ms, GC Workers: 8]
      [GC Worker Start (ms): Min: 16691.2, Avg: 16691.6, Max: 16692.2, Diff: 1.1]
      [Ext Root Scanning (ms): Min: 0.0, Avg: 0.2, Max: 0.3, Diff: 0.3, Sum: 1.3]
      [Update RS (ms): Min: 0.0, Avg: 0.0, Max: 0.0, Diff: 0.0, Sum: 0.0]
         [Processed Buffers: Min: 0, Avg: 0.8, Max: 4, Diff: 4, Sum: 6]
      [Scan RS (ms): Min: 0.0, Avg: 0.1, Max: 0.1, Diff: 0.1, Sum: 0.5]
      [Object Copy (ms): Min: 0.0, Avg: 0.4, Max: 0.6, Diff: 0.6, Sum: 2.8]
      [Termination (ms): Min: 0.0, Avg: 0.1, Max: 0.1, Diff: 0.1, Sum: 0.6]
      [GC Worker Other (ms): Min: 0.0, Avg: 0.0, Max: 0.0, Diff: 0.0, Sum: 0.1]
      [GC Worker Total (ms): Min: 0.0, Avg: 0.7, Max: 1.1, Diff: 1.1, Sum: 5.4]
      [GC Worker End (ms): Min: 16692.3, Avg: 16692.3, Max: 16692.3, Diff: 0.0]
   [Code Root Fixup: 0.0 ms]
   [Clear CT: 0.1 ms]
   [Other: 0.4 ms]
      [Choose CSet: 0.0 ms]
      [Ref Proc: 0.2 ms]
      [Ref Enq: 0.0 ms]
      [Free CSet: 0.1 ms]
   [Eden: 318.0M(318.0M)->0.0B(317.0M) Survivors: 1024.0K->2048.0K Heap: 332.3M(533.0M)->14.3M(533.0M)]
 [Times: user=0.00 sys=0.00, real=0.01 secs] 
16.734: [GC pause (young)16.736: [SoftReference, 0 refs, 0.0000270 secs]16.736: [WeakReference, 0 refs, 0.0000030 secs]16.736: [FinalReference, 0 refs, 0.0000120 secs]16.736: [PhantomReference, 0 refs, 0.0000020 secs]16.736: [JNI Weak Reference, 0.0000030 secs], 0.0017740 secs]
   [Parallel Time: 1.3 ms, GC Workers: 8]
      [GC Worker Start (ms): Min: 16734.5, Avg: 16735.0, Max: 16735.7, Diff: 1.2]
      [Ext Root Scanning (ms): Min: 0.0, Avg: 0.2, Max: 0.3, Diff: 0.3, Sum: 1.4]
      [Update RS (ms): Min: 0.0, Avg: 0.0, Max: 0.0, Diff: 0.0, Sum: 0.0]
         [Processed Buffers: Min: 0, Avg: 0.8, Max: 6, Diff: 6, Sum: 6]
      [Scan RS (ms): Min: 0.0, Avg: 0.1, Max: 0.1, Diff: 0.1, Sum: 0.5]
      [Object Copy (ms): Min: 0.0, Avg: 0.5, Max: 0.8, Diff: 0.8, Sum: 3.7]
      [Termination (ms): Min: 0.0, Avg: 0.1, Max: 0.1, Diff: 0.1, Sum: 0.5]
      [GC Worker Other (ms): Min: 0.0, Avg: 0.0, Max: 0.0, Diff: 0.0, Sum: 0.1]
      [GC Worker Total (ms): Min: 0.0, Avg: 0.8, Max: 1.2, Diff: 1.2, Sum: 6.2]
      [GC Worker End (ms): Min: 16735.8, Avg: 16735.8, Max: 16735.8, Diff: 0.0]
   [Code Root Fixup: 0.0 ms]
   [Clear CT: 0.1 ms]
   [Other: 0.3 ms]
      [Choose CSet: 0.0 ms]
      [Ref Proc: 0.2 ms]
      [Ref Enq: 0.0 ms]
      [Free CSet: 0.1 ms]
   [Eden: 317.0M(317.0M)->0.0B(317.0M) Survivors: 2048.0K->2048.0K Heap: 331.3M(533.0M)->15.1M(533.0M)]
 [Times: user=0.00 sys=0.00, real=0.00 secs] 
16.778: [GC pause (young)16.779: [SoftReference, 0 refs, 0.0000150 secs]16.779: [WeakReference, 0 refs, 0.0000040 secs]16.780: [FinalReference, 0 refs, 0.0000030 secs]16.780: [PhantomReference, 0 refs, 0.0000030 secs]16.780: [JNI Weak Reference, 0.0000030 secs], 0.0016380 secs]
   [Parallel Time: 1.1 ms, GC Workers: 8]
      [GC Worker Start (ms): Min: 16778.3, Avg: 16778.6, Max: 16779.3, Diff: 1.0]
      [Ext Root Scanning (ms): Min: 0.0, Avg: 0.2, Max: 0.3, Diff: 0.3, Sum: 1.4]
      [Update RS (ms): Min: 0.0, Avg: 0.0, Max: 0.0, Diff: 0.0, Sum: 0.0]
         [Processed Buffers: Min: 0, Avg: 0.5, Max: 2, Diff: 2, Sum: 4]
      [Scan RS (ms): Min: 0.0, Avg: 0.1, Max: 0.1, Diff: 0.1, Sum: 0.4]
      [Object Copy (ms): Min: 0.0, Avg: 0.4, Max: 0.7, Diff: 0.7, Sum: 3.1]
      [Termination (ms): Min: 0.0, Avg: 0.0, Max: 0.0, Diff: 0.0, Sum: 0.1]
      [GC Worker Other (ms): Min: 0.0, Avg: 0.0, Max: 0.0, Diff: 0.0, Sum: 0.2]
      [GC Worker Total (ms): Min: 0.0, Avg: 0.7, Max: 1.1, Diff: 1.0, Sum: 5.2]
      [GC Worker End (ms): Min: 16779.3, Avg: 16779.3, Max: 16779.3, Diff: 0.0]
   [Code Root Fixup: 0.0 ms]
   [Clear CT: 0.1 ms]
   [Other: 0.4 ms]
      [Choose CSet: 0.0 ms]
      [Ref Proc: 0.2 ms]
      [Ref Enq: 0.0 ms]
      [Free CSet: 0.1 ms]
   [Eden: 317.0M(317.0M)->0.0B(317.0M) Survivors: 2048.0K->2048.0K Heap: 332.1M(533.0M)->14.4M(533.0M)]
 [Times: user=0.00 sys=0.01, real=0.00 secs] 
16.821: [GC pause (young)16.823: [SoftReference, 0 refs, 0.0000140 secs]16.823: [WeakReference, 0 refs, 0.0000020 secs]16.823: [FinalReference, 0 refs, 0.0000020 secs]16.823: [PhantomReference, 0 refs, 0.0000030 secs]16.823: [JNI Weak Reference, 0.0000020 secs], 0.0017370 secs]
   [Parallel Time: 1.3 ms, GC Workers: 8]
      [GC Worker Start (ms): Min: 16821.3, Avg: 16821.8, Max: 16822.5, Diff: 1.2]
      [Ext Root Scanning (ms): Min: 0.0, Avg: 0.2, Max: 0.3, Diff: 0.3, Sum: 1.4]
      [Update RS (ms): Min: 0.0, Avg: 0.0, Max: 0.0, Diff: 0.0, Sum: 0.0]
         [Processed Buffers: Min: 0, Avg: 0.9, Max: 7, Diff: 7, Sum: 7]
      [Scan RS (ms): Min: 0.0, Avg: 0.1, Max: 0.2, Diff: 0.2, Sum: 0.5]
      [Object Copy (ms): Min: 0.0, Avg: 0.4, Max: 0.8, Diff: 0.8, Sum: 3.5]
      [Termination (ms): Min: 0.0, Avg: 0.1, Max: 0.1, Diff: 0.1, Sum: 0.5]
      [GC Worker Other (ms): Min: 0.0, Avg: 0.0, Max: 0.0, Diff: 0.0, Sum: 0.1]
      [GC Worker Total (ms): Min: 0.0, Avg: 0.8, Max: 1.2, Diff: 1.2, Sum: 6.1]
      [GC Worker End (ms): Min: 16822.5, Avg: 16822.5, Max: 16822.5, Diff: 0.0]
   [Code Root Fixup: 0.0 ms]
   [Clear CT: 0.1 ms]
   [Other: 0.4 ms]
      [Choose CSet: 0.0 ms]
      [Ref Proc: 0.2 ms]
      [Ref Enq: 0.0 ms]
      [Free CSet: 0.1 ms]
   [Eden: 317.0M(317.0M)->0.0B(316.0M) Survivors: 2048.0K->3072.0K Heap: 331.4M(533.0M)->15.8M(533.0M)]
 [Times: user=0.01 sys=0.00, real=0.01 secs] 
16.865: [GC pause (young)16.867: [SoftReference, 0 refs, 0.0000360 secs]16.867: [WeakReference, 0 refs, 0.0000120 secs]16.867: [FinalReference, 0 refs, 0.0000020 secs]16.867: [PhantomReference, 0 refs, 0.0000120 secs]16.867: [JNI Weak Reference, 0.0000020 secs], 0.0018290 secs]
   [Parallel Time: 1.3 ms, GC Workers: 8]
      [GC Worker Start (ms): Min: 16865.3, Avg: 16865.7, Max: 16866.5, Diff: 1.2]
      [Ext Root Scanning (ms): Min: 0.0, Avg: 0.2, Max: 0.3, Diff: 0.3, Sum: 1.4]
      [Update RS (ms): Min: 0.0, Avg: 0.0, Max: 0.0, Diff: 0.0, Sum: 0.0]
         [Processed Buffers: Min: 0, Avg: 0.9, Max: 4, Diff: 4, Sum: 7]
      [Scan RS (ms): Min: 0.0, Avg: 0.1, Max: 0.1, Diff: 0.1, Sum: 0.5]
      [Object Copy (ms): Min: 0.0, Avg: 0.5, Max: 0.8, Diff: 0.8, Sum: 3.6]
      [Termination (ms): Min: 0.0, Avg: 0.1, Max: 0.1, Diff: 0.1, Sum: 0.6]
      [GC Worker Other (ms): Min: 0.0, Avg: 0.0, Max: 0.0, Diff: 0.0, Sum: 0.0]
      [GC Worker Total (ms): Min: 0.0, Avg: 0.8, Max: 1.3, Diff: 1.3, Sum: 6.3]
      [GC Worker End (ms): Min: 16866.5, Avg: 16866.5, Max: 16866.5, Diff: 0.0]
   [Code Root Fixup: 0.0 ms]
   [Clear CT: 0.1 ms]
   [Other: 0.4 ms]
      [Choose CSet: 0.0 ms]
      [Ref Proc: 0.2 ms]
      [Ref Enq: 0.0 ms]
      [Free CSet: 0.1 ms]
   [Eden: 316.0M(316.0M)->0.0B(316.0M) Survivors: 3072.0K->3072.0K Heap: 331.8M(533.0M)->15.8M(533.0M)]
 [Times: user=0.01 sys=0.00, real=0.00 secs] 
16.911: [GC pause (young)16.912: [SoftReference, 0 refs, 0.0000170 secs]16.912: [WeakReference, 0 refs, 0.0000030 secs]16.912: [FinalReference, 0 refs, 0.0000020 secs]16.912: [PhantomReference, 0 refs, 0.0000020 secs]16.912: [JNI Weak Reference, 0.0000030 secs], 0.0017710 secs]
   [Parallel Time: 1.2 ms, GC Workers: 8]
      [GC Worker Start (ms): Min: 16910.9, Avg: 16911.2, Max: 16912.0, Diff: 1.1]
      [Ext Root Scanning (ms): Min: 0.0, Avg: 0.2, Max: 0.3, Diff: 0.3, Sum: 1.6]
      [Update RS (ms): Min: 0.0, Avg: 0.0, Max: 0.0, Diff: 0.0, Sum: 0.1]
         [Processed Buffers: Min: 0, Avg: 0.6, Max: 2, Diff: 2, Sum: 5]
      [Scan RS (ms): Min: 0.0, Avg: 0.1, Max: 0.1, Diff: 0.1, Sum: 0.7]
      [Object Copy (ms): Min: 0.0, Avg: 0.5, Max: 0.7, Diff: 0.7, Sum: 3.8]
      [Termination (ms): Min: 0.0, Avg: 0.1, Max: 0.1, Diff: 0.1, Sum: 0.6]
      [GC Worker Other (ms): Min: 0.0, Avg: 0.0, Max: 0.0, Diff: 0.0, Sum: 0.1]
      [GC Worker Total (ms): Min: 0.0, Avg: 0.8, Max: 1.1, Diff: 1.1, Sum: 6.8]
      [GC Worker End (ms): Min: 16912.1, Avg: 16912.1, Max: 16912.1, Diff: 0.0]
   [Code Root Fixup: 0.0 ms]
   [Clear CT: 0.1 ms]
   [Other: 0.4 ms]
      [Choose CSet: 0.0 ms]
      [Ref Proc: 0.2 ms]
      [Ref Enq: 0.0 ms]
      [Free CSet: 0.1 ms]
   [Eden: 316.0M(316.0M)->0.0B(317.0M) Survivors: 3072.0K->2048.0K Heap: 331.8M(533.0M)->14.5M(533.0M)]
 [Times: user=0.01 sys=0.00, real=0.01 secs] 
16.955: [GC pause (young)16.956: [SoftReference, 0 refs, 0.0000290 secs]16.956: [WeakReference, 0 refs, 0.0000030 secs]16.956: [FinalReference, 0 refs, 0.0000030 secs]16.956: [PhantomReference, 0 refs, 0.0000020 secs]16.956: [JNI Weak Reference, 0.0000030 secs], 0.0016480 secs]
   [Parallel Time: 1.1 ms, GC Workers: 8]
      [GC Worker Start (ms): Min: 16955.0, Avg: 16955.1, Max: 16955.3, Diff: 0.3]
      [Ext Root Scanning (ms): Min: 0.1, Avg: 0.3, Max: 0.6, Diff: 0.5, Sum: 2.1]
      [Update RS (ms): Min: 0.0, Avg: 0.0, Max: 0.0, Diff: 0.0, Sum: 0.0]
         [Processed Buffers: Min: 0, Avg: 1.0, Max: 5, Diff: 5, Sum: 8]
      [Scan RS (ms): Min: 0.0, Avg: 0.1, Max: 0.1, Diff: 0.1, Sum: 0.6]
      [Object Copy (ms): Min: 0.1, Avg: 0.5, Max: 0.7, Diff: 0.6, Sum: 4.1]
      [Termination (ms): Min: 0.0, Avg: 0.1, Max: 0.1, Diff: 0.1, Sum: 0.5]
      [GC Worker Other (ms): Min: 0.0, Avg: 0.0, Max: 0.0, Diff: 0.0, Sum: 0.2]
      [GC Worker Total (ms): Min: 0.8, Avg: 1.0, Max: 1.1, Diff: 0.3, Sum: 7.6]
      [GC Worker End (ms): Min: 16956.1, Avg: 16956.1, Max: 16956.1, Diff: 0.0]
   [Code Root Fixup: 0.0 ms]
   [Clear CT: 0.1 ms]
   [Other: 0.4 ms]
      [Choose CSet: 0.0 ms]
      [Ref Proc: 0.2 ms]
      [Ref Enq: 0.0 ms]
      [Free CSet: 0.1 ms]
   [Eden: 317.0M(317.0M)->0.0B(317.0M) Survivors: 2048.0K->2048.0K Heap: 331.5M(533.0M)->15.3M(533.0M)]
 [Times: user=0.01 sys=0.00, real=0.00 secs] 
16.998: [GC pause (young)16.999: [SoftReference, 0 refs, 0.0000130 secs]17.000: [WeakReference, 0 refs, 0.0000020 secs]17.000: [FinalReference, 0 refs, 0.0000020 secs]17.000: [PhantomReference, 0 refs, 0.0000020 secs]17.000: [JNI Weak Reference, 0.0000020 secs], 0.0016120 secs]
   [Parallel Time: 1.1 ms, GC Workers: 8]
      [GC Worker Start (ms): Min: 16998.3, Avg: 16998.6, Max: 16999.3, Diff: 1.1]
      [Ext Root Scanning (ms): Min: 0.0, Avg: 0.2, Max: 0.3, Diff: 0.3, Sum: 1.4]
      [Update RS (ms): Min: 0.0, Avg: 0.0, Max: 0.0, Diff: 0.0, Sum: 0.0]
         [Processed Buffers: Min: 0, Avg: 1.0, Max: 6, Diff: 6, Sum: 8]
      [Scan RS (ms): Min: 0.0, Avg: 0.1, Max: 0.1, Diff: 0.1, Sum: 0.6]
      [Object Copy (ms): Min: 0.0, Avg: 0.4, Max: 0.6, Diff: 0.6, Sum: 3.4]
      [Termination (ms): Min: 0.0, Avg: 0.1, Max: 0.1, Diff: 0.1, Sum: 0.6]
      [GC Worker Other (ms): Min: 0.0, Avg: 0.0, Max: 0.0, Diff: 0.0, Sum: 0.1]
      [GC Worker Total (ms): Min: 0.0, Avg: 0.8, Max: 1.1, Diff: 1.1, Sum: 6.1]
      [GC Worker End (ms): Min: 16999.3, Avg: 16999.4, Max: 16999.4, Diff: 0.0]
   [Code Root Fixup: 0.0 ms]
   [Clear CT: 0.2 ms]
   [Other: 0.3 ms]
      [Choose CSet: 0.0 ms]
      [Ref Proc: 0.2 ms]
      [Ref Enq: 0.0 ms]
      [Free CSet: 0.1 ms]
   [Eden: 317.0M(317.0M)->0.0B(317.0M) Survivors: 2048.0K->2048.0K Heap: 332.3M(533.0M)->14.5M(533.0M)]
 [Times: user=0.01 sys=0.00, real=0.00 secs] 
17.042: [GC pause (young)17.044: [SoftReference, 0 refs, 0.0000240 secs]17.044: [WeakReference, 0 refs, 0.0000110 secs]17.044: [FinalReference, 0 refs, 0.0000020 secs]17.044: [PhantomReference, 0 refs, 0.0000020 secs]17.044: [JNI Weak Reference, 0.0000020 secs], 0.0016690 secs]
   [Parallel Time: 1.2 ms, GC Workers: 8]
      [GC Worker Start (ms): Min: 17042.2, Avg: 17042.6, Max: 17043.1, Diff: 0.9]
      [Ext Root Scanning (ms): Min: 0.0, Avg: 0.2, Max: 0.3, Diff: 0.3, Sum: 1.3]
      [Update RS (ms): Min: 0.0, Avg: 0.0, Max: 0.0, Diff: 0.0, Sum: 0.0]
         [Processed Buffers: Min: 0, Avg: 1.0, Max: 4, Diff: 4, Sum: 8]
      [Scan RS (ms): Min: 0.0, Avg: 0.1, Max: 0.2, Diff: 0.2, Sum: 0.6]
      [Object Copy (ms): Min: 0.1, Avg: 0.4, Max: 0.7, Diff: 0.6, Sum: 3.6]
      [Termination (ms): Min: 0.0, Avg: 0.1, Max: 0.1, Diff: 0.1, Sum: 0.5]
      [GC Worker Other (ms): Min: 0.0, Avg: 0.0, Max: 0.0, Diff: 0.0, Sum: 0.1]
      [GC Worker Total (ms): Min: 0.2, Avg: 0.8, Max: 1.1, Diff: 0.9, Sum: 6.2]
      [GC Worker End (ms): Min: 17043.3, Avg: 17043.3, Max: 17043.4, Diff: 0.0]
   [Code Root Fixup: 0.0 ms]
   [Clear CT: 0.1 ms]
   [Other: 0.4 ms]
      [Choose CSet: 0.0 ms]
      [Ref Proc: 0.2 ms]
      [Ref Enq: 0.0 ms]
      [Free CSet: 0.1 ms]
   [Eden: 317.0M(317.0M)->0.0B(317.0M) Survivors: 2048.0K->2048.0K Heap: 331.5M(533.0M)->15.3M(533.0M)]
 [Times: user=0.00 sys=0.00, real=0.00 secs] 
17.085: [GC pause (young)17.086: [SoftReference, 0 refs, 0.0000240 secs]17.086: [WeakReference, 0 refs, 0.0000020 secs]17.086: [FinalReference, 0 refs, 0.0000020 secs]17.086: [PhantomReference, 0 refs, 0.0000020 secs]17.086: [JNI Weak Reference, 0.0000020 secs], 0.0017120 secs]
   [Parallel Time: 1.3 ms, GC Workers: 8]
      [GC Worker Start (ms): Min: 17085.1, Avg: 17085.6, Max: 17086.3, Diff: 1.1]
      [Ext Root Scanning (ms): Min: 0.0, Avg: 0.2, Max: 0.3, Diff: 0.3, Sum: 1.4]
      [Update RS (ms): Min: 0.0, Avg: 0.0, Max: 0.0, Diff: 0.0, Sum: 0.0]
         [Processed Buffers: Min: 0, Avg: 1.0, Max: 4, Diff: 4, Sum: 8]
      [Scan RS (ms): Min: 0.0, Avg: 0.1, Max: 0.1, Diff: 0.1, Sum: 0.4]
      [Object Copy (ms): Min: 0.0, Avg: 0.4, Max: 0.7, Diff: 0.7, Sum: 3.2]
      [Termination (ms): Min: 0.0, Avg: 0.1, Max: 0.1, Diff: 0.1, Sum: 0.6]
      [GC Worker Other (ms): Min: 0.0, Avg: 0.0, Max: 0.0, Diff: 0.0, Sum: 0.1]
      [GC Worker Total (ms): Min: 0.0, Avg: 0.7, Max: 1.2, Diff: 1.1, Sum: 5.8]
      [GC Worker End (ms): Min: 17086.3, Avg: 17086.3, Max: 17086.3, Diff: 0.0]
   [Code Root Fixup: 0.0 ms]
   [Clear CT: 0.1 ms]
   [Other: 0.3 ms]
      [Choose CSet: 0.0 ms]
      [Ref Proc: 0.2 ms]
      [Ref Enq: 0.0 ms]
      [Free CSet: 0.1 ms]
   [Eden: 317.0M(317.0M)->0.0B(317.0M) Survivors: 2048.0K->2048.0K Heap: 332.3M(533.0M)->14.9M(533.0M)]
 [Times: user=0.01 sys=0.00, real=0.00 secs] 
17.129: [GC pause (young)17.130: [SoftReference, 0 refs, 0.0000160 secs]17.131: [WeakReference, 0 refs, 0.0000020 secs]17.131: [FinalReference, 0 refs, 0.0000020 secs]17.131: [PhantomReference, 0 refs, 0.0000020 secs]17.131: [JNI Weak Reference, 0.0000020 secs], 0.0017320 secs]
   [Parallel Time: 1.2 ms, GC Workers: 8]
      [GC Worker Start (ms): Min: 17129.2, Avg: 17129.6, Max: 17130.3, Diff: 1.1]
      [Ext Root Scanning (ms): Min: 0.0, Avg: 0.2, Max: 0.3, Diff: 0.3, Sum: 1.4]
      [Update RS (ms): Min: 0.0, Avg: 0.0, Max: 0.0, Diff: 0.0, Sum: 0.0]
         [Processed Buffers: Min: 0, Avg: 0.8, Max: 3, Diff: 3, Sum: 6]
      [Scan RS (ms): Min: 0.0, Avg: 0.1, Max: 0.1, Diff: 0.1, Sum: 0.4]
      [Object Copy (ms): Min: 0.0, Avg: 0.4, Max: 0.8, Diff: 0.8, Sum: 3.2]
      [Termination (ms): Min: 0.0, Avg: 0.1, Max: 0.1, Diff: 0.1, Sum: 0.5]
      [GC Worker Other (ms): Min: 0.0, Avg: 0.0, Max: 0.0, Diff: 0.0, Sum: 0.1]
      [GC Worker Total (ms): Min: 0.0, Avg: 0.7, Max: 1.1, Diff: 1.1, Sum: 5.7]
      [GC Worker End (ms): Min: 17130.3, Avg: 17130.3, Max: 17130.3, Diff: 0.0]
   [Code Root Fixup: 0.0 ms]
   [Clear CT: 0.2 ms]
   [Other: 0.4 ms]
      [Choose CSet: 0.0 ms]
      [Ref Proc: 0.2 ms]
      [Ref Enq: 0.0 ms]
      [Free CSet: 0.1 ms]
   [Eden: 317.0M(317.0M)->0.0B(317.0M) Survivors: 2048.0K->2048.0K Heap: 331.9M(533.0M)->15.0M(533.0M)]
 [Times: user=0.01 sys=0.00, real=0.00 secs] 
17.173: [GC pause (young)17.174: [SoftReference, 0 refs, 0.0000120 secs]17.174: [WeakReference, 0 refs, 0.0000020 secs]17.174: [FinalReference, 0 refs, 0.0000020 secs]17.174: [PhantomReference, 0 refs, 0.0000160 secs]17.174: [JNI Weak Reference, 0.0000030 secs], 0.0015550 secs]
   [Parallel Time: 1.1 ms, GC Workers: 8]
      [GC Worker Start (ms): Min: 17173.2, Avg: 17173.3, Max: 17173.6, Diff: 0.3]
      [Ext Root Scanning (ms): Min: 0.0, Avg: 0.2, Max: 0.4, Diff: 0.4, Sum: 1.9]
      [Update RS (ms): Min: 0.0, Avg: 0.0, Max: 0.0, Diff: 0.0, Sum: 0.1]
         [Processed Buffers: Min: 0, Avg: 0.9, Max: 4, Diff: 4, Sum: 7]
      [Scan RS (ms): Min: 0.0, Avg: 0.1, Max: 0.1, Diff: 0.1, Sum: 0.7]
      [Object Copy (ms): Min: 0.5, Avg: 0.6, Max: 0.7, Diff: 0.2, Sum: 4.5]
      [Termination (ms): Min: 0.0, Avg: 0.0, Max: 0.0, Diff: 0.0, Sum: 0.0]
      [GC Worker Other (ms): Min: 0.0, Avg: 0.0, Max: 0.1, Diff: 0.0, Sum: 0.3]
      [GC Worker Total (ms): Min: 0.7, Avg: 0.9, Max: 1.0, Diff: 0.3, Sum: 7.3]
      [GC Worker End (ms): Min: 17174.2, Avg: 17174.3, Max: 17174.3, Diff: 0.0]
   [Code Root Fixup: 0.0 ms]
   [Clear CT: 0.2 ms]
   [Other: 0.3 ms]
      [Choose CSet: 0.0 ms]
      [Ref Proc: 0.2 ms]
      [Ref Enq: 0.0 ms]
      [Free CSet: 0.1 ms]
   [Eden: 317.0M(317.0M)->0.0B(316.0M) Survivors: 2048.0K->3072.0K Heap: 332.0M(533.0M)->15.7M(533.0M)]
 [Times: user=0.01 sys=0.00, real=0.00 secs] 
17.217: [GC pause (young)17.218: [SoftReference, 0 refs, 0.0000250 secs]17.218: [WeakReference, 0 refs, 0.0000030 secs]17.218: [FinalReference, 0 refs, 0.0000020 secs]17.218: [PhantomReference, 0 refs, 0.0000020 secs]17.218: [JNI Weak Reference, 0.0000020 secs], 0.0015710 secs]
   [Parallel Time: 1.1 ms, GC Workers: 8]
      [GC Worker Start (ms): Min: 17216.7, Avg: 17216.8, Max: 17216.9, Diff: 0.3]
      [Ext Root Scanning (ms): Min: 0.0, Avg: 0.2, Max: 0.3, Diff: 0.3, Sum: 1.6]
      [Update RS (ms): Min: 0.0, Avg: 0.0, Max: 0.0, Diff: 0.0, Sum: 0.1]
         [Processed Buffers: Min: 0, Avg: 1.1, Max: 4, Diff: 4, Sum: 9]
      [Scan RS (ms): Min: 0.0, Avg: 0.1, Max: 0.1, Diff: 0.1, Sum: 0.7]
      [Object Copy (ms): Min: 0.6, Avg: 0.6, Max: 0.7, Diff: 0.1, Sum: 5.1]
      [Termination (ms): Min: 0.0, Avg: 0.0, Max: 0.0, Diff: 0.0, Sum: 0.0]
      [GC Worker Other (ms): Min: 0.0, Avg: 0.0, Max: 0.0, Diff: 0.0, Sum: 0.2]
      [GC Worker Total (ms): Min: 0.8, Avg: 1.0, Max: 1.0, Diff: 0.2, Sum: 7.6]
      [GC Worker End (ms): Min: 17217.7, Avg: 17217.7, Max: 17217.8, Diff: 0.0]
   [Code Root Fixup: 0.0 ms]
   [Clear CT: 0.1 ms]
   [Other: 0.3 ms]
      [Choose CSet: 0.0 ms]
      [Ref Proc: 0.2 ms]
      [Ref Enq: 0.0 ms]
      [Free CSet: 0.1 ms]
   [Eden: 316.0M(316.0M)->0.0B(317.0M) Survivors: 3072.0K->2048.0K Heap: 331.7M(533.0M)->15.3M(533.0M)]
 [Times: user=0.01 sys=0.00, real=0.00 secs] 
17.260: [GC pause (young)17.262: [SoftReference, 0 refs, 0.0000160 secs]17.262: [WeakReference, 0 refs, 0.0000020 secs]17.262: [FinalReference, 0 refs, 0.0000020 secs]17.262: [PhantomReference, 0 refs, 0.0000120 secs]17.262: [JNI Weak Reference, 0.0000020 secs], 0.0016880 secs]
   [Parallel Time: 1.2 ms, GC Workers: 8]
      [GC Worker Start (ms): Min: 17260.2, Avg: 17260.6, Max: 17261.3, Diff: 1.1]
      [Ext Root Scanning (ms): Min: 0.0, Avg: 0.2, Max: 0.3, Diff: 0.3, Sum: 1.4]
      [Update RS (ms): Min: 0.0, Avg: 0.0, Max: 0.0, Diff: 0.0, Sum: 0.0]
         [Processed Buffers: Min: 0, Avg: 1.2, Max: 10, Diff: 10, Sum: 10]
      [Scan RS (ms): Min: 0.0, Avg: 0.1, Max: 0.2, Diff: 0.2, Sum: 0.6]
      [Object Copy (ms): Min: 0.0, Avg: 0.4, Max: 0.7, Diff: 0.7, Sum: 3.1]
      [Termination (ms): Min: 0.0, Avg: 0.1, Max: 0.1, Diff: 0.1, Sum: 0.5]
      [GC Worker Other (ms): Min: 0.0, Avg: 0.0, Max: 0.0, Diff: 0.0, Sum: 0.1]
      [GC Worker Total (ms): Min: 0.0, Avg: 0.7, Max: 1.1, Diff: 1.1, Sum: 5.7]
      [GC Worker End (ms): Min: 17261.3, Avg: 17261.3, Max: 17261.3, Diff: 0.0]
   [Code Root Fixup: 0.0 ms]
   [Clear CT: 0.1 ms]
   [Other: 0.3 ms]
      [Choose CSet: 0.0 ms]
      [Ref Proc: 0.2 ms]
      [Ref Enq: 0.0 ms]
      [Free CSet: 0.1 ms]
   [Eden: 317.0M(317.0M)->0.0B(316.0M) Survivors: 2048.0K->3072.0K Heap: 332.3M(533.0M)->16.1M(533.0M)]
 [Times: user=0.01 sys=0.00, real=0.00 secs] 
17.304: [GC pause (young)17.305: [SoftReference, 0 refs, 0.0000160 secs]17.305: [WeakReference, 0 refs, 0.0000220 secs]17.305: [FinalReference, 0 refs, 0.0000030 secs]17.305: [PhantomReference, 0 refs, 0.0000020 secs]17.305: [JNI Weak Reference, 0.0000020 secs], 0.0017950 secs]
   [Parallel Time: 1.3 ms, GC Workers: 8]
      [GC Worker Start (ms): Min: 17303.6, Avg: 17304.0, Max: 17304.8, Diff: 1.2]
      [Ext Root Scanning (ms): Min: 0.0, Avg: 0.2, Max: 0.3, Diff: 0.3, Sum: 1.4]
      [Update RS (ms): Min: 0.0, Avg: 0.0, Max: 0.0, Diff: 0.0, Sum: 0.0]
         [Processed Buffers: Min: 0, Avg: 0.9, Max: 6, Diff: 6, Sum: 7]
      [Scan RS (ms): Min: 0.0, Avg: 0.1, Max: 0.2, Diff: 0.2, Sum: 0.6]
      [Object Copy (ms): Min: 0.0, Avg: 0.5, Max: 0.9, Diff: 0.8, Sum: 4.0]
      [Termination (ms): Min: 0.0, Avg: 0.1, Max: 0.1, Diff: 0.1, Sum: 0.6]
      [GC Worker Other (ms): Min: 0.0, Avg: 0.0, Max: 0.0, Diff: 0.0, Sum: 0.1]
      [GC Worker Total (ms): Min: 0.0, Avg: 0.8, Max: 1.3, Diff: 1.3, Sum: 6.6]
      [GC Worker End (ms): Min: 17304.8, Avg: 17304.8, Max: 17304.8, Diff: 0.0]
   [Code Root Fixup: 0.0 ms]
   [Clear CT: 0.1 ms]
   [Other: 0.3 ms]
      [Choose CSet: 0.0 ms]
      [Ref Proc: 0.2 ms]
      [Ref Enq: 0.0 ms]
      [Free CSet: 0.1 ms]
   [Eden: 316.0M(316.0M)->0.0B(316.0M) Survivors: 3072.0K->3072.0K Heap: 332.1M(533.0M)->16.0M(533.0M)]
 [Times: user=0.01 sys=0.00, real=0.00 secs] 
Heap
 garbage-first heap   total 545792K, used 215049K [0x00000007bae00000, 0x00000007dc300000, 0x00000007fae00000)
  region size 1024K, 198 young (202752K), 3 survivors (3072K)
 compacting perm gen  total 20480K, used 2766K [0x00000007fae00000, 0x00000007fc200000, 0x0000000800000000)
   the space 20480K,  13% used [0x00000007fae00000, 0x00000007fb0b38b0, 0x00000007fb0b3a00, 0x00000007fc200000)
No shared spaces configured.
