2.120: [GC 183552K->14103K(370304K), 0.0200446 secs]
4.221: [GC 197655K->29084K(370304K), 0.0367436 secs]
6.201: [GC 212636K->35819K(370304K), 0.0097224 secs]
8.810: [GC 219371K->55397K(370304K), 0.0602958 secs]
50.081: [GC 238949K->113981K(370304K), 0.3233492 secs]
1218.614: [GC 297533K->105176K(370304K), 0.0075798 secs]
2175.803: [GC 288728K->106583K(370304K), 0.0053295 secs]
4978.102: [GC 290135K->105337K(370304K), 0.0055545 secs]
7723.694: [GC 288889K->106144K(370304K), 0.0080122 secs]
10476.523: [GC 289696K->106244K(370304K), 0.0054337 secs]
13208.035: [GC 289796K->111149K(370304K), 0.0208092 secs]
13208.056: [GC 111946K(370304K), 0.0058267 secs]
13208.133: [GC 112104K(370304K), 0.0050268 secs]
15941.462: [GC 248762K->58881K(370304K), 0.0031977 secs]
18669.184: [GC 242433K->57004K(370304K), 0.0019974 secs]
21398.233: [GC 240556K->56515K(370304K), 0.0023012 secs]
24115.582: [GC 240067K->56473K(370304K), 0.0021504 secs]
26833.652: [GC 240025K->56463K(370304K), 0.0018644 secs]
29377.702: [GC 240015K->58027K(370304K), 0.0036224 secs]
32101.533: [GC 241579K->57578K(370304K), 0.0021271 secs]
34817.064: [GC 241122K->56837K(370304K), 0.0022969 secs]
37537.532: [GC 240389K->56758K(370304K), 0.0026046 secs]
40253.652: [GC 240310K->56797K(370304K), 0.0025971 secs]
42968.464: [GC 240349K->56768K(370304K), 0.0025544 secs]
45681.372: [GC 240320K->56842K(370304K), 0.0027682 secs]
48393.652: [GC 240394K->56663K(370304K), 0.0019535 secs]
51093.652: [GC 240215K->56630K(370304K), 0.0023067 secs]
53804.382: [GC 240182K->56631K(370304K), 0.0026046 secs]
56511.400: [GC 240183K->56681K(370304K), 0.0021899 secs]
59212.529: [GC 240233K->56723K(370304K), 0.0019654 secs]
61573.652: [GC 240275K->57350K(370304K), 0.0030055 secs]
63522.233: [GC 240902K->57502K(370304K), 0.0028470 secs]
64783.753: [GC 241054K->58857K(370304K), 0.0033816 secs]
66361.906: [GC 242409K->57815K(370304K), 0.0030018 secs]
66631.110: [GC 241208K->59551K(370304K), 0.0028638 secs]
67530.743: [GC 242612K->59106K(370304K), 0.0027076 secs]
68103.550: [GC 242410K->61141K(370304K), 0.0028595 secs]
68868.368: [GC 244693K->58361K(370304K), 0.0026416 secs]
69945.854: [GC 241902K->60546K(370304K), 0.0040518 secs]
71359.064: [GC 244098K->59384K(370304K), 0.0028321 secs]
73043.053: [GC 242936K->59483K(370304K), 0.0040487 secs]
75828.563: [GC 243035K->59248K(370304K), 0.0039743 secs]
78000.362: [GC 242800K->59495K(370304K), 0.0035827 secs]
80287.843: [GC 243047K->58927K(370304K), 0.0026852 secs]
82624.676: [GC 242479K->58213K(370304K), 0.0022082 secs]
85154.142: [GC 241765K->58223K(370304K), 0.0023242 secs]
87984.142: [GC 241775K->58195K(370304K), 0.0023189 secs]
90865.652: [GC 241747K->58191K(370304K), 0.0020862 secs]
93604.696: [GC 241743K->58137K(370304K), 0.0018729 secs]
96346.392: [GC 241689K->58089K(370304K), 0.0018971 secs]
99088.724: [GC 241641K->58051K(370304K), 0.0019326 secs]
101825.048: [GC 241603K->58023K(370304K), 0.0019734 secs]
104533.113: [GC 241575K->58071K(370304K), 0.0019079 secs]
107252.953: [GC 241623K->58091K(370304K), 0.0020009 secs]
109990.352: [GC 241643K->58093K(370304K), 0.0020550 secs]
112731.325: [GC 241645K->58118K(370304K), 0.0019635 secs]
115388.942: [GC 241670K->58110K(370304K), 0.0019275 secs]
118127.612: [GC 241662K->58108K(370304K), 0.0022120 secs]
120865.652: [GC 241660K->58083K(370304K), 0.0019667 secs]
123599.912: [GC 241635K->58043K(370304K), 0.0017241 secs]
126338.014: [GC 241595K->58044K(370304K), 0.0021115 secs]
129084.805: [GC 241596K->58078K(370304K), 0.0020341 secs]
131836.512: [GC 241630K->58060K(370304K), 0.0018369 secs]
134583.700: [GC 241612K->58037K(370304K), 0.0021122 secs]
137313.462: [GC 241589K->58037K(370304K), 0.0019531 secs]
140025.512: [GC 241589K->58038K(370304K), 0.0017711 secs]
142726.192: [GC 241590K->58034K(370304K), 0.0018409 secs]
145427.612: [GC 241586K->58030K(370304K), 0.0018150 secs]
148118.182: [GC 241582K->58033K(370304K), 0.0017599 secs]
150842.343: [GC 241585K->58038K(370304K), 0.0018726 secs]
153563.652: [GC 241590K->58056K(370304K), 0.0017715 secs]
155833.652: [GC 241608K->58167K(370304K), 0.0021396 secs]
158452.823: [GC 241719K->58210K(370304K), 0.0017106 secs]
160906.043: [GC 241762K->59106K(370304K), 0.0023453 secs]
163063.780: [GC 242658K->58894K(370304K), 0.0020762 secs]
163197.043: [GC 242446K->58734K(370304K), 0.0037105 secs]
163327.943: [GC 242286K->58781K(370304K), 0.0038906 secs]
163459.541: [GC 242333K->58767K(370304K), 0.0040153 secs]
163588.373: [GC 242319K->58845K(370304K), 0.0038458 secs]
163717.802: [GC 242397K->58708K(370304K), 0.0038310 secs]
163844.719: [GC 242260K->58729K(370304K), 0.0036744 secs]
163973.953: [GC 242281K->58735K(370304K), 0.0042179 secs]
164102.803: [GC 242287K->58764K(370304K), 0.0042332 secs]
164232.269: [GC 242316K->58756K(370304K), 0.0042773 secs]
164361.346: [GC 242308K->58781K(370304K), 0.0041399 secs]
164489.963: [GC 242333K->58767K(370304K), 0.0041970 secs]
164621.480: [GC 242319K->58797K(370304K), 0.0041761 secs]
164745.950: [GC 242349K->58785K(370304K), 0.0042951 secs]
164874.811: [GC 242337K->58774K(370304K), 0.0041854 secs]
165004.043: [GC 242326K->58807K(370304K), 0.0043559 secs]
165131.063: [GC 242359K->58806K(370304K), 0.0041180 secs]
165257.920: [GC 242358K->58807K(370304K), 0.0041037 secs]
165384.424: [GC 242359K->58795K(370304K), 0.0041327 secs]
165511.629: [GC 242347K->58823K(370304K), 0.0039378 secs]
165638.541: [GC 242375K->58835K(370304K), 0.0040650 secs]
165770.243: [GC 242387K->58819K(370304K), 0.0040039 secs]
165899.823: [GC 242371K->58857K(370304K), 0.0048434 secs]
166029.804: [GC 242409K->58891K(370304K), 0.0045510 secs]
166160.093: [GC 242443K->58924K(370304K), 0.0048331 secs]
166289.439: [GC 242476K->58940K(370304K), 0.0046978 secs]
166419.483: [GC 242492K->58906K(370304K), 0.0042694 secs]
166548.943: [GC 242458K->58928K(370304K), 0.0038931 secs]
166678.089: [GC 242480K->58940K(370304K), 0.0044040 secs]
166807.149: [GC 242492K->58862K(370304K), 0.0043399 secs]
166936.058: [GC 242414K->58878K(370304K), 0.0042761 secs]
167067.523: [GC 242430K->58938K(370304K), 0.0043026 secs]
167195.853: [GC 242490K->58987K(370304K), 0.0040012 secs]
167322.419: [GC 242539K->59002K(370304K), 0.0042227 secs]
167451.064: [GC 242554K->59047K(370304K), 0.0043028 secs]
167581.823: [GC 242599K->59015K(370304K), 0.0042407 secs]
167710.133: [GC 242567K->58989K(370304K), 0.0044968 secs]
167837.529: [GC 242541K->59039K(370304K), 0.0044253 secs]
167965.672: [GC 242591K->59061K(370304K), 0.0045925 secs]
168091.683: [GC 242613K->59004K(370304K), 0.0040526 secs]
168219.518: [GC 242556K->59034K(370304K), 0.0045663 secs]
168347.728: [GC 242586K->59043K(370304K), 0.0044447 secs]
168475.379: [GC 242595K->59058K(370304K), 0.0043230 secs]
168603.403: [GC 242610K->59060K(370304K), 0.0043220 secs]
168731.552: [GC 242612K->59045K(370304K), 0.0042515 secs]
168859.333: [GC 242597K->59083K(370304K), 0.0043046 secs]
168987.349: [GC 242635K->59073K(370304K), 0.0044475 secs]
169117.533: [GC 242625K->59106K(370304K), 0.0043245 secs]
169245.339: [GC 242658K->59071K(370304K), 0.0042684 secs]
169375.743: [GC 242623K->59086K(370304K), 0.0044225 secs]
169504.083: [GC 242638K->59114K(370304K), 0.0040186 secs]
169632.452: [GC 242666K->59127K(370304K), 0.0040147 secs]
169760.583: [GC 242679K->59087K(370304K), 0.0045185 secs]
169886.439: [GC 242639K->59077K(370304K), 0.0047921 secs]
170017.663: [GC 242629K->59124K(370304K), 0.0043555 secs]
170146.459: [GC 242676K->59159K(370304K), 0.0039448 secs]
170275.373: [GC 242711K->59144K(370304K), 0.0042611 secs]
170402.082: [GC 242696K->59103K(370304K), 0.0044525 secs]
170528.698: [GC 242655K->59150K(370304K), 0.0042941 secs]
170660.259: [GC 242702K->59197K(370304K), 0.0045331 secs]
170785.338: [GC 242749K->59178K(370304K), 0.0044754 secs]
173217.916: [GC 242730K->59292K(370304K), 0.0024106 secs]
175935.792: [GC 242844K->59046K(370304K), 0.0023611 secs]
176665.712: [GC 242457K->62144K(370304K), 0.0026357 secs]
176825.235: [GC 245696K->62000K(370304K), 0.0021044 secs]
178906.193: [GC 245552K->62467K(370304K), 0.0029064 secs]
181009.612: [GC 246019K->61363K(370304K), 0.0023966 secs]
183113.822: [GC 244915K->60707K(370304K), 0.0018736 secs]
185213.652: [GC 244259K->60720K(370304K), 0.0020833 secs]
187302.237: [GC 244272K->60825K(370304K), 0.0030234 secs]
189386.998: [GC 244377K->60450K(370304K), 0.0016063 secs]
191481.512: [GC 244002K->60287K(370304K), 0.0014563 secs]
193566.302: [GC 243839K->60276K(370304K), 0.0018940 secs]
195653.673: [GC 243828K->60306K(370304K), 0.0017908 secs]
197762.954: [GC 243858K->60397K(370304K), 0.0015049 secs]
199796.972: [GC 243949K->60332K(370304K), 0.0018934 secs]
201863.652: [GC 243884K->60311K(370304K), 0.0018074 secs]
203939.122: [GC 243863K->60277K(370304K), 0.0014876 secs]
206019.492: [GC 243829K->60278K(370304K), 0.0015709 secs]
208100.837: [GC 243830K->60280K(370304K), 0.0017372 secs]
210189.173: [GC 243832K->60347K(370304K), 0.0018001 secs]
212259.243: [GC 243899K->60364K(370304K), 0.0016848 secs]
214343.482: [GC 243916K->60346K(370304K), 0.0014555 secs]
216420.973: [GC 243898K->60321K(370304K), 0.0018192 secs]
218501.652: [GC 243873K->60302K(370304K), 0.0017583 secs]
220583.529: [GC 243854K->60293K(370304K), 0.0017212 secs]
222668.774: [GC 243845K->60390K(370304K), 0.0018436 secs]
224749.352: [GC 243942K->60300K(370304K), 0.0018166 secs]
226827.254: [GC 243852K->60370K(370304K), 0.0016352 secs]
228906.493: [GC 243922K->60394K(370304K), 0.0019755 secs]
230985.732: [GC 243946K->60317K(370304K), 0.0014362 secs]
233060.064: [GC 243869K->60414K(370304K), 0.0014665 secs]
235039.992: [GC 243966K->60424K(370304K), 0.0015694 secs]
237095.344: [GC 243976K->60441K(370304K), 0.0017682 secs]
239211.652: [GC 243993K->60379K(370304K), 0.0015221 secs]
241270.864: [GC 243931K->60453K(370304K), 0.0013224 secs]
243330.054: [GC 244005K->60427K(370304K), 0.0014633 secs]
245408.514: [GC 243979K->60543K(370304K), 0.0015456 secs]
247496.532: [GC 244095K->60461K(370304K), 0.0018408 secs]
249980.065: [GC 244013K->60466K(370304K), 0.0018893 secs]
251369.893: [GC 244018K->60453K(370304K), 0.0014868 secs]
252631.652: [GC 244005K->60363K(370304K), 0.0015086 secs]
253903.195: [GC 243915K->60443K(370304K), 0.0014689 secs]
255183.221: [GC 243995K->60381K(370304K), 0.0014058 secs]
256383.286: [GC 243933K->60317K(370304K), 0.0015355 secs]
257583.543: [GC 243869K->60496K(370304K), 0.0013271 secs]
258903.332: [GC 244048K->60417K(370304K), 0.0014587 secs]
260171.654: [GC 243969K->60383K(370304K), 0.0015063 secs]
261446.224: [GC 243935K->60314K(370304K), 0.0015720 secs]
262683.262: [GC 243866K->60318K(370304K), 0.0012557 secs]
263883.284: [GC 243870K->60324K(370304K), 0.0012464 secs]
265085.672: [GC 243876K->60332K(370304K), 0.0015070 secs]
266356.651: [GC 243884K->60337K(370304K), 0.0015498 secs]
267625.083: [GC 243889K->60381K(370304K), 0.0015056 secs]
268895.827: [GC 243933K->60339K(370304K), 0.0015062 secs]
270157.414: [GC 243891K->60312K(370304K), 0.0011770 secs]
271383.230: [GC 243864K->60366K(370304K), 0.0012512 secs]
272583.289: [GC 243918K->60333K(370304K), 0.0014253 secs]
273783.325: [GC 243885K->60312K(370304K), 0.0014547 secs]
274992.571: [GC 243864K->60312K(370304K), 0.0019588 secs]
276252.853: [GC 243864K->60354K(370304K), 0.0013484 secs]
277510.882: [GC 243906K->60348K(370304K), 0.0012925 secs]
278768.125: [GC 243900K->60429K(370304K), 0.0014343 secs]
280028.503: [GC 243981K->60351K(370304K), 0.0015891 secs]
281283.205: [GC 243903K->60337K(370304K), 0.0012217 secs]
282483.238: [GC 243889K->60328K(370304K), 0.0011750 secs]
283683.274: [GC 243880K->60347K(370304K), 0.0011767 secs]
284881.658: [GC 243899K->60595K(370304K), 0.0014770 secs]
286091.452: [GC 244147K->60432K(370304K), 0.0016417 secs]
287342.803: [GC 243984K->60448K(370304K), 0.0014860 secs]
288591.214: [GC 244000K->60433K(370304K), 0.0014839 secs]
289865.042: [GC 243985K->60452K(370304K), 0.0014415 secs]
291141.435: [GC 244004K->60467K(370304K), 0.0013943 secs]
292381.222: [GC 244019K->60399K(370304K), 0.0013544 secs]
293581.301: [GC 243951K->60379K(370304K), 0.0012238 secs]
294781.625: [GC 243931K->60487K(370304K), 0.0013362 secs]
296021.495: [GC 244039K->60466K(370304K), 0.0011330 secs]
297295.882: [GC 244018K->60407K(370304K), 0.0013856 secs]
298546.605: [GC 243959K->60463K(370304K), 0.0015804 secs]
299819.184: [GC 244015K->60478K(370304K), 0.0013764 secs]
301069.710: [GC 244030K->60404K(370304K), 0.0014516 secs]
302281.224: [GC 243956K->60371K(370304K), 0.0013372 secs]
303481.296: [GC 243923K->60377K(370304K), 0.0012360 secs]
304694.164: [GC 243929K->60450K(370304K), 0.0012933 secs]
305942.749: [GC 244002K->60390K(370304K), 0.0016177 secs]
307209.284: [GC 243942K->60473K(370304K), 0.0014022 secs]
308481.892: [GC 244025K->60452K(370304K), 0.0013911 secs]
309754.485: [GC 244004K->60473K(370304K), 0.0014868 secs]
310981.217: [GC 244025K->60408K(370304K), 0.0012396 secs]
312181.297: [GC 243960K->60375K(370304K), 0.0011495 secs]
313381.486: [GC 243927K->60477K(370304K), 0.0014316 secs]
314629.652: [GC 244029K->60430K(370304K), 0.0012457 secs]
315898.842: [GC 243982K->60402K(370304K), 0.0016336 secs]
317159.737: [GC 243954K->60438K(370304K), 0.0014632 secs]
318432.255: [GC 243990K->60508K(370304K), 0.0015508 secs]
319681.208: [GC 244060K->60425K(370304K), 0.0013888 secs]
320881.293: [GC 243977K->60394K(370304K), 0.0014066 secs]
322081.467: [GC 243946K->60464K(370304K), 0.0014514 secs]
323320.942: [GC 244016K->60418K(370304K), 0.0013442 secs]
324591.812: [GC 243970K->60414K(370304K), 0.0012059 secs]
325864.777: [GC 243966K->60443K(370304K), 0.0013871 secs]
327145.014: [GC 243995K->60499K(370304K), 0.0016015 secs]
328381.219: [GC 244051K->60449K(370304K), 0.0013511 secs]
329581.273: [GC 244001K->60422K(370304K), 0.0012892 secs]
330781.297: [GC 243974K->60422K(370304K), 0.0011811 secs]
331981.782: [GC 243974K->60426K(370304K), 0.0012832 secs]
333237.416: [GC 243978K->60509K(370304K), 0.0016348 secs]
334489.965: [GC 244061K->60535K(370304K), 0.0012178 secs]
335757.783: [GC 244087K->60562K(370304K), 0.0013183 secs]
336814.975: [GC 244114K->60641K(370304K), 0.0014380 secs]
337207.903: [GC 244193K->89976K(370304K), 0.0288096 secs]
337981.595: [GC 273528K->112739K(370304K), 0.0700120 secs]
338989.703: [GC 296291K->94292K(370304K), 0.0030472 secs]
340042.596: [GC 277844K->92971K(370304K), 0.0029722 secs]
341023.913: [GC 276523K->92815K(370304K), 0.0026084 secs]
342181.452: [GC 276367K->92897K(370304K), 0.0027352 secs]
343381.265: [GC 276449K->92911K(370304K), 0.0023889 secs]
344581.716: [GC 276463K->93573K(370304K), 0.0052637 secs]
345781.227: [GC 277125K->92375K(370304K), 0.0015081 secs]
347179.508: [GC 275927K->92019K(370304K), 0.0013992 secs]
348349.652: [GC 275571K->91946K(370304K), 0.0014252 secs]
349506.452: [GC 275498K->91945K(370304K), 0.0015265 secs]
350669.654: [GC 275497K->92036K(370304K), 0.0015343 secs]
351841.772: [GC 275588K->91957K(370304K), 0.0015371 secs]
353012.663: [GC 275509K->92003K(370304K), 0.0015135 secs]
354185.582: [GC 275555K->91959K(370304K), 0.0014877 secs]
355379.499: [GC 275511K->92035K(370304K), 0.0016114 secs]
356579.483: [GC 275587K->91953K(370304K), 0.0014442 secs]
357779.263: [GC 275505K->91950K(370304K), 0.0014477 secs]
358979.265: [GC 275502K->91931K(370304K), 0.0014505 secs]
360179.241: [GC 275483K->91933K(370304K), 0.0012887 secs]
361379.213: [GC 275485K->91931K(370304K), 0.0014688 secs]
362579.201: [GC 275483K->91925K(370304K), 0.0014938 secs]
363759.213: [GC 275477K->91930K(370304K), 0.0015076 secs]
364926.914: [GC 275482K->92018K(370304K), 0.0013188 secs]
366093.742: [GC 275570K->91970K(370304K), 0.0017381 secs]
367257.512: [GC 275522K->91946K(370304K), 0.0013605 secs]
368429.262: [GC 275498K->92004K(370304K), 0.0015378 secs]
369587.722: [GC 275556K->91970K(370304K), 0.0018041 secs]
370759.234: [GC 275522K->91948K(370304K), 0.0018303 secs]
371926.505: [GC 275500K->92035K(370304K), 0.0013698 secs]
373079.715: [GC 275587K->92136K(370304K), 0.0017749 secs]
374279.500: [GC 275688K->91993K(370304K), 0.0013807 secs]
375479.323: [GC 275545K->92025K(370304K), 0.0015713 secs]
376679.272: [GC 275577K->91985K(370304K), 0.0012573 secs]
377879.412: [GC 275537K->92019K(370304K), 0.0015382 secs]
379079.233: [GC 275571K->91994K(370304K), 0.0015301 secs]
380279.207: [GC 275546K->91960K(370304K), 0.0014443 secs]
381456.034: [GC 275512K->92040K(370304K), 0.0014135 secs]
382620.711: [GC 275592K->91982K(370304K), 0.0017943 secs]
383785.772: [GC 275534K->92027K(370304K), 0.0013941 secs]
384957.552: [GC 275579K->91985K(370304K), 0.0014194 secs]
386120.912: [GC 275537K->91976K(370304K), 0.0014201 secs]
387293.054: [GC 275528K->92038K(370304K), 0.0017890 secs]
388461.022: [GC 275590K->92016K(370304K), 0.0016647 secs]
389633.952: [GC 275568K->91978K(370304K), 0.0017594 secs]
390805.782: [GC 275530K->92035K(370304K), 0.0013242 secs]
391979.575: [GC 275587K->91996K(370304K), 0.0012419 secs]
393179.482: [GC 275548K->92089K(370304K), 0.0014758 secs]
394379.312: [GC 275641K->91982K(370304K), 0.0013774 secs]
395579.533: [GC 275534K->91979K(370304K), 0.0014233 secs]
396779.284: [GC 275531K->91977K(370304K), 0.0014158 secs]
397979.450: [GC 275529K->91979K(370304K), 0.0012551 secs]
399179.253: [GC 275531K->91977K(370304K), 0.0015926 secs]
400379.213: [GC 275529K->91993K(370304K), 0.0013967 secs]
401573.844: [GC 275545K->91977K(370304K), 0.0017134 secs]
402748.772: [GC 275529K->91974K(370304K), 0.0014496 secs]
403917.134: [GC 275526K->92077K(370304K), 0.0015666 secs]
405080.692: [GC 275629K->92017K(370304K), 0.0015015 secs]
406256.962: [GC 275569K->92052K(370304K), 0.0015695 secs]
407419.552: [GC 275604K->92087K(370304K), 0.0013120 secs]
408592.282: [GC 275639K->92041K(370304K), 0.0016866 secs]
409762.382: [GC 275593K->92030K(370304K), 0.0015670 secs]
410926.752: [GC 275582K->92069K(370304K), 0.0014974 secs]
412099.732: [GC 275621K->92058K(370304K), 0.0016251 secs]
413279.513: [GC 275610K->92014K(370304K), 0.0015207 secs]
414479.633: [GC 275566K->92115K(370304K), 0.0014496 secs]
415679.291: [GC 275667K->92024K(370304K), 0.0012662 secs]
416879.373: [GC 275576K->92071K(370304K), 0.0014544 secs]
418079.415: [GC 275623K->92039K(370304K), 0.0012624 secs]
419279.240: [GC 275591K->92090K(370304K), 0.0014436 secs]
420477.439: [GC 275642K->92051K(370304K), 0.0014495 secs]
421677.193: [GC 275603K->92052K(370304K), 0.0015696 secs]
422844.992: [GC 275604K->92033K(370304K), 0.0018674 secs]
424010.122: [GC 275585K->92029K(370304K), 0.0015559 secs]
425163.774: [GC 275581K->92131K(370304K), 0.0015320 secs]
426333.606: [GC 275683K->92068K(370304K), 0.0014615 secs]
427504.252: [GC 275620K->92062K(370304K), 0.0013904 secs]
428672.772: [GC 275614K->92086K(370304K), 0.0013631 secs]
429837.792: [GC 275638K->92055K(370304K), 0.0014690 secs]
431003.787: [GC 275607K->92064K(370304K), 0.0014341 secs]
432177.569: [GC 275616K->92048K(370304K), 0.0014287 secs]
433377.509: [GC 275600K->92181K(370304K), 0.0014880 secs]
434577.520: [GC 275733K->92068K(370304K), 0.0013428 secs]
435777.453: [GC 275620K->92052K(370304K), 0.0014207 secs]
436977.421: [GC 275604K->92066K(370304K), 0.0017633 secs]
438177.441: [GC 275618K->92066K(370304K), 0.0012662 secs]
439377.224: [GC 275618K->92068K(370304K), 0.0014310 secs]
440573.894: [GC 275620K->92140K(370304K), 0.0013742 secs]
441746.893: [GC 275692K->92154K(370304K), 0.0011857 secs]
442916.946: [GC 275706K->92100K(370304K), 0.0015897 secs]
444077.955: [GC 275652K->92210K(370304K), 0.0015640 secs]
445245.652: [GC 275762K->92119K(370304K), 0.0017321 secs]
446413.352: [GC 275671K->92099K(370304K), 0.0015622 secs]
447581.256: [GC 275651K->92083K(370304K), 0.0019071 secs]
448762.485: [GC 275635K->92187K(370304K), 0.0014404 secs]
449935.653: [GC 275739K->92150K(370304K), 0.0013198 secs]
451107.812: [GC 275702K->92118K(370304K), 0.0014701 secs]
452277.772: [GC 275670K->92080K(370304K), 0.0015774 secs]
453477.525: [GC 275632K->92255K(370304K), 0.0013414 secs]
454677.306: [GC 275807K->92112K(370304K), 0.0016580 secs]
455877.294: [GC 275664K->92163K(370304K), 0.0013530 secs]
457077.288: [GC 275715K->92132K(370304K), 0.0015482 secs]
458277.280: [GC 275684K->92161K(370304K), 0.0014810 secs]
459477.194: [GC 275713K->92190K(370304K), 0.0014781 secs]
460651.875: [GC 275742K->92228K(370304K), 0.0013845 secs]
461820.962: [GC 275780K->92164K(370304K), 0.0012976 secs]
462986.643: [GC 275716K->92211K(370304K), 0.0013208 secs]
464154.675: [GC 275763K->92268K(370304K), 0.0013122 secs]
465315.652: [GC 275820K->92183K(370304K), 0.0013614 secs]
466489.423: [GC 275735K->92223K(370304K), 0.0016916 secs]
467660.432: [GC 275775K->92161K(370304K), 0.0016562 secs]
468819.711: [GC 275713K->92146K(370304K), 0.0015549 secs]
469997.121: [GC 275698K->92147K(370304K), 0.0014732 secs]
471177.528: [GC 275699K->92145K(370304K), 0.0016542 secs]
472377.623: [GC 275697K->92187K(370304K), 0.0015306 secs]
473577.438: [GC 275739K->92153K(370304K), 0.0013851 secs]
474777.281: [GC 275705K->92209K(370304K), 0.0015950 secs]
475977.278: [GC 275761K->92172K(370304K), 0.0014335 secs]
477177.248: [GC 275724K->92168K(370304K), 0.0012450 secs]
478377.240: [GC 275720K->92168K(370304K), 0.0013909 secs]
479577.198: [GC 275720K->92225K(370304K), 0.0013590 secs]
480743.745: [GC 275777K->92277K(370304K), 0.0015163 secs]
481905.652: [GC 275829K->92209K(370304K), 0.0015443 secs]
483069.182: [GC 275761K->92280K(370304K), 0.0015792 secs]
484242.672: [GC 275832K->92212K(370304K), 0.0014850 secs]
485404.563: [GC 275764K->92204K(370304K), 0.0014628 secs]
486575.942: [GC 275756K->92259K(370304K), 0.0018383 secs]
487755.416: [GC 275811K->92216K(370304K), 0.0015851 secs]
488923.884: [GC 275768K->92267K(370304K), 0.0015900 secs]
490096.364: [GC 275819K->92288K(370304K), 0.0013358 secs]
491275.710: [GC 275840K->92221K(370304K), 0.0014508 secs]
492475.519: [GC 275773K->92261K(370304K), 0.0013382 secs]
493675.328: [GC 275813K->92189K(370304K), 0.0013167 secs]
494875.299: [GC 275741K->92226K(370304K), 0.0013306 secs]
496075.271: [GC 275778K->92203K(370304K), 0.0012381 secs]
497275.252: [GC 275755K->92201K(370304K), 0.0012693 secs]
498475.244: [GC 275753K->92205K(370304K), 0.0015097 secs]
499675.230: [GC 275757K->92209K(370304K), 0.0013914 secs]
500875.200: [GC 275761K->92220K(370304K), 0.0012711 secs]
502046.692: [GC 275772K->92204K(370304K), 0.0014927 secs]
503213.575: [GC 275756K->92277K(370304K), 0.0016361 secs]
504386.402: [GC 275829K->92297K(370304K), 0.0017024 secs]
505568.175: [GC 275849K->92337K(370304K), 0.0014720 secs]
506725.742: [GC 275889K->92307K(370304K), 0.0018583 secs]
507897.944: [GC 275859K->92341K(370304K), 0.0015021 secs]
509066.962: [GC 275893K->92281K(370304K), 0.0015988 secs]
510246.402: [GC 275833K->92217K(370304K), 0.0014047 secs]
511417.172: [GC 275769K->92216K(370304K), 0.0015019 secs]
512589.712: [GC 275768K->92276K(370304K), 0.0014216 secs]
513775.552: [GC 275828K->92246K(370304K), 0.0014851 secs]
514975.723: [GC 275798K->92321K(370304K), 0.0016133 secs]
516175.347: [GC 275873K->92248K(370304K), 0.0013183 secs]
517375.297: [GC 275800K->92240K(370304K), 0.0016925 secs]
518575.291: [GC 275792K->92240K(370304K), 0.0013857 secs]
519775.893: [GC 275792K->92255K(370304K), 0.0013531 secs]
520975.238: [GC 275807K->92239K(370304K), 0.0015218 secs]
522175.210: [GC 275791K->92255K(370304K), 0.0016669 secs]
523356.966: [GC 275807K->92340K(370304K), 0.0013882 secs]
524529.452: [GC 275892K->92342K(370304K), 0.0015450 secs]
525708.068: [GC 275894K->92290K(370304K), 0.0015029 secs]
526889.242: [GC 275842K->92263K(370304K), 0.0013252 secs]
528067.632: [GC 275815K->92260K(370304K), 0.0014491 secs]
529243.984: [GC 275812K->92343K(370304K), 0.0014259 secs]
530417.113: [GC 275895K->92281K(370304K), 0.0016809 secs]
531590.282: [GC 275833K->92255K(370304K), 0.0013914 secs]
532771.144: [GC 275807K->92371K(370304K), 0.0013963 secs]
533943.984: [GC 275923K->92362K(370304K), 0.0013338 secs]
535117.862: [GC 275914K->92291K(370304K), 0.0014462 secs]
536298.282: [GC 275843K->92260K(370304K), 0.0016800 secs]
537475.538: [GC 275812K->92274K(370304K), 0.0014608 secs]
538675.344: [GC 275826K->92274K(370304K), 0.0016350 secs]
539875.326: [GC 275826K->92279K(370304K), 0.0013910 secs]
541075.314: [GC 275831K->92255K(370304K), 0.0014264 secs]
542275.256: [GC 275807K->92310K(370304K), 0.0013303 secs]
543475.254: [GC 275862K->92274K(370304K), 0.0012205 secs]
544675.432: [GC 275826K->92258K(370304K), 0.0012259 secs]
545844.273: [GC 275810K->92320K(370304K), 0.0015097 secs]
547013.904: [GC 275872K->92292K(370304K), 0.0015888 secs]
548180.206: [GC 275844K->92418K(370304K), 0.0014314 secs]
549347.605: [GC 275970K->92414K(370304K), 0.0014205 secs]
550524.992: [GC 275966K->92315K(370304K), 0.0014675 secs]
551695.962: [GC 275867K->92294K(370304K), 0.0012575 secs]
552864.784: [GC 275846K->92351K(370304K), 0.0018184 secs]
554032.145: [GC 275903K->92427K(370304K), 0.0016642 secs]
555196.097: [GC 275979K->92322K(370304K), 0.0015727 secs]
556375.569: [GC 275874K->92290K(370304K), 0.0012645 secs]
557573.511: [GC 275842K->92420K(370304K), 0.0015074 secs]
558773.323: [GC 275972K->92326K(370304K), 0.0013200 secs]
559973.470: [GC 275878K->92286K(370304K), 0.0014729 secs]
561173.258: [GC 275838K->92285K(370304K), 0.0014025 secs]
562373.240: [GC 275837K->92346K(370304K), 0.0015461 secs]
563573.221: [GC 275898K->92310K(370304K), 0.0016149 secs]
564757.793: [GC 275862K->92343K(370304K), 0.0017305 secs]
565926.152: [GC 275895K->92303K(370304K), 0.0014166 secs]
567082.634: [GC 275855K->92398K(370304K), 0.0015675 secs]
568243.872: [GC 275950K->92315K(370304K), 0.0013535 secs]
569392.362: [GC 275867K->92342K(370304K), 0.0015062 secs]
570561.235: [GC 275894K->92303K(370304K), 0.0014401 secs]
571741.652: [GC 275855K->92290K(370304K), 0.0015900 secs]
572922.694: [GC 275842K->92286K(370304K), 0.0015272 secs]
574098.362: [GC 275838K->92283K(370304K), 0.0014855 secs]
575275.752: [GC 275835K->92300K(370304K), 0.0015006 secs]
576473.508: [GC 275852K->92431K(370304K), 0.0013129 secs]
577673.304: [GC 275983K->92307K(370304K), 0.0012444 secs]
578873.461: [GC 275859K->92308K(370304K), 0.0013892 secs]
580073.560: [GC 275860K->92305K(370304K), 0.0014766 secs]
581273.244: [GC 275857K->92341K(370304K), 0.0013804 secs]
582473.382: [GC 275893K->92322K(370304K), 0.0018022 secs]
583596.822: [GC 275874K->92385K(370304K), 0.0016922 secs]
584779.552: [GC 275937K->92385K(370304K), 0.0014203 secs]
585941.115: [GC 275937K->92425K(370304K), 0.0017014 secs]
587108.605: [GC 275977K->92424K(370304K), 0.0014469 secs]
588289.147: [GC 275976K->92357K(370304K), 0.0016613 secs]
589227.689: [GC 275909K->92436K(370304K), 0.0018172 secs]
589352.067: [GC 275988K->92825K(370304K), 0.0037470 secs]
589463.853: [GC 276377K->92863K(370304K), 0.0031528 secs]
589586.203: [GC 276415K->92840K(370304K), 0.0040211 secs]
589695.660: [GC 276392K->92780K(370304K), 0.0033565 secs]
589818.587: [GC 276332K->92858K(370304K), 0.0036215 secs]
589943.400: [GC 276410K->92888K(370304K), 0.0040372 secs]
590055.159: [GC 276440K->92901K(370304K), 0.0035516 secs]
590180.314: [GC 276453K->93019K(370304K), 0.0041124 secs]
590291.776: [GC 276571K->92922K(370304K), 0.0041173 secs]
590414.750: [GC 276474K->92934K(370304K), 0.0042246 secs]
590537.243: [GC 276486K->92949K(370304K), 0.0039965 secs]
590649.046: [GC 276501K->92917K(370304K), 0.0041007 secs]
590771.652: [GC 276469K->92932K(370304K), 0.0045306 secs]
590881.069: [GC 276484K->92902K(370304K), 0.0039185 secs]
591003.733: [GC 276454K->92945K(370304K), 0.0043041 secs]
591123.866: [GC 276497K->92946K(370304K), 0.0035686 secs]
591235.623: [GC 276498K->92923K(370304K), 0.0038792 secs]
591358.161: [GC 276475K->93016K(370304K), 0.0044936 secs]
591473.260: [GC 276568K->92988K(370304K), 0.0035567 secs]
591585.652: [GC 276540K->92932K(370304K), 0.0042095 secs]
591708.133: [GC 276484K->92972K(370304K), 0.0046363 secs]
591817.106: [GC 276524K->92954K(370304K), 0.0041094 secs]
591939.261: [GC 276506K->92985K(370304K), 0.0045831 secs]
592061.163: [GC 276537K->93005K(370304K), 0.0040450 secs]
592170.007: [GC 276557K->93019K(370304K), 0.0037407 secs]
592291.652: [GC 276571K->93015K(370304K), 0.0046289 secs]
592402.341: [GC 276567K->92935K(370304K), 0.0040366 secs]
592521.412: [GC 276487K->93005K(370304K), 0.0040872 secs]
592640.922: [GC 276557K->93008K(370304K), 0.0040883 secs]
592749.983: [GC 276560K->93023K(370304K), 0.0043003 secs]
592868.833: [GC 276575K->93051K(370304K), 0.0044333 secs]
592974.816: [GC 276603K->93030K(370304K), 0.0036153 secs]
593093.861: [GC 276582K->93021K(370304K), 0.0045815 secs]
593215.002: [GC 276573K->93044K(370304K), 0.0040064 secs]
593355.843: [GC 276596K->93112K(370304K), 0.0042740 secs]
593505.177: [GC 276664K->93123K(370304K), 0.0039362 secs]
593617.769: [GC 276675K->93088K(370304K), 0.0040762 secs]
593743.352: [GC 276640K->93158K(370304K), 0.0040356 secs]
594588.719: [GC 276696K->92931K(370304K), 0.0025460 secs]
595766.240: [GC 276483K->92839K(370304K), 0.0017724 secs]
596926.655: [GC 276391K->92811K(370304K), 0.0017997 secs]
598081.962: [GC 276363K->92673K(370304K), 0.0019704 secs]
599273.301: [GC 276225K->92625K(370304K), 0.0015438 secs]
600473.307: [GC 276177K->92617K(370304K), 0.0013451 secs]
601919.975: [GC 276169K->92687K(370304K), 0.0012965 secs]
603072.312: [GC 276239K->92672K(370304K), 0.0012617 secs]
604224.652: [GC 276224K->92615K(370304K), 0.0014491 secs]
605316.940: [GC 276167K->92665K(370304K), 0.0013594 secs]
606473.527: [GC 276217K->92868K(370304K), 0.0018547 secs]
607973.244: [GC 276420K->92634K(370304K), 0.0014165 secs]
609173.201: [GC 276186K->92617K(370304K), 0.0014506 secs]
610321.162: [GC 276169K->92611K(370304K), 0.0012400 secs]
611455.232: [GC 276163K->92611K(370304K), 0.0019007 secs]
612596.512: [GC 276163K->92609K(370304K), 0.0016904 secs]
613737.782: [GC 276161K->92612K(370304K), 0.0018112 secs]
614879.103: [GC 276164K->92685K(370304K), 0.0013560 secs]
616073.304: [GC 276237K->92640K(370304K), 0.0011901 secs]
617273.398: [GC 276192K->92632K(370304K), 0.0011634 secs]
618473.213: [GC 276184K->92628K(370304K), 0.0012514 secs]
619612.342: [GC 276180K->92629K(370304K), 0.0014824 secs]
620736.494: [GC 276181K->92685K(370304K), 0.0013625 secs]
621872.143: [GC 276237K->92668K(370304K), 0.0014571 secs]
623010.814: [GC 276220K->92691K(370304K), 0.0014755 secs]
624173.728: [GC 276243K->92763K(370304K), 0.0014553 secs]
625371.319: [GC 276315K->92635K(370304K), 0.0014123 secs]
626571.260: [GC 276187K->92629K(370304K), 0.0012861 secs]
627757.752: [GC 276181K->92630K(370304K), 0.0013368 secs]
628898.934: [GC 276182K->92706K(370304K), 0.0012321 secs]
630044.302: [GC 276258K->92649K(370304K), 0.0011704 secs]
631177.223: [GC 276201K->92646K(370304K), 0.0011970 secs]
632271.524: [GC 276198K->92728K(370304K), 0.0012697 secs]
633471.296: [GC 276280K->92682K(370304K), 0.0014766 secs]
634671.458: [GC 276234K->92658K(370304K), 0.0014992 secs]
635871.235: [GC 276210K->92665K(370304K), 0.0011895 secs]
637036.715: [GC 276217K->92766K(370304K), 0.0013008 secs]
638179.652: [GC 276318K->92775K(370304K), 0.0012701 secs]
639309.789: [GC 276327K->92720K(370304K), 0.0016517 secs]
640441.632: [GC 276272K->92659K(370304K), 0.0014427 secs]
641581.063: [GC 276211K->92725K(370304K), 0.0013551 secs]
642771.573: [GC 276277K->92690K(370304K), 0.0012618 secs]
643971.286: [GC 276242K->92658K(370304K), 0.0013616 secs]
645171.233: [GC 276210K->92658K(370304K), 0.0012255 secs]
646332.452: [GC 276210K->92657K(370304K), 0.0016790 secs]
647478.163: [GC 276209K->92769K(370304K), 0.0013713 secs]
648619.652: [GC 276321K->92688K(370304K), 0.0013213 secs]
649763.242: [GC 276240K->92713K(370304K), 0.0014801 secs]
650898.391: [GC 276265K->92732K(370304K), 0.0016170 secs]
652072.438: [GC 276284K->92768K(370304K), 0.0013588 secs]
653271.306: [GC 276320K->92718K(370304K), 0.0013262 secs]
654471.463: [GC 276270K->92696K(370304K), 0.0015740 secs]
655646.333: [GC 276248K->92693K(370304K), 0.0013239 secs]
656787.084: [GC 276245K->92778K(370304K), 0.0014146 secs]
657929.652: [GC 276330K->92779K(370304K), 0.0011692 secs]
659069.652: [GC 276331K->92727K(370304K), 0.0013561 secs]
660199.652: [GC 276279K->92696K(370304K), 0.0014277 secs]
661371.724: [GC 276248K->92758K(370304K), 0.0012115 secs]
662571.307: [GC 276310K->92725K(370304K), 0.0014276 secs]
663771.269: [GC 276277K->92699K(370304K), 0.0013671 secs]
664962.365: [GC 276251K->92696K(370304K), 0.0013809 secs]
666091.519: [GC 276248K->92748K(370304K), 0.0012718 secs]
667243.454: [GC 276300K->92793K(370304K), 0.0013919 secs]
668400.823: [GC 276345K->92753K(370304K), 0.0014969 secs]
669558.983: [GC 276305K->92717K(370304K), 0.0014470 secs]
670710.375: [GC 276269K->92705K(370304K), 0.0014673 secs]
671379.466: [GC 276257K->109413K(370304K), 0.0109517 secs]
671743.282: [GC 292240K->131880K(370304K), 0.0687224 secs]
671743.352: [GC 132734K(370304K), 0.0336281 secs]
671743.879: [GC 315395K->124753K(370304K), 0.0300866 secs]
671748.562: [GC 149650K(370304K), 0.1743488 secs]
671753.492: [GC 301624K->152047K(393988K), 0.1873958 secs]
671753.683: [GC 152068K(393988K), 0.0607531 secs]
671759.037: [GC 168753K(393988K), 0.0167606 secs]
672625.503: [GC 259480K->92514K(393988K), 0.0467624 secs]
673671.465: [GC 276066K->79443K(393988K), 0.0019107 secs]
674377.572: [GC 262995K->78286K(393988K), 0.0025017 secs]
674871.362: [GC 261838K->98564K(393988K), 0.0156727 secs]
675870.357: [GC 282116K->113441K(393988K), 0.0459849 secs]
676667.689: [GC 296888K->104438K(393988K), 0.0018250 secs]
676971.676: [GC 287990K->101633K(393988K), 0.0032803 secs]
677596.926: [GC 284811K->102604K(393988K), 0.0023015 secs]
677597.392: [GC 285782K->102743K(393988K), 0.0019945 secs]
677603.140: [GC 286295K->132566K(393988K), 0.1030466 secs]
678741.421: [GC 316118K->147975K(399276K), 0.0562492 secs]
678741.478: [GC 148012K(399276K), 0.0019364 secs]
678741.547: [GC 148078K(399276K), 0.1335156 secs]
679431.782: [GC 305552K->110078K(399276K), 0.0019718 secs]
680271.366: [GC 293630K->107207K(399276K), 0.0019263 secs]
681122.243: [GC 290759K->107023K(399276K), 0.0019860 secs]
681843.835: [GC 290575K->107095K(399276K), 0.0022489 secs]
682671.330: [GC 290647K->106960K(399276K), 0.0019919 secs]
683522.315: [GC 290512K->106860K(399276K), 0.0019406 secs]
684233.764: [GC 290412K->107059K(399276K), 0.0022920 secs]
685071.334: [GC 290611K->106740K(399276K), 0.0014218 secs]
685917.092: [GC 290292K->106585K(399276K), 0.0014775 secs]
686635.402: [GC 290137K->106542K(399276K), 0.0017182 secs]
687471.355: [GC 290094K->106548K(399276K), 0.0013854 secs]
688302.649: [GC 290100K->106549K(399276K), 0.0016892 secs]
689023.352: [GC 290101K->106539K(399276K), 0.0014982 secs]
689871.328: [GC 290091K->106751K(399276K), 0.0014009 secs]
690681.186: [GC 290303K->107001K(399276K), 0.0013720 secs]
691398.007: [GC 290553K->106961K(399276K), 0.0013598 secs]
692271.292: [GC 290513K->106737K(399276K), 0.0013313 secs]
693301.262: [GC 290289K->106830K(399276K), 0.0014339 secs]
694069.410: [GC 290382K->106764K(399276K), 0.0015975 secs]
694957.905: [GC 290316K->106824K(399276K), 0.0014902 secs]
695677.652: [GC 290376K->106727K(399276K), 0.0014964 secs]
696469.417: [GC 290279K->106662K(399276K), 0.0013738 secs]
697355.602: [GC 290214K->106655K(399276K), 0.0014758 secs]
698116.504: [GC 290207K->106836K(399276K), 0.0014046 secs]
702123.185: [GC 290388K->141869K(399276K), 0.0392280 secs]
702123.224: [GC 141990K(399276K), 0.0867983 secs]
702123.394: [GC 142030K(399276K), 0.0186480 secs]
704170.412: [GC 279979K->140408K(399276K), 0.0989807 secs]
704170.511: [GC 140547K(399276K), 0.0859856 secs]
704170.736: [GC 140559K(399276K), 0.0194048 secs]
706219.692: [GC 323618K->183893K(433596K), 0.1192182 secs]
706219.811: [GC 183901K(433596K), 0.0812090 secs]
706220.078: [GC 184064K(433596K), 0.0175811 secs]
708260.319: [GC 366964K->225574K(474992K), 0.1129539 secs]
708260.432: [GC 225717K(474992K), 0.0788556 secs]
708260.749: [GC 226483K(474992K), 0.0178618 secs]
710303.732: [GC 408751K->265586K(543612K), 0.1095247 secs]
710303.854: [GC 265727K(543612K), 0.0828387 secs]
710304.230: [GC 265768K(543612K), 0.0188641 secs]
712361.062: [GC 448658K->308103K(610124K), 0.1138325 secs]
712361.176: [GC 308240K(610124K), 0.0846986 secs]
712361.618: [GC 308277K(610124K), 0.0176065 secs]
714414.303: [GC 491280K->351038K(681160K), 0.1188016 secs]
714414.423: [GC 351958K(681160K), 0.0794090 secs]
714414.924: [GC 352746K(681160K), 0.0178471 secs]
716458.044: [GC 534118K->392564K(752556K), 0.1184962 secs]
716458.163: [GC 392564K(752556K), 0.0795476 secs]
716458.705: [GC 392736K(752556K), 0.0177682 secs]
718424.722: [GC 575735K->433275K(821916K), 0.1144219 secs]
718424.837: [GC 434194K(821916K), 0.0799698 secs]
718425.436: [GC 435031K(821916K), 0.0181148 secs]
720494.806: [GC 616326K->475386K(889568K), 0.1146991 secs]
720494.921: [GC 476286K(889568K), 0.0812040 secs]
720495.600: [GC 477140K(889568K), 0.0076439 secs]
722537.322: [GC 658158K->516639K(959288K), 0.1055271 secs]
722537.428: [GC 516780K(959288K), 0.0792823 secs]
722538.148: [GC 517728K(959288K), 0.0168827 secs]
722540.274: [GC 519681K(1025664K), 0.0795300 secs]
722546.080: [GC 519702K(1025664K), 0.0082376 secs]
722548.442: [GC 519516K(1025664K), 0.0793366 secs]
722554.212: [GC 519518K(1025664K), 0.0078518 secs]
722556.552: [GC 519518K(1025664K), 0.0816777 secs]
722562.423: [GC 520455K(1025664K), 0.0082115 secs]
722564.772: [GC 520455K(1025664K), 0.0824016 secs]
722570.629: [GC 521244K(1025664K), 0.0187174 secs]
722572.982: [GC 521253K(1025664K), 0.0913674 secs]
722578.800: [GC 521575K(1025664K), 0.0190345 secs]
722581.162: [GC 521585K(1025664K), 0.0911172 secs]
722586.962: [GC 521598K(1025664K), 0.0191357 secs]
722589.322: [GC 521598K(1025664K), 0.0923251 secs]
722595.152: [GC 522375K(1025664K), 0.0185759 secs]
722597.502: [GC 523145K(1025664K), 0.0900829 secs]
722603.252: [GC 523292K(1025664K), 0.0184357 secs]
722605.602: [GC 524054K(1025664K), 0.0923238 secs]
722611.423: [GC 524056K(1025664K), 0.0190765 secs]
722613.772: [GC 524056K(1025664K), 0.0934812 secs]
722619.590: [GC 524204K(1025664K), 0.0187797 secs]
722621.942: [GC 525145K(1025664K), 0.0953953 secs]
722627.762: [GC 525942K(1025664K), 0.0278369 secs]
722630.122: [GC 525942K(1025664K), 0.1011608 secs]
722635.929: [GC 526720K(1025664K), 0.0297452 secs]
722638.292: [GC 526856K(1025664K), 0.0988745 secs]
722644.079: [GC 527633K(1025664K), 0.0302027 secs]
722646.442: [GC 528434K(1025664K), 0.1011514 secs]
722652.252: [GC 528434K(1025664K), 0.0303674 secs]
722654.612: [GC 528434K(1025664K), 0.1023673 secs]
722660.479: [GC 528591K(1025664K), 0.0297287 secs]
722662.842: [GC 528759K(1025664K), 0.1045252 secs]
722668.659: [GC 528790K(1025664K), 0.0303377 secs]
722671.022: [GC 529690K(1025664K), 0.1065369 secs]
722676.809: [GC 530470K(1025664K), 0.0302492 secs]
722679.172: [GC 530606K(1025664K), 0.1120275 secs]
722684.999: [GC 530606K(1025664K), 0.0300348 secs]
722687.362: [GC 531395K(1025664K), 0.1123289 secs]
722693.152: [GC 532194K(1025664K), 0.0303153 secs]
722695.512: [GC 532194K(1025664K), 0.1119760 secs]
722701.370: [GC 533119K(1025664K), 0.0398759 secs]
722703.742: [GC 533282K(1025664K), 0.1140589 secs]
722709.559: [GC 533289K(1025664K), 0.0404049 secs]
722711.932: [GC 534095K(1025664K), 0.1163107 secs]
722717.749: [GC 534269K(1025664K), 0.0411198 secs]
722720.122: [GC 534269K(1025664K), 0.1228767 secs]
722725.999: [GC 535047K(1025664K), 0.0410371 secs]
722728.382: [GC 535049K(1025664K), 0.1191145 secs]
722734.212: [GC 535842K(1025664K), 0.0409549 secs]
722736.582: [GC 535842K(1025664K), 0.1213195 secs]
722742.420: [GC 535990K(1025664K), 0.0410721 secs]
722744.792: [GC 536148K(1025664K), 0.1222065 secs]
722750.590: [GC 536936K(1025664K), 0.0413121 secs]
722752.962: [GC 536936K(1025664K), 0.1242767 secs]
722758.800: [GC 537866K(1025664K), 0.0410563 secs]
722761.182: [GC 538654K(1025664K), 0.1330349 secs]
722767.060: [GC 538654K(1025664K), 0.0503918 secs]
722769.442: [GC 538654K(1025664K), 0.1275096 secs]
722775.282: [GC 538830K(1025664K), 0.0529979 secs]
722777.662: [GC 539737K(1025664K), 0.1299410 secs]
722783.441: [GC 539737K(1025664K), 0.0521370 secs]
722785.822: [GC 539901K(1025664K), 0.1308835 secs]
722791.649: [GC 541512K(1025664K), 0.0520715 secs]
722794.032: [GC 541512K(1025664K), 0.1348361 secs]
722799.929: [GC 541659K(1025664K), 0.0521542 secs]
722802.322: [GC 541659K(1025664K), 0.1356420 secs]
722808.192: [GC 543240K(1025664K), 0.0522520 secs]
722810.582: [GC 543240K(1025664K), 0.1364596 secs]
722816.479: [GC 543240K(1025664K), 0.0524684 secs]
722818.872: [GC 543382K(1025664K), 0.1392191 secs]
722824.699: [GC 544144K(1025664K), 0.0518450 secs]
722827.082: [GC 544313K(1025664K), 0.1454171 secs]
722832.921: [GC 545878K(1025664K), 0.0521240 secs]
722835.312: [GC 545878K(1025664K), 0.1448820 secs]
722841.140: [GC 546053K(1025664K), 0.0614498 secs]
722843.542: [GC 546053K(1025664K), 0.1444505 secs]
722849.391: [GC 546055K(1025664K), 0.0515960 secs]
722851.772: [GC 546820K(1025664K), 0.1456642 secs]
722857.612: [GC 546820K(1025664K), 0.0628445 secs]
722860.012: [GC 546826K(1025664K), 0.1482388 secs]
722865.859: [GC 546826K(1025664K), 0.0634293 secs]
722868.252: [GC 547797K(1025664K), 0.1569171 secs]
722874.101: [GC 548727K(1025664K), 0.0635403 secs]
722876.492: [GC 548727K(1025664K), 0.1515627 secs]
722882.329: [GC 548761K(1025664K), 0.0636323 secs]
722884.722: [GC 548761K(1025664K), 0.1521758 secs]
722890.549: [GC 549692K(1025664K), 0.0633318 secs]
722892.942: [GC 549692K(1025664K), 0.1542410 secs]
722898.821: [GC 549692K(1025664K), 0.0631505 secs]
722901.222: [GC 549692K(1025664K), 0.1562060 secs]
722907.100: [GC 550466K(1025664K), 0.0629113 secs]
722909.502: [GC 550636K(1025664K), 0.1577472 secs]
722915.319: [GC 551553K(1025664K), 0.0630571 secs]
722917.712: [GC 551563K(1025664K), 0.1594614 secs]
722923.642: [GC 551563K(1025664K), 0.0633095 secs]
722926.032: [GC 551563K(1025664K), 0.1640696 secs]
722931.839: [GC 554066K(1025664K), 0.0730113 secs]
722934.252: [GC 554066K(1025664K), 0.1643292 secs]
722940.099: [GC 554068K(1025664K), 0.0733667 secs]
722942.502: [GC 554854K(1025664K), 0.1651801 secs]
722948.379: [GC 555770K(1025664K), 0.0741558 secs]
722950.782: [GC 555797K(1025664K), 0.1661193 secs]
722956.662: [GC 555935K(1025664K), 0.0743630 secs]
722959.062: [GC 555935K(1025664K), 0.1734705 secs]
722964.989: [GC 555935K(1025664K), 0.0740944 secs]
722967.402: [GC 555964K(1025664K), 0.1700415 secs]
722973.250: [GC 557018K(1025664K), 0.0737721 secs]
722975.652: [GC 557024K(1025664K), 0.1712306 secs]
722981.499: [GC 557822K(1025664K), 0.0750988 secs]
722983.902: [GC 557822K(1025664K), 0.1733993 secs]
722989.759: [GC 557977K(1025664K), 0.0747304 secs]
722991.642: [GC 557992K(1025664K), 0.1754777 secs]
722997.519: [GC 558913K(1025664K), 0.0744208 secs]
722999.922: [GC 558913K(1025664K), 0.1766000 secs]
723005.819: [GC 559692K(1025664K), 0.0831666 secs]
723008.242: [GC 559828K(1025664K), 0.1797381 secs]
723014.120: [GC 559828K(1025664K), 0.0840876 secs]
723016.542: [GC 559828K(1025664K), 0.1829654 secs]
723022.452: [GC 560640K(1025664K), 0.0856568 secs]
723024.872: [GC 560640K(1025664K), 0.1819576 secs]
723030.749: [GC 560797K(1025664K), 0.0858077 secs]
723033.162: [GC 561618K(1025664K), 0.1914461 secs]
723039.039: [GC 562540K(1025664K), 0.0855803 secs]
723041.452: [GC 562540K(1025664K), 0.1858534 secs]
723047.350: [GC 564125K(1025664K), 0.0925158 secs]
723049.772: [GC 564264K(1025664K), 0.1876266 secs]
723055.699: [GC 565041K(1025664K), 0.0847780 secs]
723058.112: [GC 565041K(1025664K), 0.1941959 secs]
723063.989: [GC 565041K(1025664K), 0.0949407 secs]
723066.422: [GC 565050K(1025664K), 0.1911566 secs]
723072.372: [GC 566006K(1025664K), 0.0934027 secs]
723074.802: [GC 566187K(1025664K), 0.1929873 secs]
723080.671: [GC 567087K(1025664K), 0.0973819 secs]
723083.102: [GC 567087K(1025664K), 0.2010622 secs]
723088.999: [GC 567254K(1025664K), 0.0966292 secs]
723091.432: [GC 567254K(1025664K), 0.1978633 secs]
723097.322: [GC 568803K(1025664K), 0.0957426 secs]
723099.752: [GC 568803K(1025664K), 0.1989247 secs]
723105.679: [GC 568803K(1025664K), 0.0953162 secs]
723107.122: [GC 568803K(1025664K), 0.2050052 secs]
723113.049: [GC 569745K(1025664K), 0.0963965 secs]
723115.472: [GC 569768K(1025664K), 0.2029184 secs]
723121.359: [GC 570699K(1025664K), 0.0959126 secs]
723123.802: [GC 570699K(1025664K), 0.2040551 secs]
723129.720: [GC 570845K(1025664K), 0.0969210 secs]
723132.152: [GC 570845K(1025664K), 0.2088729 secs]
723138.110: [GC 572431K(1025664K), 0.1044057 secs]
723140.552: [GC 572461K(1025664K), 0.2076396 secs]
723146.529: [GC 572463K(1025664K), 0.1046641 secs]
723148.962: [GC 572612K(1025664K), 0.2119557 secs]
723154.859: [GC 573391K(1025664K), 0.1070961 secs]
723157.302: [GC 573412K(1025664K), 0.2112533 secs]
723163.222: [GC 574341K(1025664K), 0.1073200 secs]
723165.672: [GC 574341K(1025664K), 0.2126976 secs]
723171.611: [GC 574477K(1025664K), 0.1072089 secs]
723174.062: [GC 574477K(1025664K), 0.2206137 secs]
723180.030: [GC 575286K(1025664K), 0.1070121 secs]
723182.482: [GC 575286K(1025664K), 0.2167386 secs]
723188.412: [GC 577000K(1025664K), 0.1068547 secs]
723190.852: [GC 577009K(1025664K), 0.2186068 secs]
723196.811: [GC 577018K(1025664K), 0.1075062 secs]
723197.782: [GC 577031K(1025664K), 0.2197033 secs]
723203.719: [GC 577825K(1025664K), 0.1149409 secs]
723206.162: [GC 577953K(1025664K), 0.2231492 secs]
723212.119: [GC 578851K(1025664K), 0.1079229 secs]
723214.552: [GC 579645K(1025664K), 0.2239902 secs]
723220.439: [GC 579648K(1025664K), 0.1081188 secs]
723222.872: [GC 579648K(1025664K), 0.2247716 secs]
723228.820: [GC 579817K(1025664K), 0.1175451 secs]
723231.272: [GC 579826K(1025664K), 0.2350238 secs]
723237.299: [GC 580633K(1025664K), 0.1184115 secs]
723239.752: [GC 581426K(1025664K), 0.2290895 secs]
723245.719: [GC 581445K(1025664K), 0.1184826 secs]
723248.172: [GC 581708K(1025664K), 0.2324057 secs]
723254.109: [GC 582501K(1025664K), 0.1171009 secs]
723256.552: [GC 582501K(1025664K), 0.2328049 secs]
723262.540: [GC 583311K(1025664K), 0.1191403 secs]
723264.992: [GC 584078K(1025664K), 0.2397748 secs]
723270.930: [GC 584233K(1025664K), 0.1180296 secs]
723273.392: [GC 584369K(1025664K), 0.2367745 secs]
723279.320: [GC 584380K(1025664K), 0.1170566 secs]
723281.762: [GC 584391K(1025664K), 0.2378540 secs]
723287.740: [GC 585309K(1025664K), 0.1271114 secs]
723288.692: [GC 585309K(1025664K), 0.2389652 secs]
723294.651: [GC 586218K(1025664K), 0.1280025 secs]
723297.102: [GC 586247K(1025664K), 0.2523090 secs]
723303.089: [GC 586256K(1025664K), 0.1280353 secs]
723305.542: [GC 586256K(1025664K), 0.2433951 secs]
723311.478: [GC 587189K(1025664K), 0.1284483 secs]
723313.932: [GC 587198K(1025664K), 0.2468482 secs]
723319.879: [GC 587987K(1025664K), 0.1364988 secs]
723322.352: [GC 587997K(1025664K), 0.2467294 secs]
723328.342: [GC 588942K(1025664K), 0.1291684 secs]
723330.802: [GC 589706K(1025664K), 0.2485669 secs]
723336.769: [GC 589833K(1025664K), 0.1291601 secs]
723339.242: [GC 589833K(1025664K), 0.2504473 secs]
723345.222: [GC 590613K(1025664K), 0.1300148 secs]
723347.682: [GC 590782K(1025664K), 0.2519718 secs]
723353.630: [GC 590784K(1025664K), 0.1394706 secs]
723356.112: [GC 590793K(1025664K), 0.2583850 secs]
723362.110: [GC 591605K(1025664K), 0.1376656 secs]
723364.572: [GC 591605K(1025664K), 0.2560658 secs]
723370.519: [GC 592558K(1025664K), 0.1381037 secs]
723372.982: [GC 592558K(1025664K), 0.2698234 secs]
723378.939: [GC 592854K(1025664K), 0.1402912 secs]
723381.412: [GC 592856K(1025664K), 0.2602415 secs]
723387.401: [GC 593665K(1025664K), 0.1401810 secs]
723389.152: [GC 593807K(1025664K), 0.2646710 secs]
723395.100: [GC 594584K(1025664K), 0.1392485 secs]
723397.572: [GC 594593K(1025664K), 0.2630762 secs]
723403.519: [GC 594605K(1025664K), 0.1407897 secs]
723405.992: [GC 595378K(1025664K), 0.2714057 secs]
723411.944: [GC 596326K(1025664K), 0.1526290 secs]
723414.432: [GC 596326K(1025664K), 0.2664548 secs]
723420.402: [GC 597235K(1025664K), 0.1510908 secs]
723422.892: [GC 597235K(1025664K), 0.2695897 secs]
723428.839: [GC 598139K(1025664K), 0.1401564 secs]
723431.312: [GC 598139K(1025664K), 0.2708219 secs]
723437.322: [GC 598168K(1025664K), 0.1471168 secs]
723439.802: [GC 598178K(1025664K), 0.2712557 secs]
723445.759: [GC 599019K(1025664K), 0.1488708 secs]
723448.242: [GC 599157K(1025664K), 0.2819953 secs]
723454.322: [GC 599974K(1025664K), 0.1573232 secs]
723456.812: [GC 599974K(1025664K), 0.2755639 secs]
723462.883: [GC 600102K(1025664K), 0.1523423 secs]
723465.372: [GC 600895K(1025664K), 0.2780036 secs]
723471.372: [GC 601826K(1025664K), 0.1512334 secs]
723473.862: [GC 601834K(1025664K), 0.2848346 secs]
723479.929: [GC 602623K(1025664K), 0.1528832 secs]
723482.422: [GC 602629K(1025664K), 0.2817399 secs]
723488.411: [GC 602781K(1025664K), 0.1515492 secs]
723490.902: [GC 603547K(1025664K), 0.2865303 secs]
723496.959: [GC 603558K(1025664K), 0.1516291 secs]
723499.452: [GC 603558K(1025664K), 0.2852599 secs]
723505.429: [GC 604477K(1025664K), 0.1597695 secs]
723507.912: [GC 604646K(1025664K), 0.2907168 secs]
723513.929: [GC 605416K(1025664K), 0.1589418 secs]
723516.422: [GC 605416K(1025664K), 0.2896781 secs]
723522.392: [GC 605431K(1025664K), 0.1584280 secs]
723524.882: [GC 605436K(1025664K), 0.2917477 secs]
723530.869: [GC 607140K(1025664K), 0.1601715 secs]
723533.362: [GC 607143K(1025664K), 0.2922323 secs]
723539.360: [GC 607952K(1025664K), 0.1620536 secs]
723541.852: [GC 607952K(1025664K), 0.2957207 secs]
723547.859: [GC 608219K(1025664K), 0.1621895 secs]
723550.362: [GC 608219K(1025664K), 0.2961186 secs]
723556.381: [GC 609790K(1025664K), 0.1619848 secs]
723558.872: [GC 609822K(1025664K), 0.2994494 secs]
723564.901: [GC 609842K(1025664K), 0.1619502 secs]
723567.412: [GC 610624K(1025664K), 0.3000701 secs]
723573.412: [GC 611551K(1025664K), 0.1625923 secs]
723575.902: [GC 611555K(1025664K), 0.3061186 secs]
723581.910: [GC 611566K(1025664K), 0.1638536 secs]
723584.412: [GC 611566K(1025664K), 0.3042209 secs]
723590.399: [GC 612594K(1025664K), 0.1732872 secs]
723592.902: [GC 612600K(1025664K), 0.3098130 secs]
723598.921: [GC 612629K(1025664K), 0.1721361 secs]
723601.432: [GC 613422K(1025664K), 0.3088593 secs]
723607.439: [GC 614199K(1025664K), 0.1722858 secs]
723609.952: [GC 614355K(1025664K), 0.3152321 secs]
723615.979: [GC 614359K(1025664K), 0.1732372 secs]
723618.482: [GC 614359K(1025664K), 0.3119814 secs]
723624.520: [GC 615169K(1025664K), 0.1727453 secs]
723627.022: [GC 615169K(1025664K), 0.3177710 secs]
723633.029: [GC 615432K(1025664K), 0.1723842 secs]
723635.532: [GC 615432K(1025664K), 0.3144307 secs]
723641.621: [GC 617016K(1025664K), 0.1724380 secs]
723644.132: [GC 617016K(1025664K), 0.3238003 secs]
723650.140: [GC 617216K(1025664K), 0.1721091 secs]
723650.972: [GC 617223K(1025664K), 0.3239595 secs]
723657.030: [GC 618781K(1025664K), 0.1800510 secs]
723659.542: [GC 618781K(1025664K), 0.3200351 secs]
723665.579: [GC 618792K(1025664K), 0.1797804 secs]
723668.092: [GC 618928K(1025664K), 0.3269065 secs]
723674.120: [GC 619690K(1025664K), 0.1810300 secs]
723676.632: [GC 620766K(1025664K), 0.3234845 secs]
723682.729: [GC 621555K(1025664K), 0.1814700 secs]
723685.252: [GC 621555K(1025664K), 0.3252826 secs]
723691.272: [GC 621745K(1025664K), 0.1854984 secs]
723693.792: [GC 621755K(1025664K), 0.3269410 secs]
723699.839: [GC 622550K(1025664K), 0.1844410 secs]
723702.352: [GC 623331K(1025664K), 0.3307997 secs]
723708.392: [GC 623487K(1025664K), 0.1824954 secs]
723710.902: [GC 623487K(1025664K), 0.3343882 secs]
723716.981: [GC 623487K(1025664K), 0.1847964 secs]
723719.492: [GC 623644K(1025664K), 0.3334284 secs]
723725.489: [GC 624424K(1025664K), 0.1840901 secs]
723728.002: [GC 625372K(1025664K), 0.3432924 secs]
723734.009: [GC 625386K(1025664K), 0.1951259 secs]
723736.532: [GC 625393K(1025664K), 0.3358559 secs]
723742.591: [GC 625411K(1025664K), 0.1934654 secs]
723745.122: [GC 625417K(1025664K), 0.3472478 secs]
723751.181: [GC 626351K(1025664K), 0.1938795 secs]
723753.702: [GC 627131K(1025664K), 0.3396292 secs]
723759.730: [GC 627131K(1025664K), 0.1960705 secs]
723762.262: [GC 627258K(1025664K), 0.3494687 secs]
723768.311: [GC 628229K(1025664K), 0.1940670 secs]
723770.852: [GC 628240K(1025664K), 0.3467234 secs]
723776.881: [GC 629024K(1025664K), 0.1961932 secs]
723779.412: [GC 629801K(1025664K), 0.3469012 secs]
723785.460: [GC 629806K(1025664K), 0.1958090 secs]
723787.982: [GC 629948K(1025664K), 0.3532269 secs]
723794.079: [GC 630724K(1025664K), 0.2038189 secs]
723796.612: [GC 630724K(1025664K), 0.3491761 secs]
723802.639: [GC 631501K(1025664K), 0.2019761 secs]
723805.172: [GC 631629K(1025664K), 0.3576571 secs]
723811.211: [GC 632587K(1025664K), 0.2013729 secs]
723813.752: [GC 633391K(1025664K), 0.3529438 secs]
723819.870: [GC 633402K(1025664K), 0.2142258 secs]
723822.432: [GC 633409K(1025664K), 0.3550416 secs]
723828.499: [GC 634325K(1025664K), 0.2028061 secs]
723831.032: [GC 634334K(1025664K), 0.3656309 secs]
723837.161: [GC 634338K(1025664K), 0.2065983 secs]
723839.712: [GC 634338K(1025664K), 0.3577120 secs]
723845.760: [GC 635121K(1025664K), 0.2068293 secs]
723848.302: [GC 636025K(1025664K), 0.3605586 secs]
723854.389: [GC 636179K(1025664K), 0.2060570 secs]
723856.922: [GC 636179K(1025664K), 0.3696185 secs]
723863.001: [GC 636218K(1025664K), 0.2119878 secs]
723865.552: [GC 636218K(1025664K), 0.3637570 secs]
723871.631: [GC 637303K(1025664K), 0.2051800 secs]
723874.162: [GC 638083K(1025664K), 0.3699736 secs]
723880.252: [GC 638097K(1025664K), 0.2068613 secs]
723882.792: [GC 638874K(1025664K), 0.3694761 secs]
723888.850: [GC 639016K(1025664K), 0.2140296 secs]
723891.402: [GC 639025K(1025664K), 0.3769810 secs]
723897.492: [GC 639195K(1025664K), 0.2161915 secs]
723900.032: [GC 639996K(1025664K), 0.3808157 secs]
723906.111: [GC 640794K(1025664K), 0.2250800 secs]
723908.672: [GC 640930K(1025664K), 0.3737231 secs]
723914.731: [GC 640936K(1025664K), 0.2265485 secs]
723917.302: [GC 640938K(1025664K), 0.3744920 secs]
723923.382: [GC 641705K(1025664K), 0.2176543 secs]
723925.932: [GC 641705K(1025664K), 0.3857623 secs]
723932.029: [GC 642662K(1025664K), 0.2273511 secs]
723934.582: [GC 642668K(1025664K), 0.3793912 secs]
723940.691: [GC 642805K(1025664K), 0.2162114 secs]
723943.242: [GC 643574K(1025664K), 0.3814335 secs]
723949.282: [GC 644496K(1025664K), 0.2288564 secs]
723951.842: [GC 644496K(1025664K), 0.3904402 secs]
723957.949: [GC 645295K(1025664K), 0.2190297 secs]
723960.502: [GC 645295K(1025664K), 0.3851565 secs]
723966.580: [GC 645309K(1025664K), 0.2243594 secs]
723969.132: [GC 646236K(1025664K), 0.3953627 secs]
723975.182: [GC 647220K(1025664K), 0.2281051 secs]
723977.742: [GC 647249K(1025664K), 0.3869885 secs]
723983.810: [GC 648171K(1025664K), 0.2280877 secs]
723986.382: [GC 648177K(1025664K), 0.3893735 secs]
723992.441: [GC 649080K(1025664K), 0.2274458 secs]
723994.992: [GC 649080K(1025664K), 0.3953847 secs]
724001.059: [GC 649096K(1025664K), 0.2284574 secs]
724003.622: [GC 649098K(1025664K), 0.3944717 secs]
724009.679: [GC 649242K(1025664K), 0.2338109 secs]
724012.242: [GC 649252K(1025664K), 0.3949469 secs]
724018.363: [GC 650064K(1025664K), 0.2302084 secs]
724020.922: [GC 650845K(1025664K), 0.4152788 secs]
724027.049: [GC 650992K(1025664K), 0.2344145 secs]
724029.612: [GC 651128K(1025664K), 0.4001992 secs]
724035.709: [GC 651913K(1025664K), 0.2277973 secs]
724038.272: [GC 651913K(1025664K), 0.4031744 secs]
724044.390: [GC 653525K(1025664K), 0.2352597 secs]
724046.952: [GC 653525K(1025664K), 0.4077523 secs]
724053.061: [GC 653679K(1025664K), 0.2379159 secs]
724055.632: [GC 653688K(1025664K), 0.4048370 secs]
724061.749: [GC 654487K(1025664K), 0.2394222 secs]
724064.322: [GC 655275K(1025664K), 0.4074981 secs]
724070.379: [GC 655581K(1025664K), 0.2381093 secs]
724072.942: [GC 655585K(1025664K), 0.4109250 secs]
724079.029: [GC 655585K(1025664K), 0.2402827 secs]
724081.602: [GC 655585K(1025664K), 0.4106665 secs]
724087.659: [GC 656514K(1025664K), 0.2399683 secs]
724090.232: [GC 657292K(1025664K), 0.4122216 secs]
724096.309: [GC 657308K(1025664K), 0.2498365 secs]
724098.842: [GC 657314K(1025664K), 0.4135022 secs]
724104.970: [GC 658874K(1025664K), 0.2486384 secs]
724107.552: [GC 658907K(1025664K), 0.4160948 secs]
724113.610: [GC 659964K(1025664K), 0.2487602 secs]
724116.192: [GC 659973K(1025664K), 0.4181710 secs]
724122.249: [GC 659973K(1025664K), 0.2511078 secs]
724124.832: [GC 660735K(1025664K), 0.4196755 secs]
724130.999: [GC 660880K(1025664K), 0.2458163 secs]
724133.572: [GC 660880K(1025664K), 0.4214797 secs]
724139.651: [GC 660929K(1025664K), 0.2504175 secs]
724142.242: [GC 660929K(1025664K), 0.4227683 secs]
724148.331: [GC 661858K(1025664K), 0.2490315 secs]
724150.922: [GC 662658K(1025664K), 0.4248180 secs]
724157.009: [GC 662799K(1025664K), 0.2501506 secs]
724159.412: [GC 662799K(1025664K), 0.4266472 secs]
724165.519: [GC 663584K(1025664K), 0.2509747 secs]
724168.112: [GC 663724K(1025664K), 0.4288531 secs]
724174.200: [GC 664665K(1025664K), 0.2505659 secs]
724176.792: [GC 664665K(1025664K), 0.4305873 secs]
724182.881: [GC 664679K(1025664K), 0.2513666 secs]
724185.462: [GC 664687K(1025664K), 0.4340717 secs]
724191.551: [GC 665655K(1025664K), 0.2587415 secs]
724194.152: [GC 665661K(1025664K), 0.4391897 secs]
724200.270: [GC 667358K(1025664K), 0.2595221 secs]
724202.862: [GC 667361K(1025664K), 0.4357081 secs]
724208.980: [GC 667501K(1025664K), 0.2612867 secs]
724211.582: [GC 667501K(1025664K), 0.4377295 secs]
724217.679: [GC 668290K(1025664K), 0.2715939 secs]
724220.032: [GC 668290K(1025664K), 0.4396765 secs]
724226.132: [GC 668310K(1025664K), 0.2667767 secs]
724228.732: [GC 668484K(1025664K), 0.4410695 secs]
724234.809: [GC 668503K(1025664K), 0.2711518 secs]
724237.412: [GC 669269K(1025664K), 0.4438746 secs]
724243.501: [GC 670186K(1025664K), 0.2605512 secs]
724246.092: [GC 670186K(1025664K), 0.4452920 secs]
724252.229: [GC 671119K(1025664K), 0.2691963 secs]
724254.832: [GC 671119K(1025664K), 0.4471260 secs]
724260.929: [GC 671910K(1025664K), 0.2764237 secs]
724263.532: [GC 671919K(1025664K), 0.4494388 secs]
724269.649: [GC 672072K(1025664K), 0.2668934 secs]
724272.242: [GC 672877K(1025664K), 0.4512053 secs]
724278.399: [GC 673849K(1025664K), 0.2722177 secs]
724280.662: [GC 673849K(1025664K), 0.4522854 secs]
724286.779: [GC 674627K(1025664K), 0.2708694 secs]
724289.332: [GC 674897K(1025664K), 0.4540963 secs]
724295.441: [GC 674897K(1025664K), 0.2724562 secs]
724298.052: [GC 674897K(1025664K), 0.4563663 secs]
724304.169: [GC 675681K(1025664K), 0.2734423 secs]
724306.772: [GC 676468K(1025664K), 0.4608459 secs]
724312.939: [GC 677408K(1025664K), 0.2806192 secs]
724315.552: [GC 677411K(1025664K), 0.4608162 secs]
724321.681: [GC 677460K(1025664K), 0.2715357 secs]
724324.292: [GC 677460K(1025664K), 0.4624828 secs]
724330.410: [GC 678380K(1025664K), 0.2787634 secs]
724333.022: [GC 679303K(1025664K), 0.4640837 secs]
724339.159: [GC 679303K(1025664K), 0.2812629 secs]
724340.332: [GC 679303K(1025664K), 0.4654750 secs]
724346.451: [GC 679327K(1025664K), 0.2780071 secs]
724349.062: [GC 679481K(1025664K), 0.4675080 secs]
724355.179: [GC 680283K(1025664K), 0.2934596 secs]
724357.802: [GC 681068K(1025664K), 0.4692015 secs]
724363.950: [GC 681079K(1025664K), 0.2835557 secs]
724366.562: [GC 681081K(1025664K), 0.4729881 secs]
724372.711: [GC 682045K(1025664K), 0.2975125 secs]
724375.352: [GC 682045K(1025664K), 0.4729295 secs]
724381.489: [GC 682964K(1025664K), 0.2998741 secs]
724384.122: [GC 682964K(1025664K), 0.4753179 secs]
724390.259: [GC 683122K(1025664K), 0.2825229 secs]
724392.872: [GC 683915K(1025664K), 0.4777926 secs]
724399.029: [GC 684734K(1025664K), 0.2830134 secs]
724401.512: [GC 684739K(1025664K), 0.4821503 secs]
724407.670: [GC 686429K(1025664K), 0.2912450 secs]
724410.292: [GC 686434K(1025664K), 0.4806878 secs]
724416.410: [GC 686434K(1025664K), 0.3044532 secs]
724419.042: [GC 686434K(1025664K), 0.4818958 secs]
724425.171: [GC 687342K(1025664K), 0.2922764 secs]
724427.802: [GC 687478K(1025664K), 0.4979625 secs]
724433.979: [GC 687505K(1025664K), 0.2940593 secs]
724436.602: [GC 687505K(1025664K), 0.4858013 secs]
724442.750: [GC 689107K(1025664K), 0.2946231 secs]
724445.372: [GC 689123K(1025664K), 0.4885315 secs]
724451.580: [GC 689263K(1025664K), 0.2928328 secs]
724454.212: [GC 689265K(1025664K), 0.4907068 secs]
724460.351: [GC 690035K(1025664K), 0.3108287 secs]
724462.162: [GC 690035K(1025664K), 0.4910917 secs]
724468.330: [GC 690305K(1025664K), 0.3119078 secs]
724470.972: [GC 690311K(1025664K), 0.4939030 secs]
724477.121: [GC 691257K(1025664K), 0.2929166 secs]
724479.752: [GC 692055K(1025664K), 0.4960541 secs]
724485.890: [GC 692072K(1025664K), 0.2938904 secs]
724488.512: [GC 692248K(1025664K), 0.4987218 secs]
724494.689: [GC 693041K(1025664K), 0.3039331 secs]
724497.322: [GC 693044K(1025664K), 0.4991318 secs]
724503.481: [GC 693044K(1025664K), 0.3016476 secs]
724506.122: [GC 693044K(1025664K), 0.5024742 secs]
724512.279: [GC 694116K(1025664K), 0.3136669 secs]
724514.932: [GC 694896K(1025664K), 0.5064099 secs]
724521.099: [GC 695699K(1025664K), 0.3042734 secs]
724522.892: [GC 695699K(1025664K), 0.5039319 secs]
724529.089: [GC 695889K(1025664K), 0.3238200 secs]
724531.742: [GC 695889K(1025664K), 0.5061074 secs]
724537.959: [GC 696657K(1025664K), 0.3052070 secs]
724540.592: [GC 696659K(1025664K), 0.5088201 secs]
724546.740: [GC 696659K(1025664K), 0.3114340 secs]
724548.482: [GC 696795K(1025664K), 0.5122526 secs]
724554.669: [GC 697600K(1025664K), 0.3114047 secs]
724557.312: [GC 697736K(1025664K), 0.5124689 secs]
724563.481: [GC 698527K(1025664K), 0.3223158 secs]
724566.142: [GC 698533K(1025664K), 0.5152431 secs]
724572.321: [GC 698686K(1025664K), 0.3110403 secs]
724574.333: [GC 699591K->557765K(1025664K), 0.1063396 secs]
724574.439: [GC 557772K(1025664K), 0.0811945 secs]
724575.201: [GC 558786K(1025664K), 0.0173475 secs]
724577.582: [GC 560126K(1025664K), 0.0772480 secs]
724583.469: [GC 560976K(1025664K), 0.0180007 secs]
724585.842: [GC 560762K(1025664K), 0.0796832 secs]
724591.629: [GC 560904K(1025664K), 0.0176948 secs]
724593.992: [GC 560904K(1025664K), 0.0806079 secs]
724599.760: [GC 560906K(1025664K), 0.0193541 secs]
724602.122: [GC 560906K(1025664K), 0.0827997 secs]
724607.950: [GC 561042K(1025664K), 0.0189131 secs]
724609.192: [GC 561844K(1025664K), 0.0840758 secs]
724615.039: [GC 562602K(1025664K), 0.0189005 secs]
724617.412: [GC 562770K(1025664K), 0.0861205 secs]
724623.209: [GC 563586K(1025664K), 0.0188225 secs]
724625.572: [GC 563588K(1025664K), 0.0884217 secs]
724631.361: [GC 563727K(1025664K), 0.0186933 secs]
724633.742: [GC 563727K(1025664K), 0.0892748 secs]
724639.560: [GC 565297K(1025664K), 0.0188131 secs]
724641.932: [GC 565297K(1025664K), 0.0915920 secs]
724647.751: [GC 565433K(1025664K), 0.0191734 secs]
724650.122: [GC 565461K(1025664K), 0.0936442 secs]
724655.910: [GC 566374K(1025664K), 0.0191935 secs]
724658.282: [GC 566396K(1025664K), 0.0949046 secs]
724664.100: [GC 567204K(1025664K), 0.0190256 secs]
724666.462: [GC 567204K(1025664K), 0.0974117 secs]
724672.401: [GC 567344K(1025664K), 0.0296666 secs]
724674.792: [GC 568146K(1025664K), 0.1004959 secs]
724680.589: [GC 568907K(1025664K), 0.0299893 secs]
724682.972: [GC 568907K(1025664K), 0.1005532 secs]
724688.780: [GC 569043K(1025664K), 0.0301804 secs]
724691.162: [GC 569043K(1025664K), 0.1024734 secs]
724696.979: [GC 570002K(1025664K), 0.0302629 secs]
724699.362: [GC 570056K(1025664K), 0.1042010 secs]
724705.180: [GC 570817K(1025664K), 0.0299695 secs]
724707.562: [GC 570817K(1025664K), 0.1060320 secs]
724713.371: [GC 570819K(1025664K), 0.0298207 secs]
724715.762: [GC 571629K(1025664K), 0.1081755 secs]
724721.580: [GC 572527K(1025664K), 0.0302332 secs]
724723.962: [GC 572536K(1025664K), 0.1090282 secs]
724729.871: [GC 572565K(1025664K), 0.0298764 secs]
724732.262: [GC 572565K(1025664K), 0.1151930 secs]
724738.109: [GC 573605K(1025664K), 0.0394726 secs]
724740.492: [GC 574432K(1025664K), 0.1143137 secs]
724746.319: [GC 575245K(1025664K), 0.0406784 secs]
724748.712: [GC 575245K(1025664K), 0.1162067 secs]
724754.510: [GC 575247K(1025664K), 0.0411256 secs]
724756.902: [GC 575247K(1025664K), 0.1168817 secs]
724762.830: [GC 575387K(1025664K), 0.0410805 secs]
724765.222: [GC 575387K(1025664K), 0.1190656 secs]
724771.059: [GC 576357K(1025664K), 0.0411829 secs]
724773.452: [GC 576357K(1025664K), 0.1202064 secs]
724779.281: [GC 577385K(1025664K), 0.0412575 secs]
724781.682: [GC 577425K(1025664K), 0.1227108 secs]
724787.489: [GC 577430K(1025664K), 0.0407498 secs]
724789.812: [GC 577430K(1025664K), 0.1243844 secs]
724795.660: [GC 579004K(1025664K), 0.0420462 secs]
724798.052: [GC 579144K(1025664K), 0.1259058 secs]
724803.902: [GC 579146K(1025664K), 0.0406981 secs]
724806.302: [GC 579146K(1025664K), 0.1278597 secs]
724812.159: [GC 579960K(1025664K), 0.0413257 secs]
724814.552: [GC 579960K(1025664K), 0.1292278 secs]
724820.379: [GC 581777K(1025664K), 0.0520709 secs]
724822.782: [GC 581798K(1025664K), 0.1315177 secs]
724828.612: [GC 582617K(1025664K), 0.0525240 secs]
724831.022: [GC 583373K(1025664K), 0.1340508 secs]
724836.850: [GC 583373K(1025664K), 0.0522386 secs]
724839.252: [GC 583519K(1025664K), 0.1355882 secs]
724845.090: [GC 584326K(1025664K), 0.0522536 secs]
724847.492: [GC 584326K(1025664K), 0.1377103 secs]
724853.370: [GC 584326K(1025664K), 0.0524922 secs]
724855.782: [GC 584326K(1025664K), 0.1398053 secs]
724861.629: [GC 585391K(1025664K), 0.0515882 secs]
724864.032: [GC 585409K(1025664K), 0.1415944 secs]
724869.910: [GC 585426K(1025664K), 0.0523109 secs]
724872.312: [GC 585426K(1025664K), 0.1431475 secs]
724878.171: [GC 586534K(1025664K), 0.0525279 secs]
724879.092: [GC 586534K(1025664K), 0.1440236 secs]
724885.041: [GC 587301K(1025664K), 0.0527173 secs]
724887.452: [GC 588105K(1025664K), 0.1466961 secs]
724893.291: [GC 588136K(1025664K), 0.0625949 secs]
724895.712: [GC 588136K(1025664K), 0.1490475 secs]
724901.550: [GC 589181K(1025664K), 0.0636878 secs]
724903.962: [GC 589191K(1025664K), 0.1494963 secs]
724909.859: [GC 590012K(1025664K), 0.0633273 secs]
724912.273: [GC 590016K(1025664K), 0.1517687 secs]
724918.190: [GC 590912K(1025664K), 0.0634028 secs]
724920.602: [GC 591721K(1025664K), 0.1541563 secs]
724926.459: [GC 591725K(1025664K), 0.0633902 secs]
724928.872: [GC 591725K(1025664K), 0.1551404 secs]
724934.721: [GC 591732K(1025664K), 0.0629129 secs]
724937.152: [GC 592488K(1025664K), 0.1573562 secs]
724943.150: [GC 592795K(1025664K), 0.0637832 secs]
724945.562: [GC 592811K(1025664K), 0.1595019 secs]
724951.430: [GC 593628K(1025664K), 0.0718401 secs]
724953.852: [GC 593628K(1025664K), 0.1605613 secs]
724959.710: [GC 594524K(1025664K), 0.0733991 secs]
724962.132: [GC 594524K(1025664K), 0.1625024 secs]
724968.010: [GC 594524K(1025664K), 0.0740012 secs]
724970.442: [GC 594524K(1025664K), 0.1636435 secs]
724976.320: [GC 595327K(1025664K), 0.0745096 secs]
724978.752: [GC 595499K(1025664K), 0.1660820 secs]
724984.629: [GC 596405K(1025664K), 0.0744131 secs]
724987.052: [GC 597193K(1025664K), 0.1739504 secs]
724992.929: [GC 598016K(1025664K), 0.0748691 secs]
724995.352: [GC 598016K(1025664K), 0.1690142 secs]
725001.229: [GC 598152K(1025664K), 0.0742695 secs]
725003.652: [GC 598154K(1025664K), 0.1717612 secs]
725009.519: [GC 598156K(1025664K), 0.0826462 secs]
725011.952: [GC 598912K(1025664K), 0.1735691 secs]
725017.810: [GC 599859K(1025664K), 0.0746051 secs]
725020.232: [GC 599859K(1025664K), 0.1743395 secs]
725026.120: [GC 600001K(1025664K), 0.0829064 secs]
725028.552: [GC 600017K(1025664K), 0.1766786 secs]
725034.431: [GC 600822K(1025664K), 0.0835123 secs]
725036.872: [GC 600822K(1025664K), 0.1785866 secs]
725042.749: [GC 600958K(1025664K), 0.0850989 secs]
725045.182: [GC 600958K(1025664K), 0.1799664 secs]
725051.120: [GC 602522K(1025664K), 0.0850140 secs]
725053.552: [GC 602522K(1025664K), 0.1823434 secs]
725059.439: [GC 602690K(1025664K), 0.0855564 secs]
725060.902: [GC 602690K(1025664K), 0.1831615 secs]
725066.809: [GC 604392K(1025664K), 0.0855150 secs]
725069.242: [GC 604408K(1025664K), 0.1854940 secs]
725075.120: [GC 604553K(1025664K), 0.0856253 secs]
725077.552: [GC 604567K(1025664K), 0.1882338 secs]
725083.419: [GC 604567K(1025664K), 0.0858130 secs]
725085.862: [GC 604567K(1025664K), 0.1886436 secs]
725091.760: [GC 606267K(1025664K), 0.0964922 secs]
725094.212: [GC 606267K(1025664K), 0.1912067 secs]
725100.110: [GC 606295K(1025664K), 0.0967983 secs]
725102.552: [GC 606295K(1025664K), 0.1934953 secs]
725108.460: [GC 607345K(1025664K), 0.0949065 secs]
725110.902: [GC 607361K(1025664K), 0.1940433 secs]
725116.809: [GC 608178K(1025664K), 0.0967044 secs]
725119.262: [GC 608178K(1025664K), 0.1962814 secs]
725125.190: [GC 608958K(1025664K), 0.0972256 secs]
725127.632: [GC 609724K(1025664K), 0.1992197 secs]
725133.541: [GC 609862K(1025664K), 0.0967222 secs]
725135.992: [GC 609862K(1025664K), 0.1997998 secs]
725141.891: [GC 610670K(1025664K), 0.0967320 secs]
725144.352: [GC 610670K(1025664K), 0.2019281 secs]
725150.250: [GC 610980K(1025664K), 0.0963149 secs]
725151.362: [GC 610990K(1025664K), 0.2031763 secs]
725157.301: [GC 611012K(1025664K), 0.0961310 secs]
725159.752: [GC 611012K(1025664K), 0.2050510 secs]
725165.660: [GC 611012K(1025664K), 0.0959625 secs]
725168.112: [GC 611909K(1025664K), 0.2075047 secs]
725174.020: [GC 612664K(1025664K), 0.0970334 secs]
725176.462: [GC 612833K(1025664K), 0.2509729 secs]
725182.529: [GC 613656K(1025664K), 0.1061911 secs]
725184.982: [GC 613656K(1025664K), 0.2107863 secs]
725191.020: [GC 614639K(1025664K), 0.1071102 secs]
725193.482: [GC 614786K(1025664K), 0.2127693 secs]
725199.411: [GC 614809K(1025664K), 0.1081327 secs]
725201.882: [GC 615611K(1025664K), 0.2151248 secs]
725207.790: [GC 616561K(1025664K), 0.1074641 secs]
725210.242: [GC 617317K(1025664K), 0.2184230 secs]
725216.199: [GC 617317K(1025664K), 0.1158284 secs]
725218.662: [GC 617346K(1025664K), 0.2186742 secs]
725224.600: [GC 617346K(1025664K), 0.1078904 secs]
725227.052: [GC 618112K(1025664K), 0.2207718 secs]
725232.979: [GC 619025K(1025664K), 0.1074569 secs]
725235.432: [GC 619167K(1025664K), 0.2294008 secs]
725241.370: [GC 619936K(1025664K), 0.1158800 secs]
725243.842: [GC 619938K(1025664K), 0.2237301 secs]
725249.760: [GC 620076K(1025664K), 0.1184803 secs]
725252.232: [GC 620881K(1025664K), 0.2260724 secs]
725258.160: [GC 621693K(1025664K), 0.1151765 secs]
725260.622: [GC 621693K(1025664K), 0.2274408 secs]
725266.539: [GC 622451K(1025664K), 0.1151434 secs]
725269.012: [GC 622624K(1025664K), 0.2292409 secs]
725274.981: [GC 622764K(1025664K), 0.1189250 secs]
725277.462: [GC 622780K(1025664K), 0.2313647 secs]
725283.399: [GC 623550K(1025664K), 0.1190853 secs]
725285.872: [GC 623559K(1025664K), 0.2324001 secs]
725291.811: [GC 624497K(1025664K), 0.1188612 secs]
725294.292: [GC 624497K(1025664K), 0.2351724 secs]
725300.271: [GC 624497K(1025664K), 0.1190172 secs]
725302.752: [GC 625253K(1025664K), 0.2369842 secs]
725308.720: [GC 625421K(1025664K), 0.1181550 secs]
725311.182: [GC 625426K(1025664K), 0.2378734 secs]
725317.119: [GC 625589K(1025664K), 0.1254711 secs]
725319.592: [GC 626393K(1025664K), 0.2414502 secs]
725325.530: [GC 627175K(1025664K), 0.1274213 secs]
725328.012: [GC 627311K(1025664K), 0.2423380 secs]
725333.969: [GC 628115K(1025664K), 0.1277117 secs]
725336.442: [GC 628115K(1025664K), 0.2499925 secs]
725342.379: [GC 628875K(1025664K), 0.1305559 secs]
725344.862: [GC 628875K(1025664K), 0.2455526 secs]
725350.821: [GC 629023K(1025664K), 0.1371539 secs]
725353.312: [GC 629839K(1025664K), 0.2479545 secs]
725359.260: [GC 630771K(1025664K), 0.1292916 secs]
725361.742: [GC 630776K(1025664K), 0.2494378 secs]
725367.699: [GC 630921K(1025664K), 0.1293105 secs]
725370.182: [GC 630921K(1025664K), 0.2511390 secs]
725376.179: [GC 631861K(1025664K), 0.1288492 secs]
725378.662: [GC 632621K(1025664K), 0.2539097 secs]
725384.612: [GC 632621K(1025664K), 0.1400354 secs]
725387.112: [GC 632621K(1025664K), 0.2553411 secs]
725393.130: [GC 633595K(1025664K), 0.1380788 secs]
725395.632: [GC 633600K(1025664K), 0.2569894 secs]
725401.593: [GC 633753K(1025664K), 0.1408785 secs]
725404.082: [GC 633763K(1025664K), 0.2591118 secs]
725410.050: [GC 634668K(1025664K), 0.1390505 secs]
725412.542: [GC 635470K(1025664K), 0.2615032 secs]
725418.531: [GC 635472K(1025664K), 0.1406569 secs]
725421.022: [GC 635472K(1025664K), 0.2622170 secs]
725427.099: [GC 636228K(1025664K), 0.1410908 secs]
725429.592: [GC 637202K(1025664K), 0.2679272 secs]
725435.571: [GC 637218K(1025664K), 0.1408895 secs]
725438.062: [GC 637230K(1025664K), 0.2666217 secs]
725444.021: [GC 638134K(1025664K), 0.1398644 secs]
725446.522: [GC 638138K(1025664K), 0.2678940 secs]
725452.502: [GC 639041K(1025664K), 0.1476599 secs]
725455.012: [GC 639041K(1025664K), 0.2699460 secs]
725460.980: [GC 639851K(1025664K), 0.1404838 secs]
725463.472: [GC 640608K(1025664K), 0.2724484 secs]
725469.441: [GC 640747K(1025664K), 0.1498862 secs]
725471.942: [GC 640747K(1025664K), 0.2736867 secs]
725477.950: [GC 641731K(1025664K), 0.1510854 secs]
725479.112: [GC 641765K(1025664K), 0.2751646 secs]
725485.200: [GC 641918K(1025664K), 0.1514306 secs]
725487.702: [GC 642058K(1025664K), 0.2767714 secs]
725493.750: [GC 642830K(1025664K), 0.1502444 secs]
725496.252: [GC 642830K(1025664K), 0.2784756 secs]
725502.250: [GC 643634K(1025664K), 0.1523676 secs]
725504.752: [GC 643634K(1025664K), 0.2806806 secs]
725510.739: [GC 643777K(1025664K), 0.1611455 secs]
725513.042: [GC 643777K(1025664K), 0.2818211 secs]
725519.090: [GC 644583K(1025664K), 0.1520930 secs]
725521.592: [GC 644595K(1025664K), 0.2842531 secs]
725527.600: [GC 645545K(1025664K), 0.1618158 secs]
725530.112: [GC 645545K(1025664K), 0.2856301 secs]
725536.110: [GC 645554K(1025664K), 0.1580876 secs]
725538.622: [GC 646452K(1025664K), 0.2880986 secs]
725544.729: [GC 648009K(1025664K), 0.1604480 secs]
725547.242: [GC 648019K(1025664K), 0.2887864 secs]
725553.230: [GC 648047K(1025664K), 0.1580922 secs]
725555.732: [GC 648047K(1025664K), 0.2909560 secs]
725561.731: [GC 648953K(1025664K), 0.1626020 secs]
725564.242: [GC 649777K(1025664K), 0.2932922 secs]
725570.269: [GC 649903K(1025664K), 0.1622985 secs]
725572.782: [GC 649907K(1025664K), 0.3029777 secs]
725578.819: [GC 650052K(1025664K), 0.1725317 secs]
725581.342: [GC 650052K(1025664K), 0.2963779 secs]
725587.349: [GC 650052K(1025664K), 0.1617149 secs]
725589.862: [GC 650808K(1025664K), 0.2989011 secs]
725595.880: [GC 651613K(1025664K), 0.1625228 secs]
725598.392: [GC 651755K(1025664K), 0.2999631 secs]
725604.401: [GC 652573K(1025664K), 0.1626809 secs]
725606.922: [GC 652584K(1025664K), 0.3020316 secs]
725612.910: [GC 653518K(1025664K), 0.1626402 secs]
725615.422: [GC 653527K(1025664K), 0.3040365 secs]
725621.419: [GC 653663K(1025664K), 0.1689519 secs]
725623.932: [GC 653663K(1025664K), 0.3059052 secs]
725629.951: [GC 653663K(1025664K), 0.1712600 secs]
725632.472: [GC 653673K(1025664K), 0.3072815 secs]
725638.490: [GC 653841K(1025664K), 0.1814171 secs]
725641.032: [GC 654643K(1025664K), 0.3090428 secs]
725647.042: [GC 655432K(1025664K), 0.1724248 secs]
725649.572: [GC 655432K(1025664K), 0.3117503 secs]
725655.599: [GC 656328K(1025664K), 0.1727092 secs]
725658.122: [GC 656476K(1025664K), 0.3124814 secs]
725664.229: [GC 657292K(1025664K), 0.1741228 secs]
725666.752: [GC 657292K(1025664K), 0.3147056 secs]
725672.751: [GC 658230K(1025664K), 0.1743021 secs]
725675.282: [GC 658986K(1025664K), 0.3162874 secs]
725681.320: [GC 659125K(1025664K), 0.1732312 secs]
725683.842: [GC 659133K(1025664K), 0.3176139 secs]
725689.870: [GC 659195K(1025664K), 0.1797120 secs]
725692.402: [GC 659199K(1025664K), 0.3199349 secs]
725698.430: [GC 659470K(1025664K), 0.1726490 secs]
725700.952: [GC 660227K(1025664K), 0.3319675 secs]
725706.980: [GC 661031K(1025664K), 0.1929948 secs]
725709.532: [GC 661031K(1025664K), 0.3250427 secs]
725715.559: [GC 661033K(1025664K), 0.1842035 secs]
725718.102: [GC 661181K(1025664K), 0.3251792 secs]
725724.140: [GC 661972K(1025664K), 0.1850046 secs]
725726.672: [GC 662774K(1025664K), 0.3281302 secs]
725732.700: [GC 663557K(1025664K), 0.1852696 secs]
725735.242: [GC 663557K(1025664K), 0.3292149 secs]
725741.270: [GC 664597K(1025664K), 0.1846232 secs]
725743.802: [GC 664597K(1025664K), 0.3307340 secs]
725749.929: [GC 665404K(1025664K), 0.1842764 secs]
725752.462: [GC 665404K(1025664K), 0.3328231 secs]
725758.509: [GC 665544K(1025664K), 0.1910311 secs]
725761.052: [GC 665572K(1025664K), 0.3454600 secs]
725767.104: [GC 666336K(1025664K), 0.1965294 secs]
725769.652: [GC 666342K(1025664K), 0.3368421 secs]
725775.690: [GC 667353K(1025664K), 0.1960916 secs]
725778.232: [GC 667505K(1025664K), 0.3378962 secs]
725784.361: [GC 668453K(1025664K), 0.1953117 secs]
725786.912: [GC 668453K(1025664K), 0.3403853 secs]
725792.960: [GC 668453K(1025664K), 0.1944434 secs]
725795.502: [GC 669213K(1025664K), 0.3429846 secs]
725801.530: [GC 670156K(1025664K), 0.1947110 secs]
725804.072: [GC 670168K(1025664K), 0.3431848 secs]
725810.161: [GC 670208K(1025664K), 0.1963705 secs]
725812.722: [GC 670218K(1025664K), 0.3501337 secs]
725818.780: [GC 671137K(1025664K), 0.1966177 secs]
725821.322: [GC 671939K(1025664K), 0.3482033 secs]
725827.389: [GC 672064K(1025664K), 0.2058745 secs]
725829.942: [GC 672064K(1025664K), 0.3496295 secs]
725835.999: [GC 672838K(1025664K), 0.2029969 secs]
725838.562: [GC 672978K(1025664K), 0.3515918 secs]
725844.740: [GC 673734K(1025664K), 0.2050679 secs]
725847.292: [GC 673740K(1025664K), 0.3529043 secs]
725853.340: [GC 673775K(1025664K), 0.2044619 secs]
725855.892: [GC 674600K(1025664K), 0.3551112 secs]
725861.939: [GC 675508K(1025664K), 0.2041977 secs]
725864.492: [GC 675508K(1025664K), 0.3567181 secs]
725870.569: [GC 675634K(1025664K), 0.2168975 secs]
725873.142: [GC 675634K(1025664K), 0.3585694 secs]
725879.239: [GC 676558K(1025664K), 0.2064396 secs]
725881.792: [GC 676558K(1025664K), 0.3601389 secs]
725887.869: [GC 676564K(1025664K), 0.2060284 secs]
725890.432: [GC 677330K(1025664K), 0.3631432 secs]
725896.522: [GC 678108K(1025664K), 0.2053957 secs]
725899.082: [GC 678258K(1025664K), 0.3638910 secs]
725905.179: [GC 679064K(1025664K), 0.2064050 secs]
725907.732: [GC 679064K(1025664K), 0.3661076 secs]
725913.791: [GC 679994K(1025664K), 0.2117496 secs]
725916.362: [GC 679994K(1025664K), 0.3680876 secs]
725922.461: [GC 680147K(1025664K), 0.2141731 secs]
725925.022: [GC 680147K(1025664K), 0.3698007 secs]
725931.131: [GC 680996K(1025664K), 0.2121553 secs]
725933.702: [GC 681002K(1025664K), 0.3720665 secs]
725939.839: [GC 681911K(1025664K), 0.2170400 secs]
725942.402: [GC 682684K(1025664K), 0.3736410 secs]
725948.501: [GC 682689K(1025664K), 0.2171850 secs]
725951.072: [GC 682689K(1025664K), 0.3807291 secs]
725957.202: [GC 683578K(1025664K), 0.2280229 secs]
725959.782: [GC 683718K(1025664K), 0.3797247 secs]
725965.949: [GC 684474K(1025664K), 0.2166090 secs]
725968.522: [GC 684508K(1025664K), 0.3805426 secs]
725974.659: [GC 684650K(1025664K), 0.2170636 secs]
725977.232: [GC 685420K(1025664K), 0.3812607 secs]
725983.362: [GC 686342K(1025664K), 0.2176927 secs]
725985.932: [GC 686346K(1025664K), 0.3926182 secs]
725992.081: [GC 686346K(1025664K), 0.2250210 secs]
725994.672: [GC 686346K(1025664K), 0.3845365 secs]
726000.800: [GC 688218K(1025664K), 0.2258215 secs]
726003.382: [GC 688227K(1025664K), 0.3878240 secs]
726009.501: [GC 688983K(1025664K), 0.2279057 secs]
726012.082: [GC 688983K(1025664K), 0.3944285 secs]
726018.232: [GC 689131K(1025664K), 0.2357312 secs]
726020.712: [GC 689163K(1025664K), 0.3900144 secs]
726026.869: [GC 689194K(1025664K), 0.2281518 secs]
726029.452: [GC 689196K(1025664K), 0.3945486 secs]
726035.559: [GC 689958K(1025664K), 0.2281472 secs]
726038.142: [GC 690904K(1025664K), 0.4007155 secs]
726044.262: [GC 691032K(1025664K), 0.2393120 secs]
726046.852: [GC 691032K(1025664K), 0.4008165 secs]
726053.019: [GC 691868K(1025664K), 0.2354357 secs]
726055.622: [GC 691868K(1025664K), 0.4078699 secs]
726061.820: [GC 692774K(1025664K), 0.2294946 secs]
726064.402: [GC 692781K(1025664K), 0.4000033 secs]
726070.539: [GC 692805K(1025664K), 0.2357638 secs]
726073.122: [GC 693607K(1025664K), 0.4099829 secs]
726079.292: [GC 694752K(1025664K), 0.2382262 secs]
726081.282: [GC 694752K(1025664K), 0.4026013 secs]
726087.441: [GC 695637K(1025664K), 0.2377816 secs]
726089.392: [GC 695666K(1025664K), 0.4051455 secs]
726095.512: [GC 695681K(1025664K), 0.2373523 secs]
726098.102: [GC 695817K(1025664K), 0.4072983 secs]
726104.283: [GC 696630K(1025664K), 0.2393921 secs]
726106.882: [GC 697392K(1025664K), 0.4147815 secs]
726113.079: [GC 697419K(1025664K), 0.2391633 secs]
726115.672: [GC 697419K(1025664K), 0.4180506 secs]
726121.909: [GC 699143K(1025664K), 0.2393967 secs]
726124.502: [GC 699143K(1025664K), 0.4138295 secs]
726130.693: [GC 699269K(1025664K), 0.2469543 secs]
726133.292: [GC 699275K(1025664K), 0.4151661 secs]
726139.449: [GC 700204K(1025664K), 0.2460431 secs]
726142.042: [GC 700967K(1025664K), 0.4211359 secs]
726148.202: [GC 700977K(1025664K), 0.2493575 secs]
726150.812: [GC 700988K(1025664K), 0.4234316 secs]
726157.040: [GC 701806K(1025664K), 0.2519458 secs]
726159.642: [GC 701946K(1025664K), 0.4203304 secs]
726165.849: [GC 701946K(1025664K), 0.2657251 secs]
726168.462: [GC 702708K(1025664K), 0.4234812 secs]
726174.669: [GC 702840K(1025664K), 0.2498794 secs]
726177.282: [GC 702849K(1025664K), 0.4270745 secs]
726183.469: [GC 703641K(1025664K), 0.2552920 secs]
726186.082: [GC 703645K(1025664K), 0.4319880 secs]
726192.239: [GC 704460K(1025664K), 0.2500047 secs]
726194.842: [GC 704477K(1025664K), 0.4347915 secs]
726201.040: [GC 704618K(1025664K), 0.2574542 secs]
726203.642: [GC 705373K(1025664K), 0.4299593 secs]
726209.820: [GC 705412K(1025664K), 0.2587098 secs]
726212.432: [GC 705412K(1025664K), 0.4322759 secs]
726218.630: [GC 706493K(1025664K), 0.2581251 secs]
726221.252: [GC 706493K(1025664K), 0.4335534 secs]
726227.439: [GC 707260K(1025664K), 0.2607741 secs]
726230.062: [GC 707266K(1025664K), 0.4417580 secs]
726236.253: [GC 708049K(1025664K), 0.2694935 secs]
726238.872: [GC 708987K(1025664K), 0.4440436 secs]
726245.101: [GC 708992K(1025664K), 0.2601765 secs]
726247.712: [GC 709809K(1025664K), 0.4499547 secs]
726253.921: [GC 710567K(1025664K), 0.2627416 secs]
726256.542: [GC 710567K(1025664K), 0.4413067 secs]
726262.751: [GC 710867K(1025664K), 0.2665240 secs]
726265.372: [GC 710872K(1025664K), 0.4436313 secs]
726271.562: [GC 711022K(1025664K), 0.2664608 secs]
726274.182: [GC 711778K(1025664K), 0.4470895 secs]
726280.351: [GC 712736K(1025664K), 0.2618520 secs]
726282.962: [GC 712736K(1025664K), 0.4565287 secs]
726289.232: [GC 713552K(1025664K), 0.2689630 secs]
726291.862: [GC 713552K(1025664K), 0.4599766 secs]
726298.079: [GC 713701K(1025664K), 0.2692105 secs]
726300.702: [GC 713735K(1025664K), 0.4578128 secs]
726306.959: [GC 714671K(1025664K), 0.2837086 secs]
726309.592: [GC 715476K(1025664K), 0.4529293 secs]
726315.841: [GC 715489K(1025664K), 0.2811566 secs]
726318.472: [GC 715627K(1025664K), 0.4546582 secs]
726324.629: [GC 716414K(1025664K), 0.2724637 secs]
726327.252: [GC 716414K(1025664K), 0.4570906 secs]
726333.481: [GC 716419K(1025664K), 0.2725429 secs]
726336.102: [GC 716419K(1025664K), 0.4672664 secs]
726342.332: [GC 717322K(1025664K), 0.2720216 secs]
726344.962: [GC 718206K(1025664K), 0.4680063 secs]
726351.243: [GC 718241K(1025664K), 0.2708032 secs]
726352.812: [GC 718244K(1025664K), 0.4759110 secs]
726359.069: [GC 719196K(1025664K), 0.2769431 secs]
726361.692: [GC 719196K(1025664K), 0.4645109 secs]
726367.889: [GC 719211K(1025664K), 0.2803401 secs]
726370.522: [GC 720016K(1025664K), 0.4662288 secs]
726376.781: [GC 720993K(1025664K), 0.2771109 secs]
726379.412: [GC 721169K(1025664K), 0.4680938 secs]
726385.721: [GC 721963K(1025664K), 0.2953359 secs]
726388.382: [GC 721968K(1025664K), 0.4704796 secs]
726394.591: [GC 722902K(1025664K), 0.2821797 secs]
726397.232: [GC 722908K(1025664K), 0.4759379 secs]
726403.479: [GC 722915K(1025664K), 0.2824177 secs]
726406.112: [GC 723729K(1025664K), 0.4912284 secs]
726412.379: [GC 724633K(1025664K), 0.2936685 secs]
726413.912: [GC 724633K(1025664K), 0.4829112 secs]
726420.172: [GC 724667K(1025664K), 0.2832148 secs]
726422.802: [GC 724667K(1025664K), 0.4836162 secs]
726429.039: [GC 724812K(1025664K), 0.2838377 secs]
726431.672: [GC 725635K(1025664K), 0.4795315 secs]
726437.909: [GC 726527K(1025664K), 0.2899665 secs]
726440.552: [GC 726534K(1025664K), 0.4812528 secs]
726446.801: [GC 727305K(1025664K), 0.3040830 secs]
726449.462: [GC 727452K(1025664K), 0.4825772 secs]
726455.680: [GC 728216K(1025664K), 0.2946543 secs]
726458.332: [GC 728218K(1025664K), 0.4860772 secs]
726464.612: [GC 729031K(1025664K), 0.2950770 secs]
726467.262: [GC 729031K(1025664K), 0.4869527 secs]
726473.471: [GC 729205K(1025664K), 0.2936815 secs]
726476.122: [GC 730013K(1025664K), 0.5017456 secs]
726482.379: [GC 730906K(1025664K), 0.2932280 secs]
726485.022: [GC 730906K(1025664K), 0.4963332 secs]
726491.259: [GC 731053K(1025664K), 0.2927149 secs]
726493.902: [GC 731059K(1025664K), 0.4993777 secs]
726500.192: [GC 731863K(1025664K), 0.2980629 secs]
726502.842: [GC 732631K(1025664K), 0.5029597 secs]
726509.119: [GC 732810K(1025664K), 0.3039621 secs]
726511.772: [GC 733572K(1025664K), 0.5033986 secs]
726518.090: [GC 733578K(1025664K), 0.3037438 secs]
726520.742: [GC 733710K(1025664K), 0.5049688 secs]
726527.031: [GC 734519K(1025664K), 0.3043327 secs]
726529.692: [GC 734656K(1025664K), 0.5045657 secs]
726536.020: [GC 735436K(1025664K), 0.3043823 secs]
726538.672: [GC 735442K(1025664K), 0.5070228 secs]
726544.909: [GC 736233K(1025664K), 0.3058355 secs]
726547.562: [GC 736233K(1025664K), 0.5044915 secs]
726553.839: [GC 736244K(1025664K), 0.3050177 secs]
726556.492: [GC 737005K(1025664K), 0.5061788 secs]
726562.689: [GC 737911K(1025664K), 0.3044607 secs]
726565.352: [GC 738037K(1025664K), 0.5080564 secs]
726571.630: [GC 738188K(1025664K), 0.3124466 secs]
726574.292: [GC 738188K(1025664K), 0.5098003 secs]
726580.601: [GC 739086K(1025664K), 0.3103389 secs]
726583.272: [GC 739844K(1025664K), 0.5144020 secs]
726589.530: [GC 739850K(1025664K), 0.3094580 secs]
726590.972: [GC 739879K(1025664K), 0.5211254 secs]
726597.312: [GC 740704K(1025664K), 0.3142968 secs]
726599.982: [GC 740846K(1025664K), 0.5172472 secs]
726601.518: [GC 740875K->597158K(1025664K), 0.1156974 secs]
726606.267: [GC 600484K(1025664K), 0.0186292 secs]
726606.642: [GC 600488K(1025664K), 0.0832514 secs]
726612.639: [GC 600488K(1025664K), 0.0188802 secs]
726615.032: [GC 600133K(1025664K), 0.0887983 secs]
726621.005: [GC 600314K(1025664K), 0.0190700 secs]
726621.762: [GC 600313K(1025664K), 0.0869727 secs]
726627.755: [GC 601098K(1025664K), 0.0092005 secs]
726630.142: [GC 601102K(1025664K), 0.0922136 secs]
726636.113: [GC 601102K(1025664K), 0.0193640 secs]
726638.512: [GC 601238K(1025664K), 0.0905446 secs]
726644.493: [GC 602180K(1025664K), 0.0195739 secs]
726646.892: [GC 602190K(1025664K), 0.0917136 secs]
726652.873: [GC 602227K(1025664K), 0.0195540 secs]
726655.282: [GC 602227K(1025664K), 0.0988350 secs]
726661.287: [GC 603151K(1025664K), 0.0196419 secs]
726663.682: [GC 603948K(1025664K), 0.0962101 secs]
726669.664: [GC 603948K(1025664K), 0.0198686 secs]
726672.062: [GC 603948K(1025664K), 0.0985631 secs]
726678.054: [GC 605045K(1025664K), 0.0195323 secs]
726680.452: [GC 605055K(1025664K), 0.0994972 secs]
726686.345: [GC 606000K(1025664K), 0.0196078 secs]
726688.742: [GC 606004K(1025664K), 0.1015658 secs]
726694.775: [GC 606035K(1025664K), 0.0195279 secs]
726697.182: [GC 606035K(1025664K), 0.1036167 secs]
726703.165: [GC 607735K(1025664K), 0.0307483 secs]
726705.572: [GC 607735K(1025664K), 0.1048720 secs]
726711.576: [GC 607735K(1025664K), 0.0305957 secs]
726712.322: [GC 607735K(1025664K), 0.1092502 secs]
726718.335: [GC 608659K(1025664K), 0.0311009 secs]
726720.752: [GC 608659K(1025664K), 0.1087440 secs]
726726.764: [GC 609611K(1025664K), 0.0309218 secs]
726729.172: [GC 609611K(1025664K), 0.1153415 secs]
726735.196: [GC 609611K(1025664K), 0.0318173 secs]
726737.612: [GC 610409K(1025664K), 0.1125653 secs]
726743.624: [GC 611370K(1025664K), 0.0311452 secs]
726746.032: [GC 611370K(1025664K), 0.1155155 secs]
726752.055: [GC 611372K(1025664K), 0.0308921 secs]
726754.482: [GC 611372K(1025664K), 0.1157621 secs]
726760.503: [GC 612287K(1025664K), 0.0308996 secs]
726762.912: [GC 613211K(1025664K), 0.1177636 secs]
726768.924: [GC 613261K(1025664K), 0.0307388 secs]
726771.332: [GC 613290K(1025664K), 0.1204777 secs]
726777.357: [GC 614080K(1025664K), 0.0409195 secs]
726779.772: [GC 615003K(1025664K), 0.1212587 secs]
726785.795: [GC 615005K(1025664K), 0.0418118 secs]
726788.212: [GC 615005K(1025664K), 0.1287734 secs]
726794.227: [GC 615802K(1025664K), 0.0419325 secs]
726796.642: [GC 615802K(1025664K), 0.1246811 secs]
726802.654: [GC 616841K(1025664K), 0.0422446 secs]
726805.072: [GC 616854K(1025664K), 0.1302435 secs]
726811.104: [GC 617700K(1025664K), 0.0412932 secs]
726813.522: [GC 617700K(1025664K), 0.1284645 secs]
726819.533: [GC 617840K(1025664K), 0.0416442 secs]
726821.952: [GC 617840K(1025664K), 0.1296583 secs]
726827.974: [GC 618643K(1025664K), 0.0416866 secs]
726830.402: [GC 619433K(1025664K), 0.1316176 secs]
726836.415: [GC 619433K(1025664K), 0.0421328 secs]
726838.842: [GC 619569K(1025664K), 0.1339372 secs]
726844.874: [GC 620480K(1025664K), 0.0416996 secs]
726847.292: [GC 620496K(1025664K), 0.1392952 secs]
726853.334: [GC 621313K(1025664K), 0.0523818 secs]
726855.762: [GC 621313K(1025664K), 0.1397093 secs]
726861.803: [GC 621481K(1025664K), 0.0529577 secs]
726864.232: [GC 621481K(1025664K), 0.1395135 secs]
726870.276: [GC 621481K(1025664K), 0.0523290 secs]
726872.712: [GC 621619K(1025664K), 0.1407602 secs]
726878.754: [GC 623339K(1025664K), 0.0528542 secs]
726881.182: [GC 623339K(1025664K), 0.1500393 secs]
726887.226: [GC 623488K(1025664K), 0.0526478 secs]
726889.652: [GC 623506K(1025664K), 0.1444523 secs]
726895.695: [GC 624300K(1025664K), 0.0529047 secs]
726898.122: [GC 625230K(1025664K), 0.1510476 secs]
726904.165: [GC 625259K(1025664K), 0.0527529 secs]
726906.592: [GC 625259K(1025664K), 0.1486297 secs]
726912.654: [GC 625288K(1025664K), 0.0530021 secs]
726915.082: [GC 626070K(1025664K), 0.1574290 secs]
726921.145: [GC 626994K(1025664K), 0.0623395 secs]
726923.092: [GC 626994K(1025664K), 0.1574164 secs]
726929.155: [GC 628708K(1025664K), 0.0634651 secs]
726931.602: [GC 628762K(1025664K), 0.1533735 secs]
726937.645: [GC 628762K(1025664K), 0.0641366 secs]
726940.092: [GC 628901K(1025664K), 0.1618461 secs]
726946.166: [GC 629694K(1025664K), 0.0636257 secs]
726948.612: [GC 630473K(1025664K), 0.1574284 secs]
726954.654: [GC 630473K(1025664K), 0.0637566 secs]
726957.102: [GC 630475K(1025664K), 0.1654245 secs]
726963.175: [GC 630611K(1025664K), 0.0630451 secs]
726965.612: [GC 631528K(1025664K), 0.1611682 secs]
726971.664: [GC 631560K(1025664K), 0.0639230 secs]
726974.102: [GC 631579K(1025664K), 0.1699603 secs]
726980.186: [GC 632675K(1025664K), 0.0636426 secs]
726982.622: [GC 632703K(1025664K), 0.1643197 secs]
726988.674: [GC 632703K(1025664K), 0.0636373 secs]
726989.422: [GC 632703K(1025664K), 0.1664667 secs]
726995.504: [GC 633483K(1025664K), 0.0638309 secs]
726997.952: [GC 633621K(1025664K), 0.1672341 secs]
727004.014: [GC 634408K(1025664K), 0.0752305 secs]
727006.472: [GC 634537K(1025664K), 0.1696627 secs]
727012.558: [GC 634553K(1025664K), 0.0857608 secs]
727015.022: [GC 634578K(1025664K), 0.1754624 secs]
727021.094: [GC 635536K(1025664K), 0.0861580 secs]
727023.552: [GC 636318K(1025664K), 0.1731861 secs]
727029.635: [GC 636327K(1025664K), 0.0750371 secs]
727032.092: [GC 636327K(1025664K), 0.1803459 secs]
727038.186: [GC 636464K(1025664K), 0.0744848 secs]
727040.642: [GC 637252K(1025664K), 0.1767942 secs]
727046.560: [GC 637378K(1025664K), 0.0865577 secs]
727049.032: [GC 638166K(1025664K), 0.1833722 secs]
727055.104: [GC 638972K(1025664K), 0.0749005 secs]
727057.552: [GC 638995K(1025664K), 0.1803984 secs]
727063.624: [GC 638995K(1025664K), 0.0749476 secs]
727066.082: [GC 638995K(1025664K), 0.1893518 secs]
727072.186: [GC 639944K(1025664K), 0.0749555 secs]
727074.662: [GC 639944K(1025664K), 0.1850515 secs]
727080.764: [GC 640733K(1025664K), 0.0863905 secs]
727083.232: [GC 640733K(1025664K), 0.1854016 secs]
727089.313: [GC 641005K(1025664K), 0.0860141 secs]
727091.772: [GC 641011K(1025664K), 0.1877846 secs]
727097.845: [GC 641823K(1025664K), 0.0864801 secs]
727100.312: [GC 642612K(1025664K), 0.1901908 secs]
727106.407: [GC 643422K(1025664K), 0.0860835 secs]
727108.892: [GC 643562K(1025664K), 0.1907679 secs]
727114.965: [GC 644352K(1025664K), 0.0859981 secs]
727117.442: [GC 644352K(1025664K), 0.1932448 secs]
727123.533: [GC 644352K(1025664K), 0.0861662 secs]
727125.992: [GC 645131K(1025664K), 0.1980651 secs]
727132.095: [GC 646183K(1025664K), 0.0857713 secs]
727134.552: [GC 646201K(1025664K), 0.1976050 secs]
727140.636: [GC 646248K(1025664K), 0.0951779 secs]
727143.112: [GC 646257K(1025664K), 0.2062099 secs]
727149.227: [GC 647188K(1025664K), 0.0943773 secs]
727151.692: [GC 647969K(1025664K), 0.2007771 secs]
727157.794: [GC 647969K(1025664K), 0.0968318 secs]
727160.272: [GC 647969K(1025664K), 0.2023649 secs]
727166.305: [GC 647971K(1025664K), 0.0969995 secs]
727168.782: [GC 648236K(1025664K), 0.2039869 secs]
727174.875: [GC 649188K(1025664K), 0.0967477 secs]
727177.342: [GC 649188K(1025664K), 0.2058625 secs]
727183.296: [GC 649986K(1025664K), 0.0969304 secs]
727185.762: [GC 649986K(1025664K), 0.2083413 secs]
727191.846: [GC 650155K(1025664K), 0.0971225 secs]
727194.322: [GC 650155K(1025664K), 0.2098131 secs]
727200.434: [GC 651727K(1025664K), 0.0974135 secs]
727202.912: [GC 651727K(1025664K), 0.2119910 secs]
727209.015: [GC 652685K(1025664K), 0.0967197 secs]
727209.572: [GC 652809K(1025664K), 0.2129628 secs]
727215.685: [GC 652826K(1025664K), 0.1060454 secs]
727218.162: [GC 652826K(1025664K), 0.2261398 secs]
727224.314: [GC 653644K(1025664K), 0.1079435 secs]
727224.812: [GC 653644K(1025664K), 0.2163860 secs]
727230.936: [GC 655388K(1025664K), 0.1089073 secs]
727233.442: [GC 655388K(1025664K), 0.2184879 secs]
727239.557: [GC 655388K(1025664K), 0.1072744 secs]
727242.042: [GC 655388K(1025664K), 0.2276217 secs]
727248.176: [GC 656316K(1025664K), 0.1070732 secs]
727250.662: [GC 657222K(1025664K), 0.2224743 secs]
727256.724: [GC 657239K(1025664K), 0.1077322 secs]
727259.212: [GC 657249K(1025664K), 0.2354077 secs]
727265.393: [GC 658872K(1025664K), 0.1082450 secs]
727267.882: [GC 659014K(1025664K), 0.2258149 secs]
727273.984: [GC 659014K(1025664K), 0.1081064 secs]
727276.472: [GC 659180K(1025664K), 0.2327960 secs]
727282.604: [GC 659969K(1025664K), 0.1087187 secs]
727285.082: [GC 659969K(1025664K), 0.2365354 secs]
727291.196: [GC 660909K(1025664K), 0.1082613 secs]
727293.682: [GC 661037K(1025664K), 0.2313240 secs]
727299.794: [GC 661056K(1025664K), 0.1168025 secs]
727302.292: [GC 661065K(1025664K), 0.2331376 secs]
727308.417: [GC 661996K(1025664K), 0.1188586 secs]
727310.912: [GC 662814K(1025664K), 0.2364361 secs]
727317.004: [GC 662822K(1025664K), 0.1193803 secs]
727319.492: [GC 662822K(1025664K), 0.2366397 secs]
727325.633: [GC 662822K(1025664K), 0.1195225 secs]
727328.122: [GC 662958K(1025664K), 0.2447452 secs]
727334.287: [GC 663866K(1025664K), 0.1194831 secs]
727336.792: [GC 664660K(1025664K), 0.2409537 secs]
727342.923: [GC 664688K(1025664K), 0.1192819 secs]
727345.422: [GC 664706K(1025664K), 0.2417984 secs]
727351.585: [GC 664875K(1025664K), 0.1195471 secs]
727354.092: [GC 664875K(1025664K), 0.2529093 secs]
727360.237: [GC 665656K(1025664K), 0.1292991 secs]
727362.742: [GC 666442K(1025664K), 0.2457017 secs]
727368.874: [GC 666582K(1025664K), 0.1191134 secs]
727370.752: [GC 666582K(1025664K), 0.2475757 secs]
727376.904: [GC 667502K(1025664K), 0.1292035 secs]
727379.412: [GC 667502K(1025664K), 0.2493495 secs]
727385.547: [GC 668333K(1025664K), 0.1287302 secs]
727388.052: [GC 668473K(1025664K), 0.2583775 secs]
727394.207: [GC 668473K(1025664K), 0.1298053 secs]
727396.712: [GC 669260K(1025664K), 0.2540103 secs]
727402.844: [GC 670070K(1025664K), 0.1384265 secs]
727405.362: [GC 670070K(1025664K), 0.2560467 secs]
727411.533: [GC 671017K(1025664K), 0.1304638 secs]
727414.032: [GC 671017K(1025664K), 0.2659678 secs]
727420.195: [GC 671145K(1025664K), 0.1301889 secs]
727422.702: [GC 671955K(1025664K), 0.2591557 secs]
727428.865: [GC 672899K(1025664K), 0.1412123 secs]
727431.182: [GC 672929K(1025664K), 0.2603100 secs]
727437.358: [GC 673720K(1025664K), 0.1304079 secs]
727439.872: [GC 673720K(1025664K), 0.2623708 secs]
727446.024: [GC 673720K(1025664K), 0.1388659 secs]
727448.532: [GC 674646K(1025664K), 0.2647381 secs]
727454.705: [GC 675432K(1025664K), 0.1410319 secs]
727457.242: [GC 675558K(1025664K), 0.2673548 secs]
727463.304: [GC 675587K(1025664K), 0.1413203 secs]
727465.822: [GC 675602K(1025664K), 0.2775528 secs]
727471.985: [GC 676697K(1025664K), 0.1505618 secs]
727474.522: [GC 676697K(1025664K), 0.2751500 secs]
727480.686: [GC 677486K(1025664K), 0.1411465 secs]
727483.202: [GC 677486K(1025664K), 0.2754895 secs]
727489.395: [GC 677626K(1025664K), 0.1406083 secs]
727491.632: [GC 677628K(1025664K), 0.2772230 secs]
727497.833: [GC 678410K(1025664K), 0.1413918 secs]
727500.362: [GC 678534K(1025664K), 0.2760010 secs]
727506.543: [GC 678566K(1025664K), 0.1409921 secs]
727509.062: [GC 679527K(1025664K), 0.2832562 secs]
727515.246: [GC 680309K(1025664K), 0.1500963 secs]
727517.782: [GC 680309K(1025664K), 0.2801164 secs]
727523.954: [GC 680347K(1025664K), 0.1522408 secs]
727526.492: [GC 680347K(1025664K), 0.2809274 secs]
727532.664: [GC 682066K(1025664K), 0.1519715 secs]
727535.192: [GC 682066K(1025664K), 0.2937385 secs]
727541.406: [GC 682190K(1025664K), 0.1534341 secs]
727543.932: [GC 682208K(1025664K), 0.2905495 secs]
727550.115: [GC 683152K(1025664K), 0.1527087 secs]
727552.132: [GC 683165K(1025664K), 0.2900080 secs]
727558.346: [GC 684732K(1025664K), 0.1518367 secs]
727560.872: [GC 684761K(1025664K), 0.2953132 secs]
727567.054: [GC 684761K(1025664K), 0.1620757 secs]
727569.602: [GC 684901K(1025664K), 0.2961224 secs]
727575.804: [GC 685856K(1025664K), 0.1527154 secs]
727578.342: [GC 686637K(1025664K), 0.2929494 secs]
727584.534: [GC 686766K(1025664K), 0.1632682 secs]
727587.082: [GC 686784K(1025664K), 0.3030032 secs]
727593.257: [GC 688535K(1025664K), 0.1632618 secs]
727595.792: [GC 688535K(1025664K), 0.2969703 secs]
727601.974: [GC 688535K(1025664K), 0.1628653 secs]
727604.512: [GC 688535K(1025664K), 0.3000231 secs]
727610.704: [GC 689466K(1025664K), 0.1706051 secs]
727612.572: [GC 689466K(1025664K), 0.3042609 secs]
727618.784: [GC 689466K(1025664K), 0.1630903 secs]
727621.332: [GC 689466K(1025664K), 0.3027700 secs]
727627.535: [GC 690392K(1025664K), 0.1711582 secs]
727630.082: [GC 691199K(1025664K), 0.3177778 secs]
727636.314: [GC 691220K(1025664K), 0.1627493 secs]
727638.852: [GC 691229K(1025664K), 0.3077661 secs]
727645.046: [GC 691258K(1025664K), 0.1622571 secs]
727647.592: [GC 691258K(1025664K), 0.3075979 secs]
727653.803: [GC 692971K(1025664K), 0.1635283 secs]
727656.342: [GC 692971K(1025664K), 0.3106315 secs]
727662.556: [GC 692971K(1025664K), 0.1699715 secs]
727665.112: [GC 693874K(1025664K), 0.3148752 secs]
727671.363: [GC 694839K(1025664K), 0.1720773 secs]
727673.042: [GC 694845K(1025664K), 0.3254372 secs]
727679.256: [GC 695630K(1025664K), 0.1738010 secs]
727681.812: [GC 695659K(1025664K), 0.3152049 secs]
727688.024: [GC 695798K(1025664K), 0.1745123 secs]
727690.572: [GC 695802K(1025664K), 0.3174044 secs]
727696.784: [GC 696593K(1025664K), 0.1745384 secs]
727699.352: [GC 697380K(1025664K), 0.3223164 secs]
727705.554: [GC 698162K(1025664K), 0.1746592 secs]
727708.102: [GC 698422K(1025664K), 0.3304782 secs]
727714.354: [GC 698460K(1025664K), 0.1845437 secs]
727716.912: [GC 698464K(1025664K), 0.3284963 secs]
727723.145: [GC 699246K(1025664K), 0.1832228 secs]
727725.702: [GC 700028K(1025664K), 0.3259537 secs]
727731.925: [GC 700209K(1025664K), 0.1815324 secs]
727734.502: [GC 700209K(1025664K), 0.3295777 secs]
727740.744: [GC 700209K(1025664K), 0.1850379 secs]
727743.312: [GC 700209K(1025664K), 0.3294996 secs]
727749.554: [GC 702053K(1025664K), 0.1855058 secs]
727752.112: [GC 702078K(1025664K), 0.3391029 secs]
727758.343: [GC 702103K(1025664K), 0.1836721 secs]
727760.902: [GC 702103K(1025664K), 0.3379960 secs]
727767.144: [GC 702912K(1025664K), 0.1845601 secs]
727769.702: [GC 703051K(1025664K), 0.3364786 secs]
727775.936: [GC 703194K(1025664K), 0.1861753 secs]
727778.512: [GC 703194K(1025664K), 0.3357886 secs]
727784.744: [GC 704764K(1025664K), 0.1938008 secs]
727787.322: [GC 704767K(1025664K), 0.3406569 secs]
727793.584: [GC 705694K(1025664K), 0.1851785 secs]
727796.152: [GC 705708K(1025664K), 0.3460669 secs]
727802.394: [GC 705748K(1025664K), 0.1963218 secs]
727804.962: [GC 706527K(1025664K), 0.3474596 secs]
727811.197: [GC 707490K(1025664K), 0.1963606 secs]
727813.772: [GC 707491K(1025664K), 0.3435129 secs]
727820.023: [GC 707500K(1025664K), 0.1958600 secs]
727822.592: [GC 707500K(1025664K), 0.3465337 secs]
727828.854: [GC 707641K(1025664K), 0.1955110 secs]
727831.432: [GC 707641K(1025664K), 0.3480155 secs]
727837.675: [GC 708588K(1025664K), 0.1965961 secs]
727840.262: [GC 709373K(1025664K), 0.3521159 secs]
727846.515: [GC 709379K(1025664K), 0.1968126 secs]
727849.092: [GC 709515K(1025664K), 0.3596175 secs]
727855.354: [GC 710341K(1025664K), 0.1970017 secs]
727857.922: [GC 710341K(1025664K), 0.3585347 secs]
727864.165: [GC 711122K(1025664K), 0.1959896 secs]
727866.732: [GC 711122K(1025664K), 0.3558707 secs]
727872.984: [GC 711265K(1025664K), 0.2059537 secs]
727875.572: [GC 712350K(1025664K), 0.3672273 secs]
727881.824: [GC 713161K(1025664K), 0.1952791 secs]
727884.402: [GC 713164K(1025664K), 0.3596038 secs]
727890.655: [GC 713329K(1025664K), 0.2051429 secs]
727893.242: [GC 713333K(1025664K), 0.3637418 secs]
727899.504: [GC 714117K(1025664K), 0.2070252 secs]
727902.082: [GC 714915K(1025664K), 0.3689922 secs]
727908.346: [GC 715054K(1025664K), 0.2062963 secs]
727910.932: [GC 715054K(1025664K), 0.3743103 secs]
727917.206: [GC 715857K(1025664K), 0.2069420 secs]
727919.782: [GC 715997K(1025664K), 0.3680420 secs]
727926.045: [GC 716824K(1025664K), 0.2063208 secs]
727928.632: [GC 716960K(1025664K), 0.3684953 secs]
727934.885: [GC 716974K(1025664K), 0.2167533 secs]
727937.492: [GC 717762K(1025664K), 0.3706698 secs]
727943.775: [GC 718544K(1025664K), 0.2074147 secs]
727945.222: [GC 718544K(1025664K), 0.3741606 secs]
727951.493: [GC 720261K(1025664K), 0.2078535 secs]
727954.072: [GC 720261K(1025664K), 0.3904633 secs]
727960.256: [GC 720405K(1025664K), 0.2136519 secs]
727962.862: [GC 720430K(1025664K), 0.3813957 secs]
727969.134: [GC 721355K(1025664K), 0.2189775 secs]
727971.722: [GC 722170K(1025664K), 0.3784408 secs]
727977.944: [GC 722170K(1025664K), 0.2178394 secs]
727980.532: [GC 722170K(1025664K), 0.3795528 secs]
727986.815: [GC 722172K(1025664K), 0.2181532 secs]
727989.422: [GC 722311K(1025664K), 0.3810826 secs]
727995.697: [GC 722311K(1025664K), 0.2279586 secs]
727998.302: [GC 723109K(1025664K), 0.3838622 secs]
728004.584: [GC 724042K(1025664K), 0.2188599 secs]
728005.982: [GC 724047K(1025664K), 0.3931736 secs]
728012.287: [GC 725001K(1025664K), 0.2181831 secs]
728014.882: [GC 725003K(1025664K), 0.3908981 secs]
728021.165: [GC 725012K(1025664K), 0.2296045 secs]
728023.772: [GC 725012K(1025664K), 0.3902965 secs]
728030.035: [GC 725940K(1025664K), 0.2385675 secs]
728031.432: [GC 725940K(1025664K), 0.3980832 secs]
728037.745: [GC 726730K(1025664K), 0.2288834 secs]
728040.362: [GC 726745K(1025664K), 0.4022757 secs]
728046.654: [GC 726896K(1025664K), 0.2287074 secs]
728049.262: [GC 727041K(1025664K), 0.3970636 secs]
728055.543: [GC 727841K(1025664K), 0.2282300 secs]
728058.152: [GC 728623K(1025664K), 0.4020237 secs]
728064.374: [GC 729431K(1025664K), 0.2256850 secs]
728066.972: [GC 730213K(1025664K), 0.4048666 secs]
728073.267: [GC 730491K(1025664K), 0.2276770 secs]
728075.862: [GC 730493K(1025664K), 0.4056703 secs]
728082.166: [GC 731298K(1025664K), 0.2285465 secs]
728084.772: [GC 731307K(1025664K), 0.4038505 secs]
728091.066: [GC 731589K(1025664K), 0.2353389 secs]
728092.012: [GC 731622K(1025664K), 0.4154265 secs]
728098.336: [GC 732404K(1025664K), 0.2277605 secs]
728100.942: [GC 732404K(1025664K), 0.4117517 secs]
728107.266: [GC 733235K(1025664K), 0.2349283 secs]
728109.872: [GC 733375K(1025664K), 0.4149093 secs]
728116.177: [GC 733375K(1025664K), 0.2391823 secs]
728118.792: [GC 734171K(1025664K), 0.4127979 secs]
728125.004: [GC 734972K(1025664K), 0.2480783 secs]
728127.622: [GC 734978K(1025664K), 0.4210031 secs]
728133.934: [GC 735285K(1025664K), 0.2394680 secs]
728136.552: [GC 735294K(1025664K), 0.4127752 secs]
728142.843: [GC 736862K(1025664K), 0.2402589 secs]
728145.472: [GC 736862K(1025664K), 0.4149614 secs]
728151.784: [GC 737002K(1025664K), 0.2523103 secs]
728152.652: [GC 737002K(1025664K), 0.4258107 secs]
728158.984: [GC 737792K(1025664K), 0.2473058 secs]
728161.602: [GC 737798K(1025664K), 0.4182413 secs]
728167.915: [GC 738755K(1025664K), 0.2395450 secs]
728170.532: [GC 738761K(1025664K), 0.4206805 secs]
728176.844: [GC 739064K(1025664K), 0.2494776 secs]
728179.472: [GC 739847K(1025664K), 0.4220036 secs]
728185.795: [GC 740658K(1025664K), 0.2617056 secs]
728188.442: [GC 740798K(1025664K), 0.4246370 secs]
728194.784: [GC 740798K(1025664K), 0.2490166 secs]
728197.412: [GC 740798K(1025664K), 0.4255673 secs]
728203.744: [GC 742364K(1025664K), 0.2510147 secs]
728206.372: [GC 742380K(1025664K), 0.4292963 secs]
728212.726: [GC 743316K(1025664K), 0.2515102 secs]
728215.362: [GC 743320K(1025664K), 0.4292357 secs]
728221.693: [GC 743486K(1025664K), 0.2505899 secs]
728224.322: [GC 743488K(1025664K), 0.4327349 secs]
728230.646: [GC 743628K(1025664K), 0.2566626 secs]
728233.292: [GC 743628K(1025664K), 0.4352074 secs]
728239.624: [GC 745210K(1025664K), 0.2522422 secs]
728242.262: [GC 745210K(1025664K), 0.4355778 secs]
728248.586: [GC 745359K(1025664K), 0.2678112 secs]
728251.232: [GC 745413K(1025664K), 0.4407154 secs]
728257.564: [GC 746207K(1025664K), 0.2506731 secs]
728260.192: [GC 747120K(1025664K), 0.4481055 secs]
728266.544: [GC 747125K(1025664K), 0.2701164 secs]
728269.192: [GC 747264K(1025664K), 0.4454629 secs]
728275.564: [GC 748046K(1025664K), 0.2602928 secs]
728278.202: [GC 748046K(1025664K), 0.4443858 secs]
728284.533: [GC 748052K(1025664K), 0.2616430 secs]
728287.172: [GC 748064K(1025664K), 0.4467535 secs]
728293.507: [GC 749001K(1025664K), 0.2626934 secs]
728296.142: [GC 749780K(1025664K), 0.4586662 secs]
728302.524: [GC 750731K(1025664K), 0.2717869 secs]
728304.022: [GC 750731K(1025664K), 0.4566745 secs]
728310.385: [GC 750883K(1025664K), 0.2630080 secs]
728313.022: [GC 750883K(1025664K), 0.4595346 secs]
728319.377: [GC 750883K(1025664K), 0.2619792 secs]
728322.012: [GC 751665K(1025664K), 0.4702492 secs]
728328.416: [GC 752610K(1025664K), 0.2679073 secs]
728331.052: [GC 752610K(1025664K), 0.4613388 secs]
728337.414: [GC 753408K(1025664K), 0.2688459 secs]
728340.062: [GC 754194K(1025664K), 0.4613689 secs]
728346.446: [GC 754364K(1025664K), 0.2828375 secs]
728349.112: [GC 754510K(1025664K), 0.4660958 secs]
728355.474: [GC 755293K(1025664K), 0.2724996 secs]
728358.122: [GC 755293K(1025664K), 0.4680892 secs]
728364.484: [GC 756075K(1025664K), 0.2687789 secs]
728367.122: [GC 756862K(1025664K), 0.4720970 secs]
728373.487: [GC 757158K(1025664K), 0.2728472 secs]
728376.132: [GC 757173K(1025664K), 0.4693528 secs]
728382.494: [GC 757972K(1025664K), 0.2725538 secs]
728385.142: [GC 758754K(1025664K), 0.4730629 secs]
728391.506: [GC 759022K(1025664K), 0.2808102 secs]
728394.182: [GC 759051K(1025664K), 0.4896689 secs]
728400.604: [GC 759833K(1025664K), 0.2809876 secs]
728403.272: [GC 759833K(1025664K), 0.4717124 secs]
728409.634: [GC 760793K(1025664K), 0.2908011 secs]
728412.302: [GC 760793K(1025664K), 0.4734513 secs]
728418.656: [GC 760812K(1025664K), 0.2942909 secs]
728421.332: [GC 761606K(1025664K), 0.4755398 secs]
728427.703: [GC 761780K(1025664K), 0.2839065 secs]
728430.362: [GC 761792K(1025664K), 0.4764660 secs]
728436.744: [GC 762719K(1025664K), 0.2843740 secs]
728439.412: [GC 762719K(1025664K), 0.4780790 secs]
728445.795: [GC 763503K(1025664K), 0.2837615 secs]
728448.472: [GC 763640K(1025664K), 0.4803294 secs]
728454.844: [GC 764445K(1025664K), 0.2844476 secs]
728457.502: [GC 764459K(1025664K), 0.4819385 secs]
728463.885: [GC 764501K(1025664K), 0.2896790 secs]
728466.552: [GC 764501K(1025664K), 0.4847478 secs]
728472.944: [GC 765429K(1025664K), 0.2829208 secs]
728475.602: [GC 765719K(1025664K), 0.4979333 secs]
728481.996: [GC 765726K(1025664K), 0.3044495 secs]
728484.682: [GC 765726K(1025664K), 0.4900261 secs]
728491.063: [GC 767432K(1025664K), 0.3059371 secs]
728493.742: [GC 767449K(1025664K), 0.4957853 secs]
728500.124: [GC 767464K(1025664K), 0.2955904 secs]
728502.792: [GC 767464K(1025664K), 0.4972314 secs]
728509.176: [GC 768392K(1025664K), 0.2948210 secs]
728511.842: [GC 769180K(1025664K), 0.5093573 secs]
728518.257: [GC 770112K(1025664K), 0.2935455 secs]
728520.932: [GC 770910K(1025664K), 0.5111104 secs]
728527.346: [GC 770916K(1025664K), 0.2939003 secs]
728530.012: [GC 771052K(1025664K), 0.5028522 secs]
728536.415: [GC 771858K(1025664K), 0.3050096 secs]
728539.102: [GC 771873K(1025664K), 0.5065891 secs]
728545.504: [GC 772661K(1025664K), 0.2959498 secs]
728548.172: [GC 772810K(1025664K), 0.5093091 secs]
728554.575: [GC 772847K(1025664K), 0.3011210 secs]
728557.252: [GC 773629K(1025664K), 0.5081272 secs]
728563.644: [GC 774543K(1025664K), 0.3056320 secs]
728566.332: [GC 774547K(1025664K), 0.5062346 secs]
728572.735: [GC 774684K(1025664K), 0.3051381 secs]
728575.432: [GC 774700K(1025664K), 0.5070046 secs]
728581.835: [GC 774753K(1025664K), 0.3161640 secs]
728584.532: [GC 774753K(1025664K), 0.5094998 secs]
728590.934: [GC 775685K(1025664K), 0.3044873 secs]
728593.612: [GC 776464K(1025664K), 0.5108003 secs]
728600.013: [GC 776470K(1025664K), 0.3224730 secs]
728602.712: [GC 776470K(1025664K), 0.5199293 secs]
728609.074: [GC 777530K(1025664K), 0.3206413 secs]
728611.772: [GC 778314K(1025664K), 0.5231131 secs]
728618.176: [GC 778331K(1025664K), 0.3110792 secs]
728620.862: [GC 778336K(1025664K), 0.5245606 secs]
728627.308: [GC 779133K(1025664K), 0.3135211 secs]
728630.002: [GC 779276K(1025664K), 0.5245359 secs]
728636.414: [GC 780096K(1025664K), 0.3054365 secs]
728639.102: [GC 780354K(1025664K), 0.5255932 secs]
728639.628: [GC 780354K->638319K(1025664K), 0.1162609 secs]
728640.684: [GC 639282K(1025664K), 0.0181021 secs]
728641.732: [GC 640895K(1025664K), 0.0827166 secs]
728647.754: [GC 641824K(1025664K), 0.0087749 secs]
728650.172: [GC 641469K(1025664K), 0.0854181 secs]
728656.186: [GC 641469K(1025664K), 0.0080457 secs]
728658.592: [GC 641469K(1025664K), 0.0871101 secs]
728664.604: [GC 643044K(1025664K), 0.0086795 secs]
728666.882: [GC 643044K(1025664K), 0.0884604 secs]
728672.913: [GC 643348K(1025664K), 0.0193701 secs]
728675.332: [GC 643348K(1025664K), 0.0906764 secs]
728681.356: [GC 643507K(1025664K), 0.0192110 secs]
728683.782: [GC 643513K(1025664K), 0.0925392 secs]
728689.794: [GC 644456K(1025664K), 0.0195515 secs]
728692.222: [GC 645249K(1025664K), 0.0962478 secs]
728698.286: [GC 645251K(1025664K), 0.0193285 secs]
728700.702: [GC 645251K(1025664K), 0.0962050 secs]
728706.733: [GC 645251K(1025664K), 0.0195427 secs]
728709.152: [GC 646170K(1025664K), 0.1031891 secs]
728715.194: [GC 646950K(1025664K), 0.0196708 secs]
728717.622: [GC 646950K(1025664K), 0.1002014 secs]
728723.644: [GC 647149K(1025664K), 0.0195111 secs]
728726.062: [GC 647154K(1025664K), 0.1013493 secs]
728732.093: [GC 647295K(1025664K), 0.0193140 secs]
728734.512: [GC 647295K(1025664K), 0.1037356 secs]
728740.534: [GC 648073K(1025664K), 0.0195826 secs]
728742.952: [GC 648880K(1025664K), 0.1054803 secs]
728748.974: [GC 649020K(1025664K), 0.0307807 secs]
728751.402: [GC 649020K(1025664K), 0.1066242 secs]
728757.444: [GC 649020K(1025664K), 0.0307377 secs]
728759.872: [GC 649145K(1025664K), 0.1088364 secs]
728765.893: [GC 650017K(1025664K), 0.0307879 secs]
728768.322: [GC 650942K(1025664K), 0.1107880 secs]
728774.364: [GC 651726K(1025664K), 0.0306583 secs]
728776.792: [GC 651896K(1025664K), 0.1119509 secs]
728782.813: [GC 651906K(1025664K), 0.0302152 secs]
728785.242: [GC 651906K(1025664K), 0.1146473 secs]
728791.244: [GC 652861K(1025664K), 0.0307717 secs]
728793.672: [GC 652861K(1025664K), 0.1162918 secs]
728799.705: [GC 652984K(1025664K), 0.0305338 secs]
728802.142: [GC 653004K(1025664K), 0.1175692 secs]
728808.176: [GC 654749K(1025664K), 0.0401210 secs]
728810.632: [GC 654753K(1025664K), 0.1198428 secs]
728816.665: [GC 655530K(1025664K), 0.0423501 secs]
728817.372: [GC 655530K(1025664K), 0.1210601 secs]
728823.414: [GC 656320K(1025664K), 0.0418111 secs]
728825.852: [GC 656320K(1025664K), 0.1231970 secs]
728831.904: [GC 656456K(1025664K), 0.0416726 secs]
728834.342: [GC 657236K(1025664K), 0.1252170 secs]
728840.405: [GC 658151K(1025664K), 0.0420202 secs]
728842.562: [GC 658191K(1025664K), 0.1264344 secs]
728848.626: [GC 659144K(1025664K), 0.0416333 secs]
728851.072: [GC 659156K(1025664K), 0.1283187 secs]
728857.115: [GC 659936K(1025664K), 0.0419478 secs]
728859.562: [GC 659936K(1025664K), 0.1308018 secs]
728865.614: [GC 659945K(1025664K), 0.0420425 secs]
728868.052: [GC 660879K(1025664K), 0.1326286 secs]
728874.015: [GC 660879K(1025664K), 0.0418749 secs]
728876.462: [GC 660879K(1025664K), 0.1339697 secs]
728882.513: [GC 661051K(1025664K), 0.0526990 secs]
728884.962: [GC 661839K(1025664K), 0.1359302 secs]
728891.023: [GC 662784K(1025664K), 0.0526435 secs]
728893.472: [GC 662784K(1025664K), 0.1380533 secs]
728899.535: [GC 662784K(1025664K), 0.0533891 secs]
728902.002: [GC 662784K(1025664K), 0.1396167 secs]
728908.063: [GC 663699K(1025664K), 0.0530042 secs]
728910.512: [GC 663699K(1025664K), 0.1419080 secs]
728916.573: [GC 664485K(1025664K), 0.0526272 secs]
728919.022: [GC 665274K(1025664K), 0.1437259 secs]
728925.083: [GC 665426K(1025664K), 0.0536266 secs]
728927.532: [GC 665438K(1025664K), 0.1450495 secs]
728933.543: [GC 666278K(1025664K), 0.0534856 secs]
728936.002: [GC 666278K(1025664K), 0.1471769 secs]
728942.074: [GC 666449K(1025664K), 0.0535636 secs]
728943.002: [GC 666449K(1025664K), 0.1486968 secs]
728949.073: [GC 667235K(1025664K), 0.0530199 secs]
728951.522: [GC 667235K(1025664K), 0.1504366 secs]
728957.594: [GC 667235K(1025664K), 0.0530581 secs]
728960.042: [GC 667494K(1025664K), 0.1523584 secs]
728966.007: [GC 668326K(1025664K), 0.0645526 secs]
728968.472: [GC 669138K(1025664K), 0.1547001 secs]
728974.545: [GC 669282K(1025664K), 0.0643541 secs]
728977.022: [GC 669292K(1025664K), 0.1558081 secs]
728983.095: [GC 669432K(1025664K), 0.0639486 secs]
728985.572: [GC 670225K(1025664K), 0.1576753 secs]
728991.644: [GC 671012K(1025664K), 0.0637779 secs]
728993.302: [GC 671810K(1025664K), 0.1587525 secs]
728999.404: [GC 672736K(1025664K), 0.0638271 secs]
729001.862: [GC 672888K(1025664K), 0.1613044 secs]
729007.935: [GC 672924K(1025664K), 0.0636933 secs]
729010.412: [GC 672935K(1025664K), 0.1628132 secs]
729016.494: [GC 673720K(1025664K), 0.0645528 secs]
729018.962: [GC 674666K(1025664K), 0.1649109 secs]
729024.954: [GC 674666K(1025664K), 0.0639156 secs]
729027.412: [GC 674666K(1025664K), 0.1663566 secs]
729033.503: [GC 674668K(1025664K), 0.0727759 secs]
729035.972: [GC 675454K(1025664K), 0.1687165 secs]
729042.054: [GC 676495K(1025664K), 0.0748776 secs]
729044.522: [GC 676515K(1025664K), 0.1705836 secs]
729050.613: [GC 676527K(1025664K), 0.0747482 secs]
729053.092: [GC 676560K(1025664K), 0.1732590 secs]
729059.194: [GC 676712K(1025664K), 0.0755793 secs]
729061.682: [GC 676712K(1025664K), 0.1737113 secs]
729067.775: [GC 677521K(1025664K), 0.0750863 secs]
729070.252: [GC 678301K(1025664K), 0.1757160 secs]
729076.354: [GC 679250K(1025664K), 0.0755120 secs]
729078.832: [GC 680164K(1025664K), 0.1778831 secs]
729084.924: [GC 680307K(1025664K), 0.0748301 secs]
729087.402: [GC 680307K(1025664K), 0.1788258 secs]
729093.466: [GC 680361K(1025664K), 0.0750881 secs]
729095.952: [GC 681183K(1025664K), 0.1816927 secs]
729102.046: [GC 682102K(1025664K), 0.0747188 secs]
729104.522: [GC 682102K(1025664K), 0.1832949 secs]
729110.624: [GC 682102K(1025664K), 0.0855679 secs]
729113.112: [GC 682102K(1025664K), 0.1909181 secs]
729119.243: [GC 682240K(1025664K), 0.0859969 secs]
729121.732: [GC 682401K(1025664K), 0.1875433 secs]
729127.854: [GC 683198K(1025664K), 0.0862505 secs]
729130.342: [GC 683981K(1025664K), 0.1889347 secs]
729136.444: [GC 684002K(1025664K), 0.0857737 secs]
729138.932: [GC 684142K(1025664K), 0.1913854 secs]
729144.965: [GC 684926K(1025664K), 0.0862237 secs]
729147.462: [GC 684926K(1025664K), 0.1921339 secs]
729153.573: [GC 685724K(1025664K), 0.0867548 secs]
729156.062: [GC 685724K(1025664K), 0.1937864 secs]
729162.166: [GC 685985K(1025664K), 0.0861004 secs]
729164.662: [GC 686771K(1025664K), 0.1962854 secs]
729170.804: [GC 687583K(1025664K), 0.0857661 secs]
729173.302: [GC 687618K(1025664K), 0.2004893 secs]
729179.436: [GC 689351K(1025664K), 0.0862826 secs]
729181.922: [GC 689355K(1025664K), 0.1996321 secs]
729188.044: [GC 689355K(1025664K), 0.0963855 secs]
729190.552: [GC 689355K(1025664K), 0.2014863 secs]
729196.694: [GC 690138K(1025664K), 0.0970942 secs]
729199.192: [GC 691059K(1025664K), 0.2032576 secs]
729205.305: [GC 691198K(1025664K), 0.0974986 secs]
729207.802: [GC 691203K(1025664K), 0.2044421 secs]
729213.934: [GC 691253K(1025664K), 0.0977752 secs]
729216.432: [GC 691263K(1025664K), 0.2069532 secs]
729222.574: [GC 691407K(1025664K), 0.1057891 secs]
729225.082: [GC 691407K(1025664K), 0.2087588 secs]
729231.217: [GC 692191K(1025664K), 0.0971106 secs]
729233.722: [GC 692194K(1025664K), 0.2100283 secs]
729239.875: [GC 693918K(1025664K), 0.1077147 secs]
729242.382: [GC 693948K(1025664K), 0.2121730 secs]
729248.495: [GC 694082K(1025664K), 0.1080284 secs]
729251.012: [GC 694091K(1025664K), 0.2145578 secs]
729257.145: [GC 694901K(1025664K), 0.0966506 secs]
729259.642: [GC 695830K(1025664K), 0.2164407 secs]
729265.664: [GC 695872K(1025664K), 0.1090066 secs]
729268.172: [GC 695872K(1025664K), 0.2174778 secs]
729274.314: [GC 697568K(1025664K), 0.1085183 secs]
729276.822: [GC 697568K(1025664K), 0.2199838 secs]
729282.955: [GC 697704K(1025664K), 0.1092567 secs]
729285.472: [GC 697833K(1025664K), 0.2222730 secs]
729291.624: [GC 698629K(1025664K), 0.1078576 secs]
729294.132: [GC 698667K(1025664K), 0.2233355 secs]
729300.293: [GC 698833K(1025664K), 0.1081238 secs]
729302.802: [GC 698833K(1025664K), 0.2253104 secs]
729308.945: [GC 699614K(1025664K), 0.1080808 secs]
729311.462: [GC 700405K(1025664K), 0.2271646 secs]
729317.614: [GC 700405K(1025664K), 0.1159400 secs]
729320.132: [GC 700541K(1025664K), 0.2293776 secs]
729326.183: [GC 702243K(1025664K), 0.1185329 secs]
729328.712: [GC 702249K(1025664K), 0.2321101 secs]
729334.863: [GC 702289K(1025664K), 0.1192898 secs]
729337.382: [GC 702301K(1025664K), 0.2325698 secs]
729343.543: [GC 702451K(1025664K), 0.1195738 secs]
729346.072: [GC 703240K(1025664K), 0.2348762 secs]
729352.226: [GC 704055K(1025664K), 0.1185680 secs]
729354.502: [GC 704055K(1025664K), 0.2435490 secs]
729360.676: [GC 704968K(1025664K), 0.1199934 secs]
729363.202: [GC 704968K(1025664K), 0.2376044 secs]
729369.354: [GC 705102K(1025664K), 0.1198552 secs]
729371.872: [GC 705102K(1025664K), 0.2414325 secs]
729378.024: [GC 706217K(1025664K), 0.1187151 secs]
729380.542: [GC 707011K(1025664K), 0.2423808 secs]
729386.704: [GC 707863K(1025664K), 0.1297626 secs]
729389.232: [GC 707863K(1025664K), 0.2435389 secs]
729395.404: [GC 707863K(1025664K), 0.1268745 secs]
729397.932: [GC 707999K(1025664K), 0.2458702 secs]
729404.094: [GC 707999K(1025664K), 0.1196280 secs]
729406.612: [GC 708909K(1025664K), 0.2478775 secs]
729412.813: [GC 709707K(1025664K), 0.1284438 secs]
729414.932: [GC 709707K(1025664K), 0.2486552 secs]
729421.114: [GC 710653K(1025664K), 0.1312224 secs]
729423.662: [GC 710686K(1025664K), 0.2512286 secs]
729429.834: [GC 710690K(1025664K), 0.1299936 secs]
729432.362: [GC 710690K(1025664K), 0.2529797 secs]
729438.544: [GC 711630K(1025664K), 0.1298950 secs]
729441.072: [GC 711630K(1025664K), 0.2553062 secs]
729447.253: [GC 712538K(1025664K), 0.1309888 secs]
729449.782: [GC 712538K(1025664K), 0.2565813 secs]
729455.963: [GC 713350K(1025664K), 0.1388127 secs]
729458.502: [GC 713499K(1025664K), 0.2585559 secs]
729464.684: [GC 714310K(1025664K), 0.1377345 secs]
729467.222: [GC 714315K(1025664K), 0.2606387 secs]
729473.434: [GC 714322K(1025664K), 0.1404324 secs]
729475.982: [GC 714322K(1025664K), 0.2659495 secs]
729482.155: [GC 714458K(1025664K), 0.1374595 secs]
729484.702: [GC 714458K(1025664K), 0.2637698 secs]
729490.883: [GC 716167K(1025664K), 0.1410290 secs]
729493.422: [GC 716172K(1025664K), 0.2661211 secs]
729499.614: [GC 716330K(1025664K), 0.1413559 secs]
729502.152: [GC 716346K(1025664K), 0.2683096 secs]
729508.274: [GC 716384K(1025664K), 0.1419938 secs]
729510.812: [GC 717182K(1025664K), 0.2704646 secs]
729516.994: [GC 717963K(1025664K), 0.1408225 secs]
729519.532: [GC 718099K(1025664K), 0.2716063 secs]
729525.753: [GC 718879K(1025664K), 0.1515910 secs]
729528.302: [GC 718879K(1025664K), 0.2811422 secs]
729534.504: [GC 720593K(1025664K), 0.1419677 secs]
729537.042: [GC 720593K(1025664K), 0.2765398 secs]
729543.233: [GC 721587K(1025664K), 0.1412863 secs]
729545.622: [GC 721598K(1025664K), 0.2773297 secs]
729551.844: [GC 721613K(1025664K), 0.1490795 secs]
729554.392: [GC 721613K(1025664K), 0.2795777 secs]
729560.583: [GC 722545K(1025664K), 0.1512995 secs]
729563.142: [GC 722545K(1025664K), 0.2820777 secs]
729569.344: [GC 722545K(1025664K), 0.1518679 secs]
729571.892: [GC 722810K(1025664K), 0.2847998 secs]
729578.095: [GC 723752K(1025664K), 0.1527085 secs]
729580.642: [GC 723771K(1025664K), 0.2850829 secs]
729586.846: [GC 724567K(1025664K), 0.1617086 secs]
729589.402: [GC 724573K(1025664K), 0.2883738 secs]
729595.603: [GC 725393K(1025664K), 0.1520300 secs]
729598.152: [GC 725529K(1025664K), 0.2890132 secs]
729604.363: [GC 725529K(1025664K), 0.1519338 secs]
729606.912: [GC 725529K(1025664K), 0.2919230 secs]
729613.115: [GC 726452K(1025664K), 0.1517981 secs]
729615.662: [GC 726452K(1025664K), 0.2989229 secs]
729621.883: [GC 727384K(1025664K), 0.1630480 secs]
729624.442: [GC 727419K(1025664K), 0.2953737 secs]
729630.613: [GC 728211K(1025664K), 0.1615522 secs]
729633.172: [GC 729009K(1025664K), 0.2966800 secs]
729639.384: [GC 729929K(1025664K), 0.1633924 secs]
729641.942: [GC 730719K(1025664K), 0.2989398 secs]
729648.154: [GC 730719K(1025664K), 0.1627741 secs]
729650.722: [GC 730721K(1025664K), 0.2996673 secs]
729656.983: [GC 730850K(1025664K), 0.1633937 secs]
729659.562: [GC 730994K(1025664K), 0.3023473 secs]
729665.784: [GC 731039K(1025664K), 0.1633441 secs]
729668.352: [GC 731821K(1025664K), 0.3041917 secs]
729674.573: [GC 732811K(1025664K), 0.1639273 secs]
729677.142: [GC 732815K(1025664K), 0.3064533 secs]
729683.374: [GC 732951K(1025664K), 0.1627582 secs]
729685.932: [GC 732951K(1025664K), 0.3220304 secs]
729692.126: [GC 734519K(1025664K), 0.1750444 secs]
729694.712: [GC 734648K(1025664K), 0.3105493 secs]
729700.934: [GC 734804K(1025664K), 0.1748702 secs]
729703.512: [GC 734813K(1025664K), 0.3121836 secs]
729709.745: [GC 735619K(1025664K), 0.1826426 secs]
729712.342: [GC 735629K(1025664K), 0.3211885 secs]
729718.494: [GC 736596K(1025664K), 0.1803926 secs]
729721.072: [GC 736596K(1025664K), 0.3156904 secs]
729727.315: [GC 737381K(1025664K), 0.1752406 secs]
729729.902: [GC 737381K(1025664K), 0.3180014 secs]
729736.135: [GC 738175K(1025664K), 0.1737247 secs]
729738.712: [GC 738439K(1025664K), 0.3194258 secs]
729744.946: [GC 738444K(1025664K), 0.1758846 secs]
729747.532: [GC 739238K(1025664K), 0.3216538 secs]
729753.775: [GC 739285K(1025664K), 0.1746298 secs]
729756.362: [GC 739289K(1025664K), 0.3226204 secs]
729762.614: [GC 739435K(1025664K), 0.1740778 secs]
729765.192: [GC 739435K(1025664K), 0.3247404 secs]
729771.434: [GC 740220K(1025664K), 0.1815612 secs]
729774.022: [GC 740997K(1025664K), 0.3272306 secs]
729780.204: [GC 742045K(1025664K), 0.1844345 secs]
729782.792: [GC 742882K(1025664K), 0.3296602 secs]
729789.044: [GC 742900K(1025664K), 0.1850880 secs]
729791.642: [GC 742918K(1025664K), 0.3318116 secs]
729797.904: [GC 743837K(1025664K), 0.1844366 secs]
729800.492: [GC 743837K(1025664K), 0.3326926 secs]
729806.746: [GC 743842K(1025664K), 0.1842667 secs]
729809.332: [GC 743842K(1025664K), 0.3343093 secs]
729815.585: [GC 743851K(1025664K), 0.1857114 secs]
729818.182: [GC 744775K(1025664K), 0.3370900 secs]
729824.464: [GC 745691K(1025664K), 0.1855371 secs]
729827.052: [GC 745691K(1025664K), 0.3445214 secs]
729833.325: [GC 746555K(1025664K), 0.1853266 secs]
729835.922: [GC 746555K(1025664K), 0.3399121 secs]
729842.074: [GC 747511K(1025664K), 0.1943730 secs]
729844.682: [GC 747515K(1025664K), 0.3422478 secs]
729850.944: [GC 747518K(1025664K), 0.1951613 secs]
729853.542: [GC 748314K(1025664K), 0.3442934 secs]
729859.645: [GC 749245K(1025664K), 0.2016566 secs]
729862.252: [GC 749370K(1025664K), 0.3456241 secs]
729868.516: [GC 749384K(1025664K), 0.1958267 secs]
729871.122: [GC 749384K(1025664K), 0.3472915 secs]
729877.405: [GC 749576K(1025664K), 0.1965885 secs]
729880.012: [GC 750518K(1025664K), 0.3500250 secs]
729886.283: [GC 751307K(1025664K), 0.2072130 secs]
729888.892: [GC 751307K(1025664K), 0.3523061 secs]
729895.164: [GC 752084K(1025664K), 0.2055565 secs]
729897.712: [GC 752223K(1025664K), 0.3531846 secs]
729903.994: [GC 753141K(1025664K), 0.2036910 secs]
729906.592: [GC 753146K(1025664K), 0.3562608 secs]
729912.875: [GC 753155K(1025664K), 0.1966817 secs]
729915.482: [GC 753947K(1025664K), 0.3575826 secs]
729921.775: [GC 754892K(1025664K), 0.2048516 secs]
729923.112: [GC 754925K(1025664K), 0.3589622 secs]
729929.403: [GC 755710K(1025664K), 0.2061274 secs]
729932.012: [GC 755713K(1025664K), 0.3617422 secs]
729938.294: [GC 755853K(1025664K), 0.2143685 secs]
729940.912: [GC 755859K(1025664K), 0.3634261 secs]
729947.193: [GC 756780K(1025664K), 0.2059607 secs]
729949.802: [GC 757585K(1025664K), 0.3660219 secs]
729955.996: [GC 758420K(1025664K), 0.2135514 secs]
729958.612: [GC 758558K(1025664K), 0.3683183 secs]
729964.895: [GC 758571K(1025664K), 0.2078153 secs]
729967.502: [GC 758571K(1025664K), 0.3683183 secs]
729973.785: [GC 760144K(1025664K), 0.2168746 secs]
729976.412: [GC 760313K(1025664K), 0.3708347 secs]
729982.724: [GC 760461K(1025664K), 0.2084334 secs]
729983.672: [GC 760461K(1025664K), 0.3737714 secs]
729989.923: [GC 760594K(1025664K), 0.2064046 secs]
729992.532: [GC 760632K(1025664K), 0.3737690 secs]
729998.824: [GC 761569K(1025664K), 0.2225505 secs]
730001.452: [GC 762347K(1025664K), 0.3760652 secs]
730007.744: [GC 762352K(1025664K), 0.2243577 secs]
730010.382: [GC 762357K(1025664K), 0.3782788 secs]
730016.595: [GC 763138K(1025664K), 0.2188971 secs]
730019.222: [GC 763278K(1025664K), 0.3798499 secs]
730025.544: [GC 763293K(1025664K), 0.2179504 secs]
730028.162: [GC 763293K(1025664K), 0.3819526 secs]
730034.453: [GC 765011K(1025664K), 0.2184433 secs]
730037.072: [GC 765019K(1025664K), 0.3844239 secs]
730043.385: [GC 765196K(1025664K), 0.2181872 secs]
730044.232: [GC 765200K(1025664K), 0.3862804 secs]
730050.553: [GC 766775K(1025664K), 0.2193883 secs]
730053.172: [GC 766775K(1025664K), 0.3867069 secs]
730059.484: [GC 766915K(1025664K), 0.2177596 secs]
730062.102: [GC 766915K(1025664K), 0.3891972 secs]
730068.425: [GC 767697K(1025664K), 0.2244065 secs]
730071.052: [GC 768480K(1025664K), 0.3916739 secs]
730077.354: [GC 769433K(1025664K), 0.2281261 secs]
730079.982: [GC 769583K(1025664K), 0.3944939 secs]
730086.295: [GC 769621K(1025664K), 0.2280234 secs]
730088.932: [GC 769626K(1025664K), 0.3959133 secs]
730095.246: [GC 770408K(1025664K), 0.2356765 secs]
730097.892: [GC 770550K(1025664K), 0.3968722 secs]
730104.205: [GC 771340K(1025664K), 0.2286849 secs]
730106.842: [GC 771356K(1025664K), 0.3988032 secs]
730113.156: [GC 772166K(1025664K), 0.2292988 secs]
730115.782: [GC 773100K(1025664K), 0.4012661 secs]
730122.104: [GC 773255K(1025664K), 0.2291407 secs]
730124.742: [GC 773257K(1025664K), 0.4026946 secs]
730131.053: [GC 774040K(1025664K), 0.2369240 secs]
730133.692: [GC 774044K(1025664K), 0.4041875 secs]
730140.004: [GC 774184K(1025664K), 0.2278954 secs]
730142.632: [GC 774214K(1025664K), 0.4059722 secs]
730148.896: [GC 775018K(1025664K), 0.2374931 secs]
730151.532: [GC 775018K(1025664K), 0.4081176 secs]
730157.873: [GC 775291K(1025664K), 0.2477676 secs]
730160.522: [GC 776077K(1025664K), 0.4112924 secs]
730166.855: [GC 776909K(1025664K), 0.2403779 secs]
730169.492: [GC 776913K(1025664K), 0.4115230 secs]
730175.823: [GC 777838K(1025664K), 0.2460302 secs]
730178.472: [GC 777977K(1025664K), 0.4139326 secs]
730184.833: [GC 777982K(1025664K), 0.2395416 secs]
730187.472: [GC 778764K(1025664K), 0.4162139 secs]
730193.825: [GC 779553K(1025664K), 0.2511714 secs]
730196.482: [GC 779553K(1025664K), 0.4181330 secs]
730202.834: [GC 780673K(1025664K), 0.2404541 secs]
730205.472: [GC 781467K(1025664K), 0.4201802 secs]
730211.814: [GC 781471K(1025664K), 0.2466963 secs]
730214.462: [GC 781475K(1025664K), 0.4215726 secs]
730220.675: [GC 781626K(1025664K), 0.2475559 secs]
730223.322: [GC 782424K(1025664K), 0.4236269 secs]
730229.676: [GC 782424K(1025664K), 0.2490694 secs]
730232.332: [GC 782430K(1025664K), 0.4257596 secs]
730238.673: [GC 783345K(1025664K), 0.2589447 secs]
730241.332: [GC 783485K(1025664K), 0.4277315 secs]
730247.676: [GC 784284K(1025664K), 0.2615923 secs]
730250.342: [GC 784288K(1025664K), 0.4291144 secs]
730256.694: [GC 784324K(1025664K), 0.2521405 secs]
730259.352: [GC 784464K(1025664K), 0.4317560 secs]
730265.705: [GC 784464K(1025664K), 0.2521668 secs]
730268.362: [GC 785252K(1025664K), 0.4335542 secs]
730274.713: [GC 786220K(1025664K), 0.2655396 secs]
730277.382: [GC 786229K(1025664K), 0.4362864 secs]
730283.754: [GC 787202K(1025664K), 0.2562670 secs]
730286.412: [GC 787218K(1025664K), 0.4482532 secs]
730292.784: [GC 787358K(1025664K), 0.2622941 secs]
730295.442: [GC 787358K(1025664K), 0.4398099 secs]
730301.814: [GC 788150K(1025664K), 0.2592788 secs]
730304.472: [GC 788150K(1025664K), 0.4412378 secs]
730310.834: [GC 789088K(1025664K), 0.2604237 secs]
730313.502: [GC 790669K(1025664K), 0.4437664 secs]
730319.875: [GC 790676K(1025664K), 0.2568953 secs]
730322.542: [GC 790704K(1025664K), 0.4460489 secs]
730328.905: [GC 790995K(1025664K), 0.2625495 secs]
730331.572: [GC 791785K(1025664K), 0.4478308 secs]
730337.944: [GC 792590K(1025664K), 0.2608146 secs]
730340.602: [GC 792594K(1025664K), 0.4490676 secs]
730346.964: [GC 792595K(1025664K), 0.2615327 secs]
730349.622: [GC 792736K(1025664K), 0.4513241 secs]
730355.995: [GC 792738K(1025664K), 0.2610447 secs]
730358.652: [GC 793535K(1025664K), 0.4533984 secs]
730365.024: [GC 794326K(1025664K), 0.2705199 secs]
730367.702: [GC 794483K(1025664K), 0.4611857 secs]
730374.083: [GC 795429K(1025664K), 0.2708048 secs]
730376.752: [GC 795433K(1025664K), 0.4580090 secs]
730383.125: [GC 796218K(1025664K), 0.2715022 secs]
730385.792: [GC 796218K(1025664K), 0.4593582 secs]
730392.184: [GC 796359K(1025664K), 0.2732238 secs]
730394.862: [GC 796366K(1025664K), 0.4655479 secs]
730401.244: [GC 797155K(1025664K), 0.2731645 secs]
730403.922: [GC 797934K(1025664K), 0.4629939 secs]
730410.304: [GC 798874K(1025664K), 0.2721463 secs]
730412.972: [GC 799031K(1025664K), 0.4652645 secs]
730419.355: [GC 799034K(1025664K), 0.2907467 secs]
730422.052: [GC 799837K(1025664K), 0.4672556 secs]
730428.456: [GC 800762K(1025664K), 0.2909350 secs]
730431.142: [GC 800762K(1025664K), 0.4705888 secs]
730437.563: [GC 800762K(1025664K), 0.2818233 secs]
730440.242: [GC 800762K(1025664K), 0.4703575 secs]
730446.647: [GC 801612K(1025664K), 0.3010401 secs]
730449.352: [GC 801772K(1025664K), 0.4731665 secs]
730455.746: [GC 802686K(1025664K), 0.2788596 secs]
730458.422: [GC 802689K(1025664K), 0.4750732 secs]
730464.814: [GC 802690K(1025664K), 0.2936425 secs]
730466.692: [GC 802694K(1025664K), 0.4760437 secs]
730473.095: [GC 803767K(1025664K), 0.2808274 secs]
730475.772: [GC 803767K(1025664K), 0.4781695 secs]
730482.173: [GC 803773K(1025664K), 0.2945691 secs]
730484.862: [GC 804556K(1025664K), 0.4805724 secs]
730491.254: [GC 805527K(1025664K), 0.3031661 secs]
730493.982: [GC 806341K(1025664K), 0.4847971 secs]
730500.306: [GC 807255K(1025664K), 0.2847599 secs]
730503.002: [GC 807255K(1025664K), 0.4845922 secs]
730509.413: [GC 807401K(1025664K), 0.3053770 secs]
730512.122: [GC 807413K(1025664K), 0.4852134 secs]
730518.534: [GC 808978K(1025664K), 0.2925627 secs]
730521.232: [GC 808978K(1025664K), 0.4876682 secs]
730527.667: [GC 809122K(1025664K), 0.2935928 secs]
730530.362: [GC 809130K(1025664K), 0.4897159 secs]
730536.764: [GC 809182K(1025664K), 0.2929225 secs]
730539.452: [GC 810085K(1025664K), 0.4917027 secs]
730545.865: [GC 810895K(1025664K), 0.2915900 secs]
730548.562: [GC 811039K(1025664K), 0.4941355 secs]
730554.984: [GC 811039K(1025664K), 0.2936128 secs]
730557.682: [GC 811039K(1025664K), 0.4953845 secs]
730564.114: [GC 811817K(1025664K), 0.2956802 secs]
730566.812: [GC 811819K(1025664K), 0.5088961 secs]
730573.245: [GC 812771K(1025664K), 0.2948252 secs]
730575.952: [GC 812946K(1025664K), 0.5049218 secs]
730582.383: [GC 813851K(1025664K), 0.2954464 secs]
730583.252: [GC 813883K(1025664K), 0.5009381 secs]
730589.604: [GC 815615K(1025664K), 0.3129129 secs]
730592.322: [GC 815615K(1025664K), 0.5023513 secs]
730598.744: [GC 815615K(1025664K), 0.2949064 secs]
730601.442: [GC 815624K(1025664K), 0.5045475 secs]
730607.864: [GC 815763K(1025664K), 0.3070498 secs]
730610.582: [GC 815772K(1025664K), 0.5074875 secs]
730617.016: [GC 816601K(1025664K), 0.3176215 secs]
730619.732: [GC 817399K(1025664K), 0.5146014 secs]
730626.166: [GC 818305K(1025664K), 0.3192113 secs]
730628.882: [GC 818455K(1025664K), 0.5150382 secs]
730635.333: [GC 818459K(1025664K), 0.3052065 secs]
730638.042: [GC 818459K(1025664K), 0.5183395 secs]
730644.495: [GC 820040K(1025664K), 0.3071097 secs]
730647.202: [GC 820040K(1025664K), 0.5178853 secs]
730653.645: [GC 820083K(1025664K), 0.3052882 secs]
730656.362: [GC 820102K(1025664K), 0.5171364 secs]
730662.794: [GC 820890K(1025664K), 0.3109591 secs]
730665.512: [GC 821514K(1025664K), 0.5181564 secs]
730666.031: [GC 821514K->681111K(1025664K), 0.1245424 secs]
730667.121: [GC 682088K(1025664K), 0.0177686 secs]
730669.522: [GC 684584K(1025664K), 0.0769744 secs]
730675.469: [GC 684614K(1025664K), 0.0184483 secs]
730677.922: [GC 684258K(1025664K), 0.0789810 secs]
730683.848: [GC 684258K(1025664K), 0.0182448 secs]
730686.292: [GC 684268K(1025664K), 0.0812750 secs]
730692.209: [GC 685186K(1025664K), 0.0175220 secs]
730694.652: [GC 685186K(1025664K), 0.0822811 secs]
730700.609: [GC 685967K(1025664K), 0.0193090 secs]
730703.052: [GC 685967K(1025664K), 0.0849910 secs]
730709.020: [GC 686304K(1025664K), 0.0195471 secs]
730711.472: [GC 686304K(1025664K), 0.0867865 secs]
730717.459: [GC 687104K(1025664K), 0.0195523 secs]
730719.902: [GC 687106K(1025664K), 0.0888737 secs]
730725.879: [GC 687106K(1025664K), 0.0193755 secs]
730728.332: [GC 687242K(1025664K), 0.0943062 secs]
730734.269: [GC 688037K(1025664K), 0.0193319 secs]
730734.882: [GC 688037K(1025664K), 0.0913560 secs]
730740.850: [GC 688816K(1025664K), 0.0190533 secs]
730743.312: [GC 688854K(1025664K), 0.0936507 secs]
730749.291: [GC 689164K(1025664K), 0.0194762 secs]
730751.742: [GC 689945K(1025664K), 0.0957922 secs]
730757.769: [GC 690729K(1025664K), 0.0191569 secs]
730760.222: [GC 691523K(1025664K), 0.0975959 secs]
730766.231: [GC 692302K(1025664K), 0.0301402 secs]
730768.692: [GC 692438K(1025664K), 0.0988423 secs]
730774.640: [GC 692576K(1025664K), 0.0300743 secs]
730777.102: [GC 692576K(1025664K), 0.1051577 secs]
730783.101: [GC 693366K(1025664K), 0.0303296 secs]
730785.572: [GC 694273K(1025664K), 0.1032819 secs]
730791.569: [GC 694456K(1025664K), 0.0303374 secs]
730794.022: [GC 695267K(1025664K), 0.1041938 secs]
730800.010: [GC 695276K(1025664K), 0.0305469 secs]
730802.472: [GC 695276K(1025664K), 0.1067697 secs]
730808.450: [GC 695414K(1025664K), 0.0307174 secs]
730810.922: [GC 696197K(1025664K), 0.1087258 secs]
730816.950: [GC 696990K(1025664K), 0.0307311 secs]
730819.422: [GC 696990K(1025664K), 0.1096035 secs]
730825.450: [GC 697146K(1025664K), 0.0301562 secs]
730827.922: [GC 697302K(1025664K), 0.1118004 secs]
730833.889: [GC 697338K(1025664K), 0.0391080 secs]
730836.362: [GC 697340K(1025664K), 0.1138715 secs]
730842.372: [GC 698121K(1025664K), 0.0402817 secs]
730844.842: [GC 698121K(1025664K), 0.1150381 secs]
730850.840: [GC 699046K(1025664K), 0.0414304 secs]
730853.312: [GC 699046K(1025664K), 0.1268321 secs]
730859.381: [GC 699828K(1025664K), 0.0416710 secs]
730861.852: [GC 699828K(1025664K), 0.1193752 secs]
730867.861: [GC 700134K(1025664K), 0.0412279 secs]
730870.332: [GC 700146K(1025664K), 0.1202401 secs]
730876.333: [GC 701920K(1025664K), 0.0414493 secs]
730878.812: [GC 701920K(1025664K), 0.1224040 secs]
730884.859: [GC 701920K(1025664K), 0.0411764 secs]
730885.492: [GC 701920K(1025664K), 0.1234321 secs]
730891.529: [GC 702850K(1025664K), 0.0409146 secs]
730893.992: [GC 702852K(1025664K), 0.1259893 secs]
730900.021: [GC 702852K(1025664K), 0.0419425 secs]
730902.512: [GC 703633K(1025664K), 0.1280858 secs]
730908.521: [GC 703910K(1025664K), 0.0498205 secs]
730911.012: [GC 704718K(1025664K), 0.1318222 secs]
730917.040: [GC 705542K(1025664K), 0.0416703 secs]
730919.522: [GC 705552K(1025664K), 0.1312087 secs]
730925.539: [GC 705552K(1025664K), 0.0503005 secs]
730928.012: [GC 705690K(1025664K), 0.1339239 secs]
730934.030: [GC 706471K(1025664K), 0.0520865 secs]
730936.512: [GC 707254K(1025664K), 0.1387764 secs]
730942.519: [GC 707254K(1025664K), 0.0523559 secs]
730945.002: [GC 707377K(1025664K), 0.1368769 secs]
730950.998: [GC 707537K(1025664K), 0.0523683 secs]
730953.482: [GC 707595K(1025664K), 0.1388044 secs]
730959.479: [GC 708392K(1025664K), 0.0525232 secs]
730961.952: [GC 709188K(1025664K), 0.1413459 secs]
730967.990: [GC 709324K(1025664K), 0.0525682 secs]
730970.492: [GC 709353K(1025664K), 0.1422745 secs]
730976.579: [GC 710924K(1025664K), 0.0527332 secs]
730979.052: [GC 710924K(1025664K), 0.1480042 secs]
730985.059: [GC 711081K(1025664K), 0.0625254 secs]
730987.562: [GC 711081K(1025664K), 0.1495766 secs]
730993.609: [GC 711893K(1025664K), 0.0633834 secs]
730996.102: [GC 712692K(1025664K), 0.1518519 secs]
731002.099: [GC 712692K(1025664K), 0.0631468 secs]
731004.592: [GC 712695K(1025664K), 0.1501418 secs]
731010.639: [GC 712843K(1025664K), 0.0632585 secs]
731013.132: [GC 713652K(1025664K), 0.1553523 secs]
731019.139: [GC 714442K(1025664K), 0.0630835 secs]
731021.632: [GC 714442K(1025664K), 0.1548170 secs]
731027.641: [GC 714569K(1025664K), 0.0632722 secs]
731030.132: [GC 714715K(1025664K), 0.1589935 secs]
731036.132: [GC 715570K(1025664K), 0.0636971 secs]
731038.642: [GC 715582K(1025664K), 0.1578991 secs]
731044.702: [GC 715582K(1025664K), 0.0637047 secs]
731047.202: [GC 716372K(1025664K), 0.1596869 secs]
731053.219: [GC 717305K(1025664K), 0.0712247 secs]
731055.712: [GC 717305K(1025664K), 0.1692179 secs]
731061.781: [GC 717305K(1025664K), 0.0751220 secs]
731064.292: [GC 717428K(1025664K), 0.1633372 secs]
731070.421: [GC 718366K(1025664K), 0.0742011 secs]
731072.932: [GC 718533K(1025664K), 0.1651931 secs]
731079.039: [GC 718564K(1025664K), 0.0636781 secs]
731081.532: [GC 719345K(1025664K), 0.1677853 secs]
731087.529: [GC 720124K(1025664K), 0.0753659 secs]
731090.032: [GC 720264K(1025664K), 0.1731731 secs]
731096.112: [GC 720264K(1025664K), 0.0743951 secs]
731098.612: [GC 721076K(1025664K), 0.1730101 secs]
731104.701: [GC 721982K(1025664K), 0.0749258 secs]
731107.212: [GC 721987K(1025664K), 0.1749776 secs]
731113.252: [GC 722133K(1025664K), 0.0748208 secs]
731115.762: [GC 722149K(1025664K), 0.1789130 secs]
731121.799: [GC 723746K(1025664K), 0.0746892 secs]
731124.302: [GC 723775K(1025664K), 0.1776621 secs]
731130.389: [GC 724707K(1025664K), 0.0824301 secs]
731132.892: [GC 724707K(1025664K), 0.1780466 secs]
731138.929: [GC 724707K(1025664K), 0.0846279 secs]
731141.442: [GC 725488K(1025664K), 0.1801218 secs]
731147.529: [GC 726398K(1025664K), 0.0856433 secs]
731150.042: [GC 726544K(1025664K), 0.1852757 secs]
731156.102: [GC 726573K(1025664K), 0.0850549 secs]
731158.612: [GC 726598K(1025664K), 0.1858337 secs]
731164.699: [GC 727385K(1025664K), 0.0853773 secs]
731167.212: [GC 727385K(1025664K), 0.1874953 secs]
731173.270: [GC 727525K(1025664K), 0.0859694 secs]
731175.782: [GC 727692K(1025664K), 0.1874458 secs]
731181.859: [GC 729262K(1025664K), 0.0853572 secs]
731184.382: [GC 729395K(1025664K), 0.1893825 secs]
731190.421: [GC 730323K(1025664K), 0.0853800 secs]
731192.942: [GC 730358K(1025664K), 0.1913112 secs]
731198.999: [GC 730380K(1025664K), 0.0933661 secs]
731201.532: [GC 730389K(1025664K), 0.1924091 secs]
731207.632: [GC 731977K(1025664K), 0.0963197 secs]
731210.152: [GC 731977K(1025664K), 0.1987635 secs]
731216.222: [GC 731987K(1025664K), 0.0968793 secs]
731218.762: [GC 731987K(1025664K), 0.1975322 secs]
731224.869: [GC 732111K(1025664K), 0.0962117 secs]
731227.402: [GC 732895K(1025664K), 0.1988382 secs]
731233.439: [GC 733827K(1025664K), 0.0957851 secs]
731235.962: [GC 733827K(1025664K), 0.2015921 secs]
731242.049: [GC 733858K(1025664K), 0.0962475 secs]
731244.572: [GC 733887K(1025664K), 0.2027759 secs]
731250.692: [GC 734819K(1025664K), 0.0971447 secs]
731253.232: [GC 734819K(1025664K), 0.2052637 secs]
731259.292: [GC 734819K(1025664K), 0.0974388 secs]
731261.832: [GC 734819K(1025664K), 0.2054727 secs]
731267.899: [GC 736660K(1025664K), 0.0962774 secs]
731270.432: [GC 736695K(1025664K), 0.2075628 secs]
731276.489: [GC 736710K(1025664K), 0.0972963 secs]
731277.092: [GC 736710K(1025664K), 0.2126227 secs]
731283.232: [GC 738327K(1025664K), 0.0969021 secs]
731285.762: [GC 738333K(1025664K), 0.2109182 secs]
731291.859: [GC 738469K(1025664K), 0.1071802 secs]
731294.402: [GC 738469K(1025664K), 0.2143651 secs]
731300.479: [GC 739251K(1025664K), 0.1077802 secs]
731303.012: [GC 740053K(1025664K), 0.2203077 secs]
731309.069: [GC 741105K(1025664K), 0.1073919 secs]
731311.612: [GC 741105K(1025664K), 0.2160403 secs]
731317.729: [GC 741140K(1025664K), 0.1081768 secs]
731320.272: [GC 741140K(1025664K), 0.2189524 secs]
731326.372: [GC 741171K(1025664K), 0.1071815 secs]
731328.902: [GC 741309K(1025664K), 0.2200972 secs]
731335.030: [GC 742092K(1025664K), 0.1071811 secs]
731337.572: [GC 742875K(1025664K), 0.2226353 secs]
731343.689: [GC 743669K(1025664K), 0.1148453 secs]
731346.232: [GC 743795K(1025664K), 0.2252919 secs]
731352.339: [GC 743939K(1025664K), 0.1148152 secs]
731354.882: [GC 743947K(1025664K), 0.2341994 secs]
731360.989: [GC 744729K(1025664K), 0.1169092 secs]
731363.542: [GC 745550K(1025664K), 0.2280401 secs]
731369.680: [GC 745726K(1025664K), 0.1159897 secs]
731372.232: [GC 745862K(1025664K), 0.2311773 secs]
731378.339: [GC 747423K(1025664K), 0.1184547 secs]
731380.892: [GC 747423K(1025664K), 0.2313454 secs]
731386.999: [GC 747550K(1025664K), 0.1186280 secs]
731389.552: [GC 747694K(1025664K), 0.2339798 secs]
731395.679: [GC 747709K(1025664K), 0.1185256 secs]
731397.662: [GC 747709K(1025664K), 0.2349013 secs]
731403.769: [GC 749337K(1025664K), 0.1266161 secs]
731406.332: [GC 749352K(1025664K), 0.2366912 secs]
731412.499: [GC 750282K(1025664K), 0.1180529 secs]
731415.042: [GC 750282K(1025664K), 0.2508557 secs]
731421.160: [GC 750291K(1025664K), 0.1256230 secs]
731423.712: [GC 751076K(1025664K), 0.2409228 secs]
731429.850: [GC 751349K(1025664K), 0.1261547 secs]
731432.412: [GC 751349K(1025664K), 0.2417713 secs]
731438.551: [GC 752140K(1025664K), 0.1283980 secs]
731441.112: [GC 752140K(1025664K), 0.2469080 secs]
731447.222: [GC 752943K(1025664K), 0.1288087 secs]
731449.792: [GC 753091K(1025664K), 0.2462644 secs]
731455.910: [GC 753120K(1025664K), 0.1293663 secs]
731458.102: [GC 753120K(1025664K), 0.2532861 secs]
731464.222: [GC 753914K(1025664K), 0.1296280 secs]
731466.782: [GC 753918K(1025664K), 0.2519748 secs]
731472.919: [GC 754966K(1025664K), 0.1298413 secs]
731475.492: [GC 755134K(1025664K), 0.2519818 secs]
731481.668: [GC 755146K(1025664K), 0.1289551 secs]
731484.222: [GC 755977K(1025664K), 0.2583524 secs]
731490.440: [GC 756925K(1025664K), 0.1363991 secs]
731493.002: [GC 756925K(1025664K), 0.2611942 secs]
731499.161: [GC 756925K(1025664K), 0.1380586 secs]
731501.722: [GC 756925K(1025664K), 0.2569011 secs]
731507.839: [GC 757880K(1025664K), 0.1382014 secs]
731510.412: [GC 758788K(1025664K), 0.2601444 secs]
731516.589: [GC 758788K(1025664K), 0.1410707 secs]
731518.512: [GC 758794K(1025664K), 0.2610395 secs]
731524.669: [GC 759606K(1025664K), 0.1398853 secs]
731527.242: [GC 759616K(1025664K), 0.2633657 secs]
731533.382: [GC 759773K(1025664K), 0.1397207 secs]
731535.962: [GC 760558K(1025664K), 0.2710903 secs]
731542.099: [GC 761341K(1025664K), 0.1398225 secs]
731544.662: [GC 761341K(1025664K), 0.2674856 secs]
731550.869: [GC 762408K(1025664K), 0.1408071 secs]
731553.442: [GC 762408K(1025664K), 0.2686182 secs]
731559.589: [GC 762415K(1025664K), 0.1408206 secs]
731562.162: [GC 762415K(1025664K), 0.2702446 secs]
731568.371: [GC 763363K(1025664K), 0.1398864 secs]
731570.952: [GC 764202K(1025664K), 0.2779064 secs]
731577.079: [GC 764231K(1025664K), 0.1509512 secs]
731578.942: [GC 764231K(1025664K), 0.2780986 secs]
731585.099: [GC 765013K(1025664K), 0.1507142 secs]
731587.672: [GC 765159K(1025664K), 0.2756590 secs]
731593.859: [GC 765295K(1025664K), 0.1499197 secs]
731596.442: [GC 766079K(1025664K), 0.2779817 secs]
731602.579: [GC 766869K(1025664K), 0.1520861 secs]
731604.302: [GC 766869K(1025664K), 0.2810406 secs]
731610.449: [GC 767817K(1025664K), 0.1512897 secs]
731613.022: [GC 767852K(1025664K), 0.2885960 secs]
731619.182: [GC 767852K(1025664K), 0.1515433 secs]
731621.762: [GC 767852K(1025664K), 0.2831239 secs]
731627.929: [GC 768805K(1025664K), 0.1512201 secs]
731630.522: [GC 769591K(1025664K), 0.2856787 secs]
731636.659: [GC 769714K(1025664K), 0.1512994 secs]
731639.242: [GC 769714K(1025664K), 0.2901384 secs]
731645.429: [GC 770530K(1025664K), 0.1604814 secs]
731648.012: [GC 770666K(1025664K), 0.2964806 secs]
731654.171: [GC 771482K(1025664K), 0.1624034 secs]
731656.762: [GC 771482K(1025664K), 0.2907312 secs]
731662.919: [GC 771482K(1025664K), 0.1593971 secs]
731664.772: [GC 771482K(1025664K), 0.2921979 secs]
731670.949: [GC 773195K(1025664K), 0.1625017 secs]
731673.542: [GC 773453K(1025664K), 0.2938136 secs]
731679.711: [GC 773462K(1025664K), 0.1624454 secs]
731682.312: [GC 773468K(1025664K), 0.2967405 secs]
731688.522: [GC 774386K(1025664K), 0.1621428 secs]
731691.112: [GC 775186K(1025664K), 0.3083103 secs]
731697.292: [GC 775228K(1025664K), 0.1633169 secs]
731699.882: [GC 775228K(1025664K), 0.3022205 secs]
731706.079: [GC 776805K(1025664K), 0.1731483 secs]
731708.692: [GC 776949K(1025664K), 0.3014674 secs]
731714.869: [GC 777085K(1025664K), 0.1686717 secs]
731717.482: [GC 777085K(1025664K), 0.3041272 secs]
731723.702: [GC 777091K(1025664K), 0.1700887 secs]
731725.262: [GC 777091K(1025664K), 0.3083529 secs]
731731.512: [GC 777233K(1025664K), 0.1702298 secs]
731734.122: [GC 777283K(1025664K), 0.3126490 secs]
731740.302: [GC 778078K(1025664K), 0.1736941 secs]
731742.902: [GC 778858K(1025664K), 0.3138033 secs]
731749.069: [GC 779004K(1025664K), 0.1730056 secs]
731751.672: [GC 779008K(1025664K), 0.3122607 secs]
731757.941: [GC 779933K(1025664K), 0.1739229 secs]
731760.562: [GC 779933K(1025664K), 0.3147523 secs]
731766.799: [GC 780723K(1025664K), 0.1845702 secs]
731769.422: [GC 780868K(1025664K), 0.3150191 secs]
731775.631: [GC 781064K(1025664K), 0.1735946 secs]
731778.242: [GC 781864K(1025664K), 0.3213049 secs]
731784.429: [GC 782688K(1025664K), 0.1740742 secs]
731785.952: [GC 782688K(1025664K), 0.3259870 secs]
731792.171: [GC 784407K(1025664K), 0.1797404 secs]
731794.772: [GC 784407K(1025664K), 0.3267978 secs]
731801.011: [GC 784538K(1025664K), 0.1821447 secs]
731803.622: [GC 784538K(1025664K), 0.3230455 secs]
731809.860: [GC 785461K(1025664K), 0.1825093 secs]
731812.482: [GC 786243K(1025664K), 0.3288817 secs]
731818.721: [GC 787084K(1025664K), 0.1847646 secs]
731821.352: [GC 787084K(1025664K), 0.3328856 secs]
731827.585: [GC 787090K(1025664K), 0.1863741 secs]
731830.202: [GC 787235K(1025664K), 0.3316986 secs]
731836.409: [GC 787239K(1025664K), 0.1839435 secs]
731839.022: [GC 788140K(1025664K), 0.3346564 secs]
731845.231: [GC 788922K(1025664K), 0.1840151 secs]
731846.732: [GC 788922K(1025664K), 0.3314626 secs]
731852.981: [GC 789888K(1025664K), 0.1851297 secs]
731855.602: [GC 789917K(1025664K), 0.3336648 secs]
731861.841: [GC 789922K(1025664K), 0.1904988 secs]
731864.472: [GC 789925K(1025664K), 0.3354225 secs]
731870.709: [GC 790105K(1025664K), 0.1921071 secs]
731872.133: [GC 790105K(1025664K), 0.3503866 secs]
731878.402: [GC 791681K(1025664K), 0.1841930 secs]
731881.012: [GC 791803K(1025664K), 0.3439662 secs]
731887.292: [GC 791812K(1025664K), 0.1947465 secs]
731889.922: [GC 791954K(1025664K), 0.3477122 secs]
731896.221: [GC 792752K(1025664K), 0.1937795 secs]
731898.842: [GC 793558K(1025664K), 0.3459910 secs]
731905.069: [GC 793592K(1025664K), 0.1958599 secs]
731907.692: [GC 793732K(1025664K), 0.3449494 secs]
731913.919: [GC 794530K(1025664K), 0.2052960 secs]
731916.562: [GC 794539K(1025664K), 0.3461091 secs]
731922.819: [GC 795441K(1025664K), 0.2073622 secs]
731925.462: [GC 795441K(1025664K), 0.3479662 secs]
731931.709: [GC 795583K(1025664K), 0.1950394 secs]
731934.342: [GC 796374K(1025664K), 0.3576126 secs]
731940.571: [GC 797193K(1025664K), 0.2011116 secs]
731943.202: [GC 797227K(1025664K), 0.3599205 secs]
731949.440: [GC 797367K(1025664K), 0.2028835 secs]
731952.072: [GC 797371K(1025664K), 0.3581356 secs]
731958.312: [GC 798157K(1025664K), 0.2039269 secs]
731960.942: [GC 798157K(1025664K), 0.3607093 secs]
731967.181: [GC 798279K(1025664K), 0.2033600 secs]
731969.812: [GC 798416K(1025664K), 0.3596121 secs]
731976.020: [GC 799387K(1025664K), 0.2109289 secs]
731978.652: [GC 800198K(1025664K), 0.3597672 secs]
731984.889: [GC 801009K(1025664K), 0.2059707 secs]
731987.532: [GC 801009K(1025664K), 0.3611254 secs]
731993.809: [GC 801020K(1025664K), 0.2064692 secs]
731996.462: [GC 801020K(1025664K), 0.3689299 secs]
732002.689: [GC 801813K(1025664K), 0.2064814 secs]
732005.332: [GC 801936K(1025664K), 0.3688995 secs]
732011.580: [GC 802075K(1025664K), 0.2130404 secs]
732014.232: [GC 802872K(1025664K), 0.3697022 secs]
732020.482: [GC 803663K(1025664K), 0.2148002 secs]
732023.122: [GC 803684K(1025664K), 0.3760364 secs]
732029.392: [GC 804633K(1025664K), 0.2175114 secs]
732032.032: [GC 804640K(1025664K), 0.3802754 secs]
732038.289: [GC 805449K(1025664K), 0.2167997 secs]
732040.932: [GC 805449K(1025664K), 0.3786470 secs]
732047.239: [GC 806352K(1025664K), 0.2170755 secs]
732049.882: [GC 806492K(1025664K), 0.3834785 secs]
732056.192: [GC 806498K(1025664K), 0.2159907 secs]
732058.092: [GC 806498K(1025664K), 0.3824968 secs]
732064.359: [GC 806561K(1025664K), 0.2244880 secs]
732067.012: [GC 806567K(1025664K), 0.3841686 secs]
732073.249: [GC 807491K(1025664K), 0.2229493 secs]
732075.902: [GC 808458K(1025664K), 0.3876722 secs]
732082.150: [GC 808458K(1025664K), 0.2226611 secs]
732084.802: [GC 808458K(1025664K), 0.3858969 secs]
732091.051: [GC 809508K(1025664K), 0.2257920 secs]
732093.712: [GC 810290K(1025664K), 0.3848589 secs]
732099.950: [GC 810296K(1025664K), 0.2267368 secs]
732102.612: [GC 810300K(1025664K), 0.3863448 secs]
732108.890: [GC 811243K(1025664K), 0.2279516 secs]
732111.552: [GC 811247K(1025664K), 0.4099673 secs]
732117.859: [GC 812853K(1025664K), 0.2272261 secs]
732118.632: [GC 812853K(1025664K), 0.3893462 secs]
732124.989: [GC 813656K(1025664K), 0.2261625 secs]
732127.642: [GC 813656K(1025664K), 0.3920489 secs]
732133.969: [GC 813922K(1025664K), 0.2270076 secs]
732136.622: [GC 814704K(1025664K), 0.3940450 secs]
732142.901: [GC 815521K(1025664K), 0.2268987 secs]
732145.562: [GC 815575K(1025664K), 0.4046029 secs]
732151.830: [GC 815721K(1025664K), 0.2280567 secs]
732154.492: [GC 815721K(1025664K), 0.3982929 secs]
732160.769: [GC 815727K(1025664K), 0.2336197 secs]
732163.432: [GC 815727K(1025664K), 0.3992230 secs]
732169.730: [GC 817460K(1025664K), 0.2282922 secs]
732172.392: [GC 817583K(1025664K), 0.4016172 secs]
732178.700: [GC 818371K(1025664K), 0.2347453 secs]
732181.382: [GC 819171K(1025664K), 0.4045364 secs]
732187.721: [GC 819361K(1025664K), 0.2379671 secs]
732190.392: [GC 819366K(1025664K), 0.4056876 secs]
732196.690: [GC 820150K(1025664K), 0.2494023 secs]
732199.372: [GC 820155K(1025664K), 0.4075316 secs]
732205.659: [GC 820959K(1025664K), 0.2389182 secs]
732208.342: [GC 820959K(1025664K), 0.4092144 secs]
732214.620: [GC 821082K(1025664K), 0.2397477 secs]
732217.292: [GC 821865K(1025664K), 0.4122148 secs]
732223.572: [GC 822662K(1025664K), 0.2396880 secs]
732226.252: [GC 822684K(1025664K), 0.4146265 secs]
732232.549: [GC 822833K(1025664K), 0.2386057 secs]
732234.942: [GC 822862K(1025664K), 0.4230380 secs]
732241.270: [GC 822867K(1025664K), 0.2462222 secs]
732243.942: [GC 822867K(1025664K), 0.4235136 secs]
732250.252: [GC 823804K(1025664K), 0.2583249 secs]
732252.932: [GC 823804K(1025664K), 0.4302519 secs]
732259.212: [GC 824708K(1025664K), 0.2476966 secs]
732261.902: [GC 825487K(1025664K), 0.4309168 secs]
732268.209: [GC 826452K(1025664K), 0.2494768 secs]
732270.882: [GC 826452K(1025664K), 0.4267701 secs]
732277.222: [GC 827426K(1025664K), 0.2495692 secs]
732279.902: [GC 827426K(1025664K), 0.4313526 secs]
732286.192: [GC 827430K(1025664K), 0.2497885 secs]
732288.862: [GC 827566K(1025664K), 0.4318494 secs]
732295.200: [GC 828357K(1025664K), 0.2498713 secs]
732297.872: [GC 828480K(1025664K), 0.4372927 secs]
732304.172: [GC 828508K(1025664K), 0.2496827 secs]
732306.852: [GC 829293K(1025664K), 0.4539317 secs]
732313.160: [GC 830246K(1025664K), 0.2558427 secs]
732315.852: [GC 830252K(1025664K), 0.4383003 secs]
732322.172: [GC 830261K(1025664K), 0.2554925 secs]
732324.852: [GC 830265K(1025664K), 0.4373884 secs]
732331.212: [GC 831183K(1025664K), 0.2613093 secs]
732333.902: [GC 831183K(1025664K), 0.4469972 secs]
732340.202: [GC 832088K(1025664K), 0.2600028 secs]
732342.882: [GC 832088K(1025664K), 0.4461027 secs]
732349.202: [GC 832238K(1025664K), 0.2623386 secs]
732351.902: [GC 833040K(1025664K), 0.4609539 secs]
732358.309: [GC 833870K(1025664K), 0.2606174 secs]
732360.992: [GC 834669K(1025664K), 0.4541198 secs]
732367.294: [GC 834674K(1025664K), 0.2607111 secs]
732369.992: [GC 834810K(1025664K), 0.4479203 secs]
732376.312: [GC 835762K(1025664K), 0.2655677 secs]
732379.002: [GC 835762K(1025664K), 0.4511276 secs]
732385.312: [GC 836688K(1025664K), 0.2656704 secs]
732388.002: [GC 836834K(1025664K), 0.4528299 secs]
732394.300: [GC 837676K(1025664K), 0.2665315 secs]
732397.002: [GC 838476K(1025664K), 0.4549225 secs]
732403.322: [GC 838476K(1025664K), 0.2680411 secs]
732406.012: [GC 838476K(1025664K), 0.4587708 secs]
732412.354: [GC 838626K(1025664K), 0.2690820 secs]
732415.062: [GC 838626K(1025664K), 0.4600308 secs]
732421.402: [GC 839411K(1025664K), 0.2716464 secs]
732424.102: [GC 839535K(1025664K), 0.4716474 secs]
732430.440: [GC 840472K(1025664K), 0.2725729 secs]
732433.142: [GC 840485K(1025664K), 0.4640164 secs]
732439.489: [GC 840497K(1025664K), 0.2731734 secs]
732442.192: [GC 841276K(1025664K), 0.4668847 secs]
732448.590: [GC 842240K(1025664K), 0.2723888 secs]
732451.292: [GC 843022K(1025664K), 0.4627853 secs]
732457.629: [GC 843022K(1025664K), 0.2706324 secs]
732460.332: [GC 843022K(1025664K), 0.4653404 secs]
732466.711: [GC 843153K(1025664K), 0.2802428 secs]
732469.432: [GC 843297K(1025664K), 0.4655471 secs]
732475.779: [GC 843381K(1025664K), 0.2790331 secs]
732478.502: [GC 844189K(1025664K), 0.4688700 secs]
732484.839: [GC 844972K(1025664K), 0.2785846 secs]
732487.562: [GC 844972K(1025664K), 0.4694143 secs]
732493.899: [GC 845122K(1025664K), 0.2809642 secs]
732496.612: [GC 845915K(1025664K), 0.4715170 secs]
732502.961: [GC 846695K(1025664K), 0.2809326 secs]
732505.682: [GC 846695K(1025664K), 0.4784228 secs]
732512.099: [GC 848523K(1025664K), 0.2821872 secs]
732514.812: [GC 848563K(1025664K), 0.4784333 secs]
732521.182: [GC 848590K(1025664K), 0.2873374 secs]
732523.892: [GC 848601K(1025664K), 0.4874500 secs]
732530.270: [GC 849521K(1025664K), 0.2921139 secs]
732532.992: [GC 850307K(1025664K), 0.4931004 secs]
732539.321: [GC 850309K(1025664K), 0.2910939 secs]
732542.042: [GC 850309K(1025664K), 0.4879043 secs]
732548.423: [GC 851233K(1025664K), 0.2904429 secs]
732551.142: [GC 851233K(1025664K), 0.4996450 secs]
732557.530: [GC 852179K(1025664K), 0.2923254 secs]
732560.252: [GC 852179K(1025664K), 0.4895543 secs]
732566.649: [GC 852219K(1025664K), 0.2948784 secs]
732569.382: [GC 852357K(1025664K), 0.4872261 secs]
732575.770: [GC 852498K(1025664K), 0.2907192 secs]
732578.492: [GC 853279K(1025664K), 0.4888312 secs]
732584.879: [GC 854070K(1025664K), 0.2931047 secs]
732587.602: [GC 854070K(1025664K), 0.4958808 secs]
732594.009: [GC 854200K(1025664K), 0.2983160 secs]
732596.732: [GC 854213K(1025664K), 0.4976332 secs]
732603.120: [GC 855833K(1025664K), 0.3013217 secs]
732605.842: [GC 855839K(1025664K), 0.5047506 secs]
732612.242: [GC 855988K(1025664K), 0.2990868 secs]
732614.962: [GC 855988K(1025664K), 0.5016940 secs]
732621.372: [GC 856786K(1025664K), 0.3157778 secs]
732624.112: [GC 857565K(1025664K), 0.5002392 secs]
732630.499: [GC 858487K(1025664K), 0.3198580 secs]
732633.252: [GC 859301K(1025664K), 0.5028415 secs]
732639.699: [GC 859449K(1025664K), 0.3022096 secs]
732642.442: [GC 859455K(1025664K), 0.5027691 secs]
732648.871: [GC 860383K(1025664K), 0.3053139 secs]
732651.612: [GC 860383K(1025664K), 0.5103027 secs]
732658.029: [GC 861171K(1025664K), 0.3051425 secs]
732660.762: [GC 861171K(1025664K), 0.5135926 secs]
732667.172: [GC 861180K(1025664K), 0.3042887 secs]
732669.922: [GC 862098K(1025664K), 0.5126972 secs]
732676.350: [GC 863075K(1025664K), 0.3115885 secs]
732679.082: [GC 863081K(1025664K), 0.5212223 secs]
732685.513: [GC 863249K(1025664K), 0.3107622 secs]
732688.072: [GC 863388K(1025664K), 0.5177560 secs]
732694.491: [GC 863403K(1025664K), 0.3271239 secs]
732697.252: [GC 863403K(1025664K), 0.5142229 secs]
732703.623: [GC 864306K->722381K(1025664K), 0.1208951 secs]
732703.901: [GC 723325K(1025664K), 0.0176218 secs]
732706.362: [GC 725720K(1025664K), 0.0780092 secs]
732712.411: [GC 725862K(1025664K), 0.0176487 secs]
732714.902: [GC 725537K(1025664K), 0.0794917 secs]
732720.970: [GC 725548K(1025664K), 0.0179217 secs]
732723.462: [GC 725547K(1025664K), 0.0810654 secs]
732729.530: [GC 726471K(1025664K), 0.0191484 secs]
732732.002: [GC 726471K(1025664K), 0.0829417 secs]
732738.059: [GC 726471K(1025664K), 0.0190628 secs]
732740.542: [GC 726471K(1025664K), 0.0850598 secs]
732746.560: [GC 727466K(1025664K), 0.0191686 secs]
732748.862: [GC 727606K(1025664K), 0.0863263 secs]
732754.890: [GC 729178K(1025664K), 0.0193115 secs]
732757.372: [GC 729178K(1025664K), 0.0892249 secs]
732763.399: [GC 729178K(1025664K), 0.0190754 secs]
732765.872: [GC 729178K(1025664K), 0.0907566 secs]
732771.923: [GC 730099K(1025664K), 0.0191501 secs]
732774.412: [GC 730099K(1025664K), 0.0928006 secs]
732780.380: [GC 730892K(1025664K), 0.0192273 secs]
732782.862: [GC 731043K(1025664K), 0.0942515 secs]
732788.899: [GC 732024K(1025664K), 0.0191416 secs]
732791.382: [GC 732820K(1025664K), 0.0963758 secs]
732797.440: [GC 732820K(1025664K), 0.0190717 secs]
732799.912: [GC 732820K(1025664K), 0.0980492 secs]
732805.989: [GC 733610K(1025664K), 0.0305269 secs]
732808.482: [GC 733746K(1025664K), 0.0992439 secs]
732814.572: [GC 733747K(1025664K), 0.0301852 secs]
732817.052: [GC 733747K(1025664K), 0.1026241 secs]
732823.119: [GC 734678K(1025664K), 0.0300749 secs]
732825.602: [GC 734702K(1025664K), 0.1038111 secs]
732831.651: [GC 734866K(1025664K), 0.0300937 secs]
732834.152: [GC 734866K(1025664K), 0.1071509 secs]
732840.151: [GC 735682K(1025664K), 0.0296650 secs]
732842.642: [GC 735682K(1025664K), 0.1069761 secs]
732848.741: [GC 736606K(1025664K), 0.0302108 secs]
732851.222: [GC 737388K(1025664K), 0.1116246 secs]
732857.289: [GC 737388K(1025664K), 0.0297166 secs]
732859.772: [GC 737388K(1025664K), 0.1115239 secs]
732865.811: [GC 737551K(1025664K), 0.0413389 secs]
732868.312: [GC 737731K(1025664K), 0.1124249 secs]
732874.420: [GC 737873K(1025664K), 0.0407597 secs]
732876.912: [GC 738671K(1025664K), 0.1146452 secs]
732882.931: [GC 739456K(1025664K), 0.0409945 secs]
732885.442: [GC 739456K(1025664K), 0.1169215 secs]
732891.520: [GC 739592K(1025664K), 0.0411569 secs]
732894.022: [GC 739592K(1025664K), 0.1181154 secs]
732900.089: [GC 741960K(1025664K), 0.0409136 secs]
732902.602: [GC 742083K(1025664K), 0.1200849 secs]
732908.670: [GC 742287K(1025664K), 0.0521891 secs]
732911.182: [GC 742291K(1025664K), 0.1246970 secs]
732917.329: [GC 742297K(1025664K), 0.0411170 secs]
732919.832: [GC 743086K(1025664K), 0.1238265 secs]
732925.913: [GC 743883K(1025664K), 0.0535158 secs]
732928.422: [GC 744019K(1025664K), 0.1255774 secs]
732934.420: [GC 744021K(1025664K), 0.0412818 secs]
732936.932: [GC 744798K(1025664K), 0.1272174 secs]
732942.999: [GC 745716K(1025664K), 0.0410311 secs]
732945.512: [GC 745736K(1025664K), 0.1294896 secs]
732951.682: [GC 745901K(1025664K), 0.0510969 secs]
732954.202: [GC 745910K(1025664K), 0.1345520 secs]
732960.262: [GC 746716K(1025664K), 0.0516947 secs]
732962.782: [GC 746716K(1025664K), 0.1324143 secs]
732968.891: [GC 746854K(1025664K), 0.0520028 secs]
732971.412: [GC 747638K(1025664K), 0.1348677 secs]
732977.499: [GC 748597K(1025664K), 0.0523867 secs]
732980.002: [GC 748599K(1025664K), 0.1373957 secs]
732986.102: [GC 748741K(1025664K), 0.0523961 secs]
732988.602: [GC 748881K(1025664K), 0.1381342 secs]
732994.649: [GC 749717K(1025664K), 0.0524848 secs]
732997.152: [GC 750514K(1025664K), 0.1469779 secs]
733003.252: [GC 750514K(1025664K), 0.0518704 secs]
733005.772: [GC 750514K(1025664K), 0.1428345 secs]
733011.901: [GC 751462K(1025664K), 0.0521056 secs]
733014.432: [GC 751471K(1025664K), 0.1438293 secs]
733020.559: [GC 752267K(1025664K), 0.0627831 secs]
733023.082: [GC 752418K(1025664K), 0.1510701 secs]
733029.202: [GC 752578K(1025664K), 0.0628844 secs]
733031.722: [GC 753376K(1025664K), 0.1479990 secs]
733037.901: [GC 754182K(1025664K), 0.0634975 secs]
733040.432: [GC 754184K(1025664K), 0.1504506 secs]
733046.513: [GC 754195K(1025664K), 0.0629941 secs]
733049.032: [GC 754331K(1025664K), 0.1547259 secs]
733055.099: [GC 755908K(1025664K), 0.0635205 secs]
733057.612: [GC 755908K(1025664K), 0.1538170 secs]
733063.699: [GC 756030K(1025664K), 0.0635170 secs]
733066.212: [GC 756050K(1025664K), 0.1637883 secs]
733072.319: [GC 756994K(1025664K), 0.0634378 secs]
733074.832: [GC 757006K(1025664K), 0.1648118 secs]
733081.023: [GC 758605K(1025664K), 0.0748411 secs]
733083.572: [GC 758605K(1025664K), 0.1600962 secs]
733089.679: [GC 758743K(1025664K), 0.0635848 secs]
733092.192: [GC 759544K(1025664K), 0.1640619 secs]
733098.322: [GC 760321K(1025664K), 0.0736848 secs]
733100.852: [GC 760445K(1025664K), 0.1634071 secs]
733107.000: [GC 760468K(1025664K), 0.0748821 secs]
733109.542: [GC 760608K(1025664K), 0.1645446 secs]
733115.709: [GC 761440K(1025664K), 0.0743232 secs]
733118.242: [GC 761451K(1025664K), 0.1688677 secs]
733124.381: [GC 762232K(1025664K), 0.0738118 secs]
733126.912: [GC 762232K(1025664K), 0.1687636 secs]
733133.019: [GC 762376K(1025664K), 0.0739520 secs]
733135.292: [GC 762376K(1025664K), 0.1696972 secs]
733141.449: [GC 763286K(1025664K), 0.0746509 secs]
733143.972: [GC 763286K(1025664K), 0.1728381 secs]
733150.069: [GC 764249K(1025664K), 0.0747418 secs]
733152.592: [GC 765034K(1025664K), 0.1742934 secs]
733158.779: [GC 765057K(1025664K), 0.0853679 secs]
733161.322: [GC 765057K(1025664K), 0.1761529 secs]
733167.402: [GC 765890K(1025664K), 0.0843331 secs]
733169.942: [GC 766027K(1025664K), 0.1773092 secs]
733176.049: [GC 766951K(1025664K), 0.0846746 secs]
733178.592: [GC 766951K(1025664K), 0.1800306 secs]
733184.770: [GC 767849K(1025664K), 0.0862758 secs]
733187.322: [GC 767869K(1025664K), 0.1826617 secs]
733193.470: [GC 768014K(1025664K), 0.0854424 secs]
733195.652: [GC 768053K(1025664K), 0.1934054 secs]
733201.830: [GC 768069K(1025664K), 0.0855185 secs]
733204.372: [GC 768069K(1025664K), 0.1893362 secs]
733210.489: [GC 768994K(1025664K), 0.0856395 secs]
733213.022: [GC 768994K(1025664K), 0.1918532 secs]
733219.172: [GC 768996K(1025664K), 0.0850528 secs]
733221.722: [GC 769923K(1025664K), 0.1895612 secs]
733227.940: [GC 770866K(1025664K), 0.0937824 secs]
733230.492: [GC 770866K(1025664K), 0.1909346 secs]
733236.679: [GC 770911K(1025664K), 0.0943464 secs]
733239.232: [GC 770917K(1025664K), 0.1934834 secs]
733245.389: [GC 771717K(1025664K), 0.0942214 secs]
733247.932: [GC 772634K(1025664K), 0.1961954 secs]
733254.119: [GC 772645K(1025664K), 0.0957472 secs]
733256.012: [GC 772645K(1025664K), 0.1994046 secs]
733262.192: [GC 774332K(1025664K), 0.0964862 secs]
733264.742: [GC 774332K(1025664K), 0.1979605 secs]
733270.909: [GC 774492K(1025664K), 0.0958427 secs]
733273.462: [GC 774492K(1025664K), 0.1998244 secs]
733279.609: [GC 775459K(1025664K), 0.0959309 secs]
733282.162: [GC 776258K(1025664K), 0.2035167 secs]
733288.299: [GC 777218K(1025664K), 0.0960321 secs]
733289.632: [GC 777218K(1025664K), 0.2035769 secs]
733295.799: [GC 777218K(1025664K), 0.1054440 secs]
733298.372: [GC 777218K(1025664K), 0.2054681 secs]
733304.510: [GC 778135K(1025664K), 0.1071892 secs]
733307.072: [GC 778931K(1025664K), 0.2170919 secs]
733313.231: [GC 778986K(1025664K), 0.1067268 secs]
733315.802: [GC 778986K(1025664K), 0.2154769 secs]
733321.979: [GC 779946K(1025664K), 0.1063811 secs]
733324.552: [GC 779975K(1025664K), 0.2106452 secs]
733330.721: [GC 780763K(1025664K), 0.1069468 secs]
733333.292: [GC 780763K(1025664K), 0.2135683 secs]
733339.459: [GC 780908K(1025664K), 0.1076323 secs]
733342.022: [GC 781691K(1025664K), 0.2206399 secs]
733348.150: [GC 781813K(1025664K), 0.1068761 secs]
733350.712: [GC 781833K(1025664K), 0.2164494 secs]
733356.889: [GC 782639K(1025664K), 0.1069653 secs]
733359.452: [GC 782791K(1025664K), 0.2181946 secs]
733365.620: [GC 782802K(1025664K), 0.1069087 secs]
733368.182: [GC 783604K(1025664K), 0.2296167 secs]
733374.331: [GC 784387K(1025664K), 0.1079017 secs]
733376.542: [GC 784387K(1025664K), 0.2212660 secs]
733382.669: [GC 785441K(1025664K), 0.1161706 secs]
733385.242: [GC 785441K(1025664K), 0.2236787 secs]
733391.349: [GC 786240K(1025664K), 0.1171151 secs]
733393.922: [GC 786240K(1025664K), 0.2254625 secs]
733400.049: [GC 786392K(1025664K), 0.1175475 secs]
733402.622: [GC 787205K(1025664K), 0.2280646 secs]
733408.859: [GC 787237K(1025664K), 0.1188784 secs]
733411.432: [GC 787237K(1025664K), 0.2302151 secs]
733417.570: [GC 788020K(1025664K), 0.1190920 secs]
733420.152: [GC 788156K(1025664K), 0.2311751 secs]
733426.271: [GC 789067K(1025664K), 0.1186233 secs]
733428.852: [GC 789076K(1025664K), 0.2330974 secs]
733435.019: [GC 789096K(1025664K), 0.1184644 secs]
733436.972: [GC 789096K(1025664K), 0.2344951 secs]
733443.119: [GC 790056K(1025664K), 0.1182786 secs]
733445.692: [GC 790062K(1025664K), 0.2364510 secs]
733451.839: [GC 790868K(1025664K), 0.1197862 secs]
733454.412: [GC 790868K(1025664K), 0.2395231 secs]
733460.569: [GC 791012K(1025664K), 0.1181735 secs]
733463.142: [GC 791789K(1025664K), 0.2407763 secs]
733469.279: [GC 792699K(1025664K), 0.1276061 secs]
733471.862: [GC 792846K(1025664K), 0.2421645 secs]
733478.020: [GC 793781K(1025664K), 0.1294073 secs]
733480.602: [GC 793785K(1025664K), 0.2441008 secs]
733486.729: [GC 793812K(1025664K), 0.1306084 secs]
733489.312: [GC 793817K(1025664K), 0.2463699 secs]
733495.470: [GC 794635K(1025664K), 0.1288019 secs]
733498.052: [GC 794773K(1025664K), 0.2486978 secs]
733504.209: [GC 795576K(1025664K), 0.1291257 secs]
733506.802: [GC 795699K(1025664K), 0.2528029 secs]
733512.980: [GC 796491K(1025664K), 0.1303299 secs]
733515.572: [GC 796506K(1025664K), 0.2517363 secs]
733521.710: [GC 797446K(1025664K), 0.1299662 secs]
733524.292: [GC 797452K(1025664K), 0.2540482 secs]
733530.429: [GC 797494K(1025664K), 0.1289856 secs]
733533.012: [GC 798280K(1025664K), 0.2557834 secs]
733539.171: [GC 799195K(1025664K), 0.1367966 secs]
733541.762: [GC 799195K(1025664K), 0.2572427 secs]
733547.908: [GC 799328K(1025664K), 0.1403555 secs]
733550.512: [GC 799328K(1025664K), 0.2593543 secs]
733556.670: [GC 800132K(1025664K), 0.1375991 secs]
733557.622: [GC 800132K(1025664K), 0.2605916 secs]
733563.780: [GC 800968K(1025664K), 0.1477632 secs]
733566.392: [GC 800974K(1025664K), 0.2633815 secs]
733572.551: [GC 801136K(1025664K), 0.1403829 secs]
733575.162: [GC 802104K(1025664K), 0.2650670 secs]
733581.340: [GC 802900K(1025664K), 0.1399043 secs]
733583.942: [GC 802900K(1025664K), 0.2664728 secs]
733590.179: [GC 803158K(1025664K), 0.1498722 secs]
733592.782: [GC 803163K(1025664K), 0.2681619 secs]
733598.960: [GC 804741K(1025664K), 0.1480475 secs]
733601.572: [GC 804741K(1025664K), 0.2698601 secs]
733607.731: [GC 804900K(1025664K), 0.1496610 secs]
733610.332: [GC 804936K(1025664K), 0.2728181 secs]
733616.521: [GC 804969K(1025664K), 0.1510390 secs]
733619.122: [GC 805757K(1025664K), 0.2744582 secs]
733625.289: [GC 805757K(1025664K), 0.1510174 secs]
733627.902: [GC 806017K(1025664K), 0.2755389 secs]
733634.100: [GC 806818K(1025664K), 0.1514738 secs]
733636.712: [GC 806833K(1025664K), 0.2781429 secs]
733642.879: [GC 807622K(1025664K), 0.1518684 secs]
733645.482: [GC 807626K(1025664K), 0.2806182 secs]
733651.669: [GC 808572K(1025664K), 0.1521660 secs]
733654.272: [GC 809400K(1025664K), 0.2823918 secs]
733660.439: [GC 809410K(1025664K), 0.1527963 secs]
733663.042: [GC 809412K(1025664K), 0.2828173 secs]
733669.279: [GC 810459K(1025664K), 0.1508657 secs]
733671.892: [GC 810459K(1025664K), 0.2916879 secs]
733678.121: [GC 811247K(1025664K), 0.1510729 secs]
733680.732: [GC 811256K(1025664K), 0.2966968 secs]
733686.931: [GC 811288K(1025664K), 0.1724773 secs]
733689.552: [GC 812217K(1025664K), 0.2897941 secs]
733695.759: [GC 813004K(1025664K), 0.1592873 secs]
733698.372: [GC 813008K(1025664K), 0.2915570 secs]
733704.561: [GC 813008K(1025664K), 0.1629657 secs]
733707.182: [GC 813008K(1025664K), 0.2931809 secs]
733713.363: [GC 814072K(1025664K), 0.1617033 secs]
733715.992: [GC 814076K(1025664K), 0.2947324 secs]
733722.179: [GC 814103K(1025664K), 0.1702674 secs]
733724.802: [GC 814891K(1025664K), 0.2970322 secs]
733731.030: [GC 815844K(1025664K), 0.1619389 secs]
733733.652: [GC 815856K(1025664K), 0.2985102 secs]
733739.871: [GC 815889K(1025664K), 0.1731386 secs]
733742.512: [GC 815889K(1025664K), 0.3004719 secs]
733748.710: [GC 816813K(1025664K), 0.1727178 secs]
733751.352: [GC 817744K(1025664K), 0.3035025 secs]
733757.560: [GC 817749K(1025664K), 0.1697384 secs]
733760.182: [GC 817755K(1025664K), 0.3049798 secs]
733766.391: [GC 818552K(1025664K), 0.1737959 secs]
733769.012: [GC 818698K(1025664K), 0.3059749 secs]
733775.250: [GC 820449K(1025664K), 0.1726108 secs]
733777.872: [GC 820449K(1025664K), 0.3081070 secs]
733784.069: [GC 820456K(1025664K), 0.1718811 secs]
733786.702: [GC 820456K(1025664K), 0.3104278 secs]
733792.920: [GC 820714K(1025664K), 0.1724901 secs]
733795.552: [GC 822280K(1025664K), 0.3187363 secs]
733801.869: [GC 822291K(1025664K), 0.1734010 secs]
733804.492: [GC 823096K(1025664K), 0.3145907 secs]
733810.720: [GC 824038K(1025664K), 0.1842019 secs]
733813.352: [GC 824050K(1025664K), 0.3157413 secs]
733819.579: [GC 824061K(1025664K), 0.1823044 secs]
733822.212: [GC 824061K(1025664K), 0.3180563 secs]
733828.421: [GC 824225K(1025664K), 0.1738269 secs]
733829.482: [GC 824225K(1025664K), 0.3192565 secs]
733835.721: [GC 825941K(1025664K), 0.1844499 secs]
733838.372: [GC 825943K(1025664K), 0.3219372 secs]
733844.589: [GC 826730K(1025664K), 0.1815362 secs]
733847.222: [GC 826739K(1025664K), 0.3241230 secs]
733853.461: [GC 826895K(1025664K), 0.1842492 secs]
733856.112: [GC 827725K(1025664K), 0.3263829 secs]
733862.329: [GC 827725K(1025664K), 0.1830988 secs]
733864.972: [GC 827739K(1025664K), 0.3278594 secs]
733871.181: [GC 828663K(1025664K), 0.1857818 secs]
733873.812: [GC 828663K(1025664K), 0.3294215 secs]
733880.060: [GC 829740K(1025664K), 0.1834435 secs]
733882.702: [GC 829746K(1025664K), 0.3312614 secs]
733888.929: [GC 829897K(1025664K), 0.1843795 secs]
733889.662: [GC 829897K(1025664K), 0.3326648 secs]
733895.882: [GC 830718K(1025664K), 0.1841535 secs]
733898.522: [GC 830728K(1025664K), 0.3346558 secs]
733904.739: [GC 831537K(1025664K), 0.1912632 secs]
733907.382: [GC 831537K(1025664K), 0.3375837 secs]
733913.600: [GC 831567K(1025664K), 0.1921427 secs]
733916.252: [GC 832466K(1025664K), 0.3395087 secs]
733922.559: [GC 833397K(1025664K), 0.1910189 secs]
733925.202: [GC 833412K(1025664K), 0.3412376 secs]
733931.439: [GC 834211K(1025664K), 0.1959180 secs]
733934.082: [GC 834214K(1025664K), 0.3422372 secs]
733940.360: [GC 835160K(1025664K), 0.1958121 secs]
733943.012: [GC 835160K(1025664K), 0.3442448 secs]
733949.260: [GC 835194K(1025664K), 0.1962810 secs]
733950.172: [GC 835194K(1025664K), 0.3456098 secs]
733956.411: [GC 835980K(1025664K), 0.1959772 secs]
733959.072: [GC 836238K(1025664K), 0.3475619 secs]
733965.310: [GC 836249K(1025664K), 0.2032035 secs]
733967.962: [GC 836258K(1025664K), 0.3497612 secs]
733974.252: [GC 837051K(1025664K), 0.2053928 secs]
733975.622: [GC 837051K(1025664K), 0.3512834 secs]
733981.911: [GC 838798K(1025664K), 0.2060742 secs]
733984.572: [GC 838831K(1025664K), 0.3538254 secs]
733990.839: [GC 838833K(1025664K), 0.2035442 secs]
733993.492: [GC 838833K(1025664K), 0.3568802 secs]
733999.739: [GC 839873K(1025664K), 0.2067450 secs]
734002.402: [GC 840669K(1025664K), 0.3586854 secs]
734008.660: [GC 840689K(1025664K), 0.2078502 secs]
734011.322: [GC 841474K(1025664K), 0.3603026 secs]
734017.569: [GC 842322K(1025664K), 0.2053499 secs]
734020.222: [GC 842473K(1025664K), 0.3609362 secs]
734026.469: [GC 842473K(1025664K), 0.2177510 secs]
734029.142: [GC 842478K(1025664K), 0.3637384 secs]
734035.419: [GC 843254K(1025664K), 0.2071174 secs]
734036.192: [GC 843254K(1025664K), 0.3727594 secs]
734042.469: [GC 844305K(1025664K), 0.2073737 secs]
734045.132: [GC 844305K(1025664K), 0.3664971 secs]
734051.410: [GC 845118K(1025664K), 0.2140384 secs]
734054.072: [GC 845118K(1025664K), 0.3689589 secs]
734060.339: [GC 845274K(1025664K), 0.2172868 secs]
734063.022: [GC 846063K(1025664K), 0.3706072 secs]
734069.289: [GC 846098K(1025664K), 0.2165160 secs]
734071.962: [GC 847047K(1025664K), 0.3726099 secs]
734078.240: [GC 847973K(1025664K), 0.2162811 secs]
734080.922: [GC 847973K(1025664K), 0.3740715 secs]
734087.190: [GC 848095K(1025664K), 0.2178404 secs]
734089.872: [GC 848109K(1025664K), 0.3767799 secs]
734096.159: [GC 848896K(1025664K), 0.2162008 secs]
734098.842: [GC 849822K(1025664K), 0.3788874 secs]
734105.100: [GC 849869K(1025664K), 0.2165842 secs]
734107.772: [GC 849869K(1025664K), 0.3806490 secs]
734114.041: [GC 850671K(1025664K), 0.2253408 secs]
734116.722: [GC 850671K(1025664K), 0.3813988 secs]
734122.999: [GC 851595K(1025664K), 0.2244938 secs]
734125.682: [GC 851717K(1025664K), 0.3881958 secs]
734131.969: [GC 851742K(1025664K), 0.2264939 secs]
734134.642: [GC 852536K(1025664K), 0.3867501 secs]
734140.929: [GC 853467K(1025664K), 0.2242120 secs]
734143.602: [GC 853473K(1025664K), 0.3882416 secs]
734149.879: [GC 853483K(1025664K), 0.2277741 secs]
734152.562: [GC 854271K(1025664K), 0.3935687 secs]
734158.950: [GC 855238K(1025664K), 0.2387875 secs]
734161.652: [GC 855238K(1025664K), 0.3948341 secs]
734167.938: [GC 855362K(1025664K), 0.2287866 secs]
734170.622: [GC 855362K(1025664K), 0.3938339 secs]
734176.931: [GC 856327K(1025664K), 0.2279446 secs]
734179.612: [GC 857251K(1025664K), 0.3958341 secs]
734185.880: [GC 857304K(1025664K), 0.2289107 secs]
734187.382: [GC 857304K(1025664K), 0.3989684 secs]
734193.679: [GC 857304K(1025664K), 0.2366603 secs]
734196.372: [GC 857310K(1025664K), 0.4051537 secs]
734202.649: [GC 858236K(1025664K), 0.2364036 secs]
734205.342: [GC 859012K(1025664K), 0.4016383 secs]
734211.660: [GC 859165K(1025664K), 0.2347246 secs]
734212.902: [GC 859174K(1025664K), 0.4022718 secs]
734219.330: [GC 859334K(1025664K), 0.2394548 secs]
734222.022: [GC 859337K(1025664K), 0.4042680 secs]
734228.321: [GC 860161K(1025664K), 0.2402383 secs]
734231.012: [GC 860944K(1025664K), 0.4065273 secs]
734237.350: [GC 860951K(1025664K), 0.2394166 secs]
734240.042: [GC 861087K(1025664K), 0.4084994 secs]
734246.359: [GC 861874K(1025664K), 0.2392042 secs]
734249.052: [GC 862669K(1025664K), 0.4110850 secs]
734255.350: [GC 863601K(1025664K), 0.2465137 secs]
734258.042: [GC 863741K(1025664K), 0.4119765 secs]
734264.349: [GC 863763K(1025664K), 0.2466201 secs]
734267.042: [GC 863763K(1025664K), 0.4151268 secs]
734273.379: [GC 864573K(1025664K), 0.2497248 secs]
734276.082: [GC 865402K(1025664K), 0.4166677 secs]
734282.400: [GC 865538K(1025664K), 0.2507226 secs]
734285.102: [GC 866325K(1025664K), 0.4187730 secs]
734291.400: [GC 867102K(1025664K), 0.2606226 secs]
734294.132: [GC 868027K(1025664K), 0.4214561 secs]
734300.459: [GC 868192K(1025664K), 0.2507055 secs]
734303.162: [GC 868202K(1025664K), 0.4219342 secs]
734309.470: [GC 868220K(1025664K), 0.2558383 secs]
734312.182: [GC 868220K(1025664K), 0.4250474 secs]
734318.490: [GC 868391K(1025664K), 0.2589883 secs]
734321.202: [GC 869167K(1025664K), 0.4272925 secs]
734327.510: [GC 869167K(1025664K), 0.2559647 secs]
734330.232: [GC 869174K(1025664K), 0.4291293 secs]
734336.579: [GC 870078K(1025664K), 0.2493042 secs]
734339.282: [GC 871019K(1025664K), 0.4331435 secs]
734345.599: [GC 871853K(1025664K), 0.2576249 secs]
734348.312: [GC 871861K(1025664K), 0.4323599 secs]
734354.639: [GC 871867K(1025664K), 0.2624977 secs]
734357.362: [GC 871871K(1025664K), 0.4352733 secs]
734363.690: [GC 872663K(1025664K), 0.2580285 secs]
734366.402: [GC 873459K(1025664K), 0.4404754 secs]
734372.759: [GC 873595K(1025664K), 0.2612198 secs]
734375.472: [GC 873600K(1025664K), 0.4387574 secs]
734381.811: [GC 874663K(1025664K), 0.2611932 secs]
734384.532: [GC 875468K(1025664K), 0.4404500 secs]
734390.869: [GC 875496K(1025664K), 0.2602250 secs]
734393.582: [GC 875496K(1025664K), 0.4437008 secs]
734399.971: [GC 875664K(1025664K), 0.2612597 secs]
734402.692: [GC 875668K(1025664K), 0.4436093 secs]
734409.049: [GC 876447K(1025664K), 0.2817655 secs]
734411.782: [GC 877229K(1025664K), 0.4457716 secs]
734418.161: [GC 877371K(1025664K), 0.2619735 secs]
734420.872: [GC 877502K(1025664K), 0.4478607 secs]
734427.230: [GC 878287K(1025664K), 0.2709615 secs]
734429.962: [GC 879101K(1025664K), 0.4503344 secs]
734436.309: [GC 879130K(1025664K), 0.2731768 secs]
734439.032: [GC 879274K(1025664K), 0.4512032 secs]
734445.360: [GC 880079K(1025664K), 0.2713460 secs]
734448.082: [GC 880079K(1025664K), 0.4633949 secs]
734454.460: [GC 880079K(1025664K), 0.2815971 secs]
734457.192: [GC 880875K(1025664K), 0.4555610 secs]
734463.661: [GC 881142K(1025664K), 0.2713732 secs]
734466.402: [GC 881932K(1025664K), 0.4583957 secs]
734472.759: [GC 882729K(1025664K), 0.2725210 secs]
734475.482: [GC 882907K(1025664K), 0.4600048 secs]
734481.850: [GC 883051K(1025664K), 0.2729109 secs]
734484.582: [GC 883051K(1025664K), 0.4608941 secs]
734490.940: [GC 884658K(1025664K), 0.2793210 secs]
734493.682: [GC 884658K(1025664K), 0.4632846 secs]
734500.029: [GC 884794K(1025664K), 0.2813983 secs]
734502.762: [GC 884803K(1025664K), 0.4651052 secs]
734509.149: [GC 884973K(1025664K), 0.2901052 secs]
734510.352: [GC 884979K(1025664K), 0.4672730 secs]
734516.709: [GC 886601K(1025664K), 0.2826159 secs]
734519.442: [GC 886740K(1025664K), 0.4700553 secs]
734525.819: [GC 887537K(1025664K), 0.2830538 secs]
734528.552: [GC 887541K(1025664K), 0.4718283 secs]
734534.951: [GC 887548K(1025664K), 0.2937143 secs]
734537.712: [GC 888485K(1025664K), 0.4726637 secs]
734544.090: [GC 889285K(1025664K), 0.2830534 secs]
734546.162: [GC 889285K(1025664K), 0.4878452 secs]
734552.560: [GC 890192K(1025664K), 0.2820844 secs]
734555.292: [GC 890233K(1025664K), 0.4857397 secs]
734561.669: [GC 890384K(1025664K), 0.2837873 secs]
734564.402: [GC 890384K(1025664K), 0.4798597 secs]
734570.809: [GC 891978K(1025664K), 0.2912298 secs]
734573.552: [GC 891978K(1025664K), 0.4809226 secs]
734579.919: [GC 892122K(1025664K), 0.2897774 secs]
734582.662: [GC 892122K(1025664K), 0.4822846 secs]
734589.050: [GC 893051K(1025664K), 0.3030196 secs]
734591.812: [GC 893055K(1025664K), 0.4852298 secs]
734598.220: [GC 893218K(1025664K), 0.2939295 secs]
734600.972: [GC 893218K(1025664K), 0.4855389 secs]
734607.351: [GC 894047K(1025664K), 0.2932584 secs]
734610.102: [GC 894835K(1025664K), 0.4877904 secs]
734616.481: [GC 894837K(1025664K), 0.2958143 secs]
734619.242: [GC 894979K(1025664K), 0.4905260 secs]
734625.642: [GC 895769K(1025664K), 0.2927461 secs]
734628.402: [GC 896565K(1025664K), 0.4980949 secs]
734634.839: [GC 896691K(1025664K), 0.3021195 secs]
734637.592: [GC 896708K(1025664K), 0.4933121 secs]
734644.019: [GC 897521K(1025664K), 0.2995318 secs]
734646.782: [GC 897525K(1025664K), 0.5034521 secs]
734653.200: [GC 898323K(1025664K), 0.3012467 secs]
734655.952: [GC 898323K(1025664K), 0.5022839 secs]
734662.350: [GC 898462K(1025664K), 0.3047726 secs]
734665.102: [GC 899252K(1025664K), 0.5011041 secs]
734671.589: [GC 900179K(1025664K), 0.3054861 secs]
734674.342: [GC 900342K(1025664K), 0.5036469 secs]
734680.799: [GC 900496K(1025664K), 0.3054302 secs]
734683.562: [GC 901297K(1025664K), 0.5046554 secs]
734690.011: [GC 902079K(1025664K), 0.3258892 secs]
734692.802: [GC 902083K(1025664K), 0.5066948 secs]
734699.200: [GC 903007K(1025664K), 0.3026882 secs]
734701.952: [GC 903015K(1025664K), 0.5083108 secs]
734708.370: [GC 903015K(1025664K), 0.3096345 secs]
734711.142: [GC 903814K(1025664K), 0.5111705 secs]
734717.550: [GC 904742K(1025664K), 0.3111230 secs]
734720.312: [GC 904748K(1025664K), 0.5160327 secs]
734726.740: [GC 904787K(1025664K), 0.3260699 secs]
734728.732: [GC 904923K(1025664K), 0.5137815 secs]
734735.140: [GC 905576K(1025664K), 0.3144537 secs]
734737.922: [GC 905576K(1025664K), 0.5156130 secs]
734739.273: [GC 905576K->763446K(1025664K), 0.1158377 secs]
734739.654: [GC 765209K(1025664K), 0.0172145 secs]
734742.122: [GC 766778K(1025664K), 0.0779349 secs]
734748.153: [GC 766924K(1025664K), 0.0173363 secs]
734750.662: [GC 766570K(1025664K), 0.0802587 secs]
734756.701: [GC 766598K(1025664K), 0.0180139 secs]
734759.192: [GC 766600K(1025664K), 0.0812124 secs]
734765.230: [GC 766611K(1025664K), 0.0186935 secs]
734767.732: [GC 766747K(1025664K), 0.0833808 secs]
734773.761: [GC 766747K(1025664K), 0.0188859 secs]
734776.252: [GC 766917K(1025664K), 0.0855717 secs]
734782.309: [GC 767873K(1025664K), 0.0189119 secs]
734784.802: [GC 768648K(1025664K), 0.0876360 secs]
734790.860: [GC 769611K(1025664K), 0.0191005 secs]
734793.352: [GC 769620K(1025664K), 0.0885199 secs]
734799.431: [GC 770410K(1025664K), 0.0209456 secs]
734801.932: [GC 770410K(1025664K), 0.0906863 secs]
734807.960: [GC 770546K(1025664K), 0.0191480 secs]
734810.462: [GC 771334K(1025664K), 0.0943385 secs]
734816.541: [GC 772127K(1025664K), 0.0191941 secs]
734819.042: [GC 772249K(1025664K), 0.0939716 secs]
734825.121: [GC 772333K(1025664K), 0.0191163 secs]
734827.622: [GC 772333K(1025664K), 0.0962467 secs]
734833.661: [GC 773108K(1025664K), 0.0189413 secs]
734836.162: [GC 773906K(1025664K), 0.0982012 secs]
734842.200: [GC 774045K(1025664K), 0.0298573 secs]
734844.712: [GC 774045K(1025664K), 0.0993226 secs]
734850.849: [GC 774045K(1025664K), 0.0301108 secs]
734853.352: [GC 774045K(1025664K), 0.1018947 secs]
734859.390: [GC 774304K(1025664K), 0.0303001 secs]
734861.902: [GC 775128K(1025664K), 0.1038043 secs]
734867.949: [GC 775942K(1025664K), 0.0300745 secs]
734870.462: [GC 775942K(1025664K), 0.1061871 secs]
734876.551: [GC 775973K(1025664K), 0.0299029 secs]
734879.062: [GC 776115K(1025664K), 0.1070625 secs]
734885.140: [GC 777717K(1025664K), 0.0299428 secs]
734887.652: [GC 777717K(1025664K), 0.1090507 secs]
734893.710: [GC 777717K(1025664K), 0.0297433 secs]
734896.212: [GC 777717K(1025664K), 0.1111322 secs]
734902.269: [GC 778788K(1025664K), 0.0298196 secs]
734904.782: [GC 778809K(1025664K), 0.1122969 secs]
734910.851: [GC 780437K(1025664K), 0.0408368 secs]
734913.382: [GC 780437K(1025664K), 0.1145727 secs]
734919.461: [GC 781344K(1025664K), 0.0413627 secs]
734921.992: [GC 781344K(1025664K), 0.1169414 secs]
734928.059: [GC 782112K(1025664K), 0.0411058 secs]
734930.592: [GC 782909K(1025664K), 0.1202204 secs]
734936.681: [GC 782915K(1025664K), 0.0417621 secs]
734939.212: [GC 783176K(1025664K), 0.1203171 secs]
734945.329: [GC 783226K(1025664K), 0.0413430 secs]
734947.852: [GC 783241K(1025664K), 0.1227320 secs]
734953.920: [GC 784033K(1025664K), 0.0412306 secs]
734956.442: [GC 784823K(1025664K), 0.1251383 secs]
734962.499: [GC 784965K(1025664K), 0.0411634 secs]
734965.032: [GC 784965K(1025664K), 0.1256477 secs]
734971.140: [GC 785740K(1025664K), 0.0415542 secs]
734973.662: [GC 785878K(1025664K), 0.1281347 secs]
734979.770: [GC 786142K(1025664K), 0.0414629 secs]
734982.302: [GC 786153K(1025664K), 0.1301427 secs]
734988.370: [GC 786976K(1025664K), 0.0523609 secs]
734990.902: [GC 787751K(1025664K), 0.1323157 secs]
734997.030: [GC 787786K(1025664K), 0.0525063 secs]
734999.562: [GC 787925K(1025664K), 0.1361136 secs]
735005.681: [GC 789504K(1025664K), 0.0520446 secs]
735008.212: [GC 789504K(1025664K), 0.1359583 secs]
735014.331: [GC 789509K(1025664K), 0.0523497 secs]
735016.872: [GC 789632K(1025664K), 0.1373977 secs]
735022.951: [GC 790573K(1025664K), 0.0521993 secs]
735025.492: [GC 791370K(1025664K), 0.1400417 secs]
735031.700: [GC 791412K(1025664K), 0.0529014 secs]
735034.232: [GC 791440K(1025664K), 0.1411944 secs]
735040.321: [GC 792374K(1025664K), 0.0522688 secs]
735042.862: [GC 792374K(1025664K), 0.1429555 secs]
735048.990: [GC 792405K(1025664K), 0.0525088 secs]
735051.522: [GC 793195K(1025664K), 0.1451104 secs]
735057.661: [GC 794250K(1025664K), 0.0620914 secs]
735060.212: [GC 794250K(1025664K), 0.1464342 secs]
735066.340: [GC 794300K(1025664K), 0.0640189 secs]
735068.892: [GC 794315K(1025664K), 0.1489461 secs]
735075.000: [GC 795281K(1025664K), 0.0633029 secs]
735077.542: [GC 796056K(1025664K), 0.1512822 secs]
735083.641: [GC 796058K(1025664K), 0.0634080 secs]
735086.202: [GC 796064K(1025664K), 0.1532111 secs]
735092.290: [GC 796211K(1025664K), 0.0633161 secs]
735094.842: [GC 796211K(1025664K), 0.1544263 secs]
735100.960: [GC 797915K(1025664K), 0.0640081 secs]
735103.502: [GC 797925K(1025664K), 0.1565964 secs]
735109.610: [GC 798087K(1025664K), 0.0628913 secs]
735112.162: [GC 798087K(1025664K), 0.1636509 secs]
735118.321: [GC 798129K(1025664K), 0.0634188 secs]
735120.612: [GC 798129K(1025664K), 0.1630899 secs]
735126.790: [GC 799698K(1025664K), 0.0755414 secs]
735129.362: [GC 799838K(1025664K), 0.1615021 secs]
735135.541: [GC 799843K(1025664K), 0.0742233 secs]
735138.102: [GC 799967K(1025664K), 0.1635835 secs]
735144.230: [GC 800747K(1025664K), 0.0748143 secs]
735146.782: [GC 801545K(1025664K), 0.1659230 secs]
735152.871: [GC 802508K(1025664K), 0.0746360 secs]
735155.432: [GC 802541K(1025664K), 0.1674344 secs]
735161.540: [GC 802541K(1025664K), 0.0744565 secs]
735164.092: [GC 802541K(1025664K), 0.1695143 secs]
735170.219: [GC 803476K(1025664K), 0.0746736 secs]
735172.772: [GC 803485K(1025664K), 0.1807558 secs]
735178.920: [GC 804398K(1025664K), 0.0745632 secs]
735180.982: [GC 804398K(1025664K), 0.1740864 secs]
735187.130: [GC 805174K(1025664K), 0.0750525 secs]
735189.692: [GC 805329K(1025664K), 0.1748868 secs]
735195.831: [GC 806137K(1025664K), 0.0740727 secs]
735198.382: [GC 806935K(1025664K), 0.1767430 secs]
735204.499: [GC 806943K(1025664K), 0.0846248 secs]
735206.252: [GC 806972K(1025664K), 0.1781483 secs]
735212.389: [GC 807117K(1025664K), 0.0843988 secs]
735214.952: [GC 807117K(1025664K), 0.1848252 secs]
735221.119: [GC 808042K(1025664K), 0.0851519 secs]
735223.692: [GC 808821K(1025664K), 0.1818423 secs]
735229.871: [GC 808966K(1025664K), 0.0852573 secs]
735232.452: [GC 808985K(1025664K), 0.1884792 secs]
735238.660: [GC 809014K(1025664K), 0.0859202 secs]
735241.242: [GC 809018K(1025664K), 0.1856813 secs]
735247.450: [GC 809808K(1025664K), 0.0856866 secs]
735250.012: [GC 809953K(1025664K), 0.1914267 secs]
735256.209: [GC 810751K(1025664K), 0.0953987 secs]
735258.782: [GC 810873K(1025664K), 0.1902012 secs]
735264.999: [GC 810895K(1025664K), 0.0858744 secs]
735266.652: [GC 810895K(1025664K), 0.1910835 secs]
735272.869: [GC 812757K(1025664K), 0.0943414 secs]
735275.452: [GC 812786K(1025664K), 0.1976819 secs]
735281.660: [GC 812793K(1025664K), 0.0941846 secs]
735284.232: [GC 812793K(1025664K), 0.2055170 secs]
735290.432: [GC 813716K(1025664K), 0.0959177 secs]
735293.022: [GC 813716K(1025664K), 0.2046963 secs]
735299.292: [GC 814627K(1025664K), 0.0970991 secs]
735301.872: [GC 814627K(1025664K), 0.1986176 secs]
735308.130: [GC 815564K(1025664K), 0.0978079 secs]
735310.712: [GC 815573K(1025664K), 0.2009541 secs]
735316.930: [GC 815591K(1025664K), 0.0966749 secs]
735319.502: [GC 816383K(1025664K), 0.2028114 secs]
735325.699: [GC 817188K(1025664K), 0.0962385 secs]
735327.142: [GC 817217K(1025664K), 0.2057976 secs]
735333.360: [GC 818164K(1025664K), 0.0965001 secs]
735335.932: [GC 818164K(1025664K), 0.2062090 secs]
735342.120: [GC 818288K(1025664K), 0.1062508 secs]
735344.702: [GC 819104K(1025664K), 0.2081576 secs]
735350.879: [GC 820047K(1025664K), 0.1046200 secs]
735353.462: [GC 820053K(1025664K), 0.2109313 secs]
735359.624: [GC 820841K(1025664K), 0.1066340 secs]
735362.222: [GC 820841K(1025664K), 0.2154192 secs]
735368.511: [GC 821014K(1025664K), 0.1073251 secs]
735371.112: [GC 821014K(1025664K), 0.2239326 secs]
735377.340: [GC 821946K(1025664K), 0.1078375 secs]
735379.932: [GC 822877K(1025664K), 0.2167536 secs]
735386.122: [GC 822888K(1025664K), 0.1187101 secs]
735387.552: [GC 822888K(1025664K), 0.2168556 secs]
735393.779: [GC 823823K(1025664K), 0.1074390 secs]
735396.372: [GC 823862K(1025664K), 0.2201659 secs]
735402.603: [GC 823875K(1025664K), 0.1070256 secs]
735405.192: [GC 824667K(1025664K), 0.2227203 secs]
735411.409: [GC 825619K(1025664K), 0.1077988 secs]
735414.002: [GC 825619K(1025664K), 0.2275317 secs]
735420.162: [GC 825741K(1025664K), 0.1166473 secs]
735422.762: [GC 825741K(1025664K), 0.2248210 secs]
735428.980: [GC 826662K(1025664K), 0.1182203 secs]
735431.592: [GC 826666K(1025664K), 0.2267698 secs]
735437.840: [GC 827492K(1025664K), 0.1186598 secs]
735440.442: [GC 827492K(1025664K), 0.2293628 secs]
735446.672: [GC 827530K(1025664K), 0.1183494 secs]
735448.082: [GC 827670K(1025664K), 0.2378597 secs]
735454.340: [GC 828458K(1025664K), 0.1180517 secs]
735456.952: [GC 828458K(1025664K), 0.2347185 secs]
735463.192: [GC 828580K(1025664K), 0.1187500 secs]
735465.792: [GC 829380K(1025664K), 0.2346528 secs]
735472.063: [GC 830315K(1025664K), 0.1258871 secs]
735474.672: [GC 830315K(1025664K), 0.2365512 secs]
735480.900: [GC 831157K(1025664K), 0.1189037 secs]
735483.512: [GC 831923K(1025664K), 0.2388442 secs]
735489.751: [GC 832096K(1025664K), 0.1193380 secs]
735492.352: [GC 832096K(1025664K), 0.2410590 secs]
735498.590: [GC 832894K(1025664K), 0.1274161 secs]
735501.202: [GC 833016K(1025664K), 0.2500930 secs]
735507.461: [GC 833016K(1025664K), 0.1299291 secs]
735508.482: [GC 833157K(1025664K), 0.2432197 secs]
735514.769: [GC 833961K(1025664K), 0.1292457 secs]
735517.382: [GC 833979K(1025664K), 0.2455890 secs]
735523.630: [GC 834000K(1025664K), 0.1287499 secs]
735526.242: [GC 834779K(1025664K), 0.2488276 secs]
735532.479: [GC 835716K(1025664K), 0.1298040 secs]
735535.082: [GC 836481K(1025664K), 0.2603631 secs]
735541.282: [GC 837422K(1025664K), 0.1393385 secs]
735543.912: [GC 838211K(1025664K), 0.2538624 secs]
735550.171: [GC 838353K(1025664K), 0.1295608 secs]
735552.782: [GC 838365K(1025664K), 0.2529519 secs]
735559.050: [GC 839165K(1025664K), 0.1291639 secs]
735561.662: [GC 839181K(1025664K), 0.2553457 secs]
735567.989: [GC 840143K(1025664K), 0.1399680 secs]
735570.612: [GC 840147K(1025664K), 0.2571385 secs]
735576.951: [GC 840285K(1025664K), 0.1390294 secs]
735579.582: [GC 840285K(1025664K), 0.2592090 secs]
735585.891: [GC 840416K(1025664K), 0.1367737 secs]
735588.522: [GC 840552K(1025664K), 0.2648096 secs]
735594.810: [GC 842142K(1025664K), 0.1420255 secs]
735597.442: [GC 842147K(1025664K), 0.2631924 secs]
735603.730: [GC 842940K(1025664K), 0.1416576 secs]
735606.372: [GC 843766K(1025664K), 0.2674793 secs]
735612.639: [GC 843922K(1025664K), 0.1406779 secs]
735615.262: [GC 843922K(1025664K), 0.2744830 secs]
735621.559: [GC 844687K(1025664K), 0.1408676 secs]
735624.182: [GC 845609K(1025664K), 0.2812252 secs]
735630.450: [GC 845751K(1025664K), 0.1401657 secs]
735633.062: [GC 845751K(1025664K), 0.2780917 secs]
735639.353: [GC 846551K(1025664K), 0.1485138 secs]
735641.982: [GC 846573K(1025664K), 0.2794102 secs]
735648.270: [GC 847539K(1025664K), 0.1508046 secs]
735649.152: [GC 847539K(1025664K), 0.2879709 secs]
735655.459: [GC 847544K(1025664K), 0.1511839 secs]
735658.082: [GC 847572K(1025664K), 0.2786319 secs]
735664.359: [GC 847695K(1025664K), 0.1515316 secs]
735666.992: [GC 847695K(1025664K), 0.2847433 secs]
735673.360: [GC 848650K(1025664K), 0.1740422 secs]
735676.012: [GC 849590K(1025664K), 0.2884349 secs]
735682.313: [GC 849606K(1025664K), 0.1512300 secs]
735684.942: [GC 849615K(1025664K), 0.2874125 secs]
735691.242: [GC 850557K(1025664K), 0.1514247 secs]
735693.872: [GC 850557K(1025664K), 0.2849388 secs]
735700.182: [GC 852177K(1025664K), 0.1508173 secs]
735702.812: [GC 852179K(1025664K), 0.2856916 secs]
735709.110: [GC 853204K(1025664K), 0.1509939 secs]
735711.732: [GC 853208K(1025664K), 0.2879986 secs]
735718.070: [GC 853220K(1025664K), 0.1619656 secs]
735720.712: [GC 853220K(1025664K), 0.2895321 secs]
735727.051: [GC 853273K(1025664K), 0.1620331 secs]
735729.702: [GC 853416K(1025664K), 0.2908871 secs]
735735.970: [GC 854990K(1025664K), 0.1614618 secs]
735738.612: [GC 854990K(1025664K), 0.2930857 secs]
735744.910: [GC 854990K(1025664K), 0.1623481 secs]
735747.572: [GC 855112K(1025664K), 0.2959721 secs]
735753.869: [GC 855910K(1025664K), 0.1715766 secs]
735756.522: [GC 856708K(1025664K), 0.2977106 secs]
735762.819: [GC 856865K(1025664K), 0.1638798 secs]
735765.472: [GC 856881K(1025664K), 0.3004958 secs]
735771.840: [GC 857682K(1025664K), 0.1731932 secs]
735774.502: [GC 857682K(1025664K), 0.3114817 secs]
735780.899: [GC 858621K(1025664K), 0.1735197 secs]
735783.562: [GC 858621K(1025664K), 0.3040060 secs]
735789.899: [GC 859542K(1025664K), 0.1629192 secs]
735792.552: [GC 859548K(1025664K), 0.3053547 secs]
735798.870: [GC 860486K(1025664K), 0.1712398 secs]
735801.522: [GC 861280K(1025664K), 0.3076433 secs]
735807.829: [GC 861305K(1025664K), 0.1723413 secs]
735810.482: [GC 861305K(1025664K), 0.3095076 secs]
735816.821: [GC 861339K(1025664K), 0.1735981 secs]
735819.482: [GC 861483K(1025664K), 0.3110268 secs]
735825.820: [GC 862249K(1025664K), 0.1728213 secs]
735828.472: [GC 862371K(1025664K), 0.3124022 secs]
735834.790: [GC 862381K(1025664K), 0.1742419 secs]
735837.462: [GC 863179K(1025664K), 0.3147521 secs]
735843.850: [GC 863983K(1025664K), 0.1734694 secs]
735846.512: [GC 864004K(1025664K), 0.3170072 secs]
735852.900: [GC 864155K(1025664K), 0.1734380 secs]
735855.572: [GC 864943K(1025664K), 0.3271101 secs]
735861.929: [GC 865760K(1025664K), 0.1741384 secs]
735864.602: [GC 865760K(1025664K), 0.3203817 secs]
735871.010: [GC 866056K(1025664K), 0.1829475 secs]
735873.672: [GC 866200K(1025664K), 0.3221952 secs]
735880.009: [GC 866974K(1025664K), 0.1846640 secs]
735882.672: [GC 866974K(1025664K), 0.3242268 secs]
735889.052: [GC 867141K(1025664K), 0.1856506 secs]
735891.732: [GC 867940K(1025664K), 0.3265033 secs]
735898.141: [GC 868756K(1025664K), 0.1914230 secs]
735900.562: [GC 868766K(1025664K), 0.3427471 secs]
735906.969: [GC 869560K(1025664K), 0.1939403 secs]
735909.652: [GC 869705K(1025664K), 0.3293713 secs]
735916.000: [GC 870593K(1025664K), 0.1827554 secs]
735918.682: [GC 870598K(1025664K), 0.3315232 secs]
735925.110: [GC 871387K(1025664K), 0.1912025 secs]
735927.782: [GC 871546K(1025664K), 0.3337378 secs]
735934.172: [GC 871560K(1025664K), 0.1837643 secs]
735936.832: [GC 871589K(1025664K), 0.3380591 secs]
735943.190: [GC 872385K(1025664K), 0.2015083 secs]
735945.882: [GC 872415K(1025664K), 0.3415439 secs]
735952.243: [GC 873477K(1025664K), 0.1922660 secs]
735954.922: [GC 873477K(1025664K), 0.3464810 secs]
735961.280: [GC 874253K(1025664K), 0.1949456 secs]
735963.952: [GC 874255K(1025664K), 0.3468988 secs]
735970.333: [GC 874407K(1025664K), 0.1950799 secs]
735973.002: [GC 874428K(1025664K), 0.3529134 secs]
735979.371: [GC 875383K(1025664K), 0.1945616 secs]
735982.042: [GC 876159K(1025664K), 0.3575500 secs]
735988.389: [GC 876336K(1025664K), 0.2061639 secs]
735989.722: [GC 876336K(1025664K), 0.3465924 secs]
735996.071: [GC 877256K(1025664K), 0.1956541 secs]
735998.752: [GC 878049K(1025664K), 0.3497122 secs]
736005.119: [GC 878054K(1025664K), 0.2041346 secs]
736007.802: [GC 878190K(1025664K), 0.3522716 secs]
736014.193: [GC 879027K(1025664K), 0.1953166 secs]
736016.882: [GC 879818K(1025664K), 0.3562261 secs]
736023.260: [GC 879825K(1025664K), 0.2020171 secs]
736025.942: [GC 879853K(1025664K), 0.3623942 secs]
736032.339: [GC 881586K(1025664K), 0.2060895 secs]
736035.022: [GC 881709K(1025664K), 0.3675803 secs]
736041.389: [GC 881713K(1025664K), 0.2067871 secs]
736044.072: [GC 881719K(1025664K), 0.3719233 secs]
736050.440: [GC 882658K(1025664K), 0.2061774 secs]
736051.632: [GC 882671K(1025664K), 0.3598141 secs]
736058.000: [GC 882705K(1025664K), 0.2048771 secs]
736060.682: [GC 882705K(1025664K), 0.3622336 secs]
736067.059: [GC 882710K(1025664K), 0.2061696 secs]
736069.742: [GC 883615K(1025664K), 0.3644236 secs]
736076.141: [GC 884414K(1025664K), 0.2057399 secs]
736077.292: [GC 884537K(1025664K), 0.3661074 secs]
736083.680: [GC 886133K(1025664K), 0.2134709 secs]
736086.372: [GC 886133K(1025664K), 0.3691416 secs]
736092.780: [GC 886297K(1025664K), 0.2140652 secs]
736095.482: [GC 886303K(1025664K), 0.3706505 secs]
736101.830: [GC 887098K(1025664K), 0.2143603 secs]
736104.522: [GC 887886K(1025664K), 0.3723379 secs]
736110.920: [GC 888058K(1025664K), 0.2156808 secs]
736113.612: [GC 888828K(1025664K), 0.3739815 secs]
736120.050: [GC 888950K(1025664K), 0.2178872 secs]
736122.752: [GC 888950K(1025664K), 0.3753434 secs]
736129.163: [GC 889896K(1025664K), 0.2172400 secs]
736131.872: [GC 889905K(1025664K), 0.3946433 secs]
736138.250: [GC 890693K(1025664K), 0.2172058 secs]
736140.952: [GC 890693K(1025664K), 0.3856174 secs]
736147.373: [GC 890728K(1025664K), 0.2175993 secs]
736150.072: [GC 891670K(1025664K), 0.3862681 secs]
736156.490: [GC 892473K(1025664K), 0.2179202 secs]
736159.192: [GC 892482K(1025664K), 0.3957864 secs]
736165.600: [GC 892610K(1025664K), 0.2271978 secs]
736168.272: [GC 892751K(1025664K), 0.3857698 secs]
736174.671: [GC 892902K(1025664K), 0.2257824 secs]
736177.392: [GC 892908K(1025664K), 0.3879362 secs]
736183.821: [GC 894493K(1025664K), 0.2285700 secs]
736186.542: [GC 894502K(1025664K), 0.3900480 secs]
736192.951: [GC 894646K(1025664K), 0.2384828 secs]
736195.672: [GC 894646K(1025664K), 0.3920383 secs]
736202.070: [GC 895590K(1025664K), 0.2281679 secs]
736204.772: [GC 896378K(1025664K), 0.3960169 secs]
736211.162: [GC 896521K(1025664K), 0.2287673 secs]
736213.872: [GC 896521K(1025664K), 0.4010788 secs]
736220.279: [GC 897336K(1025664K), 0.2287491 secs]
736222.982: [GC 897343K(1025664K), 0.4056848 secs]
736229.360: [GC 899104K(1025664K), 0.2288845 secs]
736232.062: [GC 899106K(1025664K), 0.4057199 secs]
736238.500: [GC 899876K(1025664K), 0.2368950 secs]
736241.232: [GC 899876K(1025664K), 0.4041894 secs]
736247.640: [GC 900038K(1025664K), 0.2391964 secs]
736248.912: [GC 900174K(1025664K), 0.4081665 secs]
736255.352: [GC 901756K(1025664K), 0.2363283 secs]
736258.062: [GC 901781K(1025664K), 0.4161701 secs]
736264.542: [GC 901787K(1025664K), 0.2380446 secs]
736267.262: [GC 901815K(1025664K), 0.4067749 secs]
736273.691: [GC 902617K(1025664K), 0.2499780 secs]
736276.442: [GC 903582K(1025664K), 0.4097785 secs]
736282.860: [GC 903584K(1025664K), 0.2388012 secs]
736285.582: [GC 903706K(1025664K), 0.4123929 secs]
736292.020: [GC 903853K(1025664K), 0.2460456 secs]
736294.742: [GC 903853K(1025664K), 0.4143885 secs]
736301.182: [GC 904643K(1025664K), 0.2468780 secs]
736303.912: [GC 904643K(1025664K), 0.4214817 secs]
736310.423: [GC 906387K(1025664K), 0.2473452 secs]
736313.162: [GC 906392K(1025664K), 0.4170999 secs]
736319.560: [GC 907210K(1025664K), 0.2501854 secs]
736322.292: [GC 907210K(1025664K), 0.4205664 secs]
736328.720: [GC 907472K(1025664K), 0.2485441 secs]
736331.452: [GC 908248K(1025664K), 0.4211753 secs]
736337.929: [GC 909050K(1025664K), 0.2603113 secs]
736340.672: [GC 909075K(1025664K), 0.4224180 secs]
736347.100: [GC 909080K(1025664K), 0.2493639 secs]
736349.822: [GC 909225K(1025664K), 0.4289816 secs]
736356.253: [GC 909260K(1025664K), 0.2501302 secs]
736358.992: [GC 909260K(1025664K), 0.4257059 secs]
736365.399: [GC 910844K(1025664K), 0.2496504 secs]
736368.122: [GC 910984K(1025664K), 0.4434114 secs]
736374.579: [GC 911877K(1025664K), 0.2504675 secs]
736377.312: [GC 911882K(1025664K), 0.4308149 secs]
736383.781: [GC 911909K(1025664K), 0.2506966 secs]
736386.522: [GC 912745K(1025664K), 0.4327852 secs]
736392.981: [GC 912891K(1025664K), 0.2593258 secs]
736395.732: [GC 912891K(1025664K), 0.4358949 secs]
736402.213: [GC 913691K(1025664K), 0.2661596 secs]
736404.962: [GC 914489K(1025664K), 0.4451338 secs]
736411.401: [GC 914630K(1025664K), 0.2598149 secs]
736414.152: [GC 914753K(1025664K), 0.4412913 secs]
736420.650: [GC 915560K(1025664K), 0.2607324 secs]
736423.392: [GC 915569K(1025664K), 0.4397676 secs]
736429.810: [GC 916483K(1025664K), 0.2723574 secs]
736432.572: [GC 916483K(1025664K), 0.4440092 secs]
736439.020: [GC 916522K(1025664K), 0.2706933 secs]
736441.772: [GC 917318K(1025664K), 0.4481181 secs]
736448.273: [GC 917458K(1025664K), 0.2616047 secs]
736451.012: [GC 917467K(1025664K), 0.4520358 secs]
736457.521: [GC 918357K(1025664K), 0.2703588 secs]
736460.272: [GC 919151K(1025664K), 0.4503608 secs]
736466.769: [GC 919177K(1025664K), 0.2628114 secs]
736469.512: [GC 919315K(1025664K), 0.4496328 secs]
736476.000: [GC 919488K(1025664K), 0.2710932 secs]
736478.752: [GC 919492K(1025664K), 0.4559336 secs]
736485.222: [GC 920309K(1025664K), 0.2705744 secs]
736487.972: [GC 921222K(1025664K), 0.4702338 secs]
736494.472: [GC 921222K(1025664K), 0.2797095 secs]
736497.232: [GC 922142K(1025664K), 0.4573950 secs]
736503.692: [GC 922942K(1025664K), 0.2724304 secs]
736506.452: [GC 922951K(1025664K), 0.4581614 secs]
736512.929: [GC 923112K(1025664K), 0.2725381 secs]
736515.682: [GC 923877K(1025664K), 0.4727694 secs]
736522.152: [GC 924701K(1025664K), 0.2736381 secs]
736524.903: [GC 924701K(1025664K), 0.4735353 secs]
736531.350: [GC 924869K(1025664K), 0.2809180 secs]
736534.122: [GC 924869K(1025664K), 0.4683087 secs]
736540.559: [GC 925766K(1025664K), 0.2811435 secs]
736543.322: [GC 925766K(1025664K), 0.4671590 secs]
736549.781: [GC 925963K(1025664K), 0.2793992 secs]
736552.542: [GC 926760K(1025664K), 0.4706721 secs]
736559.040: [GC 927556K(1025664K), 0.2848416 secs]
736560.912: [GC 927556K(1025664K), 0.4778840 secs]
736567.462: [GC 929172K(1025664K), 0.2953158 secs]
736570.242: [GC 929172K(1025664K), 0.4796900 secs]
736576.730: [GC 929343K(1025664K), 0.3008043 secs]
736579.522: [GC 929343K(1025664K), 0.4742626 secs]
736586.000: [GC 930237K(1025664K), 0.2826222 secs]
736588.772: [GC 931183K(1025664K), 0.4817619 secs]
736595.251: [GC 931204K(1025664K), 0.3000009 secs]
736598.042: [GC 931233K(1025664K), 0.4814234 secs]
736604.503: [GC 931237K(1025664K), 0.2986021 secs]
736607.282: [GC 932041K(1025664K), 0.4841046 secs]
736613.780: [GC 932806K(1025664K), 0.2941986 secs]
736616.552: [GC 932808K(1025664K), 0.4819410 secs]
736623.080: [GC 933737K(1025664K), 0.2888161 secs]
736625.842: [GC 933870K(1025664K), 0.4882808 secs]
736632.362: [GC 934682K(1025664K), 0.2943753 secs]
736635.132: [GC 934688K(1025664K), 0.4998575 secs]
736641.620: [GC 934830K(1025664K), 0.2944893 secs]
736644.402: [GC 934834K(1025664K), 0.4871590 secs]
736650.879: [GC 934871K(1025664K), 0.2921647 secs]
736653.652: [GC 935661K(1025664K), 0.4925811 secs]
736660.152: [GC 936600K(1025664K), 0.2932710 secs]
736662.922: [GC 936600K(1025664K), 0.4951957 secs]
736669.491: [GC 936726K(1025664K), 0.2964566 secs]
736672.282: [GC 937536K(1025664K), 0.5048383 secs]
736678.871: [GC 937684K(1025664K), 0.2999558 secs]
736681.652: [GC 937684K(1025664K), 0.4960713 secs]
736688.161: [GC 939286K(1025664K), 0.3024485 secs]
736690.942: [GC 939286K(1025664K), 0.5040633 secs]
736697.439: [GC 940086K(1025664K), 0.3023125 secs]
736700.222: [GC 940222K(1025664K), 0.4997551 secs]
736706.711: [GC 941012K(1025664K), 0.3060689 secs]
736709.502: [GC 941135K(1025664K), 0.5010518 secs]
736716.000: [GC 941196K(1025664K), 0.3038357 secs]
736718.792: [GC 942107K(1025664K), 0.5094927 secs]
736725.352: [GC 942108K(1025664K), 0.3051137 secs]
736728.152: [GC 942108K(1025664K), 0.5183832 secs]
736734.731: [GC 942921K(1025664K), 0.3210832 secs]
736737.412: [GC 942923K(1025664K), 0.5067018 secs]
736743.941: [GC 943713K(1025664K), 0.3026647 secs]
736746.732: [GC 943723K(1025664K), 0.5136627 secs]
736753.262: [GC 944775K(1025664K), 0.3047122 secs]
736756.052: [GC 944779K(1025664K), 0.5193606 secs]
736762.589: [GC 944790K(1025664K), 0.3125021 secs]
736765.382: [GC 945585K(1025664K), 0.5226990 secs]
736771.931: [GC 945898K(1025664K), 0.3147440 secs]
736774.742: [GC 945908K(1025664K), 0.5288318 secs]
736781.271: [GC 946641K(1025664K), 0.3162809 secs]
736782.972: [GC 946641K->804867K(1025664K), 0.1154938 secs]
736783.088: [GC 804883K(1025664K), 0.0812424 secs]
736784.166: [GC 806615K(1025664K), 0.0171319 secs]
736786.692: [GC 808123K(1025664K), 0.0810237 secs]
736792.900: [GC 808293K(1025664K), 0.0177923 secs]
736795.432: [GC 808082K(1025664K), 0.0802023 secs]
736801.544: [GC 808116K(1025664K), 0.0079678 secs]
736804.062: [GC 808116K(1025664K), 0.0834058 secs]
736810.273: [GC 808263K(1025664K), 0.0192176 secs]
736812.802: [GC 808263K(1025664K), 0.0836895 secs]
736818.972: [GC 809815K(1025664K), 0.0190516 secs]
736821.512: [GC 809815K(1025664K), 0.0857188 secs]
736827.661: [GC 810148K(1025664K), 0.0191982 secs]
736828.302: [GC 810148K(1025664K), 0.0866735 secs]
736834.450: [GC 811748K(1025664K), 0.0188933 secs]
736836.972: [GC 811753K(1025664K), 0.0891629 secs]
736843.080: [GC 811753K(1025664K), 0.0193685 secs]
736845.602: [GC 811753K(1025664K), 0.0911713 secs]
736851.762: [GC 812695K(1025664K), 0.0195318 secs]
736854.292: [GC 812698K(1025664K), 0.0961648 secs]
736860.480: [GC 813480K(1025664K), 0.0193915 secs]
736863.012: [GC 813612K(1025664K), 0.0944046 secs]
736869.182: [GC 814586K(1025664K), 0.0187272 secs]
736871.702: [GC 814586K(1025664K), 0.0967421 secs]
736877.870: [GC 814762K(1025664K), 0.0190600 secs]
736880.392: [GC 814762K(1025664K), 0.0988323 secs]
736886.559: [GC 815544K(1025664K), 0.0293117 secs]
736888.562: [GC 815680K(1025664K), 0.0998394 secs]
736894.740: [GC 816490K(1025664K), 0.0301903 secs]
736897.282: [GC 816490K(1025664K), 0.1070968 secs]
736903.451: [GC 816612K(1025664K), 0.0302723 secs]
736906.002: [GC 817437K(1025664K), 0.1038777 secs]
736912.182: [GC 818396K(1025664K), 0.0298135 secs]
736914.722: [GC 818396K(1025664K), 0.1068923 secs]
736920.892: [GC 818424K(1025664K), 0.0299379 secs]
736923.442: [GC 818434K(1025664K), 0.1074646 secs]
736929.609: [GC 820130K(1025664K), 0.0305007 secs]
736932.142: [GC 820130K(1025664K), 0.1155100 secs]
736938.352: [GC 820130K(1025664K), 0.0301645 secs]
736940.892: [GC 820132K(1025664K), 0.1117653 secs]
736947.100: [GC 821048K(1025664K), 0.0299829 secs]
736948.822: [GC 821229K(1025664K), 0.1130337 secs]
736954.990: [GC 822035K(1025664K), 0.0411387 secs]
736957.542: [GC 822035K(1025664K), 0.1155622 secs]
736963.731: [GC 822037K(1025664K), 0.0413736 secs]
736966.282: [GC 822849K(1025664K), 0.1191348 secs]
736972.533: [GC 823771K(1025664K), 0.0414829 secs]
736975.082: [GC 823771K(1025664K), 0.1236233 secs]
736981.360: [GC 823902K(1025664K), 0.0413915 secs]
736983.902: [GC 823907K(1025664K), 0.1206848 secs]
736990.049: [GC 825654K(1025664K), 0.0415170 secs]
736992.602: [GC 825664K(1025664K), 0.1229645 secs]
736998.761: [GC 825664K(1025664K), 0.0413277 secs]
737001.312: [GC 825666K(1025664K), 0.1254203 secs]
737007.500: [GC 826450K(1025664K), 0.0408276 secs]
737009.112: [GC 826586K(1025664K), 0.1312264 secs]
737015.290: [GC 827402K(1025664K), 0.0412620 secs]
737017.842: [GC 827407K(1025664K), 0.1280482 secs]
737023.960: [GC 827529K(1025664K), 0.0520925 secs]
737026.522: [GC 828327K(1025664K), 0.1302616 secs]
737032.710: [GC 828496K(1025664K), 0.0521869 secs]
737035.292: [GC 828496K(1025664K), 0.1393632 secs]
737041.481: [GC 828534K(1025664K), 0.0531899 secs]
737044.032: [GC 828534K(1025664K), 0.1353004 secs]
737050.202: [GC 830266K(1025664K), 0.0523113 secs]
737052.762: [GC 830271K(1025664K), 0.1358116 secs]
737058.980: [GC 830273K(1025664K), 0.0526340 secs]
737061.542: [GC 830395K(1025664K), 0.1377508 secs]
737067.762: [GC 831338K(1025664K), 0.0523559 secs]
737069.432: [GC 831344K(1025664K), 0.1390289 secs]
737075.670: [GC 833097K(1025664K), 0.0527149 secs]
737078.232: [GC 833097K(1025664K), 0.1470500 secs]
737084.452: [GC 833127K(1025664K), 0.0520374 secs]
737087.022: [GC 833134K(1025664K), 0.1450948 secs]
737093.252: [GC 834051K(1025664K), 0.0612497 secs]
737095.832: [GC 834819K(1025664K), 0.1454076 secs]
737102.001: [GC 834945K(1025664K), 0.0635300 secs]
737104.572: [GC 834945K(1025664K), 0.1468785 secs]
737110.731: [GC 836744K(1025664K), 0.0644971 secs]
737113.322: [GC 836755K(1025664K), 0.1485439 secs]
737119.560: [GC 836760K(1025664K), 0.0637830 secs]
737122.132: [GC 836760K(1025664K), 0.1583298 secs]
737128.332: [GC 837730K(1025664K), 0.0631858 secs]
737130.902: [GC 837730K(1025664K), 0.1532276 secs]
737137.099: [GC 837732K(1025664K), 0.0631303 secs]
737139.672: [GC 837732K(1025664K), 0.1549073 secs]
737145.852: [GC 839407K(1025664K), 0.0632130 secs]
737148.422: [GC 839553K(1025664K), 0.1564706 secs]
737154.660: [GC 839578K(1025664K), 0.0633568 secs]
737157.232: [GC 839593K(1025664K), 0.1591721 secs]
737163.512: [GC 839626K(1025664K), 0.0636514 secs]
737166.082: [GC 840413K(1025664K), 0.1665532 secs]
737172.351: [GC 841371K(1025664K), 0.0638125 secs]
737174.932: [GC 841538K(1025664K), 0.1665845 secs]
737181.182: [GC 841660K(1025664K), 0.0734946 secs]
737183.772: [GC 841660K(1025664K), 0.1647871 secs]
737189.980: [GC 842600K(1025664K), 0.0746229 secs]
737192.562: [GC 843390K(1025664K), 0.1662639 secs]
737198.793: [GC 844213K(1025664K), 0.0742588 secs]
737201.382: [GC 844213K(1025664K), 0.1686800 secs]
737207.610: [GC 844215K(1025664K), 0.0748461 secs]
737210.192: [GC 844215K(1025664K), 0.1710684 secs]
737216.420: [GC 845814K(1025664K), 0.0741401 secs]
737219.002: [GC 845950K(1025664K), 0.1735953 secs]
737225.192: [GC 846072K(1025664K), 0.0745788 secs]
737227.772: [GC 846083K(1025664K), 0.1738045 secs]
737233.950: [GC 846905K(1025664K), 0.0738297 secs]
737236.532: [GC 847690K(1025664K), 0.1759443 secs]
737242.771: [GC 847839K(1025664K), 0.0831582 secs]
737245.362: [GC 847839K(1025664K), 0.1777407 secs]
737251.580: [GC 848634K(1025664K), 0.0844861 secs]
737254.182: [GC 848634K(1025664K), 0.1826616 secs]
737260.400: [GC 849675K(1025664K), 0.0850851 secs]
737262.992: [GC 850466K(1025664K), 0.1832673 secs]
737269.322: [GC 850482K(1025664K), 0.0859758 secs]
737271.922: [GC 850486K(1025664K), 0.1878321 secs]
737278.192: [GC 851461K(1025664K), 0.0855201 secs]
737280.792: [GC 851465K(1025664K), 0.1857684 secs]
737287.010: [GC 852280K(1025664K), 0.0851599 secs]
737289.622: [GC 852280K(1025664K), 0.1868316 secs]
737295.860: [GC 853046K(1025664K), 0.0949734 secs]
737298.462: [GC 853182K(1025664K), 0.1883929 secs]
737304.761: [GC 853317K(1025664K), 0.0858951 secs]
737307.362: [GC 854129K(1025664K), 0.1906677 secs]
737313.579: [GC 854901K(1025664K), 0.0858776 secs]
737316.172: [GC 854946K(1025664K), 0.1936926 secs]
737322.404: [GC 855103K(1025664K), 0.0858448 secs]
737324.992: [GC 855103K(1025664K), 0.1969842 secs]
737331.252: [GC 855112K(1025664K), 0.0969454 secs]
737333.862: [GC 855112K(1025664K), 0.1982345 secs]
737340.150: [GC 856162K(1025664K), 0.0960441 secs]
737342.752: [GC 856928K(1025664K), 0.1980357 secs]
737349.010: [GC 856935K(1025664K), 0.0964109 secs]
737351.612: [GC 856941K(1025664K), 0.2010253 secs]
737357.840: [GC 857922K(1025664K), 0.0966625 secs]
737360.452: [GC 857931K(1025664K), 0.2018968 secs]
737366.693: [GC 858701K(1025664K), 0.0968065 secs]
737369.312: [GC 858731K(1025664K), 0.2036171 secs]
737375.572: [GC 859663K(1025664K), 0.0967084 secs]
737378.192: [GC 860583K(1025664K), 0.2108094 secs]
737384.440: [GC 860735K(1025664K), 0.0970808 secs]
737385.972: [GC 860739K(1025664K), 0.2096143 secs]
737392.264: [GC 860749K(1025664K), 0.1083710 secs]
737394.892: [GC 860749K(1025664K), 0.2093149 secs]
737401.122: [GC 862487K(1025664K), 0.1183075 secs]
737403.762: [GC 863294K(1025664K), 0.2113431 secs]
737410.010: [GC 863328K(1025664K), 0.1078426 secs]
737412.632: [GC 863328K(1025664K), 0.2138535 secs]
737418.890: [GC 864236K(1025664K), 0.1075744 secs]
737421.512: [GC 865165K(1025664K), 0.2157007 secs]
737427.801: [GC 865170K(1025664K), 0.1080774 secs]
737430.422: [GC 865172K(1025664K), 0.2174757 secs]
737436.710: [GC 865208K(1025664K), 0.1082715 secs]
737439.322: [GC 865360K(1025664K), 0.2195322 secs]
737445.590: [GC 866171K(1025664K), 0.1079399 secs]
737448.212: [GC 866176K(1025664K), 0.2261552 secs]
737454.521: [GC 866176K(1025664K), 0.1182152 secs]
737457.152: [GC 866942K(1025664K), 0.2244776 secs]
737463.480: [GC 867200K(1025664K), 0.1156389 secs]
737466.102: [GC 867202K(1025664K), 0.2308424 secs]
737472.430: [GC 868784K(1025664K), 0.1163530 secs]
737475.052: [GC 868952K(1025664K), 0.2315561 secs]
737481.380: [GC 869113K(1025664K), 0.1178251 secs]
737484.012: [GC 869122K(1025664K), 0.2319968 secs]
737490.312: [GC 869950K(1025664K), 0.1182154 secs]
737491.532: [GC 869950K(1025664K), 0.2301979 secs]
737497.750: [GC 870908K(1025664K), 0.1187323 secs]
737500.392: [GC 870908K(1025664K), 0.2327293 secs]
737506.710: [GC 871805K(1025664K), 0.1187991 secs]
737509.352: [GC 871810K(1025664K), 0.2424160 secs]
737515.709: [GC 871816K(1025664K), 0.1189962 secs]
737518.342: [GC 872763K(1025664K), 0.2367518 secs]
737524.661: [GC 872790K(1025664K), 0.1278972 secs]
737527.312: [GC 873611K(1025664K), 0.2434198 secs]
737533.620: [GC 874408K(1025664K), 0.1257015 secs]
737536.252: [GC 874408K(1025664K), 0.2418596 secs]
737542.580: [GC 874667K(1025664K), 0.1278189 secs]
737545.232: [GC 874667K(1025664K), 0.2447640 secs]
737551.541: [GC 874671K(1025664K), 0.1259620 secs]
737554.172: [GC 874677K(1025664K), 0.2514781 secs]
737560.542: [GC 876365K(1025664K), 0.1302926 secs]
737563.182: [GC 877202K(1025664K), 0.2554485 secs]
737569.593: [GC 877216K(1025664K), 0.1363096 secs]
737572.252: [GC 877216K(1025664K), 0.2572956 secs]
737578.580: [GC 878943K(1025664K), 0.1296679 secs]
737581.212: [GC 878943K(1025664K), 0.2549397 secs]
737587.540: [GC 879067K(1025664K), 0.1398882 secs]
737590.202: [GC 879072K(1025664K), 0.2575939 secs]
737596.601: [GC 879863K(1025664K), 0.1291537 secs]
737599.242: [GC 880789K(1025664K), 0.2551456 secs]
737605.630: [GC 881616K(1025664K), 0.1294981 secs]
737608.272: [GC 881650K(1025664K), 0.2557567 secs]
737614.529: [GC 881657K(1025664K), 0.1390175 secs]
737617.172: [GC 881657K(1025664K), 0.2599450 secs]
737623.521: [GC 881799K(1025664K), 0.1409581 secs]
737626.182: [GC 881921K(1025664K), 0.2638701 secs]
737632.531: [GC 882732K(1025664K), 0.1504794 secs]
737635.192: [GC 882738K(1025664K), 0.2727336 secs]
737641.533: [GC 883660K(1025664K), 0.1518186 secs]
737642.522: [GC 883662K(1025664K), 0.2623192 secs]
737648.840: [GC 884504K(1025664K), 0.1406513 secs]
737651.492: [GC 884504K(1025664K), 0.2645526 secs]
737657.821: [GC 884654K(1025664K), 0.1404360 secs]
737660.482: [GC 884654K(1025664K), 0.2742314 secs]
737666.821: [GC 885558K(1025664K), 0.1415558 secs]
737668.002: [GC 885558K(1025664K), 0.2736586 secs]
737674.340: [GC 886467K(1025664K), 0.1401307 secs]
737676.982: [GC 886473K(1025664K), 0.2760681 secs]
737683.323: [GC 886652K(1025664K), 0.1406447 secs]
737685.972: [GC 886662K(1025664K), 0.2782709 secs]
737692.292: [GC 886676K(1025664K), 0.1480791 secs]
737694.962: [GC 887465K(1025664K), 0.2805332 secs]
737701.360: [GC 888439K(1025664K), 0.1496162 secs]
737704.022: [GC 889207K(1025664K), 0.2805913 secs]
737710.453: [GC 890120K(1025664K), 0.1520794 secs]
737713.112: [GC 890124K(1025664K), 0.2819733 secs]
737719.471: [GC 891082K(1025664K), 0.1514651 secs]
737722.135: [GC 891082K(1025664K), 0.2841762 secs]
737728.461: [GC 891873K(1025664K), 0.1527084 secs]
737731.132: [GC 891873K(1025664K), 0.2890463 secs]
737737.481: [GC 891908K(1025664K), 0.1517053 secs]
737740.142: [GC 892044K(1025664K), 0.2921443 secs]
737746.519: [GC 892954K(1025664K), 0.1510731 secs]
737749.182: [GC 893749K(1025664K), 0.2888456 secs]
737755.583: [GC 893753K(1025664K), 0.1623187 secs]
737758.252: [GC 893893K(1025664K), 0.2862427 secs]
737764.640: [GC 893899K(1025664K), 0.1596013 secs]
737767.302: [GC 893944K(1025664K), 0.2906988 secs]
737773.720: [GC 894735K(1025664K), 0.1624224 secs]
737776.392: [GC 895708K(1025664K), 0.2914117 secs]
737782.770: [GC 895849K(1025664K), 0.1625602 secs]
737785.452: [GC 895849K(1025664K), 0.2946326 secs]
737791.762: [GC 895973K(1025664K), 0.1621084 secs]
737794.442: [GC 896765K(1025664K), 0.2957565 secs]
737800.829: [GC 897706K(1025664K), 0.1624384 secs]
737803.502: [GC 897706K(1025664K), 0.2976621 secs]
737809.900: [GC 899314K(1025664K), 0.1628044 secs]
737812.592: [GC 899319K(1025664K), 0.3091522 secs]
737819.042: [GC 899491K(1025664K), 0.1619173 secs]
737821.712: [GC 899491K(1025664K), 0.3018847 secs]
737828.151: [GC 899619K(1025664K), 0.1706051 secs]
737830.822: [GC 900426K(1025664K), 0.3030237 secs]
737837.182: [GC 901217K(1025664K), 0.1691208 secs]
737839.862: [GC 901358K(1025664K), 0.3069771 secs]
737846.250: [GC 901367K(1025664K), 0.1726944 secs]
737848.932: [GC 901377K(1025664K), 0.3143050 secs]
737855.361: [GC 902940K(1025664K), 0.1720661 secs]
737858.042: [GC 903119K(1025664K), 0.3141948 secs]
737864.454: [GC 903119K(1025664K), 0.1745608 secs]
737867.132: [GC 903119K(1025664K), 0.3163593 secs]
737873.519: [GC 904007K(1025664K), 0.1732120 secs]
737876.202: [GC 904009K(1025664K), 0.3179735 secs]
737882.551: [GC 904940K(1025664K), 0.1743462 secs]
737885.232: [GC 905764K(1025664K), 0.3155913 secs]
737891.611: [GC 906567K(1025664K), 0.1734215 secs]
737894.292: [GC 906576K(1025664K), 0.3168380 secs]
737900.780: [GC 906717K(1025664K), 0.1744015 secs]
737903.462: [GC 906717K(1025664K), 0.3210601 secs]
737909.831: [GC 907554K(1025664K), 0.1822831 secs]
737912.532: [GC 907676K(1025664K), 0.3201870 secs]
737918.890: [GC 907822K(1025664K), 0.1734930 secs]
737921.572: [GC 907826K(1025664K), 0.3223690 secs]
737927.949: [GC 908601K(1025664K), 0.1840612 secs]
737930.662: [GC 909395K(1025664K), 0.3256783 secs]
737937.090: [GC 909416K(1025664K), 0.1845464 secs]
737939.762: [GC 909581K(1025664K), 0.3259556 secs]
737946.150: [GC 910381K(1025664K), 0.1842799 secs]
737948.842: [GC 910381K(1025664K), 0.3298138 secs]
737955.220: [GC 910504K(1025664K), 0.1854814 secs]
737957.912: [GC 910645K(1025664K), 0.3302888 secs]
737964.260: [GC 911459K(1025664K), 0.1844466 secs]
737966.952: [GC 912245K(1025664K), 0.3317988 secs]
737973.311: [GC 913172K(1025664K), 0.1849889 secs]
737976.012: [GC 913181K(1025664K), 0.3343810 secs]
737982.349: [GC 913346K(1025664K), 0.1939827 secs]
737985.052: [GC 913382K(1025664K), 0.3356477 secs]
737991.420: [GC 914932K(1025664K), 0.1909814 secs]
737994.122: [GC 915054K(1025664K), 0.3402407 secs]
738000.469: [GC 915976K(1025664K), 0.1957569 secs]
738003.182: [GC 915990K(1025664K), 0.3394144 secs]
738009.519: [GC 915996K(1025664K), 0.1940134 secs]
738012.222: [GC 916782K(1025664K), 0.3416023 secs]
738018.560: [GC 917753K(1025664K), 0.1939495 secs]
738021.262: [GC 917753K(1025664K), 0.3438591 secs]
738027.640: [GC 917757K(1025664K), 0.1951821 secs]
738030.342: [GC 917797K(1025664K), 0.3456101 secs]
738036.690: [GC 917919K(1025664K), 0.2051285 secs]
738039.402: [GC 918059K(1025664K), 0.3478312 secs]
738045.740: [GC 919668K(1025664K), 0.2061678 secs]
738048.452: [GC 919668K(1025664K), 0.3502801 secs]
738054.850: [GC 919686K(1025664K), 0.2015838 secs]
738057.552: [GC 919692K(1025664K), 0.3525664 secs]
738063.930: [GC 920487K(1025664K), 0.2057816 secs]
738066.642: [GC 921288K(1025664K), 0.3541173 secs]
738073.010: [GC 921424K(1025664K), 0.2047977 secs]
738075.712: [GC 921712K(1025664K), 0.3555232 secs]
738082.090: [GC 922494K(1025664K), 0.2073377 secs]
738084.802: [GC 922494K(1025664K), 0.3571550 secs]
738091.290: [GC 924226K(1025664K), 0.2074504 secs]
738094.002: [GC 924271K(1025664K), 0.3596025 secs]
738100.411: [GC 925117K(1025664K), 0.2068125 secs]
738103.122: [GC 925117K(1025664K), 0.3617350 secs]
738109.490: [GC 925262K(1025664K), 0.2065340 secs]
738112.202: [GC 926069K(1025664K), 0.3714230 secs]
738118.620: [GC 926979K(1025664K), 0.2078268 secs]
738121.332: [GC 926988K(1025664K), 0.3674268 secs]
738127.690: [GC 927132K(1025664K), 0.2153534 secs]
738130.412: [GC 927132K(1025664K), 0.3675950 secs]
738136.790: [GC 928692K(1025664K), 0.2144975 secs]
738139.512: [GC 928707K(1025664K), 0.3707499 secs]
738145.930: [GC 928716K(1025664K), 0.2139981 secs]
738148.672: [GC 928885K(1025664K), 0.3718452 secs]
738155.060: [GC 928896K(1025664K), 0.2272072 secs]
738157.812: [GC 928896K(1025664K), 0.3735402 secs]
738164.220: [GC 929786K(1025664K), 0.2170578 secs]
738166.952: [GC 930569K(1025664K), 0.3773450 secs]
738173.402: [GC 931500K(1025664K), 0.2181581 secs]
738176.122: [GC 931500K(1025664K), 0.3795593 secs]
738182.500: [GC 931522K(1025664K), 0.2165479 secs]
738185.232: [GC 931531K(1025664K), 0.3791336 secs]
738191.620: [GC 933274K(1025664K), 0.2234715 secs]
738194.342: [GC 933274K(1025664K), 0.3816500 secs]
738200.729: [GC 933396K(1025664K), 0.2172370 secs]
738203.452: [GC 933396K(1025664K), 0.3843033 secs]
738209.860: [GC 934356K(1025664K), 0.2268477 secs]
738211.642: [GC 934356K(1025664K), 0.3856064 secs]
738218.091: [GC 935141K(1025664K), 0.2262594 secs]
738220.832: [GC 935159K(1025664K), 0.3870565 secs]
738227.220: [GC 935963K(1025664K), 0.2277908 secs]
738229.952: [GC 936105K(1025664K), 0.3904400 secs]
738236.390: [GC 936893K(1025664K), 0.2292889 secs]
738239.132: [GC 936922K(1025664K), 0.3939634 secs]
738245.530: [GC 937044K(1025664K), 0.2379324 secs]
738248.272: [GC 937949K(1025664K), 0.3934326 secs]
738254.690: [GC 938764K(1025664K), 0.2276817 secs]
738257.442: [GC 938766K(1025664K), 0.3961488 secs]
738263.860: [GC 938788K(1025664K), 0.2287120 secs]
738266.592: [GC 938800K(1025664K), 0.3970355 secs]
738273.080: [GC 940671K(1025664K), 0.2346001 secs]
738275.822: [GC 940675K(1025664K), 0.3985710 secs]
738282.190: [GC 940675K(1025664K), 0.2286973 secs]
738284.922: [GC 941634K(1025664K), 0.4007836 secs]
738291.311: [GC 942540K(1025664K), 0.2358650 secs]
738294.062: [GC 942554K(1025664K), 0.4296319 secs]
738300.510: [GC 942554K(1025664K), 0.2385329 secs]
738302.492: [GC 942557K(1025664K), 0.4047054 secs]
738308.889: [GC 942750K(1025664K), 0.2389113 secs]
738311.632: [GC 942750K(1025664K), 0.4078433 secs]
738318.100: [GC 944304K(1025664K), 0.2402725 secs]
738320.842: [GC 944304K(1025664K), 0.4084734 secs]
738327.280: [GC 944437K(1025664K), 0.2396209 secs]
738330.032: [GC 944577K(1025664K), 0.4105596 secs]
738336.440: [GC 944582K(1025664K), 0.2393375 secs]
738339.182: [GC 945368K(1025664K), 0.4135053 secs]
738345.610: [GC 946200K(1025664K), 0.2456928 secs]
738348.362: [GC 946351K(1025664K), 0.4231751 secs]
738354.800: [GC 946365K(1025664K), 0.2548463 secs]
738357.562: [GC 946365K(1025664K), 0.4162943 secs]
738363.989: [GC 947993K(1025664K), 0.2475154 secs]
738366.742: [GC 947993K(1025664K), 0.4194574 secs]
738373.181: [GC 949023K(1025664K), 0.2469184 secs]
738375.942: [GC 949192K(1025664K), 0.4283105 secs]
738382.352: [GC 949196K(1025664K), 0.2505834 secs]
738385.102: [GC 950014K(1025664K), 0.4222896 secs]
738391.630: [GC 950172K(1025664K), 0.2504056 secs]
738394.382: [GC 950971K(1025664K), 0.4251342 secs]
738400.820: [GC 951786K(1025664K), 0.2500572 secs]
738403.572: [GC 951786K(1025664K), 0.4270706 secs]
738410.021: [GC 951928K(1025664K), 0.2500537 secs]
738412.792: [GC 952059K(1025664K), 0.4275035 secs]
738419.272: [GC 952847K(1025664K), 0.2507039 secs]
738422.032: [GC 952852K(1025664K), 0.4300024 secs]
738428.490: [GC 953823K(1025664K), 0.2571982 secs]
738431.262: [GC 953823K(1025664K), 0.4315972 secs]
738437.710: [GC 953832K(1025664K), 0.2678763 secs]
738440.482: [GC 954632K(1025664K), 0.4344506 secs]
738446.920: [GC 955414K(1025664K), 0.2562104 secs]
738448.332: [GC 955553K(1025664K), 0.4350948 secs]
738454.760: [GC 957266K(1025664K), 0.2602393 secs]
738457.532: [GC 957266K(1025664K), 0.4376389 secs]
738463.970: [GC 957271K(1025664K), 0.2600974 secs]
738466.732: [GC 957274K(1025664K), 0.4406528 secs]
738473.210: [GC 958242K(1025664K), 0.2610245 secs]
738475.982: [GC 959015K(1025664K), 0.4481829 secs]
738482.430: [GC 959053K(1025664K), 0.2607180 secs]
738485.192: [GC 959053K(1025664K), 0.4444946 secs]
738491.700: [GC 959979K(1025664K), 0.2604363 secs]
738494.472: [GC 960101K(1025664K), 0.4477607 secs]
738500.950: [GC 960109K(1025664K), 0.2608135 secs]
738503.712: [GC 960109K(1025664K), 0.4564281 secs]
738510.180: [GC 961026K(1025664K), 0.2773464 secs]
738512.962: [GC 961042K(1025664K), 0.4496864 secs]
738519.420: [GC 962651K(1025664K), 0.2698836 secs]
738522.192: [GC 962651K(1025664K), 0.4516078 secs]
738528.652: [GC 962800K(1025664K), 0.2727351 secs]
738531.432: [GC 962800K(1025664K), 0.4558409 secs]
738537.950: [GC 963709K(1025664K), 0.2736699 secs]
738539.282: [GC 963709K(1025664K), 0.4547440 secs]
738545.770: [GC 964516K(1025664K), 0.2718590 secs]
738548.542: [GC 964662K(1025664K), 0.4572045 secs]
738555.040: [GC 965457K(1025664K), 0.2827639 secs]
738557.852: [GC 965457K(1025664K), 0.4587772 secs]
738564.320: [GC 965467K(1025664K), 0.2715391 secs]
738567.112: [GC 966274K(1025664K), 0.4614303 secs]
738573.560: [GC 966581K(1025664K), 0.2899668 secs]
738576.352: [GC 966581K(1025664K), 0.4636777 secs]
738582.789: [GC 967480K(1025664K), 0.2786693 secs]
738584.842: [GC 967513K(1025664K), 0.4643796 secs]
738591.371: [GC 967664K(1025664K), 0.2834282 secs]
738594.182: [GC 967673K(1025664K), 0.4753495 secs]
738600.730: [GC 968506K(1025664K), 0.2935990 secs]
738603.532: [GC 968512K(1025664K), 0.4688994 secs]
738610.010: [GC 969470K(1025664K), 0.2933841 secs]
738612.812: [GC 970257K(1025664K), 0.4710591 secs]
738619.310: [GC 970263K(1025664K), 0.2818849 secs]
738622.092: [GC 971152K(1025664K), 0.4727073 secs]
738628.550: [GC 971290K(1025664K), 0.2898920 secs]
738630.432: [GC 971292K(1025664K), 0.4748427 secs]
738636.909: [GC 972145K(1025664K), 0.2887784 secs]
738639.702: [GC 972163K(1025664K), 0.4770876 secs]
738646.180: [GC 972965K(1025664K), 0.3022750 secs]
738648.982: [GC 973105K(1025664K), 0.4784063 secs]
738655.460: [GC 973105K(1025664K), 0.3048621 secs]
738658.272: [GC 973912K(1025664K), 0.4806921 secs]
738664.740: [GC 974816K(1025664K), 0.2902024 secs]
738667.532: [GC 974820K(1025664K), 0.4828976 secs]
738674.010: [GC 974831K(1025664K), 0.3060200 secs]
738676.822: [GC 975813K(1025664K), 0.4852209 secs]
738683.320: [GC 976610K(1025664K), 0.2941500 secs]
738686.122: [GC 976614K(1025664K), 0.4877112 secs]
738692.592: [GC 977581K(1025664K), 0.3043036 secs]
738695.402: [GC 977581K(1025664K), 0.4895929 secs]
738701.892: [GC 977594K(1025664K), 0.2929610 secs]
738704.692: [GC 977594K(1025664K), 0.4907672 secs]
738711.201: [GC 978668K(1025664K), 0.2941584 secs]
738714.022: [GC 978674K(1025664K), 0.4925406 secs]
738720.530: [GC 978682K(1025664K), 0.3009681 secs]
738723.352: [GC 979484K(1025664K), 0.4946639 secs]
738729.860: [GC 980419K(1025664K), 0.2949190 secs]
738732.662: [GC 980435K(1025664K), 0.4979233 secs]
738739.230: [GC 981242K(1025664K), 0.2998552 secs]
738742.032: [GC 982023K(1025664K), 0.4987926 secs]
738748.539: [GC 982163K(1025664K), 0.3047551 secs]
738751.242: [GC 982285K(1025664K), 0.5000895 secs]
738757.772: [GC 983109K(1025664K), 0.3050597 secs]
738760.592: [GC 983118K(1025664K), 0.5023170 secs]
738767.080: [GC 983944K(1025664K), 0.3055397 secs]
738769.902: [GC 984082K(1025664K), 0.5049355 secs]
738776.452: [GC 984879K(1025664K), 0.3131324 secs]
738779.272: [GC 985645K(1025664K), 0.5086415 secs]
738785.770: [GC 985645K(1025664K), 0.3100987 secs]
738788.602: [GC 986593K(1025664K), 0.5102647 secs]
738795.163: [GC 986735K(1025664K), 0.3047241 secs]
738797.972: [GC 986735K(1025664K), 0.5107010 secs]
738804.509: [GC 987530K(1025664K), 0.3129964 secs]
738807.342: [GC 987539K(1025664K), 0.5134598 secs]
738810.512: [Full GC 988060K->836514K(1025664K), 3.4342569 secs]
738813.961: [GC 838288K(1025664K), 0.0642408 secs]
738817.499: [GC 839926K(1025664K), 0.0558953 secs]
738820.083: [GC 839647K(1025664K), 0.0655157 secs]
738826.216: [GC 839647K(1025664K), 0.0574192 secs]
738828.806: [GC 839646K(1025664K), 0.0671141 secs]
738834.934: [GC 840427K(1025664K), 0.0575900 secs]
738837.533: [GC 840427K(1025664K), 0.0685490 secs]
738843.724: [GC 840563K(1025664K), 0.0568511 secs]
738846.312: [GC 840565K(1025664K), 0.0708833 secs]
738852.484: [GC 841451K(1025664K), 0.0569636 secs]
738855.072: [GC 842373K(1025664K), 0.0756552 secs]
738861.214: [GC 842517K(1025664K), 0.0574835 secs]
738863.812: [GC 842517K(1025664K), 0.0743083 secs]
738869.974: [GC 842517K(1025664K), 0.0570999 secs]
738872.552: [GC 842655K(1025664K), 0.0764164 secs]
738878.714: [GC 843564K(1025664K), 0.0575711 secs]
738881.302: [GC 843564K(1025664K), 0.0784986 secs]
738887.434: [GC 843568K(1025664K), 0.0661697 secs]
738890.032: [GC 844349K(1025664K), 0.0807251 secs]
738896.174: [GC 845272K(1025664K), 0.0676894 secs]
738898.762: [GC 845412K(1025664K), 0.0819041 secs]
738904.914: [GC 847043K(1025664K), 0.0684491 secs]
738907.512: [GC 847043K(1025664K), 0.0844729 secs]
738913.654: [GC 847048K(1025664K), 0.0687912 secs]
738916.262: [GC 847048K(1025664K), 0.0876482 secs]
738922.404: [GC 847952K(1025664K), 0.0682650 secs]
738925.002: [GC 848800K(1025664K), 0.0886906 secs]
738931.144: [GC 848802K(1025664K), 0.0682049 secs]
738933.752: [GC 848934K(1025664K), 0.0892941 secs]
738939.904: [GC 850686K(1025664K), 0.0688235 secs]
738942.502: [GC 850685K(1025664K), 0.0915032 secs]
738948.663: [GC 850690K(1025664K), 0.0682171 secs]
738951.252: [GC 850690K(1025664K), 0.0936999 secs]
738957.444: [GC 851476K(1025664K), 0.0773214 secs]
738959.452: [GC 851615K(1025664K), 0.0948442 secs]
738965.613: [GC 852386K(1025664K), 0.0692552 secs]
738968.212: [GC 852415K(1025664K), 0.0972612 secs]
738974.374: [GC 852563K(1025664K), 0.0789024 secs]
738976.972: [GC 853530K(1025664K), 0.0993813 secs]
738983.164: [GC 854516K(1025664K), 0.0792552 secs]
738985.772: [GC 854516K(1025664K), 0.1019899 secs]
738991.923: [GC 854518K(1025664K), 0.0791017 secs]
738994.532: [GC 854518K(1025664K), 0.1028695 secs]
739000.704: [GC 855415K(1025664K), 0.0797099 secs]
739003.312: [GC 855415K(1025664K), 0.1051160 secs]
739009.504: [GC 856189K(1025664K), 0.0790152 secs]
739012.112: [GC 856203K(1025664K), 0.1100783 secs]
739018.314: [GC 856490K(1025664K), 0.0798354 secs]
739019.692: [GC 856525K(1025664K), 0.1082528 secs]
739025.924: [GC 857318K(1025664K), 0.0789507 secs]
739028.532: [GC 857318K(1025664K), 0.1102239 secs]
739034.724: [GC 857318K(1025664K), 0.0801434 secs]
739037.332: [GC 858154K(1025664K), 0.1124557 secs]
739043.524: [GC 859077K(1025664K), 0.0897901 secs]
739046.142: [GC 859077K(1025664K), 0.1145385 secs]
739052.304: [GC 859975K(1025664K), 0.0905694 secs]
739054.922: [GC 860755K(1025664K), 0.1166726 secs]
739061.104: [GC 860944K(1025664K), 0.0907053 secs]
739063.722: [GC 860943K(1025664K), 0.1178789 secs]
739069.904: [GC 860943K(1025664K), 0.0902905 secs]
739072.522: [GC 861709K(1025664K), 0.1200017 secs]
739078.724: [GC 862612K(1025664K), 0.0907413 secs]
739080.032: [GC 862612K(1025664K), 0.1210256 secs]
739086.264: [GC 863458K(1025664K), 0.0905781 secs]
739088.882: [GC 863458K(1025664K), 0.1253226 secs]
739095.064: [GC 863600K(1025664K), 0.0905679 secs]
739097.682: [GC 864525K(1025664K), 0.1255685 secs]
739103.874: [GC 865376K(1025664K), 0.0986532 secs]
739106.502: [GC 865376K(1025664K), 0.1364942 secs]
739112.664: [GC 865412K(1025664K), 0.1008923 secs]
739115.272: [GC 865445K(1025664K), 0.1289995 secs]
739121.494: [GC 866416K(1025664K), 0.1013907 secs]
739124.132: [GC 866415K(1025664K), 0.1311243 secs]
739130.344: [GC 866415K(1025664K), 0.1018848 secs]
739132.972: [GC 866538K(1025664K), 0.1333446 secs]
739139.184: [GC 867495K(1025664K), 0.1021218 secs]
739140.472: [GC 867516K(1025664K), 0.1346348 secs]
739146.704: [GC 869080K(1025664K), 0.1019382 secs]
739149.342: [GC 869080K(1025664K), 0.1364198 secs]
739155.543: [GC 869080K(1025664K), 0.1009402 secs]
739158.172: [GC 869218K(1025664K), 0.1386507 secs]
739164.384: [GC 869978K(1025664K), 0.1015319 secs]
739167.022: [GC 870759K(1025664K), 0.1411727 secs]
739173.214: [GC 871028K(1025664K), 0.1019686 secs]
739175.842: [GC 871879K(1025664K), 0.1432371 secs]
739182.094: [GC 872851K(1025664K), 0.1102844 secs]
739184.742: [GC 872851K(1025664K), 0.1448455 secs]
739190.954: [GC 872851K(1025664K), 0.1129130 secs]
739193.592: [GC 872851K(1025664K), 0.1493295 secs]
739199.824: [GC 873830K(1025664K), 0.1118335 secs]
739200.762: [GC 873834K(1025664K), 0.1478023 secs]
739207.004: [GC 873836K(1025664K), 0.1128285 secs]
739209.662: [GC 873836K(1025664K), 0.1496057 secs]
739215.873: [GC 874757K(1025664K), 0.1117578 secs]
739218.512: [GC 874913K(1025664K), 0.1519593 secs]
739224.724: [GC 874929K(1025664K), 0.1124283 secs]
739227.372: [GC 875689K(1025664K), 0.1537591 secs]
739233.544: [GC 875727K(1025664K), 0.1124566 secs]
739236.182: [GC 876494K(1025664K), 0.1560689 secs]
739242.404: [GC 876631K(1025664K), 0.1131249 secs]
739245.042: [GC 876631K(1025664K), 0.1571028 secs]
739251.264: [GC 877468K(1025664K), 0.1221159 secs]
739253.912: [GC 877590K(1025664K), 0.1595715 secs]
739260.134: [GC 878521K(1025664K), 0.1212328 secs]
739261.082: [GC 878521K(1025664K), 0.1613147 secs]
739267.334: [GC 879333K(1025664K), 0.1225208 secs]
739270.002: [GC 879333K(1025664K), 0.1625623 secs]
739276.254: [GC 879500K(1025664K), 0.1232359 secs]
739278.902: [GC 879636K(1025664K), 0.1648709 secs]
739285.134: [GC 880397K(1025664K), 0.1237795 secs]
739287.782: [GC 881174K(1025664K), 0.1673827 secs]
739294.054: [GC 882134K(1025664K), 0.1240868 secs]
739296.702: [GC 882930K(1025664K), 0.1698645 secs]
739302.934: [GC 883107K(1025664K), 0.1239349 secs]
739305.582: [GC 883123K(1025664K), 0.1702920 secs]
739311.814: [GC 883958K(1025664K), 0.1347776 secs]
739314.472: [GC 883958K(1025664K), 0.1724528 secs]
739320.704: [GC 884880K(1025664K), 0.1345420 secs]
739321.472: [GC 884885K(1025664K), 0.1739543 secs]
739327.764: [GC 884887K(1025664K), 0.1345603 secs]
739330.422: [GC 884887K(1025664K), 0.1759022 secs]
739336.664: [GC 885789K(1025664K), 0.1326357 secs]
739339.322: [GC 886696K(1025664K), 0.1776642 secs]
739345.594: [GC 886724K(1025664K), 0.1343515 secs]
739348.262: [GC 886730K(1025664K), 0.1800105 secs]
739354.524: [GC 886761K(1025664K), 0.1349039 secs]
739357.182: [GC 886761K(1025664K), 0.1823637 secs]
739363.474: [GC 887679K(1025664K), 0.1340819 secs]
739366.132: [GC 887679K(1025664K), 0.1833488 secs]
739372.394: [GC 888514K(1025664K), 0.1346882 secs]
739375.072: [GC 888646K(1025664K), 0.1859994 secs]
739381.334: [GC 888801K(1025664K), 0.1340608 secs]
739383.992: [GC 889573K(1025664K), 0.1874765 secs]
739390.254: [GC 890383K(1025664K), 0.1423909 secs]
739392.922: [GC 890383K(1025664K), 0.1898205 secs]
739399.184: [GC 890519K(1025664K), 0.1352065 secs]
739401.862: [GC 890519K(1025664K), 0.1906812 secs]
739408.134: [GC 892047K(1025664K), 0.1350186 secs]
739410.792: [GC 892047K(1025664K), 0.1932899 secs]
739417.064: [GC 893041K(1025664K), 0.1463376 secs]
739419.752: [GC 893973K(1025664K), 0.1956871 secs]
739426.044: [GC 893983K(1025664K), 0.1448745 secs]
739428.722: [GC 893993K(1025664K), 0.1983935 secs]
739434.994: [GC 894008K(1025664K), 0.1450658 secs]
739437.662: [GC 894144K(1025664K), 0.1995571 secs]
739443.924: [GC 895008K(1025664K), 0.1453889 secs]
739446.592: [GC 895008K(1025664K), 0.2010525 secs]
739452.884: [GC 895008K(1025664K), 0.1460729 secs]
739455.552: [GC 895130K(1025664K), 0.2025147 secs]
739461.834: [GC 896073K(1025664K), 0.1525294 secs]
739464.522: [GC 896931K(1025664K), 0.2049071 secs]
739470.784: [GC 896985K(1025664K), 0.1459372 secs]
739473.452: [GC 897893K(1025664K), 0.2067235 secs]
739479.764: [GC 898031K(1025664K), 0.1544618 secs]
739482.442: [GC 898031K(1025664K), 0.2087149 secs]
739488.744: [GC 898792K(1025664K), 0.1539426 secs]
739491.422: [GC 898792K(1025664K), 0.2106087 secs]
739497.714: [GC 899825K(1025664K), 0.1559776 secs]
739500.392: [GC 900617K(1025664K), 0.2122784 secs]
739506.704: [GC 900628K(1025664K), 0.1564318 secs]
739509.392: [GC 900667K(1025664K), 0.2141562 secs]
739515.704: [GC 900673K(1025664K), 0.1573827 secs]
739518.382: [GC 901652K(1025664K), 0.2164969 secs]
739524.664: [GC 902444K(1025664K), 0.1565323 secs]
739527.342: [GC 902444K(1025664K), 0.2172315 secs]
739533.624: [GC 902446K(1025664K), 0.1562608 secs]
739536.312: [GC 902568K(1025664K), 0.2194390 secs]
739542.584: [GC 903563K(1025664K), 0.1565823 secs]
739545.262: [GC 904344K(1025664K), 0.2215437 secs]
739551.554: [GC 904375K(1025664K), 0.1651269 secs]
739554.252: [GC 905136K(1025664K), 0.2311330 secs]
739560.584: [GC 905303K(1025664K), 0.1665212 secs]
739563.292: [GC 905303K(1025664K), 0.2257957 secs]
739569.584: [GC 905303K(1025664K), 0.1679616 secs]
739572.272: [GC 905303K(1025664K), 0.2269108 secs]
739578.584: [GC 907285K(1025664K), 0.1662940 secs]
739581.292: [GC 907296K(1025664K), 0.2292045 secs]
739587.604: [GC 907305K(1025664K), 0.1690007 secs]
739589.842: [GC 907320K(1025664K), 0.2316255 secs]
739596.144: [GC 908111K(1025664K), 0.1677635 secs]
739598.832: [GC 908278K(1025664K), 0.2340874 secs]
739605.164: [GC 908278K(1025664K), 0.1688579 secs]
739607.852: [GC 908278K(1025664K), 0.2418346 secs]
739614.164: [GC 909832K(1025664K), 0.1672831 secs]
739616.882: [GC 909834K(1025664K), 0.2368070 secs]
739623.124: [GC 910115K(1025664K), 0.1747817 secs]
739625.822: [GC 910880K(1025664K), 0.2391104 secs]
739632.154: [GC 911763K(1025664K), 0.1758145 secs]
739634.852: [GC 911769K(1025664K), 0.2435972 secs]
739641.173: [GC 911911K(1025664K), 0.1774056 secs]
739643.892: [GC 912676K(1025664K), 0.2429793 secs]
739650.214: [GC 913527K(1025664K), 0.1780899 secs]
739652.932: [GC 913527K(1025664K), 0.2440211 secs]
739659.264: [GC 914559K(1025664K), 0.1767073 secs]
739661.982: [GC 914565K(1025664K), 0.2466694 secs]
739668.324: [GC 914572K(1025664K), 0.1785481 secs]
739671.032: [GC 915363K(1025664K), 0.2484558 secs]
739677.394: [GC 916150K(1025664K), 0.1787926 secs]
739680.112: [GC 916315K(1025664K), 0.2503914 secs]
739686.504: [GC 916315K(1025664K), 0.1788024 secs]
739689.212: [GC 916315K(1025664K), 0.2524737 secs]
739695.524: [GC 917158K(1025664K), 0.1870331 secs]
739698.242: [GC 917302K(1025664K), 0.2538854 secs]
739704.563: [GC 918204K(1025664K), 0.1863884 secs]
739707.282: [GC 918204K(1025664K), 0.2557005 secs]
739713.604: [GC 919005K(1025664K), 0.1851378 secs]
739716.312: [GC 919041K(1025664K), 0.2579211 secs]
739722.654: [GC 919205K(1025664K), 0.1958481 secs]
739725.372: [GC 920040K(1025664K), 0.2599573 secs]
739731.694: [GC 920818K(1025664K), 0.1880091 secs]
739734.412: [GC 920818K(1025664K), 0.2627965 secs]
739740.774: [GC 921088K(1025664K), 0.1898988 secs]
739743.502: [GC 921094K(1025664K), 0.2636415 secs]
739749.854: [GC 921859K(1025664K), 0.1904818 secs]
739752.572: [GC 921869K(1025664K), 0.2660713 secs]
739758.914: [GC 922802K(1025664K), 0.1952821 secs]
739761.632: [GC 922816K(1025664K), 0.2684411 secs]
739767.974: [GC 922818K(1025664K), 0.1901948 secs]
739770.692: [GC 923634K(1025664K), 0.2706967 secs]
739777.014: [GC 924536K(1025664K), 0.1982877 secs]
739779.742: [GC 925516K(1025664K), 0.2721717 secs]
739786.083: [GC 925644K(1025664K), 0.1980665 secs]
739788.812: [GC 925649K(1025664K), 0.2729322 secs]
739795.154: [GC 926446K(1025664K), 0.2004138 secs]
739797.902: [GC 926592K(1025664K), 0.2776731 secs]
739804.233: [GC 926621K(1025664K), 0.1991858 secs]
739806.962: [GC 926621K(1025664K), 0.2828635 secs]
739813.334: [GC 927402K(1025664K), 0.2007025 secs]
739816.062: [GC 928168K(1025664K), 0.2943724 secs]
739822.433: [GC 928440K(1025664K), 0.2006432 secs]
739825.162: [GC 928446K(1025664K), 0.2840632 secs]
739831.473: [GC 928453K(1025664K), 0.2008463 secs]
739834.212: [GC 928462K(1025664K), 0.2859416 secs]
739840.574: [GC 930246K(1025664K), 0.2093637 secs]
739843.332: [GC 930246K(1025664K), 0.2850479 secs]
739849.694: [GC 930255K(1025664K), 0.2092370 secs]
739852.442: [GC 930255K(1025664K), 0.2971528 secs]
739858.814: [GC 931236K(1025664K), 0.2097765 secs]
739859.572: [GC 931236K(1025664K), 0.2885256 secs]
739865.944: [GC 932912K(1025664K), 0.2095912 secs]
739868.682: [GC 932912K(1025664K), 0.2926312 secs]
739875.074: [GC 933094K(1025664K), 0.2116740 secs]
739877.822: [GC 933234K(1025664K), 0.2922416 secs]
739884.173: [GC 934021K(1025664K), 0.2116806 secs]
739886.912: [GC 934808K(1025664K), 0.2983766 secs]
739893.263: [GC 934836K(1025664K), 0.2110130 secs]
739896.012: [GC 935602K(1025664K), 0.3040266 secs]
739902.384: [GC 936580K(1025664K), 0.2104797 secs]
739905.122: [GC 936703K(1025664K), 0.3098447 secs]
739911.504: [GC 936713K(1025664K), 0.2118543 secs]
739914.252: [GC 936725K(1025664K), 0.3008923 secs]
739920.604: [GC 937642K(1025664K), 0.2197727 secs]
739923.352: [GC 937642K(1025664K), 0.3025504 secs]
739929.724: [GC 937671K(1025664K), 0.2276726 secs]
739932.502: [GC 938452K(1025664K), 0.3043387 secs]
739938.884: [GC 939365K(1025664K), 0.2211205 secs]
739941.642: [GC 939365K(1025664K), 0.3075125 secs]
739948.014: [GC 939496K(1025664K), 0.2221679 secs]
739950.132: [GC 939496K(1025664K), 0.3105547 secs]
739956.514: [GC 940291K(1025664K), 0.2227694 secs]
739959.262: [GC 940460K(1025664K), 0.3098251 secs]
739965.644: [GC 942009K(1025664K), 0.2237301 secs]
739968.402: [GC 942019K(1025664K), 0.3202810 secs]
739974.784: [GC 942019K(1025664K), 0.2226964 secs]
739977.542: [GC 942019K(1025664K), 0.3141351 secs]
739983.944: [GC 942163K(1025664K), 0.2229404 secs]
739986.702: [GC 942998K(1025664K), 0.3171459 secs]
739993.104: [GC 943907K(1025664K), 0.2305466 secs]
739995.862: [GC 943924K(1025664K), 0.3218997 secs]
740002.254: [GC 944074K(1025664K), 0.2311597 secs]
740005.022: [GC 944080K(1025664K), 0.3242618 secs]
740011.373: [GC 945711K(1025664K), 0.2438939 secs]
740014.142: [GC 945741K(1025664K), 0.3305009 secs]
740020.574: [GC 945885K(1025664K), 0.2337871 secs]
740023.352: [GC 946672K(1025664K), 0.3241733 secs]
740029.744: [GC 947641K(1025664K), 0.2345197 secs]
740032.512: [GC 947643K(1025664K), 0.3360536 secs]
740038.944: [GC 947793K(1025664K), 0.2341215 secs]
740040.852: [GC 947793K(1025664K), 0.3322437 secs]
740047.304: [GC 948582K(1025664K), 0.2327051 secs]
740050.072: [GC 948611K(1025664K), 0.3355048 secs]
740056.463: [GC 949402K(1025664K), 0.2399874 secs]
740059.232: [GC 949546K(1025664K), 0.3319839 secs]
740065.644: [GC 949546K(1025664K), 0.2316161 secs]
740068.422: [GC 950311K(1025664K), 0.3356022 secs]
740074.834: [GC 950575K(1025664K), 0.2424629 secs]
740077.622: [GC 951341K(1025664K), 0.3357351 secs]
740084.024: [GC 952330K(1025664K), 0.2420266 secs]
740086.792: [GC 952343K(1025664K), 0.3388962 secs]
740093.203: [GC 952345K(1025664K), 0.2438795 secs]
740095.972: [GC 952345K(1025664K), 0.3401217 secs]
740102.384: [GC 953278K(1025664K), 0.2448222 secs]
740105.152: [GC 953278K(1025664K), 0.3469970 secs]
740111.574: [GC 954123K(1025664K), 0.2448493 secs]
740114.362: [GC 954251K(1025664K), 0.3434395 secs]
740120.784: [GC 955169K(1025664K), 0.2459170 secs]
740123.582: [GC 955173K(1025664K), 0.3461973 secs]
740130.014: [GC 955216K(1025664K), 0.2509461 secs]
740131.512: [GC 955216K(1025664K), 0.3461735 secs]
740137.924: [GC 956913K(1025664K), 0.2496359 secs]
740140.702: [GC 956917K(1025664K), 0.3513586 secs]
740147.143: [GC 956917K(1025664K), 0.2605933 secs]
740149.932: [GC 956919K(1025664K), 0.3526203 secs]
740156.383: [GC 957813K(1025664K), 0.2548720 secs]
740159.162: [GC 958735K(1025664K), 0.3587129 secs]
740165.583: [GC 959520K(1025664K), 0.2539998 secs]
740168.362: [GC 960392K(1025664K), 0.3550145 secs]
740174.774: [GC 960399K(1025664K), 0.2641311 secs]
740177.582: [GC 960567K(1025664K), 0.3575910 secs]
740184.024: [GC 960576K(1025664K), 0.2544813 secs]
740186.802: [GC 960576K(1025664K), 0.3601667 secs]
740193.284: [GC 962265K(1025664K), 0.2548592 secs]
740196.062: [GC 962393K(1025664K), 0.3688852 secs]
740202.504: [GC 962401K(1025664K), 0.2605959 secs]
740205.292: [GC 962410K(1025664K), 0.3623132 secs]
740211.723: [GC 963401K(1025664K), 0.2664275 secs]
740214.522: [GC 964175K(1025664K), 0.3749986 secs]
740220.974: [GC 964208K(1025664K), 0.2664133 secs]
740223.762: [GC 964208K(1025664K), 0.3668369 secs]
740230.284: [GC 965126K(1025664K), 0.2644626 secs]
740233.072: [GC 965126K(1025664K), 0.3768802 secs]
740239.524: [GC 965255K(1025664K), 0.2663223 secs]
740242.332: [GC 965255K(1025664K), 0.3699740 secs]
740248.774: [GC 967017K(1025664K), 0.2658620 secs]
740251.572: [GC 967023K(1025664K), 0.3723658 secs]
740258.014: [GC 967840K(1025664K), 0.2664629 secs]
740260.802: [GC 967850K(1025664K), 0.3771748 secs]
740267.263: [GC 967850K(1025664K), 0.2710198 secs]
740270.062: [GC 968759K(1025664K), 0.3834289 secs]
740276.514: [GC 969540K(1025664K), 0.2765610 secs]
740279.322: [GC 969668K(1025664K), 0.3787623 secs]
740285.774: [GC 969668K(1025664K), 0.2672930 secs]
740288.572: [GC 970689K(1025664K), 0.3809173 secs]
740295.084: [GC 971497K(1025664K), 0.2754697 secs]
740297.902: [GC 971497K(1025664K), 0.3910425 secs]
740304.373: [GC 971503K(1025664K), 0.2749113 secs]
740307.172: [GC 971503K(1025664K), 0.3894488 secs]
740313.634: [GC 972479K(1025664K), 0.2774384 secs]
740316.442: [GC 972515K(1025664K), 0.3865478 secs]
740322.854: [GC 972643K(1025664K), 0.2782034 secs]
740325.662: [GC 972648K(1025664K), 0.3888046 secs]
740332.124: [GC 973643K(1025664K), 0.2755095 secs]
740334.942: [GC 974408K(1025664K), 0.3908796 secs]
740341.414: [GC 975228K(1025664K), 0.2765374 secs]
740344.222: [GC 975228K(1025664K), 0.3938435 secs]
740350.683: [GC 975379K(1025664K), 0.2761144 secs]
740353.492: [GC 975379K(1025664K), 0.3952917 secs]
740359.944: [GC 976142K(1025664K), 0.2830366 secs]
740362.752: [GC 976148K(1025664K), 0.3963987 secs]
740369.213: [GC 977199K(1025664K), 0.2853756 secs]
740372.022: [GC 977355K(1025664K), 0.4041317 secs]
740378.504: [GC 977392K(1025664K), 0.2843062 secs]
740381.322: [GC 977403K(1025664K), 0.4003668 secs]
740387.794: [GC 978326K(1025664K), 0.2887899 secs]
740390.622: [GC 979100K(1025664K), 0.4027905 secs]
740397.104: [GC 979100K(1025664K), 0.2875211 secs]
740399.932: [GC 980726K(1025664K), 0.4107922 secs]
740406.414: [GC 980857K(1025664K), 0.2894936 secs]
740409.242: [GC 980993K(1025664K), 0.4077365 secs]
740415.703: [GC 981021K(1025664K), 0.2887578 secs]
740418.522: [GC 981782K(1025664K), 0.4087111 secs]
740425.003: [GC 982577K(1025664K), 0.2885573 secs]
740427.822: [GC 982717K(1025664K), 0.4153372 secs]
740434.273: [GC 982751K(1025664K), 0.2884851 secs]
740437.082: [GC 982751K(1025664K), 0.4180358 secs]
740443.604: [GC 983512K(1025664K), 0.2978376 secs]
740446.432: [GC 983518K(1025664K), 0.4178248 secs]
740452.904: [GC 983782K(1025664K), 0.3051276 secs]
740455.742: [GC 984576K(1025664K), 0.4215335 secs]
740462.243: [GC 985395K(1025664K), 0.2964953 secs]
740463.612: [GC 985395K(1025664K), 0.4187274 secs]
740470.104: [GC 986376K(1025664K), 0.2985427 secs]
740472.922: [GC 986376K(1025664K), 0.4240471 secs]
740479.414: [GC 987312K(1025664K), 0.2972378 secs]
740482.252: [GC 987312K(1025664K), 0.4410939 secs]
740488.764: [GC 988289K(1025664K), 0.2992379 secs]
740490.062: [GC 988414K(1025664K), 0.4314192 secs]
740496.644: [GC 988429K(1025664K), 0.2992019 secs]
740499.472: [GC 989237K(1025664K), 0.4258416 secs]
740505.964: [GC 990082K(1025664K), 0.3053661 secs]
740508.792: [GC 990222K(1025664K), 0.4320465 secs]
740515.294: [GC 991003K(1025664K), 0.3068213 secs]
740518.142: [GC 991003K(1025664K), 0.4364831 secs]
740524.613: [GC 991014K(1025664K), 0.3059242 secs]
740527.452: [GC 991014K(1025664K), 0.4312968 secs]
740533.944: [GC 991910K(1025664K), 0.3095170 secs]
740536.782: [GC 991920K(1025664K), 0.4380203 secs]
740543.303: [GC 991940K(1025664K), 0.3083938 secs]
740546.142: [GC 991940K(1025664K), 0.4514608 secs]
740552.674: [GC 992877K(1025664K), 0.3103858 secs]
740554.362: [GC 992877K(1025664K), 0.4368469 secs]
740560.904: [GC 994487K(1025664K), 0.3097463 secs]
740563.742: [GC 994487K(1025664K), 0.4416988 secs]
740570.253: [GC 994633K(1025664K), 0.3086804 secs]
740573.092: [GC 994639K(1025664K), 0.4565952 secs]
740578.852: [Full GC 995615K->872189K(1025664K), 3.5017897 secs]
740582.376: [GC 874678K(1025664K), 0.1900232 secs]
740586.123: [GC 875494K(1025664K), 0.1443115 secs]
740587.572: [GC 875494K(1025664K), 0.1905260 secs]
740593.844: [GC 876224K(1025664K), 0.1458710 secs]
740596.532: [GC 876226K(1025664K), 0.1939942 secs]
740602.814: [GC 876250K(1025664K), 0.1453734 secs]
740605.492: [GC 876252K(1025664K), 0.1952254 secs]
740611.774: [GC 877177K(1025664K), 0.1452612 secs]
740612.812: [GC 877205K(1025664K), 0.1959944 secs]
740619.124: [GC 877211K(1025664K), 0.1457538 secs]
740621.792: [GC 877358K(1025664K), 0.1981316 secs]
740628.054: [GC 877501K(1025664K), 0.1451266 secs]
740630.732: [GC 878215K(1025664K), 0.2003625 secs]
740637.004: [GC 879042K(1025664K), 0.1529170 secs]
740639.692: [GC 879042K(1025664K), 0.2025285 secs]
740645.994: [GC 879042K(1025664K), 0.1528425 secs]
740648.672: [GC 879925K(1025664K), 0.2043851 secs]
740654.954: [GC 879927K(1025664K), 0.1463433 secs]
740657.652: [GC 879932K(1025664K), 0.2057482 secs]
740663.914: [GC 881634K(1025664K), 0.1560053 secs]
740666.612: [GC 881643K(1025664K), 0.2103876 secs]
740672.914: [GC 881921K(1025664K), 0.1573651 secs]
740675.602: [GC 882704K(1025664K), 0.2098154 secs]
740681.884: [GC 882704K(1025664K), 0.1563574 secs]
740684.572: [GC 882704K(1025664K), 0.2118681 secs]
740690.874: [GC 883558K(1025664K), 0.1568348 secs]
740693.562: [GC 884333K(1025664K), 0.2143959 secs]
740699.844: [GC 884349K(1025664K), 0.1563151 secs]
740702.522: [GC 884514K(1025664K), 0.2149917 secs]
740708.824: [GC 885381K(1025664K), 0.1568553 secs]
740711.512: [GC 885383K(1025664K), 0.2173137 secs]
740717.814: [GC 885383K(1025664K), 0.1636767 secs]
740720.512: [GC 886213K(1025664K), 0.2220210 secs]
740726.803: [GC 886948K(1025664K), 0.1574279 secs]
740729.492: [GC 887092K(1025664K), 0.2216631 secs]
740735.784: [GC 887836K(1025664K), 0.1676183 secs]
740738.482: [GC 887842K(1025664K), 0.2226474 secs]
740744.794: [GC 887996K(1025664K), 0.1673582 secs]
740747.492: [GC 887996K(1025664K), 0.2249873 secs]
740753.794: [GC 889502K(1025664K), 0.1674505 secs]
740756.492: [GC 889502K(1025664K), 0.2290930 secs]
740762.784: [GC 889640K(1025664K), 0.1682263 secs]
740763.772: [GC 889640K(1025664K), 0.2282848 secs]
740770.084: [GC 889668K(1025664K), 0.1667798 secs]
740772.792: [GC 889668K(1025664K), 0.2314968 secs]
740779.114: [GC 891599K(1025664K), 0.1685962 secs]
740781.812: [GC 891731K(1025664K), 0.2328354 secs]
740788.154: [GC 891735K(1025664K), 0.1752884 secs]
740790.062: [GC 891735K(1025664K), 0.2430832 secs]
740796.373: [GC 892451K(1025664K), 0.1764964 secs]
740799.072: [GC 892588K(1025664K), 0.2446964 secs]
740805.414: [GC 893316K(1025664K), 0.1776458 secs]
740808.122: [GC 893320K(1025664K), 0.2499013 secs]
740814.444: [GC 894038K(1025664K), 0.1775950 secs]
740817.152: [GC 894038K(1025664K), 0.2419236 secs]
740823.534: [GC 895090K(1025664K), 0.1786067 secs]
740824.382: [GC 895090K(1025664K), 0.2435762 secs]
740830.713: [GC 896680K(1025664K), 0.1794291 secs]
740833.432: [GC 896680K(1025664K), 0.2433785 secs]
740839.754: [GC 896825K(1025664K), 0.1778395 secs]
740842.482: [GC 896825K(1025664K), 0.2452875 secs]
740848.794: [GC 897599K(1025664K), 0.1785289 secs]
740851.502: [GC 898415K(1025664K), 0.2494937 secs]
740857.794: [GC 898610K(1025664K), 0.1797348 secs]
740860.512: [GC 899456K(1025664K), 0.2501094 secs]
740866.834: [GC 900201K(1025664K), 0.1855360 secs]
740869.562: [GC 900201K(1025664K), 0.2532999 secs]
740875.914: [GC 900928K(1025664K), 0.1881729 secs]
740878.632: [GC 901064K(1025664K), 0.2528601 secs]
740884.974: [GC 901811K(1025664K), 0.1960127 secs]
740887.692: [GC 901811K(1025664K), 0.2555323 secs]
740894.024: [GC 901839K(1025664K), 0.1904021 secs]
740896.752: [GC 901855K(1025664K), 0.2579288 secs]
740903.104: [GC 902925K(1025664K), 0.1898381 secs]
740905.822: [GC 903745K(1025664K), 0.2624832 secs]
740912.173: [GC 903745K(1025664K), 0.1891553 secs]
740914.902: [GC 903745K(1025664K), 0.2610655 secs]
740921.223: [GC 903883K(1025664K), 0.1898656 secs]
740923.942: [GC 903887K(1025664K), 0.2666365 secs]
740930.274: [GC 905332K(1025664K), 0.1951580 secs]
740933.012: [GC 905332K(1025664K), 0.2703944 secs]
740939.374: [GC 905625K(1025664K), 0.1975581 secs]
740942.092: [GC 905629K(1025664K), 0.2794582 secs]
740948.444: [GC 906450K(1025664K), 0.2055014 secs]
740951.182: [GC 906450K(1025664K), 0.2722017 secs]
740957.574: [GC 906459K(1025664K), 0.1993184 secs]
740960.322: [GC 907276K(1025664K), 0.2718104 secs]
740966.684: [GC 908051K(1025664K), 0.2084936 secs]
740969.422: [GC 908187K(1025664K), 0.2724237 secs]
740975.753: [GC 908337K(1025664K), 0.2005449 secs]
740978.502: [GC 908507K(1025664K), 0.2745026 secs]
740984.864: [GC 909346K(1025664K), 0.1998197 secs]
740987.592: [GC 910072K(1025664K), 0.2763459 secs]
740993.944: [GC 910072K(1025664K), 0.1995406 secs]
740996.672: [GC 910072K(1025664K), 0.2789924 secs]
741003.014: [GC 911028K(1025664K), 0.2066555 secs]
741005.742: [GC 911805K(1025664K), 0.2808417 secs]
741012.114: [GC 912550K(1025664K), 0.2107774 secs]
741014.852: [GC 912559K(1025664K), 0.2971193 secs]
741021.234: [GC 913565K(1025664K), 0.2063677 secs]
741023.962: [GC 913569K(1025664K), 0.2905729 secs]
741030.343: [GC 914349K(1025664K), 0.2095481 secs]
741033.082: [GC 914349K(1025664K), 0.2950068 secs]
741039.454: [GC 914488K(1025664K), 0.2108146 secs]
741042.192: [GC 915228K(1025664K), 0.2945732 secs]
741048.553: [GC 916047K(1025664K), 0.2110866 secs]
741051.302: [GC 916047K(1025664K), 0.2931184 secs]
741057.693: [GC 916214K(1025664K), 0.2118526 secs]
741060.432: [GC 916336K(1025664K), 0.2920760 secs]
741066.814: [GC 917815K(1025664K), 0.2216035 secs]
741069.562: [GC 917815K(1025664K), 0.2938936 secs]
741075.944: [GC 917991K(1025664K), 0.2192285 secs]
741078.702: [GC 918130K(1025664K), 0.2963937 secs]
741085.074: [GC 918905K(1025664K), 0.2197727 secs]
741087.822: [GC 919619K(1025664K), 0.2985361 secs]
741094.143: [GC 919625K(1025664K), 0.2217551 secs]
741096.892: [GC 919648K(1025664K), 0.3039101 secs]
741103.253: [GC 920761K(1025664K), 0.2231738 secs]
741106.002: [GC 921491K(1025664K), 0.3088871 secs]
741112.384: [GC 921491K(1025664K), 0.2227181 secs]
741115.142: [GC 921491K(1025664K), 0.3140053 secs]
741121.544: [GC 922448K(1025664K), 0.2230532 secs]
741124.302: [GC 922450K(1025664K), 0.3071279 secs]
741130.764: [GC 923228K(1025664K), 0.2228594 secs]
741133.522: [GC 923228K(1025664K), 0.3088926 secs]
741139.914: [GC 924144K(1025664K), 0.2234915 secs]
741142.662: [GC 924144K(1025664K), 0.3108583 secs]
741149.054: [GC 924877K(1025664K), 0.2230523 secs]
741151.812: [GC 925693K(1025664K), 0.3127610 secs]
741158.183: [GC 925871K(1025664K), 0.2303382 secs]
741160.942: [GC 925871K(1025664K), 0.3191797 secs]
741167.324: [GC 927369K(1025664K), 0.2301312 secs]
741170.082: [GC 927369K(1025664K), 0.3211940 secs]
741176.474: [GC 927395K(1025664K), 0.2302887 secs]
741179.232: [GC 927662K(1025664K), 0.3183679 secs]
741185.614: [GC 928440K(1025664K), 0.2325639 secs]
741188.392: [GC 928445K(1025664K), 0.3206971 secs]
741194.814: [GC 928445K(1025664K), 0.2398115 secs]
741197.592: [GC 928445K(1025664K), 0.3222312 secs]
741203.984: [GC 929172K(1025664K), 0.2392327 secs]
741206.752: [GC 929988K(1025664K), 0.3244833 secs]
741213.193: [GC 930130K(1025664K), 0.2482940 secs]
741215.972: [GC 930150K(1025664K), 0.3310634 secs]
741222.374: [GC 931041K(1025664K), 0.2341861 secs]
741225.132: [GC 931045K(1025664K), 0.3358004 secs]
741231.554: [GC 932005K(1025664K), 0.2344288 secs]
741234.342: [GC 932005K(1025664K), 0.3365817 secs]
741240.754: [GC 932007K(1025664K), 0.2393221 secs]
741243.532: [GC 932734K(1025664K), 0.3322275 secs]
741249.934: [GC 932873K(1025664K), 0.2444095 secs]
741252.702: [GC 933647K(1025664K), 0.3347765 secs]
741259.104: [GC 934515K(1025664K), 0.2427792 secs]
741261.882: [GC 934515K(1025664K), 0.3408503 secs]
741268.314: [GC 934658K(1025664K), 0.2449097 secs]
741271.092: [GC 934660K(1025664K), 0.3440095 secs]
741277.544: [GC 936329K(1025664K), 0.2448780 secs]
741280.322: [GC 936329K(1025664K), 0.3394805 secs]
741286.724: [GC 936330K(1025664K), 0.2519059 secs]
741289.512: [GC 936468K(1025664K), 0.3419562 secs]
741295.914: [GC 937267K(1025664K), 0.2461179 secs]
741298.702: [GC 938003K(1025664K), 0.3437786 secs]
741305.153: [GC 938164K(1025664K), 0.2489204 secs]
741306.712: [GC 938164K(1025664K), 0.3485545 secs]
741313.163: [GC 939128K(1025664K), 0.2525478 secs]
741315.942: [GC 939128K(1025664K), 0.3526333 secs]
741322.374: [GC 939845K(1025664K), 0.2556993 secs]
741325.162: [GC 939845K(1025664K), 0.3525073 secs]
741331.583: [GC 940699K(1025664K), 0.2535490 secs]
741334.372: [GC 941545K(1025664K), 0.3521934 secs]
741340.773: [GC 942501K(1025664K), 0.2644180 secs]
741343.572: [GC 942501K(1025664K), 0.3539204 secs]
741349.984: [GC 942645K(1025664K), 0.2602818 secs]
741352.772: [GC 942645K(1025664K), 0.3616101 secs]
741359.243: [GC 942645K(1025664K), 0.2549956 secs]
741362.032: [GC 942645K(1025664K), 0.3627018 secs]
741368.504: [GC 944376K(1025664K), 0.2547072 secs]
741371.292: [GC 944376K(1025664K), 0.3590225 secs]
741377.754: [GC 945314K(1025664K), 0.2551812 secs]
741380.562: [GC 945438K(1025664K), 0.3615365 secs]
741387.014: [GC 945442K(1025664K), 0.2735534 secs]
741389.822: [GC 945582K(1025664K), 0.3668447 secs]
741396.273: [GC 947063K(1025664K), 0.2648523 secs]
741397.482: [GC 947063K(1025664K), 0.3657784 secs]
741403.944: [GC 947837K(1025664K), 0.2671540 secs]
741406.732: [GC 947837K(1025664K), 0.3673989 secs]
741413.183: [GC 948700K(1025664K), 0.2760753 secs]
741415.992: [GC 948715K(1025664K), 0.3765676 secs]
741422.464: [GC 949671K(1025664K), 0.2669135 secs]
741425.262: [GC 949684K(1025664K), 0.3707146 secs]
741431.714: [GC 949855K(1025664K), 0.2659025 secs]
741434.512: [GC 950569K(1025664K), 0.3745184 secs]
741441.004: [GC 951349K(1025664K), 0.2716351 secs]
741443.802: [GC 951349K(1025664K), 0.3779919 secs]
741450.274: [GC 951485K(1025664K), 0.2730058 secs]
741452.982: [GC 951487K(1025664K), 0.3814070 secs]
741459.464: [GC 952281K(1025664K), 0.2750987 secs]
741462.272: [GC 952399K(1025664K), 0.3792712 secs]
741468.754: [GC 953317K(1025664K), 0.2758658 secs]
741471.572: [GC 953317K(1025664K), 0.4038289 secs]
741478.074: [GC 954133K(1025664K), 0.2761806 secs]
741480.892: [GC 954133K(1025664K), 0.3903762 secs]
741487.404: [GC 954172K(1025664K), 0.2824660 secs]
741490.222: [GC 954308K(1025664K), 0.3890931 secs]
741496.684: [GC 954332K(1025664K), 0.2772771 secs]
741499.502: [GC 955117K(1025664K), 0.3873794 secs]
741505.974: [GC 956056K(1025664K), 0.2761309 secs]
741508.782: [GC 956195K(1025664K), 0.3920233 secs]
741515.294: [GC 956957K(1025664K), 0.2880377 secs]
741518.122: [GC 956957K(1025664K), 0.3979698 secs]
741524.604: [GC 957685K(1025664K), 0.2829156 secs]
741527.432: [GC 957685K(1025664K), 0.3929201 secs]
741533.924: [GC 958474K(1025664K), 0.2873127 secs]
741536.732: [GC 958478K(1025664K), 0.3947559 secs]
741543.224: [GC 958764K(1025664K), 0.2854026 secs]
741546.032: [GC 959504K(1025664K), 0.4055745 secs]
741552.534: [GC 959532K(1025664K), 0.2882437 secs]
741555.362: [GC 959532K(1025664K), 0.4088422 secs]
741561.844: [GC 960448K(1025664K), 0.2869287 secs]
741564.662: [GC 961264K(1025664K), 0.4022419 secs]
741571.136: [GC 961264K(1025664K), 0.2880915 secs]
741573.692: [GC 961409K(1025664K), 0.4028320 secs]
741580.173: [GC 963016K(1025664K), 0.2876153 secs]
741582.982: [GC 963017K(1025664K), 0.4094837 secs]
741589.464: [GC 964588K(1025664K), 0.2938696 secs]
741592.282: [GC 964588K(1025664K), 0.4159433 secs]
741598.794: [GC 964728K(1025664K), 0.2933899 secs]
741601.632: [GC 964728K(1025664K), 0.4135723 secs]
741608.143: [GC 965541K(1025664K), 0.3091018 secs]
741610.982: [GC 966258K(1025664K), 0.4189332 secs]
741617.504: [GC 967003K(1025664K), 0.2994351 secs]
741620.332: [GC 967019K(1025664K), 0.4191677 secs]
741626.824: [GC 967142K(1025664K), 0.2990332 secs]
741629.672: [GC 967862K(1025664K), 0.4157369 secs]
741636.173: [GC 967899K(1025664K), 0.2979310 secs]
741638.992: [GC 968035K(1025664K), 0.4236846 secs]
741645.543: [GC 968761K(1025664K), 0.2995424 secs]
741648.372: [GC 968761K(1025664K), 0.4260698 secs]
741654.854: [GC 969483K(1025664K), 0.2985137 secs]
741657.682: [GC 969635K(1025664K), 0.4220667 secs]
741664.193: [GC 969663K(1025664K), 0.3026944 secs]
741667.022: [GC 970559K(1025664K), 0.4293581 secs]
741673.553: [GC 971302K(1025664K), 0.3002887 secs]
741676.382: [GC 972197K(1025664K), 0.4342168 secs]
741682.894: [GC 972333K(1025664K), 0.3086222 secs]
741685.732: [GC 972333K(1025664K), 0.4352146 secs]
741692.193: [GC 973052K(1025664K), 0.3065414 secs]
741694.572: [GC 973052K(1025664K), 0.4287462 secs]
741701.104: [GC 973229K(1025664K), 0.3101244 secs]
741703.942: [GC 973229K(1025664K), 0.4430300 secs]
741710.484: [GC 974959K(1025664K), 0.3119985 secs]
741713.332: [GC 974959K(1025664K), 0.4325912 secs]
741719.844: [GC 975103K(1025664K), 0.3089262 secs]
741722.682: [GC 975103K(1025664K), 0.4351106 secs]
741729.233: [GC 975131K(1025664K), 0.3085953 secs]
741732.072: [GC 975947K(1025664K), 0.4438238 secs]
741738.583: [GC 976879K(1025664K), 0.3097890 secs]
741741.432: [GC 976891K(1025664K), 0.4386023 secs]
741747.944: [GC 977027K(1025664K), 0.3155675 secs]
741750.802: [GC 977753K(1025664K), 0.4474079 secs]
741757.334: [GC 978556K(1025664K), 0.3142061 secs]
741760.172: [GC 978692K(1025664K), 0.4468388 secs]
741766.704: [GC 979508K(1025664K), 0.3226572 secs]
741769.572: [GC 979508K(1025664K), 0.4446413 secs]
741776.104: [GC 980295K(1025664K), 0.3273436 secs]
741778.962: [GC 980451K(1025664K), 0.4561868 secs]
741785.444: [GC 980494K(1025664K), 0.3202854 secs]
741788.292: [GC 980502K(1025664K), 0.4488900 secs]
741794.814: [GC 981465K(1025664K), 0.3300438 secs]
741797.672: [GC 981601K(1025664K), 0.4519826 secs]
741804.203: [GC 981601K(1025664K), 0.3356389 secs]
741807.072: [GC 982386K(1025664K), 0.4614999 secs]
741813.634: [GC 983206K(1025664K), 0.3200905 secs]
741816.492: [GC 983921K(1025664K), 0.4558629 secs]
741823.034: [GC 984087K(1025664K), 0.3288750 secs]
741825.882: [GC 984092K(1025664K), 0.4660108 secs]
741832.474: [GC 985044K(1025664K), 0.3282618 secs]
741835.342: [GC 985049K(1025664K), 0.4628974 secs]
741841.884: [GC 985963K(1025664K), 0.3283172 secs]
741844.742: [GC 985992K(1025664K), 0.4637825 secs]
741851.294: [GC 986808K(1025664K), 0.3258646 secs]
741854.152: [GC 986811K(1025664K), 0.4652497 secs]
741860.713: [GC 987755K(1025664K), 0.3391842 secs]
741863.582: [GC 987755K(1025664K), 0.4665674 secs]
741870.143: [GC 987781K(1025664K), 0.3459634 secs]
741873.012: [GC 988750K(1025664K), 0.4742979 secs]
741879.513: [GC 988914K(1025664K), 0.3334678 secs]
741882.382: [GC 989730K(1025664K), 0.4686675 secs]
741888.914: [GC 990444K(1025664K), 0.3322809 secs]
741891.772: [GC 991218K(1025664K), 0.4865023 secs]
741898.354: [GC 992106K(1025664K), 0.3321768 secs]
741901.222: [GC 992111K(1025664K), 0.4750778 secs]
741907.754: [GC 992122K(1025664K), 0.3389064 secs]
741910.632: [GC 992155K(1025664K), 0.4747122 secs]
741917.183: [GC 992988K(1025664K), 0.3390670 secs]
741920.052: [GC 993124K(1025664K), 0.4804857 secs]
741926.654: [GC 993921K(1025664K), 0.3435415 secs]
741929.552: [GC 993923K(1025664K), 0.4794654 secs]
741936.094: [GC 993927K(1025664K), 0.3434893 secs]
741938.962: [GC 994066K(1025664K), 0.4867854 secs]
741945.534: [GC 994867K(1025664K), 0.3433462 secs]
741948.422: [GC 995602K(1025664K), 0.4855733 secs]
741949.932: [Full GC 995602K->899825K(1025664K), 3.0406560 secs]
741954.982: [GC 902029K(1025664K), 0.2955761 secs]
741958.839: [GC 902893K(1025664K), 0.2117905 secs]
741961.592: [GC 902893K(1025664K), 0.2891086 secs]
741967.954: [GC 902943K(1025664K), 0.2118493 secs]
741970.702: [GC 902943K(1025664K), 0.2917271 secs]
741977.074: [GC 903760K(1025664K), 0.2117017 secs]
741979.822: [GC 903899K(1025664K), 0.2940856 secs]
741986.213: [GC 903909K(1025664K), 0.2174312 secs]
741988.972: [GC 904778K(1025664K), 0.3030467 secs]
741995.374: [GC 905455K(1025664K), 0.2200298 secs]
741998.132: [GC 905591K(1025664K), 0.3093980 secs]
742004.584: [GC 906963K(1025664K), 0.2235227 secs]
742007.352: [GC 906963K(1025664K), 0.3025851 secs]
742013.713: [GC 906973K(1025664K), 0.2216607 secs]
742016.462: [GC 906973K(1025664K), 0.3011793 secs]
742022.824: [GC 907843K(1025664K), 0.2225919 secs]
742025.582: [GC 908655K(1025664K), 0.3034002 secs]
742031.944: [GC 908658K(1025664K), 0.2277218 secs]
742034.702: [GC 909382K(1025664K), 0.3085055 secs]
742041.114: [GC 910173K(1025664K), 0.2209744 secs]
742043.862: [GC 910173K(1025664K), 0.3101642 secs]
742050.283: [GC 910820K(1025664K), 0.2292808 secs]
742053.042: [GC 910820K(1025664K), 0.3147920 secs]
742059.453: [GC 911656K(1025664K), 0.2242474 secs]
742062.212: [GC 911781K(1025664K), 0.3150665 secs]
742068.604: [GC 912513K(1025664K), 0.2224988 secs]
742071.362: [GC 912515K(1025664K), 0.3127517 secs]
742077.764: [GC 912653K(1025664K), 0.2326432 secs]
742080.532: [GC 912653K(1025664K), 0.3157217 secs]
742086.954: [GC 913373K(1025664K), 0.2438597 secs]
742089.722: [GC 914046K(1025664K), 0.3175661 secs]
742096.124: [GC 914058K(1025664K), 0.2325006 secs]
742098.882: [GC 914330K(1025664K), 0.3234265 secs]
742105.324: [GC 915052K(1025664K), 0.2332442 secs]
742108.102: [GC 915052K(1025664K), 0.3259511 secs]
742114.463: [GC 916351K(1025664K), 0.2324403 secs]
742117.232: [GC 916351K(1025664K), 0.3238702 secs]
742123.644: [GC 917215K(1025664K), 0.2409777 secs]
742126.422: [GC 917224K(1025664K), 0.3272598 secs]
742132.824: [GC 917237K(1025664K), 0.2437624 secs]
742135.612: [GC 918033K(1025664K), 0.3291679 secs]
742142.024: [GC 918893K(1025664K), 0.2436249 secs]
742144.322: [GC 918917K(1025664K), 0.3283159 secs]
742150.714: [GC 918918K(1025664K), 0.2447795 secs]
742153.492: [GC 918918K(1025664K), 0.3299660 secs]
742159.874: [GC 920443K(1025664K), 0.2445290 secs]
742162.652: [GC 920443K(1025664K), 0.3322345 secs]
742169.054: [GC 921115K(1025664K), 0.2437164 secs]
742171.842: [GC 921373K(1025664K), 0.3367519 secs]
742178.243: [GC 921534K(1025664K), 0.2440345 secs]
742181.012: [GC 921534K(1025664K), 0.3476984 secs]
742187.434: [GC 922266K(1025664K), 0.2442997 secs]
742190.212: [GC 922926K(1025664K), 0.3401867 secs]
742196.633: [GC 922926K(1025664K), 0.2494348 secs]
742199.422: [GC 923065K(1025664K), 0.3403390 secs]
742205.784: [GC 924569K(1025664K), 0.2505694 secs]
742208.572: [GC 924610K(1025664K), 0.3442748 secs]
742215.004: [GC 925301K(1025664K), 0.2550383 secs]
742217.802: [GC 925441K(1025664K), 0.3449391 secs]
742224.273: [GC 925441K(1025664K), 0.2528360 secs]
742227.052: [GC 926103K(1025664K), 0.3568236 secs]
742233.483: [GC 926758K(1025664K), 0.2545534 secs]
742234.862: [GC 926758K(1025664K), 0.3559495 secs]
742241.344: [GC 926936K(1025664K), 0.2557102 secs]
742244.122: [GC 927066K(1025664K), 0.3554758 secs]
742250.554: [GC 928519K(1025664K), 0.2561483 secs]
742253.342: [GC 928548K(1025664K), 0.3527553 secs]
742259.794: [GC 928688K(1025664K), 0.2558806 secs]
742262.592: [GC 929411K(1025664K), 0.3535172 secs]
742269.044: [GC 929437K(1025664K), 0.2543446 secs]
742271.842: [GC 929445K(1025664K), 0.3601429 secs]
742278.253: [GC 930591K(1025664K), 0.2606455 secs]
742281.042: [GC 930609K(1025664K), 0.3657554 secs]
742287.484: [GC 930613K(1025664K), 0.2633873 secs]
742290.112: [GC 930613K(1025664K), 0.3677048 secs]
742296.604: [GC 931990K(1025664K), 0.2644281 secs]
742299.392: [GC 932129K(1025664K), 0.3624302 secs]
742305.823: [GC 933441K(1025664K), 0.2683862 secs]
742308.632: [GC 933441K(1025664K), 0.3693520 secs]
742315.064: [GC 934225K(1025664K), 0.2645845 secs]
742317.872: [GC 934369K(1025664K), 0.3718292 secs]
742324.303: [GC 934394K(1025664K), 0.2652643 secs]
742325.592: [GC 934394K(1025664K), 0.3667479 secs]
742332.024: [GC 935133K(1025664K), 0.2650729 secs]
742334.812: [GC 935135K(1025664K), 0.3722187 secs]
742341.334: [GC 936006K(1025664K), 0.2708670 secs]
742344.132: [GC 936006K(1025664K), 0.3813362 secs]
742350.574: [GC 936023K(1025664K), 0.2722568 secs]
742353.392: [GC 936877K(1025664K), 0.3725055 secs]
742359.844: [GC 937693K(1025664K), 0.2740004 secs]
742362.662: [GC 937693K(1025664K), 0.3745986 secs]
742369.114: [GC 938421K(1025664K), 0.2778146 secs]
742371.922: [GC 939141K(1025664K), 0.3860119 secs]
742378.424: [GC 939284K(1025664K), 0.2773032 secs]
742381.242: [GC 940006K(1025664K), 0.3934418 secs]
742387.664: [GC 940132K(1025664K), 0.2788318 secs]
742390.482: [GC 940175K(1025664K), 0.3804098 secs]
742396.954: [GC 941475K(1025664K), 0.2778565 secs]
742399.762: [GC 941611K(1025664K), 0.3919058 secs]
742406.213: [GC 942336K(1025664K), 0.2769334 secs]
742409.022: [GC 942336K(1025664K), 0.3975555 secs]
742415.514: [GC 943064K(1025664K), 0.2777807 secs]
742418.322: [GC 943856K(1025664K), 0.3874773 secs]
742424.794: [GC 944022K(1025664K), 0.2815076 secs]
742427.602: [GC 944026K(1025664K), 0.3999428 secs]
742434.074: [GC 944677K(1025664K), 0.2858538 secs]
742436.892: [GC 944677K(1025664K), 0.3998470 secs]
742443.393: [GC 944819K(1025664K), 0.2831583 secs]
742446.212: [GC 944819K(1025664K), 0.3937800 secs]
742452.684: [GC 945498K(1025664K), 0.2837922 secs]
742455.512: [GC 945502K(1025664K), 0.4101818 secs]
742461.994: [GC 946430K(1025664K), 0.2979607 secs]
742464.822: [GC 946436K(1025664K), 0.4017782 secs]
742471.283: [GC 947091K(1025664K), 0.2883877 secs]
742474.112: [GC 947881K(1025664K), 0.4187841 secs]
742480.604: [GC 948739K(1025664K), 0.2884168 secs]
742483.422: [GC 948741K(1025664K), 0.4013974 secs]
742489.914: [GC 948741K(1025664K), 0.2947457 secs]
742492.732: [GC 949393K(1025664K), 0.4107324 secs]
742499.223: [GC 950317K(1025664K), 0.2978752 secs]
742502.042: [GC 950330K(1025664K), 0.4089447 secs]
742508.534: [GC 951076K(1025664K), 0.2934447 secs]
742511.362: [GC 951076K(1025664K), 0.4105674 secs]
742517.884: [GC 951874K(1025664K), 0.2955161 secs]
742520.702: [GC 951874K(1025664K), 0.4083988 secs]
742527.193: [GC 953181K(1025664K), 0.2962584 secs]
742530.012: [GC 953184K(1025664K), 0.4210726 secs]
742536.504: [GC 953347K(1025664K), 0.2982121 secs]
742539.342: [GC 953494K(1025664K), 0.4125719 secs]
742545.834: [GC 954219K(1025664K), 0.2991945 secs]
742548.662: [GC 954866K(1025664K), 0.4151605 secs]
742555.144: [GC 955548K(1025664K), 0.2996043 secs]
742556.912: [GC 955548K(1025664K), 0.4165279 secs]
742563.424: [GC 955692K(1025664K), 0.3038076 secs]
742566.252: [GC 955696K(1025664K), 0.4182911 secs]
742572.764: [GC 956575K(1025664K), 0.2990862 secs]
742575.592: [GC 956745K(1025664K), 0.4207790 secs]
742582.074: [GC 956885K(1025664K), 0.3070651 secs]
742584.902: [GC 957617K(1025664K), 0.4230980 secs]
742591.444: [GC 958285K(1025664K), 0.3207330 secs]
742594.292: [GC 958937K(1025664K), 0.4244376 secs]
742600.784: [GC 959826K(1025664K), 0.3088644 secs]
742603.622: [GC 959826K(1025664K), 0.4276068 secs]
742610.094: [GC 959960K(1025664K), 0.3253376 secs]
742612.942: [GC 960691K(1025664K), 0.4321439 secs]
742619.454: [GC 961560K(1025664K), 0.3100882 secs]
742622.302: [GC 961560K(1025664K), 0.4299552 secs]
742628.854: [GC 962212K(1025664K), 0.3099028 secs]
742631.702: [GC 962214K(1025664K), 0.4334670 secs]
742638.194: [GC 963076K(1025664K), 0.3086750 secs]
742641.032: [GC 963081K(1025664K), 0.4343002 secs]
742647.534: [GC 963942K(1025664K), 0.3110490 secs]
742650.372: [GC 963946K(1025664K), 0.4368238 secs]
742656.884: [GC 963972K(1025664K), 0.3112201 secs]
742659.722: [GC 964832K(1025664K), 0.4392420 secs]
742666.274: [GC 965563K(1025664K), 0.3205472 secs]
742669.132: [GC 965563K(1025664K), 0.4411933 secs]
742675.644: [GC 966295K(1025664K), 0.3290776 secs]
742678.502: [GC 967101K(1025664K), 0.4436827 secs]
742685.014: [GC 967984K(1025664K), 0.3207376 secs]
742687.862: [GC 967986K(1025664K), 0.4457405 secs]
742694.384: [GC 967990K(1025664K), 0.3200924 secs]
742697.242: [GC 967990K(1025664K), 0.4464908 secs]
742703.734: [GC 968721K(1025664K), 0.3256549 secs]
742706.582: [GC 968721K(1025664K), 0.4486867 secs]
742713.084: [GC 969585K(1025664K), 0.3261737 secs]
742715.932: [GC 969623K(1025664K), 0.4514131 secs]
742722.494: [GC 969748K(1025664K), 0.3263796 secs]
742725.342: [GC 970471K(1025664K), 0.4539600 secs]
742731.864: [GC 971333K(1025664K), 0.3406535 secs]
742734.732: [GC 971341K(1025664K), 0.4550696 secs]
742741.264: [GC 971341K(1025664K), 0.3311604 secs]
742744.132: [GC 972064K(1025664K), 0.4589146 secs]
742750.684: [GC 972962K(1025664K), 0.3315030 secs]
742753.542: [GC 972978K(1025664K), 0.4595934 secs]
742760.074: [GC 973100K(1025664K), 0.3335136 secs]
742762.932: [GC 973108K(1025664K), 0.4603403 secs]
742769.454: [GC 974698K(1025664K), 0.3321331 secs]
742772.312: [GC 974836K(1025664K), 0.4623226 secs]
742778.793: [GC 975490K(1025664K), 0.3365639 secs]
742781.662: [GC 975516K(1025664K), 0.4647735 secs]
742788.194: [GC 975665K(1025664K), 0.3397174 secs]
742791.062: [GC 976396K(1025664K), 0.4683690 secs]
742797.614: [GC 977255K(1025664K), 0.3546333 secs]
742800.492: [GC 977901K(1025664K), 0.4685845 secs]
742807.044: [GC 978555K(1025664K), 0.3425660 secs]
742808.652: [GC 978693K(1025664K), 0.4709063 secs]
742815.184: [GC 978696K(1025664K), 0.3439983 secs]
742818.062: [GC 978700K(1025664K), 0.4724314 secs]
742824.594: [GC 980144K(1025664K), 0.3386346 secs]
742827.462: [GC 980160K(1025664K), 0.4749759 secs]
742834.054: [GC 980309K(1025664K), 0.3422211 secs]
742836.922: [GC 980309K(1025664K), 0.4762457 secs]
742843.474: [GC 981175K(1025664K), 0.3425266 secs]
742846.342: [GC 981175K(1025664K), 0.4799513 secs]
742852.894: [GC 981183K(1025664K), 0.3520873 secs]
742854.442: [GC 981213K(1025664K), 0.4792517 secs]
742861.004: [GC 982728K(1025664K), 0.3645643 secs]
742863.912: [GC 982745K(1025664K), 0.4820577 secs]
742870.484: [GC 983536K(1025664K), 0.3434930 secs]
742873.362: [GC 983540K(1025664K), 0.4858339 secs]
742879.904: [GC 984590K(1025664K), 0.3522380 secs]
742882.782: [GC 985250K(1025664K), 0.4868944 secs]
742889.374: [GC 985250K(1025664K), 0.3512734 secs]
742892.262: [GC 985250K(1025664K), 0.4880056 secs]
742898.814: [GC 986121K(1025664K), 0.3606201 secs]
742901.702: [GC 986154K(1025664K), 0.4901223 secs]
742908.264: [GC 986276K(1025664K), 0.3529739 secs]
742911.142: [GC 986932K(1025664K), 0.4926440 secs]
742917.744: [GC 987072K(1025664K), 0.3541307 secs]
742920.622: [GC 987724K(1025664K), 0.4946421 secs]
742927.224: [GC 988449K(1025664K), 0.3631583 secs]
742930.122: [GC 988482K(1025664K), 0.4956681 secs]
742936.684: [GC 989222K(1025664K), 0.3565231 secs]
742939.572: [GC 989358K(1025664K), 0.4983020 secs]
742946.134: [GC 990139K(1025664K), 0.3658805 secs]
742949.022: [GC 990139K(1025664K), 0.4998601 secs]
742955.624: [GC 990141K(1025664K), 0.3619745 secs]
742958.512: [GC 990281K(1025664K), 0.5021821 secs]
742965.094: [GC 990961K(1025664K), 0.3607905 secs]
742967.982: [GC 991684K(1025664K), 0.5111602 secs]
742974.554: [GC 991704K(1025664K), 0.3579382 secs]
742977.452: [GC 991706K(1025664K), 0.5062546 secs]
742984.004: [GC 992484K(1025664K), 0.3642517 secs]
742986.072: [GC 992484K(1025664K), 0.5074669 secs]
742992.664: [GC 994004K(1025664K), 0.3648534 secs]
742995.552: [GC 994004K(1025664K), 0.5131683 secs]
743002.134: [GC 994736K(1025664K), 0.3646170 secs]
743005.022: [GC 994736K(1025664K), 0.5117997 secs]
743011.614: [GC 994884K(1025664K), 0.3672866 secs]
743014.042: [Full GC 995546K->921264K(1025664K), 3.0408900 secs]
743017.092: [GC 921294K(1025664K), 0.3820164 secs]
743021.066: [GC 923900K(1025664K), 0.2657750 secs]
743022.482: [GC 923883K(1025664K), 0.3644765 secs]
743028.924: [GC 924580K(1025664K), 0.2666261 secs]
743031.732: [GC 924591K(1025664K), 0.3697014 secs]
743038.194: [GC 925134K(1025664K), 0.2710739 secs]
743040.992: [GC 925134K(1025664K), 0.3689623 secs]
743047.444: [GC 925715K(1025664K), 0.2741416 secs]
743050.242: [GC 925868K(1025664K), 0.3706900 secs]
743056.684: [GC 926512K(1025664K), 0.2746590 secs]
743059.482: [GC 927286K(1025664K), 0.3737121 secs]
743065.924: [GC 927287K(1025664K), 0.2752710 secs]
743068.732: [GC 927287K(1025664K), 0.3751717 secs]
743075.174: [GC 927997K(1025664K), 0.2777927 secs]
743077.982: [GC 928178K(1025664K), 0.3774058 secs]
743084.444: [GC 929570K(1025664K), 0.2767545 secs]
743087.242: [GC 929574K(1025664K), 0.3832494 secs]
743093.704: [GC 929577K(1025664K), 0.2875475 secs]
743096.512: [GC 929577K(1025664K), 0.3807424 secs]
743102.954: [GC 930287K(1025664K), 0.2824020 secs]
743105.762: [GC 930925K(1025664K), 0.3832937 secs]
743112.214: [GC 931069K(1025664K), 0.2787576 secs]
743115.022: [GC 931613K(1025664K), 0.3853113 secs]
743121.484: [GC 932397K(1025664K), 0.2850056 secs]
743124.302: [GC 932397K(1025664K), 0.3877580 secs]
743130.754: [GC 932975K(1025664K), 0.2952680 secs]
743133.572: [GC 933612K(1025664K), 0.3889800 secs]
743139.974: [GC 934398K(1025664K), 0.2882490 secs]
743142.792: [GC 934415K(1025664K), 0.3904122 secs]
743149.253: [GC 935070K(1025664K), 0.2880294 secs]
743152.082: [GC 935070K(1025664K), 0.3939589 secs]
743158.554: [GC 935760K(1025664K), 0.2886078 secs]
743161.372: [GC 935762K(1025664K), 0.4022825 secs]
743167.864: [GC 935786K(1025664K), 0.2897015 secs]
743168.882: [GC 935786K(1025664K), 0.3957108 secs]
743175.344: [GC 936651K(1025664K), 0.2990848 secs]
743178.172: [GC 936796K(1025664K), 0.3978506 secs]
743184.644: [GC 937984K(1025664K), 0.2881232 secs]
743187.472: [GC 937984K(1025664K), 0.3998949 secs]
743193.994: [GC 937988K(1025664K), 0.2888124 secs]
743196.822: [GC 938531K(1025664K), 0.4022382 secs]
743203.324: [GC 939271K(1025664K), 0.2972858 secs]
743206.142: [GC 939999K(1025664K), 0.4039593 secs]
743212.644: [GC 940653K(1025664K), 0.3094403 secs]
743215.482: [GC 941197K(1025664K), 0.4067077 secs]
743221.964: [GC 941972K(1025664K), 0.2955442 secs]
743224.782: [GC 941972K(1025664K), 0.4080712 secs]
743231.294: [GC 941997K(1025664K), 0.2976312 secs]
743234.122: [GC 942009K(1025664K), 0.4090900 secs]
743240.654: [GC 942806K(1025664K), 0.3001980 secs]
743243.482: [GC 942808K(1025664K), 0.4115022 secs]
743249.984: [GC 943448K(1025664K), 0.3065816 secs]
743252.822: [GC 943448K(1025664K), 0.4141598 secs]
743259.304: [GC 944222K(1025664K), 0.3129264 secs]
743262.142: [GC 944822K(1025664K), 0.4158008 secs]
743268.644: [GC 945375K(1025664K), 0.3057174 secs]
743271.472: [GC 945485K(1025664K), 0.4315639 secs]
743277.984: [GC 946254K(1025664K), 0.3061290 secs]
743280.832: [GC 946254K(1025664K), 0.4211089 secs]
743287.364: [GC 946254K(1025664K), 0.3079797 secs]
743289.682: [GC 946276K(1025664K), 0.4215719 secs]
743296.224: [GC 946854K(1025664K), 0.3069254 secs]
743299.062: [GC 946999K(1025664K), 0.4233070 secs]
743305.563: [GC 948233K(1025664K), 0.3145882 secs]
743308.412: [GC 948236K(1025664K), 0.4256426 secs]
743314.904: [GC 948806K(1025664K), 0.3104197 secs]
743317.752: [GC 949516K(1025664K), 0.4292659 secs]
743324.304: [GC 949553K(1025664K), 0.3129341 secs]
743327.152: [GC 950096K(1025664K), 0.4301460 secs]
743333.674: [GC 950785K(1025664K), 0.3091147 secs]
743336.512: [GC 950789K(1025664K), 0.4316792 secs]
743343.004: [GC 951501K(1025664K), 0.3152361 secs]
743345.842: [GC 952059K(1025664K), 0.4341407 secs]
743352.383: [GC 952734K(1025664K), 0.3204003 secs]
743355.242: [GC 952734K(1025664K), 0.4351237 secs]
743361.784: [GC 953454K(1025664K), 0.3206893 secs]
743364.632: [GC 953557K(1025664K), 0.4373217 secs]
743371.154: [GC 954212K(1025664K), 0.3389420 secs]
743374.032: [GC 954348K(1025664K), 0.4391169 secs]
743380.584: [GC 955166K(1025664K), 0.3192902 secs]
743383.442: [GC 955166K(1025664K), 0.4416949 secs]
743389.954: [GC 955709K(1025664K), 0.3217681 secs]
743392.812: [GC 956279K(1025664K), 0.4541820 secs]
743399.324: [GC 956537K(1025664K), 0.3215711 secs]
743402.182: [GC 957108K(1025664K), 0.4460524 secs]
743408.694: [GC 957793K(1025664K), 0.3293247 secs]
743411.552: [GC 958421K(1025664K), 0.4477099 secs]
743418.104: [GC 958562K(1025664K), 0.3280656 secs]
743420.972: [GC 958562K(1025664K), 0.4494079 secs]
743427.514: [GC 959217K(1025664K), 0.3230507 secs]
743430.362: [GC 959309K(1025664K), 0.4516567 secs]
743436.894: [GC 959969K(1025664K), 0.3278494 secs]
743439.742: [GC 960698K(1025664K), 0.4532099 secs]
743446.254: [GC 960698K(1025664K), 0.3284138 secs]
743449.112: [GC 961241K(1025664K), 0.4552484 secs]
743455.674: [GC 961823K(1025664K), 0.3297626 secs]
743458.532: [GC 961962K(1025664K), 0.4578817 secs]
743465.054: [GC 962708K(1025664K), 0.3491529 secs]
743467.942: [GC 963347K(1025664K), 0.4603619 secs]
743474.504: [GC 963957K(1025664K), 0.3320518 secs]
743477.372: [GC 964667K(1025664K), 0.4630197 secs]
743483.934: [GC 965301K(1025664K), 0.3335081 secs]
743486.802: [GC 965304K(1025664K), 0.4644188 secs]
743493.344: [GC 965415K(1025664K), 0.3365457 secs]
743496.202: [GC 965426K(1025664K), 0.4667846 secs]
743502.754: [GC 966862K(1025664K), 0.3371095 secs]
743505.612: [GC 966862K(1025664K), 0.4682464 secs]
743512.144: [GC 966864K(1025664K), 0.3371353 secs]
743515.012: [GC 966864K(1025664K), 0.4698250 secs]
743521.604: [GC 967659K(1025664K), 0.3446581 secs]
743524.472: [GC 968344K(1025664K), 0.4731478 secs]
743531.014: [GC 969022K(1025664K), 0.3391403 secs]
743533.882: [GC 969596K(1025664K), 0.4742493 secs]
743540.484: [GC 969735K(1025664K), 0.3427769 secs]
743543.352: [GC 969735K(1025664K), 0.4765350 secs]
743549.884: [GC 970379K(1025664K), 0.3423534 secs]
743552.752: [GC 970960K(1025664K), 0.4791397 secs]
743559.324: [GC 971228K(1025664K), 0.3515850 secs]
743562.212: [GC 971799K(1025664K), 0.4802625 secs]
743568.744: [GC 971809K(1025664K), 0.3482380 secs]
743571.632: [GC 971811K(1025664K), 0.5020185 secs]
743578.244: [GC 972575K(1025664K), 0.3699179 secs]
743581.142: [GC 972583K(1025664K), 0.4863844 secs]
743587.694: [GC 973223K(1025664K), 0.3534540 secs]
743590.602: [GC 973342K(1025664K), 0.4864825 secs]
743597.164: [GC 973898K(1025664K), 0.3535466 secs]
743600.052: [GC 974673K(1025664K), 0.4880528 secs]
743606.594: [GC 975251K(1025664K), 0.3540662 secs]
743609.472: [GC 975255K(1025664K), 0.4905305 secs]
743616.024: [GC 975838K(1025664K), 0.3536958 secs]
743617.562: [GC 975866K(1025664K), 0.4922691 secs]
743624.164: [GC 977171K(1025664K), 0.3530309 secs]
743627.052: [GC 977171K(1025664K), 0.4947734 secs]
743633.654: [GC 977949K(1025664K), 0.3634557 secs]
743636.542: [GC 977950K(1025664K), 0.4968199 secs]
743643.124: [GC 977956K(1025664K), 0.3584948 secs]
743646.012: [GC 978504K(1025664K), 0.4974141 secs]
743652.574: [GC 979402K(1025664K), 0.3788042 secs]
743655.482: [GC 979953K(1025664K), 0.5002524 secs]
743662.044: [GC 979966K(1025664K), 0.3621911 secs]
743664.932: [GC 979966K(1025664K), 0.5025809 secs]
743671.534: [GC 980740K(1025664K), 0.3820311 secs]
743674.452: [GC 981430K(1025664K), 0.5040961 secs]
743681.004: [GC 981454K(1025664K), 0.3647465 secs]
743683.892: [GC 982007K(1025664K), 0.5060160 secs]
743690.464: [GC 982869K(1025664K), 0.3650588 secs]
743693.352: [GC 982876K(1025664K), 0.5112409 secs]
743699.924: [GC 983529K(1025664K), 0.3641008 secs]
743702.812: [GC 983529K(1025664K), 0.5105762 secs]
743709.373: [GC 984811K(1025664K), 0.3694438 secs]
743712.272: [GC 984811K(1025664K), 0.5120863 secs]
743718.864: [GC 984912K(1025664K), 0.3719093 secs]
743721.762: [GC 985559K(1025664K), 0.5160125 secs]
743728.334: [GC 985710K(1025664K), 0.3734267 secs]
743731.232: [GC 986340K(1025664K), 0.5157884 secs]
743737.814: [GC 986919K(1025664K), 0.3844828 secs]
743739.282: [GC 986919K(1025664K), 0.5179099 secs]
743745.894: [GC 987496K(1025664K), 0.3759651 secs]
743748.792: [GC 987644K(1025664K), 0.5215727 secs]
743755.394: [GC 988931K(1025664K), 0.3756659 secs]
743758.302: [GC 988931K(1025664K), 0.5226328 secs]
743764.924: [GC 990140K(1025664K), 0.3765857 secs]
743767.822: [GC 990276K(1025664K), 0.5237475 secs]
743774.384: [GC 990306K(1025664K), 0.3785666 secs]
743777.292: [GC 990474K(1025664K), 0.5267312 secs]
743783.894: [GC 991222K(1025664K), 0.3813039 secs]
743786.802: [GC 991773K(1025664K), 0.5293149 secs]
743793.464: [GC 991922K(1025664K), 0.3846039 secs]
743796.382: [GC 992493K(1025664K), 0.5312819 secs]
743802.934: [GC 992522K(1025664K), 0.3763979 secs]
743805.852: [GC 992522K(1025664K), 0.5330121 secs]
743812.453: [GC 993307K(1025664K), 0.3856066 secs]
743815.362: [GC 993982K(1025664K), 0.5382596 secs]
743821.974: [GC 994620K(1025664K), 0.3858413 secs]
743824.882: [GC 994623K(1025664K), 0.5375050 secs]
743829.422: [Full GC 995333K->937642K(1025664K), 3.6530080 secs]
743833.087: [GC 938771K(1025664K), 0.4272384 secs]
743837.113: [GC 939800K(1025664K), 0.3086849 secs]
743839.952: [GC 940308K(1025664K), 0.4223130 secs]
743846.484: [GC 940837K(1025664K), 0.3271934 secs]
743849.332: [GC 940973K(1025664K), 0.4249580 secs]
743855.824: [GC 940973K(1025664K), 0.3154661 secs]
743858.582: [GC 941004K(1025664K), 0.4305064 secs]
743865.084: [GC 941616K(1025664K), 0.3155245 secs]
743867.922: [GC 941750K(1025664K), 0.4284697 secs]
743874.444: [GC 942258K(1025664K), 0.3316859 secs]
743877.312: [GC 942258K(1025664K), 0.4303620 secs]
743883.814: [GC 942773K(1025664K), 0.3160390 secs]
743886.652: [GC 943382K(1025664K), 0.4325073 secs]
743893.104: [GC 943537K(1025664K), 0.3189610 secs]
743895.952: [GC 944051K(1025664K), 0.4350206 secs]
743902.444: [GC 944566K(1025664K), 0.3335058 secs]
743905.312: [GC 945082K(1025664K), 0.4366243 secs]
743911.844: [GC 945723K(1025664K), 0.3218863 secs]
743914.692: [GC 945816K(1025664K), 0.4392132 secs]
743921.204: [GC 946870K(1025664K), 0.3208832 secs]
743924.052: [GC 946888K(1025664K), 0.4403303 secs]
743930.594: [GC 948005K(1025664K), 0.3285178 secs]
743933.452: [GC 948005K(1025664K), 0.4459972 secs]
743940.004: [GC 949097K(1025664K), 0.3216032 secs]
743942.852: [GC 949102K(1025664K), 0.4442986 secs]
743949.354: [GC 949750K(1025664K), 0.3204363 secs]
743952.212: [GC 949750K(1025664K), 0.4466817 secs]
743958.734: [GC 949774K(1025664K), 0.3306159 secs]
743961.592: [GC 950246K(1025664K), 0.4486424 secs]
743968.094: [GC 950998K(1025664K), 0.3303615 secs]
743970.952: [GC 951464K(1025664K), 0.4500168 secs]
743977.484: [GC 952119K(1025664K), 0.3299899 secs]
743979.732: [GC 952119K(1025664K), 0.4524388 secs]
743986.264: [GC 952658K(1025664K), 0.3327780 secs]
743989.122: [GC 952808K(1025664K), 0.4538427 secs]
743995.663: [GC 953403K(1025664K), 0.3319818 secs]
743998.522: [GC 953403K(1025664K), 0.4558131 secs]
744005.044: [GC 953903K(1025664K), 0.3307978 secs]
744007.902: [GC 954548K(1025664K), 0.4582093 secs]
744014.464: [GC 955042K(1025664K), 0.3380529 secs]
744017.332: [GC 955562K(1025664K), 0.4603758 secs]
744023.854: [GC 956166K(1025664K), 0.3391091 secs]
744026.732: [GC 956680K(1025664K), 0.4750829 secs]
744033.274: [GC 956816K(1025664K), 0.3404341 secs]
744036.142: [GC 956818K(1025664K), 0.4644832 secs]
744042.694: [GC 957345K(1025664K), 0.3412403 secs]
744045.562: [GC 957887K(1025664K), 0.4666385 secs]
744052.084: [GC 958618K(1025664K), 0.3412781 secs]
744054.972: [GC 958618K(1025664K), 0.4674340 secs]
744061.514: [GC 959637K(1025664K), 0.3524888 secs]
744064.402: [GC 959637K(1025664K), 0.4705403 secs]
744070.913: [GC 960257K(1025664K), 0.3462806 secs]
744073.782: [GC 960277K(1025664K), 0.4718000 secs]
744080.324: [GC 961041K(1025664K), 0.3443247 secs]
744083.192: [GC 961541K(1025664K), 0.4738992 secs]
744089.733: [GC 962141K(1025664K), 0.3433414 secs]
744092.622: [GC 962141K(1025664K), 0.4765165 secs]
744099.153: [GC 962641K(1025664K), 0.3504081 secs]
744100.732: [GC 962654K(1025664K), 0.4776284 secs]
744107.283: [GC 963240K(1025664K), 0.3533938 secs]
744110.162: [GC 963375K(1025664K), 0.4796822 secs]
744116.714: [GC 964389K(1025664K), 0.3497862 secs]
744119.592: [GC 964393K(1025664K), 0.4828712 secs]
744126.174: [GC 964406K(1025664K), 0.3531491 secs]
744129.062: [GC 965155K(1025664K), 0.4840272 secs]
744135.604: [GC 965724K(1025664K), 0.3515081 secs]
744136.542: [GC 965724K(1025664K), 0.4856876 secs]
744143.124: [GC 966239K(1025664K), 0.3552504 secs]
744146.002: [GC 966239K(1025664K), 0.4894687 secs]
744152.574: [GC 967420K(1025664K), 0.3538332 secs]
744155.452: [GC 967507K(1025664K), 0.4891677 secs]
744162.014: [GC 968050K(1025664K), 0.3747814 secs]
744164.932: [GC 968532K(1025664K), 0.4923404 secs]
744171.484: [GC 968668K(1025664K), 0.3618548 secs]
744174.392: [GC 969172K(1025664K), 0.4954528 secs]
744180.954: [GC 969726K(1025664K), 0.3756529 secs]
744183.852: [GC 969810K(1025664K), 0.4962704 secs]
744190.424: [GC 970480K(1025664K), 0.3613971 secs]
744192.482: [GC 970480K(1025664K), 0.4977627 secs]
744199.064: [GC 971024K(1025664K), 0.3764856 secs]
744201.982: [GC 971024K(1025664K), 0.4996738 secs]
744208.524: [GC 972171K(1025664K), 0.3637060 secs]
744211.412: [GC 972255K(1025664K), 0.5014227 secs]
744217.984: [GC 972730K(1025664K), 0.3640628 secs]
744220.872: [GC 973744K(1025664K), 0.5042482 secs]
744227.434: [GC 974229K(1025664K), 0.3657659 secs]
744230.332: [GC 974367K(1025664K), 0.5057754 secs]
744236.904: [GC 974932K(1025664K), 0.3692396 secs]
744239.802: [GC 975449K(1025664K), 0.5078367 secs]
744246.394: [GC 975927K(1025664K), 0.3699301 secs]
744249.302: [GC 976593K(1025664K), 0.5099605 secs]
744255.854: [GC 976599K(1025664K), 0.3717582 secs]
744258.752: [GC 976601K(1025664K), 0.5126416 secs]
744265.334: [GC 977161K(1025664K), 0.3706776 secs]
744268.242: [GC 977295K(1025664K), 0.5126748 secs]
744274.844: [GC 977946K(1025664K), 0.3928302 secs]
744277.762: [GC 977946K(1025664K), 0.5160594 secs]
744284.384: [GC 978959K(1025664K), 0.3764592 secs]
744287.292: [GC 978968K(1025664K), 0.5174021 secs]
744293.884: [GC 980095K(1025664K), 0.3809468 secs]
744296.792: [GC 980097K(1025664K), 0.5206233 secs]
744303.434: [GC 980620K(1025664K), 0.3800228 secs]
744306.342: [GC 981125K(1025664K), 0.5220914 secs]
744312.954: [GC 981283K(1025664K), 0.3804013 secs]
744315.862: [GC 981798K(1025664K), 0.5250271 secs]
744322.454: [GC 981883K(1025664K), 0.3819755 secs]
744325.362: [GC 981886K(1025664K), 0.5267836 secs]
744331.984: [GC 982537K(1025664K), 0.3828430 secs]
744334.892: [GC 983073K(1025664K), 0.5292641 secs]
744341.494: [GC 983622K(1025664K), 0.3850867 secs]
744344.402: [GC 984247K(1025664K), 0.5303060 secs]
744351.004: [GC 984903K(1025664K), 0.3866834 secs]
744353.922: [GC 984906K(1025664K), 0.5397787 secs]
744360.534: [GC 986373K(1025664K), 0.3852892 secs]
744363.472: [GC 986380K(1025664K), 0.5346823 secs]
744370.053: [GC 986526K(1025664K), 0.3859839 secs]
744372.962: [GC 986609K(1025664K), 0.5359681 secs]
744379.594: [GC 987261K(1025664K), 0.4079629 secs]
744382.542: [GC 987261K(1025664K), 0.5386876 secs]
744389.143: [GC 987935K(1025664K), 0.3920350 secs]
744390.182: [GC 988407K(1025664K), 0.5405977 secs]
744396.814: [GC 988957K(1025664K), 0.3937959 secs]
744399.582: [GC 989038K(1025664K), 0.5419299 secs]
744406.213: [GC 990088K(1025664K), 0.3963483 secs]
744409.132: [GC 990222K(1025664K), 0.5539975 secs]
744415.814: [GC 991240K(1025664K), 0.3977093 secs]
744418.752: [GC 991244K(1025664K), 0.5534919 secs]
744425.374: [GC 991788K(1025664K), 0.3925458 secs]
744428.312: [GC 992003K(1025664K), 0.5480429 secs]
744434.944: [GC 992069K(1025664K), 0.4069988 secs]
744437.892: [GC 992579K(1025664K), 0.5670492 secs]
744444.524: [GC 993055K(1025664K), 0.3969137 secs]
744447.472: [GC 993058K(1025664K), 0.5521614 secs]
744454.084: [GC 993615K(1025664K), 0.3946718 secs]
744457.012: [GC 994147K(1025664K), 0.5640224 secs]
744463.594: [GC 994632K(1025664K), 0.3965384 secs]
744466.522: [GC 995188K(1025664K), 0.5570624 secs]
744468.116: [Full GC 995188K->950426K(1025664K), 3.0892961 secs]
744471.225: [GC 951397K(1025664K), 0.4675569 secs]
744475.260: [GC 952210K(1025664K), 0.3410241 secs]
744478.132: [GC 952589K(1025664K), 0.4817149 secs]
744484.684: [GC 953014K(1025664K), 0.3426317 secs]
744487.562: [GC 953393K(1025664K), 0.4700181 secs]
744494.104: [GC 953908K(1025664K), 0.3471751 secs]
744496.992: [GC 954290K(1025664K), 0.4755065 secs]
744503.544: [GC 954688K(1025664K), 0.3416942 secs]
744506.422: [GC 954688K(1025664K), 0.4737418 secs]
744512.994: [GC 954835K(1025664K), 0.3486641 secs]
744515.882: [GC 954909K(1025664K), 0.4756858 secs]
744522.424: [GC 955720K(1025664K), 0.3479334 secs]
744525.312: [GC 955724K(1025664K), 0.4786695 secs]
744531.854: [GC 955862K(1025664K), 0.3556675 secs]
744534.742: [GC 956261K(1025664K), 0.4836136 secs]
744541.284: [GC 956782K(1025664K), 0.3642653 secs]
744544.172: [GC 957246K(1025664K), 0.4861090 secs]
744550.744: [GC 957831K(1025664K), 0.3528421 secs]
744553.622: [GC 958231K(1025664K), 0.4837127 secs]
744560.173: [GC 958698K(1025664K), 0.3527679 secs]
744563.052: [GC 959108K(1025664K), 0.4898566 secs]
744569.614: [GC 959692K(1025664K), 0.3536757 secs]
744572.502: [GC 960301K(1025664K), 0.4875631 secs]
744579.064: [GC 960732K(1025664K), 0.3602739 secs]
744581.952: [GC 960739K(1025664K), 0.5049133 secs]
744588.534: [GC 961858K(1025664K), 0.3772452 secs]
744591.452: [GC 961858K(1025664K), 0.4964283 secs]
744598.024: [GC 963119K(1025664K), 0.3578132 secs]
744600.902: [GC 963119K(1025664K), 0.5002804 secs]
744607.514: [GC 963598K(1025664K), 0.3579997 secs]
744610.402: [GC 963618K(1025664K), 0.4961890 secs]
744616.954: [GC 964024K(1025664K), 0.3629116 secs]
744619.842: [GC 964596K(1025664K), 0.4986670 secs]
744626.424: [GC 965387K(1025664K), 0.3640282 secs]
744629.322: [GC 965937K(1025664K), 0.5011143 secs]
744635.894: [GC 965941K(1025664K), 0.3645731 secs]
744638.782: [GC 966519K(1025664K), 0.5055785 secs]
744645.353: [GC 967369K(1025664K), 0.3674488 secs]
744648.262: [GC 967800K(1025664K), 0.5154768 secs]
744654.844: [GC 967891K(1025664K), 0.3681617 secs]
744657.742: [GC 968030K(1025664K), 0.5124515 secs]
744664.333: [GC 968842K(1025664K), 0.3694771 secs]
744667.232: [GC 968842K(1025664K), 0.5170728 secs]
744673.854: [GC 969806K(1025664K), 0.3731553 secs]
744676.752: [GC 969977K(1025664K), 0.5155063 secs]
744683.334: [GC 970554K(1025664K), 0.3937209 secs]
744686.262: [GC 970952K(1025664K), 0.5227252 secs]
744692.844: [GC 970961K(1025664K), 0.3760233 secs]
744695.742: [GC 971415K(1025664K), 0.5204115 secs]
744702.333: [GC 972036K(1025664K), 0.3763175 secs]
744703.772: [GC 972036K(1025664K), 0.5222006 secs]
744710.413: [GC 972867K(1025664K), 0.3877324 secs]
744713.332: [GC 972876K(1025664K), 0.5300510 secs]
744719.934: [GC 973948K(1025664K), 0.3824999 secs]
744722.852: [GC 973950K(1025664K), 0.5254329 secs]
744729.473: [GC 974781K(1025664K), 0.3807682 secs]
744732.392: [GC 974781K(1025664K), 0.5226354 secs]
744738.984: [GC 975408K(1025664K), 0.3819745 secs]
744741.892: [GC 975856K(1025664K), 0.5288051 secs]
744748.504: [GC 976245K(1025664K), 0.3861424 secs]
744751.422: [GC 976703K(1025664K), 0.5263988 secs]
744758.004: [GC 977224K(1025664K), 0.3889645 secs]
744759.452: [GC 977226K(1025664K), 0.5276487 secs]
744766.064: [GC 978149K(1025664K), 0.3854977 secs]
744768.972: [GC 978158K(1025664K), 0.5375190 secs]
744775.584: [GC 978594K(1025664K), 0.3852381 secs]
744778.502: [GC 978732K(1025664K), 0.5331367 secs]
744785.104: [GC 979634K(1025664K), 0.3851780 secs]
744788.012: [GC 979634K(1025664K), 0.5409979 secs]
744794.694: [GC 980087K(1025664K), 0.3891205 secs]
744797.622: [GC 980493K(1025664K), 0.5380253 secs]
744804.233: [GC 980961K(1025664K), 0.3920168 secs]
744807.162: [GC 981404K(1025664K), 0.5416175 secs]
744813.774: [GC 981873K(1025664K), 0.3953043 secs]
744816.692: [GC 982254K(1025664K), 0.5456561 secs]
744823.344: [GC 982875K(1025664K), 0.4134127 secs]
744826.292: [GC 983276K(1025664K), 0.5468279 secs]
744832.924: [GC 983808K(1025664K), 0.3974888 secs]
744835.872: [GC 984190K(1025664K), 0.5557759 secs]
744842.514: [GC 984729K(1025664K), 0.3969040 secs]
744845.442: [GC 985166K(1025664K), 0.5482008 secs]
744852.143: [GC 985237K(1025664K), 0.3980656 secs]
744855.072: [GC 985267K(1025664K), 0.5525946 secs]
744861.694: [GC 986247K(1025664K), 0.4016596 secs]
744864.622: [GC 986247K(1025664K), 0.5527503 secs]
744871.274: [GC 987095K(1025664K), 0.3995736 secs]
744874.202: [GC 987298K(1025664K), 0.5745352 secs]
744880.813: [GC 988355K(1025664K), 0.4024985 secs]
744883.742: [GC 988360K(1025664K), 0.5591606 secs]
744890.374: [GC 988763K(1025664K), 0.4065219 secs]
744893.312: [GC 989220K(1025664K), 0.5572096 secs]
744899.964: [GC 989870K(1025664K), 0.4041904 secs]
744902.912: [GC 990268K(1025664K), 0.5651579 secs]
744909.554: [GC 990735K(1025664K), 0.4074437 secs]
744910.822: [GC 990735K(1025664K), 0.5669647 secs]
744917.483: [GC 991131K(1025664K), 0.4063493 secs]
744920.432: [GC 991205K(1025664K), 0.5623793 secs]
744927.064: [GC 992073K(1025664K), 0.4135542 secs]
744930.012: [GC 992214K(1025664K), 0.5701438 secs]
744936.664: [GC 993051K(1025664K), 0.4325150 secs]
744939.622: [GC 993060K(1025664K), 0.5697900 secs]
744946.304: [GC 993626K(1025664K), 0.4124190 secs]
744949.252: [GC 994144K(1025664K), 0.5704165 secs]
744955.903: [GC 994550K(1025664K), 0.4080356 secs]
744958.742: [Full GC 994982K->960275K(1025664K), 3.1187891 secs]
744961.870: [GC 960279K(1025664K), 0.5057176 secs]
744965.910: [GC 962133K(1025664K), 0.3711145 secs]
744968.812: [GC 962584K(1025664K), 0.5129400 secs]
744975.403: [GC 963141K(1025664K), 0.3716136 secs]
744978.322: [GC 963487K(1025664K), 0.5048621 secs]
744984.904: [GC 963916K(1025664K), 0.3693628 secs]
744987.802: [GC 964394K(1025664K), 0.5163672 secs]
744994.384: [GC 964766K(1025664K), 0.3857851 secs]
744997.312: [GC 964766K(1025664K), 0.5088881 secs]
745003.883: [GC 965547K(1025664K), 0.3724068 secs]
745006.782: [GC 965562K(1025664K), 0.5230412 secs]
745013.374: [GC 966405K(1025664K), 0.3749982 secs]
745016.282: [GC 966409K(1025664K), 0.5229997 secs]
745022.864: [GC 966807K(1025664K), 0.3742611 secs]
745025.762: [GC 967178K(1025664K), 0.5225895 secs]
745032.374: [GC 967647K(1025664K), 0.3746823 secs]
745035.282: [GC 968073K(1025664K), 0.5161258 secs]
745041.864: [GC 968412K(1025664K), 0.3755629 secs]
745044.762: [GC 968776K(1025664K), 0.5251559 secs]
745051.374: [GC 969225K(1025664K), 0.3773239 secs]
745054.282: [GC 969655K(1025664K), 0.5214450 secs]
745060.874: [GC 970007K(1025664K), 0.3821257 secs]
745063.352: [GC 970009K(1025664K), 0.5232475 secs]
745069.994: [GC 970845K(1025664K), 0.3846428 secs]
745072.902: [GC 970908K(1025664K), 0.5395248 secs]
745079.504: [GC 971893K(1025664K), 0.3797838 secs]
745082.412: [GC 971898K(1025664K), 0.5254505 secs]
745089.054: [GC 972792K(1025664K), 0.3885489 secs]
745091.972: [GC 972813K(1025664K), 0.5315170 secs]
745098.574: [GC 973190K(1025664K), 0.3870114 secs]
745101.512: [GC 973511K(1025664K), 0.5303066 secs]
745108.104: [GC 974069K(1025664K), 0.3857011 secs]
745111.012: [GC 974423K(1025664K), 0.5483859 secs]
745117.624: [GC 974780K(1025664K), 0.3862791 secs]
745120.542: [GC 975117K(1025664K), 0.5336827 secs]
745127.104: [GC 975552K(1025664K), 0.3934588 secs]
745130.032: [GC 976376K(1025664K), 0.5570949 secs]
745136.654: [GC 976749K(1025664K), 0.3937636 secs]
745139.592: [GC 977092K(1025664K), 0.5391841 secs]
745146.234: [GC 977486K(1025664K), 0.3930120 secs]
745149.162: [GC 977986K(1025664K), 0.5440316 secs]
745155.774: [GC 978382K(1025664K), 0.3973303 secs]
745158.702: [GC 978385K(1025664K), 0.5468510 secs]
745165.343: [GC 979422K(1025664K), 0.3946195 secs]
745168.282: [GC 979560K(1025664K), 0.5449064 secs]
745174.894: [GC 980388K(1025664K), 0.4016998 secs]
745177.822: [GC 980391K(1025664K), 0.5525159 secs]
745184.434: [GC 981155K(1025664K), 0.3995226 secs]
745187.372: [GC 981168K(1025664K), 0.5555279 secs]
745194.004: [GC 981534K(1025664K), 0.4029590 secs]
745196.952: [GC 981847K(1025664K), 0.5551690 secs]
745203.574: [GC 982405K(1025664K), 0.3998082 secs]
745206.502: [GC 982745K(1025664K), 0.5610162 secs]
745213.134: [GC 983133K(1025664K), 0.4017037 secs]
745214.442: [GC 983149K(1025664K), 0.5548903 secs]
745221.074: [GC 984037K(1025664K), 0.4059185 secs]
745224.022: [GC 984040K(1025664K), 0.5593833 secs]
745230.654: [GC 984731K(1025664K), 0.4064252 secs]
745233.592: [GC 984734K(1025664K), 0.5588652 secs]
745240.174: [GC 986010K(1025664K), 0.4126256 secs]
745243.112: [GC 986010K(1025664K), 0.5680242 secs]
745249.754: [GC 986653K(1025664K), 0.4255227 secs]
745252.722: [GC 987019K(1025664K), 0.5801574 secs]
745259.364: [GC 987558K(1025664K), 0.4094773 secs]
745262.302: [GC 987924K(1025664K), 0.5650007 secs]
745268.874: [GC 988299K(1025664K), 0.4088895 secs]
745270.252: [GC 988312K(1025664K), 0.5652378 secs]
745276.894: [GC 989231K(1025664K), 0.4159643 secs]
745279.852: [GC 989371K(1025664K), 0.5700194 secs]
745286.494: [GC 990080K(1025664K), 0.4128478 secs]
745289.442: [GC 990094K(1025664K), 0.5697099 secs]
745296.084: [GC 990818K(1025664K), 0.4192921 secs]
745299.032: [GC 990956K(1025664K), 0.5767025 secs]
745305.734: [GC 991692K(1025664K), 0.4117458 secs]
745308.672: [GC 992089K(1025664K), 0.5809906 secs]
745315.323: [GC 992418K(1025664K), 0.4157181 secs]
745318.282: [GC 993282K(1025664K), 0.5763748 secs]
745324.924: [GC 993606K(1025664K), 0.4191483 secs]
745327.872: [GC 994016K(1025664K), 0.5877609 secs]
745334.544: [GC 994346K(1025664K), 0.4197702 secs]
745337.512: [GC 994717K(1025664K), 0.5802589 secs]
745344.153: [GC 995357K(1025664K), 0.4271003 secs]
745345.097: [Full GC 995357K->967999K(1025664K), 3.1483768 secs]
745348.257: [GC 968858K(1025664K), 0.5282176 secs]
745352.371: [GC 969709K(1025664K), 0.3842072 secs]
745355.282: [GC 969996K(1025664K), 0.5299206 secs]
745361.894: [GC 970274K(1025664K), 0.3881924 secs]
745364.812: [GC 970606K(1025664K), 0.5424716 secs]
745371.424: [GC 971062K(1025664K), 0.3861566 secs]
745374.352: [GC 971338K(1025664K), 0.5338308 secs]
745380.964: [GC 971654K(1025664K), 0.4010804 secs]
745383.892: [GC 971930K(1025664K), 0.5435213 secs]
745390.524: [GC 972613K(1025664K), 0.3913486 secs]
745393.452: [GC 972661K(1025664K), 0.5369324 secs]
745400.074: [GC 973493K(1025664K), 0.3933491 secs]
745402.992: [GC 973493K(1025664K), 0.5544886 secs]
745409.614: [GC 974799K(1025664K), 0.3974263 secs]
745412.542: [GC 974799K(1025664K), 0.5431737 secs]
745419.153: [GC 975376K(1025664K), 0.3952514 secs]
745422.072: [GC 975729K(1025664K), 0.5491098 secs]
745428.704: [GC 976165K(1025664K), 0.3952696 secs]
745431.642: [GC 976423K(1025664K), 0.5490603 secs]
745438.283: [GC 976774K(1025664K), 0.4017683 secs]
745441.212: [GC 977072K(1025664K), 0.5624300 secs]
745447.834: [GC 977514K(1025664K), 0.4205083 secs]
745450.782: [GC 978125K(1025664K), 0.5516169 secs]
745457.403: [GC 978435K(1025664K), 0.4029445 secs]
745460.342: [GC 978722K(1025664K), 0.5534569 secs]
745466.974: [GC 979382K(1025664K), 0.4033959 secs]
745469.912: [GC 979808K(1025664K), 0.5596479 secs]
745476.554: [GC 980469K(1025664K), 0.4032346 secs]
745479.492: [GC 980756K(1025664K), 0.5564962 secs]
745486.134: [GC 981140K(1025664K), 0.4047789 secs]
745489.062: [GC 981290K(1025664K), 0.5698501 secs]
745495.724: [GC 982157K(1025664K), 0.4092578 secs]
745498.662: [GC 982162K(1025664K), 0.5647083 secs]
745505.294: [GC 983240K(1025664K), 0.4077105 secs]
745508.232: [GC 983383K(1025664K), 0.5627048 secs]
745514.903: [GC 984033K(1025664K), 0.4244128 secs]
745517.862: [GC 984044K(1025664K), 0.5696998 secs]
745524.504: [GC 984375K(1025664K), 0.4148013 secs]
745527.452: [GC 984889K(1025664K), 0.5657525 secs]
745534.094: [GC 985340K(1025664K), 0.4100581 secs]
745537.032: [GC 985617K(1025664K), 0.5744576 secs]
745543.674: [GC 986290K(1025664K), 0.4111902 secs]
745544.992: [GC 986290K(1025664K), 0.5807227 secs]
745551.684: [GC 987263K(1025664K), 0.4154117 secs]
745554.642: [GC 987315K(1025664K), 0.5779052 secs]
745561.304: [GC 988113K(1025664K), 0.4398889 secs]
745564.282: [GC 988113K(1025664K), 0.5735055 secs]
745570.974: [GC 989171K(1025664K), 0.4208866 secs]
745573.922: [GC 989176K(1025664K), 0.5864113 secs]
745580.584: [GC 989620K(1025664K), 0.4173995 secs]
745583.542: [GC 990229K(1025664K), 0.5789556 secs]
745590.193: [GC 990664K(1025664K), 0.4211287 secs]
745593.142: [GC 991261K(1025664K), 0.5867750 secs]
745599.794: [GC 991858K(1025664K), 0.4195956 secs]
745601.072: [GC 991893K(1025664K), 0.5921207 secs]
745607.764: [GC 992858K(1025664K), 0.4251012 secs]
745610.722: [GC 992871K(1025664K), 0.5918620 secs]
745617.384: [GC 993449K(1025664K), 0.4242728 secs]
745620.342: [GC 993454K(1025664K), 0.5860122 secs]
745627.024: [GC 994044K(1025664K), 0.4273053 secs]
745629.992: [GC 994231K(1025664K), 0.5974743 secs]
745636.714: [GC 994834K(1025664K), 0.4282189 secs]
745637.932: [Full GC 995349K->973892K(1025664K), 3.1457385 secs]
745641.087: [GC 973905K(1025664K), 0.5544410 secs]
745645.169: [GC 975148K(1025664K), 0.4008911 secs]
745648.092: [GC 975520K(1025664K), 0.5580097 secs]
745654.724: [GC 975775K(1025664K), 0.3999181 secs]
745657.662: [GC 975780K(1025664K), 0.5548877 secs]
745664.334: [GC 976729K(1025664K), 0.3970115 secs]
745667.262: [GC 976777K(1025664K), 0.5581702 secs]
745673.894: [GC 977466K(1025664K), 0.4074314 secs]
745676.832: [GC 977499K(1025664K), 0.5671761 secs]
745683.454: [GC 978161K(1025664K), 0.4009955 secs]
745686.392: [GC 978165K(1025664K), 0.5600666 secs]
745693.034: [GC 978797K(1025664K), 0.4088227 secs]
745695.972: [GC 979028K(1025664K), 0.5744511 secs]
745702.624: [GC 979517K(1025664K), 0.4079120 secs]
745705.562: [GC 979955K(1025664K), 0.5751882 secs]
745712.233: [GC 980364K(1025664K), 0.4074013 secs]
745715.172: [GC 980581K(1025664K), 0.5713954 secs]
745721.824: [GC 981266K(1025664K), 0.4200923 secs]
745724.782: [GC 981526K(1025664K), 0.5778484 secs]
745731.444: [GC 982138K(1025664K), 0.4261467 secs]
745734.412: [GC 982574K(1025664K), 0.5696342 secs]
745741.074: [GC 983048K(1025664K), 0.4175565 secs]
745744.022: [GC 983533K(1025664K), 0.5847938 secs]
745750.674: [GC 984163K(1025664K), 0.4171912 secs]
745753.582: [GC 984167K(1025664K), 0.5741049 secs]
745760.254: [GC 984883K(1025664K), 0.4176033 secs]
745763.212: [GC 984889K(1025664K), 0.5770651 secs]
745769.854: [GC 985967K(1025664K), 0.4207713 secs]
745772.822: [GC 986109K(1025664K), 0.5835221 secs]
745779.474: [GC 986790K(1025664K), 0.4178646 secs]
745782.432: [GC 986836K(1025664K), 0.5792591 secs]
745789.074: [GC 987469K(1025664K), 0.4258482 secs]
745792.042: [GC 987693K(1025664K), 0.5973341 secs]
745798.784: [GC 988175K(1025664K), 0.4272352 secs]
745801.732: [GC 988609K(1025664K), 0.5928476 secs]
745808.403: [GC 989254K(1025664K), 0.4196106 secs]
745811.362: [GC 989482K(1025664K), 0.5849985 secs]
745818.094: [GC 989771K(1025664K), 0.4257650 secs]
745821.042: [GC 990218K(1025664K), 0.6117350 secs]
745827.734: [GC 990833K(1025664K), 0.4265309 secs]
745830.692: [GC 991321K(1025664K), 0.5940346 secs]
745837.353: [GC 991555K(1025664K), 0.4294152 secs]
745840.322: [GC 991809K(1025664K), 0.5908305 secs]
745846.994: [GC 992326K(1025664K), 0.4341301 secs]
745849.952: [GC 992921K(1025664K), 0.6056173 secs]
745856.664: [GC 993434K(1025664K), 0.4344210 secs]
745859.642: [GC 993436K(1025664K), 0.6003622 secs]
745866.333: [GC 994149K(1025664K), 0.4545440 secs]
745869.322: [GC 994289K(1025664K), 0.5997285 secs]
745875.984: [GC 995201K(1025664K), 0.4402258 secs]
745876.939: [Full GC 995201K->978708K(1025664K), 3.1465485 secs]
745880.342: [GC 979155K(1025664K), 0.5657737 secs]
745884.438: [GC 979692K(1025664K), 0.4135400 secs]
745887.382: [GC 980051K(1025664K), 0.5671351 secs]
745894.014: [GC 980707K(1025664K), 0.4138286 secs]
745896.952: [GC 981068K(1025664K), 0.5782008 secs]
745903.633: [GC 981632K(1025664K), 0.4122936 secs]
745906.582: [GC 981995K(1025664K), 0.5738094 secs]
745913.224: [GC 982597K(1025664K), 0.4178913 secs]
745916.172: [GC 982956K(1025664K), 0.5751964 secs]
745922.874: [GC 983505K(1025664K), 0.4181765 secs]
745925.832: [GC 983509K(1025664K), 0.5815606 secs]
745932.524: [GC 984271K(1025664K), 0.4199296 secs]
745935.472: [GC 984280K(1025664K), 0.5839883 secs]
745942.124: [GC 985152K(1025664K), 0.4223950 secs]
745945.072: [GC 985156K(1025664K), 0.5823080 secs]
745951.744: [GC 985920K(1025664K), 0.4233402 secs]
745954.692: [GC 985926K(1025664K), 0.5846926 secs]
745961.344: [GC 986467K(1025664K), 0.4215261 secs]
745964.312: [GC 986813K(1025664K), 0.5844686 secs]
745970.954: [GC 987225K(1025664K), 0.4214298 secs]
745973.922: [GC 987606K(1025664K), 0.5974465 secs]
745980.604: [GC 988129K(1025664K), 0.4295211 secs]
745983.572: [GC 988504K(1025664K), 0.5894040 secs]
745990.234: [GC 988899K(1025664K), 0.4296662 secs]
745991.842: [GC 989084K(1025664K), 0.5965279 secs]
745998.514: [GC 989996K(1025664K), 0.4265548 secs]
746001.482: [GC 990000K(1025664K), 0.5916481 secs]
746008.154: [GC 990754K(1025664K), 0.4278617 secs]
746011.112: [GC 990760K(1025664K), 0.6033294 secs]
746017.774: [GC 991652K(1025664K), 0.4312833 secs]
746020.732: [GC 991654K(1025664K), 0.6044839 secs]
746027.374: [GC 992090K(1025664K), 0.4301311 secs]
746030.332: [GC 992459K(1025664K), 0.5984711 secs]
746036.994: [GC 992846K(1025664K), 0.4325295 secs]
746039.952: [GC 993355K(1025664K), 0.6099137 secs]
746046.674: [GC 993930K(1025664K), 0.4431503 secs]
746049.662: [GC 994319K(1025664K), 0.6049685 secs]
746056.273: [GC 994736K(1025664K), 0.4386532 secs]
746059.242: [GC 995229K(1025664K), 0.6065859 secs]
746060.861: [Full GC 995256K->982326K(1025664K), 3.1754514 secs]
746064.049: [GC 982900K(1025664K), 0.5890478 secs]
746068.215: [GC 983312K(1025664K), 0.4182120 secs]
746071.162: [GC 983597K(1025664K), 0.5841744 secs]
746077.824: [GC 984220K(1025664K), 0.4246465 secs]
746080.772: [GC 984659K(1025664K), 0.5863415 secs]
746087.434: [GC 985298K(1025664K), 0.4230221 secs]
746090.402: [GC 985617K(1025664K), 0.5862811 secs]
746097.044: [GC 986111K(1025664K), 0.4261099 secs]
746100.012: [GC 986659K(1025664K), 0.6075717 secs]
746106.704: [GC 987006K(1025664K), 0.4341208 secs]
746109.682: [GC 987033K(1025664K), 0.5926384 secs]
746116.343: [GC 987784K(1025664K), 0.4305667 secs]
746119.302: [GC 987949K(1025664K), 0.5907197 secs]
746126.034: [GC 988699K(1025664K), 0.4397820 secs]
746129.002: [GC 988703K(1025664K), 0.5964293 secs]
746135.704: [GC 989596K(1025664K), 0.4291437 secs]
746138.712: [GC 989741K(1025664K), 0.6037546 secs]
746145.375: [GC 990320K(1025664K), 0.4369158 secs]
746148.352: [GC 990473K(1025664K), 0.6061073 secs]
746155.023: [GC 990778K(1025664K), 0.4391037 secs]
746157.992: [GC 991377K(1025664K), 0.6014076 secs]
746164.664: [GC 991845K(1025664K), 0.4624021 secs]
746167.662: [GC 992156K(1025664K), 0.6046401 secs]
746174.323: [GC 992586K(1025664K), 0.4371535 secs]
746175.882: [GC 992767K(1025664K), 0.6126706 secs]
746182.563: [GC 993661K(1025664K), 0.4617678 secs]
746185.562: [GC 993686K(1025664K), 0.6065017 secs]
746192.233: [GC 994370K(1025664K), 0.4408974 secs]
746195.212: [GC 994378K(1025664K), 0.6080726 secs]
746201.212: [Full GC 995014K->985073K(1025664K), 3.1701766 secs]
746204.393: [GC 985702K(1025664K), 0.5893743 secs]
746208.716: [GC 1014626K(1025664K), 0.5021658 secs]
746209.992: [Full GC 1014546K->964104K(1025664K), 3.7728452 secs]
746213.773: [GC 964109K(1025664K), 0.5172957 secs]
746217.846: [GC 964954K(1025664K), 0.3755690 secs]
746220.742: [GC 965282K(1025664K), 0.5236216 secs]
746227.324: [GC 965653K(1025664K), 0.3805608 secs]
746230.252: [GC 966071K(1025664K), 0.5180385 secs]
746236.874: [GC 966554K(1025664K), 0.3788782 secs]
746239.362: [GC 966727K(1025664K), 0.5250556 secs]
746245.954: [GC 967528K(1025664K), 0.3888079 secs]
746248.872: [GC 967538K(1025664K), 0.5357555 secs]
746255.493: [GC 968271K(1025664K), 0.3740872 secs]
746258.402: [GC 968444K(1025664K), 0.5244933 secs]
746264.984: [GC 969211K(1025664K), 0.3842572 secs]
746267.892: [GC 969331K(1025664K), 0.5367990 secs]
746274.494: [GC 969783K(1025664K), 0.3836854 secs]
746277.412: [GC 970172K(1025664K), 0.5280562 secs]
746284.014: [GC 970701K(1025664K), 0.3853852 secs]
746286.922: [GC 971085K(1025664K), 0.5429030 secs]
746293.534: [GC 971424K(1025664K), 0.3861037 secs]
746296.452: [GC 972039K(1025664K), 0.5416239 secs]
746303.024: [GC 972554K(1025664K), 0.3868446 secs]
746305.932: [GC 973153K(1025664K), 0.5425969 secs]
746312.554: [GC 973507K(1025664K), 0.3853578 secs]
746315.482: [GC 973878K(1025664K), 0.5368889 secs]
746322.094: [GC 974455K(1025664K), 0.3919472 secs]
746325.012: [GC 974459K(1025664K), 0.5432113 secs]
746331.624: [GC 975386K(1025664K), 0.3943269 secs]
746334.562: [GC 975399K(1025664K), 0.5407362 secs]
746341.193: [GC 976391K(1025664K), 0.4061036 secs]
746344.122: [GC 976395K(1025664K), 0.5511748 secs]
746350.754: [GC 977117K(1025664K), 0.3927736 secs]
746353.672: [GC 977130K(1025664K), 0.5478462 secs]
746360.253: [GC 977760K(1025664K), 0.3942865 secs]
746363.172: [GC 978092K(1025664K), 0.5499422 secs]
746369.824: [GC 978498K(1025664K), 0.3977281 secs]
746372.762: [GC 979032K(1025664K), 0.5532478 secs]
746379.374: [GC 979602K(1025664K), 0.3979686 secs]
746382.302: [GC 979975K(1025664K), 0.5566791 secs]
746388.934: [GC 980435K(1025664K), 0.3974039 secs]
746391.872: [GC 980807K(1025664K), 0.5648378 secs]
746398.514: [GC 981302K(1025664K), 0.4008862 secs]
746401.452: [GC 981685K(1025664K), 0.5663491 secs]
746408.094: [GC 982019K(1025664K), 0.4018465 secs]
746411.022: [GC 982372K(1025664K), 0.5636214 secs]
746417.604: [GC 982863K(1025664K), 0.4062329 secs]
746420.532: [GC 982874K(1025664K), 0.5594452 secs]
746427.193: [GC 983637K(1025664K), 0.4023354 secs]
746430.122: [GC 983652K(1025664K), 0.5642281 secs]
746436.744: [GC 984430K(1025664K), 0.4067994 secs]
746439.692: [GC 984607K(1025664K), 0.5692815 secs]
746446.394: [GC 985427K(1025664K), 0.4077112 secs]
746449.342: [GC 985447K(1025664K), 0.5654970 secs]
746455.984: [GC 985830K(1025664K), 0.4181427 secs]
746458.922: [GC 986397K(1025664K), 0.5714428 secs]
746465.543: [GC 986808K(1025664K), 0.4082232 secs]
746468.482: [GC 987147K(1025664K), 0.5703603 secs]
746475.134: [GC 987626K(1025664K), 0.4213199 secs]
746476.462: [GC 987906K(1025664K), 0.5700646 secs]
746483.114: [GC 988787K(1025664K), 0.4126907 secs]
746486.062: [GC 988798K(1025664K), 0.5857941 secs]
746492.773: [GC 989586K(1025664K), 0.4353097 secs]
746495.732: [GC 989586K(1025664K), 0.5792990 secs]
746502.374: [GC 990467K(1025664K), 0.4208498 secs]
746505.322: [GC 990480K(1025664K), 0.5770572 secs]
746511.954: [GC 990940K(1025664K), 0.4187228 secs]
746514.912: [GC 991412K(1025664K), 0.5923742 secs]
746521.573: [GC 992011K(1025664K), 0.4331028 secs]
746524.542: [GC 992359K(1025664K), 0.5805344 secs]
746531.194: [GC 992726K(1025664K), 0.4178221 secs]
746534.132: [GC 993071K(1025664K), 0.5872916 secs]
746540.754: [GC 993706K(1025664K), 0.4198874 secs]
746543.702: [GC 994050K(1025664K), 0.5874423 secs]
746550.354: [GC 994474K(1025664K), 0.4203539 secs]
746553.202: [Full GC 994900K->969576K(1025664K), 3.7204004 secs]
746556.931: [GC 969580K(1025664K), 0.5405633 secs]
746561.019: [GC 970557K(1025664K), 0.3902685 secs]
746563.932: [GC 970897K(1025664K), 0.5460406 secs]
746570.614: [GC 971336K(1025664K), 0.3933257 secs]
746573.542: [GC 971748K(1025664K), 0.5378709 secs]
746580.153: [GC 972388K(1025664K), 0.3955776 secs]
746583.092: [GC 972725K(1025664K), 0.5486841 secs]
746589.714: [GC 973042K(1025664K), 0.3919646 secs]
746592.632: [GC 973354K(1025664K), 0.5450112 secs]
746599.264: [GC 973991K(1025664K), 0.3978046 secs]
746602.182: [GC 974006K(1025664K), 0.5483965 secs]
746608.803: [GC 975007K(1025664K), 0.3981938 secs]
746611.742: [GC 975009K(1025664K), 0.5531203 secs]
746618.344: [GC 976009K(1025664K), 0.4040723 secs]
746621.272: [GC 976009K(1025664K), 0.5484517 secs]
746627.913: [GC 976800K(1025664K), 0.4193456 secs]
746630.862: [GC 976800K(1025664K), 0.5591442 secs]
746637.504: [GC 977256K(1025664K), 0.3972543 secs]
746640.442: [GC 977637K(1025664K), 0.5648949 secs]
746647.074: [GC 977986K(1025664K), 0.4046168 secs]
746650.002: [GC 978398K(1025664K), 0.5617936 secs]
746656.644: [GC 978849K(1025664K), 0.4007409 secs]
746657.972: [GC 979044K(1025664K), 0.5657358 secs]
746664.614: [GC 979745K(1025664K), 0.4071473 secs]
746667.562: [GC 979761K(1025664K), 0.5579461 secs]
746674.183: [GC 980761K(1025664K), 0.4077185 secs]
746677.112: [GC 980765K(1025664K), 0.5677580 secs]
746683.753: [GC 981746K(1025664K), 0.4066236 secs]
746686.692: [GC 981768K(1025664K), 0.5733343 secs]
746693.354: [GC 982309K(1025664K), 0.4264902 secs]
746696.312: [GC 982721K(1025664K), 0.5745684 secs]
746702.974: [GC 983319K(1025664K), 0.4237870 secs]
746705.922: [GC 983752K(1025664K), 0.5740336 secs]
746712.594: [GC 984197K(1025664K), 0.4156380 secs]
746715.542: [GC 984514K(1025664K), 0.5689679 secs]
746722.134: [GC 985044K(1025664K), 0.4189475 secs]
746725.092: [GC 985488K(1025664K), 0.5806659 secs]
746731.784: [GC 985913K(1025664K), 0.4099667 secs]
746734.712: [GC 986257K(1025664K), 0.5805170 secs]
746741.364: [GC 986743K(1025664K), 0.4133777 secs]
746744.312: [GC 987159K(1025664K), 0.5761582 secs]
746751.004: [GC 987666K(1025664K), 0.4195708 secs]
746753.972: [GC 988075K(1025664K), 0.5833035 secs]
746760.634: [GC 988657K(1025664K), 0.4344024 secs]
746763.612: [GC 988673K(1025664K), 0.5819379 secs]
746770.264: [GC 989475K(1025664K), 0.4237958 secs]
746773.212: [GC 989492K(1025664K), 0.5832464 secs]
746779.864: [GC 990732K(1025664K), 0.4250310 secs]
746782.822: [GC 990749K(1025664K), 0.5886256 secs]
746789.493: [GC 991404K(1025664K), 0.4272717 secs]
746790.572: [GC 991404K(1025664K), 0.5862599 secs]
746797.233: [GC 991867K(1025664K), 0.4262409 secs]
746800.182: [GC 992289K(1025664K), 0.5886910 secs]
746806.834: [GC 992641K(1025664K), 0.4469762 secs]
746809.812: [GC 993233K(1025664K), 0.5938384 secs]
746816.474: [GC 993673K(1025664K), 0.4308219 secs]
746819.432: [GC 994002K(1025664K), 0.5925867 secs]
746826.094: [GC 994340K(1025664K), 0.4311782 secs]
746829.052: [GC 994533K(1025664K), 0.6072545 secs]
746830.685: [Full GC 994949K->975162K(1025664K), 3.1288120 secs]
746834.682: [GC 975500K(1025664K), 0.5647231 secs]
746838.831: [GC 976068K(1025664K), 0.4056140 secs]
746840.262: [GC 976083K(1025664K), 0.5551382 secs]
746846.904: [GC 976823K(1025664K), 0.4105395 secs]
746849.852: [GC 977003K(1025664K), 0.5676656 secs]
746856.494: [GC 977675K(1025664K), 0.4293401 secs]
746859.462: [GC 977677K(1025664K), 0.5593434 secs]
746866.114: [GC 978397K(1025664K), 0.4087512 secs]
746869.042: [GC 978593K(1025664K), 0.5664629 secs]
746875.654: [GC 979108K(1025664K), 0.4279035 secs]
746878.612: [GC 979577K(1025664K), 0.5677078 secs]
746885.264: [GC 979990K(1025664K), 0.4113745 secs]
746888.202: [GC 980560K(1025664K), 0.5683445 secs]
746894.854: [GC 980963K(1025664K), 0.4204589 secs]
746897.792: [GC 981481K(1025664K), 0.5766468 secs]
746904.474: [GC 981878K(1025664K), 0.4157783 secs]
746907.422: [GC 982240K(1025664K), 0.5700833 secs]
746914.064: [GC 982567K(1025664K), 0.4173678 secs]
746917.002: [GC 982938K(1025664K), 0.5780243 secs]
746923.654: [GC 983499K(1025664K), 0.4206723 secs]
746926.602: [GC 983805K(1025664K), 0.5774243 secs]
746933.253: [GC 984222K(1025664K), 0.4169733 secs]
746936.202: [GC 984236K(1025664K), 0.5765487 secs]
746942.874: [GC 985163K(1025664K), 0.4196086 secs]
746945.832: [GC 985180K(1025664K), 0.5857571 secs]
746952.503: [GC 985947K(1025664K), 0.4222826 secs]
746955.452: [GC 985962K(1025664K), 0.5855836 secs]
746962.134: [GC 986998K(1025664K), 0.4187154 secs]
746965.072: [GC 987002K(1025664K), 0.5878327 secs]
746971.744: [GC 987411K(1025664K), 0.4254123 secs]
746974.692: [GC 987954K(1025664K), 0.5916932 secs]
746981.344: [GC 988530K(1025664K), 0.4256619 secs]
746984.302: [GC 988918K(1025664K), 0.5866214 secs]
746990.953: [GC 989450K(1025664K), 0.4250317 secs]
746993.902: [GC 989821K(1025664K), 0.5981866 secs]
747000.564: [GC 990392K(1025664K), 0.4288765 secs]
747003.532: [GC 990773K(1025664K), 0.5934298 secs]
747010.183: [GC 991082K(1025664K), 0.4254897 secs]
747013.142: [GC 991444K(1025664K), 0.5991480 secs]
747019.844: [GC 992161K(1025664K), 0.4284022 secs]
747022.792: [GC 992524K(1025664K), 0.6023741 secs]
747029.464: [GC 992917K(1025664K), 0.4297804 secs]
747032.422: [GC 993208K(1025664K), 0.5963698 secs]
747039.094: [GC 993875K(1025664K), 0.4342758 secs]
747042.052: [GC 993891K(1025664K), 0.6063861 secs]
747048.774: [GC 994558K(1025664K), 0.4325994 secs]
747051.752: [GC 994572K(1025664K), 0.6143459 secs]
747056.372: [Full GC 994986K->979633K(1025664K), 3.1310311 secs]
747059.516: [GC 980182K(1025664K), 0.5701837 secs]
747063.657: [GC 980470K(1025664K), 0.4155733 secs]
747066.602: [GC 980783K(1025664K), 0.5746562 secs]
747073.253: [GC 981136K(1025664K), 0.4171381 secs]
747076.212: [GC 981771K(1025664K), 0.5775283 secs]
747082.864: [GC 982477K(1025664K), 0.4223500 secs]
747085.802: [GC 982777K(1025664K), 0.5881369 secs]
747092.454: [GC 983129K(1025664K), 0.4192144 secs]
747095.412: [GC 983523K(1025664K), 0.5789341 secs]
747102.044: [GC 984068K(1025664K), 0.4199421 secs]
747104.982: [GC 984068K(1025664K), 0.5857258 secs]
747111.644: [GC 984907K(1025664K), 0.4251881 secs]
747114.612: [GC 984907K(1025664K), 0.5847333 secs]
747121.273: [GC 985905K(1025664K), 0.4302062 secs]
747124.232: [GC 985905K(1025664K), 0.5927391 secs]
747130.893: [GC 986790K(1025664K), 0.4198227 secs]
747133.842: [GC 986790K(1025664K), 0.5867580 secs]
747140.494: [GC 987419K(1025664K), 0.4285867 secs]
747143.462: [GC 987768K(1025664K), 0.5879358 secs]
747150.134: [GC 988167K(1025664K), 0.4285110 secs]
747153.092: [GC 988550K(1025664K), 0.5904277 secs]
747159.764: [GC 989156K(1025664K), 0.4263464 secs]
747162.722: [GC 989542K(1025664K), 0.5924436 secs]
747169.374: [GC 990203K(1025664K), 0.4308663 secs]
747170.992: [GC 990203K(1025664K), 0.5934687 secs]
747177.684: [GC 991203K(1025664K), 0.4306968 secs]
747180.642: [GC 991205K(1025664K), 0.5976501 secs]
747187.314: [GC 991945K(1025664K), 0.4487834 secs]
747190.282: [GC 991951K(1025664K), 0.5987158 secs]
747196.954: [GC 992798K(1025664K), 0.4339228 secs]
747199.912: [GC 993018K(1025664K), 0.6005486 secs]
747206.544: [GC 993366K(1025664K), 0.4392305 secs]
747209.522: [GC 993776K(1025664K), 0.6021246 secs]
747216.214: [GC 994144K(1025664K), 0.4358377 secs]
747219.172: [GC 994716K(1025664K), 0.6043454 secs]
747223.852: [Full GC 995179K->982985K(1025664K), 3.1073731 secs]
747227.052: [GC 983380K(1025664K), 0.5837173 secs]
747231.186: [GC 983765K(1025664K), 0.4191612 secs]
747234.132: [GC 984072K(1025664K), 0.5883736 secs]
747240.774: [GC 984706K(1025664K), 0.4262149 secs]
747243.742: [GC 985105K(1025664K), 0.5909936 secs]
747250.394: [GC 985517K(1025664K), 0.4508015 secs]
747253.382: [GC 985910K(1025664K), 0.5886070 secs]
747260.044: [GC 986726K(1025664K), 0.4260009 secs]
747263.002: [GC 987028K(1025664K), 0.5910054 secs]
747269.664: [GC 987442K(1025664K), 0.4305870 secs]
747272.622: [GC 987648K(1025664K), 0.5918649 secs]
747279.274: [GC 988647K(1025664K), 0.4292892 secs]
747282.242: [GC 988659K(1025664K), 0.5944339 secs]
747288.933: [GC 989520K(1025664K), 0.4300374 secs]
747291.882: [GC 989534K(1025664K), 0.5963041 secs]
747298.584: [GC 990441K(1025664K), 0.4299952 secs]
747301.552: [GC 990531K(1025664K), 0.5987667 secs]
747308.214: [GC 990870K(1025664K), 0.4342444 secs]
747311.172: [GC 991239K(1025664K), 0.6003490 secs]
747317.854: [GC 991890K(1025664K), 0.4347718 secs]
747320.812: [GC 992261K(1025664K), 0.6030675 secs]
747327.483: [GC 992605K(1025664K), 0.4366162 secs]
747330.452: [GC 992978K(1025664K), 0.6037680 secs]
747337.114: [GC 993405K(1025664K), 0.4518844 secs]
747340.092: [GC 994012K(1025664K), 0.6067619 secs]
747346.754: [GC 994442K(1025664K), 0.4390098 secs]
747348.752: [GC 994537K(1025664K), 0.6073266 secs]
747355.434: [GC 995243K(1025664K), 0.4496939 secs]
747358.382: [Full GC 995456K->985627K(1025664K), 3.1269293 secs]
747361.517: [GC 985635K(1025664K), 0.5905786 secs]
747365.812: [GC 1010579K(1025664K), 0.4391550 secs]
747366.767: [Full GC 1010581K->986243K(1025664K), 3.2190370 secs]
747369.999: [GC 986788K(1025664K), 0.5936826 secs]
747374.177: [GC 1006470K(1025664K), 0.4425843 secs]
747375.140: [Full GC 1006471K->986347K(1025664K), 3.1260867 secs]
747378.276: [GC 987157K(1025664K), 0.5969946 secs]
747382.475: [GC 1006958K(1025664K), 0.4399126 secs]
747383.435: [Full GC 1006960K->986502K(1025664K), 3.1270752 secs]
747386.571: [GC 986722K(1025664K), 0.5935692 secs]
747390.707: [GC 1006596K(1025664K), 0.4507273 secs]
747391.669: [Full GC 1006598K->986588K(1025664K), 3.1135491 secs]
747394.793: [GC 987064K(1025664K), 0.5973084 secs]
747398.961: [GC 1006681K(1025664K), 0.4495055 secs]
747399.937: [Full GC 1006683K->986657K(1025664K), 3.1077369 secs]
747403.055: [GC 987133K(1025664K), 0.5989107 secs]
747407.232: [GC 1006690K(1025664K), 0.4495457 secs]
747408.199: [Full GC 1006692K->986569K(1025664K), 3.1152960 secs]
747411.324: [GC 986989K(1025664K), 0.6210489 secs]
747415.516: [GC 1006790K(1025664K), 0.4515790 secs]
747416.484: [Full GC 1006792K->986689K(1025664K), 3.1121212 secs]
747419.607: [GC 987431K(1025664K), 0.5962358 secs]
747423.799: [GC 1006970K(1025664K), 0.4462248 secs]
747424.760: [Full GC 1006971K->986776K(1025664K), 3.1159772 secs]
747427.887: [GC 987254K(1025664K), 0.5975519 secs]
747432.137: [GC 1006779K(1025664K), 0.4466917 secs]
747433.110: [Full GC 1006780K->986878K(1025664K), 3.1254338 secs]
747436.246: [GC 987355K(1025664K), 0.5965373 secs]
747440.390: [GC 1006863K(1025664K), 0.4738146 secs]
747441.376: [Full GC 1006865K->986981K(1025664K), 3.1126669 secs]
747444.499: [GC 987387K(1025664K), 0.6013061 secs]
747448.738: [GC 1007105K(1025664K), 0.4396369 secs]
747449.700: [Full GC 1007107K->987100K(1025664K), 3.1087666 secs]
747452.820: [GC 987556K(1025664K), 0.6079840 secs]
747457.027: [GC 1007059K(1025664K), 0.4415027 secs]
747457.980: [Full GC 1007063K->987186K(1025664K), 3.7597617 secs]
747461.750: [GC 987409K(1025664K), 0.5940605 secs]
747465.908: [GC 1007167K(1025664K), 0.4475879 secs]
747466.866: [Full GC 1007169K->987288K(1025664K), 3.1220832 secs]
747469.999: [GC 987733K(1025664K), 0.5994174 secs]
747474.197: [GC 1007301K(1025664K), 0.4517018 secs]
747475.165: [Full GC 1007327K->987408K(1025664K), 3.1170696 secs]
747478.293: [GC 988547K(1025664K), 0.5988231 secs]
747482.493: [GC 1008127K(1025664K), 0.4719184 secs]
747483.478: [Full GC 1008129K->987512K(1025664K), 3.1119069 secs]
747486.601: [GC 987954K(1025664K), 0.6076129 secs]
747490.767: [GC 1007461K(1025664K), 0.4470695 secs]
747491.725: [Full GC 1007463K->987597K(1025664K), 3.1122984 secs]
747494.847: [GC 987831K(1025664K), 0.6106990 secs]
747499.060: [GC 1007585K(1025664K), 0.4399464 secs]
747500.011: [Full GC 1007587K->987700K(1025664K), 3.1127592 secs]
747503.134: [GC 988129K(1025664K), 0.5968741 secs]
747507.375: [GC 1007687K(1025664K), 0.4481185 secs]
747508.335: [Full GC 1007689K->987802K(1025664K), 3.1083008 secs]
747511.455: [GC 988390K(1025664K), 0.5973593 secs]
747515.646: [GC 1008007K(1025664K), 0.4483794 secs]
747516.616: [Full GC 1008009K->987922K(1025664K), 3.1101805 secs]
747519.736: [GC 988292K(1025664K), 0.5968113 secs]
747523.908: [GC 1007892K(1025664K), 0.4539399 secs]
747524.873: [Full GC 1007894K->988008K(1025664K), 3.1178803 secs]
747528.006: [GC 988548K(1025664K), 0.6114967 secs]
747532.196: [GC 1007991K(1025664K), 0.4487731 secs]
747533.169: [Full GC 1008323K->988197K(1025664K), 3.1217164 secs]
747538.022: [GC 1007967K(1025664K), 0.6175326 secs]
747542.210: [Full GC 1008273K->988298K(1025664K), 3.1130533 secs]
747545.344: [GC 988814K(1025664K), 0.5984913 secs]
747549.552: [GC 1008481K(1025664K), 0.4469782 secs]
747550.511: [Full GC 1008482K->988434K(1025664K), 3.7613986 secs]
747554.282: [GC 988798K(1025664K), 0.6058072 secs]
747558.456: [GC 1008389K(1025664K), 0.4503552 secs]
747559.420: [Full GC 1008391K->988520K(1025664K), 3.1147067 secs]
747562.692: [GC 995399K(1025664K), 0.6065234 secs]
747566.936: [GC 1008529K(1025664K), 0.4501348 secs]
747567.899: [Full GC 1008848K->988710K(1025664K), 3.1303613 secs]
747571.039: [GC 988895K(1025664K), 0.6043937 secs]
747575.272: [GC 1009048K(1025664K), 0.4506603 secs]
747576.254: [Full GC 1009118K->988846K(1025664K), 3.1380008 secs]
747579.402: [GC 989220K(1025664K), 0.6051884 secs]
747583.624: [GC 1008891K(1025664K), 0.4728838 secs]
747584.617: [Full GC 1008893K->988948K(1025664K), 3.1407096 secs]
747587.775: [GC 989676K(1025664K), 0.6167685 secs]
747591.972: [GC 1009133K(1025664K), 0.4698280 secs]
747592.954: [Full GC 1009465K->989120K(1025664K), 3.1358327 secs]
747597.782: [GC 1008827K(1025664K), 0.6281249 secs]
747601.995: [Full GC 1009133K->989223K(1025664K), 3.1332582 secs]
747605.140: [GC 989680K(1025664K), 0.6075358 secs]
747609.315: [GC 1009312K(1025664K), 0.4477855 secs]
747610.274: [Full GC 1009314K->989358K(1025664K), 3.1272982 secs]
747613.412: [GC 989543K(1025664K), 0.6017234 secs]
747617.593: [GC 1009337K(1025664K), 0.4506209 secs]
747618.569: [Full GC 1009339K->989444K(1025664K), 3.1310508 secs]
747621.711: [GC 989874K(1025664K), 0.6117456 secs]
747625.917: [GC 1009428K(1025664K), 0.4584060 secs]
747626.887: [Full GC 1009454K->989547K(1025664K), 3.1308870 secs]
747630.028: [GC 989913K(1025664K), 0.6141925 secs]
747634.207: [GC 1009535K(1025664K), 0.4474079 secs]
747635.167: [Full GC 1009537K->989649K(1025664K), 3.1282089 secs]
747638.307: [GC 990689K(1025664K), 0.6060403 secs]
747642.498: [GC 1010184K(1025664K), 0.4477611 secs]
747643.459: [Full GC 1010186K->989770K(1025664K), 3.1365191 secs]
747646.606: [GC 989983K(1025664K), 0.6121423 secs]
747650.830: [GC 1009727K(1025664K), 0.4508702 secs]
747651.806: [Full GC 1009729K->989855K(1025664K), 3.1550833 secs]
747654.971: [GC 990217K(1025664K), 0.6101185 secs]
747659.184: [GC 1009882K(1025664K), 0.4486239 secs]
747660.145: [Full GC 1009884K->989959K(1025664K), 3.1385521 secs]
747663.293: [GC 990197K(1025664K), 0.6076757 secs]
747667.532: [GC 1009946K(1025664K), 0.4497011 secs]
747668.511: [Full GC 1009953K->990060K(1025664K), 3.1345453 secs]
747671.656: [GC 990620K(1025664K), 0.6129961 secs]
747675.864: [GC 1010184K(1025664K), 0.4520150 secs]
747676.827: [Full GC 1010186K->990179K(1025664K), 3.1500485 secs]
747679.988: [GC 990669K(1025664K), 0.6249320 secs]
747684.196: [GC 1010257K(1025664K), 0.4515085 secs]
747685.161: [Full GC 1010259K->990298K(1025664K), 3.8609544 secs]
747689.032: [GC 990553K(1025664K), 0.6167825 secs]
747693.309: [GC 1010326K(1025664K), 0.4545076 secs]
747694.291: [Full GC 1010327K->990399K(1025664K), 3.8739447 secs]
747698.174: [GC 991086K(1025664K), 0.6158527 secs]
747702.444: [GC 1010795K(1025664K), 0.4493702 secs]
747703.411: [Full GC 1010797K->990469K(1025664K), 3.1351807 secs]
747706.557: [GC 990911K(1025664K), 0.6158133 secs]
747710.827: [GC 1010458K(1025664K), 0.4502861 secs]
747711.807: [Full GC 1010459K->990570K(1025664K), 3.1669092 secs]
747715.137: [GC 997562K(1025664K), 0.6187377 secs]
747719.399: [GC 1010691K(1025664K), 0.4747492 secs]
747720.398: [Full GC 1011003K->990758K(1025664K), 3.1430301 secs]
747723.553: [GC 990926K(1025664K), 0.6135770 secs]
747727.813: [GC 1010717K(1025664K), 0.4536880 secs]
747728.779: [Full GC 1010719K->990858K(1025664K), 3.1451832 secs]
747731.936: [GC 991313K(1025664K), 0.6147737 secs]
747736.254: [GC 1010949K(1025664K), 0.4541716 secs]
747737.235: [Full GC 1010951K->990994K(1025664K), 3.1440741 secs]
747740.390: [GC 991405K(1025664K), 0.6096150 secs]
747744.621: [GC 1010955K(1025664K), 0.4569701 secs]
747745.603: [Full GC 1010957K->991078K(1025664K), 3.1478580 secs]
747748.768: [GC 991604K(1025664K), 0.6148069 secs]
747752.999: [GC 1011097K(1025664K), 0.4542025 secs]
747753.964: [Full GC 1011440K->991267K(1025664K), 3.1393312 secs]
747758.782: [GC 1010933K(1025664K), 0.6401204 secs]
747763.073: [Full GC 1011264K->991368K(1025664K), 3.1725510 secs]
747766.256: [GC 991805K(1025664K), 0.6126091 secs]
747770.505: [GC 1011451K(1025664K), 0.4521906 secs]
747771.474: [Full GC 1011453K->991501K(1025664K), 3.1707726 secs]
747774.655: [GC 991901K(1025664K), 0.6204437 secs]
747778.941: [GC 1011490K(1025664K), 0.4538718 secs]
747779.907: [Full GC 1011497K->991587K(1025664K), 3.1626188 secs]
747783.080: [GC 992015K(1025664K), 0.6445283 secs]
747787.360: [GC 1011593K(1025664K), 0.4606689 secs]
747788.339: [Full GC 1011595K->991688K(1025664K), 3.1444247 secs]
747791.493: [GC 991935K(1025664K), 0.6131208 secs]
747795.767: [GC 1011693K(1025664K), 0.4780384 secs]
747796.770: [Full GC 1011700K->991790K(1025664K), 3.1418832 secs]
747799.922: [GC 992021K(1025664K), 0.6204424 secs]
747804.200: [GC 1011869K(1025664K), 0.4587143 secs]
747805.174: [Full GC 1011871K->991909K(1025664K), 3.1449030 secs]
747808.478: [GC 999115K(1025664K), 0.6199751 secs]
747812.714: [GC 1012241K(1025664K), 0.4596085 secs]
747813.701: [Full GC 1012572K->992081K(1025664K), 3.1426235 secs]
747818.352: [GC 1011745K(1025664K), 0.6327218 secs]
747822.598: [Full GC 1012062K->992181K(1025664K), 3.1529426 secs]
747825.762: [GC 992613K(1025664K), 0.6242322 secs]
747830.040: [GC 1012270K(1025664K), 0.4527070 secs]
747831.006: [Full GC 1012311K->992301K(1025664K), 3.1878111 secs]
747834.204: [GC 992732K(1025664K), 0.6228500 secs]
747838.466: [GC 1012294K(1025664K), 0.4571088 secs]
747839.457: [Full GC 1012296K->992402K(1025664K), 3.1543364 secs]
747842.623: [GC 992841K(1025664K), 0.6215161 secs]
747846.905: [GC 1012418K(1025664K), 0.4560759 secs]
747847.881: [Full GC 1012421K->992504K(1025664K), 3.1507094 secs]
747851.043: [GC 992937K(1025664K), 0.6422318 secs]
747855.306: [GC 1012513K(1025664K), 0.4653853 secs]
747856.288: [Full GC 1012515K->992606K(1025664K), 3.1420591 secs]
747859.441: [GC 993034K(1025664K), 0.6164177 secs]
747863.680: [GC 1012665K(1025664K), 0.4639575 secs]
747864.660: [Full GC 1012667K->992708K(1025664K), 3.1618821 secs]
747867.833: [GC 993396K(1025664K), 0.6230699 secs]
747872.087: [GC 1013062K(1025664K), 0.4578949 secs]
747873.056: [Full GC 1013069K->992828K(1025664K), 3.1603030 secs]
747876.227: [GC 993235K(1025664K), 0.6174219 secs]
747880.523: [GC 1012859K(1025664K), 0.4604985 secs]
747881.505: [Full GC 1012860K->992946K(1025664K), 3.1418978 secs]
747884.657: [GC 993156K(1025664K), 0.6240371 secs]
747888.935: [GC 1012942K(1025664K), 0.4590605 secs]
747889.924: [Full GC 1012967K->993015K(1025664K), 3.1538054 secs]
747893.089: [GC 993486K(1025664K), 0.6412493 secs]
747897.379: [GC 1013078K(1025664K), 0.4851404 secs]
747898.394: [Full GC 1013079K->993133K(1025664K), 3.1410173 secs]
747901.553: [GC 993535K(1025664K), 0.6258479 secs]
747905.814: [GC 1013102K(1025664K), 0.4585384 secs]
747906.785: [Full GC 1013104K->993218K(1025664K), 3.1482044 secs]
747909.943: [GC 993419K(1025664K), 0.6239518 secs]
747914.212: [GC 1013230K(1025664K), 0.4601878 secs]
747915.186: [Full GC 1013232K->993320K(1025664K), 3.1505208 secs]
747918.347: [GC 994076K(1025664K), 0.6193105 secs]
747922.631: [GC 1013674K(1025664K), 0.4566075 secs]
747923.599: [Full GC 1013675K->993422K(1025664K), 3.1301454 secs]
747926.740: [GC 993906K(1025664K), 0.6197409 secs]
747930.987: [GC 1013518K(1025664K), 0.4599077 secs]
747931.958: [Full GC 1013519K->993540K(1025664K), 3.1254554 secs]
747935.094: [GC 993914K(1025664K), 0.6218572 secs]
747939.325: [GC 1013529K(1025664K), 0.4627079 secs]
747940.298: [Full GC 1013531K->993626K(1025664K), 3.1277006 secs]
747943.584: [GC 1000475K(1025664K), 0.6260466 secs]
747947.856: [GC 1013622K(1025664K), 0.4563377 secs]
747948.838: [Full GC 1013953K->993813K(1025664K), 3.1362949 secs]
747953.462: [GC 1013483K(1025664K), 0.6491622 secs]
747957.699: [Full GC 1013801K->993914K(1025664K), 3.1302176 secs]
747960.840: [GC 994669K(1025664K), 0.6284883 secs]
747965.077: [GC 1014335K(1025664K), 0.4547719 secs]
747966.043: [Full GC 1014341K->994049K(1025664K), 3.1400458 secs]
747969.199: [GC 994523K(1025664K), 0.6217306 secs]
747973.425: [GC 1014030K(1025664K), 0.4874168 secs]
747974.427: [Full GC 1014361K->994220K(1025664K), 3.1410664 secs]
747979.222: [GC 1014227K(1025664K), 0.6405274 secs]
747983.429: [Full GC 1014610K->994356K(1025664K), 3.1372292 secs]
747986.576: [GC 994672K(1025664K), 0.6274272 secs]
747990.820: [GC 1014391K(1025664K), 0.4518082 secs]
747991.783: [Full GC 1014437K->994475K(1025664K), 3.1300710 secs]
747994.925: [GC 994894K(1025664K), 0.6254016 secs]
747999.145: [GC 1014817K(1025664K), 0.4548402 secs]
748000.112: [Full GC 1014819K->994543K(1025664K), 3.1273733 secs]
748003.250: [GC 994929K(1025664K), 0.6338835 secs]
748007.492: [GC 1014542K(1025664K), 0.4590146 secs]
748008.467: [Full GC 1014544K->994644K(1025664K), 3.1354903 secs]
748011.613: [GC 995039K(1025664K), 0.6273632 secs]
748015.900: [GC 1014664K(1025664K), 0.4623493 secs]
748016.873: [Full GC 1014666K->994746K(1025664K), 3.1327912 secs]
748020.017: [GC 995142K(1025664K), 0.6240680 secs]
748024.266: [GC 1014793K(1025664K), 0.4626207 secs]
748025.240: [Full GC 1014795K->994849K(1025664K), 3.1426807 secs]
748028.393: [GC 995370K(1025664K), 0.6231851 secs]
748032.684: [GC 1015195K(1025664K), 0.4616686 secs]
748033.658: [Full GC 1015197K->994951K(1025664K), 3.1416826 secs]
748036.811: [GC 995331K(1025664K), 0.6238879 secs]
748041.045: [Full GC 1014964K->995053K(1025664K), 3.1316400 secs]
748044.187: [GC 995246K(1025664K), 0.6318343 secs]
748048.475: [Full GC 1015064K->995155K(1025664K), 3.1302776 secs]
748051.616: [GC 995587K(1025664K), 0.6248557 secs]
748055.855: [Full GC 1015255K->995273K(1025664K), 3.1298488 secs]
748059.142: [GC 1002075K(1025664K), 0.6370081 secs]
748063.377: [Full GC 1015264K->995358K(1025664K), 3.1319171 secs]
748066.526: [GC 995838K(1025664K), 0.6256635 secs]
748070.770: [Full GC 1015377K->995460K(1025664K), 3.1518704 secs]
748073.933: [GC 995845K(1025664K), 0.6311835 secs]
748078.191: [Full GC 1015497K->995561K(1025664K), 3.1389869 secs]
748081.341: [GC 995909K(1025664K), 0.6266135 secs]
748085.572: [Full GC 1015628K->995680K(1025664K), 3.1432667 secs]
748088.726: [GC 996376K(1025664K), 0.6290797 secs]
748092.967: [Full GC 1016009K->995766K(1025664K), 3.1466191 secs]
748096.123: [GC 996069K(1025664K), 0.6269316 secs]
748100.396: [Full GC 1015771K->995868K(1025664K), 3.1256727 secs]
748103.532: [GC 996043K(1025664K), 0.6336796 secs]
748107.822: [Full GC 1015893K->995970K(1025664K), 3.1350507 secs]
748110.968: [GC 996333K(1025664K), 0.6276158 secs]
748115.234: [Full GC 1016007K->996073K(1025664K), 3.1346597 secs]
748118.379: [GC 996378K(1025664K), 0.6309833 secs]
748122.618: [Full GC 1016075K->996174K(1025664K), 3.1344900 secs]
748125.762: [GC 996313K(1025664K), 0.6290261 secs]
748130.024: [Full GC 1016183K->996276K(1025664K), 3.1661191 secs]
748133.202: [GC 996642K(1025664K), 0.6314296 secs]
748137.465: [Full GC 1016300K->996378K(1025664K), 3.1405680 secs]
748140.614: [GC 996527K(1025664K), 0.6447894 secs]
748144.888: [Full GC 1016443K->996480K(1025664K), 3.1418770 secs]
748148.039: [GC 996653K(1025664K), 0.6292316 secs]
748152.405: [Full GC 1016493K->996581K(1025664K), 3.1653581 secs]
748155.581: [GC 996734K(1025664K), 0.6390922 secs]
748159.856: [Full GC 1016590K->996685K(1025664K), 3.1459362 secs]
748163.012: [GC 996984K(1025664K), 0.6363628 secs]
748167.293: [Full GC 1016725K->996786K(1025664K), 3.1604024 secs]
748170.464: [GC 997081K(1025664K), 0.6309689 secs]
748174.752: [Full GC 1016882K->996906K(1025664K), 3.1547927 secs]
748177.916: [GC 997415K(1025664K), 0.6348206 secs]
748182.246: [Full GC 1017306K->997009K(1025664K), 3.1456910 secs]
748185.403: [GC 997271K(1025664K), 0.6315640 secs]
748189.657: [Full GC 1017030K->997093K(1025664K), 3.1687669 secs]
748192.835: [GC 997227K(1025664K), 0.6472125 secs]
748197.120: [Full GC 1017105K->997194K(1025664K), 3.1505190 secs]
748200.281: [GC 997552K(1025664K), 0.6352184 secs]
748204.547: [Full GC 1017234K->997297K(1025664K), 3.1565927 secs]
748207.715: [GC 998007K(1025664K), 0.6370846 secs]
748211.971: [Full GC 1017664K->997399K(1025664K), 3.1652870 secs]
748215.297: [GC 1004196K(1025664K), 0.6400084 secs]
748219.589: [Full GC 1017410K->997500K(1025664K), 3.1541488 secs]
748222.754: [GC 997874K(1025664K), 0.6394036 secs]
748227.057: [Full GC 1017513K->997603K(1025664K), 3.1521651 secs]
748230.220: [GC 998310K(1025664K), 0.6346789 secs]
748234.474: [Full GC 1017993K->997706K(1025664K), 3.1536829 secs]
748237.787: [GC 1004501K(1025664K), 0.6469584 secs]
748242.071: [Full GC 1017720K->997807K(1025664K), 3.1495953 secs]
748245.378: [GC 1004588K(1025664K), 0.6409981 secs]
748249.670: [Full GC 1017816K->997909K(1025664K), 3.1738381 secs]
748253.006: [GC 1004701K(1025664K), 0.6605183 secs]
748257.350: [Full GC 1017937K->998010K(1025664K), 3.1521037 secs]
748260.512: [GC 998160K(1025664K), 0.6487426 secs]
748264.829: [Full GC 1018064K->998112K(1025664K), 3.1565203 secs]
748268.159: [GC 1004915K(1025664K), 0.6452674 secs]
748272.507: [Full GC 1018144K->998213K(1025664K), 3.1572522 secs]
748275.683: [GC 998579K(1025664K), 0.6446304 secs]
748279.986: [Full GC 1018222K->998315K(1025664K), 3.1580418 secs]
748283.158: [GC 999063K(1025664K), 0.6378191 secs]
748287.480: [Full GC 1018731K->998453K(1025664K), 3.1562526 secs]
748290.652: [GC 998839K(1025664K), 0.6432959 secs]
748294.914: [Full GC 1018511K->998555K(1025664K), 3.1674603 secs]
748300.092: [GC 1018906K(1025664K), 0.6653219 secs]
748301.782: [Full GC 1018909K->998624K(1025664K), 3.1850852 secs]
748304.977: [GC 998920K(1025664K), 0.6466198 secs]
748309.303: [Full GC 1018652K->998725K(1025664K), 3.1594933 secs]
748312.474: [GC 999024K(1025664K), 0.6540583 secs]
748316.788: [Full GC 1018745K->998827K(1025664K), 3.1659106 secs]
748319.965: [GC 999195K(1025664K), 0.6452742 secs]
748324.301: [Full GC 1018885K->998929K(1025664K), 3.1566448 secs]
748327.467: [GC 999042K(1025664K), 0.6430547 secs]
748331.768: [Full GC 1018962K->999030K(1025664K), 3.1729885 secs]
748334.952: [GC 999375K(1025664K), 0.6560502 secs]
748339.322: [Full GC 1019035K->999133K(1025664K), 3.1693459 secs]
748342.501: [GC 999423K(1025664K), 0.6423471 secs]
748346.802: [Full GC 1019167K->999235K(1025664K), 3.1614521 secs]
748349.975: [GC 999564K(1025664K), 0.6445687 secs]
748354.226: [Full GC 1019312K->999353K(1025664K), 3.1549844 secs]
748357.393: [GC 999560K(1025664K), 0.6410501 secs]
748361.715: [Full GC 1019372K->999437K(1025664K), 3.1655662 secs]
748364.894: [GC 999965K(1025664K), 0.6528312 secs]
748369.214: [Full GC 1019453K->999539K(1025664K), 3.1753369 secs]
748372.401: [GC 999886K(1025664K), 0.6410191 secs]
748376.745: [Full GC 1019592K->999641K(1025664K), 3.1654256 secs]
748379.922: [GC 1000002K(1025664K), 0.6462961 secs]
748384.282: [Full GC 1019701K->999743K(1025664K), 3.1638307 secs]
748387.457: [GC 1000100K(1025664K), 0.6411626 secs]
748391.727: [Full GC 1019766K->999845K(1025664K), 3.1705448 secs]
748394.907: [GC 999968K(1025664K), 0.6509946 secs]
748399.199: [Full GC 1019879K->999947K(1025664K), 3.1682699 secs]
748402.378: [GC 1000323K(1025664K), 0.6441383 secs]
748406.668: [Full GC 1019969K->1000049K(1025664K), 3.1614215 secs]
748409.840: [GC 1000392K(1025664K), 0.6490352 secs]
748414.158: [Full GC 1020097K->1000151K(1025664K), 3.1602314 secs]
748417.329: [GC 1000533K(1025664K), 0.6474187 secs]
748421.589: [Full GC 1020534K->1000253K(1025664K), 3.1638602 secs]
748424.764: [GC 1000599K(1025664K), 0.6510593 secs]
748429.033: [Full GC 1020271K->1000354K(1025664K), 3.1763482 secs]
748432.219: [GC 1000492K(1025664K), 0.6426791 secs]
748436.552: [Full GC 1020391K->1000456K(1025664K), 3.1648544 secs]
748439.727: [GC 1001188K(1025664K), 0.6498759 secs]
748444.034: [Full GC 1020921K->1000575K(1025664K), 3.1609076 secs]
748447.205: [GC 1000931K(1025664K), 0.6496132 secs]
748451.519: [Full GC 1020578K->1000660K(1025664K), 3.1621020 secs]
748454.692: [GC 1001034K(1025664K), 0.6593789 secs]
748458.980: [Full GC 1020681K->1000762K(1025664K), 3.1759247 secs]
748462.166: [GC 1001137K(1025664K), 0.6464952 secs]
748466.444: [Full GC 1020785K->1000864K(1025664K), 3.1647842 secs]
748469.620: [GC 1001209K(1025664K), 0.6523559 secs]
748473.891: [GC 1020989K(1025664K), 0.4710646 secs]
748474.874: [Full GC 1020989K->1001000K(1025664K), 3.1554872 secs]
748478.039: [GC 1001651K(1025664K), 0.6454484 secs]
748482.307: [GC 1021393K(1025664K), 0.4638662 secs]
748483.295: [Full GC 1021394K->1001086K(1025664K), 3.1454839 secs]
748486.621: [GC 1007871K(1025664K), 0.6540551 secs]
748490.892: [Full GC 1021126K->1001187K(1025664K), 3.1875368 secs]
748496.092: [GC 1021200K(1025664K), 0.6657444 secs]
748497.781: [Full GC 1021204K->1001272K(1025664K), 3.1731925 secs]
748500.971: [GC 1001731K(1025664K), 0.6550570 secs]
748505.247: [GC 1021688K(1025664K), 0.4717381 secs]
748506.229: [Full GC 1021689K->1001375K(1025664K), 3.1565062 secs]
748509.396: [GC 1001649K(1025664K), 0.6476685 secs]
748513.641: [Full GC 1021402K->1001476K(1025664K), 3.1604810 secs]
748516.812: [GC 1001760K(1025664K), 0.6465589 secs]
748521.066: [Full GC 1021516K->1001578K(1025664K), 3.1472751 secs]
748524.224: [GC 1001909K(1025664K), 0.6475812 secs]
748528.512: [Full GC 1021625K->1001696K(1025664K), 3.1473216 secs]
748531.670: [GC 1002033K(1025664K), 0.6500377 secs]
748535.909: [GC 1021743K(1025664K), 0.4729025 secs]
748536.893: [Full GC 1021743K->1001782K(1025664K), 3.1481751 secs]
748540.053: [GC 1002129K(1025664K), 0.6519578 secs]
748544.365: [Full GC 1021802K->1001884K(1025664K), 3.1514864 secs]
748547.528: [GC 1002237K(1025664K), 0.6555041 secs]
748551.828: [Full GC 1022243K->1001985K(1025664K), 3.1728144 secs]
748555.011: [GC 1002265K(1025664K), 0.6527637 secs]
748559.286: [Full GC 1022029K->1002086K(1025664K), 3.1587473 secs]
748562.456: [GC 1002462K(1025664K), 0.6498841 secs]
748566.693: [GC 1022164K(1025664K), 0.4693731 secs]
748567.684: [Full GC 1022164K->1002205K(1025664K), 3.1501769 secs]
748570.845: [GC 1002529K(1025664K), 0.6501775 secs]
748575.152: [Full GC 1022232K->1002290K(1025664K), 3.1578675 secs]
748578.507: [GC 1009347K(1025664K), 0.6565408 secs]
748582.809: [Full GC 1022607K->1002393K(1025664K), 3.1504011 secs]
748585.969: [GC 1002772K(1025664K), 0.6714780 secs]
748590.279: [Full GC 1022693K->1002529K(1025664K), 3.1496690 secs]
748593.441: [GC 1002917K(1025664K), 0.6532468 secs]
748597.705: [Full GC 1022602K->1002648K(1025664K), 3.1496772 secs]
748600.865: [GC 1002902K(1025664K), 0.6517560 secs]
748605.156: [Full GC 1022643K->1002700K(1025664K), 3.1570066 secs]
748608.326: [GC 1002978K(1025664K), 0.6559607 secs]
748612.580: [GC 1022695K(1025664K), 0.4733844 secs]
748613.576: [Full GC 1022695K->1002801K(1025664K), 3.1639917 secs]
748616.750: [GC 1002884K(1025664K), 0.6533215 secs]
748621.018: [Full GC 1022795K->1002902K(1025664K), 3.1613004 secs]
748624.375: [GC 1009692K(1025664K), 0.6622042 secs]
748628.647: [Full GC 1022955K->1003021K(1025664K), 3.1525129 secs]
748631.999: [GC 1009733K(1025664K), 0.6712418 secs]
748636.319: [Full GC 1022996K->1003106K(1025664K), 3.1529734 secs]
748639.485: [GC 1003476K(1025664K), 0.6575514 secs]
748643.774: [Full GC 1023110K->1003207K(1025664K), 3.1615358 secs]
748646.947: [GC 1003481K(1025664K), 0.6560732 secs]
748651.233: [Full GC 1023203K->1003309K(1025664K), 3.1549395 secs]
748654.398: [GC 1003415K(1025664K), 0.6526881 secs]
748658.661: [GC 1023367K(1025664K), 0.4779940 secs]
748659.654: [Full GC 1023368K->1003428K(1025664K), 3.1507252 secs]
748662.824: [GC 1003811K(1025664K), 0.6554971 secs]
748667.080: [GC 1023417K(1025664K), 0.4942938 secs]
748668.087: [Full GC 1023417K->1003513K(1025664K), 3.1621266 secs]
748671.260: [GC 1003786K(1025664K), 0.6588879 secs]
748675.564: [Full GC 1023506K->1003614K(1025664K), 3.1604533 secs]
748678.920: [GC 1010350K(1025664K), 0.6620214 secs]
748683.180: [Full GC 1023614K->1003716K(1025664K), 3.1537681 secs]
748686.346: [GC 1004026K(1025664K), 0.6563696 secs]
748690.627: [Full GC 1023773K->1003835K(1025664K), 3.1718725 secs]
748693.810: [GC 1004079K(1025664K), 0.6654430 secs]
748698.128: [Full GC 1023825K->1003920K(1025664K), 3.1709793 secs]
748701.317: [GC 1004176K(1025664K), 0.6563217 secs]
748705.572: [GC 1023934K(1025664K), 0.4716979 secs]
748706.567: [Full GC 1023934K->1004022K(1025664K), 3.1728554 secs]
748709.945: [GC 1010752K(1025664K), 0.6682825 secs]
748714.230: [Full GC 1024036K->1004123K(1025664K), 3.1669564 secs]
748717.416: [GC 1004369K(1025664K), 0.6574776 secs]
748721.718: [Full GC 1024180K->1004243K(1025664K), 3.1742302 secs]
748724.902: [GC 1004269K(1025664K), 0.6627723 secs]
748729.187: [Full GC 1024221K->1004327K(1025664K), 3.1820242 secs]
748732.381: [GC 1004576K(1025664K), 0.6779463 secs]
748736.696: [Full GC 1024331K->1004429K(1025664K), 3.1841322 secs]
748739.892: [GC 1004705K(1025664K), 0.6686533 secs]
748744.227: [Full GC 1024439K->1004531K(1025664K), 3.1691491 secs]
748747.409: [GC 1004908K(1025664K), 0.6644284 secs]
748751.709: [Full GC 1024579K->1004633K(1025664K), 3.1686200 secs]
748754.888: [GC 1004726K(1025664K), 0.6693852 secs]
748759.242: [Full GC 1024634K->1004735K(1025664K), 3.1815087 secs]
748762.433: [GC 1004828K(1025664K), 0.6602593 secs]
748766.744: [Full GC 1024741K->1004837K(1025664K), 3.1753352 secs]
748769.932: [GC 1005093K(1025664K), 0.6631800 secs]
748774.250: [Full GC 1024879K->1004957K(1025664K), 3.1690015 secs]
748777.430: [GC 1005188K(1025664K), 0.6645779 secs]
748781.747: [Full GC 1025016K->1005076K(1025664K), 3.1811284 secs]
748785.124: [GC 1011782K(1025664K), 0.6730170 secs]
748789.410: [Full GC 1025057K->1005143K(1025664K), 3.1800291 secs]
748792.601: [GC 1005376K(1025664K), 0.6775531 secs]
748796.938: [Full GC 1025150K->1005245K(1025664K), 3.1831404 secs]
748800.323: [GC 1011978K(1025664K), 0.6753530 secs]
748804.676: [Full GC 1025244K->1005348K(1025664K), 3.1950626 secs]
748807.884: [GC 1005655K(1025664K), 0.6651373 secs]
748812.203: [Full GC 1025402K->1005466K(1025664K), 3.1828405 secs]
748815.587: [GC 1012175K(1025664K), 0.6818737 secs]
748819.919: [Full GC 1025446K->1005552K(1025664K), 3.1786244 secs]
748823.110: [GC 1005822K(1025664K), 0.6679378 secs]
748827.479: [Full GC 1025556K->1005654K(1025664K), 3.1717003 secs]
748830.663: [GC 1005918K(1025664K), 0.6718281 secs]
748835.008: [Full GC 1025652K->1005755K(1025664K), 3.1840363 secs]
748838.392: [GC 1012483K(1025664K), 0.6708256 secs]
748840.111: [Full GC 1025647K->1006809K(1025664K), 3.1915218 secs]
748845.312: [GC 1007332K(1025664K), 0.6636802 secs]
748846.989: [Full GC 1007332K->1005957K(1025664K), 3.1793449 secs]
748850.179: [GC 1006150K(1025664K), 0.6696188 secs]
748851.930: [Full GC 1025643K->1006909K(1025664K), 3.1968447 secs]
748855.864: [GC 1007278K(1025664K), 0.6703113 secs]
748857.544: [Full GC 1007612K->1006142K(1025664K), 3.1766229 secs]
748861.288: [Full GC 1025564K->1007055K(1025664K), 3.1841259 secs]
748864.480: [GC 1007168K(1025664K), 0.6683891 secs]
748868.764: [Full GC 1007681K->1006261K(1025664K), 3.1719281 secs]
748871.947: [GC 1006404K(1025664K), 0.6764855 secs]
748873.678: [Full GC 1025182K->1007410K(1025664K), 3.1992507 secs]
748878.892: [GC 1008887K(1025664K), 0.6725767 secs]
748880.587: [Full GC 1008888K->1006448K(1025664K), 3.1914434 secs]
748884.350: [Full GC 1025464K->1007615K(1025664K), 3.1793494 secs]
748887.538: [GC 1008385K(1025664K), 0.6677602 secs]
748891.819: [Full GC 1009150K->1006686K(1025664K), 3.1758914 secs]
748895.008: [GC 1007064K(1025664K), 0.6774944 secs]
748896.767: [Full GC 1025557K->1007835K(1025664K), 3.1925327 secs]
748901.972: [GC 1009331K(1025664K), 0.6725876 secs]
748903.665: [Full GC 1009331K->1006889K(1025664K), 3.1866052 secs]
748906.863: [GC 1007059K(1025664K), 0.6829163 secs]
748908.612: [Full GC 1024839K->1007533K(1025664K), 3.1929310 secs]
748913.822: [GC 1010005K(1025664K), 0.6776065 secs]
748915.502: [Full GC 1010005K->1007059K(1025664K), 3.1905509 secs]
748918.704: [GC 1007265K(1025664K), 0.6790096 secs]
748920.453: [Full GC 1024974K->1007719K(1025664K), 3.1941885 secs]
748925.662: [GC 1010210K(1025664K), 0.6750056 secs]
748927.364: [Full GC 1010211K->1007262K(1025664K), 3.1826942 secs]
748930.561: [GC 1007672K(1025664K), 0.6768829 secs]
748932.316: [Full GC 1025161K->1007922K(1025664K), 3.1989802 secs]
748937.532: [GC 1010408K(1025664K), 0.6774621 secs]
748939.258: [Full GC 1010409K->1007466K(1025664K), 3.1938640 secs]
748942.463: [GC 1007630K(1025664K), 0.6673610 secs]
748944.198: [Full GC 1025429K->1008143K(1025664K), 3.1943288 secs]
748949.402: [GC 1010615K(1025664K), 0.6751760 secs]
748951.107: [Full GC 1010615K->1007669K(1025664K), 3.1882052 secs]
748954.316: [GC 1008043K(1025664K), 0.6726356 secs]
748956.059: [Full GC 1025562K->1008328K(1025664K), 3.2098224 secs]
748959.287: [GC 1010436K(1025664K), 0.6716536 secs]
748963.595: [Full GC 1010806K->1007872K(1025664K), 3.1829438 secs]
748966.790: [GC 1008142K(1025664K), 0.6779756 secs]
748968.510: [Full GC 1025282K->1008287K(1025664K), 3.1917701 secs]
748973.712: [GC 1011337K(1025664K), 0.6894009 secs]
748975.416: [Full GC 1011337K->1008091K(1025664K), 3.1844889 secs]
748978.613: [GC 1008453K(1025664K), 0.6792902 secs]
748980.354: [Full GC 1025477K->1008490K(1025664K), 3.1946132 secs]
748985.562: [GC 1011461K(1025664K), 0.6759402 secs]
748987.283: [Full GC 1011461K->1008278K(1025664K), 3.1726507 secs]
748990.467: [GC 1008487K(1025664K), 0.6729721 secs]
748992.220: [Full GC 1025443K->1008570K(1025664K), 3.2315481 secs]
748997.462: [GC 1011781K(1025664K), 0.6732938 secs]
748999.151: [Full GC 1011781K->1008481K(1025664K), 3.1962895 secs]
749002.357: [GC 1008566K(1025664K), 0.6724705 secs]
749004.092: [Full GC 1025581K->1008713K(1025664K), 3.2063837 secs]
749009.312: [GC 1012054K(1025664K), 0.6738662 secs]
749010.998: [Full GC 1012054K->1008685K(1025664K), 3.1874651 secs]
749014.195: [GC 1008749K(1025664K), 0.6730447 secs]
749015.925: [Full GC 1025641K->1008870K(1025664K), 3.2171653 secs]
749021.152: [GC 1012295K(1025664K), 0.6805136 secs]
749022.853: [Full GC 1012295K->1008887K(1025664K), 3.1911778 secs]
749026.055: [GC 1009097K(1025664K), 0.6928230 secs]
749027.817: [Full GC 1025663K->1009220K(1025664K), 3.1989298 secs]
749033.032: [GC 1012822K(1025664K), 0.6837403 secs]
749034.789: [Full GC 1012822K->1009091K(1025664K), 3.1862975 secs]
749037.987: [GC 1009330K(1025664K), 0.6805393 secs]
749039.721: [Full GC 1025663K->1009350K(1025664K), 3.1994298 secs]
749044.932: [GC 1013202K(1025664K), 0.6805496 secs]
749046.631: [Full GC 1013202K->1009294K(1025664K), 3.2023119 secs]
749049.855: [GC 1009571K(1025664K), 0.6861878 secs]
749051.619: [Full GC 1025663K->1009582K(1025664K), 3.1726251 secs]
749056.802: [GC 1013611K(1025664K), 0.6771724 secs]
749058.477: [Full GC 1013611K->1009497K(1025664K), 3.1688227 secs]
749061.666: [GC 1009870K(1025664K), 0.6847682 secs]
749063.425: [Full GC 1025663K->1009788K(1025664K), 3.1832550 secs]
749066.672: [GC 1013619K(1025664K), 0.6776413 secs]
749070.919: [Full GC 1014059K->1009718K(1025664K), 3.1697236 secs]
749074.106: [GC 1010261K(1025664K), 0.6770251 secs]
749075.848: [Full GC 1025663K->1009983K(1025664K), 3.1707125 secs]
749081.032: [GC 1014444K(1025664K), 0.6799695 secs]
749082.727: [Full GC 1014444K->1009922K(1025664K), 3.1678206 secs]
749085.905: [GC 1009985K(1025664K), 0.6762844 secs]
749087.644: [Full GC 1025663K->1010166K(1025664K), 3.1840819 secs]
749092.842: [GC 1014815K(1025664K), 0.6937483 secs]
749094.541: [Full GC 1014815K->1010108K(1025664K), 3.1773777 secs]
749097.731: [GC 1010399K(1025664K), 0.6776264 secs]
749099.479: [Full GC 1025648K->1010315K(1025664K), 3.1876789 secs]
749104.682: [GC 1015216K(1025664K), 0.6814827 secs]
749106.359: [Full GC 1015216K->1010312K(1025664K), 3.1779770 secs]
749109.548: [GC 1010583K(1025664K), 0.6782872 secs]
749111.286: [Full GC 1025663K->1010546K(1025664K), 3.1680692 secs]
749116.472: [GC 1015588K(1025664K), 0.6834836 secs]
749118.191: [Full GC 1015588K->1010515K(1025664K), 3.1736815 secs]
749121.377: [GC 1010786K(1025664K), 0.6801627 secs]
749123.104: [Full GC 1025663K->1010745K(1025664K), 3.1843206 secs]
749128.302: [GC 1015997K(1025664K), 0.6849381 secs]
749130.013: [Full GC 1015999K->1010721K(1025664K), 3.1705108 secs]
749133.205: [GC 1011051K(1025664K), 0.6795561 secs]
749134.928: [Full GC 1025663K->1010938K(1025664K), 3.1784523 secs]
749140.122: [GC 1016453K(1025664K), 0.6854437 secs]
749141.814: [Full GC 1016453K->1010921K(1025664K), 3.1648412 secs]
749144.991: [GC 1011198K(1025664K), 0.6824318 secs]
749146.727: [Full GC 1025659K->1011101K(1025664K), 3.1916260 secs]
749151.932: [GC 1016790K(1025664K), 0.7032464 secs]
749153.656: [Full GC 1016790K->1011125K(1025664K), 3.1759984 secs]
749156.843: [GC 1011392K(1025664K), 0.6860580 secs]
749158.591: [Full GC 1025664K->1011277K(1025664K), 3.1877885 secs]
749163.792: [GC 1017178K(1025664K), 0.6921453 secs]
749165.483: [Full GC 1017178K->1011328K(1025664K), 3.1811039 secs]
749168.676: [GC 1011646K(1025664K), 0.6819886 secs]
749170.416: [Full GC 1025663K->1011521K(1025664K), 3.1853374 secs]
749175.612: [GC 1017656K(1025664K), 0.6942972 secs]
749177.354: [Full GC 1017656K->1011532K(1025664K), 3.1746673 secs]
749180.541: [GC 1011781K(1025664K), 0.6832900 secs]
749182.262: [Full GC 1025663K->1011707K(1025664K), 3.1849306 secs]
749187.462: [GC 1017974K(1025664K), 0.6899880 secs]
749189.155: [Full GC 1017975K->1011736K(1025664K), 3.1697083 secs]
749192.335: [GC 1012008K(1025664K), 0.6847145 secs]
749194.066: [Full GC 1025663K->1011917K(1025664K), 3.1764399 secs]
749199.252: [GC 1018499K(1025664K), 0.6907556 secs]
749200.934: [Full GC 1018499K->1011975K(1025664K), 3.1762422 secs]
749204.120: [GC 1012078K(1025664K), 0.6857532 secs]
749205.849: [Full GC 1025658K->1012123K(1025664K), 3.1874027 secs]
749211.052: [GC 1018912K(1025664K), 0.6919712 secs]
749212.771: [Full GC 1018912K->1012144K(1025664K), 3.1831462 secs]
749215.966: [GC 1012416K(1025664K), 0.6902416 secs]
749217.698: [Full GC 1025663K->1012276K(1025664K), 3.1821902 secs]
749222.892: [GC 1019195K(1025664K), 0.6921490 secs]
749224.593: [Full GC 1019195K->1012349K(1025664K), 3.1761236 secs]
749227.786: [GC 1012681K(1025664K), 0.6850822 secs]
749229.510: [Full GC 1025663K->1012475K(1025664K), 3.1898764 secs]
749233.486: [GC 1019607K(1025664K), 0.6932332 secs]
749235.214: [Full GC 1019742K->1012569K(1025664K), 3.2007928 secs]
749238.801: [Full GC 1025663K->1012597K(1025664K), 3.1752282 secs]
749241.984: [GC 1012597K(1025664K), 0.6858600 secs]
749246.336: [Full GC 1019573K->1012670K(1025664K), 3.1749464 secs]
749249.523: [GC 1012908K(1025664K), 0.6933863 secs]
749251.255: [Full GC 1025654K->1013707K(1025664K), 3.1725607 secs]
749255.224: [GC 1020794K(1025664K), 0.6933615 secs]
749256.941: [Full GC 1021128K->1012858K(1025664K), 3.1730696 secs]
749260.124: [GC 1012938K(1025664K), 0.6873609 secs]
749261.869: [Full GC 1024903K->1014007K(1025664K), 3.1886963 secs]
749265.075: [GC 1015208K(1025664K), 0.6870285 secs]
749269.389: [Full GC 1022455K->1013080K(1025664K), 3.1820790 secs]
749272.584: [GC 1013447K(1025664K), 0.7015094 secs]
749274.325: [Full GC 1025087K->1014211K(1025664K), 3.1989575 secs]
749279.542: [GC 1022616K(1025664K), 0.6957148 secs]
749281.245: [Full GC 1022616K->1013266K(1025664K), 3.1853731 secs]
749284.442: [GC 1013484K(1025664K), 0.6903350 secs]
749286.183: [Full GC 1025287K->1014415K(1025664K), 3.1780229 secs]
749291.372: [GC 1022802K(1025664K), 0.6974303 secs]
749293.097: [Full GC 1022802K->1013470K(1025664K), 3.1967348 secs]
749296.304: [GC 1013639K(1025664K), 0.6887285 secs]
749298.028: [Full GC 1025566K->1014635K(1025664K), 3.1898604 secs]
749301.235: [GC 1015776K(1025664K), 0.6901910 secs]
749305.525: [Full GC 1023037K->1013691K(1025664K), 3.1856768 secs]
749308.723: [GC 1014044K(1025664K), 0.6902121 secs]
749310.488: [Full GC 1024713K->1014333K(1025664K), 3.1782033 secs]
749315.682: [GC 1023707K(1025664K), 0.6975844 secs]
749317.388: [Full GC 1023707K->1013877K(1025664K), 3.1777603 secs]
749320.580: [GC 1014258K(1025664K), 0.6911605 secs]
749322.324: [Full GC 1024924K->1014535K(1025664K), 3.1849928 secs]
749327.522: [GC 1023972K(1025664K), 0.6994999 secs]
749329.264: [Full GC 1023972K->1014097K(1025664K), 3.2130419 secs]
749332.489: [GC 1014324K(1025664K), 0.6931818 secs]
749334.258: [Full GC 1025137K->1014739K(1025664K), 3.1947434 secs]
749339.462: [GC 1024127K(1025664K), 0.6998960 secs]
749341.219: [Full GC 1024127K->1014284K(1025664K), 3.1856198 secs]
749344.418: [GC 1014658K(1025664K), 0.6941666 secs]
749346.157: [Full GC 1025326K->1014943K(1025664K), 3.1901027 secs]
749351.362: [GC 1024311K(1025664K), 0.7001569 secs]
749353.082: [Full GC 1024311K->1014487K(1025664K), 3.1915979 secs]
749356.286: [GC 1014880K(1025664K), 0.7003099 secs]
749358.024: [Full GC 1025596K->1015147K(1025664K), 3.1817994 secs]
749363.222: [GC 1024527K(1025664K), 0.7013322 secs]
749364.953: [Full GC 1024527K->1014692K(1025664K), 3.1857162 secs]
749368.148: [GC 1014774K(1025664K), 0.6931251 secs]
749369.888: [Full GC 1025255K->1015106K(1025664K), 3.1924797 secs]
749373.099: [GC 1017746K(1025664K), 0.6996979 secs]
749377.434: [Full GC 1025010K->1014930K(1025664K), 3.2035679 secs]
749380.650: [GC 1015292K(1025664K), 0.7015634 secs]
749382.409: [Full GC 1025479K->1015328K(1025664K), 3.2020702 secs]
749387.622: [GC 1025255K(1025664K), 0.7030610 secs]
749389.337: [Full GC 1025255K->1015117K(1025664K), 3.2122751 secs]
749392.562: [GC 1015464K(1025664K), 0.7047184 secs]
749394.320: [Full GC 1025657K->1015515K(1025664K), 3.2152517 secs]
749397.552: [GC 1018125K(1025664K), 0.7014612 secs]
749401.915: [Full GC 1025412K->1015321K(1025664K), 3.1960165 secs]
749405.124: [GC 1015674K(1025664K), 0.7036254 secs]
749406.884: [Full GC 1025620K->1015595K(1025664K), 3.2243328 secs]
749410.837: [Full GC 1025663K->1015528K(1025664K), 3.1987470 secs]
749414.044: [GC 1015528K(1025664K), 0.6984518 secs]
749415.824: [Full GC 1015532K->1015527K(1025664K), 3.1907519 secs]
749419.390: [Full GC 1025627K->1015731K(1025664K), 3.2033767 secs]
749422.600: [GC 1015976K(1025664K), 0.7021846 secs]
749424.358: [Full GC 1025663K->1015647K(1025664K), 3.2050157 secs]
749427.572: [Full GC 1015647K->1015646K(1025664K), 3.2008459 secs]
749430.781: [GC 1015647K(1025664K), 0.7059059 secs]
749432.522: [Full GC 1025624K->1015739K(1025664K), 3.1912165 secs]
749436.503: [GC 1025649K(1025664K), 0.7073379 secs]
749438.236: [Full GC 1025649K->1015626K(1025664K), 3.2228916 secs]
749441.470: [GC 1015875K(1025664K), 0.7073683 secs]
749443.215: [Full GC 1025654K->1015738K(1025664K), 3.2044102 secs]
749446.624: [Full GC 1025602K->1016660K(1025664K), 3.2034972 secs]
749449.836: [GC 1016747K(1025664K), 0.7052414 secs]
749451.579: [Full GC 1017250K->1015829K(1025664K), 3.2296053 secs]
749455.191: [Full GC 1025619K->1015927K(1025664K), 3.2036743 secs]
749458.404: [GC 1015988K(1025664K), 0.6982388 secs]
749460.145: [Full GC 1025050K->1016961K(1025664K), 3.2113451 secs]
749463.374: [GC 1018101K(1025664K), 0.6973446 secs]
749465.105: [Full GC 1018490K->1016015K(1025664K), 3.2121974 secs]
749468.682: [Full GC 1025663K->1016262K(1025664K), 3.1974131 secs]
749471.888: [GC 1016262K(1025664K), 0.7069908 secs]
749473.659: [Full GC 1025558K->1017164K(1025664K), 3.2211509 secs]
749476.897: [GC 1018304K(1025664K), 0.7110868 secs]
749478.649: [Full GC 1018684K->1016220K(1025664K), 3.2191050 secs]
749481.879: [GC 1016348K(1025664K), 0.7022691 secs]
749483.659: [Full GC 1025663K->1016511K(1025664K), 3.2091928 secs]
749487.108: [Full GC 1025053K->1016877K(1025664K), 3.1931106 secs]
749490.310: [GC 1017857K(1025664K), 0.6998451 secs]
749494.640: [Full GC 1019395K->1016440K(1025664K), 3.1949234 secs]
749497.848: [GC 1016859K(1025664K), 0.7072535 secs]
749499.602: [Full GC 1025663K->1016734K(1025664K), 3.2047854 secs]
749503.053: [Full GC 1025514K->1017116K(1025664K), 3.1976691 secs]
749506.260: [GC 1018095K(1025664K), 0.7020686 secs]
749508.000: [Full GC 1019634K->1016677K(1025664K), 3.2002580 secs]
749511.530: [Full GC 1025663K->1016863K(1025664K), 3.2134366 secs]
749514.752: [GC 1016863K(1025664K), 0.7074310 secs]
749516.523: [Full GC 1025358K->1017042K(1025664K), 3.2044866 secs]
749520.473: [GC 1019715K(1025664K), 0.7057896 secs]
749522.208: [Full GC 1019718K->1016747K(1025664K), 3.1921381 secs]
749525.411: [GC 1016972K(1025664K), 0.7009796 secs]
749527.143: [Full GC 1025663K->1016968K(1025664K), 3.2059762 secs]
749530.424: [GC 1021185K(1025664K), 0.7034580 secs]
749532.170: [Full GC 1025552K->1017106K(1025664K), 3.1979521 secs]
749535.386: [GC 1019987K(1025664K), 0.7200289 secs]
749537.146: [Full GC 1020353K->1017034K(1025664K), 3.2040082 secs]
749540.666: [Full GC 1025663K->1017187K(1025664K), 3.1979981 secs]
749543.872: [GC 1017187K(1025664K), 0.7175575 secs]
749545.649: [Full GC 1025650K->1017265K(1025664K), 3.2031837 secs]
749548.871: [GC 1020307K(1025664K), 0.7121553 secs]
749550.629: [Full GC 1020671K->1017239K(1025664K), 3.2047932 secs]
749554.124: [Full GC 1025663K->1017381K(1025664K), 3.2138547 secs]
749557.346: [GC 1017381K(1025664K), 0.7021917 secs]
749559.093: [Full GC 1025653K->1017525K(1025664K), 3.2023684 secs]
749562.341: [GC 1020911K(1025664K), 0.7049483 secs]
749564.085: [Full GC 1021288K->1017442K(1025664K), 3.2111436 secs]
749567.585: [Full GC 1025663K->1017588K(1025664K), 3.2183661 secs]
749570.812: [GC 1017588K(1025664K), 0.7069923 secs]
749572.592: [Full GC 1025663K->1017727K(1025664K), 3.2115016 secs]
749575.865: [GC 1021506K(1025664K), 0.7139834 secs]
749577.606: [Full GC 1021872K->1017644K(1025664K), 3.1998897 secs]
749580.816: [GC 1017737K(1025664K), 0.7105069 secs]
749582.568: [Full GC 1025663K->1017841K(1025664K), 3.2062001 secs]
749585.904: [GC 1023036K(1025664K), 0.7126543 secs]
749587.642: [Full GC 1025663K->1017912K(1025664K), 3.1992776 secs]
749590.957: [GC 1022528K(1025664K), 0.7136671 secs]
749592.719: [Full GC 1022918K->1017950K(1025664K), 3.2271231 secs]
749596.212: [Full GC 1025663K->1018068K(1025664K), 3.2072725 secs]
749599.428: [GC 1018068K(1025664K), 0.7057120 secs]
749601.196: [Full GC 1025663K->1018180K(1025664K), 3.2019235 secs]
749604.519: [GC 1022969K(1025664K), 0.7172302 secs]
749606.279: [Full GC 1023336K->1018155K(1025664K), 3.2134566 secs]
749609.755: [Full GC 1025663K->1018248K(1025664K), 3.2183860 secs]
749612.982: [GC 1018248K(1025664K), 0.7119995 secs]
749614.758: [Full GC 1025663K->1018344K(1025664K), 3.2050218 secs]
749619.102: [Full GC 1023930K->1018359K(1025664K), 3.1996518 secs]
749622.310: [GC 1018359K(1025664K), 0.7065815 secs]
749624.055: [Full GC 1025663K->1018423K(1025664K), 3.2093157 secs]
749627.278: [GC 1018694K(1025664K), 0.7202132 secs]
749629.062: [Full GC 1025663K->1018509K(1025664K), 3.2074243 secs]
749632.436: [GC 1024042K(1025664K), 0.7244594 secs]
749634.219: [Full GC 1024409K->1018562K(1025664K), 3.2055144 secs]
749637.644: [Full GC 1025663K->1018652K(1025664K), 3.1956548 secs]
749640.848: [GC 1018653K(1025664K), 0.7108296 secs]
749642.609: [Full GC 1025663K->1018732K(1025664K), 3.2200732 secs]
749646.014: [GC 1024762K(1025664K), 0.7182722 secs]
749647.825: [Full GC 1025109K->1018767K(1025664K), 3.2092347 secs]
749651.244: [Full GC 1025663K->1018855K(1025664K), 3.2105462 secs]
749654.463: [GC 1018855K(1025664K), 0.7134397 secs]
749656.252: [Full GC 1025663K->1018902K(1025664K), 3.2117312 secs]
749659.654: [GC 1025270K(1025664K), 0.7210717 secs]
749663.952: [Full GC 1025648K->1018968K(1025664K), 3.2225546 secs]
749667.185: [GC 1019177K(1025664K), 0.7155343 secs]
749668.941: [Full GC 1025583K->1020021K(1025664K), 3.2090800 secs]
749672.167: [GC 1020211K(1025664K), 0.7173395 secs]
749673.928: [Full GC 1024834K->1019730K(1025664K), 3.2103526 secs]
749677.157: [GC 1021939K(1025664K), 0.7107989 secs]
749678.918: [Full GC 1025663K->1019415K(1025664K), 3.2036931 secs]
749682.171: [GC 1022929K(1025664K), 0.7119898 secs]
749683.930: [Full GC 1023307K->1019394K(1025664K), 3.2112087 secs]
749687.153: [GC 1019477K(1025664K), 0.7201047 secs]
749688.934: [Full GC 1025003K->1020508K(1025664K), 3.2238653 secs]
749692.175: [GC 1021669K(1025664K), 0.7260918 secs]
749693.954: [Full GC 1025556K->1019753K(1025664K), 3.2132525 secs]
749697.187: [GC 1022630K(1025664K), 0.7132743 secs]
749698.939: [Full GC 1025663K->1019801K(1025664K), 3.2201188 secs]
749702.236: [GC 1024037K(1025664K), 0.7145626 secs]
749704.027: [Full GC 1024426K->1019783K(1025664K), 3.2201667 secs]
749707.259: [GC 1019937K(1025664K), 0.7139110 secs]
749709.020: [Full GC 1025473K->1020933K(1025664K), 3.2139883 secs]
749712.251: [GC 1022075K(1025664K), 0.7269169 secs]
749714.056: [Full GC 1025664K->1020198K(1025664K), 3.2192141 secs]
749717.298: [GC 1023373K(1025664K), 0.7128013 secs]
749719.057: [Full GC 1025663K->1020196K(1025664K), 3.2225340 secs]
749722.403: [GC 1025151K(1025664K), 0.7166796 secs]
749724.159: [Full GC 1025529K->1020190K(1025664K), 3.2195449 secs]
749727.567: [Full GC 1025499K->1021252K(1025664K), 3.1992636 secs]
749730.774: [GC 1022023K(1025664K), 0.7177525 secs]
749732.522: [Full GC 1025663K->1020431K(1025664K), 3.2030858 secs]
749735.775: [GC 1023942K(1025664K), 0.7252514 secs]
749737.544: [Full GC 1025663K->1020398K(1025664K), 3.8926371 secs]
749741.522: [GC 1022017K(1025664K), 0.7215886 secs]
749743.274: [Full GC 1025511K->1021565K(1025664K), 3.8780475 secs]
749747.169: [GC 1022730K(1025664K), 0.7161301 secs]
749748.926: [Full GC 1023108K->1020637K(1025664K), 3.2134016 secs]
749752.327: [Full GC 1024969K->1021209K(1025664K), 3.2398889 secs]
749755.576: [GC 1022190K(1025664K), 0.7200716 secs]
749757.347: [Full GC 1025663K->1020865K(1025664K), 3.2101504 secs]
749760.658: [GC 1025289K(1025664K), 0.7378389 secs]
749762.419: [Full GC 1025663K->1020884K(1025664K), 3.2154667 secs]
749765.645: [GC 1021163K(1025664K), 0.7234618 secs]
749767.401: [Full GC 1025645K->1021380K(1025664K), 3.2158882 secs]
749771.372: [GC 1023557K(1025664K), 0.7164919 secs]
749773.146: [Full GC 1023561K->1020788K(1025664K), 3.2203806 secs]
749776.379: [GC 1021124K(1025664K), 0.7157543 secs]
749778.133: [Full GC 1025307K->1021271K(1025664K), 3.2096700 secs]
749781.361: [GC 1023888K(1025664K), 0.7169714 secs]
749783.127: [Full GC 1025663K->1021152K(1025664K), 3.2434213 secs]
749786.487: [Full GC 1024991K->1022088K(1025664K), 3.2112718 secs]
749789.707: [GC 1022862K(1025664K), 0.7241595 secs]
749791.476: [Full GC 1025663K->1021272K(1025664K), 3.2063494 secs]
749794.796: [Full GC 1024951K->1022190K(1025664K), 3.2165659 secs]
749798.021: [GC 1022960K(1025664K), 0.7213942 secs]
749802.306: [Full GC 1023781K->1021298K(1025664K), 3.2055878 secs]
749805.523: [GC 1021548K(1025664K), 0.7223426 secs]
749807.281: [Full GC 1025444K->1021627K(1025664K), 3.2259388 secs]
749810.573: [Full GC 1025663K->1021475K(1025664K), 3.2448908 secs]
749813.827: [GC 1021477K(1025664K), 0.7231412 secs]
749815.600: [Full GC 1025061K->1021990K(1025664K), 3.2146228 secs]
749818.833: [GC 1024137K(1025664K), 0.7221265 secs]
749820.579: [Full GC 1025663K->1021608K(1025664K), 3.2213571 secs]
749823.971: [Full GC 1025215K->1022107K(1025664K), 3.2184761 secs]
749827.198: [GC 1023090K(1025664K), 0.7300014 secs]
749831.491: [Full GC 1024622K->1021670K(1025664K), 3.2131565 secs]
749834.714: [GC 1021752K(1025664K), 0.7406323 secs]
749836.481: [Full GC 1025579K->1021945K(1025664K), 3.2251119 secs]
749839.725: [GC 1024809K(1025664K), 0.7285862 secs]
749841.491: [Full GC 1025663K->1021877K(1025664K), 3.2170323 secs]
749844.882: [Full GC 1025564K->1022184K(1025664K), 3.2207081 secs]
749848.111: [GC 1022676K(1025664K), 0.7276722 secs]
749849.860: [Full GC 1025663K->1021940K(1025664K), 3.2054808 secs]
749853.075: [GC 1021979K(1025664K), 0.7287849 secs]
749854.859: [Full GC 1025432K->1022131K(1025664K), 3.2270510 secs]
749858.105: [GC 1025013K(1025664K), 0.7278124 secs]
749859.854: [Full GC 1025396K->1022060K(1025664K), 3.2252413 secs]
749863.276: [Full GC 1025656K->1022266K(1025664K), 3.2197537 secs]
749866.505: [GC 1022515K(1025664K), 0.7276856 secs]
749868.311: [Full GC 1025663K->1022205K(1025664K), 3.2338960 secs]
749871.726: [Full GC 1025569K->1022281K(1025664K), 3.2437837 secs]
749874.978: [GC 1022532K(1025664K), 0.7272837 secs]
749876.733: [Full GC 1025663K->1023195K(1025664K), 3.2321817 secs]
749879.978: [GC 1023405K(1025664K), 0.7321379 secs]
749881.764: [Full GC 1025663K->1022406K(1025664K), 3.2148428 secs]
749885.091: [Full GC 1025248K->1022903K(1025664K), 3.2213642 secs]
749888.321: [GC 1023888K(1025664K), 0.7206884 secs]
749890.084: [Full GC 1025333K->1022480K(1025664K), 3.2265902 secs]
749893.473: [Full GC 1025577K->1022624K(1025664K), 3.2351060 secs]
749896.716: [GC 1022716K(1025664K), 0.7331907 secs]
749898.462: [Full GC 1024970K->1023529K(1025664K), 3.2178553 secs]
749901.715: [Full GC 1025663K->1022613K(1025664K), 3.2175541 secs]
749904.941: [GC 1022620K(1025664K), 0.7270890 secs]
749906.721: [Full GC 1025521K->1022731K(1025664K), 3.2134470 secs]
749909.946: [Full GC 1025597K->1023540K(1025664K), 3.2264513 secs]
749913.181: [GC 1023631K(1025664K), 0.7215618 secs]
749914.951: [Full GC 1025663K->1022735K(1025664K), 3.2301766 secs]
749918.336: [Full GC 1025655K->1022997K(1025664K), 3.2103200 secs]
749921.555: [GC 1023494K(1025664K), 0.7292543 secs]
749923.300: [Full GC 1025664K->1023681K(1025664K), 3.2189389 secs]
749927.542: [Full GC 1024021K->1022785K(1025664K), 3.2253424 secs]
749930.776: [GC 1022792K(1025664K), 0.7282231 secs]
749932.578: [Full GC 1025663K->1023044K(1025664K), 3.2400742 secs]
749935.873: [Full GC 1024845K->1023428K(1025664K), 3.2117809 secs]
749939.093: [GC 1024410K(1025664K), 0.7264986 secs]
749940.836: [Full GC 1025663K->1023853K(1025664K), 3.2294884 secs]
749944.082: [GC 1024200K(1025664K), 0.7271757 secs]
749945.860: [Full GC 1025657K->1023071K(1025664K), 3.2323023 secs]
749949.215: [Full GC 1025464K->1023179K(1025664K), 3.2123174 secs]
749952.436: [GC 1023430K(1025664K), 0.7253144 secs]
749954.180: [Full GC 1025082K->1024138K(1025664K), 3.2450224 secs]
749957.447: [Full GC 1025663K->1023099K(1025664K), 3.2191120 secs]
749960.674: [GC 1023105K(1025664K), 0.7294881 secs]
749962.443: [Full GC 1025664K->1023227K(1025664K), 3.2226946 secs]
749965.728: [Full GC 1025564K->1023714K(1025664K), 3.2204002 secs]
749968.957: [GC 1024697K(1025664K), 0.7288715 secs]
749970.688: [Full GC 1025599K->1023999K(1025664K), 3.2228392 secs]
749974.822: [GC 1024688K(1025664K), 0.7292227 secs]
749976.576: [Full GC 1024688K->1023243K(1025664K), 3.2279294 secs]
749979.817: [GC 1023622K(1025664K), 0.7302034 secs]
749981.596: [Full GC 1025663K->1023546K(1025664K), 3.2232426 secs]
749984.929: [Full GC 1025454K->1023604K(1025664K), 3.2211407 secs]
749988.159: [GC 1023849K(1025664K), 0.7422918 secs]
749989.935: [Full GC 1025390K->1024492K(1025664K), 3.2472445 secs]
749993.191: [Full GC 1025656K->1024421K(1025664K), 3.2460435 secs]
749996.446: [GC 1024442K(1025664K), 0.7284384 secs]
749998.195: [Full GC 1025642K->1023538K(1025664K), 3.2246934 secs]
750001.540: [Full GC 1025611K->1023666K(1025664K), 3.2252477 secs]
750004.774: [GC 1023756K(1025664K), 0.7349257 secs]
750006.559: [Full GC 1025265K->1024054K(1025664K), 3.2262296 secs]
750009.795: [Full GC 1025061K->1024558K(1025664K), 3.2159735 secs]
750013.019: [GC 1025330K(1025664K), 0.7299710 secs]
750014.762: [Full GC 1025663K->1024456K(1025664K), 3.2307113 secs]
750018.013: [GC 1025204K(1025664K), 0.7362205 secs]
750019.800: [Full GC 1025663K->1023727K(1025664K), 3.2394847 secs]
750023.128: [Full GC 1025628K->1023778K(1025664K), 3.2329648 secs]
750026.369: [GC 1023824K(1025664K), 0.7252807 secs]
750028.132: [Full GC 1025632K->1023866K(1025664K), 3.2166286 secs]
750031.358: [Full GC 1024813K->1024340K(1025664K), 3.2239360 secs]
750034.591: [GC 1025321K(1025664K), 0.7366924 secs]
750036.336: [Full GC 1025351K->1024839K(1025664K), 3.2195560 secs]
750039.565: [Full GC 1025648K->1024646K(1025664K), 3.2140579 secs]
750042.788: [GC 1024678K(1025664K), 0.7341827 secs]
750047.041: [Full GC 1025364K->1023823K(1025664K), 3.2659297 secs]
750050.321: [GC 1024375K(1025664K), 0.7303366 secs]
750052.102: [Full GC 1025663K->1024084K(1025664K), 3.2514055 secs]
750055.459: [Full GC 1025663K->1024215K(1025664K), 3.2244913 secs]
750058.692: [GC 1024215K(1025664K), 0.7377133 secs]
750060.479: [Full GC 1025614K->1024291K(1025664K), 3.2286580 secs]
750063.717: [Full GC 1025050K->1024676K(1025664K), 3.2139994 secs]
750066.940: [GC 1025656K(1025664K), 0.7408266 secs]
750068.706: [Full GC 1025663K->1025164K(1025664K), 3.2096146 secs]
750071.925: [Full GC 1025192K->1025180K(1025664K), 3.2136118 secs]
750075.146: [Full GC 1025180K->1024723K(1025664K), 3.8961986 secs]
750079.051: [GC 1025494K(1025664K), 0.7347848 secs]
750080.820: [Full GC 1025606K->1024577K(1025664K), 3.9053187 secs]
750084.748: [Full GC 1025663K->1023923K(1025664K), 3.9103673 secs]
750088.671: [GC 1023926K(1025664K), 0.7453165 secs]
750090.455: [Full GC 1025663K->1024111K(1025664K), 3.9008204 secs]
750094.401: [Full GC 1025663K->1024248K(1025664K), 3.2377183 secs]
750097.651: [GC 1024250K(1025664K), 0.7338842 secs]
750099.431: [Full GC 1025663K->1024444K(1025664K), 3.2366611 secs]
750102.712: [Full GC 1025663K->1024585K(1025664K), 3.2406466 secs]
750105.964: [GC 1024585K(1025664K), 0.7346838 secs]
750107.753: [Full GC 1025663K->1024741K(1025664K), 3.2674994 secs]
750111.086: [Full GC 1025664K->1024589K(1025664K), 3.2546975 secs]
750114.349: [GC 1024589K(1025664K), 0.7324800 secs]
750116.099: [Full GC 1025664K->1024649K(1025664K), 3.2405566 secs]
750119.381: [Full GC 1025574K->1024733K(1025664K), 3.2254092 secs]
750122.615: [GC 1025223K(1025664K), 0.7370902 secs]
750124.356: [Full GC 1025255K->1024948K(1025664K), 3.2334316 secs]
750127.598: [Full GC 1024948K->1024643K(1025664K), 3.2144274 secs]
750130.822: [Full GC 1025664K->1025148K(1025664K), 3.2109652 secs]
750134.041: [GC 1025148K(1025664K), 0.7324439 secs]
750135.841: [Full GC 1025156K->1025150K(1025664K), 3.2143147 secs]
750139.063: [Full GC 1025150K->1025139K(1025664K), 3.2142091 secs]
750142.286: [GC 1025147K(1025664K), 0.7258997 secs]
750144.036: [Full GC 1025663K->1024197K(1025664K), 3.9164425 secs]
750147.974: [Full GC 1025659K->1024472K(1025664K), 3.2158535 secs]
750151.198: [GC 1024488K(1025664K), 0.7274866 secs]
750152.978: [Full GC 1025663K->1024516K(1025664K), 3.2194440 secs]
750156.231: [Full GC 1025663K->1024611K(1025664K), 3.2142255 secs]
750159.453: [GC 1024611K(1025664K), 0.7304352 secs]
750161.217: [Full GC 1025663K->1024771K(1025664K), 3.2198992 secs]
750164.463: [Full GC 1025663K->1024863K(1025664K), 3.2159904 secs]
750167.688: [GC 1024863K(1025664K), 0.7442171 secs]
750169.459: [Full GC 1025663K->1024958K(1025664K), 3.2354941 secs]
750172.741: [Full GC 1025663K->1024919K(1025664K), 3.2341689 secs]
750175.984: [GC 1024919K(1025664K), 0.7464408 secs]
750177.754: [Full GC 1025663K->1025012K(1025664K), 3.2415815 secs]
750181.013: [Full GC 1025663K->1025102K(1025664K), 3.2420799 secs]
750184.264: [GC 1025103K(1025664K), 0.7306517 secs]
750186.011: [Full GC 1025663K->1025149K(1025664K), 3.2311401 secs]
750189.299: [Full GC 1025660K->1025188K(1025664K), 3.2169900 secs]
750192.524: [GC 1025212K(1025664K), 0.7399226 secs]
750194.308: [Full GC 1025663K->1025203K(1025664K), 3.2405438 secs]
750197.565: [Full GC 1025663K->1025234K(1025664K), 3.2066041 secs]
750200.780: [GC 1025234K(1025664K), 0.7472915 secs]
750202.581: [Full GC 1025663K->1025333K(1025664K), 3.2213259 secs]
750205.826: [Full GC 1025574K->1025076K(1025664K), 3.2170518 secs]
750209.051: [GC 1025198K(1025664K), 0.7292590 secs]
750210.814: [Full GC 1025479K->1025220K(1025664K), 3.2068605 secs]
750214.028: [Full GC 1025220K->1024995K(1025664K), 3.2021114 secs]
750217.240: [Full GC 1025535K->1025266K(1025664K), 3.1989643 secs]
750220.447: [Full GC 1025266K->1025265K(1025664K), 3.2132908 secs]
750223.669: [GC 1025265K(1025664K), 0.7280181 secs]
750225.422: [Full GC 1025663K->1024836K(1025664K), 3.8952552 secs]
750229.326: [Full GC 1024848K->1024843K(1025664K), 3.2023150 secs]
750232.537: [GC 1024843K(1025664K), 0.7524668 secs]
750234.316: [Full GC 1025663K->1024994K(1025664K), 3.2075887 secs]
750237.547: [Full GC 1025663K->1025096K(1025664K), 3.2029472 secs]
750240.758: [GC 1025099K(1025664K), 0.7436513 secs]
750242.534: [Full GC 1025663K->1025115K(1025664K), 3.2083227 secs]
750245.758: [Full GC 1025659K->1025216K(1025664K), 3.2151712 secs]
750248.981: [GC 1025222K(1025664K), 0.7320845 secs]
750250.733: [Full GC 1025663K->1025235K(1025664K), 3.2140579 secs]
750253.965: [Full GC 1025663K->1025268K(1025664K), 3.2326366 secs]
750257.206: [GC 1025269K(1025664K), 0.7318581 secs]
750258.950: [Full GC 1025663K->1025283K(1025664K), 3.2027442 secs]
750262.162: [GC 1025379K(1025664K), 0.7326605 secs]
750263.933: [Full GC 1025663K->1025235K(1025664K), 3.2214816 secs]
750267.173: [Full GC 1025663K->1025243K(1025664K), 3.2041137 secs]
750270.385: [GC 1025243K(1025664K), 0.7375509 secs]
750272.136: [Full GC 1025663K->1025378K(1025664K), 3.2067490 secs]
750275.355: [Full GC 1025663K->1025420K(1025664K), 3.2022021 secs]
750278.566: [GC 1025424K(1025664K), 0.7318495 secs]
750280.313: [Full GC 1025663K->1025418K(1025664K), 3.2044301 secs]
750283.530: [Full GC 1025663K->1025447K(1025664K), 3.2003560 secs]
750286.738: [GC 1025449K(1025664K), 0.7321121 secs]
750288.511: [Full GC 1025663K->1025517K(1025664K), 3.2055812 secs]
750291.726: [Full GC 1025663K->1025535K(1025664K), 3.2278766 secs]
750294.963: [GC 1025537K(1025664K), 0.7324707 secs]
750296.706: [Full GC 1025663K->1025567K(1025664K), 3.2102174 secs]
750299.926: [Full GC 1025663K->1025566K(1025664K), 3.2140624 secs]
750303.148: [GC 1025566K(1025664K), 0.7352159 secs]
750304.926: [Full GC 1025663K->1025570K(1025664K), 3.2114124 secs]
750308.148: [Full GC 1025663K->1025559K(1025664K), 3.2058605 secs]
750311.362: [GC 1025560K(1025664K), 0.7356485 secs]
750313.131: [Full GC 1025663K->1025522K(1025664K), 3.2188262 secs]
750316.362: [Full GC 1025663K->1025514K(1025664K), 3.2040648 secs]
750319.574: [GC 1025514K(1025664K), 0.7335767 secs]
750321.337: [Full GC 1025663K->1025537K(1025664K), 3.2109369 secs]
750324.559: [Full GC 1025663K->1025536K(1025664K), 3.2130763 secs]
750327.780: [GC 1025537K(1025664K), 0.7322085 secs]
750329.551: [Full GC 1025663K->1025547K(1025664K), 3.2050407 secs]
750332.766: [Full GC 1025663K->1025606K(1025664K), 3.2050094 secs]
750335.979: [GC 1025606K(1025664K), 0.7327440 secs]
750337.739: [Full GC 1025663K->1025614K(1025664K), 3.2048669 secs]
750340.953: [Full GC 1025663K->1025632K(1025664K), 3.2006023 secs]
750344.162: [GC 1025637K(1025664K), 0.7328696 secs]
750345.929: [Full GC 1025663K->1025620K(1025664K), 3.2184424 secs]
750349.157: [Full GC 1025663K->1025625K(1025664K), 3.2162943 secs]
750352.381: [GC 1025628K(1025664K), 0.7476589 secs]
750354.162: [Full GC 1025663K->1025623K(1025664K), 3.2184422 secs]
750357.390: [Full GC 1025662K->1025627K(1025664K), 3.1998748 secs]
750360.598: [GC 1025630K(1025664K), 0.7350144 secs]
750362.362: [Full GC 1025663K->1025620K(1025664K), 3.2130984 secs]
750365.585: [Full GC 1025663K->1025630K(1025664K), 3.2170126 secs]
750368.810: [GC 1025630K(1025664K), 0.7391177 secs]
750370.583: [Full GC 1025663K->1025638K(1025664K), 3.2032970 secs]
750373.796: [Full GC 1025663K->1025641K(1025664K), 3.2156278 secs]
750377.020: [GC 1025642K(1025664K), 0.7328412 secs]
750378.777: [Full GC 1025663K->1025641K(1025664K), 3.2113973 secs]
750381.997: [Full GC 1025663K->1025641K(1025664K), 3.1960867 secs]
750385.202: [GC 1025644K(1025664K), 0.7336997 secs]
750387.036: [Full GC 1025663K->1025644K(1025664K), 3.2169187 secs]
750390.262: [Full GC 1025663K->1025635K(1025664K), 3.2012161 secs]
750393.471: [GC 1025636K(1025664K), 0.7332810 secs]
750395.260: [Full GC 1025663K->1025630K(1025664K), 3.2009204 secs]
750398.470: [Full GC 1025663K->1025640K(1025664K), 3.2079602 secs]
750401.686: [GC 1025649K(1025664K), 0.7336609 secs]
750403.451: [Full GC 1025663K->1025650K(1025664K), 3.1995654 secs]
750406.659: [Full GC 1025659K->1025653K(1025664K), 3.2134472 secs]
750409.881: [GC 1025662K(1025664K), 0.7334478 secs]
750411.611: [Full GC 1025663K->1025662K(1025664K), 3.2418385 secs]
750414.862: [Full GC 1025663K->1025660K(1025664K), 3.2121058 secs]
750418.083: [Full GC 1025663K->1025650K(1025664K), 3.2015715 secs]
750421.293: [Full GC 1025663K->1025660K(1025664K), 3.2157291 secs]
750424.518: [Full GC 1025663K->1025660K(1025664K), 3.2050022 secs]
750427.731: [Full GC 1025663K->1025661K(1025664K), 3.2012152 secs]
750430.941: [GC 1025663K(1025664K), 0.7331190 secs]
750432.684: [Full GC 1025663K->1025662K(1025664K), 3.2200414 secs]
750435.912: [Full GC 1025663K->1025662K(1025664K), 3.2033961 secs]
750439.124: [GC 1025663K(1025664K), 0.7333915 secs]
750440.869: [Full GC 1025663K->1025662K(1025664K), 3.2017251 secs]
750444.079: [Full GC 1025663K->1025663K(1025664K), 3.2101208 secs]
750447.298: [Full GC 1025663K->1025661K(1025664K), 3.2016488 secs]
750450.508: [GC 1025664K(1025664K), 0.7341573 secs]
750452.238: [Full GC 1025664K->1025661K(1025664K), 3.2079113 secs]
750455.455: [Full GC 1025663K->1025662K(1025664K), 3.1988629 secs]
750458.663: [Full GC 1025663K->1025663K(1025664K), 3.2037403 secs]
750461.875: [Full GC 1025663K->1025663K(1025664K), 3.1998582 secs]
750465.084: [Full GC 1025663K->1025661K(1025664K), 3.2009936 secs]
750468.294: [Full GC 1025664K->1025662K(1025664K), 3.2086304 secs]
750471.511: [GC 1025663K(1025664K), 0.7421735 secs]
750473.296: [Full GC 1025663K->1025646K(1025664K), 3.2237760 secs]
750476.529: [Full GC 1025663K->1025659K(1025664K), 3.2019971 secs]
750479.740: [Full GC 1025664K->1025660K(1025664K), 3.2149067 secs]
750482.963: [GC 1025661K(1025664K), 0.7330114 secs]
750484.709: [Full GC 1025664K->1025659K(1025664K), 3.2084436 secs]
750487.926: [Full GC 1025663K->1025658K(1025664K), 3.1985484 secs]
750491.134: [Full GC 1025659K->1025659K(1025664K), 3.1999001 secs]
750494.342: [Full GC 1025659K->1025655K(1025664K), 3.2142599 secs]
750497.565: [Full GC 1025660K->1025648K(1025664K), 3.2010752 secs]
750500.774: [Full GC 1025648K->1025648K(1025664K), 3.1998222 secs]
750503.983: [GC 1025650K(1025664K), 0.7344988 secs]
750505.768: [Full GC 1025663K->1025651K(1025664K), 3.2066965 secs]
750508.984: [Full GC 1025658K->1025654K(1025664K), 3.2002632 secs]
750512.193: [Full GC 1025663K->1025662K(1025664K), 3.1984901 secs]
750515.399: [GC 1025663K(1025664K), 0.7344035 secs]
750517.153: [Full GC 1025663K->1025663K(1025664K), 3.2056911 secs]
750520.367: [Full GC 1025663K->1025663K(1025664K), 3.1947868 secs]
750523.571: [Full GC 1025663K->1025663K(1025664K), 3.1985903 secs]
750526.778: [Full GC 1025663K->1025663K(1025664K), 3.2080575 secs]
750529.995: [Full GC 1025663K->1025662K(1025664K), 3.2265982 secs]
750533.230: [Full GC 1025663K->1025659K(1025664K), 3.2164441 secs]
750536.455: [Full GC 1025660K->1025659K(1025664K), 3.1999989 secs]
750539.664: [Full GC 1025659K->1025659K(1025664K), 3.2064594 secs]
750542.880: [Full GC 1025663K->1025651K(1025664K), 3.2031882 secs]
750546.092: [GC 1025658K(1025664K), 0.7426438 secs]
750547.866: [Full GC 1025663K->1025656K(1025664K), 3.2082148 secs]
750551.083: [Full GC 1025664K->1025658K(1025664K), 3.2109611 secs]
750554.303: [Full GC 1025660K->1025659K(1025664K), 3.2085379 secs]
750557.519: [Full GC 1025659K->1025659K(1025664K), 3.1995610 secs]
750560.728: [GC 1025659K(1025664K), 0.7329606 secs]
750562.485: [Full GC 1025663K->1025658K(1025664K), 3.2105519 secs]
750565.707: [Full GC 1025663K->1025657K(1025664K), 3.2086294 secs]
750568.929: [GC 1025659K(1025664K), 0.7330027 secs]
750570.669: [Full GC 1025664K->1025659K(1025664K), 3.2561818 secs]
750573.935: [Full GC 1025664K->1025661K(1025664K), 3.1993706 secs]
750577.146: [GC 1025661K(1025664K), 0.7359098 secs]
750578.893: [Full GC 1025663K->1025660K(1025664K), 3.2016647 secs]
750582.104: [Full GC 1025664K->1025660K(1025664K), 3.1978560 secs]
750585.311: [GC 1025661K(1025664K), 0.7332454 secs]
750587.060: [Full GC 1025663K->1025658K(1025664K), 3.2476309 secs]
750590.321: [Full GC 1025663K->1025659K(1025664K), 3.2322772 secs]
750593.562: [GC 1025659K(1025664K), 0.7369356 secs]
750595.329: [Full GC 1025663K->1025658K(1025664K), 3.2104915 secs]
750598.551: [Full GC 1025663K->1025659K(1025664K), 3.2151046 secs]
750601.779: [GC 1025661K(1025664K), 0.7344842 secs]
750603.543: [Full GC 1025663K->1025660K(1025664K), 3.2053798 secs]
750606.758: [Full GC 1025662K->1025660K(1025664K), 3.2051259 secs]
750609.972: [Full GC 1025660K->1025649K(1025664K), 3.2085446 secs]
750613.191: [GC 1025657K(1025664K), 0.7329781 secs]
750614.960: [Full GC 1025663K->1025659K(1025664K), 3.2059841 secs]
750618.175: [Full GC 1025663K->1025661K(1025664K), 3.1988832 secs]
750621.383: [GC 1025662K(1025664K), 0.7367873 secs]
750623.143: [Full GC 1025664K->1025661K(1025664K), 3.2195840 secs]
750626.371: [Full GC 1025662K->1025661K(1025664K), 3.1985846 secs]
750629.578: [Full GC 1025661K->1025661K(1025664K), 3.2025680 secs]
750632.790: [Full GC 1025663K->1025653K(1025664K), 3.2039762 secs]
750636.003: [Full GC 1025662K->1025656K(1025664K), 3.2028605 secs]
750639.214: [Full GC 1025656K->1025655K(1025664K), 3.2005626 secs]
750642.424: [Full GC 1025663K->1025663K(1025664K), 3.1987100 secs]
750645.631: [Full GC 1025663K->1025663K(1025664K), 3.2126687 secs]
750648.852: [Full GC 1025663K->1025663K(1025664K), 3.2009942 secs]
750652.062: [Full GC 1025663K->1025655K(1025664K), 3.2180883 secs]
750655.289: [Full GC 1025657K->1025656K(1025664K), 3.2037524 secs]
750658.501: [Full GC 1025656K->1025656K(1025664K), 3.2088147 secs]
750661.718: [Full GC 1025663K->1025658K(1025664K), 3.2037153 secs]
750664.931: [Full GC 1025663K->1025655K(1025664K), 3.8850793 secs]
750668.825: [Full GC 1025663K->1025654K(1025664K), 3.1992613 secs]
750672.033: [GC 1025656K(1025664K), 0.7372129 secs]
750673.791: [Full GC 1025661K->1025654K(1025664K), 3.2195939 secs]
750677.019: [Full GC 1025663K->1025662K(1025664K), 3.2005558 secs]
750680.229: [Full GC 1025663K->1025661K(1025664K), 3.1957659 secs]
750683.433: [GC 1025662K(1025664K), 0.7324685 secs]
750685.184: [Full GC 1025662K->1025661K(1025664K), 3.2163716 secs]
750688.408: [Full GC 1025661K->1025661K(1025664K), 3.2007470 secs]
750691.619: [Full GC 1025663K->1025654K(1025664K), 3.1989626 secs]
750694.826: [Full GC 1025663K->1025663K(1025664K), 3.2002496 secs]
750698.035: [Full GC 1025663K->1025663K(1025664K), 3.1977526 secs]
750701.241: [GC 1025663K(1025664K), 0.7335021 secs]
750703.001: [Full GC 1025663K->1025655K(1025664K), 3.1977060 secs]
750706.208: [Full GC 1025659K->1025652K(1025664K), 3.8903990 secs]
750710.107: [Full GC 1025661K->1025661K(1025664K), 3.2359310 secs]
750713.351: [Full GC 1025661K->1025661K(1025664K), 3.2143955 secs]
750716.574: [GC 1025661K(1025664K), 0.7373073 secs]
750718.336: [Full GC 1025663K->1025653K(1025664K), 3.2177909 secs]
750721.563: [Full GC 1025663K->1025657K(1025664K), 3.2038901 secs]
750724.775: [GC 1025660K(1025664K), 0.7325871 secs]
750726.513: [Full GC 1025664K->1025660K(1025664K), 3.2208544 secs]
750729.743: [Full GC 1025664K->1025661K(1025664K), 3.2070835 secs]
750732.958: [GC 1025663K(1025664K), 0.7337408 secs]
750734.695: [Full GC 1025663K->1025662K(1025664K), 3.2186754 secs]
750737.922: [Full GC 1025664K->1025661K(1025664K), 3.2041972 secs]
750741.135: [Full GC 1025663K->1025662K(1025664K), 3.2099606 secs]
750744.354: [GC 1025663K(1025664K), 0.7351726 secs]
750746.149: [Full GC 1025663K->1025663K(1025664K), 3.2093673 secs]
750749.367: [Full GC 1025663K->1025662K(1025664K), 3.1973178 secs]
750752.573: [Full GC 1025663K->1025661K(1025664K), 3.1975816 secs]
750755.780: [Full GC 1025661K->1025660K(1025664K), 3.1957038 secs]
750758.983: [Full GC 1025660K->1025658K(1025664K), 3.1962110 secs]
750762.188: [Full GC 1025663K->1025659K(1025664K), 3.1990161 secs]
750765.396: [Full GC 1025663K->1025660K(1025664K), 3.2109692 secs]
750768.616: [GC 1025663K(1025664K), 0.7339120 secs]
750770.373: [Full GC 1025663K->1025660K(1025664K), 3.2281100 secs]
750773.610: [Full GC 1025663K->1025661K(1025664K), 3.2177750 secs]
750776.836: [GC 1025661K(1025664K), 0.7329902 secs]
750778.571: [Full GC 1025663K->1025660K(1025664K), 3.8974995 secs]
750782.478: [Full GC 1025663K->1025659K(1025664K), 3.2017653 secs]
750785.688: [Full GC 1025663K->1025661K(1025664K), 3.2197711 secs]
750788.917: [Full GC 1025663K->1025662K(1025664K), 3.1980016 secs]
750792.124: [Full GC 1025664K->1025661K(1025664K), 3.2039581 secs]
750795.337: [Full GC 1025662K->1025661K(1025664K), 3.2045273 secs]
750798.549: [Full GC 1025661K->1025654K(1025664K), 3.1990916 secs]
750801.757: [Full GC 1025663K->1025660K(1025664K), 3.1999791 secs]
750804.966: [Full GC 1025662K->1025661K(1025664K), 3.2081793 secs]
750808.182: [Full GC 1025661K->1025661K(1025664K), 3.1985191 secs]
750811.390: [GC 1025663K(1025664K), 0.7394834 secs]
750813.145: [Full GC 1025663K->1025654K(1025664K), 3.2049577 secs]
750816.359: [Full GC 1025664K->1025659K(1025664K), 3.8712545 secs]
750820.239: [Full GC 1025661K->1025660K(1025664K), 3.2014301 secs]
750823.448: [Full GC 1025660K->1025659K(1025664K), 3.2005280 secs]
750826.657: [GC 1025659K(1025664K), 0.7384482 secs]
750828.429: [Full GC 1025663K->1025658K(1025664K), 3.2022641 secs]
750831.640: [Full GC 1025663K->1025659K(1025664K), 3.2358211 secs]
750834.884: [GC 1025659K(1025664K), 0.7366050 secs]
750836.627: [Full GC 1025663K->1025660K(1025664K), 3.2033851 secs]
750839.839: [Full GC 1025662K->1025659K(1025664K), 3.2071804 secs]
750843.054: [Full GC 1025659K->1025657K(1025664K), 3.2023434 secs]
750846.265: [GC 1025661K(1025664K), 0.7367574 secs]
750848.037: [Full GC 1025663K->1025660K(1025664K), 3.2171487 secs]
750851.263: [Full GC 1025663K->1025661K(1025664K), 3.1958910 secs]
750854.468: [Full GC 1025663K->1025661K(1025664K), 3.2106378 secs]
750857.687: [Full GC 1025663K->1025661K(1025664K), 3.1980314 secs]
750860.894: [Full GC 1025662K->1025661K(1025664K), 3.2018584 secs]
750864.104: [Full GC 1025661K->1025651K(1025664K), 3.2132646 secs]
750867.326: [GC 1025659K(1025664K), 0.7386038 secs]
750869.101: [Full GC 1025661K->1025660K(1025664K), 3.2061059 secs]
750872.316: [Full GC 1025660K->1025660K(1025664K), 3.2040177 secs]
750875.529: [Full GC 1025663K->1025652K(1025664K), 3.1992171 secs]
750878.737: [GC 1025657K(1025664K), 0.7368784 secs]
750880.484: [Full GC 1025657K->1025653K(1025664K), 3.2000568 secs]
750883.692: [Full GC 1025662K->1025662K(1025664K), 3.1936323 secs]
750886.894: [Full GC 1025662K->1025660K(1025664K), 3.2153393 secs]
750890.120: [Full GC 1025663K->1025650K(1025664K), 3.2288048 secs]
750893.357: [Full GC 1025663K->1025655K(1025664K), 3.2053074 secs]
750896.571: [GC 1025661K(1025664K), 0.7374368 secs]
750898.320: [Full GC 1025663K->1025658K(1025664K), 3.2158069 secs]
750901.545: [Full GC 1025663K->1025658K(1025664K), 3.2009873 secs]
750904.754: [Full GC 1025658K->1025655K(1025664K), 3.2108140 secs]
750907.973: [Full GC 1025663K->1025663K(1025664K), 3.2044996 secs]
750911.186: [Full GC 1025663K->1025663K(1025664K), 3.2005109 secs]
750914.395: [Full GC 1025663K->1025663K(1025664K), 3.2164570 secs]
750917.620: [Full GC 1025663K->1025663K(1025664K), 3.1989395 secs]
750920.828: [Full GC 1025663K->1025663K(1025664K), 3.2067357 secs]
750924.043: [Full GC 1025663K->1025663K(1025664K), 3.2102632 secs]
750927.262: [Full GC 1025663K->1025663K(1025664K), 3.1975857 secs]
750930.468: [GC 1025663K(1025664K), 0.7372447 secs]
750932.221: [Full GC 1025664K->1025663K(1025664K), 3.2021653 secs]
750935.432: [Full GC 1025664K->1025663K(1025664K), 3.1966519 secs]
750938.637: [Full GC 1025663K->1025663K(1025664K), 3.1971445 secs]
750941.843: [Full GC 1025663K->1025663K(1025664K), 3.2036730 secs]
750945.055: [Full GC 1025663K->1025663K(1025664K), 3.2064323 secs]
750948.270: [Full GC 1025663K->1025663K(1025664K), 3.2031022 secs]
750951.481: [Full GC 1025663K->1025663K(1025664K), 3.2297558 secs]
750954.720: [Full GC 1025663K->1025658K(1025664K), 3.2152487 secs]
750957.944: [Full GC 1025661K->1025641K(1025664K), 3.8917543 secs]
750961.844: [GC 1025649K(1025664K), 0.7373869 secs]
750963.594: [Full GC 1025663K->1025647K(1025664K), 3.8834280 secs]
750967.486: [Full GC 1025648K->1025647K(1025664K), 3.1997672 secs]
750970.694: [Full GC 1025647K->1025647K(1025664K), 3.1996754 secs]
750973.903: [Full GC 1025658K->1025655K(1025664K), 3.8922917 secs]
750977.803: [GC 1025663K(1025664K), 0.7365437 secs]
750979.573: [Full GC 1025663K->1025663K(1025664K), 3.8767632 secs]
750983.458: [Full GC 1025663K->1025663K(1025664K), 3.2060484 secs]
750986.672: [Full GC 1025663K->1025663K(1025664K), 3.1925270 secs]
750989.874: [Full GC 1025663K->1025646K(1025664K), 3.1945358 secs]
750993.077: [GC 1025647K(1025664K), 0.7400359 secs]
750994.828: [Full GC 1025663K->1025646K(1025664K), 3.8857503 secs]
750998.723: [Full GC 1025657K->1025656K(1025664K), 3.2009225 secs]
751001.932: [Full GC 1025656K->1025655K(1025664K), 3.1963300 secs]
751005.140: [GC 1025663K(1025664K), 0.7355105 secs]
751006.888: [Full GC 1025663K->1025663K(1025664K), 3.2170344 secs]
751010.113: [Full GC 1025663K->1025663K(1025664K), 3.2252382 secs]
751013.347: [Full GC 1025663K->1025657K(1025664K), 3.2156350 secs]
751016.571: [GC 1025657K(1025664K), 0.7370826 secs]
751018.326: [Full GC 1025664K->1025662K(1025664K), 3.2040561 secs]
751021.539: [Full GC 1025663K->1025661K(1025664K), 3.2061725 secs]
751024.754: [Full GC 1025663K->1025663K(1025664K), 3.2076732 secs]
751027.970: [Full GC 1025663K->1025663K(1025664K), 3.2008681 secs]
751031.179: [Full GC 1025663K->1025663K(1025664K), 3.1976172 secs]
751034.385: [Full GC 1025663K->1025663K(1025664K), 3.2088950 secs]
751037.602: [Full GC 1025663K->1025663K(1025664K), 3.2006819 secs]
751040.812: [Full GC 1025663K->1025662K(1025664K), 3.1979683 secs]
751044.018: [Full GC 1025663K->1025662K(1025664K), 3.9418534 secs]
751047.969: [Full GC 1025663K->1025627K(1025664K), 3.2033240 secs]
751051.182: [Full GC 1025663K->1025634K(1025664K), 3.2004705 secs]
751054.391: [GC 1025634K(1025664K), 0.7345257 secs]
751056.149: [Full GC 1025663K->1025643K(1025664K), 3.1981896 secs]
751059.358: [Full GC 1025664K->1025655K(1025664K), 3.1954151 secs]
751062.567: [GC 1025661K(1025664K), 0.7344551 secs]
751064.298: [Full GC 1025663K->1025660K(1025664K), 3.2178215 secs]
751067.525: [Full GC 1025663K->1025662K(1025664K), 3.2083452 secs]
751070.745: [Full GC 1025664K->1025663K(1025664K), 3.2372573 secs]
751073.996: [Full GC 1025663K->1025654K(1025664K), 3.2062707 secs]
751077.211: [GC 1025658K(1025664K), 0.7354341 secs]
751078.952: [Full GC 1025663K->1025350K(1025664K), 3.3291022 secs]
751082.296: [Full GC 1025663K->1025397K(1025664K), 3.2000616 secs]
751085.509: [GC 1025397K(1025664K), 0.7334248 secs]
751087.280: [Full GC 1025606K->1025368K(1025664K), 3.2068672 secs]
751090.511: [Full GC 1025663K->1025401K(1025664K), 3.2002314 secs]
751093.724: [GC 1025407K(1025664K), 0.7335460 secs]
751095.491: [Full GC 1025663K->1025500K(1025664K), 3.2113325 secs]
751098.711: [Full GC 1025501K->1025480K(1025664K), 3.1986611 secs]
751101.918: [GC 1025480K(1025664K), 0.7368265 secs]
751103.679: [Full GC 1025663K->1025467K(1025664K), 3.2229673 secs]
751107.674: [Full GC 1025663K->1025477K(1025664K), 3.1961052 secs]
751110.878: [GC 1025478K(1025664K), 0.7335994 secs]
751112.617: [Full GC 1025481K->1025465K(1025664K), 3.2104456 secs]
751115.837: [Full GC 1025663K->1025506K(1025664K), 3.1997057 secs]
751119.045: [GC 1025506K(1025664K), 0.7347035 secs]
751120.831: [Full GC 1025663K->1025508K(1025664K), 3.1987036 secs]
751124.793: [Full GC 1025663K->1025503K(1025664K), 3.2058743 secs]
751128.008: [GC 1025503K(1025664K), 0.7398722 secs]
751129.774: [Full GC 1025537K->1025529K(1025664K), 3.2180513 secs]
751133.002: [Full GC 1025663K->1025591K(1025664K), 3.2127725 secs]
751136.224: [GC 1025592K(1025664K), 0.7347518 secs]
751137.998: [Full GC 1025660K->1025610K(1025664K), 3.2046196 secs]
751141.212: [Full GC 1025663K->1025652K(1025664K), 3.2065487 secs]
751144.427: [GC 1025655K(1025664K), 0.7349074 secs]
751146.160: [Full GC 1025663K->1025629K(1025664K), 3.2109031 secs]
751149.388: [Full GC 1025663K->1025591K(1025664K), 3.2001487 secs]
751152.596: [GC 1025599K(1025664K), 0.7343665 secs]
751154.370: [Full GC 1025663K->1025630K(1025664K), 3.2226245 secs]
751157.602: [Full GC 1025663K->1025646K(1025664K), 3.2006258 secs]
751160.811: [GC 1025646K(1025664K), 0.7351066 secs]
751162.572: [Full GC 1025663K->1025653K(1025664K), 3.1994717 secs]
751165.781: [Full GC 1025663K->1025657K(1025664K), 3.2143698 secs]
751169.003: [GC 1025657K(1025664K), 0.7350739 secs]
751170.781: [Full GC 1025663K->1025658K(1025664K), 3.2008130 secs]
751173.991: [Full GC 1025663K->1025631K(1025664K), 3.2011978 secs]
751177.200: [GC 1025632K(1025664K), 0.7350394 secs]
751178.946: [Full GC 1025663K->1025634K(1025664K), 3.2064966 secs]
751182.162: [Full GC 1025663K->1025634K(1025664K), 3.1999566 secs]
751185.370: [GC 1025634K(1025664K), 0.7340825 secs]
751187.131: [Full GC 1025663K->1025647K(1025664K), 3.2186058 secs]
751190.358: [Full GC 1025663K->1025634K(1025664K), 3.2162146 secs]
751193.583: [GC 1025635K(1025664K), 0.7512355 secs]
751195.355: [Full GC 1025663K->1025628K(1025664K), 3.2114244 secs]
751198.575: [Full GC 1025663K->1025655K(1025664K), 3.2103933 secs]
751201.793: [GC 1025658K(1025664K), 0.7363153 secs]
751203.560: [Full GC 1025663K->1025661K(1025664K), 3.1992078 secs]
751206.768: [Full GC 1025663K->1025662K(1025664K), 3.2111154 secs]
751209.987: [Full GC 1025662K->1025644K(1025664K), 3.2005897 secs]
751213.196: [GC 1025650K(1025664K), 0.7345760 secs]
751214.940: [Full GC 1025664K->1025657K(1025664K), 3.2087260 secs]
751218.157: [Full GC 1025658K->1025658K(1025664K), 3.1979717 secs]
751221.363: [Full GC 1025658K->1025655K(1025664K), 3.1984263 secs]
751224.570: [GC 1025664K(1025664K), 0.7347952 secs]
751226.313: [Full GC 1025664K->1025663K(1025664K), 3.2056329 secs]
751229.527: [Full GC 1025664K->1025663K(1025664K), 3.1962201 secs]
751232.732: [Full GC 1025664K->1025663K(1025664K), 3.1965156 secs]
751235.937: [Full GC 1025664K->1025664K(1025664K), 3.1966171 secs]
751239.142: [Full GC 1025664K->1025664K(1025664K), 3.1975277 secs]
751242.348: [GC 1025664K(1025664K), 0.7394839 secs]
751244.103: [Full GC 1025664K->1025663K(1025664K), 3.1972227 secs]
751247.308: [Full GC 1025663K->1025663K(1025664K), 3.2107313 secs]
751250.527: [Full GC 1025663K->1025663K(1025664K), 3.2134914 secs]
751253.749: [GC 1025663K(1025664K), 0.7444763 secs]
751255.518: [Full GC 1025663K->1025609K(1025664K), 3.9524622 secs]
751259.481: [Full GC 1025663K->1025612K(1025664K), 3.8916971 secs]
751263.381: [GC 1025613K(1025664K), 0.7316317 secs]
751265.137: [Full GC 1025663K->1025610K(1025664K), 3.2147860 secs]
751268.363: [Full GC 1025663K->1025607K(1025664K), 3.1971976 secs]
751271.568: [GC 1025608K(1025664K), 0.7310446 secs]
751273.317: [Full GC 1025663K->1025622K(1025664K), 3.2224025 secs]
751277.552: [Full GC 1025647K->1025604K(1025664K), 3.1975486 secs]
751280.758: [GC 1025604K(1025664K), 0.7416698 secs]
751282.510: [Full GC 1025663K->1025621K(1025664K), 3.2124778 secs]
751285.733: [Full GC 1025663K->1025627K(1025664K), 3.2092531 secs]
751288.951: [GC 1025627K(1025664K), 0.7310566 secs]
751290.710: [Full GC 1025663K->1025646K(1025664K), 3.2009218 secs]
751293.920: [Full GC 1025663K->1025615K(1025664K), 3.1990473 secs]
751297.128: [GC 1025615K(1025664K), 0.7311506 secs]
751298.861: [Full GC 1025663K->1025622K(1025664K), 3.1988946 secs]
751302.070: [Full GC 1025663K->1025617K(1025664K), 3.1908422 secs]
751305.269: [GC 1025617K(1025664K), 0.7308585 secs]
751307.022: [Full GC 1025658K->1025602K(1025664K), 3.2289727 secs]
751310.262: [Full GC 1025663K->1025631K(1025664K), 3.2183219 secs]
751313.489: [GC 1025631K(1025664K), 0.7320692 secs]
751315.239: [Full GC 1025663K->1025635K(1025664K), 3.2058096 secs]
751318.455: [Full GC 1025663K->1025636K(1025664K), 3.2030454 secs]
751321.666: [GC 1025637K(1025664K), 0.7314761 secs]
751323.414: [Full GC 1025663K->1025617K(1025664K), 3.1973429 secs]
751326.620: [Full GC 1025663K->1025635K(1025664K), 3.1996341 secs]
751329.828: [GC 1025636K(1025664K), 0.7305147 secs]
751331.552: [Full GC 1025663K->1025628K(1025664K), 3.2100893 secs]
751334.771: [Full GC 1025663K->1025631K(1025664K), 3.2131518 secs]
751337.993: [GC 1025638K(1025664K), 0.7317623 secs]
751339.749: [Full GC 1025663K->1025585K(1025664K), 3.2119381 secs]
751342.969: [Full GC 1025585K->1025585K(1025664K), 3.2108498 secs]
751346.188: [GC 1025585K(1025664K), 0.7310984 secs]
751347.922: [Full GC 1025658K->1025603K(1025664K), 3.2027736 secs]
751351.134: [Full GC 1025663K->1025620K(1025664K), 3.1982421 secs]
751354.340: [GC 1025620K(1025664K), 0.7321881 secs]
751356.105: [Full GC 1025658K->1025603K(1025664K), 3.1989288 secs]
751359.314: [Full GC 1025663K->1025646K(1025664K), 3.2011471 secs]
751362.523: [GC 1025647K(1025664K), 0.7308126 secs]
751364.256: [Full GC 1025663K->1025655K(1025664K), 3.2033567 secs]
751367.468: [Full GC 1025663K->1025663K(1025664K), 3.2092974 secs]
751370.686: [Full GC 1025663K->1025655K(1025664K), 3.2470720 secs]
751373.942: [GC 1025655K(1025664K), 0.7343295 secs]
751375.693: [Full GC 1025663K->1025635K(1025664K), 3.2003276 secs]
751378.903: [Full GC 1025663K->1025646K(1025664K), 3.2154382 secs]
751382.126: [GC 1025646K(1025664K), 0.7322004 secs]
751383.888: [Full GC 1025663K->1025629K(1025664K), 3.2335093 secs]
751387.130: [Full GC 1025663K->1025646K(1025664K), 3.1988255 secs]
751390.338: [GC 1025646K(1025664K), 0.7310450 secs]
751392.093: [Full GC 1025656K->1025647K(1025664K), 3.2122376 secs]
751395.314: [Full GC 1025658K->1025655K(1025664K), 3.2026870 secs]
751398.525: [Full GC 1025663K->1025663K(1025664K), 3.2018344 secs]
751401.735: [Full GC 1025663K->1025659K(1025664K), 3.2020395 secs]
751404.945: [Full GC 1025662K->1025660K(1025664K), 3.2129917 secs]
751408.166: [Full GC 1025660K->1025660K(1025664K), 3.1971979 secs]
751411.373: [Full GC 1025663K->1025636K(1025664K), 3.2017633 secs]
751414.583: [GC 1025636K(1025664K), 0.7352277 secs]
751416.386: [Full GC 1025663K->1025651K(1025664K), 3.1985031 secs]
751419.593: [Full GC 1025662K->1025655K(1025664K), 3.1973809 secs]
751422.799: [Full GC 1025663K->1025663K(1025664K), 3.2413979 secs]
751426.049: [Full GC 1025663K->1025663K(1025664K), 3.2102738 secs]
751429.267: [Full GC 1025663K->1025663K(1025664K), 3.2185933 secs]
751432.495: [Full GC 1025663K->1025663K(1025664K), 3.2083411 secs]
751435.711: [Full GC 1025663K->1025663K(1025664K), 3.2007960 secs]
751438.921: [Full GC 1025664K->1025663K(1025664K), 3.2051992 secs]
751442.134: [Full GC 1025663K->1025663K(1025664K), 3.1974248 secs]
751445.340: [Full GC 1025663K->1025663K(1025664K), 3.2134693 secs]
751448.562: [Full GC 1025663K->1025663K(1025664K), 3.2019066 secs]
751451.772: [Full GC 1025663K->1025663K(1025664K), 3.2047569 secs]
751454.985: [Full GC 1025663K->1025663K(1025664K), 3.2017679 secs]
751458.196: [Full GC 1025663K->1025654K(1025664K), 3.8714033 secs]
751462.075: [Full GC 1025658K->1025646K(1025664K), 3.2024507 secs]
751465.285: [GC 1025654K(1025664K), 0.7411177 secs]
751467.041: [Full GC 1025656K->1025638K(1025664K), 3.2070508 secs]
751470.257: [Full GC 1025663K->1025639K(1025664K), 3.8676615 secs]
751474.133: [GC 1025639K(1025664K), 0.7304099 secs]
751475.880: [Full GC 1025663K->1025657K(1025664K), 3.2032123 secs]
751479.092: [Full GC 1025663K->1025660K(1025664K), 3.1985383 secs]
751482.300: [Full GC 1025663K->1025659K(1025664K), 3.1993901 secs]
751485.508: [Full GC 1025663K->1025642K(1025664K), 3.2070918 secs]
751488.723: [GC 1025643K(1025664K), 0.7297793 secs]
751490.474: [Full GC 1025663K->1025659K(1025664K), 3.2375085 secs]
751493.720: [Full GC 1025663K->1025659K(1025664K), 3.2123748 secs]
751496.941: [GC 1025659K(1025664K), 0.7301230 secs]
751498.679: [Full GC 1025663K->1025660K(1025664K), 3.2148164 secs]
751501.902: [Full GC 1025663K->1025662K(1025664K), 3.1994102 secs]
751505.110: [Full GC 1025662K->1025661K(1025664K), 3.2028644 secs]
751508.321: [GC 1025661K(1025664K), 0.7303891 secs]
751510.106: [Full GC 1025663K->1025660K(1025664K), 3.2035544 secs]
751513.318: [Full GC 1025663K->1025661K(1025664K), 3.2241176 secs]
751516.551: [GC 1025662K(1025664K), 0.7295636 secs]
751518.323: [Full GC 1025663K->1025661K(1025664K), 3.2054503 secs]
751521.538: [Full GC 1025663K->1025661K(1025664K), 3.1966319 secs]
751524.743: [GC 1025663K(1025664K), 0.7304222 secs]
751526.507: [Full GC 1025663K->1025662K(1025664K), 3.2145960 secs]
751529.730: [Full GC 1025663K->1025662K(1025664K), 3.2046742 secs]
751532.943: [GC 1025662K(1025664K), 0.7301038 secs]
751534.683: [Full GC 1025663K->1025662K(1025664K), 3.2043069 secs]
751537.896: [Full GC 1025663K->1025663K(1025664K), 3.1970774 secs]
751541.102: [Full GC 1025663K->1025663K(1025664K), 3.2009521 secs]
751544.312: [Full GC 1025663K->1025663K(1025664K), 3.1962861 secs]
751547.516: [Full GC 1025663K->1025662K(1025664K), 3.2016115 secs]
751550.726: [Full GC 1025663K->1025662K(1025664K), 3.2242494 secs]
751553.959: [Full GC 1025662K->1025661K(1025664K), 3.2089877 secs]
751557.176: [GC 1025663K(1025664K), 0.7309178 secs]
751558.930: [Full GC 1025663K->1025661K(1025664K), 3.2258727 secs]
751562.164: [Full GC 1025663K->1025662K(1025664K), 3.1998203 secs]
751565.373: [Full GC 1025663K->1025663K(1025664K), 3.2122476 secs]
751568.594: [Full GC 1025663K->1025662K(1025664K), 3.2012921 secs]
751571.804: [Full GC 1025663K->1025663K(1025664K), 3.1968554 secs]
751575.009: [Full GC 1025663K->1025663K(1025664K), 3.2135677 secs]
751578.231: [GC 1025663K(1025664K), 0.7299743 secs]
751579.986: [Full GC 1025663K->1025663K(1025664K), 3.2010294 secs]
751583.196: [Full GC 1025663K->1025663K(1025664K), 3.2059769 secs]
751586.410: [Full GC 1025663K->1025663K(1025664K), 3.1994327 secs]
751589.618: [Full GC 1025663K->1025663K(1025664K), 3.2004783 secs]
751592.828: [Full GC 1025664K->1025661K(1025664K), 3.2007114 secs]
751596.037: [GC 1025662K(1025664K), 0.7306549 secs]
751597.766: [Full GC 1025662K->1025662K(1025664K), 3.1983779 secs]
751600.973: [Full GC 1025662K->1025660K(1025664K), 3.2005562 secs]
751604.182: [Full GC 1025663K->1025661K(1025664K), 3.2035711 secs]
751607.392: [GC 1025661K(1025664K), 0.7320116 secs]
751609.171: [Full GC 1025663K->1025663K(1025664K), 3.2306586 secs]
751612.409: [Full GC 1025664K->1025663K(1025664K), 3.2140418 secs]
751615.630: [Full GC 1025663K->1025663K(1025664K), 3.2035112 secs]
751618.842: [Full GC 1025663K->1025663K(1025664K), 3.2228252 secs]
751622.073: [Full GC 1025663K->1025663K(1025664K), 3.2071467 secs]
751625.289: [GC 1025663K(1025664K), 0.7306694 secs]
751627.029: [Full GC 1025663K->1025663K(1025664K), 3.2094308 secs]
751630.246: [Full GC 1025663K->1025663K(1025664K), 3.2028842 secs]
751633.458: [Full GC 1025663K->1025663K(1025664K), 3.2259773 secs]
751636.692: [GC 1025663K(1025664K), 0.7306967 secs]
751638.434: [Full GC 1025664K->1025659K(1025664K), 3.1987714 secs]
751641.642: [Full GC 1025664K->1025643K(1025664K), 3.2052593 secs]
751644.856: [GC 1025643K(1025664K), 0.7299698 secs]
751646.615: [Full GC 1025656K->1025653K(1025664K), 3.2085071 secs]
751649.837: [Full GC 1025663K->1025663K(1025664K), 3.2024263 secs]
751653.049: [Full GC 1025663K->1025663K(1025664K), 3.1980651 secs]
751656.255: [Full GC 1025663K->1025661K(1025664K), 3.1982417 secs]
751659.462: [Full GC 1025663K->1025662K(1025664K), 3.1995184 secs]
751662.673: [Full GC 1025663K->1025663K(1025664K), 3.1996665 secs]
751665.887: [Full GC 1025663K->1025663K(1025664K), 3.2162314 secs]
751669.112: [Full GC 1025663K->1025663K(1025664K), 3.2161589 secs]
751672.337: [Full GC 1025664K->1025663K(1025664K), 3.2196420 secs]
751675.568: [GC 1025664K(1025664K), 0.7378000 secs]
751677.323: [Full GC 1025664K->1025663K(1025664K), 3.2047131 secs]
751680.537: [Full GC 1025664K->1025663K(1025664K), 3.2039615 secs]
751683.750: [Full GC 1025663K->1025663K(1025664K), 3.1992157 secs]
751686.960: [GC 1025663K(1025664K), 0.7387451 secs]
751688.708: [Full GC 1025663K->1025663K(1025664K), 3.2044708 secs]
751691.922: [Full GC 1025663K->1025663K(1025664K), 3.2050769 secs]
751695.135: [Full GC 1025663K->1025663K(1025664K), 3.2188337 secs]
751698.363: [Full GC 1025663K->1025663K(1025664K), 3.2056868 secs]
751701.576: [Full GC 1025663K->1025663K(1025664K), 3.2046058 secs]
751704.790: [Full GC 1025663K->1025663K(1025664K), 3.2059171 secs]
751708.005: [Full GC 1025663K->1025663K(1025664K), 3.1991923 secs]
751711.212: [Full GC 1025663K->1025663K(1025664K), 3.1971947 secs]
751714.418: [GC 1025663K(1025664K), 0.7301387 secs]
751716.167: [Full GC 1025664K->1025663K(1025664K), 3.2037629 secs]
751719.379: [Full GC 1025663K->1025663K(1025664K), 3.1961821 secs]
751722.584: [Full GC 1025663K->1025663K(1025664K), 3.1993990 secs]
751725.791: [GC 1025663K(1025664K), 0.7308870 secs]
751727.532: [Full GC 1025663K->1025663K(1025664K), 3.2197588 secs]
751730.760: [Full GC 1025663K->1025663K(1025664K), 3.2180473 secs]
751733.986: [Full GC 1025663K->1025663K(1025664K), 3.2123754 secs]
751737.207: [Full GC 1025664K->1025663K(1025664K), 3.1923595 secs]
751740.408: [Full GC 1025663K->1025663K(1025664K), 3.2081171 secs]
751743.624: [Full GC 1025663K->1025663K(1025664K), 3.1974100 secs]
751746.830: [Full GC 1025663K->1025663K(1025664K), 3.2088192 secs]
751750.048: [Full GC 1025663K->1025663K(1025664K), 3.2013497 secs]
751753.257: [Full GC 1025663K->1025663K(1025664K), 3.2168306 secs]
751756.483: [GC 1025663K(1025664K), 0.7330826 secs]
751758.228: [Full GC 1025663K->1025661K(1025664K), 3.2058343 secs]
751761.443: [Full GC 1025663K->1025662K(1025664K), 3.2011998 secs]
751764.653: [Full GC 1025664K->1025663K(1025664K), 3.2272130 secs]
751767.888: [Full GC 1025663K->1025663K(1025664K), 3.2050739 secs]
751771.102: [Full GC 1025663K->1025663K(1025664K), 3.1969181 secs]
751774.307: [Full GC 1025663K->1025663K(1025664K), 3.1979552 secs]
751777.514: [Full GC 1025663K->1025663K(1025664K), 3.1970089 secs]
751780.719: [Full GC 1025663K->1025663K(1025664K), 3.1990015 secs]
751783.927: [Full GC 1025663K->1025663K(1025664K), 3.9351548 secs]
751787.870: [Full GC 1025663K->1025662K(1025664K), 3.2087368 secs]
751791.088: [Full GC 1025664K->1025645K(1025664K), 3.2218945 secs]
751794.318: [GC 1025646K(1025664K), 0.7415161 secs]
751796.083: [Full GC 1025658K->1025644K(1025664K), 3.2089507 secs]
751799.301: [Full GC 1025663K->1025655K(1025664K), 3.2255985 secs]
751802.535: [GC 1025658K(1025664K), 0.7302648 secs]
751804.274: [Full GC 1025663K->1025637K(1025664K), 3.2134377 secs]
751807.497: [Full GC 1025663K->1025651K(1025664K), 3.2010661 secs]
751810.706: [GC 1025651K(1025664K), 0.7308692 secs]
751812.487: [Full GC 1025663K->1025650K(1025664K), 3.2116246 secs]
751815.708: [Full GC 1025663K->1025647K(1025664K), 3.2062544 secs]
751818.923: [GC 1025647K(1025664K), 0.7294328 secs]
751820.664: [Full GC 1025663K->1025653K(1025664K), 3.2089760 secs]
751823.881: [Full GC 1025657K->1025654K(1025664K), 3.2147597 secs]
751827.105: [GC 1025662K(1025664K), 0.7295601 secs]
751828.837: [Full GC 1025662K->1025662K(1025664K), 3.2139001 secs]
751832.058: [Full GC 1025662K->1025641K(1025664K), 3.2023490 secs]
751835.270: [Full GC 1025663K->1025621K(1025664K), 3.1977360 secs]
751838.476: [GC 1025621K(1025664K), 0.7306050 secs]
751840.236: [Full GC 1025663K->1025602K(1025664K), 3.1992063 secs]
751843.445: [Full GC 1025663K->1025618K(1025664K), 3.2055821 secs]
751846.659: [GC 1025618K(1025664K), 0.7376533 secs]
751848.432: [Full GC 1025663K->1025626K(1025664K), 3.2025336 secs]
751851.645: [Full GC 1025663K->1025627K(1025664K), 3.2232789 secs]
751854.876: [GC 1025629K(1025664K), 0.7328080 secs]
751856.630: [Full GC 1025663K->1025611K(1025664K), 3.2045264 secs]
751859.844: [Full GC 1025664K->1025628K(1025664K), 3.2131321 secs]
751863.066: [GC 1025629K(1025664K), 0.7308376 secs]
751864.841: [Full GC 1025634K->1025606K(1025664K), 3.2189395 secs]
751868.071: [Full GC 1025663K->1025625K(1025664K), 3.1991705 secs]
751871.279: [GC 1025627K(1025664K), 0.7295923 secs]
751873.043: [Full GC 1025656K->1025622K(1025664K), 3.2407224 secs]
751876.293: [Full GC 1025663K->1025629K(1025664K), 3.1983741 secs]
751879.500: [GC 1025635K(1025664K), 0.7305506 secs]
751881.285: [Full GC 1025663K->1025653K(1025664K), 3.1999713 secs]
751884.494: [Full GC 1025663K->1025635K(1025664K), 3.2160396 secs]
751887.719: [GC 1025635K(1025664K), 0.7353127 secs]
751889.470: [Full GC 1025662K->1025638K(1025664K), 3.2037318 secs]
751892.683: [Full GC 1025663K->1025630K(1025664K), 3.2008450 secs]
751895.892: [GC 1025630K(1025664K), 0.7298169 secs]
751897.645: [Full GC 1025663K->1025636K(1025664K), 3.1984169 secs]
751900.853: [Full GC 1025662K->1025616K(1025664K), 3.1972637 secs]
751904.058: [GC 1025617K(1025664K), 0.7300270 secs]
751905.809: [Full GC 1025663K->1025637K(1025664K), 3.2117380 secs]
751909.029: [Full GC 1025659K->1025647K(1025664K), 3.2043555 secs]
751912.242: [GC 1025657K(1025664K), 0.7386336 secs]
751914.010: [Full GC 1025663K->1025659K(1025664K), 3.2088858 secs]
751917.228: [Full GC 1025662K->1025661K(1025664K), 3.2036899 secs]
751920.440: [GC 1025662K(1025664K), 0.7304680 secs]
751922.203: [Full GC 1025664K->1025650K(1025664K), 3.2172889 secs]
751925.429: [Full GC 1025664K->1025625K(1025664K), 3.2060748 secs]
751928.643: [GC 1025626K(1025664K), 0.7297399 secs]
751930.402: [Full GC 1025663K->1025626K(1025664K), 3.2025873 secs]
751933.614: [Full GC 1025663K->1025633K(1025664K), 3.2124976 secs]
751936.835: [GC 1025633K(1025664K), 0.7304617 secs]
751938.575: [Full GC 1025663K->1025627K(1025664K), 3.2122521 secs]
751941.797: [Full GC 1025663K->1025616K(1025664K), 3.1972088 secs]
751945.003: [GC 1025616K(1025664K), 0.7328931 secs]
751946.773: [Full GC 1025663K->1025624K(1025664K), 3.2059056 secs]
751949.990: [Full GC 1025663K->1025624K(1025664K), 3.2027751 secs]
751953.201: [GC 1025624K(1025664K), 0.7302454 secs]
751954.942: [Full GC 1025663K->1025631K(1025664K), 3.1991641 secs]
751958.151: [Full GC 1025663K->1025647K(1025664K), 3.1989018 secs]
751961.358: [GC 1025648K(1025664K), 0.7294017 secs]
751963.102: [Full GC 1025663K->1025634K(1025664K), 3.2150430 secs]
751966.326: [Full GC 1025663K->1025651K(1025664K), 3.2073057 secs]
751969.541: [GC 1025652K(1025664K), 0.7306909 secs]
751971.296: [Full GC 1025663K->1025608K(1025664K), 3.2325078 secs]
751974.539: [Full GC 1025663K->1025606K(1025664K), 3.2036190 secs]
751977.751: [GC 1025610K(1025664K), 0.7300830 secs]
751979.497: [Full GC 1025663K->1025616K(1025664K), 3.2164455 secs]
751983.732: [Full GC 1025635K->1025593K(1025664K), 3.2067191 secs]
751986.947: [GC 1025593K(1025664K), 0.7301513 secs]
751988.683: [Full GC 1025663K->1025609K(1025664K), 3.2019347 secs]
751991.895: [Full GC 1025663K->1025619K(1025664K), 3.2095175 secs]
751995.113: [GC 1025619K(1025664K), 0.7347793 secs]
751996.869: [Full GC 1025664K->1025623K(1025664K), 3.2138611 secs]
752000.093: [Full GC 1025663K->1025616K(1025664K), 3.2124433 secs]
752003.313: [GC 1025618K(1025664K), 0.7304317 secs]
752005.067: [Full GC 1025664K->1025623K(1025664K), 3.2141977 secs]
752008.293: [Full GC 1025663K->1025624K(1025664K), 3.2024676 secs]
752011.504: [GC 1025624K(1025664K), 0.7306733 secs]
752013.249: [Full GC 1025663K->1025626K(1025664K), 3.2058945 secs]
752016.465: [Full GC 1025664K->1025640K(1025664K), 3.2034150 secs]
752019.677: [GC 1025640K(1025664K), 0.7298752 secs]
752021.448: [Full GC 1025661K->1025627K(1025664K), 3.2044282 secs]
752024.663: [Full GC 1025663K->1025622K(1025664K), 3.2015584 secs]
752027.873: [GC 1025622K(1025664K), 0.7384827 secs]
752029.632: [Full GC 1025663K->1025644K(1025664K), 3.2282935 secs]
752032.869: [Full GC 1025662K->1025647K(1025664K), 3.2161650 secs]
752036.094: [GC 1025649K(1025664K), 0.7307043 secs]
752037.826: [Full GC 1025663K->1025637K(1025664K), 3.2140448 secs]
752041.049: [Full GC 1025663K->1025604K(1025664K), 3.2025448 secs]
752044.260: [GC 1025604K(1025664K), 0.7310494 secs]
752048.522: [Full GC 1025633K->1025585K(1025664K), 3.1992291 secs]
752051.732: [Full GC 1025657K->1025603K(1025664K), 3.2051651 secs]
752054.946: [GC 1025611K(1025664K), 0.7296847 secs]
752056.692: [Full GC 1025663K->1025620K(1025664K), 3.2189569 secs]
752059.921: [Full GC 1025657K->1025601K(1025664K), 3.2017873 secs]
752063.131: [GC 1025609K(1025664K), 0.7299836 secs]
752064.875: [Full GC 1025660K->1025604K(1025664K), 3.2152641 secs]
752068.101: [Full GC 1025663K->1025631K(1025664K), 3.1993368 secs]
752071.308: [GC 1025633K(1025664K), 0.7311266 secs]
752073.063: [Full GC 1025663K->1025656K(1025664K), 3.2101954 secs]
752076.282: [Full GC 1025663K->1025633K(1025664K), 3.2017677 secs]
752079.492: [GC 1025633K(1025664K), 0.7303065 secs]
752081.238: [Full GC 1025664K->1025656K(1025664K), 3.2081703 secs]
752084.456: [Full GC 1025663K->1025636K(1025664K), 3.2012148 secs]
752087.665: [GC 1025636K(1025664K), 0.7310208 secs]
752089.412: [Full GC 1025661K->1025611K(1025664K), 3.2223349 secs]
752092.645: [Full GC 1025663K->1025604K(1025664K), 3.2136082 secs]
752095.867: [GC 1025605K(1025664K), 0.7402344 secs]
752097.622: [Full GC 1025663K->1025618K(1025664K), 3.2060699 secs]
752101.842: [Full GC 1025635K->1025596K(1025664K), 3.2044110 secs]
752105.055: [GC 1025596K(1025664K), 0.7305652 secs]
752106.799: [Full GC 1025662K->1025649K(1025664K), 3.2060074 secs]
752110.014: [Full GC 1025663K->1025646K(1025664K), 3.2033470 secs]
752113.226: [GC 1025646K(1025664K), 0.7298741 secs]
752114.992: [Full GC 1025657K->1025657K(1025664K), 3.2048316 secs]
752118.205: [Full GC 1025657K->1025653K(1025664K), 3.2099655 secs]
752121.424: [Full GC 1025663K->1025661K(1025664K), 3.2009134 secs]
752124.633: [GC 1025661K(1025664K), 0.7297285 secs]
752126.381: [Full GC 1025663K->1025662K(1025664K), 3.1977720 secs]
752129.587: [Full GC 1025663K->1025663K(1025664K), 3.1985246 secs]
752132.794: [Full GC 1025663K->1025663K(1025664K), 3.2026011 secs]
752136.005: [GC 1025663K(1025664K), 0.7299154 secs]
752137.763: [Full GC 1025663K->1025645K(1025664K), 3.1990228 secs]
752140.971: [Full GC 1025658K->1025647K(1025664K), 3.1989449 secs]
752144.178: [Full GC 1025656K->1025656K(1025664K), 3.1996423 secs]
752147.386: [Full GC 1025656K->1025651K(1025664K), 3.2105926 secs]
752150.605: [Full GC 1025663K->1025660K(1025664K), 3.2368096 secs]
752153.851: [Full GC 1025663K->1025661K(1025664K), 3.2186067 secs]
752157.078: [Full GC 1025663K->1025663K(1025664K), 3.2036368 secs]
752160.290: [Full GC 1025663K->1025663K(1025664K), 3.2200735 secs]
752163.518: [Full GC 1025663K->1025663K(1025664K), 3.2111428 secs]
752166.738: [Full GC 1025663K->1025663K(1025664K), 3.2181102 secs]
752169.965: [Full GC 1025663K->1025663K(1025664K), 3.2224413 secs]
752173.195: [Full GC 1025663K->1025663K(1025664K), 3.2286900 secs]
752176.432: [Full GC 1025663K->1025663K(1025664K), 3.2172716 secs]
752179.658: [Full GC 1025663K->1025663K(1025664K), 3.2233950 secs]
752182.890: [Full GC 1025663K->1025661K(1025664K), 3.2215604 secs]
752186.120: [GC 1025661K(1025664K), 0.7332584 secs]
752187.870: [Full GC 1025663K->1025661K(1025664K), 3.2149687 secs]
752191.094: [Full GC 1025663K->1025661K(1025664K), 3.2128073 secs]
752194.315: [Full GC 1025661K->1025661K(1025664K), 3.2202524 secs]
752197.543: [GC 1025662K(1025664K), 0.7349536 secs]
752199.306: [Full GC 1025663K->1025644K(1025664K), 3.2248451 secs]
752202.540: [Full GC 1025656K->1025649K(1025664K), 3.2182388 secs]
752205.767: [Full GC 1025658K->1025657K(1025664K), 3.2277046 secs]
752209.003: [Full GC 1025657K->1025654K(1025664K), 3.2500274 secs]
752212.261: [GC 1025662K(1025664K), 0.7433652 secs]
752214.020: [Full GC 1025663K->1025663K(1025664K), 3.2266054 secs]
752217.255: [Full GC 1025663K->1025663K(1025664K), 3.2306728 secs]
752220.495: [Full GC 1025663K->1025646K(1025664K), 3.2184030 secs]
752223.721: [GC 1025650K(1025664K), 0.7350020 secs]
752225.496: [Full GC 1025660K->1025656K(1025664K), 3.2318501 secs]
752228.736: [Full GC 1025656K->1025656K(1025664K), 3.2141737 secs]
752231.959: [GC 1025658K(1025664K), 0.7443948 secs]
752233.724: [Full GC 1025659K->1025648K(1025664K), 3.2311516 secs]
752236.964: [Full GC 1025658K->1025656K(1025664K), 3.2179009 secs]
752240.190: [Full GC 1025656K->1025656K(1025664K), 3.2124778 secs]
752243.411: [GC 1025656K(1025664K), 0.7318486 secs]
752245.153: [Full GC 1025663K->1025648K(1025664K), 3.2222862 secs]
752248.384: [Full GC 1025663K->1025651K(1025664K), 3.2247437 secs]
752251.617: [GC 1025652K(1025664K), 0.7372911 secs]
752253.371: [Full GC 1025663K->1025661K(1025664K), 3.2302369 secs]
752256.609: [Full GC 1025661K->1025654K(1025664K), 3.2190863 secs]
752259.837: [Full GC 1025663K->1025663K(1025664K), 3.2108392 secs]
752263.057: [Full GC 1025663K->1025663K(1025664K), 3.2072970 secs]
752266.272: [Full GC 1025664K->1025664K(1025664K), 3.2275803 secs]
752269.508: [Full GC 1025664K->1025664K(1025664K), 3.2323891 secs]
752272.749: [Full GC 1025664K->1025647K(1025664K), 3.2303254 secs]
752275.988: [Full GC 1025663K->1025659K(1025664K), 3.2195920 secs]
752279.216: [GC 1025659K(1025664K), 0.7318930 secs]
752280.975: [Full GC 1025660K->1025659K(1025664K), 3.2271775 secs]
752284.210: [Full GC 1025659K->1025655K(1025664K), 3.2276971 secs]
752287.446: [Full GC 1025663K->1025663K(1025664K), 3.2197506 secs]
752290.674: [Full GC 1025663K->1025663K(1025664K), 3.2206448 secs]
752293.903: [Full GC 1025663K->1025663K(1025664K), 3.2249969 secs]
752297.136: [Full GC 1025663K->1025663K(1025664K), 3.2212390 secs]
752300.366: [Full GC 1025663K->1025663K(1025664K), 3.2239882 secs]
752303.599: [Full GC 1025663K->1025663K(1025664K), 3.2248907 secs]
752306.832: [GC 1025663K(1025664K), 0.7409709 secs]
752308.611: [Full GC 1025663K->1025663K(1025664K), 3.2238691 secs]
752311.843: [Full GC 1025663K->1025663K(1025664K), 3.2205842 secs]
752315.071: [Full GC 1025663K->1025663K(1025664K), 3.2155471 secs]
752318.295: [Full GC 1025663K->1025663K(1025664K), 3.2127987 secs]
752321.516: [Full GC 1025663K->1025646K(1025664K), 3.2130055 secs]
752324.738: [GC 1025648K(1025664K), 0.7335455 secs]
752326.500: [Full GC 1025662K->1025623K(1025664K), 3.2354588 secs]
752329.745: [Full GC 1025663K->1025648K(1025664K), 3.2334816 secs]
752332.987: [GC 1025648K(1025664K), 0.7459562 secs]
752334.749: [Full GC 1025663K->1025648K(1025664K), 3.2345139 secs]
752337.992: [Full GC 1025659K->1025659K(1025664K), 3.2186745 secs]
752341.219: [Full GC 1025659K->1025656K(1025664K), 3.2257705 secs]
752344.453: [GC 1025656K(1025664K), 0.7332627 secs]
752346.216: [Full GC 1025664K->1025645K(1025664K), 3.2336241 secs]
752349.458: [Full GC 1025663K->1025646K(1025664K), 3.2167682 secs]
752352.683: [GC 1025646K(1025664K), 0.7357865 secs]
752354.442: [Full GC 1025663K->1025647K(1025664K), 3.2300757 secs]
752357.681: [Full GC 1025663K->1025652K(1025664K), 3.2125851 secs]
752360.902: [GC 1025653K(1025664K), 0.7367853 secs]
752362.679: [Full GC 1025663K->1025621K(1025664K), 3.2307916 secs]
752365.919: [Full GC 1025663K->1025605K(1025664K), 3.2276364 secs]
752369.154: [GC 1025613K(1025664K), 0.7358691 secs]
752370.936: [Full GC 1025663K->1025616K(1025664K), 3.2154202 secs]
752374.170: [Full GC 1025663K->1025625K(1025664K), 3.2106984 secs]
752377.389: [GC 1025625K(1025664K), 0.7293341 secs]
752379.124: [Full GC 1025661K->1025644K(1025664K), 3.2098064 secs]
752382.343: [Full GC 1025663K->1025635K(1025664K), 3.2302464 secs]
752385.582: [GC 1025635K(1025664K), 0.7312434 secs]
752387.329: [Full GC 1025663K->1025623K(1025664K), 3.2197371 secs]
752390.558: [Full GC 1025663K->1025643K(1025664K), 3.2324310 secs]
752393.799: [GC 1025643K(1025664K), 0.7489851 secs]
752395.567: [Full GC 1025663K->1025628K(1025664K), 3.2246380 secs]
752398.800: [Full GC 1025663K->1025641K(1025664K), 3.2406958 secs]
752402.050: [GC 1025649K(1025664K), 0.7368934 secs]
752403.799: [Full GC 1025663K->1025645K(1025664K), 3.2128444 secs]
752407.020: [Full GC 1025660K->1025649K(1025664K), 3.2196636 secs]
752410.248: [GC 1025658K(1025664K), 0.7342796 secs]
752412.005: [Full GC 1025663K->1025634K(1025664K), 3.2177780 secs]
752415.232: [Full GC 1025664K->1025651K(1025664K), 3.2547402 secs]
752418.495: [GC 1025651K(1025664K), 0.7378025 secs]
752420.253: [Full GC 1025662K->1025657K(1025664K), 3.2192894 secs]
752423.480: [Full GC 1025657K->1025656K(1025664K), 3.2371467 secs]
752426.726: [GC 1025661K(1025664K), 0.7334655 secs]
752428.472: [Full GC 1025662K->1025630K(1025664K), 3.8930473 secs]
752432.374: [Full GC 1025647K->1025646K(1025664K), 3.2236269 secs]
752435.606: [GC 1025650K(1025664K), 0.7536093 secs]
752437.387: [Full GC 1025663K->1025636K(1025664K), 3.2489887 secs]
752440.645: [Full GC 1025663K->1025629K(1025664K), 3.2195293 secs]
752443.873: [GC 1025630K(1025664K), 0.7347602 secs]
752445.639: [Full GC 1025663K->1025627K(1025664K), 3.2399256 secs]
752448.888: [Full GC 1025663K->1025632K(1025664K), 3.2137889 secs]
752452.111: [GC 1025632K(1025664K), 0.7455627 secs]
752453.890: [Full GC 1025657K->1025617K(1025664K), 3.2301735 secs]
752457.130: [Full GC 1025663K->1025641K(1025664K), 3.2132447 secs]
752460.352: [GC 1025641K(1025664K), 0.7300824 secs]
752462.134: [Full GC 1025663K->1025625K(1025664K), 3.2219215 secs]
752465.365: [Full GC 1025662K->1025604K(1025664K), 3.2273023 secs]
752468.601: [GC 1025612K(1025664K), 0.7386175 secs]
752470.357: [Full GC 1025659K->1025606K(1025664K), 3.2187428 secs]
752473.585: [Full GC 1025663K->1025627K(1025664K), 3.2321640 secs]
752476.825: [GC 1025629K(1025664K), 0.7334699 secs]
752478.576: [Full GC 1025663K->1025645K(1025664K), 3.2237247 secs]
752481.809: [Full GC 1025660K->1025610K(1025664K), 3.2123356 secs]
752485.030: [GC 1025618K(1025664K), 0.7459613 secs]
752486.792: [Full GC 1025663K->1025620K(1025664K), 3.2226764 secs]
752490.023: [Full GC 1025663K->1025601K(1025664K), 3.2199955 secs]
752493.252: [GC 1025601K(1025664K), 0.7288701 secs]
752495.022: [Full GC 1025601K->1025597K(1025664K), 3.2177900 secs]
752498.250: [Full GC 1025656K->1025599K(1025664K), 3.2130326 secs]
752501.471: [GC 1025607K(1025664K), 0.7340091 secs]
752503.241: [Full GC 1025663K->1025625K(1025664K), 3.2236026 secs]
752506.474: [Full GC 1025663K->1025640K(1025664K), 3.2182171 secs]
752509.700: [GC 1025640K(1025664K), 0.7355607 secs]
752511.475: [Full GC 1025663K->1025627K(1025664K), 3.2433452 secs]
752514.732: [Full GC 1025663K->1025608K(1025664K), 3.2241332 secs]
752517.965: [GC 1025616K(1025664K), 0.7345011 secs]
752519.729: [Full GC 1025663K->1025611K(1025664K), 3.2345541 secs]
752522.974: [Full GC 1025663K->1025607K(1025664K), 3.2220760 secs]
752526.204: [GC 1025607K(1025664K), 0.7376184 secs]
752527.971: [Full GC 1025660K->1025609K(1025664K), 3.2151428 secs]
752532.202: [Full GC 1025655K->1025599K(1025664K), 3.2196433 secs]
752535.430: [GC 1025599K(1025664K), 0.7373831 secs]
752537.196: [Full GC 1025658K->1025606K(1025664K), 3.2155814 secs]
752540.422: [Full GC 1025663K->1025629K(1025664K), 3.2122000 secs]
752543.642: [GC 1025629K(1025664K), 0.7364740 secs]
752545.394: [Full GC 1025663K->1025646K(1025664K), 3.2291936 secs]
752548.633: [Full GC 1025663K->1025624K(1025664K), 3.2170233 secs]
752551.858: [GC 1025624K(1025664K), 0.7332059 secs]
752553.602: [Full GC 1025664K->1025621K(1025664K), 3.2157180 secs]
752556.827: [Full GC 1025663K->1025622K(1025664K), 3.2094296 secs]
752560.045: [GC 1025622K(1025664K), 0.7371143 secs]
752561.794: [Full GC 1025663K->1025619K(1025664K), 3.2134448 secs]
752565.018: [Full GC 1025656K->1025608K(1025664K), 3.2075569 secs]
752568.234: [GC 1025616K(1025664K), 0.7420872 secs]
752569.997: [Full GC 1025661K->1025609K(1025664K), 3.2354290 secs]
752574.242: [Full GC 1025653K->1025599K(1025664K), 3.2182562 secs]
752577.469: [GC 1025599K(1025664K), 0.7324800 secs]
752579.218: [Full GC 1025658K->1025606K(1025664K), 3.2219460 secs]
752582.448: [Full GC 1025663K->1025626K(1025664K), 3.2145737 secs]
752585.671: [GC 1025626K(1025664K), 0.7392543 secs]
752587.449: [Full GC 1025664K->1025629K(1025664K), 3.2216300 secs]
752590.680: [Full GC 1025663K->1025641K(1025664K), 3.2199382 secs]
752593.908: [GC 1025641K(1025664K), 0.7342023 secs]
752595.679: [Full GC 1025663K->1025628K(1025664K), 3.2383892 secs]
752598.927: [Full GC 1025662K->1025622K(1025664K), 3.2178428 secs]
752602.153: [GC 1025623K(1025664K), 0.7334938 secs]
752603.894: [Full GC 1025663K->1025613K(1025664K), 3.2284261 secs]
752607.133: [Full GC 1025656K->1025608K(1025664K), 3.2163921 secs]
752610.358: [GC 1025616K(1025664K), 0.7298312 secs]
752612.148: [Full GC 1025663K->1025605K(1025664K), 3.2204280 secs]
752615.377: [Full GC 1025662K->1025617K(1025664K), 3.2083751 secs]
752618.594: [GC 1025618K(1025664K), 0.7344717 secs]
752620.342: [Full GC 1025623K->1025618K(1025664K), 3.2290043 secs]
752623.581: [Full GC 1025664K->1025622K(1025664K), 3.2212176 secs]
752626.811: [GC 1025623K(1025664K), 0.7375194 secs]
752628.571: [Full GC 1025663K->1025603K(1025664K), 3.2201310 secs]
752631.801: [Full GC 1025664K->1025620K(1025664K), 3.2366421 secs]
752635.046: [GC 1025620K(1025664K), 0.7341603 secs]
752636.811: [Full GC 1025662K->1025628K(1025664K), 3.2228672 secs]
752640.043: [Full GC 1025662K->1025622K(1025664K), 3.2250910 secs]
752643.277: [GC 1025623K(1025664K), 0.7298896 secs]
752645.023: [Full GC 1025663K->1025620K(1025664K), 3.2289616 secs]
752648.262: [Full GC 1025663K->1025612K(1025664K), 3.2113824 secs]
752651.482: [GC 1025612K(1025664K), 0.7344546 secs]
752653.241: [Full GC 1025663K->1025610K(1025664K), 3.2609722 secs]
752656.511: [Full GC 1025663K->1025645K(1025664K), 3.2115923 secs]
752659.731: [GC 1025658K(1025664K), 0.7426146 secs]
752661.490: [Full GC 1025663K->1025600K(1025664K), 3.2203466 secs]
752664.719: [Full GC 1025608K->1025606K(1025664K), 3.2318946 secs]
752667.959: [GC 1025606K(1025664K), 0.7348876 secs]
752669.749: [Full GC 1025663K->1025619K(1025664K), 3.2148577 secs]
752672.972: [Full GC 1025663K->1025615K(1025664K), 3.2110055 secs]
752676.191: [GC 1025615K(1025664K), 0.7322657 secs]
752677.953: [Full GC 1025663K->1025640K(1025664K), 3.2089826 secs]
752681.171: [Full GC 1025663K->1025642K(1025664K), 3.2111173 secs]
752684.391: [GC 1025643K(1025664K), 0.7289677 secs]
752686.147: [Full GC 1025663K->1025643K(1025664K), 3.2377017 secs]
752689.394: [Full GC 1025663K->1025649K(1025664K), 3.2366734 secs]
752692.639: [GC 1025649K(1025664K), 0.7431350 secs]
752694.423: [Full GC 1025663K->1025649K(1025664K), 3.2192092 secs]
752697.651: [Full GC 1025663K->1025643K(1025664K), 3.2195077 secs]
752700.879: [GC 1025651K(1025664K), 0.7539837 secs]
752702.650: [Full GC 1025663K->1025639K(1025664K), 3.2172423 secs]
752705.876: [Full GC 1025663K->1025636K(1025664K), 3.2232257 secs]
752709.108: [GC 1025638K(1025664K), 0.7354021 secs]
752710.862: [Full GC 1025656K->1025643K(1025664K), 3.2344894 secs]
752714.105: [Full GC 1025663K->1025652K(1025664K), 3.2292780 secs]
752717.343: [GC 1025654K(1025664K), 0.7307784 secs]
752719.134: [Full GC 1025663K->1025633K(1025664K), 3.2232677 secs]
752722.367: [Full GC 1025663K->1025631K(1025664K), 3.2173345 secs]
752725.592: [GC 1025631K(1025664K), 0.7367181 secs]
752727.372: [Full GC 1025661K->1025615K(1025664K), 3.2205405 secs]
752730.603: [Full GC 1025663K->1025643K(1025664K), 3.2110793 secs]
752733.822: [GC 1025643K(1025664K), 0.7360827 secs]
752735.570: [Full GC 1025663K->1025633K(1025664K), 3.2306104 secs]
752738.810: [Full GC 1025663K->1025641K(1025664K), 3.2100320 secs]
752742.028: [GC 1025643K(1025664K), 0.7366441 secs]
752743.767: [Full GC 1025663K->1025610K(1025664K), 3.2226269 secs]
752746.999: [Full GC 1025663K->1025620K(1025664K), 3.2244490 secs]
752750.232: [GC 1025620K(1025664K), 0.7308728 secs]
752751.986: [Full GC 1025652K->1025597K(1025664K), 3.2559515 secs]
752755.262: [Full GC 1025656K->1025600K(1025664K), 3.2170329 secs]
752758.487: [GC 1025608K(1025664K), 0.7356935 secs]
752760.275: [Full GC 1025663K->1025621K(1025664K), 3.2307234 secs]
752763.515: [Full GC 1025664K->1025603K(1025664K), 3.2230679 secs]
752766.747: [GC 1025611K(1025664K), 0.7352385 secs]
752768.525: [Full GC 1025659K->1025607K(1025664K), 3.2152267 secs]
752771.751: [Full GC 1025663K->1025610K(1025664K), 3.2164489 secs]
752774.976: [GC 1025610K(1025664K), 0.7456339 secs]
752776.743: [Full GC 1025663K->1025643K(1025664K), 3.2253468 secs]
752779.978: [Full GC 1025663K->1025635K(1025664K), 3.2273366 secs]
752783.213: [GC 1025635K(1025664K), 0.7302955 secs]
752784.993: [Full GC 1025663K->1025619K(1025664K), 3.2341313 secs]
752788.235: [Full GC 1025619K->1025611K(1025664K), 3.2209352 secs]
752791.465: [GC 1025611K(1025664K), 0.7331135 secs]
752793.226: [Full GC 1025663K->1025609K(1025664K), 3.2173978 secs]
752796.453: [Full GC 1025662K->1025616K(1025664K), 3.2205077 secs]
752799.682: [GC 1025618K(1025664K), 0.7399434 secs]
752801.447: [Full GC 1025663K->1025623K(1025664K), 3.2178562 secs]
752804.674: [Full GC 1025659K->1025609K(1025664K), 3.2124090 secs]
752807.894: [GC 1025617K(1025664K), 0.7427369 secs]
752809.656: [Full GC 1025656K->1025605K(1025664K), 3.2362707 secs]
752812.901: [Full GC 1025662K->1025629K(1025664K), 3.2192437 secs]
752816.129: [GC 1025631K(1025664K), 0.7484950 secs]
752817.907: [Full GC 1025657K->1025613K(1025664K), 3.2401343 secs]
752821.157: [Full GC 1025663K->1025611K(1025664K), 3.2203677 secs]
752824.386: [GC 1025614K(1025664K), 0.7302297 secs]
752826.145: [Full GC 1025659K->1025628K(1025664K), 3.2455178 secs]
752830.402: [Full GC 1025651K->1025600K(1025664K), 3.2159351 secs]
752833.626: [GC 1025600K(1025664K), 0.7379132 secs]
752835.392: [Full GC 1025659K->1025604K(1025664K), 3.2253641 secs]
752838.627: [Full GC 1025662K->1025621K(1025664K), 3.2133970 secs]
752841.849: [GC 1025622K(1025664K), 0.7362008 secs]
752843.638: [Full GC 1025663K->1025628K(1025664K), 3.2418344 secs]
752846.888: [Full GC 1025663K->1025631K(1025664K), 3.2131398 secs]
752850.110: [GC 1025633K(1025664K), 0.7373614 secs]
752851.873: [Full GC 1025663K->1025625K(1025664K), 3.2195674 secs]
752855.110: [Full GC 1025663K->1025606K(1025664K), 3.2104087 secs]
752858.329: [GC 1025607K(1025664K), 0.7300781 secs]
752860.115: [Full GC 1025663K->1025609K(1025664K), 3.2251579 secs]
752863.349: [Full GC 1025663K->1025617K(1025664K), 3.2122344 secs]
752866.570: [GC 1025619K(1025664K), 0.7370879 secs]
752868.388: [Full GC 1025619K->1025609K(1025664K), 3.2211428 secs]
752871.619: [Full GC 1025662K->1025615K(1025664K), 3.2474694 secs]
752874.875: [GC 1025616K(1025664K), 0.7294633 secs]
752876.634: [Full GC 1025663K->1025618K(1025664K), 3.2154566 secs]
752879.859: [Full GC 1025663K->1025622K(1025664K), 3.2395787 secs]
752883.107: [GC 1025622K(1025664K), 0.7342420 secs]
752884.875: [Full GC 1025663K->1025649K(1025664K), 3.2259161 secs]
752888.110: [Full GC 1025663K->1025601K(1025664K), 3.2177495 secs]
752891.335: [GC 1025609K(1025664K), 0.7328093 secs]
752893.089: [Full GC 1025657K->1025605K(1025664K), 3.2224341 secs]
752896.322: [Full GC 1025663K->1025613K(1025664K), 3.2249649 secs]
752899.555: [GC 1025614K(1025664K), 0.7342556 secs]
752901.307: [Full GC 1025659K->1025611K(1025664K), 3.2263407 secs]
752904.542: [Full GC 1025663K->1025641K(1025664K), 3.2234789 secs]
752907.774: [GC 1025645K(1025664K), 0.7365582 secs]
752909.515: [Full GC 1025663K->1025621K(1025664K), 3.2237409 secs]
752912.748: [Full GC 1025626K->1025618K(1025664K), 3.2114616 secs]
752915.968: [GC 1025618K(1025664K), 0.7344135 secs]
752917.742: [Full GC 1025663K->1025623K(1025664K), 3.2084843 secs]
752920.960: [Full GC 1025661K->1025613K(1025664K), 3.2120164 secs]
752924.180: [GC 1025621K(1025664K), 0.7323585 secs]
752925.934: [Full GC 1025663K->1025619K(1025664K), 3.2293008 secs]
752929.173: [Full GC 1025664K->1025627K(1025664K), 3.2338220 secs]
752932.415: [GC 1025627K(1025664K), 0.7477615 secs]
752934.186: [Full GC 1025663K->1025622K(1025664K), 3.2337004 secs]
752937.431: [Full GC 1025661K->1025614K(1025664K), 3.2311425 secs]
752940.670: [GC 1025622K(1025664K), 0.7447769 secs]
752942.452: [Full GC 1025663K->1025634K(1025664K), 3.2334749 secs]
752945.696: [Full GC 1025663K->1025628K(1025664K), 3.2207553 secs]
752948.925: [GC 1025629K(1025664K), 0.7346382 secs]
752950.693: [Full GC 1025663K->1025613K(1025664K), 3.2182009 secs]
752953.920: [Full GC 1025662K->1025620K(1025664K), 3.2295114 secs]
752957.158: [GC 1025621K(1025664K), 0.7347532 secs]
752958.941: [Full GC 1025663K->1025602K(1025664K), 3.2102597 secs]
752962.162: [Full GC 1025661K->1025606K(1025664K), 3.2198040 secs]
752965.390: [GC 1025614K(1025664K), 0.7402664 secs]
752967.153: [Full GC 1025663K->1025623K(1025664K), 3.2194592 secs]
752970.382: [Full GC 1025663K->1025628K(1025664K), 3.2512952 secs]
752973.642: [GC 1025629K(1025664K), 0.7440863 secs]
752975.404: [Full GC 1025663K->1025626K(1025664K), 3.2224319 secs]
752978.636: [Full GC 1025663K->1025646K(1025664K), 3.2123474 secs]
752981.857: [GC 1025647K(1025664K), 0.7327234 secs]
752983.646: [Full GC 1025661K->1025655K(1025664K), 3.2290498 secs]
752986.884: [Full GC 1025663K->1025656K(1025664K), 3.2246534 secs]
752990.117: [GC 1025657K(1025664K), 0.7377230 secs]
752991.890: [Full GC 1025663K->1025662K(1025664K), 3.2372447 secs]
752995.136: [Full GC 1025663K->1025652K(1025664K), 3.2192880 secs]
752998.363: [GC 1025653K(1025664K), 0.7304540 secs]
753000.126: [Full GC 1025663K->1025613K(1025664K), 3.2320046 secs]
753003.367: [Full GC 1025662K->1025616K(1025664K), 3.2255703 secs]
753006.601: [GC 1025624K(1025664K), 0.7443839 secs]
753008.369: [Full GC 1025663K->1025641K(1025664K), 3.2206302 secs]
753011.599: [Full GC 1025663K->1025646K(1025664K), 3.2147889 secs]
753014.822: [GC 1025647K(1025664K), 0.7404171 secs]
753016.593: [Full GC 1025663K->1025650K(1025664K), 3.2252186 secs]
753019.827: [Full GC 1025660K->1025625K(1025664K), 3.2237116 secs]
753023.059: [GC 1025633K(1025664K), 0.7367687 secs]
753024.824: [Full GC 1025663K->1025628K(1025664K), 3.2433446 secs]
753028.076: [Full GC 1025663K->1025642K(1025664K), 3.2167953 secs]
753031.301: [GC 1025644K(1025664K), 0.7292321 secs]
753033.086: [Full GC 1025663K->1025627K(1025664K), 3.2147089 secs]
753036.309: [Full GC 1025637K->1025618K(1025664K), 3.2136558 secs]
753039.531: [GC 1025624K(1025664K), 0.7351112 secs]
753041.285: [Full GC 1025663K->1025609K(1025664K), 3.2299435 secs]
753044.524: [Full GC 1025663K->1025617K(1025664K), 3.2184968 secs]
753047.751: [GC 1025617K(1025664K), 0.7445998 secs]
753049.517: [Full GC 1025663K->1025621K(1025664K), 3.2485499 secs]
753052.775: [Full GC 1025663K->1025628K(1025664K), 3.2358573 secs]
753056.020: [GC 1025629K(1025664K), 0.7355637 secs]
753057.766: [Full GC 1025657K->1025612K(1025664K), 3.2278750 secs]
753061.007: [Full GC 1025659K->1025608K(1025664K), 3.2300909 secs]
753064.245: [GC 1025616K(1025664K), 0.7298243 secs]
753066.033: [Full GC 1025663K->1025619K(1025664K), 3.2283038 secs]
753069.271: [Full GC 1025662K->1025614K(1025664K), 3.2169892 secs]
753072.497: [GC 1025617K(1025664K), 0.7356335 secs]
753074.250: [Full GC 1025663K->1025649K(1025664K), 3.2381072 secs]
753077.497: [Full GC 1025663K->1025622K(1025664K), 3.2175683 secs]
753080.723: [Full GC 1025630K->1025620K(1025664K), 3.2192687 secs]
753083.952: [Full GC 1025662K->1025625K(1025664K), 3.2299908 secs]
753087.190: [GC 1025633K(1025664K), 0.7353114 secs]
753088.957: [Full GC 1025664K->1025613K(1025664K), 3.2316042 secs]
753092.198: [Full GC 1025663K->1025620K(1025664K), 3.2185380 secs]
753095.425: [GC 1025620K(1025664K), 0.7316848 secs]
753097.175: [Full GC 1025663K->1025622K(1025664K), 3.2221738 secs]
753100.407: [Full GC 1025660K->1025605K(1025664K), 3.2255394 secs]
753103.641: [GC 1025613K(1025664K), 0.7380849 secs]
753105.418: [Full GC 1025660K->1025609K(1025664K), 3.2189546 secs]
753108.647: [Full GC 1025663K->1025620K(1025664K), 3.2319595 secs]
753111.888: [GC 1025620K(1025664K), 0.7489010 secs]
753113.661: [Full GC 1025658K->1025645K(1025664K), 3.2377201 secs]
753116.908: [Full GC 1025663K->1025615K(1025664K), 3.2140750 secs]
753120.131: [GC 1025615K(1025664K), 0.7362795 secs]
753121.894: [Full GC 1025663K->1025631K(1025664K), 3.2205809 secs]
753125.124: [Full GC 1025663K->1025642K(1025664K), 3.2238085 secs]
753128.356: [GC 1025642K(1025664K), 0.7315680 secs]
753130.125: [Full GC 1025657K->1025601K(1025664K), 3.2167525 secs]
753133.354: [Full GC 1025660K->1025599K(1025664K), 3.2244217 secs]
753136.587: [GC 1025607K(1025664K), 0.7362313 secs]
753138.347: [Full GC 1025663K->1025624K(1025664K), 3.2262523 secs]
753141.583: [Full GC 1025663K->1025606K(1025664K), 3.2188963 secs]
753144.810: [GC 1025606K(1025664K), 0.7344668 secs]
753146.578: [Full GC 1025663K->1025610K(1025664K), 3.2072023 secs]
753149.795: [Full GC 1025661K->1025610K(1025664K), 3.2146842 secs]
753153.018: [GC 1025618K(1025664K), 0.7349810 secs]
753154.768: [Full GC 1025663K->1025611K(1025664K), 3.2211556 secs]
753159.002: [Full GC 1025654K->1025602K(1025664K), 3.2213923 secs]
753162.232: [GC 1025602K(1025664K), 0.7294872 secs]
753164.000: [Full GC 1025662K->1025625K(1025664K), 3.2184200 secs]
753167.229: [Full GC 1025663K->1025614K(1025664K), 3.2397879 secs]
753170.477: [GC 1025614K(1025664K), 0.7382869 secs]
753172.266: [Full GC 1025663K->1025623K(1025664K), 3.2205696 secs]
753175.496: [Full GC 1025663K->1025605K(1025664K), 3.2127718 secs]
753178.717: [GC 1025614K(1025664K), 0.7324856 secs]
753180.457: [Full GC 1025661K->1025609K(1025664K), 3.2171390 secs]
753183.684: [Full GC 1025661K->1025610K(1025664K), 3.2142322 secs]
753186.905: [GC 1025618K(1025664K), 0.7415492 secs]
753188.666: [Full GC 1025663K->1025607K(1025664K), 3.2247101 secs]
753192.902: [Full GC 1025651K->1025601K(1025664K), 3.2269159 secs]
753196.137: [GC 1025601K(1025664K), 0.7321827 secs]
753197.889: [Full GC 1025662K->1025625K(1025664K), 3.2139149 secs]
753201.112: [Full GC 1025663K->1025614K(1025664K), 3.2207600 secs]
753204.341: [GC 1025614K(1025664K), 0.7326932 secs]
753206.115: [Full GC 1025663K->1025623K(1025664K), 3.2193257 secs]
753209.344: [Full GC 1025663K->1025605K(1025664K), 3.2153487 secs]
753212.567: [GC 1025613K(1025664K), 0.7386033 secs]
753214.338: [Full GC 1025661K->1025609K(1025664K), 3.2181575 secs]
753217.566: [Full GC 1025661K->1025610K(1025664K), 3.2117035 secs]
753220.786: [GC 1025618K(1025664K), 0.7508566 secs]
753222.551: [Full GC 1025663K->1025608K(1025664K), 3.2140521 secs]
753226.782: [Full GC 1025652K->1025602K(1025664K), 3.2386271 secs]
753230.029: [GC 1025602K(1025664K), 0.7346943 secs]
753231.793: [Full GC 1025663K->1025625K(1025664K), 3.2386453 secs]
753235.041: [Full GC 1025656K->1025606K(1025664K), 3.2236318 secs]
753238.273: [GC 1025614K(1025664K), 0.7302913 secs]
753240.029: [Full GC 1025663K->1025623K(1025664K), 3.2223325 secs]
753243.261: [Full GC 1025663K->1025606K(1025664K), 3.2213755 secs]
753246.490: [GC 1025606K(1025664K), 0.7345524 secs]
753248.286: [Full GC 1025661K->1025610K(1025664K), 3.2208950 secs]
753251.517: [Full GC 1025661K->1025610K(1025664K), 3.2309665 secs]
753254.756: [GC 1025618K(1025664K), 0.7429410 secs]
753256.531: [Full GC 1025663K->1025608K(1025664K), 3.2206396 secs]
753260.762: [Full GC 1025652K->1025602K(1025664K), 3.2156922 secs]
753263.986: [GC 1025602K(1025664K), 0.7358774 secs]
753265.736: [Full GC 1025663K->1025626K(1025664K), 3.2402120 secs]
753268.986: [Full GC 1025656K->1025606K(1025664K), 3.2308557 secs]
753272.225: [GC 1025614K(1025664K), 0.7295676 secs]
753273.970: [Full GC 1025663K->1025624K(1025664K), 3.2282713 secs]
753277.207: [Full GC 1025663K->1025648K(1025664K), 3.2189703 secs]
753280.434: [GC 1025649K(1025664K), 0.7311020 secs]
753282.188: [Full GC 1025663K->1025651K(1025664K), 3.2207906 secs]
753285.417: [Full GC 1025663K->1025655K(1025664K), 3.2438588 secs]
753288.670: [GC 1025655K(1025664K), 0.7398804 secs]
753290.417: [Full GC 1025659K->1025644K(1025664K), 3.2407491 secs]
753293.667: [Full GC 1025663K->1025633K(1025664K), 3.2195144 secs]
753296.895: [GC 1025639K(1025664K), 0.7337933 secs]
753298.657: [Full GC 1025663K->1025633K(1025664K), 3.2264002 secs]
753301.892: [Full GC 1025663K->1025648K(1025664K), 3.2145823 secs]
753305.116: [GC 1025649K(1025664K), 0.7344411 secs]
753306.864: [Full GC 1025663K->1025632K(1025664K), 3.2247582 secs]
753310.098: [Full GC 1025663K->1025637K(1025664K), 3.2174865 secs]
753313.324: [GC 1025638K(1025664K), 0.7322132 secs]
753315.082: [Full GC 1025663K->1025638K(1025664K), 3.2330247 secs]
753318.325: [Full GC 1025663K->1025637K(1025664K), 3.2111483 secs]
753321.544: [GC 1025637K(1025664K), 0.7391291 secs]
753323.320: [Full GC 1025658K->1025626K(1025664K), 3.2226495 secs]
753326.552: [Full GC 1025663K->1025647K(1025664K), 3.2169304 secs]
753329.777: [GC 1025648K(1025664K), 0.7351503 secs]
753331.574: [Full GC 1025663K->1025655K(1025664K), 3.2139083 secs]
753334.796: [Full GC 1025656K->1025638K(1025664K), 3.2175901 secs]
753338.022: [GC 1025646K(1025664K), 0.7406659 secs]
753339.791: [Full GC 1025660K->1025610K(1025664K), 3.2221965 secs]
753343.023: [Full GC 1025663K->1025605K(1025664K), 3.2393718 secs]
753346.270: [GC 1025605K(1025664K), 0.7352647 secs]
753348.042: [Full GC 1025661K->1025609K(1025664K), 3.2462879 secs]
753352.302: [Full GC 1025620K->1025595K(1025664K), 3.2354865 secs]
753355.546: [GC 1025595K(1025664K), 0.7342327 secs]
753357.316: [Full GC 1025662K->1025606K(1025664K), 3.2198453 secs]
753360.546: [Full GC 1025663K->1025623K(1025664K), 3.2229544 secs]
753363.777: [GC 1025624K(1025664K), 0.7353490 secs]
753365.563: [Full GC 1025663K->1025606K(1025664K), 3.2535758 secs]
753368.826: [Full GC 1025663K->1025628K(1025664K), 3.2209800 secs]
753372.055: [GC 1025630K(1025664K), 0.7368849 secs]
753373.807: [Full GC 1025659K->1025618K(1025664K), 3.2296619 secs]
753377.046: [Full GC 1025661K->1025610K(1025664K), 3.2099940 secs]
753380.264: [GC 1025618K(1025664K), 0.7293880 secs]
753382.014: [Full GC 1025663K->1025604K(1025664K), 3.2180753 secs]
753386.242: [Full GC 1025648K->1025602K(1025664K), 3.2185858 secs]
753389.469: [GC 1025602K(1025664K), 0.7335873 secs]
753391.253: [Full GC 1025661K->1025602K(1025664K), 3.2336467 secs]
753394.497: [Full GC 1025663K->1025624K(1025664K), 3.2191881 secs]
753397.724: [GC 1025624K(1025664K), 0.7358765 secs]
753399.493: [Full GC 1025661K->1025631K(1025664K), 3.2341552 secs]
753402.737: [Full GC 1025661K->1025605K(1025664K), 3.2195064 secs]
753405.965: [GC 1025613K(1025664K), 0.7324200 secs]
753407.725: [Full GC 1025661K->1025609K(1025664K), 3.2264770 secs]
753410.961: [Full GC 1025660K->1025609K(1025664K), 3.2339052 secs]
753414.203: [GC 1025617K(1025664K), 0.7364897 secs]
753415.963: [Full GC 1025663K->1025603K(1025664K), 3.2220756 secs]
753420.202: [Full GC 1025646K->1025601K(1025664K), 3.2163655 secs]
753423.427: [GC 1025601K(1025664K), 0.7313100 secs]
753425.169: [Full GC 1025660K->1025601K(1025664K), 3.2195295 secs]
753428.399: [Full GC 1025663K->1025622K(1025664K), 3.2131938 secs]
753431.620: [GC 1025623K(1025664K), 0.7352677 secs]
753433.367: [Full GC 1025663K->1025605K(1025664K), 3.2431332 secs]
753436.620: [Full GC 1025663K->1025628K(1025664K), 3.2134541 secs]
753439.841: [GC 1025628K(1025664K), 0.7338424 secs]
753441.600: [Full GC 1025659K->1025617K(1025664K), 3.2192911 secs]
753444.832: [Full GC 1025660K->1025609K(1025664K), 3.2288579 secs]
753448.070: [GC 1025617K(1025664K), 0.7418752 secs]
753449.828: [Full GC 1025663K->1025603K(1025664K), 3.2184641 secs]
753454.062: [Full GC 1025647K->1025601K(1025664K), 3.2369105 secs]
753457.307: [GC 1025601K(1025664K), 0.7313633 secs]
753459.072: [Full GC 1025660K->1025601K(1025664K), 3.2279622 secs]
753462.310: [Full GC 1025663K->1025623K(1025664K), 3.2239140 secs]
753465.542: [GC 1025623K(1025664K), 0.7361218 secs]
753467.306: [Full GC 1025662K->1025632K(1025664K), 3.2338700 secs]
753470.548: [Full GC 1025661K->1025630K(1025664K), 3.2424005 secs]
753473.799: [GC 1025638K(1025664K), 0.7347357 secs]
753475.580: [Full GC 1025663K->1025628K(1025664K), 3.2189462 secs]
753478.808: [Full GC 1025663K->1025644K(1025664K), 3.2324378 secs]
753482.048: [GC 1025645K(1025664K), 0.7383397 secs]
753483.798: [Full GC 1025661K->1025609K(1025664K), 3.2168433 secs]
753487.025: [Full GC 1025661K->1025612K(1025664K), 3.2294837 secs]
753490.263: [GC 1025620K(1025664K), 0.7295862 secs]
753492.007: [Full GC 1025657K->1025606K(1025664K), 3.2298764 secs]
753496.252: [Full GC 1025659K->1025603K(1025664K), 3.2215555 secs]
753499.482: [GC 1025603K(1025664K), 0.7333463 secs]
753501.275: [Full GC 1025662K->1025609K(1025664K), 3.2209160 secs]
753504.505: [Full GC 1025663K->1025632K(1025664K), 3.2252777 secs]
753507.739: [GC 1025633K(1025664K), 0.7335673 secs]
753509.499: [Full GC 1025663K->1025652K(1025664K), 3.2179294 secs]
753512.726: [Full GC 1025663K->1025624K(1025664K), 3.2292761 secs]
753515.964: [GC 1025625K(1025664K), 0.7360327 secs]
753517.710: [Full GC 1025663K->1025646K(1025664K), 3.2236630 secs]
753520.943: [Full GC 1025663K->1025604K(1025664K), 3.2276416 secs]
753524.178: [GC 1025604K(1025664K), 0.7299740 secs]
753525.972: [Full GC 1025661K->1025601K(1025664K), 3.2376728 secs]
753529.220: [Full GC 1025663K->1025612K(1025664K), 3.2247420 secs]
753532.453: [GC 1025612K(1025664K), 0.7434098 secs]
753534.240: [Full GC 1025662K->1025615K(1025664K), 3.2270561 secs]
753537.475: [Full GC 1025663K->1025609K(1025664K), 3.2180058 secs]
753540.702: [GC 1025609K(1025664K), 0.7429126 secs]
753542.468: [Full GC 1025615K->1025604K(1025664K), 3.2205920 secs]
753545.699: [Full GC 1025663K->1025627K(1025664K), 3.2490651 secs]
753548.956: [GC 1025628K(1025664K), 0.7346285 secs]
753550.716: [Full GC 1025663K->1025645K(1025664K), 3.2144544 secs]
753553.940: [Full GC 1025657K->1025598K(1025664K), 3.2396035 secs]
753557.188: [GC 1025606K(1025664K), 0.7407926 secs]
753558.942: [Full GC 1025663K->1025624K(1025664K), 3.2277493 secs]
753562.179: [Full GC 1025663K->1025605K(1025664K), 3.2136337 secs]
753565.401: [GC 1025605K(1025664K), 0.7329991 secs]
753567.175: [Full GC 1025662K->1025609K(1025664K), 3.2122244 secs]
753570.397: [Full GC 1025663K->1025617K(1025664K), 3.2162334 secs]
753573.621: [GC 1025618K(1025664K), 0.7361483 secs]
753575.386: [Full GC 1025663K->1025620K(1025664K), 3.2271970 secs]
753578.622: [Full GC 1025663K->1025649K(1025664K), 3.2186064 secs]
753581.849: [GC 1025651K(1025664K), 0.7375037 secs]
753583.613: [Full GC 1025662K->1025653K(1025664K), 3.2240886 secs]
753586.844: [Full GC 1025662K->1025654K(1025664K), 3.2350483 secs]
753590.087: [GC 1025662K(1025664K), 0.7379395 secs]
753591.846: [Full GC 1025663K->1025659K(1025664K), 3.2680298 secs]
753595.123: [Full GC 1025663K->1025631K(1025664K), 3.2304605 secs]
753598.361: [GC 1025631K(1025664K), 0.7308877 secs]
753600.123: [Full GC 1025632K->1025631K(1025664K), 3.2258731 secs]
753603.358: [Full GC 1025663K->1025614K(1025664K), 3.2104934 secs]
753606.577: [GC 1025616K(1025664K), 0.7357066 secs]
753608.342: [Full GC 1025663K->1025650K(1025664K), 3.2267072 secs]
753611.578: [Full GC 1025663K->1025634K(1025664K), 3.2212537 secs]
753614.808: [GC 1025635K(1025664K), 0.7466160 secs]
753616.586: [Full GC 1025664K->1025641K(1025664K), 3.2279044 secs]
753619.823: [Full GC 1025663K->1025644K(1025664K), 3.2162238 secs]
753623.047: [GC 1025644K(1025664K), 0.7338843 secs]
753624.791: [Full GC 1025659K->1025628K(1025664K), 3.2547879 secs]
753628.055: [Full GC 1025663K->1025649K(1025664K), 3.2128860 secs]
753631.277: [GC 1025649K(1025664K), 0.7301008 secs]
753633.029: [Full GC 1025663K->1025645K(1025664K), 3.2189447 secs]
753636.257: [Full GC 1025657K->1025655K(1025664K), 3.2240827 secs]
753639.489: [GC 1025663K(1025664K), 0.7341968 secs]
753641.327: [Full GC 1025663K->1025660K(1025664K), 3.2176560 secs]
753644.553: [Full GC 1025663K->1025651K(1025664K), 3.2154413 secs]
753647.778: [GC 1025651K(1025664K), 0.7442954 secs]
753649.551: [Full GC 1025663K->1025635K(1025664K), 3.2385383 secs]
753652.800: [Full GC 1025663K->1025620K(1025664K), 3.2290175 secs]
753656.037: [GC 1025620K(1025664K), 0.7361529 secs]
753657.812: [Full GC 1025662K->1025638K(1025664K), 3.2338859 secs]
753661.062: [Full GC 1025659K->1025604K(1025664K), 3.2197487 secs]
753664.290: [GC 1025613K(1025664K), 0.7304687 secs]
753666.049: [Full GC 1025663K->1025621K(1025664K), 3.2221692 secs]
753669.282: [Full GC 1025664K->1025625K(1025664K), 3.2370662 secs]
753672.528: [GC 1025625K(1025664K), 0.7343379 secs]
753674.279: [Full GC 1025663K->1025615K(1025664K), 3.2333697 secs]
753677.521: [Full GC 1025658K->1025609K(1025664K), 3.2208594 secs]
753680.751: [GC 1025617K(1025664K), 0.7375407 secs]
753682.511: [Full GC 1025663K->1025607K(1025664K), 3.2324860 secs]
753685.752: [Full GC 1025608K->1025606K(1025664K), 3.2204644 secs]
753688.981: [GC 1025606K(1025664K), 0.7418185 secs]
753690.756: [Full GC 1025663K->1025627K(1025664K), 3.2194328 secs]
753693.984: [Full GC 1025663K->1025645K(1025664K), 3.2203443 secs]
753697.213: [GC 1025645K(1025664K), 0.7295632 secs]
753698.969: [Full GC 1025657K->1025599K(1025664K), 3.2117645 secs]
753702.191: [Full GC 1025663K->1025625K(1025664K), 3.2163431 secs]
753705.415: [GC 1025625K(1025664K), 0.7300850 secs]
753707.174: [Full GC 1025663K->1025632K(1025664K), 3.2284508 secs]
753710.412: [Full GC 1025663K->1025626K(1025664K), 3.2424368 secs]
753713.663: [GC 1025626K(1025664K), 0.7389881 secs]
753715.450: [Full GC 1025662K->1025614K(1025664K), 3.2287470 secs]
753718.689: [Full GC 1025663K->1025617K(1025664K), 3.2231829 secs]
753721.921: [GC 1025618K(1025664K), 0.7333771 secs]
753723.682: [Full GC 1025663K->1025612K(1025664K), 3.2228028 secs]
753726.915: [Full GC 1025663K->1025615K(1025664K), 3.2140316 secs]
753730.137: [GC 1025616K(1025664K), 0.7333030 secs]
753731.878: [Full GC 1025663K->1025621K(1025664K), 3.2217997 secs]
753736.112: [Full GC 1025624K->1025603K(1025664K), 3.2206633 secs]
753739.341: [GC 1025603K(1025664K), 0.7291883 secs]
753741.150: [Full GC 1025661K->1025608K(1025664K), 3.2244225 secs]
753744.384: [Full GC 1025663K->1025624K(1025664K), 3.2207448 secs]
753747.613: [GC 1025625K(1025664K), 0.7355949 secs]
753749.365: [Full GC 1025663K->1025631K(1025664K), 3.2308069 secs]
753752.606: [Full GC 1025663K->1025624K(1025664K), 3.2134996 secs]
753755.828: [GC 1025625K(1025664K), 0.7428058 secs]
753757.595: [Full GC 1025663K->1025629K(1025664K), 3.2296318 secs]
753760.834: [Full GC 1025663K->1025630K(1025664K), 3.2211338 secs]
753764.063: [GC 1025630K(1025664K), 0.7347724 secs]
753765.820: [Full GC 1025663K->1025625K(1025664K), 3.2344215 secs]
753769.064: [Full GC 1025660K->1025613K(1025664K), 3.2437166 secs]
753772.316: [GC 1025621K(1025664K), 0.7441840 secs]
753774.093: [Full GC 1025663K->1025615K(1025664K), 3.2209720 secs]
753778.332: [Full GC 1025662K->1025604K(1025664K), 3.2326731 secs]
753781.573: [GC 1025604K(1025664K), 0.7351798 secs]
753783.345: [Full GC 1025663K->1025610K(1025664K), 3.2125146 secs]
753786.568: [Full GC 1025664K->1025629K(1025664K), 3.2282695 secs]
753789.804: [GC 1025629K(1025664K), 0.7329982 secs]
753791.551: [Full GC 1025663K->1025647K(1025664K), 3.2167940 secs]
753794.777: [Full GC 1025663K->1025628K(1025664K), 3.2243306 secs]
753798.009: [GC 1025628K(1025664K), 0.7411496 secs]
753799.762: [Full GC 1025663K->1025648K(1025664K), 3.2207488 secs]
753802.992: [Full GC 1025663K->1025605K(1025664K), 3.2123780 secs]
753806.213: [GC 1025613K(1025664K), 0.7301727 secs]
753807.954: [Full GC 1025661K->1025602K(1025664K), 3.2225589 secs]
753811.187: [Full GC 1025662K->1025613K(1025664K), 3.2093401 secs]
753814.404: [GC 1025621K(1025664K), 0.7314171 secs]
753816.155: [Full GC 1025663K->1025615K(1025664K), 3.2060395 secs]
753820.372: [Full GC 1025663K->1025605K(1025664K), 3.2119869 secs]
753823.591: [GC 1025605K(1025664K), 0.7356494 secs]
753825.351: [Full GC 1025663K->1025612K(1025664K), 3.2404137 secs]
753828.601: [Full GC 1025663K->1025647K(1025664K), 3.2326503 secs]
753831.842: [GC 1025648K(1025664K), 0.7560911 secs]
753833.631: [Full GC 1025663K->1025632K(1025664K), 3.2208013 secs]
753836.860: [Full GC 1025663K->1025642K(1025664K), 3.2355226 secs]
753840.104: [GC 1025642K(1025664K), 0.7339905 secs]
753841.876: [Full GC 1025663K->1025626K(1025664K), 3.2193541 secs]
753845.105: [Full GC 1025660K->1025605K(1025664K), 3.2231562 secs]
753848.336: [GC 1025613K(1025664K), 0.7298815 secs]
753850.098: [Full GC 1025661K->1025602K(1025664K), 3.2283282 secs]
753853.337: [Full GC 1025663K->1025614K(1025664K), 3.2349057 secs]
753856.580: [GC 1025622K(1025664K), 0.7371449 secs]
753858.343: [Full GC 1025663K->1025615K(1025664K), 3.2209279 secs]
753862.582: [Full GC 1025663K->1025613K(1025664K), 3.2263785 secs]
753865.817: [GC 1025613K(1025664K), 0.7422381 secs]
753867.602: [Full GC 1025663K->1025628K(1025664K), 3.2260567 secs]
753870.837: [Full GC 1025660K->1025609K(1025664K), 3.2120406 secs]
753874.058: [GC 1025617K(1025664K), 0.7370516 secs]
753875.814: [Full GC 1025663K->1025631K(1025664K), 3.2318462 secs]
753879.055: [Full GC 1025663K->1025642K(1025664K), 3.2373816 secs]
753882.301: [GC 1025642K(1025664K), 0.7302006 secs]
753884.040: [Full GC 1025663K->1025648K(1025664K), 3.2142031 secs]
753887.263: [Full GC 1025663K->1025646K(1025664K), 3.2183001 secs]
753890.490: [GC 1025646K(1025664K), 0.7354436 secs]
753892.277: [Full GC 1025663K->1025649K(1025664K), 3.2411556 secs]
753895.527: [Full GC 1025663K->1025643K(1025664K), 3.2249779 secs]
753898.761: [GC 1025643K(1025664K), 0.7374266 secs]
753900.544: [Full GC 1025663K->1025654K(1025664K), 3.2388814 secs]
753903.791: [Full GC 1025663K->1025662K(1025664K), 3.2182485 secs]
753907.018: [GC 1025663K(1025664K), 0.7488913 secs]
753908.775: [Full GC 1025663K->1025662K(1025664K), 3.2188140 secs]
753912.002: [Full GC 1025662K->1025662K(1025664K), 3.2236309 secs]
753915.234: [Full GC 1025664K->1025661K(1025664K), 3.2275709 secs]
753918.470: [GC 1025662K(1025664K), 0.7335273 secs]
753920.217: [Full GC 1025663K->1025662K(1025664K), 3.2236466 secs]
753923.449: [Full GC 1025663K->1025663K(1025664K), 3.2307507 secs]
753926.689: [Full GC 1025663K->1025663K(1025664K), 3.2182793 secs]
753929.915: [Full GC 1025663K->1025662K(1025664K), 3.2172555 secs]
753933.140: [GC 1025662K(1025664K), 0.7348103 secs]
753934.892: [Full GC 1025663K->1025660K(1025664K), 3.2125512 secs]
753938.113: [Full GC 1025663K->1025660K(1025664K), 3.2189122 secs]
753941.340: [GC 1025661K(1025664K), 0.7294284 secs]
753943.117: [Full GC 1025663K->1025645K(1025664K), 3.2176504 secs]
753946.343: [Full GC 1025663K->1025645K(1025664K), 3.2295319 secs]
753949.581: [GC 1025654K(1025664K), 0.7360261 secs]
753951.367: [Full GC 1025663K->1025634K(1025664K), 3.2393178 secs]
753954.615: [Full GC 1025663K->1025633K(1025664K), 3.2178604 secs]
753957.847: [GC 1025634K(1025664K), 0.7432974 secs]
753959.638: [Full GC 1025663K->1025641K(1025664K), 3.2329190 secs]
753962.880: [Full GC 1025663K->1025635K(1025664K), 3.2134906 secs]
753966.102: [GC 1025635K(1025664K), 0.7397719 secs]
753967.871: [Full GC 1025663K->1025620K(1025664K), 3.2398691 secs]
753971.120: [Full GC 1025663K->1025658K(1025664K), 3.2178083 secs]
753974.346: [GC 1025658K(1025664K), 0.7310285 secs]
753976.107: [Full GC 1025663K->1025639K(1025664K), 3.2444133 secs]
753979.361: [Full GC 1025663K->1025631K(1025664K), 3.2113986 secs]
753982.581: [GC 1025632K(1025664K), 0.7317776 secs]
753984.322: [Full GC 1025663K->1025625K(1025664K), 3.2236042 secs]
753987.555: [Full GC 1025663K->1025610K(1025664K), 3.2256432 secs]
753990.789: [GC 1025610K(1025664K), 0.7374942 secs]
753992.543: [Full GC 1025663K->1025620K(1025664K), 3.2230955 secs]
753996.782: [Full GC 1025634K->1025603K(1025664K), 3.2168373 secs]
754000.007: [GC 1025603K(1025664K), 0.7355553 secs]
754001.751: [Full GC 1025661K->1025610K(1025664K), 3.2193780 secs]
754004.980: [Full GC 1025663K->1025625K(1025664K), 3.2226395 secs]
754008.211: [GC 1025626K(1025664K), 0.7365817 secs]
754009.968: [Full GC 1025663K->1025626K(1025664K), 3.2328977 secs]
754013.211: [Full GC 1025663K->1025608K(1025664K), 3.2411693 secs]
754016.460: [GC 1025608K(1025664K), 0.7327463 secs]
754018.206: [Full GC 1025663K->1025612K(1025664K), 3.2265858 secs]
754021.453: [Full GC 1025663K->1025612K(1025664K), 3.2205286 secs]
754024.682: [GC 1025613K(1025664K), 0.7359741 secs]
754026.465: [Full GC 1025663K->1025608K(1025664K), 3.2316565 secs]
754030.712: [Full GC 1025658K->1025605K(1025664K), 3.2117519 secs]
754033.932: [GC 1025605K(1025664K), 0.7363707 secs]
754035.700: [Full GC 1025663K->1025612K(1025664K), 3.2131523 secs]
754038.924: [Full GC 1025663K->1025606K(1025664K), 3.2140419 secs]
754042.146: [GC 1025606K(1025664K), 0.7347413 secs]
754043.899: [Full GC 1025661K->1025606K(1025664K), 3.2239085 secs]
754047.133: [Full GC 1025661K->1025608K(1025664K), 3.2261536 secs]
754050.368: [GC 1025616K(1025664K), 0.7292708 secs]
754052.139: [Full GC 1025660K->1025614K(1025664K), 3.2225988 secs]
754055.370: [Full GC 1025622K->1025622K(1025664K), 3.2224100 secs]
754058.599: [GC 1025622K(1025664K), 0.7368784 secs]
754060.353: [Full GC 1025660K->1025598K(1025664K), 3.2208885 secs]
754063.585: [Full GC 1025661K->1025606K(1025664K), 3.2260898 secs]
754066.819: [GC 1025614K(1025664K), 0.7348192 secs]
754068.582: [Full GC 1025663K->1025601K(1025664K), 3.2170380 secs]
754072.812: [Full GC 1025661K->1025597K(1025664K), 3.2319877 secs]
754076.052: [GC 1025597K(1025664K), 0.7331495 secs]
754077.801: [Full GC 1025661K->1025606K(1025664K), 3.2112021 secs]
754081.024: [Full GC 1025661K->1025607K(1025664K), 3.2283143 secs]
754084.261: [GC 1025615K(1025664K), 0.7338136 secs]
754086.002: [Full GC 1025663K->1025601K(1025664K), 3.2742984 secs]
754089.343: [Full GC 1025663K->1025598K(1025664K), 3.2170802 secs]
754092.569: [Full GC 1025606K->1025606K(1025664K), 3.2253608 secs]
754095.806: [Full GC 1025660K->1025606K(1025664K), 3.2108906 secs]
754099.025: [GC 1025615K(1025664K), 0.7430033 secs]
754100.792: [Full GC 1025661K->1025607K(1025664K), 3.2194907 secs]
754104.023: [Full GC 1025663K->1025602K(1025664K), 3.2243052 secs]
754107.255: [GC 1025603K(1025664K), 0.7300746 secs]
754109.003: [Full GC 1025663K->1025635K(1025664K), 3.2164035 secs]
754112.228: [Full GC 1025663K->1025600K(1025664K), 3.2261111 secs]
754115.462: [GC 1025600K(1025664K), 0.7323953 secs]
754117.211: [Full GC 1025602K->1025600K(1025664K), 3.2220556 secs]
754120.452: [Full GC 1025663K->1025608K(1025664K), 3.2167430 secs]
754123.677: [GC 1025616K(1025664K), 0.7349598 secs]
754125.455: [Full GC 1025660K->1025600K(1025664K), 3.2348302 secs]
754128.699: [Full GC 1025663K->1025602K(1025664K), 3.2168863 secs]
754131.924: [GC 1025604K(1025664K), 0.7632000 secs]
754133.750: [Full GC 1025661K->1025599K(1025664K), 3.2331082 secs]
754136.993: [Full GC 1025660K->1025608K(1025664K), 3.2283150 secs]
754140.230: [GC 1025616K(1025664K), 0.7352331 secs]
754142.001: [Full GC 1025660K->1025600K(1025664K), 3.2207091 secs]
754145.231: [Full GC 1025663K->1025602K(1025664K), 3.2214476 secs]
754148.461: [GC 1025604K(1025664K), 0.7337174 secs]
754152.794: [Full GC 1025661K->1025599K(1025664K), 3.2287538 secs]
754156.062: [Full GC 1025661K->1025601K(1025664K), 3.2107831 secs]
754159.281: [GC 1025609K(1025664K), 0.7323521 secs]
754161.022: [Full GC 1025658K->1025601K(1025664K), 3.2229616 secs]
754164.255: [Full GC 1025663K->1025604K(1025664K), 3.2289500 secs]
754167.492: [GC 1025604K(1025664K), 0.7338244 secs]
754169.249: [Full GC 1025663K->1025601K(1025664K), 3.2124175 secs]
754172.470: [Full GC 1025602K->1025601K(1025664K), 3.2115353 secs]
754175.689: [GC 1025601K(1025664K), 0.7332381 secs]
754177.423: [Full GC 1025663K->1025654K(1025664K), 3.2278526 secs]
754180.660: [Full GC 1025663K->1025649K(1025664K), 3.2149675 secs]
754183.883: [GC 1025649K(1025664K), 0.7355931 secs]
754185.651: [Full GC 1025663K->1025638K(1025664K), 3.2359715 secs]
754188.896: [Full GC 1025663K->1025643K(1025664K), 3.2104507 secs]
754192.115: [GC 1025644K(1025664K), 0.7456264 secs]
754193.902: [Full GC 1025657K->1025652K(1025664K), 3.2283385 secs]
754197.139: [Full GC 1025663K->1025661K(1025664K), 3.2115558 secs]
754200.359: [GC 1025661K(1025664K), 0.7300194 secs]
754202.102: [Full GC 1025663K->1025663K(1025664K), 3.2232733 secs]
754205.334: [Full GC 1025664K->1025663K(1025664K), 3.2207983 secs]
754208.563: [Full GC 1025664K->1025663K(1025664K), 3.2167153 secs]
754211.789: [Full GC 1025663K->1025659K(1025664K), 3.2116708 secs]
754215.009: [GC 1025659K(1025664K), 0.7494000 secs]
754216.777: [Full GC 1025663K->1025660K(1025664K), 3.2262544 secs]
754220.012: [Full GC 1025663K->1025659K(1025664K), 3.2294502 secs]
754223.250: [GC 1025660K(1025664K), 0.7305547 secs]
754224.990: [Full GC 1025663K->1025642K(1025664K), 3.2360919 secs]
754228.235: [Full GC 1025661K->1025653K(1025664K), 3.2184931 secs]
754231.462: [GC 1025661K(1025664K), 0.7398830 secs]
754233.223: [Full GC 1025663K->1025663K(1025664K), 3.2185284 secs]
754236.451: [Full GC 1025663K->1025663K(1025664K), 3.2239154 secs]
754239.683: [Full GC 1025663K->1025658K(1025664K), 3.2161895 secs]
754242.907: [GC 1025659K(1025664K), 0.7385203 secs]
754244.660: [Full GC 1025663K->1025635K(1025664K), 3.2155020 secs]
754247.885: [Full GC 1025664K->1025637K(1025664K), 3.2337127 secs]
754251.127: [GC 1025637K(1025664K), 0.7419573 secs]
754252.910: [Full GC 1025663K->1025642K(1025664K), 3.2292522 secs]
754256.148: [Full GC 1025657K->1025651K(1025664K), 3.2200642 secs]
754259.376: [GC 1025659K(1025664K), 0.7320916 secs]
754261.165: [Full GC 1025663K->1025662K(1025664K), 3.2333517 secs]
754264.407: [Full GC 1025663K->1025661K(1025664K), 3.2212486 secs]
754267.636: [GC 1025662K(1025664K), 0.7360712 secs]
754269.391: [Full GC 1025663K->1025663K(1025664K), 3.2207030 secs]
754272.620: [Full GC 1025663K->1025660K(1025664K), 3.2310492 secs]
754275.860: [Full GC 1025663K->1025656K(1025664K), 3.2115915 secs]
754279.080: [GC 1025658K(1025664K), 0.7349884 secs]
754280.825: [Full GC 1025663K->1025641K(1025664K), 3.2348408 secs]
754284.069: [Full GC 1025663K->1025658K(1025664K), 3.2290569 secs]
754287.306: [GC 1025659K(1025664K), 0.7313227 secs]
754289.053: [Full GC 1025663K->1025661K(1025664K), 3.2147575 secs]
754292.277: [Full GC 1025663K->1025663K(1025664K), 3.2111413 secs]
754295.496: [GC 1025663K(1025664K), 0.7339451 secs]
754297.248: [Full GC 1025663K->1025663K(1025664K), 3.2247821 secs]
754300.481: [Full GC 1025664K->1025663K(1025664K), 3.2109000 secs]
754303.701: [Full GC 1025664K->1025663K(1025664K), 3.2157053 secs]
754306.925: [Full GC 1025663K->1025660K(1025664K), 3.2381690 secs]
754310.171: [GC 1025660K(1025664K), 0.7386827 secs]
754311.929: [Full GC 1025663K->1025663K(1025664K), 3.2478106 secs]
754315.185: [Full GC 1025663K->1025661K(1025664K), 3.2194506 secs]
754318.413: [GC 1025661K(1025664K), 0.7304513 secs]
754320.184: [Full GC 1025663K->1025659K(1025664K), 3.2299446 secs]
754323.423: [Full GC 1025663K->1025634K(1025664K), 3.2221204 secs]
754326.653: [GC 1025634K(1025664K), 0.7350186 secs]
754328.415: [Full GC 1025663K->1025655K(1025664K), 3.2191528 secs]
754331.643: [Full GC 1025663K->1025634K(1025664K), 3.2166948 secs]
754334.867: [GC 1025634K(1025664K), 0.7388158 secs]
754336.653: [Full GC 1025663K->1025643K(1025664K), 3.2221773 secs]
754339.885: [Full GC 1025658K->1025601K(1025664K), 3.2147854 secs]
754343.108: [GC 1025609K(1025664K), 0.7353772 secs]
754344.865: [Full GC 1025663K->1025626K(1025664K), 3.2371626 secs]
754348.114: [Full GC 1025659K->1025615K(1025664K), 3.2303953 secs]
754351.352: [GC 1025623K(1025664K), 0.7324417 secs]
754353.149: [Full GC 1025663K->1025618K(1025664K), 3.2799712 secs]
754356.442: [Full GC 1025662K->1025634K(1025664K), 3.2237140 secs]
754359.674: [GC 1025636K(1025664K), 0.7340516 secs]
754361.439: [Full GC 1025663K->1025612K(1025664K), 3.2212754 secs]
754364.669: [Full GC 1025663K->1025644K(1025664K), 3.2177963 secs]
754367.895: [GC 1025652K(1025664K), 0.7478867 secs]
754369.672: [Full GC 1025663K->1025645K(1025664K), 3.2361778 secs]
754373.922: [Full GC 1025651K->1025605K(1025664K), 3.2349444 secs]
754377.165: [GC 1025605K(1025664K), 0.7404316 secs]
754378.923: [Full GC 1025663K->1025603K(1025664K), 3.2462432 secs]
754382.179: [Full GC 1025663K->1025628K(1025664K), 3.2199788 secs]
754385.405: [GC 1025628K(1025664K), 0.7302635 secs]
754387.150: [Full GC 1025663K->1025632K(1025664K), 3.2428540 secs]
754390.402: [Full GC 1025660K->1025626K(1025664K), 3.2178941 secs]
754393.628: [GC 1025634K(1025664K), 0.7366093 secs]
754395.460: [Full GC 1025663K->1025630K(1025664K), 3.2285661 secs]
754398.699: [Full GC 1025663K->1025620K(1025664K), 3.2456654 secs]
754401.953: [GC 1025628K(1025664K), 0.7351831 secs]
754403.708: [Full GC 1025663K->1025634K(1025664K), 3.2321767 secs]
754406.950: [Full GC 1025663K->1025616K(1025664K), 3.2182623 secs]
754410.176: [GC 1025617K(1025664K), 0.7425275 secs]
754411.947: [Full GC 1025663K->1025610K(1025664K), 3.2036745 secs]
754415.160: [Full GC 1025662K->1025608K(1025664K), 3.2114522 secs]
754418.380: [Full GC 1025609K->1025606K(1025664K), 3.2152742 secs]
754421.606: [Full GC 1025663K->1025611K(1025664K), 3.2201621 secs]
754424.834: [GC 1025612K(1025664K), 0.7372486 secs]
754426.583: [Full GC 1025663K->1025623K(1025664K), 3.2359939 secs]
754429.828: [Full GC 1025663K->1025627K(1025664K), 3.2562418 secs]
754433.093: [GC 1025627K(1025664K), 0.7355402 secs]
754434.861: [Full GC 1025663K->1025609K(1025664K), 3.2423964 secs]
754438.113: [Full GC 1025663K->1025629K(1025664K), 3.2351509 secs]
754441.357: [GC 1025629K(1025664K), 0.7293537 secs]
754443.100: [Full GC 1025657K->1025612K(1025664K), 3.2191832 secs]
754446.329: [Full GC 1025664K->1025634K(1025664K), 3.2256073 secs]
754449.563: [GC 1025634K(1025664K), 0.7390990 secs]
754451.320: [Full GC 1025663K->1025616K(1025664K), 3.2246527 secs]
754454.554: [Full GC 1025659K->1025625K(1025664K), 3.2322159 secs]
754457.794: [GC 1025637K(1025664K), 0.7376305 secs]
754459.548: [Full GC 1025657K->1025633K(1025664K), 3.2199389 secs]
754463.782: [Full GC 1025660K->1025606K(1025664K), 3.2246188 secs]
754467.015: [GC 1025606K(1025664K), 0.7309198 secs]
754468.762: [Full GC 1025664K->1025611K(1025664K), 3.2474115 secs]
754472.019: [Full GC 1025663K->1025623K(1025664K), 3.2314734 secs]
754475.258: [GC 1025623K(1025664K), 0.7313618 secs]
754477.003: [Full GC 1025663K->1025648K(1025664K), 3.2172670 secs]
754480.229: [Full GC 1025663K->1025648K(1025664K), 3.2190013 secs]
754483.457: [GC 1025648K(1025664K), 0.7319698 secs]
754485.224: [Full GC 1025663K->1025649K(1025664K), 3.2440417 secs]
754488.477: [Full GC 1025663K->1025652K(1025664K), 3.2218322 secs]
754491.707: [GC 1025653K(1025664K), 0.7469450 secs]
754493.502: [Full GC 1025663K->1025643K(1025664K), 3.2340611 secs]
754496.745: [Full GC 1025662K->1025650K(1025664K), 3.2240110 secs]
754499.977: [GC 1025661K(1025664K), 0.7372618 secs]
754501.760: [Full GC 1025663K->1025662K(1025664K), 3.2222606 secs]
754504.991: [Full GC 1025663K->1025662K(1025664K), 3.2827684 secs]
754508.282: [GC 1025663K(1025664K), 0.7355455 secs]
754510.062: [Full GC 1025663K->1025663K(1025664K), 3.2359000 secs]
754513.306: [Full GC 1025663K->1025660K(1025664K), 3.2458770 secs]
754516.560: [Full GC 1025663K->1025663K(1025664K), 3.2136187 secs]
754519.782: [GC 1025663K(1025664K), 0.7345565 secs]
754521.533: [Full GC 1025663K->1025663K(1025664K), 3.2349680 secs]
754524.777: [Full GC 1025663K->1025663K(1025664K), 3.2321571 secs]
754528.017: [Full GC 1025663K->1025663K(1025664K), 3.2190875 secs]
754531.245: [Full GC 1025663K->1025663K(1025664K), 3.2209308 secs]
754534.474: [GC 1025663K(1025664K), 0.7393610 secs]
754536.233: [Full GC 1025663K->1025661K(1025664K), 3.2328415 secs]
754539.474: [Full GC 1025663K->1025662K(1025664K), 3.2178357 secs]
754542.701: [Full GC 1025663K->1025662K(1025664K), 3.2689466 secs]
754545.978: [GC 1025663K(1025664K), 0.7599611 secs]
754547.773: [Full GC 1025663K->1025642K(1025664K), 3.2258728 secs]
754551.007: [Full GC 1025658K->1025652K(1025664K), 3.2748137 secs]
754554.290: [GC 1025660K(1025664K), 0.7309300 secs]
754556.056: [Full GC 1025663K->1025663K(1025664K), 3.2592131 secs]
754559.323: [Full GC 1025663K->1025663K(1025664K), 3.2203681 secs]
754562.552: [Full GC 1025663K->1025663K(1025664K), 3.2141139 secs]
754565.774: [GC 1025663K(1025664K), 0.7346944 secs]
754567.537: [Full GC 1025663K->1025663K(1025664K), 3.2129898 secs]
754570.759: [Full GC 1025663K->1025663K(1025664K), 3.2132073 secs]
754573.980: [GC 1025663K(1025664K), 0.7340379 secs]
754575.738: [Full GC 1025664K->1025663K(1025664K), 3.2265197 secs]
754578.972: [Full GC 1025663K->1025663K(1025664K), 3.2128711 secs]
754582.194: [Full GC 1025663K->1025663K(1025664K), 3.2087357 secs]
754585.411: [GC 1025663K(1025664K), 0.7499573 secs]
754587.174: [Full GC 1025663K->1025663K(1025664K), 3.2181314 secs]
754590.400: [Full GC 1025663K->1025663K(1025664K), 3.2137040 secs]
754593.622: [Full GC 1025663K->1025661K(1025664K), 3.2108233 secs]
754596.842: [Full GC 1025663K->1025662K(1025664K), 3.2152944 secs]
754600.066: [Full GC 1025663K->1025662K(1025664K), 3.2136286 secs]
754603.288: [GC 1025662K(1025664K), 0.7340082 secs]
754605.024: [Full GC 1025663K->1025663K(1025664K), 3.2353997 secs]
754608.268: [Full GC 1025663K->1025663K(1025664K), 3.2229314 secs]
754611.500: [Full GC 1025664K->1025663K(1025664K), 3.2382010 secs]
754614.746: [Full GC 1025663K->1025662K(1025664K), 3.2166029 secs]
754617.971: [GC 1025663K(1025664K), 0.7371376 secs]
754619.728: [Full GC 1025663K->1025645K(1025664K), 3.2333045 secs]
754622.971: [Full GC 1025660K->1025634K(1025664K), 3.2195218 secs]
754626.198: [GC 1025642K(1025664K), 0.7365100 secs]
754627.956: [Full GC 1025663K->1025638K(1025664K), 3.2118619 secs]
754631.177: [Full GC 1025663K->1025636K(1025664K), 3.2114754 secs]
754634.396: [GC 1025637K(1025664K), 0.7487014 secs]
754636.224: [Full GC 1025663K->1025637K(1025664K), 3.2201776 secs]
754639.453: [Full GC 1025663K->1025640K(1025664K), 3.2118354 secs]
754642.674: [GC 1025640K(1025664K), 0.7363978 secs]
754644.431: [Full GC 1025659K->1025622K(1025664K), 3.2248318 secs]
754647.665: [Full GC 1025663K->1025661K(1025664K), 3.2152583 secs]
754650.889: [GC 1025661K(1025664K), 0.7393246 secs]
754652.661: [Full GC 1025663K->1025646K(1025664K), 3.2198458 secs]
754655.890: [Full GC 1025663K->1025629K(1025664K), 3.2147818 secs]
754659.113: [GC 1025629K(1025664K), 0.7392118 secs]
754660.879: [Full GC 1025661K->1025618K(1025664K), 3.2148921 secs]
754664.103: [Full GC 1025663K->1025611K(1025664K), 3.2225396 secs]
754667.334: [GC 1025611K(1025664K), 0.7361999 secs]
754669.109: [Full GC 1025663K->1025623K(1025664K), 3.2246719 secs]
754673.352: [Full GC 1025638K->1025605K(1025664K), 3.2148314 secs]
754676.575: [GC 1025605K(1025664K), 0.7342430 secs]
754678.344: [Full GC 1025663K->1025613K(1025664K), 3.2389770 secs]
754681.593: [Full GC 1025663K->1025627K(1025664K), 3.2225521 secs]
754684.824: [GC 1025627K(1025664K), 0.7333775 secs]
754686.593: [Full GC 1025663K->1025631K(1025664K), 3.2199208 secs]
754689.820: [Full GC 1025662K->1025650K(1025664K), 3.2172912 secs]
754693.046: [GC 1025652K(1025664K), 0.7363145 secs]
754694.808: [Full GC 1025663K->1025611K(1025664K), 3.2259025 secs]
754698.043: [Full GC 1025663K->1025631K(1025664K), 3.2188404 secs]
754701.270: [GC 1025631K(1025664K), 0.7296354 secs]
754703.016: [Full GC 1025658K->1025607K(1025664K), 3.2369074 secs]
754706.263: [Full GC 1025663K->1025618K(1025664K), 3.2117273 secs]
754709.483: [GC 1025618K(1025664K), 0.7326424 secs]
754711.262: [Full GC 1025663K->1025611K(1025664K), 3.2156802 secs]
754714.487: [Full GC 1025663K->1025610K(1025664K), 3.2144706 secs]
754717.710: [GC 1025611K(1025664K), 0.7386468 secs]
754719.465: [Full GC 1025615K->1025608K(1025664K), 3.2108573 secs]
754722.686: [Full GC 1025663K->1025633K(1025664K), 3.2272476 secs]
754725.922: [GC 1025634K(1025664K), 0.7371117 secs]
754727.675: [Full GC 1025661K->1025612K(1025664K), 3.2302802 secs]
754730.914: [Full GC 1025663K->1025623K(1025664K), 3.2243486 secs]
754734.147: [GC 1025623K(1025664K), 0.7383639 secs]
754735.900: [Full GC 1025663K->1025628K(1025664K), 3.2220716 secs]
754739.131: [Full GC 1025663K->1025629K(1025664K), 3.2326173 secs]
754742.372: [GC 1025630K(1025664K), 0.7293668 secs]
754744.134: [Full GC 1025663K->1025631K(1025664K), 3.2211064 secs]
754747.372: [Full GC 1025656K->1025606K(1025664K), 3.2205232 secs]
754750.601: [GC 1025614K(1025664K), 0.7368133 secs]
754752.360: [Full GC 1025663K->1025617K(1025664K), 3.2417045 secs]
754755.612: [Full GC 1025656K->1025620K(1025664K), 3.2204163 secs]
754758.841: [GC 1025629K(1025664K), 0.7363363 secs]
754760.599: [Full GC 1025663K->1025654K(1025664K), 3.2267938 secs]
754763.835: [Full GC 1025663K->1025611K(1025664K), 3.2234443 secs]
754767.067: [GC 1025611K(1025664K), 0.7359507 secs]
754768.834: [Full GC 1025611K->1025609K(1025664K), 3.2422991 secs]
754772.085: [Full GC 1025659K->1025631K(1025664K), 3.2219641 secs]
754775.315: [GC 1025639K(1025664K), 0.7301511 secs]
754777.077: [Full GC 1025661K->1025630K(1025664K), 3.2216208 secs]
754780.308: [Full GC 1025663K->1025637K(1025664K), 3.2128573 secs]
754783.529: [GC 1025638K(1025664K), 0.7356071 secs]
754785.279: [Full GC 1025663K->1025643K(1025664K), 3.2355489 secs]
754788.523: [Full GC 1025663K->1025626K(1025664K), 3.2224866 secs]
754791.754: [GC 1025626K(1025664K), 0.7435977 secs]
754793.535: [Full GC 1025663K->1025648K(1025664K), 3.2302925 secs]
754796.774: [Full GC 1025661K->1025650K(1025664K), 3.2223904 secs]
754800.005: [GC 1025659K(1025664K), 0.7347885 secs]
754801.799: [Full GC 1025662K->1025660K(1025664K), 3.2326488 secs]
754805.039: [Full GC 1025660K->1025647K(1025664K), 3.2246425 secs]
754808.273: [Full GC 1025663K->1025659K(1025664K), 3.2196089 secs]
754811.500: [GC 1025661K(1025664K), 0.7352463 secs]
754813.287: [Full GC 1025663K->1025658K(1025664K), 3.2327416 secs]
754816.528: [Full GC 1025663K->1025658K(1025664K), 3.2188937 secs]
754819.756: [GC 1025659K(1025664K), 0.7378843 secs]
754821.501: [Full GC 1025663K->1025642K(1025664K), 3.2215788 secs]
754824.731: [Full GC 1025663K->1025660K(1025664K), 3.2178906 secs]
754827.957: [GC 1025663K(1025664K), 0.7379366 secs]
754829.720: [Full GC 1025663K->1025663K(1025664K), 3.2268258 secs]
754832.955: [Full GC 1025663K->1025662K(1025664K), 3.2378637 secs]
754836.202: [GC 1025663K(1025664K), 0.7296146 secs]
754837.959: [Full GC 1025663K->1025663K(1025664K), 3.2326746 secs]
754841.201: [Full GC 1025663K->1025663K(1025664K), 3.2164324 secs]
754844.425: [Full GC 1025663K->1025660K(1025664K), 3.2116578 secs]
754847.645: [GC 1025661K(1025664K), 0.7402640 secs]
754849.410: [Full GC 1025663K->1025659K(1025664K), 3.2325781 secs]
754852.651: [Full GC 1025663K->1025658K(1025664K), 3.2277954 secs]
754855.887: [GC 1025659K(1025664K), 0.7462101 secs]
754857.670: [Full GC 1025663K->1025640K(1025664K), 3.2216290 secs]
754860.901: [Full GC 1025662K->1025653K(1025664K), 3.2313065 secs]
754864.140: [GC 1025661K(1025664K), 0.7346247 secs]
754865.886: [Full GC 1025663K->1025661K(1025664K), 3.2219496 secs]
754869.117: [Full GC 1025663K->1025662K(1025664K), 3.2128275 secs]
754872.338: [GC 1025663K(1025664K), 0.7303349 secs]
754874.108: [Full GC 1025663K->1025656K(1025664K), 3.2267049 secs]
754877.343: [Full GC 1025663K->1025661K(1025664K), 3.2102320 secs]
754880.562: [GC 1025662K(1025664K), 0.7390435 secs]
754882.323: [Full GC 1025663K->1025659K(1025664K), 3.2269575 secs]
754885.559: [Full GC 1025663K->1025633K(1025664K), 3.2251054 secs]
754888.793: [GC 1025633K(1025664K), 0.7351642 secs]
754890.562: [Full GC 1025663K->1025639K(1025664K), 3.2142381 secs]
754893.784: [Full GC 1025663K->1025623K(1025664K), 3.2164237 secs]
754897.009: [GC 1025624K(1025664K), 0.7352306 secs]
754898.762: [Full GC 1025663K->1025620K(1025664K), 3.2212153 secs]
754901.993: [Full GC 1025663K->1025626K(1025664K), 3.2083465 secs]
754905.209: [GC 1025626K(1025664K), 0.7316016 secs]
754906.965: [Full GC 1025663K->1025626K(1025664K), 3.2309405 secs]
754910.206: [Full GC 1025663K->1025619K(1025664K), 3.2482205 secs]
754913.463: [GC 1025619K(1025664K), 0.7329304 secs]
754915.221: [Full GC 1025663K->1025616K(1025664K), 3.2271663 secs]
754918.457: [Full GC 1025657K->1025637K(1025664K), 3.2367920 secs]
754921.702: [GC 1025645K(1025664K), 0.7335457 secs]
754923.490: [Full GC 1025663K->1025645K(1025664K), 3.2147898 secs]
754926.716: [Full GC 1025661K->1025608K(1025664K), 3.2170449 secs]
754929.942: [Full GC 1025625K->1025623K(1025664K), 3.2219716 secs]
754933.172: [GC 1025623K(1025664K), 0.7321070 secs]
754934.922: [Full GC 1025663K->1025617K(1025664K), 3.2337619 secs]
754938.165: [Full GC 1025663K->1025623K(1025664K), 3.2105388 secs]
754941.384: [GC 1025623K(1025664K), 0.7300608 secs]
754943.124: [Full GC 1025663K->1025629K(1025664K), 3.2355963 secs]
754946.369: [Full GC 1025664K->1025632K(1025664K), 3.2250450 secs]
754949.602: [GC 1025632K(1025664K), 0.7368236 secs]
754951.359: [Full GC 1025663K->1025626K(1025664K), 3.2172960 secs]
754954.587: [Full GC 1025662K->1025613K(1025664K), 3.2166566 secs]
754957.812: [GC 1025622K(1025664K), 0.7355083 secs]
754959.567: [Full GC 1025663K->1025635K(1025664K), 3.2224723 secs]
754962.799: [Full GC 1025663K->1025617K(1025664K), 3.2187295 secs]
754966.026: [GC 1025618K(1025664K), 0.7364149 secs]
754967.798: [Full GC 1025663K->1025654K(1025664K), 3.2232907 secs]
754971.030: [Full GC 1025663K->1025611K(1025664K), 3.2570169 secs]
754974.296: [GC 1025612K(1025664K), 0.7299421 secs]
754976.077: [Full GC 1025659K->1025618K(1025664K), 3.2201071 secs]
754980.312: [Full GC 1025642K->1025605K(1025664K), 3.2259079 secs]
754983.546: [GC 1025605K(1025664K), 0.7364468 secs]
754985.310: [Full GC 1025663K->1025608K(1025664K), 3.2237429 secs]
754988.543: [Full GC 1025663K->1025628K(1025664K), 3.2255603 secs]
754991.777: [GC 1025629K(1025664K), 0.7389126 secs]
754993.534: [Full GC 1025663K->1025646K(1025664K), 3.2323596 secs]
754996.775: [Full GC 1025663K->1025633K(1025664K), 3.2180357 secs]
755000.002: [GC 1025633K(1025664K), 0.7347984 secs]
755001.766: [Full GC 1025656K->1025611K(1025664K), 3.2295045 secs]
755005.005: [Full GC 1025663K->1025631K(1025664K), 3.2315200 secs]
755008.245: [GC 1025631K(1025664K), 0.7299136 secs]
755009.987: [Full GC 1025658K->1025607K(1025664K), 3.2332661 secs]
755013.230: [Full GC 1025663K->1025618K(1025664K), 3.2414875 secs]
755016.480: [GC 1025618K(1025664K), 0.7331527 secs]
755018.233: [Full GC 1025663K->1025619K(1025664K), 3.2110536 secs]
755021.453: [Full GC 1025663K->1025610K(1025664K), 3.2008837 secs]
755024.662: [GC 1025611K(1025664K), 0.7297356 secs]
755026.425: [Full GC 1025614K->1025610K(1025664K), 3.2140325 secs]
755029.652: [Full GC 1025662K->1025624K(1025664K), 3.2131671 secs]
755032.874: [GC 1025626K(1025664K), 0.7394936 secs]
755034.637: [Full GC 1025663K->1025613K(1025664K), 3.2175607 secs]
755037.863: [Full GC 1025663K->1025641K(1025664K), 3.2018398 secs]
755041.073: [GC 1025641K(1025664K), 0.7367370 secs]
755042.822: [Full GC 1025663K->1025627K(1025664K), 3.2037103 secs]
755046.035: [Full GC 1025664K->1025630K(1025664K), 3.2097395 secs]
755049.253: [GC 1025630K(1025664K), 0.7323207 secs]
755051.017: [Full GC 1025660K->1025618K(1025664K), 3.2021277 secs]
755054.231: [Full GC 1025663K->1025614K(1025664K), 3.2138773 secs]
755057.453: [GC 1025614K(1025664K), 0.7304913 secs]
755059.188: [Full GC 1025663K->1025636K(1025664K), 3.2024790 secs]
755062.399: [Full GC 1025663K->1025638K(1025664K), 3.1998858 secs]
755065.608: [GC 1025639K(1025664K), 0.7296500 secs]
755067.405: [Full GC 1025656K->1025626K(1025664K), 3.2039517 secs]
755070.618: [Full GC 1025663K->1025610K(1025664K), 3.1985187 secs]
755073.825: [GC 1025611K(1025664K), 0.7295415 secs]
755075.568: [Full GC 1025663K->1025619K(1025664K), 3.2007765 secs]
755078.778: [Full GC 1025663K->1025626K(1025664K), 3.1989033 secs]
755081.986: [Full GC 1025626K->1025622K(1025664K), 3.2004759 secs]
755085.194: [GC 1025622K(1025664K), 0.7291819 secs]
755086.934: [Full GC 1025663K->1025634K(1025664K), 3.2137673 secs]
755090.157: [Full GC 1025662K->1025645K(1025664K), 3.2134244 secs]
755093.379: [GC 1025647K(1025664K), 0.7434663 secs]
755095.139: [Full GC 1025663K->1025648K(1025664K), 3.2094096 secs]
755098.357: [Full GC 1025663K->1025652K(1025664K), 3.2008786 secs]
755101.566: [GC 1025660K(1025664K), 0.7405582 secs]
755103.329: [Full GC 1025660K->1025659K(1025664K), 3.2085886 secs]
755106.546: [Full GC 1025659K->1025649K(1025664K), 3.2069417 secs]
755109.761: [Full GC 1025663K->1025655K(1025664K), 3.2005155 secs]
755112.970: [GC 1025656K(1025664K), 0.7293222 secs]
755114.703: [Full GC 1025663K->1025644K(1025664K), 3.2254578 secs]
755117.939: [Full GC 1025663K->1025619K(1025664K), 3.1981413 secs]
755121.146: [GC 1025636K(1025664K), 0.7292025 secs]
755122.890: [Full GC 1025663K->1025636K(1025664K), 3.2124750 secs]
755126.111: [Full GC 1025663K->1025640K(1025664K), 3.2080744 secs]
755129.328: [GC 1025640K(1025664K), 0.7307556 secs]
755131.074: [Full GC 1025663K->1025643K(1025664K), 3.1998326 secs]
755134.283: [Full GC 1025663K->1025628K(1025664K), 3.2045774 secs]
755137.496: [GC 1025628K(1025664K), 0.7297865 secs]
755139.241: [Full GC 1025663K->1025625K(1025664K), 3.2166143 secs]
755142.467: [Full GC 1025663K->1025626K(1025664K), 3.2009575 secs]
755145.676: [GC 1025626K(1025664K), 0.7297173 secs]
755147.434: [Full GC 1025661K->1025617K(1025664K), 3.2079659 secs]
755150.651: [Full GC 1025663K->1025649K(1025664K), 3.2202523 secs]
755153.880: [GC 1025650K(1025664K), 0.7394694 secs]
755155.637: [Full GC 1025657K->1025629K(1025664K), 3.2072362 secs]
755158.854: [Full GC 1025663K->1025630K(1025664K), 3.2081069 secs]
755162.070: [GC 1025630K(1025664K), 0.7292558 secs]
755163.805: [Full GC 1025663K->1025612K(1025664K), 3.2009035 secs]
755167.015: [Full GC 1025663K->1025628K(1025664K), 3.2108924 secs]
755170.234: [GC 1025628K(1025664K), 0.7297040 secs]
755172.008: [Full GC 1025652K->1025607K(1025664K), 3.2042629 secs]
755175.223: [Full GC 1025664K->1025610K(1025664K), 3.2287537 secs]
755178.460: [GC 1025610K(1025664K), 0.7296928 secs]
755180.206: [Full GC 1025663K->1025635K(1025664K), 3.2029225 secs]
755183.418: [Full GC 1025663K->1025655K(1025664K), 3.2040980 secs]
755186.630: [GC 1025655K(1025664K), 0.7393169 secs]
755188.378: [Full GC 1025663K->1025646K(1025664K), 3.2062971 secs]
755191.593: [Full GC 1025656K->1025631K(1025664K), 3.1975925 secs]
755194.799: [GC 1025639K(1025664K), 0.7296387 secs]
755196.558: [Full GC 1025663K->1025651K(1025664K), 3.2133537 secs]
755199.780: [Full GC 1025663K->1025623K(1025664K), 3.2025193 secs]
755202.991: [GC 1025623K(1025664K), 0.7290634 secs]
755204.781: [Full GC 1025663K->1025622K(1025664K), 3.2076592 secs]
755207.998: [Full GC 1025663K->1025627K(1025664K), 3.2106430 secs]
755211.217: [GC 1025628K(1025664K), 0.7398363 secs]
755212.968: [Full GC 1025662K->1025625K(1025664K), 3.2104853 secs]
755216.189: [Full GC 1025663K->1025615K(1025664K), 3.1996733 secs]
755219.397: [GC 1025616K(1025664K), 0.7303377 secs]
755221.190: [Full GC 1025663K->1025631K(1025664K), 3.2055732 secs]
755224.405: [Full GC 1025656K->1025614K(1025664K), 3.2184109 secs]
755227.632: [GC 1025623K(1025664K), 0.7301069 secs]
755229.373: [Full GC 1025663K->1025612K(1025664K), 3.1970465 secs]
755232.579: [Full GC 1025617K->1025609K(1025664K), 3.2072679 secs]
755235.794: [GC 1025610K(1025664K), 0.7409764 secs]
755237.572: [Full GC 1025663K->1025630K(1025664K), 3.2101686 secs]
755240.792: [Full GC 1025658K->1025605K(1025664K), 3.2057474 secs]
755244.006: [GC 1025613K(1025664K), 0.7330112 secs]
755245.761: [Full GC 1025663K->1025631K(1025664K), 3.2045212 secs]
755248.975: [Full GC 1025663K->1025634K(1025664K), 3.1977448 secs]
755252.181: [GC 1025634K(1025664K), 0.7293838 secs]
755253.913: [Full GC 1025657K->1025635K(1025664K), 3.2019779 secs]
755257.132: [Full GC 1025660K->1025618K(1025664K), 3.1995999 secs]
755260.340: [GC 1025626K(1025664K), 0.7295082 secs]
755262.076: [Full GC 1025663K->1025611K(1025664K), 3.2021218 secs]
755265.289: [Full GC 1025663K->1025636K(1025664K), 3.2042742 secs]
755268.501: [GC 1025637K(1025664K), 0.7315458 secs]
755270.238: [Full GC 1025663K->1025640K(1025664K), 3.2302792 secs]
755273.482: [Full GC 1025656K->1025618K(1025664K), 3.2166398 secs]
755276.707: [GC 1025626K(1025664K), 0.7297577 secs]
755278.452: [Full GC 1025662K->1025612K(1025664K), 3.2127795 secs]
755282.682: [Full GC 1025658K->1025610K(1025664K), 3.2007784 secs]
755285.891: [GC 1025610K(1025664K), 0.7298054 secs]
755287.650: [Full GC 1025663K->1025633K(1025664K), 3.2067968 secs]
755290.866: [Full GC 1025662K->1025604K(1025664K), 3.1964997 secs]
755294.071: [GC 1025613K(1025664K), 0.7307522 secs]
755295.818: [Full GC 1025662K->1025630K(1025664K), 3.2002254 secs]
755299.028: [Full GC 1025663K->1025633K(1025664K), 3.1974837 secs]
755302.234: [GC 1025633K(1025664K), 0.7298911 secs]
755303.966: [Full GC 1025656K->1025620K(1025664K), 3.2140435 secs]
755307.190: [Full GC 1025663K->1025649K(1025664K), 3.2062312 secs]
755310.405: [GC 1025649K(1025664K), 0.7292690 secs]
755312.145: [Full GC 1025663K->1025627K(1025664K), 3.2079590 secs]
755315.363: [Full GC 1025663K->1025629K(1025664K), 3.2027327 secs]
755318.575: [GC 1025629K(1025664K), 0.7289726 secs]
755320.313: [Full GC 1025663K->1025618K(1025664K), 3.2021433 secs]
755323.524: [Full GC 1025663K->1025628K(1025664K), 3.2003215 secs]
755326.733: [GC 1025629K(1025664K), 0.7326870 secs]
755328.597: [Full GC 1025658K->1025613K(1025664K), 3.2071041 secs]
755332.822: [Full GC 1025663K->1025609K(1025664K), 3.2205084 secs]
755336.051: [GC 1025609K(1025664K), 0.7347769 secs]
755337.798: [Full GC 1025663K->1025635K(1025664K), 3.2265682 secs]
755341.034: [Full GC 1025662K->1025626K(1025664K), 3.2010844 secs]
755344.243: [GC 1025634K(1025664K), 0.7349164 secs]
755345.993: [Full GC 1025663K->1025626K(1025664K), 3.2079938 secs]
755349.211: [Full GC 1025663K->1025631K(1025664K), 3.1999281 secs]
755352.419: [GC 1025631K(1025664K), 0.7295383 secs]
755354.152: [Full GC 1025663K->1025612K(1025664K), 3.2119209 secs]
755357.373: [Full GC 1025663K->1025632K(1025664K), 3.2043145 secs]
755360.586: [GC 1025632K(1025664K), 0.7297419 secs]
755362.336: [Full GC 1025660K->1025608K(1025664K), 3.2074292 secs]
755365.554: [Full GC 1025663K->1025619K(1025664K), 3.2119042 secs]
755368.774: [GC 1025619K(1025664K), 0.7302348 secs]
755370.528: [Full GC 1025663K->1025621K(1025664K), 3.2004338 secs]
755373.738: [Full GC 1025663K->1025634K(1025664K), 3.2018538 secs]
755376.948: [GC 1025637K(1025664K), 0.7289883 secs]
755378.702: [Full GC 1025660K->1025620K(1025664K), 3.2074019 secs]
755381.918: [Full GC 1025628K->1025626K(1025664K), 3.1939483 secs]
755385.120: [GC 1025627K(1025664K), 0.7289619 secs]
755386.863: [Full GC 1025662K->1025633K(1025664K), 3.2084601 secs]
755390.081: [Full GC 1025659K->1025642K(1025664K), 3.2372610 secs]
755393.326: [GC 1025650K(1025664K), 0.7292485 secs]
755395.077: [Full GC 1025663K->1025658K(1025664K), 3.2195444 secs]
755398.305: [Full GC 1025663K->1025659K(1025664K), 3.2135012 secs]
755401.527: [GC 1025661K(1025664K), 0.7303545 secs]
755403.289: [Full GC 1025663K->1025661K(1025664K), 3.2029291 secs]
755406.501: [Full GC 1025663K->1025658K(1025664K), 3.2054529 secs]
755409.715: [GC 1025661K(1025664K), 0.7289245 secs]
755411.441: [Full GC 1025663K->1025640K(1025664K), 3.2011076 secs]
755414.651: [Full GC 1025663K->1025645K(1025664K), 3.2058444 secs]
755417.864: [GC 1025647K(1025664K), 0.7291549 secs]
755419.608: [Full GC 1025655K->1025648K(1025664K), 3.2006189 secs]
755422.818: [Full GC 1025657K->1025657K(1025664K), 3.2034724 secs]
755426.030: [Full GC 1025657K->1025649K(1025664K), 3.2005686 secs]
755429.239: [GC 1025657K(1025664K), 0.7298032 secs]
755430.973: [Full GC 1025663K->1025660K(1025664K), 3.1973466 secs]
755434.179: [Full GC 1025663K->1025659K(1025664K), 3.2031742 secs]
755437.391: [GC 1025660K(1025664K), 0.7290843 secs]
755439.118: [Full GC 1025663K->1025643K(1025664K), 3.1999035 secs]
755442.327: [Full GC 1025663K->1025654K(1025664K), 3.2016899 secs]
755445.537: [GC 1025663K(1025664K), 0.7289631 secs]
755447.285: [Full GC 1025663K->1025662K(1025664K), 3.2286951 secs]
755450.522: [Full GC 1025663K->1025663K(1025664K), 3.2279620 secs]
755453.759: [GC 1025663K(1025664K), 0.7291752 secs]
755455.556: [Full GC 1025663K->1025663K(1025664K), 3.2054739 secs]
755458.770: [Full GC 1025663K->1025657K(1025664K), 3.2114097 secs]
755461.990: [Full GC 1025663K->1025654K(1025664K), 3.1986381 secs]
755465.197: [GC 1025654K(1025664K), 0.7299142 secs]
755466.949: [Full GC 1025659K->1025622K(1025664K), 3.2112162 secs]
755470.169: [Full GC 1025663K->1025656K(1025664K), 3.2026642 secs]
755473.379: [GC 1025657K(1025664K), 0.7296100 secs]
755475.137: [Full GC 1025663K->1025660K(1025664K), 3.2050530 secs]
755478.350: [Full GC 1025663K->1025660K(1025664K), 3.1956279 secs]
755481.555: [Full GC 1025662K->1025661K(1025664K), 3.2005137 secs]
755484.763: [GC 1025663K(1025664K), 0.7294584 secs]
755486.520: [Full GC 1025663K->1025662K(1025664K), 3.2033076 secs]
755489.732: [Full GC 1025662K->1025662K(1025664K), 3.1955933 secs]
755492.936: [Full GC 1025663K->1025662K(1025664K), 3.1979918 secs]
755496.142: [GC 1025663K(1025664K), 0.7308901 secs]
755497.881: [Full GC 1025663K->1025658K(1025664K), 3.1999121 secs]
755501.090: [Full GC 1025663K->1025659K(1025664K), 3.2070781 secs]
755504.305: [GC 1025660K(1025664K), 0.7299774 secs]
755506.048: [Full GC 1025664K->1025644K(1025664K), 3.2125753 secs]
755509.270: [Full GC 1025657K->1025651K(1025664K), 3.2138817 secs]
755512.492: [GC 1025660K(1025664K), 0.7369823 secs]
755514.281: [Full GC 1025663K->1025663K(1025664K), 3.2054210 secs]
755517.495: [Full GC 1025663K->1025662K(1025664K), 3.2097004 secs]
755520.713: [Full GC 1025663K->1025663K(1025664K), 3.2054432 secs]
755523.927: [Full GC 1025663K->1025661K(1025664K), 3.2063015 secs]
755527.142: [GC 1025661K(1025664K), 0.7298265 secs]
755528.890: [Full GC 1025663K->1025663K(1025664K), 3.2080886 secs]
755532.107: [Full GC 1025663K->1025663K(1025664K), 3.2152993 secs]
755535.330: [Full GC 1025663K->1025663K(1025664K), 3.2020522 secs]
755538.541: [GC 1025663K(1025664K), 0.7289987 secs]
755540.280: [Full GC 1025663K->1025661K(1025664K), 3.2050214 secs]
755543.494: [Full GC 1025663K->1025644K(1025664K), 3.2139100 secs]
755546.716: [GC 1025646K(1025664K), 0.7292956 secs]
755548.451: [Full GC 1025663K->1025660K(1025664K), 3.2077010 secs]
755551.668: [Full GC 1025663K->1025661K(1025664K), 3.1988151 secs]
755554.875: [GC 1025661K(1025664K), 0.7344383 secs]
755556.670: [Full GC 1025663K->1025661K(1025664K), 3.2030595 secs]
755559.882: [Full GC 1025663K->1025662K(1025664K), 3.1986549 secs]
755563.089: [Full GC 1025663K->1025663K(1025664K), 3.1982218 secs]
755566.295: [Full GC 1025663K->1025660K(1025664K), 3.2040306 secs]
755569.508: [Full GC 1025664K->1025662K(1025664K), 3.2154603 secs]
755572.730: [GC 1025662K(1025664K), 0.7421574 secs]
755574.504: [Full GC 1025663K->1025663K(1025664K), 3.2178763 secs]
755577.731: [Full GC 1025663K->1025663K(1025664K), 3.2054158 secs]
755580.944: [Full GC 1025663K->1025663K(1025664K), 3.2059670 secs]
755584.159: [Full GC 1025663K->1025663K(1025664K), 3.2008136 secs]
755587.368: [Full GC 1025663K->1025663K(1025664K), 3.1999271 secs]
755590.576: [Full GC 1025663K->1025662K(1025664K), 3.2050819 secs]
755593.790: [Full GC 1025663K->1025646K(1025664K), 3.2239252 secs]
755597.023: [GC 1025646K(1025664K), 0.7294911 secs]
755598.757: [Full GC 1025659K->1025602K(1025664K), 3.2030697 secs]
755601.969: [Full GC 1025663K->1025632K(1025664K), 3.1952940 secs]
755605.173: [GC 1025634K(1025664K), 0.7298891 secs]
755606.932: [Full GC 1025664K->1025639K(1025664K), 3.2033750 secs]
755610.144: [Full GC 1025663K->1025642K(1025664K), 3.1981515 secs]
755613.351: [GC 1025643K(1025664K), 0.7293075 secs]
755615.080: [Full GC 1025663K->1025646K(1025664K), 3.2029051 secs]
755618.292: [Full GC 1025662K->1025651K(1025664K), 3.1968348 secs]
755621.497: [GC 1025652K(1025664K), 0.7303224 secs]
755623.244: [Full GC 1025663K->1025650K(1025664K), 3.2056096 secs]
755626.459: [Full GC 1025663K->1025649K(1025664K), 3.2178943 secs]
755629.685: [GC 1025649K(1025664K), 0.7298367 secs]
755631.449: [Full GC 1025661K->1025635K(1025664K), 3.2304119 secs]
755634.689: [Full GC 1025656K->1025626K(1025664K), 3.2034456 secs]
755637.901: [GC 1025634K(1025664K), 0.7290734 secs]
755639.648: [Full GC 1025663K->1025660K(1025664K), 3.2167073 secs]
755642.873: [Full GC 1025663K->1025662K(1025664K), 3.2006198 secs]
755646.081: [GC 1025662K(1025664K), 0.7291100 secs]
755647.819: [Full GC 1025663K->1025645K(1025664K), 3.2102460 secs]
755651.038: [Full GC 1025663K->1025625K(1025664K), 3.2016215 secs]
755654.248: [GC 1025627K(1025664K), 0.7307025 secs]
755656.009: [Full GC 1025660K->1025618K(1025664K), 3.2085935 secs]
755659.228: [Full GC 1025663K->1025610K(1025664K), 3.2034069 secs]
755662.439: [GC 1025610K(1025664K), 0.7289859 secs]
755664.257: [Full GC 1025654K->1025608K(1025664K), 3.2084372 secs]
755667.475: [Full GC 1025663K->1025632K(1025664K), 3.1967865 secs]
755670.680: [GC 1025632K(1025664K), 0.7293268 secs]
755672.415: [Full GC 1025659K->1025616K(1025664K), 3.2054713 secs]
755675.631: [Full GC 1025663K->1025632K(1025664K), 3.2034593 secs]
755678.842: [GC 1025633K(1025664K), 0.7296284 secs]
755680.583: [Full GC 1025662K->1025610K(1025664K), 3.2049112 secs]
755683.798: [Full GC 1025661K->1025610K(1025664K), 3.2005775 secs]
755687.007: [GC 1025618K(1025664K), 0.7291214 secs]
755688.758: [Full GC 1025662K->1025612K(1025664K), 3.2082602 secs]
755691.975: [Full GC 1025663K->1025643K(1025664K), 3.2206424 secs]
755695.204: [GC 1025648K(1025664K), 0.7294382 secs]
755696.953: [Full GC 1025663K->1025624K(1025664K), 3.2089735 secs]
755700.170: [Full GC 1025625K->1025623K(1025664K), 3.2172733 secs]
755703.394: [GC 1025624K(1025664K), 0.7328537 secs]
755705.153: [Full GC 1025663K->1025649K(1025664K), 3.2152875 secs]
755708.377: [Full GC 1025663K->1025655K(1025664K), 3.1987448 secs]
755711.584: [GC 1025655K(1025664K), 0.7306767 secs]
755713.325: [Full GC 1025663K->1025640K(1025664K), 3.2165940 secs]
755716.551: [Full GC 1025657K->1025651K(1025664K), 3.1965238 secs]
755719.756: [GC 1025659K(1025664K), 0.7319460 secs]
755721.510: [Full GC 1025663K->1025659K(1025664K), 3.2039661 secs]
755724.723: [Full GC 1025663K->1025661K(1025664K), 3.2065154 secs]
755727.938: [Full GC 1025663K->1025663K(1025664K), 3.1985852 secs]
755731.144: [Full GC 1025663K->1025658K(1025664K), 3.1970617 secs]
755734.350: [GC 1025660K(1025664K), 0.7296508 secs]
755736.090: [Full GC 1025663K->1025661K(1025664K), 3.2088737 secs]
755739.308: [Full GC 1025663K->1025657K(1025664K), 3.1979708 secs]
755742.514: [GC 1025657K(1025664K), 0.7299587 secs]
755744.305: [Full GC 1025660K->1025641K(1025664K), 3.2049798 secs]
755747.519: [Full GC 1025662K->1025659K(1025664K), 3.2053460 secs]
755750.733: [GC 1025661K(1025664K), 0.7300596 secs]
755752.534: [Full GC 1025663K->1025661K(1025664K), 3.2218526 secs]
755755.764: [Full GC 1025663K->1025663K(1025664K), 3.2037496 secs]
755758.976: [Full GC 1025663K->1025662K(1025664K), 3.2116198 secs]
755762.196: [GC 1025662K(1025664K), 0.7289094 secs]
755763.930: [Full GC 1025663K->1025658K(1025664K), 3.2000049 secs]
755767.139: [Full GC 1025663K->1025661K(1025664K), 3.2087469 secs]
755770.356: [GC 1025662K(1025664K), 0.7286789 secs]
755772.108: [Full GC 1025664K->1025644K(1025664K), 3.2049438 secs]
755775.322: [Full GC 1025657K->1025653K(1025664K), 3.8712794 secs]
755779.201: [GC 1025662K(1025664K), 0.7289808 secs]
755780.947: [Full GC 1025663K->1025662K(1025664K), 3.1985094 secs]
755784.154: [Full GC 1025663K->1025663K(1025664K), 3.2068329 secs]
755787.369: [Full GC 1025663K->1025660K(1025664K), 3.1994350 secs]
755790.577: [GC 1025663K(1025664K), 0.7296719 secs]
755792.312: [Full GC 1025663K->1025662K(1025664K), 3.2006642 secs]
755795.521: [Full GC 1025663K->1025662K(1025664K), 3.1992480 secs]
755798.729: [Full GC 1025663K->1025663K(1025664K), 3.1973394 secs]
755801.935: [Full GC 1025663K->1025663K(1025664K), 3.1969119 secs]
755805.140: [GC 1025663K(1025664K), 0.7291682 secs]
755806.886: [Full GC 1025663K->1025663K(1025664K), 3.2064856 secs]
755810.101: [Full GC 1025663K->1025663K(1025664K), 3.2162220 secs]
755813.326: [Full GC 1025663K->1025663K(1025664K), 3.2147195 secs]
755816.549: [Full GC 1025663K->1025663K(1025664K), 3.2050605 secs]
755819.761: [Full GC 1025663K->1025663K(1025664K), 3.2134399 secs]
755822.982: [Full GC 1025663K->1025663K(1025664K), 3.2007873 secs]
755826.192: [Full GC 1025663K->1025663K(1025664K), 3.2114855 secs]
755829.412: [Full GC 1025663K->1025663K(1025664K), 3.2028570 secs]
755832.623: [Full GC 1025663K->1025663K(1025664K), 3.2064499 secs]
755835.836: [Full GC 1025663K->1025662K(1025664K), 3.2087513 secs]
755839.054: [Full GC 1025663K->1025637K(1025664K), 3.2049428 secs]
755842.267: [GC 1025638K(1025664K), 0.7294147 secs]
755844.006: [Full GC 1025656K->1025630K(1025664K), 3.2123650 secs]
755847.228: [Full GC 1025663K->1025639K(1025664K), 3.1998224 secs]
755850.434: [GC 1025640K(1025664K), 0.7293176 secs]
755852.181: [Full GC 1025663K->1025658K(1025664K), 3.2016265 secs]
755855.391: [Full GC 1025663K->1025640K(1025664K), 3.2030232 secs]
755858.602: [GC 1025642K(1025664K), 0.7287755 secs]
755860.361: [Full GC 1025663K->1025648K(1025664K), 3.2022310 secs]
755863.572: [Full GC 1025663K->1025646K(1025664K), 3.1986288 secs]
755866.779: [GC 1025647K(1025664K), 0.7365933 secs]
755868.576: [Full GC 1025663K->1025651K(1025664K), 3.1986908 secs]
755871.784: [Full GC 1025663K->1025648K(1025664K), 3.2322244 secs]
755875.025: [GC 1025651K(1025664K), 0.7304422 secs]
755876.784: [Full GC 1025662K->1025657K(1025664K), 3.1982775 secs]
755879.989: [Full GC 1025657K->1025652K(1025664K), 3.2211838 secs]
755883.219: [Full GC 1025663K->1025662K(1025664K), 3.8688868 secs]
755887.096: [Full GC 1025663K->1025663K(1025664K), 3.2054547 secs]
755890.310: [Full GC 1025663K->1025662K(1025664K), 3.2000353 secs]
755893.518: [GC 1025662K(1025664K), 0.7307866 secs]
755895.293: [Full GC 1025663K->1025646K(1025664K), 3.2061256 secs]
755898.508: [Full GC 1025663K->1025650K(1025664K), 3.2039925 secs]
755901.720: [GC 1025652K(1025664K), 0.7294059 secs]
755903.469: [Full GC 1025662K->1025659K(1025664K), 3.2016880 secs]
755906.679: [Full GC 1025659K->1025657K(1025664K), 3.2077268 secs]
755909.896: [GC 1025658K(1025664K), 0.7304700 secs]
755911.635: [Full GC 1025663K->1025646K(1025664K), 3.8690406 secs]
755915.512: [Full GC 1025656K->1025655K(1025664K), 3.1998342 secs]
755918.720: [GC 1025663K(1025664K), 0.7294599 secs]
755920.446: [Full GC 1025663K->1025663K(1025664K), 3.2016313 secs]
755923.657: [Full GC 1025663K->1025663K(1025664K), 3.2008827 secs]
755926.866: [Full GC 1025663K->1025663K(1025664K), 3.2111356 secs]
755930.085: [Full GC 1025663K->1025663K(1025664K), 3.2159887 secs]
755933.310: [Full GC 1025663K->1025663K(1025664K), 3.2156413 secs]
755936.534: [GC 1025663K(1025664K), 0.7356543 secs]
755938.276: [Full GC 1025663K->1025663K(1025664K), 3.2122365 secs]
755941.497: [Full GC 1025663K->1025663K(1025664K), 3.2060815 secs]
755944.711: [Full GC 1025663K->1025663K(1025664K), 3.2091556 secs]
755947.929: [Full GC 1025663K->1025663K(1025664K), 3.1983087 secs]
755951.136: [Full GC 1025663K->1025663K(1025664K), 3.1998883 secs]
755954.344: [Full GC 1025663K->1025663K(1025664K), 3.2112969 secs]
755957.564: [Full GC 1025663K->1025663K(1025664K), 3.1968799 secs]
755960.770: [Full GC 1025663K->1025663K(1025664K), 3.1969290 secs]
755963.974: [Full GC 1025663K->1025663K(1025664K), 3.2058349 secs]
755967.188: [Full GC 1025663K->1025642K(1025664K), 3.2026787 secs]
755970.399: [Full GC 1025664K->1025628K(1025664K), 3.2070473 secs]
755973.615: [GC 1025628K(1025664K), 0.7297659 secs]
755975.352: [Full GC 1025658K->1025654K(1025664K), 3.1993189 secs]
755978.560: [Full GC 1025663K->1025663K(1025664K), 3.1964267 secs]
755981.764: [Full GC 1025663K->1025659K(1025664K), 3.2008021 secs]
755984.974: [GC 1025659K(1025664K), 0.7289311 secs]
755986.728: [Full GC 1025663K->1025654K(1025664K), 3.2173829 secs]
755989.954: [Full GC 1025663K->1025635K(1025664K), 3.2236315 secs]
755993.187: [GC 1025636K(1025664K), 0.7359978 secs]
755994.929: [Full GC 1025661K->1025637K(1025664K), 3.2159748 secs]
755998.154: [Full GC 1025659K->1025654K(1025664K), 3.2173554 secs]
756001.380: [Full GC 1025663K->1025663K(1025664K), 3.2030079 secs]
756004.591: [Full GC 1025663K->1025663K(1025664K), 3.2090224 secs]
756007.808: [GC 1025663K(1025664K), 0.7293880 secs]
756009.556: [Full GC 1025663K->1025646K(1025664K), 3.2001608 secs]
756012.765: [Full GC 1025657K->1025648K(1025664K), 3.2204048 secs]
756015.994: [GC 1025656K(1025664K), 0.7295972 secs]
756017.734: [Full GC 1025660K->1025658K(1025664K), 3.2034170 secs]
756020.946: [Full GC 1025658K->1025657K(1025664K), 3.1972671 secs]
756024.152: [Full GC 1025663K->1025657K(1025664K), 3.2129783 secs]
756027.373: [GC 1025660K(1025664K), 0.7291465 secs]
756029.108: [Full GC 1025660K->1025659K(1025664K), 3.2050616 secs]
756032.321: [Full GC 1025659K->1025659K(1025664K), 3.2032881 secs]
756035.533: [GC 1025660K(1025664K), 0.7294394 secs]
756037.311: [Full GC 1025662K->1025658K(1025664K), 3.2095520 secs]
756040.529: [Full GC 1025663K->1025660K(1025664K), 3.1988455 secs]
756043.736: [GC 1025662K(1025664K), 0.7295861 secs]
756045.473: [Full GC 1025663K->1025661K(1025664K), 3.2116586 secs]
756048.694: [Full GC 1025663K->1025656K(1025664K), 3.2110964 secs]
756051.913: [GC 1025658K(1025664K), 0.7316660 secs]
756053.669: [Full GC 1025663K->1025639K(1025664K), 3.2088543 secs]
756056.887: [Full GC 1025663K->1025658K(1025664K), 3.2001598 secs]
756060.096: [GC 1025659K(1025664K), 0.7479941 secs]
756061.858: [Full GC 1025663K->1025661K(1025664K), 3.2025329 secs]
756065.069: [Full GC 1025663K->1025661K(1025664K), 3.2092331 secs]
756068.287: [GC 1025663K(1025664K), 0.7308500 secs]
756070.026: [Full GC 1025663K->1025663K(1025664K), 3.2082349 secs]
756073.243: [Full GC 1025663K->1025661K(1025664K), 3.2107399 secs]
756076.463: [Full GC 1025663K->1025661K(1025664K), 3.2001463 secs]
756079.671: [GC 1025661K(1025664K), 0.7296664 secs]
756081.415: [Full GC 1025664K->1025661K(1025664K), 3.1999790 secs]
756084.624: [Full GC 1025663K->1025659K(1025664K), 3.2153007 secs]
756087.848: [GC 1025660K(1025664K), 0.7304716 secs]
756089.589: [Full GC 1025663K->1025660K(1025664K), 3.1997061 secs]
756092.797: [Full GC 1025663K->1025639K(1025664K), 3.1988484 secs]
756096.005: [GC 1025639K(1025664K), 0.7303715 secs]
756097.749: [Full GC 1025663K->1025648K(1025664K), 3.2051459 secs]
756100.963: [Full GC 1025663K->1025639K(1025664K), 3.2012955 secs]
756104.172: [GC 1025640K(1025664K), 0.7303056 secs]
756105.930: [Full GC 1025663K->1025652K(1025664K), 3.2150485 secs]
756109.152: [Full GC 1025663K->1025662K(1025664K), 3.2194529 secs]
756112.380: [Full GC 1025663K->1025662K(1025664K), 3.2110439 secs]
756115.600: [Full GC 1025663K->1025661K(1025664K), 3.2091477 secs]
756118.818: [Full GC 1025663K->1025659K(1025664K), 3.2297534 secs]
756122.056: [Full GC 1025663K->1025657K(1025664K), 3.1960943 secs]
756125.261: [GC 1025658K(1025664K), 0.7295272 secs]
756127.016: [Full GC 1025663K->1025640K(1025664K), 3.2017047 secs]
756130.227: [Full GC 1025661K->1025643K(1025664K), 3.1994188 secs]
756133.435: [GC 1025661K(1025664K), 0.7304004 secs]
756135.192: [Full GC 1025663K->1025662K(1025664K), 3.2094622 secs]
756138.411: [Full GC 1025663K->1025662K(1025664K), 3.1985990 secs]
756141.618: [Full GC 1025663K->1025663K(1025664K), 3.2013766 secs]
756144.827: [Full GC 1025663K->1025661K(1025664K), 3.2115760 secs]
756148.047: [GC 1025663K(1025664K), 0.7300397 secs]
756149.815: [Full GC 1025663K->1025659K(1025664K), 3.2006257 secs]
756153.024: [Full GC 1025663K->1025642K(1025664K), 3.1978041 secs]
756156.230: [GC 1025647K(1025664K), 0.7293150 secs]
756157.995: [Full GC 1025662K->1025648K(1025664K), 3.2050780 secs]
756161.209: [Full GC 1025663K->1025657K(1025664K), 3.1970015 secs]
756164.415: [GC 1025657K(1025664K), 0.7310840 secs]
756166.159: [Full GC 1025663K->1025662K(1025664K), 3.2103348 secs]
756169.378: [Full GC 1025663K->1025663K(1025664K), 3.2112983 secs]
756172.598: [Full GC 1025663K->1025663K(1025664K), 3.2110615 secs]
756175.817: [GC 1025663K(1025664K), 0.7368626 secs]
756177.569: [Full GC 1025664K->1025664K(1025664K), 3.2065306 secs]
756180.784: [Full GC 1025664K->1025661K(1025664K), 3.2104567 secs]
756184.003: [Full GC 1025663K->1025663K(1025664K), 3.2033961 secs]
756187.215: [GC 1025663K(1025664K), 0.7297020 secs]
756188.944: [Full GC 1025663K->1025661K(1025664K), 3.2032627 secs]
756192.154: [Full GC 1025663K->1025650K(1025664K), 3.2114735 secs]
756195.374: [GC 1025652K(1025664K), 0.7304690 secs]
756197.112: [Full GC 1025663K->1025617K(1025664K), 3.2063349 secs]
756200.328: [Full GC 1025663K->1025624K(1025664K), 3.2035545 secs]
756203.540: [GC 1025624K(1025664K), 0.7307410 secs]
756205.329: [Full GC 1025638K->1025609K(1025664K), 3.2170104 secs]
756208.556: [Full GC 1025661K->1025610K(1025664K), 3.2009915 secs]
756211.765: [GC 1025618K(1025664K), 0.7294618 secs]
756213.502: [Full GC 1025663K->1025614K(1025664K), 3.2038769 secs]
756216.716: [Full GC 1025664K->1025633K(1025664K), 3.1959720 secs]
756219.920: [GC 1025633K(1025664K), 0.7293086 secs]
756221.679: [Full GC 1025663K->1025616K(1025664K), 3.2082061 secs]
756224.896: [Full GC 1025663K->1025608K(1025664K), 3.2038524 secs]
756228.107: [Full GC 1025608K->1025602K(1025664K), 3.2091352 secs]
756231.325: [GC 1025603K(1025664K), 0.7612619 secs]
756233.101: [Full GC 1025657K->1025604K(1025664K), 3.2086704 secs]
756236.320: [Full GC 1025657K->1025606K(1025664K), 3.2040493 secs]
756239.532: [GC 1025614K(1025664K), 0.7293208 secs]
756241.299: [Full GC 1025655K->1025604K(1025664K), 3.2008440 secs]
756244.510: [Full GC 1025663K->1025606K(1025664K), 3.2083746 secs]
756247.727: [GC 1025607K(1025664K), 0.7290521 secs]
756249.472: [Full GC 1025663K->1025604K(1025664K), 3.2076653 secs]
756252.688: [Full GC 1025605K->1025604K(1025664K), 3.2150030 secs]
756255.912: [GC 1025604K(1025664K), 0.7387283 secs]
756257.668: [Full GC 1025663K->1025603K(1025664K), 3.2048764 secs]
756260.893: [Full GC 1025663K->1025603K(1025664K), 3.2027136 secs]
756264.104: [GC 1025611K(1025664K), 0.7298033 secs]
756265.845: [Full GC 1025663K->1025601K(1025664K), 3.2094899 secs]
756269.063: [Full GC 1025663K->1025636K(1025664K), 3.1986387 secs]
756272.270: [GC 1025637K(1025664K), 0.7295803 secs]
756274.028: [Full GC 1025659K->1025597K(1025664K), 3.2004021 secs]
756277.238: [Full GC 1025657K->1025606K(1025664K), 3.1984203 secs]
756280.445: [GC 1025614K(1025664K), 0.7298300 secs]
756282.178: [Full GC 1025658K->1025599K(1025664K), 3.2071416 secs]
756285.395: [Full GC 1025663K->1025618K(1025664K), 3.2060726 secs]
756288.609: [GC 1025618K(1025664K), 0.7291572 secs]
756290.370: [Full GC 1025650K->1025597K(1025664K), 3.2422389 secs]
756293.623: [Full GC 1025657K->1025606K(1025664K), 3.2185912 secs]
756296.850: [GC 1025615K(1025664K), 0.7291620 secs]
756298.584: [Full GC 1025663K->1025607K(1025664K), 3.2173921 secs]
756301.812: [Full GC 1025663K->1025601K(1025664K), 3.2004805 secs]
756305.021: [GC 1025607K(1025664K), 0.7296612 secs]
756306.762: [Full GC 1025663K->1025633K(1025664K), 3.2181153 secs]
756309.989: [Full GC 1025662K->1025636K(1025664K), 3.1976236 secs]
756313.196: [GC 1025637K(1025664K), 0.7296943 secs]
756314.954: [Full GC 1025639K->1025598K(1025664K), 3.2284010 secs]
756318.193: [Full GC 1025658K->1025607K(1025664K), 3.1986656 secs]
756321.400: [GC 1025616K(1025664K), 0.7310044 secs]
756323.156: [Full GC 1025659K->1025600K(1025664K), 3.2075254 secs]
756326.373: [Full GC 1025663K->1025619K(1025664K), 3.1972701 secs]
756329.579: [GC 1025619K(1025664K), 0.7299465 secs]
756331.342: [Full GC 1025663K->1025620K(1025664K), 3.1958200 secs]
756334.546: [Full GC 1025624K->1025617K(1025664K), 3.1962801 secs]
756337.751: [GC 1025618K(1025664K), 0.7296702 secs]
756339.493: [Full GC 1025656K->1025599K(1025664K), 3.1990945 secs]
756342.703: [Full GC 1025662K->1025608K(1025664K), 3.2006131 secs]
756345.912: [GC 1025616K(1025664K), 0.7294194 secs]
756347.663: [Full GC 1025663K->1025617K(1025664K), 3.2046372 secs]
756350.876: [Full GC 1025664K->1025642K(1025664K), 3.2420855 secs]
756354.126: [GC 1025643K(1025664K), 0.7417068 secs]
756355.873: [Full GC 1025663K->1025608K(1025664K), 3.2037607 secs]
756359.086: [Full GC 1025663K->1025623K(1025664K), 3.2093812 secs]
756362.304: [GC 1025623K(1025664K), 0.7288730 secs]
756364.053: [Full GC 1025635K->1025604K(1025664K), 3.2013764 secs]
756367.272: [Full GC 1025656K->1025604K(1025664K), 3.2066428 secs]
756370.487: [GC 1025612K(1025664K), 0.7297991 secs]
756372.220: [Full GC 1025663K->1025627K(1025664K), 3.2123796 secs]
756375.443: [Full GC 1025657K->1025616K(1025664K), 3.2109227 secs]
756378.662: [GC 1025625K(1025664K), 0.7290760 secs]
756380.409: [Full GC 1025659K->1025606K(1025664K), 3.2035635 secs]
756383.623: [Full GC 1025663K->1025617K(1025664K), 3.2186459 secs]
756386.850: [GC 1025618K(1025664K), 0.7302935 secs]
756388.603: [Full GC 1025657K->1025605K(1025664K), 3.2033349 secs]
756391.817: [Full GC 1025656K->1025606K(1025664K), 3.1965407 secs]
756395.022: [GC 1025614K(1025664K), 0.7295658 secs]
756396.768: [Full GC 1025663K->1025605K(1025664K), 3.2073195 secs]
756399.985: [Full GC 1025661K->1025602K(1025664K), 3.1963148 secs]
756403.190: [GC 1025610K(1025664K), 0.7291805 secs]
756404.968: [Full GC 1025663K->1025622K(1025664K), 3.2041593 secs]
756408.181: [Full GC 1025626K->1025620K(1025664K), 3.2094881 secs]
756411.398: [GC 1025621K(1025664K), 0.7291018 secs]
756413.149: [Full GC 1025662K->1025609K(1025664K), 3.2125203 secs]
756416.371: [Full GC 1025663K->1025618K(1025664K), 3.2021178 secs]
756419.581: [GC 1025618K(1025664K), 0.7342336 secs]
756421.328: [Full GC 1025659K->1025601K(1025664K), 3.2051180 secs]
756424.542: [Full GC 1025663K->1025619K(1025664K), 3.2140254 secs]
756427.765: [GC 1025619K(1025664K), 0.7305000 secs]
756429.607: [Full GC 1025654K->1025600K(1025664K), 3.2087608 secs]
756432.826: [Full GC 1025659K->1025609K(1025664K), 3.2115446 secs]
756436.045: [GC 1025617K(1025664K), 0.7289784 secs]
756437.789: [Full GC 1025661K->1025601K(1025664K), 3.2086380 secs]
756441.007: [Full GC 1025663K->1025619K(1025664K), 3.1993119 secs]
756444.215: [GC 1025620K(1025664K), 0.7287938 secs]
756445.951: [Full GC 1025663K->1025635K(1025664K), 3.2066237 secs]
756449.168: [Full GC 1025659K->1025609K(1025664K), 3.2018944 secs]
756452.379: [GC 1025617K(1025664K), 0.7302784 secs]
756454.119: [Full GC 1025617K->1025616K(1025664K), 3.2231661 secs]
756457.352: [Full GC 1025660K->1025608K(1025664K), 3.1988076 secs]
756460.559: [GC 1025617K(1025664K), 0.7292490 secs]
756462.307: [Full GC 1025663K->1025609K(1025664K), 3.2012329 secs]
756465.518: [Full GC 1025663K->1025604K(1025664K), 3.2126727 secs]
756468.739: [GC 1025610K(1025664K), 0.7324124 secs]
756470.484: [Full GC 1025663K->1025601K(1025664K), 3.2381124 secs]
756473.731: [Full GC 1025605K->1025600K(1025664K), 3.2108298 secs]
756476.950: [GC 1025600K(1025664K), 0.7302045 secs]
756478.689: [Full GC 1025659K->1025609K(1025664K), 3.2100161 secs]
756481.916: [Full GC 1025658K->1025601K(1025664K), 3.1965356 secs]
756485.120: [GC 1025609K(1025664K), 0.7313635 secs]
756486.878: [Full GC 1025663K->1025604K(1025664K), 3.2101894 secs]
756490.097: [Full GC 1025663K->1025635K(1025664K), 3.2073246 secs]
756493.313: [GC 1025636K(1025664K), 0.7307500 secs]
756495.055: [Full GC 1025663K->1025600K(1025664K), 3.2118020 secs]
756498.278: [Full GC 1025660K->1025609K(1025664K), 3.1964331 secs]
756501.482: [GC 1025617K(1025664K), 0.7301186 secs]
756503.266: [Full GC 1025661K->1025602K(1025664K), 3.2250272 secs]
756506.501: [Full GC 1025658K->1025612K(1025664K), 3.1998095 secs]
756509.709: [GC 1025621K(1025664K), 0.7299799 secs]
756511.469: [Full GC 1025653K->1025600K(1025664K), 3.2001782 secs]
756514.679: [Full GC 1025663K->1025609K(1025664K), 3.1981611 secs]
756517.885: [GC 1025617K(1025664K), 0.7290450 secs]
756519.636: [Full GC 1025664K->1025609K(1025664K), 3.2011133 secs]
756522.847: [Full GC 1025663K->1025604K(1025664K), 3.1981951 secs]
756526.053: [GC 1025605K(1025664K), 0.7288336 secs]
756527.821: [Full GC 1025663K->1025619K(1025664K), 3.2200092 secs]
756531.049: [Full GC 1025628K->1025622K(1025664K), 3.2383733 secs]
756534.296: [GC 1025622K(1025664K), 0.7299539 secs]
756536.042: [Full GC 1025663K->1025619K(1025664K), 3.2027950 secs]
756539.254: [Full GC 1025656K->1025609K(1025664K), 3.2113093 secs]
756542.474: [GC 1025617K(1025664K), 0.7299191 secs]
756544.223: [Full GC 1025663K->1025602K(1025664K), 3.2017438 secs]
756547.443: [Full GC 1025663K->1025605K(1025664K), 3.2048543 secs]
756550.656: [GC 1025606K(1025664K), 0.7296951 secs]
756552.399: [Full GC 1025664K->1025603K(1025664K), 3.2076038 secs]
756555.615: [Full GC 1025603K->1025603K(1025664K), 3.2059339 secs]
756558.829: [GC 1025604K(1025664K), 0.7295743 secs]
756560.555: [Full GC 1025662K->1025602K(1025664K), 3.2013002 secs]
756563.773: [Full GC 1025662K->1025603K(1025664K), 3.2082288 secs]
756566.990: [GC 1025611K(1025664K), 0.7328726 secs]
756568.756: [Full GC 1025663K->1025605K(1025664K), 3.2094570 secs]
756571.983: [Full GC 1025663K->1025618K(1025664K), 3.1977174 secs]
756575.189: [GC 1025620K(1025664K), 0.7350108 secs]
756579.449: [Full GC 1025621K->1025602K(1025664K), 3.1996993 secs]
756582.662: [Full GC 1025663K->1025611K(1025664K), 3.1998700 secs]
756585.870: [GC 1025619K(1025664K), 0.7295554 secs]
756587.616: [Full GC 1025657K->1025603K(1025664K), 3.2130063 secs]
756590.839: [Full GC 1025663K->1025606K(1025664K), 3.2278738 secs]
756594.076: [GC 1025608K(1025664K), 0.7290679 secs]
756595.836: [Full GC 1025663K->1025604K(1025664K), 3.2089576 secs]
756599.054: [Full GC 1025607K->1025603K(1025664K), 3.2167603 secs]
756602.279: [GC 1025603K(1025664K), 0.7290928 secs]
756604.038: [Full GC 1025660K->1025603K(1025664K), 3.1986294 secs]
756607.248: [Full GC 1025657K->1025603K(1025664K), 3.2155704 secs]
756610.472: [GC 1025611K(1025664K), 0.7297413 secs]
756612.231: [Full GC 1025663K->1025606K(1025664K), 3.2052086 secs]
756615.445: [Full GC 1025663K->1025639K(1025664K), 3.2166398 secs]
756618.670: [GC 1025643K(1025664K), 0.7294080 secs]
756620.424: [Full GC 1025663K->1025604K(1025664K), 3.2048924 secs]
756623.637: [Full GC 1025611K->1025602K(1025664K), 3.2059887 secs]
756626.852: [GC 1025602K(1025664K), 0.7300079 secs]
756628.601: [Full GC 1025656K->1025627K(1025664K), 3.2136475 secs]
756631.824: [Full GC 1025663K->1025639K(1025664K), 3.2069236 secs]
756635.039: [GC 1025640K(1025664K), 0.7293735 secs]
756636.794: [Full GC 1025663K->1025651K(1025664K), 3.2041777 secs]
756640.007: [Full GC 1025663K->1025663K(1025664K), 3.1997941 secs]
756643.215: [GC 1025663K(1025664K), 0.7290678 secs]
756644.960: [Full GC 1025663K->1025662K(1025664K), 3.2162731 secs]
756648.185: [Full GC 1025663K->1025663K(1025664K), 3.2046341 secs]
756651.398: [Full GC 1025663K->1025663K(1025664K), 3.2290251 secs]
756654.635: [Full GC 1025663K->1025663K(1025664K), 3.2044367 secs]
756657.848: [Full GC 1025663K->1025661K(1025664K), 3.1979830 secs]
756661.052: [GC 1025662K(1025664K), 0.7391136 secs]
756662.799: [Full GC 1025663K->1025663K(1025664K), 3.2152902 secs]
756666.023: [Full GC 1025663K->1025663K(1025664K), 3.2258344 secs]
756669.257: [GC 1025663K(1025664K), 0.7290809 secs]
756670.993: [Full GC 1025663K->1025663K(1025664K), 3.2022833 secs]
756674.204: [Full GC 1025663K->1025663K(1025664K), 3.2120960 secs]
756677.425: [Full GC 1025663K->1025663K(1025664K), 3.2014184 secs]
756680.635: [Full GC 1025663K->1025663K(1025664K), 3.1957912 secs]
756683.839: [Full GC 1025663K->1025663K(1025664K), 3.2083999 secs]
756687.054: [GC 1025663K(1025664K), 0.7296968 secs]
756688.814: [Full GC 1025663K->1025663K(1025664K), 3.1959610 secs]
756692.018: [Full GC 1025663K->1025663K(1025664K), 3.1992207 secs]
756695.226: [Full GC 1025663K->1025663K(1025664K), 3.1981513 secs]
756698.432: [GC 1025663K(1025664K), 0.7293956 secs]
756700.162: [Full GC 1025664K->1025663K(1025664K), 3.2036924 secs]
756703.374: [Full GC 1025663K->1025663K(1025664K), 3.2006081 secs]
756706.583: [Full GC 1025663K->1025663K(1025664K), 3.2111494 secs]
756709.803: [Full GC 1025663K->1025663K(1025664K), 3.2118345 secs]
756713.023: [Full GC 1025663K->1025663K(1025664K), 3.2217932 secs]
756716.253: [Full GC 1025664K->1025663K(1025664K), 3.2071445 secs]
756719.469: [Full GC 1025663K->1025663K(1025664K), 3.2109314 secs]
756722.688: [Full GC 1025663K->1025663K(1025664K), 3.2010796 secs]
756725.897: [Full GC 1025663K->1025663K(1025664K), 3.2139211 secs]
756729.120: [Full GC 1025664K->1025663K(1025664K), 3.1981087 secs]
756732.327: [Full GC 1025663K->1025663K(1025664K), 3.2010165 secs]
756735.536: [Full GC 1025663K->1025663K(1025664K), 3.2185783 secs]
756738.763: [Full GC 1025663K->1025663K(1025664K), 3.1982827 secs]
756741.970: [Full GC 1025663K->1025663K(1025664K), 3.2003357 secs]
756745.177: [Full GC 1025663K->1025663K(1025664K), 3.2927253 secs]
756748.478: [Full GC 1025663K->1025660K(1025664K), 3.1993689 secs]
756751.686: [GC 1025661K(1025664K), 0.7378965 secs]
756753.429: [Full GC 1025663K->1025620K(1025664K), 3.2042427 secs]
756756.644: [GC 1025659K(1025664K), 0.7325288 secs]
756758.384: [Full GC 1025663K->1025615K(1025664K), 3.7652199 secs]
756762.162: [Full GC 1025662K->1025640K(1025664K), 3.1992700 secs]
756765.375: [GC 1025641K(1025664K), 0.7307999 secs]
756767.110: [Full GC 1025663K->1025644K(1025664K), 3.2050098 secs]
756770.325: [Full GC 1025663K->1025650K(1025664K), 3.2280403 secs]
756773.564: [GC 1025650K(1025664K), 0.7391983 secs]
756775.311: [Full GC 1025663K->1025632K(1025664K), 3.2070748 secs]
756778.527: [GC 1025634K(1025664K), 0.7332746 secs]
756780.268: [Full GC 1025661K->1025650K(1025664K), 3.2505137 secs]
756783.531: [Full GC 1025659K->1025655K(1025664K), 3.2036830 secs]
756786.743: [Full GC 1025655K->1025641K(1025664K), 3.2067987 secs]
756789.959: [GC 1025650K(1025664K), 0.7308649 secs]
756791.757: [Full GC 1025658K->1025639K(1025664K), 3.2185746 secs]
756794.988: [Full GC 1025663K->1025633K(1025664K), 3.2018364 secs]
756798.203: [GC 1025634K(1025664K), 0.7303197 secs]
756799.946: [Full GC 1025658K->1025645K(1025664K), 3.2018723 secs]
756803.157: [Full GC 1025655K->1025653K(1025664K), 3.2167366 secs]
756806.385: [GC 1025662K(1025664K), 0.7311818 secs]
756808.115: [Full GC 1025663K->1025659K(1025664K), 3.2034236 secs]
756811.327: [Full GC 1025659K->1025659K(1025664K), 3.2020206 secs]
756814.538: [GC 1025663K(1025664K), 0.7314513 secs]
756816.283: [Full GC 1025663K->1025653K(1025664K), 3.1993106 secs]
756819.491: [Full GC 1025662K->1025650K(1025664K), 3.1994810 secs]
756822.699: [GC 1025654K(1025664K), 0.7306046 secs]
756824.439: [Full GC 1025655K->1025633K(1025664K), 3.2211489 secs]
756827.669: [Full GC 1025663K->1025652K(1025664K), 3.2041324 secs]
756830.882: [GC 1025661K(1025664K), 0.7317562 secs]
756832.643: [Full GC 1025663K->1025657K(1025664K), 3.2152857 secs]
756835.867: [Full GC 1025657K->1025656K(1025664K), 3.2078599 secs]
756839.084: [Full GC 1025663K->1025656K(1025664K), 3.2114769 secs]
756842.304: [GC 1025657K(1025664K), 0.7305672 secs]
756844.060: [Full GC 1025663K->1025652K(1025664K), 3.2153454 secs]
756847.284: [Full GC 1025658K->1025635K(1025664K), 3.1994299 secs]
756850.492: [GC 1025644K(1025664K), 0.7307159 secs]
756852.256: [Full GC 1025660K->1025650K(1025664K), 3.2164151 secs]
756855.481: [Full GC 1025662K->1025661K(1025664K), 3.2025184 secs]
756858.692: [Full GC 1025661K->1025661K(1025664K), 3.2094621 secs]
756861.910: [GC 1025661K(1025664K), 0.7304918 secs]
756863.658: [Full GC 1025663K->1025635K(1025664K), 3.2137654 secs]
756866.881: [Full GC 1025663K->1025631K(1025664K), 3.1967762 secs]
756870.086: [GC 1025631K(1025664K), 0.7324098 secs]
756871.833: [Full GC 1025663K->1025651K(1025664K), 3.2051059 secs]
756875.047: [Full GC 1025663K->1025656K(1025664K), 3.1990205 secs]
756878.254: [GC 1025660K(1025664K), 0.7304967 secs]
756879.991: [Full GC 1025663K->1025660K(1025664K), 3.2016482 secs]
756883.201: [Full GC 1025663K->1025656K(1025664K), 3.2002933 secs]
756886.410: [GC 1025656K(1025664K), 0.7312705 secs]
756888.149: [Full GC 1025657K->1025639K(1025664K), 3.2117047 secs]
756891.369: [Full GC 1025664K->1025658K(1025664K), 3.2211227 secs]
756894.599: [GC 1025659K(1025664K), 0.7318323 secs]
756896.369: [Full GC 1025663K->1025637K(1025664K), 3.2064387 secs]
756899.585: [Full GC 1025662K->1025635K(1025664K), 3.2143037 secs]
756902.807: [GC 1025637K(1025664K), 0.7305767 secs]
756904.578: [Full GC 1025663K->1025634K(1025664K), 3.2079633 secs]
756907.796: [Full GC 1025664K->1025645K(1025664K), 3.1974554 secs]
756911.001: [GC 1025645K(1025664K), 0.7303254 secs]
756912.743: [Full GC 1025657K->1025627K(1025664K), 3.2207217 secs]
756915.973: [Full GC 1025663K->1025630K(1025664K), 3.2002762 secs]
756919.182: [GC 1025630K(1025664K), 0.7311029 secs]
756920.927: [Full GC 1025663K->1025647K(1025664K), 3.2070910 secs]
756924.143: [Full GC 1025663K->1025627K(1025664K), 3.2118111 secs]
756927.364: [Full GC 1025627K->1025627K(1025664K), 3.1959048 secs]
756930.568: [GC 1025629K(1025664K), 0.7311736 secs]
756932.310: [Full GC 1025660K->1025639K(1025664K), 3.2023010 secs]
756935.522: [Full GC 1025663K->1025632K(1025664K), 3.1985772 secs]
756938.729: [GC 1025633K(1025664K), 0.7304181 secs]
756940.490: [Full GC 1025663K->1025615K(1025664K), 3.2092449 secs]
756943.710: [Full GC 1025663K->1025615K(1025664K), 3.2063141 secs]
756946.925: [GC 1025616K(1025664K), 0.7385701 secs]
756948.695: [Full GC 1025656K->1025624K(1025664K), 3.2139202 secs]
756951.918: [Full GC 1025663K->1025617K(1025664K), 3.2353944 secs]
756955.162: [GC 1025626K(1025664K), 0.7362497 secs]
756956.921: [Full GC 1025663K->1025615K(1025664K), 3.2131524 secs]
756960.142: [Full GC 1025618K->1025613K(1025664K), 3.2183192 secs]
756963.369: [GC 1025614K(1025664K), 0.7314632 secs]
756965.111: [Full GC 1025663K->1025634K(1025664K), 3.2230812 secs]
756968.343: [Full GC 1025663K->1025660K(1025664K), 3.2253329 secs]
756971.577: [Full GC 1025660K->1025657K(1025664K), 3.2189511 secs]
756974.804: [GC 1025657K(1025664K), 0.7457123 secs]
756976.575: [Full GC 1025663K->1025633K(1025664K), 3.2237311 secs]
756979.808: [Full GC 1025662K->1025652K(1025664K), 3.2088636 secs]
756983.025: [GC 1025660K(1025664K), 0.7369400 secs]
756984.784: [Full GC 1025661K->1025660K(1025664K), 3.2247435 secs]
756988.017: [Full GC 1025660K->1025660K(1025664K), 3.2131584 secs]
756991.239: [GC 1025663K(1025664K), 0.7321183 secs]
756992.971: [Full GC 1025663K->1025653K(1025664K), 3.2205655 secs]
756996.200: [Full GC 1025660K->1025652K(1025664K), 3.2156940 secs]
756999.424: [GC 1025660K(1025664K), 0.7317538 secs]
757001.175: [Full GC 1025663K->1025643K(1025664K), 3.2255025 secs]
757004.409: [Full GC 1025663K->1025654K(1025664K), 3.2256031 secs]
757007.643: [GC 1025656K(1025664K), 0.7393868 secs]
757009.423: [Full GC 1025662K->1025636K(1025664K), 3.2332531 secs]
757012.665: [Full GC 1025658K->1025654K(1025664K), 3.2355368 secs]
757015.908: [Full GC 1025654K->1025651K(1025664K), 3.2194060 secs]
757019.136: [GC 1025659K(1025664K), 0.7530921 secs]
757020.913: [Full GC 1025662K->1025662K(1025664K), 3.2304283 secs]
757024.151: [Full GC 1025662K->1025662K(1025664K), 3.2195989 secs]
757027.380: [Full GC 1025663K->1025662K(1025664K), 3.2155063 secs]
757030.604: [Full GC 1025662K->1025662K(1025664K), 3.2271051 secs]
757033.839: [GC 1025662K(1025664K), 0.7433927 secs]
757035.601: [Full GC 1025663K->1025654K(1025664K), 3.2221155 secs]
757038.832: [Full GC 1025662K->1025653K(1025664K), 3.2227454 secs]
757042.064: [GC 1025654K(1025664K), 0.7362063 secs]
757043.813: [Full GC 1025662K->1025637K(1025664K), 3.2284913 secs]
757047.051: [Full GC 1025664K->1025656K(1025664K), 3.2131934 secs]
757050.272: [GC 1025656K(1025664K), 0.7311477 secs]
757052.010: [Full GC 1025663K->1025637K(1025664K), 3.2226223 secs]
757055.241: [Full GC 1025663K->1025658K(1025664K), 3.2095433 secs]
757058.459: [GC 1025659K(1025664K), 0.7343498 secs]
757060.252: [Full GC 1025663K->1025637K(1025664K), 3.2223176 secs]
757063.484: [Full GC 1025663K->1025639K(1025664K), 3.2214838 secs]
757066.713: [GC 1025639K(1025664K), 0.7363064 secs]
757068.468: [Full GC 1025663K->1025649K(1025664K), 3.2188052 secs]
757071.697: [Full GC 1025663K->1025632K(1025664K), 3.2306544 secs]
757074.935: [GC 1025632K(1025664K), 0.7366845 secs]
757076.708: [Full GC 1025662K->1025650K(1025664K), 3.2232344 secs]
757079.940: [Full GC 1025663K->1025649K(1025664K), 3.2288488 secs]
757083.177: [GC 1025649K(1025664K), 0.7328859 secs]
757084.933: [Full GC 1025658K->1025630K(1025664K), 3.2225171 secs]
757088.164: [Full GC 1025661K->1025656K(1025664K), 3.2107153 secs]
757091.383: [Full GC 1025656K->1025640K(1025664K), 3.2252202 secs]
757094.617: [GC 1025649K(1025664K), 0.7415775 secs]
757096.375: [Full GC 1025663K->1025652K(1025664K), 3.2238334 secs]
757099.608: [Full GC 1025663K->1025634K(1025664K), 3.2084399 secs]
757102.824: [GC 1025639K(1025664K), 0.7350085 secs]
757104.594: [Full GC 1025663K->1025650K(1025664K), 3.2268529 secs]
757107.830: [Full GC 1025663K->1025655K(1025664K), 3.2137225 secs]
757111.052: [GC 1025656K(1025664K), 0.7436954 secs]
757112.802: [Full GC 1025663K->1025659K(1025664K), 3.2169932 secs]
757116.028: [Full GC 1025663K->1025659K(1025664K), 3.2153226 secs]
757119.252: [GC 1025659K(1025664K), 0.7335879 secs]
757120.989: [Full GC 1025659K->1025659K(1025664K), 3.2138558 secs]
757124.211: [Full GC 1025659K->1025655K(1025664K), 3.2177348 secs]
757127.438: [Full GC 1025662K->1025657K(1025664K), 3.2344208 secs]
757130.681: [GC 1025659K(1025664K), 0.7399106 secs]
757132.469: [Full GC 1025663K->1025656K(1025664K), 3.2391861 secs]
757135.717: [Full GC 1025659K->1025655K(1025664K), 3.2200206 secs]
757138.945: [Full GC 1025655K->1025654K(1025664K), 3.2314931 secs]
757142.185: [GC 1025655K(1025664K), 0.7348530 secs]
757143.956: [Full GC 1025663K->1025656K(1025664K), 3.2194515 secs]
757147.184: [Full GC 1025663K->1025657K(1025664K), 3.2188385 secs]
757150.411: [GC 1025657K(1025664K), 0.7311100 secs]
757152.171: [Full GC 1025663K->1025656K(1025664K), 3.2198894 secs]
757155.400: [Full GC 1025663K->1025641K(1025664K), 3.2215448 secs]
757158.630: [GC 1025641K(1025664K), 0.7366862 secs]
757160.413: [Full GC 1025657K->1025651K(1025664K), 3.2226678 secs]
757163.644: [Full GC 1025663K->1025660K(1025664K), 3.2229397 secs]
757166.875: [Full GC 1025660K->1025651K(1025664K), 3.2179961 secs]
757170.101: [Full GC 1025660K->1025660K(1025664K), 3.2190051 secs]
757173.328: [Full GC 1025660K->1025660K(1025664K), 3.2129827 secs]
757176.550: [GC 1025662K(1025664K), 0.7347701 secs]
757178.309: [Full GC 1025663K->1025655K(1025664K), 3.2315439 secs]
757181.550: [Full GC 1025662K->1025656K(1025664K), 3.2287963 secs]
757184.786: [Full GC 1025656K->1025656K(1025664K), 3.2146369 secs]
757188.009: [GC 1025656K(1025664K), 0.7441649 secs]
757189.808: [Full GC 1025663K->1025660K(1025664K), 3.2255029 secs]
757193.042: [Full GC 1025663K->1025660K(1025664K), 3.2162683 secs]
757196.267: [GC 1025663K(1025664K), 0.7309211 secs]
757198.011: [Full GC 1025663K->1025661K(1025664K), 3.2213717 secs]
757201.241: [Full GC 1025663K->1025661K(1025664K), 3.2314760 secs]
757204.481: [GC 1025663K(1025664K), 0.7309652 secs]
757206.225: [Full GC 1025663K->1025661K(1025664K), 3.2174170 secs]
757209.451: [Full GC 1025663K->1025662K(1025664K), 3.2115307 secs]
757212.670: [GC 1025662K(1025664K), 0.7373590 secs]
757214.440: [Full GC 1025664K->1025662K(1025664K), 3.2240942 secs]
757217.673: [Full GC 1025663K->1025663K(1025664K), 3.2155330 secs]
757220.897: [GC 1025663K(1025664K), 0.7475070 secs]
757222.665: [Full GC 1025663K->1025662K(1025664K), 3.2198843 secs]
757225.893: [Full GC 1025663K->1025663K(1025664K), 3.2217629 secs]
757229.123: [Full GC 1025663K->1025657K(1025664K), 3.2215304 secs]
757232.353: [GC 1025657K(1025664K), 0.7320573 secs]
757234.090: [Full GC 1025663K->1025659K(1025664K), 3.2098047 secs]
757237.309: [Full GC 1025662K->1025661K(1025664K), 3.2115246 secs]
757240.528: [Full GC 1025661K->1025659K(1025664K), 3.2119842 secs]
757243.747: [GC 1025659K(1025664K), 0.7387511 secs]
757245.507: [Full GC 1025663K->1025661K(1025664K), 3.2397588 secs]
757248.755: [Full GC 1025663K->1025662K(1025664K), 3.2163696 secs]
757251.980: [GC 1025662K(1025664K), 0.7464533 secs]
757253.751: [Full GC 1025663K->1025662K(1025664K), 3.2370503 secs]
757256.996: [Full GC 1025662K->1025657K(1025664K), 3.2216756 secs]
757260.227: [Full GC 1025663K->1025659K(1025664K), 3.2123263 secs]
757263.447: [GC 1025659K(1025664K), 0.7352483 secs]
757265.197: [Full GC 1025660K->1025659K(1025664K), 3.2318603 secs]
757268.437: [Full GC 1025659K->1025657K(1025664K), 3.2227225 secs]
757271.668: [Full GC 1025663K->1025658K(1025664K), 3.2192398 secs]
757274.896: [GC 1025661K(1025664K), 0.7475022 secs]
757276.668: [Full GC 1025662K->1025660K(1025664K), 3.2088564 secs]
757279.885: [Full GC 1025660K->1025658K(1025664K), 3.2185395 secs]
757283.110: [Full GC 1025663K->1025617K(1025664K), 3.2228414 secs]
757286.342: [GC 1025617K(1025664K), 0.7419457 secs]
757288.104: [Full GC 1025617K->1025616K(1025664K), 3.2110673 secs]
757291.324: [Full GC 1025656K->1025651K(1025664K), 3.2072217 secs]
757294.540: [Full GC 1025660K->1025654K(1025664K), 3.2234056 secs]
757297.772: [Full GC 1025663K->1025663K(1025664K), 3.2128266 secs]
757300.993: [Full GC 1025663K->1025663K(1025664K), 3.2160800 secs]
757304.217: [Full GC 1025664K->1025663K(1025664K), 3.2172221 secs]
757307.443: [Full GC 1025663K->1025663K(1025664K), 3.2192436 secs]
757310.670: [Full GC 1025663K->1025663K(1025664K), 3.2445954 secs]
757313.924: [Full GC 1025663K->1025663K(1025664K), 3.2225326 secs]
757317.155: [Full GC 1025663K->1025663K(1025664K), 3.2269349 secs]
757320.390: [Full GC 1025663K->1025663K(1025664K), 3.2321078 secs]
757323.631: [Full GC 1025663K->1025647K(1025664K), 3.2198005 secs]
757326.859: [GC 1025655K(1025664K), 0.7414183 secs]
757328.609: [Full GC 1025663K->1025635K(1025664K), 3.2359144 secs]
757331.854: [Full GC 1025656K->1025652K(1025664K), 3.2220806 secs]
757335.085: [GC 1025660K(1025664K), 0.7497326 secs]
757336.845: [Full GC 1025660K->1025660K(1025664K), 3.2075216 secs]
757340.061: [Full GC 1025660K->1025660K(1025664K), 3.2151603 secs]
757343.285: [Full GC 1025663K->1025653K(1025664K), 3.2269990 secs]
757346.520: [GC 1025655K(1025664K), 0.7360510 secs]
757348.273: [Full GC 1025655K->1025655K(1025664K), 3.2174183 secs]
757351.499: [Full GC 1025655K->1025655K(1025664K), 3.2136741 secs]
757354.722: [Full GC 1025663K->1025655K(1025664K), 3.2179343 secs]
757357.948: [Full GC 1025663K->1025662K(1025664K), 3.2185939 secs]
757361.175: [Full GC 1025662K->1025662K(1025664K), 3.2167295 secs]
757364.401: [Full GC 1025663K->1025655K(1025664K), 3.2209771 secs]
757367.630: [Full GC 1025656K->1025655K(1025664K), 3.2259065 secs]
757370.864: [Full GC 1025655K->1025655K(1025664K), 3.2451345 secs]
757374.118: [GC 1025658K(1025664K), 0.7450682 secs]
757375.873: [Full GC 1025661K->1025657K(1025664K), 3.2325134 secs]
757379.114: [Full GC 1025657K->1025657K(1025664K), 3.2237358 secs]
757382.346: [Full GC 1025662K->1025657K(1025664K), 3.2165876 secs]
757385.571: [Full GC 1025657K->1025657K(1025664K), 3.2214003 secs]
757388.801: [GC 1025657K(1025664K), 0.7474508 secs]
757390.576: [Full GC 1025658K->1025657K(1025664K), 3.2182447 secs]
757393.800: [Full GC 1025657K->1025657K(1025664K), 3.2260733 secs]
757397.035: [GC 1025657K(1025664K), 0.7371906 secs]
757398.817: [Full GC 1025663K->1025655K(1025664K), 3.2094317 secs]
757402.035: [Full GC 1025663K->1025656K(1025664K), 3.2155622 secs]
757405.259: [GC 1025656K(1025664K), 0.7311237 secs]
757407.012: [Full GC 1025663K->1025659K(1025664K), 3.2193817 secs]
757410.240: [Full GC 1025663K->1025639K(1025664K), 3.2117811 secs]
757413.461: [GC 1025639K(1025664K), 0.7349490 secs]
757415.210: [Full GC 1025657K->1025656K(1025664K), 3.2188679 secs]
757418.437: [Full GC 1025656K->1025654K(1025664K), 3.2124670 secs]
757421.658: [Full GC 1025663K->1025656K(1025664K), 3.2100818 secs]
757424.877: [GC 1025658K(1025664K), 0.7371997 secs]
757426.630: [Full GC 1025658K->1025657K(1025664K), 3.2399331 secs]
757429.878: [Full GC 1025657K->1025656K(1025664K), 3.2232711 secs]
757433.110: [GC 1025657K(1025664K), 0.7463587 secs]
757434.887: [Full GC 1025663K->1025632K(1025664K), 3.2254309 secs]
757438.122: [Full GC 1025663K->1025654K(1025664K), 3.2188281 secs]
757441.349: [GC 1025656K(1025664K), 0.7415203 secs]
757443.104: [Full GC 1025663K->1025636K(1025664K), 3.2232171 secs]
757446.337: [Full GC 1025663K->1025642K(1025664K), 3.2209067 secs]
757449.566: [GC 1025643K(1025664K), 0.7343238 secs]
757451.322: [Full GC 1025663K->1025628K(1025664K), 3.2532982 secs]
757454.586: [Full GC 1025663K->1025631K(1025664K), 3.2364413 secs]
757457.830: [GC 1025631K(1025664K), 0.7377696 secs]
757459.573: [Full GC 1025663K->1025648K(1025664K), 3.2306528 secs]
757462.813: [Full GC 1025663K->1025629K(1025664K), 3.2177550 secs]
757466.039: [GC 1025629K(1025664K), 0.7420495 secs]
757467.794: [Full GC 1025629K->1025629K(1025664K), 3.2253663 secs]
757471.029: [Full GC 1025663K->1025640K(1025664K), 3.2133216 secs]
757474.250: [GC 1025641K(1025664K), 0.7332887 secs]
757475.983: [Full GC 1025658K->1025640K(1025664K), 3.2228168 secs]
757479.215: [Full GC 1025658K->1025614K(1025664K), 3.2133233 secs]
757482.437: [GC 1025622K(1025664K), 0.7338064 secs]
757484.175: [Full GC 1025660K->1025613K(1025664K), 3.2344503 secs]
757487.432: [Full GC 1025663K->1025632K(1025664K), 3.2408551 secs]
757490.681: [GC 1025632K(1025664K), 0.7377514 secs]
757492.447: [Full GC 1025663K->1025645K(1025664K), 3.2464206 secs]
757495.703: [Full GC 1025657K->1025627K(1025664K), 3.2216179 secs]
757498.933: [GC 1025635K(1025664K), 0.7310970 secs]
757500.685: [Full GC 1025663K->1025630K(1025664K), 3.2218772 secs]
757503.915: [Full GC 1025662K->1025645K(1025664K), 3.2230425 secs]
757507.147: [GC 1025646K(1025664K), 0.7496642 secs]
757508.922: [Full GC 1025663K->1025627K(1025664K), 3.2239932 secs]
757513.162: [Full GC 1025663K->1025626K(1025664K), 3.2224527 secs]
757516.393: [GC 1025626K(1025664K), 0.7305921 secs]
757518.148: [Full GC 1025656K->1025647K(1025664K), 3.2204627 secs]
757521.377: [Full GC 1025663K->1025652K(1025664K), 3.2211260 secs]
757524.607: [GC 1025652K(1025664K), 0.7345805 secs]
757526.382: [Full GC 1025660K->1025615K(1025664K), 3.2246551 secs]
757529.618: [Full GC 1025663K->1025614K(1025664K), 3.2156558 secs]
757532.841: [GC 1025614K(1025664K), 0.7369837 secs]
757534.617: [Full GC 1025663K->1025643K(1025664K), 3.2429247 secs]
757537.869: [Full GC 1025660K->1025627K(1025664K), 3.2327577 secs]
757541.110: [GC 1025635K(1025664K), 0.7369870 secs]
757542.862: [Full GC 1025663K->1025630K(1025664K), 3.2203119 secs]
757546.091: [Full GC 1025655K->1025646K(1025664K), 3.2371384 secs]
757549.337: [GC 1025654K(1025664K), 0.7311016 secs]
757551.088: [Full GC 1025654K->1025654K(1025664K), 3.2507496 secs]
757554.347: [Full GC 1025663K->1025662K(1025664K), 3.2330008 secs]
757557.588: [Full GC 1025662K->1025647K(1025664K), 3.2194971 secs]
757560.816: [GC 1025648K(1025664K), 0.7421776 secs]
757562.580: [Full GC 1025663K->1025653K(1025664K), 3.2151875 secs]
757565.804: [Full GC 1025662K->1025650K(1025664K), 3.2270203 secs]
757569.039: [GC 1025655K(1025664K), 0.7435960 secs]
757570.820: [Full GC 1025660K->1025632K(1025664K), 3.2233531 secs]
757574.052: [Full GC 1025662K->1025650K(1025664K), 3.2401095 secs]
757577.300: [GC 1025655K(1025664K), 0.7366151 secs]
757579.042: [Full GC 1025663K->1025632K(1025664K), 3.2251022 secs]
757582.277: [Full GC 1025663K->1025640K(1025664K), 3.2198671 secs]
757585.505: [GC 1025641K(1025664K), 0.7519826 secs]
757587.272: [Full GC 1025663K->1025658K(1025664K), 3.2368956 secs]
757590.518: [Full GC 1025663K->1025661K(1025664K), 3.2161715 secs]
757593.743: [GC 1025661K(1025664K), 0.7412694 secs]
757595.504: [Full GC 1025663K->1025661K(1025664K), 3.2379722 secs]
757598.751: [Full GC 1025663K->1025663K(1025664K), 3.2113414 secs]
757601.971: [GC 1025663K(1025664K), 0.7393408 secs]
757603.753: [Full GC 1025663K->1025663K(1025664K), 3.2186386 secs]
757606.981: [Full GC 1025663K->1025657K(1025664K), 3.2357200 secs]
757610.225: [GC 1025657K(1025664K), 0.7358211 secs]
757612.012: [Full GC 1025660K->1025659K(1025664K), 3.2260007 secs]
757615.246: [Full GC 1025659K->1025659K(1025664K), 3.2209096 secs]
757618.475: [Full GC 1025663K->1025661K(1025664K), 3.2364006 secs]
757621.720: [Full GC 1025663K->1025661K(1025664K), 3.2159654 secs]
757624.945: [GC 1025661K(1025664K), 0.7397961 secs]
757626.706: [Full GC 1025663K->1025661K(1025664K), 3.2225314 secs]
757629.937: [Full GC 1025663K->1025661K(1025664K), 3.2158331 secs]
757633.161: [GC 1025663K(1025664K), 0.7334811 secs]
757634.937: [Full GC 1025663K->1025662K(1025664K), 3.2234666 secs]
757638.169: [Full GC 1025663K->1025663K(1025664K), 3.2141123 secs]
757641.392: [GC 1025663K(1025664K), 0.7317247 secs]
757643.135: [Full GC 1025663K->1025662K(1025664K), 3.2443323 secs]
757646.388: [Full GC 1025662K->1025657K(1025664K), 3.2111743 secs]
757649.608: [Full GC 1025663K->1025659K(1025664K), 3.2066810 secs]
757652.823: [GC 1025659K(1025664K), 0.7368024 secs]
757654.561: [Full GC 1025663K->1025660K(1025664K), 3.2252651 secs]
757657.795: [Full GC 1025663K->1025661K(1025664K), 3.2156010 secs]
757661.019: [Full GC 1025662K->1025662K(1025664K), 3.2239097 secs]
757664.251: [Full GC 1025662K->1025656K(1025664K), 3.2117468 secs]
757667.471: [GC 1025656K(1025664K), 0.7356561 secs]
757669.213: [Full GC 1025663K->1025659K(1025664K), 3.2273698 secs]
757672.449: [Full GC 1025663K->1025660K(1025664K), 3.2182232 secs]
757675.675: [GC 1025663K(1025664K), 0.7400309 secs]
757677.436: [Full GC 1025663K->1025663K(1025664K), 3.2329079 secs]
757680.677: [Full GC 1025663K->1025661K(1025664K), 3.2266352 secs]
757683.912: [Full GC 1025663K->1025657K(1025664K), 3.2282534 secs]
757687.148: [GC 1025658K(1025664K), 0.7383113 secs]
757688.898: [Full GC 1025663K->1025660K(1025664K), 3.2200760 secs]
757692.126: [Full GC 1025661K->1025643K(1025664K), 3.2263779 secs]
757695.361: [GC 1025651K(1025664K), 0.7315375 secs]
757697.126: [Full GC 1025663K->1025659K(1025664K), 3.2170612 secs]
757700.352: [Full GC 1025659K->1025659K(1025664K), 3.2121429 secs]
757703.572: [Full GC 1025659K->1025652K(1025664K), 3.2276812 secs]
757706.808: [GC 1025663K(1025664K), 0.7322537 secs]
757708.553: [Full GC 1025663K->1025663K(1025664K), 3.2098741 secs]
757711.771: [Full GC 1025663K->1025663K(1025664K), 3.2115114 secs]
757714.991: [Full GC 1025663K->1025663K(1025664K), 3.2132441 secs]
757718.212: [Full GC 1025663K->1025661K(1025664K), 3.2176481 secs]
757721.439: [Full GC 1025661K->1025661K(1025664K), 3.2236203 secs]
757724.670: [Full GC 1025661K->1025661K(1025664K), 3.2300879 secs]
757727.909: [GC 1025661K(1025664K), 0.7449598 secs]
757729.662: [Full GC 1025663K->1025615K(1025664K), 3.2364438 secs]
757732.907: [Full GC 1025615K->1025615K(1025664K), 3.2170277 secs]
757736.133: [GC 1025616K(1025664K), 0.7407437 secs]
757737.889: [Full GC 1025662K->1025632K(1025664K), 3.2305608 secs]
757741.129: [Full GC 1025660K->1025616K(1025664K), 3.2171358 secs]
757744.355: [GC 1025624K(1025664K), 0.7299648 secs]
757746.115: [Full GC 1025655K->1025623K(1025664K), 3.2419409 secs]
757749.367: [Full GC 1025663K->1025645K(1025664K), 3.2324330 secs]
757752.608: [GC 1025645K(1025664K), 0.7306669 secs]
757754.350: [Full GC 1025659K->1025629K(1025664K), 3.2297965 secs]
757757.589: [Full GC 1025663K->1025631K(1025664K), 3.2203890 secs]
757760.818: [GC 1025638K(1025664K), 0.7353719 secs]
757762.566: [Full GC 1025663K->1025646K(1025664K), 3.2356967 secs]
757765.811: [Full GC 1025663K->1025654K(1025664K), 3.2393338 secs]
757769.058: [GC 1025662K(1025664K), 0.7382381 secs]
757770.807: [Full GC 1025663K->1025645K(1025664K), 3.2684388 secs]
757774.084: [Full GC 1025645K->1025640K(1025664K), 3.2229831 secs]
757777.316: [GC 1025640K(1025664K), 0.7311294 secs]
757779.061: [Full GC 1025663K->1025616K(1025664K), 3.2177625 secs]
757782.287: [Full GC 1025664K->1025653K(1025664K), 3.1990491 secs]
757785.495: [GC 1025653K(1025664K), 0.7317195 secs]
757787.246: [Full GC 1025663K->1025615K(1025664K), 3.2143874 secs]
757790.474: [Full GC 1025663K->1025614K(1025664K), 3.2293213 secs]
757793.712: [GC 1025614K(1025664K), 0.7437710 secs]
757795.466: [Full GC 1025663K->1025644K(1025664K), 3.2103153 secs]
757798.686: [Full GC 1025662K->1025628K(1025664K), 3.2127220 secs]
757801.907: [GC 1025636K(1025664K), 0.7360496 secs]
757803.659: [Full GC 1025657K->1025654K(1025664K), 3.2178658 secs]
757806.885: [Full GC 1025654K->1025642K(1025664K), 3.2176070 secs]
757810.112: [Full GC 1025662K->1025641K(1025664K), 3.2278159 secs]
757813.348: [GC 1025649K(1025664K), 0.7333706 secs]
757815.135: [Full GC 1025663K->1025660K(1025664K), 3.2158394 secs]
757818.359: [Full GC 1025664K->1025657K(1025664K), 3.2151851 secs]
757821.583: [GC 1025662K(1025664K), 0.7363768 secs]
757823.332: [Full GC 1025663K->1025641K(1025664K), 3.2260020 secs]
757826.567: [Full GC 1025662K->1025640K(1025664K), 3.2124192 secs]
757829.788: [GC 1025648K(1025664K), 0.7342665 secs]
757831.562: [Full GC 1025663K->1025657K(1025664K), 3.2087806 secs]
757834.780: [Full GC 1025659K->1025657K(1025664K), 3.2105330 secs]
757837.998: [Full GC 1025657K->1025656K(1025664K), 3.2117542 secs]
757841.218: [GC 1025656K(1025664K), 0.7350292 secs]
757842.974: [Full GC 1025663K->1025660K(1025664K), 3.2228325 secs]
757846.205: [Full GC 1025660K->1025660K(1025664K), 3.2185552 secs]
757849.432: [GC 1025660K(1025664K), 0.7361835 secs]
757851.194: [Full GC 1025662K->1025660K(1025664K), 3.2330589 secs]
757854.435: [Full GC 1025663K->1025657K(1025664K), 3.2271045 secs]
757857.671: [GC 1025658K(1025664K), 0.7355033 secs]
757859.431: [Full GC 1025663K->1025640K(1025664K), 3.2383195 secs]
757862.678: [Full GC 1025663K->1025657K(1025664K), 3.2308635 secs]
757865.917: [GC 1025663K(1025664K), 0.7355890 secs]
757867.704: [Full GC 1025664K->1025655K(1025664K), 3.2471931 secs]
757870.959: [Full GC 1025662K->1025658K(1025664K), 3.2577929 secs]
757874.226: [GC 1025660K(1025664K), 0.7401580 secs]
757876.010: [Full GC 1025661K->1025661K(1025664K), 3.2103369 secs]
757879.229: [Full GC 1025661K->1025659K(1025664K), 3.2230907 secs]
757882.460: [GC 1025659K(1025664K), 0.7346723 secs]
757884.203: [Full GC 1025663K->1025656K(1025664K), 3.2287924 secs]
757887.440: [Full GC 1025663K->1025655K(1025664K), 3.2229766 secs]
757890.672: [GC 1025656K(1025664K), 0.7350930 secs]
757892.481: [Full GC 1025661K->1025615K(1025664K), 3.2189636 secs]
757895.709: [Full GC 1025661K->1025614K(1025664K), 3.2217821 secs]
757898.940: [GC 1025622K(1025664K), 0.7386725 secs]
757900.696: [Full GC 1025661K->1025639K(1025664K), 3.2204518 secs]
757903.927: [Full GC 1025656K->1025619K(1025664K), 3.2206447 secs]
757907.156: [GC 1025627K(1025664K), 0.7344776 secs]
757908.917: [Full GC 1025663K->1025649K(1025664K), 3.2209391 secs]
757912.147: [Full GC 1025664K->1025631K(1025664K), 3.2403961 secs]
757915.396: [GC 1025631K(1025664K), 0.7306696 secs]
757917.160: [Full GC 1025663K->1025633K(1025664K), 3.2259169 secs]
757920.395: [Full GC 1025663K->1025648K(1025664K), 3.2190824 secs]
757923.623: [GC 1025650K(1025664K), 0.7358061 secs]
757925.376: [Full GC 1025661K->1025648K(1025664K), 3.2153192 secs]
757928.600: [Full GC 1025658K->1025657K(1025664K), 3.2249404 secs]
757931.833: [Full GC 1025657K->1025645K(1025664K), 3.2208877 secs]
757935.062: [GC 1025653K(1025664K), 0.7434247 secs]
757936.838: [Full GC 1025663K->1025634K(1025664K), 3.2384263 secs]
757940.085: [Full GC 1025640K->1025636K(1025664K), 3.2276465 secs]
757943.321: [GC 1025636K(1025664K), 0.7310391 secs]
757945.084: [Full GC 1025662K->1025624K(1025664K), 3.2286412 secs]
757948.322: [Full GC 1025663K->1025633K(1025664K), 3.2281048 secs]
757951.558: [GC 1025633K(1025664K), 0.7506891 secs]
757953.411: [Full GC 1025657K->1025614K(1025664K), 3.2628203 secs]
757956.685: [Full GC 1025662K->1025631K(1025664K), 3.2406845 secs]
757959.935: [GC 1025632K(1025664K), 0.7402294 secs]
757961.701: [Full GC 1025663K->1025645K(1025664K), 3.2388056 secs]
757964.949: [Full GC 1025658K->1025628K(1025664K), 3.2116654 secs]
757968.169: [GC 1025636K(1025664K), 0.7477938 secs]
757969.953: [Full GC 1025663K->1025632K(1025664K), 3.2401912 secs]
757973.202: [Full GC 1025663K->1025629K(1025664K), 3.2235049 secs]
757976.433: [GC 1025630K(1025664K), 0.7323094 secs]
757978.191: [Full GC 1025657K->1025645K(1025664K), 3.2330722 secs]
757981.433: [Full GC 1025663K->1025663K(1025664K), 3.2391805 secs]
757984.681: [GC 1025663K(1025664K), 0.7382226 secs]
757986.470: [Full GC 1025663K->1025659K(1025664K), 3.2703738 secs]
757989.749: [Full GC 1025663K->1025636K(1025664K), 3.2484379 secs]
757993.006: [GC 1025637K(1025664K), 0.7430254 secs]
757994.768: [Full GC 1025638K->1025634K(1025664K), 3.2505360 secs]
758000.032: [GC 1025638K(1025664K), 0.7387877 secs]
758001.801: [Full GC 1025658K->1025616K(1025664K), 3.8644643 secs]
758005.689: [Full GC 1025663K->1025624K(1025664K), 3.2348705 secs]
758008.933: [GC 1025624K(1025664K), 0.7341545 secs]
758010.720: [Full GC 1025663K->1025645K(1025664K), 3.2271194 secs]
758013.957: [Full GC 1025663K->1025649K(1025664K), 3.7848045 secs]
758017.753: [GC 1025650K(1025664K), 0.7392584 secs]
758019.520: [Full GC 1025661K->1025657K(1025664K), 3.2256841 secs]
758022.754: [Full GC 1025657K->1025643K(1025664K), 3.2189684 secs]
758025.987: [Full GC 1025663K->1025615K(1025664K), 3.2345945 secs]
758029.230: [GC 1025615K(1025664K), 0.7351459 secs]
758030.992: [Full GC 1025663K->1025643K(1025664K), 3.2321303 secs]
758034.233: [Full GC 1025663K->1025654K(1025664K), 3.2320407 secs]
758037.479: [GC 1025656K(1025664K), 0.7362680 secs]
758039.230: [Full GC 1025663K->1025658K(1025664K), 3.2173012 secs]
758042.456: [Full GC 1025663K->1025659K(1025664K), 3.2199981 secs]
758045.685: [Full GC 1025663K->1025660K(1025664K), 3.2266277 secs]
758048.920: [GC 1025661K(1025664K), 0.7378949 secs]
758050.689: [Full GC 1025663K->1025661K(1025664K), 3.2279909 secs]
758053.926: [Full GC 1025661K->1025660K(1025664K), 3.2488359 secs]
758057.183: [Full GC 1025661K->1025660K(1025664K), 3.2227776 secs]
758060.414: [Full GC 1025660K->1025660K(1025664K), 3.2216357 secs]
758063.644: [GC 1025660K(1025664K), 0.7415967 secs]
758065.415: [Full GC 1025663K->1025661K(1025664K), 3.2410131 secs]
758068.664: [Full GC 1025663K->1025637K(1025664K), 3.2149175 secs]
758071.888: [GC 1025638K(1025664K), 0.7404272 secs]
758073.659: [Full GC 1025658K->1025646K(1025664K), 3.2314389 secs]
758076.900: [Full GC 1025663K->1025656K(1025664K), 3.2187929 secs]
758080.127: [GC 1025656K(1025664K), 0.7438621 secs]
758081.903: [Full GC 1025663K->1025658K(1025664K), 3.2271004 secs]
758085.139: [Full GC 1025662K->1025658K(1025664K), 3.2380076 secs]
758088.385: [GC 1025660K(1025664K), 0.7392589 secs]
758090.152: [Full GC 1025663K->1025655K(1025664K), 3.2383698 secs]
758093.399: [Full GC 1025658K->1025657K(1025664K), 3.2274876 secs]
758096.635: [Full GC 1025657K->1025656K(1025664K), 3.2253531 secs]
758099.868: [GC 1025657K(1025664K), 0.7383342 secs]
758101.642: [Full GC 1025657K->1025656K(1025664K), 3.2145836 secs]
758104.865: [Full GC 1025656K->1025656K(1025664K), 3.2404238 secs]
758108.114: [GC 1025657K(1025664K), 0.7329612 secs]
758109.897: [Full GC 1025663K->1025658K(1025664K), 3.2403470 secs]
758113.146: [Full GC 1025662K->1025660K(1025664K), 3.2330254 secs]
758116.387: [Full GC 1025660K->1025658K(1025664K), 3.2293254 secs]
758119.625: [GC 1025659K(1025664K), 0.7419733 secs]
758121.413: [Full GC 1025663K->1025637K(1025664K), 3.4810649 secs]
758124.903: [Full GC 1025663K->1025639K(1025664K), 3.3201766 secs]
758128.231: [GC 1025639K(1025664K), 0.7770627 secs]
758130.055: [Full GC 1025660K->1025650K(1025664K), 3.5265482 secs]
758133.590: [Full GC 1025663K->1025641K(1025664K), 3.4236225 secs]
758137.022: [GC 1025641K(1025664K), 0.7493912 secs]
758138.918: [Full GC 1025659K->1025620K(1025664K), 3.3255176 secs]
758142.265: [Full GC 1025663K->1025641K(1025664K), 3.3177383 secs]
758145.591: [GC 1025641K(1025664K), 0.7393919 secs]
758147.357: [Full GC 1025662K->1025644K(1025664K), 3.2521682 secs]
758150.618: [Full GC 1025663K->1025658K(1025664K), 3.2408412 secs]
758153.867: [GC 1025659K(1025664K), 0.7418296 secs]
758155.626: [Full GC 1025663K->1025641K(1025664K), 3.2236629 secs]
758158.859: [Full GC 1025663K->1025621K(1025664K), 3.2278622 secs]
758162.095: [GC 1025623K(1025664K), 0.7369125 secs]
758163.861: [Full GC 1025662K->1025620K(1025664K), 3.2252440 secs]
758168.102: [Full GC 1025641K->1025618K(1025664K), 3.2270719 secs]
758171.337: [GC 1025618K(1025664K), 0.7532092 secs]
758173.107: [Full GC 1025664K->1025618K(1025664K), 3.2638539 secs]
758176.384: [Full GC 1025657K->1025624K(1025664K), 3.2255743 secs]
758179.618: [GC 1025632K(1025664K), 0.7434334 secs]
758181.379: [Full GC 1025663K->1025615K(1025664K), 3.2549986 secs]
758184.644: [Full GC 1025663K->1025616K(1025664K), 3.2812601 secs]
758187.933: [GC 1025632K(1025664K), 0.7564382 secs]
758189.715: [Full GC 1025645K->1025613K(1025664K), 3.2650122 secs]
758192.991: [Full GC 1025662K->1025614K(1025664K), 3.2645243 secs]
758196.263: [GC 1025622K(1025664K), 0.7760497 secs]
758198.054: [Full GC 1025663K->1025614K(1025664K), 3.2386680 secs]
758201.303: [Full GC 1025663K->1025635K(1025664K), 3.2287386 secs]
758204.540: [GC 1025635K(1025664K), 0.7423158 secs]
758206.308: [Full GC 1025663K->1025639K(1025664K), 3.2571807 secs]
758209.574: [Full GC 1025663K->1025639K(1025664K), 3.2290946 secs]
758212.811: [GC 1025639K(1025664K), 0.7420899 secs]
758214.595: [Full GC 1025663K->1025657K(1025664K), 3.2294228 secs]
758217.833: [Full GC 1025663K->1025656K(1025664K), 3.2250170 secs]
758221.066: [GC 1025657K(1025664K), 0.7496687 secs]
758222.836: [Full GC 1025663K->1025639K(1025664K), 3.2353780 secs]
758226.080: [Full GC 1025642K->1025640K(1025664K), 3.2317608 secs]
758229.320: [GC 1025640K(1025664K), 0.7320443 secs]
758231.065: [Full GC 1025663K->1025640K(1025664K), 3.2303300 secs]
758234.305: [Full GC 1025664K->1025660K(1025664K), 3.2739897 secs]
758237.590: [GC 1025660K(1025664K), 0.7435764 secs]
758239.357: [Full GC 1025663K->1025618K(1025664K), 3.2192982 secs]
758242.585: [Full GC 1025663K->1025639K(1025664K), 3.2224944 secs]
758245.817: [GC 1025639K(1025664K), 0.7486680 secs]
758247.610: [Full GC 1025663K->1025642K(1025664K), 3.2234064 secs]
758250.847: [Full GC 1025663K->1025658K(1025664K), 3.2186083 secs]
758254.074: [GC 1025658K(1025664K), 0.7383621 secs]
758255.863: [Full GC 1025663K->1025641K(1025664K), 3.2267890 secs]
758259.103: [Full GC 1025661K->1025627K(1025664K), 3.2208055 secs]
758262.337: [GC 1025635K(1025664K), 0.7325701 secs]
758264.119: [Full GC 1025655K->1025628K(1025664K), 3.2207449 secs]
758267.350: [Full GC 1025663K->1025621K(1025664K), 3.2215796 secs]
758270.583: [GC 1025621K(1025664K), 0.7418323 secs]
758272.329: [Full GC 1025663K->1025618K(1025664K), 3.2341697 secs]
758275.572: [Full GC 1025619K->1025616K(1025664K), 3.2267971 secs]
758278.807: [GC 1025617K(1025664K), 0.7381172 secs]
758280.569: [Full GC 1025661K->1025623K(1025664K), 3.2372184 secs]
758283.818: [Full GC 1025663K->1025615K(1025664K), 3.2268795 secs]
758287.056: [GC 1025615K(1025664K), 0.7492712 secs]
758288.845: [Full GC 1025663K->1025615K(1025664K), 3.2192285 secs]
758292.074: [Full GC 1025663K->1025616K(1025664K), 3.2286987 secs]
758295.311: [GC 1025616K(1025664K), 0.7644199 secs]
758297.093: [Full GC 1025645K->1025614K(1025664K), 3.2181447 secs]
758300.321: [Full GC 1025663K->1025615K(1025664K), 3.2329844 secs]
758303.564: [GC 1025623K(1025664K), 0.7437055 secs]
758305.336: [Full GC 1025663K->1025615K(1025664K), 3.2323939 secs]
758308.579: [Full GC 1025662K->1025618K(1025664K), 3.2222791 secs]
758311.810: [GC 1025619K(1025664K), 0.7570340 secs]
758313.588: [Full GC 1025662K->1025616K(1025664K), 3.2195075 secs]
758316.816: [Full GC 1025617K->1025615K(1025664K), 3.2185991 secs]
758320.043: [GC 1025615K(1025664K), 0.7384850 secs]
758321.811: [Full GC 1025661K->1025622K(1025664K), 3.2275134 secs]
758325.049: [Full GC 1025663K->1025615K(1025664K), 3.2114829 secs]
758328.269: [GC 1025615K(1025664K), 0.7380629 secs]
758330.036: [Full GC 1025663K->1025614K(1025664K), 3.2417176 secs]
758333.288: [Full GC 1025663K->1025615K(1025664K), 3.2331166 secs]
758336.529: [GC 1025616K(1025664K), 0.7383937 secs]
758338.297: [Full GC 1025644K->1025614K(1025664K), 3.2341941 secs]
758341.541: [Full GC 1025662K->1025615K(1025664K), 3.2378920 secs]
758344.787: [GC 1025623K(1025664K), 0.7423072 secs]
758346.552: [Full GC 1025663K->1025615K(1025664K), 3.2357428 secs]
758349.798: [Full GC 1025662K->1025617K(1025664K), 3.2154434 secs]
758353.022: [GC 1025618K(1025664K), 0.7408065 secs]
758354.787: [Full GC 1025662K->1025614K(1025664K), 3.2345032 secs]
758358.030: [Full GC 1025616K->1025615K(1025664K), 3.2166298 secs]
758361.255: [GC 1025615K(1025664K), 0.7406930 secs]
758363.006: [Full GC 1025660K->1025643K(1025664K), 3.2520418 secs]
758366.267: [Full GC 1025663K->1025638K(1025664K), 3.3030285 secs]
758369.579: [GC 1025639K(1025664K), 0.7387520 secs]
758371.344: [Full GC 1025663K->1025639K(1025664K), 3.2281774 secs]
758374.581: [Full GC 1025658K->1025642K(1025664K), 3.2250474 secs]
758377.814: [GC 1025650K(1025664K), 0.7455672 secs]
758379.586: [Full GC 1025661K->1025659K(1025664K), 3.2452697 secs]
758382.840: [Full GC 1025663K->1025643K(1025664K), 3.2218005 secs]
758386.070: [GC 1025643K(1025664K), 0.7400604 secs]
758387.832: [Full GC 1025658K->1025622K(1025664K), 3.2311588 secs]
758391.073: [Full GC 1025664K->1025652K(1025664K), 3.2452194 secs]
758394.326: [GC 1025662K(1025664K), 0.7377265 secs]
758396.119: [Full GC 1025662K->1025661K(1025664K), 3.2296619 secs]
758399.356: [Full GC 1025661K->1025654K(1025664K), 3.2302503 secs]
758402.596: [Full GC 1025663K->1025637K(1025664K), 3.2265258 secs]
758405.830: [GC 1025637K(1025664K), 0.7411221 secs]
758407.639: [Full GC 1025657K->1025619K(1025664K), 3.2383708 secs]
758410.887: [Full GC 1025661K->1025621K(1025664K), 3.2234178 secs]
758414.119: [GC 1025629K(1025664K), 0.7532440 secs]
758415.946: [Full GC 1025663K->1025619K(1025664K), 3.2214331 secs]
758419.176: [Full GC 1025621K->1025618K(1025664K), 3.2179620 secs]
758422.401: [GC 1025618K(1025664K), 0.7322036 secs]
758424.111: [Full GC 1025656K->1025618K(1025664K), 3.2345179 secs]
758427.357: [Full GC 1025663K->1025619K(1025664K), 3.2253468 secs]
758430.590: [GC 1025619K(1025664K), 0.7395268 secs]
758432.369: [Full GC 1025660K->1025624K(1025664K), 3.2316712 secs]
758435.610: [Full GC 1025663K->1025618K(1025664K), 3.2278703 secs]
758438.847: [GC 1025618K(1025664K), 0.7417347 secs]
758440.609: [Full GC 1025663K->1025616K(1025664K), 3.2282042 secs]
758443.845: [Full GC 1025620K->1025616K(1025664K), 3.2133042 secs]
758447.067: [GC 1025617K(1025664K), 0.7365323 secs]
758448.821: [Full GC 1025663K->1025616K(1025664K), 3.2372148 secs]
758452.072: [Full GC 1025662K->1025632K(1025664K), 3.2235430 secs]
758455.304: [GC 1025633K(1025664K), 0.7375119 secs]
758457.055: [Full GC 1025663K->1025616K(1025664K), 3.2186725 secs]
758460.283: [Full GC 1025663K->1025618K(1025664K), 3.2194232 secs]
758463.511: [GC 1025618K(1025664K), 0.7404296 secs]
758465.277: [Full GC 1025618K->1025617K(1025664K), 3.2367741 secs]
758468.523: [Full GC 1025659K->1025623K(1025664K), 3.2174887 secs]
758471.749: [GC 1025631K(1025664K), 0.7366491 secs]
758473.508: [Full GC 1025659K->1025615K(1025664K), 3.2448503 secs]
758476.764: [Full GC 1025663K->1025615K(1025664K), 3.2254674 secs]
758479.998: [GC 1025615K(1025664K), 0.7397381 secs]
758481.774: [Full GC 1025663K->1025618K(1025664K), 3.2216550 secs]
758485.004: [Full GC 1025663K->1025634K(1025664K), 3.2447306 secs]
758488.257: [GC 1025634K(1025664K), 0.7321788 secs]
758490.036: [Full GC 1025654K->1025615K(1025664K), 3.2305115 secs]
758493.277: [Full GC 1025663K->1025616K(1025664K), 3.2163562 secs]
758496.502: [GC 1025624K(1025664K), 0.7407473 secs]
758498.265: [Full GC 1025663K->1025616K(1025664K), 3.2290567 secs]
758501.504: [Full GC 1025662K->1025618K(1025664K), 3.2262576 secs]
758504.739: [GC 1025619K(1025664K), 0.7381267 secs]
758506.505: [Full GC 1025663K->1025633K(1025664K), 3.2281987 secs]
758510.742: [Full GC 1025647K->1025615K(1025664K), 3.2311966 secs]
758513.982: [GC 1025615K(1025664K), 0.7388752 secs]
758515.736: [Full GC 1025663K->1025616K(1025664K), 3.2262099 secs]
758518.974: [Full GC 1025663K->1025616K(1025664K), 3.2245335 secs]
758522.207: [GC 1025616K(1025664K), 0.7388633 secs]
758523.999: [Full GC 1025663K->1025619K(1025664K), 3.2307912 secs]
758527.239: [Full GC 1025658K->1025616K(1025664K), 3.2187549 secs]
758530.466: [GC 1025624K(1025664K), 0.7392144 secs]
758532.229: [Full GC 1025635K->1025615K(1025664K), 3.2272454 secs]
758535.468: [Full GC 1025663K->1025616K(1025664K), 3.2260490 secs]
758538.703: [GC 1025616K(1025664K), 0.7413331 secs]
758540.574: [Full GC 1025664K->1025616K(1025664K), 3.2461100 secs]
758543.830: [Full GC 1025663K->1025619K(1025664K), 3.2279542 secs]
758547.067: [GC 1025620K(1025664K), 0.7443655 secs]
758548.853: [Full GC 1025662K->1025617K(1025664K), 3.2249991 secs]
758552.086: [Full GC 1025620K->1025616K(1025664K), 3.2202413 secs]
758555.315: [GC 1025616K(1025664K), 0.7321884 secs]
758557.062: [Full GC 1025662K->1025624K(1025664K), 3.2228734 secs]
758560.295: [Full GC 1025663K->1025617K(1025664K), 3.2243376 secs]
758563.528: [GC 1025617K(1025664K), 0.7396009 secs]
758565.306: [Full GC 1025655K->1025625K(1025664K), 3.2303005 secs]
758568.546: [Full GC 1025663K->1025619K(1025664K), 3.2244499 secs]
758571.779: [GC 1025620K(1025664K), 0.7517239 secs]
758573.586: [Full GC 1025663K->1025617K(1025664K), 3.2415592 secs]
758576.836: [Full GC 1025618K->1025617K(1025664K), 3.2212460 secs]
758580.065: [GC 1025618K(1025664K), 0.7388057 secs]
758581.827: [Full GC 1025658K->1025624K(1025664K), 3.2310609 secs]
758585.077: [Full GC 1025663K->1025617K(1025664K), 3.2351613 secs]
758588.321: [GC 1025617K(1025664K), 0.7339662 secs]
758590.086: [Full GC 1025663K->1025638K(1025664K), 3.2320947 secs]
758593.327: [Full GC 1025663K->1025642K(1025664K), 3.2541048 secs]
758596.589: [GC 1025643K(1025664K), 0.7395318 secs]
758598.404: [Full GC 1025663K->1025659K(1025664K), 3.2258129 secs]
758601.638: [Full GC 1025663K->1025656K(1025664K), 3.2165036 secs]
758604.863: [GC 1025657K(1025664K), 0.7398150 secs]
758606.637: [Full GC 1025663K->1025624K(1025664K), 3.2357420 secs]
758609.882: [Full GC 1025663K->1025624K(1025664K), 3.2280412 secs]
758613.118: [GC 1025625K(1025664K), 0.7516008 secs]
758614.908: [Full GC 1025657K->1025621K(1025664K), 3.2467958 secs]
758618.165: [Full GC 1025655K->1025629K(1025664K), 3.2341859 secs]
758621.407: [GC 1025637K(1025664K), 0.7325996 secs]
758623.158: [Full GC 1025663K->1025617K(1025664K), 3.2219331 secs]
758626.391: [Full GC 1025661K->1025626K(1025664K), 3.2292638 secs]
758629.628: [GC 1025634K(1025664K), 0.7411339 secs]
758631.385: [Full GC 1025663K->1025621K(1025664K), 3.2369095 secs]
758634.631: [Full GC 1025661K->1025626K(1025664K), 3.2283901 secs]
758637.868: [GC 1025634K(1025664K), 0.7505567 secs]
758639.662: [Full GC 1025637K->1025617K(1025664K), 3.2332418 secs]
758642.905: [Full GC 1025663K->1025618K(1025664K), 3.2232327 secs]
758646.137: [GC 1025618K(1025664K), 0.7375849 secs]
758647.913: [Full GC 1025656K->1025626K(1025664K), 3.2320684 secs]
758651.155: [Full GC 1025654K->1025626K(1025664K), 3.2298120 secs]
758654.393: [GC 1025635K(1025664K), 0.7411584 secs]
758656.199: [Full GC 1025663K->1025621K(1025664K), 3.2339484 secs]
758659.442: [Full GC 1025663K->1025636K(1025664K), 3.2127124 secs]
758662.663: [GC 1025637K(1025664K), 0.7377298 secs]
758664.424: [Full GC 1025646K->1025617K(1025664K), 3.2336392 secs]
758667.673: [Full GC 1025663K->1025617K(1025664K), 3.2172599 secs]
758670.898: [GC 1025617K(1025664K), 0.7420677 secs]
758672.677: [Full GC 1025656K->1025626K(1025664K), 3.2346132 secs]
758675.922: [Full GC 1025663K->1025635K(1025664K), 3.2355082 secs]
758679.165: [GC 1025635K(1025664K), 0.7517415 secs]
758680.944: [Full GC 1025663K->1025620K(1025664K), 3.2251670 secs]
758684.178: [Full GC 1025663K->1025636K(1025664K), 3.2168894 secs]
758687.404: [GC 1025640K(1025664K), 0.7416624 secs]
758689.198: [Full GC 1025643K->1025617K(1025664K), 3.2602998 secs]
758692.469: [Full GC 1025663K->1025618K(1025664K), 3.2350100 secs]
758695.712: [GC 1025618K(1025664K), 0.7372966 secs]
758697.468: [Full GC 1025655K->1025626K(1025664K), 3.2273743 secs]
758700.705: [Full GC 1025663K->1025635K(1025664K), 3.2219814 secs]
758703.936: [GC 1025636K(1025664K), 0.7477176 secs]
758705.717: [Full GC 1025663K->1025620K(1025664K), 3.2381631 secs]
758708.964: [Full GC 1025663K->1025636K(1025664K), 3.2179183 secs]
758712.190: [GC 1025636K(1025664K), 0.7334560 secs]
758716.521: [Full GC 1025644K->1025617K(1025664K), 3.2212743 secs]
758719.753: [Full GC 1025663K->1025618K(1025664K), 3.2305171 secs]
758722.992: [GC 1025618K(1025664K), 0.7426657 secs]
758724.748: [Full GC 1025656K->1025626K(1025664K), 3.2244224 secs]
758727.983: [Full GC 1025662K->1025634K(1025664K), 3.2122104 secs]
758731.203: [GC 1025635K(1025664K), 0.7343761 secs]
758732.966: [Full GC 1025663K->1025620K(1025664K), 3.2341282 secs]
758736.209: [Full GC 1025663K->1025636K(1025664K), 3.2206494 secs]
758739.438: [GC 1025637K(1025664K), 0.7364900 secs]
758741.205: [Full GC 1025644K->1025617K(1025664K), 3.2288013 secs]
758744.444: [Full GC 1025663K->1025618K(1025664K), 3.2357092 secs]
758747.688: [GC 1025618K(1025664K), 0.7382206 secs]
758749.445: [Full GC 1025656K->1025626K(1025664K), 3.2339643 secs]
758752.689: [Full GC 1025663K->1025634K(1025664K), 3.2195749 secs]
758755.917: [GC 1025636K(1025664K), 0.7385048 secs]
758757.695: [Full GC 1025663K->1025620K(1025664K), 3.2227423 secs]
758760.927: [Full GC 1025656K->1025628K(1025664K), 3.2260192 secs]
758764.161: [GC 1025636K(1025664K), 0.7402387 secs]
758765.914: [Full GC 1025644K->1025617K(1025664K), 3.2321815 secs]
758769.156: [Full GC 1025663K->1025618K(1025664K), 3.2265834 secs]
758772.392: [GC 1025618K(1025664K), 0.7355081 secs]
758774.136: [Full GC 1025656K->1025627K(1025664K), 3.2451444 secs]
758777.391: [Full GC 1025654K->1025627K(1025664K), 3.2165266 secs]
758780.616: [GC 1025635K(1025664K), 0.7381716 secs]
758782.381: [Full GC 1025663K->1025621K(1025664K), 3.2274859 secs]
758785.618: [Full GC 1025663K->1025646K(1025664K), 3.2288969 secs]
758788.855: [GC 1025652K(1025664K), 0.7401405 secs]
758790.614: [Full GC 1025663K->1025656K(1025664K), 3.2229947 secs]
758793.846: [Full GC 1025663K->1025640K(1025664K), 3.2168998 secs]
758797.071: [GC 1025640K(1025664K), 0.7463662 secs]
758798.834: [Full GC 1025640K->1025640K(1025664K), 3.2291508 secs]
758802.073: [Full GC 1025662K->1025643K(1025664K), 3.2181858 secs]
758805.299: [GC 1025644K(1025664K), 0.7328878 secs]
758807.065: [Full GC 1025663K->1025660K(1025664K), 3.2271939 secs]
758810.301: [Full GC 1025664K->1025642K(1025664K), 3.2317021 secs]
758813.541: [GC 1025642K(1025664K), 0.7383666 secs]
758815.307: [Full GC 1025654K->1025645K(1025664K), 3.2315701 secs]
758818.547: [Full GC 1025655K->1025654K(1025664K), 3.2321692 secs]
758821.787: [Full GC 1025654K->1025651K(1025664K), 3.2358123 secs]
758825.031: [GC 1025659K(1025664K), 0.7575222 secs]
758826.818: [Full GC 1025663K->1025620K(1025664K), 3.2211061 secs]
758830.057: [Full GC 1025658K->1025629K(1025664K), 3.2142941 secs]
758833.280: [GC 1025637K(1025664K), 0.7333144 secs]
758835.046: [Full GC 1025656K->1025629K(1025664K), 3.2384938 secs]
758838.294: [Full GC 1025663K->1025621K(1025664K), 3.2191130 secs]
758841.521: [GC 1025621K(1025664K), 0.7357227 secs]
758843.277: [Full GC 1025663K->1025636K(1025664K), 3.2164113 secs]
758847.512: [Full GC 1025648K->1025618K(1025664K), 3.2091391 secs]
758850.728: [GC 1025618K(1025664K), 0.7377786 secs]
758852.477: [Full GC 1025663K->1025619K(1025664K), 3.2240547 secs]
758855.711: [Full GC 1025658K->1025627K(1025664K), 3.2214475 secs]
758858.941: [GC 1025635K(1025664K), 0.7434124 secs]
758860.692: [Full GC 1025655K->1025627K(1025664K), 3.2424751 secs]
758863.944: [Full GC 1025663K->1025621K(1025664K), 3.2199964 secs]
758867.172: [GC 1025621K(1025664K), 0.7357339 secs]
758868.934: [Full GC 1025664K->1025619K(1025664K), 3.2323481 secs]
758872.174: [Full GC 1025620K->1025619K(1025664K), 3.2395488 secs]
758875.422: [GC 1025620K(1025664K), 0.7334485 secs]
758877.186: [Full GC 1025655K->1025619K(1025664K), 3.2290399 secs]
758880.426: [Full GC 1025663K->1025619K(1025664K), 3.2319502 secs]
758883.666: [GC 1025619K(1025664K), 0.7425747 secs]
758885.428: [Full GC 1025661K->1025628K(1025664K), 3.2428312 secs]
758888.680: [Full GC 1025663K->1025621K(1025664K), 3.2234597 secs]
758891.912: [GC 1025622K(1025664K), 0.7425139 secs]
758893.689: [Full GC 1025663K->1025636K(1025664K), 3.2582375 secs]
758897.962: [Full GC 1025647K->1025617K(1025664K), 3.2159934 secs]
758901.186: [GC 1025617K(1025664K), 0.7434675 secs]
758902.969: [Full GC 1025663K->1025618K(1025664K), 3.2375061 secs]
758906.217: [Full GC 1025657K->1025619K(1025664K), 3.2345642 secs]
758909.460: [GC 1025627K(1025664K), 0.7363007 secs]
758911.208: [Full GC 1025655K->1025628K(1025664K), 3.2424341 secs]
758914.460: [Full GC 1025664K->1025622K(1025664K), 3.2178250 secs]
758917.687: [GC 1025623K(1025664K), 0.7378835 secs]
758919.466: [Full GC 1025663K->1025637K(1025664K), 3.2156362 secs]
758923.692: [Full GC 1025649K->1025618K(1025664K), 3.2199459 secs]
758926.920: [GC 1025618K(1025664K), 0.7393261 secs]
758928.682: [Full GC 1025663K->1025637K(1025664K), 3.2206358 secs]
758931.913: [Full GC 1025663K->1025619K(1025664K), 3.2482596 secs]
758935.169: [GC 1025619K(1025664K), 0.7404844 secs]
758936.957: [Full GC 1025661K->1025628K(1025664K), 3.2357970 secs]
758940.202: [Full GC 1025663K->1025622K(1025664K), 3.2344256 secs]
758943.445: [GC 1025622K(1025664K), 0.7384626 secs]
758945.208: [Full GC 1025663K->1025637K(1025664K), 3.2409541 secs]
758949.462: [Full GC 1025649K->1025619K(1025664K), 3.2165508 secs]
758952.687: [GC 1025619K(1025664K), 0.7457369 secs]
758954.452: [Full GC 1025664K->1025637K(1025664K), 3.2605167 secs]
758957.723: [Full GC 1025663K->1025619K(1025664K), 3.2143039 secs]
758960.946: [GC 1025620K(1025664K), 0.7433805 secs]
758962.710: [Full GC 1025661K->1025628K(1025664K), 3.2290295 secs]
758965.948: [Full GC 1025663K->1025622K(1025664K), 3.2225153 secs]
758969.179: [GC 1025622K(1025664K), 0.7364585 secs]
758970.950: [Full GC 1025663K->1025638K(1025664K), 3.2244528 secs]
758975.192: [Full GC 1025650K->1025619K(1025664K), 3.2346112 secs]
758978.435: [GC 1025619K(1025664K), 0.7373299 secs]
758980.196: [Full GC 1025663K->1025637K(1025664K), 3.2223819 secs]
758983.433: [Full GC 1025663K->1025620K(1025664K), 3.2172496 secs]
758986.659: [GC 1025620K(1025664K), 0.7411065 secs]
758988.416: [Full GC 1025661K->1025628K(1025664K), 3.2250251 secs]
758991.651: [Full GC 1025664K->1025622K(1025664K), 3.2480533 secs]
758994.907: [GC 1025622K(1025664K), 0.7415266 secs]
758996.687: [Full GC 1025663K->1025637K(1025664K), 3.2179423 secs]
759000.922: [Full GC 1025649K->1025619K(1025664K), 3.2472837 secs]
759004.177: [GC 1025619K(1025664K), 0.7393895 secs]
759005.947: [Full GC 1025663K->1025637K(1025664K), 3.2414349 secs]
759009.198: [Full GC 1025663K->1025620K(1025664K), 3.2178425 secs]
759012.425: [GC 1025620K(1025664K), 0.7337061 secs]
759014.184: [Full GC 1025662K->1025628K(1025664K), 3.2509068 secs]
759017.444: [Full GC 1025663K->1025622K(1025664K), 3.2308683 secs]
759020.683: [GC 1025622K(1025664K), 0.7384785 secs]
759022.453: [Full GC 1025663K->1025638K(1025664K), 3.2209180 secs]
759026.692: [Full GC 1025650K->1025619K(1025664K), 3.2193110 secs]
759029.920: [GC 1025619K(1025664K), 0.7425276 secs]
759031.688: [Full GC 1025663K->1025637K(1025664K), 3.2172934 secs]
759034.916: [Full GC 1025663K->1025620K(1025664K), 3.2131847 secs]
759038.137: [GC 1025620K(1025664K), 0.7390921 secs]
759039.961: [Full GC 1025662K->1025629K(1025664K), 3.2374973 secs]
759043.208: [Full GC 1025662K->1025622K(1025664K), 3.2168448 secs]
759046.433: [GC 1025623K(1025664K), 0.7348451 secs]
759048.182: [Full GC 1025654K->1025629K(1025664K), 3.2437097 secs]
759052.442: [Full GC 1025652K->1025619K(1025664K), 3.2356419 secs]
759055.686: [GC 1025619K(1025664K), 0.7523547 secs]
759057.457: [Full GC 1025662K->1025636K(1025664K), 3.2249326 secs]
759060.700: [Full GC 1025663K->1025620K(1025664K), 3.2334093 secs]
759063.942: [GC 1025621K(1025664K), 0.7381341 secs]
759065.707: [Full GC 1025654K->1025621K(1025664K), 3.2362667 secs]
759068.953: [Full GC 1025663K->1025622K(1025664K), 3.2268163 secs]
759072.188: [GC 1025623K(1025664K), 0.7407097 secs]
759073.961: [Full GC 1025663K->1025638K(1025664K), 3.2349328 secs]
759078.212: [Full GC 1025652K->1025620K(1025664K), 3.2304095 secs]
759081.451: [GC 1025620K(1025664K), 0.7371976 secs]
759083.203: [Full GC 1025663K->1025637K(1025664K), 3.2298847 secs]
759086.444: [Full GC 1025663K->1025621K(1025664K), 3.2373108 secs]
759089.690: [GC 1025621K(1025664K), 0.7357333 secs]
759091.437: [Full GC 1025655K->1025621K(1025664K), 3.2322859 secs]
759094.679: [Full GC 1025663K->1025623K(1025664K), 3.2225784 secs]
759097.910: [GC 1025623K(1025664K), 0.7416836 secs]
759099.668: [Full GC 1025662K->1025639K(1025664K), 3.2380263 secs]
759103.922: [Full GC 1025655K->1025620K(1025664K), 3.2227898 secs]
759107.153: [GC 1025620K(1025664K), 0.7505008 secs]
759108.990: [Full GC 1025654K->1025629K(1025664K), 3.2336705 secs]
759112.234: [Full GC 1025663K->1025621K(1025664K), 3.2339993 secs]
759115.477: [GC 1025621K(1025664K), 0.7462609 secs]
759117.198: [Full GC 1025656K->1025621K(1025664K), 3.2272236 secs]
759120.435: [Full GC 1025663K->1025623K(1025664K), 3.2349940 secs]
759123.679: [GC 1025623K(1025664K), 0.7404376 secs]
759125.424: [Full GC 1025662K->1025639K(1025664K), 3.2521289 secs]
759129.692: [Full GC 1025655K->1025620K(1025664K), 3.2211349 secs]
759132.922: [GC 1025620K(1025664K), 0.7380430 secs]
759134.638: [Full GC 1025654K->1025629K(1025664K), 3.2394170 secs]
759137.894: [Full GC 1025663K->1025621K(1025664K), 3.2132151 secs]
759141.114: [GC 1025621K(1025664K), 0.7364677 secs]
759142.822: [Full GC 1025656K->1025621K(1025664K), 3.2359450 secs]
759146.068: [Full GC 1025663K->1025623K(1025664K), 3.2288088 secs]
759149.306: [GC 1025624K(1025664K), 0.7331181 secs]
759151.026: [Full GC 1025662K->1025639K(1025664K), 3.2144426 secs]
759155.252: [Full GC 1025655K->1025620K(1025664K), 3.2169661 secs]
759158.477: [GC 1025620K(1025664K), 0.7370241 secs]
759160.235: [Full GC 1025655K->1025629K(1025664K), 3.2338707 secs]
759163.480: [Full GC 1025663K->1025621K(1025664K), 3.2252927 secs]
759166.713: [GC 1025621K(1025664K), 0.7435230 secs]
759168.467: [Full GC 1025657K->1025622K(1025664K), 3.2294998 secs]
759171.706: [Full GC 1025663K->1025623K(1025664K), 3.2312742 secs]
759174.945: [GC 1025624K(1025664K), 0.7425426 secs]
759176.707: [Full GC 1025657K->1025630K(1025664K), 3.2253003 secs]
759180.942: [Full GC 1025652K->1025621K(1025664K), 3.2185809 secs]
759184.169: [GC 1025621K(1025664K), 0.7361842 secs]
759185.992: [Full GC 1025655K->1025629K(1025664K), 3.2349168 secs]
759189.236: [Full GC 1025663K->1025621K(1025664K), 3.2124549 secs]
759192.457: [GC 1025621K(1025664K), 0.7362991 secs]
759194.203: [Full GC 1025657K->1025622K(1025664K), 3.2537157 secs]
759197.467: [Full GC 1025663K->1025624K(1025664K), 3.2347213 secs]
759200.710: [GC 1025624K(1025664K), 0.7370222 secs]
759202.548: [Full GC 1025658K->1025631K(1025664K), 3.2240557 secs]
759206.782: [Full GC 1025652K->1025621K(1025664K), 3.2144938 secs]
759210.005: [GC 1025621K(1025664K), 0.7423685 secs]
759211.812: [Full GC 1025655K->1025630K(1025664K), 3.2345695 secs]
759215.057: [Full GC 1025663K->1025621K(1025664K), 3.2319309 secs]
759218.297: [GC 1025621K(1025664K), 0.7340127 secs]
759220.043: [Full GC 1025657K->1025622K(1025664K), 3.2305505 secs]
759223.284: [Full GC 1025664K->1025624K(1025664K), 3.2181393 secs]
759226.510: [GC 1025624K(1025664K), 0.7383633 secs]
759228.273: [Full GC 1025662K->1025640K(1025664K), 3.2167192 secs]
759232.502: [Full GC 1025657K->1025621K(1025664K), 3.2280495 secs]
759235.738: [GC 1025621K(1025664K), 0.7466742 secs]
759237.499: [Full GC 1025655K->1025630K(1025664K), 3.2257445 secs]
759240.734: [Full GC 1025663K->1025622K(1025664K), 3.2312998 secs]
759243.974: [GC 1025622K(1025664K), 0.7351057 secs]
759245.689: [Full GC 1025658K->1025622K(1025664K), 3.2274643 secs]
759248.927: [Full GC 1025663K->1025624K(1025664K), 3.2132304 secs]
759252.148: [GC 1025624K(1025664K), 0.7387086 secs]
759253.871: [Full GC 1025663K->1025640K(1025664K), 3.2273772 secs]
759258.112: [Full GC 1025657K->1025621K(1025664K), 3.1980546 secs]
759261.318: [GC 1025621K(1025664K), 0.7354999 secs]
759263.036: [Full GC 1025656K->1025630K(1025664K), 3.2204943 secs]
759266.266: [Full GC 1025663K->1025622K(1025664K), 3.2085574 secs]
759269.484: [GC 1025622K(1025664K), 0.7322287 secs]
759271.251: [Full GC 1025658K->1025623K(1025664K), 3.2083780 secs]
759274.469: [Full GC 1025663K->1025624K(1025664K), 3.1919896 secs]
759277.669: [GC 1025625K(1025664K), 0.7326022 secs]
759279.417: [Full GC 1025661K->1025622K(1025664K), 3.2026506 secs]
759283.632: [Full GC 1025642K->1025622K(1025664K), 3.2005776 secs]
759286.841: [GC 1025622K(1025664K), 0.7336926 secs]
759288.595: [Full GC 1025656K->1025630K(1025664K), 3.2070065 secs]
759291.812: [Full GC 1025663K->1025640K(1025664K), 3.2216687 secs]
759295.042: [GC 1025640K(1025664K), 0.7328344 secs]
759296.779: [Full GC 1025658K->1025631K(1025664K), 3.2043850 secs]
759299.993: [Full GC 1025659K->1025631K(1025664K), 3.2039564 secs]
759303.205: [GC 1025639K(1025664K), 0.7315841 secs]
759304.966: [Full GC 1025663K->1025624K(1025664K), 3.2241733 secs]
759308.199: [Full GC 1025658K->1025631K(1025664K), 3.1995436 secs]
759311.407: [GC 1025640K(1025664K), 0.7323882 secs]
759313.192: [Full GC 1025654K->1025622K(1025664K), 3.2158277 secs]
759316.418: [Full GC 1025656K->1025630K(1025664K), 3.2070368 secs]
759319.633: [GC 1025639K(1025664K), 0.7331148 secs]
759321.385: [Full GC 1025663K->1025640K(1025664K), 3.2082795 secs]
759324.603: [Full GC 1025658K->1025631K(1025664K), 3.2136361 secs]
759327.825: [GC 1025639K(1025664K), 0.7317753 secs]
759329.577: [Full GC 1025659K->1025631K(1025664K), 3.2035690 secs]
759332.791: [Full GC 1025662K->1025625K(1025664K), 3.2108019 secs]
759336.010: [GC 1025627K(1025664K), 0.7370542 secs]
759337.766: [Full GC 1025661K->1025632K(1025664K), 3.2040728 secs]
759341.982: [Full GC 1025654K->1025622K(1025664K), 3.2034308 secs]
759345.194: [GC 1025622K(1025664K), 0.7322102 secs]
759346.957: [Full GC 1025656K->1025631K(1025664K), 3.2084436 secs]
759350.175: [Full GC 1025663K->1025640K(1025664K), 3.2201892 secs]
759353.404: [GC 1025641K(1025664K), 0.7318271 secs]
759355.181: [Full GC 1025658K->1025631K(1025664K), 3.2066361 secs]
759358.397: [Full GC 1025659K->1025631K(1025664K), 3.2100977 secs]
759361.616: [GC 1025640K(1025664K), 0.7320929 secs]
759363.348: [Full GC 1025663K->1025625K(1025664K), 3.2079508 secs]
759366.566: [Full GC 1025663K->1025623K(1025664K), 3.2070295 secs]
759369.781: [GC 1025631K(1025664K), 0.7328516 secs]
759374.061: [Full GC 1025642K->1025622K(1025664K), 3.2204696 secs]
759377.291: [Full GC 1025656K->1025631K(1025664K), 3.2035746 secs]
759380.503: [GC 1025639K(1025664K), 0.7320882 secs]
759382.272: [Full GC 1025663K->1025640K(1025664K), 3.2099504 secs]
759385.492: [Full GC 1025658K->1025632K(1025664K), 3.2129335 secs]
759388.713: [GC 1025640K(1025664K), 0.7326822 secs]
759390.461: [Full GC 1025659K->1025632K(1025664K), 3.1996872 secs]
759393.670: [Full GC 1025663K->1025626K(1025664K), 3.2032726 secs]
759396.882: [GC 1025627K(1025664K), 0.7322960 secs]
759398.618: [Full GC 1025663K->1025642K(1025664K), 3.2042493 secs]
759402.832: [Full GC 1025662K->1025622K(1025664K), 3.2042165 secs]
759406.045: [GC 1025622K(1025664K), 0.7334009 secs]
759407.801: [Full GC 1025657K->1025631K(1025664K), 3.2087701 secs]
759411.020: [Full GC 1025662K->1025639K(1025664K), 3.2157407 secs]
759414.244: [GC 1025641K(1025664K), 0.7373104 secs]
759416.005: [Full GC 1025658K->1025632K(1025664K), 3.2138557 secs]
759419.229: [Full GC 1025660K->1025632K(1025664K), 3.2318949 secs]
759422.469: [GC 1025640K(1025664K), 0.7317609 secs]
759424.217: [Full GC 1025662K->1025626K(1025664K), 3.2141790 secs]
759427.441: [Full GC 1025663K->1025624K(1025664K), 3.2122956 secs]
759430.661: [GC 1025627K(1025664K), 0.7329891 secs]
759432.429: [Full GC 1025646K->1025623K(1025664K), 3.2132210 secs]
759435.653: [Full GC 1025657K->1025631K(1025664K), 3.2136555 secs]
759438.875: [GC 1025640K(1025664K), 0.7318778 secs]
759440.617: [Full GC 1025663K->1025640K(1025664K), 3.1974656 secs]
759443.825: [Full GC 1025659K->1025632K(1025664K), 3.2114092 secs]
759447.044: [GC 1025640K(1025664K), 0.7320402 secs]
759448.797: [Full GC 1025660K->1025632K(1025664K), 3.2095313 secs]
759452.016: [Full GC 1025663K->1025626K(1025664K), 3.2054394 secs]
759455.230: [GC 1025627K(1025664K), 0.7323463 secs]
759456.972: [Full GC 1025663K->1025642K(1025664K), 3.2005065 secs]
759461.182: [Full GC 1025663K->1025623K(1025664K), 3.1992233 secs]
759464.388: [GC 1025623K(1025664K), 0.7329295 secs]
759466.162: [Full GC 1025657K->1025632K(1025664K), 3.2064091 secs]
759469.377: [Full GC 1025654K->1025632K(1025664K), 3.2225267 secs]
759472.608: [GC 1025640K(1025664K), 0.7415159 secs]
759474.370: [Full GC 1025659K->1025632K(1025664K), 3.2165948 secs]
759477.596: [Full GC 1025660K->1025632K(1025664K), 3.2015256 secs]
759480.806: [GC 1025640K(1025664K), 0.7430198 secs]
759482.569: [Full GC 1025663K->1025627K(1025664K), 3.2139917 secs]
759485.792: [Full GC 1025663K->1025625K(1025664K), 3.2128606 secs]
759489.014: [GC 1025628K(1025664K), 0.7335649 secs]
759493.261: [Full GC 1025648K->1025623K(1025664K), 3.2379423 secs]
759496.509: [Full GC 1025657K->1025632K(1025664K), 3.2009452 secs]
759499.719: [GC 1025640K(1025664K), 0.7320042 secs]
759501.455: [Full GC 1025655K->1025632K(1025664K), 3.2170931 secs]
759504.683: [Full GC 1025660K->1025632K(1025664K), 3.2236646 secs]
759507.915: [GC 1025641K(1025664K), 0.7328263 secs]
759509.656: [Full GC 1025660K->1025633K(1025664K), 3.2154782 secs]
759512.880: [Full GC 1025663K->1025627K(1025664K), 3.1997552 secs]
759516.089: [GC 1025629K(1025664K), 0.7330900 secs]
759517.836: [Full GC 1025663K->1025642K(1025664K), 3.2075890 secs]
759521.053: [Full GC 1025663K->1025624K(1025664K), 3.2013578 secs]
759524.263: [Full GC 1025625K->1025624K(1025664K), 3.1958616 secs]
759527.467: [GC 1025624K(1025664K), 0.7315839 secs]
759529.219: [Full GC 1025660K->1025632K(1025664K), 3.2139198 secs]
759532.442: [Full GC 1025655K->1025632K(1025664K), 3.2074810 secs]
759535.658: [GC 1025641K(1025664K), 0.7452844 secs]
759537.428: [Full GC 1025660K->1025633K(1025664K), 3.2037656 secs]
759540.642: [Full GC 1025660K->1025633K(1025664K), 3.2117725 secs]
759543.862: [GC 1025641K(1025664K), 0.7327875 secs]
759545.608: [Full GC 1025663K->1025627K(1025664K), 3.2114900 secs]
759548.828: [Full GC 1025663K->1025633K(1025664K), 3.2035000 secs]
759552.040: [GC 1025633K(1025664K), 0.7338920 secs]
759553.815: [Full GC 1025656K->1025624K(1025664K), 3.2360215 secs]
759557.061: [Full GC 1025658K->1025632K(1025664K), 3.2025948 secs]
759560.272: [GC 1025641K(1025664K), 0.7337699 secs]
759562.042: [Full GC 1025655K->1025632K(1025664K), 3.2149080 secs]
759565.267: [Full GC 1025660K->1025633K(1025664K), 3.2149476 secs]
759568.491: [GC 1025641K(1025664K), 0.7320593 secs]
759570.231: [Full GC 1025661K->1025633K(1025664K), 3.1999214 secs]
759573.441: [Full GC 1025663K->1025627K(1025664K), 3.2029585 secs]
759576.652: [GC 1025628K(1025664K), 0.7327815 secs]
759578.397: [Full GC 1025663K->1025633K(1025664K), 3.2022271 secs]
759582.612: [Full GC 1025656K->1025624K(1025664K), 3.2025276 secs]
759585.823: [GC 1025624K(1025664K), 0.7324182 secs]
759587.585: [Full GC 1025658K->1025633K(1025664K), 3.2128253 secs]
759590.808: [Full GC 1025655K->1025633K(1025664K), 3.2176975 secs]
759594.033: [GC 1025641K(1025664K), 0.7331996 secs]
759595.784: [Full GC 1025660K->1025633K(1025664K), 3.2212727 secs]
759599.015: [Full GC 1025661K->1025633K(1025664K), 3.2083821 secs]
759602.232: [GC 1025641K(1025664K), 0.7328741 secs]
759603.972: [Full GC 1025663K->1025627K(1025664K), 3.1996670 secs]
759607.180: [Full GC 1025663K->1025634K(1025664K), 3.2240365 secs]
759610.413: [GC 1025642K(1025664K), 0.7332861 secs]
759612.201: [Full GC 1025656K->1025624K(1025664K), 3.2096053 secs]
759615.420: [Full GC 1025658K->1025633K(1025664K), 3.2119806 secs]
759618.640: [GC 1025641K(1025664K), 0.7334253 secs]
759620.378: [Full GC 1025655K->1025633K(1025664K), 3.2137174 secs]
759623.602: [Full GC 1025661K->1025633K(1025664K), 3.2102885 secs]
759626.820: [GC 1025642K(1025664K), 0.7324951 secs]
759628.568: [Full GC 1025661K->1025633K(1025664K), 3.2013793 secs]
759631.778: [Full GC 1025662K->1025628K(1025664K), 3.2270190 secs]
759635.014: [GC 1025630K(1025664K), 0.7334964 secs]
759636.761: [Full GC 1025662K->1025626K(1025664K), 3.2042020 secs]
759639.974: [Full GC 1025628K->1025625K(1025664K), 3.2107476 secs]
759643.193: [GC 1025626K(1025664K), 0.7317100 secs]
759644.948: [Full GC 1025662K->1025633K(1025664K), 3.2088904 secs]
759648.166: [Full GC 1025654K->1025633K(1025664K), 3.2026694 secs]
759651.377: [GC 1025641K(1025664K), 0.7442267 secs]
759653.147: [Full GC 1025656K->1025633K(1025664K), 3.2148852 secs]
759656.372: [Full GC 1025661K->1025634K(1025664K), 3.2025812 secs]
759659.583: [GC 1025642K(1025664K), 0.7328640 secs]
759661.328: [Full GC 1025661K->1025634K(1025664K), 3.2310336 secs]
759664.568: [Full GC 1025663K->1025628K(1025664K), 3.2125720 secs]
759667.789: [GC 1025632K(1025664K), 0.7327862 secs]
759669.538: [Full GC 1025663K->1025643K(1025664K), 3.2030224 secs]
759672.750: [Full GC 1025663K->1025626K(1025664K), 3.2195859 secs]
759675.978: [Full GC 1025626K->1025626K(1025664K), 3.2153202 secs]
759679.202: [GC 1025627K(1025664K), 0.7335127 secs]
759680.999: [Full GC 1025655K->1025625K(1025664K), 3.2101889 secs]
759684.219: [Full GC 1025656K->1025633K(1025664K), 3.2098597 secs]
759687.438: [GC 1025642K(1025664K), 0.7319699 secs]
759689.172: [Full GC 1025661K->1025634K(1025664K), 3.2048636 secs]
759692.387: [Full GC 1025662K->1025634K(1025664K), 3.2005623 secs]
759695.596: [GC 1025642K(1025664K), 0.7314938 secs]
759697.339: [Full GC 1025663K->1025628K(1025664K), 3.2070742 secs]
759700.555: [Full GC 1025659K->1025627K(1025664K), 3.1979679 secs]
759703.762: [GC 1025636K(1025664K), 0.7313288 secs]
759708.024: [Full GC 1025655K->1025625K(1025664K), 3.2051878 secs]
759711.239: [Full GC 1025659K->1025633K(1025664K), 3.2225955 secs]
759714.470: [GC 1025641K(1025664K), 0.7357919 secs]
759716.242: [Full GC 1025656K->1025634K(1025664K), 3.2090792 secs]
759719.461: [Full GC 1025661K->1025634K(1025664K), 3.2083584 secs]
759722.678: [GC 1025642K(1025664K), 0.7342394 secs]
759724.434: [Full GC 1025662K->1025634K(1025664K), 3.2139497 secs]
759727.658: [Full GC 1025663K->1025628K(1025664K), 3.2010795 secs]
759730.867: [GC 1025633K(1025664K), 0.7372458 secs]
759732.619: [Full GC 1025663K->1025644K(1025664K), 3.2207914 secs]
759735.849: [Full GC 1025663K->1025627K(1025664K), 3.2015856 secs]
759739.059: [Full GC 1025627K->1025627K(1025664K), 3.1969433 secs]
759742.266: [Full GC 1025658K->1025626K(1025664K), 3.1971324 secs]
759745.472: [GC 1025634K(1025664K), 0.7356397 secs]
759747.225: [Full GC 1025656K->1025634K(1025664K), 3.2031247 secs]
759750.438: [Full GC 1025661K->1025634K(1025664K), 3.1973356 secs]
759753.644: [GC 1025642K(1025664K), 0.7317036 secs]
759755.390: [Full GC 1025662K->1025634K(1025664K), 3.1973635 secs]
759758.597: [Full GC 1025663K->1025629K(1025664K), 3.2106688 secs]
759761.816: [GC 1025633K(1025664K), 0.7315825 secs]
759763.555: [Full GC 1025664K->1025644K(1025664K), 3.2031076 secs]
759766.767: [Full GC 1025663K->1025627K(1025664K), 3.2159969 secs]
759769.992: [GC 1025627K(1025664K), 0.7322699 secs]
759771.735: [Full GC 1025627K->1025627K(1025664K), 3.2280107 secs]
759774.973: [Full GC 1025658K->1025626K(1025664K), 3.2349162 secs]
759778.216: [GC 1025634K(1025664K), 0.7334392 secs]
759779.966: [Full GC 1025657K->1025634K(1025664K), 3.2282243 secs]
759783.204: [Full GC 1025662K->1025634K(1025664K), 3.1994123 secs]
759786.412: [GC 1025642K(1025664K), 0.7325015 secs]
759788.183: [Full GC 1025662K->1025635K(1025664K), 3.2028852 secs]
759791.395: [Full GC 1025663K->1025629K(1025664K), 3.2050702 secs]
759794.609: [GC 1025633K(1025664K), 0.7321149 secs]
759796.391: [Full GC 1025655K->1025635K(1025664K), 3.2110682 secs]
759799.611: [Full GC 1025663K->1025627K(1025664K), 3.1982612 secs]
759802.818: [Full GC 1025628K->1025627K(1025664K), 3.2013068 secs]
759806.028: [GC 1025627K(1025664K), 0.7442286 secs]
759807.768: [Full GC 1025659K->1025626K(1025664K), 3.2032582 secs]
759810.981: [Full GC 1025657K->1025634K(1025664K), 3.2094596 secs]
759814.199: [GC 1025643K(1025664K), 0.7343896 secs]
759815.955: [Full GC 1025662K->1025635K(1025664K), 3.2187042 secs]
759819.182: [Full GC 1025662K->1025635K(1025664K), 3.2004540 secs]
759822.391: [GC 1025643K(1025664K), 0.7333964 secs]
759824.176: [Full GC 1025663K->1025629K(1025664K), 3.2098521 secs]
759827.395: [Full GC 1025663K->1025636K(1025664K), 3.2069229 secs]
759830.610: [GC 1025640K(1025664K), 0.7324652 secs]
759834.887: [Full GC 1025663K->1025626K(1025664K), 3.2017919 secs]
759838.099: [Full GC 1025660K->1025634K(1025664K), 3.2026081 secs]
759841.310: [GC 1025643K(1025664K), 0.7522823 secs]
759843.100: [Full GC 1025657K->1025635K(1025664K), 3.2068588 secs]
759846.317: [Full GC 1025662K->1025635K(1025664K), 3.2114620 secs]
759849.537: [GC 1025643K(1025664K), 0.7365931 secs]
759851.289: [Full GC 1025654K->1025627K(1025664K), 3.2034786 secs]
759854.502: [Full GC 1025663K->1025630K(1025664K), 3.2251982 secs]
759857.736: [GC 1025636K(1025664K), 0.7340545 secs]
759859.495: [Full GC 1025662K->1025645K(1025664K), 3.1979358 secs]
759862.702: [Full GC 1025664K->1025627K(1025664K), 3.2031703 secs]
759865.914: [Full GC 1025627K->1025626K(1025664K), 3.2001242 secs]
759869.124: [Full GC 1025663K->1025626K(1025664K), 3.1975888 secs]
759872.330: [GC 1025634K(1025664K), 0.7324372 secs]
759874.066: [Full GC 1025657K->1025635K(1025664K), 3.2183404 secs]
759877.295: [Full GC 1025662K->1025635K(1025664K), 3.2013082 secs]
759880.504: [GC 1025643K(1025664K), 0.7331872 secs]
759882.252: [Full GC 1025655K->1025627K(1025664K), 3.2055514 secs]
759885.467: [Full GC 1025663K->1025630K(1025664K), 3.2135239 secs]
759888.689: [GC 1025631K(1025664K), 0.7322966 secs]
759890.426: [Full GC 1025663K->1025628K(1025664K), 3.2325280 secs]
759894.672: [Full GC 1025657K->1025626K(1025664K), 3.2081952 secs]
759897.888: [GC 1025626K(1025664K), 0.7331676 secs]
759899.622: [Full GC 1025660K->1025635K(1025664K), 3.2117632 secs]
759902.843: [Full GC 1025658K->1025635K(1025664K), 3.2067798 secs]
759906.058: [GC 1025643K(1025664K), 0.7355175 secs]
759907.828: [Full GC 1025654K->1025627K(1025664K), 3.2149976 secs]
759911.053: [Full GC 1025655K->1025627K(1025664K), 3.1990655 secs]
759914.260: [GC 1025635K(1025664K), 0.7439511 secs]
759916.018: [Full GC 1025663K->1025630K(1025664K), 3.2095513 secs]
759919.237: [Full GC 1025663K->1025628K(1025664K), 3.2036883 secs]
759922.449: [GC 1025641K(1025664K), 0.7328729 secs]
759924.222: [Full GC 1025656K->1025626K(1025664K), 3.2177779 secs]
759927.449: [Full GC 1025661K->1025635K(1025664K), 3.1963144 secs]
759930.654: [GC 1025643K(1025664K), 0.7315259 secs]
759932.397: [Full GC 1025658K->1025635K(1025664K), 3.2023671 secs]
759935.610: [Full GC 1025655K->1025627K(1025664K), 3.2000633 secs]
759938.818: [GC 1025636K(1025664K), 0.7321513 secs]
759940.553: [Full GC 1025655K->1025628K(1025664K), 3.1987194 secs]
759943.761: [Full GC 1025663K->1025631K(1025664K), 3.2027167 secs]
759946.972: [GC 1025636K(1025664K), 0.7336814 secs]
759948.722: [Full GC 1025663K->1025628K(1025664K), 3.2127186 secs]
759952.952: [Full GC 1025658K->1025627K(1025664K), 3.2100963 secs]
759956.171: [GC 1025627K(1025664K), 0.7379401 secs]
759957.931: [Full GC 1025661K->1025635K(1025664K), 3.2324461 secs]
759961.173: [Full GC 1025658K->1025635K(1025664K), 3.2016489 secs]
759964.383: [GC 1025644K(1025664K), 0.7357172 secs]
759966.133: [Full GC 1025655K->1025628K(1025664K), 3.2084284 secs]
759969.352: [Full GC 1025655K->1025628K(1025664K), 3.1976520 secs]
759972.558: [GC 1025636K(1025664K), 0.7322265 secs]
759974.317: [Full GC 1025663K->1025631K(1025664K), 3.2285042 secs]
759977.555: [Full GC 1025663K->1025629K(1025664K), 3.2057988 secs]
759980.769: [GC 1025637K(1025664K), 0.7319720 secs]
759982.534: [Full GC 1025659K->1025627K(1025664K), 3.2062192 secs]
759985.750: [Full GC 1025661K->1025635K(1025664K), 3.2114825 secs]
759988.970: [GC 1025644K(1025664K), 0.7329138 secs]
759990.709: [Full GC 1025658K->1025636K(1025664K), 3.2044998 secs]
759993.924: [Full GC 1025655K->1025628K(1025664K), 3.2048079 secs]
759997.137: [GC 1025636K(1025664K), 0.7330201 secs]
759998.894: [Full GC 1025656K->1025628K(1025664K), 3.2032030 secs]
760002.107: [Full GC 1025664K->1025631K(1025664K), 3.1959155 secs]
760005.312: [GC 1025632K(1025664K), 0.7319646 secs]
760007.053: [Full GC 1025663K->1025646K(1025664K), 3.2121070 secs]
760010.274: [Full GC 1025662K->1025628K(1025664K), 3.2174205 secs]
760013.500: [Full GC 1025630K->1025628K(1025664K), 3.2164132 secs]
760016.725: [GC 1025630K(1025664K), 0.7320234 secs]
760018.484: [Full GC 1025654K->1025636K(1025664K), 3.2336312 secs]
760021.726: [Full GC 1025657K->1025636K(1025664K), 3.2060003 secs]
760024.941: [GC 1025644K(1025664K), 0.7324307 secs]
760026.690: [Full GC 1025658K->1025636K(1025664K), 3.2044485 secs]
760029.904: [Full GC 1025655K->1025628K(1025664K), 3.2029212 secs]
760033.116: [GC 1025636K(1025664K), 0.7361744 secs]
760034.851: [Full GC 1025656K->1025628K(1025664K), 3.2283867 secs]
760038.089: [Full GC 1025663K->1025631K(1025664K), 3.1982347 secs]
760041.296: [GC 1025632K(1025664K), 0.7331009 secs]
760043.077: [Full GC 1025663K->1025646K(1025664K), 3.2179812 secs]
760046.304: [Full GC 1025662K->1025629K(1025664K), 3.2012873 secs]
760049.514: [Full GC 1025630K->1025629K(1025664K), 3.2000419 secs]
760052.722: [GC 1025630K(1025664K), 0.7324930 secs]
760054.482: [Full GC 1025655K->1025636K(1025664K), 3.2010076 secs]
760057.693: [Full GC 1025657K->1025636K(1025664K), 3.2045056 secs]
760060.906: [GC 1025644K(1025664K), 0.7317807 secs]
760062.655: [Full GC 1025659K->1025636K(1025664K), 3.2044607 secs]
760065.869: [Full GC 1025655K->1025628K(1025664K), 3.2142502 secs]
760069.092: [GC 1025636K(1025664K), 0.7336675 secs]
760070.874: [Full GC 1025656K->1025628K(1025664K), 3.2208715 secs]
760074.105: [Full GC 1025663K->1025632K(1025664K), 3.2091486 secs]
760077.323: [GC 1025632K(1025664K), 0.7317897 secs]
760079.072: [Full GC 1025663K->1025647K(1025664K), 3.2145825 secs]
760082.295: [Full GC 1025662K->1025629K(1025664K), 3.1994365 secs]
760085.503: [GC 1025630K(1025664K), 0.7326322 secs]
760087.278: [Full GC 1025631K->1025629K(1025664K), 3.2038296 secs]
760090.490: [Full GC 1025655K->1025636K(1025664K), 3.2071495 secs]
760093.705: [GC 1025644K(1025664K), 0.7332207 secs]
760095.501: [Full GC 1025657K->1025636K(1025664K), 3.2243877 secs]
760098.735: [Full GC 1025659K->1025636K(1025664K), 3.2023505 secs]
760101.946: [GC 1025645K(1025664K), 0.7321260 secs]
760103.676: [Full GC 1025656K->1025629K(1025664K), 3.2113769 secs]
760106.897: [Full GC 1025656K->1025629K(1025664K), 3.2025396 secs]
760110.108: [GC 1025637K(1025664K), 0.7317457 secs]
760111.857: [Full GC 1025664K->1025632K(1025664K), 3.2152065 secs]
760115.081: [Full GC 1025663K->1025638K(1025664K), 3.2112271 secs]
760118.301: [GC 1025638K(1025664K), 0.7323463 secs]
760120.061: [Full GC 1025663K->1025630K(1025664K), 3.1973951 secs]
760124.272: [Full GC 1025636K->1025627K(1025664K), 3.1982853 secs]
760127.479: [GC 1025627K(1025664K), 0.7378595 secs]
760129.240: [Full GC 1025662K->1025636K(1025664K), 3.2228783 secs]
760132.472: [Full GC 1025659K->1025637K(1025664K), 3.2148284 secs]
760135.696: [GC 1025645K(1025664K), 0.7387599 secs]
760137.452: [Full GC 1025656K->1025629K(1025664K), 3.2136248 secs]
760140.676: [Full GC 1025657K->1025629K(1025664K), 3.2063357 secs]
760143.891: [GC 1025637K(1025664K), 0.7355236 secs]
760145.642: [Full GC 1025663K->1025632K(1025664K), 3.2127094 secs]
760148.863: [Full GC 1025659K->1025631K(1025664K), 3.2030073 secs]
760152.075: [GC 1025639K(1025664K), 0.7333993 secs]
760153.836: [Full GC 1025663K->1025629K(1025664K), 3.2407689 secs]
760157.085: [Full GC 1025630K->1025629K(1025664K), 3.2054217 secs]
760160.299: [GC 1025630K(1025664K), 0.7331507 secs]
760162.052: [Full GC 1025657K->1025628K(1025664K), 3.1990310 secs]
760165.260: [Full GC 1025659K->1025637K(1025664K), 3.2091359 secs]
760168.478: [GC 1025645K(1025664K), 0.7321591 secs]
760170.223: [Full GC 1025656K->1025629K(1025664K), 3.1939339 secs]
760173.427: [Full GC 1025657K->1025629K(1025664K), 3.2041263 secs]
760176.640: [GC 1025637K(1025664K), 0.7319448 secs]
760178.404: [Full GC 1025663K->1025632K(1025664K), 3.1978406 secs]
760181.611: [Full GC 1025663K->1025639K(1025664K), 3.2010191 secs]
760184.821: [GC 1025639K(1025664K), 0.7320990 secs]
760186.574: [Full GC 1025663K->1025630K(1025664K), 3.2119794 secs]
760189.795: [Full GC 1025630K->1025630K(1025664K), 3.2211969 secs]
760193.025: [GC 1025630K(1025664K), 0.7351606 secs]
760194.807: [Full GC 1025662K->1025629K(1025664K), 3.2134125 secs]
760198.030: [Full GC 1025660K->1025637K(1025664K), 3.2039661 secs]
760201.242: [GC 1025645K(1025664K), 0.7384851 secs]
760203.003: [Full GC 1025656K->1025629K(1025664K), 3.2071771 secs]
760206.220: [Full GC 1025657K->1025629K(1025664K), 3.2172895 secs]
760209.446: [GC 1025637K(1025664K), 0.7338452 secs]
760211.200: [Full GC 1025663K->1025632K(1025664K), 3.2141408 secs]
760214.423: [Full GC 1025662K->1025630K(1025664K), 3.2165639 secs]
760217.648: [GC 1025633K(1025664K), 0.7345285 secs]
760219.393: [Full GC 1025664K->1025647K(1025664K), 3.2122781 secs]
760223.622: [Full GC 1025648K->1025628K(1025664K), 3.2136351 secs]
760226.844: [GC 1025628K(1025664K), 0.7319283 secs]
760228.581: [Full GC 1025654K->1025629K(1025664K), 3.1995913 secs]
760231.791: [Full GC 1025660K->1025637K(1025664K), 3.1963523 secs]
760234.995: [GC 1025645K(1025664K), 0.7329524 secs]
760236.741: [Full GC 1025657K->1025630K(1025664K), 3.2181046 secs]
760239.969: [Full GC 1025657K->1025630K(1025664K), 3.2108136 secs]
760243.188: [GC 1025638K(1025664K), 0.7360052 secs]
760244.943: [Full GC 1025663K->1025633K(1025664K), 3.2106099 secs]
760248.162: [Full GC 1025663K->1025631K(1025664K), 3.2021956 secs]
760251.373: [GC 1025633K(1025664K), 0.7327426 secs]
760253.157: [Full GC 1025663K->1025649K(1025664K), 3.2076975 secs]
760257.382: [Full GC 1025650K->1025629K(1025664K), 3.2036714 secs]
760260.594: [GC 1025629K(1025664K), 0.7339155 secs]
760262.366: [Full GC 1025655K->1025629K(1025664K), 3.2080019 secs]
760265.584: [Full GC 1025660K->1025637K(1025664K), 3.2074956 secs]
760268.800: [GC 1025646K(1025664K), 0.7325668 secs]
760270.575: [Full GC 1025657K->1025630K(1025664K), 3.2043772 secs]
760273.789: [Full GC 1025657K->1025630K(1025664K), 3.2289489 secs]
760277.026: [GC 1025638K(1025664K), 0.7374614 secs]
760278.779: [Full GC 1025663K->1025633K(1025664K), 3.2118315 secs]
760282.000: [Full GC 1025663K->1025631K(1025664K), 3.2013235 secs]
760285.210: [GC 1025633K(1025664K), 0.7319854 secs]
760286.972: [Full GC 1025663K->1025647K(1025664K), 3.2021110 secs]
760291.192: [Full GC 1025648K->1025629K(1025664K), 3.1974674 secs]
760294.398: [GC 1025629K(1025664K), 0.7334554 secs]
760296.155: [Full GC 1025655K->1025629K(1025664K), 3.2006823 secs]
760299.365: [Full GC 1025660K->1025638K(1025664K), 3.1972953 secs]
760302.571: [GC 1025646K(1025664K), 0.7317301 secs]
760304.320: [Full GC 1025657K->1025630K(1025664K), 3.2042642 secs]
760307.535: [Full GC 1025658K->1025630K(1025664K), 3.2069186 secs]
760310.748: [GC 1025638K(1025664K), 0.7328896 secs]
760312.500: [Full GC 1025663K->1025633K(1025664K), 3.2127273 secs]
760315.722: [Full GC 1025663K->1025639K(1025664K), 3.2127112 secs]
760318.943: [GC 1025648K(1025664K), 0.7322935 secs]
760320.682: [Full GC 1025663K->1025630K(1025664K), 3.2206353 secs]
760323.911: [Full GC 1025630K->1025630K(1025664K), 3.2001945 secs]
760327.119: [GC 1025631K(1025664K), 0.7423899 secs]
760328.884: [Full GC 1025663K->1025648K(1025664K), 3.2216636 secs]
760332.114: [Full GC 1025658K->1025638K(1025664K), 3.1992813 secs]
760335.322: [GC 1025646K(1025664K), 0.7512174 secs]
760337.106: [Full GC 1025660K->1025638K(1025664K), 3.2072910 secs]
760340.324: [Full GC 1025657K->1025630K(1025664K), 3.1981652 secs]
760343.530: [GC 1025638K(1025664K), 0.7345802 secs]
760345.290: [Full GC 1025658K->1025630K(1025664K), 3.2138425 secs]
760348.514: [Full GC 1025663K->1025633K(1025664K), 3.1995355 secs]
760351.722: [GC 1025636K(1025664K), 0.7335543 secs]
760353.476: [Full GC 1025658K->1025641K(1025664K), 3.2014259 secs]
760356.687: [Full GC 1025663K->1025632K(1025664K), 3.2007789 secs]
760359.896: [GC 1025632K(1025664K), 0.7315444 secs]
760361.655: [Full GC 1025632K->1025631K(1025664K), 3.2042660 secs]
760364.868: [Full GC 1025661K->1025638K(1025664K), 3.2067337 secs]
760368.083: [GC 1025646K(1025664K), 0.7419072 secs]
760369.847: [Full GC 1025659K->1025638K(1025664K), 3.2170292 secs]
760373.073: [Full GC 1025661K->1025638K(1025664K), 3.2156800 secs]
760376.297: [GC 1025646K(1025664K), 0.7384917 secs]
760378.044: [Full GC 1025658K->1025630K(1025664K), 3.2049058 secs]
760381.259: [Full GC 1025658K->1025630K(1025664K), 3.2210376 secs]
760384.489: [GC 1025639K(1025664K), 0.7331115 secs]
760386.229: [Full GC 1025663K->1025633K(1025664K), 3.2156139 secs]
760389.454: [Full GC 1025663K->1025632K(1025664K), 3.2045002 secs]
760392.667: [GC 1025635K(1025664K), 0.7326312 secs]
760394.414: [Full GC 1025663K->1025648K(1025664K), 3.2391447 secs]
760398.662: [Full GC 1025652K->1025629K(1025664K), 3.2008180 secs]
760401.871: [GC 1025629K(1025664K), 0.7327927 secs]
760403.606: [Full GC 1025655K->1025630K(1025664K), 3.2110896 secs]
760406.827: [Full GC 1025661K->1025638K(1025664K), 3.2084292 secs]
760410.043: [GC 1025646K(1025664K), 0.7325866 secs]
760411.803: [Full GC 1025658K->1025631K(1025664K), 3.2111034 secs]
760415.024: [Full GC 1025658K->1025631K(1025664K), 3.2033662 secs]
760418.235: [GC 1025639K(1025664K), 0.7340011 secs]
760419.993: [Full GC 1025663K->1025634K(1025664K), 3.1999261 secs]
760423.201: [Full GC 1025663K->1025632K(1025664K), 3.1994562 secs]
760426.409: [GC 1025636K(1025664K), 0.7350521 secs]
760428.156: [Full GC 1025663K->1025631K(1025664K), 3.2052470 secs]
760431.370: [Full GC 1025635K->1025630K(1025664K), 3.2157397 secs]
760434.594: [GC 1025631K(1025664K), 0.7324605 secs]
760436.342: [Full GC 1025656K->1025630K(1025664K), 3.2072894 secs]
760439.560: [Full GC 1025661K->1025639K(1025664K), 3.2241097 secs]
760442.792: [GC 1025647K(1025664K), 0.7326769 secs]
760444.556: [Full GC 1025658K->1025631K(1025664K), 3.2119405 secs]
760447.778: [Full GC 1025659K->1025631K(1025664K), 3.2010202 secs]
760450.987: [GC 1025639K(1025664K), 0.7330973 secs]
760452.773: [Full GC 1025664K->1025634K(1025664K), 3.2153230 secs]
760455.997: [Full GC 1025662K->1025633K(1025664K), 3.2052145 secs]
760459.211: [GC 1025641K(1025664K), 0.7384736 secs]
760460.993: [Full GC 1025663K->1025631K(1025664K), 3.2070924 secs]
760464.207: [Full GC 1025639K->1025630K(1025664K), 3.2132047 secs]
760467.429: [GC 1025630K(1025664K), 0.7319157 secs]
760469.203: [Full GC 1025656K->1025631K(1025664K), 3.1970833 secs]
760472.408: [Full GC 1025661K->1025639K(1025664K), 3.1986353 secs]
760475.615: [GC 1025647K(1025664K), 0.7338696 secs]
760477.359: [Full GC 1025658K->1025631K(1025664K), 3.2025764 secs]
760480.572: [Full GC 1025659K->1025631K(1025664K), 3.1971938 secs]
760483.777: [GC 1025639K(1025664K), 0.7319554 secs]
760485.536: [Full GC 1025663K->1025634K(1025664K), 3.2154860 secs]
760488.760: [Full GC 1025659K->1025633K(1025664K), 3.2269076 secs]
760491.996: [GC 1025658K(1025664K), 0.7458141 secs]
760493.761: [Full GC 1025663K->1025631K(1025664K), 3.2178077 secs]
760496.987: [Full GC 1025633K->1025632K(1025664K), 3.2001034 secs]
760500.196: [GC 1025633K(1025664K), 0.7448214 secs]
760502.002: [Full GC 1025664K->1025631K(1025664K), 3.2084700 secs]
760505.222: [Full GC 1025655K->1025631K(1025664K), 3.2142518 secs]
760508.445: [GC 1025639K(1025664K), 0.7343472 secs]
760510.195: [Full GC 1025659K->1025631K(1025664K), 3.2016138 secs]
760513.407: [Full GC 1025659K->1025631K(1025664K), 3.2201877 secs]
760516.635: [GC 1025639K(1025664K), 0.7326567 secs]
760518.417: [Full GC 1025663K->1025634K(1025664K), 3.2027442 secs]
760521.628: [Full GC 1025663K->1025633K(1025664K), 3.2022216 secs]
760524.839: [GC 1025637K(1025664K), 0.7405861 secs]
760526.613: [Full GC 1025663K->1025649K(1025664K), 3.2011785 secs]
760530.832: [Full GC 1025655K->1025630K(1025664K), 3.2040973 secs]
760534.044: [GC 1025630K(1025664K), 0.7359702 secs]
760535.787: [Full GC 1025656K->1025631K(1025664K), 3.2047677 secs]
760539.001: [Full GC 1025662K->1025639K(1025664K), 3.1976490 secs]
760542.207: [GC 1025648K(1025664K), 0.7319130 secs]
760543.948: [Full GC 1025659K->1025632K(1025664K), 3.2043384 secs]
760547.162: [Full GC 1025659K->1025632K(1025664K), 3.2011568 secs]
760550.372: [GC 1025640K(1025664K), 0.7428392 secs]
760552.141: [Full GC 1025663K->1025634K(1025664K), 3.2105524 secs]
760555.360: [Full GC 1025663K->1025633K(1025664K), 3.2086112 secs]
760558.577: [GC 1025634K(1025664K), 0.7327814 secs]
760560.368: [Full GC 1025663K->1025649K(1025664K), 3.2210886 secs]
760564.602: [Full GC 1025656K->1025631K(1025664K), 3.2051150 secs]
760567.815: [GC 1025631K(1025664K), 0.7332506 secs]
760569.574: [Full GC 1025657K->1025631K(1025664K), 3.2099829 secs]
760572.794: [Full GC 1025662K->1025640K(1025664K), 3.2077193 secs]
760576.010: [GC 1025648K(1025664K), 0.7379983 secs]
760577.762: [Full GC 1025659K->1025632K(1025664K), 3.2082305 secs]
760580.980: [Full GC 1025660K->1025632K(1025664K), 3.1971551 secs]
760584.186: [GC 1025640K(1025664K), 0.7342966 secs]
760585.981: [Full GC 1025663K->1025635K(1025664K), 3.2027029 secs]
760589.193: [Full GC 1025663K->1025634K(1025664K), 3.2010910 secs]
760592.403: [GC 1025634K(1025664K), 0.7333004 secs]
760594.169: [Full GC 1025663K->1025632K(1025664K), 3.2006884 secs]
760597.378: [Full GC 1025633K->1025633K(1025664K), 3.2021738 secs]
760600.589: [GC 1025634K(1025664K), 0.7329345 secs]
760602.365: [Full GC 1025664K->1025631K(1025664K), 3.2048968 secs]
760605.580: [Full GC 1025655K->1025632K(1025664K), 3.2118873 secs]
760608.800: [GC 1025640K(1025664K), 0.7352995 secs]
760610.554: [Full GC 1025659K->1025632K(1025664K), 3.2266013 secs]
760613.791: [Full GC 1025660K->1025632K(1025664K), 3.2277019 secs]
760617.027: [GC 1025640K(1025664K), 0.7329751 secs]
760618.774: [Full GC 1025663K->1025635K(1025664K), 3.2164761 secs]
760621.999: [Full GC 1025663K->1025634K(1025664K), 3.1964512 secs]
760625.204: [GC 1025640K(1025664K), 0.7327041 secs]
760626.968: [Full GC 1025663K->1025650K(1025664K), 3.2006495 secs]
760631.182: [Full GC 1025657K->1025631K(1025664K), 3.1975223 secs]
760634.388: [GC 1025631K(1025664K), 0.7430748 secs]
760636.153: [Full GC 1025657K->1025632K(1025664K), 3.2217463 secs]
760639.384: [Full GC 1025654K->1025632K(1025664K), 3.2005698 secs]
760642.593: [GC 1025640K(1025664K), 0.7315697 secs]
760644.332: [Full GC 1025659K->1025632K(1025664K), 3.2229810 secs]
760647.565: [Full GC 1025660K->1025632K(1025664K), 3.2021424 secs]
760650.775: [GC 1025640K(1025664K), 0.7321840 secs]
760652.553: [Full GC 1025663K->1025635K(1025664K), 3.2137768 secs]
760655.776: [Full GC 1025662K->1025634K(1025664K), 3.2041395 secs]
760658.988: [GC 1025636K(1025664K), 0.7339893 secs]
760660.742: [Full GC 1025663K->1025632K(1025664K), 3.2075439 secs]
760663.958: [Full GC 1025642K->1025631K(1025664K), 3.1970306 secs]
760667.163: [GC 1025631K(1025664K), 0.7411078 secs]
760668.949: [Full GC 1025657K->1025632K(1025664K), 3.2119766 secs]
760672.171: [Full GC 1025655K->1025632K(1025664K), 3.2096777 secs]
760675.389: [GC 1025640K(1025664K), 0.7317057 secs]
760677.153: [Full GC 1025660K->1025632K(1025664K), 3.2072226 secs]
760680.370: [Full GC 1025660K->1025633K(1025664K), 3.2104184 secs]
760683.589: [GC 1025641K(1025664K), 0.7364051 secs]
760685.342: [Full GC 1025663K->1025635K(1025664K), 3.2087788 secs]
760688.560: [Full GC 1025663K->1025634K(1025664K), 3.1965328 secs]
760691.765: [GC 1025636K(1025664K), 0.7347366 secs]
760693.505: [Full GC 1025663K->1025650K(1025664K), 3.2234071 secs]
760697.742: [Full GC 1025660K->1025631K(1025664K), 3.2232976 secs]
760700.974: [GC 1025631K(1025664K), 0.7319966 secs]
760702.706: [Full GC 1025658K->1025632K(1025664K), 3.2163375 secs]
760705.932: [Full GC 1025655K->1025632K(1025664K), 3.2072121 secs]
760709.148: [GC 1025640K(1025664K), 0.7337917 secs]
760710.939: [Full GC 1025660K->1025633K(1025664K), 3.2261219 secs]
760714.175: [Full GC 1025660K->1025633K(1025664K), 3.2016518 secs]
760717.385: [GC 1025641K(1025664K), 0.7346250 secs]
760719.134: [Full GC 1025663K->1025635K(1025664K), 3.2046544 secs]
760722.348: [Full GC 1025663K->1025634K(1025664K), 3.2009806 secs]
760725.557: [GC 1025635K(1025664K), 0.7351101 secs]
760727.300: [Full GC 1025663K->1025652K(1025664K), 3.2216439 secs]
760731.532: [Full GC 1025661K->1025632K(1025664K), 3.2204342 secs]
760734.761: [GC 1025632K(1025664K), 0.7329055 secs]
760736.498: [Full GC 1025658K->1025632K(1025664K), 3.2065878 secs]
760739.714: [Full GC 1025655K->1025633K(1025664K), 3.2208382 secs]
760742.943: [GC 1025641K(1025664K), 0.7326483 secs]
760744.673: [Full GC 1025660K->1025633K(1025664K), 3.2075469 secs]
760747.890: [Full GC 1025661K->1025633K(1025664K), 3.2014694 secs]
760751.100: [GC 1025641K(1025664K), 0.7337304 secs]
760752.866: [Full GC 1025663K->1025635K(1025664K), 3.2101456 secs]
760756.086: [Full GC 1025663K->1025635K(1025664K), 3.2023162 secs]
760759.296: [GC 1025636K(1025664K), 0.7333937 secs]
760761.050: [Full GC 1025663K->1025633K(1025664K), 3.2044656 secs]
760764.263: [Full GC 1025643K->1025632K(1025664K), 3.2182715 secs]
760767.490: [GC 1025632K(1025664K), 0.7321078 secs]
760769.253: [Full GC 1025658K->1025633K(1025664K), 3.2078114 secs]
760772.471: [Full GC 1025655K->1025633K(1025664K), 3.2071443 secs]
760775.686: [GC 1025641K(1025664K), 0.7325005 secs]
760777.416: [Full GC 1025660K->1025633K(1025664K), 3.2062999 secs]
760780.632: [Full GC 1025661K->1025633K(1025664K), 3.2031601 secs]
760783.843: [GC 1025641K(1025664K), 0.7315816 secs]
760785.584: [Full GC 1025663K->1025636K(1025664K), 3.2206071 secs]
760788.813: [Full GC 1025660K->1025634K(1025664K), 3.1987713 secs]
760792.021: [GC 1025642K(1025664K), 0.7494071 secs]
760793.788: [Full GC 1025662K->1025634K(1025664K), 3.2132426 secs]
760797.010: [Full GC 1025637K->1025633K(1025664K), 3.2040710 secs]
760800.222: [GC 1025634K(1025664K), 0.7346848 secs]
760801.991: [Full GC 1025657K->1025641K(1025664K), 3.2021665 secs]
760805.203: [Full GC 1025662K->1025641K(1025664K), 3.2055394 secs]
760808.417: [GC 1025649K(1025664K), 0.7332896 secs]
760810.160: [Full GC 1025655K->1025633K(1025664K), 3.2226832 secs]
760813.394: [Full GC 1025661K->1025633K(1025664K), 3.2127995 secs]
760816.615: [GC 1025641K(1025664K), 0.7313608 secs]
760818.375: [Full GC 1025661K->1025633K(1025664K), 3.2021542 secs]
760821.587: [Full GC 1025663K->1025636K(1025664K), 3.2093768 secs]
760824.805: [GC 1025636K(1025664K), 0.7322071 secs]
760826.593: [Full GC 1025663K->1025635K(1025664K), 3.1986589 secs]
760829.801: [Full GC 1025663K->1025651K(1025664K), 3.2008111 secs]
760833.010: [GC 1025651K(1025664K), 0.7321622 secs]
760834.771: [Full GC 1025663K->1025632K(1025664K), 3.2004865 secs]
760837.981: [Full GC 1025658K->1025633K(1025664K), 3.2019707 secs]
760841.192: [GC 1025641K(1025664K), 0.7326332 secs]
760842.956: [Full GC 1025656K->1025633K(1025664K), 3.2010708 secs]
760846.174: [Full GC 1025661K->1025634K(1025664K), 3.2080416 secs]
760849.390: [GC 1025642K(1025664K), 0.7387636 secs]
760851.119: [Full GC 1025661K->1025634K(1025664K), 3.2143082 secs]
760854.343: [Full GC 1025663K->1025636K(1025664K), 3.2102621 secs]
760857.562: [GC 1025636K(1025664K), 0.7331672 secs]
760859.313: [Full GC 1025663K->1025644K(1025664K), 3.2197617 secs]
760862.542: [Full GC 1025663K->1025634K(1025664K), 3.1992424 secs]
760865.749: [GC 1025635K(1025664K), 0.7314370 secs]
760867.529: [Full GC 1025635K->1025634K(1025664K), 3.2047035 secs]
760870.743: [Full GC 1025659K->1025633K(1025664K), 3.2010081 secs]
760873.952: [GC 1025641K(1025664K), 0.7331024 secs]
760875.755: [Full GC 1025655K->1025633K(1025664K), 3.2083664 secs]
760878.973: [Full GC 1025656K->1025633K(1025664K), 3.2058448 secs]
760882.188: [GC 1025641K(1025664K), 0.7325372 secs]
760883.954: [Full GC 1025661K->1025634K(1025664K), 3.2172419 secs]
760887.182: [Full GC 1025662K->1025634K(1025664K), 3.1981479 secs]
760890.388: [GC 1025642K(1025664K), 0.7318821 secs]
760892.148: [Full GC 1025664K->1025636K(1025664K), 3.2049083 secs]
760895.362: [Full GC 1025663K->1025635K(1025664K), 3.2001601 secs]
760898.571: [GC 1025635K(1025664K), 0.7336259 secs]
760900.336: [Full GC 1025663K->1025651K(1025664K), 3.2043424 secs]
760903.549: [Full GC 1025663K->1025634K(1025664K), 3.2028835 secs]
760906.760: [GC 1025634K(1025664K), 0.7319376 secs]
760908.516: [Full GC 1025634K->1025633K(1025664K), 3.2071771 secs]
760911.733: [Full GC 1025659K->1025633K(1025664K), 3.2252754 secs]
760914.967: [GC 1025641K(1025664K), 0.7338257 secs]
760916.729: [Full GC 1025656K->1025634K(1025664K), 3.2071851 secs]
760919.947: [Full GC 1025661K->1025634K(1025664K), 3.2186253 secs]
760923.174: [GC 1025642K(1025664K), 0.7324092 secs]
760924.949: [Full GC 1025662K->1025634K(1025664K), 3.2215473 secs]
760928.180: [Full GC 1025663K->1025636K(1025664K), 3.1992322 secs]
760931.388: [GC 1025637K(1025664K), 0.7326488 secs]
760933.165: [Full GC 1025663K->1025635K(1025664K), 3.2353102 secs]
760936.410: [Full GC 1025663K->1025651K(1025664K), 3.2071054 secs]
760939.625: [GC 1025653K(1025664K), 0.7361625 secs]
760941.369: [Full GC 1025663K->1025652K(1025664K), 3.2039684 secs]
760945.592: [Full GC 1025653K->1025633K(1025664K), 3.2070995 secs]
760948.808: [GC 1025633K(1025664K), 0.7313215 secs]
760950.554: [Full GC 1025659K->1025634K(1025664K), 3.2004910 secs]
760953.764: [Full GC 1025656K->1025634K(1025664K), 3.2010309 secs]
760956.974: [GC 1025642K(1025664K), 0.7328118 secs]
760958.704: [Full GC 1025661K->1025634K(1025664K), 3.2080243 secs]
760961.922: [Full GC 1025662K->1025634K(1025664K), 3.1999015 secs]
760965.130: [GC 1025642K(1025664K), 0.7334808 secs]
760966.908: [Full GC 1025663K->1025636K(1025664K), 3.2047017 secs]
760970.121: [Full GC 1025663K->1025636K(1025664K), 3.2233874 secs]
760973.353: [GC 1025640K(1025664K), 0.7366915 secs]
760975.144: [Full GC 1025663K->1025652K(1025664K), 3.2058951 secs]
760978.359: [Full GC 1025663K->1025634K(1025664K), 3.2226527 secs]
760981.590: [GC 1025635K(1025664K), 0.7321067 secs]
760983.340: [Full GC 1025635K->1025634K(1025664K), 3.2000750 secs]
760986.551: [Full GC 1025661K->1025634K(1025664K), 3.2093306 secs]
760989.769: [GC 1025642K(1025664K), 0.7357352 secs]
760991.495: [Full GC 1025657K->1025634K(1025664K), 3.2018693 secs]
760994.708: [Full GC 1025662K->1025634K(1025664K), 3.2234109 secs]
760997.940: [GC 1025643K(1025664K), 0.7393128 secs]
760999.706: [Full GC 1025662K->1025635K(1025664K), 3.2021696 secs]
761002.918: [Full GC 1025663K->1025636K(1025664K), 3.1987078 secs]
761006.125: [GC 1025637K(1025664K), 0.7424022 secs]
761007.869: [Full GC 1025663K->1025636K(1025664K), 3.2061127 secs]
761011.084: [Full GC 1025655K->1025644K(1025664K), 3.2124092 secs]
761014.305: [GC 1025652K(1025664K), 0.7331466 secs]
761016.066: [Full GC 1025663K->1025650K(1025664K), 3.2074615 secs]
761020.292: [Full GC 1025653K->1025634K(1025664K), 3.1986979 secs]
761023.499: [GC 1025634K(1025664K), 0.7322205 secs]
761025.249: [Full GC 1025660K->1025634K(1025664K), 3.2133257 secs]
761028.472: [Full GC 1025657K->1025634K(1025664K), 3.2093338 secs]
761031.688: [GC 1025642K(1025664K), 0.7473529 secs]
761033.455: [Full GC 1025662K->1025635K(1025664K), 3.2185773 secs]
761036.683: [Full GC 1025662K->1025635K(1025664K), 3.1943238 secs]
761039.887: [GC 1025643K(1025664K), 0.7347343 secs]
761041.650: [Full GC 1025663K->1025637K(1025664K), 3.2040807 secs]
761044.863: [Full GC 1025663K->1025636K(1025664K), 3.2095463 secs]
761048.081: [GC 1025638K(1025664K), 0.7320069 secs]
761049.820: [Full GC 1025663K->1025652K(1025664K), 3.2104960 secs]
761053.039: [Full GC 1025663K->1025635K(1025664K), 3.2106899 secs]
761056.258: [Full GC 1025636K->1025635K(1025664K), 3.2076622 secs]
761059.482: [Full GC 1025663K->1025634K(1025664K), 3.2025845 secs]
761062.693: [GC 1025642K(1025664K), 0.7316804 secs]
761064.445: [Full GC 1025657K->1025635K(1025664K), 3.2185263 secs]
761067.674: [Full GC 1025662K->1025635K(1025664K), 3.2029984 secs]
761070.885: [GC 1025643K(1025664K), 0.7317510 secs]
761072.633: [Full GC 1025663K->1025635K(1025664K), 3.2047904 secs]
761075.848: [Full GC 1025663K->1025637K(1025664K), 3.1983539 secs]
761079.055: [GC 1025637K(1025664K), 0.7330577 secs]
761080.797: [Full GC 1025663K->1025636K(1025664K), 3.2051730 secs]
761084.010: [Full GC 1025655K->1025644K(1025664K), 3.1987972 secs]
761087.218: [GC 1025652K(1025664K), 0.7322493 secs]
761088.975: [Full GC 1025663K->1025635K(1025664K), 3.2144470 secs]
761092.198: [Full GC 1025636K->1025635K(1025664K), 3.2138749 secs]
761095.420: [GC 1025635K(1025664K), 0.7400269 secs]
761097.181: [Full GC 1025663K->1025635K(1025664K), 3.2031282 secs]
761100.394: [Full GC 1025657K->1025635K(1025664K), 3.2175989 secs]
761103.620: [GC 1025643K(1025664K), 0.7346616 secs]
761105.390: [Full GC 1025662K->1025635K(1025664K), 3.2110154 secs]
761108.611: [Full GC 1025663K->1025635K(1025664K), 3.2020696 secs]
761111.822: [GC 1025643K(1025664K), 0.7347599 secs]
761113.568: [Full GC 1025663K->1025638K(1025664K), 3.2224001 secs]
761116.799: [Full GC 1025662K->1025637K(1025664K), 3.2033873 secs]
761120.011: [GC 1025638K(1025664K), 0.7344359 secs]
761121.764: [Full GC 1025663K->1025637K(1025664K), 3.2038790 secs]
761124.977: [Full GC 1025637K->1025637K(1025664K), 3.2166683 secs]
761128.202: [GC 1025638K(1025664K), 0.7319909 secs]
761129.941: [Full GC 1025659K->1025635K(1025664K), 3.2080403 secs]
761133.158: [Full GC 1025656K->1025635K(1025664K), 3.2174019 secs]
761136.384: [GC 1025643K(1025664K), 0.7319334 secs]
761138.125: [Full GC 1025658K->1025635K(1025664K), 3.2068505 secs]
761141.343: [Full GC 1025663K->1025635K(1025664K), 3.2001815 secs]
761144.551: [GC 1025643K(1025664K), 0.7445154 secs]
761146.306: [Full GC 1025663K->1025635K(1025664K), 3.2188210 secs]
761149.535: [Full GC 1025663K->1025638K(1025664K), 3.2085847 secs]
761152.751: [GC 1025638K(1025664K), 0.7330300 secs]
761154.498: [Full GC 1025662K->1025637K(1025664K), 3.2182999 secs]
761157.725: [Full GC 1025663K->1025653K(1025664K), 3.2018808 secs]
761160.935: [GC 1025657K(1025664K), 0.7441865 secs]
761162.699: [Full GC 1025663K->1025636K(1025664K), 3.2008099 secs]
761165.908: [Full GC 1025638K->1025636K(1025664K), 3.2063343 secs]
761169.124: [GC 1025637K(1025664K), 0.7394644 secs]
761170.898: [Full GC 1025655K->1025643K(1025664K), 3.2023750 secs]
761174.110: [Full GC 1025656K->1025635K(1025664K), 3.2131702 secs]
761177.331: [GC 1025643K(1025664K), 0.7318001 secs]
761179.114: [Full GC 1025658K->1025635K(1025664K), 3.2071533 secs]
761182.332: [Full GC 1025663K->1025636K(1025664K), 3.2011921 secs]
761185.541: [GC 1025644K(1025664K), 0.7335848 secs]
761187.303: [Full GC 1025663K->1025636K(1025664K), 3.2179146 secs]
761190.531: [Full GC 1025663K->1025638K(1025664K), 3.1959935 secs]
761193.735: [GC 1025638K(1025664K), 0.7316279 secs]
761195.492: [Full GC 1025663K->1025637K(1025664K), 3.2068268 secs]
761198.708: [Full GC 1025663K->1025654K(1025664K), 3.2081619 secs]
761201.924: [GC 1025658K(1025664K), 0.7319310 secs]
761203.675: [Full GC 1025663K->1025636K(1025664K), 3.2070774 secs]
761206.891: [Full GC 1025636K->1025636K(1025664K), 3.2172953 secs]
761210.117: [GC 1025636K(1025664K), 0.7328874 secs]
761211.861: [Full GC 1025657K->1025643K(1025664K), 3.2275997 secs]
761215.097: [Full GC 1025656K->1025635K(1025664K), 3.2082717 secs]
761218.314: [GC 1025643K(1025664K), 0.7330495 secs]
761220.071: [Full GC 1025658K->1025635K(1025664K), 3.2177244 secs]
761223.300: [Full GC 1025663K->1025636K(1025664K), 3.2021777 secs]
761226.510: [GC 1025644K(1025664K), 0.7508734 secs]
761228.272: [Full GC 1025663K->1025636K(1025664K), 3.2078680 secs]
761231.490: [Full GC 1025663K->1025637K(1025664K), 3.2038667 secs]
761234.702: [GC 1025638K(1025664K), 0.7368123 secs]
761236.456: [Full GC 1025663K->1025638K(1025664K), 3.2208897 secs]
761239.686: [Full GC 1025663K->1025654K(1025664K), 3.1993400 secs]
761242.893: [GC 1025656K(1025664K), 0.7318419 secs]
761244.639: [Full GC 1025663K->1025636K(1025664K), 3.2098596 secs]
761247.857: [Full GC 1025636K->1025636K(1025664K), 3.2015623 secs]
761251.067: [GC 1025637K(1025664K), 0.7317729 secs]
761252.817: [Full GC 1025658K->1025644K(1025664K), 3.2039539 secs]
761256.030: [Full GC 1025657K->1025635K(1025664K), 3.2007845 secs]
761259.239: [GC 1025644K(1025664K), 0.7348768 secs]
761261.004: [Full GC 1025658K->1025636K(1025664K), 3.2010922 secs]
761264.215: [Full GC 1025663K->1025636K(1025664K), 3.1989945 secs]
761267.423: [GC 1025644K(1025664K), 0.7411564 secs]
761269.193: [Full GC 1025663K->1025636K(1025664K), 3.2164708 secs]
761272.419: [Full GC 1025663K->1025638K(1025664K), 3.2092308 secs]
761275.637: [GC 1025639K(1025664K), 0.7389957 secs]
761277.401: [Full GC 1025662K->1025638K(1025664K), 3.2048448 secs]
761280.614: [Full GC 1025663K->1025654K(1025664K), 3.2071474 secs]
761283.830: [GC 1025655K(1025664K), 0.7321766 secs]
761285.575: [Full GC 1025663K->1025654K(1025664K), 3.2111573 secs]
761288.795: [Full GC 1025663K->1025636K(1025664K), 3.2006886 secs]
761292.004: [GC 1025637K(1025664K), 0.7324999 secs]
761293.768: [Full GC 1025640K->1025635K(1025664K), 3.2305961 secs]
761297.009: [Full GC 1025661K->1025636K(1025664K), 3.2039369 secs]
761300.221: [GC 1025644K(1025664K), 0.7358027 secs]
761302.012: [Full GC 1025658K->1025636K(1025664K), 3.2095979 secs]
761305.233: [Full GC 1025663K->1025636K(1025664K), 3.2160988 secs]
761308.457: [GC 1025636K(1025664K), 0.7331593 secs]
761310.222: [Full GC 1025663K->1025636K(1025664K), 3.2181713 secs]
761313.450: [Full GC 1025663K->1025638K(1025664K), 3.1985026 secs]
761316.658: [GC 1025638K(1025664K), 0.7368619 secs]
761318.417: [Full GC 1025662K->1025638K(1025664K), 3.2101830 secs]
761321.636: [Full GC 1025663K->1025637K(1025664K), 3.2023365 secs]
761324.847: [GC 1025639K(1025664K), 0.7320664 secs]
761326.590: [Full GC 1025659K->1025635K(1025664K), 3.2166119 secs]
761329.816: [Full GC 1025661K->1025636K(1025664K), 3.2125184 secs]
761333.037: [GC 1025644K(1025664K), 0.7326069 secs]
761334.788: [Full GC 1025659K->1025636K(1025664K), 3.2165987 secs]
761338.013: [Full GC 1025664K->1025637K(1025664K), 3.2206111 secs]
761341.242: [GC 1025637K(1025664K), 0.7352311 secs]
761342.994: [Full GC 1025663K->1025636K(1025664K), 3.2131047 secs]
761346.217: [Full GC 1025663K->1025638K(1025664K), 3.2127137 secs]
761349.438: [GC 1025640K(1025664K), 0.7339998 secs]
761351.203: [Full GC 1025662K->1025638K(1025664K), 3.2128865 secs]
761354.424: [Full GC 1025663K->1025655K(1025664K), 3.2109574 secs]
761357.644: [GC 1025655K(1025664K), 0.7322850 secs]
761359.389: [Full GC 1025663K->1025653K(1025664K), 3.1992581 secs]
761362.597: [Full GC 1025663K->1025637K(1025664K), 3.2179123 secs]
761365.823: [GC 1025638K(1025664K), 0.7445180 secs]
761367.564: [Full GC 1025638K->1025636K(1025664K), 3.2024261 secs]
761370.776: [Full GC 1025663K->1025636K(1025664K), 3.1985928 secs]
761373.983: [GC 1025636K(1025664K), 0.7323289 secs]
761375.726: [Full GC 1025661K->1025636K(1025664K), 3.2015742 secs]
761378.937: [Full GC 1025663K->1025637K(1025664K), 3.2023045 secs]
761382.148: [GC 1025637K(1025664K), 0.7474848 secs]
761383.926: [Full GC 1025663K->1025637K(1025664K), 3.2051914 secs]
761387.141: [Full GC 1025663K->1025638K(1025664K), 3.2083617 secs]
761390.358: [GC 1025638K(1025664K), 0.7345328 secs]
761392.141: [Full GC 1025663K->1025638K(1025664K), 3.2184539 secs]
761395.368: [Full GC 1025663K->1025638K(1025664K), 3.2119746 secs]
761398.587: [GC 1025642K(1025664K), 0.7347660 secs]
761402.848: [Full GC 1025661K->1025636K(1025664K), 3.2018352 secs]
761406.060: [Full GC 1025662K->1025636K(1025664K), 3.2086565 secs]
761409.277: [GC 1025644K(1025664K), 0.7323248 secs]
761411.012: [Full GC 1025659K->1025637K(1025664K), 3.2037574 secs]
761414.227: [Full GC 1025663K->1025637K(1025664K), 3.2111499 secs]
761417.446: [GC 1025637K(1025664K), 0.7329236 secs]
761419.232: [Full GC 1025663K->1025637K(1025664K), 3.2127967 secs]
761422.455: [Full GC 1025663K->1025638K(1025664K), 3.2059928 secs]
761425.670: [GC 1025639K(1025664K), 0.7501850 secs]
761427.442: [Full GC 1025662K->1025639K(1025664K), 3.2186154 secs]
761430.666: [Full GC 1025663K->1025638K(1025664K), 3.1965796 secs]
761433.871: [GC 1025639K(1025664K), 0.7322505 secs]
761435.648: [Full GC 1025663K->1025636K(1025664K), 3.2026962 secs]
761438.860: [Full GC 1025662K->1025637K(1025664K), 3.2001256 secs]
761442.069: [GC 1025645K(1025664K), 0.7325096 secs]
761443.810: [Full GC 1025659K->1025637K(1025664K), 3.2109780 secs]
761447.031: [Full GC 1025663K->1025637K(1025664K), 3.2111903 secs]
761450.251: [GC 1025637K(1025664K), 0.7326099 secs]
761452.033: [Full GC 1025663K->1025637K(1025664K), 3.2166323 secs]
761455.260: [Full GC 1025663K->1025638K(1025664K), 3.2036262 secs]
761458.472: [GC 1025638K(1025664K), 0.7334858 secs]
761460.221: [Full GC 1025664K->1025640K(1025664K), 3.2107310 secs]
761463.440: [Full GC 1025663K->1025639K(1025664K), 3.2137425 secs]
761466.663: [GC 1025639K(1025664K), 0.7430056 secs]
761468.437: [Full GC 1025663K->1025636K(1025664K), 3.2220676 secs]
761471.670: [Full GC 1025662K->1025637K(1025664K), 3.2141158 secs]
761474.892: [GC 1025645K(1025664K), 0.7443485 secs]
761476.649: [Full GC 1025660K->1025637K(1025664K), 3.2254148 secs]
761479.885: [Full GC 1025663K->1025637K(1025664K), 3.2143776 secs]
761483.108: [GC 1025638K(1025664K), 0.7355211 secs]
761484.843: [Full GC 1025663K->1025637K(1025664K), 3.2364082 secs]
761488.089: [Full GC 1025663K->1025638K(1025664K), 3.2194120 secs]
761491.317: [GC 1025638K(1025664K), 0.7383790 secs]
761493.066: [Full GC 1025663K->1025640K(1025664K), 3.2160862 secs]
761496.291: [Full GC 1025663K->1025647K(1025664K), 3.2128473 secs]
761499.512: [GC 1025650K(1025664K), 0.7382936 secs]
761501.261: [Full GC 1025663K->1025655K(1025664K), 3.2180921 secs]
761504.487: [Full GC 1025663K->1025638K(1025664K), 3.2230434 secs]
761507.719: [GC 1025639K(1025664K), 0.7367385 secs]
761509.482: [Full GC 1025639K->1025636K(1025664K), 3.2412441 secs]
761512.733: [Full GC 1025662K->1025637K(1025664K), 3.2385593 secs]
761515.980: [GC 1025645K(1025664K), 0.7389653 secs]
761517.729: [Full GC 1025660K->1025637K(1025664K), 3.2225034 secs]
761520.965: [Full GC 1025664K->1025638K(1025664K), 3.2217926 secs]
761524.195: [GC 1025638K(1025664K), 0.7389845 secs]
761525.957: [Full GC 1025663K->1025637K(1025664K), 3.2191154 secs]
761529.193: [Full GC 1025663K->1025638K(1025664K), 3.2095352 secs]
761532.411: [GC 1025638K(1025664K), 0.7397078 secs]
761534.217: [Full GC 1025663K->1025640K(1025664K), 3.2321309 secs]
761537.458: [Full GC 1025659K->1025638K(1025664K), 3.2342154 secs]
761540.701: [GC 1025655K(1025664K), 0.7414347 secs]
761542.463: [Full GC 1025663K->1025639K(1025664K), 3.2233148 secs]
761545.695: [Full GC 1025639K->1025639K(1025664K), 3.2162528 secs]
761548.920: [GC 1025639K(1025664K), 0.7380203 secs]
761550.677: [Full GC 1025657K->1025645K(1025664K), 3.2181315 secs]
761553.904: [Full GC 1025658K->1025637K(1025664K), 3.2195303 secs]
761557.132: [GC 1025645K(1025664K), 0.7336521 secs]
761558.899: [Full GC 1025660K->1025637K(1025664K), 3.2183341 secs]
761562.127: [Full GC 1025663K->1025638K(1025664K), 3.2211715 secs]
761565.357: [GC 1025638K(1025664K), 0.7331810 secs]
761567.118: [Full GC 1025663K->1025638K(1025664K), 3.2397139 secs]
761570.368: [Full GC 1025663K->1025638K(1025664K), 3.2172395 secs]
761573.593: [GC 1025638K(1025664K), 0.7493619 secs]
761575.378: [Full GC 1025663K->1025640K(1025664K), 3.2199412 secs]
761578.606: [Full GC 1025663K->1025639K(1025664K), 3.2334394 secs]
761581.848: [GC 1025640K(1025664K), 0.7408177 secs]
761583.606: [Full GC 1025663K->1025654K(1025664K), 3.2303216 secs]
761587.852: [Full GC 1025656K->1025637K(1025664K), 3.2166106 secs]
761591.077: [GC 1025637K(1025664K), 0.7407914 secs]
761592.833: [Full GC 1025663K->1025638K(1025664K), 3.2383878 secs]
761596.081: [Full GC 1025660K->1025638K(1025664K), 3.2221314 secs]
761599.311: [GC 1025646K(1025664K), 0.7433227 secs]
761601.087: [Full GC 1025664K->1025638K(1025664K), 3.2293158 secs]
761604.326: [Full GC 1025663K->1025638K(1025664K), 3.2232379 secs]
761607.558: [GC 1025638K(1025664K), 0.7421672 secs]
761609.321: [Full GC 1025663K->1025638K(1025664K), 3.2316045 secs]
761612.562: [Full GC 1025663K->1025640K(1025664K), 3.2175476 secs]
761615.788: [GC 1025642K(1025664K), 0.7403599 secs]
761617.557: [Full GC 1025656K->1025647K(1025664K), 3.2219439 secs]
761620.787: [Full GC 1025663K->1025658K(1025664K), 3.2041203 secs]
761624.000: [GC 1025659K(1025664K), 0.7487907 secs]
761625.769: [Full GC 1025663K->1025639K(1025664K), 3.2234146 secs]
761629.001: [Full GC 1025641K->1025638K(1025664K), 3.2243406 secs]
761632.233: [GC 1025638K(1025664K), 0.7395145 secs]
761633.982: [Full GC 1025662K->1025646K(1025664K), 3.2338358 secs]
761637.224: [Full GC 1025659K->1025638K(1025664K), 3.2379432 secs]
761640.470: [GC 1025646K(1025664K), 0.7426154 secs]
761642.249: [Full GC 1025660K->1025638K(1025664K), 3.2525545 secs]
761645.519: [Full GC 1025663K->1025638K(1025664K), 3.2239125 secs]
761648.751: [GC 1025638K(1025664K), 0.7417651 secs]
761650.513: [Full GC 1025663K->1025638K(1025664K), 3.2544677 secs]
761653.777: [Full GC 1025663K->1025638K(1025664K), 3.2303501 secs]
761657.016: [GC 1025638K(1025664K), 0.7416779 secs]
761658.762: [Full GC 1025663K->1025640K(1025664K), 3.2356699 secs]
761662.006: [Full GC 1025657K->1025648K(1025664K), 3.2230822 secs]
761665.238: [GC 1025656K(1025664K), 0.7322909 secs]
761667.011: [Full GC 1025663K->1025659K(1025664K), 3.2138859 secs]
761670.233: [Full GC 1025662K->1025639K(1025664K), 3.2181157 secs]
761673.460: [Full GC 1025640K->1025639K(1025664K), 3.2312903 secs]
761676.698: [GC 1025639K(1025664K), 0.7388099 secs]
761678.462: [Full GC 1025657K->1025638K(1025664K), 3.2187864 secs]
761681.691: [Full GC 1025659K->1025638K(1025664K), 3.2133401 secs]
761684.912: [GC 1025646K(1025664K), 0.7421069 secs]
761686.676: [Full GC 1025661K->1025638K(1025664K), 3.2678324 secs]
761689.953: [Full GC 1025663K->1025638K(1025664K), 3.2284702 secs]
761693.190: [GC 1025638K(1025664K), 0.7337071 secs]
761694.952: [Full GC 1025663K->1025638K(1025664K), 3.2259841 secs]
761698.187: [Full GC 1025663K->1025638K(1025664K), 3.2201026 secs]
761701.416: [GC 1025638K(1025664K), 0.7385705 secs]
761703.214: [Full GC 1025663K->1025641K(1025664K), 3.2153055 secs]
761706.438: [Full GC 1025663K->1025639K(1025664K), 3.2377544 secs]
761709.684: [GC 1025640K(1025664K), 0.7468996 secs]
761711.462: [Full GC 1025657K->1025647K(1025664K), 3.2224171 secs]
761715.702: [Full GC 1025658K->1025638K(1025664K), 3.2199489 secs]
761718.930: [GC 1025638K(1025664K), 0.7536712 secs]
761720.695: [Full GC 1025663K->1025638K(1025664K), 3.2151931 secs]
761723.920: [Full GC 1025661K->1025638K(1025664K), 3.2265348 secs]
761727.154: [GC 1025646K(1025664K), 0.7358191 secs]
761728.895: [Full GC 1025663K->1025638K(1025664K), 3.2228762 secs]
761732.128: [Full GC 1025663K->1025638K(1025664K), 3.2182822 secs]
761735.355: [GC 1025639K(1025664K), 0.7320868 secs]
761737.118: [Full GC 1025663K->1025638K(1025664K), 3.2474482 secs]
761740.375: [Full GC 1025663K->1025640K(1025664K), 3.2055181 secs]
761743.589: [GC 1025641K(1025664K), 0.7381504 secs]
761745.360: [Full GC 1025658K->1025648K(1025664K), 3.2243131 secs]
761748.593: [Full GC 1025663K->1025640K(1025664K), 3.2237280 secs]
761751.826: [Full GC 1025640K->1025640K(1025664K), 3.2404313 secs]
761755.075: [Full GC 1025663K->1025638K(1025664K), 3.2258920 secs]
761758.310: [GC 1025646K(1025664K), 0.7320692 secs]
761760.057: [Full GC 1025660K->1025638K(1025664K), 3.2255303 secs]
761763.293: [Full GC 1025661K->1025639K(1025664K), 3.2133023 secs]
761766.514: [GC 1025647K(1025664K), 0.7405596 secs]
761768.287: [Full GC 1025663K->1025639K(1025664K), 3.2221317 secs]
761771.519: [Full GC 1025663K->1025639K(1025664K), 3.2220121 secs]
761774.750: [GC 1025639K(1025664K), 0.7527969 secs]
761776.521: [Full GC 1025663K->1025638K(1025664K), 3.2264638 secs]
761779.757: [Full GC 1025663K->1025641K(1025664K), 3.2134517 secs]
761782.979: [GC 1025641K(1025664K), 0.7361990 secs]
761784.728: [Full GC 1025658K->1025648K(1025664K), 3.2261189 secs]
761787.962: [Full GC 1025663K->1025640K(1025664K), 3.2126777 secs]
761791.183: [GC 1025640K(1025664K), 0.7333496 secs]
761792.930: [Full GC 1025642K->1025640K(1025664K), 3.2222007 secs]
761796.161: [Full GC 1025663K->1025639K(1025664K), 3.2359778 secs]
761799.405: [GC 1025647K(1025664K), 0.7346766 secs]
761801.160: [Full GC 1025660K->1025639K(1025664K), 3.2219859 secs]
761804.392: [Full GC 1025661K->1025639K(1025664K), 3.2219971 secs]
761807.622: [GC 1025647K(1025664K), 0.7432523 secs]
761809.380: [Full GC 1025663K->1025639K(1025664K), 3.2511957 secs]
761812.641: [Full GC 1025663K->1025639K(1025664K), 3.2380289 secs]
761815.887: [GC 1025639K(1025664K), 0.7443392 secs]
761817.648: [Full GC 1025662K->1025655K(1025664K), 3.2291234 secs]
761820.886: [Full GC 1025663K->1025641K(1025664K), 3.2273877 secs]
761824.122: [GC 1025641K(1025664K), 0.7374901 secs]
761825.880: [Full GC 1025662K->1025642K(1025664K), 3.2161918 secs]
761829.105: [Full GC 1025662K->1025640K(1025664K), 3.2158859 secs]
761832.329: [GC 1025648K(1025664K), 0.7338184 secs]
761834.083: [Full GC 1025663K->1025657K(1025664K), 3.2312769 secs]
761837.323: [Full GC 1025663K->1025638K(1025664K), 3.2162850 secs]
761840.547: [GC 1025638K(1025664K), 0.7435591 secs]
761842.322: [Full GC 1025638K->1025638K(1025664K), 3.2197556 secs]
761845.551: [Full GC 1025663K->1025639K(1025664K), 3.2381310 secs]
761848.797: [GC 1025639K(1025664K), 0.7329146 secs]
761850.547: [Full GC 1025662K->1025639K(1025664K), 3.2290429 secs]
761853.786: [Full GC 1025663K->1025639K(1025664K), 3.2124132 secs]
761857.007: [GC 1025639K(1025664K), 0.7442975 secs]
761858.785: [Full GC 1025663K->1025639K(1025664K), 3.2211862 secs]
761862.016: [Full GC 1025663K->1025656K(1025664K), 3.2142280 secs]
761865.239: [GC 1025658K(1025664K), 0.7334776 secs]
761866.991: [Full GC 1025663K->1025641K(1025664K), 3.2097488 secs]
761870.210: [Full GC 1025663K->1025642K(1025664K), 3.2506298 secs]
761873.469: [GC 1025642K(1025664K), 0.7357644 secs]
761875.233: [Full GC 1025660K->1025640K(1025664K), 3.2399497 secs]
761878.482: [Full GC 1025663K->1025658K(1025664K), 3.2306019 secs]
761881.721: [GC 1025658K(1025664K), 0.7389135 secs]
761883.486: [Full GC 1025663K->1025655K(1025664K), 3.2197006 secs]
761887.722: [Full GC 1025658K->1025639K(1025664K), 3.2254024 secs]
761890.956: [GC 1025639K(1025664K), 0.7393003 secs]
761892.716: [Full GC 1025663K->1025639K(1025664K), 3.2591227 secs]
761895.993: [Full GC 1025663K->1025639K(1025664K), 3.2111068 secs]
761899.213: [GC 1025647K(1025664K), 0.7446946 secs]
761900.987: [Full GC 1025663K->1025639K(1025664K), 3.2212448 secs]
761904.218: [Full GC 1025663K->1025639K(1025664K), 3.2297849 secs]
761907.456: [GC 1025640K(1025664K), 0.7348346 secs]
761909.204: [Full GC 1025655K->1025648K(1025664K), 3.2303335 secs]
761912.443: [Full GC 1025663K->1025641K(1025664K), 3.2220481 secs]
761915.674: [GC 1025641K(1025664K), 0.7401359 secs]
761917.482: [Full GC 1025663K->1025642K(1025664K), 3.2259960 secs]
761920.717: [Full GC 1025663K->1025640K(1025664K), 3.2145378 secs]
761923.940: [GC 1025641K(1025664K), 0.7365601 secs]
761925.703: [Full GC 1025659K->1025648K(1025664K), 3.2251680 secs]
761929.942: [Full GC 1025659K->1025639K(1025664K), 3.2352143 secs]
761933.185: [GC 1025639K(1025664K), 0.7528738 secs]
761934.971: [Full GC 1025664K->1025639K(1025664K), 3.2214086 secs]
761938.202: [Full GC 1025663K->1025640K(1025664K), 3.2171994 secs]
761941.427: [GC 1025648K(1025664K), 0.7484514 secs]
761943.203: [Full GC 1025663K->1025640K(1025664K), 3.2258379 secs]
761946.439: [Full GC 1025663K->1025639K(1025664K), 3.2362986 secs]
761949.684: [GC 1025640K(1025664K), 0.7409275 secs]
761951.452: [Full GC 1025655K->1025648K(1025664K), 3.2181027 secs]
761954.679: [Full GC 1025663K->1025641K(1025664K), 3.2312106 secs]
761957.919: [GC 1025641K(1025664K), 0.7364680 secs]
761959.682: [Full GC 1025663K->1025642K(1025664K), 3.2190245 secs]
761962.910: [Full GC 1025663K->1025640K(1025664K), 3.2355629 secs]
761966.154: [GC 1025641K(1025664K), 0.7496546 secs]
761967.921: [Full GC 1025663K->1025658K(1025664K), 3.2059844 secs]
761971.136: [Full GC 1025662K->1025657K(1025664K), 3.2058056 secs]
761974.348: [GC 1025658K(1025664K), 0.7332695 secs]
761978.675: [Full GC 1025661K->1025639K(1025664K), 3.2217324 secs]
761981.906: [Full GC 1025663K->1025640K(1025664K), 3.2110636 secs]
761985.125: [GC 1025640K(1025664K), 0.7398670 secs]
761986.890: [Full GC 1025663K->1025640K(1025664K), 3.2268254 secs]
761990.127: [Full GC 1025664K->1025640K(1025664K), 3.2268555 secs]
761993.363: [GC 1025640K(1025664K), 0.7489090 secs]
761995.154: [Full GC 1025663K->1025639K(1025664K), 3.2242252 secs]
761998.387: [Full GC 1025656K->1025648K(1025664K), 3.2326733 secs]
762001.628: [GC 1025656K(1025664K), 0.7374558 secs]
762003.413: [Full GC 1025663K->1025641K(1025664K), 3.2277521 secs]
762006.650: [Full GC 1025663K->1025642K(1025664K), 3.2175999 secs]
762009.876: [GC 1025643K(1025664K), 0.7397314 secs]
762011.648: [Full GC 1025663K->1025650K(1025664K), 3.2403141 secs]
762014.897: [Full GC 1025657K->1025650K(1025664K), 3.2116276 secs]
762018.117: [GC 1025658K(1025664K), 0.7374234 secs]
762019.870: [Full GC 1025663K->1025640K(1025664K), 3.2278705 secs]
762023.107: [Full GC 1025643K->1025641K(1025664K), 3.2276775 secs]
762026.343: [GC 1025641K(1025664K), 0.7358409 secs]
762028.104: [Full GC 1025661K->1025648K(1025664K), 3.2361021 secs]
762031.349: [Full GC 1025661K->1025640K(1025664K), 3.2107106 secs]
762034.568: [GC 1025648K(1025664K), 0.7377074 secs]
762036.321: [Full GC 1025663K->1025640K(1025664K), 3.2331763 secs]
762039.564: [Full GC 1025663K->1025640K(1025664K), 3.2124129 secs]
762042.785: [GC 1025640K(1025664K), 0.7386309 secs]
762044.545: [Full GC 1025663K->1025640K(1025664K), 3.2256627 secs]
762047.780: [Full GC 1025656K->1025648K(1025664K), 3.2177036 secs]
762051.006: [GC 1025657K(1025664K), 0.7419922 secs]
762052.790: [Full GC 1025663K->1025641K(1025664K), 3.2413977 secs]
762056.041: [Full GC 1025663K->1025643K(1025664K), 3.2101452 secs]
762059.259: [GC 1025643K(1025664K), 0.7343150 secs]
762061.075: [Full GC 1025663K->1025641K(1025664K), 3.2143969 secs]
762064.298: [Full GC 1025660K->1025648K(1025664K), 3.2368862 secs]
762067.544: [GC 1025657K(1025664K), 0.7387706 secs]
762071.841: [Full GC 1025659K->1025639K(1025664K), 3.2291548 secs]
762075.080: [Full GC 1025663K->1025640K(1025664K), 3.2179011 secs]
762078.307: [GC 1025640K(1025664K), 0.7328697 secs]
762080.088: [Full GC 1025664K->1025640K(1025664K), 3.2278235 secs]
762083.326: [Full GC 1025663K->1025640K(1025664K), 3.2321670 secs]
762086.567: [GC 1025640K(1025664K), 0.7370122 secs]
762088.321: [Full GC 1025662K->1025657K(1025664K), 3.2276321 secs]
762091.558: [Full GC 1025663K->1025640K(1025664K), 3.2257482 secs]
762094.792: [GC 1025641K(1025664K), 0.7399110 secs]
762096.542: [Full GC 1025663K->1025640K(1025664K), 3.2154295 secs]
762099.767: [Full GC 1025663K->1025643K(1025664K), 3.2099605 secs]
762102.986: [GC 1025643K(1025664K), 0.7362686 secs]
762104.729: [Full GC 1025663K->1025659K(1025664K), 3.2383436 secs]
762107.976: [Full GC 1025662K->1025659K(1025664K), 3.2167929 secs]
762111.201: [GC 1025661K(1025664K), 0.7415273 secs]
762112.980: [Full GC 1025662K->1025658K(1025664K), 3.2301063 secs]
762116.219: [Full GC 1025663K->1025641K(1025664K), 3.2393643 secs]
762119.465: [Full GC 1025641K->1025641K(1025664K), 3.2242718 secs]
762122.698: [Full GC 1025663K->1025642K(1025664K), 3.2213542 secs]
762125.928: [GC 1025642K(1025664K), 0.7379161 secs]
762127.690: [Full GC 1025655K->1025648K(1025664K), 3.2416127 secs]
762130.940: [Full GC 1025661K->1025640K(1025664K), 3.2149473 secs]
762134.164: [GC 1025648K(1025664K), 0.7420156 secs]
762135.932: [Full GC 1025663K->1025640K(1025664K), 3.2263496 secs]
762139.168: [Full GC 1025663K->1025641K(1025664K), 3.2309183 secs]
762142.407: [GC 1025641K(1025664K), 0.7337009 secs]
762144.171: [Full GC 1025662K->1025657K(1025664K), 3.2231072 secs]
762147.403: [Full GC 1025663K->1025640K(1025664K), 3.2094510 secs]
762150.620: [GC 1025640K(1025664K), 0.7422275 secs]
762152.396: [Full GC 1025663K->1025659K(1025664K), 3.2310692 secs]
762155.636: [Full GC 1025663K->1025641K(1025664K), 3.2189208 secs]
762158.863: [GC 1025641K(1025664K), 0.7315276 secs]
762160.598: [Full GC 1025663K->1025643K(1025664K), 3.2255286 secs]
762163.833: [Full GC 1025662K->1025642K(1025664K), 3.2180657 secs]
762167.059: [GC 1025643K(1025664K), 0.7384363 secs]
762168.816: [Full GC 1025663K->1025659K(1025664K), 3.2444346 secs]
762172.069: [Full GC 1025663K->1025658K(1025664K), 3.2526886 secs]
762175.330: [GC 1025662K(1025664K), 0.7321165 secs]
762177.084: [Full GC 1025663K->1025658K(1025664K), 3.2169444 secs]
762181.312: [Full GC 1025659K->1025640K(1025664K), 3.2177821 secs]
762184.538: [GC 1025640K(1025664K), 0.7405209 secs]
762186.298: [Full GC 1025663K->1025640K(1025664K), 3.2276261 secs]
762189.535: [Full GC 1025663K->1025641K(1025664K), 3.2199791 secs]
762192.764: [GC 1025641K(1025664K), 0.7390206 secs]
762194.519: [Full GC 1025663K->1025641K(1025664K), 3.2534647 secs]
762197.782: [Full GC 1025656K->1025649K(1025664K), 3.2248404 secs]
762201.015: [GC 1025657K(1025664K), 0.7377809 secs]
762202.761: [Full GC 1025663K->1025641K(1025664K), 3.2134010 secs]
762205.984: [Full GC 1025663K->1025658K(1025664K), 3.2316983 secs]
762209.224: [GC 1025659K(1025664K), 0.7490925 secs]
762210.975: [Full GC 1025663K->1025642K(1025664K), 3.2141100 secs]
762214.198: [Full GC 1025663K->1025643K(1025664K), 3.2250150 secs]
762217.431: [GC 1025652K(1025664K), 0.7355505 secs]
762219.184: [Full GC 1025662K->1025651K(1025664K), 3.2341485 secs]
762222.427: [Full GC 1025663K->1025642K(1025664K), 3.2320605 secs]
762225.668: [GC 1025642K(1025664K), 0.7435382 secs]
762227.439: [Full GC 1025647K->1025642K(1025664K), 3.2244400 secs]
762230.673: [Full GC 1025663K->1025641K(1025664K), 3.2322336 secs]
762233.913: [GC 1025649K(1025664K), 0.7451422 secs]
762235.689: [Full GC 1025662K->1025641K(1025664K), 3.2275287 secs]
762238.926: [Full GC 1025663K->1025641K(1025664K), 3.2281625 secs]
762242.162: [GC 1025649K(1025664K), 0.7373913 secs]
762243.919: [Full GC 1025663K->1025641K(1025664K), 3.2224599 secs]
762247.151: [Full GC 1025663K->1025657K(1025664K), 3.2166730 secs]
762250.376: [GC 1025659K(1025664K), 0.7333432 secs]
762252.121: [Full GC 1025663K->1025641K(1025664K), 3.2270932 secs]
762255.357: [Full GC 1025663K->1025657K(1025664K), 3.2166526 secs]
762258.582: [GC 1025659K(1025664K), 0.7384995 secs]
762260.351: [Full GC 1025663K->1025642K(1025664K), 3.2158680 secs]
762263.576: [Full GC 1025663K->1025643K(1025664K), 3.2285866 secs]
762266.813: [GC 1025647K(1025664K), 0.7389684 secs]
762268.567: [Full GC 1025661K->1025650K(1025664K), 3.2148979 secs]
762271.791: [Full GC 1025663K->1025642K(1025664K), 3.2107868 secs]
762275.010: [GC 1025643K(1025664K), 0.7372350 secs]
762276.774: [Full GC 1025647K->1025642K(1025664K), 3.2136474 secs]
762279.997: [Full GC 1025662K->1025642K(1025664K), 3.2135214 secs]
762283.218: [GC 1025643K(1025664K), 0.7327643 secs]
762284.963: [Full GC 1025664K->1025641K(1025664K), 3.2397826 secs]
762288.212: [Full GC 1025663K->1025641K(1025664K), 3.2091736 secs]
762291.429: [GC 1025641K(1025664K), 0.7434259 secs]
762293.208: [Full GC 1025663K->1025641K(1025664K), 3.2218152 secs]
762296.439: [Full GC 1025656K->1025649K(1025664K), 3.2206700 secs]
762299.668: [GC 1025658K(1025664K), 0.7379003 secs]
762301.449: [Full GC 1025663K->1025641K(1025664K), 3.2119009 secs]
762304.670: [Full GC 1025663K->1025658K(1025664K), 3.2194834 secs]
762307.898: [GC 1025660K(1025664K), 0.7362208 secs]
762309.665: [Full GC 1025663K->1025642K(1025664K), 3.2208910 secs]
762312.895: [Full GC 1025663K->1025644K(1025664K), 3.2394986 secs]
762316.143: [GC 1025644K(1025664K), 0.7372738 secs]
762317.888: [Full GC 1025663K->1025643K(1025664K), 3.2507443 secs]
762321.147: [Full GC 1025663K->1025659K(1025664K), 3.2112459 secs]
762324.367: [GC 1025659K(1025664K), 0.7334248 secs]
762326.115: [Full GC 1025663K->1025660K(1025664K), 3.2146998 secs]
762329.339: [Full GC 1025662K->1025659K(1025664K), 3.2194899 secs]
762332.566: [GC 1025661K(1025664K), 0.7407214 secs]
762334.316: [Full GC 1025662K->1025658K(1025664K), 3.2295948 secs]
762338.562: [Full GC 1025660K->1025640K(1025664K), 3.2412524 secs]
762341.812: [GC 1025640K(1025664K), 0.7416180 secs]
762343.624: [Full GC 1025664K->1025640K(1025664K), 3.2244933 secs]
762346.858: [Full GC 1025663K->1025641K(1025664K), 3.2179364 secs]
762350.084: [GC 1025641K(1025664K), 0.7360967 secs]
762351.856: [Full GC 1025663K->1025641K(1025664K), 3.2356118 secs]
762355.100: [Full GC 1025656K->1025649K(1025664K), 3.2276694 secs]
762358.336: [GC 1025657K(1025664K), 0.7366829 secs]
762360.095: [Full GC 1025663K->1025641K(1025664K), 3.2210531 secs]
762363.326: [Full GC 1025662K->1025657K(1025664K), 3.2187737 secs]
762366.553: [GC 1025659K(1025664K), 0.7400904 secs]
762368.313: [Full GC 1025663K->1025642K(1025664K), 3.2308902 secs]
762371.553: [Full GC 1025664K->1025643K(1025664K), 3.2147251 secs]
762374.776: [GC 1025643K(1025664K), 0.7432148 secs]
762376.549: [Full GC 1025662K->1025642K(1025664K), 3.2299294 secs]
762379.786: [Full GC 1025663K->1025659K(1025664K), 3.2185092 secs]
762383.013: [GC 1025660K(1025664K), 0.7367934 secs]
762384.773: [Full GC 1025663K->1025659K(1025664K), 3.2276701 secs]
762388.009: [Full GC 1025662K->1025658K(1025664K), 3.2147297 secs]
762391.232: [GC 1025659K(1025664K), 0.7321684 secs]
762393.021: [Full GC 1025663K->1025640K(1025664K), 3.2343447 secs]
762396.265: [Full GC 1025663K->1025659K(1025664K), 3.2200988 secs]
762399.493: [GC 1025659K(1025664K), 0.7393629 secs]
762401.245: [Full GC 1025661K->1025641K(1025664K), 3.2185129 secs]
762404.473: [Full GC 1025663K->1025641K(1025664K), 3.2229701 secs]
762407.704: [GC 1025649K(1025664K), 0.7404646 secs]
762409.514: [Full GC 1025663K->1025641K(1025664K), 3.2272582 secs]
762412.751: [Full GC 1025663K->1025657K(1025664K), 3.2212438 secs]
762415.980: [GC 1025658K(1025664K), 0.7436352 secs]
762417.755: [Full GC 1025663K->1025641K(1025664K), 3.2194198 secs]
762420.984: [Full GC 1025663K->1025657K(1025664K), 3.2141673 secs]
762424.206: [GC 1025659K(1025664K), 0.7339360 secs]
762425.968: [Full GC 1025663K->1025642K(1025664K), 3.2184251 secs]
762429.195: [Full GC 1025663K->1025643K(1025664K), 3.2172470 secs]
762432.420: [GC 1025644K(1025664K), 0.7339155 secs]
762434.169: [Full GC 1025656K->1025643K(1025664K), 3.2349305 secs]
762437.411: [Full GC 1025660K->1025650K(1025664K), 3.2476794 secs]
762440.667: [GC 1025658K(1025664K), 0.7487283 secs]
762442.426: [Full GC 1025663K->1025641K(1025664K), 3.2793322 secs]
762445.714: [Full GC 1025642K->1025641K(1025664K), 3.2405532 secs]
762448.963: [GC 1025642K(1025664K), 0.7424734 secs]
762450.713: [Full GC 1025655K->1025641K(1025664K), 3.2158150 secs]
762453.938: [Full GC 1025662K->1025641K(1025664K), 3.2167349 secs]
762457.163: [GC 1025649K(1025664K), 0.7416917 secs]
762458.915: [Full GC 1025663K->1025641K(1025664K), 3.2172324 secs]
762462.147: [Full GC 1025663K->1025641K(1025664K), 3.2172766 secs]
762465.372: [GC 1025641K(1025664K), 0.7327031 secs]
762467.120: [Full GC 1025655K->1025649K(1025664K), 3.2108912 secs]
762470.340: [Full GC 1025663K->1025641K(1025664K), 3.2251843 secs]
762473.573: [GC 1025641K(1025664K), 0.7426617 secs]
762475.338: [Full GC 1025655K->1025649K(1025664K), 3.2133208 secs]
762478.560: [Full GC 1025663K->1025641K(1025664K), 3.2350773 secs]
762481.803: [GC 1025642K(1025664K), 0.7359073 secs]
762483.551: [Full GC 1025663K->1025643K(1025664K), 3.2137760 secs]
762486.772: [Full GC 1025662K->1025643K(1025664K), 3.2361054 secs]
762490.017: [GC 1025644K(1025664K), 0.7384211 secs]
762491.784: [Full GC 1025655K->1025650K(1025664K), 3.2332013 secs]
762495.026: [Full GC 1025663K->1025642K(1025664K), 3.2519035 secs]
762498.287: [GC 1025642K(1025664K), 0.7390033 secs]
762500.058: [Full GC 1025645K->1025642K(1025664K), 3.2262560 secs]
762503.293: [Full GC 1025661K->1025642K(1025664K), 3.2238810 secs]
762506.525: [GC 1025650K(1025664K), 0.7370305 secs]
762508.273: [Full GC 1025663K->1025642K(1025664K), 3.2279404 secs]
762511.510: [Full GC 1025663K->1025642K(1025664K), 3.2341295 secs]
762514.752: [GC 1025642K(1025664K), 0.7417686 secs]
762516.502: [Full GC 1025663K->1025642K(1025664K), 3.2368579 secs]
762519.748: [Full GC 1025657K->1025650K(1025664K), 3.2151728 secs]
762522.972: [GC 1025659K(1025664K), 0.7362213 secs]
762524.734: [Full GC 1025663K->1025642K(1025664K), 3.2216977 secs]
762527.964: [Full GC 1025657K->1025650K(1025664K), 3.2242527 secs]
762531.197: [GC 1025658K(1025664K), 0.7426026 secs]
762532.979: [Full GC 1025663K->1025642K(1025664K), 3.2341204 secs]
762536.222: [Full GC 1025664K->1025644K(1025664K), 3.2192415 secs]
762539.450: [GC 1025644K(1025664K), 0.7353540 secs]
762541.224: [Full GC 1025656K->1025643K(1025664K), 3.2249915 secs]
762544.457: [Full GC 1025663K->1025661K(1025664K), 3.2330201 secs]
762547.698: [GC 1025661K(1025664K), 0.7399929 secs]
762549.455: [Full GC 1025663K->1025661K(1025664K), 3.2244701 secs]
762552.688: [Full GC 1025662K->1025661K(1025664K), 3.2320069 secs]
762555.928: [GC 1025663K(1025664K), 0.7386724 secs]
762557.706: [Full GC 1025663K->1025643K(1025664K), 3.2385928 secs]
762560.953: [Full GC 1025648K->1025641K(1025664K), 3.2132390 secs]
762564.175: [GC 1025641K(1025664K), 0.7403892 secs]
762565.929: [Full GC 1025658K->1025641K(1025664K), 3.2173620 secs]
762569.155: [Full GC 1025663K->1025641K(1025664K), 3.2312629 secs]
762572.395: [GC 1025649K(1025664K), 0.7332265 secs]
762574.150: [Full GC 1025664K->1025642K(1025664K), 3.2251027 secs]
762577.393: [Full GC 1025663K->1025641K(1025664K), 3.2187987 secs]
762580.620: [GC 1025642K(1025664K), 0.7400782 secs]
762582.376: [Full GC 1025656K->1025650K(1025664K), 3.2065991 secs]
762585.592: [Full GC 1025663K->1025642K(1025664K), 3.2220396 secs]
762588.822: [GC 1025642K(1025664K), 0.7362700 secs]
762590.595: [Full GC 1025656K->1025650K(1025664K), 3.2292370 secs]
762593.833: [Full GC 1025663K->1025642K(1025664K), 3.2273857 secs]
762597.069: [GC 1025642K(1025664K), 0.7385539 secs]
762598.824: [Full GC 1025663K->1025643K(1025664K), 3.2303153 secs]
762602.063: [Full GC 1025663K->1025651K(1025664K), 3.2188991 secs]
762605.291: [GC 1025660K(1025664K), 0.7377870 secs]
762607.058: [Full GC 1025663K->1025661K(1025664K), 3.2385537 secs]
762610.305: [Full GC 1025663K->1025662K(1025664K), 3.2178714 secs]
762613.532: [Full GC 1025662K->1025662K(1025664K), 3.2273278 secs]
762616.767: [Full GC 1025664K->1025643K(1025664K), 3.2166295 secs]
762619.993: [Full GC 1025649K->1025641K(1025664K), 3.2324608 secs]
762623.233: [GC 1025641K(1025664K), 0.7414836 secs]
762624.996: [Full GC 1025658K->1025642K(1025664K), 3.2364220 secs]
762628.241: [Full GC 1025663K->1025642K(1025664K), 3.2141975 secs]
762631.464: [GC 1025650K(1025664K), 0.7362846 secs]
762633.213: [Full GC 1025664K->1025642K(1025664K), 3.2098326 secs]
762636.442: [Full GC 1025663K->1025642K(1025664K), 3.2134675 secs]
762639.663: [GC 1025642K(1025664K), 0.7374547 secs]
762641.417: [Full GC 1025657K->1025650K(1025664K), 3.2285274 secs]
762644.653: [Full GC 1025663K->1025642K(1025664K), 3.2204661 secs]
762647.882: [GC 1025642K(1025664K), 0.7451953 secs]
762649.651: [Full GC 1025656K->1025650K(1025664K), 3.2374838 secs]
762652.896: [Full GC 1025663K->1025642K(1025664K), 3.2152407 secs]
762656.119: [GC 1025642K(1025664K), 0.7486117 secs]
762657.885: [Full GC 1025663K->1025644K(1025664K), 3.2303607 secs]
762661.124: [Full GC 1025663K->1025644K(1025664K), 3.2262092 secs]
762664.359: [GC 1025648K(1025664K), 0.7346765 secs]
762666.116: [Full GC 1025657K->1025651K(1025664K), 3.2235240 secs]
762669.349: [Full GC 1025663K->1025642K(1025664K), 3.2167117 secs]
762672.574: [GC 1025643K(1025664K), 0.7384653 secs]
762674.320: [Full GC 1025647K->1025643K(1025664K), 3.2478092 secs]
762677.577: [Full GC 1025661K->1025650K(1025664K), 3.2159443 secs]
762680.801: [GC 1025658K(1025664K), 0.7375155 secs]
762682.548: [Full GC 1025663K->1025642K(1025664K), 3.2347237 secs]
762685.792: [Full GC 1025663K->1025642K(1025664K), 3.2246424 secs]
762689.025: [GC 1025642K(1025664K), 0.7390843 secs]
762690.775: [Full GC 1025663K->1025642K(1025664K), 3.2174946 secs]
762694.001: [Full GC 1025657K->1025650K(1025664K), 3.2102231 secs]
762697.219: [GC 1025659K(1025664K), 0.7344270 secs]
762698.969: [Full GC 1025663K->1025642K(1025664K), 3.2192009 secs]
762702.197: [Full GC 1025657K->1025650K(1025664K), 3.2084829 secs]
762705.414: [GC 1025659K(1025664K), 0.7328694 secs]
762707.180: [Full GC 1025663K->1025642K(1025664K), 3.2306530 secs]
762710.420: [Full GC 1025663K->1025644K(1025664K), 3.2346526 secs]
762713.663: [GC 1025645K(1025664K), 0.7405916 secs]
762715.422: [Full GC 1025659K->1025653K(1025664K), 3.2291979 secs]
762718.660: [Full GC 1025663K->1025660K(1025664K), 3.2233782 secs]
762721.892: [GC 1025661K(1025664K), 0.7371326 secs]
762723.652: [Full GC 1025662K->1025660K(1025664K), 3.2274288 secs]
762726.887: [Full GC 1025662K->1025660K(1025664K), 3.2193955 secs]
762730.114: [GC 1025662K(1025664K), 0.7379450 secs]
762731.883: [Full GC 1025662K->1025659K(1025664K), 3.2183308 secs]
762735.111: [Full GC 1025663K->1025642K(1025664K), 3.2407664 secs]
762738.360: [Full GC 1025642K->1025642K(1025664K), 3.2188812 secs]
762741.587: [GC 1025642K(1025664K), 0.7387590 secs]
762743.348: [Full GC 1025663K->1025644K(1025664K), 3.2206666 secs]
762746.577: [Full GC 1025658K->1025650K(1025664K), 3.2240094 secs]
762749.810: [GC 1025658K(1025664K), 0.7429560 secs]
762751.560: [Full GC 1025663K->1025642K(1025664K), 3.2418392 secs]
762754.811: [Full GC 1025663K->1025642K(1025664K), 3.2182742 secs]
762758.038: [GC 1025642K(1025664K), 0.7340692 secs]
762759.804: [Full GC 1025663K->1025642K(1025664K), 3.2104675 secs]
762763.024: [Full GC 1025658K->1025651K(1025664K), 3.2212640 secs]
762766.254: [GC 1025659K(1025664K), 0.7386089 secs]
762768.017: [Full GC 1025663K->1025642K(1025664K), 3.2559102 secs]
762771.282: [Full GC 1025657K->1025651K(1025664K), 3.2375117 secs]
762774.528: [GC 1025659K(1025664K), 0.7415268 secs]
762776.303: [Full GC 1025663K->1025642K(1025664K), 3.2399765 secs]
762779.552: [Full GC 1025663K->1025644K(1025664K), 3.2455223 secs]
762782.806: [GC 1025645K(1025664K), 0.7406469 secs]
762784.561: [Full GC 1025661K->1025653K(1025664K), 3.2213521 secs]
762787.791: [Full GC 1025662K->1025661K(1025664K), 3.2126459 secs]
762791.012: [Full GC 1025662K->1025661K(1025664K), 3.2161759 secs]
762794.236: [GC 1025662K(1025664K), 0.7520432 secs]
762796.007: [Full GC 1025663K->1025660K(1025664K), 3.2133197 secs]
762799.229: [Full GC 1025663K->1025643K(1025664K), 3.2305358 secs]
762802.468: [Full GC 1025643K->1025643K(1025664K), 3.2243688 secs]
762805.700: [GC 1025643K(1025664K), 0.7535118 secs]
762807.478: [Full GC 1025663K->1025643K(1025664K), 3.2286385 secs]
762810.715: [Full GC 1025658K->1025650K(1025664K), 3.2364325 secs]
762813.961: [GC 1025659K(1025664K), 0.7383291 secs]
762815.747: [Full GC 1025663K->1025642K(1025664K), 3.2179996 secs]
762818.974: [Full GC 1025663K->1025643K(1025664K), 3.2189667 secs]
762822.201: [GC 1025643K(1025664K), 0.7343026 secs]
762823.964: [Full GC 1025663K->1025642K(1025664K), 3.2262329 secs]
762827.200: [Full GC 1025659K->1025651K(1025664K), 3.2284865 secs]
762830.436: [GC 1025659K(1025664K), 0.7343006 secs]
762832.187: [Full GC 1025663K->1025643K(1025664K), 3.2371110 secs]
762835.433: [Full GC 1025658K->1025651K(1025664K), 3.2253978 secs]
762838.667: [GC 1025659K(1025664K), 0.7334533 secs]
762840.375: [Full GC 1025663K->1025643K(1025664K), 3.2318240 secs]
762843.616: [Full GC 1025663K->1025644K(1025664K), 3.2201574 secs]
762846.844: [GC 1025645K(1025664K), 0.7380253 secs]
762848.602: [Full GC 1025657K->1025644K(1025664K), 3.2373659 secs]
762851.848: [Full GC 1025664K->1025661K(1025664K), 3.2266278 secs]
762855.083: [Full GC 1025662K->1025661K(1025664K), 3.2259531 secs]
762858.318: [Full GC 1025664K->1025661K(1025664K), 3.2377686 secs]
762861.564: [Full GC 1025663K->1025661K(1025664K), 3.2207360 secs]
762864.793: [Full GC 1025663K->1025661K(1025664K), 3.2336558 secs]
762868.035: [GC 1025662K(1025664K), 0.7367866 secs]
762869.787: [Full GC 1025663K->1025660K(1025664K), 3.2397990 secs]
762873.035: [Full GC 1025663K->1025643K(1025664K), 3.2181662 secs]
762876.262: [Full GC 1025644K->1025643K(1025664K), 3.2248523 secs]
762879.496: [Full GC 1025656K->1025642K(1025664K), 3.2202699 secs]
762882.725: [GC 1025651K(1025664K), 0.7387186 secs]
762884.458: [Full GC 1025663K->1025643K(1025664K), 3.2324065 secs]
762887.700: [Full GC 1025663K->1025642K(1025664K), 3.2268558 secs]
762890.935: [GC 1025642K(1025664K), 0.7416193 secs]
762892.751: [Full GC 1025662K->1025659K(1025664K), 3.2325672 secs]
762896.000: [Full GC 1025663K->1025643K(1025664K), 3.2249645 secs]
762899.233: [GC 1025643K(1025664K), 0.7344643 secs]
762901.027: [Full GC 1025657K->1025651K(1025664K), 3.2293891 secs]
762904.266: [Full GC 1025663K->1025643K(1025664K), 3.2250730 secs]
762907.499: [GC 1025643K(1025664K), 0.7403642 secs]
762909.255: [Full GC 1025658K->1025651K(1025664K), 3.2378825 secs]
762912.501: [Full GC 1025663K->1025643K(1025664K), 3.2289188 secs]
762915.738: [GC 1025643K(1025664K), 0.7500108 secs]
762917.520: [Full GC 1025663K->1025645K(1025664K), 3.2315525 secs]
762920.760: [Full GC 1025662K->1025645K(1025664K), 3.2155476 secs]
762923.984: [GC 1025646K(1025664K), 0.7396106 secs]
762925.747: [Full GC 1025660K->1025652K(1025664K), 3.2343215 secs]
762928.990: [Full GC 1025663K->1025662K(1025664K), 3.2281835 secs]
762932.226: [GC 1025662K(1025664K), 0.7356201 secs]
762933.991: [Full GC 1025663K->1025643K(1025664K), 3.2150634 secs]
762937.215: [Full GC 1025649K->1025643K(1025664K), 3.2334728 secs]
762940.456: [GC 1025644K(1025664K), 0.7355054 secs]
762942.278: [Full GC 1025660K->1025651K(1025664K), 3.2227442 secs]
762945.509: [Full GC 1025663K->1025643K(1025664K), 3.2370634 secs]
762948.756: [GC 1025643K(1025664K), 0.7358562 secs]
762950.526: [Full GC 1025663K->1025643K(1025664K), 3.2429385 secs]
762953.779: [Full GC 1025662K->1025659K(1025664K), 3.2291983 secs]
762957.016: [GC 1025661K(1025664K), 0.7384551 secs]
762958.787: [Full GC 1025663K->1025643K(1025664K), 3.2532635 secs]
762962.049: [Full GC 1025657K->1025651K(1025664K), 3.2271015 secs]
762965.285: [GC 1025659K(1025664K), 0.7329558 secs]
762967.068: [Full GC 1025663K->1025643K(1025664K), 3.2179547 secs]
762970.295: [Full GC 1025658K->1025651K(1025664K), 3.2142515 secs]
762973.517: [GC 1025660K(1025664K), 0.7380349 secs]
762975.281: [Full GC 1025663K->1025643K(1025664K), 3.2253042 secs]
762978.516: [Full GC 1025662K->1025646K(1025664K), 3.2138941 secs]
762981.738: [GC 1025647K(1025664K), 0.7376535 secs]
762983.492: [Full GC 1025663K->1025645K(1025664K), 3.2261157 secs]
762986.727: [Full GC 1025662K->1025652K(1025664K), 3.2482412 secs]
762989.984: [GC 1025660K(1025664K), 0.7417374 secs]
762991.750: [Full GC 1025663K->1025662K(1025664K), 3.2335150 secs]
762994.992: [Full GC 1025663K->1025643K(1025664K), 3.2140216 secs]
762998.215: [GC 1025643K(1025664K), 0.7336842 secs]
762999.964: [Full GC 1025643K->1025643K(1025664K), 3.2181055 secs]
763003.191: [Full GC 1025658K->1025643K(1025664K), 3.2235278 secs]
763006.423: [GC 1025651K(1025664K), 0.7370854 secs]
763008.177: [Full GC 1025663K->1025643K(1025664K), 3.2186566 secs]
763011.405: [Full GC 1025663K->1025643K(1025664K), 3.2338417 secs]
763014.647: [GC 1025643K(1025664K), 0.7363571 secs]
763016.416: [Full GC 1025663K->1025659K(1025664K), 3.2319995 secs]
763019.658: [Full GC 1025663K->1025643K(1025664K), 3.2278079 secs]
763022.894: [GC 1025643K(1025664K), 0.7407387 secs]
763024.669: [Full GC 1025658K->1025651K(1025664K), 3.2288485 secs]
763027.907: [Full GC 1025663K->1025643K(1025664K), 3.2154582 secs]
763031.131: [GC 1025643K(1025664K), 0.7366044 secs]
763032.897: [Full GC 1025659K->1025652K(1025664K), 3.2343052 secs]
763036.140: [Full GC 1025663K->1025643K(1025664K), 3.2144260 secs]
763039.363: [GC 1025643K(1025664K), 0.7334297 secs]
763041.129: [Full GC 1025662K->1025646K(1025664K), 3.2545263 secs]
763044.392: [Full GC 1025661K->1025645K(1025664K), 3.2348395 secs]
763047.635: [GC 1025653K(1025664K), 0.7437948 secs]
763049.393: [Full GC 1025655K->1025653K(1025664K), 3.2156027 secs]
763052.618: [Full GC 1025663K->1025662K(1025664K), 3.2164106 secs]
763055.843: [Full GC 1025663K->1025662K(1025664K), 3.2118261 secs]
763059.063: [GC 1025662K(1025664K), 0.7384387 secs]
763060.836: [Full GC 1025663K->1025663K(1025664K), 3.2383897 secs]
763064.082: [Full GC 1025663K->1025663K(1025664K), 3.2194787 secs]
763067.310: [Full GC 1025663K->1025663K(1025664K), 3.2190264 secs]
763070.537: [Full GC 1025663K->1025663K(1025664K), 3.2261586 secs]
763073.772: [GC 1025663K(1025664K), 0.7440239 secs]
763075.545: [Full GC 1025663K->1025645K(1025664K), 3.2293800 secs]
763078.783: [Full GC 1025651K->1025643K(1025664K), 3.2205596 secs]
763082.011: [GC 1025643K(1025664K), 0.7365347 secs]
763083.764: [Full GC 1025659K->1025643K(1025664K), 3.2348590 secs]
763087.007: [Full GC 1025663K->1025643K(1025664K), 3.2167143 secs]
763090.232: [GC 1025643K(1025664K), 0.7333983 secs]
763091.986: [Full GC 1025663K->1025643K(1025664K), 3.2455200 secs]
763095.241: [Full GC 1025655K->1025651K(1025664K), 3.2163255 secs]
763098.465: [GC 1025660K(1025664K), 0.7360947 secs]
763100.246: [Full GC 1025663K->1025643K(1025664K), 3.2221123 secs]
763103.478: [Full GC 1025659K->1025652K(1025664K), 3.2303248 secs]
763106.716: [GC 1025660K(1025664K), 0.7394316 secs]
763108.472: [Full GC 1025663K->1025643K(1025664K), 3.2221722 secs]
763111.704: [Full GC 1025659K->1025652K(1025664K), 3.2385897 secs]
763114.951: [GC 1025660K(1025664K), 0.7385901 secs]
763116.711: [Full GC 1025663K->1025643K(1025664K), 3.2194294 secs]
763119.939: [Full GC 1025663K->1025646K(1025664K), 3.2095435 secs]
763123.157: [GC 1025647K(1025664K), 0.7380033 secs]
763124.910: [Full GC 1025658K->1025653K(1025664K), 3.2166947 secs]
763128.136: [Full GC 1025663K->1025662K(1025664K), 3.2300893 secs]
763131.374: [GC 1025662K(1025664K), 0.7367336 secs]
763133.154: [Full GC 1025662K->1025662K(1025664K), 3.2529915 secs]
763136.415: [Full GC 1025662K->1025662K(1025664K), 3.2153240 secs]
763139.638: [Full GC 1025663K->1025662K(1025664K), 3.2308196 secs]
763142.876: [GC 1025663K(1025664K), 0.7416758 secs]
763144.653: [Full GC 1025663K->1025645K(1025664K), 3.2204407 secs]
763147.882: [Full GC 1025651K->1025643K(1025664K), 3.2115178 secs]
763151.102: [GC 1025645K(1025664K), 0.7378527 secs]
763152.862: [Full GC 1025663K->1025645K(1025664K), 3.2258466 secs]
763156.097: [Full GC 1025662K->1025651K(1025664K), 3.2369482 secs]
763159.342: [GC 1025659K(1025664K), 0.7330151 secs]
763161.110: [Full GC 1025664K->1025643K(1025664K), 3.2266790 secs]
763164.346: [Full GC 1025663K->1025662K(1025664K), 3.2279446 secs]
763167.582: [GC 1025662K(1025664K), 0.7399021 secs]
763169.344: [Full GC 1025663K->1025644K(1025664K), 3.2248020 secs]
763172.578: [Full GC 1025662K->1025660K(1025664K), 3.2171355 secs]
763175.804: [GC 1025662K(1025664K), 0.7403152 secs]
763177.566: [Full GC 1025663K->1025643K(1025664K), 3.2284356 secs]
763180.804: [Full GC 1025659K->1025652K(1025664K), 3.2182266 secs]
763184.031: [GC 1025660K(1025664K), 0.7371299 secs]
763185.794: [Full GC 1025663K->1025643K(1025664K), 3.2386950 secs]
763189.042: [Full GC 1025660K->1025652K(1025664K), 3.2231930 secs]
763192.274: [GC 1025660K(1025664K), 0.7322138 secs]
763194.094: [Full GC 1025663K->1025643K(1025664K), 3.2210155 secs]
763197.324: [Full GC 1025663K->1025646K(1025664K), 3.2204522 secs]
763200.552: [GC 1025648K(1025664K), 0.7538419 secs]
763202.332: [Full GC 1025663K->1025645K(1025664K), 3.2094372 secs]
763205.551: [Full GC 1025663K->1025662K(1025664K), 3.2166758 secs]
763208.776: [GC 1025662K(1025664K), 0.7416294 secs]
763210.535: [Full GC 1025663K->1025662K(1025664K), 3.2219169 secs]
763213.765: [Full GC 1025662K->1025662K(1025664K), 3.2292340 secs]
763217.003: [Full GC 1025663K->1025663K(1025664K), 3.2161336 secs]
763220.227: [Full GC 1025663K->1025663K(1025664K), 3.2191743 secs]
763223.455: [Full GC 1025663K->1025663K(1025664K), 3.2195320 secs]
763226.682: [Full GC 1025663K->1025663K(1025664K), 3.2266957 secs]
763229.918: [Full GC 1025663K->1025663K(1025664K), 3.2171265 secs]
763233.143: [Full GC 1025663K->1025663K(1025664K), 3.2240734 secs]
763236.376: [Full GC 1025663K->1025645K(1025664K), 3.2179616 secs]
763239.602: [GC 1025645K(1025664K), 0.7407954 secs]
763241.355: [Full GC 1025645K->1025643K(1025664K), 3.2331889 secs]
763244.598: [Full GC 1025657K->1025652K(1025664K), 3.8973632 secs]
763248.503: [GC 1025660K(1025664K), 0.7483567 secs]
763250.262: [Full GC 1025663K->1025643K(1025664K), 3.2476515 secs]
763253.519: [Full GC 1025663K->1025661K(1025664K), 3.2422965 secs]
763256.770: [GC 1025662K(1025664K), 0.7370763 secs]
763258.522: [Full GC 1025663K->1025644K(1025664K), 3.2513491 secs]
763261.783: [Full GC 1025663K->1025660K(1025664K), 3.2311672 secs]
763265.020: [GC 1025662K(1025664K), 0.7490946 secs]
763266.795: [Full GC 1025663K->1025643K(1025664K), 3.2449671 secs]
763270.049: [Full GC 1025659K->1025652K(1025664K), 3.2304341 secs]
763273.287: [GC 1025660K(1025664K), 0.7339861 secs]
763275.051: [Full GC 1025663K->1025643K(1025664K), 3.2382589 secs]
763278.299: [Full GC 1025660K->1025652K(1025664K), 3.2473201 secs]
763281.554: [GC 1025660K(1025664K), 0.7410020 secs]
763283.315: [Full GC 1025663K->1025643K(1025664K), 3.2304580 secs]
763286.555: [Full GC 1025662K->1025654K(1025664K), 3.2329618 secs]
763289.796: [GC 1025662K(1025664K), 0.7413530 secs]
763291.572: [Full GC 1025663K->1025662K(1025664K), 3.2230044 secs]
763294.803: [Full GC 1025663K->1025663K(1025664K), 3.2330716 secs]
763298.045: [Full GC 1025663K->1025663K(1025664K), 3.2258024 secs]
763301.279: [GC 1025663K(1025664K), 0.7319617 secs]
763303.067: [Full GC 1025663K->1025663K(1025664K), 3.2216271 secs]
763306.297: [Full GC 1025663K->1025663K(1025664K), 3.2350288 secs]
763309.540: [GC 1025663K(1025664K), 0.7383873 secs]
763311.301: [Full GC 1025663K->1025645K(1025664K), 3.2461911 secs]
763314.556: [Full GC 1025645K->1025645K(1025664K), 3.2258380 secs]
763317.790: [GC 1025645K(1025664K), 0.7396378 secs]
763319.549: [Full GC 1025658K->1025654K(1025664K), 3.2448120 secs]
763322.803: [Full GC 1025663K->1025663K(1025664K), 3.2246772 secs]
763326.036: [Full GC 1025663K->1025663K(1025664K), 3.2539800 secs]
763329.298: [Full GC 1025663K->1025663K(1025664K), 3.2390165 secs]
763332.545: [Full GC 1025663K->1025663K(1025664K), 3.2350596 secs]
763335.789: [Full GC 1025663K->1025663K(1025664K), 3.2261569 secs]
763339.023: [GC 1025663K(1025664K), 0.7379294 secs]
763340.797: [Full GC 1025663K->1025645K(1025664K), 3.2438304 secs]
763344.050: [Full GC 1025656K->1025653K(1025664K), 3.2501512 secs]
763347.309: [GC 1025661K(1025664K), 0.7381657 secs]
763349.065: [Full GC 1025663K->1025662K(1025664K), 3.2308165 secs]
763352.304: [Full GC 1025663K->1025663K(1025664K), 3.2273461 secs]
763355.540: [Full GC 1025663K->1025663K(1025664K), 3.2291420 secs]
763358.777: [GC 1025663K(1025664K), 0.7443141 secs]
763360.542: [Full GC 1025663K->1025645K(1025664K), 3.2348528 secs]
763363.786: [Full GC 1025657K->1025654K(1025664K), 3.2275179 secs]
763367.021: [GC 1025662K(1025664K), 0.7428510 secs]
763368.778: [Full GC 1025662K->1025662K(1025664K), 3.2325649 secs]
763372.019: [Full GC 1025663K->1025663K(1025664K), 3.2624548 secs]
763375.289: [Full GC 1025663K->1025663K(1025664K), 3.2343049 secs]
763378.532: [GC 1025663K(1025664K), 0.7377223 secs]
763380.284: [Full GC 1025663K->1025663K(1025664K), 3.2468845 secs]
763383.539: [Full GC 1025663K->1025663K(1025664K), 3.2234786 secs]
763386.771: [GC 1025663K(1025664K), 0.7390473 secs]
763388.552: [Full GC 1025663K->1025645K(1025664K), 3.2762136 secs]
763391.838: [Full GC 1025662K->1025654K(1025664K), 3.2350432 secs]
763395.081: [GC 1025662K(1025664K), 0.7671194 secs]
763396.878: [Full GC 1025663K->1025662K(1025664K), 3.2411557 secs]
763400.127: [Full GC 1025663K->1025663K(1025664K), 3.2546523 secs]
763403.390: [Full GC 1025663K->1025663K(1025664K), 3.2230852 secs]
763406.621: [GC 1025663K(1025664K), 0.7406258 secs]
763408.376: [Full GC 1025663K->1025645K(1025664K), 3.2277290 secs]
763411.613: [Full GC 1025662K->1025654K(1025664K), 3.2423046 secs]
763414.863: [Full GC 1025654K->1025654K(1025664K), 3.2213355 secs]
763418.093: [GC 1025662K(1025664K), 0.7403057 secs]
763419.843: [Full GC 1025662K->1025662K(1025664K), 3.2312778 secs]
763423.083: [Full GC 1025663K->1025663K(1025664K), 3.2440152 secs]
763426.335: [Full GC 1025663K->1025663K(1025664K), 3.2468632 secs]
763429.590: [GC 1025663K(1025664K), 0.7370600 secs]
763431.339: [Full GC 1025663K->1025645K(1025664K), 3.2491094 secs]
763434.598: [Full GC 1025656K->1025648K(1025664K), 3.2411278 secs]
763437.847: [GC 1025656K(1025664K), 0.7382361 secs]
763439.613: [Full GC 1025656K->1025656K(1025664K), 3.2467638 secs]
763442.868: [Full GC 1025656K->1025656K(1025664K), 3.2492868 secs]
763446.125: [GC 1025656K(1025664K), 0.7714846 secs]
763447.938: [Full GC 1025656K->1025647K(1025664K), 3.2256095 secs]
763451.172: [Full GC 1025660K->1025656K(1025664K), 3.2253100 secs]
763454.406: [Full GC 1025656K->1025655K(1025664K), 3.2528969 secs]
763457.667: [GC 1025655K(1025664K), 0.7386977 secs]
763459.421: [Full GC 1025658K->1025647K(1025664K), 3.2451965 secs]
763462.675: [Full GC 1025656K->1025655K(1025664K), 3.2348099 secs]
763465.918: [Full GC 1025655K->1025655K(1025664K), 3.2495587 secs]
763469.176: [GC 1025655K(1025664K), 0.7398774 secs]
763470.919: [Full GC 1025659K->1025648K(1025664K), 3.2273174 secs]
763474.155: [Full GC 1025656K->1025656K(1025664K), 3.2392782 secs]
763477.403: [Full GC 1025656K->1025656K(1025664K), 3.2238640 secs]
763480.635: [GC 1025656K(1025664K), 0.7439373 secs]
763482.411: [Full GC 1025663K->1025648K(1025664K), 3.2338315 secs]
763485.654: [Full GC 1025658K->1025656K(1025664K), 3.2308738 secs]
763488.893: [Full GC 1025656K->1025656K(1025664K), 3.2312748 secs]
763492.133: [GC 1025656K(1025664K), 0.7425375 secs]
763493.894: [Full GC 1025663K->1025648K(1025664K), 3.2414805 secs]
763497.144: [Full GC 1025658K->1025656K(1025664K), 3.2254737 secs]
763500.378: [Full GC 1025656K->1025656K(1025664K), 3.2374509 secs]
763503.624: [GC 1025656K(1025664K), 0.7400988 secs]
763505.396: [Full GC 1025663K->1025650K(1025664K), 3.2322373 secs]
763508.637: [Full GC 1025661K->1025658K(1025664K), 3.2406637 secs]
763511.886: [Full GC 1025658K->1025658K(1025664K), 3.2273168 secs]
763515.122: [GC 1025658K(1025664K), 0.7503689 secs]
763519.421: [Full GC 1025658K->1025649K(1025664K), 3.2337699 secs]
763522.663: [Full GC 1025662K->1025658K(1025664K), 3.2652137 secs]
763525.937: [Full GC 1025658K->1025658K(1025664K), 3.2312813 secs]
763529.176: [GC 1025658K(1025664K), 0.7391402 secs]
763530.942: [Full GC 1025660K->1025650K(1025664K), 3.2501399 secs]
763534.201: [Full GC 1025658K->1025657K(1025664K), 3.2539315 secs]
763537.463: [Full GC 1025657K->1025657K(1025664K), 3.2377725 secs]
763540.709: [GC 1025657K(1025664K), 0.7404045 secs]
763542.483: [Full GC 1025661K->1025650K(1025664K), 3.2270801 secs]
763545.719: [Full GC 1025658K->1025658K(1025664K), 3.2337656 secs]
763548.961: [Full GC 1025658K->1025658K(1025664K), 3.2393725 secs]
763552.208: [GC 1025658K(1025664K), 0.7343568 secs]
763553.961: [Full GC 1025663K->1025650K(1025664K), 3.2413397 secs]
763557.211: [Full GC 1025661K->1025658K(1025664K), 3.2357681 secs]
763560.455: [Full GC 1025658K->1025658K(1025664K), 3.2309393 secs]
763563.694: [GC 1025658K(1025664K), 0.7443015 secs]
763565.491: [Full GC 1025663K->1025650K(1025664K), 3.2378510 secs]
763568.738: [Full GC 1025662K->1025658K(1025664K), 3.2478801 secs]
763571.994: [Full GC 1025658K->1025658K(1025664K), 3.2294151 secs]
763575.232: [GC 1025658K(1025664K), 0.7352122 secs]
763577.001: [Full GC 1025663K->1025651K(1025664K), 3.2305420 secs]
763580.240: [Full GC 1025657K->1025652K(1025664K), 3.2279338 secs]
763583.476: [GC 1025660K(1025664K), 0.7374234 secs]
763585.230: [Full GC 1025660K->1025660K(1025664K), 3.2359446 secs]
763588.474: [Full GC 1025660K->1025660K(1025664K), 3.2242377 secs]
763591.707: [GC 1025660K(1025664K), 0.7366595 secs]
763593.474: [Full GC 1025660K->1025651K(1025664K), 3.2132126 secs]
763596.696: [Full GC 1025656K->1025652K(1025664K), 3.2328558 secs]
763599.938: [GC 1025660K(1025664K), 0.7385602 secs]
763601.695: [Full GC 1025660K->1025660K(1025664K), 3.2334943 secs]
763604.936: [Full GC 1025660K->1025660K(1025664K), 3.2277003 secs]
763608.172: [GC 1025660K(1025664K), 0.7444897 secs]
763609.957: [Full GC 1025662K->1025652K(1025664K), 3.2351232 secs]
763613.200: [Full GC 1025660K->1025660K(1025664K), 3.2340846 secs]
763616.442: [Full GC 1025660K->1025660K(1025664K), 3.2355347 secs]
763619.686: [GC 1025660K(1025664K), 0.7396553 secs]
763621.456: [Full GC 1025663K->1025652K(1025664K), 3.2347568 secs]
763624.699: [Full GC 1025660K->1025660K(1025664K), 3.2341962 secs]
763627.942: [Full GC 1025660K->1025660K(1025664K), 3.2290437 secs]
763631.179: [GC 1025660K(1025664K), 0.7354130 secs]
763632.946: [Full GC 1025663K->1025652K(1025664K), 3.2426847 secs]
763636.198: [Full GC 1025657K->1025652K(1025664K), 3.2288717 secs]
763639.435: [GC 1025660K(1025664K), 0.7361886 secs]
763641.206: [Full GC 1025661K->1025660K(1025664K), 3.2374234 secs]
763644.451: [Full GC 1025660K->1025660K(1025664K), 3.2342639 secs]
763647.694: [GC 1025660K(1025664K), 0.7421546 secs]
763649.476: [Full GC 1025663K->1025652K(1025664K), 3.2283353 secs]
763652.714: [Full GC 1025658K->1025652K(1025664K), 3.2285928 secs]
763655.951: [GC 1025660K(1025664K), 0.7405927 secs]
763657.696: [Full GC 1025661K->1025661K(1025664K), 3.2434110 secs]
763660.947: [Full GC 1025661K->1025660K(1025664K), 3.2399671 secs]
763664.196: [GC 1025660K(1025664K), 0.7337172 secs]
763665.938: [Full GC 1025663K->1025652K(1025664K), 3.2403452 secs]
763669.188: [Full GC 1025660K->1025654K(1025664K), 3.2359633 secs]
763672.432: [GC 1025662K(1025664K), 0.7362413 secs]
763674.216: [Full GC 1025663K->1025662K(1025664K), 3.2296563 secs]
763677.453: [Full GC 1025662K->1025662K(1025664K), 3.2252323 secs]
763680.687: [GC 1025662K(1025664K), 0.7491021 secs]
763682.465: [Full GC 1025663K->1025653K(1025664K), 3.2219681 secs]
763685.696: [Full GC 1025658K->1025654K(1025664K), 3.2572473 secs]
763688.961: [GC 1025662K(1025664K), 0.7438904 secs]
763690.722: [Full GC 1025662K->1025662K(1025664K), 3.2253992 secs]
763693.956: [Full GC 1025662K->1025662K(1025664K), 3.2475429 secs]
763697.212: [GC 1025662K(1025664K), 0.7412161 secs]
763698.983: [Full GC 1025663K->1025654K(1025664K), 3.2310239 secs]
763702.223: [Full GC 1025663K->1025662K(1025664K), 3.2214524 secs]
763705.453: [Full GC 1025662K->1025662K(1025664K), 3.2460271 secs]
763708.707: [GC 1025662K(1025664K), 0.7392141 secs]
763710.454: [Full GC 1025663K->1025654K(1025664K), 3.2228206 secs]
763713.684: [Full GC 1025656K->1025654K(1025664K), 3.2339574 secs]
763716.926: [GC 1025662K(1025664K), 0.7451106 secs]
763718.696: [Full GC 1025662K->1025662K(1025664K), 3.2475555 secs]
763721.952: [Full GC 1025662K->1025662K(1025664K), 3.2262498 secs]
763725.186: [GC 1025662K(1025664K), 0.7419614 secs]
763726.958: [Full GC 1025663K->1025654K(1025664K), 3.2388324 secs]
763730.206: [Full GC 1025661K->1025654K(1025664K), 3.2438645 secs]
763733.459: [GC 1025663K(1025664K), 0.7353850 secs]
763735.251: [Full GC 1025663K->1025663K(1025664K), 3.2471787 secs]
763738.507: [Full GC 1025663K->1025662K(1025664K), 3.2492104 secs]
763741.764: [GC 1025662K(1025664K), 0.7364060 secs]
763743.521: [Full GC 1025663K->1025654K(1025664K), 3.2480082 secs]
763746.778: [Full GC 1025662K->1025655K(1025664K), 3.2386599 secs]
763750.025: [GC 1025663K(1025664K), 0.7425718 secs]
763751.793: [Full GC 1025663K->1025663K(1025664K), 3.2536443 secs]
763755.055: [Full GC 1025663K->1025662K(1025664K), 3.2307869 secs]
763758.294: [GC 1025662K(1025664K), 0.7332580 secs]
763760.065: [Full GC 1025663K->1025654K(1025664K), 3.2437378 secs]
763763.318: [Full GC 1025664K->1025657K(1025664K), 3.2339567 secs]
763766.560: [GC 1025657K(1025664K), 0.7457303 secs]
763768.320: [Full GC 1025657K->1025656K(1025664K), 3.2294046 secs]
763771.558: [Full GC 1025656K->1025656K(1025664K), 3.2429743 secs]
763774.809: [GC 1025656K(1025664K), 0.7424448 secs]
763776.625: [Full GC 1025657K->1025655K(1025664K), 3.2192755 secs]
763779.854: [Full GC 1025660K->1025656K(1025664K), 3.2213484 secs]
763783.083: [Full GC 1025656K->1025656K(1025664K), 3.2400471 secs]
763786.331: [GC 1025656K(1025664K), 0.7451115 secs]
763788.136: [Full GC 1025658K->1025656K(1025664K), 3.2409611 secs]
763791.385: [Full GC 1025656K->1025656K(1025664K), 3.2349459 secs]
763794.629: [GC 1025656K(1025664K), 0.7428707 secs]
763796.393: [Full GC 1025660K->1025656K(1025664K), 3.2328403 secs]
763799.633: [Full GC 1025656K->1025656K(1025664K), 3.2331830 secs]
763802.874: [GC 1025656K(1025664K), 0.7394065 secs]
763804.644: [Full GC 1025664K->1025657K(1025664K), 3.2406313 secs]
763807.894: [Full GC 1025659K->1025657K(1025664K), 3.2196926 secs]
763811.122: [Full GC 1025657K->1025656K(1025664K), 3.2283279 secs]
763814.358: [GC 1025656K(1025664K), 0.7457449 secs]
763816.138: [Full GC 1025664K->1025657K(1025664K), 3.2371700 secs]
763819.384: [Full GC 1025659K->1025657K(1025664K), 3.2387131 secs]
763822.631: [Full GC 1025657K->1025656K(1025664K), 3.2486301 secs]
763825.888: [GC 1025656K(1025664K), 0.7488722 secs]
763827.654: [Full GC 1025663K->1025658K(1025664K), 3.2204973 secs]
763830.884: [Full GC 1025662K->1025659K(1025664K), 3.2207303 secs]
763834.113: [Full GC 1025659K->1025658K(1025664K), 3.2427612 secs]
763837.364: [GC 1025658K(1025664K), 0.7330741 secs]
763839.124: [Full GC 1025659K->1025657K(1025664K), 3.2393767 secs]
763842.372: [Full GC 1025662K->1025658K(1025664K), 3.2411923 secs]
763845.621: [Full GC 1025658K->1025658K(1025664K), 3.2345557 secs]
763848.864: [GC 1025658K(1025664K), 0.7369685 secs]
763850.618: [Full GC 1025660K->1025658K(1025664K), 3.2384616 secs]
763853.864: [Full GC 1025658K->1025658K(1025664K), 3.2360566 secs]
763857.109: [GC 1025658K(1025664K), 0.7377755 secs]
763858.869: [Full GC 1025662K->1025659K(1025664K), 3.2758247 secs]
763862.153: [Full GC 1025659K->1025658K(1025664K), 3.2276152 secs]
763865.389: [GC 1025658K(1025664K), 0.7339065 secs]
763867.187: [Full GC 1025663K->1025658K(1025664K), 3.2445602 secs]
763870.441: [Full GC 1025662K->1025659K(1025664K), 3.2315050 secs]
763873.680: [Full GC 1025659K->1025658K(1025664K), 3.2392403 secs]
763876.928: [GC 1025658K(1025664K), 0.7397370 secs]
763878.678: [Full GC 1025663K->1025658K(1025664K), 3.2350348 secs]
763881.922: [Full GC 1025663K->1025659K(1025664K), 3.2374205 secs]
763885.168: [Full GC 1025659K->1025658K(1025664K), 3.2313580 secs]
763888.408: [GC 1025658K(1025664K), 0.7322099 secs]
763890.199: [Full GC 1025663K->1025660K(1025664K), 3.2310247 secs]
763893.438: [Full GC 1025663K->1025660K(1025664K), 3.2256163 secs]
763896.672: [GC 1025660K(1025664K), 0.7424569 secs]
763898.471: [Full GC 1025663K->1025661K(1025664K), 3.2529158 secs]
763901.732: [Full GC 1025661K->1025660K(1025664K), 3.2408656 secs]
763904.981: [GC 1025661K(1025664K), 0.7414041 secs]
763906.755: [Full GC 1025661K->1025660K(1025664K), 3.2263438 secs]
763909.991: [Full GC 1025663K->1025660K(1025664K), 3.2247609 secs]
763913.224: [GC 1025661K(1025664K), 0.7330345 secs]
763914.981: [Full GC 1025661K->1025660K(1025664K), 3.2314718 secs]
763918.221: [Full GC 1025660K->1025660K(1025664K), 3.2300366 secs]
763921.460: [GC 1025660K(1025664K), 0.7373138 secs]
763923.223: [Full GC 1025663K->1025660K(1025664K), 3.2393973 secs]
763926.470: [Full GC 1025660K->1025660K(1025664K), 3.2574251 secs]
763929.736: [GC 1025660K(1025664K), 0.7384942 secs]
763931.474: [Full GC 1025663K->1025661K(1025664K), 3.2209611 secs]
763934.704: [Full GC 1025661K->1025660K(1025664K), 3.2269695 secs]
763937.939: [Full GC 1025660K->1025660K(1025664K), 3.2266881 secs]
763941.174: [GC 1025660K(1025664K), 0.7596508 secs]
763942.964: [Full GC 1025663K->1025660K(1025664K), 3.2223127 secs]
763946.195: [Full GC 1025663K->1025660K(1025664K), 3.2256713 secs]
763949.429: [GC 1025661K(1025664K), 0.7354114 secs]
763951.205: [Full GC 1025663K->1025661K(1025664K), 3.2362193 secs]
763954.450: [Full GC 1025661K->1025661K(1025664K), 3.2235080 secs]
763957.682: [GC 1025661K(1025664K), 0.7393433 secs]
763959.442: [Full GC 1025663K->1025660K(1025664K), 3.2439994 secs]
763962.695: [Full GC 1025663K->1025660K(1025664K), 3.2247929 secs]
763965.928: [GC 1025660K(1025664K), 0.7380208 secs]
763967.680: [Full GC 1025663K->1025661K(1025664K), 3.2369583 secs]
763970.925: [Full GC 1025661K->1025661K(1025664K), 3.2412877 secs]
763974.174: [GC 1025661K(1025664K), 0.7362039 secs]
763975.936: [Full GC 1025663K->1025661K(1025664K), 3.2310995 secs]
763979.176: [Full GC 1025663K->1025662K(1025664K), 3.2457158 secs]
763982.430: [Full GC 1025663K->1025662K(1025664K), 3.2427833 secs]
763985.681: [Full GC 1025663K->1025662K(1025664K), 3.2322367 secs]
763988.922: [GC 1025663K(1025664K), 0.7404342 secs]
763990.674: [Full GC 1025664K->1025663K(1025664K), 3.2250416 secs]
763993.908: [Full GC 1025663K->1025663K(1025664K), 3.2529965 secs]
763997.169: [GC 1025663K(1025664K), 0.7363560 secs]
763998.927: [Full GC 1025663K->1025663K(1025664K), 3.2430541 secs]
764002.178: [Full GC 1025663K->1025663K(1025664K), 3.2195541 secs]
764005.406: [Full GC 1025663K->1025663K(1025664K), 3.2391709 secs]
764008.653: [GC 1025663K(1025664K), 0.7389997 secs]
764010.424: [Full GC 1025663K->1025662K(1025664K), 3.2630416 secs]
764013.695: [Full GC 1025663K->1025662K(1025664K), 3.2248442 secs]
764016.928: [GC 1025662K(1025664K), 0.7373347 secs]
764018.687: [Full GC 1025663K->1025663K(1025664K), 3.2373438 secs]
764021.933: [Full GC 1025663K->1025663K(1025664K), 3.2295339 secs]
764025.170: [GC 1025663K(1025664K), 0.7356380 secs]
764026.912: [Full GC 1025663K->1025663K(1025664K), 3.2308028 secs]
764030.151: [Full GC 1025663K->1025662K(1025664K), 3.2452395 secs]
764033.404: [GC 1025662K(1025664K), 0.7449293 secs]
764035.175: [Full GC 1025663K->1025662K(1025664K), 3.2306871 secs]
764038.415: [Full GC 1025663K->1025662K(1025664K), 3.2400776 secs]
764041.663: [Full GC 1025662K->1025662K(1025664K), 3.2238437 secs]
764044.895: [GC 1025662K(1025664K), 0.7358448 secs]
764046.660: [Full GC 1025663K->1025662K(1025664K), 3.2388555 secs]
764049.908: [Full GC 1025664K->1025663K(1025664K), 3.2255020 secs]
764053.142: [GC 1025663K(1025664K), 0.7421412 secs]
764054.895: [Full GC 1025663K->1025663K(1025664K), 3.2394730 secs]
764058.143: [Full GC 1025663K->1025663K(1025664K), 3.2334843 secs]
764061.384: [Full GC 1025663K->1025662K(1025664K), 3.2332178 secs]
764064.626: [GC 1025662K(1025664K), 0.7366081 secs]
764066.385: [Full GC 1025663K->1025662K(1025664K), 3.2339361 secs]
764069.628: [Full GC 1025663K->1025662K(1025664K), 3.2203944 secs]
764072.857: [GC 1025662K(1025664K), 0.7354473 secs]
764074.636: [Full GC 1025663K->1025662K(1025664K), 3.2292416 secs]
764077.874: [Full GC 1025663K->1025662K(1025664K), 3.2366648 secs]
764081.119: [GC 1025663K(1025664K), 0.7395071 secs]
764082.873: [Full GC 1025663K->1025662K(1025664K), 3.2269127 secs]
764086.109: [Full GC 1025663K->1025663K(1025664K), 3.2267317 secs]
764089.344: [GC 1025663K(1025664K), 0.7483248 secs]
764091.132: [Full GC 1025664K->1025663K(1025664K), 3.2473718 secs]
764094.388: [Full GC 1025663K->1025663K(1025664K), 3.2277866 secs]
764097.624: [GC 1025663K(1025664K), 0.7372454 secs]
764099.398: [Full GC 1025663K->1025663K(1025664K), 3.2338230 secs]
764102.640: [Full GC 1025663K->1025663K(1025664K), 3.2257416 secs]
764105.875: [GC 1025663K(1025664K), 0.7409314 secs]
764107.670: [Full GC 1025663K->1025663K(1025664K), 3.2326664 secs]
764110.911: [Full GC 1025663K->1025663K(1025664K), 3.2265580 secs]
764114.146: [GC 1025663K(1025664K), 0.7422326 secs]
764115.932: [Full GC 1025663K->1025662K(1025664K), 3.2290605 secs]
764119.170: [Full GC 1025663K->1025662K(1025664K), 3.2539755 secs]
764122.432: [GC 1025663K(1025664K), 0.7338658 secs]
764124.172: [Full GC 1025663K->1025662K(1025664K), 3.2395748 secs]
764127.420: [Full GC 1025663K->1025662K(1025664K), 3.2332194 secs]
764130.661: [GC 1025662K(1025664K), 0.7395603 secs]
764132.435: [Full GC 1025663K->1025662K(1025664K), 3.2221502 secs]
764135.666: [Full GC 1025663K->1025662K(1025664K), 3.2341706 secs]
764138.908: [GC 1025662K(1025664K), 0.7449569 secs]
764140.703: [Full GC 1025663K->1025663K(1025664K), 3.2416346 secs]
764143.954: [Full GC 1025663K->1025663K(1025664K), 3.2353972 secs]
764147.197: [GC 1025663K(1025664K), 0.7368235 secs]
764148.957: [Full GC 1025663K->1025663K(1025664K), 3.2245463 secs]
764152.190: [Full GC 1025663K->1025663K(1025664K), 3.2346241 secs]
764155.433: [GC 1025663K(1025664K), 0.7369048 secs]
764157.218: [Full GC 1025663K->1025663K(1025664K), 3.2289657 secs]
764160.456: [Full GC 1025663K->1025663K(1025664K), 3.2231508 secs]
764163.688: [Full GC 1025663K->1025663K(1025664K), 3.2232318 secs]
764166.919: [Full GC 1025663K->1025663K(1025664K), 3.2439389 secs]
764170.171: [GC 1025663K(1025664K), 0.7366603 secs]
764171.938: [Full GC 1025663K->1025662K(1025664K), 3.2457605 secs]
764175.192: [Full GC 1025663K->1025662K(1025664K), 3.2334415 secs]
764178.434: [GC 1025663K(1025664K), 0.7351958 secs]
764180.194: [Full GC 1025663K->1025662K(1025664K), 3.2345869 secs]
764183.437: [Full GC 1025663K->1025663K(1025664K), 3.2280663 secs]
764186.674: [GC 1025663K(1025664K), 0.7375427 secs]
764188.514: [Full GC 1025663K->1025663K(1025664K), 3.2444986 secs]
764191.767: [Full GC 1025663K->1025663K(1025664K), 3.2186259 secs]
764194.994: [Full GC 1025663K->1025663K(1025664K), 3.2260510 secs]
764198.228: [GC 1025663K(1025664K), 0.7349884 secs]
764199.994: [Full GC 1025664K->1025663K(1025664K), 3.2328512 secs]
764203.235: [Full GC 1025663K->1025663K(1025664K), 3.2195592 secs]
764206.463: [GC 1025663K(1025664K), 0.7408667 secs]
764208.227: [Full GC 1025663K->1025663K(1025664K), 3.2396047 secs]
764211.475: [Full GC 1025663K->1025663K(1025664K), 3.2494349 secs]
764214.733: [GC 1025663K(1025664K), 0.7365253 secs]
764216.501: [Full GC 1025663K->1025663K(1025664K), 3.2308119 secs]
764219.740: [Full GC 1025663K->1025663K(1025664K), 3.2333648 secs]
764222.980: [GC 1025663K(1025664K), 0.7397597 secs]
764224.734: [Full GC 1025664K->1025663K(1025664K), 3.2376144 secs]
764227.980: [Full GC 1025664K->1025664K(1025664K), 3.2252333 secs]
764231.213: [Full GC 1025664K->1025663K(1025664K), 3.2303762 secs]
764234.452: [GC 1025663K(1025664K), 0.7349734 secs]
764236.226: [Full GC 1025663K->1025663K(1025664K), 3.2368585 secs]
764239.471: [Full GC 1025663K->1025663K(1025664K), 3.2420482 secs]
764242.721: [GC 1025663K(1025664K), 0.7384881 secs]
764244.495: [Full GC 1025663K->1025663K(1025664K), 3.2678147 secs]
764247.771: [Full GC 1025663K->1025663K(1025664K), 3.2386946 secs]
764251.018: [GC 1025663K(1025664K), 0.7448762 secs]
764252.768: [Full GC 1025663K->1025663K(1025664K), 3.2358593 secs]
764256.012: [Full GC 1025664K->1025664K(1025664K), 3.2300888 secs]
764259.250: [Full GC 1025664K->1025664K(1025664K), 3.2175936 secs]
764262.476: [GC 1025664K(1025664K), 0.7356974 secs]
764264.235: [Full GC 1025664K->1025663K(1025664K), 3.2361436 secs]
764267.479: [Full GC 1025663K->1025663K(1025664K), 3.2353623 secs]
764270.723: [GC 1025663K(1025664K), 0.7408285 secs]
764272.483: [Full GC 1025663K->1025663K(1025664K), 3.2377071 secs]
764275.730: [Full GC 1025663K->1025663K(1025664K), 3.2229233 secs]
764278.961: [GC 1025663K(1025664K), 0.7431928 secs]
764280.749: [Full GC 1025663K->1025663K(1025664K), 3.2320148 secs]
764283.989: [Full GC 1025663K->1025663K(1025664K), 3.2217492 secs]
764287.220: [Full GC 1025663K->1025663K(1025664K), 3.2434718 secs]
764290.471: [Full GC 1025663K->1025663K(1025664K), 3.2256600 secs]
764293.706: [Full GC 1025663K->1025663K(1025664K), 3.2531367 secs]
764296.967: [Full GC 1025663K->1025663K(1025664K), 3.2332562 secs]
764300.208: [GC 1025663K(1025664K), 0.7320128 secs]
764301.974: [Full GC 1025664K->1025663K(1025664K), 3.2235320 secs]
764305.206: [Full GC 1025664K->1025663K(1025664K), 3.2383895 secs]
764308.453: [GC 1025663K(1025664K), 0.7346123 secs]
764310.221: [Full GC 1025663K->1025663K(1025664K), 3.2714546 secs]
764313.501: [Full GC 1025663K->1025663K(1025664K), 3.2338938 secs]
764316.744: [GC 1025663K(1025664K), 0.7371210 secs]
764318.518: [Full GC 1025663K->1025663K(1025664K), 3.2361191 secs]
764321.762: [Full GC 1025663K->1025663K(1025664K), 3.2247390 secs]
764324.995: [Full GC 1025663K->1025663K(1025664K), 3.2419595 secs]
764328.245: [GC 1025663K(1025664K), 0.7513206 secs]
764330.010: [Full GC 1025663K->1025663K(1025664K), 3.2680317 secs]
764333.287: [Full GC 1025663K->1025663K(1025664K), 3.2308312 secs]
764336.526: [GC 1025663K(1025664K), 0.7439530 secs]
764338.315: [Full GC 1025663K->1025663K(1025664K), 3.2596596 secs]
764341.583: [Full GC 1025663K->1025663K(1025664K), 3.2521225 secs]
764344.844: [Full GC 1025663K->1025663K(1025664K), 3.2387897 secs]
764348.090: [GC 1025663K(1025664K), 0.7409415 secs]
764349.854: [Full GC 1025663K->1025663K(1025664K), 3.2544883 secs]
764353.117: [Full GC 1025663K->1025663K(1025664K), 3.2437385 secs]
764356.369: [GC 1025663K(1025664K), 0.7326640 secs]
764358.143: [Full GC 1025663K->1025663K(1025664K), 3.2213128 secs]
764361.372: [Full GC 1025663K->1025663K(1025664K), 3.2381818 secs]
764364.619: [Full GC 1025663K->1025663K(1025664K), 3.2396170 secs]
764367.866: [GC 1025663K(1025664K), 0.7569759 secs]
764369.658: [Full GC 1025663K->1025663K(1025664K), 3.2164685 secs]
764372.883: [Full GC 1025663K->1025663K(1025664K), 3.2464284 secs]
764376.138: [GC 1025663K(1025664K), 0.7391224 secs]
764377.884: [Full GC 1025663K->1025663K(1025664K), 3.2330478 secs]
764381.125: [Full GC 1025663K->1025663K(1025664K), 3.2305860 secs]
764384.364: [GC 1025663K(1025664K), 0.7356467 secs]
764386.118: [Full GC 1025663K->1025663K(1025664K), 3.2438409 secs]
764389.371: [Full GC 1025663K->1025663K(1025664K), 3.2359548 secs]
764392.615: [GC 1025663K(1025664K), 0.7435931 secs]
764394.362: [Full GC 1025663K->1025663K(1025664K), 3.2392653 secs]
764397.609: [Full GC 1025663K->1025663K(1025664K), 3.2327811 secs]
764400.850: [GC 1025663K(1025664K), 0.7461811 secs]
764402.606: [Full GC 1025663K->1025663K(1025664K), 3.2246639 secs]
764405.838: [Full GC 1025663K->1025663K(1025664K), 3.2350189 secs]
764409.082: [Full GC 1025663K->1025663K(1025664K), 3.2441034 secs]
764412.334: [Full GC 1025663K->1025663K(1025664K), 3.2533730 secs]
764415.596: [Full GC 1025663K->1025663K(1025664K), 3.2394020 secs]
764418.843: [GC 1025663K(1025664K), 0.7395720 secs]
764420.602: [Full GC 1025663K->1025663K(1025664K), 3.2274246 secs]
764423.838: [Full GC 1025664K->1025663K(1025664K), 3.2290334 secs]
764427.076: [GC 1025663K(1025664K), 0.7398117 secs]
764428.823: [Full GC 1025664K->1025663K(1025664K), 3.2323351 secs]
764432.064: [Full GC 1025663K->1025663K(1025664K), 3.2231762 secs]
764435.296: [GC 1025663K(1025664K), 0.7341865 secs]
764437.054: [Full GC 1025663K->1025663K(1025664K), 3.2436931 secs]
764440.307: [Full GC 1025663K->1025663K(1025664K), 3.2367440 secs]
764443.552: [GC 1025663K(1025664K), 0.7454830 secs]
764445.328: [Full GC 1025663K->1025663K(1025664K), 3.2351966 secs]
764448.572: [Full GC 1025663K->1025663K(1025664K), 3.2603190 secs]
764451.840: [GC 1025663K(1025664K), 0.7468220 secs]
764453.597: [Full GC 1025663K->1025663K(1025664K), 3.2452436 secs]
764456.851: [Full GC 1025663K->1025663K(1025664K), 3.2313443 secs]
764460.090: [Full GC 1025663K->1025663K(1025664K), 3.2319928 secs]
764463.329: [GC 1025663K(1025664K), 0.7339781 secs]
764465.082: [Full GC 1025663K->1025663K(1025664K), 3.2440174 secs]
764468.335: [Full GC 1025663K->1025663K(1025664K), 3.2372806 secs]
764471.581: [GC 1025663K(1025664K), 0.7390812 secs]
764473.412: [Full GC 1025663K->1025663K(1025664K), 3.2501624 secs]
764476.670: [Full GC 1025663K->1025663K(1025664K), 3.2299855 secs]
764479.909: [GC 1025663K(1025664K), 0.7396672 secs]
764481.679: [Full GC 1025663K->1025663K(1025664K), 3.2706549 secs]
764484.958: [Full GC 1025663K->1025663K(1025664K), 3.2289253 secs]
764488.195: [Full GC 1025663K->1025663K(1025664K), 3.2298817 secs]
764491.433: [Full GC 1025663K->1025663K(1025664K), 3.2217750 secs]
764494.664: [Full GC 1025664K->1025663K(1025664K), 3.2319941 secs]
764497.904: [Full GC 1025663K->1025663K(1025664K), 3.2490177 secs]
764501.161: [Full GC 1025663K->1025663K(1025664K), 3.2275801 secs]
764504.397: [Full GC 1025663K->1025663K(1025664K), 3.2628897 secs]
764507.668: [GC 1025663K(1025664K), 0.7456556 secs]
764509.454: [Full GC 1025663K->1025663K(1025664K), 3.2394554 secs]
764512.702: [Full GC 1025664K->1025663K(1025664K), 3.2243753 secs]
764515.935: [Full GC 1025664K->1025663K(1025664K), 3.2255313 secs]
764519.169: [Full GC 1025663K->1025663K(1025664K), 3.2430906 secs]
764522.420: [Full GC 1025663K->1025663K(1025664K), 3.2582909 secs]
764525.687: [GC 1025663K(1025664K), 0.7398834 secs]
764527.471: [Full GC 1025663K->1025663K(1025664K), 3.2301223 secs]
764530.710: [Full GC 1025663K->1025663K(1025664K), 3.2187827 secs]
764533.937: [GC 1025663K(1025664K), 0.7386764 secs]
764535.704: [Full GC 1025663K->1025663K(1025664K), 3.2472117 secs]
764538.960: [Full GC 1025664K->1025664K(1025664K), 3.2742025 secs]
764542.242: [Full GC 1025664K->1025664K(1025664K), 3.2345402 secs]
764545.485: [GC 1025664K(1025664K), 0.7495027 secs]
764547.272: [Full GC 1025664K->1025663K(1025664K), 3.2332489 secs]
764550.514: [Full GC 1025663K->1025663K(1025664K), 3.2205362 secs]
764553.743: [Full GC 1025663K->1025663K(1025664K), 3.2294482 secs]
764556.981: [Full GC 1025663K->1025663K(1025664K), 3.2248342 secs]
764560.214: [Full GC 1025663K->1025663K(1025664K), 3.2255924 secs]
764563.448: [GC 1025663K(1025664K), 0.7417189 secs]
764565.208: [Full GC 1025663K->1025663K(1025664K), 3.2550877 secs]
764568.472: [Full GC 1025663K->1025663K(1025664K), 3.2276948 secs]
764571.707: [Full GC 1025663K->1025663K(1025664K), 3.2494282 secs]
764574.965: [GC 1025663K(1025664K), 0.7407861 secs]
764576.719: [Full GC 1025663K->1025663K(1025664K), 3.2322497 secs]
764579.960: [Full GC 1025663K->1025663K(1025664K), 3.2356496 secs]
764583.204: [GC 1025663K(1025664K), 0.7348924 secs]
764584.993: [Full GC 1025663K->1025663K(1025664K), 3.2289534 secs]
764588.231: [Full GC 1025663K->1025663K(1025664K), 3.2313854 secs]
764591.470: [GC 1025663K(1025664K), 0.7358781 secs]
764595.820: [GC 1025663K(1025664K), 0.4736275 secs]
764598.812: [GC 1025662K(1025664K), 0.7416122 secs]
764605.743: [GC 1025662K(1025664K), 0.4859611 secs]
764608.752: [GC 1025662K(1025664K), 0.7415882 secs]
764615.663: [GC 1025662K(1025664K), 0.4690174 secs]
764618.662: [GC 1025662K(1025664K), 0.7393275 secs]
764625.583: [GC 1025662K(1025664K), 0.4729490 secs]
764628.582: [GC 1025662K(1025664K), 0.7372304 secs]
764635.517: [GC 1025662K(1025664K), 0.4736000 secs]
764638.522: [GC 1025662K(1025664K), 0.7379983 secs]
764645.437: [GC 1025662K(1025664K), 0.4777172 secs]
764648.462: [GC 1025662K(1025664K), 0.7385092 secs]
764655.384: [GC 1025662K(1025664K), 0.4707571 secs]
764658.382: [GC 1025662K(1025664K), 0.7328666 secs]
764665.316: [GC 1025662K(1025664K), 0.4736908 secs]
764668.332: [GC 1025662K(1025664K), 0.7331165 secs]
764675.246: [GC 1025662K(1025664K), 0.4730752 secs]
764678.252: [GC 1025662K(1025664K), 0.7516897 secs]
764685.196: [GC 1025662K(1025664K), 0.4742460 secs]
764688.202: [GC 1025662K(1025664K), 0.7348963 secs]
764695.123: [GC 1025662K(1025664K), 0.4701062 secs]
764698.112: [GC 1025662K(1025664K), 0.7438286 secs]
764705.035: [GC 1025662K(1025664K), 0.4748818 secs]
764708.042: [GC 1025662K(1025664K), 0.7403375 secs]
764714.963: [GC 1025662K(1025664K), 0.4764202 secs]
764717.962: [GC 1025662K(1025664K), 0.7592483 secs]
764724.915: [GC 1025662K(1025664K), 0.4775314 secs]
764727.912: [GC 1025662K(1025664K), 0.7420786 secs]
764734.824: [GC 1025662K(1025664K), 0.4715639 secs]
764737.832: [GC 1025662K(1025664K), 0.7392480 secs]
764744.745: [GC 1025662K(1025664K), 0.4710162 secs]
764747.752: [GC 1025662K(1025664K), 0.7399630 secs]
764754.666: [GC 1025662K(1025664K), 0.4808479 secs]
764757.692: [GC 1025662K(1025664K), 0.7401056 secs]
764764.613: [GC 1025662K(1025664K), 0.4717398 secs]
764767.612: [GC 1025662K(1025664K), 0.7335079 secs]
764774.544: [GC 1025662K(1025664K), 0.4719755 secs]
764777.552: [GC 1025662K(1025664K), 0.7325392 secs]
764784.444: [GC 1025662K(1025664K), 0.4721961 secs]
764787.442: [GC 1025662K(1025664K), 0.7327461 secs]
764794.324: [GC 1025662K(1025664K), 0.4707839 secs]
764797.322: [GC 1025662K(1025664K), 0.7328117 secs]
764804.223: [GC 1025662K(1025664K), 0.4740638 secs]
764807.222: [GC 1025662K(1025664K), 0.7330169 secs]
764814.133: [GC 1025662K(1025664K), 0.4724744 secs]
764817.132: [GC 1025662K(1025664K), 0.7317679 secs]
764824.013: [GC 1025662K(1025664K), 0.4673674 secs]
764827.002: [GC 1025662K(1025664K), 0.7465064 secs]
764833.904: [GC 1025662K(1025664K), 0.4711193 secs]
764836.892: [GC 1025662K(1025664K), 0.7325486 secs]
764843.783: [GC 1025662K(1025664K), 0.4795860 secs]
764846.782: [GC 1025662K(1025664K), 0.7319809 secs]
764853.674: [GC 1025662K(1025664K), 0.4997038 secs]
764856.692: [GC 1025662K(1025664K), 0.7333917 secs]
764863.615: [GC 1025662K(1025664K), 0.4904762 secs]
764866.642: [GC 1025662K(1025664K), 0.7370654 secs]
764873.544: [GC 1025662K(1025664K), 0.4813637 secs]
764876.562: [GC 1025662K(1025664K), 0.7346039 secs]
764883.513: [GC 1025662K(1025664K), 0.4936822 secs]
764886.532: [GC 1025662K(1025664K), 0.7332420 secs]
764893.444: [GC 1025662K(1025664K), 0.4743613 secs]
764896.452: [GC 1025662K(1025664K), 0.7340300 secs]
764903.353: [GC 1025662K(1025664K), 0.4733753 secs]
764906.352: [GC 1025662K(1025664K), 0.7443581 secs]
764913.255: [GC 1025662K(1025664K), 0.4793479 secs]
764916.272: [GC 1025662K(1025664K), 0.7327715 secs]
764923.175: [GC 1025662K(1025664K), 0.4720419 secs]
764926.182: [GC 1025662K(1025664K), 0.7348338 secs]
764933.084: [GC 1025662K(1025664K), 0.4748543 secs]
764936.082: [GC 1025662K(1025664K), 0.7423026 secs]
764942.974: [GC 1025662K(1025664K), 0.4722696 secs]
764945.972: [GC 1025662K(1025664K), 0.7323367 secs]
764952.893: [GC 1025662K(1025664K), 0.4789628 secs]
764955.892: [GC 1025662K(1025664K), 0.7317678 secs]
764962.813: [GC 1025662K(1025664K), 0.4689973 secs]
764965.812: [GC 1025662K(1025664K), 0.7324210 secs]
764972.725: [GC 1025662K(1025664K), 0.4710782 secs]
764975.732: [GC 1025662K(1025664K), 0.7321143 secs]
764982.643: [GC 1025662K(1025664K), 0.4875028 secs]
764985.652: [GC 1025662K(1025664K), 0.7321291 secs]
764992.563: [GC 1025662K(1025664K), 0.4780672 secs]
764995.562: [GC 1025662K(1025664K), 0.7502825 secs]
765002.493: [GC 1025662K(1025664K), 0.4851985 secs]
765005.502: [GC 1025662K(1025664K), 0.7334556 secs]
765012.444: [GC 1025662K(1025664K), 0.4687620 secs]
765015.432: [GC 1025662K(1025664K), 0.7493400 secs]
765022.354: [GC 1025662K(1025664K), 0.4770657 secs]
765025.352: [GC 1025662K(1025664K), 0.7374591 secs]
765032.274: [GC 1025662K(1025664K), 0.4755787 secs]
765035.272: [GC 1025662K(1025664K), 0.7335462 secs]
765042.153: [GC 1025662K(1025664K), 0.4719636 secs]
765045.152: [GC 1025662K(1025664K), 0.7320287 secs]
765052.064: [GC 1025662K(1025664K), 0.4718868 secs]
765055.052: [GC 1025662K(1025664K), 0.7340595 secs]
765061.974: [GC 1025662K(1025664K), 0.4750939 secs]
765064.972: [GC 1025662K(1025664K), 0.7323511 secs]
765071.875: [GC 1025662K(1025664K), 0.4727194 secs]
765074.872: [GC 1025662K(1025664K), 0.7336451 secs]
765081.783: [GC 1025662K(1025664K), 0.4721391 secs]
765084.782: [GC 1025662K(1025664K), 0.7326323 secs]
765091.704: [GC 1025662K(1025664K), 0.4741110 secs]
765094.712: [GC 1025662K(1025664K), 0.7342260 secs]
765101.614: [GC 1025662K(1025664K), 0.4728009 secs]
765104.622: [GC 1025662K(1025664K), 0.7326264 secs]
765111.544: [GC 1025662K(1025664K), 0.4840850 secs]
765114.572: [GC 1025662K(1025664K), 0.7335428 secs]
765121.493: [GC 1025662K(1025664K), 0.4767872 secs]
765124.492: [GC 1025662K(1025664K), 0.7334360 secs]
765131.415: [GC 1025662K(1025664K), 0.4725674 secs]
765134.412: [GC 1025662K(1025664K), 0.7460198 secs]
765141.334: [GC 1025662K(1025664K), 0.4780161 secs]
765144.332: [GC 1025662K(1025664K), 0.7334513 secs]
765151.233: [GC 1025662K(1025664K), 0.4706169 secs]
765154.232: [GC 1025662K(1025664K), 0.7331986 secs]
765161.143: [GC 1025662K(1025664K), 0.4741363 secs]
765164.142: [GC 1025662K(1025664K), 0.7327401 secs]
765171.043: [GC 1025662K(1025664K), 0.4767609 secs]
765174.062: [GC 1025662K(1025664K), 0.7353634 secs]
765180.969: [GC 1025662K(1025664K), 0.5051482 secs]
765184.002: [GC 1025662K(1025664K), 0.7340238 secs]
765190.904: [GC 1025662K(1025664K), 0.4712946 secs]
765193.912: [GC 1025662K(1025664K), 0.7325066 secs]
765200.844: [GC 1025662K(1025664K), 0.4754076 secs]
765203.842: [GC 1025662K(1025664K), 0.7377954 secs]
765210.733: [GC 1025662K(1025664K), 0.4728234 secs]
765213.732: [GC 1025662K(1025664K), 0.7333938 secs]
765220.633: [GC 1025662K(1025664K), 0.4726198 secs]
765223.632: [GC 1025662K(1025664K), 0.7337485 secs]
765230.534: [GC 1025662K(1025664K), 0.4722277 secs]
765233.532: [GC 1025662K(1025664K), 0.7387021 secs]
765240.424: [GC 1025662K(1025664K), 0.4726537 secs]
765243.442: [GC 1025662K(1025664K), 0.7332116 secs]
765250.383: [GC 1025662K(1025664K), 0.4735396 secs]
765253.382: [GC 1025662K(1025664K), 0.7334379 secs]
765260.303: [GC 1025662K(1025664K), 0.4741625 secs]
765263.302: [GC 1025662K(1025664K), 0.7370200 secs]
765270.193: [GC 1025662K(1025664K), 0.4708295 secs]
765273.182: [GC 1025662K(1025664K), 0.7336546 secs]
765280.104: [GC 1025662K(1025664K), 0.4700398 secs]
765283.092: [GC 1025662K(1025664K), 0.7322289 secs]
765289.973: [GC 1025662K(1025664K), 0.4782706 secs]
765292.972: [GC 1025662K(1025664K), 0.7323525 secs]
765299.895: [GC 1025662K(1025664K), 0.4785097 secs]
765302.912: [GC 1025662K(1025664K), 0.7346297 secs]
765309.813: [GC 1025662K(1025664K), 0.5033457 secs]
765312.842: [GC 1025662K(1025664K), 0.7335122 secs]
765319.734: [GC 1025662K(1025664K), 0.4748589 secs]
765322.732: [GC 1025662K(1025664K), 0.7406111 secs]
765329.643: [GC 1025662K(1025664K), 0.4719728 secs]
765332.632: [GC 1025662K(1025664K), 0.7337544 secs]
765339.534: [GC 1025662K(1025664K), 0.4724205 secs]
765342.532: [GC 1025662K(1025664K), 0.7326758 secs]
765349.446: [GC 1025662K(1025664K), 0.4758117 secs]
765352.452: [GC 1025662K(1025664K), 0.7332949 secs]
765359.365: [GC 1025662K(1025664K), 0.4711710 secs]
765362.362: [GC 1025662K(1025664K), 0.7331774 secs]
765369.283: [GC 1025662K(1025664K), 0.4730978 secs]
765372.282: [GC 1025662K(1025664K), 0.7345560 secs]
765379.174: [GC 1025662K(1025664K), 0.4699691 secs]
765382.172: [GC 1025662K(1025664K), 0.7322778 secs]
765389.073: [GC 1025662K(1025664K), 0.4952244 secs]
765392.092: [GC 1025662K(1025664K), 0.7319139 secs]
765399.004: [GC 1025662K(1025664K), 0.4699701 secs]
765401.992: [GC 1025662K(1025664K), 0.7321301 secs]
765408.884: [GC 1025662K(1025664K), 0.4973667 secs]
765411.902: [GC 1025662K(1025664K), 0.7478433 secs]
765418.813: [GC 1025662K(1025664K), 0.4709855 secs]
765421.802: [GC 1025662K(1025664K), 0.7320736 secs]
765428.694: [GC 1025662K(1025664K), 0.4752929 secs]
765431.702: [GC 1025662K(1025664K), 0.7330213 secs]
765438.636: [GC 1025662K(1025664K), 0.4745637 secs]
765441.652: [GC 1025662K(1025664K), 0.7324513 secs]
765448.544: [GC 1025662K(1025664K), 0.4731105 secs]
765451.542: [GC 1025662K(1025664K), 0.7332770 secs]
765458.433: [GC 1025662K(1025664K), 0.4767443 secs]
765461.432: [GC 1025662K(1025664K), 0.7322222 secs]
765468.334: [GC 1025662K(1025664K), 0.4713611 secs]
765471.332: [GC 1025662K(1025664K), 0.7328492 secs]
765478.275: [GC 1025662K(1025664K), 0.4704449 secs]
765481.272: [GC 1025662K(1025664K), 0.7404819 secs]
765488.204: [GC 1025662K(1025664K), 0.4773511 secs]
765491.212: [GC 1025662K(1025664K), 0.7317951 secs]
765497.975: [GC 1025662K(1025664K), 0.4693174 secs]
765500.972: [GC 1025662K(1025664K), 0.7322522 secs]
765507.875: [GC 1025662K(1025664K), 0.4744407 secs]
765510.892: [GC 1025662K(1025664K), 0.7321656 secs]
765517.803: [GC 1025662K(1025664K), 0.4913853 secs]
765520.812: [GC 1025662K(1025664K), 0.7318563 secs]
765527.745: [GC 1025662K(1025664K), 0.4694304 secs]
765530.752: [GC 1025662K(1025664K), 0.7339743 secs]
765537.775: [GC 1025662K(1025664K), 0.4979704 secs]
765540.802: [GC 1025662K(1025664K), 0.7479937 secs]
765547.714: [GC 1025662K(1025664K), 0.4736521 secs]
765550.712: [GC 1025662K(1025664K), 0.7331280 secs]
765557.633: [GC 1025662K(1025664K), 0.4755101 secs]
765560.642: [GC 1025662K(1025664K), 0.7327092 secs]
765567.534: [GC 1025662K(1025664K), 0.4694320 secs]
765570.522: [GC 1025662K(1025664K), 0.7326844 secs]
765577.414: [GC 1025662K(1025664K), 0.4721084 secs]
765580.412: [GC 1025662K(1025664K), 0.7343586 secs]
765587.325: [GC 1025662K(1025664K), 0.4787161 secs]
765590.332: [GC 1025662K(1025664K), 0.7319472 secs]
765597.274: [GC 1025662K(1025664K), 0.5018688 secs]
765600.302: [GC 1025662K(1025664K), 0.7340925 secs]
765607.216: [GC 1025662K(1025664K), 0.4789383 secs]
765610.212: [GC 1025662K(1025664K), 0.7321847 secs]
765617.123: [GC 1025662K(1025664K), 0.4948332 secs]
765620.142: [GC 1025662K(1025664K), 0.7315796 secs]
765627.043: [GC 1025662K(1025664K), 0.4701263 secs]
765630.032: [GC 1025662K(1025664K), 0.7331180 secs]
765636.934: [GC 1025662K(1025664K), 0.4798906 secs]
765639.952: [GC 1025662K(1025664K), 0.7325112 secs]
765646.856: [GC 1025662K(1025664K), 0.4751889 secs]
765649.852: [GC 1025662K(1025664K), 0.7330271 secs]
765656.743: [GC 1025662K(1025664K), 0.4717595 secs]
765659.742: [GC 1025662K(1025664K), 0.7331864 secs]
765666.673: [GC 1025662K(1025664K), 0.4702039 secs]
765669.672: [GC 1025662K(1025664K), 0.7319740 secs]
765676.603: [GC 1025662K(1025664K), 0.4711177 secs]
765679.592: [GC 1025662K(1025664K), 0.7339176 secs]
765686.497: [GC 1025662K(1025664K), 0.4758453 secs]
765689.502: [GC 1025662K(1025664K), 0.7343762 secs]
765696.415: [GC 1025662K(1025664K), 0.4738950 secs]
765699.412: [GC 1025662K(1025664K), 0.7322798 secs]
765706.304: [GC 1025662K(1025664K), 0.4729963 secs]
765709.302: [GC 1025662K(1025664K), 0.7326668 secs]
765716.194: [GC 1025662K(1025664K), 0.4721802 secs]
765719.192: [GC 1025662K(1025664K), 0.7327588 secs]
765726.083: [GC 1025662K(1025664K), 0.5003925 secs]
765729.102: [GC 1025662K(1025664K), 0.7341281 secs]
765736.013: [GC 1025662K(1025664K), 0.4779542 secs]
765739.012: [GC 1025662K(1025664K), 0.7322658 secs]
765745.933: [GC 1025662K(1025664K), 0.4710087 secs]
765748.942: [GC 1025662K(1025664K), 0.7335688 secs]
765755.843: [GC 1025662K(1025664K), 0.4722067 secs]
765758.842: [GC 1025662K(1025664K), 0.7357503 secs]
765765.764: [GC 1025662K(1025664K), 0.4770659 secs]
765768.782: [GC 1025662K(1025664K), 0.7338661 secs]
765775.696: [GC 1025662K(1025664K), 0.4739451 secs]
765778.702: [GC 1025662K(1025664K), 0.7325839 secs]
765785.623: [GC 1025662K(1025664K), 0.4706704 secs]
765788.622: [GC 1025662K(1025664K), 0.7327566 secs]
765795.384: [GC 1025662K(1025664K), 0.4707722 secs]
765798.382: [GC 1025662K(1025664K), 0.7332347 secs]
765805.303: [GC 1025662K(1025664K), 0.4745417 secs]
765808.312: [GC 1025662K(1025664K), 0.7324324 secs]
765815.206: [GC 1025662K(1025664K), 0.4763242 secs]
765818.212: [GC 1025662K(1025664K), 0.7331440 secs]
765825.104: [GC 1025662K(1025664K), 0.4715724 secs]
765828.102: [GC 1025662K(1025664K), 0.7431497 secs]
765835.036: [GC 1025662K(1025664K), 0.4702709 secs]
765838.042: [GC 1025662K(1025664K), 0.7326512 secs]
765844.944: [GC 1025662K(1025664K), 0.4690633 secs]
765847.942: [GC 1025662K(1025664K), 0.7333238 secs]
765854.866: [GC 1025662K(1025664K), 0.4832918 secs]
765857.872: [GC 1025662K(1025664K), 0.7331390 secs]
765864.793: [GC 1025662K(1025664K), 0.4721077 secs]
765867.792: [GC 1025662K(1025664K), 0.7331943 secs]
765874.694: [GC 1025662K(1025664K), 0.4722999 secs]
765877.692: [GC 1025662K(1025664K), 0.7325538 secs]
765884.613: [GC 1025662K(1025664K), 0.4701860 secs]
765887.612: [GC 1025662K(1025664K), 0.7329690 secs]
765894.533: [GC 1025662K(1025664K), 0.4744731 secs]
765897.532: [GC 1025662K(1025664K), 0.7322863 secs]
765904.435: [GC 1025662K(1025664K), 0.4740221 secs]
765907.442: [GC 1025662K(1025664K), 0.7326280 secs]
765914.363: [GC 1025662K(1025664K), 0.4745932 secs]
765917.382: [GC 1025662K(1025664K), 0.7329257 secs]
765924.283: [GC 1025662K(1025664K), 0.4777434 secs]
765927.282: [GC 1025662K(1025664K), 0.7319726 secs]
765934.184: [GC 1025662K(1025664K), 0.4743350 secs]
765937.192: [GC 1025662K(1025664K), 0.7319780 secs]
765944.105: [GC 1025662K(1025664K), 0.4705334 secs]
765947.112: [GC 1025662K(1025664K), 0.7327200 secs]
765954.024: [GC 1025662K(1025664K), 0.4726138 secs]
765957.032: [GC 1025662K(1025664K), 0.7314310 secs]
765963.933: [GC 1025662K(1025664K), 0.4765978 secs]
765966.932: [GC 1025662K(1025664K), 0.7359785 secs]
765973.873: [GC 1025662K(1025664K), 0.4736183 secs]
765976.872: [GC 1025662K(1025664K), 0.7320876 secs]
765983.783: [GC 1025662K(1025664K), 0.4730661 secs]
765986.782: [GC 1025662K(1025664K), 0.7327788 secs]
765993.666: [GC 1025662K(1025664K), 0.4830066 secs]
765996.682: [GC 1025662K(1025664K), 0.7334022 secs]
766003.583: [GC 1025662K(1025664K), 0.4716611 secs]
766006.582: [GC 1025662K(1025664K), 0.7440178 secs]
766013.493: [GC 1025662K(1025664K), 0.4791902 secs]
766016.492: [GC 1025662K(1025664K), 0.7379334 secs]
766023.403: [GC 1025662K(1025664K), 0.4739121 secs]
766026.412: [GC 1025662K(1025664K), 0.7404117 secs]
766033.324: [GC 1025662K(1025664K), 0.4687952 secs]
766036.332: [GC 1025662K(1025664K), 0.7345411 secs]
766043.225: [GC 1025662K(1025664K), 0.4773319 secs]
766046.222: [GC 1025662K(1025664K), 0.7320889 secs]
766053.124: [GC 1025662K(1025664K), 0.4739188 secs]
766056.122: [GC 1025662K(1025664K), 0.7320343 secs]
766063.023: [GC 1025662K(1025664K), 0.4734075 secs]
766066.022: [GC 1025662K(1025664K), 0.7384170 secs]
766072.946: [GC 1025662K(1025664K), 0.4934052 secs]
766075.972: [GC 1025662K(1025664K), 0.7352001 secs]
766082.883: [GC 1025662K(1025664K), 0.4721186 secs]
766085.872: [GC 1025662K(1025664K), 0.7325654 secs]
766092.783: [GC 1025662K(1025664K), 0.4786987 secs]
766095.782: [GC 1025662K(1025664K), 0.7405190 secs]
766102.685: [GC 1025662K(1025664K), 0.4792692 secs]
766105.702: [GC 1025662K(1025664K), 0.7495219 secs]
766112.613: [GC 1025662K(1025664K), 0.4679356 secs]
766115.602: [GC 1025662K(1025664K), 0.7329259 secs]
766122.493: [GC 1025662K(1025664K), 0.4732889 secs]
766125.492: [GC 1025662K(1025664K), 0.7332352 secs]
766132.403: [GC 1025662K(1025664K), 0.4742740 secs]
766135.402: [GC 1025662K(1025664K), 0.7395390 secs]
766142.294: [GC 1025662K(1025664K), 0.4745013 secs]
766145.292: [GC 1025662K(1025664K), 0.7329422 secs]
766152.194: [GC 1025662K(1025664K), 0.4691331 secs]
766155.192: [GC 1025662K(1025664K), 0.7422201 secs]
766162.103: [GC 1025662K(1025664K), 0.4697452 secs]
766165.092: [GC 1025662K(1025664K), 0.7320951 secs]
766172.013: [GC 1025662K(1025664K), 0.4714780 secs]
766175.012: [GC 1025662K(1025664K), 0.7321246 secs]
766181.913: [GC 1025662K(1025664K), 0.4955078 secs]
766184.932: [GC 1025662K(1025664K), 0.7320768 secs]
766191.833: [GC 1025662K(1025664K), 0.5046858 secs]
766194.862: [GC 1025662K(1025664K), 0.7321652 secs]
766201.763: [GC 1025662K(1025664K), 0.4741066 secs]
766204.762: [GC 1025662K(1025664K), 0.7328679 secs]
766211.666: [GC 1025662K(1025664K), 0.4755560 secs]
766214.662: [GC 1025662K(1025664K), 0.7461498 secs]
766221.595: [GC 1025662K(1025664K), 0.4775150 secs]
766224.612: [GC 1025662K(1025664K), 0.7328692 secs]
766231.523: [GC 1025662K(1025664K), 0.4997688 secs]
766234.542: [GC 1025662K(1025664K), 0.7357559 secs]
766241.444: [GC 1025662K(1025664K), 0.5009060 secs]
766244.482: [GC 1025662K(1025664K), 0.7337265 secs]
766251.403: [GC 1025662K(1025664K), 0.4797082 secs]
766254.422: [GC 1025662K(1025664K), 0.7343059 secs]
766261.335: [GC 1025662K(1025664K), 0.4835858 secs]
766264.342: [GC 1025662K(1025664K), 0.7327349 secs]
766271.243: [GC 1025662K(1025664K), 0.4741280 secs]
766274.252: [GC 1025662K(1025664K), 0.7328738 secs]
766281.163: [GC 1025662K(1025664K), 0.4685119 secs]
766284.162: [GC 1025662K(1025664K), 0.7317686 secs]
766291.083: [GC 1025662K(1025664K), 0.4746624 secs]
766294.082: [GC 1025662K(1025664K), 0.7330590 secs]
766300.993: [GC 1025662K(1025664K), 0.4711078 secs]
766303.982: [GC 1025662K(1025664K), 0.7321251 secs]
766310.885: [GC 1025662K(1025664K), 0.4756535 secs]
766313.902: [GC 1025662K(1025664K), 0.7406501 secs]
766320.824: [GC 1025662K(1025664K), 0.4846222 secs]
766323.842: [GC 1025662K(1025664K), 0.7337294 secs]
766330.775: [GC 1025662K(1025664K), 0.4718223 secs]
766333.782: [GC 1025662K(1025664K), 0.7330727 secs]
766340.694: [GC 1025662K(1025664K), 0.4860176 secs]
766343.702: [GC 1025662K(1025664K), 0.7332328 secs]
766350.613: [GC 1025662K(1025664K), 0.4676943 secs]
766353.602: [GC 1025662K(1025664K), 0.7334108 secs]
766360.514: [GC 1025662K(1025664K), 0.4748185 secs]
766363.512: [GC 1025662K(1025664K), 0.7321948 secs]
766370.416: [GC 1025662K(1025664K), 0.4766696 secs]
766373.422: [GC 1025662K(1025664K), 0.7324482 secs]
766380.335: [GC 1025662K(1025664K), 0.4755917 secs]
766383.342: [GC 1025662K(1025664K), 0.7355171 secs]
766390.243: [GC 1025662K(1025664K), 0.4723601 secs]
766393.242: [GC 1025662K(1025664K), 0.7326623 secs]
766400.144: [GC 1025662K(1025664K), 0.4738151 secs]
766403.152: [GC 1025662K(1025664K), 0.7325131 secs]
766410.043: [GC 1025662K(1025664K), 0.4700016 secs]
766413.032: [GC 1025662K(1025664K), 0.7317663 secs]
766419.943: [GC 1025662K(1025664K), 0.4759454 secs]
766422.942: [GC 1025662K(1025664K), 0.7318907 secs]
766429.854: [GC 1025662K(1025664K), 0.4728150 secs]
766432.852: [GC 1025662K(1025664K), 0.7321496 secs]
766439.743: [GC 1025662K(1025664K), 0.4760655 secs]
766442.742: [GC 1025662K(1025664K), 0.7321711 secs]
766449.635: [GC 1025662K(1025664K), 0.4794465 secs]
766452.642: [GC 1025662K(1025664K), 0.7324091 secs]
766459.564: [GC 1025662K(1025664K), 0.4781207 secs]
766462.572: [GC 1025662K(1025664K), 0.7318471 secs]
766469.505: [GC 1025662K(1025664K), 0.4711044 secs]
766472.512: [GC 1025662K(1025664K), 0.7329173 secs]
766479.404: [GC 1025662K(1025664K), 0.4789004 secs]
766482.402: [GC 1025662K(1025664K), 0.7335349 secs]
766489.303: [GC 1025662K(1025664K), 0.4711957 secs]
766492.302: [GC 1025662K(1025664K), 0.7440178 secs]
766499.225: [GC 1025662K(1025664K), 0.4993211 secs]
766502.252: [GC 1025662K(1025664K), 0.7324902 secs]
766509.135: [GC 1025662K(1025664K), 0.4731271 secs]
766512.132: [GC 1025662K(1025664K), 0.7321133 secs]
766519.034: [GC 1025662K(1025664K), 0.4721877 secs]
766522.032: [GC 1025662K(1025664K), 0.7321918 secs]
766528.943: [GC 1025662K(1025664K), 0.4715423 secs]
766531.942: [GC 1025662K(1025664K), 0.7321116 secs]
766538.843: [GC 1025662K(1025664K), 0.4726532 secs]
766541.842: [GC 1025662K(1025664K), 0.7321092 secs]
766548.755: [GC 1025662K(1025664K), 0.4703266 secs]
766551.762: [GC 1025662K(1025664K), 0.7394321 secs]
766558.673: [GC 1025662K(1025664K), 0.4724777 secs]
766561.672: [GC 1025662K(1025664K), 0.7319177 secs]
766568.573: [GC 1025662K(1025664K), 0.4928297 secs]
766571.602: [GC 1025662K(1025664K), 0.7329694 secs]
766578.504: [GC 1025662K(1025664K), 0.4719287 secs]
766581.502: [GC 1025662K(1025664K), 0.7323588 secs]
766588.404: [GC 1025662K(1025664K), 0.4774844 secs]
766591.402: [GC 1025662K(1025664K), 0.7336214 secs]
766598.314: [GC 1025662K(1025664K), 0.4690539 secs]
766601.312: [GC 1025662K(1025664K), 0.7320476 secs]
766608.225: [GC 1025662K(1025664K), 0.4709706 secs]
766611.222: [GC 1025662K(1025664K), 0.7446976 secs]
766618.125: [GC 1025662K(1025664K), 0.4689396 secs]
766621.122: [GC 1025662K(1025664K), 0.7377155 secs]
766628.014: [GC 1025662K(1025664K), 0.4989520 secs]
766631.042: [GC 1025662K(1025664K), 0.7328674 secs]
766637.944: [GC 1025662K(1025664K), 0.4746210 secs]
766640.942: [GC 1025662K(1025664K), 0.7324952 secs]
766647.834: [GC 1025662K(1025664K), 0.4755457 secs]
766650.832: [GC 1025662K(1025664K), 0.7317500 secs]
766657.733: [GC 1025662K(1025664K), 0.4711243 secs]
766660.732: [GC 1025662K(1025664K), 0.7333291 secs]
766667.654: [GC 1025662K(1025664K), 0.4761206 secs]
766670.652: [GC 1025662K(1025664K), 0.7333120 secs]
766677.573: [GC 1025662K(1025664K), 0.4760470 secs]
766680.572: [GC 1025662K(1025664K), 0.7407090 secs]
766687.504: [GC 1025662K(1025664K), 0.4985641 secs]
766690.522: [GC 1025662K(1025664K), 0.7323112 secs]
766697.283: [GC 1025662K(1025664K), 0.4691535 secs]
766700.272: [GC 1025662K(1025664K), 0.7370022 secs]
766707.184: [GC 1025662K(1025664K), 0.4699172 secs]
766710.182: [GC 1025662K(1025664K), 0.7314935 secs]
766717.064: [GC 1025662K(1025664K), 0.4706931 secs]
766720.072: [GC 1025662K(1025664K), 0.7381855 secs]
766726.836: [GC 1025662K(1025664K), 0.5004478 secs]
766729.872: [GC 1025662K(1025664K), 0.7531437 secs]
766736.793: [GC 1025662K(1025664K), 0.4968824 secs]
766739.812: [GC 1025662K(1025664K), 0.7461821 secs]
766746.765: [GC 1025662K(1025664K), 0.4836571 secs]
766749.772: [GC 1025662K(1025664K), 0.7426747 secs]
766756.693: [GC 1025662K(1025664K), 0.4753294 secs]
766759.692: [GC 1025662K(1025664K), 0.7435923 secs]
766766.614: [GC 1025662K(1025664K), 0.4788391 secs]
766769.622: [GC 1025662K(1025664K), 0.7371699 secs]
766776.534: [GC 1025662K(1025664K), 0.4774756 secs]
766779.532: [GC 1025662K(1025664K), 0.7398784 secs]
766786.473: [GC 1025662K(1025664K), 0.4715536 secs]
766789.482: [GC 1025662K(1025664K), 0.7377344 secs]
766796.393: [GC 1025662K(1025664K), 0.4741600 secs]
766799.392: [GC 1025662K(1025664K), 0.7354740 secs]
766806.304: [GC 1025662K(1025664K), 0.4756971 secs]
766809.322: [GC 1025662K(1025664K), 0.7331088 secs]
766816.256: [GC 1025662K(1025664K), 0.4746186 secs]
766819.272: [GC 1025662K(1025664K), 0.7329473 secs]
766826.207: [GC 1025662K(1025664K), 0.4710499 secs]
766829.212: [GC 1025662K(1025664K), 0.7342365 secs]
766836.113: [GC 1025662K(1025664K), 0.4762593 secs]
766839.112: [GC 1025662K(1025664K), 0.7571098 secs]
766846.043: [GC 1025662K(1025664K), 0.4749537 secs]
766849.062: [GC 1025662K(1025664K), 0.7386195 secs]
766855.983: [GC 1025662K(1025664K), 0.4783523 secs]
766858.982: [GC 1025662K(1025664K), 0.7376698 secs]
766865.928: [GC 1025662K(1025664K), 0.4727174 secs]
766868.942: [GC 1025662K(1025664K), 0.7478156 secs]
766875.866: [GC 1025662K(1025664K), 0.4740786 secs]
766878.882: [GC 1025662K(1025664K), 0.7393535 secs]
766885.815: [GC 1025662K(1025664K), 0.4780036 secs]
766888.832: [GC 1025662K(1025664K), 0.7556335 secs]
766895.775: [GC 1025662K(1025664K), 0.4725730 secs]
766898.772: [GC 1025662K(1025664K), 0.7389471 secs]
766905.704: [GC 1025662K(1025664K), 0.4734337 secs]
766908.702: [GC 1025662K(1025664K), 0.7368434 secs]
766915.604: [GC 1025662K(1025664K), 0.4873842 secs]
766918.632: [GC 1025662K(1025664K), 0.7461567 secs]
766925.563: [GC 1025662K(1025664K), 0.4720628 secs]
766928.572: [GC 1025662K(1025664K), 0.7419814 secs]
766935.534: [GC 1025662K(1025664K), 0.4813824 secs]
766938.542: [GC 1025662K(1025664K), 0.7371890 secs]
766945.463: [GC 1025662K(1025664K), 0.4726239 secs]
766948.472: [GC 1025662K(1025664K), 0.7363413 secs]
766955.396: [GC 1025662K(1025664K), 0.4765600 secs]
766958.402: [GC 1025662K(1025664K), 0.7327501 secs]
766965.336: [GC 1025662K(1025664K), 0.4743162 secs]
766968.342: [GC 1025662K(1025664K), 0.7408942 secs]
766975.276: [GC 1025662K(1025664K), 0.4807242 secs]
766978.302: [GC 1025662K(1025664K), 0.7375529 secs]
766985.223: [GC 1025662K(1025664K), 0.5004111 secs]
766988.252: [GC 1025662K(1025664K), 0.7339967 secs]
766995.176: [GC 1025662K(1025664K), 0.4819766 secs]
766998.192: [GC 1025662K(1025664K), 0.7352760 secs]
767005.103: [GC 1025662K(1025664K), 0.4718348 secs]
767008.102: [GC 1025662K(1025664K), 0.7364952 secs]
767015.023: [GC 1025662K(1025664K), 0.4746514 secs]
767018.022: [GC 1025662K(1025664K), 0.7488400 secs]
767024.964: [GC 1025662K(1025664K), 0.4737000 secs]
767027.962: [GC 1025662K(1025664K), 0.7572574 secs]
767034.914: [GC 1025662K(1025664K), 0.4679302 secs]
767037.902: [GC 1025662K(1025664K), 0.7394759 secs]
767044.815: [GC 1025662K(1025664K), 0.4719790 secs]
767047.812: [GC 1025662K(1025664K), 0.7411869 secs]
767054.764: [GC 1025662K(1025664K), 0.4723575 secs]
767057.762: [GC 1025662K(1025664K), 0.7531513 secs]
767064.636: [GC 1025662K(1025664K), 0.4742200 secs]
767067.642: [GC 1025662K(1025664K), 0.7324979 secs]
767074.554: [GC 1025662K(1025664K), 0.4748028 secs]
767077.552: [GC 1025662K(1025664K), 0.7330964 secs]
767084.445: [GC 1025662K(1025664K), 0.4790757 secs]
767087.462: [GC 1025662K(1025664K), 0.7459091 secs]
767094.405: [GC 1025662K(1025664K), 0.4824342 secs]
767097.422: [GC 1025662K(1025664K), 0.7330858 secs]
767104.323: [GC 1025662K(1025664K), 0.4942896 secs]
767107.342: [GC 1025662K(1025664K), 0.7430182 secs]
767114.253: [GC 1025662K(1025664K), 0.4736129 secs]
767117.252: [GC 1025662K(1025664K), 0.7325566 secs]
767124.145: [GC 1025662K(1025664K), 0.4727688 secs]
767127.142: [GC 1025662K(1025664K), 0.7327126 secs]
767134.034: [GC 1025662K(1025664K), 0.4722786 secs]
767137.042: [GC 1025662K(1025664K), 0.7319940 secs]
767143.934: [GC 1025662K(1025664K), 0.4737626 secs]
767146.942: [GC 1025662K(1025664K), 0.7343331 secs]
767153.864: [GC 1025662K(1025664K), 0.4737969 secs]
767156.862: [GC 1025662K(1025664K), 0.7338740 secs]
767163.774: [GC 1025662K(1025664K), 0.4784031 secs]
767166.782: [GC 1025662K(1025664K), 0.7331409 secs]
767173.684: [GC 1025662K(1025664K), 0.4697869 secs]
767176.672: [GC 1025662K(1025664K), 0.7356719 secs]
767183.574: [GC 1025662K(1025664K), 0.4731131 secs]
767186.572: [GC 1025662K(1025664K), 0.7421906 secs]
767193.483: [GC 1025662K(1025664K), 0.4704144 secs]
767196.472: [GC 1025662K(1025664K), 0.7344229 secs]
767203.355: [GC 1025662K(1025664K), 0.5024032 secs]
767206.382: [GC 1025662K(1025664K), 0.7395815 secs]
767213.295: [GC 1025662K(1025664K), 0.4698897 secs]
767216.312: [GC 1025662K(1025664K), 0.7325834 secs]
767223.215: [GC 1025662K(1025664K), 0.4736476 secs]
767226.222: [GC 1025662K(1025664K), 0.7442757 secs]
767233.124: [GC 1025662K(1025664K), 0.4712508 secs]
767236.122: [GC 1025662K(1025664K), 0.7439247 secs]
767243.113: [GC 1025662K(1025664K), 0.4747404 secs]
767246.112: [GC 1025662K(1025664K), 0.7385013 secs]
767253.005: [GC 1025662K(1025664K), 0.4706771 secs]
767256.002: [GC 1025662K(1025664K), 0.7327026 secs]
767262.934: [GC 1025662K(1025664K), 0.4886376 secs]
767265.962: [GC 1025662K(1025664K), 0.7356019 secs]
767272.903: [GC 1025662K(1025664K), 0.4696467 secs]
767275.892: [GC 1025662K(1025664K), 0.7371853 secs]
767282.694: [GC 1025662K(1025664K), 0.4716728 secs]
767285.692: [GC 1025662K(1025664K), 0.7321689 secs]
767292.643: [GC 1025662K(1025664K), 0.4924911 secs]
767295.662: [GC 1025662K(1025664K), 0.7395593 secs]
767302.574: [GC 1025662K(1025664K), 0.4752596 secs]
767305.592: [GC 1025662K(1025664K), 0.7421589 secs]
767312.515: [GC 1025662K(1025664K), 0.4727640 secs]
767315.522: [GC 1025662K(1025664K), 0.7646195 secs]
767322.474: [GC 1025662K(1025664K), 0.4728296 secs]
767325.472: [GC 1025662K(1025664K), 0.7320304 secs]
767332.376: [GC 1025662K(1025664K), 0.4730223 secs]
767335.392: [GC 1025662K(1025664K), 0.7337215 secs]
767337.148: [Full GC 1025662K->1025662K(1025664K), 3.8705232 secs]
767341.028: [Full GC 1025664K->1025661K(1025664K), 3.7762450 secs]
767344.813: [GC 1025661K(1025664K), 0.7314805 secs]
767346.565: [Full GC 1025663K->1025661K(1025664K), 3.7707321 secs]
767350.350: [Full GC 1025664K->1025660K(1025664K), 3.2083184 secs]
767353.567: [GC 1025662K(1025664K), 0.7311634 secs]
767355.363: [Full GC 1025662K->1025661K(1025664K), 3.2044563 secs]
767358.576: [Full GC 1025661K->1025661K(1025664K), 3.2109669 secs]
767361.803: [GC 1025661K(1025664K), 0.7309965 secs]
767363.553: [Full GC 1025663K->1025662K(1025664K), 3.8361914 secs]
767367.399: [Full GC 1025663K->1025662K(1025664K), 3.7863400 secs]
767371.196: [GC 1025663K(1025664K), 0.7304408 secs]
767372.958: [Full GC 1025663K->1025662K(1025664K), 3.8435769 secs]
767376.811: [Full GC 1025663K->1025662K(1025664K), 3.9158499 secs]
767380.736: [GC 1025664K(1025664K), 0.7301677 secs]
767382.484: [Full GC 1025664K->1025662K(1025664K), 3.2020396 secs]
767385.694: [Full GC 1025662K->1025661K(1025664K), 3.2156411 secs]
767388.923: [Full GC 1025663K->1025661K(1025664K), 3.7828954 secs]
767392.714: [Full GC 1025661K->1025661K(1025664K), 3.2041807 secs]
767395.926: [GC 1025661K(1025664K), 0.7379919 secs]
767397.682: [Full GC 1025663K->1025661K(1025664K), 3.2136654 secs]
767400.905: [Full GC 1025664K->1025660K(1025664K), 3.2020536 secs]
767404.115: [GC 1025660K(1025664K), 0.7319739 secs]
767405.860: [Full GC 1025663K->1025660K(1025664K), 3.8482294 secs]
767409.717: [Full GC 1025661K->1025660K(1025664K), 3.2014279 secs]
767412.927: [Full GC 1025660K->1025660K(1025664K), 3.2215992 secs]
767416.157: [GC 1025660K(1025664K), 0.7305695 secs]
767420.476: [GC 1025661K(1025664K), 0.4732401 secs]
767423.472: [GC 1025661K(1025664K), 0.7321833 secs]
767430.393: [GC 1025661K(1025664K), 0.4718257 secs]
767433.392: [GC 1025660K(1025664K), 0.7319133 secs]
767440.294: [GC 1025660K(1025664K), 0.4766647 secs]
767443.312: [GC 1025660K(1025664K), 0.7322118 secs]
767450.213: [GC 1025660K(1025664K), 0.4720285 secs]
767453.212: [GC 1025660K(1025664K), 0.7311435 secs]
767460.136: [GC 1025660K(1025664K), 0.4757791 secs]
767463.152: [GC 1025660K(1025664K), 0.7316819 secs]
767470.064: [GC 1025660K(1025664K), 0.4785132 secs]
767473.072: [GC 1025660K(1025664K), 0.7321453 secs]
767479.974: [GC 1025660K(1025664K), 0.4724139 secs]
767482.982: [GC 1025660K(1025664K), 0.7312814 secs]
767489.883: [GC 1025660K(1025664K), 0.4761738 secs]
767492.882: [GC 1025660K(1025664K), 0.7350598 secs]
767499.793: [GC 1025660K(1025664K), 0.4767827 secs]
767502.792: [GC 1025660K(1025664K), 0.7327499 secs]
767509.733: [GC 1025660K(1025664K), 0.4713833 secs]
767512.732: [GC 1025660K(1025664K), 0.7312076 secs]
767519.643: [GC 1025660K(1025664K), 0.4857037 secs]
767522.672: [GC 1025660K(1025664K), 0.7317862 secs]
767529.602: [GC 1025660K(1025664K), 0.4723645 secs]
767532.602: [GC 1025660K(1025664K), 0.7309437 secs]
767539.533: [GC 1025660K(1025664K), 0.4768373 secs]
767542.532: [GC 1025660K(1025664K), 0.7315972 secs]
767549.442: [GC 1025660K(1025664K), 0.4761733 secs]
767552.442: [GC 1025660K(1025664K), 0.7321947 secs]
767559.335: [GC 1025660K(1025664K), 0.4708232 secs]
767562.342: [GC 1025660K(1025664K), 0.7331052 secs]
767569.093: [GC 1025660K(1025664K), 0.4955894 secs]
767572.112: [GC 1025660K(1025664K), 0.7463428 secs]
767579.054: [GC 1025660K(1025664K), 0.4723386 secs]
767582.052: [GC 1025660K(1025664K), 0.7307656 secs]
767588.943: [GC 1025660K(1025664K), 0.4731507 secs]
767591.942: [GC 1025660K(1025664K), 0.7311520 secs]
767598.833: [GC 1025660K(1025664K), 0.4805801 secs]
767601.832: [GC 1025660K(1025664K), 0.7316568 secs]
767608.745: [GC 1025660K(1025664K), 0.4859846 secs]
767611.772: [GC 1025660K(1025664K), 0.7317330 secs]
767618.674: [GC 1025660K(1025664K), 0.4728864 secs]
767621.682: [GC 1025660K(1025664K), 0.7320163 secs]
767628.574: [GC 1025660K(1025664K), 0.4722216 secs]
767631.582: [GC 1025660K(1025664K), 0.7437786 secs]
767638.493: [GC 1025660K(1025664K), 0.4719944 secs]
767641.492: [GC 1025660K(1025664K), 0.7349764 secs]
767648.402: [GC 1025660K(1025664K), 0.4766975 secs]
767651.402: [GC 1025660K(1025664K), 0.7318136 secs]
767658.303: [GC 1025660K(1025664K), 0.4691650 secs]
767661.302: [GC 1025660K(1025664K), 0.7312129 secs]
767668.193: [GC 1025660K(1025664K), 0.4779534 secs]
767671.202: [GC 1025660K(1025664K), 0.7308197 secs]
767678.123: [GC 1025660K(1025664K), 0.4750139 secs]
767681.122: [GC 1025660K(1025664K), 0.7314114 secs]
767688.027: [GC 1025660K(1025664K), 0.4726933 secs]
767691.022: [GC 1025660K(1025664K), 0.7331882 secs]
767697.955: [GC 1025660K(1025664K), 0.5014921 secs]
767700.992: [GC 1025660K(1025664K), 0.7315822 secs]
767707.924: [GC 1025660K(1025664K), 0.4780406 secs]
767710.942: [GC 1025660K(1025664K), 0.7319247 secs]
767717.853: [GC 1025660K(1025664K), 0.4825005 secs]
767720.862: [GC 1025660K(1025664K), 0.7328396 secs]
767727.763: [GC 1025660K(1025664K), 0.4951691 secs]
767730.782: [GC 1025660K(1025664K), 0.7322567 secs]
767737.675: [GC 1025660K(1025664K), 0.4734927 secs]
767740.692: [GC 1025660K(1025664K), 0.7312407 secs]
767747.615: [GC 1025660K(1025664K), 0.4769305 secs]
767750.612: [GC 1025660K(1025664K), 0.7307935 secs]
767757.523: [GC 1025660K(1025664K), 0.4757975 secs]
767760.522: [GC 1025660K(1025664K), 0.7322249 secs]
767767.478: [GC 1025660K(1025664K), 0.4718302 secs]
767770.482: [GC 1025660K(1025664K), 0.7334494 secs]
767777.396: [GC 1025660K(1025664K), 0.4693156 secs]
767780.392: [GC 1025660K(1025664K), 0.7308336 secs]
767787.303: [GC 1025660K(1025664K), 0.4988962 secs]
767790.322: [GC 1025660K(1025664K), 0.7320205 secs]
767797.232: [GC 1025660K(1025664K), 0.4682687 secs]
767800.222: [GC 1025660K(1025664K), 0.7309921 secs]
767807.115: [GC 1025660K(1025664K), 0.4771635 secs]
767810.132: [GC 1025660K(1025664K), 0.7310663 secs]
767816.874: [GC 1025660K(1025664K), 0.4726376 secs]
767819.882: [GC 1025660K(1025664K), 0.7492136 secs]
767826.802: [GC 1025660K(1025664K), 0.4771319 secs]
767829.812: [GC 1025660K(1025664K), 0.7322591 secs]
767836.703: [GC 1025660K(1025664K), 0.4703293 secs]
767839.712: [GC 1025660K(1025664K), 0.7314576 secs]
767846.604: [GC 1025660K(1025664K), 0.4772482 secs]
767849.602: [GC 1025660K(1025664K), 0.7308206 secs]
767856.543: [GC 1025660K(1025664K), 0.4710922 secs]
767859.532: [GC 1025660K(1025664K), 0.7315666 secs]
767866.443: [GC 1025660K(1025664K), 0.4732631 secs]
767869.442: [GC 1025660K(1025664K), 0.7322270 secs]
767876.364: [GC 1025660K(1025664K), 0.4719009 secs]
767879.372: [GC 1025660K(1025664K), 0.7317743 secs]
767886.283: [GC 1025660K(1025664K), 0.4677710 secs]
767889.282: [GC 1025660K(1025664K), 0.7321027 secs]
767896.175: [GC 1025660K(1025664K), 0.4699939 secs]
767899.182: [GC 1025660K(1025664K), 0.7395943 secs]
767906.133: [GC 1025660K(1025664K), 0.4940011 secs]
767909.152: [GC 1025660K(1025664K), 0.7309526 secs]
767916.073: [GC 1025660K(1025664K), 0.4722066 secs]
767919.082: [GC 1025660K(1025664K), 0.7309471 secs]
767925.983: [GC 1025660K(1025664K), 0.4708540 secs]
767928.982: [GC 1025660K(1025664K), 0.7369618 secs]
767935.883: [GC 1025660K(1025664K), 0.4719988 secs]
767938.882: [GC 1025660K(1025664K), 0.7317670 secs]
767945.833: [GC 1025660K(1025664K), 0.4723187 secs]
767948.832: [GC 1025660K(1025664K), 0.7313936 secs]
767955.744: [GC 1025660K(1025664K), 0.4724962 secs]
767958.762: [GC 1025660K(1025664K), 0.7328762 secs]
767965.673: [GC 1025660K(1025664K), 0.4632875 secs]
767968.662: [GC 1025660K(1025664K), 0.7317244 secs]
767975.584: [GC 1025660K(1025664K), 0.4724707 secs]
767978.612: [GC 1025660K(1025664K), 0.7310249 secs]
767985.513: [GC 1025660K(1025664K), 0.4735647 secs]
767988.512: [GC 1025660K(1025664K), 0.7327027 secs]
767995.413: [GC 1025660K(1025664K), 0.4725403 secs]
767998.412: [GC 1025660K(1025664K), 0.7327221 secs]
768005.304: [GC 1025660K(1025664K), 0.4747134 secs]
768008.312: [GC 1025660K(1025664K), 0.7318316 secs]
768015.193: [GC 1025660K(1025664K), 0.4756862 secs]
768018.202: [GC 1025660K(1025664K), 0.7308499 secs]
768025.124: [GC 1025660K(1025664K), 0.4743008 secs]
768028.132: [GC 1025660K(1025664K), 0.7312045 secs]
768035.054: [GC 1025660K(1025664K), 0.5002473 secs]
768038.092: [GC 1025660K(1025664K), 0.7313761 secs]
768044.984: [GC 1025660K(1025664K), 0.4722282 secs]
768047.982: [GC 1025660K(1025664K), 0.7388279 secs]
768054.904: [GC 1025660K(1025664K), 0.4725419 secs]
768057.912: [GC 1025660K(1025664K), 0.7317415 secs]
768064.813: [GC 1025660K(1025664K), 0.4707724 secs]
768067.812: [GC 1025660K(1025664K), 0.7323271 secs]
768074.724: [GC 1025660K(1025664K), 0.4808841 secs]
768077.732: [GC 1025660K(1025664K), 0.7323006 secs]
768084.653: [GC 1025660K(1025664K), 0.4740746 secs]
768087.652: [GC 1025660K(1025664K), 0.7309427 secs]
768094.553: [GC 1025660K(1025664K), 0.4725354 secs]
768097.552: [GC 1025660K(1025664K), 0.7312986 secs]
768104.444: [GC 1025660K(1025664K), 0.4988193 secs]
768107.482: [GC 1025660K(1025664K), 0.7386707 secs]
768114.393: [GC 1025660K(1025664K), 0.4726872 secs]
768117.392: [GC 1025660K(1025664K), 0.7343894 secs]
768124.314: [GC 1025660K(1025664K), 0.4748714 secs]
768127.322: [GC 1025660K(1025664K), 0.7313631 secs]
768134.223: [GC 1025660K(1025664K), 0.4738206 secs]
768137.222: [GC 1025660K(1025664K), 0.7319591 secs]
768144.203: [GC 1025660K(1025664K), 0.4729843 secs]
768147.202: [GC 1025660K(1025664K), 0.7308559 secs]
768154.114: [GC 1025660K(1025664K), 0.4799374 secs]
768157.112: [GC 1025660K(1025664K), 0.7309143 secs]
768164.003: [GC 1025660K(1025664K), 0.4710007 secs]
768167.002: [GC 1025660K(1025664K), 0.7451872 secs]
768173.914: [GC 1025660K(1025664K), 0.4772186 secs]
768176.932: [GC 1025660K(1025664K), 0.7310669 secs]
768183.844: [GC 1025660K(1025664K), 0.4747865 secs]
768186.842: [GC 1025660K(1025664K), 0.7402225 secs]
768193.763: [GC 1025660K(1025664K), 0.4757799 secs]
768196.762: [GC 1025660K(1025664K), 0.7313040 secs]
768203.693: [GC 1025660K(1025664K), 0.4870342 secs]
768206.702: [GC 1025660K(1025664K), 0.7312505 secs]
768213.613: [GC 1025660K(1025664K), 0.4782121 secs]
768216.612: [GC 1025660K(1025664K), 0.7307343 secs]
768223.553: [GC 1025660K(1025664K), 0.4694995 secs]
768226.542: [GC 1025660K(1025664K), 0.7359940 secs]
768233.453: [GC 1025660K(1025664K), 0.4775260 secs]
768236.472: [GC 1025660K(1025664K), 0.7323487 secs]
768243.383: [GC 1025660K(1025664K), 0.4985122 secs]
768246.402: [GC 1025660K(1025664K), 0.7420022 secs]
768253.313: [GC 1025660K(1025664K), 0.4755533 secs]
768256.312: [GC 1025660K(1025664K), 0.7389582 secs]
768263.234: [GC 1025660K(1025664K), 0.4783589 secs]
768266.242: [GC 1025660K(1025664K), 0.7309880 secs]
768273.143: [GC 1025660K(1025664K), 0.4735182 secs]
768276.142: [GC 1025660K(1025664K), 0.7311987 secs]
768283.043: [GC 1025660K(1025664K), 0.4742096 secs]
768286.042: [GC 1025660K(1025664K), 0.7369299 secs]
768292.933: [GC 1025660K(1025664K), 0.4921848 secs]
768295.952: [GC 1025660K(1025664K), 0.7390388 secs]
768302.853: [GC 1025660K(1025664K), 0.4734530 secs]
768305.852: [GC 1025660K(1025664K), 0.7310539 secs]
768312.763: [GC 1025660K(1025664K), 0.4731954 secs]
768315.762: [GC 1025660K(1025664K), 0.7338600 secs]
768322.663: [GC 1025660K(1025664K), 0.4738397 secs]
768325.662: [GC 1025660K(1025664K), 0.7445525 secs]
768332.573: [GC 1025660K(1025664K), 0.4706200 secs]
768335.572: [GC 1025660K(1025664K), 0.7313959 secs]
768342.473: [GC 1025660K(1025664K), 0.4738463 secs]
768345.472: [GC 1025660K(1025664K), 0.7312824 secs]
768352.375: [GC 1025660K(1025664K), 0.4981150 secs]
768355.402: [GC 1025660K(1025664K), 0.7385303 secs]
768362.313: [GC 1025660K(1025664K), 0.4736247 secs]
768365.312: [GC 1025660K(1025664K), 0.7311433 secs]
768372.222: [GC 1025660K(1025664K), 0.4745868 secs]
768375.232: [GC 1025660K(1025664K), 0.7388965 secs]
768382.132: [GC 1025660K(1025664K), 0.4729441 secs]
768385.132: [GC 1025660K(1025664K), 0.7314564 secs]
768392.064: [GC 1025660K(1025664K), 0.4715406 secs]
768395.072: [GC 1025660K(1025664K), 0.7312093 secs]
768401.973: [GC 1025660K(1025664K), 0.4705803 secs]
768404.962: [GC 1025660K(1025664K), 0.7310276 secs]
768411.864: [GC 1025660K(1025664K), 0.4807879 secs]
768414.882: [GC 1025660K(1025664K), 0.7332962 secs]
768421.793: [GC 1025660K(1025664K), 0.5004021 secs]
768424.812: [GC 1025660K(1025664K), 0.7306257 secs]
768431.703: [GC 1025660K(1025664K), 0.4766342 secs]
768434.702: [GC 1025660K(1025664K), 0.7463688 secs]
768441.633: [GC 1025660K(1025664K), 0.4717402 secs]
768444.622: [GC 1025660K(1025664K), 0.7317184 secs]
768451.534: [GC 1025660K(1025664K), 0.4738405 secs]
768454.542: [GC 1025660K(1025664K), 0.7313350 secs]
768461.433: [GC 1025660K(1025664K), 0.4717552 secs]
768464.442: [GC 1025660K(1025664K), 0.7316165 secs]
768471.343: [GC 1025660K(1025664K), 0.4688107 secs]
768474.342: [GC 1025660K(1025664K), 0.7313170 secs]
768481.233: [GC 1025660K(1025664K), 0.4693329 secs]
768484.222: [GC 1025660K(1025664K), 0.7335560 secs]
768491.142: [GC 1025660K(1025664K), 0.4741481 secs]
768494.142: [GC 1025660K(1025664K), 0.7318948 secs]
768501.055: [GC 1025660K(1025664K), 0.5002623 secs]
768504.092: [GC 1025660K(1025664K), 0.7347360 secs]
768510.993: [GC 1025660K(1025664K), 0.4757249 secs]
768513.992: [GC 1025660K(1025664K), 0.7325630 secs]
768520.893: [GC 1025660K(1025664K), 0.4959002 secs]
768523.912: [GC 1025660K(1025664K), 0.7323099 secs]
768530.827: [GC 1025660K(1025664K), 0.4884237 secs]
768533.852: [GC 1025660K(1025664K), 0.7363434 secs]
768540.764: [GC 1025660K(1025664K), 0.4743078 secs]
768543.772: [GC 1025660K(1025664K), 0.7324828 secs]
768550.662: [GC 1025660K(1025664K), 0.4753195 secs]
768553.662: [GC 1025660K(1025664K), 0.7321042 secs]
768560.583: [GC 1025660K(1025664K), 0.4736100 secs]
768563.582: [GC 1025660K(1025664K), 0.7324477 secs]
768570.543: [GC 1025660K(1025664K), 0.4735601 secs]
768573.542: [GC 1025660K(1025664K), 0.7336400 secs]
768580.463: [GC 1025660K(1025664K), 0.4724001 secs]
768583.472: [GC 1025660K(1025664K), 0.7308523 secs]
768590.404: [GC 1025660K(1025664K), 0.4723932 secs]
768593.402: [GC 1025660K(1025664K), 0.7309443 secs]
768600.307: [GC 1025660K(1025664K), 0.5001951 secs]
768603.342: [GC 1025660K(1025664K), 0.7307749 secs]
768610.233: [GC 1025660K(1025664K), 0.4719117 secs]
768613.232: [GC 1025660K(1025664K), 0.7302981 secs]
768620.123: [GC 1025660K(1025664K), 0.4821608 secs]
768623.132: [GC 1025660K(1025664K), 0.7308162 secs]
768630.045: [GC 1025660K(1025664K), 0.4730694 secs]
768633.052: [GC 1025660K(1025664K), 0.7308184 secs]
768639.973: [GC 1025660K(1025664K), 0.4782472 secs]
768642.982: [GC 1025660K(1025664K), 0.7304990 secs]
768649.893: [GC 1025660K(1025664K), 0.4951427 secs]
768652.922: [GC 1025660K(1025664K), 0.7313785 secs]
768659.843: [GC 1025660K(1025664K), 0.4752502 secs]
768662.852: [GC 1025660K(1025664K), 0.7324582 secs]
768669.763: [GC 1025660K(1025664K), 0.4817594 secs]
768672.782: [GC 1025660K(1025664K), 0.7307475 secs]
768679.694: [GC 1025660K(1025664K), 0.4742958 secs]
768682.692: [GC 1025660K(1025664K), 0.7340920 secs]
768689.583: [GC 1025660K(1025664K), 0.4782743 secs]
768692.602: [GC 1025660K(1025664K), 0.7306429 secs]
768699.543: [GC 1025660K(1025664K), 0.4719585 secs]
768702.532: [GC 1025660K(1025664K), 0.7312020 secs]
768709.424: [GC 1025660K(1025664K), 0.4736760 secs]
768712.422: [GC 1025660K(1025664K), 0.7388601 secs]
768719.323: [GC 1025660K(1025664K), 0.4791627 secs]
768722.322: [GC 1025660K(1025664K), 0.7314292 secs]
768729.223: [GC 1025660K(1025664K), 0.4735442 secs]
768732.222: [GC 1025660K(1025664K), 0.7330704 secs]
768739.123: [GC 1025660K(1025664K), 0.4803039 secs]
768742.132: [GC 1025660K(1025664K), 0.7320751 secs]
768749.023: [GC 1025660K(1025664K), 0.4735981 secs]
768752.022: [GC 1025660K(1025664K), 0.7314909 secs]
768758.933: [GC 1025660K(1025664K), 0.4772441 secs]
768761.932: [GC 1025660K(1025664K), 0.7309102 secs]
768768.844: [GC 1025660K(1025664K), 0.4698570 secs]
768771.852: [GC 1025660K(1025664K), 0.7412957 secs]
768778.773: [GC 1025660K(1025664K), 0.4702409 secs]
768781.762: [GC 1025660K(1025664K), 0.7315401 secs]
768788.673: [GC 1025660K(1025664K), 0.4737810 secs]
768791.672: [GC 1025660K(1025664K), 0.7319181 secs]
768798.563: [GC 1025660K(1025664K), 0.4709627 secs]
768801.562: [GC 1025660K(1025664K), 0.7318041 secs]
768808.462: [GC 1025660K(1025664K), 0.4707773 secs]
768811.452: [GC 1025660K(1025664K), 0.7316601 secs]
768818.353: [GC 1025660K(1025664K), 0.4743768 secs]
768821.352: [GC 1025660K(1025664K), 0.7333039 secs]
768828.252: [GC 1025660K(1025664K), 0.4741362 secs]
768831.252: [GC 1025660K(1025664K), 0.7318416 secs]
768838.184: [GC 1025660K(1025664K), 0.4721801 secs]
768841.182: [GC 1025660K(1025664K), 0.7319630 secs]
768848.085: [GC 1025660K(1025664K), 0.4694817 secs]
768851.082: [GC 1025660K(1025664K), 0.7321721 secs]
768857.983: [GC 1025660K(1025664K), 0.4733045 secs]
768860.982: [GC 1025660K(1025664K), 0.7313725 secs]
768867.873: [GC 1025660K(1025664K), 0.4714634 secs]
768870.872: [GC 1025660K(1025664K), 0.7308451 secs]
768877.763: [GC 1025660K(1025664K), 0.4773754 secs]
768880.762: [GC 1025660K(1025664K), 0.7375910 secs]
768887.674: [GC 1025660K(1025664K), 0.4728603 secs]
768890.672: [GC 1025660K(1025664K), 0.7329500 secs]
768897.584: [GC 1025660K(1025664K), 0.4964152 secs]
768900.602: [GC 1025660K(1025664K), 0.7436459 secs]
768907.523: [GC 1025660K(1025664K), 0.4841022 secs]
768910.532: [GC 1025660K(1025664K), 0.7326298 secs]
768917.433: [GC 1025660K(1025664K), 0.4735253 secs]
768920.432: [GC 1025660K(1025664K), 0.7337454 secs]
768927.353: [GC 1025660K(1025664K), 0.4729127 secs]
768930.352: [GC 1025660K(1025664K), 0.7309246 secs]
768937.263: [GC 1025660K(1025664K), 0.4740588 secs]
768940.262: [GC 1025660K(1025664K), 0.7324608 secs]
768947.175: [GC 1025660K(1025664K), 0.4744545 secs]
768950.172: [GC 1025660K(1025664K), 0.7384648 secs]
768957.103: [GC 1025660K(1025664K), 0.4731432 secs]
768960.102: [GC 1025660K(1025664K), 0.7342920 secs]
768967.093: [GC 1025660K(1025664K), 0.4777527 secs]
768970.092: [GC 1025660K(1025664K), 0.7378702 secs]
768977.013: [GC 1025660K(1025664K), 0.4725031 secs]
768980.012: [GC 1025660K(1025664K), 0.7421180 secs]
768986.943: [GC 1025660K(1025664K), 0.4726277 secs]
768989.942: [GC 1025660K(1025664K), 0.7389906 secs]
768996.863: [GC 1025660K(1025664K), 0.4903280 secs]
768999.872: [GC 1025660K(1025664K), 0.7403467 secs]
769006.806: [GC 1025660K(1025664K), 0.4732814 secs]
769009.802: [GC 1025660K(1025664K), 0.7409531 secs]
769016.733: [GC 1025660K(1025664K), 0.4864102 secs]
769019.742: [GC 1025660K(1025664K), 0.7535081 secs]
769026.684: [GC 1025660K(1025664K), 0.4828309 secs]
769029.702: [GC 1025660K(1025664K), 0.7467655 secs]
769036.613: [GC 1025660K(1025664K), 0.4803647 secs]
769039.612: [GC 1025660K(1025664K), 0.7399678 secs]
769046.526: [GC 1025660K(1025664K), 0.4750341 secs]
769049.522: [GC 1025660K(1025664K), 0.7348299 secs]
769056.275: [GC 1025660K(1025664K), 0.4707350 secs]
769059.272: [GC 1025660K(1025664K), 0.7330482 secs]
769066.196: [GC 1025660K(1025664K), 0.4756653 secs]
769069.202: [GC 1025660K(1025664K), 0.7360044 secs]
769076.113: [GC 1025660K(1025664K), 0.4898607 secs]
769079.122: [GC 1025660K(1025664K), 0.7393688 secs]
769086.053: [GC 1025660K(1025664K), 0.4734906 secs]
769089.062: [GC 1025660K(1025664K), 0.7309958 secs]
769095.973: [GC 1025660K(1025664K), 0.4726987 secs]
769098.972: [GC 1025660K(1025664K), 0.7376861 secs]
769105.893: [GC 1025660K(1025664K), 0.4987887 secs]
769108.922: [GC 1025660K(1025664K), 0.7350824 secs]
769115.834: [GC 1025660K(1025664K), 0.4709823 secs]
769118.842: [GC 1025660K(1025664K), 0.7387571 secs]
769125.754: [GC 1025660K(1025664K), 0.4802667 secs]
769128.762: [GC 1025660K(1025664K), 0.7398639 secs]
769135.682: [GC 1025660K(1025664K), 0.4783352 secs]
769138.702: [GC 1025660K(1025664K), 0.7330067 secs]
