1.031: [GC 16000K->1732K(81280K), 0.0149712 secs]
1.117: [Full GC 4660K->1602K(81280K), 0.0696539 secs]
1.191: [Full GC 1602K->1602K(81280K), 0.0522140 secs]
8.147: [GC 17602K->5142K(81280K), 0.0213101 secs]
10.779: [GC 21118K->7597K(81280K), 0.0280481 secs]
10.826: [GC 23594K->6859K(81280K), 0.0053609 secs]
10.845: [GC 22823K->7727K(81280K), 0.0065394 secs]
10.864: [GC 23709K->7400K(81280K), 0.0087963 secs]
10.885: [GC 23360K->6901K(81280K), 0.0008283 secs]
10.898: [GC 22883K->6817K(81280K), 0.0009107 secs]
10.912: [GC 22776K->6809K(81280K), 0.0016169 secs]
10.926: [GC 22761K->6695K(81280K), 0.0006408 secs]
10.939: [GC 22654K->6812K(81280K), 0.0006980 secs]
10.952: [GC 22739K->6850K(81280K), 0.0008954 secs]
10.967: [GC 22797K->6787K(81280K), 0.0038036 secs]
10.983: [GC 22720K->6800K(81280K), 0.0007793 secs]
11.003: [GC 22761K->6647K(81280K), 0.0007959 secs]
11.026: [GC 22641K->6529K(81280K), 0.0013453 secs]
11.050: [GC 22514K->6603K(81280K), 0.0017767 secs]
11.066: [GC 22594K->6715K(81280K), 0.0012931 secs]
11.084: [GC 22701K->6738K(81280K), 0.0015977 secs]
11.104: [GC 22714K->6697K(81280K), 0.0011215 secs]
11.121: [GC 22672K->6785K(81280K), 0.0008762 secs]
11.137: [GC 22772K->6787K(81280K), 0.0006713 secs]
11.149: [GC 22778K->6877K(81280K), 0.0008470 secs]
11.163: [GC 22855K->6845K(81280K), 0.0009673 secs]
11.176: [GC 22845K->6916K(81280K), 0.0009696 secs]
11.189: [GC 22864K->7034K(81280K), 0.0010325 secs]
11.204: [GC 23004K->7011K(81280K), 0.0012235 secs]
11.221: [GC 22938K->7185K(81280K), 0.0017186 secs]
11.245: [GC 23183K->7029K(81280K), 0.0014818 secs]
11.260: [GC 23016K->6864K(81280K), 0.0018494 secs]
11.282: [GC 22802K->7127K(81280K), 0.0009947 secs]
11.304: [GC 23015K->6951K(81280K), 0.0007803 secs]
11.332: [GC 22899K->6918K(81280K), 0.0050073 secs]
11.354: [GC 22902K->6903K(81280K), 0.0011677 secs]
11.372: [GC 22839K->7018K(81280K), 0.0061837 secs]
11.393: [GC 22966K->7122K(81280K), 0.0024096 secs]
11.410: [GC 23039K->7152K(81280K), 0.0034170 secs]
11.432: [GC 23141K->7085K(81280K), 0.0023083 secs]
11.455: [GC 23082K->6951K(81280K), 0.0045707 secs]
11.475: [GC 22937K->7025K(81280K), 0.0020420 secs]
11.493: [GC 22998K->7148K(81280K), 0.0022706 secs]
11.508: [GC 23131K->7112K(81280K), 0.0028387 secs]
11.527: [GC 23108K->7244K(81280K), 0.0017823 secs]
11.541: [GC 23241K->7171K(81280K), 0.0014208 secs]
11.558: [GC 23142K->7272K(81280K), 0.0015960 secs]
11.576: [GC 23256K->7418K(81280K), 0.0017148 secs]
11.598: [GC 23410K->7397K(81280K), 0.0017072 secs]
11.619: [GC 23397K->7347K(81280K), 0.0021379 secs]
11.635: [GC 23347K->7566K(81280K), 0.0016115 secs]
11.651: [GC 23523K->7625K(81280K), 0.0012476 secs]
11.666: [GC 23592K->7511K(81280K), 0.0010987 secs]
11.680: [GC 23474K->7808K(81280K), 0.0013153 secs]
11.697: [GC 23801K->7947K(81280K), 0.0011318 secs]
11.710: [GC 23940K->7587K(81280K), 0.0011648 secs]
11.727: [GC 23552K->8010K(81280K), 0.0012371 secs]
11.740: [GC 24008K->8033K(81280K), 0.0013849 secs]
11.755: [GC 24000K->7814K(81280K), 0.0014832 secs]
11.770: [GC 23802K->7737K(81280K), 0.0016906 secs]
11.784: [GC 23733K->8268K(81280K), 0.0017767 secs]
11.798: [GC 24231K->8324K(81280K), 0.0016638 secs]
11.812: [GC 24304K->8341K(81280K), 0.0017385 secs]
11.829: [GC 24302K->8501K(81280K), 0.0015797 secs]
11.850: [GC 24501K->8254K(81280K), 0.0017055 secs]
11.866: [GC 24227K->8626K(81280K), 0.0018501 secs]
11.881: [GC 24622K->8278K(81280K), 0.0016310 secs]
11.894: [GC 24256K->8132K(81280K), 0.0011358 secs]
11.908: [GC 24124K->8691K(81280K), 0.0017669 secs]
11.930: [GC 24686K->8558K(81280K), 0.0017211 secs]
11.943: [GC 24558K->8498K(81280K), 0.0016203 secs]
11.958: [GC 24494K->8541K(81280K), 0.0016106 secs]
11.975: [GC 24485K->8358K(81280K), 0.0014381 secs]
11.991: [GC 24357K->8665K(81280K), 0.0017186 secs]
12.009: [GC 24663K->8649K(81280K), 0.0017967 secs]
12.023: [GC 24647K->8778K(81280K), 0.0019217 secs]
12.037: [GC 24778K->9091K(81280K), 0.0020887 secs]
12.051: [GC 25063K->9154K(81280K), 0.0028647 secs]
12.066: [GC 25134K->9008K(81280K), 0.0014311 secs]
12.080: [GC 24973K->9254K(81280K), 0.0014429 secs]
12.099: [GC 25226K->9511K(81280K), 0.0021668 secs]
12.113: [GC 25503K->9809K(81280K), 0.0048118 secs]
12.128: [GC 25728K->10404K(81280K), 0.0025666 secs]
12.158: [GC 26404K->10167K(81280K), 0.0024958 secs]
12.177: [GC 26144K->10319K(81280K), 0.0064270 secs]
12.206: [GC 26302K->10421K(81280K), 0.0026151 secs]
12.222: [GC 26387K->10426K(81280K), 0.0027512 secs]
12.251: [GC 26418K->10373K(81280K), 0.0025121 secs]
12.275: [GC 26345K->10312K(81280K), 0.0013964 secs]
12.290: [GC 26287K->10312K(81280K), 0.0015072 secs]
12.310: [GC 26290K->10392K(81280K), 0.0064197 secs]
12.329: [GC 26344K->11138K(81280K), 0.0040136 secs]
12.345: [GC 27046K->11729K(81280K), 0.0028085 secs]
12.363: [GC 27706K->11691K(81280K), 0.0047193 secs]
12.384: [GC 27685K->11792K(81280K), 0.0047057 secs]
12.404: [GC 27736K->12217K(81280K), 0.0016767 secs]
12.418: [GC 28151K->12318K(81280K), 0.0058205 secs]
12.438: [GC 28318K->12436K(81280K), 0.0025095 secs]
12.460: [GC 28436K->12843K(81280K), 0.0045806 secs]
12.479: [GC 28843K->12969K(81280K), 0.0032037 secs]
12.498: [GC 28963K->13067K(81280K), 0.0021666 secs]
12.523: [GC 29058K->13250K(81280K), 0.0024959 secs]
12.541: [GC 29199K->13283K(81280K), 0.0026163 secs]
12.556: [GC 29272K->13530K(81280K), 0.0026948 secs]
12.571: [GC 29523K->13820K(81280K), 0.0020074 secs]
12.586: [GC 29820K->14351K(81280K), 0.0025888 secs]
12.610: [GC 30339K->14590K(81280K), 0.0056909 secs]
12.633: [GC 30562K->14774K(81280K), 0.0052098 secs]
12.656: [GC 30774K->14437K(81280K), 0.0013422 secs]
12.682: [GC 30401K->14670K(81280K), 0.0058564 secs]
12.705: [GC 30665K->15192K(81280K), 0.0023904 secs]
12.723: [GC 31192K->15482K(81280K), 0.0033193 secs]
12.746: [GC 31475K->15848K(81280K), 0.0020728 secs]
12.767: [GC 31833K->15832K(81280K), 0.0031071 secs]
12.788: [GC 31821K->16267K(81280K), 0.0038917 secs]
12.808: [GC 32267K->16236K(81280K), 0.0050683 secs]
12.828: [GC 32196K->16284K(81280K), 0.0028067 secs]
12.845: [GC 32222K->16973K(81280K), 0.0034758 secs]
12.860: [GC 32921K->17954K(81280K), 0.0050364 secs]
12.880: [GC 33921K->18045K(81280K), 0.0057056 secs]
12.898: [GC 34040K->18154K(81280K), 0.0037100 secs]
12.913: [GC 34147K->18224K(81280K), 0.0050066 secs]
12.930: [GC 34206K->18410K(81280K), 0.0018850 secs]
12.944: [GC 34401K->18610K(81280K), 0.0028403 secs]
12.961: [GC 34503K->18419K(81280K), 0.0020317 secs]
12.976: [GC 34408K->18501K(81280K), 0.0025763 secs]
12.993: [GC 34465K->18776K(81280K), 0.0018886 secs]
13.011: [GC 34740K->18904K(81280K), 0.0028014 secs]
13.030: [GC 34902K->18894K(81280K), 0.0020133 secs]
13.045: [GC 34848K->18717K(81280K), 0.0016453 secs]
13.061: [GC 34680K->18860K(81280K), 0.0014949 secs]
13.080: [GC 34860K->18839K(81280K), 0.0016275 secs]
13.096: [GC 34832K->19085K(81280K), 0.0013715 secs]
13.121: [GC 35080K->19150K(81280K), 0.0021846 secs]
13.136: [GC 35150K->19588K(81280K), 0.0027566 secs]
13.152: [GC 35545K->19554K(81280K), 0.0016091 secs]
13.166: [GC 35500K->19739K(81280K), 0.0016954 secs]
13.180: [GC 35732K->20464K(81280K), 0.0025432 secs]
13.196: [GC 36441K->21298K(81280K), 0.0029609 secs]
13.210: [GC 37254K->21645K(81280K), 0.0036573 secs]
13.226: [GC 37639K->22259K(81280K), 0.0035988 secs]
13.245: [GC 38179K->22110K(81280K), 0.0013852 secs]
13.261: [GC 38063K->21897K(81280K), 0.0023212 secs]
13.285: [GC 37897K->22001K(81280K), 0.0015429 secs]
13.306: [GC 37984K->22552K(81280K), 0.0021529 secs]
13.321: [GC 38500K->22354K(81280K), 0.0025665 secs]
13.337: [GC 38345K->22827K(81280K), 0.0018646 secs]
13.356: [GC 38827K->23431K(81280K), 0.0025592 secs]
13.373: [GC 39406K->23783K(81280K), 0.0032601 secs]
13.392: [GC 39783K->24245K(81280K), 0.0039508 secs]
13.410: [GC 40244K->24223K(81280K), 0.0026799 secs]
13.426: [GC 40223K->24334K(81280K), 0.0037885 secs]
13.442: [GC 40304K->25034K(81280K), 0.0017301 secs]
13.459: [GC 40995K->26274K(81280K), 0.0029147 secs]
13.475: [GC 42172K->26487K(81280K), 0.0085535 secs]
13.497: [GC 42485K->28308K(81280K), 0.0041624 secs]
13.515: [GC 44308K->28943K(81280K), 0.0101348 secs]
13.537: [GC 44937K->29295K(81280K), 0.0021629 secs]
13.551: [GC 45295K->29847K(81280K), 0.0020846 secs]
13.568: [GC 45836K->29838K(81280K), 0.0029886 secs]
13.583: [GC 45800K->30671K(81280K), 0.0025294 secs]
13.599: [GC 46671K->31006K(81280K), 0.0040778 secs]
13.616: [GC 46908K->31490K(81280K), 0.0024967 secs]
13.631: [GC 47444K->31625K(81280K), 0.0029060 secs]
13.657: [GC 47617K->31505K(81280K), 0.0035573 secs]
13.680: [GC 47489K->31664K(81280K), 0.0035148 secs]
13.698: [GC 47657K->31661K(81280K), 0.0027224 secs]
13.715: [GC 47606K->31843K(81280K), 0.0024762 secs]
13.735: [GC 47824K->32670K(81280K), 0.0068358 secs]
13.758: [GC 48670K->32508K(81280K), 0.0028251 secs]
13.767: [GC 38091K(81280K), 0.0015518 secs]
13.778: [GC 48499K->32215K(81280K), 0.0032169 secs]
13.795: [GC 48214K->32568K(81280K), 0.0056755 secs]
13.820: [GC 48537K->32837K(81280K), 0.0039330 secs]
13.838: [GC 48834K->32975K(81280K), 0.0038289 secs]
13.855: [GC 48958K->33477K(81280K), 0.0029455 secs]
13.873: [GC 49444K->33521K(81280K), 0.0060254 secs]
13.893: [GC 49499K->34445K(81280K), 0.0035764 secs]
13.910: [GC 50444K->34462K(81280K), 0.0040871 secs]
13.928: [GC 50446K->35557K(81280K), 0.0048993 secs]
13.947: [GC 51470K->35925K(81280K), 0.0068305 secs]
13.967: [GC 51918K->36242K(81280K), 0.0036007 secs]
13.985: [GC 52233K->37198K(81280K), 0.0050634 secs]
14.005: [GC 53152K->37648K(81280K), 0.0064499 secs]
14.028: [GC 53639K->37833K(81280K), 0.0027173 secs]
14.046: [GC 53775K->38136K(81280K), 0.0022006 secs]
14.061: [GC 54092K->38928K(81280K), 0.0029862 secs]
14.078: [GC 54928K->39269K(81280K), 0.0029868 secs]
14.096: [GC 55254K->39468K(81280K), 0.0034225 secs]
14.113: [GC 55438K->39836K(81280K), 0.0016810 secs]
14.128: [GC 55811K->40644K(81280K), 0.0049350 secs]
14.146: [GC 56631K->41078K(81280K), 0.0051581 secs]
14.165: [GC 57002K->41338K(81280K), 0.0029682 secs]
14.180: [GC 57312K->41285K(81280K), 0.0016836 secs]
14.195: [GC 57136K->41881K(81280K), 0.0018048 secs]
14.208: [GC 57782K->42009K(81280K), 0.0023261 secs]
14.223: [GC 57994K->42267K(81280K), 0.0026975 secs]
14.240: [GC 58262K->42058K(81280K), 0.0019125 secs]
14.256: [GC 58036K->42309K(81280K), 0.0024645 secs]
14.273: [GC 58277K->41961K(81280K), 0.0014285 secs]
14.288: [GC 57882K->42248K(81280K), 0.0018079 secs]
14.301: [GC 58233K->42448K(81280K), 0.0017788 secs]
14.315: [GC 58365K->42708K(81280K), 0.0017457 secs]
14.330: [GC 58588K->42581K(81280K), 0.0017597 secs]
14.348: [GC 58563K->42474K(81280K), 0.0014329 secs]
14.367: [GC 58474K->42515K(81280K), 0.0038172 secs]
14.384: [GC 58505K->42800K(81280K), 0.0016870 secs]
14.400: [GC 58748K->42674K(81280K), 0.0034610 secs]
14.417: [GC 58673K->42497K(81280K), 0.0013408 secs]
14.430: [GC 58483K->43098K(81280K), 0.0019541 secs]
14.444: [GC 59094K->43137K(81280K), 0.0021981 secs]
14.460: [GC 58990K->43879K(81280K), 0.0020671 secs]
14.474: [GC 59867K->44409K(81280K), 0.0032286 secs]
14.488: [GC 60372K->44478K(81280K), 0.0027391 secs]
14.510: [GC 60478K->44393K(81280K), 0.0016498 secs]
14.528: [GC 60382K->44694K(81280K), 0.0024101 secs]
14.545: [GC 60622K->44811K(81280K), 0.0024682 secs]
14.563: [GC 60761K->44900K(81280K), 0.0022411 secs]
14.578: [GC 60898K->45006K(81280K), 0.0020104 secs]
14.592: [GC 60974K->45266K(81280K), 0.0021231 secs]
14.607: [GC 61258K->45712K(81280K), 0.0031609 secs]
14.624: [GC 61712K->46137K(81280K), 0.0020693 secs]
14.640: [GC 62132K->46442K(81280K), 0.0025410 secs]
14.657: [GC 62430K->47358K(81280K), 0.0048670 secs]
14.675: [GC 63358K->47596K(81280K), 0.0032385 secs]
14.691: [GC 63577K->47849K(81280K), 0.0032092 secs]
14.706: [GC 63845K->48276K(81280K), 0.0020889 secs]
14.720: [GC 64234K->48911K(81280K), 0.0043175 secs]
14.737: [GC 64888K->49786K(81280K), 0.0036992 secs]
14.752: [GC 65743K->49723K(81280K), 0.0036254 secs]
14.769: [GC 65713K->50239K(81280K), 0.0025834 secs]
14.786: [GC 66202K->50688K(81280K), 0.0036128 secs]
14.804: [GC 66566K->50777K(81280K), 0.0027405 secs]
14.822: [GC 66722K->50826K(81280K), 0.0017689 secs]
14.837: [GC 66786K->51205K(81280K), 0.0023830 secs]
14.854: [GC 67203K->51752K(81280K), 0.0028206 secs]
14.870: [GC 67746K->51860K(81280K), 0.0038464 secs]
14.885: [GC 67860K->52194K(81280K), 0.0021748 secs]
14.900: [GC 68184K->52428K(81280K), 0.0019476 secs]
14.914: [GC 68428K->52654K(81280K), 0.0025283 secs]
14.929: [GC 68615K->52524K(81280K), 0.0022875 secs]
14.943: [GC 68481K->52586K(81280K), 0.0027080 secs]
14.957: [GC 68543K->52859K(81280K), 0.0020864 secs]
14.971: [GC 68837K->53349K(81280K), 0.0028194 secs]
14.989: [GC 69307K->53907K(81280K), 0.0028278 secs]
15.004: [GC 69880K->53880K(81280K), 0.0027464 secs]
15.022: [GC 69880K->54225K(81280K), 0.0020318 secs]
15.036: [GC 70214K->54494K(81280K), 0.0023460 secs]
15.045: [GC 61139K(81280K), 0.0012398 secs]
15.055: [GC 70399K->54299K(81280K), 0.0023012 secs]
15.074: [GC 46807K->31534K(81280K), 0.0022074 secs]
15.089: [GC 47525K->32089K(81280K), 0.0026269 secs]
15.103: [GC 48071K->32204K(81280K), 0.0024706 secs]
15.117: [GC 48174K->32460K(81280K), 0.0024750 secs]
15.132: [GC 48450K->32454K(81280K), 0.0017954 secs]
15.146: [GC 48432K->32543K(81280K), 0.0017917 secs]
15.163: [GC 48472K->33325K(81280K), 0.0020288 secs]
15.177: [GC 49314K->33408K(81280K), 0.0024907 secs]
15.198: [GC 49401K->33810K(81280K), 0.0021495 secs]
15.214: [GC 49803K->34018K(81280K), 0.0016046 secs]
15.229: [GC 50017K->34658K(81280K), 0.0023409 secs]
15.248: [GC 50658K->34622K(81280K), 0.0026529 secs]
15.263: [GC 50619K->34788K(81280K), 0.0023757 secs]
15.278: [GC 50753K->35288K(81280K), 0.0016752 secs]
15.291: [GC 51274K->35757K(81280K), 0.0025109 secs]
15.318: [GC 51744K->35442K(81280K), 0.0031109 secs]
15.338: [GC 51420K->35808K(81280K), 0.0038672 secs]
15.359: [GC 51718K->36541K(81280K), 0.0077531 secs]
15.386: [GC 52541K->36249K(81280K), 0.0031404 secs]
15.396: [GC 42140K(81280K), 0.0021687 secs]
15.428: [GC 52176K->36487K(81280K), 0.0038779 secs]
15.450: [GC 52487K->37123K(81280K), 0.0040189 secs]
15.476: [GC 53116K->37230K(81280K), 0.0074450 secs]
15.508: [GC 53187K->36820K(81280K), 0.0047061 secs]
15.530: [GC 52779K->37140K(81280K), 0.0023957 secs]
15.547: [GC 53139K->37193K(81280K), 0.0026167 secs]
15.564: [GC 53125K->37384K(81280K), 0.0023220 secs]
15.581: [GC 53383K->37319K(81280K), 0.0016859 secs]
15.602: [GC 53295K->37486K(81280K), 0.0020859 secs]
15.618: [GC 53449K->37583K(81280K), 0.0026360 secs]
15.633: [GC 53570K->37771K(81280K), 0.0027645 secs]
15.648: [GC 53728K->38055K(81280K), 0.0025099 secs]
15.665: [GC 54018K->38374K(81280K), 0.0039853 secs]
15.683: [GC 54373K->38560K(81280K), 0.0024044 secs]
15.697: [GC 54542K->38782K(81280K), 0.0027991 secs]
15.715: [GC 54763K->38789K(81280K), 0.0029928 secs]
15.735: [GC 54735K->39323K(81280K), 0.0029229 secs]
15.772: [GC 55316K->39795K(81280K), 0.0032104 secs]
15.790: [GC 55780K->40380K(81280K), 0.0033669 secs]
15.806: [GC 56344K->40558K(81280K), 0.0026606 secs]
15.823: [GC 56530K->40656K(81280K), 0.0025415 secs]
15.838: [GC 56634K->41088K(81280K), 0.0045674 secs]
15.858: [GC 57069K->41108K(81280K), 0.0027947 secs]
15.878: [GC 57094K->41690K(81280K), 0.0035934 secs]
15.897: [GC 57595K->41858K(81280K), 0.0044799 secs]
15.918: [GC 57844K->42090K(81280K), 0.0022706 secs]
15.934: [GC 58025K->43015K(81280K), 0.0033158 secs]
15.949: [GC 58994K->43024K(81280K), 0.0035405 secs]
15.967: [GC 58969K->43428K(81280K), 0.0042962 secs]
15.987: [GC 59413K->43604K(81280K), 0.0036661 secs]
16.012: [GC 59604K->43967K(81280K), 0.0032158 secs]
16.030: [GC 59932K->44240K(81280K), 0.0026078 secs]
16.048: [GC 60240K->44494K(81280K), 0.0042179 secs]
16.065: [GC 60494K->44710K(81280K), 0.0041768 secs]
16.084: [GC 60700K->45173K(81280K), 0.0069983 secs]
16.102: [GC 61168K->45297K(81280K), 0.0038869 secs]
16.121: [GC 61274K->45100K(81280K), 0.0026742 secs]
16.136: [GC 61071K->45374K(81280K), 0.0019264 secs]
16.150: [GC 61363K->46002K(81280K), 0.0039411 secs]
16.166: [GC 61990K->46160K(81280K), 0.0025508 secs]
16.181: [GC 62126K->46491K(81280K), 0.0026460 secs]
16.197: [GC 62474K->46445K(81280K), 0.0021912 secs]
16.215: [GC 62399K->46478K(81280K), 0.0019953 secs]
16.230: [GC 62478K->46601K(81280K), 0.0018867 secs]
16.244: [GC 62550K->46911K(81280K), 0.0021713 secs]
16.261: [GC 62911K->47540K(81280K), 0.0023531 secs]
16.279: [GC 63532K->47669K(81280K), 0.0028337 secs]
16.293: [GC 63656K->47696K(81280K), 0.0022169 secs]
16.307: [GC 63685K->47858K(81280K), 0.0020211 secs]
16.325: [GC 63858K->48692K(81280K), 0.0026065 secs]
16.340: [GC 64667K->48397K(81280K), 0.0021793 secs]
16.354: [GC 64388K->49107K(81280K), 0.0027696 secs]
16.370: [GC 65082K->49323K(81280K), 0.0034900 secs]
16.386: [GC 65260K->49790K(81280K), 0.0025666 secs]
16.404: [GC 65753K->50104K(81280K), 0.0046580 secs]
16.425: [GC 66088K->50091K(81280K), 0.0019858 secs]
16.443: [GC 66043K->50586K(81280K), 0.0022720 secs]
16.462: [GC 66498K->51135K(81280K), 0.0027393 secs]
16.480: [GC 67104K->51700K(81280K), 0.0025967 secs]
16.495: [GC 67679K->52794K(81280K), 0.0031931 secs]
16.513: [GC 68767K->53029K(81280K), 0.0037981 secs]
16.534: [GC 69023K->53976K(81280K), 0.0050598 secs]
16.553: [GC 69941K->55038K(81280K), 0.0036501 secs]
16.574: [GC 71005K->55299K(81280K), 0.0031695 secs]
16.590: [GC 71274K->55590K(81280K), 0.0035716 secs]
16.613: [GC 71549K->56572K(81280K), 0.0025251 secs]
16.631: [GC 72548K->56432K(81280K), 0.0031747 secs]
16.650: [GC 72388K->57129K(81280K), 0.0026821 secs]
16.666: [GC 73079K->58804K(81280K), 0.0057117 secs]
16.684: [GC 74794K->59725K(81664K), 0.0063290 secs]
16.706: [GC 75700K->59491K(81664K), 0.0033477 secs]
16.724: [GC 75390K->59908K(81664K), 0.0016715 secs]
16.738: [GC 75873K->60071K(81664K), 0.0021440 secs]
16.754: [GC 76066K->60354K(81856K), 0.0024197 secs]
16.770: [GC 76339K->61122K(81856K), 0.0042059 secs]
16.794: [GC 77015K->61515K(82816K), 0.0049692 secs]
16.810: [GC 77492K->77672K(83392K), 0.0029557 secs]
16.814: [Full GC 77672K->9266K(83392K), 0.0913640 secs]
16.923: [GC 25259K->9740K(83392K), 0.0010054 secs]
16.937: [GC 25677K->10114K(83392K), 0.0014559 secs]
16.952: [GC 26114K->10449K(83392K), 0.0015507 secs]
16.970: [GC 26439K->10640K(83392K), 0.0018263 secs]
16.986: [GC 26639K->10854K(83392K), 0.0021780 secs]
17.000: [GC 26723K->11044K(83392K), 0.0016081 secs]
17.015: [GC 27036K->11227K(83392K), 0.0015290 secs]
17.029: [GC 27226K->11092K(83392K), 0.0014269 secs]
17.042: [GC 27033K->12403K(83392K), 0.0024173 secs]
17.058: [GC 28400K->12647K(83392K), 0.0022764 secs]
17.074: [GC 28642K->13139K(83392K), 0.0012614 secs]
17.088: [GC 29111K->13381K(83392K), 0.0018550 secs]
17.106: [GC 29338K->13705K(83392K), 0.0021254 secs]
17.133: [GC 29704K->13939K(83392K), 0.0019163 secs]
17.148: [GC 29924K->14078K(83392K), 0.0015414 secs]
17.161: [GC 30060K->14226K(83392K), 0.0020091 secs]
17.176: [GC 30215K->14566K(83392K), 0.0020352 secs]
17.192: [GC 30566K->15209K(83392K), 0.0023759 secs]
17.207: [GC 31188K->15635K(83392K), 0.0024219 secs]
17.223: [GC 31625K->16473K(83392K), 0.0025076 secs]
17.237: [GC 32455K->16991K(83392K), 0.0024492 secs]
17.252: [GC 32988K->17116K(83392K), 0.0021423 secs]
17.268: [GC 33116K->17706K(83392K), 0.0024987 secs]
17.283: [GC 33649K->18378K(83392K), 0.0022451 secs]
17.302: [GC 34378K->18320K(83392K), 0.0021161 secs]
17.316: [GC 34286K->18512K(83392K), 0.0014999 secs]
17.337: [GC 34390K->18739K(83392K), 0.0014482 secs]
17.353: [GC 34715K->18842K(83392K), 0.0026227 secs]
17.374: [GC 34842K->19035K(83392K), 0.0014127 secs]
17.387: [GC 35032K->19266K(83392K), 0.0019560 secs]
17.401: [GC 35247K->19265K(83392K), 0.0019012 secs]
17.415: [GC 35255K(83392K), 0.0011237 secs]
17.416: [GC 35255K->20020K(83392K), 0.0020738 secs]
17.432: [GC 35971K->20490K(83392K), 0.0022541 secs]
17.449: [GC 36489K->20451K(83392K), 0.0017767 secs]
17.465: [GC 36449K->20693K(83392K), 0.0014253 secs]
17.483: [GC 36693K->20744K(83392K), 0.0016771 secs]
17.500: [GC 36744K->20869K(83392K), 0.0016390 secs]
17.504: [GC 23903K(83392K), 0.0013002 secs]
17.517: [GC 28691K->12948K(83392K), 0.0015936 secs]
17.531: [GC 25790K->9804K(83392K), 0.0012802 secs]
17.545: [GC 25733K->11308K(83392K), 0.0026196 secs]
17.563: [GC 27308K->10855K(83392K), 0.0022241 secs]
17.579: [GC 26807K->11365K(83392K), 0.0017003 secs]
17.593: [GC 27307K->11578K(83392K), 0.0014766 secs]
17.606: [GC 27440K->11786K(83392K), 0.0025130 secs]
17.622: [GC 27749K->11873K(83392K), 0.0016124 secs]
17.636: [GC 27835K->11743K(83392K), 0.0015512 secs]
17.650: [GC 27715K->12354K(83392K), 0.0020002 secs]
17.666: [GC 28332K->11607K(83392K), 0.0010425 secs]
17.689: [GC 27598K->11685K(83392K), 0.0016262 secs]
17.704: [GC 27649K->12111K(83392K), 0.0018770 secs]
17.719: [GC 28071K->12641K(83392K), 0.0038811 secs]
17.735: [GC 28612K->13439K(83392K), 0.0032225 secs]
17.750: [GC 29386K->13460K(83392K), 0.0023920 secs]
17.765: [GC 29453K->13318K(83392K), 0.0030666 secs]
17.782: [GC 29300K->13352K(83392K), 0.0016313 secs]
17.797: [GC 29349K->13877K(83392K), 0.0020801 secs]
17.813: [GC 29876K->13902K(83392K), 0.0018062 secs]
17.827: [GC 29901K->13938K(83392K), 0.0018275 secs]
17.840: [GC 29921K->14039K(83392K), 0.0023604 secs]
17.856: [GC 29989K->14215K(83392K), 0.0017355 secs]
17.870: [GC 30212K->14168K(83392K), 0.0019880 secs]
17.885: [GC 30165K->14347K(83392K), 0.0025574 secs]
17.899: [GC 30325K->14481K(83392K), 0.0016853 secs]
17.914: [GC 30465K->14435K(83392K), 0.0017115 secs]
17.929: [GC 30423K->14411K(83392K), 0.0013021 secs]
17.943: [GC 30361K->14699K(83392K), 0.0016066 secs]
17.956: [GC 30625K->15361K(83392K), 0.0020213 secs]
17.970: [GC 31339K->15373K(83392K), 0.0025597 secs]
17.986: [GC 31341K->15722K(83392K), 0.0022499 secs]
18.000: [GC 31709K->16538K(83392K), 0.0031150 secs]
18.016: [GC 32532K->17199K(83392K), 0.0025791 secs]
18.032: [GC 33184K->17073K(83392K), 0.0018677 secs]
18.045: [GC 33048K->17610K(83392K), 0.0017789 secs]
18.059: [GC 33587K->17836K(83392K), 0.0021718 secs]
18.073: [GC 33745K->17855K(83392K), 0.0021127 secs]
18.088: [GC 33813K->18763K(83392K), 0.0022731 secs]
18.103: [GC 34736K->19642K(83392K), 0.0028365 secs]
18.118: [GC 35563K->19827K(83392K), 0.0024702 secs]
18.134: [GC 35775K->20877K(83392K), 0.0036739 secs]
18.150: [GC 36817K->21330K(83392K), 0.0026271 secs]
18.165: [GC 37291K->21899K(83392K), 0.0033727 secs]
18.172: [GC 25452K(83392K), 0.0009642 secs]
18.185: [GC 37853K->21904K(83392K), 0.0013911 secs]
18.212: [GC 37904K->22615K(83392K), 0.0021585 secs]
18.227: [GC 38591K->22669K(83392K), 0.0025748 secs]
18.245: [GC 38629K->23031K(83392K), 0.0020181 secs]
18.262: [GC 38933K->23510K(83392K), 0.0025805 secs]
18.277: [GC 39483K->23620K(83392K), 0.0022494 secs]
18.292: [GC 39618K->23734K(83392K), 0.0024851 secs]
18.308: [GC 39712K->24269K(83392K), 0.0024000 secs]
18.322: [GC 40264K->24431K(83392K), 0.0026430 secs]
18.337: [GC 40385K->25142K(83392K), 0.0023615 secs]
18.351: [GC 41083K->25411K(83392K), 0.0025752 secs]
18.370: [GC 41341K->25705K(83392K), 0.0029734 secs]
18.384: [GC 41704K->25869K(83392K), 0.0019024 secs]
18.402: [GC 41869K->25679K(83392K), 0.0014756 secs]
18.417: [GC 41676K->26114K(83392K), 0.0022430 secs]
18.433: [GC 42097K->26378K(83392K), 0.0021876 secs]
18.447: [GC 42378K->26198K(83392K), 0.0018557 secs]
18.461: [GC 42190K->26349K(83392K), 0.0022190 secs]
18.475: [GC 42326K->26608K(83392K), 0.0018846 secs]
18.489: [GC 42552K->26950K(83392K), 0.0020470 secs]
18.504: [GC 42938K->27157K(83392K), 0.0017082 secs]
18.519: [GC 43102K->27161K(83392K), 0.0023301 secs]
18.535: [GC 43105K->27471K(83392K), 0.0018860 secs]
18.548: [GC 43457K->27471K(83392K), 0.0020271 secs]
18.558: [GC 32751K(83392K), 0.0022861 secs]
18.577: [GC 30977K->15346K(83392K), 0.0017594 secs]
18.591: [GC 31345K->15480K(83392K), 0.0018077 secs]
18.608: [GC 31452K->15476K(83392K), 0.0034692 secs]
18.627: [GC 31458K->15639K(83392K), 0.0016066 secs]
18.641: [GC 31582K->16057K(83392K), 0.0019360 secs]
18.656: [GC 32006K->16726K(83392K), 0.0021434 secs]
18.672: [GC 32717K->16689K(83392K), 0.0016942 secs]
18.686: [GC 32686K->17873K(83392K), 0.0029048 secs]
18.703: [GC 33828K->17929K(83392K), 0.0026525 secs]
18.719: [GC 33912K->17762K(83392K), 0.0015970 secs]
18.734: [GC 33720K->18134K(83392K), 0.0020115 secs]
18.749: [GC 34130K->18308K(83392K), 0.0020752 secs]
18.770: [GC 34308K->18472K(83392K), 0.0024502 secs]
18.785: [GC 34443K->18723K(83392K), 0.0024044 secs]
18.800: [GC 34717K->18953K(83392K), 0.0020254 secs]
18.815: [GC 34941K->19784K(83392K), 0.0024168 secs]
18.831: [GC 35768K->19806K(83392K), 0.0023690 secs]
18.849: [GC 35806K->20016K(83392K), 0.0018736 secs]
18.863: [GC 36016K->20372K(83392K), 0.0025162 secs]
18.878: [GC 36356K->20679K(83392K), 0.0017959 secs]
18.893: [GC 36655K->21010K(83392K), 0.0018710 secs]
18.907: [GC 37009K->21047K(83392K), 0.0018964 secs]
18.920: [GC 37038K->21496K(83392K), 0.0027919 secs]
18.935: [GC 37492K->21384K(83392K), 0.0020124 secs]
18.949: [GC 37381K->21121K(83392K), 0.0016738 secs]
18.963: [GC 37104K->22816K(83392K), 0.0025998 secs]
18.982: [GC 38809K->22482K(83392K), 0.0022305 secs]
18.997: [GC 38445K->22811K(83392K), 0.0012171 secs]
19.011: [GC 38793K->22973K(83392K), 0.0013351 secs]
19.025: [GC 38970K->23400K(83392K), 0.0022502 secs]
19.039: [GC 39391K->23295K(83392K), 0.0017576 secs]
19.053: [GC 39258K->23207K(83392K), 0.0014212 secs]
19.071: [GC 39206K->23106K(83392K), 0.0018754 secs]
19.087: [GC 39066K->24085K(83392K), 0.0017699 secs]
19.101: [GC 40085K->24011K(83392K), 0.0020232 secs]
19.114: [GC 39987K->24263K(83392K), 0.0019608 secs]
19.128: [GC 40247K->24371K(83392K), 0.0022415 secs]
19.144: [GC 40325K->24428K(83392K), 0.0019995 secs]
19.163: [GC 40415K->24584K(83392K), 0.0015399 secs]
19.177: [GC 40567K->24531K(83392K), 0.0017014 secs]
19.191: [GC 40471K->24800K(83392K), 0.0014843 secs]
19.205: [GC 40786K->25237K(83392K), 0.0020629 secs]
19.219: [GC 41228K->25207K(83392K), 0.0026035 secs]
19.239: [GC 41207K->25864K(83392K), 0.0026947 secs]
19.253: [GC 41853K->26532K(83392K), 0.0028391 secs]
19.267: [GC 42427K->26636K(83392K), 0.0025800 secs]
19.285: [GC 42587K->26919K(83392K), 0.0026869 secs]
19.303: [GC 42898K->27130K(83392K), 0.0020016 secs]
19.319: [GC 43121K->27118K(83392K), 0.0019500 secs]
19.334: [GC 43112K->27550K(83392K), 0.0016642 secs]
19.347: [GC 43524K->27801K(83392K), 0.0023700 secs]
19.361: [GC 43727K->27800K(83392K), 0.0020123 secs]
19.377: [GC 43787K->27992K(83392K), 0.0017447 secs]
19.390: [GC 43968K->28102K(83392K), 0.0020347 secs]
19.404: [GC 44037K->28283K(83392K), 0.0022648 secs]
19.419: [GC 44229K->28810K(83392K), 0.0028673 secs]
19.435: [GC 44800K->28992K(83392K), 0.0019088 secs]
19.450: [GC 44984K->29111K(83392K), 0.0018727 secs]
19.465: [GC 45094K->29324K(83392K), 0.0021148 secs]
19.480: [GC 45288K->29487K(83392K), 0.0019685 secs]
19.495: [GC 45465K->30154K(83392K), 0.0021609 secs]
19.509: [GC 46094K->30333K(83392K), 0.0030100 secs]
19.524: [GC 46323K->30301K(83392K), 0.0021703 secs]
19.538: [GC 46293K->30608K(83392K), 0.0022596 secs]
19.555: [GC 46584K->30874K(83392K), 0.0020661 secs]
19.571: [GC 46803K->31162K(83392K), 0.0025667 secs]
19.585: [GC 47161K->31251K(83392K), 0.0020658 secs]
19.599: [GC 47203K->31428K(83392K), 0.0022325 secs]
19.616: [GC 47390K->32022K(83392K), 0.0017984 secs]
19.631: [GC 48013K->32339K(83392K), 0.0023227 secs]
19.650: [GC 48317K->32089K(83392K), 0.0018681 secs]
19.667: [GC 48077K->32162K(83392K), 0.0019188 secs]
19.681: [GC 48153K->32133K(83392K), 0.0019695 secs]
19.695: [GC 48123K->32305K(83392K), 0.0015682 secs]
19.711: [GC 48302K->32426K(83392K), 0.0015533 secs]
19.726: [GC 48416K->32192K(83392K), 0.0012252 secs]
19.739: [GC 48178K->33225K(83392K), 0.0024501 secs]
19.754: [GC 49209K->32948K(83392K), 0.0019998 secs]
19.767: [GC 48945K->33146K(83392K), 0.0017285 secs]
19.786: [GC 49139K->33627K(83392K), 0.0019528 secs]
19.800: [GC 49585K->33558K(83392K), 0.0021960 secs]
19.814: [GC 49556K->33834K(83392K), 0.0017314 secs]
19.828: [GC 49828K->33977K(83392K), 0.0026580 secs]
19.842: [GC 49959K->34003K(83392K), 0.0021935 secs]
19.857: [GC 49953K->34217K(83392K), 0.0016579 secs]
19.871: [GC 50208K->34688K(83392K), 0.0018230 secs]
19.885: [GC 50673K->34806K(83392K), 0.0020483 secs]
19.899: [GC 50763K->34665K(83392K), 0.0020725 secs]
19.914: [GC 50605K->35046K(83392K), 0.0018915 secs]
19.928: [GC 51027K->35298K(83392K), 0.0021072 secs]
19.942: [GC 51275K->35326K(83392K), 0.0020985 secs]
19.957: [GC 51325K->35357K(83392K), 0.0017055 secs]
19.971: [GC 51309K->35582K(83392K), 0.0017315 secs]
19.985: [GC 51569K->35771K(83392K), 0.0024009 secs]
19.998: [GC 51664K->36045K(83392K), 0.0024374 secs]
20.014: [GC 51972K->36591K(83392K), 0.0021271 secs]
20.028: [GC 52581K->36645K(83392K), 0.0025466 secs]
20.043: [GC 52595K->36460K(83392K), 0.0019408 secs]
20.056: [GC 52418K->36762K(83392K), 0.0017532 secs]
20.070: [GC 52721K->36691K(83392K), 0.0020345 secs]
20.089: [GC 52672K->37451K(83392K), 0.0024016 secs]
20.104: [GC 53444K->37712K(83392K), 0.0019620 secs]
20.118: [GC 53706K->38638K(83392K), 0.0031651 secs]
20.135: [GC 54570K->38568K(83392K), 0.0026364 secs]
20.151: [GC 54497K->38425K(83392K), 0.0020778 secs]
20.166: [GC 54405K->38762K(83392K), 0.0018005 secs]
20.181: [GC 54760K->39032K(83392K), 0.0020921 secs]
20.195: [GC 55016K->39485K(83392K), 0.0022164 secs]
20.209: [GC 55462K->39603K(83392K), 0.0022588 secs]
20.225: [GC 55593K->40087K(83392K), 0.0017969 secs]
20.239: [GC 56067K->40508K(83392K), 0.0020563 secs]
20.252: [GC 56482K->40794K(83392K), 0.0024344 secs]
20.266: [GC 56748K->41185K(83392K), 0.0023668 secs]
20.281: [GC 57141K->41652K(83392K), 0.0020408 secs]
20.297: [GC 57607K->41508K(83392K), 0.0018108 secs]
20.312: [GC 57504K->41966K(83392K), 0.0050101 secs]
20.331: [GC 57860K->41979K(83392K), 0.0023490 secs]
20.345: [GC 57966K->42061K(83392K), 0.0022981 secs]
20.360: [GC 58003K->43054K(83392K), 0.0022350 secs]
20.386: [GC 58951K->42921K(83392K), 0.0028464 secs]
20.410: [GC 58921K->43095K(83392K), 0.0015150 secs]
20.422: [GC 56411K(83392K), 0.0018699 secs]
20.427: [GC 59049K->44400K(83392K), 0.0030264 secs]
20.447: [GC 60400K->44312K(83392K), 0.0029417 secs]
20.463: [GC 60312K->44243K(83392K), 0.0011718 secs]
20.481: [GC 60241K->44521K(83392K), 0.0018871 secs]
20.498: [GC 60509K->44725K(83392K), 0.0017366 secs]
20.515: [GC 60716K->44899K(83392K), 0.0017372 secs]
20.534: [GC 60885K->45056K(83392K), 0.0021142 secs]
20.548: [GC 61023K->44906K(83392K), 0.0016311 secs]
20.565: [GC 60878K->45234K(83392K), 0.0021373 secs]
20.581: [GC 61222K->45806K(83392K), 0.0026505 secs]
20.597: [GC 61697K->45989K(83392K), 0.0024558 secs]
20.613: [GC 61989K->45743K(83392K), 0.0015784 secs]
20.626: [GC 61701K->46105K(83392K), 0.0033830 secs]
20.642: [GC 62104K->45826K(83392K), 0.0019623 secs]
20.657: [GC 61816K->45931K(83392K), 0.0021244 secs]
20.683: [GC 61913K->46150K(83392K), 0.0015434 secs]
20.699: [GC 62140K->46249K(83392K), 0.0018472 secs]
20.714: [GC 62234K->46104K(83392K), 0.0015098 secs]
20.735: [GC 62090K->46195K(83392K), 0.0016735 secs]
20.748: [GC 62187K->46153K(83392K), 0.0011595 secs]
20.764: [GC 62109K->46643K(83392K), 0.0014474 secs]
20.783: [GC 62643K->46958K(83392K), 0.0018764 secs]
20.801: [GC 62894K->47188K(83392K), 0.0020214 secs]
20.816: [GC 63182K->47366K(83392K), 0.0019742 secs]
20.832: [GC 63360K->47531K(83392K), 0.0025038 secs]
20.846: [GC 63509K->47287K(83392K), 0.0023041 secs]
20.861: [GC 63274K->47383K(83392K), 0.0020499 secs]
20.876: [GC 63372K->47096K(83392K), 0.0015201 secs]
20.891: [GC 63094K->47196K(83392K), 0.0013543 secs]
20.893: [GC 47312K(83392K), 0.0009713 secs]
20.910: [GC 27750K->12028K(83392K), 0.0015746 secs]
20.925: [GC 27998K->12015K(83392K), 0.0020344 secs]
20.939: [GC 28006K->12086K(83392K), 0.0013262 secs]
20.952: [GC 28025K->12571K(83392K), 0.0018889 secs]
20.966: [GC 28568K->12551K(83392K), 0.0015317 secs]
20.981: [GC 28511K->13317K(83392K), 0.0020958 secs]
20.996: [GC 29286K->13333K(83392K), 0.0021385 secs]
21.010: [GC 29284K->13487K(83392K), 0.0075125 secs]
21.038: [GC 29484K->13009K(83392K), 0.0022474 secs]
21.062: [GC 29009K->13220K(83392K), 0.0017573 secs]
21.078: [GC 29214K->13374K(83392K), 0.0014533 secs]
21.092: [GC 29317K->13421K(83392K), 0.0015857 secs]
21.105: [GC 29408K->13660K(83392K), 0.0016853 secs]
21.119: [GC 29651K->14435K(83392K), 0.0029902 secs]
21.134: [GC 30429K->14325K(83392K), 0.0020276 secs]
21.148: [GC 30323K->14902K(83392K), 0.0014869 secs]
21.162: [GC 30877K->15702K(83392K), 0.0020888 secs]
21.176: [GC 31700K->15532K(83392K), 0.0029432 secs]
21.201: [GC 31462K->15585K(83392K), 0.0021285 secs]
21.215: [GC 31554K->16053K(83392K), 0.0021713 secs]
21.230: [GC 32033K->16138K(83392K), 0.0024537 secs]
21.244: [GC 32131K->16442K(83392K), 0.0022613 secs]
21.258: [GC 32433K->16947K(83392K), 0.0030041 secs]
21.274: [GC 32939K->16903K(83392K), 0.0022859 secs]
21.289: [GC 32880K->16918K(83392K), 0.0016097 secs]
21.303: [GC 32886K->17770K(83392K), 0.0029693 secs]
21.322: [GC 33770K->17065K(83392K), 0.0024871 secs]
21.336: [GC 32958K->17272K(83392K), 0.0016617 secs]
21.349: [GC 33268K->17226K(83392K), 0.0019308 secs]
21.363: [GC 33184K->17388K(83392K), 0.0015948 secs]
21.378: [GC 33346K->17506K(83392K), 0.0014930 secs]
21.391: [GC 33490K->17422K(83392K), 0.0011453 secs]
21.406: [GC 33398K->18551K(83392K), 0.0017278 secs]
21.421: [GC 34502K->18962K(83392K), 0.0038200 secs]
21.436: [GC 34897K->19423K(83392K), 0.0031571 secs]
21.453: [GC 35379K->19516K(83392K), 0.0025156 secs]
21.467: [GC 35510K->19767K(83392K), 0.0016505 secs]
21.482: [GC 35765K->19966K(83392K), 0.0018372 secs]
21.497: [GC 35932K->19968K(83392K), 0.0021053 secs]
21.511: [GC 35954K->19929K(83392K), 0.0016330 secs]
21.525: [GC 35877K->19899K(83392K), 0.0016914 secs]
21.539: [GC 35892K->20409K(83392K), 0.0018646 secs]
21.553: [GC 36390K->20346K(83392K), 0.0016150 secs]
21.568: [GC 36286K->20129K(83392K), 0.0015076 secs]
21.581: [GC 36126K->20216K(83392K), 0.0015899 secs]
21.600: [GC 36140K->21318K(83392K), 0.0022138 secs]
21.616: [GC 37314K->21459K(83392K), 0.0026110 secs]
21.631: [GC 37453K->22117K(83392K), 0.0020026 secs]
21.649: [GC 38117K->22268K(83392K), 0.0028566 secs]
21.664: [GC 38206K->22943K(83392K), 0.0031597 secs]
21.681: [GC 38897K->22808K(83392K), 0.0022058 secs]
21.695: [GC 38776K->22569K(83392K), 0.0015243 secs]
21.708: [GC 38513K->22673K(83392K), 0.0019862 secs]
21.734: [GC 38672K->22868K(83392K), 0.0015745 secs]
21.750: [GC 38866K->22871K(83392K), 0.0012806 secs]
21.765: [GC 38871K->22674K(83392K), 0.0011263 secs]
21.779: [GC 38648K->24274K(83392K), 0.0027318 secs]
21.801: [GC 40274K->23847K(83392K), 0.0026967 secs]
21.818: [GC 39833K->24052K(83392K), 0.0014097 secs]
21.832: [GC 40050K->24379K(83392K), 0.0015673 secs]
21.848: [GC 40309K->24937K(83392K), 0.0016493 secs]
21.864: [GC 40937K->25224K(83392K), 0.0021580 secs]
21.880: [GC 41131K->25207K(83392K), 0.0021661 secs]
21.895: [GC 41113K->25727K(83392K), 0.0024469 secs]
21.913: [GC 41727K->25353K(83392K), 0.0018353 secs]
21.934: [GC 41353K->25427K(83392K), 0.0013818 secs]
21.947: [GC 41427K->25572K(83392K), 0.0016924 secs]
21.966: [GC 41545K->25906K(83392K), 0.0036397 secs]
21.985: [GC 41902K->26162K(83392K), 0.0022352 secs]
22.002: [GC 42144K->26493K(83392K), 0.0024375 secs]
22.018: [GC 42469K->26460K(83392K), 0.0027551 secs]
22.038: [GC 42460K->26555K(83392K), 0.0028055 secs]
22.055: [GC 42555K->26576K(83392K), 0.0016089 secs]
22.070: [GC 42560K->26834K(83392K), 0.0025404 secs]
22.086: [GC 42834K->26977K(83392K), 0.0020335 secs]
22.100: [GC 42976K->27154K(83392K), 0.0018646 secs]
22.114: [GC 43139K->27875K(83392K), 0.0023477 secs]
22.130: [GC 43844K->27771K(83392K), 0.0023139 secs]
22.148: [GC 43636K->27967K(83392K), 0.0021426 secs]
22.162: [GC 43966K->28293K(83392K), 0.0021546 secs]
22.177: [GC 44276K->28295K(83392K), 0.0029892 secs]
22.209: [GC 44269K->28358K(83392K), 0.0022296 secs]
22.226: [GC 44350K->28140K(83392K), 0.0015503 secs]
22.257: [GC 44073K->28264K(83392K), 0.0044887 secs]
22.279: [GC 44232K->28471K(83392K), 0.0052621 secs]
22.303: [GC 44471K->28228K(83392K), 0.0015847 secs]
22.320: [GC 44227K->28394K(83392K), 0.0046143 secs]
22.338: [GC 44385K->28637K(83392K), 0.0054347 secs]
22.357: [GC 44634K->28788K(83392K), 0.0020752 secs]
22.380: [GC 44788K->28918K(83392K), 0.0044058 secs]
22.399: [GC 44912K->28899K(83392K), 0.0025330 secs]
22.416: [GC 44898K->29483K(83392K), 0.0035862 secs]
22.444: [GC 45453K->29664K(83392K), 0.0128958 secs]
22.482: [GC 45629K->29789K(83392K), 0.0025052 secs]
22.509: [GC 45704K->29810K(83392K), 0.0019989 secs]
22.528: [GC 45810K->29735K(83392K), 0.0030782 secs]
22.545: [GC 45714K->29690K(83392K), 0.0049904 secs]
22.561: [GC 45657K->29624K(83392K), 0.0024956 secs]
22.576: [GC 45580K->30412K(83392K), 0.0016408 secs]
22.592: [GC 46375K->30477K(83392K), 0.0055308 secs]
22.614: [GC 46385K->30272K(83392K), 0.0015408 secs]
22.629: [GC 46264K->30584K(83392K), 0.0020633 secs]
22.643: [GC 46577K->30824K(83392K), 0.0020178 secs]
22.658: [GC 46797K->31017K(83392K), 0.0023871 secs]
22.674: [GC 47009K->31285K(83392K), 0.0019867 secs]
22.692: [GC 47255K->31298K(83392K), 0.0021717 secs]
22.706: [GC 47269K->31876K(83392K), 0.0024725 secs]
22.724: [GC 47818K->32061K(83392K), 0.0026813 secs]
22.738: [GC 48006K->32190K(83392K), 0.0023087 secs]
22.757: [GC 48190K->32119K(83392K), 0.0016698 secs]
22.770: [GC 48117K->32680K(83392K), 0.0028180 secs]
22.785: [GC 48680K->32756K(83392K), 0.0018788 secs]
22.800: [GC 48751K->32968K(83392K), 0.0018886 secs]
22.815: [GC 48948K->32998K(83392K), 0.0026158 secs]
22.832: [GC 48994K->33191K(83392K), 0.0019049 secs]
22.847: [GC 49141K->33398K(83392K), 0.0024119 secs]
22.868: [GC 49398K->33421K(83392K), 0.0016520 secs]
22.885: [GC 49374K->33592K(83392K), 0.0017257 secs]
22.900: [GC 49590K->33872K(83392K), 0.0018385 secs]
22.914: [GC 49859K->33774K(83392K), 0.0016662 secs]
22.930: [GC 49688K->33878K(83392K), 0.0018173 secs]
22.946: [GC 49857K->34002K(83392K), 0.0015612 secs]
22.960: [GC 49955K->34081K(83392K), 0.0051367 secs]
22.977: [GC 50051K->34998K(83392K), 0.0021509 secs]
22.992: [GC 50966K->35274K(83392K), 0.0022034 secs]
23.006: [GC 51272K->35762K(83392K), 0.0030074 secs]
23.022: [GC 51691K->36462K(83392K), 0.0021288 secs]
23.037: [GC 52445K->36507K(83392K), 0.0021685 secs]
23.052: [GC 52454K->36366K(83392K), 0.0018799 secs]
23.066: [GC 52290K->36217K(83392K), 0.0018678 secs]
23.081: [GC 52184K->36418K(83392K), 0.0014980 secs]
23.095: [GC 52323K->36551K(83392K), 0.0015816 secs]
23.114: [GC 52551K->37159K(83392K), 0.0020827 secs]
23.130: [GC 53159K->37050K(83392K), 0.0017955 secs]
23.144: [GC 53045K->37150K(83392K), 0.0017425 secs]
23.160: [GC 53150K->36953K(83392K), 0.0019063 secs]
23.174: [GC 52951K->38237K(83392K), 0.0025720 secs]
23.190: [GC 54183K->38740K(83392K), 0.0042019 secs]
23.206: [GC 54709K->38715K(83392K), 0.0013477 secs]
23.219: [GC 54705K->38631K(83392K), 0.0023370 secs]
23.234: [GC 54617K->39298K(83392K), 0.0023766 secs]
23.254: [GC 55269K->39256K(83392K), 0.0022669 secs]
23.279: [GC 55171K->39611K(83392K), 0.0027464 secs]
23.296: [GC 55589K->39705K(83392K), 0.0020746 secs]
23.311: [GC 55675K->40143K(83392K), 0.0022164 secs]
23.316: [GC 44118K(83392K), 0.0010125 secs]
23.332: [GC 56143K->40571K(83392K), 0.0025721 secs]
23.349: [GC 56515K->40800K(83392K), 0.0028386 secs]
23.365: [GC 56777K->40897K(83392K), 0.0020372 secs]
23.384: [GC 56815K->41130K(83392K), 0.0021054 secs]
23.405: [GC 57114K->41403K(83392K), 0.0021376 secs]
23.409: [GC 41587K(83392K), 0.0012518 secs]
23.428: [GC 26580K->10560K(83392K), 0.0015457 secs]
23.444: [GC 25784K->10198K(83392K), 0.0026621 secs]
23.461: [GC 26183K->10265K(83392K), 0.0024667 secs]
23.478: [GC 26258K->10779K(83392K), 0.0030810 secs]
23.494: [GC 26756K->11446K(83392K), 0.0028061 secs]
23.510: [GC 27428K->11993K(83392K), 0.0027739 secs]
23.524: [GC 27941K->12483K(83392K), 0.0025242 secs]
23.541: [GC 28439K->12832K(83392K), 0.0031056 secs]
23.555: [GC 28827K->12955K(83392K), 0.0023133 secs]
23.572: [GC 28939K->13304K(83392K), 0.0021269 secs]
23.589: [GC 29304K->13603K(83392K), 0.0025079 secs]
23.605: [GC 29603K->14175K(83392K), 0.0024162 secs]
23.622: [GC 30099K->14465K(83392K), 0.0030424 secs]
23.637: [GC 30447K->14552K(83392K), 0.0023628 secs]
23.651: [GC 30539K->14545K(83392K), 0.0018410 secs]
23.666: [GC 30521K->14532K(83392K), 0.0017706 secs]
23.681: [GC 30473K->15125K(83392K), 0.0021031 secs]
23.697: [GC 31125K->15373K(83392K), 0.0019355 secs]
23.712: [GC 31365K->15606K(83392K), 0.0018630 secs]
23.731: [GC 31551K->15757K(83392K), 0.0018887 secs]
23.744: [GC 31686K->15756K(83392K), 0.0021330 secs]
23.759: [GC 31738K->16331K(83392K), 0.0019938 secs]
23.773: [GC 32302K->16729K(83392K), 0.0023517 secs]
23.787: [GC 32722K->17084K(83392K), 0.0025343 secs]
23.802: [GC 33083K->17203K(83392K), 0.0023437 secs]
23.817: [GC 33203K->17776K(83392K), 0.0019520 secs]
23.833: [GC 33756K->18444K(83392K), 0.0024588 secs]
23.852: [GC 34444K->18170K(83392K), 0.0021013 secs]
23.866: [GC 34112K->18504K(83392K), 0.0022826 secs]
23.881: [GC 34491K->19877K(83392K), 0.0031595 secs]
23.899: [GC 35822K->20244K(83392K), 0.0044210 secs]
23.916: [GC 36138K->20734K(83392K), 0.0018536 secs]
23.931: [GC 36724K->21031K(83392K), 0.0019792 secs]
23.944: [GC 37005K->21245K(83392K), 0.0023595 secs]
23.960: [GC 37238K->22008K(83392K), 0.0025857 secs]
23.977: [GC 37984K->22148K(83392K), 0.0025240 secs]
23.991: [GC 38148K->22132K(83392K), 0.0019017 secs]
24.005: [GC 38129K->22246K(83392K), 0.0020584 secs]
24.020: [GC 38234K->22455K(83392K), 0.0022481 secs]
24.034: [GC 38453K->22623K(83392K), 0.0022369 secs]
24.050: [GC 38594K->22751K(83392K), 0.0025569 secs]
24.065: [GC 38746K->23094K(83392K), 0.0024372 secs]
24.081: [GC 39027K->23107K(83392K), 0.0017234 secs]
24.094: [GC 39057K->23496K(83392K), 0.0018548 secs]
24.111: [GC 39490K->23634K(83392K), 0.0017116 secs]
24.125: [GC 39605K->23674K(83392K), 0.0020767 secs]
24.141: [GC 39674K->23954K(83392K), 0.0018496 secs]
24.156: [GC 39921K->24474K(83392K), 0.0026272 secs]
24.172: [GC 40461K->24531K(83392K), 0.0021235 secs]
24.185: [GC 40490K->25001K(83392K), 0.0025650 secs]
24.201: [GC 40994K->25305K(83392K), 0.0026191 secs]
24.218: [GC 41305K->25429K(83392K), 0.0028008 secs]
24.241: [GC 41274K->25873K(83392K), 0.0019288 secs]
24.256: [GC 41865K->26174K(83392K), 0.0023132 secs]
24.273: [GC 42174K->26517K(83392K), 0.0024802 secs]
24.299: [GC 42511K->26433K(83392K), 0.0019490 secs]
24.321: [GC 42433K->26286K(83392K), 0.0026221 secs]
24.337: [GC 42271K->26646K(83392K), 0.0020731 secs]
24.351: [GC 42638K->26871K(83392K), 0.0020223 secs]
24.364: [GC 42843K->27406K(83392K), 0.0023770 secs]
24.384: [GC 43406K->27159K(83392K), 0.0018232 secs]
24.397: [GC 43099K->27125K(83392K), 0.0019147 secs]
24.410: [GC 43110K->27483K(83392K), 0.0023911 secs]
24.425: [GC 43469K->27941K(83392K), 0.0022927 secs]
24.441: [GC 43931K->27846K(83392K), 0.0019963 secs]
24.457: [GC 43846K->28541K(83392K), 0.0023618 secs]
24.475: [GC 44534K->28562K(83392K), 0.0024779 secs]
24.490: [GC 44528K->28828K(83392K), 0.0021015 secs]
24.511: [GC 44804K->28597K(83392K), 0.0071335 secs]
24.532: [GC 44585K->28775K(83392K), 0.0017441 secs]
24.547: [GC 44758K->28861K(83392K), 0.0016904 secs]
24.564: [GC 44851K->29001K(83392K), 0.0015430 secs]
24.578: [GC 44973K->29190K(83392K), 0.0017795 secs]
24.592: [GC 45134K->30312K(83392K), 0.0026398 secs]
24.606: [GC 46311K->30577K(83392K), 0.0047970 secs]
24.623: [GC 46532K->30360K(83392K), 0.0017493 secs]
24.636: [GC 46298K->30604K(83392K), 0.0015815 secs]
24.651: [GC 46589K->30928K(83392K), 0.0021530 secs]
24.665: [GC 46851K->31032K(83392K), 0.0018676 secs]
24.679: [GC 47029K->31128K(83392K), 0.0016593 secs]
24.692: [GC 47112K->31144K(83392K), 0.0020412 secs]
24.708: [GC 47144K->31248K(83392K), 0.0016968 secs]
24.721: [GC 47248K->31970K(83392K), 0.0032999 secs]
24.736: [GC 47952K->32285K(83392K), 0.0021421 secs]
24.751: [GC 48284K->32468K(83392K), 0.0026819 secs]
24.767: [GC 48450K->32432K(83392K), 0.0020077 secs]
24.782: [GC 48427K->32718K(83392K), 0.0017582 secs]
24.809: [GC 48652K->32801K(83392K), 0.0016666 secs]
24.823: [GC 48794K->33445K(83392K), 0.0024504 secs]
24.838: [GC 49442K->33888K(83392K), 0.0024633 secs]
24.853: [GC 49867K->33968K(83392K), 0.0025424 secs]
24.867: [GC 49946K->35031K(83392K), 0.0034906 secs]
24.884: [GC 51009K->35367K(83392K), 0.0030532 secs]
24.902: [GC 51326K->35466K(83392K), 0.0022262 secs]
24.917: [GC 51426K->35605K(83392K), 0.0023359 secs]
24.932: [GC 51566K->35619K(83392K), 0.0019439 secs]
24.948: [GC 51610K->36124K(83392K), 0.0022626 secs]
24.962: [GC 52085K->36801K(83392K), 0.0027748 secs]
24.978: [GC 52723K->37494K(83392K), 0.0027935 secs]
24.993: [GC 53440K->38002K(83392K), 0.0025623 secs]
25.008: [GC 53963K->38329K(83392K), 0.0030113 secs]
25.025: [GC 54305K->38805K(83392K), 0.0020923 secs]
25.040: [GC 54770K->39120K(83392K), 0.0021368 secs]
25.054: [GC 55081K->39677K(83392K), 0.0031286 secs]
25.069: [GC 55644K->39976K(83392K), 0.0033039 secs]
25.084: [GC 55955K->40484K(83392K), 0.0027720 secs]
25.100: [GC 56445K->41128K(83392K), 0.0024422 secs]
25.115: [GC 57055K->41217K(83392K), 0.0022230 secs]
25.131: [GC 57176K->41059K(83392K), 0.0026613 secs]
25.147: [GC 57059K->41262K(83392K), 0.0019371 secs]
25.163: [GC 57233K->41771K(83392K), 0.0021206 secs]
25.176: [GC 57761K->41693K(83392K), 0.0026174 secs]
25.192: [GC 57689K->42098K(83392K), 0.0024057 secs]
25.206: [GC 57997K->42134K(83392K), 0.0024920 secs]
25.222: [GC 58115K->42155K(83392K), 0.0019987 secs]
25.236: [GC 58100K->42536K(83392K), 0.0021507 secs]
25.250: [GC 58477K->42829K(83392K), 0.0020152 secs]
25.265: [GC 58782K->43238K(83392K), 0.0022955 secs]
25.280: [GC 59209K->43392K(83392K), 0.0025354 secs]
25.294: [GC 59377K->43488K(83392K), 0.0023600 secs]
25.314: [GC 59468K->43577K(83392K), 0.0018403 secs]
25.328: [GC 59566K->44304K(83392K), 0.0024957 secs]
25.342: [GC 60277K->45345K(83392K), 0.0032672 secs]
25.359: [GC 61342K->45817K(83392K), 0.0028970 secs]
25.363: [GC 45926K(83392K), 0.0007692 secs]
25.385: [GC 61766K->46369K(83392K), 0.0025218 secs]
25.401: [GC 62369K->46483K(83392K), 0.0023472 secs]
25.425: [GC 62483K->47098K(83392K), 0.0018359 secs]
25.443: [GC 63098K->47122K(83392K), 0.0020133 secs]
25.445: [GC 47940K(83392K), 0.0011600 secs]
25.458: [GC 63112K->47910K(83392K), 0.0025387 secs]
25.474: [GC 63841K->47844K(83392K), 0.0022601 secs]
25.491: [GC 27407K->11508K(83392K), 0.0015249 secs]
25.504: [GC 27376K->11575K(83392K), 0.0020976 secs]
25.518: [GC 27572K->11550K(83392K), 0.0019458 secs]
25.534: [GC 27499K->11900K(83392K), 0.0022612 secs]
25.550: [GC 27772K->11824K(83392K), 0.0013955 secs]
25.565: [GC 27817K->11822K(83392K), 0.0013383 secs]
25.578: [GC 27821K->11855K(83392K), 0.0015491 secs]
25.592: [GC 27824K->12068K(83392K), 0.0017665 secs]
25.610: [GC 27985K->12471K(83392K), 0.0021751 secs]
25.624: [GC 28313K->12467K(83392K), 0.0019453 secs]
25.640: [GC 28460K->12873K(83392K), 0.0019852 secs]
25.658: [GC 28873K->12693K(83392K), 0.0020709 secs]
25.675: [GC 28652K->13213K(83392K), 0.0019795 secs]
25.697: [GC 29213K->12925K(83392K), 0.0016648 secs]
25.711: [GC 28910K->13198K(83392K), 0.0021973 secs]
25.730: [GC 29191K->13900K(83392K), 0.0022535 secs]
25.746: [GC 29877K->14952K(83392K), 0.0044254 secs]
25.765: [GC 30908K->14864K(83392K), 0.0036619 secs]
25.787: [GC 30864K->15036K(83392K), 0.0028313 secs]
25.803: [GC 31017K->15371K(83392K), 0.0022847 secs]
25.822: [GC 31337K->15236K(83392K), 0.0025322 secs]
25.838: [GC 31177K->15373K(83392K), 0.0015437 secs]
25.851: [GC 31328K->15801K(83392K), 0.0023188 secs]
25.865: [GC 31762K->15831K(83392K), 0.0016494 secs]
25.881: [GC 31821K->16447K(83392K), 0.0021118 secs]
25.899: [GC 32437K->16394K(83392K), 0.0026937 secs]
25.916: [GC 32394K->16305K(83392K), 0.0018286 secs]
25.931: [GC 32293K->16418K(83392K), 0.0015460 secs]
25.946: [GC 32414K->16512K(83392K), 0.0016752 secs]
25.961: [GC 32508K->17011K(83392K), 0.0021604 secs]
25.977: [GC 32984K->17710K(83392K), 0.0020829 secs]
25.993: [GC 33689K->17759K(83392K), 0.0022077 secs]
26.011: [GC 33750K->17532K(83392K), 0.0017013 secs]
26.026: [GC 33518K->17760K(83392K), 0.0018411 secs]
26.040: [GC 33744K->17912K(83392K), 0.0019400 secs]
26.055: [GC 33908K->18129K(83392K), 0.0021082 secs]
26.070: [GC 34098K->18235K(83392K), 0.0017396 secs]
26.083: [GC 34193K->18463K(83392K), 0.0024256 secs]
26.097: [GC 34377K->19130K(83392K), 0.0020650 secs]
26.113: [GC 35118K->19450K(83392K), 0.0024148 secs]
26.127: [GC 35433K->19469K(83392K), 0.0023549 secs]
26.142: [GC 35453K->20083K(83392K), 0.0022138 secs]
26.156: [GC 36057K->20194K(83392K), 0.0024809 secs]
26.172: [GC 36193K->20455K(83392K), 0.0018352 secs]
26.188: [GC 36448K->20638K(83392K), 0.0025196 secs]
26.203: [GC 36630K->20643K(83392K), 0.0018992 secs]
26.218: [GC 36626K->21270K(83392K), 0.0015610 secs]
26.233: [GC 37263K->21831K(83392K), 0.0031210 secs]
26.249: [GC 37829K->21646K(83392K), 0.0029765 secs]
26.264: [GC 37639K->21602K(83392K), 0.0019860 secs]
26.278: [GC 37587K->21783K(83392K), 0.0018056 secs]
26.292: [GC 37783K->22108K(83392K), 0.0023322 secs]
26.307: [GC 38048K->22005K(83392K), 0.0019424 secs]
26.322: [GC 37970K->22079K(83392K), 0.0016002 secs]
26.336: [GC 38046K->23073K(83392K), 0.0018364 secs]
26.351: [GC 39038K->23486K(83392K), 0.0039897 secs]
26.368: [GC 39483K->23471K(83392K), 0.0027223 secs]
26.383: [GC 39430K->24426K(83392K), 0.0032465 secs]
26.399: [GC 40402K->24686K(83392K), 0.0033670 secs]
26.415: [GC 40660K->24953K(83392K), 0.0021572 secs]
26.430: [GC 40935K->25386K(83392K), 0.0022332 secs]
26.444: [GC 41386K->25496K(83392K), 0.0020552 secs]
26.460: [GC 41487K->25377K(83392K), 0.0017780 secs]
26.474: [GC 41338K->25536K(83392K), 0.0016990 secs]
26.488: [GC 41535K->25424K(83392K), 0.0014759 secs]
26.502: [GC 41422K->25358K(83392K), 0.0020876 secs]
26.515: [GC 41305K->25600K(83392K), 0.0014815 secs]
26.529: [GC 41599K->26311K(83392K), 0.0024854 secs]
26.546: [GC 42287K->26516K(83392K), 0.0057010 secs]
26.574: [GC 42516K->26061K(83392K), 0.0022136 secs]
26.591: [GC 41997K->26447K(83392K), 0.0021848 secs]
26.605: [GC 42400K->26692K(83392K), 0.0040261 secs]
26.628: [GC 42664K->26485K(83392K), 0.0030585 secs]
26.658: [GC 42452K->26667K(83392K), 0.0044786 secs]
26.678: [GC 42567K->26911K(83392K), 0.0031766 secs]
26.702: [GC 42887K->27468K(83392K), 0.0026236 secs]
26.716: [GC 43464K->27862K(83392K), 0.0025876 secs]
26.733: [GC 43861K->28363K(83392K), 0.0024708 secs]
26.748: [GC 44309K->28790K(83392K), 0.0026155 secs]
26.764: [GC 44767K->29256K(83392K), 0.0025855 secs]
26.779: [GC 45242K->30195K(83392K), 0.0026556 secs]
26.795: [GC 46194K->30118K(83392K), 0.0027687 secs]
26.812: [GC 46118K->30527K(83392K), 0.0030015 secs]
26.827: [GC 46520K->30387K(83392K), 0.0020710 secs]
26.841: [GC 46337K->30295K(83392K), 0.0018417 secs]
26.856: [GC 46289K->30515K(83392K), 0.0017097 secs]
26.870: [GC 46465K->30649K(83392K), 0.0015755 secs]
26.884: [GC 46623K->30470K(83392K), 0.0014527 secs]
26.901: [GC 46446K->30905K(83392K), 0.0026375 secs]
26.916: [GC 46818K->30906K(83392K), 0.0015710 secs]
26.930: [GC 46891K->31046K(83392K), 0.0025444 secs]
26.945: [GC 47024K->31065K(83392K), 0.0024066 secs]
26.961: [GC 47054K->30778K(83392K), 0.0017125 secs]
26.979: [GC 46768K->31419K(83392K), 0.0023243 secs]
26.994: [GC 47345K->32001K(83392K), 0.0029473 secs]
27.009: [GC 47945K->31938K(83392K), 0.0020711 secs]
27.025: [GC 47919K->32177K(83392K), 0.0013421 secs]
27.040: [GC 48164K->32353K(83392K), 0.0015903 secs]
27.053: [GC 48287K->33468K(83392K), 0.0027975 secs]
27.070: [GC 49463K->33794K(83392K), 0.0027410 secs]
27.086: [GC 49794K->33850K(83392K), 0.0020172 secs]
27.099: [GC 49828K->34445K(83392K), 0.0020240 secs]
27.113: [GC 50423K->35002K(83392K), 0.0022543 secs]
27.127: [GC 50954K->35563K(83392K), 0.0029072 secs]
27.147: [GC 51533K->35305K(83392K), 0.0022776 secs]
27.165: [GC 51291K->35519K(83392K), 0.0013327 secs]
27.180: [GC 51506K->35611K(83392K), 0.0017255 secs]
27.195: [GC 51585K->36472K(83392K), 0.0027972 secs]
27.211: [GC 52471K->36162K(83392K), 0.0025207 secs]
27.234: [GC 52125K->36585K(83392K), 0.0023427 secs]
27.252: [GC 52585K->36299K(83392K), 0.0031869 secs]
27.269: [GC 52293K->37090K(83392K), 0.0029594 secs]
27.285: [GC 53028K->37070K(83392K), 0.0026942 secs]
27.299: [GC 53038K->37156K(83392K), 0.0019746 secs]
27.313: [GC 53118K->37207K(83392K), 0.0018270 secs]
27.327: [GC 53104K->37798K(83392K), 0.0022301 secs]
27.341: [GC 53759K->37774K(83392K), 0.0022170 secs]
27.357: [GC 53768K->37859K(83392K), 0.0017550 secs]
27.375: [GC 53859K->38381K(83392K), 0.0070121 secs]
27.404: [GC 54327K->38458K(83392K), 0.0057795 secs]
27.425: [GC 54325K->38530K(83392K), 0.0026542 secs]
27.446: [GC 54517K->38752K(83392K), 0.0016019 secs]
27.459: [GC 54751K->38787K(83392K), 0.0036145 secs]
27.482: [GC 54745K->38837K(83392K), 0.0018051 secs]
27.498: [GC 54810K->39660K(83392K), 0.0020108 secs]
27.511: [GC 55654K->39808K(83392K), 0.0024209 secs]
27.527: [GC 55761K->39911K(83392K), 0.0022154 secs]
27.541: [GC 55893K->40474K(83392K), 0.0026088 secs]
27.556: [GC 56468K->40924K(83392K), 0.0023033 secs]
27.575: [GC 56924K->41083K(83392K), 0.0023133 secs]
27.590: [GC 57065K->41458K(83392K), 0.0024188 secs]
27.606: [GC 57442K->41266K(83392K), 0.0016877 secs]
27.625: [GC 57266K->41286K(83392K), 0.0016363 secs]
27.640: [GC 57286K->41529K(83392K), 0.0016925 secs]
27.658: [GC 57484K->41579K(83392K), 0.0016416 secs]
27.672: [GC 57542K->41680K(83392K), 0.0013387 secs]
27.689: [GC 57680K->42144K(83392K), 0.0018273 secs]
27.704: [GC 58142K->42500K(83392K), 0.0022211 secs]
27.718: [GC 58437K->42824K(83392K), 0.0021522 secs]
27.735: [GC 58824K->42924K(83392K), 0.0023607 secs]
27.750: [GC 58896K->43287K(83392K), 0.0021714 secs]
27.763: [GC 59285K->43330K(83392K), 0.0021722 secs]
27.778: [GC 59322K->43824K(83392K), 0.0022834 secs]
27.792: [GC 59824K->43904K(83392K), 0.0023950 secs]
27.807: [GC 59896K->44098K(83392K), 0.0021590 secs]
27.823: [GC 60098K->44226K(83392K), 0.0037072 secs]
27.838: [GC 60129K->44221K(83392K), 0.0017134 secs]
27.854: [GC 60218K->44857K(83392K), 0.0023156 secs]
27.868: [GC 60857K->45137K(83392K), 0.0029568 secs]
27.883: [GC 61118K->45319K(83392K), 0.0024453 secs]
27.898: [GC 61303K->45350K(83392K), 0.0024174 secs]
27.913: [GC 61325K->45563K(83392K), 0.0019811 secs]
27.928: [GC 61513K->45739K(83392K), 0.0021497 secs]
27.943: [GC 61731K->46081K(83392K), 0.0021773 secs]
27.956: [GC 62065K->46217K(83392K), 0.0025983 secs]
27.972: [GC 62217K->46613K(83392K), 0.0022581 secs]
27.987: [GC 62599K->46933K(83392K), 0.0022991 secs]
28.002: [GC 62925K->47481K(83392K), 0.0025183 secs]
28.017: [GC 63451K->47620K(83392K), 0.0024592 secs]
28.031: [GC 63589K->47831K(83392K), 0.0021255 secs]
28.045: [GC 63826K->48155K(83392K), 0.0028070 secs]
28.060: [GC 64127K->48780K(83392K), 0.0026915 secs]
28.075: [GC 64775K->48611K(83392K), 0.0021563 secs]
28.090: [GC 64591K->48818K(83392K), 0.0019048 secs]
28.104: [GC 64782K->49665K(83392K), 0.0025755 secs]
28.118: [GC 65659K->49805K(83392K), 0.0031975 secs]
28.133: [GC 65769K->50296K(83392K), 0.0025354 secs]
28.148: [GC 66276K->50768K(83392K), 0.0021938 secs]
28.158: [GC 61366K(83392K), 0.0008459 secs]
28.163: [GC 66761K->50989K(83392K), 0.0024145 secs]
28.181: [GC 66947K->50987K(83392K), 0.0021603 secs]
28.196: [GC 66984K->51155K(83392K), 0.0020145 secs]
28.212: [GC 67146K->51255K(83392K), 0.0016952 secs]
28.229: [GC 67212K->51189K(83392K), 0.0016641 secs]
28.246: [GC 67187K->51604K(83392K), 0.0018465 secs]
28.260: [GC 67468K->51674K(83392K), 0.0021504 secs]
28.274: [GC 67673K->52005K(83392K), 0.0019617 secs]
28.287: [GC 67929K->52076K(83392K), 0.0020000 secs]
28.301: [GC 68054K->52030K(83392K), 0.0019957 secs]
28.315: [GC 68028K->52449K(83392K), 0.0020368 secs]
28.336: [GC 68382K->53040K(83392K), 0.0023520 secs]
28.350: [GC 69014K->53286K(83392K), 0.0028511 secs]
28.365: [GC 69258K->53585K(83392K), 0.0026001 secs]
28.380: [GC 69570K->53646K(83392K), 0.0023844 secs]
28.396: [GC 69607K->53981K(83392K), 0.0021062 secs]
28.415: [GC 69979K->54373K(83392K), 0.0019887 secs]
28.430: [GC 70373K->54460K(83392K), 0.0026211 secs]
28.444: [GC 70427K->54730K(83392K), 0.0020691 secs]
28.459: [GC 70681K->55334K(83392K), 0.0030039 secs]
28.472: [GC 69030K(83392K), 0.0011897 secs]
28.476: [GC 71328K->55940K(83392K), 0.0028980 secs]
28.500: [GC 29927K->13574K(83392K), 0.0020723 secs]
28.515: [GC 29574K->14196K(83392K), 0.0020340 secs]
28.531: [GC 30196K->14664K(83392K), 0.0023408 secs]
28.547: [GC 30659K->14705K(83392K), 0.0023813 secs]
28.561: [GC 30700K->14556K(83392K), 0.0015903 secs]
28.581: [GC 30539K->15054K(83392K), 0.0022393 secs]
28.596: [GC 31046K->15228K(83392K), 0.0024702 secs]
28.611: [GC 31153K->15999K(83392K), 0.0025931 secs]
28.627: [GC 31999K->15441K(83392K), 0.0021534 secs]
28.640: [GC 31422K->15366K(83392K), 0.0017043 secs]
28.655: [GC 31355K->15547K(83392K), 0.0020676 secs]
28.669: [GC 31521K->15831K(83392K), 0.0023653 secs]
28.683: [GC 31831K->15802K(83392K), 0.0018526 secs]
28.698: [GC 31800K->15984K(83392K), 0.0017424 secs]
28.712: [GC 31948K->16069K(83392K), 0.0017305 secs]
28.726: [GC 32001K->17010K(83392K), 0.0024535 secs]
28.742: [GC 33001K->16677K(83392K), 0.0018795 secs]
28.755: [GC 32603K->16785K(83392K), 0.0022897 secs]
28.770: [GC 32771K->16705K(83392K), 0.0019922 secs]
28.785: [GC 32671K->16992K(83392K), 0.0018110 secs]
28.798: [GC 32975K->17741K(83392K), 0.0023890 secs]
28.813: [GC 33740K->18144K(83392K), 0.0024507 secs]
28.827: [GC 34103K->18172K(83392K), 0.0025976 secs]
28.842: [GC 34112K->18494K(83392K), 0.0019396 secs]
28.856: [GC 34450K->18957K(83392K), 0.0025370 secs]
28.870: [GC 34953K->19545K(83392K), 0.0030299 secs]
28.889: [GC 35508K->19980K(83392K), 0.0028288 secs]
28.904: [GC 35980K->19949K(83392K), 0.0020793 secs]
28.918: [GC 35947K->20227K(83392K), 0.0018093 secs]
28.933: [GC 36157K->20750K(83392K), 0.0025536 secs]
28.949: [GC 36750K->20791K(83392K), 0.0024110 secs]
28.963: [GC 36749K->21075K(83392K), 0.0018433 secs]
28.976: [GC 36938K->21482K(83392K), 0.0021651 secs]
28.991: [GC 37474K->21347K(83392K), 0.0018094 secs]
29.005: [GC 37318K->21672K(83392K), 0.0017837 secs]
29.018: [GC 37613K->21766K(83392K), 0.0022545 secs]
29.037: [GC 37723K->22362K(83392K), 0.0021159 secs]
29.055: [GC 38309K->22298K(83392K), 0.0022185 secs]
29.072: [GC 38273K->22698K(83392K), 0.0022821 secs]
29.088: [GC 38671K->22701K(83392K), 0.0019096 secs]
29.101: [GC 38687K->22720K(83392K), 0.0019040 secs]
29.118: [GC 38624K->23324K(83392K), 0.0030745 secs]
29.133: [GC 39264K->23584K(83392K), 0.0020910 secs]
29.149: [GC 39582K->23890K(83392K), 0.0022808 secs]
29.165: [GC 39789K->24957K(83392K), 0.0035957 secs]
29.183: [GC 40957K->25154K(83392K), 0.0028837 secs]
29.198: [GC 41152K->25285K(83392K), 0.0021880 secs]
29.213: [GC 41276K->25661K(83392K), 0.0016939 secs]
29.226: [GC 41643K->26112K(83392K), 0.0020498 secs]
29.241: [GC 42108K->26155K(83392K), 0.0020598 secs]
29.267: [GC 42153K->26749K(83392K), 0.0024266 secs]
29.282: [GC 42737K->27010K(83392K), 0.0024655 secs]
29.297: [GC 42994K->27245K(83392K), 0.0020812 secs]
29.313: [GC 43243K->27409K(83392K), 0.0035966 secs]
29.332: [GC 43386K->27597K(83392K), 0.0023964 secs]
29.347: [GC 43470K->27540K(83392K), 0.0021563 secs]
29.361: [GC 43516K->27842K(83392K), 0.0020872 secs]
29.376: [GC 43815K->28124K(83392K), 0.0020013 secs]
29.390: [GC 44113K->28229K(83392K), 0.0022044 secs]
29.404: [GC 44213K->28282K(83392K), 0.0022807 secs]
29.425: [GC 44268K->28070K(83392K), 0.0013996 secs]
29.439: [GC 44062K->28161K(83392K), 0.0016494 secs]
29.454: [GC 44161K->28526K(83392K), 0.0016645 secs]
29.468: [GC 44526K->28777K(83392K), 0.0031464 secs]
29.483: [GC 44742K->28825K(83392K), 0.0016461 secs]
29.499: [GC 44781K->28884K(83392K), 0.0022610 secs]
29.513: [GC 44884K->28707K(83392K), 0.0018827 secs]
29.528: [GC 44707K->28873K(83392K), 0.0016463 secs]
29.542: [GC 44860K->29359K(83392K), 0.0019357 secs]
29.557: [GC 45342K->29824K(83392K), 0.0022421 secs]
29.571: [GC 45820K->29736K(83392K), 0.0024949 secs]
29.586: [GC 45704K->30010K(83392K), 0.0017611 secs]
29.599: [GC 45999K->29963K(83392K), 0.0018506 secs]
29.615: [GC 45963K->30275K(83392K), 0.0018262 secs]
29.630: [GC 46248K->30737K(83392K), 0.0023659 secs]
29.645: [GC 46737K->30230K(83392K), 0.0016651 secs]
29.661: [GC 46215K->30399K(83392K), 0.0019003 secs]
29.675: [GC 46398K->30279K(83392K), 0.0024180 secs]
29.690: [GC 46274K->30596K(83392K), 0.0019178 secs]
29.704: [GC 46551K->30617K(83392K), 0.0023993 secs]
29.719: [GC 46555K->30721K(83392K), 0.0030086 secs]
29.734: [GC 46709K->30876K(83392K), 0.0020662 secs]
29.748: [GC 46808K->30875K(83392K), 0.0014872 secs]
29.765: [GC 46850K->31561K(83392K), 0.0017933 secs]
29.779: [GC 47552K->31509K(83392K), 0.0019333 secs]
29.793: [GC 47478K->32782K(83392K), 0.0030581 secs]
29.808: [GC 48664K->32955K(83392K), 0.0031560 secs]
29.823: [GC 48923K->33101K(83392K), 0.0013386 secs]
29.839: [GC 49101K->32917K(83392K), 0.0014171 secs]
29.854: [GC 48896K->33427K(83392K), 0.0015071 secs]
29.868: [GC 49419K->34074K(83392K), 0.0021724 secs]
29.883: [GC 50043K->34466K(83392K), 0.0022295 secs]
29.903: [GC 50466K->34197K(83392K), 0.0022416 secs]
29.920: [GC 50147K->34843K(83392K), 0.0029710 secs]
29.934: [GC 50841K->35199K(83392K), 0.0024845 secs]
29.950: [GC 51189K->35598K(83392K), 0.0024403 secs]
29.965: [GC 51593K->35612K(83392K), 0.0024613 secs]
29.981: [GC 51612K->35852K(83392K), 0.0018505 secs]
29.996: [GC 51818K->36008K(83392K), 0.0020069 secs]
30.009: [GC 52000K->36238K(83392K), 0.0019916 secs]
30.025: [GC 52131K->36532K(83392K), 0.0019116 secs]
30.039: [GC 52507K->37118K(83392K), 0.0023670 secs]
30.057: [GC 53114K->37153K(83392K), 0.0022834 secs]
30.073: [GC 53134K->37159K(83392K), 0.0016697 secs]
30.087: [GC 53156K->37450K(83392K), 0.0020685 secs]
30.102: [GC 53450K->37595K(83392K), 0.0023521 secs]
30.119: [GC 53575K->37997K(83392K), 0.0020282 secs]
30.133: [GC 53962K->38180K(83392K), 0.0025157 secs]
30.147: [GC 54169K->38143K(83392K), 0.0020403 secs]
30.166: [GC 54143K->38095K(83392K), 0.0016862 secs]
30.183: [GC 54038K->38434K(83392K), 0.0018683 secs]
30.203: [GC 54417K->38469K(83392K), 0.0016965 secs]
30.218: [GC 54469K->38413K(83392K), 0.0023546 secs]
30.232: [GC 54386K->38888K(83392K), 0.0020077 secs]
30.246: [GC 54868K->39089K(83392K), 0.0021843 secs]
30.259: [GC 55076K->39326K(83392K), 0.0024237 secs]
30.275: [GC 55298K->39356K(83392K), 0.0021931 secs]
30.289: [GC 55341K->39601K(83392K), 0.0022765 secs]
30.303: [GC 55597K->39890K(83392K), 0.0031726 secs]
30.320: [GC 55888K->40012K(83392K), 0.0020131 secs]
30.334: [GC 55999K->40123K(83392K), 0.0031004 secs]
30.350: [GC 56114K->40321K(83392K), 0.0019840 secs]
30.368: [GC 56282K->40708K(83392K), 0.0028744 secs]
30.384: [GC 56699K->40482K(83392K), 0.0022879 secs]
30.400: [GC 56408K->40428K(83392K), 0.0018703 secs]
30.415: [GC 56361K->40700K(83392K), 0.0019518 secs]
30.430: [GC 56669K->41002K(83392K), 0.0021609 secs]
30.444: [GC 56989K->41294K(83392K), 0.0026082 secs]
30.458: [GC 57200K->41299K(83392K), 0.0022334 secs]
30.473: [GC 57265K->41404K(83392K), 0.0020538 secs]
30.491: [GC 57396K->41435K(83392K), 0.0022306 secs]
30.505: [GC 57406K->41073K(83392K), 0.0012350 secs]
30.522: [GC 57058K->41680K(83392K), 0.0024552 secs]
30.541: [GC 57666K->41558K(83392K), 0.0015634 secs]
30.556: [GC 57540K->41800K(83392K), 0.0016098 secs]
30.569: [GC 57795K->42137K(83392K), 0.0020880 secs]
30.585: [GC 58128K->42021K(83392K), 0.0017634 secs]
30.600: [GC 58015K->42323K(83392K), 0.0018630 secs]
30.616: [GC 58312K->42674K(83392K), 0.0019493 secs]
30.631: [GC 58652K->42613K(83392K), 0.0017024 secs]
30.645: [GC 58531K->42472K(83392K), 0.0015550 secs]
30.667: [GC 58442K->42819K(83392K), 0.0016645 secs]
30.691: [GC 58819K->42818K(83392K), 0.0015750 secs]
30.704: [GC 58814K->43238K(83392K), 0.0016556 secs]
30.720: [GC 59235K->43760K(83392K), 0.0039111 secs]
30.735: [GC 59739K->43682K(83392K), 0.0020838 secs]
30.750: [GC 59647K->43726K(83392K), 0.0018614 secs]
30.768: [GC 59726K->43538K(83392K), 0.0024099 secs]
30.783: [GC 59526K->43571K(83392K), 0.0016723 secs]
30.796: [GC 59550K->43879K(83392K), 0.0016194 secs]
30.812: [GC 59857K->44160K(83392K), 0.0017690 secs]
30.825: [GC 60148K->44119K(83392K), 0.0026775 secs]
30.840: [GC 60076K->44296K(83392K), 0.0016155 secs]
30.856: [GC 60296K->44510K(83392K), 0.0019510 secs]
30.869: [GC 60499K->45284K(83392K), 0.0030451 secs]
30.885: [GC 61281K->45545K(83392K), 0.0023555 secs]
30.901: [GC 61543K->45861K(83392K), 0.0021376 secs]
30.915: [GC 61817K->46050K(83392K), 0.0018866 secs]
30.929: [GC 62043K->46357K(83392K), 0.0021687 secs]
30.942: [GC 62348K->46174K(83392K), 0.0022314 secs]
30.957: [GC 62168K->46426K(83392K), 0.0018036 secs]
30.971: [GC 62356K->46637K(83392K), 0.0027270 secs]
30.985: [GC 62613K->46859K(83392K), 0.0024362 secs]
30.998: [GC 62849K->47146K(83392K), 0.0025100 secs]
31.013: [GC 63101K->47387K(83392K), 0.0026066 secs]
31.028: [GC 63359K->47784K(83392K), 0.0021492 secs]
31.041: [GC 63766K->47984K(83392K), 0.0025411 secs]
31.057: [GC 63980K->48496K(83392K), 0.0024760 secs]
31.071: [GC 64493K->48791K(83392K), 0.0032612 secs]
31.086: [GC 64730K->49032K(83392K), 0.0022939 secs]
31.102: [GC 64961K->49236K(83392K), 0.0021955 secs]
31.120: [GC 65196K->49526K(83392K), 0.0041758 secs]
31.136: [GC 65518K->49466K(83392K), 0.0017772 secs]
31.150: [GC 65417K->49759K(83392K), 0.0020048 secs]
31.164: [GC 65705K->50199K(83392K), 0.0022119 secs]
31.180: [GC 66189K->50240K(83392K), 0.0022216 secs]
31.195: [GC 66236K->50186K(83392K), 0.0018977 secs]
31.211: [GC 66182K->50520K(83392K), 0.0020598 secs]
31.226: [GC 66502K->50953K(83392K), 0.0023409 secs]
31.241: [GC 66926K->50862K(83392K), 0.0021233 secs]
31.255: [GC 66817K->51448K(83392K), 0.0023757 secs]
31.268: [GC 67445K->51845K(83392K), 0.0035196 secs]
31.283: [GC 67817K->51848K(83392K), 0.0022681 secs]
31.298: [GC 67842K->51908K(83392K), 0.0019188 secs]
31.313: [GC 67843K->52499K(83392K), 0.0028630 secs]
31.328: [GC 68450K->53001K(83392K), 0.0025031 secs]
31.342: [GC 68901K->53421K(83392K), 0.0027714 secs]
31.358: [GC 69399K->53397K(83392K), 0.0017846 secs]
31.377: [GC 69360K->53470K(83392K), 0.0018430 secs]
31.390: [GC 69463K->53548K(83392K), 0.0020403 secs]
31.393: [GC 54392K(83392K), 0.0009127 secs]
31.412: [GC 69548K->53680K(83392K), 0.0016864 secs]
31.429: [GC 69580K->54134K(83392K), 0.0025115 secs]
31.445: [GC 70130K->54213K(83392K), 0.0022724 secs]
31.460: [GC 70177K->54019K(83392K), 0.0016811 secs]
31.476: [GC 70008K->54131K(83392K), 0.0023041 secs]
31.490: [GC 70074K->54267K(83392K), 0.0018188 secs]
31.507: [GC 70222K->55446K(83392K), 0.0030620 secs]
31.522: [GC 71424K->55147K(83392K), 0.0031527 secs]
31.539: [GC 71094K->55572K(83392K), 0.0016350 secs]
31.553: [GC 71567K->55881K(83392K), 0.0021498 secs]
31.570: [GC 71881K->55757K(83392K), 0.0023478 secs]
31.584: [GC 71681K->55858K(83392K), 0.0018170 secs]
31.598: [GC 71844K->55854K(83392K), 0.0020686 secs]
31.617: [GC 71817K->55932K(83392K), 0.0015710 secs]
31.635: [GC 71919K->55982K(83392K), 0.0016949 secs]
31.651: [GC 71964K->55994K(83392K), 0.0028990 secs]
31.666: [GC 71986K->55832K(83392K), 0.0014582 secs]
31.680: [GC 71832K->55907K(83392K), 0.0017455 secs]
31.697: [GC 71887K->56257K(83392K), 0.0023341 secs]
31.713: [GC 72250K->56338K(83392K), 0.0017023 secs]
31.729: [GC 72310K->56361K(83392K), 0.0019886 secs]
31.745: [GC 72358K->56787K(83392K), 0.0029017 secs]
31.761: [GC 72728K->57177K(83392K), 0.0020935 secs]
31.780: [GC 73174K->57223K(83392K), 0.0023533 secs]
31.794: [GC 73173K->57312K(83392K), 0.0021108 secs]
31.811: [GC 73312K->57314K(83392K), 0.0021942 secs]
31.828: [GC 73314K->57716K(83392K), 0.0018201 secs]
31.830: [GC 57797K(83392K), 0.0011245 secs]
31.844: [GC 73549K->57801K(83392K), 0.0019247 secs]
31.860: [GC 28234K->12225K(83392K), 0.0019361 secs]
31.874: [GC 28178K->12432K(83392K), 0.0016862 secs]
31.887: [GC 28417K->12561K(83392K), 0.0021887 secs]
31.900: [GC 28553K->12596K(83392K), 0.0016469 secs]
31.914: [GC 28588K->12932K(83392K), 0.0017951 secs]
31.928: [GC 28862K->12918K(83392K), 0.0019988 secs]
31.941: [GC 28860K->12931K(83392K), 0.0020475 secs]
31.958: [GC 28777K->13252K(83392K), 0.0023048 secs]
31.976: [GC 29252K->13397K(83392K), 0.0022377 secs]
31.991: [GC 29390K->13598K(83392K), 0.0019475 secs]
32.005: [GC 29563K->13725K(83392K), 0.0018253 secs]
32.019: [GC 29712K->13838K(83392K), 0.0026774 secs]
32.033: [GC 29831K->13786K(83392K), 0.0018667 secs]
32.047: [GC 29718K->13891K(83392K), 0.0013373 secs]
32.063: [GC 29882K->13955K(83392K), 0.0013663 secs]
32.077: [GC 29930K->14418K(83392K), 0.0014486 secs]
32.092: [GC 30416K->14113K(83392K), 0.0016036 secs]
32.108: [GC 30043K->14661K(83392K), 0.0016213 secs]
32.123: [GC 30638K->14658K(83392K), 0.0015406 secs]
32.137: [GC 30657K->14875K(83392K), 0.0022719 secs]
32.154: [GC 30838K->15112K(83392K), 0.0019094 secs]
32.167: [GC 31106K->15585K(83392K), 0.0028620 secs]
32.182: [GC 31568K->15617K(83392K), 0.0023693 secs]
32.197: [GC 31598K->15840K(83392K), 0.0021307 secs]
32.212: [GC 31770K->15910K(83392K), 0.0026537 secs]
32.226: [GC 31879K->16068K(83392K), 0.0023593 secs]
32.240: [GC 32064K->16035K(83392K), 0.0018603 secs]
32.253: [GC 32033K->15944K(83392K), 0.0022486 secs]
32.268: [GC 31944K->16264K(83392K), 0.0017313 secs]
32.283: [GC 32252K->16413K(83392K), 0.0035402 secs]
32.298: [GC 32373K->16425K(83392K), 0.0019435 secs]
32.316: [GC 32417K->16807K(83392K), 0.0021506 secs]
32.338: [GC 32807K->16607K(83392K), 0.0026379 secs]
32.354: [GC 32600K->17061K(83392K), 0.0046990 secs]
32.372: [GC 33061K->17200K(83392K), 0.0028027 secs]
32.390: [GC 33156K->17184K(83392K), 0.0023294 secs]
32.404: [GC 33176K->17066K(83392K), 0.0019984 secs]
32.419: [GC 33066K->17153K(83392K), 0.0030980 secs]
32.435: [GC 33148K->17485K(83392K), 0.0018976 secs]
32.448: [GC 33434K->17592K(83392K), 0.0019032 secs]
32.465: [GC 33532K->17616K(83392K), 0.0015488 secs]
32.479: [GC 33584K->18019K(83392K), 0.0019456 secs]
32.493: [GC 34006K->18347K(83392K), 0.0018624 secs]
32.508: [GC 34311K->18401K(83392K), 0.0018709 secs]
32.522: [GC 34354K->18519K(83392K), 0.0015145 secs]
32.537: [GC 34519K->18424K(83392K), 0.0015618 secs]
32.551: [GC 34398K->18623K(83392K), 0.0016621 secs]
32.568: [GC 34578K->18812K(83392K), 0.0019142 secs]
32.581: [GC 34793K->18991K(83392K), 0.0019602 secs]
32.595: [GC 34989K->18860K(83392K), 0.0018487 secs]
32.609: [GC 34856K->19075K(83392K), 0.0024990 secs]
32.623: [GC 35075K->19051K(83392K), 0.0020808 secs]
32.637: [GC 35040K->19473K(83392K), 0.0019867 secs]
32.653: [GC 35378K->20021K(83392K), 0.0022155 secs]
32.667: [GC 36012K->19742K(83392K), 0.0018021 secs]
32.684: [GC 35726K->19848K(83392K), 0.0019621 secs]
32.699: [GC 35845K->20238K(83392K), 0.0017099 secs]
32.712: [GC 36178K->20532K(83392K), 0.0021293 secs]
32.731: [GC 36532K->20888K(83392K), 0.0021763 secs]
32.747: [GC 36855K->21561K(83392K), 0.0025626 secs]
32.762: [GC 37543K->21186K(83392K), 0.0026374 secs]
32.777: [GC 37184K->21755K(83392K), 0.0027579 secs]
32.791: [GC 37732K->21958K(83392K), 0.0024552 secs]
32.809: [GC 37928K->22589K(83392K), 0.0023648 secs]
32.823: [GC 38570K->22670K(83392K), 0.0021830 secs]
32.840: [GC 38670K->22408K(83392K), 0.0024053 secs]
32.856: [GC 38395K->22891K(83392K), 0.0017898 secs]
32.869: [GC 38885K->22928K(83392K), 0.0022721 secs]
32.884: [GC 38884K->23232K(83392K), 0.0021848 secs]
32.899: [GC 39207K->23587K(83392K), 0.0023131 secs]
32.922: [GC 39581K->24072K(83392K), 0.0023762 secs]
32.937: [GC 40066K->24568K(83392K), 0.0030250 secs]
32.951: [GC 40552K->24767K(83392K), 0.0028013 secs]
32.966: [GC 40738K->24826K(83392K), 0.0020678 secs]
32.980: [GC 40792K->24933K(83392K), 0.0022707 secs]
32.994: [GC 40877K->25434K(83392K), 0.0024763 secs]
33.008: [GC 41399K->25636K(83392K), 0.0029224 secs]
33.023: [GC 41623K->26082K(83392K), 0.0024845 secs]
33.037: [GC 42081K->26413K(83392K), 0.0026929 secs]
33.051: [GC 42413K->26632K(83392K), 0.0022291 secs]
33.065: [GC 42620K->26441K(83392K), 0.0020863 secs]
33.079: [GC 42397K->26988K(83392K), 0.0022811 secs]
33.094: [GC 42968K->27585K(83392K), 0.0048941 secs]
33.110: [GC 43556K->27748K(83392K), 0.0026139 secs]
33.125: [GC 43735K->27847K(83392K), 0.0026077 secs]
33.140: [GC 43840K->28319K(83392K), 0.0020664 secs]
33.155: [GC 44313K->28409K(83392K), 0.0024191 secs]
33.169: [GC 44381K->28543K(83392K), 0.0021507 secs]
33.185: [GC 44529K->29142K(83392K), 0.0021643 secs]
33.199: [GC 45093K->29288K(83392K), 0.0027009 secs]
33.214: [GC 45240K->29785K(83392K), 0.0022004 secs]
33.228: [GC 45761K->30394K(83392K), 0.0031859 secs]
33.245: [GC 46369K->30194K(83392K), 0.0018658 secs]
33.263: [GC 46128K->30949K(83392K), 0.0028672 secs]
33.281: [GC 46949K->31230K(83392K), 0.0027286 secs]
33.297: [GC 47223K->31727K(83392K), 0.0025608 secs]
33.312: [GC 47694K->31942K(83392K), 0.0025302 secs]
33.326: [GC 47932K->31976K(83392K), 0.0023625 secs]
33.340: [GC 47958K->32366K(83392K), 0.0021250 secs]
33.355: [GC 48356K->32742K(83392K), 0.0027131 secs]
33.369: [GC 48729K->33149K(83392K), 0.0035244 secs]
33.387: [GC 49129K->33383K(83392K), 0.0031392 secs]
33.401: [GC 49370K->33658K(83392K), 0.0022589 secs]
33.417: [GC 49655K->33721K(83392K), 0.0025116 secs]
33.432: [GC 49708K->33366K(83392K), 0.0016608 secs]
33.445: [GC 49305K->33885K(83392K), 0.0018613 secs]
33.460: [GC 49878K->34281K(83392K), 0.0019844 secs]
33.475: [GC 50269K->34363K(83392K), 0.0023959 secs]
33.493: [GC 50286K->34381K(83392K), 0.0019882 secs]
33.508: [GC 50381K->34645K(83392K), 0.0036500 secs]
33.525: [GC 50595K->34514K(83392K), 0.0021227 secs]
33.540: [GC 50471K->34710K(83392K), 0.0015741 secs]
33.555: [GC 50639K->34998K(83392K), 0.0019499 secs]
33.572: [GC 50983K->34620K(83392K), 0.0020909 secs]
33.587: [GC 50590K->34769K(83392K), 0.0013274 secs]
33.603: [GC 50758K->35067K(83392K), 0.0015990 secs]
33.621: [GC 50966K->35930K(83392K), 0.0029515 secs]
33.638: [GC 51913K->36130K(83392K), 0.0035583 secs]
33.656: [GC 52114K->36424K(83392K), 0.0025230 secs]
33.670: [GC 52397K->36601K(83392K), 0.0023614 secs]
33.685: [GC 52601K->37026K(83392K), 0.0019355 secs]
33.699: [GC 53026K->37121K(83392K), 0.0021628 secs]
33.713: [GC 53112K->37501K(83392K), 0.0024495 secs]
33.733: [GC 53501K->38001K(83392K), 0.0024101 secs]
33.747: [GC 53966K->38270K(83392K), 0.0026161 secs]
33.762: [GC 54270K->38646K(83392K), 0.0024602 secs]
33.777: [GC 54628K->38580K(83392K), 0.0016670 secs]
33.790: [GC 54573K->38583K(83392K), 0.0019220 secs]
33.805: [GC 54576K->38623K(83392K), 0.0018843 secs]
33.820: [GC 54557K->38454K(83392K), 0.0022083 secs]
33.833: [GC 54429K->38549K(83392K), 0.0016802 secs]
33.848: [GC 54505K->39047K(83392K), 0.0016064 secs]
33.863: [GC 55028K->39190K(83392K), 0.0018627 secs]
33.876: [GC 55158K->39487K(83392K), 0.0022332 secs]
33.892: [GC 55439K->39863K(83392K), 0.0027470 secs]
33.906: [GC 55857K->39877K(83392K), 0.0022181 secs]
33.925: [GC 55870K->40063K(83392K), 0.0021685 secs]
33.939: [GC 56062K->40427K(83392K), 0.0023803 secs]
33.954: [GC 56388K->41023K(83392K), 0.0025522 secs]
33.972: [GC 57002K->41098K(83392K), 0.0024954 secs]
33.986: [GC 57096K->41469K(83392K), 0.0024646 secs]
34.000: [GC 57464K->41806K(83392K), 0.0023396 secs]
34.015: [GC 57799K->42257K(83392K), 0.0021864 secs]
34.032: [GC 58234K->42837K(83392K), 0.0025894 secs]
34.048: [GC 58832K->42999K(83392K), 0.0024269 secs]
34.062: [GC 58952K->43266K(83392K), 0.0019701 secs]
34.080: [GC 59266K->43163K(83392K), 0.0015066 secs]
34.093: [GC 59121K->43491K(83392K), 0.0021447 secs]
34.107: [GC 59491K->44430K(83392K), 0.0025470 secs]
34.127: [GC 60430K->44575K(83392K), 0.0028097 secs]
34.142: [GC 60539K->44550K(83392K), 0.0046857 secs]
34.158: [GC 60545K->44591K(83392K), 0.0024585 secs]
34.176: [GC 60540K->44721K(83392K), 0.0022789 secs]
34.190: [GC 60708K->45254K(83392K), 0.0022907 secs]
34.204: [GC 61228K->45550K(83392K), 0.0023798 secs]
34.220: [GC 61550K->45723K(83392K), 0.0029282 secs]
34.234: [GC 61678K->45974K(83392K), 0.0022649 secs]
34.249: [GC 61953K->46119K(83392K), 0.0020996 secs]
34.264: [GC 62102K->46288K(83392K), 0.0021716 secs]
34.278: [GC 62232K->46586K(83392K), 0.0023646 secs]
34.293: [GC 62554K->46799K(83392K), 0.0019322 secs]
34.312: [GC 62770K->46826K(83392K), 0.0016728 secs]
34.328: [GC 62813K->47378K(83392K), 0.0028954 secs]
34.343: [GC 63360K->47744K(83392K), 0.0026678 secs]
34.357: [GC 63665K->48178K(83392K), 0.0027353 secs]
34.372: [GC 64138K->48310K(83392K), 0.0028129 secs]
34.387: [GC 64269K->48620K(83392K), 0.0021929 secs]
34.400: [GC 64558K->48652K(83392K), 0.0021376 secs]
34.415: [GC 64639K->49251K(83392K), 0.0025563 secs]
34.431: [GC 65249K->49847K(83392K), 0.0027523 secs]
34.446: [GC 65817K->50026K(83392K), 0.0029856 secs]
34.461: [GC 65999K->50500K(83392K), 0.0023745 secs]
34.477: [GC 66450K->51209K(83392K), 0.0028932 secs]
34.492: [GC 67184K->50964K(83392K), 0.0024305 secs]
34.505: [GC 66909K->51394K(83392K), 0.0025188 secs]
34.520: [GC 67391K->51773K(83392K), 0.0034646 secs]
34.535: [GC 67757K(83392K), 0.0014945 secs]
34.537: [GC 67759K->51931K(83392K), 0.0016756 secs]
34.551: [GC 67923K->52274K(83392K), 0.0026321 secs]
34.568: [GC 68251K->52684K(83392K), 0.0023563 secs]
34.584: [GC 68684K->52852K(83392K), 0.0021800 secs]
34.600: [GC 68831K->53250K(83392K), 0.0025353 secs]
34.616: [GC 69203K->53387K(83392K), 0.0024199 secs]
34.633: [GC 69374K->53700K(83392K), 0.0017696 secs]
34.649: [GC 69698K->54112K(83392K), 0.0021131 secs]
34.664: [GC 70066K->54467K(83392K), 0.0029414 secs]
34.680: [GC 70466K->54787K(83392K), 0.0023108 secs]
34.694: [GC 70780K->55019K(83392K), 0.0022474 secs]
34.709: [GC 70990K->55479K(83392K), 0.0026203 secs]
34.726: [GC 71409K->55972K(83392K), 0.0025849 secs]
34.741: [GC 71947K->56334K(83392K), 0.0025476 secs]
34.757: [GC 72334K->56388K(83392K), 0.0022642 secs]
34.771: [GC 72362K->56689K(83392K), 0.0027637 secs]
34.786: [GC 72609K->57108K(83392K), 0.0029691 secs]
34.801: [GC 73053K->57481K(83392K), 0.0027167 secs]
34.817: [GC 73420K->57615K(83392K), 0.0024864 secs]
34.837: [GC 73615K->58590K(83392K), 0.0027806 secs]
34.854: [GC 74582K->58259K(83392K), 0.0026504 secs]
34.870: [GC 74253K->58997K(83392K), 0.0029600 secs]
34.885: [GC 74960K->59017K(83392K), 0.0024292 secs]
34.909: [GC 75017K->58713K(83392K), 0.0016434 secs]
34.928: [GC 74713K->58668K(83392K), 0.0018012 secs]
34.946: [GC 74567K->58928K(83392K), 0.0021921 secs]
34.959: [GC 74861K->58868K(83392K), 0.0019297 secs]
34.973: [GC 74868K->59083K(83392K), 0.0020508 secs]
34.986: [GC 75079K->59677K(83392K), 0.0022050 secs]
34.996: [GC 70343K(83392K), 0.0014290 secs]
35.003: [GC 75517K->59514K(83392K), 0.0019238 secs]
35.020: [GC 32661K->16721K(83392K), 0.0023988 secs]
35.033: [GC 32717K->17289K(83392K), 0.0022460 secs]
35.047: [GC 33279K->17369K(83392K), 0.0022237 secs]
35.061: [GC 33367K->17411K(83392K), 0.0020448 secs]
35.075: [GC 33372K->17821K(83392K), 0.0025556 secs]
35.090: [GC 33805K->17759K(83392K), 0.0020995 secs]
35.103: [GC 33738K->17978K(83392K), 0.0015392 secs]
35.118: [GC 33973K->17958K(83392K), 0.0012897 secs]
35.131: [GC 33948K->18069K(83392K), 0.0014897 secs]
35.145: [GC 34027K->19515K(83392K), 0.0025673 secs]
35.159: [GC 35514K->19874K(83392K), 0.0033804 secs]
35.176: [GC 35773K->20485K(83392K), 0.0017399 secs]
35.189: [GC 36473K->21182K(83392K), 0.0026973 secs]
35.204: [GC 37167K->21324K(83392K), 0.0024404 secs]
35.220: [GC 37312K->22369K(83392K), 0.0030938 secs]
35.236: [GC 38264K->22565K(83392K), 0.0029455 secs]
35.255: [GC 38565K->22958K(83392K), 0.0025937 secs]
35.270: [GC 38937K->23165K(83392K), 0.0019454 secs]
35.285: [GC 39164K->23398K(83392K), 0.0019877 secs]
35.300: [GC 39389K->23465K(83392K), 0.0021143 secs]
35.315: [GC 39430K->23537K(83392K), 0.0020097 secs]
35.329: [GC 39497K->23536K(83392K), 0.0023612 secs]
35.344: [GC 39521K->23755K(83392K), 0.0020809 secs]
35.358: [GC 39727K->24145K(83392K), 0.0022646 secs]
35.374: [GC 40093K->24436K(83392K), 0.0019319 secs]
35.394: [GC 40436K->24436K(83392K), 0.0017349 secs]
35.407: [GC 40436K->24538K(83392K), 0.0021752 secs]
35.425: [GC 40511K->24463K(83392K), 0.0022762 secs]
35.440: [GC 40390K->25206K(83392K), 0.0020853 secs]
35.454: [GC 41194K->26467K(83392K), 0.0031748 secs]
35.470: [GC 42438K->27052K(83392K), 0.0040201 secs]
35.486: [GC 43012K->27321K(83392K), 0.0016808 secs]
35.501: [GC 43321K->27730K(83392K), 0.0020504 secs]
35.515: [GC 43704K->28036K(83392K), 0.0023697 secs]
35.529: [GC 44021K->28369K(83392K), 0.0026276 secs]
35.544: [GC 44367K->28741K(83392K), 0.0025704 secs]
35.560: [GC 44704K->28587K(83392K), 0.0020430 secs]
35.575: [GC 44454K->29114K(83392K), 0.0024951 secs]
35.588: [GC 45044K->29610K(83392K), 0.0026079 secs]
35.604: [GC 45578K->30464K(83392K), 0.0027058 secs]
35.619: [GC 46425K->30794K(83392K), 0.0039259 secs]
35.635: [GC 46792K->31562K(83392K), 0.0025232 secs]
35.663: [GC 47561K->31995K(83392K), 0.0032307 secs]
35.679: [GC 47981K->32368K(83392K), 0.0025006 secs]
35.696: [GC 48360K->32153K(83392K), 0.0015103 secs]
35.709: [GC 48152K->32286K(83392K), 0.0018583 secs]
35.725: [GC 48269K->33122K(83392K), 0.0022927 secs]
35.740: [GC 49115K->33211K(83392K), 0.0024652 secs]
35.755: [GC 49183K->33415K(83392K), 0.0022821 secs]
35.770: [GC 49394K->33455K(83392K), 0.0025154 secs]
35.785: [GC 49419K->33596K(83392K), 0.0015503 secs]
35.798: [GC 49596K->34154K(83392K), 0.0020372 secs]
35.813: [GC 50143K->34117K(83392K), 0.0016939 secs]
35.828: [GC 50101K->34051K(83392K), 0.0017260 secs]
35.842: [GC 50026K->34280K(83392K), 0.0022339 secs]
35.856: [GC 50280K->34377K(83392K), 0.0018065 secs]
35.872: [GC 50376K->34666K(83392K), 0.0015767 secs]
35.887: [GC 50645K->34613K(83392K), 0.0018022 secs]
35.900: [GC 50604K->34781K(83392K), 0.0018223 secs]
35.915: [GC 50759K->35129K(83392K), 0.0018982 secs]
35.929: [GC 51087K->35603K(83392K), 0.0025896 secs]
35.944: [GC 51591K->36112K(83392K), 0.0022429 secs]
35.958: [GC 52103K->36869K(83392K), 0.0029585 secs]
35.973: [GC 52866K->37568K(83392K), 0.0035191 secs]
35.988: [GC 53447K->38028K(83392K), 0.0030772 secs]
36.003: [GC 53896K->38402K(83392K), 0.0023107 secs]
36.017: [GC 54394K->38612K(83392K), 0.0023625 secs]
36.035: [GC 54602K->39209K(83392K), 0.0026033 secs]
36.050: [GC 55147K->39941K(83392K), 0.0029078 secs]
36.066: [GC 55871K->40144K(83392K), 0.0023100 secs]
36.081: [GC 56121K->40267K(83392K), 0.0016742 secs]
36.097: [GC 56267K->40482K(83392K), 0.0020865 secs]
36.112: [GC 56428K->40590K(83392K), 0.0020957 secs]
36.127: [GC 56561K->40659K(83392K), 0.0018462 secs]
36.141: [GC 56655K->40368K(83392K), 0.0015794 secs]
36.154: [GC 56298K->40570K(83392K), 0.0021494 secs]
36.171: [GC 56539K->40641K(83392K), 0.0027171 secs]
36.185: [GC 56629K->40818K(83392K), 0.0017601 secs]
36.199: [GC 56790K->40920K(83392K), 0.0016279 secs]
36.212: [GC 56881K->40857K(83392K), 0.0013800 secs]
36.227: [GC 56854K->41368K(83392K), 0.0018365 secs]
36.241: [GC 57365K->41530K(83392K), 0.0018898 secs]
36.254: [GC 57422K->41524K(83392K), 0.0019182 secs]
36.271: [GC 57524K->41546K(83392K), 0.0023366 secs]
36.287: [GC 57542K->42032K(83392K), 0.0021789 secs]
36.302: [GC 58025K->42166K(83392K), 0.0019145 secs]
36.316: [GC 58149K->42980K(83392K), 0.0026926 secs]
36.337: [GC 58979K->42628K(83392K), 0.0021369 secs]
36.352: [GC 58621K->43675K(83392K), 0.0029386 secs]
36.366: [GC 59671K->43874K(83392K), 0.0029561 secs]
36.381: [GC 59849K->44285K(83392K), 0.0028969 secs]
36.396: [GC 60276K->44322K(83392K), 0.0014614 secs]
36.410: [GC 60304K->44574K(83392K), 0.0021473 secs]
36.425: [GC 60540K->44740K(83392K), 0.0020756 secs]
36.442: [GC 60699K->44886K(83392K), 0.0027202 secs]
36.457: [GC 60820K->45331K(83392K), 0.0021248 secs]
36.472: [GC 61322K->46143K(83392K), 0.0031489 secs]
36.486: [GC 62073K->46553K(83392K), 0.0033548 secs]
36.503: [GC 62550K->47238K(83392K), 0.0029911 secs]
36.517: [GC 63225K->47496K(83392K), 0.0023407 secs]
36.520: [GC 47579K(83392K), 0.0007726 secs]
36.536: [GC 63496K->47563K(83392K), 0.0014931 secs]
36.551: [GC 63526K->47693K(83392K), 0.0017254 secs]
36.567: [GC 63661K->48132K(83392K), 0.0025794 secs]
36.589: [GC 64132K->48274K(83392K), 0.0018653 secs]
36.596: [GC 49085K(83392K), 0.0016376 secs]
36.613: [GC 54764K->39416K(83392K), 0.0020513 secs]
36.631: [GC 26566K->10477K(83392K), 0.0023980 secs]
36.645: [GC 26466K->10541K(83392K), 0.0017626 secs]
36.663: [GC 26508K->10855K(83392K), 0.0019815 secs]
36.680: [GC 26841K->10910K(83392K), 0.0017147 secs]
36.696: [GC 26851K->11524K(83392K), 0.0018159 secs]
36.720: [GC 27524K->11270K(83392K), 0.0033471 secs]
36.735: [GC 27208K->11232K(83392K), 0.0025502 secs]
36.749: [GC 27227K->11241K(83392K), 0.0017943 secs]
36.763: [GC 27241K->11220K(83392K), 0.0014156 secs]
36.781: [GC 27179K->12001K(83392K), 0.0019731 secs]
36.794: [GC 27904K->12291K(83392K), 0.0023337 secs]
36.813: [GC 28291K->12312K(83392K), 0.0018317 secs]
36.829: [GC 28300K->12978K(83392K), 0.0021546 secs]
36.851: [GC 28970K->12571K(83392K), 0.0021992 secs]
36.865: [GC 28507K->13220K(83392K), 0.0020263 secs]
36.882: [GC 29220K->13008K(83392K), 0.0018695 secs]
36.896: [GC 29006K->13274K(83392K), 0.0018320 secs]
36.911: [GC 29274K->13352K(83392K), 0.0018510 secs]
36.926: [GC 29348K->13608K(83392K), 0.0021575 secs]
36.942: [GC 29502K->13654K(83392K), 0.0022522 secs]
36.955: [GC 29654K->13697K(83392K), 0.0018677 secs]
36.970: [GC 29676K->13880K(83392K), 0.0023689 secs]
36.984: [GC 29871K->14122K(83392K), 0.0018761 secs]
36.997: [GC 30082K->14297K(83392K), 0.0017364 secs]
37.011: [GC 30291K->14666K(83392K), 0.0020549 secs]
37.025: [GC 30658K->15132K(83392K), 0.0025350 secs]
37.039: [GC 30989K->15136K(83392K), 0.0019795 secs]
37.053: [GC 31118K->15499K(83392K), 0.0023538 secs]
37.067: [GC 31487K->15658K(83392K), 0.0023911 secs]
37.081: [GC 31626K->16180K(83392K), 0.0025234 secs]
37.096: [GC 32158K->16410K(83392K), 0.0024816 secs]
37.114: [GC 32403K->16786K(83392K), 0.0020904 secs]
37.129: [GC 32776K->17111K(83392K), 0.0024215 secs]
37.145: [GC 33111K->17102K(83392K), 0.0021553 secs]
37.159: [GC 33102K->17028K(83392K), 0.0017086 secs]
37.172: [GC 32982K->17322K(83392K), 0.0025207 secs]
37.186: [GC 33285K->17645K(83392K), 0.0023826 secs]
37.202: [GC 33594K->17634K(83392K), 0.0016046 secs]
37.215: [GC 33599K->17389K(83392K), 0.0020129 secs]
37.230: [GC 33346K->18145K(83392K), 0.0018113 secs]
37.244: [GC 33994K->18103K(83392K), 0.0016245 secs]
37.259: [GC 34045K->19038K(83392K), 0.0024471 secs]
37.273: [GC 35005K->19123K(83392K), 0.0025638 secs]
37.287: [GC 35120K->19600K(83392K), 0.0023353 secs]
37.303: [GC 35559K->19619K(83392K), 0.0021178 secs]
37.316: [GC 35583K->20093K(83392K), 0.0021601 secs]
37.332: [GC 36087K->20832K(83392K), 0.0022748 secs]
37.347: [GC 36789K->21241K(83392K), 0.0027449 secs]
37.363: [GC 37207K->21662K(83392K), 0.0022413 secs]
37.378: [GC 37634K->22072K(83392K), 0.0024760 secs]
37.392: [GC 37976K->22301K(83392K), 0.0020439 secs]
37.407: [GC 38251K->22570K(83392K), 0.0019328 secs]
37.425: [GC 38570K->22410K(83392K), 0.0019970 secs]
37.440: [GC 38403K->22448K(83392K), 0.0016351 secs]
37.453: [GC 38445K->22587K(83392K), 0.0018119 secs]
37.466: [GC 38571K->22743K(83392K), 0.0021408 secs]
37.480: [GC 38663K->23354K(83392K), 0.0020669 secs]
37.494: [GC 39304K->23450K(83392K), 0.0026428 secs]
37.513: [GC 39445K->23083K(83392K), 0.0014440 secs]
37.526: [GC 39079K->23039K(83392K), 0.0018143 secs]
37.539: [GC 38986K->23370K(83392K), 0.0016990 secs]
37.553: [GC 39370K->23945K(83392K), 0.0017517 secs]
37.568: [GC 39945K->24362K(83392K), 0.0023499 secs]
37.583: [GC 40351K->24362K(83392K), 0.0023921 secs]
37.597: [GC 40334K->24974K(83392K), 0.0024545 secs]
37.612: [GC 40968K->25361K(83392K), 0.0025710 secs]
37.627: [GC 41296K->25980K(83392K), 0.0024854 secs]
37.641: [GC 41928K->26098K(83392K), 0.0026859 secs]
37.657: [GC 42097K->25704K(83392K), 0.0017007 secs]
37.670: [GC 41665K->25653K(83392K), 0.0017946 secs]
37.684: [GC 41614K->25955K(83392K), 0.0017760 secs]
37.697: [GC 41794K->26406K(83392K), 0.0020781 secs]
37.715: [GC 42406K->26628K(83392K), 0.0019335 secs]
37.730: [GC 42581K->27120K(83392K), 0.0024053 secs]
37.746: [GC 43075K->27084K(83392K), 0.0022367 secs]
37.762: [GC 43079K->27716K(83392K), 0.0032919 secs]
37.777: [GC 43697K->27875K(83392K), 0.0022181 secs]
37.793: [GC 43832K->27856K(83392K), 0.0020375 secs]
37.806: [GC 43849K->28159K(83392K), 0.0020813 secs]
37.821: [GC 44159K->28011K(83392K), 0.0021641 secs]
37.839: [GC 44008K->28175K(83392K), 0.0021763 secs]
37.853: [GC 44033K->28540K(83392K), 0.0022332 secs]
37.869: [GC 44540K->29541K(83392K), 0.0031711 secs]
37.885: [GC 45541K->29624K(83392K), 0.0027367 secs]
37.901: [GC 45525K->30241K(83392K), 0.0030868 secs]
37.917: [GC 46235K->30970K(83392K), 0.0032566 secs]
37.934: [GC 46943K->31045K(83392K), 0.0024533 secs]
37.948: [GC 47013K->31365K(83392K), 0.0023165 secs]
37.963: [GC 47343K->32009K(83392K), 0.0024317 secs]
37.978: [GC 47990K->32337K(83392K), 0.0028104 secs]
37.994: [GC 48337K->32414K(83392K), 0.0022236 secs]
38.008: [GC 48413K->32828K(83392K), 0.0025536 secs]
38.022: [GC 48823K->33271K(83392K), 0.0032435 secs]
38.038: [GC 49249K->33828K(83392K), 0.0028996 secs]
38.054: [GC 49817K->34041K(83392K), 0.0020896 secs]
38.071: [GC 50041K->34081K(83392K), 0.0027413 secs]
38.086: [GC 50046K->34276K(83392K), 0.0022361 secs]
38.100: [GC 50254K->34448K(83392K), 0.0024636 secs]
38.115: [GC 50389K->34623K(83392K), 0.0018306 secs]
38.129: [GC 50594K->34638K(83392K), 0.0019712 secs]
38.145: [GC 50607K->34264K(83392K), 0.0021214 secs]
38.160: [GC 50244K->34325K(83392K), 0.0016262 secs]
38.175: [GC 50311K->34460K(83392K), 0.0015707 secs]
38.188: [GC 50437K->34824K(83392K), 0.0018156 secs]
38.203: [GC 50821K->34783K(83392K), 0.0015332 secs]
38.217: [GC 50765K->35271K(83392K), 0.0017508 secs]
38.232: [GC 51269K->35371K(83392K), 0.0020255 secs]
38.246: [GC 51329K->35820K(83392K), 0.0024142 secs]
38.261: [GC 51807K->35864K(83392K), 0.0021187 secs]
38.275: [GC 51839K->36051K(83392K), 0.0021942 secs]
38.289: [GC 52021K->36258K(83392K), 0.0023946 secs]
38.304: [GC 52208K->36184K(83392K), 0.0017851 secs]
38.321: [GC 52078K->37326K(83392K), 0.0031804 secs]
38.339: [GC 53326K->37644K(83392K), 0.0030387 secs]
38.355: [GC 53623K->38174K(83392K), 0.0024853 secs]
38.370: [GC 54146K->38732K(83392K), 0.0034172 secs]
38.386: [GC 54732K->38740K(83392K), 0.0025398 secs]
38.400: [GC 54722K->39414K(83392K), 0.0022093 secs]
38.419: [GC 55380K->39800K(83392K), 0.0029704 secs]
38.434: [GC 55752K->39664K(83392K), 0.0020181 secs]
38.450: [GC 55661K->40398K(83392K), 0.0021915 secs]
38.465: [GC 56397K->40280K(83392K), 0.0048920 secs]
38.484: [GC 56255K->40349K(83392K), 0.0024120 secs]
38.498: [GC 56334K->40143K(83392K), 0.0018801 secs]
38.514: [GC 56143K->40712K(83392K), 0.0021563 secs]
38.528: [GC 56705K->40940K(83392K), 0.0017197 secs]
38.543: [GC 56909K->40987K(83392K), 0.0019334 secs]
38.558: [GC 56961K->40992K(83392K), 0.0018923 secs]
38.572: [GC 56977K->40932K(83392K), 0.0018125 secs]
38.585: [GC 56908K->41313K(83392K), 0.0018111 secs]
38.599: [GC 57292K->41266K(83392K), 0.0021479 secs]
38.613: [GC 57234K->41703K(83392K), 0.0018880 secs]
38.628: [GC 57641K->42085K(83392K), 0.0024405 secs]
38.646: [GC 58069K->42251K(83392K), 0.0022698 secs]
38.664: [GC 58240K->42741K(83392K), 0.0050620 secs]
38.685: [GC 58738K->42530K(83392K), 0.0028667 secs]
38.704: [GC 58497K->42664K(83392K), 0.0031208 secs]
38.724: [GC 58578K->42942K(83392K), 0.0058119 secs]
38.749: [GC 58932K->43161K(83392K), 0.0036909 secs]
38.767: [GC 59107K->43507K(83392K), 0.0022857 secs]
38.783: [GC 59481K->44012K(83392K), 0.0026269 secs]
38.800: [GC 59989K->43947K(83392K), 0.0022564 secs]
38.815: [GC 59902K->44579K(83392K), 0.0024092 secs]
38.831: [GC 60579K->44864K(83392K), 0.0047293 secs]
38.848: [GC 60840K->44739K(83392K), 0.0024609 secs]
38.865: [GC 60739K->45122K(83392K), 0.0027621 secs]
38.881: [GC 61108K->45361K(83392K), 0.0022613 secs]
38.898: [GC 61361K->45193K(83392K), 0.0019363 secs]
38.914: [GC 61110K->45486K(83392K), 0.0020866 secs]
38.931: [GC 61486K->45464K(83392K), 0.0019489 secs]
38.949: [GC 61455K->45701K(83392K), 0.0019232 secs]
38.964: [GC 61682K->45687K(83392K), 0.0017175 secs]
38.977: [GC 61682K->46414K(83392K), 0.0028243 secs]
38.993: [GC 62342K->47001K(83392K), 0.0025508 secs]
39.007: [GC 62975K->47024K(83392K), 0.0025546 secs]
39.026: [GC 62993K->46696K(83392K), 0.0018678 secs]
39.043: [GC 62639K->46537K(83392K), 0.0019725 secs]
39.057: [GC 62513K->46801K(83392K), 0.0022923 secs]
39.074: [GC 62797K->46861K(83392K), 0.0020888 secs]
39.088: [GC 62811K->47343K(83392K), 0.0018846 secs]
39.102: [GC 63336K->47438K(83392K), 0.0018604 secs]
39.115: [GC 63403K->47374K(83392K), 0.0021997 secs]
39.131: [GC 63372K->48044K(83392K), 0.0019979 secs]
39.144: [GC 64032K->47985K(83392K), 0.0024211 secs]
39.159: [GC 63921K->47921K(83392K), 0.0018414 secs]
39.174: [GC 63904K->48394K(83392K), 0.0017642 secs]
39.188: [GC 64328K->48318K(83392K), 0.0016499 secs]
39.203: [GC 64229K->48418K(83392K), 0.0014704 secs]
39.216: [GC 64375K->48664K(83392K), 0.0017268 secs]
39.230: [GC 64657K->49256K(83392K), 0.0021331 secs]
39.245: [GC 65211K->49418K(83392K), 0.0021906 secs]
39.259: [GC 65349K->49698K(83392K), 0.0022719 secs]
39.274: [GC 65674K->50013K(83392K), 0.0021885 secs]
39.289: [GC 65996K->50000K(83392K), 0.0023110 secs]
39.303: [GC 65962K->50421K(83392K), 0.0030022 secs]
39.324: [GC 66421K->50435K(83392K), 0.0022443 secs]
39.339: [GC 66415K->51030K(83392K), 0.0029028 secs]
39.359: [GC 67029K->51121K(83392K), 0.0031110 secs]
39.374: [GC 67087K->51653K(83392K), 0.0024907 secs]
39.388: [GC 67648K->51883K(83392K), 0.0030903 secs]
39.405: [GC 67883K->52136K(83392K), 0.0026169 secs]
39.419: [GC 68101K->52155K(83392K), 0.0024024 secs]
39.435: [GC 68151K->52091K(83392K), 0.0018878 secs]
39.450: [GC 68086K->52073K(83392K), 0.0017517 secs]
39.467: [GC 68038K->52441K(83392K), 0.0022294 secs]
39.482: [GC 68441K->52457K(83392K), 0.0018265 secs]
39.497: [GC 68445K->52603K(83392K), 0.0020529 secs]
39.512: [GC 68602K->53335K(83392K), 0.0022753 secs]
39.526: [GC 69335K->53317K(83392K), 0.0024035 secs]
39.540: [GC 69309K->53636K(83392K), 0.0021407 secs]
39.557: [GC 69621K->54013K(83392K), 0.0026435 secs]
39.571: [GC 69973K->53971K(83392K), 0.0027918 secs]
39.586: [GC 69929K->54041K(83392K), 0.0022526 secs]
39.600: [GC 69992K->54132K(83392K), 0.0021413 secs]
39.621: [GC 70122K->54040K(83392K), 0.0024878 secs]
39.635: [GC 70011K->53946K(83392K), 0.0019035 secs]
39.650: [GC 69886K->54292K(83392K), 0.0034485 secs]
39.666: [GC 70279K->54147K(83392K), 0.0018718 secs]
39.682: [GC 70142K->54431K(83392K), 0.0023814 secs]
39.705: [GC 70380K->54533K(83392K), 0.0023407 secs]
39.720: [GC 70526K->54814K(83392K), 0.0053057 secs]
39.740: [GC 70811K->54837K(83392K), 0.0017899 secs]
39.760: [GC 70833K->54842K(83392K), 0.0023476 secs]
39.778: [GC 70842K->54505K(83392K), 0.0017030 secs]
39.793: [GC 70473K->54806K(83392K), 0.0017558 secs]
39.806: [GC 70787K->55281K(83392K), 0.0021533 secs]
39.820: [GC 71261K->55356K(83392K), 0.0023879 secs]
39.834: [GC 71343K->55210K(83392K), 0.0019914 secs]
39.848: [GC 71195K->55387K(83392K), 0.0016192 secs]
39.862: [GC 71359K->55405K(83392K), 0.0016975 secs]
39.877: [GC 71357K->55789K(83392K), 0.0021381 secs]
39.893: [GC 71779K->56045K(83392K), 0.0024161 secs]
39.911: [GC 71994K->55549K(83392K), 0.0018730 secs]
39.924: [GC 71546K->55574K(83392K), 0.0017010 secs]
39.941: [GC 71500K->55851K(83392K), 0.0018786 secs]
39.955: [GC 71840K->55645K(83392K), 0.0018016 secs]
39.969: [GC 71638K->55585K(83392K), 0.0014021 secs]
39.982: [GC 71578K->55785K(83392K), 0.0015493 secs]
39.996: [GC 71770K->55879K(83392K), 0.0016138 secs]
40.021: [GC 71832K->56015K(83392K), 0.0095404 secs]
40.089: [GC 72012K->55924K(83392K), 0.0015360 secs]
40.103: [GC 71924K->55903K(83392K), 0.0015772 secs]
40.116: [GC 71882K->56566K(83392K), 0.0023139 secs]
40.134: [GC 72551K->56855K(83392K), 0.0019849 secs]
40.149: [GC 72825K->57046K(83392K), 0.0021053 secs]
40.163: [GC 73002K->57319K(83392K), 0.0028339 secs]
40.180: [GC 73297K->57358K(83392K), 0.0018657 secs]
40.193: [GC 73358K->57482K(83392K), 0.0019456 secs]
40.208: [GC 73440K->57892K(83392K), 0.0021149 secs]
40.223: [GC 73842K->58050K(83392K), 0.0023020 secs]
40.243: [GC 74001K->57991K(83392K), 0.0023750 secs]
40.257: [GC 73972K->58134K(83392K), 0.0020080 secs]
40.276: [GC 74134K->58201K(83392K), 0.0019465 secs]
40.292: [GC 74201K->58357K(83392K), 0.0019539 secs]
40.309: [GC 74355K->58369K(83392K), 0.0021435 secs]
40.325: [GC 74355K->58477K(83392K), 0.0017153 secs]
40.340: [GC 74471K->58569K(83392K), 0.0022350 secs]
40.356: [GC 74569K->58526K(83392K), 0.0016345 secs]
40.370: [GC 74484K->58780K(83392K), 0.0025159 secs]
40.384: [GC 74780K->58656K(83392K), 0.0015664 secs]
40.397: [GC 74641K->58955K(83392K), 0.0016625 secs]
40.411: [GC 74947K->59222K(83392K), 0.0019163 secs]
40.425: [GC 75184K->59538K(83392K), 0.0019001 secs]
40.440: [GC 75533K->59979K(83392K), 0.0022934 secs]
40.453: [GC 75964K->59872K(83392K), 0.0021265 secs]
40.467: [GC 75872K->59965K(83392K), 0.0022665 secs]
40.483: [GC 75939K->60136K(83392K), 0.0023869 secs]
40.499: [GC 76131K->60003K(83392K), 0.0018871 secs]
40.514: [GC 75984K->60224K(83392K), 0.0020522 secs]
40.528: [GC 76215K->60337K(83392K), 0.0022509 secs]
40.542: [GC 76321K->60278K(83392K), 0.0019887 secs]
40.548: [GC 62187K(83392K), 0.0010233 secs]
40.561: [GC 76243K->60852K(83392K), 0.0020369 secs]
40.578: [GC 76849K->60831K(83392K), 0.0019549 secs]
40.601: [GC 76831K->60916K(83392K), 0.0024644 secs]
40.621: [GC 76899K->61249K(83392K), 0.0066127 secs]
40.658: [GC 77246K->61367K(83392K), 0.0045468 secs]
40.679: [GC 77367K->61540K(83392K), 0.0018963 secs]
40.695: [GC 77515K->61899K(83392K), 0.0040904 secs]
40.714: [GC 77890K->62340K(83392K), 0.0051577 secs]
40.733: [GC 78332K->62874K(83392K), 0.0038909 secs]
40.752: [GC 78854K->63072K(83392K), 0.0028418 secs]
40.768: [GC 79016K->63245K(83392K), 0.0036933 secs]
40.786: [GC 79197K->63436K(83392K), 0.0025088 secs]
40.802: [GC 79432K->64033K(83392K), 0.0034037 secs]
40.822: [GC 80018K->63640K(83392K), 0.0034183 secs]
40.838: [GC 78468K(83392K), 0.0044604 secs]
40.846: [GC 79640K->63836K(83392K), 0.0017009 secs]
40.864: [GC 27358K->11526K(83392K), 0.0026465 secs]
40.880: [GC 27497K->11861K(83392K), 0.0025392 secs]
40.897: [GC 27859K->12001K(83392K), 0.0021905 secs]
40.911: [GC 27889K->12268K(83392K), 0.0020197 secs]
40.927: [GC 28268K->12247K(83392K), 0.0016146 secs]
40.942: [GC 28237K->12314K(83392K), 0.0016203 secs]
40.956: [GC 28267K->12333K(83392K), 0.0015461 secs]
40.970: [GC 28287K->12714K(83392K), 0.0025486 secs]
40.985: [GC 28704K->13195K(83392K), 0.0021994 secs]
41.000: [GC 29134K->13120K(83392K), 0.0021122 secs]
41.015: [GC 29093K->13349K(83392K), 0.0024383 secs]
41.031: [GC 29320K->13520K(83392K), 0.0020879 secs]
41.052: [GC 29520K->13140K(83392K), 0.0015238 secs]
41.067: [GC 29134K->13515K(83392K), 0.0021613 secs]
41.082: [GC 29513K->13577K(83392K), 0.0019479 secs]
41.098: [GC 29547K->13474K(83392K), 0.0016453 secs]
41.112: [GC 29460K->13542K(83392K), 0.0015236 secs]
41.125: [GC 29521K->13934K(83392K), 0.0018134 secs]
41.139: [GC 29922K->13890K(83392K), 0.0015822 secs]
41.152: [GC 29874K->14658K(83392K), 0.0024740 secs]
41.166: [GC 30648K->14965K(83392K), 0.0025094 secs]
41.181: [GC 30943K->15498K(83392K), 0.0028103 secs]
41.197: [GC 31468K->15762K(83392K), 0.0024771 secs]
41.211: [GC 31762K->15883K(83392K), 0.0017414 secs]
41.225: [GC 31879K->15763K(83392K), 0.0016227 secs]
41.240: [GC 31762K->16075K(83392K), 0.0019499 secs]
41.255: [GC 32037K->16591K(83392K), 0.0017885 secs]
41.268: [GC 32581K->16761K(83392K), 0.0021781 secs]
41.282: [GC 32747K->16887K(83392K), 0.0019848 secs]
41.296: [GC 32834K->17941K(83392K), 0.0027775 secs]
41.315: [GC 33881K->17926K(83392K), 0.0024350 secs]
41.333: [GC 33923K->18196K(83392K), 0.0023868 secs]
41.349: [GC 34193K->18420K(83392K), 0.0022433 secs]
41.364: [GC 34354K->18596K(83392K), 0.0019634 secs]
41.381: [GC 34525K->18798K(83392K), 0.0023121 secs]
41.395: [GC 34793K->19108K(83392K), 0.0024637 secs]
41.412: [GC 35108K->19017K(83392K), 0.0018641 secs]
41.426: [GC 34972K->19304K(83392K), 0.0021568 secs]
41.440: [GC 35285K->19160K(83392K), 0.0018427 secs]
41.458: [GC 35130K->19815K(83392K), 0.0036342 secs]
41.476: [GC 35815K->19953K(83392K), 0.0026923 secs]
41.491: [GC 35929K->19557K(83392K), 0.0016505 secs]
41.510: [GC 35557K->19609K(83392K), 0.0020466 secs]
41.526: [GC 35609K->20110K(83392K), 0.0029177 secs]
41.543: [GC 36108K->20714K(83392K), 0.0026878 secs]
41.558: [GC 36712K->20816K(83392K), 0.0025021 secs]
41.574: [GC 36814K->20753K(83392K), 0.0020323 secs]
41.589: [GC 36707K->21035K(83392K), 0.0019378 secs]
41.604: [GC 37001K->21407K(83392K), 0.0023485 secs]
41.621: [GC 37407K->21308K(83392K), 0.0021961 secs]
41.636: [GC 37308K->21760K(83392K), 0.0021297 secs]
41.651: [GC 37743K->21994K(83392K), 0.0026459 secs]
41.668: [GC 37942K->22305K(83392K), 0.0032914 secs]
41.684: [GC 38305K->21973K(83392K), 0.0018286 secs]
41.706: [GC 37960K->21899K(83392K), 0.0015872 secs]
41.720: [GC 37899K->21848K(83392K), 0.0025730 secs]
41.737: [GC 37833K->22090K(83392K), 0.0015575 secs]
41.751: [GC 38083K->22078K(83392K), 0.0016903 secs]
41.765: [GC 38071K->22113K(83392K), 0.0013485 secs]
41.780: [GC 38111K->22182K(83392K), 0.0015165 secs]
41.794: [GC 38176K->22687K(83392K), 0.0015942 secs]
41.808: [GC 38664K->22834K(83392K), 0.0019108 secs]
41.823: [GC 38807K->23078K(83392K), 0.0021378 secs]
41.836: [GC 39016K->23154K(83392K), 0.0021867 secs]
41.852: [GC 39148K->23327K(83392K), 0.0019329 secs]
41.868: [GC 39327K->23310K(83392K), 0.0018326 secs]
41.883: [GC 39310K->23742K(83392K), 0.0020312 secs]
41.897: [GC 39732K->23696K(83392K), 0.0018641 secs]
41.911: [GC 39685K->23837K(83392K), 0.0017470 secs]
41.926: [GC 39784K->24009K(83392K), 0.0018736 secs]
41.940: [GC 39910K->24360K(83392K), 0.0019608 secs]
41.956: [GC 40335K->25037K(83392K), 0.0022434 secs]
41.971: [GC 41035K->25425K(83392K), 0.0026949 secs]
41.986: [GC 41406K->25591K(83392K), 0.0023005 secs]
42.003: [GC 41555K->26013K(83392K), 0.0028318 secs]
42.017: [GC 41968K->26077K(83392K), 0.0021328 secs]
42.030: [GC 42016K->26101K(83392K), 0.0021767 secs]
42.049: [GC 42092K->26217K(83392K), 0.0015841 secs]
42.064: [GC 42211K->27041K(83392K), 0.0025515 secs]
42.081: [GC 43019K->27511K(83392K), 0.0022608 secs]
42.095: [GC 43495K->27689K(83392K), 0.0025824 secs]
42.109: [GC 43689K->28166K(83392K), 0.0019734 secs]
42.124: [GC 44125K->28535K(83392K), 0.0022227 secs]
42.140: [GC 44535K->28792K(83392K), 0.0025146 secs]
42.154: [GC 44755K->29149K(83392K), 0.0026345 secs]
42.169: [GC 45139K->29131K(83392K), 0.0036339 secs]
42.186: [GC 45130K->29477K(83392K), 0.0021543 secs]
42.199: [GC 45470K->30088K(83392K), 0.0024584 secs]
42.215: [GC 46085K->30446K(83392K), 0.0025707 secs]
42.231: [GC 46422K->30573K(83392K), 0.0024719 secs]
42.246: [GC 46540K->31029K(83392K), 0.0027215 secs]
42.263: [GC 47029K->31345K(83392K), 0.0024183 secs]
42.279: [GC 47312K->31972K(83392K), 0.0022154 secs]
42.292: [GC 47960K->31888K(83392K), 0.0020997 secs]
42.307: [GC 47847K->32114K(83392K), 0.0023467 secs]
42.321: [GC 48105K->32482K(83392K), 0.0029358 secs]
42.339: [GC 48477K->32569K(83392K), 0.0023337 secs]
42.354: [GC 48565K->33153K(83392K), 0.0023044 secs]
42.368: [GC 49112K->33042K(83392K), 0.0020890 secs]
42.384: [GC 49006K->33382K(83392K), 0.0018192 secs]
42.397: [GC 49369K->33711K(83392K), 0.0021601 secs]
42.411: [GC 49698K->34048K(83392K), 0.0027729 secs]
42.427: [GC 50037K->34656K(83392K), 0.0024366 secs]
42.442: [GC 50643K->34606K(83392K), 0.0024897 secs]
42.456: [GC 50596K->34689K(83392K), 0.0020289 secs]
42.477: [GC 50689K->35036K(83392K), 0.0022367 secs]
42.492: [GC 51031K->35210K(83392K), 0.0033431 secs]
42.506: [GC 51163K->35215K(83392K), 0.0020403 secs]
42.523: [GC 51177K->35859K(83392K), 0.0021688 secs]
42.540: [GC 51804K->36261K(83392K), 0.0031510 secs]
42.556: [GC 52252K->36288K(83392K), 0.0022697 secs]
42.570: [GC 52271K->36280K(83392K), 0.0032521 secs]
42.585: [GC 52272K->36531K(83392K), 0.0021576 secs]
42.600: [GC 52531K->36783K(83392K), 0.0018038 secs]
42.615: [GC 52773K->36972K(83392K), 0.0021299 secs]
42.629: [GC 52938K->37247K(83392K), 0.0023262 secs]
42.644: [GC 53247K->36881K(83392K), 0.0015199 secs]
42.659: [GC 52872K->37110K(83392K), 0.0017739 secs]
42.673: [GC 53054K->37142K(83392K), 0.0019727 secs]
42.686: [GC 53096K->37048K(83392K), 0.0015228 secs]
42.700: [GC 52944K->37405K(83392K), 0.0016608 secs]
42.715: [GC 53398K->37526K(83392K), 0.0019220 secs]
42.730: [GC 53481K->37680K(83392K), 0.0018314 secs]
42.746: [GC 53532K->38521K(83392K), 0.0023036 secs]
42.760: [GC 54479K->38944K(83392K), 0.0026538 secs]
42.776: [GC 54928K->39325K(83392K), 0.0026984 secs]
42.791: [GC 55293K->39696K(83392K), 0.0028692 secs]
42.805: [GC 55673K->40300K(83392K), 0.0023021 secs]
42.819: [GC 56294K->40412K(83392K), 0.0027482 secs]
42.835: [GC 56394K->40582K(83392K), 0.0020292 secs]
42.850: [GC 56582K->41173K(83392K), 0.0023202 secs]
42.864: [GC 57161K->41748K(83392K), 0.0032104 secs]
42.881: [GC 57725K->42084K(83392K), 0.0023329 secs]
42.895: [GC 58062K->42195K(83392K), 0.0024692 secs]
42.909: [GC 58177K->42381K(83392K), 0.0021592 secs]
42.923: [GC 58368K->42764K(83392K), 0.0025527 secs]
42.939: [GC 58747K->43306K(83392K), 0.0023634 secs]
42.954: [GC 59253K->43291K(83392K), 0.0019872 secs]
42.968: [GC 59291K->43676K(83392K), 0.0025170 secs]
42.984: [GC 59598K->44146K(83392K), 0.0024819 secs]
42.999: [GC 60120K->44689K(83392K), 0.0024812 secs]
43.013: [GC 60650K->44701K(83392K), 0.0026050 secs]
43.036: [GC 60701K->44405K(83392K), 0.0016538 secs]
43.050: [GC 60401K->44367K(83392K), 0.0014568 secs]
43.066: [GC 60241K->44800K(83392K), 0.0017605 secs]
43.079: [GC 60727K->45221K(83392K), 0.0020896 secs]
43.093: [GC 61168K->45633K(83392K), 0.0024651 secs]
43.107: [GC 61628K->46451K(83392K), 0.0034498 secs]
43.123: [GC 62423K->46825K(83392K), 0.0021017 secs]
43.139: [GC 62799K->46983K(83392K), 0.0021050 secs]
43.154: [GC 62966K->47416K(83392K), 0.0024299 secs]
43.168: [GC 63407K->47702K(83392K), 0.0023145 secs]
43.186: [GC 63700K->48369K(83392K), 0.0028191 secs]
43.200: [GC 64238K->48437K(83392K), 0.0027422 secs]
43.215: [GC 64393K->48878K(83392K), 0.0023322 secs]
43.234: [GC 64786K->49474K(83392K), 0.0026843 secs]
43.250: [GC 65421K->49329K(83392K), 0.0025867 secs]
43.268: [GC 65303K->50088K(83392K), 0.0039404 secs]
43.286: [GC 66038K->50479K(83392K), 0.0028048 secs]
43.301: [GC 66479K->50956K(83392K), 0.0025569 secs]
43.315: [GC 66855K->51450K(83392K), 0.0027885 secs]
43.330: [GC 67403K->52064K(83392K), 0.0031172 secs]
43.334: [GC 52232K(83392K), 0.0007909 secs]
43.363: [GC 68027K->53144K(83392K), 0.0029639 secs]
43.383: [GC 69144K->52862K(83392K), 0.0021901 secs]
43.400: [GC 68857K->53450K(83392K), 0.0023193 secs]
43.416: [GC 69448K->53136K(83392K), 0.0020076 secs]
43.432: [GC 69013K->53308K(83392K), 0.0013667 secs]
43.445: [GC 69268K->53634K(83392K), 0.0022437 secs]
43.464: [GC 69630K->54052K(83392K), 0.0019747 secs]
43.479: [GC 70050K->54114K(83392K), 0.0021090 secs]
43.492: [GC 70070K->54271K(83392K), 0.0022259 secs]
43.507: [GC 70262K->54550K(83392K), 0.0022258 secs]
43.521: [GC 70540K->54513K(83392K), 0.0028992 secs]
43.537: [GC 70506K->55341K(83392K), 0.0023284 secs]
43.552: [GC 71316K->55436K(83392K), 0.0025664 secs]
43.567: [GC 71424K->55699K(83392K), 0.0024801 secs]
43.581: [GC 71681K->55906K(83392K), 0.0018707 secs]
43.595: [GC 71900K->56008K(83392K), 0.0020606 secs]
43.610: [GC 71996K->56481K(83392K), 0.0025244 secs]
43.625: [GC 72480K->56464K(83392K), 0.0015895 secs]
43.638: [GC 72430K->56674K(83392K), 0.0021084 secs]
43.654: [GC 72562K->57250K(83392K), 0.0024362 secs]
43.670: [GC 73200K->57341K(83392K), 0.0033978 secs]
43.686: [GC 73311K->57795K(83392K), 0.0026062 secs]
43.700: [GC 73755K->57945K(83392K), 0.0028280 secs]
43.715: [GC 73923K->58286K(83392K), 0.0021038 secs]
43.732: [GC 74241K->58288K(83392K), 0.0020230 secs]
43.748: [GC 74248K->58590K(83392K), 0.0019708 secs]
43.763: [GC 74574K->58914K(83392K), 0.0022351 secs]
43.779: [GC 74859K->59076K(83392K), 0.0020371 secs]
43.791: [GC 71371K(83392K), 0.0011424 secs]
43.797: [GC 74958K->59097K(83392K), 0.0016854 secs]
43.812: [GC 32430K->16515K(83392K), 0.0017871 secs]
43.825: [GC 32485K->17107K(83392K), 0.0022727 secs]
43.839: [GC 33066K->17069K(83392K), 0.0020186 secs]
43.855: [GC 33062K->16988K(83392K), 0.0022252 secs]
43.871: [GC 32949K->17078K(83392K), 0.0126238 secs]
43.917: [GC 33078K->17153K(83392K), 0.0021537 secs]
43.944: [GC 33153K->17222K(83392K), 0.0020004 secs]
43.959: [GC 33211K->17376K(83392K), 0.0021021 secs]
43.972: [GC 33363K->17411K(83392K), 0.0017361 secs]
43.987: [GC 33394K->17765K(83392K), 0.0019514 secs]
44.001: [GC 33764K->17979K(83392K), 0.0025101 secs]
44.017: [GC 33967K->17689K(83392K), 0.0015585 secs]
44.035: [GC 33689K->17862K(83392K), 0.0017676 secs]
44.050: [GC 33840K->17921K(83392K), 0.0026642 secs]
44.068: [GC 33921K->18018K(83392K), 0.0017725 secs]
44.082: [GC 34013K->18136K(83392K), 0.0018396 secs]
44.097: [GC 34116K->18264K(83392K), 0.0018883 secs]
44.111: [GC 34244K->18460K(83392K), 0.0014355 secs]
44.124: [GC 34455K->18672K(83392K), 0.0024838 secs]
44.139: [GC 34665K->18966K(83392K), 0.0018394 secs]
44.154: [GC 34902K->19173K(83392K), 0.0021707 secs]
44.171: [GC 35173K->19325K(83392K), 0.0026312 secs]
44.185: [GC 35325K->19389K(83392K), 0.0019144 secs]
44.199: [GC 35386K->19700K(83392K), 0.0020795 secs]
44.216: [GC 35699K->19966K(83392K), 0.0017892 secs]
44.233: [GC 35962K->20393K(83392K), 0.0020942 secs]
44.247: [GC 36384K->20848K(83392K), 0.0025172 secs]
44.262: [GC 36811K->21071K(83392K), 0.0031860 secs]
44.278: [GC 37064K->21364K(83392K), 0.0022238 secs]
44.291: [GC 37363K->21845K(83392K), 0.0025058 secs]
44.305: [GC 37823K->22115K(83392K), 0.0021415 secs]
44.319: [GC 38087K->22411K(83392K), 0.0031834 secs]
44.334: [GC 38373K->22702K(83392K), 0.0024582 secs]
44.350: [GC 38702K->22584K(83392K), 0.0024834 secs]
44.367: [GC 38569K->22839K(83392K), 0.0019814 secs]
44.381: [GC 38829K->22932K(83392K), 0.0015239 secs]
44.396: [GC 38902K->22875K(83392K), 0.0015283 secs]
44.410: [GC 38865K->22898K(83392K), 0.0021097 secs]
44.426: [GC 38886K->23092K(83392K), 0.0017150 secs]
44.439: [GC 39049K->23428K(83392K), 0.0019516 secs]
44.453: [GC 39396K->23397K(83392K), 0.0016099 secs]
44.471: [GC 39397K->23571K(83392K), 0.0023350 secs]
44.486: [GC 39545K->23968K(83392K), 0.0019206 secs]
44.500: [GC 39938K->23993K(83392K), 0.0017757 secs]
44.514: [GC 39871K->23943K(83392K), 0.0019354 secs]
44.529: [GC 39930K->24064K(83392K), 0.0016952 secs]
44.542: [GC 40038K->23958K(83392K), 0.0016470 secs]
44.555: [GC 39932K->24764K(83392K), 0.0024232 secs]
44.569: [GC 40751K->24565K(83392K), 0.0017246 secs]
44.583: [GC 40561K->24724K(83392K), 0.0022522 secs]
44.598: [GC 40703K->25204K(83392K), 0.0020751 secs]
44.614: [GC 41174K->25389K(83392K), 0.0020451 secs]
44.629: [GC 41358K->25321K(83392K), 0.0019014 secs]
44.644: [GC 41300K->25377K(83392K), 0.0017394 secs]
44.658: [GC 41340K->25265K(83392K), 0.0033476 secs]
44.675: [GC 41252K->25445K(83392K), 0.0017803 secs]
44.689: [GC 41435K->26410K(83392K), 0.0021307 secs]
44.707: [GC 42370K->26294K(83392K), 0.0021565 secs]
44.723: [GC 42286K->26154K(83392K), 0.0024689 secs]
44.737: [GC 42147K->26515K(83392K), 0.0019403 secs]
44.751: [GC 42472K->26697K(83392K), 0.0023936 secs]
44.765: [GC 42697K->26761K(83392K), 0.0020091 secs]
44.779: [GC 42754K->27431K(83392K), 0.0023783 secs]
44.797: [GC 43402K->27536K(83392K), 0.0021325 secs]
44.811: [GC 43517K->27541K(83392K), 0.0020936 secs]
44.827: [GC 43529K->27828K(83392K), 0.0023970 secs]
44.841: [GC 43818K->27775K(83392K), 0.0025862 secs]
44.855: [GC 43775K->28541K(83392K), 0.0022677 secs]
44.869: [GC 44467K->28615K(83392K), 0.0029649 secs]
44.883: [GC 44597K->28626K(83392K), 0.0017517 secs]
44.898: [GC 44584K->28694K(83392K), 0.0018040 secs]
44.912: [GC 44667K->28948K(83392K), 0.0019107 secs]
44.926: [GC 44936K->29366K(83392K), 0.0021500 secs]
44.940: [GC 45360K->30109K(83392K), 0.0024046 secs]
44.954: [GC 46084K->30167K(83392K), 0.0026162 secs]
44.969: [GC 46099K->30230K(83392K), 0.0019184 secs]
44.983: [GC 46152K->30615K(83392K), 0.0022171 secs]
44.997: [GC 46581K->30481K(83392K), 0.0020948 secs]
45.011: [GC 46444K->31099K(83392K), 0.0023789 secs]
45.025: [GC 47036K->31175K(83392K), 0.0023647 secs]
45.039: [GC 47149K->31769K(83392K), 0.0021461 secs]
45.055: [GC 47729K->32500K(83392K), 0.0026356 secs]
45.070: [GC 48476K->32914K(83392K), 0.0032697 secs]
45.085: [GC 48898K->33275K(83392K), 0.0025722 secs]
45.099: [GC 49271K->33961K(83392K), 0.0022999 secs]
45.113: [GC 49949K->34434K(83392K), 0.0030621 secs]
45.129: [GC 50413K->34825K(83392K), 0.0026288 secs]
45.144: [GC 50783K->35041K(83392K), 0.0022845 secs]
45.158: [GC 50962K->35115K(83392K), 0.0027611 secs]
45.173: [GC 51078K->36489K(83392K), 0.0027229 secs]
45.187: [GC 52488K->37171K(83392K), 0.0040550 secs]
45.194: [GC 40146K(83392K), 0.0008212 secs]
45.209: [GC 53151K->37372K(83392K), 0.0015675 secs]
45.231: [GC 53257K->37421K(83392K), 0.0018222 secs]
45.248: [GC 53396K->37273K(83392K), 0.0023941 secs]
45.272: [GC 53273K->37525K(83392K), 0.0017974 secs]
45.287: [GC 53518K->38451K(83392K), 0.0023394 secs]
45.300: [GC 54443K->38647K(83392K), 0.0026888 secs]
45.315: [GC 54643K->38753K(83392K), 0.0024087 secs]
45.329: [GC 54732K->39578K(83392K), 0.0027596 secs]
45.346: [GC 55535K->39171K(83392K), 0.0026322 secs]
45.361: [GC 55143K->39903K(83392K), 0.0022151 secs]
45.376: [GC 55859K->40017K(83392K), 0.0022820 secs]
45.391: [GC 56014K->40259K(83392K), 0.0025083 secs]
45.405: [GC 56210K->40546K(83392K), 0.0026655 secs]
45.421: [GC 56529K->41058K(83392K), 0.0029720 secs]
45.435: [GC 57005K->41210K(83392K), 0.0024654 secs]
45.450: [GC 57197K->41717K(83392K), 0.0023674 secs]
45.465: [GC 57702K->42116K(83392K), 0.0031355 secs]
45.480: [GC 58112K->42437K(83392K), 0.0026119 secs]
45.495: [GC 58427K->42503K(83392K), 0.0019275 secs]
45.508: [GC 58475K->42872K(83392K), 0.0023896 secs]
45.524: [GC 58872K->42917K(83392K), 0.0023569 secs]
45.540: [GC 58916K->43532K(83392K), 0.0030940 secs]
45.557: [GC 59434K->44172K(83392K), 0.0035619 secs]
45.574: [GC 60055K->44376K(83392K), 0.0024623 secs]
45.589: [GC 60354K->44755K(83392K), 0.0024045 secs]
45.608: [GC 60735K->45234K(83392K), 0.0034894 secs]
45.626: [GC 61187K->45766K(83392K), 0.0030392 secs]
45.641: [GC 61676K->46377K(83392K), 0.0026166 secs]
45.663: [GC 62331K->46377K(83392K), 0.0026976 secs]
45.679: [GC 62377K->46471K(83392K), 0.0022149 secs]
45.694: [GC 62453K->46728K(83392K), 0.0022769 secs]
45.709: [GC 62710K->47422K(83392K), 0.0030264 secs]
45.725: [GC 63363K->47730K(83392K), 0.0028929 secs]
45.742: [GC 63730K->48146K(83392K), 0.0028165 secs]
45.763: [GC 64113K->47944K(83392K), 0.0019182 secs]
45.778: [GC 63930K->48602K(83392K), 0.0021105 secs]
45.792: [GC 64587K->48978K(83392K), 0.0028433 secs]
45.796: [GC 50122K(83392K), 0.0012474 secs]
45.810: [GC 62019K->46321K(83392K), 0.0025024 secs]
45.826: [GC 37494K->21360K(83392K), 0.0021987 secs]
45.840: [GC 37333K->21365K(83392K), 0.0012901 secs]
45.854: [GC 37365K->21841K(83392K), 0.0023814 secs]
45.868: [GC 37804K->22037K(83392K), 0.0023924 secs]
45.884: [GC 37999K->22209K(83392K), 0.0020740 secs]
45.898: [GC 38157K->22140K(83392K), 0.0026586 secs]
45.912: [GC 38063K->22283K(83392K), 0.0020312 secs]
45.927: [GC 38276K->22853K(83392K), 0.0025122 secs]
45.941: [GC 38839K->22919K(83392K), 0.0024809 secs]
45.955: [GC 38897K->22898K(83392K), 0.0019086 secs]
45.974: [GC 38872K->23078K(83392K), 0.0018549 secs]
45.990: [GC 39056K->23341K(83392K), 0.0024320 secs]
46.009: [GC 39337K->23738K(83392K), 0.0023815 secs]
46.030: [GC 39699K->23569K(83392K), 0.0019208 secs]
46.044: [GC 39534K->23667K(83392K), 0.0019496 secs]
46.059: [GC 39650K->23800K(83392K), 0.0022779 secs]
46.076: [GC 39783K->24061K(83392K), 0.0025388 secs]
46.091: [GC 40017K->24349K(83392K), 0.0021261 secs]
46.105: [GC 40320K->24702K(83392K), 0.0024391 secs]
46.128: [GC 40701K->24560K(83392K), 0.0022508 secs]
46.142: [GC 40544K->24599K(83392K), 0.0013210 secs]
46.161: [GC 40599K->25010K(83392K), 0.0019368 secs]
46.176: [GC 41010K->25042K(83392K), 0.0018040 secs]
46.191: [GC 41027K->25385K(83392K), 0.0020276 secs]
46.206: [GC 41364K->25479K(83392K), 0.0018107 secs]
46.221: [GC 41432K->25661K(83392K), 0.0029250 secs]
46.237: [GC 41642K->25701K(83392K), 0.0024845 secs]
46.251: [GC 41681K->25945K(83392K), 0.0048789 secs]
46.268: [GC 41940K->26044K(83392K), 0.0047281 secs]
46.284: [GC 42035K->26427K(83392K), 0.0031942 secs]
46.299: [GC 42382K->26624K(83392K), 0.0022093 secs]
46.315: [GC 42502K->26797K(83392K), 0.0019744 secs]
46.330: [GC 42764K->27126K(83392K), 0.0022159 secs]
46.346: [GC 43083K->27591K(83392K), 0.0021877 secs]
46.362: [GC 43558K->27506K(83392K), 0.0015392 secs]
46.377: [GC 43487K->27690K(83392K), 0.0018573 secs]
46.392: [GC 43675K->27746K(83392K), 0.0023563 secs]
46.408: [GC 43733K->28071K(83392K), 0.0022987 secs]
46.423: [GC 44059K->28134K(83392K), 0.0024485 secs]
46.438: [GC 44122K->28339K(83392K), 0.0029773 secs]
46.452: [GC 44300K->28495K(83392K), 0.0036857 secs]
46.467: [GC 44478K->28524K(83392K), 0.0028738 secs]
46.484: [GC 44509K->28706K(83392K), 0.0028955 secs]
46.499: [GC 44695K->29289K(83392K), 0.0029296 secs]
46.516: [GC 45266K->29855K(83392K), 0.0025958 secs]
46.532: [GC 45810K->29870K(83392K), 0.0028257 secs]
46.551: [GC 45870K->29764K(83392K), 0.0016880 secs]
46.564: [GC 45741K->30246K(83392K), 0.0021115 secs]
46.578: [GC 46232K->30631K(83392K), 0.0023328 secs]
46.594: [GC 46613K->30999K(83392K), 0.0021970 secs]
46.608: [GC 46996K->31420K(83392K), 0.0038069 secs]
46.623: [GC 47403K->31811K(83392K), 0.0026374 secs]
46.639: [GC 47793K->32067K(83392K), 0.0024918 secs]
46.656: [GC 48008K->32179K(83392K), 0.0021217 secs]
46.671: [GC 48178K->32417K(83392K), 0.0024100 secs]
46.685: [GC 48334K->32377K(83392K), 0.0021731 secs]
46.700: [GC 48372K->32784K(83392K), 0.0021514 secs]
46.719: [GC 48749K->33028K(83392K), 0.0046332 secs]
46.735: [GC 49028K->33277K(83392K), 0.0022963 secs]
46.750: [GC 49277K->33263K(83392K), 0.0020966 secs]
46.766: [GC 49246K->33380K(83392K), 0.0019910 secs]
46.781: [GC 49376K->33692K(83392K), 0.0025073 secs]
46.798: [GC 49687K->33875K(83392K), 0.0018441 secs]
46.815: [GC 49871K->33974K(83392K), 0.0017474 secs]
46.832: [GC 49945K->34683K(83392K), 0.0017739 secs]
46.846: [GC 50646K->34786K(83392K), 0.0031157 secs]
46.862: [GC 50765K->35007K(83392K), 0.0030512 secs]
46.877: [GC 50987K->35227K(83392K), 0.0023415 secs]
46.891: [GC 51226K->35209K(83392K), 0.0017496 secs]
46.905: [GC 51114K->35353K(83392K), 0.0019833 secs]
46.920: [GC 51335K->35725K(83392K), 0.0026211 secs]
46.934: [GC 51701K->36438K(83392K), 0.0024371 secs]
46.949: [GC 52433K->36939K(83392K), 0.0025616 secs]
46.964: [GC 52936K->36953K(83392K), 0.0024863 secs]
46.980: [GC 52945K->38236K(83392K), 0.0028927 secs]
46.994: [GC 54178K->38779K(83392K), 0.0033183 secs]
47.014: [GC 54778K->39461K(83392K), 0.0018433 secs]
47.027: [GC 55420K->39718K(83392K), 0.0022747 secs]
47.041: [GC 55658K->40670K(83392K), 0.0034254 secs]
47.059: [GC 56646K->40938K(83392K), 0.0035214 secs]
47.076: [GC 56884K->41188K(83392K), 0.0019719 secs]
47.090: [GC 57135K->41408K(83392K), 0.0034657 secs]
47.105: [GC 56248K(83392K), 0.0015764 secs]
47.109: [GC 57363K->41734K(83392K), 0.0019357 secs]
47.125: [GC 57676K->41928K(83392K), 0.0034290 secs]
47.144: [GC 57928K->41683K(83392K), 0.0017242 secs]
47.160: [GC 57669K->41776K(83392K), 0.0027943 secs]
47.180: [GC 57757K->42190K(83392K), 0.0020537 secs]
47.198: [GC 58152K->42519K(83392K), 0.0019146 secs]
47.214: [GC 58464K->42702K(83392K), 0.0019677 secs]
47.229: [GC 58690K->43357K(83392K), 0.0031577 secs]
47.248: [GC 59323K->43217K(83392K), 0.0024654 secs]
47.264: [GC 59217K->43747K(83392K), 0.0030305 secs]
47.282: [GC 59711K->44146K(83392K), 0.0041024 secs]
47.299: [GC 60120K->44676K(83392K), 0.0027193 secs]
47.315: [GC 60674K->44969K(83392K), 0.0032241 secs]
47.333: [GC 60960K->45234K(83392K), 0.0026102 secs]
47.350: [GC 61228K->45447K(83392K), 0.0017735 secs]
47.365: [GC 61442K->45860K(83392K), 0.0023224 secs]
47.383: [GC 61860K->45676K(83392K), 0.0019831 secs]
47.399: [GC 61640K->45840K(83392K), 0.0032483 secs]
47.416: [GC 61784K->46061K(83392K), 0.0026658 secs]
47.432: [GC 62036K->46073K(83392K), 0.0019715 secs]
47.447: [GC 62073K->46164K(83392K), 0.0023244 secs]
47.464: [GC 62105K->45761K(83392K), 0.0028706 secs]
47.481: [GC 61697K->46400K(83392K), 0.0018145 secs]
47.497: [GC 62360K->46738K(83392K), 0.0019303 secs]
47.511: [GC 62638K->46746K(83392K), 0.0020495 secs]
47.526: [GC 62740K->46876K(83392K), 0.0021402 secs]
47.540: [GC 62870K->47962K(83392K), 0.0030905 secs]
47.555: [GC 63940K->47580K(83392K), 0.0023780 secs]
47.573: [GC 63580K->47800K(83392K), 0.0019710 secs]
47.587: [GC 63762K->48274K(83392K), 0.0050264 secs]
47.606: [GC 64274K->48641K(83392K), 0.0022532 secs]
47.624: [GC 64628K->48609K(83392K), 0.0021085 secs]
47.637: [GC 64587K->48977K(83392K), 0.0034431 secs]
47.654: [GC 64954K->49119K(83392K), 0.0028504 secs]
47.668: [GC 65092K->50646K(83392K), 0.0043223 secs]
47.686: [GC 66603K->51057K(83392K), 0.0032950 secs]
47.705: [GC 67057K->51231K(83392K), 0.0015060 secs]
47.719: [GC 67181K->51752K(83392K), 0.0024167 secs]
47.736: [GC 67744K->52055K(83392K), 0.0022714 secs]
47.752: [GC 68049K->52116K(83392K), 0.0020816 secs]
47.767: [GC 68105K->52630K(83392K), 0.0025693 secs]
47.783: [GC 68629K->52876K(83392K), 0.0028448 secs]
47.799: [GC 68872K->53045K(83392K), 0.0024557 secs]
47.815: [GC 69030K->53168K(83392K), 0.0021352 secs]
47.830: [GC 69165K->53423K(83392K), 0.0018917 secs]
47.845: [GC 69399K->53408K(83392K), 0.0021967 secs]
47.860: [GC 69393K->53561K(83392K), 0.0018224 secs]
47.878: [GC 69543K->53707K(83392K), 0.0031957 secs]
47.892: [GC 69682K->53767K(83392K), 0.0027880 secs]
47.911: [GC 69751K->53992K(83392K), 0.0018793 secs]
47.926: [GC 69959K->54125K(83392K), 0.0024403 secs]
47.941: [GC 70117K->54393K(83392K), 0.0019831 secs]
47.956: [GC 70374K->54371K(83392K), 0.0017208 secs]
47.964: [GC 61291K(83392K), 0.0013274 secs]
47.975: [GC 70191K->54804K(83392K), 0.0023606 secs]
47.990: [GC 37965K->22335K(83392K), 0.0024522 secs]
48.009: [GC 38335K->22494K(83392K), 0.0039409 secs]
48.031: [GC 38494K->22026K(83392K), 0.0026727 secs]
48.047: [GC 38024K->22073K(83392K), 0.0015726 secs]
48.062: [GC 38060K->22142K(83392K), 0.0017323 secs]
48.075: [GC 38124K->22308K(83392K), 0.0022780 secs]
48.090: [GC 38285K->22601K(83392K), 0.0019281 secs]
48.103: [GC 38567K->23054K(83392K), 0.0017562 secs]
48.117: [GC 39045K->23099K(83392K), 0.0018971 secs]
48.131: [GC 39081K->23062K(83392K), 0.0017155 secs]
48.147: [GC 39062K->23330K(83392K), 0.0024831 secs]
48.163: [GC 39305K->24120K(83392K), 0.0022388 secs]
48.178: [GC 40088K->24514K(83392K), 0.0021855 secs]
48.193: [GC 40514K->24863K(83392K), 0.0025933 secs]
48.208: [GC 40824K->25317K(83392K), 0.0031206 secs]
48.225: [GC 41283K->25306K(83392K), 0.0015491 secs]
48.238: [GC 41294K->25533K(83392K), 0.0022612 secs]
48.254: [GC 41513K->25795K(83392K), 0.0019856 secs]
48.268: [GC 41747K->25648K(83392K), 0.0020245 secs]
48.283: [GC 41591K->25725K(83392K), 0.0017803 secs]
48.302: [GC 41706K->25492K(83392K), 0.0016409 secs]
48.317: [GC 41483K->25720K(83392K), 0.0014671 secs]
48.331: [GC 41672K->25811K(83392K), 0.0015424 secs]
48.344: [GC 41801K->26175K(83392K), 0.0017094 secs]
48.359: [GC 42071K->26311K(83392K), 0.0044991 secs]
48.376: [GC 42256K->26435K(83392K), 0.0022729 secs]
48.391: [GC 42277K->26905K(83392K), 0.0024158 secs]
48.410: [GC 42878K->27347K(83392K), 0.0030217 secs]
48.426: [GC 43303K->27718K(83392K), 0.0027707 secs]
48.442: [GC 43714K->27610K(83392K), 0.0017548 secs]
48.457: [GC 43588K->28620K(83392K), 0.0028576 secs]
48.472: [GC 44563K->28556K(83392K), 0.0024582 secs]
48.487: [GC 44522K->28616K(83392K), 0.0017959 secs]
48.505: [GC 44616K->28670K(83392K), 0.0019449 secs]
48.519: [GC 44657K->28746K(83392K), 0.0023012 secs]
48.533: [GC 44737K->28798K(83392K), 0.0016736 secs]
48.547: [GC 44743K->28998K(83392K), 0.0019493 secs]
48.561: [GC 44932K->28980K(83392K), 0.0016733 secs]
48.576: [GC 44977K->28990K(83392K), 0.0014949 secs]
48.590: [GC 44984K->29054K(83392K), 0.0016875 secs]
48.603: [GC 45043K->29607K(83392K), 0.0018379 secs]
48.621: [GC 45590K->29905K(83392K), 0.0031837 secs]
48.637: [GC 45885K->30025K(83392K), 0.0019644 secs]
48.652: [GC 46002K->29825K(83392K), 0.0018078 secs]
48.666: [GC 45823K->30158K(83392K), 0.0019908 secs]
48.682: [GC 46127K->29946K(83392K), 0.0021601 secs]
48.696: [GC 45934K->29977K(83392K), 0.0017728 secs]
48.711: [GC 45937K->30587K(83392K), 0.0017007 secs]
48.726: [GC 46554K->31181K(83392K), 0.0022563 secs]
48.741: [GC 47159K->31099K(83392K), 0.0024615 secs]
48.755: [GC 47092K->31083K(83392K), 0.0020157 secs]
48.769: [GC 47015K->31186K(83392K), 0.0020146 secs]
48.788: [GC 47186K->30947K(83392K), 0.0018933 secs]
48.803: [GC 46911K->30970K(83392K), 0.0015774 secs]
48.816: [GC 46964K->31062K(83392K), 0.0017411 secs]
48.830: [GC 46995K->31465K(83392K), 0.0017224 secs]
48.848: [GC 47451K->31552K(83392K), 0.0019031 secs]
48.864: [GC 47542K->31868K(83392K), 0.0024960 secs]
48.880: [GC 47860K->32435K(83392K), 0.0025211 secs]
48.896: [GC 48435K->32390K(83392K), 0.0020127 secs]
48.913: [GC 48390K->32855K(83392K), 0.0028594 secs]
48.929: [GC 48855K->32677K(83392K), 0.0020027 secs]
48.943: [GC 48635K->32643K(83392K), 0.0016724 secs]
48.957: [GC 48636K->32898K(83392K), 0.0016842 secs]
48.973: [GC 48888K->33758K(83392K), 0.0024263 secs]
48.987: [GC 49743K->34007K(83392K), 0.0026766 secs]
49.003: [GC 49983K->33989K(83392K), 0.0023434 secs]
49.017: [GC 49971K->34381K(83392K), 0.0015471 secs]
49.034: [GC 50358K->34787K(83392K), 0.0024911 secs]
49.051: [GC 50780K->34745K(83392K), 0.0022426 secs]
49.066: [GC 50702K->34897K(83392K), 0.0020003 secs]
49.082: [GC 50896K->35180K(83392K), 0.0018245 secs]
49.096: [GC 51151K->35187K(83392K), 0.0018203 secs]
49.109: [GC 51100K->35259K(83392K), 0.0021401 secs]
49.123: [GC 51239K->35293K(83392K), 0.0020097 secs]
49.138: [GC 51225K->36017K(83392K), 0.0018312 secs]
49.151: [GC 52016K->36332K(83392K), 0.0023358 secs]
49.165: [GC 52328K->36493K(83392K), 0.0022942 secs]
49.180: [GC 52452K->36740K(83392K), 0.0023974 secs]
49.194: [GC 52681K->36996K(83392K), 0.0021203 secs]
49.208: [GC 52995K->37474K(83392K), 0.0027705 secs]
49.224: [GC 53445K->37803K(83392K), 0.0025829 secs]
49.238: [GC 53778K->37992K(83392K), 0.0028141 secs]
49.256: [GC 53946K->38373K(83392K), 0.0019686 secs]
49.275: [GC 54351K->38278K(83392K), 0.0018500 secs]
49.289: [GC 54278K->38784K(83392K), 0.0022174 secs]
49.310: [GC 54784K->38215K(83392K), 0.0019833 secs]
49.324: [GC 54152K->38409K(83392K), 0.0019099 secs]
49.339: [GC 54361K->38449K(83392K), 0.0020728 secs]
49.353: [GC 54407K->38670K(83392K), 0.0020596 secs]
49.368: [GC 54665K->38694K(83392K), 0.0020716 secs]
49.382: [GC 54688K->38837K(83392K), 0.0018758 secs]
49.397: [GC 54822K->38837K(83392K), 0.0016701 secs]
49.410: [GC 54830K->38716K(83392K), 0.0018259 secs]
49.425: [GC 54684K->38965K(83392K), 0.0018861 secs]
49.440: [GC 54958K->39045K(83392K), 0.0016316 secs]
49.454: [GC 55024K->39447K(83392K), 0.0026773 secs]
49.469: [GC 55423K->39795K(83392K), 0.0020985 secs]
49.485: [GC 55789K->39878K(83392K), 0.0028773 secs]
49.500: [GC 55856K->40503K(83392K), 0.0021842 secs]
49.514: [GC 56476K->40515K(83392K), 0.0025499 secs]
49.530: [GC 56498K->40831K(83392K), 0.0021636 secs]
49.545: [GC 56796K->41124K(83392K), 0.0022675 secs]
49.559: [GC 57070K->41160K(83392K), 0.0021319 secs]
49.573: [GC 57139K->41634K(83392K), 0.0021818 secs]
49.588: [GC 57631K->41474K(83392K), 0.0025081 secs]
49.603: [GC 57470K->42335K(83392K), 0.0026470 secs]
49.618: [GC 58312K->42219K(83392K), 0.0027848 secs]
49.633: [GC 58175K->42473K(83392K), 0.0022198 secs]
49.647: [GC 58446K->42677K(83392K), 0.0037134 secs]
49.667: [GC 58677K->43298K(83392K), 0.0028006 secs]
49.685: [GC 59260K->43354K(83392K), 0.0024696 secs]
49.700: [GC 59347K->43338K(83392K), 0.0024973 secs]
49.714: [GC 59272K->43885K(83392K), 0.0022275 secs]
49.730: [GC 59769K->44411K(83392K), 0.0029984 secs]
49.754: [GC 60345K->44430K(83392K), 0.0022545 secs]
49.770: [GC 60430K->44588K(83392K), 0.0050275 secs]
49.791: [GC 60573K->44101K(83392K), 0.0020440 secs]
49.806: [GC 60101K->44357K(83392K), 0.0016617 secs]
49.821: [GC 60334K->44526K(83392K), 0.0017743 secs]
49.835: [GC 60491K->44414K(83392K), 0.0014414 secs]
49.849: [GC 60382K->44648K(83392K), 0.0015383 secs]
49.866: [GC 60641K->44833K(83392K), 0.0018856 secs]
49.881: [GC 60833K->45005K(83392K), 0.0021782 secs]
49.897: [GC 61005K->44778K(83392K), 0.0017009 secs]
49.910: [GC 60773K->44874K(83392K), 0.0020698 secs]
49.925: [GC 60858K->44804K(83392K), 0.0017044 secs]
49.938: [GC 60774K->44807K(83392K), 0.0016268 secs]
49.952: [GC 60754K->45237K(83392K), 0.0016882 secs]
49.966: [GC 61214K->45163K(83392K), 0.0015670 secs]
49.979: [GC 61104K->45484K(83392K), 0.0018144 secs]
49.993: [GC 61435K->45257K(83392K), 0.0016862 secs]
50.007: [GC 61247K->45540K(83392K), 0.0019243 secs]
50.020: [GC 61509K->45860K(83392K), 0.0027596 secs]
50.036: [GC 61842K->45669K(83392K), 0.0019744 secs]
50.050: [GC 61623K->46005K(83392K), 0.0019746 secs]
50.063: [GC 61974K->46253K(83392K), 0.0024522 secs]
50.078: [GC 62243K->46189K(83392K), 0.0017009 secs]
50.094: [GC 62143K->47086K(83392K), 0.0021612 secs]
50.109: [GC 63086K->47517K(83392K), 0.0030089 secs]
50.123: [GC 63445K->47293K(83392K), 0.0025412 secs]
50.138: [GC 63279K->47745K(83392K), 0.0020176 secs]
50.152: [GC 63648K->47839K(83392K), 0.0022446 secs]
50.166: [GC 63793K->48278K(83392K), 0.0022024 secs]
50.186: [GC 64175K->48171K(83392K), 0.0021014 secs]
50.205: [GC 64118K->48103K(83392K), 0.0015799 secs]
50.218: [GC 64084K->48487K(83392K), 0.0018649 secs]
50.234: [GC 64487K->48294K(83392K), 0.0019577 secs]
50.247: [GC 64294K->48670K(83392K), 0.0022315 secs]
50.262: [GC 64668K->48740K(83392K), 0.0072165 secs]
50.281: [GC 64681K->48752K(83392K), 0.0022376 secs]
50.299: [GC 64746K->48769K(83392K), 0.0021040 secs]
50.317: [GC 64769K->48718K(83392K), 0.0036492 secs]
50.335: [GC 64671K->48799K(83392K), 0.0023667 secs]
50.349: [GC 64768K->48884K(83392K), 0.0020068 secs]
50.364: [GC 64884K->49117K(83392K), 0.0021645 secs]
50.380: [GC 65109K->48893K(83392K), 0.0022011 secs]
50.394: [GC 64866K->49171K(83392K), 0.0019114 secs]
50.410: [GC 65171K->49013K(83392K), 0.0021503 secs]
50.427: [GC 65008K->49037K(83392K), 0.0021426 secs]
50.446: [GC 64997K->49072K(83392K), 0.0018520 secs]
50.459: [GC 65069K->49188K(83392K), 0.0021714 secs]
50.474: [GC 65177K->49246K(83392K), 0.0013765 secs]
50.489: [GC 65198K->49313K(83392K), 0.0013428 secs]
50.503: [GC 65266K->49278K(83392K), 0.0017229 secs]
50.517: [GC 65265K->49387K(83392K), 0.0014849 secs]
50.530: [GC 65386K->49872K(83392K), 0.0019537 secs]
50.543: [GC 65863K->49670K(83392K), 0.0015279 secs]
50.557: [GC 65656K->50182K(83392K), 0.0021022 secs]
50.571: [GC 66160K->50210K(83392K), 0.0021455 secs]
50.585: [GC 66186K->50183K(83392K), 0.0022298 secs]
50.599: [GC 66132K->50388K(83392K), 0.0015862 secs]
50.613: [GC 66310K->50506K(83392K), 0.0014672 secs]
50.628: [GC 66458K->50660K(83392K), 0.0020204 secs]
50.641: [GC 66652K->50682K(83392K), 0.0015893 secs]
50.655: [GC 66624K->50621K(83392K), 0.0025446 secs]
50.670: [GC 66601K->50588K(83392K), 0.0023230 secs]
50.685: [GC 66580K->50803K(83392K), 0.0015779 secs]
50.698: [GC 66753K->51092K(83392K), 0.0018023 secs]
50.714: [GC 67078K->50985K(83392K), 0.0018292 secs]
50.730: [GC 66971K->51620K(83392K), 0.0017746 secs]
50.745: [GC 67600K->51656K(83392K), 0.0019588 secs]
50.759: [GC 67648K->51887K(83392K), 0.0023354 secs]
50.776: [GC 67750K->51753K(83392K), 0.0018624 secs]
50.791: [GC 67728K->51761K(83392K), 0.0020584 secs]
50.805: [GC 67746K->51858K(83392K), 0.0016133 secs]
50.818: [GC 67825K->51898K(83392K), 0.0020798 secs]
50.835: [GC 67873K->52283K(83392K), 0.0015905 secs]
50.849: [GC 68263K->52589K(83392K), 0.0018059 secs]
50.863: [GC 68577K->53014K(83392K), 0.0023004 secs]
50.878: [GC 68996K->52750K(83392K), 0.0018463 secs]
50.893: [GC 68697K->52607K(83392K), 0.0015386 secs]
50.905: [GC 68541K->52968K(83392K), 0.0018828 secs]
50.919: [GC 68933K->52954K(83392K), 0.0017441 secs]
50.936: [GC 68902K->53122K(83392K), 0.0017688 secs]
50.949: [GC 69042K->53682K(83392K), 0.0025605 secs]
50.965: [GC 69674K->53952K(83392K), 0.0022639 secs]
50.980: [GC 69935K->54018K(83392K), 0.0021626 secs]
50.994: [GC 69989K->54731K(83392K), 0.0025524 secs]
51.012: [GC 70724K->54792K(83392K), 0.0025407 secs]
51.015: [GC 54988K(83392K), 0.0007142 secs]
51.030: [GC 70765K->55340K(83392K), 0.0025148 secs]
51.048: [GC 71315K->55490K(83392K), 0.0024705 secs]
51.063: [GC 71489K->55522K(83392K), 0.0017564 secs]
51.081: [GC 71513K->55852K(83392K), 0.0021104 secs]
51.103: [GC 71840K->55929K(83392K), 0.0020551 secs]
51.117: [GC 71918K->56276K(83392K), 0.0019550 secs]
51.131: [GC 72225K->56439K(83392K), 0.0021212 secs]
51.146: [GC 72416K->56786K(83392K), 0.0025004 secs]
51.160: [GC 72765K->56517K(83392K), 0.0018442 secs]
51.173: [GC 72491K->56756K(83392K), 0.0023272 secs]
51.187: [GC 72730K->56883K(83392K), 0.0018750 secs]
51.202: [GC 72864K->57288K(83392K), 0.0024247 secs]
51.216: [GC 73286K->57300K(83392K), 0.0020554 secs]
51.232: [GC 73298K->57545K(83392K), 0.0021400 secs]
51.246: [GC 73536K->57691K(83392K), 0.0017442 secs]
51.261: [GC 73656K->57653K(83392K), 0.0017121 secs]
51.276: [GC 73649K->57807K(83392K), 0.0017314 secs]
51.290: [GC 73781K->57857K(83392K), 0.0016515 secs]
51.305: [GC 73856K->58452K(83392K), 0.0018452 secs]
51.318: [GC 74438K->58227K(83392K), 0.0019777 secs]
51.332: [GC 74175K->58054K(83392K), 0.0015812 secs]
51.348: [GC 73941K->58774K(83392K), 0.0023921 secs]
51.363: [GC 74757K->59100K(83392K), 0.0028378 secs]
51.385: [GC 75100K->59205K(83392K), 0.0018808 secs]
51.402: [GC 75204K->59533K(83392K), 0.0028391 secs]
51.422: [GC 75471K->59695K(83392K), 0.0030959 secs]
51.436: [GC 75659K->60433K(83392K), 0.0028619 secs]
51.452: [GC 76428K->60477K(83392K), 0.0025454 secs]
51.469: [GC 76456K->60803K(83392K), 0.0035422 secs]
51.485: [GC 76763K->61134K(83392K), 0.0026942 secs]
51.500: [GC 77134K->61310K(83392K), 0.0027846 secs]
51.516: [GC 77243K->61511K(83392K), 0.0020787 secs]
51.530: [GC 77485K->61885K(83392K), 0.0026507 secs]
51.547: [GC 77870K->61915K(83392K), 0.0025230 secs]
51.561: [GC 77890K->61995K(83392K), 0.0023398 secs]
51.575: [GC 77892K->62095K(83392K), 0.0019809 secs]
51.590: [GC 78086K->62403K(83392K), 0.0021798 secs]
51.604: [GC 78356K->62761K(83392K), 0.0023238 secs]
51.619: [GC 78701K->62895K(83392K), 0.0023493 secs]
51.633: [GC 78853K->62954K(83392K), 0.0023226 secs]
51.648: [GC 78940K->63335K(83392K), 0.0023040 secs]
51.667: [GC 79302K->63398K(83392K), 0.0027198 secs]
51.683: [GC 79266K->63562K(83392K), 0.0026561 secs]
51.698: [GC 79526K->63776K(83392K), 0.0022799 secs]
51.712: [GC 79767K->63787K(83392K), 0.0022826 secs]
51.727: [GC 79787K->64247K(83392K), 0.0027206 secs]
51.743: [GC 80241K->64330K(83392K), 0.0023377 secs]
51.758: [GC 80309K->64634K(83392K), 0.0030852 secs]
51.772: [GC 80607K->64839K(83392K), 0.0026852 secs]
51.787: [GC 80821K->64814K(83392K), 0.0023941 secs]
51.803: [GC 80813K->64796K(83392K), 0.0020664 secs]
51.816: [GC 80775K->65037K(83392K), 0.0019892 secs]
51.834: [GC 81037K->80903K(83392K), 0.0022883 secs]
51.837: [Full GC 80903K->7910K(83392K), 0.0868610 secs]
51.940: [GC 23782K->8957K(83392K), 0.0013611 secs]
51.955: [GC 24930K->9047K(83392K), 0.0017027 secs]
51.973: [GC 25047K->8793K(83392K), 0.0011586 secs]
51.990: [GC 24792K->8737K(83392K), 0.0022134 secs]
52.004: [GC 24737K->9206K(83392K), 0.0017920 secs]
52.018: [GC 25197K->9658K(83392K), 0.0017644 secs]
52.031: [GC 25648K->9628K(83392K), 0.0020011 secs]
52.045: [GC 25623K->9633K(83392K), 0.0020149 secs]
52.060: [GC 25631K->10097K(83392K), 0.0018854 secs]
52.074: [GC 26036K->10080K(83392K), 0.0020111 secs]
52.088: [GC 26057K->10411K(83392K), 0.0018140 secs]
52.103: [GC 26401K->11092K(83392K), 0.0021133 secs]
52.117: [GC 27080K->11214K(83392K), 0.0027336 secs]
52.133: [GC 27199K->11575K(83392K), 0.0018383 secs]
52.146: [GC 27558K->11458K(83392K), 0.0019853 secs]
52.160: [GC 27458K->11396K(83392K), 0.0012789 secs]
52.175: [GC 27393K->11830K(83392K), 0.0015412 secs]
52.193: [GC 27830K->11725K(83392K), 0.0014535 secs]
52.208: [GC 27704K->11867K(83392K), 0.0016363 secs]
52.221: [GC 27828K->12269K(83392K), 0.0026322 secs]
52.236: [GC 28208K->12581K(83392K), 0.0021460 secs]
52.251: [GC 28473K->12629K(83392K), 0.0018675 secs]
52.264: [GC 28574K->12971K(83392K), 0.0020540 secs]
52.283: [GC 28950K->12953K(83392K), 0.0018405 secs]
52.297: [GC 28931K->13193K(83392K), 0.0017462 secs]
52.310: [GC 29189K->13584K(83392K), 0.0020042 secs]
52.330: [GC 29584K->13514K(83392K), 0.0015600 secs]
52.343: [GC 29466K->14093K(83392K), 0.0020662 secs]
52.358: [GC 30071K->14550K(83392K), 0.0022089 secs]
52.373: [GC 30547K->14389K(83392K), 0.0023111 secs]
52.389: [GC 30362K->14617K(83392K), 0.0017845 secs]
52.403: [GC 30599K->14594K(83392K), 0.0018380 secs]
52.417: [GC 30584K->14717K(83392K), 0.0020057 secs]
52.430: [GC 30692K->14534K(83392K), 0.0016950 secs]
52.445: [GC 30529K->15012K(83392K), 0.0015763 secs]
52.459: [GC 30955K->14695K(83392K), 0.0016039 secs]
52.472: [GC 30689K->15087K(83392K), 0.0021254 secs]
52.488: [GC 31087K->15469K(83392K), 0.0017498 secs]
52.507: [GC 31469K->15325K(83392K), 0.0015907 secs]
52.524: [GC 31296K->15673K(83392K), 0.0015865 secs]
52.538: [GC 31613K->15922K(83392K), 0.0019232 secs]
52.551: [GC 31891K->16364K(83392K), 0.0022118 secs]
52.566: [GC 32358K->16942K(83392K), 0.0022142 secs]
52.580: [GC 32940K->16902K(83392K), 0.0027760 secs]
52.595: [GC 32855K->17085K(83392K), 0.0019665 secs]
52.609: [GC 33072K->17698K(83392K), 0.0030106 secs]
52.625: [GC 33688K->17764K(83392K), 0.0027728 secs]
52.640: [GC 33748K->17629K(83392K), 0.0013586 secs]
52.654: [GC 33612K->17819K(83392K), 0.0014554 secs]
52.674: [GC 33812K->18296K(83392K), 0.0019420 secs]
52.689: [GC 34280K->18309K(83392K), 0.0017521 secs]
52.707: [GC 34255K->18451K(83392K), 0.0016786 secs]
52.722: [GC 34422K->18812K(83392K), 0.0023912 secs]
52.736: [GC 34811K->18843K(83392K), 0.0017896 secs]
52.752: [GC 34813K->19273K(83392K), 0.0021455 secs]
52.768: [GC 35267K->19217K(83392K), 0.0018453 secs]
52.782: [GC 35208K->19457K(83392K), 0.0018244 secs]
52.795: [GC 35450K->19550K(83392K), 0.0015909 secs]
52.811: [GC 35520K->19856K(83392K), 0.0022802 secs]
52.826: [GC 35856K->20257K(83392K), 0.0019296 secs]
52.840: [GC 36244K->20098K(83392K), 0.0025508 secs]
52.856: [GC 36060K->20536K(83392K), 0.0019451 secs]
52.871: [GC 36528K->20595K(83392K), 0.0030939 secs]
52.886: [GC 36572K->21020K(83392K), 0.0018061 secs]
52.900: [GC 37019K->21127K(83392K), 0.0021307 secs]
52.914: [GC 37125K->21307K(83392K), 0.0018505 secs]
52.928: [GC 37307K->21248K(83392K), 0.0017823 secs]
52.944: [GC 37248K->21476K(83392K), 0.0024363 secs]
52.959: [GC 37468K->21950K(83392K), 0.0023014 secs]
52.975: [GC 37944K->22144K(83392K), 0.0021468 secs]
52.989: [GC 38139K->22319K(83392K), 0.0019709 secs]
53.003: [GC 38314K->22736K(83392K), 0.0024927 secs]
53.018: [GC 38734K->22606K(83392K), 0.0018277 secs]
53.033: [GC 38606K->22622K(83392K), 0.0016260 secs]
53.049: [GC 38583K->22915K(83392K), 0.0015355 secs]
53.068: [GC 38868K->22910K(83392K), 0.0026323 secs]
53.083: [GC 38874K->22904K(83392K), 0.0018610 secs]
53.098: [GC 38875K->22966K(83392K), 0.0017479 secs]
53.113: [GC 38966K->22919K(83392K), 0.0011628 secs]
53.127: [GC 38917K->22952K(83392K), 0.0011510 secs]
53.142: [GC 38915K->23538K(83392K), 0.0013249 secs]
53.157: [GC 39526K->23395K(83392K), 0.0011027 secs]
53.171: [GC 39390K->23619K(83392K), 0.0024088 secs]
53.193: [GC 39619K->23555K(83392K), 0.0024573 secs]
53.208: [GC 39492K->24064K(83392K), 0.0020788 secs]
53.224: [GC 40047K->24248K(83392K), 0.0017594 secs]
53.239: [GC 40182K->24544K(83392K), 0.0019809 secs]
53.253: [GC 40542K->24802K(83392K), 0.0020470 secs]
53.268: [GC 40802K->24928K(83392K), 0.0026560 secs]
53.284: [GC 40803K->25097K(83392K), 0.0018211 secs]
53.298: [GC 41072K->24965K(83392K), 0.0019841 secs]
53.314: [GC 40952K->25207K(83392K), 0.0021657 secs]
53.331: [GC 41191K->25459K(83392K), 0.0026247 secs]
53.347: [GC 41442K->25864K(83392K), 0.0027705 secs]
53.363: [GC 41787K->26460K(83392K), 0.0025130 secs]
53.379: [GC 42423K->26697K(83392K), 0.0019280 secs]
53.394: [GC 42648K->26928K(83392K), 0.0029427 secs]
53.410: [GC 42869K->27640K(83392K), 0.0032197 secs]
53.427: [GC 43627K->27644K(83392K), 0.0024554 secs]
53.442: [GC 43584K->28127K(83392K), 0.0036928 secs]
53.458: [GC 44107K->28423K(83392K), 0.0024975 secs]
53.475: [GC 44328K->29458K(83392K), 0.0023087 secs]
53.490: [GC 45386K->29558K(83392K), 0.0026798 secs]
53.506: [GC 45558K->29692K(83392K), 0.0021359 secs]
53.522: [GC 45664K->29883K(83392K), 0.0024315 secs]
53.535: [GC 45879K->30362K(83392K), 0.0022995 secs]
53.552: [GC 46300K->30559K(83392K), 0.0025368 secs]
53.567: [GC 46549K->31072K(83392K), 0.0023581 secs]
53.582: [GC 46978K->31307K(83392K), 0.0025385 secs]
53.597: [GC 47257K->31299K(83392K), 0.0018211 secs]
53.611: [GC 47222K->32052K(83392K), 0.0022849 secs]
53.628: [GC 48052K->32511K(83392K), 0.0035108 secs]
53.644: [GC 48419K->32474K(83392K), 0.0026828 secs]
53.663: [GC 48450K->33339K(83392K), 0.0019691 secs]
53.678: [GC 49339K->33902K(83392K), 0.0030744 secs]
53.696: [GC 49879K->33507K(83392K), 0.0030132 secs]
53.711: [GC 49489K->33867K(83392K), 0.0015411 secs]
53.730: [GC 49822K->34692K(83392K), 0.0021789 secs]
53.747: [GC 50666K->34930K(83392K), 0.0023507 secs]
53.763: [GC 50926K->35016K(83392K), 0.0019043 secs]
53.777: [GC 51007K->35010K(83392K), 0.0035325 secs]
53.800: [GC 50986K->35080K(83392K), 0.0013104 secs]
53.817: [GC 51080K->35715K(83392K), 0.0024910 secs]
53.832: [GC 51670K->36609K(83392K), 0.0027909 secs]
53.848: [GC 52609K->36559K(83392K), 0.0025764 secs]
53.862: [GC 52553K->36996K(83392K), 0.0020784 secs]
53.878: [GC 52907K->37192K(83392K), 0.0024739 secs]
53.893: [GC 53192K->37692K(83392K), 0.0019819 secs]
53.907: [GC 53649K->37856K(83392K), 0.0022768 secs]
53.921: [GC 53832K->38237K(83392K), 0.0032393 secs]
53.936: [GC 54218K->38123K(83392K), 0.0020318 secs]
53.951: [GC 54082K->38306K(83392K), 0.0016234 secs]
53.965: [GC 54305K->38468K(83392K), 0.0016507 secs]
53.980: [GC 54462K->38616K(83392K), 0.0022404 secs]
53.997: [GC 54592K->38540K(83392K), 0.0013883 secs]
54.011: [GC 54451K->38940K(83392K), 0.0024196 secs]
54.028: [GC 54886K->39527K(83392K), 0.0022809 secs]
54.044: [GC 55503K->39607K(83392K), 0.0024673 secs]
54.061: [GC 55605K->39448K(83392K), 0.0021928 secs]
54.077: [GC 55427K->39781K(83392K), 0.0019010 secs]
54.091: [GC 55779K->39690K(83392K), 0.0024050 secs]
54.105: [GC 55676K->40011K(83392K), 0.0020529 secs]
54.119: [GC 55935K->40581K(83392K), 0.0026475 secs]
54.135: [GC 56531K->40544K(83392K), 0.0022432 secs]
54.153: [GC 56521K->40340K(83392K), 0.0015842 secs]
54.171: [GC 56340K->40849K(83392K), 0.0025679 secs]
54.185: [GC 56803K->41389K(83392K), 0.0023683 secs]
54.203: [GC 57389K->42100K(83392K), 0.0029608 secs]
54.221: [GC 58078K->41991K(83392K), 0.0034754 secs]
54.236: [GC 57974K->42131K(83392K), 0.0022311 secs]
54.257: [GC 58131K->42395K(83392K), 0.0023277 secs]
54.273: [GC 58381K->42574K(83392K), 0.0022235 secs]
54.287: [GC 58572K->42573K(83392K), 0.0018030 secs]
54.305: [GC 58495K->43149K(83392K), 0.0024001 secs]
54.322: [GC 59105K->43121K(83392K), 0.0030843 secs]
54.339: [GC 59121K->43026K(83392K), 0.0022419 secs]
54.357: [GC 59016K->43515K(83392K), 0.0027028 secs]
54.371: [GC 59486K->44010K(83392K), 0.0039746 secs]
54.387: [GC 59990K->44442K(83392K), 0.0025119 secs]
54.402: [GC 60423K->44466K(83392K), 0.0024314 secs]
54.419: [GC 60455K->44696K(83392K), 0.0020009 secs]
54.434: [GC 60669K->44930K(83392K), 0.0021561 secs]
54.449: [GC 60888K->44614K(83392K), 0.0032201 secs]
54.464: [GC 60614K->44749K(83392K), 0.0019545 secs]
54.480: [GC 60742K->44923K(83392K), 0.0015509 secs]
54.492: [GC 60919K->45357K(83392K), 0.0020896 secs]
54.508: [GC 61357K->45279K(83392K), 0.0018679 secs]
54.521: [GC 61248K->45588K(83392K), 0.0029030 secs]
54.536: [GC 61588K->45396K(83392K), 0.0039674 secs]
54.553: [GC 61366K->45700K(83392K), 0.0020438 secs]
54.568: [GC 61682K->46020K(83392K), 0.0022613 secs]
54.582: [GC 62012K->46953K(83392K), 0.0026829 secs]
54.596: [GC 62923K->47096K(83392K), 0.0027298 secs]
54.612: [GC 63078K->47087K(83392K), 0.0022746 secs]
54.617: [GC 47940K(83392K), 0.0008253 secs]
54.638: [GC 63080K->47431K(83392K), 0.0019770 secs]
54.658: [GC 63419K->47589K(83392K), 0.0016442 secs]
54.675: [GC 63589K->47618K(83392K), 0.0024060 secs]
54.691: [GC 63516K->47831K(83392K), 0.0020960 secs]
54.706: [GC 63831K->48175K(83392K), 0.0022527 secs]
54.720: [GC 64173K->48190K(83392K), 0.0024794 secs]
54.738: [GC 64152K->48687K(83392K), 0.0022585 secs]
54.752: [GC 64647K->48917K(83392K), 0.0026457 secs]
54.767: [GC 64913K->49060K(83392K), 0.0024712 secs]
54.782: [GC 65037K->49242K(83392K), 0.0018715 secs]
54.796: [GC 65239K->49859K(83392K), 0.0025954 secs]
54.810: [GC 65841K->49935K(83392K), 0.0020459 secs]
54.825: [GC 65917K->50628K(83392K), 0.0025296 secs]
54.841: [GC 66621K->50627K(83392K), 0.0037198 secs]
54.857: [GC 66624K->51122K(83392K), 0.0022610 secs]
54.871: [GC 67089K->51187K(83392K), 0.0028880 secs]
54.889: [GC 67158K->51588K(83392K), 0.0037244 secs]
54.906: [GC 67525K->52162K(83392K), 0.0027532 secs]
54.926: [GC 68150K->52303K(83392K), 0.0042433 secs]
54.942: [GC 68290K->52469K(83392K), 0.0022672 secs]
54.957: [GC 68465K->52672K(83392K), 0.0021122 secs]
54.971: [GC 68649K->52889K(83392K), 0.0031885 secs]
54.994: [GC 68889K->53179K(83392K), 0.0018977 secs]
55.013: [GC 69144K->53385K(83392K), 0.0016788 secs]
55.029: [GC 69365K->53489K(83392K), 0.0018880 secs]
55.046: [GC 69442K->53709K(83392K), 0.0028903 secs]
55.068: [GC 69689K->53798K(83392K), 0.0069709 secs]
55.093: [GC 69713K->54075K(83392K), 0.0067785 secs]
55.113: [GC 70033K->54456K(83392K), 0.0019521 secs]
55.130: [GC 70452K->54478K(83392K), 0.0033718 secs]
55.157: [GC 70478K->54678K(83392K), 0.0030116 secs]
55.178: [GC 70605K->54777K(83392K), 0.0020499 secs]
55.193: [GC 70769K->54984K(83392K), 0.0019241 secs]
55.210: [GC 70971K->55122K(83392K), 0.0022960 secs]
55.225: [GC 71122K->54894K(83392K), 0.0014576 secs]
55.240: [GC 70876K->55378K(83392K), 0.0019469 secs]
55.254: [GC 71375K->55574K(83392K), 0.0019543 secs]
55.269: [GC 71574K->56386K(83392K), 0.0027500 secs]
55.285: [GC 72380K->56344K(83392K), 0.0022056 secs]
55.299: [GC 72331K->56493K(83392K), 0.0026593 secs]
55.315: [GC 72493K->56546K(83392K), 0.0022941 secs]
55.318: [GC 57514K(83392K), 0.0012268 secs]
55.334: [GC 38885K->23008K(83392K), 0.0021147 secs]
55.349: [GC 33979K->18187K(83392K), 0.0017590 secs]
55.364: [GC 34182K->18282K(83392K), 0.0018455 secs]
55.378: [GC 34248K->18853K(83392K), 0.0021508 secs]
55.392: [GC 34826K->19130K(83392K), 0.0023714 secs]
55.406: [GC 35129K->18972K(83392K), 0.0017942 secs]
55.420: [GC 34946K->19045K(83392K), 0.0027521 secs]
55.434: [GC 35043K->19337K(83392K), 0.0017565 secs]
55.449: [GC 35288K->19024K(83392K), 0.0012373 secs]
55.463: [GC 34978K->19489K(83392K), 0.0026016 secs]
55.479: [GC 35482K->19718K(83392K), 0.0024917 secs]
55.496: [GC 35716K->19687K(83392K), 0.0016908 secs]
55.510: [GC 35685K->20089K(83392K), 0.0024844 secs]
55.526: [GC 36083K->20190K(83392K), 0.0018976 secs]
55.540: [GC 36188K->20395K(83392K), 0.0018945 secs]
55.553: [GC 36395K->20638K(83392K), 0.0019118 secs]
55.570: [GC 36637K->20891K(83392K), 0.0025839 secs]
55.585: [GC 36886K->20911K(83392K), 0.0019308 secs]
55.599: [GC 36877K->20691K(83392K), 0.0015844 secs]
55.615: [GC 36659K->20854K(83392K), 0.0016035 secs]
55.629: [GC 36823K->21109K(83392K), 0.0021398 secs]
55.643: [GC 37059K->22243K(83392K), 0.0032897 secs]
55.660: [GC 38224K->22720K(83392K), 0.0040712 secs]
55.686: [GC 38720K->22909K(83392K), 0.0019423 secs]
55.702: [GC 38903K->23328K(83392K), 0.0017419 secs]
55.718: [GC 39314K->23372K(83392K), 0.0020093 secs]
55.737: [GC 39365K->23963K(83392K), 0.0022625 secs]
55.752: [GC 39951K->24848K(83392K), 0.0031134 secs]
55.771: [GC 40848K->24834K(83392K), 0.0026374 secs]
55.789: [GC 40834K->25149K(83392K), 0.0019507 secs]
55.803: [GC 41085K->25813K(83392K), 0.0027913 secs]
55.819: [GC 41807K->26219K(83392K), 0.0030885 secs]
55.835: [GC 42179K->26378K(83392K), 0.0020744 secs]
55.849: [GC 42369K->26672K(83392K), 0.0017132 secs]
55.863: [GC 42667K->26844K(83392K), 0.0018836 secs]
55.884: [GC 42844K->26978K(83392K), 0.0019488 secs]
55.899: [GC 42978K->26615K(83392K), 0.0016675 secs]
55.913: [GC 42508K->27037K(83392K), 0.0019522 secs]
55.927: [GC 43027K->26967K(83392K), 0.0022733 secs]
55.941: [GC 42922K->27310K(83392K), 0.0020072 secs]
55.955: [GC 43308K->27260K(83392K), 0.0018657 secs]
55.970: [GC 43209K->27341K(83392K), 0.0014876 secs]
55.989: [GC 43341K->28214K(83392K), 0.0019167 secs]
56.003: [GC 44120K->28198K(83392K), 0.0022525 secs]
56.017: [GC 44197K->28140K(83392K), 0.0019331 secs]
56.032: [GC 44121K->28654K(83392K), 0.0020726 secs]
56.047: [GC 44648K->29166K(83392K), 0.0027785 secs]
56.063: [GC 45166K->29449K(83392K), 0.0024717 secs]
56.077: [GC 45439K->29985K(83392K), 0.0025860 secs]
56.096: [GC 45985K->30153K(83392K), 0.0029864 secs]
56.112: [GC 46137K->31034K(83392K), 0.0023201 secs]
56.128: [GC 47034K->31506K(83392K), 0.0026997 secs]
56.145: [GC 47475K->31442K(83392K), 0.0033382 secs]
56.162: [GC 47441K->31874K(83392K), 0.0015491 secs]
56.176: [GC 47868K->31971K(83392K), 0.0020181 secs]
56.191: [GC 47971K->32588K(83392K), 0.0029230 secs]
56.207: [GC 48571K->32766K(83392K), 0.0019322 secs]
56.221: [GC 48751K->33126K(83392K), 0.0030177 secs]
56.237: [GC 49112K->33831K(83392K), 0.0028139 secs]
56.255: [GC 49789K->34060K(83392K), 0.0025763 secs]
56.276: [GC 50060K->33691K(83392K), 0.0017221 secs]
56.291: [GC 49664K->33952K(83392K), 0.0020008 secs]
56.306: [GC 49930K->34051K(83392K), 0.0018968 secs]
56.319: [GC 50025K->34081K(83392K), 0.0017895 secs]
56.334: [GC 50070K->34209K(83392K), 0.0017355 secs]
56.347: [GC 50180K->34243K(83392K), 0.0015238 secs]
56.361: [GC 50226K->35060K(83392K), 0.0018066 secs]
56.375: [GC 51057K->34875K(83392K), 0.0015766 secs]
56.403: [GC 50875K->35031K(83392K), 0.0020566 secs]
56.418: [GC 51017K->35093K(83392K), 0.0018704 secs]
56.433: [GC 51092K->35361K(83392K), 0.0019200 secs]
56.448: [GC 51361K->35326K(83392K), 0.0015484 secs]
56.463: [GC 51287K->35877K(83392K), 0.0024096 secs]
56.477: [GC 51870K->35901K(83392K), 0.0025386 secs]
56.491: [GC 51898K->36324K(83392K), 0.0024325 secs]
56.507: [GC 52312K->37564K(83392K), 0.0037944 secs]
56.522: [GC 53521K->37490K(83392K), 0.0038000 secs]
56.530: [GC 41939K(83392K), 0.0009340 secs]
56.541: [GC 53488K->38152K(83392K), 0.0014041 secs]
56.556: [GC 54152K->38325K(83392K), 0.0014640 secs]
56.571: [GC 54297K->38577K(83392K), 0.0026342 secs]
56.588: [GC 54543K->38455K(83392K), 0.0017650 secs]
56.604: [GC 54438K->38622K(83392K), 0.0020675 secs]
56.624: [GC 54573K->39157K(83392K), 0.0017094 secs]
56.641: [GC 55154K->39393K(83392K), 0.0020364 secs]
56.658: [GC 55332K->39737K(83392K), 0.0027166 secs]
56.674: [GC 55731K->40201K(83392K), 0.0021538 secs]
56.689: [GC 56176K->40083K(83392K), 0.0022464 secs]
56.704: [GC 56075K->40417K(83392K), 0.0024666 secs]
56.719: [GC 56383K->40569K(83392K), 0.0017467 secs]
56.735: [GC 56512K->41510K(83392K), 0.0027907 secs]
56.750: [GC 57502K->41728K(83392K), 0.0028969 secs]
56.766: [GC 57668K->41947K(83392K), 0.0025432 secs]
56.781: [GC 57927K->42792K(83392K), 0.0024701 secs]
56.799: [GC 58777K->43402K(83392K), 0.0028220 secs]
56.814: [GC 59401K->44524K(83392K), 0.0033464 secs]
56.830: [GC 60486K->44851K(83392K), 0.0030630 secs]
56.846: [GC 60843K->44856K(83392K), 0.0023412 secs]
56.861: [GC 60819K->45598K(83392K), 0.0017774 secs]
56.876: [GC 61557K->45688K(83392K), 0.0021135 secs]
56.891: [GC 61666K->46376K(83392K), 0.0024125 secs]
56.907: [GC 62309K->46523K(83392K), 0.0023801 secs]
56.922: [GC 62455K->46915K(83392K), 0.0017985 secs]
56.936: [GC 62888K->46928K(83392K), 0.0024731 secs]
56.950: [GC 62925K->47191K(83392K), 0.0017929 secs]
56.965: [GC 63178K->47445K(83392K), 0.0019090 secs]
56.979: [GC 63425K->48364K(83392K), 0.0028981 secs]
56.994: [GC 64324K->48467K(83392K), 0.0025900 secs]
57.009: [GC 64395K->48696K(83392K), 0.0023202 secs]
57.025: [GC 64683K->48904K(83392K), 0.0019738 secs]
57.039: [GC 64858K->48926K(83392K), 0.0021146 secs]
57.055: [GC 64806K->49362K(83392K), 0.0030604 secs]
57.070: [GC 65288K->50034K(83392K), 0.0031289 secs]
57.088: [GC 65983K->50322K(83392K), 0.0026902 secs]
57.104: [GC 66312K->50629K(83392K), 0.0024324 secs]
57.120: [GC 66604K->51025K(83392K), 0.0029311 secs]
57.136: [GC 67017K->51373K(83392K), 0.0020612 secs]
57.150: [GC 67340K->51362K(83392K), 0.0021737 secs]
57.165: [GC 67344K->52180K(83392K), 0.0022039 secs]
57.181: [GC 68113K->52677K(83392K), 0.0032668 secs]
57.196: [GC 68669K->53236K(83392K), 0.0029061 secs]
57.210: [GC 69220K->53341K(83392K), 0.0023168 secs]
57.224: [GC 69329K->53755K(83392K), 0.0029707 secs]
57.240: [GC 69753K->54705K(83392K), 0.0027437 secs]
57.255: [GC 70659K->54614K(83392K), 0.0027411 secs]
57.272: [GC 70505K->55778K(83392K), 0.0032394 secs]
57.289: [GC 71766K->56065K(83392K), 0.0027778 secs]
57.308: [GC 72044K->56766K(83392K), 0.0033162 secs]
57.327: [GC 72762K->56990K(83392K), 0.0025320 secs]
57.334: [GC 62114K(83392K), 0.0012400 secs]
57.345: [GC 58047K->42860K(83392K), 0.0027378 secs]
57.360: [GC 44875K->29261K(83392K), 0.0030655 secs]
57.375: [GC 45256K->29656K(83392K), 0.0025139 secs]
57.391: [GC 45615K->29966K(83392K), 0.0016832 secs]
57.404: [GC 45955K->30443K(83392K), 0.0025941 secs]
57.418: [GC 46429K->30865K(83392K), 0.0030175 secs]
57.437: [GC 46860K->31585K(83392K), 0.0040463 secs]
57.456: [GC 47565K->31733K(83392K), 0.0034458 secs]
57.473: [GC 47690K->31733K(83392K), 0.0018342 secs]
57.490: [GC 47721K->31959K(83392K), 0.0016781 secs]
57.514: [GC 47952K->32345K(83392K), 0.0035224 secs]
57.538: [GC 48224K->32725K(83392K), 0.0033160 secs]
57.559: [GC 48674K->32601K(83392K), 0.0030857 secs]
57.577: [GC 48593K->32832K(83392K), 0.0018775 secs]
57.591: [GC 48807K->33600K(83392K), 0.0028298 secs]
57.613: [GC 49600K->33523K(83392K), 0.0020690 secs]
57.631: [GC 49523K->33861K(83392K), 0.0021289 secs]
57.645: [GC 49710K->33893K(83392K), 0.0030948 secs]
57.661: [GC 49875K->33906K(83392K), 0.0018035 secs]
57.675: [GC 49889K->34120K(83392K), 0.0021797 secs]
57.689: [GC 50116K->34608K(83392K), 0.0020302 secs]
57.704: [GC 50606K->35231K(83392K), 0.0023883 secs]
57.719: [GC 51189K->35161K(83392K), 0.0019921 secs]
57.734: [GC 51158K->35260K(83392K), 0.0019683 secs]
57.749: [GC 51253K->35530K(83392K), 0.0022164 secs]
57.764: [GC 51525K->35651K(83392K), 0.0018176 secs]
57.778: [GC 51623K->35632K(83392K), 0.0016384 secs]
57.794: [GC 51622K->36193K(83392K), 0.0021714 secs]
57.809: [GC 52191K->36884K(83392K), 0.0024833 secs]
57.826: [GC 52851K->37325K(83392K), 0.0029927 secs]
57.841: [GC 53320K->37762K(83392K), 0.0029819 secs]
57.856: [GC 53759K->38414K(83392K), 0.0022715 secs]
57.871: [GC 54401K->38989K(83392K), 0.0039507 secs]
57.886: [GC 54972K->39389K(83392K), 0.0026211 secs]
57.891: [GC 40977K(83392K), 0.0008273 secs]
57.907: [GC 55389K->39743K(83392K), 0.0019819 secs]
57.928: [GC 55725K->40332K(83392K), 0.0024346 secs]
57.948: [GC 56288K->40466K(83392K), 0.0026004 secs]
57.969: [GC 56455K->40351K(83392K), 0.0011663 secs]
57.986: [GC 56304K->40590K(83392K), 0.0015898 secs]
58.004: [GC 56590K->40606K(83392K), 0.0021029 secs]
58.007: [GC 41728K(83392K), 0.0011012 secs]
58.026: [GC 25750K->9751K(83392K), 0.0014095 secs]
58.042: [GC 25750K->9846K(83392K), 0.0014564 secs]
58.057: [GC 25846K->10319K(83392K), 0.0018471 secs]
58.073: [GC 26310K->9931K(83392K), 0.0027151 secs]
58.088: [GC 25931K->10066K(83392K), 0.0015239 secs]
58.103: [GC 26033K->10002K(83392K), 0.0014604 secs]
58.117: [GC 25999K->9947K(83392K), 0.0014227 secs]
58.136: [GC 25947K->10080K(83392K), 0.0016000 secs]
58.150: [GC 26068K->10159K(83392K), 0.0014506 secs]
58.163: [GC 26101K->10333K(83392K), 0.0016695 secs]
58.182: [GC 26333K->10410K(83392K), 0.0015744 secs]
58.195: [GC 26391K->10491K(83392K), 0.0018741 secs]
58.210: [GC 26451K->10269K(83392K), 0.0017190 secs]
58.224: [GC 26247K->10778K(83392K), 0.0016867 secs]
58.239: [GC 26769K->10873K(83392K), 0.0018362 secs]
58.254: [GC 26818K->10820K(83392K), 0.0014924 secs]
58.267: [GC 26790K->10704K(83392K), 0.0016324 secs]
58.282: [GC 26676K->10988K(83392K), 0.0015875 secs]
58.295: [GC 26971K->11155K(83392K), 0.0018489 secs]
58.309: [GC 27150K->11420K(83392K), 0.0017477 secs]
58.323: [GC 27370K->11446K(83392K), 0.0016617 secs]
58.337: [GC 27435K->11576K(83392K), 0.0015916 secs]
58.350: [GC 27520K->11495K(83392K), 0.0013566 secs]
58.363: [GC 27493K->11694K(83392K), 0.0015692 secs]
58.376: [GC 27662K->11637K(83392K), 0.0018640 secs]
58.390: [GC 27631K->11537K(83392K), 0.0010021 secs]
58.402: [GC 27501K->11692K(83392K), 0.0012164 secs]
58.415: [GC 27642K->11988K(83392K), 0.0016698 secs]
58.428: [GC 27976K->12225K(83392K), 0.0017328 secs]
58.442: [GC 28212K->12907K(83392K), 0.0027311 secs]
58.463: [GC 28889K->12944K(83392K), 0.0029761 secs]
58.478: [GC 28903K->13168K(83392K), 0.0026655 secs]
58.495: [GC 29138K->13832K(83392K), 0.0021954 secs]
58.509: [GC 29779K->14431K(83392K), 0.0031268 secs]
58.529: [GC 30395K->14502K(83392K), 0.0020422 secs]
58.543: [GC 30475K->14430K(83392K), 0.0019452 secs]
58.557: [GC 30429K->14785K(83392K), 0.0027566 secs]
58.575: [GC 30776K->15106K(83392K), 0.0021015 secs]
58.591: [GC 31062K->15588K(83392K), 0.0022968 secs]
58.607: [GC 31482K->15559K(83392K), 0.0037245 secs]
58.629: [GC 31559K->15530K(83392K), 0.0017712 secs]
58.643: [GC 31510K->15770K(83392K), 0.0015155 secs]
58.661: [GC 31759K->15974K(83392K), 0.0015081 secs]
58.679: [GC 31933K->16177K(83392K), 0.0017414 secs]
58.697: [GC 32160K->16241K(83392K), 0.0027441 secs]
58.715: [GC 32146K->16559K(83392K), 0.0019156 secs]
58.732: [GC 32526K->16764K(83392K), 0.0019615 secs]
58.753: [GC 32764K->16574K(83392K), 0.0019720 secs]
58.767: [GC 32570K->16869K(83392K), 0.0019581 secs]
58.781: [GC 32865K->17042K(83392K), 0.0022323 secs]
58.796: [GC 33027K->16931K(83392K), 0.0019010 secs]
58.810: [GC 32911K->17021K(83392K), 0.0020033 secs]
58.824: [GC 33017K->17439K(83392K), 0.0017498 secs]
58.841: [GC 33403K->17391K(83392K), 0.0028812 secs]
58.856: [GC 33391K->17499K(83392K), 0.0017405 secs]
58.871: [GC 33499K->17403K(83392K), 0.0013353 secs]
58.884: [GC 33401K->17509K(83392K), 0.0017966 secs]
58.897: [GC 33468K->17839K(83392K), 0.0017134 secs]
58.910: [GC 33828K->17827K(83392K), 0.0018549 secs]
58.924: [GC 33703K->17782K(83392K), 0.0014243 secs]
58.937: [GC 33778K->18009K(83392K), 0.0014698 secs]
58.952: [GC 33938K->18013K(83392K), 0.0013933 secs]
58.965: [GC 34002K->18290K(83392K), 0.0014496 secs]
58.979: [GC 34287K->19123K(83392K), 0.0023065 secs]
58.994: [GC 35122K->19377K(83392K), 0.0032411 secs]
59.009: [GC 35341K->19554K(83392K), 0.0028337 secs]
59.025: [GC 35540K->20030K(83392K), 0.0034429 secs]
59.042: [GC 36006K->19695K(83392K), 0.0018253 secs]
59.058: [GC 35564K->19817K(83392K), 0.0015098 secs]
59.074: [GC 35802K->20091K(83392K), 0.0023677 secs]
59.088: [GC 36087K->19840K(83392K), 0.0020037 secs]
59.106: [GC 35836K->19925K(83392K), 0.0036350 secs]
59.122: [GC 35820K->20291K(83392K), 0.0025142 secs]
59.137: [GC 36241K->21197K(83392K), 0.0031157 secs]
59.153: [GC 37105K->21451K(83392K), 0.0036119 secs]
59.168: [GC 37421K->21576K(83392K), 0.0030339 secs]
59.184: [GC 37568K->21645K(83392K), 0.0034238 secs]
59.203: [GC 37645K->21512K(83392K), 0.0016664 secs]
59.220: [GC 37505K->22121K(83392K), 0.0018935 secs]
59.235: [GC 38102K->22068K(83392K), 0.0020274 secs]
59.249: [GC 38061K->22110K(83392K), 0.0017167 secs]
59.264: [GC 38109K->22355K(83392K), 0.0018066 secs]
59.278: [GC 38335K->22551K(83392K), 0.0020635 secs]
59.293: [GC 38499K->22727K(83392K), 0.0019988 secs]
59.312: [GC 38727K->22450K(83392K), 0.0020966 secs]
59.326: [GC 38440K->22571K(83392K), 0.0040158 secs]
59.344: [GC 38522K->22976K(83392K), 0.0026110 secs]
59.362: [GC 38976K->22833K(83392K), 0.0019166 secs]
59.377: [GC 38823K->22823K(83392K), 0.0024835 secs]
59.392: [GC 38823K->22660K(83392K), 0.0021375 secs]
59.407: [GC 38651K->22721K(83392K), 0.0021977 secs]
59.421: [GC 38700K->22985K(83392K), 0.0035488 secs]
59.437: [GC 38977K->23279K(83392K), 0.0022131 secs]
59.451: [GC 39254K->23461K(83392K), 0.0030833 secs]
59.467: [GC 39425K->23567K(83392K), 0.0032452 secs]
59.489: [GC 39517K->23367K(83392K), 0.0017384 secs]
59.502: [GC 39308K->23351K(83392K), 0.0023596 secs]
59.516: [GC 39238K->23553K(83392K), 0.0018950 secs]
59.530: [GC 39403K->24159K(83392K), 0.0026498 secs]
59.544: [GC 40149K->24052K(83392K), 0.0021965 secs]
59.559: [GC 40027K->24070K(83392K), 0.0015931 secs]
59.575: [GC 40070K->24237K(83392K), 0.0030006 secs]
59.591: [GC 40236K->24180K(83392K), 0.0019384 secs]
59.605: [GC 40109K->24630K(83392K), 0.0015771 secs]
59.622: [GC 40630K->24717K(83392K), 0.0013313 secs]
59.635: [GC 40671K->24769K(83392K), 0.0016966 secs]
59.649: [GC 40726K->25401K(83392K), 0.0022467 secs]
59.664: [GC 41395K->25056K(83392K), 0.0018483 secs]
59.679: [GC 41048K->25106K(83392K), 0.0015213 secs]
59.693: [GC 41065K->25125K(83392K), 0.0017896 secs]
59.707: [GC 41092K->25372K(83392K), 0.0021926 secs]
59.722: [GC 41368K->25286K(83392K), 0.0019570 secs]
59.736: [GC 41237K->26633K(83392K), 0.0038095 secs]
59.753: [GC 42633K->26766K(83392K), 0.0034871 secs]
59.770: [GC 42629K->27154K(83392K), 0.0029609 secs]
59.785: [GC 43090K->27332K(83392K), 0.0027323 secs]
59.802: [GC 43332K->27382K(83392K), 0.0026921 secs]
59.818: [GC 43350K->27191K(83392K), 0.0017718 secs]
59.833: [GC 43165K->26845K(83392K), 0.0015448 secs]
59.855: [GC 42830K->27568K(83392K), 0.0024655 secs]
59.870: [GC 43526K->27481K(83392K), 0.0041681 secs]
59.885: [GC 43468K->27826K(83392K), 0.0032591 secs]
59.902: [GC 43770K->27732K(83392K), 0.0020304 secs]
59.916: [GC 43704K->28328K(83392K), 0.0024329 secs]
59.931: [GC 44299K->28920K(83392K), 0.0028001 secs]
59.947: [GC 44874K->28897K(83392K), 0.0023737 secs]
59.964: [GC 44860K->29367K(83392K), 0.0016405 secs]
59.978: [GC 45314K->29727K(83392K), 0.0025598 secs]
59.999: [GC 45719K->29635K(83392K), 0.0023065 secs]
60.016: [GC 45631K->29720K(83392K), 0.0023629 secs]
60.033: [GC 45688K->29876K(83392K), 0.0026103 secs]
60.049: [GC 45875K->29927K(83392K), 0.0019808 secs]
60.064: [GC 45890K->30360K(83392K), 0.0015885 secs]
60.090: [GC 46326K->30606K(83392K), 0.0019910 secs]
60.105: [GC 46541K->30598K(83392K), 0.0018846 secs]
60.118: [GC 46580K->30855K(83392K), 0.0020441 secs]
60.134: [GC 46855K->30873K(83392K), 0.0019111 secs]
60.149: [GC 46837K->30970K(83392K), 0.0022572 secs]
60.163: [GC 46921K->30806K(83392K), 0.0017638 secs]
60.178: [GC 46805K->30874K(83392K), 0.0013238 secs]
60.190: [GC 46782K->30755K(83392K), 0.0013921 secs]
60.204: [GC 46753K->30686K(83392K), 0.0013013 secs]
60.218: [GC 46597K->30757K(83392K), 0.0012219 secs]
60.233: [GC 46753K->31356K(83392K), 0.0015755 secs]
60.248: [GC 47330K->31795K(83392K), 0.0018605 secs]
60.262: [GC 47780K->32063K(83392K), 0.0029953 secs]
60.280: [GC 48023K->32555K(83392K), 0.0022711 secs]
60.297: [GC 48514K->32659K(83392K), 0.0020818 secs]
60.321: [GC 48615K->32755K(83392K), 0.0036817 secs]
60.338: [GC 48705K->32993K(83392K), 0.0042149 secs]
60.359: [GC 48947K->33084K(83392K), 0.0020087 secs]
60.373: [GC 49062K->32926K(83392K), 0.0029954 secs]
60.388: [GC 48879K->32946K(83392K), 0.0029162 secs]
60.404: [GC 48897K->33114K(83392K), 0.0019978 secs]
60.419: [GC 49075K->33204K(83392K), 0.0020543 secs]
60.436: [GC 49188K->33156K(83392K), 0.0021797 secs]
60.450: [GC 49145K->33301K(83392K), 0.0019391 secs]
60.465: [GC 49255K->33176K(83392K), 0.0015722 secs]
60.480: [GC 49176K->33275K(83392K), 0.0028422 secs]
60.496: [GC 49249K->33226K(83392K), 0.0015938 secs]
60.510: [GC 49226K->33112K(83392K), 0.0016789 secs]
60.524: [GC 49065K->33237K(83392K), 0.0016583 secs]
60.539: [GC 49237K->33264K(83392K), 0.0013578 secs]
60.554: [GC 49261K->33331K(83392K), 0.0012175 secs]
60.568: [GC 49298K->33526K(83392K), 0.0013272 secs]
60.582: [GC 49518K->33803K(83392K), 0.0019664 secs]
60.598: [GC 49789K->34035K(83392K), 0.0016346 secs]
60.615: [GC 50013K->33687K(83392K), 0.0013558 secs]
60.629: [GC 49673K->33921K(83392K), 0.0018215 secs]
60.647: [GC 49917K->33548K(83392K), 0.0015425 secs]
60.662: [GC 49437K->33803K(83392K), 0.0020695 secs]
60.679: [GC 49784K->33576K(83392K), 0.0013148 secs]
60.693: [GC 49533K->34121K(83392K), 0.0021229 secs]
60.708: [GC 50099K->34026K(83392K), 0.0021369 secs]
60.721: [GC 49982K->33980K(83392K), 0.0048261 secs]
60.737: [GC 49978K->34382K(83392K), 0.0029198 secs]
60.753: [GC 50379K->34793K(83392K), 0.0022507 secs]
60.768: [GC 50760K->34966K(83392K), 0.0022532 secs]
60.784: [GC 50953K->35079K(83392K), 0.0020121 secs]
60.799: [GC 51027K->34643K(83392K), 0.0016201 secs]
60.813: [GC 50636K->34735K(83392K), 0.0017562 secs]
60.844: [GC 50715K->35098K(83392K), 0.0031315 secs]
60.868: [GC 51048K->35418K(83392K), 0.0034358 secs]
60.889: [GC 51418K->35214K(83392K), 0.0022658 secs]
60.905: [GC 51214K->35124K(83392K), 0.0016348 secs]
60.921: [GC 51112K->35541K(83392K), 0.0037640 secs]
60.939: [GC 51539K->35920K(83392K), 0.0018998 secs]
60.952: [GC 51914K->36047K(83392K), 0.0021774 secs]
60.966: [GC 52006K->36355K(83392K), 0.0025433 secs]
60.982: [GC 52341K->36404K(83392K), 0.0018896 secs]
60.996: [GC 52376K->36403K(83392K), 0.0017544 secs]
61.010: [GC 52364K->36422K(83392K), 0.0018635 secs]
61.024: [GC 52420K->36216K(83392K), 0.0021140 secs]
61.042: [GC 52206K->36266K(83392K), 0.0018588 secs]
61.056: [GC 52247K->36312K(83392K), 0.0017105 secs]
61.069: [GC 52187K->36502K(83392K), 0.0018789 secs]
61.083: [GC 52421K->36427K(83392K), 0.0017501 secs]
61.097: [GC 52422K->36346K(83392K), 0.0011000 secs]
61.114: [GC 52329K->36253K(83392K), 0.0013591 secs]
61.128: [GC 52226K->36853K(83392K), 0.0017729 secs]
61.142: [GC 52807K->36900K(83392K), 0.0016908 secs]
61.159: [GC 52841K->37070K(83392K), 0.0018213 secs]
61.176: [GC 53068K->37090K(83392K), 0.0015487 secs]
61.190: [GC 53042K->37150K(83392K), 0.0021281 secs]
61.208: [GC 53136K->37744K(83392K), 0.0021707 secs]
61.229: [GC 53738K->37580K(83392K), 0.0016472 secs]
61.244: [GC 53574K->37440K(83392K), 0.0021235 secs]
61.261: [GC 53411K->37525K(83392K), 0.0014823 secs]
61.276: [GC 53498K->37586K(83392K), 0.0017501 secs]
61.291: [GC 53586K->37733K(83392K), 0.0022379 secs]
61.305: [GC 53718K->37915K(83392K), 0.0031533 secs]
61.322: [GC 53915K->37808K(83392K), 0.0028946 secs]
61.337: [GC 53776K->37761K(83392K), 0.0014688 secs]
61.351: [GC 53761K->37737K(83392K), 0.0016111 secs]
61.368: [GC 53734K->37679K(83392K), 0.0015100 secs]
61.382: [GC 53660K->38109K(83392K), 0.0017641 secs]
61.396: [GC 54108K->38091K(83392K), 0.0018055 secs]
61.410: [GC 54080K->38424K(83392K), 0.0017814 secs]
61.425: [GC 54413K->38414K(83392K), 0.0018513 secs]
61.439: [GC 54403K->38522K(83392K), 0.0018451 secs]
61.452: [GC 54481K->38283K(83392K), 0.0019609 secs]
61.467: [GC 54231K->38262K(83392K), 0.0017086 secs]
61.481: [GC 54257K->38573K(83392K), 0.0018618 secs]
61.499: [GC 54573K->38639K(83392K), 0.0020303 secs]
61.513: [GC 54563K->38715K(83392K), 0.0017916 secs]
61.527: [GC 54685K->38653K(83392K), 0.0018541 secs]
61.541: [GC 54615K->38575K(83392K), 0.0015653 secs]
61.554: [GC 54553K->38716K(83392K), 0.0016811 secs]
61.567: [GC 54677K->38759K(83392K), 0.0018906 secs]
61.583: [GC 54742K->38962K(83392K), 0.0014675 secs]
61.597: [GC 54956K->39074K(83392K), 0.0017174 secs]
61.613: [GC 55050K->39369K(83392K), 0.0016326 secs]
61.627: [GC 55288K->39127K(83392K), 0.0020782 secs]
61.641: [GC 55108K->39239K(83392K), 0.0023128 secs]
61.655: [GC 55235K->39208K(83392K), 0.0016290 secs]
61.669: [GC 55170K->39593K(83392K), 0.0016051 secs]
61.684: [GC 55584K->39501K(83392K), 0.0014819 secs]
61.699: [GC 55414K->40168K(83392K), 0.0020648 secs]
61.712: [GC 56101K->40031K(83392K), 0.0020836 secs]
61.728: [GC 55986K->40178K(83392K), 0.0020347 secs]
61.744: [GC 56156K->40591K(83392K), 0.0019895 secs]
61.758: [GC 56540K->41498K(83392K), 0.0028976 secs]
61.773: [GC 57423K->41321K(83392K), 0.0038116 secs]
61.788: [GC 57294K->41268K(83392K), 0.0020123 secs]
61.805: [GC 57235K->41227K(83392K), 0.0016953 secs]
61.824: [GC 57227K->41163K(83392K), 0.0026543 secs]
61.840: [GC 57160K->41356K(83392K), 0.0022228 secs]
61.854: [GC 57310K->41435K(83392K), 0.0014349 secs]
61.867: [GC 57399K->41440K(83392K), 0.0013937 secs]
61.882: [GC 57423K->41304K(83392K), 0.0014442 secs]
61.896: [GC 57299K->41567K(83392K), 0.0013253 secs]
61.910: [GC 57558K->42492K(83392K), 0.0019250 secs]
61.926: [GC 58490K->42076K(83392K), 0.0015425 secs]
61.943: [GC 58076K->43076K(83392K), 0.0024964 secs]
61.958: [GC 59063K->42973K(83392K), 0.0020291 secs]
61.978: [GC 58961K->42642K(83392K), 0.0015167 secs]
61.992: [GC 58627K->42994K(83392K), 0.0022320 secs]
62.006: [GC 58992K->42853K(83392K), 0.0016687 secs]
62.020: [GC 58848K->42851K(83392K), 0.0014005 secs]
62.034: [GC 58817K->43587K(83392K), 0.0019966 secs]
62.048: [GC 59576K->43799K(83392K), 0.0023677 secs]
62.063: [GC 59793K->43763K(83392K), 0.0020328 secs]
62.078: [GC 59740K->43745K(83392K), 0.0017261 secs]
62.091: [GC 59713K->43843K(83392K), 0.0030345 secs]
62.106: [GC 59823K->43729K(83392K), 0.0012009 secs]
62.119: [GC 59658K->44264K(83392K), 0.0016186 secs]
62.137: [GC 60246K->44701K(83392K), 0.0019808 secs]
62.153: [GC 60676K->45270K(83392K), 0.0021370 secs]
62.167: [GC 61226K->45094K(83392K), 0.0022551 secs]
62.182: [GC 61084K->45599K(83392K), 0.0020033 secs]
62.198: [GC 61585K->45797K(83392K), 0.0017991 secs]
62.212: [GC 61739K->45700K(83392K), 0.0019667 secs]
62.226: [GC 61699K->46203K(83392K), 0.0028061 secs]
62.242: [GC 62176K->46333K(83392K), 0.0034503 secs]
62.268: [GC 62333K->46248K(83392K), 0.0020735 secs]
62.283: [GC 62248K->46442K(83392K), 0.0021681 secs]
62.299: [GC 62426K->46398K(83392K), 0.0029606 secs]
62.316: [GC 62377K->46440K(83392K), 0.0019746 secs]
62.335: [GC 62440K->46172K(83392K), 0.0016104 secs]
62.349: [GC 62089K->46225K(83392K), 0.0012432 secs]
62.363: [GC 62224K->46704K(83392K), 0.0021490 secs]
62.380: [GC 62680K->46655K(83392K), 0.0018710 secs]
62.394: [GC 62646K->46536K(83392K), 0.0015760 secs]
62.409: [GC 62531K->46491K(83392K), 0.0016211 secs]
62.423: [GC 62479K->46989K(83392K), 0.0023767 secs]
62.438: [GC 62979K->46995K(83392K), 0.0018516 secs]
62.453: [GC 62975K->47296K(83392K), 0.0017910 secs]
62.468: [GC 63268K->47324K(83392K), 0.0019439 secs]
62.481: [GC 63312K->47361K(83392K), 0.0020773 secs]
62.499: [GC 63334K->47394K(83392K), 0.0018773 secs]
62.514: [GC 63377K->47389K(83392K), 0.0021216 secs]
62.529: [GC 63320K->47466K(83392K), 0.0019833 secs]
62.543: [GC 63455K->47490K(83392K), 0.0029392 secs]
62.559: [GC 63444K->47558K(83392K), 0.0023432 secs]
62.574: [GC 63526K->47693K(83392K), 0.0021380 secs]
62.587: [GC 63688K->47527K(83392K), 0.0016731 secs]
62.602: [GC 63523K->47714K(83392K), 0.0018571 secs]
62.619: [GC 63658K->47836K(83392K), 0.0015584 secs]
62.633: [GC 63836K->47935K(83392K), 0.0020940 secs]
62.647: [GC 63913K->47778K(83392K), 0.0020718 secs]
62.662: [GC 63736K->48528K(83392K), 0.0018278 secs]
62.679: [GC 64506K->48612K(83392K), 0.0026771 secs]
62.693: [GC 64558K->48970K(83392K), 0.0035707 secs]
62.710: [GC 64938K->48903K(83392K), 0.0027177 secs]
62.728: [GC 64901K->49103K(83392K), 0.0021977 secs]
62.742: [GC 65103K->49094K(83392K), 0.0020797 secs]
62.757: [GC 65003K->49337K(83392K), 0.0019499 secs]
62.770: [GC 65315K->49541K(83392K), 0.0025246 secs]
62.785: [GC 65486K->49642K(83392K), 0.0022007 secs]
62.800: [GC 65583K->49441K(83392K), 0.0022127 secs]
62.818: [GC 65426K->49366K(83392K), 0.0017053 secs]
62.832: [GC 65366K->49388K(83392K), 0.0015732 secs]
62.846: [GC 65346K->49339K(83392K), 0.0016593 secs]
62.859: [GC 65259K->49536K(83392K), 0.0019966 secs]
62.872: [GC 65467K->49395K(83392K), 0.0020986 secs]
62.888: [GC 65259K->49437K(83392K), 0.0021019 secs]
62.903: [GC 65411K->49618K(83392K), 0.0018726 secs]
62.917: [GC 65609K->50000K(83392K), 0.0019571 secs]
62.933: [GC 65983K->50093K(83392K), 0.0021343 secs]
62.946: [GC 66087K->49899K(83392K), 0.0018569 secs]
62.961: [GC 65893K->49997K(83392K), 0.0026634 secs]
62.976: [GC 65981K->49926K(83392K), 0.0028819 secs]
62.990: [GC 65877K->50255K(83392K), 0.0019035 secs]
63.004: [GC 66239K->50519K(83392K), 0.0021995 secs]
63.020: [GC 66455K->50595K(83392K), 0.0023578 secs]
63.035: [GC 66588K->50381K(83392K), 0.0020031 secs]
63.050: [GC 66372K->50474K(83392K), 0.0018331 secs]
63.070: [GC 66440K->50618K(83392K), 0.0017905 secs]
63.083: [GC 66593K->50605K(83392K), 0.0022340 secs]
63.098: [GC 66590K->50827K(83392K), 0.0021333 secs]
63.112: [GC 66824K->50772K(83392K), 0.0022356 secs]
63.126: [GC 66724K->51608K(83392K), 0.0033893 secs]
63.141: [GC 67535K->51745K(83392K), 0.0023385 secs]
63.157: [GC 67695K->51469K(83392K), 0.0015381 secs]
63.175: [GC 67446K->51613K(83392K), 0.0015683 secs]
63.189: [GC 67579K->51699K(83392K), 0.0015081 secs]
63.208: [GC 67668K->51663K(83392K), 0.0014239 secs]
63.224: [GC 67621K->51865K(83392K), 0.0015068 secs]
63.239: [GC 67860K->51965K(83392K), 0.0014946 secs]
63.254: [GC 67955K->51978K(83392K), 0.0014275 secs]
63.271: [GC 67956K->52076K(83392K), 0.0023265 secs]
63.289: [GC 68076K->52043K(83392K), 0.0014384 secs]
63.303: [GC 68039K->52177K(83392K), 0.0016931 secs]
63.316: [GC 68130K->52195K(83392K), 0.0016092 secs]
63.330: [GC 68189K->52364K(83392K), 0.0018390 secs]
63.347: [GC 68340K->52271K(83392K), 0.0022052 secs]
63.364: [GC 68237K->52023K(83392K), 0.0016542 secs]
63.385: [GC 68023K->51996K(83392K), 0.0015984 secs]
63.400: [GC 67983K->52053K(83392K), 0.0016215 secs]
63.415: [GC 68050K->52159K(83392K), 0.0014785 secs]
63.429: [GC 68135K->52052K(83392K), 0.0020497 secs]
63.443: [GC 68037K->52259K(83392K), 0.0016543 secs]
63.457: [GC 68204K->52296K(83392K), 0.0021819 secs]
63.471: [GC 68287K->52145K(83392K), 0.0015521 secs]
63.486: [GC 68102K->52230K(83392K), 0.0016039 secs]
63.500: [GC 68212K->52477K(83392K), 0.0018496 secs]
63.515: [GC 68477K->52433K(83392K), 0.0015826 secs]
63.529: [GC 68417K->52501K(83392K), 0.0023796 secs]
63.543: [GC 68495K->52540K(83392K), 0.0021109 secs]
63.557: [GC 68526K->52375K(83392K), 0.0015848 secs]
63.571: [GC 68354K->52288K(83392K), 0.0013179 secs]
63.585: [GC 68278K->52434K(83392K), 0.0015866 secs]
63.601: [GC 68424K->52808K(83392K), 0.0014995 secs]
63.616: [GC 68797K->52980K(83392K), 0.0016659 secs]
63.630: [GC 68979K->52675K(83392K), 0.0018042 secs]
63.643: [GC 68671K->52690K(83392K), 0.0021174 secs]
63.660: [GC 68603K->52782K(83392K), 0.0019131 secs]
63.674: [GC 68737K->53117K(83392K), 0.0022412 secs]
63.689: [GC 69090K->52681K(83392K), 0.0014246 secs]
63.707: [GC 68673K->52653K(83392K), 0.0013525 secs]
63.726: [GC 68651K->52611K(83392K), 0.0015707 secs]
63.741: [GC 68592K->52661K(83392K), 0.0018002 secs]
63.755: [GC 68653K->52739K(83392K), 0.0015075 secs]
63.769: [GC 68721K->53281K(83392K), 0.0025112 secs]
63.784: [GC 69277K->53172K(83392K), 0.0016751 secs]
63.800: [GC 69166K->53355K(83392K), 0.0015546 secs]
63.814: [GC 69329K->53391K(83392K), 0.0016748 secs]
63.828: [GC 69364K->53348K(83392K), 0.0020323 secs]
63.842: [GC 69310K->53545K(83392K), 0.0018328 secs]
63.858: [GC 69498K->53512K(83392K), 0.0023734 secs]
63.877: [GC 69512K->53380K(83392K), 0.0015153 secs]
63.890: [GC 69326K->53279K(83392K), 0.0018782 secs]
63.904: [GC 69259K->53357K(83392K), 0.0016263 secs]
63.920: [GC 69220K->53443K(83392K), 0.0014558 secs]
63.938: [GC 69383K->53362K(83392K), 0.0015821 secs]
63.952: [GC 69352K->53323K(83392K), 0.0012632 secs]
63.966: [GC 69311K->53399K(83392K), 0.0012255 secs]
63.980: [GC 69369K->53665K(83392K), 0.0015018 secs]
63.993: [GC 69546K->53633K(83392K), 0.0016501 secs]
64.010: [GC 69617K->53392K(83392K), 0.0011975 secs]
64.024: [GC 69384K->53725K(83392K), 0.0013353 secs]
64.039: [GC 69725K->53697K(83392K), 0.0017482 secs]
64.052: [GC 69657K->53870K(83392K), 0.0015804 secs]
64.067: [GC 69858K->53653K(83392K), 0.0014093 secs]
64.080: [GC 69618K->53855K(83392K), 0.0017707 secs]
64.094: [GC 69854K->53700K(83392K), 0.0042177 secs]
64.110: [GC 69647K->53456K(83392K), 0.0012850 secs]
64.124: [GC 69420K->53684K(83392K), 0.0021004 secs]
64.139: [GC 69643K->53391K(83392K), 0.0050240 secs]
64.158: [GC 69381K->53489K(83392K), 0.0015693 secs]
64.177: [GC 69405K->53436K(83392K), 0.0014282 secs]
64.193: [GC 69429K->53199K(83392K), 0.0018575 secs]
64.208: [GC 69198K->53203K(83392K), 0.0010381 secs]
64.222: [GC 69200K->53158K(83392K), 0.0017709 secs]
64.235: [GC 69146K->53171K(83392K), 0.0011246 secs]
64.249: [GC 69167K->53246K(83392K), 0.0011663 secs]
64.262: [GC 69209K->53403K(83392K), 0.0011258 secs]
64.276: [GC 69351K->53513K(83392K), 0.0013129 secs]
64.291: [GC 69476K->53406K(83392K), 0.0012089 secs]
64.307: [GC 69403K->53137K(83392K), 0.0011661 secs]
64.320: [GC 69107K->53201K(83392K), 0.0010861 secs]
64.333: [GC 69163K->53213K(83392K), 0.0009891 secs]
64.346: [GC 69200K->53326K(83392K), 0.0015544 secs]
64.363: [GC 69281K->53084K(83392K), 0.0009416 secs]
64.377: [GC 69076K->53282K(83392K), 0.0010583 secs]
64.389: [GC 69271K->53131K(83392K), 0.0009910 secs]
64.402: [GC 69109K->53175K(83392K), 0.0012548 secs]
64.419: [GC 69131K->53069K(83392K), 0.0009873 secs]
64.434: [GC 69006K->53079K(83392K), 0.0009974 secs]
64.449: [GC 69016K->53088K(83392K), 0.0013713 secs]
64.464: [GC 69050K->53172K(83392K), 0.0019437 secs]
64.480: [GC 69113K->53102K(83392K), 0.0009208 secs]
70.105: [Full GC 63804K->5511K(83392K), 0.0970645 secs]
