1.044: [GC
Desired survivor size 1343488 bytes, new threshold 1 (max 4)
- age   1:    1750392 bytes,    1750392 total
 16000K->1727K(81280K), 0.0142571 secs]
1.129: [Full GC 4656K->1602K(81280K), 0.0719422 secs]
1.208: [Full GC 1602K->1602K(81280K), 0.0625846 secs]
10.016: [GC
Desired survivor size 1343488 bytes, new threshold 1 (max 4)
- age   1:    2686296 bytes,    2686296 total
 17602K->5178K(81280K), 0.0265793 secs]
12.279: [GC
Desired survivor size 1343488 bytes, new threshold 1 (max 4)
- age   1:    1430720 bytes,    1430720 total
 21163K->7559K(81280K), 0.0282311 secs]
12.323: [GC
Desired survivor size 1343488 bytes, new threshold 4 (max 4)
- age   1:      82344 bytes,      82344 total
 23524K->8226K(81280K), 0.0092085 secs]
12.345: [GC
Desired survivor size 1343488 bytes, new threshold 4 (max 4)
- age   1:     108488 bytes,     108488 total
 24212K->6866K(81280K), 0.0007567 secs]
12.358: [GC
Desired survivor size 1343488 bytes, new threshold 4 (max 4)
- age   1:      64248 bytes,      64248 total
 22855K->6725K(81280K), 0.0008626 secs]
12.372: [GC
Desired survivor size 1343488 bytes, new threshold 4 (max 4)
- age   1:     217904 bytes,     217904 total
 22705K->6830K(81280K), 0.0007262 secs]
12.387: [GC
Desired survivor size 1343488 bytes, new threshold 4 (max 4)
- age   1:      81792 bytes,      81792 total
 22781K->6686K(81280K), 0.0006156 secs]
12.400: [GC
Desired survivor size 1343488 bytes, new threshold 4 (max 4)
- age   1:     172904 bytes,     172904 total
 22608K->6774K(81280K), 0.0005939 secs]
12.469: [GC
Desired survivor size 1343488 bytes, new threshold 4 (max 4)
- age   1:     107880 bytes,     107880 total
 22761K->6707K(81280K), 0.0006342 secs]
12.484: [GC
Desired survivor size 1343488 bytes, new threshold 4 (max 4)
- age   1:      88232 bytes,      88232 total
- age   2:      13960 bytes,     102192 total
 22688K->6706K(81280K), 0.0005789 secs]
12.498: [GC
Desired survivor size 1343488 bytes, new threshold 4 (max 4)
- age   1:      56888 bytes,      56888 total
- age   3:      13960 bytes,      70848 total
 22702K->6677K(81280K), 0.0009110 secs]
12.512: [GC
Desired survivor size 1343488 bytes, new threshold 4 (max 4)
- age   1:      66488 bytes,      66488 total
- age   4:      13960 bytes,      80448 total
 22634K->6688K(81280K), 0.0007922 secs]
12.527: [GC
Desired survivor size 1343488 bytes, new threshold 4 (max 4)
- age   1:      77192 bytes,      77192 total
 22650K->6699K(81280K), 0.0008196 secs]
12.541: [GC
Desired survivor size 1343488 bytes, new threshold 4 (max 4)
- age   1:      83816 bytes,      83816 total
 22642K->6700K(81280K), 0.0007439 secs]
12.569: [GC
Desired survivor size 1343488 bytes, new threshold 4 (max 4)
- age   1:      39352 bytes,      39352 total
 22688K->6656K(81280K), 0.0008436 secs]
12.587: [GC
Desired survivor size 1343488 bytes, new threshold 4 (max 4)
- age   1:      65800 bytes,      65800 total
- age   2:      13960 bytes,      79760 total
 22647K->6696K(81280K), 0.0015242 secs]
12.605: [GC
Desired survivor size 1343488 bytes, new threshold 4 (max 4)
- age   1:      94456 bytes,      94456 total
- age   3:      13960 bytes,     108416 total
 22625K->6725K(81280K), 0.0016552 secs]
12.622: [GC
Desired survivor size 1343488 bytes, new threshold 4 (max 4)
- age   1:     116968 bytes,     116968 total
- age   4:      13960 bytes,     130928 total
 22653K->6746K(81280K), 0.0035400 secs]
12.640: [GC
Desired survivor size 1343488 bytes, new threshold 4 (max 4)
- age   1:     204304 bytes,     204304 total
 22705K->6836K(81280K), 0.0007012 secs]
12.655: [GC
Desired survivor size 1343488 bytes, new threshold 4 (max 4)
- age   1:     158016 bytes,     158016 total
 22836K->6787K(81280K), 0.0006598 secs]
12.669: [GC
Desired survivor size 1343488 bytes, new threshold 4 (max 4)
- age   1:     287832 bytes,     287832 total
- age   2:       1000 bytes,     288832 total
 22785K->6915K(81280K), 0.0008054 secs]
12.682: [GC
Desired survivor size 1343488 bytes, new threshold 4 (max 4)
- age   1:     223360 bytes,     223360 total
- age   2:       9904 bytes,     233264 total
- age   3:       1000 bytes,     234264 total
 22886K->6863K(81280K), 0.0012439 secs]
12.700: [GC
Desired survivor size 1343488 bytes, new threshold 4 (max 4)
- age   1:     116120 bytes,     116120 total
- age   3:       9904 bytes,     126024 total
- age   4:       1000 bytes,     127024 total
 22863K->6761K(81280K), 0.0023642 secs]
12.717: [GC
Desired survivor size 1343488 bytes, new threshold 4 (max 4)
- age   1:     132128 bytes,     132128 total
- age   2:       3632 bytes,     135760 total
- age   4:       9904 bytes,     145664 total
 22737K->6777K(81280K), 0.0007319 secs]
12.729: [GC
Desired survivor size 1343488 bytes, new threshold 4 (max 4)
- age   1:      82000 bytes,      82000 total
- age   2:       7904 bytes,      89904 total
- age   3:       3632 bytes,      93536 total
 22761K->6740K(81280K), 0.0014689 secs]
12.742: [GC
Desired survivor size 1343488 bytes, new threshold 4 (max 4)
- age   1:     303576 bytes,     303576 total
- age   3:       7904 bytes,     311480 total
- age   4:       3632 bytes,     315112 total
 22683K->6957K(81280K), 0.0007507 secs]
12.755: [GC
Desired survivor size 1343488 bytes, new threshold 4 (max 4)
- age   1:     270280 bytes,     270280 total
- age   4:       7904 bytes,     278184 total
 22948K->6923K(81280K), 0.0007081 secs]
12.768: [GC
Desired survivor size 1343488 bytes, new threshold 4 (max 4)
- age   1:     117104 bytes,     117104 total
- age   2:        336 bytes,     117440 total
 22921K->6771K(81280K), 0.0010068 secs]
12.780: [GC
Desired survivor size 1343488 bytes, new threshold 4 (max 4)
- age   1:     366080 bytes,     366080 total
- age   3:        336 bytes,     366416 total
 22705K->7013K(81280K), 0.0006771 secs]
12.792: [GC
Desired survivor size 1343488 bytes, new threshold 4 (max 4)
- age   1:     430000 bytes,     430000 total
- age   4:        336 bytes,     430336 total
 22990K->7076K(81280K), 0.0008964 secs]
12.805: [GC
Desired survivor size 1343488 bytes, new threshold 4 (max 4)
- age   1:     423496 bytes,     423496 total
 23004K->7070K(81280K), 0.0006836 secs]
12.817: [GC
Desired survivor size 1343488 bytes, new threshold 4 (max 4)
- age   1:     390424 bytes,     390424 total
 23003K->7038K(81280K), 0.0007919 secs]
12.830: [GC
Desired survivor size 1343488 bytes, new threshold 4 (max 4)
- age   1:     419152 bytes,     419152 total
 23027K->7066K(81280K), 0.0007716 secs]
12.851: [GC
Desired survivor size 1343488 bytes, new threshold 4 (max 4)
- age   1:     167224 bytes,     167224 total
 23066K->6818K(81280K), 0.0006073 secs]
12.873: [GC
Desired survivor size 1343488 bytes, new threshold 4 (max 4)
- age   1:     234528 bytes,     234528 total
- age   2:       3512 bytes,     238040 total
 22811K->6887K(81280K), 0.0007141 secs]
12.897: [GC
Desired survivor size 1343488 bytes, new threshold 4 (max 4)
- age   1:     365200 bytes,     365200 total
- age   2:       7904 bytes,     373104 total
- age   3:       2808 bytes,     375912 total
 22881K->7022K(81280K), 0.0016079 secs]
12.915: [GC
Desired survivor size 1343488 bytes, new threshold 4 (max 4)
- age   1:     473616 bytes,     473616 total
- age   2:       7240 bytes,     480856 total
- age   3:       7904 bytes,     488760 total
- age   4:       2808 bytes,     491568 total
 22988K->7142K(81280K), 0.0010203 secs]
12.930: [GC
Desired survivor size 1343488 bytes, new threshold 4 (max 4)
- age   1:     373624 bytes,     373624 total
- age   2:       3664 bytes,     377288 total
- age   3:       7240 bytes,     384528 total
- age   4:       7904 bytes,     392432 total
 23137K->7041K(81280K), 0.0047864 secs]
12.953: [GC
Desired survivor size 1343488 bytes, new threshold 4 (max 4)
- age   1:     223336 bytes,     223336 total
- age   3:       3664 bytes,     227000 total
- age   4:       7240 bytes,     234240 total
 23009K->6906K(81280K), 0.0007633 secs]
12.984: [GC
Desired survivor size 1343488 bytes, new threshold 4 (max 4)
- age   1:     375712 bytes,     375712 total
- age   2:      44232 bytes,     419944 total
- age   4:       3664 bytes,     423608 total
 22906K->7089K(81280K), 0.0010677 secs]
12.999: [GC
Desired survivor size 1343488 bytes, new threshold 4 (max 4)
- age   1:     137200 bytes,     137200 total
- age   2:     349256 bytes,     486456 total
- age   3:      44232 bytes,     530688 total
 23087K->7200K(81280K), 0.0019658 secs]
13.016: [GC
Desired survivor size 1343488 bytes, new threshold 4 (max 4)
- age   1:     280288 bytes,     280288 total
- age   2:     119328 bytes,     399616 total
- age   3:     113208 bytes,     512824 total
- age   4:      44232 bytes,     557056 total
 23196K->7229K(81280K), 0.0014598 secs]
13.035: [GC
Desired survivor size 1343488 bytes, new threshold 4 (max 4)
- age   1:     392952 bytes,     392952 total
- age   2:      99104 bytes,     492056 total
- age   3:       4704 bytes,     496760 total
- age   4:      26848 bytes,     523608 total
 23229K->7201K(81280K), 0.0045780 secs]
13.052: [GC
Desired survivor size 1343488 bytes, new threshold 4 (max 4)
- age   1:     479920 bytes,     479920 total
- age   2:        704 bytes,     480624 total
- age   3:      45008 bytes,     525632 total
- age   4:       4704 bytes,     530336 total
 23192K->7232K(81280K), 0.0016294 secs]
13.066: [GC
Desired survivor size 1343488 bytes, new threshold 4 (max 4)
- age   1:     311496 bytes,     311496 total
- age   2:     184056 bytes,     495552 total
- age   3:        704 bytes,     496256 total
- age   4:      45008 bytes,     541264 total
 23215K->7248K(81280K), 0.0029289 secs]
13.080: [GC
Desired survivor size 1343488 bytes, new threshold 4 (max 4)
- age   1:     300024 bytes,     300024 total
- age   3:     184056 bytes,     484080 total
- age   4:        704 bytes,     484784 total
 23235K->7224K(81280K), 0.0015493 secs]
13.094: [GC
Desired survivor size 1343488 bytes, new threshold 4 (max 4)
- age   1:     517352 bytes,     517352 total
- age   2:         40 bytes,     517392 total
 23180K->7259K(81280K), 0.0010850 secs]
13.110: [GC
Desired survivor size 1343488 bytes, new threshold 4 (max 4)
- age   1:     721776 bytes,     721776 total
- age   2:      14984 bytes,     736760 total
 23243K->7471K(81280K), 0.0017714 secs]
13.124: [GC
Desired survivor size 1343488 bytes, new threshold 4 (max 4)
- age   1:     257864 bytes,     257864 total
- age   2:     342952 bytes,     600816 total
- age   3:      14984 bytes,     615800 total
 23446K->7355K(81280K), 0.0039613 secs]
13.140: [GC
Desired survivor size 1343488 bytes, new threshold 4 (max 4)
- age   1:     362328 bytes,     362328 total
- age   2:      66488 bytes,     428816 total
- age   3:     211184 bytes,     640000 total
- age   4:      14984 bytes,     654984 total
 23340K->7391K(81280K), 0.0015739 secs]
13.155: [GC
Desired survivor size 1343488 bytes, new threshold 4 (max 4)
- age   1:     385008 bytes,     385008 total
- age   2:     105528 bytes,     490536 total
- age   3:      66488 bytes,     557024 total
 23351K->7310K(81280K), 0.0013358 secs]
13.183: [GC
Desired survivor size 1343488 bytes, new threshold 4 (max 4)
- age   1:     225704 bytes,     225704 total
- age   2:     260984 bytes,     486688 total
- age   4:      66488 bytes,     553176 total
 23310K->7307K(81280K), 0.0012344 secs]
13.195: [GC
Desired survivor size 1343488 bytes, new threshold 4 (max 4)
- age   1:     140976 bytes,     140976 total
- age   2:     176496 bytes,     317472 total
- age   3:     154200 bytes,     471672 total
 23284K->7294K(81280K), 0.0013337 secs]
13.208: [GC
Desired survivor size 1343488 bytes, new threshold 4 (max 4)
- age   1:     376888 bytes,     376888 total
- age   2:     115208 bytes,     492096 total
- age   3:      10904 bytes,     503000 total
- age   4:     154200 bytes,     657200 total
 23291K->7481K(81280K), 0.0022100 secs]
13.224: [GC
Desired survivor size 1343488 bytes, new threshold 4 (max 4)
- age   1:     757064 bytes,     757064 total
- age   2:      62824 bytes,     819888 total
- age   4:      10904 bytes,     830792 total
 23480K->7794K(81280K), 0.0038228 secs]
13.239: [GC
Desired survivor size 1343488 bytes, new threshold 4 (max 4)
- age   1:     875648 bytes,     875648 total
- age   2:     336936 bytes,    1212584 total
 23732K->8179K(81280K), 0.0026259 secs]
13.258: [GC
Desired survivor size 1343488 bytes, new threshold 3 (max 4)
- age   1:     637048 bytes,     637048 total
- age   2:     589776 bytes,    1226824 total
- age   3:     132688 bytes,    1359512 total
 24148K->8320K(81280K), 0.0035334 secs]
13.279: [GC
Desired survivor size 1343488 bytes, new threshold 4 (max 4)
- age   1:     254352 bytes,     254352 total
- age   3:     589776 bytes,     844128 total
 24295K->7947K(81280K), 0.0014943 secs]
13.293: [GC
Desired survivor size 1343488 bytes, new threshold 4 (max 4)
- age   1:     680424 bytes,     680424 total
- age   2:     155560 bytes,     835984 total
- age   4:     241576 bytes,    1077560 total
 23914K->8174K(81280K), 0.0014410 secs]
13.312: [GC
Desired survivor size 1343488 bytes, new threshold 4 (max 4)
- age   1:     314264 bytes,     314264 total
- age   2:     517704 bytes,     831968 total
- age   3:     155504 bytes,     987472 total
 24158K->8240K(81280K), 0.0015367 secs]
13.327: [GC
Desired survivor size 1343488 bytes, new threshold 4 (max 4)
- age   1:     395096 bytes,     395096 total
- age   2:     140856 bytes,     535952 total
- age   3:     451328 bytes,     987280 total
- age   4:      79552 bytes,    1066832 total
 24213K->8320K(81280K), 0.0015951 secs]
13.341: [GC
Desired survivor size 1343488 bytes, new threshold 4 (max 4)
- age   1:     741760 bytes,     741760 total
- age   2:     123096 bytes,     864856 total
- age   3:     140856 bytes,    1005712 total
- age   4:     252280 bytes,    1257992 total
 24278K->8514K(81280K), 0.0017839 secs]
13.359: [GC
Desired survivor size 1343488 bytes, new threshold 4 (max 4)
- age   1:     863480 bytes,     863480 total
- age   2:     160552 bytes,    1024032 total
- age   3:      19064 bytes,    1043096 total
- age   4:     140856 bytes,    1183952 total
 24514K->8463K(81280K), 0.0014299 secs]
13.374: [GC
Desired survivor size 1343488 bytes, new threshold 4 (max 4)
- age   1:     609384 bytes,     609384 total
- age   2:     271064 bytes,     880448 total
- age   3:     160552 bytes,    1041000 total
- age   4:      19064 bytes,    1060064 total
 24463K->8473K(81280K), 0.0016561 secs]
13.387: [GC
Desired survivor size 1343488 bytes, new threshold 4 (max 4)
- age   1:     868336 bytes,     868336 total
- age   2:      57240 bytes,     925576 total
- age   3:     271064 bytes,    1196640 total
- age   4:     160552 bytes,    1357192 total
 24454K->8776K(81280K), 0.0017947 secs]
13.406: [GC
Desired survivor size 1343488 bytes, new threshold 4 (max 4)
- age   1:     518512 bytes,     518512 total
- age   2:     317048 bytes,     835560 total
- age   3:      56072 bytes,     891632 total
- age   4:     270952 bytes,    1162584 total
 24766K->8745K(81280K), 0.0018037 secs]
13.421: [GC
Desired survivor size 1343488 bytes, new threshold 4 (max 4)
- age   1:     311952 bytes,     311952 total
- age   2:     487240 bytes,     799192 total
- age   3:     317048 bytes,    1116240 total
- age   4:       3160 bytes,    1119400 total
 24710K->8868K(81280K), 0.0015646 secs]
13.434: [GC
Desired survivor size 1343488 bytes, new threshold 4 (max 4)
- age   1:     602304 bytes,     602304 total
- age   2:     255960 bytes,     858264 total
- age   3:     168888 bytes,    1027152 total
- age   4:     317048 bytes,    1344200 total
 24860K->9085K(81280K), 0.0018703 secs]
13.449: [GC
Desired survivor size 1343488 bytes, new threshold 4 (max 4)
- age   1:      69856 bytes,      69856 total
- age   2:     565576 bytes,     635432 total
- age   3:     255960 bytes,     891392 total
- age   4:     167080 bytes,    1058472 total
 25084K->9119K(81280K), 0.0022403 secs]
13.463: [GC
Desired survivor size 1343488 bytes, new threshold 4 (max 4)
- age   1:     806088 bytes,     806088 total
- age   2:       5104 bytes,     811192 total
- age   3:     239600 bytes,    1050792 total
- age   4:     216376 bytes,    1267168 total
 25057K->9485K(81280K), 0.0020258 secs]
13.477: [GC
Desired survivor size 1343488 bytes, new threshold 2 (max 4)
- age   1:     969544 bytes,     969544 total
- age   2:     643712 bytes,    1613256 total
- age   3:       5104 bytes,    1618360 total
 25404K->9825K(81280K), 0.0017707 secs]
13.495: [GC
Desired survivor size 1343488 bytes, new threshold 2 (max 4)
- age   1:    1092560 bytes,    1092560 total
- age   2:     308728 bytes,    1401288 total
 25823K->9932K(81280K), 0.0026594 secs]
13.510: [GC
Desired survivor size 1343488 bytes, new threshold 2 (max 4)
- age   1:     703544 bytes,     703544 total
- age   2:     816536 bytes,    1520080 total
 25909K->10111K(81280K), 0.0016417 secs]
13.523: [GC
Desired survivor size 1343488 bytes, new threshold 4 (max 4)
- age   1:     669408 bytes,     669408 total
- age   2:     548176 bytes,    1217584 total
 26089K->10224K(81280K), 0.0024756 secs]
13.545: [GC
Desired survivor size 1343488 bytes, new threshold 4 (max 4)
- age   1:     743168 bytes,     743168 total
- age   2:      84424 bytes,     827592 total
 26207K->9838K(81280K), 0.0014654 secs]
13.561: [GC
Desired survivor size 1343488 bytes, new threshold 4 (max 4)
- age   1:     321824 bytes,     321824 total
- age   2:     718544 bytes,    1040368 total
- age   3:      84424 bytes,    1124792 total
 25819K->10134K(81280K), 0.0030077 secs]
13.576: [GC
Desired survivor size 1343488 bytes, new threshold 4 (max 4)
- age   1:     716928 bytes,     716928 total
- age   2:     238384 bytes,     955312 total
- age   3:     170256 bytes,    1125568 total
 26113K->10130K(81280K), 0.0015676 secs]
13.589: [GC
Desired survivor size 1343488 bytes, new threshold 4 (max 4)
- age   1:     354144 bytes,     354144 total
- age   2:     606760 bytes,     960904 total
- age   3:     238384 bytes,    1199288 total
- age   4:      32312 bytes,    1231600 total
 26116K->10256K(81280K), 0.0018032 secs]
13.603: [GC
Desired survivor size 1343488 bytes, new threshold 4 (max 4)
- age   1:     748688 bytes,     748688 total
- age   2:     294696 bytes,    1043384 total
- age   3:     284512 bytes,    1327896 total
- age   4:     238384 bytes,    1566280 total
 26251K->10619K(81280K), 0.0019197 secs]
13.620: [GC
Desired survivor size 1343488 bytes, new threshold 4 (max 4)
- age   1:     275120 bytes,     275120 total
- age   2:     618104 bytes,     893224 total
- age   3:     294696 bytes,    1187920 total
 26601K->10466K(81280K), 0.0028095 secs]
13.635: [GC
Desired survivor size 1343488 bytes, new threshold 4 (max 4)
- age   1:     467904 bytes,     467904 total
- age   2:     193392 bytes,     661296 total
- age   3:     618104 bytes,    1279400 total
- age   4:     294696 bytes,    1574096 total
 26452K->10832K(81280K), 0.0020236 secs]
13.652: [GC
Desired survivor size 1343488 bytes, new threshold 4 (max 4)
- age   1:     395240 bytes,     395240 total
- age   2:     195552 bytes,     590792 total
- age   3:     135696 bytes,     726488 total
- age   4:      68112 bytes,     794600 total
 26830K->10286K(81280K), 0.0013675 secs]
13.683: [GC
Desired survivor size 1343488 bytes, new threshold 4 (max 4)
- age   1:     298864 bytes,     298864 total
- age   2:     309816 bytes,     608680 total
- age   3:     195552 bytes,     804232 total
- age   4:        520 bytes,     804752 total
 26236K->10364K(81280K), 0.0013223 secs]
13.696: [GC
Desired survivor size 1343488 bytes, new threshold 4 (max 4)
- age   1:     387928 bytes,     387928 total
- age   2:      26152 bytes,     414080 total
- age   3:     299616 bytes,     713696 total
- age   4:      60880 bytes,     774576 total
 26364K->10341K(81280K), 0.0013720 secs]
13.721: [GC
Desired survivor size 1343488 bytes, new threshold 4 (max 4)
- age   1:     531576 bytes,     531576 total
- age   2:      27536 bytes,     559112 total
- age   3:      26152 bytes,     585264 total
- age   4:     299576 bytes,     884840 total
 26341K->10518K(81280K), 0.0020122 secs]
13.739: [GC
Desired survivor size 1343488 bytes, new threshold 4 (max 4)
- age   1:     528768 bytes,     528768 total
- age   2:     361240 bytes,     890008 total
- age   3:      27536 bytes,     917544 total
- age   4:      26152 bytes,     943696 total
 26483K->10745K(81280K), 0.0023408 secs]
13.758: [GC
Desired survivor size 1343488 bytes, new threshold 4 (max 4)
- age   1:     847608 bytes,     847608 total
- age   2:        400 bytes,     848008 total
- age   3:     361240 bytes,    1209248 total
- age   4:      27536 bytes,    1236784 total
 26720K->11063K(81280K), 0.0029326 secs]
13.777: [GC
Desired survivor size 1343488 bytes, new threshold 4 (max 4)
- age   1:     486192 bytes,     486192 total
- age   2:     724752 bytes,    1210944 total
- age   3:        400 bytes,    1211344 total
- age   4:      96272 bytes,    1307616 total
 27033K->11170K(81280K), 0.0015443 secs]
13.793: [GC
Desired survivor size 1343488 bytes, new threshold 4 (max 4)
- age   1:     497128 bytes,     497128 total
- age   2:     290352 bytes,     787480 total
- age   3:     243496 bytes,    1030976 total
- age   4:        400 bytes,    1031376 total
 27109K->10977K(81280K), 0.0016581 secs]
13.809: [GC
Desired survivor size 1343488 bytes, new threshold 4 (max 4)
- age   1:     508792 bytes,     508792 total
- age   2:     427128 bytes,     935920 total
- age   3:     243000 bytes,    1178920 total
- age   4:      59944 bytes,    1238864 total
 26929K->11171K(81280K), 0.0025588 secs]
13.826: [GC
Desired survivor size 1343488 bytes, new threshold 4 (max 4)
- age   1:     392768 bytes,     392768 total
- age   3:     427128 bytes,     819896 total
- age   4:     243000 bytes,    1062896 total
 27147K->11055K(81280K), 0.0020857 secs]
13.840: [GC
Desired survivor size 1343488 bytes, new threshold 4 (max 4)
- age   1:     726480 bytes,     726480 total
- age   2:      81704 bytes,     808184 total
- age   4:     427128 bytes,    1235312 total
 27046K->11461K(81280K), 0.0028935 secs]
13.858: [GC
Desired survivor size 1343488 bytes, new threshold 4 (max 4)
- age   1:     544488 bytes,     544488 total
- age   2:     251120 bytes,     795608 total
 27461K->11448K(81280K), 0.0034627 secs]
13.875: [GC
Desired survivor size 1343488 bytes, new threshold 2 (max 4)
- age   1:    1314992 bytes,    1314992 total
- age   2:     178216 bytes,    1493208 total
- age   3:     144968 bytes,    1638176 total
 27426K->12272K(81280K), 0.0027340 secs]
13.892: [GC
Desired survivor size 1343488 bytes, new threshold 2 (max 4)
- age   1:    1241592 bytes,    1241592 total
- age   2:     485976 bytes,    1727568 total
 28265K->12674K(81280K), 0.0034504 secs]
13.912: [GC
Desired survivor size 1343488 bytes, new threshold 4 (max 4)
- age   1:     427512 bytes,     427512 total
- age   2:     815656 bytes,    1243168 total
 28669K->12493K(81280K), 0.0030682 secs]
13.931: [GC
Desired survivor size 1343488 bytes, new threshold 4 (max 4)
- age   1:     527072 bytes,     527072 total
- age   2:     369896 bytes,     896968 total
- age   3:     154096 bytes,    1051064 total
 28459K->12305K(81280K), 0.0027464 secs]
13.949: [GC
Desired survivor size 1343488 bytes, new threshold 4 (max 4)
- age   1:     570328 bytes,     570328 total
- age   2:     327792 bytes,     898120 total
- age   3:     207536 bytes,    1105656 total
- age   4:     154096 bytes,    1259752 total
 28300K->12509K(81280K), 0.0034930 secs]
13.968: [GC
Desired survivor size 1343488 bytes, new threshold 3 (max 4)
- age   1:    1151088 bytes,    1151088 total
- age   3:     327792 bytes,    1478880 total
- age   4:     207536 bytes,    1686416 total
 28475K->13076K(81280K), 0.0022882 secs]
13.981: [GC
Desired survivor size 1343488 bytes, new threshold 4 (max 4)
- age   1:     185152 bytes,     185152 total
- age   2:     886384 bytes,    1071536 total
 29061K->13000K(81280K), 0.0025096 secs]
14.001: [GC
Desired survivor size 1343488 bytes, new threshold 4 (max 4)
- age   1:     474400 bytes,     474400 total
- age   2:     151896 bytes,     626296 total
- age   3:     456656 bytes,    1082952 total
 28989K->13009K(81280K), 0.0014797 secs]
14.026: [GC
Desired survivor size 1343488 bytes, new threshold 4 (max 4)
- age   1:     251840 bytes,     251840 total
- age   2:      22960 bytes,     274800 total
- age   3:     151896 bytes,     426696 total
- age   4:     231272 bytes,     657968 total
 29009K->12596K(81280K), 0.0012844 secs]
14.042: [GC
Desired survivor size 1343488 bytes, new threshold 4 (max 4)
- age   1:     526256 bytes,     526256 total
- age   2:     234472 bytes,     760728 total
- age   3:       5520 bytes,     766248 total
- age   4:     151896 bytes,     918144 total
 28568K->13077K(81280K), 0.0025029 secs]
14.057: [GC
Desired survivor size 1343488 bytes, new threshold 4 (max 4)
- age   1:     228904 bytes,     228904 total
- age   2:     239576 bytes,     468480 total
- age   3:     234472 bytes,     702952 total
- age   4:       5520 bytes,     708472 total
 29046K->13024K(81280K), 0.0015647 secs]
14.079: [GC
Desired survivor size 1343488 bytes, new threshold 4 (max 4)
- age   1:     375312 bytes,     375312 total
- age   3:     239576 bytes,     614888 total
- age   4:     234472 bytes,     849360 total
 29009K->13173K(81280K), 0.0013392 secs]
14.095: [GC
Desired survivor size 1343488 bytes, new threshold 4 (max 4)
- age   1:     545776 bytes,     545776 total
- age   2:     237792 bytes,     783568 total
- age   4:     239576 bytes,    1023144 total
 29121K->13567K(81280K), 0.0023218 secs]
14.117: [GC
Desired survivor size 1343488 bytes, new threshold 4 (max 4)
- age   1:     668008 bytes,     668008 total
- age   2:     383312 bytes,    1051320 total
- age   3:        808 bytes,    1052128 total
 29543K->13823K(81280K), 0.0037342 secs]
14.146: [GC
Desired survivor size 1343488 bytes, new threshold 4 (max 4)
- age   1:     919232 bytes,     919232 total
- age   2:      88688 bytes,    1007920 total
- age   3:     160808 bytes,    1168728 total
- age   4:        808 bytes,    1169536 total
 29804K->13942K(81280K), 0.0018691 secs]
14.160: [GC
Desired survivor size 1343488 bytes, new threshold 4 (max 4)
- age   1:     611792 bytes,     611792 total
- age   2:     639688 bytes,    1251480 total
- age   3:       6984 bytes,    1258464 total
- age   4:     160808 bytes,    1419272 total
 29933K->14184K(81280K), 0.0022818 secs]
14.177: [GC
Desired survivor size 1343488 bytes, new threshold 4 (max 4)
- age   1:     258192 bytes,     258192 total
- age   2:     248976 bytes,     507168 total
- age   3:     543088 bytes,    1050256 total
- age   4:       6984 bytes,    1057240 total
 30131K->14000K(81280K), 0.0087343 secs]
14.205: [GC
Desired survivor size 1343488 bytes, new threshold 4 (max 4)
- age   1:     226824 bytes,     226824 total
- age   2:     192824 bytes,     419648 total
- age   3:     248976 bytes,     668624 total
- age   4:     543088 bytes,    1211712 total
 29998K->14151K(81280K), 0.0025158 secs]
14.226: [GC
Desired survivor size 1343488 bytes, new threshold 4 (max 4)
- age   1:     537792 bytes,     537792 total
- age   2:     169360 bytes,     707152 total
- age   3:     192824 bytes,     899976 total
- age   4:     248976 bytes,    1148952 total
 30151K->14266K(81280K), 0.0031538 secs]
14.245: [GC
Desired survivor size 1343488 bytes, new threshold 4 (max 4)
- age   1:     611216 bytes,     611216 total
- age   2:     537792 bytes,    1149008 total
- age   3:     169360 bytes,    1318368 total
- age   4:     166232 bytes,    1484600 total
 30229K->14822K(81280K), 0.0040570 secs]
14.264: [GC
Desired survivor size 1343488 bytes, new threshold 4 (max 4)
- age   1:     384344 bytes,     384344 total
- age   2:     248800 bytes,     633144 total
- age   3:     537792 bytes,    1170936 total
- age   4:     169360 bytes,    1340296 total
 30810K->14765K(81280K), 0.0025434 secs]
14.284: [GC
Desired survivor size 1343488 bytes, new threshold 4 (max 4)
- age   1:     440344 bytes,     440344 total
- age   2:     327168 bytes,     767512 total
- age   3:     248760 bytes,    1016272 total
- age   4:     537792 bytes,    1554064 total
 30717K->15141K(81280K), 0.0033217 secs]
14.302: [GC
Desired survivor size 1343488 bytes, new threshold 4 (max 4)
- age   1:     360136 bytes,     360136 total
- age   2:     105672 bytes,     465808 total
- age   3:     327168 bytes,     792976 total
- age   4:     248760 bytes,    1041736 total
 31141K->15168K(81280K), 0.0038146 secs]
14.319: [GC
Desired survivor size 1343488 bytes, new threshold 4 (max 4)
- age   1:     327784 bytes,     327784 total
- age   2:       2760 bytes,     330544 total
- age   3:     105672 bytes,     436216 total
- age   4:     327168 bytes,     763384 total
 31146K->15134K(81280K), 0.0024998 secs]
14.334: [GC
Desired survivor size 1343488 bytes, new threshold 4 (max 4)
- age   1:     770128 bytes,     770128 total
- age   2:       8144 bytes,     778272 total
- age   3:       2760 bytes,     781032 total
- age   4:     105672 bytes,     886704 total
 31126K->15408K(81280K), 0.0022044 secs]
14.349: [GC
Desired survivor size 1343488 bytes, new threshold 4 (max 4)
- age   1:     365008 bytes,     365008 total
- age   2:      22216 bytes,     387224 total
- age   3:       8144 bytes,     395368 total
- age   4:       2760 bytes,     398128 total
 31293K->15044K(81280K), 0.0014654 secs]
14.368: [GC
Desired survivor size 1343488 bytes, new threshold 4 (max 4)
- age   1:     234984 bytes,     234984 total
- age   3:      22216 bytes,     257200 total
- age   4:       8144 bytes,     265344 total
 31044K->14909K(81280K), 0.0008856 secs]
14.384: [GC
Desired survivor size 1343488 bytes, new threshold 4 (max 4)
- age   1:     452656 bytes,     452656 total
- age   2:       9696 bytes,     462352 total
- age   4:      22216 bytes,     484568 total
 30885K->15140K(81280K), 0.0012666 secs]
14.404: [GC
Desired survivor size 1343488 bytes, new threshold 4 (max 4)
- age   1:     489176 bytes,     489176 total
- age   2:     397600 bytes,     886776 total
- age   3:       9696 bytes,     896472 total
 31140K->15553K(81280K), 0.0027851 secs]
14.422: [GC
Desired survivor size 1343488 bytes, new threshold 2 (max 4)
- age   1:    1146592 bytes,    1146592 total
- age   2:     489176 bytes,    1635768 total
- age   3:     397560 bytes,    2033328 total
- age   4:       9696 bytes,    2043024 total
 31501K->16687K(81280K), 0.0028737 secs]
14.436: [GC
Desired survivor size 1343488 bytes, new threshold 2 (max 4)
- age   1:     458864 bytes,     458864 total
- age   2:    1062312 bytes,    1521176 total
 32670K->16856K(81280K), 0.0049986 secs]
14.458: [GC
Desired survivor size 1343488 bytes, new threshold 4 (max 4)
- age   1:     554208 bytes,     554208 total
- age   2:     286080 bytes,     840288 total
 32856K->16661K(81280K), 0.0034983 secs]
14.473: [GC
Desired survivor size 1343488 bytes, new threshold 4 (max 4)
- age   1:     524760 bytes,     524760 total
- age   2:     420552 bytes,     945312 total
- age   3:     211680 bytes,    1156992 total
 32649K->16959K(81280K), 0.0022741 secs]
14.487: [GC
Desired survivor size 1343488 bytes, new threshold 4 (max 4)
- age   1:     362864 bytes,     362864 total
- age   2:     317968 bytes,     680832 total
- age   3:      55624 bytes,     736456 total
 32959K->16541K(81280K), 0.0028646 secs]
14.503: [GC
Desired survivor size 1343488 bytes, new threshold 4 (max 4)
- age   1:     578656 bytes,     578656 total
- age   2:     293928 bytes,     872584 total
- age   3:     317928 bytes,    1190512 total
- age   4:      55624 bytes,    1246136 total
 32527K->17039K(81280K), 0.0024261 secs]
14.520: [GC
Desired survivor size 1343488 bytes, new threshold 4 (max 4)
- age   1:     326056 bytes,     326056 total
- age   2:     539896 bytes,     865952 total
- age   3:     293928 bytes,    1159880 total
- age   4:     317928 bytes,    1477808 total
 33019K->17323K(81280K), 0.0040637 secs]
14.536: [GC
Desired survivor size 1343488 bytes, new threshold 4 (max 4)
- age   1:     401760 bytes,     401760 total
- age   2:     204232 bytes,     605992 total
- age   3:     461848 bytes,    1067840 total
- age   4:     293928 bytes,    1361768 total
 33317K->17516K(81280K), 0.0058650 secs]
14.555: [GC
Desired survivor size 1343488 bytes, new threshold 4 (max 4)
- age   1:     277536 bytes,     277536 total
- age   2:     253584 bytes,     531120 total
- age   3:     204232 bytes,     735352 total
- age   4:     461848 bytes,    1197200 total
 33510K->17644K(81280K), 0.0044976 secs]
14.572: [GC
Desired survivor size 1343488 bytes, new threshold 3 (max 4)
- age   1:    1039608 bytes,    1039608 total
- age   2:     164760 bytes,    1204368 total
- age   3:     253584 bytes,    1457952 total
- age   4:     204232 bytes,    1662184 total
 33605K->18397K(81280K), 0.0023443 secs]
14.587: [GC
Desired survivor size 1343488 bytes, new threshold 4 (max 4)
- age   1:     640256 bytes,     640256 total
- age   2:     403800 bytes,    1044056 total
- age   3:     164760 bytes,    1208816 total
 34382K->18401K(81280K), 0.0041324 secs]
14.605: [GC
Desired survivor size 1343488 bytes, new threshold 4 (max 4)
- age   1:     588256 bytes,     588256 total
- age   2:     208368 bytes,     796624 total
- age   3:     403800 bytes,    1200424 total
- age   4:     164760 bytes,    1365184 total
 34399K->18555K(81280K), 0.0014751 secs]
14.618: [GC
Desired survivor size 1343488 bytes, new threshold 4 (max 4)
- age   1:     457840 bytes,     457840 total
- age   2:     178256 bytes,     636096 total
- age   3:     208368 bytes,     844464 total
- age   4:     403800 bytes,    1248264 total
 34555K->18601K(81280K), 0.0017094 secs]
14.632: [GC
Desired survivor size 1343488 bytes, new threshold 4 (max 4)
- age   1:     238800 bytes,     238800 total
- age   2:     411936 bytes,     650736 total
- age   3:     178256 bytes,     828992 total
- age   4:     208368 bytes,    1037360 total
 34565K->18789K(81280K), 0.0031747 secs]
14.647: [GC
Desired survivor size 1343488 bytes, new threshold 4 (max 4)
- age   1:     407792 bytes,     407792 total
- age   2:     143720 bytes,     551512 total
- age   3:     411936 bytes,     963448 total
- age   4:     178256 bytes,    1141704 total
 34775K->19094K(81280K), 0.0019749 secs]
14.668: [GC
Desired survivor size 1343488 bytes, new threshold 4 (max 4)
- age   1:     472376 bytes,     472376 total
- age   2:     183880 bytes,     656256 total
- age   3:      90808 bytes,     747064 total
- age   4:     411936 bytes,    1159000 total
 35059K->19286K(81280K), 0.0023418 secs]
14.683: [GC
Desired survivor size 1343488 bytes, new threshold 4 (max 4)
- age   1:     597840 bytes,     597840 total
- age   2:     375480 bytes,     973320 total
- age   3:     183880 bytes,    1157200 total
- age   4:      90808 bytes,    1248008 total
 35279K->19499K(81280K), 0.0021473 secs]
14.710: [GC
Desired survivor size 1343488 bytes, new threshold 3 (max 4)
- age   1:     819784 bytes,     819784 total
- age   2:     462920 bytes,    1282704 total
- age   3:     375480 bytes,    1658184 total
- age   4:     183880 bytes,    1842064 total
 35499K->20167K(81280K), 0.0028207 secs]
14.724: [GC
Desired survivor size 1343488 bytes, new threshold 3 (max 4)
- age   1:     278920 bytes,     278920 total
- age   2:     685528 bytes,     964448 total
- age   3:     399648 bytes,    1364096 total
 36167K->20285K(81280K), 0.0029026 secs]
14.740: [GC
Desired survivor size 1343488 bytes, new threshold 4 (max 4)
- age   1:     127472 bytes,     127472 total
- age   2:      91416 bytes,     218888 total
- age   3:     685528 bytes,     904416 total
 36264K->20262K(81280K), 0.0019976 secs]
14.758: [GC
Desired survivor size 1343488 bytes, new threshold 4 (max 4)
- age   1:     341184 bytes,     341184 total
- age   3:      91416 bytes,     432600 total
- age   4:     607416 bytes,    1040016 total
 36262K->20355K(81280K), 0.0013546 secs]
14.771: [GC
Desired survivor size 1343488 bytes, new threshold 4 (max 4)
- age   1:     423304 bytes,     423304 total
- age   2:     297880 bytes,     721184 total
- age   4:      91416 bytes,     812600 total
 36341K->20715K(81280K), 0.0023940 secs]
14.785: [GC
Desired survivor size 1343488 bytes, new threshold 4 (max 4)
- age   1:     586464 bytes,     586464 total
- age   2:     372032 bytes,     958496 total
- age   3:     297880 bytes,    1256376 total
 36691K->21218K(81280K), 0.0026407 secs]
14.805: [GC
Desired survivor size 1343488 bytes, new threshold 4 (max 4)
- age   1:     535008 bytes,     535008 total
- age   2:     346864 bytes,     881872 total
- age   3:     372032 bytes,    1253904 total
- age   4:     297880 bytes,    1551784 total
 37166K->21503K(81280K), 0.0034092 secs]
14.820: [GC
Desired survivor size 1343488 bytes, new threshold 4 (max 4)
- age   1:     508288 bytes,     508288 total
- age   2:     452264 bytes,     960552 total
- age   3:     346864 bytes,    1307416 total
- age   4:     372032 bytes,    1679448 total
 37489K->21770K(81280K), 0.0025557 secs]
14.842: [GC
Desired survivor size 1343488 bytes, new threshold 4 (max 4)
- age   1:     349168 bytes,     349168 total
- age   2:     254584 bytes,     603752 total
- age   3:     220992 bytes,     824744 total
- age   4:     248256 bytes,    1073000 total
 37770K->21497K(81280K), 0.0028389 secs]
14.860: [GC
Desired survivor size 1343488 bytes, new threshold 3 (max 4)
- age   1:     942336 bytes,     942336 total
- age   2:     171680 bytes,    1114016 total
- age   3:     254584 bytes,    1368600 total
- age   4:     220264 bytes,    1588864 total
 37487K->22243K(81280K), 0.0020821 secs]
14.878: [GC
Desired survivor size 1343488 bytes, new threshold 4 (max 4)
- age   1:     693744 bytes,     693744 total
- age   2:     448640 bytes,    1142384 total
- age   3:     171680 bytes,    1314064 total
 38228K->22442K(81280K), 0.0042741 secs]
14.894: [GC
Desired survivor size 1343488 bytes, new threshold 3 (max 4)
- age   1:     616160 bytes,     616160 total
- age   2:     548504 bytes,    1164664 total
- age   3:     181480 bytes,    1346144 total
- age   4:     171680 bytes,    1517824 total
 38388K->22636K(81280K), 0.0031226 secs]
14.917: [GC
Desired survivor size 1343488 bytes, new threshold 3 (max 4)
- age   1:     718200 bytes,     718200 total
- age   2:     533056 bytes,    1251256 total
- age   3:     128992 bytes,    1380248 total
 38636K->22848K(81280K), 0.0047843 secs]
14.937: [GC
Desired survivor size 1343488 bytes, new threshold 4 (max 4)
- age   1:     346064 bytes,     346064 total
- age   2:     459120 bytes,     805184 total
- age   3:     362376 bytes,    1167560 total
 38821K->22769K(81280K), 0.0028791 secs]
14.954: [GC
Desired survivor size 1343488 bytes, new threshold 4 (max 4)
- age   1:     614976 bytes,     614976 total
- age   2:       5648 bytes,     620624 total
- age   3:     202216 bytes,     822840 total
- age   4:     361800 bytes,    1184640 total
 38768K->22786K(81280K), 0.0015390 secs]
14.967: [GC
Desired survivor size 1343488 bytes, new threshold 4 (max 4)
- age   1:     302880 bytes,     302880 total
- age   2:     318424 bytes,     621304 total
- age   3:       5648 bytes,     626952 total
- age   4:     202216 bytes,     829168 total
 38755K->22798K(81280K), 0.0027734 secs]
14.986: [GC
Desired survivor size 1343488 bytes, new threshold 3 (max 4)
- age   1:     877744 bytes,     877744 total
- age   2:     249592 bytes,    1127336 total
- age   3:     318424 bytes,    1445760 total
- age   4:       5648 bytes,    1451408 total
 38700K->23607K(81280K), 0.0026787 secs]
14.999: [GC
Desired survivor size 1343488 bytes, new threshold 2 (max 4)
- age   1:    1007256 bytes,    1007256 total
- age   2:     619872 bytes,    1627128 total
- age   3:     249592 bytes,    1876720 total
 39545K->24331K(81280K), 0.0029095 secs]
15.021: [GC
Desired survivor size 1343488 bytes, new threshold 4 (max 4)
- age   1:     342000 bytes,     342000 total
- age   2:     664632 bytes,    1006632 total
 40331K->23987K(81280K), 0.0034055 secs]
15.038: [GC
Desired survivor size 1343488 bytes, new threshold 4 (max 4)
- age   1:     667440 bytes,     667440 total
- age   2:     212984 bytes,     880424 total
- age   3:     351936 bytes,    1232360 total
 39968K->24210K(81280K), 0.0021173 secs]
15.053: [GC
Desired survivor size 1343488 bytes, new threshold 4 (max 4)
- age   1:     560616 bytes,     560616 total
- age   3:     212984 bytes,     773600 total
- age   4:     351936 bytes,    1125536 total
 40203K->24101K(81280K), 0.0041098 secs]
15.079: [GC
Desired survivor size 1343488 bytes, new threshold 4 (max 4)
- age   1:     270592 bytes,     270592 total
- age   2:     459368 bytes,     729960 total
- age   4:     173656 bytes,     903616 total
 40068K->24169K(81280K), 0.0051398 secs]
15.098: [GC
Desired survivor size 1343488 bytes, new threshold 4 (max 4)
- age   1:     608752 bytes,     608752 total
- age   2:     103080 bytes,     711832 total
- age   3:      86968 bytes,     798800 total
 40152K->24234K(81280K), 0.0064488 secs]
15.120: [GC
Desired survivor size 1343488 bytes, new threshold 4 (max 4)
- age   1:     279984 bytes,     279984 total
- age   2:     449872 bytes,     729856 total
- age   3:      10904 bytes,     740760 total
 40234K->24179K(81280K), 0.0045535 secs]
15.145: [GC
Desired survivor size 1343488 bytes, new threshold 4 (max 4)
- age   1:     418760 bytes,     418760 total
- age   2:     171256 bytes,     590016 total
- age   3:      81808 bytes,     671824 total
- age   4:      10904 bytes,     682728 total
 40150K->24120K(81280K), 0.0025610 secs]
15.162: [GC
Desired survivor size 1343488 bytes, new threshold 4 (max 4)
- age   1:     809984 bytes,     809984 total
- age   2:     102464 bytes,     912448 total
- age   3:     171256 bytes,    1083704 total
- age   4:      81808 bytes,    1165512 total
 40107K->24610K(81280K), 0.0018359 secs]
15.182: [GC
Desired survivor size 1343488 bytes, new threshold 4 (max 4)
- age   1:     514848 bytes,     514848 total
- age   2:     486536 bytes,    1001384 total
- age   3:     102464 bytes,    1103848 total
- age   4:     171256 bytes,    1275104 total
 40601K->24791K(81280K), 0.0020421 secs]
15.198: [GC
Desired survivor size 1343488 bytes, new threshold 3 (max 4)
- age   1:     839712 bytes,     839712 total
- age   2:     328240 bytes,    1167952 total
- age   3:     486536 bytes,    1654488 total
- age   4:     102464 bytes,    1756952 total
 40779K->25454K(81280K), 0.0039084 secs]
15.216: [GC
Desired survivor size 1343488 bytes, new threshold 4 (max 4)
- age   1:     651272 bytes,     651272 total
- age   2:     217392 bytes,     868664 total
- age   3:     247272 bytes,    1115936 total
 41443K->25383K(81280K), 0.0036840 secs]
15.231: [GC
Desired survivor size 1343488 bytes, new threshold 4 (max 4)
- age   1:     498984 bytes,     498984 total
- age   2:     374192 bytes,     873176 total
- age   3:     217392 bytes,    1090568 total
- age   4:     247272 bytes,    1337840 total
 41383K->25593K(81280K), 0.0017722 secs]
15.245: [GC
Desired survivor size 1343488 bytes, new threshold 4 (max 4)
- age   1:     690856 bytes,     690856 total
- age   2:     434736 bytes,    1125592 total
- age   3:         40 bytes,    1125632 total
- age   4:     217392 bytes,    1343024 total
 41579K->25840K(81280K), 0.0035403 secs]
15.264: [GC
Desired survivor size 1343488 bytes, new threshold 3 (max 4)
- age   1:     657424 bytes,     657424 total
- age   2:     535488 bytes,    1192912 total
- age   3:     160488 bytes,    1353400 total
- age   4:         40 bytes,    1353440 total
 41823K->26063K(81280K), 0.0018356 secs]
15.280: [GC
Desired survivor size 1343488 bytes, new threshold 2 (max 4)
- age   1:    1002832 bytes,    1002832 total
- age   2:     439832 bytes,    1442664 total
- age   3:     255312 bytes,    1697976 total
 42039K->26554K(81280K), 0.0028575 secs]
15.295: [GC
Desired survivor size 1343488 bytes, new threshold 2 (max 4)
- age   1:     447304 bytes,     447304 total
- age   2:     955904 bytes,    1403208 total
 42534K->26853K(81280K), 0.0039139 secs]
15.312: [GC
Desired survivor size 1343488 bytes, new threshold 4 (max 4)
- age   1:     318496 bytes,     318496 total
- age   2:     353128 bytes,     671624 total
 42814K->27070K(81280K), 0.0031980 secs]
15.330: [GC
Desired survivor size 1343488 bytes, new threshold 3 (max 4)
- age   1:     961640 bytes,     961640 total
- age   2:     245208 bytes,    1206848 total
- age   3:     353128 bytes,    1559976 total
 43064K->27938K(81280K), 0.0033459 secs]
15.344: [GC
Desired survivor size 1343488 bytes, new threshold 4 (max 4)
- age   1:     185576 bytes,     185576 total
- age   2:     726856 bytes,     912432 total
- age   3:     140984 bytes,    1053416 total
 43917K->27788K(81280K), 0.0021977 secs]
15.358: [GC
Desired survivor size 1343488 bytes, new threshold 4 (max 4)
- age   1:     320496 bytes,     320496 total
- age   2:      84744 bytes,     405240 total
- age   3:     726856 bytes,    1132096 total
- age   4:      76680 bytes,    1208776 total
 43759K->27939K(81280K), 0.0018502 secs]
15.374: [GC
Desired survivor size 1343488 bytes, new threshold 4 (max 4)
- age   1:     325112 bytes,     325112 total
- age   2:     236232 bytes,     561344 total
- age   3:      84744 bytes,     646088 total
- age   4:     726152 bytes,    1372240 total
 43903K->28174K(81280K), 0.0020325 secs]
15.387: [GC
Desired survivor size 1343488 bytes, new threshold 4 (max 4)
- age   1:     116232 bytes,     116232 total
- age   2:     271672 bytes,     387904 total
- age   3:     236232 bytes,     624136 total
- age   4:      84744 bytes,     708880 total
 44174K->28240K(81280K), 0.0027025 secs]
15.406: [GC
Desired survivor size 1343488 bytes, new threshold 4 (max 4)
- age   1:     429168 bytes,     429168 total
- age   2:      58384 bytes,     487552 total
- age   3:     271672 bytes,     759224 total
- age   4:     236232 bytes,     995456 total
 44185K->28598K(81280K), 0.0018405 secs]
15.420: [GC
Desired survivor size 1343488 bytes, new threshold 4 (max 4)
- age   1:     608976 bytes,     608976 total
- age   2:     145960 bytes,     754936 total
- age   3:      58384 bytes,     813320 total
- age   4:     271672 bytes,    1084992 total
 44598K->28917K(81280K), 0.0018650 secs]
15.436: [GC
Desired survivor size 1343488 bytes, new threshold 4 (max 4)
- age   1:     898304 bytes,     898304 total
- age   2:     203712 bytes,    1102016 total
- age   3:     145960 bytes,    1247976 total
- age   4:      58384 bytes,    1306360 total
 44795K->29230K(81280K), 0.0019105 secs]
15.454: [GC
Desired survivor size 1343488 bytes, new threshold 4 (max 4)
- age   1:     537656 bytes,     537656 total
- age   2:      89968 bytes,     627624 total
- age   3:     203712 bytes,     831336 total
- age   4:     145960 bytes,     977296 total
 45230K->28966K(81280K), 0.0015880 secs]
15.469: [GC
Desired survivor size 1343488 bytes, new threshold 4 (max 4)
- age   1:     905504 bytes,     905504 total
- age   2:     170424 bytes,    1075928 total
- age   3:      89968 bytes,    1165896 total
- age   4:     203712 bytes,    1369608 total
 44909K->29493K(81280K), 0.0019588 secs]
15.485: [GC
Desired survivor size 1343488 bytes, new threshold 4 (max 4)
- age   1:     345384 bytes,     345384 total
- age   2:     485656 bytes,     831040 total
- age   3:       5728 bytes,     836768 total
- age   4:       7584 bytes,     844352 total
 45466K->29181K(81280K), 0.0018695 secs]
15.500: [GC
Desired survivor size 1343488 bytes, new threshold 4 (max 4)
- age   1:     557544 bytes,     557544 total
- age   2:      91792 bytes,     649336 total
- age   3:     240608 bytes,     889944 total
- age   4:       5728 bytes,     895672 total
 45116K->29241K(81280K), 0.0015872 secs]
15.515: [GC
Desired survivor size 1343488 bytes, new threshold 4 (max 4)
- age   1:     668488 bytes,     668488 total
- age   2:     385936 bytes,    1054424 total
- age   3:      91624 bytes,    1146048 total
- age   4:     240608 bytes,    1386656 total
 45237K->29730K(81280K), 0.0017866 secs]
15.529: [GC
Desired survivor size 1343488 bytes, new threshold 4 (max 4)
- age   1:     614880 bytes,     614880 total
- age   2:     479736 bytes,    1094616 total
- age   3:     215776 bytes,    1310392 total
- age   4:      91624 bytes,    1402016 total
 45690K->29971K(81280K), 0.0021118 secs]
15.544: [GC
Desired survivor size 1343488 bytes, new threshold 3 (max 4)
- age   1:     602440 bytes,     602440 total
- age   2:     383784 bytes,     986224 total
- age   3:     479736 bytes,    1465960 total
- age   4:     215776 bytes,    1681736 total
 45958K->30245K(81280K), 0.0020342 secs]
15.559: [GC
Desired survivor size 1343488 bytes, new threshold 4 (max 4)
- age   1:     342728 bytes,     342728 total
- age   2:     413624 bytes,     756352 total
- age   3:     323672 bytes,    1080024 total
 46239K->30176K(81280K), 0.0031332 secs]
15.574: [GC
Desired survivor size 1343488 bytes, new threshold 4 (max 4)
- age   1:     802472 bytes,     802472 total
- age   2:     257728 bytes,    1060200 total
- age   3:     119736 bytes,    1179936 total
- age   4:     323672 bytes,    1503608 total
 46166K->30583K(81280K), 0.0021519 secs]
15.588: [GC
Desired survivor size 1343488 bytes, new threshold 4 (max 4)
- age   1:     490080 bytes,     490080 total
- age   2:     444600 bytes,     934680 total
- age   3:     196320 bytes,    1131000 total
- age   4:      58256 bytes,    1189256 total
 46531K->30592K(81280K), 0.0021275 secs]
15.601: [GC
Desired survivor size 1343488 bytes, new threshold 4 (max 4)
- age   1:     434208 bytes,     434208 total
- age   2:     236488 bytes,     670696 total
- age   3:     444600 bytes,    1115296 total
- age   4:     158496 bytes,    1273792 total
 46525K->30732K(81280K), 0.0021047 secs]
15.620: [GC
Desired survivor size 1343488 bytes, new threshold 4 (max 4)
- age   1:     378136 bytes,     378136 total
- age   3:     236488 bytes,     614624 total
- age   4:     352288 bytes,     966912 total
 46710K->30585K(81280K), 0.0017632 secs]
15.636: [GC
Desired survivor size 1343488 bytes, new threshold 4 (max 4)
- age   1:     635080 bytes,     635080 total
- age   2:     242864 bytes,     877944 total
- age   4:     108120 bytes,     986064 total
 46585K->30858K(81280K), 0.0017698 secs]
15.649: [GC
Desired survivor size 1343488 bytes, new threshold 4 (max 4)
- age   1:     590240 bytes,     590240 total
- age   2:     499336 bytes,    1089576 total
- age   3:     242808 bytes,    1332384 total
 46823K->31303K(81280K), 0.0021238 secs]
15.663: [GC
Desired survivor size 1343488 bytes, new threshold 3 (max 4)
- age   1:     627384 bytes,     627384 total
- age   2:     497800 bytes,    1125184 total
- age   3:     499248 bytes,    1624432 total
- age   4:     242808 bytes,    1867240 total
 47282K->31827K(81280K), 0.0027180 secs]
15.680: [GC
Desired survivor size 1343488 bytes, new threshold 4 (max 4)
- age   1:     320552 bytes,     320552 total
- age   2:     370360 bytes,     690912 total
- age   3:     386440 bytes,    1077352 total
 47814K->31719K(81280K), 0.0028194 secs]
15.696: [GC
Desired survivor size 1343488 bytes, new threshold 4 (max 4)
- age   1:     685880 bytes,     685880 total
- age   2:     205344 bytes,     891224 total
- age   3:     370360 bytes,    1261584 total
- age   4:     386440 bytes,    1648024 total
 47670K->32270K(81280K), 0.0021610 secs]
15.710: [GC
Desired survivor size 1343488 bytes, new threshold 3 (max 4)
- age   1:     632208 bytes,     632208 total
- age   2:     561824 bytes,    1194032 total
- age   3:     150840 bytes,    1344872 total
- age   4:     370360 bytes,    1715232 total
 48201K->32713K(81280K), 0.0027598 secs]
15.725: [GC
Desired survivor size 1343488 bytes, new threshold 2 (max 4)
- age   1:    1170568 bytes,    1170568 total
- age   2:     204280 bytes,    1374848 total
- age   3:     561824 bytes,    1936672 total
 48712K->33216K(81280K), 0.0030005 secs]
15.739: [GC
Desired survivor size 1343488 bytes, new threshold 2 (max 4)
- age   1:     575168 bytes,     575168 total
- age   2:    1027808 bytes,    1602976 total
 49181K->33375K(81280K), 0.0035383 secs]
15.757: [GC
Desired survivor size 1343488 bytes, new threshold 4 (max 4)
- age   1:     850648 bytes,     850648 total
- age   2:     281688 bytes,    1132336 total
 49375K->33693K(81280K), 0.0026266 secs]
15.772: [GC
Desired survivor size 1343488 bytes, new threshold 2 (max 4)
- age   1:     736040 bytes,     736040 total
- age   2:     731376 bytes,    1467416 total
- age   3:     281688 bytes,    1749104 total
 49661K->34295K(81280K), 0.0023667 secs]
15.788: [GC
Desired survivor size 1343488 bytes, new threshold 1 (max 4)
- age   1:    1466024 bytes,    1466024 total
- age   2:     665864 bytes,    2131888 total
 50295K->35328K(81280K), 0.0040972 secs]
15.809: [GC
Desired survivor size 1343488 bytes, new threshold 4 (max 4)
- age   1:     441800 bytes,     441800 total
 51251K->35190K(81280K), 0.0048978 secs]
15.828: [GC
Desired survivor size 1343488 bytes, new threshold 4 (max 4)
- age   1:     522712 bytes,     522712 total
- age   2:     294400 bytes,     817112 total
 51136K->35556K(81280K), 0.0015418 secs]
15.843: [GC
Desired survivor size 1343488 bytes, new threshold 4 (max 4)
- age   1:     533072 bytes,     533072 total
- age   2:     405728 bytes,     938800 total
- age   3:     221112 bytes,    1159912 total
 51556K->35893K(81280K), 0.0018432 secs]
15.856: [GC
Desired survivor size 1343488 bytes, new threshold 4 (max 4)
- age   1:     283608 bytes,     283608 total
- age   2:     400312 bytes,     683920 total
- age   3:     238448 bytes,     922368 total
- age   4:     221112 bytes,    1143480 total
 51858K->35885K(81280K), 0.0018857 secs]
15.870: [GC
Desired survivor size 1343488 bytes, new threshold 4 (max 4)
- age   1:     831984 bytes,     831984 total
- age   2:     225416 bytes,    1057400 total
- age   3:      87240 bytes,    1144640 total
- age   4:       7216 bytes,    1151856 total
 51870K->36102K(81280K), 0.0020446 secs]
15.881: [GC 47062K(81280K), 0.0009483 secs]
15.887: [GC
Desired survivor size 1343488 bytes, new threshold 2 (max 4)
- age   1:    1281640 bytes,    1281640 total
- age   2:     243512 bytes,    1525152 total
- age   3:     156216 bytes,    1681368 total
- age   4:      87240 bytes,    1768608 total
 52052K->36721K(81280K), 0.0022503 secs]
15.905: [GC
Desired survivor size 1343488 bytes, new threshold 2 (max 4)
- age   1:     939664 bytes,     939664 total
- age   2:     454408 bytes,    1394072 total
 52677K->36822K(81280K), 0.0025068 secs]
15.922: [GC
Desired survivor size 1343488 bytes, new threshold 4 (max 4)
- age   1:     484256 bytes,     484256 total
- age   2:     796480 bytes,    1280736 total
 52773K->37009K(81280K), 0.0021871 secs]
15.940: [GC
Desired survivor size 1343488 bytes, new threshold 3 (max 4)
- age   1:     415120 bytes,     415120 total
- age   2:     406272 bytes,     821392 total
- age   3:     796480 bytes,    1617872 total
 52957K->37337K(81280K), 0.0018864 secs]
15.956: [GC
Desired survivor size 1343488 bytes, new threshold 3 (max 4)
- age   1:     769120 bytes,     769120 total
- age   2:     333840 bytes,    1102960 total
- age   3:     406272 bytes,    1509232 total
 53318K->37661K(81280K), 0.0027196 secs]
15.975: [GC
Desired survivor size 1343488 bytes, new threshold 4 (max 4)
- age   1:     480824 bytes,     480824 total
- age   2:     519616 bytes,    1000440 total
- age   3:     224712 bytes,    1225152 total
 53649K->37780K(81280K), 0.0021255 secs]
15.991: [GC
Desired survivor size 1343488 bytes, new threshold 4 (max 4)
- age   1:     322608 bytes,     322608 total
- age   2:     122712 bytes,     445320 total
- age   3:     199488 bytes,     644808 total
- age   4:     224712 bytes,     869520 total
 53761K->37435K(81280K), 0.0021205 secs]
16.006: [GC
Desired survivor size 1343488 bytes, new threshold 3 (max 4)
- age   1:    1233456 bytes,    1233456 total
- age   2:      37680 bytes,    1271136 total
- age   3:     122712 bytes,    1393848 total
- age   4:     199488 bytes,    1593336 total
 53377K->38359K(81280K), 0.0028159 secs]
16.022: [GC
Desired survivor size 1343488 bytes, new threshold 4 (max 4)
- age   1:     352264 bytes,     352264 total
- age   2:     721728 bytes,    1073992 total
- age   3:      37680 bytes,    1111672 total
 54299K->38217K(81280K), 0.0020360 secs]
16.036: [GC
Desired survivor size 1343488 bytes, new threshold 4 (max 4)
- age   1:     548912 bytes,     548912 total
- age   2:     157448 bytes,     706360 total
- age   3:     386896 bytes,    1093256 total
- age   4:      37680 bytes,    1130936 total
 54217K->38224K(81280K), 0.0016820 secs]
16.050: [GC
Desired survivor size 1343488 bytes, new threshold 4 (max 4)
- age   1:     671240 bytes,     671240 total
- age   2:       1944 bytes,     673184 total
- age   3:     157448 bytes,     830632 total
- age   4:     386328 bytes,    1216960 total
 54216K->38350K(81280K), 0.0021152 secs]
16.064: [GC
Desired survivor size 1343488 bytes, new threshold 4 (max 4)
- age   1:     710304 bytes,     710304 total
- age   2:     430216 bytes,    1140520 total
- age   3:       1944 bytes,    1142464 total
- age   4:     157448 bytes,    1299912 total
 54263K->38803K(81280K), 0.0027458 secs]
16.079: [GC
Desired survivor size 1343488 bytes, new threshold 3 (max 4)
- age   1:     542464 bytes,     542464 total
- age   2:     603576 bytes,    1146040 total
- age   3:     430176 bytes,    1576216 total
- age   4:       1904 bytes,    1578120 total
 54775K->39073K(81280K), 0.0019620 secs]
16.097: [GC
Desired survivor size 1343488 bytes, new threshold 4 (max 4)
- age   1:     650496 bytes,     650496 total
- age   2:     172560 bytes,     823056 total
- age   3:     288768 bytes,    1111824 total
 55049K->38702K(81280K), 0.0020531 secs]
16.113: [GC
Desired survivor size 1343488 bytes, new threshold 4 (max 4)
- age   1:     393608 bytes,     393608 total
- age   2:     596344 bytes,     989952 total
- age   3:     172560 bytes,    1162512 total
- age   4:      95368 bytes,    1257880 total
 54678K->38845K(81280K), 0.0016587 secs]
16.126: [GC
Desired survivor size 1343488 bytes, new threshold 3 (max 4)
- age   1:    1040808 bytes,    1040808 total
- age   2:     216200 bytes,    1257008 total
- age   3:     596344 bytes,    1853352 total
- age   4:     172560 bytes,    2025912 total
 54839K->39688K(81280K), 0.0036565 secs]
16.142: [GC
Desired survivor size 1343488 bytes, new threshold 2 (max 4)
- age   1:     484240 bytes,     484240 total
- age   2:     925600 bytes,    1409840 total
- age   3:     216200 bytes,    1626040 total
 55652K->39725K(81280K), 0.0030199 secs]
16.159: [GC
Desired survivor size 1343488 bytes, new threshold 4 (max 4)
- age   1:     671672 bytes,     671672 total
- age   2:     290840 bytes,     962512 total
 55710K->40192K(81280K), 0.0042340 secs]
16.175: [GC
Desired survivor size 1343488 bytes, new threshold 3 (max 4)
- age   1:     487072 bytes,     487072 total
- age   2:     671672 bytes,    1158744 total
- age   3:     229896 bytes,    1388640 total
 56192K->40607K(81280K), 0.0018075 secs]
16.191: [GC
Desired survivor size 1343488 bytes, new threshold 2 (max 4)
- age   1:    1027544 bytes,    1027544 total
- age   2:     487032 bytes,    1514576 total
- age   3:     586800 bytes,    2101376 total
 56488K->41447K(81280K), 0.0027289 secs]
16.210: [GC
Desired survivor size 1343488 bytes, new threshold 4 (max 4)
- age   1:     398576 bytes,     398576 total
- age   2:     490416 bytes,     888992 total
 57447K->41059K(81280K), 0.0030900 secs]
16.225: [GC
Desired survivor size 1343488 bytes, new threshold 4 (max 4)
- age   1:     449480 bytes,     449480 total
- age   2:     221592 bytes,     671072 total
- age   3:     328760 bytes,     999832 total
 57059K->41169K(81280K), 0.0022212 secs]
16.238: [GC
Desired survivor size 1343488 bytes, new threshold 4 (max 4)
- age   1:     514176 bytes,     514176 total
- age   2:     346160 bytes,     860336 total
- age   3:     221592 bytes,    1081928 total
- age   4:     328760 bytes,    1410688 total
 57139K->41567K(81280K), 0.0019209 secs]
16.253: [GC
Desired survivor size 1343488 bytes, new threshold 3 (max 4)
- age   1:    1101360 bytes,    1101360 total
- age   2:     221832 bytes,    1323192 total
- age   3:     346160 bytes,    1669352 total
- age   4:     221592 bytes,    1890944 total
 57561K->42357K(81280K), 0.0043715 secs]
16.270: [GC
Desired survivor size 1343488 bytes, new threshold 2 (max 4)
- age   1:     878240 bytes,     878240 total
- age   2:     606576 bytes,    1484816 total
- age   3:     221832 bytes,    1706648 total
 58355K->42733K(81280K), 0.0029425 secs]
16.286: [GC
Desired survivor size 1343488 bytes, new threshold 2 (max 4)
- age   1:     709608 bytes,     709608 total
- age   2:     829272 bytes,    1538880 total
 58719K->43161K(81280K), 0.0026635 secs]
16.300: [GC
Desired survivor size 1343488 bytes, new threshold 2 (max 4)
- age   1:     931256 bytes,     931256 total
- age   2:     677408 bytes,    1608664 total
 59109K->43768K(81280K), 0.0026872 secs]
16.315: [GC
Desired survivor size 1343488 bytes, new threshold 4 (max 4)
- age   1:     387840 bytes,     387840 total
- age   2:     852272 bytes,    1240112 total
 59742K->44068K(81280K), 0.0031175 secs]
16.331: [GC
Desired survivor size 1343488 bytes, new threshold 4 (max 4)
- age   1:     246856 bytes,     246856 total
- age   2:     303408 bytes,     550264 total
- age   3:     672616 bytes,    1222880 total
 60067K->44052K(81280K), 0.0015705 secs]
16.345: [GC
Desired survivor size 1343488 bytes, new threshold 4 (max 4)
- age   1:     614896 bytes,     614896 total
- age   2:     186280 bytes,     801176 total
- age   3:     303408 bytes,    1104584 total
- age   4:     672616 bytes,    1777200 total
 60005K->44594K(81280K), 0.0023937 secs]
16.359: [GC
Desired survivor size 1343488 bytes, new threshold 4 (max 4)
- age   1:     378352 bytes,     378352 total
- age   2:     417248 bytes,     795600 total
- age   3:     186280 bytes,     981880 total
- age   4:     303408 bytes,    1285288 total
 60581K->44549K(81280K), 0.0027379 secs]
16.374: [GC
Desired survivor size 1343488 bytes, new threshold 3 (max 4)
- age   1:     809688 bytes,     809688 total
- age   2:     308360 bytes,    1118048 total
- age   3:     417248 bytes,    1535296 total
- age   4:     186280 bytes,    1721576 total
 60536K->45272K(81280K), 0.0031504 secs]
16.390: [GC
Desired survivor size 1343488 bytes, new threshold 2 (max 4)
- age   1:     830584 bytes,     830584 total
- age   2:     733664 bytes,    1564248 total
- age   3:     308360 bytes,    1872608 total
 61267K->45884K(81280K), 0.0031450 secs]
16.404: [GC
Desired survivor size 1343488 bytes, new threshold 4 (max 4)
- age   1:     612240 bytes,     612240 total
- age   2:     665248 bytes,    1277488 total
 61874K->45802K(81280K), 0.0031627 secs]
16.420: [GC
Desired survivor size 1343488 bytes, new threshold 4 (max 4)
- age   1:     127720 bytes,     127720 total
- age   2:     409776 bytes,     537496 total
- age   3:     665248 bytes,    1202744 total
 61785K->45729K(81280K), 0.0019739 secs]
16.435: [GC
Desired survivor size 1343488 bytes, new threshold 4 (max 4)
- age   1:     686336 bytes,     686336 total
- age   2:      55096 bytes,     741432 total
- age   3:     409776 bytes,    1151208 total
- age   4:     665248 bytes,    1816456 total
 61663K->46328K(81280K), 0.0021763 secs]
16.450: [GC
Desired survivor size 1343488 bytes, new threshold 4 (max 4)
- age   1:     660728 bytes,     660728 total
- age   2:     454056 bytes,    1114784 total
- age   3:      54368 bytes,    1169152 total
- age   4:      73120 bytes,    1242272 total
 62320K->46416K(81280K), 0.0031341 secs]
16.466: [GC
Desired survivor size 1343488 bytes, new threshold 2 (max 4)
- age   1:     954064 bytes,     954064 total
- age   2:     575736 bytes,    1529800 total
- age   3:     454056 bytes,    1983856 total
- age   4:      54368 bytes,    2038224 total
 62367K->47267K(81280K), 0.0024491 secs]
16.483: [GC
Desired survivor size 1343488 bytes, new threshold 4 (max 4)
- age   1:     942480 bytes,     942480 total
- age   2:     252632 bytes,    1195112 total
 63246K->47504K(81280K), 0.0037577 secs]
16.499: [GC
Desired survivor size 1343488 bytes, new threshold 2 (max 4)
- age   1:     728416 bytes,     728416 total
- age   2:     704888 bytes,    1433304 total
- age   3:     252632 bytes,    1685936 total
 63490K->47980K(81280K), 0.0022054 secs]
16.514: [GC
Desired survivor size 1343488 bytes, new threshold 4 (max 4)
- age   1:     269856 bytes,     269856 total
- age   2:     633992 bytes,     903848 total
 63944K->48152K(81280K), 0.0032966 secs]
16.529: [GC
Desired survivor size 1343488 bytes, new threshold 4 (max 4)
- age   1:     138400 bytes,     138400 total
- age   2:     160000 bytes,     298400 total
- age   3:     633992 bytes,     932392 total
 64145K->48178K(81280K), 0.0017609 secs]
16.545: [GC
Desired survivor size 1343488 bytes, new threshold 4 (max 4)
- age   1:     567584 bytes,     567584 total
- age   2:     138400 bytes,     705984 total
- age   3:     160000 bytes,     865984 total
- age   4:     395200 bytes,    1261184 total
 64178K->48499K(81280K), 0.0017175 secs]
16.558: [GC
Desired survivor size 1343488 bytes, new threshold 2 (max 4)
- age   1:     833456 bytes,     833456 total
- age   2:     567584 bytes,    1401040 total
- age   3:     138400 bytes,    1539440 total
- age   4:     160000 bytes,    1699440 total
 64440K->49315K(81280K), 0.0028146 secs]
16.574: [GC
Desired survivor size 1343488 bytes, new threshold 2 (max 4)
- age   1:    1175400 bytes,    1175400 total
- age   2:     491280 bytes,    1666680 total
 65313K->50087K(81280K), 0.0033604 secs]
16.590: [GC
Desired survivor size 1343488 bytes, new threshold 4 (max 4)
- age   1:     331312 bytes,     331312 total
- age   2:     844216 bytes,    1175528 total
 66063K->49867K(81280K), 0.0021601 secs]
16.608: [GC
Desired survivor size 1343488 bytes, new threshold 4 (max 4)
- age   1:     574584 bytes,     574584 total
- age   2:     236856 bytes,     811440 total
- age   3:     241616 bytes,    1053056 total
 65798K->49746K(81280K), 0.0025337 secs]
16.621: [GC
Desired survivor size 1343488 bytes, new threshold 4 (max 4)
- age   1:     685904 bytes,     685904 total
- age   2:     408560 bytes,    1094464 total
- age   3:      84992 bytes,    1179456 total
- age   4:     241616 bytes,    1421072 total
 65661K->50105K(81280K), 0.0020366 secs]
16.639: [GC
Desired survivor size 1343488 bytes, new threshold 3 (max 4)
- age   1:     569640 bytes,     569640 total
- age   2:     474480 bytes,    1044120 total
- age   3:     407856 bytes,    1451976 total
- age   4:      84992 bytes,    1536968 total
 66105K->50454K(81280K), 0.0026966 secs]
16.656: [GC
Desired survivor size 1343488 bytes, new threshold 2 (max 4)
- age   1:    1157440 bytes,    1157440 total
- age   2:     409168 bytes,    1566608 total
- age   3:      62184 bytes,    1628792 total
 66380K->51029K(81280K), 0.0029059 secs]
16.672: [GC
Desired survivor size 1343488 bytes, new threshold 4 (max 4)
- age   1:     376736 bytes,     376736 total
- age   2:     907536 bytes,    1284272 total
 67005K->51161K(81280K), 0.0025417 secs]
16.686: [GC
Desired survivor size 1343488 bytes, new threshold 4 (max 4)
- age   1:     625048 bytes,     625048 total
- age   2:     267912 bytes,     892960 total
- age   3:     332424 bytes,    1225384 total
 67096K->51093K(81280K), 0.0019768 secs]
16.701: [GC
Desired survivor size 1343488 bytes, new threshold 4 (max 4)
- age   1:     561160 bytes,     561160 total
- age   2:       3088 bytes,     564248 total
- age   3:     267912 bytes,     832160 total
- age   4:     332424 bytes,    1164584 total
 67074K->51033K(81280K), 0.0019837 secs]
16.717: [GC
Desired survivor size 1343488 bytes, new threshold 4 (max 4)
- age   1:     605216 bytes,     605216 total
- age   2:       9696 bytes,     614912 total
- age   3:       3088 bytes,     618000 total
- age   4:     267912 bytes,     885912 total
 67033K->51086K(81280K), 0.0024007 secs]
16.731: [GC
Desired survivor size 1343488 bytes, new threshold 4 (max 4)
- age   1:     322312 bytes,     322312 total
- age   2:     326080 bytes,     648392 total
- age   3:       9696 bytes,     658088 total
- age   4:       3088 bytes,     661176 total
 67067K->51127K(81280K), 0.0018839 secs]
16.746: [GC
Desired survivor size 1343488 bytes, new threshold 4 (max 4)
- age   1:     580920 bytes,     580920 total
- age   2:     253024 bytes,     833944 total
- age   3:      89824 bytes,     923768 total
- age   4:       9696 bytes,     933464 total
 67099K->51406K(81280K), 0.0016068 secs]
16.759: [GC
Desired survivor size 1343488 bytes, new threshold 2 (max 4)
- age   1:    1167264 bytes,    1167264 total
- age   2:     255312 bytes,    1422576 total
- age   3:     253024 bytes,    1675600 total
- age   4:      89824 bytes,    1765424 total
 67387K->52220K(81280K), 0.0030579 secs]
16.775: [GC
Desired survivor size 1343488 bytes, new threshold 4 (max 4)
- age   1:     301168 bytes,     301168 total
- age   2:     975272 bytes,    1276440 total
 68198K->52324K(81280K), 0.0027682 secs]
16.789: [GC
Desired survivor size 1343488 bytes, new threshold 3 (max 4)
- age   1:     302408 bytes,     302408 total
- age   2:     249120 bytes,     551528 total
- age   3:     888784 bytes,    1440312 total
 68312K->52484K(81280K), 0.0022382 secs]
16.803: [GC
Desired survivor size 1343488 bytes, new threshold 4 (max 4)
- age   1:     355640 bytes,     355640 total
- age   2:     257376 bytes,     613016 total
- age   3:     249120 bytes,     862136 total
 68462K->52481K(81280K), 0.0028939 secs]
16.820: [GC
Desired survivor size 1343488 bytes, new threshold 2 (max 4)
- age   1:    1159328 bytes,    1159328 total
- age   2:     197680 bytes,    1357008 total
- age   3:     257376 bytes,    1614384 total
- age   4:      21968 bytes,    1636352 total
 68468K->53238K(81280K), 0.0021680 secs]
16.833: [GC
Desired survivor size 1343488 bytes, new threshold 2 (max 4)
- age   1:     398344 bytes,     398344 total
- age   2:    1109536 bytes,    1507880 total
 69234K->53576K(81280K), 0.0034806 secs]
16.848: [GC
Desired survivor size 1343488 bytes, new threshold 4 (max 4)
- age   1:     557704 bytes,     557704 total
- age   2:     247936 bytes,     805640 total
 69563K->53977K(81280K), 0.0035332 secs]
16.865: [GC
Desired survivor size 1343488 bytes, new threshold 4 (max 4)
- age   1:     432976 bytes,     432976 total
- age   2:      86328 bytes,     519304 total
- age   3:     247936 bytes,     767240 total
 69930K->53935K(81280K), 0.0014573 secs]
16.878: [GC
Desired survivor size 1343488 bytes, new threshold 3 (max 4)
- age   1:     963272 bytes,     963272 total
- age   2:     369352 bytes,    1332624 total
- age   3:      86328 bytes,    1418952 total
- age   4:     142136 bytes,    1561088 total
 69890K->54713K(81280K), 0.0021694 secs]
16.895: [GC
Desired survivor size 1343488 bytes, new threshold 2 (max 4)
- age   1:     649008 bytes,     649008 total
- age   2:     881992 bytes,    1531000 total
- age   3:     369352 bytes,    1900352 total
 70647K->55265K(81280K), 0.0027206 secs]
16.914: [GC
Desired survivor size 1343488 bytes, new threshold 4 (max 4)
- age   1:     364720 bytes,     364720 total
- age   2:     368848 bytes,     733568 total
 71234K->55348K(81280K), 0.0039835 secs]
16.932: [GC
Desired survivor size 1343488 bytes, new threshold 4 (max 4)
- age   1:     613672 bytes,     613672 total
- age   2:     162720 bytes,     776392 total
- age   3:     368848 bytes,    1145240 total
 71348K->55750K(81280K), 0.0021992 secs]
16.946: [GC
Desired survivor size 1343488 bytes, new threshold 2 (max 4)
- age   1:     831728 bytes,     831728 total
- age   2:     538288 bytes,    1370016 total
- age   3:     162720 bytes,    1532736 total
- age   4:     368848 bytes,    1901584 total
 71750K->56490K(81280K), 0.0024339 secs]
16.960: [GC
Desired survivor size 1343488 bytes, new threshold 4 (max 4)
- age   1:     267872 bytes,     267872 total
- age   2:     831632 bytes,    1099504 total
 72462K->56754K(81280K), 0.0035078 secs]
16.977: [GC
Desired survivor size 1343488 bytes, new threshold 3 (max 4)
- age   1:    1085152 bytes,    1085152 total
- age   2:     105496 bytes,    1190648 total
- age   3:     831632 bytes,    2022280 total
 72711K->57652K(81280K), 0.0026504 secs]
16.996: [GC
Desired survivor size 1343488 bytes, new threshold 2 (max 4)
- age   1:     908376 bytes,     908376 total
- age   2:    1025416 bytes,    1933792 total
- age   3:     105408 bytes,    2039200 total
 73649K->58320K(81472K), 0.0031105 secs]
17.011: [GC
Desired survivor size 1343488 bytes, new threshold 4 (max 4)
- age   1:     646096 bytes,     646096 total
- age   2:     640760 bytes,    1286856 total
 74319K->58587K(82432K), 0.0036086 secs]
17.027: [GC
Desired survivor size 1343488 bytes, new threshold 3 (max 4)
- age   1:     585504 bytes,     585504 total
- age   2:     580104 bytes,    1165608 total
- age   3:     370568 bytes,    1536176 total
 74517K->58834K(82432K), 0.0021315 secs]
17.043: [GC
Desired survivor size 1343488 bytes, new threshold 3 (max 4)
- age   1:     942968 bytes,     942968 total
- age   2:     312056 bytes,    1255024 total
- age   3:     580048 bytes,    1835072 total
 74834K->59489K(82816K), 0.0031599 secs]
17.059: [GC
Desired survivor size 1343488 bytes, new threshold 4 (max 4)
- age   1:     229992 bytes,     229992 total
- age   2:     942968 bytes,    1172960 total
- age   3:     115208 bytes,    1288168 total
 75477K->59491K(83392K), 0.0042854 secs]
17.076: [GC
Desired survivor size 1343488 bytes, new threshold 3 (max 4)
- age   1:     410208 bytes,     410208 total
- age   2:     195440 bytes,     605648 total
- age   3:     942968 bytes,    1548616 total
- age   4:     115208 bytes,    1663824 total
 75413K->59861K(83392K), 0.0022843 secs]
17.092: [GC
Desired survivor size 1343488 bytes, new threshold 4 (max 4)
- age   1:     808272 bytes,     808272 total
- age   2:     244184 bytes,    1052456 total
- age   3:     195440 bytes,    1247896 total
 75861K->75546K(83392K), 0.0021066 secs]
17.095: [Full GC 75546K->8673K(83392K), 0.0915761 secs]
17.208: [GC
Desired survivor size 1343488 bytes, new threshold 4 (max 4)
- age   1:     939112 bytes,     939112 total
 24673K->9593K(83392K), 0.0012665 secs]
17.223: [GC
Desired survivor size 1343488 bytes, new threshold 2 (max 4)
- age   1:     796480 bytes,     796480 total
- age   2:     939072 bytes,    1735552 total
 25578K->10371K(83392K), 0.0019814 secs]
17.242: [GC
Desired survivor size 1343488 bytes, new threshold 4 (max 4)
- age   1:     828216 bytes,     828216 total
- age   2:     370096 bytes,    1198312 total
 26367K->10769K(83392K), 0.0021412 secs]
17.262: [GC
Desired survivor size 1343488 bytes, new threshold 3 (max 4)
- age   1:     696872 bytes,     696872 total
- age   2:     518696 bytes,    1215568 total
- age   3:     370096 bytes,    1585664 total
 26730K->11146K(83392K), 0.0017489 secs]
17.276: [GC
Desired survivor size 1343488 bytes, new threshold 2 (max 4)
- age   1:    1102672 bytes,    1102672 total
- age   2:     628944 bytes,    1731616 total
- age   3:     345808 bytes,    2077424 total
 27106K->11990K(83392K), 0.0038252 secs]
17.293: [GC
Desired survivor size 1343488 bytes, new threshold 4 (max 4)
- age   1:     445504 bytes,     445504 total
- age   2:     404968 bytes,     850472 total
 27948K->11748K(83392K), 0.0024273 secs]
17.308: [GC
Desired survivor size 1343488 bytes, new threshold 4 (max 4)
- age   1:     542864 bytes,     542864 total
- age   2:     209320 bytes,     752184 total
- age   3:     133560 bytes,     885744 total
 27717K->11776K(83392K), 0.0011820 secs]
17.323: [GC
Desired survivor size 1343488 bytes, new threshold 4 (max 4)
- age   1:     361128 bytes,     361128 total
- age   2:     159120 bytes,     520248 total
- age   3:     209320 bytes,     729568 total
- age   4:     133560 bytes,     863128 total
 27774K->11754K(83392K), 0.0012083 secs]
17.336: [GC
Desired survivor size 1343488 bytes, new threshold 4 (max 4)
- age   1:     437144 bytes,     437144 total
- age   2:     226480 bytes,     663624 total
- age   4:     207584 bytes,     871208 total
 27736K->11897K(83392K), 0.0014641 secs]
17.350: [GC
Desired survivor size 1343488 bytes, new threshold 3 (max 4)
- age   1:     895648 bytes,     895648 total
- age   2:     341960 bytes,    1237608 total
- age   3:     226480 bytes,    1464088 total
 27886K->12677K(83392K), 0.0021953 secs]
17.367: [GC
Desired survivor size 1343488 bytes, new threshold 4 (max 4)
- age   1:     522416 bytes,     522416 total
- age   2:     588528 bytes,    1110944 total
- age   3:      30560 bytes,    1141504 total
 28677K->12585K(83392K), 0.0022349 secs]
17.382: [GC
Desired survivor size 1343488 bytes, new threshold 2 (max 4)
- age   1:    1059992 bytes,    1059992 total
- age   2:     339688 bytes,    1399680 total
- age   3:     373616 bytes,    1773296 total
- age   4:      30560 bytes,    1803856 total
 28553K->13230K(83392K), 0.0019499 secs]
17.395: [GC
Desired survivor size 1343488 bytes, new threshold 4 (max 4)
- age   1:     279024 bytes,     279024 total
- age   2:    1007184 bytes,    1286208 total
 29229K->13329K(83392K), 0.0022952 secs]
17.409: [GC
Desired survivor size 1343488 bytes, new threshold 3 (max 4)
- age   1:     434984 bytes,     434984 total
- age   2:      98656 bytes,     533640 total
- age   3:    1006016 bytes,    1539656 total
 29315K->13567K(83392K), 0.0026662 secs]
17.425: [GC
Desired survivor size 1343488 bytes, new threshold 4 (max 4)
- age   1:     672144 bytes,     672144 total
- age   2:     392776 bytes,    1064920 total
- age   3:      98656 bytes,    1163576 total
 29493K->13416K(83392K), 0.0016725 secs]
17.438: [GC
Desired survivor size 1343488 bytes, new threshold 4 (max 4)
- age   1:     656080 bytes,     656080 total
- age   2:     235264 bytes,     891344 total
- age   3:     350496 bytes,    1241840 total
- age   4:      98656 bytes,    1340496 total
 29381K->13582K(83392K), 0.0017127 secs]
17.454: [GC
Desired survivor size 1343488 bytes, new threshold 4 (max 4)
- age   1:     407008 bytes,     407008 total
- age   2:     498632 bytes,     905640 total
- age   3:     235264 bytes,    1140904 total
- age   4:     350496 bytes,    1491400 total
 29580K->13827K(83392K), 0.0021473 secs]
17.468: [GC
Desired survivor size 1343488 bytes, new threshold 2 (max 4)
- age   1:    1304288 bytes,    1304288 total
- age   2:     338816 bytes,    1643104 total
- age   3:     498632 bytes,    2141736 total
- age   4:     103496 bytes,    2245232 total
 29766K->14907K(83392K), 0.0030940 secs]
17.484: [GC
Desired survivor size 1343488 bytes, new threshold 2 (max 4)
- age   1:     636272 bytes,     636272 total
- age   2:     933472 bytes,    1569744 total
 30858K->15169K(83392K), 0.0026395 secs]
17.505: [GC
Desired survivor size 1343488 bytes, new threshold 4 (max 4)
- age   1:     777256 bytes,     777256 total
- age   2:     480520 bytes,    1257776 total
 31169K->15772K(83392K), 0.0025314 secs]
17.521: [GC
Desired survivor size 1343488 bytes, new threshold 2 (max 4)
- age   1:     726728 bytes,     726728 total
- age   2:     725064 bytes,    1451792 total
- age   3:     480520 bytes,    1932312 total
 31748K->16436K(83392K), 0.0023180 secs]
17.536: [GC
Desired survivor size 1343488 bytes, new threshold 2 (max 4)
- age   1:     901928 bytes,     901928 total
- age   2:     530312 bytes,    1432240 total
 32361K->17130K(83392K), 0.0029219 secs]
17.554: [GC
Desired survivor size 1343488 bytes, new threshold 2 (max 4)
- age   1:     653520 bytes,     653520 total
- age   2:     781520 bytes,    1435040 total
 33064K->17641K(83392K), 0.0024376 secs]
17.569: [GC
Desired survivor size 1343488 bytes, new threshold 4 (max 4)
- age   1:     542872 bytes,     542872 total
- age   2:     486072 bytes,    1028944 total
 33620K->18007K(83392K), 0.0025669 secs]
17.584: [GC
Desired survivor size 1343488 bytes, new threshold 4 (max 4)
- age   1:     322088 bytes,     322088 total
- age   2:     258416 bytes,     580504 total
- age   3:     486072 bytes,    1066576 total
 33992K->18042K(83392K), 0.0013251 secs]
17.599: [GC
Desired survivor size 1343488 bytes, new threshold 4 (max 4)
- age   1:     191608 bytes,     191608 total
- age   2:     322032 bytes,     513640 total
- age   3:     258416 bytes,     772056 total
- age   4:     198216 bytes,     970272 total
 34017K->17948K(83392K), 0.0022343 secs]
17.618: [GC
Desired survivor size 1343488 bytes, new threshold 4 (max 4)
- age   1:     309480 bytes,     309480 total
- age   2:         40 bytes,     309520 total
- age   3:     291960 bytes,     601480 total
- age   4:     258416 bytes,     859896 total
 33887K->18035K(83392K), 0.0015363 secs]
17.635: [GC
Desired survivor size 1343488 bytes, new threshold 4 (max 4)
- age   1:     168480 bytes,     168480 total
- age   2:     245208 bytes,     413688 total
- age   3:         40 bytes,     413728 total
- age   4:     224456 bytes,     638184 total
 34035K->18070K(83392K), 0.0021034 secs]
17.653: [GC
Desired survivor size 1343488 bytes, new threshold 4 (max 4)
- age   1:     589888 bytes,     589888 total
- age   2:     130648 bytes,     720536 total
- age   3:     172472 bytes,     893008 total
- age   4:         40 bytes,     893048 total
 34049K->18319K(83392K), 0.0016861 secs]
17.669: [GC
Desired survivor size 1343488 bytes, new threshold 4 (max 4)
- age   1:     236608 bytes,     236608 total
- age   2:     374040 bytes,     610648 total
- age   3:     130648 bytes,     741296 total
- age   4:     172472 bytes,     913768 total
 34265K->18339K(83392K), 0.0022287 secs]
17.686: [GC
Desired survivor size 1343488 bytes, new threshold 4 (max 4)
- age   1:     863688 bytes,     863688 total
- age   2:      66520 bytes,     930208 total
- age   3:      90680 bytes,    1020888 total
- age   4:     130648 bytes,    1151536 total
 34304K->18742K(83392K), 0.0033066 secs]
17.702: [GC
Desired survivor size 1343488 bytes, new threshold 2 (max 4)
- age   1:    1052584 bytes,    1052584 total
- age   2:     604656 bytes,    1657240 total
- age   3:      66520 bytes,    1723760 total
 34681K->19426K(83392K), 0.0045332 secs]
17.719: [GC
Desired survivor size 1343488 bytes, new threshold 2 (max 4)
- age   1:     717096 bytes,     717096 total
- age   2:     979312 bytes,    1696408 total
 35426K->19753K(83392K), 0.0028795 secs]
17.734: [GC
Desired survivor size 1343488 bytes, new threshold 4 (max 4)
- age   1:     295336 bytes,     295336 total
- age   2:     587120 bytes,     882456 total
 35727K->19917K(83392K), 0.0026097 secs]
17.749: [GC
Desired survivor size 1343488 bytes, new threshold 3 (max 4)
- age   1:     993368 bytes,     993368 total
- age   2:     200288 bytes,    1193656 total
- age   3:     347528 bytes,    1541184 total
 35900K->20560K(83392K), 0.0026424 secs]
17.767: [GC
Desired survivor size 1343488 bytes, new threshold 3 (max 4)
- age   1:     380496 bytes,     380496 total
- age   2:     938864 bytes,    1319360 total
- age   3:     200288 bytes,    1519648 total
 36540K->20878K(83392K), 0.0028041 secs]
17.786: [GC
Desired survivor size 1343488 bytes, new threshold 3 (max 4)
- age   1:     787464 bytes,     787464 total
- age   2:     301512 bytes,    1088976 total
- age   3:     735240 bytes,    1824216 total
 36828K->21374K(83392K), 0.0022111 secs]
17.803: [GC
Desired survivor size 1343488 bytes, new threshold 3 (max 4)
- age   1:     413504 bytes,     413504 total
- age   2:     718792 bytes,    1132296 total
- age   3:     301512 bytes,    1433808 total
 37374K->21708K(83392K), 0.0026054 secs]
17.819: [GC
Desired survivor size 1343488 bytes, new threshold 4 (max 4)
- age   1:     302432 bytes,     302432 total
- age   2:     413504 bytes,     715936 total
- age   3:     239368 bytes,     955304 total
 37631K->21536K(83392K), 0.0018120 secs]
17.832: [GC
Desired survivor size 1343488 bytes, new threshold 4 (max 4)
- age   1:     623400 bytes,     623400 total
- age   2:     302344 bytes,     925744 total
- age   3:     392496 bytes,    1318240 total
- age   4:     154824 bytes,    1473064 total
 37521K->22046K(83392K), 0.0026067 secs]
17.858: [GC
Desired survivor size 1343488 bytes, new threshold 3 (max 4)
- age   1:     760224 bytes,     760224 total
- age   2:     506416 bytes,    1266640 total
- age   3:     210752 bytes,    1477392 total
- age   4:     392496 bytes,    1869888 total
 38046K->22581K(83392K), 0.0020906 secs]
17.874: [GC
Desired survivor size 1343488 bytes, new threshold 3 (max 4)
- age   1:     455104 bytes,     455104 total
- age   2:     694424 bytes,    1149528 total
- age   3:     506416 bytes,    1655944 total
 38545K->22886K(83392K), 0.0022498 secs]
17.890: [GC
Desired survivor size 1343488 bytes, new threshold 3 (max 4)
- age   1:     618848 bytes,     618848 total
- age   2:     206104 bytes,     824952 total
- age   3:     523176 bytes,    1348128 total
 38855K->22992K(83392K), 0.0017689 secs]
17.903: [GC
Desired survivor size 1343488 bytes, new threshold 4 (max 4)
- age   1:     503280 bytes,     503280 total
- age   2:     367656 bytes,     870936 total
- age   3:     206104 bytes,    1077040 total
 38930K->23243K(83392K), 0.0019749 secs]
17.917: [GC
Desired survivor size 1343488 bytes, new threshold 4 (max 4)
- age   1:     787440 bytes,     787440 total
- age   2:     397640 bytes,    1185080 total
- age   3:     155976 bytes,    1341056 total
- age   4:      42016 bytes,    1383072 total
 39207K->23537K(83392K), 0.0017982 secs]
17.931: [GC
Desired survivor size 1343488 bytes, new threshold 4 (max 4)
- age   1:     745632 bytes,     745632 total
- age   2:     312976 bytes,    1058608 total
- age   3:     232896 bytes,    1291504 total
- age   4:     155976 bytes,    1447480 total
 39522K->23640K(83392K), 0.0021000 secs]
17.945: [GC
Desired survivor size 1343488 bytes, new threshold 4 (max 4)
- age   1:     704832 bytes,     704832 total
- age   2:      91400 bytes,     796232 total
- age   3:      84640 bytes,     880872 total
- age   4:     232896 bytes,    1113768 total
 39630K->23467K(83392K), 0.0018087 secs]
17.958: [GC
Desired survivor size 1343488 bytes, new threshold 2 (max 4)
- age   1:    1287984 bytes,    1287984 total
- age   2:     360344 bytes,    1648328 total
- age   3:       6856 bytes,    1655184 total
- age   4:      84640 bytes,    1739824 total
 39461K->24305K(83392K), 0.0030415 secs]
17.974: [GC
Desired survivor size 1343488 bytes, new threshold 4 (max 4)
- age   1:     111504 bytes,     111504 total
- age   2:     771880 bytes,     883384 total
 40275K->23890K(83392K), 0.0035854 secs]
17.990: [GC
Desired survivor size 1343488 bytes, new threshold 3 (max 4)
- age   1:     707960 bytes,     707960 total
- age   2:      48088 bytes,     756048 total
- age   3:     668216 bytes,    1424264 total
 39833K->24418K(83392K), 0.0017537 secs]
18.004: [GC
Desired survivor size 1343488 bytes, new threshold 2 (max 4)
- age   1:    1035040 bytes,    1035040 total
- age   2:     640376 bytes,    1675416 total
- age   3:        704 bytes,    1676120 total
 40415K->25083K(83392K), 0.0022897 secs]
18.019: [GC
Desired survivor size 1343488 bytes, new threshold 2 (max 4)
- age   1:    1218640 bytes,    1218640 total
- age   2:     956952 bytes,    2175592 total
 41025K->26146K(83392K), 0.0028783 secs]
18.035: [GC
Desired survivor size 1343488 bytes, new threshold 2 (max 4)
- age   1:     565536 bytes,     565536 total
- age   2:     790056 bytes,    1355592 total
 42126K->26278K(83392K), 0.0026741 secs]
18.050: [GC
Desired survivor size 1343488 bytes, new threshold 4 (max 4)
- age   1:     637808 bytes,     637808 total
- age   2:     450328 bytes,    1088136 total
 42228K->26457K(83392K), 0.0018661 secs]
18.064: [GC
Desired survivor size 1343488 bytes, new threshold 3 (max 4)
- age   1:     522424 bytes,     522424 total
- age   2:     542728 bytes,    1065152 total
- age   3:     450328 bytes,    1515480 total
 42430K->26876K(83392K), 0.0024738 secs]
18.078: [GC
Desired survivor size 1343488 bytes, new threshold 4 (max 4)
- age   1:     391752 bytes,     391752 total
- age   2:     328872 bytes,     720624 total
- age   3:     311832 bytes,    1032456 total
 42868K->26843K(83392K), 0.0019060 secs]
18.092: [GC
Desired survivor size 1343488 bytes, new threshold 4 (max 4)
- age   1:     515320 bytes,     515320 total
- age   2:     358968 bytes,     874288 total
- age   3:     328872 bytes,    1203160 total
- age   4:     311832 bytes,    1514992 total
 42820K->27313K(83392K), 0.0021805 secs]
18.107: [GC
Desired survivor size 1343488 bytes, new threshold 4 (max 4)
- age   1:     461632 bytes,     461632 total
- age   2:     209008 bytes,     670640 total
- age   3:     240656 bytes,     911296 total
- age   4:     328872 bytes,    1240168 total
 43313K->27349K(83392K), 0.0020106 secs]
18.120: [GC
Desired survivor size 1343488 bytes, new threshold 4 (max 4)
- age   1:     751104 bytes,     751104 total
- age   2:     277400 bytes,    1028504 total
- age   3:     209008 bytes,    1237512 total
 43309K->27668K(83392K), 0.0022417 secs]
18.134: [GC
Desired survivor size 1343488 bytes, new threshold 2 (max 4)
- age   1:    1204912 bytes,    1204912 total
- age   2:     627120 bytes,    1832032 total
- age   3:     277360 bytes,    2109392 total
- age   4:     209008 bytes,    2318400 total
 43627K->28723K(83392K), 0.0035469 secs]
18.150: [GC
Desired survivor size 1343488 bytes, new threshold 2 (max 4)
- age   1:     622792 bytes,     622792 total
- age   2:    1060688 bytes,    1683480 total
 44717K->29196K(83392K), 0.0033183 secs]
18.166: [GC
Desired survivor size 1343488 bytes, new threshold 2 (max 4)
- age   1:    1305160 bytes,    1305160 total
- age   2:     554600 bytes,    1859760 total
 45185K->30398K(83392K), 0.0029209 secs]
18.182: [GC
Desired survivor size 1343488 bytes, new threshold 2 (max 4)
- age   1:     486800 bytes,     486800 total
- age   2:    1093552 bytes,    1580352 total
 46351K->30667K(83392K), 0.0028124 secs]
18.197: [GC
Desired survivor size 1343488 bytes, new threshold 4 (max 4)
- age   1:     590960 bytes,     590960 total
- age   2:     461872 bytes,    1052832 total
 46666K->30796K(83392K), 0.0024064 secs]
18.214: [GC
Desired survivor size 1343488 bytes, new threshold 3 (max 4)
- age   1:     589352 bytes,     589352 total
- age   2:     477896 bytes,    1067248 total
- age   3:     461872 bytes,    1529120 total
 46733K->31258K(83392K), 0.0018991 secs]
18.229: [GC
Desired survivor size 1343488 bytes, new threshold 3 (max 4)
- age   1:     860112 bytes,     860112 total
- age   2:     421120 bytes,    1281232 total
- age   3:     477896 bytes,    1759128 total
 47247K->31935K(83392K), 0.0024947 secs]
18.244: [GC
Desired survivor size 1343488 bytes, new threshold 3 (max 4)
- age   1:     257328 bytes,     257328 total
- age   2:     692880 bytes,     950208 total
- age   3:     419384 bytes,    1369592 total
 47935K->32021K(83392K), 0.0028855 secs]
18.267: [GC
Desired survivor size 1343488 bytes, new threshold 3 (max 4)
- age   1:     541344 bytes,     541344 total
- age   2:     121800 bytes,     663144 total
- age   3:     691320 bytes,    1354464 total
 47999K->32012K(83392K), 0.0024670 secs]
18.281: [GC
Desired survivor size 1343488 bytes, new threshold 4 (max 4)
- age   1:     410240 bytes,     410240 total
- age   2:     433224 bytes,     843464 total
- age   3:     121800 bytes,     965264 total
 48010K->32311K(83392K), 0.0025986 secs]
18.295: [GC
Desired survivor size 1343488 bytes, new threshold 4 (max 4)
- age   1:     430520 bytes,     430520 total
- age   2:     308432 bytes,     738952 total
- age   3:     433224 bytes,    1172176 total
- age   4:     121800 bytes,    1293976 total
 48301K->32633K(83392K), 0.0021453 secs]
18.310: [GC
Desired survivor size 1343488 bytes, new threshold 4 (max 4)
- age   1:     298240 bytes,     298240 total
- age   2:     304800 bytes,     603040 total
- age   3:      77536 bytes,     680576 total
- age   4:     431984 bytes,    1112560 total
 48621K->32577K(83392K), 0.0016666 secs]
18.325: [GC
Desired survivor size 1343488 bytes, new threshold 4 (max 4)
- age   1:     561960 bytes,     561960 total
- age   2:     142208 bytes,     704168 total
- age   3:     304800 bytes,    1008968 total
- age   4:      77536 bytes,    1086504 total
 48577K->32970K(83392K), 0.0026579 secs]
18.341: [GC
Desired survivor size 1343488 bytes, new threshold 4 (max 4)
- age   1:     327344 bytes,     327344 total
- age   2:     537384 bytes,     864728 total
- age   3:     142208 bytes,    1006936 total
- age   4:     304800 bytes,    1311736 total
 48948K->33268K(83392K), 0.0016648 secs]
18.354: [GC
Desired survivor size 1343488 bytes, new threshold 3 (max 4)
- age   1:     638512 bytes,     638512 total
- age   2:     294088 bytes,     932600 total
- age   3:     537384 bytes,    1469984 total
- age   4:     142208 bytes,    1612192 total
 49229K->33863K(83392K), 0.0023552 secs]
18.370: [GC
Desired survivor size 1343488 bytes, new threshold 3 (max 4)
- age   1:     525616 bytes,     525616 total
- age   2:     596848 bytes,    1122464 total
- age   3:     294088 bytes,    1416552 total
 49839K->34334K(83392K), 0.0022784 secs]
18.386: [GC
Desired survivor size 1343488 bytes, new threshold 3 (max 4)
- age   1:    1137232 bytes,    1137232 total
- age   2:      93608 bytes,    1230840 total
- age   3:     596848 bytes,    1827688 total
 50304K->34889K(83392K), 0.0022398 secs]
18.400: [GC
Desired survivor size 1343488 bytes, new threshold 4 (max 4)
- age   1:     236256 bytes,     236256 total
- age   2:     931504 bytes,    1167760 total
- age   3:      93608 bytes,    1261368 total
 50873K->34732K(83392K), 0.0028816 secs]
18.414: [GC
Desired survivor size 1343488 bytes, new threshold 3 (max 4)
- age   1:     558112 bytes,     558112 total
- age   2:      73880 bytes,     631992 total
- age   3:     931504 bytes,    1563496 total
- age   4:      93608 bytes,    1657104 total
 50703K->35119K(83392K), 0.0036390 secs]
18.432: [GC
Desired survivor size 1343488 bytes, new threshold 4 (max 4)
- age   1:     907912 bytes,     907912 total
- age   2:     301760 bytes,    1209672 total
- age   3:      73880 bytes,    1283552 total
 51107K->35754K(83392K), 0.0023848 secs]
18.450: [GC
Desired survivor size 1343488 bytes, new threshold 2 (max 4)
- age   1:     973864 bytes,     973864 total
- age   2:     686912 bytes,    1660776 total
- age   3:     301760 bytes,    1962536 total
- age   4:      73880 bytes,    2036416 total
 51730K->36488K(83392K), 0.0033316 secs]
18.465: [GC
Desired survivor size 1343488 bytes, new threshold 4 (max 4)
- age   1:     797816 bytes,     797816 total
- age   2:     538640 bytes,    1336456 total
 52424K->36845K(83392K), 0.0044606 secs]
18.471: [GC 38574K(83392K), 0.0008076 secs]
18.483: [GC
Desired survivor size 1343488 bytes, new threshold 2 (max 4)
- age   1:     964208 bytes,     964208 total
- age   2:     595392 bytes,    1559600 total
- age   3:     538640 bytes,    2098240 total
 52796K->37588K(83392K), 0.0025566 secs]
18.500: [GC
Desired survivor size 1343488 bytes, new threshold 4 (max 4)
- age   1:     476904 bytes,     476904 total
- age   2:     767056 bytes,    1243960 total
 53576K->37862K(83392K), 0.0027295 secs]
18.517: [GC
Desired survivor size 1343488 bytes, new threshold 3 (max 4)
- age   1:     547008 bytes,     547008 total
- age   2:     422496 bytes,     969504 total
- age   3:     494744 bytes,    1464248 total
 53831K->38077K(83392K), 0.0016511 secs]
18.533: [GC
Desired survivor size 1343488 bytes, new threshold 3 (max 4)
- age   1:     682736 bytes,     682736 total
- age   2:     441368 bytes,    1124104 total
- age   3:     422496 bytes,    1546600 total
 54066K->38640K(83392K), 0.0022054 secs]
18.547: [GC
Desired survivor size 1343488 bytes, new threshold 4 (max 4)
- age   1:     185632 bytes,     185632 total
- age   2:     567240 bytes,     752872 total
- age   3:     441368 bytes,    1194240 total
 54566K->38709K(83392K), 0.0018635 secs]
18.564: [GC
Desired survivor size 1343488 bytes, new threshold 4 (max 4)
- age   1:     769752 bytes,     769752 total
- age   2:      57336 bytes,     827088 total
- age   3:     324760 bytes,    1151848 total
- age   4:     441368 bytes,    1593216 total
 54669K->39098K(83392K), 0.0017096 secs]
18.578: [GC
Desired survivor size 1343488 bytes, new threshold 4 (max 4)
- age   1:     252632 bytes,     252632 total
- age   2:     329360 bytes,     581992 total
- age   3:      57336 bytes,     639328 total
- age   4:     324760 bytes,     964088 total
 55098K->38915K(83392K), 0.0019831 secs]
18.592: [GC
Desired survivor size 1343488 bytes, new threshold 4 (max 4)
- age   1:     812016 bytes,     812016 total
- age   2:      26176 bytes,     838192 total
- age   4:      13048 bytes,     851240 total
 54907K->38884K(83392K), 0.0019023 secs]
18.606: [GC
Desired survivor size 1343488 bytes, new threshold 4 (max 4)
- age   1:     531536 bytes,     531536 total
- age   2:     650400 bytes,    1181936 total
- age   3:      26176 bytes,    1208112 total
 54851K->39245K(83392K), 0.0018793 secs]
18.620: [GC
Desired survivor size 1343488 bytes, new threshold 3 (max 4)
- age   1:     669560 bytes,     669560 total
- age   2:     531536 bytes,    1201096 total
- age   3:     650400 bytes,    1851496 total
- age   4:      26176 bytes,    1877672 total
 55233K->39899K(83392K), 0.0020973 secs]
18.634: [GC
Desired survivor size 1343488 bytes, new threshold 1 (max 4)
- age   1:    1497944 bytes,    1497944 total
- age   2:     443688 bytes,    1941632 total
- age   3:     531536 bytes,    2473168 total
 55885K->41141K(83392K), 0.0033179 secs]
18.649: [GC
Desired survivor size 1343488 bytes, new threshold 4 (max 4)
- age   1:      87472 bytes,      87472 total
 57118K->41133K(83392K), 0.0030517 secs]
18.665: [GC
Desired survivor size 1343488 bytes, new threshold 4 (max 4)
- age   1:     490064 bytes,     490064 total
- age   2:      56464 bytes,     546528 total
 57085K->41584K(83392K), 0.0015559 secs]
18.678: [GC
Desired survivor size 1343488 bytes, new threshold 4 (max 4)
- age   1:     198608 bytes,     198608 total
- age   2:     326832 bytes,     525440 total
- age   3:      56464 bytes,     581904 total
 57509K->41618K(83392K), 0.0014572 secs]
18.692: [GC
Desired survivor size 1343488 bytes, new threshold 4 (max 4)
- age   1:     499264 bytes,     499264 total
- age   2:     117000 bytes,     616264 total
- age   3:     326832 bytes,     943096 total
- age   4:      56464 bytes,     999560 total
 57583K->42026K(83392K), 0.0015167 secs]
18.710: [GC
Desired survivor size 1343488 bytes, new threshold 4 (max 4)
- age   1:     465816 bytes,     465816 total
- age   3:     117000 bytes,     582816 total
- age   4:     206656 bytes,     789472 total
 58026K->41876K(83392K), 0.0018061 secs]
18.724: [GC
Desired survivor size 1343488 bytes, new threshold 1 (max 4)
- age   1:    2057080 bytes,    2057080 total
- age   2:       4328 bytes,    2061408 total
- age   4:     117000 bytes,    2178408 total
 57810K->43434K(83392K), 0.0024762 secs]
18.741: [GC
Desired survivor size 1343488 bytes, new threshold 4 (max 4)
- age   1:     479168 bytes,     479168 total
 59432K->43360K(83392K), 0.0027814 secs]
18.758: [GC
Desired survivor size 1343488 bytes, new threshold 4 (max 4)
- age   1:     679120 bytes,     679120 total
- age   2:     397560 bytes,    1076680 total
 59360K->43942K(83392K), 0.0015747 secs]
18.768: [GC 52959K(83392K), 0.0012737 secs]
18.774: [GC
Desired survivor size 1343488 bytes, new threshold 1 (max 4)
- age   1:    1396728 bytes,    1396728 total
- age   2:     648640 bytes,    2045368 total
- age   3:     397560 bytes,    2442928 total
 59917K->45278K(83392K), 0.0032362 secs]
18.791: [GC
Desired survivor size 1343488 bytes, new threshold 4 (max 4)
- age   1:     652984 bytes,     652984 total
 34124K->18335K(83392K), 0.0028438 secs]
18.806: [GC
Desired survivor size 1343488 bytes, new threshold 4 (max 4)
- age   1:     471944 bytes,     471944 total
- age   2:     652480 bytes,    1124424 total
 34335K->18793K(83392K), 0.0018549 secs]
18.825: [GC
Desired survivor size 1343488 bytes, new threshold 4 (max 4)
- age   1:     134768 bytes,     134768 total
- age   2:      63976 bytes,     198744 total
- age   3:     652480 bytes,     851224 total
 34787K->18532K(83392K), 0.0017988 secs]
18.838: [GC
Desired survivor size 1343488 bytes, new threshold 4 (max 4)
- age   1:     318216 bytes,     318216 total
- age   2:      98576 bytes,     416792 total
- age   3:      63976 bytes,     480768 total
- age   4:     652440 bytes,    1133208 total
 34511K->18811K(83392K), 0.0018578 secs]
18.860: [GC
Desired survivor size 1343488 bytes, new threshold 4 (max 4)
- age   1:     653912 bytes,     653912 total
- age   2:      63112 bytes,     717024 total
- age   3:      98576 bytes,     815600 total
- age   4:      63976 bytes,     879576 total
 34782K->18881K(83392K), 0.0025863 secs]
18.877: [GC
Desired survivor size 1343488 bytes, new threshold 4 (max 4)
- age   1:     539264 bytes,     539264 total
- age   2:     447280 bytes,     986544 total
- age   3:      63112 bytes,    1049656 total
- age   4:      97896 bytes,    1147552 total
 34876K->19215K(83392K), 0.0017717 secs]
18.892: [GC
Desired survivor size 1343488 bytes, new threshold 3 (max 4)
- age   1:     781632 bytes,     781632 total
- age   2:     393192 bytes,    1174824 total
- age   3:     228360 bytes,    1403184 total
- age   4:      63112 bytes,    1466296 total
 35212K->19606K(83392K), 0.0025780 secs]
18.908: [GC
Desired survivor size 1343488 bytes, new threshold 2 (max 4)
- age   1:    1009880 bytes,    1009880 total
- age   2:     695112 bytes,    1704992 total
- age   3:     393192 bytes,    2098184 total
 35604K->20509K(83392K), 0.0052984 secs]
18.929: [GC
Desired survivor size 1343488 bytes, new threshold 4 (max 4)
- age   1:     489208 bytes,     489208 total
- age   2:     525040 bytes,    1014248 total
 36450K->20217K(83392K), 0.0026603 secs]
18.945: [GC
Desired survivor size 1343488 bytes, new threshold 4 (max 4)
- age   1:     208936 bytes,     208936 total
- age   2:     420824 bytes,     629760 total
- age   3:     525040 bytes,    1154800 total
 36216K->20346K(83392K), 0.0017583 secs]
18.960: [GC
Desired survivor size 1343488 bytes, new threshold 4 (max 4)
- age   1:     554048 bytes,     554048 total
- age   2:      54800 bytes,     608848 total
- age   3:     420824 bytes,    1029672 total
- age   4:     525040 bytes,    1554712 total
 36345K->20744K(83392K), 0.0036252 secs]
18.975: [GC
Desired survivor size 1343488 bytes, new threshold 4 (max 4)
- age   1:     713480 bytes,     713480 total
- age   2:     451112 bytes,    1164592 total
- age   3:      54800 bytes,    1219392 total
- age   4:     420824 bytes,    1640216 total
 36725K->21333K(83392K), 0.0026570 secs]
18.989: [GC
Desired survivor size 1343488 bytes, new threshold 3 (max 4)
- age   1:     951264 bytes,     951264 total
- age   2:     192416 bytes,    1143680 total
- age   3:     290456 bytes,    1434136 total
- age   4:      54800 bytes,    1488936 total
 37315K->21600K(83392K), 0.0021845 secs]
19.004: [GC
Desired survivor size 1343488 bytes, new threshold 2 (max 4)
- age   1:    1052504 bytes,    1052504 total
- age   2:     951264 bytes,    2003768 total
- age   3:     192416 bytes,    2196184 total
 37600K->22543K(83392K), 0.0025859 secs]
19.018: [GC
Desired survivor size 1343488 bytes, new threshold 4 (max 4)
- age   1:     334592 bytes,     334592 total
- age   2:     971584 bytes,    1306176 total
 38525K->22788K(83392K), 0.0028569 secs]
19.033: [GC
Desired survivor size 1343488 bytes, new threshold 4 (max 4)
- age   1:     118264 bytes,     118264 total
- age   2:     167144 bytes,     285408 total
- age   3:     970520 bytes,    1255928 total
 38778K->22736K(83392K), 0.0024857 secs]
19.047: [GC
Desired survivor size 1343488 bytes, new threshold 4 (max 4)
- age   1:     491472 bytes,     491472 total
- age   2:      10232 bytes,     501704 total
- age   3:     167144 bytes,     668848 total
- age   4:     939512 bytes,    1608360 total
 38730K->23079K(83392K), 0.0022105 secs]
19.063: [GC
Desired survivor size 1343488 bytes, new threshold 4 (max 4)
- age   1:     135288 bytes,     135288 total
- age   2:     390456 bytes,     525744 total
- age   3:      10232 bytes,     535976 total
- age   4:     142560 bytes,     678536 total
 39065K->23091K(83392K), 0.0019878 secs]
19.081: [GC
Desired survivor size 1343488 bytes, new threshold 4 (max 4)
- age   1:     535312 bytes,     535312 total
- age   2:       2888 bytes,     538200 total
- age   3:      51200 bytes,     589400 total
- age   4:      10232 bytes,     599632 total
 39089K->23158K(83392K), 0.0020543 secs]
19.094: [GC
Desired survivor size 1343488 bytes, new threshold 4 (max 4)
- age   1:     137048 bytes,     137048 total
- age   2:     366040 bytes,     503088 total
- age   3:       2888 bytes,     505976 total
- age   4:      51200 bytes,     557176 total
 39156K->23133K(83392K), 0.0012133 secs]
19.111: [GC
Desired survivor size 1343488 bytes, new threshold 4 (max 4)
- age   1:     878216 bytes,     878216 total
- age   2:      77912 bytes,     956128 total
- age   3:     366040 bytes,    1322168 total
- age   4:       2888 bytes,    1325056 total
 39133K->23926K(83392K), 0.0019838 secs]
19.124: [GC
Desired survivor size 1343488 bytes, new threshold 4 (max 4)
- age   1:     189312 bytes,     189312 total
- age   2:     816792 bytes,    1006104 total
- age   3:      77912 bytes,    1084016 total
- age   4:     366040 bytes,    1450056 total
 39925K->24051K(83392K), 0.0021192 secs]
19.138: [GC
Desired survivor size 1343488 bytes, new threshold 4 (max 4)
- age   1:     616440 bytes,     616440 total
- age   2:      54904 bytes,     671344 total
- age   3:     650736 bytes,    1322080 total
- age   4:      77912 bytes,    1399992 total
 40030K->24363K(83392K), 0.0026732 secs]
19.155: [GC
Desired survivor size 1343488 bytes, new threshold 4 (max 4)
- age   1:     342576 bytes,     342576 total
- age   2:     532608 bytes,     875184 total
- age   3:      54904 bytes,     930088 total
- age   4:     650736 bytes,    1580824 total
 40348K->24532K(83392K), 0.0026787 secs]
19.172: [GC
Desired survivor size 1343488 bytes, new threshold 4 (max 4)
- age   1:     290408 bytes,     290408 total
- age   2:     303568 bytes,     593976 total
- age   3:     225480 bytes,     819456 total
- age   4:      54416 bytes,     873872 total
 40532K->24476K(83392K), 0.0021255 secs]
19.187: [GC
Desired survivor size 1343488 bytes, new threshold 4 (max 4)
- age   1:     249192 bytes,     249192 total
- age   2:     237664 bytes,     486856 total
- age   3:     277152 bytes,     764008 total
- age   4:     225480 bytes,     989488 total
 40462K->24641K(83392K), 0.0017142 secs]
19.201: [GC
Desired survivor size 1343488 bytes, new threshold 4 (max 4)
- age   1:     705536 bytes,     705536 total
- age   2:     180984 bytes,     886520 total
- age   3:     237664 bytes,    1124184 total
- age   4:     277152 bytes,    1401336 total
 40627K->25269K(83392K), 0.0025778 secs]
19.215: [GC
Desired survivor size 1343488 bytes, new threshold 4 (max 4)
- age   1:     471784 bytes,     471784 total
- age   2:     471328 bytes,     943112 total
- age   3:     167872 bytes,    1110984 total
- age   4:     237664 bytes,    1348648 total
 41268K->25486K(83392K), 0.0024153 secs]
19.228: [GC
Desired survivor size 1343488 bytes, new threshold 4 (max 4)
- age   1:     319032 bytes,     319032 total
- age   2:     123768 bytes,     442800 total
- age   3:     471328 bytes,     914128 total
- age   4:     137048 bytes,    1051176 total
 41473K->25433K(83392K), 0.0019537 secs]
19.243: [GC
Desired survivor size 1343488 bytes, new threshold 4 (max 4)
- age   1:     379480 bytes,     379480 total
- age   2:     128856 bytes,     508336 total
- age   4:     471328 bytes,     979664 total
 41433K->25494K(83392K), 0.0020488 secs]
19.258: [GC
Desired survivor size 1343488 bytes, new threshold 4 (max 4)
- age   1:     704768 bytes,     704768 total
- age   2:      33152 bytes,     737920 total
- age   3:      60008 bytes,     797928 total
 41480K->25773K(83392K), 0.0022188 secs]
19.272: [GC
Desired survivor size 1343488 bytes, new threshold 4 (max 4)
- age   1:     426864 bytes,     426864 total
- age   2:     257088 bytes,     683952 total
- age   3:       4488 bytes,     688440 total
- age   4:      60008 bytes,     748448 total
 41762K->25726K(83392K), 0.0013128 secs]
19.284: [GC
Desired survivor size 1343488 bytes, new threshold 4 (max 4)
- age   1:     209952 bytes,     209952 total
- age   2:     337912 bytes,     547864 total
- age   3:     257088 bytes,     804952 total
- age   4:       4488 bytes,     809440 total
 41721K->25843K(83392K), 0.0015625 secs]
19.297: [GC
Desired survivor size 1343488 bytes, new threshold 4 (max 4)
- age   1:     206032 bytes,     206032 total
- age   2:      38760 bytes,     244792 total
- age   3:     337912 bytes,     582704 total
- age   4:     257088 bytes,     839792 total
 41839K->25876K(83392K), 0.0018785 secs]
19.310: [GC
Desired survivor size 1343488 bytes, new threshold 4 (max 4)
- age   1:    1049008 bytes,    1049008 total
- age   2:     177376 bytes,    1226384 total
- age   3:      38760 bytes,    1265144 total
- age   4:     337912 bytes,    1603056 total
 41847K->26872K(83392K), 0.0026568 secs]
19.326: [GC
Desired survivor size 1343488 bytes, new threshold 3 (max 4)
- age   1:     521176 bytes,     521176 total
- age   2:     734600 bytes,    1255776 total
- age   3:     177376 bytes,    1433152 total
- age   4:      38760 bytes,    1471912 total
 42837K->27076K(83392K), 0.0021202 secs]
19.340: [GC
Desired survivor size 1343488 bytes, new threshold 4 (max 4)
- age   1:     355032 bytes,     355032 total
- age   2:     521088 bytes,     876120 total
- age   3:     452528 bytes,    1328648 total
 43066K->27147K(83392K), 0.0019096 secs]
19.355: [GC
Desired survivor size 1343488 bytes, new threshold 4 (max 4)
- age   1:     901360 bytes,     901360 total
- age   3:     126608 bytes,    1027968 total
- age   4:     452528 bytes,    1480496 total
 43144K->27295K(83392K), 0.0017777 secs]
19.370: [GC
Desired survivor size 1343488 bytes, new threshold 4 (max 4)
- age   1:     347304 bytes,     347304 total
- age   2:     523920 bytes,     871224 total
- age   4:     126608 bytes,     997832 total
 43275K->27266K(83392K), 0.0019147 secs]
19.383: [GC
Desired survivor size 1343488 bytes, new threshold 4 (max 4)
- age   1:     640040 bytes,     640040 total
- age   2:     269216 bytes,     909256 total
- age   3:     193512 bytes,    1102768 total
 43266K->27434K(83392K), 0.0015429 secs]
19.396: [GC
Desired survivor size 1343488 bytes, new threshold 4 (max 4)
- age   1:     222416 bytes,     222416 total
- age   2:     544928 bytes,     767344 total
- age   3:     163896 bytes,     931240 total
- age   4:     193512 bytes,    1124752 total
 43424K->27455K(83392K), 0.0016213 secs]
19.410: [GC
Desired survivor size 1343488 bytes, new threshold 4 (max 4)
- age   1:     599960 bytes,     599960 total
- age   2:      83824 bytes,     683784 total
- age   3:     126408 bytes,     810192 total
- age   4:     102992 bytes,     913184 total
 43439K->27436K(83392K), 0.0020055 secs]
19.423: [GC
Desired survivor size 1343488 bytes, new threshold 4 (max 4)
- age   1:     293600 bytes,     293600 total
- age   2:     202768 bytes,     496368 total
- age   3:      83824 bytes,     580192 total
- age   4:     126408 bytes,     706600 total
 43429K->27337K(83392K), 0.0017581 secs]
19.436: [GC
Desired survivor size 1343488 bytes, new threshold 4 (max 4)
- age   1:     902816 bytes,     902816 total
- age   2:      78408 bytes,     981224 total
- age   3:     202768 bytes,    1183992 total
- age   4:      83824 bytes,    1267816 total
 43332K->28008K(83392K), 0.0020051 secs]
19.454: [GC
Desired survivor size 1343488 bytes, new threshold 2 (max 4)
- age   1:     675120 bytes,     675120 total
- age   2:     735192 bytes,    1410312 total
- age   3:      78408 bytes,    1488720 total
- age   4:     202768 bytes,    1691488 total
 44008K->28503K(83392K), 0.0020433 secs]
19.474: [GC
Desired survivor size 1343488 bytes, new threshold 4 (max 4)
- age   1:     327000 bytes,     327000 total
- age   2:     588592 bytes,     915592 total
 44482K->28473K(83392K), 0.0022060 secs]
19.489: [GC
Desired survivor size 1343488 bytes, new threshold 4 (max 4)
- age   1:     446488 bytes,     446488 total
- age   2:       5848 bytes,     452336 total
- age   3:     588592 bytes,    1040928 total
 44449K->28599K(83392K), 0.0015975 secs]
19.502: [GC
Desired survivor size 1343488 bytes, new threshold 4 (max 4)
- age   1:     302056 bytes,     302056 total
- age   2:     431704 bytes,     733760 total
- age   3:       5848 bytes,     739608 total
- age   4:     278040 bytes,    1017648 total
 44581K->28578K(83392K), 0.0016948 secs]
19.522: [GC
Desired survivor size 1343488 bytes, new threshold 4 (max 4)
- age   1:     411064 bytes,     411064 total
- age   2:         32 bytes,     411096 total
- age   3:     171016 bytes,     582112 total
- age   4:       5848 bytes,     587960 total
 44578K->28437K(83392K), 0.0024991 secs]
19.537: [GC
Desired survivor size 1343488 bytes, new threshold 2 (max 4)
- age   1:    1014360 bytes,    1014360 total
- age   2:     329880 bytes,    1344240 total
- age   4:     171016 bytes,    1515256 total
 44436K->29339K(83392K), 0.0019255 secs]
19.552: [GC
Desired survivor size 1343488 bytes, new threshold 4 (max 4)
- age   1:     416136 bytes,     416136 total
- age   2:     765008 bytes,    1181144 total
 45337K->29504K(83392K), 0.0022029 secs]
19.568: [GC
Desired survivor size 1343488 bytes, new threshold 4 (max 4)
- age   1:     348872 bytes,     348872 total
- age   2:     281048 bytes,     629920 total
- age   3:     708304 bytes,    1338224 total
 45501K->29654K(83392K), 0.0017724 secs]
19.582: [GC
Desired survivor size 1343488 bytes, new threshold 4 (max 4)
- age   1:     539160 bytes,     539160 total
- age   2:     314304 bytes,     853464 total
- age   3:     281048 bytes,    1134512 total
- age   4:     533376 bytes,    1667888 total
 45630K->29977K(83392K), 0.0021534 secs]
19.595: [GC
Desired survivor size 1343488 bytes, new threshold 4 (max 4)
- age   1:     182816 bytes,     182816 total
- age   2:     234984 bytes,     417800 total
- age   3:       2800 bytes,     420600 total
- age   4:     281048 bytes,     701648 total
 45977K->29550K(83392K), 0.0018902 secs]
19.611: [GC
Desired survivor size 1343488 bytes, new threshold 4 (max 4)
- age   1:     825976 bytes,     825976 total
- age   2:     181456 bytes,    1007432 total
- age   3:     234984 bytes,    1242416 total
- age   4:       2800 bytes,    1245216 total
 45550K->30361K(83392K), 0.0023867 secs]
19.627: [GC
Desired survivor size 1343488 bytes, new threshold 4 (max 4)
- age   1:     304904 bytes,     304904 total
- age   2:     707544 bytes,    1012448 total
- age   3:     181456 bytes,    1193904 total
- age   4:     234984 bytes,    1428888 total
 46361K->30541K(83392K), 0.0016830 secs]
19.641: [GC
Desired survivor size 1343488 bytes, new threshold 4 (max 4)
- age   1:     669392 bytes,     669392 total
- age   2:     265616 bytes,     935008 total
- age   3:     300560 bytes,    1235568 total
- age   4:     181456 bytes,    1417024 total
 46541K->30770K(83392K), 0.0019521 secs]
19.656: [GC
Desired survivor size 1343488 bytes, new threshold 4 (max 4)
- age   1:     297752 bytes,     297752 total
- age   2:     342728 bytes,     640480 total
- age   3:     218696 bytes,     859176 total
- age   4:     300560 bytes,    1159736 total
 46744K->30705K(83392K), 0.0017342 secs]
19.672: [GC
Desired survivor size 1343488 bytes, new threshold 4 (max 4)
- age   1:     558424 bytes,     558424 total
- age   2:      72640 bytes,     631064 total
- age   3:     342728 bytes,     973792 total
- age   4:     102136 bytes,    1075928 total
 46689K->30895K(83392K), 0.0024640 secs]
19.686: [GC
Desired survivor size 1343488 bytes, new threshold 4 (max 4)
- age   1:     294200 bytes,     294200 total
- age   2:     144392 bytes,     438592 total
- age   3:      72640 bytes,     511232 total
- age   4:     342728 bytes,     853960 total
 46871K->30789K(83392K), 0.0016229 secs]
19.700: [GC
Desired survivor size 1343488 bytes, new threshold 4 (max 4)
- age   1:     401848 bytes,     401848 total
- age   2:         40 bytes,     401888 total
- age   3:     143688 bytes,     545576 total
- age   4:      72640 bytes,     618216 total
 46760K->30882K(83392K), 0.0016905 secs]
19.715: [GC
Desired survivor size 1343488 bytes, new threshold 4 (max 4)
- age   1:     266944 bytes,     266944 total
- age   2:     182352 bytes,     449296 total
- age   3:         40 bytes,     449336 total
- age   4:     143688 bytes,     593024 total
 46869K->30931K(83392K), 0.0011095 secs]
19.730: [GC
Desired survivor size 1343488 bytes, new threshold 4 (max 4)
- age   1:     597760 bytes,     597760 total
- age   2:     211296 bytes,     809056 total
- age   3:     182320 bytes,     991376 total
- age   4:         40 bytes,     991416 total
 46904K->31464K(83392K), 0.0020216 secs]
19.744: [GC
Desired survivor size 1343488 bytes, new threshold 4 (max 4)
- age   1:     251392 bytes,     251392 total
- age   2:     377208 bytes,     628600 total
- age   3:     211296 bytes,     839896 total
- age   4:     182320 bytes,    1022216 total
 47450K->31491K(83392K), 0.0018213 secs]
19.759: [GC
Desired survivor size 1343488 bytes, new threshold 4 (max 4)
- age   1:     471344 bytes,     471344 total
- age   2:        744 bytes,     472088 total
- age   3:     377208 bytes,     849296 total
- age   4:     211296 bytes,    1060592 total
 47484K->31708K(83392K), 0.0023529 secs]
19.774: [GC
Desired survivor size 1343488 bytes, new threshold 4 (max 4)
- age   1:     199408 bytes,     199408 total
- age   2:     266272 bytes,     465680 total
- age   3:        744 bytes,     466424 total
- age   4:     319808 bytes,     786232 total
 47697K->31642K(83392K), 0.0014709 secs]
19.787: [GC
Desired survivor size 1343488 bytes, new threshold 4 (max 4)
- age   1:     276384 bytes,     276384 total
- age   2:     111680 bytes,     388064 total
- age   3:     131032 bytes,     519096 total
- age   4:        744 bytes,     519840 total
 47607K->31695K(83392K), 0.0013859 secs]
19.801: [GC
Desired survivor size 1343488 bytes, new threshold 4 (max 4)
- age   1:     322352 bytes,     322352 total
- age   2:     142728 bytes,     465080 total
- age   3:      57712 bytes,     522792 total
- age   4:     131032 bytes,     653824 total
 47686K->31827K(83392K), 0.0016101 secs]
19.817: [GC
Desired survivor size 1343488 bytes, new threshold 3 (max 4)
- age   1:    1030504 bytes,    1030504 total
- age   2:     202952 bytes,    1233456 total
- age   3:     142728 bytes,    1376184 total
- age   4:      57712 bytes,    1433896 total
 47826K->32713K(83392K), 0.0022733 secs]
19.831: [GC
Desired survivor size 1343488 bytes, new threshold 4 (max 4)
- age   1:     327928 bytes,     327928 total
- age   2:     715160 bytes,    1043088 total
- age   3:     202952 bytes,    1246040 total
 48640K->32730K(83392K), 0.0025931 secs]
19.845: [GC
Desired survivor size 1343488 bytes, new threshold 4 (max 4)
- age   1:     411456 bytes,     411456 total
- age   2:      84120 bytes,     495576 total
- age   3:     531880 bytes,    1027456 total
- age   4:     202952 bytes,    1230408 total
 48695K->32715K(83392K), 0.0017691 secs]
19.858: [GC
Desired survivor size 1343488 bytes, new threshold 4 (max 4)
- age   1:     586584 bytes,     586584 total
- age   2:     276024 bytes,     862608 total
- age   3:      84120 bytes,     946728 total
- age   4:     531880 bytes,    1478608 total
 48672K->33156K(83392K), 0.0029511 secs]
19.873: [GC
Desired survivor size 1343488 bytes, new threshold 4 (max 4)
- age   1:     438648 bytes,     438648 total
- age   2:     488768 bytes,     927416 total
- age   3:     276024 bytes,    1203440 total
- age   4:      84120 bytes,    1287560 total
 49103K->33492K(83392K), 0.0022536 secs]
19.888: [GC
Desired survivor size 1343488 bytes, new threshold 3 (max 4)
- age   1:     505632 bytes,     505632 total
- age   2:     360360 bytes,     865992 total
- age   3:     488768 bytes,    1354760 total
- age   4:     191240 bytes,    1546000 total
 49418K->33739K(83392K), 0.0022978 secs]
19.902: [GC
Desired survivor size 1343488 bytes, new threshold 4 (max 4)
- age   1:     440608 bytes,     440608 total
- age   2:     505632 bytes,     946240 total
- age   3:     186688 bytes,    1132928 total
 49735K->33671K(83392K), 0.0020153 secs]
19.917: [GC
Desired survivor size 1343488 bytes, new threshold 4 (max 4)
- age   1:     538072 bytes,     538072 total
- age   2:     367488 bytes,     905560 total
- age   3:     221688 bytes,    1127248 total
- age   4:     186688 bytes,    1313936 total
 49646K->33846K(83392K), 0.0017956 secs]
19.933: [GC
Desired survivor size 1343488 bytes, new threshold 4 (max 4)
- age   1:     144984 bytes,     144984 total
- age   2:     516560 bytes,     661544 total
- age   3:      99128 bytes,     760672 total
- age   4:     136784 bytes,     897456 total
 49817K->33621K(83392K), 0.0019312 secs]
19.947: [GC
Desired survivor size 1343488 bytes, new threshold 4 (max 4)
- age   1:     383520 bytes,     383520 total
- age   2:     118344 bytes,     501864 total
- age   3:     315000 bytes,     816864 total
- age   4:      99128 bytes,     915992 total
 49588K->33773K(83392K), 0.0015482 secs]
19.961: [GC
Desired survivor size 1343488 bytes, new threshold 4 (max 4)
- age   1:     732288 bytes,     732288 total
- age   2:      37000 bytes,     769288 total
- age   3:        704 bytes,     769992 total
- age   4:     155720 bytes,     925712 total
 49759K->33880K(83392K), 0.0019736 secs]
19.976: [GC
Desired survivor size 1343488 bytes, new threshold 4 (max 4)
- age   1:     186096 bytes,     186096 total
- age   2:     549432 bytes,     735528 total
- age   3:      37000 bytes,     772528 total
 49863K->33882K(83392K), 0.0016460 secs]
19.990: [GC
Desired survivor size 1343488 bytes, new threshold 4 (max 4)
- age   1:     213584 bytes,     213584 total
- age   2:      83152 bytes,     296736 total
- age   3:      92352 bytes,     389088 total
- age   4:      37000 bytes,     426088 total
 49882K->33545K(83392K), 0.0010965 secs]
20.004: [GC
Desired survivor size 1343488 bytes, new threshold 4 (max 4)
- age   1:    1174672 bytes,    1174672 total
- age   2:      78008 bytes,    1252680 total
- age   3:       6768 bytes,    1259448 total
- age   4:      92352 bytes,    1351800 total
 49543K->34484K(83392K), 0.0022679 secs]
20.020: [GC
Desired survivor size 1343488 bytes, new threshold 3 (max 4)
- age   1:     769736 bytes,     769736 total
- age   2:     541088 bytes,    1310824 total
- age   3:      78008 bytes,    1388832 total
- age   4:       6768 bytes,    1395600 total
 50451K->34617K(83392K), 0.0024209 secs]
20.034: [GC
Desired survivor size 1343488 bytes, new threshold 3 (max 4)
- age   1:     883072 bytes,     883072 total
- age   2:     152432 bytes,    1035504 total
- age   3:     369632 bytes,    1405136 total
 50609K->34713K(83392K), 0.0019317 secs]
20.048: [GC
Desired survivor size 1343488 bytes, new threshold 4 (max 4)
- age   1:     367472 bytes,     367472 total
- age   2:     716424 bytes,    1083896 total
- age   3:     152432 bytes,    1236328 total
 50697K->34862K(83392K), 0.0021491 secs]
20.062: [GC
Desired survivor size 1343488 bytes, new threshold 4 (max 4)
- age   1:     314952 bytes,     314952 total
- age   2:     311824 bytes,     626776 total
- age   3:     465352 bytes,    1092128 total
- age   4:     152432 bytes,    1244560 total
 50835K->34871K(83392K), 0.0024292 secs]
20.077: [GC
Desired survivor size 1343488 bytes, new threshold 3 (max 4)
- age   1:     890680 bytes,     890680 total
- age   2:     255040 bytes,    1145720 total
- age   3:     311824 bytes,    1457544 total
- age   4:     289976 bytes,    1747520 total
 50865K->35512K(83392K), 0.0026891 secs]
20.093: [GC
Desired survivor size 1343488 bytes, new threshold 4 (max 4)
- age   1:     215728 bytes,     215728 total
- age   2:     760120 bytes,     975848 total
- age   3:     255040 bytes,    1230888 total
 51442K->35595K(83392K), 0.0021761 secs]
20.108: [GC
Desired survivor size 1343488 bytes, new threshold 3 (max 4)
- age   1:     996344 bytes,     996344 total
- age   2:     137856 bytes,    1134200 total
- age   3:     713912 bytes,    1848112 total
- age   4:     255040 bytes,    2103152 total
 51581K->36446K(83392K), 0.0023769 secs]
20.124: [GC
Desired survivor size 1343488 bytes, new threshold 2 (max 4)
- age   1:     506616 bytes,     506616 total
- age   2:     914552 bytes,    1421168 total
- age   3:     137856 bytes,    1559024 total
 52411K->36430K(83392K), 0.0024598 secs]
20.140: [GC
Desired survivor size 1343488 bytes, new threshold 4 (max 4)
- age   1:     430704 bytes,     430704 total
- age   2:     425104 bytes,     855808 total
 52368K->36772K(83392K), 0.0024836 secs]
20.155: [GC
Desired survivor size 1343488 bytes, new threshold 4 (max 4)
- age   1:     441016 bytes,     441016 total
- age   2:     233936 bytes,     674952 total
- age   3:     425104 bytes,    1100056 total
 52642K->37010K(83392K), 0.0045407 secs]
20.173: [GC
Desired survivor size 1343488 bytes, new threshold 4 (max 4)
- age   1:     523752 bytes,     523752 total
- age   2:     356136 bytes,     879888 total
- age   3:     233936 bytes,    1113824 total
- age   4:     222688 bytes,    1336512 total
 53010K->37239K(83392K), 0.0042355 secs]
20.190: [GC
Desired survivor size 1343488 bytes, new threshold 4 (max 4)
- age   1:     509632 bytes,     509632 total
- age   2:     354016 bytes,     863648 total
- age   3:     184648 bytes,    1048296 total
- age   4:     233936 bytes,    1282232 total
 53197K->37322K(83392K), 0.0018601 secs]
20.209: [GC
Desired survivor size 1343488 bytes, new threshold 4 (max 4)
- age   1:     227632 bytes,     227632 total
- age   2:     107464 bytes,     335096 total
- age   3:     354016 bytes,     689112 total
- age   4:     184648 bytes,     873760 total
 53313K->37152K(83392K), 0.0016187 secs]
20.223: [GC
Desired survivor size 1343488 bytes, new threshold 4 (max 4)
- age   1:     533360 bytes,     533360 total
- age   2:     176384 bytes,     709744 total
- age   3:     107464 bytes,     817208 total
- age   4:     353936 bytes,    1171144 total
 53138K->37623K(83392K), 0.0016325 secs]
20.238: [GC
Desired survivor size 1343488 bytes, new threshold 4 (max 4)
- age   1:     355864 bytes,     355864 total
- age   2:     460832 bytes,     816696 total
- age   3:     176384 bytes,     993080 total
- age   4:     107464 bytes,    1100544 total
 53622K->37897K(83392K), 0.0021008 secs]
20.257: [GC
Desired survivor size 1343488 bytes, new threshold 4 (max 4)
- age   1:     382752 bytes,     382752 total
- age   2:     262752 bytes,     645504 total
- age   3:     460832 bytes,    1106336 total
- age   4:     176384 bytes,    1282720 total
 53863K->38181K(83392K), 0.0028019 secs]
20.271: [GC
Desired survivor size 1343488 bytes, new threshold 4 (max 4)
- age   1:     648080 bytes,     648080 total
- age   2:     315536 bytes,     963616 total
- age   3:     262752 bytes,    1226368 total
- age   4:      49776 bytes,    1276144 total
 54175K->38351K(83392K), 0.0025499 secs]
20.285: [GC
Desired survivor size 1343488 bytes, new threshold 3 (max 4)
- age   1:     561312 bytes,     561312 total
- age   2:     609816 bytes,    1171128 total
- age   3:     315536 bytes,    1486664 total
- age   4:     262752 bytes,    1749416 total
 54328K->38858K(83392K), 0.0025222 secs]
20.300: [GC
Desired survivor size 1343488 bytes, new threshold 4 (max 4)
- age   1:     113016 bytes,     113016 total
- age   2:     429824 bytes,     542840 total
- age   3:     529024 bytes,    1071864 total
 54858K->38764K(83392K), 0.0018813 secs]
20.314: [GC
Desired survivor size 1343488 bytes, new threshold 4 (max 4)
- age   1:     640976 bytes,     640976 total
- age   2:      60688 bytes,     701664 total
- age   3:     429824 bytes,    1131488 total
- age   4:     161600 bytes,    1293088 total
 54760K->38977K(83392K), 0.0017550 secs]
20.328: [GC
Desired survivor size 1343488 bytes, new threshold 4 (max 4)
- age   1:     345768 bytes,     345768 total
- age   2:     382432 bytes,     728200 total
- age   3:      60688 bytes,     788888 total
- age   4:     429824 bytes,    1218712 total
 54947K->39062K(83392K), 0.0024930 secs]
20.343: [GC
Desired survivor size 1343488 bytes, new threshold 4 (max 4)
- age   1:     538832 bytes,     538832 total
- age   2:     215464 bytes,     754296 total
- age   3:     214752 bytes,     969048 total
- age   4:      60688 bytes,    1029736 total
 55020K->39297K(83392K), 0.0020107 secs]
20.357: [GC
Desired survivor size 1343488 bytes, new threshold 4 (max 4)
- age   1:     228040 bytes,     228040 total
- age   2:     172704 bytes,     400744 total
- age   3:      63184 bytes,     463928 total
- age   4:     214752 bytes,     678680 total
 55270K->39013K(83392K), 0.0015817 secs]
20.372: [GC
Desired survivor size 1343488 bytes, new threshold 4 (max 4)
- age   1:     711072 bytes,     711072 total
- age   2:     148160 bytes,     859232 total
- age   4:      63184 bytes,     922416 total
 54965K->39389K(83392K), 0.0022118 secs]
20.386: [GC
Desired survivor size 1343488 bytes, new threshold 2 (max 4)
- age   1:     945616 bytes,     945616 total
- age   2:     628064 bytes,    1573680 total
- age   3:     147384 bytes,    1721064 total
 55278K->40231K(83392K), 0.0021088 secs]
20.399: [GC
Desired survivor size 1343488 bytes, new threshold 4 (max 4)
- age   1:     252528 bytes,     252528 total
- age   2:     866896 bytes,    1119424 total
 56158K->40318K(83392K), 0.0025506 secs]
20.415: [GC
Desired survivor size 1343488 bytes, new threshold 4 (max 4)
- age   1:     216752 bytes,     216752 total
- age   2:     170072 bytes,     386824 total
- age   3:     703072 bytes,    1089896 total
 56262K->40290K(83392K), 0.0016797 secs]
20.428: [GC
Desired survivor size 1343488 bytes, new threshold 4 (max 4)
- age   1:     563648 bytes,     563648 total
- age   2:      85032 bytes,     648680 total
- age   3:     170072 bytes,     818752 total
- age   4:     316584 bytes,    1135336 total
 56275K->40334K(83392K), 0.0017920 secs]
20.442: [GC
Desired survivor size 1343488 bytes, new threshold 4 (max 4)
- age   1:     139544 bytes,     139544 total
- age   2:     334880 bytes,     474424 total
- age   3:      85032 bytes,     559456 total
- age   4:     170072 bytes,     729528 total
 56333K->40248K(83392K), 0.0017163 secs]
20.456: [GC
Desired survivor size 1343488 bytes, new threshold 4 (max 4)
- age   1:    1052584 bytes,    1052584 total
- age   2:      67840 bytes,    1120424 total
- age   3:      81712 bytes,    1202136 total
- age   4:      85032 bytes,    1287168 total
 56158K->40959K(83392K), 0.0020916 secs]
20.478: [GC
Desired survivor size 1343488 bytes, new threshold 4 (max 4)
- age   1:     603952 bytes,     603952 total
- age   2:     668400 bytes,    1272352 total
- age   3:      67840 bytes,    1340192 total
- age   4:      81712 bytes,    1421904 total
 56855K->41171K(83392K), 0.0019729 secs]
20.492: [GC
Desired survivor size 1343488 bytes, new threshold 4 (max 4)
- age   1:     325832 bytes,     325832 total
- age   2:     546352 bytes,     872184 total
- age   3:     468056 bytes,    1340240 total
- age   4:      67840 bytes,    1408080 total
 57168K->41238K(83392K), 0.0022377 secs]
20.507: [GC
Desired survivor size 1343488 bytes, new threshold 3 (max 4)
- age   1:     646872 bytes,     646872 total
- age   2:     289104 bytes,     935976 total
- age   3:     546352 bytes,    1482328 total
- age   4:     408360 bytes,    1890688 total
 57233K->41778K(83392K), 0.0037156 secs]
20.524: [GC
Desired survivor size 1343488 bytes, new threshold 2 (max 4)
- age   1:     828600 bytes,     828600 total
- age   2:     592632 bytes,    1421232 total
- age   3:     154064 bytes,    1575296 total
 57776K->42408K(83392K), 0.0028688 secs]
20.540: [GC
Desired survivor size 1343488 bytes, new threshold 2 (max 4)
- age   1:     662328 bytes,     662328 total
- age   2:     711648 bytes,    1373976 total
 58354K->42736K(83392K), 0.0022051 secs]
20.554: [GC
Desired survivor size 1343488 bytes, new threshold 2 (max 4)
- age   1:     812032 bytes,     812032 total
- age   2:     597280 bytes,    1409312 total
 58723K->43302K(83392K), 0.0028033 secs]
20.571: [GC
Desired survivor size 1343488 bytes, new threshold 4 (max 4)
- age   1:     679120 bytes,     679120 total
- age   2:     574392 bytes,    1253512 total
 59289K->43733K(83392K), 0.0022199 secs]
20.586: [GC
Desired survivor size 1343488 bytes, new threshold 3 (max 4)
- age   1:     776304 bytes,     776304 total
- age   2:     272160 bytes,    1048464 total
- age   3:     574392 bytes,    1622856 total
 59705K->44094K(83392K), 0.0021905 secs]
20.601: [GC
Desired survivor size 1343488 bytes, new threshold 4 (max 4)
- age   1:     240392 bytes,     240392 total
- age   2:     745464 bytes,     985856 total
- age   3:     116112 bytes,    1101968 total
 60078K->44063K(83392K), 0.0025806 secs]
20.619: [GC
Desired survivor size 1343488 bytes, new threshold 3 (max 4)
- age   1:     911888 bytes,     911888 total
- age   3:     745464 bytes,    1657352 total
- age   4:     116112 bytes,    1773464 total
 60042K->44717K(83392K), 0.0030066 secs]
20.635: [GC
Desired survivor size 1343488 bytes, new threshold 2 (max 4)
- age   1:    1220968 bytes,    1220968 total
- age   2:     869872 bytes,    2090840 total
 60705K->45868K(83392K), 0.0035025 secs]
20.651: [GC
Desired survivor size 1343488 bytes, new threshold 2 (max 4)
- age   1:     625704 bytes,     625704 total
- age   2:     831176 bytes,    1456880 total
 61846K->46100K(83392K), 0.0023805 secs]
20.666: [GC
Desired survivor size 1343488 bytes, new threshold 4 (max 4)
- age   1:     608040 bytes,     608040 total
- age   2:     413112 bytes,    1021152 total
 62097K->46158K(83392K), 0.0017812 secs]
20.680: [GC
Desired survivor size 1343488 bytes, new threshold 4 (max 4)
- age   1:     366048 bytes,     366048 total
- age   2:     412944 bytes,     778992 total
- age   3:     413112 bytes,    1192104 total
 62158K->46325K(83392K), 0.0019290 secs]
20.693: [GC
Desired survivor size 1343488 bytes, new threshold 4 (max 4)
- age   1:     431568 bytes,     431568 total
- age   2:     295888 bytes,     727456 total
- age   3:     412944 bytes,    1140400 total
- age   4:     413112 bytes,    1553512 total
 62304K->46677K(83392K), 0.0024251 secs]
20.707: [GC
Desired survivor size 1343488 bytes, new threshold 4 (max 4)
- age   1:     400304 bytes,     400304 total
- age   2:     297160 bytes,     697464 total
- age   3:     131216 bytes,     828680 total
- age   4:     412944 bytes,    1241624 total
 62623K->46774K(83392K), 0.0034984 secs]
20.724: [GC
Desired survivor size 1343488 bytes, new threshold 4 (max 4)
- age   1:     400384 bytes,     400384 total
- age   2:     172960 bytes,     573344 total
- age   3:     297160 bytes,     870504 total
- age   4:     130688 bytes,    1001192 total
 62729K->46945K(83392K), 0.0020824 secs]
20.739: [GC
Desired survivor size 1343488 bytes, new threshold 4 (max 4)
- age   1:     731976 bytes,     731976 total
- age   2:     314096 bytes,    1046072 total
- age   4:      83120 bytes,    1129192 total
 62920K->47070K(83392K), 0.0015739 secs]
20.752: [GC
Desired survivor size 1343488 bytes, new threshold 4 (max 4)
- age   1:     235976 bytes,     235976 total
- age   2:     595824 bytes,     831800 total
- age   3:     236656 bytes,    1068456 total
 63005K->47012K(83392K), 0.0020789 secs]
20.766: [GC
Desired survivor size 1343488 bytes, new threshold 3 (max 4)
- age   1:     791384 bytes,     791384 total
- age   2:      85384 bytes,     876768 total
- age   3:     595824 bytes,    1472592 total
- age   4:     236656 bytes,    1709248 total
 62983K->47636K(83392K), 0.0019683 secs]
20.784: [GC
Desired survivor size 1343488 bytes, new threshold 4 (max 4)
- age   1:     269440 bytes,     269440 total
- age   2:     618408 bytes,     887848 total
- age   3:      85384 bytes,     973232 total
 63566K->47730K(83392K), 0.0026780 secs]
20.798: [GC
Desired survivor size 1343488 bytes, new threshold 4 (max 4)
- age   1:     402616 bytes,     402616 total
- age   2:     218288 bytes,     620904 total
- age   3:     242056 bytes,     862960 total
- age   4:      85384 bytes,     948344 total
 63694K->47707K(83392K), 0.0018188 secs]
20.821: [GC
Desired survivor size 1343488 bytes, new threshold 4 (max 4)
- age   1:     337960 bytes,     337960 total
- age   2:     246152 bytes,     584112 total
- age   3:     218288 bytes,     802400 total
- age   4:     169016 bytes,     971416 total
 63707K->47811K(83392K), 0.0036975 secs]
20.840: [GC
Desired survivor size 1343488 bytes, new threshold 4 (max 4)
- age   1:     681632 bytes,     681632 total
- age   2:     337136 bytes,    1018768 total
- age   3:      77104 bytes,    1095872 total
- age   4:     216296 bytes,    1312168 total
 63809K->48242K(83392K), 0.0020150 secs]
20.854: [GC
Desired survivor size 1343488 bytes, new threshold 2 (max 4)
- age   1:     956344 bytes,     956344 total
- age   2:     513312 bytes,    1469656 total
- age   3:     253352 bytes,    1723008 total
- age   4:      77104 bytes,    1800112 total
 64236K->48727K(83392K), 0.0027924 secs]
20.873: [GC
Desired survivor size 1343488 bytes, new threshold 2 (max 4)
- age   1:     661568 bytes,     661568 total
- age   2:     840504 bytes,    1502072 total
 64686K->48855K(83392K), 0.0021606 secs]
20.887: [GC
Desired survivor size 1343488 bytes, new threshold 2 (max 4)
- age   1:     720984 bytes,     720984 total
- age   2:     640072 bytes,    1361056 total
 64832K->49521K(83392K), 0.0025085 secs]
20.904: [GC
Desired survivor size 1343488 bytes, new threshold 2 (max 4)
- age   1:     918672 bytes,     918672 total
- age   2:     601240 bytes,    1519912 total
 65471K->49901K(83392K), 0.0026092 secs]
20.919: [GC
Desired survivor size 1343488 bytes, new threshold 2 (max 4)
- age   1:     807736 bytes,     807736 total
- age   2:     750056 bytes,    1557792 total
 65889K->50524K(83392K), 0.0024113 secs]
20.933: [GC
Desired survivor size 1343488 bytes, new threshold 4 (max 4)
- age   1:     301744 bytes,     301744 total
- age   2:     440448 bytes,     742192 total
 66523K->50469K(83392K), 0.0021292 secs]
20.948: [GC
Desired survivor size 1343488 bytes, new threshold 4 (max 4)
- age   1:     323424 bytes,     323424 total
- age   2:     154976 bytes,     478400 total
- age   3:     384536 bytes,     862936 total
 66424K->50580K(83392K), 0.0013386 secs]
20.961: [GC
Desired survivor size 1343488 bytes, new threshold 4 (max 4)
- age   1:     325560 bytes,     325560 total
- age   2:     171224 bytes,     496784 total
- age   3:     154976 bytes,     651760 total
- age   4:     384536 bytes,    1036296 total
 66580K->50749K(83392K), 0.0017718 secs]
20.975: [GC
Desired survivor size 1343488 bytes, new threshold 4 (max 4)
- age   1:     266496 bytes,     266496 total
- age   2:     254184 bytes,     520680 total
- age   3:     171224 bytes,     691904 total
- age   4:     154976 bytes,     846880 total
 66743K->50936K(83392K), 0.0019116 secs]
20.988: [GC
Desired survivor size 1343488 bytes, new threshold 4 (max 4)
- age   1:     300176 bytes,     300176 total
- age   2:     229848 bytes,     530024 total
- age   3:     169056 bytes,     699080 total
- age   4:     171224 bytes,     870304 total
 66904K->51113K(83392K), 0.0018513 secs]
21.003: [GC
Desired survivor size 1343488 bytes, new threshold 4 (max 4)
- age   1:     764376 bytes,     764376 total
- age   2:     130640 bytes,     895016 total
- age   3:     229848 bytes,    1124864 total
- age   4:     169056 bytes,    1293920 total
 67113K->51692K(83392K), 0.0018328 secs]
21.017: [GC
Desired survivor size 1343488 bytes, new threshold 4 (max 4)
- age   1:     199080 bytes,     199080 total
- age   2:     665408 bytes,     864488 total
- age   3:      63312 bytes,     927800 total
- age   4:     229848 bytes,    1157648 total
 67691K->51726K(83392K), 0.0024737 secs]
21.032: [GC
Desired survivor size 1343488 bytes, new threshold 3 (max 4)
- age   1:     568672 bytes,     568672 total
- age   2:     190040 bytes,     758712 total
- age   3:     665408 bytes,    1424120 total
- age   4:      63312 bytes,    1487432 total
 67723K->52063K(83392K), 0.0023669 secs]
21.047: [GC
Desired survivor size 1343488 bytes, new threshold 2 (max 4)
- age   1:     913024 bytes,     913024 total
- age   2:     508952 bytes,    1421976 total
- age   3:      83080 bytes,    1505056 total
 68040K->52783K(83392K), 0.0024780 secs]
21.066: [GC
Desired survivor size 1343488 bytes, new threshold 4 (max 4)
- age   1:     445608 bytes,     445608 total
- age   2:     779400 bytes,    1225008 total
 68754K->52822K(83392K), 0.0024483 secs]
21.082: [GC
Desired survivor size 1343488 bytes, new threshold 3 (max 4)
- age   1:     843280 bytes,     843280 total
- age   2:     212648 bytes,    1055928 total
- age   3:     779400 bytes,    1835328 total
 68803K->53414K(83392K), 0.0058682 secs]
21.102: [GC
Desired survivor size 1343488 bytes, new threshold 4 (max 4)
- age   1:     189184 bytes,     189184 total
- age   2:     653384 bytes,     842568 total
- age   3:     186512 bytes,    1029080 total
 69414K->53307K(83392K), 0.0057089 secs]
21.120: [GC
Desired survivor size 1343488 bytes, new threshold 3 (max 4)
- age   1:     877368 bytes,     877368 total
- age   2:     109304 bytes,     986672 total
- age   3:     653384 bytes,    1640056 total
- age   4:     186512 bytes,    1826568 total
 69249K->54088K(83392K), 0.0026589 secs]
21.136: [GC
Desired survivor size 1343488 bytes, new threshold 4 (max 4)
- age   1:     421536 bytes,     421536 total
- age   2:     731616 bytes,    1153152 total
- age   3:      78560 bytes,    1231712 total
 70042K->54328K(83392K), 0.0033056 secs]
21.152: [GC
Desired survivor size 1343488 bytes, new threshold 4 (max 4)
- age   1:     213720 bytes,     213720 total
- age   2:     131824 bytes,     345544 total
- age   3:     476560 bytes,     822104 total
- age   4:      78560 bytes,     900664 total
 70315K->54005K(83392K), 0.0018212 secs]
21.167: [GC
Desired survivor size 1343488 bytes, new threshold 4 (max 4)
- age   1:     459408 bytes,     459408 total
- age   2:     128712 bytes,     588120 total
- age   4:     476560 bytes,    1064680 total
 69923K->54240K(83392K), 0.0031311 secs]
21.179: [GC 63858K(83392K), 0.0011229 secs]
21.187: [GC
Desired survivor size 1343488 bytes, new threshold 4 (max 4)
- age   1:     873248 bytes,     873248 total
- age   2:     242360 bytes,    1115608 total
- age   3:      86488 bytes,    1202096 total
 70227K->54758K(83392K), 0.0035129 secs]
21.208: [GC
Desired survivor size 1343488 bytes, new threshold 4 (max 4)
- age   1:     324400 bytes,     324400 total
- age   2:     446640 bytes,     771040 total
- age   3:     242360 bytes,    1013400 total
- age   4:      86488 bytes,    1099888 total
 70748K->54660K(83392K), 0.0028607 secs]
21.226: [GC
Desired survivor size 1343488 bytes, new threshold 4 (max 4)
- age   1:     565896 bytes,     565896 total
- age   2:      43832 bytes,     609728 total
- age   3:     205888 bytes,     815616 total
- age   4:     242360 bytes,    1057976 total
 70660K->54701K(83392K), 0.0018503 secs]
21.242: [GC
Desired survivor size 1343488 bytes, new threshold 4 (max 4)
- age   1:     286856 bytes,     286856 total
- age   2:     444704 bytes,     731560 total
- age   3:      43832 bytes,     775392 total
- age   4:     205888 bytes,     981280 total
 70628K->54863K(83392K), 0.0017471 secs]
21.259: [GC
Desired survivor size 1343488 bytes, new threshold 4 (max 4)
- age   1:     613008 bytes,     613008 total
- age   2:     208136 bytes,     821144 total
- age   3:     389040 bytes,    1210184 total
- age   4:      43832 bytes,    1254016 total
 70855K->55332K(83392K), 0.0026184 secs]
21.274: [GC
Desired survivor size 1343488 bytes, new threshold 4 (max 4)
- age   1:     170064 bytes,     170064 total
- age   2:     438672 bytes,     608736 total
- age   3:     130488 bytes,     739224 total
- age   4:     389040 bytes,    1128264 total
 71332K->55252K(83392K), 0.0026688 secs]
21.291: [GC
Desired survivor size 1343488 bytes, new threshold 4 (max 4)
- age   1:     351840 bytes,     351840 total
- age   3:     296296 bytes,     648136 total
- age   4:     130488 bytes,     778624 total
 71219K->55289K(83392K), 0.0016090 secs]
21.305: [GC
Desired survivor size 1343488 bytes, new threshold 4 (max 4)
- age   1:     412408 bytes,     412408 total
- age   2:     258232 bytes,     670640 total
- age   4:      61984 bytes,     732624 total
 71279K->55372K(83392K), 0.0020016 secs]
21.320: [GC
Desired survivor size 1343488 bytes, new threshold 4 (max 4)
- age   1:     784304 bytes,     784304 total
- age   2:     243368 bytes,    1027672 total
- age   3:     114488 bytes,    1142160 total
 71331K->55832K(83392K), 0.0016318 secs]
21.351: [GC
Desired survivor size 1343488 bytes, new threshold 4 (max 4)
- age   1:     330576 bytes,     330576 total
- age   2:     529840 bytes,     860416 total
- age   3:     243368 bytes,    1103784 total
 71824K->55796K(83392K), 0.0017515 secs]
21.365: [GC
Desired survivor size 1343488 bytes, new threshold 3 (max 4)
- age   1:     695192 bytes,     695192 total
- age   2:     312464 bytes,    1007656 total
- age   3:     529840 bytes,    1537496 total
- age   4:     243368 bytes,    1780864 total
 71792K->56473K(83392K), 0.0029803 secs]
21.379: [GC
Desired survivor size 1343488 bytes, new threshold 3 (max 4)
- age   1:     503168 bytes,     503168 total
- age   2:     670472 bytes,    1173640 total
- age   3:     229360 bytes,    1403000 total
 72453K->56574K(83392K), 0.0028267 secs]
21.399: [GC
Desired survivor size 1343488 bytes, new threshold 4 (max 4)
- age   1:     316272 bytes,     316272 total
- age   2:     419160 bytes,     735432 total
- age   3:     331776 bytes,    1067208 total
 72561K->56402K(83392K), 0.0018242 secs]
21.417: [GC
Desired survivor size 1343488 bytes, new threshold 4 (max 4)
- age   1:     189848 bytes,     189848 total
- age   2:     284288 bytes,     474136 total
- age   3:     419160 bytes,     893296 total
- age   4:     331776 bytes,    1225072 total
 72399K->56525K(83392K), 0.0018729 secs]
21.431: [GC
Desired survivor size 1343488 bytes, new threshold 4 (max 4)
- age   1:     637888 bytes,     637888 total
- age   2:      51552 bytes,     689440 total
- age   3:     198864 bytes,     888304 total
- age   4:     419160 bytes,    1307464 total
 72497K->56889K(83392K), 0.0026947 secs]
21.446: [GC
Desired survivor size 1343488 bytes, new threshold 4 (max 4)
- age   1:     146936 bytes,     146936 total
- age   2:     561416 bytes,     708352 total
- age   3:      51552 bytes,     759904 total
- age   4:     118528 bytes,     878432 total
 72856K->56869K(83392K), 0.0020820 secs]
21.460: [GC
Desired survivor size 1343488 bytes, new threshold 4 (max 4)
- age   1:     328488 bytes,     328488 total
- age   2:      59448 bytes,     387936 total
- age   3:     561416 bytes,     949352 total
- age   4:      51552 bytes,    1000904 total
 72842K->57085K(83392K), 0.0023727 secs]
21.476: [GC
Desired survivor size 1343488 bytes, new threshold 4 (max 4)
- age   1:     948672 bytes,     948672 total
- age   2:     174280 bytes,    1122952 total
- age   4:     530296 bytes,    1653248 total
 73083K->57769K(83392K), 0.0022265 secs]
21.492: [GC
Desired survivor size 1343488 bytes, new threshold 4 (max 4)
- age   1:     299024 bytes,     299024 total
- age   2:     775304 bytes,    1074328 total
- age   3:     113528 bytes,    1187856 total
 73741K->57663K(83392K), 0.0024545 secs]
21.508: [GC
Desired survivor size 1343488 bytes, new threshold 4 (max 4)
- age   1:     221992 bytes,     221992 total
- age   2:     254816 bytes,     476808 total
- age   3:     775304 bytes,    1252112 total
- age   4:     113528 bytes,    1365640 total
 73648K->57836K(83392K), 0.0017241 secs]
21.521: [GC
Desired survivor size 1343488 bytes, new threshold 4 (max 4)
- age   1:     219696 bytes,     219696 total
- age   2:     122880 bytes,     342576 total
- age   3:     254816 bytes,     597392 total
- age   4:     555624 bytes,    1153016 total
 73762K->57740K(83392K), 0.0019700 secs]
21.535: [GC
Desired survivor size 1343488 bytes, new threshold 4 (max 4)
- age   1:     368856 bytes,     368856 total
- age   2:     165624 bytes,     534480 total
- age   3:     122880 bytes,     657360 total
- age   4:     254816 bytes,     912176 total
 73731K->57810K(83392K), 0.0018995 secs]
21.550: [GC
Desired survivor size 1343488 bytes, new threshold 4 (max 4)
- age   1:     654208 bytes,     654208 total
- age   2:     251936 bytes,     906144 total
- age   3:      86904 bytes,     993048 total
- age   4:     122752 bytes,    1115800 total
 73803K->58190K(83392K), 0.0017364 secs]
21.563: [GC
Desired survivor size 1343488 bytes, new threshold 4 (max 4)
- age   1:     447408 bytes,     447408 total
- age   2:     492576 bytes,     939984 total
- age   3:     251936 bytes,    1191920 total
- age   4:      86904 bytes,    1278824 total
 74139K->58414K(83392K), 0.0017578 secs]
21.577: [GC
Desired survivor size 1343488 bytes, new threshold 4 (max 4)
- age   1:     358840 bytes,     358840 total
- age   2:     382016 bytes,     740856 total
- age   3:     492576 bytes,    1233432 total
 74359K->58370K(83392K), 0.0026944 secs]
21.591: [GC
Desired survivor size 1343488 bytes, new threshold 4 (max 4)
- age   1:     653048 bytes,     653048 total
- age   2:     254072 bytes,     907120 total
- age   3:     184880 bytes,    1092000 total
- age   4:     429264 bytes,    1521264 total
 74333K->58651K(83392K), 0.0021482 secs]
21.607: [GC
Desired survivor size 1343488 bytes, new threshold 4 (max 4)
- age   1:     461216 bytes,     461216 total
- age   2:     299408 bytes,     760624 total
- age   3:     254072 bytes,    1014696 total
- age   4:     184880 bytes,    1199576 total
 74648K->58756K(83392K), 0.0021694 secs]
21.626: [GC
Desired survivor size 1343488 bytes, new threshold 4 (max 4)
- age   1:     230296 bytes,     230296 total
- age   2:     219136 bytes,     449432 total
- age   3:      96648 bytes,     546080 total
- age   4:     169384 bytes,     715464 total
 74726K->58463K(83392K), 0.0015007 secs]
21.640: [GC
Desired survivor size 1343488 bytes, new threshold 4 (max 4)
- age   1:     267048 bytes,     267048 total
- age   2:      53288 bytes,     320336 total
- age   3:     219136 bytes,     539472 total
- age   4:      96648 bytes,     636120 total
 74444K->58554K(83392K), 0.0018651 secs]
21.654: [GC
Desired survivor size 1343488 bytes, new threshold 4 (max 4)
- age   1:     364584 bytes,     364584 total
- age   2:      85320 bytes,     449904 total
- age   3:      53288 bytes,     503192 total
- age   4:     219136 bytes,     722328 total
 74528K->58733K(83392K), 0.0016175 secs]
21.671: [GC
Desired survivor size 1343488 bytes, new threshold 4 (max 4)
- age   1:     135416 bytes,     135416 total
- age   2:     307696 bytes,     443112 total
- age   3:      85320 bytes,     528432 total
- age   4:      52224 bytes,     580656 total
 74733K->58615K(83392K), 0.0022342 secs]
21.685: [GC
Desired survivor size 1343488 bytes, new threshold 4 (max 4)
- age   1:     293864 bytes,     293864 total
- age   2:      78656 bytes,     372520 total
- age   3:     307664 bytes,     680184 total
- age   4:      12336 bytes,     692520 total
 74611K->58768K(83392K), 0.0018549 secs]
21.698: [GC
Desired survivor size 1343488 bytes, new threshold 4 (max 4)
- age   1:     341800 bytes,     341800 total
- age   2:      63312 bytes,     405112 total
- age   3:      78656 bytes,     483768 total
- age   4:     307664 bytes,     791432 total
 74742K->58882K(83392K), 0.0015469 secs]
21.716: [GC
Desired survivor size 1343488 bytes, new threshold 4 (max 4)
- age   1:     209472 bytes,     209472 total
- age   2:      98624 bytes,     308096 total
- age   3:      63280 bytes,     371376 total
- age   4:      78088 bytes,     449464 total
 74882K->58841K(83392K), 0.0016909 secs]
21.721: [GC 59376K(83392K), 0.0021996 secs]
21.739: [GC
Desired survivor size 1343488 bytes, new threshold 4 (max 4)
- age   1:     316920 bytes,     316920 total
- age   2:     209408 bytes,     526328 total
- age   3:      98624 bytes,     624952 total
- age   4:      63280 bytes,     688232 total
 29002K->13320K(83392K), 0.0020398 secs]
21.753: [GC
Desired survivor size 1343488 bytes, new threshold 3 (max 4)
- age   1:    1037248 bytes,    1037248 total
- age   2:     166080 bytes,    1203328 total
- age   3:     209408 bytes,    1412736 total
- age   4:      98624 bytes,    1511360 total
 29312K->14187K(83392K), 0.0021477 secs]
21.768: [GC
Desired survivor size 1343488 bytes, new threshold 4 (max 4)
- age   1:     356240 bytes,     356240 total
- age   2:     802008 bytes,    1158248 total
- age   3:      88784 bytes,    1247032 total
 30184K->14233K(83392K), 0.0022178 secs]
21.782: [GC
Desired survivor size 1343488 bytes, new threshold 3 (max 4)
- age   1:     323968 bytes,     323968 total
- age   2:     297936 bytes,     621904 total
- age   3:     802008 bytes,    1423912 total
- age   4:      88784 bytes,    1512696 total
 30224K->14494K(83392K), 0.0024354 secs]
21.796: [GC
Desired survivor size 1343488 bytes, new threshold 4 (max 4)
- age   1:     370352 bytes,     370352 total
- age   2:     255576 bytes,     625928 total
- age   3:     297936 bytes,     923864 total
 30368K->14584K(83392K), 0.0020734 secs]
21.809: [GC
Desired survivor size 1343488 bytes, new threshold 4 (max 4)
- age   1:     463712 bytes,     463712 total
- age   2:      72632 bytes,     536344 total
- age   3:     255576 bytes,     791920 total
- age   4:     297936 bytes,    1089856 total
 30580K->14734K(83392K), 0.0020922 secs]
21.823: [GC
Desired survivor size 1343488 bytes, new threshold 4 (max 4)
- age   1:     165464 bytes,     165464 total
- age   2:     454672 bytes,     620136 total
- age   3:      72632 bytes,     692768 total
- age   4:     255576 bytes,     948344 total
 30706K->14887K(83392K), 0.0019385 secs]
21.837: [GC
Desired survivor size 1343488 bytes, new threshold 4 (max 4)
- age   1:     671184 bytes,     671184 total
- age   2:     140984 bytes,     812168 total
- age   3:     454672 bytes,    1266840 total
 30831K->15443K(83392K), 0.0026940 secs]
21.853: [GC
Desired survivor size 1343488 bytes, new threshold 4 (max 4)
- age   1:     463400 bytes,     463400 total
- age   2:     388272 bytes,     851672 total
- age   3:     140984 bytes,     992656 total
- age   4:     302784 bytes,    1295440 total
 31428K->15471K(83392K), 0.0017499 secs]
21.866: [GC
Desired survivor size 1343488 bytes, new threshold 4 (max 4)
- age   1:     654072 bytes,     654072 total
- age   2:     408896 bytes,    1062968 total
- age   3:      78856 bytes,    1141824 total
- age   4:     140984 bytes,    1282808 total
 31452K->15758K(83392K), 0.0029903 secs]
21.882: [GC
Desired survivor size 1343488 bytes, new threshold 4 (max 4)
- age   1:     319504 bytes,     319504 total
- age   2:     486736 bytes,     806240 total
- age   3:     140792 bytes,     947032 total
- age   4:      78856 bytes,    1025888 total
 31733K->15642K(83392K), 0.0015968 secs]
21.895: [GC
Desired survivor size 1343488 bytes, new threshold 4 (max 4)
- age   1:     769168 bytes,     769168 total
- age   2:     152936 bytes,     922104 total
- age   3:     134912 bytes,    1057016 total
- age   4:     140792 bytes,    1197808 total
 31618K->15887K(83392K), 0.0019717 secs]
21.908: [GC
Desired survivor size 1343488 bytes, new threshold 4 (max 4)
- age   1:     352016 bytes,     352016 total
- age   2:     505248 bytes,     857264 total
- age   3:     152936 bytes,    1010200 total
- age   4:     134912 bytes,    1145112 total
 31861K->15973K(83392K), 0.0018356 secs]
21.922: [GC
Desired survivor size 1343488 bytes, new threshold 4 (max 4)
- age   1:     340832 bytes,     340832 total
- age   2:     156504 bytes,     497336 total
- age   3:     364608 bytes,     861944 total
- age   4:     152936 bytes,    1014880 total
 31969K->15978K(83392K), 0.0014714 secs]
21.935: [GC
Desired survivor size 1343488 bytes, new threshold 4 (max 4)
- age   1:     672736 bytes,     672736 total
- age   2:     182904 bytes,     855640 total
- age   3:     156504 bytes,    1012144 total
- age   4:     364608 bytes,    1376752 total
 31967K->16409K(83392K), 0.0023066 secs]
21.950: [GC
Desired survivor size 1343488 bytes, new threshold 2 (max 4)
- age   1:     850544 bytes,     850544 total
- age   2:     535576 bytes,    1386120 total
- age   3:     130488 bytes,    1516608 total
- age   4:     156504 bytes,    1673112 total
 32394K->17055K(83392K), 0.0025179 secs]
21.964: [GC
Desired survivor size 1343488 bytes, new threshold 4 (max 4)
- age   1:     228752 bytes,     228752 total
- age   2:     802280 bytes,    1031032 total
 33039K->17078K(83392K), 0.0027211 secs]
21.978: [GC
Desired survivor size 1343488 bytes, new threshold 4 (max 4)
- age   1:     489216 bytes,     489216 total
- age   2:     162320 bytes,     651536 total
- age   3:     530800 bytes,    1182336 total
 33050K->17226K(83392K), 0.0018231 secs]
21.992: [GC
Desired survivor size 1343488 bytes, new threshold 4 (max 4)
- age   1:     407920 bytes,     407920 total
- age   2:     410240 bytes,     818160 total
- age   3:     162320 bytes,     980480 total
- age   4:     224784 bytes,    1205264 total
 33198K->17248K(83392K), 0.0022006 secs]
22.005: [GC
Desired survivor size 1343488 bytes, new threshold 3 (max 4)
- age   1:    1275920 bytes,    1275920 total
- age   2:      65296 bytes,    1341216 total
- age   3:     383632 bytes,    1724848 total
- age   4:     162320 bytes,    1887168 total
 33193K->18134K(83392K), 0.0025851 secs]
22.020: [GC
Desired survivor size 1343488 bytes, new threshold 2 (max 4)
- age   1:     483336 bytes,     483336 total
- age   2:     909752 bytes,    1393088 total
- age   3:      65296 bytes,    1458384 total
 34110K->18196K(83392K), 0.0025361 secs]
22.034: [GC
Desired survivor size 1343488 bytes, new threshold 4 (max 4)
- age   1:     299928 bytes,     299928 total
- age   2:     319968 bytes,     619896 total
 34172K->17990K(83392K), 0.0018298 secs]
22.047: [GC
Desired survivor size 1343488 bytes, new threshold 4 (max 4)
- age   1:     485880 bytes,     485880 total
- age   2:     169392 bytes,     655272 total
- age   3:     319968 bytes,     975240 total
 33904K->18337K(83392K), 0.0017441 secs]
22.060: [GC
Desired survivor size 1343488 bytes, new threshold 3 (max 4)
- age   1:     910224 bytes,     910224 total
- age   2:     402856 bytes,    1313080 total
- age   3:     169360 bytes,    1482440 total
- age   4:     319968 bytes,    1802408 total
 34274K->19145K(83392K), 0.0030390 secs]
22.075: [GC
Desired survivor size 1343488 bytes, new threshold 4 (max 4)
- age   1:     119736 bytes,     119736 total
- age   2:     699752 bytes,     819488 total
- age   3:     198600 bytes,    1018088 total
 35125K->18857K(83392K), 0.0023661 secs]
22.092: [GC
Desired survivor size 1343488 bytes, new threshold 4 (max 4)
- age   1:     382616 bytes,     382616 total
- age   2:      72816 bytes,     455432 total
- age   3:     614840 bytes,    1070272 total
- age   4:     198600 bytes,    1268872 total
 34825K->19100K(83392K), 0.0026564 secs]
22.106: [GC
Desired survivor size 1343488 bytes, new threshold 4 (max 4)
- age   1:     184176 bytes,     184176 total
- age   2:     329800 bytes,     513976 total
- age   3:      72816 bytes,     586792 total
- age   4:     483136 bytes,    1069928 total
 35058K->19100K(83392K), 0.0018969 secs]
22.122: [GC
Desired survivor size 1343488 bytes, new threshold 4 (max 4)
- age   1:     431568 bytes,     431568 total
- age   3:      82192 bytes,     513760 total
- age   4:      72816 bytes,     586576 total
 35021K->19100K(83392K), 0.0020380 secs]
22.138: [GC
Desired survivor size 1343488 bytes, new threshold 4 (max 4)
- age   1:     706480 bytes,     706480 total
- age   2:      52800 bytes,     759280 total
- age   4:      82192 bytes,     841472 total
 35019K->19420K(83392K), 0.0014138 secs]
22.154: [GC
Desired survivor size 1343488 bytes, new threshold 4 (max 4)
- age   1:     141456 bytes,     141456 total
- age   2:     352080 bytes,     493536 total
- age   3:      52800 bytes,     546336 total
 35379K->19212K(83392K), 0.0015687 secs]
22.167: [GC
Desired survivor size 1343488 bytes, new threshold 4 (max 4)
- age   1:    1119008 bytes,    1119008 total
- age   2:      78128 bytes,    1197136 total
- age   4:      52800 bytes,    1249936 total
 35145K->19899K(83392K), 0.0022477 secs]
22.182: [GC
Desired survivor size 1343488 bytes, new threshold 2 (max 4)
- age   1:    1237544 bytes,    1237544 total
- age   2:     949976 bytes,    2187520 total
- age   3:      78128 bytes,    2265648 total
 35895K->20942K(83392K), 0.0024588 secs]
22.199: [GC
Desired survivor size 1343488 bytes, new threshold 2 (max 4)
- age   1:     468248 bytes,     468248 total
- age   2:    1157176 bytes,    1625424 total
 36936K->21112K(83392K), 0.0032214 secs]
22.218: [GC
Desired survivor size 1343488 bytes, new threshold 4 (max 4)
- age   1:     800968 bytes,     800968 total
- age   2:     383200 bytes,    1184168 total
 37099K->21129K(83392K), 0.0019899 secs]
22.234: [GC
Desired survivor size 1343488 bytes, new threshold 4 (max 4)
- age   1:     200432 bytes,     200432 total
- age   2:     675256 bytes,     875688 total
- age   3:     383200 bytes,    1258888 total
 37105K->21200K(83392K), 0.0016966 secs]
22.253: [GC
Desired survivor size 1343488 bytes, new threshold 4 (max 4)
- age   1:     674144 bytes,     674144 total
- age   2:      58624 bytes,     732768 total
- age   3:      39264 bytes,     772032 total
- age   4:     383200 bytes,    1155232 total
 37200K->21103K(83392K), 0.0015744 secs]
22.268: [GC
Desired survivor size 1343488 bytes, new threshold 4 (max 4)
- age   1:     356072 bytes,     356072 total
- age   2:     535120 bytes,     891192 total
- age   3:      58624 bytes,     949816 total
- age   4:      39152 bytes,     988968 total
 37039K->21091K(83392K), 0.0032112 secs]
22.284: [GC
Desired survivor size 1343488 bytes, new threshold 4 (max 4)
- age   1:     292304 bytes,     292304 total
- age   2:     274888 bytes,     567192 total
- age   3:     164056 bytes,     731248 total
- age   4:      58624 bytes,     789872 total
 37054K->20940K(83392K), 0.0022123 secs]
22.299: [GC
Desired survivor size 1343488 bytes, new threshold 4 (max 4)
- age   1:     249064 bytes,     249064 total
- age   2:     207664 bytes,     456728 total
- age   3:     274888 bytes,     731616 total
- age   4:     164056 bytes,     895672 total
 36916K->21041K(83392K), 0.0016531 secs]
22.317: [GC
Desired survivor size 1343488 bytes, new threshold 4 (max 4)
- age   1:     254208 bytes,     254208 total
- age   2:     120432 bytes,     374640 total
- age   3:     207016 bytes,     581656 total
- age   4:     274888 bytes,     856544 total
 37008K->21164K(83392K), 0.0022603 secs]
22.339: [GC
Desired survivor size 1343488 bytes, new threshold 4 (max 4)
- age   1:     407936 bytes,     407936 total
- age   2:     150624 bytes,     558560 total
- age   3:     120432 bytes,     678992 total
- age   4:       1960 bytes,     680952 total
 37164K->20996K(83392K), 0.0013921 secs]
22.356: [GC
Desired survivor size 1343488 bytes, new threshold 4 (max 4)
- age   1:     554032 bytes,     554032 total
- age   2:     302696 bytes,     856728 total
- age   3:     150304 bytes,    1007032 total
 36982K->21327K(83392K), 0.0019285 secs]
22.371: [GC
Desired survivor size 1343488 bytes, new threshold 4 (max 4)
- age   1:     401240 bytes,     401240 total
- age   2:     370928 bytes,     772168 total
- age   3:      93120 bytes,     865288 total
- age   4:      80224 bytes,     945512 total
 37268K->21270K(83392K), 0.0017481 secs]
22.390: [GC
Desired survivor size 1343488 bytes, new threshold 4 (max 4)
- age   1:     582256 bytes,     582256 total
- age   2:     126840 bytes,     709096 total
- age   3:     127464 bytes,     836560 total
- age   4:      19104 bytes,     855664 total
 37270K->21272K(83392K), 0.0016847 secs]
22.403: [GC
Desired survivor size 1343488 bytes, new threshold 4 (max 4)
- age   1:     287888 bytes,     287888 total
- age   2:     443952 bytes,     731840 total
- age   3:      59624 bytes,     791464 total
- age   4:     102432 bytes,     893896 total
 37201K->21314K(83392K), 0.0019545 secs]
22.419: [GC
Desired survivor size 1343488 bytes, new threshold 4 (max 4)
- age   1:     574304 bytes,     574304 total
- age   2:     153296 bytes,     727600 total
- age   3:     180704 bytes,     908304 total
 37311K->21421K(83392K), 0.0015941 secs]
22.434: [GC
Desired survivor size 1343488 bytes, new threshold 4 (max 4)
- age   1:     738864 bytes,     738864 total
- age   2:     556816 bytes,    1295680 total
- age   3:      14320 bytes,    1310000 total
- age   4:      17512 bytes,    1327512 total
 37414K->21834K(83392K), 0.0023886 secs]
22.448: [GC
Desired survivor size 1343488 bytes, new threshold 4 (max 4)
- age   1:     150728 bytes,     150728 total
- age   2:     708752 bytes,     859480 total
- age   3:     473184 bytes,    1332664 total
- age   4:      14320 bytes,    1346984 total
 37833K->21866K(83392K), 0.0022052 secs]
22.462: [GC
Desired survivor size 1343488 bytes, new threshold 4 (max 4)
- age   1:     452632 bytes,     452632 total
- age   2:     112568 bytes,     565200 total
- age   3:     708752 bytes,    1273952 total
- age   4:      82808 bytes,    1356760 total
 37840K->21937K(83392K), 0.0026865 secs]
22.478: [GC
Desired survivor size 1343488 bytes, new threshold 4 (max 4)
- age   1:     200544 bytes,     200544 total
- age   2:     364432 bytes,     564976 total
- age   3:      20032 bytes,     585008 total
- age   4:     454104 bytes,    1039112 total
 37926K->21650K(83392K), 0.0016174 secs]
22.498: [GC
Desired survivor size 1343488 bytes, new threshold 4 (max 4)
- age   1:     379176 bytes,     379176 total
- age   2:      61808 bytes,     440984 total
- age   3:     290656 bytes,     731640 total
- age   4:      20032 bytes,     751672 total
 37631K->21578K(83392K), 0.0026420 secs]
22.512: [GC
Desired survivor size 1343488 bytes, new threshold 4 (max 4)
- age   1:     262304 bytes,     262304 total
- age   2:     298384 bytes,     560688 total
- age   3:      61808 bytes,     622496 total
- age   4:     290656 bytes,     913152 total
 37578K->21748K(83392K), 0.0020411 secs]
22.529: [GC
Desired survivor size 1343488 bytes, new threshold 4 (max 4)
- age   1:     389632 bytes,     389632 total
- age   2:     183448 bytes,     573080 total
- age   3:     218616 bytes,     791696 total
- age   4:      61808 bytes,     853504 total
 37727K->21688K(83392K), 0.0018443 secs]
22.543: [GC
Desired survivor size 1343488 bytes, new threshold 4 (max 4)
- age   1:     305016 bytes,     305016 total
- age   2:     170384 bytes,     475400 total
- age   3:     183368 bytes,     658768 total
- age   4:      57016 bytes,     715784 total
 37688K->21621K(83392K), 0.0013620 secs]
22.556: [GC
Desired survivor size 1343488 bytes, new threshold 4 (max 4)
- age   1:     443912 bytes,     443912 total
- age   2:     139024 bytes,     582936 total
- age   3:     169840 bytes,     752776 total
- age   4:       7912 bytes,     760688 total
 37617K->21724K(83392K), 0.0016530 secs]
22.571: [GC
Desired survivor size 1343488 bytes, new threshold 4 (max 4)
- age   1:     261744 bytes,     261744 total
- age   2:     422696 bytes,     684440 total
- age   3:      70816 bytes,     755256 total
- age   4:     169840 bytes,     925096 total
 37718K->21883K(83392K), 0.0015504 secs]
22.585: [GC
Desired survivor size 1343488 bytes, new threshold 4 (max 4)
- age   1:     527312 bytes,     527312 total
- age   2:     246744 bytes,     774056 total
- age   3:     337368 bytes,    1111424 total
 37851K->22233K(83392K), 0.0017018 secs]
22.598: [GC
Desired survivor size 1343488 bytes, new threshold 4 (max 4)
- age   1:     244704 bytes,     244704 total
- age   2:     476488 bytes,     721192 total
- age   3:      41672 bytes,     762864 total
 38233K->21892K(83392K), 0.0015470 secs]
22.613: [GC
Desired survivor size 1343488 bytes, new threshold 4 (max 4)
- age   1:     423488 bytes,     423488 total
- age   2:     203256 bytes,     626744 total
- age   3:     243112 bytes,     869856 total
- age   4:      41672 bytes,     911528 total
 37815K->22038K(83392K), 0.0022988 secs]
22.628: [GC
Desired survivor size 1343488 bytes, new threshold 4 (max 4)
- age   1:     777856 bytes,     777856 total
- age   2:     260152 bytes,    1038008 total
- age   3:      79672 bytes,    1117680 total
- age   4:     243112 bytes,    1360792 total
 38028K->22519K(83392K), 0.0017613 secs]
22.641: [GC
Desired survivor size 1343488 bytes, new threshold 4 (max 4)
- age   1:     163768 bytes,     163768 total
- age   2:     382920 bytes,     546688 total
- age   3:     260152 bytes,     806840 total
- age   4:      79672 bytes,     886512 total
 38487K->22289K(83392K), 0.0020618 secs]
22.656: [GC
Desired survivor size 1343488 bytes, new threshold 4 (max 4)
- age   1:     426032 bytes,     426032 total
- age   2:      78720 bytes,     504752 total
- age   3:     222968 bytes,     727720 total
- age   4:      80408 bytes,     808128 total
 38233K->22211K(83392K), 0.0018555 secs]
22.677: [GC
Desired survivor size 1343488 bytes, new threshold 4 (max 4)
- age   1:     186872 bytes,     186872 total
- age   2:     109256 bytes,     296128 total
- age   3:      78720 bytes,     374848 total
- age   4:     222968 bytes,     597816 total
 38211K->22084K(83392K), 0.0019898 secs]
22.694: [GC
Desired survivor size 1343488 bytes, new threshold 4 (max 4)
- age   1:     379944 bytes,     379944 total
- age   2:     105064 bytes,     485008 total
- age   3:     108552 bytes,     593560 total
- age   4:      78720 bytes,     672280 total
 38084K->22378K(83392K), 0.0021419 secs]
22.707: [GC
Desired survivor size 1343488 bytes, new threshold 4 (max 4)
- age   1:     512720 bytes,     512720 total
- age   2:     379944 bytes,     892664 total
- age   3:      17920 bytes,     910584 total
- age   4:        120 bytes,     910704 total
 38365K->22611K(83392K), 0.0015201 secs]
22.720: [GC
Desired survivor size 1343488 bytes, new threshold 4 (max 4)
- age   1:     445208 bytes,     445208 total
- age   2:      37616 bytes,     482824 total
- age   3:     379944 bytes,     862768 total
- age   4:      17920 bytes,     880688 total
 38579K->22594K(83392K), 0.0017216 secs]
22.733: [GC
Desired survivor size 1343488 bytes, new threshold 4 (max 4)
- age   1:     266296 bytes,     266296 total
- age   2:      83736 bytes,     350032 total
- age   3:      37616 bytes,     387648 total
- age   4:     379944 bytes,     767592 total
 38557K->22499K(83392K), 0.0015663 secs]
22.747: [GC
Desired survivor size 1343488 bytes, new threshold 4 (max 4)
- age   1:     667744 bytes,     667744 total
- age   2:     118248 bytes,     785992 total
- age   3:      83736 bytes,     869728 total
- age   4:      37616 bytes,     907344 total
 38489K->23002K(83392K), 0.0017565 secs]
22.761: [GC
Desired survivor size 1343488 bytes, new threshold 4 (max 4)
- age   1:     509592 bytes,     509592 total
- age   2:     248536 bytes,     758128 total
 38975K->22886K(83392K), 0.0016051 secs]
22.774: [GC
Desired survivor size 1343488 bytes, new threshold 4 (max 4)
- age   1:     543672 bytes,     543672 total
- age   2:      61872 bytes,     605544 total
- age   3:     248536 bytes,     854080 total
 38872K->22979K(83392K), 0.0016285 secs]
22.789: [GC
Desired survivor size 1343488 bytes, new threshold 4 (max 4)
- age   1:     654288 bytes,     654288 total
- age   2:      82648 bytes,     736936 total
- age   3:      61872 bytes,     798808 total
- age   4:     248536 bytes,    1047344 total
 38956K->23168K(83392K), 0.0014250 secs]
22.803: [GC
Desired survivor size 1343488 bytes, new threshold 4 (max 4)
- age   1:     397976 bytes,     397976 total
- age   2:     332584 bytes,     730560 total
- age   4:      61872 bytes,     792432 total
 39168K->23162K(83392K), 0.0016800 secs]
22.820: [GC
Desired survivor size 1343488 bytes, new threshold 4 (max 4)
- age   1:     286680 bytes,     286680 total
- age   2:     136368 bytes,     423048 total
- age   3:     332584 bytes,     755632 total
 39162K->23186K(83392K), 0.0015050 secs]
22.837: [GC
Desired survivor size 1343488 bytes, new threshold 4 (max 4)
- age   1:     510512 bytes,     510512 total
- age   2:     278784 bytes,     789296 total
- age   3:     136368 bytes,     925664 total
- age   4:     332584 bytes,    1258248 total
 39163K->23680K(83392K), 0.0027761 secs]
22.856: [GC
Desired survivor size 1343488 bytes, new threshold 4 (max 4)
- age   1:     388624 bytes,     388624 total
- age   2:     506920 bytes,     895544 total
- age   3:     277976 bytes,    1173520 total
- age   4:       3672 bytes,    1177192 total
 39672K->23784K(83392K), 0.0017426 secs]
22.872: [GC
Desired survivor size 1343488 bytes, new threshold 4 (max 4)
- age   1:     409416 bytes,     409416 total
- age   2:     204832 bytes,     614248 total
- age   3:     506920 bytes,    1121168 total
- age   4:     277976 bytes,    1399144 total
 39784K->24010K(83392K), 0.0023074 secs]
22.887: [GC
Desired survivor size 1343488 bytes, new threshold 4 (max 4)
- age   1:     782656 bytes,     782656 total
- age   2:     234696 bytes,    1017352 total
- age   3:     204832 bytes,    1222184 total
- age   4:     506920 bytes,    1729104 total
 39992K->24387K(83392K), 0.0024974 secs]
22.901: [GC
Desired survivor size 1343488 bytes, new threshold 4 (max 4)
- age   1:     511184 bytes,     511184 total
- age   2:     284600 bytes,     795784 total
- age   3:     234696 bytes,    1030480 total
- age   4:     204832 bytes,    1235312 total
 40358K->24400K(83392K), 0.0021420 secs]
22.915: [GC
Desired survivor size 1343488 bytes, new threshold 4 (max 4)
- age   1:     489992 bytes,     489992 total
- age   2:     343368 bytes,     833360 total
- age   3:     238280 bytes,    1071640 total
- age   4:     104168 bytes,    1175808 total
 40303K->24555K(83392K), 0.0019131 secs]
22.928: [GC
Desired survivor size 1343488 bytes, new threshold 4 (max 4)
- age   1:     344752 bytes,     344752 total
- age   2:     246576 bytes,     591328 total
- age   3:     343368 bytes,     934696 total
- age   4:     169320 bytes,    1104016 total
 40459K->24570K(83392K), 0.0019995 secs]
22.943: [GC
Desired survivor size 1343488 bytes, new threshold 4 (max 4)
- age   1:     362024 bytes,     362024 total
- age   2:     209632 bytes,     571656 total
- age   4:     343368 bytes,     915024 total
 40560K->24542K(83392K), 0.0016298 secs]
22.960: [GC
Desired survivor size 1343488 bytes, new threshold 3 (max 4)
- age   1:     864112 bytes,     864112 total
- age   2:     299920 bytes,    1164032 total
- age   3:     209632 bytes,    1373664 total
 40542K->24988K(83392K), 0.0030367 secs]
22.974: [GC
Desired survivor size 1343488 bytes, new threshold 3 (max 4)
- age   1:     476120 bytes,     476120 total
- age   2:     864112 bytes,    1340232 total
- age   3:      77440 bytes,    1417672 total
 40982K->25031K(83392K), 0.0022030 secs]
22.994: [GC
Desired survivor size 1343488 bytes, new threshold 4 (max 4)
- age   1:     336672 bytes,     336672 total
- age   2:     187968 bytes,     524640 total
- age   3:     604312 bytes,    1128952 total
 41031K->24825K(83392K), 0.0023241 secs]
23.010: [GC
Desired survivor size 1343488 bytes, new threshold 4 (max 4)
- age   1:     453864 bytes,     453864 total
- age   2:     297408 bytes,     751272 total
- age   3:      44920 bytes,     796192 total
- age   4:     471912 bytes,    1268104 total
 40793K->24961K(83392K), 0.0030967 secs]
23.026: [GC
Desired survivor size 1343488 bytes, new threshold 4 (max 4)
- age   1:     324632 bytes,     324632 total
- age   2:     193520 bytes,     518152 total
- age   3:      82704 bytes,     600856 total
- age   4:      44888 bytes,     645744 total
 40961K->24751K(83392K), 0.0019319 secs]
23.042: [GC
Desired survivor size 1343488 bytes, new threshold 4 (max 4)
- age   1:     283608 bytes,     283608 total
- age   2:     178344 bytes,     461952 total
- age   3:     144632 bytes,     606584 total
- age   4:      82704 bytes,     689288 total
 40744K->24837K(83392K), 0.0012586 secs]
23.058: [GC
Desired survivor size 1343488 bytes, new threshold 4 (max 4)
- age   1:     687400 bytes,     687400 total
- age   2:     106536 bytes,     793936 total
- age   4:     107344 bytes,     901280 total
 40837K->25054K(83392K), 0.0020016 secs]
23.076: [GC
Desired survivor size 1343488 bytes, new threshold 4 (max 4)
- age   1:     345648 bytes,     345648 total
- age   2:     453000 bytes,     798648 total
- age   3:     106536 bytes,     905184 total
 41048K->25180K(83392K), 0.0017021 secs]
23.090: [GC
Desired survivor size 1343488 bytes, new threshold 4 (max 4)
- age   1:     704240 bytes,     704240 total
- age   2:     250768 bytes,     955008 total
- age   3:      79248 bytes,    1034256 total
- age   4:      15944 bytes,    1050200 total
 41171K->25327K(83392K), 0.0017195 secs]
23.104: [GC
Desired survivor size 1343488 bytes, new threshold 3 (max 4)
- age   1:     623632 bytes,     623632 total
- age   2:     583264 bytes,    1206896 total
- age   3:     219008 bytes,    1425904 total
- age   4:      23464 bytes,    1449368 total
 41312K->25728K(83392K), 0.0019057 secs]
23.121: [GC
Desired survivor size 1343488 bytes, new threshold 4 (max 4)
- age   1:     446296 bytes,     446296 total
- age   2:      44216 bytes,     490512 total
- age   3:     547728 bytes,    1038240 total
 41663K->25497K(83392K), 0.0021705 secs]
23.136: [GC
Desired survivor size 1343488 bytes, new threshold 4 (max 4)
- age   1:     746944 bytes,     746944 total
- age   2:     363824 bytes,    1110768 total
- age   4:     227824 bytes,    1338592 total
 41418K->25772K(83392K), 0.0019755 secs]
23.150: [GC
Desired survivor size 1343488 bytes, new threshold 4 (max 4)
- age   1:     525128 bytes,     525128 total
- age   2:     334560 bytes,     859688 total
- age   3:     363824 bytes,    1223512 total
 41722K->25830K(83392K), 0.0016455 secs]
23.163: [GC
Desired survivor size 1343488 bytes, new threshold 4 (max 4)
- age   1:     549304 bytes,     549304 total
- age   2:     446144 bytes,     995448 total
- age   3:     159160 bytes,    1154608 total
- age   4:     271720 bytes,    1426328 total
 41801K->26009K(83392K), 0.0025568 secs]
23.179: [GC
Desired survivor size 1343488 bytes, new threshold 4 (max 4)
- age   1:     147160 bytes,     147160 total
- age   2:     466640 bytes,     613800 total
- age   3:     446144 bytes,    1059944 total
- age   4:     159160 bytes,    1219104 total
 41989K->25878K(83392K), 0.0020776 secs]
23.196: [GC
Desired survivor size 1343488 bytes, new threshold 4 (max 4)
- age   1:     371120 bytes,     371120 total
- age   2:      85136 bytes,     456256 total
- age   3:     466640 bytes,     922896 total
- age   4:     446144 bytes,    1369040 total
 41876K->26180K(83392K), 0.0023255 secs]
23.209: [GC
Desired survivor size 1343488 bytes, new threshold 4 (max 4)
- age   1:     489888 bytes,     489888 total
- age   2:     311488 bytes,     801376 total
- age   3:      85136 bytes,     886512 total
- age   4:     141544 bytes,    1028056 total
 42154K->26281K(83392K), 0.0031145 secs]
23.224: [GC
Desired survivor size 1343488 bytes, new threshold 4 (max 4)
- age   1:     428120 bytes,     428120 total
- age   2:     448960 bytes,     877080 total
- age   3:     311488 bytes,    1188568 total
- age   4:      85136 bytes,    1273704 total
 42265K->26523K(83392K), 0.0020822 secs]
23.238: [GC
Desired survivor size 1343488 bytes, new threshold 4 (max 4)
- age   1:     701912 bytes,     701912 total
- age   2:     190496 bytes,     892408 total
- age   3:     448960 bytes,    1341368 total
- age   4:     311488 bytes,    1652856 total
 42513K->26893K(83392K), 0.0020734 secs]
23.255: [GC
Desired survivor size 1343488 bytes, new threshold 3 (max 4)
- age   1:     578392 bytes,     578392 total
- age   2:     677656 bytes,    1256048 total
- age   3:     190496 bytes,    1446544 total
 42879K->26930K(83392K), 0.0020687 secs]
23.273: [GC
Desired survivor size 1343488 bytes, new threshold 4 (max 4)
- age   1:     475960 bytes,     475960 total
- age   2:     509328 bytes,     985288 total
- age   3:     293032 bytes,    1278320 total
 42906K->26905K(83392K), 0.0017630 secs]
23.286: [GC
Desired survivor size 1343488 bytes, new threshold 4 (max 4)
- age   1:     274448 bytes,     274448 total
- age   2:     420024 bytes,     694472 total
- age   3:     221496 bytes,     915968 total
- age   4:     293032 bytes,    1209000 total
 42872K->26838K(83392K), 0.0019975 secs]
23.301: [GC
Desired survivor size 1343488 bytes, new threshold 4 (max 4)
- age   1:     235336 bytes,     235336 total
- age   2:     205056 bytes,     440392 total
- age   3:     420024 bytes,     860416 total
 42800K->26783K(83392K), 0.0023507 secs]
23.315: [GC
Desired survivor size 1343488 bytes, new threshold 4 (max 4)
- age   1:     380600 bytes,     380600 total
- age   2:     166160 bytes,     546760 total
- age   4:     420024 bytes,     966784 total
 42730K->26887K(83392K), 0.0024503 secs]
23.328: [GC
Desired survivor size 1343488 bytes, new threshold 4 (max 4)
- age   1:     751664 bytes,     751664 total
- age   2:     306920 bytes,    1058584 total
- age   3:     166160 bytes,    1224744 total
 42871K->27221K(83392K), 0.0021341 secs]
23.356: [GC
Desired survivor size 1343488 bytes, new threshold 3 (max 4)
- age   1:     583616 bytes,     583616 total
- age   2:     699240 bytes,    1282856 total
- age   3:     306920 bytes,    1589776 total
- age   4:     166160 bytes,    1755936 total
 43217K->27741K(83392K), 0.0026311 secs]
23.374: [GC
Desired survivor size 1343488 bytes, new threshold 3 (max 4)
- age   1:     368368 bytes,     368368 total
- age   2:     470904 bytes,     839272 total
- age   3:     543592 bytes,    1382864 total
 43729K->27741K(83392K), 0.0044689 secs]
23.390: [GC
Desired survivor size 1343488 bytes, new threshold 4 (max 4)
- age   1:     449896 bytes,     449896 total
- age   2:     335112 bytes,     785008 total
- age   3:     470904 bytes,    1255912 total
 43699K->28149K(83392K), 0.0026803 secs]
23.405: [GC
Desired survivor size 1343488 bytes, new threshold 4 (max 4)
- age   1:     428296 bytes,     428296 total
- age   2:     255936 bytes,     684232 total
- age   3:     335112 bytes,    1019344 total
- age   4:     470904 bytes,    1490248 total
 44113K->28379K(83392K), 0.0021168 secs]
23.419: [GC
Desired survivor size 1343488 bytes, new threshold 4 (max 4)
- age   1:     347088 bytes,     347088 total
- age   2:     375480 bytes,     722568 total
- age   3:     255936 bytes,     978504 total
- age   4:     145224 bytes,    1123728 total
 44349K->28482K(83392K), 0.0022427 secs]
23.438: [GC
Desired survivor size 1343488 bytes, new threshold 4 (max 4)
- age   1:     423984 bytes,     423984 total
- age   2:     224656 bytes,     648640 total
- age   3:     375480 bytes,    1024120 total
- age   4:     255936 bytes,    1280056 total
 44480K->28628K(83392K), 0.0016552 secs]
23.453: [GC
Desired survivor size 1343488 bytes, new threshold 4 (max 4)
- age   1:     194416 bytes,     194416 total
- age   2:      73776 bytes,     268192 total
- age   3:     224656 bytes,     492848 total
- age   4:     211408 bytes,     704256 total
 44614K->28315K(83392K), 0.0017599 secs]
23.472: [GC
Desired survivor size 1343488 bytes, new threshold 4 (max 4)
- age   1:     207568 bytes,     207568 total
- age   2:      86768 bytes,     294336 total
- age   3:      73040 bytes,     367376 total
- age   4:     224656 bytes,     592032 total
 44299K->28413K(83392K), 0.0028997 secs]
23.491: [GC
Desired survivor size 1343488 bytes, new threshold 4 (max 4)
- age   1:     211736 bytes,     211736 total
- age   2:      38536 bytes,     250272 total
- age   3:      86768 bytes,     337040 total
- age   4:      73040 bytes,     410080 total
 44408K->28458K(83392K), 0.0013044 secs]
23.509: [GC
Desired survivor size 1343488 bytes, new threshold 4 (max 4)
- age   1:     485744 bytes,     485744 total
- age   2:     101632 bytes,     587376 total
- age   3:      38536 bytes,     625912 total
- age   4:      86768 bytes,     712680 total
 44457K->28830K(83392K), 0.0020461 secs]
23.527: [GC
Desired survivor size 1343488 bytes, new threshold 4 (max 4)
- age   1:     180616 bytes,     180616 total
- age   2:     195344 bytes,     375960 total
- age   3:     101632 bytes,     477592 total
- age   4:        704 bytes,     478296 total
 44786K->28678K(83392K), 0.0014032 secs]
23.542: [GC
Desired survivor size 1343488 bytes, new threshold 4 (max 4)
- age   1:     381888 bytes,     381888 total
- age   2:     119960 bytes,     501848 total
- age   3:     195344 bytes,     697192 total
- age   4:     101632 bytes,     798824 total
 44678K->28989K(83392K), 0.0014457 secs]
23.559: [GC
Desired survivor size 1343488 bytes, new threshold 4 (max 4)
- age   1:     374048 bytes,     374048 total
- age   2:     367552 bytes,     741600 total
- age   3:     119960 bytes,     861560 total
- age   4:     195344 bytes,    1056904 total
 44987K->29341K(83392K), 0.0028496 secs]
23.577: [GC
Desired survivor size 1343488 bytes, new threshold 4 (max 4)
- age   1:     216968 bytes,     216968 total
- age   2:     167448 bytes,     384416 total
- age   3:     367552 bytes,     751968 total
- age   4:     119960 bytes,     871928 total
 45334K->29353K(83392K), 0.0024157 secs]
23.598: [GC
Desired survivor size 1343488 bytes, new threshold 4 (max 4)
- age   1:     533648 bytes,     533648 total
- age   2:      74272 bytes,     607920 total
- age   3:     167448 bytes,     775368 total
- age   4:     367552 bytes,    1142920 total
 45308K->29742K(83392K), 0.0028852 secs]
23.614: [GC
Desired survivor size 1343488 bytes, new threshold 4 (max 4)
- age   1:     798992 bytes,     798992 total
- age   2:     296064 bytes,    1095056 total
- age   3:        144 bytes,    1095200 total
- age   4:     167448 bytes,    1262648 total
 45685K->30207K(83392K), 0.0063313 secs]
23.634: [GC
Desired survivor size 1343488 bytes, new threshold 2 (max 4)
- age   1:     890528 bytes,     890528 total
- age   2:     556856 bytes,    1447384 total
- age   3:     293856 bytes,    1741240 total
- age   4:        144 bytes,    1741384 total
 46158K->30837K(83392K), 0.0052880 secs]
23.650: [GC
Desired survivor size 1343488 bytes, new threshold 4 (max 4)
- age   1:     413616 bytes,     413616 total
- age   2:     812552 bytes,    1226168 total
 46835K->31051K(83392K), 0.0034589 secs]
23.666: [GC
Desired survivor size 1343488 bytes, new threshold 3 (max 4)
- age   1:     772392 bytes,     772392 total
- age   2:     170152 bytes,     942544 total
- age   3:     812552 bytes,    1755096 total
 46975K->31566K(83392K), 0.0027531 secs]
23.683: [GC
Desired survivor size 1343488 bytes, new threshold 4 (max 4)
- age   1:     444872 bytes,     444872 total
- age   2:     688656 bytes,    1133528 total
 47470K->31708K(83392K), 0.0024832 secs]
23.701: [GC
Desired survivor size 1343488 bytes, new threshold 4 (max 4)
- age   1:     157112 bytes,     157112 total
- age   2:     359832 bytes,     516944 total
- age   3:     625336 bytes,    1142280 total
 47708K->31716K(83392K), 0.0020437 secs]
23.722: [GC
Desired survivor size 1343488 bytes, new threshold 4 (max 4)
- age   1:     466312 bytes,     466312 total
- age   2:      88672 bytes,     554984 total
- age   3:     359832 bytes,     914816 total
- age   4:     625336 bytes,    1540152 total
 47710K->32104K(83392K), 0.0024013 secs]
23.737: [GC
Desired survivor size 1343488 bytes, new threshold 4 (max 4)
- age   1:     524160 bytes,     524160 total
- age   2:     453472 bytes,     977632 total
- age   3:      88672 bytes,    1066304 total
- age   4:     359832 bytes,    1426136 total
 48097K->32607K(83392K), 0.0027457 secs]
23.751: [GC
Desired survivor size 1343488 bytes, new threshold 4 (max 4)
- age   1:     339944 bytes,     339944 total
- age   2:     428264 bytes,     768208 total
- age   3:     304256 bytes,    1072464 total
- age   4:      88672 bytes,    1161136 total
 48580K->32698K(83392K), 0.0030842 secs]
23.770: [GC
Desired survivor size 1343488 bytes, new threshold 4 (max 4)
- age   1:     134432 bytes,     134432 total
- age   2:     288144 bytes,     422576 total
- age   3:     428264 bytes,     850840 total
- age   4:     300160 bytes,    1151000 total
 48688K->32798K(83392K), 0.0016325 secs]
23.783: [GC
Desired survivor size 1343488 bytes, new threshold 4 (max 4)
- age   1:     471776 bytes,     471776 total
- age   2:     116640 bytes,     588416 total
- age   3:     288144 bytes,     876560 total
- age   4:     428264 bytes,    1304824 total
 48795K->33101K(83392K), 0.0035886 secs]
23.800: [GC
Desired survivor size 1343488 bytes, new threshold 4 (max 4)
- age   1:     392984 bytes,     392984 total
- age   2:     315632 bytes,     708616 total
- age   3:     116640 bytes,     825256 total
- age   4:     288144 bytes,    1113400 total
 49051K->33327K(83392K), 0.0029642 secs]
23.817: [GC
Desired survivor size 1343488 bytes, new threshold 4 (max 4)
- age   1:     549864 bytes,     549864 total
- age   2:     334696 bytes,     884560 total
- age   3:     315632 bytes,    1200192 total
- age   4:     116640 bytes,    1316832 total
 49321K->33790K(83392K), 0.0038363 secs]
23.832: [GC
Desired survivor size 1343488 bytes, new threshold 4 (max 4)
- age   1:     344624 bytes,     344624 total
- age   2:     458328 bytes,     802952 total
- age   3:      75912 bytes,     878864 total
- age   4:     239760 bytes,    1118624 total
 49780K->33712K(83392K), 0.0026371 secs]
23.848: [GC
Desired survivor size 1343488 bytes, new threshold 4 (max 4)
- age   1:     339600 bytes,     339600 total
- age   2:     258784 bytes,     598384 total
- age   3:     458328 bytes,    1056712 total
 49661K->33834K(83392K), 0.0020847 secs]
23.863: [GC
Desired survivor size 1343488 bytes, new threshold 4 (max 4)
- age   1:     748720 bytes,     748720 total
- age   2:     261328 bytes,    1010048 total
- age   3:     258784 bytes,    1268832 total
- age   4:     373776 bytes,    1642608 total
 49825K->34406K(83392K), 0.0032346 secs]
23.879: [GC
Desired survivor size 1343488 bytes, new threshold 4 (max 4)
- age   1:     792768 bytes,     792768 total
- age   2:     353336 bytes,    1146104 total
- age   3:     155264 bytes,    1301368 total
- age   4:     258784 bytes,    1560152 total
 50397K->34691K(83392K), 0.0038434 secs]
23.894: [GC
Desired survivor size 1343488 bytes, new threshold 4 (max 4)
- age   1:     420768 bytes,     420768 total
- age   2:     583432 bytes,    1004200 total
- age   3:     196728 bytes,    1200928 total
- age   4:     155264 bytes,    1356192 total
 50674K->34747K(83392K), 0.0022853 secs]
23.908: [GC
Desired survivor size 1343488 bytes, new threshold 4 (max 4)
- age   1:     120376 bytes,     120376 total
- age   2:     263344 bytes,     383720 total
- age   3:     583432 bytes,     967152 total
- age   4:     136120 bytes,    1103272 total
 50676K->34652K(83392K), 0.0026648 secs]
23.922: [GC
Desired survivor size 1343488 bytes, new threshold 4 (max 4)
- age   1:     632480 bytes,     632480 total
- age   3:     101744 bytes,     734224 total
- age   4:     583432 bytes,    1317656 total
 50633K->34994K(83392K), 0.0018985 secs]
23.937: [GC
Desired survivor size 1343488 bytes, new threshold 2 (max 4)
- age   1:     956888 bytes,     956888 total
- age   2:     408144 bytes,    1365032 total
- age   4:     101744 bytes,    1466776 total
 50994K->35708K(83392K), 0.0021854 secs]
23.953: [GC
Desired survivor size 1343488 bytes, new threshold 4 (max 4)
- age   1:     455568 bytes,     455568 total
- age   2:     816120 bytes,    1271688 total
 51662K->35682K(83392K), 0.0020291 secs]
23.972: [GC
Desired survivor size 1343488 bytes, new threshold 4 (max 4)
- age   1:     133944 bytes,     133944 total
- age   2:     334440 bytes,     468384 total
- age   3:     816120 bytes,    1284504 total
 51673K->35693K(83392K), 0.0028262 secs]
23.989: [GC
Desired survivor size 1343488 bytes, new threshold 4 (max 4)
- age   1:     490128 bytes,     490128 total
- age   2:      14280 bytes,     504408 total
- age   3:     334440 bytes,     838848 total
- age   4:     516688 bytes,    1355536 total
 51685K->35766K(83392K), 0.0034513 secs]
24.006: [GC
Desired survivor size 1343488 bytes, new threshold 4 (max 4)
- age   1:     614728 bytes,     614728 total
- age   2:     448600 bytes,    1063328 total
- age   3:      14240 bytes,    1077568 total
- age   4:      81696 bytes,    1159264 total
 51694K->35863K(83392K), 0.0020513 secs]
24.023: [GC
Desired survivor size 1343488 bytes, new threshold 4 (max 4)
- age   1:     506840 bytes,     506840 total
- age   2:     567520 bytes,    1074360 total
- age   3:      83368 bytes,    1157728 total
- age   4:      12680 bytes,    1170408 total
 51852K->35951K(83392K), 0.0017813 secs]
24.041: [GC
Desired survivor size 1343488 bytes, new threshold 4 (max 4)
- age   1:     174416 bytes,     174416 total
- age   2:     495152 bytes,     669568 total
- age   3:     392704 bytes,    1062272 total
- age   4:      83368 bytes,    1145640 total
 51900K->35942K(83392K), 0.0019210 secs]
24.054: [GC
Desired survivor size 1343488 bytes, new threshold 4 (max 4)
- age   1:     221792 bytes,     221792 total
- age   2:     141216 bytes,     363008 total
- age   3:     495152 bytes,     858160 total
- age   4:     180272 bytes,    1038432 total
 51919K->35921K(83392K), 0.0017791 secs]
24.068: [GC
Desired survivor size 1343488 bytes, new threshold 4 (max 4)
- age   1:     526776 bytes,     526776 total
- age   2:     139496 bytes,     666272 total
- age   3:       2856 bytes,     669128 total
- age   4:     495120 bytes,    1164248 total
 51852K->36083K(83392K), 0.0024350 secs]
24.084: [GC
Desired survivor size 1343488 bytes, new threshold 4 (max 4)
- age   1:     364608 bytes,     364608 total
- age   2:     480560 bytes,     845168 total
- age   3:     139496 bytes,     984664 total
- age   4:       2856 bytes,     987520 total
 52079K->36158K(83392K), 0.0022775 secs]
24.098: [GC
Desired survivor size 1343488 bytes, new threshold 4 (max 4)
- age   1:     399384 bytes,     399384 total
- age   2:     245432 bytes,     644816 total
- age   3:     480560 bytes,    1125376 total
- age   4:      44520 bytes,    1169896 total
 52150K->36335K(83392K), 0.0016588 secs]
24.112: [GC
Desired survivor size 1343488 bytes, new threshold 4 (max 4)
- age   1:     163168 bytes,     163168 total
- age   2:     373960 bytes,     537128 total
- age   3:       8584 bytes,     545712 total
- age   4:     480560 bytes,    1026272 total
 52327K->36235K(83392K), 0.0017595 secs]
24.125: [GC
Desired survivor size 1343488 bytes, new threshold 4 (max 4)
- age   1:     449352 bytes,     449352 total
- age   2:       1280 bytes,     450632 total
- age   3:     373960 bytes,     824592 total
- age   4:       8504 bytes,     833096 total
 52190K->36405K(83392K), 0.0018996 secs]
24.140: [GC
Desired survivor size 1343488 bytes, new threshold 4 (max 4)
- age   1:     317624 bytes,     317624 total
- age   2:     290240 bytes,     607864 total
- age   3:       1280 bytes,     609144 total
- age   4:     373960 bytes,     983104 total
 52405K->36557K(83392K), 0.0019055 secs]
24.153: [GC
Desired survivor size 1343488 bytes, new threshold 4 (max 4)
- age   1:     634728 bytes,     634728 total
- age   2:     254256 bytes,     888984 total
- age   3:     290200 bytes,    1179184 total
- age   4:       1280 bytes,    1180464 total
 52548K->37111K(83392K), 0.0028668 secs]
24.169: [GC
Desired survivor size 1343488 bytes, new threshold 4 (max 4)
- age   1:     394784 bytes,     394784 total
- age   2:     532464 bytes,     927248 total
- age   3:     209856 bytes,    1137104 total
- age   4:      64424 bytes,    1201528 total
 53087K->37135K(83392K), 0.0017090 secs]
24.184: [GC
Desired survivor size 1343488 bytes, new threshold 4 (max 4)
- age   1:     498472 bytes,     498472 total
- age   2:     347264 bytes,     845736 total
- age   3:     402616 bytes,    1248352 total
- age   4:     209856 bytes,    1458208 total
 53122K->37450K(83392K), 0.0027535 secs]
24.201: [GC
Desired survivor size 1343488 bytes, new threshold 4 (max 4)
- age   1:     472336 bytes,     472336 total
- age   2:     414136 bytes,     886472 total
- age   3:     347264 bytes,    1233736 total
- age   4:     402616 bytes,    1636352 total
 53399K->37754K(83392K), 0.0020684 secs]
24.215: [GC
Desired survivor size 1343488 bytes, new threshold 4 (max 4)
- age   1:     302944 bytes,     302944 total
- age   2:     326368 bytes,     629312 total
- age   3:     414136 bytes,    1043448 total
- age   4:     347264 bytes,    1390712 total
 53745K->37915K(83392K), 0.0023429 secs]
24.228: [GC
Desired survivor size 1343488 bytes, new threshold 4 (max 4)
- age   1:     389328 bytes,     389328 total
- age   2:     302944 bytes,     692272 total
- age   3:     210408 bytes,     902680 total
- age   4:     414136 bytes,    1316816 total
 53910K->38180K(83392K), 0.0024122 secs]
24.242: [GC
Desired survivor size 1343488 bytes, new threshold 4 (max 4)
- age   1:     524928 bytes,     524928 total
- age   2:     302952 bytes,     827880 total
- age   3:     302944 bytes,    1130824 total
- age   4:     210408 bytes,    1341232 total
 54073K->38375K(83392K), 0.0024071 secs]
24.256: [GC
Desired survivor size 1343488 bytes, new threshold 4 (max 4)
- age   1:     552776 bytes,     552776 total
- age   2:     465304 bytes,    1018080 total
- age   3:     302952 bytes,    1321032 total
- age   4:     170400 bytes,    1491432 total
 54351K->38638K(83392K), 0.0021101 secs]
24.272: [GC
Desired survivor size 1343488 bytes, new threshold 4 (max 4)
- age   1:     110672 bytes,     110672 total
- age   2:     489648 bytes,     600320 total
- age   3:     465304 bytes,    1065624 total
- age   4:     302952 bytes,    1368576 total
 54627K->38681K(83392K), 0.0020936 secs]
24.291: [GC
Desired survivor size 1343488 bytes, new threshold 4 (max 4)
- age   1:     175856 bytes,     175856 total
- age   2:       7056 bytes,     182912 total
- age   3:     404592 bytes,     587504 total
- age   4:     465304 bytes,    1052808 total
 54678K->38667K(83392K), 0.0026183 secs]
24.305: [GC
Desired survivor size 1343488 bytes, new threshold 4 (max 4)
- age   1:     488480 bytes,     488480 total
- age   2:      34264 bytes,     522744 total
- age   3:       7056 bytes,     529800 total
- age   4:     404592 bytes,     934392 total
 54667K->39007K(83392K), 0.0022215 secs]
24.320: [GC
Desired survivor size 1343488 bytes, new threshold 4 (max 4)
- age   1:     240472 bytes,     240472 total
- age   2:     434056 bytes,     674528 total
- age   3:      34264 bytes,     708792 total
- age   4:       7056 bytes,     715848 total
 54979K->39070K(83392K), 0.0018248 secs]
24.334: [GC
Desired survivor size 1343488 bytes, new threshold 4 (max 4)
- age   1:     331064 bytes,     331064 total
- age   2:     121832 bytes,     452896 total
- age   3:     401072 bytes,     853968 total
- age   4:      10960 bytes,     864928 total
 55066K->39231K(83392K), 0.0017202 secs]
24.351: [GC
Desired survivor size 1343488 bytes, new threshold 4 (max 4)
- age   1:     320568 bytes,     320568 total
- age   2:     250176 bytes,     570744 total
- age   3:         32 bytes,     570776 total
- age   4:     401072 bytes,     971848 total
 55231K->39342K(83392K), 0.0017387 secs]
24.366: [GC
Desired survivor size 1343488 bytes, new threshold 4 (max 4)
- age   1:     420424 bytes,     420424 total
- age   2:     276224 bytes,     696648 total
- age   3:     250176 bytes,     946824 total
- age   4:         32 bytes,     946856 total
 55342K->39713K(83392K), 0.0025163 secs]
24.379: [GC
Desired survivor size 1343488 bytes, new threshold 4 (max 4)
- age   1:     716696 bytes,     716696 total
- age   2:     340816 bytes,    1057512 total
- age   3:       2792 bytes,    1060304 total
- age   4:      84992 bytes,    1145296 total
 55690K->39899K(83392K), 0.0017843 secs]
24.393: [GC
Desired survivor size 1343488 bytes, new threshold 4 (max 4)
- age   1:     316496 bytes,     316496 total
- age   2:     651752 bytes,     968248 total
- age   3:     340816 bytes,    1309064 total
- age   4:       2792 bytes,    1311856 total
 55899K->40124K(83392K), 0.0019935 secs]
24.409: [GC
Desired survivor size 1343488 bytes, new threshold 3 (max 4)
- age   1:     843744 bytes,     843744 total
- age   2:     184872 bytes,    1028616 total
- age   3:     651752 bytes,    1680368 total
- age   4:     340816 bytes,    2021184 total
 56124K->40822K(83392K), 0.0024403 secs]
24.424: [GC
Desired survivor size 1343488 bytes, new threshold 4 (max 4)
- age   1:     576672 bytes,     576672 total
- age   2:     566648 bytes,    1143320 total
- age   3:     184872 bytes,    1328192 total
 56799K->40605K(83392K), 0.0023196 secs]
24.439: [GC
Desired survivor size 1343488 bytes, new threshold 4 (max 4)
- age   1:     440184 bytes,     440184 total
- age   2:     514520 bytes,     954704 total
- age   3:     323728 bytes,    1278432 total
- age   4:     184872 bytes,    1463304 total
 56601K->40741K(83392K), 0.0020155 secs]
24.456: [GC
Desired survivor size 1343488 bytes, new threshold 2 (max 4)
- age   1:    1309672 bytes,    1309672 total
- age   2:     314912 bytes,    1624584 total
- age   3:      43696 bytes,    1668280 total
- age   4:     322888 bytes,    1991168 total
 56740K->41305K(83392K), 0.0030530 secs]
24.472: [GC
Desired survivor size 1343488 bytes, new threshold 2 (max 4)
- age   1:     410720 bytes,     410720 total
- age   2:    1247240 bytes,    1657960 total
 57286K->41614K(83392K), 0.0025624 secs]
24.486: [GC
Desired survivor size 1343488 bytes, new threshold 4 (max 4)
- age   1:     297792 bytes,     297792 total
- age   2:     215856 bytes,     513648 total
 57586K->41465K(83392K), 0.0025977 secs]
24.505: [GC
Desired survivor size 1343488 bytes, new threshold 4 (max 4)
- age   1:     633000 bytes,     633000 total
- age   2:     146032 bytes,     779032 total
- age   3:     215856 bytes,     994888 total
 57458K->41928K(83392K), 0.0016541 secs]
24.518: [GC
Desired survivor size 1343488 bytes, new threshold 2 (max 4)
- age   1:     759512 bytes,     759512 total
- age   2:     596256 bytes,    1355768 total
- age   3:     146032 bytes,    1501800 total
- age   4:     215856 bytes,    1717656 total
 57905K->42633K(83392K), 0.0021333 secs]
24.531: [GC
Desired survivor size 1343488 bytes, new threshold 4 (max 4)
- age   1:     407096 bytes,     407096 total
- age   2:     616296 bytes,    1023392 total
 58632K->42831K(83392K), 0.0025146 secs]
24.545: [GC
Desired survivor size 1343488 bytes, new threshold 4 (max 4)
- age   1:     181128 bytes,     181128 total
- age   2:     203584 bytes,     384712 total
- age   3:     616296 bytes,    1001008 total
 58795K->42805K(83392K), 0.0017965 secs]
24.559: [GC
Desired survivor size 1343488 bytes, new threshold 4 (max 4)
- age   1:     229776 bytes,     229776 total
- age   2:      30568 bytes,     260344 total
- age   3:      67224 bytes,     327568 total
- age   4:     616296 bytes,     943864 total
 58787K->42749K(83392K), 0.0015712 secs]
24.572: [GC
Desired survivor size 1343488 bytes, new threshold 4 (max 4)
- age   1:     477576 bytes,     477576 total
- age   2:     111232 bytes,     588808 total
- age   3:      30480 bytes,     619288 total
 58686K->43034K(83392K), 0.0020247 secs]
24.587: [GC
Desired survivor size 1343488 bytes, new threshold 4 (max 4)
- age   1:     653416 bytes,     653416 total
- age   2:     397192 bytes,    1050608 total
- age   3:     111232 bytes,    1161840 total
- age   4:      30480 bytes,    1192320 total
 59017K->43594K(83392K), 0.0019285 secs]
24.604: [GC
Desired survivor size 1343488 bytes, new threshold 3 (max 4)
- age   1:     424920 bytes,     424920 total
- age   2:     568088 bytes,     993008 total
- age   3:     397192 bytes,    1390200 total
- age   4:     111232 bytes,    1501432 total
 59560K->43925K(83392K), 0.0023643 secs]
24.621: [GC
Desired survivor size 1343488 bytes, new threshold 3 (max 4)
- age   1:     999352 bytes,     999352 total
- age   2:     281720 bytes,    1281072 total
- age   3:     568088 bytes,    1849160 total
 59924K->44761K(83392K), 0.0025848 secs]
24.635: [GC
Desired survivor size 1343488 bytes, new threshold 3 (max 4)
- age   1:     372072 bytes,     372072 total
- age   2:     882816 bytes,    1254888 total
- age   3:     170560 bytes,    1425448 total
 60737K->44904K(83392K), 0.0024358 secs]
24.650: [GC
Desired survivor size 1343488 bytes, new threshold 3 (max 4)
- age   1:     622352 bytes,     622352 total
- age   2:     333224 bytes,     955576 total
- age   3:     882816 bytes,    1838392 total
 60889K->45474K(83392K), 0.0028289 secs]
24.668: [GC
Desired survivor size 1343488 bytes, new threshold 3 (max 4)
- age   1:     758872 bytes,     758872 total
- age   2:     554368 bytes,    1313240 total
- age   3:     333224 bytes,    1646464 total
 61447K->46149K(83392K), 0.0028256 secs]
24.682: [GC
Desired survivor size 1343488 bytes, new threshold 3 (max 4)
- age   1:     215880 bytes,     215880 total
- age   2:     686224 bytes,     902104 total
- age   3:     554368 bytes,    1456472 total
 62092K->46291K(83392K), 0.0027308 secs]
24.698: [GC
Desired survivor size 1343488 bytes, new threshold 4 (max 4)
- age   1:     440216 bytes,     440216 total
- age   2:     156528 bytes,     596744 total
- age   3:     311976 bytes,     908720 total
 62284K->46290K(83392K), 0.0019970 secs]
24.712: [GC
Desired survivor size 1343488 bytes, new threshold 4 (max 4)
- age   1:     205696 bytes,     205696 total
- age   2:     440216 bytes,     645912 total
- age   4:     105192 bytes,     751104 total
 62249K->46143K(83392K), 0.0019969 secs]
24.727: [GC
Desired survivor size 1343488 bytes, new threshold 4 (max 4)
- age   1:     770056 bytes,     770056 total
- age   2:      50312 bytes,     820368 total
- age   3:     440216 bytes,    1260584 total
 62129K->46741K(83392K), 0.0019215 secs]
24.742: [GC
Desired survivor size 1343488 bytes, new threshold 4 (max 4)
- age   1:     269392 bytes,     269392 total
- age   2:     602504 bytes,     871896 total
- age   3:      50312 bytes,     922208 total
- age   4:     440216 bytes,    1362424 total
 62741K->46840K(83392K), 0.0018287 secs]
24.758: [GC
Desired survivor size 1343488 bytes, new threshold 4 (max 4)
- age   1:     425608 bytes,     425608 total
- age   2:     230048 bytes,     655656 total
- age   3:     396072 bytes,    1051728 total
- age   4:      50312 bytes,    1102040 total
 62835K->47027K(83392K), 0.0028273 secs]
24.772: [GC
Desired survivor size 1343488 bytes, new threshold 4 (max 4)
- age   1:     789640 bytes,     789640 total
- age   2:     321208 bytes,    1110848 total
- age   3:      36344 bytes,    1147192 total
- age   4:      89216 bytes,    1236408 total
 63016K->47201K(83392K), 0.0018976 secs]
24.786: [GC
Desired survivor size 1343488 bytes, new threshold 3 (max 4)
- age   1:     719536 bytes,     719536 total
- age   2:     541408 bytes,    1260944 total
- age   3:     321208 bytes,    1582152 total
- age   4:       2112 bytes,    1584264 total
 63155K->47622K(83392K), 0.0029222 secs]
24.803: [GC
Desired survivor size 1343488 bytes, new threshold 4 (max 4)
- age   1:     186288 bytes,     186288 total
- age   2:     554864 bytes,     741152 total
- age   3:     541408 bytes,    1282560 total
 63605K->47651K(83392K), 0.0022760 secs]
24.818: [GC
Desired survivor size 1343488 bytes, new threshold 4 (max 4)
- age   1:     451840 bytes,     451840 total
- age   2:     147608 bytes,     599448 total
- age   3:     554864 bytes,    1154312 total
- age   4:     541408 bytes,    1695720 total
 63643K->48046K(83392K), 0.0025860 secs]
24.832: [GC
Desired survivor size 1343488 bytes, new threshold 4 (max 4)
- age   1:     443048 bytes,     443048 total
- age   2:     377848 bytes,     820896 total
- age   3:     147608 bytes,     968504 total
- age   4:     554864 bytes,    1523368 total
 64032K->48407K(83392K), 0.0026500 secs]
24.849: [GC
Desired survivor size 1343488 bytes, new threshold 4 (max 4)
- age   1:     329232 bytes,     329232 total
- age   2:     411480 bytes,     740712 total
- age   3:     297960 bytes,    1038672 total
- age   4:      62696 bytes,    1101368 total
 64370K->48401K(83392K), 0.0025730 secs]
24.864: [GC
Desired survivor size 1343488 bytes, new threshold 4 (max 4)
- age   1:     320936 bytes,     320936 total
- age   2:     165896 bytes,     486832 total
- age   3:     411480 bytes,     898312 total
- age   4:     297960 bytes,    1196272 total
 64392K->48552K(83392K), 0.0019847 secs]
24.878: [GC
Desired survivor size 1343488 bytes, new threshold 4 (max 4)
- age   1:     429280 bytes,     429280 total
- age   2:     169200 bytes,     598480 total
- age   3:     165896 bytes,     764376 total
- age   4:     411480 bytes,    1175856 total
 64533K->48743K(83392K), 0.0020272 secs]
24.893: [GC
Desired survivor size 1343488 bytes, new threshold 4 (max 4)
- age   1:     341328 bytes,     341328 total
- age   2:     344936 bytes,     686264 total
- age   3:     169200 bytes,     855464 total
- age   4:     165896 bytes,    1021360 total
 64708K->48993K(83392K), 0.0019539 secs]
24.906: [GC
Desired survivor size 1343488 bytes, new threshold 4 (max 4)
- age   1:     680400 bytes,     680400 total
- age   2:     253168 bytes,     933568 total
- age   3:     268488 bytes,    1202056 total
- age   4:     169200 bytes,    1371256 total
 64980K->49497K(83392K), 0.0019790 secs]
24.920: [GC
Desired survivor size 1343488 bytes, new threshold 4 (max 4)
- age   1:     300448 bytes,     300448 total
- age   2:     680400 bytes,     980848 total
- age   3:     253168 bytes,    1234016 total
- age   4:     100568 bytes,    1334584 total
 65495K->49627K(83392K), 0.0022527 secs]
24.936: [GC
Desired survivor size 1343488 bytes, new threshold 3 (max 4)
- age   1:     646520 bytes,     646520 total
- age   2:     209064 bytes,     855584 total
- age   3:     680400 bytes,    1535984 total
- age   4:     253168 bytes,    1789152 total
 65604K->50170K(83392K), 0.0022392 secs]
24.953: [GC
Desired survivor size 1343488 bytes, new threshold 4 (max 4)
- age   1:     223224 bytes,     223224 total
- age   2:     473856 bytes,     697080 total
- age   3:     209064 bytes,     906144 total
 66170K->50203K(83392K), 0.0023042 secs]
24.968: [GC
Desired survivor size 1343488 bytes, new threshold 4 (max 4)
- age   1:     354416 bytes,     354416 total
- age   2:     129192 bytes,     483608 total
- age   3:     473856 bytes,     957464 total
- age   4:     209064 bytes,    1166528 total
 66203K->50451K(83392K), 0.0017574 secs]
24.982: [GC
Desired survivor size 1343488 bytes, new threshold 4 (max 4)
- age   1:     562616 bytes,     562616 total
- age   2:     322216 bytes,     884832 total
- age   3:      87304 bytes,     972136 total
- age   4:     473816 bytes,    1445952 total
 66450K->50930K(83392K), 0.0021630 secs]
24.996: [GC
Desired survivor size 1343488 bytes, new threshold 4 (max 4)
- age   1:     358848 bytes,     358848 total
- age   2:     521928 bytes,     880776 total
- age   3:     322216 bytes,    1202992 total
- age   4:      87304 bytes,    1290296 total
 66928K->51065K(83392K), 0.0019626 secs]
25.011: [GC
Desired survivor size 1343488 bytes, new threshold 3 (max 4)
- age   1:    1063440 bytes,    1063440 total
- age   2:      46208 bytes,    1109648 total
- age   3:     420184 bytes,    1529832 total
- age   4:     322216 bytes,    1852048 total
 67064K->51695K(83392K), 0.0027263 secs]
25.025: [GC
Desired survivor size 1343488 bytes, new threshold 2 (max 4)
- age   1:     525016 bytes,     525016 total
- age   2:     831400 bytes,    1356416 total
- age   3:      46208 bytes,    1402624 total
 67672K->51733K(83392K), 0.0028872 secs]
25.039: [GC
Desired survivor size 1343488 bytes, new threshold 4 (max 4)
- age   1:     531024 bytes,     531024 total
- age   2:     446040 bytes,     977064 total
 67707K->52174K(83392K), 0.0026028 secs]
25.054: [GC
Desired survivor size 1343488 bytes, new threshold 4 (max 4)
- age   1:     139480 bytes,     139480 total
- age   2:     447200 bytes,     586680 total
- age   3:     446040 bytes,    1032720 total
 68164K->52227K(83392K), 0.0017576 secs]
25.069: [GC
Desired survivor size 1343488 bytes, new threshold 4 (max 4)
- age   1:     384968 bytes,     384968 total
- age   2:      93264 bytes,     478232 total
- age   3:     447200 bytes,     925432 total
- age   4:     446040 bytes,    1371472 total
 68201K->52558K(83392K), 0.0019371 secs]
25.084: [GC
Desired survivor size 1343488 bytes, new threshold 4 (max 4)
- age   1:     308480 bytes,     308480 total
- age   2:     273192 bytes,     581672 total
- age   3:      43776 bytes,     625448 total
- age   4:     447200 bytes,    1072648 total
 68550K->52702K(83392K), 0.0021080 secs]
25.089: [GC 54276K(83392K), 0.0011096 secs]
25.113: [GC
Desired survivor size 1343488 bytes, new threshold 4 (max 4)
- age   1:     370432 bytes,     370432 total
- age   2:     124936 bytes,     495368 total
- age   3:     213600 bytes,     708968 total
- age   4:      43208 bytes,     752176 total
 68702K->52640K(83392K), 0.0017742 secs]
25.131: [GC
Desired survivor size 1343488 bytes, new threshold 4 (max 4)
- age   1:     374608 bytes,     374608 total
- age   2:     260832 bytes,     635440 total
- age   3:     124896 bytes,     760336 total
- age   4:     213600 bytes,     973936 total
 68614K->52904K(83392K), 0.0018595 secs]
25.150: [GC
Desired survivor size 1343488 bytes, new threshold 4 (max 4)
- age   1:     257592 bytes,     257592 total
- age   2:     318600 bytes,     576192 total
- age   3:     230064 bytes,     806256 total
- age   4:     124896 bytes,     931152 total
 68904K->53071K(83392K), 0.0019374 secs]
25.171: [GC
Desired survivor size 1343488 bytes, new threshold 4 (max 4)
- age   1:     201696 bytes,     201696 total
- age   2:     169688 bytes,     371384 total
- age   3:     318600 bytes,     689984 total
- age   4:     230064 bytes,     920048 total
 69071K->53180K(83392K), 0.0017452 secs]
25.188: [GC
Desired survivor size 1343488 bytes, new threshold 4 (max 4)
- age   1:     262888 bytes,     262888 total
- age   2:     117136 bytes,     380024 total
- age   3:     169688 bytes,     549712 total
- age   4:     318600 bytes,     868312 total
 69173K->53347K(83392K), 0.0020274 secs]
25.201: [GC
Desired survivor size 1343488 bytes, new threshold 4 (max 4)
- age   1:     206296 bytes,     206296 total
- age   2:     198368 bytes,     404664 total
- age   3:     114792 bytes,     519456 total
- age   4:     136392 bytes,     655848 total
 69324K->53409K(83392K), 0.0017032 secs]
25.216: [GC
Desired survivor size 1343488 bytes, new threshold 4 (max 4)
- age   1:     158856 bytes,     158856 total
- age   2:     121008 bytes,     279864 total
- age   3:     198368 bytes,     478232 total
- age   4:     114792 bytes,     593024 total
 69394K->53481K(83392K), 0.0013639 secs]
25.229: [GC
Desired survivor size 1343488 bytes, new threshold 4 (max 4)
- age   1:     314800 bytes,     314800 total
- age   2:      40488 bytes,     355288 total
- age   3:      71648 bytes,     426936 total
- age   4:      47488 bytes,     474424 total
 69473K->53467K(83392K), 0.0013282 secs]
25.243: [GC
Desired survivor size 1343488 bytes, new threshold 4 (max 4)
- age   1:     446904 bytes,     446904 total
- age   2:     253280 bytes,     700184 total
- age   3:      40488 bytes,     740672 total
- age   4:      71648 bytes,     812320 total
 69452K->53840K(83392K), 0.0015737 secs]
25.259: [GC
Desired survivor size 1343488 bytes, new threshold 4 (max 4)
- age   1:     407624 bytes,     407624 total
- age   2:     393736 bytes,     801360 total
- age   3:     253280 bytes,    1054640 total
- age   4:      40488 bytes,    1095128 total
 69830K->54187K(83392K), 0.0024246 secs]
25.274: [GC
Desired survivor size 1343488 bytes, new threshold 4 (max 4)
- age   1:     140952 bytes,     140952 total
- age   2:     216928 bytes,     357880 total
- age   3:     295008 bytes,     652888 total
- age   4:     253280 bytes,     906168 total
 70167K->54048K(83392K), 0.0015447 secs]
25.287: [GC
Desired survivor size 1343488 bytes, new threshold 4 (max 4)
- age   1:     694800 bytes,     694800 total
- age   2:     116480 bytes,     811280 total
- age   3:     216928 bytes,    1028208 total
- age   4:     295008 bytes,    1323216 total
 70041K->54699K(83392K), 0.0021380 secs]
25.301: [GC
Desired survivor size 1343488 bytes, new threshold 4 (max 4)
- age   1:     725728 bytes,     725728 total
- age   2:     522264 bytes,    1247992 total
- age   3:      63408 bytes,    1311400 total
- age   4:     216928 bytes,    1528328 total
 70664K->55188K(83392K), 0.0022532 secs]
25.316: [GC
Desired survivor size 1343488 bytes, new threshold 3 (max 4)
- age   1:     684832 bytes,     684832 total
- age   2:     604472 bytes,    1289304 total
- age   3:     358928 bytes,    1648232 total
- age   4:      63408 bytes,    1711640 total
 71177K->55532K(83392K), 0.0029665 secs]
25.331: [GC
Desired survivor size 1343488 bytes, new threshold 3 (max 4)
- age   1:     798776 bytes,     798776 total
- age   2:     518872 bytes,    1317648 total
- age   3:     604472 bytes,    1922120 total
 71518K->56144K(83392K), 0.0026763 secs]
25.345: [GC
Desired survivor size 1343488 bytes, new threshold 3 (max 4)
- age   1:     581336 bytes,     581336 total
- age   2:     622864 bytes,    1204200 total
- age   3:     518872 bytes,    1723072 total
 72087K->56540K(83392K), 0.0029493 secs]
25.363: [GC
Desired survivor size 1343488 bytes, new threshold 4 (max 4)
- age   1:     273424 bytes,     273424 total
- age   2:     494872 bytes,     768296 total
- age   3:     312664 bytes,    1080960 total
 72512K->56225K(83392K), 0.0022877 secs]
25.381: [GC
Desired survivor size 1343488 bytes, new threshold 3 (max 4)
- age   1:     925272 bytes,     925272 total
- age   2:      42872 bytes,     968144 total
- age   3:     473992 bytes,    1442136 total
- age   4:     312664 bytes,    1754800 total
 72182K->56882K(83392K), 0.0029894 secs]
25.396: [GC
Desired survivor size 1343488 bytes, new threshold 4 (max 4)
- age   1:     314304 bytes,     314304 total
- age   2:     620784 bytes,     935088 total
- age   3:      42872 bytes,     977960 total
 72882K->56656K(83392K), 0.0021470 secs]
25.410: [GC
Desired survivor size 1343488 bytes, new threshold 4 (max 4)
- age   1:     438344 bytes,     438344 total
- age   2:     242688 bytes,     681032 total
- age   3:     620072 bytes,    1301104 total
- age   4:         40 bytes,    1301144 total
 72656K->56972K(83392K), 0.0024271 secs]
25.424: [GC
Desired survivor size 1343488 bytes, new threshold 4 (max 4)
- age   1:     472776 bytes,     472776 total
- age   2:     376808 bytes,     849584 total
- age   3:     242688 bytes,    1092272 total
- age   4:     619240 bytes,    1711512 total
 72927K->57375K(83392K), 0.0024692 secs]
25.440: [GC
Desired survivor size 1343488 bytes, new threshold 4 (max 4)
- age   1:     460672 bytes,     460672 total
- age   2:     336512 bytes,     797184 total
- age   3:     376808 bytes,    1173992 total
- age   4:     107976 bytes,    1281968 total
 73371K->57560K(83392K), 0.0022523 secs]
25.454: [GC
Desired survivor size 1343488 bytes, new threshold 4 (max 4)
- age   1:     567376 bytes,     567376 total
- age   2:     114168 bytes,     681544 total
- age   3:     132176 bytes,     813720 total
- age   4:     376808 bytes,    1190528 total
 73548K->57574K(83392K), 0.0021817 secs]
25.469: [GC
Desired survivor size 1343488 bytes, new threshold 4 (max 4)
- age   1:     472832 bytes,     472832 total
- age   2:     230192 bytes,     703024 total
- age   3:     114168 bytes,     817192 total
- age   4:     132176 bytes,     949368 total
 73570K->57710K(83392K), 0.0020659 secs]
25.483: [GC
Desired survivor size 1343488 bytes, new threshold 4 (max 4)
- age   1:     519664 bytes,     519664 total
- age   2:     333872 bytes,     853536 total
- age   3:      24560 bytes,     878096 total
- age   4:     114168 bytes,     992264 total
 73658K->57877K(83392K), 0.0016326 secs]
25.496: [GC
Desired survivor size 1343488 bytes, new threshold 4 (max 4)
- age   1:     192592 bytes,     192592 total
- age   2:     399896 bytes,     592488 total
- age   3:     222064 bytes,     814552 total
- age   4:      24560 bytes,     839112 total
 73860K->57841K(83392K), 0.0017729 secs]
25.511: [GC
Desired survivor size 1343488 bytes, new threshold 4 (max 4)
- age   1:     277952 bytes,     277952 total
- age   2:     132696 bytes,     410648 total
- age   3:     191696 bytes,     602344 total
- age   4:     221976 bytes,     824320 total
 73787K->57848K(83392K), 0.0015068 secs]
25.524: [GC
Desired survivor size 1343488 bytes, new threshold 4 (max 4)
- age   1:     462848 bytes,     462848 total
- age   2:     208760 bytes,     671608 total
- age   3:     132696 bytes,     804304 total
- age   4:     191696 bytes,     996000 total
 73804K->58233K(83392K), 0.0021251 secs]
25.543: [GC
Desired survivor size 1343488 bytes, new threshold 4 (max 4)
- age   1:     249824 bytes,     249824 total
- age   2:     338624 bytes,     588448 total
- age   3:     208760 bytes,     797208 total
- age   4:     132696 bytes,     929904 total
 74210K->58354K(83392K), 0.0018111 secs]
25.556: [GC
Desired survivor size 1343488 bytes, new threshold 4 (max 4)
- age   1:     530720 bytes,     530720 total
- age   2:     147568 bytes,     678288 total
- age   3:     338624 bytes,    1016912 total
- age   4:     208760 bytes,    1225672 total
 74316K->58777K(83392K), 0.0022572 secs]
25.571: [GC
Desired survivor size 1343488 bytes, new threshold 4 (max 4)
- age   1:     708088 bytes,     708088 total
- age   2:     433616 bytes,    1141704 total
- age   3:     147568 bytes,    1289272 total
- age   4:     338624 bytes,    1627896 total
 74768K->59375K(83392K), 0.0022772 secs]
25.586: [GC
Desired survivor size 1343488 bytes, new threshold 3 (max 4)
- age   1:     319096 bytes,     319096 total
- age   2:     645696 bytes,     964792 total
- age   3:     433616 bytes,    1398408 total
- age   4:     147568 bytes,    1545976 total
 75341K->59625K(83392K), 0.0021661 secs]
25.602: [GC
Desired survivor size 1343488 bytes, new threshold 3 (max 4)
- age   1:     854160 bytes,     854160 total
- age   2:     122760 bytes,     976920 total
- age   3:     645696 bytes,    1622616 total
 75590K->60277K(83392K), 0.0025962 secs]
25.617: [GC
Desired survivor size 1343488 bytes, new threshold 2 (max 4)
- age   1:     547016 bytes,     547016 total
- age   2:     813312 bytes,    1360328 total
- age   3:     122760 bytes,    1483088 total
 76229K->60568K(83392K), 0.0026478 secs]
25.632: [GC
Desired survivor size 1343488 bytes, new threshold 4 (max 4)
- age   1:     753472 bytes,     753472 total
- age   2:     414312 bytes,    1167784 total
 76535K->61174K(83392K), 0.0029050 secs]
25.647: [GC
Desired survivor size 1343488 bytes, new threshold 2 (max 4)
- age   1:     894480 bytes,     894480 total
- age   2:     685984 bytes,    1580464 total
- age   3:     414312 bytes,    1994776 total
 77075K->61981K(83392K), 0.0022481 secs]
25.662: [GC
Desired survivor size 1343488 bytes, new threshold 4 (max 4)
- age   1:     689192 bytes,     689192 total
- age   2:     417368 bytes,    1106560 total
 77980K->62147K(83392K), 0.0027164 secs]
25.679: [GC
Desired survivor size 1343488 bytes, new threshold 4 (max 4)
- age   1:     312120 bytes,     312120 total
- age   2:     612096 bytes,     924216 total
- age   3:     277496 bytes,    1201712 total
 78124K->62242K(83392K), 0.0016444 secs]
25.693: [GC
Desired survivor size 1343488 bytes, new threshold 3 (max 4)
- age   1:     966288 bytes,     966288 total
- age   2:     240448 bytes,    1206736 total
- age   3:     612096 bytes,    1818832 total
- age   4:     277496 bytes,    2096328 total
 78222K->63115K(83392K), 0.0024145 secs]
25.708: [GC
Desired survivor size 1343488 bytes, new threshold 3 (max 4)
- age   1:     345936 bytes,     345936 total
- age   2:     885040 bytes,    1230976 total
- age   3:     240448 bytes,    1471424 total
 79081K->63375K(83392K), 0.0042362 secs]
25.725: [GC
Desired survivor size 1343488 bytes, new threshold 4 (max 4)
- age   1:     399312 bytes,     399312 total
- age   2:      81152 bytes,     480464 total
- age   3:     746728 bytes,    1227192 total
 79366K->63372K(83392K), 0.0021455 secs]
25.739: [GC
Desired survivor size 1343488 bytes, new threshold 4 (max 4)
- age   1:     326664 bytes,     326664 total
- age   2:     318112 bytes,     644776 total
- age   3:      81152 bytes,     725928 total
- age   4:     746728 bytes,    1472656 total
 79345K->63611K(83392K), 0.0018632 secs]
25.753: [GC
Desired survivor size 1343488 bytes, new threshold 4 (max 4)
- age   1:     735216 bytes,     735216 total
- age   2:     242216 bytes,     977432 total
- age   3:     318112 bytes,    1295544 total
- age   4:      81152 bytes,    1376696 total
 79603K->63966K(83392K), 0.0028857 secs]
25.767: [GC
Desired survivor size 1343488 bytes, new threshold 4 (max 4)
- age   1:     218576 bytes,     218576 total
- age   2:     687584 bytes,     906160 total
- age   3:     242216 bytes,    1148376 total
- age   4:     318112 bytes,    1466488 total
 79931K->64133K(83392K), 0.0026721 secs]
25.782: [GC
Desired survivor size 1343488 bytes, new threshold 4 (max 4)
- age   1:     461560 bytes,     461560 total
- age   2:     110136 bytes,     571696 total
- age   3:     687584 bytes,    1259280 total
- age   4:      77536 bytes,    1336816 total
 80127K->64317K(83392K), 0.0020388 secs]
25.797: [GC
Desired survivor size 1343488 bytes, new threshold 4 (max 4)
- age   1:     277344 bytes,     277344 total
- age   2:     445928 bytes,     723272 total
- age   3:     110136 bytes,     833408 total
- age   4:     687584 bytes,    1520992 total
 80293K->64573K(83392K), 0.0021575 secs]
25.810: [GC
Desired survivor size 1343488 bytes, new threshold 4 (max 4)
- age   1:     504128 bytes,     504128 total
- age   2:     114384 bytes,     618512 total
- age   3:     445928 bytes,    1064440 total
- age   4:     110136 bytes,    1174576 total
 80526K->64907K(83392K), 0.0027399 secs]
25.825: [GC
Desired survivor size 1343488 bytes, new threshold 4 (max 4)
- age   1:     174424 bytes,     174424 total
- age   2:     422616 bytes,     597040 total
- age   3:     114344 bytes,     711384 total
- age   4:     399136 bytes,    1110520 total
 80907K->64951K(83392K), 0.0021926 secs]
25.840: [GC
Desired survivor size 1343488 bytes, new threshold 4 (max 4)
- age   1:     414336 bytes,     414336 total
- age   2:     109904 bytes,     524240 total
- age   3:     422616 bytes,     946856 total
- age   4:     114344 bytes,    1061200 total
 80836K->81031K(83392K), 0.0020274 secs]
25.842: [Full GC 81031K->8912K(83392K), 0.0865875 secs]
25.942: [GC
Desired survivor size 1343488 bytes, new threshold 4 (max 4)
- age   1:     429432 bytes,     429432 total
 24880K->9335K(83392K), 0.0012127 secs]
25.955: [GC
Desired survivor size 1343488 bytes, new threshold 4 (max 4)
- age   1:     652888 bytes,     652888 total
- age   2:     429304 bytes,    1082192 total
 25302K->9973K(83392K), 0.0015232 secs]
25.970: [GC
Desired survivor size 1343488 bytes, new threshold 4 (max 4)
- age   1:     210744 bytes,     210744 total
- age   2:     119960 bytes,     330704 total
- age   3:     429304 bytes,     760008 total
 25951K->9658K(83392K), 0.0011858 secs]
25.983: [GC
Desired survivor size 1343488 bytes, new threshold 4 (max 4)
- age   1:     270632 bytes,     270632 total
- age   2:     138216 bytes,     408848 total
- age   3:     119920 bytes,     528768 total
- age   4:     429304 bytes,     958072 total
 25594K->9851K(83392K), 0.0013750 secs]
26.004: [GC
Desired survivor size 1343488 bytes, new threshold 4 (max 4)
- age   1:    1067560 bytes,    1067560 total
- age   2:      55616 bytes,    1123176 total
- age   3:      79720 bytes,    1202896 total
- age   4:      46800 bytes,    1249696 total
 25849K->10560K(83392K), 0.0017566 secs]
26.021: [GC
Desired survivor size 1343488 bytes, new threshold 2 (max 4)
- age   1:    1111600 bytes,    1111600 total
- age   2:     948792 bytes,    2060392 total
- age   3:      55616 bytes,    2116008 total
- age   4:      79720 bytes,    2195728 total
 26543K->11529K(83392K), 0.0023521 secs]
26.036: [GC
Desired survivor size 1343488 bytes, new threshold 4 (max 4)
- age   1:     424624 bytes,     424624 total
- age   2:     876832 bytes,    1301456 total
 27482K->11715K(83392K), 0.0023968 secs]
26.051: [GC
Desired survivor size 1343488 bytes, new threshold 3 (max 4)
- age   1:     558168 bytes,     558168 total
- age   2:     346336 bytes,     904504 total
- age   3:     876832 bytes,    1781336 total
 27653K->12183K(83392K), 0.0024407 secs]
26.066: [GC
Desired survivor size 1343488 bytes, new threshold 4 (max 4)
- age   1:     371384 bytes,     371384 total
- age   2:     474448 bytes,     845832 total
- age   3:     232224 bytes,    1078056 total
 28178K->12244K(83392K), 0.0023094 secs]
26.082: [GC
Desired survivor size 1343488 bytes, new threshold 4 (max 4)
- age   1:     383528 bytes,     383528 total
- age   2:     286568 bytes,     670096 total
- age   3:     474448 bytes,    1144544 total
- age   4:     150696 bytes,    1295240 total
 28188K->12455K(83392K), 0.0022652 secs]
26.097: [GC
Desired survivor size 1343488 bytes, new threshold 4 (max 4)
- age   1:     372712 bytes,     372712 total
- age   2:     220192 bytes,     592904 total
- age   4:     413072 bytes,    1005976 total
 28441K->12320K(83392K), 0.0017696 secs]
26.112: [GC
Desired survivor size 1343488 bytes, new threshold 4 (max 4)
- age   1:     709952 bytes,     709952 total
- age   2:     309136 bytes,    1019088 total
- age   3:     220192 bytes,    1239280 total
 28306K->12762K(83392K), 0.0024587 secs]
26.126: [GC
Desired survivor size 1343488 bytes, new threshold 4 (max 4)
- age   1:     118112 bytes,     118112 total
- age   2:     645768 bytes,     763880 total
- age   3:     169064 bytes,     932944 total
- age   4:     220192 bytes,    1153136 total
 28723K->12677K(83392K), 0.0016866 secs]
26.141: [GC
Desired survivor size 1343488 bytes, new threshold 4 (max 4)
- age   1:     202976 bytes,     202976 total
- age   2:      77440 bytes,     280416 total
- age   3:     645768 bytes,     926184 total
- age   4:     169064 bytes,    1095248 total
 28651K->12837K(83392K), 0.0017461 secs]
26.157: [GC
Desired survivor size 1343488 bytes, new threshold 4 (max 4)
- age   1:     464200 bytes,     464200 total
- age   2:     143080 bytes,     607280 total
- age   3:      77440 bytes,     684720 total
- age   4:     645768 bytes,    1330488 total
 28784K->13231K(83392K), 0.0016824 secs]
26.170: [GC
Desired survivor size 1343488 bytes, new threshold 4 (max 4)
- age   1:     230984 bytes,     230984 total
- age   2:     399680 bytes,     630664 total
- age   4:      77440 bytes,     708104 total
 29167K->13252K(83392K), 0.0021363 secs]
26.186: [GC
Desired survivor size 1343488 bytes, new threshold 4 (max 4)
- age   1:     547576 bytes,     547576 total
- age   2:     162296 bytes,     709872 total
- age   3:     399680 bytes,    1109552 total
 29230K->13720K(83392K), 0.0026040 secs]
26.201: [GC
Desired survivor size 1343488 bytes, new threshold 4 (max 4)
- age   1:     282168 bytes,     282168 total
- age   2:     253024 bytes,     535192 total
- age   3:      54248 bytes,     589440 total
- age   4:     399680 bytes,     989120 total
 29711K->13602K(83392K), 0.0016075 secs]
26.214: [GC
Desired survivor size 1343488 bytes, new threshold 4 (max 4)
- age   1:     303664 bytes,     303664 total
- age   2:     282080 bytes,     585744 total
- age   3:     253024 bytes,     838768 total
 29561K->13463K(83392K), 0.0019452 secs]
26.228: [GC
Desired survivor size 1343488 bytes, new threshold 4 (max 4)
- age   1:     226296 bytes,     226296 total
- age   2:     202032 bytes,     428328 total
- age   3:     197768 bytes,     626096 total
- age   4:     252992 bytes,     879088 total
 29438K->13500K(83392K), 0.0015479 secs]
26.243: [GC
Desired survivor size 1343488 bytes, new threshold 4 (max 4)
- age   1:     825544 bytes,     825544 total
- age   2:      26392 bytes,     851936 total
- age   3:     202032 bytes,    1053968 total
- age   4:     197768 bytes,    1251736 total
 29487K->14113K(83392K), 0.0019330 secs]
26.260: [GC
Desired survivor size 1343488 bytes, new threshold 2 (max 4)
- age   1:     998424 bytes,     998424 total
- age   2:     427888 bytes,    1426312 total
- age   3:      26392 bytes,    1452704 total
- age   4:     202032 bytes,    1654736 total
 30004K->14701K(83392K), 0.0023805 secs]
26.275: [GC
Desired survivor size 1343488 bytes, new threshold 4 (max 4)
- age   1:     371400 bytes,     371400 total
- age   2:     597128 bytes,     968528 total
 30697K->14676K(83392K), 0.0019599 secs]
26.294: [GC
Desired survivor size 1343488 bytes, new threshold 3 (max 4)
- age   1:     556952 bytes,     556952 total
- age   2:     286680 bytes,     843632 total
- age   3:     527120 bytes,    1370752 total
 30558K->15061K(83392K), 0.0027644 secs]
26.312: [GC
Desired survivor size 1343488 bytes, new threshold 4 (max 4)
- age   1:     648352 bytes,     648352 total
- age   2:     163640 bytes,     811992 total
- age   3:     201952 bytes,    1013944 total
 31061K->15227K(83392K), 0.0028045 secs]
26.327: [GC
Desired survivor size 1343488 bytes, new threshold 4 (max 4)
- age   1:     323248 bytes,     323248 total
- age   2:     646536 bytes,     969784 total
- age   3:     163368 bytes,    1133152 total
 31208K->15347K(83392K), 0.0017539 secs]
26.343: [GC
Desired survivor size 1343488 bytes, new threshold 4 (max 4)
- age   1:     486144 bytes,     486144 total
- age   2:     281088 bytes,     767232 total
- age   3:       5760 bytes,     772992 total
- age   4:     163368 bytes,     936360 total
 31290K->15161K(83392K), 0.0015338 secs]
26.358: [GC
Desired survivor size 1343488 bytes, new threshold 4 (max 4)
- age   1:     460880 bytes,     460880 total
- age   2:     404632 bytes,     865512 total
- age   3:       4424 bytes,     869936 total
- age   4:       5760 bytes,     875696 total
 31144K->15268K(83392K), 0.0023327 secs]
26.372: [GC
Desired survivor size 1343488 bytes, new threshold 4 (max 4)
- age   1:     317456 bytes,     317456 total
- age   3:     404632 bytes,     722088 total
- age   4:       4424 bytes,     726512 total
 31267K->15113K(83392K), 0.0015007 secs]
26.385: [GC
Desired survivor size 1343488 bytes, new threshold 4 (max 4)
- age   1:     931048 bytes,     931048 total
- age   2:     232312 bytes,    1163360 total
- age   4:     234488 bytes,    1397848 total
 31104K->15781K(83392K), 0.0016966 secs]
26.399: [GC
Desired survivor size 1343488 bytes, new threshold 2 (max 4)
- age   1:     722584 bytes,     722584 total
- age   2:     886856 bytes,    1609440 total
- age   3:     232312 bytes,    1841752 total
 31764K->16257K(83392K), 0.0019729 secs]
26.414: [GC
Desired survivor size 1343488 bytes, new threshold 4 (max 4)
- age   1:     216688 bytes,     216688 total
- age   2:     570840 bytes,     787528 total
 32247K->16320K(83392K), 0.0020406 secs]
26.430: [GC
Desired survivor size 1343488 bytes, new threshold 4 (max 4)
- age   1:     788048 bytes,     788048 total
- age   2:      39232 bytes,     827280 total
- age   3:     330056 bytes,    1157336 total
 32317K->16681K(83392K), 0.0018884 secs]
26.445: [GC
Desired survivor size 1343488 bytes, new threshold 2 (max 4)
- age   1:     879488 bytes,     879488 total
- age   2:     707224 bytes,    1586712 total
- age   3:      39232 bytes,    1625944 total
- age   4:     147712 bytes,    1773656 total
 32672K->17283K(83392K), 0.0021255 secs]
26.463: [GC
Desired survivor size 1343488 bytes, new threshold 4 (max 4)
- age   1:     687400 bytes,     687400 total
- age   2:     547120 bytes,    1234520 total
 33145K->17527K(83392K), 0.0022092 secs]
26.480: [GC
Desired survivor size 1343488 bytes, new threshold 3 (max 4)
- age   1:     196152 bytes,     196152 total
- age   2:     607872 bytes,     804024 total
- age   3:     547120 bytes,    1351144 total
 33451K->17632K(83392K), 0.0017463 secs]
26.497: [GC
Desired survivor size 1343488 bytes, new threshold 4 (max 4)
- age   1:     231952 bytes,     231952 total
- age   2:     114624 bytes,     346576 total
- age   3:     148304 bytes,     494880 total
 33491K->17333K(83392K), 0.0019086 secs]
26.511: [GC
Desired survivor size 1343488 bytes, new threshold 1 (max 4)
- age   1:    1371968 bytes,    1371968 total
- age   2:     147608 bytes,    1519576 total
- age   3:     114624 bytes,    1634200 total
- age   4:     148304 bytes,    1782504 total
 33297K->18589K(83392K), 0.0030574 secs]
26.525: [GC
Desired survivor size 1343488 bytes, new threshold 4 (max 4)
- age   1:     275984 bytes,     275984 total
 34581K->18796K(83392K), 0.0023803 secs]
26.542: [GC
Desired survivor size 1343488 bytes, new threshold 4 (max 4)
- age   1:     255464 bytes,     255464 total
- age   2:     115472 bytes,     370936 total
 34749K->18884K(83392K), 0.0011291 secs]
26.555: [GC
Desired survivor size 1343488 bytes, new threshold 4 (max 4)
- age   1:     671848 bytes,     671848 total
- age   2:      87472 bytes,     759320 total
- age   3:     115472 bytes,     874792 total
 34813K->19376K(83392K), 0.0013593 secs]
26.575: [GC
Desired survivor size 1343488 bytes, new threshold 4 (max 4)
- age   1:      97048 bytes,      97048 total
- age   2:     420240 bytes,     517288 total
- age   3:      87472 bytes,     604760 total
- age   4:     115472 bytes,     720232 total
 35336K->19224K(83392K), 0.0016802 secs]
26.596: [GC
Desired survivor size 1343488 bytes, new threshold 4 (max 4)
- age   1:     446848 bytes,     446848 total
- age   2:      13312 bytes,     460160 total
- age   3:     420240 bytes,     880400 total
- age   4:      87472 bytes,     967872 total
 35224K->19580K(83392K), 0.0015622 secs]
26.611: [GC
Desired survivor size 1343488 bytes, new threshold 4 (max 4)
- age   1:     211728 bytes,     211728 total
- age   2:     446664 bytes,     658392 total
- age   3:      13312 bytes,     671704 total
- age   4:     420240 bytes,    1091944 total
 35560K->19795K(83392K), 0.0027954 secs]
26.630: [GC
Desired survivor size 1343488 bytes, new threshold 4 (max 4)
- age   1:     687632 bytes,     687632 total
- age   2:     103776 bytes,     791408 total
- age   3:     446664 bytes,    1238072 total
- age   4:      13312 bytes,    1251384 total
 35775K->20363K(83392K), 0.0026689 secs]
26.645: [GC
Desired survivor size 1343488 bytes, new threshold 4 (max 4)
- age   1:      80912 bytes,      80912 total
- age   2:     539760 bytes,     620672 total
- age   3:     103776 bytes,     724448 total
- age   4:     446664 bytes,    1171112 total
 36363K->20304K(83392K), 0.0019838 secs]
26.660: [GC
Desired survivor size 1343488 bytes, new threshold 4 (max 4)
- age   1:     215120 bytes,     215120 total
- age   2:      40192 bytes,     255312 total
- age   3:     360032 bytes,     615344 total
- age   4:     103776 bytes,     719120 total
 36297K->20313K(83392K), 0.0018316 secs]
26.675: [GC
Desired survivor size 1343488 bytes, new threshold 4 (max 4)
- age   1:     371616 bytes,     371616 total
- age   2:     129416 bytes,     501032 total
- age   3:      38288 bytes,     539320 total
- age   4:     329984 bytes,     869304 total
 36299K->20544K(83392K), 0.0013332 secs]
26.689: [GC
Desired survivor size 1343488 bytes, new threshold 4 (max 4)
- age   1:     195216 bytes,     195216 total
- age   2:     337064 bytes,     532280 total
- age   3:     129416 bytes,     661696 total
- age   4:      38288 bytes,     699984 total
 36511K->20688K(83392K), 0.0015608 secs]
26.706: [GC
Desired survivor size 1343488 bytes, new threshold 4 (max 4)
- age   1:     359432 bytes,     359432 total
- age   2:     128000 bytes,     487432 total
- age   3:     337064 bytes,     824496 total
- age   4:     129416 bytes,     953912 total
 36688K->20989K(83392K), 0.0021442 secs]
26.725: [GC
Desired survivor size 1343488 bytes, new threshold 4 (max 4)
- age   1:     834704 bytes,     834704 total
- age   2:     286440 bytes,    1121144 total
- age   3:     128000 bytes,    1249144 total
- age   4:     337064 bytes,    1586208 total
 36989K->21721K(83392K), 0.0023633 secs]
26.741: [GC
Desired survivor size 1343488 bytes, new threshold 4 (max 4)
- age   1:     155448 bytes,     155448 total
- age   2:     680328 bytes,     835776 total
- age   3:     185688 bytes,    1021464 total
- age   4:     128000 bytes,    1149464 total
 37641K->21640K(83392K), 0.0018253 secs]
26.756: [GC
Desired survivor size 1343488 bytes, new threshold 3 (max 4)
- age   1:     744504 bytes,     744504 total
- age   2:      74248 bytes,     818752 total
- age   3:     680328 bytes,    1499080 total
- age   4:     185688 bytes,    1684768 total
 37614K->22149K(83392K), 0.0018331 secs]
26.772: [GC
Desired survivor size 1343488 bytes, new threshold 4 (max 4)
- age   1:     214944 bytes,     214944 total
- age   2:     546576 bytes,     761520 total
- age   3:      74248 bytes,     835768 total
 38149K->22216K(83392K), 0.0021072 secs]
26.788: [GC
Desired survivor size 1343488 bytes, new threshold 4 (max 4)
- age   1:     170688 bytes,     170688 total
- age   2:     213816 bytes,     384504 total
- age   3:     424624 bytes,     809128 total
- age   4:      74248 bytes,     883376 total
 38216K->22255K(83392K), 0.0013993 secs]
26.802: [GC
Desired survivor size 1343488 bytes, new threshold 4 (max 4)
- age   1:     574864 bytes,     574864 total
- age   2:     126960 bytes,     701824 total
- age   3:     213816 bytes,     915640 total
- age   4:     172696 bytes,    1088336 total
 38255K->22481K(83392K), 0.0018010 secs]
26.817: [GC
Desired survivor size 1343488 bytes, new threshold 4 (max 4)
- age   1:     146184 bytes,     146184 total
- age   2:     573160 bytes,     719344 total
- age   3:     126960 bytes,     846304 total
- age   4:     213816 bytes,    1060120 total
 38445K->22573K(83392K), 0.0035330 secs]
26.833: [GC
Desired survivor size 1343488 bytes, new threshold 4 (max 4)
- age   1:     348600 bytes,     348600 total
- age   2:     102072 bytes,     450672 total
- age   3:     573160 bytes,    1023832 total
- age   4:     126960 bytes,    1150792 total
 38546K->22836K(83392K), 0.0017016 secs]
26.847: [GC
Desired survivor size 1343488 bytes, new threshold 4 (max 4)
- age   1:     560360 bytes,     560360 total
- age   2:     234040 bytes,     794400 total
- age   3:      34592 bytes,     828992 total
- age   4:     317680 bytes,    1146672 total
 38799K->22964K(83392K), 0.0020240 secs]
26.861: [GC
Desired survivor size 1343488 bytes, new threshold 4 (max 4)
- age   1:     349520 bytes,     349520 total
- age   2:     560360 bytes,     909880 total
- age   3:     234040 bytes,    1143920 total
- age   4:      11752 bytes,    1155672 total
 38943K->23020K(83392K), 0.0014722 secs]
26.874: [GC
Desired survivor size 1343488 bytes, new threshold 4 (max 4)
- age   1:     464704 bytes,     464704 total
- age   2:     318400 bytes,     783104 total
- age   3:     560360 bytes,    1343464 total
- age   4:     234040 bytes,    1577504 total
 39004K->23444K(83392K), 0.0019011 secs]
26.888: [GC
Desired survivor size 1343488 bytes, new threshold 4 (max 4)
- age   1:     228144 bytes,     228144 total
- age   2:     430136 bytes,     658280 total
- age   3:      98752 bytes,     757032 total
- age   4:     560360 bytes,    1317392 total
 39418K->23415K(83392K), 0.0021125 secs]
26.902: [GC
Desired survivor size 1343488 bytes, new threshold 4 (max 4)
- age   1:     103024 bytes,     103024 total
- age   2:     199488 bytes,     302512 total
- age   3:     430136 bytes,     732648 total
- age   4:      19376 bytes,     752024 total
 39377K->23365K(83392K), 0.0018214 secs]
26.916: [GC
Desired survivor size 1343488 bytes, new threshold 4 (max 4)
- age   1:      74712 bytes,      74712 total
- age   2:      66400 bytes,     141112 total
- age   3:     199488 bytes,     340600 total
- age   4:     430136 bytes,     770736 total
 39340K->23402K(83392K), 0.0013502 secs]
26.931: [GC
Desired survivor size 1343488 bytes, new threshold 4 (max 4)
- age   1:     311472 bytes,     311472 total
- age   2:      74712 bytes,     386184 total
- age   3:      66400 bytes,     452584 total
- age   4:     199488 bytes,     652072 total
 39402K->23706K(83392K), 0.0016347 secs]
26.946: [GC
Desired survivor size 1343488 bytes, new threshold 4 (max 4)
- age   1:     501144 bytes,     501144 total
- age   2:     268872 bytes,     770016 total
- age   3:      74712 bytes,     844728 total
- age   4:      40000 bytes,     884728 total
 39681K->24127K(83392K), 0.0014334 secs]
26.958: [GC
Desired survivor size 1343488 bytes, new threshold 4 (max 4)
- age   1:     251968 bytes,     251968 total
- age   2:     488016 bytes,     739984 total
- age   3:     268872 bytes,    1008856 total
- age   4:      74712 bytes,    1083568 total
 40125K->24363K(83392K), 0.0017871 secs]
26.973: [GC
Desired survivor size 1343488 bytes, new threshold 4 (max 4)
- age   1:     512208 bytes,     512208 total
- age   2:     147264 bytes,     659472 total
- age   3:     442128 bytes,    1101600 total
- age   4:     268872 bytes,    1370472 total
 40303K->24721K(83392K), 0.0019715 secs]
26.986: [GC
Desired survivor size 1343488 bytes, new threshold 4 (max 4)
- age   1:     377216 bytes,     377216 total
- age   2:     479528 bytes,     856744 total
- age   3:     147264 bytes,    1004008 total
- age   4:     226936 bytes,    1230944 total
 40705K->24840K(83392K), 0.0061814 secs]
27.006: [GC
Desired survivor size 1343488 bytes, new threshold 3 (max 4)
- age   1:     969208 bytes,     969208 total
- age   2:     227328 bytes,    1196536 total
- age   3:     479528 bytes,    1676064 total
- age   4:     147264 bytes,    1823328 total
 40756K->25641K(83392K), 0.0055987 secs]
27.030: [GC
Desired survivor size 1343488 bytes, new threshold 2 (max 4)
- age   1:     490496 bytes,     490496 total
- age   2:     914800 bytes,    1405296 total
- age   3:     227328 bytes,    1632624 total
 41582K->26067K(83392K), 0.0027116 secs]
27.050: [GC
Desired survivor size 1343488 bytes, new threshold 4 (max 4)
- age   1:     523392 bytes,     523392 total
- age   2:     404208 bytes,     927600 total
 42067K->26492K(83392K), 0.0019443 secs]
27.066: [GC
Desired survivor size 1343488 bytes, new threshold 4 (max 4)
- age   1:     183720 bytes,     183720 total
- age   2:     373800 bytes,     557520 total
- age   3:     236552 bytes,     794072 total
 42481K->26362K(83392K), 0.0013875 secs]
27.081: [GC
Desired survivor size 1343488 bytes, new threshold 4 (max 4)
- age   1:     144528 bytes,     144528 total
- age   2:      85056 bytes,     229584 total
- age   3:     373800 bytes,     603384 total
- age   4:     170008 bytes,     773392 total
 42361K->26342K(83392K), 0.0012618 secs]
27.097: [GC
Desired survivor size 1343488 bytes, new threshold 4 (max 4)
- age   1:     559696 bytes,     559696 total
- age   2:     107240 bytes,     666936 total
- age   3:      85056 bytes,     751992 total
- age   4:     373568 bytes,    1125560 total
 42342K->26853K(83392K), 0.0020042 secs]
27.111: [GC
Desired survivor size 1343488 bytes, new threshold 4 (max 4)
- age   1:     497816 bytes,     497816 total
- age   2:     451608 bytes,     949424 total
- age   3:      60032 bytes,    1009456 total
- age   4:      85056 bytes,    1094512 total
 42837K->27189K(83392K), 0.0021408 secs]
27.125: [GC
Desired survivor size 1343488 bytes, new threshold 4 (max 4)
- age   1:      92920 bytes,      92920 total
- age   2:     448424 bytes,     541344 total
- age   3:     451608 bytes,     992952 total
- age   4:      60032 bytes,    1052984 total
 43147K->27229K(83392K), 0.0019530 secs]
27.141: [GC
Desired survivor size 1343488 bytes, new threshold 4 (max 4)
- age   1:     188640 bytes,     188640 total
- age   2:      37272 bytes,     225912 total
- age   3:     448424 bytes,     674336 total
- age   4:     450680 bytes,    1125016 total
 43214K->27357K(83392K), 0.0016918 secs]
27.155: [GC
Desired survivor size 1343488 bytes, new threshold 4 (max 4)
- age   1:     309400 bytes,     309400 total
- age   2:      65608 bytes,     375008 total
- age   3:      37272 bytes,     412280 total
- age   4:      58400 bytes,     470680 total
 43344K->27060K(83392K), 0.0012478 secs]
27.168: [GC
Desired survivor size 1343488 bytes, new threshold 4 (max 4)
- age   1:     459864 bytes,     459864 total
- age   2:     248632 bytes,     708496 total
- age   3:      65616 bytes,     774112 total
 43041K->27414K(83392K), 0.0014398 secs]
27.182: [GC
Desired survivor size 1343488 bytes, new threshold 4 (max 4)
- age   1:     599776 bytes,     599776 total
- age   2:      88176 bytes,     687952 total
- age   3:     248632 bytes,     936584 total
- age   4:      65536 bytes,    1002120 total
 43408K->27636K(83392K), 0.0014792 secs]
27.197: [GC
Desired survivor size 1343488 bytes, new threshold 4 (max 4)
- age   1:     405968 bytes,     405968 total
- age   2:     160608 bytes,     566576 total
- age   3:         40 bytes,     566616 total
- age   4:     248632 bytes,     815248 total
 43632K->27477K(83392K), 0.0013869 secs]
27.211: [GC
Desired survivor size 1343488 bytes, new threshold 4 (max 4)
- age   1:     144632 bytes,     144632 total
- age   2:     133840 bytes,     278472 total
- age   3:     160608 bytes,     439080 total
- age   4:         40 bytes,     439120 total
 43431K->27346K(83392K), 0.0015353 secs]
27.223: [GC
Desired survivor size 1343488 bytes, new threshold 4 (max 4)
- age   1:     605528 bytes,     605528 total
- age   3:      51152 bytes,     656680 total
- age   4:     116520 bytes,     773200 total
 43278K->27675K(83392K), 0.0012972 secs]
27.237: [GC
Desired survivor size 1343488 bytes, new threshold 4 (max 4)
- age   1:     587736 bytes,     587736 total
- age   2:      84120 bytes,     671856 total
- age   4:      51152 bytes,     723008 total
 43660K->27739K(83392K), 0.0013082 secs]
27.251: [GC
Desired survivor size 1343488 bytes, new threshold 4 (max 4)
- age   1:     582336 bytes,     582336 total
- age   2:     164072 bytes,     746408 total
- age   3:      84120 bytes,     830528 total
 43662K->27894K(83392K), 0.0013347 secs]
27.264: [GC
Desired survivor size 1343488 bytes, new threshold 4 (max 4)
- age   1:     175800 bytes,     175800 total
- age   2:     376400 bytes,     552200 total
- age   3:     164072 bytes,     716272 total
- age   4:      84120 bytes,     800392 total
 43820K->27865K(83392K), 0.0013511 secs]
27.277: [GC
Desired survivor size 1343488 bytes, new threshold 4 (max 4)
- age   1:     142416 bytes,     142416 total
- age   2:      93136 bytes,     235552 total
- age   3:     219496 bytes,     455048 total
- age   4:     164072 bytes,     619120 total
 43830K->27770K(83392K), 0.0015770 secs]
27.290: [GC
Desired survivor size 1343488 bytes, new threshold 4 (max 4)
- age   1:     600328 bytes,     600328 total
- age   2:      85008 bytes,     685336 total
- age   3:      93136 bytes,     778472 total
- age   4:     124392 bytes,     902864 total
 43672K->28207K(83392K), 0.0014566 secs]
27.303: [GC
Desired survivor size 1343488 bytes, new threshold 4 (max 4)
- age   1:     183968 bytes,     183968 total
- age   2:     376392 bytes,     560360 total
- age   3:      85008 bytes,     645368 total
- age   4:      93136 bytes,     738504 total
 44170K->28168K(83392K), 0.0014613 secs]
27.316: [GC
Desired survivor size 1343488 bytes, new threshold 4 (max 4)
- age   1:     185096 bytes,     185096 total
- age   3:     233920 bytes,     419016 total
- age   4:      85008 bytes,     504024 total
 44134K->28028K(83392K), 0.0018629 secs]
27.330: [GC
Desired survivor size 1343488 bytes, new threshold 4 (max 4)
- age   1:     597200 bytes,     597200 total
- age   2:     124424 bytes,     721624 total
- age   4:     233920 bytes,     955544 total
 44013K->28554K(83392K), 0.0015042 secs]
27.343: [GC
Desired survivor size 1343488 bytes, new threshold 4 (max 4)
- age   1:     345552 bytes,     345552 total
- age   2:     134456 bytes,     480008 total
- age   3:     124424 bytes,     604432 total
 44513K->28440K(83392K), 0.0016712 secs]
27.356: [GC
Desired survivor size 1343488 bytes, new threshold 4 (max 4)
- age   1:     562456 bytes,     562456 total
- age   2:      42832 bytes,     605288 total
- age   3:     134456 bytes,     739744 total
- age   4:     124424 bytes,     864168 total
 44421K->28693K(83392K), 0.0014632 secs]
27.370: [GC
Desired survivor size 1343488 bytes, new threshold 4 (max 4)
- age   1:     339400 bytes,     339400 total
- age   2:     278296 bytes,     617696 total
- age   3:      42832 bytes,     660528 total
- age   4:     134456 bytes,     794984 total
 44644K->28747K(83392K), 0.0019400 secs]
27.385: [GC
Desired survivor size 1343488 bytes, new threshold 4 (max 4)
- age   1:     906632 bytes,     906632 total
- age   2:     101712 bytes,    1008344 total
- age   3:     278296 bytes,    1286640 total
- age   4:      42832 bytes,    1329472 total
 44741K->29400K(83392K), 0.0026782 secs]
27.402: [GC
Desired survivor size 1343488 bytes, new threshold 4 (max 4)
- age   1:     409168 bytes,     409168 total
- age   2:     805384 bytes,    1214552 total
- age   4:     135128 bytes,    1349680 total
 45400K->29462K(83392K), 0.0017722 secs]
27.415: [GC
Desired survivor size 1343488 bytes, new threshold 3 (max 4)
- age   1:     777824 bytes,     777824 total
- age   2:     349720 bytes,    1127544 total
- age   3:     805384 bytes,    1932928 total
 45424K->30164K(83392K), 0.0033960 secs]
27.430: [GC
Desired survivor size 1343488 bytes, new threshold 4 (max 4)
- age   1:     227712 bytes,     227712 total
- age   2:     539744 bytes,     767456 total
- age   3:     349720 bytes,    1117176 total
 46134K->29912K(83392K), 0.0021912 secs]
27.445: [GC
Desired survivor size 1343488 bytes, new threshold 4 (max 4)
- age   1:     341536 bytes,     341536 total
- age   2:     116568 bytes,     458104 total
- age   3:     334248 bytes,     792352 total
- age   4:     278104 bytes,    1070456 total
 45873K->29861K(83392K), 0.0016939 secs]
27.458: [GC
Desired survivor size 1343488 bytes, new threshold 4 (max 4)
- age   1:     623360 bytes,     623360 total
- age   2:     142160 bytes,     765520 total
- age   3:      55912 bytes,     821432 total
- age   4:     334248 bytes,    1155680 total
 45816K->30122K(83392K), 0.0019042 secs]
27.473: [GC
Desired survivor size 1343488 bytes, new threshold 4 (max 4)
- age   1:     185712 bytes,     185712 total
- age   2:     213792 bytes,     399504 total
- age   3:     142160 bytes,     541664 total
- age   4:      55912 bytes,     597576 total
 46115K->29900K(83392K), 0.0017293 secs]
27.488: [GC
Desired survivor size 1343488 bytes, new threshold 4 (max 4)
- age   1:     411304 bytes,     411304 total
- age   2:     117824 bytes,     529128 total
- age   3:     213792 bytes,     742920 total
- age   4:     142160 bytes,     885080 total
 45862K->30235K(83392K), 0.0015088 secs]
27.504: [GC
Desired survivor size 1343488 bytes, new threshold 4 (max 4)
- age   1:     536952 bytes,     536952 total
- age   2:     338760 bytes,     875712 total
- age   3:     117824 bytes,     993536 total
- age   4:     213792 bytes,    1207328 total
 46182K->30688K(83392K), 0.0019394 secs]
27.519: [GC
Desired survivor size 1343488 bytes, new threshold 2 (max 4)
- age   1:    1030704 bytes,    1030704 total
- age   2:     413744 bytes,    1444448 total
- age   3:     338760 bytes,    1783208 total
- age   4:     117824 bytes,    1901032 total
 46669K->31574K(83392K), 0.0027590 secs]
27.536: [GC
Desired survivor size 1343488 bytes, new threshold 4 (max 4)
- age   1:     217960 bytes,     217960 total
- age   2:     486520 bytes,     704480 total
 47541K->31255K(83392K), 0.0018509 secs]
27.550: [GC
Desired survivor size 1343488 bytes, new threshold 4 (max 4)
- age   1:     364008 bytes,     364008 total
- age   2:     217960 bytes,     581968 total
- age   3:     485104 bytes,    1067072 total
 47255K->31609K(83392K), 0.0022836 secs]
27.569: [GC
Desired survivor size 1343488 bytes, new threshold 4 (max 4)
- age   1:     653440 bytes,     653440 total
- age   2:     364008 bytes,    1017448 total
- age   3:      57456 bytes,    1074904 total
- age   4:     485072 bytes,    1559976 total
 47542K->32093K(83392K), 0.0021210 secs]
27.582: [GC
Desired survivor size 1343488 bytes, new threshold 4 (max 4)
- age   1:     385696 bytes,     385696 total
- age   2:     313824 bytes,     699520 total
- age   3:     362840 bytes,    1062360 total
- age   4:      57456 bytes,    1119816 total
 48093K->32144K(83392K), 0.0025384 secs]
27.597: [GC
Desired survivor size 1343488 bytes, new threshold 4 (max 4)
- age   1:     334984 bytes,     334984 total
- age   2:     348960 bytes,     683944 total
- age   3:     253944 bytes,     937888 total
- age   4:     302832 bytes,    1240720 total
 48121K->32314K(83392K), 0.0017207 secs]
27.615: [GC
Desired survivor size 1343488 bytes, new threshold 4 (max 4)
- age   1:     736264 bytes,     736264 total
- age   2:     269944 bytes,    1006208 total
- age   3:     176176 bytes,    1182384 total
- age   4:     253944 bytes,    1436328 total
 48290K->32802K(83392K), 0.0024221 secs]
27.629: [GC
Desired survivor size 1343488 bytes, new threshold 2 (max 4)
- age   1:    1081080 bytes,    1081080 total
- age   2:     377544 bytes,    1458624 total
- age   3:     269944 bytes,    1728568 total
- age   4:     176176 bytes,    1904744 total
 48802K->33512K(83392K), 0.0022724 secs]
27.643: [GC
Desired survivor size 1343488 bytes, new threshold 4 (max 4)
- age   1:     395968 bytes,     395968 total
- age   2:     861344 bytes,    1257312 total
 49512K->33674K(83392K), 0.0026138 secs]
27.657: [GC
Desired survivor size 1343488 bytes, new threshold 3 (max 4)
- age   1:     773776 bytes,     773776 total
- age   2:     363768 bytes,    1137544 total
- age   3:     667824 bytes,    1805368 total
 49645K->34207K(83392K), 0.0027631 secs]
27.672: [GC
Desired survivor size 1343488 bytes, new threshold 3 (max 4)
- age   1:     390008 bytes,     390008 total
- age   2:     707400 bytes,    1097408 total
- age   3:     363768 bytes,    1461176 total
 50198K->34324K(83392K), 0.0026420 secs]
27.687: [GC
Desired survivor size 1343488 bytes, new threshold 4 (max 4)
- age   1:     314640 bytes,     314640 total
- age   2:     252152 bytes,     566792 total
- age   3:     235808 bytes,     802600 total
 50269K->33987K(83392K), 0.0019428 secs]
27.701: [GC
Desired survivor size 1343488 bytes, new threshold 4 (max 4)
- age   1:     502232 bytes,     502232 total
- age   2:      68960 bytes,     571192 total
- age   3:     140232 bytes,     711424 total
- age   4:     235808 bytes,     947232 total
 49962K->34127K(83392K), 0.0013850 secs]
27.715: [GC
Desired survivor size 1343488 bytes, new threshold 2 (max 4)
- age   1:    1339848 bytes,    1339848 total
- age   2:     443096 bytes,    1782944 total
- age   3:      68960 bytes,    1851904 total
- age   4:     140232 bytes,    1992136 total
 50121K->35378K(83392K), 0.0026528 secs]
27.730: [GC
Desired survivor size 1343488 bytes, new threshold 4 (max 4)
- age   1:     426264 bytes,     426264 total
- age   2:     669488 bytes,    1095752 total
 51361K->35140K(83392K), 0.0026244 secs]
27.745: [GC
Desired survivor size 1343488 bytes, new threshold 4 (max 4)
- age   1:     417512 bytes,     417512 total
- age   2:     201920 bytes,     619432 total
- age   3:     578120 bytes,    1197552 total
 51106K->35240K(83392K), 0.0017672 secs]
27.758: [GC
Desired survivor size 1343488 bytes, new threshold 4 (max 4)
- age   1:     576784 bytes,     576784 total
- age   3:     201920 bytes,     778704 total
- age   4:     578120 bytes,    1356824 total
 51161K->35395K(83392K), 0.0022627 secs]
27.778: [GC
Desired survivor size 1343488 bytes, new threshold 4 (max 4)
- age   1:     450032 bytes,     450032 total
- age   2:     288224 bytes,     738256 total
 51391K->35354K(83392K), 0.0019264 secs]
27.792: [GC
Desired survivor size 1343488 bytes, new threshold 4 (max 4)
- age   1:     386672 bytes,     386672 total
- age   2:     315472 bytes,     702144 total
- age   3:     175072 bytes,     877216 total
 51354K->35494K(83392K), 0.0015566 secs]
27.805: [GC
Desired survivor size 1343488 bytes, new threshold 3 (max 4)
- age   1:     924056 bytes,     924056 total
- age   2:     347200 bytes,    1271256 total
- age   3:     146304 bytes,    1417560 total
- age   4:     175072 bytes,    1592632 total
 51440K->36191K(83392K), 0.0018272 secs]
27.820: [GC
Desired survivor size 1343488 bytes, new threshold 2 (max 4)
- age   1:     757528 bytes,     757528 total
- age   2:     643440 bytes,    1400968 total
- age   3:     347200 bytes,    1748168 total
 52177K->36662K(83392K), 0.0023175 secs]
27.834: [GC
Desired survivor size 1343488 bytes, new threshold 4 (max 4)
- age   1:     658256 bytes,     658256 total
- age   2:     370016 bytes,    1028272 total
 52654K->36593K(83392K), 0.0022581 secs]
27.853: [GC
Desired survivor size 1343488 bytes, new threshold 4 (max 4)
- age   1:     606488 bytes,     606488 total
- age   2:     366656 bytes,     973144 total
- age   3:     197136 bytes,    1170280 total
 52566K->36730K(83392K), 0.0020331 secs]
27.866: [GC
Desired survivor size 1343488 bytes, new threshold 4 (max 4)
- age   1:     429424 bytes,     429424 total
- age   2:     338912 bytes,     768336 total
- age   3:     113488 bytes,     881824 total
- age   4:     197136 bytes,    1078960 total
 52683K->36640K(83392K), 0.0020059 secs]
27.881: [GC
Desired survivor size 1343488 bytes, new threshold 4 (max 4)
- age   1:     625256 bytes,     625256 total
- age   2:     289344 bytes,     914600 total
- age   3:     337576 bytes,    1252176 total
- age   4:     113488 bytes,    1365664 total
 52549K->37113K(83392K), 0.0022847 secs]
27.895: [GC
Desired survivor size 1343488 bytes, new threshold 4 (max 4)
- age   1:     294736 bytes,     294736 total
- age   2:     556664 bytes,     851400 total
- age   3:     289344 bytes,    1140744 total
- age   4:     211000 bytes,    1351744 total
 53110K->37213K(83392K), 0.0021275 secs]
27.909: [GC
Desired survivor size 1343488 bytes, new threshold 4 (max 4)
- age   1:     649000 bytes,     649000 total
- age   2:     247808 bytes,     896808 total
- age   3:     430648 bytes,    1327456 total
- age   4:     204240 bytes,    1531696 total
 53174K->37529K(83392K), 0.0026752 secs]
27.923: [GC
Desired survivor size 1343488 bytes, new threshold 4 (max 4)
- age   1:     148032 bytes,     148032 total
- age   2:     552312 bytes,     700344 total
- age   3:     247808 bytes,     948152 total
- age   4:     262712 bytes,    1210864 total
 53515K->37418K(83392K), 0.0019651 secs]
27.936: [GC
Desired survivor size 1343488 bytes, new threshold 3 (max 4)
- age   1:    1184736 bytes,    1184736 total
- age   2:     126520 bytes,    1311256 total
- age   3:     552312 bytes,    1863568 total
- age   4:     247808 bytes,    2111376 total
 53345K->38553K(83392K), 0.0028005 secs]
27.952: [GC
Desired survivor size 1343488 bytes, new threshold 2 (max 4)
- age   1:     658592 bytes,     658592 total
- age   2:    1115544 bytes,    1774136 total
- age   3:     115832 bytes,    1889968 total
 54536K->38938K(83392K), 0.0028245 secs]
27.967: [GC
Desired survivor size 1343488 bytes, new threshold 2 (max 4)
- age   1:     953208 bytes,     953208 total
- age   2:     446424 bytes,    1399632 total
 54908K->39665K(83392K), 0.0032300 secs]
27.983: [GC
Desired survivor size 1343488 bytes, new threshold 4 (max 4)
- age   1:     539544 bytes,     539544 total
- age   2:     799040 bytes,    1338584 total
 55656K->40039K(83392K), 0.0021018 secs]
27.998: [GC
Desired survivor size 1343488 bytes, new threshold 2 (max 4)
- age   1:     957800 bytes,     957800 total
- age   2:     459920 bytes,    1417720 total
- age   3:     738368 bytes,    2156088 total
 56017K->40837K(83392K), 0.0022180 secs]
28.013: [GC
Desired survivor size 1343488 bytes, new threshold 2 (max 4)
- age   1:     465032 bytes,     465032 total
- age   2:     894672 bytes,    1359704 total
 56756K->41229K(83392K), 0.0028521 secs]
28.029: [GC
Desired survivor size 1343488 bytes, new threshold 4 (max 4)
- age   1:     232088 bytes,     232088 total
- age   2:     157560 bytes,     389648 total
 57226K->41155K(83392K), 0.0019823 secs]
28.042: [GC
Desired survivor size 1343488 bytes, new threshold 4 (max 4)
- age   1:     208232 bytes,     208232 total
- age   2:     151704 bytes,     359936 total
- age   3:      61920 bytes,     421856 total
 57086K->41185K(83392K), 0.0011941 secs]
28.056: [GC
Desired survivor size 1343488 bytes, new threshold 4 (max 4)
- age   1:    1123464 bytes,    1123464 total
- age   3:     151704 bytes,    1275168 total
 57153K->42018K(83392K), 0.0017267 secs]
28.070: [GC
Desired survivor size 1343488 bytes, new threshold 4 (max 4)
- age   1:     348336 bytes,     348336 total
- age   2:     968008 bytes,    1316344 total
- age   4:     131584 bytes,    1447928 total
 58015K->42188K(83392K), 0.0021528 secs]
28.084: [GC
Desired survivor size 1343488 bytes, new threshold 3 (max 4)
- age   1:     267680 bytes,     267680 total
- age   2:     244176 bytes,     511856 total
- age   3:     967968 bytes,    1479824 total
 58170K->42349K(83392K), 0.0019709 secs]
28.102: [GC
Desired survivor size 1343488 bytes, new threshold 4 (max 4)
- age   1:     319584 bytes,     319584 total
- age   2:     112024 bytes,     431608 total
- age   3:      78304 bytes,     509912 total
 58349K->42203K(83392K), 0.0020378 secs]
28.116: [GC
Desired survivor size 1343488 bytes, new threshold 2 (max 4)
- age   1:    1065816 bytes,    1065816 total
- age   2:     319584 bytes,    1385400 total
- age   3:     112024 bytes,    1497424 total
- age   4:      78304 bytes,    1575728 total
 58193K->43244K(83392K), 0.0022946 secs]
28.138: [GC
Desired survivor size 1343488 bytes, new threshold 4 (max 4)
- age   1:     215488 bytes,     215488 total
- age   2:     775952 bytes,     991440 total
 59244K->43171K(83392K), 0.0019980 secs]
28.153: [GC
Desired survivor size 1343488 bytes, new threshold 4 (max 4)
- age   1:     512824 bytes,     512824 total
- age   2:     148296 bytes,     661120 total
- age   3:     576504 bytes,    1237624 total
 59139K->43416K(83392K), 0.0020834 secs]
28.167: [GC
Desired survivor size 1343488 bytes, new threshold 4 (max 4)
- age   1:     482000 bytes,     482000 total
- age   2:     344856 bytes,     826856 total
- age   3:     148296 bytes,     975152 total
- age   4:     576504 bytes,    1551656 total
 59404K->43718K(83392K), 0.0020285 secs]
28.188: [GC
Desired survivor size 1343488 bytes, new threshold 4 (max 4)
- age   1:     449800 bytes,     449800 total
- age   2:     154792 bytes,     604592 total
- age   3:     277528 bytes,     882120 total
- age   4:     148296 bytes,    1030416 total
 59718K->43778K(83392K), 0.0019075 secs]
28.204: [GC
Desired survivor size 1343488 bytes, new threshold 4 (max 4)
- age   1:     124160 bytes,     124160 total
- age   2:     448520 bytes,     572680 total
- age   3:     154792 bytes,     727472 total
- age   4:     236072 bytes,     963544 total
 59778K->43860K(83392K), 0.0015259 secs]
28.218: [GC
Desired survivor size 1343488 bytes, new threshold 3 (max 4)
- age   1:    1093752 bytes,    1093752 total
- age   2:     104024 bytes,    1197776 total
- age   3:     448520 bytes,    1646296 total
- age   4:     154792 bytes,    1801088 total
 59855K->44902K(83392K), 0.0023065 secs]
28.232: [GC
Desired survivor size 1343488 bytes, new threshold 2 (max 4)
- age   1:     746200 bytes,     746200 total
- age   2:    1063168 bytes,    1809368 total
- age   3:       5296 bytes,    1814664 total
 60878K->45184K(83392K), 0.0024626 secs]
28.246: [GC
Desired survivor size 1343488 bytes, new threshold 4 (max 4)
- age   1:     287984 bytes,     287984 total
- age   2:     627120 bytes,     915104 total
 61164K->45349K(83392K), 0.0033805 secs]
28.263: [GC
Desired survivor size 1343488 bytes, new threshold 3 (max 4)
- age   1:     921496 bytes,     921496 total
- age   2:     120592 bytes,    1042088 total
- age   3:     586472 bytes,    1628560 total
 61339K->46044K(83392K), 0.0022026 secs]
28.276: [GC
Desired survivor size 1343488 bytes, new threshold 3 (max 4)
- age   1:     344152 bytes,     344152 total
- age   2:     913520 bytes,    1257672 total
- age   3:     120592 bytes,    1378264 total
 62022K->46223K(83392K), 0.0024661 secs]
28.290: [GC
Desired survivor size 1343488 bytes, new threshold 3 (max 4)
- age   1:     691488 bytes,     691488 total
- age   2:     292016 bytes,     983504 total
- age   3:     913520 bytes,    1897024 total
 62221K->46852K(83392K), 0.0023119 secs]
28.304: [GC
Desired survivor size 1343488 bytes, new threshold 4 (max 4)
- age   1:     234408 bytes,     234408 total
- age   2:     691488 bytes,     925896 total
- age   3:     137256 bytes,    1063152 total
 62824K->46847K(83392K), 0.0024570 secs]
28.321: [GC
Desired survivor size 1343488 bytes, new threshold 3 (max 4)
- age   1:     461464 bytes,     461464 total
- age   2:     234368 bytes,     695832 total
- age   3:     691488 bytes,    1387320 total
- age   4:      62752 bytes,    1450072 total
 62812K->47214K(83392K), 0.0025348 secs]
28.335: [GC
Desired survivor size 1343488 bytes, new threshold 4 (max 4)
- age   1:     330144 bytes,     330144 total
- age   2:     419144 bytes,     749288 total
- age   3:      52144 bytes,     801432 total
 63179K->47162K(83392K), 0.0018745 secs]
28.350: [GC
Desired survivor size 1343488 bytes, new threshold 4 (max 4)
- age   1:     524640 bytes,     524640 total
- age   2:     171520 bytes,     696160 total
- age   3:     162912 bytes,     859072 total
- age   4:      52144 bytes,     911216 total
 63161K->47267K(83392K), 0.0015814 secs]
28.363: [GC
Desired survivor size 1343488 bytes, new threshold 4 (max 4)
- age   1:     281312 bytes,     281312 total
- age   2:     263008 bytes,     544320 total
- age   4:     162912 bytes,     707232 total
 63251K->47120K(83392K), 0.0012667 secs]
28.378: [GC
Desired survivor size 1343488 bytes, new threshold 4 (max 4)
- age   1:     825704 bytes,     825704 total
- age   2:     109200 bytes,     934904 total
- age   3:     178816 bytes,    1113720 total
 63090K->47681K(83392K), 0.0019919 secs]
28.392: [GC
Desired survivor size 1343488 bytes, new threshold 4 (max 4)
- age   1:     193992 bytes,     193992 total
- age   2:     707040 bytes,     901032 total
- age   4:     178816 bytes,    1079848 total
 63661K->47647K(83392K), 0.0018763 secs]
28.405: [GC
Desired survivor size 1343488 bytes, new threshold 4 (max 4)
- age   1:     299832 bytes,     299832 total
- age   2:      25624 bytes,     325456 total
- age   3:     519992 bytes,     845448 total
 63608K->47597K(83392K), 0.0018810 secs]
28.418: [GC
Desired survivor size 1343488 bytes, new threshold 1 (max 4)
- age   1:    1732144 bytes,    1732144 total
- age   2:     195328 bytes,    1927472 total
- age   4:     519992 bytes,    2447464 total
 63597K->49155K(83392K), 0.0031363 secs]
28.435: [GC
Desired survivor size 1343488 bytes, new threshold 4 (max 4)
- age   1:     886320 bytes,     886320 total
 65139K->49942K(83392K), 0.0033215 secs]
28.451: [GC
Desired survivor size 1343488 bytes, new threshold 4 (max 4)
- age   1:     489744 bytes,     489744 total
- age   2:     689664 bytes,    1179408 total
 65937K->50228K(83392K), 0.0022661 secs]
28.466: [GC
Desired survivor size 1343488 bytes, new threshold 3 (max 4)
- age   1:     398704 bytes,     398704 total
- age   2:     405912 bytes,     804616 total
- age   3:     689664 bytes,    1494280 total
 66195K->50538K(83392K), 0.0020836 secs]
28.484: [GC
Desired survivor size 1343488 bytes, new threshold 4 (max 4)
- age   1:     685528 bytes,     685528 total
- age   2:     140560 bytes,     826088 total
- age   3:     405912 bytes,    1232000 total
 66494K->50790K(83392K), 0.0026994 secs]
28.498: [GC
Desired survivor size 1343488 bytes, new threshold 4 (max 4)
- age   1:     327192 bytes,     327192 total
- age   2:     550120 bytes,     877312 total
- age   3:     140560 bytes,    1017872 total
- age   4:     353480 bytes,    1371352 total
 66766K->50925K(83392K), 0.0019165 secs]
28.513: [GC
Desired survivor size 1343488 bytes, new threshold 4 (max 4)
- age   1:     266040 bytes,     266040 total
- age   2:     247584 bytes,     513624 total
- age   3:     382464 bytes,     896088 total
- age   4:     140560 bytes,    1036648 total
 66914K->50944K(83392K), 0.0022635 secs]
28.526: [GC
Desired survivor size 1343488 bytes, new threshold 4 (max 4)
- age   1:     312008 bytes,     312008 total
- age   2:     206144 bytes,     518152 total
- age   3:     247584 bytes,     765736 total
- age   4:      91968 bytes,     857704 total
 66929K->50906K(83392K), 0.0019029 secs]
28.539: [GC
Desired survivor size 1343488 bytes, new threshold 4 (max 4)
- age   1:     446464 bytes,     446464 total
- age   2:     247488 bytes,     693952 total
- age   3:     122240 bytes,     816192 total
- age   4:      84440 bytes,     900632 total
 66884K->51041K(83392K), 0.0019271 secs]
28.553: [GC
Desired survivor size 1343488 bytes, new threshold 4 (max 4)
- age   1:     704720 bytes,     704720 total
- age   2:     329544 bytes,    1034264 total
- age   3:     247448 bytes,    1281712 total
- age   4:     122240 bytes,    1403952 total
 67017K->51612K(83392K), 0.0023572 secs]
28.568: [GC
Desired survivor size 1343488 bytes, new threshold 3 (max 4)
- age   1:     684392 bytes,     684392 total
- age   2:     571024 bytes,    1255416 total
- age   3:     158672 bytes,    1414088 total
- age   4:     247448 bytes,    1661536 total
 67612K->51983K(83392K), 0.0022478 secs]
28.585: [GC
Desired survivor size 1343488 bytes, new threshold 4 (max 4)
- age   1:     290056 bytes,     290056 total
- age   2:     535600 bytes,     825656 total
- age   3:     311784 bytes,    1137440 total
 67906K->51869K(83392K), 0.0021328 secs]
28.608: [GC
Desired survivor size 1343488 bytes, new threshold 4 (max 4)
- age   1:     180776 bytes,     180776 total
- age   2:        568 bytes,     181344 total
- age   3:     457624 bytes,     638968 total
- age   4:     311128 bytes,     950096 total
 67831K->51685K(83392K), 0.0016122 secs]
28.623: [GC
Desired survivor size 1343488 bytes, new threshold 4 (max 4)
- age   1:     486984 bytes,     486984 total
- age   2:      88408 bytes,     575392 total
- age   3:        568 bytes,     575960 total
- age   4:     328080 bytes,     904040 total
 67646K->51952K(83392K), 0.0019563 secs]
28.637: [GC
Desired survivor size 1343488 bytes, new threshold 4 (max 4)
- age   1:     789248 bytes,     789248 total
- age   2:     282728 bytes,    1071976 total
- age   3:      85328 bytes,    1157304 total
- age   4:        568 bytes,    1157872 total
 67952K->52449K(83392K), 0.0019471 secs]
28.652: [GC
Desired survivor size 1343488 bytes, new threshold 2 (max 4)
- age   1:    1188104 bytes,    1188104 total
- age   2:     742320 bytes,    1930424 total
- age   3:     282696 bytes,    2213120 total
- age   4:      73280 bytes,    2286400 total
 68374K->53551K(83392K), 0.0030334 secs]
28.671: [GC
Desired survivor size 1343488 bytes, new threshold 2 (max 4)
- age   1:     486040 bytes,     486040 total
- age   2:    1018352 bytes,    1504392 total
 69535K->53639K(83392K), 0.0031280 secs]
28.677: [GC 57780K(83392K), 0.0008344 secs]
28.688: [GC
Desired survivor size 1343488 bytes, new threshold 4 (max 4)
- age   1:     991816 bytes,     991816 total
- age   2:     310512 bytes,    1302328 total
 69620K->54429K(83392K), 0.0026753 secs]
28.705: [GC
Desired survivor size 1343488 bytes, new threshold 4 (max 4)
- age   1:     357872 bytes,     357872 total
- age   2:     581200 bytes,     939072 total
- age   3:     309688 bytes,    1248760 total
 70429K->54366K(83392K), 0.0019754 secs]
28.720: [GC
Desired survivor size 1343488 bytes, new threshold 4 (max 4)
- age   1:     224832 bytes,     224832 total
- age   2:     238880 bytes,     463712 total
- age   3:     581200 bytes,    1044912 total
- age   4:     309688 bytes,    1354600 total
 70366K->54471K(83392K), 0.0018795 secs]
28.738: [GC
Desired survivor size 1343488 bytes, new threshold 4 (max 4)
- age   1:     517712 bytes,     517712 total
- age   2:     224792 bytes,     742504 total
- age   3:     237256 bytes,     979760 total
- age   4:     581200 bytes,    1560960 total
 70452K->54977K(83392K), 0.0021328 secs]
28.754: [GC
Desired survivor size 1343488 bytes, new threshold 4 (max 4)
- age   1:     117336 bytes,     117336 total
- age   2:     422544 bytes,     539880 total
- age   3:     224792 bytes,     764672 total
- age   4:     237256 bytes,    1001928 total
 70975K->55001K(83392K), 0.0021283 secs]
28.770: [GC
Desired survivor size 1343488 bytes, new threshold 4 (max 4)
- age   1:     179024 bytes,     179024 total
- age   2:        376 bytes,     179400 total
- age   3:     422544 bytes,     601944 total
- age   4:     206680 bytes,     808624 total
 70997K->55039K(83392K), 0.0015635 secs]
28.783: [GC
Desired survivor size 1343488 bytes, new threshold 4 (max 4)
- age   1:     307728 bytes,     307728 total
- age   2:     153696 bytes,     461424 total
- age   3:        376 bytes,     461800 total
- age   4:     422544 bytes,     884344 total
 71035K->55250K(83392K), 0.0017531 secs]
28.797: [GC
Desired survivor size 1343488 bytes, new threshold 4 (max 4)
- age   1:     946232 bytes,     946232 total
- age   2:     185960 bytes,    1132192 total
- age   3:      92680 bytes,    1224872 total
- age   4:        376 bytes,    1225248 total
 71219K->55996K(83392K), 0.0024934 secs]
28.811: [GC
Desired survivor size 1343488 bytes, new threshold 3 (max 4)
- age   1:     394976 bytes,     394976 total
- age   2:     890472 bytes,    1285448 total
- age   3:     185960 bytes,    1471408 total
- age   4:      92680 bytes,    1564088 total
 71979K->56330K(83392K), 0.0028364 secs]
28.825: [GC
Desired survivor size 1343488 bytes, new threshold 3 (max 4)
- age   1:     831104 bytes,     831104 total
- age   2:     165240 bytes,     996344 total
- age   3:     563976 bytes,    1560320 total
 72279K->56504K(83392K), 0.0024775 secs]
28.845: [GC
Desired survivor size 1343488 bytes, new threshold 4 (max 4)
- age   1:     220912 bytes,     220912 total
- age   2:     744680 bytes,     965592 total
- age   3:     165240 bytes,    1130832 total
 72493K->56307K(83392K), 0.0019431 secs]
28.859: [GC
Desired survivor size 1343488 bytes, new threshold 4 (max 4)
- age   1:     383088 bytes,     383088 total
- age   2:     153600 bytes,     536688 total
- age   3:     379760 bytes,     916448 total
- age   4:     165240 bytes,    1081688 total
 72259K->56256K(83392K), 0.0022707 secs]
28.877: [GC
Desired survivor size 1343488 bytes, new threshold 4 (max 4)
- age   1:     610304 bytes,     610304 total
- age   2:     152824 bytes,     763128 total
- age   3:     152896 bytes,     916024 total
- age   4:     219792 bytes,    1135816 total
 72234K->56473K(83392K), 0.0018869 secs]
28.892: [GC
Desired survivor size 1343488 bytes, new threshold 4 (max 4)
- age   1:     184168 bytes,     184168 total
- age   2:     578080 bytes,     762248 total
- age   3:     152824 bytes,     915072 total
- age   4:     152896 bytes,    1067968 total
 72464K->56628K(83392K), 0.0019756 secs]
28.907: [GC
Desired survivor size 1343488 bytes, new threshold 4 (max 4)
- age   1:     147744 bytes,     147744 total
- age   2:     106896 bytes,     254640 total
- age   3:     315448 bytes,     570088 total
- age   4:      70160 bytes,     640248 total
 72628K->56352K(83392K), 0.0016010 secs]
28.920: [GC
Desired survivor size 1343488 bytes, new threshold 4 (max 4)
- age   1:     246512 bytes,     246512 total
- age   2:     125952 bytes,     372464 total
- age   3:      14248 bytes,     386712 total
- age   4:     315448 bytes,     702160 total
 72339K->56492K(83392K), 0.0017975 secs]
28.934: [GC
Desired survivor size 1343488 bytes, new threshold 4 (max 4)
- age   1:     156640 bytes,     156640 total
- age   2:      89744 bytes,     246384 total
- age   3:     125912 bytes,     372296 total
- age   4:      14248 bytes,     386544 total
 72479K->56483K(83392K), 0.0018123 secs]
28.947: [GC
Desired survivor size 1343488 bytes, new threshold 4 (max 4)
- age   1:     853296 bytes,     853296 total
- age   2:      78664 bytes,     931960 total
- age   3:      89744 bytes,    1021704 total
- age   4:     125824 bytes,    1147528 total
 72342K->57249K(83392K), 0.0017066 secs]
28.961: [GC
Desired survivor size 1343488 bytes, new threshold 4 (max 4)
- age   1:     451024 bytes,     451024 total
- age   2:     213960 bytes,     664984 total
- age   3:      78664 bytes,     743648 total
- age   4:      89744 bytes,     833392 total
 73234K->57055K(83392K), 0.0023368 secs]
28.974: [GC
Desired survivor size 1343488 bytes, new threshold 4 (max 4)
- age   1:     750920 bytes,     750920 total
- age   2:     211968 bytes,     962888 total
- age   3:     134336 bytes,    1097224 total
- age   4:      78664 bytes,    1175888 total
 73012K->57477K(83392K), 0.0018962 secs]
28.992: [GC
Desired survivor size 1343488 bytes, new threshold 4 (max 4)
- age   1:     344352 bytes,     344352 total
- age   2:     169704 bytes,     514056 total
- age   3:     211968 bytes,     726024 total
- age   4:     134336 bytes,     860360 total
 73384K->57246K(83392K), 0.0016410 secs]
29.006: [GC
Desired survivor size 1343488 bytes, new threshold 4 (max 4)
- age   1:     882416 bytes,     882416 total
- age   2:       4528 bytes,     886944 total
- age   3:     169704 bytes,    1056648 total
- age   4:     211968 bytes,    1268616 total
 73244K->57776K(83392K), 0.0022570 secs]
29.020: [GC
Desired survivor size 1343488 bytes, new threshold 4 (max 4)
- age   1:     354152 bytes,     354152 total
- age   2:     707456 bytes,    1061608 total
- age   3:       4528 bytes,    1066136 total
- age   4:     169704 bytes,    1235840 total
 73768K->57953K(83392K), 0.0020215 secs]
29.035: [GC
Desired survivor size 1343488 bytes, new threshold 3 (max 4)
- age   1:     813488 bytes,     813488 total
- age   2:     282536 bytes,    1096024 total
- age   3:     311136 bytes,    1407160 total
- age   4:       4528 bytes,    1411688 total
 73927K->58290K(83392K), 0.0019507 secs]
29.050: [GC
Desired survivor size 1343488 bytes, new threshold 2 (max 4)
- age   1:     707560 bytes,     707560 total
- age   2:     703384 bytes,    1410944 total
- age   3:     282536 bytes,    1693480 total
 74267K->58878K(83392K), 0.0022207 secs]
29.064: [GC
Desired survivor size 1343488 bytes, new threshold 4 (max 4)
- age   1:     286200 bytes,     286200 total
- age   2:     537776 bytes,     823976 total
 74875K->58964K(83392K), 0.0027022 secs]
29.078: [GC
Desired survivor size 1343488 bytes, new threshold 4 (max 4)
- age   1:     657552 bytes,     657552 total
- age   2:     205360 bytes,     862912 total
- age   3:     266640 bytes,    1129552 total
 74951K->59262K(83392K), 0.0018675 secs]
29.091: [GC
Desired survivor size 1343488 bytes, new threshold 3 (max 4)
- age   1:     631320 bytes,     631320 total
- age   2:     579184 bytes,    1210504 total
- age   3:     205360 bytes,    1415864 total
- age   4:     266640 bytes,    1682504 total
 75234K->59801K(83392K), 0.0022262 secs]
29.105: [GC
Desired survivor size 1343488 bytes, new threshold 3 (max 4)
- age   1:     565632 bytes,     565632 total
- age   2:     549528 bytes,    1115160 total
- age   3:     579184 bytes,    1694344 total
 75762K->60274K(83392K), 0.0029021 secs]
29.123: [GC
Desired survivor size 1343488 bytes, new threshold 3 (max 4)
- age   1:     744848 bytes,     744848 total
- age   2:     301488 bytes,    1046336 total
- age   3:     330544 bytes,    1376880 total
 76235K->60529K(83392K), 0.0028146 secs]
29.139: [GC
Desired survivor size 1343488 bytes, new threshold 3 (max 4)
- age   1:     414576 bytes,     414576 total
- age   2:     658328 bytes,    1072904 total
- age   3:     301488 bytes,    1374392 total
 76505K->60813K(83392K), 0.0023913 secs]
29.158: [GC
Desired survivor size 1343488 bytes, new threshold 3 (max 4)
- age   1:     453976 bytes,     453976 total
- age   2:     337168 bytes,     791144 total
- age   3:     658328 bytes,    1449472 total
 76813K->61109K(83392K), 0.0027535 secs]
29.173: [GC
Desired survivor size 1343488 bytes, new threshold 4 (max 4)
- age   1:     157208 bytes,     157208 total
- age   2:     453976 bytes,     611184 total
- age   3:     337136 bytes,     948320 total
 77109K->60879K(83392K), 0.0019026 secs]
29.189: [GC
Desired survivor size 1343488 bytes, new threshold 4 (max 4)
- age   1:     252096 bytes,     252096 total
- age   2:     157168 bytes,     409264 total
- age   3:     299176 bytes,     708440 total
- age   4:     336304 bytes,    1044744 total
 76878K->60971K(83392K), 0.0018523 secs]
29.203: [GC
Desired survivor size 1343488 bytes, new threshold 4 (max 4)
- age   1:     424232 bytes,     424232 total
- age   2:     170584 bytes,     594816 total
- age   3:     157168 bytes,     751984 total
- age   4:     299176 bytes,    1051160 total
 76971K->61310K(83392K), 0.0023274 secs]
29.217: [GC
Desired survivor size 1343488 bytes, new threshold 4 (max 4)
- age   1:     304352 bytes,     304352 total
- age   2:     241944 bytes,     546296 total
- age   3:      18784 bytes,     565080 total
- age   4:     157168 bytes,     722248 total
 77288K->61282K(83392K), 0.0018892 secs]
29.231: [GC
Desired survivor size 1343488 bytes, new threshold 4 (max 4)
- age   1:     654512 bytes,     654512 total
- age   2:      78984 bytes,     733496 total
- age   3:     157600 bytes,     891096 total
- age   4:      10744 bytes,     901840 total
 77281K->61611K(83392K), 0.0018284 secs]
29.244: [GC
Desired survivor size 1343488 bytes, new threshold 4 (max 4)
- age   1:     501640 bytes,     501640 total
- age   2:     362408 bytes,     864048 total
- age   3:      78984 bytes,     943032 total
- age   4:     116048 bytes,    1059080 total
 77556K->61779K(83392K), 0.0020534 secs]
29.260: [GC
Desired survivor size 1343488 bytes, new threshold 3 (max 4)
- age   1:     843896 bytes,     843896 total
- age   2:     376304 bytes,    1220200 total
- age   3:     204520 bytes,    1424720 total
 77779K->62241K(83392K), 0.0028674 secs]
29.275: [GC
Desired survivor size 1343488 bytes, new threshold 4 (max 4)
- age   1:     391032 bytes,     391032 total
- age   2:     826008 bytes,    1217040 total
- age   3:     120360 bytes,    1337400 total
 78239K->62356K(83392K), 0.0019908 secs]
29.290: [GC
Desired survivor size 1343488 bytes, new threshold 3 (max 4)
- age   1:     514808 bytes,     514808 total
- age   2:     365304 bytes,     880112 total
- age   3:     583592 bytes,    1463704 total
- age   4:     120360 bytes,    1584064 total
 78301K->62602K(83392K), 0.0020992 secs]
29.304: [GC
Desired survivor size 1343488 bytes, new threshold 4 (max 4)
- age   1:     328312 bytes,     328312 total
- age   2:     433000 bytes,     761312 total
- age   3:     365304 bytes,    1126616 total
 78579K->62479K(83392K), 0.0020910 secs]
29.320: [GC
Desired survivor size 1343488 bytes, new threshold 4 (max 4)
- age   1:     115200 bytes,     115200 total
- age   2:     125856 bytes,     241056 total
- age   3:     433000 bytes,     674056 total
- age   4:     365304 bytes,    1039360 total
 78478K->62394K(83392K), 0.0019773 secs]
29.334: [GC
Desired survivor size 1343488 bytes, new threshold 4 (max 4)
- age   1:     738656 bytes,     738656 total
- age   2:      56064 bytes,     794720 total
- age   3:     125856 bytes,     920576 total
- age   4:     163304 bytes,    1083880 total
 78339K->62543K(83392K), 0.0017658 secs]
29.350: [GC
Desired survivor size 1343488 bytes, new threshold 4 (max 4)
- age   1:     400352 bytes,     400352 total
- age   2:     574552 bytes,     974904 total
- age   3:      55192 bytes,    1030096 total
 78541K->62648K(83392K), 0.0016794 secs]
29.364: [GC
Desired survivor size 1343488 bytes, new threshold 4 (max 4)
- age   1:     297200 bytes,     297200 total
- age   2:     232032 bytes,     529232 total
- age   3:     321384 bytes,     850616 total
- age   4:      55192 bytes,     905808 total
 78598K->62527K(83392K), 0.0015043 secs]
29.377: [GC
Desired survivor size 1343488 bytes, new threshold 4 (max 4)
- age   1:     846064 bytes,     846064 total
- age   2:     169168 bytes,    1015232 total
- age   3:     207384 bytes,    1222616 total
- age   4:     321384 bytes,    1544000 total
 78493K->63206K(83392K), 0.0026954 secs]
29.391: [GC
Desired survivor size 1343488 bytes, new threshold 2 (max 4)
- age   1:     768672 bytes,     768672 total
- age   2:     846064 bytes,    1614736 total
- age   3:     169168 bytes,    1783904 total
- age   4:     207384 bytes,    1991288 total
 79176K->63788K(83392K), 0.0026046 secs]
29.407: [GC
Desired survivor size 1343488 bytes, new threshold 4 (max 4)
- age   1:     211800 bytes,     211800 total
- age   2:     737944 bytes,     949744 total
 79766K->63419K(83392K), 0.0022564 secs]
29.421: [GC
Desired survivor size 1343488 bytes, new threshold 3 (max 4)
- age   1:     557160 bytes,     557160 total
- age   2:     136416 bytes,     693576 total
- age   3:     737944 bytes,    1431520 total
 79417K->63881K(83392K), 0.0021387 secs]
29.435: [GC
Desired survivor size 1343488 bytes, new threshold 4 (max 4)
- age   1:      95176 bytes,      95176 total
- age   2:     478280 bytes,     573456 total
- age   3:     136416 bytes,     709872 total
 79872K->63898K(83392K), 0.0024694 secs]
29.448: [GC
Desired survivor size 1343488 bytes, new threshold 4 (max 4)
- age   1:     335960 bytes,     335960 total
- age   3:     478280 bytes,     814240 total
- age   4:     136320 bytes,     950560 total
 79886K->64134K(83392K), 0.0022655 secs]
29.463: [GC
Desired survivor size 1343488 bytes, new threshold 4 (max 4)
- age   1:     463768 bytes,     463768 total
- age   2:     298120 bytes,     761888 total
- age   4:     478280 bytes,    1240168 total
 80127K->64550K(83392K), 0.0018295 secs]
29.477: [GC
Desired survivor size 1343488 bytes, new threshold 3 (max 4)
- age   1:     977144 bytes,     977144 total
- age   2:     252680 bytes,    1229824 total
- age   3:     298120 bytes,    1527944 total
 80543K->65298K(83392K), 0.0024955 secs]
29.491: [GC
Desired survivor size 1343488 bytes, new threshold 2 (max 4)
- age   1:     498920 bytes,     498920 total
- age   2:     929432 bytes,    1428352 total
- age   3:     207760 bytes,    1636112 total
 81248K->65495K(83392K), 0.0022459 secs]
29.505: [GC
Desired survivor size 1343488 bytes, new threshold 4 (max 4)
- age   1:     721320 bytes,     721320 total
- age   2:     356216 bytes,    1077536 total
 81472K->80997K(83392K), 0.0021586 secs]
29.508: [Full GC 80997K->8510K(83392K), 0.0860060 secs]
29.610: [GC
Desired survivor size 1343488 bytes, new threshold 4 (max 4)
- age   1:     277064 bytes,     277064 total
 24510K->8783K(83392K), 0.0008900 secs]
29.624: [GC
Desired survivor size 1343488 bytes, new threshold 4 (max 4)
- age   1:     366328 bytes,     366328 total
- age   2:     224152 bytes,     590480 total
 24743K->9089K(83392K), 0.0010682 secs]
29.639: [GC
Desired survivor size 1343488 bytes, new threshold 4 (max 4)
- age   1:     741816 bytes,     741816 total
- age   2:     214080 bytes,     955896 total
- age   3:     224152 bytes,    1180048 total
 25073K->9664K(83392K), 0.0014763 secs]
29.652: [GC
Desired survivor size 1343488 bytes, new threshold 4 (max 4)
- age   1:     279200 bytes,     279200 total
- age   2:     630080 bytes,     909280 total
- age   3:     142696 bytes,    1051976 total
- age   4:     224152 bytes,    1276128 total
 25630K->9764K(83392K), 0.0016945 secs]
29.670: [GC
Desired survivor size 1343488 bytes, new threshold 4 (max 4)
- age   1:     329976 bytes,     329976 total
- age   2:     114912 bytes,     444888 total
- age   3:     535016 bytes,     979904 total
- age   4:     142656 bytes,    1122560 total
 25764K->9838K(83392K), 0.0018110 secs]
29.684: [GC
Desired survivor size 1343488 bytes, new threshold 4 (max 4)
- age   1:     610584 bytes,     610584 total
- age   2:     255864 bytes,     866448 total
- age   3:       3024 bytes,     869472 total
- age   4:     535016 bytes,    1404488 total
 25824K->10249K(83392K), 0.0017450 secs]
29.697: [GC
Desired survivor size 1343488 bytes, new threshold 2 (max 4)
- age   1:     948064 bytes,     948064 total
- age   2:     556344 bytes,    1504408 total
- age   3:     255864 bytes,    1760272 total
- age   4:       3024 bytes,    1763296 total
 26244K->11123K(83392K), 0.0025394 secs]
29.712: [GC
Desired survivor size 1343488 bytes, new threshold 2 (max 4)
- age   1:     892656 bytes,     892656 total
- age   2:     841416 bytes,    1734072 total
 27116K->11696K(83392K), 0.0024171 secs]
29.727: [GC
Desired survivor size 1343488 bytes, new threshold 4 (max 4)
- age   1:     590408 bytes,     590408 total
- age   2:     702264 bytes,    1292672 total
 27632K->12084K(83392K), 0.0026600 secs]
29.741: [GC
Desired survivor size 1343488 bytes, new threshold 4 (max 4)
- age   1:     207416 bytes,     207416 total
- age   2:     545208 bytes,     752624 total
- age   3:     273712 bytes,    1026336 total
 28084K->11824K(83392K), 0.0015149 secs]
29.754: [GC
Desired survivor size 1343488 bytes, new threshold 3 (max 4)
- age   1:     790304 bytes,     790304 total
- age   2:     159048 bytes,     949352 total
- age   3:     545208 bytes,    1494560 total
- age   4:     273712 bytes,    1768272 total
 27807K->12548K(83392K), 0.0023004 secs]
29.770: [GC
Desired survivor size 1343488 bytes, new threshold 4 (max 4)
- age   1:     481136 bytes,     481136 total
- age   2:     679032 bytes,    1160168 total
- age   3:     159048 bytes,    1319216 total
 28506K->12846K(83392K), 0.0021567 secs]
29.785: [GC
Desired survivor size 1343488 bytes, new threshold 3 (max 4)
- age   1:     631136 bytes,     631136 total
- age   2:     421512 bytes,    1052648 total
- age   3:     679032 bytes,    1731680 total
- age   4:      77768 bytes,    1809448 total
 28823K->13323K(83392K), 0.0022052 secs]
29.800: [GC
Desired survivor size 1343488 bytes, new threshold 4 (max 4)
- age   1:     496208 bytes,     496208 total
- age   2:     425256 bytes,     921464 total
- age   3:     421512 bytes,    1342976 total
 29289K->13605K(83392K), 0.0023098 secs]
29.816: [GC
Desired survivor size 1343488 bytes, new threshold 4 (max 4)
- age   1:     429696 bytes,     429696 total
- age   2:     429816 bytes,     859512 total
- age   3:     269568 bytes,    1129080 total
- age   4:     297296 bytes,    1426376 total
 29564K->13687K(83392K), 0.0026609 secs]
29.830: [GC
Desired survivor size 1343488 bytes, new threshold 4 (max 4)
- age   1:     467464 bytes,     467464 total
- age   2:     359800 bytes,     827264 total
- age   3:     429816 bytes,    1257080 total
- age   4:     269568 bytes,    1526648 total
 29658K->14076K(83392K), 0.0022164 secs]
29.845: [GC
Desired survivor size 1343488 bytes, new threshold 4 (max 4)
- age   1:     561208 bytes,     561208 total
- age   2:     394248 bytes,     955456 total
- age   4:     209712 bytes,    1165168 total
 30076K->13986K(83392K), 0.0017394 secs]
29.859: [GC
Desired survivor size 1343488 bytes, new threshold 4 (max 4)
- age   1:     180416 bytes,     180416 total
- age   2:     431224 bytes,     611640 total
- age   3:     394248 bytes,    1005888 total
 29907K->13838K(83392K), 0.0016469 secs]
29.873: [GC
Desired survivor size 1343488 bytes, new threshold 3 (max 4)
- age   1:     864344 bytes,     864344 total
- age   2:     110352 bytes,     974696 total
- age   3:     431224 bytes,    1405920 total
- age   4:     151800 bytes,    1557720 total
 29808K->14378K(83392K), 0.0017224 secs]
29.886: [GC
Desired survivor size 1343488 bytes, new threshold 4 (max 4)
- age   1:     225192 bytes,     225192 total
- age   2:     740368 bytes,     965560 total
- age   3:     110352 bytes,    1075912 total
 30320K->14479K(83392K), 0.0020619 secs]
29.899: [GC
Desired survivor size 1343488 bytes, new threshold 4 (max 4)
- age   1:     242696 bytes,     242696 total
- age   2:     157224 bytes,     399920 total
- age   3:     491432 bytes,     891352 total
- age   4:     110352 bytes,    1001704 total
 30444K->14405K(83392K), 0.0015630 secs]
29.914: [GC
Desired survivor size 1343488 bytes, new threshold 4 (max 4)
- age   1:     721296 bytes,     721296 total
- age   2:     170040 bytes,     891336 total
- age   3:     157224 bytes,    1048560 total
- age   4:     420048 bytes,    1468608 total
 30340K->14968K(83392K), 0.0015314 secs]
29.928: [GC
Desired survivor size 1343488 bytes, new threshold 4 (max 4)
- age   1:     283112 bytes,     283112 total
- age   2:     179808 bytes,     462920 total
- age   3:     170040 bytes,     632960 total
- age   4:     157224 bytes,     790184 total
 30902K->14716K(83392K), 0.0015592 secs]
29.942: [GC
Desired survivor size 1343488 bytes, new threshold 4 (max 4)
- age   1:     923200 bytes,     923200 total
- age   2:      79608 bytes,    1002808 total
- age   3:     179808 bytes,    1182616 total
 30675K->15253K(83392K), 0.0016221 secs]
29.955: [GC
Desired survivor size 1343488 bytes, new threshold 4 (max 4)
- age   1:     315072 bytes,     315072 total
- age   2:     473656 bytes,     788728 total
- age   3:      79608 bytes,     868336 total
- age   4:     179808 bytes,    1048144 total
 31215K->15121K(83392K), 0.0016432 secs]
29.968: [GC
Desired survivor size 1343488 bytes, new threshold 4 (max 4)
- age   1:     304160 bytes,     304160 total
- age   2:      68024 bytes,     372184 total
- age   3:     473656 bytes,     845840 total
- age   4:      79608 bytes,     925448 total
 31093K->15177K(83392K), 0.0023703 secs]
29.982: [GC
Desired survivor size 1343488 bytes, new threshold 4 (max 4)
- age   1:     855200 bytes,     855200 total
- age   3:      68024 bytes,     923224 total
- age   4:     473656 bytes,    1396880 total
 31176K->15715K(83392K), 0.0020251 secs]
29.995: [GC
Desired survivor size 1343488 bytes, new threshold 4 (max 4)
- age   1:     381248 bytes,     381248 total
- age   2:     361224 bytes,     742472 total
- age   4:      68024 bytes,     810496 total
 31598K->15605K(83392K), 0.0016539 secs]
30.009: [GC
Desired survivor size 1343488 bytes, new threshold 4 (max 4)
- age   1:     910552 bytes,     910552 total
- age   2:      67872 bytes,     978424 total
- age   3:     361224 bytes,    1339648 total
 31598K->16188K(83392K), 0.0028187 secs]
30.023: [GC
Desired survivor size 1343488 bytes, new threshold 4 (max 4)
- age   1:     111096 bytes,     111096 total
- age   2:     734328 bytes,     845424 total
- age   3:      67872 bytes,     913296 total
- age   4:     361224 bytes,    1274520 total
 32168K->16124K(83392K), 0.0017320 secs]
30.037: [GC
Desired survivor size 1343488 bytes, new threshold 4 (max 4)
- age   1:     329664 bytes,     329664 total
- age   2:      86520 bytes,     416184 total
- age   3:     373736 bytes,     789920 total
- age   4:      67872 bytes,     857792 total
 32105K->16069K(83392K), 0.0015132 secs]
30.051: [GC
Desired survivor size 1343488 bytes, new threshold 4 (max 4)
- age   1:     932792 bytes,     932792 total
- age   2:      98960 bytes,    1031752 total
- age   3:      86520 bytes,    1118272 total
- age   4:     373736 bytes,    1492008 total
 32042K->16753K(83392K), 0.0022205 secs]
30.065: [GC
Desired survivor size 1343488 bytes, new threshold 4 (max 4)
- age   1:     323208 bytes,     323208 total
- age   2:     787712 bytes,    1110920 total
- age   3:      98960 bytes,    1209880 total
- age   4:      86520 bytes,    1296400 total
 32714K->16933K(83392K), 0.0025821 secs]
30.080: [GC
Desired survivor size 1343488 bytes, new threshold 4 (max 4)
- age   1:     289200 bytes,     289200 total
- age   2:     238784 bytes,     527984 total
- age   3:     540672 bytes,    1068656 total
- age   4:      98960 bytes,    1167616 total
 32863K->16889K(83392K), 0.0014590 secs]
30.093: [GC
Desired survivor size 1343488 bytes, new threshold 4 (max 4)
- age   1:    1026248 bytes,    1026248 total
- age   2:     241488 bytes,    1267736 total
- age   4:     540672 bytes,    1808408 total
 32866K->17548K(83392K), 0.0022614 secs]
30.110: [GC
Desired survivor size 1343488 bytes, new threshold 4 (max 4)
- age   1:     335856 bytes,     335856 total
- age   2:     629192 bytes,     965048 total
- age   3:     241488 bytes,    1206536 total
 33548K->17489K(83392K), 0.0026035 secs]
30.127: [GC
Desired survivor size 1343488 bytes, new threshold 3 (max 4)
- age   1:     956592 bytes,     956592 total
- age   2:      87208 bytes,    1043800 total
- age   3:     629192 bytes,    1672992 total
- age   4:     241488 bytes,    1914480 total
 33428K->18178K(83392K), 0.0019736 secs]
30.141: [GC
Desired survivor size 1343488 bytes, new threshold 2 (max 4)
- age   1:     903040 bytes,     903040 total
- age   2:     702760 bytes,    1605800 total
- age   3:      87208 bytes,    1693008 total
 34080K->18812K(83392K), 0.0026993 secs]
30.159: [GC
Desired survivor size 1343488 bytes, new threshold 4 (max 4)
- age   1:     414184 bytes,     414184 total
- age   2:     823416 bytes,    1237600 total
 34735K->18867K(83392K), 0.0027437 secs]
30.175: [GC
Desired survivor size 1343488 bytes, new threshold 3 (max 4)
- age   1:     402240 bytes,     402240 total
- age   2:     371960 bytes,     774200 total
- age   3:     823416 bytes,    1597616 total
 34842K->19218K(83392K), 0.0022107 secs]
30.191: [GC
Desired survivor size 1343488 bytes, new threshold 4 (max 4)
- age   1:     237440 bytes,     237440 total
- age   2:      99928 bytes,     337368 total
- age   3:     371960 bytes,     709328 total
 35199K->19153K(83392K), 0.0029983 secs]
30.206: [GC
Desired survivor size 1343488 bytes, new threshold 4 (max 4)
- age   1:     682584 bytes,     682584 total
- age   2:     130800 bytes,     813384 total
- age   3:      99928 bytes,     913312 total
- age   4:     371960 bytes,    1285272 total
 35127K->19720K(83392K), 0.0029036 secs]
30.225: [GC
Desired survivor size 1343488 bytes, new threshold 4 (max 4)
- age   1:      90976 bytes,      90976 total
- age   2:     482576 bytes,     573552 total
- age   3:     130800 bytes,     704352 total
- age   4:      99928 bytes,     804280 total
 35720K->19402K(83392K), 0.0017141 secs]
30.241: [GC
Desired survivor size 1343488 bytes, new threshold 4 (max 4)
- age   1:     694704 bytes,     694704 total
- age   2:       4672 bytes,     699376 total
- age   3:     482576 bytes,    1181952 total
- age   4:     130800 bytes,    1312752 total
 35329K->19994K(83392K), 0.0023148 secs]
30.257: [GC
Desired survivor size 1343488 bytes, new threshold 4 (max 4)
- age   1:     656720 bytes,     656720 total
- age   2:     370768 bytes,    1027488 total
- age   3:       4672 bytes,    1032160 total
- age   4:     482576 bytes,    1514736 total
 35965K->20320K(83392K), 0.0032707 secs]
30.273: [GC
Desired survivor size 1343488 bytes, new threshold 4 (max 4)
- age   1:     494448 bytes,     494448 total
- age   2:     342216 bytes,     836664 total
- age   3:     197232 bytes,    1033896 total
- age   4:       4672 bytes,    1038568 total
 36270K->20324K(83392K), 0.0035660 secs]
30.287: [GC
Desired survivor size 1343488 bytes, new threshold 4 (max 4)
- age   1:     598056 bytes,     598056 total
- age   2:     339616 bytes,     937672 total
- age   3:     272336 bytes,    1210008 total
- age   4:     197232 bytes,    1407240 total
 36265K->20685K(83392K), 0.0020012 secs]
30.302: [GC
Desired survivor size 1343488 bytes, new threshold 3 (max 4)
- age   1:     652368 bytes,     652368 total
- age   2:     518480 bytes,    1170848 total
- age   3:     339616 bytes,    1510464 total
- age   4:     189256 bytes,    1699720 total
 36685K->21164K(83392K), 0.0021412 secs]
30.322: [GC
Desired survivor size 1343488 bytes, new threshold 3 (max 4)
- age   1:     322304 bytes,     322304 total
- age   2:     516208 bytes,     838512 total
- age   3:     518440 bytes,    1356952 total
 37137K->21210K(83392K), 0.0021111 secs]
30.337: [GC
Desired survivor size 1343488 bytes, new threshold 4 (max 4)
- age   1:     342392 bytes,     342392 total
- age   2:     248512 bytes,     590904 total
- age   3:     516208 bytes,    1107112 total
 37150K->21301K(83392K), 0.0019327 secs]
30.351: [GC
Desired survivor size 1343488 bytes, new threshold 4 (max 4)
- age   1:     637088 bytes,     637088 total
- age   2:     177976 bytes,     815064 total
- age   3:     248512 bytes,    1063576 total
- age   4:     516208 bytes,    1579784 total
 37299K->21762K(83392K), 0.0025883 secs]
30.366: [GC
Desired survivor size 1343488 bytes, new threshold 4 (max 4)
- age   1:     443352 bytes,     443352 total
- age   2:     233752 bytes,     677104 total
- age   3:     237296 bytes,     914400 total
- age   4:     248512 bytes,    1162912 total
 37762K->21860K(83392K), 0.0030956 secs]
30.388: [GC
Desired survivor size 1343488 bytes, new threshold 3 (max 4)
- age   1:     906040 bytes,     906040 total
- age   2:     321728 bytes,    1227768 total
- age   3:     233752 bytes,    1461520 total
 37854K->22321K(83392K), 0.0023271 secs]
30.403: [GC
Desired survivor size 1343488 bytes, new threshold 2 (max 4)
- age   1:     551208 bytes,     551208 total
- age   2:     836752 bytes,    1387960 total
- age   3:     321728 bytes,    1709688 total
 38296K->22795K(83392K), 0.0023985 secs]
30.419: [GC
Desired survivor size 1343488 bytes, new threshold 4 (max 4)
- age   1:     242312 bytes,     242312 total
- age   2:     497848 bytes,     740160 total
 38783K->22744K(83392K), 0.0021962 secs]
30.433: [GC
Desired survivor size 1343488 bytes, new threshold 4 (max 4)
- age   1:     317752 bytes,     317752 total
- age   2:     181560 bytes,     499312 total
- age   3:     497848 bytes,     997160 total
 38693K->22997K(83392K), 0.0021593 secs]
30.448: [GC
Desired survivor size 1343488 bytes, new threshold 4 (max 4)
- age   1:     366848 bytes,     366848 total
- age   2:     317712 bytes,     684560 total
- age   3:     181560 bytes,     866120 total
- age   4:     497848 bytes,    1363968 total
 38995K->23353K(83392K), 0.0017691 secs]
30.468: [GC
Desired survivor size 1343488 bytes, new threshold 4 (max 4)
- age   1:     624320 bytes,     624320 total
- age   2:     196416 bytes,     820736 total
- age   3:     252752 bytes,    1073488 total
- age   4:     181560 bytes,    1255048 total
 39337K->23729K(83392K), 0.0019784 secs]
30.482: [GC
Desired survivor size 1343488 bytes, new threshold 4 (max 4)
- age   1:     698920 bytes,     698920 total
- age   2:     424696 bytes,    1123616 total
- age   3:     196416 bytes,    1320032 total
- age   4:     252752 bytes,    1572784 total
 39696K->24241K(83392K), 0.0026838 secs]
30.497: [GC
Desired survivor size 1343488 bytes, new threshold 4 (max 4)
- age   1:     447016 bytes,     447016 total
- age   2:     412232 bytes,     859248 total
- age   3:     297472 bytes,    1156720 total
- age   4:     164616 bytes,    1321336 total
 40234K->24229K(83392K), 0.0018913 secs]
30.513: [GC
Desired survivor size 1343488 bytes, new threshold 4 (max 4)
- age   1:     639136 bytes,     639136 total
- age   2:      86720 bytes,     725856 total
- age   3:     163296 bytes,     889152 total
- age   4:     297472 bytes,    1186624 total
 40196K->24242K(83392K), 0.0017459 secs]
30.526: [GC
Desired survivor size 1343488 bytes, new threshold 4 (max 4)
- age   1:     503280 bytes,     503280 total
- age   2:     154624 bytes,     657904 total
- age   3:      86720 bytes,     744624 total
- age   4:     163296 bytes,     907920 total
 40206K->24255K(83392K), 0.0014137 secs]
30.539: [GC
Desired survivor size 1343488 bytes, new threshold 4 (max 4)
- age   1:     359688 bytes,     359688 total
- age   2:      78968 bytes,     438656 total
- age   3:     154624 bytes,     593280 total
- age   4:      86720 bytes,     680000 total
 40235K->24192K(83392K), 0.0015947 secs]
30.554: [GC
Desired survivor size 1343488 bytes, new threshold 4 (max 4)
- age   1:     442192 bytes,     442192 total
- age   2:     320368 bytes,     762560 total
- age   3:      78968 bytes,     841528 total
- age   4:     154624 bytes,     996152 total
 40178K->24585K(83392K), 0.0015053 secs]
30.569: [GC
Desired survivor size 1343488 bytes, new threshold 3 (max 4)
- age   1:     895872 bytes,     895872 total
- age   2:     373824 bytes,    1269696 total
- age   3:     320368 bytes,    1590064 total
- age   4:      78968 bytes,    1669032 total
 40564K->25394K(83392K), 0.0018752 secs]
30.582: [GC
Desired survivor size 1343488 bytes, new threshold 2 (max 4)
- age   1:     600624 bytes,     600624 total
- age   2:     788080 bytes,    1388704 total
- age   3:     373824 bytes,    1762528 total
 41374K->25562K(83392K), 0.0022644 secs]
30.597: [GC
Desired survivor size 1343488 bytes, new threshold 4 (max 4)
- age   1:     173544 bytes,     173544 total
- age   2:     553296 bytes,     726840 total
 41508K->25281K(83392K), 0.0023371 secs]
30.611: [GC
Desired survivor size 1343488 bytes, new threshold 4 (max 4)
- age   1:     635456 bytes,     635456 total
- age   2:      81608 bytes,     717064 total
- age   3:     314368 bytes,    1031432 total
 41258K->25579K(83392K), 0.0016053 secs]
30.624: [GC
Desired survivor size 1343488 bytes, new threshold 4 (max 4)
- age   1:     462112 bytes,     462112 total
- age   2:     298320 bytes,     760432 total
- age   3:      81608 bytes,     842040 total
- age   4:     314368 bytes,    1156408 total
 41576K->25701K(83392K), 0.0016000 secs]
30.637: [GC
Desired survivor size 1343488 bytes, new threshold 4 (max 4)
- age   1:     723664 bytes,     723664 total
- age   2:     210104 bytes,     933768 total
- age   3:     298320 bytes,    1232088 total
- age   4:      81608 bytes,    1313696 total
 41677K->26161K(83392K), 0.0019935 secs]
30.650: [GC
Desired survivor size 1343488 bytes, new threshold 4 (max 4)
- age   1:     379656 bytes,     379656 total
- age   2:     569248 bytes,     948904 total
- age   4:     298320 bytes,    1247224 total
 42130K->26176K(83392K), 0.0017674 secs]
30.665: [GC
Desired survivor size 1343488 bytes, new threshold 3 (max 4)
- age   1:     817448 bytes,     817448 total
- age   2:      77968 bytes,     895416 total
- age   3:     569248 bytes,    1464664 total
 42154K->26680K(83392K), 0.0022180 secs]
30.678: [GC
Desired survivor size 1343488 bytes, new threshold 4 (max 4)
- age   1:     456240 bytes,     456240 total
- age   2:     562952 bytes,    1019192 total
 42679K->26801K(83392K), 0.0022880 secs]
30.692: [GC
Desired survivor size 1343488 bytes, new threshold 2 (max 4)
- age   1:    1314072 bytes,    1314072 total
- age   2:     419504 bytes,    1733576 total
- age   3:     562952 bytes,    2296528 total
 42774K->28048K(83392K), 0.0025818 secs]
30.707: [GC
Desired survivor size 1343488 bytes, new threshold 2 (max 4)
- age   1:     354976 bytes,     354976 total
- age   2:    1229648 bytes,    1584624 total
 44009K->28224K(83392K), 0.0026495 secs]
30.721: [GC
Desired survivor size 1343488 bytes, new threshold 2 (max 4)
- age   1:    1185816 bytes,    1185816 total
- age   2:     304152 bytes,    1489968 total
 44176K->29333K(83392K), 0.0030527 secs]
30.737: [GC
Desired survivor size 1343488 bytes, new threshold 2 (max 4)
- age   1:     697144 bytes,     697144 total
- age   2:    1074568 bytes,    1771712 total
 45332K->29905K(83392K), 0.0022368 secs]
30.754: [GC
Desired survivor size 1343488 bytes, new threshold 4 (max 4)
- age   1:     632960 bytes,     632960 total
- age   2:     494864 bytes,    1127824 total
 45899K->30324K(83392K), 0.0022323 secs]
30.769: [GC
Desired survivor size 1343488 bytes, new threshold 4 (max 4)
- age   1:     592648 bytes,     592648 total
- age   2:     210096 bytes,     802744 total
- age   3:     494864 bytes,    1297608 total
 46295K->30490K(83392K), 0.0020297 secs]
30.791: [GC
Desired survivor size 1343488 bytes, new threshold 4 (max 4)
- age   1:     582872 bytes,     582872 total
- age   2:     335192 bytes,     918064 total
- age   3:        784 bytes,     918848 total
- age   4:     494864 bytes,    1413712 total
 46468K->30602K(83392K), 0.0028137 secs]
30.805: [GC
Desired survivor size 1343488 bytes, new threshold 2 (max 4)
- age   1:     914504 bytes,     914504 total
- age   2:     496440 bytes,    1410944 total
- age   3:     335192 bytes,    1746136 total
- age   4:        784 bytes,    1746920 total
 46592K->31249K(83392K), 0.0033339 secs]
30.823: [GC
Desired survivor size 1343488 bytes, new threshold 4 (max 4)
- age   1:     209392 bytes,     209392 total
- age   2:     507424 bytes,     716816 total
 47232K->31060K(83392K), 0.0019256 secs]
30.840: [GC
Desired survivor size 1343488 bytes, new threshold 4 (max 4)
- age   1:     441912 bytes,     441912 total
- age   2:     126896 bytes,     568808 total
- age   3:     317208 bytes,     886016 total
 47006K->31224K(83392K), 0.0015372 secs]
30.857: [GC
Desired survivor size 1343488 bytes, new threshold 4 (max 4)
- age   1:     998712 bytes,     998712 total
- age   2:     272544 bytes,    1271256 total
- age   3:      42872 bytes,    1314128 total
- age   4:     317208 bytes,    1631336 total
 47196K->31951K(83392K), 0.0022734 secs]
30.872: [GC
Desired survivor size 1343488 bytes, new threshold 4 (max 4)
- age   1:     377960 bytes,     377960 total
- age   2:     914448 bytes,    1292408 total
- age   3:       3024 bytes,    1295432 total
- age   4:      42872 bytes,    1338304 total
 47949K->31973K(83392K), 0.0021487 secs]
30.887: [GC
Desired survivor size 1343488 bytes, new threshold 3 (max 4)
- age   1:     344360 bytes,     344360 total
- age   2:     297680 bytes,     642040 total
- age   3:     914448 bytes,    1556488 total
- age   4:       1720 bytes,    1558208 total
 47973K->32189K(83392K), 0.0025163 secs]
30.903: [GC
Desired survivor size 1343488 bytes, new threshold 4 (max 4)
- age   1:     363168 bytes,     363168 total
- age   2:     266272 bytes,     629440 total
- age   3:     172672 bytes,     802112 total
 48143K->32095K(83392K), 0.0020088 secs]
30.921: [GC
Desired survivor size 1343488 bytes, new threshold 4 (max 4)
- age   1:     492840 bytes,     492840 total
- age   2:     160536 bytes,     653376 total
- age   3:     266272 bytes,     919648 total
 48094K->32213K(83392K), 0.0040091 secs]
30.940: [GC
Desired survivor size 1343488 bytes, new threshold 4 (max 4)
- age   1:     217032 bytes,     217032 total
- age   2:     274520 bytes,     491552 total
- age   3:     160536 bytes,     652088 total
- age   4:     265440 bytes,     917528 total
 48207K->32207K(83392K), 0.0014426 secs]
30.954: [GC
Desired survivor size 1343488 bytes, new threshold 4 (max 4)
- age   1:     289984 bytes,     289984 total
- age   2:     125368 bytes,     415352 total
- age   3:     121144 bytes,     536496 total
- age   4:     160536 bytes,     697032 total
 48193K->32261K(83392K), 0.0015135 secs]
30.969: [GC
Desired survivor size 1343488 bytes, new threshold 4 (max 4)
- age   1:     493696 bytes,     493696 total
- age   2:      65040 bytes,     558736 total
- age   3:     125368 bytes,     684104 total
 48221K->32395K(83392K), 0.0017740 secs]
30.984: [GC
Desired survivor size 1343488 bytes, new threshold 4 (max 4)
- age   1:     102952 bytes,     102952 total
- age   2:     426480 bytes,     529432 total
- age   4:      67560 bytes,     596992 total
 48355K->32304K(83392K), 0.0022628 secs]
31.005: [GC
Desired survivor size 1343488 bytes, new threshold 4 (max 4)
- age   1:     588232 bytes,     588232 total
- age   2:      72216 bytes,     660448 total
- age   3:        160 bytes,     660608 total
 48284K->32432K(83392K), 0.0018695 secs]
31.020: [GC
Desired survivor size 1343488 bytes, new threshold 4 (max 4)
- age   1:     274904 bytes,     274904 total
- age   2:     456720 bytes,     731624 total
- age   3:      72216 bytes,     803840 total
- age   4:        160 bytes,     804000 total
 48412K->32582K(83392K), 0.0016996 secs]
31.036: [GC
Desired survivor size 1343488 bytes, new threshold 3 (max 4)
- age   1:     698592 bytes,     698592 total
- age   2:     209992 bytes,     908584 total
- age   3:     456208 bytes,    1364792 total
- age   4:      72216 bytes,    1437008 total
 48505K->33201K(83392K), 0.0018471 secs]
31.049: [GC
Desired survivor size 1343488 bytes, new threshold 3 (max 4)
- age   1:     683808 bytes,     683808 total
- age   2:     614048 bytes,    1297856 total
- age   3:     209992 bytes,    1507848 total
 49171K->33786K(83392K), 0.0028728 secs]
31.064: [GC
Desired survivor size 1343488 bytes, new threshold 3 (max 4)
- age   1:     305288 bytes,     305288 total
- age   2:     635344 bytes,     940632 total
- age   3:     614048 bytes,    1554680 total
 49785K->34005K(83392K), 0.0028760 secs]
31.080: [GC
Desired survivor size 1343488 bytes, new threshold 4 (max 4)
- age   1:     549800 bytes,     549800 total
- age   2:     277296 bytes,     827096 total
- age   3:     383408 bytes,    1210504 total
 49990K->33911K(83392K), 0.0019415 secs]
31.095: [GC
Desired survivor size 1343488 bytes, new threshold 4 (max 4)
- age   1:     970768 bytes,     970768 total
- age   2:     105936 bytes,    1076704 total
- age   3:     201448 bytes,    1278152 total
- age   4:     383408 bytes,    1661560 total
 49904K->34349K(83392K), 0.0019071 secs]
31.108: [GC
Desired survivor size 1343488 bytes, new threshold 4 (max 4)
- age   1:     299304 bytes,     299304 total
- age   2:     942680 bytes,    1241984 total
- age   3:       8256 bytes,    1250240 total
- age   4:     201448 bytes,    1451688 total
 50324K->34520K(83392K), 0.0036493 secs]
31.123: [GC
Desired survivor size 1343488 bytes, new threshold 4 (max 4)
- age   1:     531080 bytes,     531080 total
- age   2:      24704 bytes,     555784 total
- age   3:     550352 bytes,    1106136 total
- age   4:       8376 bytes,    1114512 total
 50490K->34292K(83392K), 0.0020183 secs]
31.139: [GC
Desired survivor size 1343488 bytes, new threshold 4 (max 4)
- age   1:     629496 bytes,     629496 total
- age   2:     444640 bytes,    1074136 total
- age   3:      24704 bytes,    1098840 total
- age   4:     238344 bytes,    1337184 total
 50291K->34518K(83392K), 0.0020574 secs]
31.154: [GC
Desired survivor size 1343488 bytes, new threshold 4 (max 4)
- age   1:     263904 bytes,     263904 total
- age   2:     315656 bytes,     579560 total
- age   3:     444640 bytes,    1024200 total
- age   4:      24704 bytes,    1048904 total
 50509K->34288K(83392K), 0.0019921 secs]
31.169: [GC
Desired survivor size 1343488 bytes, new threshold 4 (max 4)
- age   1:     532848 bytes,     532848 total
- age   2:     135672 bytes,     668520 total
- age   3:     315656 bytes,     984176 total
- age   4:     402720 bytes,    1386896 total
 50287K->34619K(83392K), 0.0017776 secs]
31.189: [GC
Desired survivor size 1343488 bytes, new threshold 4 (max 4)
- age   1:     277888 bytes,     277888 total
- age   2:     477088 bytes,     754976 total
- age   3:      62024 bytes,     817000 total
- age   4:     229136 bytes,    1046136 total
 50604K->34680K(83392K), 0.0020028 secs]
31.202: [GC
Desired survivor size 1343488 bytes, new threshold 4 (max 4)
- age   1:     529592 bytes,     529592 total
- age   2:     119960 bytes,     649552 total
- age   3:     477088 bytes,    1126640 total
- age   4:       9688 bytes,    1136328 total
 50636K->34993K(83392K), 0.0018158 secs]
31.216: [GC
Desired survivor size 1343488 bytes, new threshold 4 (max 4)
- age   1:     487000 bytes,     487000 total
- age   2:     364336 bytes,     851336 total
- age   3:       1320 bytes,     852656 total
- age   4:     477088 bytes,    1329744 total
 50972K->35196K(83392K), 0.0027047 secs]
31.231: [GC
Desired survivor size 1343488 bytes, new threshold 4 (max 4)
- age   1:     290328 bytes,     290328 total
- age   2:     487000 bytes,     777328 total
- age   4:       1320 bytes,     778648 total
 51177K->35117K(83392K), 0.0015342 secs]
31.245: [GC
Desired survivor size 1343488 bytes, new threshold 4 (max 4)
- age   1:     283120 bytes,     283120 total
- age   2:     223736 bytes,     506856 total
- age   3:     487000 bytes,     993856 total
 51083K->35330K(83392K), 0.0019023 secs]
31.264: [GC
Desired survivor size 1343488 bytes, new threshold 4 (max 4)
- age   1:     830472 bytes,     830472 total
- age   2:     225816 bytes,    1056288 total
- age   3:     155864 bytes,    1212152 total
- age   4:     401992 bytes,    1614144 total
 51271K->35935K(83392K), 0.0026527 secs]
31.299: [GC
Desired survivor size 1343488 bytes, new threshold 3 (max 4)
- age   1:     506936 bytes,     506936 total
- age   2:     689704 bytes,    1196640 total
- age   3:     225816 bytes,    1422456 total
- age   4:     155864 bytes,    1578320 total
 51935K->36293K(83392K), 0.0032911 secs]
31.324: [GC
Desired survivor size 1343488 bytes, new threshold 4 (max 4)
- age   1:     215400 bytes,     215400 total
- age   2:     505216 bytes,     720616 total
- age   3:     135696 bytes,     856312 total
 52279K->35946K(83392K), 0.0022769 secs]
31.339: [GC
Desired survivor size 1343488 bytes, new threshold 4 (max 4)
- age   1:     250504 bytes,     250504 total
- age   2:     198776 bytes,     449280 total
- age   3:     505216 bytes,     954496 total
- age   4:     135696 bytes,    1090192 total
 51939K->36185K(83392K), 0.0016501 secs]
31.354: [GC
Desired survivor size 1343488 bytes, new threshold 4 (max 4)
- age   1:     176216 bytes,     176216 total
- age   2:     207576 bytes,     383792 total
- age   3:     198776 bytes,     582568 total
- age   4:     471976 bytes,    1054544 total
 52158K->36272K(83392K), 0.0015420 secs]
31.367: [GC
Desired survivor size 1343488 bytes, new threshold 4 (max 4)
- age   1:     489736 bytes,     489736 total
- age   2:      85904 bytes,     575640 total
- age   3:     180472 bytes,     756112 total
- age   4:     140424 bytes,     896536 total
 52264K->36541K(83392K), 0.0021762 secs]
31.387: [GC
Desired survivor size 1343488 bytes, new threshold 4 (max 4)
- age   1:     474336 bytes,     474336 total
- age   2:     271968 bytes,     746304 total
- age   3:      28672 bytes,     774976 total
- age   4:     180472 bytes,     955448 total
 52541K->36587K(83392K), 0.0016275 secs]
31.401: [GC
Desired survivor size 1343488 bytes, new threshold 4 (max 4)
- age   1:     358840 bytes,     358840 total
- age   2:     418328 bytes,     777168 total
- age   3:     271968 bytes,    1049136 total
 52530K->36673K(83392K), 0.0014618 secs]
31.415: [GC
Desired survivor size 1343488 bytes, new threshold 4 (max 4)
- age   1:     330424 bytes,     330424 total
- age   2:     247640 bytes,     578064 total
- age   3:      78360 bytes,     656424 total
- age   4:     271968 bytes,     928392 total
 52671K->36556K(83392K), 0.0018574 secs]
31.429: [GC
Desired survivor size 1343488 bytes, new threshold 4 (max 4)
- age   1:     579456 bytes,     579456 total
- age   2:      53912 bytes,     633368 total
- age   3:      57752 bytes,     691120 total
- age   4:       6992 bytes,     698112 total
 52515K->36598K(83392K), 0.0012648 secs]
31.443: [GC
Desired survivor size 1343488 bytes, new threshold 4 (max 4)
- age   1:     473872 bytes,     473872 total
- age   2:     242272 bytes,     716144 total
- age   3:      53912 bytes,     770056 total
- age   4:      57752 bytes,     827808 total
 52540K->36733K(83392K), 0.0020303 secs]
31.458: [GC
Desired survivor size 1343488 bytes, new threshold 4 (max 4)
- age   1:     847576 bytes,     847576 total
- age   2:     135496 bytes,     983072 total
- age   3:      72528 bytes,    1055600 total
- age   4:      53912 bytes,    1109512 total
 52717K->37005K(83392K), 0.0016280 secs]
31.471: [GC
Desired survivor size 1343488 bytes, new threshold 4 (max 4)
- age   1:     637928 bytes,     637928 total
- age   2:     247664 bytes,     885592 total
- age   3:      56776 bytes,     942368 total
- age   4:      72528 bytes,    1014896 total
 52990K->36965K(83392K), 0.0014367 secs]
31.487: [GC
Desired survivor size 1343488 bytes, new threshold 4 (max 4)
- age   1:     446744 bytes,     446744 total
- age   3:     247664 bytes,     694408 total
- age   4:      56776 bytes,     751184 total
 52954K->36779K(83392K), 0.0014261 secs]
31.501: [GC
Desired survivor size 1343488 bytes, new threshold 4 (max 4)
- age   1:     609568 bytes,     609568 total
- age   2:     274336 bytes,     883904 total
- age   4:     247664 bytes,    1131568 total
 52779K->37207K(83392K), 0.0024489 secs]
31.516: [GC
Desired survivor size 1343488 bytes, new threshold 4 (max 4)
- age   1:     592800 bytes,     592800 total
- age   2:     278712 bytes,     871512 total
- age   3:     274336 bytes,    1145848 total
 53147K->37467K(83392K), 0.0020269 secs]
31.535: [GC
Desired survivor size 1343488 bytes, new threshold 4 (max 4)
- age   1:     264072 bytes,     264072 total
- age   2:     355720 bytes,     619792 total
- age   3:     278712 bytes,     898504 total
- age   4:     274336 bytes,    1172840 total
 53375K->37491K(83392K), 0.0025986 secs]
31.561: [GC
Desired survivor size 1343488 bytes, new threshold 4 (max 4)
- age   1:     264688 bytes,     264688 total
- age   2:     198776 bytes,     463464 total
- age   3:     157352 bytes,     620816 total
- age   4:     278712 bytes,     899528 total
 53486K->37500K(83392K), 0.0024462 secs]
31.575: [GC
Desired survivor size 1343488 bytes, new threshold 4 (max 4)
- age   1:     587008 bytes,     587008 total
- age   2:      69992 bytes,     657000 total
- age   3:       9336 bytes,     666336 total
 53476K->37536K(83392K), 0.0036036 secs]
31.591: [GC
Desired survivor size 1343488 bytes, new threshold 4 (max 4)
- age   1:     149400 bytes,     149400 total
- age   2:     229384 bytes,     378784 total
- age   3:      69992 bytes,     448776 total
- age   4:       9336 bytes,     458112 total
 53525K->37330K(83392K), 0.0013729 secs]
31.605: [GC
Desired survivor size 1343488 bytes, new threshold 4 (max 4)
- age   1:     433760 bytes,     433760 total
- age   2:      65392 bytes,     499152 total
- age   3:     117608 bytes,     616760 total
- age   4:      69992 bytes,     686752 total
 53322K->37562K(83392K), 0.0016283 secs]
31.620: [GC
Desired survivor size 1343488 bytes, new threshold 4 (max 4)
- age   1:     125800 bytes,     125800 total
- age   2:     329400 bytes,     455200 total
- age   4:     117608 bytes,     572808 total
 53538K->37518K(83392K), 0.0012849 secs]
31.633: [GC
Desired survivor size 1343488 bytes, new threshold 4 (max 4)
- age   1:     864976 bytes,     864976 total
- age   2:      57088 bytes,     922064 total
- age   3:      45864 bytes,     967928 total
 53461K->38020K(83392K), 0.0018838 secs]
31.646: [GC
Desired survivor size 1343488 bytes, new threshold 4 (max 4)
- age   1:     625520 bytes,     625520 total
- age   2:     438224 bytes,    1063744 total
- age   3:      57088 bytes,    1120832 total
- age   4:      45864 bytes,    1166696 total
 53944K->38214K(83392K), 0.0017383 secs]
31.660: [GC
Desired survivor size 1343488 bytes, new threshold 4 (max 4)
- age   1:     280096 bytes,     280096 total
- age   2:     482304 bytes,     762400 total
- age   3:     438224 bytes,    1200624 total
- age   4:      57088 bytes,    1257712 total
 54132K->38348K(83392K), 0.0022456 secs]
31.681: [GC
Desired survivor size 1343488 bytes, new threshold 4 (max 4)
- age   1:     436088 bytes,     436088 total
- age   2:     143840 bytes,     579928 total
- age   3:     482304 bytes,    1062232 total
- age   4:     353584 bytes,    1415816 total
 54317K->38558K(83392K), 0.0021396 secs]
31.697: [GC
Desired survivor size 1343488 bytes, new threshold 4 (max 4)
- age   1:     713440 bytes,     713440 total
- age   2:     171928 bytes,     885368 total
- age   3:     143136 bytes,    1028504 total
- age   4:      57728 bytes,    1086232 total
 54555K->38581K(83392K), 0.0018688 secs]
31.712: [GC
Desired survivor size 1343488 bytes, new threshold 4 (max 4)
- age   1:     596792 bytes,     596792 total
- age   3:     171928 bytes,     768720 total
- age   4:     143136 bytes,     911856 total
 54571K->38468K(83392K), 0.0015991 secs]
31.728: [GC
Desired survivor size 1343488 bytes, new threshold 4 (max 4)
- age   1:     336864 bytes,     336864 total
- age   2:     176768 bytes,     513632 total
- age   4:     171928 bytes,     685560 total
 54423K->38384K(83392K), 0.0014554 secs]
31.741: [GC
Desired survivor size 1343488 bytes, new threshold 4 (max 4)
- age   1:     322712 bytes,     322712 total
- age   2:     257088 bytes,     579800 total
- age   3:     176768 bytes,     756568 total
 54372K->38627K(83392K), 0.0015291 secs]
31.754: [GC
Desired survivor size 1343488 bytes, new threshold 4 (max 4)
- age   1:     358016 bytes,     358016 total
- age   2:     241872 bytes,     599888 total
- age   3:     257088 bytes,     856976 total
- age   4:     176768 bytes,    1033744 total
 54617K->38898K(83392K), 0.0016290 secs]
31.767: [GC
Desired survivor size 1343488 bytes, new threshold 4 (max 4)
- age   1:     292336 bytes,     292336 total
- age   2:     333072 bytes,     625408 total
- age   3:     152184 bytes,     777592 total
- age   4:     257088 bytes,    1034680 total
 54898K->39075K(83392K), 0.0027219 secs]
31.781: [GC
Desired survivor size 1343488 bytes, new threshold 4 (max 4)
- age   1:      97704 bytes,      97704 total
- age   2:     260528 bytes,     358232 total
- age   3:     174712 bytes,     532944 total
- age   4:     152184 bytes,     685128 total
 55000K->38984K(83392K), 0.0016005 secs]
31.793: [GC
Desired survivor size 1343488 bytes, new threshold 4 (max 4)
- age   1:     291248 bytes,     291248 total
- age   2:      40104 bytes,     331352 total
- age   3:     244144 bytes,     575496 total
- age   4:     174712 bytes,     750208 total
 54975K->39205K(83392K), 0.0017634 secs]
31.806: [GC
Desired survivor size 1343488 bytes, new threshold 4 (max 4)
- age   1:     319064 bytes,     319064 total
- age   2:     119168 bytes,     438232 total
- age   3:      40104 bytes,     478336 total
- age   4:     244144 bytes,     722480 total
 55088K->39335K(83392K), 0.0015648 secs]
31.821: [GC
Desired survivor size 1343488 bytes, new threshold 4 (max 4)
- age   1:     265864 bytes,     265864 total
- age   3:     119168 bytes,     385032 total
- age   4:      40104 bytes,     425136 total
 55263K->39280K(83392K), 0.0017791 secs]
31.834: [GC
Desired survivor size 1343488 bytes, new threshold 4 (max 4)
- age   1:     332960 bytes,     332960 total
- age   4:     119168 bytes,     452128 total
 55275K->39346K(83392K), 0.0014595 secs]
31.850: [GC
Desired survivor size 1343488 bytes, new threshold 4 (max 4)
- age   1:    1016776 bytes,    1016776 total
- age   2:      69176 bytes,    1085952 total
 55296K->40083K(83392K), 0.0013718 secs]
31.865: [GC
Desired survivor size 1343488 bytes, new threshold 4 (max 4)
- age   1:     243560 bytes,     243560 total
- age   2:     847528 bytes,    1091088 total
- age   3:      69176 bytes,    1160264 total
 56060K->40156K(83392K), 0.0017054 secs]
31.880: [GC
Desired survivor size 1343488 bytes, new threshold 4 (max 4)
- age   1:     606072 bytes,     606072 total
- age   2:     120136 bytes,     726208 total
- age   3:     522344 bytes,    1248552 total
- age   4:      69176 bytes,    1317728 total
 56111K->40309K(83392K), 0.0041463 secs]
31.897: [GC
Desired survivor size 1343488 bytes, new threshold 4 (max 4)
- age   1:     335192 bytes,     335192 total
- age   2:     509376 bytes,     844568 total
- age   3:      37032 bytes,     881600 total
- age   4:     522344 bytes,    1403944 total
 56294K->40461K(83392K), 0.0018258 secs]
31.915: [GC
Desired survivor size 1343488 bytes, new threshold 4 (max 4)
- age   1:     367608 bytes,     367608 total
- age   2:     165152 bytes,     532760 total
- age   3:     509376 bytes,    1042136 total
 56429K->40467K(83392K), 0.0028456 secs]
31.937: [GC
Desired survivor size 1343488 bytes, new threshold 4 (max 4)
- age   1:     648096 bytes,     648096 total
- age   2:     207768 bytes,     855864 total
- age   4:     508672 bytes,    1364536 total
 56467K->40782K(83392K), 0.0019338 secs]
31.952: [GC
Desired survivor size 1343488 bytes, new threshold 4 (max 4)
- age   1:     383280 bytes,     383280 total
- age   2:     648056 bytes,    1031336 total
- age   3:     207064 bytes,    1238400 total
 56782K->41157K(83392K), 0.0021570 secs]
31.967: [GC
Desired survivor size 1343488 bytes, new threshold 4 (max 4)
- age   1:     312128 bytes,     312128 total
- age   2:     383280 bytes,     695408 total
- age   3:     353800 bytes,    1049208 total
- age   4:     207064 bytes,    1256272 total
 57025K->41185K(83392K), 0.0027947 secs]
31.985: [GC
Desired survivor size 1343488 bytes, new threshold 4 (max 4)
- age   1:     426792 bytes,     426792 total
- age   3:     383280 bytes,     810072 total
- age   4:     353096 bytes,    1163168 total
 57185K->41257K(83392K), 0.0018833 secs]
32.001: [GC
Desired survivor size 1343488 bytes, new threshold 4 (max 4)
- age   1:     273848 bytes,     273848 total
- age   2:     171280 bytes,     445128 total
- age   4:     383280 bytes,     828408 total
 57253K->41176K(83392K), 0.0019034 secs]
32.015: [GC
Desired survivor size 1343488 bytes, new threshold 4 (max 4)
- age   1:     652560 bytes,     652560 total
- age   2:     179504 bytes,     832064 total
- age   3:     171280 bytes,    1003344 total
 57160K->41728K(83392K), 0.0018753 secs]
32.032: [GC
Desired survivor size 1343488 bytes, new threshold 4 (max 4)
- age   1:     395240 bytes,     395240 total
- age   2:     463136 bytes,     858376 total
- age   3:     138560 bytes,     996936 total
- age   4:     171280 bytes,    1168216 total
 57717K->41877K(83392K), 0.0018140 secs]
32.045: [GC
Desired survivor size 1343488 bytes, new threshold 4 (max 4)
- age   1:     178960 bytes,     178960 total
- age   2:     148248 bytes,     327208 total
- age   3:     463136 bytes,     790344 total
- age   4:     102168 bytes,     892512 total
 57871K->41780K(83392K), 0.0023246 secs]
32.059: [GC
Desired survivor size 1343488 bytes, new threshold 4 (max 4)
- age   1:     175288 bytes,     175288 total
- age   2:     109296 bytes,     284584 total
- age   3:      54632 bytes,     339216 total
- age   4:     463136 bytes,     802352 total
 57779K->41784K(83392K), 0.0016552 secs]
32.072: [GC
Desired survivor size 1343488 bytes, new threshold 4 (max 4)
- age   1:     951232 bytes,     951232 total
- age   2:      42032 bytes,     993264 total
- age   3:     109296 bytes,    1102560 total
- age   4:      54632 bytes,    1157192 total
 57778K->42570K(83392K), 0.0023439 secs]
32.087: [GC
Desired survivor size 1343488 bytes, new threshold 4 (max 4)
- age   1:     378688 bytes,     378688 total
- age   2:     634528 bytes,    1013216 total
- age   4:     109296 bytes,    1122512 total
 58541K->42590K(83392K), 0.0016349 secs]
32.102: [GC
Desired survivor size 1343488 bytes, new threshold 4 (max 4)
- age   1:     203928 bytes,     203928 total
- age   2:     250904 bytes,     454832 total
- age   3:     352360 bytes,     807192 total
 58590K->42387K(83392K), 0.0014112 secs]
32.116: [GC
Desired survivor size 1343488 bytes, new threshold 4 (max 4)
- age   1:     515712 bytes,     515712 total
- age   2:     113616 bytes,     629328 total
- age   3:      85632 bytes,     714960 total
- age   4:     352360 bytes,    1067320 total
 58339K->42642K(83392K), 0.0017513 secs]
32.129: [GC
Desired survivor size 1343488 bytes, new threshold 4 (max 4)
- age   1:     312080 bytes,     312080 total
- age   2:     388152 bytes,     700232 total
- age   3:     113616 bytes,     813848 total
- age   4:      85632 bytes,     899480 total
 58610K->42824K(83392K), 0.0019791 secs]
32.144: [GC
Desired survivor size 1343488 bytes, new threshold 4 (max 4)
- age   1:     493720 bytes,     493720 total
- age   2:     216712 bytes,     710432 total
- age   3:     388152 bytes,    1098584 total
- age   4:     113616 bytes,    1212200 total
 58810K->43212K(83392K), 0.0019476 secs]
32.163: [GC
Desired survivor size 1343488 bytes, new threshold 4 (max 4)
- age   1:     278984 bytes,     278984 total
- age   2:     343512 bytes,     622496 total
- age   3:      26944 bytes,     649440 total
- age   4:     388152 bytes,    1037592 total
 59212K->43152K(83392K), 0.0017653 secs]
32.178: [GC
Desired survivor size 1343488 bytes, new threshold 4 (max 4)
- age   1:     570632 bytes,     570632 total
- age   2:     278984 bytes,     849616 total
- age   3:     343512 bytes,    1193128 total
- age   4:      26944 bytes,    1220072 total
 59150K->43542K(83392K), 0.0024000 secs]
32.194: [GC
Desired survivor size 1343488 bytes, new threshold 4 (max 4)
- age   1:     393920 bytes,     393920 total
- age   2:     101688 bytes,     495608 total
- age   3:     278984 bytes,     774592 total
- age   4:     343512 bytes,    1118104 total
 59473K->43469K(83392K), 0.0016632 secs]
32.207: [GC
Desired survivor size 1343488 bytes, new threshold 4 (max 4)
- age   1:     581120 bytes,     581120 total
- age   2:      51168 bytes,     632288 total
- age   3:     101688 bytes,     733976 total
- age   4:     278984 bytes,    1012960 total
 59424K->43701K(83392K), 0.0019682 secs]
32.226: [GC
Desired survivor size 1343488 bytes, new threshold 4 (max 4)
- age   1:     396344 bytes,     396344 total
- age   2:     269096 bytes,     665440 total
- age   4:      82528 bytes,     747968 total
 59676K->43715K(83392K), 0.0018070 secs]
32.262: [GC
Desired survivor size 1343488 bytes, new threshold 4 (max 4)
- age   1:     149200 bytes,     149200 total
- age   2:     170208 bytes,     319408 total
- age   3:     269096 bytes,     588504 total
 59715K->43642K(83392K), 0.0063336 secs]
32.285: [GC
Desired survivor size 1343488 bytes, new threshold 4 (max 4)
- age   1:      81736 bytes,      81736 total
- age   2:     134864 bytes,     216600 total
- age   3:     170208 bytes,     386808 total
- age   4:     269096 bytes,     655904 total
 59636K->43712K(83392K), 0.0015272 secs]
32.305: [GC
Desired survivor size 1343488 bytes, new threshold 4 (max 4)
- age   1:     930528 bytes,     930528 total
- age   2:      11544 bytes,     942072 total
- age   3:     133328 bytes,    1075400 total
- age   4:     170208 bytes,    1245608 total
 59697K->44569K(83392K), 0.0021606 secs]
32.320: [GC
Desired survivor size 1343488 bytes, new threshold 4 (max 4)
- age   1:     484656 bytes,     484656 total
- age   2:     778272 bytes,    1262928 total
- age   3:      11544 bytes,    1274472 total
- age   4:      29792 bytes,    1304264 total
 60564K->44666K(83392K), 0.0021150 secs]
32.335: [GC
Desired survivor size 1343488 bytes, new threshold 3 (max 4)
- age   1:     350064 bytes,     350064 total
- age   2:     389280 bytes,     739344 total
- age   3:     777160 bytes,    1516504 total
- age   4:      11544 bytes,    1528048 total
 60642K->44928K(83392K), 0.0026646 secs]
32.349: [GC
Desired survivor size 1343488 bytes, new threshold 4 (max 4)
- age   1:     395616 bytes,     395616 total
- age   2:     297728 bytes,     693344 total
- age   3:     331568 bytes,    1024912 total
 60918K->44974K(83392K), 0.0026816 secs]
32.364: [GC
Desired survivor size 1343488 bytes, new threshold 4 (max 4)
- age   1:     432240 bytes,     432240 total
- age   2:     173160 bytes,     605400 total
- age   3:     237832 bytes,     843232 total
- age   4:     331568 bytes,    1174800 total
 60963K->45100K(83392K), 0.0027855 secs]
32.378: [GC
Desired survivor size 1343488 bytes, new threshold 4 (max 4)
- age   1:     532408 bytes,     532408 total
- age   3:     173160 bytes,     705568 total
- age   4:     237832 bytes,     943400 total
 61086K->45195K(83392K), 0.0026547 secs]
32.392: [GC
Desired survivor size 1343488 bytes, new threshold 4 (max 4)
- age   1:     197064 bytes,     197064 total
- age   2:     328304 bytes,     525368 total
 61173K->45018K(83392K), 0.0020904 secs]
32.406: [GC
Desired survivor size 1343488 bytes, new threshold 4 (max 4)
- age   1:     324544 bytes,     324544 total
- age   2:     142824 bytes,     467368 total
- age   3:     328304 bytes,     795672 total
 60972K->45282K(83392K), 0.0013235 secs]
32.421: [GC
Desired survivor size 1343488 bytes, new threshold 4 (max 4)
- age   1:     266248 bytes,     266248 total
- age   2:     268176 bytes,     534424 total
- age   3:     142344 bytes,     676768 total
- age   4:     183336 bytes,     860104 total
 61278K->45345K(83392K), 0.0014837 secs]
32.436: [GC
Desired survivor size 1343488 bytes, new threshold 4 (max 4)
- age   1:     397656 bytes,     397656 total
- age   2:     204456 bytes,     602112 total
- age   3:     209792 bytes,     811904 total
- age   4:     142344 bytes,     954248 total
 61345K->45439K(83392K), 0.0014496 secs]
32.450: [GC
Desired survivor size 1343488 bytes, new threshold 4 (max 4)
- age   1:     408992 bytes,     408992 total
- age   2:     246744 bytes,     655736 total
- age   3:     204456 bytes,     860192 total
- age   4:     209792 bytes,    1069984 total
 61393K->45631K(83392K), 0.0017178 secs]
32.464: [GC
Desired survivor size 1343488 bytes, new threshold 4 (max 4)
- age   1:     472872 bytes,     472872 total
- age   2:     130536 bytes,     603408 total
- age   3:     246744 bytes,     850152 total
- age   4:     204456 bytes,    1054608 total
 61581K->45821K(83392K), 0.0018801 secs]
32.477: [GC
Desired survivor size 1343488 bytes, new threshold 4 (max 4)
- age   1:     167472 bytes,     167472 total
- age   2:      63336 bytes,     230808 total
- age   3:     130536 bytes,     361344 total
- age   4:     163896 bytes,     525240 total
 61798K->45509K(83392K), 0.0018456 secs]
32.492: [GC
Desired survivor size 1343488 bytes, new threshold 4 (max 4)
- age   1:     512088 bytes,     512088 total
- age   2:      86376 bytes,     598464 total
- age   3:      63336 bytes,     661800 total
- age   4:     130536 bytes,     792336 total
 61487K->45924K(83392K), 0.0021388 secs]
32.507: [GC
Desired survivor size 1343488 bytes, new threshold 4 (max 4)
- age   1:     529248 bytes,     529248 total
- age   2:     113504 bytes,     642752 total
- age   3:      86376 bytes,     729128 total
- age   4:      63336 bytes,     792464 total
 61908K->46051K(83392K), 0.0014429 secs]
32.520: [GC
Desired survivor size 1343488 bytes, new threshold 4 (max 4)
- age   1:     521552 bytes,     521552 total
- age   2:     212520 bytes,     734072 total
- age   3:     113504 bytes,     847576 total
- age   4:      86376 bytes,     933952 total
 62051K->46251K(83392K), 0.0016435 secs]
32.533: [GC
Desired survivor size 1343488 bytes, new threshold 4 (max 4)
- age   1:     180032 bytes,     180032 total
- age   2:     399184 bytes,     579216 total
- age   3:     165680 bytes,     744896 total
- age   4:     113504 bytes,     858400 total
 62234K->46261K(83392K), 0.0018057 secs]
32.546: [GC
Desired survivor size 1343488 bytes, new threshold 4 (max 4)
- age   1:     309816 bytes,     309816 total
- age   2:     128880 bytes,     438696 total
- age   3:     204048 bytes,     642744 total
- age   4:     165680 bytes,     808424 total
 62244K->46323K(83392K), 0.0015560 secs]
32.559: [GC
Desired survivor size 1343488 bytes, new threshold 4 (max 4)
- age   1:     326392 bytes,     326392 total
- age   2:     242216 bytes,     568608 total
- age   3:      23640 bytes,     592248 total
- age   4:     204048 bytes,     796296 total
 62295K->46473K(83392K), 0.0028891 secs]
32.574: [GC
Desired survivor size 1343488 bytes, new threshold 4 (max 4)
- age   1:     354360 bytes,     354360 total
- age   2:     123128 bytes,     477488 total
- age   3:     176816 bytes,     654304 total
- age   4:      23640 bytes,     677944 total
 62436K->46558K(83392K), 0.0013284 secs]
32.588: [GC
Desired survivor size 1343488 bytes, new threshold 3 (max 4)
- age   1:    1157896 bytes,    1157896 total
- age   2:      77656 bytes,    1235552 total
- age   3:     123128 bytes,    1358680 total
- age   4:     176816 bytes,    1535496 total
 62545K->47418K(83392K), 0.0018665 secs]
32.602: [GC
Desired survivor size 1343488 bytes, new threshold 2 (max 4)
- age   1:    1068208 bytes,    1068208 total
- age   2:     878376 bytes,    1946584 total
 63415K->48066K(83392K), 0.0028497 secs]
32.617: [GC
Desired survivor size 1343488 bytes, new threshold 4 (max 4)
- age   1:     442848 bytes,     442848 total
- age   2:     845400 bytes,    1288248 total
 64021K->47998K(83392K), 0.0022997 secs]
32.631: [GC
Desired survivor size 1343488 bytes, new threshold 3 (max 4)
- age   1:    1161512 bytes,    1161512 total
- age   2:      75344 bytes,    1236856 total
- age   3:     499968 bytes,    1736824 total
 63966K->48436K(83392K), 0.0020662 secs]
32.648: [GC
Desired survivor size 1343488 bytes, new threshold 4 (max 4)
- age   1:     426856 bytes,     426856 total
- age   2:     643360 bytes,    1070216 total
- age   3:      75344 bytes,    1145560 total
 64357K->48252K(83392K), 0.0020150 secs]
32.663: [GC
Desired survivor size 1343488 bytes, new threshold 4 (max 4)
- age   1:     298824 bytes,     298824 total
- age   2:     360048 bytes,     658872 total
- age   3:     433728 bytes,    1092600 total
- age   4:      75344 bytes,    1167944 total
 64241K->48274K(83392K), 0.0016867 secs]
32.677: [GC
Desired survivor size 1343488 bytes, new threshold 4 (max 4)
- age   1:     526304 bytes,     526304 total
- age   2:     229872 bytes,     756176 total
- age   3:     360048 bytes,    1116224 total
- age   4:     180784 bytes,    1297008 total
 64246K->48474K(83392K), 0.0018536 secs]
32.691: [GC
Desired survivor size 1343488 bytes, new threshold 4 (max 4)
- age   1:     284424 bytes,     284424 total
- age   2:     450920 bytes,     735344 total
- age   3:     229872 bytes,     965216 total
- age   4:     360048 bytes,    1325264 total
 64425K->48538K(83392K), 0.0020177 secs]
32.704: [GC
Desired survivor size 1343488 bytes, new threshold 4 (max 4)
- age   1:     625200 bytes,     625200 total
- age   2:     230184 bytes,     855384 total
- age   3:     366568 bytes,    1221952 total
 64511K->48791K(83392K), 0.0034497 secs]
32.721: [GC
Desired survivor size 1343488 bytes, new threshold 4 (max 4)
- age   1:     318768 bytes,     318768 total
- age   2:     436512 bytes,     755280 total
- age   3:     230184 bytes,     985464 total
- age   4:     366568 bytes,    1352032 total
 64791K->48915K(83392K), 0.0019390 secs]
32.736: [GC
Desired survivor size 1343488 bytes, new threshold 4 (max 4)
- age   1:     505064 bytes,     505064 total
- age   2:     318768 bytes,     823832 total
- age   3:     267480 bytes,    1091312 total
- age   4:     230184 bytes,    1321496 total
 64912K->49134K(83392K), 0.0022095 secs]
32.750: [GC
Desired survivor size 1343488 bytes, new threshold 4 (max 4)
- age   1:     564376 bytes,     564376 total
- age   2:     258776 bytes,     823152 total
- age   3:     213032 bytes,    1036184 total
- age   4:     154840 bytes,    1191024 total
 65102K->49154K(83392K), 0.0020540 secs]
32.771: [GC
Desired survivor size 1343488 bytes, new threshold 4 (max 4)
- age   1:     908168 bytes,     908168 total
- age   2:     402776 bytes,    1310944 total
- age   4:      12720 bytes,    1323664 total
 65154K->49434K(83392K), 0.0021187 secs]
32.786: [GC
Desired survivor size 1343488 bytes, new threshold 4 (max 4)
- age   1:     225784 bytes,     225784 total
- age   2:     616200 bytes,     841984 total
- age   3:     402776 bytes,    1244760 total
 65352K->49386K(83392K), 0.0019077 secs]
32.799: [GC
Desired survivor size 1343488 bytes, new threshold 4 (max 4)
- age   1:     380840 bytes,     380840 total
- age   2:     162456 bytes,     543296 total
- age   3:     397184 bytes,     940480 total
- age   4:     402776 bytes,    1343256 total
 65371K->49464K(83392K), 0.0020279 secs]
32.813: [GC
Desired survivor size 1343488 bytes, new threshold 4 (max 4)
- age   1:     481224 bytes,     481224 total
- age   2:     313920 bytes,     795144 total
- age   3:     162456 bytes,     957600 total
- age   4:     394872 bytes,    1352472 total
 65391K->49661K(83392K), 0.0032845 secs]
32.827: [GC
Desired survivor size 1343488 bytes, new threshold 3 (max 4)
- age   1:     789408 bytes,     789408 total
- age   2:     411312 bytes,    1200720 total
- age   3:     156528 bytes,    1357248 total
- age   4:     162456 bytes,    1519704 total
 65512K->50218K(83392K), 0.0029230 secs]
32.842: [GC
Desired survivor size 1343488 bytes, new threshold 3 (max 4)
- age   1:     812880 bytes,     812880 total
- age   2:     303408 bytes,    1116288 total
- age   3:     411312 bytes,    1527600 total
 66215K->50527K(83392K), 0.0023027 secs]
32.856: [GC
Desired survivor size 1343488 bytes, new threshold 4 (max 4)
- age   1:     164528 bytes,     164528 total
- age   2:     644896 bytes,     809424 total
- age   3:     303408 bytes,    1112832 total
 66522K->50415K(83392K), 0.0021758 secs]
32.871: [GC
Desired survivor size 1343488 bytes, new threshold 4 (max 4)
- age   1:     428152 bytes,     428152 total
- age   3:     644896 bytes,    1073048 total
- age   4:     303408 bytes,    1376456 total
 66394K->50672K(83392K), 0.0020138 secs]
32.885: [GC
Desired survivor size 1343488 bytes, new threshold 4 (max 4)
- age   1:     211592 bytes,     211592 total
- age   2:     400696 bytes,     612288 total
- age   4:     644896 bytes,    1257184 total
 66672K->50849K(83392K), 0.0020658 secs]
32.900: [GC
Desired survivor size 1343488 bytes, new threshold 4 (max 4)
- age   1:     432944 bytes,     432944 total
- age   2:     173432 bytes,     606376 total
- age   3:     218728 bytes,     825104 total
 66818K->51063K(83392K), 0.0020376 secs]
32.915: [GC
Desired survivor size 1343488 bytes, new threshold 4 (max 4)
- age   1:     290400 bytes,     290400 total
- age   2:     392760 bytes,     683160 total
- age   3:     173432 bytes,     856592 total
- age   4:     218728 bytes,    1075320 total
 67041K->51312K(83392K), 0.0015995 secs]
32.928: [GC
Desired survivor size 1343488 bytes, new threshold 4 (max 4)
- age   1:     481688 bytes,     481688 total
- age   2:     160504 bytes,     642192 total
- age   3:     392760 bytes,    1034952 total
- age   4:     173432 bytes,    1208384 total
 67258K->51643K(83392K), 0.0021509 secs]
32.942: [GC
Desired survivor size 1343488 bytes, new threshold 4 (max 4)
- age   1:     410616 bytes,     410616 total
- age   2:     273072 bytes,     683688 total
- age   3:     160504 bytes,     844192 total
- age   4:     392760 bytes,    1236952 total
 67606K->51846K(83392K), 0.0021703 secs]
32.957: [GC
Desired survivor size 1343488 bytes, new threshold 4 (max 4)
- age   1:     742064 bytes,     742064 total
- age   2:     283600 bytes,    1025664 total
- age   3:     116888 bytes,    1142552 total
- age   4:     160504 bytes,    1303056 total
 67836K->52291K(83392K), 0.0020583 secs]
32.972: [GC
Desired survivor size 1343488 bytes, new threshold 2 (max 4)
- age   1:    1270720 bytes,    1270720 total
- age   2:     183416 bytes,    1454136 total
- age   3:     283600 bytes,    1737736 total
- age   4:     116888 bytes,    1854624 total
 68256K->52986K(83392K), 0.0024084 secs]
32.988: [GC
Desired survivor size 1343488 bytes, new threshold 2 (max 4)
- age   1:     980152 bytes,     980152 total
- age   2:    1023688 bytes,    2003840 total
 68969K->53486K(83392K), 0.0033772 secs]
33.005: [GC
Desired survivor size 1343488 bytes, new threshold 2 (max 4)
- age   1:     669376 bytes,     669376 total
- age   2:     811520 bytes,    1480896 total
 69469K->53660K(83392K), 0.0024461 secs]
33.021: [GC
Desired survivor size 1343488 bytes, new threshold 4 (max 4)
- age   1:     468680 bytes,     468680 total
- age   2:     247248 bytes,     715928 total
 69646K->53520K(83392K), 0.0019644 secs]
33.036: [GC
Desired survivor size 1343488 bytes, new threshold 4 (max 4)
- age   1:     410488 bytes,     410488 total
- age   2:     468680 bytes,     879168 total
- age   3:     162712 bytes,    1041880 total
 69451K->53837K(83392K), 0.0018002 secs]
33.054: [GC
Desired survivor size 1343488 bytes, new threshold 4 (max 4)
- age   1:     615896 bytes,     615896 total
- age   2:     239040 bytes,     854936 total
- age   3:     300600 bytes,    1155536 total
- age   4:     162712 bytes,    1318248 total
 69837K->54107K(83392K), 0.0019072 secs]
33.070: [GC
Desired survivor size 1343488 bytes, new threshold 4 (max 4)
- age   1:     291056 bytes,     291056 total
- age   2:     368088 bytes,     659144 total
- age   3:     170064 bytes,     829208 total
- age   4:     244816 bytes,    1074024 total
 70055K->54033K(83392K), 0.0039022 secs]
33.082: [GC 66124K(83392K), 0.0010756 secs]
33.090: [GC
Desired survivor size 1343488 bytes, new threshold 3 (max 4)
- age   1:    1170280 bytes,    1170280 total
- age   2:     112072 bytes,    1282352 total
- age   3:     233728 bytes,    1516080 total
- age   4:     170032 bytes,    1686112 total
 70033K->54662K(83392K), 0.0020468 secs]
33.106: [GC
Desired survivor size 1343488 bytes, new threshold 4 (max 4)
- age   1:     284360 bytes,     284360 total
- age   2:     880592 bytes,    1164952 total
- age   3:     112072 bytes,    1277024 total
 70588K->54650K(83392K), 0.0023860 secs]
33.123: [GC
Desired survivor size 1343488 bytes, new threshold 4 (max 4)
- age   1:     276328 bytes,     276328 total
- age   2:     227992 bytes,     504320 total
- age   3:     455240 bytes,     959560 total
- age   4:     112072 bytes,    1071632 total
 70650K->54448K(83392K), 0.0017411 secs]
33.141: [GC
Desired survivor size 1343488 bytes, new threshold 4 (max 4)
- age   1:     358048 bytes,     358048 total
- age   2:     216600 bytes,     574648 total
- age   3:     227992 bytes,     802640 total
- age   4:     455240 bytes,    1257880 total
 70434K->54633K(83392K), 0.0020330 secs]
33.157: [GC
Desired survivor size 1343488 bytes, new threshold 4 (max 4)
- age   1:     235064 bytes,     235064 total
- age   2:     269232 bytes,     504296 total
- age   3:     216600 bytes,     720896 total
- age   4:      70064 bytes,     790960 total
 70630K->54620K(83392K), 0.0019404 secs]
33.171: [GC
Desired survivor size 1343488 bytes, new threshold 4 (max 4)
- age   1:     319488 bytes,     319488 total
- age   2:     155440 bytes,     474928 total
- age   3:     269232 bytes,     744160 total
- age   4:     216600 bytes,     960760 total
 70588K->54784K(83392K), 0.0017671 secs]
33.185: [GC
Desired survivor size 1343488 bytes, new threshold 4 (max 4)
- age   1:     342080 bytes,     342080 total
- age   2:     165280 bytes,     507360 total
- age   3:      73072 bytes,     580432 total
- age   4:     156560 bytes,     736992 total
 70724K->54776K(83392K), 0.0019652 secs]
33.199: [GC
Desired survivor size 1343488 bytes, new threshold 4 (max 4)
- age   1:     149712 bytes,     149712 total
- age   2:      41448 bytes,     191160 total
- age   3:     165280 bytes,     356440 total
- age   4:      73072 bytes,     429512 total
 70713K->54629K(83392K), 0.0016622 secs]
33.214: [GC
Desired survivor size 1343488 bytes, new threshold 4 (max 4)
- age   1:     901736 bytes,     901736 total
- age   2:      83736 bytes,     985472 total
- age   3:      41448 bytes,    1026920 total
- age   4:     165280 bytes,    1192200 total
 70566K->55444K(83392K), 0.0017138 secs]
33.230: [GC
Desired survivor size 1343488 bytes, new threshold 2 (max 4)
- age   1:     832624 bytes,     832624 total
- age   2:     575944 bytes,    1408568 total
- age   4:      41448 bytes,    1450016 total
 71367K->55857K(83392K), 0.0022323 secs]
33.247: [GC
Desired survivor size 1343488 bytes, new threshold 4 (max 4)
- age   1:     253152 bytes,     253152 total
- age   2:     759984 bytes,    1013136 total
 71846K->55798K(83392K), 0.0032487 secs]
33.262: [GC
Desired survivor size 1343488 bytes, new threshold 4 (max 4)
- age   1:     132168 bytes,     132168 total
- age   2:     223168 bytes,     355336 total
- age   3:     542128 bytes,     897464 total
 71784K->55684K(83392K), 0.0022235 secs]
33.276: [GC
Desired survivor size 1343488 bytes, new threshold 4 (max 4)
- age   1:     634608 bytes,     634608 total
- age   2:      53880 bytes,     688488 total
- age   3:     223168 bytes,     911656 total
- age   4:     457792 bytes,    1369448 total
 71665K->56147K(83392K), 0.0020819 secs]
33.291: [GC
Desired survivor size 1343488 bytes, new threshold 4 (max 4)
- age   1:     751856 bytes,     751856 total
- age   2:      88256 bytes,     840112 total
- age   3:      53880 bytes,     893992 total
- age   4:     223168 bytes,    1117160 total
 72145K->56114K(83392K), 0.0021609 secs]
33.304: [GC
Desired survivor size 1343488 bytes, new threshold 3 (max 4)
- age   1:     735600 bytes,     735600 total
- age   2:     577176 bytes,    1312776 total
- age   3:      88256 bytes,    1401032 total
- age   4:      53880 bytes,    1454912 total
 72106K->56669K(83392K), 0.0023047 secs]
33.318: [GC
Desired survivor size 1343488 bytes, new threshold 4 (max 4)
- age   1:     306992 bytes,     306992 total
- age   2:     410536 bytes,     717528 total
- age   3:     577176 bytes,    1294704 total
 72641K->56644K(83392K), 0.0022573 secs]
33.333: [GC
Desired survivor size 1343488 bytes, new threshold 4 (max 4)
- age   1:     177760 bytes,     177760 total
- age   2:     193520 bytes,     371280 total
- age   3:     398192 bytes,     769472 total
- age   4:     393776 bytes,    1163248 total
 72644K->56512K(83392K), 0.0016245 secs]
33.346: [GC
Desired survivor size 1343488 bytes, new threshold 4 (max 4)
- age   1:     214832 bytes,     214832 total
- age   2:     108904 bytes,     323736 total
- age   3:     193520 bytes,     517256 total
- age   4:     398192 bytes,     915448 total
 72502K->56492K(83392K), 0.0020936 secs]
33.360: [GC
Desired survivor size 1343488 bytes, new threshold 4 (max 4)
- age   1:     160216 bytes,     160216 total
- age   2:     172912 bytes,     333128 total
- age   3:     108904 bytes,     442032 total
- age   4:     128984 bytes,     571016 total
 72472K->56543K(83392K), 0.0016203 secs]
33.377: [GC
Desired survivor size 1343488 bytes, new threshold 4 (max 4)
- age   1:     553256 bytes,     553256 total
- age   2:     126168 bytes,     679424 total
- age   4:     108904 bytes,     788328 total
 72513K->56879K(83392K), 0.0018635 secs]
33.400: [GC
Desired survivor size 1343488 bytes, new threshold 4 (max 4)
- age   1:     132040 bytes,     132040 total
- age   2:     387888 bytes,     519928 total
- age   3:     126168 bytes,     646096 total
 72879K->56847K(83392K), 0.0014761 secs]
33.413: [GC
Desired survivor size 1343488 bytes, new threshold 4 (max 4)
- age   1:     451648 bytes,     451648 total
- age   2:     132040 bytes,     583688 total
- age   3:     387888 bytes,     971576 total
- age   4:      27392 bytes,     998968 total
 72837K->57204K(83392K), 0.0016548 secs]
33.432: [GC
Desired survivor size 1343488 bytes, new threshold 4 (max 4)
- age   1:     691368 bytes,     691368 total
- age   2:     281688 bytes,     973056 total
- age   3:     132040 bytes,    1105096 total
- age   4:     387184 bytes,    1492280 total
 73204K->57722K(83392K), 0.0018985 secs]
33.435: [GC 57912K(83392K), 0.0013222 secs]
33.452: [GC
Desired survivor size 1343488 bytes, new threshold 4 (max 4)
- age   1:     159328 bytes,     159328 total
- age   2:     691368 bytes,     850696 total
- age   3:     281688 bytes,    1132384 total
- age   4:      34144 bytes,    1166528 total
 27449K->11523K(83392K), 0.0021837 secs]
33.465: [GC
Desired survivor size 1343488 bytes, new threshold 4 (max 4)
- age   1:     182928 bytes,     182928 total
- age   2:     108160 bytes,     291088 total
- age   3:     691368 bytes,     982456 total
- age   4:     281688 bytes,    1264144 total
 27512K->11641K(83392K), 0.0027611 secs]
33.480: [GC
Desired survivor size 1343488 bytes, new threshold 4 (max 4)
- age   1:     530896 bytes,     530896 total
- age   2:      44072 bytes,     574968 total
- age   3:      13168 bytes,     588136 total
- age   4:     691368 bytes,    1279504 total
 27630K->11963K(83392K), 0.0019086 secs]
33.502: [GC
Desired survivor size 1343488 bytes, new threshold 4 (max 4)
- age   1:     360272 bytes,     360272 total
- age   2:     373008 bytes,     733280 total
- age   3:      44072 bytes,     777352 total
- age   4:      13168 bytes,     790520 total
 27960K->11998K(83392K), 0.0020240 secs]
33.516: [GC
Desired survivor size 1343488 bytes, new threshold 4 (max 4)
- age   1:     431544 bytes,     431544 total
- age   2:     286480 bytes,     718024 total
- age   3:     238344 bytes,     956368 total
- age   4:      44072 bytes,    1000440 total
 27985K->12232K(83392K), 0.0015890 secs]
33.529: [GC
Desired survivor size 1343488 bytes, new threshold 4 (max 4)
- age   1:     203376 bytes,     203376 total
- age   2:     273640 bytes,     477016 total
- age   3:     286480 bytes,     763496 total
- age   4:     183000 bytes,     946496 total
 28216K->12217K(83392K), 0.0020670 secs]
33.542: [GC
Desired survivor size 1343488 bytes, new threshold 4 (max 4)
- age   1:     525656 bytes,     525656 total
- age   2:     164704 bytes,     690360 total
- age   3:     170008 bytes,     860368 total
- age   4:     286480 bytes,    1146848 total
 28215K->12631K(83392K), 0.0020833 secs]
33.556: [GC
Desired survivor size 1343488 bytes, new threshold 4 (max 4)
- age   1:     494344 bytes,     494344 total
- age   2:     356600 bytes,     850944 total
- age   4:     170008 bytes,    1020952 total
 28620K->12487K(83392K), 0.0018421 secs]
33.571: [GC
Desired survivor size 1343488 bytes, new threshold 4 (max 4)
- age   1:     161336 bytes,     161336 total
- age   2:     411688 bytes,     573024 total
- age   3:     184864 bytes,     757888 total
 28481K->12403K(83392K), 0.0014148 secs]
33.591: [GC
Desired survivor size 1343488 bytes, new threshold 4 (max 4)
- age   1:     535200 bytes,     535200 total
- age   2:      76336 bytes,     611536 total
- age   3:     372216 bytes,     983752 total
- age   4:      54320 bytes,    1038072 total
 28375K->12690K(83392K), 0.0013515 secs]
33.604: [GC
Desired survivor size 1343488 bytes, new threshold 4 (max 4)
- age   1:     142760 bytes,     142760 total
- age   2:     453576 bytes,     596336 total
- age   3:      76296 bytes,     672632 total
- age   4:     361056 bytes,    1033688 total
 28690K->12714K(83392K), 0.0024420 secs]
33.621: [GC
Desired survivor size 1343488 bytes, new threshold 4 (max 4)
- age   1:     312768 bytes,     312768 total
- age   2:      95552 bytes,     408320 total
- age   3:     453576 bytes,     861896 total
- age   4:      76296 bytes,     938192 total
 28712K->12785K(83392K), 0.0015581 secs]
33.635: [GC
Desired survivor size 1343488 bytes, new threshold 4 (max 4)
- age   1:     300752 bytes,     300752 total
- age   2:     244600 bytes,     545352 total
- age   3:      45704 bytes,     591056 total
- age   4:     453576 bytes,    1044632 total
 28774K->12992K(83392K), 0.0018307 secs]
33.648: [GC
Desired survivor size 1343488 bytes, new threshold 4 (max 4)
- age   1:     179280 bytes,     179280 total
- age   2:     278240 bytes,     457520 total
- age   3:     244600 bytes,     702120 total
- age   4:      45704 bytes,     747824 total
 28975K->13115K(83392K), 0.0018947 secs]
33.661: [GC
Desired survivor size 1343488 bytes, new threshold 4 (max 4)
- age   1:     657608 bytes,     657608 total
- age   2:      94088 bytes,     751696 total
- age   3:     222304 bytes,     974000 total
- age   4:     244600 bytes,    1218600 total
 29103K->13598K(83392K), 0.0024757 secs]
33.676: [GC
Desired survivor size 1343488 bytes, new threshold 4 (max 4)
- age   1:     215968 bytes,     215968 total
- age   2:     627344 bytes,     843312 total
- age   3:      94088 bytes,     937400 total
- age   4:     222304 bytes,    1159704 total
 29587K->13761K(83392K), 0.0019233 secs]
33.692: [GC
Desired survivor size 1343488 bytes, new threshold 4 (max 4)
- age   1:     273424 bytes,     273424 total
- age   2:     128528 bytes,     401952 total
- age   3:     508720 bytes,     910672 total
 29755K->13693K(83392K), 0.0015034 secs]
33.706: [GC
Desired survivor size 1343488 bytes, new threshold 4 (max 4)
- age   1:     112824 bytes,     112824 total
- age   2:     156456 bytes,     269280 total
- age   3:     128528 bytes,     397808 total
- age   4:     508720 bytes,     906528 total
 29685K->13693K(83392K), 0.0017802 secs]
33.720: [GC
Desired survivor size 1343488 bytes, new threshold 4 (max 4)
- age   1:     466984 bytes,     466984 total
- age   2:     112784 bytes,     579768 total
- age   3:     156368 bytes,     736136 total
- age   4:     128528 bytes,     864664 total
 29645K->13982K(83392K), 0.0022754 secs]
33.735: [GC
Desired survivor size 1343488 bytes, new threshold 4 (max 4)
- age   1:     277096 bytes,     277096 total
- age   2:     303640 bytes,     580736 total
- age   3:     112784 bytes,     693520 total
- age   4:     156368 bytes,     849888 total
 29942K->13972K(83392K), 0.0014023 secs]
33.748: [GC
Desired survivor size 1343488 bytes, new threshold 4 (max 4)
- age   1:     382296 bytes,     382296 total
- age   2:     236504 bytes,     618800 total
- age   3:     192392 bytes,     811192 total
- age   4:     112784 bytes,     923976 total
 29965K->14201K(83392K), 0.0017047 secs]
33.761: [GC
Desired survivor size 1343488 bytes, new threshold 4 (max 4)
- age   1:     285632 bytes,     285632 total
- age   2:     273688 bytes,     559320 total
- age   3:     216864 bytes,     776184 total
- age   4:      64200 bytes,     840384 total
 30187K->14191K(83392K), 0.0019626 secs]
33.774: [GC
Desired survivor size 1343488 bytes, new threshold 4 (max 4)
- age   1:     255464 bytes,     255464 total
- age   2:     212560 bytes,     468024 total
- age   3:     273688 bytes,     741712 total
- age   4:     216864 bytes,     958576 total
 30180K->14365K(83392K), 0.0016725 secs]
33.790: [GC
Desired survivor size 1343488 bytes, new threshold 4 (max 4)
- age   1:     296304 bytes,     296304 total
- age   2:     231696 bytes,     528000 total
- age   3:      24904 bytes,     552904 total
- age   4:     273688 bytes,     826592 total
 30365K->14449K(83392K), 0.0022553 secs]
33.803: [GC
Desired survivor size 1343488 bytes, new threshold 4 (max 4)
- age   1:     401144 bytes,     401144 total
- age   2:     188760 bytes,     589904 total
- age   3:     231696 bytes,     821600 total
- age   4:      24904 bytes,     846504 total
 30416K->14736K(83392K), 0.0016519 secs]
33.817: [GC
Desired survivor size 1343488 bytes, new threshold 4 (max 4)
- age   1:     330744 bytes,     330744 total
- age   2:     374120 bytes,     704864 total
- age   3:     187592 bytes,     892456 total
- age   4:      88912 bytes,     981368 total
 30721K->14892K(83392K), 0.0016811 secs]
33.830: [GC
Desired survivor size 1343488 bytes, new threshold 4 (max 4)
- age   1:     276472 bytes,     276472 total
- age   2:     214272 bytes,     490744 total
- age   3:     374120 bytes,     864864 total
- age   4:      58008 bytes,     922872 total
 30881K->14928K(83392K), 0.0016812 secs]
33.844: [GC
Desired survivor size 1343488 bytes, new threshold 4 (max 4)
- age   1:     420096 bytes,     420096 total
- age   2:     195376 bytes,     615472 total
- age   3:     148416 bytes,     763888 total
- age   4:     374120 bytes,    1138008 total
 30907K->15191K(83392K), 0.0021598 secs]
33.857: [GC
Desired survivor size 1343488 bytes, new threshold 4 (max 4)
- age   1:     184608 bytes,     184608 total
- age   2:     372792 bytes,     557400 total
- age   3:     195376 bytes,     752776 total
- age   4:     148376 bytes,     901152 total
 31187K->15088K(83392K), 0.0017643 secs]
33.871: [GC
Desired survivor size 1343488 bytes, new threshold 4 (max 4)
- age   1:     414016 bytes,     414016 total
- age   2:     124712 bytes,     538728 total
- age   3:     261792 bytes,     800520 total
- age   4:     195376 bytes,     995896 total
 31085K->15329K(83392K), 0.0017480 secs]
33.885: [GC
Desired survivor size 1343488 bytes, new threshold 4 (max 4)
- age   1:     593552 bytes,     593552 total
- age   2:     302208 bytes,     895760 total
- age   3:     124712 bytes,    1020472 total
- age   4:     261792 bytes,    1282264 total
 31258K->15666K(83392K), 0.0018245 secs]
33.899: [GC
Desired survivor size 1343488 bytes, new threshold 4 (max 4)
- age   1:     392872 bytes,     392872 total
- age   2:     533352 bytes,     926224 total
- age   3:     166064 bytes,    1092288 total
- age   4:     124712 bytes,    1217000 total
 31664K->15858K(83392K), 0.0017494 secs]
33.915: [GC
Desired survivor size 1343488 bytes, new threshold 4 (max 4)
- age   1:     527808 bytes,     527808 total
- age   2:     149840 bytes,     677648 total
- age   3:     446824 bytes,    1124472 total
- age   4:     166064 bytes,    1290536 total
 31820K->16050K(83392K), 0.0018153 secs]
33.929: [GC
Desired survivor size 1343488 bytes, new threshold 4 (max 4)
- age   1:     536984 bytes,     536984 total
- age   2:     394240 bytes,     931224 total
- age   3:      74424 bytes,    1005648 total
- age   4:     446792 bytes,    1452440 total
 32046K->16311K(83392K), 0.0022327 secs]
33.943: [GC
Desired survivor size 1343488 bytes, new threshold 4 (max 4)
- age   1:     450696 bytes,     450696 total
- age   2:     216904 bytes,     667600 total
- age   3:     394240 bytes,    1061840 total
- age   4:      74424 bytes,    1136264 total
 32306K->16226K(83392K), 0.0018741 secs]
33.960: [GC
Desired survivor size 1343488 bytes, new threshold 4 (max 4)
- age   1:     305072 bytes,     305072 total
- age   2:     295864 bytes,     600936 total
- age   3:     100400 bytes,     701336 total
- age   4:      97104 bytes,     798440 total
 32224K->15970K(83392K), 0.0020732 secs]
33.974: [GC
Desired survivor size 1343488 bytes, new threshold 4 (max 4)
- age   1:     373440 bytes,     373440 total
- age   2:     124304 bytes,     497744 total
- age   3:     295864 bytes,     793608 total
- age   4:     100400 bytes,     894008 total
 31962K->16127K(83392K), 0.0016116 secs]
33.987: [GC
Desired survivor size 1343488 bytes, new threshold 4 (max 4)
- age   1:     487200 bytes,     487200 total
- age   2:      93696 bytes,     580896 total
- age   3:       6240 bytes,     587136 total
- age   4:     295864 bytes,     883000 total
 32077K->16212K(83392K), 0.0017894 secs]
34.005: [GC
Desired survivor size 1343488 bytes, new threshold 4 (max 4)
- age   1:     688872 bytes,     688872 total
- age   2:     400912 bytes,    1089784 total
- age   3:      93696 bytes,    1183480 total
- age   4:       6240 bytes,    1189720 total
 32211K->16796K(83392K), 0.0017962 secs]
34.018: [GC
Desired survivor size 1343488 bytes, new threshold 4 (max 4)
- age   1:     341368 bytes,     341368 total
- age   2:     550144 bytes,     891512 total
- age   3:     400912 bytes,    1292424 total
- age   4:      93696 bytes,    1386120 total
 32780K->16996K(83392K), 0.0020056 secs]
34.033: [GC
Desired survivor size 1343488 bytes, new threshold 4 (max 4)
- age   1:     377592 bytes,     377592 total
- age   2:     312376 bytes,     689968 total
- age   3:     345920 bytes,    1035888 total
- age   4:     400912 bytes,    1436800 total
 32981K->17136K(83392K), 0.0021228 secs]
34.048: [GC
Desired survivor size 1343488 bytes, new threshold 4 (max 4)
- age   1:     238392 bytes,     238392 total
- age   2:     261232 bytes,     499624 total
- age   3:     312376 bytes,     812000 total
- age   4:     345520 bytes,    1157520 total
 33127K->17093K(83392K), 0.0023561 secs]
34.063: [GC
Desired survivor size 1343488 bytes, new threshold 4 (max 4)
- age   1:     310480 bytes,     310480 total
- age   2:     191568 bytes,     502048 total
- age   3:     261232 bytes,     763280 total
- age   4:     240912 bytes,    1004192 total
 33086K->17281K(83392K), 0.0016745 secs]
34.076: [GC
Desired survivor size 1343488 bytes, new threshold 4 (max 4)
- age   1:     180656 bytes,     180656 total
- age   2:     237744 bytes,     418400 total
- age   3:      61984 bytes,     480384 total
- age   4:     261232 bytes,     741616 total
 33243K->17260K(83392K), 0.0016262 secs]
34.089: [GC
Desired survivor size 1343488 bytes, new threshold 4 (max 4)
- age   1:     658928 bytes,     658928 total
- age   2:     102288 bytes,     761216 total
- age   3:     237744 bytes,     998960 total
- age   4:      60640 bytes,    1059600 total
 33250K->17747K(83392K), 0.0017638 secs]
34.103: [GC
Desired survivor size 1343488 bytes, new threshold 4 (max 4)
- age   1:     526976 bytes,     526976 total
- age   2:     496616 bytes,    1023592 total
- age   3:     102288 bytes,    1125880 total
- age   4:     237744 bytes,    1363624 total
 33745K->18106K(83392K), 0.0021508 secs]
34.117: [GC
Desired survivor size 1343488 bytes, new threshold 4 (max 4)
- age   1:     306896 bytes,     306896 total
- age   2:     398240 bytes,     705136 total
- age   3:     496616 bytes,    1201752 total
- age   4:     102288 bytes,    1304040 total
 34047K->18280K(83392K), 0.0024787 secs]
34.132: [GC
Desired survivor size 1343488 bytes, new threshold 4 (max 4)
- age   1:     507232 bytes,     507232 total
- age   2:     143168 bytes,     650400 total
- age   3:     398240 bytes,    1048640 total
- age   4:     496616 bytes,    1545256 total
 34265K->18614K(83392K), 0.0042498 secs]
34.151: [GC
Desired survivor size 1343488 bytes, new threshold 4 (max 4)
- age   1:     395040 bytes,     395040 total
- age   2:     444128 bytes,     839168 total
- age   3:     143168 bytes,     982336 total
- age   4:     226400 bytes,    1208736 total
 34613K->18708K(83392K), 0.0019213 secs]
34.165: [GC
Desired survivor size 1343488 bytes, new threshold 4 (max 4)
- age   1:     500784 bytes,     500784 total
- age   2:     346464 bytes,     847248 total
- age   3:     444128 bytes,    1291376 total
- age   4:     143168 bytes,    1434544 total
 34708K->19151K(83392K), 0.0020814 secs]
34.180: [GC
Desired survivor size 1343488 bytes, new threshold 4 (max 4)
- age   1:     468096 bytes,     468096 total
- age   2:     341608 bytes,     809704 total
- age   3:     346464 bytes,    1156168 total
- age   4:     342520 bytes,    1498688 total
 35143K->19364K(83392K), 0.0023548 secs]
34.194: [GC
Desired survivor size 1343488 bytes, new threshold 4 (max 4)
- age   1:     450432 bytes,     450432 total
- age   2:     302816 bytes,     753248 total
- age   3:     170272 bytes,     923520 total
- age   4:     281536 bytes,    1205056 total
 35349K->19401K(83392K), 0.0022642 secs]
34.208: [GC
Desired survivor size 1343488 bytes, new threshold 4 (max 4)
- age   1:     439648 bytes,     439648 total
- age   2:     365384 bytes,     805032 total
- age   3:     302816 bytes,    1107848 total
- age   4:     170272 bytes,    1278120 total
 35380K->19527K(83392K), 0.0024420 secs]
34.225: [GC
Desired survivor size 1343488 bytes, new threshold 4 (max 4)
- age   1:     287928 bytes,     287928 total
- age   2:     388400 bytes,     676328 total
- age   3:     365384 bytes,    1041712 total
- age   4:     302816 bytes,    1344528 total
 35518K->19764K(83392K), 0.0019331 secs]
34.240: [GC
Desired survivor size 1343488 bytes, new threshold 3 (max 4)
- age   1:     831144 bytes,     831144 total
- age   2:     231976 bytes,    1063120 total
- age   3:     336304 bytes,    1399424 total
- age   4:     365384 bytes,    1764808 total
 35763K->20463K(83392K), 0.0024060 secs]
34.255: [GC
Desired survivor size 1343488 bytes, new threshold 4 (max 4)
- age   1:     188504 bytes,     188504 total
- age   2:     802304 bytes,     990808 total
- age   3:      57192 bytes,    1048000 total
 36455K->20414K(83392K), 0.0022316 secs]
34.269: [GC
Desired survivor size 1343488 bytes, new threshold 4 (max 4)
- age   1:     360296 bytes,     360296 total
- age   2:     121264 bytes,     481560 total
- age   3:     802304 bytes,    1283864 total
- age   4:      57192 bytes,    1341056 total
 36388K->20699K(83392K), 0.0022041 secs]
34.284: [GC
Desired survivor size 1343488 bytes, new threshold 4 (max 4)
- age   1:     695080 bytes,     695080 total
- age   2:     303488 bytes,     998568 total
- age   3:     121264 bytes,    1119832 total
- age   4:     802304 bytes,    1922136 total
 36692K->21326K(83392K), 0.0024385 secs]
34.299: [GC
Desired survivor size 1343488 bytes, new threshold 4 (max 4)
- age   1:     280144 bytes,     280144 total
- age   2:     583184 bytes,     863328 total
- age   3:     303488 bytes,    1166816 total
- age   4:     121264 bytes,    1288080 total
 37279K->21485K(83392K), 0.0027603 secs]
34.317: [GC
Desired survivor size 1343488 bytes, new threshold 4 (max 4)
- age   1:     451256 bytes,     451256 total
- age   2:     223776 bytes,     675032 total
- age   3:     379640 bytes,    1054672 total
- age   4:     176912 bytes,    1231584 total
 37484K->21547K(83392K), 0.0016999 secs]
34.330: [GC
Desired survivor size 1343488 bytes, new threshold 4 (max 4)
- age   1:     670056 bytes,     670056 total
- age   2:     421744 bytes,    1091800 total
- age   3:     192368 bytes,    1284168 total
- age   4:     379640 bytes,    1663808 total
 37527K->22141K(83392K), 0.0022737 secs]
34.345: [GC
Desired survivor size 1343488 bytes, new threshold 4 (max 4)
- age   1:     273784 bytes,     273784 total
- age   2:     613688 bytes,     887472 total
- age   3:     421744 bytes,    1309216 total
- age   4:     192368 bytes,    1501584 total
 38123K->22288K(83392K), 0.0042348 secs]
34.362: [GC
Desired survivor size 1343488 bytes, new threshold 4 (max 4)
- age   1:     451144 bytes,     451144 total
- age   2:     205584 bytes,     656728 total
- age   3:     340800 bytes,     997528 total
- age   4:     421744 bytes,    1419272 total
 38275K->22395K(83392K), 0.0019950 secs]
34.376: [GC
Desired survivor size 1343488 bytes, new threshold 4 (max 4)
- age   1:     690000 bytes,     690000 total
- age   2:     363056 bytes,    1053056 total
- age   3:     205584 bytes,    1258640 total
- age   4:     171744 bytes,    1430384 total
 38382K->22818K(83392K), 0.0031227 secs]
34.391: [GC
Desired survivor size 1343488 bytes, new threshold 4 (max 4)
- age   1:     456496 bytes,     456496 total
- age   2:     190136 bytes,     646632 total
- age   3:     183872 bytes,     830504 total
- age   4:     205456 bytes,    1035960 total
 38818K->22600K(83392K), 0.0018488 secs]
34.405: [GC
Desired survivor size 1343488 bytes, new threshold 4 (max 4)
- age   1:     670616 bytes,     670616 total
- age   2:     419256 bytes,    1089872 total
- age   3:     190104 bytes,    1279976 total
- age   4:     183872 bytes,    1463848 total
 38540K->23110K(83392K), 0.0021989 secs]
34.420: [GC
Desired survivor size 1343488 bytes, new threshold 4 (max 4)
- age   1:     274192 bytes,     274192 total
- age   2:     560760 bytes,     834952 total
- age   3:     350080 bytes,    1185032 total
- age   4:     190104 bytes,    1375136 total
 39110K->23202K(83392K), 0.0020347 secs]
34.438: [GC
Desired survivor size 1343488 bytes, new threshold 4 (max 4)
- age   1:     257736 bytes,     257736 total
- age   2:     273272 bytes,     531008 total
- age   3:     560760 bytes,    1091768 total
- age   4:     349696 bytes,    1441464 total
 39165K->23454K(83392K), 0.0022885 secs]
34.452: [GC
Desired survivor size 1343488 bytes, new threshold 4 (max 4)
- age   1:     640224 bytes,     640224 total
- age   2:      41968 bytes,     682192 total
- age   3:     273272 bytes,     955464 total
- age   4:      90104 bytes,    1045568 total
 39437K->23417K(83392K), 0.0022424 secs]
34.467: [GC
Desired survivor size 1343488 bytes, new threshold 4 (max 4)
- age   1:     429056 bytes,     429056 total
- age   2:     456128 bytes,     885184 total
- age   3:      17568 bytes,     902752 total
- age   4:      76448 bytes,     979200 total
 39413K->23448K(83392K), 0.0015128 secs]
34.480: [GC
Desired survivor size 1343488 bytes, new threshold 4 (max 4)
- age   1:     456032 bytes,     456032 total
- age   2:     356424 bytes,     812456 total
- age   3:      75440 bytes,     887896 total
- age   4:      17568 bytes,     905464 total
 39395K->23439K(83392K), 0.0018564 secs]
34.493: [GC
Desired survivor size 1343488 bytes, new threshold 4 (max 4)
- age   1:     306352 bytes,     306352 total
- age   2:     390736 bytes,     697088 total
- age   3:     194080 bytes,     891168 total
- age   4:      75440 bytes,     966608 total
 39431K->23524K(83392K), 0.0018000 secs]
34.507: [GC
Desired survivor size 1343488 bytes, new threshold 4 (max 4)
- age   1:     564632 bytes,     564632 total
- age   2:     234480 bytes,     799112 total
- age   3:     155936 bytes,     955048 total
- age   4:     194080 bytes,    1149128 total
 39483K->23690K(83392K), 0.0016235 secs]
34.521: [GC
Desired survivor size 1343488 bytes, new threshold 4 (max 4)
- age   1:     362416 bytes,     362416 total
- age   2:     522600 bytes,     885016 total
- age   3:      36920 bytes,     921936 total
- age   4:     155936 bytes,    1077872 total
 39657K->23810K(83392K), 0.0022225 secs]
34.534: [GC
Desired survivor size 1343488 bytes, new threshold 4 (max 4)
- age   1:     498488 bytes,     498488 total
- age   2:     195456 bytes,     693944 total
- age   3:     522600 bytes,    1216544 total
 39809K->24097K(83392K), 0.0020817 secs]
34.547: [GC
Desired survivor size 1343488 bytes, new threshold 4 (max 4)
- age   1:     646960 bytes,     646960 total
- age   2:     445656 bytes,    1092616 total
- age   3:     195456 bytes,    1288072 total
- age   4:     355064 bytes,    1643136 total
 40094K->24514K(83392K), 0.0022122 secs]
34.562: [GC
Desired survivor size 1343488 bytes, new threshold 2 (max 4)
- age   1:    1088296 bytes,    1088296 total
- age   2:     581064 bytes,    1669360 total
- age   3:     445656 bytes,    2115016 total
- age   4:     195456 bytes,    2310472 total
 40440K->25278K(83392K), 0.0024910 secs]
34.577: [GC
Desired survivor size 1343488 bytes, new threshold 4 (max 4)
- age   1:     375912 bytes,     375912 total
- age   2:     879616 bytes,    1255528 total
 41236K->25442K(83392K), 0.0025453 secs]
34.591: [GC
Desired survivor size 1343488 bytes, new threshold 4 (max 4)
- age   1:     538256 bytes,     538256 total
- age   2:     292904 bytes,     831160 total
- age   3:     454080 bytes,    1285240 total
 41424K->25471K(83392K), 0.0021129 secs]
34.606: [GC
Desired survivor size 1343488 bytes, new threshold 4 (max 4)
- age   1:     504288 bytes,     504288 total
- age   2:     458296 bytes,     962584 total
- age   3:     292904 bytes,    1255488 total
- age   4:     454080 bytes,    1709568 total
 41430K->25885K(83392K), 0.0021729 secs]
34.620: [GC
Desired survivor size 1343488 bytes, new threshold 3 (max 4)
- age   1:     465112 bytes,     465112 total
- age   2:     439752 bytes,     904864 total
- age   3:     458296 bytes,    1363160 total
- age   4:     292904 bytes,    1656064 total
 41881K->26276K(83392K), 0.0023928 secs]
34.635: [GC
Desired survivor size 1343488 bytes, new threshold 2 (max 4)
- age   1:     964248 bytes,     964248 total
- age   2:     411056 bytes,    1375304 total
- age   3:     200192 bytes,    1575496 total
 42248K->26931K(83392K), 0.0025374 secs]
34.649: [GC
Desired survivor size 1343488 bytes, new threshold 2 (max 4)
- age   1:     961096 bytes,     961096 total
- age   2:     801272 bytes,    1762368 total
 42906K->27621K(83392K), 0.0028677 secs]
34.665: [GC
Desired survivor size 1343488 bytes, new threshold 4 (max 4)
- age   1:     596960 bytes,     596960 total
- age   2:     625200 bytes,    1222160 total
 43615K->27294K(83392K), 0.0018690 secs]
34.678: [GC
Desired survivor size 1343488 bytes, new threshold 4 (max 4)
- age   1:     394376 bytes,     394376 total
- age   2:     428328 bytes,     822704 total
- age   3:     366824 bytes,    1189528 total
 43291K->27262K(83392K), 0.0019024 secs]
34.693: [GC
Desired survivor size 1343488 bytes, new threshold 3 (max 4)
- age   1:    1106088 bytes,    1106088 total
- age   2:      68192 bytes,    1174280 total
- age   3:     428328 bytes,    1602608 total
- age   4:     366824 bytes,    1969432 total
 43260K->28024K(83392K), 0.0021567 secs]
34.708: [GC
Desired survivor size 1343488 bytes, new threshold 4 (max 4)
- age   1:     140032 bytes,     140032 total
- age   2:     910288 bytes,    1050320 total
 44006K->27903K(83392K), 0.0025593 secs]
34.722: [GC
Desired survivor size 1343488 bytes, new threshold 4 (max 4)
- age   1:     444440 bytes,     444440 total
- age   2:      67488 bytes,     511928 total
- age   3:     677960 bytes,    1189888 total
 43875K->28039K(83392K), 0.0017355 secs]
34.738: [GC
Desired survivor size 1343488 bytes, new threshold 4 (max 4)
- age   1:     337776 bytes,     337776 total
- age   2:     145776 bytes,     483552 total
- age   3:      67488 bytes,     551040 total
- age   4:     677960 bytes,    1229000 total
 44039K->28076K(83392K), 0.0022908 secs]
34.753: [GC
Desired survivor size 1343488 bytes, new threshold 4 (max 4)
- age   1:     696656 bytes,     696656 total
- age   2:     253368 bytes,     950024 total
- age   3:     145776 bytes,    1095800 total
- age   4:      67488 bytes,    1163288 total
 44016K->28673K(83392K), 0.0026635 secs]
34.769: [GC
Desired survivor size 1343488 bytes, new threshold 4 (max 4)
- age   1:     385528 bytes,     385528 total
- age   2:     488344 bytes,     873872 total
- age   3:     253368 bytes,    1127240 total
- age   4:     145776 bytes,    1273016 total
 44665K->28846K(83392K), 0.0017899 secs]
34.783: [GC
Desired survivor size 1343488 bytes, new threshold 4 (max 4)
- age   1:     286768 bytes,     286768 total
- age   2:     328216 bytes,     614984 total
- age   3:     343344 bytes,     958328 total
- age   4:     253368 bytes,    1211696 total
 44793K->28929K(83392K), 0.0023541 secs]
34.798: [GC
Desired survivor size 1343488 bytes, new threshold 2 (max 4)
- age   1:    1060920 bytes,    1060920 total
- age   2:     286768 bytes,    1347688 total
- age   3:     328216 bytes,    1675904 total
- age   4:     343344 bytes,    2019248 total
 44853K->29967K(83392K), 0.0035498 secs]
34.814: [GC
Desired survivor size 1343488 bytes, new threshold 4 (max 4)
- age   1:     278808 bytes,     278808 total
- age   2:     854056 bytes,    1132864 total
 45911K->29887K(83392K), 0.0025631 secs]
34.828: [GC
Desired survivor size 1343488 bytes, new threshold 4 (max 4)
- age   1:     570384 bytes,     570384 total
- age   2:     278808 bytes,     849192 total
- age   3:     455776 bytes,    1304968 total
 45806K->30054K(83392K), 0.0020482 secs]
34.842: [GC
Desired survivor size 1343488 bytes, new threshold 4 (max 4)
- age   1:     219880 bytes,     219880 total
- age   2:     359576 bytes,     579456 total
- age   3:     278808 bytes,     858264 total
- age   4:     455776 bytes,    1314040 total
 45994K->30063K(83392K), 0.0017577 secs]
34.855: [GC
Desired survivor size 1343488 bytes, new threshold 4 (max 4)
- age   1:     678344 bytes,     678344 total
- age   3:     110064 bytes,     788408 total
- age   4:     278808 bytes,    1067216 total
 46019K->30267K(83392K), 0.0019653 secs]
34.870: [GC
Desired survivor size 1343488 bytes, new threshold 4 (max 4)
- age   1:     472488 bytes,     472488 total
- age   2:     343528 bytes,     816016 total
- age   4:     110064 bytes,     926080 total
 46217K->30402K(83392K), 0.0017947 secs]
34.884: [GC
Desired survivor size 1343488 bytes, new threshold 4 (max 4)
- age   1:     607952 bytes,     607952 total
- age   2:     322048 bytes,     930000 total
- age   3:     278128 bytes,    1208128 total
 46402K->30785K(83392K), 0.0018587 secs]
34.898: [GC
Desired survivor size 1343488 bytes, new threshold 4 (max 4)
- age   1:     522272 bytes,     522272 total
- age   2:     567024 bytes,    1089296 total
- age   3:     235720 bytes,    1325016 total
- age   4:     278128 bytes,    1603144 total
 46783K->31170K(83392K), 0.0018282 secs]
34.912: [GC
Desired survivor size 1343488 bytes, new threshold 3 (max 4)
- age   1:     641896 bytes,     641896 total
- age   2:     476072 bytes,    1117968 total
- age   3:     448800 bytes,    1566768 total
- age   4:     235720 bytes,    1802488 total
 47167K->31636K(83392K), 0.0026013 secs]
34.925: [GC
Desired survivor size 1343488 bytes, new threshold 3 (max 4)
- age   1:     595464 bytes,     595464 total
- age   2:     604168 bytes,    1199632 total
- age   3:     476072 bytes,    1675704 total
 47611K->32182K(83392K), 0.0028954 secs]
34.941: [GC
Desired survivor size 1343488 bytes, new threshold 3 (max 4)
- age   1:     424328 bytes,     424328 total
- age   2:     550136 bytes,     974464 total
- age   3:     604168 bytes,    1578632 total
 48166K->32477K(83392K), 0.0030246 secs]
34.957: [GC
Desired survivor size 1343488 bytes, new threshold 3 (max 4)
- age   1:     733976 bytes,     733976 total
- age   2:     170696 bytes,     904672 total
- age   3:     550136 bytes,    1454808 total
 48463K->32950K(83392K), 0.0023710 secs]
34.974: [GC
Desired survivor size 1343488 bytes, new threshold 4 (max 4)
- age   1:     260136 bytes,     260136 total
- age   2:     655888 bytes,     916024 total
- age   3:     169864 bytes,    1085888 total
 48940K->33004K(83392K), 0.0022560 secs]
34.988: [GC
Desired survivor size 1343488 bytes, new threshold 3 (max 4)
- age   1:     828608 bytes,     828608 total
- age   2:      97816 bytes,     926424 total
- age   3:     655888 bytes,    1582312 total
- age   4:     169864 bytes,    1752176 total
 48964K->33657K(83392K), 0.0024028 secs]
35.003: [GC
Desired survivor size 1343488 bytes, new threshold 4 (max 4)
- age   1:     553800 bytes,     553800 total
- age   2:     683568 bytes,    1237368 total
- age   3:      97816 bytes,    1335184 total
 49629K->34056K(83392K), 0.0026161 secs]
35.019: [GC
Desired survivor size 1343488 bytes, new threshold 2 (max 4)
- age   1:    1138600 bytes,    1138600 total
- age   2:     402152 bytes,    1540752 total
- age   3:     683568 bytes,    2224320 total
- age   4:      97816 bytes,    2322136 total
 49992K->35019K(83392K), 0.0024438 secs]
35.044: [GC
Desired survivor size 1343488 bytes, new threshold 2 (max 4)
- age   1:     600128 bytes,     600128 total
- age   2:    1052200 bytes,    1652328 total
 50987K->35052K(83392K), 0.0032998 secs]
35.059: [GC
Desired survivor size 1343488 bytes, new threshold 4 (max 4)
- age   1:     408424 bytes,     408424 total
- age   2:     493528 bytes,     901952 total
 51043K->35353K(83392K), 0.0038284 secs]
35.075: [GC
Desired survivor size 1343488 bytes, new threshold 4 (max 4)
- age   1:     431232 bytes,     431232 total
- age   2:     362800 bytes,     794032 total
- age   3:     248616 bytes,    1042648 total
 51338K->35494K(83392K), 0.0015800 secs]
35.088: [GC
Desired survivor size 1343488 bytes, new threshold 3 (max 4)
- age   1:     820024 bytes,     820024 total
- age   2:     347416 bytes,    1167440 total
- age   3:     362800 bytes,    1530240 total
- age   4:     246344 bytes,    1776584 total
 51467K->36202K(83392K), 0.0025089 secs]
35.106: [GC
Desired survivor size 1343488 bytes, new threshold 4 (max 4)
- age   1:     346904 bytes,     346904 total
- age   2:     486688 bytes,     833592 total
- age   3:     347416 bytes,    1181008 total
 52128K->36230K(83392K), 0.0020970 secs]
35.122: [GC
Desired survivor size 1343488 bytes, new threshold 4 (max 4)
- age   1:     306360 bytes,     306360 total
- age   2:     260600 bytes,     566960 total
- age   3:     425264 bytes,     992224 total
- age   4:     347416 bytes,    1339640 total
 52198K->36378K(83392K), 0.0019226 secs]
35.136: [GC
Desired survivor size 1343488 bytes, new threshold 4 (max 4)
- age   1:     727288 bytes,     727288 total
- age   2:     134280 bytes,     861568 total
- age   3:     260600 bytes,    1122168 total
- age   4:     265056 bytes,    1387224 total
 52320K->36764K(83392K), 0.0026510 secs]
35.152: [GC
Desired survivor size 1343488 bytes, new threshold 4 (max 4)
- age   1:     146456 bytes,     146456 total
- age   2:     667088 bytes,     813544 total
- age   3:     134280 bytes,     947824 total
- age   4:     260600 bytes,    1208424 total
 52677K->36838K(83392K), 0.0019014 secs]
35.167: [GC
Desired survivor size 1343488 bytes, new threshold 4 (max 4)
- age   1:     441552 bytes,     441552 total
- age   2:      79632 bytes,     521184 total
- age   3:     667088 bytes,    1188272 total
- age   4:     134280 bytes,    1322552 total
 52759K->37208K(83392K), 0.0019438 secs]
35.181: [GC
Desired survivor size 1343488 bytes, new threshold 1 (max 4)
- age   1:    1402584 bytes,    1402584 total
- age   2:     369008 bytes,    1771592 total
- age   3:      79632 bytes,    1851224 total
- age   4:     667088 bytes,    2518312 total
 53149K->38504K(83392K), 0.0032516 secs]
35.198: [GC
Desired survivor size 1343488 bytes, new threshold 4 (max 4)
- age   1:     683368 bytes,     683368 total
 54502K->38690K(83392K), 0.0028274 secs]
35.212: [GC
Desired survivor size 1343488 bytes, new threshold 4 (max 4)
- age   1:     288360 bytes,     288360 total
- age   2:     663768 bytes,     952128 total
 54675K->38950K(83392K), 0.0022344 secs]
35.225: [GC
Desired survivor size 1343488 bytes, new threshold 4 (max 4)
- age   1:     494432 bytes,     494432 total
- age   2:     158632 bytes,     653064 total
- age   3:     663728 bytes,    1316792 total
 54945K->39306K(83392K), 0.0020295 secs]
35.243: [GC
Desired survivor size 1343488 bytes, new threshold 4 (max 4)
- age   1:     492680 bytes,     492680 total
- age   2:     289264 bytes,     781944 total
- age   3:     158632 bytes,     940576 total
- age   4:     336920 bytes,    1277496 total
 55295K->39267K(83392K), 0.0020494 secs]
35.259: [GC
Desired survivor size 1343488 bytes, new threshold 4 (max 4)
- age   1:     383952 bytes,     383952 total
- age   2:     431776 bytes,     815728 total
- age   3:      68224 bytes,     883952 total
- age   4:     136120 bytes,    1020072 total
 55267K->39223K(83392K), 0.0021645 secs]
35.272: [GC
Desired survivor size 1343488 bytes, new threshold 4 (max 4)
- age   1:     161280 bytes,     161280 total
- age   2:     244200 bytes,     405480 total
- age   3:     431776 bytes,     837256 total
- age   4:      68224 bytes,     905480 total
 55182K->39245K(83392K), 0.0018180 secs]
35.286: [GC
Desired survivor size 1343488 bytes, new threshold 4 (max 4)
- age   1:     372928 bytes,     372928 total
- age   2:      85368 bytes,     458296 total
- age   3:     244200 bytes,     702496 total
- age   4:     431776 bytes,    1134272 total
 55233K->39535K(83392K), 0.0018687 secs]
35.300: [GC
Desired survivor size 1343488 bytes, new threshold 4 (max 4)
- age   1:     314392 bytes,     314392 total
- age   2:     289192 bytes,     603584 total
- age   3:      85328 bytes,     688912 total
- age   4:     244200 bytes,     933112 total
 55478K->39762K(83392K), 0.0025368 secs]
35.315: [GC
Desired survivor size 1343488 bytes, new threshold 4 (max 4)
- age   1:     347152 bytes,     347152 total
- age   2:     254944 bytes,     602096 total
- age   3:     289192 bytes,     891288 total
- age   4:      85328 bytes,     976616 total
 55762K->39969K(83392K), 0.0016042 secs]
35.332: [GC
Desired survivor size 1343488 bytes, new threshold 4 (max 4)
- age   1:     238184 bytes,     238184 total
- age   2:     216096 bytes,     454280 total
- age   3:      84336 bytes,     538616 total
- age   4:     289192 bytes,     827808 total
 55869K->39907K(83392K), 0.0019186 secs]
35.346: [GC
Desired survivor size 1343488 bytes, new threshold 4 (max 4)
- age   1:     360968 bytes,     360968 total
- age   2:     169224 bytes,     530192 total
- age   3:     216096 bytes,     746288 total
- age   4:      84336 bytes,     830624 total
 55860K->40036K(83392K), 0.0016488 secs]
35.359: [GC
Desired survivor size 1343488 bytes, new threshold 4 (max 4)
- age   1:     966656 bytes,     966656 total
- age   2:     201768 bytes,    1168424 total
- age   3:     169224 bytes,    1337648 total
- age   4:     216096 bytes,    1553744 total
 56031K->40824K(83392K), 0.0035117 secs]
35.377: [GC
Desired survivor size 1343488 bytes, new threshold 3 (max 4)
- age   1:     544808 bytes,     544808 total
- age   2:     788248 bytes,    1333056 total
- age   3:     201768 bytes,    1534824 total
- age   4:     169224 bytes,    1704048 total
 56824K->41185K(83392K), 0.0024775 secs]
35.392: [GC
Desired survivor size 1343488 bytes, new threshold 3 (max 4)
- age   1:     308656 bytes,     308656 total
- age   2:     356296 bytes,     664952 total
- age   3:     788248 bytes,    1453200 total
 57185K->41233K(83392K), 0.0048250 secs]
35.413: [GC
Desired survivor size 1343488 bytes, new threshold 4 (max 4)
- age   1:     574856 bytes,     574856 total
- age   2:     280576 bytes,     855432 total
- age   3:     354560 bytes,    1209992 total
 57233K->41306K(83392K), 0.0020020 secs]
35.427: [GC
Desired survivor size 1343488 bytes, new threshold 4 (max 4)
- age   1:      79808 bytes,      79808 total
- age   2:     497176 bytes,     576984 total
- age   3:     280576 bytes,     857560 total
- age   4:     354560 bytes,    1212120 total
 57284K->41309K(83392K), 0.0027790 secs]
35.443: [GC
Desired survivor size 1343488 bytes, new threshold 4 (max 4)
- age   1:     768496 bytes,     768496 total
- age   2:      34608 bytes,     803104 total
- age   3:     497176 bytes,    1300280 total
- age   4:     280576 bytes,    1580856 total
 57257K->42011K(83392K), 0.0024685 secs]
35.457: [GC
Desired survivor size 1343488 bytes, new threshold 4 (max 4)
- age   1:     165368 bytes,     165368 total
- age   2:     689424 bytes,     854792 total
- age   3:      34608 bytes,     889400 total
- age   4:     497176 bytes,    1386576 total
 58011K->42103K(83392K), 0.0025649 secs]
35.471: [GC
Desired survivor size 1343488 bytes, new threshold 4 (max 4)
- age   1:     140560 bytes,     140560 total
- age   2:      82624 bytes,     223184 total
- age   3:     544408 bytes,     767592 total
- age   4:      34608 bytes,     802200 total
 58101K->42015K(83392K), 0.0023870 secs]
35.488: [GC
Desired survivor size 1343488 bytes, new threshold 4 (max 4)
- age   1:     187384 bytes,     187384 total
- age   2:      55744 bytes,     243128 total
- age   3:      82624 bytes,     325752 total
- age   4:     319088 bytes,     644840 total
 58011K->41884K(83392K), 0.0016453 secs]
35.501: [GC
Desired survivor size 1343488 bytes, new threshold 4 (max 4)
- age   1:     502376 bytes,     502376 total
- age   2:     155648 bytes,     658024 total
- age   4:      82624 bytes,     740648 total
 57873K->42288K(83392K), 0.0019957 secs]
35.514: [GC
Desired survivor size 1343488 bytes, new threshold 4 (max 4)
- age   1:     252472 bytes,     252472 total
- age   2:     443672 bytes,     696144 total
- age   3:     155648 bytes,     851792 total
 58288K->42477K(83392K), 0.0022491 secs]
35.530: [GC
Desired survivor size 1343488 bytes, new threshold 4 (max 4)
- age   1:      56704 bytes,      56704 total
- age   2:     229000 bytes,     285704 total
- age   3:     443672 bytes,     729376 total
- age   4:     155648 bytes,     885024 total
 58476K->42511K(83392K), 0.0017253 secs]
35.542: [GC
Desired survivor size 1343488 bytes, new threshold 4 (max 4)
- age   1:     233888 bytes,     233888 total
- age   2:      48456 bytes,     282344 total
- age   3:     229000 bytes,     511344 total
- age   4:     443672 bytes,     955016 total
 58509K->42736K(83392K), 0.0021157 secs]
35.557: [GC
Desired survivor size 1343488 bytes, new threshold 4 (max 4)
- age   1:     155440 bytes,     155440 total
- age   2:     161144 bytes,     316584 total
- age   3:      48456 bytes,     365040 total
- age   4:     229000 bytes,     594040 total
 58703K->42816K(83392K), 0.0018822 secs]
35.571: [GC
Desired survivor size 1343488 bytes, new threshold 4 (max 4)
- age   1:     877336 bytes,     877336 total
- age   2:      77456 bytes,     954792 total
- age   3:     161144 bytes,    1115936 total
- age   4:      48456 bytes,    1164392 total
 58816K->43556K(83392K), 0.0017597 secs]
35.587: [GC
Desired survivor size 1343488 bytes, new threshold 4 (max 4)
- age   1:     303168 bytes,     303168 total
- age   2:     709432 bytes,    1012600 total
- age   3:      77456 bytes,    1090056 total
- age   4:     161144 bytes,    1251200 total
 59462K->43684K(83392K), 0.0018478 secs]
35.600: [GC
Desired survivor size 1343488 bytes, new threshold 4 (max 4)
- age   1:     577416 bytes,     577416 total
- age   2:      30968 bytes,     608384 total
- age   3:     502792 bytes,    1111176 total
- age   4:      77456 bytes,    1188632 total
 59642K->43777K(83392K), 0.0023271 secs]
35.624: [GC
Desired survivor size 1343488 bytes, new threshold 4 (max 4)
- age   1:     418952 bytes,     418952 total
- age   2:     378312 bytes,     797264 total
- age   3:      30968 bytes,     828232 total
- age   4:     501896 bytes,    1330128 total
 59777K->43992K(83392K), 0.0019626 secs]
35.638: [GC
Desired survivor size 1343488 bytes, new threshold 4 (max 4)
- age   1:     307040 bytes,     307040 total
- age   2:     412920 bytes,     719960 total
- age   3:     378312 bytes,    1098272 total
- age   4:      30968 bytes,    1129240 total
 59966K->44289K(83392K), 0.0021857 secs]
35.651: [GC
Desired survivor size 1343488 bytes, new threshold 4 (max 4)
- age   1:     107264 bytes,     107264 total
- age   2:     275144 bytes,     382408 total
- age   3:     383408 bytes,     765816 total
- age   4:     378312 bytes,    1144128 total
 60284K->44337K(83392K), 0.0019565 secs]
35.666: [GC
Desired survivor size 1343488 bytes, new threshold 4 (max 4)
- age   1:     523080 bytes,     523080 total
- age   2:      80256 bytes,     603336 total
- age   3:     203696 bytes,     807032 total
- age   4:     383408 bytes,    1190440 total
 60309K->44754K(83392K), 0.0027832 secs]
35.682: [GC
Desired survivor size 1343488 bytes, new threshold 4 (max 4)
- age   1:     571280 bytes,     571280 total
- age   2:     425432 bytes,     996712 total
- age   3:      80256 bytes,    1076968 total
- age   4:     203696 bytes,    1280664 total
 60736K->45225K(83392K), 0.0023142 secs]
35.697: [GC
Desired survivor size 1343488 bytes, new threshold 4 (max 4)
- age   1:     354408 bytes,     354408 total
- age   2:     530432 bytes,     884840 total
- age   3:     425432 bytes,    1310272 total
- age   4:      80256 bytes,    1390528 total
 61194K->45517K(83392K), 0.0021737 secs]
35.712: [GC
Desired survivor size 1343488 bytes, new threshold 4 (max 4)
- age   1:     238888 bytes,     238888 total
- age   2:     196536 bytes,     435424 total
- age   3:     530432 bytes,     965856 total
- age   4:     425432 bytes,    1391288 total
 61425K->45594K(83392K), 0.0019087 secs]
35.726: [GC
Desired survivor size 1343488 bytes, new threshold 4 (max 4)
- age   1:     363264 bytes,     363264 total
- age   2:     238888 bytes,     602152 total
- age   3:     196536 bytes,     798688 total
- age   4:     164488 bytes,     963176 total
 61592K->45476K(83392K), 0.0018940 secs]
35.739: [GC
Desired survivor size 1343488 bytes, new threshold 4 (max 4)
- age   1:     551576 bytes,     551576 total
- age   2:     194856 bytes,     746432 total
- age   4:     196536 bytes,     942968 total
 61469K->45617K(83392K), 0.0016510 secs]
35.757: [GC
Desired survivor size 1343488 bytes, new threshold 4 (max 4)
- age   1:     451288 bytes,     451288 total
- age   2:     473648 bytes,     924936 total
- age   3:     194816 bytes,    1119752 total
 61617K->45982K(83392K), 0.0028872 secs]
35.775: [GC
Desired survivor size 1343488 bytes, new threshold 4 (max 4)
- age   1:     114232 bytes,     114232 total
- age   2:     385648 bytes,     499880 total
- age   3:     473648 bytes,     973528 total
- age   4:     194816 bytes,    1168344 total
 61982K->46030K(83392K), 0.0019843 secs]
35.790: [GC
Desired survivor size 1343488 bytes, new threshold 4 (max 4)
- age   1:     455952 bytes,     455952 total
- age   2:      14632 bytes,     470584 total
- age   3:     148800 bytes,     619384 total
- age   4:     473648 bytes,    1093032 total
 62000K->46152K(83392K), 0.0020819 secs]
35.803: [GC
Desired survivor size 1343488 bytes, new threshold 4 (max 4)
- age   1:     131616 bytes,     131616 total
- age   2:     249400 bytes,     381016 total
- age   3:      14632 bytes,     395648 total
- age   4:     148800 bytes,     544448 total
 62141K->46081K(83392K), 0.0019457 secs]
35.817: [GC
Desired survivor size 1343488 bytes, new threshold 4 (max 4)
- age   1:     315968 bytes,     315968 total
- age   2:      73680 bytes,     389648 total
- age   3:      10616 bytes,     400264 total
- age   4:      14632 bytes,     414896 total
 62057K->46106K(83392K), 0.0015498 secs]
35.830: [GC
Desired survivor size 1343488 bytes, new threshold 4 (max 4)
- age   1:     616880 bytes,     616880 total
- age   2:         80 bytes,     616960 total
- age   4:      10736 bytes,     627696 total
 62105K->46321K(83392K), 0.0015047 secs]
35.843: [GC
Desired survivor size 1343488 bytes, new threshold 4 (max 4)
- age   1:     111728 bytes,     111728 total
- age   2:     421648 bytes,     533376 total
- age   3:         80 bytes,     533456 total
 62306K->46235K(83392K), 0.0013927 secs]
35.857: [GC
Desired survivor size 1343488 bytes, new threshold 4 (max 4)
- age   1:     683776 bytes,     683776 total
- age   2:         40 bytes,     683816 total
- age   3:     421648 bytes,    1105464 total
- age   4:         80 bytes,    1105544 total
 62221K->46798K(83392K), 0.0020285 secs]
35.872: [GC
Desired survivor size 1343488 bytes, new threshold 4 (max 4)
- age   1:     190800 bytes,     190800 total
- age   2:     518472 bytes,     709272 total
- age   3:         40 bytes,     709312 total
- age   4:     421648 bytes,    1130960 total
 62756K->46816K(83392K), 0.0016852 secs]
35.886: [GC
Desired survivor size 1343488 bytes, new threshold 4 (max 4)
- age   1:     688568 bytes,     688568 total
- age   2:     159408 bytes,     847976 total
- age   3:     349448 bytes,    1197424 total
- age   4:         40 bytes,    1197464 total
 62799K->47299K(83392K), 0.0021867 secs]
35.899: [GC
Desired survivor size 1343488 bytes, new threshold 4 (max 4)
- age   1:     596776 bytes,     596776 total
- age   2:     557424 bytes,    1154200 total
- age   3:     159408 bytes,    1313608 total
- age   4:     349448 bytes,    1663056 total
 63295K->47747K(83392K), 0.0022792 secs]
35.914: [GC
Desired survivor size 1343488 bytes, new threshold 2 (max 4)
- age   1:     783096 bytes,     783096 total
- age   2:     574672 bytes,    1357768 total
- age   3:     386704 bytes,    1744472 total
- age   4:     159408 bytes,    1903880 total
 63744K->48323K(83392K), 0.0024925 secs]
35.929: [GC
Desired survivor size 1343488 bytes, new threshold 4 (max 4)
- age   1:     382144 bytes,     382144 total
- age   2:     747960 bytes,    1130104 total
 64265K->48357K(83392K), 0.0025407 secs]
35.945: [GC
Desired survivor size 1343488 bytes, new threshold 3 (max 4)
- age   1:     724248 bytes,     724248 total
- age   2:     221344 bytes,     945592 total
- age   3:     747960 bytes,    1693552 total
 64340K->48907K(83392K), 0.0020986 secs]
35.968: [GC
Desired survivor size 1343488 bytes, new threshold 4 (max 4)
- age   1:     127480 bytes,     127480 total
- age   2:     685576 bytes,     813056 total
- age   3:     219784 bytes,    1032840 total
 64906K->48655K(83392K), 0.0018097 secs]
35.984: [GC
Desired survivor size 1343488 bytes, new threshold 3 (max 4)
- age   1:     882848 bytes,     882848 total
- age   2:      93752 bytes,     976600 total
- age   3:     685576 bytes,    1662176 total
- age   4:     219784 bytes,    1881960 total
 64572K->49487K(83392K), 0.0033605 secs]
36.000: [GC
Desired survivor size 1343488 bytes, new threshold 4 (max 4)
- age   1:     269320 bytes,     269320 total
- age   2:     665752 bytes,     935072 total
- age   3:      93752 bytes,    1028824 total
 65450K->49539K(83392K), 0.0022228 secs]
36.016: [GC
Desired survivor size 1343488 bytes, new threshold 4 (max 4)
- age   1:     544512 bytes,     544512 total
- age   2:     225120 bytes,     769632 total
- age   3:     509944 bytes,    1279576 total
- age   4:      93752 bytes,    1373328 total
 65509K->49877K(83392K), 0.0018343 secs]
36.029: [GC
Desired survivor size 1343488 bytes, new threshold 4 (max 4)
- age   1:      78584 bytes,      78584 total
- age   2:     519792 bytes,     598376 total
- age   3:     225120 bytes,     823496 total
- age   4:     509944 bytes,    1333440 total
 65876K->49859K(83392K), 0.0021733 secs]
36.043: [GC
Desired survivor size 1343488 bytes, new threshold 4 (max 4)
- age   1:     429576 bytes,     429576 total
- age   2:      45792 bytes,     475368 total
- age   3:     519792 bytes,     995160 total
- age   4:     225120 bytes,    1220280 total
 65856K->50234K(83392K), 0.0023523 secs]
36.058: [GC
Desired survivor size 1343488 bytes, new threshold 4 (max 4)
- age   1:     449984 bytes,     449984 total
- age   2:     356184 bytes,     806168 total
- age   3:      45792 bytes,     851960 total
- age   4:     519792 bytes,    1371752 total
 66234K->50603K(83392K), 0.0020399 secs]
36.073: [GC
Desired survivor size 1343488 bytes, new threshold 4 (max 4)
- age   1:     267408 bytes,     267408 total
- age   2:     449904 bytes,     717312 total
- age   3:     356184 bytes,    1073496 total
- age   4:      45792 bytes,    1119288 total
 66603K->50505K(83392K), 0.0016701 secs]
36.086: [GC
Desired survivor size 1343488 bytes, new threshold 4 (max 4)
- age   1:     597328 bytes,     597328 total
- age   2:        480 bytes,     597808 total
- age   3:     367664 bytes,     965472 total
- age   4:     315016 bytes,    1280488 total
 66475K->50707K(83392K), 0.0018779 secs]
36.099: [GC
Desired survivor size 1343488 bytes, new threshold 4 (max 4)
- age   1:     413136 bytes,     413136 total
- age   2:     546432 bytes,     959568 total
- age   3:        440 bytes,     960008 total
- age   4:     253480 bytes,    1213488 total
 66683K->50950K(83392K), 0.0024208 secs]
36.115: [GC
Desired survivor size 1343488 bytes, new threshold 4 (max 4)
- age   1:     721968 bytes,     721968 total
- age   2:     246280 bytes,     968248 total
- age   3:     298560 bytes,    1266808 total
- age   4:        440 bytes,    1267248 total
 66892K->51250K(83392K), 0.0020035 secs]
36.129: [GC
Desired survivor size 1343488 bytes, new threshold 4 (max 4)
- age   1:     320760 bytes,     320760 total
- age   2:     321368 bytes,     642128 total
- age   3:      74440 bytes,     716568 total
- age   4:     298560 bytes,    1015128 total
 67239K->51005K(83392K), 0.0017639 secs]
36.143: [GC
Desired survivor size 1343488 bytes, new threshold 4 (max 4)
- age   1:     384888 bytes,     384888 total
- age   2:     228384 bytes,     613272 total
- age   3:     148224 bytes,     761496 total
- age   4:      74440 bytes,     835936 total
 66931K->51124K(83392K), 0.0024901 secs]
36.157: [GC
Desired survivor size 1343488 bytes, new threshold 4 (max 4)
- age   1:     776552 bytes,     776552 total
- age   2:     308976 bytes,    1085528 total
- age   3:     169888 bytes,    1255416 total
- age   4:     148224 bytes,    1403640 total
 67056K->51710K(83392K), 0.0020371 secs]
36.176: [GC
Desired survivor size 1343488 bytes, new threshold 4 (max 4)
- age   1:     485288 bytes,     485288 total
- age   2:     170008 bytes,     655296 total
- age   3:     308976 bytes,     964272 total
 67674K->51427K(83392K), 0.0025698 secs]
36.191: [GC
Desired survivor size 1343488 bytes, new threshold 4 (max 4)
- age   1:     444080 bytes,     444080 total
- age   2:     220760 bytes,     664840 total
- age   3:     170008 bytes,     834848 total
- age   4:     163952 bytes,     998800 total
 67423K->51455K(83392K), 0.0016431 secs]
36.206: [GC
Desired survivor size 1343488 bytes, new threshold 3 (max 4)
- age   1:     828872 bytes,     828872 total
- age   2:     410136 bytes,    1239008 total
- age   3:     220760 bytes,    1459768 total
- age   4:     170008 bytes,    1629776 total
 67453K->52232K(83392K), 0.0021512 secs]
36.220: [GC
Desired survivor size 1343488 bytes, new threshold 3 (max 4)
- age   1:     538152 bytes,     538152 total
- age   2:     631368 bytes,    1169520 total
- age   3:     410136 bytes,    1579656 total
 68228K->52399K(83392K), 0.0021440 secs]
36.235: [GC
Desired survivor size 1343488 bytes, new threshold 4 (max 4)
- age   1:     427344 bytes,     427344 total
- age   2:     421616 bytes,     848960 total
- age   3:     303480 bytes,    1152440 total
 68371K->52385K(83392K), 0.0021759 secs]
36.250: [GC
Desired survivor size 1343488 bytes, new threshold 3 (max 4)
- age   1:     725608 bytes,     725608 total
- age   2:     348424 bytes,    1074032 total
- age   3:     421616 bytes,    1495648 total
- age   4:     303480 bytes,    1799128 total
 68384K->53012K(83392K), 0.0023058 secs]
36.264: [GC
Desired survivor size 1343488 bytes, new threshold 3 (max 4)
- age   1:     506280 bytes,     506280 total
- age   2:     621464 bytes,    1127744 total
- age   3:     348424 bytes,    1476168 total
 68962K->53413K(83392K), 0.0029499 secs]
36.278: [GC
Desired survivor size 1343488 bytes, new threshold 4 (max 4)
- age   1:     153928 bytes,     153928 total
- age   2:     452920 bytes,     606848 total
- age   3:     621464 bytes,    1228312 total
 69395K->53504K(83392K), 0.0027526 secs]
36.293: [GC
Desired survivor size 1343488 bytes, new threshold 4 (max 4)
- age   1:     421704 bytes,     421704 total
- age   2:     101848 bytes,     523552 total
- age   3:     219624 bytes,     743176 total
- age   4:     448832 bytes,    1192008 total
 69504K->53469K(83392K), 0.0017925 secs]
36.307: [GC
Desired survivor size 1343488 bytes, new threshold 4 (max 4)
- age   1:     460504 bytes,     460504 total
- age   2:     359696 bytes,     820200 total
- age   3:     101848 bytes,     922048 total
- age   4:     219624 bytes,    1141672 total
 69439K->53809K(83392K), 0.0020085 secs]
36.322: [GC
Desired survivor size 1343488 bytes, new threshold 4 (max 4)
- age   1:     453264 bytes,     453264 total
- age   2:     442488 bytes,     895752 total
- age   3:     359696 bytes,    1255448 total
- age   4:     101848 bytes,    1357296 total
 69799K->54234K(83392K), 0.0019974 secs]
36.335: [GC
Desired survivor size 1343488 bytes, new threshold 4 (max 4)
- age   1:     325208 bytes,     325208 total
- age   2:     393832 bytes,     719040 total
- age   3:     377088 bytes,    1096128 total
- age   4:     359696 bytes,    1455824 total
 70181K->54373K(83392K), 0.0024856 secs]
36.353: [GC
Desired survivor size 1343488 bytes, new threshold 4 (max 4)
- age   1:     236320 bytes,     236320 total
- age   2:     261064 bytes,     497384 total
- age   3:     333080 bytes,     830464 total
- age   4:     377088 bytes,    1207552 total
 70344K->54481K(83392K), 0.0018837 secs]
36.367: [GC
Desired survivor size 1343488 bytes, new threshold 4 (max 4)
- age   1:     355296 bytes,     355296 total
- age   2:      69768 bytes,     425064 total
- age   3:     261064 bytes,     686128 total
- age   4:     333080 bytes,    1019208 total
 70459K->54666K(83392K), 0.0030350 secs]
36.382: [GC
Desired survivor size 1343488 bytes, new threshold 4 (max 4)
- age   1:     553264 bytes,     553264 total
- age   2:     227040 bytes,     780304 total
- age   3:      69768 bytes,     850072 total
- age   4:      62024 bytes,     912096 total
 70653K->54843K(83392K), 0.0018556 secs]
36.395: [GC
Desired survivor size 1343488 bytes, new threshold 4 (max 4)
- age   1:     278304 bytes,     278304 total
- age   2:     507456 bytes,     785760 total
- age   3:     227040 bytes,    1012800 total
- age   4:      69768 bytes,    1082568 total
 70814K->55067K(83392K), 0.0019664 secs]
36.408: [GC
Desired survivor size 1343488 bytes, new threshold 4 (max 4)
- age   1:     433728 bytes,     433728 total
- age   2:     210336 bytes,     644064 total
- age   3:     507456 bytes,    1151520 total
- age   4:     227040 bytes,    1378560 total
 71036K->55429K(83392K), 0.0021537 secs]
36.422: [GC
Desired survivor size 1343488 bytes, new threshold 3 (max 4)
- age   1:     913584 bytes,     913584 total
- age   2:     288720 bytes,    1202304 total
- age   3:     210336 bytes,    1412640 total
- age   4:     507456 bytes,    1920096 total
 71400K->56182K(83392K), 0.0025448 secs]
36.437: [GC
Desired survivor size 1343488 bytes, new threshold 2 (max 4)
- age   1:     505816 bytes,     505816 total
- age   2:     849432 bytes,    1355248 total
- age   3:      91168 bytes,    1446416 total
 72144K->56354K(83392K), 0.0028341 secs]
36.451: [GC
Desired survivor size 1343488 bytes, new threshold 4 (max 4)
- age   1:     254360 bytes,     254360 total
- age   2:     437608 bytes,     691968 total
 72344K->56534K(83392K), 0.0026562 secs]
36.466: [GC
Desired survivor size 1343488 bytes, new threshold 4 (max 4)
- age   1:     434680 bytes,     434680 total
- age   2:     184368 bytes,     619048 total
- age   3:     437608 bytes,    1056656 total
 72520K->56889K(83392K), 0.0015158 secs]
36.481: [GC
Desired survivor size 1343488 bytes, new threshold 4 (max 4)
- age   1:     223504 bytes,     223504 total
- age   2:     306584 bytes,     530088 total
- age   3:      78792 bytes,     608880 total
- age   4:     398968 bytes,    1007848 total
 72880K->56843K(83392K), 0.0016757 secs]
36.495: [GC
Desired survivor size 1343488 bytes, new threshold 4 (max 4)
- age   1:     781784 bytes,     781784 total
- age   2:     156696 bytes,     938480 total
- age   3:     306584 bytes,    1245064 total
- age   4:      78792 bytes,    1323856 total
 72774K->57540K(83392K), 0.0024907 secs]
36.510: [GC
Desired survivor size 1343488 bytes, new threshold 2 (max 4)
- age   1:     783544 bytes,     783544 total
- age   2:     742544 bytes,    1526088 total
- age   3:      78816 bytes,    1604904 total
- age   4:     228616 bytes,    1833520 total
 73516K->58114K(83392K), 0.0022406 secs]
36.524: [GC
Desired survivor size 1343488 bytes, new threshold 4 (max 4)
- age   1:     346600 bytes,     346600 total
- age   2:     724296 bytes,    1070896 total
 74077K->58015K(83392K), 0.0022480 secs]
36.540: [GC
Desired survivor size 1343488 bytes, new threshold 3 (max 4)
- age   1:     510768 bytes,     510768 total
- age   2:     283280 bytes,     794048 total
- age   3:     654392 bytes,    1448440 total
 73922K->58375K(83392K), 0.0021025 secs]
36.554: [GC
Desired survivor size 1343488 bytes, new threshold 3 (max 4)
- age   1:     696040 bytes,     696040 total
- age   2:     446248 bytes,    1142288 total
- age   3:     283280 bytes,    1425568 total
 74363K->58992K(83392K), 0.0024435 secs]
36.568: [GC
Desired survivor size 1343488 bytes, new threshold 3 (max 4)
- age   1:     400888 bytes,     400888 total
- age   2:     639672 bytes,    1040560 total
- age   3:     446248 bytes,    1486808 total
 74958K->59178K(83392K), 0.0024484 secs]
36.582: [GC
Desired survivor size 1343488 bytes, new threshold 3 (max 4)
- age   1:     487904 bytes,     487904 total
- age   2:     281680 bytes,     769584 total
- age   3:     639672 bytes,    1409256 total
 75167K->59538K(83392K), 0.0027230 secs]
36.597: [GC
Desired survivor size 1343488 bytes, new threshold 4 (max 4)
- age   1:     283864 bytes,     283864 total
- age   2:     296912 bytes,     580776 total
- age   3:     281680 bytes,     862456 total
 75520K->59354K(83392K), 0.0018722 secs]
36.602: [GC 62303K(83392K), 0.0012180 secs]
36.617: [GC
Desired survivor size 1343488 bytes, new threshold 4 (max 4)
- age   1:     607264 bytes,     607264 total
- age   2:     218464 bytes,     825728 total
- age   3:     296880 bytes,    1122608 total
- age   4:     281680 bytes,    1404288 total
 75354K->59884K(83392K), 0.0022581 secs]
36.632: [GC
Desired survivor size 1343488 bytes, new threshold 4 (max 4)
- age   1:     354528 bytes,     354528 total
- age   2:     402080 bytes,     756608 total
- age   3:     218464 bytes,     975072 total
- age   4:     296880 bytes,    1271952 total
 75884K->60031K(83392K), 0.0020682 secs]
36.647: [GC
Desired survivor size 1343488 bytes, new threshold 4 (max 4)
- age   1:     355392 bytes,     355392 total
- age   2:     140520 bytes,     495912 total
- age   3:     199712 bytes,     695624 total
- age   4:     218464 bytes,     914088 total
 75973K->59968K(83392K), 0.0018456 secs]
36.665: [GC
Desired survivor size 1343488 bytes, new threshold 4 (max 4)
- age   1:     264432 bytes,     264432 total
- age   2:      79704 bytes,     344136 total
- age   3:     140520 bytes,     484656 total
- age   4:     199712 bytes,     684368 total
 75950K->59960K(83392K), 0.0015233 secs]
36.679: [GC
Desired survivor size 1343488 bytes, new threshold 4 (max 4)
- age   1:     595480 bytes,     595480 total
- age   2:     127336 bytes,     722816 total
- age   3:      79704 bytes,     802520 total
- age   4:     140520 bytes,     943040 total
 75897K->60408K(83392K), 0.0020977 secs]
36.694: [GC
Desired survivor size 1343488 bytes, new threshold 3 (max 4)
- age   1:     705088 bytes,     705088 total
- age   2:     512720 bytes,    1217808 total
- age   3:     127336 bytes,    1345144 total
- age   4:      79704 bytes,    1424848 total
 76389K->61015K(83392K), 0.0021706 secs]
36.713: [GC
Desired survivor size 1343488 bytes, new threshold 4 (max 4)
- age   1:     441336 bytes,     441336 total
- age   2:     370440 bytes,     811776 total
- age   3:     512720 bytes,    1324496 total
 76912K->61118K(83392K), 0.0021275 secs]
36.728: [GC
Desired survivor size 1343488 bytes, new threshold 4 (max 4)
- age   1:     425320 bytes,     425320 total
- age   2:     141880 bytes,     567200 total
- age   3:     370440 bytes,     937640 total
- age   4:     370024 bytes,    1307664 total
 77109K->61102K(83392K), 0.0023290 secs]
36.743: [GC
Desired survivor size 1343488 bytes, new threshold 4 (max 4)
- age   1:    1057040 bytes,    1057040 total
- age   2:     107616 bytes,    1164656 total
- age   3:     141880 bytes,    1306536 total
- age   4:     370440 bytes,    1676976 total
 77101K->61824K(83392K), 0.0023732 secs]
36.757: [GC
Desired survivor size 1343488 bytes, new threshold 3 (max 4)
- age   1:     307384 bytes,     307384 total
- age   2:     957552 bytes,    1264936 total
- age   3:      82224 bytes,    1347160 total
- age   4:     141880 bytes,    1489040 total
 77806K->62008K(83392K), 0.0029326 secs]
36.771: [GC
Desired survivor size 1343488 bytes, new threshold 4 (max 4)
- age   1:     326056 bytes,     326056 total
- age   2:     285184 bytes,     611240 total
- age   3:     660144 bytes,    1271384 total
 77884K->62011K(83392K), 0.0026850 secs]
36.786: [GC
Desired survivor size 1343488 bytes, new threshold 4 (max 4)
- age   1:     748424 bytes,     748424 total
- age   2:     254440 bytes,    1002864 total
- age   3:     224240 bytes,    1227104 total
- age   4:     579864 bytes,    1806968 total
 77989K->62531K(83392K), 0.0023980 secs]
36.801: [GC
Desired survivor size 1343488 bytes, new threshold 4 (max 4)
- age   1:      80904 bytes,      80904 total
- age   2:     714800 bytes,     795704 total
- age   3:      80840 bytes,     876544 total
- age   4:     224240 bytes,    1100784 total
 78505K->62408K(83392K), 0.0024195 secs]
36.815: [GC
Desired survivor size 1343488 bytes, new threshold 3 (max 4)
- age   1:     685328 bytes,     685328 total
- age   2:      39336 bytes,     724664 total
- age   3:     714800 bytes,    1439464 total
- age   4:      80840 bytes,    1520304 total
 78405K->62883K(83392K), 0.0023265 secs]
36.830: [GC
Desired survivor size 1343488 bytes, new threshold 4 (max 4)
- age   1:     518216 bytes,     518216 total
- age   2:     631984 bytes,    1150200 total
- age   3:      39336 bytes,    1189536 total
 78863K->63038K(83392K), 0.0020353 secs]
36.845: [GC
Desired survivor size 1343488 bytes, new threshold 4 (max 4)
- age   1:     221808 bytes,     221808 total
- age   2:     460800 bytes,     682608 total
- age   3:     400792 bytes,    1083400 total
- age   4:      39336 bytes,    1122736 total
 78977K->62972K(83392K), 0.0017315 secs]
36.858: [GC
Desired survivor size 1343488 bytes, new threshold 4 (max 4)
- age   1:     513264 bytes,     513264 total
- age   2:     221808 bytes,     735072 total
- age   3:     295648 bytes,    1030720 total
- age   4:     400792 bytes,    1431512 total
 78969K->63312K(83392K), 0.0031055 secs]
36.873: [GC
Desired survivor size 1343488 bytes, new threshold 4 (max 4)
- age   1:     696536 bytes,     696536 total
- age   2:     395016 bytes,    1091552 total
- age   3:     221808 bytes,    1313360 total
- age   4:     295648 bytes,    1609008 total
 79306K->63877K(83392K), 0.0024395 secs]
36.888: [GC
Desired survivor size 1343488 bytes, new threshold 4 (max 4)
- age   1:     109048 bytes,     109048 total
- age   2:     683696 bytes,     792744 total
- age   3:     339936 bytes,    1132680 total
- age   4:     221808 bytes,    1354488 total
 79858K->63917K(83392K), 0.0021708 secs]
36.903: [GC
Desired survivor size 1343488 bytes, new threshold 4 (max 4)
- age   1:     349840 bytes,     349840 total
- age   3:     683696 bytes,    1033536 total
- age   4:     277928 bytes,    1311464 total
 79908K->64031K(83392K), 0.0023516 secs]
36.918: [GC
Desired survivor size 1343488 bytes, new threshold 4 (max 4)
- age   1:     319176 bytes,     319176 total
- age   2:      67624 bytes,     386800 total
- age   4:     444144 bytes,     830944 total
 80013K->63833K(83392K), 0.0016781 secs]
36.933: [GC
Desired survivor size 1343488 bytes, new threshold 4 (max 4)
- age   1:     582912 bytes,     582912 total
- age   3:      67624 bytes,     650536 total
 79785K->64091K(83392K), 0.0016316 secs]
36.946: [GC
Desired survivor size 1343488 bytes, new threshold 4 (max 4)
- age   1:     217632 bytes,     217632 total
- age   2:     167672 bytes,     385304 total
- age   4:      67624 bytes,     452928 total
 80065K->63898K(83392K), 0.0013304 secs]
36.963: [GC
Desired survivor size 1343488 bytes, new threshold 4 (max 4)
- age   1:     488536 bytes,     488536 total
- age   2:     136152 bytes,     624688 total
- age   3:      81152 bytes,     705840 total
 79893K->64210K(83392K), 0.0018911 secs]
36.977: [GC
Desired survivor size 1343488 bytes, new threshold 4 (max 4)
- age   1:     796712 bytes,     796712 total
- age   2:     161808 bytes,     958520 total
- age   3:     136152 bytes,    1094672 total
- age   4:      81152 bytes,    1175824 total
 80134K->64673K(83392K), 0.0020986 secs]
36.992: [GC
Desired survivor size 1343488 bytes, new threshold 4 (max 4)
- age   1:     475792 bytes,     475792 total
- age   2:     352224 bytes,     828016 total
- age   3:     161808 bytes,     989824 total
- age   4:     136152 bytes,    1125976 total
 80631K->64706K(83392K), 0.0017388 secs]
37.006: [GC
Desired survivor size 1343488 bytes, new threshold 2 (max 4)
- age   1:    1277912 bytes,    1277912 total
- age   2:     234640 bytes,    1512552 total
- age   3:     352224 bytes,    1864776 total
- age   4:     161808 bytes,    2026584 total
 80704K->65715K(83392K), 0.0027924 secs]
37.022: [GC
Desired survivor size 1343488 bytes, new threshold 2 (max 4)
- age   1:     659704 bytes,     659704 total
- age   2:    1075832 bytes,    1735536 total
 81710K->81715K(83392K), 0.0025202 secs]
37.025: [Full GC 81715K->8730K(83392K), 0.0861488 secs]
37.125: [GC
Desired survivor size 1343488 bytes, new threshold 1 (max 4)
- age   1:    1363392 bytes,    1363392 total
 24713K->10065K(83392K), 0.0015365 secs]
37.138: [GC
Desired survivor size 1343488 bytes, new threshold 4 (max 4)
- age   1:     404664 bytes,     404664 total
 25994K->10305K(83392K), 0.0018678 secs]
37.152: [GC
Desired survivor size 1343488 bytes, new threshold 4 (max 4)
- age   1:     148496 bytes,     148496 total
- age   2:     250496 bytes,     398992 total
 26264K->10300K(83392K), 0.0009012 secs]
37.164: [GC
Desired survivor size 1343488 bytes, new threshold 4 (max 4)
- age   1:     209856 bytes,     209856 total
- age   3:     250496 bytes,     460352 total
 26281K->10360K(83392K), 0.0010574 secs]
37.178: [GC
Desired survivor size 1343488 bytes, new threshold 4 (max 4)
- age   1:     661840 bytes,     661840 total
- age   2:     168288 bytes,     830128 total
- age   4:     250496 bytes,    1080624 total
 26331K->10963K(83392K), 0.0024021 secs]
37.192: [GC
Desired survivor size 1343488 bytes, new threshold 4 (max 4)
- age   1:     476960 bytes,     476960 total
- age   2:     460712 bytes,     937672 total
- age   3:     168288 bytes,    1105960 total
 26951K->11235K(83392K), 0.0020095 secs]
37.207: [GC
Desired survivor size 1343488 bytes, new threshold 4 (max 4)
- age   1:     663824 bytes,     663824 total
- age   2:     112664 bytes,     776488 total
- age   3:     460712 bytes,    1237200 total
- age   4:     168288 bytes,    1405488 total
 27183K->11527K(83392K), 0.0015201 secs]
37.220: [GC
Desired survivor size 1343488 bytes, new threshold 4 (max 4)
- age   1:     346368 bytes,     346368 total
- age   2:     296504 bytes,     642872 total
- age   3:     112664 bytes,     755536 total
- age   4:     460712 bytes,    1216248 total
 27467K->11507K(83392K), 0.0020425 secs]
37.233: [GC
Desired survivor size 1343488 bytes, new threshold 4 (max 4)
- age   1:     249784 bytes,     249784 total
- age   2:     287264 bytes,     537048 total
- age   3:     296472 bytes,     833520 total
- age   4:      55048 bytes,     888568 total
 27496K->11572K(83392K), 0.0016733 secs]
37.247: [GC
Desired survivor size 1343488 bytes, new threshold 4 (max 4)
- age   1:     555712 bytes,     555712 total
- age   2:     130016 bytes,     685728 total
- age   3:     287264 bytes,     972992 total
- age   4:     296472 bytes,    1269464 total
 27534K->11996K(83392K), 0.0021417 secs]
37.261: [GC
Desired survivor size 1343488 bytes, new threshold 2 (max 4)
- age   1:    1222472 bytes,    1222472 total
- age   2:     340840 bytes,    1563312 total
- age   3:     130016 bytes,    1693328 total
- age   4:     287264 bytes,    1980592 total
 27946K->12982K(83392K), 0.0032129 secs]
37.278: [GC
Desired survivor size 1343488 bytes, new threshold 2 (max 4)
- age   1:     590184 bytes,     590184 total
- age   2:    1049664 bytes,    1639848 total
 28982K->13389K(83392K), 0.0028727 secs]
37.293: [GC
Desired survivor size 1343488 bytes, new threshold 4 (max 4)
- age   1:     689312 bytes,     689312 total
- age   2:     530192 bytes,    1219504 total
 29374K->13729K(83392K), 0.0020838 secs]
37.312: [GC
Desired survivor size 1343488 bytes, new threshold 3 (max 4)
- age   1:     377768 bytes,     377768 total
- age   2:     466736 bytes,     844504 total
- age   3:     530192 bytes,    1374696 total
 29680K->13880K(83392K), 0.0015324 secs]
37.326: [GC
Desired survivor size 1343488 bytes, new threshold 4 (max 4)
- age   1:     352480 bytes,     352480 total
- age   2:     292632 bytes,     645112 total
- age   3:     169032 bytes,     814144 total
 29866K->13851K(83392K), 0.0018687 secs]
37.339: [GC
Desired survivor size 1343488 bytes, new threshold 4 (max 4)
- age   1:     359480 bytes,     359480 total
- age   2:     325984 bytes,     685464 total
- age   3:     292632 bytes,     978096 total
- age   4:     169032 bytes,    1147128 total
 29830K->14176K(83392K), 0.0016374 secs]
37.360: [GC
Desired survivor size 1343488 bytes, new threshold 3 (max 4)
- age   1:     867128 bytes,     867128 total
- age   2:     329200 bytes,    1196328 total
- age   3:     325048 bytes,    1521376 total
- age   4:     292632 bytes,    1814008 total
 30167K->14995K(83392K), 0.0027105 secs]
37.377: [GC
Desired survivor size 1343488 bytes, new threshold 3 (max 4)
- age   1:     225368 bytes,     225368 total
- age   2:     847000 bytes,    1072368 total
- age   3:     329200 bytes,    1401568 total
 30903K->14955K(83392K), 0.0027097 secs]
37.393: [GC
Desired survivor size 1343488 bytes, new threshold 3 (max 4)
- age   1:     599704 bytes,     599704 total
- age   2:     158976 bytes,     758680 total
- age   3:     847000 bytes,    1605680 total
 30905K->15467K(83392K), 0.0022004 secs]
37.408: [GC
Desired survivor size 1343488 bytes, new threshold 4 (max 4)
- age   1:     435576 bytes,     435576 total
- age   2:     523696 bytes,     959272 total
- age   3:     158976 bytes,    1118248 total
 31461K->15818K(83392K), 0.0028483 secs]
37.425: [GC
Desired survivor size 1343488 bytes, new threshold 4 (max 4)
- age   1:     338104 bytes,     338104 total
- age   2:       8496 bytes,     346600 total
- age   3:     523696 bytes,     870296 total
- age   4:     158976 bytes,    1029272 total
 31802K->15729K(83392K), 0.0017345 secs]
37.438: [GC
Desired survivor size 1343488 bytes, new threshold 4 (max 4)
- age   1:     242496 bytes,     242496 total
- age   2:     173432 bytes,     415928 total
- age   3:       8496 bytes,     424424 total
- age   4:     386960 bytes,     811384 total
 31710K->15674K(83392K), 0.0015471 secs]
37.456: [GC
Desired survivor size 1343488 bytes, new threshold 4 (max 4)
- age   1:     364320 bytes,     364320 total
- age   3:     173432 bytes,     537752 total
- age   4:       8496 bytes,     546248 total
 31674K->15711K(83392K), 0.0013213 secs]
37.472: [GC
Desired survivor size 1343488 bytes, new threshold 4 (max 4)
- age   1:     350984 bytes,     350984 total
- age   2:     279880 bytes,     630864 total
- age   4:     173432 bytes,     804296 total
 31711K->15971K(83392K), 0.0012882 secs]
37.485: [GC
Desired survivor size 1343488 bytes, new threshold 4 (max 4)
- age   1:     276624 bytes,     276624 total
- age   2:     171496 bytes,     448120 total
- age   3:     206840 bytes,     654960 total
 31924K->15997K(83392K), 0.0017462 secs]
37.499: [GC
Desired survivor size 1343488 bytes, new threshold 4 (max 4)
- age   1:     694648 bytes,     694648 total
- age   2:      69712 bytes,     764360 total
- age   3:     171408 bytes,     935768 total
- age   4:     206840 bytes,    1142608 total
 31948K->16469K(83392K), 0.0013971 secs]
37.512: [GC
Desired survivor size 1343488 bytes, new threshold 4 (max 4)
- age   1:     356120 bytes,     356120 total
- age   2:     655424 bytes,    1011544 total
- age   3:      69712 bytes,    1081256 total
- age   4:      91072 bytes,    1172328 total
 32430K->16703K(83392K), 0.0018212 secs]
37.525: [GC
Desired survivor size 1343488 bytes, new threshold 4 (max 4)
- age   1:     334056 bytes,     334056 total
- age   2:     291064 bytes,     625120 total
- age   3:     655424 bytes,    1280544 total
- age   4:      69712 bytes,    1350256 total
 32669K->16972K(83392K), 0.0019345 secs]
37.540: [GC
Desired survivor size 1343488 bytes, new threshold 4 (max 4)
- age   1:     214000 bytes,     214000 total
- age   2:     196896 bytes,     410896 total
- age   3:     199416 bytes,     610312 total
- age   4:     655424 bytes,    1265736 total
 32970K->16953K(83392K), 0.0020567 secs]
37.553: [GC
Desired survivor size 1343488 bytes, new threshold 4 (max 4)
- age   1:      95864 bytes,      95864 total
- age   2:     212600 bytes,     308464 total
- age   3:     196896 bytes,     505360 total
- age   4:     199416 bytes,     704776 total
 32947K->17023K(83392K), 0.0018510 secs]
37.566: [GC
Desired survivor size 1343488 bytes, new threshold 4 (max 4)
- age   1:     136672 bytes,     136672 total
- age   2:      72392 bytes,     209064 total
- age   3:     212600 bytes,     421664 total
- age   4:     196896 bytes,     618560 total
 33017K->17132K(83392K), 0.0016806 secs]
37.587: [GC
Desired survivor size 1343488 bytes, new threshold 4 (max 4)
- age   1:     329552 bytes,     329552 total
- age   2:      63536 bytes,     393088 total
- age   3:      72392 bytes,     465480 total
- age   4:     212600 bytes,     678080 total
 33132K->17384K(83392K), 0.0014578 secs]
37.609: [GC
Desired survivor size 1343488 bytes, new threshold 4 (max 4)
- age   1:     231392 bytes,     231392 total
- age   2:     170888 bytes,     402280 total
- age   3:      63536 bytes,     465816 total
- age   4:      72392 bytes,     538208 total
 33382K->17453K(83392K), 0.0014783 secs]
37.625: [GC
Desired survivor size 1343488 bytes, new threshold 4 (max 4)
- age   1:     312840 bytes,     312840 total
- age   2:     192712 bytes,     505552 total
- age   3:     169552 bytes,     675104 total
- age   4:      63536 bytes,     738640 total
 33389K->17664K(83392K), 0.0012473 secs]
37.637: [GC
Desired survivor size 1343488 bytes, new threshold 4 (max 4)
- age   1:     355920 bytes,     355920 total
- age   2:     167304 bytes,     523224 total
- age   3:     192712 bytes,     715936 total
- age   4:     169552 bytes,     885488 total
 33646K->17889K(83392K), 0.0016470 secs]
37.652: [GC
Desired survivor size 1343488 bytes, new threshold 4 (max 4)
- age   1:     271352 bytes,     271352 total
- age   2:     282888 bytes,     554240 total
- age   3:      76448 bytes,     630688 total
- age   4:     190576 bytes,     821264 total
 33885K->17970K(83392K), 0.0014641 secs]
37.665: [GC
Desired survivor size 1343488 bytes, new threshold 4 (max 4)
- age   1:     253400 bytes,     253400 total
- age   2:     172760 bytes,     426160 total
- age   3:     282888 bytes,     709048 total
- age   4:      76328 bytes,     785376 total
 33970K->17957K(83392K), 0.0013559 secs]
37.678: [GC
Desired survivor size 1343488 bytes, new threshold 4 (max 4)
- age   1:     110768 bytes,     110768 total
- age   2:     253400 bytes,     364168 total
- age   3:     153600 bytes,     517768 total
- age   4:     244360 bytes,     762128 total
 33957K->18011K(83392K), 0.0014948 secs]
37.691: [GC
Desired survivor size 1343488 bytes, new threshold 4 (max 4)
- age   1:     203440 bytes,     203440 total
- age   2:      68960 bytes,     272400 total
- age   3:     253400 bytes,     525800 total
- age   4:     153600 bytes,     679400 total
 34001K->18119K(83392K), 0.0020150 secs]
37.704: [GC
Desired survivor size 1343488 bytes, new threshold 4 (max 4)
- age   1:     283320 bytes,     283320 total
- age   2:     160496 bytes,     443816 total
- age   3:      68960 bytes,     512776 total
- age   4:     253400 bytes,     766176 total
 34095K->18353K(83392K), 0.0016262 secs]
37.717: [GC
Desired survivor size 1343488 bytes, new threshold 4 (max 4)
- age   1:     806480 bytes,     806480 total
- age   2:     232384 bytes,    1038864 total
- age   3:      62496 bytes,    1101360 total
- age   4:       7904 bytes,    1109264 total
 34293K->18931K(83392K), 0.0017018 secs]
37.730: [GC
Desired survivor size 1343488 bytes, new threshold 3 (max 4)
- age   1:     472784 bytes,     472784 total
- age   2:     654520 bytes,    1127304 total
- age   3:     232384 bytes,    1359688 total
- age   4:      62496 bytes,    1422184 total
 34903K->19244K(83392K), 0.0018616 secs]
37.746: [GC
Desired survivor size 1343488 bytes, new threshold 4 (max 4)
- age   1:     173584 bytes,     173584 total
- age   2:     303416 bytes,     477000 total
- age   3:     623632 bytes,    1100632 total
 35225K->19071K(83392K), 0.0019720 secs]
37.759: [GC
Desired survivor size 1343488 bytes, new threshold 4 (max 4)
- age   1:     566200 bytes,     566200 total
- age   2:        784 bytes,     566984 total
- age   3:     303416 bytes,     870400 total
- age   4:     524632 bytes,    1395032 total
 35030K->19357K(83392K), 0.0027367 secs]
37.773: [GC
Desired survivor size 1343488 bytes, new threshold 4 (max 4)
- age   1:     171160 bytes,     171160 total
- age   2:     410264 bytes,     581424 total
- age   3:        784 bytes,     582208 total
- age   4:     303416 bytes,     885624 total
 35328K->19372K(83392K), 0.0020834 secs]
37.789: [GC
Desired survivor size 1343488 bytes, new threshold 3 (max 4)
- age   1:     898376 bytes,     898376 total
- age   2:     106976 bytes,    1005352 total
- age   3:     409944 bytes,    1415296 total
 35352K->20045K(83392K), 0.0017149 secs]
37.801: [GC
Desired survivor size 1343488 bytes, new threshold 4 (max 4)
- age   1:     121248 bytes,     121248 total
- age   2:     804760 bytes,     926008 total
- age   3:     106976 bytes,    1032984 total
 35941K->19887K(83392K), 0.0019197 secs]
37.816: [GC
Desired survivor size 1343488 bytes, new threshold 3 (max 4)
- age   1:     559008 bytes,     559008 total
- age   2:      67888 bytes,     626896 total
- age   3:     804760 bytes,    1431656 total
- age   4:     106976 bytes,    1538632 total
 35877K->20383K(83392K), 0.0018015 secs]
37.830: [GC
Desired survivor size 1343488 bytes, new threshold 4 (max 4)
- age   1:     184736 bytes,     184736 total
- age   2:     506920 bytes,     691656 total
- age   3:      67888 bytes,     759544 total
 36383K->20405K(83392K), 0.0021184 secs]
37.844: [GC
Desired survivor size 1343488 bytes, new threshold 4 (max 4)
- age   1:     369744 bytes,     369744 total
- age   2:     151112 bytes,     520856 total
- age   3:     448520 bytes,     969376 total
- age   4:      67888 bytes,    1037264 total
 36340K->20673K(83392K), 0.0017130 secs]
37.859: [GC
Desired survivor size 1343488 bytes, new threshold 4 (max 4)
- age   1:     127072 bytes,     127072 total
- age   2:     163312 bytes,     290384 total
- age   3:     151112 bytes,     441496 total
- age   4:     448520 bytes,     890016 total
 36673K->20597K(83392K), 0.0015386 secs]
37.872: [GC
Desired survivor size 1343488 bytes, new threshold 4 (max 4)
- age   1:     643368 bytes,     643368 total
- age   2:      60392 bytes,     703760 total
- age   3:     163312 bytes,     867072 total
- age   4:     151112 bytes,    1018184 total
 36591K->21163K(83392K), 0.0019669 secs]
37.885: [GC
Desired survivor size 1343488 bytes, new threshold 4 (max 4)
- age   1:     326808 bytes,     326808 total
- age   2:     505544 bytes,     832352 total
- age   3:      60392 bytes,     892744 total
- age   4:     163312 bytes,    1056056 total
 37126K->21262K(83392K), 0.0017829 secs]
37.900: [GC
Desired survivor size 1343488 bytes, new threshold 4 (max 4)
- age   1:     561496 bytes,     561496 total
- age   2:     212248 bytes,     773744 total
- age   3:     323368 bytes,    1097112 total
- age   4:      60392 bytes,    1157504 total
 37252K->21524K(83392K), 0.0019413 secs]
37.914: [GC
Desired survivor size 1343488 bytes, new threshold 2 (max 4)
- age   1:     920256 bytes,     920256 total
- age   2:     512592 bytes,    1432848 total
- age   3:     212248 bytes,    1645096 total
- age   4:     210216 bytes,    1855312 total
 37515K->22260K(83392K), 0.0025031 secs]
37.928: [GC
Desired survivor size 1343488 bytes, new threshold 4 (max 4)
- age   1:     131952 bytes,     131952 total
- age   2:     716144 bytes,     848096 total
 38233K->22187K(83392K), 0.0026212 secs]
37.948: [GC
Desired survivor size 1343488 bytes, new threshold 3 (max 4)
- age   1:     639536 bytes,     639536 total
- age   2:      84648 bytes,     724184 total
- age   3:     716144 bytes,    1440328 total
 38181K->22764K(83392K), 0.0018230 secs]
37.960: [GC
Desired survivor size 1343488 bytes, new threshold 4 (max 4)
- age   1:     199760 bytes,     199760 total
- age   2:     633488 bytes,     833248 total
- age   3:      84648 bytes,     917896 total
 38742K->22958K(83392K), 0.0026333 secs]
37.976: [GC
Desired survivor size 1343488 bytes, new threshold 3 (max 4)
- age   1:     973064 bytes,     973064 total
- age   2:     138848 bytes,    1111912 total
- age   3:     399856 bytes,    1511768 total
- age   4:      84648 bytes,    1596416 total
 38939K->23623K(83392K), 0.0019654 secs]
37.989: [GC
Desired survivor size 1343488 bytes, new threshold 3 (max 4)
- age   1:     404104 bytes,     404104 total
- age   2:     808560 bytes,    1212664 total
- age   3:     138848 bytes,    1351512 total
 39605K->23853K(83392K), 0.0022830 secs]
38.004: [GC
Desired survivor size 1343488 bytes, new threshold 3 (max 4)
- age   1:     565480 bytes,     565480 total
- age   2:     363528 bytes,     929008 total
- age   3:     593776 bytes,    1522784 total
 39830K->24154K(83392K), 0.0020337 secs]
38.018: [GC
Desired survivor size 1343488 bytes, new threshold 4 (max 4)
- age   1:     273888 bytes,     273888 total
- age   2:     533648 bytes,     807536 total
- age   3:     323328 bytes,    1130864 total
 40124K->24209K(83392K), 0.0018747 secs]
38.033: [GC
Desired survivor size 1343488 bytes, new threshold 4 (max 4)
- age   1:     599160 bytes,     599160 total
- age   2:     192272 bytes,     791432 total
- age   3:     395104 bytes,    1186536 total
- age   4:     323328 bytes,    1509864 total
 40159K->24579K(83392K), 0.0017400 secs]
38.046: [GC
Desired survivor size 1343488 bytes, new threshold 4 (max 4)
- age   1:     187168 bytes,     187168 total
- age   2:     551432 bytes,     738600 total
- age   3:     192272 bytes,     930872 total
- age   4:     249776 bytes,    1180648 total
 40537K->24573K(83392K), 0.0021259 secs]
38.066: [GC
Desired survivor size 1343488 bytes, new threshold 4 (max 4)
- age   1:     444112 bytes,     444112 total
- age   2:     108800 bytes,     552912 total
- age   3:     255592 bytes,     808504 total
- age   4:     192272 bytes,    1000776 total
 40541K->24640K(83392K), 0.0016977 secs]
38.079: [GC
Desired survivor size 1343488 bytes, new threshold 4 (max 4)
- age   1:     176640 bytes,     176640 total
- age   2:     234944 bytes,     411584 total
- age   3:     108800 bytes,     520384 total
- age   4:     255592 bytes,     775976 total
 40632K->24610K(83392K), 0.0016619 secs]
38.093: [GC
Desired survivor size 1343488 bytes, new threshold 4 (max 4)
- age   1:     917232 bytes,     917232 total
- age   2:     122400 bytes,    1039632 total
- age   3:      75664 bytes,    1115296 total
- age   4:     108800 bytes,    1224096 total
 40592K->25299K(83392K), 0.0020195 secs]
38.106: [GC
Desired survivor size 1343488 bytes, new threshold 3 (max 4)
- age   1:     393960 bytes,     393960 total
- age   2:     834136 bytes,    1228096 total
- age   3:     121904 bytes,    1350000 total
- age   4:      73040 bytes,    1423040 total
 41278K->25600K(83392K), 0.0022467 secs]
38.125: [GC
Desired survivor size 1343488 bytes, new threshold 3 (max 4)
- age   1:     443408 bytes,     443408 total
- age   2:     212120 bytes,     655528 total
- age   3:     834136 bytes,    1489664 total
 41597K->25734K(83392K), 0.0018716 secs]
38.140: [GC
Desired survivor size 1343488 bytes, new threshold 4 (max 4)
- age   1:     572376 bytes,     572376 total
- age   2:     430200 bytes,    1002576 total
- age   3:     170928 bytes,    1173504 total
 41725K->26007K(83392K), 0.0020517 secs]
38.154: [GC
Desired survivor size 1343488 bytes, new threshold 4 (max 4)
- age   1:     442304 bytes,     442304 total
- age   2:     311992 bytes,     754296 total
- age   3:     430200 bytes,    1184496 total
- age   4:     170928 bytes,    1355424 total
 41966K->26185K(83392K), 0.0016056 secs]
38.170: [GC
Desired survivor size 1343488 bytes, new threshold 4 (max 4)
- age   1:     271960 bytes,     271960 total
- age   2:     326936 bytes,     598896 total
- age   3:     311992 bytes,     910888 total
- age   4:     127648 bytes,    1038536 total
 42178K->26038K(83392K), 0.0014974 secs]
38.183: [GC
Desired survivor size 1343488 bytes, new threshold 4 (max 4)
- age   1:     350376 bytes,     350376 total
- age   2:     209224 bytes,     559600 total
- age   3:     326936 bytes,     886536 total
- age   4:     311992 bytes,    1198528 total
 41917K->26327K(83392K), 0.0030408 secs]
38.197: [GC
Desired survivor size 1343488 bytes, new threshold 3 (max 4)
- age   1:    1036680 bytes,    1036680 total
- age   2:     272504 bytes,    1309184 total
- age   3:     209224 bytes,    1518408 total
- age   4:     252216 bytes,    1770624 total
 42303K->27054K(83392K), 0.0022670 secs]
38.213: [GC
Desired survivor size 1343488 bytes, new threshold 4 (max 4)
- age   1:     379488 bytes,     379488 total
- age   2:     410128 bytes,     789616 total
- age   3:     272504 bytes,    1062120 total
 43037K->26814K(83392K), 0.0019472 secs]
38.227: [GC
Desired survivor size 1343488 bytes, new threshold 4 (max 4)
- age   1:     392880 bytes,     392880 total
- age   2:     379400 bytes,     772280 total
- age   3:     342888 bytes,    1115168 total
- age   4:     195080 bytes,    1310248 total
 42814K->27056K(83392K), 0.0018166 secs]
38.241: [GC
Desired survivor size 1343488 bytes, new threshold 4 (max 4)
- age   1:     195288 bytes,     195288 total
- age   2:     186952 bytes,     382240 total
- age   3:     379400 bytes,     761640 total
- age   4:     342888 bytes,    1104528 total
 43051K->27044K(83392K), 0.0018451 secs]
38.256: [GC
Desired survivor size 1343488 bytes, new threshold 4 (max 4)
- age   1:     373088 bytes,     373088 total
- age   2:     194720 bytes,     567808 total
- age   3:     102936 bytes,     670744 total
- age   4:     379400 bytes,    1050144 total
 43041K->27330K(83392K), 0.0017824 secs]
38.270: [GC
Desired survivor size 1343488 bytes, new threshold 4 (max 4)
- age   1:     424992 bytes,     424992 total
- age   2:     314704 bytes,     739696 total
- age   3:      48720 bytes,     788416 total
- age   4:     103136 bytes,     891552 total
 43311K->27526K(83392K), 0.0020402 secs]
38.283: [GC
Desired survivor size 1343488 bytes, new threshold 3 (max 4)
- age   1:     826568 bytes,     826568 total
- age   2:     302200 bytes,    1128768 total
- age   3:     314704 bytes,    1443472 total
- age   4:      48640 bytes,    1492112 total
 43488K->28112K(83392K), 0.0021714 secs]
38.296: [GC
Desired survivor size 1343488 bytes, new threshold 4 (max 4)
- age   1:     225528 bytes,     225528 total
- age   2:     772512 bytes,     998040 total
- age   3:     302200 bytes,    1300240 total
 44059K->28279K(83392K), 0.0022960 secs]
38.310: [GC
Desired survivor size 1343488 bytes, new threshold 4 (max 4)
- age   1:     230176 bytes,     230176 total
- age   2:     167224 bytes,     397400 total
- age   3:     772512 bytes,    1169912 total
- age   4:     302200 bytes,    1472112 total
 44278K->28446K(83392K), 0.0024163 secs]
38.324: [GC
Desired survivor size 1343488 bytes, new threshold 4 (max 4)
- age   1:     542496 bytes,     542496 total
- age   2:     168768 bytes,     711264 total
- age   3:     167224 bytes,     878488 total
- age   4:     586568 bytes,    1465056 total
 44427K->28573K(83392K), 0.0020171 secs]
38.338: [GC
Desired survivor size 1343488 bytes, new threshold 4 (max 4)
- age   1:     338880 bytes,     338880 total
- age   2:     420672 bytes,     759552 total
- age   3:     168768 bytes,     928320 total
- age   4:     167224 bytes,    1095544 total
 44546K->28785K(83392K), 0.0021759 secs]
38.351: [GC
Desired survivor size 1343488 bytes, new threshold 4 (max 4)
- age   1:     599136 bytes,     599136 total
- age   2:     338880 bytes,     938016 total
- age   3:     220336 bytes,    1158352 total
- age   4:     168768 bytes,    1327120 total
 44721K->29174K(83392K), 0.0019534 secs]
38.366: [GC
Desired survivor size 1343488 bytes, new threshold 4 (max 4)
- age   1:     480648 bytes,     480648 total
- age   2:     541824 bytes,    1022472 total
- age   3:     296960 bytes,    1319432 total
- age   4:     220336 bytes,    1539768 total
 45052K->29547K(83392K), 0.0019292 secs]
38.382: [GC
Desired survivor size 1343488 bytes, new threshold 3 (max 4)
- age   1:     536664 bytes,     536664 total
- age   2:     394360 bytes,     931024 total
- age   3:     541824 bytes,    1472848 total
- age   4:      65712 bytes,    1538560 total
 45547K->29760K(83392K), 0.0023315 secs]
38.397: [GC
Desired survivor size 1343488 bytes, new threshold 4 (max 4)
- age   1:     389648 bytes,     389648 total
- age   2:     497432 bytes,     887080 total
- age   3:     394360 bytes,    1281440 total
 45747K->29932K(83392K), 0.0022169 secs]
38.411: [GC
Desired survivor size 1343488 bytes, new threshold 4 (max 4)
- age   1:     437152 bytes,     437152 total
- age   2:     347984 bytes,     785136 total
- age   3:     497432 bytes,    1282568 total
- age   4:     210176 bytes,    1492744 total
 45911K->30139K(83392K), 0.0030372 secs]
38.427: [GC
Desired survivor size 1343488 bytes, new threshold 4 (max 4)
- age   1:     543976 bytes,     543976 total
- age   2:     389536 bytes,     933512 total
- age   3:      84144 bytes,    1017656 total
- age   4:     497432 bytes,    1515088 total
 46120K->30367K(83392K), 0.0027197 secs]
38.443: [GC
Desired survivor size 1343488 bytes, new threshold 1 (max 4)
- age   1:    1499536 bytes,    1499536 total
- age   2:     479840 bytes,    1979376 total
- age   3:     389536 bytes,    2368912 total
- age   4:      84144 bytes,    2453056 total
 46321K->31767K(83392K), 0.0041891 secs]
38.462: [GC
Desired survivor size 1343488 bytes, new threshold 4 (max 4)
- age   1:     444864 bytes,     444864 total
 47719K->31987K(83392K), 0.0035648 secs]
38.478: [GC
Desired survivor size 1343488 bytes, new threshold 4 (max 4)
- age   1:     490944 bytes,     490944 total
- age   2:     115232 bytes,     606176 total
 47966K->32145K(83392K), 0.0011610 secs]
38.491: [GC
Desired survivor size 1343488 bytes, new threshold 4 (max 4)
- age   1:     285344 bytes,     285344 total
- age   2:     305768 bytes,     591112 total
- age   3:     115232 bytes,     706344 total
 48094K->32242K(83392K), 0.0012117 secs]
38.505: [GC
Desired survivor size 1343488 bytes, new threshold 4 (max 4)
- age   1:     476000 bytes,     476000 total
- age   2:      61424 bytes,     537424 total
- age   3:     305768 bytes,     843192 total
- age   4:     115232 bytes,     958424 total
 48223K->32488K(83392K), 0.0013706 secs]
38.520: [GC
Desired survivor size 1343488 bytes, new threshold 4 (max 4)
- age   1:     200592 bytes,     200592 total
- age   2:     393536 bytes,     594128 total
- age   3:      61424 bytes,     655552 total
- age   4:     305768 bytes,     961320 total
 48478K->32603K(83392K), 0.0018083 secs]
38.538: [GC
Desired survivor size 1343488 bytes, new threshold 4 (max 4)
- age   1:     623824 bytes,     623824 total
- age   2:     114304 bytes,     738128 total
- age   3:     393408 bytes,    1131536 total
- age   4:      61424 bytes,    1192960 total
 48596K->33131K(83392K), 0.0025357 secs]
38.551: [GC
Desired survivor size 1343488 bytes, new threshold 4 (max 4)
- age   1:     202872 bytes,     202872 total
- age   2:     511592 bytes,     714464 total
- age   3:      77176 bytes,     791640 total
- age   4:     393408 bytes,    1185048 total
 49130K->33182K(83392K), 0.0020552 secs]
38.567: [GC
Desired survivor size 1343488 bytes, new threshold 4 (max 4)
- age   1:     497640 bytes,     497640 total
- age   2:     134760 bytes,     632400 total
- age   3:     511592 bytes,    1143992 total
- age   4:      77176 bytes,    1221168 total
 49138K->33602K(83392K), 0.0019282 secs]
38.583: [GC
Desired survivor size 1343488 bytes, new threshold 4 (max 4)
- age   1:     308256 bytes,     308256 total
- age   2:     283656 bytes,     591912 total
- age   3:     134760 bytes,     726672 total
- age   4:        968 bytes,     727640 total
 49602K->33197K(83392K), 0.0017390 secs]
38.597: [GC
Desired survivor size 1343488 bytes, new threshold 4 (max 4)
- age   1:     422968 bytes,     422968 total
- age   2:     308256 bytes,     731224 total
- age   3:     146128 bytes,     877352 total
- age   4:      51888 bytes,     929240 total
 49196K->33394K(83392K), 0.0016906 secs]
38.611: [GC
Desired survivor size 1343488 bytes, new threshold 4 (max 4)
- age   1:     187088 bytes,     187088 total
- age   2:     137856 bytes,     324944 total
- age   3:     308256 bytes,     633200 total
- age   4:     146128 bytes,     779328 total
 49353K->33300K(83392K), 0.0017298 secs]
38.625: [GC
Desired survivor size 1343488 bytes, new threshold 4 (max 4)
- age   1:     469408 bytes,     469408 total
- age   2:      78288 bytes,     547696 total
- age   4:     308256 bytes,     855952 total
 49299K->33523K(83392K), 0.0014377 secs]
38.638: [GC
Desired survivor size 1343488 bytes, new threshold 4 (max 4)
- age   1:     188728 bytes,     188728 total
- age   2:     243264 bytes,     431992 total
- age   3:      78288 bytes,     510280 total
 49492K->33480K(83392K), 0.0014997 secs]
38.651: [GC
Desired survivor size 1343488 bytes, new threshold 4 (max 4)
- age   1:     348456 bytes,     348456 total
- age   2:     128992 bytes,     477448 total
- age   3:     103496 bytes,     580944 total
 49476K->33544K(83392K), 0.0012659 secs]
38.664: [GC
Desired survivor size 1343488 bytes, new threshold 4 (max 4)
- age   1:     298720 bytes,     298720 total
- age   2:      73680 bytes,     372400 total
- age   3:     128992 bytes,     501392 total
- age   4:     103496 bytes,     604888 total
 49505K->33566K(83392K), 0.0011593 secs]
38.678: [GC
Desired survivor size 1343488 bytes, new threshold 4 (max 4)
- age   1:     408208 bytes,     408208 total
- age   2:      69240 bytes,     477448 total
- age   3:      73680 bytes,     551128 total
- age   4:     128992 bytes,     680120 total
 49559K->33742K(83392K), 0.0016412 secs]
38.692: [GC
Desired survivor size 1343488 bytes, new threshold 4 (max 4)
- age   1:     345520 bytes,     345520 total
- age   2:      83864 bytes,     429384 total
- age   3:      69240 bytes,     498624 total
- age   4:      73680 bytes,     572304 total
 49734K->33764K(83392K), 0.0012295 secs]
38.705: [GC
Desired survivor size 1343488 bytes, new threshold 4 (max 4)
- age   1:     293968 bytes,     293968 total
- age   2:     173912 bytes,     467880 total
- age   3:      83864 bytes,     551744 total
- age   4:      69240 bytes,     620984 total
 49764K->33883K(83392K), 0.0026840 secs]
38.719: [GC
Desired survivor size 1343488 bytes, new threshold 4 (max 4)
- age   1:     272304 bytes,     272304 total
- age   2:      27152 bytes,     299456 total
- age   3:     171848 bytes,     471304 total
- age   4:      83864 bytes,     555168 total
 49842K->33894K(83392K), 0.0019226 secs]
38.732: [GC
Desired survivor size 1343488 bytes, new threshold 4 (max 4)
- age   1:      82456 bytes,      82456 total
- age   2:     165560 bytes,     248016 total
- age   3:      27120 bytes,     275136 total
- age   4:     171848 bytes,     446984 total
 49848K->33867K(83392K), 0.0015393 secs]
38.744: [GC
Desired survivor size 1343488 bytes, new threshold 4 (max 4)
- age   1:     542960 bytes,     542960 total
- age   2:      52184 bytes,     595144 total
- age   3:     165560 bytes,     760704 total
- age   4:      27120 bytes,     787824 total
 49857K->34360K(83392K), 0.0015496 secs]
38.758: [GC
Desired survivor size 1343488 bytes, new threshold 4 (max 4)
- age   1:     517168 bytes,     517168 total
- age   2:     477656 bytes,     994824 total
- age   4:     165560 bytes,    1160384 total
 50266K->34753K(83392K), 0.0021583 secs]
38.773: [GC
Desired survivor size 1343488 bytes, new threshold 3 (max 4)
- age   1:     454312 bytes,     454312 total
- age   2:     461504 bytes,     915816 total
- age   3:     443440 bytes,    1359256 total
 50751K->35113K(83392K), 0.0026788 secs]
38.787: [GC
Desired survivor size 1343488 bytes, new threshold 4 (max 4)
- age   1:     300216 bytes,     300216 total
- age   2:     437096 bytes,     737312 total
- age   3:     383248 bytes,    1120560 total
 51101K->35037K(83392K), 0.0017745 secs]
38.801: [GC
Desired survivor size 1343488 bytes, new threshold 4 (max 4)
- age   1:     651512 bytes,     651512 total
- age   2:     191256 bytes,     842768 total
- age   3:     437064 bytes,    1279832 total
- age   4:     315152 bytes,    1594984 total
 51033K->35500K(83392K), 0.0018488 secs]
38.815: [GC
Desired survivor size 1343488 bytes, new threshold 4 (max 4)
- age   1:     369440 bytes,     369440 total
- age   2:     412544 bytes,     781984 total
- age   4:     279136 bytes,    1061120 total
 51469K->35287K(83392K), 0.0020247 secs]
38.828: [GC
Desired survivor size 1343488 bytes, new threshold 4 (max 4)
- age   1:     743024 bytes,     743024 total
- age   2:      99640 bytes,     842664 total
- age   3:     273976 bytes,    1116640 total
 51237K->35612K(83392K), 0.0024278 secs]
38.842: [GC
Desired survivor size 1343488 bytes, new threshold 3 (max 4)
- age   1:     624360 bytes,     624360 total
- age   2:     707872 bytes,    1332232 total
- age   3:      99640 bytes,    1431872 total
- age   4:     273976 bytes,    1705848 total
 51606K->36186K(83392K), 0.0020880 secs]
38.856: [GC
Desired survivor size 1343488 bytes, new threshold 3 (max 4)
- age   1:     801760 bytes,     801760 total
- age   2:     431384 bytes,    1233144 total
- age   3:     122824 bytes,    1355968 total
 52159K->36209K(83392K), 0.0021548 secs]
38.870: [GC
Desired survivor size 1343488 bytes, new threshold 4 (max 4)
- age   1:     210208 bytes,     210208 total
- age   2:     732584 bytes,     942792 total
- age   3:     247200 bytes,    1189992 total
 52195K->36167K(83392K), 0.0019368 secs]
38.885: [GC
Desired survivor size 1343488 bytes, new threshold 4 (max 4)
- age   1:     523304 bytes,     523304 total
- age   2:      75288 bytes,     598592 total
- age   3:     266152 bytes,     864744 total
- age   4:     247200 bytes,    1111944 total
 52138K->36091K(83392K), 0.0015325 secs]
38.899: [GC
Desired survivor size 1343488 bytes, new threshold 4 (max 4)
- age   1:     257808 bytes,     257808 total
- age   2:     214680 bytes,     472488 total
- age   3:      75288 bytes,     547776 total
 52075K->35780K(83392K), 0.0013843 secs]
38.915: [GC
Desired survivor size 1343488 bytes, new threshold 4 (max 4)
- age   1:     606160 bytes,     606160 total
- age   2:     177928 bytes,     784088 total
- age   3:     214680 bytes,     998768 total
- age   4:      75288 bytes,    1074056 total
 51753K->36294K(83392K), 0.0016743 secs]
38.933: [GC
Desired survivor size 1343488 bytes, new threshold 4 (max 4)
- age   1:     936864 bytes,     936864 total
- age   2:     138656 bytes,    1075520 total
- age   3:     127104 bytes,    1202624 total
- age   4:     214680 bytes,    1417304 total
 52262K->36703K(83392K), 0.0018202 secs]
38.947: [GC
Desired survivor size 1343488 bytes, new threshold 4 (max 4)
- age   1:     406256 bytes,     406256 total
- age   2:     693344 bytes,    1099600 total
- age   3:     138656 bytes,    1238256 total
- age   4:     126272 bytes,    1364528 total
 52650K->36861K(83392K), 0.0019159 secs]
38.962: [GC
Desired survivor size 1343488 bytes, new threshold 4 (max 4)
- age   1:     356504 bytes,     356504 total
- age   2:     249104 bytes,     605608 total
- age   3:     506544 bytes,    1112152 total
- age   4:     138656 bytes,    1250808 total
 52764K->36877K(83392K), 0.0017297 secs]
38.975: [GC
Desired survivor size 1343488 bytes, new threshold 3 (max 4)
- age   1:     931264 bytes,     931264 total
- age   2:     289000 bytes,    1220264 total
- age   3:     164760 bytes,    1385024 total
- age   4:     506544 bytes,    1891568 total
 52867K->37640K(83392K), 0.0024942 secs]
38.989: [GC
Desired survivor size 1343488 bytes, new threshold 2 (max 4)
- age   1:     448160 bytes,     448160 total
- age   2:     904752 bytes,    1352912 total
- age   3:     289000 bytes,    1641912 total
 53640K->38049K(83392K), 0.0027718 secs]
39.004: [GC
Desired survivor size 1343488 bytes, new threshold 4 (max 4)
- age   1:     450184 bytes,     450184 total
- age   2:     417880 bytes,     868064 total
 54043K->38457K(83392K), 0.0025946 secs]
39.019: [GC
Desired survivor size 1343488 bytes, new threshold 4 (max 4)
- age   1:     320608 bytes,     320608 total
- age   2:     371208 bytes,     691816 total
- age   3:     384968 bytes,    1076784 total
 54449K->38660K(83392K), 0.0016742 secs]
39.033: [GC
Desired survivor size 1343488 bytes, new threshold 2 (max 4)
- age   1:    1334384 bytes,    1334384 total
- age   2:     117168 bytes,    1451552 total
- age   3:     371208 bytes,    1822760 total
- age   4:     384968 bytes,    2207728 total
 54625K->39764K(83392K), 0.0024035 secs]
39.046: [GC
Desired survivor size 1343488 bytes, new threshold 2 (max 4)
- age   1:     596744 bytes,     596744 total
- age   2:    1249576 bytes,    1846320 total
 55734K->40064K(83392K), 0.0030595 secs]
39.065: [GC
Desired survivor size 1343488 bytes, new threshold 4 (max 4)
- age   1:     341856 bytes,     341856 total
- age   2:     122416 bytes,     464272 total
 56059K->39934K(83392K), 0.0021862 secs]
39.078: [GC
Desired survivor size 1343488 bytes, new threshold 4 (max 4)
- age   1:     309464 bytes,     309464 total
- age   2:     288512 bytes,     597976 total
 55909K->40065K(83392K), 0.0014299 secs]
39.091: [GC
Desired survivor size 1343488 bytes, new threshold 1 (max 4)
- age   1:    1676144 bytes,    1676144 total
- age   2:     309424 bytes,    1985568 total
- age   3:     288512 bytes,    2274080 total
 56020K->41701K(83392K), 0.0028379 secs]
39.105: [GC
Desired survivor size 1343488 bytes, new threshold 4 (max 4)
- age   1:     529872 bytes,     529872 total
 57693K->41745K(83392K), 0.0028650 secs]
39.120: [GC
Desired survivor size 1343488 bytes, new threshold 4 (max 4)
- age   1:     487288 bytes,     487288 total
- age   2:     446768 bytes,     934056 total
 57694K->42140K(83392K), 0.0015393 secs]
39.137: [GC
Desired survivor size 1343488 bytes, new threshold 2 (max 4)
- age   1:    1325720 bytes,    1325720 total
- age   2:     282704 bytes,    1608424 total
- age   3:     262736 bytes,    1871160 total
 58140K->43054K(83392K), 0.0023349 secs]
39.151: [GC
Desired survivor size 1343488 bytes, new threshold 2 (max 4)
- age   1:     635424 bytes,     635424 total
- age   2:     780656 bytes,    1416080 total
 59039K->43144K(83392K), 0.0023500 secs]
39.169: [GC
Desired survivor size 1343488 bytes, new threshold 4 (max 4)
- age   1:     239280 bytes,     239280 total
- age   2:     393888 bytes,     633168 total
 59087K->43148K(83392K), 0.0020011 secs]
39.188: [GC
Desired survivor size 1343488 bytes, new threshold 4 (max 4)
- age   1:     429112 bytes,     429112 total
- age   2:     160560 bytes,     589672 total
- age   3:     393888 bytes,     983560 total
 59120K->43481K(83392K), 0.0022187 secs]
39.203: [GC
Desired survivor size 1343488 bytes, new threshold 4 (max 4)
- age   1:     460936 bytes,     460936 total
- age   2:     173688 bytes,     634624 total
- age   4:     393888 bytes,    1028512 total
 59478K->43526K(83392K), 0.0015817 secs]
39.220: [GC
Desired survivor size 1343488 bytes, new threshold 4 (max 4)
- age   1:     301584 bytes,     301584 total
- age   2:     254808 bytes,     556392 total
- age   3:     173576 bytes,     729968 total
 59519K->43619K(83392K), 0.0014952 secs]
39.232: [GC
Desired survivor size 1343488 bytes, new threshold 4 (max 4)
- age   1:     616408 bytes,     616408 total
- age   2:     165888 bytes,     782296 total
- age   3:      82288 bytes,     864584 total
- age   4:     173576 bytes,    1038160 total
 59601K->43923K(83392K), 0.0016965 secs]
39.247: [GC
Desired survivor size 1343488 bytes, new threshold 4 (max 4)
- age   1:     384840 bytes,     384840 total
- age   2:     400680 bytes,     785520 total
- age   3:     165888 bytes,     951408 total
- age   4:      82288 bytes,    1033696 total
 59877K->44087K(83392K), 0.0029575 secs]
39.263: [GC
Desired survivor size 1343488 bytes, new threshold 4 (max 4)
- age   1:     762120 bytes,     762120 total
- age   2:     251448 bytes,    1013568 total
- age   3:     141480 bytes,    1155048 total
- age   4:     165888 bytes,    1320936 total
 60061K->44452K(83392K), 0.0017835 secs]
39.277: [GC
Desired survivor size 1343488 bytes, new threshold 4 (max 4)
- age   1:     475664 bytes,     475664 total
- age   2:     623528 bytes,    1099192 total
- age   3:     106936 bytes,    1206128 total
- age   4:     141480 bytes,    1347608 total
 60441K->44647K(83392K), 0.0018143 secs]
39.284: [GC 50521K(83392K), 0.0008503 secs]
39.296: [GC
Desired survivor size 1343488 bytes, new threshold 4 (max 4)
- age   1:     722464 bytes,     722464 total
- age   2:     301640 bytes,    1024104 total
- age   3:     284048 bytes,    1308152 total
- age   4:     106904 bytes,    1415056 total
 60644K->44838K(83392K), 0.0026392 secs]
39.313: [GC
Desired survivor size 1343488 bytes, new threshold 3 (max 4)
- age   1:     482160 bytes,     482160 total
- age   2:     594024 bytes,    1076184 total
- age   3:     277872 bytes,    1354056 total
- age   4:     284048 bytes,    1638104 total
 60825K->45162K(83392K), 0.0022047 secs]
39.331: [GC
Desired survivor size 1343488 bytes, new threshold 4 (max 4)
- age   1:     409136 bytes,     409136 total
- age   2:     240824 bytes,     649960 total
- age   3:     593192 bytes,    1243152 total
 61162K->45222K(83392K), 0.0018408 secs]
39.345: [GC
Desired survivor size 1343488 bytes, new threshold 4 (max 4)
- age   1:     713288 bytes,     713288 total
- age   2:     167776 bytes,     881064 total
- age   3:     240824 bytes,    1121888 total
- age   4:     593192 bytes,    1715080 total
 61192K->45683K(83392K), 0.0023499 secs]
39.362: [GC
Desired survivor size 1343488 bytes, new threshold 4 (max 4)
- age   1:     473104 bytes,     473104 total
- age   2:     540488 bytes,    1013592 total
- age   3:     167160 bytes,    1180752 total
- age   4:     240824 bytes,    1421576 total
 61683K->45975K(83392K), 0.0045869 secs]
39.381: [GC
Desired survivor size 1343488 bytes, new threshold 4 (max 4)
- age   1:     680488 bytes,     680488 total
- age   2:     388760 bytes,    1069248 total
- age   3:     228656 bytes,    1297904 total
- age   4:     167160 bytes,    1465064 total
 61975K->46169K(83392K), 0.0019468 secs]
39.396: [GC
Desired survivor size 1343488 bytes, new threshold 4 (max 4)
- age   1:     410752 bytes,     410752 total
- age   2:     237104 bytes,     647856 total
- age   3:     387928 bytes,    1035784 total
- age   4:     228656 bytes,    1264440 total
 62143K->46139K(83392K), 0.0020417 secs]
39.411: [GC
Desired survivor size 1343488 bytes, new threshold 4 (max 4)
- age   1:     455640 bytes,     455640 total
- age   2:      73584 bytes,     529224 total
- age   3:      74984 bytes,     604208 total
- age   4:     387928 bytes,     992136 total
 62013K->46096K(83392K), 0.0024887 secs]
39.427: [GC
Desired survivor size 1343488 bytes, new threshold 4 (max 4)
- age   1:     883592 bytes,     883592 total
- age   2:      84728 bytes,     968320 total
- age   3:      37072 bytes,    1005392 total
- age   4:      74984 bytes,    1080376 total
 62042K->46559K(83392K), 0.0026147 secs]
39.442: [GC
Desired survivor size 1343488 bytes, new threshold 4 (max 4)
- age   1:     668328 bytes,     668328 total
- age   2:     582224 bytes,    1250552 total
- age   3:      84728 bytes,    1335280 total
- age   4:      37072 bytes,    1372352 total
 62471K->46919K(83392K), 0.0020444 secs]
39.460: [GC
Desired survivor size 1343488 bytes, new threshold 2 (max 4)
- age   1:     831640 bytes,     831640 total
- age   2:     519016 bytes,    1350656 total
- age   3:     510400 bytes,    1861056 total
- age   4:      84728 bytes,    1945784 total
 62844K->47480K(83392K), 0.0027255 secs]
39.476: [GC
Desired survivor size 1343488 bytes, new threshold 4 (max 4)
- age   1:     967512 bytes,     967512 total
- age   2:     283536 bytes,    1251048 total
 63429K->47646K(83392K), 0.0032248 secs]
39.491: [GC
Desired survivor size 1343488 bytes, new threshold 3 (max 4)
- age   1:     310816 bytes,     310816 total
- age   2:     888792 bytes,    1199608 total
- age   3:     283536 bytes,    1483144 total
 63598K->47873K(83392K), 0.0021589 secs]
39.504: [GC
Desired survivor size 1343488 bytes, new threshold 1 (max 4)
- age   1:    1440848 bytes,    1440848 total
- age   2:     229120 bytes,    1669968 total
- age   3:     888792 bytes,    2558760 total
 63859K->49201K(83392K), 0.0035117 secs]
39.520: [GC
Desired survivor size 1343488 bytes, new threshold 4 (max 4)
- age   1:     254504 bytes,     254504 total
 65184K->49281K(83392K), 0.0030603 secs]
39.535: [GC
Desired survivor size 1343488 bytes, new threshold 4 (max 4)
- age   1:     234008 bytes,     234008 total
- age   2:     141504 bytes,     375512 total
 65243K->49396K(83392K), 0.0012854 secs]
39.548: [GC
Desired survivor size 1343488 bytes, new threshold 4 (max 4)
- age   1:     416544 bytes,     416544 total
- age   2:     138792 bytes,     555336 total
- age   3:      38224 bytes,     593560 total
 65384K->49609K(83392K), 0.0013375 secs]
39.562: [GC
Desired survivor size 1343488 bytes, new threshold 4 (max 4)
- age   1:     125696 bytes,     125696 total
- age   2:     332744 bytes,     458440 total
- age   3:     138792 bytes,     597232 total
- age   4:      38224 bytes,     635456 total
 65581K->49651K(83392K), 0.0023034 secs]
39.577: [GC
Desired survivor size 1343488 bytes, new threshold 4 (max 4)
- age   1:     411232 bytes,     411232 total
- age   2:       6288 bytes,     417520 total
- age   3:      97968 bytes,     515488 total
- age   4:     138792 bytes,     654280 total
 65628K->49708K(83392K), 0.0014242 secs]
39.590: [GC
Desired survivor size 1343488 bytes, new threshold 4 (max 4)
- age   1:     945608 bytes,     945608 total
- age   2:     169744 bytes,    1115352 total
- age   3:       6288 bytes,    1121640 total
- age   4:      97968 bytes,    1219608 total
 65704K->50402K(83392K), 0.0018289 secs]
39.603: [GC
Desired survivor size 1343488 bytes, new threshold 2 (max 4)
- age   1:     758272 bytes,     758272 total
- age   2:     855512 bytes,    1613784 total
- age   3:     169744 bytes,    1783528 total
- age   4:       6288 bytes,    1789816 total
 66395K->51048K(83392K), 0.0027986 secs]
39.623: [GC
Desired survivor size 1343488 bytes, new threshold 4 (max 4)
- age   1:     260928 bytes,     260928 total
- age   2:     345680 bytes,     606608 total
 67025K->50899K(83392K), 0.0021829 secs]
39.640: [GC
Desired survivor size 1343488 bytes, new threshold 4 (max 4)
- age   1:     860896 bytes,     860896 total
- age   2:     214104 bytes,    1075000 total
- age   3:     172520 bytes,    1247520 total
 66899K->51523K(83392K), 0.0021768 secs]
39.661: [GC
Desired survivor size 1343488 bytes, new threshold 4 (max 4)
- age   1:     133240 bytes,     133240 total
- age   2:     775472 bytes,     908712 total
- age   3:     214104 bytes,    1122816 total
- age   4:     172520 bytes,    1295336 total
 67506K->51573K(83392K), 0.0017518 secs]
39.674: [GC
Desired survivor size 1343488 bytes, new threshold 4 (max 4)
- age   1:     121600 bytes,     121600 total
- age   2:      91080 bytes,     212680 total
- age   3:     775472 bytes,     988152 total
- age   4:     214104 bytes,    1202256 total
 67528K->51653K(83392K), 0.0019952 secs]
39.692: [GC
Desired survivor size 1343488 bytes, new threshold 4 (max 4)
- age   1:     239416 bytes,     239416 total
- age   3:      89312 bytes,     328728 total
- age   4:     775472 bytes,    1104200 total
 67644K->51767K(83392K), 0.0019433 secs]
39.707: [GC
Desired survivor size 1343488 bytes, new threshold 4 (max 4)
- age   1:     478640 bytes,     478640 total
- age   2:     191896 bytes,     670536 total
- age   4:      89312 bytes,     759848 total
 67748K->51745K(83392K), 0.0017265 secs]
39.721: [GC
Desired survivor size 1343488 bytes, new threshold 2 (max 4)
- age   1:    1121536 bytes,    1121536 total
- age   2:     274896 bytes,    1396432 total
- age   3:     191896 bytes,    1588328 total
 67700K->52646K(83392K), 0.0024822 secs]
39.738: [GC
Desired survivor size 1343488 bytes, new threshold 2 (max 4)
- age   1:     421776 bytes,     421776 total
- age   2:     951784 bytes,    1373560 total
 68646K->52681K(83392K), 0.0026000 secs]
39.759: [GC
Desired survivor size 1343488 bytes, new threshold 4 (max 4)
- age   1:     233344 bytes,     233344 total
- age   2:     288536 bytes,     521880 total
 68681K->52573K(83392K), 0.0033984 secs]
39.775: [GC
Desired survivor size 1343488 bytes, new threshold 4 (max 4)
- age   1:     182648 bytes,     182648 total
- age   2:     220912 bytes,     403560 total
- age   3:     288536 bytes,     692096 total
 68535K->52748K(83392K), 0.0014790 secs]
39.789: [GC
Desired survivor size 1343488 bytes, new threshold 4 (max 4)
- age   1:     453632 bytes,     453632 total
- age   3:     220912 bytes,     674544 total
- age   4:     288536 bytes,     963080 total
 68676K->53013K(83392K), 0.0016612 secs]
39.804: [GC
Desired survivor size 1343488 bytes, new threshold 4 (max 4)
- age   1:     757576 bytes,     757576 total
- age   2:     195584 bytes,     953160 total
- age   4:     143736 bytes,    1096896 total
 69010K->53432K(83392K), 0.0019456 secs]
39.817: [GC
Desired survivor size 1343488 bytes, new threshold 4 (max 4)
- age   1:     409200 bytes,     409200 total
- age   2:     597752 bytes,    1006952 total
- age   3:     195584 bytes,    1202536 total
 69428K->53699K(83392K), 0.0022191 secs]
39.831: [GC
Desired survivor size 1343488 bytes, new threshold 4 (max 4)
- age   1:     265144 bytes,     265144 total
- age   2:     240208 bytes,     505352 total
- age   3:     338912 bytes,     844264 total
- age   4:     168960 bytes,    1013224 total
 69691K->53484K(83392K), 0.0017371 secs]
39.845: [GC
Desired survivor size 1343488 bytes, new threshold 4 (max 4)
- age   1:     746928 bytes,     746928 total
- age   2:     119112 bytes,     866040 total
- age   3:     240208 bytes,    1106248 total
- age   4:     158400 bytes,    1264648 total
 69455K->53888K(83392K), 0.0020747 secs]
39.861: [GC
Desired survivor size 1343488 bytes, new threshold 3 (max 4)
- age   1:     753624 bytes,     753624 total
- age   2:     583176 bytes,    1336800 total
- age   3:      84544 bytes,    1421344 total
- age   4:     160600 bytes,    1581944 total
 69855K->54315K(83392K), 0.0027685 secs]
39.875: [GC
Desired survivor size 1343488 bytes, new threshold 2 (max 4)
- age   1:     771240 bytes,     771240 total
- age   2:     672704 bytes,    1443944 total
- age   3:     156952 bytes,    1600896 total
 70254K->54492K(83392K), 0.0022156 secs]
39.891: [GC
Desired survivor size 1343488 bytes, new threshold 4 (max 4)
- age   1:     170976 bytes,     170976 total
- age   2:     686104 bytes,     857080 total
 70479K->54574K(83392K), 0.0023929 secs]
39.908: [GC
Desired survivor size 1343488 bytes, new threshold 4 (max 4)
- age   1:     620096 bytes,     620096 total
- age   2:       9544 bytes,     629640 total
- age   3:     488504 bytes,    1118144 total
 70549K->54828K(83392K), 0.0018906 secs]
39.922: [GC
Desired survivor size 1343488 bytes, new threshold 4 (max 4)
- age   1:     559408 bytes,     559408 total
- age   2:     559192 bytes,    1118600 total
- age   3:       9544 bytes,    1128144 total
- age   4:      84184 bytes,    1212328 total
 70816K->54922K(83392K), 0.0020052 secs]
39.935: [GC
Desired survivor size 1343488 bytes, new threshold 4 (max 4)
- age   1:     257008 bytes,     257008 total
- age   2:     413352 bytes,     670360 total
- age   3:     559192 bytes,    1229552 total
- age   4:       9544 bytes,    1239096 total
 70888K->55030K(83392K), 0.0026289 secs]
39.949: [GC
Desired survivor size 1343488 bytes, new threshold 4 (max 4)
- age   1:     135288 bytes,     135288 total
- age   2:     111392 bytes,     246680 total
- age   3:     413320 bytes,     660000 total
- age   4:     559192 bytes,    1219192 total
 71028K->55020K(83392K), 0.0019800 secs]
39.963: [GC
Desired survivor size 1343488 bytes, new threshold 4 (max 4)
- age   1:     348680 bytes,     348680 total
- age   2:      67872 bytes,     416552 total
- age   3:     111392 bytes,     527944 total
- age   4:     413320 bytes,     941264 total
 71014K->55294K(83392K), 0.0025668 secs]
39.977: [GC
Desired survivor size 1343488 bytes, new threshold 4 (max 4)
- age   1:     445312 bytes,     445312 total
- age   2:     285136 bytes,     730448 total
 71190K->55494K(83392K), 0.0019767 secs]
39.992: [GC
Desired survivor size 1343488 bytes, new threshold 4 (max 4)
- age   1:     623968 bytes,     623968 total
- age   2:     280272 bytes,     904240 total
- age   3:     285136 bytes,    1189376 total
 71494K->55941K(83392K), 0.0016146 secs]
40.007: [GC
Desired survivor size 1343488 bytes, new threshold 4 (max 4)
- age   1:     716784 bytes,     716784 total
- age   2:     504240 bytes,    1221024 total
- age   3:      65304 bytes,    1286328 total
- age   4:     127328 bytes,    1413656 total
 71920K->56160K(83392K), 0.0020801 secs]
40.022: [GC
Desired survivor size 1343488 bytes, new threshold 3 (max 4)
- age   1:     550312 bytes,     550312 total
- age   2:     413320 bytes,     963632 total
- age   3:     504240 bytes,    1467872 total
- age   4:      65304 bytes,    1533176 total
 72107K->56354K(83392K), 0.0019372 secs]
40.036: [GC
Desired survivor size 1343488 bytes, new threshold 4 (max 4)
- age   1:     681240 bytes,     681240 total
- age   2:     148368 bytes,     829608 total
- age   3:        744 bytes,     830352 total
 72326K->56224K(83392K), 0.0024097 secs]
40.051: [GC
Desired survivor size 1343488 bytes, new threshold 2 (max 4)
- age   1:     721912 bytes,     721912 total
- age   2:     627088 bytes,    1349000 total
- age   3:      99008 bytes,    1448008 total
- age   4:        744 bytes,    1448752 total
 72176K->56828K(83392K), 0.0019518 secs]
40.066: [GC
Desired survivor size 1343488 bytes, new threshold 4 (max 4)
- age   1:     381056 bytes,     381056 total
- age   2:     294624 bytes,     675680 total
 72790K->56784K(83392K), 0.0023956 secs]
40.081: [GC
Desired survivor size 1343488 bytes, new threshold 4 (max 4)
- age   1:     380336 bytes,     380336 total
- age   2:     296512 bytes,     676848 total
- age   3:     294624 bytes,     971472 total
 72748K->57074K(83392K), 0.0015322 secs]
40.095: [GC
Desired survivor size 1343488 bytes, new threshold 4 (max 4)
- age   1:     350040 bytes,     350040 total
- age   2:     324672 bytes,     674712 total
- age   3:     184784 bytes,     859496 total
- age   4:     294624 bytes,    1154120 total
 73035K->57256K(83392K), 0.0018759 secs]
40.109: [GC
Desired survivor size 1343488 bytes, new threshold 4 (max 4)
- age   1:     421928 bytes,     421928 total
- age   2:     265704 bytes,     687632 total
- age   3:     324672 bytes,    1012304 total
- age   4:     184784 bytes,    1197088 total
 73196K->57583K(83392K), 0.0023103 secs]
40.123: [GC
Desired survivor size 1343488 bytes, new threshold 4 (max 4)
- age   1:     391432 bytes,     391432 total
- age   2:     354048 bytes,     745480 total
- age   3:     208008 bytes,     953488 total
- age   4:     259272 bytes,    1212760 total
 73557K->57777K(83392K), 0.0023225 secs]
40.138: [GC
Desired survivor size 1343488 bytes, new threshold 4 (max 4)
- age   1:     172312 bytes,     172312 total
- age   2:     323928 bytes,     496240 total
- age   3:     354048 bytes,     850288 total
- age   4:     208008 bytes,    1058296 total
 73767K->57879K(83392K), 0.0017762 secs]
40.151: [GC
Desired survivor size 1343488 bytes, new threshold 4 (max 4)
- age   1:     256680 bytes,     256680 total
- age   2:     148152 bytes,     404832 total
- age   3:     178808 bytes,     583640 total
- age   4:     354048 bytes,     937688 total
 73865K->57964K(83392K), 0.0016678 secs]
40.165: [GC
Desired survivor size 1343488 bytes, new threshold 4 (max 4)
- age   1:     498472 bytes,     498472 total
- age   2:     256640 bytes,     755112 total
- age   3:     148152 bytes,     903264 total
 73954K->58102K(83392K), 0.0021329 secs]
40.185: [GC
Desired survivor size 1343488 bytes, new threshold 4 (max 4)
- age   1:     467728 bytes,     467728 total
- age   2:     343640 bytes,     811368 total
- age   3:     256640 bytes,    1068008 total
- age   4:     148152 bytes,    1216160 total
 74069K->58407K(83392K), 0.0018663 secs]
40.202: [GC
Desired survivor size 1343488 bytes, new threshold 4 (max 4)
- age   1:     482032 bytes,     482032 total
- age   2:     363128 bytes,     845160 total
- age   3:      77656 bytes,     922816 total
- age   4:     223896 bytes,    1146712 total
 74377K->58414K(83392K), 0.0028419 secs]
40.217: [GC
Desired survivor size 1343488 bytes, new threshold 4 (max 4)
- age   1:     429376 bytes,     429376 total
- age   2:     424336 bytes,     853712 total
- age   3:     361608 bytes,    1215320 total
- age   4:      77656 bytes,    1292976 total
 74386K->58778K(83392K), 0.0028130 secs]
40.233: [GC
Desired survivor size 1343488 bytes, new threshold 4 (max 4)
- age   1:     323448 bytes,     323448 total
- age   2:     283248 bytes,     606696 total
- age   3:     424336 bytes,    1031032 total
- age   4:     163208 bytes,    1194240 total
 74743K->58759K(83392K), 0.0020709 secs]
40.247: [GC
Desired survivor size 1343488 bytes, new threshold 4 (max 4)
- age   1:     230152 bytes,     230152 total
- age   2:     254872 bytes,     485024 total
- age   3:     205992 bytes,     691016 total
- age   4:     424336 bytes,    1115352 total
 74695K->58843K(83392K), 0.0025522 secs]
40.263: [GC
Desired survivor size 1343488 bytes, new threshold 4 (max 4)
- age   1:     772456 bytes,     772456 total
- age   2:     157536 bytes,     929992 total
- age   3:     254872 bytes,    1184864 total
- age   4:     205992 bytes,    1390856 total
 74808K->59390K(83392K), 0.0022776 secs]
40.277: [GC
Desired survivor size 1343488 bytes, new threshold 4 (max 4)
- age   1:     145272 bytes,     145272 total
- age   2:     727520 bytes,     872792 total
- age   3:     157536 bytes,    1030328 total
- age   4:     254872 bytes,    1285200 total
 75362K->59491K(83392K), 0.0020773 secs]
40.291: [GC
Desired survivor size 1343488 bytes, new threshold 4 (max 4)
- age   1:     518224 bytes,     518224 total
- age   2:     104120 bytes,     622344 total
- age   3:     649248 bytes,    1271592 total
- age   4:     157536 bytes,    1429128 total
 75446K->59626K(83392K), 0.0022607 secs]
40.307: [GC
Desired survivor size 1343488 bytes, new threshold 4 (max 4)
- age   1:     794392 bytes,     794392 total
- age   2:     433320 bytes,    1227712 total
- age   4:     433976 bytes,    1661688 total
 75562K->59887K(83392K), 0.0024418 secs]
40.322: [GC
Desired survivor size 1343488 bytes, new threshold 2 (max 4)
- age   1:     626816 bytes,     626816 total
- age   2:     794392 bytes,    1421208 total
- age   3:     384952 bytes,    1806160 total
 75846K->60372K(83392K), 0.0025958 secs]
40.336: [GC
Desired survivor size 1343488 bytes, new threshold 4 (max 4)
- age   1:     538600 bytes,     538600 total
- age   2:     247032 bytes,     785632 total
 76297K->60311K(83392K), 0.0023362 secs]
40.353: [GC
Desired survivor size 1343488 bytes, new threshold 4 (max 4)
- age   1:     265144 bytes,     265144 total
- age   2:     483520 bytes,     748664 total
- age   3:     247032 bytes,     995696 total
 76303K->60516K(83392K), 0.0017924 secs]
40.367: [GC
Desired survivor size 1343488 bytes, new threshold 4 (max 4)
- age   1:     390032 bytes,     390032 total
- age   2:     148264 bytes,     538296 total
- age   3:     483520 bytes,    1021816 total
- age   4:     247032 bytes,    1268848 total
 76516K->60783K(83392K), 0.0021278 secs]
40.380: [GC
Desired survivor size 1343488 bytes, new threshold 4 (max 4)
- age   1:    1015336 bytes,    1015336 total
- age   2:      73680 bytes,    1089016 total
- age   3:     148264 bytes,    1237280 total
- age   4:     483520 bytes,    1720800 total
 76741K->61466K(83392K), 0.0024876 secs]
40.395: [GC
Desired survivor size 1343488 bytes, new threshold 2 (max 4)
- age   1:     461048 bytes,     461048 total
- age   2:     885456 bytes,    1346504 total
- age   4:       2192 bytes,    1348696 total
 77439K->61575K(83392K), 0.0026608 secs]
40.408: [GC
Desired survivor size 1343488 bytes, new threshold 4 (max 4)
- age   1:     287384 bytes,     287384 total
- age   2:     249440 bytes,     536824 total
 77555K->61564K(83392K), 0.0031386 secs]
40.423: [GC
Desired survivor size 1343488 bytes, new threshold 4 (max 4)
- age   1:     322104 bytes,     322104 total
- age   2:     135880 bytes,     457984 total
- age   3:     249440 bytes,     707424 total
 77538K->61729K(83392K), 0.0015465 secs]
40.437: [GC
Desired survivor size 1343488 bytes, new threshold 4 (max 4)
- age   1:     420304 bytes,     420304 total
- age   2:     164120 bytes,     584424 total
- age   3:     135880 bytes,     720304 total
- age   4:     249440 bytes,     969744 total
 77691K->61983K(83392K), 0.0036548 secs]
40.453: [GC
Desired survivor size 1343488 bytes, new threshold 4 (max 4)
- age   1:     484976 bytes,     484976 total
- age   2:     181824 bytes,     666800 total
- age   3:        832 bytes,     667632 total
- age   4:     135880 bytes,     803512 total
 77913K->62067K(83392K), 0.0019159 secs]
40.466: [GC
Desired survivor size 1343488 bytes, new threshold 4 (max 4)
- age   1:     347568 bytes,     347568 total
- age   2:     318848 bytes,     666416 total
- age   3:     154800 bytes,     821216 total
- age   4:        832 bytes,     822048 total
 78016K->62085K(83392K), 0.0020128 secs]
40.480: [GC
Desired survivor size 1343488 bytes, new threshold 4 (max 4)
- age   1:     214616 bytes,     214616 total
- age   2:     228832 bytes,     443448 total
- age   3:     318848 bytes,     762296 total
- age   4:     154800 bytes,     917096 total
 78084K->62180K(83392K), 0.0016536 secs]
40.493: [GC
Desired survivor size 1343488 bytes, new threshold 4 (max 4)
- age   1:     180464 bytes,     180464 total
- age   2:     172696 bytes,     353160 total
- age   3:     228832 bytes,     581992 total
- age   4:     318848 bytes,     900840 total
 78164K->62315K(83392K), 0.0018528 secs]
40.507: [GC
Desired survivor size 1343488 bytes, new threshold 4 (max 4)
- age   1:     407688 bytes,     407688 total
- age   2:      95408 bytes,     503096 total
- age   3:     172696 bytes,     675792 total
- age   4:     145096 bytes,     820888 total
 78314K->62548K(83392K), 0.0019226 secs]
40.521: [GC
Desired survivor size 1343488 bytes, new threshold 4 (max 4)
- age   1:     448160 bytes,     448160 total
- age   2:      86560 bytes,     534720 total
- age   3:      95408 bytes,     630128 total
- age   4:     172696 bytes,     802824 total
 78481K->62672K(83392K), 0.0019244 secs]
40.537: [GC
Desired survivor size 1343488 bytes, new threshold 4 (max 4)
- age   1:     649072 bytes,     649072 total
- age   2:     308088 bytes,     957160 total
- age   3:      86560 bytes,    1043720 total
- age   4:      95408 bytes,    1139128 total
 78635K->63166K(83392K), 0.0019051 secs]
40.552: [GC
Desired survivor size 1343488 bytes, new threshold 4 (max 4)
- age   1:     260872 bytes,     260872 total
- age   2:     596392 bytes,     857264 total
- age   3:     308088 bytes,    1165352 total
- age   4:      86560 bytes,    1251912 total
 79164K->63373K(83392K), 0.0020564 secs]
40.568: [GC
Desired survivor size 1343488 bytes, new threshold 4 (max 4)
- age   1:     433160 bytes,     433160 total
- age   2:     176696 bytes,     609856 total
- age   3:     346280 bytes,     956136 total
- age   4:     308088 bytes,    1264224 total
 79362K->63474K(83392K), 0.0022114 secs]
40.582: [GC
Desired survivor size 1343488 bytes, new threshold 4 (max 4)
- age   1:     356992 bytes,     356992 total
- age   2:     415952 bytes,     772944 total
- age   3:      10760 bytes,     783704 total
- age   4:     346280 bytes,    1129984 total
 79459K->63643K(83392K), 0.0024499 secs]
40.597: [GC
Desired survivor size 1343488 bytes, new threshold 4 (max 4)
- age   1:     366944 bytes,     366944 total
- age   2:     339592 bytes,     706536 total
- age   3:     188248 bytes,     894784 total
- age   4:      10760 bytes,     905544 total
 79601K->63607K(83392K), 0.0017411 secs]
40.615: [GC
Desired survivor size 1343488 bytes, new threshold 4 (max 4)
- age   1:     888832 bytes,     888832 total
- age   2:      30520 bytes,     919352 total
- age   3:     184272 bytes,    1103624 total
- age   4:     188248 bytes,    1291872 total
 79555K->63986K(83392K), 0.0029479 secs]
40.631: [GC
Desired survivor size 1343488 bytes, new threshold 2 (max 4)
- age   1:     644016 bytes,     644016 total
- age   2:     888752 bytes,    1532768 total
- age   3:      30520 bytes,    1563288 total
- age   4:     184272 bytes,    1747560 total
 79936K->64622K(83392K), 0.0046631 secs]
40.652: [GC
Desired survivor size 1343488 bytes, new threshold 4 (max 4)
- age   1:     604616 bytes,     604616 total
- age   2:     251224 bytes,     855840 total
 80622K->64473K(83392K), 0.0022851 secs]
40.668: [GC
Desired survivor size 1343488 bytes, new threshold 1 (max 4)
- age   1:    1415792 bytes,    1415792 total
- age   2:     370920 bytes,    1786712 total
- age   3:     251224 bytes,    2037936 total
 80437K->65625K(83392K), 0.0023672 secs]
40.683: [GC
Desired survivor size 1343488 bytes, new threshold 4 (max 4)
- age   1:     367744 bytes,     367744 total
 81623K->80038K(83392K), 0.0018794 secs]
40.686: [Full GC 80038K->7929K(83392K), 0.0823335 secs]
40.785: [GC
Desired survivor size 1343488 bytes, new threshold 4 (max 4)
- age   1:     211040 bytes,     211040 total
 23917K->8137K(83392K), 0.0007872 secs]
40.797: [GC
Desired survivor size 1343488 bytes, new threshold 4 (max 4)
- age   1:     290792 bytes,     290792 total
- age   2:     169512 bytes,     460304 total
 24088K->8385K(83392K), 0.0009579 secs]
40.809: [GC
Desired survivor size 1343488 bytes, new threshold 4 (max 4)
- age   1:     192560 bytes,     192560 total
- age   2:     166544 bytes,     359104 total
- age   3:     168872 bytes,     527976 total
 24385K->8447K(83392K), 0.0009938 secs]
40.823: [GC
Desired survivor size 1343488 bytes, new threshold 4 (max 4)
- age   1:     516376 bytes,     516376 total
- age   2:         80 bytes,     516456 total
- age   3:     166544 bytes,     683000 total
- age   4:     168872 bytes,     851872 total
 24386K->8767K(83392K), 0.0011362 secs]
40.836: [GC
Desired survivor size 1343488 bytes, new threshold 4 (max 4)
- age   1:     231104 bytes,     231104 total
- age   2:     239144 bytes,     470248 total
- age   3:         80 bytes,     470328 total
- age   4:      69864 bytes,     540192 total
 24735K->8628K(83392K), 0.0014146 secs]
40.910: [GC
Desired survivor size 1343488 bytes, new threshold 4 (max 4)
- age   1:     624888 bytes,     624888 total
- age   2:     126960 bytes,     751848 total
- age   3:     239144 bytes,     990992 total
 24596K->9137K(83392K), 0.0013257 secs]
40.927: [GC
Desired survivor size 1343488 bytes, new threshold 4 (max 4)
- age   1:     380424 bytes,     380424 total
- age   2:     376632 bytes,     757056 total
- age   3:     126960 bytes,     884016 total
- age   4:     239144 bytes,    1123160 total
 25125K->9266K(83392K), 0.0016758 secs]
40.945: [GC
Desired survivor size 1343488 bytes, new threshold 4 (max 4)
- age   1:     514920 bytes,     514920 total
- age   2:     137152 bytes,     652072 total
- age   3:     376632 bytes,    1028704 total
- age   4:     126960 bytes,    1155664 total
 25230K->9539K(83392K), 0.0016558 secs]
40.960: [GC
Desired survivor size 1343488 bytes, new threshold 4 (max 4)
- age   1:     225808 bytes,     225808 total
- age   2:     412280 bytes,     638088 total
- age   3:     137152 bytes,     775240 total
- age   4:     376632 bytes,    1151872 total
 25537K->9665K(83392K), 0.0014523 secs]
40.972: [GC
Desired survivor size 1343488 bytes, new threshold 4 (max 4)
- age   1:     302328 bytes,     302328 total
- age   2:     219472 bytes,     521800 total
- age   3:     351656 bytes,     873456 total
- age   4:     137152 bytes,    1010608 total
 25650K->9896K(83392K), 0.0020195 secs]
40.991: [GC
Desired survivor size 1343488 bytes, new threshold 4 (max 4)
- age   1:     727368 bytes,     727368 total
- age   2:     252936 bytes,     980304 total
- age   3:     219472 bytes,    1199776 total
- age   4:      67552 bytes,    1267328 total
 25896K->10271K(83392K), 0.0018411 secs]
41.004: [GC
Desired survivor size 1343488 bytes, new threshold 2 (max 4)
- age   1:     882000 bytes,     882000 total
- age   2:     559968 bytes,    1441968 total
- age   3:     252936 bytes,    1694904 total
- age   4:      33536 bytes,    1728440 total
 26226K->10759K(83392K), 0.0023710 secs]
41.020: [GC
Desired survivor size 1343488 bytes, new threshold 4 (max 4)
- age   1:     584728 bytes,     584728 total
- age   2:     274344 bytes,     859072 total
 26746K->10731K(83392K), 0.0020341 secs]
41.035: [GC
Desired survivor size 1343488 bytes, new threshold 4 (max 4)
- age   1:     185504 bytes,     185504 total
- age   2:     261728 bytes,     447232 total
- age   3:     274344 bytes,     721576 total
 26677K->10583K(83392K), 0.0026367 secs]
41.052: [GC
Desired survivor size 1343488 bytes, new threshold 4 (max 4)
- age   1:     394456 bytes,     394456 total
- age   2:        120 bytes,     394576 total
- age   3:      84008 bytes,     478584 total
- age   4:     274344 bytes,     752928 total
 26553K->10611K(83392K), 0.0012135 secs]
41.065: [GC
Desired survivor size 1343488 bytes, new threshold 4 (max 4)
- age   1:     216968 bytes,     216968 total
- age   2:     301616 bytes,     518584 total
- age   3:        120 bytes,     518704 total
- age   4:      84008 bytes,     602712 total
 26611K->10735K(83392K), 0.0021687 secs]
41.078: [GC
Desired survivor size 1343488 bytes, new threshold 4 (max 4)
- age   1:     135784 bytes,     135784 total
- age   2:     162912 bytes,     298696 total
- age   3:     109440 bytes,     408136 total
- age   4:        120 bytes,     408256 total
 26680K->10628K(83392K), 0.0011662 secs]
41.092: [GC
Desired survivor size 1343488 bytes, new threshold 4 (max 4)
- age   1:     230800 bytes,     230800 total
- age   2:      77480 bytes,     308280 total
- age   3:     144024 bytes,     452304 total
- age   4:     109440 bytes,     561744 total
 26607K->10777K(83392K), 0.0018815 secs]
41.105: [GC
Desired survivor size 1343488 bytes, new threshold 4 (max 4)
- age   1:     419856 bytes,     419856 total
- age   2:     199176 bytes,     619032 total
- age   3:      77480 bytes,     696512 total
- age   4:      52536 bytes,     749048 total
 26757K->11071K(83392K), 0.0018079 secs]
41.119: [GC
Desired survivor size 1343488 bytes, new threshold 4 (max 4)
- age   1:     269336 bytes,     269336 total
- age   2:     252016 bytes,     521352 total
- age   3:     165944 bytes,     687296 total
- age   4:      77440 bytes,     764736 total
 27066K->11133K(83392K), 0.0014628 secs]
41.133: [GC
Desired survivor size 1343488 bytes, new threshold 4 (max 4)
- age   1:     263416 bytes,     263416 total
- age   2:     215128 bytes,     478544 total
- age   3:     189264 bytes,     667808 total
- age   4:     165944 bytes,     833752 total
 27115K->11279K(83392K), 0.0032841 secs]
41.148: [GC
Desired survivor size 1343488 bytes, new threshold 4 (max 4)
- age   1:      69760 bytes,      69760 total
- age   2:     226368 bytes,     296128 total
- age   3:     187664 bytes,     483792 total
- age   4:     189264 bytes,     673056 total
 27251K->11290K(83392K), 0.0017177 secs]
41.162: [GC
Desired survivor size 1343488 bytes, new threshold 4 (max 4)
- age   1:     334688 bytes,     334688 total
- age   2:      26928 bytes,     361616 total
- age   3:     226288 bytes,     587904 total
- age   4:      78888 bytes,     666792 total
 27283K->11460K(83392K), 0.0021906 secs]
41.176: [GC
Desired survivor size 1343488 bytes, new threshold 4 (max 4)
- age   1:     771352 bytes,     771352 total
- age   2:     227136 bytes,     998488 total
- age   3:      26928 bytes,    1025416 total
- age   4:       8872 bytes,    1034288 total
 27443K->11821K(83392K), 0.0018500 secs]
41.189: [GC
Desired survivor size 1343488 bytes, new threshold 4 (max 4)
- age   1:     451216 bytes,     451216 total
- age   2:     746872 bytes,    1198088 total
- age   3:      69072 bytes,    1267160 total
 27801K->12059K(83392K), 0.0021443 secs]
41.205: [GC
Desired survivor size 1343488 bytes, new threshold 4 (max 4)
- age   1:     463176 bytes,     463176 total
- age   2:     138848 bytes,     602024 total
- age   3:     257288 bytes,     859312 total
- age   4:      69032 bytes,     928344 total
 28055K->11722K(83392K), 0.0011814 secs]
41.218: [GC
Desired survivor size 1343488 bytes, new threshold 4 (max 4)
- age   1:     192288 bytes,     192288 total
- age   2:      95384 bytes,     287672 total
- age   3:     111432 bytes,     399104 total
- age   4:     257288 bytes,     656392 total
 27706K->11525K(83392K), 0.0012036 secs]
41.230: [GC
Desired survivor size 1343488 bytes, new threshold 4 (max 4)
- age   1:     224744 bytes,     224744 total
- age   2:      47608 bytes,     272352 total
- age   3:      95384 bytes,     367736 total
- age   4:      84080 bytes,     451816 total
 27520K->11496K(83392K), 0.0011119 secs]
41.244: [GC
Desired survivor size 1343488 bytes, new threshold 4 (max 4)
- age   1:     785352 bytes,     785352 total
- age   2:     140640 bytes,     925992 total
- age   3:      47608 bytes,     973600 total
- age   4:      95384 bytes,    1068984 total
 27492K->12181K(83392K), 0.0019858 secs]
41.258: [GC
Desired survivor size 1343488 bytes, new threshold 4 (max 4)
- age   1:     451272 bytes,     451272 total
- age   2:     574976 bytes,    1026248 total
- age   3:     140640 bytes,    1166888 total
- age   4:      47608 bytes,    1214496 total
 28137K->12417K(83392K), 0.0022230 secs]
41.274: [GC
Desired survivor size 1343488 bytes, new threshold 4 (max 4)
- age   1:     462904 bytes,     462904 total
- age   2:     365928 bytes,     828832 total
- age   3:     341032 bytes,    1169864 total
- age   4:      47224 bytes,    1217088 total
 28405K->12465K(83392K), 0.0022521 secs]
41.288: [GC
Desired survivor size 1343488 bytes, new threshold 4 (max 4)
- age   1:     591416 bytes,     591416 total
- age   2:     173784 bytes,     765200 total
- age   3:     299968 bytes,    1065168 total
- age   4:     341032 bytes,    1406200 total
 28434K->12649K(83392K), 0.0019610 secs]
41.302: [GC
Desired survivor size 1343488 bytes, new threshold 4 (max 4)
- age   1:     462872 bytes,     462872 total
- age   2:      65864 bytes,     528736 total
- age   3:      87272 bytes,     616008 total
- age   4:     299968 bytes,     915976 total
 28605K->12504K(83392K), 0.0019491 secs]
41.316: [GC
Desired survivor size 1343488 bytes, new threshold 4 (max 4)
- age   1:     454160 bytes,     454160 total
- age   2:     285904 bytes,     740064 total
- age   3:      65864 bytes,     805928 total
- age   4:      87272 bytes,     893200 total
 28487K->12775K(83392K), 0.0015758 secs]
41.328: [GC
Desired survivor size 1343488 bytes, new threshold 4 (max 4)
- age   1:     749096 bytes,     749096 total
- age   2:     361776 bytes,    1110872 total
- age   3:      66904 bytes,    1177776 total
- age   4:      65864 bytes,    1243640 total
 28736K->13203K(83392K), 0.0024244 secs]
41.342: [GC
Desired survivor size 1343488 bytes, new threshold 4 (max 4)
- age   1:     476600 bytes,     476600 total
- age   2:     489880 bytes,     966480 total
- age   3:     203416 bytes,    1169896 total
- age   4:      66904 bytes,    1236800 total
 29175K->13260K(83392K), 0.0018584 secs]
41.355: [GC
Desired survivor size 1343488 bytes, new threshold 4 (max 4)
- age   1:     499456 bytes,     499456 total
- age   2:     182768 bytes,     682224 total
- age   3:     268888 bytes,     951112 total
- age   4:      94952 bytes,    1046064 total
 29255K->13139K(83392K), 0.0016137 secs]
41.374: [GC
Desired survivor size 1343488 bytes, new threshold 4 (max 4)
- age   1:     694824 bytes,     694824 total
- age   2:     387360 bytes,    1082184 total
- age   3:     182768 bytes,    1264952 total
- age   4:     268888 bytes,    1533840 total
 29136K->13707K(83392K), 0.0017920 secs]
41.387: [GC
Desired survivor size 1343488 bytes, new threshold 3 (max 4)
- age   1:     702520 bytes,     702520 total
- age   2:     453672 bytes,    1156192 total
- age   3:     387360 bytes,    1543552 total
- age   4:     182768 bytes,    1726320 total
 29691K->14157K(83392K), 0.0027349 secs]
41.403: [GC
Desired survivor size 1343488 bytes, new threshold 4 (max 4)
- age   1:     173312 bytes,     173312 total
- age   2:     485704 bytes,     659016 total
- age   3:     266064 bytes,     925080 total
 30156K->13932K(83392K), 0.0018496 secs]
41.416: [GC
Desired survivor size 1343488 bytes, new threshold 4 (max 4)
- age   1:     422200 bytes,     422200 total
- age   2:     134640 bytes,     556840 total
- age   3:     485704 bytes,    1042544 total
- age   4:     266064 bytes,    1308608 total
 29914K->14307K(83392K), 0.0017675 secs]
41.429: [GC
Desired survivor size 1343488 bytes, new threshold 4 (max 4)
- age   1:     213000 bytes,     213000 total
- age   2:     222584 bytes,     435584 total
- age   3:     134640 bytes,     570224 total
- age   4:     485704 bytes,    1055928 total
 30307K->14321K(83392K), 0.0018796 secs]
41.443: [GC
Desired survivor size 1343488 bytes, new threshold 4 (max 4)
- age   1:     144120 bytes,     144120 total
- age   2:         48 bytes,     144168 total
- age   3:     222584 bytes,     366752 total
- age   4:     134640 bytes,     501392 total
 30298K->14252K(83392K), 0.0014328 secs]
41.458: [GC
Desired survivor size 1343488 bytes, new threshold 4 (max 4)
- age   1:     223928 bytes,     223928 total
- age   2:      86504 bytes,     310432 total
- age   3:         48 bytes,     310480 total
- age   4:     222584 bytes,     533064 total
 30252K->14415K(83392K), 0.0057312 secs]
41.489: [GC
Desired survivor size 1343488 bytes, new threshold 4 (max 4)
- age   1:     514096 bytes,     514096 total
- age   2:      91616 bytes,     605712 total
- age   3:      86504 bytes,     692216 total
- age   4:         48 bytes,     692264 total
 30341K->14789K(83392K), 0.0046564 secs]
41.510: [GC
Desired survivor size 1343488 bytes, new threshold 4 (max 4)
- age   1:     595088 bytes,     595088 total
- age   2:     182672 bytes,     777760 total
- age   3:      50464 bytes,     828224 total
- age   4:      86504 bytes,     914728 total
 30789K->15009K(83392K), 0.0012149 secs]
41.524: [GC
Desired survivor size 1343488 bytes, new threshold 4 (max 4)
- age   1:     525872 bytes,     525872 total
- age   2:     185400 bytes,     711272 total
- age   3:     182672 bytes,     893944 total
- age   4:      50464 bytes,     944408 total
 31006K->15119K(83392K), 0.0051402 secs]
41.543: [GC
Desired survivor size 1343488 bytes, new threshold 4 (max 4)
- age   1:     232824 bytes,     232824 total
- age   2:     366704 bytes,     599528 total
- age   3:       4424 bytes,     603952 total
- age   4:     182672 bytes,     786624 total
 31110K->15017K(83392K), 0.0021089 secs]
41.557: [GC
Desired survivor size 1343488 bytes, new threshold 4 (max 4)
- age   1:     367792 bytes,     367792 total
- age   2:     232824 bytes,     600616 total
- age   4:       4424 bytes,     605040 total
 31016K->15016K(83392K), 0.0062562 secs]
41.587: [GC
Desired survivor size 1343488 bytes, new threshold 4 (max 4)
- age   1:     678672 bytes,     678672 total
- age   2:         32 bytes,     678704 total
 31016K->15091K(83392K), 0.0014555 secs]
41.607: [GC
Desired survivor size 1343488 bytes, new threshold 4 (max 4)
- age   1:     772432 bytes,     772432 total
- age   2:     423864 bytes,    1196296 total
- age   3:         32 bytes,    1196328 total
 31089K->15596K(83392K), 0.0020264 secs]
41.622: [GC
Desired survivor size 1343488 bytes, new threshold 4 (max 4)
- age   1:     183584 bytes,     183584 total
- age   2:     623504 bytes,     807088 total
- age   3:     423864 bytes,    1230952 total
- age   4:         32 bytes,    1230984 total
 31593K->15635K(83392K), 0.0031549 secs]
41.640: [GC
Desired survivor size 1343488 bytes, new threshold 4 (max 4)
- age   1:     727488 bytes,     727488 total
- age   2:     130528 bytes,     858016 total
- age   3:     455552 bytes,    1313568 total
- age   4:     423864 bytes,    1737432 total
 31623K->16133K(83392K), 0.0053877 secs]
41.659: [GC
Desired survivor size 1343488 bytes, new threshold 4 (max 4)
- age   1:     324312 bytes,     324312 total
- age   2:     377224 bytes,     701536 total
- age   3:     130528 bytes,     832064 total
- age   4:     455552 bytes,    1287616 total
 32080K->16114K(83392K), 0.0023099 secs]
41.673: [GC
Desired survivor size 1343488 bytes, new threshold 4 (max 4)
- age   1:     225496 bytes,     225496 total
- age   2:      69272 bytes,     294768 total
- age   3:     377224 bytes,     671992 total
- age   4:     130528 bytes,     802520 total
 32085K->16075K(83392K), 0.0019360 secs]
41.686: [GC
Desired survivor size 1343488 bytes, new threshold 4 (max 4)
- age   1:     419736 bytes,     419736 total
- age   2:     160552 bytes,     580288 total
- age   3:      69272 bytes,     649560 total
- age   4:     377192 bytes,    1026752 total
 32015K->16418K(83392K), 0.0016379 secs]
41.699: [GC
Desired survivor size 1343488 bytes, new threshold 4 (max 4)
- age   1:     323120 bytes,     323120 total
- age   2:     282640 bytes,     605760 total
- age   3:     160552 bytes,     766312 total
- age   4:      69272 bytes,     835584 total
 32403K->16600K(83392K), 0.0017535 secs]
41.714: [GC
Desired survivor size 1343488 bytes, new threshold 4 (max 4)
- age   1:     471648 bytes,     471648 total
- age   2:     238320 bytes,     709968 total
- age   3:     128960 bytes,     838928 total
 32562K->16671K(83392K), 0.0013850 secs]
41.726: [GC
Desired survivor size 1343488 bytes, new threshold 4 (max 4)
- age   1:     685912 bytes,     685912 total
- age   2:        496 bytes,     686408 total
- age   3:     238320 bytes,     924728 total
- age   4:     128960 bytes,    1053688 total
 32662K->16880K(83392K), 0.0016531 secs]
41.740: [GC
Desired survivor size 1343488 bytes, new threshold 4 (max 4)
- age   1:     652776 bytes,     652776 total
- age   2:     138272 bytes,     791048 total
- age   3:        496 bytes,     791544 total
- age   4:     238320 bytes,    1029864 total
 32828K->16983K(83392K), 0.0015198 secs]
41.753: [GC
Desired survivor size 1343488 bytes, new threshold 4 (max 4)
- age   1:     734528 bytes,     734528 total
- age   2:     401992 bytes,    1136520 total
- age   3:     138272 bytes,    1274792 total
- age   4:        496 bytes,    1275288 total
 32954K->17454K(83392K), 0.0018077 secs]
41.767: [GC
Desired survivor size 1343488 bytes, new threshold 4 (max 4)
- age   1:     232832 bytes,     232832 total
- age   2:     368232 bytes,     601064 total
- age   3:     169752 bytes,     770816 total
- age   4:     138272 bytes,     909088 total
 33442K->17097K(83392K), 0.0018061 secs]
41.781: [GC
Desired survivor size 1343488 bytes, new threshold 4 (max 4)
- age   1:     448344 bytes,     448344 total
- age   2:     148728 bytes,     597072 total
- age   3:     287048 bytes,     884120 total
- age   4:     169752 bytes,    1053872 total
 33096K->17374K(83392K), 0.0014596 secs]
41.794: [GC
Desired survivor size 1343488 bytes, new threshold 4 (max 4)
- age   1:     256168 bytes,     256168 total
- age   2:     142432 bytes,     398600 total
- age   3:     148728 bytes,     547328 total
- age   4:     286656 bytes,     833984 total
 33333K->17325K(83392K), 0.0020872 secs]
41.808: [GC
Desired survivor size 1343488 bytes, new threshold 4 (max 4)
- age   1:      88904 bytes,      88904 total
- age   2:     150560 bytes,     239464 total
- age   3:     142432 bytes,     381896 total
- age   4:     148728 bytes,     530624 total
 33315K->17308K(83392K), 0.0050336 secs]
41.827: [GC
Desired survivor size 1343488 bytes, new threshold 4 (max 4)
- age   1:     299144 bytes,     299144 total
- age   2:       3312 bytes,     302456 total
- age   3:      84072 bytes,     386528 total
- age   4:     142432 bytes,     528960 total
 33296K->17451K(83392K), 0.0012127 secs]
41.847: [GC
Desired survivor size 1343488 bytes, new threshold 4 (max 4)
- age   1:     317672 bytes,     317672 total
- age   2:     161288 bytes,     478960 total
- age   3:       2480 bytes,     481440 total
- age   4:      84072 bytes,     565512 total
 33386K->17541K(83392K), 0.0010344 secs]
41.860: [GC
Desired survivor size 1343488 bytes, new threshold 4 (max 4)
- age   1:     858912 bytes,     858912 total
- age   2:     238184 bytes,    1097096 total
- age   3:      98208 bytes,    1195304 total
- age   4:       2352 bytes,    1197656 total
 33488K->18162K(83392K), 0.0023992 secs]
41.877: [GC
Desired survivor size 1343488 bytes, new threshold 2 (max 4)
- age   1:     668472 bytes,     668472 total
- age   2:     826808 bytes,    1495280 total
- age   3:     238064 bytes,    1733344 total
- age   4:      98208 bytes,    1831552 total
 34098K->18784K(83392K), 0.0022637 secs]
41.891: [GC
Desired survivor size 1343488 bytes, new threshold 4 (max 4)
- age   1:     194152 bytes,     194152 total
- age   2:     601144 bytes,     795296 total
 34770K->18821K(83392K), 0.0024290 secs]
41.906: [GC
Desired survivor size 1343488 bytes, new threshold 4 (max 4)
- age   1:     460008 bytes,     460008 total
- age   2:     122768 bytes,     582776 total
- age   3:     601144 bytes,    1183920 total
 34803K->19190K(83392K), 0.0021487 secs]
41.921: [GC
Desired survivor size 1343488 bytes, new threshold 4 (max 4)
- age   1:     466136 bytes,     466136 total
- age   2:     305168 bytes,     771304 total
- age   3:     122768 bytes,     894072 total
- age   4:     391976 bytes,    1286048 total
 35118K->19292K(83392K), 0.0017495 secs]
41.939: [GC
Desired survivor size 1343488 bytes, new threshold 4 (max 4)
- age   1:     406096 bytes,     406096 total
- age   2:     380808 bytes,     786904 total
- age   3:     305168 bytes,    1092072 total
- age   4:     122768 bytes,    1214840 total
 35292K->19603K(83392K), 0.0023138 secs]
41.954: [GC
Desired survivor size 1343488 bytes, new threshold 4 (max 4)
- age   1:     404400 bytes,     404400 total
- age   2:     405392 bytes,     809792 total
- age   3:       4768 bytes,     814560 total
- age   4:     147272 bytes,     961832 total
 35602K->19357K(83392K), 0.0014326 secs]
41.970: [GC
Desired survivor size 1343488 bytes, new threshold 3 (max 4)
- age   1:     935048 bytes,     935048 total
- age   2:     327336 bytes,    1262384 total
- age   3:     289552 bytes,    1551936 total
- age   4:       4768 bytes,    1556704 total
 35357K->20081K(83392K), 0.0022641 secs]
41.985: [GC
Desired survivor size 1343488 bytes, new threshold 4 (max 4)
- age   1:     604088 bytes,     604088 total
- age   2:     161824 bytes,     765912 total
- age   3:     327336 bytes,    1093248 total
 36078K->19934K(83392K), 0.0018630 secs]
42.001: [GC
Desired survivor size 1343488 bytes, new threshold 4 (max 4)
- age   1:     497800 bytes,     497800 total
- age   2:     405904 bytes,     903704 total
- age   3:     161824 bytes,    1065528 total
- age   4:     327336 bytes,    1392864 total
 35930K->20216K(83392K), 0.0018003 secs]
42.014: [GC
Desired survivor size 1343488 bytes, new threshold 4 (max 4)
- age   1:     285088 bytes,     285088 total
- age   2:     491664 bytes,     776752 total
- age   3:     405904 bytes,    1182656 total
- age   4:     161824 bytes,    1344480 total
 36208K->20382K(83392K), 0.0023271 secs]
42.028: [GC
Desired survivor size 1343488 bytes, new threshold 4 (max 4)
- age   1:     453632 bytes,     453632 total
- age   2:      47328 bytes,     500960 total
- age   3:     491664 bytes,     992624 total
- age   4:     169832 bytes,    1162456 total
 36367K->20365K(83392K), 0.0020483 secs]
42.041: [GC
Desired survivor size 1343488 bytes, new threshold 4 (max 4)
- age   1:     365664 bytes,     365664 total
- age   2:     130192 bytes,     495856 total
- age   3:      47328 bytes,     543184 total
- age   4:     491664 bytes,    1034848 total
 36325K->20403K(83392K), 0.0017240 secs]
42.055: [GC
Desired survivor size 1343488 bytes, new threshold 4 (max 4)
- age   1:     581288 bytes,     581288 total
- age   2:     119288 bytes,     700576 total
- age   3:      46176 bytes,     746752 total
- age   4:      47328 bytes,     794080 total
 36401K->20652K(83392K), 0.0017383 secs]
42.070: [GC
Desired survivor size 1343488 bytes, new threshold 4 (max 4)
- age   1:     290360 bytes,     290360 total
- age   2:     302512 bytes,     592872 total
- age   3:      36640 bytes,     629512 total
- age   4:      46176 bytes,     675688 total
 36613K->20576K(83392K), 0.0014655 secs]
42.084: [GC
Desired survivor size 1343488 bytes, new threshold 4 (max 4)
- age   1:     739936 bytes,     739936 total
- age   2:     170040 bytes,     909976 total
- age   3:     134224 bytes,    1044200 total
- age   4:      36640 bytes,    1080840 total
 36551K->21017K(83392K), 0.0013785 secs]
42.098: [GC
Desired survivor size 1343488 bytes, new threshold 4 (max 4)
- age   1:     221624 bytes,     221624 total
- age   2:     312416 bytes,     534040 total
- age   3:     170040 bytes,     704080 total
- age   4:     134224 bytes,     838304 total
 36956K->20816K(83392K), 0.0012745 secs]
42.116: [GC
Desired survivor size 1343488 bytes, new threshold 4 (max 4)
- age   1:     422512 bytes,     422512 total
- age   3:     247880 bytes,     670392 total
 36805K->20781K(83392K), 0.0027570 secs]
42.132: [GC
Desired survivor size 1343488 bytes, new threshold 4 (max 4)
- age   1:     676504 bytes,     676504 total
- age   2:     198224 bytes,     874728 total
- age   4:     247880 bytes,    1122608 total
 36762K->21222K(83392K), 0.0014927 secs]
42.149: [GC
Desired survivor size 1343488 bytes, new threshold 4 (max 4)
- age   1:     286568 bytes,     286568 total
- age   2:     591792 bytes,     878360 total
- age   3:       3440 bytes,     881800 total
 37201K->21230K(83392K), 0.0017320 secs]
42.166: [GC
Desired survivor size 1343488 bytes, new threshold 4 (max 4)
- age   1:     232744 bytes,     232744 total
- age   2:     221256 bytes,     454000 total
- age   3:     390112 bytes,     844112 total
- age   4:       2736 bytes,     846848 total
 37230K->21196K(83392K), 0.0011917 secs]
42.183: [GC
Desired survivor size 1343488 bytes, new threshold 4 (max 4)
- age   1:     473000 bytes,     473000 total
- age   2:     167440 bytes,     640440 total
- age   3:     221256 bytes,     861696 total
- age   4:     390112 bytes,    1251808 total
 37176K->21598K(83392K), 0.0015848 secs]
42.201: [GC
Desired survivor size 1343488 bytes, new threshold 4 (max 4)
- age   1:     186536 bytes,     186536 total
- age   2:     183608 bytes,     370144 total
- age   3:     167440 bytes,     537584 total
- age   4:     221256 bytes,     758840 total
 37585K->21495K(83392K), 0.0015326 secs]
42.216: [GC
Desired survivor size 1343488 bytes, new threshold 4 (max 4)
- age   1:     540936 bytes,     540936 total
- age   2:      74680 bytes,     615616 total
- age   3:     181792 bytes,     797408 total
- age   4:     167440 bytes,     964848 total
 37495K->21919K(83392K), 0.0014997 secs]
42.234: [GC
Desired survivor size 1343488 bytes, new threshold 4 (max 4)
- age   1:     413584 bytes,     413584 total
- age   2:     277040 bytes,     690624 total
- age   3:      74680 bytes,     765304 total
- age   4:     181792 bytes,     947096 total
 37919K->22082K(83392K), 0.0016037 secs]
42.248: [GC
Desired survivor size 1343488 bytes, new threshold 3 (max 4)
- age   1:    1005408 bytes,    1005408 total
- age   2:     182200 bytes,    1187608 total
- age   3:     277040 bytes,    1464648 total
- age   4:      74680 bytes,    1539328 total
 38054K->22839K(83392K), 0.0021656 secs]
42.264: [GC
Desired survivor size 1343488 bytes, new threshold 2 (max 4)
- age   1:     473240 bytes,     473240 total
- age   2:     974928 bytes,    1448168 total
- age   3:     112776 bytes,    1560944 total
 38837K->22936K(83392K), 0.0016776 secs]
42.276: [GC
Desired survivor size 1343488 bytes, new threshold 4 (max 4)
- age   1:     124752 bytes,     124752 total
- age   2:     395952 bytes,     520704 total
 38894K->22942K(83392K), 0.0026525 secs]
42.290: [GC
Desired survivor size 1343488 bytes, new threshold 4 (max 4)
- age   1:     260936 bytes,     260936 total
- age   2:      79816 bytes,     340752 total
- age   3:     395952 bytes,     736704 total
 38930K->23154K(83392K), 0.0012546 secs]
42.303: [GC
Desired survivor size 1343488 bytes, new threshold 4 (max 4)
- age   1:     356544 bytes,     356544 total
- age   2:     200360 bytes,     556904 total
- age   4:     254408 bytes,     811312 total
 39143K->23222K(83392K), 0.0012826 secs]
42.318: [GC
Desired survivor size 1343488 bytes, new threshold 4 (max 4)
- age   1:     342720 bytes,     342720 total
- age   2:     247384 bytes,     590104 total
- age   3:     200360 bytes,     790464 total
 39181K->23227K(83392K), 0.0026522 secs]
42.334: [GC
Desired survivor size 1343488 bytes, new threshold 4 (max 4)
- age   1:     382704 bytes,     382704 total
- age   2:     250336 bytes,     633040 total
- age   3:     247384 bytes,     880424 total
- age   4:     200360 bytes,    1080784 total
 39206K->23493K(83392K), 0.0015849 secs]
42.350: [GC
Desired survivor size 1343488 bytes, new threshold 4 (max 4)
- age   1:      97248 bytes,      97248 total
- age   2:     261184 bytes,     358432 total
- age   3:     250336 bytes,     608768 total
- age   4:     247384 bytes,     856152 total
 39485K->23444K(83392K), 0.0014269 secs]
42.365: [GC
Desired survivor size 1343488 bytes, new threshold 4 (max 4)
- age   1:     278520 bytes,     278520 total
- age   2:      11296 bytes,     289816 total
- age   3:     136176 bytes,     425992 total
- age   4:     249544 bytes,     675536 total
 39433K->23510K(83392K), 0.0014141 secs]
42.378: [GC
Desired survivor size 1343488 bytes, new threshold 4 (max 4)
- age   1:     363280 bytes,     363280 total
- age   2:     203360 bytes,     566640 total
- age   3:      11296 bytes,     577936 total
- age   4:     136176 bytes,     714112 total
 39507K->23708K(83392K), 0.0015634 secs]
42.391: [GC
Desired survivor size 1343488 bytes, new threshold 4 (max 4)
- age   1:      98760 bytes,      98760 total
- age   2:     312568 bytes,     411328 total
- age   3:     203320 bytes,     614648 total
- age   4:      11336 bytes,     625984 total
 39680K->23745K(83392K), 0.0012352 secs]
42.404: [GC
Desired survivor size 1343488 bytes, new threshold 4 (max 4)
- age   1:     419080 bytes,     419080 total
- age   2:      30920 bytes,     450000 total
- age   3:     312568 bytes,     762568 total
- age   4:     203320 bytes,     965888 total
 39719K->24097K(83392K), 0.0017117 secs]
42.418: [GC
Desired survivor size 1343488 bytes, new threshold 4 (max 4)
- age   1:     336736 bytes,     336736 total
- age   2:      94296 bytes,     431032 total
- age   3:      30920 bytes,     461952 total
- age   4:     312568 bytes,     774520 total
 40088K->24106K(83392K), 0.0016399 secs]
42.432: [GC
Desired survivor size 1343488 bytes, new threshold 4 (max 4)
- age   1:      97184 bytes,      97184 total
- age   2:     283904 bytes,     381088 total
- age   4:      30920 bytes,     412008 total
 40071K->23987K(83392K), 0.0012663 secs]
42.446: [GC
Desired survivor size 1343488 bytes, new threshold 4 (max 4)
- age   1:     349336 bytes,     349336 total
- age   2:      57696 bytes,     407032 total
- age   3:     236368 bytes,     643400 total
 39977K->24212K(83392K), 0.0010996 secs]
42.458: [GC
Desired survivor size 1343488 bytes, new threshold 4 (max 4)
- age   1:     142112 bytes,     142112 total
- age   2:     296280 bytes,     438392 total
- age   3:      57696 bytes,     496088 total
- age   4:     236368 bytes,     732456 total
 40209K->24299K(83392K), 0.0014417 secs]
42.471: [GC
Desired survivor size 1343488 bytes, new threshold 4 (max 4)
- age   1:     286552 bytes,     286552 total
- age   2:     115152 bytes,     401704 total
- age   3:     256728 bytes,     658432 total
- age   4:      57696 bytes,     716128 total
 40299K->24514K(83392K), 0.0014309 secs]
42.485: [GC
Desired survivor size 1343488 bytes, new threshold 4 (max 4)
- age   1:     247344 bytes,     247344 total
- age   2:     140544 bytes,     387888 total
- age   3:     115152 bytes,     503040 total
- age   4:     157880 bytes,     660920 total
 40512K->24461K(83392K), 0.0011462 secs]
42.498: [GC
Desired survivor size 1343488 bytes, new threshold 4 (max 4)
- age   1:     288024 bytes,     288024 total
- age   2:     171432 bytes,     459456 total
- age   3:      61808 bytes,     521264 total
- age   4:     115152 bytes,     636416 total
 40439K->24513K(83392K), 0.0012637 secs]
42.512: [GC
Desired survivor size 1343488 bytes, new threshold 4 (max 4)
- age   1:     733800 bytes,     733800 total
- age   2:     208144 bytes,     941944 total
- age   3:     171432 bytes,    1113376 total
 40497K->25091K(83392K), 0.0016950 secs]
42.525: [GC
Desired survivor size 1343488 bytes, new threshold 2 (max 4)
- age   1:     786520 bytes,     786520 total
- age   2:     673520 bytes,    1460040 total
- age   3:     127224 bytes,    1587264 total
- age   4:     111248 bytes,    1698512 total
 41007K->25662K(83392K), 0.0020526 secs]
42.538: [GC
Desired survivor size 1343488 bytes, new threshold 4 (max 4)
- age   1:     299392 bytes,     299392 total
- age   2:     659960 bytes,     959352 total
 41660K->25710K(83392K), 0.0022761 secs]
42.552: [GC
Desired survivor size 1343488 bytes, new threshold 4 (max 4)
- age   1:     332344 bytes,     332344 total
- age   2:     182648 bytes,     514992 total
- age   3:     659960 bytes,    1174952 total
 41659K->25920K(83392K), 0.0018108 secs]
42.566: [GC
Desired survivor size 1343488 bytes, new threshold 4 (max 4)
- age   1:     281512 bytes,     281512 total
- age   2:     205640 bytes,     487152 total
- age   3:     182648 bytes,     669800 total
- age   4:     659960 bytes,    1329760 total
 41902K->26071K(83392K), 0.0020663 secs]
42.579: [GC
Desired survivor size 1343488 bytes, new threshold 4 (max 4)
- age   1:     454440 bytes,     454440 total
- age   2:     162120 bytes,     616560 total
- age   3:     205640 bytes,     822200 total
- age   4:     182648 bytes,    1004848 total
 42018K->26399K(83392K), 0.0023955 secs]
42.593: [GC
Desired survivor size 1343488 bytes, new threshold 4 (max 4)
- age   1:     391808 bytes,     391808 total
- age   2:     208088 bytes,     599896 total
- age   3:     162120 bytes,     762016 total
- age   4:     205640 bytes,     967656 total
 42390K->26539K(83392K), 0.0019205 secs]
42.608: [GC
Desired survivor size 1343488 bytes, new threshold 4 (max 4)
- age   1:     425560 bytes,     425560 total
- age   2:     307256 bytes,     732816 total
- age   3:      82384 bytes,     815200 total
 42536K->26592K(83392K), 0.0014116 secs]
42.626: [GC
Desired survivor size 1343488 bytes, new threshold 4 (max 4)
- age   1:     368864 bytes,     368864 total
- age   2:     252712 bytes,     621576 total
- age   3:     190336 bytes,     811912 total
- age   4:      82384 bytes,     894296 total
 42592K->26668K(83392K), 0.0018877 secs]
42.639: [GC
Desired survivor size 1343488 bytes, new threshold 4 (max 4)
- age   1:     439880 bytes,     439880 total
- age   2:     236560 bytes,     676440 total
- age   3:     102616 bytes,     779056 total
- age   4:     190336 bytes,     969392 total
 42668K->26823K(83392K), 0.0015494 secs]
42.652: [GC
Desired survivor size 1343488 bytes, new threshold 4 (max 4)
- age   1:     198488 bytes,     198488 total
- age   2:     317128 bytes,     515616 total
- age   3:     236560 bytes,     752176 total
- age   4:     102616 bytes,     854792 total
 42823K->26765K(83392K), 0.0016145 secs]
42.670: [GC
Desired survivor size 1343488 bytes, new threshold 4 (max 4)
- age   1:     240920 bytes,     240920 total
- age   2:      52288 bytes,     293208 total
- age   3:     239768 bytes,     532976 total
- age   4:     235856 bytes,     768832 total
 42753K->26737K(83392K), 0.0017512 secs]
42.683: [GC
Desired survivor size 1343488 bytes, new threshold 4 (max 4)
- age   1:     199944 bytes,     199944 total
- age   2:      84424 bytes,     284368 total
- age   3:        192 bytes,     284560 total
- age   4:     239768 bytes,     524328 total
 42721K->26727K(83392K), 0.0016780 secs]
42.698: [GC
Desired survivor size 1343488 bytes, new threshold 4 (max 4)
- age   1:     591504 bytes,     591504 total
- age   2:     143136 bytes,     734640 total
- age   3:      81416 bytes,     816056 total
- age   4:        192 bytes,     816248 total
 42683K->27256K(83392K), 0.0015903 secs]
42.711: [GC
Desired survivor size 1343488 bytes, new threshold 4 (max 4)
- age   1:     469416 bytes,     469416 total
- age   2:     431840 bytes,     901256 total
- age   3:      64248 bytes,     965504 total
- age   4:      19976 bytes,     985480 total
 43244K->27409K(83392K), 0.0020576 secs]
42.725: [GC
Desired survivor size 1343488 bytes, new threshold 4 (max 4)
- age   1:     290560 bytes,     290560 total
- age   2:     364184 bytes,     654744 total
- age   3:     142800 bytes,     797544 total
- age   4:      64248 bytes,     861792 total
 43402K->27320K(83392K), 0.0015320 secs]
42.739: [GC
Desired survivor size 1343488 bytes, new threshold 3 (max 4)
- age   1:     927680 bytes,     927680 total
- age   2:     239360 bytes,    1167040 total
- age   3:     212016 bytes,    1379056 total
- age   4:     142800 bytes,    1521856 total
 43306K->27954K(83392K), 0.0017291 secs]
42.753: [GC
Desired survivor size 1343488 bytes, new threshold 2 (max 4)
- age   1:     564240 bytes,     564240 total
- age   2:     836408 bytes,    1400648 total
- age   3:     239360 bytes,    1640008 total
 43936K->28410K(83392K), 0.0027861 secs]
42.769: [GC
Desired survivor size 1343488 bytes, new threshold 4 (max 4)
- age   1:     357176 bytes,     357176 total
- age   2:     481576 bytes,     838752 total
 44406K->28543K(83392K), 0.0019219 secs]
42.783: [GC
Desired survivor size 1343488 bytes, new threshold 3 (max 4)
- age   1:     767296 bytes,     767296 total
- age   2:     187784 bytes,     955080 total
- age   3:     481576 bytes,    1436656 total
 44525K->29126K(83392K), 0.0016282 secs]
42.801: [GC
Desired survivor size 1343488 bytes, new threshold 4 (max 4)
- age   1:     380344 bytes,     380344 total
- age   2:     447120 bytes,     827464 total
- age   3:     187784 bytes,    1015248 total
 45124K->29185K(83392K), 0.0024155 secs]
42.815: [GC
Desired survivor size 1343488 bytes, new threshold 4 (max 4)
- age   1:     679016 bytes,     679016 total
- age   2:     314464 bytes,     993480 total
- age   3:     184800 bytes,    1178280 total
- age   4:      49488 bytes,    1227768 total
 45176K->29394K(83392K), 0.0021820 secs]
42.829: [GC
Desired survivor size 1343488 bytes, new threshold 4 (max 4)
- age   1:     420176 bytes,     420176 total
- age   2:     204120 bytes,     624296 total
- age   3:     314464 bytes,     938760 total
- age   4:     184800 bytes,    1123560 total
 45388K->29339K(83392K), 0.0017841 secs]
42.842: [GC
Desired survivor size 1343488 bytes, new threshold 4 (max 4)
- age   1:     506712 bytes,     506712 total
- age   2:     352944 bytes,     859656 total
- age   3:      67848 bytes,     927504 total
- age   4:      93512 bytes,    1021016 total
 45302K->29426K(83392K), 0.0016071 secs]
42.855: [GC
Desired survivor size 1343488 bytes, new threshold 4 (max 4)
- age   1:     561288 bytes,     561288 total
- age   3:     142800 bytes,     704088 total
- age   4:      67848 bytes,     771936 total
 45356K->29265K(83392K), 0.0015544 secs]
42.869: [GC
Desired survivor size 1343488 bytes, new threshold 4 (max 4)
- age   1:     455256 bytes,     455256 total
- age   2:     407928 bytes,     863184 total
- age   4:      72736 bytes,     935920 total
 45264K->29491K(83392K), 0.0016767 secs]
42.882: [GC
Desired survivor size 1343488 bytes, new threshold 4 (max 4)
- age   1:     507736 bytes,     507736 total
- age   2:     315504 bytes,     823240 total
- age   3:     174088 bytes,     997328 total
 45460K->29622K(83392K), 0.0014534 secs]
42.895: [GC
Desired survivor size 1343488 bytes, new threshold 4 (max 4)
- age   1:     150624 bytes,     150624 total
- age   2:     427032 bytes,     577656 total
- age   3:     315504 bytes,     893160 total
- age   4:     174088 bytes,    1067248 total
 45566K->29690K(83392K), 0.0017395 secs]
42.908: [GC
Desired survivor size 1343488 bytes, new threshold 4 (max 4)
- age   1:     404184 bytes,     404184 total
- age   3:     346192 bytes,     750376 total
- age   4:      75952 bytes,     826328 total
 45670K->29626K(83392K), 0.0015476 secs]
42.921: [GC
Desired survivor size 1343488 bytes, new threshold 4 (max 4)
- age   1:     312768 bytes,     312768 total
- age   2:     362720 bytes,     675488 total
- age   4:     128688 bytes,     804176 total
 45605K->29679K(83392K), 0.0015160 secs]
42.934: [GC
Desired survivor size 1343488 bytes, new threshold 4 (max 4)
- age   1:     475136 bytes,     475136 total
- age   2:      47616 bytes,     522752 total
- age   3:     242368 bytes,     765120 total
 45674K->29766K(83392K), 0.0014999 secs]
42.948: [GC
Desired survivor size 1343488 bytes, new threshold 1 (max 4)
- age   1:    1604976 bytes,    1604976 total
- age   2:     258696 bytes,    1863672 total
- age   3:      47616 bytes,    1911288 total
- age   4:     242368 bytes,    2153656 total
 45755K->31121K(83392K), 0.0024099 secs]
42.962: [GC
Desired survivor size 1343488 bytes, new threshold 4 (max 4)
- age   1:     316840 bytes,     316840 total
 47046K->31163K(83392K), 0.0033044 secs]
42.979: [GC
Desired survivor size 1343488 bytes, new threshold 4 (max 4)
- age   1:     745096 bytes,     745096 total
- age   2:     238568 bytes,     983664 total
 47163K->31813K(83392K), 0.0018073 secs]
42.993: [GC
Desired survivor size 1343488 bytes, new threshold 4 (max 4)
- age   1:     294864 bytes,     294864 total
- age   2:     423120 bytes,     717984 total
- age   3:     134344 bytes,     852328 total
 47808K->31683K(83392K), 0.0019553 secs]
43.006: [GC
Desired survivor size 1343488 bytes, new threshold 4 (max 4)
- age   1:     527712 bytes,     527712 total
- age   2:     209968 bytes,     737680 total
- age   3:     344832 bytes,    1082512 total
- age   4:     134344 bytes,    1216856 total
 47659K->32043K(83392K), 0.0017187 secs]
43.019: [GC
Desired survivor size 1343488 bytes, new threshold 4 (max 4)
- age   1:     176488 bytes,     176488 total
- age   2:     473208 bytes,     649696 total
- age   3:     155912 bytes,     805608 total
- age   4:     344832 bytes,    1150440 total
 48008K->32108K(83392K), 0.0021191 secs]
43.033: [GC
Desired survivor size 1343488 bytes, new threshold 4 (max 4)
- age   1:     226872 bytes,     226872 total
- age   2:     118736 bytes,     345608 total
- age   3:     394480 bytes,     740088 total
- age   4:     155912 bytes,     896000 total
 48090K->32051K(83392K), 0.0018794 secs]
43.046: [GC
Desired survivor size 1343488 bytes, new threshold 4 (max 4)
- age   1:     330464 bytes,     330464 total
- age   2:     163456 bytes,     493920 total
- age   4:     394480 bytes,     888400 total
 48015K->32189K(83392K), 0.0015874 secs]
43.059: [GC
Desired survivor size 1343488 bytes, new threshold 2 (max 4)
- age   1:    1165784 bytes,    1165784 total
- age   2:     194768 bytes,    1360552 total
 48066K->33035K(83392K), 0.0026221 secs]
43.075: [GC
Desired survivor size 1343488 bytes, new threshold 4 (max 4)
- age   1:     412848 bytes,     412848 total
- age   2:     682136 bytes,    1094984 total
 49033K->32902K(83392K), 0.0016084 secs]
43.092: [GC
Desired survivor size 1343488 bytes, new threshold 3 (max 4)
- age   1:     658456 bytes,     658456 total
- age   2:     240312 bytes,     898768 total
- age   3:     587032 bytes,    1485800 total
 48879K->33283K(83392K), 0.0018201 secs]
43.107: [GC
Desired survivor size 1343488 bytes, new threshold 2 (max 4)
- age   1:    1179008 bytes,    1179008 total
- age   2:     428296 bytes,    1607304 total
- age   3:     240312 bytes,    1847616 total
 49259K->33969K(83392K), 0.0024804 secs]
43.122: [GC
Desired survivor size 1343488 bytes, new threshold 4 (max 4)
- age   1:     237040 bytes,     237040 total
- age   2:     766320 bytes,    1003360 total
 49959K->33796K(83392K), 0.0021745 secs]
43.138: [GC
Desired survivor size 1343488 bytes, new threshold 3 (max 4)
- age   1:     995168 bytes,     995168 total
- age   2:     152000 bytes,    1147168 total
- age   3:     526728 bytes,    1673896 total
 49792K->34451K(83392K), 0.0018456 secs]
43.152: [GC
Desired survivor size 1343488 bytes, new threshold 4 (max 4)
- age   1:     565016 bytes,     565016 total
- age   2:     584656 bytes,    1149672 total
- age   3:     152000 bytes,    1301672 total
 50416K->34380K(83392K), 0.0019277 secs]
43.167: [GC
Desired survivor size 1343488 bytes, new threshold 4 (max 4)
- age   1:     124912 bytes,     124912 total
- age   2:     395488 bytes,     520400 total
- age   3:     321560 bytes,     841960 total
- age   4:     151920 bytes,     993880 total
 50380K->34079K(83392K), 0.0016037 secs]
43.181: [GC
Desired survivor size 1343488 bytes, new threshold 4 (max 4)
- age   1:     278016 bytes,     278016 total
- age   2:        800 bytes,     278816 total
- age   3:     320992 bytes,     599808 total
- age   4:     321560 bytes,     921368 total
 50046K->34154K(83392K), 0.0021052 secs]
43.195: [GC
Desired survivor size 1343488 bytes, new threshold 4 (max 4)
- age   1:     649192 bytes,     649192 total
- age   2:     140912 bytes,     790104 total
- age   3:        800 bytes,     790904 total
- age   4:     320992 bytes,    1111896 total
 50120K->34656K(83392K), 0.0020335 secs]
43.209: [GC
Desired survivor size 1343488 bytes, new threshold 4 (max 4)
- age   1:     580816 bytes,     580816 total
- age   2:     317528 bytes,     898344 total
- age   3:     140912 bytes,    1039256 total
- age   4:        800 bytes,    1040056 total
 50588K->34900K(83392K), 0.0018711 secs]
43.223: [GC
Desired survivor size 1343488 bytes, new threshold 4 (max 4)
- age   1:     482664 bytes,     482664 total
- age   2:     412824 bytes,     895488 total
- age   3:     317528 bytes,    1213016 total
- age   4:     140912 bytes,    1353928 total
 50871K->35208K(83392K), 0.0022825 secs]
43.238: [GC
Desired survivor size 1343488 bytes, new threshold 4 (max 4)
- age   1:     760512 bytes,     760512 total
- age   2:     143592 bytes,     904104 total
- age   3:      81168 bytes,     985272 total
- age   4:     317528 bytes,    1302800 total
 51173K->35295K(83392K), 0.0018412 secs]
43.251: [GC
Desired survivor size 1343488 bytes, new threshold 2 (max 4)
- age   1:     757608 bytes,     757608 total
- age   2:     723480 bytes,    1481088 total
- age   3:     143592 bytes,    1624680 total
- age   4:      81168 bytes,    1705848 total
 51282K->35927K(83392K), 0.0026718 secs]
43.271: [GC
Desired survivor size 1343488 bytes, new threshold 4 (max 4)
- age   1:     137640 bytes,     137640 total
- age   2:     679632 bytes,     817272 total
 51922K->35662K(83392K), 0.0018234 secs]
43.284: [GC
Desired survivor size 1343488 bytes, new threshold 4 (max 4)
- age   1:     303168 bytes,     303168 total
- age   2:      83232 bytes,     386400 total
- age   3:     679632 bytes,    1066032 total
 51617K->35905K(83392K), 0.0015346 secs]
43.304: [GC
Desired survivor size 1343488 bytes, new threshold 4 (max 4)
- age   1:     719920 bytes,     719920 total
- age   2:     243824 bytes,     963744 total
- age   3:        832 bytes,     964576 total
- age   4:     679632 bytes,    1644208 total
 51905K->36470K(83392K), 0.0029105 secs]
43.320: [GC
Desired survivor size 1343488 bytes, new threshold 4 (max 4)
- age   1:     221808 bytes,     221808 total
- age   2:     711832 bytes,     933640 total
- age   3:     243824 bytes,    1177464 total
- age   4:        832 bytes,    1178296 total
 52456K->36351K(83392K), 0.0020767 secs]
43.335: [GC
Desired survivor size 1343488 bytes, new threshold 4 (max 4)
- age   1:     368560 bytes,     368560 total
- age   2:     201544 bytes,     570104 total
- age   3:     433848 bytes,    1003952 total
- age   4:     243824 bytes,    1247776 total
 52326K->36430K(83392K), 0.0016300 secs]
43.349: [GC
Desired survivor size 1343488 bytes, new threshold 3 (max 4)
- age   1:    1025200 bytes,    1025200 total
- age   2:     171496 bytes,    1196696 total
- age   3:     201544 bytes,    1398240 total
- age   4:     185976 bytes,    1584216 total
 52377K->36986K(83392K), 0.0021478 secs]
43.362: [GC
Desired survivor size 1343488 bytes, new threshold 4 (max 4)
- age   1:     183160 bytes,     183160 total
- age   2:     953832 bytes,    1136992 total
- age   3:     171496 bytes,    1308488 total
 52883K->37059K(83392K), 0.0024784 secs]
43.379: [GC
Desired survivor size 1343488 bytes, new threshold 3 (max 4)
- age   1:     705184 bytes,     705184 total
- age   2:     106048 bytes,     811232 total
- age   3:     953832 bytes,    1765064 total
- age   4:     171496 bytes,    1936560 total
 53052K->37660K(83392K), 0.0028199 secs]
43.394: [GC
Desired survivor size 1343488 bytes, new threshold 4 (max 4)
- age   1:     226504 bytes,     226504 total
- age   2:     540512 bytes,     767016 total
- age   3:     105320 bytes,     872336 total
 53621K->37722K(83392K), 0.0026022 secs]
43.413: [GC
Desired survivor size 1343488 bytes, new threshold 4 (max 4)
- age   1:     223776 bytes,     223776 total
- age   2:      53968 bytes,     277744 total
- age   3:     493592 bytes,     771336 total
- age   4:        600 bytes,     771936 total
 53722K->37630K(83392K), 0.0012813 secs]
43.428: [GC
Desired survivor size 1343488 bytes, new threshold 4 (max 4)
- age   1:     250456 bytes,     250456 total
- age   2:     114480 bytes,     364936 total
- age   3:      53968 bytes,     418904 total
- age   4:     493592 bytes,     912496 total
 53558K->37769K(83392K), 0.0017138 secs]
43.442: [GC
Desired survivor size 1343488 bytes, new threshold 4 (max 4)
- age   1:     775216 bytes,     775216 total
- age   2:     178848 bytes,     954064 total
- age   3:     114392 bytes,    1068456 total
- age   4:      53968 bytes,    1122424 total
 53731K->38450K(83392K), 0.0019573 secs]
43.460: [GC
Desired survivor size 1343488 bytes, new threshold 4 (max 4)
- age   1:     233888 bytes,     233888 total
- age   2:     690664 bytes,     924552 total
- age   3:     178848 bytes,    1103400 total
- age   4:     114392 bytes,    1217792 total
 54407K->38606K(83392K), 0.0022906 secs]
43.476: [GC
Desired survivor size 1343488 bytes, new threshold 4 (max 4)
- age   1:     538912 bytes,     538912 total
- age   2:       8576 bytes,     547488 total
- age   3:     450536 bytes,     998024 total
- age   4:     178848 bytes,    1176872 total
 54605K->38671K(83392K), 0.0021745 secs]
43.492: [GC
Desired survivor size 1343488 bytes, new threshold 4 (max 4)
- age   1:     245104 bytes,     245104 total
- age   2:     458968 bytes,     704072 total
- age   3:       8576 bytes,     712648 total
- age   4:     334608 bytes,    1047256 total
 54671K->38551K(83392K), 0.0017786 secs]
43.505: [GC
Desired survivor size 1343488 bytes, new threshold 4 (max 4)
- age   1:     550176 bytes,     550176 total
- age   2:     228304 bytes,     778480 total
- age   3:     458968 bytes,    1237448 total
- age   4:       8576 bytes,    1246024 total
 54541K->39070K(83392K), 0.0021323 secs]
43.524: [GC
Desired survivor size 1343488 bytes, new threshold 4 (max 4)
- age   1:     519624 bytes,     519624 total
- age   2:     452920 bytes,     972544 total
- age   3:     166280 bytes,    1138824 total
- age   4:     458488 bytes,    1597312 total
 55021K->39426K(83392K), 0.0021069 secs]
43.541: [GC
Desired survivor size 1343488 bytes, new threshold 4 (max 4)
- age   1:     197816 bytes,     197816 total
- age   2:     345560 bytes,     543376 total
- age   3:     452920 bytes,     996296 total
- age   4:     166280 bytes,    1162576 total
 55426K->39453K(83392K), 0.0020300 secs]
43.553: [GC
Desired survivor size 1343488 bytes, new threshold 4 (max 4)
- age   1:     307512 bytes,     307512 total
- age   2:     194880 bytes,     502392 total
- age   3:     326968 bytes,     829360 total
- age   4:     452920 bytes,    1282280 total
 55434K->39654K(83392K), 0.0025070 secs]
43.568: [GC
Desired survivor size 1343488 bytes, new threshold 3 (max 4)
- age   1:    1017800 bytes,    1017800 total
- age   2:     201920 bytes,    1219720 total
- age   3:     127736 bytes,    1347456 total
- age   4:     164504 bytes,    1511960 total
 55651K->40194K(83392K), 0.0025123 secs]
43.583: [GC
Desired survivor size 1343488 bytes, new threshold 3 (max 4)
- age   1:     142936 bytes,     142936 total
- age   2:    1008656 bytes,    1151592 total
- age   3:     201920 bytes,    1353512 total
 56194K->40335K(83392K), 0.0023920 secs]
43.597: [GC
Desired survivor size 1343488 bytes, new threshold 3 (max 4)
- age   1:     490880 bytes,     490880 total
- age   2:      78752 bytes,     569632 total
- age   3:    1008616 bytes,    1578248 total
 56335K->40743K(83392K), 0.0026224 secs]
43.614: [GC
Desired survivor size 1343488 bytes, new threshold 4 (max 4)
- age   1:     433248 bytes,     433248 total
- age   2:     450304 bytes,     883552 total
- age   3:      75736 bytes,     959288 total
 56742K->41114K(83392K), 0.0023599 secs]
43.629: [GC
Desired survivor size 1343488 bytes, new threshold 3 (max 4)
- age   1:     659904 bytes,     659904 total
- age   2:     267280 bytes,     927184 total
- age   3:     450304 bytes,    1377488 total
- age   4:      75696 bytes,    1453184 total
 57091K->41599K(83392K), 0.0018830 secs]
43.644: [GC
Desired survivor size 1343488 bytes, new threshold 4 (max 4)
- age   1:     228400 bytes,     228400 total
- age   2:     575096 bytes,     803496 total
- age   3:     267280 bytes,    1070776 total
 57560K->41725K(83392K), 0.0030138 secs]
43.660: [GC
Desired survivor size 1343488 bytes, new threshold 4 (max 4)
- age   1:     290056 bytes,     290056 total
- age   3:     575096 bytes,     865152 total
- age   4:     267280 bytes,    1132432 total
 57709K->41786K(83392K), 0.0016907 secs]
43.674: [GC
Desired survivor size 1343488 bytes, new threshold 4 (max 4)
- age   1:     636656 bytes,     636656 total
- age   2:     205520 bytes,     842176 total
- age   4:     230056 bytes,    1072232 total
 57762K->41982K(83392K), 0.0016645 secs]
43.689: [GC
Desired survivor size 1343488 bytes, new threshold 3 (max 4)
- age   1:    1059360 bytes,    1059360 total
- age   2:     264608 bytes,    1323968 total
- age   3:     205520 bytes,    1529488 total
 57926K->42482K(83392K), 0.0017812 secs]
43.712: [GC
Desired survivor size 1343488 bytes, new threshold 4 (max 4)
- age   1:     259392 bytes,     259392 total
- age   2:     889288 bytes,    1148680 total
- age   3:     124872 bytes,    1273552 total
 58481K->42338K(83392K), 0.0018628 secs]
43.725: [GC
Desired survivor size 1343488 bytes, new threshold 3 (max 4)
- age   1:     718792 bytes,     718792 total
- age   2:     123240 bytes,     842032 total
- age   3:     889288 bytes,    1731320 total
- age   4:     124872 bytes,    1856192 total
 58317K->42909K(83392K), 0.0024197 secs]
43.739: [GC
Desired survivor size 1343488 bytes, new threshold 4 (max 4)
- age   1:     342800 bytes,     342800 total
- age   2:     687968 bytes,    1030768 total
- age   3:      84784 bytes,    1115552 total
 58877K->43132K(83392K), 0.0028189 secs]
43.755: [GC
Desired survivor size 1343488 bytes, new threshold 4 (max 4)
- age   1:     278368 bytes,     278368 total
- age   2:     214576 bytes,     492944 total
- age   3:     687968 bytes,    1180912 total
- age   4:      84784 bytes,    1265696 total
 59126K->43271K(83392K), 0.0016677 secs]
43.769: [GC
Desired survivor size 1343488 bytes, new threshold 4 (max 4)
- age   1:     219424 bytes,     219424 total
- age   2:     231776 bytes,     451200 total
- age   3:     186288 bytes,     637488 total
- age   4:     640336 bytes,    1277824 total
 59266K->43375K(83392K), 0.0018863 secs]
43.783: [GC
Desired survivor size 1343488 bytes, new threshold 3 (max 4)
- age   1:    1147720 bytes,    1147720 total
- age   2:     166592 bytes,    1314312 total
- age   3:     231776 bytes,    1546088 total
- age   4:      95528 bytes,    1641616 total
 59358K->44310K(83392K), 0.0022766 secs]
43.798: [GC
Desired survivor size 1343488 bytes, new threshold 2 (max 4)
- age   1:     341640 bytes,     341640 total
- age   2:    1074688 bytes,    1416328 total
- age   3:     166592 bytes,    1582920 total
 60240K->44571K(83392K), 0.0024282 secs]
43.813: [GC
Desired survivor size 1343488 bytes, new threshold 4 (max 4)
- age   1:     419976 bytes,     419976 total
- age   2:      85576 bytes,     505552 total
 60510K->44701K(83392K), 0.0020453 secs]
43.826: [GC
Desired survivor size 1343488 bytes, new threshold 4 (max 4)
- age   1:     349640 bytes,     349640 total
- age   2:     342440 bytes,     692080 total
- age   3:      85576 bytes,     777656 total
 60680K->44966K(83392K), 0.0015576 secs]
43.841: [GC
Desired survivor size 1343488 bytes, new threshold 4 (max 4)
- age   1:     277240 bytes,     277240 total
- age   2:     189104 bytes,     466344 total
- age   3:     342440 bytes,     808784 total
- age   4:      85576 bytes,     894360 total
 60949K->45080K(83392K), 0.0015432 secs]
43.854: [GC
Desired survivor size 1343488 bytes, new threshold 4 (max 4)
- age   1:     564632 bytes,     564632 total
- age   2:     193120 bytes,     757752 total
- age   3:     189104 bytes,     946856 total
- age   4:     342440 bytes,    1289296 total
 61059K->45549K(83392K), 0.0019271 secs]
43.868: [GC
Desired survivor size 1343488 bytes, new threshold 4 (max 4)
- age   1:     433560 bytes,     433560 total
- age   2:     391960 bytes,     825520 total
- age   3:     193120 bytes,    1018640 total
- age   4:     189104 bytes,    1207744 total
 61523K->45804K(83392K), 0.0024678 secs]
43.884: [GC
Desired survivor size 1343488 bytes, new threshold 4 (max 4)
- age   1:     778352 bytes,     778352 total
- age   2:     134904 bytes,     913256 total
- age   3:     391960 bytes,    1305216 total
- age   4:     193120 bytes,    1498336 total
 61786K->46269K(83392K), 0.0027292 secs]
43.901: [GC
Desired survivor size 1343488 bytes, new threshold 4 (max 4)
- age   1:     248736 bytes,     248736 total
- age   2:     691912 bytes,     940648 total
- age   3:      67184 bytes,    1007832 total
- age   4:     391960 bytes,    1399792 total
 62258K->46324K(83392K), 0.0019003 secs]
43.916: [GC
Desired survivor size 1343488 bytes, new threshold 4 (max 4)
- age   1:     446480 bytes,     446480 total
- age   2:     174376 bytes,     620856 total
- age   3:     691912 bytes,    1312768 total
- age   4:      67184 bytes,    1379952 total
 62307K->46472K(83392K), 0.0021279 secs]
43.931: [GC
Desired survivor size 1343488 bytes, new threshold 4 (max 4)
- age   1:     512936 bytes,     512936 total
- age   2:     362608 bytes,     875544 total
- age   3:     174376 bytes,    1049920 total
- age   4:     691912 bytes,    1741832 total
 62399K->46889K(83392K), 0.0021910 secs]
43.944: [GC
Desired survivor size 1343488 bytes, new threshold 4 (max 4)
- age   1:     259352 bytes,     259352 total
- age   2:     422288 bytes,     681640 total
- age   3:     362608 bytes,    1044248 total
- age   4:     174376 bytes,    1218624 total
 62839K->47055K(83392K), 0.0026823 secs]
43.958: [GC
Desired survivor size 1343488 bytes, new threshold 4 (max 4)
- age   1:     376896 bytes,     376896 total
- age   2:     217432 bytes,     594328 total
- age   3:     422288 bytes,    1016616 total
- age   4:     362608 bytes,    1379224 total
 63040K->47383K(83392K), 0.0022578 secs]
43.972: [GC
Desired survivor size 1343488 bytes, new threshold 4 (max 4)
- age   1:     390976 bytes,     390976 total
- age   2:     213528 bytes,     604504 total
- age   3:     217432 bytes,     821936 total
- age   4:     422288 bytes,    1244224 total
 63349K->47605K(83392K), 0.0024133 secs]
43.986: [GC
Desired survivor size 1343488 bytes, new threshold 4 (max 4)
- age   1:     344328 bytes,     344328 total
- age   2:     312992 bytes,     657320 total
- age   3:      78856 bytes,     736176 total
- age   4:     104720 bytes,     840896 total
 63464K->47624K(83392K), 0.0019894 secs]
44.000: [GC
Desired survivor size 1343488 bytes, new threshold 4 (max 4)
- age   1:     299128 bytes,     299128 total
- age   2:     262800 bytes,     561928 total
- age   3:     265360 bytes,     827288 total
- age   4:      78856 bytes,     906144 total
 63604K->47687K(83392K), 0.0017156 secs]
44.015: [GC
Desired survivor size 1343488 bytes, new threshold 4 (max 4)
- age   1:     394624 bytes,     394624 total
- age   2:     243216 bytes,     637840 total
- age   3:     262800 bytes,     900640 total
- age   4:     265360 bytes,    1166000 total
 63659K->48018K(83392K), 0.0017449 secs]
44.029: [GC
Desired survivor size 1343488 bytes, new threshold 4 (max 4)
- age   1:     608520 bytes,     608520 total
- age   2:     281912 bytes,     890432 total
- age   3:     159400 bytes,    1049832 total
- age   4:     262800 bytes,    1312632 total
 64006K->48420K(83392K), 0.0026083 secs]
44.044: [GC
Desired survivor size 1343488 bytes, new threshold 4 (max 4)
- age   1:      89640 bytes,      89640 total
- age   2:     565552 bytes,     655192 total
- age   3:     281912 bytes,     937104 total
- age   4:     159400 bytes,    1096504 total
 64420K->48466K(83392K), 0.0021809 secs]
44.061: [GC
Desired survivor size 1343488 bytes, new threshold 4 (max 4)
- age   1:     473056 bytes,     473056 total
- age   2:      59488 bytes,     532544 total
- age   3:     565552 bytes,    1098096 total
- age   4:     281912 bytes,    1380008 total
 64466K->48898K(83392K), 0.0022688 secs]
44.075: [GC
Desired survivor size 1343488 bytes, new threshold 4 (max 4)
- age   1:     199984 bytes,     199984 total
- age   2:     428048 bytes,     628032 total
- age   3:       9984 bytes,     638016 total
- age   4:     454304 bytes,    1092320 total
 64869K->48903K(83392K), 0.0019865 secs]
44.090: [GC
Desired survivor size 1343488 bytes, new threshold 4 (max 4)
- age   1:     566408 bytes,     566408 total
- age   2:     168320 bytes,     734728 total
- age   3:     343248 bytes,    1077976 total
- age   4:       9984 bytes,    1087960 total
 64896K->48900K(83392K), 0.0014848 secs]
44.103: [GC
Desired survivor size 1343488 bytes, new threshold 4 (max 4)
- age   1:     598592 bytes,     598592 total
- age   2:     374520 bytes,     973112 total
- age   3:     117056 bytes,    1090168 total
- age   4:     343248 bytes,    1433416 total
 64887K->49239K(83392K), 0.0018359 secs]
44.117: [GC
Desired survivor size 1343488 bytes, new threshold 4 (max 4)
- age   1:     314936 bytes,     314936 total
- age   2:     537936 bytes,     852872 total
- age   3:     374520 bytes,    1227392 total
- age   4:     117056 bytes,    1344448 total
 65123K->49490K(83392K), 0.0021328 secs]
44.130: [GC
Desired survivor size 1343488 bytes, new threshold 4 (max 4)
- age   1:     424384 bytes,     424384 total
- age   2:     248560 bytes,     672944 total
- age   3:     452320 bytes,    1125264 total
- age   4:     374520 bytes,    1499784 total
 65456K->49749K(83392K), 0.0020854 secs]
44.144: [GC
Desired survivor size 1343488 bytes, new threshold 4 (max 4)
- age   1:     226856 bytes,     226856 total
- age   2:     312600 bytes,     539456 total
- age   3:     248560 bytes,     788016 total
- age   4:     452320 bytes,    1240336 total
 65696K->49862K(83392K), 0.0023272 secs]
44.159: [GC
Desired survivor size 1343488 bytes, new threshold 4 (max 4)
- age   1:     708560 bytes,     708560 total
- age   3:     128480 bytes,     837040 total
- age   4:     248560 bytes,    1085600 total
 65813K->50153K(83392K), 0.0032281 secs]
44.174: [GC
Desired survivor size 1343488 bytes, new threshold 4 (max 4)
- age   1:     593568 bytes,     593568 total
- age   2:     528208 bytes,    1121776 total
- age   4:         32 bytes,    1121808 total
 66127K->50304K(83392K), 0.0021150 secs]
44.193: [GC
Desired survivor size 1343488 bytes, new threshold 4 (max 4)
- age   1:     283304 bytes,     283304 total
- age   2:     465336 bytes,     748640 total
- age   3:     528208 bytes,    1276848 total
 66301K->50454K(83392K), 0.0018183 secs]
44.210: [GC
Desired survivor size 1343488 bytes, new threshold 4 (max 4)
- age   1:     613208 bytes,     613208 total
- age   2:     210272 bytes,     823480 total
- age   3:     465336 bytes,    1288816 total
- age   4:     528208 bytes,    1817024 total
 66438K->50982K(83392K), 0.0032178 secs]
44.225: [GC
Desired survivor size 1343488 bytes, new threshold 4 (max 4)
- age   1:     415856 bytes,     415856 total
- age   2:     528296 bytes,     944152 total
- age   3:      93408 bytes,    1037560 total
- age   4:     465336 bytes,    1502896 total
 66976K->51191K(83392K), 0.0023809 secs]
44.239: [GC
Desired survivor size 1343488 bytes, new threshold 4 (max 4)
- age   1:     194872 bytes,     194872 total
- age   2:     340496 bytes,     535368 total
- age   3:     528296 bytes,    1063664 total
- age   4:      93408 bytes,    1157072 total
 67145K->51312K(83392K), 0.0025088 secs]
44.255: [GC
Desired survivor size 1343488 bytes, new threshold 4 (max 4)
- age   1:     629912 bytes,     629912 total
- age   2:     137032 bytes,     766944 total
- age   3:     340496 bytes,    1107440 total
- age   4:     287640 bytes,    1395080 total
 67312K->51640K(83392K), 0.0022529 secs]
44.269: [GC
Desired survivor size 1343488 bytes, new threshold 4 (max 4)
- age   1:     326456 bytes,     326456 total
- age   2:     493560 bytes,     820016 total
- age   3:     137032 bytes,     957048 total
- age   4:     340496 bytes,    1297544 total
 67621K->51825K(83392K), 0.0018848 secs]
44.282: [GC
Desired survivor size 1343488 bytes, new threshold 3 (max 4)
- age   1:     704232 bytes,     704232 total
- age   2:     242280 bytes,     946512 total
- age   3:     493560 bytes,    1440072 total
- age   4:     137032 bytes,    1577104 total
 67724K->52429K(83392K), 0.0024738 secs]
44.301: [GC
Desired survivor size 1343488 bytes, new threshold 4 (max 4)
- age   1:     266192 bytes,     266192 total
- age   2:     618904 bytes,     885096 total
- age   3:      66920 bytes,     952016 total
 68380K->52237K(83392K), 0.0019087 secs]
44.315: [GC
Desired survivor size 1343488 bytes, new threshold 4 (max 4)
- age   1:     417072 bytes,     417072 total
- age   2:     133496 bytes,     550568 total
- age   3:     618904 bytes,    1169472 total
- age   4:      66920 bytes,    1236392 total
 68220K->52514K(83392K), 0.0021139 secs]
44.330: [GC
Desired survivor size 1343488 bytes, new threshold 4 (max 4)
- age   1:     346400 bytes,     346400 total
- age   2:     351728 bytes,     698128 total
- age   3:       2760 bytes,     700888 total
- age   4:     441768 bytes,    1142656 total
 68507K->52487K(83392K), 0.0017904 secs]
44.345: [GC
Desired survivor size 1343488 bytes, new threshold 4 (max 4)
- age   1:     276552 bytes,     276552 total
- age   2:     217376 bytes,     493928 total
- age   3:     306400 bytes,     800328 total
- age   4:       2760 bytes,     803088 total
 68486K->52439K(83392K), 0.0017155 secs]
44.358: [GC
Desired survivor size 1343488 bytes, new threshold 4 (max 4)
- age   1:     266264 bytes,     266264 total
- age   2:     174264 bytes,     440528 total
- age   3:     215464 bytes,     655992 total
- age   4:     306400 bytes,     962392 total
 68394K->52601K(83392K), 0.0025355 secs]
44.372: [GC
Desired survivor size 1343488 bytes, new threshold 4 (max 4)
- age   1:     899456 bytes,     899456 total
- age   2:     202120 bytes,    1101576 total
- age   3:     174264 bytes,    1275840 total
- age   4:     215464 bytes,    1491304 total
 68597K->53287K(83392K), 0.0022967 secs]
44.389: [GC
Desired survivor size 1343488 bytes, new threshold 2 (max 4)
- age   1:     575720 bytes,     575720 total
- age   2:     813072 bytes,    1388792 total
- age   3:     147744 bytes,    1536536 total
- age   4:      68208 bytes,    1604744 total
 69287K->53480K(83392K), 0.0026959 secs]
44.404: [GC
Desired survivor size 1343488 bytes, new threshold 4 (max 4)
- age   1:     579968 bytes,     579968 total
- age   2:     574480 bytes,    1154448 total
 69479K->53786K(83392K), 0.0028346 secs]
44.420: [GC
Desired survivor size 1343488 bytes, new threshold 3 (max 4)
- age   1:     710360 bytes,     710360 total
- age   2:     442904 bytes,    1153264 total
- age   3:     574480 bytes,    1727744 total
 69768K->54343K(83392K), 0.0020669 secs]
44.434: [GC
Desired survivor size 1343488 bytes, new threshold 3 (max 4)
- age   1:     489168 bytes,     489168 total
- age   2:     504672 bytes,     993840 total
- age   3:     442864 bytes,    1436704 total
 70320K->54622K(83392K), 0.0022925 secs]
44.449: [GC
Desired survivor size 1343488 bytes, new threshold 4 (max 4)
- age   1:     412712 bytes,     412712 total
- age   2:     416144 bytes,     828856 total
- age   3:     504672 bytes,    1333528 total
 70621K->54949K(83392K), 0.0021938 secs]
44.452: [GC 55012K(83392K), 0.0007907 secs]
44.468: [GC
Desired survivor size 1343488 bytes, new threshold 4 (max 4)
- age   1:     629296 bytes,     629296 total
- age   2:     412712 bytes,    1042008 total
- age   3:     272976 bytes,    1314984 total
- age   4:     244016 bytes,    1559000 total
 70944K->55169K(83392K), 0.0018997 secs]
44.484: [GC
Desired survivor size 1343488 bytes, new threshold 3 (max 4)
- age   1:     555104 bytes,     555104 total
- age   2:     430104 bytes,     985208 total
- age   3:     412712 bytes,    1397920 total
- age   4:     272976 bytes,    1670896 total
 71127K->55517K(83392K), 0.0023970 secs]
44.500: [GC
Desired survivor size 1343488 bytes, new threshold 4 (max 4)
- age   1:     164704 bytes,     164704 total
- age   2:     529024 bytes,     693728 total
- age   3:     430104 bytes,    1123832 total
 71506K->55492K(83392K), 0.0021201 secs]
44.516: [GC
Desired survivor size 1343488 bytes, new threshold 4 (max 4)
- age   1:      94752 bytes,      94752 total
- age   2:      78968 bytes,     173720 total
- age   3:     529024 bytes,     702744 total
- age   4:     430104 bytes,    1132848 total
 71465K->55500K(83392K), 0.0017879 secs]
44.532: [GC
Desired survivor size 1343488 bytes, new threshold 4 (max 4)
- age   1:     288080 bytes,     288080 total
- age   2:      49472 bytes,     337552 total
- age   3:      78968 bytes,     416520 total
- age   4:     529024 bytes,     945544 total
 71480K->55737K(83392K), 0.0017955 secs]
44.545: [GC
Desired survivor size 1343488 bytes, new threshold 4 (max 4)
- age   1:     277488 bytes,     277488 total
- age   2:     174512 bytes,     452000 total
- age   3:      49472 bytes,     501472 total
- age   4:      78968 bytes,     580440 total
 71639K->55897K(83392K), 0.0019395 secs]
44.559: [GC
Desired survivor size 1343488 bytes, new threshold 4 (max 4)
- age   1:     453784 bytes,     453784 total
- age   2:     145240 bytes,     599024 total
- age   3:     119408 bytes,     718432 total
 71895K->56109K(83392K), 0.0020946 secs]
44.573: [GC
Desired survivor size 1343488 bytes, new threshold 4 (max 4)
- age   1:     528392 bytes,     528392 total
- age   2:     334528 bytes,     862920 total
 72039K->56250K(83392K), 0.0014188 secs]
44.587: [GC
Desired survivor size 1343488 bytes, new threshold 4 (max 4)
- age   1:     371440 bytes,     371440 total
- age   2:     214352 bytes,     585792 total
- age   3:     334528 bytes,     920320 total
 72247K->56306K(83392K), 0.0017099 secs]
44.600: [GC
Desired survivor size 1343488 bytes, new threshold 4 (max 4)
- age   1:     815280 bytes,     815280 total
- age   2:     215504 bytes,    1030784 total
- age   3:     214352 bytes,    1245136 total
- age   4:     334528 bytes,    1579664 total
 72201K->56949K(83392K), 0.0019533 secs]
44.614: [GC
Desired survivor size 1343488 bytes, new threshold 4 (max 4)
- age   1:     355024 bytes,     355024 total
- age   2:     739992 bytes,    1095016 total
- age   3:     215504 bytes,    1310520 total
- age   4:     154168 bytes,    1464688 total
 72918K->57164K(83392K), 0.0025832 secs]
44.629: [GC
Desired survivor size 1343488 bytes, new threshold 4 (max 4)
- age   1:     399344 bytes,     399344 total
- age   2:     130560 bytes,     529904 total
- age   3:     556544 bytes,    1086448 total
- age   4:     215504 bytes,    1301952 total
 73164K->57156K(83392K), 0.0018958 secs]
44.642: [GC
Desired survivor size 1343488 bytes, new threshold 4 (max 4)
- age   1:     533520 bytes,     533520 total
- age   2:     319464 bytes,     852984 total
- age   3:     130520 bytes,     983504 total
- age   4:     556544 bytes,    1540048 total
 73102K->57599K(83392K), 0.0023213 secs]
44.656: [GC
Desired survivor size 1343488 bytes, new threshold 4 (max 4)
- age   1:     531120 bytes,     531120 total
- age   2:     450512 bytes,     981632 total
- age   3:     319464 bytes,    1301096 total
- age   4:     130520 bytes,    1431616 total
 73594K->58036K(83392K), 0.0027559 secs]
44.670: [GC
Desired survivor size 1343488 bytes, new threshold 3 (max 4)
- age   1:    1026616 bytes,    1026616 total
- age   2:     219128 bytes,    1245744 total
- age   3:     450512 bytes,    1696256 total
- age   4:     319464 bytes,    2015720 total
 73989K->58734K(83392K), 0.0024894 secs]
44.686: [GC
Desired survivor size 1343488 bytes, new threshold 4 (max 4)
- age   1:     336152 bytes,     336152 total
- age   2:     737064 bytes,    1073216 total
- age   3:     190456 bytes,    1263672 total
 74721K->58752K(83392K), 0.0026001 secs]
44.700: [GC
Desired survivor size 1343488 bytes, new threshold 4 (max 4)
- age   1:     612056 bytes,     612056 total
- age   2:     168120 bytes,     780176 total
- age   3:     501032 bytes,    1281208 total
- age   4:     158880 bytes,    1440088 total
 74741K->58924K(83392K), 0.0018684 secs]
44.718: [GC
Desired survivor size 1343488 bytes, new threshold 4 (max 4)
- age   1:     564136 bytes,     564136 total
- age   2:      37384 bytes,     601520 total
- age   3:     168120 bytes,     769640 total
- age   4:     416856 bytes,    1186496 total
 74854K->58830K(83392K), 0.0018506 secs]
44.733: [GC
Desired survivor size 1343488 bytes, new threshold 4 (max 4)
- age   1:     431760 bytes,     431760 total
- age   2:     156152 bytes,     587912 total
- age   3:      37384 bytes,     625296 total
- age   4:     168120 bytes,     793416 total
 74825K->58854K(83392K), 0.0018426 secs]
44.747: [GC
Desired survivor size 1343488 bytes, new threshold 4 (max 4)
- age   1:     685072 bytes,     685072 total
- age   2:     106456 bytes,     791528 total
- age   3:     156120 bytes,     947648 total
- age   4:      37384 bytes,     985032 total
 74839K->59206K(83392K), 0.0018000 secs]
44.761: [GC
Desired survivor size 1343488 bytes, new threshold 3 (max 4)
- age   1:    1061456 bytes,    1061456 total
- age   2:     221504 bytes,    1282960 total
- age   3:     106456 bytes,    1389416 total
- age   4:     156120 bytes,    1545536 total
 75178K->59790K(83392K), 0.0031287 secs]
44.775: [GC
Desired survivor size 1343488 bytes, new threshold 3 (max 4)
- age   1:     246800 bytes,     246800 total
- age   2:    1029664 bytes,    1276464 total
- age   3:     221504 bytes,    1497968 total
 75786K->60007K(83392K), 0.0024606 secs]
44.790: [GC
Desired survivor size 1343488 bytes, new threshold 3 (max 4)
- age   1:     590640 bytes,     590640 total
- age   2:     134888 bytes,     725528 total
- age   3:    1029664 bytes,    1755192 total
 75975K->60467K(83392K), 0.0028153 secs]
44.807: [GC
Desired survivor size 1343488 bytes, new threshold 3 (max 4)
- age   1:     727832 bytes,     727832 total
- age   2:     590640 bytes,    1318472 total
- age   3:     134888 bytes,    1453360 total
 76467K->61178K(83392K), 0.0040456 secs]
44.824: [GC
Desired survivor size 1343488 bytes, new threshold 2 (max 4)
- age   1:     932024 bytes,     932024 total
- age   2:     659440 bytes,    1591464 total
- age   3:     590640 bytes,    2182104 total
 77165K->62022K(83392K), 0.0028086 secs]
44.838: [GC
Desired survivor size 1343488 bytes, new threshold 4 (max 4)
- age   1:     124136 bytes,     124136 total
- age   2:     858344 bytes,     982480 total
 78000K->61971K(83392K), 0.0027487 secs]
44.852: [GC
Desired survivor size 1343488 bytes, new threshold 3 (max 4)
- age   1:     708072 bytes,     708072 total
- age   2:      45064 bytes,     753136 total
- age   3:     858344 bytes,    1611480 total
 77956K->62585K(83392K), 0.0022617 secs]
44.869: [GC
Desired survivor size 1343488 bytes, new threshold 2 (max 4)
- age   1:     741184 bytes,     741184 total
- age   2:     625424 bytes,    1366608 total
- age   3:      45064 bytes,    1411672 total
 78531K->63227K(83392K), 0.0027178 secs]
44.885: [GC
Desired survivor size 1343488 bytes, new threshold 4 (max 4)
- age   1:     507960 bytes,     507960 total
- age   2:     571144 bytes,    1079104 total
 79212K->63141K(83392K), 0.0020030 secs]
44.899: [GC
Desired survivor size 1343488 bytes, new threshold 4 (max 4)
- age   1:     383080 bytes,     383080 total
- age   2:     376248 bytes,     759328 total
- age   3:     571144 bytes,    1330472 total
 79125K->63386K(83392K), 0.0018748 secs]
44.913: [GC
Desired survivor size 1343488 bytes, new threshold 4 (max 4)
- age   1:     466616 bytes,     466616 total
- age   2:     314128 bytes,     780744 total
- age   3:     376248 bytes,    1156992 total
- age   4:     571144 bytes,    1728136 total
 79344K->63774K(83392K), 0.0023837 secs]
44.927: [GC
Desired survivor size 1343488 bytes, new threshold 3 (max 4)
- age   1:     897512 bytes,     897512 total
- age   2:     226512 bytes,    1124024 total
- age   3:     314128 bytes,    1438152 total
- age   4:     376248 bytes,    1814400 total
 79711K->64418K(83392K), 0.0025984 secs]
44.942: [GC
Desired survivor size 1343488 bytes, new threshold 4 (max 4)
- age   1:     197560 bytes,     197560 total
- age   2:     743344 bytes,     940904 total
- age   3:     226512 bytes,    1167416 total
 80387K->64208K(83392K), 0.0023314 secs]
44.956: [GC
Desired survivor size 1343488 bytes, new threshold 3 (max 4)
- age   1:     817280 bytes,     817280 total
- age   2:     118480 bytes,     935760 total
- age   3:     743344 bytes,    1679104 total
- age   4:     226512 bytes,    1905616 total
 80185K->64929K(83392K), 0.0024865 secs]
44.977: [GC
Desired survivor size 1343488 bytes, new threshold 2 (max 4)
- age   1:     623032 bytes,     623032 total
- age   2:     726680 bytes,    1349712 total
- age   3:     118480 bytes,    1468192 total
 80929K->81314K(83392K), 0.0039548 secs]
44.981: [Full GC 81314K->8484K(83392K), 0.0867986 secs]
45.080: [GC
Desired survivor size 1343488 bytes, new threshold 4 (max 4)
- age   1:     596208 bytes,     596208 total
 24431K->9070K(83392K), 0.0013395 secs]
45.094: [GC
Desired survivor size 1343488 bytes, new threshold 4 (max 4)
- age   1:     392056 bytes,     392056 total
- age   2:     527720 bytes,     919776 total
 25055K->9384K(83392K), 0.0013575 secs]
45.108: [GC
Desired survivor size 1343488 bytes, new threshold 3 (max 4)
- age   1:     488256 bytes,     488256 total
- age   2:     378296 bytes,     866552 total
- age   3:     527720 bytes,    1394272 total
 25360K->9847K(83392K), 0.0015193 secs]
45.122: [GC
Desired survivor size 1343488 bytes, new threshold 4 (max 4)
- age   1:     112856 bytes,     112856 total
- age   2:     435504 bytes,     548360 total
- age   3:     233288 bytes,     781648 total
 25782K->9767K(83392K), 0.0016082 secs]
45.138: [GC
Desired survivor size 1343488 bytes, new threshold 3 (max 4)
- age   1:     849536 bytes,     849536 total
- age   2:      78904 bytes,     928440 total
- age   3:     435504 bytes,    1363944 total
- age   4:     233288 bytes,    1597232 total
 25705K->10566K(83392K), 0.0017421 secs]
45.153: [GC
Desired survivor size 1343488 bytes, new threshold 2 (max 4)
- age   1:    1001648 bytes,    1001648 total
- age   2:     685920 bytes,    1687568 total
- age   3:        864 bytes,    1688432 total
 26516K->11307K(83392K), 0.0033044 secs]
45.178: [GC
Desired survivor size 1343488 bytes, new threshold 4 (max 4)
- age   1:     178864 bytes,     178864 total
- age   2:     831608 bytes,    1010472 total
 27245K->11038K(83392K), 0.0020889 secs]
45.193: [GC
Desired survivor size 1343488 bytes, new threshold 3 (max 4)
- age   1:     542960 bytes,     542960 total
- age   2:      93904 bytes,     636864 total
- age   3:     831608 bytes,    1468472 total
 27030K->11494K(83392K), 0.0038966 secs]
45.208: [GC
Desired survivor size 1343488 bytes, new threshold 4 (max 4)
- age   1:     370952 bytes,     370952 total
- age   2:     460224 bytes,     831176 total
- age   3:      93904 bytes,     925080 total
 27421K->11772K(83392K), 0.0029224 secs]
45.224: [GC
Desired survivor size 1343488 bytes, new threshold 4 (max 4)
- age   1:     539680 bytes,     539680 total
- age   2:     204616 bytes,     744296 total
- age   3:     460224 bytes,    1204520 total
- age   4:      93904 bytes,    1298424 total
 27772K->12136K(83392K), 0.0016588 secs]
45.237: [GC
Desired survivor size 1343488 bytes, new threshold 4 (max 4)
- age   1:     135792 bytes,     135792 total
- age   2:     458184 bytes,     593976 total
- age   3:     204584 bytes,     798560 total
- age   4:     416384 bytes,    1214944 total
 28089K->12157K(83392K), 0.0022315 secs]
45.254: [GC
Desired survivor size 1343488 bytes, new threshold 4 (max 4)
- age   1:     436400 bytes,     436400 total
- age   2:      51184 bytes,     487584 total
- age   3:     458184 bytes,     945768 total
- age   4:      47696 bytes,     993464 total
 28151K->12169K(83392K), 0.0019807 secs]
45.268: [GC
Desired survivor size 1343488 bytes, new threshold 4 (max 4)
- age   1:     517680 bytes,     517680 total
- age   2:     265480 bytes,     783160 total
- age   3:      51184 bytes,     834344 total
- age   4:     368400 bytes,    1202744 total
 28169K->12421K(83392K), 0.0017998 secs]
45.288: [GC
Desired survivor size 1343488 bytes, new threshold 4 (max 4)
- age   1:     279952 bytes,     279952 total
- age   2:     345120 bytes,     625072 total
- age   3:     265480 bytes,     890552 total
- age   4:      51184 bytes,     941736 total
 28284K->12531K(83392K), 0.0020741 secs]
45.304: [GC
Desired survivor size 1343488 bytes, new threshold 4 (max 4)
- age   1:     431048 bytes,     431048 total
- age   2:     200264 bytes,     631312 total
- age   3:     345120 bytes,     976432 total
- age   4:     265480 bytes,    1241912 total
 28531K->12828K(83392K), 0.0016319 secs]
45.321: [GC
Desired survivor size 1343488 bytes, new threshold 4 (max 4)
- age   1:     109432 bytes,     109432 total
- age   2:     349864 bytes,     459296 total
- age   3:     175864 bytes,     635160 total
- age   4:     172312 bytes,     807472 total
 28805K->12653K(83392K), 0.0020990 secs]
45.335: [GC
Desired survivor size 1343488 bytes, new threshold 4 (max 4)
- age   1:     154504 bytes,     154504 total
- age   2:      84712 bytes,     239216 total
- age   3:     349864 bytes,     589080 total
- age   4:      94352 bytes,     683432 total
 28651K->12721K(83392K), 0.0014153 secs]
45.350: [GC
Desired survivor size 1343488 bytes, new threshold 4 (max 4)
- age   1:     522096 bytes,     522096 total
- age   2:     154504 bytes,     676600 total
- age   3:      84712 bytes,     761312 total
- age   4:     349864 bytes,    1111176 total
 28719K->13216K(83392K), 0.0015659 secs]
45.363: [GC
Desired survivor size 1343488 bytes, new threshold 4 (max 4)
- age   1:     516216 bytes,     516216 total
- age   2:     417976 bytes,     934192 total
- age   3:     154464 bytes,    1088656 total
- age   4:      84712 bytes,    1173368 total
 29163K->13617K(83392K), 0.0017009 secs]
45.378: [GC
Desired survivor size 1343488 bytes, new threshold 4 (max 4)
- age   1:     246832 bytes,     246832 total
- age   2:     459408 bytes,     706240 total
- age   3:     417976 bytes,    1124216 total
- age   4:     129536 bytes,    1253752 total
 29617K->13772K(83392K), 0.0017254 secs]
45.393: [GC
Desired survivor size 1343488 bytes, new threshold 4 (max 4)
- age   1:     684240 bytes,     684240 total
- age   2:      64376 bytes,     748616 total
- age   3:     459408 bytes,    1208024 total
- age   4:     417976 bytes,    1626000 total
 29772K->14268K(83392K), 0.0025472 secs]
45.407: [GC
Desired survivor size 1343488 bytes, new threshold 4 (max 4)
- age   1:      96320 bytes,      96320 total
- age   2:     617008 bytes,     713328 total
- age   3:      64376 bytes,     777704 total
- age   4:     459408 bytes,    1237112 total
 30232K->14256K(83392K), 0.0026757 secs]
45.422: [GC
Desired survivor size 1343488 bytes, new threshold 4 (max 4)
- age   1:     168808 bytes,     168808 total
- age   2:      24944 bytes,     193752 total
- age   3:     617008 bytes,     810760 total
- age   4:      64376 bytes,     875136 total
 30221K->14362K(83392K), 0.0015567 secs]
45.436: [GC
Desired survivor size 1343488 bytes, new threshold 4 (max 4)
- age   1:     375296 bytes,     375296 total
- age   2:     132088 bytes,     507384 total
- age   3:      24944 bytes,     532328 total
- age   4:     617008 bytes,    1149336 total
 30356K->14688K(83392K), 0.0016564 secs]
45.450: [GC
Desired survivor size 1343488 bytes, new threshold 4 (max 4)
- age   1:     570768 bytes,     570768 total
- age   2:     325888 bytes,     896656 total
- age   3:     132088 bytes,    1028744 total
- age   4:      24944 bytes,    1053688 total
 30668K->15075K(83392K), 0.0023404 secs]
45.465: [GC
Desired survivor size 1343488 bytes, new threshold 4 (max 4)
- age   1:     236104 bytes,     236104 total
- age   2:     408064 bytes,     644168 total
- age   3:     325888 bytes,     970056 total
- age   4:     132088 bytes,    1102144 total
 31039K->15146K(83392K), 0.0015890 secs]
45.479: [GC
Desired survivor size 1343488 bytes, new threshold 4 (max 4)
- age   1:     604072 bytes,     604072 total
- age   2:     236104 bytes,     840176 total
- age   3:     240256 bytes,    1080432 total
- age   4:     312800 bytes,    1393232 total
 31130K->15486K(83392K), 0.0016403 secs]
45.492: [GC
Desired survivor size 1343488 bytes, new threshold 4 (max 4)
- age   1:     180664 bytes,     180664 total
- age   2:     470224 bytes,     650888 total
- age   3:     236104 bytes,     886992 total
- age   4:     240256 bytes,    1127248 total
 31476K->15403K(83392K), 0.0018660 secs]
45.505: [GC
Desired survivor size 1343488 bytes, new threshold 4 (max 4)
- age   1:     390416 bytes,     390416 total
- age   2:     120368 bytes,     510784 total
- age   3:     297456 bytes,     808240 total
- age   4:     107416 bytes,     915656 total
 31362K->15433K(83392K), 0.0020089 secs]
45.520: [GC
Desired survivor size 1343488 bytes, new threshold 4 (max 4)
- age   1:     417768 bytes,     417768 total
- age   2:     246384 bytes,     664152 total
- age   3:     120368 bytes,     784520 total
- age   4:     297456 bytes,    1081976 total
 31433K->15600K(83392K), 0.0016185 secs]
45.535: [GC
Desired survivor size 1343488 bytes, new threshold 4 (max 4)
- age   1:     504240 bytes,     504240 total
- age   2:     283440 bytes,     787680 total
- age   3:     246384 bytes,    1034064 total
- age   4:     120368 bytes,    1154432 total
 31587K->15962K(83392K), 0.0025022 secs]
45.551: [GC
Desired survivor size 1343488 bytes, new threshold 4 (max 4)
- age   1:     185520 bytes,     185520 total
- age   2:     212448 bytes,     397968 total
- age   3:     283440 bytes,     681408 total
- age   4:     246384 bytes,     927792 total
 31944K->15859K(83392K), 0.0022188 secs]
45.566: [GC
Desired survivor size 1343488 bytes, new threshold 4 (max 4)
- age   1:     413424 bytes,     413424 total
- age   2:     158160 bytes,     571584 total
- age   3:     118360 bytes,     689944 total
- age   4:     283440 bytes,     973384 total
 31842K->16142K(83392K), 0.0017857 secs]
45.589: [GC
Desired survivor size 1343488 bytes, new threshold 4 (max 4)
- age   1:      60256 bytes,      60256 total
- age   2:     328624 bytes,     388880 total
- age   3:     157048 bytes,     545928 total
- age   4:     118360 bytes,     664288 total
 32142K->16117K(83392K), 0.0014120 secs]
45.601: [GC
Desired survivor size 1343488 bytes, new threshold 4 (max 4)
- age   1:     143552 bytes,     143552 total
- age   2:      26024 bytes,     169576 total
- age   3:     291576 bytes,     461152 total
- age   4:     157048 bytes,     618200 total
 32110K->16194K(83392K), 0.0013720 secs]
45.619: [GC
Desired survivor size 1343488 bytes, new threshold 4 (max 4)
- age   1:     388216 bytes,     388216 total
- age   2:      57944 bytes,     446160 total
- age   3:      26024 bytes,     472184 total
- age   4:     291576 bytes,     763760 total
 32194K->16497K(83392K), 0.0014561 secs]
45.632: [GC
Desired survivor size 1343488 bytes, new threshold 4 (max 4)
- age   1:     667344 bytes,     667344 total
- age   2:     336192 bytes,    1003536 total
- age   3:      57944 bytes,    1061480 total
- age   4:      26024 bytes,    1087504 total
 32457K->17112K(83392K), 0.0018699 secs]
45.646: [GC
Desired survivor size 1343488 bytes, new threshold 4 (max 4)
- age   1:     423864 bytes,     423864 total
- age   2:     350160 bytes,     774024 total
- age   3:     241240 bytes,    1015264 total
- age   4:      57944 bytes,    1073208 total
 33084K->17108K(83392K), 0.0015493 secs]
45.659: [GC
Desired survivor size 1343488 bytes, new threshold 3 (max 4)
- age   1:     873504 bytes,     873504 total
- age   2:     280944 bytes,    1154448 total
- age   3:     324792 bytes,    1479240 total
- age   4:     241240 bytes,    1720480 total
 33089K->17789K(83392K), 0.0027904 secs]
45.675: [GC
Desired survivor size 1343488 bytes, new threshold 4 (max 4)
- age   1:     615920 bytes,     615920 total
- age   2:     551968 bytes,    1167888 total
- age   3:      63088 bytes,    1230976 total
 33764K->17759K(83392K), 0.0020432 secs]
45.690: [GC
Desired survivor size 1343488 bytes, new threshold 4 (max 4)
- age   1:     246712 bytes,     246712 total
- age   2:     584256 bytes,     830968 total
- age   3:     462192 bytes,    1293160 total
- age   4:      63088 bytes,    1356248 total
 33757K->17876K(83392K), 0.0019041 secs]
45.703: [GC
Desired survivor size 1343488 bytes, new threshold 4 (max 4)
- age   1:     303392 bytes,     303392 total
- age   2:     212672 bytes,     516064 total
- age   3:     584256 bytes,    1100320 total
- age   4:     462192 bytes,    1562512 total
 33875K->18139K(83392K), 0.0019603 secs]
45.717: [GC
Desired survivor size 1343488 bytes, new threshold 4 (max 4)
- age   1:     162424 bytes,     162424 total
- age   2:     222296 bytes,     384720 total
- age   3:     212672 bytes,     597392 total
- age   4:     584256 bytes,    1181648 total
 34113K->18115K(83392K), 0.0018974 secs]
45.730: [GC
Desired survivor size 1343488 bytes, new threshold 4 (max 4)
- age   1:     412552 bytes,     412552 total
- age   2:      94552 bytes,     507104 total
- age   3:     222296 bytes,     729400 total
- age   4:     165848 bytes,     895248 total
 34114K->18406K(83392K), 0.0017922 secs]
45.744: [GC
Desired survivor size 1343488 bytes, new threshold 4 (max 4)
- age   1:     465728 bytes,     465728 total
- age   2:     343408 bytes,     809136 total
- age   3:      94552 bytes,     903688 total
- age   4:     222296 bytes,    1125984 total
 34403K->18639K(83392K), 0.0016562 secs]
45.758: [GC
Desired survivor size 1343488 bytes, new threshold 4 (max 4)
- age   1:     183816 bytes,     183816 total
- age   2:     423808 bytes,     607624 total
- age   3:     223440 bytes,     831064 total
- age   4:      94552 bytes,     925616 total
 34629K->18660K(83392K), 0.0014219 secs]
45.772: [GC
Desired survivor size 1343488 bytes, new threshold 4 (max 4)
- age   1:     584248 bytes,     584248 total
- age   2:      82216 bytes,     666464 total
- age   3:     423808 bytes,    1090272 total
- age   4:     223440 bytes,    1313712 total
 34653K->19131K(83392K), 0.0018572 secs]
45.787: [GC
Desired survivor size 1343488 bytes, new threshold 4 (max 4)
- age   1:     517536 bytes,     517536 total
- age   2:     231272 bytes,     748808 total
- age   3:      82216 bytes,     831024 total
- age   4:     423808 bytes,    1254832 total
 35126K->19292K(83392K), 0.0018588 secs]
45.800: [GC
Desired survivor size 1343488 bytes, new threshold 4 (max 4)
- age   1:     212960 bytes,     212960 total
- age   2:     440440 bytes,     653400 total
- age   3:     105592 bytes,     758992 total
- age   4:       8352 bytes,     767344 total
 35243K->19229K(83392K), 0.0018214 secs]
45.815: [GC
Desired survivor size 1343488 bytes, new threshold 4 (max 4)
- age   1:     641096 bytes,     641096 total
- age   2:     187648 bytes,     828744 total
- age   3:     440440 bytes,    1269184 total
- age   4:     105592 bytes,    1374776 total
 35205K->19834K(83392K), 0.0018620 secs]
45.828: [GC
Desired survivor size 1343488 bytes, new threshold 4 (max 4)
- age   1:     457976 bytes,     457976 total
- age   2:     373872 bytes,     831848 total
- age   3:     187648 bytes,    1019496 total
- age   4:     440440 bytes,    1459936 total
 35826K->20018K(83392K), 0.0025498 secs]
45.843: [GC
Desired survivor size 1343488 bytes, new threshold 2 (max 4)
- age   1:    1089000 bytes,    1089000 total
- age   2:     312800 bytes,    1401800 total
- age   3:     306656 bytes,    1708456 total
- age   4:     187648 bytes,    1896104 total
 36016K->20874K(83392K), 0.0026296 secs]
45.857: [GC
Desired survivor size 1343488 bytes, new threshold 4 (max 4)
- age   1:     263384 bytes,     263384 total
- age   2:     978888 bytes,    1242272 total
 36828K->20959K(83392K), 0.0027992 secs]
45.872: [GC
Desired survivor size 1343488 bytes, new threshold 3 (max 4)
- age   1:     580336 bytes,     580336 total
- age   2:      90224 bytes,     670560 total
- age   3:     978888 bytes,    1649448 total
 36922K->21356K(83392K), 0.0020590 secs]
45.885: [GC
Desired survivor size 1343488 bytes, new threshold 4 (max 4)
- age   1:     612984 bytes,     612984 total
- age   2:     449800 bytes,    1062784 total
- age   3:      90224 bytes,    1153008 total
 37280K->21686K(83392K), 0.0024937 secs]
45.900: [GC
Desired survivor size 1343488 bytes, new threshold 2 (max 4)
- age   1:     921584 bytes,     921584 total
- age   2:     537072 bytes,    1458656 total
- age   3:     338552 bytes,    1797208 total
- age   4:      52056 bytes,    1849264 total
 37658K->22365K(83392K), 0.0020207 secs]
45.914: [GC
Desired survivor size 1343488 bytes, new threshold 4 (max 4)
- age   1:     347096 bytes,     347096 total
- age   2:     809800 bytes,    1156896 total
 38352K->22595K(83392K), 0.0023984 secs]
45.930: [GC
Desired survivor size 1343488 bytes, new threshold 4 (max 4)
- age   1:     270264 bytes,     270264 total
- age   2:     276848 bytes,     547112 total
- age   3:     767608 bytes,    1314720 total
 38565K->22749K(83392K), 0.0017029 secs]
45.943: [GC
Desired survivor size 1343488 bytes, new threshold 4 (max 4)
- age   1:     294992 bytes,     294992 total
- age   2:     231400 bytes,     526392 total
- age   3:     276848 bytes,     803240 total
- age   4:     557288 bytes,    1360528 total
 38723K->22794K(83392K), 0.0017777 secs]
45.956: [GC
Desired survivor size 1343488 bytes, new threshold 4 (max 4)
- age   1:     327720 bytes,     327720 total
- age   2:     251784 bytes,     579504 total
- age   3:     115952 bytes,     695456 total
- age   4:     276848 bytes,     972304 total
 38746K->22732K(83392K), 0.0018484 secs]
45.970: [GC
Desired survivor size 1343488 bytes, new threshold 4 (max 4)
- age   1:     218880 bytes,     218880 total
- age   2:     276568 bytes,     495448 total
- age   3:     251784 bytes,     747232 total
- age   4:     115952 bytes,     863184 total
 38699K->22894K(83392K), 0.0018267 secs]
45.983: [GC
Desired survivor size 1343488 bytes, new threshold 4 (max 4)
- age   1:     564328 bytes,     564328 total
- age   2:     180032 bytes,     744360 total
- age   3:     157904 bytes,     902264 total
- age   4:     251784 bytes,    1154048 total
 38859K->23293K(83392K), 0.0018595 secs]
46.000: [GC
Desired survivor size 1343488 bytes, new threshold 3 (max 4)
- age   1:     751648 bytes,     751648 total
- age   2:     519048 bytes,    1270696 total
- age   3:     180032 bytes,    1450728 total
- age   4:     157904 bytes,    1608632 total
 39293K->23788K(83392K), 0.0019622 secs]
46.015: [GC
Desired survivor size 1343488 bytes, new threshold 3 (max 4)
- age   1:     223096 bytes,     223096 total
- age   2:     637712 bytes,     860808 total
- age   3:     519048 bytes,    1379856 total
 39758K->23895K(83392K), 0.0024625 secs]
46.029: [GC
Desired survivor size 1343488 bytes, new threshold 3 (max 4)
- age   1:    1027336 bytes,    1027336 total
- age   2:     168688 bytes,    1196024 total
- age   3:     499200 bytes,    1695224 total
 39841K->24710K(83392K), 0.0026377 secs]
46.044: [GC
Desired survivor size 1343488 bytes, new threshold 3 (max 4)
- age   1:     271704 bytes,     271704 total
- age   2:     909112 bytes,    1180816 total
- age   3:     168688 bytes,    1349504 total
 40687K->24731K(83392K), 0.0019689 secs]
46.058: [GC
Desired survivor size 1343488 bytes, new threshold 3 (max 4)
- age   1:    1015536 bytes,    1015536 total
- age   2:     142704 bytes,    1158240 total
- age   3:     909112 bytes,    2067352 total
 40689K->25479K(83392K), 0.0027950 secs]
46.072: [GC
Desired survivor size 1343488 bytes, new threshold 2 (max 4)
- age   1:     534416 bytes,     534416 total
- age   2:     970208 bytes,    1504624 total
- age   3:     142704 bytes,    1647328 total
 41451K->25516K(83392K), 0.0029274 secs]
46.087: [GC
Desired survivor size 1343488 bytes, new threshold 4 (max 4)
- age   1:     112688 bytes,     112688 total
- age   2:     415216 bytes,     527904 total
 41495K->25510K(83392K), 0.0019907 secs]
46.100: [GC
Desired survivor size 1343488 bytes, new threshold 4 (max 4)
- age   1:     459512 bytes,     459512 total
- age   2:      51248 bytes,     510760 total
- age   3:     181544 bytes,     692304 total
 41484K->25670K(83392K), 0.0012548 secs]
46.114: [GC
Desired survivor size 1343488 bytes, new threshold 4 (max 4)
- age   1:     821272 bytes,     821272 total
- age   2:     159952 bytes,     981224 total
- age   3:      51248 bytes,    1032472 total
- age   4:     181544 bytes,    1214016 total
 41616K->26178K(83392K), 0.0015211 secs]
46.129: [GC
Desired survivor size 1343488 bytes, new threshold 2 (max 4)
- age   1:     634640 bytes,     634640 total
- age   2:     780120 bytes,    1414760 total
- age   3:     159952 bytes,    1574712 total
- age   4:      51248 bytes,    1625960 total
 42089K->26655K(83392K), 0.0019576 secs]
46.143: [GC
Desired survivor size 1343488 bytes, new threshold 4 (max 4)
- age   1:     285296 bytes,     285296 total
- age   2:     554352 bytes,     839648 total
 42612K->26856K(83392K), 0.0024151 secs]
46.158: [GC
Desired survivor size 1343488 bytes, new threshold 3 (max 4)
- age   1:     846952 bytes,     846952 total
- age   2:     201560 bytes,    1048512 total
- age   3:     554352 bytes,    1602864 total
 42853K->27601K(83392K), 0.0026288 secs]
46.172: [GC
Desired survivor size 1343488 bytes, new threshold 3 (max 4)
- age   1:     384696 bytes,     384696 total
- age   2:     846952 bytes,    1231648 total
- age   3:     201560 bytes,    1433208 total
 43599K->27977K(83392K), 0.0028271 secs]
46.191: [GC
Desired survivor size 1343488 bytes, new threshold 4 (max 4)
- age   1:     201024 bytes,     201024 total
- age   2:     242440 bytes,     443464 total
- age   3:     846952 bytes,    1290416 total
 43938K->28034K(83392K), 0.0017379 secs]
46.205: [GC
Desired survivor size 1343488 bytes, new threshold 4 (max 4)
- age   1:     394128 bytes,     394128 total
- age   2:      52240 bytes,     446368 total
- age   3:     156152 bytes,     602520 total
- age   4:     624424 bytes,    1226944 total
 44030K->27973K(83392K), 0.0015945 secs]
46.219: [GC
Desired survivor size 1343488 bytes, new threshold 4 (max 4)
- age   1:     679912 bytes,     679912 total
- age   2:     309480 bytes,     989392 total
- age   3:      52120 bytes,    1041512 total
- age   4:     156152 bytes,    1197664 total
 43964K->28555K(83392K), 0.0021477 secs]
46.235: [GC
Desired survivor size 1343488 bytes, new threshold 4 (max 4)
- age   1:     325384 bytes,     325384 total
- age   2:     522008 bytes,     847392 total
- age   3:     309392 bytes,    1156784 total
- age   4:      52120 bytes,    1208904 total
 44543K->28719K(83392K), 0.0024658 secs]
46.251: [GC
Desired survivor size 1343488 bytes, new threshold 4 (max 4)
- age   1:     440800 bytes,     440800 total
- age   2:     253664 bytes,     694464 total
- age   3:     522008 bytes,    1216472 total
- age   4:     309392 bytes,    1525864 total
 44692K->29083K(83392K), 0.0018335 secs]
46.266: [GC
Desired survivor size 1343488 bytes, new threshold 4 (max 4)
- age   1:     437768 bytes,     437768 total
- age   2:     362832 bytes,     800600 total
- age   3:     253664 bytes,    1054264 total
- age   4:     522008 bytes,    1576272 total
 45061K->29361K(83392K), 0.0025838 secs]
46.280: [GC
Desired survivor size 1343488 bytes, new threshold 3 (max 4)
- age   1:    1053000 bytes,    1053000 total
- age   2:     254400 bytes,    1307400 total
- age   3:      64144 bytes,    1371544 total
- age   4:     253664 bytes,    1625208 total
 45355K->29918K(83392K), 0.0023579 secs]
46.302: [GC
Desired survivor size 1343488 bytes, new threshold 3 (max 4)
- age   1:     355240 bytes,     355240 total
- age   2:     928352 bytes,    1283592 total
- age   3:     254400 bytes,    1537992 total
 45918K->30081K(83392K), 0.0022460 secs]
46.317: [GC
Desired survivor size 1343488 bytes, new threshold 4 (max 4)
- age   1:     172360 bytes,     172360 total
- age   2:     355240 bytes,     527600 total
- age   3:     713720 bytes,    1241320 total
 46055K->30042K(83392K), 0.0020201 secs]
46.332: [GC
Desired survivor size 1343488 bytes, new threshold 4 (max 4)
- age   1:     413192 bytes,     413192 total
- age   2:     115472 bytes,     528664 total
- age   3:     217392 bytes,     746056 total
- age   4:     354600 bytes,    1100656 total
 46010K->29907K(83392K), 0.0015633 secs]
46.346: [GC
Desired survivor size 1343488 bytes, new threshold 4 (max 4)
- age   1:     630152 bytes,     630152 total
- age   2:     220344 bytes,     850496 total
- age   3:     115472 bytes,     965968 total
- age   4:     217392 bytes,    1183360 total
 45785K->30339K(83392K), 0.0018531 secs]
46.360: [GC
Desired survivor size 1343488 bytes, new threshold 4 (max 4)
- age   1:     478896 bytes,     478896 total
- age   2:     164632 bytes,     643528 total
- age   3:     220344 bytes,     863872 total
- age   4:     115472 bytes,     979344 total
 46287K->30348K(83392K), 0.0019632 secs]
46.373: [GC
Desired survivor size 1343488 bytes, new threshold 4 (max 4)
- age   1:     284152 bytes,     284152 total
- age   2:      67872 bytes,     352024 total
- age   3:     164632 bytes,     516656 total
- age   4:     220304 bytes,     736960 total
 46233K->30219K(83392K), 0.0015623 secs]
46.390: [GC
Desired survivor size 1343488 bytes, new threshold 4 (max 4)
- age   1:     209056 bytes,     209056 total
- age   2:      83008 bytes,     292064 total
- age   3:      67872 bytes,     359936 total
- age   4:     164632 bytes,     524568 total
 46219K->30153K(83392K), 0.0015096 secs]
46.403: [GC
Desired survivor size 1343488 bytes, new threshold 4 (max 4)
- age   1:     524312 bytes,     524312 total
- age   2:      82440 bytes,     606752 total
- age   3:      83008 bytes,     689760 total
- age   4:      67872 bytes,     757632 total
 46152K->30541K(83392K), 0.0014583 secs]
46.422: [GC
Desired survivor size 1343488 bytes, new threshold 4 (max 4)
- age   1:     772872 bytes,     772872 total
- age   2:     299320 bytes,    1072192 total
- age   3:      82440 bytes,    1154632 total
- age   4:      83008 bytes,    1237640 total
 46487K->31074K(83392K), 0.0020247 secs]
46.436: [GC
Desired survivor size 1343488 bytes, new threshold 4 (max 4)
- age   1:     115536 bytes,     115536 total
- age   2:     613912 bytes,     729448 total
- age   3:     299320 bytes,    1028768 total
- age   4:      82440 bytes,    1111208 total
 47064K->31032K(83392K), 0.0019237 secs]
46.451: [GC
Desired survivor size 1343488 bytes, new threshold 4 (max 4)
- age   1:     239624 bytes,     239624 total
- age   2:      33728 bytes,     273352 total
- age   3:     493328 bytes,     766680 total
- age   4:     299320 bytes,    1066000 total
 47027K->31074K(83392K), 0.0014987 secs]
46.464: [GC
Desired survivor size 1343488 bytes, new threshold 4 (max 4)
- age   1:     120296 bytes,     120296 total
- age   2:       4424 bytes,     124720 total
- age   3:      33728 bytes,     158448 total
- age   4:     493328 bytes,     651776 total
 47062K->30960K(83392K), 0.0024380 secs]
46.482: [GC
Desired survivor size 1343488 bytes, new threshold 4 (max 4)
- age   1:     380904 bytes,     380904 total
- age   2:      26736 bytes,     407640 total
- age   3:       4424 bytes,     412064 total
- age   4:      33728 bytes,     445792 total
 46956K->31246K(83392K), 0.0014723 secs]
46.496: [GC
Desired survivor size 1343488 bytes, new threshold 4 (max 4)
- age   1:     573304 bytes,     573304 total
- age   2:     127656 bytes,     700960 total
- age   3:      26032 bytes,     726992 total
- age   4:       4424 bytes,     731416 total
 47230K->31558K(83392K), 0.0012270 secs]
46.508: [GC
Desired survivor size 1343488 bytes, new threshold 4 (max 4)
- age   1:     506728 bytes,     506728 total
- age   2:     204808 bytes,     711536 total
- age   3:     100936 bytes,     812472 total
- age   4:      26032 bytes,     838504 total
 47506K->31663K(83392K), 0.0023959 secs]
46.521: [GC
Desired survivor size 1343488 bytes, new threshold 4 (max 4)
- age   1:      69128 bytes,      69128 total
- age   2:     475984 bytes,     545112 total
- age   3:     204808 bytes,     749920 total
- age   4:     100936 bytes,     850856 total
 47636K->31676K(83392K), 0.0015552 secs]
46.536: [GC
Desired survivor size 1343488 bytes, new threshold 3 (max 4)
- age   1:    1078064 bytes,    1078064 total
- age   2:         40 bytes,    1078104 total
- age   3:     304112 bytes,    1382216 total
- age   4:     204808 bytes,    1587024 total
 47671K->32494K(83392K), 0.0019772 secs]
46.551: [GC
Desired survivor size 1343488 bytes, new threshold 2 (max 4)
- age   1:     504040 bytes,     504040 total
- age   2:    1004288 bytes,    1508328 total
 48494K->32913K(83392K), 0.0022917 secs]
46.566: [GC
Desired survivor size 1343488 bytes, new threshold 4 (max 4)
- age   1:     550048 bytes,     550048 total
- age   2:     427528 bytes,     977576 total
 48900K->33213K(83392K), 0.0022513 secs]
46.580: [GC
Desired survivor size 1343488 bytes, new threshold 4 (max 4)
- age   1:     421168 bytes,     421168 total
- age   2:     308712 bytes,     729880 total
- age   3:     182048 bytes,     911928 total
 49206K->33146K(83392K), 0.0015561 secs]
46.595: [GC
Desired survivor size 1343488 bytes, new threshold 4 (max 4)
- age   1:     584824 bytes,     584824 total
- age   2:      86640 bytes,     671464 total
- age   3:     308712 bytes,     980176 total
- age   4:     182048 bytes,    1162224 total
 49129K->33394K(83392K), 0.0019416 secs]
46.608: [GC
Desired survivor size 1343488 bytes, new threshold 3 (max 4)
- age   1:    1126336 bytes,    1126336 total
- age   2:     179224 bytes,    1305560 total
- age   3:      86640 bytes,    1392200 total
- age   4:     308712 bytes,    1700912 total
 49394K->34103K(83392K), 0.0025904 secs]
46.623: [GC
Desired survivor size 1343488 bytes, new threshold 4 (max 4)
- age   1:     151264 bytes,     151264 total
- age   2:     686312 bytes,     837576 total
- age   3:     179224 bytes,    1016800 total
 50029K->33814K(83392K), 0.0019147 secs]
46.637: [GC
Desired survivor size 1343488 bytes, new threshold 4 (max 4)
- age   1:     596960 bytes,     596960 total
- age   2:      72544 bytes,     669504 total
- age   3:     515712 bytes,    1185216 total
- age   4:     179224 bytes,    1364440 total
 49745K->34154K(83392K), 0.0019775 secs]
46.653: [GC
Desired survivor size 1343488 bytes, new threshold 4 (max 4)
- age   1:     565536 bytes,     565536 total
- age   2:     255664 bytes,     821200 total
- age   3:      72544 bytes,     893744 total
- age   4:     515712 bytes,    1409456 total
 50126K->34377K(83392K), 0.0024888 secs]
46.669: [GC
Desired survivor size 1343488 bytes, new threshold 4 (max 4)
- age   1:     568192 bytes,     568192 total
- age   2:     318376 bytes,     886568 total
- age   3:     169352 bytes,    1055920 total
- age   4:      72544 bytes,    1128464 total
 50351K->34601K(83392K), 0.0018637 secs]
46.687: [GC
Desired survivor size 1343488 bytes, new threshold 4 (max 4)
- age   1:     360832 bytes,     360832 total
- age   2:     262896 bytes,     623728 total
- age   3:     318376 bytes,     942104 total
- age   4:     169352 bytes,    1111456 total
 50597K->34656K(83392K), 0.0016622 secs]
46.702: [GC
Desired survivor size 1343488 bytes, new threshold 4 (max 4)
- age   1:     351784 bytes,     351784 total
- age   2:     330632 bytes,     682416 total
- age   3:      90264 bytes,     772680 total
- age   4:     318376 bytes,    1091056 total
 50646K->34807K(83392K), 0.0017088 secs]
46.716: [GC
Desired survivor size 1343488 bytes, new threshold 4 (max 4)
- age   1:     345120 bytes,     345120 total
- age   2:     231032 bytes,     576152 total
- age   3:      98744 bytes,     674896 total
- age   4:      90264 bytes,     765160 total
 50800K->34803K(83392K), 0.0017371 secs]
46.729: [GC
Desired survivor size 1343488 bytes, new threshold 4 (max 4)
- age   1:     206136 bytes,     206136 total
- age   2:     121136 bytes,     327272 total
- age   3:     231000 bytes,     558272 total
- age   4:      98744 bytes,     657016 total
 50787K->34695K(83392K), 0.0014765 secs]
46.741: [GC
Desired survivor size 1343488 bytes, new threshold 4 (max 4)
- age   1:     105768 bytes,     105768 total
- age   2:      70864 bytes,     176632 total
- age   3:     121136 bytes,     297768 total
- age   4:     231000 bytes,     528768 total
 50685K->34672K(83392K), 0.0014514 secs]
46.755: [GC
Desired survivor size 1343488 bytes, new threshold 4 (max 4)
- age   1:     552472 bytes,     552472 total
- age   2:      56792 bytes,     609264 total
- age   3:      70864 bytes,     680128 total
- age   4:     121136 bytes,     801264 total
 50656K->35153K(83392K), 0.0018450 secs]
46.768: [GC
Desired survivor size 1343488 bytes, new threshold 4 (max 4)
- age   1:     576928 bytes,     576928 total
- age   2:     306320 bytes,     883248 total
- age   3:      56792 bytes,     940040 total
- age   4:      70864 bytes,    1010904 total
 51105K->35478K(83392K), 0.0017706 secs]
46.783: [GC
Desired survivor size 1343488 bytes, new threshold 4 (max 4)
- age   1:     258152 bytes,     258152 total
- age   2:     390720 bytes,     648872 total
- age   3:     306320 bytes,     955192 total
- age   4:      56792 bytes,    1011984 total
 51451K->35550K(83392K), 0.0015305 secs]
46.796: [GC
Desired survivor size 1343488 bytes, new threshold 4 (max 4)
- age   1:     147144 bytes,     147144 total
- age   2:     236048 bytes,     383192 total
- age   3:     237064 bytes,     620256 total
- age   4:     306320 bytes,     926576 total
 51526K->35521K(83392K), 0.0016771 secs]
46.809: [GC
Desired survivor size 1343488 bytes, new threshold 4 (max 4)
- age   1:     330712 bytes,     330712 total
- age   2:      30576 bytes,     361288 total
- age   3:     236048 bytes,     597336 total
- age   4:     152064 bytes,     749400 total
 51469K->35651K(83392K), 0.0023742 secs]
46.822: [GC
Desired survivor size 1343488 bytes, new threshold 4 (max 4)
- age   1:     676040 bytes,     676040 total
- age   2:     302728 bytes,     978768 total
- age   3:      30576 bytes,    1009344 total
- age   4:     236048 bytes,    1245392 total
 51585K->36280K(83392K), 0.0022185 secs]
46.836: [GC
Desired survivor size 1343488 bytes, new threshold 4 (max 4)
- age   1:     429008 bytes,     429008 total
- age   2:     518952 bytes,     947960 total
- age   3:     302728 bytes,    1250688 total
- age   4:      30576 bytes,    1281264 total
 52262K->36545K(83392K), 0.0022917 secs]
46.852: [GC
Desired survivor size 1343488 bytes, new threshold 4 (max 4)
- age   1:     195424 bytes,     195424 total
- age   2:     206560 bytes,     401984 total
- age   3:     518952 bytes,     920936 total
- age   4:     302728 bytes,    1223664 total
 52536K->36519K(83392K), 0.0021900 secs]
46.867: [GC
Desired survivor size 1343488 bytes, new threshold 4 (max 4)
- age   1:     656104 bytes,     656104 total
- age   2:     150488 bytes,     806592 total
- age   3:     206560 bytes,    1013152 total
- age   4:     518952 bytes,    1532104 total
 52415K->37114K(83392K), 0.0020446 secs]
46.881: [GC
Desired survivor size 1343488 bytes, new threshold 4 (max 4)
- age   1:     842760 bytes,     842760 total
- age   2:     285280 bytes,    1128040 total
- age   3:     119792 bytes,    1247832 total
- age   4:     206560 bytes,    1454392 total
 53107K->37544K(83392K), 0.0023290 secs]
46.895: [GC
Desired survivor size 1343488 bytes, new threshold 4 (max 4)
- age   1:     175352 bytes,     175352 total
- age   2:     525024 bytes,     700376 total
- age   3:     285280 bytes,     985656 total
- age   4:     119792 bytes,    1105448 total
 53523K->37409K(83392K), 0.0019623 secs]
46.913: [GC
Desired survivor size 1343488 bytes, new threshold 4 (max 4)
- age   1:     151320 bytes,     151320 total
- age   2:      69952 bytes,     221272 total
- age   3:     524616 bytes,     745888 total
- age   4:     285280 bytes,    1031168 total
 53391K->37452K(83392K), 0.0016288 secs]
46.926: [GC
Desired survivor size 1343488 bytes, new threshold 4 (max 4)
- age   1:     368992 bytes,     368992 total
- age   2:      68560 bytes,     437552 total
- age   3:      69952 bytes,     507504 total
- age   4:     281072 bytes,     788576 total
 53428K->37497K(83392K), 0.0020383 secs]
46.940: [GC
Desired survivor size 1343488 bytes, new threshold 4 (max 4)
- age   1:     243352 bytes,     243352 total
- age   2:      84944 bytes,     328296 total
- age   3:       4048 bytes,     332344 total
- age   4:      69912 bytes,     402256 total
 53497K->37392K(83392K), 0.0015306 secs]
46.954: [GC
Desired survivor size 1343488 bytes, new threshold 4 (max 4)
- age   1:     578536 bytes,     578536 total
- age   2:     178272 bytes,     756808 total
- age   3:      84912 bytes,     841720 total
- age   4:       4128 bytes,     845848 total
 53389K->37891K(83392K), 0.0014572 secs]
46.971: [GC
Desired survivor size 1343488 bytes, new threshold 3 (max 4)
- age   1:     966128 bytes,     966128 total
- age   2:     290744 bytes,    1256872 total
- age   3:     178032 bytes,    1434904 total
- age   4:      84912 bytes,    1519816 total
 53821K->38556K(83392K), 0.0019381 secs]
46.987: [GC
Desired survivor size 1343488 bytes, new threshold 3 (max 4)
- age   1:     503608 bytes,     503608 total
- age   2:     593296 bytes,    1096904 total
- age   3:     290744 bytes,    1387648 total
 54504K->38693K(83392K), 0.0020354 secs]
47.001: [GC
Desired survivor size 1343488 bytes, new threshold 3 (max 4)
- age   1:     571800 bytes,     571800 total
- age   2:     332632 bytes,     904432 total
- age   3:     593296 bytes,    1497728 total
 54674K->39075K(83392K), 0.0021051 secs]
47.015: [GC
Desired survivor size 1343488 bytes, new threshold 4 (max 4)
- age   1:     230320 bytes,     230320 total
- age   2:     533624 bytes,     763944 total
- age   3:     106840 bytes,     870784 total
 55040K->39044K(83392K), 0.0020475 secs]
47.028: [GC
Desired survivor size 1343488 bytes, new threshold 4 (max 4)
- age   1:     351496 bytes,     351496 total
- age   2:     165016 bytes,     516512 total
- age   3:     375760 bytes,     892272 total
- age   4:      23808 bytes,     916080 total
 55044K->39080K(83392K), 0.0024462 secs]
47.043: [GC
Desired survivor size 1343488 bytes, new threshold 4 (max 4)
- age   1:     536248 bytes,     536248 total
- age   2:     220848 bytes,     757096 total
- age   3:     164984 bytes,     922080 total
- age   4:     296768 bytes,    1218848 total
 55045K->39405K(83392K), 0.0018073 secs]
47.056: [GC
Desired survivor size 1343488 bytes, new threshold 4 (max 4)
- age   1:     355184 bytes,     355184 total
- age   2:     321776 bytes,     676960 total
- age   3:     220848 bytes,     897808 total
- age   4:     164984 bytes,    1062792 total
 55380K->39540K(83392K), 0.0020764 secs]
47.070: [GC
Desired survivor size 1343488 bytes, new threshold 4 (max 4)
- age   1:     521312 bytes,     521312 total
- age   2:     116528 bytes,     637840 total
- age   3:     321776 bytes,     959616 total
- age   4:     220848 bytes,    1180464 total
 55518K->39816K(83392K), 0.0019390 secs]
47.088: [GC
Desired survivor size 1343488 bytes, new threshold 4 (max 4)
- age   1:     175608 bytes,     175608 total
- age   2:      68816 bytes,     244424 total
- age   3:     116528 bytes,     360952 total
- age   4:     321776 bytes,     682728 total
 55798K->39544K(83392K), 0.0015575 secs]
47.103: [GC
Desired survivor size 1343488 bytes, new threshold 4 (max 4)
- age   1:     714944 bytes,     714944 total
- age   2:      84336 bytes,     799280 total
- age   3:      68816 bytes,     868096 total
- age   4:     116528 bytes,     984624 total
 55514K->40154K(83392K), 0.0015720 secs]
47.117: [GC
Desired survivor size 1343488 bytes, new threshold 4 (max 4)
- age   1:     169640 bytes,     169640 total
- age   2:     566584 bytes,     736224 total
- age   3:      84336 bytes,     820560 total
- age   4:      68816 bytes,     889376 total
 56154K->40180K(83392K), 0.0014926 secs]
47.130: [GC
Desired survivor size 1343488 bytes, new threshold 4 (max 4)
- age   1:     450632 bytes,     450632 total
- age   2:     118168 bytes,     568800 total
- age   3:     395312 bytes,     964112 total
- age   4:      84336 bytes,    1048448 total
 56140K->40400K(83392K), 0.0018011 secs]
47.144: [GC
Desired survivor size 1343488 bytes, new threshold 4 (max 4)
- age   1:     237080 bytes,     237080 total
- age   2:     379152 bytes,     616232 total
- age   3:      47352 bytes,     663584 total
- age   4:     395312 bytes,    1058896 total
 56377K->40492K(83392K), 0.0017710 secs]
47.157: [GC
Desired survivor size 1343488 bytes, new threshold 4 (max 4)
- age   1:     783544 bytes,     783544 total
- age   2:     135472 bytes,     919016 total
- age   3:     166152 bytes,    1085168 total
- age   4:      47352 bytes,    1132520 total
 56448K->40949K(83392K), 0.0020879 secs]
47.171: [GC
Desired survivor size 1343488 bytes, new threshold 4 (max 4)
- age   1:     547944 bytes,     547944 total
- age   2:     674464 bytes,    1222408 total
- age   3:      57936 bytes,    1280344 total
- age   4:     166152 bytes,    1446496 total
 56949K->41278K(83392K), 0.0019794 secs]
47.188: [GC
Desired survivor size 1343488 bytes, new threshold 3 (max 4)
- age   1:     561088 bytes,     561088 total
- age   2:     393104 bytes,     954192 total
- age   3:     452384 bytes,    1406576 total
- age   4:      57936 bytes,    1464512 total
 57278K->41456K(83392K), 0.0036802 secs]
47.204: [GC
Desired survivor size 1343488 bytes, new threshold 4 (max 4)
- age   1:     144920 bytes,     144920 total
- age   2:     479464 bytes,     624384 total
- age   3:     221856 bytes,     846240 total
 57366K->41294K(83392K), 0.0018131 secs]
47.222: [GC
Desired survivor size 1343488 bytes, new threshold 4 (max 4)
- age   1:     659160 bytes,     659160 total
- age   2:      60184 bytes,     719344 total
- age   3:     479464 bytes,    1198808 total
- age   4:      41360 bytes,    1240168 total
 57266K->41678K(83392K), 0.0017687 secs]
47.237: [GC
Desired survivor size 1343488 bytes, new threshold 4 (max 4)
- age   1:     374216 bytes,     374216 total
- age   2:     629120 bytes,    1003336 total
- age   3:      60184 bytes,    1063520 total
- age   4:     425312 bytes,    1488832 total
 57662K->41961K(83392K), 0.0037074 secs]
47.259: [GC
Desired survivor size 1343488 bytes, new threshold 4 (max 4)
- age   1:     334664 bytes,     334664 total
- age   2:     336048 bytes,     670712 total
- age   3:     629120 bytes,    1299832 total
- age   4:      60184 bytes,    1360016 total
 57959K->42251K(83392K), 0.0034917 secs]
47.275: [GC
Desired survivor size 1343488 bytes, new threshold 4 (max 4)
- age   1:     224400 bytes,     224400 total
- age   2:     290472 bytes,     514872 total
- age   3:     280960 bytes,     795832 total
- age   4:     629120 bytes,    1424952 total
 58212K->42374K(83392K), 0.0019577 secs]
47.289: [GC
Desired survivor size 1343488 bytes, new threshold 4 (max 4)
- age   1:     436216 bytes,     436216 total
- age   2:     122112 bytes,     558328 total
- age   3:     290472 bytes,     848800 total
- age   4:     280832 bytes,    1129632 total
 58347K->42486K(83392K), 0.0019702 secs]
47.304: [GC
Desired survivor size 1343488 bytes, new threshold 4 (max 4)
- age   1:     569192 bytes,     569192 total
- age   2:     249024 bytes,     818216 total
- age   3:     122112 bytes,     940328 total
- age   4:     290472 bytes,    1230800 total
 58463K->42865K(83392K), 0.0021723 secs]
47.317: [GC
Desired survivor size 1343488 bytes, new threshold 4 (max 4)
- age   1:     192024 bytes,     192024 total
- age   2:     417216 bytes,     609240 total
- age   3:     158296 bytes,     767536 total
- age   4:     122112 bytes,     889648 total
 58850K->42810K(83392K), 0.0022431 secs]
47.334: [GC
Desired survivor size 1343488 bytes, new threshold 4 (max 4)
- age   1:     311768 bytes,     311768 total
- age   2:     150560 bytes,     462328 total
- age   3:     417216 bytes,     879544 total
- age   4:     158296 bytes,    1037840 total
 58810K->43040K(83392K), 0.0018700 secs]
47.347: [GC
Desired survivor size 1343488 bytes, new threshold 4 (max 4)
- age   1:     734544 bytes,     734544 total
- age   2:     278936 bytes,    1013480 total
- age   3:     150560 bytes,    1164040 total
- age   4:     417216 bytes,    1581256 total
 58957K->43725K(83392K), 0.0027260 secs]
47.364: [GC
Desired survivor size 1343488 bytes, new threshold 3 (max 4)
- age   1:     679848 bytes,     679848 total
- age   2:     661896 bytes,    1341744 total
- age   3:     278936 bytes,    1620680 total
- age   4:     150560 bytes,    1771240 total
 59706K->44323K(83392K), 0.0025142 secs]
47.379: [GC
Desired survivor size 1343488 bytes, new threshold 3 (max 4)
- age   1:     443496 bytes,     443496 total
- age   2:     621352 bytes,    1064848 total
- age   3:     581072 bytes,    1645920 total
 60272K->44405K(83392K), 0.0024405 secs]
47.393: [GC
Desired survivor size 1343488 bytes, new threshold 4 (max 4)
- age   1:     425168 bytes,     425168 total
- age   2:     243968 bytes,     669136 total
- age   3:     621352 bytes,    1290488 total
 60372K->44616K(83392K), 0.0023801 secs]
47.407: [GC
Desired survivor size 1343488 bytes, new threshold 4 (max 4)
- age   1:     244600 bytes,     244600 total
- age   2:     363648 bytes,     608248 total
- age   4:     621352 bytes,    1229600 total
 60616K->44563K(83392K), 0.0018506 secs]
47.420: [GC
Desired survivor size 1343488 bytes, new threshold 4 (max 4)
- age   1:     375720 bytes,     375720 total
- age   2:     177304 bytes,     553024 total
- age   3:     363648 bytes,     916672 total
 60558K->44595K(83392K), 0.0018989 secs]
47.435: [GC
Desired survivor size 1343488 bytes, new threshold 3 (max 4)
- age   1:     955320 bytes,     955320 total
- age   2:     308520 bytes,    1263840 total
- age   3:     174560 bytes,    1438400 total
- age   4:     245320 bytes,    1683720 total
 60587K->45352K(83392K), 0.0022034 secs]
47.449: [GC
Desired survivor size 1343488 bytes, new threshold 3 (max 4)
- age   1:     345440 bytes,     345440 total
- age   2:     874400 bytes,    1219840 total
- age   3:     308520 bytes,    1528360 total
 61315K->45425K(83392K), 0.0023826 secs]
47.463: [GC
Desired survivor size 1343488 bytes, new threshold 4 (max 4)
- age   1:     342392 bytes,     342392 total
- age   2:     261432 bytes,     603824 total
- age   3:     412312 bytes,    1016136 total
 61375K->45222K(83392K), 0.0016582 secs]
47.476: [GC
Desired survivor size 1343488 bytes, new threshold 4 (max 4)
- age   1:     371584 bytes,     371584 total
- age   2:     270784 bytes,     642368 total
- age   3:      57856 bytes,     700224 total
- age   4:     412312 bytes,    1112536 total
 61210K->45316K(83392K), 0.0019910 secs]
47.491: [GC
Desired survivor size 1343488 bytes, new threshold 4 (max 4)
- age   1:     508672 bytes,     508672 total
- age   2:      74512 bytes,     583184 total
- age   3:     270784 bytes,     853968 total
- age   4:      57856 bytes,     911824 total
 61295K->45522K(83392K), 0.0018377 secs]
47.506: [GC
Desired survivor size 1343488 bytes, new threshold 4 (max 4)
- age   1:     342224 bytes,     342224 total
- age   2:     137224 bytes,     479448 total
- age   3:      33928 bytes,     513376 total
- age   4:      86360 bytes,     599736 total
 61508K->45274K(83392K), 0.0015118 secs]
47.521: [GC
Desired survivor size 1343488 bytes, new threshold 4 (max 4)
- age   1:     329680 bytes,     329680 total
- age   2:     169152 bytes,     498832 total
- age   3:     137224 bytes,     636056 total
- age   4:      33928 bytes,     669984 total
 61266K->45426K(83392K), 0.0014799 secs]
47.533: [GC
Desired survivor size 1343488 bytes, new threshold 4 (max 4)
- age   1:     286944 bytes,     286944 total
- age   2:     279864 bytes,     566808 total
- age   3:     169152 bytes,     735960 total
- age   4:     137224 bytes,     873184 total
 61420K->45660K(83392K), 0.0017122 secs]
47.550: [GC
Desired survivor size 1343488 bytes, new threshold 4 (max 4)
- age   1:     292544 bytes,     292544 total
- age   2:      78032 bytes,     370576 total
- age   3:     279832 bytes,     650408 total
- age   4:     169152 bytes,     819560 total
 61631K->45744K(83392K), 0.0018366 secs]
47.564: [GC
Desired survivor size 1343488 bytes, new threshold 4 (max 4)
- age   1:     257816 bytes,     257816 total
- age   2:     204960 bytes,     462776 total
- age   3:      78032 bytes,     540808 total
- age   4:     115192 bytes,     656000 total
 61736K->45669K(83392K), 0.0015963 secs]
47.577: [GC
Desired survivor size 1343488 bytes, new threshold 4 (max 4)
- age   1:     673352 bytes,     673352 total
- age   2:     194488 bytes,     867840 total
- age   3:      50168 bytes,     918008 total
- age   4:      78032 bytes,     996040 total
 61641K->46042K(83392K), 0.0016007 secs]
47.590: [GC
Desired survivor size 1343488 bytes, new threshold 4 (max 4)
- age   1:     207784 bytes,     207784 total
- age   2:     611816 bytes,     819600 total
- age   3:     194488 bytes,    1014088 total
- age   4:      36632 bytes,    1050720 total
 62042K->46165K(83392K), 0.0020299 secs]
47.605: [GC
Desired survivor size 1343488 bytes, new threshold 4 (max 4)
- age   1:     755840 bytes,     755840 total
- age   2:      77224 bytes,     833064 total
- age   3:     312496 bytes,    1145560 total
- age   4:      82744 bytes,    1228304 total
 62145K->46374K(83392K), 0.0017557 secs]
47.618: [GC
Desired survivor size 1343488 bytes, new threshold 4 (max 4)
- age   1:     356296 bytes,     356296 total
- age   2:     409992 bytes,     766288 total
- age   3:      77224 bytes,     843512 total
- age   4:     312496 bytes,    1156008 total
 62297K->46384K(83392K), 0.0020868 secs]
47.632: [GC
Desired survivor size 1343488 bytes, new threshold 4 (max 4)
- age   1:     472768 bytes,     472768 total
- age   2:      94848 bytes,     567616 total
- age   3:     409728 bytes,     977344 total
- age   4:      77224 bytes,    1054568 total
 62384K->46590K(83392K), 0.0020625 secs]
47.647: [GC
Desired survivor size 1343488 bytes, new threshold 4 (max 4)
- age   1:     850504 bytes,     850504 total
- age   2:     173624 bytes,    1024128 total
- age   3:      94848 bytes,    1118976 total
- age   4:     208296 bytes,    1327272 total
 62576K->46933K(83392K), 0.0018555 secs]
47.660: [GC
Desired survivor size 1343488 bytes, new threshold 4 (max 4)
- age   1:     737016 bytes,     737016 total
- age   2:     295496 bytes,    1032512 total
- age   3:     173624 bytes,    1206136 total
- age   4:      94848 bytes,    1300984 total
 62930K->46987K(83392K), 0.0023038 secs]
47.681: [GC
Desired survivor size 1343488 bytes, new threshold 4 (max 4)
- age   1:     347672 bytes,     347672 total
- age   2:     229432 bytes,     577104 total
- age   3:     295496 bytes,     872600 total
- age   4:     173624 bytes,    1046224 total
 62986K->46835K(83392K), 0.0018052 secs]
47.696: [GC
Desired survivor size 1343488 bytes, new threshold 2 (max 4)
- age   1:    1232296 bytes,    1232296 total
- age   2:     312256 bytes,    1544552 total
- age   3:     229432 bytes,    1773984 total
- age   4:     295496 bytes,    2069480 total
 62795K->48004K(83392K), 0.0029228 secs]
47.712: [GC
Desired survivor size 1343488 bytes, new threshold 2 (max 4)
- age   1:     250872 bytes,     250872 total
- age   2:    1173912 bytes,    1424784 total
 63982K->48195K(83392K), 0.0025352 secs]
47.725: [GC
Desired survivor size 1343488 bytes, new threshold 4 (max 4)
- age   1:     683416 bytes,     683416 total
- age   2:      43176 bytes,     726592 total
 64189K->48531K(83392K), 0.0022837 secs]
47.743: [GC
Desired survivor size 1343488 bytes, new threshold 2 (max 4)
- age   1:     865152 bytes,     865152 total
- age   2:     546680 bytes,    1411832 total
- age   3:      43176 bytes,    1455008 total
 64477K->49238K(83392K), 0.0019483 secs]
47.758: [GC
Desired survivor size 1343488 bytes, new threshold 2 (max 4)
- age   1:     707760 bytes,     707760 total
- age   2:     823704 bytes,    1531464 total
 65225K->49888K(83392K), 0.0025423 secs]
47.775: [GC
Desired survivor size 1343488 bytes, new threshold 4 (max 4)
- age   1:     609272 bytes,     609272 total
- age   2:     474728 bytes,    1084000 total
 65888K->50141K(83392K), 0.0020869 secs]
47.789: [GC
Desired survivor size 1343488 bytes, new threshold 4 (max 4)
- age   1:     312456 bytes,     312456 total
- age   2:     357416 bytes,     669872 total
- age   3:     445624 bytes,    1115496 total
 66131K->50171K(83392K), 0.0017146 secs]
47.803: [GC
Desired survivor size 1343488 bytes, new threshold 4 (max 4)
- age   1:     618024 bytes,     618024 total
- age   2:      59728 bytes,     677752 total
- age   3:     357416 bytes,    1035168 total
- age   4:     445624 bytes,    1480792 total
 66155K->50529K(83392K), 0.0020067 secs]
47.817: [GC
Desired survivor size 1343488 bytes, new threshold 4 (max 4)
- age   1:     156976 bytes,     156976 total
- age   2:     230296 bytes,     387272 total
- age   3:      59728 bytes,     447000 total
- age   4:     357416 bytes,     804416 total
 66518K->50304K(83392K), 0.0019244 secs]
47.830: [GC
Desired survivor size 1343488 bytes, new threshold 4 (max 4)
- age   1:     297208 bytes,     297208 total
- age   2:     104800 bytes,     402008 total
- age   3:      84168 bytes,     486176 total
- age   4:      59728 bytes,     545904 total
 66271K->50402K(83392K), 0.0016464 secs]
47.844: [GC
Desired survivor size 1343488 bytes, new threshold 4 (max 4)
- age   1:     225256 bytes,     225256 total
- age   2:     162432 bytes,     387688 total
- age   3:     104800 bytes,     492488 total
 66370K->50407K(83392K), 0.0015036 secs]
47.857: [GC
Desired survivor size 1343488 bytes, new threshold 4 (max 4)
- age   1:     269736 bytes,     269736 total
- age   2:     165912 bytes,     435648 total
- age   4:      46304 bytes,     481952 total
 66397K->50397K(83392K), 0.0012426 secs]
47.870: [GC
Desired survivor size 1343488 bytes, new threshold 4 (max 4)
- age   1:     324880 bytes,     324880 total
- age   2:      82656 bytes,     407536 total
- age   3:     165912 bytes,     573448 total
 66393K->50532K(83392K), 0.0012666 secs]
47.885: [GC
Desired survivor size 1343488 bytes, new threshold 4 (max 4)
- age   1:     898960 bytes,     898960 total
- age   2:     149928 bytes,    1048888 total
- age   4:     165912 bytes,    1214800 total
 66532K->51157K(83392K), 0.0018702 secs]
47.898: [GC
Desired survivor size 1343488 bytes, new threshold 4 (max 4)
- age   1:     203640 bytes,     203640 total
- age   2:     666960 bytes,     870600 total
- age   3:     149928 bytes,    1020528 total
 67156K->51129K(83392K), 0.0019319 secs]
47.912: [GC
Desired survivor size 1343488 bytes, new threshold 4 (max 4)
- age   1:     780984 bytes,     780984 total
- age   2:      90776 bytes,     871760 total
- age   3:     459488 bytes,    1331248 total
- age   4:     149928 bytes,    1481176 total
 67090K->51579K(83392K), 0.0026975 secs]
47.926: [GC
Desired survivor size 1343488 bytes, new threshold 4 (max 4)
- age   1:     525016 bytes,     525016 total
- age   2:     704080 bytes,    1229096 total
- age   3:      90776 bytes,    1319872 total
- age   4:      88520 bytes,    1408392 total
 67544K->51657K(83392K), 0.0022360 secs]
47.939: [GC
Desired survivor size 1343488 bytes, new threshold 4 (max 4)
- age   1:     142864 bytes,     142864 total
- age   2:     505856 bytes,     648720 total
- age   3:     579568 bytes,    1228288 total
- age   4:      90776 bytes,    1319064 total
 67638K->51658K(83392K), 0.0022615 secs]
47.953: [GC
Desired survivor size 1343488 bytes, new threshold 4 (max 4)
- age   1:     160456 bytes,     160456 total
- age   2:     112728 bytes,     273184 total
- age   3:     200560 bytes,     473744 total
- age   4:     532712 bytes,    1006456 total
 67658K->51361K(83392K), 0.0019402 secs]
47.967: [GC
Desired survivor size 1343488 bytes, new threshold 4 (max 4)
- age   1:     552776 bytes,     552776 total
- age   2:      76624 bytes,     629400 total
- age   3:     112728 bytes,     742128 total
- age   4:     200560 bytes,     942688 total
 67332K->51817K(83392K), 0.0018547 secs]
47.980: [GC
Desired survivor size 1343488 bytes, new threshold 4 (max 4)
- age   1:     134288 bytes,     134288 total
- age   2:     277376 bytes,     411664 total
- age   3:      76624 bytes,     488288 total
- age   4:     112728 bytes,     601016 total
 67718K->51679K(83392K), 0.0016290 secs]
47.993: [GC
Desired survivor size 1343488 bytes, new threshold 4 (max 4)
- age   1:     617952 bytes,     617952 total
- age   2:      79880 bytes,     697832 total
- age   3:     277376 bytes,     975208 total
- age   4:      76624 bytes,    1051832 total
 67625K->52229K(83392K), 0.0018239 secs]
48.009: [GC
Desired survivor size 1343488 bytes, new threshold 4 (max 4)
- age   1:     842600 bytes,     842600 total
- age   2:     331272 bytes,    1173872 total
- age   4:     190992 bytes,    1364864 total
 68197K->52609K(83392K), 0.0024558 secs]
48.022: [GC
Desired survivor size 1343488 bytes, new threshold 2 (max 4)
- age   1:     747848 bytes,     747848 total
- age   2:     704264 bytes,    1452112 total
- age   3:     331272 bytes,    1783384 total
 68599K->53204K(83392K), 0.0023196 secs]
48.039: [GC
Desired survivor size 1343488 bytes, new threshold 4 (max 4)
- age   1:     287920 bytes,     287920 total
- age   2:     575320 bytes,     863240 total
 69201K->53157K(83392K), 0.0021031 secs]
48.053: [GC
Desired survivor size 1343488 bytes, new threshold 4 (max 4)
- age   1:     442048 bytes,     442048 total
- age   2:     209336 bytes,     651384 total
- age   3:     575320 bytes,    1226704 total
 69154K->53511K(83392K), 0.0019732 secs]
48.070: [GC
Desired survivor size 1343488 bytes, new threshold 4 (max 4)
- age   1:     203872 bytes,     203872 total
- age   2:     413296 bytes,     617168 total
- age   3:      41528 bytes,     658696 total
- age   4:     575320 bytes,    1234016 total
 69470K->53518K(83392K), 0.0020681 secs]
48.086: [GC
Desired survivor size 1343488 bytes, new threshold 4 (max 4)
- age   1:     201768 bytes,     201768 total
- age   2:       5760 bytes,     207528 total
- age   3:     413296 bytes,     620824 total
- age   4:      41416 bytes,     662240 total
 69491K->53322K(83392K), 0.0022383 secs]
48.100: [GC
Desired survivor size 1343488 bytes, new threshold 4 (max 4)
- age   1:     392776 bytes,     392776 total
- age   2:     144880 bytes,     537656 total
- age   3:       5760 bytes,     543416 total
- age   4:     124736 bytes,     668152 total
 69322K->53378K(83392K), 0.0014533 secs]
48.114: [GC
Desired survivor size 1343488 bytes, new threshold 4 (max 4)
- age   1:     246080 bytes,     246080 total
- age   2:     125000 bytes,     371080 total
- age   3:     144880 bytes,     515960 total
- age   4:       5760 bytes,     521720 total
 69369K->53352K(83392K), 0.0013901 secs]
48.127: [GC
Desired survivor size 1343488 bytes, new threshold 3 (max 4)
- age   1:    1138072 bytes,    1138072 total
- age   2:     151712 bytes,    1289784 total
- age   3:     125000 bytes,    1414784 total
- age   4:     144880 bytes,    1559664 total
 69349K->54366K(83392K), 0.0020080 secs]
48.142: [GC
Desired survivor size 1343488 bytes, new threshold 3 (max 4)
- age   1:     393112 bytes,     393112 total
- age   2:     852728 bytes,    1245840 total
- age   3:     151712 bytes,    1397552 total
 70302K->54474K(83392K), 0.0024981 secs]
48.157: [GC
Desired survivor size 1343488 bytes, new threshold 4 (max 4)
- age   1:     264408 bytes,     264408 total
- age   2:     227488 bytes,     491896 total
- age   3:     622840 bytes,    1114736 total
 70474K->54251K(83392K), 0.0016535 secs]
48.171: [GC
Desired survivor size 1343488 bytes, new threshold 4 (max 4)
- age   1:     832848 bytes,     832848 total
- age   2:     165856 bytes,     998704 total
- age   3:     227488 bytes,    1226192 total
- age   4:     518720 bytes,    1744912 total
 70198K->54866K(83392K), 0.0021658 secs]
48.187: [GC
Desired survivor size 1343488 bytes, new threshold 4 (max 4)
- age   1:     422776 bytes,     422776 total
- age   2:     454200 bytes,     876976 total
- age   3:     165856 bytes,    1042832 total
- age   4:     227488 bytes,    1270320 total
 70839K->54909K(83392K), 0.0028373 secs]
48.201: [GC
Desired survivor size 1343488 bytes, new threshold 3 (max 4)
- age   1:     686984 bytes,     686984 total
- age   2:     338960 bytes,    1025944 total
- age   3:     348472 bytes,    1374416 total
- age   4:     165856 bytes,    1540272 total
 70864K->55395K(83392K), 0.0021905 secs]
48.217: [GC
Desired survivor size 1343488 bytes, new threshold 4 (max 4)
- age   1:     240264 bytes,     240264 total
- age   2:     516912 bytes,     757176 total
 71343K->55133K(83392K), 0.0023203 secs]
48.232: [GC
Desired survivor size 1343488 bytes, new threshold 4 (max 4)
- age   1:     278512 bytes,     278512 total
- age   2:     116968 bytes,     395480 total
- age   3:     402224 bytes,     797704 total
 71133K->55170K(83392K), 0.0014081 secs]
48.247: [GC
Desired survivor size 1343488 bytes, new threshold 4 (max 4)
- age   1:     391288 bytes,     391288 total
- age   2:     278048 bytes,     669336 total
- age   3:      71208 bytes,     740544 total
- age   4:     402224 bytes,    1142768 total
 71165K->55509K(83392K), 0.0028072 secs]
48.261: [GC
Desired survivor size 1343488 bytes, new threshold 4 (max 4)
- age   1:     210216 bytes,     210216 total
- age   2:      32040 bytes,     242256 total
- age   3:     278048 bytes,     520304 total
- age   4:      71208 bytes,     591512 total
 71502K->55367K(83392K), 0.0026963 secs]
48.275: [GC
Desired survivor size 1343488 bytes, new threshold 4 (max 4)
- age   1:     403664 bytes,     403664 total
- age   3:      32040 bytes,     435704 total
- age   4:     278048 bytes,     713752 total
 71367K->55557K(83392K), 0.0015187 secs]
48.288: [GC
Desired survivor size 1343488 bytes, new threshold 4 (max 4)
- age   1:     733152 bytes,     733152 total
- age   2:      83056 bytes,     816208 total
- age   4:      32040 bytes,     848248 total
 71491K->55960K(83392K), 0.0019557 secs]
48.301: [GC
Desired survivor size 1343488 bytes, new threshold 4 (max 4)
- age   1:     324824 bytes,     324824 total
- age   2:     579104 bytes,     903928 total
- age   3:      83056 bytes,     986984 total
 71889K->56136K(83392K), 0.0017981 secs]
48.315: [GC
Desired survivor size 1343488 bytes, new threshold 4 (max 4)
- age   1:     376296 bytes,     376296 total
- age   3:     502704 bytes,     879000 total
- age   4:      83056 bytes,     962056 total
 72134K->56099K(83392K), 0.0020855 secs]
48.329: [GC
Desired survivor size 1343488 bytes, new threshold 4 (max 4)
- age   1:     531168 bytes,     531168 total
- age   2:     125704 bytes,     656872 total
- age   4:     204376 bytes,     861248 total
 72027K->56081K(83392K), 0.0015209 secs]
48.342: [GC
Desired survivor size 1343488 bytes, new threshold 4 (max 4)
- age   1:     217808 bytes,     217808 total
- age   2:     104992 bytes,     322800 total
 72058K->55754K(83392K), 0.0036903 secs]
48.363: [GC
Desired survivor size 1343488 bytes, new threshold 4 (max 4)
- age   1:     384152 bytes,     384152 total
 71746K->55813K(83392K), 0.0017949 secs]
48.378: [GC
Desired survivor size 1343488 bytes, new threshold 4 (max 4)
- age   1:     537720 bytes,     537720 total
- age   2:     161944 bytes,     699664 total
 71779K->56122K(83392K), 0.0013468 secs]
48.392: [GC
Desired survivor size 1343488 bytes, new threshold 4 (max 4)
- age   1:     618944 bytes,     618944 total
- age   2:     441080 bytes,    1060024 total
- age   3:     161944 bytes,    1221968 total
 72110K->56638K(83392K), 0.0036121 secs]
48.408: [GC
Desired survivor size 1343488 bytes, new threshold 2 (max 4)
- age   1:     913184 bytes,     913184 total
- age   2:     578784 bytes,    1491968 total
- age   3:     340776 bytes,    1832744 total
- age   4:      11416 bytes,    1844160 total
 72638K->57242K(83392K), 0.0023660 secs]
48.424: [GC
Desired survivor size 1343488 bytes, new threshold 2 (max 4)
- age   1:     833056 bytes,     833056 total
- age   2:     689848 bytes,    1522904 total
 73221K->57834K(83392K), 0.0037699 secs]
48.441: [GC
Desired survivor size 1343488 bytes, new threshold 4 (max 4)
- age   1:     260080 bytes,     260080 total
- age   2:     777408 bytes,    1037488 total
 73827K->57938K(83392K), 0.0022703 secs]
48.455: [GC
Desired survivor size 1343488 bytes, new threshold 3 (max 4)
- age   1:     535640 bytes,     535640 total
- age   2:      74520 bytes,     610160 total
- age   3:     777408 bytes,    1387568 total
 73907K->58279K(83392K), 0.0018337 secs]
48.459: [GC 60840K(83392K), 0.0008253 secs]
48.471: [GC
Desired survivor size 1343488 bytes, new threshold 4 (max 4)
- age   1:     675848 bytes,     675848 total
- age   2:     464272 bytes,    1140120 total
- age   3:      74520 bytes,    1214640 total
 74251K->58474K(83392K), 0.0021060 secs]
48.491: [GC
Desired survivor size 1343488 bytes, new threshold 4 (max 4)
- age   1:     520480 bytes,     520480 total
- age   2:     131960 bytes,     652440 total
- age   3:     286296 bytes,     938736 total
- age   4:      61408 bytes,    1000144 total
 74466K->58263K(83392K), 0.0015281 secs]
48.506: [GC
Desired survivor size 1343488 bytes, new threshold 4 (max 4)
- age   1:     489240 bytes,     489240 total
- age   2:     377776 bytes,     867016 total
- age   3:     131960 bytes,     998976 total
- age   4:     286296 bytes,    1285272 total
 74251K->58605K(83392K), 0.0023582 secs]
48.523: [GC
Desired survivor size 1343488 bytes, new threshold 4 (max 4)
- age   1:      86752 bytes,      86752 total
- age   2:     329312 bytes,     416064 total
- age   3:     331480 bytes,     747544 total
- age   4:     131960 bytes,     879504 total
 74588K->58489K(83392K), 0.0018733 secs]
48.538: [GC
Desired survivor size 1343488 bytes, new threshold 4 (max 4)
- age   1:     446904 bytes,     446904 total
- age   2:      25736 bytes,     472640 total
- age   3:     329312 bytes,     801952 total
- age   4:     143224 bytes,     945176 total
 74457K->58683K(83392K), 0.0017184 secs]
48.552: [GC
Desired survivor size 1343488 bytes, new threshold 4 (max 4)
- age   1:     446000 bytes,     446000 total
- age   2:     236104 bytes,     682104 total
- age   3:      25736 bytes,     707840 total
- age   4:     329312 bytes,    1037152 total
 74671K->58912K(83392K), 0.0022325 secs]
48.565: [GC
Desired survivor size 1343488 bytes, new threshold 4 (max 4)
- age   1:     378000 bytes,     378000 total
- age   2:     225408 bytes,     603408 total
- age   4:      25736 bytes,     629144 total
 74845K->58833K(83392K), 0.0021766 secs]
48.580: [GC
Desired survivor size 1343488 bytes, new threshold 4 (max 4)
- age   1:     444144 bytes,     444144 total
- age   2:      81512 bytes,     525656 total
- age   3:     162304 bytes,     687960 total
 74780K->58915K(83392K), 0.0013290 secs]
48.593: [GC
Desired survivor size 1343488 bytes, new threshold 4 (max 4)
- age   1:     403072 bytes,     403072 total
- age   2:     268640 bytes,     671712 total
- age   3:      81512 bytes,     753224 total
- age   4:     162304 bytes,     915528 total
 74875K->59138K(83392K), 0.0017717 secs]
48.607: [GC
Desired survivor size 1343488 bytes, new threshold 4 (max 4)
- age   1:     630264 bytes,     630264 total
- age   2:     322248 bytes,     952512 total
- age   3:     268640 bytes,    1221152 total
- age   4:      81512 bytes,    1302664 total
 75114K->59674K(83392K), 0.0018765 secs]
48.621: [GC
Desired survivor size 1343488 bytes, new threshold 4 (max 4)
- age   1:     458672 bytes,     458672 total
- age   2:     462296 bytes,     920968 total
- age   3:     138464 bytes,    1059432 total
- age   4:     183312 bytes,    1242744 total
 75640K->59694K(83392K), 0.0018773 secs]
48.635: [GC
Desired survivor size 1343488 bytes, new threshold 1 (max 4)
- age   1:    1600664 bytes,    1600664 total
- age   2:     174216 bytes,    1774880 total
- age   3:     462296 bytes,    2237176 total
- age   4:      65864 bytes,    2303040 total
 75669K->60846K(83392K), 0.0027663 secs]
48.652: [GC
Desired survivor size 1343488 bytes, new threshold 4 (max 4)
- age   1:     288552 bytes,     288552 total
 76806K->60816K(83392K), 0.0030140 secs]
48.668: [GC
Desired survivor size 1343488 bytes, new threshold 4 (max 4)
- age   1:     206208 bytes,     206208 total
- age   2:     231432 bytes,     437640 total
 76793K->60964K(83392K), 0.0013933 secs]
48.682: [GC
Desired survivor size 1343488 bytes, new threshold 4 (max 4)
- age   1:     967280 bytes,     967280 total
- age   2:      84432 bytes,    1051712 total
- age   3:     231432 bytes,    1283144 total
 76952K->61789K(83392K), 0.0016902 secs]
48.695: [GC
Desired survivor size 1343488 bytes, new threshold 3 (max 4)
- age   1:     464904 bytes,     464904 total
- age   2:     802608 bytes,    1267512 total
- age   3:      84432 bytes,    1351944 total
- age   4:      47208 bytes,    1399152 total
 77732K->61902K(83392K), 0.0020629 secs]
48.709: [GC
Desired survivor size 1343488 bytes, new threshold 4 (max 4)
- age   1:     347888 bytes,     347888 total
- age   2:     308400 bytes,     656288 total
- age   3:     679696 bytes,    1335984 total
 77858K->61969K(83392K), 0.0032978 secs]
48.723: [GC
Desired survivor size 1343488 bytes, new threshold 4 (max 4)
- age   1:     502368 bytes,     502368 total
- age   2:     187888 bytes,     690256 total
- age   3:     308400 bytes,     998656 total
- age   4:     387568 bytes,    1386224 total
 77919K->62018K(83392K), 0.0021765 secs]
48.737: [GC
Desired survivor size 1343488 bytes, new threshold 4 (max 4)
- age   1:     557848 bytes,     557848 total
- age   2:     419712 bytes,     977560 total
- age   3:     187888 bytes,    1165448 total
- age   4:     223864 bytes,    1389312 total
 77934K->62190K(83392K), 0.0023271 secs]
48.755: [GC
Desired survivor size 1343488 bytes, new threshold 1 (max 4)
- age   1:    1607040 bytes,    1607040 total
- age   3:     138336 bytes,    1745376 total
- age   4:     187888 bytes,    1933264 total
 78154K->62873K(83392K), 0.0025623 secs]
48.770: [GC
Desired survivor size 1343488 bytes, new threshold 4 (max 4)
- age   1:     148032 bytes,     148032 total
 78866K->62712K(83392K), 0.0021112 secs]
48.785: [GC
Desired survivor size 1343488 bytes, new threshold 4 (max 4)
- age   1:     646192 bytes,     646192 total
- age   2:      71368 bytes,     717560 total
 78663K->63268K(83392K), 0.0014238 secs]
48.798: [GC
Desired survivor size 1343488 bytes, new threshold 4 (max 4)
- age   1:     415208 bytes,     415208 total
- age   2:     605040 bytes,    1020248 total
 79250K->63564K(83392K), 0.0015261 secs]
48.811: [GC
Desired survivor size 1343488 bytes, new threshold 3 (max 4)
- age   1:     691312 bytes,     691312 total
- age   2:     367576 bytes,    1058888 total
- age   3:     605040 bytes,    1663928 total
 79541K->64192K(83392K), 0.0030163 secs]
48.827: [GC
Desired survivor size 1343488 bytes, new threshold 4 (max 4)
- age   1:     299000 bytes,     299000 total
- age   2:     376488 bytes,     675488 total
- age   3:     367576 bytes,    1043064 total
 80140K->64175K(83392K), 0.0020608 secs]
48.841: [GC
Desired survivor size 1343488 bytes, new threshold 4 (max 4)
- age   1:     579136 bytes,     579136 total
- age   2:     216344 bytes,     795480 total
- age   3:     299368 bytes,    1094848 total
- age   4:     139928 bytes,    1234776 total
 80175K->64362K(83392K), 0.0024398 secs]
48.855: [GC 80341K(83392K), 0.0014775 secs]
48.857: [GC
Desired survivor size 1343488 bytes, new threshold 4 (max 4)
- age   1:     613016 bytes,     613016 total
- age   2:     255072 bytes,     868088 total
- age   3:     216344 bytes,    1084432 total
- age   4:     299336 bytes,    1383768 total
 80343K->64645K(83392K), 0.0017457 secs]
48.874: [GC
Desired survivor size 1343488 bytes, new threshold 4 (max 4)
- age   1:     320664 bytes,     320664 total
- age   2:     567776 bytes,     888440 total
- age   3:      85040 bytes,     973480 total
- age   4:     215552 bytes,    1189032 total
 30698K->14806K(83392K), 0.0023728 secs]
48.891: [GC
Desired survivor size 1343488 bytes, new threshold 4 (max 4)
- age   1:     228256 bytes,     228256 total
- age   2:     264040 bytes,     492296 total
- age   3:     567776 bytes,    1060072 total
- age   4:      85040 bytes,    1145112 total
 30802K->14975K(83392K), 0.0020404 secs]
48.906: [GC
Desired survivor size 1343488 bytes, new threshold 4 (max 4)
- age   1:     671432 bytes,     671432 total
- age   2:     180928 bytes,     852360 total
- age   3:       4840 bytes,     857200 total
- age   4:     397776 bytes,    1254976 total
 30947K->15083K(83392K), 0.0035668 secs]
48.924: [GC
Desired survivor size 1343488 bytes, new threshold 4 (max 4)
- age   1:     208296 bytes,     208296 total
- age   2:     609424 bytes,     817720 total
- age   3:       7472 bytes,     825192 total
- age   4:       4840 bytes,     830032 total
 31074K->15057K(83392K), 0.0019403 secs]
48.938: [GC
Desired survivor size 1343488 bytes, new threshold 4 (max 4)
- age   1:     226432 bytes,     226432 total
- age   2:      24792 bytes,     251224 total
- age   3:     259904 bytes,     511128 total
- age   4:       7472 bytes,     518600 total
 30986K->14754K(83392K), 0.0012147 secs]
48.952: [GC
Desired survivor size 1343488 bytes, new threshold 4 (max 4)
- age   1:     289736 bytes,     289736 total
- age   2:      30496 bytes,     320232 total
- age   3:      24792 bytes,     345024 total
- age   4:     259904 bytes,     604928 total
 30742K->14851K(83392K), 0.0017753 secs]
48.968: [GC
Desired survivor size 1343488 bytes, new threshold 4 (max 4)
- age   1:     193736 bytes,     193736 total
- age   2:     144592 bytes,     338328 total
- age   4:      24792 bytes,     363120 total
 30851K->14866K(83392K), 0.0013973 secs]
48.983: [GC
Desired survivor size 1343488 bytes, new threshold 4 (max 4)
- age   1:     740888 bytes,     740888 total
- age   2:     114936 bytes,     855824 total
- age   3:     144592 bytes,    1000416 total
 30861K->15508K(83392K), 0.0017701 secs]
48.997: [GC
Desired survivor size 1343488 bytes, new threshold 4 (max 4)
- age   1:     522120 bytes,     522120 total
- age   2:     449272 bytes,     971392 total
- age   3:        528 bytes,     971920 total
- age   4:     144592 bytes,    1116512 total
 31447K->15629K(83392K), 0.0017097 secs]
49.010: [GC
Desired survivor size 1343488 bytes, new threshold 4 (max 4)
- age   1:     651568 bytes,     651568 total
- age   2:     438400 bytes,    1089968 total
- age   3:     215400 bytes,    1305368 total
- age   4:        528 bytes,    1305896 total
 31599K->15962K(83392K), 0.0026879 secs]
49.025: [GC
Desired survivor size 1343488 bytes, new threshold 4 (max 4)
- age   1:     832752 bytes,     832752 total
- age   3:     438400 bytes,    1271152 total
- age   4:     206984 bytes,    1478136 total
 31934K->16124K(83392K), 0.0017671 secs]
49.038: [GC
Desired survivor size 1343488 bytes, new threshold 4 (max 4)
- age   1:     146088 bytes,     146088 total
- age   2:     774368 bytes,     920456 total
- age   4:     358792 bytes,    1279248 total
 32063K->16133K(83392K), 0.0022122 secs]
49.053: [GC
Desired survivor size 1343488 bytes, new threshold 3 (max 4)
- age   1:     621064 bytes,     621064 total
- age   2:         32 bytes,     621096 total
- age   3:     774368 bytes,    1395464 total
 32088K->16316K(83392K), 0.0024527 secs]
49.068: [GC
Desired survivor size 1343488 bytes, new threshold 4 (max 4)
- age   1:     481840 bytes,     481840 total
- age   2:     566896 bytes,    1048736 total
- age   3:         32 bytes,    1048768 total
 32236K->16494K(83392K), 0.0021062 secs]
49.081: [GC
Desired survivor size 1343488 bytes, new threshold 3 (max 4)
- age   1:     490352 bytes,     490352 total
- age   2:     397672 bytes,     888024 total
- age   3:     566896 bytes,    1454920 total
- age   4:         32 bytes,    1454952 total
 32342K->16890K(83392K), 0.0021131 secs]
49.094: [GC
Desired survivor size 1343488 bytes, new threshold 4 (max 4)
- age   1:     167112 bytes,     167112 total
- age   2:     410728 bytes,     577840 total
- age   3:     397672 bytes,     975512 total
 32852K->16976K(83392K), 0.0023269 secs]
49.110: [GC
Desired survivor size 1343488 bytes, new threshold 4 (max 4)
- age   1:     825656 bytes,     825656 total
- age   3:     151736 bytes,     977392 total
- age   4:     339920 bytes,    1317312 total
 32957K->17309K(83392K), 0.0024632 secs]
49.132: [GC
Desired survivor size 1343488 bytes, new threshold 4 (max 4)
- age   1:      88888 bytes,      88888 total
- age   2:     569248 bytes,     658136 total
- age   4:     151736 bytes,     809872 total
 33290K->16946K(83392K), 0.0043484 secs]
49.149: [GC
Desired survivor size 1343488 bytes, new threshold 4 (max 4)
- age   1:     499984 bytes,     499984 total
- age   2:      18056 bytes,     518040 total
- age   3:     569248 bytes,    1087288 total
 32946K->17367K(83392K), 0.0019086 secs]
49.165: [GC
Desired survivor size 1343488 bytes, new threshold 4 (max 4)
- age   1:     314808 bytes,     314808 total
- age   2:     275960 bytes,     590768 total
- age   3:      17112 bytes,     607880 total
- age   4:     569248 bytes,    1177128 total
 33359K->17462K(83392K), 0.0018408 secs]
49.181: [GC
Desired survivor size 1343488 bytes, new threshold 4 (max 4)
- age   1:     128304 bytes,     128304 total
- age   2:     308584 bytes,     436888 total
- age   3:     275960 bytes,     712848 total
- age   4:      15408 bytes,     728256 total
 33452K->17549K(83392K), 0.0017503 secs]
49.195: [GC
Desired survivor size 1343488 bytes, new threshold 4 (max 4)
- age   1:     521112 bytes,     521112 total
- age   2:      82648 bytes,     603760 total
- age   3:     230312 bytes,     834072 total
- age   4:     275960 bytes,    1110032 total
 33492K->17927K(83392K), 0.0022195 secs]
49.210: [GC
Desired survivor size 1343488 bytes, new threshold 4 (max 4)
- age   1:     658760 bytes,     658760 total
- age   2:     231192 bytes,     889952 total
- age   3:      82648 bytes,     972600 total
- age   4:     230312 bytes,    1202912 total
 33916K->18277K(83392K), 0.0026591 secs]
49.223: [GC
Desired survivor size 1343488 bytes, new threshold 4 (max 4)
- age   1:     226928 bytes,     226928 total
- age   2:     530528 bytes,     757456 total
- age   3:     157856 bytes,     915312 total
- age   4:       1952 bytes,     917264 total
 34269K->18230K(83392K), 0.0020796 secs]
49.240: [GC
Desired survivor size 1343488 bytes, new threshold 4 (max 4)
- age   1:     513480 bytes,     513480 total
- age   2:     195424 bytes,     708904 total
- age   3:     530528 bytes,    1239432 total
- age   4:     157856 bytes,    1397288 total
 34222K->18693K(83392K), 0.0018756 secs]
49.255: [GC
Desired survivor size 1343488 bytes, new threshold 4 (max 4)
- age   1:     465456 bytes,     465456 total
- age   2:     287952 bytes,     753408 total
- age   4:     206016 bytes,     959424 total
 34693K->18267K(83392K), 0.0016085 secs]
49.271: [GC
Desired survivor size 1343488 bytes, new threshold 4 (max 4)
- age   1:     174944 bytes,     174944 total
- age   2:     385168 bytes,     560112 total
- age   3:     203352 bytes,     763464 total
 34258K->18276K(83392K), 0.0020535 secs]
49.285: [GC
Desired survivor size 1343488 bytes, new threshold 4 (max 4)
- age   1:     197728 bytes,     197728 total
- age   2:      91016 bytes,     288744 total
- age   3:     385168 bytes,     673912 total
- age   4:     203272 bytes,     877184 total
 34259K->18391K(83392K), 0.0015119 secs]
49.303: [GC
Desired survivor size 1343488 bytes, new threshold 4 (max 4)
- age   1:     107936 bytes,     107936 total
- age   2:     111352 bytes,     219288 total
- age   3:      50496 bytes,     269784 total
- age   4:     292520 bytes,     562304 total
 34364K->18296K(83392K), 0.0017017 secs]
49.317: [GC
Desired survivor size 1343488 bytes, new threshold 4 (max 4)
- age   1:     379856 bytes,     379856 total
- age   2:      67248 bytes,     447104 total
- age   3:     111352 bytes,     558456 total
- age   4:      50496 bytes,     608952 total
 34296K->18570K(83392K), 0.0017833 secs]
49.329: [GC
Desired survivor size 1343488 bytes, new threshold 4 (max 4)
- age   1:     335536 bytes,     335536 total
- age   2:     332224 bytes,     667760 total
- age   3:      67248 bytes,     735008 total
- age   4:     111352 bytes,     846360 total
 34540K->18827K(83392K), 0.0016653 secs]
49.349: [GC
Desired survivor size 1343488 bytes, new threshold 4 (max 4)
- age   1:     820920 bytes,     820920 total
- age   3:     331656 bytes,    1152576 total
- age   4:      67248 bytes,    1219824 total
 34814K->19205K(83392K), 0.0016342 secs]
49.362: [GC
Desired survivor size 1343488 bytes, new threshold 4 (max 4)
- age   1:     353928 bytes,     353928 total
- age   2:     732608 bytes,    1086536 total
- age   4:       2280 bytes,    1088816 total
 35194K->19133K(83392K), 0.0023037 secs]
49.378: [GC
Desired survivor size 1343488 bytes, new threshold 4 (max 4)
- age   1:     235712 bytes,     235712 total
- age   2:     189664 bytes,     425376 total
- age   3:     732608 bytes,    1157984 total
 35128K->19200K(83392K), 0.0016366 secs]
49.390: [GC
Desired survivor size 1343488 bytes, new threshold 4 (max 4)
- age   1:     285640 bytes,     285640 total
- age   2:     205488 bytes,     491128 total
- age   3:     189664 bytes,     680792 total
- age   4:     732608 bytes,    1413400 total
 35198K->19452K(83392K), 0.0019583 secs]
49.404: [GC
Desired survivor size 1343488 bytes, new threshold 4 (max 4)
- age   1:     258696 bytes,     258696 total
- age   2:      83752 bytes,     342448 total
- age   3:     205488 bytes,     547936 total
- age   4:     189664 bytes,     737600 total
 35450K->19509K(83392K), 0.0021544 secs]
49.418: [GC
Desired survivor size 1343488 bytes, new threshold 4 (max 4)
- age   1:     102096 bytes,     102096 total
- age   2:     136648 bytes,     238744 total
- age   3:      83752 bytes,     322496 total
- age   4:     154168 bytes,     476664 total
 35477K->19392K(83392K), 0.0012295 secs]
49.431: [GC
Desired survivor size 1343488 bytes, new threshold 4 (max 4)
- age   1:     793272 bytes,     793272 total
- age   2:      44792 bytes,     838064 total
- age   3:       6856 bytes,     844920 total
- age   4:      83752 bytes,     928672 total
 35339K->19986K(83392K), 0.0019011 secs]
49.446: [GC
Desired survivor size 1343488 bytes, new threshold 4 (max 4)
- age   1:     542312 bytes,     542312 total
- age   2:     759328 bytes,    1301640 total
- age   3:      17432 bytes,    1319072 total
- age   4:       6856 bytes,    1325928 total
 35983K->20457K(83392K), 0.0023603 secs]
49.460: [GC
Desired survivor size 1343488 bytes, new threshold 4 (max 4)
- age   1:     336920 bytes,     336920 total
- age   2:     512088 bytes,     849008 total
- age   3:     337320 bytes,    1186328 total
- age   4:         40 bytes,    1186368 total
 36446K->20335K(83392K), 0.0020378 secs]
49.473: [GC
Desired survivor size 1343488 bytes, new threshold 4 (max 4)
- age   1:     400840 bytes,     400840 total
- age   2:     254272 bytes,     655112 total
- age   3:     512088 bytes,    1167200 total
- age   4:     337320 bytes,    1504520 total
 36268K->20639K(83392K), 0.0022707 secs]
49.488: [GC
Desired survivor size 1343488 bytes, new threshold 4 (max 4)
- age   1:     587984 bytes,     587984 total
- age   2:      73664 bytes,     661648 total
- age   3:     231744 bytes,     893392 total
- age   4:     470504 bytes,    1363896 total
 36611K->20784K(83392K), 0.0019003 secs]
49.504: [GC
Desired survivor size 1343488 bytes, new threshold 4 (max 4)
- age   1:     505536 bytes,     505536 total
- age   2:     297808 bytes,     803344 total
- age   3:      73664 bytes,     877008 total
- age   4:     231744 bytes,    1108752 total
 36784K->20988K(83392K), 0.0019392 secs]
49.521: [GC
Desired survivor size 1343488 bytes, new threshold 4 (max 4)
- age   1:     279336 bytes,     279336 total
- age   2:     349328 bytes,     628664 total
- age   3:     159856 bytes,     788520 total
- age   4:      73664 bytes,     862184 total
 36965K->20974K(83392K), 0.0016324 secs]
49.534: [GC
Desired survivor size 1343488 bytes, new threshold 4 (max 4)
- age   1:     362960 bytes,     362960 total
- age   2:     221400 bytes,     584360 total
- age   3:     349328 bytes,     933688 total
 36944K->21118K(83392K), 0.0018960 secs]
49.548: [GC
Desired survivor size 1343488 bytes, new threshold 4 (max 4)
- age   1:     538624 bytes,     538624 total
- age   2:     162592 bytes,     701216 total
- age   3:     221400 bytes,     922616 total
- age   4:     349328 bytes,    1271944 total
 37016K->21454K(83392K), 0.0015734 secs]
49.563: [GC
Desired survivor size 1343488 bytes, new threshold 4 (max 4)
- age   1:     363736 bytes,     363736 total
- age   2:     478440 bytes,     842176 total
- age   3:     162592 bytes,    1004768 total
- age   4:      35368 bytes,    1040136 total
 37419K->21430K(83392K), 0.0015463 secs]
49.576: [GC
Desired survivor size 1343488 bytes, new threshold 4 (max 4)
- age   1:     486472 bytes,     486472 total
- age   2:     287152 bytes,     773624 total
- age   3:      88160 bytes,     861784 total
- age   4:     162592 bytes,    1024376 total
 37423K->21455K(83392K), 0.0017532 secs]
49.589: [GC
Desired survivor size 1343488 bytes, new threshold 4 (max 4)
- age   1:     429520 bytes,     429520 total
- age   2:     433160 bytes,     862680 total
- age   3:     287120 bytes,    1149800 total
- age   4:      88160 bytes,    1237960 total
 37451K->21776K(83392K), 0.0020534 secs]
49.603: [GC
Desired survivor size 1343488 bytes, new threshold 4 (max 4)
- age   1:     608608 bytes,     608608 total
- age   2:     371136 bytes,     979744 total
- age   3:     129984 bytes,    1109728 total
- age   4:     287120 bytes,    1396848 total
 37775K->21930K(83392K), 0.0021461 secs]
49.618: [GC
Desired survivor size 1343488 bytes, new threshold 4 (max 4)
- age   1:     468784 bytes,     468784 total
- age   2:     471904 bytes,     940688 total
- age   3:     371136 bytes,    1311824 total
- age   4:     129984 bytes,    1441808 total
 37927K->21976K(83392K), 0.0021883 secs]
49.633: [GC
Desired survivor size 1343488 bytes, new threshold 4 (max 4)
- age   1:     655472 bytes,     655472 total
- age   2:      63320 bytes,     718792 total
- age   3:     351616 bytes,    1070408 total
- age   4:     288048 bytes,    1358456 total
 37940K->21895K(83392K), 0.0019163 secs]
49.646: [GC
Desired survivor size 1343488 bytes, new threshold 4 (max 4)
- age   1:     535176 bytes,     535176 total
- age   2:     349088 bytes,     884264 total
- age   3:      63320 bytes,     947584 total
- age   4:     266560 bytes,    1214144 total
 37851K->22038K(83392K), 0.0026097 secs]
49.661: [GC
Desired survivor size 1343488 bytes, new threshold 4 (max 4)
- age   1:     235168 bytes,     235168 total
- age   2:     482840 bytes,     718008 total
- age   3:     349088 bytes,    1067096 total
 38015K->22036K(83392K), 0.0025085 secs]
49.676: [GC
Desired survivor size 1343488 bytes, new threshold 4 (max 4)
- age   1:     265448 bytes,     265448 total
- age   2:     181960 bytes,     447408 total
- age   3:     482840 bytes,     930248 total
- age   4:     349088 bytes,    1279336 total
 38036K->22244K(83392K), 0.0018630 secs]
49.690: [GC
Desired survivor size 1343488 bytes, new threshold 4 (max 4)
- age   1:     270952 bytes,     270952 total
- age   2:     264152 bytes,     535104 total
- age   3:     181920 bytes,     717024 total
- age   4:     397400 bytes,    1114424 total
 38198K->22422K(83392K), 0.0022954 secs]
49.709: [GC
Desired survivor size 1343488 bytes, new threshold 4 (max 4)
- age   1:     257312 bytes,     257312 total
- age   2:      80608 bytes,     337920 total
- age   3:     264152 bytes,     602072 total
- age   4:      67216 bytes,     669288 total
 38422K->21990K(83392K), 0.0022003 secs]
49.722: [GC
Desired survivor size 1343488 bytes, new threshold 4 (max 4)
- age   1:     276832 bytes,     276832 total
- age   2:     204480 bytes,     481312 total
- age   3:      80608 bytes,     561920 total
- age   4:     219216 bytes,     781136 total
 37956K->22165K(83392K), 0.0016724 secs]
49.736: [GC
Desired survivor size 1343488 bytes, new threshold 4 (max 4)
- age   1:     620744 bytes,     620744 total
- age   3:     204480 bytes,     825224 total
- age   4:      80608 bytes,     905832 total
 38143K->22297K(83392K), 0.0015391 secs]
49.749: [GC
Desired survivor size 1343488 bytes, new threshold 4 (max 4)
- age   1:     111760 bytes,     111760 total
- age   2:     588048 bytes,     699808 total
- age   4:     145928 bytes,     845736 total
 38271K->22293K(83392K), 0.0015907 secs]
49.763: [GC
Desired survivor size 1343488 bytes, new threshold 4 (max 4)
- age   1:     430480 bytes,     430480 total
- age   2:      81648 bytes,     512128 total
- age   3:     505056 bytes,    1017184 total
 38273K->22599K(83392K), 0.0023257 secs]
49.778: [GC
Desired survivor size 1343488 bytes, new threshold 4 (max 4)
- age   1:     565088 bytes,     565088 total
- age   2:     430480 bytes,     995568 total
- age   3:      81648 bytes,    1077216 total
- age   4:     326264 bytes,    1403480 total
 38597K->22977K(83392K), 0.0018519 secs]
49.791: [GC
Desired survivor size 1343488 bytes, new threshold 4 (max 4)
- age   1:     354800 bytes,     354800 total
- age   2:     424136 bytes,     778936 total
- age   3:     393200 bytes,    1172136 total
- age   4:      81648 bytes,    1253784 total
 38953K->23149K(83392K), 0.0020226 secs]
49.808: [GC
Desired survivor size 1343488 bytes, new threshold 4 (max 4)
- age   1:     123672 bytes,     123672 total
- age   2:     160648 bytes,     284320 total
- age   3:     424008 bytes,     708328 total
- age   4:     393200 bytes,    1101528 total
 39145K->23080K(83392K), 0.0019304 secs]
49.821: [GC
Desired survivor size 1343488 bytes, new threshold 4 (max 4)
- age   1:     310056 bytes,     310056 total
- age   3:     160648 bytes,     470704 total
- age   4:     424008 bytes,     894712 total
 39023K->23262K(83392K), 0.0021490 secs]
49.837: [GC
Desired survivor size 1343488 bytes, new threshold 4 (max 4)
- age   1:     226240 bytes,     226240 total
- age   2:     170232 bytes,     396472 total
- age   4:     160648 bytes,     557120 total
 39252K->23346K(83392K), 0.0016922 secs]
49.851: [GC
Desired survivor size 1343488 bytes, new threshold 3 (max 4)
- age   1:    1092568 bytes,    1092568 total
- age   2:     101152 bytes,    1193720 total
- age   3:     170232 bytes,    1363952 total
 39318K->24292K(83392K), 0.0019828 secs]
49.866: [GC
Desired survivor size 1343488 bytes, new threshold 3 (max 4)
- age   1:     362064 bytes,     362064 total
- age   2:     946568 bytes,    1308632 total
- age   3:     101152 bytes,    1409784 total
 40273K->24458K(83392K), 0.0022490 secs]
49.880: [GC
Desired survivor size 1343488 bytes, new threshold 3 (max 4)
- age   1:     413080 bytes,     413080 total
- age   2:     165456 bytes,     578536 total
- age   3:     946568 bytes,    1525104 total
 40450K->24664K(83392K), 0.0022463 secs]
49.893: [GC
Desired survivor size 1343488 bytes, new threshold 4 (max 4)
- age   1:     752320 bytes,     752320 total
- age   2:     413080 bytes,    1165400 total
- age   3:     111200 bytes,    1276600 total
 40596K->25006K(83392K), 0.0027878 secs]
49.907: [GC
Desired survivor size 1343488 bytes, new threshold 4 (max 4)
- age   1:     345216 bytes,     345216 total
- age   2:     566272 bytes,     911488 total
- age   3:     413080 bytes,    1324568 total
- age   4:     111200 bytes,    1435768 total
 41001K->25161K(83392K), 0.0021631 secs]
49.922: [GC
Desired survivor size 1343488 bytes, new threshold 4 (max 4)
- age   1:     152176 bytes,     152176 total
- age   2:     264392 bytes,     416568 total
- age   3:     267976 bytes,     684544 total
- age   4:     413080 bytes,    1097624 total
 41116K->24939K(83392K), 0.0018279 secs]
49.937: [GC
Desired survivor size 1343488 bytes, new threshold 4 (max 4)
- age   1:     351312 bytes,     351312 total
- age   2:         32 bytes,     351344 total
- age   3:     264392 bytes,     615736 total
- age   4:     267976 bytes,     883712 total
 40815K->25013K(83392K), 0.0016169 secs]
49.951: [GC
Desired survivor size 1343488 bytes, new threshold 4 (max 4)
- age   1:     735768 bytes,     735768 total
- age   2:     282136 bytes,    1017904 total
- age   3:         32 bytes,    1017936 total
- age   4:     264392 bytes,    1282328 total
 40973K->25664K(83392K), 0.0019984 secs]
49.964: [GC
Desired survivor size 1343488 bytes, new threshold 4 (max 4)
- age   1:     209576 bytes,     209576 total
- age   2:     629976 bytes,     839552 total
- age   3:     282136 bytes,    1121688 total
- age   4:         32 bytes,    1121720 total
 41655K->25749K(83392K), 0.0018994 secs]
49.979: [GC
Desired survivor size 1343488 bytes, new threshold 2 (max 4)
- age   1:    1236144 bytes,    1236144 total
- age   2:     164568 bytes,    1400712 total
- age   3:     321144 bytes,    1721856 total
 41721K->26334K(83392K), 0.0019375 secs]
49.997: [GC
Desired survivor size 1343488 bytes, new threshold 4 (max 4)
- age   1:     587440 bytes,     587440 total
- age   2:     726088 bytes,    1313528 total
 42334K->26351K(83392K), 0.0022577 secs]
50.012: [GC
Desired survivor size 1343488 bytes, new threshold 3 (max 4)
- age   1:     619376 bytes,     619376 total
- age   2:     521440 bytes,    1140816 total
- age   3:     649288 bytes,    1790104 total
 42345K->26817K(83392K), 0.0021463 secs]
50.026: [GC
Desired survivor size 1343488 bytes, new threshold 4 (max 4)
- age   1:     231816 bytes,     231816 total
- age   2:     457592 bytes,     689408 total
- age   3:     521440 bytes,    1210848 total
 42795K->26692K(83392K), 0.0022888 secs]
50.041: [GC
Desired survivor size 1343488 bytes, new threshold 4 (max 4)
- age   1:     349296 bytes,     349296 total
- age   2:     136176 bytes,     485472 total
- age   3:     457592 bytes,     943064 total
- age   4:     521440 bytes,    1464504 total
 42669K->26935K(83392K), 0.0018542 secs]
50.055: [GC
Desired survivor size 1343488 bytes, new threshold 4 (max 4)
- age   1:     513784 bytes,     513784 total
- age   2:     245976 bytes,     759760 total
- age   3:     136176 bytes,     895936 total
- age   4:     347784 bytes,    1243720 total
 42906K->27234K(83392K), 0.0025825 secs]
50.071: [GC
Desired survivor size 1343488 bytes, new threshold 2 (max 4)
- age   1:    1106264 bytes,    1106264 total
- age   2:     282432 bytes,    1388696 total
- age   3:     245976 bytes,    1634672 total
- age   4:     136176 bytes,    1770848 total
 43194K->27867K(83392K), 0.0021671 secs]
50.085: [GC
Desired survivor size 1343488 bytes, new threshold 4 (max 4)
- age   1:     496368 bytes,     496368 total
- age   2:     557368 bytes,    1053736 total
 43861K->27814K(83392K), 0.0023009 secs]
50.100: [GC
Desired survivor size 1343488 bytes, new threshold 4 (max 4)
- age   1:     468176 bytes,     468176 total
- age   2:     368768 bytes,     836944 total
- age   3:     177136 bytes,    1014080 total
 43769K->27775K(83392K), 0.0014301 secs]
50.114: [GC
Desired survivor size 1343488 bytes, new threshold 4 (max 4)
- age   1:     213088 bytes,     213088 total
- age   2:     302208 bytes,     515296 total
- age   3:     368768 bytes,     884064 total
- age   4:     177136 bytes,    1061200 total
 43770K->27822K(83392K), 0.0017501 secs]
50.131: [GC
Desired survivor size 1343488 bytes, new threshold 3 (max 4)
- age   1:    1026792 bytes,    1026792 total
- age   2:     127664 bytes,    1154456 total
- age   3:     302208 bytes,    1456664 total
- age   4:     368768 bytes,    1825432 total
 43814K->28742K(83392K), 0.0022983 secs]
50.146: [GC
Desired survivor size 1343488 bytes, new threshold 4 (max 4)
- age   1:     210024 bytes,     210024 total
- age   2:     718720 bytes,     928744 total
- age   3:      83656 bytes,    1012400 total
 44742K->28601K(83392K), 0.0022116 secs]
50.164: [GC
Desired survivor size 1343488 bytes, new threshold 3 (max 4)
- age   1:     903704 bytes,     903704 total
- age   2:     123736 bytes,    1027440 total
- age   3:     718720 bytes,    1746160 total
- age   4:      83656 bytes,    1829816 total
 44601K->29401K(83392K), 0.0022154 secs]
50.181: [GC
Desired survivor size 1343488 bytes, new threshold 4 (max 4)
- age   1:     336456 bytes,     336456 total
- age   2:     848384 bytes,    1184840 total
- age   3:     123736 bytes,    1308576 total
 45387K->29683K(83392K), 0.0028382 secs]
50.195: [GC
Desired survivor size 1343488 bytes, new threshold 4 (max 4)
- age   1:     486656 bytes,     486656 total
- age   2:     207464 bytes,     694120 total
- age   3:     474656 bytes,    1168776 total
- age   4:     123736 bytes,    1292512 total
 45613K->29662K(83392K), 0.0019146 secs]
50.209: [GC
Desired survivor size 1343488 bytes, new threshold 4 (max 4)
- age   1:     159000 bytes,     159000 total
- age   2:     402632 bytes,     561632 total
- age   3:     207464 bytes,     769096 total
- age   4:     406280 bytes,    1175376 total
 45642K->29671K(83392K), 0.0029708 secs]
50.229: [GC
Desired survivor size 1343488 bytes, new threshold 4 (max 4)
- age   1:     450456 bytes,     450456 total
- age   2:      86360 bytes,     536816 total
- age   3:     402632 bytes,     939448 total
- age   4:     207464 bytes,    1146912 total
 45671K->30042K(83392K), 0.0021419 secs]
50.244: [GC
Desired survivor size 1343488 bytes, new threshold 4 (max 4)
- age   1:     409712 bytes,     409712 total
- age   2:     373360 bytes,     783072 total
- age   4:     402632 bytes,    1185704 total
 46016K->30278K(83392K), 0.0020748 secs]
50.259: [GC
Desired survivor size 1343488 bytes, new threshold 4 (max 4)
- age   1:     163496 bytes,     163496 total
- age   2:     275528 bytes,     439024 total
- age   3:     372112 bytes,     811136 total
 46278K->30311K(83392K), 0.0019975 secs]
50.274: [GC
Desired survivor size 1343488 bytes, new threshold 4 (max 4)
- age   1:     408200 bytes,     408200 total
- age   2:      98824 bytes,     507024 total
- age   3:     275528 bytes,     782552 total
- age   4:     372112 bytes,    1154664 total
 46308K->30654K(83392K), 0.0016720 secs]
50.287: [GC
Desired survivor size 1343488 bytes, new threshold 4 (max 4)
- age   1:     482248 bytes,     482248 total
- age   2:     327304 bytes,     809552 total
- age   3:      98824 bytes,     908376 total
- age   4:     275528 bytes,    1183904 total
 46608K->30900K(83392K), 0.0023127 secs]
50.304: [GC
Desired survivor size 1343488 bytes, new threshold 4 (max 4)
- age   1:     170824 bytes,     170824 total
- age   2:     418112 bytes,     588936 total
- age   3:     327304 bytes,     916240 total
- age   4:      25736 bytes,     941976 total
 46832K->30914K(83392K), 0.0023242 secs]
50.318: [GC
Desired survivor size 1343488 bytes, new threshold 4 (max 4)
- age   1:     688784 bytes,     688784 total
- age   2:     101872 bytes,     790656 total
- age   3:     233672 bytes,    1024328 total
- age   4:     327304 bytes,    1351632 total
 46906K->31342K(83392K), 0.0024991 secs]
50.333: [GC
Desired survivor size 1343488 bytes, new threshold 4 (max 4)
- age   1:     393496 bytes,     393496 total
- age   2:     318408 bytes,     711904 total
- age   3:     101872 bytes,     813776 total
- age   4:     233672 bytes,    1047448 total
 47312K->31358K(83392K), 0.0019553 secs]
50.346: [GC
Desired survivor size 1343488 bytes, new threshold 4 (max 4)
- age   1:     359464 bytes,     359464 total
- age   2:     282280 bytes,     641744 total
- age   3:     160504 bytes,     802248 total
- age   4:     101872 bytes,     904120 total
 47348K->31452K(83392K), 0.0019672 secs]
50.359: [GC
Desired survivor size 1343488 bytes, new threshold 4 (max 4)
- age   1:     393536 bytes,     393536 total
- age   2:     243464 bytes,     637000 total
- age   3:     282280 bytes,     919280 total
- age   4:     160472 bytes,    1079752 total
 47334K->31678K(83392K), 0.0024141 secs]
50.374: [GC
Desired survivor size 1343488 bytes, new threshold 4 (max 4)
- age   1:     730552 bytes,     730552 total
- age   2:     309800 bytes,    1040352 total
- age   3:     243464 bytes,    1283816 total
- age   4:     282280 bytes,    1566096 total
 47670K->32311K(83392K), 0.0022747 secs]
50.388: [GC
Desired survivor size 1343488 bytes, new threshold 3 (max 4)
- age   1:     774088 bytes,     774088 total
- age   2:     423544 bytes,    1197632 total
- age   3:     309800 bytes,    1507432 total
- age   4:     243464 bytes,    1750896 total
 48271K->32767K(83392K), 0.0024088 secs]
50.402: [GC
Desired survivor size 1343488 bytes, new threshold 3 (max 4)
- age   1:     407824 bytes,     407824 total
- age   2:     702480 bytes,    1110304 total
- age   3:     360816 bytes,    1471120 total
 48760K->32878K(83392K), 0.0030187 secs]
50.419: [GC
Desired survivor size 1343488 bytes, new threshold 4 (max 4)
- age   1:     206456 bytes,     206456 total
- age   2:     218264 bytes,     424720 total
- age   3:     702480 bytes,    1127200 total
 48878K->32816K(83392K), 0.0016622 secs]
50.434: [GC
Desired survivor size 1343488 bytes, new threshold 4 (max 4)
- age   1:     424576 bytes,     424576 total
- age   2:     145800 bytes,     570376 total
- age   3:     218264 bytes,     788640 total
- age   4:     297560 bytes,    1086200 total
 48796K->32775K(83392K), 0.0015259 secs]
50.447: [GC
Desired survivor size 1343488 bytes, new threshold 4 (max 4)
- age   1:     152632 bytes,     152632 total
- age   2:     156672 bytes,     309304 total
- age   3:     145800 bytes,     455104 total
- age   4:     218264 bytes,     673368 total
 48719K->32662K(83392K), 0.0019124 secs]
50.466: [GC
Desired survivor size 1343488 bytes, new threshold 4 (max 4)
- age   1:     335200 bytes,     335200 total
- age   2:      85048 bytes,     420248 total
- age   3:     155840 bytes,     576088 total
- age   4:     145760 bytes,     721848 total
 48650K->32850K(83392K), 0.0021059 secs]
50.480: [GC
Desired survivor size 1343488 bytes, new threshold 4 (max 4)
- age   1:     545520 bytes,     545520 total
- age   2:     253536 bytes,     799056 total
- age   3:      85048 bytes,     884104 total
- age   4:     155840 bytes,    1039944 total
 48769K->33160K(83392K), 0.0018709 secs]
50.494: [GC
Desired survivor size 1343488 bytes, new threshold 4 (max 4)
- age   1:     514472 bytes,     514472 total
- age   2:     484864 bytes,     999336 total
- age   3:     240360 bytes,    1239696 total
 49146K->33512K(83392K), 0.0020499 secs]
50.509: [GC
Desired survivor size 1343488 bytes, new threshold 3 (max 4)
- age   1:     722528 bytes,     722528 total
- age   2:     342520 bytes,    1065048 total
- age   3:     484864 bytes,    1549912 total
- age   4:      20872 bytes,    1570784 total
 49500K->33832K(83392K), 0.0020795 secs]
50.522: [GC
Desired survivor size 1343488 bytes, new threshold 4 (max 4)
- age   1:     140560 bytes,     140560 total
- age   2:     705392 bytes,     845952 total
- age   3:     255080 bytes,    1101032 total
 49832K->33754K(83392K), 0.0025326 secs]
50.538: [GC
Desired survivor size 1343488 bytes, new threshold 4 (max 4)
- age   1:     582096 bytes,     582096 total
- age   2:     140560 bytes,     722656 total
- age   3:     469312 bytes,    1191968 total
- age   4:     255080 bytes,    1447048 total
 49731K->34076K(83392K), 0.0029541 secs]
50.553: [GC
Desired survivor size 1343488 bytes, new threshold 4 (max 4)
- age   1:     164664 bytes,     164664 total
- age   2:     582056 bytes,     746720 total
- age   3:     140560 bytes,     887280 total
- age   4:     332600 bytes,    1219880 total
 50076K->33934K(83392K), 0.0018125 secs]
50.568: [GC
Desired survivor size 1343488 bytes, new threshold 4 (max 4)
- age   1:     276544 bytes,     276544 total
- age   2:      89312 bytes,     365856 total
- age   3:     337064 bytes,     702920 total
- age   4:      79528 bytes,     782448 total
 49926K->33832K(83392K), 0.0016687 secs]
50.581: [GC
Desired survivor size 1343488 bytes, new threshold 4 (max 4)
- age   1:     245640 bytes,     245640 total
- age   2:     117104 bytes,     362744 total
- age   3:      89280 bytes,     452024 total
- age   4:     337064 bytes,     789088 total
 49780K->33917K(83392K), 0.0017208 secs]
50.597: [GC
Desired survivor size 1343488 bytes, new threshold 3 (max 4)
- age   1:    1278368 bytes,    1278368 total
- age   2:         32 bytes,    1278400 total
- age   3:      85616 bytes,    1364016 total
- age   4:      89280 bytes,    1453296 total
 49909K->34895K(83392K), 0.0021961 secs]
50.611: [GC
Desired survivor size 1343488 bytes, new threshold 4 (max 4)
- age   1:     358776 bytes,     358776 total
- age   2:     586784 bytes,     945560 total
 50892K->34486K(83392K), 0.0023673 secs]
50.628: [GC
Desired survivor size 1343488 bytes, new threshold 3 (max 4)
- age   1:     966744 bytes,     966744 total
- age   2:     252128 bytes,    1218872 total
- age   3:     504136 bytes,    1723008 total
 50465K->35244K(83392K), 0.0022390 secs]
50.641: [GC
Desired survivor size 1343488 bytes, new threshold 4 (max 4)
- age   1:      64672 bytes,      64672 total
- age   2:     951952 bytes,    1016624 total
- age   3:     252128 bytes,    1268752 total
 51212K->35264K(83392K), 0.0024691 secs]
50.657: [GC
Desired survivor size 1343488 bytes, new threshold 4 (max 4)
- age   1:     276504 bytes,     276504 total
- age   2:      37728 bytes,     314232 total
- age   3:     951832 bytes,    1266064 total
- age   4:     204608 bytes,    1470672 total
 51243K->35459K(83392K), 0.0030519 secs]
50.672: [GC
Desired survivor size 1343488 bytes, new threshold 4 (max 4)
- age   1:     450512 bytes,     450512 total
- age   2:     246008 bytes,     696520 total
- age   3:      37728 bytes,     734248 total
- age   4:     315472 bytes,    1049720 total
 51423K->35252K(83392K), 0.0017522 secs]
50.686: [GC
Desired survivor size 1343488 bytes, new threshold 4 (max 4)
- age   1:     623640 bytes,     623640 total
- age   2:     411192 bytes,    1034832 total
- age   3:     246008 bytes,    1280840 total
 51237K->35791K(83392K), 0.0021455 secs]
50.701: [GC
Desired survivor size 1343488 bytes, new threshold 3 (max 4)
- age   1:     497080 bytes,     497080 total
- age   2:     539920 bytes,    1037000 total
- age   3:     324816 bytes,    1361816 total
- age   4:     209280 bytes,    1571096 total
 51756K->36067K(83392K), 0.0020588 secs]
50.723: [GC
Desired survivor size 1343488 bytes, new threshold 4 (max 4)
- age   1:     143000 bytes,     143000 total
- age   2:     162712 bytes,     305712 total
- age   3:     539920 bytes,     845632 total
 52057K->35878K(83392K), 0.0020139 secs]
50.740: [GC
Desired survivor size 1343488 bytes, new threshold 4 (max 4)
- age   1:     532768 bytes,     532768 total
- age   2:      97816 bytes,     630584 total
- age   3:      76264 bytes,     706848 total
- age   4:     163328 bytes,     870176 total
 51844K->35906K(83392K), 0.0014849 secs]
50.754: [GC
Desired survivor size 1343488 bytes, new threshold 4 (max 4)
- age   1:     434808 bytes,     434808 total
- age   2:     462872 bytes,     897680 total
- age   3:      97816 bytes,     995496 total
- age   4:      76264 bytes,    1071760 total
 51906K->36263K(83392K), 0.0017597 secs]
50.773: [GC
Desired survivor size 1343488 bytes, new threshold 4 (max 4)
- age   1:     616800 bytes,     616800 total
- age   2:     358504 bytes,     975304 total
- age   3:      54064 bytes,    1029368 total
- age   4:       8280 bytes,    1037648 total
 52263K->36311K(83392K), 0.0017869 secs]
50.786: [GC
Desired survivor size 1343488 bytes, new threshold 4 (max 4)
- age   1:     186296 bytes,     186296 total
- age   2:     601256 bytes,     787552 total
- age   3:      10312 bytes,     797864 total
- age   4:      54064 bytes,     851928 total
 52300K->36142K(83392K), 0.0019332 secs]
50.802: [GC
Desired survivor size 1343488 bytes, new threshold 4 (max 4)
- age   1:      90272 bytes,      90272 total
- age   2:     111888 bytes,     202160 total
- age   3:     478032 bytes,     680192 total
- age   4:      10312 bytes,     690504 total
 52103K->36025K(83392K), 0.0019356 secs]
50.816: [GC
Desired survivor size 1343488 bytes, new threshold 4 (max 4)
- age   1:     326048 bytes,     326048 total
- age   2:      60944 bytes,     386992 total
- age   3:      65488 bytes,     452480 total
- age   4:     102872 bytes,     555352 total
 52025K->35906K(83392K), 0.0012775 secs]
50.831: [GC
Desired survivor size 1343488 bytes, new threshold 4 (max 4)
- age   1:     473848 bytes,     473848 total
- age   2:      85360 bytes,     559208 total
- age   3:      60944 bytes,     620152 total
- age   4:      65488 bytes,     685640 total
 51891K->36140K(83392K), 0.0019027 secs]
50.844: [GC
Desired survivor size 1343488 bytes, new threshold 4 (max 4)
- age   1:     261576 bytes,     261576 total
- age   2:     437928 bytes,     699504 total
- age   3:      85248 bytes,     784752 total
- age   4:      60944 bytes,     845696 total
 52139K->36304K(83392K), 0.0018066 secs]
50.857: [GC
Desired survivor size 1343488 bytes, new threshold 4 (max 4)
- age   1:     359736 bytes,     359736 total
- age   2:     199632 bytes,     559368 total
- age   3:     182856 bytes,     742224 total
- age   4:      85248 bytes,     827472 total
 52295K->36354K(83392K), 0.0028565 secs]
50.872: [GC
Desired survivor size 1343488 bytes, new threshold 4 (max 4)
- age   1:     448720 bytes,     448720 total
- age   2:     139320 bytes,     588040 total
- age   3:     199632 bytes,     787672 total
- age   4:      87152 bytes,     874824 total
 52307K->36464K(83392K), 0.0017185 secs]
50.886: [GC
Desired survivor size 1343488 bytes, new threshold 4 (max 4)
- age   1:     471496 bytes,     471496 total
- age   2:     252848 bytes,     724344 total
- age   3:      86456 bytes,     810800 total
- age   4:       4864 bytes,     815664 total
 52456K->36499K(83392K), 0.0015362 secs]
50.903: [GC
Desired survivor size 1343488 bytes, new threshold 4 (max 4)
- age   1:     177416 bytes,     177416 total
- age   2:     280344 bytes,     457760 total
- age   3:     204664 bytes,     662424 total
 52493K->36344K(83392K), 0.0016844 secs]
50.919: [GC
Desired survivor size 1343488 bytes, new threshold 4 (max 4)
- age   1:     159048 bytes,     159048 total
- age   2:     126464 bytes,     285512 total
- age   3:     280344 bytes,     565856 total
- age   4:     204664 bytes,     770520 total
 52311K->36452K(83392K), 0.0014128 secs]
50.933: [GC
Desired survivor size 1343488 bytes, new threshold 4 (max 4)
- age   1:     518472 bytes,     518472 total
- age   2:      87200 bytes,     605672 total
- age   3:     125760 bytes,     731432 total
- age   4:     280344 bytes,    1011776 total
 52409K->36891K(83392K), 0.0021044 secs]
50.947: [GC
Desired survivor size 1343488 bytes, new threshold 4 (max 4)
- age   1:     316576 bytes,     316576 total
- age   2:     136496 bytes,     453072 total
- age   3:      87200 bytes,     540272 total
- age   4:     125760 bytes,     666032 total
 52878K->36821K(83392K), 0.0019907 secs]
50.961: [GC
Desired survivor size 1343488 bytes, new threshold 4 (max 4)
- age   1:     281096 bytes,     281096 total
- age   2:      65304 bytes,     346400 total
- age   3:     136496 bytes,     482896 total
- age   4:      87200 bytes,     570096 total
 52821K->36863K(83392K), 0.0024149 secs]
50.974: [GC
Desired survivor size 1343488 bytes, new threshold 4 (max 4)
- age   1:     447112 bytes,     447112 total
- age   2:       7392 bytes,     454504 total
- age   3:      65304 bytes,     519808 total
- age   4:     136496 bytes,     656304 total
 52804K->36956K(83392K), 0.0014615 secs]
50.988: [GC
Desired survivor size 1343488 bytes, new threshold 4 (max 4)
- age   1:     583448 bytes,     583448 total
- age   3:       7392 bytes,     590840 total
- age   4:      65304 bytes,     656144 total
 52953K->37093K(83392K), 0.0015241 secs]
51.002: [GC
Desired survivor size 1343488 bytes, new threshold 4 (max 4)
- age   1:     385808 bytes,     385808 total
- age   4:       7392 bytes,     393200 total
 53086K->36888K(83392K), 0.0011844 secs]
51.016: [GC
Desired survivor size 1343488 bytes, new threshold 4 (max 4)
- age   1:    1057104 bytes,    1057104 total
- age   2:     217032 bytes,    1274136 total
 52848K->37755K(83392K), 0.0016170 secs]
51.030: [GC
Desired survivor size 1343488 bytes, new threshold 2 (max 4)
- age   1:     869472 bytes,     869472 total
- age   2:     912176 bytes,    1781648 total
- age   3:      57752 bytes,    1839400 total
 53746K->38306K(83392K), 0.0024782 secs]
51.044: [GC
Desired survivor size 1343488 bytes, new threshold 4 (max 4)
- age   1:     329056 bytes,     329056 total
- age   2:     812352 bytes,    1141408 total
 54300K->38227K(83392K), 0.0029598 secs]
51.059: [GC
Desired survivor size 1343488 bytes, new threshold 3 (max 4)
- age   1:     643600 bytes,     643600 total
- age   2:      72696 bytes,     716296 total
- age   3:     812352 bytes,    1528648 total
 54194K->38606K(83392K), 0.0026079 secs]
51.073: [GC
Desired survivor size 1343488 bytes, new threshold 4 (max 4)
- age   1:     309928 bytes,     309928 total
- age   2:     565728 bytes,     875656 total
 54604K->38700K(83392K), 0.0029398 secs]
51.087: [GC
Desired survivor size 1343488 bytes, new threshold 4 (max 4)
- age   1:     495544 bytes,     495544 total
- age   2:     234544 bytes,     730088 total
- age   3:     565728 bytes,    1295816 total
 54669K->39112K(83392K), 0.0019900 secs]
51.100: [GC
Desired survivor size 1343488 bytes, new threshold 4 (max 4)
- age   1:     278336 bytes,     278336 total
- age   2:     458904 bytes,     737240 total
- age   3:     234544 bytes,     971784 total
- age   4:     565728 bytes,    1537512 total
 55096K->39349K(83392K), 0.0024698 secs]
51.115: [GC
Desired survivor size 1343488 bytes, new threshold 4 (max 4)
- age   1:     553360 bytes,     553360 total
- age   2:     177232 bytes,     730592 total
- age   3:     458904 bytes,    1189496 total
- age   4:     234544 bytes,    1424040 total
 55326K->39790K(83392K), 0.0024615 secs]
51.128: [GC
Desired survivor size 1343488 bytes, new threshold 4 (max 4)
- age   1:     154960 bytes,     154960 total
- age   2:     501264 bytes,     656224 total
- age   3:       1824 bytes,     658048 total
- age   4:     342376 bytes,    1000424 total
 55788K->39604K(83392K), 0.0020065 secs]
51.143: [GC
Desired survivor size 1343488 bytes, new threshold 3 (max 4)
- age   1:     896832 bytes,     896832 total
- age   2:      95320 bytes,     992152 total
- age   3:     501264 bytes,    1493416 total
- age   4:       1824 bytes,    1495240 total
 55582K->40262K(83392K), 0.0025599 secs]
51.158: [GC
Desired survivor size 1343488 bytes, new threshold 4 (max 4)
- age   1:     507256 bytes,     507256 total
- age   2:     799192 bytes,    1306448 total
- age   3:      31904 bytes,    1338352 total
 56228K->40601K(83392K), 0.0028409 secs]
51.174: [GC
Desired survivor size 1343488 bytes, new threshold 3 (max 4)
- age   1:     411416 bytes,     411416 total
- age   2:     463512 bytes,     874928 total
- age   3:     513688 bytes,    1388616 total
- age   4:      31904 bytes,    1420520 total
 56572K->40680K(83392K), 0.0019195 secs]
51.188: [GC
Desired survivor size 1343488 bytes, new threshold 4 (max 4)
- age   1:     460512 bytes,     460512 total
- age   2:     338688 bytes,     799200 total
- age   3:     463512 bytes,    1262712 total
 56675K->40831K(83392K), 0.0020486 secs]
51.203: [GC
Desired survivor size 1343488 bytes, new threshold 4 (max 4)
- age   1:     255280 bytes,     255280 total
- age   2:     407392 bytes,     662672 total
- age   3:     243624 bytes,     906296 total
- age   4:     403344 bytes,    1309640 total
 56826K->40876K(83392K), 0.0017581 secs]
51.221: [GC
Desired survivor size 1343488 bytes, new threshold 4 (max 4)
- age   1:     523320 bytes,     523320 total
- age   2:     120432 bytes,     643752 total
- age   3:     407328 bytes,    1051080 total
- age   4:     243624 bytes,    1294704 total
 56837K->41256K(83392K), 0.0020467 secs]
51.235: [GC
Desired survivor size 1343488 bytes, new threshold 4 (max 4)
- age   1:     468752 bytes,     468752 total
- age   2:     189944 bytes,     658696 total
- age   3:     120432 bytes,     779128 total
- age   4:     407328 bytes,    1186456 total
 57222K->41228K(83392K), 0.0019940 secs]
51.250: [GC
Desired survivor size 1343488 bytes, new threshold 4 (max 4)
- age   1:     666512 bytes,     666512 total
- age   2:      47208 bytes,     713720 total
- age   3:      54240 bytes,     767960 total
- age   4:     120432 bytes,     888392 total
 57185K->41182K(83392K), 0.0014672 secs]
51.263: [GC
Desired survivor size 1343488 bytes, new threshold 4 (max 4)
- age   1:     316256 bytes,     316256 total
- age   2:     308376 bytes,     624632 total
- age   3:      47208 bytes,     671840 total
 57177K->41089K(83392K), 0.0015895 secs]
51.278: [GC
Desired survivor size 1343488 bytes, new threshold 4 (max 4)
- age   1:     371416 bytes,     371416 total
- age   2:     233784 bytes,     605200 total
- age   3:     308376 bytes,     913576 total
- age   4:      47208 bytes,     960784 total
 57063K->41369K(83392K), 0.0046473 secs]
51.297: [GC
Desired survivor size 1343488 bytes, new threshold 4 (max 4)
- age   1:     804408 bytes,     804408 total
- age   2:      64928 bytes,     869336 total
- age   3:     233784 bytes,    1103120 total
- age   4:     308376 bytes,    1411496 total
 57327K->41855K(83392K), 0.0061583 secs]
51.316: [GC
Desired survivor size 1343488 bytes, new threshold 4 (max 4)
- age   1:     267728 bytes,     267728 total
- age   2:     560976 bytes,     828704 total
- age   3:      64928 bytes,     893632 total
- age   4:     233784 bytes,    1127416 total
 57737K->41879K(83392K), 0.0033890 secs]
51.333: [GC
Desired survivor size 1343488 bytes, new threshold 4 (max 4)
- age   1:     421928 bytes,     421928 total
- age   2:     189856 bytes,     611784 total
- age   3:     560976 bytes,    1172760 total
- age   4:      64928 bytes,    1237688 total
 57860K->42215K(83392K), 0.0077610 secs]
51.352: [GC
Desired survivor size 1343488 bytes, new threshold 4 (max 4)
- age   1:     471464 bytes,     471464 total
- age   2:     382360 bytes,     853824 total
- age   3:     189856 bytes,    1043680 total
- age   4:     493488 bytes,    1537168 total
 58202K->42571K(83392K), 0.0034947 secs]
51.370: [GC
Desired survivor size 1343488 bytes, new threshold 2 (max 4)
- age   1:    1019904 bytes,    1019904 total
- age   2:     401472 bytes,    1421376 total
- age   3:     382360 bytes,    1803736 total
- age   4:     189856 bytes,    1993592 total
 58563K->43250K(83392K), 0.0057301 secs]
51.388: [GC
Desired survivor size 1343488 bytes, new threshold 2 (max 4)
- age   1:     986432 bytes,     986432 total
- age   2:     967488 bytes,    1953920 total
 59224K->43864K(83392K), 0.0029320 secs]
51.404: [GC
Desired survivor size 1343488 bytes, new threshold 4 (max 4)
- age   1:     410016 bytes,     410016 total
- age   2:     572696 bytes,     982712 total
 59854K->43859K(83392K), 0.0035904 secs]
51.419: [GC
Desired survivor size 1343488 bytes, new threshold 4 (max 4)
- age   1:     330600 bytes,     330600 total
- age   2:     334728 bytes,     665328 total
- age   3:     336320 bytes,    1001648 total
 59840K->43879K(83392K), 0.0016729 secs]
51.433: [GC
Desired survivor size 1343488 bytes, new threshold 3 (max 4)
- age   1:    1083928 bytes,    1083928 total
- age   2:     191064 bytes,    1274992 total
- age   3:     334728 bytes,    1609720 total
- age   4:     336320 bytes,    1946040 total
 59829K->44801K(83392K), 0.0023808 secs]
51.452: [GC
Desired survivor size 1343488 bytes, new threshold 3 (max 4)
- age   1:     680584 bytes,     680584 total
- age   2:     637464 bytes,    1318048 total
- age   3:      55680 bytes,    1373728 total
 60763K->44683K(83392K), 0.0019924 secs]
51.471: [GC
Desired survivor size 1343488 bytes, new threshold 3 (max 4)
- age   1:     271304 bytes,     271304 total
- age   2:     474664 bytes,     745968 total
- age   3:     637464 bytes,    1383432 total
 60613K->44747K(83392K), 0.0019898 secs]
51.486: [GC
Desired survivor size 1343488 bytes, new threshold 4 (max 4)
- age   1:     728808 bytes,     728808 total
- age   3:     394384 bytes,    1123192 total
 60700K->44947K(83392K), 0.0019583 secs]
51.498: [GC
Desired survivor size 1343488 bytes, new threshold 4 (max 4)
- age   1:     155408 bytes,     155408 total
- age   2:     418928 bytes,     574336 total
- age   4:     394384 bytes,     968720 total
 60892K->44798K(83392K), 0.0016826 secs]
51.522: [GC
Desired survivor size 1343488 bytes, new threshold 4 (max 4)
- age   1:     741816 bytes,     741816 total
- age   3:     174400 bytes,     916216 total
 60798K->45046K(83392K), 0.0016337 secs]
51.537: [GC
Desired survivor size 1343488 bytes, new threshold 4 (max 4)
- age   1:     282920 bytes,     282920 total
- age   2:     740672 bytes,    1023592 total
- age   4:     174400 bytes,    1197992 total
 61016K->45336K(83392K), 0.0018296 secs]
51.551: [GC
Desired survivor size 1343488 bytes, new threshold 4 (max 4)
- age   1:     184120 bytes,     184120 total
- age   2:     170136 bytes,     354256 total
- age   3:     740560 bytes,    1094816 total
 61260K->45399K(83392K), 0.0019272 secs]
51.564: [GC
Desired survivor size 1343488 bytes, new threshold 4 (max 4)
- age   1:     980784 bytes,     980784 total
- age   2:     184120 bytes,    1164904 total
- age   3:      87480 bytes,    1252384 total
- age   4:     571496 bytes,    1823880 total
 61361K->46116K(83392K), 0.0029774 secs]
51.582: [GC
Desired survivor size 1343488 bytes, new threshold 2 (max 4)
- age   1:     725808 bytes,     725808 total
- age   2:     698312 bytes,    1424120 total
- age   3:     184120 bytes,    1608240 total
- age   4:      87480 bytes,    1695720 total
 62084K->46190K(83392K), 0.0027613 secs]
51.597: [GC
Desired survivor size 1343488 bytes, new threshold 4 (max 4)
- age   1:     763320 bytes,     763320 total
- age   2:     438104 bytes,    1201424 total
 62171K->46283K(83392K), 0.0025793 secs]
51.613: [GC
Desired survivor size 1343488 bytes, new threshold 3 (max 4)
- age   1:     558880 bytes,     558880 total
- age   2:     743296 bytes,    1302176 total
- age   3:     438104 bytes,    1740280 total
 62271K->46798K(83392K), 0.0020684 secs]
51.626: [GC
Desired survivor size 1343488 bytes, new threshold 4 (max 4)
- age   1:     741424 bytes,     741424 total
- age   2:     501608 bytes,    1243032 total
 62782K->46741K(83392K), 0.0022989 secs]
51.640: [GC
Desired survivor size 1343488 bytes, new threshold 2 (max 4)
- age   1:    1024848 bytes,    1024848 total
- age   2:     567592 bytes,    1592440 total
- age   3:     501536 bytes,    2093976 total
 62675K->47571K(83392K), 0.0025798 secs]
51.665: [GC
Desired survivor size 1343488 bytes, new threshold 2 (max 4)
- age   1:     558264 bytes,     558264 total
- age   2:     956776 bytes,    1515040 total
 63571K->47202K(83392K), 0.0027973 secs]
51.680: [GC
Desired survivor size 1343488 bytes, new threshold 4 (max 4)
- age   1:     284312 bytes,     284312 total
- age   2:     421976 bytes,     706288 total
 63182K->47139K(83392K), 0.0026603 secs]
51.693: [GC
Desired survivor size 1343488 bytes, new threshold 4 (max 4)
- age   1:     404920 bytes,     404920 total
- age   2:     223352 bytes,     628272 total
- age   3:     420240 bytes,    1048512 total
 63113K->47477K(83392K), 0.0016658 secs]
51.707: [GC
Desired survivor size 1343488 bytes, new threshold 4 (max 4)
- age   1:     113840 bytes,     113840 total
- age   2:     327624 bytes,     441464 total
- age   3:     223352 bytes,     664816 total
- age   4:     329016 bytes,     993832 total
 63467K->47419K(83392K), 0.0018157 secs]
51.721: [GC
Desired survivor size 1343488 bytes, new threshold 4 (max 4)
- age   1:     483560 bytes,     483560 total
- age   2:      90352 bytes,     573912 total
- age   3:     327624 bytes,     901536 total
- age   4:     223352 bytes,    1124888 total
 63389K->47613K(83392K), 0.0019353 secs]
51.736: [GC
Desired survivor size 1343488 bytes, new threshold 4 (max 4)
- age   1:     824200 bytes,     824200 total
- age   2:     327872 bytes,    1152072 total
- age   3:      90320 bytes,    1242392 total
- age   4:     108640 bytes,    1351032 total
 63589K->48041K(83392K), 0.0019754 secs]
51.749: [GC
Desired survivor size 1343488 bytes, new threshold 4 (max 4)
- age   1:     353104 bytes,     353104 total
- age   2:     585064 bytes,     938168 total
- age   3:     327872 bytes,    1266040 total
- age   4:      90320 bytes,    1356360 total
 64015K->48113K(83392K), 0.0021448 secs]
51.765: [GC
Desired survivor size 1343488 bytes, new threshold 4 (max 4)
- age   1:     232584 bytes,     232584 total
- age   2:     326088 bytes,     558672 total
- age   3:     463248 bytes,    1021920 total
- age   4:     295672 bytes,    1317592 total
 64100K->48163K(83392K), 0.0022456 secs]
51.780: [GC
Desired survivor size 1343488 bytes, new threshold 4 (max 4)
- age   1:     724384 bytes,     724384 total
- age   2:     147240 bytes,     871624 total
- age   3:     326088 bytes,    1197712 total
- age   4:     463248 bytes,    1660960 total
 64149K->48787K(83392K), 0.0037276 secs]
51.796: [GC
Desired survivor size 1343488 bytes, new threshold 4 (max 4)
- age   1:     429720 bytes,     429720 total
- age   2:     566960 bytes,     996680 total
- age   3:     147240 bytes,    1143920 total
- age   4:     247008 bytes,    1390928 total
 64719K->48801K(83392K), 0.0019166 secs]
51.813: [GC
Desired survivor size 1343488 bytes, new threshold 4 (max 4)
- age   1:     374056 bytes,     374056 total
- age   2:     200864 bytes,     574920 total
- age   3:     412128 bytes,     987048 total
- age   4:     147240 bytes,    1134288 total
 64801K->48791K(83392K), 0.0018264 secs]
51.834: [GC
Desired survivor size 1343488 bytes, new threshold 4 (max 4)
- age   1:     311624 bytes,     311624 total
- age   2:     161368 bytes,     472992 total
- age   3:     121248 bytes,     594240 total
- age   4:     411424 bytes,    1005664 total
 64715K->48809K(83392K), 0.0027965 secs]
51.850: [GC
Desired survivor size 1343488 bytes, new threshold 4 (max 4)
- age   1:     417560 bytes,     417560 total
- age   2:     264792 bytes,     682352 total
- age   3:     161368 bytes,     843720 total
- age   4:     121248 bytes,     964968 total
 64779K->49037K(83392K), 0.0019499 secs]
51.864: [GC
Desired survivor size 1343488 bytes, new threshold 4 (max 4)
- age   1:     266528 bytes,     266528 total
- age   2:     241416 bytes,     507944 total
- age   3:     264792 bytes,     772736 total
- age   4:     161368 bytes,     934104 total
 65009K->49133K(83392K), 0.0018792 secs]
51.878: [GC
Desired survivor size 1343488 bytes, new threshold 4 (max 4)
- age   1:     635792 bytes,     635792 total
- age   2:     221112 bytes,     856904 total
- age   3:      76232 bytes,     933136 total
- age   4:      21904 bytes,     955040 total
 65079K->49315K(83392K), 0.0020528 secs]
51.893: [GC
Desired survivor size 1343488 bytes, new threshold 4 (max 4)
- age   1:     473232 bytes,     473232 total
- age   2:     475032 bytes,     948264 total
- age   3:     221112 bytes,    1169376 total
- age   4:      76232 bytes,    1245608 total
 65297K->49620K(83392K), 0.0020414 secs]
51.907: [GC
Desired survivor size 1343488 bytes, new threshold 4 (max 4)
- age   1:     610520 bytes,     610520 total
- age   2:     314400 bytes,     924920 total
- age   3:     280872 bytes,    1205792 total
- age   4:     221112 bytes,    1426904 total
 65581K->49869K(83392K), 0.0020948 secs]
51.920: [GC
Desired survivor size 1343488 bytes, new threshold 4 (max 4)
- age   1:     236184 bytes,     236184 total
- age   2:     393512 bytes,     629696 total
- age   3:     314400 bytes,     944096 total
- age   4:      83480 bytes,    1027576 total
 65823K->49695K(83392K), 0.0020213 secs]
51.935: [GC
Desired survivor size 1343488 bytes, new threshold 3 (max 4)
- age   1:     917296 bytes,     917296 total
- age   2:     101392 bytes,    1018688 total
- age   3:     393512 bytes,    1412200 total
- age   4:     314400 bytes,    1726600 total
 65674K->50460K(83392K), 0.0025193 secs]
51.950: [GC
Desired survivor size 1343488 bytes, new threshold 4 (max 4)
- age   1:     507528 bytes,     507528 total
- age   2:     679704 bytes,    1187232 total
 66454K->50386K(83392K), 0.0023321 secs]
51.964: [GC
Desired survivor size 1343488 bytes, new threshold 4 (max 4)
- age   1:     176840 bytes,     176840 total
- age   2:     300360 bytes,     477200 total
- age   3:     679704 bytes,    1156904 total
 66384K->50341K(83392K), 0.0019747 secs]
51.985: [GC
Desired survivor size 1343488 bytes, new threshold 4 (max 4)
- age   1:     275480 bytes,     275480 total
- age   2:      90464 bytes,     365944 total
- age   3:     127664 bytes,     493608 total
- age   4:     679704 bytes,    1173312 total
 66341K->50354K(83392K), 0.0018648 secs]
52.000: [GC
Desired survivor size 1343488 bytes, new threshold 4 (max 4)
- age   1:     222616 bytes,     222616 total
- age   2:     200264 bytes,     422880 total
- age   3:      90464 bytes,     513344 total
- age   4:     127664 bytes,     641008 total
 66354K->50504K(83392K), 0.0023140 secs]
52.014: [GC
Desired survivor size 1343488 bytes, new threshold 4 (max 4)
- age   1:     199576 bytes,     199576 total
- age   2:     220912 bytes,     420488 total
- age   3:     200264 bytes,     620752 total
 66494K->50551K(83392K), 0.0014019 secs]
52.027: [GC
Desired survivor size 1343488 bytes, new threshold 4 (max 4)
- age   1:     422152 bytes,     422152 total
- age   2:     146384 bytes,     568536 total
- age   3:     220912 bytes,     789448 total
- age   4:     200264 bytes,     989712 total
 66549K->50920K(83392K), 0.0017454 secs]
52.040: [GC
Desired survivor size 1343488 bytes, new threshold 4 (max 4)
- age   1:     405168 bytes,     405168 total
- age   2:     395168 bytes,     800336 total
- age   3:      49624 bytes,     849960 total
- age   4:     220912 bytes,    1070872 total
 66918K->51187K(83392K), 0.0023633 secs]
52.053: [GC
Desired survivor size 1343488 bytes, new threshold 4 (max 4)
- age   1:     121912 bytes,     121912 total
- age   2:     214184 bytes,     336096 total
- age   3:     395168 bytes,     731264 total
- age   4:      49624 bytes,     780888 total
 67177K->51073K(83392K), 0.0020801 secs]
52.067: [GC
Desired survivor size 1343488 bytes, new threshold 4 (max 4)
- age   1:     241832 bytes,     241832 total
- age   2:      81816 bytes,     323648 total
- age   3:     214184 bytes,     537832 total
- age   4:     395168 bytes,     933000 total
 67066K->51272K(83392K), 0.0018720 secs]
52.081: [GC
Desired survivor size 1343488 bytes, new threshold 4 (max 4)
- age   1:     626752 bytes,     626752 total
- age   2:     149480 bytes,     776232 total
- age   4:     104080 bytes,     880312 total
 67268K->51605K(83392K), 0.0017722 secs]
52.094: [GC
Desired survivor size 1343488 bytes, new threshold 4 (max 4)
- age   1:     269552 bytes,     269552 total
- age   2:     189152 bytes,     458704 total
- age   3:     149480 bytes,     608184 total
 67570K->51440K(83392K), 0.0015087 secs]
52.107: [GC
Desired survivor size 1343488 bytes, new threshold 4 (max 4)
- age   1:     455696 bytes,     455696 total
- age   2:     187936 bytes,     643632 total
- age   3:     189152 bytes,     832784 total
- age   4:     149480 bytes,     982264 total
 67424K->51803K(83392K), 0.0024784 secs]
52.121: [GC
Desired survivor size 1343488 bytes, new threshold 4 (max 4)
- age   1:     251560 bytes,     251560 total
- age   2:     269384 bytes,     520944 total
- age   3:     134528 bytes,     655472 total
- age   4:     133488 bytes,     788960 total
 67771K->51763K(83392K), 0.0016662 secs]
52.140: [GC
Desired survivor size 1343488 bytes, new threshold 4 (max 4)
- age   1:     606232 bytes,     606232 total
- age   2:     251560 bytes,     857792 total
- age   3:     269384 bytes,    1127176 total
- age   4:     134528 bytes,    1261704 total
 67763K->52353K(83392K), 0.0016654 secs]
52.154: [GC
Desired survivor size 1343488 bytes, new threshold 4 (max 4)
- age   1:     132056 bytes,     132056 total
- age   2:     424152 bytes,     556208 total
- age   3:     183712 bytes,     739920 total
- age   4:     269352 bytes,    1009272 total
 68349K->52191K(83392K), 0.0018885 secs]
52.168: [GC
Desired survivor size 1343488 bytes, new threshold 4 (max 4)
- age   1:     618552 bytes,     618552 total
- age   2:      93384 bytes,     711936 total
- age   3:     424152 bytes,    1136088 total
 68156K->52591K(83392K), 0.0025913 secs]
52.183: [GC
Desired survivor size 1343488 bytes, new threshold 4 (max 4)
- age   1:     455384 bytes,     455384 total
- age   2:     274464 bytes,     729848 total
- age   3:      93384 bytes,     823232 total
- age   4:     424152 bytes,    1247384 total
 68565K->52688K(83392K), 0.0017268 secs]
52.200: [GC
Desired survivor size 1343488 bytes, new threshold 4 (max 4)
- age   1:     341480 bytes,     341480 total
- age   2:      90584 bytes,     432064 total
- age   3:     207560 bytes,     639624 total
- age   4:      93384 bytes,     733008 total
 68651K->52617K(83392K), 0.0020072 secs]
52.214: [GC
Desired survivor size 1343488 bytes, new threshold 4 (max 4)
- age   1:     302576 bytes,     302576 total
- age   2:     112928 bytes,     415504 total
- age   3:      90584 bytes,     506088 total
- age   4:     162280 bytes,     668368 total
 68604K->52633K(83392K), 0.0014552 secs]
52.227: [GC
Desired survivor size 1343488 bytes, new threshold 4 (max 4)
- age   1:     698568 bytes,     698568 total
- age   2:     160104 bytes,     858672 total
- age   3:     112928 bytes,     971600 total
- age   4:      90584 bytes,    1062184 total
 68623K->53165K(83392K), 0.0021684 secs]
52.241: [GC
Desired survivor size 1343488 bytes, new threshold 4 (max 4)
- age   1:     197368 bytes,     197368 total
- age   2:     626024 bytes,     823392 total
- age   3:      51224 bytes,     874616 total
- age   4:     112928 bytes,     987544 total
 69151K->53182K(83392K), 0.0017935 secs]
52.255: [GC
Desired survivor size 1343488 bytes, new threshold 4 (max 4)
- age   1:     291832 bytes,     291832 total
- age   2:     170784 bytes,     462616 total
- age   3:     605896 bytes,    1068512 total
- age   4:        400 bytes,    1068912 total
 69155K->53309K(83392K), 0.0018232 secs]
52.269: [GC
Desired survivor size 1343488 bytes, new threshold 4 (max 4)
- age   1:     609136 bytes,     609136 total
- age   2:     264904 bytes,     874040 total
- age   3:     170784 bytes,    1044824 total
- age   4:     605896 bytes,    1650720 total
 69301K->53873K(83392K), 0.0026772 secs]
52.284: [GC
Desired survivor size 1343488 bytes, new threshold 4 (max 4)
- age   1:     180200 bytes,     180200 total
- age   2:     493960 bytes,     674160 total
- age   3:     196808 bytes,     870968 total
- age   4:     163304 bytes,    1034272 total
 69873K->53865K(83392K), 0.0023913 secs]
52.297: [GC
Desired survivor size 1343488 bytes, new threshold 4 (max 4)
- age   1:     456424 bytes,     456424 total
- age   2:     165184 bytes,     621608 total
- age   3:     493960 bytes,    1115568 total
 69854K->54036K(83392K), 0.0021335 secs]
52.312: [GC
Desired survivor size 1343488 bytes, new threshold 4 (max 4)
- age   1:     230920 bytes,     230920 total
- age   2:     395824 bytes,     626744 total
- age   3:     165184 bytes,     791928 total
- age   4:     493960 bytes,    1285888 total
 69993K->54197K(83392K), 0.0020673 secs]
52.327: [GC
Desired survivor size 1343488 bytes, new threshold 4 (max 4)
- age   1:     512936 bytes,     512936 total
- age   2:     199880 bytes,     712816 total
- age   3:     395824 bytes,    1108640 total
- age   4:      79024 bytes,    1187664 total
 70194K->54549K(83392K), 0.0031834 secs]
52.342: [GC
Desired survivor size 1343488 bytes, new threshold 4 (max 4)
- age   1:     339824 bytes,     339824 total
- age   2:     447640 bytes,     787464 total
- age   3:     199880 bytes,     987344 total
- age   4:     395824 bytes,    1383168 total
 70475K->54824K(83392K), 0.0023727 secs]
52.356: [GC
Desired survivor size 1343488 bytes, new threshold 4 (max 4)
- age   1:     139816 bytes,     139816 total
- age   2:     289000 bytes,     428816 total
- age   3:     447640 bytes,     876456 total
- age   4:      96560 bytes,     973016 total
 70796K->54805K(83392K), 0.0020169 secs]
52.371: [GC
Desired survivor size 1343488 bytes, new threshold 4 (max 4)
- age   1:     467120 bytes,     467120 total
- age   2:      83792 bytes,     550912 total
- age   3:     220616 bytes,     771528 total
- age   4:     279328 bytes,    1050856 total
 70803K->54975K(83392K), 0.0017650 secs]
52.385: [GC
Desired survivor size 1343488 bytes, new threshold 4 (max 4)
- age   1:     649680 bytes,     649680 total
- age   2:     129768 bytes,     779448 total
- age   3:      83792 bytes,     863240 total
- age   4:     220616 bytes,    1083856 total
 70896K->55280K(83392K), 0.0021036 secs]
52.401: [GC
Desired survivor size 1343488 bytes, new threshold 4 (max 4)
- age   1:     457600 bytes,     457600 total
- age   2:     578296 bytes,    1035896 total
- age   3:      75488 bytes,    1111384 total
- age   4:      83792 bytes,    1195176 total
 71262K->55603K(83392K), 0.0022609 secs]
52.416: [GC
Desired survivor size 1343488 bytes, new threshold 4 (max 4)
- age   1:     492552 bytes,     492552 total
- age   2:     324920 bytes,     817472 total
- age   3:     360752 bytes,    1178224 total
- age   4:      75488 bytes,    1253712 total
 71598K->55745K(83392K), 0.0017953 secs]
52.429: [GC
Desired survivor size 1343488 bytes, new threshold 4 (max 4)
- age   1:     498488 bytes,     498488 total
- age   2:     265896 bytes,     764384 total
- age   3:      86232 bytes,     850616 total
- age   4:     360752 bytes,    1211368 total
 71713K->55781K(83392K), 0.0017990 secs]
52.443: [GC
Desired survivor size 1343488 bytes, new threshold 3 (max 4)
- age   1:    1077832 bytes,    1077832 total
- age   2:     170368 bytes,    1248200 total
- age   3:     265896 bytes,    1514096 total
- age   4:      86232 bytes,    1600328 total
 71743K->56288K(83392K), 0.0021626 secs]
52.458: [GC
Desired survivor size 1343488 bytes, new threshold 4 (max 4)
- age   1:     381960 bytes,     381960 total
- age   2:     506192 bytes,     888152 total
- age   3:     170368 bytes,    1058520 total
 72278K->56108K(83392K), 0.0023256 secs]
52.474: [GC
Desired survivor size 1343488 bytes, new threshold 4 (max 4)
- age   1:     512440 bytes,     512440 total
- age   2:     128360 bytes,     640800 total
- age   3:     266640 bytes,     907440 total
- age   4:     170368 bytes,    1077808 total
 72045K->56123K(83392K), 0.0015746 secs]
52.486: [GC
Desired survivor size 1343488 bytes, new threshold 4 (max 4)
- age   1:     454640 bytes,     454640 total
- age   2:     131744 bytes,     586384 total
- age   3:     128360 bytes,     714744 total
- age   4:     266640 bytes,     981384 total
 72093K->56195K(83392K), 0.0020344 secs]
52.500: [GC
Desired survivor size 1343488 bytes, new threshold 4 (max 4)
- age   1:     895072 bytes,     895072 total
- age   2:      41888 bytes,     936960 total
- age   3:     131744 bytes,    1068704 total
- age   4:     128360 bytes,    1197064 total
 72191K->56666K(83392K), 0.0019646 secs]
52.514: [GC
Desired survivor size 1343488 bytes, new threshold 4 (max 4)
- age   1:     816768 bytes,     816768 total
- age   2:     371992 bytes,    1188760 total
- age   3:      41888 bytes,    1230648 total
 72639K->56742K(83392K), 0.0017409 secs]
52.529: [GC
Desired survivor size 1343488 bytes, new threshold 4 (max 4)
- age   1:     258608 bytes,     258608 total
- age   2:     408984 bytes,     667592 total
- age   3:     371992 bytes,    1039584 total
- age   4:      41888 bytes,    1081472 total
 72737K->56596K(83392K), 0.0018199 secs]
52.542: [GC
Desired survivor size 1343488 bytes, new threshold 4 (max 4)
- age   1:     201600 bytes,     201600 total
- age   2:     205792 bytes,     407392 total
- age   3:     324704 bytes,     732096 total
- age   4:     371992 bytes,    1104088 total
 72555K->56659K(83392K), 0.0018125 secs]
52.558: [GC
Desired survivor size 1343488 bytes, new threshold 4 (max 4)
- age   1:     465120 bytes,     465120 total
- age   2:      86456 bytes,     551576 total
- age   3:     205792 bytes,     757368 total
- age   4:     154104 bytes,     911472 total
 72659K->56831K(83392K), 0.0032754 secs]
52.574: [GC
Desired survivor size 1343488 bytes, new threshold 4 (max 4)
- age   1:     605264 bytes,     605264 total
- age   2:     313352 bytes,     918616 total
- age   3:      86456 bytes,    1005072 total
- age   4:     205792 bytes,    1210864 total
 72824K->57276K(83392K), 0.0018667 secs]
52.588: [GC
Desired survivor size 1343488 bytes, new threshold 4 (max 4)
- age   1:     486336 bytes,     486336 total
- age   2:     267568 bytes,     753904 total
- age   3:     227928 bytes,     981832 total
- age   4:      86456 bytes,    1068288 total
 73230K->57337K(83392K), 0.0017891 secs]
52.602: [GC
Desired survivor size 1343488 bytes, new threshold 4 (max 4)
- age   1:     518880 bytes,     518880 total
- age   2:     118448 bytes,     637328 total
- age   3:     240112 bytes,     877440 total
- age   4:     227928 bytes,    1105368 total
 73302K->57458K(83392K), 0.0017310 secs]
52.618: [GC
Desired survivor size 1343488 bytes, new threshold 4 (max 4)
- age   1:     221176 bytes,     221176 total
- age   2:      73208 bytes,     294384 total
- age   3:     118448 bytes,     412832 total
- age   4:     240112 bytes,     652944 total
 73447K->57237K(83392K), 0.0015596 secs]
52.631: [GC
Desired survivor size 1343488 bytes, new threshold 4 (max 4)
- age   1:    1075400 bytes,    1075400 total
- age   2:      51568 bytes,    1126968 total
- age   3:      73208 bytes,    1200176 total
- age   4:     118448 bytes,    1318624 total
 73213K->58126K(83392K), 0.0022900 secs]
52.648: [GC
Desired survivor size 1343488 bytes, new threshold 2 (max 4)
- age   1:     784632 bytes,     784632 total
- age   2:    1007024 bytes,    1791656 total
- age   3:       7904 bytes,    1799560 total
- age   4:      73208 bytes,    1872768 total
 74114K->58786K(83392K), 0.0024278 secs]
52.661: [GC
Desired survivor size 1343488 bytes, new threshold 4 (max 4)
- age   1:     126720 bytes,     126720 total
- age   2:     677984 bytes,     804704 total
 74701K->58594K(83392K), 0.0029564 secs]
52.678: [GC 74580K(83392K), 0.0010108 secs]
52.680: [GC
Desired survivor size 1343488 bytes, new threshold 3 (max 4)
- age   1:    1263976 bytes,    1263976 total
- age   2:      58328 bytes,    1322304 total
- age   3:     562520 bytes,    1884824 total
 74582K->59646K(83392K), 0.0022360 secs]
52.695: [GC
Desired survivor size 1343488 bytes, new threshold 2 (max 4)
- age   1:     300424 bytes,     300424 total
- age   2:    1263976 bytes,    1564400 total
 75625K->59754K(83392K), 0.0026218 secs]
52.715: [GC
Desired survivor size 1343488 bytes, new threshold 4 (max 4)
- age   1:     421288 bytes,     421288 total
- age   2:     169888 bytes,     591176 total
 75666K->59665K(83392K), 0.0020887 secs]
52.733: [GC
Desired survivor size 1343488 bytes, new threshold 4 (max 4)
- age   1:     589320 bytes,     589320 total
- age   2:     184112 bytes,     773432 total
- age   3:     169888 bytes,     943320 total
 75665K->60010K(83392K), 0.0016851 secs]
52.747: [GC
Desired survivor size 1343488 bytes, new threshold 4 (max 4)
- age   1:     493632 bytes,     493632 total
- age   2:     342312 bytes,     835944 total
- age   3:     184112 bytes,    1020056 total
- age   4:     169888 bytes,    1189944 total
 75984K->60253K(83392K), 0.0021310 secs]
52.765: [GC
Desired survivor size 1343488 bytes, new threshold 4 (max 4)
- age   1:     600376 bytes,     600376 total
- age   2:     164360 bytes,     764736 total
- age   3:     342312 bytes,    1107048 total
- age   4:     184112 bytes,    1291160 total
 76220K->60514K(83392K), 0.0022603 secs]
52.779: [GC
Desired survivor size 1343488 bytes, new threshold 4 (max 4)
- age   1:     396656 bytes,     396656 total
- age   2:     286776 bytes,     683432 total
- age   3:     164360 bytes,     847792 total
- age   4:     342312 bytes,    1190104 total
 76497K->60603K(83392K), 0.0020560 secs]
52.793: [GC
Desired survivor size 1343488 bytes, new threshold 4 (max 4)
- age   1:     177544 bytes,     177544 total
- age   2:     264352 bytes,     441896 total
- age   3:     286776 bytes,     728672 total
- age   4:     164360 bytes,     893032 total
 76598K->60642K(83392K), 0.0021571 secs]
52.807: [GC
Desired survivor size 1343488 bytes, new threshold 3 (max 4)
- age   1:     989824 bytes,     989824 total
- age   2:     146536 bytes,    1136360 total
- age   3:     264352 bytes,    1400712 total
- age   4:     286776 bytes,    1687488 total
 76642K->61578K(83392K), 0.0027181 secs]
52.823: [GC
Desired survivor size 1343488 bytes, new threshold 2 (max 4)
- age   1:     545000 bytes,     545000 total
- age   2:     930440 bytes,    1475440 total
- age   3:      86528 bytes,    1561968 total
 77556K->61998K(83392K), 0.0025010 secs]
52.838: [GC
Desired survivor size 1343488 bytes, new threshold 4 (max 4)
- age   1:     555480 bytes,     555480 total
- age   2:     289688 bytes,     845168 total
 77958K->62219K(83392K), 0.0020497 secs]
52.852: [GC
Desired survivor size 1343488 bytes, new threshold 4 (max 4)
- age   1:     439016 bytes,     439016 total
- age   2:     496248 bytes,     935264 total
- age   3:     289688 bytes,    1224952 total
 78194K->62589K(83392K), 0.0020112 secs]
52.867: [GC
Desired survivor size 1343488 bytes, new threshold 4 (max 4)
- age   1:     289944 bytes,     289944 total
- age   2:     310792 bytes,     600736 total
- age   3:     364456 bytes,     965192 total
- age   4:     287344 bytes,    1252536 total
 78587K->62617K(83392K), 0.0018491 secs]
52.881: [GC
Desired survivor size 1343488 bytes, new threshold 4 (max 4)
- age   1:     535736 bytes,     535736 total
- age   2:     155232 bytes,     690968 total
- age   3:     310792 bytes,    1001760 total
- age   4:     364424 bytes,    1366184 total
 78576K->62939K(83392K), 0.0024060 secs]
52.895: [GC
Desired survivor size 1343488 bytes, new threshold 4 (max 4)
- age   1:     766592 bytes,     766592 total
- age   2:     244216 bytes,    1010808 total
- age   3:     155232 bytes,    1166040 total
- age   4:     310792 bytes,    1476832 total
 78920K->63405K(83392K), 0.0025181 secs]
52.909: [GC
Desired survivor size 1343488 bytes, new threshold 4 (max 4)
- age   1:     452584 bytes,     452584 total
- age   2:     397208 bytes,     849792 total
- age   3:     196920 bytes,    1046712 total
- age   4:     155232 bytes,    1201944 total
 79375K->63439K(83392K), 0.0031134 secs]
52.925: [GC
Desired survivor size 1343488 bytes, new threshold 4 (max 4)
- age   1:     340216 bytes,     340216 total
- age   2:     151768 bytes,     491984 total
- age   3:     340600 bytes,     832584 total
- age   4:     172768 bytes,    1005352 total
 79427K->63400K(83392K), 0.0020496 secs]
52.939: [GC
Desired survivor size 1343488 bytes, new threshold 4 (max 4)
- age   1:     156496 bytes,     156496 total
- age   2:      84904 bytes,     241400 total
- age   3:     151768 bytes,     393168 total
- age   4:     340600 bytes,     733768 total
 79386K->63303K(83392K), 0.0018179 secs]
52.954: [GC
Desired survivor size 1343488 bytes, new threshold 4 (max 4)
- age   1:     808528 bytes,     808528 total
- age   2:     122536 bytes,     931064 total
- age   3:      84904 bytes,    1015968 total
- age   4:     151768 bytes,    1167736 total
 79252K->64060K(83392K), 0.0020171 secs]
52.972: [GC
Desired survivor size 1343488 bytes, new threshold 2 (max 4)
- age   1:     594368 bytes,     594368 total
- age   2:     756432 bytes,    1350800 total
- age   3:     122536 bytes,    1473336 total
- age   4:      84904 bytes,    1558240 total
 80060K->64588K(83392K), 0.0019459 secs]
52.987: [GC
Desired survivor size 1343488 bytes, new threshold 4 (max 4)
- age   1:     252944 bytes,     252944 total
- age   2:     481248 bytes,     734192 total
 80588K->64725K(83392K), 0.0024030 secs]
52.989: [GC 64931K(83392K), 0.0011843 secs]
53.008: [Full GC 29709K->7850K(83392K), 0.0811236 secs]
53.107: [GC
Desired survivor size 1343488 bytes, new threshold 4 (max 4)
- age   1:     421168 bytes,     421168 total
 23850K->8263K(83392K), 0.0009368 secs]
53.120: [GC
Desired survivor size 1343488 bytes, new threshold 4 (max 4)
- age   1:     792584 bytes,     792584 total
- age   2:     358808 bytes,    1151392 total
 24259K->8982K(83392K), 0.0014119 secs]
53.133: [GC
Desired survivor size 1343488 bytes, new threshold 4 (max 4)
- age   1:     112744 bytes,     112744 total
- age   2:     727640 bytes,     840384 total
- age   3:     356872 bytes,    1197256 total
 24982K->9032K(83392K), 0.0029647 secs]
53.148: [GC
Desired survivor size 1343488 bytes, new threshold 4 (max 4)
- age   1:     717048 bytes,     717048 total
- age   2:     112744 bytes,     829792 total
- age   3:     471056 bytes,    1300848 total
- age   4:     356872 bytes,    1657720 total
 25026K->9489K(83392K), 0.0020359 secs]
53.162: [GC
Desired survivor size 1343488 bytes, new threshold 4 (max 4)
- age   1:     625416 bytes,     625416 total
- age   2:     397424 bytes,    1022840 total
- age   3:     112744 bytes,    1135584 total
- age   4:     470968 bytes,    1606552 total
 25440K->9783K(83392K), 0.0020103 secs]
53.177: [GC
Desired survivor size 1343488 bytes, new threshold 4 (max 4)
- age   1:     415848 bytes,     415848 total
- age   2:     595144 bytes,    1010992 total
- age   4:     112744 bytes,    1123736 total
 25779K->9762K(83392K), 0.0027366 secs]
53.192: [GC
Desired survivor size 1343488 bytes, new threshold 4 (max 4)
- age   1:     341512 bytes,     341512 total
- age   2:     335136 bytes,     676648 total
- age   3:     259256 bytes,     935904 total
 25615K->9692K(83392K), 0.0015964 secs]
53.207: [GC
Desired survivor size 1343488 bytes, new threshold 4 (max 4)
- age   1:     782568 bytes,     782568 total
- age   2:     204048 bytes,     986616 total
- age   3:     335136 bytes,    1321752 total
 25672K->10067K(83392K), 0.0016578 secs]
53.220: [GC
Desired survivor size 1343488 bytes, new threshold 2 (max 4)
- age   1:     731464 bytes,     731464 total
- age   2:     701368 bytes,    1432832 total
- age   4:     335136 bytes,    1767968 total
 26017K->10504K(83392K), 0.0020354 secs]
53.234: [GC
Desired survivor size 1343488 bytes, new threshold 4 (max 4)
- age   1:     544056 bytes,     544056 total
- age   2:     271912 bytes,     815968 total
 26481K->10281K(83392K), 0.0016893 secs]
53.251: [GC
Desired survivor size 1343488 bytes, new threshold 4 (max 4)
- age   1:     622536 bytes,     622536 total
- age   2:     299744 bytes,     922280 total
- age   3:     147296 bytes,    1069576 total
 26280K->10514K(83392K), 0.0012384 secs]
53.266: [GC
Desired survivor size 1343488 bytes, new threshold 4 (max 4)
- age   1:     441832 bytes,     441832 total
- age   2:     537728 bytes,     979560 total
- age   3:     220664 bytes,    1200224 total
- age   4:     147296 bytes,    1347520 total
 26465K->10785K(83392K), 0.0020163 secs]
53.279: [GC
Desired survivor size 1343488 bytes, new threshold 4 (max 4)
- age   1:     115048 bytes,     115048 total
- age   2:     360208 bytes,     475256 total
- age   3:     537728 bytes,    1012984 total
- age   4:     220664 bytes,    1233648 total
 26746K->10819K(83392K), 0.0042332 secs]
53.301: [GC
Desired survivor size 1343488 bytes, new threshold 4 (max 4)
- age   1:     170656 bytes,     170656 total
- age   2:      30496 bytes,     201152 total
- age   3:      63672 bytes,     264824 total
- age   4:     327584 bytes,     592408 total
 26757K->10410K(83392K), 0.0012552 secs]
53.317: [GC
Desired survivor size 1343488 bytes, new threshold 4 (max 4)
- age   1:     699056 bytes,     699056 total
- age   2:      20120 bytes,     719176 total
- age   3:      30496 bytes,     749672 total
- age   4:      63672 bytes,     813344 total
 26380K->10859K(83392K), 0.0016108 secs]
53.331: [GC
Desired survivor size 1343488 bytes, new threshold 4 (max 4)
- age   1:     278688 bytes,     278688 total
- age   2:     597464 bytes,     876152 total
- age   3:      20120 bytes,     896272 total
- age   4:      30496 bytes,     926768 total
 26859K->11030K(83392K), 0.0016347 secs]
53.347: [GC
Desired survivor size 1343488 bytes, new threshold 4 (max 4)
- age   1:     271064 bytes,     271064 total
- age   2:     217416 bytes,     488480 total
- age   3:     363520 bytes,     852000 total
- age   4:      20120 bytes,     872120 total
 27029K->11009K(83392K), 0.0015093 secs]
53.359: [GC
Desired survivor size 1343488 bytes, new threshold 4 (max 4)
- age   1:     108776 bytes,     108776 total
- age   2:     209544 bytes,     318320 total
- age   3:     217416 bytes,     535736 total
- age   4:     263888 bytes,     799624 total
 26979K->10955K(83392K), 0.0013795 secs]
53.374: [GC
Desired survivor size 1343488 bytes, new threshold 4 (max 4)
- age   1:     261496 bytes,     261496 total
- age   2:      67328 bytes,     328824 total
- age   3:     209544 bytes,     538368 total
- age   4:     217416 bytes,     755784 total
 26955K->11098K(83392K), 0.0013383 secs]
53.388: [GC
Desired survivor size 1343488 bytes, new threshold 4 (max 4)
- age   1:     318408 bytes,     318408 total
- age   2:     234496 bytes,     552904 total
- age   3:      67328 bytes,     620232 total
- age   4:     209544 bytes,     829776 total
 27086K->11391K(83392K), 0.0016657 secs]
53.403: [GC
Desired survivor size 1343488 bytes, new threshold 4 (max 4)
- age   1:     232376 bytes,     232376 total
- age   2:     143024 bytes,     375400 total
- age   3:     234496 bytes,     609896 total
- age   4:      67328 bytes,     677224 total
 27253K->11454K(83392K), 0.0013027 secs]
53.416: [GC
Desired survivor size 1343488 bytes, new threshold 4 (max 4)
- age   1:     338032 bytes,     338032 total
- age   2:     154504 bytes,     492536 total
- age   3:     143024 bytes,     635560 total
- age   4:     234496 bytes,     870056 total
 27451K->11697K(83392K), 0.0014188 secs]
53.430: [GC
Desired survivor size 1343488 bytes, new threshold 4 (max 4)
- age   1:     181000 bytes,     181000 total
- age   2:     208368 bytes,     389368 total
- age   3:     154504 bytes,     543872 total
- age   4:     142984 bytes,     686856 total
 27650K->11739K(83392K), 0.0015262 secs]
53.445: [GC
Desired survivor size 1343488 bytes, new threshold 4 (max 4)
- age   1:     653272 bytes,     653272 total
- age   2:     124240 bytes,     777512 total
- age   3:     145264 bytes,     922776 total
- age   4:     154504 bytes,    1077280 total
 27739K->12268K(83392K), 0.0017381 secs]
53.458: [GC
Desired survivor size 1343488 bytes, new threshold 4 (max 4)
- age   1:     420328 bytes,     420328 total
- age   2:     448984 bytes,     869312 total
- age   3:     124240 bytes,     993552 total
- age   4:     145264 bytes,    1138816 total
 28212K->12471K(83392K), 0.0019554 secs]
53.474: [GC
Desired survivor size 1343488 bytes, new threshold 4 (max 4)
- age   1:     350424 bytes,     350424 total
- age   2:     339504 bytes,     689928 total
- age   3:     448984 bytes,    1138912 total
- age   4:      19264 bytes,    1158176 total
 28444K->12636K(83392K), 0.0018319 secs]
53.487: [GC
Desired survivor size 1343488 bytes, new threshold 4 (max 4)
- age   1:     308752 bytes,     308752 total
- age   2:     266240 bytes,     574992 total
- age   3:     339504 bytes,     914496 total
- age   4:     448984 bytes,    1363480 total
 28614K->12861K(83392K), 0.0018173 secs]
53.500: [GC
Desired survivor size 1343488 bytes, new threshold 4 (max 4)
- age   1:     308496 bytes,     308496 total
- age   2:     288488 bytes,     596984 total
- age   3:     266208 bytes,     863192 total
- age   4:     339504 bytes,    1202696 total
 28857K->13135K(83392K), 0.0026913 secs]
53.514: [GC
Desired survivor size 1343488 bytes, new threshold 4 (max 4)
- age   1:     438256 bytes,     438256 total
- age   2:     223440 bytes,     661696 total
- age   3:     288488 bytes,     950184 total
- age   4:     264072 bytes,    1214256 total
 29134K->13413K(83392K), 0.0018507 secs]
53.529: [GC
Desired survivor size 1343488 bytes, new threshold 4 (max 4)
- age   1:     580664 bytes,     580664 total
- age   2:     371768 bytes,     952432 total
- age   3:     223440 bytes,    1175872 total
- age   4:     288488 bytes,    1464360 total
 29403K->13918K(83392K), 0.0020556 secs]
53.543: [GC
Desired survivor size 1343488 bytes, new threshold 4 (max 4)
- age   1:     302792 bytes,     302792 total
- age   2:     430576 bytes,     733368 total
- age   3:     318616 bytes,    1051984 total
- age   4:     223440 bytes,    1275424 total
 29881K->14014K(83392K), 0.0019323 secs]
53.557: [GC
Desired survivor size 1343488 bytes, new threshold 4 (max 4)
- age   1:      98616 bytes,      98616 total
- age   2:     248736 bytes,     347352 total
- age   3:     344152 bytes,     691504 total
- age   4:     318616 bytes,    1010120 total
 29970K->13973K(83392K), 0.0016193 secs]
53.575: [GC
Desired survivor size 1343488 bytes, new threshold 4 (max 4)
- age   1:     245800 bytes,     245800 total
- age   2:      72544 bytes,     318344 total
- age   3:     248736 bytes,     567080 total
- age   4:     344152 bytes,     911232 total
 29960K->14016K(83392K), 0.0015885 secs]
53.588: [GC
Desired survivor size 1343488 bytes, new threshold 4 (max 4)
- age   1:     320728 bytes,     320728 total
- age   2:     178600 bytes,     499328 total
- age   3:      72544 bytes,     571872 total
- age   4:     248736 bytes,     820608 total
 30003K->14265K(83392K), 0.0021226 secs]
53.606: [GC
Desired survivor size 1343488 bytes, new threshold 4 (max 4)
- age   1:     147104 bytes,     147104 total
- age   2:     279064 bytes,     426168 total
- age   3:     178600 bytes,     604768 total
- age   4:      72544 bytes,     677312 total
 30265K->14366K(83392K), 0.0016452 secs]
53.619: [GC
Desired survivor size 1343488 bytes, new threshold 4 (max 4)
- age   1:     101448 bytes,     101448 total
- age   2:      94776 bytes,     196224 total
- age   3:     279064 bytes,     475288 total
- age   4:     178600 bytes,     653888 total
 30365K->14413K(83392K), 0.0013663 secs]
53.634: [GC
Desired survivor size 1343488 bytes, new threshold 4 (max 4)
- age   1:     522296 bytes,     522296 total
- age   2:      43832 bytes,     566128 total
- age   3:      94776 bytes,     660904 total
- age   4:     279064 bytes,     939968 total
 30411K->14693K(83392K), 0.0021808 secs]
53.651: [GC
Desired survivor size 1343488 bytes, new threshold 4 (max 4)
- age   1:     607544 bytes,     607544 total
- age   2:     352552 bytes,     960096 total
- age   4:      94696 bytes,    1054792 total
 30639K->15057K(83392K), 0.0015902 secs]
53.671: [GC
Desired survivor size 1343488 bytes, new threshold 4 (max 4)
- age   1:     247928 bytes,     247928 total
- age   2:     430904 bytes,     678832 total
- age   3:     152608 bytes,     831440 total
 31057K->14940K(83392K), 0.0023273 secs]
53.685: [GC
Desired survivor size 1343488 bytes, new threshold 4 (max 4)
- age   1:     284568 bytes,     284568 total
- age   2:     222984 bytes,     507552 total
- age   3:     430904 bytes,     938456 total
- age   4:     152608 bytes,    1091064 total
 30920K->15195K(83392K), 0.0020342 secs]
53.698: [GC
Desired survivor size 1343488 bytes, new threshold 4 (max 4)
- age   1:     300552 bytes,     300552 total
- age   2:     171864 bytes,     472416 total
- age   3:     222984 bytes,     695400 total
- age   4:     187888 bytes,     883288 total
 31176K->15134K(83392K), 0.0016137 secs]
53.712: [GC
Desired survivor size 1343488 bytes, new threshold 4 (max 4)
- age   1:     415536 bytes,     415536 total
- age   2:     114328 bytes,     529864 total
- age   3:     135872 bytes,     665736 total
- age   4:      38776 bytes,     704512 total
 31127K->15134K(83392K), 0.0031340 secs]
53.726: [GC
Desired survivor size 1343488 bytes, new threshold 4 (max 4)
- age   1:     384168 bytes,     384168 total
- age   2:     338080 bytes,     722248 total
- age   3:       2384 bytes,     724632 total
- age   4:     135872 bytes,     860504 total
 31083K->15349K(83392K), 0.0013962 secs]
53.740: [GC
Desired survivor size 1343488 bytes, new threshold 4 (max 4)
- age   1:     440040 bytes,     440040 total
- age   2:     353144 bytes,     793184 total
- age   3:     216448 bytes,    1009632 total
- age   4:       2384 bytes,    1012016 total
 31331K->15611K(83392K), 0.0015625 secs]
53.753: [GC
Desired survivor size 1343488 bytes, new threshold 4 (max 4)
- age   1:     456176 bytes,     456176 total
- age   2:     400808 bytes,     856984 total
- age   3:     239576 bytes,    1096560 total
- age   4:       4952 bytes,    1101512 total
 31582K->15693K(83392K), 0.0015281 secs]
53.767: [GC
Desired survivor size 1343488 bytes, new threshold 4 (max 4)
- age   1:     456696 bytes,     456696 total
- age   2:     340704 bytes,     797400 total
- age   3:     179864 bytes,     977264 total
- age   4:     239576 bytes,    1216840 total
 31693K->15810K(83392K), 0.0020047 secs]
53.780: [GC
Desired survivor size 1343488 bytes, new threshold 4 (max 4)
- age   1:     544720 bytes,     544720 total
- age   2:     396784 bytes,     941504 total
- age   3:     340704 bytes,    1282208 total
- age   4:     179864 bytes,    1462072 total
 31810K->16283K(83392K), 0.0019764 secs]
53.793: [GC
Desired survivor size 1343488 bytes, new threshold 3 (max 4)
- age   1:     519448 bytes,     519448 total
- age   2:     491488 bytes,    1010936 total
- age   3:     396784 bytes,    1407720 total
- age   4:     340704 bytes,    1748424 total
 32268K->16737K(83392K), 0.0026109 secs]
53.807: [GC
Desired survivor size 1343488 bytes, new threshold 4 (max 4)
- age   1:     436760 bytes,     436760 total
- age   2:     205160 bytes,     641920 total
- age   3:     362528 bytes,    1004448 total
 32703K->16733K(83392K), 0.0027496 secs]
53.823: [GC
Desired survivor size 1343488 bytes, new threshold 4 (max 4)
- age   1:     325480 bytes,     325480 total
- age   2:     389040 bytes,     714520 total
- age   3:     205160 bytes,     919680 total
- age   4:     166224 bytes,    1085904 total
 32721K->16812K(83392K), 0.0014505 secs]
53.836: [GC
Desired survivor size 1343488 bytes, new threshold 4 (max 4)
- age   1:     396424 bytes,     396424 total
- age   2:     303984 bytes,     700408 total
- age   3:     389040 bytes,    1089448 total
- age   4:     205160 bytes,    1294608 total
 32801K->17179K(83392K), 0.0019535 secs]
53.849: [GC
Desired survivor size 1343488 bytes, new threshold 4 (max 4)
- age   1:     223576 bytes,     223576 total
- age   2:     316544 bytes,     540120 total
- age   3:     303984 bytes,     844104 total
- age   4:     389040 bytes,    1233144 total
 33167K->17319K(83392K), 0.0022587 secs]
53.865: [GC
Desired survivor size 1343488 bytes, new threshold 4 (max 4)
- age   1:     518640 bytes,     518640 total
- age   2:     122064 bytes,     640704 total
- age   3:     316544 bytes,     957248 total
- age   4:     303984 bytes,    1261232 total
 33283K->17723K(83392K), 0.0020693 secs]
53.883: [GC
Desired survivor size 1343488 bytes, new threshold 4 (max 4)
- age   1:     357368 bytes,     357368 total
- age   2:     281480 bytes,     638848 total
- age   3:      74480 bytes,     713328 total
- age   4:     139200 bytes,     852528 total
 33721K->17517K(83392K), 0.0014336 secs]
53.895: [GC
Desired survivor size 1343488 bytes, new threshold 4 (max 4)
- age   1:     502168 bytes,     502168 total
- age   2:     157472 bytes,     659640 total
- age   3:     281480 bytes,     941120 total
- age   4:      26960 bytes,     968080 total
 33480K->17765K(83392K), 0.0017322 secs]
53.908: [GC
Desired survivor size 1343488 bytes, new threshold 4 (max 4)
- age   1:     568008 bytes,     568008 total
- age   2:     445704 bytes,    1013712 total
- age   3:     157472 bytes,    1171184 total
- age   4:     281480 bytes,    1452664 total
 33734K->18267K(83392K), 0.0019576 secs]
53.924: [GC
Desired survivor size 1343488 bytes, new threshold 4 (max 4)
- age   1:     287960 bytes,     287960 total
- age   2:     534384 bytes,     822344 total
- age   3:     319080 bytes,    1141424 total
- age   4:      33144 bytes,    1174568 total
 34251K->18270K(83392K), 0.0015629 secs]
53.938: [GC
Desired survivor size 1343488 bytes, new threshold 4 (max 4)
- age   1:     253776 bytes,     253776 total
- age   2:     224632 bytes,     478408 total
- age   3:     341736 bytes,     820144 total
- age   4:     319080 bytes,    1139224 total
 34246K->18270K(83392K), 0.0016827 secs]
53.951: [GC
Desired survivor size 1343488 bytes, new threshold 4 (max 4)
- age   1:     405824 bytes,     405824 total
- age   2:     185664 bytes,     591488 total
- age   3:     129232 bytes,     720720 total
- age   4:     341736 bytes,    1062456 total
 34260K->18504K(83392K), 0.0020534 secs]
53.966: [GC
Desired survivor size 1343488 bytes, new threshold 3 (max 4)
- age   1:     818448 bytes,     818448 total
- age   2:     352656 bytes,    1171104 total
- age   3:     185664 bytes,    1356768 total
- age   4:     128904 bytes,    1485672 total
 34489K->19250K(83392K), 0.0024795 secs]
53.980: [GC
Desired survivor size 1343488 bytes, new threshold 3 (max 4)
- age   1:     447352 bytes,     447352 total
- age   2:     658712 bytes,    1106064 total
- age   3:     325600 bytes,    1431664 total
 35224K->19289K(83392K), 0.0021705 secs]
53.994: [GC
Desired survivor size 1343488 bytes, new threshold 3 (max 4)
- age   1:     636952 bytes,     636952 total
- age   2:     167400 bytes,     804352 total
- age   3:     542184 bytes,    1346536 total
 35281K->19384K(83392K), 0.0019280 secs]
54.008: [GC
Desired survivor size 1343488 bytes, new threshold 4 (max 4)
- age   1:     353064 bytes,     353064 total
- age   2:     576296 bytes,     929360 total
- age   3:     167400 bytes,    1096760 total
 35357K->19540K(83392K), 0.0020126 secs]
54.022: [GC
Desired survivor size 1343488 bytes, new threshold 4 (max 4)
- age   1:     312656 bytes,     312656 total
- age   2:     238928 bytes,     551584 total
- age   3:     433016 bytes,     984600 total
- age   4:     167400 bytes,    1152000 total
 35517K->19596K(83392K), 0.0018255 secs]
54.035: [GC
Desired survivor size 1343488 bytes, new threshold 4 (max 4)
- age   1:     477400 bytes,     477400 total
- age   2:     281080 bytes,     758480 total
- age   3:     238928 bytes,     997408 total
- age   4:     372496 bytes,    1369904 total
 35587K->19970K(83392K), 0.0019076 secs]
54.050: [GC
Desired survivor size 1343488 bytes, new threshold 4 (max 4)
- age   1:     414120 bytes,     414120 total
- age   2:     366608 bytes,     780728 total
- age   3:     281080 bytes,    1061808 total
- age   4:     238928 bytes,    1300736 total
 35965K->19971K(83392K), 0.0021195 secs]
54.064: [GC
Desired survivor size 1343488 bytes, new threshold 4 (max 4)
- age   1:     628408 bytes,     628408 total
- age   2:     345448 bytes,     973856 total
- age   3:     270392 bytes,    1244248 total
- age   4:     281080 bytes,    1525328 total
 35941K->20426K(83392K), 0.0022279 secs]
54.078: [GC
Desired survivor size 1343488 bytes, new threshold 4 (max 4)
- age   1:     416712 bytes,     416712 total
- age   2:     358280 bytes,     774992 total
- age   3:     345448 bytes,    1120440 total
- age   4:     147976 bytes,    1268416 total
 36386K->20447K(83392K), 0.0024348 secs]
54.093: [GC
Desired survivor size 1343488 bytes, new threshold 3 (max 4)
- age   1:     623448 bytes,     623448 total
- age   2:     365888 bytes,     989336 total
- age   3:     358280 bytes,    1347616 total
- age   4:     345448 bytes,    1693064 total
 36409K->21006K(83392K), 0.0020098 secs]
54.107: [GC
Desired survivor size 1343488 bytes, new threshold 2 (max 4)
- age   1:     837416 bytes,     837416 total
- age   2:     570632 bytes,    1408048 total
- age   3:     207872 bytes,    1615920 total
 36984K->21383K(83392K), 0.0026539 secs]
54.121: [GC
Desired survivor size 1343488 bytes, new threshold 4 (max 4)
- age   1:     269976 bytes,     269976 total
- age   2:     674520 bytes,     944496 total
 37371K->21488K(83392K), 0.0027505 secs]
54.135: [GC
Desired survivor size 1343488 bytes, new threshold 3 (max 4)
- age   1:    1145920 bytes,    1145920 total
- age   2:       1904 bytes,    1147824 total
- age   3:     432208 bytes,    1580032 total
 37476K->22108K(83392K), 0.0023586 secs]
54.150: [GC
Desired survivor size 1343488 bytes, new threshold 4 (max 4)
- age   1:     835744 bytes,     835744 total
- age   2:     462720 bytes,    1298464 total
- age   3:       1904 bytes,    1300368 total
 38095K->22180K(83392K), 0.0018902 secs]
54.164: [GC
Desired survivor size 1343488 bytes, new threshold 4 (max 4)
- age   1:     393528 bytes,     393528 total
- age   2:     306992 bytes,     700520 total
- age   3:     462720 bytes,    1163240 total
- age   4:       1904 bytes,    1165144 total
 38170K->22047K(83392K), 0.0014194 secs]
54.180: [GC
Desired survivor size 1343488 bytes, new threshold 4 (max 4)
- age   1:     795904 bytes,     795904 total
- age   2:     160624 bytes,     956528 total
- age   3:     306992 bytes,    1263520 total
- age   4:     328424 bytes,    1591944 total
 38036K->22466K(83392K), 0.0018070 secs]
54.193: [GC
Desired survivor size 1343488 bytes, new threshold 4 (max 4)
- age   1:     465472 bytes,     465472 total
- age   2:     166312 bytes,     631784 total
- age   3:     160624 bytes,     792408 total
- age   4:     306992 bytes,    1099400 total
 38450K->22306K(83392K), 0.0019346 secs]
54.207: [GC
Desired survivor size 1343488 bytes, new threshold 4 (max 4)
- age   1:     622504 bytes,     622504 total
- age   2:     439072 bytes,    1061576 total
- age   3:     166312 bytes,    1227888 total
- age   4:     160624 bytes,    1388512 total
 38287K->22888K(83392K), 0.0021541 secs]
54.221: [GC
Desired survivor size 1343488 bytes, new threshold 2 (max 4)
- age   1:     912104 bytes,     912104 total
- age   2:     510720 bytes,    1422824 total
- age   3:     439072 bytes,    1861896 total
- age   4:     166312 bytes,    2028208 total
 38884K->23670K(83392K), 0.0026300 secs]
54.235: [GC
Desired survivor size 1343488 bytes, new threshold 4 (max 4)
- age   1:     359752 bytes,     359752 total
- age   2:     544104 bytes,     903856 total
 39647K->23660K(83392K), 0.0025264 secs]
54.250: [GC
Desired survivor size 1343488 bytes, new threshold 4 (max 4)
- age   1:     491984 bytes,     491984 total
- age   2:     162344 bytes,     654328 total
- age   3:     408280 bytes,    1062608 total
 39604K->23817K(83392K), 0.0014908 secs]
54.263: [GC
Desired survivor size 1343488 bytes, new threshold 4 (max 4)
- age   1:     705904 bytes,     705904 total
- age   3:     162344 bytes,     868248 total
- age   4:     408280 bytes,    1276528 total
 39801K->24026K(83392K), 0.0017401 secs]
54.276: [GC
Desired survivor size 1343488 bytes, new threshold 4 (max 4)
- age   1:     157288 bytes,     157288 total
- age   2:     349664 bytes,     506952 total
- age   4:     162344 bytes,     669296 total
 39907K->23832K(83392K), 0.0016028 secs]
54.289: [GC
Desired survivor size 1343488 bytes, new threshold 4 (max 4)
- age   1:     156144 bytes,     156144 total
- age   2:      78288 bytes,     234432 total
- age   3:     281064 bytes,     515496 total
 39757K->23840K(83392K), 0.0015631 secs]
54.302: [GC
Desired survivor size 1343488 bytes, new threshold 4 (max 4)
- age   1:     740656 bytes,     740656 total
- age   2:      82464 bytes,     823120 total
- age   3:      78288 bytes,     901408 total
- age   4:     281064 bytes,    1182472 total
 39810K->24491K(83392K), 0.0016218 secs]
54.316: [GC
Desired survivor size 1343488 bytes, new threshold 4 (max 4)
- age   1:     782488 bytes,     782488 total
- age   2:     320608 bytes,    1103096 total
- age   3:      82464 bytes,    1185560 total
- age   4:      78288 bytes,    1263848 total
 40463K->24845K(83392K), 0.0023608 secs]
54.331: [GC
Desired survivor size 1343488 bytes, new threshold 3 (max 4)
- age   1:     916064 bytes,     916064 total
- age   2:     250296 bytes,    1166360 total
- age   3:     320608 bytes,    1486968 total
- age   4:      82464 bytes,    1569432 total
 40809K->25220K(83392K), 0.0017557 secs]
54.346: [GC
Desired survivor size 1343488 bytes, new threshold 4 (max 4)
- age   1:     215000 bytes,     215000 total
- age   2:     375648 bytes,     590648 total
- age   3:     250296 bytes,     840944 total
 41175K->24902K(83392K), 0.0015367 secs]
54.359: [GC
Desired survivor size 1343488 bytes, new threshold 4 (max 4)
- age   1:     565600 bytes,     565600 total
- age   2:     155656 bytes,     721256 total
- age   3:     215120 bytes,     936376 total
- age   4:     250296 bytes,    1186672 total
 40850K->25240K(83392K), 0.0016849 secs]
54.372: [GC
Desired survivor size 1343488 bytes, new threshold 4 (max 4)
- age   1:     493352 bytes,     493352 total
- age   2:      83048 bytes,     576400 total
- age   3:     155656 bytes,     732056 total
- age   4:     215120 bytes,     947176 total
 41210K->25250K(83392K), 0.0017424 secs]
54.387: [GC
Desired survivor size 1343488 bytes, new threshold 4 (max 4)
- age   1:     842968 bytes,     842968 total
- age   2:     246976 bytes,    1089944 total
- age   3:      83048 bytes,    1172992 total
- age   4:     155656 bytes,    1328648 total
 41194K->25833K(83392K), 0.0018099 secs]
54.406: [GC
Desired survivor size 1343488 bytes, new threshold 4 (max 4)
- age   1:     254096 bytes,     254096 total
- age   2:     492928 bytes,     747024 total
- age   3:     164512 bytes,     911536 total
- age   4:      83048 bytes,     994584 total
 41825K->25658K(83392K), 0.0014316 secs]
54.420: [GC
Desired survivor size 1343488 bytes, new threshold 4 (max 4)
- age   1:     285744 bytes,     285744 total
- age   2:     191736 bytes,     477480 total
- age   3:     492928 bytes,     970408 total
- age   4:     164512 bytes,    1134920 total
 41656K->25877K(83392K), 0.0017944 secs]
54.437: [GC
Desired survivor size 1343488 bytes, new threshold 3 (max 4)
- age   1:     982672 bytes,     982672 total
- age   2:     219008 bytes,    1201680 total
- age   3:     191736 bytes,    1393416 total
- age   4:     492928 bytes,    1886344 total
 41821K->26777K(83392K), 0.0022079 secs]
54.451: [GC
Desired survivor size 1343488 bytes, new threshold 4 (max 4)
- age   1:     664984 bytes,     664984 total
- age   2:     283456 bytes,     948440 total
- age   3:     218304 bytes,    1166744 total
 42758K->26735K(83392K), 0.0020743 secs]
54.465: [GC
Desired survivor size 1343488 bytes, new threshold 4 (max 4)
- age   1:     477232 bytes,     477232 total
- age   2:     359616 bytes,     836848 total
- age   3:     283456 bytes,    1120304 total
- age   4:     218304 bytes,    1338608 total
 42696K->26905K(83392K), 0.0025326 secs]
54.480: [GC
Desired survivor size 1343488 bytes, new threshold 3 (max 4)
- age   1:     904440 bytes,     904440 total
- age   2:     235160 bytes,    1139600 total
- age   3:     359616 bytes,    1499216 total
- age   4:     283456 bytes,    1782672 total
 42868K->27553K(83392K), 0.0025991 secs]
54.494: [GC
Desired survivor size 1343488 bytes, new threshold 3 (max 4)
- age   1:     513432 bytes,     513432 total
- age   2:     720952 bytes,    1234384 total
- age   3:     235120 bytes,    1469504 total
 43538K->27874K(83392K), 0.0025423 secs]
54.510: [GC
Desired survivor size 1343488 bytes, new threshold 3 (max 4)
- age   1:     932952 bytes,     932952 total
- age   2:     337968 bytes,    1270920 total
- age   3:     720952 bytes,    1991872 total
 43818K->28613K(83392K), 0.0034510 secs]
54.528: [GC
Desired survivor size 1343488 bytes, new threshold 3 (max 4)
- age   1:     413160 bytes,     413160 total
- age   2:     762312 bytes,    1175472 total
- age   3:     224288 bytes,    1399760 total
 44613K->28488K(83392K), 0.0025353 secs]
54.542: [GC
Desired survivor size 1343488 bytes, new threshold 3 (max 4)
- age   1:     701144 bytes,     701144 total
- age   2:     140984 bytes,     842128 total
- age   3:     762312 bytes,    1604440 total
 44470K->28907K(83392K), 0.0022989 secs]
54.556: [GC
Desired survivor size 1343488 bytes, new threshold 3 (max 4)
- age   1:     649880 bytes,     649880 total
- age   2:     619848 bytes,    1269728 total
- age   3:     140984 bytes,    1410712 total
 44857K->29310K(83392K), 0.0024499 secs]
54.575: [GC
Desired survivor size 1343488 bytes, new threshold 3 (max 4)
- age   1:     787864 bytes,     787864 total
- age   2:     480008 bytes,    1267872 total
- age   3:     619848 bytes,    1887720 total
 45249K->29914K(83392K), 0.0022462 secs]
54.589: [GC
Desired survivor size 1343488 bytes, new threshold 3 (max 4)
- age   1:     781144 bytes,     781144 total
- age   2:     242328 bytes,    1023472 total
- age   3:     480008 bytes,    1503480 total
 45862K->30144K(83392K), 0.0025527 secs]
54.608: [GC
Desired survivor size 1343488 bytes, new threshold 3 (max 4)
- age   1:     547928 bytes,     547928 total
- age   2:     608344 bytes,    1156272 total
- age   3:     241624 bytes,    1397896 total
 46099K->30355K(83392K), 0.0026883 secs]
54.623: [GC
Desired survivor size 1343488 bytes, new threshold 3 (max 4)
- age   1:     852584 bytes,     852584 total
- age   2:     391400 bytes,    1243984 total
- age   3:     608344 bytes,    1852328 total
 46312K->31042K(83392K), 0.0025905 secs]
54.637: [GC
Desired survivor size 1343488 bytes, new threshold 2 (max 4)
- age   1:     693000 bytes,     693000 total
- age   2:     740808 bytes,    1433808 total
- age   3:     391400 bytes,    1825208 total
 47032K->31609K(83392K), 0.0029373 secs]
54.657: [GC
Desired survivor size 1343488 bytes, new threshold 4 (max 4)
- age   1:     461112 bytes,     461112 total
- age   2:     522952 bytes,     984064 total
 47609K->31525K(83392K), 0.0022519 secs]
54.674: [GC
Desired survivor size 1343488 bytes, new threshold 4 (max 4)
- age   1:     154848 bytes,     154848 total
- age   2:     459832 bytes,     614680 total
- age   3:     522952 bytes,    1137632 total
 47509K->31665K(83392K), 0.0016517 secs]
54.687: [GC
Desired survivor size 1343488 bytes, new threshold 4 (max 4)
- age   1:     117400 bytes,     117400 total
- age   2:     128680 bytes,     246080 total
- age   3:     459832 bytes,     705912 total
- age   4:     522952 bytes,    1228864 total
 47663K->31761K(83392K), 0.0021639 secs]
54.701: [GC
Desired survivor size 1343488 bytes, new threshold 4 (max 4)
- age   1:     158520 bytes,     158520 total
- age   2:      74432 bytes,     232952 total
- age   3:     128680 bytes,     361632 total
- age   4:     459832 bytes,     821464 total
 47719K->31873K(83392K), 0.0020402 secs]
54.715: [GC
Desired survivor size 1343488 bytes, new threshold 4 (max 4)
- age   1:     206632 bytes,     206632 total
- age   2:     113104 bytes,     319736 total
- age   3:       5536 bytes,     325272 total
- age   4:     128680 bytes,     453952 total
 47846K->31962K(83392K), 0.0015995 secs]
54.729: [GC
Desired survivor size 1343488 bytes, new threshold 4 (max 4)
- age   1:     160872 bytes,     160872 total
- age   2:     165784 bytes,     326656 total
- age   3:     113104 bytes,     439760 total
- age   4:       5536 bytes,     445296 total
 47959K->32032K(83392K), 0.0014158 secs]
54.743: [GC
Desired survivor size 1343488 bytes, new threshold 4 (max 4)
- age   1:     434752 bytes,     434752 total
- age   2:      92888 bytes,     527640 total
- age   3:     165784 bytes,     693424 total
- age   4:     113104 bytes,     806528 total
 48030K->32379K(83392K), 0.0013124 secs]
54.757: [GC
Desired survivor size 1343488 bytes, new threshold 4 (max 4)
- age   1:     624736 bytes,     624736 total
- age   2:     379856 bytes,    1004592 total
- age   3:      92888 bytes,    1097480 total
- age   4:     165784 bytes,    1263264 total
 48327K->32940K(83392K), 0.0020852 secs]
54.771: [GC
Desired survivor size 1343488 bytes, new threshold 2 (max 4)
- age   1:     902920 bytes,     902920 total
- age   2:     567040 bytes,    1469960 total
- age   3:     297160 bytes,    1767120 total
- age   4:      91432 bytes,    1858552 total
 48856K->33682K(83392K), 0.0025452 secs]
54.785: [GC
Desired survivor size 1343488 bytes, new threshold 2 (max 4)
- age   1:     562584 bytes,     562584 total
- age   2:     818744 bytes,    1381328 total
 49681K->34042K(83392K), 0.0032252 secs]
54.806: [GC
Desired survivor size 1343488 bytes, new threshold 4 (max 4)
- age   1:     160496 bytes,     160496 total
- age   2:     368072 bytes,     528568 total
 50042K->33471K(83392K), 0.0018163 secs]
54.820: [GC
Desired survivor size 1343488 bytes, new threshold 4 (max 4)
- age   1:     370784 bytes,     370784 total
- age   2:        992 bytes,     371776 total
- age   3:     368072 bytes,     739848 total
 49436K->33675K(83392K), 0.0012598 secs]
54.833: [GC
Desired survivor size 1343488 bytes, new threshold 4 (max 4)
- age   1:     368296 bytes,     368296 total
- age   2:     332120 bytes,     700416 total
- age   3:        992 bytes,     701408 total
- age   4:     368072 bytes,    1069480 total
 49669K->33999K(83392K), 0.0017627 secs]
54.847: [GC
Desired survivor size 1343488 bytes, new threshold 4 (max 4)
- age   1:     297752 bytes,     297752 total
- age   2:     214504 bytes,     512256 total
- age   3:     332120 bytes,     844376 total
- age   4:        992 bytes,     845368 total
 49974K->34142K(83392K), 0.0016680 secs]
54.860: [GC
Desired survivor size 1343488 bytes, new threshold 4 (max 4)
- age   1:     490384 bytes,     490384 total
- age   2:     227688 bytes,     718072 total
- age   3:     214504 bytes,     932576 total
- age   4:     332120 bytes,    1264696 total
 50129K->34550K(83392K), 0.0030589 secs]
54.875: [GC
Desired survivor size 1343488 bytes, new threshold 4 (max 4)
- age   1:     344144 bytes,     344144 total
- age   2:     354928 bytes,     699072 total
- age   3:     167696 bytes,     866768 total
- age   4:     214504 bytes,    1081272 total
 50502K->34696K(83392K), 0.0017789 secs]
54.890: [GC
Desired survivor size 1343488 bytes, new threshold 4 (max 4)
- age   1:     483552 bytes,     483552 total
- age   2:     120328 bytes,     603880 total
- age   3:     354928 bytes,     958808 total
- age   4:     118240 bytes,    1077048 total
 50648K->34870K(83392K), 0.0017993 secs]
54.902: [GC
Desired survivor size 1343488 bytes, new threshold 4 (max 4)
- age   1:     128936 bytes,     128936 total
- age   2:     296056 bytes,     424992 total
- age   3:     120328 bytes,     545320 total
- age   4:     354928 bytes,     900248 total
 50844K->34813K(83392K), 0.0019276 secs]
54.918: [GC
Desired survivor size 1343488 bytes, new threshold 4 (max 4)
- age   1:     675568 bytes,     675568 total
- age   2:      71720 bytes,     747288 total
- age   3:     135448 bytes,     882736 total
- age   4:     120328 bytes,    1003064 total
 50756K->35260K(83392K), 0.0021180 secs]
54.932: [GC
Desired survivor size 1343488 bytes, new threshold 4 (max 4)
- age   1:     558952 bytes,     558952 total
- age   2:     614712 bytes,    1173664 total
- age   3:      71720 bytes,    1245384 total
- age   4:     135448 bytes,    1380832 total
 51227K->35747K(83392K), 0.0023223 secs]
54.946: [GC
Desired survivor size 1343488 bytes, new threshold 3 (max 4)
- age   1:     456408 bytes,     456408 total
- age   2:     481760 bytes,     938168 total
- age   3:     454088 bytes,    1392256 total
- age   4:      71720 bytes,    1463976 total
 51675K->35966K(83392K), 0.0019038 secs]
54.960: [GC
Desired survivor size 1343488 bytes, new threshold 3 (max 4)
- age   1:     736792 bytes,     736792 total
- age   2:     298512 bytes,    1035304 total
- age   3:     481760 bytes,    1517064 total
 51906K->36317K(83392K), 0.0027506 secs]
54.976: [GC
Desired survivor size 1343488 bytes, new threshold 3 (max 4)
- age   1:     672016 bytes,     672016 total
- age   2:     571512 bytes,    1243528 total
- age   3:     298512 bytes,    1542040 total
 52179K->36811K(83392K), 0.0023918 secs]
54.994: [GC
Desired survivor size 1343488 bytes, new threshold 3 (max 4)
- age   1:     317536 bytes,     317536 total
- age   2:     587296 bytes,     904832 total
- age   3:     571512 bytes,    1476344 total
 52811K->36782K(83392K), 0.0019432 secs]
55.007: [GC
Desired survivor size 1343488 bytes, new threshold 4 (max 4)
- age   1:     163640 bytes,     163640 total
- age   2:     287512 bytes,     451152 total
- age   3:     587296 bytes,    1038448 total
 52731K->36912K(83392K), 0.0022417 secs]
55.022: [GC
Desired survivor size 1343488 bytes, new threshold 4 (max 4)
- age   1:     357680 bytes,     357680 total
- age   2:      37048 bytes,     394728 total
- age   3:      43688 bytes,     438416 total
- age   4:     587296 bytes,    1025712 total
 52899K->36897K(83392K), 0.0013299 secs]
55.036: [GC
Desired survivor size 1343488 bytes, new threshold 4 (max 4)
- age   1:     231112 bytes,     231112 total
- age   2:     290464 bytes,     521576 total
- age   3:      37048 bytes,     558624 total
- age   4:      43688 bytes,     602312 total
 52856K->36811K(83392K), 0.0015476 secs]
55.055: [GC
Desired survivor size 1343488 bytes, new threshold 4 (max 4)
- age   1:     313928 bytes,     313928 total
- age   2:       2032 bytes,     315960 total
- age   3:     290464 bytes,     606424 total
- age   4:      37048 bytes,     643472 total
 52776K->36895K(83392K), 0.0014199 secs]
55.071: [GC
Desired survivor size 1343488 bytes, new threshold 4 (max 4)
- age   1:     525544 bytes,     525544 total
- age   2:     235936 bytes,     761480 total
- age   3:        568 bytes,     762048 total
- age   4:     244032 bytes,    1006080 total
 52890K->37285K(83392K), 0.0020374 secs]
55.087: [GC
Desired survivor size 1343488 bytes, new threshold 2 (max 4)
- age   1:    1249864 bytes,    1249864 total
- age   2:     378520 bytes,    1628384 total
- age   3:     235936 bytes,    1864320 total
- age   4:        568 bytes,    1864888 total
 53266K->38294K(83392K), 0.0020980 secs]
55.101: [GC
Desired survivor size 1343488 bytes, new threshold 4 (max 4)
- age   1:      86104 bytes,      86104 total
- age   2:    1219752 bytes,    1305856 total
 54273K->38255K(83392K), 0.0022845 secs]
55.119: [GC
Desired survivor size 1343488 bytes, new threshold 3 (max 4)
- age   1:     345256 bytes,     345256 total
- age   2:      48272 bytes,     393528 total
- age   3:    1219752 bytes,    1613280 total
 54217K->38536K(83392K), 0.0024240 secs]
55.134: [GC
Desired survivor size 1343488 bytes, new threshold 4 (max 4)
- age   1:     823168 bytes,     823168 total
- age   2:     265096 bytes,    1088264 total
 54523K->39223K(83392K), 0.0033678 secs]
55.150: [GC
Desired survivor size 1343488 bytes, new threshold 2 (max 4)
- age   1:     573176 bytes,     573176 total
- age   2:     792144 bytes,    1365320 total
- age   3:     265096 bytes,    1630416 total
 55184K->39752K(83392K), 0.0020852 secs]
55.165: [GC
Desired survivor size 1343488 bytes, new threshold 4 (max 4)
- age   1:     384176 bytes,     384176 total
- age   2:     291528 bytes,     675704 total
 55750K->39864K(83392K), 0.0021701 secs]
55.181: [GC
Desired survivor size 1343488 bytes, new threshold 4 (max 4)
- age   1:     250600 bytes,     250600 total
- age   2:     300456 bytes,     551056 total
- age   3:     291528 bytes,     842584 total
 55837K->40010K(83392K), 0.0013248 secs]
55.194: [GC
Desired survivor size 1343488 bytes, new threshold 4 (max 4)
- age   1:     473632 bytes,     473632 total
- age   2:     172520 bytes,     646152 total
- age   3:     300456 bytes,     946608 total
- age   4:     291528 bytes,    1238136 total
 55978K->40395K(83392K), 0.0020043 secs]
55.211: [GC
Desired survivor size 1343488 bytes, new threshold 4 (max 4)
- age   1:     613752 bytes,     613752 total
- age   2:     246680 bytes,     860432 total
- age   3:     172488 bytes,    1032920 total
- age   4:     300456 bytes,    1333376 total
 56346K->40773K(83392K), 0.0025462 secs]
55.224: [GC
Desired survivor size 1343488 bytes, new threshold 4 (max 4)
- age   1:     288672 bytes,     288672 total
- age   2:     531064 bytes,     819736 total
- age   3:     246680 bytes,    1066416 total
- age   4:     172488 bytes,    1238904 total
 56733K->40822K(83392K), 0.0019984 secs]
55.238: [GC
Desired survivor size 1343488 bytes, new threshold 4 (max 4)
- age   1:     495472 bytes,     495472 total
- age   2:     232760 bytes,     728232 total
- age   3:     464792 bytes,    1193024 total
- age   4:     203752 bytes,    1396776 total
 56819K->41144K(83392K), 0.0018955 secs]
55.253: [GC
Desired survivor size 1343488 bytes, new threshold 4 (max 4)
- age   1:     428168 bytes,     428168 total
- age   2:     453792 bytes,     881960 total
- age   3:     232760 bytes,    1114720 total
- age   4:     227968 bytes,    1342688 total
 57083K->41290K(83392K), 0.0019636 secs]
55.269: [GC
Desired survivor size 1343488 bytes, new threshold 4 (max 4)
- age   1:     263128 bytes,     263128 total
- age   2:     247320 bytes,     510448 total
- age   3:     453792 bytes,     964240 total
- age   4:     232760 bytes,    1197000 total
 57290K->41369K(83392K), 0.0024374 secs]
55.284: [GC
Desired survivor size 1343488 bytes, new threshold 4 (max 4)
- age   1:     699152 bytes,     699152 total
- age   2:     211960 bytes,     911112 total
- age   3:     247320 bytes,    1158432 total
- age   4:     279016 bytes,    1437448 total
 57345K->41834K(83392K), 0.0022771 secs]
55.298: [GC
Desired survivor size 1343488 bytes, new threshold 4 (max 4)
- age   1:     444184 bytes,     444184 total
- age   2:     425440 bytes,     869624 total
- age   3:     211960 bytes,    1081584 total
- age   4:     247320 bytes,    1328904 total
 57834K->42002K(83392K), 0.0020972 secs]
55.312: [GC
Desired survivor size 1343488 bytes, new threshold 4 (max 4)
- age   1:     130616 bytes,     130616 total
- age   2:     387720 bytes,     518336 total
- age   3:     343496 bytes,     861832 total
- age   4:     211960 bytes,    1073792 total
 57957K->41992K(83392K), 0.0019603 secs]
55.326: [GC
Desired survivor size 1343488 bytes, new threshold 4 (max 4)
- age   1:     353096 bytes,     353096 total
- age   2:      70336 bytes,     423432 total
- age   3:     341288 bytes,     764720 total
- age   4:     343496 bytes,    1108216 total
 57943K->42241K(83392K), 0.0023633 secs]
55.340: [GC
Desired survivor size 1343488 bytes, new threshold 4 (max 4)
- age   1:     440736 bytes,     440736 total
- age   2:     289768 bytes,     730504 total
- age   3:      70336 bytes,     800840 total
- age   4:      29096 bytes,     829936 total
 58225K->42293K(83392K), 0.0017093 secs]
55.353: [GC
Desired survivor size 1343488 bytes, new threshold 4 (max 4)
- age   1:     194216 bytes,     194216 total
- age   2:     391328 bytes,     585544 total
- age   3:     147296 bytes,     732840 total
- age   4:      70336 bytes,     803176 total
 58263K->42297K(83392K), 0.0015910 secs]
55.366: [GC
Desired survivor size 1343488 bytes, new threshold 3 (max 4)
- age   1:     910744 bytes,     910744 total
- age   2:     138304 bytes,    1049048 total
- age   3:     391328 bytes,    1440376 total
- age   4:      86360 bytes,    1526736 total
 58271K->43070K(83392K), 0.0028075 secs]
55.380: [GC
Desired survivor size 1343488 bytes, new threshold 2 (max 4)
- age   1:     799232 bytes,     799232 total
- age   2:     597288 bytes,    1396520 total
- age   3:     138304 bytes,    1534824 total
 58986K->43548K(83392K), 0.0024800 secs]
55.395: [GC
Desired survivor size 1343488 bytes, new threshold 4 (max 4)
- age   1:     391456 bytes,     391456 total
- age   2:     755496 bytes,    1146952 total
 59541K->43546K(83392K), 0.0021862 secs]
55.409: [GC
Desired survivor size 1343488 bytes, new threshold 3 (max 4)
- age   1:     222048 bytes,     222048 total
- age   2:     391416 bytes,     613464 total
- age   3:     755496 bytes,    1368960 total
 59506K->43763K(83392K), 0.0017495 secs]
55.423: [GC
Desired survivor size 1343488 bytes, new threshold 4 (max 4)
- age   1:     519336 bytes,     519336 total
- age   2:     106600 bytes,     625936 total
- age   3:     391416 bytes,    1017352 total
 59750K->44160K(83392K), 0.0025710 secs]
55.438: [GC
Desired survivor size 1343488 bytes, new threshold 3 (max 4)
- age   1:     834920 bytes,     834920 total
- age   2:     421112 bytes,    1256032 total
- age   3:     106600 bytes,    1362632 total
- age   4:     391416 bytes,    1754048 total
 60147K->44878K(83392K), 0.0021762 secs]
55.455: [GC
Desired survivor size 1343488 bytes, new threshold 3 (max 4)
- age   1:     437760 bytes,     437760 total
- age   2:     661576 bytes,    1099336 total
- age   3:     362824 bytes,    1462160 total
 60875K->44995K(83392K), 0.0032097 secs]
55.471: [GC
Desired survivor size 1343488 bytes, new threshold 3 (max 4)
- age   1:     383608 bytes,     383608 total
- age   2:     299896 bytes,     683504 total
- age   3:     661576 bytes,    1345080 total
 60955K->45241K(83392K), 0.0021577 secs]
55.486: [GC
Desired survivor size 1343488 bytes, new threshold 4 (max 4)
- age   1:     251600 bytes,     251600 total
- age   2:     340776 bytes,     592376 total
- age   3:     213640 bytes,     806016 total
 61220K->45354K(83392K), 0.0028830 secs]
55.507: [GC
Desired survivor size 1343488 bytes, new threshold 4 (max 4)
- age   1:     342776 bytes,     342776 total
- age   2:     165144 bytes,     507920 total
- age   3:     340776 bytes,     848696 total
- age   4:     212728 bytes,    1061424 total
 61316K->45606K(83392K), 0.0016114 secs]
55.521: [GC
Desired survivor size 1343488 bytes, new threshold 4 (max 4)
- age   1:     188928 bytes,     188928 total
- age   2:     287128 bytes,     476056 total
- age   3:     165144 bytes,     641200 total
- age   4:     340776 bytes,     981976 total
 61564K->45737K(83392K), 0.0019350 secs]
55.535: [GC
Desired survivor size 1343488 bytes, new threshold 4 (max 4)
- age   1:     296376 bytes,     296376 total
- age   2:     188928 bytes,     485304 total
- age   3:      96840 bytes,     582144 total
- age   4:     165144 bytes,     747288 total
 61626K->45844K(83392K), 0.0020087 secs]
55.551: [GC
Desired survivor size 1343488 bytes, new threshold 4 (max 4)
- age   1:     310520 bytes,     310520 total
- age   2:     217408 bytes,     527928 total
- age   3:     188928 bytes,     716856 total
- age   4:      35680 bytes,     752536 total
 61738K->46011K(83392K), 0.0016600 secs]
55.564: [GC
Desired survivor size 1343488 bytes, new threshold 4 (max 4)
- age   1:     852536 bytes,     852536 total
- age   2:     226512 bytes,    1079048 total
- age   3:     217408 bytes,    1296456 total
- age   4:     188928 bytes,    1485384 total
 62007K->46759K(83392K), 0.0020903 secs]
55.578: [GC
Desired survivor size 1343488 bytes, new threshold 3 (max 4)
- age   1:     415008 bytes,     415008 total
- age   2:     736048 bytes,    1151056 total
- age   3:     226512 bytes,    1377568 total
- age   4:     217408 bytes,    1594976 total
 62737K->46925K(83392K), 0.0034888 secs]
55.596: [GC
Desired survivor size 1343488 bytes, new threshold 3 (max 4)
- age   1:     513568 bytes,     513568 total
- age   2:     355112 bytes,     868680 total
- age   3:     518504 bytes,    1387184 total
 62857K->46952K(83392K), 0.0019771 secs]
55.610: [GC
Desired survivor size 1343488 bytes, new threshold 3 (max 4)
- age   1:     665168 bytes,     665168 total
- age   2:     447672 bytes,    1112840 total
- age   3:     355112 bytes,    1467952 total
 62920K->47533K(83392K), 0.0028082 secs]
55.625: [GC
Desired survivor size 1343488 bytes, new threshold 4 (max 4)
- age   1:     240560 bytes,     240560 total
- age   2:     587456 bytes,     828016 total
- age   3:     426488 bytes,    1254504 total
 63533K->47672K(83392K), 0.0023519 secs]
55.639: [GC
Desired survivor size 1343488 bytes, new threshold 4 (max 4)
- age   1:     242464 bytes,     242464 total
- age   2:     209640 bytes,     452104 total
- age   3:     587456 bytes,    1039560 total
- age   4:      27888 bytes,    1067448 total
 63672K->47489K(83392K), 0.0016279 secs]
55.654: [GC
Desired survivor size 1343488 bytes, new threshold 4 (max 4)
- age   1:     507136 bytes,     507136 total
- age   2:     211472 bytes,     718608 total
- age   3:     137936 bytes,     856544 total
- age   4:     587456 bytes,    1444000 total
 63465K->47884K(83392K), 0.0020407 secs]
55.670: [GC
Desired survivor size 1343488 bytes, new threshold 4 (max 4)
- age   1:     263144 bytes,     263144 total
- age   2:     465200 bytes,     728344 total
- age   3:     211184 bytes,     939528 total
- age   4:        200 bytes,     939728 total
 63875K->47966K(83392K), 0.0029534 secs]
55.684: [GC
Desired survivor size 1343488 bytes, new threshold 4 (max 4)
- age   1:     383040 bytes,     383040 total
- age   2:     241024 bytes,     624064 total
- age   3:     322360 bytes,     946424 total
- age   4:     211184 bytes,    1157608 total
 63949K->48181K(83392K), 0.0018971 secs]
55.698: [GC
Desired survivor size 1343488 bytes, new threshold 4 (max 4)
- age   1:     460728 bytes,     460728 total
- age   2:     250784 bytes,     711512 total
- age   3:     241024 bytes,     952536 total
- age   4:     229032 bytes,    1181568 total
 64181K->48413K(83392K), 0.0019232 secs]
55.712: [GC
Desired survivor size 1343488 bytes, new threshold 4 (max 4)
- age   1:     208872 bytes,     208872 total
- age   2:     422568 bytes,     631440 total
- age   3:     250784 bytes,     882224 total
- age   4:     111488 bytes,     993712 total
 64401K->48454K(83392K), 0.0023145 secs]
55.725: [GC
Desired survivor size 1343488 bytes, new threshold 4 (max 4)
- age   1:     529688 bytes,     529688 total
- age   2:     176768 bytes,     706456 total
- age   3:     304688 bytes,    1011144 total
 64441K->48575K(83392K), 0.0018865 secs]
55.738: [GC
Desired survivor size 1343488 bytes, new threshold 4 (max 4)
- age   1:     587584 bytes,     587584 total
- age   2:     233808 bytes,     821392 total
- age   3:      82256 bytes,     903648 total
- age   4:     304688 bytes,    1208336 total
 64515K->48766K(83392K), 0.0018532 secs]
55.752: [GC
Desired survivor size 1343488 bytes, new threshold 4 (max 4)
- age   1:     511824 bytes,     511824 total
- age   2:     390232 bytes,     902056 total
- age   3:     115440 bytes,    1017496 total
- age   4:      82256 bytes,    1099752 total
 64698K->48957K(83392K), 0.0021399 secs]
55.766: [GC
Desired survivor size 1343488 bytes, new threshold 4 (max 4)
- age   1:     216184 bytes,     216184 total
- age   2:     434616 bytes,     650800 total
- age   3:     288520 bytes,     939320 total
- age   4:     115440 bytes,    1054760 total
 64950K->48994K(83392K), 0.0017977 secs]
55.779: [GC
Desired survivor size 1343488 bytes, new threshold 4 (max 4)
- age   1:     531192 bytes,     531192 total
- age   3:     434616 bytes,     965808 total
- age   4:     143160 bytes,    1108968 total
 64961K->49160K(83392K), 0.0024016 secs]
55.793: [GC
Desired survivor size 1343488 bytes, new threshold 4 (max 4)
- age   1:     559896 bytes,     559896 total
- age   2:     472056 bytes,    1031952 total
- age   4:     279296 bytes,    1311248 total
 65158K->49497K(83392K), 0.0020176 secs]
55.809: [GC
Desired survivor size 1343488 bytes, new threshold 4 (max 4)
- age   1:     550512 bytes,     550512 total
- age   2:     422040 bytes,     972552 total
- age   3:     147304 bytes,    1119856 total
 65497K->49583K(83392K), 0.0019927 secs]
55.822: [GC
Desired survivor size 1343488 bytes, new threshold 4 (max 4)
- age   1:     485784 bytes,     485784 total
- age   2:     424656 bytes,     910440 total
- age   3:     135456 bytes,    1045896 total
 65578K->49511K(83392K), 0.0021159 secs]
55.836: [GC
Desired survivor size 1343488 bytes, new threshold 4 (max 4)
- age   1:      99992 bytes,      99992 total
- age   2:     398128 bytes,     498120 total
- age   3:     424656 bytes,     922776 total
- age   4:     135456 bytes,    1058232 total
 65493K->49522K(83392K), 0.0020404 secs]
55.849: [GC
Desired survivor size 1343488 bytes, new threshold 4 (max 4)
- age   1:     315512 bytes,     315512 total
- age   2:      31504 bytes,     347016 total
- age   3:     165864 bytes,     512880 total
- age   4:     424656 bytes,     937536 total
 65469K->49540K(83392K), 0.0019827 secs]
55.863: [GC
Desired survivor size 1343488 bytes, new threshold 4 (max 4)
- age   1:     706840 bytes,     706840 total
- age   2:         32 bytes,     706872 total
- age   4:      53056 bytes,     759928 total
 65540K->49716K(83392K), 0.0021136 secs]
55.876: [GC
Desired survivor size 1343488 bytes, new threshold 4 (max 4)
- age   1:     643336 bytes,     643336 total
- age   2:     449744 bytes,    1093080 total
- age   3:         32 bytes,    1093112 total
 65688K->50038K(83392K), 0.0017930 secs]
55.890: [GC
Desired survivor size 1343488 bytes, new threshold 3 (max 4)
- age   1:     703264 bytes,     703264 total
- age   2:     286808 bytes,     990072 total
- age   3:     449744 bytes,    1439816 total
- age   4:         32 bytes,    1439848 total
 66032K->50376K(83392K), 0.0020405 secs]
55.905: [GC
Desired survivor size 1343488 bytes, new threshold 2 (max 4)
- age   1:     830344 bytes,     830344 total
- age   2:     631800 bytes,    1462144 total
- age   3:     136168 bytes,    1598312 total
 66348K->50970K(83392K), 0.0023952 secs]
55.919: [GC
Desired survivor size 1343488 bytes, new threshold 4 (max 4)
- age   1:     111728 bytes,     111728 total
- age   2:     769672 bytes,     881400 total
 66934K->50908K(83392K), 0.0031354 secs]
55.934: [GC
Desired survivor size 1343488 bytes, new threshold 3 (max 4)
- age   1:    1117760 bytes,    1117760 total
- age   2:      44920 bytes,    1162680 total
- age   3:     769672 bytes,    1932352 total
 66908K->51933K(83392K), 0.0021194 secs]
55.948: [GC
Desired survivor size 1343488 bytes, new threshold 2 (max 4)
- age   1:     761752 bytes,     761752 total
- age   2:     947712 bytes,    1709464 total
 67898K->52467K(83392K), 0.0026925 secs]
55.963: [GC
Desired survivor size 1343488 bytes, new threshold 4 (max 4)
- age   1:     445456 bytes,     445456 total
- age   2:     737280 bytes,    1182736 total
 68384K->52879K(83392K), 0.0022197 secs]
55.976: [GC
Desired survivor size 1343488 bytes, new threshold 3 (max 4)
- age   1:     508160 bytes,     508160 total
- age   2:     393376 bytes,     901536 total
- age   3:     596840 bytes,    1498376 total
 68855K->53187K(83392K), 0.0023885 secs]
55.993: [GC
Desired survivor size 1343488 bytes, new threshold 4 (max 4)
- age   1:     291856 bytes,     291856 total
- age   2:     443920 bytes,     735776 total
- age   3:     393376 bytes,    1129152 total
 69158K->52995K(83392K), 0.0018796 secs]
56.008: [GC
Desired survivor size 1343488 bytes, new threshold 3 (max 4)
- age   1:     907296 bytes,     907296 total
- age   2:     223888 bytes,    1131184 total
- age   3:     443920 bytes,    1575104 total
- age   4:     393376 bytes,    1968480 total
 68974K->53814K(83392K), 0.0030611 secs]
56.023: [GC
Desired survivor size 1343488 bytes, new threshold 2 (max 4)
- age   1:     807920 bytes,     807920 total
- age   2:     862000 bytes,    1669920 total
- age   3:     165408 bytes,    1835328 total
 69813K->54335K(83392K), 0.0028015 secs]
56.039: [GC
Desired survivor size 1343488 bytes, new threshold 2 (max 4)
- age   1:     842840 bytes,     842840 total
- age   2:     584944 bytes,    1427784 total
 70327K->54941K(83392K), 0.0027361 secs]
56.054: [GC
Desired survivor size 1343488 bytes, new threshold 2 (max 4)
- age   1:     699624 bytes,     699624 total
- age   2:     782560 bytes,    1482184 total
 70825K->55565K(83392K), 0.0027464 secs]
56.069: [GC
Desired survivor size 1343488 bytes, new threshold 4 (max 4)
- age   1:     499296 bytes,     499296 total
- age   2:     633248 bytes,    1132544 total
 71561K->55713K(83392K), 0.0019524 secs]
56.082: [GC
Desired survivor size 1343488 bytes, new threshold 3 (max 4)
- age   1:     420488 bytes,     420488 total
- age   2:     360960 bytes,     781448 total
- age   3:     633248 bytes,    1414696 total
 71705K->55988K(83392K), 0.0022728 secs]
56.085: [GC 57283K(83392K), 0.0008021 secs]
56.098: [GC
Desired survivor size 1343488 bytes, new threshold 3 (max 4)
- age   1:    1026312 bytes,    1026312 total
- age   2:     314424 bytes,    1340736 total
- age   3:     360960 bytes,    1701696 total
 71961K->56886K(83392K), 0.0028568 secs]
56.120: [GC
Desired survivor size 1343488 bytes, new threshold 3 (max 4)
- age   1:     408936 bytes,     408936 total
- age   2:     781520 bytes,    1190456 total
- age   3:     314424 bytes,    1504880 total
 72858K->57046K(83392K), 0.0024015 secs]
56.137: [GC
Desired survivor size 1343488 bytes, new threshold 4 (max 4)
- age   1:     307368 bytes,     307368 total
- age   2:     280096 bytes,     587464 total
- age   3:     390368 bytes,     977832 total
 73046K->56709K(83392K), 0.0016712 secs]
56.151: [GC
Desired survivor size 1343488 bytes, new threshold 3 (max 4)
- age   1:     835824 bytes,     835824 total
- age   2:     265688 bytes,    1101512 total
- age   3:     280096 bytes,    1381608 total
- age   4:     390368 bytes,    1771976 total
 72706K->57485K(83392K), 0.0025378 secs]
56.173: [GC
Desired survivor size 1343488 bytes, new threshold 4 (max 4)
- age   1:     275200 bytes,     275200 total
- age   2:     667568 bytes,     942768 total
- age   3:      93024 bytes,    1035792 total
 73485K->57349K(83392K), 0.0023024 secs]
56.181: [GC 57742K(83392K), 0.0017559 secs]
56.195: [GC
Desired survivor size 1343488 bytes, new threshold 4 (max 4)
- age   1:     369784 bytes,     369784 total
- age   2:      57248 bytes,     427032 total
- age   3:     667568 bytes,    1094600 total
- age   4:      93024 bytes,    1187624 total
 26093K->10276K(83392K), 0.0017978 secs]
56.211: [GC
Desired survivor size 1343488 bytes, new threshold 4 (max 4)
- age   1:     344472 bytes,     344472 total
- age   2:     295576 bytes,     640048 total
- age   3:      57136 bytes,     697184 total
- age   4:     667568 bytes,    1364752 total
 26276K->10541K(83392K), 0.0017453 secs]
56.226: [GC
Desired survivor size 1343488 bytes, new threshold 4 (max 4)
- age   1:     388984 bytes,     388984 total
- age   2:      94136 bytes,     483120 total
- age   3:     295576 bytes,     778696 total
- age   4:      57136 bytes,     835832 total
 26539K->10681K(83392K), 0.0018224 secs]
56.239: [GC
Desired survivor size 1343488 bytes, new threshold 4 (max 4)
- age   1:     313584 bytes,     313584 total
- age   2:     159824 bytes,     473408 total
- age   3:      94136 bytes,     567544 total
- age   4:     295576 bytes,     863120 total
 26656K->10763K(83392K), 0.0017062 secs]
56.254: [GC
Desired survivor size 1343488 bytes, new threshold 4 (max 4)
- age   1:     283624 bytes,     283624 total
- age   2:      47816 bytes,     331440 total
- age   4:      94136 bytes,     425576 total
 26749K->10627K(83392K), 0.0012729 secs]
56.267: [GC
Desired survivor size 1343488 bytes, new threshold 4 (max 4)
- age   1:     553384 bytes,     553384 total
- age   2:     203240 bytes,     756624 total
- age   3:      47816 bytes,     804440 total
 26575K->11088K(83392K), 0.0020904 secs]
56.281: [GC
Desired survivor size 1343488 bytes, new threshold 4 (max 4)
- age   1:     287728 bytes,     287728 total
- age   2:     216664 bytes,     504392 total
- age   3:     121664 bytes,     626056 total
- age   4:      47816 bytes,     673872 total
 27070K->10956K(83392K), 0.0013102 secs]
56.293: [GC
Desired survivor size 1343488 bytes, new threshold 4 (max 4)
- age   1:     532600 bytes,     532600 total
- age   2:     227448 bytes,     760048 total
- age   3:     216664 bytes,     976712 total
- age   4:     121664 bytes,    1098376 total
 26952K->11417K(83392K), 0.0017732 secs]
56.310: [GC
Desired survivor size 1343488 bytes, new threshold 4 (max 4)
- age   1:     213888 bytes,     213888 total
- age   2:     447688 bytes,     661576 total
- age   3:     165424 bytes,     827000 total
- age   4:     216664 bytes,    1043664 total
 27271K->11403K(83392K), 0.0021335 secs]
56.324: [GC
Desired survivor size 1343488 bytes, new threshold 4 (max 4)
- age   1:     606040 bytes,     606040 total
- age   2:     129880 bytes,     735920 total
- age   3:     447688 bytes,    1183608 total
- age   4:     165424 bytes,    1349032 total
 27382K->11913K(83392K), 0.0021827 secs]
56.340: [GC
Desired survivor size 1343488 bytes, new threshold 2 (max 4)
- age   1:     851720 bytes,     851720 total
- age   2:     521312 bytes,    1373032 total
- age   3:     129880 bytes,    1502912 total
- age   4:     447688 bytes,    1950600 total
 27897K->12500K(83392K), 0.0027395 secs]
56.356: [GC
Desired survivor size 1343488 bytes, new threshold 4 (max 4)
- age   1:     337368 bytes,     337368 total
- age   2:     851680 bytes,    1189048 total
 28473K->12661K(83392K), 0.0027754 secs]
56.380: [GC
Desired survivor size 1343488 bytes, new threshold 3 (max 4)
- age   1:     979472 bytes,     979472 total
- age   2:     167512 bytes,    1146984 total
- age   3:     653160 bytes,    1800144 total
 28661K->13259K(83392K), 0.0027521 secs]
56.394: [GC
Desired survivor size 1343488 bytes, new threshold 4 (max 4)
- age   1:     373168 bytes,     373168 total
- age   2:     790448 bytes,    1163616 total
- age   3:     167512 bytes,    1331128 total
 29258K->13444K(83392K), 0.0027993 secs]
56.412: [GC
Desired survivor size 1343488 bytes, new threshold 3 (max 4)
- age   1:     568376 bytes,     568376 total
- age   2:     268200 bytes,     836576 total
- age   3:     574376 bytes,    1410952 total
- age   4:     167512 bytes,    1578464 total
 29444K->13697K(83392K), 0.0027356 secs]
56.427: [GC
Desired survivor size 1343488 bytes, new threshold 4 (max 4)
- age   1:     345208 bytes,     345208 total
- age   2:     436208 bytes,     781416 total
- age   3:     268200 bytes,    1049616 total
 29697K->13804K(83392K), 0.0024018 secs]
56.442: [GC
Desired survivor size 1343488 bytes, new threshold 4 (max 4)
- age   1:     288056 bytes,     288056 total
- age   2:      91464 bytes,     379520 total
- age   3:     436208 bytes,     815728 total
- age   4:     268200 bytes,    1083928 total
 29799K->13830K(83392K), 0.0014823 secs]
56.456: [GC
Desired survivor size 1343488 bytes, new threshold 4 (max 4)
- age   1:     925672 bytes,     925672 total
- age   2:      91304 bytes,    1016976 total
- age   3:      91464 bytes,    1108440 total
- age   4:     436208 bytes,    1544648 total
 29803K->14546K(83392K), 0.0021865 secs]
56.472: [GC
Desired survivor size 1343488 bytes, new threshold 4 (max 4)
- age   1:     833880 bytes,     833880 total
- age   2:     447656 bytes,    1281536 total
- age   3:       4904 bytes,    1286440 total
- age   4:      91464 bytes,    1377904 total
 30527K->14806K(83392K), 0.0024508 secs]
56.486: [GC
Desired survivor size 1343488 bytes, new threshold 3 (max 4)
- age   1:     464440 bytes,     464440 total
- age   2:     768832 bytes,    1233272 total
- age   3:     447656 bytes,    1680928 total
- age   4:       4904 bytes,    1685832 total
 30771K->15116K(83392K), 0.0021446 secs]
56.501: [GC
Desired survivor size 1343488 bytes, new threshold 4 (max 4)
- age   1:     160912 bytes,     160912 total
- age   2:     309024 bytes,     469936 total
- age   3:     768832 bytes,    1238768 total
 31105K->15043K(83392K), 0.0020230 secs]
56.516: [GC
Desired survivor size 1343488 bytes, new threshold 4 (max 4)
- age   1:     185032 bytes,     185032 total
- age   2:      31584 bytes,     216616 total
- age   3:     309024 bytes,     525640 total
- age   4:     768832 bytes,    1294472 total
 31030K->15097K(83392K), 0.0021103 secs]
56.535: [GC
Desired survivor size 1343488 bytes, new threshold 4 (max 4)
- age   1:     424616 bytes,     424616 total
- age   2:      38280 bytes,     462896 total
- age   3:      31584 bytes,     494480 total
- age   4:     193880 bytes,     688360 total
 31097K->14688K(83392K), 0.0013515 secs]
56.550: [GC
Desired survivor size 1343488 bytes, new threshold 4 (max 4)
- age   1:     444496 bytes,     444496 total
- age   2:      91048 bytes,     535544 total
- age   3:      38168 bytes,     573712 total
- age   4:      31584 bytes,     605296 total
 30688K->14799K(83392K), 0.0013530 secs]
56.563: [GC
Desired survivor size 1343488 bytes, new threshold 4 (max 4)
- age   1:     406264 bytes,     406264 total
- age   2:      55064 bytes,     461328 total
- age   3:      91048 bytes,     552376 total
- age   4:      38168 bytes,     590544 total
 30790K->14823K(83392K), 0.0012212 secs]
56.579: [GC
Desired survivor size 1343488 bytes, new threshold 4 (max 4)
- age   1:     285552 bytes,     285552 total
- age   2:      87112 bytes,     372664 total
- age   3:      55064 bytes,     427728 total
- age   4:      91048 bytes,     518776 total
 30699K->14784K(83392K), 0.0014098 secs]
56.592: [GC
Desired survivor size 1343488 bytes, new threshold 4 (max 4)
- age   1:     527712 bytes,     527712 total
- age   2:        824 bytes,     528536 total
- age   3:      26928 bytes,     555464 total
- age   4:      55064 bytes,     610528 total
 30780K->14967K(83392K), 0.0017799 secs]
56.607: [GC
Desired survivor size 1343488 bytes, new threshold 4 (max 4)
- age   1:     388704 bytes,     388704 total
- age   2:     411176 bytes,     799880 total
- age   3:        824 bytes,     800704 total
- age   4:      26928 bytes,     827632 total
 30931K->15228K(83392K), 0.0013365 secs]
56.620: [GC
Desired survivor size 1343488 bytes, new threshold 4 (max 4)
- age   1:     344256 bytes,     344256 total
- age   2:     328808 bytes,     673064 total
- age   3:     273960 bytes,     947024 total
- age   4:        824 bytes,     947848 total
 31224K->15369K(83392K), 0.0018682 secs]
56.633: [GC
Desired survivor size 1343488 bytes, new threshold 4 (max 4)
- age   1:     833232 bytes,     833232 total
- age   2:     145224 bytes,     978456 total
- age   3:     328808 bytes,    1307264 total
- age   4:     173296 bytes,    1480560 total
 31368K->15890K(83392K), 0.0023370 secs]
56.647: [GC
Desired survivor size 1343488 bytes, new threshold 4 (max 4)
- age   1:     325816 bytes,     325816 total
- age   2:     766408 bytes,    1092224 total
- age   3:     145224 bytes,    1237448 total
- age   4:     162880 bytes,    1400328 total
 31839K->15981K(83392K), 0.0019974 secs]
56.660: [GC
Desired survivor size 1343488 bytes, new threshold 4 (max 4)
- age   1:     298000 bytes,     298000 total
- age   2:     255712 bytes,     553712 total
- age   3:     766408 bytes,    1320120 total
- age   4:     145224 bytes,    1465344 total
 31931K->16203K(83392K), 0.0029555 secs]
56.675: [GC
Desired survivor size 1343488 bytes, new threshold 4 (max 4)
- age   1:     375904 bytes,     375904 total
- age   2:     154096 bytes,     530000 total
- age   3:     147688 bytes,     677688 total
- age   4:     238608 bytes,     916296 total
 32203K->15809K(83392K), 0.0016583 secs]
56.693: [GC
Desired survivor size 1343488 bytes, new threshold 4 (max 4)
- age   1:     445992 bytes,     445992 total
- age   2:     375904 bytes,     821896 total
- age   3:     154096 bytes,     975992 total
- age   4:     147688 bytes,    1123680 total
 31789K->16245K(83392K), 0.0022996 secs]
56.707: [GC
Desired survivor size 1343488 bytes, new threshold 4 (max 4)
- age   1:     312176 bytes,     312176 total
- age   2:     328512 bytes,     640688 total
- age   3:     375904 bytes,    1016592 total
- age   4:     154096 bytes,    1170688 total
 32245K->16435K(83392K), 0.0019201 secs]
56.722: [GC
Desired survivor size 1343488 bytes, new threshold 4 (max 4)
- age   1:     270200 bytes,     270200 total
- age   2:     207552 bytes,     477752 total
- age   3:     261472 bytes,     739224 total
- age   4:     242336 bytes,     981560 total
 32432K->16403K(83392K), 0.0015551 secs]
56.735: [GC
Desired survivor size 1343488 bytes, new threshold 4 (max 4)
- age   1:     445280 bytes,     445280 total
- age   2:     211616 bytes,     656896 total
- age   3:     180552 bytes,     837448 total
- age   4:     261472 bytes,    1098920 total
 32382K->16764K(83392K), 0.0018668 secs]
56.750: [GC
Desired survivor size 1343488 bytes, new threshold 4 (max 4)
- age   1:     645072 bytes,     645072 total
- age   2:     332456 bytes,     977528 total
- age   3:     211616 bytes,    1189144 total
- age   4:      69472 bytes,    1258616 total
 32747K->17157K(83392K), 0.0018306 secs]
56.764: [GC
Desired survivor size 1343488 bytes, new threshold 4 (max 4)
- age   1:     280656 bytes,     280656 total
- age   2:     425592 bytes,     706248 total
- age   3:     332456 bytes,    1038704 total
- age   4:       4280 bytes,    1042984 total
 33125K->17013K(83392K), 0.0014902 secs]
56.778: [GC
Desired survivor size 1343488 bytes, new threshold 4 (max 4)
- age   1:     333768 bytes,     333768 total
- age   2:     181944 bytes,     515712 total
- age   3:     347584 bytes,     863296 total
- age   4:     332456 bytes,    1195752 total
 32981K->17163K(83392K), 0.0020549 secs]
56.791: [GC
Desired survivor size 1343488 bytes, new threshold 4 (max 4)
- age   1:     243816 bytes,     243816 total
- age   2:      55344 bytes,     299160 total
- age   3:     181664 bytes,     480824 total
- age   4:     347584 bytes,     828408 total
 33157K->17130K(83392K), 0.0018058 secs]
56.804: [GC
Desired survivor size 1343488 bytes, new threshold 4 (max 4)
- age   1:     132856 bytes,     132856 total
- age   2:     170608 bytes,     303464 total
- age   3:         40 bytes,     303504 total
- age   4:     181664 bytes,     485168 total
 33107K->17131K(83392K), 0.0016495 secs]
56.817: [GC
Desired survivor size 1343488 bytes, new threshold 4 (max 4)
- age   1:     621928 bytes,     621928 total
- age   3:     170608 bytes,     792536 total
- age   4:         40 bytes,     792576 total
 33086K->17610K(83392K), 0.0016408 secs]
56.830: [GC
Desired survivor size 1343488 bytes, new threshold 4 (max 4)
- age   1:     159960 bytes,     159960 total
- age   2:     442712 bytes,     602672 total
- age   4:     170608 bytes,     773280 total
 33564K->17591K(83392K), 0.0017261 secs]
56.844: [GC
Desired survivor size 1343488 bytes, new threshold 4 (max 4)
- age   1:     725736 bytes,     725736 total
- age   2:     108064 bytes,     833800 total
- age   3:     334592 bytes,    1168392 total
 33590K->18144K(83392K), 0.0017774 secs]
56.857: [GC
Desired survivor size 1343488 bytes, new threshold 2 (max 4)
- age   1:     669896 bytes,     669896 total
- age   2:     707248 bytes,    1377144 total
- age   3:     108064 bytes,    1485208 total
- age   4:     334592 bytes,    1819800 total
 34133K->18780K(83392K), 0.0023434 secs]
56.872: [GC
Desired survivor size 1343488 bytes, new threshold 4 (max 4)
- age   1:     126576 bytes,     126576 total
- age   2:     640832 bytes,     767408 total
 34728K->18569K(83392K), 0.0018434 secs]
56.890: [GC
Desired survivor size 1343488 bytes, new threshold 4 (max 4)
- age   1:     330632 bytes,     330632 total
- age   2:      97608 bytes,     428240 total
- age   3:     385728 bytes,     813968 total
 34547K->18613K(83392K), 0.0012572 secs]
56.904: [GC
Desired survivor size 1343488 bytes, new threshold 4 (max 4)
- age   1:     197024 bytes,     197024 total
- age   2:     190992 bytes,     388016 total
- age   3:      97608 bytes,     485624 total
- age   4:     385728 bytes,     871352 total
 34602K->18669K(83392K), 0.0015689 secs]
56.917: [GC
Desired survivor size 1343488 bytes, new threshold 4 (max 4)
- age   1:     430168 bytes,     430168 total
- age   2:     188872 bytes,     619040 total
- age   3:     190992 bytes,     810032 total
- age   4:         32 bytes,     810064 total
 34663K->18988K(83392K), 0.0019885 secs]
56.930: [GC
Desired survivor size 1343488 bytes, new threshold 4 (max 4)
- age   1:     376504 bytes,     376504 total
- age   2:     374256 bytes,     750760 total
- age   3:     188872 bytes,     939632 total
- age   4:     190992 bytes,    1130624 total
 34968K->19306K(83392K), 0.0016345 secs]
56.948: [GC
Desired survivor size 1343488 bytes, new threshold 4 (max 4)
- age   1:     308176 bytes,     308176 total
- age   2:      84320 bytes,     392496 total
- age   3:     314952 bytes,     707448 total
- age   4:     188872 bytes,     896320 total
 35291K->19258K(83392K), 0.0017718 secs]
56.962: [GC
Desired survivor size 1343488 bytes, new threshold 4 (max 4)
- age   1:     376216 bytes,     376216 total
- age   2:     171128 bytes,     547344 total
- age   3:      84320 bytes,     631664 total
- age   4:     314952 bytes,     946616 total
 35255K->19498K(83392K), 0.0023673 secs]
56.977: [GC
Desired survivor size 1343488 bytes, new threshold 4 (max 4)
- age   1:     349416 bytes,     349416 total
- age   2:     233488 bytes,     582904 total
- age   3:      92744 bytes,     675648 total
- age   4:      84320 bytes,     759968 total
 35482K->19617K(83392K), 0.0014732 secs]
56.990: [GC
Desired survivor size 1343488 bytes, new threshold 4 (max 4)
- age   1:     575216 bytes,     575216 total
- age   2:     153056 bytes,     728272 total
- age   3:     233488 bytes,     961760 total
- age   4:      92744 bytes,    1054504 total
 35612K->19992K(83392K), 0.0019405 secs]
57.005: [GC
Desired survivor size 1343488 bytes, new threshold 4 (max 4)
- age   1:     566848 bytes,     566848 total
- age   2:     347904 bytes,     914752 total
- age   3:     153056 bytes,    1067808 total
- age   4:     233488 bytes,    1301296 total
 35984K->20317K(83392K), 0.0022787 secs]
57.021: [GC
Desired survivor size 1343488 bytes, new threshold 4 (max 4)
- age   1:     527408 bytes,     527408 total
- age   2:     261112 bytes,     788520 total
- age   3:     228576 bytes,    1017096 total
- age   4:     153056 bytes,    1170152 total
 36293K->20416K(83392K), 0.0020428 secs]
57.036: [GC
Desired survivor size 1343488 bytes, new threshold 3 (max 4)
- age   1:     807440 bytes,     807440 total
- age   2:     462792 bytes,    1270232 total
- age   3:     261112 bytes,    1531344 total
- age   4:      68072 bytes,    1599416 total
 36301K->20986K(83392K), 0.0020991 secs]
57.050: [GC
Desired survivor size 1343488 bytes, new threshold 3 (max 4)
- age   1:     203856 bytes,     203856 total
- age   2:     739064 bytes,     942920 total
- age   3:     462792 bytes,    1405712 total
 36984K->21119K(83392K), 0.0023572 secs]
57.064: [GC
Desired survivor size 1343488 bytes, new threshold 4 (max 4)
- age   1:     318040 bytes,     318040 total
- age   2:     131208 bytes,     449248 total
- age   3:     739064 bytes,    1188312 total
 37093K->21242K(83392K), 0.0021738 secs]
57.078: [GC
Desired survivor size 1343488 bytes, new threshold 4 (max 4)
- age   1:     929400 bytes,     929400 total
- age   2:     258032 bytes,    1187432 total
- age   3:     131208 bytes,    1318640 total
- age   4:     739064 bytes,    2057704 total
 37223K->22089K(83392K), 0.0024036 secs]
57.092: [GC
Desired survivor size 1343488 bytes, new threshold 3 (max 4)
- age   1:     302816 bytes,     302816 total
- age   2:     853120 bytes,    1155936 total
- age   3:     258032 bytes,    1413968 total
- age   4:      40464 bytes,    1454432 total
 38079K->22008K(83392K), 0.0026597 secs]
57.106: [GC
Desired survivor size 1343488 bytes, new threshold 4 (max 4)
- age   1:     295192 bytes,     295192 total
- age   2:     142312 bytes,     437504 total
- age   3:     853120 bytes,    1290624 total
 37987K->22139K(83392K), 0.0020363 secs]
57.120: [GC
Desired survivor size 1343488 bytes, new threshold 2 (max 4)
- age   1:    1144616 bytes,    1144616 total
- age   2:     238384 bytes,    1383000 total
- age   3:      41176 bytes,    1424176 total
- age   4:     511120 bytes,    1935296 total
 38071K->22769K(83392K), 0.0023537 secs]
57.134: [GC
Desired survivor size 1343488 bytes, new threshold 2 (max 4)
- age   1:     908040 bytes,     908040 total
- age   2:    1064736 bytes,    1972776 total
 38706K->23436K(83392K), 0.0034460 secs]
57.150: [GC
Desired survivor size 1343488 bytes, new threshold 4 (max 4)
- age   1:     457192 bytes,     457192 total
- age   2:     762032 bytes,    1219224 total
 39422K->23677K(83392K), 0.0029740 secs]
57.166: [GC
Desired survivor size 1343488 bytes, new threshold 3 (max 4)
- age   1:     933488 bytes,     933488 total
- age   2:     379640 bytes,    1313128 total
- age   3:     762032 bytes,    2075160 total
 39662K->24513K(83392K), 0.0021680 secs]
57.182: [GC
Desired survivor size 1343488 bytes, new threshold 3 (max 4)
- age   1:     413832 bytes,     413832 total
- age   2:     614216 bytes,    1028048 total
- age   3:     379640 bytes,    1407688 total
 40496K->24606K(83392K), 0.0030196 secs]
57.196: [GC
Desired survivor size 1343488 bytes, new threshold 4 (max 4)
- age   1:     645536 bytes,     645536 total
- age   2:     282088 bytes,     927624 total
- age   3:     333432 bytes,    1261056 total
 40591K->24633K(83392K), 0.0022542 secs]
57.210: [GC
Desired survivor size 1343488 bytes, new threshold 3 (max 4)
- age   1:     636640 bytes,     636640 total
- age   2:     575536 bytes,    1212176 total
- age   3:     282088 bytes,    1494264 total
- age   4:     333432 bytes,    1827696 total
 40600K->25185K(83392K), 0.0025571 secs]
57.224: [GC
Desired survivor size 1343488 bytes, new threshold 3 (max 4)
- age   1:     668440 bytes,     668440 total
- age   2:     582568 bytes,    1251008 total
- age   3:     575536 bytes,    1826544 total
 41179K->25786K(83392K), 0.0029264 secs]
57.239: [GC
Desired survivor size 1343488 bytes, new threshold 2 (max 4)
- age   1:    1046168 bytes,    1046168 total
- age   2:     501016 bytes,    1547184 total
- age   3:     582568 bytes,    2129752 total
 41713K->26203K(83392K), 0.0024490 secs]
57.255: [GC
Desired survivor size 1343488 bytes, new threshold 2 (max 4)
- age   1:     724912 bytes,     724912 total
- age   2:     963520 bytes,    1688432 total
 42197K->26750K(83392K), 0.0028106 secs]
57.270: [GC
Desired survivor size 1343488 bytes, new threshold 4 (max 4)
- age   1:     557144 bytes,     557144 total
- age   2:     332872 bytes,     890016 total
 42714K->26912K(83392K), 0.0024319 secs]
57.284: [GC
Desired survivor size 1343488 bytes, new threshold 4 (max 4)
- age   1:     629760 bytes,     629760 total
- age   2:     478168 bytes,    1107928 total
- age   3:     164584 bytes,    1272512 total
 42841K->27285K(83392K), 0.0018810 secs]
57.299: [GC
Desired survivor size 1343488 bytes, new threshold 2 (max 4)
- age   1:     867168 bytes,     867168 total
- age   2:     629760 bytes,    1496928 total
- age   3:     478168 bytes,    1975096 total
- age   4:     164584 bytes,    2139680 total
 43282K->28132K(83392K), 0.0029540 secs]
57.317: [GC
Desired survivor size 1343488 bytes, new threshold 4 (max 4)
- age   1:     583432 bytes,     583432 total
- age   2:     390072 bytes,     973504 total
 44132K->28062K(83392K), 0.0023524 secs]
57.332: [GC
Desired survivor size 1343488 bytes, new threshold 3 (max 4)
- age   1:     519792 bytes,     519792 total
- age   2:     535504 bytes,    1055296 total
- age   3:     390072 bytes,    1445368 total
 44005K->28522K(83392K), 0.0018883 secs]
57.346: [GC
Desired survivor size 1343488 bytes, new threshold 4 (max 4)
- age   1:     419328 bytes,     419328 total
- age   2:     307072 bytes,     726400 total
- age   3:     316360 bytes,    1042760 total
 44518K->28513K(83392K), 0.0022184 secs]
57.360: [GC
Desired survivor size 1343488 bytes, new threshold 4 (max 4)
- age   1:     381768 bytes,     381768 total
- age   2:      83392 bytes,     465160 total
- age   3:     307072 bytes,     772232 total
- age   4:     316360 bytes,    1088592 total
 44484K->28562K(83392K), 0.0021759 secs]
57.378: [GC
Desired survivor size 1343488 bytes, new threshold 4 (max 4)
- age   1:     403224 bytes,     403224 total
- age   3:      83392 bytes,     486616 total
- age   4:     307072 bytes,     793688 total
 44555K->28578K(83392K), 0.0017309 secs]
57.391: [GC
Desired survivor size 1343488 bytes, new threshold 4 (max 4)
- age   1:     957416 bytes,     957416 total
- age   2:     326128 bytes,    1283544 total
- age   4:      83392 bytes,    1366936 total
 44536K->29441K(83392K), 0.0023459 secs]
57.405: [GC
Desired survivor size 1343488 bytes, new threshold 3 (max 4)
- age   1:     518192 bytes,     518192 total
- age   2:     658288 bytes,    1176480 total
- age   3:     326128 bytes,    1502608 total
 45438K->29661K(83392K), 0.0023758 secs]
57.419: [GC
Desired survivor size 1343488 bytes, new threshold 3 (max 4)
- age   1:     761904 bytes,     761904 total
- age   2:     433384 bytes,    1195288 total
- age   3:     499920 bytes,    1695208 total
 45639K->30160K(83392K), 0.0024143 secs]
57.436: [GC
Desired survivor size 1343488 bytes, new threshold 4 (max 4)
- age   1:     361880 bytes,     361880 total
- age   2:     512400 bytes,     874280 total
- age   3:     433384 bytes,    1307664 total
 46134K->29978K(83392K), 0.0023117 secs]
57.452: [GC
Desired survivor size 1343488 bytes, new threshold 4 (max 4)
- age   1:     226608 bytes,     226608 total
- age   2:     303440 bytes,     530048 total
- age   3:     253144 bytes,     783192 total
- age   4:     251224 bytes,    1034416 total
 45973K->29711K(83392K), 0.0021254 secs]
57.469: [GC
Desired survivor size 1343488 bytes, new threshold 4 (max 4)
- age   1:     205928 bytes,     205928 total
- age   2:     134592 bytes,     340520 total
- age   3:      68664 bytes,     409184 total
- age   4:     253144 bytes,     662328 total
 45706K->29595K(83392K), 0.0018894 secs]
57.482: [GC
Desired survivor size 1343488 bytes, new threshold 4 (max 4)
- age   1:     921752 bytes,     921752 total
- age   2:      27472 bytes,     949224 total
- age   3:      69200 bytes,    1018424 total
- age   4:      68664 bytes,    1087088 total
 45470K->30255K(83392K), 0.0019676 secs]
57.508: [GC
Desired survivor size 1343488 bytes, new threshold 4 (max 4)
- age   1:     155128 bytes,     155128 total
- age   2:     341016 bytes,     496144 total
- age   3:      27472 bytes,     523616 total
- age   4:      69200 bytes,     592816 total
 46255K->29847K(83392K), 0.0013775 secs]
57.523: [GC
Desired survivor size 1343488 bytes, new threshold 4 (max 4)
- age   1:     125120 bytes,     125120 total
- age   2:     110304 bytes,     235424 total
- age   3:     299848 bytes,     535272 total
- age   4:      27440 bytes,     562712 total
 45841K->29895K(83392K), 0.0015037 secs]
57.536: [GC
Desired survivor size 1343488 bytes, new threshold 3 (max 4)
- age   1:    1289120 bytes,    1289120 total
- age   2:      20168 bytes,    1309288 total
- age   3:     110304 bytes,    1419592 total
- age   4:     299848 bytes,    1719440 total
 45885K->31045K(83392K), 0.0023539 secs]
57.550: [GC
Desired survivor size 1343488 bytes, new threshold 2 (max 4)
- age   1:     561344 bytes,     561344 total
- age   2:    1199496 bytes,    1760840 total
- age   3:      20168 bytes,    1781008 total
 46995K->31501K(83392K), 0.0027060 secs]
57.566: [GC
Desired survivor size 1343488 bytes, new threshold 4 (max 4)
- age   1:     452000 bytes,     452000 total
- age   2:     534720 bytes,     986720 total
 47466K->31671K(83392K), 0.0027401 secs]
57.585: [GC
Desired survivor size 1343488 bytes, new threshold 2 (max 4)
- age   1:    1057256 bytes,    1057256 total
- age   2:     307400 bytes,    1364656 total
- age   3:     479640 bytes,    1844296 total
 47641K->32463K(83392K), 0.0021930 secs]
57.598: [GC
Desired survivor size 1343488 bytes, new threshold 4 (max 4)
- age   1:     260336 bytes,     260336 total
- age   2:    1000448 bytes,    1260784 total
 48454K->32307K(83392K), 0.0024653 secs]
57.612: [GC
Desired survivor size 1343488 bytes, new threshold 3 (max 4)
- age   1:     407856 bytes,     407856 total
- age   2:     199680 bytes,     607536 total
- age   3:    1000448 bytes,    1607984 total
 48297K->32646K(83392K), 0.0026087 secs]
57.627: [GC
Desired survivor size 1343488 bytes, new threshold 4 (max 4)
- age   1:     788320 bytes,     788320 total
- age   2:     141600 bytes,     929920 total
- age   3:      99664 bytes,    1029584 total
 48646K->33059K(83392K), 0.0022732 secs]
57.640: [GC
Desired survivor size 1343488 bytes, new threshold 4 (max 4)
- age   1:     266440 bytes,     266440 total
- age   2:     720760 bytes,     987200 total
- age   3:     141600 bytes,    1128800 total
- age   4:      99664 bytes,    1228464 total
 49059K->33253K(83392K), 0.0018978 secs]
57.653: [GC
Desired survivor size 1343488 bytes, new threshold 4 (max 4)
- age   1:     530688 bytes,     530688 total
- age   2:     203576 bytes,     734264 total
- age   3:     439136 bytes,    1173400 total
- age   4:     121576 bytes,    1294976 total
 49253K->33416K(83392K), 0.0024757 secs]
57.667: [GC
Desired survivor size 1343488 bytes, new threshold 4 (max 4)
- age   1:     429416 bytes,     429416 total
- age   2:     474824 bytes,     904240 total
- age   3:     203576 bytes,    1107816 total
- age   4:     174248 bytes,    1282064 total
 49413K->33522K(83392K), 0.0023805 secs]
57.681: [GC
Desired survivor size 1343488 bytes, new threshold 4 (max 4)
- age   1:     276488 bytes,     276488 total
- age   2:     259256 bytes,     535744 total
- age   3:     474824 bytes,    1010568 total
- age   4:     203576 bytes,    1214144 total
 49493K->33626K(83392K), 0.0021119 secs]
57.695: [GC
Desired survivor size 1343488 bytes, new threshold 3 (max 4)
- age   1:     936472 bytes,     936472 total
- age   2:     239752 bytes,    1176224 total
- age   3:     259256 bytes,    1435480 total
- age   4:     474824 bytes,    1910304 total
 49615K->34505K(83392K), 0.0028374 secs]
57.710: [GC
Desired survivor size 1343488 bytes, new threshold 4 (max 4)
- age   1:     516304 bytes,     516304 total
- age   2:     534344 bytes,    1050648 total
- age   3:     239752 bytes,    1290400 total
 50458K->34616K(83392K), 0.0026816 secs]
57.724: [GC
Desired survivor size 1343488 bytes, new threshold 4 (max 4)
- age   1:     351824 bytes,     351824 total
- age   2:     447128 bytes,     798952 total
- age   3:     146304 bytes,     945256 total
- age   4:     130584 bytes,    1075840 total
 50615K->34407K(83392K), 0.0019861 secs]
57.739: [GC
Desired survivor size 1343488 bytes, new threshold 4 (max 4)
- age   1:     874416 bytes,     874416 total
- age   2:     138432 bytes,    1012848 total
- age   3:     284144 bytes,    1296992 total
- age   4:     146304 bytes,    1443296 total
 50358K->34894K(83392K), 0.0020257 secs]
57.752: [GC
Desired survivor size 1343488 bytes, new threshold 2 (max 4)
- age   1:     724744 bytes,     724744 total
- age   2:     630880 bytes,    1355624 total
- age   3:        120 bytes,    1355744 total
- age   4:     167216 bytes,    1522960 total
 50825K->35119K(83392K), 0.0021421 secs]
57.766: [GC
Desired survivor size 1343488 bytes, new threshold 4 (max 4)
- age   1:     388592 bytes,     388592 total
- age   2:     724744 bytes,    1113336 total
 51116K->35493K(83392K), 0.0027525 secs]
57.782: [GC
Desired survivor size 1343488 bytes, new threshold 4 (max 4)
- age   1:     363480 bytes,     363480 total
- age   2:     169000 bytes,     532480 total
- age   3:     640232 bytes,    1172712 total
 51476K->35551K(83392K), 0.0015818 secs]
57.795: [GC
Desired survivor size 1343488 bytes, new threshold 4 (max 4)
- age   1:     224000 bytes,     224000 total
- age   2:     173832 bytes,     397832 total
- age   3:     169000 bytes,     566832 total
- age   4:     422704 bytes,     989536 total
 51524K->35372K(83392K), 0.0015827 secs]
57.809: [GC
Desired survivor size 1343488 bytes, new threshold 4 (max 4)
- age   1:     353448 bytes,     353448 total
- age   2:     161272 bytes,     514720 total
- age   3:     173832 bytes,     688552 total
- age   4:     169000 bytes,     857552 total
 51338K->35322K(83392K), 0.0016440 secs]
57.827: [GC
Desired survivor size 1343488 bytes, new threshold 4 (max 4)
- age   1:     194000 bytes,     194000 total
- age   2:     314488 bytes,     508488 total
- age   3:     161272 bytes,     669760 total
- age   4:     173832 bytes,     843592 total
 51311K->35470K(83392K), 0.0015056 secs]
57.840: [GC
Desired survivor size 1343488 bytes, new threshold 4 (max 4)
- age   1:     263920 bytes,     263920 total
- age   2:      96928 bytes,     360848 total
- age   3:     314448 bytes,     675296 total
- age   4:     161272 bytes,     836568 total
 51462K->35633K(83392K), 0.0016423 secs]
57.855: [GC
Desired survivor size 1343488 bytes, new threshold 4 (max 4)
- age   1:     487152 bytes,     487152 total
- age   3:      95800 bytes,     582952 total
- age   4:     314448 bytes,     897400 total
 51625K->35852K(83392K), 0.0015584 secs]
57.869: [GC
Desired survivor size 1343488 bytes, new threshold 4 (max 4)
- age   1:     232776 bytes,     232776 total
- age   2:     432064 bytes,     664840 total
- age   4:       1440 bytes,     666280 total
 51850K->35875K(83392K), 0.0015583 secs]
57.882: [GC
Desired survivor size 1343488 bytes, new threshold 4 (max 4)
- age   1:     590464 bytes,     590464 total
- age   2:      65304 bytes,     655768 total
- age   3:     432064 bytes,    1087832 total
 51826K->36289K(83392K), 0.0017609 secs]
57.896: [GC
Desired survivor size 1343488 bytes, new threshold 4 (max 4)
- age   1:     561696 bytes,     561696 total
- age   2:     457088 bytes,    1018784 total
- age   3:      65304 bytes,    1084088 total
- age   4:     432064 bytes,    1516152 total
 52225K->36704K(83392K), 0.0021788 secs]
57.909: [GC
Desired survivor size 1343488 bytes, new threshold 3 (max 4)
- age   1:     668720 bytes,     668720 total
- age   2:     477512 bytes,    1146232 total
- age   3:     457088 bytes,    1603320 total
- age   4:      65304 bytes,    1668624 total
 52645K->37279K(83392K), 0.0028569 secs]
57.938: [GC
Desired survivor size 1343488 bytes, new threshold 2 (max 4)
- age   1:    1234176 bytes,    1234176 total
- age   2:     582272 bytes,    1816448 total
- age   3:     168288 bytes,    1984736 total
 53279K->37892K(83392K), 0.0027151 secs]
57.954: [GC
Desired survivor size 1343488 bytes, new threshold 2 (max 4)
- age   1:     182904 bytes,     182904 total
- age   2:    1232184 bytes,    1415088 total
 53869K->38003K(83392K), 0.0028637 secs]
57.972: [GC
Desired survivor size 1343488 bytes, new threshold 4 (max 4)
- age   1:     345872 bytes,     345872 total
- age   2:     112992 bytes,     458864 total
 53975K->38271K(83392K), 0.0024903 secs]
57.986: [GC
Desired survivor size 1343488 bytes, new threshold 4 (max 4)
- age   1:     466232 bytes,     466232 total
- age   2:     305776 bytes,     772008 total
- age   3:     112992 bytes,     885000 total
 54228K->38688K(83392K), 0.0017903 secs]
58.001: [GC
Desired survivor size 1343488 bytes, new threshold 4 (max 4)
- age   1:     472112 bytes,     472112 total
- age   2:     382128 bytes,     854240 total
- age   3:     149760 bytes,    1004000 total
- age   4:      45536 bytes,    1049536 total
 54679K->38849K(83392K), 0.0016837 secs]
58.015: [GC
Desired survivor size 1343488 bytes, new threshold 4 (max 4)
- age   1:     498232 bytes,     498232 total
- age   2:     441888 bytes,     940120 total
- age   3:     382128 bytes,    1322248 total
- age   4:     111000 bytes,    1433248 total
 54843K->39234K(83392K), 0.0019588 secs]
58.028: [GC
Desired survivor size 1343488 bytes, new threshold 4 (max 4)
- age   1:     500824 bytes,     500824 total
- age   2:     288344 bytes,     789168 total
- age   3:     441888 bytes,    1231056 total
- age   4:     382128 bytes,    1613184 total
 55230K->39514K(83392K), 0.0026688 secs]
58.043: [GC
Desired survivor size 1343488 bytes, new threshold 4 (max 4)
- age   1:     297096 bytes,     297096 total
- age   2:     410360 bytes,     707456 total
- age   3:     118632 bytes,     826088 total
- age   4:     382688 bytes,    1208776 total
 55425K->39390K(83392K), 0.0020137 secs]
58.057: [GC
Desired survivor size 1343488 bytes, new threshold 4 (max 4)
- age   1:     385304 bytes,     385304 total
- age   2:     235672 bytes,     620976 total
- age   3:     410360 bytes,    1031336 total
- age   4:      84920 bytes,    1116256 total
 55390K->39675K(83392K), 0.0019271 secs]
58.072: [GC
Desired survivor size 1343488 bytes, new threshold 4 (max 4)
- age   1:     965760 bytes,     965760 total
- age   2:     251704 bytes,    1217464 total
- age   3:     100168 bytes,    1317632 total
- age   4:     364944 bytes,    1682576 total
 55608K->40227K(83392K), 0.0020993 secs]
58.086: [GC
Desired survivor size 1343488 bytes, new threshold 3 (max 4)
- age   1:     448336 bytes,     448336 total
- age   2:     748408 bytes,    1196744 total
- age   3:     251704 bytes,    1448448 total
- age   4:     100168 bytes,    1548616 total
 56214K->40097K(83392K), 0.0021392 secs]
58.099: [GC
Desired survivor size 1343488 bytes, new threshold 1 (max 4)
- age   1:    1436328 bytes,    1436328 total
- age   2:     341464 bytes,    1777792 total
- age   3:     748408 bytes,    2526200 total
 56037K->41217K(83392K), 0.0035224 secs]
58.115: [GC
Desired survivor size 1343488 bytes, new threshold 4 (max 4)
- age   1:     243120 bytes,     243120 total
 57210K->40941K(83392K), 0.0023534 secs]
58.129: [GC
Desired survivor size 1343488 bytes, new threshold 4 (max 4)
- age   1:     892552 bytes,     892552 total
- age   2:     242992 bytes,    1135544 total
 56896K->41812K(83392K), 0.0019669 secs]
58.144: [GC
Desired survivor size 1343488 bytes, new threshold 3 (max 4)
- age   1:     479784 bytes,     479784 total
- age   2:     779840 bytes,    1259624 total
- age   3:     149712 bytes,    1409336 total
 57809K->42079K(83392K), 0.0019490 secs]
58.157: [GC
Desired survivor size 1343488 bytes, new threshold 3 (max 4)
- age   1:     231280 bytes,     231280 total
- age   2:     411208 bytes,     642488 total
- age   3:     779840 bytes,    1422328 total
 58065K->42236K(83392K), 0.0031074 secs]
58.172: [GC
Desired survivor size 1343488 bytes, new threshold 4 (max 4)
- age   1:     749272 bytes,     749272 total
- age   2:     157600 bytes,     906872 total
- age   3:     411208 bytes,    1318080 total
 58223K->42898K(83392K), 0.0035397 secs]
58.189: [GC
Desired survivor size 1343488 bytes, new threshold 4 (max 4)
- age   1:     279352 bytes,     279352 total
- age   2:     610728 bytes,     890080 total
- age   3:     157600 bytes,    1047680 total
- age   4:     411208 bytes,    1458888 total
 58895K->43036K(83392K), 0.0017777 secs]
58.203: [GC
Desired survivor size 1343488 bytes, new threshold 3 (max 4)
- age   1:     607120 bytes,     607120 total
- age   2:     197560 bytes,     804680 total
- age   3:     610728 bytes,    1415408 total
- age   4:     101624 bytes,    1517032 total
 58998K->43457K(83392K), 0.0022620 secs]
58.219: [GC
Desired survivor size 1343488 bytes, new threshold 4 (max 4)
- age   1:     471328 bytes,     471328 total
- age   2:     522472 bytes,     993800 total
- age   3:     197560 bytes,    1191360 total
 59439K->43832K(83392K), 0.0025249 secs]
58.237: [GC
Desired survivor size 1343488 bytes, new threshold 3 (max 4)
- age   1:    1015584 bytes,    1015584 total
- age   2:     179480 bytes,    1195064 total
- age   3:     466592 bytes,    1661656 total
- age   4:     197560 bytes,    1859216 total
 59832K->44486K(83392K), 0.0023193 secs]
58.253: [GC
Desired survivor size 1343488 bytes, new threshold 2 (max 4)
- age   1:     904288 bytes,     904288 total
- age   2:     626984 bytes,    1531272 total
- age   3:     179480 bytes,    1710752 total
 60467K->44514K(83392K), 0.0027146 secs]
58.267: [GC
Desired survivor size 1343488 bytes, new threshold 4 (max 4)
- age   1:     333424 bytes,     333424 total
- age   2:     838968 bytes,    1172392 total
 60494K->44718K(83392K), 0.0027565 secs]
58.285: [GC
Desired survivor size 1343488 bytes, new threshold 3 (max 4)
- age   1:     743912 bytes,     743912 total
- age   2:     195120 bytes,     939032 total
- age   3:     838968 bytes,    1778000 total
 60602K->45307K(83392K), 0.0031235 secs]
58.301: [GC
Desired survivor size 1343488 bytes, new threshold 4 (max 4)
- age   1:     312240 bytes,     312240 total
- age   2:     664480 bytes,     976720 total
- age   3:     195120 bytes,    1171840 total
 61262K->45086K(83392K), 0.0022873 secs]
58.321: [GC
Desired survivor size 1343488 bytes, new threshold 4 (max 4)
- age   1:     339408 bytes,     339408 total
- age   2:     225776 bytes,     565184 total
- age   3:     370392 bytes,     935576 total
- age   4:      65264 bytes,    1000840 total
 61053K->44922K(83392K), 0.0015870 secs]
58.337: [GC
Desired survivor size 1343488 bytes, new threshold 4 (max 4)
- age   1:     538056 bytes,     538056 total
- age   2:       9384 bytes,     547440 total
- age   3:     225776 bytes,     773216 total
- age   4:     370392 bytes,    1143608 total
 60889K->45132K(83392K), 0.0016562 secs]
58.351: [GC
Desired survivor size 1343488 bytes, new threshold 2 (max 4)
- age   1:     898584 bytes,     898584 total
- age   2:     484712 bytes,    1383296 total
- age   3:       9024 bytes,    1392320 total
- age   4:     223552 bytes,    1615872 total
 61113K->45949K(83392K), 0.0026776 secs]
58.365: [GC
Desired survivor size 1343488 bytes, new threshold 4 (max 4)
- age   1:     108016 bytes,     108016 total
- age   2:     877464 bytes,     985480 total
 61924K->45898K(83392K), 0.0029784 secs]
58.383: [GC
Desired survivor size 1343488 bytes, new threshold 2 (max 4)
- age   1:    1316096 bytes,    1316096 total
- age   2:      30576 bytes,    1346672 total
- age   3:     576256 bytes,    1922928 total
 61890K->46807K(83392K), 0.0025490 secs]
58.398: [GC
Desired survivor size 1343488 bytes, new threshold 2 (max 4)
- age   1:     299800 bytes,     299800 total
- age   2:    1168760 bytes,    1468560 total
 62752K->46789K(83392K), 0.0023993 secs]
58.416: [GC
Desired survivor size 1343488 bytes, new threshold 2 (max 4)
- age   1:    1152512 bytes,    1152512 total
- age   2:     239616 bytes,    1392128 total
 62751K->47856K(83392K), 0.0029825 secs]
58.430: [GC
Desired survivor size 1343488 bytes, new threshold 4 (max 4)
- age   1:     209144 bytes,     209144 total
- age   2:    1018912 bytes,    1228056 total
 63724K->47930K(83392K), 0.0022540 secs]
58.445: [GC
Desired survivor size 1343488 bytes, new threshold 4 (max 4)
- age   1:     320512 bytes,     320512 total
- age   2:     139064 bytes,     459576 total
- age   3:     739504 bytes,    1199080 total
 63908K->47902K(83392K), 0.0019175 secs]
58.460: [GC
Desired survivor size 1343488 bytes, new threshold 4 (max 4)
- age   1:     546880 bytes,     546880 total
- age   2:     165672 bytes,     712552 total
- age   3:     139064 bytes,     851616 total
- age   4:     615424 bytes,    1467040 total
 63867K->48163K(83392K), 0.0028129 secs]
58.476: [GC
Desired survivor size 1343488 bytes, new threshold 4 (max 4)
- age   1:     312080 bytes,     312080 total
- age   2:     474136 bytes,     786216 total
- age   3:      30744 bytes,     816960 total
- age   4:     139064 bytes,     956024 total
 64160K->48265K(83392K), 0.0030082 secs]
58.491: [GC
Desired survivor size 1343488 bytes, new threshold 3 (max 4)
- age   1:     649832 bytes,     649832 total
- age   2:     234640 bytes,     884472 total
- age   3:     474136 bytes,    1358608 total
- age   4:      30744 bytes,    1389352 total
 64265K->48824K(83392K), 0.0022847 secs]
58.505: [GC
Desired survivor size 1343488 bytes, new threshold 3 (max 4)
- age   1:     644776 bytes,     644776 total
- age   2:     569856 bytes,    1214632 total
- age   3:     234640 bytes,    1449272 total
 64807K->49111K(83392K), 0.0027197 secs]
58.522: [GC
Desired survivor size 1343488 bytes, new threshold 3 (max 4)
- age   1:     494280 bytes,     494280 total
- age   2:     573152 bytes,    1067432 total
- age   3:     569088 bytes,    1636520 total
 65111K->49523K(83392K), 0.0023089 secs]
58.536: [GC
Desired survivor size 1343488 bytes, new threshold 4 (max 4)
- age   1:     298440 bytes,     298440 total
- age   2:     489912 bytes,     788352 total
- age   3:     407760 bytes,    1196112 total
 65518K->49498K(83392K), 0.0023986 secs]
58.550: [GC
Desired survivor size 1343488 bytes, new threshold 4 (max 4)
- age   1:     333664 bytes,     333664 total
- age   2:     260392 bytes,     594056 total
- age   3:     489912 bytes,    1083968 total
- age   4:     162768 bytes,    1246736 total
 65475K->49542K(83392K), 0.0017519 secs]
58.565: [GC
Desired survivor size 1343488 bytes, new threshold 4 (max 4)
- age   1:     200456 bytes,     200456 total
- age   2:     224632 bytes,     425088 total
- age   3:     175992 bytes,     601080 total
- age   4:     489912 bytes,    1090992 total
 65524K->49551K(83392K), 0.0023863 secs]
58.579: [GC
Desired survivor size 1343488 bytes, new threshold 4 (max 4)
- age   1:     254752 bytes,     254752 total
- age   2:     116736 bytes,     371488 total
- age   3:      57272 bytes,     428760 total
- age   4:      93616 bytes,     522376 total
 65509K->49475K(83392K), 0.0016612 secs]
58.594: [GC
Desired survivor size 1343488 bytes, new threshold 4 (max 4)
- age   1:    1017216 bytes,    1017216 total
- age   2:         72 bytes,    1017288 total
- age   3:      83744 bytes,    1101032 total
 65465K->50046K(83392K), 0.0029672 secs]
58.609: [GC
Desired survivor size 1343488 bytes, new threshold 2 (max 4)
- age   1:     601264 bytes,     601264 total
- age   2:     871616 bytes,    1472880 total
- age   3:         40 bytes,    1472920 total
 66042K->50404K(83392K), 0.0026279 secs]
58.629: [GC
Desired survivor size 1343488 bytes, new threshold 4 (max 4)
- age   1:     493320 bytes,     493320 total
- age   2:     381176 bytes,     874496 total
 66376K->50351K(83392K), 0.0018929 secs]
58.642: [GC
Desired survivor size 1343488 bytes, new threshold 4 (max 4)
- age   1:     137320 bytes,     137320 total
- age   2:     402448 bytes,     539768 total
- age   3:     381176 bytes,     920944 total
 66342K->50397K(83392K), 0.0015074 secs]
58.657: [GC
Desired survivor size 1343488 bytes, new threshold 4 (max 4)
- age   1:     215280 bytes,     215280 total
- age   2:      61992 bytes,     277272 total
- age   3:     338992 bytes,     616264 total
- age   4:     381176 bytes,     997440 total
 66371K->50471K(83392K), 0.0015124 secs]
58.670: [GC
Desired survivor size 1343488 bytes, new threshold 4 (max 4)
- age   1:     335832 bytes,     335832 total
- age   2:     175176 bytes,     511008 total
- age   3:      61992 bytes,     573000 total
- age   4:     338992 bytes,     911992 total
 66452K->50651K(83392K), 0.0023240 secs]
58.688: [GC
Desired survivor size 1343488 bytes, new threshold 4 (max 4)
- age   1:     128264 bytes,     128264 total
- age   2:     295648 bytes,     423912 total
- age   3:     173584 bytes,     597496 total
- age   4:      61992 bytes,     659488 total
 66647K->50742K(83392K), 0.0020544 secs]
58.701: [GC
Desired survivor size 1343488 bytes, new threshold 4 (max 4)
- age   1:     264408 bytes,     264408 total
- age   2:      31576 bytes,     295984 total
- age   3:     154832 bytes,     450816 total
- age   4:     173472 bytes,     624288 total
 66733K->50770K(83392K), 0.0019735 secs]
58.714: [GC
Desired survivor size 1343488 bytes, new threshold 4 (max 4)
- age   1:     764176 bytes,     764176 total
- age   2:     107016 bytes,     871192 total
- age   3:      14864 bytes,     886056 total
 66739K->51044K(83392K), 0.0017336 secs]
58.727: [GC
Desired survivor size 1343488 bytes, new threshold 4 (max 4)
- age   1:     179776 bytes,     179776 total
- age   2:     631888 bytes,     811664 total
- age   3:       2424 bytes,     814088 total
- age   4:      14864 bytes,     828952 total
 67013K->50986K(83392K), 0.0020329 secs]
58.741: [GC
Desired survivor size 1343488 bytes, new threshold 4 (max 4)
- age   1:     793952 bytes,     793952 total
- age   2:     141016 bytes,     934968 total
- age   3:     399648 bytes,    1334616 total
- age   4:       2424 bytes,    1337040 total
 66928K->51500K(83392K), 0.0017596 secs]
58.756: [GC
Desired survivor size 1343488 bytes, new threshold 2 (max 4)
- age   1:     790496 bytes,     790496 total
- age   2:     642184 bytes,    1432680 total
- age   3:     141016 bytes,    1573696 total
- age   4:     170568 bytes,    1744264 total
 67483K->51890K(83392K), 0.0020366 secs]
58.770: [GC
Desired survivor size 1343488 bytes, new threshold 4 (max 4)
- age   1:     446144 bytes,     446144 total
- age   2:     543984 bytes,     990128 total
 67843K->51936K(83392K), 0.0023458 secs]
58.783: [GC
Desired survivor size 1343488 bytes, new threshold 4 (max 4)
- age   1:     225424 bytes,     225424 total
- age   2:     420072 bytes,     645496 total
- age   3:     503944 bytes,    1149440 total
 67933K->52091K(83392K), 0.0018023 secs]
58.798: [GC
Desired survivor size 1343488 bytes, new threshold 3 (max 4)
- age   1:     912312 bytes,     912312 total
- age   2:     128856 bytes,    1041168 total
- age   3:     335824 bytes,    1376992 total
- age   4:     168256 bytes,    1545248 total
 68090K->52476K(83392K), 0.0026770 secs]
58.813: [GC
Desired survivor size 1343488 bytes, new threshold 4 (max 4)
- age   1:     346584 bytes,     346584 total
- age   2:     485080 bytes,     831664 total
- age   3:     128824 bytes,     960488 total
 68472K->52398K(83392K), 0.0020082 secs]
58.829: [GC
Desired survivor size 1343488 bytes, new threshold 4 (max 4)
- age   1:     365912 bytes,     365912 total
- age   2:      84704 bytes,     450616 total
- age   3:     405392 bytes,     856008 total
- age   4:     128824 bytes,     984832 total
 68372K->52422K(83392K), 0.0017619 secs]
58.843: [GC
Desired survivor size 1343488 bytes, new threshold 4 (max 4)
- age   1:     228488 bytes,     228488 total
- age   2:        680 bytes,     229168 total
- age   3:      84704 bytes,     313872 total
- age   4:     405392 bytes,     719264 total
 68422K->52288K(83392K), 0.0018212 secs]
58.856: [GC
Desired survivor size 1343488 bytes, new threshold 4 (max 4)
- age   1:     201752 bytes,     201752 total
- age   2:       4808 bytes,     206560 total
- age   3:        680 bytes,     207240 total
- age   4:      84704 bytes,     291944 total
 68264K->52268K(83392K), 0.0017234 secs]
58.871: [GC
Desired survivor size 1343488 bytes, new threshold 4 (max 4)
- age   1:     760672 bytes,     760672 total
- age   2:     145384 bytes,     906056 total
- age   3:       4808 bytes,     910864 total
- age   4:        680 bytes,     911544 total
 68240K->52955K(83392K), 0.0017250 secs]
58.886: [GC
Desired survivor size 1343488 bytes, new threshold 1 (max 4)
- age   1:    1350608 bytes,    1350608 total
- age   2:     640904 bytes,    1991512 total
- age   3:     145384 bytes,    2136896 total
- age   4:       4808 bytes,    2141704 total
 68910K->54158K(83392K), 0.0026876 secs]
58.903: [GC
Desired survivor size 1343488 bytes, new threshold 4 (max 4)
- age   1:     487216 bytes,     487216 total
 70121K->54166K(83392K), 0.0044914 secs]
58.909: [GC 55857K(83392K), 0.0006872 secs]
58.925: [GC
Desired survivor size 1343488 bytes, new threshold 4 (max 4)
- age   1:     433888 bytes,     433888 total
- age   2:     427304 bytes,     861192 total
 70166K->54529K(83392K), 0.0025430 secs]
58.948: [GC
Desired survivor size 1343488 bytes, new threshold 4 (max 4)
- age   1:     405568 bytes,     405568 total
- age   2:     309912 bytes,     715480 total
- age   3:     119728 bytes,     835208 total
 70529K->54504K(83392K), 0.0013365 secs]
58.963: [GC
Desired survivor size 1343488 bytes, new threshold 4 (max 4)
- age   1:     266152 bytes,     266152 total
- age   2:     385488 bytes,     651640 total
- age   3:       4248 bytes,     655888 total
 70499K->54334K(83392K), 0.0019566 secs]
58.979: [GC
Desired survivor size 1343488 bytes, new threshold 4 (max 4)
- age   1:     185072 bytes,     185072 total
- age   2:      63120 bytes,     248192 total
- age   3:     385488 bytes,     633680 total
- age   4:       4248 bytes,     637928 total
 70334K->54322K(83392K), 0.0017309 secs]
58.994: [GC
Desired survivor size 1343488 bytes, new threshold 4 (max 4)
- age   1:     359384 bytes,     359384 total
- age   2:     109648 bytes,     469032 total
- age   3:      63120 bytes,     532152 total
- age   4:     385488 bytes,     917640 total
 70322K->54603K(83392K), 0.0022703 secs]
59.012: [GC
Desired survivor size 1343488 bytes, new threshold 4 (max 4)
- age   1:     217480 bytes,     217480 total
- age   2:     272616 bytes,     490096 total
- age   3:     109648 bytes,     599744 total
- age   4:      63120 bytes,     662864 total
 70603K->54716K(83392K), 0.0031048 secs]
59.027: [GC
Desired survivor size 1343488 bytes, new threshold 4 (max 4)
- age   1:     354968 bytes,     354968 total
- age   2:     173288 bytes,     528256 total
- age   3:     177632 bytes,     705888 total
- age   4:        360 bytes,     706248 total
 70667K->54826K(83392K), 0.0014595 secs]
59.042: [GC
Desired survivor size 1343488 bytes, new threshold 4 (max 4)
- age   1:     105472 bytes,     105472 total
- age   2:     234456 bytes,     339928 total
- age   3:     173288 bytes,     513216 total
- age   4:     177632 bytes,     690848 total
 70820K->54805K(83392K), 0.0021349 secs]
59.055: [GC
Desired survivor size 1343488 bytes, new threshold 4 (max 4)
- age   1:     762624 bytes,     762624 total
- age   2:      65984 bytes,     828608 total
- age   3:     135608 bytes,     964216 total
- age   4:     173288 bytes,    1137504 total
 70780K->55425K(83392K), 0.0022361 secs]
59.076: [GC
Desired survivor size 1343488 bytes, new threshold 4 (max 4)
- age   1:     494192 bytes,     494192 total
- age   2:     428488 bytes,     922680 total
- age   3:      65984 bytes,     988664 total
- age   4:     135608 bytes,    1124272 total
 71425K->55580K(83392K), 0.0017779 secs]
59.092: [GC
Desired survivor size 1343488 bytes, new threshold 4 (max 4)
- age   1:     664664 bytes,     664664 total
- age   2:      77320 bytes,     741984 total
- age   3:     324264 bytes,    1066248 total
- age   4:      65984 bytes,    1132232 total
 71571K->55729K(83392K), 0.0022604 secs]
59.107: [GC
Desired survivor size 1343488 bytes, new threshold 4 (max 4)
- age   1:     485024 bytes,     485024 total
- age   2:     255936 bytes,     740960 total
- age   3:      77320 bytes,     818280 total
- age   4:     324264 bytes,    1142544 total
 71715K->55805K(83392K), 0.0018586 secs]
59.113: [GC 58663K(83392K), 0.0014034 secs]
59.126: [GC
Desired survivor size 1343488 bytes, new threshold 4 (max 4)
- age   1:     606896 bytes,     606896 total
- age   2:     163768 bytes,     770664 total
- age   3:     199840 bytes,     970504 total
- age   4:      77320 bytes,    1047824 total
 63699K->47870K(83392K), 0.0019211 secs]
59.142: [GC
Desired survivor size 1343488 bytes, new threshold 4 (max 4)
- age   1:     296000 bytes,     296000 total
- age   2:     477176 bytes,     773176 total
- age   3:     163768 bytes,     936944 total
- age   4:     199840 bytes,    1136784 total
 25537K->9717K(83392K), 0.0019572 secs]
59.156: [GC
Desired survivor size 1343488 bytes, new threshold 4 (max 4)
- age   1:     172344 bytes,     172344 total
- age   2:     140096 bytes,     312440 total
- age   3:     393896 bytes,     706336 total
- age   4:     163768 bytes,     870104 total
 25707K->9651K(83392K), 0.0016401 secs]
59.169: [GC
Desired survivor size 1343488 bytes, new threshold 4 (max 4)
- age   1:     459184 bytes,     459184 total
- age   2:     134080 bytes,     593264 total
- age   3:     140096 bytes,     733360 total
- age   4:     241504 bytes,     974864 total
 25632K->9924K(83392K), 0.0020222 secs]
59.184: [GC
Desired survivor size 1343488 bytes, new threshold 4 (max 4)
- age   1:     431816 bytes,     431816 total
- age   2:     340640 bytes,     772456 total
- age   3:      86512 bytes,     858968 total
- age   4:     140096 bytes,     999064 total
 25921K->10057K(83392K), 0.0022355 secs]
59.199: [GC
Desired survivor size 1343488 bytes, new threshold 4 (max 4)
- age   1:     338912 bytes,     338912 total
- age   2:         32 bytes,     338944 total
- age   3:     221904 bytes,     560848 total
- age   4:      86352 bytes,     647200 total
 26054K->9848K(83392K), 0.0012892 secs]
59.213: [GC
Desired survivor size 1343488 bytes, new threshold 4 (max 4)
- age   1:     750872 bytes,     750872 total
- age   2:     187808 bytes,     938680 total
- age   3:         32 bytes,     938712 total
- age   4:     221904 bytes,    1160616 total
 25802K->10434K(83392K), 0.0019474 secs]
59.227: [GC
Desired survivor size 1343488 bytes, new threshold 4 (max 4)
- age   1:     295448 bytes,     295448 total
- age   2:     402080 bytes,     697528 total
- age   3:     119736 bytes,     817264 total
 26432K->10315K(83392K), 0.0022943 secs]
59.242: [GC
Desired survivor size 1343488 bytes, new threshold 4 (max 4)
- age   1:     543928 bytes,     543928 total
- age   2:      46840 bytes,     590768 total
- age   3:     220912 bytes,     811680 total
- age   4:     119736 bytes,     931416 total
 26311K->10425K(83392K), 0.0017535 secs]
59.257: [GC
Desired survivor size 1343488 bytes, new threshold 4 (max 4)
- age   1:     590136 bytes,     590136 total
- age   2:      10336 bytes,     600472 total
- age   3:      46840 bytes,     647312 total
- age   4:     220912 bytes,     868224 total
 26424K->10367K(83392K), 0.0012735 secs]
59.270: [GC
Desired survivor size 1343488 bytes, new threshold 4 (max 4)
- age   1:     502968 bytes,     502968 total
- age   2:     463800 bytes,     966768 total
- age   3:      10656 bytes,     977424 total
- age   4:      46840 bytes,    1024264 total
 26296K->10734K(83392K), 0.0015884 secs]
59.284: [GC
Desired survivor size 1343488 bytes, new threshold 4 (max 4)
- age   1:     291864 bytes,     291864 total
- age   2:     424136 bytes,     716000 total
- age   3:     308856 bytes,    1024856 total
- age   4:      10296 bytes,    1035152 total
 26725K->10792K(83392K), 0.0014157 secs]
59.297: [GC
Desired survivor size 1343488 bytes, new threshold 4 (max 4)
- age   1:     421704 bytes,     421704 total
- age   2:     265240 bytes,     686944 total
- age   3:     424136 bytes,    1111080 total
- age   4:     179720 bytes,    1290800 total
 26774K->11056K(83392K), 0.0022069 secs]
59.310: [GC
Desired survivor size 1343488 bytes, new threshold 4 (max 4)
- age   1:      96544 bytes,      96544 total
- age   2:     367872 bytes,     464416 total
- age   3:     265240 bytes,     729656 total
- age   4:     424136 bytes,    1153792 total
 27022K->11036K(83392K), 0.0032262 secs]
59.324: [GC
Desired survivor size 1343488 bytes, new threshold 4 (max 4)
- age   1:     700904 bytes,     700904 total
- age   2:      36632 bytes,     737536 total
- age   3:     216568 bytes,     954104 total
- age   4:     265240 bytes,    1219344 total
 26992K->11514K(83392K), 0.0023810 secs]
59.338: [GC
Desired survivor size 1343488 bytes, new threshold 4 (max 4)
- age   1:     376184 bytes,     376184 total
- age   2:     569184 bytes,     945368 total
- age   3:      36632 bytes,     982000 total
- age   4:     216568 bytes,    1198568 total
 27485K->11598K(83392K), 0.0018428 secs]
59.351: [GC
Desired survivor size 1343488 bytes, new threshold 3 (max 4)
- age   1:     560384 bytes,     560384 total
- age   2:     306192 bytes,     866576 total
- age   3:     569184 bytes,    1435760 total
- age   4:      36632 bytes,    1472392 total
 27551K->12077K(83392K), 0.0024616 secs]
59.365: [GC
Desired survivor size 1343488 bytes, new threshold 4 (max 4)
- age   1:     264512 bytes,     264512 total
- age   2:     408608 bytes,     673120 total
- age   3:     306192 bytes,     979312 total
 28059K->12153K(83392K), 0.0029920 secs]
59.380: [GC
Desired survivor size 1343488 bytes, new threshold 4 (max 4)
- age   1:     502640 bytes,     502640 total
- age   2:     211152 bytes,     713792 total
- age   3:     408608 bytes,    1122400 total
- age   4:     306192 bytes,    1428592 total
 28109K->12594K(83392K), 0.0019271 secs]
59.393: [GC
Desired survivor size 1343488 bytes, new threshold 4 (max 4)
- age   1:     678504 bytes,     678504 total
- age   2:     449296 bytes,    1127800 total
- age   3:     211152 bytes,    1338952 total
- age   4:     159672 bytes,    1498624 total
 28576K->12882K(83392K), 0.0023864 secs]
59.407: [GC
Desired survivor size 1343488 bytes, new threshold 3 (max 4)
- age   1:     655376 bytes,     655376 total
- age   2:     620744 bytes,    1276120 total
- age   3:     449296 bytes,    1725416 total
- age   4:      93600 bytes,    1819016 total
 28882K->13351K(83392K), 0.0023594 secs]
59.422: [GC
Desired survivor size 1343488 bytes, new threshold 3 (max 4)
- age   1:     448584 bytes,     448584 total
- age   2:     512168 bytes,     960752 total
- age   3:     536600 bytes,    1497352 total
 29350K->13500K(83392K), 0.0028021 secs]
59.438: [GC
Desired survivor size 1343488 bytes, new threshold 4 (max 4)
- age   1:     301240 bytes,     301240 total
- age   2:     239976 bytes,     541216 total
- age   3:     512168 bytes,    1053384 total
 29497K->13364K(83392K), 0.0016763 secs]
59.451: [GC
Desired survivor size 1343488 bytes, new threshold 4 (max 4)
- age   1:     503040 bytes,     503040 total
- age   2:      73720 bytes,     576760 total
- age   3:     239976 bytes,     816736 total
- age   4:     512168 bytes,    1328904 total
 29310K->13633K(83392K), 0.0016953 secs]
59.466: [GC
Desired survivor size 1343488 bytes, new threshold 4 (max 4)
- age   1:     759936 bytes,     759936 total
- age   2:      57928 bytes,     817864 total
- age   3:         40 bytes,     817904 total
- age   4:     239976 bytes,    1057880 total
 29557K->13868K(83392K), 0.0023843 secs]
59.480: [GC
Desired survivor size 1343488 bytes, new threshold 4 (max 4)
- age   1:     600848 bytes,     600848 total
- age   2:     602008 bytes,    1202856 total
- age   3:      57928 bytes,    1260784 total
 29860K->14066K(83392K), 0.0019789 secs]
59.493: [GC
Desired survivor size 1343488 bytes, new threshold 3 (max 4)
- age   1:     799352 bytes,     799352 total
- age   2:     532368 bytes,    1331720 total
- age   3:     602008 bytes,    1933728 total
- age   4:      57928 bytes,    1991656 total
 30031K->14780K(83392K), 0.0022152 secs]
59.507: [GC
Desired survivor size 1343488 bytes, new threshold 4 (max 4)
- age   1:     429768 bytes,     429768 total
- age   2:     302568 bytes,     732336 total
- age   3:     532368 bytes,    1264704 total
 30723K->14715K(83392K), 0.0022964 secs]
59.522: [GC
Desired survivor size 1343488 bytes, new threshold 3 (max 4)
- age   1:     836368 bytes,     836368 total
- age   2:     281344 bytes,    1117712 total
- age   3:     302568 bytes,    1420280 total
 30638K->14867K(83392K), 0.0018237 secs]
59.536: [GC
Desired survivor size 1343488 bytes, new threshold 4 (max 4)
- age   1:     284336 bytes,     284336 total
- age   2:     753360 bytes,    1037696 total
- age   3:     281344 bytes,    1319040 total
 30746K->15063K(83392K), 0.0019339 secs]
59.550: [GC
Desired survivor size 1343488 bytes, new threshold 4 (max 4)
- age   1:     397648 bytes,     397648 total
- age   3:     670384 bytes,    1068032 total
- age   4:     281344 bytes,    1349376 total
 31036K->15093K(83392K), 0.0021058 secs]
59.568: [GC
Desired survivor size 1343488 bytes, new threshold 4 (max 4)
- age   1:     654848 bytes,     654848 total
- age   2:     339360 bytes,     994208 total
- age   4:     209168 bytes,    1203376 total
 31074K->15179K(83392K), 0.0021408 secs]
59.586: [GC
Desired survivor size 1343488 bytes, new threshold 4 (max 4)
- age   1:     436712 bytes,     436712 total
- age   2:     466160 bytes,     902872 total
- age   3:     339360 bytes,    1242232 total
 31144K->15421K(83392K), 0.0020740 secs]
59.599: [GC
Desired survivor size 1343488 bytes, new threshold 4 (max 4)
- age   1:     671216 bytes,     671216 total
- age   2:     253408 bytes,     924624 total
- age   3:     234968 bytes,    1159592 total
- age   4:     339360 bytes,    1498952 total
 31421K->15675K(83392K), 0.0022185 secs]
59.615: [GC
Desired survivor size 1343488 bytes, new threshold 4 (max 4)
- age   1:     469832 bytes,     469832 total
- age   2:     217144 bytes,     686976 total
- age   3:     251512 bytes,     938488 total
- age   4:     234152 bytes,    1172640 total
 31667K->15691K(83392K), 0.0020346 secs]
59.630: [GC
Desired survivor size 1343488 bytes, new threshold 4 (max 4)
- age   1:     651728 bytes,     651728 total
- age   2:     315344 bytes,     967072 total
- age   3:     217144 bytes,    1184216 total
- age   4:     251480 bytes,    1435696 total
 31682K->16120K(83392K), 0.0026210 secs]
59.645: [GC
Desired survivor size 1343488 bytes, new threshold 4 (max 4)
- age   1:     390128 bytes,     390128 total
- age   2:     625648 bytes,    1015776 total
- age   3:     313800 bytes,    1329576 total
- age   4:     163784 bytes,    1493360 total
 32117K->16428K(83392K), 0.0027226 secs]
59.659: [GC
Desired survivor size 1343488 bytes, new threshold 4 (max 4)
- age   1:     592584 bytes,     592584 total
- age   2:     375592 bytes,     968176 total
- age   3:     214016 bytes,    1182192 total
- age   4:      62400 bytes,    1244592 total
 32423K->16339K(83392K), 0.0019035 secs]
59.673: [GC
Desired survivor size 1343488 bytes, new threshold 3 (max 4)
- age   1:     565208 bytes,     565208 total
- age   2:     502800 bytes,    1068008 total
- age   3:     291312 bytes,    1359320 total
- age   4:     214016 bytes,    1573336 total
 32301K->16676K(83392K), 0.0023058 secs]
59.687: [GC
Desired survivor size 1343488 bytes, new threshold 4 (max 4)
- age   1:     441256 bytes,     441256 total
- age   2:     357096 bytes,     798352 total
- age   3:     502800 bytes,    1301152 total
 32655K->16764K(83392K), 0.0020618 secs]
59.702: [GC
Desired survivor size 1343488 bytes, new threshold 4 (max 4)
- age   1:     570496 bytes,     570496 total
- age   2:     244496 bytes,     814992 total
- age   3:     304760 bytes,    1119752 total
- age   4:     502800 bytes,    1622552 total
 32735K->17070K(83392K), 0.0018959 secs]
59.716: [GC
Desired survivor size 1343488 bytes, new threshold 3 (max 4)
- age   1:     780016 bytes,     780016 total
- age   2:     471280 bytes,    1251296 total
- age   3:     244496 bytes,    1495792 total
- age   4:      52328 bytes,    1548120 total
 33060K->17251K(83392K), 0.0021646 secs]
59.730: [GC
Desired survivor size 1343488 bytes, new threshold 3 (max 4)
- age   1:     341720 bytes,     341720 total
- age   2:     682296 bytes,    1024016 total
- age   3:     471280 bytes,    1495296 total
 33247K->17489K(83392K), 0.0022140 secs]
59.745: [GC
Desired survivor size 1343488 bytes, new threshold 4 (max 4)
- age   1:     215944 bytes,     215944 total
- age   2:     258984 bytes,     474928 total
- age   3:     682296 bytes,    1157224 total
 33443K->17619K(83392K), 0.0021632 secs]
59.765: [GC
Desired survivor size 1343488 bytes, new threshold 4 (max 4)
- age   1:     393296 bytes,     393296 total
- age   2:     177784 bytes,     571080 total
- age   4:     134928 bytes,     706008 total
 33619K->17176K(83392K), 0.0019712 secs]
59.782: [GC
Desired survivor size 1343488 bytes, new threshold 4 (max 4)
- age   1:     261256 bytes,     261256 total
- age   2:     305592 bytes,     566848 total
- age   3:     177784 bytes,     744632 total
 33171K->17351K(83392K), 0.0018600 secs]
59.795: [GC
Desired survivor size 1343488 bytes, new threshold 4 (max 4)
- age   1:     681248 bytes,     681248 total
- age   2:     250288 bytes,     931536 total
- age   3:       5688 bytes,     937224 total
- age   4:     177784 bytes,    1115008 total
 33323K->17712K(83392K), 0.0021491 secs]
59.811: [GC
Desired survivor size 1343488 bytes, new threshold 4 (max 4)
- age   1:     337392 bytes,     337392 total
- age   2:     517880 bytes,     855272 total
- age   3:     250288 bytes,    1105560 total
- age   4:       4984 bytes,    1110544 total
 33702K->17882K(83392K), 0.0018833 secs]
59.824: [GC
Desired survivor size 1343488 bytes, new threshold 4 (max 4)
- age   1:     314776 bytes,     314776 total
- age   2:     323176 bytes,     637952 total
- age   3:     493176 bytes,    1131128 total
- age   4:     165568 bytes,    1296696 total
 33876K->18069K(83392K), 0.0018991 secs]
59.839: [GC
Desired survivor size 1343488 bytes, new threshold 4 (max 4)
- age   1:     350176 bytes,     350176 total
- age   2:     291288 bytes,     641464 total
- age   3:      84664 bytes,     726128 total
- age   4:     320424 bytes,    1046552 total
 34051K->17985K(83392K), 0.0017968 secs]
59.858: [GC
Desired survivor size 1343488 bytes, new threshold 4 (max 4)
- age   1:     117472 bytes,     117472 total
- age   2:     264792 bytes,     382264 total
- age   3:     118624 bytes,     500888 total
- age   4:      84624 bytes,     585512 total
 33985K->17642K(83392K), 0.0012626 secs]
59.871: [GC
Desired survivor size 1343488 bytes, new threshold 4 (max 4)
- age   1:     371000 bytes,     371000 total
- age   2:       7056 bytes,     378056 total
- age   3:     128088 bytes,     506144 total
- age   4:     118624 bytes,     624768 total
 33595K->17770K(83392K), 0.0016742 secs]
59.888: [GC
Desired survivor size 1343488 bytes, new threshold 4 (max 4)
- age   1:     138608 bytes,     138608 total
- age   2:     299376 bytes,     437984 total
- age   3:       7056 bytes,     445040 total
- age   4:      61800 bytes,     506840 total
 33770K->17766K(83392K), 0.0012490 secs]
59.902: [GC
Desired survivor size 1343488 bytes, new threshold 4 (max 4)
- age   1:     553624 bytes,     553624 total
- age   2:      57712 bytes,     611336 total
- age   4:       7056 bytes,     618392 total
 33766K->17944K(83392K), 0.0012788 secs]
59.914: [GC
Desired survivor size 1343488 bytes, new threshold 4 (max 4)
- age   1:     324984 bytes,     324984 total
- age   2:     233776 bytes,     558760 total
- age   3:      57712 bytes,     616472 total
 33941K->17946K(83392K), 0.0020817 secs]
59.927: [GC
Desired survivor size 1343488 bytes, new threshold 4 (max 4)
- age   1:     215176 bytes,     215176 total
- age   2:     272224 bytes,     487400 total
- age   3:     164824 bytes,     652224 total
- age   4:      57712 bytes,     709936 total
 33914K->18037K(83392K), 0.0014104 secs]
59.941: [GC
Desired survivor size 1343488 bytes, new threshold 4 (max 4)
- age   1:     401952 bytes,     401952 total
- age   2:     147304 bytes,     549256 total
- age   4:     164824 bytes,     714080 total
 34010K->18106K(83392K), 0.0013913 secs]
59.953: [GC
Desired survivor size 1343488 bytes, new threshold 4 (max 4)
- age   1:     328448 bytes,     328448 total
- age   2:      95752 bytes,     424200 total
- age   3:     147304 bytes,     571504 total
 34048K->18115K(83392K), 0.0019614 secs]
59.968: [GC
Desired survivor size 1343488 bytes, new threshold 4 (max 4)
- age   1:     685800 bytes,     685800 total
- age   2:     169032 bytes,     854832 total
- age   3:      95752 bytes,     950584 total
 34012K->18481K(83392K), 0.0017722 secs]
59.981: [GC
Desired survivor size 1343488 bytes, new threshold 4 (max 4)
- age   1:     261896 bytes,     261896 total
- age   2:     482080 bytes,     743976 total
- age   3:     169032 bytes,     913008 total
- age   4:      95752 bytes,    1008760 total
 34476K->18540K(83392K), 0.0016868 secs]
59.995: [GC
Desired survivor size 1343488 bytes, new threshold 4 (max 4)
- age   1:     627360 bytes,     627360 total
- age   2:     144944 bytes,     772304 total
- age   3:     481800 bytes,    1254104 total
- age   4:     169032 bytes,    1423136 total
 34502K->19035K(83392K), 0.0018149 secs]
60.010: [GC
Desired survivor size 1343488 bytes, new threshold 4 (max 4)
- age   1:     392624 bytes,     392624 total
- age   2:     451000 bytes,     843624 total
- age   3:     144944 bytes,     988568 total
- age   4:     103960 bytes,    1092528 total
 35034K->18879K(83392K), 0.0022760 secs]
60.024: [GC
Desired survivor size 1343488 bytes, new threshold 4 (max 4)
- age   1:      95456 bytes,      95456 total
- age   2:     378176 bytes,     473632 total
- age   3:     373328 bytes,     846960 total
- age   4:     122416 bytes,     969376 total
 34859K->18865K(83392K), 0.0019515 secs]
60.037: [GC
Desired survivor size 1343488 bytes, new threshold 4 (max 4)
- age   1:     127576 bytes,     127576 total
- age   2:      69056 bytes,     196632 total
- age   3:     378176 bytes,     574808 total
- age   4:     373328 bytes,     948136 total
 34841K->18840K(83392K), 0.0015186 secs]
60.050: [GC
Desired survivor size 1343488 bytes, new threshold 4 (max 4)
- age   1:     859312 bytes,     859312 total
- age   3:      26736 bytes,     886048 total
- age   4:     144088 bytes,    1030136 total
 34814K->19288K(83392K), 0.0019817 secs]
60.065: [GC
Desired survivor size 1343488 bytes, new threshold 4 (max 4)
- age   1:     525504 bytes,     525504 total
- age   2:     694216 bytes,    1219720 total
 35259K->19616K(83392K), 0.0017543 secs]
60.078: [GC
Desired survivor size 1343488 bytes, new threshold 3 (max 4)
- age   1:     614344 bytes,     614344 total
- age   2:     347888 bytes,     962232 total
- age   3:     694216 bytes,    1656448 total
 35605K->20037K(83392K), 0.0020892 secs]
60.091: [GC
Desired survivor size 1343488 bytes, new threshold 4 (max 4)
- age   1:     199904 bytes,     199904 total
- age   2:     491552 bytes,     691456 total
- age   3:     130488 bytes,     821944 total
 36008K->19901K(83392K), 0.0020588 secs]
60.106: [GC
Desired survivor size 1343488 bytes, new threshold 4 (max 4)
- age   1:     468088 bytes,     468088 total
- age   2:     132672 bytes,     600760 total
- age   3:     491552 bytes,    1092312 total
- age   4:     130488 bytes,    1222800 total
 35884K->20290K(83392K), 0.0018797 secs]
60.121: [GC
Desired survivor size 1343488 bytes, new threshold 4 (max 4)
- age   1:     682704 bytes,     682704 total
- age   2:     412176 bytes,    1094880 total
- age   3:     132672 bytes,    1227552 total
- age   4:     271008 bytes,    1498560 total
 36221K->20689K(83392K), 0.0026732 secs]
60.135: [GC
Desired survivor size 1343488 bytes, new threshold 3 (max 4)
- age   1:     623104 bytes,     623104 total
- age   2:     601080 bytes,    1224184 total
- age   3:     412176 bytes,    1636360 total
- age   4:     132672 bytes,    1769032 total
 36672K->21216K(83392K), 0.0028649 secs]
60.149: [GC
Desired survivor size 1343488 bytes, new threshold 3 (max 4)
- age   1:     611232 bytes,     611232 total
- age   2:     538752 bytes,    1149984 total
- age   3:     230056 bytes,    1380040 total
 37193K->21309K(83392K), 0.0024548 secs]
60.164: [GC
Desired survivor size 1343488 bytes, new threshold 3 (max 4)
- age   1:     316920 bytes,     316920 total
- age   2:     542040 bytes,     858960 total
- age   3:     538752 bytes,    1397712 total
 37270K->21503K(83392K), 0.0022546 secs]
60.179: [GC
Desired survivor size 1343488 bytes, new threshold 4 (max 4)
- age   1:     502616 bytes,     502616 total
- age   2:     165152 bytes,     667768 total
- age   3:     542040 bytes,    1209808 total
 37444K->21725K(83392K), 0.0024744 secs]
60.194: [GC
Desired survivor size 1343488 bytes, new threshold 4 (max 4)
- age   1:     691416 bytes,     691416 total
- age   2:     342912 bytes,    1034328 total
- age   3:     165152 bytes,    1199480 total
- age   4:     542040 bytes,    1741520 total
 37699K->22247K(83392K), 0.0022505 secs]
60.213: [GC
Desired survivor size 1343488 bytes, new threshold 4 (max 4)
- age   1:     135856 bytes,     135856 total
- age   2:     604968 bytes,     740824 total
- age   3:     210192 bytes,     951016 total
 38247K->22003K(83392K), 0.0018076 secs]
60.227: [GC
Desired survivor size 1343488 bytes, new threshold 4 (max 4)
- age   1:     431784 bytes,     431784 total
- age   2:      75960 bytes,     507744 total
- age   3:     604968 bytes,    1112712 total
- age   4:     210192 bytes,    1322904 total
 37954K->22367K(83392K), 0.0015952 secs]
60.241: [GC
Desired survivor size 1343488 bytes, new threshold 4 (max 4)
- age   1:     693840 bytes,     693840 total
- age   2:      85440 bytes,     779280 total
- age   3:       7384 bytes,     786664 total
- age   4:     604968 bytes,    1391632 total
 38359K->22643K(83392K), 0.0022959 secs]
60.257: [GC
Desired survivor size 1343488 bytes, new threshold 4 (max 4)
- age   1:     759352 bytes,     759352 total
- age   2:     428792 bytes,    1188144 total
- age   3:      85440 bytes,    1273584 total
- age   4:       7384 bytes,    1280968 total
 38631K->22668K(83392K), 0.0022602 secs]
60.270: [GC
Desired survivor size 1343488 bytes, new threshold 4 (max 4)
- age   1:     346496 bytes,     346496 total
- age   2:     681440 bytes,    1027936 total
- age   3:      69240 bytes,    1097176 total
- age   4:      85440 bytes,    1182616 total
 38625K->22578K(83392K), 0.0022525 secs]
60.284: [GC
Desired survivor size 1343488 bytes, new threshold 4 (max 4)
- age   1:     809088 bytes,     809088 total
- age   2:     147960 bytes,     957048 total
- age   3:     212864 bytes,    1169912 total
- age   4:      69240 bytes,    1239152 total
 38541K->22634K(83392K), 0.0020044 secs]
60.298: [GC
Desired survivor size 1343488 bytes, new threshold 4 (max 4)
- age   1:     180536 bytes,     180536 total
- age   2:     641496 bytes,     822032 total
- age   3:     147960 bytes,     969992 total
- age   4:     212864 bytes,    1182856 total
 38619K->22647K(83392K), 0.0018162 secs]
60.311: [GC
Desired survivor size 1343488 bytes, new threshold 4 (max 4)
- age   1:     469344 bytes,     469344 total
- age   2:     111248 bytes,     580592 total
- age   3:     390392 bytes,     970984 total
- age   4:      79992 bytes,    1050976 total
 38637K->22725K(83392K), 0.0020327 secs]
60.326: [GC
Desired survivor size 1343488 bytes, new threshold 4 (max 4)
- age   1:     489272 bytes,     489272 total
- age   2:         40 bytes,     489312 total
- age   3:     111248 bytes,     600560 total
- age   4:     172848 bytes,     773408 total
 38725K->22532K(83392K), 0.0013500 secs]
60.339: [GC
Desired survivor size 1343488 bytes, new threshold 4 (max 4)
- age   1:     306624 bytes,     306624 total
- age   2:     163496 bytes,     470120 total
- age   3:         40 bytes,     470160 total
- age   4:     111248 bytes,     581408 total
 38477K->22514K(83392K), 0.0014071 secs]
60.353: [GC
Desired survivor size 1343488 bytes, new threshold 4 (max 4)
- age   1:     305832 bytes,     305832 total
- age   3:     163256 bytes,     469088 total
- age   4:         40 bytes,     469128 total
 38489K->22514K(83392K), 0.0016142 secs]
60.368: [GC
Desired survivor size 1343488 bytes, new threshold 4 (max 4)
- age   1:     988504 bytes,     988504 total
- age   2:     163008 bytes,    1151512 total
- age   4:     163256 bytes,    1314768 total
 38460K->23337K(83392K), 0.0018164 secs]
60.384: [GC
Desired survivor size 1343488 bytes, new threshold 2 (max 4)
- age   1:     725984 bytes,     725984 total
- age   2:     740840 bytes,    1466824 total
- age   3:     163008 bytes,    1629832 total
 39316K->23806K(83392K), 0.0021898 secs]
60.398: [GC
Desired survivor size 1343488 bytes, new threshold 4 (max 4)
- age   1:     363968 bytes,     363968 total
- age   2:     273616 bytes,     637584 total
 39761K->23556K(83392K), 0.0019498 secs]
60.412: [GC
Desired survivor size 1343488 bytes, new threshold 4 (max 4)
- age   1:     613800 bytes,     613800 total
- age   2:     247400 bytes,     861200 total
- age   3:     189432 bytes,    1050632 total
 39541K->23959K(83392K), 0.0021386 secs]
60.425: [GC
Desired survivor size 1343488 bytes, new threshold 4 (max 4)
- age   1:     381656 bytes,     381656 total
- age   2:     532704 bytes,     914360 total
- age   3:     247400 bytes,    1161760 total
- age   4:     189432 bytes,    1351192 total
 39885K->24252K(83392K), 0.0019417 secs]
60.438: [GC
Desired survivor size 1343488 bytes, new threshold 4 (max 4)
- age   1:     329064 bytes,     329064 total
- age   2:     334832 bytes,     663896 total
- age   3:     532704 bytes,    1196600 total
- age   4:     247400 bytes,    1444000 total
 40209K->24528K(83392K), 0.0021516 secs]
60.454: [GC
Desired survivor size 1343488 bytes, new threshold 3 (max 4)
- age   1:    1097352 bytes,    1097352 total
- age   2:     143136 bytes,    1240488 total
- age   3:     166208 bytes,    1406696 total
- age   4:     141648 bytes,    1548344 total
 40429K->24872K(83392K), 0.0022416 secs]
60.468: [GC
Desired survivor size 1343488 bytes, new threshold 3 (max 4)
- age   1:     430536 bytes,     430536 total
- age   2:     782872 bytes,    1213408 total
- age   3:     143136 bytes,    1356544 total
 40861K->24985K(83392K), 0.0024528 secs]
60.483: [GC
Desired survivor size 1343488 bytes, new threshold 3 (max 4)
- age   1:    1031960 bytes,    1031960 total
- age   2:     242392 bytes,    1274352 total
- age   3:     702992 bytes,    1977344 total
 40944K->25731K(83392K), 0.0024013 secs]
60.498: [GC
Desired survivor size 1343488 bytes, new threshold 3 (max 4)
- age   1:     497528 bytes,     497528 total
- age   2:     732912 bytes,    1230440 total
- age   3:     242392 bytes,    1472832 total
 41679K->25677K(83392K), 0.0021844 secs]
60.515: [GC
Desired survivor size 1343488 bytes, new threshold 3 (max 4)
- age   1:     822480 bytes,     822480 total
- age   2:      72528 bytes,     895008 total
- age   3:     654672 bytes,    1549680 total
 41629K->25988K(83392K), 0.0027627 secs]
60.532: [GC
Desired survivor size 1343488 bytes, new threshold 4 (max 4)
- age   1:     710112 bytes,     710112 total
- age   2:     521792 bytes,    1231904 total
- age   3:      72528 bytes,    1304432 total
 41976K->25995K(83392K), 0.0022792 secs]
60.545: [GC
Desired survivor size 1343488 bytes, new threshold 3 (max 4)
- age   1:     514216 bytes,     514216 total
- age   2:     510872 bytes,    1025088 total
- age   3:     521792 bytes,    1546880 total
- age   4:      72528 bytes,    1619408 total
 41957K->26303K(83392K), 0.0025945 secs]
60.564: [GC
Desired survivor size 1343488 bytes, new threshold 4 (max 4)
- age   1:     411744 bytes,     411744 total
- age   2:     312328 bytes,     724072 total
- age   3:        856 bytes,     724928 total
 42290K->26010K(83392K), 0.0019226 secs]
60.578: [GC
Desired survivor size 1343488 bytes, new threshold 4 (max 4)
- age   1:     326720 bytes,     326720 total
- age   2:     342888 bytes,     669608 total
- age   3:     312328 bytes,     981936 total
- age   4:        856 bytes,     982792 total
 42010K->26261K(83392K), 0.0016493 secs]
60.595: [GC
Desired survivor size 1343488 bytes, new threshold 4 (max 4)
- age   1:     205352 bytes,     205352 total
- age   2:     326720 bytes,     532072 total
- age   3:       8144 bytes,     540216 total
- age   4:     254040 bytes,     794256 total
 42156K->26084K(83392K), 0.0017149 secs]
60.613: [GC
Desired survivor size 1343488 bytes, new threshold 4 (max 4)
- age   1:     162432 bytes,     162432 total
- age   2:        120 bytes,     162552 total
- age   3:     326720 bytes,     489272 total
- age   4:       8144 bytes,     497416 total
 42067K->25795K(83392K), 0.0013823 secs]
60.627: [GC
Desired survivor size 1343488 bytes, new threshold 4 (max 4)
- age   1:     694168 bytes,     694168 total
- age   2:      98200 bytes,     792368 total
- age   3:        120 bytes,     792488 total
- age   4:      90720 bytes,     883208 total
 41785K->26185K(83392K), 0.0014999 secs]
60.640: [GC
Desired survivor size 1343488 bytes, new threshold 4 (max 4)
- age   1:     365112 bytes,     365112 total
- age   2:     562848 bytes,     927960 total
- age   3:      12960 bytes,     940920 total
- age   4:        120 bytes,     941040 total
 42178K->26321K(83392K), 0.0016043 secs]
60.654: [GC
Desired survivor size 1343488 bytes, new threshold 4 (max 4)
- age   1:     221072 bytes,     221072 total
- age   2:     170680 bytes,     391752 total
- age   3:     562848 bytes,     954600 total
- age   4:      12776 bytes,     967376 total
 42289K->26351K(83392K), 0.0017327 secs]
60.672: [GC
Desired survivor size 1343488 bytes, new threshold 4 (max 4)
- age   1:     191392 bytes,     191392 total
- age   2:     140136 bytes,     331528 total
- age   3:        120 bytes,     331648 total
- age   4:     490336 bytes,     821984 total
 42351K->26223K(83392K), 0.0015021 secs]
60.687: [GC
Desired survivor size 1343488 bytes, new threshold 4 (max 4)
- age   1:     472496 bytes,     472496 total
- age   2:     107384 bytes,     579880 total
- age   3:     139880 bytes,     719760 total
- age   4:        120 bytes,     719880 total
 42217K->26254K(83392K), 0.0016165 secs]
60.702: [GC
Desired survivor size 1343488 bytes, new threshold 4 (max 4)
- age   1:     249496 bytes,     249496 total
- age   2:     325656 bytes,     575152 total
- age   3:     106704 bytes,     681856 total
- age   4:       3168 bytes,     685024 total
 42254K->26223K(83392K), 0.0018243 secs]
60.719: [GC
Desired survivor size 1343488 bytes, new threshold 4 (max 4)
- age   1:     357344 bytes,     357344 total
- age   2:      59040 bytes,     416384 total
- age   3:     191256 bytes,     607640 total
- age   4:       6584 bytes,     614224 total
 42154K->26164K(83392K), 0.0013925 secs]
60.732: [GC
Desired survivor size 1343488 bytes, new threshold 4 (max 4)
- age   1:     435568 bytes,     435568 total
- age   2:     229584 bytes,     665152 total
- age   3:      58920 bytes,     724072 total
- age   4:      23000 bytes,     747072 total
 42154K->26289K(83392K), 0.0013290 secs]
60.746: [GC
Desired survivor size 1343488 bytes, new threshold 4 (max 4)
- age   1:     187896 bytes,     187896 total
- age   2:     240504 bytes,     428400 total
- age   3:     170712 bytes,     599112 total
- age   4:      58920 bytes,     658032 total
 42289K->26238K(83392K), 0.0015018 secs]
60.760: [GC
Desired survivor size 1343488 bytes, new threshold 4 (max 4)
- age   1:     187784 bytes,     187784 total
- age   2:     172856 bytes,     360640 total
- age   3:      67512 bytes,     428152 total
- age   4:        704 bytes,     428856 total
 42226K->26054K(83392K), 0.0022453 secs]
60.774: [GC
Desired survivor size 1343488 bytes, new threshold 4 (max 4)
- age   1:     340072 bytes,     340072 total
- age   2:     133112 bytes,     473184 total
- age   3:     127520 bytes,     600704 total
 42006K->26216K(83392K), 0.0012865 secs]
60.787: [GC
Desired survivor size 1343488 bytes, new threshold 4 (max 4)
- age   1:     200832 bytes,     200832 total
- age   2:     125064 bytes,     325896 total
- age   3:      94968 bytes,     420864 total
- age   4:     127520 bytes,     548384 total
 42203K->26165K(83392K), 0.0012524 secs]
60.802: [GC
Desired survivor size 1343488 bytes, new threshold 4 (max 4)
- age   1:     287752 bytes,     287752 total
- age   2:      75912 bytes,     363664 total
- age   3:     125064 bytes,     488728 total
- age   4:      94136 bytes,     582864 total
 42141K->26202K(83392K), 0.0017471 secs]
60.815: [GC
Desired survivor size 1343488 bytes, new threshold 4 (max 4)
- age   1:     292808 bytes,     292808 total
- age   2:     270360 bytes,     563168 total
- age   4:      90592 bytes,     653760 total
 42190K->26356K(83392K), 0.0017773 secs]
60.830: [GC
Desired survivor size 1343488 bytes, new threshold 4 (max 4)
- age   1:     119472 bytes,     119472 total
- age   2:     234864 bytes,     354336 total
- age   3:      60992 bytes,     415328 total
 42321K->26214K(83392K), 0.0013515 secs]
60.844: [GC
Desired survivor size 1343488 bytes, new threshold 4 (max 4)
- age   1:     479120 bytes,     479120 total
- age   2:      88064 bytes,     567184 total
- age   4:      60992 bytes,     628176 total
 42173K->26422K(83392K), 0.0013932 secs]
60.858: [GC
Desired survivor size 1343488 bytes, new threshold 4 (max 4)
- age   1:     208280 bytes,     208280 total
- age   2:     431816 bytes,     640096 total
- age   3:      44792 bytes,     684888 total
 42409K->26541K(83392K), 0.0016742 secs]
60.873: [GC
Desired survivor size 1343488 bytes, new threshold 4 (max 4)
- age   1:     359552 bytes,     359552 total
- age   2:       3864 bytes,     363416 total
- age   3:     431816 bytes,     795232 total
- age   4:       5320 bytes,     800552 total
 42495K->26655K(83392K), 0.0015594 secs]
60.886: [GC
Desired survivor size 1343488 bytes, new threshold 4 (max 4)
- age   1:     373880 bytes,     373880 total
- age   2:     312032 bytes,     685912 total
- age   3:       3864 bytes,     689776 total
- age   4:     174736 bytes,     864512 total
 42635K->26725K(83392K), 0.0015222 secs]
60.899: [GC
Desired survivor size 1343488 bytes, new threshold 4 (max 4)
- age   1:     241968 bytes,     241968 total
- age   2:     170864 bytes,     412832 total
- age   3:     113568 bytes,     526400 total
- age   4:       3864 bytes,     530264 total
 42724K->26564K(83392K), 0.0015986 secs]
60.913: [GC
Desired survivor size 1343488 bytes, new threshold 4 (max 4)
- age   1:     379912 bytes,     379912 total
- age   2:      75352 bytes,     455264 total
- age   3:        568 bytes,     455832 total
- age   4:     113568 bytes,     569400 total
 42548K->26604K(83392K), 0.0018728 secs]
60.928: [GC
Desired survivor size 1343488 bytes, new threshold 4 (max 4)
- age   1:     265352 bytes,     265352 total
- age   2:     244808 bytes,     510160 total
- age   3:      75352 bytes,     585512 total
- age   4:        568 bytes,     586080 total
 42602K->26622K(83392K), 0.0012897 secs]
60.940: [GC
Desired survivor size 1343488 bytes, new threshold 4 (max 4)
- age   1:     847760 bytes,     847760 total
- age   3:     119336 bytes,     967096 total
- age   4:       2112 bytes,     969208 total
 42580K->26997K(83392K), 0.0016969 secs]
60.954: [GC
Desired survivor size 1343488 bytes, new threshold 4 (max 4)
- age   1:     280360 bytes,     280360 total
- age   2:     478544 bytes,     758904 total
- age   4:     119336 bytes,     878240 total
 42966K->26912K(83392K), 0.0018385 secs]
60.967: [GC
Desired survivor size 1343488 bytes, new threshold 4 (max 4)
- age   1:     252160 bytes,     252160 total
- age   2:     162040 bytes,     414200 total
- age   3:      84448 bytes,     498648 total
 42855K->26656K(83392K), 0.0015363 secs]
60.980: [GC
Desired survivor size 1343488 bytes, new threshold 4 (max 4)
- age   1:     540888 bytes,     540888 total
- age   2:     134928 bytes,     675816 total
- age   3:      32992 bytes,     708808 total
- age   4:      84448 bytes,     793256 total
 42654K->26942K(83392K), 0.0014251 secs]
60.993: [GC
Desired survivor size 1343488 bytes, new threshold 4 (max 4)
- age   1:     436848 bytes,     436848 total
- age   2:     439144 bytes,     875992 total
 42872K->27023K(83392K), 0.0016420 secs]
61.006: [GC
Desired survivor size 1343488 bytes, new threshold 4 (max 4)
- age   1:     588632 bytes,     588632 total
- age   2:     352128 bytes,     940760 total
- age   3:     157504 bytes,    1098264 total
 42990K->27240K(83392K), 0.0017076 secs]
61.020: [GC
Desired survivor size 1343488 bytes, new threshold 4 (max 4)
- age   1:     306120 bytes,     306120 total
- age   2:     553384 bytes,     859504 total
- age   3:      40832 bytes,     900336 total
- age   4:     157504 bytes,    1057840 total
 43236K->27200K(83392K), 0.0018606 secs]
61.038: [GC
Desired survivor size 1343488 bytes, new threshold 4 (max 4)
- age   1:     248832 bytes,     248832 total
- age   2:      41568 bytes,     290400 total
- age   3:     215200 bytes,     505600 total
- age   4:      40832 bytes,     546432 total
 43173K->26755K(83392K), 0.0011205 secs]
61.051: [GC
Desired survivor size 1343488 bytes, new threshold 4 (max 4)
- age   1:     295072 bytes,     295072 total
- age   2:     179248 bytes,     474320 total
- age   3:      41568 bytes,     515888 total
- age   4:      57304 bytes,     573192 total
 42743K->26781K(83392K), 0.0014789 secs]
61.064: [GC
Desired survivor size 1343488 bytes, new threshold 4 (max 4)
- age   1:     166552 bytes,     166552 total
- age   2:     207304 bytes,     373856 total
- age   3:     179248 bytes,     553104 total
- age   4:      41568 bytes,     594672 total
 42749K->26804K(83392K), 0.0018824 secs]
61.079: [GC
Desired survivor size 1343488 bytes, new threshold 4 (max 4)
- age   1:     647816 bytes,     647816 total
- age   2:      61520 bytes,     709336 total
- age   3:       9944 bytes,     719280 total
- age   4:        768 bytes,     720048 total
 42709K->26926K(83392K), 0.0011785 secs]
61.091: [GC
Desired survivor size 1343488 bytes, new threshold 4 (max 4)
- age   1:     591128 bytes,     591128 total
- age   2:     286152 bytes,     877280 total
- age   4:       9944 bytes,     887224 total
 42923K->27092K(83392K), 0.0015691 secs]
61.104: [GC
Desired survivor size 1343488 bytes, new threshold 4 (max 4)
- age   1:     294312 bytes,     294312 total
- age   2:     347280 bytes,     641592 total
- age   3:      41464 bytes,     683056 total
 43051K->26906K(83392K), 0.0012995 secs]
61.117: [GC
Desired survivor size 1343488 bytes, new threshold 4 (max 4)
- age   1:     523096 bytes,     523096 total
- age   2:     215424 bytes,     738520 total
- age   3:     130528 bytes,     869048 total
- age   4:      41464 bytes,     910512 total
 42862K->27122K(83392K), 0.0018777 secs]
61.130: [GC
Desired survivor size 1343488 bytes, new threshold 4 (max 4)
- age   1:     625440 bytes,     625440 total
- age   3:     190936 bytes,     816376 total
- age   4:     130528 bytes,     946904 total
 43096K->27157K(83392K), 0.0018778 secs]
61.144: [GC
Desired survivor size 1343488 bytes, new threshold 4 (max 4)
- age   1:     249248 bytes,     249248 total
- age   2:     369744 bytes,     618992 total
- age   4:     190936 bytes,     809928 total
 43154K->27151K(83392K), 0.0018438 secs]
61.158: [GC
Desired survivor size 1343488 bytes, new threshold 4 (max 4)
- age   1:     431144 bytes,     431144 total
- age   2:      34552 bytes,     465696 total
- age   3:      85056 bytes,     550752 total
 43095K->27084K(83392K), 0.0013877 secs]
61.172: [GC
Desired survivor size 1343488 bytes, new threshold 4 (max 4)
- age   1:     791184 bytes,     791184 total
- age   2:     172744 bytes,     963928 total
- age   3:      34552 bytes,     998480 total
- age   4:      85056 bytes,    1083536 total
 43084K->27604K(83392K), 0.0019785 secs]
61.187: [GC
Desired survivor size 1343488 bytes, new threshold 4 (max 4)
- age   1:     299824 bytes,     299824 total
- age   2:     726224 bytes,    1026048 total
- age   3:     172712 bytes,    1198760 total
 43587K->27716K(83392K), 0.0016385 secs]
61.201: [GC
Desired survivor size 1343488 bytes, new threshold 4 (max 4)
- age   1:     234376 bytes,     234376 total
- age   2:     132712 bytes,     367088 total
- age   3:     658912 bytes,    1026000 total
 43704K->27547K(83392K), 0.0016578 secs]
61.218: [GC
Desired survivor size 1343488 bytes, new threshold 4 (max 4)
- age   1:     218208 bytes,     218208 total
- age   2:      99824 bytes,     318032 total
- age   3:     131880 bytes,     449912 total
- age   4:     658912 bytes,    1108824 total
 43521K->27627K(83392K), 0.0019137 secs]
61.231: [GC
Desired survivor size 1343488 bytes, new threshold 4 (max 4)
- age   1:     393832 bytes,     393832 total
- age   2:     142240 bytes,     536072 total
- age   3:      99824 bytes,     635896 total
- age   4:     131880 bytes,     767776 total
 43617K->27493K(83392K), 0.0016409 secs]
61.250: [GC
Desired survivor size 1343488 bytes, new threshold 4 (max 4)
- age   1:     530328 bytes,     530328 total
- age   2:     220688 bytes,     751016 total
- age   3:       4480 bytes,     755496 total
 43436K->27609K(83392K), 0.0015155 secs]
61.263: [GC
Desired survivor size 1343488 bytes, new threshold 4 (max 4)
- age   1:     353712 bytes,     353712 total
- age   2:     151064 bytes,     504776 total
- age   3:     220688 bytes,     725464 total
- age   4:       4480 bytes,     729944 total
 43599K->27591K(83392K), 0.0019661 secs]
61.276: [GC
Desired survivor size 1343488 bytes, new threshold 4 (max 4)
- age   1:     159824 bytes,     159824 total
- age   2:     274992 bytes,     434816 total
- age   3:     151064 bytes,     585880 total
- age   4:      77520 bytes,     663400 total
 43498K->27524K(83392K), 0.0015229 secs]
61.290: [GC
Desired survivor size 1343488 bytes, new threshold 4 (max 4)
- age   1:     441680 bytes,     441680 total
- age   2:      77456 bytes,     519136 total
- age   3:      94480 bytes,     613616 total
- age   4:     150144 bytes,     763760 total
 43479K->27625K(83392K), 0.0012972 secs]
61.302: [GC
Desired survivor size 1343488 bytes, new threshold 4 (max 4)
- age   1:     303048 bytes,     303048 total
- age   2:     226896 bytes,     529944 total
- age   4:      47208 bytes,     577152 total
 43581K->27593K(83392K), 0.0014294 secs]
61.316: [GC
Desired survivor size 1343488 bytes, new threshold 4 (max 4)
- age   1:     194424 bytes,     194424 total
- age   2:     222128 bytes,     416552 total
- age   3:     225512 bytes,     642064 total
 43582K->27694K(83392K), 0.0023107 secs]
61.332: [GC
Desired survivor size 1343488 bytes, new threshold 4 (max 4)
- age   1:     430136 bytes,     430136 total
- age   2:       5656 bytes,     435792 total
- age   3:      86288 bytes,     522080 total
- age   4:      70680 bytes,     592760 total
 43545K->27646K(83392K), 0.0015000 secs]
61.352: [GC
Desired survivor size 1343488 bytes, new threshold 4 (max 4)
- age   1:     318632 bytes,     318632 total
- age   2:     267344 bytes,     585976 total
- age   3:       5696 bytes,     591672 total
 43607K->27647K(83392K), 0.0021522 secs]
61.368: [GC
Desired survivor size 1343488 bytes, new threshold 4 (max 4)
- age   1:     251832 bytes,     251832 total
- age   2:     238928 bytes,     490760 total
- age   4:       5656 bytes,     496416 total
 43577K->27552K(83392K), 0.0013243 secs]
61.381: [GC
Desired survivor size 1343488 bytes, new threshold 4 (max 4)
- age   1:     196480 bytes,     196480 total
- age   2:     139984 bytes,     336464 total
- age   3:     238928 bytes,     575392 total
 43552K->27634K(83392K), 0.0019218 secs]
61.402: [GC
Desired survivor size 1343488 bytes, new threshold 4 (max 4)
- age   1:     410976 bytes,     410976 total
- age   2:       8176 bytes,     419152 total
- age   3:     139984 bytes,     559136 total
- age   4:     238928 bytes,     798064 total
 43612K->27853K(83392K), 0.0012516 secs]
61.415: [GC
Desired survivor size 1343488 bytes, new threshold 4 (max 4)
- age   1:     516040 bytes,     516040 total
- age   3:       8176 bytes,     524216 total
- age   4:     139984 bytes,     664200 total
 43713K->27814K(83392K), 0.0013494 secs]
61.433: [GC
Desired survivor size 1343488 bytes, new threshold 4 (max 4)
- age   1:     423008 bytes,     423008 total
- age   2:     181024 bytes,     604032 total
- age   4:       8136 bytes,     612168 total
 43814K->27765K(83392K), 0.0012480 secs]
61.447: [GC
Desired survivor size 1343488 bytes, new threshold 4 (max 4)
- age   1:     291952 bytes,     291952 total
- age   2:     364624 bytes,     656576 total
- age   3:       1472 bytes,     658048 total
 43759K->27819K(83392K), 0.0014035 secs]
61.461: [GC
Desired survivor size 1343488 bytes, new threshold 4 (max 4)
- age   1:     492456 bytes,     492456 total
- age   2:      68144 bytes,     560600 total
- age   3:     128504 bytes,     689104 total
- age   4:       1472 bytes,     690576 total
 43763K->27851K(83392K), 0.0019650 secs]
61.475: [GC
Desired survivor size 1343488 bytes, new threshold 4 (max 4)
- age   1:     318088 bytes,     318088 total
- age   2:     353152 bytes,     671240 total
- age   3:      68144 bytes,     739384 total
- age   4:       4248 bytes,     743632 total
 43785K->27900K(83392K), 0.0014580 secs]
61.489: [GC
Desired survivor size 1343488 bytes, new threshold 4 (max 4)
- age   1:     392616 bytes,     392616 total
- age   2:      89776 bytes,     482392 total
- age   4:      68144 bytes,     550536 total
 43876K->27719K(83392K), 0.0012169 secs]
61.510: [GC
Desired survivor size 1343488 bytes, new threshold 4 (max 4)
- age   1:     171536 bytes,     171536 total
- age   2:     226096 bytes,     397632 total
- age   3:      89776 bytes,     487408 total
 43719K->27671K(83392K), 0.0017893 secs]
61.523: [GC
Desired survivor size 1343488 bytes, new threshold 4 (max 4)
- age   1:     440400 bytes,     440400 total
- age   2:     109248 bytes,     549648 total
 43671K->27728K(83392K), 0.0013068 secs]
61.538: [GC
Desired survivor size 1343488 bytes, new threshold 4 (max 4)
- age   1:     360456 bytes,     360456 total
- age   2:     388408 bytes,     748864 total
- age   3:      26232 bytes,     775096 total
 43726K->27949K(83392K), 0.0018591 secs]
61.551: [GC
Desired survivor size 1343488 bytes, new threshold 4 (max 4)
- age   1:     171984 bytes,     171984 total
- age   2:     343600 bytes,     515584 total
- age   3:     328280 bytes,     843864 total
- age   4:      13104 bytes,     856968 total
 43922K->28043K(83392K), 0.0019461 secs]
61.564: [GC
Desired survivor size 1343488 bytes, new threshold 4 (max 4)
- age   1:     301760 bytes,     301760 total
- age   2:      91352 bytes,     393112 total
- age   3:     343600 bytes,     736712 total
- age   4:       5320 bytes,     742032 total
 43981K->27926K(83392K), 0.0020848 secs]
61.578: [GC
Desired survivor size 1343488 bytes, new threshold 4 (max 4)
- age   1:     213576 bytes,     213576 total
- age   2:     135800 bytes,     349376 total
- age   4:     286096 bytes,     635472 total
 43926K->27830K(83392K), 0.0012626 secs]
61.591: [GC
Desired survivor size 1343488 bytes, new threshold 4 (max 4)
- age   1:     169464 bytes,     169464 total
- age   2:     135968 bytes,     305432 total
- age   3:     135800 bytes,     441232 total
 43811K->27756K(83392K), 0.0013291 secs]
61.604: [GC
Desired survivor size 1343488 bytes, new threshold 4 (max 4)
- age   1:     231168 bytes,     231168 total
- age   2:     130784 bytes,     361952 total
- age   3:     135968 bytes,     497920 total
 43716K->27810K(83392K), 0.0013629 secs]
61.618: [GC
Desired survivor size 1343488 bytes, new threshold 4 (max 4)
- age   1:     196832 bytes,     196832 total
- age   2:      42240 bytes,     239072 total
- age   3:     130784 bytes,     369856 total
- age   4:     135696 bytes,     505552 total
 43807K->27817K(83392K), 0.0012247 secs]
61.631: [GC
Desired survivor size 1343488 bytes, new threshold 4 (max 4)
- age   1:     379120 bytes,     379120 total
- age   2:      83360 bytes,     462480 total
- age   3:      42240 bytes,     504720 total
- age   4:     130784 bytes,     635504 total
 43772K->27943K(83392K), 0.0015950 secs]
61.645: [GC
Desired survivor size 1343488 bytes, new threshold 4 (max 4)
- age   1:     386576 bytes,     386576 total
- age   2:     236416 bytes,     622992 total
- age   3:        160 bytes,     623152 total
 43853K->27976K(83392K), 0.0014745 secs]
61.658: [GC
Desired survivor size 1343488 bytes, new threshold 4 (max 4)
- age   1:     535784 bytes,     535784 total
- age   2:     223656 bytes,     759440 total
- age   3:     176696 bytes,     936136 total
- age   4:        160 bytes,     936296 total
 43950K->28281K(83392K), 0.0018010 secs]
61.673: [GC
Desired survivor size 1343488 bytes, new threshold 4 (max 4)
- age   1:     472456 bytes,     472456 total
- age   2:     140712 bytes,     613168 total
- age   3:     223656 bytes,     836824 total
- age   4:       1920 bytes,     838744 total
 44262K->28187K(83392K), 0.0013211 secs]
61.690: [GC
Desired survivor size 1343488 bytes, new threshold 4 (max 4)
- age   1:     242984 bytes,     242984 total
- age   2:     376120 bytes,     619104 total
- age   3:     139880 bytes,     758984 total
- age   4:     223656 bytes,     982640 total
 44128K->28331K(83392K), 0.0016490 secs]
61.709: [GC
Desired survivor size 1343488 bytes, new threshold 4 (max 4)
- age   1:     270680 bytes,     270680 total
- age   2:       7248 bytes,     277928 total
- age   3:     375880 bytes,     653808 total
- age   4:     139880 bytes,     793688 total
 44330K->28154K(83392K), 0.0022590 secs]
61.722: [GC
Desired survivor size 1343488 bytes, new threshold 4 (max 4)
- age   1:     148528 bytes,     148528 total
- age   2:     236520 bytes,     385048 total
- age   3:       7248 bytes,     392296 total
- age   4:     136976 bytes,     529272 total
 44119K->28030K(83392K), 0.0014220 secs]
61.734: [GC
Desired survivor size 1343488 bytes, new threshold 4 (max 4)
- age   1:     150632 bytes,     150632 total
- age   2:      93568 bytes,     244200 total
- age   3:     141112 bytes,     385312 total
- age   4:       7248 bytes,     392560 total
 44011K->28042K(83392K), 0.0013137 secs]
61.747: [GC
Desired survivor size 1343488 bytes, new threshold 4 (max 4)
- age   1:     478408 bytes,     478408 total
- age   2:      96280 bytes,     574688 total
- age   3:      31408 bytes,     606096 total
- age   4:     139296 bytes,     745392 total
 44029K->28379K(83392K), 0.0019853 secs]
61.763: [GC
Desired survivor size 1343488 bytes, new threshold 4 (max 4)
- age   1:     387272 bytes,     387272 total
- age   2:     132648 bytes,     519920 total
- age   3:      96224 bytes,     616144 total
- age   4:      31408 bytes,     647552 total
 44341K->28296K(83392K), 0.0012799 secs]
61.776: [GC
Desired survivor size 1343488 bytes, new threshold 4 (max 4)
- age   1:     419864 bytes,     419864 total
- age   2:     319168 bytes,     739032 total
- age   3:       4424 bytes,     743456 total
 44259K->28383K(83392K), 0.0013161 secs]
61.789: [GC
Desired survivor size 1343488 bytes, new threshold 4 (max 4)
- age   1:     340456 bytes,     340456 total
- age   2:     274848 bytes,     615304 total
- age   3:      45312 bytes,     660616 total
- age   4:       4424 bytes,     665040 total
 44353K->28306K(83392K), 0.0013315 secs]
61.801: [GC
Desired survivor size 1343488 bytes, new threshold 4 (max 4)
- age   1:     428088 bytes,     428088 total
- age   2:     229704 bytes,     657792 total
- age   3:      33952 bytes,     691744 total
- age   4:      45312 bytes,     737056 total
 44274K->28383K(83392K), 0.0014120 secs]
61.814: [GC
Desired survivor size 1343488 bytes, new threshold 4 (max 4)
- age   1:     503552 bytes,     503552 total
- age   2:     118288 bytes,     621840 total
- age   3:     151832 bytes,     773672 total
 44346K->28462K(83392K), 0.0014179 secs]
61.827: [GC
Desired survivor size 1343488 bytes, new threshold 4 (max 4)
- age   1:     307008 bytes,     307008 total
- age   2:     345656 bytes,     652664 total
- age   3:     118288 bytes,     770952 total
- age   4:      96648 bytes,     867600 total
 44427K->28554K(83392K), 0.0015457 secs]
61.848: [GC
Desired survivor size 1343488 bytes, new threshold 4 (max 4)
- age   1:     365664 bytes,     365664 total
- age   3:      99504 bytes,     465168 total
- age   4:     118248 bytes,     583416 total
 44538K->28370K(83392K), 0.0016116 secs]
61.861: [GC
Desired survivor size 1343488 bytes, new threshold 4 (max 4)
- age   1:     385760 bytes,     385760 total
- age   2:     228160 bytes,     613920 total
- age   4:      54168 bytes,     668088 total
 44348K->28571K(83392K), 0.0022230 secs]
61.874: [GC
Desired survivor size 1343488 bytes, new threshold 4 (max 4)
- age   1:     264776 bytes,     264776 total
- age   2:      26496 bytes,     291272 total
- age   3:     155520 bytes,     446792 total
 44538K->28412K(83392K), 0.0013664 secs]
61.887: [GC
Desired survivor size 1343488 bytes, new threshold 4 (max 4)
- age   1:     252424 bytes,     252424 total
- age   2:     134376 bytes,     386800 total
- age   3:      26496 bytes,     413296 total
- age   4:     155520 bytes,     568816 total
 44375K->28527K(83392K), 0.0017390 secs]
61.900: [GC
Desired survivor size 1343488 bytes, new threshold 4 (max 4)
- age   1:     145336 bytes,     145336 total
- age   3:     134376 bytes,     279712 total
- age   4:      26496 bytes,     306208 total
 44507K->28426K(83392K), 0.0012180 secs]
61.912: [GC
Desired survivor size 1343488 bytes, new threshold 4 (max 4)
- age   1:     173712 bytes,     173712 total
- age   2:      84336 bytes,     258048 total
- age   4:     134376 bytes,     392424 total
 44363K->28528K(83392K), 0.0017463 secs]
61.925: [GC
Desired survivor size 1343488 bytes, new threshold 4 (max 4)
- age   1:     877896 bytes,     877896 total
- age   2:      44968 bytes,     922864 total
- age   3:      84336 bytes,    1007200 total
 44497K->29262K(83392K), 0.0017672 secs]
61.938: [GC
Desired survivor size 1343488 bytes, new threshold 4 (max 4)
- age   1:     458680 bytes,     458680 total
- age   2:     754480 bytes,    1213160 total
- age   3:      44968 bytes,    1258128 total
- age   4:      84336 bytes,    1342464 total
 45212K->29589K(83392K), 0.0019117 secs]
61.953: [GC
Desired survivor size 1343488 bytes, new threshold 4 (max 4)
- age   1:     256296 bytes,     256296 total
- age   2:     116944 bytes,     373240 total
- age   3:     352056 bytes,     725296 total
- age   4:      44968 bytes,     770264 total
 45568K->29112K(83392K), 0.0031178 secs]
61.968: [GC
Desired survivor size 1343488 bytes, new threshold 4 (max 4)
- age   1:     858304 bytes,     858304 total
- age   2:     121584 bytes,     979888 total
- age   3:     116904 bytes,    1096792 total
- age   4:     352056 bytes,    1448848 total
 45057K->29819K(83392K), 0.0018694 secs]
61.982: [GC
Desired survivor size 1343488 bytes, new threshold 4 (max 4)
- age   1:     261072 bytes,     261072 total
- age   2:     829312 bytes,    1090384 total
- age   4:      59304 bytes,    1149688 total
 45799K->29869K(83392K), 0.0021535 secs]
61.996: [GC
Desired survivor size 1343488 bytes, new threshold 4 (max 4)
- age   1:     552112 bytes,     552112 total
- age   2:     155504 bytes,     707616 total
- age   3:     474248 bytes,    1181864 total
 45856K->29960K(83392K), 0.0018926 secs]
62.010: [GC
Desired survivor size 1343488 bytes, new threshold 4 (max 4)
- age   1:     632072 bytes,     632072 total
- age   2:     238768 bytes,     870840 total
- age   3:     155504 bytes,    1026344 total
- age   4:     474248 bytes,    1500592 total
 45911K->30270K(83392K), 0.0025351 secs]
62.024: [GC
Desired survivor size 1343488 bytes, new threshold 4 (max 4)
- age   1:     363584 bytes,     363584 total
- age   2:     267528 bytes,     631112 total
- age   3:     238768 bytes,     869880 total
- age   4:     155504 bytes,    1025384 total
 46263K->30022K(83392K), 0.0018437 secs]
62.038: [GC
Desired survivor size 1343488 bytes, new threshold 4 (max 4)
- age   1:     418392 bytes,     418392 total
- age   2:     208752 bytes,     627144 total
- age   3:      67184 bytes,     694328 total
 46021K->29814K(83392K), 0.0013682 secs]
62.051: [GC
Desired survivor size 1343488 bytes, new threshold 4 (max 4)
- age   1:     296040 bytes,     296040 total
- age   2:     338112 bytes,     634152 total
- age   3:     208752 bytes,     842904 total
- age   4:      67184 bytes,     910088 total
 45795K->30025K(83392K), 0.0017823 secs]
62.066: [GC
Desired survivor size 1343488 bytes, new threshold 4 (max 4)
- age   1:     407368 bytes,     407368 total
- age   2:     251928 bytes,     659296 total
- age   3:     338112 bytes,     997408 total
- age   4:         32 bytes,     997440 total
 45977K->30174K(83392K), 0.0017718 secs]
62.080: [GC
Desired survivor size 1343488 bytes, new threshold 4 (max 4)
- age   1:     676576 bytes,     676576 total
- age   2:     332080 bytes,    1008656 total
 46059K->30185K(83392K), 0.0020544 secs]
62.094: [GC
Desired survivor size 1343488 bytes, new threshold 4 (max 4)
- age   1:     331064 bytes,     331064 total
- age   2:     518656 bytes,     849720 total
- age   3:     171016 bytes,    1020736 total
 46161K->30197K(83392K), 0.0023510 secs]
62.109: [GC
Desired survivor size 1343488 bytes, new threshold 4 (max 4)
- age   1:     530568 bytes,     530568 total
- age   2:      81520 bytes,     612088 total
- age   3:     518656 bytes,    1130744 total
- age   4:     170408 bytes,    1301152 total
 46138K->30472K(83392K), 0.0018796 secs]
62.122: [GC
Desired survivor size 1343488 bytes, new threshold 4 (max 4)
- age   1:     546576 bytes,     546576 total
- age   2:     413968 bytes,     960544 total
- age   4:     383192 bytes,    1343736 total
 46448K->30679K(83392K), 0.0022445 secs]
62.138: [GC
Desired survivor size 1343488 bytes, new threshold 4 (max 4)
- age   1:     514776 bytes,     514776 total
- age   2:     303608 bytes,     818384 total
- age   3:     413968 bytes,    1232352 total
 46678K->30653K(83392K), 0.0017642 secs]
62.153: [GC
Desired survivor size 1343488 bytes, new threshold 4 (max 4)
- age   1:     560904 bytes,     560904 total
- age   2:     363008 bytes,     923912 total
- age   4:     170288 bytes,    1094200 total
 46652K->30518K(83392K), 0.0023637 secs]
62.168: [GC
Desired survivor size 1343488 bytes, new threshold 4 (max 4)
- age   1:     603984 bytes,     603984 total
- age   2:     151880 bytes,     755864 total
- age   3:     363008 bytes,    1118872 total
 46497K->30543K(83392K), 0.0018094 secs]
62.183: [GC
Desired survivor size 1343488 bytes, new threshold 4 (max 4)
- age   1:     579528 bytes,     579528 total
- age   2:     336184 bytes,     915712 total
- age   3:     151600 bytes,    1067312 total
 46521K->30494K(83392K), 0.0016429 secs]
62.198: [GC
Desired survivor size 1343488 bytes, new threshold 4 (max 4)
- age   1:     141480 bytes,     141480 total
- age   2:     459496 bytes,     600976 total
- age   3:     336184 bytes,     937160 total
- age   4:     151520 bytes,    1088680 total
 46479K->30516K(83392K), 0.0015694 secs]
62.210: [GC
Desired survivor size 1343488 bytes, new threshold 4 (max 4)
- age   1:     301032 bytes,     301032 total
- age   2:      82248 bytes,     383280 total
- age   3:     249864 bytes,     633144 total
- age   4:     336184 bytes,     969328 total
 46448K->30552K(83392K), 0.0020787 secs]
62.224: [GC
Desired survivor size 1343488 bytes, new threshold 4 (max 4)
- age   1:     571320 bytes,     571320 total
- age   2:     151800 bytes,     723120 total
- age   3:      82248 bytes,     805368 total
- age   4:     249864 bytes,    1055232 total
 46538K->30958K(83392K), 0.0019475 secs]
62.238: [GC
Desired survivor size 1343488 bytes, new threshold 2 (max 4)
- age   1:    1236136 bytes,    1236136 total
- age   2:     247592 bytes,    1483728 total
 46951K->31621K(83392K), 0.0021344 secs]
62.257: [GC
Desired survivor size 1343488 bytes, new threshold 2 (max 4)
- age   1:    1125456 bytes,    1125456 total
- age   2:     442816 bytes,    1568272 total
 47618K->31862K(83392K), 0.0018999 secs]
62.279: [GC
Desired survivor size 1343488 bytes, new threshold 4 (max 4)
- age   1:     120072 bytes,     120072 total
- age   2:    1041120 bytes,    1161192 total
 47860K->31732K(83392K), 0.0027399 secs]
62.297: [GC
Desired survivor size 1343488 bytes, new threshold 4 (max 4)
- age   1:     450728 bytes,     450728 total
- age   2:      33616 bytes,     484344 total
- age   3:     454688 bytes,     939032 total
 47732K->31519K(83392K), 0.0013770 secs]
62.312: [GC
Desired survivor size 1343488 bytes, new threshold 4 (max 4)
- age   1:     742352 bytes,     742352 total
- age   2:     366040 bytes,    1108392 total
- age   3:      27584 bytes,    1135976 total
- age   4:     294192 bytes,    1430168 total
 47512K->32001K(83392K), 0.0017387 secs]
62.325: [GC
Desired survivor size 1343488 bytes, new threshold 4 (max 4)
- age   1:     214496 bytes,     214496 total
- age   2:     712392 bytes,     926888 total
- age   3:     170232 bytes,    1097120 total
- age   4:      27584 bytes,    1124704 total
 47998K->31950K(83392K), 0.0018379 secs]
62.343: [GC
Desired survivor size 1343488 bytes, new threshold 4 (max 4)
- age   1:     130560 bytes,     130560 total
- age   2:     122960 bytes,     253520 total
- age   3:     381064 bytes,     634584 total
- age   4:      85464 bytes,     720048 total
 47950K->31579K(83392K), 0.0014917 secs]
62.359: [GC
Desired survivor size 1343488 bytes, new threshold 4 (max 4)
- age   1:     541280 bytes,     541280 total
- age   2:       8656 bytes,     549936 total
- age   3:     122960 bytes,     672896 total
- age   4:     216264 bytes,     889160 total
 47560K->31732K(83392K), 0.0015308 secs]
62.372: [GC
Desired survivor size 1343488 bytes, new threshold 4 (max 4)
- age   1:     297648 bytes,     297648 total
- age   2:     114056 bytes,     411704 total
- age   3:       8656 bytes,     420360 total
- age   4:     122960 bytes,     543320 total
 47731K->31614K(83392K), 0.0017093 secs]
62.390: [GC
Desired survivor size 1343488 bytes, new threshold 4 (max 4)
- age   1:     334256 bytes,     334256 total
- age   2:     124240 bytes,     458496 total
- age   3:     113944 bytes,     572440 total
- age   4:       8656 bytes,     581096 total
 47601K->31638K(83392K), 0.0012703 secs]
62.404: [GC
Desired survivor size 1343488 bytes, new threshold 4 (max 4)
- age   1:     324328 bytes,     324328 total
- age   2:       4624 bytes,     328952 total
- age   3:     124240 bytes,     453192 total
- age   4:     113944 bytes,     567136 total
 47619K->31640K(83392K), 0.0012308 secs]
62.417: [GC
Desired survivor size 1343488 bytes, new threshold 4 (max 4)
- age   1:     160376 bytes,     160376 total
- age   2:      58952 bytes,     219328 total
- age   3:       4472 bytes,     223800 total
- age   4:     124240 bytes,     348040 total
 47627K->31536K(83392K), 0.0013147 secs]
62.430: [GC
Desired survivor size 1343488 bytes, new threshold 4 (max 4)
- age   1:     512424 bytes,     512424 total
- age   2:      40688 bytes,     553112 total
- age   3:      58952 bytes,     612064 total
- age   4:       4472 bytes,     616536 total
 47528K->31801K(83392K), 0.0012893 secs]
62.442: [GC
Desired survivor size 1343488 bytes, new threshold 4 (max 4)
- age   1:     246976 bytes,     246976 total
- age   2:         32 bytes,     247008 total
- age   3:      40688 bytes,     287696 total
- age   4:      58952 bytes,     346648 total
 47781K->31537K(83392K), 0.0011008 secs]
62.457: [GC
Desired survivor size 1343488 bytes, new threshold 4 (max 4)
- age   1:     655544 bytes,     655544 total
- age   2:     160688 bytes,     816232 total
- age   3:         32 bytes,     816264 total
- age   4:      40688 bytes,     856952 total
 47528K->32095K(83392K), 0.0014467 secs]
62.469: [GC
Desired survivor size 1343488 bytes, new threshold 4 (max 4)
- age   1:     500104 bytes,     500104 total
- age   2:     198216 bytes,     698320 total
- age   3:     160688 bytes,     859008 total
- age   4:         32 bytes,     859040 total
 48079K->32131K(83392K), 0.0019077 secs]
62.485: [GC
Desired survivor size 1343488 bytes, new threshold 4 (max 4)
- age   1:     385040 bytes,     385040 total
- age   2:      81384 bytes,     466424 total
- age   3:     198216 bytes,     664640 total
- age   4:      83688 bytes,     748328 total
 48106K->32024K(83392K), 0.0015468 secs]
62.497: [GC
Desired survivor size 1343488 bytes, new threshold 4 (max 4)
- age   1:     199440 bytes,     199440 total
- age   2:     270672 bytes,     470112 total
- age   3:      81384 bytes,     551496 total
- age   4:     198216 bytes,     749712 total
 47970K->32107K(83392K), 0.0015438 secs]
62.511: [GC
Desired survivor size 1343488 bytes, new threshold 4 (max 4)
- age   1:     783600 bytes,     783600 total
- age   2:     113136 bytes,     896736 total
- age   3:     168304 bytes,    1065040 total
 48102K->32609K(83392K), 0.0025884 secs]
62.526: [GC
Desired survivor size 1343488 bytes, new threshold 4 (max 4)
- age   1:     336280 bytes,     336280 total
- age   2:     699136 bytes,    1035416 total
- age   3:     113136 bytes,    1148552 total
- age   4:     167472 bytes,    1316024 total
 48606K->32853K(83392K), 0.0018591 secs]
62.540: [GC
Desired survivor size 1343488 bytes, new threshold 4 (max 4)
- age   1:     159720 bytes,     159720 total
- age   2:     305904 bytes,     465624 total
- age   3:     414192 bytes,     879816 total
- age   4:     113136 bytes,     992952 total
 48847K->32701K(83392K), 0.0017771 secs]
62.556: [GC
Desired survivor size 1343488 bytes, new threshold 4 (max 4)
- age   1:     174280 bytes,     174280 total
- age   2:      39424 bytes,     213704 total
- age   3:     304984 bytes,     518688 total
- age   4:     154936 bytes,     673624 total
 48701K->32426K(83392K), 0.0018059 secs]
62.570: [GC
Desired survivor size 1343488 bytes, new threshold 4 (max 4)
- age   1:     509152 bytes,     509152 total
- age   2:     124888 bytes,     634040 total
- age   4:     137480 bytes,     771520 total
 48355K->32625K(83392K), 0.0013885 secs]
62.584: [GC
Desired survivor size 1343488 bytes, new threshold 4 (max 4)
- age   1:     292344 bytes,     292344 total
- age   2:     160712 bytes,     453056 total
- age   3:     124888 bytes,     577944 total
 48613K->32440K(83392K), 0.0013460 secs]
62.597: [GC
Desired survivor size 1343488 bytes, new threshold 4 (max 4)
- age   1:     344216 bytes,     344216 total
- age   2:     119680 bytes,     463896 total
- age   4:      83360 bytes,     547256 total
 48393K->32406K(83392K), 0.0016315 secs]
62.613: [GC
Desired survivor size 1343488 bytes, new threshold 4 (max 4)
- age   1:     272744 bytes,     272744 total
- age   2:     112680 bytes,     385424 total
- age   3:     119680 bytes,     505104 total
 48384K->32370K(83392K), 0.0013381 secs]
62.626: [GC
Desired survivor size 1343488 bytes, new threshold 4 (max 4)
- age   1:     480176 bytes,     480176 total
- age   2:     117520 bytes,     597696 total
- age   3:     112680 bytes,     710376 total
- age   4:         32 bytes,     710408 total
 48304K->32570K(83392K), 0.0014560 secs]
62.641: [GC
Desired survivor size 1343488 bytes, new threshold 4 (max 4)
- age   1:     404800 bytes,     404800 total
- age   2:     360384 bytes,     765184 total
- age   3:        360 bytes,     765544 total
- age   4:     112680 bytes,     878224 total
 48546K->32732K(83392K), 0.0016930 secs]
62.655: [GC
Desired survivor size 1343488 bytes, new threshold 4 (max 4)
- age   1:     365432 bytes,     365432 total
- age   2:     404800 bytes,     770232 total
- age   3:     104072 bytes,     874304 total
- age   4:        360 bytes,     874664 total
 48721K->32839K(83392K), 0.0019085 secs]
62.669: [GC
Desired survivor size 1343488 bytes, new threshold 4 (max 4)
- age   1:     232064 bytes,     232064 total
- age   2:     291752 bytes,     523816 total
- age   3:     270784 bytes,     794600 total
- age   4:     104072 bytes,     898672 total
 48820K->32875K(83392K), 0.0015055 secs]
62.685: [GC
Desired survivor size 1343488 bytes, new threshold 4 (max 4)
- age   1:     624736 bytes,     624736 total
- age   2:      94440 bytes,     719176 total
- age   3:     291752 bytes,    1010928 total
- age   4:      60400 bytes,    1071328 total
 48861K->33141K(83392K), 0.0019844 secs]
62.699: [GC
Desired survivor size 1343488 bytes, new threshold 4 (max 4)
- age   1:      87072 bytes,      87072 total
- age   2:     511192 bytes,     598264 total
- age   3:      94440 bytes,     692704 total
- age   4:     223896 bytes,     916600 total
 49132K->33048K(83392K), 0.0018123 secs]
62.712: [GC
Desired survivor size 1343488 bytes, new threshold 4 (max 4)
- age   1:     539984 bytes,     539984 total
- age   3:     511192 bytes,    1051176 total
- age   4:       6264 bytes,    1057440 total
 49037K->33296K(83392K), 0.0018440 secs]
62.727: [GC
Desired survivor size 1343488 bytes, new threshold 4 (max 4)
- age   1:     316312 bytes,     316312 total
- age   2:     362120 bytes,     678432 total
- age   4:     309664 bytes,     988096 total
 49279K->33248K(83392K), 0.0018289 secs]
62.740: [GC
Desired survivor size 1343488 bytes, new threshold 4 (max 4)
- age   1:     149648 bytes,     149648 total
- age   2:     291840 bytes,     441488 total
- age   3:     142520 bytes,     584008 total
 49211K->33147K(83392K), 0.0016026 secs]
62.754: [GC
Desired survivor size 1343488 bytes, new threshold 4 (max 4)
- age   1:     727072 bytes,     727072 total
- age   2:     116920 bytes,     843992 total
- age   3:         32 bytes,     844024 total
- age   4:      28992 bytes,     873016 total
 49135K->33423K(83392K), 0.0015284 secs]
62.769: [GC
Desired survivor size 1343488 bytes, new threshold 4 (max 4)
- age   1:     444736 bytes,     444736 total
- age   2:     400176 bytes,     844912 total
- age   4:         32 bytes,     844944 total
 49373K->33424K(83392K), 0.0016051 secs]
62.782: [GC
Desired survivor size 1343488 bytes, new threshold 4 (max 4)
- age   1:     477928 bytes,     477928 total
- age   2:     343984 bytes,     821912 total
- age   3:     400176 bytes,    1222088 total
 49365K->33792K(83392K), 0.0018056 secs]
62.795: [GC
Desired survivor size 1343488 bytes, new threshold 4 (max 4)
- age   1:     169384 bytes,     169384 total
- age   2:     445240 bytes,     614624 total
- age   3:     343984 bytes,     958608 total
- age   4:     283248 bytes,    1241856 total
 49736K->33812K(83392K), 0.0020128 secs]
62.809: [GC
Desired survivor size 1343488 bytes, new threshold 4 (max 4)
- age   1:     383496 bytes,     383496 total
- age   3:     445240 bytes,     828736 total
- age   4:     343984 bytes,    1172720 total
 49737K->33851K(83392K), 0.0022374 secs]
62.823: [GC
Desired survivor size 1343488 bytes, new threshold 4 (max 4)
- age   1:     537896 bytes,     537896 total
- age   4:     200656 bytes,     738552 total
 49848K->33764K(83392K), 0.0015937 secs]
62.837: [GC
Desired survivor size 1343488 bytes, new threshold 4 (max 4)
- age   1:     490696 bytes,     490696 total
- age   2:     425648 bytes,     916344 total
 49734K->34063K(83392K), 0.0014404 secs]
62.851: [GC
Desired survivor size 1343488 bytes, new threshold 4 (max 4)
- age   1:     468320 bytes,     468320 total
- age   2:     145360 bytes,     613680 total
- age   3:     425648 bytes,    1039328 total
 50055K->34183K(83392K), 0.0017103 secs]
62.865: [GC
Desired survivor size 1343488 bytes, new threshold 4 (max 4)
- age   1:     445744 bytes,     445744 total
- age   2:     384584 bytes,     830328 total
- age   4:     340184 bytes,    1170512 total
 50142K->34311K(83392K), 0.0020051 secs]
62.882: [GC
Desired survivor size 1343488 bytes, new threshold 4 (max 4)
- age   1:     439208 bytes,     439208 total
- age   2:         40 bytes,     439248 total
- age   3:     384584 bytes,     823832 total
 50273K->34044K(83392K), 0.0015496 secs]
62.897: [GC
Desired survivor size 1343488 bytes, new threshold 4 (max 4)
- age   1:     680128 bytes,     680128 total
- age   2:     292888 bytes,     973016 total
- age   4:     120312 bytes,    1093328 total
 49999K->34307K(83392K), 0.0017535 secs]
62.911: [GC
Desired survivor size 1343488 bytes, new threshold 4 (max 4)
- age   1:     239184 bytes,     239184 total
- age   2:     517720 bytes,     756904 total
- age   3:     292888 bytes,    1049792 total
 50253K->34264K(83392K), 0.0018008 secs]
62.924: [GC
Desired survivor size 1343488 bytes, new threshold 4 (max 4)
- age   1:     525456 bytes,     525456 total
- age   3:     402888 bytes,     928344 total
- age   4:     292888 bytes,    1221232 total
 50230K->34432K(83392K), 0.0017639 secs]
62.942: [GC
Desired survivor size 1343488 bytes, new threshold 4 (max 4)
- age   1:     506136 bytes,     506136 total
- age   2:     282544 bytes,     788680 total
- age   4:     155928 bytes,     944608 total
 50432K->34163K(83392K), 0.0023617 secs]
62.956: [GC
Desired survivor size 1343488 bytes, new threshold 4 (max 4)
- age   1:     413792 bytes,     413792 total
- age   2:     449248 bytes,     863040 total
- age   3:     140072 bytes,    1003112 total
 50093K->34220K(83392K), 0.0017001 secs]
62.971: [GC
Desired survivor size 1343488 bytes, new threshold 4 (max 4)
- age   1:     311560 bytes,     311560 total
- age   2:     332096 bytes,     643656 total
- age   3:     230264 bytes,     873920 total
- age   4:     140072 bytes,    1013992 total
 50191K->34231K(83392K), 0.0016338 secs]
62.986: [GC
Desired survivor size 1343488 bytes, new threshold 4 (max 4)
- age   1:     115576 bytes,     115576 total
- age   2:     226568 bytes,     342144 total
- age   3:     332096 bytes,     674240 total
- age   4:      74096 bytes,     748336 total
 50210K->34108K(83392K), 0.0016078 secs]
63.001: [GC
Desired survivor size 1343488 bytes, new threshold 4 (max 4)
- age   1:     357784 bytes,     357784 total
- age   2:        984 bytes,     358768 total
- age   3:      69680 bytes,     428448 total
- age   4:     332096 bytes,     760544 total
 50108K->34128K(83392K), 0.0015300 secs]
63.014: [GC
Desired survivor size 1343488 bytes, new threshold 4 (max 4)
- age   1:     247616 bytes,     247616 total
- age   2:     357784 bytes,     605400 total
- age   3:        984 bytes,     606384 total
- age   4:      69680 bytes,     676064 total
 50108K->34156K(83392K), 0.0015239 secs]
63.028: [GC
Desired survivor size 1343488 bytes, new threshold 4 (max 4)
- age   1:     478616 bytes,     478616 total
- age   2:     188984 bytes,     667600 total
- age   3:     143760 bytes,     811360 total
- age   4:        640 bytes,     812000 total
 50116K->34359K(83392K), 0.0019554 secs]
63.042: [GC
Desired survivor size 1343488 bytes, new threshold 4 (max 4)
- age   1:     318984 bytes,     318984 total
- age   2:     222464 bytes,     541448 total
- age   3:      25688 bytes,     567136 total
- age   4:      62064 bytes,     629200 total
 50356K->34180K(83392K), 0.0015390 secs]
63.054: [GC
Desired survivor size 1343488 bytes, new threshold 4 (max 4)
- age   1:     422128 bytes,     422128 total
- age   2:     259104 bytes,     681232 total
- age   3:       8360 bytes,     689592 total
- age   4:       7296 bytes,     696888 total
 50142K->34311K(83392K), 0.0016894 secs]
63.068: [GC
Desired survivor size 1343488 bytes, new threshold 4 (max 4)
- age   1:     323904 bytes,     323904 total
- age   3:     259104 bytes,     583008 total
- age   4:       8360 bytes,     591368 total
 50285K->34223K(83392K), 0.0017919 secs]
63.083: [GC
Desired survivor size 1343488 bytes, new threshold 4 (max 4)
- age   1:     413600 bytes,     413600 total
- age   2:     134920 bytes,     548520 total
- age   4:      90472 bytes,     638992 total
 50222K->34264K(83392K), 0.0016122 secs]
63.096: [GC
Desired survivor size 1343488 bytes, new threshold 4 (max 4)
- age   1:     584672 bytes,     584672 total
- age   2:     328608 bytes,     913280 total
- age   3:     134920 bytes,    1048200 total
 50149K->34670K(83392K), 0.0016037 secs]
63.109: [GC
Desired survivor size 1343488 bytes, new threshold 4 (max 4)
- age   1:     486704 bytes,     486704 total
- age   2:     532480 bytes,    1019184 total
- age   3:       8152 bytes,    1027336 total
- age   4:     134920 bytes,    1162256 total
 50667K->34778K(83392K), 0.0018205 secs]
63.122: [GC
Desired survivor size 1343488 bytes, new threshold 4 (max 4)
- age   1:     627976 bytes,     627976 total
- age   2:     184144 bytes,     812120 total
- age   3:     273496 bytes,    1085616 total
- age   4:       8152 bytes,    1093768 total
 50728K->34843K(83392K), 0.0018907 secs]
63.140: [GC
Desired survivor size 1343488 bytes, new threshold 4 (max 4)
- age   1:     316232 bytes,     316232 total
- age   2:     153944 bytes,     470176 total
- age   3:      47448 bytes,     517624 total
- age   4:     205104 bytes,     722728 total
 50826K->34491K(83392K), 0.0017710 secs]
63.155: [GC
Desired survivor size 1343488 bytes, new threshold 4 (max 4)
- age   1:     573848 bytes,     573848 total
- age   2:     138856 bytes,     712704 total
- age   3:     153912 bytes,     866616 total
- age   4:       1824 bytes,     868440 total
 50481K->34764K(83392K), 0.0017258 secs]
63.169: [GC
Desired survivor size 1343488 bytes, new threshold 4 (max 4)
- age   1:     514008 bytes,     514008 total
- age   2:     431120 bytes,     945128 total
- age   4:     153912 bytes,    1099040 total
 50718K->34990K(83392K), 0.0015996 secs]
63.185: [GC
Desired survivor size 1343488 bytes, new threshold 4 (max 4)
- age   1:     725136 bytes,     725136 total
- age   3:     103560 bytes,     828696 total
 50938K->34877K(83392K), 0.0014609 secs]
63.198: [GC
Desired survivor size 1343488 bytes, new threshold 4 (max 4)
- age   1:     393440 bytes,     393440 total
- age   2:     197920 bytes,     591360 total
- age   4:     103560 bytes,     694920 total
 50853K->34747K(83392K), 0.0015784 secs]
63.210: [GC
Desired survivor size 1343488 bytes, new threshold 4 (max 4)
- age   1:     554824 bytes,     554824 total
- age   2:     234704 bytes,     789528 total
- age   3:      28032 bytes,     817560 total
 50702K->34966K(83392K), 0.0022283 secs]
63.228: [GC
Desired survivor size 1343488 bytes, new threshold 4 (max 4)
- age   1:     377720 bytes,     377720 total
- age   2:     148368 bytes,     526088 total
 50941K->34682K(83392K), 0.0012973 secs]
63.241: [GC
Desired survivor size 1343488 bytes, new threshold 4 (max 4)
- age   1:     582840 bytes,     582840 total
- age   2:      34336 bytes,     617176 total
- age   3:     148368 bytes,     765544 total
 50641K->34916K(83392K), 0.0013968 secs]
63.255: [GC
Desired survivor size 1343488 bytes, new threshold 4 (max 4)
- age   1:     405688 bytes,     405688 total
- age   2:     151464 bytes,     557152 total
- age   4:     148368 bytes,     705520 total
 50895K->34858K(83392K), 0.0014384 secs]
63.270: [GC
Desired survivor size 1343488 bytes, new threshold 4 (max 4)
- age   1:     617968 bytes,     617968 total
- age   2:      41328 bytes,     659296 total
- age   3:     151464 bytes,     810760 total
 50848K->35106K(83392K), 0.0014140 secs]
63.282: [GC
Desired survivor size 1343488 bytes, new threshold 4 (max 4)
- age   1:     196024 bytes,     196024 total
- age   2:     572640 bytes,     768664 total
- age   3:       1864 bytes,     770528 total
- age   4:     151464 bytes,     921992 total
 51102K->35213K(83392K), 0.0017427 secs]
63.298: [GC
Desired survivor size 1343488 bytes, new threshold 4 (max 4)
- age   1:     265752 bytes,     265752 total
- age   2:     105616 bytes,     371368 total
- age   3:     106552 bytes,     477920 total
- age   4:       1640 bytes,     479560 total
 51213K->34928K(83392K), 0.0012755 secs]
63.311: [GC
Desired survivor size 1343488 bytes, new threshold 4 (max 4)
- age   1:     374720 bytes,     374720 total
- age   2:     184800 bytes,     559520 total
- age   3:     105616 bytes,     665136 total
- age   4:     106552 bytes,     771688 total
 50858K->35214K(83392K), 0.0018087 secs]
63.329: [GC
Desired survivor size 1343488 bytes, new threshold 4 (max 4)
- age   1:     147560 bytes,     147560 total
- age   2:     289808 bytes,     437368 total
- age   3:      52840 bytes,     490208 total
- age   4:     105616 bytes,     595824 total
 51181K->35099K(83392K), 0.0013652 secs]
63.342: [GC
Desired survivor size 1343488 bytes, new threshold 4 (max 4)
- age   1:     531768 bytes,     531768 total
- age   2:      88384 bytes,     620152 total
- age   3:     168400 bytes,     788552 total
- age   4:      52840 bytes,     841392 total
 51086K->35337K(83392K), 0.0015895 secs]
63.356: [GC
Desired survivor size 1343488 bytes, new threshold 4 (max 4)
- age   1:     456144 bytes,     456144 total
- age   2:     459296 bytes,     915440 total
- age   3:       1328 bytes,     916768 total
- age   4:     168400 bytes,    1085168 total
 51330K->35632K(83392K), 0.0018300 secs]
63.374: [GC
Desired survivor size 1343488 bytes, new threshold 4 (max 4)
- age   1:     731064 bytes,     731064 total
- age   2:      20480 bytes,     751544 total
- age   3:     167920 bytes,     919464 total
- age   4:       1328 bytes,     920792 total
 51577K->35633K(83392K), 0.0016035 secs]
63.387: [GC
Desired survivor size 1343488 bytes, new threshold 4 (max 4)
- age   1:     342568 bytes,     342568 total
- age   2:     393360 bytes,     735928 total
- age   3:       9384 bytes,     745312 total
- age   4:     167920 bytes,     913232 total
 51629K->35625K(83392K), 0.0016253 secs]
63.400: [GC
Desired survivor size 1343488 bytes, new threshold 4 (max 4)
- age   1:     159432 bytes,     159432 total
- age   2:     273992 bytes,     433424 total
- age   3:     309352 bytes,     742776 total
- age   4:       9384 bytes,     752160 total
 51577K->35632K(83392K), 0.0016269 secs]
63.415: [GC
Desired survivor size 1343488 bytes, new threshold 4 (max 4)
- age   1:     413704 bytes,     413704 total
- age   2:      73128 bytes,     486832 total
- age   3:      52560 bytes,     539392 total
- age   4:      94424 bytes,     633816 total
 51598K->35529K(83392K), 0.0019991 secs]
63.429: [GC
Desired survivor size 1343488 bytes, new threshold 4 (max 4)
- age   1:     373320 bytes,     373320 total
- age   2:      84872 bytes,     458192 total
- age   3:      73128 bytes,     531320 total
 51499K->35515K(83392K), 0.0012310 secs]
63.444: [GC
Desired survivor size 1343488 bytes, new threshold 4 (max 4)
- age   1:     141560 bytes,     141560 total
- age   2:      83480 bytes,     225040 total
- age   3:      84872 bytes,     309912 total
- age   4:      73128 bytes,     383040 total
 51515K->35369K(83392K), 0.0013570 secs]
63.458: [GC
Desired survivor size 1343488 bytes, new threshold 4 (max 4)
- age   1:     434592 bytes,     434592 total
- age   2:       7288 bytes,     441880 total
- age   3:      42896 bytes,     484776 total
- age   4:      84872 bytes,     569648 total
 51359K->35551K(83392K), 0.0011677 secs]
63.472: [GC
Desired survivor size 1343488 bytes, new threshold 4 (max 4)
- age   1:     372968 bytes,     372968 total
- age   2:     158448 bytes,     531416 total
- age   3:       7288 bytes,     538704 total
- age   4:      42896 bytes,     581600 total
 51528K->35572K(83392K), 0.0012507 secs]
63.484: [GC
Desired survivor size 1343488 bytes, new threshold 4 (max 4)
- age   1:     607432 bytes,     607432 total
- age   3:      91544 bytes,     698976 total
- age   4:       7248 bytes,     706224 total
 51555K->35690K(83392K), 0.0014226 secs]
63.500: [GC
Desired survivor size 1343488 bytes, new threshold 4 (max 4)
- age   1:     222864 bytes,     222864 total
- age   2:      68672 bytes,     291536 total
- age   4:      91544 bytes,     383080 total
 51689K->35381K(83392K), 0.0013972 secs]
63.512: [GC
Desired survivor size 1343488 bytes, new threshold 4 (max 4)
- age   1:     411496 bytes,     411496 total
- age   2:      47928 bytes,     459424 total
- age   3:      68672 bytes,     528096 total
 51365K->35521K(83392K), 0.0024698 secs]
63.527: [GC
Desired survivor size 1343488 bytes, new threshold 4 (max 4)
- age   1:     171520 bytes,     171520 total
- age   2:     104208 bytes,     275728 total
- age   3:        704 bytes,     276432 total
- age   4:      68672 bytes,     345104 total
 51516K->35342K(83392K), 0.0012562 secs]
63.541: [GC
Desired survivor size 1343488 bytes, new threshold 4 (max 4)
- age   1:     273904 bytes,     273904 total
- age   3:      67584 bytes,     341488 total
- age   4:        704 bytes,     342192 total
 51305K->35341K(83392K), 0.0011422 secs]
63.553: [GC
Desired survivor size 1343488 bytes, new threshold 4 (max 4)
- age   1:     244496 bytes,     244496 total
- age   2:     193856 bytes,     438352 total
 51309K->35436K(83392K), 0.0015157 secs]
63.566: [GC
Desired survivor size 1343488 bytes, new threshold 4 (max 4)
- age   1:     581648 bytes,     581648 total
- age   3:      56008 bytes,     637656 total
 51436K->35631K(83392K), 0.0021471 secs]
63.580: [GC
Desired survivor size 1343488 bytes, new threshold 4 (max 4)
- age   1:     208440 bytes,     208440 total
- age   2:     319208 bytes,     527648 total
- age   4:      56008 bytes,     583656 total
 51610K->35578K(83392K), 0.0011931 secs]
63.594: [GC
Desired survivor size 1343488 bytes, new threshold 4 (max 4)
- age   1:     243064 bytes,     243064 total
- age   2:     156016 bytes,     399080 total
 51574K->35453K(83392K), 0.0014361 secs]
63.607: [GC
Desired survivor size 1343488 bytes, new threshold 4 (max 4)
- age   1:     370584 bytes,     370584 total
- age   2:      77440 bytes,     448024 total
 51440K->35499K(83392K), 0.0026799 secs]
63.622: [GC
Desired survivor size 1343488 bytes, new threshold 4 (max 4)
- age   1:     125888 bytes,     125888 total
- age   2:      79080 bytes,     204968 total
- age   3:      77440 bytes,     282408 total
 51491K->35339K(83392K), 0.0010952 secs]
63.635: [GC
Desired survivor size 1343488 bytes, new threshold 4 (max 4)
- age   1:     830032 bytes,     830032 total
- age   2:      59912 bytes,     889944 total
 51332K->35933K(83392K), 0.0014491 secs]
63.648: [GC
Desired survivor size 1343488 bytes, new threshold 4 (max 4)
- age   1:     145800 bytes,     145800 total
- age   2:     556000 bytes,     701800 total
- age   3:      59912 bytes,     761712 total
 51880K->35807K(83392K), 0.0014452 secs]
63.661: [GC
Desired survivor size 1343488 bytes, new threshold 4 (max 4)
- age   1:     479776 bytes,     479776 total
- age   3:     313616 bytes,     793392 total
- age   4:      59912 bytes,     853304 total
 51795K->35897K(83392K), 0.0014089 secs]
63.674: [GC
Desired survivor size 1343488 bytes, new threshold 4 (max 4)
- age   1:     528008 bytes,     528008 total
- age   4:     110072 bytes,     638080 total
 51833K->35745K(83392K), 0.0018522 secs]
63.688: [GC
Desired survivor size 1343488 bytes, new threshold 4 (max 4)
- age   1:     571832 bytes,     571832 total
- age   2:     135688 bytes,     707520 total
 51694K->35921K(83392K), 0.0013271 secs]
63.703: [GC
Desired survivor size 1343488 bytes, new threshold 4 (max 4)
- age   1:     701264 bytes,     701264 total
 51883K->35914K(83392K), 0.0027240 secs]
63.719: [GC
Desired survivor size 1343488 bytes, new threshold 4 (max 4)
- age   1:     285632 bytes,     285632 total
- age   2:     120432 bytes,     406064 total
 51895K->35625K(83392K), 0.0027249 secs]
63.736: [GC
Desired survivor size 1343488 bytes, new threshold 4 (max 4)
- age   1:     434064 bytes,     434064 total
- age   2:        704 bytes,     434768 total
- age   3:     120432 bytes,     555200 total
 51534K->35771K(83392K), 0.0011999 secs]
63.752: [GC
Desired survivor size 1343488 bytes, new threshold 4 (max 4)
- age   1:     370904 bytes,     370904 total
- age   2:       7752 bytes,     378656 total
- age   3:        704 bytes,     379360 total
- age   4:     120432 bytes,     499792 total
 51766K->35720K(83392K), 0.0011383 secs]
63.765: [GC
Desired survivor size 1343488 bytes, new threshold 4 (max 4)
- age   1:     345592 bytes,     345592 total
- age   2:       4224 bytes,     349816 total
- age   3:       7752 bytes,     357568 total
- age   4:        704 bytes,     358272 total
 51720K->35702K(83392K), 0.0012285 secs]
63.779: [GC
Desired survivor size 1343488 bytes, new threshold 4 (max 4)
- age   1:     370616 bytes,     370616 total
- age   3:       4224 bytes,     374840 total
- age   4:       7752 bytes,     382592 total
 51691K->35724K(83392K), 0.0013057 secs]
63.791: [GC
Desired survivor size 1343488 bytes, new threshold 4 (max 4)
- age   1:     314208 bytes,     314208 total
- age   4:       4224 bytes,     318432 total
 51701K->35670K(83392K), 0.0010898 secs]
63.804: [GC
Desired survivor size 1343488 bytes, new threshold 4 (max 4)
- age   1:     447456 bytes,     447456 total
 51634K->35797K(83392K), 0.0011441 secs]
63.818: [GC
Desired survivor size 1343488 bytes, new threshold 4 (max 4)
- age   1:     292608 bytes,     292608 total
 51741K->35646K(83392K), 0.0009588 secs]
63.830: [GC
Desired survivor size 1343488 bytes, new threshold 4 (max 4)
- age   1:     494888 bytes,     494888 total
 51645K->35843K(83392K), 0.0011311 secs]
63.845: [GC
Desired survivor size 1343488 bytes, new threshold 4 (max 4)
- age   1:     143448 bytes,     143448 total
 51826K->35499K(83392K), 0.0010284 secs]
63.860: [GC
Desired survivor size 1343488 bytes, new threshold 4 (max 4)
- age   1:      65104 bytes,      65104 total
- age   2:        704 bytes,      65808 total
 51484K->35422K(83392K), 0.0028197 secs]
63.876: [GC
Desired survivor size 1343488 bytes, new threshold 4 (max 4)
- age   1:      81928 bytes,      81928 total
- age   2:        856 bytes,      82784 total
- age   3:        704 bytes,      83488 total
 51414K->35439K(83392K), 0.0008939 secs]
63.888: [GC
Desired survivor size 1343488 bytes, new threshold 4 (max 4)
- age   1:     259176 bytes,     259176 total
- age   2:       7584 bytes,     266760 total
- age   3:        856 bytes,     267616 total
- age   4:        704 bytes,     268320 total
 51417K->35622K(83392K), 0.0009723 secs]
63.902: [GC
Desired survivor size 1343488 bytes, new threshold 4 (max 4)
- age   1:     193896 bytes,     193896 total
- age   2:       3184 bytes,     197080 total
- age   3:       7528 bytes,     204608 total
- age   4:        856 bytes,     205464 total
 51591K->35563K(83392K), 0.0009102 secs]
63.914: [GC
Desired survivor size 1343488 bytes, new threshold 4 (max 4)
- age   1:     162776 bytes,     162776 total
- age   3:       3184 bytes,     165960 total
- age   4:       7528 bytes,     173488 total
 51544K->35533K(83392K), 0.0010002 secs]
63.926: [GC
Desired survivor size 1343488 bytes, new threshold 4 (max 4)
- age   1:     264240 bytes,     264240 total
- age   4:       3184 bytes,     267424 total
 51517K->35633K(83392K), 0.0010426 secs]
63.943: [GC
Desired survivor size 1343488 bytes, new threshold 4 (max 4)
- age   1:      57632 bytes,      57632 total
 51626K->35427K(83392K), 0.0009776 secs]
63.957: [GC
Desired survivor size 1343488 bytes, new threshold 4 (max 4)
- age   1:      66904 bytes,      66904 total
- age   2:        824 bytes,      67728 total
 51363K->35437K(83392K), 0.0008750 secs]
63.971: [GC
Desired survivor size 1343488 bytes, new threshold 4 (max 4)
- age   1:     154136 bytes,     154136 total
- age   3:        824 bytes,     154960 total
 51366K->35522K(83392K), 0.0008352 secs]
63.985: [GC
Desired survivor size 1343488 bytes, new threshold 4 (max 4)
- age   1:     167392 bytes,     167392 total
- age   4:        824 bytes,     168216 total
 51484K->35535K(83392K), 0.0009430 secs]
64.009: [GC
Desired survivor size 1343488 bytes, new threshold 4 (max 4)
- age   1:      23864 bytes,      23864 total
 51525K->35394K(83392K), 0.0012761 secs]
64.023: [GC
Desired survivor size 1343488 bytes, new threshold 4 (max 4)
- age   1:      65776 bytes,      65776 total
- age   2:      11416 bytes,      77192 total
 51386K->35447K(83392K), 0.0011473 secs]
64.037: [GC
Desired survivor size 1343488 bytes, new threshold 4 (max 4)
- age   1:      47520 bytes,      47520 total
- age   3:      11416 bytes,      58936 total
 51426K->35435K(83392K), 0.0009138 secs]
64.051: [GC
Desired survivor size 1343488 bytes, new threshold 4 (max 4)
- age   1:      58592 bytes,      58592 total
- age   4:      11416 bytes,      70008 total
 51393K->35442K(83392K), 0.0008949 secs]
64.065: [GC
Desired survivor size 1343488 bytes, new threshold 4 (max 4)
- age   1:      68376 bytes,      68376 total
 51400K->35451K(83392K), 0.0009389 secs]
64.079: [GC
Desired survivor size 1343488 bytes, new threshold 4 (max 4)
- age   1:      78384 bytes,      78384 total
 51380K->35458K(83392K), 0.0008342 secs]
64.094: [GC
Desired survivor size 1343488 bytes, new threshold 4 (max 4)
- age   1:      84640 bytes,      84640 total
 51421K->35464K(83392K), 0.0009089 secs]
65.317: [Full GC 44835K->5993K(83392K), 0.0916691 secs]
