0.901: [GC [PSYoungGen: 12288K->1650K(14336K)] 12288K->1650K(47104K), 0.0088584 secs] [Times: user=0.01 sys=0.00, real=0.01 secs] 
1.130: [GC [PSYoungGen: 8150K->1712K(14336K)] 8150K->1712K(47104K), 0.0059520 secs] [Times: user=0.01 sys=0.00, real=0.00 secs] 
1.136: [Full GC (System) [PSYoungGen: 1712K->0K(14336K)] [ParOldGen: 0K->1619K(32768K)] 1712K->1619K(47104K) [PSPermGen: 10118K->10064K(21248K)], 0.0911719 secs] [Times: user=0.08 sys=0.00, real=0.09 secs] 
1.229: [GC [PSYoungGen: 0K->0K(14336K)] 1619K->1619K(47104K), 0.0003201 secs] [Times: user=0.00 sys=0.00, real=0.00 secs] 
1.229: [Full GC (System) [PSYoungGen: 0K->0K(14336K)] [ParOldGen: 1619K->1612K(32768K)] 1619K->1612K(47104K) [PSPermGen: 10064K->10064K(22976K)], 0.0478883 secs] [Times: user=0.06 sys=0.01, real=0.05 secs] 
7.813: [GC [PSYoungGen: 12288K->2040K(14336K)] 13900K->4500K(47104K), 0.0125882 secs] [Times: user=0.02 sys=0.00, real=0.01 secs] 
10.235: [GC [PSYoungGen: 14313K->2016K(14336K)] 16773K->6423K(47104K), 0.0192195 secs] [Times: user=0.03 sys=0.00, real=0.02 secs] 
10.267: [GC [PSYoungGen: 14274K->2044K(14336K)] 18681K->6544K(47104K), 0.0079833 secs] [Times: user=0.01 sys=0.00, real=0.01 secs] 
10.285: [GC [PSYoungGen: 14331K->2031K(14336K)] 18831K->6676K(47104K), 0.0068561 secs] [Times: user=0.01 sys=0.00, real=0.01 secs] 
10.306: [GC [PSYoungGen: 14279K->2032K(28160K)] 18924K->6677K(60928K), 0.0080990 secs] [Times: user=0.01 sys=0.00, real=0.01 secs] 
10.348: [GC [PSYoungGen: 26484K->801K(28416K)] 31129K->6743K(61184K), 0.0103717 secs] [Times: user=0.01 sys=0.00, real=0.01 secs] 
10.378: [GC [PSYoungGen: 25317K->223K(52992K)] 31259K->6838K(85760K), 0.0036081 secs] [Times: user=0.00 sys=0.00, real=0.01 secs] 
10.499: [GC [PSYoungGen: 49274K->242K(53056K)] 55889K->6858K(85824K), 0.0011238 secs] [Times: user=0.00 sys=0.00, real=0.01 secs] 
10.539: [GC [PSYoungGen: 49296K->307K(82624K)] 55912K->6923K(115392K), 0.0013434 secs] [Times: user=0.00 sys=0.00, real=0.01 secs] 
10.638: [GC [PSYoungGen: 78894K->288K(82624K)] 85510K->6935K(115392K), 0.0017273 secs] [Times: user=0.00 sys=0.00, real=0.01 secs] 
10.706: [GC [PSYoungGen: 78880K->130K(129600K)] 85527K->6785K(162368K), 0.0007639 secs] [Times: user=0.00 sys=0.00, real=0.00 secs] 
10.859: [GC [PSYoungGen: 125886K->430K(129664K)] 132542K->7109K(162432K), 0.0018177 secs] [Times: user=0.00 sys=0.00, real=0.01 secs] 
10.994: [GC [PSYoungGen: 126156K->760K(204608K)] 132835K->7463K(237376K), 0.0057188 secs] [Times: user=0.01 sys=0.01, real=0.01 secs] 
11.283: [GC [PSYoungGen: 201976K->1297K(204800K)] 208679K->8033K(237568K), 0.0053453 secs] [Times: user=0.01 sys=0.00, real=0.00 secs] 
11.451: [GC [PSYoungGen: 202513K->1473K(258432K)] 209248K->8331K(291200K), 0.0037141 secs] [Times: user=0.00 sys=0.00, real=0.00 secs] 
11.717: [GC [PSYoungGen: 256578K->1741K(258496K)] 263435K->8660K(291264K), 0.0041000 secs] [Times: user=0.00 sys=0.01, real=0.01 secs] 
11.920: [GC [PSYoungGen: 256906K->1816K(258816K)] 263826K->8844K(291584K), 0.0037313 secs] [Times: user=0.00 sys=0.00, real=0.00 secs] 
12.142: [GC [PSYoungGen: 257298K->2202K(257728K)] 264326K->9284K(290496K), 0.0045880 secs] [Times: user=0.01 sys=0.00, real=0.00 secs] 
12.384: [GC [PSYoungGen: 257690K->2590K(258176K)] 264772K->9726K(290944K), 0.0052360 secs] [Times: user=0.01 sys=0.00, real=0.01 secs] 
12.627: [GC [PSYoungGen: 257310K->1470K(258432K)] 264446K->8684K(291200K), 0.0047139 secs] [Times: user=0.00 sys=0.00, real=0.01 secs] 
12.839: [GC [PSYoungGen: 256190K->1732K(258112K)] 263404K->9087K(290880K), 0.0031769 secs] [Times: user=0.00 sys=0.00, real=0.01 secs] 
13.063: [GC [PSYoungGen: 256633K->2845K(258304K)] 263988K->10280K(291072K), 0.0070574 secs] [Times: user=0.01 sys=0.00, real=0.01 secs] 
13.274: [GC [PSYoungGen: 257714K->2936K(257920K)] 265148K->10465K(290688K), 0.0050229 secs] [Times: user=0.01 sys=0.00, real=0.01 secs] 
13.483: [GC [PSYoungGen: 257076K->3854K(258112K)] 264605K->11391K(290880K), 0.0066096 secs] [Times: user=0.01 sys=0.00, real=0.01 secs] 
13.710: [GC [PSYoungGen: 258014K->3170K(256704K)] 265550K->10730K(289472K), 0.0036275 secs] [Times: user=0.01 sys=0.00, real=0.01 secs] 
13.918: [GC [PSYoungGen: 255820K->3283K(256000K)] 263380K->10875K(288768K), 0.0047120 secs] [Times: user=0.01 sys=0.00, real=0.01 secs] 
14.141: [GC [PSYoungGen: 255920K->3434K(256896K)] 263512K->11059K(289664K), 0.0047364 secs] [Times: user=0.01 sys=0.00, real=0.00 secs] 
14.364: [GC [PSYoungGen: 255460K->2413K(254464K)] 263084K->10077K(287232K), 0.0044444 secs] [Times: user=0.01 sys=0.00, real=0.00 secs] 
14.572: [GC [PSYoungGen: 254429K->2440K(257216K)] 262093K->10185K(289984K), 0.0025050 secs] [Times: user=0.01 sys=0.00, real=0.00 secs] 
14.772: [GC [PSYoungGen: 254809K->2727K(257024K)] 262554K->10504K(289792K), 0.0032866 secs] [Times: user=0.01 sys=0.00, real=0.00 secs] 
14.989: [GC [PSYoungGen: 255107K->3439K(257088K)] 262884K->11232K(289856K), 0.0039529 secs] [Times: user=0.01 sys=0.00, real=0.01 secs] 
15.201: [GC [PSYoungGen: 255980K->2228K(257280K)] 263773K->10045K(290048K), 0.0038320 secs] [Times: user=0.00 sys=0.00, real=0.00 secs] 
15.542: [GC [PSYoungGen: 254678K->3269K(257344K)] 262494K->11102K(290112K), 0.0127658 secs] [Times: user=0.00 sys=0.00, real=0.01 secs] 
15.782: [GC [PSYoungGen: 256026K->3258K(257408K)] 263859K->11115K(290176K), 0.0046271 secs] [Times: user=0.01 sys=0.00, real=0.00 secs] 
16.010: [GC [PSYoungGen: 256035K->3003K(257472K)] 263891K->10900K(290240K), 0.0052115 secs] [Times: user=0.01 sys=0.00, real=0.01 secs] 
16.236: [GC [PSYoungGen: 255851K->2274K(255168K)] 263747K->10226K(287936K), 0.0026881 secs] [Times: user=0.00 sys=0.00, real=0.00 secs] 
16.434: [GC [PSYoungGen: 255113K->2923K(257472K)] 263065K->10947K(290240K), 0.0050034 secs] [Times: user=0.01 sys=0.00, real=0.00 secs] 
16.649: [GC [PSYoungGen: 255902K->2379K(257408K)] 263926K->10427K(290176K), 0.0026033 secs] [Times: user=0.01 sys=0.00, real=0.01 secs] 
16.844: [GC [PSYoungGen: 255352K->2712K(257600K)] 263401K->10785K(290368K), 0.0034950 secs] [Times: user=0.01 sys=0.00, real=0.00 secs] 
17.047: [GC [PSYoungGen: 256087K->2361K(257536K)] 264159K->10894K(290304K), 0.0032877 secs] [Times: user=0.01 sys=0.00, real=0.01 secs] 
17.250: [GC [PSYoungGen: 255734K->2323K(257856K)] 264268K->10896K(290624K), 0.0027427 secs] [Times: user=0.00 sys=0.00, real=0.00 secs] 
17.447: [GC [PSYoungGen: 256126K->2331K(257792K)] 264699K->10928K(290560K), 0.0027112 secs] [Times: user=0.01 sys=0.00, real=0.01 secs] 
17.664: [GC [PSYoungGen: 256145K->2202K(258048K)] 264742K->10823K(290816K), 0.0044132 secs] [Times: user=0.01 sys=0.00, real=0.00 secs] 
17.878: [GC [PSYoungGen: 256457K->1853K(258048K)] 265078K->10530K(290816K), 0.0024635 secs] [Times: user=0.00 sys=0.00, real=0.01 secs] 
18.082: [GC [PSYoungGen: 256121K->2147K(258240K)] 264798K->10848K(291008K), 0.0030411 secs] [Times: user=0.00 sys=0.01, real=0.00 secs] 
18.283: [GC [PSYoungGen: 256734K->1973K(258304K)] 265435K->10706K(291072K), 0.0024255 secs] [Times: user=0.00 sys=0.00, real=0.00 secs] 
18.489: [GC [PSYoungGen: 256565K->2462K(258304K)] 265298K->11219K(291072K), 0.0030659 secs] [Times: user=0.01 sys=0.00, real=0.01 secs] 
18.699: [GC [PSYoungGen: 257245K->1823K(258368K)] 266002K->10620K(291136K), 0.0020401 secs] [Times: user=0.00 sys=0.00, real=0.01 secs] 
18.925: [GC [PSYoungGen: 256607K->1805K(258560K)] 265404K->10626K(291328K), 0.0031299 secs] [Times: user=0.01 sys=0.00, real=0.00 secs] 
19.127: [GC [PSYoungGen: 256831K->1446K(258560K)] 265652K->10395K(291328K), 0.0024854 secs] [Times: user=0.01 sys=0.00, real=0.00 secs] 
19.326: [GC [PSYoungGen: 256460K->1675K(258624K)] 265410K->10656K(291392K), 0.0017665 secs] [Times: user=0.00 sys=0.00, real=0.00 secs] 
19.535: [GC [PSYoungGen: 256753K->1569K(256704K)] 265735K->10574K(289472K), 0.0028469 secs] [Times: user=0.00 sys=0.00, real=0.00 secs] 
19.764: [GC [PSYoungGen: 256659K->1460K(258560K)] 265664K->10504K(291328K), 0.0021285 secs] [Times: user=0.00 sys=0.00, real=0.00 secs] 
19.977: [GC [PSYoungGen: 256535K->1241K(258560K)] 265578K->10340K(291328K), 0.0018284 secs] [Times: user=0.00 sys=0.00, real=0.00 secs] 
20.229: [GC [PSYoungGen: 256319K->1745K(258432K)] 265418K->10906K(291200K), 0.0063447 secs] [Times: user=0.01 sys=0.00, real=0.01 secs] 
20.439: [GC [PSYoungGen: 256974K->1577K(258560K)] 266135K->10839K(291328K), 0.0049374 secs] [Times: user=0.01 sys=0.01, real=0.01 secs] 
20.652: [GC [PSYoungGen: 256791K->1937K(258496K)] 266052K->11230K(291264K), 0.0028395 secs] [Times: user=0.00 sys=0.00, real=0.00 secs] 
20.873: [GC [PSYoungGen: 257481K->1736K(258688K)] 266774K->11061K(291456K), 0.0029274 secs] [Times: user=0.01 sys=0.00, real=0.00 secs] 
21.088: [GC [PSYoungGen: 257252K->1714K(258816K)] 266577K->11080K(291584K), 0.0021031 secs] [Times: user=0.01 sys=0.00, real=0.01 secs] 
21.303: [GC [PSYoungGen: 257649K->1786K(258944K)] 267015K->11199K(291712K), 0.0029415 secs] [Times: user=0.00 sys=0.00, real=0.00 secs] 
21.514: [GC [PSYoungGen: 257776K->1932K(259008K)] 267190K->11386K(291776K), 0.0059205 secs] [Times: user=0.00 sys=0.00, real=0.01 secs] 
21.726: [GC [PSYoungGen: 258196K->2263K(259136K)] 267650K->11748K(291904K), 0.0043627 secs] [Times: user=0.00 sys=0.00, real=0.01 secs] 
21.939: [GC [PSYoungGen: 258525K->2015K(259328K)] 268010K->11533K(292096K), 0.0033635 secs] [Times: user=0.00 sys=0.00, real=0.01 secs] 
22.155: [GC [PSYoungGen: 258511K->2387K(258944K)] 268028K->11936K(291712K), 0.0035660 secs] [Times: user=0.00 sys=0.00, real=0.00 secs] 
22.363: [GC [PSYoungGen: 258861K->2277K(259136K)] 268410K->11882K(291904K), 0.0029120 secs] [Times: user=0.00 sys=0.00, real=0.00 secs] 
22.566: [GC [PSYoungGen: 258509K->2524K(258816K)] 268115K->12170K(291584K), 0.0025708 secs] [Times: user=0.00 sys=0.00, real=0.00 secs] 
22.774: [GC [PSYoungGen: 258777K->2177K(259136K)] 268422K->11847K(291904K), 0.0031782 secs] [Times: user=0.00 sys=0.00, real=0.00 secs] 
22.971: [GC [PSYoungGen: 258290K->2263K(258432K)] 267959K->11972K(291200K), 0.0027735 secs] [Times: user=0.00 sys=0.00, real=0.00 secs] 
23.167: [GC [PSYoungGen: 258371K->1700K(259072K)] 268080K->11917K(291840K), 0.0031018 secs] [Times: user=0.01 sys=0.00, real=0.01 secs] 
23.380: [GC [PSYoungGen: 257815K->2366K(259072K)] 268031K->12598K(291840K), 0.0027102 secs] [Times: user=0.00 sys=0.00, real=0.00 secs] 
23.586: [GC [PSYoungGen: 258493K->2296K(259136K)] 268725K->12953K(291904K), 0.0036886 secs] [Times: user=0.00 sys=0.00, real=0.00 secs] 
23.783: [GC [PSYoungGen: 258472K->2246K(259136K)] 269129K->12960K(291904K), 0.0026929 secs] [Times: user=0.01 sys=0.00, real=0.00 secs] 
23.982: [GC [PSYoungGen: 258422K->2595K(258944K)] 269135K->13333K(291712K), 0.0034762 secs] [Times: user=0.00 sys=0.01, real=0.00 secs] 
24.181: [GC [PSYoungGen: 258527K->2290K(259072K)] 269265K->13059K(291840K), 0.0027681 secs] [Times: user=0.01 sys=0.00, real=0.00 secs] 
24.389: [GC [PSYoungGen: 258276K->2151K(258880K)] 269045K->12937K(291648K), 0.0025048 secs] [Times: user=0.01 sys=0.00, real=0.01 secs] 
24.580: [GC [PSYoungGen: 258199K->2648K(259008K)] 268985K->13489K(291776K), 0.0028026 secs] [Times: user=0.00 sys=0.00, real=0.00 secs] 
24.788: [GC [PSYoungGen: 258712K->2258K(259136K)] 269553K->13116K(291904K), 0.0026433 secs] [Times: user=0.00 sys=0.00, real=0.01 secs] 
24.994: [GC [PSYoungGen: 258428K->1660K(259136K)] 269286K->12557K(291904K), 0.0031478 secs] [Times: user=0.00 sys=0.00, real=0.00 secs] 
25.193: [GC [PSYoungGen: 257804K->2105K(259136K)] 268702K->13051K(291904K), 0.0021997 secs] [Times: user=0.01 sys=0.00, real=0.00 secs] 
25.394: [GC [PSYoungGen: 258182K->2306K(259136K)] 269127K->13276K(291904K), 0.0026622 secs] [Times: user=0.00 sys=0.00, real=0.00 secs] 
25.597: [GC [PSYoungGen: 258491K->2009K(259136K)] 269461K->13011K(291904K), 0.0022713 secs] [Times: user=0.01 sys=0.00, real=0.00 secs] 
25.810: [GC [PSYoungGen: 258229K->1568K(259136K)] 269230K->12938K(291904K), 0.0023683 secs] [Times: user=0.00 sys=0.00, real=0.00 secs] 
26.010: [GC [PSYoungGen: 257820K->2110K(259136K)] 269191K->13545K(291904K), 0.0024585 secs] [Times: user=0.00 sys=0.00, real=0.01 secs] 
26.205: [GC [PSYoungGen: 258426K->2034K(259200K)] 269861K->13713K(291968K), 0.0028292 secs] [Times: user=0.01 sys=0.00, real=0.00 secs] 
26.410: [GC [PSYoungGen: 258380K->2077K(259200K)] 270060K->13789K(291968K), 0.0026760 secs] [Times: user=0.01 sys=0.00, real=0.00 secs] 
26.606: [GC [PSYoungGen: 258653K->2580K(259264K)] 270365K->14331K(292032K), 0.0026676 secs] [Times: user=0.00 sys=0.00, real=0.00 secs] 
26.813: [GC [PSYoungGen: 259135K->2176K(259392K)] 270886K->13943K(292160K), 0.0026201 secs] [Times: user=0.01 sys=0.00, real=0.00 secs] 
27.012: [GC [PSYoungGen: 258727K->2051K(259328K)] 270494K->13858K(292096K), 0.0022396 secs] [Times: user=0.01 sys=0.00, real=0.00 secs] 
27.224: [GC [PSYoungGen: 258620K->892K(259136K)] 270427K->12716K(291904K), 0.0016567 secs] [Times: user=0.01 sys=0.00, real=0.00 secs] 
27.425: [GC [PSYoungGen: 257238K->1878K(259264K)] 269061K->13725K(292032K), 0.0025021 secs] [Times: user=0.01 sys=0.00, real=0.00 secs] 
27.648: [GC [PSYoungGen: 258244K->1251K(259200K)] 270092K->13131K(291968K), 0.0020401 secs] [Times: user=0.00 sys=0.00, real=0.01 secs] 
27.860: [GC [PSYoungGen: 257599K->1315K(259264K)] 269478K->13284K(292032K), 0.0021552 secs] [Times: user=0.00 sys=0.00, real=0.01 secs] 
28.067: [GC [PSYoungGen: 257687K->1555K(259136K)] 269657K->13609K(291904K), 0.0024305 secs] [Times: user=0.01 sys=0.00, real=0.00 secs] 
28.263: [GC [PSYoungGen: 257927K->1629K(259200K)] 269981K->13712K(291968K), 0.0018716 secs] [Times: user=0.00 sys=0.00, real=0.00 secs] 
28.471: [GC [PSYoungGen: 258013K->1573K(259328K)] 270096K->13689K(292096K), 0.0019780 secs] [Times: user=0.00 sys=0.00, real=0.00 secs] 
28.674: [GC [PSYoungGen: 258124K->1944K(259328K)] 270240K->14116K(292096K), 0.0025420 secs] [Times: user=0.01 sys=0.00, real=0.00 secs] 
28.881: [GC [PSYoungGen: 258513K->1552K(259328K)] 270685K->13755K(292096K), 0.0022768 secs] [Times: user=0.01 sys=0.00, real=0.00 secs] 
29.092: [GC [PSYoungGen: 258255K->1485K(259328K)] 270459K->13749K(292096K), 0.0023622 secs] [Times: user=0.01 sys=0.00, real=0.00 secs] 
29.288: [GC [PSYoungGen: 258186K->1629K(259392K)] 270449K->13976K(292160K), 0.0022219 secs] [Times: user=0.01 sys=0.00, real=0.01 secs] 
29.492: [GC [PSYoungGen: 258505K->1788K(259456K)] 270853K->14152K(292224K), 0.0023755 secs] [Times: user=0.00 sys=0.00, real=0.00 secs] 
29.689: [GC [PSYoungGen: 258624K->1891K(259584K)] 270988K->14318K(292352K), 0.0024111 secs] [Times: user=0.00 sys=0.00, real=0.01 secs] 
29.893: [GC [PSYoungGen: 258952K->2483K(259584K)] 271379K->15038K(292352K), 0.0035201 secs] [Times: user=0.01 sys=0.00, real=0.00 secs] 
30.095: [GC [PSYoungGen: 259547K->2166K(259328K)] 272102K->14777K(292096K), 0.0024356 secs] [Times: user=0.00 sys=0.00, real=0.00 secs] 
30.299: [GC [PSYoungGen: 258921K->1738K(259456K)] 271532K->14793K(292224K), 0.0029614 secs] [Times: user=0.00 sys=0.00, real=0.01 secs] 
30.511: [GC [PSYoungGen: 258494K->2108K(259456K)] 271549K->15203K(292224K), 0.0025146 secs] [Times: user=0.00 sys=0.00, real=0.00 secs] 
30.707: [GC [PSYoungGen: 258834K->2570K(259392K)] 271928K->15856K(292160K), 0.0044432 secs] [Times: user=0.01 sys=0.00, real=0.01 secs] 
30.914: [GC [PSYoungGen: 259272K->2093K(259264K)] 272558K->15403K(292032K), 0.0024408 secs] [Times: user=0.00 sys=0.00, real=0.00 secs] 
31.109: [GC [PSYoungGen: 258601K->2497K(259072K)] 271911K->15831K(291840K), 0.0027633 secs] [Times: user=0.01 sys=0.00, real=0.01 secs] 
31.325: [GC [PSYoungGen: 258947K->1905K(259264K)] 272281K->15263K(292032K), 0.0024747 secs] [Times: user=0.01 sys=0.01, real=0.00 secs] 
31.547: [GC [PSYoungGen: 258205K->2478K(259200K)] 271563K->15892K(291968K), 0.0040343 secs] [Times: user=0.01 sys=0.00, real=0.01 secs] 
31.747: [GC [PSYoungGen: 258797K->2516K(258944K)] 272212K->15971K(291712K), 0.0047889 secs] [Times: user=0.00 sys=0.00, real=0.01 secs] 
31.959: [GC [PSYoungGen: 258481K->2488K(259072K)] 271935K->15958K(291840K), 0.0031837 secs] [Times: user=0.00 sys=0.00, real=0.01 secs] 
32.162: [GC [PSYoungGen: 258460K->2382K(259072K)] 271930K->15901K(291840K), 0.0026929 secs] [Times: user=0.00 sys=0.00, real=0.00 secs] 
32.365: [GC [PSYoungGen: 258382K->1431K(257472K)] 271901K->14989K(290240K), 0.0028821 secs] [Times: user=0.00 sys=0.00, real=0.00 secs] 
32.566: [GC [PSYoungGen: 257383K->2472K(258880K)] 270942K->16054K(291648K), 0.0028733 secs] [Times: user=0.01 sys=0.00, real=0.00 secs] 
32.767: [GC [PSYoungGen: 258165K->2051K(257856K)] 271748K->15665K(290624K), 0.0041855 secs] [Times: user=0.00 sys=0.00, real=0.01 secs] 
32.970: [GC [PSYoungGen: 257792K->2093K(258944K)] 271406K->15739K(291712K), 0.0029511 secs] [Times: user=0.00 sys=0.00, real=0.01 secs] 
33.161: [GC [PSYoungGen: 257946K->2165K(258880K)] 271592K->16120K(291648K), 0.0027473 secs] [Times: user=0.01 sys=0.00, real=0.00 secs] 
33.368: [GC [PSYoungGen: 258017K->1782K(259072K)] 271971K->15737K(291840K), 0.0024025 secs] [Times: user=0.00 sys=0.00, real=0.00 secs] 
33.573: [GC [PSYoungGen: 257894K->1696K(259008K)] 271848K->15683K(291776K), 0.0031345 secs] [Times: user=0.00 sys=0.00, real=0.00 secs] 
33.779: [GC [PSYoungGen: 257814K->1698K(259200K)] 271800K->15733K(291968K), 0.0025191 secs] [Times: user=0.00 sys=0.00, real=0.01 secs] 
33.973: [GC [PSYoungGen: 258018K->1932K(259200K)] 272053K->16007K(291968K), 0.0022903 secs] [Times: user=0.01 sys=0.00, real=0.00 secs] 
34.176: [GC [PSYoungGen: 258227K->1677K(259200K)] 272301K->15760K(291968K), 0.0020091 secs] [Times: user=0.01 sys=0.00, real=0.00 secs] 
34.375: [GC [PSYoungGen: 258066K->1935K(259200K)] 272149K->16049K(291968K), 0.0024573 secs] [Times: user=0.00 sys=0.00, real=0.00 secs] 
34.597: [GC [PSYoungGen: 258352K->1400K(259264K)] 272467K->15560K(292032K), 0.0023967 secs] [Times: user=0.00 sys=0.00, real=0.00 secs] 
34.815: [GC [PSYoungGen: 257961K->1234K(259328K)] 272122K->15427K(292096K), 0.0020283 secs] [Times: user=0.01 sys=0.00, real=0.00 secs] 
35.009: [GC [PSYoungGen: 257781K->1946K(259392K)] 271974K->16223K(292160K), 0.0024854 secs] [Times: user=0.00 sys=0.00, real=0.01 secs] 
35.208: [GC [PSYoungGen: 258573K->1837K(258496K)] 272850K->16138K(291264K), 0.0026822 secs] [Times: user=0.01 sys=0.00, real=0.01 secs] 
35.437: [GC [PSYoungGen: 258456K->1753K(259328K)] 272756K->16086K(292096K), 0.0062877 secs] [Times: user=0.00 sys=0.00, real=0.01 secs] 
35.651: [GC [PSYoungGen: 258432K->1766K(259264K)] 272765K->16139K(292032K), 0.0032812 secs] [Times: user=0.01 sys=0.00, real=0.00 secs] 
35.883: [GC [PSYoungGen: 258467K->1476K(259456K)] 272840K->15872K(292224K), 0.0019773 secs] [Times: user=0.00 sys=0.00, real=0.00 secs] 
36.089: [GC [PSYoungGen: 258427K->1117K(259456K)] 272824K->15586K(292224K), 0.0017827 secs] [Times: user=0.00 sys=0.00, real=0.01 secs] 
36.285: [GC [PSYoungGen: 258028K->1654K(259584K)] 272497K->16177K(292352K), 0.0023023 secs] [Times: user=0.01 sys=0.00, real=0.00 secs] 
36.492: [GC [PSYoungGen: 258725K->1487K(259584K)] 273248K->16040K(292352K), 0.0021978 secs] [Times: user=0.00 sys=0.00, real=0.00 secs] 
36.696: [GC [PSYoungGen: 258555K->1850K(259520K)] 273108K->16487K(292288K), 0.0023122 secs] [Times: user=0.00 sys=0.00, real=0.00 secs] 
36.891: [GC [PSYoungGen: 259000K->2069K(259584K)] 273637K->16746K(292352K), 0.0025018 secs] [Times: user=0.00 sys=0.00, real=0.00 secs] 
37.099: [GC [PSYoungGen: 259221K->1772K(259648K)] 273898K->16481K(292416K), 0.0020977 secs] [Times: user=0.00 sys=0.00, real=0.01 secs] 
37.299: [GC [PSYoungGen: 258937K->2139K(259648K)] 273646K->16904K(292416K), 0.0026389 secs] [Times: user=0.01 sys=0.00, real=0.01 secs] 
37.504: [GC [PSYoungGen: 259325K->2130K(259520K)] 274090K->16935K(292288K), 0.0027956 secs] [Times: user=0.00 sys=0.00, real=0.00 secs] 
37.713: [GC [PSYoungGen: 259091K->1718K(259584K)] 273896K->16555K(292352K), 0.0024433 secs] [Times: user=0.01 sys=0.00, real=0.00 secs] 
37.914: [GC [PSYoungGen: 258720K->1971K(259584K)] 273557K->16856K(292352K), 0.0030693 secs] [Times: user=0.01 sys=0.00, real=0.00 secs] 
38.114: [GC [PSYoungGen: 259014K->2418K(259520K)] 273899K->17359K(292288K), 0.0031456 secs] [Times: user=0.01 sys=0.00, real=0.00 secs] 
38.319: [GC [PSYoungGen: 259487K->2622K(259008K)] 274428K->17615K(291776K), 0.0037167 secs] [Times: user=0.01 sys=0.00, real=0.01 secs] 
38.532: [GC [PSYoungGen: 259004K->2312K(259264K)] 273997K->17337K(292032K), 0.0028820 secs] [Times: user=0.01 sys=0.00, real=0.00 secs] 
38.725: [GC [PSYoungGen: 258678K->2458K(259008K)] 273703K->17523K(291776K), 0.0029752 secs] [Times: user=0.00 sys=0.00, real=0.00 secs] 
38.920: [GC [PSYoungGen: 258517K->2984K(259136K)] 273582K->18344K(291904K), 0.0038765 secs] [Times: user=0.01 sys=0.00, real=0.00 secs] 
39.128: [GC [PSYoungGen: 259101K->2376K(258496K)] 274460K->17752K(291264K), 0.0030308 secs] [Times: user=0.01 sys=0.00, real=0.01 secs] 
39.334: [GC [PSYoungGen: 257861K->2214K(258816K)] 273237K->17638K(291584K), 0.0026154 secs] [Times: user=0.00 sys=0.00, real=0.00 secs] 
39.537: [GC [PSYoungGen: 257691K->2312K(258560K)] 273115K->17784K(291328K), 0.0029160 secs] [Times: user=0.00 sys=0.00, real=0.01 secs] 
39.736: [GC [PSYoungGen: 257926K->2359K(258752K)] 273398K->17863K(291520K), 0.0025727 secs] [Times: user=0.00 sys=0.00, real=0.00 secs] 
39.935: [GC [PSYoungGen: 257973K->2340K(258880K)] 273477K->17868K(291648K), 0.0029158 secs] [Times: user=0.00 sys=0.00, real=0.00 secs] 
40.139: [GC [PSYoungGen: 258201K->2426K(258944K)] 273729K->17978K(291712K), 0.0030023 secs] [Times: user=0.00 sys=0.00, real=0.01 secs] 
40.332: [GC [PSYoungGen: 258270K->2572K(258944K)] 273822K->18180K(291712K), 0.0030671 secs] [Times: user=0.00 sys=0.00, real=0.00 secs] 
40.539: [GC [PSYoungGen: 258433K->2487K(259008K)] 274040K->18095K(291776K), 0.0027194 secs] [Times: user=0.00 sys=0.00, real=0.01 secs] 
40.753: [GC [PSYoungGen: 258332K->2368K(258880K)] 273940K->18008K(291648K), 0.0028163 secs] [Times: user=0.00 sys=0.00, real=0.00 secs] 
40.959: [GC [PSYoungGen: 258235K->2048K(258944K)] 273875K->17744K(291712K), 0.0028444 secs] [Times: user=0.00 sys=0.00, real=0.01 secs] 
41.150: [GC [PSYoungGen: 257906K->2735K(258880K)] 273602K->18479K(291648K), 0.0031771 secs] [Times: user=0.01 sys=0.00, real=0.01 secs] 
41.357: [GC [PSYoungGen: 258595K->2087K(259008K)] 274339K->18021K(291776K), 0.0027198 secs] [Times: user=0.00 sys=0.00, real=0.00 secs] 
41.560: [GC [PSYoungGen: 257952K->2016K(258944K)] 273886K->17990K(291712K), 0.0028574 secs] [Times: user=0.01 sys=0.01, real=0.00 secs] 
41.754: [GC [PSYoungGen: 257931K->1883K(259008K)] 273905K->17880K(291776K), 0.0020243 secs] [Times: user=0.01 sys=0.00, real=0.00 secs] 
41.954: [GC [PSYoungGen: 257772K->2269K(258944K)] 273770K->18275K(291712K), 0.0028494 secs] [Times: user=0.01 sys=0.00, real=0.00 secs] 
42.165: [GC [PSYoungGen: 258269K->916K(259008K)] 274275K->16954K(291776K), 0.0018956 secs] [Times: user=0.01 sys=0.00, real=0.00 secs] 
42.364: [GC [PSYoungGen: 256891K->1698K(259008K)] 272929K->17776K(291776K), 0.0024784 secs] [Times: user=0.01 sys=0.00, real=0.00 secs] 
42.569: [GC [PSYoungGen: 257548K->1509K(259008K)] 273625K->17634K(291776K), 0.0018544 secs] [Times: user=0.00 sys=0.00, real=0.01 secs] 
42.772: [GC [PSYoungGen: 257372K->1785K(258752K)] 273498K->17927K(291520K), 0.0021410 secs] [Times: user=0.00 sys=0.00, real=0.00 secs] 
42.961: [GC [PSYoungGen: 257644K->1917K(258880K)] 273786K->18106K(291648K), 0.0021630 secs] [Times: user=0.00 sys=0.00, real=0.00 secs] 
43.174: [GC [PSYoungGen: 257778K->1947K(258944K)] 273967K->18145K(291712K), 0.0024710 secs] [Times: user=0.00 sys=0.00, real=0.00 secs] 
43.384: [GC [PSYoungGen: 258121K->1413K(259072K)] 274319K->17705K(291840K), 0.0023775 secs] [Times: user=0.01 sys=0.00, real=0.00 secs] 
43.585: [GC [PSYoungGen: 257605K->1309K(259264K)] 273897K->17655K(292032K), 0.0018357 secs] [Times: user=0.00 sys=0.00, real=0.00 secs] 
43.784: [GC [PSYoungGen: 257655K->1706K(258112K)] 274000K->18082K(290880K), 0.0022433 secs] [Times: user=0.00 sys=0.00, real=0.00 secs] 
43.976: [GC [PSYoungGen: 258063K->1848K(259328K)] 274439K->18279K(292096K), 0.0025329 secs] [Times: user=0.01 sys=0.00, real=0.00 secs] 
44.176: [GC [PSYoungGen: 258325K->1503K(259200K)] 274757K->17956K(291968K), 0.0025474 secs] [Times: user=0.01 sys=0.00, real=0.00 secs] 
44.388: [GC [PSYoungGen: 257993K->1383K(259328K)] 274447K->17892K(292096K), 0.0019862 secs] [Times: user=0.01 sys=0.00, real=0.00 secs] 
44.592: [GC [PSYoungGen: 257971K->1618K(259328K)] 274480K->18198K(292096K), 0.0038941 secs] [Times: user=0.00 sys=0.00, real=0.00 secs] 
44.791: [GC [PSYoungGen: 258239K->1836K(259392K)] 274819K->18469K(292160K), 0.0023681 secs] [Times: user=0.00 sys=0.00, real=0.00 secs] 
44.986: [GC [PSYoungGen: 258624K->2137K(259392K)] 275258K->18803K(292160K), 0.0025785 secs] [Times: user=0.01 sys=0.00, real=0.00 secs] 
45.186: [GC [PSYoungGen: 258965K->1587K(259520K)] 275630K->18269K(292288K), 0.0021505 secs] [Times: user=0.00 sys=0.00, real=0.00 secs] 
45.405: [GC [PSYoungGen: 258518K->1882K(259520K)] 275200K->18588K(292288K), 0.0023213 secs] [Times: user=0.01 sys=0.00, real=0.00 secs] 
45.636: [GC [PSYoungGen: 258828K->1287K(259584K)] 275534K->18016K(292352K), 0.0033949 secs] [Times: user=0.00 sys=0.01, real=0.00 secs] 
45.847: [GC [PSYoungGen: 258283K->1609K(258688K)] 275013K->18423K(291456K), 0.0021951 secs] [Times: user=0.01 sys=0.00, real=0.00 secs] 
46.045: [GC [PSYoungGen: 258624K->2329K(259392K)] 275437K->19183K(292160K), 0.0027675 secs] [Times: user=0.01 sys=0.00, real=0.00 secs] 
46.241: [GC [PSYoungGen: 259133K->2341K(259264K)] 275987K->19227K(292032K), 0.0027028 secs] [Times: user=0.00 sys=0.00, real=0.00 secs] 
46.454: [GC [PSYoungGen: 259181K->1699K(259456K)] 276067K->18609K(292224K), 0.0021080 secs] [Times: user=0.00 sys=0.01, real=0.00 secs] 
46.658: [GC [PSYoungGen: 258401K->2201K(259392K)] 275311K->19167K(292160K), 0.0028265 secs] [Times: user=0.01 sys=0.00, real=0.01 secs] 
46.863: [GC [PSYoungGen: 258870K->1968K(259392K)] 275835K->19012K(292160K), 0.0024489 secs] [Times: user=0.01 sys=0.00, real=0.00 secs] 
47.066: [GC [PSYoungGen: 258661K->2166K(259392K)] 275705K->19258K(292160K), 0.0030455 secs] [Times: user=0.01 sys=0.00, real=0.00 secs] 
47.262: [GC [PSYoungGen: 258849K->2299K(259264K)] 275940K->19439K(292032K), 0.0029144 secs] [Times: user=0.00 sys=0.00, real=0.00 secs] 
47.461: [GC [PSYoungGen: 258782K->2345K(258880K)] 275921K->19501K(291648K), 0.0027355 secs] [Times: user=0.01 sys=0.00, real=0.00 secs] 
47.657: [GC [PSYoungGen: 258842K->2650K(259008K)] 275998K->19838K(291776K), 0.0032455 secs] [Times: user=0.00 sys=0.00, real=0.01 secs] 
47.868: [GC [PSYoungGen: 258758K->2056K(259136K)] 275946K->19252K(291904K), 0.0024381 secs] [Times: user=0.00 sys=0.00, real=0.01 secs] 
48.073: [GC [PSYoungGen: 258184K->1887K(258944K)] 275380K->19131K(291712K), 0.0029562 secs] [Times: user=0.00 sys=0.00, real=0.00 secs] 
48.264: [GC [PSYoungGen: 258069K->2482K(259072K)] 275313K->19774K(291840K), 0.0027280 secs] [Times: user=0.01 sys=0.00, real=0.00 secs] 
48.464: [GC [PSYoungGen: 258671K->2327K(259200K)] 275963K->19643K(291968K), 0.0030736 secs] [Times: user=0.01 sys=0.00, real=0.00 secs] 
48.671: [GC [PSYoungGen: 258572K->2010K(258304K)] 275888K->19366K(291072K), 0.0023530 secs] [Times: user=0.01 sys=0.00, real=0.00 secs] 
48.867: [GC [PSYoungGen: 258239K->2757K(258880K)] 275595K->20153K(291648K), 0.0038886 secs] [Times: user=0.01 sys=0.00, real=0.01 secs] 
49.068: [GC [PSYoungGen: 258707K->2442K(259072K)] 276103K->19862K(291840K), 0.0024230 secs] [Times: user=0.00 sys=0.00, real=0.01 secs] 
49.274: [GC [PSYoungGen: 258400K->2198K(258944K)] 275820K->19649K(291712K), 0.0023368 secs] [Times: user=0.00 sys=0.00, real=0.00 secs] 
49.483: [GC [PSYoungGen: 258181K->1605K(259008K)] 275632K->19097K(291776K), 0.0021154 secs] [Times: user=0.00 sys=0.00, real=0.00 secs] 
49.681: [GC [PSYoungGen: 257593K->1847K(259136K)] 275085K->19371K(291904K), 0.0022230 secs] [Times: user=0.01 sys=0.00, real=0.00 secs] 
49.892: [GC [PSYoungGen: 257930K->1167K(257344K)] 275454K->18707K(290112K), 0.0016164 secs] [Times: user=0.00 sys=0.00, real=0.00 secs] 
50.080: [GC [PSYoungGen: 257278K->1942K(259200K)] 274818K->19544K(291968K), 0.0024282 secs] [Times: user=0.00 sys=0.00, real=0.01 secs] 
50.298: [GC [PSYoungGen: 258068K->1508K(259072K)] 275670K->19109K(291840K), 0.0019215 secs] [Times: user=0.00 sys=0.00, real=0.00 secs] 
50.499: [GC [PSYoungGen: 257607K->1516K(259072K)] 275209K->19164K(291840K), 0.0021304 secs] [Times: user=0.00 sys=0.00, real=0.01 secs] 
50.700: [GC [PSYoungGen: 257593K->1540K(259072K)] 275241K->19212K(291840K), 0.0020905 secs] [Times: user=0.01 sys=0.01, real=0.00 secs] 
50.904: [GC [PSYoungGen: 257650K->1353K(245376K)] 275322K->19057K(278144K), 0.0026098 secs] [Times: user=0.00 sys=0.00, real=0.00 secs] 
51.107: [GC [PSYoungGen: 245312K->799K(233216K)] 263016K->18535K(265984K), 0.0021061 secs] [Times: user=0.00 sys=0.00, real=0.00 secs] 
51.281: [GC [PSYoungGen: 233120K->830K(222208K)] 250856K->18622K(254976K), 0.0027562 secs] [Times: user=0.00 sys=0.00, real=0.00 secs] 
51.449: [GC [PSYoungGen: 222183K->1173K(212160K)] 239974K->18981K(244928K), 0.0019041 secs] [Times: user=0.00 sys=0.00, real=0.01 secs] 
51.618: [GC [PSYoungGen: 212054K->1283K(202368K)] 229862K->19107K(235136K), 0.0024441 secs] [Times: user=0.00 sys=0.00, real=0.01 secs] 
51.783: [GC [PSYoungGen: 202256K->122K(191680K)] 220079K->17962K(224448K), 0.0016394 secs] [Times: user=0.00 sys=0.00, real=0.00 secs] 
51.931: [GC [PSYoungGen: 191660K->413K(183040K)] 209499K->18260K(215808K), 0.0022737 secs] [Times: user=0.00 sys=0.00, real=0.00 secs] 
52.074: [GC [PSYoungGen: 182985K->211K(174336K)] 200833K->18067K(207104K), 0.0011695 secs] [Times: user=0.01 sys=0.00, real=0.00 secs] 
52.744: [GC [PSYoungGen: 174227K->161K(166144K)] 192083K->18017K(198912K), 0.0028899 secs] [Times: user=0.00 sys=0.00, real=0.00 secs] 
52.904: [GC [PSYoungGen: 166104K->64K(158336K)] 183960K->17927K(191104K), 0.0009122 secs] [Times: user=0.00 sys=0.00, real=0.00 secs] 
53.034: [GC [PSYoungGen: 158316K->181K(151168K)] 176180K->18053K(183936K), 0.0022701 secs] [Times: user=0.01 sys=0.00, real=0.00 secs] 
53.150: [GC [PSYoungGen: 151123K->146K(144192K)] 168995K->18034K(176960K), 0.0009454 secs] [Times: user=0.00 sys=0.00, real=0.01 secs] 
53.261: [GC [PSYoungGen: 144133K->279K(137728K)] 162020K->18183K(170496K), 0.0020655 secs] [Times: user=0.00 sys=0.01, real=0.00 secs] 
53.375: [GC [PSYoungGen: 137632K->129K(131328K)] 155536K->18033K(164096K), 0.0009346 secs] [Times: user=0.01 sys=0.00, real=0.00 secs] 
53.489: [GC [PSYoungGen: 131253K->269K(125504K)] 149157K->18173K(158272K), 0.0020607 secs] [Times: user=0.00 sys=0.00, real=0.01 secs] 
53.586: [GC [PSYoungGen: 125435K->542K(120064K)] 143339K->18486K(152832K), 0.0013812 secs] [Times: user=0.00 sys=0.00, real=0.00 secs] 
53.676: [GC [PSYoungGen: 120004K->647K(114816K)] 137948K->18607K(147584K), 0.0019948 secs] [Times: user=0.00 sys=0.00, real=0.00 secs] 
53.773: [GC [PSYoungGen: 114743K->421K(109440K)] 132703K->18381K(142208K), 0.0014821 secs] [Times: user=0.01 sys=0.00, real=0.00 secs] 
53.860: [GC [PSYoungGen: 109407K->420K(104576K)] 127367K->18412K(137344K), 0.0018701 secs] [Times: user=0.00 sys=0.00, real=0.01 secs] 
53.938: [GC [PSYoungGen: 104486K->531K(125568K)] 122478K->18555K(158336K), 0.0015874 secs] [Times: user=0.00 sys=0.00, real=0.00 secs] 
54.037: [GC [PSYoungGen: 125510K->359K(150400K)] 143534K->18382K(183168K), 0.0017346 secs] [Times: user=0.01 sys=0.00, real=0.00 secs] 
54.155: [GC [PSYoungGen: 150336K->440K(180480K)] 168360K->18480K(213248K), 0.0011527 secs] [Times: user=0.00 sys=0.00, real=0.00 secs] 
54.292: [GC [PSYoungGen: 180416K->487K(172160K)] 198456K->18559K(204928K), 0.0017326 secs] [Times: user=0.00 sys=0.00, real=0.00 secs] 
54.430: [GC [PSYoungGen: 172126K->177K(163840K)] 190198K->18249K(196608K), 0.0013474 secs] [Times: user=0.01 sys=0.00, real=0.01 secs] 
54.553: [GC [PSYoungGen: 163808K->545K(156672K)] 181880K->18641K(189440K), 0.0020342 secs] [Times: user=0.01 sys=0.00, real=0.00 secs] 
54.683: [GC [PSYoungGen: 156637K->287K(149184K)] 174733K->18383K(181952K), 0.0011728 secs] [Times: user=0.00 sys=0.00, real=0.00 secs] 
54.792: [GC [PSYoungGen: 149120K->524K(142592K)] 167216K->18660K(175360K), 0.0014885 secs] [Times: user=0.00 sys=0.00, real=0.00 secs] 
59.575: [GC [PSYoungGen: 80828K->96K(142144K)] 98964K->18239K(174912K), 0.0016214 secs] [Times: user=0.00 sys=0.00, real=0.00 secs] 
59.576: [Full GC (System) [PSYoungGen: 96K->0K(142144K)] [ParOldGen: 18143K->5953K(32768K)] 18239K->5953K(174912K) [PSPermGen: 10758K->10757K(22912K)], 0.1302295 secs] [Times: user=0.18 sys=0.00, real=0.13 secs] 
Heap
 PSYoungGen      total 142144K, used 2020K [0x000000012a410000, 0x0000000138340000, 0x000000013a410000)
  eden space 142016K, 1% used [0x000000012a410000,0x000000012a609140,0x0000000132ec0000)
  from space 128K, 0% used [0x0000000138120000,0x0000000138120000,0x0000000138140000)
  to   space 1344K, 0% used [0x00000001381f0000,0x00000001381f0000,0x0000000138340000)
 ParOldGen       total 32768K, used 5953K [0x000000010a410000, 0x000000010c410000, 0x000000012a410000)
  object space 32768K, 18% used [0x000000010a410000,0x000000010a9e0548,0x000000010c410000)
 PSPermGen       total 22912K, used 10757K [0x0000000105010000, 0x0000000106670000, 0x000000010a410000)
  object space 22912K, 46% used [0x0000000105010000,0x0000000105a917a8,0x0000000106670000)
