551134.356: [GC [PSYoungGen: 42240K->1664K(43072K)] 1369814K->1329242K(1409088K), 0.0177845 secs]
551530.568: [GC [PSYoungGen: 42816K->1851K(43008K)] 1370394K->1329434K(1409024K), 0.0261402 secs]
551924.006: [GC [PSYoungGen: 43003K->1627K(43264K)] 1370586K->1329214K(1409280K), 0.0279238 secs]
552317.088: [GC [PSYoungGen: 42779K->1603K(43264K)] 1370366K->1329194K(1409280K), 0.0263891 secs]
552698.897: [GC [PSYoungGen: 42755K->1563K(43264K)] 1370346K->1329158K(1409280K), 0.0273384 secs]
553096.357: [GC [PSYoungGen: 42715K->1579K(43264K)] 1370310K->1329178K(1409280K), 0.0173832 secs]
553484.296: [GC [PSYoungGen: 42731K->1739K(43264K)] 1370330K->1329350K(1409280K), 0.0186547 secs]
553883.917: [GC [PSYoungGen: 42891K->1547K(43264K)] 1370502K->1329182K(1409280K), 0.0275880 secs]
554277.576: [GC [PSYoungGen: 42699K->1403K(43264K)] 1370334K->1329046K(1409280K), 0.0180322 secs]
554674.038: [GC [PSYoungGen: 42555K->1435K(43200K)] 1370198K->1329097K(1409216K), 0.0253669 secs]
555068.947: [GC [PSYoungGen: 42587K->1339K(43136K)] 1370249K->1329006K(1409152K), 0.0275292 secs]
555461.916: [GC [PSYoungGen: 42491K->1419K(43136K)] 1370158K->1329090K(1409152K), 0.0184266 secs]
555852.066: [GC [PSYoungGen: 42571K->1563K(43072K)] 1370242K->1329246K(1409088K), 0.0170784 secs]
556248.967: [GC [PSYoungGen: 42715K->1355K(43072K)] 1370398K->1329042K(1409088K), 0.0280469 secs]
556640.836: [GC [PSYoungGen: 42507K->1531K(43072K)] 1370194K->1329234K(1409088K), 0.0173709 secs]
557035.998: [GC [PSYoungGen: 42683K->1627K(43072K)] 1370386K->1329349K(1409088K), 0.0260801 secs]
557438.696: [GC [PSYoungGen: 42779K->1216K(43072K)] 1370501K->1329182K(1409088K), 0.0182671 secs]
557825.451: [GC [PSYoungGen: 42368K->1472K(43072K)] 1370334K->1329446K(1409088K), 0.0232101 secs]
558205.557: [GC [PSYoungGen: 42624K->1840K(43008K)] 1370598K->1329826K(1409024K), 0.0273720 secs]
558598.648: [GC [PSYoungGen: 42992K->1912K(43072K)] 1370978K->1329901K(1409088K), 0.0262192 secs]
558993.537: [GC [PSYoungGen: 43064K->2032K(43200K)] 1371053K->1330134K(1409216K), 0.0173880 secs]
559389.017: [GC [PSYoungGen: 43184K->1936K(43136K)] 1371286K->1330078K(1409152K), 0.0279931 secs]
559784.347: [GC [PSYoungGen: 43088K->1696K(43456K)] 1371230K->1329838K(1409472K), 0.0176514 secs]
560179.309: [GC [PSYoungGen: 42848K->1536K(43456K)] 1370990K->1329689K(1409472K), 0.0255039 secs]
560575.998: [GC [PSYoungGen: 42688K->1584K(43392K)] 1370841K->1329758K(1409408K), 0.0261670 secs]
560972.688: [GC [PSYoungGen: 42736K->1664K(43328K)] 1370910K->1329850K(1409344K), 0.0260540 secs]
561369.377: [GC [PSYoungGen: 42816K->1712K(43328K)] 1371002K->1329998K(1409344K), 0.0167638 secs]
561766.059: [GC [PSYoungGen: 42864K->1488K(43264K)] 1371150K->1329802K(1409280K), 0.0255347 secs]
562164.076: [GC [PSYoungGen: 42640K->1472K(43264K)] 1370954K->1329790K(1409280K), 0.0280930 secs]
562559.409: [GC [PSYoungGen: 42624K->1240K(43264K)] 1370942K->1329585K(1409280K), 0.0252887 secs]
562949.022: [GC [PSYoungGen: 42392K->1344K(43264K)] 1370737K->1329718K(1409280K), 0.0220235 secs]
563339.096: [GC [PSYoungGen: 42496K->1520K(43264K)] 1370870K->1329898K(1409280K), 0.0272668 secs]
563735.261: [GC [PSYoungGen: 42672K->1408K(43200K)] 1371050K->1329818K(1409216K), 0.0229714 secs]
564129.114: [GC [PSYoungGen: 42560K->1152K(43200K)] 1370970K->1329622K(1409216K), 0.0202308 secs]
564524.978: [GC [PSYoungGen: 42304K->1136K(43200K)] 1370774K->1329614K(1409216K), 0.0254751 secs]
564923.416: [GC [PSYoungGen: 42288K->944K(42112K)] 1370766K->1329466K(1408128K), 0.0185993 secs]
565318.027: [GC [PSYoungGen: 42096K->1280K(43264K)] 1370618K->1329806K(1409280K), 0.0263927 secs]
565711.217: [GC [PSYoungGen: 42432K->1408K(43200K)] 1370958K->1329942K(1409216K), 0.0172151 secs]
566109.147: [GC [PSYoungGen: 42560K->1280K(43136K)] 1371094K->1329818K(1409152K), 0.0273331 secs]
566499.157: [GC [PSYoungGen: 42432K->1456K(43072K)] 1370970K->1330010K(1409088K), 0.0278568 secs]
566889.158: [GC [PSYoungGen: 42608K->1536K(43072K)] 1371162K->1330102K(1409088K), 0.0258532 secs]
567285.927: [GC [PSYoungGen: 42688K->1392K(43072K)] 1371254K->1329982K(1409088K), 0.0172801 secs]
567676.078: [GC [PSYoungGen: 42544K->1312K(43008K)] 1371134K->1329906K(1409024K), 0.0260897 secs]
568066.238: [GC [PSYoungGen: 42464K->1536K(43008K)] 1371058K->1330134K(1409024K), 0.0258750 secs]
568451.974: [GC [PSYoungGen: 42688K->1280K(43008K)] 1371286K->1329894K(1409024K), 0.0199794 secs]
568844.377: [GC [PSYoungGen: 42432K->1424K(43008K)] 1371046K->1330054K(1409024K), 0.0270670 secs]
569242.587: [GC [PSYoungGen: 42574K->1328K(42944K)] 1371204K->1329981K(1408960K), 0.0171732 secs]
569639.207: [GC [PSYoungGen: 42480K->1152K(42944K)] 1371133K->1329826K(1408960K), 0.0268526 secs]
570035.927: [GC [PSYoungGen: 42304K->1312K(42944K)] 1370978K->1329990K(1408960K), 0.0262467 secs]
570426.866: [GC [PSYoungGen: 42464K->1296K(42880K)] 1371142K->1329982K(1408896K), 0.0180918 secs]
570823.269: [GC [PSYoungGen: 42448K->1232K(42880K)] 1371134K->1329921K(1408896K), 0.0249640 secs]
571219.957: [GC [PSYoungGen: 42384K->1248K(42880K)] 1371073K->1329974K(1408896K), 0.0166576 secs]
571614.558: [GC [PSYoungGen: 42400K->1168K(42880K)] 1371126K->1329930K(1408896K), 0.0256958 secs]
572007.286: [GC [PSYoungGen: 42320K->1376K(42880K)] 1371082K->1330142K(1408896K), 0.0174959 secs]
572398.866: [GC [PSYoungGen: 42528K->1424K(42816K)] 1371294K->1330218K(1408832K), 0.0179916 secs]
572794.618: [GC [PSYoungGen: 42576K->1552K(42752K)] 1371370K->1330358K(1408768K), 0.0262443 secs]
573191.308: [GC [PSYoungGen: 42704K->1296K(42880K)] 1371510K->1330114K(1408896K), 0.0260894 secs]
573576.741: [GC [PSYoungGen: 42448K->1072K(42880K)] 1371266K->1329894K(1408896K), 0.0231853 secs]
573969.287: [GC [PSYoungGen: 42224K->1248K(42880K)] 1371046K->1330078K(1408896K), 0.0274490 secs]
574363.288: [GC [PSYoungGen: 42400K->1344K(42880K)] 1371230K->1330178K(1408896K), 0.0260750 secs]
574756.306: [GC [PSYoungGen: 42496K->1536K(42816K)] 1371330K->1330382K(1408832K), 0.0279830 secs]
575150.628: [GC [PSYoungGen: 42688K->1712K(42880K)] 1371534K->1330582K(1408896K), 0.0261992 secs]
575547.318: [GC [PSYoungGen: 42864K->1472K(42880K)] 1371734K->1330390K(1408896K), 0.0255008 secs]
575944.009: [GC [PSYoungGen: 42624K->1440K(43008K)] 1371542K->1330357K(1409024K), 0.0257830 secs]
576300.878: [GC [PSYoungGen: 42592K->1488K(42944K)] 1371509K->1330418K(1408960K), 0.0258884 secs]
576533.806: [GC [PSYoungGen: 42640K->1776K(42944K)] 1371570K->1331562K(1408960K), 0.0221263 secs]
576809.045: [GC [PSYoungGen: 42928K->1784K(42944K)] 1372714K->1332350K(1408960K), 0.0231277 secs]
577091.949: [GC [PSYoungGen: 42936K->2544K(43712K)] 1373502K->1333210K(1409728K), 0.0301261 secs]
577372.881: [GC [PSYoungGen: 43696K->2544K(43712K)] 1374362K->1333690K(1409728K), 0.0274369 secs]
577645.419: [GC [PSYoungGen: 43696K->2856K(44352K)] 1374842K->1334026K(1410368K), 0.0310902 secs]
577927.368: [GC [PSYoungGen: 44008K->2816K(44608K)] 1375178K->1334074K(1410624K), 0.0372531 secs]
578206.296: [GC [PSYoungGen: 43968K->2576K(43776K)] 1375226K->1333906K(1409792K), 0.0224237 secs]
578489.782: [GC [PSYoungGen: 43728K->2968K(44800K)] 1375058K->1334376K(1410816K), 0.0259167 secs]
578763.181: [GC [PSYoungGen: 44120K->2808K(43968K)] 1375528K->1334412K(1409984K), 0.0264513 secs]
579052.649: [GC [PSYoungGen: 43953K->2560K(45056K)] 1375557K->1334308K(1411072K), 0.0300904 secs]
579326.023: [GC [PSYoungGen: 43712K->2864K(44992K)] 1375460K->1334668K(1411008K), 0.0254697 secs]
579607.736: [GC [PSYoungGen: 44016K->2768K(45056K)] 1375820K->1334668K(1411072K), 0.0222932 secs]
579877.396: [GC [PSYoungGen: 43920K->2544K(45056K)] 1375820K->1334720K(1411072K), 0.0323279 secs]
580162.036: [GC [PSYoungGen: 43696K->2368K(44992K)] 1375872K->1334724K(1411008K), 0.0221019 secs]
580429.418: [GC [PSYoungGen: 43520K->1984K(44864K)] 1375876K->1334768K(1410880K), 0.0318785 secs]
580710.058: [GC [PSYoungGen: 43136K->1968K(44800K)] 1375920K->1335000K(1410816K), 0.0301919 secs]
580982.179: [GC [PSYoungGen: 43120K->1744K(44736K)] 1376152K->1335048K(1410752K), 0.0290760 secs]
581263.588: [GC [PSYoungGen: 42896K->2128K(44672K)] 1376200K->1335596K(1410688K), 0.0303431 secs]
581544.980: [GC [PSYoungGen: 43280K->2112K(44608K)] 1376748K->1335912K(1410624K), 0.0282538 secs]
581814.436: [GC [PSYoungGen: 43264K->2032K(44480K)] 1377064K->1336160K(1410496K), 0.0316460 secs]
582098.398: [GC [PSYoungGen: 43184K->1760K(44416K)] 1377312K->1336236K(1410432K), 0.0293961 secs]
582368.878: [GC [PSYoungGen: 42912K->1936K(44416K)] 1377388K->1336604K(1410432K), 0.0298114 secs]
582651.138: [GC [PSYoungGen: 43088K->2000K(44352K)] 1377756K->1337016K(1410368K), 0.0293744 secs]
582919.614: [GC [PSYoungGen: 43152K->2064K(44288K)] 1378168K->1337336K(1410304K), 0.0242401 secs]
583198.289: [GC [PSYoungGen: 43216K->2032K(43200K)] 1378488K->1337624K(1409216K), 0.0310559 secs]
583468.768: [GC [PSYoungGen: 43184K->2032K(43200K)] 1378776K->1338048K(1409216K), 0.0304278 secs]
583755.770: [GC [PSYoungGen: 43184K->1984K(43200K)] 1379200K->1338452K(1409216K), 0.0287201 secs]
584022.816: [GC [PSYoungGen: 43136K->1792K(44096K)] 1379604K->1338500K(1410112K), 0.0214337 secs]
584304.188: [GC [PSYoungGen: 42944K->1872K(44096K)] 1379652K->1338796K(1410112K), 0.0296788 secs]
584587.419: [GC [PSYoungGen: 43024K->1856K(44032K)] 1379948K->1339064K(1410048K), 0.0289732 secs]
584857.185: [GC [PSYoungGen: 43008K->2208K(43968K)] 1380216K->1339692K(1409984K), 0.0222852 secs]
585138.660: [GC [PSYoungGen: 43360K->2144K(43968K)] 1380844K->1340024K(1409984K), 0.0281046 secs]
585410.058: [GC [PSYoungGen: 43296K->2032K(43904K)] 1381176K->1340212K(1409920K), 0.0297541 secs]
585692.558: [GC [PSYoungGen: 43184K->1840K(43840K)] 1381364K->1340324K(1409856K), 0.0297589 secs]
585963.039: [GC [PSYoungGen: 42992K->1792K(43840K)] 1381476K->1340496K(1409856K), 0.0292103 secs]
586245.538: [GC [PSYoungGen: 42940K->1912K(43840K)] 1381645K->1340864K(1409856K), 0.0291748 secs]
586516.018: [GC [PSYoungGen: 43064K->1912K(43776K)] 1382016K->1341144K(1409792K), 0.0301199 secs]
586798.518: [GC [PSYoungGen: 43064K->1904K(43776K)] 1382296K->1341412K(1409792K), 0.0311006 secs]
587068.998: [GC [PSYoungGen: 43056K->1888K(43712K)] 1382564K->1341596K(1409728K), 0.0297483 secs]
587349.123: [GC [PSYoungGen: 43040K->2320K(43648K)] 1382748K->1342360K(1409664K), 0.0245244 secs]
587626.180: [GC [PSYoungGen: 43472K->1872K(43776K)] 1383512K->1342328K(1409792K), 0.0282131 secs]
587898.406: [GC [PSYoungGen: 43024K->2224K(43712K)] 1383480K->1342868K(1409728K), 0.0218147 secs]
588177.204: [GC [PSYoungGen: 43376K->1792K(43776K)] 1384020K->1342872K(1409792K), 0.0241542 secs]
588447.556: [GC [PSYoungGen: 42944K->1904K(43712K)] 1384024K->1343160K(1409728K), 0.0315562 secs]
588729.566: [GC [PSYoungGen: 43056K->2080K(43712K)] 1384312K->1343652K(1409728K), 0.0337707 secs]
588998.257: [GC [PSYoungGen: 43232K->2048K(43648K)] 1384804K->1343940K(1409664K), 0.0309552 secs]
589283.398: [GC [PSYoungGen: 43200K->1792K(43648K)] 1385092K->1343964K(1409664K), 0.0296770 secs]
589557.217: [GC [PSYoungGen: 42944K->2208K(43648K)] 1385116K->1344568K(1409664K), 0.0204579 secs]
589839.587: [GC [PSYoungGen: 43360K->1968K(43648K)] 1385720K->1344764K(1409664K), 0.0309808 secs]
590109.637: [GC [PSYoungGen: 43120K->1744K(43648K)] 1385916K->1344812K(1409664K), 0.0212660 secs]
590389.456: [GC [PSYoungGen: 42896K->1920K(43648K)] 1385964K->1345180K(1409664K), 0.0223532 secs]
590665.252: [GC [PSYoungGen: 43072K->2128K(43584K)] 1386332K->1345576K(1409600K), 0.0255144 secs]
590939.538: [GC [PSYoungGen: 43280K->2112K(43584K)] 1386728K->1345868K(1409600K), 0.0302188 secs]
591222.037: [GC [PSYoungGen: 43264K->1928K(43584K)] 1387020K->1346088K(1409600K), 0.0214544 secs]
591491.856: [GC [PSYoungGen: 43080K->2128K(43584K)] 1387240K->1346556K(1409600K), 0.0213285 secs]
591769.617: [GC [PSYoungGen: 43280K->2192K(43584K)] 1387708K->1347052K(1409600K), 0.0310818 secs]
591937.248: [GC [PSYoungGen: 43344K->2224K(43648K)] 1388204K->1347428K(1409664K), 0.0309638 secs]
592159.546: [GC [PSYoungGen: 43375K->2480K(43648K)] 1388580K->1348248K(1409664K), 0.0274349 secs]
592279.849: [GC [PSYoungGen: 43626K->2624K(43840K)] 1389395K->1348632K(1409856K), 0.0316415 secs]
592462.279: [GC [PSYoungGen: 43773K->2928K(43840K)] 1389782K->1349330K(1409856K), 0.0332418 secs]
592652.497: [GC [PSYoungGen: 43824K->2738K(44160K)] 1390226K->1349336K(1410176K), 0.0248094 secs]
592868.889: [GC [PSYoungGen: 43634K->2632K(44224K)] 1390232K->1349446K(1410240K), 0.0376986 secs]
593081.293: [GC [PSYoungGen: 43527K->2640K(43584K)] 1390341K->1349746K(1409600K), 0.0269585 secs]
593299.646: [GC [PSYoungGen: 43536K->2800K(44288K)] 1390642K->1350158K(1410304K), 0.0346581 secs]
593511.998: [GC [PSYoungGen: 43696K->2544K(44288K)] 1391054K->1350202K(1410304K), 0.0311596 secs]
593719.449: [GC [PSYoungGen: 43438K->2608K(44224K)] 1391096K->1350534K(1410240K), 0.0332102 secs]
593872.319: [GC [PSYoungGen: 43504K->2384K(44224K)] 1391430K->1350574K(1410240K), 0.0307067 secs]
594049.359: [GC [PSYoungGen: 43280K->3256K(44160K)] 1391470K->1351662K(1410176K), 0.0361534 secs]
594227.218: [GC [PSYoungGen: 44152K->3088K(44032K)] 1392558K->1351746K(1410048K), 0.0333420 secs]
594407.557: [GC [PSYoungGen: 43984K->3168K(44544K)] 1392642K->1352030K(1410560K), 0.0334922 secs]
594593.676: [GC [PSYoungGen: 44064K->3136K(44096K)] 1392926K->1352214K(1410112K), 0.0351357 secs]
594779.677: [GC [PSYoungGen: 44032K->2961K(44736K)] 1393110K->1352275K(1410752K), 0.0342366 secs]
594998.458: [GC [PSYoungGen: 43857K->2752K(44736K)] 1393171K->1352326K(1410752K), 0.0319785 secs]
595207.574: [GC [PSYoungGen: 43648K->2656K(44608K)] 1393222K->1352478K(1410624K), 0.0267511 secs]
595417.277: [GC [PSYoungGen: 43550K->2832K(44544K)] 1393372K->1352874K(1410560K), 0.0319937 secs]
595637.598: [GC [PSYoungGen: 43728K->2704K(44480K)] 1393770K->1353162K(1410496K), 0.0328198 secs]
595850.921: [GC [PSYoungGen: 43600K->2464K(44416K)] 1394058K->1353198K(1410432K), 0.0294522 secs]
596064.696: [GC [PSYoungGen: 43360K->2864K(44352K)] 1394094K->1353770K(1410368K), 0.0340479 secs]
596277.142: [GC [PSYoungGen: 43760K->2752K(44352K)] 1394666K->1353958K(1410368K), 0.0278098 secs]
596494.395: [GC [PSYoungGen: 43648K->2688K(44288K)] 1394854K->1354198K(1410304K), 0.0246674 secs]
596709.468: [GC [PSYoungGen: 43580K->2568K(44224K)] 1395090K->1354342K(1410240K), 0.0325613 secs]
596923.876: [GC [PSYoungGen: 43464K->2688K(44224K)] 1395238K->1354678K(1410240K), 0.0238352 secs]
597130.217: [GC [PSYoungGen: 43584K->2944K(44160K)] 1395574K->1355178K(1410176K), 0.0349204 secs]
597349.929: [GC [PSYoungGen: 43840K->2368K(44160K)] 1396074K->1355094K(1410176K), 0.0311106 secs]
597566.969: [GC [PSYoungGen: 43262K->2672K(44224K)] 1395988K->1355578K(1410240K), 0.0315054 secs]
597779.726: [GC [PSYoungGen: 43568K->2720K(44160K)] 1396474K->1355838K(1410176K), 0.0332770 secs]
597998.416: [GC [PSYoungGen: 43616K->2912K(44096K)] 1396734K->1356270K(1410112K), 0.0236734 secs]
598212.057: [GC [PSYoungGen: 43808K->2672K(44160K)] 1397166K->1356374K(1410176K), 0.0326322 secs]
598428.458: [GC [PSYoungGen: 43568K->2624K(44096K)] 1397270K->1356570K(1410112K), 0.0337899 secs]
598643.502: [GC [PSYoungGen: 43520K->2600K(44096K)] 1397466K->1356790K(1410112K), 0.0273257 secs]
598855.208: [GC [PSYoungGen: 43496K->2672K(44032K)] 1397686K->1357042K(1410048K), 0.0318577 secs]
599071.597: [GC [PSYoungGen: 43568K->2784K(44032K)] 1397938K->1357402K(1410048K), 0.0235655 secs]
599281.978: [GC [PSYoungGen: 43680K->2640K(43584K)] 1398298K->1357498K(1409600K), 0.0329843 secs]
599504.387: [GC [PSYoungGen: 43536K->1456K(42368K)] 1398394K->1357774K(1408384K), 0.0231894 secs]
599719.994: [GC [PSYoungGen: 42352K->2896K(44032K)] 1398670K->1359450K(1410048K), 0.0284262 secs]
599937.139: [GC [PSYoungGen: 43792K->2616K(44032K)] 1400346K->1359502K(1410048K), 0.0383024 secs]
600153.537: [GC [PSYoungGen: 43512K->2688K(43648K)] 1400398K->1359822K(1409664K), 0.0339594 secs]
600357.916: [GC [PSYoungGen: 43584K->1840K(42752K)] 1400718K->1360306K(1408768K), 0.0239027 secs]
600574.309: [GC [PSYoungGen: 42736K->2568K(44160K)] 1401202K->1361494K(1410176K), 0.0317461 secs]
600794.155: [GC [PSYoungGen: 43464K->2640K(44096K)] 1402390K->1361826K(1410112K), 0.0311398 secs]
600962.247: [GC [PSYoungGen: 43536K->2304K(44096K)] 1402722K->1361682K(1410112K), 0.0320960 secs]
601127.974: [GC [PSYoungGen: 43200K->3184K(44096K)] 1402578K->1362904K(1410112K), 0.0312092 secs]
601314.797: [GC [PSYoungGen: 44080K->3009K(43968K)] 1403800K->1362949K(1409984K), 0.0346758 secs]
601534.006: [GC [PSYoungGen: 43905K->3072K(44416K)] 1403845K->1363307K(1410432K), 0.0237809 secs]
601749.806: [GC [PSYoungGen: 43968K->2464K(44416K)] 1404203K->1363087K(1410432K), 0.0340556 secs]
601964.757: [GC [PSYoungGen: 43360K->2672K(44416K)] 1403983K->1363507K(1410432K), 0.0327033 secs]
602181.889: [GC [PSYoungGen: 43568K->2640K(44352K)] 1404403K->1363719K(1410368K), 0.0314736 secs]
602395.368: [GC [PSYoungGen: 43536K->2608K(44352K)] 1404615K->1363927K(1410368K), 0.0324057 secs]
602609.817: [GC [PSYoungGen: 43504K->2832K(44288K)] 1404823K->1364379K(1410304K), 0.0331824 secs]
602822.609: [GC [PSYoungGen: 43728K->2576K(44288K)] 1405275K->1364415K(1410304K), 0.0306068 secs]
603032.479: [GC [PSYoungGen: 43472K->2568K(44224K)] 1405311K->1364599K(1410240K), 0.0315384 secs]
603250.256: [GC [PSYoungGen: 43464K->2720K(44224K)] 1405495K->1365007K(1410240K), 0.0244553 secs]
603468.403: [GC [PSYoungGen: 43616K->2800K(44160K)] 1405903K->1365343K(1410176K), 0.0277043 secs]
603681.587: [GC [PSYoungGen: 43696K->2704K(44160K)] 1406239K->1365511K(1410176K), 0.0322973 secs]
603896.417: [GC [PSYoungGen: 43600K->2640K(44096K)] 1406407K->1365747K(1410112K), 0.0336259 secs]
604112.572: [GC [PSYoungGen: 43536K->2784K(44032K)] 1406643K->1366087K(1410048K), 0.0281383 secs]
604329.767: [GC [PSYoungGen: 43680K->2672K(44032K)] 1406983K->1366243K(1410048K), 0.0233299 secs]
604538.262: [GC [PSYoungGen: 43568K->2664K(44032K)] 1407139K->1366479K(1410048K), 0.0282133 secs]
604751.408: [GC [PSYoungGen: 43560K->2656K(43584K)] 1407375K->1366727K(1409600K), 0.0367172 secs]
604969.866: [GC [PSYoungGen: 43552K->1456K(42368K)] 1407623K->1367127K(1408384K), 0.0349826 secs]
604969.901: [Full GC [PSYoungGen: 1456K->0K(42368K)] [PSOldGen: 1365671K->139476K(1366016K)] 1367127K->139476K(1408384K) [PSPermGen: 68473K->68473K(131072K)], 1.4667180 secs]
605182.487: [GC [PSYoungGen: 40896K->2648K(43520K)] 180372K->142124K(1409536K), 0.0232352 secs]
605398.841: [GC [PSYoungGen: 43479K->1904K(42688K)] 182955K->142672K(1408704K), 0.0298304 secs]
605615.937: [GC [PSYoungGen: 42672K->2576K(43968K)] 183440K->143712K(1409984K), 0.0235911 secs]
605833.047: [GC [PSYoungGen: 43280K->2784K(43904K)] 184416K->144144K(1409920K), 0.0313002 secs]
606019.945: [GC [PSYoungGen: 43424K->2384K(43008K)] 184784K->144056K(1409024K), 0.0262197 secs]
606163.690: [GC [PSYoungGen: 42960K->1968K(42496K)] 184632K->145052K(1408512K), 0.0224960 secs]
606340.898: [GC [PSYoungGen: 42480K->3296K(43904K)] 185564K->146795K(1409920K), 0.0241214 secs]
606518.387: [GC [PSYoungGen: 43744K->3040K(44032K)] 187243K->146847K(1410048K), 0.0341780 secs]
606694.920: [GC [PSYoungGen: 43488K->3296K(43776K)] 187295K->147335K(1409792K), 0.0304883 secs]
606871.901: [GC [PSYoungGen: 43744K->3040K(44096K)] 187783K->147479K(1410112K), 0.0304968 secs]
607046.953: [GC [PSYoungGen: 43488K->3392K(43904K)] 187927K->148075K(1409920K), 0.0286541 secs]
607222.906: [GC [PSYoungGen: 43840K->3184K(44224K)] 188523K->148227K(1410240K), 0.0255124 secs]
607400.724: [GC [PSYoungGen: 43632K->3008K(44224K)] 188675K->148299K(1410240K), 0.0274086 secs]
607576.189: [GC [PSYoungGen: 43456K->2928K(44160K)] 188747K->148463K(1410176K), 0.0226650 secs]
607756.644: [GC [PSYoungGen: 43376K->3376K(44096K)] 188911K->149159K(1410112K), 0.0418605 secs]
607936.817: [GC [PSYoungGen: 43824K->3000K(44160K)] 189607K->149095K(1410176K), 0.0246035 secs]
608113.112: [GC [PSYoungGen: 43448K->3232K(44096K)] 189543K->149531K(1410112K), 0.0295157 secs]
608229.927: [GC [PSYoungGen: 43680K->2768K(44096K)] 189979K->149323K(1410112K), 0.0236396 secs]
608379.926: [GC [PSYoungGen: 43216K->3472K(43968K)] 189771K->150307K(1409984K), 0.0290354 secs]
608528.834: [GC [PSYoungGen: 43920K->3408K(44224K)] 190755K->150547K(1410240K), 0.0296883 secs]
608682.086: [GC [PSYoungGen: 43856K->3616K(44096K)] 190995K->150979K(1410112K), 0.0262976 secs]
608844.388: [GC [PSYoungGen: 44064K->3280K(44416K)] 191427K->150871K(1410432K), 0.0238398 secs]
609012.326: [GC [PSYoungGen: 43728K->3096K(44352K)] 191319K->150959K(1410368K), 0.0255724 secs]
609136.857: [GC [PSYoungGen: 43544K->2896K(44288K)] 191407K->150974K(1410304K), 0.0232982 secs]
609310.188: [GC [PSYoungGen: 43344K->3376K(44288K)] 191422K->151688K(1410304K), 0.0370799 secs]
609522.457: [GC [PSYoungGen: 43824K->2784K(44288K)] 192136K->151484K(1410304K), 0.0237402 secs]
609735.793: [GC [PSYoungGen: 43232K->2496K(43008K)] 191932K->151457K(1409024K), 0.0271042 secs]
609953.006: [GC [PSYoungGen: 42944K->2672K(44352K)] 191905K->151901K(1410368K), 0.0243656 secs]
610166.619: [GC [PSYoungGen: 43117K->2584K(44352K)] 192346K->152092K(1410368K), 0.0216510 secs]
610399.967: [GC [PSYoungGen: 43032K->2513K(44288K)] 192540K->152266K(1410304K), 0.0225956 secs]
610669.311: [GC [PSYoungGen: 42961K->2032K(42496K)] 192714K->152161K(1408512K), 0.0272344 secs]
610950.728: [GC [PSYoungGen: 42479K->1744K(44352K)] 192608K->152169K(1410368K), 0.0201839 secs]
611218.388: [GC [PSYoungGen: 42192K->1976K(44480K)] 192617K->152609K(1410496K), 0.0206215 secs]
611494.868: [GC [PSYoungGen: 42424K->1968K(44480K)] 193057K->152884K(1410496K), 0.0196935 secs]
611765.337: [GC [PSYoungGen: 42416K->2064K(44416K)] 193332K->153285K(1410432K), 0.0205602 secs]
612041.818: [GC [PSYoungGen: 42512K->1816K(44416K)] 193733K->153401K(1410432K), 0.0208145 secs]
612247.090: [GC [PSYoungGen: 42264K->2304K(44352K)] 193849K->154057K(1410368K), 0.0263828 secs]
612486.578: [GC [PSYoungGen: 42752K->2216K(44224K)] 194505K->154621K(1410240K), 0.0321442 secs]
612757.068: [GC [PSYoungGen: 42664K->1848K(44160K)] 195069K->154473K(1410176K), 0.0190183 secs]
613039.557: [GC [PSYoungGen: 42296K->1760K(44160K)] 194921K->154661K(1410176K), 0.0213902 secs]
613304.018: [GC [PSYoungGen: 42208K->1856K(44096K)] 195109K->154941K(1410112K), 0.0297108 secs]
613368.173: [GC [PSYoungGen: 42304K->864K(44032K)] 195389K->154325K(1410048K), 0.0224258 secs]
613374.244: [GC [PSYoungGen: 41312K->616K(41088K)] 194773K->154347K(1407104K), 0.0203165 secs]
613376.607: [GC [PSYoungGen: 41064K->512K(44288K)] 194795K->154505K(1410304K), 0.0169857 secs]
613378.442: [GC [PSYoungGen: 40960K->608K(44352K)] 194953K->154945K(1410368K), 0.0220337 secs]
613380.981: [GC [PSYoungGen: 41056K->624K(44352K)] 195393K->155285K(1410368K), 0.0233078 secs]
613391.952: [GC [PSYoungGen: 41072K->936K(44288K)] 195733K->155969K(1410304K), 0.0227788 secs]
613400.008: [GC [PSYoungGen: 41375K->688K(44160K)] 196408K->156265K(1410176K), 0.0164761 secs]
613403.034: [GC [PSYoungGen: 41134K->800K(44096K)] 196711K->156649K(1410112K), 0.0206199 secs]
613404.362: [GC [PSYoungGen: 41248K->400K(44032K)] 197097K->156781K(1410048K), 0.0225374 secs]
613407.506: [GC [PSYoungGen: 40848K->848K(43968K)] 197229K->157435K(1409984K), 0.0189594 secs]
613415.026: [GC [PSYoungGen: 41296K->1264K(41792K)] 197883K->158354K(1407808K), 0.0197293 secs]
613422.002: [GC [PSYoungGen: 41712K->656K(43584K)] 198802K->158642K(1409600K), 0.0222414 secs]
613427.732: [GC [PSYoungGen: 41104K->664K(43520K)] 199090K->158986K(1409536K), 0.0233177 secs]
613434.239: [GC [PSYoungGen: 41112K->1072K(43392K)] 199434K->159822K(1409408K), 0.0153727 secs]
613441.424: [GC [PSYoungGen: 41520K->1208K(43264K)] 200270K->160742K(1409280K), 0.0205241 secs]
613445.478: [GC [PSYoungGen: 41656K->992K(43136K)] 201190K->161464K(1409152K), 0.0168952 secs]
613449.792: [GC [PSYoungGen: 41440K->784K(43008K)] 201912K->161900K(1409024K), 0.0220115 secs]
613459.711: [GC [PSYoungGen: 41230K->976K(42880K)] 202347K->162639K(1408896K), 0.0238147 secs]
613466.213: [GC [PSYoungGen: 41424K->1200K(42816K)] 203087K->163435K(1408832K), 0.0211730 secs]
613470.593: [GC [PSYoungGen: 41648K->944K(41408K)] 203883K->164039K(1407424K), 0.0228003 secs]
613477.546: [GC [PSYoungGen: 41392K->1280K(42048K)] 204487K->165099K(1408064K), 0.0187810 secs]
613483.043: [GC [PSYoungGen: 41728K->784K(42624K)] 205547K->165597K(1408640K), 0.0214239 secs]
613487.296: [GC [PSYoungGen: 41232K->792K(42560K)] 206045K->165999K(1408576K), 0.0181296 secs]
613492.242: [GC [PSYoungGen: 41240K->952K(42496K)] 206447K->166574K(1408512K), 0.0220177 secs]
613497.790: [GC [PSYoungGen: 41400K->1040K(42432K)] 207022K->167346K(1408448K), 0.0248220 secs]
613502.491: [GC [PSYoungGen: 41488K->1296K(42304K)] 207794K->168403K(1408320K), 0.0233404 secs]
613508.162: [GC [PSYoungGen: 41744K->1072K(42368K)] 208850K->169235K(1408384K), 0.0217885 secs]
613515.850: [GC [PSYoungGen: 41520K->1224K(42240K)] 209683K->170257K(1408256K), 0.0240382 secs]
613520.786: [GC [PSYoungGen: 41670K->920K(42240K)] 210704K->170811K(1408256K), 0.0184508 secs]
613525.217: [GC [PSYoungGen: 41368K->976K(42240K)] 211259K->171467K(1408256K), 0.0173149 secs]
613529.029: [GC [PSYoungGen: 41424K->984K(42176K)] 211915K->172225K(1408192K), 0.0251203 secs]
613531.445: [GC [PSYoungGen: 41432K->768K(42112K)] 212673K->172791K(1408128K), 0.0189024 secs]
613535.026: [GC [PSYoungGen: 41213K->1424K(42112K)] 213236K->173984K(1408128K), 0.0281704 secs]
613540.986: [GC [PSYoungGen: 41872K->1232K(42176K)] 214432K->174814K(1408192K), 0.0180663 secs]
613548.501: [GC [PSYoungGen: 41680K->1288K(42176K)] 215262K->175756K(1408192K), 0.0245380 secs]
613552.565: [GC [PSYoungGen: 41736K->960K(42176K)] 216204K->176346K(1408192K), 0.0196318 secs]
613558.417: [GC [PSYoungGen: 41408K->1472K(42176K)] 216794K->177488K(1408192K), 0.0176678 secs]
613562.701: [GC [PSYoungGen: 41920K->1312K(42240K)] 217936K->178360K(1408256K), 0.0239861 secs]
613567.301: [GC [PSYoungGen: 41760K->1312K(42240K)] 218808K->179392K(1408256K), 0.0238473 secs]
613576.214: [GC [PSYoungGen: 41760K->1456K(41920K)] 219840K->180568K(1407936K), 0.0207491 secs]
613578.670: [GC [PSYoungGen: 41904K->624K(42304K)] 221016K->180894K(1408320K), 0.0246880 secs]
613585.033: [GC [PSYoungGen: 41072K->1344K(41856K)] 221342K->182079K(1407872K), 0.0221528 secs]
613592.202: [GC [PSYoungGen: 41792K->1888K(42368K)] 222527K->183697K(1408384K), 0.0222464 secs]
613597.153: [GC [PSYoungGen: 42336K->1696K(42176K)] 224145K->185001K(1408192K), 0.0216476 secs]
613603.252: [GC [PSYoungGen: 42144K->1544K(42624K)] 225449K->186223K(1408640K), 0.0227798 secs]
613605.525: [GC [PSYoungGen: 41992K->608K(41088K)] 226671K->186401K(1407104K), 0.0191197 secs]
613611.903: [GC [PSYoungGen: 41056K->1424K(42688K)] 226849K->187509K(1408704K), 0.0214701 secs]
613614.381: [GC [PSYoungGen: 41872K->912K(42624K)] 227957K->188133K(1408640K), 0.0238418 secs]
613619.920: [GC [PSYoungGen: 41360K->1464K(42624K)] 228581K->189289K(1408640K), 0.0254052 secs]
613622.669: [GC [PSYoungGen: 41912K->1136K(42624K)] 229737K->190049K(1408640K), 0.0253484 secs]
613629.350: [GC [PSYoungGen: 41584K->2096K(42368K)] 230497K->192000K(1408384K), 0.0259802 secs]
613634.668: [GC [PSYoungGen: 42352K->1336K(42944K)] 232256K->193070K(1408960K), 0.0263339 secs]
613640.765: [GC [PSYoungGen: 41592K->1344K(42816K)] 233326K->194198K(1408832K), 0.0211046 secs]
613646.060: [GC [PSYoungGen: 41600K->1408K(41664K)] 234454K->195190K(1407680K), 0.0259657 secs]
613650.936: [GC [PSYoungGen: 41664K->1264K(41856K)] 235446K->196110K(1407872K), 0.0187085 secs]
613654.669: [GC [PSYoungGen: 41520K->1584K(42560K)] 236366K->197354K(1408576K), 0.0266507 secs]
613658.107: [GC [PSYoungGen: 41840K->1440K(42560K)] 237610K->198494K(1408576K), 0.0273902 secs]
613664.931: [GC [PSYoungGen: 41696K->2040K(42304K)] 238750K->200309K(1408320K), 0.0242394 secs]
613670.736: [GC [PSYoungGen: 42296K->1184K(42624K)] 240565K->201049K(1408640K), 0.0281391 secs]
613675.785: [GC [PSYoungGen: 41440K->1264K(42624K)] 241305K->202043K(1408640K), 0.0302577 secs]
613681.333: [GC [PSYoungGen: 41520K->1728K(42560K)] 242299K->203493K(1408576K), 0.0222056 secs]
613686.679: [GC [PSYoungGen: 41984K->1632K(42560K)] 243749K->204723K(1408576K), 0.0261772 secs]
613692.599: [GC [PSYoungGen: 41888K->1384K(42560K)] 244979K->205841K(1408576K), 0.0250495 secs]
613699.956: [GC [PSYoungGen: 41639K->1424K(42496K)] 246096K->206995K(1408512K), 0.0197853 secs]
613705.710: [GC [PSYoungGen: 41680K->1512K(42432K)] 247251K->208127K(1408448K), 0.0245256 secs]
613711.727: [GC [PSYoungGen: 41768K->1376K(42368K)] 248383K->209111K(1408384K), 0.0277964 secs]
613717.939: [GC [PSYoungGen: 41632K->1968K(42304K)] 249367K->210751K(1408320K), 0.0250958 secs]
613723.748: [GC [PSYoungGen: 42224K->1688K(42432K)] 251007K->212121K(1408448K), 0.0270028 secs]
613731.112: [GC [PSYoungGen: 41944K->1792K(42432K)] 252377K->213560K(1408448K), 0.0229550 secs]
613737.228: [GC [PSYoungGen: 42048K->1720K(42496K)] 253816K->214902K(1408512K), 0.0269840 secs]
613743.831: [GC [PSYoungGen: 41976K->1864K(42496K)] 255158K->216456K(1408512K), 0.0234402 secs]
613745.336: [GC [PSYoungGen: 42120K->704K(40960K)] 256712K->216902K(1406976K), 0.0180270 secs]
613746.275: [GC [PSYoungGen: 40960K->384K(42560K)] 257158K->217146K(1408576K), 0.0194533 secs]
613751.715: [GC [PSYoungGen: 40575K->1872K(42688K)] 257337K->218832K(1408704K), 0.0293538 secs]
613755.162: [GC [PSYoungGen: 42064K->1264K(42752K)] 259024K->219876K(1408768K), 0.0232502 secs]
613759.044: [GC [PSYoungGen: 41456K->1104K(41344K)] 260068K->220724K(1407360K), 0.0213317 secs]
613761.692: [GC [PSYoungGen: 41296K->872K(42048K)] 260916K->221404K(1408064K), 0.0227537 secs]
613764.946: [GC [PSYoungGen: 41064K->1216K(42624K)] 261596K->222327K(1408640K), 0.0186876 secs]
613768.328: [GC [PSYoungGen: 41408K->1328K(42496K)] 262519K->223331K(1408512K), 0.0266370 secs]
613770.020: [GC [PSYoungGen: 41520K->1136K(42432K)] 263523K->224217K(1408448K), 0.0242109 secs]
613770.921: [GC [PSYoungGen: 41328K->416K(42816K)] 264409K->224439K(1408832K), 0.0231620 secs]
613772.464: [GC [PSYoungGen: 41056K->784K(42880K)] 265079K->225053K(1408896K), 0.0206977 secs]
613776.016: [GC [PSYoungGen: 41424K->1216K(51008K)] 265693K->226097K(1417024K), 0.0294053 secs]
613778.655: [GC [PSYoungGen: 49984K->928K(51008K)] 274865K->226823K(1417024K), 0.0311575 secs]
613782.159: [GC [PSYoungGen: 49824K->1384K(60800K)] 275719K->227929K(1426816K), 0.0359324 secs]
613788.200: [GC [PSYoungGen: 60072K->1960K(61376K)] 286617K->229523K(1427392K), 0.0469168 secs]
613793.178: [GC [PSYoungGen: 61224K->1752K(61440K)] 288787K->230818K(1427456K), 0.0341562 secs]
613794.819: [GC [PSYoungGen: 60888K->736K(73344K)] 289954K->231242K(1439360K), 0.0256588 secs]
613796.336: [GC [PSYoungGen: 71712K->816K(73472K)] 302218K->231862K(1439488K), 0.0183585 secs]
613800.192: [GC [PSYoungGen: 71920K->1608K(73216K)] 302966K->233294K(1439232K), 0.0242200 secs]
613801.578: [GC [PSYoungGen: 72520K->1056K(73472K)] 304206K->234090K(1439488K), 0.0259836 secs]
613803.007: [GC [PSYoungGen: 72160K->1464K(73408K)] 305194K->235389K(1439424K), 0.0275558 secs]
613804.553: [GC [PSYoungGen: 72568K->816K(87680K)] 306493K->236017K(1453696K), 0.0223793 secs]
613806.438: [GC [PSYoungGen: 86192K->1152K(87808K)] 321393K->236965K(1453824K), 0.0382914 secs]
613808.355: [GC [PSYoungGen: 86720K->1360K(104896K)] 322533K->237989K(1470912K), 0.0311183 secs]
613812.093: [GC [PSYoungGen: 104080K->2096K(106368K)] 340709K->240209K(1472384K), 0.0535891 secs]
613816.915: [GC [PSYoungGen: 106352K->2864K(125760K)] 344465K->242935K(1491776K), 0.0532381 secs]
613819.476: [GC [PSYoungGen: 125744K->2176K(126144K)] 365815K->244604K(1492160K), 0.0598419 secs]
613822.570: [GC [PSYoungGen: 125056K->1584K(150720K)] 367484K->245872K(1516736K), 0.0313910 secs]
613825.637: [GC [PSYoungGen: 148976K->3200K(152320K)] 393264K->249038K(1518336K), 0.0656663 secs]
613828.683: [GC [PSYoungGen: 152320K->2728K(167744K)] 398158K->251579K(1533760K), 0.0515164 secs]
613831.898: [GC [PSYoungGen: 166312K->3568K(167168K)] 415163K->254623K(1533184K), 0.0687501 secs]
613835.354: [GC [PSYoungGen: 167152K->2392K(167616K)] 418207K->256674K(1533632K), 0.0428153 secs]
613838.724: [GC [PSYoungGen: 165400K->3664K(166720K)] 419682K->259974K(1532736K), 0.0347085 secs]
613847.914: [GC [PSYoungGen: 166672K->4728K(162816K)] 422982K->265348K(1528832K), 0.0570012 secs]
613854.424: [GC [PSYoungGen: 162801K->4320K(162432K)] 423421K->269571K(1528448K), 0.0338329 secs]
613899.124: [GC [PSYoungGen: 162400K->7096K(150720K)] 427651K->288721K(1516736K), 0.0630717 secs]
613933.343: [GC [PSYoungGen: 150712K->14200K(157120K)] 432337K->306237K(1523136K), 0.0628708 secs]
613967.203: [GC [PSYoungGen: 157112K->14200K(132352K)] 449149K->320263K(1498368K), 0.0518481 secs]
613997.547: [GC [PSYoungGen: 132344K->14520K(132160K)] 438407K->332737K(1498176K), 0.0464617 secs]
614015.056: [GC [PSYoungGen: 132152K->7416K(142272K)] 450369K->338313K(1508288K), 0.0433877 secs]
614036.777: [GC [PSYoungGen: 124600K->12112K(128896K)] 455497K->349143K(1494912K), 0.0464795 secs]
614064.846: [GC [PSYoungGen: 128848K->13600K(141440K)] 465879K->360378K(1507456K), 0.0443328 secs]
614099.676: [GC [PSYoungGen: 129888K->16112K(131968K)] 476666K->373708K(1497984K), 0.0552411 secs]
614106.732: [GC [PSYoungGen: 131952K->3280K(141120K)] 489548K->374428K(1507136K), 0.0439989 secs]
614112.200: [GC [PSYoungGen: 118672K->4256K(119232K)] 489820K->378256K(1485248K), 0.0389307 secs]
614125.810: [GC [PSYoungGen: 119200K->7792K(137408K)] 493200K->385466K(1503424K), 0.0404795 secs]
614135.056: [GC [PSYoungGen: 122288K->4728K(118784K)] 499962K->389486K(1484800K), 0.0423954 secs]
614149.563: [GC [PSYoungGen: 118776K->9328K(132544K)] 503534K->398245K(1498560K), 0.0505826 secs]
614161.214: [GC [PSYoungGen: 122928K->5576K(118784K)] 511845K->402969K(1484800K), 0.0458457 secs]
614179.809: [GC [PSYoungGen: 118728K->12352K(133760K)] 516121K->414469K(1499776K), 0.0424506 secs]
614191.397: [GC [PSYoungGen: 125056K->6000K(118272K)] 527173K->419445K(1484288K), 0.0520295 secs]
614197.146: [GC [PSYoungGen: 118256K->3040K(132288K)] 531701K->421808K(1498304K), 0.0408072 secs]
614204.204: [GC [PSYoungGen: 114848K->5432K(116800K)] 533616K->426694K(1482816K), 0.0353517 secs]
614212.172: [GC [PSYoungGen: 116792K->4672K(128384K)] 538054K->430920K(1494400K), 0.0363641 secs]
614220.304: [GC [PSYoungGen: 115584K->5024K(115520K)] 541832K->435386K(1481536K), 0.0353858 secs]
614226.873: [GC [PSYoungGen: 115488K->3752K(126144K)] 545850K->438422K(1492160K), 0.0353776 secs]
614229.754: [GC [PSYoungGen: 113768K->2984K(127232K)] 548438K->440921K(1493248K), 0.0317677 secs]
614235.021: [GC [PSYoungGen: 112552K->3552K(124352K)] 550489K->444117K(1490368K), 0.0378074 secs]
614240.592: [GC [PSYoungGen: 112736K->4176K(113024K)] 553301K->447695K(1479040K), 0.0363429 secs]
614244.714: [GC [PSYoungGen: 112976K->2992K(124416K)] 556495K->450088K(1490432K), 0.0323790 secs]
614250.751: [GC [PSYoungGen: 111408K->6696K(114752K)] 558504K->456180K(1480768K), 0.0385527 secs]
614256.038: [GC [PSYoungGen: 114728K->3168K(120512K)] 564212K->458576K(1486528K), 0.0407312 secs]
614263.922: [GC [PSYoungGen: 110816K->7256K(121728K)] 566224K->465301K(1487744K), 0.0377416 secs]
614268.729: [GC [PSYoungGen: 114520K->4320K(119040K)] 572564K->468549K(1485056K), 0.0388800 secs]
614271.795: [GC [PSYoungGen: 111200K->3832K(110336K)] 575429K->471803K(1476352K), 0.0428157 secs]
614280.913: [GC [PSYoungGen: 110328K->7360K(119168K)] 578299K->478629K(1485184K), 0.0451530 secs]
614299.587: [GC [PSYoungGen: 113472K->13048K(118784K)] 584741K->491043K(1484800K), 0.0547612 secs]
614322.378: [GC [PSYoungGen: 118776K->15856K(121536K)] 596771K->505176K(1487552K), 0.1496545 secs]
614342.039: [GC [PSYoungGen: 119856K->15592K(123392K)] 609176K->518347K(1489408K), 0.0544016 secs]
614363.820: [GC [PSYoungGen: 119208K->15112K(124672K)] 621963K->531419K(1490688K), 0.0633399 secs]
614385.847: [GC [PSYoungGen: 118343K->15152K(125376K)] 634650K->544587K(1491392K), 0.0522689 secs]
614407.646: [GC [PSYoungGen: 118000K->15080K(125824K)] 647435K->557719K(1491840K), 0.0707227 secs]
614427.936: [GC [PSYoungGen: 117544K->15064K(117184K)] 660183K->570863K(1483200K), 0.0523998 secs]
614448.734: [GC [PSYoungGen: 117144K->14944K(126016K)] 672943K->583835K(1492032K), 0.0513862 secs]
614470.088: [GC [PSYoungGen: 116640K->14928K(125824K)] 685531K->596875K(1491840K), 0.0545105 secs]
614490.835: [GC [PSYoungGen: 116240K->15072K(125504K)] 698187K->610124K(1491520K), 0.0537407 secs]
614511.031: [GC [PSYoungGen: 116064K->14968K(115648K)] 711116K->623152K(1481664K), 0.0777474 secs]
614534.015: [GC [PSYoungGen: 115640K->14864K(124736K)] 723824K->636024K(1490752K), 0.0530776 secs]
614552.986: [GC [PSYoungGen: 115215K->14944K(124160K)] 736375K->649020K(1490176K), 0.0523369 secs]
614573.549: [GC [PSYoungGen: 114962K->14632K(121472K)] 749038K->661668K(1487488K), 0.0537372 secs]
614594.713: [GC [PSYoungGen: 114338K->14816K(122816K)] 761374K->674600K(1488832K), 0.0519448 secs]
614614.003: [GC [PSYoungGen: 114208K->14576K(120064K)] 773992K->687356K(1486080K), 0.0531182 secs]
614634.816: [GC [PSYoungGen: 113648K->14472K(113280K)] 786428K->699984K(1479296K), 0.0517076 secs]
614655.198: [GC [PSYoungGen: 113224K->14648K(120512K)] 798736K->712880K(1486528K), 0.0521971 secs]
614675.264: [GC [PSYoungGen: 113080K->14416K(112576K)] 811312K->725420K(1478592K), 0.0541775 secs]
614695.419: [GC [PSYoungGen: 112528K->14504K(118976K)] 823532K->738176K(1484992K), 0.0529941 secs]
614716.988: [GC [PSYoungGen: 112296K->14432K(111936K)] 835968K->750792K(1477952K), 0.0660285 secs]
614735.818: [GC [PSYoungGen: 111904K->14328K(115456K)] 848264K->763320K(1481472K), 0.0559120 secs]
614755.929: [GC [PSYoungGen: 111480K->14408K(116736K)] 860472K->775944K(1482752K), 0.0509427 secs]
614777.387: [GC [PSYoungGen: 111240K->14288K(113984K)] 872776K->788448K(1480000K), 0.0545616 secs]
614795.659: [GC [PSYoungGen: 110800K->14168K(115264K)] 884960K->800768K(1481280K), 0.0522203 secs]
614815.385: [GC [PSYoungGen: 110360K->14192K(112512K)] 896960K->813356K(1478528K), 0.0539670 secs]
614835.888: [GC [PSYoungGen: 110064K->14224K(113856K)] 909228K->825916K(1479872K), 0.0530688 secs]
614855.100: [GC [PSYoungGen: 109775K->14136K(111104K)] 921468K->838244K(1477120K), 0.0528900 secs]
614874.768: [GC [PSYoungGen: 109356K->14160K(112512K)] 933464K->850704K(1478528K), 0.0508862 secs]
614895.449: [GC [PSYoungGen: 109071K->14032K(109824K)] 945615K->863048K(1475840K), 0.0549906 secs]
614914.714: [GC [PSYoungGen: 108624K->14064K(111232K)] 957640K->875408K(1477248K), 0.0525816 secs]
614933.572: [GC [PSYoungGen: 108331K->13888K(108608K)] 969675K->887580K(1474624K), 0.0610876 secs]
614954.786: [GC [PSYoungGen: 107840K->13888K(110080K)] 981532K->899940K(1476096K), 0.0520912 secs]
614973.487: [GC [PSYoungGen: 107520K->13944K(109568K)] 993572K->912280K(1475584K), 0.0538948 secs]
614991.286: [GC [PSYoungGen: 107256K->13640K(106688K)] 1005592K->924388K(1472704K), 0.0519844 secs]
615012.198: [GC [PSYoungGen: 106632K->13680K(108544K)] 1017380K->936468K(1474560K), 0.0515575 secs]
615030.916: [GC [PSYoungGen: 106351K->13856K(108096K)] 1029140K->948673K(1474112K), 0.0506550 secs]
615049.597: [GC [PSYoungGen: 106208K->13696K(107648K)] 1041025K->960773K(1473664K), 0.0511828 secs]
615068.238: [GC [PSYoungGen: 105728K->13696K(105536K)] 1052805K->972937K(1471552K), 0.0535719 secs]
615086.836: [GC [PSYoungGen: 105471K->13504K(106816K)] 1064712K->984973K(1472832K), 0.0505030 secs]
615107.774: [GC [PSYoungGen: 105024K->13400K(106560K)] 1076493K->996941K(1472576K), 0.0527846 secs]
615125.576: [GC [PSYoungGen: 104656K->13616K(106240K)] 1088197K->1009149K(1472256K), 0.0545772 secs]
615144.541: [GC [PSYoungGen: 104624K->13536K(104320K)] 1100157K->1021089K(1470336K), 0.0544473 secs]
615164.312: [GC [PSYoungGen: 104286K->13568K(105216K)] 1111839K->1033121K(1471232K), 0.0786944 secs]
615182.563: [GC [PSYoungGen: 104064K->13424K(105152K)] 1123617K->1045037K(1471168K), 0.0503734 secs]
615200.656: [GC [PSYoungGen: 103662K->13368K(104832K)] 1135275K->1056965K(1470848K), 0.0506576 secs]
615219.736: [GC [PSYoungGen: 103351K->13304K(104512K)] 1146948K->1068789K(1470528K), 0.0510632 secs]
615237.315: [GC [PSYoungGen: 103032K->13320K(104256K)] 1158517K->1080765K(1470272K), 0.0551582 secs]
615257.967: [GC [PSYoungGen: 102791K->13288K(102528K)] 1170236K->1092689K(1468544K), 0.0532124 secs]
615275.786: [GC [PSYoungGen: 102504K->13144K(103104K)] 1181905K->1104373K(1469120K), 0.0512159 secs]
615294.409: [GC [PSYoungGen: 102102K->13344K(103296K)] 1193331K->1116309K(1469312K), 0.0521788 secs]
615313.646: [GC [PSYoungGen: 102047K->13176K(102976K)] 1205012K->1128093K(1468992K), 0.0639507 secs]
615331.259: [GC [PSYoungGen: 101624K->13120K(102720K)] 1216541K->1139925K(1468736K), 0.0505715 secs]
615349.384: [GC [PSYoungGen: 101312K->13096K(102400K)] 1228117K->1151749K(1468416K), 0.0562391 secs]
615367.036: [GC [PSYoungGen: 101030K->12856K(100544K)] 1239684K->1163413K(1466560K), 0.0542744 secs]
615385.596: [GC [PSYoungGen: 100535K->12944K(101376K)] 1251092K->1175065K(1467392K), 0.0545457 secs]
615404.445: [GC [PSYoungGen: 100367K->13024K(101568K)] 1262488K->1186821K(1467584K), 0.0545263 secs]
615422.719: [GC [PSYoungGen: 100192K->13032K(101248K)] 1273989K->1198469K(1467264K), 0.0609764 secs]
615439.864: [GC [PSYoungGen: 99944K->12960K(100928K)] 1285381K->1210077K(1466944K), 0.0516754 secs]
615457.667: [GC [PSYoungGen: 99615K->12904K(100608K)] 1296733K->1221721K(1466624K), 0.0538915 secs]
615475.924: [GC [PSYoungGen: 99304K->12792K(98944K)] 1308121K->1233237K(1464960K), 0.0522075 secs]
615494.606: [GC [PSYoungGen: 98935K->12856K(99456K)] 1319380K->1244841K(1465472K), 0.0535744 secs]
615512.439: [GC [PSYoungGen: 98744K->12904K(99712K)] 1330729K->1256457K(1465728K), 0.0612972 secs]
615529.757: [GC [PSYoungGen: 98536K->12616K(99456K)] 1342089K->1267861K(1465472K), 0.0648060 secs]
615547.650: [GC [PSYoungGen: 97992K->12640K(99136K)] 1353237K->1279293K(1465152K), 0.0601003 secs]
615565.367: [GC [PSYoungGen: 97760K->12544K(98880K)] 1364413K->1290561K(1464896K), 0.0531488 secs]
615583.746: [GC [PSYoungGen: 97408K->12456K(97088K)] 1375425K->1301873K(1463104K), 0.0556665 secs]
615600.200: [GC [PSYoungGen: 97064K->12632K(97856K)] 1386481K->1313465K(1463872K), 0.0603521 secs]
615618.649: [GC [PSYoungGen: 96984K->12520K(98048K)] 1397817K->1324838K(1464064K), 0.0615506 secs]
615636.366: [GC [PSYoungGen: 96616K->12496K(97728K)] 1408934K->1336178K(1463744K), 0.0539271 secs]
615653.284: [GC [PSYoungGen: 96336K->12648K(97408K)] 1420018K->1347566K(1463424K), 0.0558455 secs]
615669.798: [GC [PSYoungGen: 96232K->12384K(97088K)] 1431150K->1358806K(1463104K), 0.0521134 secs]
615687.238: [GC [PSYoungGen: 95712K->12240K(95360K)] 1442134K->1369938K(1461376K), 0.0511082 secs]
615687.290: [Full GC [PSYoungGen: 12240K->0K(95360K)] [PSOldGen: 1357697K->1111284K(1366016K)] 1369938K->1111284K(1461376K) [PSPermGen: 68579K->68579K(131072K)], 5.6766105 secs]
615694.331: [GC [PSYoungGen: 83070K->3184K(95296K)] 1194354K->1114468K(1461312K), 0.0346996 secs]
615695.575: [GC [PSYoungGen: 85292K->1872K(97408K)] 1196576K->1116064K(1463424K), 0.0394946 secs]
615696.812: [GC [PSYoungGen: 83970K->1029K(114944K)] 1198162K->1116925K(1480960K), 0.0325829 secs]
615698.277: [GC [PSYoungGen: 99393K->1348K(116544K)] 1215290K->1118108K(1482560K), 0.0383339 secs]
615703.016: [GC [PSYoungGen: 100228K->3464K(136768K)] 1216988K->1121280K(1502784K), 0.0790495 secs]
615727.910: [GC [PSYoungGen: 121927K->17760K(137344K)] 1239744K->1138760K(1503360K), 0.3589301 secs]
615754.358: [GC [PSYoungGen: 136800K->17384K(147520K)] 1257800K->1153412K(1513536K), 0.3550942 secs]
615776.956: [GC [PSYoungGen: 144104K->18792K(145536K)] 1280132K->1169432K(1511552K), 0.1270721 secs]
615803.684: [GC [PSYoungGen: 145512K->18680K(144512K)] 1296152K->1185020K(1510528K), 0.1301228 secs]
615829.187: [GC [PSYoungGen: 138616K->17664K(137152K)] 1304956K->1199720K(1503168K), 0.0597234 secs]
615854.331: [GC [PSYoungGen: 137088K->17544K(144192K)] 1319144K->1214608K(1510208K), 0.0891796 secs]
615879.227: [GC [PSYoungGen: 134920K->17200K(134080K)] 1331984K->1229116K(1500096K), 0.0579830 secs]
615905.439: [GC [PSYoungGen: 134064K->17184K(143808K)] 1345980K->1243748K(1509824K), 0.0654222 secs]
615926.416: [GC [PSYoungGen: 133535K->17200K(143296K)] 1360100K->1258369K(1509312K), 0.0584400 secs]
615950.836: [GC [PSYoungGen: 133040K->16840K(140672K)] 1374209K->1272569K(1506688K), 0.0587227 secs]
615975.089: [GC [PSYoungGen: 132168K->16912K(141888K)] 1387897K->1286933K(1507904K), 0.0565806 secs]
616000.534: [GC [PSYoungGen: 131728K->16920K(139072K)] 1401749K->1301425K(1505088K), 0.0580300 secs]
616025.674: [GC [PSYoungGen: 131288K->16816K(130752K)] 1415793K->1315777K(1496768K), 0.0586970 secs]
616046.259: [GC [PSYoungGen: 130736K->16768K(139456K)] 1429697K->1330101K(1505472K), 0.0591638 secs]
616069.725: [GC [PSYoungGen: 130240K->16736K(129792K)] 1443573K->1344437K(1495808K), 0.0591754 secs]
616094.513: [GC [PSYoungGen: 129760K->16528K(135616K)] 1457461K->1358517K(1501632K), 0.0581723 secs]
616117.696: [GC [PSYoungGen: 129104K->16616K(136704K)] 1471093K->1372773K(1502720K), 0.0582197 secs]
616117.755: [Full GC [PSYoungGen: 16616K->0K(136704K)] [PSOldGen: 1356157K->304033K(1366016K)] 1372773K->304033K(1502720K) [PSPermGen: 68590K->67431K(131072K)], 2.9666706 secs]
616137.263: [GC [PSYoungGen: 112128K->15104K(133696K)] 416161K->319138K(1499712K), 0.0515879 secs]
616160.842: [GC [PSYoungGen: 126780K->16400K(127680K)] 430814K->333492K(1493696K), 0.0633349 secs]
616184.895: [GC [PSYoungGen: 127631K->16416K(133632K)] 444724K->347584K(1499648K), 0.0543083 secs]
616210.952: [GC [PSYoungGen: 127200K->16232K(126592K)] 458368K->361421K(1492608K), 0.0636345 secs]
616234.149: [GC [PSYoungGen: 126567K->16408K(129792K)] 471756K->375609K(1495808K), 0.0576926 secs]
616252.857: [GC [PSYoungGen: 126296K->16224K(131008K)] 485497K->389513K(1497024K), 0.0529146 secs]
616276.114: [GC [PSYoungGen: 125657K->16184K(128128K)] 498946K->403361K(1494144K), 0.0551198 secs]
616301.806: [GC [PSYoungGen: 125176K->15992K(124544K)] 512353K->417105K(1490560K), 0.0571000 secs]
616324.639: [GC [PSYoungGen: 124536K->15880K(128384K)] 525649K->430689K(1494400K), 0.0535647 secs]
616343.376: [GC [PSYoungGen: 123973K->15896K(123584K)] 538782K->444441K(1489600K), 0.0562798 secs]
616367.127: [GC [PSYoungGen: 123537K->15872K(126656K)] 552082K->458129K(1492672K), 0.0641946 secs]
616392.095: [GC [PSYoungGen: 123072K->15600K(122368K)] 565329K->471509K(1488384K), 0.0598181 secs]
616411.126: [GC [PSYoungGen: 122350K->15984K(125184K)] 578260K->485353K(1491200K), 0.0647555 secs]
616433.095: [GC [PSYoungGen: 122287K->15736K(121600K)] 591657K->498941K(1487616K), 0.0590126 secs]
616455.940: [GC [PSYoungGen: 121587K->15448K(123776K)] 604792K->512237K(1489792K), 0.0536247 secs]
616480.755: [GC [PSYoungGen: 120856K->15432K(120448K)] 617645K->525621K(1486464K), 0.0540938 secs]
616498.984: [GC [PSYoungGen: 120392K->15456K(122624K)] 630581K->538989K(1488640K), 0.0535735 secs]
616520.037: [GC [PSYoungGen: 120032K->15456K(122048K)] 643565K->552453K(1488064K), 0.0536321 secs]
616544.856: [GC [PSYoungGen: 119647K->15240K(119488K)] 656645K->565673K(1485504K), 0.0547167 secs]
616566.641: [GC [PSYoungGen: 119047K->15448K(121024K)] 669481K->579198K(1487040K), 0.0603522 secs]
616585.599: [GC [PSYoungGen: 118872K->15120K(120448K)] 682622K->592290K(1486464K), 0.0521214 secs]
616608.611: [GC [PSYoungGen: 118160K->15144K(117824K)] 695330K->605502K(1483840K), 0.0541985 secs]
616632.053: [GC [PSYoungGen: 117800K->15088K(119552K)] 708158K->618758K(1485568K), 0.0546376 secs]
616650.159: [GC [PSYoungGen: 117360K->15000K(119040K)] 721030K->631821K(1485056K), 0.0520720 secs]
616671.273: [GC [PSYoungGen: 116888K->15160K(118592K)] 733709K->645174K(1484608K), 0.0529716 secs]
616695.049: [GC [PSYoungGen: 116664K->14832K(115968K)] 746678K->658066K(1481984K), 0.0641250 secs]
616715.791: [GC [PSYoungGen: 115952K->14920K(117696K)] 759186K->671202K(1483712K), 0.0513623 secs]
616734.727: [GC [PSYoungGen: 115656K->15000K(117184K)] 771938K->684342K(1483200K), 0.0535971 secs]
616757.432: [GC [PSYoungGen: 115342K->14832K(116736K)] 784685K->697222K(1482752K), 0.0558680 secs]
616778.399: [GC [PSYoungGen: 114800K->14808K(114432K)] 797190K->710086K(1480448K), 0.0540769 secs]
616796.802: [GC [PSYoungGen: 114391K->14784K(115776K)] 809669K->722922K(1481792K), 0.0562552 secs]
616818.504: [GC [PSYoungGen: 113983K->14104K(115392K)] 822121K->735274K(1481408K), 0.0524239 secs]
616836.191: [GC [PSYoungGen: 112920K->12816K(115008K)] 834090K->746700K(1481024K), 0.0494726 secs]
616853.865: [GC [PSYoungGen: 111248K->13920K(114880K)] 845132K->759247K(1480896K), 0.0553419 secs]
616877.196: [GC [PSYoungGen: 111968K->13856K(112384K)] 857295K->771471K(1478400K), 0.0533740 secs]
616891.604: [GC [PSYoungGen: 111519K->13144K(110464K)] 869135K->783182K(1476480K), 0.0567325 secs]
616911.311: [GC [PSYoungGen: 110424K->13984K(113664K)] 880462K->795657K(1479680K), 0.0606797 secs]
616935.304: [GC [PSYoungGen: 110880K->14352K(113216K)] 892553K->808301K(1479232K), 0.0509966 secs]
616950.936: [GC [PSYoungGen: 110928K->13512K(110656K)] 904877K->820273K(1476672K), 0.0541541 secs]
616968.930: [GC [PSYoungGen: 109768K->11920K(112320K)] 916529K->830935K(1478336K), 0.0604024 secs]
616989.126: [GC [PSYoungGen: 107856K->14256K(110208K)] 926871K->843835K(1476224K), 0.0551872 secs]
617008.044: [GC [PSYoungGen: 109872K->14152K(111744K)] 939451K->856230K(1477760K), 0.0569288 secs]
617028.256: [GC [PSYoungGen: 109448K->13472K(111168K)] 951526K->868198K(1477184K), 0.0544035 secs]
617044.095: [GC [PSYoungGen: 108448K->12768K(107456K)] 963174K->879663K(1473472K), 0.0572363 secs]
617062.106: [GC [PSYoungGen: 107424K->12888K(110464K)] 974319K->891230K(1476480K), 0.0545325 secs]
617084.597: [GC [PSYoungGen: 107213K->13904K(110080K)] 985555K->903733K(1476096K), 0.0534841 secs]
617101.422: [GC [PSYoungGen: 107920K->13888K(109568K)] 997749K->916061K(1475584K), 0.0506665 secs]
617120.787: [GC [PSYoungGen: 107584K->13856K(107264K)] 1009757K->928345K(1473280K), 0.0563372 secs]
617139.236: [GC [PSYoungGen: 107232K->12656K(108608K)] 1021721K->939677K(1474624K), 0.0534875 secs]
617154.529: [GC [PSYoungGen: 105710K->11984K(104768K)] 1032731K->950550K(1470784K), 0.0517325 secs]
617176.773: [GC [PSYoungGen: 104715K->13760K(108096K)] 1043281K->963126K(1474112K), 0.0579431 secs]
617194.136: [GC [PSYoungGen: 106176K->13888K(107648K)] 1055541K->975395K(1473664K), 0.0506777 secs]
617212.682: [GC [PSYoungGen: 105984K->13392K(105216K)] 1067491K->987235K(1471232K), 0.0602339 secs]
617230.865: [GC [PSYoungGen: 105168K->12312K(103808K)] 1079011K->998315K(1469824K), 0.0555277 secs]
617245.269: [GC [PSYoungGen: 103753K->11904K(106496K)] 1089756K->1009149K(1472512K), 0.0486448 secs]
617266.856: [GC [PSYoungGen: 103040K->13352K(106240K)] 1100285K->1021345K(1472256K), 0.0546078 secs]
617282.657: [GC [PSYoungGen: 104168K->13456K(105728K)] 1112161K->1033389K(1471744K), 0.0539343 secs]
617302.466: [GC [PSYoungGen: 103952K->13448K(103680K)] 1123885K->1045321K(1469696K), 0.0516604 secs]
617322.126: [GC [PSYoungGen: 103624K->13480K(104640K)] 1135497K->1057369K(1470656K), 0.0550942 secs]
617339.699: [GC [PSYoungGen: 103326K->13352K(104448K)] 1147215K->1069257K(1470464K), 0.0611868 secs]
617359.668: [GC [PSYoungGen: 102888K->13168K(103936K)] 1158793K->1080885K(1469952K), 0.0624149 secs]
617377.566: [GC [PSYoungGen: 102384K->13328K(102272K)] 1170101K->1092897K(1468288K), 0.0568036 secs]
617397.450: [GC [PSYoungGen: 102224K->13088K(102528K)] 1181793K->1104569K(1468544K), 0.0613228 secs]
617416.542: [GC [PSYoungGen: 101662K->13312K(102656K)] 1193143K->1116577K(1468672K), 0.0579818 secs]
617432.955: [GC [PSYoungGen: 101561K->13096K(102272K)] 1204826K->1128297K(1468288K), 0.0552855 secs]
617451.505: [GC [PSYoungGen: 101032K->12928K(100672K)] 1216233K->1139957K(1466688K), 0.0575188 secs]
617471.602: [GC [PSYoungGen: 100607K->12992K(100992K)] 1227636K->1151641K(1467008K), 0.0582055 secs]
617488.386: [GC [PSYoungGen: 100416K->12976K(101312K)] 1239065K->1163293K(1467328K), 0.0536523 secs]
617507.742: [GC [PSYoungGen: 100144K->13024K(101056K)] 1250461K->1175089K(1467072K), 0.0577219 secs]
617524.408: [GC [PSYoungGen: 99936K->12960K(99648K)] 1262001K->1186665K(1465664K), 0.0536511 secs]
617542.426: [GC [PSYoungGen: 99616K->12832K(99584K)] 1273321K->1198169K(1465600K), 0.0537795 secs]
617562.101: [GC [PSYoungGen: 99232K->12872K(100160K)] 1284569K->1209689K(1466176K), 0.0586751 secs]
617578.638: [GC [PSYoungGen: 99010K->12888K(99840K)] 1295827K->1221309K(1465856K), 0.0617923 secs]
617597.906: [GC [PSYoungGen: 98776K->12792K(99520K)] 1307197K->1232701K(1465536K), 0.0635835 secs]
617614.503: [GC [PSYoungGen: 98424K->12808K(99264K)] 1318333K->1244253K(1465280K), 0.0574763 secs]
617633.027: [GC [PSYoungGen: 98184K->12632K(98944K)] 1329629K->1255613K(1464960K), 0.0634061 secs]
617649.825: [GC [PSYoungGen: 97750K->12424K(98688K)] 1340731K->1266813K(1464704K), 0.0513635 secs]
617668.566: [GC [PSYoungGen: 97288K->12720K(97344K)] 1351677K->1278393K(1463360K), 0.0557736 secs]
617686.616: [GC [PSYoungGen: 97328K->12592K(97216K)] 1363001K->1289773K(1463232K), 0.0540729 secs]
617702.160: [GC [PSYoungGen: 96944K->12456K(97856K)] 1374125K->1301101K(1463872K), 0.0606526 secs]
617721.349: [GC [PSYoungGen: 96552K->12512K(97600K)] 1385197K->1312509K(1463616K), 0.0607513 secs]
617737.802: [GC [PSYoungGen: 96352K->12456K(97280K)] 1396349K->1323917K(1463296K), 0.0578585 secs]
617755.736: [GC [PSYoungGen: 96040K->12344K(97024K)] 1407501K->1335173K(1463040K), 0.0546594 secs]
617773.462: [GC [PSYoungGen: 95672K->12328K(95424K)] 1418501K->1346421K(1461440K), 0.0599468 secs]
617790.094: [GC [PSYoungGen: 95400K->12336K(95808K)] 1429493K->1357713K(1461824K), 0.0566412 secs]
617808.606: [GC [PSYoungGen: 95151K->12344K(96192K)] 1440529K->1369021K(1462208K), 0.0539833 secs]
617808.660: [Full GC [PSYoungGen: 12344K->0K(96192K)] [PSOldGen: 1356677K->1013081K(1366016K)] 1369021K->1013081K(1462208K) [PSPermGen: 67455K->67455K(131072K)], 5.2793560 secs]
617824.065: [GC [PSYoungGen: 82560K->12304K(95872K)] 1095641K->1025385K(1461888K), 0.0548157 secs]
617845.096: [GC [PSYoungGen: 94608K->11120K(93184K)] 1107689K->1035296K(1459200K), 0.0535367 secs]
617858.434: [GC [PSYoungGen: 93168K->12808K(95488K)] 1117344K->1047156K(1461504K), 0.0559758 secs]
617876.139: [GC [PSYoungGen: 94600K->12200K(95232K)] 1128948K->1058356K(1461248K), 0.0605183 secs]
617893.603: [GC [PSYoungGen: 93736K->12176K(94912K)] 1139892K->1069436K(1460928K), 0.0570401 secs]
617909.948: [GC [PSYoungGen: 93456K->12152K(93184K)] 1150716K->1080528K(1459200K), 0.0535317 secs]
617928.313: [GC [PSYoungGen: 93176K->12064K(93760K)] 1161552K->1091572K(1459776K), 0.0558618 secs]
617942.836: [GC [PSYoungGen: 92832K->12048K(93952K)] 1172340K->1102692K(1459968K), 0.0531516 secs]
617965.266: [GC [PSYoungGen: 92560K->11920K(93632K)] 1183204K->1113692K(1459648K), 0.0532917 secs]
617977.086: [GC [PSYoungGen: 92176K->11936K(93376K)] 1193948K->1124712K(1459392K), 0.0537685 secs]
617996.356: [GC [PSYoungGen: 91936K->11824K(93056K)] 1204712K->1135568K(1459072K), 0.0487023 secs]
618010.898: [GC [PSYoungGen: 91568K->12016K(91520K)] 1215312K->1146701K(1457536K), 0.0643579 secs]
618027.542: [GC [PSYoungGen: 91504K->11704K(91776K)] 1226189K->1157473K(1457792K), 0.0581775 secs]
618043.927: [GC [PSYoungGen: 90930K->11896K(92160K)] 1236699K->1168413K(1458176K), 0.0524917 secs]
618060.188: [GC [PSYoungGen: 90872K->11720K(91840K)] 1247389K->1179221K(1457856K), 0.0510573 secs]
618077.299: [GC [PSYoungGen: 90439K->11688K(91584K)] 1257940K->1190009K(1457600K), 0.0501447 secs]
618091.858: [GC [PSYoungGen: 90152K->11664K(91264K)] 1268473K->1200837K(1457280K), 0.0514291 secs]
618110.416: [GC [PSYoungGen: 89872K->11576K(89536K)] 1279045K->1211569K(1455552K), 0.0551554 secs]
618124.210: [GC [PSYoungGen: 89528K->11824K(90176K)] 1289521K->1222509K(1456192K), 0.0594380 secs]
618145.744: [GC [PSYoungGen: 89520K->11464K(90368K)] 1300205K->1233025K(1456384K), 0.0552382 secs]
618156.610: [GC [PSYoungGen: 88897K->11624K(90112K)] 1310458K->1243857K(1456128K), 0.0588483 secs]
618176.597: [GC [PSYoungGen: 88807K->11272K(89792K)] 1321040K->1254313K(1455808K), 0.0536414 secs]
618190.207: [GC [PSYoungGen: 88200K->11528K(89536K)] 1331241K->1265073K(1455552K), 0.0624084 secs]
618207.276: [GC [PSYoungGen: 88199K->11304K(87808K)] 1341744K->1275493K(1453824K), 0.0551626 secs]
618220.893: [GC [PSYoungGen: 87776K->11392K(88576K)] 1351965K->1286133K(1454592K), 0.0567337 secs]
618237.825: [GC [PSYoungGen: 87680K->11304K(88832K)] 1362421K->1296685K(1454848K), 0.0539337 secs]
618253.447: [GC [PSYoungGen: 87400K->11416K(88640K)] 1372781K->1307353K(1454656K), 0.0530139 secs]
618268.777: [GC [PSYoungGen: 87320K->11496K(88384K)] 1383257K->1318005K(1454400K), 0.0524974 secs]
618284.875: [GC [PSYoungGen: 87208K->11120K(88128K)] 1393717K->1328273K(1454144K), 0.0539730 secs]
618300.457: [GC [PSYoungGen: 86640K->11376K(86720K)] 1403793K->1338893K(1452736K), 0.0544692 secs]
618316.562: [GC [PSYoungGen: 86704K->11296K(86848K)] 1414221K->1349429K(1452864K), 0.0566727 secs]
618331.155: [GC [PSYoungGen: 86431K->11240K(87424K)] 1424565K->1359945K(1453440K), 0.0536848 secs]
618347.894: [GC [PSYoungGen: 86184K->11288K(87168K)] 1434889K->1370453K(1453184K), 0.0548171 secs]
618347.950: [Full GC [PSYoungGen: 11288K->0K(87168K)] [PSOldGen: 1359165K->389832K(1366016K)] 1370453K->389832K(1453184K) [PSPermGen: 67465K->67465K(129024K)], 3.0324398 secs]
618361.762: [GC [PSYoungGen: 74752K->11168K(86912K)] 464584K->401000K(1452928K), 0.0470760 secs]
618381.314: [GC [PSYoungGen: 85728K->10952K(86720K)] 475560K->411166K(1452736K), 0.0552317 secs]
618393.517: [GC [PSYoungGen: 85320K->11448K(86528K)] 485534K->421947K(1452544K), 0.0519111 secs]
618411.626: [GC [PSYoungGen: 85624K->10608K(86272K)] 496123K->431758K(1452288K), 0.0525412 secs]
618424.076: [GC [PSYoungGen: 84592K->11256K(85056K)] 505742K->442394K(1451072K), 0.0549652 secs]
618442.062: [GC [PSYoungGen: 85048K->10800K(84864K)] 516186K->452479K(1450880K), 0.0471967 secs]
618454.616: [GC [PSYoungGen: 84400K->11216K(85632K)] 526079K->463075K(1451648K), 0.0533519 secs]
618472.986: [GC [PSYoungGen: 84624K->10808K(85376K)] 536483K->473211K(1451392K), 0.0524254 secs]
618484.870: [GC [PSYoungGen: 84024K->10904K(85184K)] 546427K->483479K(1451200K), 0.0492752 secs]
618505.556: [GC [PSYoungGen: 83928K->10928K(84928K)] 556503K->493775K(1450944K), 0.0529437 secs]
618515.052: [GC [PSYoungGen: 83752K->10888K(84672K)] 566599K->504055K(1450688K), 0.0562831 secs]
618535.917: [GC [PSYoungGen: 83521K->10928K(84480K)] 576689K->514347K(1450496K), 0.0516658 secs]
618545.199: [GC [PSYoungGen: 83374K->10848K(83136K)] 586793K->524559K(1449152K), 0.0524046 secs]
618566.040: [GC [PSYoungGen: 83104K->10672K(83136K)] 596815K->534579K(1449152K), 0.0490275 secs]
618575.312: [GC [PSYoungGen: 82731K->10816K(83776K)] 606639K->544823K(1449792K), 0.0564569 secs]
618595.418: [GC [PSYoungGen: 82688K->10560K(83520K)] 616695K->554843K(1449536K), 0.0507374 secs]
618605.109: [GC [PSYoungGen: 82240K->10752K(83328K)] 626523K->565015K(1449344K), 0.0499838 secs]
618623.636: [GC [PSYoungGen: 82240K->10544K(83136K)] 636503K->574967K(1449152K), 0.0524398 secs]
618634.996: [GC [PSYoungGen: 81840K->10672K(82880K)] 646263K->585075K(1448896K), 0.0526784 secs]
618653.230: [GC [PSYoungGen: 81768K->10504K(82688K)] 656171K->595019K(1448704K), 0.0490827 secs]
618664.600: [GC [PSYoungGen: 81412K->10648K(81408K)] 665927K->605107K(1447424K), 0.0507636 secs]
618682.820: [GC [PSYoungGen: 81368K->10488K(81280K)] 675827K->614999K(1447296K), 0.0494615 secs]
618694.107: [GC [PSYoungGen: 81016K->10688K(81984K)] 685527K->625059K(1448000K), 0.0520032 secs]
618712.576: [GC [PSYoungGen: 81024K->10272K(81728K)] 695395K->634691K(1447744K), 0.0526879 secs]
618723.666: [GC [PSYoungGen: 80415K->10584K(81536K)] 704835K->644767K(1447552K), 0.0526989 secs]
618738.688: [GC [PSYoungGen: 80536K->10504K(81280K)] 714719K->654667K(1447296K), 0.0511184 secs]
618752.251: [GC [PSYoungGen: 80264K->10464K(81088K)] 724427K->664539K(1447104K), 0.0479695 secs]
618767.703: [GC [PSYoungGen: 80032K->10248K(80832K)] 734107K->674175K(1446848K), 0.0553725 secs]
618781.446: [GC [PSYoungGen: 79623K->10192K(79424K)] 743550K->683843K(1445440K), 0.0536144 secs]
618796.351: [GC [PSYoungGen: 79376K->10616K(77248K)] 753027K->693879K(1443264K), 0.0481660 secs]
618809.968: [GC [PSYoungGen: 77235K->9664K(76160K)] 760499K->702775K(1442176K), 0.0501241 secs]
618824.177: [GC [PSYoungGen: 76094K->10072K(81152K)] 769206K->712315K(1447168K), 0.0512484 secs]
618839.434: [GC [PSYoungGen: 76309K->9800K(80832K)] 778553K->721559K(1446848K), 0.0543250 secs]
618851.480: [GC [PSYoungGen: 75848K->10264K(80512K)] 787607K->731163K(1446528K), 0.0592662 secs]
618869.062: [GC [PSYoungGen: 76120K->9712K(80128K)] 797019K->740207K(1446144K), 0.0467462 secs]
618876.930: [GC [PSYoungGen: 75376K->9896K(77760K)] 805871K->749575K(1443776K), 0.0483464 secs]
618897.456: [GC [PSYoungGen: 75368K->9840K(79424K)] 815047K->758859K(1445440K), 0.0522477 secs]
618905.066: [GC [PSYoungGen: 75120K->9752K(79104K)] 824139K->768047K(1445120K), 0.0528520 secs]
618922.704: [GC [PSYoungGen: 74839K->9648K(78720K)] 833135K->777167K(1444736K), 0.0547669 secs]
618932.259: [GC [PSYoungGen: 74544K->9768K(76352K)] 842063K->786416K(1442368K), 0.0499290 secs]
618946.964: [GC [PSYoungGen: 74471K->9616K(78016K)] 851119K->795464K(1444032K), 0.0544859 secs]
618960.524: [GC [PSYoungGen: 74128K->9432K(77696K)] 859975K->804248K(1443712K), 0.0550106 secs]
618973.847: [GC [PSYoungGen: 73816K->9840K(74112K)] 868632K->813460K(1440128K), 0.0534795 secs]
618989.806: [GC [PSYoungGen: 74096K->9496K(77056K)] 877716K->822400K(1443072K), 0.0516253 secs]
618998.224: [GC [PSYoungGen: 73624K->9768K(76800K)] 886528K->831656K(1442816K), 0.0549600 secs]
619018.104: [GC [PSYoungGen: 73765K->9512K(76480K)] 895653K->840620K(1442496K), 0.0546272 secs]
619025.396: [GC [PSYoungGen: 73384K->9624K(76224K)] 904492K->849716K(1442240K), 0.0523704 secs]
619040.977: [GC [PSYoungGen: 73368K->9616K(73856K)] 913460K->858776K(1439872K), 0.0539977 secs]
619052.317: [GC [PSYoungGen: 73229K->9504K(75648K)] 922389K->867676K(1441664K), 0.0510185 secs]
619066.846: [GC [PSYoungGen: 72989K->9488K(75328K)] 931161K->876620K(1441344K), 0.0520758 secs]
619080.926: [GC [PSYoungGen: 72845K->9512K(75072K)] 939977K->885620K(1441088K), 0.0516825 secs]
619093.615: [GC [PSYoungGen: 72744K->9568K(74816K)] 948852K->894576K(1440832K), 0.0536174 secs]
619109.877: [GC [PSYoungGen: 72665K->9344K(72384K)] 957674K->903384K(1438400K), 0.0531859 secs]
619117.338: [GC [PSYoungGen: 72320K->9504K(74368K)] 966360K->912396K(1440384K), 0.0502849 secs]
619135.030: [GC [PSYoungGen: 72341K->9440K(74112K)] 975234K->921316K(1440128K), 0.0483374 secs]
619143.851: [GC [PSYoungGen: 72152K->9504K(73856K)] 984028K->930252K(1439872K), 0.0475359 secs]
619157.970: [GC [PSYoungGen: 72091K->9312K(73600K)] 992840K->939024K(1439616K), 0.0481018 secs]
619171.577: [GC [PSYoungGen: 71776K->9208K(73408K)] 1001488K->947604K(1439424K), 0.0519171 secs]
619185.671: [GC [PSYoungGen: 71544K->9432K(71680K)] 1009940K->956540K(1437696K), 0.0495845 secs]
619200.432: [GC [PSYoungGen: 71640K->9128K(72640K)] 1018748K->965120K(1438656K), 0.0571751 secs]
619208.156: [GC [PSYoungGen: 71207K->9728K(72768K)] 1027200K->974441K(1438784K), 0.0523065 secs]
619225.425: [GC [PSYoungGen: 71679K->9208K(72640K)] 1036391K->982853K(1438656K), 0.0528985 secs]
619234.196: [GC [PSYoungGen: 71032K->9304K(72448K)] 1044677K->991653K(1438464K), 0.0519810 secs]
619248.146: [GC [PSYoungGen: 71000K->9152K(72192K)] 1053349K->1000289K(1438208K), 0.0529932 secs]
619261.886: [GC [PSYoungGen: 70720K->9280K(72064K)] 1061857K->1009021K(1438080K), 0.0519871 secs]
619275.801: [GC [PSYoungGen: 70720K->9224K(71808K)] 1070461K->1017733K(1437824K), 0.0571434 secs]
619290.536: [GC [PSYoungGen: 70532K->9104K(71616K)] 1079041K->1026285K(1437632K), 0.0519497 secs]
619298.449: [GC [PSYoungGen: 70288K->9328K(71488K)] 1087469K->1035049K(1437504K), 0.0490400 secs]
619314.854: [GC [PSYoungGen: 70384K->9080K(70016K)] 1096105K->1043561K(1436032K), 0.0557340 secs]
619323.527: [GC [PSYoungGen: 69999K->9128K(70400K)] 1104480K->1052185K(1436416K), 0.0516806 secs]
619337.926: [GC [PSYoungGen: 69927K->9016K(70912K)] 1112984K->1060729K(1436928K), 0.0524492 secs]
619351.571: [GC [PSYoungGen: 69688K->8920K(70720K)] 1121401K->1069145K(1436736K), 0.0473478 secs]
619361.312: [GC [PSYoungGen: 69451K->9136K(70592K)] 1129676K->1077689K(1436608K), 0.0553139 secs]
619379.460: [GC [PSYoungGen: 69547K->9016K(70400K)] 1138100K->1086185K(1436416K), 0.0481855 secs]
619386.412: [GC [PSYoungGen: 69304K->9120K(70208K)] 1146473K->1094801K(1436224K), 0.0459795 secs]
619399.648: [GC [PSYoungGen: 69280K->9032K(70016K)] 1154961K->1103289K(1436032K), 0.0505409 secs]
619413.134: [GC [PSYoungGen: 69064K->9480K(69440K)] 1163321K->1112233K(1435456K), 0.0556600 secs]
619426.698: [GC [PSYoungGen: 69384K->8376K(66880K)] 1172137K->1120297K(1432896K), 0.0599751 secs]
619442.054: [GC [PSYoungGen: 66869K->8632K(71360K)] 1178791K->1128685K(1437376K), 0.0537060 secs]
619448.715: [GC [PSYoungGen: 67000K->8888K(69120K)] 1187053K->1137125K(1435136K), 0.0622537 secs]
619463.927: [GC [PSYoungGen: 67120K->8752K(70912K)] 1195357K->1145357K(1436928K), 0.0514186 secs]
619473.983: [GC [PSYoungGen: 66864K->8568K(70720K)] 1203469K->1153377K(1436736K), 0.0539671 secs]
619487.084: [GC [PSYoungGen: 66552K->8808K(70464K)] 1211361K->1161733K(1436480K), 0.0538069 secs]
619502.356: [GC [PSYoungGen: 66664K->8680K(70144K)] 1219589K->1169829K(1436160K), 0.0513211 secs]
619509.156: [GC [PSYoungGen: 66408K->8704K(66368K)] 1227557K->1178021K(1432384K), 0.0516976 secs]
619524.097: [GC [PSYoungGen: 66303K->8696K(69632K)] 1235620K->1186205K(1435648K), 0.0508237 secs]
619534.302: [GC [PSYoungGen: 66168K->8584K(69312K)] 1243677K->1194209K(1435328K), 0.0457905 secs]
619546.922: [GC [PSYoungGen: 65928K->8712K(69056K)] 1251553K->1202342K(1435072K), 0.0456680 secs]
619561.022: [GC [PSYoungGen: 65928K->8528K(68736K)] 1259558K->1210298K(1434752K), 0.0583514 secs]
619567.390: [GC [PSYoungGen: 65616K->8600K(66432K)] 1267386K->1218362K(1432448K), 0.0492971 secs]
619580.302: [GC [PSYoungGen: 65560K->8504K(68224K)] 1275322K->1226406K(1434240K), 0.0458532 secs]
619594.207: [GC [PSYoungGen: 65336K->8416K(67968K)] 1283238K->1234330K(1433984K), 0.0510680 secs]
619606.230: [GC [PSYoungGen: 65120K->8568K(67712K)] 1291034K->1242410K(1433728K), 0.0474322 secs]
619620.576: [GC [PSYoungGen: 65144K->8368K(67392K)] 1298986K->1250266K(1433408K), 0.0520354 secs]
619626.624: [GC [PSYoungGen: 64809K->8544K(64896K)] 1306707K->1258350K(1430912K), 0.0557166 secs]
619639.560: [GC [PSYoungGen: 64864K->8504K(66880K)] 1314670K->1266338K(1432896K), 0.0477031 secs]
619654.805: [GC [PSYoungGen: 64696K->7944K(66624K)] 1322530K->1273786K(1432640K), 0.0515955 secs]
619661.942: [GC [PSYoungGen: 64004K->8896K(66496K)] 1329847K->1282154K(1432512K), 0.0452764 secs]
619678.760: [GC [PSYoungGen: 64832K->8392K(66240K)] 1338090K->1290026K(1432256K), 0.0471633 secs]
619685.699: [GC [PSYoungGen: 64200K->8064K(65984K)] 1345834K->1297570K(1432000K), 0.0487594 secs]
619698.831: [GC [PSYoungGen: 63740K->8520K(64128K)] 1353246K->1305614K(1430144K), 0.0483498 secs]
619714.298: [GC [PSYoungGen: 64072K->8528K(65344K)] 1361166K->1313586K(1431360K), 0.0491081 secs]
619720.020: [GC [PSYoungGen: 63952K->8304K(65280K)] 1369010K->1321398K(1431296K), 0.0476664 secs]
619734.532: [GC [PSYoungGen: 63600K->8264K(65088K)] 1376694K->1329186K(1431104K), 0.0458055 secs]
619745.584: [GC [PSYoungGen: 63430K->7992K(64896K)] 1384352K->1336606K(1430912K), 0.0530087 secs]
619756.790: [GC [PSYoungGen: 63031K->8584K(64704K)] 1391646K->1344746K(1430720K), 0.0477960 secs]
619770.828: [GC [PSYoungGen: 63496K->8152K(64512K)] 1399658K->1352358K(1430528K), 0.0497956 secs]
619776.628: [GC [PSYoungGen: 62936K->8288K(64320K)] 1407142K->1360150K(1430336K), 0.0502736 secs]
619789.668: [GC [PSYoungGen: 62944K->8216K(62784K)] 1414806K->1367906K(1428800K), 0.0511562 secs]
619789.720: [Full GC [PSYoungGen: 8216K->0K(62784K)] [PSOldGen: 1359690K->880119K(1366016K)] 1367906K->880119K(1428800K) [PSPermGen: 67474K->67474K(120832K)], 4.9084308 secs]
619804.995: [GC [PSYoungGen: 54527K->8200K(63296K)] 934647K->888319K(1429312K), 0.0430714 secs]
619810.735: [GC [PSYoungGen: 62599K->8184K(63680K)] 942719K->895963K(1429696K), 0.0535912 secs]
619825.665: [GC [PSYoungGen: 62456K->8144K(63488K)] 950235K->903603K(1429504K), 0.0529434 secs]
619836.017: [GC [PSYoungGen: 62288K->8072K(63296K)] 957747K->911199K(1429312K), 0.0510933 secs]
619847.430: [GC [PSYoungGen: 62086K->8240K(63168K)] 965214K->919060K(1429184K), 0.0472027 secs]
619861.166: [GC [PSYoungGen: 62128K->7976K(62976K)] 972948K->926532K(1428992K), 0.0512617 secs]
619866.846: [GC [PSYoungGen: 61736K->8120K(62784K)] 980292K->934204K(1428800K), 0.0510296 secs]
619879.725: [GC [PSYoungGen: 61751K->8184K(61696K)] 987835K->941852K(1427712K), 0.0538824 secs]
619895.066: [GC [PSYoungGen: 61687K->7992K(59904K)] 995355K->949432K(1425920K), 0.0521714 secs]
619900.299: [GC [PSYoungGen: 59895K->7760K(63552K)] 1001336K->956748K(1429568K), 0.0481093 secs]
619915.355: [GC [PSYoungGen: 59531K->7744K(63360K)] 1008519K->964052K(1429376K), 0.0623285 secs]
619925.863: [GC [PSYoungGen: 59392K->7680K(63104K)] 1015700K->971236K(1429120K), 0.0443653 secs]
619932.867: [GC [PSYoungGen: 59193K->7760K(62912K)] 1022749K->978504K(1428928K), 0.0516183 secs]
619948.329: [GC [PSYoungGen: 59152K->7792K(62656K)] 1029896K->985892K(1428672K), 0.0478026 secs]
619956.416: [GC [PSYoungGen: 59042K->7632K(60416K)] 1037142K->993008K(1426432K), 0.0517812 secs]
619967.281: [GC [PSYoungGen: 58832K->7768K(62272K)] 1044208K->1000288K(1428288K), 0.0459852 secs]
619979.925: [GC [PSYoungGen: 58904K->7680K(62016K)] 1051424K->1007504K(1428032K), 0.0418904 secs]
619986.835: [GC [PSYoungGen: 58751K->7640K(61824K)] 1058575K->1014676K(1427840K), 0.0420617 secs]
619998.691: [GC [PSYoungGen: 58648K->7728K(61632K)] 1065684K->1021908K(1427648K), 0.0566554 secs]
620011.646: [GC [PSYoungGen: 58672K->7600K(58496K)] 1072852K->1029032K(1424512K), 0.0516327 secs]
620017.353: [GC [PSYoungGen: 58472K->7592K(61184K)] 1079905K->1036148K(1427200K), 0.0441110 secs]
620029.648: [GC [PSYoungGen: 58408K->7848K(60992K)] 1086964K->1043456K(1427008K), 0.0495079 secs]
620044.005: [GC [PSYoungGen: 58589K->7664K(60736K)] 1094197K->1050680K(1426752K), 0.0523616 secs]
620048.170: [GC [PSYoungGen: 58351K->7696K(60544K)] 1101367K->1057832K(1426560K), 0.0468748 secs]
620065.209: [GC [PSYoungGen: 58320K->7552K(60352K)] 1108456K->1064884K(1426368K), 0.0480573 secs]
620075.455: [GC [PSYoungGen: 58104K->7752K(58304K)] 1115437K->1072176K(1424320K), 0.0437901 secs]
620080.924: [GC [PSYoungGen: 58248K->7472K(59968K)] 1122672K->1079140K(1425984K), 0.0433339 secs]
620095.636: [GC [PSYoungGen: 57904K->7712K(59840K)] 1129572K->1086388K(1425856K), 0.0515003 secs]
620106.125: [GC [PSYoungGen: 58076K->7632K(59648K)] 1136752K->1093516K(1425664K), 0.0523536 secs]
620111.544: [GC [PSYoungGen: 57936K->7376K(59456K)] 1143820K->1100388K(1425472K), 0.0428181 secs]
620126.235: [GC [PSYoungGen: 57601K->7520K(59328K)] 1150613K->1107448K(1425344K), 0.0515602 secs]
620136.591: [GC [PSYoungGen: 57694K->7704K(59200K)] 1157623K->1114684K(1425216K), 0.0460967 secs]
620143.401: [GC [PSYoungGen: 57816K->7616K(59008K)] 1164796K->1121716K(1425024K), 0.0464097 secs]
620158.856: [GC [PSYoungGen: 57664K->7496K(57536K)] 1171764K->1128712K(1423552K), 0.0530305 secs]
620167.078: [GC [PSYoungGen: 57480K->7408K(58112K)] 1178696K->1135628K(1424128K), 0.0483859 secs]
620177.224: [GC [PSYoungGen: 57328K->7672K(58560K)] 1185548K->1142788K(1424576K), 0.0430559 secs]
620190.147: [GC [PSYoungGen: 57528K->7520K(58432K)] 1192644K->1149820K(1424448K), 0.0494152 secs]
620197.455: [GC [PSYoungGen: 57312K->7520K(58304K)] 1199612K->1156816K(1424320K), 0.0523714 secs]
620208.063: [GC [PSYoungGen: 57248K->7496K(58176K)] 1206544K->1163844K(1424192K), 0.0443688 secs]
620220.615: [GC [PSYoungGen: 57159K->7512K(58048K)] 1213508K->1171001K(1424064K), 0.0518259 secs]
620227.940: [GC [PSYoungGen: 57112K->7400K(57920K)] 1220601K->1177901K(1423936K), 0.0477873 secs]
620238.669: [GC [PSYoungGen: 56936K->7488K(57856K)] 1227437K->1184937K(1423872K), 0.0482541 secs]
620251.511: [GC [PSYoungGen: 56960K->7488K(57728K)] 1234409K->1191977K(1423744K), 0.0463353 secs]
620258.286: [GC [PSYoungGen: 56896K->7448K(57600K)] 1241385K->1198941K(1423616K), 0.0517950 secs]
620269.397: [GC [PSYoungGen: 56792K->7488K(57472K)] 1248285K->1205985K(1423488K), 0.0505924 secs]
620282.284: [GC [PSYoungGen: 56768K->7408K(56640K)] 1255265K->1212945K(1422656K), 0.0450592 secs]
620288.894: [GC [PSYoungGen: 56623K->6896K(54976K)] 1262160K->1219849K(1420992K), 0.0434347 secs]
620299.794: [GC [PSYoungGen: 54956K->7240K(58560K)] 1267909K->1226869K(1424576K), 0.0529871 secs]
620312.346: [GC [PSYoungGen: 55239K->7104K(58432K)] 1274868K->1233529K(1424448K), 0.0515378 secs]
620318.864: [GC [PSYoungGen: 55040K->7264K(58304K)] 1281465K->1240341K(1424320K), 0.0444331 secs]
620329.756: [GC [PSYoungGen: 55135K->7168K(58176K)] 1288212K->1247065K(1424192K), 0.0514792 secs]
620342.166: [GC [PSYoungGen: 54975K->7256K(57984K)] 1294873K->1253861K(1424000K), 0.0510723 secs]
620348.636: [GC [PSYoungGen: 54997K->7280K(57792K)] 1301602K->1260709K(1423808K), 0.0523042 secs]
620359.637: [GC [PSYoungGen: 54960K->7200K(54848K)] 1308389K->1267409K(1420864K), 0.0504516 secs]
620371.901: [GC [PSYoungGen: 54812K->7160K(57408K)] 1315021K->1274125K(1423424K), 0.0461271 secs]
620378.577: [GC [PSYoungGen: 54712K->7144K(57216K)] 1321677K->1280841K(1423232K), 0.0499266 secs]
620389.316: [GC [PSYoungGen: 54632K->7240K(57024K)] 1328329K->1287609K(1423040K), 0.0513049 secs]
620401.664: [GC [PSYoungGen: 54648K->7144K(56832K)] 1335017K->1294393K(1422848K), 0.0433919 secs]
620408.514: [GC [PSYoungGen: 54504K->6992K(56640K)] 1341753K->1300933K(1422656K), 0.0434691 secs]
620418.915: [GC [PSYoungGen: 54287K->7304K(54592K)] 1348229K->1307833K(1420608K), 0.0529370 secs]
620431.401: [GC [PSYoungGen: 54536K->7248K(56256K)] 1355065K->1314573K(1422272K), 0.0464644 secs]
620438.389: [GC [PSYoungGen: 54416K->7040K(56064K)] 1361741K->1321089K(1422080K), 0.0479244 secs]
620448.625: [GC [PSYoungGen: 54144K->7136K(55936K)] 1368193K->1327773K(1421952K), 0.0508256 secs]
620461.077: [GC [PSYoungGen: 54176K->7056K(55744K)] 1374813K->1334377K(1421760K), 0.0494649 secs]
620468.276: [GC [PSYoungGen: 54032K->7016K(55616K)] 1381353K->1340958K(1421632K), 0.0509484 secs]
620478.047: [GC [PSYoungGen: 53924K->7320K(55488K)] 1387866K->1347826K(1421504K), 0.0503612 secs]
620490.418: [GC [PSYoungGen: 54168K->6880K(55296K)] 1394674K->1354222K(1421312K), 0.0494941 secs]
620497.968: [GC [PSYoungGen: 53664K->6928K(53696K)] 1401006K->1360662K(1419712K), 0.0517363 secs]
620504.236: [GC [PSYoungGen: 53647K->7192K(54592K)] 1407381K->1367426K(1420608K), 0.0512578 secs]
620504.288: [Full GC [PSYoungGen: 7192K->0K(54592K)] [PSOldGen: 1360233K->459418K(1366016K)] 1367426K->459418K(1420608K) [PSPermGen: 67484K->67445K(114688K)], 3.4501505 secs]
620518.378: [GC [PSYoungGen: 46654K->7040K(54912K)] 506073K->466458K(1420928K), 0.0395921 secs]
620527.628: [GC [PSYoungGen: 53632K->7032K(54720K)] 513050K->473081K(1420736K), 0.0490926 secs]
620533.294: [GC [PSYoungGen: 53560K->7104K(54592K)] 519609K->479769K(1420608K), 0.0432567 secs]
620548.246: [GC [PSYoungGen: 53568K->6840K(54464K)] 526233K->486129K(1420480K), 0.0411079 secs]
620557.286: [GC [PSYoungGen: 53240K->7088K(54400K)] 532529K->492825K(1420416K), 0.0413480 secs]
620562.924: [GC [PSYoungGen: 53424K->7040K(54208K)] 539161K->499405K(1420224K), 0.0431739 secs]
620576.719: [GC [PSYoungGen: 53312K->7016K(54144K)] 545677K->505957K(1420160K), 0.0480255 secs]
620586.787: [GC [PSYoungGen: 53217K->6976K(54016K)] 552158K->512489K(1420032K), 0.0403051 secs]
620592.679: [GC [PSYoungGen: 53104K->6944K(53888K)] 558617K->519005K(1419904K), 0.0484880 secs]
620602.919: [GC [PSYoungGen: 53024K->7080K(53760K)] 565085K->525629K(1419776K), 0.0483056 secs]
620615.869: [GC [PSYoungGen: 53096K->6864K(52864K)] 571645K->532057K(1418880K), 0.0501744 secs]
620622.026: [GC [PSYoungGen: 52816K->6448K(51520K)] 578009K->538542K(1417536K), 0.0415183 secs]
620631.146: [GC [PSYoungGen: 51504K->6824K(54912K)] 583598K->545178K(1420928K), 0.0511743 secs]
620644.384: [GC [PSYoungGen: 51816K->6824K(54784K)] 590170K->551578K(1420800K), 0.0446180 secs]
620649.766: [GC [PSYoungGen: 51752K->6744K(54656K)] 596506K->557874K(1420672K), 0.0499816 secs]
620659.543: [GC [PSYoungGen: 51608K->6920K(54464K)] 602738K->564362K(1420480K), 0.0457446 secs]
620671.879: [GC [PSYoungGen: 51719K->6752K(54272K)] 609161K->570626K(1420288K), 0.0481824 secs]
620679.015: [GC [PSYoungGen: 51488K->6720K(52096K)] 615362K->576858K(1418112K), 0.0421496 secs]
620688.208: [GC [PSYoungGen: 51392K->6680K(53952K)] 621530K->583106K(1419968K), 0.0489697 secs]
620700.136: [GC [PSYoungGen: 51288K->6560K(53824K)] 627714K->589186K(1419840K), 0.0406561 secs]
620707.766: [GC [PSYoungGen: 51101K->6864K(53632K)] 633727K->595614K(1419648K), 0.0405036 secs]
620713.660: [GC [PSYoungGen: 51344K->6504K(53440K)] 640094K->601654K(1419456K), 0.0466234 secs]
620726.830: [GC [PSYoungGen: 50920K->7024K(53312K)] 646070K->608222K(1419328K), 0.0469388 secs]
620736.817: [GC [PSYoungGen: 51376K->6664K(53056K)] 652574K->614374K(1419072K), 0.0402983 secs]
620743.206: [GC [PSYoungGen: 50949K->6720K(51008K)] 658659K->620694K(1417024K), 0.0424039 secs]
620751.539: [GC [PSYoungGen: 50942K->6720K(52672K)] 664916K->626902K(1418688K), 0.0477541 secs]
620764.063: [GC [PSYoungGen: 50873K->6624K(52544K)] 671055K->633070K(1418560K), 0.0440601 secs]
620770.056: [GC [PSYoungGen: 50720K->6632K(52352K)] 677166K->639318K(1418368K), 0.0510614 secs]
620779.577: [GC [PSYoungGen: 50650K->6752K(52224K)] 683336K->645650K(1418240K), 0.0486794 secs]
620791.801: [GC [PSYoungGen: 50716K->6584K(52032K)] 689614K->651738K(1418048K), 0.0459777 secs]
620798.797: [GC [PSYoungGen: 50488K->6640K(51904K)] 695642K->657958K(1417920K), 0.0397553 secs]
620804.446: [GC [PSYoungGen: 50480K->6752K(51776K)] 701798K->664378K(1417792K), 0.0406634 secs]
620818.917: [GC [PSYoungGen: 50528K->6512K(51584K)] 708154K->670490K(1417600K), 0.0400164 secs]
620827.586: [GC [PSYoungGen: 50223K->6616K(51520K)] 714201K->676782K(1417536K), 0.0404304 secs]
620833.755: [GC [PSYoungGen: 50263K->6584K(50176K)] 720429K->683010K(1416192K), 0.0434179 secs]
620843.806: [GC [PSYoungGen: 50168K->6600K(50496K)] 726594K->689174K(1416512K), 0.0509630 secs]
620856.095: [GC [PSYoungGen: 50117K->6592K(51072K)] 732692K->695350K(1417088K), 0.0421425 secs]
620860.687: [GC [PSYoungGen: 50048K->6528K(50944K)] 738806K->701430K(1416960K), 0.0394526 secs]
620870.036: [GC [PSYoungGen: 49920K->6400K(50880K)] 744822K->707430K(1416896K), 0.0509554 secs]
620882.246: [GC [PSYoungGen: 49727K->6632K(50752K)] 750757K->713690K(1416768K), 0.0408464 secs]
620889.083: [GC [PSYoungGen: 49896K->6536K(50624K)] 756954K->719670K(1416640K), 0.0441585 secs]
620895.681: [GC [PSYoungGen: 49736K->6584K(50496K)] 762870K->725822K(1416512K), 0.0459371 secs]
620910.181: [GC [PSYoungGen: 49720K->6544K(50368K)] 768958K->731906K(1416384K), 0.0461593 secs]
620917.886: [GC [PSYoungGen: 49616K->6552K(50304K)] 774978K->738018K(1416320K), 0.0409146 secs]
620923.860: [GC [PSYoungGen: 49560K->6616K(49600K)] 781026K->744142K(1415616K), 0.0491205 secs]
620932.599: [GC [PSYoungGen: 49560K->5808K(48064K)] 787086K->750058K(1414080K), 0.0480610 secs]
620944.980: [GC [PSYoungGen: 48047K->6400K(51456K)] 792298K->756326K(1417472K), 0.0465367 secs]
620950.378: [GC [PSYoungGen: 48576K->6264K(51328K)] 798502K->762190K(1417344K), 0.0510120 secs]
620959.603: [GC [PSYoungGen: 48376K->6400K(51264K)] 804302K->768222K(1417280K), 0.0435089 secs]
620971.811: [GC [PSYoungGen: 48448K->6200K(51072K)] 810270K->774002K(1417088K), 0.0457126 secs]
620978.650: [GC [PSYoungGen: 48184K->6504K(50944K)] 815986K->780102K(1416960K), 0.0474589 secs]
620984.474: [GC [PSYoungGen: 48422K->6368K(48704K)] 822021K->785966K(1414720K), 0.0440498 secs]
620996.835: [GC [PSYoungGen: 48224K->6296K(50560K)] 827822K->791802K(1416576K), 0.0414172 secs]
621006.706: [GC [PSYoungGen: 48088K->6304K(50368K)] 833594K->797694K(1416384K), 0.0404893 secs]
621012.716: [GC [PSYoungGen: 48032K->6344K(50240K)] 839422K->803662K(1416256K), 0.0409323 secs]
621020.447: [GC [PSYoungGen: 48008K->6320K(50048K)] 845326K->809663K(1416064K), 0.0396636 secs]
621032.875: [GC [PSYoungGen: 47920K->6344K(49856K)] 851263K->815595K(1415872K), 0.0417332 secs]
621039.286: [GC [PSYoungGen: 47880K->6408K(49664K)] 857131K->821571K(1415680K), 0.0513772 secs]
621045.397: [GC [PSYoungGen: 47880K->6328K(49472K)] 863043K->827483K(1415488K), 0.0498450 secs]
621057.770: [GC [PSYoungGen: 47736K->6280K(49344K)] 868891K->833351K(1415360K), 0.0464112 secs]
621066.964: [GC [PSYoungGen: 47610K->6152K(47488K)] 874681K->839103K(1413504K), 0.0440125 secs]
621072.957: [GC [PSYoungGen: 47432K->6256K(48832K)] 880383K->844883K(1414848K), 0.0402854 secs]
621080.653: [GC [PSYoungGen: 47472K->6296K(48896K)] 886099K->850727K(1414912K), 0.0433403 secs]
621092.924: [GC [PSYoungGen: 47432K->6240K(48768K)] 891864K->856559K(1414784K), 0.0431669 secs]
621099.346: [GC [PSYoungGen: 47328K->6272K(48576K)] 897647K->862403K(1414592K), 0.0404763 secs]
621105.077: [GC [PSYoungGen: 47296K->6240K(48448K)] 903427K->868203K(1414464K), 0.0393457 secs]
621117.392: [GC [PSYoungGen: 47200K->6176K(48320K)] 909163K->873967K(1414336K), 0.0449266 secs]
621126.913: [GC [PSYoungGen: 47065K->6240K(48192K)] 914857K->879779K(1414208K), 0.0428621 secs]
621133.031: [GC [PSYoungGen: 47072K->6168K(46976K)] 920611K->885511K(1412992K), 0.0476515 secs]
621140.562: [GC [PSYoungGen: 46922K->6200K(47104K)] 926265K->891279K(1413120K), 0.0454267 secs]
621152.864: [GC [PSYoungGen: 46896K->6168K(47808K)] 931976K->897011K(1413824K), 0.0459210 secs]
621159.242: [GC [PSYoungGen: 46804K->6096K(47680K)] 937647K->902663K(1413696K), 0.0446564 secs]
621165.047: [GC [PSYoungGen: 46671K->6048K(47616K)] 943239K->908407K(1413632K), 0.0484963 secs]
621175.836: [GC [PSYoungGen: 46560K->6168K(47488K)] 948919K->914247K(1413504K), 0.0407829 secs]
621186.536: [GC [PSYoungGen: 46616K->6112K(47360K)] 954695K->919943K(1413376K), 0.0406708 secs]
621192.618: [GC [PSYoungGen: 46494K->6104K(47232K)] 960326K->925756K(1413248K), 0.0487968 secs]
621199.912: [GC [PSYoungGen: 46424K->6168K(47168K)] 966076K->931564K(1413184K), 0.0449666 secs]
621212.501: [GC [PSYoungGen: 46423K->5840K(47040K)] 971819K->937024K(1413056K), 0.0462866 secs]
621218.846: [GC [PSYoungGen: 46025K->6256K(46976K)] 977210K->942908K(1412992K), 0.0402633 secs]
621224.660: [GC [PSYoungGen: 46373K->6192K(46848K)] 983025K->948648K(1412864K), 0.0465515 secs]
621233.157: [GC [PSYoungGen: 46256K->6000K(46784K)] 988712K->954204K(1412800K), 0.0392261 secs]
621244.716: [GC [PSYoungGen: 46000K->5984K(46656K)] 994204K->959812K(1412672K), 0.0542583 secs]
621251.668: [GC [PSYoungGen: 45913K->5840K(46592K)] 999741K->965352K(1412608K), 0.0479175 secs]
621256.780: [GC [PSYoungGen: 45712K->6200K(48640K)] 1005224K->971116K(1414656K), 0.0467563 secs]
621270.136: [GC [PSYoungGen: 48120K->6328K(48512K)] 1013036K->977120K(1414528K), 0.0406583 secs]
621278.329: [GC [PSYoungGen: 48184K->6328K(48512K)] 1018976K->982968K(1414528K), 0.0482093 secs]
621284.596: [GC [PSYoungGen: 48120K->6296K(48448K)] 1024760K->988820K(1414464K), 0.0408443 secs]
621292.235: [GC [PSYoungGen: 48024K->6312K(48384K)] 1030548K->994768K(1414400K), 0.0417271 secs]
621304.893: [GC [PSYoungGen: 47976K->6264K(48320K)] 1036432K->1000596K(1414336K), 0.0436802 secs]
621312.310: [GC [PSYoungGen: 47864K->6200K(48256K)] 1042196K->1006460K(1414272K), 0.0471808 secs]
621319.625: [GC [PSYoungGen: 47722K->6344K(48128K)] 1047983K->1012513K(1414144K), 0.0418102 secs]
621332.110: [GC [PSYoungGen: 47815K->6240K(48064K)] 1053984K->1018345K(1414080K), 0.0470300 secs]
621339.013: [GC [PSYoungGen: 47648K->6288K(48000K)] 1059753K->1024261K(1414016K), 0.0439196 secs]
621345.082: [GC [PSYoungGen: 47632K->6344K(47872K)] 1065605K->1030157K(1413888K), 0.0448145 secs]
621352.927: [GC [PSYoungGen: 47624K->6320K(47808K)] 1071437K->1036001K(1413824K), 0.0486343 secs]
621365.661: [GC [PSYoungGen: 47536K->6336K(47744K)] 1077217K->1041813K(1413760K), 0.0461582 secs]
621372.916: [GC [PSYoungGen: 47488K->6208K(47680K)] 1082965K->1047585K(1413696K), 0.0404161 secs]
621379.816: [GC [PSYoungGen: 47296K->6296K(47616K)] 1088673K->1053517K(1413632K), 0.0402458 secs]
621392.339: [GC [PSYoungGen: 47304K->6232K(47552K)] 1094526K->1059345K(1413568K), 0.0475220 secs]
621399.317: [GC [PSYoungGen: 47192K->6136K(47424K)] 1100305K->1065085K(1413440K), 0.0398377 secs]
621405.365: [GC [PSYoungGen: 47030K->6232K(47360K)] 1105980K->1070897K(1413376K), 0.0420368 secs]
621412.809: [GC [PSYoungGen: 47064K->6248K(47296K)] 1111729K->1076745K(1413312K), 0.0475462 secs]
621425.311: [GC [PSYoungGen: 47016K->6280K(47232K)] 1117513K->1082629K(1413248K), 0.0459078 secs]
621433.038: [GC [PSYoungGen: 46984K->6064K(47104K)] 1123333K->1088289K(1413120K), 0.0490522 secs]
621438.967: [GC [PSYoungGen: 46704K->6176K(47104K)] 1128929K->1094077K(1413120K), 0.0486923 secs]
621450.201: [GC [PSYoungGen: 46750K->5960K(46976K)] 1134651K->1099653K(1412992K), 0.0452095 secs]
621458.868: [GC [PSYoungGen: 46472K->6128K(46976K)] 1140165K->1105353K(1412992K), 0.0486439 secs]
621464.920: [GC [PSYoungGen: 46576K->6112K(46848K)] 1145801K->1111049K(1412864K), 0.0463520 secs]
621472.206: [GC [PSYoungGen: 46496K->6104K(46464K)] 1151433K->1116749K(1412480K), 0.0425382 secs]
621484.514: [GC [PSYoungGen: 46424K->4728K(44736K)] 1157069K->1122377K(1410752K), 0.0428461 secs]
621492.286: [GC [PSYoungGen: 44726K->6016K(48448K)] 1162376K->1128237K(1414464K), 0.0402394 secs]
621497.004: [GC [PSYoungGen: 45946K->6096K(48320K)] 1168168K->1133998K(1414336K), 0.0444558 secs]
621507.366: [GC [PSYoungGen: 45968K->6208K(48192K)] 1173870K->1139734K(1414208K), 0.0401109 secs]
621518.016: [GC [PSYoungGen: 46016K->5872K(48000K)] 1179542K->1145198K(1414016K), 0.0405280 secs]
621524.436: [GC [PSYoungGen: 45616K->6032K(47872K)] 1184942K->1150854K(1413888K), 0.0403196 secs]
621531.366: [GC [PSYoungGen: 45712K->5976K(47744K)] 1190534K->1156402K(1413760K), 0.0422107 secs]
621543.298: [GC [PSYoungGen: 45592K->6104K(47616K)] 1196018K->1162066K(1413632K), 0.0480140 secs]
621550.119: [GC [PSYoungGen: 45654K->5912K(47424K)] 1201616K->1167590K(1413440K), 0.0485472 secs]
621556.093: [GC [PSYoungGen: 45400K->5944K(45376K)] 1207078K->1173178K(1411392K), 0.0429532 secs]
621563.492: [GC [PSYoungGen: 45368K->5960K(47104K)] 1212602K->1178838K(1413120K), 0.0440164 secs]
621576.256: [GC [PSYoungGen: 45320K->6056K(46976K)] 1218198K->1184590K(1412992K), 0.0504207 secs]
621584.035: [GC [PSYoungGen: 45352K->5840K(46784K)] 1223886K->1189978K(1412800K), 0.0422638 secs]
621588.313: [GC [PSYoungGen: 45071K->6144K(47744K)] 1229209K->1195710K(1413760K), 0.0431617 secs]
621599.473: [GC [PSYoungGen: 46388K->6048K(47552K)] 1235954K->1201278K(1413568K), 0.0661959 secs]
621609.017: [GC [PSYoungGen: 46240K->6184K(46336K)] 1241470K->1207002K(1412352K), 0.0523907 secs]
621615.765: [GC [PSYoungGen: 46312K->4336K(44416K)] 1247130K->1212306K(1410432K), 0.0419825 secs]
621622.869: [GC [PSYoungGen: 44399K->6296K(49088K)] 1252369K->1218494K(1415104K), 0.0481903 secs]
621634.221: [GC [PSYoungGen: 46296K->6024K(48832K)] 1258494K->1224058K(1414848K), 0.0406588 secs]
621642.666: [GC [PSYoungGen: 45952K->5960K(45888K)] 1263986K->1229610K(1411904K), 0.0398852 secs]
621649.246: [GC [PSYoungGen: 45830K->5512K(48512K)] 1269480K->1234710K(1414528K), 0.0406159 secs]
621654.081: [GC [PSYoungGen: 45320K->5584K(48384K)] 1274518K->1239938K(1414400K), 0.0451942 secs]
621664.131: [GC [PSYoungGen: 45327K->4912K(48256K)] 1279682K->1244394K(1414272K), 0.0457943 secs]
621671.966: [GC [PSYoungGen: 44592K->5408K(48192K)] 1284074K->1249383K(1414208K), 0.0402194 secs]
621677.381: [GC [PSYoungGen: 45024K->5752K(48064K)] 1288999K->1254675K(1414080K), 0.0453574 secs]
621689.015: [GC [PSYoungGen: 45304K->4992K(47808K)] 1294227K->1259187K(1413824K), 0.0421616 secs]
621700.546: [GC [PSYoungGen: 44479K->5408K(47744K)] 1298675K->1264241K(1413760K), 0.0405815 secs]
621707.696: [GC [PSYoungGen: 44832K->5336K(47552K)] 1303665K->1269249K(1413568K), 0.0415471 secs]
621714.868: [GC [PSYoungGen: 44696K->6160K(47360K)] 1308609K->1275145K(1413376K), 0.0388994 secs]
621719.196: [GC [PSYoungGen: 45456K->5880K(45120K)] 1314441K->1280404K(1411136K), 0.0408322 secs]
621730.480: [GC [PSYoungGen: 45112K->5464K(46912K)] 1319636K->1285306K(1412928K), 0.0471258 secs]
621737.416: [GC [PSYoungGen: 44632K->5584K(46720K)] 1324474K->1290539K(1412736K), 0.0403013 secs]
621746.086: [GC [PSYoungGen: 44688K->5512K(46528K)] 1329643K->1295767K(1412544K), 0.0402590 secs]
621752.104: [GC [PSYoungGen: 44551K->6544K(46336K)] 1334806K->1301884K(1412352K), 0.0428095 secs]
621764.269: [GC [PSYoungGen: 45520K->5384K(46400K)] 1340860K->1306816K(1412416K), 0.0471271 secs]
621769.906: [GC [PSYoungGen: 44294K->6216K(46272K)] 1345726K->1312644K(1412288K), 0.0415822 secs]
621779.446: [GC [PSYoungGen: 45063K->5392K(46208K)] 1351492K->1317620K(1412224K), 0.0406781 secs]
621788.417: [GC [PSYoungGen: 44176K->6016K(46080K)] 1356404K->1323260K(1412096K), 0.0489396 secs]
621796.293: [GC [PSYoungGen: 44730K->6112K(45952K)] 1361974K->1329008K(1411968K), 0.0429852 secs]
621802.960: [GC [PSYoungGen: 44768K->6032K(44672K)] 1367664K->1334584K(1410688K), 0.0483516 secs]
621816.302: [GC [PSYoungGen: 44624K->5848K(44928K)] 1373176K->1340012K(1410944K), 0.0444033 secs]
621820.595: [GC [PSYoungGen: 44376K->5536K(45504K)] 1378540K->1345124K(1411520K), 0.0412733 secs]
621827.419: [GC [PSYoungGen: 44000K->5976K(45376K)] 1383588K->1350736K(1411392K), 0.0469581 secs]
621836.502: [GC [PSYoungGen: 44376K->5920K(45248K)] 1389136K->1356200K(1411264K), 0.0440189 secs]
621849.144: [GC [PSYoungGen: 44256K->5424K(45120K)] 1394536K->1361196K(1411136K), 0.0425027 secs]
621854.106: [GC [PSYoungGen: 43696K->6040K(45056K)] 1399468K->1366912K(1411072K), 0.0404116 secs]
621854.147: [Full GC [PSYoungGen: 6040K->0K(45056K)] [PSOldGen: 1360872K->819514K(1366016K)] 1366912K->819514K(1411072K) [PSPermGen: 67455K->67455K(108544K)], 4.6326904 secs]
621859.949: [GC [PSYoungGen: 38208K->4536K(44928K)] 857722K->824051K(1410944K), 0.0372589 secs]
621868.463: [GC [PSYoungGen: 42680K->6656K(44800K)] 862195K->830463K(1410816K), 0.0434486 secs]
621880.836: [GC [PSYoungGen: 44736K->5664K(45120K)] 868543K->835707K(1411136K), 0.0398236 secs]
621890.087: [GC [PSYoungGen: 43679K->4248K(42240K)] 873722K->839635K(1408256K), 0.0396197 secs]
621899.100: [GC [PSYoungGen: 42200K->4768K(45056K)] 877587K->844083K(1411072K), 0.0363954 secs]
621910.885: [GC [PSYoungGen: 42656K->5720K(44992K)] 881971K->849479K(1411008K), 0.0409103 secs]
621916.581: [GC [PSYoungGen: 43544K->7088K(43456K)] 887303K->857019K(1409472K), 0.0545925 secs]
621921.819: [GC [PSYoungGen: 43440K->5472K(46080K)] 893371K->862251K(1412096K), 0.0465594 secs]
621935.260: [GC [PSYoungGen: 41760K->6056K(43776K)] 898539K->867891K(1409792K), 0.0474400 secs]
621943.967: [GC [PSYoungGen: 42277K->4488K(45440K)] 904112K->871931K(1411456K), 0.0394104 secs]
621949.834: [GC [PSYoungGen: 40646K->5272K(45376K)] 908089K->876879K(1411392K), 0.0420881 secs]
621952.456: [GC [PSYoungGen: 41368K->6352K(46016K)] 912975K->882991K(1412032K), 0.0404279 secs]
621966.595: [GC [PSYoungGen: 43280K->5960K(50752K)] 919919K->888591K(1416768K), 0.0582902 secs]
621977.956: [GC [PSYoungGen: 47752K->6240K(50368K)] 930383K->894271K(1416384K), 0.0402679 secs]
621981.767: [GC [PSYoungGen: 47968K->5616K(51072K)] 935999K->899452K(1417088K), 0.0406410 secs]
621989.086: [GC [PSYoungGen: 48240K->7360K(50944K)] 942076K->906456K(1416960K), 0.0413729 secs]
622004.112: [GC [PSYoungGen: 49984K->6264K(57024K)] 949080K->912240K(1423040K), 0.1373223 secs]
622011.506: [GC [PSYoungGen: 54710K->7288K(56960K)] 960686K->919100K(1422976K), 0.0421399 secs]
622017.441: [GC [PSYoungGen: 55853K->7416K(64576K)] 967665K->926028K(1430592K), 0.1471254 secs]
622037.808: [GC [PSYoungGen: 63416K->8120K(64960K)] 982028K->933636K(1430976K), 0.0508510 secs]
622043.379: [GC [PSYoungGen: 64312K->8128K(74432K)] 989828K->941300K(1440448K), 0.1625636 secs]
622061.846: [GC [PSYoungGen: 73344K->9520K(74752K)] 1006516K->951000K(1440768K), 0.0671067 secs]
622072.514: [GC [PSYoungGen: 74736K->7720K(88832K)] 1016216K->958432K(1454848K), 0.1845323 secs]
622079.768: [GC [PSYoungGen: 83176K->9408K(89024K)] 1033888K->967226K(1455040K), 0.0704443 secs]
622099.786: [GC [PSYoungGen: 85631K->9072K(100864K)] 1043450K->975570K(1466880K), 0.1846441 secs]
622111.480: [GC [PSYoungGen: 97008K->12848K(101760K)] 1063506K->988070K(1467776K), 0.1413182 secs]
622134.073: [GC [PSYoungGen: 101744K->13208K(119232K)] 1076966K->1000279K(1485248K), 0.2649358 secs]
622157.907: [GC [PSYoungGen: 115096K->14968K(119872K)] 1102167K->1013635K(1485888K), 0.1375875 secs]
622168.935: [GC [PSYoungGen: 116849K->12712K(136576K)] 1115516K->1024692K(1502592K), 0.2875217 secs]
622195.680: [GC [PSYoungGen: 130204K->16960K(136576K)] 1142184K->1039678K(1502592K), 0.1262919 secs]
622223.651: [GC [PSYoungGen: 134453K->17184K(148864K)] 1157171K->1054241K(1514880K), 0.3395291 secs]
622251.486: [GC [PSYoungGen: 145438K->19032K(147328K)] 1182495K->1070525K(1513344K), 0.1003911 secs]
622277.626: [GC [PSYoungGen: 147288K->18808K(146048K)] 1198781K->1086213K(1512064K), 0.1002404 secs]
622301.370: [GC [PSYoungGen: 141304K->18088K(140608K)] 1208709K->1101341K(1506624K), 0.0601156 secs]
622324.516: [GC [PSYoungGen: 140584K->18088K(145600K)] 1223837K->1116473K(1511616K), 0.0603025 secs]
622350.034: [GC [PSYoungGen: 138280K->17592K(137088K)] 1236665K->1131105K(1503104K), 0.0596249 secs]
622377.528: [GC [PSYoungGen: 137080K->17528K(144832K)] 1250593K->1145929K(1510848K), 0.0585942 secs]
622405.182: [GC [PSYoungGen: 136312K->17176K(135360K)] 1264713K->1160449K(1501376K), 0.0588243 secs]
622430.153: [GC [PSYoungGen: 135320K->17376K(143296K)] 1278593K->1175277K(1509312K), 0.0586861 secs]
622443.213: [GC [PSYoungGen: 134880K->13864K(130752K)] 1292781K->1187013K(1496768K), 0.0588357 secs]
622469.882: [GC [PSYoungGen: 130728K->15432K(138944K)] 1303877K->1200355K(1504960K), 0.0538261 secs]
622497.650: [GC [PSYoungGen: 131655K->23920K(139520K)] 1316578K->1215604K(1505536K), 0.0907589 secs]
622522.900: [GC [PSYoungGen: 139504K->15688K(143744K)] 1331188K->1227085K(1509760K), 0.0590134 secs]
622532.356: [GC [PSYoungGen: 130632K->26744K(141056K)] 1342029K->1238141K(1507072K), 0.0685110 secs]
622558.710: [GC [PSYoungGen: 141048K->16520K(142720K)] 1352445K->1247761K(1508736K), 0.0612399 secs]
622585.696: [GC [PSYoungGen: 129416K->16520K(128896K)] 1360657K->1261898K(1494912K), 0.0570024 secs]
622604.028: [GC [PSYoungGen: 128840K->28280K(136064K)] 1374218K->1276055K(1502080K), 0.1007982 secs]
622623.838: [GC [PSYoungGen: 136056K->15792K(123008K)] 1383831K->1283383K(1489024K), 0.0591144 secs]
622649.711: [GC [PSYoungGen: 122992K->15816K(135872K)] 1390583K->1297031K(1501888K), 0.0580615 secs]
622676.155: [GC [PSYoungGen: 122440K->29136K(136576K)] 1403655K->1310351K(1502592K), 0.0803765 secs]
622691.346: [GC [PSYoungGen: 135248K->33272K(129792K)] 1416463K->1316387K(1495808K), 0.1382594 secs]
622712.311: [GC [PSYoungGen: 129777K->27632K(123712K)] 1412892K->1318519K(1489728K), 0.0804236 secs]
622737.547: [GC [PSYoungGen: 123696K->14208K(133888K)] 1414583K->1324231K(1499904K), 0.0592455 secs]
622751.203: [GC [PSYoungGen: 109504K->14312K(109184K)] 1419527K->1336743K(1475200K), 0.0589036 secs]
622772.236: [GC [PSYoungGen: 109160K->13880K(131904K)] 1431591K->1348843K(1497920K), 0.0534822 secs]
622795.417: [GC [PSYoungGen: 108280K->12680K(106688K)] 1443243K->1360175K(1472704K), 0.0553644 secs]
622795.473: [Full GC [PSYoungGen: 12680K->0K(106688K)] [PSOldGen: 1347495K->552145K(1366016K)] 1360175K->552145K(1472704K) [PSPermGen: 67467K->67467K(104448K)], 3.5639504 secs]
622803.084: [GC [PSYoungGen: 93951K->10520K(127744K)] 646096K->562665K(1493760K), 0.0470091 secs]
622829.325: [GC [PSYoungGen: 104024K->12408K(105472K)] 656169K->574252K(1471488K), 0.0567486 secs]
622837.326: [GC [PSYoungGen: 105464K->13848K(125696K)] 667308K->586755K(1491712K), 0.0562069 secs]
622861.857: [GC [PSYoungGen: 106456K->13192K(105408K)] 679363K->598343K(1471424K), 0.0515864 secs]
622884.354: [GC [PSYoungGen: 105352K->14216K(120576K)] 690503K->611131K(1486592K), 0.0716144 secs]
622895.848: [GC [PSYoungGen: 105928K->13592K(104896K)] 702843K->623163K(1470912K), 0.0654164 secs]
622921.688: [GC [PSYoungGen: 104856K->13304K(119552K)] 714427K->634931K(1485568K), 0.0542994 secs]
622937.274: [GC [PSYoungGen: 104184K->13944K(104448K)] 725811K->647363K(1470464K), 0.0543484 secs]
622954.073: [GC [PSYoungGen: 104440K->13376K(116736K)] 737859K->659191K(1482752K), 0.0615618 secs]
622981.084: [GC [PSYoungGen: 103488K->13016K(102784K)] 749303K->670695K(1468800K), 0.0584715 secs]
622990.347: [GC [PSYoungGen: 102744K->25048K(115968K)] 760423K->682727K(1481984K), 0.0654010 secs]
623013.185: [GC [PSYoungGen: 114071K->12928K(118080K)] 771751K->689783K(1484096K), 0.0558317 secs]
623035.163: [GC [PSYoungGen: 101568K->13440K(114880K)] 778423K->701839K(1480896K), 0.0575696 secs]
623046.683: [GC [PSYoungGen: 101692K->13112K(100992K)] 790092K->713599K(1467008K), 0.0590310 secs]
623072.041: [GC [PSYoungGen: 100984K->12848K(112448K)] 801471K->725167K(1478464K), 0.0607202 secs]
623083.741: [GC [PSYoungGen: 100322K->13048K(100160K)] 812642K->736983K(1466176K), 0.0619708 secs]
623103.939: [GC [PSYoungGen: 100151K->12824K(110208K)] 824087K->748607K(1476224K), 0.0634463 secs]
623125.949: [GC [PSYoungGen: 99544K->12872K(99264K)] 835327K->760303K(1465280K), 0.0625529 secs]
623137.514: [GC [PSYoungGen: 99208K->12848K(108032K)] 846639K->771907K(1474048K), 0.0589722 secs]
623162.366: [GC [PSYoungGen: 98800K->12400K(108992K)] 857859K->783151K(1475008K), 0.0539279 secs]
623173.139: [GC [PSYoungGen: 97968K->12784K(105984K)] 868719K->794847K(1472000K), 0.0506283 secs]
623194.081: [GC [PSYoungGen: 97968K->12512K(97344K)] 880031K->806127K(1463360K), 0.0615670 secs]
623214.636: [GC [PSYoungGen: 97311K->12592K(104064K)] 890927K->817575K(1470080K), 0.0563324 secs]
623226.315: [GC [PSYoungGen: 97008K->21112K(105216K)] 901991K->829119K(1471232K), 0.0637539 secs]
623251.685: [GC [PSYoungGen: 105208K->12304K(108032K)] 913215K->839451K(1474048K), 0.0605535 secs]
623261.446: [GC [PSYoungGen: 96080K->12592K(96064K)] 923227K->850979K(1462080K), 0.0544392 secs]
623283.656: [GC [PSYoungGen: 96047K->12232K(104192K)] 934435K->862079K(1470208K), 0.0494901 secs]
623297.476: [GC [PSYoungGen: 95368K->12384K(95232K)] 945215K->873391K(1461248K), 0.0543737 secs]
623315.378: [GC [PSYoungGen: 95199K->12176K(104576K)] 956207K->884479K(1470592K), 0.0625630 secs]
623336.329: [GC [PSYoungGen: 94672K->12248K(94464K)] 966975K->895675K(1460480K), 0.0627513 secs]
623348.180: [GC [PSYoungGen: 94424K->11936K(102912K)] 977851K->906548K(1468928K), 0.0601712 secs]
623371.984: [GC [PSYoungGen: 93792K->12408K(93952K)] 988404K->917848K(1459968K), 0.0580876 secs]
623383.788: [GC [PSYoungGen: 93938K->11984K(99200K)] 999378K->928744K(1465216K), 0.0538729 secs]
623402.294: [GC [PSYoungGen: 93200K->10488K(100544K)] 1009960K->938552K(1466560K), 0.0548319 secs]
623408.916: [GC [PSYoungGen: 91383K->9064K(100032K)] 1019447K->946892K(1466048K), 0.0525798 secs]
623427.263: [GC [PSYoungGen: 89640K->10600K(90880K)] 1027468K->956759K(1456896K), 0.0576904 secs]
623439.706: [GC [PSYoungGen: 90856K->11944K(99008K)] 1037015K->967923K(1465024K), 0.0541347 secs]
623462.086: [GC [PSYoungGen: 91879K->11848K(91520K)] 1047858K->978799K(1457536K), 0.0556190 secs]
623474.011: [GC [PSYoungGen: 91451K->11912K(95232K)] 1058402K->989763K(1461248K), 0.0607202 secs]
623493.686: [GC [PSYoungGen: 91207K->11864K(96448K)] 1069058K->1000647K(1462464K), 0.0530910 secs]
623506.244: [GC [PSYoungGen: 90840K->11824K(93632K)] 1079623K->1011531K(1459648K), 0.0584627 secs]
623524.799: [GC [PSYoungGen: 90479K->11664K(94912K)] 1090186K->1022275K(1460928K), 0.0601146 secs]
623537.987: [GC [PSYoungGen: 90000K->11648K(92224K)] 1100611K->1033055K(1458240K), 0.0552728 secs]
623556.087: [GC [PSYoungGen: 89664K->11536K(93632K)] 1111071K->1043755K(1459648K), 0.0524170 secs]
623574.168: [GC [PSYoungGen: 89232K->11520K(90944K)] 1121451K->1054491K(1456960K), 0.0632893 secs]
623586.921: [GC [PSYoungGen: 88896K->11520K(92416K)] 1131867K->1065143K(1458432K), 0.0588590 secs]
623606.628: [GC [PSYoungGen: 88575K->11544K(89792K)] 1142198K->1075811K(1455808K), 0.0533858 secs]
623619.232: [GC [PSYoungGen: 88280K->11480K(91328K)] 1152547K->1086471K(1457344K), 0.0575981 secs]
623641.238: [GC [PSYoungGen: 87959K->11272K(90816K)] 1162950K->1097027K(1456832K), 0.0513007 secs]
623651.038: [GC [PSYoungGen: 87495K->11424K(87424K)] 1173251K->1107779K(1453440K), 0.0638820 secs]
623672.372: [GC [PSYoungGen: 87392K->11128K(89920K)] 1183747K->1118231K(1455936K), 0.0580985 secs]
623683.460: [GC [PSYoungGen: 86840K->11400K(89536K)] 1193943K->1128864K(1455552K), 0.0595672 secs]
623703.036: [GC [PSYoungGen: 86856K->11280K(89088K)] 1204320K->1139320K(1455104K), 0.0532812 secs]
623715.153: [GC [PSYoungGen: 86477K->11168K(86144K)] 1214517K->1149728K(1452160K), 0.0599013 secs]
623733.611: [GC [PSYoungGen: 86111K->11160K(88320K)] 1224671K->1160188K(1454336K), 0.0584790 secs]
623745.536: [GC [PSYoungGen: 85848K->11128K(87936K)] 1234876K->1170604K(1453952K), 0.0535824 secs]
623764.262: [GC [PSYoungGen: 85554K->11112K(87552K)] 1245030K->1181000K(1453568K), 0.0571351 secs]
623776.591: [GC [PSYoungGen: 85278K->10840K(84800K)] 1255166K->1191060K(1450816K), 0.0600156 secs]
623794.628: [GC [PSYoungGen: 84754K->11144K(86848K)] 1264975K->1201520K(1452864K), 0.0511150 secs]
623806.905: [GC [PSYoungGen: 84807K->11064K(86464K)] 1275184K->1211912K(1452480K), 0.0551902 secs]
623824.966: [GC [PSYoungGen: 84472K->10976K(86080K)] 1285320K->1222168K(1452096K), 0.0534191 secs]
623837.978: [GC [PSYoungGen: 84128K->10776K(85696K)] 1295320K->1232184K(1451712K), 0.0512466 secs]
623855.224: [GC [PSYoungGen: 83672K->11096K(85440K)] 1305080K->1242560K(1451456K), 0.0551995 secs]
623868.265: [GC [PSYoungGen: 83736K->10824K(83264K)] 1315200K->1252620K(1449280K), 0.0562485 secs]
623885.393: [GC [PSYoungGen: 83208K->10800K(84672K)] 1325004K->1262788K(1450688K), 0.0559029 secs]
623898.434: [GC [PSYoungGen: 82928K->10856K(84352K)] 1334916K->1273028K(1450368K), 0.0553256 secs]
623915.356: [GC [PSYoungGen: 82728K->10688K(84032K)] 1344900K->1283024K(1450048K), 0.0525445 secs]
623928.377: [GC [PSYoungGen: 82304K->10744K(82112K)] 1354640K->1293156K(1448128K), 0.0537291 secs]
623945.276: [GC [PSYoungGen: 82104K->10592K(83072K)] 1364516K->1303116K(1449088K), 0.0529450 secs]
623958.347: [GC [PSYoungGen: 81696K->10632K(83136K)] 1374220K->1313192K(1449152K), 0.0533179 secs]
623975.132: [GC [PSYoungGen: 81478K->10624K(82816K)] 1384038K->1323264K(1448832K), 0.0568916 secs]
623988.124: [GC [PSYoungGen: 81216K->10552K(82496K)] 1393856K->1333192K(1448512K), 0.0551886 secs]
624004.741: [GC [PSYoungGen: 80887K->10448K(82176K)] 1403528K->1343036K(1448192K), 0.0573833 secs]
624018.181: [GC [PSYoungGen: 80528K->10352K(80192K)] 1413116K->1352756K(1446208K), 0.0600343 secs]
624034.448: [GC [PSYoungGen: 80176K->10448K(81280K)] 1422580K->1362672K(1447296K), 0.0505800 secs]
624046.155: [GC [PSYoungGen: 80016K->10544K(81280K)] 1432240K->1372584K(1447296K), 0.0538026 secs]
624046.209: [Full GC [PSYoungGen: 10544K->0K(81280K)] [PSOldGen: 1362040K->773408K(1366016K)] 1372584K->773408K(1447296K) [PSPermGen: 67477K->67477K(98304K)], 4.4681418 secs]
624064.036: [GC [PSYoungGen: 69312K->10376K(80960K)] 842720K->783784K(1446976K), 0.0427697 secs]
624075.024: [GC [PSYoungGen: 79432K->10400K(80640K)] 852840K->793572K(1446656K), 0.0550535 secs]
624093.606: [GC [PSYoungGen: 79200K->10328K(80320K)] 862372K->803285K(1446336K), 0.0525888 secs]
624103.406: [GC [PSYoungGen: 78871K->10080K(78400K)] 871828K->812785K(1444416K), 0.0550368 secs]
624119.899: [GC [PSYoungGen: 78368K->10296K(79360K)] 881073K->822509K(1445376K), 0.0495390 secs]
624130.046: [GC [PSYoungGen: 78328K->10112K(79424K)] 890541K->832037K(1445440K), 0.0719487 secs]
624147.711: [GC [PSYoungGen: 77875K->10144K(79168K)] 899800K->841617K(1445184K), 0.0485281 secs]
624158.862: [GC [PSYoungGen: 77664K->10080K(78848K)] 909137K->851117K(1444864K), 0.0572370 secs]
624174.958: [GC [PSYoungGen: 77342K->9792K(78528K)] 918379K->860401K(1444544K), 0.0513616 secs]
624188.284: [GC [PSYoungGen: 76800K->10240K(77056K)] 927409K->870033K(1443072K), 0.0567113 secs]
624204.196: [GC [PSYoungGen: 76992K->9904K(77248K)] 936785K->879361K(1443264K), 0.0529285 secs]
624217.868: [GC [PSYoungGen: 76464K->9984K(77760K)] 945921K->888773K(1443776K), 0.0502649 secs]
624233.527: [GC [PSYoungGen: 76340K->10008K(77568K)] 955130K->898161K(1443584K), 0.0511021 secs]
624245.576: [GC [PSYoungGen: 76184K->9952K(77312K)] 964337K->907545K(1443328K), 0.0532030 secs]
624261.097: [GC [PSYoungGen: 75936K->9792K(77056K)] 973529K->916761K(1443072K), 0.0518166 secs]
624274.345: [GC [PSYoungGen: 75584K->9856K(75520K)] 982553K->926117K(1441536K), 0.0551851 secs]
624285.197: [GC [PSYoungGen: 75450K->9824K(75904K)] 991711K->935377K(1441920K), 0.0507533 secs]
624299.826: [GC [PSYoungGen: 75232K->9672K(76352K)] 1000785K->944529K(1442368K), 0.0530754 secs]
624309.872: [GC [PSYoungGen: 74888K->9872K(76160K)] 1009745K->953793K(1442176K), 0.0460778 secs]
624327.038: [GC [PSYoungGen: 74896K->9456K(75904K)] 1018817K->962665K(1441920K), 0.0506319 secs]
624339.107: [GC [PSYoungGen: 74288K->9880K(75712K)] 1027497K->972081K(1441728K), 0.0515019 secs]
624354.835: [GC [PSYoungGen: 74516K->9704K(75392K)] 1036718K->981237K(1441408K), 0.0536835 secs]
624367.986: [GC [PSYoungGen: 74152K->9704K(75200K)] 1045685K->990389K(1441216K), 0.0525596 secs]
624383.082: [GC [PSYoungGen: 73944K->9552K(73664K)] 1054630K->999361K(1439680K), 0.0484989 secs]
624396.210: [GC [PSYoungGen: 73616K->9664K(74048K)] 1063425K->1008461K(1440064K), 0.0482781 secs]
624405.805: [GC [PSYoungGen: 73536K->9464K(74496K)] 1072333K->1017357K(1440512K), 0.0530924 secs]
624421.345: [GC [PSYoungGen: 73144K->9536K(74240K)] 1081037K->1026470K(1440256K), 0.0541579 secs]
624430.433: [GC [PSYoungGen: 73017K->9552K(74048K)] 1089950K->1035438K(1440064K), 0.0551582 secs]
624448.346: [GC [PSYoungGen: 72847K->9488K(73792K)] 1098733K->1044238K(1439808K), 0.0519839 secs]
624459.247: [GC [PSYoungGen: 72588K->9608K(73536K)] 1107338K->1053302K(1439552K), 0.0517710 secs]
624474.718: [GC [PSYoungGen: 72520K->9496K(73280K)] 1116214K->1062170K(1439296K), 0.0499074 secs]
624487.096: [GC [PSYoungGen: 72216K->9176K(71744K)] 1124890K->1070814K(1437760K), 0.0539849 secs]
624497.569: [GC [PSYoungGen: 71704K->9424K(72192K)] 1133342K->1079782K(1438208K), 0.0496440 secs]
624513.866: [GC [PSYoungGen: 71760K->9328K(72640K)] 1142118K->1088566K(1438656K), 0.0521537 secs]
624522.551: [GC [PSYoungGen: 71472K->9432K(72448K)] 1150710K->1097490K(1438464K), 0.0473615 secs]
624540.450: [GC [PSYoungGen: 71384K->9248K(72192K)] 1159442K->1106170K(1438208K), 0.0483406 secs]
624549.587: [GC [PSYoungGen: 71008K->9240K(71936K)] 1167930K->1114826K(1437952K), 0.0505172 secs]
624564.927: [GC [PSYoungGen: 70808K->9208K(71744K)] 1176394K->1123470K(1437760K), 0.0516487 secs]
624577.377: [GC [PSYoungGen: 70584K->9312K(71488K)] 1184846K->1132195K(1437504K), 0.0507313 secs]
624587.626: [GC [PSYoungGen: 70495K->9184K(70208K)] 1193377K->1140779K(1436224K), 0.0540776 secs]
624603.700: [GC [PSYoungGen: 70176K->9168K(70144K)] 1201771K->1149439K(1436160K), 0.0478808 secs]
624611.284: [GC [PSYoungGen: 69954K->9016K(70848K)] 1210225K->1157879K(1436864K), 0.0637182 secs]
624628.569: [GC [PSYoungGen: 69624K->9144K(70656K)] 1218487K->1166527K(1436672K), 0.0487469 secs]
624639.359: [GC [PSYoungGen: 69560K->9064K(70400K)] 1226943K->1175163K(1436416K), 0.0493485 secs]
624654.854: [GC [PSYoungGen: 69283K->9088K(70144K)] 1235382K->1183691K(1436160K), 0.0539891 secs]
624666.569: [GC [PSYoungGen: 69120K->9096K(69952K)] 1243723K->1192239K(1435968K), 0.0500652 secs]
624674.761: [GC [PSYoungGen: 68924K->8848K(69696K)] 1252067K->1200631K(1435712K), 0.0471725 secs]
624692.488: [GC [PSYoungGen: 68496K->8816K(68288K)] 1260279K->1208979K(1434304K), 0.0523326 secs]
624700.130: [GC [PSYoungGen: 68272K->8912K(68480K)] 1268435K->1217355K(1434496K), 0.0486344 secs]
624715.674: [GC [PSYoungGen: 68176K->8944K(69120K)] 1276619K->1225787K(1435136K), 0.0542916 secs]
624727.583: [GC [PSYoungGen: 68010K->8976K(68864K)] 1284854K->1234175K(1434880K), 0.0550265 secs]
624737.188: [GC [PSYoungGen: 67855K->9152K(68608K)] 1293055K->1242743K(1434624K), 0.0494706 secs]
624753.102: [GC [PSYoungGen: 67838K->8696K(68352K)] 1301430K->1250731K(1434368K), 0.0551628 secs]
624760.786: [GC [PSYoungGen: 67192K->8784K(68160K)] 1309227K->1258951K(1434176K), 0.0516196 secs]
624776.288: [GC [PSYoungGen: 67088K->8744K(67968K)] 1317255K->1267183K(1433984K), 0.0501549 secs]
624788.104: [GC [PSYoungGen: 66851K->8768K(66752K)] 1325291K->1275391K(1432768K), 0.0553190 secs]
624798.306: [GC [PSYoungGen: 66688K->8592K(66496K)] 1333311K->1283459K(1432512K), 0.0519140 secs]
624814.127: [GC [PSYoungGen: 66320K->8624K(67328K)] 1341187K->1291583K(1433344K), 0.0510615 secs]
624821.026: [GC [PSYoungGen: 66159K->8640K(67136K)] 1349119K->1299783K(1433152K), 0.0516395 secs]
624836.488: [GC [PSYoungGen: 66048K->8552K(67008K)] 1357191K->1307811K(1433024K), 0.0497589 secs]
624848.113: [GC [PSYoungGen: 65831K->8608K(66880K)] 1365091K->1315935K(1432896K), 0.0543864 secs]
624858.074: [GC [PSYoungGen: 65756K->8520K(66688K)] 1373084K->1323951K(1432704K), 0.0539751 secs]
624873.439: [GC [PSYoungGen: 65544K->8400K(66560K)] 1380975K->1331844K(1432576K), 0.0483922 secs]
624881.674: [GC [PSYoungGen: 65296K->8360K(66368K)] 1388740K->1339780K(1432384K), 0.0540371 secs]
624896.426: [GC [PSYoungGen: 65125K->8648K(66240K)] 1396545K->1347888K(1432256K), 0.0513628 secs]
624907.544: [GC [PSYoungGen: 65288K->8568K(65088K)] 1404528K->1355960K(1431104K), 0.0564040 secs]
624916.058: [GC [PSYoungGen: 65079K->8496K(64896K)] 1412471K->1363932K(1430912K), 0.0500983 secs]
624932.946: [GC [PSYoungGen: 64880K->8424K(65728K)] 1420316K->1371864K(1431744K), 0.0515358 secs]
624932.998: [Full GC [PSYoungGen: 8424K->0K(65728K)] [PSOldGen: 1363439K->549270K(1327104K)] 1371864K->549270K(1392832K) [PSPermGen: 67487K->67448K(94208K)], 3.8350835 secs]
624940.666: [GC [PSYoungGen: 56255K->8376K(65536K)] 605526K->557646K(1392640K), 0.0417674 secs]
624955.849: [GC [PSYoungGen: 64504K->8344K(65408K)] 613774K->565594K(1392512K), 0.0484765 secs]
624967.979: [GC [PSYoungGen: 64342K->8000K(65216K)] 621593K->573126K(1392320K), 0.0490355 secs]
624973.264: [GC [PSYoungGen: 63872K->8888K(64640K)] 628998K->581642K(1391744K), 0.0434899 secs]
624991.160: [GC [PSYoungGen: 64616K->7856K(65088K)] 637371K->588978K(1392192K), 0.0478158 secs]
625000.537: [GC [PSYoungGen: 63471K->8800K(64960K)] 644594K->597423K(1392064K), 0.0504568 secs]
625011.021: [GC [PSYoungGen: 64286K->8248K(64832K)] 652909K->605119K(1391936K), 0.0470706 secs]
625028.016: [GC [PSYoungGen: 63608K->8280K(64704K)] 660479K->612895K(1391808K), 0.0510291 secs]
625032.776: [GC [PSYoungGen: 63512K->8464K(64512K)] 668127K->620979K(1391616K), 0.0517646 secs]
625048.718: [GC [PSYoungGen: 63566K->8192K(63232K)] 676081K->628699K(1390336K), 0.0514703 secs]
625059.203: [GC [PSYoungGen: 63168K->7656K(63232K)] 683675K->635879K(1390336K), 0.0442227 secs]
625067.413: [GC [PSYoungGen: 62498K->8944K(63680K)] 690721K->644283K(1390784K), 0.0452435 secs]
625086.864: [GC [PSYoungGen: 63664K->8152K(64064K)] 699003K->651883K(1391168K), 0.0434942 secs]
625091.225: [GC [PSYoungGen: 62744K->8264K(63872K)] 706475K->659635K(1390976K), 0.0521872 secs]
625105.119: [GC [PSYoungGen: 62728K->8224K(63680K)] 714099K->667363K(1390784K), 0.0490320 secs]
625118.741: [GC [PSYoungGen: 62559K->8128K(63488K)] 721699K->674975K(1390592K), 0.0459261 secs]
625123.258: [GC [PSYoungGen: 62336K->8264K(64576K)] 729183K->682775K(1391680K), 0.0500618 secs]
625140.949: [GC [PSYoungGen: 63624K->8328K(64384K)] 738135K->690595K(1391488K), 0.0505579 secs]
625150.077: [GC [PSYoungGen: 63560K->8104K(64192K)] 745827K->698187K(1391296K), 0.0513467 secs]
625160.634: [GC [PSYoungGen: 63208K->8328K(64000K)] 753291K->706027K(1391104K), 0.0529353 secs]
625179.819: [GC [PSYoungGen: 63304K->6512K(63808K)] 761003K->712055K(1390912K), 0.0487469 secs]
625184.382: [GC [PSYoungGen: 61360K->8408K(63936K)] 766903K->720075K(1391040K), 0.0460859 secs]
625207.910: [GC [PSYoungGen: 63127K->9208K(61120K)] 774795K->729355K(1388224K), 0.0480810 secs]
625213.097: [GC [PSYoungGen: 61112K->6912K(64384K)] 781259K->735923K(1391488K), 0.0507244 secs]
625219.016: [GC [PSYoungGen: 58688K->8312K(65408K)] 787699K->743971K(1392512K), 0.0419395 secs]
625238.939: [GC [PSYoungGen: 61040K->8024K(65024K)] 796700K->751475K(1392128K), 0.0488309 secs]
625244.066: [GC [PSYoungGen: 60632K->8000K(65856K)] 804083K->758911K(1392960K), 0.0510314 secs]
625252.176: [GC [PSYoungGen: 61696K->8072K(65664K)] 812607K->766431K(1392768K), 0.0506785 secs]
625270.227: [GC [PSYoungGen: 61768K->8144K(63232K)] 820127K->774015K(1390336K), 0.0505973 secs]
625277.946: [GC [PSYoungGen: 61712K->8160K(61632K)] 827583K->781643K(1388736K), 0.0532228 secs]
625288.068: [GC [PSYoungGen: 61599K->8200K(62016K)] 835082K->789296K(1389120K), 0.0506199 secs]
625301.576: [GC [PSYoungGen: 61512K->7912K(64256K)] 842608K->796684K(1391360K), 0.0511749 secs]
625309.502: [GC [PSYoungGen: 61096K->7944K(64000K)] 849868K->804176K(1391104K), 0.0452089 secs]
625328.431: [GC [PSYoungGen: 61000K->8040K(63680K)] 857232K->811764K(1390784K), 0.0464202 secs]
625333.912: [GC [PSYoungGen: 60968K->7976K(61312K)] 864692K->819216K(1388416K), 0.0467473 secs]
625341.317: [GC [PSYoungGen: 60776K->7920K(63104K)] 872016K->826656K(1390208K), 0.0503832 secs]
625360.031: [GC [PSYoungGen: 60592K->8400K(62848K)] 879328K->834604K(1389952K), 0.0458300 secs]
625364.914: [GC [PSYoungGen: 60944K->7976K(62528K)] 887148K->841664K(1389632K), 0.0436690 secs]
625373.731: [GC [PSYoungGen: 60392K->7928K(62272K)] 894080K->849088K(1389376K), 0.0469755 secs]
625391.227: [GC [PSYoungGen: 60211K->7352K(62080K)] 901371K->855944K(1389184K), 0.0507287 secs]
625398.587: [GC [PSYoungGen: 59512K->8344K(61888K)] 908104K->863820K(1388992K), 0.0503914 secs]
625409.209: [GC [PSYoungGen: 60376K->7856K(59776K)] 915852K->871120K(1386880K), 0.0503040 secs]
625422.272: [GC [PSYoungGen: 59758K->7720K(61440K)] 923022K->878384K(1388544K), 0.0458782 secs]
625429.598: [GC [PSYoungGen: 59487K->7648K(61248K)] 930151K->885628K(1388352K), 0.0497323 secs]
625448.062: [GC [PSYoungGen: 59296K->7728K(61056K)] 937276K->892988K(1388160K), 0.0461987 secs]
625453.683: [GC [PSYoungGen: 59248K->7696K(60800K)] 944508K->900284K(1387904K), 0.0445502 secs]
625460.832: [GC [PSYoungGen: 59075K->7648K(60608K)] 951663K->907532K(1387712K), 0.0454407 secs]
625480.646: [GC [PSYoungGen: 58912K->7736K(58880K)] 958796K->914804K(1385984K), 0.0525581 secs]
625484.510: [GC [PSYoungGen: 58872K->7744K(60544K)] 965940K->922072K(1387648K), 0.0475955 secs]
625492.497: [GC [PSYoungGen: 59456K->7864K(60800K)] 973784K->929476K(1387904K), 0.0505144 secs]
625512.149: [GC [PSYoungGen: 59575K->7744K(60544K)] 981188K->936728K(1387648K), 0.0582854 secs]
625515.427: [GC [PSYoungGen: 59328K->7816K(67584K)] 988312K->944113K(1394688K), 0.0507653 secs]
625528.599: [GC [PSYoungGen: 66504K->8824K(68736K)] 1002801K->952433K(1395840K), 0.0494831 secs]
625544.236: [GC [PSYoungGen: 68728K->8872K(68800K)] 1012337K->960901K(1395904K), 0.0518381 secs]
625552.101: [GC [PSYoungGen: 68584K->9056K(70336K)] 1020613K->969393K(1397440K), 0.0677166 secs]
625572.654: [GC [PSYoungGen: 70112K->9104K(70400K)] 1030449K->977925K(1397504K), 0.0542890 secs]
625579.042: [GC [PSYoungGen: 69968K->9216K(71936K)] 1038789K->986597K(1399040K), 0.0567889 secs]
625598.254: [GC [PSYoungGen: 71416K->9368K(72000K)] 1048797K->995413K(1399104K), 0.0549526 secs]
625605.254: [GC [PSYoungGen: 71372K->9256K(72000K)] 1057417K->1004145K(1399104K), 0.0549590 secs]
625614.551: [GC [PSYoungGen: 71080K->9384K(71040K)] 1065969K->1012941K(1398144K), 0.0576465 secs]
625634.087: [GC [PSYoungGen: 71016K->8904K(71872K)] 1074573K->1021321K(1398976K), 0.0515661 secs]
625642.131: [GC [PSYoungGen: 70344K->9184K(71616K)] 1082761K->1029985K(1398720K), 0.0469512 secs]
625662.454: [GC [PSYoungGen: 70419K->9176K(71488K)] 1091220K->1038609K(1398592K), 0.0542049 secs]
625668.445: [GC [PSYoungGen: 70232K->9216K(70144K)] 1099665K->1047285K(1397248K), 0.0546074 secs]
625683.179: [GC [PSYoungGen: 70080K->9144K(70208K)] 1108149K->1055933K(1397312K), 0.0507835 secs]
625695.272: [GC [PSYoungGen: 69816K->9032K(70848K)] 1116605K->1064421K(1397952K), 0.0464938 secs]
625704.688: [GC [PSYoungGen: 69512K->8944K(70592K)] 1124901K->1072853K(1397696K), 0.0501179 secs]
625723.738: [GC [PSYoungGen: 69224K->9264K(70272K)] 1133133K->1081581K(1397376K), 0.0505109 secs]
625730.842: [GC [PSYoungGen: 69359K->9136K(70144K)] 1141677K->1090073K(1397248K), 0.0462260 secs]
625750.956: [GC [PSYoungGen: 69040K->8864K(68608K)] 1149977K->1098385K(1395712K), 0.0534051 secs]
625756.017: [GC [PSYoungGen: 68576K->8984K(68992K)] 1158097K->1106881K(1396096K), 0.0518545 secs]
625766.369: [GC [PSYoungGen: 68498K->9032K(69312K)] 1166396K->1115349K(1396416K), 0.0502855 secs]
625784.605: [GC [PSYoungGen: 68353K->8840K(69056K)] 1174670K->1123617K(1396160K), 0.0526453 secs]
625793.038: [GC [PSYoungGen: 67976K->8904K(68800K)] 1182753K->1132025K(1395904K), 0.0506025 secs]
625813.476: [GC [PSYoungGen: 67847K->8560K(68480K)] 1190968K->1140121K(1395584K), 0.0520675 secs]
625816.786: [GC [PSYoungGen: 67312K->8904K(70144K)] 1198873K->1148521K(1397248K), 0.0524231 secs]
625830.546: [GC [PSYoungGen: 69320K->9200K(76288K)] 1208937K->1157189K(1403392K), 0.0525251 secs]
625845.866: [GC [PSYoungGen: 75823K->9720K(76096K)] 1223813K->1166481K(1403200K), 0.0525174 secs]
625856.577: [GC [PSYoungGen: 76088K->10024K(77248K)] 1232849K->1176130K(1404352K), 0.0521273 secs]
625875.054: [GC [PSYoungGen: 76136K->9856K(78784K)] 1242242K->1185430K(1405888K), 0.0547186 secs]
625884.449: [GC [PSYoungGen: 75702K->9992K(78208K)] 1251276K->1194866K(1405312K), 0.0494478 secs]
625904.547: [GC [PSYoungGen: 75592K->9632K(75008K)] 1260466K->1204002K(1402112K), 0.0530666 secs]
625912.186: [GC [PSYoungGen: 74976K->9872K(77248K)] 1269346K->1213354K(1404352K), 0.0521466 secs]
625933.918: [GC [PSYoungGen: 74960K->9608K(76864K)] 1278442K->1222402K(1403968K), 0.0502319 secs]
625940.086: [GC [PSYoungGen: 74504K->9816K(76480K)] 1287298K->1231790K(1403584K), 0.0522729 secs]
625959.997: [GC [PSYoungGen: 74520K->9696K(74240K)] 1296494K->1240946K(1401344K), 0.0525626 secs]
625966.850: [GC [PSYoungGen: 74208K->9512K(75776K)] 1305458K->1249878K(1402880K), 0.0585553 secs]
625979.555: [GC [PSYoungGen: 73832K->9840K(75456K)] 1314198K->1259166K(1402560K), 0.0531412 secs]
625995.792: [GC [PSYoungGen: 73966K->9544K(75136K)] 1323293K->1268106K(1402240K), 0.0566524 secs]
626005.475: [GC [PSYoungGen: 73469K->9528K(73280K)] 1332031K->1277058K(1400384K), 0.0545667 secs]
626025.146: [GC [PSYoungGen: 73272K->9272K(74304K)] 1340802K->1285798K(1401408K), 0.0529787 secs]
626032.427: [GC [PSYoungGen: 72824K->9840K(74368K)] 1349350K->1295074K(1401472K), 0.0512427 secs]
626053.957: [GC [PSYoungGen: 73200K->9432K(74112K)] 1358434K->1303938K(1401216K), 0.0511803 secs]
626058.791: [GC [PSYoungGen: 72599K->9496K(73792K)] 1367106K->1312902K(1400896K), 0.0483459 secs]
626073.882: [GC [PSYoungGen: 72472K->9432K(73536K)] 1375878K->1321814K(1400640K), 0.0556485 secs]
626087.097: [GC [PSYoungGen: 72216K->9400K(72000K)] 1384598K->1330610K(1399104K), 0.0527735 secs]
626087.150: [Full GC [PSYoungGen: 9400K->0K(72000K)] [PSOldGen: 1321210K->718256K(1366016K)] 1330610K->718256K(1438016K) [PSPermGen: 67459K->67459K(90112K)], 4.2762031 secs]
626097.256: [GC [PSYoungGen: 62592K->9496K(72384K)] 780848K->727752K(1438400K), 0.0430071 secs]
626115.976: [GC [PSYoungGen: 71896K->9048K(72768K)] 790152K->736223K(1438784K), 0.0529605 secs]
626123.890: [GC [PSYoungGen: 71247K->9528K(72576K)] 798422K->745251K(1438592K), 0.0487848 secs]
626144.606: [GC [PSYoungGen: 71541K->9248K(72320K)] 807264K->753987K(1438336K), 0.0522352 secs]
626152.853: [GC [PSYoungGen: 71072K->8760K(72064K)] 815811K->762147K(1438080K), 0.0459954 secs]
626164.795: [GC [PSYoungGen: 70392K->9800K(71936K)] 823779K->771443K(1437952K), 0.0533000 secs]
626181.587: [GC [PSYoungGen: 71240K->9160K(71744K)] 832883K->780011K(1437760K), 0.0515168 secs]
626187.108: [GC [PSYoungGen: 70401K->9216K(70336K)] 841252K->788771K(1436352K), 0.0515655 secs]
626206.004: [GC [PSYoungGen: 70258K->8952K(70464K)] 849813K->797231K(1436480K), 0.0542197 secs]
626213.985: [GC [PSYoungGen: 69816K->8952K(71040K)] 858095K->805611K(1437056K), 0.0532064 secs]
626232.527: [GC [PSYoungGen: 69624K->9272K(70848K)] 866283K->814367K(1436864K), 0.0510280 secs]
626243.117: [GC [PSYoungGen: 69752K->9048K(70592K)] 874847K->822891K(1436608K), 0.0516476 secs]
626251.234: [GC [PSYoungGen: 69336K->9224K(70336K)] 883179K->831623K(1436352K), 0.0532739 secs]
626266.966: [GC [PSYoungGen: 69320K->8864K(70080K)] 891719K->839959K(1436096K), 0.0518324 secs]
626275.894: [GC [PSYoungGen: 68768K->9112K(69824K)] 899863K->848535K(1435840K), 0.0540748 secs]
626295.245: [GC [PSYoungGen: 68822K->8872K(68416K)] 908246K->856851K(1434432K), 0.0536782 secs]
626303.939: [GC [PSYoungGen: 68392K->8944K(68544K)] 916371K->865267K(1434560K), 0.0489026 secs]
626315.472: [GC [PSYoungGen: 68267K->9016K(69184K)] 924591K->873731K(1435200K), 0.0454369 secs]
626327.766: [GC [PSYoungGen: 68152K->8760K(68928K)] 932867K->881971K(1434944K), 0.0523445 secs]
626337.411: [GC [PSYoungGen: 67697K->8920K(68736K)] 940909K->890355K(1434752K), 0.0476914 secs]
626356.024: [GC [PSYoungGen: 67672K->8624K(68480K)] 949107K->898491K(1434496K), 0.0444837 secs]
626364.666: [GC [PSYoungGen: 67184K->8760K(68288K)] 957051K->906840K(1434304K), 0.0512572 secs]
626379.976: [GC [PSYoungGen: 67128K->8840K(68032K)] 965208K->915256K(1434048K), 0.0517440 secs]
626392.186: [GC [PSYoungGen: 67015K->8640K(66688K)] 973431K->923224K(1432704K), 0.0525572 secs]
626398.058: [GC [PSYoungGen: 66624K->8776K(66752K)] 981208K->931484K(1432768K), 0.0500461 secs]
626416.275: [GC [PSYoungGen: 66558K->8544K(67392K)] 989266K->939512K(1433408K), 0.0532147 secs]
626424.951: [GC [PSYoungGen: 66141K->8696K(67136K)] 997109K->947756K(1433152K), 0.0472124 secs]
626440.146: [GC [PSYoungGen: 66101K->8784K(66944K)] 1005161K->955996K(1432960K), 0.0517760 secs]
626448.613: [GC [PSYoungGen: 66000K->8480K(66688K)] 1013212K->963888K(1432704K), 0.0447234 secs]
626458.215: [GC [PSYoungGen: 65504K->8584K(66496K)] 1020912K->972080K(1432512K), 0.0531672 secs]
626476.220: [GC [PSYoungGen: 65416K->8552K(66240K)] 1028912K->980096K(1432256K), 0.0479318 secs]
626484.860: [GC [PSYoungGen: 65192K->8448K(64960K)] 1036736K->988036K(1430976K), 0.0490361 secs]
626494.942: [GC [PSYoungGen: 64896K->8544K(64896K)] 1044484K->996080K(1430912K), 0.0456819 secs]
626508.268: [GC [PSYoungGen: 64800K->8424K(65600K)] 1052336K->1003980K(1431616K), 0.0492592 secs]
626517.308: [GC [PSYoungGen: 64488K->8472K(65344K)] 1060044K->1011992K(1431360K), 0.0489259 secs]
626535.836: [GC [PSYoungGen: 64344K->8440K(65152K)] 1067864K->1019936K(1431168K), 0.0516878 secs]
626544.519: [GC [PSYoungGen: 64120K->8440K(64896K)] 1075616K->1027768K(1430912K), 0.0486123 secs]
626551.512: [GC [PSYoungGen: 63928K->8400K(64704K)] 1083256K->1035632K(1430720K), 0.0462515 secs]
626567.847: [GC [PSYoungGen: 63696K->8312K(64448K)] 1090928K->1043489K(1430464K), 0.0511496 secs]
626576.106: [GC [PSYoungGen: 63416K->8040K(62976K)] 1098593K->1051001K(1428992K), 0.0526308 secs]
626592.675: [GC [PSYoungGen: 62943K->8376K(63360K)] 1105904K->1058933K(1429376K), 0.0518374 secs]
626603.189: [GC [PSYoungGen: 63158K->8208K(63936K)] 1113715K->1066625K(1429952K), 0.0482031 secs]
626609.613: [GC [PSYoungGen: 62864K->8312K(63808K)] 1121281K->1074441K(1429824K), 0.0452574 secs]
626626.500: [GC [PSYoungGen: 62826K->8136K(63616K)] 1128955K->1082033K(1429632K), 0.0478934 secs]
626635.316: [GC [PSYoungGen: 62536K->8112K(63488K)] 1136433K->1089657K(1429504K), 0.0514698 secs]
626643.486: [GC [PSYoungGen: 62384K->8264K(63360K)] 1143929K->1097413K(1429376K), 0.0511608 secs]
626658.280: [GC [PSYoungGen: 62399K->8064K(63168K)] 1151548K->1105001K(1429184K), 0.0474627 secs]
626667.241: [GC [PSYoungGen: 62080K->7952K(62976K)] 1159017K->1112473K(1428992K), 0.0461808 secs]
626682.937: [GC [PSYoungGen: 61840K->8088K(62848K)] 1166361K->1120085K(1428864K), 0.0510091 secs]
626689.450: [GC [PSYoungGen: 61845K->7920K(62720K)] 1173843K->1127491K(1428736K), 0.0480442 secs]
626697.910: [GC [PSYoungGen: 61552K->6824K(62592K)] 1181123K->1133874K(1428608K), 0.0466461 secs]
626708.906: [GC [PSYoungGen: 60328K->6592K(60032K)] 1187378K->1140029K(1426048K), 0.0411942 secs]
626718.898: [GC [PSYoungGen: 59968K->7856K(62656K)] 1193405K->1147365K(1428672K), 0.0501066 secs]
626728.728: [GC [PSYoungGen: 61096K->8016K(61184K)] 1200606K->1154889K(1427200K), 0.0510068 secs]
626744.986: [GC [PSYoungGen: 61135K->8016K(61568K)] 1208009K->1162489K(1427584K), 0.0519333 secs]
626754.602: [GC [PSYoungGen: 61008K->7872K(61952K)] 1215481K->1169813K(1427968K), 0.0454435 secs]
626761.324: [GC [PSYoungGen: 60736K->7776K(61696K)] 1222677K->1177169K(1427712K), 0.0436067 secs]
626777.066: [GC [PSYoungGen: 60511K->7832K(61504K)] 1229905K->1184493K(1427520K), 0.0515956 secs]
626786.126: [GC [PSYoungGen: 60440K->7952K(61312K)] 1237101K->1191961K(1427328K), 0.0513736 secs]
626793.936: [GC [PSYoungGen: 60432K->8024K(61120K)] 1244441K->1199517K(1427136K), 0.0510836 secs]
626808.182: [GC [PSYoungGen: 60366K->7696K(60928K)] 1251860K->1206713K(1426944K), 0.0456885 secs]
626817.980: [GC [PSYoungGen: 59920K->7776K(59904K)] 1258937K->1214005K(1425920K), 0.0484354 secs]
626831.091: [GC [PSYoungGen: 59865K->7480K(58368K)] 1266095K->1221449K(1424384K), 0.0474932 secs]
626839.393: [GC [PSYoungGen: 58360K->7640K(62016K)] 1272329K->1228845K(1428032K), 0.0541065 secs]
626849.138: [GC [PSYoungGen: 58391K->7544K(61824K)] 1279597K->1235905K(1427840K), 0.0490628 secs]
626863.592: [GC [PSYoungGen: 58167K->7704K(61568K)] 1286529K->1243137K(1427584K), 0.0462493 secs]
626870.458: [GC [PSYoungGen: 58200K->7616K(61312K)] 1293633K->1250249K(1427328K), 0.0491007 secs]
626880.935: [GC [PSYoungGen: 57984K->7576K(57856K)] 1300617K->1257389K(1423872K), 0.0521646 secs]
626896.240: [GC [PSYoungGen: 57809K->7568K(60800K)] 1307623K->1264489K(1426816K), 0.0473238 secs]
626904.786: [GC [PSYoungGen: 57680K->7592K(60544K)] 1314601K->1271593K(1426560K), 0.0516350 secs]
626912.337: [GC [PSYoungGen: 57576K->7488K(60288K)] 1321577K->1278633K(1426304K), 0.0506859 secs]
626927.137: [GC [PSYoungGen: 57344K->7448K(60032K)] 1328489K->1285637K(1426048K), 0.0504972 secs]
626935.681: [GC [PSYoungGen: 57176K->7536K(59776K)] 1335365K->1292733K(1425792K), 0.0466819 secs]
626943.096: [GC [PSYoungGen: 57134K->7488K(57024K)] 1342331K->1299745K(1423040K), 0.0516671 secs]
626957.438: [GC [PSYoungGen: 56959K->7360K(59264K)] 1349216K->1306609K(1425280K), 0.0490380 secs]
626966.186: [GC [PSYoungGen: 56704K->7576K(59008K)] 1355953K->1313646K(1425024K), 0.0510811 secs]
626973.979: [GC [PSYoungGen: 56792K->7240K(58752K)] 1362862K->1320309K(1424768K), 0.0474014 secs]
626987.821: [GC [PSYoungGen: 56328K->7472K(58496K)] 1369397K->1327386K(1424512K), 0.0460226 secs]
626996.850: [GC [PSYoungGen: 56431K->7360K(58240K)] 1376345K->1334254K(1424256K), 0.0470196 secs]
627004.698: [GC [PSYoungGen: 56192K->7448K(56192K)] 1383086K->1341318K(1422208K), 0.0609458 secs]
627018.110: [GC [PSYoungGen: 56152K->7408K(57792K)] 1390022K->1348218K(1423808K), 0.0574771 secs]
627027.255: [GC [PSYoungGen: 55984K->7264K(58368K)] 1396794K->1354970K(1424384K), 0.1455393 secs]
627035.336: [GC [PSYoungGen: 56543K->7400K(64832K)] 1404249K->1361962K(1430848K), 0.2365182 secs]
627049.146: [GC [PSYoungGen: 63205K->8448K(64704K)] 1417767K->1369910K(1430720K), 0.2207660 secs]
627049.367: [Full GC [PSYoungGen: 8448K->0K(64704K)] [PSOldGen: 1361462K->616535K(1357824K)] 1369910K->616535K(1422528K) [PSPermGen: 67469K->67469K(88064K)], 3.9159487 secs]
627059.640: [GC [PSYoungGen: 55807K->8472K(73664K)] 672343K->625008K(1431488K), 0.1397954 secs]
627076.991: [GC [PSYoungGen: 73048K->9264K(74688K)] 689584K->634216K(1432512K), 0.0735742 secs]
627088.456: [GC [PSYoungGen: 74672K->9848K(87552K)] 699624K->643788K(1445376K), 0.1924800 secs]
627106.365: [GC [PSYoungGen: 84600K->11192K(87552K)] 718540K->654352K(1445376K), 0.0768037 secs]
627119.429: [GC [PSYoungGen: 85942K->10888K(99136K)] 729102K->664468K(1456960K), 0.2249429 secs]
627138.758: [GC [PSYoungGen: 96776K->12600K(99392K)] 750356K->676120K(1457216K), 0.0890575 secs]
627154.886: [GC [PSYoungGen: 98488K->12992K(113280K)] 762008K->687848K(1471104K), 0.2716274 secs]
627177.326: [GC [PSYoungGen: 111935K->14680K(114688K)] 786791K->701044K(1472512K), 0.1027487 secs]
627198.947: [GC [PSYoungGen: 114264K->14712K(130112K)] 800628K->713832K(1487936K), 0.3479913 secs]
627222.617: [GC [PSYoungGen: 128440K->17072K(131072K)] 827560K->728688K(1488896K), 0.1001491 secs]
627245.089: [GC [PSYoungGen: 130800K->16800K(149632K)] 842416K->742972K(1507456K), 0.3400302 secs]
627272.850: [GC [PSYoungGen: 147424K->19240K(150016K)] 873596K->759348K(1507840K), 0.1171702 secs]
627301.267: [GC [PSYoungGen: 149982K->19408K(146816K)] 890090K->775464K(1504640K), 0.0893159 secs]
627327.577: [GC [PSYoungGen: 144208K->18200K(143040K)] 900264K->790576K(1500864K), 0.0665175 secs]
627354.586: [GC [PSYoungGen: 143000K->18320K(146496K)] 915376K->805960K(1504320K), 0.0608439 secs]
627379.666: [GC [PSYoungGen: 140432K->17872K(139200K)] 928072K->821000K(1497024K), 0.0574780 secs]
627404.443: [GC [PSYoungGen: 139152K->17840K(145664K)] 942280K->836020K(1503488K), 0.0589089 secs]
627428.562: [GC [PSYoungGen: 138288K->17736K(144960K)] 956468K->850936K(1502784K), 0.0588553 secs]
627452.700: [GC [PSYoungGen: 137352K->16624K(142080K)] 970552K->864960K(1499904K), 0.0579457 secs]
627474.711: [GC [PSYoungGen: 135408K->24816K(142848K)] 983744K->878092K(1500672K), 0.0739140 secs]
627498.856: [GC [PSYoungGen: 142832K->17296K(142592K)] 996108K->890318K(1500416K), 0.0610630 secs]
627522.379: [GC [PSYoungGen: 133006K->28152K(143104K)] 1006029K->904394K(1500928K), 0.0832040 secs]
627545.951: [GC [PSYoungGen: 143089K->16944K(137728K)] 1019332K->912750K(1495552K), 0.0605099 secs]
627569.922: [GC [PSYoungGen: 126512K->30544K(139456K)] 1022318K->926350K(1497280K), 0.0770605 secs]
627592.730: [GC [PSYoungGen: 139408K->31864K(126080K)] 1035214K->931274K(1483904K), 0.1012050 secs]
627612.611: [GC [PSYoungGen: 126072K->27400K(121152K)] 1025482K->934318K(1478976K), 0.0970877 secs]
627631.985: [GC [PSYoungGen: 121092K->25936K(132672K)] 1028010K->939798K(1490496K), 0.0639646 secs]
627651.647: [GC [PSYoungGen: 119120K->25760K(131968K)] 1032982K->946442K(1489792K), 0.0633298 secs]
627668.523: [GC [PSYoungGen: 118432K->24592K(129024K)] 1039114K->952334K(1486848K), 0.0707093 secs]
627685.288: [GC [PSYoungGen: 116751K->23104K(114816K)] 1044494K->958731K(1472640K), 0.0575654 secs]
627704.501: [GC [PSYoungGen: 114752K->23968K(125824K)] 1050379K->968193K(1483648K), 0.0633088 secs]
627722.834: [GC [PSYoungGen: 115168K->32128K(126528K)] 1059393K->976353K(1484352K), 0.0864675 secs]
627742.156: [GC [PSYoungGen: 122878K->32240K(128192K)] 1067103K->977937K(1486016K), 0.0864673 secs]
627760.896: [GC [PSYoungGen: 122544K->31928K(129472K)] 1068241K->979269K(1487296K), 0.0855170 secs]
627780.739: [GC [PSYoungGen: 121783K->31912K(129408K)] 1069125K->981017K(1487232K), 0.0829528 secs]
627798.337: [GC [PSYoungGen: 120488K->31784K(119936K)] 1069593K->982470K(1477760K), 0.0845693 secs]
627816.836: [GC [PSYoungGen: 119912K->24392K(127936K)] 1070598K->983838K(1485760K), 0.0621698 secs]
627835.718: [GC [PSYoungGen: 112072K->24256K(111552K)] 1071518K->991026K(1469376K), 0.0734006 secs]
627853.804: [GC [PSYoungGen: 111484K->24096K(124736K)] 1078254K->998246K(1482560K), 0.0666463 secs]
627872.666: [GC [PSYoungGen: 110879K->23880K(110272K)] 1085029K->1005418K(1468096K), 0.0636751 secs]
627890.163: [GC [PSYoungGen: 110216K->24072K(121856K)] 1091754K->1013046K(1479680K), 0.0642879 secs]
627907.911: [GC [PSYoungGen: 109960K->24112K(109568K)] 1098934K->1020402K(1467392K), 0.0643263 secs]
627925.696: [GC [PSYoungGen: 109551K->23944K(119168K)] 1105841K->1027858K(1476992K), 0.0616273 secs]
627943.865: [GC [PSYoungGen: 109000K->23672K(108352K)] 1112914K->1035274K(1466176K), 0.0616643 secs]
627961.465: [GC [PSYoungGen: 108342K->31112K(118912K)] 1119944K->1042714K(1476736K), 0.0846761 secs]
627979.896: [GC [PSYoungGen: 115400K->30880K(114816K)] 1127002K->1043986K(1472640K), 0.0827545 secs]
627997.207: [GC [PSYoungGen: 114783K->30744K(120320K)] 1127889K->1045510K(1478144K), 0.0825708 secs]
628015.050: [GC [PSYoungGen: 114264K->30696K(120512K)] 1129030K->1046942K(1478336K), 0.0792114 secs]
628032.636: [GC [PSYoungGen: 113832K->30832K(120576K)] 1130078K->1048534K(1478400K), 0.0822228 secs]
628049.154: [GC [PSYoungGen: 113584K->23328K(120512K)] 1131286K->1050074K(1478336K), 0.0634086 secs]
628067.884: [GC [PSYoungGen: 105696K->23056K(117696K)] 1132442K->1057810K(1475520K), 0.0567644 secs]
628084.607: [GC [PSYoungGen: 105040K->22992K(104640K)] 1139794K->1065562K(1462464K), 0.0567800 secs]
628102.418: [GC [PSYoungGen: 104592K->22784K(118144K)] 1147162K->1073242K(1475968K), 0.0624412 secs]
628118.666: [GC [PSYoungGen: 103999K->22496K(103360K)] 1154458K->1080870K(1461184K), 0.0559896 secs]
628135.935: [GC [PSYoungGen: 103327K->22672K(114432K)] 1161702K->1088838K(1472256K), 0.0570267 secs]
628153.436: [GC [PSYoungGen: 103120K->30264K(115520K)] 1169286K->1096430K(1473344K), 0.0811673 secs]
628169.349: [GC [PSYoungGen: 110327K->30256K(115968K)] 1176493K->1097942K(1473792K), 0.0783511 secs]
628188.099: [GC [PSYoungGen: 109936K->30016K(116160K)] 1177622K->1099210K(1473984K), 0.0776361 secs]
628202.743: [GC [PSYoungGen: 109312K->29888K(116160K)] 1178506K->1100710K(1473984K), 0.0832792 secs]
628217.690: [GC [PSYoungGen: 108800K->20384K(99008K)] 1179622K->1100494K(1456832K), 0.0488392 secs]
628228.341: [GC [PSYoungGen: 98976K->18136K(115712K)] 1179086K->1108066K(1473536K), 0.0487884 secs]
628242.711: [GC [PSYoungGen: 96408K->10112K(115648K)] 1186338K->1116727K(1473472K), 0.0586354 secs]
628258.461: [GC [PSYoungGen: 88064K->11736K(116736K)] 1194679K->1127741K(1474560K), 0.0488607 secs]
628276.475: [GC [PSYoungGen: 89368K->11560K(88896K)] 1205373K->1138405K(1446720K), 0.0543976 secs]
628290.724: [GC [PSYoungGen: 88872K->11416K(116864K)] 1215717K->1148995K(1474688K), 0.0550048 secs]
628308.892: [GC [PSYoungGen: 88408K->11504K(88192K)] 1225987K->1159655K(1446016K), 0.0570984 secs]
628322.317: [GC [PSYoungGen: 88176K->11328K(115776K)] 1236327K->1170155K(1473600K), 0.0517892 secs]
628341.215: [GC [PSYoungGen: 87680K->11304K(87360K)] 1246507K->1180619K(1445184K), 0.0542185 secs]
628354.486: [GC [PSYoungGen: 87330K->21776K(111808K)] 1256645K->1191091K(1469632K), 0.0571776 secs]
628370.314: [GC [PSYoungGen: 97488K->20424K(95872K)] 1266803K->1198195K(1453696K), 0.0573526 secs]
628379.516: [GC [PSYoungGen: 95816K->17904K(107328K)] 1273587K->1205535K(1465152K), 0.0529298 secs]
628393.686: [GC [PSYoungGen: 92976K->17168K(91968K)] 1280607K->1213050K(1449792K), 0.0561207 secs]
628408.056: [GC [PSYoungGen: 91919K->19384K(103680K)] 1287801K->1222606K(1461504K), 0.0587141 secs]
628424.958: [GC [PSYoungGen: 93816K->21504K(106304K)] 1297038K->1231844K(1464128K), 0.0504048 secs]
628438.703: [GC [PSYoungGen: 95614K->21344K(103680K)] 1305954K->1240296K(1461504K), 0.0532727 secs]
628455.916: [GC [PSYoungGen: 95136K->21040K(105024K)] 1314088K->1248572K(1462848K), 0.0534229 secs]
628469.300: [GC [PSYoungGen: 94512K->20760K(102144K)] 1322044K->1256892K(1459968K), 0.0535447 secs]
628486.356: [GC [PSYoungGen: 93910K->20936K(93824K)] 1330042K->1265600K(1451648K), 0.0538680 secs]
628499.895: [GC [PSYoungGen: 93766K->29456K(100608K)] 1338430K->1274120K(1458432K), 0.0793832 secs]
628516.950: [GC [PSYoungGen: 100176K->28824K(102976K)] 1344840K->1274860K(1460800K), 0.0738552 secs]
628529.456: [GC [PSYoungGen: 99288K->28768K(103488K)] 1345324K->1276524K(1461312K), 0.0789377 secs]
628546.937: [GC [PSYoungGen: 97888K->20040K(88960K)] 1345644K->1277664K(1446784K), 0.0510455 secs]
628558.686: [GC [PSYoungGen: 88903K->19728K(101376K)] 1346527K->1286000K(1459200K), 0.0497629 secs]
628575.916: [GC [PSYoungGen: 88336K->19688K(88064K)] 1354608K->1294332K(1445888K), 0.0511816 secs]
628588.241: [GC [PSYoungGen: 88040K->19544K(99072K)] 1362684K->1302656K(1456896K), 0.0499154 secs]
628603.965: [GC [PSYoungGen: 87640K->19712K(87616K)] 1370752K->1311160K(1445440K), 0.0517292 secs]
628617.364: [GC [PSYoungGen: 87539K->19536K(96896K)] 1378987K->1319368K(1454720K), 0.0547552 secs]
628630.394: [GC [PSYoungGen: 87119K->19296K(97984K)] 1386951K->1327692K(1455808K), 0.0565079 secs]
628645.850: [GC [PSYoungGen: 86624K->19400K(94976K)] 1395020K->1336056K(1452800K), 0.0617202 secs]
628657.326: [GC [PSYoungGen: 86472K->19472K(86336K)] 1403128K->1344456K(1444160K), 0.0556111 secs]
628674.106: [GC [PSYoungGen: 86288K->19120K(93120K)] 1411272K->1352468K(1450944K), 0.0564748 secs]
628684.726: [GC [PSYoungGen: 85680K->18944K(94400K)] 1419028K->1360704K(1452224K), 0.0484636 secs]
628701.963: [GC [PSYoungGen: 85233K->18936K(91584K)] 1426994K->1368772K(1449408K), 0.0499619 secs]
628702.013: [Full GC [PSYoungGen: 18936K->0K(91584K)] [PSOldGen: 1349836K->745689K(1366016K)] 1368772K->745689K(1457600K) [PSPermGen: 67479K->67479K(83968K)], 4.1940844 secs]
628712.940: [GC [PSYoungGen: 66047K->9968K(92864K)] 811737K->755657K(1458880K), 0.0487461 secs]
628729.966: [GC [PSYoungGen: 75759K->19224K(91584K)] 821449K->764913K(1457600K), 0.0539657 secs]
628740.067: [GC [PSYoungGen: 84760K->19024K(84352K)] 830449K->773093K(1450368K), 0.0495107 secs]
628757.472: [GC [PSYoungGen: 84304K->9576K(91456K)] 838373K->781145K(1457472K), 0.0510505 secs]
628768.736: [GC [PSYoungGen: 74600K->9664K(92096K)] 846169K->790285K(1458112K), 0.0529761 secs]
628781.984: [GC [PSYoungGen: 74432K->9792K(92352K)] 855053K->799509K(1458368K), 0.0547633 secs]
628797.660: [GC [PSYoungGen: 74304K->9272K(73536K)] 864021K->808262K(1439552K), 0.0486996 secs]
628807.116: [GC [PSYoungGen: 73528K->9952K(92160K)] 872518K->817710K(1458176K), 0.0537760 secs]
628827.131: [GC [PSYoungGen: 73952K->9344K(91712K)] 881710K->826490K(1457728K), 0.0473328 secs]
628834.298: [GC [PSYoungGen: 73088K->9736K(89152K)] 890234K->835702K(1455168K), 0.0507542 secs]
628850.878: [GC [PSYoungGen: 73223K->9320K(72576K)] 899189K->844434K(1438592K), 0.0515074 secs]
628860.885: [GC [PSYoungGen: 72552K->9584K(89728K)] 907666K->853506K(1455744K), 0.0635901 secs]
628877.193: [GC [PSYoungGen: 72560K->9424K(72192K)] 916482K->862398K(1438208K), 0.0583393 secs]
628888.841: [GC [PSYoungGen: 72144K->9464K(85952K)] 925118K->871370K(1451968K), 0.0495366 secs]
628899.218: [GC [PSYoungGen: 71928K->9336K(71552K)] 933834K->880138K(1437568K), 0.0519780 secs]
628917.767: [GC [PSYoungGen: 71544K->9096K(86144K)] 942346K->888706K(1452160K), 0.0513731 secs]
628925.386: [GC [PSYoungGen: 71112K->9464K(71296K)] 950722K->897762K(1437312K), 0.0547554 secs]
628942.142: [GC [PSYoungGen: 71288K->9224K(82304K)] 959586K->906554K(1448320K), 0.0582127 secs]
628951.567: [GC [PSYoungGen: 70856K->9160K(70656K)] 968186K->915146K(1436672K), 0.0535844 secs]
628967.896: [GC [PSYoungGen: 70600K->9088K(82624K)] 976586K->923790K(1448640K), 0.0519692 secs]
628979.066: [GC [PSYoungGen: 70335K->9224K(70336K)] 985038K->932530K(1436352K), 0.0544853 secs]
628989.136: [GC [PSYoungGen: 70280K->9280K(78848K)] 993586K->941234K(1444864K), 0.0532941 secs]
629007.793: [GC [PSYoungGen: 70133K->9024K(69760K)] 1002088K->949686K(1435776K), 0.0475182 secs]
629014.706: [GC [PSYoungGen: 69695K->9184K(79296K)] 1010358K->958342K(1445312K), 0.0513243 secs]
629031.576: [GC [PSYoungGen: 69664K->9008K(69312K)] 1018822K->966811K(1435328K), 0.0528559 secs]
629040.843: [GC [PSYoungGen: 69293K->8896K(77760K)] 1027096K->975251K(1443776K), 0.0449193 secs]
629054.250: [GC [PSYoungGen: 68992K->9096K(69056K)] 1035347K->983871K(1435072K), 0.0504914 secs]
629068.778: [GC [PSYoungGen: 69000K->8800K(74240K)] 1043775K->992103K(1440256K), 0.0519809 secs]
629077.210: [GC [PSYoungGen: 68512K->9136K(75648K)] 1051815K->1000755K(1441664K), 0.0487383 secs]
629096.986: [GC [PSYoungGen: 68656K->8824K(72896K)] 1060275K->1009047K(1438912K), 0.0537581 secs]
629103.378: [GC [PSYoungGen: 68152K->8792K(74368K)] 1068375K->1017355K(1440384K), 0.0494727 secs]
629118.206: [GC [PSYoungGen: 67928K->8928K(71744K)] 1076491K->1025815K(1437760K), 0.0544850 secs]
629129.729: [GC [PSYoungGen: 67872K->8704K(73216K)] 1084759K->1033967K(1439232K), 0.0490396 secs]
629138.732: [GC [PSYoungGen: 67455K->8976K(70592K)] 1092718K->1042459K(1436608K), 0.0579271 secs]
629157.884: [GC [PSYoungGen: 67536K->8640K(72064K)] 1101019K->1050551K(1438080K), 0.0536367 secs]
629164.156: [GC [PSYoungGen: 67008K->8864K(71616K)] 1108919K->1058947K(1437632K), 0.0518683 secs]
629179.787: [GC [PSYoungGen: 67040K->8752K(66752K)] 1117123K->1067095K(1432768K), 0.0533585 secs]
629190.269: [GC [PSYoungGen: 66731K->8848K(70592K)] 1125074K->1075455K(1436608K), 0.0494966 secs]
629199.208: [GC [PSYoungGen: 66640K->8744K(70144K)] 1133247K->1083611K(1436160K), 0.0503253 secs]
629218.124: [GC [PSYoungGen: 66344K->8480K(67648K)] 1141211K->1091595K(1433664K), 0.0554744 secs]
629224.344: [GC [PSYoungGen: 65888K->8712K(69312K)] 1149003K->1099811K(1435328K), 0.0536822 secs]
629239.076: [GC [PSYoungGen: 65928K->8344K(68864K)] 1157027K->1107739K(1434880K), 0.0517295 secs]
629250.131: [GC [PSYoungGen: 65368K->8592K(65472K)] 1164763K->1115819K(1431488K), 0.0486273 secs]
629258.757: [GC [PSYoungGen: 65416K->8808K(68096K)] 1172643K->1124107K(1434112K), 0.0509066 secs]
629277.614: [GC [PSYoungGen: 65448K->8328K(67712K)] 1180747K->1131852K(1433728K), 0.0538704 secs]
629284.156: [GC [PSYoungGen: 64776K->8488K(67392K)] 1188300K->1139852K(1433408K), 0.0511664 secs]
629297.736: [GC [PSYoungGen: 64744K->8408K(64512K)] 1196108K->1147776K(1430528K), 0.0541534 secs]
629309.741: [GC [PSYoungGen: 64464K->8320K(66688K)] 1203832K->1155644K(1432704K), 0.0467223 secs]
629317.386: [GC [PSYoungGen: 64192K->8512K(66368K)] 1211516K->1163664K(1432384K), 0.0512070 secs]
629333.583: [GC [PSYoungGen: 64192K->8320K(66048K)] 1219344K->1171512K(1432064K), 0.0550932 secs]
629342.064: [GC [PSYoungGen: 63807K->8416K(65728K)] 1226999K->1179404K(1431744K), 0.0441019 secs]
629352.483: [GC [PSYoungGen: 63710K->8280K(65408K)] 1234698K->1187120K(1431424K), 0.0557310 secs]
629369.053: [GC [PSYoungGen: 63384K->8192K(63168K)] 1242224K->1194820K(1429184K), 0.0471854 secs]
629375.723: [GC [PSYoungGen: 63104K->8216K(64832K)] 1249732K->1202604K(1430848K), 0.0447793 secs]
629391.188: [GC [PSYoungGen: 62936K->8376K(64576K)] 1257324K->1210488K(1430592K), 0.0497670 secs]
629400.927: [GC [PSYoungGen: 62904K->8112K(64256K)] 1265016K->1218156K(1430272K), 0.0501924 secs]
629408.943: [GC [PSYoungGen: 62446K->8256K(62464K)] 1272491K->1225948K(1428480K), 0.0559437 secs]
629425.476: [GC [PSYoungGen: 62399K->7896K(63360K)] 1280092K->1233361K(1429376K), 0.0513563 secs]
629432.854: [GC [PSYoungGen: 61848K->8200K(63488K)] 1287313K->1241061K(1429504K), 0.0533109 secs]
629442.990: [GC [PSYoungGen: 61960K->8088K(63232K)] 1294821K->1248741K(1429248K), 0.0474678 secs]
629459.166: [GC [PSYoungGen: 61719K->8000K(63040K)] 1302373K->1256241K(1429056K), 0.0518144 secs]
629465.762: [GC [PSYoungGen: 61504K->8120K(62848K)] 1309745K->1263893K(1428864K), 0.0451734 secs]
629479.630: [GC [PSYoungGen: 61496K->8056K(62656K)] 1317269K->1271533K(1428672K), 0.0475770 secs]
629490.644: [GC [PSYoungGen: 61304K->8040K(62464K)] 1324781K->1279021K(1428480K), 0.0540575 secs]
629497.959: [GC [PSYoungGen: 61160K->8064K(61120K)] 1332141K->1286613K(1427136K), 0.0501953 secs]
629513.875: [GC [PSYoungGen: 61055K->7952K(61312K)] 1339604K->1294053K(1427328K), 0.0526242 secs]
629522.226: [GC [PSYoungGen: 60816K->7992K(61888K)] 1346917K->1301513K(1427904K), 0.0512610 secs]
629530.779: [GC [PSYoungGen: 60728K->7920K(61696K)] 1354249K->1308965K(1427712K), 0.0482259 secs]
629548.618: [GC [PSYoungGen: 60528K->7840K(61568K)] 1361573K->1316301K(1427584K), 0.0494842 secs]
629554.472: [GC [PSYoungGen: 60314K->7960K(61376K)] 1368775K->1323897K(1427392K), 0.0456272 secs]
629565.610: [GC [PSYoungGen: 60312K->7904K(61184K)] 1376249K->1331386K(1427200K), 0.0470433 secs]
629579.916: [GC [PSYoungGen: 60128K->7776K(60992K)] 1383610K->1338682K(1427008K), 0.0510619 secs]
629586.247: [GC [PSYoungGen: 59872K->7872K(59904K)] 1390778K->1346114K(1425920K), 0.0526232 secs]
629600.076: [GC [PSYoungGen: 59840K->7792K(58176K)] 1398082K->1353490K(1424192K), 0.0513731 secs]
629610.793: [GC [PSYoungGen: 58160K->7264K(61696K)] 1403858K->1360298K(1427712K), 0.0440833 secs]
629617.135: [GC [PSYoungGen: 57503K->7680K(62400K)] 1410537K->1367538K(1428416K), 0.0839495 secs]
629617.219: [Full GC [PSYoungGen: 7680K->0K(62400K)] [PSOldGen: 1359858K->568961K(1277952K)] 1367538K->568961K(1340352K) [PSPermGen: 67488K->67449K(81920K)], 3.9090474 secs]
629632.470: [GC [PSYoungGen: 50944K->7760K(62144K)] 619905K->576722K(1340096K), 0.0375659 secs]
629641.540: [GC [PSYoungGen: 58576K->7648K(61824K)] 627538K->583878K(1339776K), 0.0470684 secs]
629651.685: [GC [PSYoungGen: 58336K->7464K(61568K)] 634566K->590806K(1339520K), 0.0528272 secs]
629664.229: [GC [PSYoungGen: 58024K->7712K(61376K)] 641366K->598046K(1339328K), 0.0486326 secs]
629672.556: [GC [PSYoungGen: 58143K->7656K(57984K)] 648477K->605262K(1335936K), 0.0418870 secs]
629682.321: [GC [PSYoungGen: 57957K->7344K(60800K)] 655563K->612122K(1338752K), 0.0464158 secs]
629696.083: [GC [PSYoungGen: 57520K->7784K(60544K)] 662298K->619370K(1338496K), 0.0444647 secs]
629703.384: [GC [PSYoungGen: 57832K->7464K(60224K)] 669418K->626474K(1338176K), 0.0437569 secs]
629712.833: [GC [PSYoungGen: 57368K->7240K(59968K)] 676378K->633354K(1337920K), 0.0445769 secs]
629728.401: [GC [PSYoungGen: 57028K->7824K(57728K)] 683142K->640750K(1335680K), 0.0469399 secs]
629734.208: [GC [PSYoungGen: 57488K->7552K(59456K)] 690414K->647766K(1337408K), 0.0496895 secs]
629743.307: [GC [PSYoungGen: 57073K->7440K(59136K)] 697287K->654702K(1337088K), 0.0501850 secs]
629759.240: [GC [PSYoungGen: 56840K->7520K(58944K)] 704102K->661742K(1336896K), 0.0476055 secs]
629764.854: [GC [PSYoungGen: 56800K->7416K(58688K)] 711022K->668710K(1336640K), 0.0437760 secs]
629773.875: [GC [PSYoungGen: 56568K->7448K(56512K)] 717862K->675702K(1334464K), 0.0437798 secs]
629789.567: [GC [PSYoungGen: 56472K->7280K(58176K)] 724726K->682518K(1336128K), 0.0500972 secs]
629795.162: [GC [PSYoungGen: 56169K->7432K(57984K)] 731408K->689578K(1335936K), 0.0445268 secs]
629804.180: [GC [PSYoungGen: 56199K->7304K(57728K)] 738346K->696454K(1335680K), 0.0473006 secs]
629819.672: [GC [PSYoungGen: 55944K->7360K(57536K)] 745094K->703234K(1335488K), 0.0442944 secs]
629825.283: [GC [PSYoungGen: 55872K->7328K(57344K)] 751746K->710162K(1335296K), 0.0438345 secs]
629834.483: [GC [PSYoungGen: 55700K->7296K(57088K)] 758535K->717070K(1335040K), 0.0433828 secs]
629849.806: [GC [PSYoungGen: 55552K->7224K(56896K)] 765326K->723855K(1334848K), 0.0416686 secs]
629855.397: [GC [PSYoungGen: 55348K->7240K(55296K)] 771979K->730747K(1333248K), 0.0519202 secs]
629864.536: [GC [PSYoungGen: 55240K->7272K(56000K)] 778747K->737683K(1333952K), 0.0514949 secs]
629879.817: [GC [PSYoungGen: 55144K->7224K(56320K)] 785555K->744395K(1334272K), 0.0496250 secs]
629885.405: [GC [PSYoungGen: 54968K->7168K(56128K)] 792139K->751191K(1334080K), 0.0422569 secs]
629894.466: [GC [PSYoungGen: 54784K->7048K(55936K)] 798807K->757895K(1333888K), 0.0511593 secs]
629909.690: [GC [PSYoungGen: 54536K->7168K(55744K)] 805383K->764667K(1333696K), 0.0475016 secs]
629915.221: [GC [PSYoungGen: 54528K->7136K(55552K)] 812027K->771415K(1333504K), 0.0457703 secs]
629924.350: [GC [PSYoungGen: 54368K->7080K(55360K)] 818647K->778155K(1333312K), 0.0462165 secs]
629939.509: [GC [PSYoungGen: 54184K->7120K(54144K)] 825259K->784783K(1332096K), 0.0506478 secs]
629944.936: [GC [PSYoungGen: 54095K->7104K(54144K)] 831759K->791435K(1332096K), 0.0413331 secs]
629954.189: [GC [PSYoungGen: 53952K->6952K(54848K)] 838283K->797947K(1332800K), 0.0482364 secs]
629968.744: [GC [PSYoungGen: 53672K->7176K(54656K)] 844667K->804643K(1332608K), 0.0426532 secs]
629974.476: [GC [PSYoungGen: 53764K->6976K(54464K)] 851231K->811147K(1332416K), 0.0413660 secs]
629983.794: [GC [PSYoungGen: 53440K->7120K(54336K)] 857611K->817827K(1332288K), 0.0521890 secs]
629996.753: [GC [PSYoungGen: 53456K->6792K(54144K)] 864163K->824167K(1332096K), 0.0435983 secs]
630003.709: [GC [PSYoungGen: 53000K->6992K(54016K)] 870375K->830699K(1331968K), 0.0480885 secs]
630013.309: [GC [PSYoungGen: 53070K->6856K(53824K)] 876777K->837119K(1331776K), 0.0482261 secs]
630025.322: [GC [PSYoungGen: 52807K->6960K(53696K)] 883071K->843667K(1331648K), 0.0448240 secs]
630032.942: [GC [PSYoungGen: 52778K->6976K(52736K)] 889486K->850283K(1330688K), 0.0468452 secs]
630042.722: [GC [PSYoungGen: 52672K->6576K(51328K)] 895979K->856844K(1329280K), 0.0452981 secs]
630052.867: [GC [PSYoungGen: 51297K->6752K(54720K)] 901565K->863296K(1332672K), 0.0516099 secs]
630062.267: [GC [PSYoungGen: 51360K->6680K(54528K)] 907904K->869520K(1332480K), 0.0492898 secs]
630068.183: [GC [PSYoungGen: 51160K->6752K(54272K)] 914000K->875780K(1332224K), 0.0442288 secs]
630080.406: [GC [PSYoungGen: 51104K->6808K(54080K)] 920132K->882148K(1332032K), 0.0410049 secs]
630091.069: [GC [PSYoungGen: 51032K->6744K(50880K)] 926372K->888368K(1328832K), 0.0477070 secs]
630096.458: [GC [PSYoungGen: 50840K->6720K(53568K)] 932464K->894632K(1331520K), 0.0487747 secs]
630105.621: [GC [PSYoungGen: 50688K->6600K(53312K)] 938600K->900772K(1331264K), 0.0458934 secs]
630119.946: [GC [PSYoungGen: 50440K->6712K(53056K)] 944612K->907084K(1331008K), 0.0406353 secs]
630124.880: [GC [PSYoungGen: 50423K->6648K(52800K)] 950795K->913316K(1330752K), 0.0475592 secs]
630134.194: [GC [PSYoungGen: 50232K->6488K(52672K)] 956900K->919328K(1330624K), 0.0429706 secs]
630145.293: [GC [PSYoungGen: 50008K->6656K(50176K)] 962848K->925596K(1328128K), 0.0462560 secs]
630153.159: [GC [PSYoungGen: 50112K->6552K(52288K)] 969052K->931688K(1330240K), 0.0481144 secs]
630159.696: [GC [PSYoungGen: 49944K->6640K(52096K)] 975080K->937904K(1330048K), 0.0409685 secs]
630172.155: [GC [PSYoungGen: 49968K->6512K(51904K)] 981232K->943968K(1329856K), 0.0513136 secs]
630181.696: [GC [PSYoungGen: 49776K->6176K(51776K)] 987232K->949720K(1329728K), 0.0409016 secs]
630187.066: [GC [PSYoungGen: 49373K->6672K(51648K)] 992917K->956060K(1329600K), 0.0397978 secs]
630196.266: [GC [PSYoungGen: 49808K->6464K(51456K)] 999196K->962104K(1329408K), 0.0404195 secs]
630210.090: [GC [PSYoungGen: 49536K->6552K(51264K)] 1005176K->968376K(1329216K), 0.0469802 secs]
630215.097: [GC [PSYoungGen: 49559K->6528K(49536K)] 1011384K->974472K(1327488K), 0.0417885 secs]
630224.368: [GC [PSYoungGen: 49472K->6504K(50688K)] 1017416K->980520K(1328640K), 0.0484950 secs]
630234.986: [GC [PSYoungGen: 49384K->6416K(50816K)] 1023400K->986472K(1328768K), 0.0408146 secs]
630243.206: [GC [PSYoungGen: 49218K->6512K(50624K)] 1029274K->992584K(1328576K), 0.0407607 secs]
630249.406: [GC [PSYoungGen: 49264K->6464K(50496K)] 1035336K->998628K(1328448K), 0.0407198 secs]
630260.014: [GC [PSYoungGen: 49152K->6456K(50368K)] 1041316K->1004640K(1328320K), 0.0426580 secs]
630271.755: [GC [PSYoungGen: 49079K->6344K(50240K)] 1047264K->1010576K(1328192K), 0.0423891 secs]
630276.739: [GC [PSYoungGen: 48904K->6536K(50112K)] 1053136K->1016804K(1328064K), 0.0474344 secs]
630285.876: [GC [PSYoungGen: 49032K->6392K(48832K)] 1059300K->1022820K(1326784K), 0.0427892 secs]
630298.310: [GC [PSYoungGen: 48824K->6528K(49024K)] 1065252K->1028920K(1326976K), 0.0463992 secs]
630304.315: [GC [PSYoungGen: 48896K->6392K(49664K)] 1071288K->1034869K(1327616K), 0.0416884 secs]
630312.308: [GC [PSYoungGen: 48694K->6416K(49536K)] 1077171K->1040937K(1327488K), 0.0484704 secs]
630323.576: [GC [PSYoungGen: 48656K->6272K(49472K)] 1083177K->1046845K(1327424K), 0.0508261 secs]
630332.702: [GC [PSYoungGen: 48448K->6264K(49344K)] 1089021K->1052781K(1327296K), 0.0448147 secs]
630338.357: [GC [PSYoungGen: 48376K->6536K(49280K)] 1094893K->1058901K(1327232K), 0.0501775 secs]
630347.480: [GC [PSYoungGen: 48584K->6368K(49152K)] 1100949K->1064897K(1327104K), 0.0465703 secs]
630360.412: [GC [PSYoungGen: 48348K->6488K(49024K)] 1106877K->1070925K(1326976K), 0.0440109 secs]
630365.663: [GC [PSYoungGen: 48408K->6360K(48896K)] 1112845K->1076861K(1326848K), 0.0431861 secs]
630374.208: [GC [PSYoungGen: 48203K->6272K(48832K)] 1118705K->1082701K(1326784K), 0.0489623 secs]
630384.721: [GC [PSYoungGen: 48064K->6224K(48768K)] 1124493K->1088513K(1326720K), 0.0457143 secs]
630393.198: [GC [PSYoungGen: 47952K->6288K(48640K)] 1130241K->1094381K(1326592K), 0.0489739 secs]
630398.925: [GC [PSYoungGen: 47952K->6376K(48576K)] 1136045K->1100345K(1326528K), 0.0418649 secs]
630408.090: [GC [PSYoungGen: 47976K->6288K(48448K)] 1141945K->1106185K(1326400K), 0.0467695 secs]
630420.797: [GC [PSYoungGen: 47824K->6312K(48384K)] 1147721K->1112077K(1326336K), 0.0489480 secs]
630426.246: [GC [PSYoungGen: 47784K->6224K(47680K)] 1153549K->1117997K(1325632K), 0.0429635 secs]
630435.097: [GC [PSYoungGen: 47631K->5424K(46400K)] 1159405K->1123850K(1324352K), 0.0504007 secs]
630445.490: [GC [PSYoungGen: 46384K->6184K(49792K)] 1164810K->1129853K(1327744K), 0.0458984 secs]
630453.715: [GC [PSYoungGen: 47080K->6160K(49664K)] 1170749K->1135598K(1327616K), 0.0424224 secs]
630459.253: [GC [PSYoungGen: 46992K->6240K(49536K)] 1176430K->1141414K(1327488K), 0.0436901 secs]
630468.283: [GC [PSYoungGen: 47007K->6216K(49344K)] 1182181K->1147205K(1327296K), 0.0441727 secs]
630480.656: [GC [PSYoungGen: 46920K->6136K(49216K)] 1187909K->1152889K(1327168K), 0.0402182 secs]
630485.879: [GC [PSYoungGen: 46776K->6184K(46976K)] 1193529K->1158774K(1324928K), 0.0476840 secs]
630494.071: [GC [PSYoungGen: 46760K->6232K(48896K)] 1199350K->1164626K(1326848K), 0.0453473 secs]
630504.636: [GC [PSYoungGen: 46744K->6144K(48704K)] 1205138K->1170334K(1326656K), 0.0409476 secs]
630513.559: [GC [PSYoungGen: 46578K->6024K(48512K)] 1210768K->1175994K(1326464K), 0.0478124 secs]
630519.031: [GC [PSYoungGen: 46403K->6248K(48384K)] 1216374K->1181898K(1326336K), 0.0453592 secs]
630527.598: [GC [PSYoungGen: 46568K->6088K(48192K)] 1222218K->1187514K(1326144K), 0.0486551 secs]
630539.507: [GC [PSYoungGen: 46344K->6120K(48064K)] 1227770K->1193306K(1326016K), 0.0490735 secs]
630545.220: [GC [PSYoungGen: 46312K->6104K(47872K)] 1233498K->1198946K(1325824K), 0.0467224 secs]
630552.155: [GC [PSYoungGen: 46220K->6160K(49728K)] 1239063K->1204782K(1327680K), 0.0514853 secs]
630562.239: [GC [PSYoungGen: 48208K->6224K(49600K)] 1246830K->1210606K(1327552K), 0.0478182 secs]
630573.216: [GC [PSYoungGen: 48207K->6312K(49408K)] 1252590K->1216506K(1327360K), 0.0412676 secs]
630578.526: [GC [PSYoungGen: 48232K->6384K(49856K)] 1258426K->1222555K(1327808K), 0.0499313 secs]
630587.704: [GC [PSYoungGen: 48880K->6440K(49728K)] 1265051K->1228643K(1327680K), 0.0530250 secs]
630600.110: [GC [PSYoungGen: 48872K->6456K(48832K)] 1271075K->1234651K(1326784K), 0.0490411 secs]
630605.973: [GC [PSYoungGen: 48824K->1912K(48000K)] 1277019K->1240531K(1325952K), 0.0526362 secs]
630615.492: [GC [PSYoungGen: 47989K->7016K(55296K)] 1286608K->1247547K(1333248K), 0.0455346 secs]
630627.200: [GC [PSYoungGen: 52968K->6888K(54976K)] 1293499K->1253975K(1332928K), 0.0571730 secs]
630635.419: [GC [PSYoungGen: 52704K->6920K(52672K)] 1299791K->1260483K(1330624K), 0.0491050 secs]
630643.146: [GC [PSYoungGen: 52616K->6952K(54272K)] 1306179K->1266959K(1332224K), 0.0515062 secs]
630655.204: [GC [PSYoungGen: 52520K->6864K(54016K)] 1312527K->1273379K(1331968K), 0.0428857 secs]
630664.706: [GC [PSYoungGen: 52304K->6912K(53696K)] 1318819K->1279795K(1331648K), 0.0509344 secs]
630664.757: [Full GC [PSYoungGen: 6912K->0K(53696K)] [PSOldGen: 1272883K->654978K(1331200K)] 1279795K->654978K(1384896K) [PSPermGen: 67459K->67459K(79872K)], 4.0297459 secs]
630671.254: [GC [PSYoungGen: 45312K->6808K(53440K)] 700290K->661786K(1384640K), 0.0431948 secs]
630681.944: [GC [PSYoungGen: 51992K->6832K(53248K)] 706970K->668202K(1384448K), 0.0433342 secs]
630693.738: [GC [PSYoungGen: 51888K->6784K(51776K)] 713258K->674518K(1382976K), 0.0496950 secs]
630700.329: [GC [PSYoungGen: 51712K->6728K(52160K)] 719446K->680806K(1383360K), 0.0480934 secs]
630709.932: [GC [PSYoungGen: 51528K->6824K(52544K)] 725606K->687282K(1383744K), 0.0449554 secs]
630722.314: [GC [PSYoungGen: 51496K->6776K(52352K)] 731954K->693715K(1383552K), 0.0426921 secs]
630730.064: [GC [PSYoungGen: 51320K->6272K(52160K)] 738259K->699511K(1383360K), 0.0442122 secs]
630737.660: [GC [PSYoungGen: 50688K->7200K(52032K)] 743927K->706339K(1383232K), 0.0470613 secs]
630749.846: [GC [PSYoungGen: 51488K->6576K(51968K)] 750627K->712447K(1383168K), 0.0403625 secs]
630759.853: [GC [PSYoungGen: 50736K->6392K(51776K)] 756607K->718371K(1382976K), 0.0437059 secs]
630764.843: [GC [PSYoungGen: 50424K->6912K(50816K)] 762403K->724955K(1382016K), 0.0444823 secs]
630776.084: [GC [PSYoungGen: 50816K->6520K(49408K)] 768859K->731331K(1380608K), 0.0427120 secs]
630785.126: [GC [PSYoungGen: 49399K->6424K(52736K)] 774210K->737511K(1383936K), 0.0404641 secs]
630792.062: [GC [PSYoungGen: 49176K->6328K(52544K)] 780263K->743523K(1383744K), 0.0443862 secs]
630801.447: [GC [PSYoungGen: 48952K->6576K(52352K)] 786147K->749767K(1383552K), 0.0403462 secs]
630812.886: [GC [PSYoungGen: 49072K->6472K(52160K)] 792263K->755887K(1383360K), 0.0503784 secs]
630820.771: [GC [PSYoungGen: 48903K->6384K(48768K)] 798319K->761844K(1379968K), 0.0453396 secs]
630827.706: [GC [PSYoungGen: 48752K->6544K(51776K)] 804212K->767964K(1382976K), 0.0410923 secs]
630839.065: [GC [PSYoungGen: 48848K->6328K(51520K)] 810268K->773836K(1382720K), 0.0412678 secs]
630849.901: [GC [PSYoungGen: 48568K->6320K(51328K)] 816076K->779760K(1382528K), 0.0462014 secs]
630853.793: [GC [PSYoungGen: 48486K->6336K(51136K)] 821926K->785720K(1382336K), 0.0435824 secs]
630863.515: [GC [PSYoungGen: 48448K->6328K(50944K)] 827832K->791720K(1382144K), 0.0420158 secs]
630874.323: [GC [PSYoungGen: 48372K->6336K(48384K)] 833764K->797632K(1379584K), 0.0446889 secs]
630882.000: [GC [PSYoungGen: 48320K->6392K(50560K)] 839616K->803740K(1381760K), 0.0470886 secs]
630889.056: [GC [PSYoungGen: 48312K->6376K(50368K)] 845660K->809784K(1381568K), 0.0400458 secs]
630901.002: [GC [PSYoungGen: 48232K->6400K(50176K)] 851640K->815732K(1381376K), 0.0446059 secs]
630910.501: [GC [PSYoungGen: 48192K->6152K(49984K)] 857524K->821432K(1381184K), 0.0457220 secs]
630915.114: [GC [PSYoungGen: 47878K->6480K(49856K)] 863159K->827564K(1381056K), 0.0433225 secs]
630925.011: [GC [PSYoungGen: 48144K->6192K(49664K)] 869228K->833396K(1380864K), 0.0454261 secs]
630935.039: [GC [PSYoungGen: 47792K->6328K(49536K)] 874996K->839360K(1380736K), 0.0478803 secs]
630942.826: [GC [PSYoungGen: 47864K->6200K(47680K)] 880896K->845132K(1378880K), 0.0413477 secs]
630949.576: [GC [PSYoungGen: 47671K->6376K(49024K)] 886604K->851040K(1380224K), 0.0407567 secs]
630961.558: [GC [PSYoungGen: 47784K->6280K(49024K)] 892448K->856949K(1380224K), 0.0480617 secs]
630970.916: [GC [PSYoungGen: 47624K->6104K(48896K)] 898293K->862597K(1380096K), 0.0400647 secs]
630975.440: [GC [PSYoungGen: 47384K->6448K(48768K)] 903877K->868613K(1379968K), 0.0465493 secs]
630985.320: [GC [PSYoungGen: 47664K->6368K(48576K)] 909829K->874485K(1379776K), 0.0469353 secs]
630995.197: [GC [PSYoungGen: 47513K->6192K(48448K)] 915630K->880217K(1379648K), 0.0492792 secs]
631003.198: [GC [PSYoungGen: 47280K->6168K(48320K)] 921305K->885925K(1379520K), 0.0484992 secs]
631009.926: [GC [PSYoungGen: 47189K->6344K(47360K)] 926947K->891869K(1378560K), 0.0420118 secs]
631021.360: [GC [PSYoungGen: 47298K->6072K(46080K)] 932823K->897661K(1377280K), 0.0473982 secs]
631030.981: [GC [PSYoungGen: 46072K->6016K(49152K)] 937661K->903397K(1380352K), 0.0456222 secs]
631035.245: [GC [PSYoungGen: 45952K->6080K(49024K)] 943333K->909165K(1380224K), 0.0408869 secs]
631044.363: [GC [PSYoungGen: 45952K->6152K(48896K)] 949037K->915033K(1380096K), 0.0429250 secs]
631054.556: [GC [PSYoungGen: 45958K->5976K(48704K)] 954840K->920577K(1379904K), 0.0402950 secs]
631062.338: [GC [PSYoungGen: 45720K->5992K(45696K)] 960321K->926270K(1376896K), 0.0483530 secs]
631068.154: [GC [PSYoungGen: 45672K->6128K(48384K)] 965950K->932058K(1379584K), 0.0431385 secs]
631078.281: [GC [PSYoungGen: 45744K->5936K(48128K)] 971674K->937570K(1379328K), 0.0456754 secs]
631087.570: [GC [PSYoungGen: 45488K->6008K(48000K)] 977122K->943278K(1379200K), 0.0466806 secs]
631094.232: [GC [PSYoungGen: 45496K->5912K(47808K)] 982766K->948814K(1379008K), 0.0442259 secs]
631101.518: [GC [PSYoungGen: 45334K->6088K(47616K)] 988236K->954486K(1378816K), 0.0481607 secs]
631112.433: [GC [PSYoungGen: 45448K->6056K(45376K)] 993846K->960110K(1376576K), 0.0448530 secs]
631121.449: [GC [PSYoungGen: 45352K->5864K(47232K)] 999406K->965634K(1378432K), 0.0478915 secs]
631125.865: [GC [PSYoungGen: 45096K->5960K(47296K)] 1004866K->971198K(1378496K), 0.0523635 secs]
631134.774: [GC [PSYoungGen: 45320K->5880K(52608K)] 1010558K->976662K(1383808K), 0.1036494 secs]
631145.445: [GC [PSYoungGen: 50679K->6688K(53632K)] 1021461K->982974K(1384832K), 0.0434353 secs]
631154.234: [GC [PSYoungGen: 52575K->6864K(59584K)] 1028862K->989422K(1390784K), 0.0535331 secs]
631164.403: [GC [PSYoungGen: 58704K->7792K(59520K)] 1041262K->996926K(1390720K), 0.0426716 secs]
631176.077: [GC [PSYoungGen: 59504K->7840K(62272K)] 1048638K->1004390K(1393472K), 0.0468336 secs]
631185.532: [GC [PSYoungGen: 59424K->7832K(62016K)] 1055974K->1011738K(1393216K), 0.0451744 secs]
631196.897: [GC [PSYoungGen: 59288K->7712K(61824K)] 1063194K->1019031K(1393024K), 0.0523051 secs]
631210.770: [GC [PSYoungGen: 59040K->7648K(58880K)] 1070359K->1026199K(1390080K), 0.0476957 secs]
631216.906: [GC [PSYoungGen: 58847K->7688K(61248K)] 1077398K->1033491K(1392448K), 0.0515364 secs]
631229.541: [GC [PSYoungGen: 58753K->7776K(60928K)] 1084556K->1040871K(1392128K), 0.0470772 secs]
631242.120: [GC [PSYoungGen: 58720K->7520K(60736K)] 1091815K->1047899K(1391936K), 0.0473521 secs]
631248.734: [GC [PSYoungGen: 58336K->7808K(60352K)] 1098715K->1055259K(1391552K), 0.0433324 secs]
631262.220: [GC [PSYoungGen: 58496K->7632K(60160K)] 1105947K->1062319K(1391360K), 0.0473556 secs]
631272.948: [GC [PSYoungGen: 58192K->7544K(57984K)] 1112879K->1069375K(1389184K), 0.0509296 secs]
631280.507: [GC [PSYoungGen: 57976K->7704K(59584K)] 1119807K->1076579K(1390784K), 0.0509365 secs]
631293.887: [GC [PSYoungGen: 58008K->7576K(59392K)] 1126883K->1083667K(1390592K), 0.0499500 secs]
631303.926: [GC [PSYoungGen: 57752K->7512K(59136K)] 1133843K->1090743K(1390336K), 0.0509877 secs]
631312.170: [GC [PSYoungGen: 57560K->7704K(57664K)] 1140791K->1097967K(1388864K), 0.0496014 secs]
631324.816: [GC [PSYoungGen: 57624K->7280K(57984K)] 1147887K->1104759K(1389184K), 0.0508548 secs]
631334.594: [GC [PSYoungGen: 57072K->7560K(58432K)] 1154551K->1111871K(1389632K), 0.0524975 secs]
631343.533: [GC [PSYoungGen: 57212K->7488K(58176K)] 1161524K->1118871K(1389376K), 0.0533097 secs]
631355.736: [GC [PSYoungGen: 57024K->7472K(57984K)] 1168407K->1125871K(1389184K), 0.0516443 secs]
631365.578: [GC [PSYoungGen: 56880K->7528K(57728K)] 1175279K->1132959K(1388928K), 0.0487452 secs]
631374.762: [GC [PSYoungGen: 56808K->7424K(57536K)] 1182239K->1139927K(1388736K), 0.0456403 secs]
631386.336: [GC [PSYoungGen: 56576K->7368K(57344K)] 1189079K->1146839K(1388544K), 0.0507658 secs]
631396.046: [GC [PSYoungGen: 56391K->7456K(56384K)] 1195862K->1153795K(1387584K), 0.0516399 secs]
631405.544: [GC [PSYoungGen: 56352K->7032K(54912K)] 1202691K->1160635K(1386112K), 0.0437166 secs]
631416.588: [GC [PSYoungGen: 54904K->7152K(58368K)] 1208507K->1167535K(1389568K), 0.0493148 secs]
631426.194: [GC [PSYoungGen: 54896K->7248K(58176K)] 1215279K->1174363K(1389376K), 0.0422789 secs]
631435.325: [GC [PSYoungGen: 54864K->7272K(57920K)] 1221979K->1181184K(1389120K), 0.0521779 secs]
631446.535: [GC [PSYoungGen: 54760K->7096K(57664K)] 1228672K->1187824K(1388864K), 0.0424754 secs]
631456.103: [GC [PSYoungGen: 54442K->7160K(54400K)] 1235169K->1194560K(1385600K), 0.0442060 secs]
631465.026: [GC [PSYoungGen: 54392K->7096K(57216K)] 1241792K->1201196K(1388416K), 0.0508790 secs]
631476.164: [GC [PSYoungGen: 54200K->7104K(56960K)] 1248300K->1207828K(1388160K), 0.0431006 secs]
631485.756: [GC [PSYoungGen: 54080K->7072K(56704K)] 1254804K->1214460K(1387904K), 0.0501860 secs]
631493.746: [GC [PSYoungGen: 53920K->7072K(56448K)] 1261308K->1221072K(1387648K), 0.0511811 secs]
631505.456: [GC [PSYoungGen: 53792K->7032K(54144K)] 1267791K->1227648K(1385344K), 0.0522688 secs]
631514.756: [GC [PSYoungGen: 53624K->6856K(55936K)] 1274240K->1234056K(1387136K), 0.0515504 secs]
631522.067: [GC [PSYoungGen: 53319K->7128K(55744K)] 1280519K->1240740K(1386944K), 0.0502522 secs]
631534.247: [GC [PSYoungGen: 53464K->6904K(55488K)] 1287076K->1247128K(1386688K), 0.0504677 secs]
631544.079: [GC [PSYoungGen: 53112K->6944K(55232K)] 1293336K->1253656K(1386432K), 0.0477339 secs]
631550.767: [GC [PSYoungGen: 53024K->7048K(54976K)] 1299736K->1260228K(1386176K), 0.0502322 secs]
631563.224: [GC [PSYoungGen: 53000K->6896K(54720K)] 1306180K->1266652K(1385920K), 0.0437019 secs]
631573.491: [GC [PSYoungGen: 52720K->6816K(52544K)] 1312476K->1273012K(1383744K), 0.0466443 secs]
631579.404: [GC [PSYoungGen: 52511K->6912K(54272K)] 1318707K->1279596K(1385472K), 0.0426249 secs]
631590.930: [GC [PSYoungGen: 52478K->6984K(54080K)] 1325162K->1286208K(1385280K), 0.0467555 secs]
631602.696: [GC [PSYoungGen: 52420K->6920K(53824K)] 1331644K->1292660K(1385024K), 0.0706048 secs]
631608.553: [GC [PSYoungGen: 52225K->6872K(54976K)] 1337965K->1299088K(1386176K), 0.1828872 secs]
631618.826: [GC [PSYoungGen: 53398K->6960K(61376K)] 1345614K->1305600K(1392576K), 0.2027195 secs]
631632.846: [GC [PSYoungGen: 60015K->7984K(61312K)] 1358655K->1313196K(1392512K), 0.1880742 secs]
631639.546: [GC [PSYoungGen: 61040K->7960K(70400K)] 1366252K->1320700K(1401600K), 0.2424612 secs]
631655.096: [GC [PSYoungGen: 69912K->8632K(71232K)] 1382652K->1329492K(1402432K), 0.2353945 secs]
631667.250: [GC [PSYoungGen: 71224K->9376K(85184K)] 1392084K->1338724K(1416384K), 0.2806832 secs]
631667.531: [Full GC [PSYoungGen: 9376K->0K(85184K)] [PSOldGen: 1329348K->639137K(1337344K)] 1338724K->639137K(1422528K) [PSPermGen: 67469K->67469K(77824K)], 3.9774317 secs]
631683.544: [GC [PSYoungGen: 73152K->11072K(86208K)] 712289K->650209K(1423552K), 0.1239366 secs]
631701.674: [GC [PSYoungGen: 85172K->10888K(97472K)] 724309K->660383K(1434816K), 0.2467514 secs]
631716.074: [GC [PSYoungGen: 95624K->12824K(97856K)] 745119K->672211K(1435200K), 0.0842936 secs]
631733.634: [GC [PSYoungGen: 97560K->12320K(112128K)] 756947K->683083K(1449472K), 0.2722996 secs]
631755.437: [GC [PSYoungGen: 110240K->14840K(112768K)] 781003K->696739K(1450112K), 0.1266298 secs]
631774.694: [GC [PSYoungGen: 112755K->14632K(132864K)] 794654K->709695K(1470208K), 0.2905512 secs]
631796.973: [GC [PSYoungGen: 127073K->16688K(133184K)] 822137K->724279K(1470528K), 0.1027495 secs]
631823.331: [GC [PSYoungGen: 129136K->16464K(148992K)] 836727K->738255K(1486336K), 0.3300005 secs]
631847.571: [GC [PSYoungGen: 143696K->19032K(146304K)] 865487K->754451K(1483648K), 0.1533885 secs]
631876.156: [GC [PSYoungGen: 146262K->18728K(146240K)] 881681K->770003K(1483584K), 0.0984926 secs]
631899.089: [GC [PSYoungGen: 141096K->17944K(140352K)] 892371K->785027K(1477696K), 0.0633020 secs]
631925.239: [GC [PSYoungGen: 140307K->17960K(146176K)] 907391K->800215K(1483520K), 0.0655967 secs]
631949.595: [GC [PSYoungGen: 138792K->17592K(137536K)] 921047K->814991K(1474880K), 0.0588099 secs]
631976.570: [GC [PSYoungGen: 137527K->17744K(144768K)] 934927K->830039K(1482112K), 0.0573810 secs]
632003.596: [GC [PSYoungGen: 136848K->17400K(135680K)] 949143K->844687K(1473024K), 0.0574025 secs]
632026.468: [GC [PSYoungGen: 135672K->17584K(142912K)] 962959K->859620K(1480256K), 0.0593631 secs]
632048.535: [GC [PSYoungGen: 135024K->25264K(141888K)] 977060K->874272K(1479232K), 0.0882118 secs]
632073.917: [GC [PSYoungGen: 141872K->17176K(141184K)] 990880K->885960K(1478528K), 0.0616966 secs]
632098.085: [GC [PSYoungGen: 130840K->29176K(142080K)] 999624K->899896K(1479424K), 0.0863872 secs]
632123.934: [GC [PSYoungGen: 142059K->16600K(137216K)] 1012779K->906876K(1474560K), 0.0596753 secs]
632144.359: [GC [PSYoungGen: 124632K->30024K(137408K)] 1014908K->920300K(1474752K), 0.0799301 secs]
632165.574: [GC [PSYoungGen: 137352K->33904K(127616K)] 1027628K->925400K(1464960K), 0.1181005 secs]
632185.513: [GC [PSYoungGen: 127600K->27168K(120384K)] 1019096K->926232K(1457728K), 0.0782835 secs]
632206.146: [GC [PSYoungGen: 120352K->25768K(132288K)] 1019415K->931960K(1469632K), 0.0652930 secs]
632223.658: [GC [PSYoungGen: 118439K->25800K(131456K)] 1024631K->938772K(1468800K), 0.0671416 secs]
632244.836: [GC [PSYoungGen: 117960K->25336K(128576K)] 1030932K->945488K(1465920K), 0.0657268 secs]
632262.356: [GC [PSYoungGen: 116983K->25424K(116608K)] 1037135K->952616K(1453952K), 0.0689390 secs]
632280.986: [GC [PSYoungGen: 116549K->25304K(126336K)] 1043741K->959504K(1463680K), 0.0646273 secs]
632299.314: [GC [PSYoungGen: 115928K->24992K(115136K)] 1050128K->966584K(1452480K), 0.0649354 secs]
632318.020: [GC [PSYoungGen: 115104K->25120K(123968K)] 1056696K->973764K(1461312K), 0.0631102 secs]
632339.026: [GC [PSYoungGen: 114720K->32176K(124800K)] 1063364K->980820K(1462144K), 0.0852255 secs]
632357.116: [GC [PSYoungGen: 121264K->31992K(126336K)] 1069908K->982252K(1463680K), 0.0857677 secs]
632374.184: [GC [PSYoungGen: 120632K->31744K(127360K)] 1070892K->983668K(1464704K), 0.0888846 secs]
632395.017: [GC [PSYoungGen: 119936K->24424K(123840K)] 1071860K->985132K(1461184K), 0.0623126 secs]
632410.605: [GC [PSYoungGen: 112168K->24464K(111808K)] 1072876K->992592K(1449152K), 0.0668723 secs]
632430.352: [GC [PSYoungGen: 111760K->24232K(122688K)] 1079888K->999796K(1460032K), 0.0683968 secs]
632448.206: [GC [PSYoungGen: 111077K->24144K(110592K)] 1086641K->1007204K(1447936K), 0.0621613 secs]
632465.434: [GC [PSYoungGen: 110544K->23976K(119872K)] 1093604K->1014476K(1457216K), 0.0606043 secs]
632485.161: [GC [PSYoungGen: 109928K->23808K(109376K)] 1100428K->1022044K(1446720K), 0.0595635 secs]
632500.984: [GC [PSYoungGen: 109311K->31576K(119424K)] 1107548K->1029812K(1456768K), 0.0857014 secs]
632519.847: [GC [PSYoungGen: 116632K->31432K(120512K)] 1114868K->1031188K(1457856K), 0.0830113 secs]
632537.222: [GC [PSYoungGen: 116040K->31072K(121152K)] 1115796K->1032452K(1458496K), 0.0769624 secs]
632555.121: [GC [PSYoungGen: 115232K->30856K(121408K)] 1116612K->1033780K(1458752K), 0.0778474 secs]
632570.836: [GC [PSYoungGen: 114564K->31064K(121344K)] 1117488K->1035444K(1458688K), 0.0825890 secs]
632588.096: [GC [PSYoungGen: 114321K->23408K(106240K)] 1118701K->1036748K(1443584K), 0.0574381 secs]
632600.890: [GC [PSYoungGen: 106224K->21256K(120512K)] 1119564K->1042368K(1457856K), 0.0481037 secs]
632616.048: [GC [PSYoungGen: 103688K->18712K(100800K)] 1124800K->1050164K(1438144K), 0.0506094 secs]
632629.371: [GC [PSYoungGen: 100755K->20056K(117824K)] 1132207K->1059551K(1455168K), 0.0599538 secs]
632647.194: [GC [PSYoungGen: 101720K->22200K(103488K)] 1141215K->1069417K(1440832K), 0.0598306 secs]
632665.526: [GC [PSYoungGen: 103480K->22848K(116032K)] 1150697K->1078227K(1453376K), 0.0604917 secs]
632679.247: [GC [PSYoungGen: 103739K->22936K(103488K)] 1159119K->1086287K(1440832K), 0.0582648 secs]
632697.236: [GC [PSYoungGen: 103448K->22800K(113536K)] 1166799K->1094123K(1450880K), 0.0566943 secs]
632713.234: [GC [PSYoungGen: 102914K->22568K(114368K)] 1174237K->1101967K(1451712K), 0.0565982 secs]
632731.165: [GC [PSYoungGen: 102312K->22560K(111232K)] 1181711K->1110003K(1448576K), 0.0587449 secs]
632747.275: [GC [PSYoungGen: 101919K->30576K(112192K)] 1189362K->1118019K(1449536K), 0.0825561 secs]
632765.430: [GC [PSYoungGen: 109551K->30232K(113344K)] 1196994K->1119107K(1450688K), 0.0769893 secs]
632779.546: [GC [PSYoungGen: 108824K->30088K(113984K)] 1197699K->1120439K(1451328K), 0.0806987 secs]
632797.160: [GC [PSYoungGen: 108296K->22168K(114368K)] 1198647K->1121847K(1451712K), 0.0544259 secs]
632811.331: [GC [PSYoungGen: 99981K->22048K(99520K)] 1199660K->1129943K(1436864K), 0.0528251 secs]
632828.423: [GC [PSYoungGen: 99488K->21984K(110528K)] 1207383K->1138083K(1447872K), 0.0531322 secs]
632846.097: [GC [PSYoungGen: 99039K->21728K(111680K)] 1215139K->1146147K(1449024K), 0.0527295 secs]
632859.425: [GC [PSYoungGen: 98394K->21600K(108736K)] 1222813K->1154503K(1446080K), 0.0559305 secs]
632876.953: [GC [PSYoungGen: 97888K->21640K(97664K)] 1230791K->1162987K(1435008K), 0.0550489 secs]
632891.370: [GC [PSYoungGen: 97603K->21640K(107008K)] 1238951K->1171339K(1444352K), 0.0625114 secs]
632907.842: [GC [PSYoungGen: 97288K->21616K(108160K)] 1246987K->1179719K(1445504K), 0.0589764 secs]
632923.266: [GC [PSYoungGen: 96944K->21632K(105216K)] 1255047K->1188203K(1442560K), 0.0550135 secs]
632939.129: [GC [PSYoungGen: 96640K->21496K(96192K)] 1263211K->1196547K(1433536K), 0.0543217 secs]
632953.991: [GC [PSYoungGen: 96184K->21360K(105536K)] 1271235K->1204971K(1442880K), 0.0521589 secs]
632970.725: [GC [PSYoungGen: 95726K->21328K(95424K)] 1279338K->1213475K(1432768K), 0.0536669 secs]
632985.307: [GC [PSYoungGen: 95376K->29584K(103232K)] 1287523K->1221731K(1440576K), 0.0784725 secs]
633001.403: [GC [PSYoungGen: 102672K->29352K(104704K)] 1294819K->1222911K(1442048K), 0.0817246 secs]
633015.658: [GC [PSYoungGen: 102120K->29248K(105728K)] 1295679K->1224095K(1443072K), 0.0858851 secs]
633031.336: [GC [PSYoungGen: 101683K->20648K(106432K)] 1296531K->1225319K(1443776K), 0.0644335 secs]
633045.568: [GC [PSYoungGen: 92764K->10704K(105792K)] 1297436K->1234051K(1443136K), 0.0548427 secs]
633061.199: [GC [PSYoungGen: 82512K->10760K(106816K)] 1305859K->1244184K(1444160K), 0.0505078 secs]
633075.196: [GC [PSYoungGen: 82247K->10736K(107264K)] 1315671K->1254344K(1444608K), 0.0531626 secs]
633090.972: [GC [PSYoungGen: 81904K->10512K(81408K)] 1325512K->1264280K(1418752K), 0.0576895 secs]
633104.463: [GC [PSYoungGen: 81355K->10568K(105088K)] 1335123K->1274328K(1442432K), 0.0568183 secs]
633120.027: [GC [PSYoungGen: 81096K->10640K(106624K)] 1344856K->1284328K(1443968K), 0.0520537 secs]
633134.117: [GC [PSYoungGen: 80848K->10424K(103872K)] 1354536K->1294092K(1441216K), 0.0521656 secs]
633148.747: [GC [PSYoungGen: 80310K->10600K(80192K)] 1363978K->1304084K(1417536K), 0.0521546 secs]
633163.417: [GC [PSYoungGen: 80168K->10480K(102016K)] 1373652K->1313836K(1439360K), 0.0523362 secs]
633178.206: [GC [PSYoungGen: 79791K->10312K(79424K)] 1383147K->1323540K(1416768K), 0.0543863 secs]
633192.179: [GC [PSYoungGen: 79368K->10256K(99776K)] 1392596K->1333200K(1437120K), 0.0618024 secs]
633192.242: [Full GC [PSYoungGen: 10256K->0K(99776K)] [PSOldGen: 1322944K->694870K(1366016K)] 1333200K->694870K(1465792K) [PSPermGen: 67478K->67478K(75776K)], 4.1493111 secs]
633207.769: [GC [PSYoungGen: 68800K->10272K(78784K)] 763670K->705142K(1444800K), 0.0516014 secs]
633220.794: [GC [PSYoungGen: 78752K->9976K(97280K)] 773622K->714530K(1463296K), 0.0565523 secs]
633236.248: [GC [PSYoungGen: 78136K->10208K(78080K)] 782690K->724210K(1444096K), 0.0534984 secs]
633249.958: [GC [PSYoungGen: 78048K->10056K(94784K)] 792050K->733794K(1460800K), 0.0525536 secs]
633262.376: [GC [PSYoungGen: 77640K->10120K(77504K)] 801378K->743510K(1443520K), 0.0548347 secs]
633278.580: [GC [PSYoungGen: 77448K->10168K(92288K)] 810838K->753058K(1458304K), 0.0509828 secs]
633291.258: [GC [PSYoungGen: 77232K->10024K(76864K)] 820123K->762498K(1442880K), 0.0523717 secs]
633306.851: [GC [PSYoungGen: 76838K->9936K(89856K)] 829313K->771806K(1455872K), 0.0492722 secs]
633319.319: [GC [PSYoungGen: 76496K->9952K(76288K)] 838366K->781258K(1442304K), 0.0513571 secs]
633333.459: [GC [PSYoungGen: 76256K->10040K(87616K)] 847562K->790699K(1453632K), 0.0512131 secs]
633348.499: [GC [PSYoungGen: 76088K->9848K(75648K)] 856747K->799907K(1441664K), 0.0503634 secs]
633360.676: [GC [PSYoungGen: 75639K->9800K(85440K)] 865698K->809159K(1451456K), 0.0543278 secs]
633377.288: [GC [PSYoungGen: 75336K->9816K(75136K)] 874695K->818447K(1441152K), 0.0523912 secs]
633388.696: [GC [PSYoungGen: 75095K->9848K(85504K)] 883726K->827771K(1451520K), 0.0524790 secs]
633401.700: [GC [PSYoungGen: 74872K->9656K(74432K)] 892795K->836887K(1440448K), 0.0612485 secs]
633415.056: [GC [PSYoungGen: 74424K->9488K(81664K)] 901655K->845807K(1447680K), 0.0543721 secs]
633429.287: [GC [PSYoungGen: 74000K->9688K(73984K)] 910319K->854943K(1440000K), 0.0538747 secs]
633441.797: [GC [PSYoungGen: 73943K->9584K(81984K)] 919198K->864007K(1448000K), 0.0518692 secs]
633455.872: [GC [PSYoungGen: 73584K->9656K(73408K)] 928007K->873087K(1439424K), 0.0482462 secs]
633469.534: [GC [PSYoungGen: 73399K->9408K(80384K)] 936830K->881939K(1446400K), 0.0540826 secs]
633481.751: [GC [PSYoungGen: 72896K->9536K(72832K)] 945427K->890943K(1438848K), 0.0493624 secs]
633497.706: [GC [PSYoungGen: 72768K->9416K(76928K)] 954175K->899827K(1442944K), 0.0549863 secs]
633508.990: [GC [PSYoungGen: 72392K->9384K(78272K)] 962803K->908711K(1444288K), 0.0490563 secs]
633521.653: [GC [PSYoungGen: 72104K->9392K(75584K)] 971431K->917499K(1441600K), 0.0475390 secs]
633534.425: [GC [PSYoungGen: 71855K->9320K(76992K)] 979962K->926355K(1443008K), 0.0536876 secs]
633548.913: [GC [PSYoungGen: 71512K->9304K(76416K)] 988547K->935195K(1442432K), 0.0457350 secs]
633561.340: [GC [PSYoungGen: 71256K->9232K(70976K)] 997147K->943907K(1436992K), 0.0501173 secs]
633573.655: [GC [PSYoungGen: 70927K->9448K(75264K)] 1005602K->952799K(1441280K), 0.0530295 secs]
633588.836: [GC [PSYoungGen: 70887K->9064K(70272K)] 1014239K->961315K(1436288K), 0.0545404 secs]
633599.667: [GC [PSYoungGen: 70246K->9104K(74176K)] 1022498K->969903K(1440192K), 0.0606044 secs]
633612.105: [GC [PSYoungGen: 70032K->9144K(73664K)] 1030831K->978431K(1439680K), 0.0531425 secs]
633624.566: [GC [PSYoungGen: 69816K->9160K(71104K)] 1039103K->986979K(1437120K), 0.0541139 secs]
633638.285: [GC [PSYoungGen: 69576K->9056K(72768K)] 1047395K->995515K(1438784K), 0.0531099 secs]
633651.126: [GC [PSYoungGen: 69278K->8840K(72320K)] 1055738K->1003815K(1438336K), 0.0518274 secs]
633662.537: [GC [PSYoungGen: 68872K->9144K(68992K)] 1063847K->1012455K(1435008K), 0.0532863 secs]
633677.428: [GC [PSYoungGen: 68984K->9128K(71552K)] 1072295K->1021036K(1437568K), 0.0499213 secs]
633688.639: [GC [PSYoungGen: 68776K->8944K(71168K)] 1080684K->1029416K(1437184K), 0.0492847 secs]
633700.354: [GC [PSYoungGen: 68400K->8832K(70848K)] 1088872K->1037760K(1436864K), 0.0541830 secs]
633713.036: [GC [PSYoungGen: 68095K->8768K(67904K)] 1097023K->1046056K(1433920K), 0.0539926 secs]
633724.380: [GC [PSYoungGen: 67839K->8992K(70208K)] 1105127K->1054507K(1436224K), 0.0487247 secs]
633739.233: [GC [PSYoungGen: 67872K->8800K(69824K)] 1113387K->1062752K(1435840K), 0.0455675 secs]
633750.306: [GC [PSYoungGen: 67488K->8744K(69504K)] 1121440K->1070976K(1435520K), 0.0524814 secs]
633761.784: [GC [PSYoungGen: 67232K->8840K(69248K)] 1129464K->1079304K(1435264K), 0.0446907 secs]
633774.176: [GC [PSYoungGen: 67144K->8704K(66880K)] 1137608K->1087472K(1432896K), 0.0539499 secs]
633785.886: [GC [PSYoungGen: 66816K->8744K(68608K)] 1145584K->1095716K(1434624K), 0.0617260 secs]
633799.596: [GC [PSYoungGen: 66664K->8440K(68352K)] 1153636K->1103640K(1434368K), 0.0514000 secs]
633810.606: [GC [PSYoungGen: 66164K->8544K(68096K)] 1161364K->1111716K(1434112K), 0.0523167 secs]
633822.060: [GC [PSYoungGen: 66075K->8720K(67776K)] 1169247K->1119960K(1433792K), 0.0483201 secs]
633834.765: [GC [PSYoungGen: 66062K->8472K(65664K)] 1177302K->1127884K(1431680K), 0.0547993 secs]
633845.646: [GC [PSYoungGen: 65623K->8752K(67200K)] 1185035K->1136124K(1433216K), 0.0516163 secs]
633859.816: [GC [PSYoungGen: 65712K->8480K(66944K)] 1193084K->1143960K(1432960K), 0.0523003 secs]
633870.765: [GC [PSYoungGen: 65242K->8568K(66688K)] 1200722K->1152080K(1432704K), 0.0535101 secs]
633881.986: [GC [PSYoungGen: 65143K->8600K(66368K)] 1208655K->1160136K(1432384K), 0.0516820 secs]
633894.482: [GC [PSYoungGen: 64984K->8464K(66112K)] 1216520K->1168076K(1432128K), 0.0458062 secs]
633904.796: [GC [PSYoungGen: 64654K->8480K(64512K)] 1224266K->1175996K(1430528K), 0.0536509 secs]
633918.572: [GC [PSYoungGen: 64480K->8328K(65024K)] 1231996K->1183772K(1431040K), 0.0457882 secs]
633929.730: [GC [PSYoungGen: 64136K->8360K(65408K)] 1239580K->1191756K(1431424K), 0.0490233 secs]
633940.603: [GC [PSYoungGen: 63974K->8296K(65152K)] 1247371K->1199640K(1431168K), 0.0456906 secs]
633953.436: [GC [PSYoungGen: 63720K->8176K(64896K)] 1255064K->1207332K(1430912K), 0.0514014 secs]
633963.457: [GC [PSYoungGen: 63408K->8448K(64704K)] 1262564K->1215348K(1430720K), 0.0509967 secs]
633975.366: [GC [PSYoungGen: 63488K->8264K(64384K)] 1270388K->1223068K(1430400K), 0.0520328 secs]
633987.094: [GC [PSYoungGen: 63112K->8008K(64192K)] 1277916K->1230556K(1430208K), 0.0525613 secs]
633998.114: [GC [PSYoungGen: 62664K->8168K(62656K)] 1285212K->1238208K(1428672K), 0.0548258 secs]
634011.094: [GC [PSYoungGen: 62632K->8168K(63040K)] 1292672K->1245892K(1429056K), 0.0437780 secs]
634021.380: [GC [PSYoungGen: 62440K->8232K(63488K)] 1300164K->1253656K(1429504K), 0.0479252 secs]
634032.205: [GC [PSYoungGen: 62312K->8248K(63232K)] 1307736K->1261340K(1429248K), 0.0525039 secs]
634044.733: [GC [PSYoungGen: 62136K->8032K(62976K)] 1315228K->1268852K(1428992K), 0.0449087 secs]
634054.536: [GC [PSYoungGen: 61728K->8160K(62720K)] 1322548K->1276536K(1428736K), 0.0521030 secs]
634066.536: [GC [PSYoungGen: 61663K->8080K(61440K)] 1330040K->1284100K(1427456K), 0.0534688 secs]
634077.727: [GC [PSYoungGen: 61391K->7920K(61376K)] 1337411K->1291492K(1427392K), 0.0510097 secs]
634088.290: [GC [PSYoungGen: 61040K->8080K(62080K)] 1344612K->1299100K(1428096K), 0.0472651 secs]
634100.634: [GC [PSYoungGen: 61007K->7928K(61824K)] 1352028K->1306520K(1427840K), 0.0524925 secs]
634111.399: [GC [PSYoungGen: 60664K->8000K(61568K)] 1359256K->1314032K(1427584K), 0.0487156 secs]
634121.366: [GC [PSYoungGen: 60544K->7888K(61376K)] 1366576K->1321356K(1427392K), 0.0518794 secs]
634133.916: [GC [PSYoungGen: 60239K->7880K(61120K)] 1373708K->1328868K(1427136K), 0.0516005 secs]
634143.674: [GC [PSYoungGen: 60039K->7696K(60992K)] 1381028K->1336169K(1427008K), 0.0535388 secs]
634154.246: [GC [PSYoungGen: 59727K->7832K(62720K)] 1388200K->1343560K(1428736K), 0.2016884 secs]
634166.844: [GC [PSYoungGen: 61592K->7952K(68992K)] 1397320K->1351065K(1435008K), 0.2534022 secs]
634177.694: [GC [PSYoungGen: 68037K->8824K(68928K)] 1411149K->1359608K(1434944K), 0.2296188 secs]
634192.125: [GC [PSYoungGen: 68920K->9000K(81856K)] 1419704K->1368316K(1447872K), 0.3041572 secs]
634192.429: [Full GC [PSYoungGen: 9000K->0K(81856K)] [PSOldGen: 1359316K->609249K(1300480K)] 1368316K->609249K(1382336K) [PSPermGen: 67488K->67449K(75776K)], 4.0941321 secs]
634204.875: [GC [PSYoungGen: 69945K->10440K(82304K)] 679194K->619689K(1382784K), 0.1064118 secs]
634221.861: [GC [PSYoungGen: 81096K->10640K(93760K)] 690345K->629709K(1394240K), 0.2298986 secs]
634236.366: [GC [PSYoungGen: 92495K->12216K(94272K)] 711565K->641161K(1394752K), 0.1061728 secs]
634258.658: [GC [PSYoungGen: 94263K->11336K(111296K)] 723209K->651161K(1411776K), 0.2237712 secs]
634274.000: [GC [PSYoungGen: 105928K->14880K(112320K)] 745753K->664757K(1412800K), 0.1291848 secs]
634294.851: [GC [PSYoungGen: 110812K->13928K(127552K)] 760689K->677005K(1428032K), 0.2791187 secs]
634319.870: [GC [PSYoungGen: 124072K->15896K(128000K)] 787149K->690789K(1428480K), 0.1043123 secs]
634342.703: [GC [PSYoungGen: 126034K->16920K(145600K)] 800928K->705469K(1446080K), 0.3411183 secs]
634367.456: [GC [PSYoungGen: 143640K->18752K(147008K)] 832189K->721578K(1447488K), 0.1222073 secs]
634393.566: [GC [PSYoungGen: 145658K->18632K(147904K)] 848484K->737074K(1448384K), 0.1235698 secs]
634420.257: [GC [PSYoungGen: 144840K->18520K(144768K)] 863282K->752518K(1445248K), 0.0601827 secs]
634446.725: [GC [PSYoungGen: 144726K->18264K(147008K)] 878724K->767694K(1447488K), 0.0590309 secs]
634474.231: [GC [PSYoungGen: 141394K->18240K(140544K)] 890824K->783070K(1441024K), 0.0584768 secs]
634500.998: [GC [PSYoungGen: 140479K->18048K(146176K)] 905309K->798254K(1446656K), 0.0615743 secs]
634529.245: [GC [PSYoungGen: 139392K->17800K(145536K)] 919598K->813178K(1446016K), 0.0580425 secs]
634549.788: [GC [PSYoungGen: 138248K->17584K(142528K)] 933626K->828050K(1443008K), 0.0580969 secs]
634573.767: [GC [PSYoungGen: 137136K->17480K(143616K)] 947602K->842838K(1444096K), 0.0579645 secs]
634598.696: [GC [PSYoungGen: 136199K->24624K(137024K)] 961557K->857538K(1437504K), 0.1133872 secs]
634622.737: [GC [PSYoungGen: 137007K->15712K(127360K)] 969921K->868298K(1427840K), 0.0591917 secs]
634640.266: [GC [PSYoungGen: 127326K->27040K(138240K)] 979912K->879626K(1438720K), 0.0705463 secs]
634659.308: [GC [PSYoungGen: 136344K->25552K(134208K)] 988930K->886478K(1434688K), 0.0618278 secs]
634682.969: [GC [PSYoungGen: 134159K->27752K(135552K)] 995086K->895916K(1436032K), 0.0701493 secs]
634705.614: [GC [PSYoungGen: 130536K->34272K(136448K)] 998700K->902436K(1436928K), 0.0925901 secs]
634725.176: [GC [PSYoungGen: 136416K->33920K(124160K)] 1004580K->903873K(1424640K), 0.0944132 secs]
634744.607: [GC [PSYoungGen: 123136K->32024K(120768K)] 993089K->903757K(1421248K), 0.0839133 secs]
634763.791: [GC [PSYoungGen: 120716K->31768K(126784K)] 992448K->905333K(1427264K), 0.0801634 secs]
634780.183: [GC [PSYoungGen: 115465K->30968K(114240K)] 989030K->906213K(1414720K), 0.0869750 secs]
634801.406: [GC [PSYoungGen: 114230K->23088K(125376K)] 989475K->907621K(1425856K), 0.0634096 secs]
634815.206: [GC [PSYoungGen: 105904K->23248K(105664K)] 990437K->915405K(1406144K), 0.0605970 secs]
634834.117: [GC [PSYoungGen: 105614K->22872K(121408K)] 997771K->922605K(1421888K), 0.0578166 secs]
634849.257: [GC [PSYoungGen: 104856K->23048K(104704K)] 1004589K->930565K(1405184K), 0.0606414 secs]
634867.781: [GC [PSYoungGen: 104648K->22896K(117952K)] 1012165K->938065K(1418432K), 0.0571724 secs]
634885.752: [GC [PSYoungGen: 104112K->22856K(103744K)] 1019281K->946125K(1404224K), 0.0584154 secs]
634901.064: [GC [PSYoungGen: 103688K->22864K(112832K)] 1026957K->953885K(1413312K), 0.0602812 secs]
634922.027: [GC [PSYoungGen: 103312K->22448K(102528K)] 1034333K->961333K(1403008K), 0.0616844 secs]
634935.307: [GC [PSYoungGen: 102512K->29896K(113792K)] 1041397K->968781K(1414272K), 0.0810523 secs]
634954.230: [GC [PSYoungGen: 109189K->29944K(114624K)] 1048074K->970361K(1415104K), 0.0766916 secs]
634968.295: [GC [PSYoungGen: 108856K->29912K(115200K)] 1049273K->971765K(1415680K), 0.0821201 secs]
634986.146: [GC [PSYoungGen: 108440K->21888K(115456K)] 1050293K->972961K(1415936K), 0.0554282 secs]
635002.486: [GC [PSYoungGen: 100019K->11640K(114496K)] 1051092K->981017K(1414976K), 0.0532720 secs]
635018.984: [GC [PSYoungGen: 89400K->11512K(115264K)] 1058777K->991621K(1415744K), 0.0556229 secs]
635037.157: [GC [PSYoungGen: 88887K->11392K(115520K)] 1068996K->1002121K(1416000K), 0.0529564 secs]
635051.634: [GC [PSYoungGen: 88384K->11384K(115456K)] 1079113K->1012629K(1415936K), 0.0553713 secs]
635072.316: [GC [PSYoungGen: 87992K->11376K(112960K)] 1089237K->1022969K(1413440K), 0.0531411 secs]
635084.556: [GC [PSYoungGen: 87600K->22056K(97984K)] 1099193K->1033649K(1398464K), 0.0578843 secs]
635103.335: [GC [PSYoungGen: 97960K->22024K(111104K)] 1109553K->1041833K(1411584K), 0.0545349 secs]
635116.400: [GC [PSYoungGen: 97600K->21600K(96896K)] 1117409K->1049841K(1397376K), 0.0637249 secs]
635134.514: [GC [PSYoungGen: 96864K->21024K(108416K)] 1125105K->1057913K(1408896K), 0.0530544 secs]
635147.890: [GC [PSYoungGen: 95968K->21312K(96000K)] 1132857K->1066581K(1396480K), 0.0571713 secs]
635163.787: [GC [PSYoungGen: 95936K->20256K(105600K)] 1141205K->1073861K(1406080K), 0.0640471 secs]
635173.372: [GC [PSYoungGen: 94560K->17720K(91712K)] 1148165K->1080893K(1392192K), 0.0505632 secs]
635186.284: [GC [PSYoungGen: 91697K->16584K(104960K)] 1154871K->1088335K(1405440K), 0.0549721 secs]
635200.407: [GC [PSYoungGen: 90248K->10656K(104128K)] 1161999K->1097600K(1404608K), 0.0513079 secs]
635217.366: [GC [PSYoungGen: 84000K->11024K(104256K)] 1170944K->1107980K(1404736K), 0.0537767 secs]
635231.396: [GC [PSYoungGen: 84047K->10768K(83520K)] 1181004K->1118076K(1384000K), 0.0547786 secs]
635248.357: [GC [PSYoungGen: 83465K->10720K(103616K)] 1190773K->1128188K(1404096K), 0.0533947 secs]
635262.194: [GC [PSYoungGen: 83104K->10896K(83008K)] 1200572K->1138488K(1383488K), 0.0568353 secs]
635278.907: [GC [PSYoungGen: 82960K->10816K(102272K)] 1210552K->1148668K(1402752K), 0.0520171 secs]
635292.511: [GC [PSYoungGen: 82559K->10736K(82176K)] 1220411K->1158752K(1382656K), 0.0600755 secs]
635308.600: [GC [PSYoungGen: 82159K->10392K(98368K)] 1230175K->1168560K(1398848K), 0.0514345 secs]
635322.190: [GC [PSYoungGen: 81496K->10640K(81472K)] 1239664K->1178624K(1381952K), 0.0607756 secs]
635338.418: [GC [PSYoungGen: 81420K->10672K(96384K)] 1249405K->1188688K(1396864K), 0.0523512 secs]
635352.715: [GC [PSYoungGen: 81136K->10712K(97344K)] 1259152K->1198733K(1397824K), 0.0536254 secs]
635367.836: [GC [PSYoungGen: 80855K->10552K(94208K)] 1268875K->1208364K(1394688K), 0.0544208 secs]
635382.776: [GC [PSYoungGen: 80375K->10392K(79936K)] 1278188K->1218144K(1380416K), 0.0544326 secs]
635396.986: [GC [PSYoungGen: 79895K->10304K(92032K)] 1287648K->1227884K(1392512K), 0.0543688 secs]
635411.209: [GC [PSYoungGen: 79486K->10384K(79360K)] 1297067K->1237676K(1379840K), 0.0635598 secs]
635426.273: [GC [PSYoungGen: 79300K->10416K(89984K)] 1306593K->1247480K(1390464K), 0.0576150 secs]
635440.596: [GC [PSYoungGen: 79088K->10264K(78720K)] 1316152K->1257120K(1379200K), 0.0543938 secs]
635454.941: [GC [PSYoungGen: 78680K->10248K(90112K)] 1325536K->1266820K(1390592K), 0.0571242 secs]
635469.313: [GC [PSYoungGen: 78408K->10112K(78080K)] 1334980K->1276264K(1378560K), 0.0574400 secs]
635483.246: [GC [PSYoungGen: 78016K->10096K(86208K)] 1344168K->1285776K(1386688K), 0.0547489 secs]
635497.067: [GC [PSYoungGen: 77744K->9984K(77440K)] 1353424K->1295176K(1377920K), 0.0537081 secs]
635511.036: [GC [PSYoungGen: 77375K->10104K(86592K)] 1362568K->1304720K(1387072K), 0.0519643 secs]
635511.089: [Full GC [PSYoungGen: 10104K->0K(86592K)] [PSOldGen: 1294616K->681777K(1345536K)] 1304720K->681777K(1432128K) [PSPermGen: 67461K->67461K(73728K)], 4.0384739 secs]
635526.032: [GC [PSYoungGen: 67136K->10224K(77120K)] 748913K->692001K(1422656K), 0.0484593 secs]
635539.203: [GC [PSYoungGen: 77104K->9920K(82816K)] 758881K->701341K(1428352K), 0.0577659 secs]
635554.448: [GC [PSYoungGen: 76544K->9928K(84160K)] 767965K->710689K(1429696K), 0.0507713 secs]
635566.668: [GC [PSYoungGen: 76286K->9888K(81344K)] 777048K->720077K(1426880K), 0.0527896 secs]
635582.352: [GC [PSYoungGen: 76000K->9864K(82688K)] 786189K->729389K(1428224K), 0.0464280 secs]
635594.896: [GC [PSYoungGen: 75718K->9816K(79936K)] 795243K->738657K(1425472K), 0.0542369 secs]
635608.625: [GC [PSYoungGen: 75410K->10024K(81344K)] 804251K->748161K(1426880K), 0.0533198 secs]
635623.316: [GC [PSYoungGen: 75368K->9752K(78592K)] 813505K->757269K(1424128K), 0.0541290 secs]
635637.109: [GC [PSYoungGen: 74840K->9584K(80000K)] 822357K->766325K(1425536K), 0.0499830 secs]
635649.665: [GC [PSYoungGen: 74416K->9752K(77440K)] 831157K->775497K(1422976K), 0.0553443 secs]
635665.825: [GC [PSYoungGen: 74327K->9568K(78848K)] 840073K->784541K(1424384K), 0.0537804 secs]
635676.870: [GC [PSYoungGen: 73888K->9696K(76288K)] 848861K->793661K(1421824K), 0.0498304 secs]
635689.058: [GC [PSYoungGen: 73760K->9552K(77760K)] 857725K->802641K(1423296K), 0.0504940 secs]
635704.136: [GC [PSYoungGen: 73360K->9472K(77248K)] 866449K->811553K(1422784K), 0.0518087 secs]
635715.917: [GC [PSYoungGen: 73024K->9560K(72896K)] 875105K->820553K(1418432K), 0.0530544 secs]
635729.626: [GC [PSYoungGen: 72855K->9424K(76224K)] 883849K->829461K(1421760K), 0.0519378 secs]
635743.578: [GC [PSYoungGen: 72464K->9352K(75776K)] 892501K->838289K(1421312K), 0.0506024 secs]
635757.188: [GC [PSYoungGen: 72136K->9312K(73280K)] 901073K->847089K(1418816K), 0.0525668 secs]
635768.228: [GC [PSYoungGen: 71840K->9368K(74880K)] 909617K->855933K(1420416K), 0.0501703 secs]
635781.496: [GC [PSYoungGen: 71640K->9248K(74432K)] 918205K->864637K(1419968K), 0.0521241 secs]
635795.396: [GC [PSYoungGen: 71264K->9336K(71104K)] 926653K->873417K(1416640K), 0.0538144 secs]
635806.961: [GC [PSYoungGen: 71096K->9288K(73600K)] 935177K->882129K(1419136K), 0.0476841 secs]
635820.906: [GC [PSYoungGen: 70792K->9184K(73152K)] 943633K->890765K(1418688K), 0.0519875 secs]
635834.308: [GC [PSYoungGen: 70432K->9096K(72768K)] 952013K->899297K(1418304K), 0.0499189 secs]
635847.365: [GC [PSYoungGen: 70088K->9072K(69824K)] 960289K->907877K(1415360K), 0.0550280 secs]
635858.027: [GC [PSYoungGen: 69808K->9072K(72000K)] 968613K->916501K(1417536K), 0.0512606 secs]
635870.576: [GC [PSYoungGen: 69551K->9200K(71616K)] 976981K->925173K(1417152K), 0.0517725 secs]
635884.321: [GC [PSYoungGen: 69419K->8888K(71296K)] 985393K->933502K(1416832K), 0.0470454 secs]
635895.858: [GC [PSYoungGen: 68920K->9008K(70976K)] 993534K->942006K(1416512K), 0.0504380 secs]
635908.866: [GC [PSYoungGen: 68848K->9040K(70720K)] 1001846K->950474K(1416256K), 0.0516997 secs]
635920.757: [GC [PSYoungGen: 68688K->8912K(68416K)] 1010122K->958846K(1413952K), 0.0534541 secs]
635933.840: [GC [PSYoungGen: 68368K->8928K(70080K)] 1018302K->967278K(1415616K), 0.0482563 secs]
635946.116: [GC [PSYoungGen: 68192K->9016K(69824K)] 1026542K->975762K(1415360K), 0.0523608 secs]
635957.275: [GC [PSYoungGen: 68088K->8864K(69504K)] 1034834K->984042K(1415040K), 0.0523523 secs]
635970.026: [GC [PSYoungGen: 67744K->8792K(67520K)] 1042922K->992294K(1413056K), 0.0541824 secs]
635983.318: [GC [PSYoungGen: 67480K->8856K(68800K)] 1050982K->1000622K(1414336K), 0.0507066 secs]
635996.475: [GC [PSYoungGen: 67350K->8800K(68736K)] 1059116K->1008902K(1414272K), 0.0525913 secs]
636006.706: [GC [PSYoungGen: 67103K->8792K(68480K)] 1067206K->1017226K(1414016K), 0.0515771 secs]
636018.075: [GC [PSYoungGen: 66904K->8720K(68160K)] 1075338K->1025519K(1413696K), 0.0525698 secs]
636030.794: [GC [PSYoungGen: 66640K->8712K(67904K)] 1083439K->1033751K(1413440K), 0.0540685 secs]
636043.946: [GC [PSYoungGen: 66440K->8624K(66176K)] 1091479K->1041795K(1411712K), 0.0538992 secs]
636056.701: [GC [PSYoungGen: 66160K->8568K(66944K)] 1099331K->1049883K(1412480K), 0.0470722 secs]
636066.717: [GC [PSYoungGen: 65898K->8496K(67200K)] 1107213K->1057803K(1412736K), 0.0509801 secs]
636077.784: [GC [PSYoungGen: 65648K->8664K(66944K)] 1114955K->1065907K(1412480K), 0.0547353 secs]
636090.536: [GC [PSYoungGen: 65624K->8328K(66688K)] 1122867K->1073723K(1412224K), 0.0515101 secs]
636102.780: [GC [PSYoungGen: 65096K->8584K(66496K)] 1130491K->1081823K(1412032K), 0.0479996 secs]
636115.046: [GC [PSYoungGen: 65160K->8432K(66240K)] 1138399K->1089787K(1411776K), 0.0518124 secs]
636126.221: [GC [PSYoungGen: 64816K->8608K(65984K)] 1146171K->1097927K(1411520K), 0.0463973 secs]
636137.395: [GC [PSYoungGen: 64799K->8392K(64448K)] 1154118K->1105779K(1409984K), 0.0545840 secs]
636150.039: [GC [PSYoungGen: 64392K->8416K(64832K)] 1161779K->1113759K(1410368K), 0.0486167 secs]
636161.086: [GC [PSYoungGen: 64224K->8384K(65280K)] 1169567K->1121739K(1410816K), 0.0519085 secs]
636171.827: [GC [PSYoungGen: 64000K->8336K(65024K)] 1177355K->1129539K(1410560K), 0.0510696 secs]
636185.586: [GC [PSYoungGen: 63760K->8312K(64768K)] 1184963K->1137331K(1410304K), 0.0517503 secs]
636195.966: [GC [PSYoungGen: 63544K->8312K(64576K)] 1192563K->1145123K(1410112K), 0.0517642 secs]
636208.130: [GC [PSYoungGen: 63352K->8240K(63104K)] 1200163K->1152879K(1408640K), 0.0493749 secs]
636218.143: [GC [PSYoungGen: 63088K->8280K(63360K)] 1207727K->1160651K(1408896K), 0.0451556 secs]
636229.240: [GC [PSYoungGen: 62936K->8216K(63872K)] 1215307K->1168367K(1409408K), 0.0484154 secs]
636241.515: [GC [PSYoungGen: 62680K->8216K(63616K)] 1222831K->1176039K(1409152K), 0.0523039 secs]
636252.824: [GC [PSYoungGen: 62488K->8616K(63360K)] 1230311K->1184155K(1408896K), 0.0533830 secs]
636263.274: [GC [PSYoungGen: 62696K->7896K(63168K)] 1238235K->1191263K(1408704K), 0.0535605 secs]
636275.942: [GC [PSYoungGen: 61783K->8208K(62976K)] 1245150K->1198855K(1408512K), 0.0452851 secs]
636286.437: [GC [PSYoungGen: 61904K->8160K(62784K)] 1252551K->1206451K(1408320K), 0.0510723 secs]
636298.348: [GC [PSYoungGen: 61664K->8024K(61376K)] 1259955K->1213947K(1406912K), 0.0507316 secs]
636307.755: [GC [PSYoungGen: 61336K->8064K(61504K)] 1267259K->1221487K(1407040K), 0.0527748 secs]
636319.187: [GC [PSYoungGen: 61184K->7912K(62080K)] 1274607K->1228955K(1407616K), 0.0505432 secs]
636331.199: [GC [PSYoungGen: 60826K->7968K(61888K)] 1281870K->1236455K(1407424K), 0.0480842 secs]
636340.560: [GC [PSYoungGen: 60704K->7976K(61632K)] 1289191K->1243935K(1407168K), 0.0472024 secs]
636352.922: [GC [PSYoungGen: 60516K->7888K(61440K)] 1296476K->1251319K(1406976K), 0.0452221 secs]
636364.393: [GC [PSYoungGen: 60239K->7888K(61184K)] 1303671K->1258739K(1406720K), 0.0537239 secs]
636374.676: [GC [PSYoungGen: 60046K->7808K(60992K)] 1310897K->1266011K(1406528K), 0.0512901 secs]
636385.251: [GC [PSYoungGen: 59766K->7896K(59712K)] 1317970K->1273471K(1405248K), 0.0485301 secs]
636396.616: [GC [PSYoungGen: 59672K->7664K(59648K)] 1325247K->1280647K(1405184K), 0.0506751 secs]
636406.922: [GC [PSYoungGen: 59312K->7824K(60416K)] 1332295K->1287983K(1405952K), 0.0457888 secs]
636418.713: [GC [PSYoungGen: 59344K->7664K(60288K)] 1339503K->1295143K(1405824K), 0.0450446 secs]
636427.992: [GC [PSYoungGen: 59056K->7832K(60096K)] 1346535K->1302507K(1405632K), 0.0451915 secs]
636438.686: [GC [PSYoungGen: 59096K->7784K(59904K)] 1353771K->1309859K(1405440K), 0.0808275 secs]
636449.738: [GC [PSYoungGen: 58920K->7432K(60864K)] 1360995K->1316827K(1406400K), 0.2342888 secs]
636459.305: [GC [PSYoungGen: 59528K->7872K(69120K)] 1368923K->1324259K(1414656K), 0.2587189 secs]
636473.598: [GC [PSYoungGen: 68224K->8696K(69056K)] 1384611K->1332855K(1414592K), 0.2694346 secs]
636486.153: [GC [PSYoungGen: 69048K->9032K(82240K)] 1393207K->1341623K(1427776K), 0.3124765 secs]
636499.777: [GC [PSYoungGen: 79496K->10560K(82432K)] 1412087K->1351719K(1427968K), 0.2980908 secs]
636500.076: [Full GC [PSYoungGen: 10560K->0K(82432K)] [PSOldGen: 1341159K->631161K(1312768K)] 1351719K->631161K(1395200K) [PSPermGen: 67471K->67471K(73728K)], 4.0743021 secs]
636515.666: [GC [PSYoungGen: 70848K->10520K(94272K)] 702009K->641681K(1407040K), 0.1766284 secs]
636534.554: [GC [PSYoungGen: 92824K->11952K(94528K)] 723985K->652845K(1407296K), 0.0792458 secs]
636548.679: [GC [PSYoungGen: 94256K->12648K(108544K)] 735149K->664410K(1421312K), 0.2518945 secs]
636569.626: [GC [PSYoungGen: 108200K->13808K(109888K)] 759962K->677302K(1422656K), 0.1216192 secs]
636588.673: [GC [PSYoungGen: 109872K->14136K(129984K)] 773366K->690118K(1442752K), 0.2800433 secs]
636610.825: [GC [PSYoungGen: 124856K->16560K(130240K)] 800838K->704762K(1443008K), 0.1655998 secs]
636635.992: [GC [PSYoungGen: 127280K->16416K(148224K)] 815482K->718710K(1460992K), 0.3278628 secs]
636661.813: [GC [PSYoungGen: 144096K->18768K(146944K)] 846390K->734726K(1459712K), 0.1173301 secs]
636689.315: [GC [PSYoungGen: 146886K->18848K(146944K)] 862844K->750494K(1459712K), 0.0826648 secs]
636715.461: [GC [PSYoungGen: 143000K->18152K(142336K)] 874646K->765574K(1455104K), 0.0677881 secs]
636739.406: [GC [PSYoungGen: 142312K->18272K(146496K)] 889734K->780858K(1459264K), 0.0901491 secs]
636767.396: [GC [PSYoungGen: 140256K->17904K(139008K)] 902842K->795954K(1451776K), 0.0662902 secs]
636789.726: [GC [PSYoungGen: 138992K->17768K(145408K)] 917042K->810894K(1458176K), 0.0678696 secs]
636816.160: [GC [PSYoungGen: 137959K->17648K(136960K)] 931085K->825774K(1449728K), 0.0573558 secs]
636840.366: [GC [PSYoungGen: 136941K->17328K(143552K)] 945067K->840402K(1456320K), 0.0598755 secs]
636866.070: [GC [PSYoungGen: 135728K->17304K(134912K)] 958802K->855102K(1447680K), 0.0606698 secs]
636889.178: [GC [PSYoungGen: 134856K->24560K(137088K)] 972654K->869862K(1449856K), 0.0858513 secs]
636912.632: [GC [PSYoungGen: 137072K->16680K(128448K)] 982374K->881538K(1441216K), 0.0715330 secs]
636959.083: [GC [PSYoungGen: 135728K->15664K(122112K)] 1002666K->902342K(1434880K), 0.0602488 secs]
636979.846: [GC [PSYoungGen: 122095K->29064K(135104K)] 1008773K->915742K(1447872K), 0.0793272 secs]
637000.915: [GC [PSYoungGen: 132616K->28608K(131584K)] 1019294K->921190K(1444352K), 0.0788558 secs]
637023.084: [GC [PSYoungGen: 131519K->27920K(133440K)] 1024101K->926618K(1446208K), 0.0697715 secs]
637045.944: [GC [PSYoungGen: 125194K->27168K(123904K)] 1023892K->932150K(1436672K), 0.0759522 secs]
637063.256: [GC [PSYoungGen: 123872K->26664K(133568K)] 1028854K->938402K(1446336K), 0.0707397 secs]
637083.490: [GC [PSYoungGen: 122280K->26440K(133248K)] 1034018K->944874K(1446016K), 0.0769159 secs]
637105.798: [GC [PSYoungGen: 121480K->26248K(132608K)] 1039914K->951434K(1445376K), 0.0661268 secs]
637123.116: [GC [PSYoungGen: 120711K->26168K(120064K)] 1045898K->958142K(1432832K), 0.0668199 secs]
637142.783: [GC [PSYoungGen: 120056K->25912K(128960K)] 1052030K->964746K(1441728K), 0.0666858 secs]
637161.706: [GC [PSYoungGen: 119288K->25688K(129984K)] 1058122K->971494K(1442752K), 0.0657500 secs]
637180.450: [GC [PSYoungGen: 118551K->25752K(126912K)] 1064358K->978482K(1439680K), 0.0670228 secs]
637200.957: [GC [PSYoungGen: 118104K->25544K(117440K)] 1070834K->985198K(1430208K), 0.0703102 secs]
637219.879: [GC [PSYoungGen: 117384K->25312K(124672K)] 1077038K->991982K(1437440K), 0.0658209 secs]
637238.520: [GC [PSYoungGen: 116640K->25216K(116096K)] 1083310K->999134K(1428864K), 0.0654816 secs]
637258.396: [GC [PSYoungGen: 116032K->25272K(122304K)] 1089950K->1006294K(1435072K), 0.0648235 secs]
637276.027: [GC [PSYoungGen: 115575K->32280K(123200K)] 1096598K->1013302K(1435968K), 0.0843907 secs]
637295.016: [GC [PSYoungGen: 122072K->32064K(124672K)] 1103094K->1014754K(1437440K), 0.0883767 secs]
637315.786: [GC [PSYoungGen: 121343K->31832K(125696K)] 1104033K->1016086K(1438464K), 0.0851872 secs]
637331.023: [GC [PSYoungGen: 120597K->31976K(126272K)] 1104852K->1017726K(1439040K), 0.0952890 secs]
637350.725: [GC [PSYoungGen: 120232K->24584K(112448K)] 1105982K->1019098K(1425216K), 0.0865676 secs]
637369.608: [GC [PSYoungGen: 112390K->12856K(125504K)] 1106905K->1026290K(1438272K), 0.0568020 secs]
637387.444: [GC [PSYoungGen: 100216K->12880K(126272K)] 1113650K->1038014K(1439040K), 0.0562003 secs]
637406.772: [GC [PSYoungGen: 99792K->12568K(126592K)] 1124926K->1049410K(1439360K), 0.0510230 secs]
637421.551: [GC [PSYoungGen: 99031K->12944K(126528K)] 1135874K->1061194K(1439296K), 0.0589969 secs]
637440.807: [GC [PSYoungGen: 98960K->12784K(126016K)] 1147210K->1072707K(1438784K), 0.0501670 secs]
637459.353: [GC [PSYoungGen: 98352K->12752K(97920K)] 1158275K->1084287K(1410688K), 0.0579231 secs]
637476.426: [GC [PSYoungGen: 97872K->23952K(122304K)] 1169407K->1095487K(1435072K), 0.0638368 secs]
637495.773: [GC [PSYoungGen: 108624K->23840K(108096K)] 1180159K->1103195K(1420864K), 0.0651725 secs]
637510.263: [GC [PSYoungGen: 108064K->23712K(120192K)] 1187419K->1110755K(1432960K), 0.0662628 secs]
637529.287: [GC [PSYoungGen: 107488K->23568K(106944K)] 1194531K->1118287K(1419712K), 0.0606375 secs]
637545.586: [GC [PSYoungGen: 106896K->23496K(117824K)] 1201615K->1125995K(1430592K), 0.0679298 secs]
637563.241: [GC [PSYoungGen: 106376K->23312K(105792K)] 1208875K->1133671K(1418560K), 0.0600187 secs]
637580.704: [GC [PSYoungGen: 105739K->23152K(115264K)] 1216099K->1141351K(1428032K), 0.0599163 secs]
637597.555: [GC [PSYoungGen: 105136K->22944K(104576K)] 1223335K->1148967K(1417344K), 0.0589146 secs]
637616.093: [GC [PSYoungGen: 104544K->22768K(112768K)] 1230567K->1156775K(1425536K), 0.0578943 secs]
637630.389: [GC [PSYoungGen: 103983K->22800K(103680K)] 1237990K->1164827K(1416448K), 0.0653031 secs]
637649.099: [GC [PSYoungGen: 103632K->22744K(110336K)] 1245659K->1172707K(1423104K), 0.0708743 secs]
637664.233: [GC [PSYoungGen: 103192K->22688K(102784K)] 1253155K->1180691K(1415552K), 0.0579471 secs]
637681.556: [GC [PSYoungGen: 102752K->22632K(108032K)] 1260755K->1188659K(1420800K), 0.0575460 secs]
637697.509: [GC [PSYoungGen: 102312K->22488K(109056K)] 1268339K->1196563K(1421824K), 0.0673193 secs]
637714.235: [GC [PSYoungGen: 101784K->22256K(105920K)] 1275859K->1204407K(1418688K), 0.0600255 secs]
637731.190: [GC [PSYoungGen: 101168K->22312K(100864K)] 1283319K->1212559K(1413632K), 0.0582226 secs]
637747.438: [GC [PSYoungGen: 100840K->22491K(103872K)] 1291087K->1220922K(1416640K), 0.0580357 secs]
637762.584: [GC [PSYoungGen: 100623K->22299K(105088K)] 1299054K->1229026K(1417856K), 0.0535171 secs]
637779.706: [GC [PSYoungGen: 100059K->21832K(102144K)] 1306786K->1237030K(1414912K), 0.0619442 secs]
637797.169: [GC [PSYoungGen: 99207K->21720K(103488K)] 1314405K->1245358K(1416256K), 0.0540081 secs]
637810.846: [GC [PSYoungGen: 98712K->21832K(100736K)] 1322350K->1253806K(1413504K), 0.0710959 secs]
637828.944: [GC [PSYoungGen: 98439K->21800K(102080K)] 1330414K->1262054K(1414848K), 0.0539356 secs]
637842.379: [GC [PSYoungGen: 98024K->21744K(99328K)] 1338278K->1270390K(1412096K), 0.0654269 secs]
637860.092: [GC [PSYoungGen: 97584K->21480K(100736K)] 1346230K->1278466K(1413504K), 0.0532422 secs]
637874.196: [GC [PSYoungGen: 96936K->21464K(98176K)] 1353922K->1286954K(1410944K), 0.0543781 secs]
637891.089: [GC [PSYoungGen: 96600K->21256K(99712K)] 1362090K->1295154K(1412480K), 0.0537639 secs]
637905.341: [GC [PSYoungGen: 96072K->21312K(99200K)] 1369970K->1303766K(1411968K), 0.0599190 secs]
637922.066: [GC [PSYoungGen: 95808K->21352K(98688K)] 1378262K->1312230K(1411456K), 0.0538260 secs]
637936.284: [GC [PSYoungGen: 95528K->21208K(96192K)] 1386406K->1320694K(1408960K), 0.0603167 secs]
637952.638: [GC [PSYoungGen: 95064K->20880K(97728K)] 1394550K->1328910K(1410496K), 0.0574646 secs]
637952.696: [Full GC [PSYoungGen: 20880K->0K(97728K)] [PSOldGen: 1308030K->709883K(1361920K)] 1328910K->709883K(1459648K) [PSPermGen: 67484K->67484K(71680K)], 4.0656519 secs]
637966.762: [GC [PSYoungGen: 73536K->11024K(97216K)] 783419K->720908K(1459136K), 0.0477862 secs]
637986.847: [GC [PSYoungGen: 84112K->21104K(98432K)] 793996K->730988K(1460352K), 0.0532134 secs]
637997.096: [GC [PSYoungGen: 93872K->20976K(95744K)] 803756K->739808K(1457664K), 0.0509641 secs]
638017.016: [GC [PSYoungGen: 93423K->20896K(97152K)] 812255K->748408K(1459072K), 0.0516864 secs]
638027.205: [GC [PSYoungGen: 93024K->20712K(94400K)] 820536K->757184K(1456320K), 0.0513638 secs]
638047.113: [GC [PSYoungGen: 92520K->20648K(95744K)] 828992K->765704K(1457664K), 0.0481048 secs]
638057.164: [GC [PSYoungGen: 92133K->20568K(93056K)] 837189K->774456K(1454976K), 0.0518443 secs]
638073.483: [GC [PSYoungGen: 91736K->20544K(94464K)] 845624K->782936K(1456384K), 0.0490265 secs]
638086.700: [GC [PSYoungGen: 91392K->20440K(93888K)] 853784K->791560K(1455808K), 0.0485536 secs]
638102.960: [GC [PSYoungGen: 90968K->20200K(90432K)] 862088K->799864K(1452352K), 0.0533102 secs]
638116.127: [GC [PSYoungGen: 90408K->20200K(92864K)] 870072K->808536K(1454784K), 0.0535622 secs]
638132.366: [GC [PSYoungGen: 90088K->20240K(92352K)] 878424K->817000K(1454272K), 0.0496292 secs]
638145.116: [GC [PSYoungGen: 89807K->20128K(89856K)] 886567K->825516K(1451776K), 0.0501804 secs]
638161.076: [GC [PSYoungGen: 89376K->19768K(91456K)] 894764K->833760K(1453376K), 0.0478918 secs]
638173.303: [GC [PSYoungGen: 88693K->19640K(91008K)] 902686K->842184K(1452928K), 0.0544933 secs]
638190.033: [GC [PSYoungGen: 88248K->19672K(90624K)] 910792K->850548K(1452544K), 0.0485446 secs]
638202.377: [GC [PSYoungGen: 87960K->19760K(88192K)] 918836K->859072K(1450112K), 0.0513303 secs]
638218.136: [GC [PSYoungGen: 87728K->19536K(89792K)] 927040K->867276K(1451712K), 0.0492976 secs]
638231.075: [GC [PSYoungGen: 87183K->19376K(89408K)] 934923K->875580K(1451328K), 0.0556657 secs]
638244.456: [GC [PSYoungGen: 86704K->19384K(89088K)] 942908K->883900K(1451008K), 0.0530411 secs]
638259.569: [GC [PSYoungGen: 86456K->19200K(86720K)] 950972K->892064K(1448640K), 0.0507833 secs]
638272.756: [GC [PSYoungGen: 86015K->19136K(88448K)] 958879K->900312K(1450368K), 0.0525701 secs]
638288.729: [GC [PSYoungGen: 85683K->19096K(88128K)] 966859K->908516K(1450048K), 0.0604613 secs]
638300.887: [GC [PSYoungGen: 85400K->18992K(87808K)] 974820K->916704K(1449728K), 0.0530533 secs]
638317.927: [GC [PSYoungGen: 85040K->9712K(87360K)] 982752K->924912K(1449280K), 0.0612677 secs]
638327.196: [GC [PSYoungGen: 75376K->9864K(88640K)] 990576K->934336K(1450560K), 0.0521191 secs]
638342.456: [GC [PSYoungGen: 75271K->9688K(89408K)] 999743K->943600K(1451328K), 0.0521147 secs]
638353.928: [GC [PSYoungGen: 74840K->9528K(89920K)] 1008752K->952588K(1451840K), 0.0501925 secs]
638369.849: [GC [PSYoungGen: 74424K->9728K(90112K)] 1017484K->961740K(1452032K), 0.0498403 secs]
638381.842: [GC [PSYoungGen: 74368K->9688K(90048K)] 1026380K->970840K(1451968K), 0.0466902 secs]
638394.616: [GC [PSYoungGen: 74072K->9664K(89792K)] 1035224K->979944K(1451712K), 0.0530471 secs]
638409.830: [GC [PSYoungGen: 73790K->9512K(73408K)] 1044071K->988932K(1435328K), 0.0482894 secs]
638421.978: [GC [PSYoungGen: 73384K->9648K(88896K)] 1052804K->997952K(1450816K), 0.0504488 secs]
638438.506: [GC [PSYoungGen: 73264K->9376K(72768K)] 1061568K->1006812K(1434688K), 0.0523762 secs]
638447.488: [GC [PSYoungGen: 72736K->9568K(87552K)] 1070172K->1015888K(1449472K), 0.0502763 secs]
638462.351: [GC [PSYoungGen: 72672K->9408K(72320K)] 1078992K->1024760K(1434240K), 0.0476781 secs]
638474.004: [GC [PSYoungGen: 72255K->9448K(83904K)] 1087607K->1033604K(1445824K), 0.0561899 secs]
638488.668: [GC [PSYoungGen: 72040K->9344K(85120K)] 1096196K->1042388K(1447040K), 0.0493588 secs]
638500.868: [GC [PSYoungGen: 71680K->9304K(82240K)] 1104724K->1051184K(1444160K), 0.0516700 secs]
638513.126: [GC [PSYoungGen: 71384K->9352K(71232K)] 1113264K->1059988K(1433152K), 0.0549271 secs]
638529.081: [GC [PSYoungGen: 71175K->9160K(80512K)] 1121812K->1068592K(1442432K), 0.0489378 secs]
638538.035: [GC [PSYoungGen: 70724K->9192K(81728K)] 1130157K->1077252K(1443648K), 0.0539985 secs]
638552.561: [GC [PSYoungGen: 70501K->9072K(78848K)] 1138561K->1085748K(1440768K), 0.0493096 secs]
638563.938: [GC [PSYoungGen: 70128K->9192K(70016K)] 1146804K->1094420K(1431936K), 0.0524269 secs]
638577.057: [GC [PSYoungGen: 69992K->9048K(79232K)] 1155220K->1102924K(1441152K), 0.0509840 secs]
638590.586: [GC [PSYoungGen: 69592K->8960K(69312K)] 1163468K->1111396K(1431232K), 0.0541406 secs]
638602.060: [GC [PSYoungGen: 69242K->9088K(75648K)] 1171679K->1120012K(1437568K), 0.0496310 secs]
638618.497: [GC [PSYoungGen: 69120K->8888K(76864K)] 1180044K->1128324K(1438784K), 0.0510667 secs]
638626.294: [GC [PSYoungGen: 68651K->8960K(74176K)] 1188087K->1136812K(1436096K), 0.0557280 secs]
638640.783: [GC [PSYoungGen: 68544K->8904K(75584K)] 1196396K->1145228K(1437504K), 0.0454397 secs]
638652.227: [GC [PSYoungGen: 68296K->8952K(72896K)] 1204620K->1153664K(1434816K), 0.0534358 secs]
638663.833: [GC [PSYoungGen: 68152K->8832K(74304K)] 1212864K->1161932K(1436224K), 0.0451965 secs]
638679.325: [GC [PSYoungGen: 67839K->8792K(71680K)] 1220940K->1170244K(1433600K), 0.0546888 secs]
638687.802: [GC [PSYoungGen: 67608K->8872K(73152K)] 1229060K->1178572K(1435072K), 0.0455850 secs]
638702.002: [GC [PSYoungGen: 67496K->8760K(72576K)] 1237196K->1186788K(1434496K), 0.0465746 secs]
638713.134: [GC [PSYoungGen: 67191K->8680K(66944K)] 1245220K->1194968K(1428864K), 0.0558951 secs]
638724.514: [GC [PSYoungGen: 66920K->8880K(71552K)] 1253208K->1203336K(1433472K), 0.0641575 secs]
638739.691: [GC [PSYoungGen: 66928K->8472K(66368K)] 1261384K->1211180K(1428288K), 0.0482281 secs]
638748.076: [GC [PSYoungGen: 66328K->8776K(70592K)] 1269036K->1219460K(1432512K), 0.0523552 secs]
638762.159: [GC [PSYoungGen: 66437K->8576K(70144K)] 1277122K->1227532K(1432064K), 0.0493795 secs]
638773.286: [GC [PSYoungGen: 66048K->8712K(67648K)] 1285004K->1235765K(1429568K), 0.0541987 secs]
638784.396: [GC [PSYoungGen: 65992K->8608K(69248K)] 1293045K->1243853K(1431168K), 0.0515994 secs]
638799.773: [GC [PSYoungGen: 65696K->8472K(68800K)] 1300941K->1251821K(1430720K), 0.0547318 secs]
638807.796: [GC [PSYoungGen: 65368K->8624K(65344K)] 1308717K->1260005K(1427264K), 0.0540884 secs]
638821.717: [GC [PSYoungGen: 65325K->8528K(68032K)] 1316706K->1268129K(1429952K), 0.0509601 secs]
638832.937: [GC [PSYoungGen: 65039K->8456K(67648K)] 1324640K->1276045K(1429568K), 0.0505610 secs]
638843.577: [GC [PSYoungGen: 64776K->8488K(67328K)] 1332365K->1284029K(1429248K), 0.0506602 secs]
638859.186: [GC [PSYoungGen: 64616K->8400K(64384K)] 1340157K->1291873K(1426304K), 0.0537528 secs]
638866.826: [GC [PSYoungGen: 64336K->8472K(66624K)] 1347809K->1299885K(1428544K), 0.0515805 secs]
638879.739: [GC [PSYoungGen: 64216K->8464K(66240K)] 1355629K->1307821K(1428160K), 0.0487040 secs]
638891.938: [GC [PSYoungGen: 64016K->8256K(65920K)] 1363373K->1315545K(1427840K), 0.0493873 secs]
638901.476: [GC [PSYoungGen: 63616K->8344K(65600K)] 1370905K->1323457K(1427520K), 0.0939396 secs]
638914.347: [GC [PSYoungGen: 63509K->8256K(67584K)] 1378622K->1331245K(1429504K), 0.3194613 secs]
638924.852: [GC [PSYoungGen: 65472K->8384K(67456K)] 1388461K->1339133K(1429376K), 0.2400686 secs]
638936.398: [GC [PSYoungGen: 65600K->8624K(76864K)] 1396349K->1347285K(1438784K), 0.2978125 secs]
638952.236: [GC [PSYoungGen: 75375K->9896K(77952K)] 1414037K->1356705K(1439872K), 0.2746675 secs]
638964.467: [GC [PSYoungGen: 77864K->10288K(86144K)] 1424673K->1366489K(1448064K), 0.3315286 secs]
638964.799: [Full GC [PSYoungGen: 10288K->0K(86144K)] [PSOldGen: 1356201K->620847K(1294336K)] 1366489K->620847K(1380480K) [PSPermGen: 67494K->67453K(71680K)], 4.0791904 secs]
638982.308: [GC [PSYoungGen: 75839K->11344K(90048K)] 696687K->632192K(1384384K), 0.0540334 secs]
638999.180: [GC [PSYoungGen: 87184K->11136K(102464K)] 708032K->642492K(1396800K), 0.2536331 secs]
639014.866: [GC [PSYoungGen: 99264K->13392K(104448K)] 730620K->654812K(1398784K), 0.0853992 secs]
639034.887: [GC [PSYoungGen: 103503K->13432K(117312K)] 744923K->666884K(1411648K), 0.2666374 secs]
639054.466: [GC [PSYoungGen: 115572K->15168K(117952K)] 769025K->680340K(1412288K), 0.0897014 secs]
639075.996: [GC [PSYoungGen: 117312K->15064K(133760K)] 782484K->693472K(1428096K), 0.3032396 secs]
639102.448: [GC [PSYoungGen: 131863K->17240K(134592K)] 810272K->708492K(1428928K), 0.0949132 secs]
639125.484: [GC [PSYoungGen: 134040K->17136K(150464K)] 825292K->723020K(1444800K), 0.3480184 secs]
639152.956: [GC [PSYoungGen: 148336K->19480K(150720K)] 854220K->739540K(1445056K), 0.0777194 secs]
639181.335: [GC [PSYoungGen: 150680K->19280K(146240K)] 870740K->755448K(1440576K), 0.1093728 secs]
639205.510: [GC [PSYoungGen: 144208K->18320K(142336K)] 880376K->770668K(1436672K), 0.0652231 secs]
639230.009: [GC [PSYoungGen: 142288K->18152K(146944K)] 894636K->785912K(1441280K), 0.0599279 secs]
639256.396: [GC [PSYoungGen: 140903K->18160K(140032K)] 908663K->801232K(1434368K), 0.0578981 secs]
639283.661: [GC [PSYoungGen: 140016K->17784K(145856K)] 923088K->816125K(1440192K), 0.0623722 secs]
639310.086: [GC [PSYoungGen: 138743K->17528K(137600K)] 937084K->830945K(1431936K), 0.0571664 secs]
639333.236: [GC [PSYoungGen: 137591K->17656K(143936K)] 951008K->845941K(1438272K), 0.0582138 secs]
639359.974: [GC [PSYoungGen: 136824K->17312K(135616K)] 965109K->860509K(1429952K), 0.0713461 secs]
639380.521: [GC [PSYoungGen: 135584K->24312K(137344K)] 978781K->875349K(1431680K), 0.0923261 secs]
639405.344: [GC [PSYoungGen: 137333K->16600K(128896K)] 988370K->887429K(1423232K), 0.0600208 secs]
639431.196: [GC [PSYoungGen: 128856K->28464K(136000K)] 999685K->901469K(1430336K), 0.0991196 secs]
639452.565: [GC [PSYoungGen: 135984K->15736K(122560K)] 1008989K->908525K(1416896K), 0.0606748 secs]
639471.706: [GC [PSYoungGen: 122549K->29216K(135232K)] 1015337K->922005K(1429568K), 0.0801229 secs]
639495.342: [GC [PSYoungGen: 133024K->28392K(131584K)] 1025813K->927049K(1425920K), 0.0807193 secs]
639516.770: [GC [PSYoungGen: 131560K->27912K(133696K)] 1030217K->932865K(1428032K), 0.0706737 secs]
639535.416: [GC [PSYoungGen: 125704K->27448K(124672K)] 1030657K->938505K(1419008K), 0.0757649 secs]
639556.626: [GC [PSYoungGen: 124664K->26792K(133632K)] 1035721K->944445K(1427968K), 0.0658159 secs]
639577.396: [GC [PSYoungGen: 122536K->26360K(133312K)] 1040189K->950605K(1427648K), 0.0660016 secs]
639595.385: [GC [PSYoungGen: 121524K->26256K(132608K)] 1045769K->957309K(1426944K), 0.0671252 secs]
639616.317: [GC [PSYoungGen: 120848K->26128K(120192K)] 1051901K->963945K(1414528K), 0.0668681 secs]
639636.457: [GC [PSYoungGen: 120142K->26024K(128896K)] 1057959K->970605K(1423232K), 0.0706949 secs]
639654.280: [GC [PSYoungGen: 119464K->25976K(129920K)] 1064045K->977409K(1424256K), 0.0647911 secs]
639675.686: [GC [PSYoungGen: 118840K->25488K(126912K)] 1070273K->983953K(1421248K), 0.0649566 secs]
639694.306: [GC [PSYoungGen: 117840K->25416K(117312K)] 1076305K->991009K(1411648K), 0.0667272 secs]
639711.645: [GC [PSYoungGen: 117256K->25432K(124544K)] 1082849K->998033K(1418880K), 0.0720100 secs]
639734.240: [GC [PSYoungGen: 116748K->25184K(116032K)] 1089349K->1004853K(1410368K), 0.0641061 secs]
639752.857: [GC [PSYoungGen: 116000K->25128K(122176K)] 1095669K->1011953K(1416512K), 0.0641225 secs]
639768.638: [GC [PSYoungGen: 115431K->25072K(114880K)] 1102256K->1019001K(1409216K), 0.0635186 secs]
639789.825: [GC [PSYoungGen: 114864K->24960K(119808K)] 1108793K->1026053K(1414144K), 0.0702853 secs]
639805.402: [GC [PSYoungGen: 114240K->24888K(113664K)] 1115333K->1033237K(1408000K), 0.0725356 secs]
639826.264: [GC [PSYoungGen: 113656K->24848K(119616K)] 1122005K->1040505K(1413952K), 0.0678392 secs]
639844.373: [GC [PSYoungGen: 113101K->24536K(112320K)] 1128758K->1047533K(1406656K), 0.0632826 secs]
639860.991: [GC [PSYoungGen: 112278K->24536K(115328K)] 1135275K->1054873K(1409664K), 0.0746217 secs]
639881.816: [GC [PSYoungGen: 111766K->24200K(111040K)] 1142103K->1062017K(1405376K), 0.0626142 secs]
639896.412: [GC [PSYoungGen: 110984K->24128K(115520K)] 1148801K->1069509K(1409856K), 0.0606687 secs]
639916.605: [GC [PSYoungGen: 110464K->24136K(110080K)] 1155845K->1077045K(1404416K), 0.0638907 secs]
639934.495: [GC [PSYoungGen: 110024K->24048K(113856K)] 1162933K->1084485K(1408192K), 0.0606485 secs]
639950.814: [GC [PSYoungGen: 109488K->23816K(108864K)] 1169925K->1091869K(1403200K), 0.0627097 secs]
639971.037: [GC [PSYoungGen: 108808K->23752K(112384K)] 1176861K->1099421K(1406720K), 0.0768302 secs]
639985.420: [GC [PSYoungGen: 108296K->23720K(107840K)] 1183965K->1107029K(1402176K), 0.0702315 secs]
640005.782: [GC [PSYoungGen: 107814K->23568K(111040K)] 1191124K->1114569K(1405376K), 0.0619589 secs]
640023.610: [GC [PSYoungGen: 107216K->23432K(106688K)] 1198217K->1122237K(1401024K), 0.0602593 secs]
640039.006: [GC [PSYoungGen: 106631K->23408K(109760K)] 1205437K->1129973K(1404096K), 0.0568543 secs]
640056.313: [GC [PSYoungGen: 106160K->23368K(109184K)] 1212725K->1137761K(1403520K), 0.0568341 secs]
640072.079: [GC [PSYoungGen: 105671K->23024K(106496K)] 1220064K->1145409K(1400832K), 0.0596170 secs]
640092.099: [GC [PSYoungGen: 104873K->23008K(108032K)] 1227259K->1153325K(1402368K), 0.0576853 secs]
640105.754: [GC [PSYoungGen: 104415K->22864K(107520K)] 1234733K->1161093K(1401856K), 0.0560695 secs]
640125.676: [GC [PSYoungGen: 103886K->22768K(103424K)] 1242116K->1168973K(1397760K), 0.0576933 secs]
640143.236: [GC [PSYoungGen: 103408K->22680K(106496K)] 1249613K->1176881K(1400832K), 0.0694878 secs]
640157.925: [GC [PSYoungGen: 102936K->22680K(106048K)] 1257137K->1184869K(1400384K), 0.0563288 secs]
640175.216: [GC [PSYoungGen: 102552K->22520K(105536K)] 1264741K->1192729K(1399872K), 0.0601088 secs]
640190.359: [GC [PSYoungGen: 102008K->22280K(101440K)] 1272217K->1200657K(1395776K), 0.0568286 secs]
640207.646: [GC [PSYoungGen: 101384K->22344K(104576K)] 1279761K->1208769K(1398912K), 0.0568356 secs]
640222.579: [GC [PSYoungGen: 101064K->22320K(104064K)] 1287489K->1216845K(1398400K), 0.0552390 secs]
640241.922: [GC [PSYoungGen: 100655K->22208K(101504K)] 1295181K->1224849K(1395840K), 0.0626574 secs]
640255.046: [GC [PSYoungGen: 100159K->21984K(103104K)] 1302801K->1232853K(1397440K), 0.0556456 secs]
640274.311: [GC [PSYoungGen: 99552K->21768K(102592K)] 1310421K->1241025K(1396928K), 0.0548358 secs]
640286.641: [GC [PSYoungGen: 98952K->21816K(102144K)] 1318209K->1249413K(1396480K), 0.0551521 secs]
640306.290: [GC [PSYoungGen: 98606K->21856K(99648K)] 1326204K->1257633K(1393984K), 0.0558821 secs]
640321.299: [GC [PSYoungGen: 98272K->21664K(101184K)] 1334049K->1265797K(1395520K), 0.0537082 secs]
640337.600: [GC [PSYoungGen: 97696K->21488K(100736K)] 1341829K->1274001K(1395072K), 0.0524735 secs]
640354.220: [GC [PSYoungGen: 97128K->21720K(97024K)] 1349642K->1282605K(1391360K), 0.0546916 secs]
640368.418: [GC [PSYoungGen: 96984K->21536K(99776K)] 1357869K->1290821K(1394112K), 0.0544271 secs]
640385.220: [GC [PSYoungGen: 96480K->21272K(99328K)] 1365765K->1299122K(1393664K), 0.0618073 secs]
640399.405: [GC [PSYoungGen: 95896K->21416K(98944K)] 1373746K->1307790K(1393280K), 0.0550902 secs]
640399.461: [Full GC [PSYoungGen: 21416K->0K(98944K)] [PSOldGen: 1286373K->691687K(1335296K)] 1307790K->691687K(1434240K) [PSPermGen: 67463K->67463K(71680K)], 4.0395840 secs]
640415.601: [GC [PSYoungGen: 74304K->11048K(98432K)] 765991K->702735K(1433728K), 0.0490934 secs]
640433.727: [GC [PSYoungGen: 84968K->21400K(99712K)] 776655K->713087K(1435008K), 0.0544805 secs]
640445.811: [GC [PSYoungGen: 94936K->20984K(94208K)] 786623K->721451K(1429504K), 0.0516296 secs]
640463.895: [GC [PSYoungGen: 94200K->20760K(96192K)] 794667K->730031K(1431488K), 0.0512141 secs]
640476.165: [GC [PSYoungGen: 93656K->20896K(97536K)] 802927K->738823K(1432832K), 0.0503324 secs]
640494.077: [GC [PSYoungGen: 93472K->20816K(94784K)] 811399K->747419K(1430080K), 0.0516256 secs]
640506.284: [GC [PSYoungGen: 93072K->20752K(96192K)] 819675K->756119K(1431488K), 0.0560619 secs]
640524.239: [GC [PSYoungGen: 92688K->20472K(95552K)] 828055K->764579K(1430848K), 0.0486915 secs]
640536.152: [GC [PSYoungGen: 92088K->20608K(91968K)] 836195K->773507K(1427264K), 0.0513313 secs]
640554.236: [GC [PSYoungGen: 91900K->20560K(94464K)] 844800K->781943K(1429760K), 0.0491096 secs]
640566.255: [GC [PSYoungGen: 91536K->20088K(93952K)] 852919K->790271K(1429248K), 0.0485041 secs]
640583.951: [GC [PSYoungGen: 90744K->20296K(91456K)] 860927K->799107K(1426752K), 0.0600549 secs]
640596.211: [GC [PSYoungGen: 90623K->20360K(93056K)] 869435K->807571K(1428352K), 0.0504214 secs]
640609.520: [GC [PSYoungGen: 90376K->20056K(92544K)] 877587K->816019K(1427840K), 0.0489680 secs]
640622.626: [GC [PSYoungGen: 89751K->18912K(92096K)] 885715K->823503K(1427392K), 0.0471053 secs]
640635.616: [GC [PSYoungGen: 88288K->17368K(91904K)] 892879K->830937K(1427200K), 0.0529653 secs]
640646.793: [GC [PSYoungGen: 86424K->17896K(86656K)] 899993K->839254K(1421952K), 0.0559138 secs]
640662.986: [GC [PSYoungGen: 86617K->10232K(91648K)] 907975K->848044K(1426944K), 0.0501578 secs]
640676.030: [GC [PSYoungGen: 78648K->10136K(92608K)] 916460K->857640K(1427904K), 0.0489684 secs]
640690.117: [GC [PSYoungGen: 78232K->10224K(93248K)] 925736K->867272K(1428544K), 0.0523992 secs]
640705.659: [GC [PSYoungGen: 78000K->10000K(77504K)] 935048K->876744K(1412800K), 0.0499615 secs]
640718.787: [GC [PSYoungGen: 77456K->10248K(93568K)] 944200K->886452K(1428864K), 0.0514579 secs]
640735.172: [GC [PSYoungGen: 77383K->9992K(93312K)] 953588K->895756K(1428608K), 0.0566482 secs]
640747.109: [GC [PSYoungGen: 76805K->10128K(92992K)] 962570K->905337K(1428288K), 0.0491892 secs]
640762.425: [GC [PSYoungGen: 76672K->9960K(76288K)] 971882K->914681K(1411584K), 0.0550055 secs]
640775.570: [GC [PSYoungGen: 76264K->10016K(91968K)] 980985K->924113K(1427264K), 0.0485445 secs]
640788.789: [GC [PSYoungGen: 76062K->9784K(75584K)] 990159K->933341K(1410880K), 0.0498415 secs]
640800.168: [GC [PSYoungGen: 75568K->9928K(88512K)] 999125K->942717K(1423808K), 0.0524566 secs]
640817.050: [GC [PSYoungGen: 75463K->9600K(89792K)] 1008252K->951717K(1425088K), 0.0483242 secs]
640827.692: [GC [PSYoungGen: 74880K->9760K(86912K)] 1016997K->960929K(1422208K), 0.0488092 secs]
640843.396: [GC [PSYoungGen: 74784K->9656K(74432K)] 1025953K->970005K(1409728K), 0.0546341 secs]
640856.486: [GC [PSYoungGen: 74424K->9776K(87232K)] 1034773K->979229K(1422528K), 0.0524454 secs]
640869.399: [GC [PSYoungGen: 74288K->9728K(74048K)] 1043741K->988385K(1409344K), 0.0514825 secs]
640885.416: [GC [PSYoungGen: 73984K->9488K(83456K)] 1052641K->997313K(1418752K), 0.0542742 secs]
640896.907: [GC [PSYoungGen: 73487K->9544K(73344K)] 1061312K->1006309K(1408640K), 0.0529328 secs]
640910.043: [GC [PSYoungGen: 73287K->9544K(83776K)] 1070053K->1015325K(1419072K), 0.0558996 secs]
640921.236: [GC [PSYoungGen: 73032K->9600K(72896K)] 1078813K->1024389K(1408192K), 0.0540863 secs]
640937.879: [GC [PSYoungGen: 72822K->9488K(80000K)] 1087611K->1033277K(1415296K), 0.0516502 secs]
640948.227: [GC [PSYoungGen: 72464K->9216K(81280K)] 1096253K->1041957K(1416576K), 0.0513957 secs]
640962.498: [GC [PSYoungGen: 71929K->9592K(78464K)] 1104671K->1051029K(1413760K), 0.0522017 secs]
640976.749: [GC [PSYoungGen: 72056K->9200K(71424K)] 1113493K->1059677K(1406720K), 0.0511073 secs]
640988.386: [GC [PSYoungGen: 71408K->9304K(78976K)] 1121885K->1068445K(1414272K), 0.0529756 secs]
641002.668: [GC [PSYoungGen: 71256K->9312K(71040K)] 1130397K->1077225K(1406336K), 0.0523355 secs]
641013.186: [GC [PSYoungGen: 71008K->9112K(77568K)] 1138921K->1085793K(1412864K), 0.0526558 secs]
641028.434: [GC [PSYoungGen: 70552K->9264K(70464K)] 1147233K->1094545K(1405760K), 0.0561926 secs]
641038.574: [GC [PSYoungGen: 70448K->9032K(76224K)] 1155729K->1103049K(1411520K), 0.0542699 secs]
641052.411: [GC [PSYoungGen: 69960K->9096K(69824K)] 1163977K->1111645K(1405120K), 0.0492326 secs]
641066.802: [GC [PSYoungGen: 69768K->8944K(75008K)] 1172317K->1120085K(1410304K), 0.0460407 secs]
641077.813: [GC [PSYoungGen: 69360K->9112K(69312K)] 1180501K->1128665K(1404608K), 0.0569442 secs]
641090.756: [GC [PSYoungGen: 69272K->8968K(73856K)] 1188825K->1137137K(1409152K), 0.0524139 secs]
641100.794: [GC [PSYoungGen: 68872K->9024K(73280K)] 1197041K->1145629K(1408576K), 0.0539064 secs]
641116.306: [GC [PSYoungGen: 68672K->8944K(70656K)] 1205277K->1154045K(1405952K), 0.0540200 secs]
641128.226: [GC [PSYoungGen: 68335K->8728K(72256K)] 1213436K->1162265K(1407552K), 0.0517320 secs]
641139.714: [GC [PSYoungGen: 67928K->8864K(71872K)] 1221465K->1170629K(1407168K), 0.0543326 secs]
641153.697: [GC [PSYoungGen: 67872K->8936K(67776K)] 1229637K->1179097K(1403072K), 0.0531101 secs]
641163.631: [GC [PSYoungGen: 67752K->8808K(70976K)] 1237913K->1187357K(1406272K), 0.0476225 secs]
641177.978: [GC [PSYoungGen: 67432K->8752K(70592K)] 1245981K->1195601K(1405888K), 0.0498809 secs]
641188.988: [GC [PSYoungGen: 67183K->8624K(68096K)] 1254032K->1203717K(1403392K), 0.0519159 secs]
641200.798: [GC [PSYoungGen: 66864K->8544K(69824K)] 1261957K->1211793K(1405120K), 0.0492999 secs]
641215.198: [GC [PSYoungGen: 66592K->8720K(69440K)] 1269841K->1219981K(1404736K), 0.0500902 secs]
641224.601: [GC [PSYoungGen: 66576K->8712K(69120K)] 1277837K->1228145K(1404416K), 0.0565019 secs]
641238.964: [GC [PSYoungGen: 66376K->8592K(66688K)] 1285809K->1236225K(1401984K), 0.0556827 secs]
641249.656: [GC [PSYoungGen: 66064K->8464K(68416K)] 1293697K->1244221K(1403712K), 0.0517701 secs]
641261.976: [GC [PSYoungGen: 65744K->8760K(68096K)] 1301501K->1252501K(1403392K), 0.0516058 secs]
641275.858: [GC [PSYoungGen: 65847K->8496K(67712K)] 1309589K->1260465K(1403008K), 0.0493175 secs]
641285.134: [GC [PSYoungGen: 65392K->8600K(65344K)] 1317361K->1268529K(1400640K), 0.0552876 secs]
641299.047: [GC [PSYoungGen: 65302K->8544K(67072K)] 1325231K->1276549K(1402368K), 0.0512105 secs]
641309.815: [GC [PSYoungGen: 65056K->8504K(66752K)] 1333061K->1284517K(1402048K), 0.0526878 secs]
641321.465: [GC [PSYoungGen: 64824K->8408K(66496K)] 1340837K->1292433K(1401792K), 0.0523046 secs]
641333.709: [GC [PSYoungGen: 64535K->8424K(66176K)] 1348561K->1300381K(1401472K), 0.0493046 secs]
641343.600: [GC [PSYoungGen: 64360K->8336K(67584K)] 1356317K->1308209K(1402880K), 0.1818524 secs]
641357.882: [GC [PSYoungGen: 65744K->8656K(74048K)] 1365617K->1316433K(1409344K), 0.2699421 secs]
641370.336: [GC [PSYoungGen: 72656K->9576K(73920K)] 1380433K->1325549K(1409216K), 0.2619319 secs]
641383.770: [GC [PSYoungGen: 73576K->9544K(84800K)] 1389549K->1334570K(1420096K), 0.3598037 secs]
641399.707: [GC [PSYoungGen: 84168K->10296K(85952K)] 1409194K->1344858K(1421248K), 0.3007536 secs]
641400.008: [Full GC [PSYoungGen: 10296K->0K(85952K)] [PSOldGen: 1334561K->634940K(1300480K)] 1344858K->634940K(1386432K) [PSPermGen: 67473K->67473K(71680K)], 4.0047274 secs]
641415.137: [GC [PSYoungGen: 75645K->11432K(102400K)] 710586K->646373K(1402880K), 0.2240207 secs]
641435.057: [GC [PSYoungGen: 99624K->12616K(102528K)] 734565K->657773K(1403008K), 0.1192888 secs]
641452.737: [GC [PSYoungGen: 100808K->13576K(117184K)] 745965K->670001K(1417664K), 0.2689780 secs]
641474.388: [GC [PSYoungGen: 115910K->15216K(118272K)] 772335K->683509K(1418752K), 0.1043511 secs]
641496.143: [GC [PSYoungGen: 117872K->14880K(135488K)] 786165K->696341K(1435968K), 0.2968674 secs]
641524.658: [GC [PSYoungGen: 133534K->17648K(136768K)] 814995K->711785K(1437248K), 0.1325683 secs]
641542.422: [GC [PSYoungGen: 136752K->15336K(148352K)] 830889K->724742K(1448832K), 0.2442535 secs]
641567.227: [GC [PSYoungGen: 139687K->17600K(142016K)] 849094K->739928K(1442496K), 0.0583740 secs]
641593.436: [GC [PSYoungGen: 141951K->18080K(146880K)] 864279K->755164K(1447360K), 0.0827656 secs]
641618.666: [GC [PSYoungGen: 140832K->17976K(139776K)] 877916K->770212K(1440256K), 0.0573226 secs]
641646.930: [GC [PSYoungGen: 139768K->17488K(145856K)] 892004K->784872K(1446336K), 0.0578833 secs]
641671.021: [GC [PSYoungGen: 138378K->18128K(138176K)] 905763K->800228K(1438656K), 0.0577004 secs]
641696.286: [GC [PSYoungGen: 138127K->17632K(142144K)] 920227K->814984K(1442624K), 0.0621715 secs]
641721.300: [GC [PSYoungGen: 136736K->17464K(135680K)] 934088K->829692K(1436160K), 0.0575737 secs]
641746.431: [GC [PSYoungGen: 135672K->17528K(142080K)] 947900K->844516K(1442560K), 0.0567543 secs]
641770.461: [GC [PSYoungGen: 134840K->24496K(140992K)] 961828K->858872K(1441472K), 0.0824583 secs]
641797.637: [GC [PSYoungGen: 140975K->17024K(143616K)] 975352K->870936K(1444096K), 0.0619778 secs]
641820.915: [GC [PSYoungGen: 131776K->28400K(142336K)] 985688K->885236K(1442816K), 0.0876601 secs]
641844.286: [GC [PSYoungGen: 142320K->16632K(137920K)] 999156K->892884K(1438400K), 0.0602661 secs]
641867.584: [GC [PSYoungGen: 125678K->30216K(138560K)] 1001931K->906468K(1439040K), 0.0845564 secs]
641891.064: [GC [PSYoungGen: 138504K->32688K(127296K)] 1014756K->911512K(1427776K), 0.1232441 secs]
641911.366: [GC [PSYoungGen: 127279K->27376K(121408K)] 1006104K->913956K(1421888K), 0.0755399 secs]
641931.016: [GC [PSYoungGen: 121392K->25888K(132672K)] 1007972K->919212K(1433152K), 0.0648838 secs]
641951.064: [GC [PSYoungGen: 119327K->25816K(131840K)] 1012652K->925820K(1432320K), 0.0724134 secs]
641969.871: [GC [PSYoungGen: 118680K->25624K(128832K)] 1018684K->932456K(1429312K), 0.0660890 secs]
641989.659: [GC [PSYoungGen: 117912K->25376K(117184K)] 1024744K->939188K(1417664K), 0.0643971 secs]
642009.650: [GC [PSYoungGen: 117152K->25392K(126720K)] 1030964K->946184K(1427200K), 0.0711715 secs]
642028.246: [GC [PSYoungGen: 116656K->25352K(116160K)] 1037448K->953044K(1416640K), 0.0722340 secs]
642047.706: [GC [PSYoungGen: 116101K->24968K(124416K)] 1043794K->959640K(1424896K), 0.0653504 secs]
642067.530: [GC [PSYoungGen: 115208K->25008K(114752K)] 1049880K->966725K(1415232K), 0.0745240 secs]
642084.292: [GC [PSYoungGen: 114725K->25104K(121920K)] 1056442K->973793K(1422400K), 0.0631394 secs]
642104.896: [GC [PSYoungGen: 114319K->24880K(113600K)] 1063008K->980761K(1414080K), 0.0636851 secs]
642123.377: [GC [PSYoungGen: 113576K->24392K(119616K)] 1069457K->987681K(1420096K), 0.0642896 secs]
642141.535: [GC [PSYoungGen: 112577K->24520K(112256K)] 1075866K->995025K(1412736K), 0.0650119 secs]
642160.263: [GC [PSYoungGen: 112199K->24248K(117056K)] 1082704K->1001893K(1417536K), 0.0613706 secs]
642177.416: [GC [PSYoungGen: 111415K->23984K(117824K)] 1089060K->1009045K(1418304K), 0.0592731 secs]
642197.440: [GC [PSYoungGen: 110640K->23928K(114688K)] 1095701K->1016297K(1415168K), 0.0620875 secs]
642216.710: [GC [PSYoungGen: 110136K->24136K(109952K)] 1102505K->1023741K(1410432K), 0.0618857 secs]
642233.440: [GC [PSYoungGen: 109896K->29360K(113920K)] 1109501K->1030993K(1414400K), 0.0791171 secs]
642252.039: [GC [PSYoungGen: 113903K->23568K(115584K)] 1115536K->1034513K(1416064K), 0.0625171 secs]
642269.174: [GC [PSYoungGen: 107664K->23616K(112640K)] 1118609K->1042061K(1413120K), 0.0566898 secs]
642288.586: [GC [PSYoungGen: 107264K->23432K(113856K)] 1125709K->1049605K(1414336K), 0.0589541 secs]
642304.712: [GC [PSYoungGen: 106617K->23192K(110912K)] 1132790K->1057285K(1411392K), 0.0591517 secs]
642322.836: [GC [PSYoungGen: 105943K->23328K(105664K)] 1140037K->1064881K(1406144K), 0.0608386 secs]
642338.427: [GC [PSYoungGen: 105632K->22032K(111360K)] 1147185K->1071249K(1411840K), 0.0550600 secs]
642353.006: [GC [PSYoungGen: 103888K->20792K(110784K)] 1153105K->1078657K(1411264K), 0.0521383 secs]
642369.256: [GC [PSYoungGen: 102199K->21376K(110336K)] 1160064K->1088030K(1410816K), 0.0526598 secs]
642385.256: [GC [PSYoungGen: 102336K->22360K(102976K)] 1168990K->1097009K(1403456K), 0.0567754 secs]
642402.439: [GC [PSYoungGen: 102935K->21752K(109056K)] 1177585K->1104118K(1409536K), 0.0517711 secs]
642415.687: [GC [PSYoungGen: 101944K->20296K(100160K)] 1184310K->1111282K(1400640K), 0.0537346 secs]
642433.322: [GC [PSYoungGen: 100104K->20744K(107968K)] 1191090K->1120508K(1408448K), 0.0512569 secs]
642448.640: [GC [PSYoungGen: 100167K->22008K(101056K)] 1199931K->1129813K(1401536K), 0.0668238 secs]
642467.799: [GC [PSYoungGen: 101044K->22120K(106560K)] 1208849K->1137734K(1407040K), 0.0569014 secs]
642483.679: [GC [PSYoungGen: 100776K->22088K(100416K)] 1216390K->1145538K(1400896K), 0.0571157 secs]
642501.445: [GC [PSYoungGen: 100360K->22136K(104960K)] 1223810K->1153202K(1405440K), 0.0556600 secs]
642517.539: [GC [PSYoungGen: 100024K->22000K(99520K)] 1231090K->1161006K(1400000K), 0.0572646 secs]
642534.601: [GC [PSYoungGen: 99504K->21632K(103488K)] 1238510K->1168630K(1403968K), 0.0582494 secs]
642550.417: [GC [PSYoungGen: 98752K->21704K(98496K)] 1245750K->1176738K(1398976K), 0.0549125 secs]
642566.740: [GC [PSYoungGen: 98439K->21656K(102208K)] 1253473K->1184626K(1402688K), 0.0547893 secs]
642583.544: [GC [PSYoungGen: 97999K->21576K(97600K)] 1260970K->1192538K(1398080K), 0.0568395 secs]
642598.828: [GC [PSYoungGen: 97544K->21472K(100928K)] 1268506K->1200442K(1401408K), 0.0524252 secs]
642615.923: [GC [PSYoungGen: 97054K->21488K(100352K)] 1276025K->1208574K(1400832K), 0.0592595 secs]
642631.106: [GC [PSYoungGen: 96688K->21488K(97728K)] 1283774K->1216666K(1398208K), 0.0543107 secs]
642648.472: [GC [PSYoungGen: 96298K->21248K(99264K)] 1291477K->1224670K(1399744K), 0.0515936 secs]
642663.790: [GC [PSYoungGen: 95744K->21256K(98816K)] 1299166K->1232886K(1399296K), 0.0621928 secs]
642680.287: [GC [PSYoungGen: 95432K->21016K(94912K)] 1307062K->1240826K(1395392K), 0.0539537 secs]
642695.648: [GC [PSYoungGen: 94872K->20968K(97856K)] 1314682K->1248942K(1398336K), 0.0520588 secs]
642711.675: [GC [PSYoungGen: 94504K->21088K(97472K)] 1322478K->1257334K(1397952K), 0.0561801 secs]
642726.328: [GC [PSYoungGen: 94304K->20864K(94912K)] 1330550K->1265466K(1395392K), 0.0531168 secs]
642743.160: [GC [PSYoungGen: 93760K->20760K(96512K)] 1338362K->1273790K(1396992K), 0.0526648 secs]
642757.095: [GC [PSYoungGen: 93336K->20648K(96128K)] 1346366K->1282182K(1396608K), 0.0515768 secs]
642774.352: [GC [PSYoungGen: 92904K->20712K(95680K)] 1354438K->1290570K(1396160K), 0.0520841 secs]
642788.225: [GC [PSYoungGen: 92642K->20328K(93184K)] 1362501K->1298602K(1393664K), 0.0542393 secs]
642803.855: [GC [PSYoungGen: 91943K->19688K(91008K)] 1370218K->1306290K(1391488K), 0.0498927 secs]
642814.375: [GC [PSYoungGen: 90982K->17448K(94592K)] 1377584K->1312914K(1395072K), 0.0541676 secs]
642814.430: [Full GC [PSYoungGen: 17448K->0K(94592K)] [PSOldGen: 1295466K->697268K(1333248K)] 1312914K->697268K(1427840K) [PSPermGen: 67482K->67482K(69632K)], 3.9900330 secs]
642825.033: [GC [PSYoungGen: 70976K->8456K(94656K)] 768244K->705724K(1427904K), 0.0454573 secs]
642840.389: [GC [PSYoungGen: 79109K->9712K(96064K)] 776377K->714777K(1429312K), 0.0499724 secs]
642854.166: [GC [PSYoungGen: 80047K->10568K(96768K)] 785112K->724789K(1430016K), 0.0530331 secs]
642870.557: [GC [PSYoungGen: 80584K->10568K(96960K)] 794805K->734817K(1430208K), 0.0511563 secs]
642883.727: [GC [PSYoungGen: 80264K->10528K(96960K)] 804513K->744741K(1430208K), 0.0522964 secs]
642895.368: [GC [PSYoungGen: 79904K->8376K(96640K)] 814117K->752538K(1429888K), 0.0498051 secs]
642908.174: [GC [PSYoungGen: 77427K->8024K(76800K)] 821589K->759917K(1410048K), 0.0432640 secs]
642915.750: [GC [PSYoungGen: 76759K->8352K(96320K)] 828652K->767622K(1429568K), 0.0483671 secs]
642931.866: [GC [PSYoungGen: 76768K->10048K(78208K)] 836038K->777052K(1411456K), 0.0533029 secs]
642944.657: [GC [PSYoungGen: 78144K->10144K(92736K)] 845148K->786652K(1425984K), 0.0528528 secs]
642960.841: [GC [PSYoungGen: 77920K->10040K(77504K)] 854428K->796136K(1410752K), 0.0483977 secs]
642973.726: [GC [PSYoungGen: 77496K->10056K(92736K)] 863592K->805644K(1425984K), 0.0523901 secs]
642988.895: [GC [PSYoungGen: 77192K->9904K(76736K)] 872780K->815036K(1409984K), 0.0557102 secs]
643002.819: [GC [PSYoungGen: 76720K->10016K(88576K)] 881852K->824517K(1421824K), 0.0517973 secs]
643017.497: [GC [PSYoungGen: 76512K->9848K(76096K)] 891013K->833789K(1409344K), 0.0538160 secs]
643031.766: [GC [PSYoungGen: 76074K->9952K(86592K)] 900015K->843197K(1419840K), 0.0555508 secs]
643045.296: [GC [PSYoungGen: 75935K->10000K(75776K)] 909180K->852605K(1409024K), 0.0546754 secs]
643060.085: [GC [PSYoungGen: 75728K->9816K(86720K)] 918333K->861849K(1419968K), 0.0537873 secs]
643072.868: [GC [PSYoungGen: 75288K->9688K(74944K)] 927321K->871013K(1408192K), 0.0528816 secs]
643089.072: [GC [PSYoungGen: 74904K->9744K(82880K)] 936229K->880217K(1416128K), 0.0581758 secs]
643100.600: [GC [PSYoungGen: 74704K->9536K(74304K)] 945177K->889205K(1407552K), 0.0502153 secs]
643114.912: [GC [PSYoungGen: 74240K->9648K(83264K)] 953909K->898341K(1416512K), 0.0465660 secs]
643126.786: [GC [PSYoungGen: 74096K->9472K(73728K)] 962789K->907245K(1406976K), 0.0547788 secs]
643137.702: [GC [PSYoungGen: 73663K->7640K(81664K)] 971437K->914320K(1414912K), 0.0451392 secs]
643149.301: [GC [PSYoungGen: 71576K->7504K(81216K)] 978256K->921262K(1414464K), 0.0459938 secs]
643156.753: [GC [PSYoungGen: 71184K->7680K(78720K)] 984942K->928347K(1411968K), 0.0460146 secs]
643171.540: [GC [PSYoungGen: 71101K->9392K(72576K)] 991769K->937180K(1405824K), 0.0504061 secs]
643184.296: [GC [PSYoungGen: 72559K->9600K(79296K)] 1000347K->946260K(1412544K), 0.0517371 secs]
643197.606: [GC [PSYoungGen: 72512K->9304K(72000K)] 1009172K->954988K(1405248K), 0.0540069 secs]
643212.248: [GC [PSYoungGen: 71960K->9480K(75584K)] 1017644K->963912K(1408832K), 0.0520766 secs]
643223.112: [GC [PSYoungGen: 71870K->9328K(76864K)] 1026302K->972680K(1410112K), 0.0550276 secs]
643237.996: [GC [PSYoungGen: 71471K->9368K(74112K)] 1034824K->981488K(1407360K), 0.0540592 secs]
643250.704: [GC [PSYoungGen: 71256K->9360K(75520K)] 1043376K->990272K(1408768K), 0.0533392 secs]
643263.388: [GC [PSYoungGen: 70986K->9400K(72832K)] 1051898K->999036K(1406080K), 0.0520021 secs]
643275.230: [GC [PSYoungGen: 70776K->9096K(74304K)] 1060412K->1007400K(1407552K), 0.0482261 secs]
643287.978: [GC [PSYoungGen: 70213K->9016K(73728K)] 1068518K->1015864K(1406976K), 0.0498886 secs]
643302.076: [GC [PSYoungGen: 69879K->9136K(69760K)] 1076727K->1024480K(1403008K), 0.0544335 secs]
643313.251: [GC [PSYoungGen: 69744K->9064K(72768K)] 1085088K->1033028K(1406016K), 0.0565219 secs]
643327.533: [GC [PSYoungGen: 69416K->9104K(72256K)] 1093380K->1041600K(1405504K), 0.0547647 secs]
643338.314: [GC [PSYoungGen: 69200K->8968K(69760K)] 1101696K->1049996K(1403008K), 0.0567426 secs]
643351.631: [GC [PSYoungGen: 68808K->8952K(71360K)] 1109836K->1058428K(1404608K), 0.0473192 secs]
643364.681: [GC [PSYoungGen: 68536K->8896K(70912K)] 1118012K->1066792K(1404160K), 0.0477741 secs]
643375.984: [GC [PSYoungGen: 68224K->8976K(68096K)] 1126120K->1075240K(1401344K), 0.0559758 secs]
643390.076: [GC [PSYoungGen: 68047K->8680K(70144K)] 1134311K->1083372K(1403392K), 0.0516858 secs]
643401.545: [GC [PSYoungGen: 67560K->8920K(69824K)] 1142252K->1091792K(1403072K), 0.0529061 secs]
643414.132: [GC [PSYoungGen: 67595K->8760K(69504K)] 1150467K->1100012K(1402752K), 0.0554793 secs]
643425.984: [GC [PSYoungGen: 67243K->8872K(67200K)] 1158496K->1108364K(1400448K), 0.0463380 secs]
643438.124: [GC [PSYoungGen: 67176K->8808K(68864K)] 1166668K->1116612K(1402112K), 0.0534656 secs]
643451.526: [GC [PSYoungGen: 66920K->8648K(68544K)] 1174724K->1124732K(1401792K), 0.0515014 secs]
643462.280: [GC [PSYoungGen: 66568K->8712K(68288K)] 1182652K->1132928K(1401536K), 0.0482830 secs]
643474.468: [GC [PSYoungGen: 66440K->8600K(68032K)] 1190656K->1141012K(1401280K), 0.0491646 secs]
643486.316: [GC [PSYoungGen: 66136K->8480K(67712K)] 1198548K->1148880K(1400960K), 0.0515646 secs]
643498.377: [GC [PSYoungGen: 65824K->8672K(65856K)] 1206224K->1157012K(1399104K), 0.0528768 secs]
643511.156: [GC [PSYoungGen: 65824K->8608K(66880K)] 1214164K->1165120K(1400128K), 0.0515344 secs]
643522.136: [GC [PSYoungGen: 65568K->8576K(66880K)] 1222080K->1173188K(1400128K), 0.0518286 secs]
643534.404: [GC [PSYoungGen: 65344K->8584K(66624K)] 1229956K->1181252K(1399872K), 0.0535607 secs]
643545.867: [GC [PSYoungGen: 65160K->8488K(66368K)] 1237828K->1189192K(1399616K), 0.0508209 secs]
643557.566: [GC [PSYoungGen: 64872K->8472K(66112K)] 1245576K->1197172K(1399360K), 0.0518017 secs]
643570.286: [GC [PSYoungGen: 64663K->8352K(64384K)] 1253364K->1205036K(1397632K), 0.0536924 secs]
643580.601: [GC [PSYoungGen: 64352K->8552K(65152K)] 1261036K->1213076K(1398400K), 0.0471819 secs]
643592.807: [GC [PSYoungGen: 64354K->8312K(65344K)] 1268879K->1220876K(1398592K), 0.0504746 secs]
643604.756: [GC [PSYoungGen: 63927K->8304K(65088K)] 1276492K->1228656K(1398336K), 0.0521050 secs]
643615.495: [GC [PSYoungGen: 63728K->8320K(64896K)] 1284080K->1236464K(1398144K), 0.0525653 secs]
643628.236: [GC [PSYoungGen: 63552K->8352K(64640K)] 1291696K->1244280K(1397888K), 0.0523150 secs]
643638.603: [GC [PSYoungGen: 63392K->8232K(64384K)] 1299320K->1251964K(1397632K), 0.0445807 secs]
643650.367: [GC [PSYoungGen: 63080K->8216K(64192K)] 1306812K->1259692K(1397440K), 0.0509687 secs]
643663.050: [GC [PSYoungGen: 62867K->8400K(62912K)] 1314343K->1267596K(1396160K), 0.0505643 secs]
643672.557: [GC [PSYoungGen: 62864K->7976K(62784K)] 1322060K->1275004K(1396032K), 0.0504649 secs]
643684.305: [GC [PSYoungGen: 62248K->8216K(63488K)] 1329276K->1282724K(1396736K), 0.0525941 secs]
643695.621: [GC [PSYoungGen: 62296K->8080K(63232K)] 1336804K->1290312K(1396480K), 0.0469630 secs]
643706.499: [GC [PSYoungGen: 61954K->8088K(62976K)] 1344187K->1297988K(1396224K), 0.0485153 secs]
643718.899: [GC [PSYoungGen: 61784K->8104K(62784K)] 1351684K->1305620K(1396032K), 0.0489598 secs]
643728.941: [GC [PSYoungGen: 61608K->8160K(64448K)] 1359124K->1313273K(1397696K), 0.1528157 secs]
643740.611: [GC [PSYoungGen: 63392K->8240K(70784K)] 1368505K->1320965K(1404032K), 0.2520416 secs]
643754.328: [GC [PSYoungGen: 69872K->9080K(70720K)] 1382597K->1329805K(1403968K), 0.2410631 secs]
643765.951: [GC [PSYoungGen: 70712K->9288K(84160K)] 1391437K->1338793K(1417408K), 0.3069925 secs]
643766.259: [Full GC [PSYoungGen: 9288K->0K(84160K)] [PSOldGen: 1329505K->585511K(1243136K)] 1338793K->585511K(1327296K) [PSPermGen: 67492K->67453K(69632K)], 3.9771617 secs]
643782.419: [GC [PSYoungGen: 71872K->10736K(83968K)] 657383K->596247K(1327104K), 0.0435816 secs]
643795.746: [GC [PSYoungGen: 82736K->10760K(95680K)] 668247K->606375K(1338816K), 0.2177602 secs]
643814.667: [GC [PSYoungGen: 94152K->12344K(96000K)] 689767K->617903K(1339136K), 0.0743772 secs]
643831.474: [GC [PSYoungGen: 95799K->12208K(109056K)] 701358K->628979K(1352192K), 0.2445829 secs]
643851.025: [GC [PSYoungGen: 108016K->13816K(109632K)] 724787K->642167K(1352768K), 0.0928380 secs]
643871.766: [GC [PSYoungGen: 109623K->14088K(129600K)] 737974K->655027K(1372736K), 0.3149648 secs]
643894.443: [GC [PSYoungGen: 124552K->16352K(130176K)] 765491K->669455K(1373312K), 0.1287271 secs]
643920.498: [GC [PSYoungGen: 127200K->16248K(147008K)] 780303K->683419K(1390144K), 0.3311687 secs]
643943.043: [GC [PSYoungGen: 142968K->18760K(147648K)] 810139K->699643K(1390784K), 0.1195196 secs]
643969.907: [GC [PSYoungGen: 145480K->18600K(147584K)] 826363K->715203K(1390720K), 0.1153584 secs]
643996.369: [GC [PSYoungGen: 143783K->18344K(143552K)] 840387K->730531K(1386688K), 0.0581052 secs]
644023.194: [GC [PSYoungGen: 143512K->18400K(146752K)] 855699K->745967K(1389888K), 0.0589843 secs]
644047.131: [GC [PSYoungGen: 141017K->17808K(139520K)] 868584K->760899K(1382656K), 0.0640968 secs]
644072.937: [GC [PSYoungGen: 139464K->17824K(145536K)] 882556K->775911K(1388672K), 0.0660526 secs]
644101.138: [GC [PSYoungGen: 138528K->17696K(137536K)] 896615K->790795K(1380672K), 0.0578280 secs]
644122.620: [GC [PSYoungGen: 137504K->17592K(143744K)] 910603K->805695K(1386880K), 0.0889246 secs]
644147.487: [GC [PSYoungGen: 136490K->17408K(135488K)] 924594K->820419K(1378624K), 0.0580497 secs]
644173.144: [GC [PSYoungGen: 135424K->17344K(139520K)] 938435K->835207K(1382656K), 0.0703539 secs]
644196.720: [GC [PSYoungGen: 134464K->24120K(140352K)] 952327K->849819K(1383488K), 0.0830990 secs]
644222.686: [GC [PSYoungGen: 140343K->16920K(143872K)] 966043K->862287K(1387008K), 0.0630812 secs]
644243.863: [GC [PSYoungGen: 131608K->28152K(142016K)] 976975K->876591K(1385152K), 0.0875378 secs]
644267.994: [GC [PSYoungGen: 142007K->16664K(138752K)] 990446K->884723K(1381888K), 0.0602905 secs]
644291.366: [GC [PSYoungGen: 126232K->30224K(139072K)] 994291K->898283K(1382208K), 0.0840106 secs]
644314.142: [GC [PSYoungGen: 139012K->32184K(127040K)] 1007072K->903472K(1370176K), 0.1152318 secs]
644333.371: [GC [PSYoungGen: 127032K->27624K(121920K)] 998320K->906600K(1365056K), 0.0794432 secs]
644353.873: [GC [PSYoungGen: 121896K->26088K(132864K)] 1000872K->912000K(1376000K), 0.0654813 secs]
644374.115: [GC [PSYoungGen: 119784K->25784K(132096K)] 1005696K->918556K(1375232K), 0.0701242 secs]
644392.079: [GC [PSYoungGen: 118904K->25824K(129024K)] 1011676K->925552K(1372160K), 0.0670112 secs]
644411.687: [GC [PSYoungGen: 118368K->25672K(117696K)] 1018096K->932232K(1360832K), 0.0813144 secs]
644432.715: [GC [PSYoungGen: 117640K->25360K(126976K)] 1024200K->938976K(1370112K), 0.0646633 secs]
644449.259: [GC [PSYoungGen: 116810K->25328K(116288K)] 1030426K->946180K(1359424K), 0.0641152 secs]
644468.456: [GC [PSYoungGen: 116272K->25168K(124608K)] 1037124K->953140K(1367744K), 0.0692691 secs]
644486.816: [GC [PSYoungGen: 115598K->24976K(114944K)] 1043570K->960176K(1358080K), 0.0691847 secs]
644506.805: [GC [PSYoungGen: 114896K->24912K(122112K)] 1050096K->967300K(1365248K), 0.0648554 secs]
644525.573: [GC [PSYoungGen: 114320K->24800K(113728K)] 1056708K->974396K(1356864K), 0.0712756 secs]
644543.179: [GC [PSYoungGen: 113696K->24728K(121664K)] 1063292K->981572K(1364800K), 0.0599163 secs]
644561.916: [GC [PSYoungGen: 113111K->24608K(112512K)] 1069955K->988804K(1355648K), 0.0703944 secs]
644580.808: [GC [PSYoungGen: 112480K->24472K(117248K)] 1076676K->996032K(1360384K), 0.0613040 secs]
644598.505: [GC [PSYoungGen: 111831K->24384K(111296K)] 1083391K->1003360K(1354432K), 0.0675529 secs]
644617.176: [GC [PSYoungGen: 111232K->23984K(114880K)] 1090208K->1010396K(1358016K), 0.0613225 secs]
644634.141: [GC [PSYoungGen: 110315K->23800K(109696K)] 1096727K->1017868K(1352832K), 0.0607591 secs]
644652.658: [GC [PSYoungGen: 109688K->23960K(114944K)] 1103756K->1025576K(1358080K), 0.0605319 secs]
644669.624: [GC [PSYoungGen: 109396K->23920K(108928K)] 1111012K->1033168K(1352064K), 0.0614296 secs]
644688.176: [GC [PSYoungGen: 108912K->23704K(111104K)] 1118160K->1040584K(1354240K), 0.0638780 secs]
644706.738: [GC [PSYoungGen: 108242K->23568K(112320K)] 1125122K->1048200K(1355456K), 0.0574379 secs]
644722.296: [GC [PSYoungGen: 107664K->23640K(109504K)] 1132296K->1055992K(1352640K), 0.0605410 secs]
644740.874: [GC [PSYoungGen: 107287K->23544K(110784K)] 1139639K->1063624K(1353920K), 0.0572130 secs]
644758.297: [GC [PSYoungGen: 106744K->23376K(108032K)] 1146824K->1071272K(1351168K), 0.0607743 secs]
644775.426: [GC [PSYoungGen: 106128K->23288K(109376K)] 1154024K->1079004K(1352512K), 0.0575206 secs]
644795.255: [GC [PSYoungGen: 105592K->23192K(108736K)] 1161308K->1086784K(1351872K), 0.0574607 secs]
644809.120: [GC [PSYoungGen: 105048K->26672K(108096K)] 1168640K->1094348K(1351232K), 0.0777475 secs]
644827.716: [GC [PSYoungGen: 108080K->22600K(107904K)] 1175756K->1099896K(1351040K), 0.0571637 secs]
644842.610: [GC [PSYoungGen: 103560K->22808K(109376K)] 1180856K->1107956K(1352512K), 0.0567606 secs]
644860.588: [GC [PSYoungGen: 103313K->22800K(106752K)] 1188462K->1115932K(1349888K), 0.0581627 secs]
644876.293: [GC [PSYoungGen: 102927K->22688K(108160K)] 1196060K->1123832K(1351296K), 0.0566992 secs]
644893.768: [GC [PSYoungGen: 102432K->22448K(107584K)] 1203576K->1131764K(1350720K), 0.0556797 secs]
644910.334: [GC [PSYoungGen: 101808K->22416K(101440K)] 1211124K->1139824K(1344576K), 0.0738120 secs]
644927.112: [GC [PSYoungGen: 101392K->22272K(106432K)] 1218800K->1147836K(1349568K), 0.0558236 secs]
644943.316: [GC [PSYoungGen: 100857K->22240K(100480K)] 1226421K->1156124K(1343616K), 0.0594360 secs]
644959.070: [GC [PSYoungGen: 100448K->22280K(105280K)] 1234332K->1164236K(1348416K), 0.0558582 secs]
644976.996: [GC [PSYoungGen: 100103K->21968K(104640K)] 1242060K->1172220K(1347776K), 0.0544198 secs]
644991.503: [GC [PSYoungGen: 99408K->21856K(102016K)] 1249660K->1180372K(1345152K), 0.0546908 secs]
645009.219: [GC [PSYoungGen: 98912K->21736K(103552K)] 1257428K->1188552K(1346688K), 0.0538275 secs]
645023.552: [GC [PSYoungGen: 98408K->21528K(102976K)] 1265224K->1196812K(1346112K), 0.0599236 secs]
645040.351: [GC [PSYoungGen: 97816K->21608K(97536K)] 1273100K->1205300K(1340672K), 0.0549493 secs]
645054.543: [GC [PSYoungGen: 97512K->21528K(101888K)] 1281204K->1213584K(1345024K), 0.0535523 secs]
645071.974: [GC [PSYoungGen: 97039K->21464K(101312K)] 1289095K->1221928K(1344448K), 0.0524258 secs]
645085.618: [GC [PSYoungGen: 96598K->21432K(98688K)] 1297063K->1230368K(1341824K), 0.0538596 secs]
645102.846: [GC [PSYoungGen: 96184K->21272K(100160K)] 1305120K->1238624K(1343296K), 0.0648311 secs]
645116.718: [GC [PSYoungGen: 95640K->21344K(97600K)] 1312992K->1247272K(1340736K), 0.0541715 secs]
645133.553: [GC [PSYoungGen: 95392K->21232K(99136K)] 1321320K->1255680K(1342272K), 0.0532804 secs]
645133.607: [Full GC [PSYoungGen: 21232K->0K(99136K)] [PSOldGen: 1234448K->670212K(1298432K)] 1255680K->670212K(1397568K) [PSPermGen: 67463K->67463K(69632K)], 3.9836940 secs]
645149.206: [GC [PSYoungGen: 73727K->11024K(98112K)] 743940K->681237K(1396544K), 0.0441330 secs]
645167.721: [GC [PSYoungGen: 83916K->21024K(99328K)] 754129K->691237K(1397760K), 0.0495951 secs]
645179.449: [GC [PSYoungGen: 93536K->20976K(96384K)] 763749K->700101K(1394816K), 0.0505924 secs]
645197.699: [GC [PSYoungGen: 93161K->20712K(92608K)] 772286K->708493K(1391040K), 0.0535254 secs]
645208.427: [GC [PSYoungGen: 92584K->20648K(96832K)] 780365K->717293K(1395264K), 0.0492839 secs]
645224.115: [GC [PSYoungGen: 92200K->20568K(91840K)] 788845K->725761K(1390272K), 0.0503360 secs]
645237.202: [GC [PSYoungGen: 91800K->20416K(95488K)] 796993K->734345K(1393920K), 0.0487706 secs]
645253.609: [GC [PSYoungGen: 91328K->20272K(90880K)] 805257K->742821K(1389312K), 0.0505429 secs]
645266.486: [GC [PSYoungGen: 90863K->20192K(94272K)] 813412K->751381K(1392704K), 0.0484380 secs]
645283.368: [GC [PSYoungGen: 90464K->20072K(93760K)] 821653K->759757K(1392192K), 0.0494226 secs]
645295.772: [GC [PSYoungGen: 90024K->20008K(91200K)] 829709K->768253K(1389632K), 0.0507694 secs]
645312.618: [GC [PSYoungGen: 89640K->20008K(92736K)] 837885K->776673K(1391168K), 0.0614767 secs]
645324.999: [GC [PSYoungGen: 89317K->19848K(92224K)] 845982K->785141K(1390656K), 0.0510605 secs]
645342.316: [GC [PSYoungGen: 88837K->19840K(88576K)] 854130K->793541K(1387008K), 0.0498439 secs]
645354.541: [GC [PSYoungGen: 88512K->19752K(91264K)] 862213K->802009K(1389696K), 0.0486248 secs]
645371.166: [GC [PSYoungGen: 88104K->19760K(90816K)] 870361K->810397K(1389248K), 0.0573876 secs]
645382.702: [GC [PSYoungGen: 87792K->19504K(90368K)] 878429K->818625K(1388800K), 0.0484941 secs]
645397.837: [GC [PSYoungGen: 87216K->19240K(86656K)] 886337K->826825K(1385088K), 0.0508836 secs]
645410.508: [GC [PSYoungGen: 86624K->19344K(89536K)] 894210K->835165K(1387968K), 0.0533802 secs]
645425.229: [GC [PSYoungGen: 86415K->19264K(89088K)] 902236K->843385K(1387520K), 0.0479279 secs]
645439.636: [GC [PSYoungGen: 86016K->19088K(88704K)] 910137K->851537K(1387136K), 0.0477922 secs]
645453.758: [GC [PSYoungGen: 85520K->19024K(85184K)] 917969K->859753K(1383616K), 0.0501064 secs]
645468.986: [GC [PSYoungGen: 85135K->18936K(87936K)] 925865K->867857K(1386368K), 0.0475697 secs]
645480.227: [GC [PSYoungGen: 84786K->18952K(87616K)] 933707K->876165K(1386048K), 0.0479912 secs]
645494.377: [GC [PSYoungGen: 84552K->18904K(87232K)] 941765K->884253K(1385664K), 0.0473952 secs]
645505.983: [GC [PSYoungGen: 84233K->18784K(83904K)] 949582K->892445K(1382336K), 0.0598525 secs]
645522.936: [GC [PSYoungGen: 83872K->9512K(85376K)] 957533K->900465K(1383808K), 0.0617542 secs]
645534.367: [GC [PSYoungGen: 73192K->9536K(86592K)] 964145K->909501K(1385024K), 0.0518447 secs]
645549.466: [GC [PSYoungGen: 72960K->9440K(87424K)] 972925K->918461K(1385856K), 0.0522147 secs]
645560.516: [GC [PSYoungGen: 72608K->9440K(87872K)] 981629K->927373K(1386304K), 0.0516360 secs]
645574.256: [GC [PSYoungGen: 72352K->9296K(88064K)] 990285K->936097K(1386496K), 0.0517216 secs]
645589.186: [GC [PSYoungGen: 71951K->9304K(88000K)] 998752K->944841K(1386432K), 0.0519504 secs]
645597.954: [GC [PSYoungGen: 71704K->9488K(87744K)] 1007241K->953749K(1386176K), 0.0544193 secs]
645613.624: [GC [PSYoungGen: 71630K->9152K(71104K)] 1015892K->962317K(1369536K), 0.0540383 secs]
645625.250: [GC [PSYoungGen: 71040K->9280K(86784K)] 1024205K->971033K(1385216K), 0.0482831 secs]
645640.096: [GC [PSYoungGen: 70912K->9240K(70656K)] 1032665K->979793K(1369088K), 0.0524696 secs]
645650.756: [GC [PSYoungGen: 70616K->9088K(85440K)] 1041169K->988397K(1383872K), 0.0521816 secs]
645664.438: [GC [PSYoungGen: 70208K->9112K(70016K)] 1049517K->997037K(1368448K), 0.0505452 secs]
645679.271: [GC [PSYoungGen: 69976K->9032K(81856K)] 1057901K->1005605K(1380288K), 0.0490270 secs]
645687.136: [GC [PSYoungGen: 69640K->9152K(83072K)] 1066213K->1014237K(1381504K), 0.0522917 secs]
645703.499: [GC [PSYoungGen: 69496K->8920K(80128K)] 1074582K->1022657K(1378560K), 0.0506472 secs]
645713.538: [GC [PSYoungGen: 69015K->9144K(68992K)] 1082753K->1031225K(1367424K), 0.0523690 secs]
645726.654: [GC [PSYoungGen: 68984K->8968K(78336K)] 1091065K->1039677K(1376768K), 0.0555992 secs]
645741.078: [GC [PSYoungGen: 68552K->8528K(79552K)] 1099261K->1047641K(1377984K), 0.0494082 secs]
645750.856: [GC [PSYoungGen: 67856K->9272K(76736K)] 1106969K->1056349K(1375168K), 0.0541560 secs]
645764.176: [GC [PSYoungGen: 68344K->8632K(67456K)] 1115421K->1064421K(1365888K), 0.0535608 secs]
645775.266: [GC [PSYoungGen: 67448K->8840K(77120K)] 1123237K->1072729K(1375552K), 0.0523514 secs]
645788.249: [GC [PSYoungGen: 67464K->8784K(67264K)] 1131353K->1081001K(1365696K), 0.0506389 secs]
645801.483: [GC [PSYoungGen: 67216K->8544K(73600K)] 1139433K->1089029K(1372032K), 0.0469261 secs]
645811.986: [GC [PSYoungGen: 66783K->8912K(74944K)] 1147269K->1097401K(1373376K), 0.0515953 secs]
645824.769: [GC [PSYoungGen: 66960K->8656K(72192K)] 1155449K->1105565K(1370624K), 0.0510658 secs]
645835.785: [GC [PSYoungGen: 66512K->8688K(73600K)] 1163421K->1113741K(1372032K), 0.0532262 secs]
645849.491: [GC [PSYoungGen: 66351K->8648K(70912K)] 1171405K->1121885K(1369344K), 0.0486320 secs]
645861.821: [GC [PSYoungGen: 66120K->8408K(72320K)] 1179357K->1129765K(1370752K), 0.0470606 secs]
645871.975: [GC [PSYoungGen: 65688K->8864K(69696K)] 1187045K->1138141K(1368128K), 0.0550661 secs]
645885.090: [GC [PSYoungGen: 65952K->8360K(71104K)] 1195229K->1145965K(1369536K), 0.0480348 secs]
645895.602: [GC [PSYoungGen: 65256K->8728K(68544K)] 1202861K->1154238K(1366976K), 0.0574728 secs]
645907.942: [GC [PSYoungGen: 65432K->8560K(70016K)] 1210942K->1162278K(1368448K), 0.0557248 secs]
645922.184: [GC [PSYoungGen: 65072K->8736K(69504K)] 1218790K->1170454K(1367936K), 0.0533102 secs]
645929.608: [GC [PSYoungGen: 65056K->8496K(64640K)] 1226774K->1178234K(1363072K), 0.0515771 secs]
645944.617: [GC [PSYoungGen: 64624K->8072K(68544K)] 1234362K->1185786K(1366976K), 0.0512694 secs]
645954.367: [GC [PSYoungGen: 64002K->8344K(68160K)] 1241716K->1193650K(1366592K), 0.0505090 secs]
645966.527: [GC [PSYoungGen: 64088K->8392K(65664K)] 1249394K->1201562K(1364096K), 0.0523273 secs]
645980.466: [GC [PSYoungGen: 63944K->8464K(67264K)] 1257114K->1209494K(1365696K), 0.0517102 secs]
645988.326: [GC [PSYoungGen: 63824K->8320K(66816K)] 1264854K->1217286K(1365248K), 0.0523505 secs]
646002.048: [GC [PSYoungGen: 63488K->8280K(63296K)] 1272454K->1225114K(1361728K), 0.0509789 secs]
646014.142: [GC [PSYoungGen: 63255K->8072K(66048K)] 1280090K->1232702K(1364480K), 0.0456400 secs]
646024.116: [GC [PSYoungGen: 62856K->8344K(65728K)] 1287486K->1240582K(1364160K), 0.0513091 secs]
646036.796: [GC [PSYoungGen: 62936K->8184K(65344K)] 1295174K->1248258K(1363776K), 0.0513383 secs]
646046.131: [GC [PSYoungGen: 62584K->8160K(62400K)] 1302658K->1255914K(1360832K), 0.1011089 secs]
646057.829: [GC [PSYoungGen: 62368K->8176K(65344K)] 1310122K->1263618K(1363776K), 0.2446524 secs]
646072.575: [GC [PSYoungGen: 62896K->8360K(65152K)] 1318338K->1271518K(1363584K), 0.2440851 secs]
646079.558: [GC [PSYoungGen: 63080K->8232K(73792K)] 1326238K->1279222K(1372224K), 0.2967755 secs]
646095.942: [GC [PSYoungGen: 71706K->9384K(73664K)] 1342697K->1288118K(1372096K), 0.2861296 secs]
646106.737: [GC [PSYoungGen: 72872K->9352K(84864K)] 1351606K->1297006K(1383296K), 0.3470743 secs]
646125.186: [GC [PSYoungGen: 83912K->10416K(85824K)] 1371566K->1307682K(1384256K), 0.3341316 secs]
646125.521: [Full GC [PSYoungGen: 10416K->0K(85824K)] [PSOldGen: 1297266K->627356K(1273856K)] 1307682K->627356K(1359680K) [PSPermGen: 67473K->67473K(69632K)], 4.0262697 secs]
646137.347: [GC [PSYoungGen: 75392K->11072K(102208K)] 702748K->638428K(1376064K), 0.1932850 secs]
646160.232: [GC [PSYoungGen: 98816K->12624K(102272K)] 726172K->649952K(1376128K), 0.1168423 secs]
646175.616: [GC [PSYoungGen: 100367K->13656K(117248K)] 737695K->662280K(1391104K), 0.2753296 secs]
646196.575: [GC [PSYoungGen: 115864K->15000K(118080K)] 764488K->675636K(1391936K), 0.1072920 secs]
646220.697: [GC [PSYoungGen: 117199K->15008K(135424K)] 777836K->688704K(1409280K), 0.3018790 secs]
646243.809: [GC [PSYoungGen: 133407K->17640K(136576K)] 807104K->704104K(1410432K), 0.1148254 secs]
646267.843: [GC [PSYoungGen: 136296K->17488K(149888K)] 822760K->718908K(1423744K), 0.3514546 secs]
646292.736: [GC [PSYoungGen: 147789K->19184K(149504K)] 849210K->735160K(1423360K), 0.0670158 secs]
646319.953: [GC [PSYoungGen: 149488K->19056K(147136K)] 865464K->751028K(1420992K), 0.0849651 secs]
646347.060: [GC [PSYoungGen: 143728K->17944K(142656K)] 875700K->766036K(1416512K), 0.0593914 secs]
646374.578: [GC [PSYoungGen: 142615K->18480K(146624K)] 890708K->781612K(1420480K), 0.0604092 secs]
646401.554: [GC [PSYoungGen: 140835K->17920K(139392K)] 903968K->796640K(1413248K), 0.0581115 secs]
646424.785: [GC [PSYoungGen: 139328K->17824K(145472K)] 918048K->811652K(1419328K), 0.0574184 secs]
646448.996: [GC [PSYoungGen: 138272K->17608K(137216K)] 932100K->826492K(1411072K), 0.0583830 secs]
646472.024: [GC [PSYoungGen: 137160K->17808K(143616K)] 946044K->841568K(1417472K), 0.0584402 secs]
646497.780: [GC [PSYoungGen: 136458K->17320K(135104K)] 960219K->856164K(1408960K), 0.0608439 secs]
646524.451: [GC [PSYoungGen: 135080K->24560K(137344K)] 973924K->870716K(1411200K), 0.0821325 secs]
646550.954: [GC [PSYoungGen: 137328K->16528K(128512K)] 983484K->882456K(1402368K), 0.0598364 secs]
646569.342: [GC [PSYoungGen: 128464K->28536K(135936K)] 994392K->896477K(1409792K), 0.0866629 secs]
646589.996: [GC [PSYoungGen: 135927K->15888K(122560K)] 1003868K->903477K(1396416K), 0.0597503 secs]
646615.334: [GC [PSYoungGen: 122512K->29216K(135232K)] 1010101K->916804K(1409088K), 0.0812431 secs]
646640.888: [GC [PSYoungGen: 133024K->34104K(137216K)] 1020612K->922072K(1411072K), 0.0890845 secs]
646657.058: [GC [PSYoungGen: 137206K->28144K(127808K)] 1025175K->924196K(1401664K), 0.0724503 secs]
646676.985: [GC [PSYoungGen: 121840K->27048K(120192K)] 1017892K->929005K(1394048K), 0.0734534 secs]
646701.128: [GC [PSYoungGen: 120165K->25576K(131904K)] 1022122K->934713K(1405760K), 0.0659943 secs]
646712.680: [GC [PSYoungGen: 118120K->25464K(117440K)] 1027257K->941580K(1391296K), 0.0633748 secs]
646735.335: [GC [PSYoungGen: 117419K->25440K(127680K)] 1033536K->948661K(1401536K), 0.0657013 secs]
646754.591: [GC [PSYoungGen: 116830K->25536K(116480K)] 1040051K->955797K(1390336K), 0.0647614 secs]
646770.466: [GC [PSYoungGen: 116416K->25120K(125504K)] 1046677K->962461K(1399360K), 0.0680900 secs]
646793.455: [GC [PSYoungGen: 115477K->25024K(114944K)] 1052818K->969605K(1388800K), 0.0630055 secs]
646809.773: [GC [PSYoungGen: 114879K->25136K(123008K)] 1059460K->976877K(1396864K), 0.0632847 secs]
646828.943: [GC [PSYoungGen: 114479K->24984K(113856K)] 1066220K->984013K(1387712K), 0.0635766 secs]
646851.539: [GC [PSYoungGen: 113812K->24728K(120640K)] 1072841K->991065K(1394496K), 0.0626910 secs]
646862.924: [GC [PSYoungGen: 113048K->31952K(121408K)] 1079385K->998289K(1395264K), 0.0866680 secs]
646885.270: [GC [PSYoungGen: 119747K->24536K(120832K)] 1086084K->999753K(1394688K), 0.0666113 secs]
646900.496: [GC [PSYoungGen: 111832K->12720K(121344K)] 1087049K->1006901K(1395200K), 0.0563866 secs]
646919.455: [GC [PSYoungGen: 99489K->12776K(121920K)] 1093671K->1018405K(1395776K), 0.0556802 secs]
646941.837: [GC [PSYoungGen: 99048K->12840K(98624K)] 1104677K->1029997K(1372480K), 0.0634506 secs]
646952.989: [GC [PSYoungGen: 98600K->12704K(121856K)] 1115757K->1041521K(1395712K), 0.0514786 secs]
646975.096: [GC [PSYoungGen: 98016K->12688K(97600K)] 1126833K->1053105K(1371456K), 0.0543889 secs]
646990.376: [GC [PSYoungGen: 97552K->12584K(120704K)] 1137969K->1064497K(1394560K), 0.0542605 secs]
647008.706: [GC [PSYoungGen: 97000K->12560K(96576K)] 1148913K->1075873K(1370432K), 0.0542959 secs]
647026.958: [GC [PSYoungGen: 96528K->12472K(116800K)] 1159841K->1087161K(1390656K), 0.0535733 secs]
647041.337: [GC [PSYoungGen: 95992K->23624K(106752K)] 1170681K->1098313K(1380608K), 0.0622894 secs]
647064.117: [GC [PSYoungGen: 106696K->23376K(117760K)] 1181385K->1106001K(1391616K), 0.0568383 secs]
647077.286: [GC [PSYoungGen: 105999K->31200K(117440K)] 1188624K->1113825K(1391296K), 0.0831179 secs]
647096.120: [GC [PSYoungGen: 113376K->23016K(117888K)] 1196001K->1114957K(1391744K), 0.0575627 secs]
647110.941: [GC [PSYoungGen: 104743K->22832K(104128K)] 1196685K->1122769K(1377984K), 0.0692213 secs]
647128.976: [GC [PSYoungGen: 104112K->12016K(117440K)] 1204049K->1130921K(1391296K), 0.0568093 secs]
647146.480: [GC [PSYoungGen: 92848K->12104K(92544K)] 1211753K->1141961K(1366400K), 0.0607617 secs]
647161.215: [GC [PSYoungGen: 92488K->11656K(114048K)] 1222345K->1152561K(1387904K), 0.0570001 secs]
647183.021: [GC [PSYoungGen: 91592K->11824K(115264K)] 1232497K->1163449K(1389120K), 0.0583016 secs]
647192.776: [GC [PSYoungGen: 91373K->12056K(112192K)] 1242999K->1174529K(1386048K), 0.0555758 secs]
647214.905: [GC [PSYoungGen: 91224K->11664K(90496K)] 1253697K->1185273K(1364352K), 0.0572249 secs]
647227.474: [GC [PSYoungGen: 90448K->11808K(109824K)] 1264057K->1196141K(1383680K), 0.0576064 secs]
647246.422: [GC [PSYoungGen: 90202K->11672K(89728K)] 1274536K->1206917K(1363584K), 0.0594875 secs]
647260.417: [GC [PSYoungGen: 89686K->11544K(105280K)] 1284931K->1217525K(1379136K), 0.0557806 secs]
647277.366: [GC [PSYoungGen: 89176K->11408K(88704K)] 1295157K->1228129K(1362560K), 0.0556339 secs]
647292.153: [GC [PSYoungGen: 88656K->11384K(104704K)] 1305377K->1238681K(1378560K), 0.0580519 secs]
647309.410: [GC [PSYoungGen: 88248K->11408K(87936K)] 1315545K->1249313K(1361792K), 0.0610053 secs]
647326.246: [GC [PSYoungGen: 87888K->11312K(102144K)] 1325793K->1259825K(1376000K), 0.0556111 secs]
647340.576: [GC [PSYoungGen: 87408K->11376K(87104K)] 1335921K->1270481K(1360960K), 0.0548543 secs]
647357.964: [GC [PSYoungGen: 87085K->11296K(99584K)] 1346190K->1280969K(1373440K), 0.0580714 secs]
647358.022: [Full GC [PSYoungGen: 11296K->0K(99584K)] [PSOldGen: 1269673K->652653K(1275904K)] 1280969K->652653K(1375488K) [PSPermGen: 67482K->67482K(69632K)], 3.9345731 secs]
647371.818: [GC [PSYoungGen: 75328K->11168K(86144K)] 727981K->663821K(1362048K), 0.0536736 secs]
647392.511: [GC [PSYoungGen: 86112K->11176K(97152K)] 738765K->674341K(1373056K), 0.0603369 secs]
647402.432: [GC [PSYoungGen: 85736K->11112K(85312K)] 748901K->684669K(1361216K), 0.0595869 secs]
647423.716: [GC [PSYoungGen: 85288K->11008K(94784K)] 758845K->695017K(1370688K), 0.0551956 secs]
647432.746: [GC [PSYoungGen: 84799K->11032K(84480K)] 768809K->705357K(1360384K), 0.0548864 secs]
647453.986: [GC [PSYoungGen: 84440K->10920K(94656K)] 778765K->715685K(1370560K), 0.0528920 secs]
647463.254: [GC [PSYoungGen: 83934K->10984K(83648K)] 788700K->726033K(1359552K), 0.0576677 secs]
647484.076: [GC [PSYoungGen: 83624K->10584K(90560K)] 798673K->736053K(1366464K), 0.0548161 secs]
647493.142: [GC [PSYoungGen: 82840K->10912K(82880K)] 808309K->746385K(1358784K), 0.0588006 secs]
647514.166: [GC [PSYoungGen: 82848K->10544K(90816K)] 818321K->756341K(1366720K), 0.0526972 secs]
647523.037: [GC [PSYoungGen: 82160K->10816K(82176K)] 827957K->766621K(1358080K), 0.0533048 secs]
647544.045: [GC [PSYoungGen: 82112K->10480K(87104K)] 837917K->776505K(1363008K), 0.0565252 secs]
647552.967: [GC [PSYoungGen: 81456K->10704K(88384K)] 847481K->786637K(1364288K), 0.0511962 secs]
647573.713: [GC [PSYoungGen: 81353K->10456K(85568K)] 857287K->796453K(1361472K), 0.0579756 secs]
647582.945: [GC [PSYoungGen: 80792K->10528K(86912K)] 866789K->806373K(1362816K), 0.0540902 secs]
647602.715: [GC [PSYoungGen: 80544K->10432K(84096K)] 876389K->816181K(1360000K), 0.0551960 secs]
647612.259: [GC [PSYoungGen: 80128K->10408K(85504K)] 885877K->826009K(1361408K), 0.0498425 secs]
647628.416: [GC [PSYoungGen: 79781K->10280K(82752K)] 895383K->835765K(1358656K), 0.0549276 secs]
647641.526: [GC [PSYoungGen: 79336K->10320K(84160K)] 904821K->845525K(1360064K), 0.0524797 secs]
647657.216: [GC [PSYoungGen: 79054K->10120K(81472K)] 914260K->855037K(1357376K), 0.0544608 secs]
647670.284: [GC [PSYoungGen: 78535K->10248K(82944K)] 923452K->864673K(1358848K), 0.0552772 secs]
647683.956: [GC [PSYoungGen: 78344K->10160K(82368K)] 932769K->874281K(1358272K), 0.0533358 secs]
647699.317: [GC [PSYoungGen: 77936K->10104K(77568K)] 942057K->883806K(1353472K), 0.0539797 secs]
647711.246: [GC [PSYoungGen: 77560K->10176K(81216K)] 951261K->893410K(1357120K), 0.0622916 secs]
647728.993: [GC [PSYoungGen: 77312K->10008K(76864K)] 960546K->902882K(1352768K), 0.0581660 secs]
647739.672: [GC [PSYoungGen: 76824K->10104K(80128K)] 969698K->912378K(1356032K), 0.0559103 secs]
647757.874: [GC [PSYoungGen: 76600K->10072K(79552K)] 978874K->921890K(1355456K), 0.0544405 secs]
647765.798: [GC [PSYoungGen: 76248K->9896K(76992K)] 988066K->931010K(1352896K), 0.0522332 secs]
647785.278: [GC [PSYoungGen: 75752K->9728K(78528K)] 996866K->940138K(1354432K), 0.0500526 secs]
647794.402: [GC [PSYoungGen: 75264K->9824K(78144K)] 1005674K->949458K(1354048K), 0.0569309 secs]
647813.056: [GC [PSYoungGen: 75104K->9792K(74880K)] 1014738K->958686K(1350784K), 0.0544224 secs]
647823.241: [GC [PSYoungGen: 74816K->9544K(77312K)] 1023710K->967706K(1353216K), 0.0669073 secs]
647836.759: [GC [PSYoungGen: 74312K->9760K(76992K)] 1032474K->976926K(1352896K), 0.0496215 secs]
647850.166: [GC [PSYoungGen: 74272K->9352K(76544K)] 1041438K->985766K(1352448K), 0.0521573 secs]
647862.335: [GC [PSYoungGen: 73608K->9704K(76224K)] 1050022K->994922K(1352128K), 0.0533690 secs]
647879.380: [GC [PSYoungGen: 73704K->9536K(73792K)] 1058922K->1003942K(1349696K), 0.0506065 secs]
647887.491: [GC [PSYoungGen: 73277K->9536K(75456K)] 1067684K->1012950K(1351360K), 0.0475155 secs]
647905.967: [GC [PSYoungGen: 73024K->9512K(75072K)] 1076438K->1021962K(1350976K), 0.0509918 secs]
647915.265: [GC [PSYoungGen: 72744K->9480K(74688K)] 1085194K->1030886K(1350592K), 0.0534321 secs]
647931.021: [GC [PSYoungGen: 72456K->9400K(72256K)] 1093862K->1039698K(1348160K), 0.0493456 secs]
647942.816: [GC [PSYoungGen: 72120K->9216K(73984K)] 1102418K->1048414K(1349888K), 0.0535389 secs]
647955.896: [GC [PSYoungGen: 71679K->9464K(73664K)] 1110877K->1057346K(1349568K), 0.0518469 secs]
647970.738: [GC [PSYoungGen: 71671K->9136K(73280K)] 1119554K->1065958K(1349184K), 0.0500864 secs]
647980.997: [GC [PSYoungGen: 71087K->9536K(72960K)] 1127910K->1074938K(1348864K), 0.0511097 secs]
647998.774: [GC [PSYoungGen: 71229K->9160K(70656K)] 1136632K->1083534K(1346560K), 0.0564085 secs]
648007.030: [GC [PSYoungGen: 70600K->9096K(72256K)] 1144974K->1092094K(1348160K), 0.0496209 secs]
648023.803: [GC [PSYoungGen: 70280K->9360K(71936K)] 1153278K->1100918K(1347840K), 0.0544801 secs]
648034.656: [GC [PSYoungGen: 70288K->8968K(71552K)] 1161846K->1109398K(1347456K), 0.0515593 secs]
648046.806: [GC [PSYoungGen: 69639K->9120K(69568K)] 1170070K->1118110K(1345472K), 0.0536468 secs]
648061.296: [GC [PSYoungGen: 69532K->8896K(70720K)] 1178523K->1126450K(1346624K), 0.0519884 secs]
648070.809: [GC [PSYoungGen: 69056K->9032K(70656K)] 1186610K->1135059K(1346560K), 0.0580493 secs]
648087.417: [GC [PSYoungGen: 68936K->8960K(70336K)] 1194963K->1143579K(1346240K), 0.0512463 secs]
648096.474: [GC [PSYoungGen: 68606K->8280K(70016K)] 1203225K->1151319K(1345920K), 0.0537177 secs]
648105.088: [GC [PSYoungGen: 67672K->6928K(69760K)] 1210711K->1157725K(1345664K), 0.0491072 secs]
648117.246: [GC [PSYoungGen: 66063K->7016K(65920K)] 1216861K->1164198K(1341824K), 0.0405615 secs]
648125.196: [GC [PSYoungGen: 65896K->6952K(69696K)] 1223078K->1170667K(1345600K), 0.0505109 secs]
648136.506: [GC [PSYoungGen: 65575K->9120K(69504K)] 1229290K->1179240K(1345408K), 0.0519956 secs]
648151.916: [GC [PSYoungGen: 67488K->8464K(69248K)] 1237608K->1187160K(1345152K), 0.0516224 secs]
648161.539: [GC [PSYoungGen: 66639K->8456K(66496K)] 1245336K->1195100K(1342400K), 0.0512076 secs]
648175.742: [GC [PSYoungGen: 66438K->9224K(68480K)] 1253082K->1203896K(1344384K), 0.0551907 secs]
648187.056: [GC [PSYoungGen: 67016K->8544K(68288K)] 1261688K->1211884K(1344192K), 0.0514536 secs]
648199.086: [GC [PSYoungGen: 66143K->8640K(67904K)] 1269483K->1220060K(1343808K), 0.0517500 secs]
648213.046: [GC [PSYoungGen: 66048K->8496K(65728K)] 1277468K->1228088K(1341632K), 0.0538076 secs]
648223.267: [GC [PSYoungGen: 65712K->8432K(67200K)] 1285304K->1236017K(1343104K), 0.0510166 secs]
648237.043: [GC [PSYoungGen: 65456K->8616K(66944K)] 1293041K->1244093K(1342848K), 0.0447617 secs]
648248.135: [GC [PSYoungGen: 65447K->8336K(66560K)] 1300924K->1251921K(1342464K), 0.0534431 secs]
648260.402: [GC [PSYoungGen: 64976K->8536K(66304K)] 1308561K->1260017K(1342208K), 0.0460699 secs]
648273.999: [GC [PSYoungGen: 64984K->8496K(65984K)] 1316465K->1268021K(1341888K), 0.0490558 secs]
648283.268: [GC [PSYoungGen: 64751K->7856K(63936K)] 1324276K->1275365K(1339840K), 0.0513183 secs]
648283.320: [Full GC [PSYoungGen: 7856K->0K(63936K)] [PSOldGen: 1267508K->569670K(1159168K)] 1275365K->569670K(1223104K) [PSPermGen: 67492K->67453K(69632K)], 3.8993073 secs]
648292.339: [GC [PSYoungGen: 56064K->6776K(65344K)] 625734K->576446K(1224512K), 0.0377808 secs]
648302.880: [GC [PSYoungGen: 62648K->6568K(62272K)] 632318K->582450K(1221440K), 0.0466925 secs]
648309.638: [GC [PSYoungGen: 62248K->6760K(65472K)] 638130K->588658K(1224640K), 0.0488986 secs]
648321.311: [GC [PSYoungGen: 62248K->8104K(65344K)] 644146K->596231K(1224512K), 0.0464853 secs]
648334.274: [GC [PSYoungGen: 63400K->8280K(65024K)] 651527K->604053K(1224192K), 0.0439048 secs]
648347.506: [GC [PSYoungGen: 63384K->8424K(64704K)] 659157K->611969K(1223872K), 0.0512745 secs]
648356.799: [GC [PSYoungGen: 63336K->8192K(64512K)] 666881K->619709K(1223680K), 0.0484408 secs]
648369.037: [GC [PSYoungGen: 62906K->8024K(62592K)] 674423K->627257K(1221760K), 0.0522642 secs]
648380.196: [GC [PSYoungGen: 62550K->8152K(63680K)] 681783K->634953K(1222848K), 0.0509502 secs]
648393.147: [GC [PSYoungGen: 62488K->8392K(63552K)] 689289K->642773K(1222720K), 0.0509141 secs]
648402.536: [GC [PSYoungGen: 62536K->8224K(63296K)] 696917K->650473K(1222464K), 0.0515816 secs]
648414.016: [GC [PSYoungGen: 62174K->7744K(63040K)] 704424K->657721K(1222208K), 0.0506303 secs]
648426.056: [GC [PSYoungGen: 61504K->7392K(62784K)] 711481K->664633K(1221952K), 0.0416506 secs]
648434.549: [GC [PSYoungGen: 60960K->7112K(62656K)] 718201K->671233K(1221824K), 0.0482170 secs]
648444.152: [GC [PSYoungGen: 60487K->6880K(62464K)] 724608K->677569K(1221632K), 0.0457445 secs]
648456.312: [GC [PSYoungGen: 60052K->7832K(60864K)] 730742K->684927K(1220032K), 0.0482589 secs]
648468.357: [GC [PSYoungGen: 60824K->8024K(61568K)] 737919K->692372K(1220736K), 0.0503150 secs]
648478.856: [GC [PSYoungGen: 60824K->7808K(61760K)] 745172K->699668K(1220928K), 0.0505768 secs]
648490.354: [GC [PSYoungGen: 60416K->8000K(61440K)] 752276K->707196K(1220608K), 0.0438182 secs]
648502.135: [GC [PSYoungGen: 60416K->7760K(61184K)] 759612K->714436K(1220352K), 0.0422790 secs]
648512.826: [GC [PSYoungGen: 59984K->8064K(60928K)] 766660K->722004K(1220096K), 0.0512841 secs]
648523.360: [GC [PSYoungGen: 60096K->7536K(59392K)] 774036K->729016K(1218560K), 0.0495368 secs]
648534.393: [GC [PSYoungGen: 59376K->8032K(59776K)] 780856K->736592K(1218944K), 0.0441659 secs]
648546.466: [GC [PSYoungGen: 59680K->7856K(60224K)] 788240K->743904K(1219392K), 0.0516911 secs]
648557.497: [GC [PSYoungGen: 59312K->7760K(59968K)] 795360K->751184K(1219136K), 0.0507609 secs]
648568.376: [GC [PSYoungGen: 59023K->7544K(59712K)] 802447K->758236K(1218880K), 0.0503752 secs]
648579.358: [GC [PSYoungGen: 58616K->7760K(59520K)] 809308K->765548K(1218688K), 0.0491829 secs]
648591.102: [GC [PSYoungGen: 58639K->7688K(59200K)] 816427K->772756K(1218368K), 0.0457964 secs]
648601.316: [GC [PSYoungGen: 58376K->7640K(59008K)] 823444K->779816K(1218176K), 0.0405611 secs]
648612.448: [GC [PSYoungGen: 58135K->7472K(57792K)] 830311K->786848K(1216960K), 0.0514268 secs]
648623.209: [GC [PSYoungGen: 57776K->7408K(56704K)] 837152K->793928K(1215872K), 0.0484829 secs]
648633.570: [GC [PSYoungGen: 56686K->7520K(59968K)] 843206K->801140K(1219136K), 0.0472896 secs]
648644.113: [GC [PSYoungGen: 56608K->7328K(59776K)] 850228K->807960K(1218944K), 0.0448579 secs]
648653.180: [GC [PSYoungGen: 56288K->6664K(59584K)] 856920K->814128K(1218752K), 0.0470980 secs]
648660.207: [GC [PSYoungGen: 55494K->5728K(59456K)] 862959K->819324K(1218624K), 0.0390571 secs]
648668.001: [GC [PSYoungGen: 54430K->5528K(54144K)] 868026K->824413K(1213312K), 0.0459553 secs]
648675.396: [GC [PSYoungGen: 54101K->5856K(59456K)] 872986K->829765K(1218624K), 0.0398437 secs]
648684.744: [GC [PSYoungGen: 54304K->6968K(59264K)] 878213K->836148K(1218432K), 0.0425151 secs]
648696.260: [GC [PSYoungGen: 55288K->7256K(56832K)] 884468K->842965K(1216000K), 0.0479413 secs]
648705.610: [GC [PSYoungGen: 55448K->7256K(58432K)] 891157K->849733K(1217600K), 0.0474493 secs]
648715.703: [GC [PSYoungGen: 55320K->7176K(58048K)] 897797K->856489K(1217216K), 0.0441804 secs]
648726.696: [GC [PSYoungGen: 55112K->7240K(55104K)] 904425K->863257K(1214272K), 0.0423626 secs]
648736.739: [GC [PSYoungGen: 55048K->7120K(57344K)] 911065K->869933K(1216512K), 0.0478268 secs]
648746.676: [GC [PSYoungGen: 54800K->7072K(57024K)] 917613K->876541K(1216192K), 0.0499811 secs]
648757.546: [GC [PSYoungGen: 54624K->7176K(56704K)] 924093K->883277K(1215872K), 0.0496374 secs]
648768.111: [GC [PSYoungGen: 54599K->7040K(54400K)] 930701K->889901K(1213568K), 0.0485488 secs]
648778.368: [GC [PSYoungGen: 54336K->7072K(56128K)] 937197K->896565K(1215296K), 0.0490542 secs]
648788.284: [GC [PSYoungGen: 54235K->7152K(55872K)] 943729K->903213K(1215040K), 0.0429297 secs]
648798.745: [GC [PSYoungGen: 54192K->6904K(55616K)] 950253K->909669K(1214784K), 0.0414834 secs]
648809.107: [GC [PSYoungGen: 53813K->7000K(55360K)] 956578K->916185K(1214528K), 0.0400898 secs]
648818.616: [GC [PSYoungGen: 53784K->7264K(55168K)] 962969K->922937K(1214336K), 0.0415382 secs]
648829.409: [GC [PSYoungGen: 53911K->6952K(53504K)] 969585K->929385K(1212672K), 0.0496215 secs]
648840.838: [GC [PSYoungGen: 53470K->6456K(54272K)] 975903K->935417K(1213440K), 0.0484242 secs]
648850.366: [GC [PSYoungGen: 52856K->6984K(54592K)] 981817K->942021K(1213760K), 0.0401460 secs]
648861.893: [GC [PSYoungGen: 53243K->6912K(54400K)] 988280K->948493K(1213568K), 0.0440467 secs]
648872.141: [GC [PSYoungGen: 53056K->6368K(54144K)] 994637K->954445K(1213312K), 0.0455203 secs]
648881.337: [GC [PSYoungGen: 52384K->6064K(54016K)] 1000461K->960013K(1213184K), 0.0391313 secs]
648891.529: [GC [PSYoungGen: 51952K->6176K(53952K)] 1005901K->965765K(1213120K), 0.0379943 secs]
648902.490: [GC [PSYoungGen: 51934K->6544K(53824K)] 1011523K->971839K(1212992K), 0.0467896 secs]
648913.153: [GC [PSYoungGen: 52161K->6856K(53632K)] 1017456K->978196K(1212800K), 0.0437048 secs]
648925.006: [GC [PSYoungGen: 52360K->6808K(53376K)] 1023700K->984516K(1212544K), 0.0410151 secs]
648936.843: [GC [PSYoungGen: 52184K->6640K(51904K)] 1029892K->990708K(1211072K), 0.0451478 secs]
648946.362: [GC [PSYoungGen: 51888K->7160K(51264K)] 1035956K->997524K(1210432K), 0.0451723 secs]
648958.906: [GC [PSYoungGen: 51256K->6376K(54144K)] 1041620K->1003428K(1213312K), 0.0410849 secs]
648968.492: [GC [PSYoungGen: 50344K->6200K(53952K)] 1047396K->1009232K(1213120K), 0.0474115 secs]
648976.126: [GC [PSYoungGen: 50040K->6184K(53760K)] 1053072K->1014960K(1212928K), 0.0402477 secs]
648985.985: [GC [PSYoungGen: 49896K->5888K(51456K)] 1058672K->1020367K(1210624K), 0.0414783 secs]
648997.751: [GC [PSYoungGen: 49471K->6176K(53312K)] 1063950K->1026067K(1212480K), 0.0453190 secs]
649007.536: [GC [PSYoungGen: 49629K->6104K(53056K)] 1069521K->1031709K(1212224K), 0.0407756 secs]
649020.912: [GC [PSYoungGen: 49431K->6224K(52800K)] 1075037K->1037527K(1211968K), 0.0449066 secs]
649032.006: [GC [PSYoungGen: 49424K->6376K(52480K)] 1080727K->1043531K(1211648K), 0.0408064 secs]
649041.814: [GC [PSYoungGen: 49448K->6608K(49600K)] 1086603K->1049871K(1208768K), 0.0433781 secs]
649053.128: [GC [PSYoungGen: 49552K->5928K(51840K)] 1092815K->1055337K(1211008K), 0.0379424 secs]
649063.492: [GC [PSYoungGen: 48743K->5664K(51584K)] 1098153K->1060599K(1210752K), 0.0439230 secs]
649072.489: [GC [PSYoungGen: 48352K->6552K(51392K)] 1103287K->1066757K(1210560K), 0.0377903 secs]
649085.293: [GC [PSYoungGen: 49112K->6312K(48768K)] 1109317K->1072601K(1207936K), 0.0457303 secs]
649095.830: [GC [PSYoungGen: 48744K->6232K(50752K)] 1115033K->1078413K(1209920K), 0.0469699 secs]
649106.966: [GC [PSYoungGen: 48536K->6184K(50496K)] 1120717K->1084191K(1209664K), 0.0404599 secs]
649117.014: [GC [PSYoungGen: 48360K->5608K(50240K)] 1126367K->1089383K(1209408K), 0.0423879 secs]
649123.460: [GC [PSYoungGen: 47656K->4704K(46656K)] 1131431K->1093634K(1205824K), 0.0360929 secs]
649129.242: [GC [PSYoungGen: 46623K->4776K(50048K)] 1135554K->1097908K(1209216K), 0.0336679 secs]
649137.345: [GC [PSYoungGen: 46568K->4608K(49984K)] 1139700K->1102054K(1209152K), 0.0405551 secs]
649147.016: [GC [PSYoungGen: 46272K->4912K(49856K)] 1143718K->1106498K(1209024K), 0.0396667 secs]
649157.526: [GC [PSYoungGen: 46448K->5992K(49664K)] 1148034K->1112085K(1208832K), 0.0403231 secs]
649169.287: [GC [PSYoungGen: 47400K->6000K(47360K)] 1153493K->1117681K(1206528K), 0.0506386 secs]
649180.769: [GC [PSYoungGen: 47279K->5976K(49088K)] 1158961K->1123249K(1208256K), 0.0377517 secs]
649191.195: [GC [PSYoungGen: 47128K->6184K(48768K)] 1164401K->1128997K(1207936K), 0.0417629 secs]
649204.881: [GC [PSYoungGen: 47208K->5976K(48576K)] 1170021K->1134577K(1207744K), 0.0454085 secs]
649216.716: [GC [PSYoungGen: 46872K->6184K(48320K)] 1175473K->1140333K(1207488K), 0.0405335 secs]
649225.969: [GC [PSYoungGen: 46952K->5896K(48128K)] 1181101K->1145861K(1207296K), 0.0380811 secs]
649234.719: [GC [PSYoungGen: 46536K->4896K(45824K)] 1186501K->1150301K(1204992K), 0.0389367 secs]
649242.768: [GC [PSYoungGen: 45408K->4648K(45056K)] 1190813K->1154505K(1204224K), 0.0385552 secs]
649249.532: [GC [PSYoungGen: 45032K->4376K(47680K)] 1194889K->1158416K(1206848K), 0.0338846 secs]
649249.566: [Full GC [PSYoungGen: 4376K->0K(47680K)] [PSOldGen: 1154040K->557041K(1118208K)] 1158416K->557041K(1165888K) [PSPermGen: 67463K->67463K(69632K)], 3.4979959 secs]
649261.150: [GC [PSYoungGen: 40256K->4912K(47616K)] 597297K->561953K(1165824K), 0.0368272 secs]
649274.994: [GC [PSYoungGen: 45040K->5264K(47424K)] 602081K->566820K(1165632K), 0.0333469 secs]
649287.192: [GC [PSYoungGen: 45264K->6008K(47168K)] 606820K->572488K(1165376K), 0.0345965 secs]
649299.783: [GC [PSYoungGen: 45877K->6296K(47040K)] 612358K->578368K(1165248K), 0.0336989 secs]
649307.891: [GC [PSYoungGen: 46040K->7408K(47040K)] 618112K->583300K(1165248K), 0.0446209 secs]
649314.886: [GC [PSYoungGen: 47024K->4784K(48768K)] 622916K->587862K(1166976K), 0.0402638 secs]
649324.353: [GC [PSYoungGen: 44268K->4568K(48576K)] 627346K->592035K(1166784K), 0.0335943 secs]
649333.566: [GC [PSYoungGen: 43928K->4400K(48384K)] 631395K->596021K(1166592K), 0.0396801 secs]
649344.178: [GC [PSYoungGen: 43631K->5832K(44992K)] 635252K->601417K(1163200K), 0.0386321 secs]
649354.254: [GC [PSYoungGen: 44936K->5688K(47744K)] 640521K->606705K(1165952K), 0.0424233 secs]
649365.346: [GC [PSYoungGen: 44664K->4984K(47360K)] 645681K->611248K(1165568K), 0.0404869 secs]
649374.958: [GC [PSYoungGen: 43831K->5432K(45120K)] 650095K->616262K(1163328K), 0.0387619 secs]
649390.751: [GC [PSYoungGen: 44208K->4912K(46848K)] 655039K->620758K(1165056K), 0.0354461 secs]
649402.660: [GC [PSYoungGen: 43632K->5736K(46656K)] 659478K->626038K(1164864K), 0.0362567 secs]
649415.164: [GC [PSYoungGen: 44391K->6600K(46400K)] 664693K->632132K(1164608K), 0.0420538 secs]
649427.340: [GC [PSYoungGen: 45192K->5744K(46528K)] 670724K->637420K(1164736K), 0.0363186 secs]
649440.736: [GC [PSYoungGen: 44272K->7792K(46272K)] 675948K->642004K(1164480K), 0.0407271 secs]
649451.254: [GC [PSYoungGen: 46256K->5264K(47680K)] 680468K->647057K(1165888K), 0.0417653 secs]
649461.966: [GC [PSYoungGen: 43661K->5520K(47488K)] 685455K->652117K(1165696K), 0.0399194 secs]
649476.206: [GC [PSYoungGen: 43856K->5544K(47168K)] 690453K->657233K(1165376K), 0.0406320 secs]
649487.134: [GC [PSYoungGen: 43816K->8696K(46912K)] 695505K->660817K(1165120K), 0.0328212 secs]
649495.100: [GC [PSYoungGen: 46904K->4568K(45696K)] 699025K->665144K(1163904K), 0.0373060 secs]
649502.724: [GC [PSYoungGen: 42712K->4408K(47680K)] 703288K->669078K(1165888K), 0.0321138 secs]
649511.460: [GC [PSYoungGen: 42488K->4856K(47552K)] 707158K->673465K(1165760K), 0.0353629 secs]
649520.496: [GC [PSYoungGen: 42870K->5864K(47296K)] 711480K->678865K(1165504K), 0.0400120 secs]
649532.766: [GC [PSYoungGen: 43816K->5336K(46912K)] 716817K->683752K(1165120K), 0.0399865 secs]
649545.157: [GC [PSYoungGen: 43224K->5400K(43264K)] 721640K->688703K(1161472K), 0.0398602 secs]
649555.679: [GC [PSYoungGen: 43218K->5392K(46336K)] 726521K->693711K(1164544K), 0.0373383 secs]
649567.186: [GC [PSYoungGen: 43151K->6200K(46016K)] 731470K->699587K(1164224K), 0.0402727 secs]
649577.267: [GC [PSYoungGen: 43880K->6216K(45888K)] 737267K->705359K(1164096K), 0.0393398 secs]
649586.989: [GC [PSYoungGen: 43848K->5184K(45760K)] 742991K->710091K(1163968K), 0.0370097 secs]
649596.424: [GC [PSYoungGen: 42751K->5368K(43520K)] 747659K->715042K(1161728K), 0.0453275 secs]
649606.159: [GC [PSYoungGen: 42870K->4784K(45312K)] 752544K->719381K(1163520K), 0.0374644 secs]
649617.261: [GC [PSYoungGen: 42224K->5144K(45184K)] 756821K->724129K(1163392K), 0.0362992 secs]
649628.627: [GC [PSYoungGen: 42520K->5496K(44992K)] 761505K->729182K(1163200K), 0.0389333 secs]
649639.161: [GC [PSYoungGen: 42808K->5840K(44736K)] 766494K->734616K(1162944K), 0.0359033 secs]
649648.726: [GC [PSYoungGen: 43088K->5872K(44608K)] 771864K->740056K(1162816K), 0.0404673 secs]
649659.152: [GC [PSYoungGen: 43048K->5704K(44480K)] 777232K->745304K(1162688K), 0.0343343 secs]
649670.586: [GC [PSYoungGen: 42823K->5456K(42560K)] 782424K->750352K(1160768K), 0.0421735 secs]
649682.588: [GC [PSYoungGen: 42512K->4880K(43968K)] 787408K->754860K(1162176K), 0.0385024 secs]
649694.064: [GC [PSYoungGen: 41858K->5328K(43968K)] 791839K->759860K(1162176K), 0.0424191 secs]
649706.271: [GC [PSYoungGen: 42256K->5392K(43776K)] 796788K->764856K(1161984K), 0.0362418 secs]
649716.004: [GC [PSYoungGen: 42246K->6232K(43072K)] 801711K->770696K(1161280K), 0.0428261 secs]
649727.644: [GC [PSYoungGen: 43032K->5664K(43712K)] 807496K->775912K(1161920K), 0.0434565 secs]
649737.824: [GC [PSYoungGen: 42398K->5840K(43520K)] 812647K->781340K(1161728K), 0.0622512 secs]
649749.221: [GC [PSYoungGen: 42511K->4904K(43456K)] 818011K->785804K(1161664K), 0.0360329 secs]
649759.686: [GC [PSYoungGen: 41511K->5624K(43392K)] 822412K->791052K(1161600K), 0.0404713 secs]
649770.226: [GC [PSYoungGen: 42167K->5608K(43200K)] 827596K->796292K(1161408K), 0.0403707 secs]
649783.747: [GC [PSYoungGen: 42072K->5088K(43072K)] 832757K->800988K(1161280K), 0.0398359 secs]
649795.116: [GC [PSYoungGen: 41504K->5192K(42944K)] 837404K->805824K(1161152K), 0.0408050 secs]
649807.487: [GC [PSYoungGen: 41544K->5408K(42880K)] 842176K->810900K(1161088K), 0.0392253 secs]
649819.885: [GC [PSYoungGen: 41696K->5088K(42688K)] 847188K->815600K(1160896K), 0.0419866 secs]
649830.566: [GC [PSYoungGen: 41312K->6056K(42240K)] 851824K->821320K(1160448K), 0.0401241 secs]
649841.316: [GC [PSYoungGen: 42215K->5984K(42688K)] 857480K->826852K(1160896K), 0.0405535 secs]
649851.432: [GC [PSYoungGen: 42080K->5808K(42688K)] 862948K->832256K(1160896K), 0.0443443 secs]
649862.226: [GC [PSYoungGen: 41840K->5568K(42624K)] 868288K->837372K(1160832K), 0.0401590 secs]
649872.648: [GC [PSYoungGen: 41536K->5320K(41280K)] 873340K->842272K(1159488K), 0.0401902 secs]
649882.368: [GC [PSYoungGen: 41224K->5472K(41600K)] 878176K->847344K(1159808K), 0.0384663 secs]
649893.950: [GC [PSYoungGen: 41311K->5328K(42176K)] 883184K->852293K(1160384K), 0.0454016 secs]
649903.739: [GC [PSYoungGen: 41104K->5536K(42048K)] 888069K->857400K(1160256K), 0.0366281 secs]
649913.667: [GC [PSYoungGen: 41248K->5256K(41920K)] 893112K->862272K(1160128K), 0.0390364 secs]
649924.078: [GC [PSYoungGen: 40902K->5640K(41856K)] 897919K->867520K(1160064K), 0.0385790 secs]
649934.387: [GC [PSYoungGen: 41220K->5024K(41728K)] 903101K->872097K(1159936K), 0.0390789 secs]
649945.896: [GC [PSYoungGen: 40543K->5032K(41728K)] 907616K->876809K(1159936K), 0.0401711 secs]
649956.881: [GC [PSYoungGen: 40488K->4744K(41664K)] 912265K->881181K(1159872K), 0.0352631 secs]
649967.910: [GC [PSYoungGen: 40135K->5472K(41600K)] 916572K->886337K(1159808K), 0.0363745 secs]
649978.478: [GC [PSYoungGen: 40800K->5432K(41472K)] 921665K->891385K(1159680K), 0.0386010 secs]
649985.374: [GC [PSYoungGen: 40694K->4520K(41408K)] 926647K->895521K(1159616K), 0.0421017 secs]
649993.526: [GC [PSYoungGen: 39720K->3928K(39104K)] 930721K->899101K(1157312K), 0.0394108 secs]
650000.226: [GC [PSYoungGen: 39064K->4120K(41472K)] 934237K->902820K(1159680K), 0.0392849 secs]
650009.193: [GC [PSYoungGen: 39191K->4296K(41472K)] 937892K->906686K(1159680K), 0.0334544 secs]
650018.866: [GC [PSYoungGen: 39304K->4824K(41344K)] 941694K->911063K(1159552K), 0.0399200 secs]
650028.015: [GC [PSYoungGen: 39767K->5032K(41216K)] 946006K->915721K(1159424K), 0.0417039 secs]
650037.915: [GC [PSYoungGen: 39912K->4920K(41024K)] 950601K->920171K(1159232K), 0.0410442 secs]
650046.439: [GC [PSYoungGen: 39736K->5336K(40128K)] 954987K->925138K(1158336K), 0.0391300 secs]
650057.748: [GC [PSYoungGen: 40087K->4848K(39296K)] 959890K->929610K(1157504K), 0.0381075 secs]
650069.065: [GC [PSYoungGen: 39280K->4968K(42176K)] 964042K->934234K(1160384K), 0.0411866 secs]
650078.803: [GC [PSYoungGen: 39336K->5024K(41984K)] 968602K->938892K(1160192K), 0.0429090 secs]
650089.374: [GC [PSYoungGen: 39328K->5488K(39744K)] 973196K->944024K(1157952K), 0.0422555 secs]
650100.458: [GC [PSYoungGen: 39727K->5040K(41536K)] 978263K->948680K(1159744K), 0.0385453 secs]
650112.057: [GC [PSYoungGen: 39216K->4792K(41344K)] 982856K->953100K(1159552K), 0.0393427 secs]
650121.691: [GC [PSYoungGen: 38904K->4664K(41152K)] 987212K->957424K(1159360K), 0.0447665 secs]
650129.528: [GC [PSYoungGen: 38712K->3768K(41024K)] 991472K->960857K(1159232K), 0.0372232 secs]
650135.546: [GC [PSYoungGen: 37752K->4176K(41024K)] 994841K->964605K(1159232K), 0.0388900 secs]
650140.955: [GC [PSYoungGen: 38096K->4112K(40960K)] 998525K->968276K(1159168K), 0.0396188 secs]
650146.939: [GC [PSYoungGen: 37968K->4200K(40832K)] 1002132K->971956K(1159040K), 0.0371360 secs]
650152.937: [GC [PSYoungGen: 37992K->4168K(40640K)] 1005748K->975653K(1158848K), 0.0393212 secs]
650164.142: [GC [PSYoungGen: 37896K->4864K(40512K)] 1009381K->980078K(1158720K), 0.0344530 secs]
650174.759: [GC [PSYoungGen: 38528K->4504K(38144K)] 1013742K->984219K(1156352K), 0.0379459 secs]
650184.454: [GC [PSYoungGen: 38103K->4840K(40064K)] 1017819K->988740K(1158272K), 0.0417228 secs]
650196.045: [GC [PSYoungGen: 38368K->4608K(39872K)] 1022268K->992988K(1158080K), 0.0413925 secs]
650201.196: [GC [PSYoungGen: 38080K->4024K(39680K)] 1026460K->996617K(1157888K), 0.0393289 secs]
650207.506: [GC [PSYoungGen: 37432K->4008K(39552K)] 1030025K->1000213K(1157760K), 0.0414118 secs]
650213.026: [GC [PSYoungGen: 37352K->3872K(39488K)] 1033557K->1003615K(1157696K), 0.0397264 secs]
650220.287: [GC [PSYoungGen: 37151K->3776K(39360K)] 1036894K->1006974K(1157568K), 0.0386279 secs]
650226.175: [GC [PSYoungGen: 36992K->4240K(39296K)] 1040190K->1010788K(1157504K), 0.0412521 secs]
650234.900: [GC [PSYoungGen: 37392K->5056K(39104K)] 1043940K->1015344K(1157312K), 0.0361852 secs]
650244.495: [GC [PSYoungGen: 38144K->4912K(39104K)] 1048432K->1019804K(1157312K), 0.0413733 secs]
650255.893: [GC [PSYoungGen: 37936K->4480K(37504K)] 1052828K->1023868K(1155712K), 0.0450759 secs]
650267.332: [GC [PSYoungGen: 37439K->4008K(38464K)] 1056828K->1027511K(1156672K), 0.0341030 secs]
650277.920: [GC [PSYoungGen: 36904K->4856K(38720K)] 1060407K->1032083K(1156928K), 0.0359491 secs]
650288.011: [GC [PSYoungGen: 37688K->5336K(38656K)] 1064915K->1037067K(1156864K), 0.0351193 secs]
650297.759: [GC [PSYoungGen: 38104K->5544K(38784K)] 1069835K->1042247K(1156992K), 0.0364544 secs]
650304.913: [GC [PSYoungGen: 38247K->4104K(36864K)] 1074951K->1045951K(1155072K), 0.0325248 secs]
650311.857: [GC [PSYoungGen: 36744K->4208K(38784K)] 1078591K->1049801K(1156992K), 0.0379098 secs]
650317.166: [GC [PSYoungGen: 36784K->4192K(38656K)] 1082377K->1053675K(1156864K), 0.0391695 secs]
650324.326: [GC [PSYoungGen: 36697K->4056K(38528K)] 1086181K->1057267K(1156736K), 0.0392339 secs]
650331.385: [GC [PSYoungGen: 36504K->3744K(38400K)] 1089715K->1060593K(1156608K), 0.0403054 secs]
650342.816: [GC [PSYoungGen: 36128K->4392K(38272K)] 1092977K->1064632K(1156480K), 0.0400779 secs]
650354.021: [GC [PSYoungGen: 36712K->3952K(38080K)] 1096952K->1068256K(1156288K), 0.0354593 secs]
650363.580: [GC [PSYoungGen: 36208K->4536K(37952K)] 1100512K->1072524K(1156160K), 0.0358867 secs]
650374.889: [GC [PSYoungGen: 36728K->5080K(37824K)] 1104716K->1077280K(1156032K), 0.0361499 secs]
650385.136: [GC [PSYoungGen: 37208K->5480K(37568K)] 1109408K->1082480K(1155776K), 0.0399833 secs]
650392.914: [GC [PSYoungGen: 37544K->5168K(38080K)] 1114544K->1087320K(1156288K), 0.0427875 secs]
650401.920: [GC [PSYoungGen: 37168K->5384K(37376K)] 1119320K->1092320K(1155584K), 0.0366413 secs]
650409.847: [GC [PSYoungGen: 37320K->5288K(38144K)] 1124256K->1097220K(1156352K), 0.0391475 secs]
650418.082: [GC [PSYoungGen: 37160K->5000K(38144K)] 1129092K->1101808K(1156352K), 0.0441592 secs]
650428.156: [GC [PSYoungGen: 36805K->4464K(38016K)] 1133613K->1105924K(1156224K), 0.0398403 secs]
650437.847: [GC [PSYoungGen: 36195K->3632K(37888K)] 1137655K->1109184K(1156096K), 0.0386836 secs]
650443.816: [GC [PSYoungGen: 35311K->3480K(37824K)] 1140863K->1112325K(1156032K), 0.0398116 secs]
650452.313: [GC [PSYoungGen: 35096K->3240K(34816K)] 1143941K->1115209K(1153024K), 0.0323619 secs]
650459.643: [GC [PSYoungGen: 34790K->3624K(37824K)] 1146760K->1118518K(1156032K), 0.0328636 secs]
650459.677: [Full GC [PSYoungGen: 3624K->0K(37824K)] [PSOldGen: 1114893K->530901K(1064960K)] 1118518K->530901K(1102784K) [PSPermGen: 67483K->67483K(69632K)], 3.3037429 secs]
650463.438: [GC [PSYoungGen: 31483K->1888K(33344K)] 562385K->532790K(1098304K), 0.0270141 secs]
650471.159: [GC [PSYoungGen: 33312K->4728K(37824K)] 564214K->537210K(1102784K), 0.0375188 secs]
650480.708: [GC [PSYoungGen: 36088K->5152K(36480K)] 568570K->541969K(1101440K), 0.0384754 secs]
650489.382: [GC [PSYoungGen: 36447K->5248K(37888K)] 573264K->546829K(1102848K), 0.0340864 secs]
650498.241: [GC [PSYoungGen: 36479K->4808K(37952K)] 578060K->551265K(1102912K), 0.0346168 secs]
650506.304: [GC [PSYoungGen: 35976K->3928K(37824K)] 582433K->554789K(1102784K), 0.0417245 secs]
650515.374: [GC [PSYoungGen: 35029K->3968K(37568K)] 585891K->558406K(1102528K), 0.0316210 secs]
650523.976: [GC [PSYoungGen: 35008K->4176K(37376K)] 589446K->562232K(1102336K), 0.0393547 secs]
650531.707: [GC [PSYoungGen: 35152K->4384K(37120K)] 593208K->566257K(1102080K), 0.0394304 secs]
650541.457: [GC [PSYoungGen: 35296K->5176K(36928K)] 597169K->571023K(1101888K), 0.0387370 secs]
650550.677: [GC [PSYoungGen: 36024K->4848K(36992K)] 601871K->575475K(1101952K), 0.0386920 secs]
650559.770: [GC [PSYoungGen: 35632K->4328K(36928K)] 606259K->579455K(1101888K), 0.0359721 secs]
650568.058: [GC [PSYoungGen: 35035K->5024K(35712K)] 610162K->584127K(1100672K), 0.0393764 secs]
650578.229: [GC [PSYoungGen: 35673K->4328K(35712K)] 614777K->588043K(1100672K), 0.0371026 secs]
650589.162: [GC [PSYoungGen: 34920K->4408K(36480K)] 618635K->592191K(1101440K), 0.0340391 secs]
650596.208: [GC [PSYoungGen: 34936K->3448K(36288K)] 622719K->595379K(1101248K), 0.0375903 secs]
650603.096: [GC [PSYoungGen: 33910K->3496K(36288K)] 625842K->598525K(1101248K), 0.0299423 secs]
650609.945: [GC [PSYoungGen: 33896K->3752K(36224K)] 628925K->601880K(1101184K), 0.0401186 secs]
650617.254: [GC [PSYoungGen: 34088K->3896K(36096K)] 632216K->605355K(1101056K), 0.0309068 secs]
650623.500: [GC [PSYoungGen: 34168K->4184K(35904K)] 635627K->608973K(1100864K), 0.0359799 secs]
650631.536: [GC [PSYoungGen: 34392K->4384K(35712K)] 639181K->612848K(1100672K), 0.0388188 secs]
650639.031: [GC [PSYoungGen: 34528K->4248K(35584K)] 642992K->616711K(1100544K), 0.0344739 secs]
650648.316: [GC [PSYoungGen: 34328K->4104K(34176K)] 646791K->620465K(1099136K), 0.0404490 secs]
650655.674: [GC [PSYoungGen: 34120K->4656K(34176K)] 650481K->624861K(1099136K), 0.0329215 secs]
650664.813: [GC [PSYoungGen: 34160K->4328K(36224K)] 654365K->628905K(1101184K), 0.0333316 secs]
650674.502: [GC [PSYoungGen: 33768K->4312K(35968K)] 658345K->632881K(1100928K), 0.0338453 secs]
650683.566: [GC [PSYoungGen: 33688K->4384K(35776K)] 662257K->636917K(1100736K), 0.0397834 secs]
650692.341: [GC [PSYoungGen: 33696K->3208K(35584K)] 666229K->639793K(1100544K), 0.0344932 secs]
650699.196: [GC [PSYoungGen: 32454K->3160K(35584K)] 669039K->642644K(1100544K), 0.0396308 secs]
650705.951: [GC [PSYoungGen: 32344K->3352K(35520K)] 671828K->645624K(1100480K), 0.0344442 secs]
650713.652: [GC [PSYoungGen: 32472K->3296K(35392K)] 674744K->648546K(1100352K), 0.0335354 secs]
650720.414: [GC [PSYoungGen: 32350K->4312K(35264K)] 677600K->652490K(1100224K), 0.0339685 secs]
650729.296: [GC [PSYoungGen: 33304K->4840K(35072K)] 681482K->656937K(1100032K), 0.0396976 secs]
650737.076: [GC [PSYoungGen: 33768K->4912K(35072K)] 685865K->661389K(1100032K), 0.0395322 secs]
650744.478: [GC [PSYoungGen: 33776K->4952K(33792K)] 690253K->665953K(1098752K), 0.0381348 secs]
650752.886: [GC [PSYoungGen: 33751K->4552K(35072K)] 694752K->670145K(1100032K), 0.0397556 secs]
650763.896: [GC [PSYoungGen: 33285K->3952K(32640K)] 698878K->673749K(1097600K), 0.0405603 secs]
650772.406: [GC [PSYoungGen: 32624K->3656K(34688K)] 702421K->677053K(1099648K), 0.0397361 secs]
650781.472: [GC [PSYoungGen: 32264K->3824K(34560K)] 705661K->680633K(1099520K), 0.0341657 secs]
650790.877: [GC [PSYoungGen: 32367K->4344K(34432K)] 709176K->684673K(1099392K), 0.0392964 secs]
650799.853: [GC [PSYoungGen: 32823K->4736K(34240K)] 713153K->689101K(1099200K), 0.0331737 secs]
650807.896: [GC [PSYoungGen: 33152K->4720K(34176K)] 717517K->693457K(1099136K), 0.0395860 secs]
650815.355: [GC [PSYoungGen: 33072K->4752K(34176K)] 721809K->697829K(1099136K), 0.0402512 secs]
650824.246: [GC [PSYoungGen: 33040K->4488K(34112K)] 726117K->701929K(1099072K), 0.0396520 secs]
650830.506: [GC [PSYoungGen: 32712K->4776K(33920K)] 730153K->706349K(1098880K), 0.0401227 secs]
650839.346: [GC [PSYoungGen: 32935K->4024K(33856K)] 734508K->710001K(1098816K), 0.0397422 secs]
650848.597: [GC [PSYoungGen: 32119K->3800K(33728K)] 738096K->713485K(1098688K), 0.0383800 secs]
650857.476: [GC [PSYoungGen: 31830K->3952K(33664K)] 741515K->717109K(1098624K), 0.0394714 secs]
650865.256: [GC [PSYoungGen: 31919K->4336K(32256K)] 745076K->721125K(1097216K), 0.0415344 secs]
650872.740: [GC [PSYoungGen: 32240K->3648K(32768K)] 749029K->724413K(1097728K), 0.0357070 secs]
650879.230: [GC [PSYoungGen: 31488K->3376K(33280K)] 752253K->727462K(1098240K), 0.0354535 secs]
650885.733: [GC [PSYoungGen: 31152K->3040K(33216K)] 755238K->730141K(1098176K), 0.0323128 secs]
650891.776: [GC [PSYoungGen: 30751K->3144K(33216K)] 757853K->732912K(1098176K), 0.0292392 secs]
650897.505: [GC [PSYoungGen: 30792K->3344K(33152K)] 760560K->735991K(1098112K), 0.0403392 secs]
650905.654: [GC [PSYoungGen: 30927K->3952K(33024K)] 763574K->739628K(1097984K), 0.0321646 secs]
650914.703: [GC [PSYoungGen: 31472K->4544K(32832K)] 767148K->743827K(1097792K), 0.0419462 secs]
650921.264: [GC [PSYoungGen: 32000K->4440K(31872K)] 771283K->747943K(1096832K), 0.0316729 secs]
650929.050: [GC [PSYoungGen: 31832K->4408K(32832K)] 775335K->751991K(1097792K), 0.0352948 secs]
650937.159: [GC [PSYoungGen: 31736K->4368K(32768K)] 779319K->756083K(1097728K), 0.0372308 secs]
650945.076: [GC [PSYoungGen: 31631K->4264K(32704K)] 783347K->760039K(1097664K), 0.0395412 secs]
650953.604: [GC [PSYoungGen: 31464K->4008K(32576K)] 787239K->763772K(1097536K), 0.0424334 secs]
650961.266: [GC [PSYoungGen: 31144K->3848K(32384K)] 790908K->767312K(1097344K), 0.0403180 secs]
650968.406: [GC [PSYoungGen: 30918K->4256K(32256K)] 794382K->771248K(1097216K), 0.0395849 secs]
650979.146: [GC [PSYoungGen: 31264K->3512K(32128K)] 798256K->774392K(1097088K), 0.0296648 secs]
650987.266: [GC [PSYoungGen: 30456K->3856K(32064K)] 801336K->777992K(1097024K), 0.0391532 secs]
650992.136: [GC [PSYoungGen: 30735K->3296K(31936K)] 804871K->780996K(1096896K), 0.0383013 secs]
650997.358: [GC [PSYoungGen: 30111K->3216K(31872K)] 807812K->784001K(1096832K), 0.0373508 secs]
651004.677: [GC [PSYoungGen: 29968K->3280K(31808K)] 810753K->786894K(1096768K), 0.0289708 secs]
651009.510: [GC [PSYoungGen: 29968K->3632K(30272K)] 813582K->790255K(1095232K), 0.0362330 secs]
651014.233: [GC [PSYoungGen: 30256K->3624K(31168K)] 816879K->793554K(1096128K), 0.0329216 secs]
651020.943: [GC [PSYoungGen: 30248K->3488K(31552K)] 820178K->796656K(1096512K), 0.0326724 secs]
651030.786: [GC [PSYoungGen: 30112K->3528K(31488K)] 823280K->799831K(1096448K), 0.0401394 secs]
651037.891: [GC [PSYoungGen: 30152K->4200K(31424K)] 826455K->803751K(1096384K), 0.0348101 secs]
651045.040: [GC [PSYoungGen: 30824K->3840K(31488K)] 830375K->807254K(1096448K), 0.0353593 secs]
651053.896: [GC [PSYoungGen: 30464K->4240K(31424K)] 833878K->811194K(1096384K), 0.0397375 secs]
651062.966: [GC [PSYoungGen: 30864K->4160K(31488K)] 837818K->814982K(1096448K), 0.0390788 secs]
651070.398: [GC [PSYoungGen: 30784K->3752K(31488K)] 841606K->818378K(1096448K), 0.0376261 secs]
651076.448: [GC [PSYoungGen: 30376K->4256K(31424K)] 845002K->822318K(1096384K), 0.0381535 secs]
651083.776: [GC [PSYoungGen: 30879K->4584K(31232K)] 848942K->826590K(1096192K), 0.0399007 secs]
651093.471: [GC [PSYoungGen: 31208K->3920K(31616K)] 853214K->830098K(1096576K), 0.0356731 secs]
651100.133: [GC [PSYoungGen: 30544K->4368K(31552K)] 856722K->834130K(1096512K), 0.0323218 secs]
651107.954: [GC [PSYoungGen: 30992K->3592K(31616K)] 860754K->837334K(1096576K), 0.0319406 secs]
651116.645: [GC [PSYoungGen: 30216K->3744K(31552K)] 863958K->840790K(1096512K), 0.0310454 secs]
651124.965: [GC [PSYoungGen: 30368K->4248K(31488K)] 867414K->844706K(1096448K), 0.0312218 secs]
651132.376: [GC [PSYoungGen: 30872K->3760K(31552K)] 871330K->848098K(1096512K), 0.0402721 secs]
651138.426: [GC [PSYoungGen: 30384K->3912K(31488K)] 874722K->851721K(1096448K), 0.0394458 secs]
651147.930: [GC [PSYoungGen: 30536K->3496K(31424K)] 878345K->854839K(1096384K), 0.0350948 secs]
651155.425: [GC [PSYoungGen: 30118K->3368K(31424K)] 881462K->857871K(1096384K), 0.0304399 secs]
651161.056: [GC [PSYoungGen: 29992K->3952K(31424K)] 884495K->861504K(1096384K), 0.0388135 secs]
651170.094: [GC [PSYoungGen: 30576K->3888K(31360K)] 888128K->865020K(1096320K), 0.0317174 secs]
651181.502: [GC [PSYoungGen: 30512K->3792K(31296K)] 891644K->868544K(1096256K), 0.0338012 secs]
651188.880: [GC [PSYoungGen: 30416K->3856K(31232K)] 895168K->872080K(1096192K), 0.0356606 secs]
651196.687: [GC [PSYoungGen: 30480K->4128K(31168K)] 898704K->875892K(1096128K), 0.0390703 secs]
651204.277: [GC [PSYoungGen: 30752K->4528K(30592K)] 902516K->880376K(1095552K), 0.0390261 secs]
651211.527: [GC [PSYoungGen: 30573K->4824K(32320K)] 906421K->884928K(1097280K), 0.0392573 secs]
651220.892: [GC [PSYoungGen: 30872K->3584K(32256K)] 910976K->888152K(1097216K), 0.0339209 secs]
651229.006: [GC [PSYoungGen: 29632K->4016K(32256K)] 914200K->891848K(1097216K), 0.0400341 secs]
651237.110: [GC [PSYoungGen: 30058K->3752K(32128K)] 917891K->895232K(1097088K), 0.0361073 secs]
651246.638: [GC [PSYoungGen: 29798K->3328K(32000K)] 921279K->898196K(1096960K), 0.0378140 secs]
651254.233: [GC [PSYoungGen: 29376K->4576K(32000K)] 924244K->902504K(1096960K), 0.0328558 secs]
651261.531: [GC [PSYoungGen: 30624K->3776K(32000K)] 928552K->905861K(1096960K), 0.0341482 secs]
651271.436: [GC [PSYoungGen: 29824K->3656K(31872K)] 931909K->909217K(1096832K), 0.0395973 secs]
651278.625: [GC [PSYoungGen: 29704K->3928K(31808K)] 935265K->912821K(1096768K), 0.0407023 secs]
651285.656: [GC [PSYoungGen: 29975K->3328K(31680K)] 938868K->915795K(1096640K), 0.0392309 secs]
651292.427: [GC [PSYoungGen: 29376K->4024K(31616K)] 941843K->919510K(1096576K), 0.0386772 secs]
651299.126: [GC [PSYoungGen: 30068K->3968K(31488K)] 945554K->923034K(1096448K), 0.0397556 secs]
651306.770: [GC [PSYoungGen: 30015K->3056K(29120K)] 949082K->925716K(1094080K), 0.0359902 secs]
651312.088: [GC [PSYoungGen: 29104K->3048K(31424K)] 951764K->928525K(1096384K), 0.0373751 secs]
651317.931: [GC [PSYoungGen: 29096K->3152K(31424K)] 954573K->931412K(1096384K), 0.0338615 secs]
651323.800: [GC [PSYoungGen: 29200K->3080K(31360K)] 957460K->934127K(1096320K), 0.0353595 secs]
651330.298: [GC [PSYoungGen: 29127K->2768K(31296K)] 960174K->936591K(1096256K), 0.0370351 secs]
651339.506: [GC [PSYoungGen: 28815K->3880K(31296K)] 962639K->940222K(1096256K), 0.0299864 secs]
651349.641: [GC [PSYoungGen: 29913K->3504K(31296K)] 966256K->943379K(1096256K), 0.0346287 secs]
651357.867: [GC [PSYoungGen: 29552K->4176K(31104K)] 969427K->947219K(1096064K), 0.0385388 secs]
651366.744: [GC [PSYoungGen: 30219K->4168K(30272K)] 973263K->951003K(1095232K), 0.0319079 secs]
651375.477: [GC [PSYoungGen: 30216K->3904K(31232K)] 977051K->954543K(1096192K), 0.0389685 secs]
651383.504: [GC [PSYoungGen: 29943K->4328K(31168K)] 980583K->958579K(1096128K), 0.0315524 secs]
651392.872: [GC [PSYoungGen: 30376K->3856K(31232K)] 984627K->962047K(1096192K), 0.0341325 secs]
651401.576: [GC [PSYoungGen: 29904K->4000K(31104K)] 988095K->965759K(1096064K), 0.0393453 secs]
651410.453: [GC [PSYoungGen: 30048K->4024K(31104K)] 991807K->969411K(1096064K), 0.0331114 secs]
651419.096: [GC [PSYoungGen: 30072K->3800K(31040K)] 995459K->972847K(1096000K), 0.0391813 secs]
651428.517: [GC [PSYoungGen: 29846K->3960K(30912K)] 998893K->976439K(1095872K), 0.0394401 secs]
651437.166: [GC [PSYoungGen: 30008K->3920K(30848K)] 1002487K->980003K(1095808K), 0.0392325 secs]
651445.223: [GC [PSYoungGen: 29966K->3904K(30784K)] 1006050K->983555K(1095744K), 0.0334694 secs]
651455.236: [GC [PSYoungGen: 29952K->3328K(30720K)] 1009603K->986538K(1095680K), 0.0385013 secs]
651464.656: [GC [PSYoungGen: 29376K->3144K(30720K)] 1012586K->989364K(1095680K), 0.0413704 secs]
651471.296: [GC [PSYoungGen: 29191K->3976K(30784K)] 1015412K->993059K(1095744K), 0.0298373 secs]
651480.447: [GC [PSYoungGen: 30024K->4040K(30784K)] 1019107K->996781K(1095744K), 0.0390182 secs]
651489.724: [GC [PSYoungGen: 30088K->4472K(30528K)] 1022829K->1000893K(1095488K), 0.0316573 secs]
651499.656: [GC [PSYoungGen: 30520K->3608K(30912K)] 1026941K->1004173K(1095872K), 0.0388159 secs]
651510.367: [GC [PSYoungGen: 29641K->3512K(30912K)] 1030207K->1007393K(1095872K), 0.0382148 secs]
651521.387: [GC [PSYoungGen: 29560K->3512K(30848K)] 1033441K->1010601K(1095808K), 0.0288743 secs]
651531.239: [GC [PSYoungGen: 29552K->4064K(30784K)] 1036641K->1014373K(1095744K), 0.0372715 secs]
651539.926: [GC [PSYoungGen: 30105K->4424K(30784K)] 1040414K->1018473K(1095744K), 0.0300220 secs]
651550.211: [GC [PSYoungGen: 30471K->4280K(30336K)] 1044521K->1022377K(1095296K), 0.0354252 secs]
651562.191: [GC [PSYoungGen: 30323K->3520K(30976K)] 1048421K->1025533K(1095936K), 0.0347699 secs]
651574.362: [GC [PSYoungGen: 29568K->3256K(30976K)] 1051581K->1028473K(1095936K), 0.0339373 secs]
651586.441: [GC [PSYoungGen: 29304K->3584K(30976K)] 1054521K->1031793K(1095936K), 0.0351713 secs]
651598.159: [GC [PSYoungGen: 29632K->4120K(30912K)] 1057841K->1035617K(1095872K), 0.0362957 secs]
651608.424: [GC [PSYoungGen: 30168K->4856K(30592K)] 1061665K->1039469K(1095552K), 0.0325376 secs]
651618.028: [GC [PSYoungGen: 30584K->4240K(32000K)] 1065197K->1043590K(1096960K), 0.0383727 secs]
651629.896: [GC [PSYoungGen: 29967K->3624K(31808K)] 1069317K->1046840K(1096768K), 0.0395645 secs]
651639.596: [GC [PSYoungGen: 29352K->3504K(31744K)] 1072568K->1049987K(1096704K), 0.0385172 secs]
651650.021: [GC [PSYoungGen: 29216K->3368K(31680K)] 1075700K->1053043K(1096640K), 0.0345328 secs]
651662.024: [GC [PSYoungGen: 29096K->3680K(31616K)] 1078771K->1056428K(1096576K), 0.0316985 secs]
651674.896: [GC [PSYoungGen: 29407K->3848K(31488K)] 1082156K->1059952K(1096448K), 0.0323805 secs]
651683.484: [GC [PSYoungGen: 29576K->5616K(31360K)] 1085680K->1063848K(1096320K), 0.0324834 secs]
651694.048: [GC [PSYoungGen: 31344K->4472K(32576K)] 1089576K->1068192K(1097536K), 0.0371739 secs]
651694.086: [Full GC [PSYoungGen: 4472K->0K(32576K)] [PSOldGen: 1063720K->505893K(1013760K)] 1068192K->505893K(1046336K) [PSPermGen: 67493K->67493K(69632K)], 3.1791890 secs]
651705.226: [GC [PSYoungGen: 25725K->4032K(29824K)] 531619K->509925K(1043584K), 0.0300357 secs]
651714.806: [GC [PSYoungGen: 29760K->3712K(32192K)] 535653K->513321K(1045952K), 0.0296448 secs]
651727.959: [GC [PSYoungGen: 29439K->3384K(32128K)] 539049K->516401K(1045888K), 0.0271640 secs]
651737.568: [GC [PSYoungGen: 29110K->6328K(31808K)] 542127K->519889K(1045568K), 0.0288651 secs]
651745.592: [GC [PSYoungGen: 31800K->3136K(32576K)] 545361K->522945K(1046336K), 0.0329289 secs]
651753.796: [GC [PSYoungGen: 28608K->2904K(32512K)] 548417K->525511K(1046272K), 0.0292177 secs]
651762.069: [GC [PSYoungGen: 28376K->3080K(32512K)] 550983K->528285K(1046272K), 0.0266755 secs]
651768.351: [GC [PSYoungGen: 28552K->3136K(32384K)] 553757K->531083K(1046144K), 0.0349231 secs]
651778.469: [GC [PSYoungGen: 28603K->4032K(29568K)] 556551K->534725K(1043328K), 0.0358786 secs]
651788.121: [GC [PSYoungGen: 29504K->3696K(32000K)] 560197K->538008K(1045760K), 0.0342217 secs]
651797.833: [GC [PSYoungGen: 29167K->3432K(31808K)] 563480K->541056K(1045568K), 0.0330632 secs]
651807.787: [GC [PSYoungGen: 28904K->3456K(31680K)] 566528K->544234K(1045440K), 0.0284679 secs]
651819.220: [GC [PSYoungGen: 28927K->3632K(31552K)] 569706K->547526K(1045312K), 0.0353218 secs]
651827.307: [GC [PSYoungGen: 29104K->3720K(29312K)] 572998K->550941K(1043072K), 0.0304187 secs]
651833.199: [GC [PSYoungGen: 29192K->3360K(31168K)] 576413K->553932K(1044928K), 0.0357484 secs]
651840.637: [GC [PSYoungGen: 28832K->3296K(31040K)] 579404K->556822K(1044800K), 0.0369523 secs]
651848.084: [GC [PSYoungGen: 28763K->3080K(30976K)] 582289K->559517K(1044736K), 0.0316153 secs]
651855.010: [GC [PSYoungGen: 28552K->3064K(30912K)] 584989K->562179K(1044672K), 0.0352730 secs]
651864.886: [GC [PSYoungGen: 28536K->3536K(30848K)] 587651K->565355K(1044608K), 0.0291356 secs]
651878.078: [GC [PSYoungGen: 29007K->3264K(30656K)] 590827K->568271K(1044416K), 0.0281096 secs]
651887.116: [GC [PSYoungGen: 28735K->3856K(30592K)] 593743K->571839K(1044352K), 0.0294031 secs]
651896.028: [GC [PSYoungGen: 29328K->4032K(30528K)] 597311K->575555K(1044288K), 0.0280939 secs]
651909.519: [GC [PSYoungGen: 29503K->3848K(30528K)] 601027K->579079K(1044288K), 0.0359869 secs]
651919.127: [GC [PSYoungGen: 29320K->3832K(30464K)] 604551K->582651K(1044224K), 0.0290762 secs]
651931.034: [GC [PSYoungGen: 29304K->3848K(30400K)] 608123K->586275K(1044160K), 0.0320512 secs]
651941.086: [GC [PSYoungGen: 29320K->3960K(30336K)] 611747K->589919K(1044096K), 0.0304504 secs]
651950.556: [GC [PSYoungGen: 29431K->4096K(30336K)] 615391K->593672K(1044096K), 0.0294964 secs]
651961.996: [GC [PSYoungGen: 29568K->3448K(30336K)] 619144K->596796K(1044096K), 0.0289266 secs]
651969.526: [GC [PSYoungGen: 28920K->4856K(30336K)] 622268K->599675K(1044096K), 0.0301836 secs]
651976.285: [GC [PSYoungGen: 30327K->2976K(30336K)] 625147K->602494K(1044096K), 0.0312695 secs]
651983.209: [GC [PSYoungGen: 28448K->2672K(31168K)] 627966K->604741K(1044928K), 0.0267373 secs]
651991.917: [GC [PSYoungGen: 28144K->2976K(31168K)] 630213K->607390K(1044928K), 0.0285629 secs]
652001.077: [GC [PSYoungGen: 28448K->3536K(31168K)] 632862K->610574K(1044928K), 0.0288824 secs]
652010.578: [GC [PSYoungGen: 29008K->3984K(30976K)] 636046K->614230K(1044736K), 0.0276328 secs]
652022.346: [GC [PSYoungGen: 29455K->3856K(30912K)] 639702K->617739K(1044672K), 0.0300550 secs]
652031.506: [GC [PSYoungGen: 29325K->3912K(30784K)] 643208K->621307K(1044544K), 0.0295119 secs]
652042.097: [GC [PSYoungGen: 29384K->3736K(30720K)] 646779K->624663K(1044480K), 0.0383481 secs]
652053.080: [GC [PSYoungGen: 29208K->3792K(30592K)] 650135K->628099K(1044352K), 0.0351769 secs]
652064.719: [GC [PSYoungGen: 29264K->3824K(30464K)] 653571K->631611K(1044224K), 0.0365227 secs]
652073.342: [GC [PSYoungGen: 29296K->4184K(30336K)] 657083K->635491K(1044096K), 0.0343162 secs]
652083.659: [GC [PSYoungGen: 29656K->3840K(30400K)] 660963K->638987K(1044160K), 0.0365387 secs]
652094.937: [GC [PSYoungGen: 29312K->4064K(30336K)] 664459K->642735K(1044096K), 0.0385391 secs]
652105.676: [GC [PSYoungGen: 29536K->3704K(30336K)] 668207K->646067K(1044096K), 0.0298902 secs]
652115.956: [GC [PSYoungGen: 29176K->3800K(30208K)] 671539K->649511K(1043968K), 0.0298826 secs]
652122.722: [GC [PSYoungGen: 29268K->2864K(30144K)] 674980K->652034K(1043904K), 0.0334134 secs]
652129.647: [GC [PSYoungGen: 28336K->3072K(30208K)] 677506K->654847K(1043968K), 0.0278552 secs]
652136.386: [GC [PSYoungGen: 28544K->3232K(30208K)] 680319K->657722K(1043968K), 0.0295035 secs]
652143.664: [GC [PSYoungGen: 28704K->3264K(30208K)] 683194K->660607K(1043968K), 0.0313565 secs]
652153.659: [GC [PSYoungGen: 28736K->3600K(29120K)] 686079K->663820K(1042880K), 0.0379732 secs]
652163.493: [GC [PSYoungGen: 29072K->3696K(29056K)] 689292K->667245K(1042816K), 0.0332771 secs]
652173.510: [GC [PSYoungGen: 29040K->3760K(31104K)] 692589K->670793K(1044864K), 0.0364785 secs]
652182.581: [GC [PSYoungGen: 29104K->4216K(30976K)] 696137K->674637K(1044736K), 0.0347367 secs]
652191.585: [GC [PSYoungGen: 29560K->3920K(30912K)] 699981K->678157K(1044672K), 0.0310252 secs]
652202.308: [GC [PSYoungGen: 29257K->3520K(30720K)] 703495K->681340K(1044480K), 0.0280539 secs]
652211.049: [GC [PSYoungGen: 28863K->3248K(30656K)] 706684K->684227K(1044416K), 0.0370654 secs]
652219.705: [GC [PSYoungGen: 28590K->3376K(30656K)] 709569K->687320K(1044416K), 0.0305736 secs]
652230.276: [GC [PSYoungGen: 28720K->3784K(30592K)] 712664K->690768K(1044352K), 0.0292841 secs]
652240.576: [GC [PSYoungGen: 29127K->4008K(30400K)] 716112K->694463K(1044160K), 0.0386898 secs]
652249.523: [GC [PSYoungGen: 29352K->4000K(30400K)] 719807K->698135K(1044160K), 0.0331737 secs]
652257.063: [GC [PSYoungGen: 29341K->3480K(30336K)] 723476K->701283K(1044096K), 0.0327972 secs]
652265.074: [GC [PSYoungGen: 28824K->2864K(30272K)] 726627K->703737K(1044032K), 0.0314643 secs]
652272.976: [GC [PSYoungGen: 28208K->2808K(30336K)] 729081K->706178K(1044096K), 0.0294249 secs]
652279.762: [GC [PSYoungGen: 28147K->2896K(30336K)] 731518K->708782K(1044096K), 0.0336784 secs]
652287.171: [GC [PSYoungGen: 28239K->3232K(30336K)] 734126K->711634K(1044096K), 0.0340107 secs]
652299.555: [GC [PSYoungGen: 28576K->4032K(30272K)] 736978K->715247K(1044032K), 0.0308931 secs]
652308.344: [GC [PSYoungGen: 29376K->4168K(30336K)] 740591K->719007K(1044096K), 0.0318130 secs]
652317.027: [GC [PSYoungGen: 29512K->3880K(30400K)] 744351K->722571K(1044160K), 0.0383292 secs]
652329.107: [GC [PSYoungGen: 29214K->3712K(30336K)] 747906K->725971K(1044096K), 0.0296861 secs]
652337.745: [GC [PSYoungGen: 29055K->3672K(30272K)] 751314K->729299K(1044032K), 0.0299319 secs]
652345.746: [GC [PSYoungGen: 29015K->3768K(30144K)] 754643K->732697K(1043904K), 0.0290373 secs]
652354.047: [GC [PSYoungGen: 29112K->3432K(28800K)] 758041K->735799K(1042560K), 0.0295109 secs]
652363.695: [GC [PSYoungGen: 28775K->3776K(29376K)] 761143K->739226K(1043136K), 0.0309840 secs]
652373.506: [GC [PSYoungGen: 29120K->3712K(29952K)] 764570K->742610K(1043712K), 0.0302867 secs]
652383.427: [GC [PSYoungGen: 29054K->3840K(29888K)] 767952K->746122K(1043648K), 0.0281126 secs]
652391.920: [GC [PSYoungGen: 29184K->4168K(29568K)] 771466K->749950K(1043328K), 0.0359394 secs]
652399.973: [GC [PSYoungGen: 29512K->3024K(29952K)] 775294K->752606K(1043712K), 0.0328062 secs]
652406.305: [GC [PSYoungGen: 28368K->3016K(30016K)] 777950K->755275K(1043776K), 0.0312165 secs]
652414.213: [GC [PSYoungGen: 28360K->2720K(30016K)] 780619K->757657K(1043776K), 0.0321767 secs]
652421.874: [GC [PSYoungGen: 28064K->2688K(30080K)] 783001K->759975K(1043840K), 0.0318165 secs]
652429.906: [GC [PSYoungGen: 28031K->3688K(30080K)] 785319K->763273K(1043840K), 0.0296742 secs]
652437.946: [GC [PSYoungGen: 29032K->3936K(30016K)] 788617K->766809K(1043776K), 0.0302493 secs]
652449.423: [GC [PSYoungGen: 29279K->4272K(29888K)] 792153K->770717K(1043648K), 0.0330700 secs]
652458.596: [GC [PSYoungGen: 29423K->3872K(30080K)] 795869K->774213K(1043840K), 0.0393408 secs]
652467.883: [GC [PSYoungGen: 29024K->3488K(30080K)] 799365K->777397K(1043840K), 0.0327400 secs]
652479.711: [GC [PSYoungGen: 28640K->3568K(28736K)] 802549K->780653K(1042496K), 0.0358099 secs]
652488.253: [GC [PSYoungGen: 28720K->4016K(29248K)] 805805K->784458K(1043008K), 0.0333597 secs]
652497.518: [GC [PSYoungGen: 29168K->3928K(29888K)] 809610K->788118K(1043648K), 0.0374991 secs]
652507.286: [GC [PSYoungGen: 29080K->4072K(29888K)] 813270K->791846K(1043648K), 0.0295469 secs]
652517.866: [GC [PSYoungGen: 29224K->3608K(29952K)] 816998K->795134K(1043712K), 0.0302056 secs]
652527.187: [GC [PSYoungGen: 28760K->3776K(29824K)] 820286K->798610K(1043584K), 0.0283969 secs]
652537.087: [GC [PSYoungGen: 28923K->3760K(29760K)] 823757K->802030K(1043520K), 0.0375545 secs]
652546.934: [GC [PSYoungGen: 28912K->4104K(29696K)] 827182K->805794K(1043456K), 0.0325861 secs]
652556.516: [GC [PSYoungGen: 29256K->3816K(29760K)] 830946K->809250K(1043520K), 0.0292284 secs]
652566.386: [GC [PSYoungGen: 28968K->3736K(29696K)] 834402K->812658K(1043456K), 0.0293470 secs]
652576.606: [GC [PSYoungGen: 28888K->3808K(29632K)] 837810K->816186K(1043392K), 0.0291378 secs]
652585.279: [GC [PSYoungGen: 28959K->3920K(29568K)] 841337K->819862K(1043328K), 0.0370701 secs]
652595.746: [GC [PSYoungGen: 29071K->3680K(29568K)] 845013K->823322K(1043328K), 0.0291836 secs]
652605.987: [GC [PSYoungGen: 28827K->3568K(29568K)] 848469K->826578K(1043328K), 0.0284716 secs]
652614.456: [GC [PSYoungGen: 28720K->4112K(29504K)] 851730K->830382K(1043264K), 0.0298132 secs]
652625.715: [GC [PSYoungGen: 29264K->3608K(29568K)] 855534K->833614K(1043328K), 0.0305965 secs]
652636.219: [GC [PSYoungGen: 28760K->3808K(29568K)] 858766K->837166K(1043328K), 0.0365900 secs]
652644.947: [GC [PSYoungGen: 28959K->3816K(29504K)] 862318K->840634K(1043264K), 0.0289404 secs]
652655.703: [GC [PSYoungGen: 28964K->3880K(29504K)] 865782K->844214K(1043264K), 0.0329651 secs]
652665.056: [GC [PSYoungGen: 29032K->4216K(29440K)] 869366K->848102K(1043200K), 0.0395117 secs]
652672.401: [GC [PSYoungGen: 29365K->4064K(29248K)] 873251K->851718K(1043008K), 0.0354717 secs]
652684.218: [GC [PSYoungGen: 29205K->3600K(29632K)] 876860K->854994K(1043392K), 0.0369890 secs]
652694.939: [GC [PSYoungGen: 28752K->3568K(29568K)] 880146K->858270K(1043328K), 0.0371241 secs]
652703.178: [GC [PSYoungGen: 28720K->3592K(29568K)] 883422K->861586K(1043328K), 0.0378289 secs]
652714.450: [GC [PSYoungGen: 28744K->3880K(29568K)] 886738K->865218K(1043328K), 0.0359176 secs]
652723.136: [GC [PSYoungGen: 29032K->4200K(29504K)] 890370K->869090K(1043264K), 0.0301675 secs]
652731.364: [GC [PSYoungGen: 29352K->3304K(29632K)] 894242K->872018K(1043392K), 0.0311511 secs]
652738.506: [GC [PSYoungGen: 28455K->2904K(29632K)] 897170K->874573K(1043392K), 0.0294702 secs]
652746.068: [GC [PSYoungGen: 28056K->2960K(29760K)] 899725K->877187K(1043520K), 0.0271287 secs]
652753.697: [GC [PSYoungGen: 28112K->3160K(29760K)] 902339K->880030K(1043520K), 0.0291402 secs]
652760.102: [GC [PSYoungGen: 28310K->3224K(29760K)] 905180K->882694K(1043520K), 0.0331542 secs]
652768.639: [GC [PSYoungGen: 28370K->4072K(29696K)] 907840K->886415K(1043456K), 0.0371243 secs]
652779.116: [GC [PSYoungGen: 29224K->3824K(29824K)] 911567K->889887K(1043584K), 0.0293232 secs]
652788.473: [GC [PSYoungGen: 28975K->3656K(29824K)] 915038K->893257K(1043584K), 0.0326083 secs]
652797.909: [GC [PSYoungGen: 28808K->3624K(29696K)] 918409K->896529K(1043456K), 0.0369871 secs]
652807.214: [GC [PSYoungGen: 28775K->3832K(29632K)] 921680K->900069K(1043392K), 0.0319184 secs]
652817.086: [GC [PSYoungGen: 28981K->4144K(29312K)] 925218K->903857K(1043072K), 0.0397690 secs]
652826.511: [GC [PSYoungGen: 29296K->3840K(29696K)] 929009K->907373K(1043456K), 0.0336868 secs]
652836.796: [GC [PSYoungGen: 28992K->3816K(29696K)] 932525K->910841K(1043456K), 0.0300234 secs]
652846.466: [GC [PSYoungGen: 28967K->3648K(29632K)] 935992K->914213K(1043392K), 0.0294029 secs]
652854.536: [GC [PSYoungGen: 28800K->4184K(29376K)] 939365K->918113K(1043136K), 0.0308624 secs]
652864.532: [GC [PSYoungGen: 29336K->3848K(29696K)] 943265K->921617K(1043456K), 0.0328673 secs]
652874.379: [GC [PSYoungGen: 29000K->4000K(29632K)] 946769K->925293K(1043392K), 0.0366319 secs]
652881.938: [GC [PSYoungGen: 29151K->3712K(29696K)] 950444K->928665K(1043456K), 0.0380221 secs]
652893.336: [GC [PSYoungGen: 28864K->3648K(29632K)] 953817K->931997K(1043392K), 0.0291158 secs]
652904.446: [GC [PSYoungGen: 28800K->3424K(29568K)] 957149K->935101K(1043328K), 0.0294022 secs]
652911.980: [GC [PSYoungGen: 28576K->3824K(29568K)] 960253K->938617K(1043328K), 0.0349815 secs]
652921.724: [GC [PSYoungGen: 28972K->4008K(29568K)] 963766K->942301K(1043328K), 0.0316698 secs]
652932.141: [GC [PSYoungGen: 29157K->4216K(29376K)] 967450K->946173K(1043136K), 0.0353204 secs]
652941.406: [GC [PSYoungGen: 29368K->3744K(29696K)] 971325K->949505K(1043456K), 0.0300295 secs]
652949.766: [GC [PSYoungGen: 28896K->3896K(29632K)] 974657K->953061K(1043392K), 0.0298883 secs]
652959.477: [GC [PSYoungGen: 29048K->3888K(29568K)] 978213K->956649K(1043328K), 0.0386023 secs]
652969.024: [GC [PSYoungGen: 29040K->3992K(29568K)] 981801K->960305K(1043328K), 0.0317143 secs]
652977.559: [GC [PSYoungGen: 29144K->3792K(29568K)] 985457K->963733K(1043328K), 0.0370123 secs]
652987.068: [GC [PSYoungGen: 28938K->3688K(29504K)] 988879K->967133K(1043264K), 0.0372181 secs]
652996.876: [GC [PSYoungGen: 28840K->3856K(29504K)] 992285K->970701K(1043264K), 0.0309467 secs]
653005.446: [GC [PSYoungGen: 29008K->3856K(29440K)] 995853K->974201K(1043200K), 0.0296616 secs]
653015.765: [GC [PSYoungGen: 29008K->3760K(29440K)] 999353K->977641K(1043200K), 0.0305634 secs]
653025.871: [GC [PSYoungGen: 28912K->3672K(29376K)] 1002793K->980989K(1043136K), 0.0347899 secs]
653033.894: [GC [PSYoungGen: 28824K->4000K(29376K)] 1006141K->984685K(1043136K), 0.0318004 secs]
653044.836: [GC [PSYoungGen: 29152K->3784K(29440K)] 1009837K->988089K(1043200K), 0.0294465 secs]
653054.626: [GC [PSYoungGen: 28935K->4048K(29376K)] 1013240K->991845K(1043136K), 0.0304604 secs]
653062.019: [GC [PSYoungGen: 29200K->3760K(29440K)] 1016997K->995293K(1043200K), 0.0371054 secs]
653070.517: [GC [PSYoungGen: 28911K->3408K(29376K)] 1020445K->998369K(1043136K), 0.0389138 secs]
653077.618: [GC [PSYoungGen: 28553K->3112K(28288K)] 1023515K->1001168K(1042048K), 0.0370044 secs]
653085.253: [GC [PSYoungGen: 28264K->3104K(29504K)] 1026320K->1003862K(1043264K), 0.0328680 secs]
653091.226: [GC [PSYoungGen: 28255K->2984K(29568K)] 1029013K->1006497K(1043328K), 0.0295464 secs]
653097.677: [GC [PSYoungGen: 28133K->3048K(29568K)] 1031647K->1009202K(1043328K), 0.0292425 secs]
653107.285: [GC [PSYoungGen: 28200K->3504K(29632K)] 1034354K->1012344K(1043392K), 0.0308555 secs]
653116.525: [GC [PSYoungGen: 28656K->3728K(29504K)] 1037496K->1015790K(1043264K), 0.0313429 secs]
653116.557: [Full GC [PSYoungGen: 3728K->0K(29504K)] [PSOldGen: 1012062K->474380K(958464K)] 1015790K->474380K(987968K) [PSPermGen: 67502K->67463K(69632K)], 3.0888199 secs]
653124.852: [GC [PSYoungGen: 25152K->3936K(29120K)] 499532K->478316K(987584K), 0.0335511 secs]
653135.376: [GC [PSYoungGen: 29087K->3832K(29568K)] 503468K->481775K(988032K), 0.0304188 secs]
653145.062: [GC [PSYoungGen: 28975K->3944K(29120K)] 506918K->485383K(987584K), 0.0334384 secs]
653152.039: [GC [PSYoungGen: 29082K->3992K(29632K)] 510521K->489055K(988096K), 0.0364989 secs]
653160.368: [GC [PSYoungGen: 29144K->4064K(29248K)] 514207K->492791K(987712K), 0.0374072 secs]
653169.677: [GC [PSYoungGen: 29216K->3560K(29760K)] 517943K->495995K(988224K), 0.0293454 secs]
653180.069: [GC [PSYoungGen: 28711K->3832K(29696K)] 521147K->499483K(988160K), 0.0366357 secs]
653184.674: [GC [PSYoungGen: 28983K->3248K(29632K)] 524635K->502363K(988096K), 0.0316210 secs]
653190.904: [GC [PSYoungGen: 28399K->2880K(28096K)] 527514K->504875K(986560K), 0.0311651 secs]
653197.979: [GC [PSYoungGen: 28032K->3160K(29696K)] 530027K->507685K(988160K), 0.0265995 secs]
653205.436: [GC [PSYoungGen: 28310K->3144K(29696K)] 532835K->510480K(988160K), 0.0297463 secs]
653211.038: [GC [PSYoungGen: 28296K->3048K(29632K)] 535632K->513160K(988096K), 0.0271651 secs]
653220.113: [GC [PSYoungGen: 28200K->3736K(29632K)] 538312K->516504K(988096K), 0.0321933 secs]
653229.746: [GC [PSYoungGen: 28885K->3576K(29632K)] 541653K->519750K(988096K), 0.0296670 secs]
653240.043: [GC [PSYoungGen: 28728K->4096K(29312K)] 544902K->523558K(987776K), 0.0322932 secs]
653246.268: [GC [PSYoungGen: 29238K->4112K(29696K)] 548700K->527309K(988160K), 0.0378236 secs]
653255.776: [GC [PSYoungGen: 29264K->4032K(29248K)] 552461K->531037K(987712K), 0.0305863 secs]
653265.893: [GC [PSYoungGen: 29184K->3528K(29888K)] 556189K->534185K(988352K), 0.0323859 secs]
653273.094: [GC [PSYoungGen: 28676K->3688K(29760K)] 559334K->537565K(988224K), 0.0417998 secs]
653281.454: [GC [PSYoungGen: 28839K->4048K(29696K)] 562717K->541293K(988160K), 0.0318735 secs]
653288.324: [GC [PSYoungGen: 29199K->3312K(29760K)] 566445K->544317K(988224K), 0.0314776 secs]
653296.746: [GC [PSYoungGen: 28464K->2928K(29760K)] 569469K->546944K(988224K), 0.0290640 secs]
653303.076: [GC [PSYoungGen: 28079K->2544K(27712K)] 572095K->549142K(986176K), 0.0296360 secs]
653310.854: [GC [PSYoungGen: 27695K->2504K(29824K)] 574294K->551339K(988288K), 0.0317736 secs]
653325.131: [GC [PSYoungGen: 27656K->2816K(29888K)] 576491K->553818K(988352K), 0.0253152 secs]
653333.977: [GC [PSYoungGen: 27968K->3664K(29888K)] 578970K->557236K(988352K), 0.0285334 secs]
653345.006: [GC [PSYoungGen: 28816K->4184K(29824K)] 582388K->561076K(988288K), 0.0295346 secs]
653355.785: [GC [PSYoungGen: 29336K->4280K(30016K)] 586228K->565024K(988480K), 0.0307939 secs]
653363.733: [GC [PSYoungGen: 29432K->3976K(30208K)] 590176K->568600K(988672K), 0.0331082 secs]
653376.252: [GC [PSYoungGen: 29128K->3552K(30208K)] 593752K->571816K(988672K), 0.0333791 secs]
653390.506: [GC [PSYoungGen: 28704K->3240K(30080K)] 596968K->574732K(988544K), 0.0302019 secs]
653398.668: [GC [PSYoungGen: 28392K->3720K(30016K)] 599884K->578196K(988480K), 0.0276873 secs]
653411.476: [GC [PSYoungGen: 28872K->3656K(28864K)] 603348K->581532K(987328K), 0.0423467 secs]
653422.846: [GC [PSYoungGen: 28808K->3720K(29056K)] 606684K->584932K(987520K), 0.0290537 secs]
653434.358: [GC [PSYoungGen: 28872K->3968K(29824K)] 610084K->588568K(988288K), 0.0279805 secs]
653447.051: [GC [PSYoungGen: 29120K->3880K(29824K)] 613720K->592132K(988288K), 0.0346490 secs]
653456.224: [GC [PSYoungGen: 29031K->4120K(29312K)] 617283K->595948K(987776K), 0.0319318 secs]
653469.437: [GC [PSYoungGen: 29272K->3664K(29888K)] 621100K->599208K(988352K), 0.0291252 secs]
653482.287: [GC [PSYoungGen: 28816K->3528K(29824K)] 624360K->602448K(988288K), 0.0282763 secs]
653492.203: [GC [PSYoungGen: 28668K->4600K(29120K)] 627589K->605840K(987584K), 0.0331681 secs]
653505.602: [GC [PSYoungGen: 29112K->3872K(30208K)] 630352K->609648K(988672K), 0.0334946 secs]
653514.066: [GC [PSYoungGen: 28384K->3864K(30080K)] 634160K->613184K(988544K), 0.0296540 secs]
653524.996: [GC [PSYoungGen: 28374K->3760K(29952K)] 637695K->616636K(988416K), 0.0296236 secs]
653537.324: [GC [PSYoungGen: 28272K->3416K(29824K)] 641148K->619736K(988288K), 0.0312815 secs]
653544.737: [GC [PSYoungGen: 27928K->3432K(29760K)] 644248K->622869K(988224K), 0.0286637 secs]
653555.281: [GC [PSYoungGen: 27944K->3424K(29760K)] 647381K->625961K(988224K), 0.0345588 secs]
653566.607: [GC [PSYoungGen: 27936K->3944K(28480K)] 650473K->629521K(986944K), 0.0293151 secs]
653574.686: [GC [PSYoungGen: 28456K->3840K(28928K)] 654033K->632998K(987392K), 0.0387204 secs]
653584.358: [GC [PSYoungGen: 28344K->3256K(29504K)] 657502K->635918K(987968K), 0.0278473 secs]
653595.095: [GC [PSYoungGen: 27768K->2656K(29440K)] 660430K->638206K(987904K), 0.0302236 secs]
653602.618: [GC [PSYoungGen: 27167K->2656K(27200K)] 662717K->640519K(985664K), 0.0278469 secs]
653608.240: [GC [PSYoungGen: 27168K->2936K(29568K)] 665031K->643104K(988032K), 0.0251841 secs]
653617.291: [GC [PSYoungGen: 27448K->3904K(29504K)] 667616K->646671K(987968K), 0.0347193 secs]
653627.827: [GC [PSYoungGen: 28416K->4056K(29504K)] 671183K->650357K(987968K), 0.0289442 secs]
653635.845: [GC [PSYoungGen: 28568K->3952K(29568K)] 674869K->653961K(988032K), 0.0305442 secs]
653648.496: [GC [PSYoungGen: 28458K->3400K(29568K)] 678467K->657021K(988032K), 0.0291025 secs]
653659.087: [GC [PSYoungGen: 27912K->3504K(29440K)] 681533K->660237K(987904K), 0.0279707 secs]
653668.277: [GC [PSYoungGen: 28016K->3592K(29376K)] 684749K->663553K(987840K), 0.0376255 secs]
653679.469: [GC [PSYoungGen: 28104K->3904K(29248K)] 688065K->667129K(987712K), 0.0354788 secs]
653688.664: [GC [PSYoungGen: 28416K->4064K(29248K)] 691641K->670849K(987712K), 0.0319118 secs]
653695.884: [GC [PSYoungGen: 28576K->4232K(28800K)] 695361K->674741K(987264K), 0.0322077 secs]
653708.149: [GC [PSYoungGen: 28744K->3736K(29376K)] 699253K->678118K(987840K), 0.0363283 secs]
653718.278: [GC [PSYoungGen: 28248K->3400K(29312K)] 702630K->681138K(987776K), 0.0280622 secs]
653724.136: [GC [PSYoungGen: 27912K->2664K(29248K)] 705650K->683488K(987712K), 0.0295051 secs]
653731.320: [GC [PSYoungGen: 27166K->3032K(29312K)] 707991K->686195K(987776K), 0.0354132 secs]
653737.934: [GC [PSYoungGen: 27542K->3152K(29312K)] 710705K->688948K(987776K), 0.0308176 secs]
653744.640: [GC [PSYoungGen: 27663K->3256K(29248K)] 713459K->691847K(987712K), 0.0355902 secs]
653752.806: [GC [PSYoungGen: 27768K->3496K(29184K)] 716359K->694986K(987648K), 0.0299277 secs]
653761.585: [GC [PSYoungGen: 28008K->3600K(29056K)] 719498K->698207K(987520K), 0.0303044 secs]
653771.056: [GC [PSYoungGen: 28112K->3392K(28992K)] 722719K->701251K(987456K), 0.0397780 secs]
653780.782: [GC [PSYoungGen: 27904K->3928K(28928K)] 725763K->704951K(987392K), 0.0335209 secs]
653788.136: [GC [PSYoungGen: 28439K->3952K(28992K)] 729463K->708603K(987456K), 0.0292073 secs]
653797.760: [GC [PSYoungGen: 28460K->4040K(28608K)] 733112K->712335K(987072K), 0.0352208 secs]
653804.582: [GC [PSYoungGen: 28552K->2952K(29120K)] 736847K->714979K(987584K), 0.0339411 secs]
653812.266: [GC [PSYoungGen: 27464K->2976K(29184K)] 739491K->717648K(987648K), 0.0292016 secs]
653815.604: [GC [PSYoungGen: 27488K->3048K(29120K)] 742160K->720318K(987584K), 0.0314271 secs]
653821.917: [GC [PSYoungGen: 27560K->3200K(29120K)] 744830K->723100K(987584K), 0.0288284 secs]
653829.026: [GC [PSYoungGen: 27710K->3024K(29056K)] 747610K->725727K(987520K), 0.0297458 secs]
653837.244: [GC [PSYoungGen: 27534K->4072K(28608K)] 750238K->729452K(987072K), 0.0322249 secs]
653845.123: [GC [PSYoungGen: 28584K->3656K(29120K)] 753964K->732752K(987584K), 0.0325265 secs]
653855.793: [GC [PSYoungGen: 28168K->3064K(29120K)] 757264K->735516K(987584K), 0.0328822 secs]
653867.960: [GC [PSYoungGen: 27576K->3032K(29056K)] 760028K->738284K(987520K), 0.0362396 secs]
653875.956: [GC [PSYoungGen: 27534K->3544K(29056K)] 762786K->741552K(987520K), 0.0298782 secs]
653886.365: [GC [PSYoungGen: 28056K->4120K(28992K)] 766064K->745344K(987456K), 0.0307114 secs]
653897.603: [GC [PSYoungGen: 28632K->4000K(28544K)] 769856K->748976K(987008K), 0.0318645 secs]
653905.606: [GC [PSYoungGen: 28512K->4008K(29248K)] 773488K->752644K(987712K), 0.0301905 secs]
653914.090: [GC [PSYoungGen: 28519K->3704K(29248K)] 777155K->755996K(987712K), 0.0363334 secs]
653920.140: [GC [PSYoungGen: 28215K->4656K(28544K)] 780507K->760444K(987008K), 0.0358685 secs]
653927.715: [GC [PSYoungGen: 28527K->3808K(30144K)] 784315K->763924K(988608K), 0.0308520 secs]
653933.248: [GC [PSYoungGen: 27678K->2944K(29952K)] 787794K->766462K(988416K), 0.0370930 secs]
653936.610: [GC [PSYoungGen: 26816K->2784K(29952K)] 790334K->768891K(988416K), 0.0350917 secs]
653943.687: [GC [PSYoungGen: 26656K->2936K(29952K)] 792763K->771487K(988416K), 0.0369725 secs]
653951.468: [GC [PSYoungGen: 26808K->2176K(29824K)] 795359K->773275K(988288K), 0.0370636 secs]
653956.956: [GC [PSYoungGen: 26041K->3192K(29888K)] 797140K->776244K(988352K), 0.0299667 secs]
653964.150: [GC [PSYoungGen: 27064K->3864K(29696K)] 800116K->779893K(988160K), 0.0358464 secs]
653969.347: [GC [PSYoungGen: 27733K->3968K(29632K)] 803762K->783505K(988096K), 0.0393563 secs]
653974.508: [GC [PSYoungGen: 27839K->3912K(29568K)] 807376K->787157K(988032K), 0.0368705 secs]
653982.353: [GC [PSYoungGen: 27783K->3608K(29440K)] 811028K->790353K(987904K), 0.0328147 secs]
653988.286: [GC [PSYoungGen: 27480K->2920K(26816K)] 814225K->792830K(985280K), 0.0304522 secs]
653993.174: [GC [PSYoungGen: 26792K->3120K(29248K)] 816702K->795723K(987712K), 0.0309988 secs]
653997.978: [GC [PSYoungGen: 26992K->3224K(29120K)] 819595K->798691K(987584K), 0.0369030 secs]
654005.171: [GC [PSYoungGen: 27092K->3024K(28992K)] 822560K->801363K(987456K), 0.0343625 secs]
654015.488: [GC [PSYoungGen: 26896K->3336K(28928K)] 825235K->804450K(987392K), 0.0379229 secs]
654021.538: [GC [PSYoungGen: 27201K->3624K(28800K)] 828316K->807770K(987264K), 0.0373651 secs]
654025.987: [GC [PSYoungGen: 27496K->4480K(28416K)] 831642K->811914K(986880K), 0.0380031 secs]
654030.899: [GC [PSYoungGen: 28351K->4448K(28928K)] 835786K->815938K(987392K), 0.0367189 secs]
654037.972: [GC [PSYoungGen: 28320K->4032K(29120K)] 839810K->819586K(987584K), 0.0341267 secs]
654047.356: [GC [PSYoungGen: 27903K->3616K(29120K)] 843457K->822850K(987584K), 0.0398689 secs]
654052.912: [GC [PSYoungGen: 27488K->3376K(28992K)] 846722K->825902K(987456K), 0.0430920 secs]
654056.436: [GC [PSYoungGen: 27247K->3576K(29952K)] 849774K->829182K(988416K), 0.0390172 secs]
654062.628: [GC [PSYoungGen: 28536K->3976K(29824K)] 854142K->832890K(988288K), 0.0379917 secs]
654070.279: [GC [PSYoungGen: 28935K->3960K(29824K)] 857849K->836558K(988288K), 0.0366779 secs]
654077.296: [GC [PSYoungGen: 28919K->4416K(29824K)] 861518K->840734K(988288K), 0.0400638 secs]
654083.059: [GC [PSYoungGen: 29376K->3928K(30016K)] 865694K->844395K(988480K), 0.0373710 secs]
654086.701: [GC [PSYoungGen: 28880K->3808K(28800K)] 869347K->847875K(987264K), 0.0349839 secs]
654092.195: [GC [PSYoungGen: 28766K->4152K(28544K)] 872833K->851899K(987008K), 0.0409586 secs]
654099.037: [GC [PSYoungGen: 28536K->3960K(30656K)] 876283K->855663K(989120K), 0.0388390 secs]
654106.549: [GC [PSYoungGen: 28343K->3584K(30464K)] 880046K->858951K(988928K), 0.0365991 secs]
654112.664: [GC [PSYoungGen: 27968K->3288K(30400K)] 883335K->861939K(988864K), 0.0412818 secs]
654116.495: [GC [PSYoungGen: 27672K->3864K(31040K)] 886323K->865491K(989504K), 0.0408334 secs]
654120.476: [GC [PSYoungGen: 28949K->4000K(30912K)] 890577K->869159K(989376K), 0.0396734 secs]
654126.472: [GC [PSYoungGen: 29086K->3848K(34432K)] 894246K->872683K(992896K), 0.0427584 secs]
654135.996: [GC [PSYoungGen: 32648K->4616K(34240K)] 901483K->876983K(992704K), 0.0400378 secs]
654143.255: [GC [PSYoungGen: 33352K->4592K(34240K)] 905719K->881215K(992704K), 0.0407608 secs]
654147.194: [GC [PSYoungGen: 33264K->4064K(35328K)] 909887K->884923K(993792K), 0.0418359 secs]
654153.040: [GC [PSYoungGen: 33759K->4992K(39360K)] 914619K->889547K(997824K), 0.0776077 secs]
654161.839: [GC [PSYoungGen: 38848K->5216K(39552K)] 923403K->894359K(998016K), 0.0372259 secs]
654172.413: [GC [PSYoungGen: 39072K->5056K(44736K)] 928215K->899039K(1003200K), 0.0994936 secs]
654178.616: [GC [PSYoungGen: 43903K->5880K(45184K)] 937887K->904551K(1003648K), 0.0423298 secs]
654188.435: [GC [PSYoungGen: 45047K->5352K(50816K)] 943719K->909459K(1009280K), 0.1092706 secs]
654200.062: [GC [PSYoungGen: 49768K->6512K(50944K)] 953875K->916191K(1009408K), 0.0460065 secs]
654207.736: [GC [PSYoungGen: 50928K->7176K(60224K)] 960607K->923123K(1018688K), 0.1490908 secs]
654219.606: [GC [PSYoungGen: 58247K->8296K(60480K)] 974194K->930947K(1018944K), 0.0743512 secs]
654232.327: [GC [PSYoungGen: 59367K->7736K(69056K)] 982019K->938184K(1027520K), 0.1575595 secs]
654242.874: [GC [PSYoungGen: 66742K->8976K(69504K)] 997190K->946640K(1027968K), 0.0762265 secs]
654255.826: [GC [PSYoungGen: 68111K->9056K(78528K)] 1005774K->955100K(1036992K), 0.1810075 secs]
654269.615: [GC [PSYoungGen: 76576K->9952K(79104K)] 1022620K->964428K(1037568K), 0.0849719 secs]
654269.701: [Full GC [PSYoungGen: 9952K->0K(79104K)] [PSOldGen: 954475K->466185K(978944K)] 964428K->466185K(1058048K) [PSPermGen: 67473K->67473K(69632K)], 3.1576831 secs]
654281.940: [GC [PSYoungGen: 67520K->8936K(90560K)] 533705K->475121K(1069504K), 0.1836236 secs]
654298.804: [GC [PSYoungGen: 87133K->11744K(91904K)] 553318K->486181K(1070848K), 0.0848152 secs]
654314.937: [GC [PSYoungGen: 91102K->11904K(104064K)] 565539K->497213K(1083008K), 0.2429989 secs]
654335.027: [GC [PSYoungGen: 102272K->13328K(105088K)] 587581K->509377K(1084032K), 0.0950362 secs]
654354.679: [GC [PSYoungGen: 103696K->13608K(120064K)] 599745K->521525K(1099008K), 0.2769753 secs]
654374.831: [GC [PSYoungGen: 117668K->15440K(121216K)] 625586K->535230K(1100160K), 0.0987887 secs]
654397.151: [GC [PSYoungGen: 119504K->15368K(137792K)] 639294K->548546K(1116736K), 0.3051278 secs]
654423.416: [GC [PSYoungGen: 134470K->17648K(139008K)] 667648K->563858K(1117952K), 0.1005097 secs]
654447.815: [GC [PSYoungGen: 136752K->17552K(147648K)] 682962K->578622K(1126592K), 0.2847187 secs]
654474.936: [GC [PSYoungGen: 143501K->18592K(144576K)] 704571K->594358K(1123520K), 0.1086398 secs]
654499.962: [GC [PSYoungGen: 144544K->18240K(145664K)] 720310K->609646K(1124608K), 0.0589726 secs]
654525.360: [GC [PSYoungGen: 139456K->17856K(137984K)] 730862K->624602K(1116928K), 0.0572575 secs]
654551.296: [GC [PSYoungGen: 137920K->17480K(144896K)] 744666K->639354K(1123840K), 0.0603339 secs]
654576.282: [GC [PSYoungGen: 136392K->17448K(135296K)] 758266K->654110K(1114240K), 0.0572584 secs]
654600.466: [GC [PSYoungGen: 135272K->17472K(141056K)] 771934K->668934K(1120000K), 0.0566369 secs]
654625.466: [GC [PSYoungGen: 134195K->17264K(142016K)] 785658K->683582K(1120960K), 0.0567847 secs]
654648.733: [GC [PSYoungGen: 132912K->16920K(138752K)] 799230K->697922K(1117696K), 0.0567436 secs]
654673.401: [GC [PSYoungGen: 131544K->16840K(130496K)] 812546K->712242K(1109440K), 0.0571276 secs]
654697.304: [GC [PSYoungGen: 130426K->16504K(135936K)] 825828K->726294K(1114880K), 0.0611929 secs]
654719.193: [GC [PSYoungGen: 129080K->16600K(128192K)] 838870K->740566K(1107136K), 0.0594596 secs]
654743.045: [GC [PSYoungGen: 128152K->16456K(132992K)] 852118K->754630K(1111936K), 0.0629322 secs]
654766.506: [GC [PSYoungGen: 127048K->16328K(126016K)] 865222K->768550K(1104960K), 0.0573465 secs]
654790.456: [GC [PSYoungGen: 125960K->23344K(129792K)] 878182K->782298K(1108736K), 0.0812982 secs]
654811.536: [GC [PSYoungGen: 129776K->15848K(121408K)] 888730K->794542K(1100352K), 0.0586293 secs]
654833.806: [GC [PSYoungGen: 121384K->15456K(129664K)] 900078K->807826K(1108608K), 0.0537660 secs]
654855.999: [GC [PSYoungGen: 120096K->15400K(119168K)] 912466K->821150K(1098112K), 0.0621248 secs]
654877.911: [GC [PSYoungGen: 119144K->15112K(126464K)] 924894K->834306K(1105408K), 0.0589218 secs]
654898.106: [GC [PSYoungGen: 118021K->15192K(117312K)] 937215K->847554K(1096256K), 0.0561494 secs]
654919.731: [GC [PSYoungGen: 117272K->15048K(123520K)] 949634K->860674K(1102464K), 0.0568782 secs]
654942.234: [GC [PSYoungGen: 116296K->23800K(124224K)] 961922K->873634K(1103168K), 0.0779849 secs]
654960.403: [GC [PSYoungGen: 124216K->14784K(124928K)] 974050K->883978K(1103872K), 0.0648485 secs]
654982.307: [GC [PSYoungGen: 114368K->14728K(113600K)] 983562K->896910K(1092544K), 0.0516203 secs]
655003.918: [GC [PSYoungGen: 113544K->14592K(122304K)] 995726K->909694K(1101248K), 0.0522106 secs]
655024.725: [GC [PSYoungGen: 112640K->14376K(123008K)] 1007742K->922406K(1101952K), 0.0512420 secs]
655043.887: [GC [PSYoungGen: 111656K->14376K(119680K)] 1019686K->935086K(1098624K), 0.0547275 secs]
655064.753: [GC [PSYoungGen: 110888K->14072K(109824K)] 1031598K->947454K(1088768K), 0.0542440 secs]
655084.818: [GC [PSYoungGen: 109816K->14128K(117184K)] 1043198K->959974K(1096128K), 0.0646150 secs]
655103.264: [GC [PSYoungGen: 109103K->14264K(108544K)] 1054949K->972671K(1087488K), 0.0583899 secs]
655124.173: [GC [PSYoungGen: 108536K->13896K(118528K)] 1066943K->984927K(1097472K), 0.4604777 secs]
655124.634: [Full GC [PSYoungGen: 13896K->0K(118528K)] [PSOldGen: 971030K->525453K(1073152K)] 984927K->525453K(1191680K) [PSPermGen: 67483K->67483K(69632K)], 3.3905305 secs]
655141.957: [GC [PSYoungGen: 95295K->14096K(108736K)] 620748K->539549K(1181888K), 0.0564177 secs]
655162.526: [GC [PSYoungGen: 108688K->14080K(116160K)] 634141K->552031K(1189312K), 0.0504773 secs]
655183.766: [GC [PSYoungGen: 107968K->13800K(107008K)] 645919K->564255K(1180160K), 0.0579379 secs]
655200.347: [GC [PSYoungGen: 106984K->13696K(111872K)] 657439K->576467K(1185024K), 0.0516432 secs]
655221.540: [GC [PSYoungGen: 106240K->13592K(112896K)] 669011K->588575K(1186048K), 0.0494721 secs]
655242.116: [GC [PSYoungGen: 105495K->13712K(109888K)] 680479K->600823K(1183040K), 0.0521898 secs]
655258.706: [GC [PSYoungGen: 104976K->13456K(104128K)] 692087K->612855K(1177280K), 0.0566338 secs]
655279.595: [GC [PSYoungGen: 104080K->13168K(109888K)] 703479K->624615K(1183040K), 0.0558094 secs]
655297.403: [GC [PSYoungGen: 103152K->13448K(102848K)] 714599K->636743K(1176000K), 0.0589896 secs]
655314.827: [GC [PSYoungGen: 102791K->13248K(105920K)] 726087K->648639K(1179072K), 0.0550730 secs]
655334.876: [GC [PSYoungGen: 101952K->13112K(107072K)] 737343K->660391K(1180224K), 0.0543574 secs]
655350.938: [GC [PSYoungGen: 101240K->12920K(104192K)] 748519K->672031K(1177344K), 0.0638676 secs]
655371.643: [GC [PSYoungGen: 100472K->12912K(105408K)] 759583K->683712K(1178560K), 0.0574208 secs]
655389.447: [GC [PSYoungGen: 99888K->13224K(102528K)] 770688K->695648K(1175680K), 0.0556002 secs]
655406.201: [GC [PSYoungGen: 99624K->12808K(103680K)] 782048K->707104K(1176832K), 0.0599370 secs]
655426.092: [GC [PSYoungGen: 98632K->12640K(100864K)] 792928K->718580K(1174016K), 0.0603142 secs]
655441.786: [GC [PSYoungGen: 97887K->12752K(102080K)] 803827K->730168K(1175232K), 0.0538985 secs]
655461.547: [GC [PSYoungGen: 97424K->12432K(99264K)] 814840K->741408K(1172416K), 0.0547621 secs]
655477.509: [GC [PSYoungGen: 96528K->12448K(100608K)] 825504K->752696K(1173760K), 0.0514846 secs]
655494.018: [GC [PSYoungGen: 96032K->12312K(97856K)] 836280K->763900K(1171008K), 0.0542686 secs]
655513.476: [GC [PSYoungGen: 95383K->12384K(99200K)] 846971K->775224K(1172352K), 0.0534070 secs]
655528.738: [GC [PSYoungGen: 94943K->12336K(96448K)] 857784K->786456K(1169600K), 0.0540681 secs]
655549.403: [GC [PSYoungGen: 94384K->12256K(97792K)] 868504K->797640K(1170944K), 0.0567746 secs]
655563.276: [GC [PSYoungGen: 93791K->12136K(97088K)] 879176K->808668K(1170240K), 0.0539379 secs]
655581.916: [GC [PSYoungGen: 93160K->12040K(92608K)] 889692K->819712K(1165760K), 0.0556291 secs]
655596.817: [GC [PSYoungGen: 92546K->12120K(95744K)] 900218K->830812K(1168896K), 0.0527803 secs]
655613.534: [GC [PSYoungGen: 92120K->11912K(91456K)] 910812K->841708K(1164608K), 0.0577592 secs]
655630.817: [GC [PSYoungGen: 91400K->11840K(94400K)] 921196K->852604K(1167552K), 0.0621374 secs]
655645.086: [GC [PSYoungGen: 90816K->11568K(93824K)] 931580K->863260K(1166976K), 0.0530777 secs]
655663.947: [GC [PSYoungGen: 90096K->11736K(91264K)] 941788K->874136K(1164416K), 0.0545573 secs]
655678.281: [GC [PSYoungGen: 89816K->11760K(92672K)] 952216K->884940K(1165824K), 0.0594666 secs]
655695.704: [GC [PSYoungGen: 89390K->11456K(92096K)] 962571K->895532K(1165248K), 0.0554076 secs]
655710.596: [GC [PSYoungGen: 88640K->11568K(88320K)] 972716K->906284K(1161472K), 0.0556923 secs]
655729.946: [GC [PSYoungGen: 88304K->11288K(90944K)] 983020K->916780K(1164096K), 0.0534446 secs]
655742.087: [GC [PSYoungGen: 87572K->11400K(90432K)] 993064K->927404K(1163584K), 0.0584364 secs]
655761.658: [GC [PSYoungGen: 87240K->11136K(87808K)] 1003244K->937732K(1160960K), 0.0539615 secs]
655775.014: [GC [PSYoungGen: 86528K->11320K(89280K)] 1013124K->948332K(1162432K), 0.0555869 secs]
655792.286: [GC [PSYoungGen: 86262K->11104K(88704K)] 1023275K->958688K(1161856K), 0.0536113 secs]
655805.616: [GC [PSYoungGen: 85600K->11096K(85184K)] 1033184K->969132K(1158336K), 0.0560140 secs]
655822.686: [GC [PSYoungGen: 85144K->10808K(87616K)] 1043180K->979260K(1160768K), 0.0534210 secs]
655835.928: [GC [PSYoungGen: 84408K->10992K(88384K)] 1052860K->989672K(1161536K), 0.2412653 secs]
655853.296: [GC [PSYoungGen: 85423K->10992K(98944K)] 1064104K->1000040K(1172096K), 0.3405147 secs]
655869.129: [GC [PSYoungGen: 96112K->12664K(98816K)] 1085160K->1011840K(1171968K), 0.3043422 secs]
655885.877: [GC [PSYoungGen: 97782K->12632K(112896K)] 1096959K->1023412K(1186048K), 0.3923259 secs]
655910.416: [GC [PSYoungGen: 111639K->14072K(113088K)] 1122420K->1036568K(1186240K), 0.3591672 secs]
655927.751: [GC [PSYoungGen: 113080K->14688K(134592K)] 1135576K->1049980K(1207744K), 0.4178504 secs]
655951.468: [GC [PSYoungGen: 130272K->17176K(134592K)] 1165564K->1065133K(1207744K), 0.4551761 secs]
655975.597: [GC [PSYoungGen: 132760K->17096K(150848K)] 1180717K->1079697K(1224000K), 0.4211579 secs]
655976.018: [Full GC [PSYoungGen: 17096K->0K(150848K)] [PSOldGen: 1062600K->546107K(1110016K)] 1079697K->546107K(1260864K) [PSPermGen: 67493K->67493K(69632K)], 3.5164825 secs]
656004.401: [GC [PSYoungGen: 130944K->19200K(150208K)] 677051K->565307K(1260224K), 0.0917935 secs]
656033.036: [GC [PSYoungGen: 150144K->19024K(148416K)] 696251K->581147K(1258432K), 0.0935675 secs]
656059.656: [GC [PSYoungGen: 145615K->18704K(145344K)] 707738K->596811K(1255360K), 0.0586573 secs]
656084.505: [GC [PSYoungGen: 145296K->18728K(147776K)] 723403K->612491K(1257792K), 0.0598414 secs]
656109.000: [GC [PSYoungGen: 143143K->18384K(141760K)] 736906K->627759K(1251776K), 0.0596904 secs]
656135.799: [GC [PSYoungGen: 141706K->18112K(146240K)] 751081K->642899K(1256256K), 0.0585906 secs]
656160.883: [GC [PSYoungGen: 140352K->17840K(139008K)] 765139K->657915K(1249024K), 0.0587280 secs]
656186.897: [GC [PSYoungGen: 138991K->17880K(141824K)] 779066K->673043K(1251840K), 0.0590422 secs]
656214.168: [GC [PSYoungGen: 137944K->17264K(136320K)] 793107K->687631K(1246336K), 0.0586578 secs]
656236.798: [GC [PSYoungGen: 136304K->17536K(139200K)] 806671K->702599K(1249216K), 0.0601462 secs]
656260.489: [GC [PSYoungGen: 135551K->17296K(139904K)] 820614K->717227K(1249920K), 0.0581667 secs]
656283.511: [GC [PSYoungGen: 134288K->22520K(136256K)] 834219K->731851K(1246272K), 0.0809453 secs]
656310.416: [GC [PSYoungGen: 136248K->16664K(129472K)] 845579K->745675K(1239488K), 0.0617118 secs]
656334.956: [GC [PSYoungGen: 129431K->26864K(137216K)] 858443K->759803K(1247232K), 0.1017732 secs]
656356.496: [GC [PSYoungGen: 137200K->16248K(125696K)] 870139K->768891K(1235712K), 0.0609407 secs]
656379.048: [GC [PSYoungGen: 125688K->16008K(136640K)] 878331K->782543K(1246656K), 0.0545835 secs]
656401.274: [GC [PSYoungGen: 124548K->29480K(137152K)] 891083K->796015K(1247168K), 0.0824134 secs]
656425.356: [GC [PSYoungGen: 137127K->29272K(135104K)] 903663K->801647K(1245120K), 0.0837183 secs]
656445.596: [GC [PSYoungGen: 131928K->28528K(130432K)] 904303K->806671K(1240448K), 0.0777818 secs]
656464.633: [GC [PSYoungGen: 130416K->27784K(134208K)] 908559K->812099K(1244224K), 0.0727865 secs]
656486.576: [GC [PSYoungGen: 125832K->27280K(124672K)] 910147K->817847K(1234688K), 0.0676363 secs]
656507.726: [GC [PSYoungGen: 124624K->26824K(134080K)] 915191K->823911K(1244096K), 0.0667471 secs]
656525.142: [GC [PSYoungGen: 123464K->26736K(133440K)] 920551K->830459K(1243456K), 0.0657766 secs]
656546.879: [GC [PSYoungGen: 122672K->26320K(130560K)] 926395K->836715K(1240576K), 0.0687403 secs]
656567.868: [GC [PSYoungGen: 121552K->26304K(120896K)] 931947K->843447K(1230912K), 0.0661930 secs]
656585.047: [GC [PSYoungGen: 120832K->25800K(130560K)] 937975K->849623K(1240576K), 0.0693434 secs]
656606.854: [GC [PSYoungGen: 119688K->25248K(118528K)] 943511K->856083K(1228544K), 0.0673515 secs]
656628.205: [GC [PSYoungGen: 118488K->25216K(125824K)] 949324K->862531K(1235840K), 0.0711074 secs]
656647.622: [GC [PSYoungGen: 117822K->25000K(116992K)] 955138K->868727K(1227008K), 0.0771444 secs]
656671.396: [GC [PSYoungGen: 116968K->24616K(123008K)] 960695K->874563K(1233024K), 0.0737659 secs]
656694.709: [GC [PSYoungGen: 115940K->24112K(114816K)] 965888K->879863K(1224832K), 0.0709875 secs]
656715.905: [GC [PSYoungGen: 114799K->24144K(120128K)] 970551K->885627K(1230144K), 0.0774429 secs]
656737.878: [GC [PSYoungGen: 114192K->23592K(113088K)] 975675K->889991K(1223104K), 0.0738347 secs]
656763.835: [GC [PSYoungGen: 113060K->23528K(119744K)] 979460K->894935K(1229760K), 0.0653590 secs]
656787.316: [GC [PSYoungGen: 112424K->28000K(116352K)] 983831K->899408K(1226368K), 0.0739850 secs]
656811.577: [GC [PSYoungGen: 116304K->27888K(118848K)] 987712K->900512K(1228864K), 0.0735178 secs]
656837.892: [GC [PSYoungGen: 115625K->29408K(118848K)] 988249K->902032K(1228864K), 0.0804750 secs]
656863.553: [GC [PSYoungGen: 116576K->29800K(119232K)] 989200K->902424K(1229248K), 0.0766604 secs]
656891.515: [GC [PSYoungGen: 116392K->29656K(119552K)] 989016K->902280K(1229568K), 0.0740045 secs]
656920.999: [GC [PSYoungGen: 115672K->30248K(119680K)] 988296K->902872K(1229696K), 0.0720221 secs]
656955.174: [GC [PSYoungGen: 115688K->29560K(114432K)] 988312K->902184K(1224448K), 0.0642458 secs]
656998.502: [GC [PSYoungGen: 114424K->28312K(119552K)] 987048K->900936K(1229568K), 0.0651922 secs]
657046.447: [GC [PSYoungGen: 112660K->28128K(112000K)] 985284K->900752K(1222016K), 0.0597979 secs]
657110.483: [GC [PSYoungGen: 111968K->27448K(115776K)] 984592K->900072K(1225792K), 0.0574904 secs]
657185.458: [GC [PSYoungGen: 110776K->26904K(109760K)] 983400K->899528K(1219776K), 0.0655507 secs]
657266.191: [GC [PSYoungGen: 109720K->25584K(115584K)] 982344K->898208K(1225600K), 0.0523605 secs]
657392.506: [GC [PSYoungGen: 107888K->26040K(107840K)] 980511K->898664K(1217856K), 0.0547954 secs]
657925.099: [GC [PSYoungGen: 107832K->19536K(113792K)] 980456K->892160K(1223808K), 0.0271008 secs]
658179.346: [GC [PSYoungGen: 100816K->17864K(113920K)] 973440K->891256K(1223936K), 0.0232163 secs]
658792.377: [GC [PSYoungGen: 98632K->19416K(114176K)] 972024K->893332K(1224192K), 0.0327915 secs]
659339.293: [GC [PSYoungGen: 99672K->18152K(97920K)] 973588K->892564K(1207936K), 0.0267807 secs]
659843.467: [GC [PSYoungGen: 97896K->15800K(113536K)] 972308K->891236K(1223552K), 0.0219225 secs]
660195.348: [GC [PSYoungGen: 95096K->14136K(92992K)] 970532K->891036K(1203008K), 0.0220556 secs]
660526.723: [GC [PSYoungGen: 92984K->13888K(113472K)] 969884K->891200K(1223488K), 0.0224845 secs]
660850.618: [GC [PSYoungGen: 92288K->11968K(89984K)] 969600K->891124K(1200000K), 0.0215760 secs]
661230.983: [GC [PSYoungGen: 89920K->10752K(112960K)] 969076K->891628K(1222976K), 0.0222860 secs]
661590.478: [GC [PSYoungGen: 88256K->9824K(86912K)] 969132K->891764K(1196928K), 0.0215095 secs]
661780.906: [GC [PSYoungGen: 86880K->7744K(112320K)] 968820K->891400K(1222336K), 0.0301610 secs]
661952.739: [GC [PSYoungGen: 84352K->7232K(112000K)] 968008K->891560K(1222016K), 0.0281477 secs]
662165.483: [GC [PSYoungGen: 83392K->6344K(109440K)] 967720K->891788K(1219456K), 0.0254622 secs]
662488.686: [GC [PSYoungGen: 82056K->5912K(110848K)] 967500K->891961K(1220864K), 0.0246384 secs]
662957.248: [GC [PSYoungGen: 81176K->4392K(107968K)] 967225K->892901K(1217984K), 0.0382203 secs]
663294.049: [GC [PSYoungGen: 79208K->3168K(77568K)] 967717K->892190K(1187584K), 0.0307589 secs]
663490.905: [GC [PSYoungGen: 77536K->2880K(108416K)] 966558K->891970K(1218432K), 0.0221231 secs]
663609.522: [GC [PSYoungGen: 76864K->2616K(76224K)] 965954K->891714K(1186240K), 0.0261532 secs]
663715.296: [GC [PSYoungGen: 76216K->2592K(104320K)] 965314K->891716K(1214336K), 0.0221058 secs]
663851.278: [GC [PSYoungGen: 75808K->2528K(75392K)] 964932K->891695K(1185408K), 0.0290972 secs]
664351.617: [GC [PSYoungGen: 75360K->2352K(99648K)] 964527K->891604K(1209664K), 0.0224223 secs]
665008.576: [GC [PSYoungGen: 74800K->2608K(74688K)] 964052K->891923K(1184704K), 0.0207611 secs]
665673.867: [GC [PSYoungGen: 74672K->2688K(98624K)] 963987K->892061K(1208640K), 0.0192662 secs]
666320.516: [GC [PSYoungGen: 74368K->2416K(73728K)] 963741K->891839K(1183744K), 0.0225173 secs]
666971.007: [GC [PSYoungGen: 73712K->2192K(95424K)] 963135K->891667K(1205440K), 0.0300302 secs]
667598.595: [GC [PSYoungGen: 73104K->1760K(72320K)] 962579K->891243K(1182336K), 0.0221249 secs]
668228.168: [GC [PSYoungGen: 72288K->2048K(90304K)] 961771K->891539K(1200320K), 0.0198937 secs]
668867.752: [GC [PSYoungGen: 72192K->1824K(71616K)] 961683K->891335K(1181632K), 0.0252334 secs]
669491.057: [GC [PSYoungGen: 71584K->1888K(89280K)] 961095K->891435K(1199296K), 0.0304601 secs]
670110.319: [GC [PSYoungGen: 71264K->1744K(70784K)] 960811K->891315K(1180800K), 0.0294319 secs]
670550.444: [GC [PSYoungGen: 70736K->2929K(86336K)] 960307K->892572K(1196352K), 0.0277502 secs]
671167.092: [GC [PSYoungGen: 71537K->1728K(70080K)] 961180K->891454K(1180096K), 0.0242012 secs]
671777.870: [GC [PSYoungGen: 70016K->1600K(83456K)] 959742K->891363K(1193472K), 0.0269554 secs]
672391.107: [GC [PSYoungGen: 69568K->1456K(69120K)] 959331K->891349K(1179136K), 0.0301087 secs]
673001.124: [GC [PSYoungGen: 69104K->1312K(81024K)] 958997K->891297K(1191040K), 0.0231091 secs]
673616.127: [GC [PSYoungGen: 68640K->1344K(68416K)] 958625K->891365K(1178432K), 0.0306986 secs]
674221.136: [GC [PSYoungGen: 68352K->1664K(78784K)] 958373K->891693K(1188800K), 0.0299529 secs]
674606.147: [GC [PSYoungGen: 68352K->3368K(69760K)] 958381K->893401K(1179776K), 0.0363203 secs]
675031.156: [GC [PSYoungGen: 69736K->3576K(76416K)] 959769K->893613K(1186432K), 0.0382940 secs]
675448.656: [GC [PSYoungGen: 69624K->3616K(69376K)] 959661K->893657K(1179392K), 0.0377466 secs]
675882.911: [GC [PSYoungGen: 69344K->3312K(74368K)] 959385K->893365K(1184384K), 0.0332943 secs]
676311.176: [GC [PSYoungGen: 68720K->3344K(75328K)] 958773K->893405K(1185344K), 0.0356360 secs]
676724.374: [GC [PSYoungGen: 68432K->3488K(72320K)] 958493K->893553K(1182336K), 0.0298593 secs]
677151.966: [GC [PSYoungGen: 68256K->3488K(67968K)] 958321K->893557K(1177984K), 0.0278407 secs]
677571.207: [GC [PSYoungGen: 67936K->3296K(72768K)] 958005K->893369K(1182784K), 0.0349703 secs]
677881.207: [GC [PSYoungGen: 67424K->3456K(67328K)] 957497K->893593K(1177344K), 0.0382923 secs]
678215.828: [GC [PSYoungGen: 67264K->4384K(71168K)] 957401K->894525K(1181184K), 0.0387440 secs]
678524.326: [GC [PSYoungGen: 67872K->4192K(70848K)] 958013K->894337K(1180864K), 0.0296883 secs]
678835.927: [GC [PSYoungGen: 67360K->4112K(68352K)] 957505K->894261K(1178368K), 0.0309514 secs]
679170.652: [GC [PSYoungGen: 66960K->4001K(69888K)] 957109K->894155K(1179904K), 0.0332422 secs]
679464.690: [GC [PSYoungGen: 66529K->3120K(69376K)] 956683K->893281K(1179392K), 0.0322984 secs]
679779.527: [GC [PSYoungGen: 65328K->3584K(65600K)] 955489K->893757K(1175616K), 0.0382054 secs]
680170.219: [GC [PSYoungGen: 65536K->3200K(68288K)] 955709K->893459K(1178304K), 0.0327168 secs]
680571.495: [GC [PSYoungGen: 64896K->3328K(64832K)] 955155K->893591K(1174848K), 0.0303799 secs]
680967.846: [GC [PSYoungGen: 64768K->3392K(67264K)] 955031K->893659K(1177280K), 0.0256029 secs]
681371.277: [GC [PSYoungGen: 64576K->3136K(66752K)] 954843K->893407K(1176768K), 0.0367971 secs]
681773.085: [GC [PSYoungGen: 64064K->3328K(64320K)] 954335K->893607K(1174336K), 0.0379804 secs]
682181.286: [GC [PSYoungGen: 64000K->3160K(65856K)] 954279K->893443K(1175872K), 0.0350494 secs]
682575.712: [GC [PSYoungGen: 63576K->3376K(65472K)] 953859K->893663K(1175488K), 0.0288316 secs]
682966.536: [GC [PSYoungGen: 63536K->3552K(65024K)] 953823K->893843K(1175040K), 0.0258304 secs]
683362.313: [GC [PSYoungGen: 63456K->3312K(64640K)] 953747K->893619K(1174656K), 0.0281526 secs]
683747.666: [GC [PSYoungGen: 62960K->3136K(62592K)] 953267K->893471K(1172608K), 0.0277970 secs]
684138.964: [GC [PSYoungGen: 62528K->3152K(63744K)] 952863K->893495K(1173760K), 0.0280864 secs]
684631.336: [GC [PSYoungGen: 62288K->1864K(60800K)] 952631K->892211K(1170816K), 0.0315849 secs]
685176.588: [GC [PSYoungGen: 60744K->1264K(63424K)] 951091K->891647K(1173440K), 0.0271383 secs]
685713.717: [GC [PSYoungGen: 59888K->1456K(59840K)] 950271K->891885K(1169856K), 0.0177587 secs]
686252.408: [GC [PSYoungGen: 59824K->1456K(63168K)] 950253K->891889K(1173184K), 0.0161105 secs]
686787.318: [GC [PSYoungGen: 59561K->1344K(62912K)] 949995K->891781K(1172928K), 0.0255279 secs]
687328.411: [GC [PSYoungGen: 59200K->1600K(60608K)] 949637K->892045K(1170624K), 0.0256374 secs]
687851.397: [GC [PSYoungGen: 59200K->1488K(62336K)] 949645K->891937K(1172352K), 0.0372817 secs]
688376.517: [GC [PSYoungGen: 58832K->1664K(62016K)] 949281K->892121K(1172032K), 0.0276313 secs]
688902.868: [GC [PSYoungGen: 58752K->1584K(61632K)] 949209K->892045K(1171648K), 0.0163191 secs]
689436.869: [GC [PSYoungGen: 58416K->1536K(61248K)] 948877K->892001K(1171264K), 0.0253797 secs]
689947.068: [GC [PSYoungGen: 58112K->1632K(57984K)] 948577K->892101K(1168000K), 0.0281627 secs]
690459.736: [GC [PSYoungGen: 57952K->1584K(60480K)] 948421K->892057K(1170496K), 0.0183931 secs]
690970.328: [GC [PSYoungGen: 57648K->2192K(60096K)] 948121K->892669K(1170112K), 0.0260539 secs]
691496.457: [GC [PSYoungGen: 58000K->2256K(59648K)] 948477K->892761K(1169664K), 0.0281069 secs]
692006.466: [GC [PSYoungGen: 57808K->2080K(57472K)] 948313K->892597K(1167488K), 0.0295934 secs]
692514.586: [GC [PSYoungGen: 57440K->1808K(58944K)] 947957K->892382K(1168960K), 0.0188558 secs]
693031.789: [GC [PSYoungGen: 56976K->1552K(58624K)] 947550K->892141K(1168640K), 0.0253212 secs]
693536.659: [GC [PSYoungGen: 56528K->1552K(58368K)] 947117K->892173K(1168384K), 0.0255595 secs]
694041.528: [GC [PSYoungGen: 56336K->1456K(58112K)] 946957K->892098K(1168128K), 0.0162777 secs]
694553.866: [GC [PSYoungGen: 56048K->1648K(57856K)] 946690K->892302K(1167872K), 0.0184767 secs]
695051.527: [GC [PSYoungGen: 56048K->1520K(55744K)] 946702K->892198K(1165760K), 0.0297854 secs]
695438.766: [GC [PSYoungGen: 55728K->1920K(57216K)] 946406K->892618K(1167232K), 0.0203073 secs]
695888.216: [GC [PSYoungGen: 55936K->2672K(56512K)] 946634K->893434K(1166528K), 0.0205541 secs]
696381.546: [GC [PSYoungGen: 56496K->1968K(56960K)] 947258K->892766K(1166976K), 0.0281795 secs]
696868.556: [GC [PSYoungGen: 55600K->1952K(56640K)] 946398K->892778K(1166656K), 0.0186066 secs]
697376.872: [GC [PSYoungGen: 55392K->1632K(56320K)] 946218K->892474K(1166336K), 0.0229048 secs]
697858.936: [GC [PSYoungGen: 54880K->1376K(54464K)] 945722K->892238K(1164480K), 0.0199309 secs]
698359.456: [GC [PSYoungGen: 54432K->1664K(55488K)] 945294K->892582K(1165504K), 0.0177258 secs]
698841.597: [GC [PSYoungGen: 54528K->1536K(55616K)] 945446K->892474K(1165632K), 0.0274999 secs]
699321.862: [GC [PSYoungGen: 54208K->1696K(55360K)] 945146K->892646K(1165376K), 0.0226714 secs]
699817.159: [GC [PSYoungGen: 54176K->1496K(55104K)] 945126K->892457K(1165120K), 0.0162017 secs]
700300.570: [GC [PSYoungGen: 53784K->1264K(54848K)] 944745K->892290K(1164864K), 0.0247089 secs]
700790.796: [GC [PSYoungGen: 53360K->1536K(53504K)] 944386K->892602K(1163520K), 0.0298858 secs]
701260.918: [GC [PSYoungGen: 53440K->1624K(53568K)] 944506K->892705K(1163584K), 0.0163955 secs]
701751.646: [GC [PSYoungGen: 53336K->1856K(54080K)] 944417K->892962K(1164096K), 0.0191658 secs]
702221.256: [GC [PSYoungGen: 53376K->1904K(53888K)] 944482K->893026K(1163904K), 0.0186536 secs]
702708.019: [GC [PSYoungGen: 53232K->1528K(53696K)] 944354K->892768K(1163712K), 0.0260227 secs]
703182.836: [GC [PSYoungGen: 52664K->1472K(53440K)] 943904K->892772K(1163456K), 0.0181783 secs]
703663.659: [GC [PSYoungGen: 52416K->1216K(53248K)] 943716K->892520K(1163264K), 0.0255255 secs]
704126.696: [GC [PSYoungGen: 51968K->1664K(53056K)] 943272K->892976K(1163072K), 0.0274268 secs]
704601.706: [GC [PSYoungGen: 52224K->1760K(52160K)] 943536K->893076K(1162176K), 0.0310375 secs]
705058.019: [GC [PSYoungGen: 52128K->1080K(51264K)] 943444K->893072K(1161280K), 0.0252725 secs]
705528.147: [GC [PSYoungGen: 51256K->1400K(52352K)] 943248K->893437K(1162368K), 0.0281410 secs]
705991.727: [GC [PSYoungGen: 51384K->1144K(52096K)] 943421K->893181K(1162112K), 0.0281493 secs]
706458.972: [GC [PSYoungGen: 50936K->1160K(51968K)] 942973K->893209K(1161984K), 0.0219674 secs]
706919.613: [GC [PSYoungGen: 50760K->976K(51776K)] 942809K->893029K(1161792K), 0.0215437 secs]
707389.888: [GC [PSYoungGen: 50383K->840K(51584K)] 942436K->892900K(1161600K), 0.0167482 secs]
707858.616: [GC [PSYoungGen: 50056K->1032K(51392K)] 942116K->893121K(1161408K), 0.0282728 secs]
708309.438: [GC [PSYoungGen: 50056K->936K(51200K)] 942145K->893044K(1161216K), 0.0163299 secs]
708771.779: [GC [PSYoungGen: 49768K->1160K(51008K)] 941876K->893277K(1161024K), 0.0253077 secs]
709219.896: [GC [PSYoungGen: 49800K->1240K(49728K)] 941917K->893361K(1159744K), 0.0200968 secs]
709677.098: [GC [PSYoungGen: 49688K->1336K(49600K)] 941809K->893461K(1159616K), 0.0163422 secs]
710136.498: [GC [PSYoungGen: 49592K->1112K(50176K)] 941717K->893252K(1160192K), 0.0165392 secs]
710576.816: [GC [PSYoungGen: 49176K->1016K(49920K)] 941316K->893165K(1159936K), 0.0186794 secs]
711026.816: [GC [PSYoungGen: 48888K->1064K(49728K)] 941037K->893217K(1159744K), 0.0275556 secs]
711478.076: [GC [PSYoungGen: 48744K->1112K(49536K)] 940897K->893269K(1159552K), 0.0280742 secs]
711918.956: [GC [PSYoungGen: 48664K->1152K(49408K)] 940821K->893389K(1159424K), 0.0184099 secs]
712371.847: [GC [PSYoungGen: 48576K->1040K(49216K)] 940813K->893289K(1159232K), 0.0277229 secs]
712810.968: [GC [PSYoungGen: 48336K->832K(49024K)] 940585K->893084K(1159040K), 0.0163631 secs]
713251.866: [GC [PSYoungGen: 48000K->1200K(48896K)] 940252K->893457K(1158912K), 0.0183446 secs]
713696.637: [GC [PSYoungGen: 48240K->1360K(48704K)] 940497K->893621K(1158720K), 0.0174973 secs]
714137.306: [GC [PSYoungGen: 48272K->1200K(48640K)] 940533K->893465K(1158656K), 0.0285939 secs]
714577.928: [GC [PSYoungGen: 47984K->1104K(48448K)] 940249K->893373K(1158464K), 0.0263149 secs]
715016.896: [GC [PSYoungGen: 47760K->1408K(48256K)] 940029K->893685K(1158272K), 0.0279877 secs]
715455.718: [GC [PSYoungGen: 47936K->1592K(48000K)] 940213K->893873K(1158016K), 0.0167867 secs]
715886.906: [GC [PSYoungGen: 47992K->1344K(48128K)] 940273K->893629K(1158144K), 0.0277711 secs]
716326.056: [GC [PSYoungGen: 47616K->1520K(48000K)] 939901K->893809K(1158016K), 0.0178226 secs]
716765.597: [GC [PSYoungGen: 47664K->1360K(47872K)] 939953K->893653K(1157888K), 0.0173486 secs]
717187.936: [GC [PSYoungGen: 47376K->1360K(47744K)] 939669K->893657K(1157760K), 0.0282885 secs]
717626.946: [GC [PSYoungGen: 47248K->1408K(47552K)] 939545K->893717K(1157568K), 0.0186495 secs]
718062.016: [GC [PSYoungGen: 47168K->1248K(47424K)] 939477K->893569K(1157440K), 0.0284036 secs]
718497.258: [GC [PSYoungGen: 46880K->1168K(47296K)] 939201K->893509K(1157312K), 0.0264190 secs]
718917.197: [GC [PSYoungGen: 46672K->1568K(47104K)] 939013K->893925K(1157120K), 0.0272830 secs]
719345.092: [GC [PSYoungGen: 46944K->1344K(47040K)] 939301K->893717K(1157056K), 0.0216723 secs]
719776.658: [GC [PSYoungGen: 46592K->1312K(46912K)] 938965K->893717K(1156928K), 0.0162824 secs]
720203.389: [GC [PSYoungGen: 46432K->1664K(46720K)] 938837K->894080K(1156736K), 0.0253430 secs]
720618.126: [GC [PSYoungGen: 46656K->1520K(46720K)] 939072K->893941K(1156736K), 0.0186545 secs]
721045.066: [GC [PSYoungGen: 46384K->1408K(46592K)] 938805K->893833K(1156608K), 0.0183050 secs]
721472.017: [GC [PSYoungGen: 46144K->1264K(46400K)] 938569K->893717K(1156416K), 0.0277777 secs]
721898.237: [GC [PSYoungGen: 45868K->1408K(46272K)] 938321K->893872K(1156288K), 0.0170418 secs]
722306.939: [GC [PSYoungGen: 45888K->1632K(46016K)] 938352K->894108K(1156032K), 0.0255264 secs]
722732.036: [GC [PSYoungGen: 45984K->1424K(46080K)] 938460K->893929K(1156096K), 0.0185467 secs]
723152.046: [GC [PSYoungGen: 45648K->1376K(45888K)] 938153K->893893K(1155904K), 0.0277143 secs]
