604969.901: [Full GC [PSYoungGen: 1456K->0K(42368K)] [PSOldGen: 1365671K->139476K(1366016K)] 1367127K->139476K(1408384K) [PSPermGen: 68473K->68473K(131072K)], 1.4667180 secs]
615687.290: [Full GC [PSYoungGen: 12240K->0K(95360K)] [PSOldGen: 1357697K->1111284K(1366016K)] 1369938K->1111284K(1461376K) [PSPermGen: 68579K->68579K(131072K)], 5.6766105 secs]
616117.755: [Full GC [PSYoungGen: 16616K->0K(136704K)] [PSOldGen: 1356157K->304033K(1366016K)] 1372773K->304033K(1502720K) [PSPermGen: 68590K->67431K(131072K)], 2.9666706 secs]
617808.660: [Full GC [PSYoungGen: 12344K->0K(96192K)] [PSOldGen: 1356677K->1013081K(1366016K)] 1369021K->1013081K(1462208K) [PSPermGen: 67455K->67455K(131072K)], 5.2793560 secs]
618347.950: [Full GC [PSYoungGen: 11288K->0K(87168K)] [PSOldGen: 1359165K->389832K(1366016K)] 1370453K->389832K(1453184K) [PSPermGen: 67465K->67465K(129024K)], 3.0324398 secs]
619789.720: [Full GC [PSYoungGen: 8216K->0K(62784K)] [PSOldGen: 1359690K->880119K(1366016K)] 1367906K->880119K(1428800K) [PSPermGen: 67474K->67474K(120832K)], 4.9084308 secs]
620504.288: [Full GC [PSYoungGen: 7192K->0K(54592K)] [PSOldGen: 1360233K->459418K(1366016K)] 1367426K->459418K(1420608K) [PSPermGen: 67484K->67445K(114688K)], 3.4501505 secs]
621854.147: [Full GC [PSYoungGen: 6040K->0K(45056K)] [PSOldGen: 1360872K->819514K(1366016K)] 1366912K->819514K(1411072K) [PSPermGen: 67455K->67455K(108544K)], 4.6326904 secs]
622795.473: [Full GC [PSYoungGen: 12680K->0K(106688K)] [PSOldGen: 1347495K->552145K(1366016K)] 1360175K->552145K(1472704K) [PSPermGen: 67467K->67467K(104448K)], 3.5639504 secs]
624046.209: [Full GC [PSYoungGen: 10544K->0K(81280K)] [PSOldGen: 1362040K->773408K(1366016K)] 1372584K->773408K(1447296K) [PSPermGen: 67477K->67477K(98304K)], 4.4681418 secs]
624932.998: [Full GC [PSYoungGen: 8424K->0K(65728K)] [PSOldGen: 1363439K->549270K(1327104K)] 1371864K->549270K(1392832K) [PSPermGen: 67487K->67448K(94208K)], 3.8350835 secs]
626087.150: [Full GC [PSYoungGen: 9400K->0K(72000K)] [PSOldGen: 1321210K->718256K(1366016K)] 1330610K->718256K(1438016K) [PSPermGen: 67459K->67459K(90112K)], 4.2762031 secs]
627049.367: [Full GC [PSYoungGen: 8448K->0K(64704K)] [PSOldGen: 1361462K->616535K(1357824K)] 1369910K->616535K(1422528K) [PSPermGen: 67469K->67469K(88064K)], 3.9159487 secs]
628702.013: [Full GC [PSYoungGen: 18936K->0K(91584K)] [PSOldGen: 1349836K->745689K(1366016K)] 1368772K->745689K(1457600K) [PSPermGen: 67479K->67479K(83968K)], 4.1940844 secs]
629617.219: [Full GC [PSYoungGen: 7680K->0K(62400K)] [PSOldGen: 1359858K->568961K(1277952K)] 1367538K->568961K(1340352K) [PSPermGen: 67488K->67449K(81920K)], 3.9090474 secs]
630664.757: [Full GC [PSYoungGen: 6912K->0K(53696K)] [PSOldGen: 1272883K->654978K(1331200K)] 1279795K->654978K(1384896K) [PSPermGen: 67459K->67459K(79872K)], 4.0297459 secs]
631667.531: [Full GC [PSYoungGen: 9376K->0K(85184K)] [PSOldGen: 1329348K->639137K(1337344K)] 1338724K->639137K(1422528K) [PSPermGen: 67469K->67469K(77824K)], 3.9774317 secs]
633192.242: [Full GC [PSYoungGen: 10256K->0K(99776K)] [PSOldGen: 1322944K->694870K(1366016K)] 1333200K->694870K(1465792K) [PSPermGen: 67478K->67478K(75776K)], 4.1493111 secs]
634192.429: [Full GC [PSYoungGen: 9000K->0K(81856K)] [PSOldGen: 1359316K->609249K(1300480K)] 1368316K->609249K(1382336K) [PSPermGen: 67488K->67449K(75776K)], 4.0941321 secs]
635511.089: [Full GC [PSYoungGen: 10104K->0K(86592K)] [PSOldGen: 1294616K->681777K(1345536K)] 1304720K->681777K(1432128K) [PSPermGen: 67461K->67461K(73728K)], 4.0384739 secs]
636500.076: [Full GC [PSYoungGen: 10560K->0K(82432K)] [PSOldGen: 1341159K->631161K(1312768K)] 1351719K->631161K(1395200K) [PSPermGen: 67471K->67471K(73728K)], 4.0743021 secs]
637952.696: [Full GC [PSYoungGen: 20880K->0K(97728K)] [PSOldGen: 1308030K->709883K(1361920K)] 1328910K->709883K(1459648K) [PSPermGen: 67484K->67484K(71680K)], 4.0656519 secs]
638964.799: [Full GC [PSYoungGen: 10288K->0K(86144K)] [PSOldGen: 1356201K->620847K(1294336K)] 1366489K->620847K(1380480K) [PSPermGen: 67494K->67453K(71680K)], 4.0791904 secs]
640399.461: [Full GC [PSYoungGen: 21416K->0K(98944K)] [PSOldGen: 1286373K->691687K(1335296K)] 1307790K->691687K(1434240K) [PSPermGen: 67463K->67463K(71680K)], 4.0395840 secs]
641400.008: [Full GC [PSYoungGen: 10296K->0K(85952K)] [PSOldGen: 1334561K->634940K(1300480K)] 1344858K->634940K(1386432K) [PSPermGen: 67473K->67473K(71680K)], 4.0047274 secs]
642814.430: [Full GC [PSYoungGen: 17448K->0K(94592K)] [PSOldGen: 1295466K->697268K(1333248K)] 1312914K->697268K(1427840K) [PSPermGen: 67482K->67482K(69632K)], 3.9900330 secs]
643766.259: [Full GC [PSYoungGen: 9288K->0K(84160K)] [PSOldGen: 1329505K->585511K(1243136K)] 1338793K->585511K(1327296K) [PSPermGen: 67492K->67453K(69632K)], 3.9771617 secs]
645133.607: [Full GC [PSYoungGen: 21232K->0K(99136K)] [PSOldGen: 1234448K->670212K(1298432K)] 1255680K->670212K(1397568K) [PSPermGen: 67463K->67463K(69632K)], 3.9836940 secs]
646125.521: [Full GC [PSYoungGen: 10416K->0K(85824K)] [PSOldGen: 1297266K->627356K(1273856K)] 1307682K->627356K(1359680K) [PSPermGen: 67473K->67473K(69632K)], 4.0262697 secs]
647358.022: [Full GC [PSYoungGen: 11296K->0K(99584K)] [PSOldGen: 1269673K->652653K(1275904K)] 1280969K->652653K(1375488K) [PSPermGen: 67482K->67482K(69632K)], 3.9345731 secs]
648283.320: [Full GC [PSYoungGen: 7856K->0K(63936K)] [PSOldGen: 1267508K->569670K(1159168K)] 1275365K->569670K(1223104K) [PSPermGen: 67492K->67453K(69632K)], 3.8993073 secs]
649249.566: [Full GC [PSYoungGen: 4376K->0K(47680K)] [PSOldGen: 1154040K->557041K(1118208K)] 1158416K->557041K(1165888K) [PSPermGen: 67463K->67463K(69632K)], 3.4979959 secs]
650459.677: [Full GC [PSYoungGen: 3624K->0K(37824K)] [PSOldGen: 1114893K->530901K(1064960K)] 1118518K->530901K(1102784K) [PSPermGen: 67483K->67483K(69632K)], 3.3037429 secs]
651694.086: [Full GC [PSYoungGen: 4472K->0K(32576K)] [PSOldGen: 1063720K->505893K(1013760K)] 1068192K->505893K(1046336K) [PSPermGen: 67493K->67493K(69632K)], 3.1791890 secs]
653116.557: [Full GC [PSYoungGen: 3728K->0K(29504K)] [PSOldGen: 1012062K->474380K(958464K)] 1015790K->474380K(987968K) [PSPermGen: 67502K->67463K(69632K)], 3.0888199 secs]
654269.701: [Full GC [PSYoungGen: 9952K->0K(79104K)] [PSOldGen: 954475K->466185K(978944K)] 964428K->466185K(1058048K) [PSPermGen: 67473K->67473K(69632K)], 3.1576831 secs]
655124.634: [Full GC [PSYoungGen: 13896K->0K(118528K)] [PSOldGen: 971030K->525453K(1073152K)] 984927K->525453K(1191680K) [PSPermGen: 67483K->67483K(69632K)], 3.3905305 secs]
655976.018: [Full GC [PSYoungGen: 17096K->0K(150848K)] [PSOldGen: 1062600K->546107K(1110016K)] 1079697K->546107K(1260864K) [PSPermGen: 67493K->67493K(69632K)], 3.5164825 secs]
